[0.017s][info][gc,init] Initializing The Z Garbage Collector
[0.017s][info][gc,init] Version: 20+36-2344 (release)
[0.017s][info][gc,init] NUMA Support: Disabled
[0.017s][info][gc,init] CPUs: 48 total, 48 available
[0.017s][info][gc,init] Memory: 391843M
[0.017s][info][gc,init] Large Page Support: Disabled
[0.017s][info][gc,init] GC Workers: 12 (dynamic)
[0.019s][info][gc,init] Address Space Type: Contiguous/Unrestricted/Complete
[0.019s][info][gc,init] Address Space Size: 32768M x 3 = 98304M
[0.019s][info][gc,init] Min Capacity: 8M
[0.019s][info][gc,init] Initial Capacity: 2048M
[0.027s][info][gc,init] Max Capacity: 2048M
[0.027s][info][gc,init] Medium Page Size: 32M
[0.027s][info][gc,init] Pre-touch: Disabled
[0.027s][info][gc,init] Uncommit: Enabled
[0.027s][info][gc,init] Uncommit Delay: 300s
[0.101s][info][gc,init] Runtime Workers: 20
[0.103s][info][gc     ] Using The Z Garbage Collector
[0.104s][info][gc,metaspace] CDS archive(s) mapped at: [0x0000000800000000-0x0000000800c60000-0x0000000800c60000), size 12976128, SharedBaseAddress: 0x0000000800000000, ArchiveRelocationMode: 0.
[0.104s][info][gc,metaspace] Compressed class space mapped at: 0x0000000801000000-0x0000000841000000, reserved size: 1073741824
[0.104s][info][gc,metaspace] Narrow klass base: 0x0000000800000000, Narrow klass shift: 0, Narrow klass range: 0x100000000
[1.285s][info][gc,start    ] GC(0) Garbage Collection (System.gc())
[1.285s][info][gc,task     ] GC(0) Using 12 workers
[1.285s][info][gc,phases   ] GC(0) Pause Mark Start 0.017ms
[1.306s][info][gc,phases   ] GC(0) Concurrent Mark 21.087ms
[1.307s][info][gc,phases   ] GC(0) Pause Mark End 0.031ms
[1.307s][info][gc,phases   ] GC(0) Concurrent Mark Free 0.001ms
[1.308s][info][gc,phases   ] GC(0) Concurrent Process Non-Strong References 1.055ms
[1.308s][info][gc,phases   ] GC(0) Concurrent Reset Relocation Set 0.001ms
[1.322s][info][gc,phases   ] GC(0) Concurrent Select Relocation Set 14.014ms
[1.322s][info][gc,phases   ] GC(0) Pause Relocate Start 0.008ms
[1.325s][info][gc,phases   ] GC(0) Concurrent Relocate 3.410ms
[1.325s][info][gc,load     ] GC(0) Load: 0.00/0.00/0.00
[1.325s][info][gc,mmu      ] GC(0) MMU: 2ms/98.5%, 5ms/99.4%, 10ms/99.7%, 20ms/99.8%, 50ms/99.9%, 100ms/99.9%
[1.326s][info][gc,marking  ] GC(0) Mark: 8 stripe(s), 1 proactive flush(es), 1 terminate flush(es), 0 completion(s), 0 continuation(s) 
[1.326s][info][gc,marking  ] GC(0) Mark Stack Usage: 32M
[1.326s][info][gc,nmethod  ] GC(0) NMethods: 1066 registered, 117 unregistered
[1.326s][info][gc,metaspace] GC(0) Metaspace: 8M used, 8M committed, 1088M reserved
[1.326s][info][gc,ref      ] GC(0) Soft: 164 encountered, 0 discovered, 0 enqueued
[1.326s][info][gc,ref      ] GC(0) Weak: 749 encountered, 426 discovered, 256 enqueued
[1.326s][info][gc,ref      ] GC(0) Final: 0 encountered, 0 discovered, 0 enqueued
[1.326s][info][gc,ref      ] GC(0) Phantom: 209 encountered, 198 discovered, 188 enqueued
[1.326s][info][gc,reloc    ] GC(0) Small Pages: 13 / 26M, Empty: 0M, Relocated: 3M, In-Place: 0
[1.326s][info][gc,reloc    ] GC(0) Medium Pages: 0 / 0M, Empty: 0M, Relocated: 0M, In-Place: 0
[1.326s][info][gc,reloc    ] GC(0) Large Pages: 0 / 0M, Empty: 0M, Relocated: 0M, In-Place: 0
[1.326s][info][gc,reloc    ] GC(0) Forwarding Usage: 1M
[1.326s][info][gc,heap     ] GC(0) Min Capacity: 8M(0%)
[1.326s][info][gc,heap     ] GC(0) Max Capacity: 2048M(100%)
[1.326s][info][gc,heap     ] GC(0) Soft Max Capacity: 2048M(100%)
[1.326s][info][gc,heap     ] GC(0)                Mark Start          Mark End        Relocate Start      Relocate End           High               Low         
[1.326s][info][gc,heap     ] GC(0)  Capacity:     2048M (100%)       2048M (100%)       2048M (100%)       2048M (100%)       2048M (100%)       2048M (100%)   
[1.326s][info][gc,heap     ] GC(0)      Free:     2022M (99%)        2022M (99%)        2020M (99%)        2020M (99%)        2022M (99%)        1996M (97%)    
[1.326s][info][gc,heap     ] GC(0)      Used:       26M (1%)           26M (1%)           28M (1%)           28M (1%)           52M (3%)           26M (1%)     
[1.326s][info][gc,heap     ] GC(0)      Live:         -                 4M (0%)            4M (0%)            4M (0%)             -                  -          
[1.326s][info][gc,heap     ] GC(0) Allocated:         -                 0M (0%)            2M (0%)            2M (0%)             -                  -          
[1.326s][info][gc,heap     ] GC(0)   Garbage:         -                21M (1%)           21M (1%)           21M (1%)             -                  -          
[1.326s][info][gc,heap     ] GC(0) Reclaimed:         -                  -                 0M (0%)            0M (0%)             -                  -          
[1.326s][info][gc          ] GC(0) Garbage Collection (System.gc()) 26M(1%)->28M(1%)
[2.525s][info][gc,start    ] GC(1) Garbage Collection (Warmup)
[2.525s][info][gc,task     ] GC(1) Using 12 workers
[2.525s][info][gc,phases   ] GC(1) Pause Mark Start 0.010ms
[2.539s][info][gc,phases   ] GC(1) Concurrent Mark 13.194ms
[2.539s][info][gc,phases   ] GC(1) Pause Mark End 0.019ms
[2.539s][info][gc,phases   ] GC(1) Concurrent Mark Free 0.001ms
[2.553s][info][gc,phases   ] GC(1) Concurrent Process Non-Strong References 13.759ms
[2.553s][info][gc,phases   ] GC(1) Concurrent Reset Relocation Set 0.003ms
[2.561s][info][gc,phases   ] GC(1) Concurrent Select Relocation Set 7.765ms
[2.561s][info][gc,phases   ] GC(1) Pause Relocate Start 0.020ms
[2.565s][info][gc,phases   ] GC(1) Concurrent Relocate 3.440ms
[2.565s][info][gc,load     ] GC(1) Load: 0.00/0.00/0.00
[2.565s][info][gc,mmu      ] GC(1) MMU: 2ms/98.5%, 5ms/99.4%, 10ms/99.7%, 20ms/99.8%, 50ms/99.9%, 100ms/99.9%
[2.565s][info][gc,marking  ] GC(1) Mark: 8 stripe(s), 3 proactive flush(es), 1 terminate flush(es), 0 completion(s), 0 continuation(s) 
[2.565s][info][gc,marking  ] GC(1) Mark Stack Usage: 32M
[2.565s][info][gc,nmethod  ] GC(1) NMethods: 2115 registered, 303 unregistered
[2.565s][info][gc,metaspace] GC(1) Metaspace: 13M used, 14M committed, 1088M reserved
[2.565s][info][gc,ref      ] GC(1) Soft: 210 encountered, 0 discovered, 0 enqueued
[2.565s][info][gc,ref      ] GC(1) Weak: 901 encountered, 284 discovered, 183 enqueued
[2.565s][info][gc,ref      ] GC(1) Final: 0 encountered, 0 discovered, 0 enqueued
[2.565s][info][gc,ref      ] GC(1) Phantom: 263 encountered, 241 discovered, 204 enqueued
[2.565s][info][gc,reloc    ] GC(1) Small Pages: 121 / 242M, Empty: 108M, Relocated: 8M, In-Place: 0
[2.565s][info][gc,reloc    ] GC(1) Medium Pages: 0 / 0M, Empty: 0M, Relocated: 0M, In-Place: 0
[2.565s][info][gc,reloc    ] GC(1) Large Pages: 0 / 0M, Empty: 0M, Relocated: 0M, In-Place: 0
[2.565s][info][gc,reloc    ] GC(1) Forwarding Usage: 1M
[2.565s][info][gc,heap     ] GC(1) Min Capacity: 8M(0%)
[2.565s][info][gc,heap     ] GC(1) Max Capacity: 2048M(100%)
[2.565s][info][gc,heap     ] GC(1) Soft Max Capacity: 2048M(100%)
[2.565s][info][gc,heap     ] GC(1)                Mark Start          Mark End        Relocate Start      Relocate End           High               Low         
[2.565s][info][gc,heap     ] GC(1)  Capacity:     2048M (100%)       2048M (100%)       2048M (100%)       2048M (100%)       2048M (100%)       2048M (100%)   
[2.565s][info][gc,heap     ] GC(1)      Free:     1806M (88%)        1788M (87%)        1866M (91%)        1972M (96%)        1972M (96%)        1762M (86%)    
[2.565s][info][gc,heap     ] GC(1)      Used:      242M (12%)         260M (13%)         182M (9%)           76M (4%)          286M (14%)          76M (4%)     
[2.565s][info][gc,heap     ] GC(1)      Live:         -                 8M (0%)            8M (0%)            8M (0%)             -                  -          
[2.565s][info][gc,heap     ] GC(1) Allocated:         -                18M (1%)           48M (2%)           51M (3%)             -                  -          
[2.565s][info][gc,heap     ] GC(1)   Garbage:         -               233M (11%)         125M (6%)           16M (1%)             -                  -          
[2.565s][info][gc,heap     ] GC(1) Reclaimed:         -                  -               108M (5%)          217M (11%)            -                  -          
[2.565s][info][gc          ] GC(1) Garbage Collection (Warmup) 242M(12%)->76M(4%)
[2.826s][info][gc,start    ] GC(2) Garbage Collection (Warmup)
[2.826s][info][gc,task     ] GC(2) Using 12 workers
[2.826s][info][gc,phases   ] GC(2) Pause Mark Start 0.010ms
[2.838s][info][gc,phases   ] GC(2) Concurrent Mark 12.549ms
[2.839s][info][gc,phases   ] GC(2) Pause Mark End 0.021ms
[2.839s][info][gc,phases   ] GC(2) Concurrent Mark Free 0.002ms
[2.841s][info][gc,phases   ] GC(2) Concurrent Process Non-Strong References 2.340ms
[2.841s][info][gc,phases   ] GC(2) Concurrent Reset Relocation Set 0.010ms
[2.852s][info][gc,phases   ] GC(2) Concurrent Select Relocation Set 10.871ms
[2.852s][info][gc,phases   ] GC(2) Pause Relocate Start 0.009ms
[2.858s][info][gc,phases   ] GC(2) Concurrent Relocate 5.417ms
[2.858s][info][gc,load     ] GC(2) Load: 0.00/0.00/0.00
[2.858s][info][gc,mmu      ] GC(2) MMU: 2ms/98.5%, 5ms/99.4%, 10ms/99.7%, 20ms/99.8%, 50ms/99.9%, 100ms/99.9%
[2.858s][info][gc,marking  ] GC(2) Mark: 8 stripe(s), 2 proactive flush(es), 1 terminate flush(es), 0 completion(s), 0 continuation(s) 
[2.858s][info][gc,marking  ] GC(2) Mark Stack Usage: 32M
[2.858s][info][gc,nmethod  ] GC(2) NMethods: 2119 registered, 391 unregistered
[2.858s][info][gc,metaspace] GC(2) Metaspace: 13M used, 14M committed, 1088M reserved
[2.858s][info][gc,ref      ] GC(2) Soft: 210 encountered, 0 discovered, 0 enqueued
[2.858s][info][gc,ref      ] GC(2) Weak: 718 encountered, 87 discovered, 0 enqueued
[2.858s][info][gc,ref      ] GC(2) Final: 0 encountered, 0 discovered, 0 enqueued
[2.858s][info][gc,ref      ] GC(2) Phantom: 59 encountered, 50 discovered, 0 enqueued
[2.858s][info][gc,reloc    ] GC(2) Small Pages: 243 / 486M, Empty: 404M, Relocated: 8M, In-Place: 0
[2.858s][info][gc,reloc    ] GC(2) Medium Pages: 0 / 0M, Empty: 0M, Relocated: 0M, In-Place: 0
[2.858s][info][gc,reloc    ] GC(2) Large Pages: 0 / 0M, Empty: 0M, Relocated: 0M, In-Place: 0
[2.858s][info][gc,reloc    ] GC(2) Forwarding Usage: 2M
[2.858s][info][gc,heap     ] GC(2) Min Capacity: 8M(0%)
[2.858s][info][gc,heap     ] GC(2) Max Capacity: 2048M(100%)
[2.858s][info][gc,heap     ] GC(2) Soft Max Capacity: 2048M(100%)
[2.858s][info][gc,heap     ] GC(2)                Mark Start          Mark End        Relocate Start      Relocate End           High               Low         
[2.858s][info][gc,heap     ] GC(2)  Capacity:     2048M (100%)       2048M (100%)       2048M (100%)       2048M (100%)       2048M (100%)       2048M (100%)   
[2.858s][info][gc,heap     ] GC(2)      Free:     1562M (76%)        1536M (75%)        1916M (94%)        1966M (96%)        1966M (96%)        1532M (75%)    
[2.858s][info][gc,heap     ] GC(2)      Used:      486M (24%)         512M (25%)         132M (6%)           82M (4%)          516M (25%)          82M (4%)     
[2.858s][info][gc,heap     ] GC(2)      Live:         -                 8M (0%)            8M (0%)            8M (0%)             -                  -          
[2.858s][info][gc,heap     ] GC(2) Allocated:         -                26M (1%)           50M (2%)           56M (3%)             -                  -          
[2.858s][info][gc,heap     ] GC(2)   Garbage:         -               477M (23%)          73M (4%)           16M (1%)             -                  -          
[2.858s][info][gc,heap     ] GC(2) Reclaimed:         -                  -               404M (20%)         460M (22%)            -                  -          
[2.858s][info][gc          ] GC(2) Garbage Collection (Warmup) 486M(24%)->82M(4%)
[3.325s][info][gc,start    ] GC(3) Garbage Collection (Warmup)
[3.325s][info][gc,task     ] GC(3) Using 12 workers
[3.325s][info][gc,phases   ] GC(3) Pause Mark Start 0.013ms
[3.336s][info][gc,phases   ] GC(3) Concurrent Mark 10.433ms
[3.336s][info][gc,phases   ] GC(3) Pause Mark End 0.017ms
[3.336s][info][gc,phases   ] GC(3) Concurrent Mark Free 0.001ms
[3.337s][info][gc,phases   ] GC(3) Concurrent Process Non-Strong References 1.432ms
[3.337s][info][gc,phases   ] GC(3) Concurrent Reset Relocation Set 0.007ms
[3.341s][info][gc,phases   ] GC(3) Concurrent Select Relocation Set 3.506ms
[3.341s][info][gc,phases   ] GC(3) Pause Relocate Start 0.006ms
[3.344s][info][gc,phases   ] GC(3) Concurrent Relocate 2.339ms
[3.344s][info][gc,load     ] GC(3) Load: 0.00/0.00/0.00
[3.344s][info][gc,mmu      ] GC(3) MMU: 2ms/98.5%, 5ms/99.4%, 10ms/99.7%, 20ms/99.8%, 50ms/99.9%, 100ms/99.9%
[3.344s][info][gc,marking  ] GC(3) Mark: 8 stripe(s), 2 proactive flush(es), 1 terminate flush(es), 0 completion(s), 0 continuation(s) 
[3.344s][info][gc,marking  ] GC(3) Mark Stack Usage: 32M
[3.344s][info][gc,nmethod  ] GC(3) NMethods: 2120 registered, 449 unregistered
[3.344s][info][gc,metaspace] GC(3) Metaspace: 13M used, 14M committed, 1088M reserved
[3.344s][info][gc,ref      ] GC(3) Soft: 210 encountered, 0 discovered, 0 enqueued
[3.344s][info][gc,ref      ] GC(3) Weak: 718 encountered, 81 discovered, 0 enqueued
[3.344s][info][gc,ref      ] GC(3) Final: 0 encountered, 0 discovered, 0 enqueued
[3.344s][info][gc,ref      ] GC(3) Phantom: 59 encountered, 51 discovered, 0 enqueued
[3.344s][info][gc,reloc    ] GC(3) Small Pages: 352 / 704M, Empty: 616M, Relocated: 6M, In-Place: 0
[3.344s][info][gc,reloc    ] GC(3) Medium Pages: 0 / 0M, Empty: 0M, Relocated: 0M, In-Place: 0
[3.344s][info][gc,reloc    ] GC(3) Large Pages: 0 / 0M, Empty: 0M, Relocated: 0M, In-Place: 0
[3.344s][info][gc,reloc    ] GC(3) Forwarding Usage: 1M
[3.344s][info][gc,heap     ] GC(3) Min Capacity: 8M(0%)
[3.344s][info][gc,heap     ] GC(3) Max Capacity: 2048M(100%)
[3.344s][info][gc,heap     ] GC(3) Soft Max Capacity: 2048M(100%)
[3.344s][info][gc,heap     ] GC(3)                Mark Start          Mark End        Relocate Start      Relocate End           High               Low         
[3.344s][info][gc,heap     ] GC(3)  Capacity:     2048M (100%)       2048M (100%)       2048M (100%)       2048M (100%)       2048M (100%)       2048M (100%)   
[3.344s][info][gc,heap     ] GC(3)      Free:     1344M (66%)        1328M (65%)        1934M (94%)        1992M (97%)        1992M (97%)        1324M (65%)    
[3.344s][info][gc,heap     ] GC(3)      Used:      704M (34%)         720M (35%)         114M (6%)           56M (3%)          724M (35%)          56M (3%)     
[3.344s][info][gc,heap     ] GC(3)      Live:         -                 8M (0%)            8M (0%)            8M (0%)             -                  -          
[3.344s][info][gc,heap     ] GC(3) Allocated:         -                16M (1%)           26M (1%)           26M (1%)             -                  -          
[3.344s][info][gc,heap     ] GC(3)   Garbage:         -               695M (34%)          79M (4%)           20M (1%)             -                  -          
[3.344s][info][gc,heap     ] GC(3) Reclaimed:         -                  -               616M (30%)         674M (33%)            -                  -          
[3.344s][info][gc          ] GC(3) Garbage Collection (Warmup) 704M(34%)->56M(3%)
[4.025s][info][gc,start    ] GC(4) Garbage Collection (Allocation Rate)
[4.025s][info][gc,task     ] GC(4) Using 2 workers
[4.026s][info][gc,phases   ] GC(4) Pause Mark Start 0.011ms
[4.048s][info][gc,phases   ] GC(4) Concurrent Mark 21.895ms
[4.048s][info][gc,phases   ] GC(4) Pause Mark End 0.015ms
[4.048s][info][gc,phases   ] GC(4) Concurrent Mark Free 0.002ms
[4.057s][info][gc,phases   ] GC(4) Concurrent Process Non-Strong References 8.696ms
[4.057s][info][gc,phases   ] GC(4) Concurrent Reset Relocation Set 0.007ms
[4.061s][info][gc,phases   ] GC(4) Concurrent Select Relocation Set 4.532ms
[4.061s][info][gc,phases   ] GC(4) Pause Relocate Start 0.008ms
[4.065s][info][gc,phases   ] GC(4) Concurrent Relocate 3.667ms
[4.065s][info][gc,load     ] GC(4) Load: 0.00/0.00/0.00
[4.065s][info][gc,mmu      ] GC(4) MMU: 2ms/98.5%, 5ms/99.4%, 10ms/99.7%, 20ms/99.8%, 50ms/99.9%, 100ms/99.9%
[4.065s][info][gc,marking  ] GC(4) Mark: 2 stripe(s), 3 proactive flush(es), 1 terminate flush(es), 0 completion(s), 0 continuation(s) 
[4.065s][info][gc,marking  ] GC(4) Mark Stack Usage: 32M
[4.065s][info][gc,nmethod  ] GC(4) NMethods: 2123 registered, 464 unregistered
[4.065s][info][gc,metaspace] GC(4) Metaspace: 13M used, 14M committed, 1088M reserved
[4.065s][info][gc,ref      ] GC(4) Soft: 210 encountered, 0 discovered, 0 enqueued
[4.065s][info][gc,ref      ] GC(4) Weak: 718 encountered, 16 discovered, 0 enqueued
[4.065s][info][gc,ref      ] GC(4) Final: 0 encountered, 0 discovered, 0 enqueued
[4.065s][info][gc,ref      ] GC(4) Phantom: 59 encountered, 31 discovered, 0 enqueued
[4.065s][info][gc,reloc    ] GC(4) Small Pages: 674 / 1348M, Empty: 1234M, Relocated: 6M, In-Place: 0
[4.065s][info][gc,reloc    ] GC(4) Medium Pages: 0 / 0M, Empty: 0M, Relocated: 0M, In-Place: 0
[4.065s][info][gc,reloc    ] GC(4) Large Pages: 0 / 0M, Empty: 0M, Relocated: 0M, In-Place: 0
[4.065s][info][gc,reloc    ] GC(4) Forwarding Usage: 1M
[4.065s][info][gc,heap     ] GC(4) Min Capacity: 8M(0%)
[4.065s][info][gc,heap     ] GC(4) Max Capacity: 2048M(100%)
[4.065s][info][gc,heap     ] GC(4) Soft Max Capacity: 2048M(100%)
[4.065s][info][gc,heap     ] GC(4)                Mark Start          Mark End        Relocate Start      Relocate End           High               Low         
[4.065s][info][gc,heap     ] GC(4)  Capacity:     2048M (100%)       2048M (100%)       2048M (100%)       2048M (100%)       2048M (100%)       2048M (100%)   
[4.065s][info][gc,heap     ] GC(4)      Free:      700M (34%)         652M (32%)        1862M (91%)        1954M (95%)        1958M (96%)         634M (31%)    
[4.065s][info][gc,heap     ] GC(4)      Used:     1348M (66%)        1396M (68%)         186M (9%)           94M (5%)         1414M (69%)          90M (4%)     
[4.065s][info][gc,heap     ] GC(4)      Live:         -                 8M (0%)            8M (0%)            8M (0%)             -                  -          
[4.065s][info][gc,heap     ] GC(4) Allocated:         -                48M (2%)           72M (4%)           80M (4%)             -                  -          
[4.065s][info][gc,heap     ] GC(4)   Garbage:         -              1339M (65%)         105M (5%)            4M (0%)             -                  -          
[4.066s][info][gc,heap     ] GC(4) Reclaimed:         -                  -              1234M (60%)        1334M (65%)            -                  -          
[4.066s][info][gc          ] GC(4) Garbage Collection (Allocation Rate) 1348M(66%)->94M(5%)
[4.825s][info][gc,start    ] GC(5) Garbage Collection (Allocation Rate)
[4.825s][info][gc,task     ] GC(5) Using 2 workers
[4.825s][info][gc,phases   ] GC(5) Pause Mark Start 0.013ms
[4.847s][info][gc,phases   ] GC(5) Concurrent Mark 22.099ms
[4.848s][info][gc,phases   ] GC(5) Pause Mark End 0.017ms
[4.848s][info][gc,phases   ] GC(5) Concurrent Mark Free 0.001ms
[4.854s][info][gc,phases   ] GC(5) Concurrent Process Non-Strong References 6.077ms
[4.854s][info][gc,phases   ] GC(5) Concurrent Reset Relocation Set 0.010ms
[4.862s][info][gc,phases   ] GC(5) Concurrent Select Relocation Set 7.904ms
[4.862s][info][gc,phases   ] GC(5) Pause Relocate Start 0.006ms
[4.868s][info][gc,phases   ] GC(5) Concurrent Relocate 5.770ms
[4.868s][info][gc,load     ] GC(5) Load: 0.00/0.00/0.00
[4.868s][info][gc,mmu      ] GC(5) MMU: 2ms/98.5%, 5ms/99.4%, 10ms/99.7%, 20ms/99.8%, 50ms/99.9%, 100ms/99.9%
[4.868s][info][gc,marking  ] GC(5) Mark: 2 stripe(s), 2 proactive flush(es), 1 terminate flush(es), 0 completion(s), 0 continuation(s) 
[4.868s][info][gc,marking  ] GC(5) Mark Stack Usage: 32M
[4.868s][info][gc,nmethod  ] GC(5) NMethods: 2125 registered, 473 unregistered
[4.868s][info][gc,metaspace] GC(5) Metaspace: 13M used, 14M committed, 1088M reserved
[4.868s][info][gc,ref      ] GC(5) Soft: 210 encountered, 0 discovered, 0 enqueued
[4.868s][info][gc,ref      ] GC(5) Weak: 718 encountered, 450 discovered, 0 enqueued
[4.868s][info][gc,ref      ] GC(5) Final: 0 encountered, 0 discovered, 0 enqueued
[4.868s][info][gc,ref      ] GC(5) Phantom: 59 encountered, 27 discovered, 0 enqueued
[4.868s][info][gc,reloc    ] GC(5) Small Pages: 714 / 1428M, Empty: 1314M, Relocated: 4M, In-Place: 0
[4.868s][info][gc,reloc    ] GC(5) Medium Pages: 0 / 0M, Empty: 0M, Relocated: 0M, In-Place: 0
[4.868s][info][gc,reloc    ] GC(5) Large Pages: 0 / 0M, Empty: 0M, Relocated: 0M, In-Place: 0
[4.868s][info][gc,reloc    ] GC(5) Forwarding Usage: 1M
[4.868s][info][gc,heap     ] GC(5) Min Capacity: 8M(0%)
[4.868s][info][gc,heap     ] GC(5) Max Capacity: 2048M(100%)
[4.868s][info][gc,heap     ] GC(5) Soft Max Capacity: 2048M(100%)
[4.868s][info][gc,heap     ] GC(5)                Mark Start          Mark End        Relocate Start      Relocate End           High               Low         
[4.868s][info][gc,heap     ] GC(5)  Capacity:     2048M (100%)       2048M (100%)       2048M (100%)       2048M (100%)       2048M (100%)       2048M (100%)   
[4.868s][info][gc,heap     ] GC(5)      Free:      620M (30%)         574M (28%)        1862M (91%)        1956M (96%)        1960M (96%)         562M (27%)    
[4.868s][info][gc,heap     ] GC(5)      Used:     1428M (70%)        1474M (72%)         186M (9%)           92M (4%)         1486M (73%)          88M (4%)     
[4.868s][info][gc,heap     ] GC(5)      Live:         -                 8M (0%)            8M (0%)            8M (0%)             -                  -          
[4.868s][info][gc,heap     ] GC(5) Allocated:         -                46M (2%)           72M (4%)           80M (4%)             -                  -          
[4.868s][info][gc,heap     ] GC(5)   Garbage:         -              1419M (69%)         105M (5%)            2M (0%)             -                  -          
[4.868s][info][gc,heap     ] GC(5) Reclaimed:         -                  -              1314M (64%)        1416M (69%)            -                  -          
[4.868s][info][gc          ] GC(5) Garbage Collection (Allocation Rate) 1428M(70%)->92M(4%)
[5.624s][info][gc,start    ] GC(6) Garbage Collection (Allocation Rate)
[5.625s][info][gc,task     ] GC(6) Using 1 workers
[5.625s][info][gc,phases   ] GC(6) Pause Mark Start 0.010ms
[5.654s][info][gc,phases   ] GC(6) Concurrent Mark 28.753ms
[5.654s][info][gc,phases   ] GC(6) Pause Mark End 0.018ms
[5.654s][info][gc,phases   ] GC(6) Concurrent Mark Free 0.001ms
[5.672s][info][gc,phases   ] GC(6) Concurrent Process Non-Strong References 17.608ms
[5.672s][info][gc,phases   ] GC(6) Concurrent Reset Relocation Set 0.010ms
[5.676s][info][gc,phases   ] GC(6) Concurrent Select Relocation Set 4.632ms
[5.676s][info][gc,phases   ] GC(6) Pause Relocate Start 0.006ms
[5.678s][info][gc,phases   ] GC(6) Concurrent Relocate 1.579ms
[5.678s][info][gc,load     ] GC(6) Load: 0.00/0.00/0.00
[5.678s][info][gc,mmu      ] GC(6) MMU: 2ms/98.5%, 5ms/99.4%, 10ms/99.7%, 20ms/99.8%, 50ms/99.9%, 100ms/99.9%
[5.678s][info][gc,marking  ] GC(6) Mark: 1 stripe(s), 2 proactive flush(es), 1 terminate flush(es), 0 completion(s), 0 continuation(s) 
[5.678s][info][gc,marking  ] GC(6) Mark Stack Usage: 32M
[5.678s][info][gc,nmethod  ] GC(6) NMethods: 2125 registered, 487 unregistered
[5.678s][info][gc,metaspace] GC(6) Metaspace: 13M used, 14M committed, 1088M reserved
[5.678s][info][gc,ref      ] GC(6) Soft: 210 encountered, 0 discovered, 0 enqueued
[5.678s][info][gc,ref      ] GC(6) Weak: 718 encountered, 433 discovered, 0 enqueued
[5.678s][info][gc,ref      ] GC(6) Final: 0 encountered, 0 discovered, 0 enqueued
[5.678s][info][gc,ref      ] GC(6) Phantom: 59 encountered, 41 discovered, 0 enqueued
[5.678s][info][gc,reloc    ] GC(6) Small Pages: 668 / 1336M, Empty: 1222M, Relocated: 1M, In-Place: 0
[5.678s][info][gc,reloc    ] GC(6) Medium Pages: 0 / 0M, Empty: 0M, Relocated: 0M, In-Place: 0
[5.678s][info][gc,reloc    ] GC(6) Large Pages: 0 / 0M, Empty: 0M, Relocated: 0M, In-Place: 0
[5.678s][info][gc,reloc    ] GC(6) Forwarding Usage: 0M
[5.678s][info][gc,heap     ] GC(6) Min Capacity: 8M(0%)
[5.678s][info][gc,heap     ] GC(6) Max Capacity: 2048M(100%)
[5.678s][info][gc,heap     ] GC(6) Soft Max Capacity: 2048M(100%)
[5.678s][info][gc,heap     ] GC(6)                Mark Start          Mark End        Relocate Start      Relocate End           High               Low         
[5.678s][info][gc,heap     ] GC(6)  Capacity:     2048M (100%)       2048M (100%)       2048M (100%)       2048M (100%)       2048M (100%)       2048M (100%)   
[5.678s][info][gc,heap     ] GC(6)      Free:      712M (35%)         652M (32%)        1836M (90%)        1934M (94%)        1934M (94%)         620M (30%)    
[5.678s][info][gc,heap     ] GC(6)      Used:     1336M (65%)        1396M (68%)         212M (10%)         114M (6%)         1428M (70%)         114M (6%)     
[5.678s][info][gc,heap     ] GC(6)      Live:         -                 9M (0%)            9M (0%)            9M (0%)             -                  -          
[5.678s][info][gc,heap     ] GC(6) Allocated:         -                60M (3%)           98M (5%)          102M (5%)             -                  -          
[5.678s][info][gc,heap     ] GC(6)   Garbage:         -              1326M (65%)         104M (5%)            2M (0%)             -                  -          
[5.678s][info][gc,heap     ] GC(6) Reclaimed:         -                  -              1222M (60%)        1324M (65%)            -                  -          
[5.679s][info][gc          ] GC(6) Garbage Collection (Allocation Rate) 1336M(65%)->114M(6%)
[6.526s][info][gc,start    ] GC(7) Garbage Collection (Allocation Rate)
[6.526s][info][gc,task     ] GC(7) Using 1 workers
[6.526s][info][gc,phases   ] GC(7) Pause Mark Start 0.010ms
[6.551s][info][gc,phases   ] GC(7) Concurrent Mark 25.072ms
[6.551s][info][gc,phases   ] GC(7) Pause Mark End 0.015ms
[6.551s][info][gc,phases   ] GC(7) Concurrent Mark Free 0.001ms
[6.565s][info][gc,phases   ] GC(7) Concurrent Process Non-Strong References 14.200ms
[6.566s][info][gc,phases   ] GC(7) Concurrent Reset Relocation Set 0.007ms
[6.571s][info][gc,phases   ] GC(7) Concurrent Select Relocation Set 5.720ms
[6.571s][info][gc,phases   ] GC(7) Pause Relocate Start 0.006ms
[6.576s][info][gc,phases   ] GC(7) Concurrent Relocate 4.523ms
[6.576s][info][gc,load     ] GC(7) Load: 0.00/0.00/0.00
[6.576s][info][gc,mmu      ] GC(7) MMU: 2ms/98.5%, 5ms/99.4%, 10ms/99.7%, 20ms/99.8%, 50ms/99.9%, 100ms/99.9%
[6.576s][info][gc,marking  ] GC(7) Mark: 1 stripe(s), 2 proactive flush(es), 1 terminate flush(es), 0 completion(s), 0 continuation(s) 
[6.576s][info][gc,marking  ] GC(7) Mark Stack Usage: 32M
[6.576s][info][gc,nmethod  ] GC(7) NMethods: 2128 registered, 494 unregistered
[6.576s][info][gc,metaspace] GC(7) Metaspace: 13M used, 14M committed, 1088M reserved
[6.576s][info][gc,ref      ] GC(7) Soft: 210 encountered, 0 discovered, 0 enqueued
[6.576s][info][gc,ref      ] GC(7) Weak: 718 encountered, 433 discovered, 0 enqueued
[6.576s][info][gc,ref      ] GC(7) Final: 0 encountered, 0 discovered, 0 enqueued
[6.576s][info][gc,ref      ] GC(7) Phantom: 59 encountered, 41 discovered, 0 enqueued
[6.576s][info][gc,reloc    ] GC(7) Small Pages: 796 / 1592M, Empty: 1468M, Relocated: 3M, In-Place: 0
[6.576s][info][gc,reloc    ] GC(7) Medium Pages: 0 / 0M, Empty: 0M, Relocated: 0M, In-Place: 0
[6.576s][info][gc,reloc    ] GC(7) Large Pages: 0 / 0M, Empty: 0M, Relocated: 0M, In-Place: 0
[6.576s][info][gc,reloc    ] GC(7) Forwarding Usage: 0M
[6.576s][info][gc,heap     ] GC(7) Min Capacity: 8M(0%)
[6.576s][info][gc,heap     ] GC(7) Max Capacity: 2048M(100%)
[6.576s][info][gc,heap     ] GC(7) Soft Max Capacity: 2048M(100%)
[6.576s][info][gc,heap     ] GC(7)                Mark Start          Mark End        Relocate Start      Relocate End           High               Low         
[6.576s][info][gc,heap     ] GC(7)  Capacity:     2048M (100%)       2048M (100%)       2048M (100%)       2048M (100%)       2048M (100%)       2048M (100%)   
[6.576s][info][gc,heap     ] GC(7)      Free:      456M (22%)         404M (20%)        1834M (90%)        1936M (95%)        1942M (95%)         376M (18%)    
[6.576s][info][gc,heap     ] GC(7)      Used:     1592M (78%)        1644M (80%)         214M (10%)         112M (5%)         1672M (82%)         106M (5%)     
[6.576s][info][gc,heap     ] GC(7)      Live:         -                 9M (0%)            9M (0%)            9M (0%)             -                  -          
[6.576s][info][gc,heap     ] GC(7) Allocated:         -                52M (3%)           90M (4%)          100M (5%)             -                  -          
[6.577s][info][gc,heap     ] GC(7)   Garbage:         -              1582M (77%)         114M (6%)            2M (0%)             -                  -          
[6.577s][info][gc,heap     ] GC(7) Reclaimed:         -                  -              1468M (72%)        1580M (77%)            -                  -          
[6.577s][info][gc          ] GC(7) Garbage Collection (Allocation Rate) 1592M(78%)->112M(5%)
[7.425s][info][gc,start    ] GC(8) Garbage Collection (Allocation Rate)
[7.425s][info][gc,task     ] GC(8) Using 1 workers
[7.425s][info][gc,phases   ] GC(8) Pause Mark Start 0.013ms
[7.448s][info][gc,phases   ] GC(8) Concurrent Mark 22.769ms
[7.448s][info][gc,phases   ] GC(8) Pause Mark End 0.016ms
[7.448s][info][gc,phases   ] GC(8) Concurrent Mark Free 0.001ms
[7.460s][info][gc,phases   ] GC(8) Concurrent Process Non-Strong References 11.352ms
[7.460s][info][gc,phases   ] GC(8) Concurrent Reset Relocation Set 0.005ms
[7.464s][info][gc,phases   ] GC(8) Concurrent Select Relocation Set 4.648ms
[7.464s][info][gc,phases   ] GC(8) Pause Relocate Start 0.007ms
[7.465s][info][gc,phases   ] GC(8) Concurrent Relocate 0.757ms
[7.465s][info][gc,load     ] GC(8) Load: 0.00/0.00/0.00
[7.465s][info][gc,mmu      ] GC(8) MMU: 2ms/98.5%, 5ms/99.4%, 10ms/99.7%, 20ms/99.8%, 50ms/99.9%, 100ms/99.9%
[7.465s][info][gc,marking  ] GC(8) Mark: 1 stripe(s), 2 proactive flush(es), 1 terminate flush(es), 0 completion(s), 0 continuation(s) 
[7.465s][info][gc,marking  ] GC(8) Mark Stack Usage: 32M
[7.465s][info][gc,nmethod  ] GC(8) NMethods: 2136 registered, 494 unregistered
[7.465s][info][gc,metaspace] GC(8) Metaspace: 13M used, 14M committed, 1088M reserved
[7.465s][info][gc,ref      ] GC(8) Soft: 210 encountered, 0 discovered, 0 enqueued
[7.465s][info][gc,ref      ] GC(8) Weak: 718 encountered, 165 discovered, 0 enqueued
[7.466s][info][gc,ref      ] GC(8) Final: 0 encountered, 0 discovered, 0 enqueued
[7.466s][info][gc,ref      ] GC(8) Phantom: 59 encountered, 42 discovered, 0 enqueued
[7.466s][info][gc,reloc    ] GC(8) Small Pages: 794 / 1588M, Empty: 1460M, Relocated: 1M, In-Place: 0
[7.466s][info][gc,reloc    ] GC(8) Medium Pages: 0 / 0M, Empty: 0M, Relocated: 0M, In-Place: 0
[7.466s][info][gc,reloc    ] GC(8) Large Pages: 0 / 0M, Empty: 0M, Relocated: 0M, In-Place: 0
[7.466s][info][gc,reloc    ] GC(8) Forwarding Usage: 0M
[7.466s][info][gc,heap     ] GC(8) Min Capacity: 8M(0%)
[7.466s][info][gc,heap     ] GC(8) Max Capacity: 2048M(100%)
[7.466s][info][gc,heap     ] GC(8) Soft Max Capacity: 2048M(100%)
[7.466s][info][gc,heap     ] GC(8)                Mark Start          Mark End        Relocate Start      Relocate End           High               Low         
[7.466s][info][gc,heap     ] GC(8)  Capacity:     2048M (100%)       2048M (100%)       2048M (100%)       2048M (100%)       2048M (100%)       2048M (100%)   
[7.466s][info][gc,heap     ] GC(8)      Free:      460M (22%)         416M (20%)        1846M (90%)        1962M (96%)        1962M (96%)         392M (19%)    
[7.466s][info][gc,heap     ] GC(8)      Used:     1588M (78%)        1632M (80%)         202M (10%)          86M (4%)         1656M (81%)          86M (4%)     
[7.466s][info][gc,heap     ] GC(8)      Live:         -                 9M (0%)            9M (0%)            9M (0%)             -                  -          
[7.466s][info][gc,heap     ] GC(8) Allocated:         -                44M (2%)           74M (4%)           74M (4%)             -                  -          
[7.466s][info][gc,heap     ] GC(8)   Garbage:         -              1578M (77%)         118M (6%)            1M (0%)             -                  -          
[7.466s][info][gc,heap     ] GC(8) Reclaimed:         -                  -              1460M (71%)        1576M (77%)            -                  -          
[7.466s][info][gc          ] GC(8) Garbage Collection (Allocation Rate) 1588M(78%)->86M(4%)
[8.124s][info][gc,start    ] GC(9) Garbage Collection (Proactive)
[8.124s][info][gc,task     ] GC(9) Using 12 workers
[8.124s][info][gc,phases   ] GC(9) Pause Mark Start 0.010ms
[8.132s][info][gc,phases   ] GC(9) Concurrent Mark 7.671ms
[8.132s][info][gc,phases   ] GC(9) Pause Mark End 0.017ms
[8.132s][info][gc,phases   ] GC(9) Concurrent Mark Free 0.001ms
[8.134s][info][gc,phases   ] GC(9) Concurrent Process Non-Strong References 1.957ms
[8.135s][info][gc,phases   ] GC(9) Concurrent Reset Relocation Set 0.005ms
[8.138s][info][gc,phases   ] GC(9) Concurrent Select Relocation Set 3.373ms
[8.138s][info][gc,phases   ] GC(9) Pause Relocate Start 0.005ms
[8.139s][info][gc,phases   ] GC(9) Concurrent Relocate 0.463ms
[8.139s][info][gc,load     ] GC(9) Load: 0.00/0.00/0.00
[8.139s][info][gc,mmu      ] GC(9) MMU: 2ms/98.5%, 5ms/99.4%, 10ms/99.7%, 20ms/99.8%, 50ms/99.9%, 100ms/99.9%
[8.139s][info][gc,marking  ] GC(9) Mark: 8 stripe(s), 4 proactive flush(es), 1 terminate flush(es), 0 completion(s), 0 continuation(s) 
[8.139s][info][gc,marking  ] GC(9) Mark Stack Usage: 32M
[8.139s][info][gc,nmethod  ] GC(9) NMethods: 2136 registered, 494 unregistered
[8.139s][info][gc,metaspace] GC(9) Metaspace: 13M used, 14M committed, 1088M reserved
[8.139s][info][gc,ref      ] GC(9) Soft: 210 encountered, 0 discovered, 0 enqueued
[8.139s][info][gc,ref      ] GC(9) Weak: 718 encountered, 92 discovered, 0 enqueued
[8.139s][info][gc,ref      ] GC(9) Final: 0 encountered, 0 discovered, 0 enqueued
[8.139s][info][gc,ref      ] GC(9) Phantom: 59 encountered, 33 discovered, 0 enqueued
[8.139s][info][gc,reloc    ] GC(9) Small Pages: 594 / 1188M, Empty: 1084M, Relocated: 1M, In-Place: 0
[8.139s][info][gc,reloc    ] GC(9) Medium Pages: 0 / 0M, Empty: 0M, Relocated: 0M, In-Place: 0
[8.139s][info][gc,reloc    ] GC(9) Large Pages: 0 / 0M, Empty: 0M, Relocated: 0M, In-Place: 0
[8.139s][info][gc,reloc    ] GC(9) Forwarding Usage: 0M
[8.139s][info][gc,heap     ] GC(9) Min Capacity: 8M(0%)
[8.139s][info][gc,heap     ] GC(9) Max Capacity: 2048M(100%)
[8.139s][info][gc,heap     ] GC(9) Soft Max Capacity: 2048M(100%)
[8.139s][info][gc,heap     ] GC(9)                Mark Start          Mark End        Relocate Start      Relocate End           High               Low         
[8.139s][info][gc,heap     ] GC(9)  Capacity:     2048M (100%)       2048M (100%)       2048M (100%)       2048M (100%)       2048M (100%)       2048M (100%)   
[8.139s][info][gc,heap     ] GC(9)      Free:      860M (42%)         836M (41%)        1914M (93%)        1984M (97%)        1984M (97%)         836M (41%)    
[8.139s][info][gc,heap     ] GC(9)      Used:     1188M (58%)        1212M (59%)         134M (7%)           64M (3%)         1212M (59%)          64M (3%)     
[8.139s][info][gc,heap     ] GC(9)      Live:         -                 9M (0%)            9M (0%)            9M (0%)             -                  -          
[8.139s][info][gc,heap     ] GC(9) Allocated:         -                24M (1%)           30M (1%)           30M (2%)             -                  -          
[8.139s][info][gc,heap     ] GC(9)   Garbage:         -              1178M (58%)          94M (5%)           23M (1%)             -                  -          
[8.139s][info][gc,heap     ] GC(9) Reclaimed:         -                  -              1084M (53%)        1154M (56%)            -                  -          
[8.139s][info][gc          ] GC(9) Garbage Collection (Proactive) 1188M(58%)->64M(3%)
[9.024s][info][gc,start    ] GC(10) Garbage Collection (Allocation Rate)
[9.024s][info][gc,task     ] GC(10) Using 1 workers
[9.024s][info][gc,phases   ] GC(10) Pause Mark Start 0.011ms
[9.045s][info][gc,phases   ] GC(10) Concurrent Mark 19.991ms
[9.045s][info][gc,phases   ] GC(10) Pause Mark End 0.015ms
[9.045s][info][gc,phases   ] GC(10) Concurrent Mark Free 0.001ms
[9.056s][info][gc,phases   ] GC(10) Concurrent Process Non-Strong References 11.321ms
[9.056s][info][gc,phases   ] GC(10) Concurrent Reset Relocation Set 0.006ms
[9.060s][info][gc,phases   ] GC(10) Concurrent Select Relocation Set 4.173ms
[9.060s][info][gc,phases   ] GC(10) Pause Relocate Start 0.006ms
[9.061s][info][gc,phases   ] GC(10) Concurrent Relocate 0.735ms
[9.061s][info][gc,load     ] GC(10) Load: 0.00/0.00/0.00
[9.061s][info][gc,mmu      ] GC(10) MMU: 2ms/98.5%, 5ms/99.4%, 10ms/99.7%, 20ms/99.8%, 50ms/99.9%, 100ms/99.9%
[9.061s][info][gc,marking  ] GC(10) Mark: 1 stripe(s), 2 proactive flush(es), 1 terminate flush(es), 0 completion(s), 0 continuation(s) 
[9.061s][info][gc,marking  ] GC(10) Mark Stack Usage: 32M
[9.061s][info][gc,nmethod  ] GC(10) NMethods: 2136 registered, 494 unregistered
[9.061s][info][gc,metaspace] GC(10) Metaspace: 13M used, 14M committed, 1088M reserved
[9.062s][info][gc,ref      ] GC(10) Soft: 210 encountered, 0 discovered, 0 enqueued
[9.062s][info][gc,ref      ] GC(10) Weak: 718 encountered, 433 discovered, 0 enqueued
[9.062s][info][gc,ref      ] GC(10) Final: 0 encountered, 0 discovered, 0 enqueued
[9.062s][info][gc,ref      ] GC(10) Phantom: 59 encountered, 41 discovered, 0 enqueued
[9.062s][info][gc,reloc    ] GC(10) Small Pages: 718 / 1436M, Empty: 1294M, Relocated: 1M, In-Place: 0
[9.062s][info][gc,reloc    ] GC(10) Medium Pages: 0 / 0M, Empty: 0M, Relocated: 0M, In-Place: 0
[9.062s][info][gc,reloc    ] GC(10) Large Pages: 0 / 0M, Empty: 0M, Relocated: 0M, In-Place: 0
[9.062s][info][gc,reloc    ] GC(10) Forwarding Usage: 0M
[9.062s][info][gc,heap     ] GC(10) Min Capacity: 8M(0%)
[9.062s][info][gc,heap     ] GC(10) Max Capacity: 2048M(100%)
[9.062s][info][gc,heap     ] GC(10) Soft Max Capacity: 2048M(100%)
[9.062s][info][gc,heap     ] GC(10)                Mark Start          Mark End        Relocate Start      Relocate End           High               Low         
[9.062s][info][gc,heap     ] GC(10)  Capacity:     2048M (100%)       2048M (100%)       2048M (100%)       2048M (100%)       2048M (100%)       2048M (100%)   
[9.062s][info][gc,heap     ] GC(10)      Free:      612M (30%)         574M (28%)        1844M (90%)        1974M (96%)        1974M (96%)         556M (27%)    
[9.062s][info][gc,heap     ] GC(10)      Used:     1436M (70%)        1474M (72%)         204M (10%)          74M (4%)         1492M (73%)          74M (4%)     
[9.062s][info][gc,heap     ] GC(10)      Live:         -                 9M (0%)            9M (0%)            9M (0%)             -                  -          
[9.062s][info][gc,heap     ] GC(10) Allocated:         -                38M (2%)           62M (3%)           62M (3%)             -                  -          
[9.062s][info][gc,heap     ] GC(10)   Garbage:         -              1426M (70%)         132M (6%)            1M (0%)             -                  -          
[9.062s][info][gc,heap     ] GC(10) Reclaimed:         -                  -              1294M (63%)        1424M (70%)            -                  -          
[9.062s][info][gc          ] GC(10) Garbage Collection (Allocation Rate) 1436M(70%)->74M(4%)
[9.925s][info][gc,start    ] GC(11) Garbage Collection (Allocation Rate)
[9.925s][info][gc,task     ] GC(11) Using 1 workers
[9.925s][info][gc,phases   ] GC(11) Pause Mark Start 0.011ms
[9.947s][info][gc,phases   ] GC(11) Concurrent Mark 21.023ms
[9.947s][info][gc,phases   ] GC(11) Pause Mark End 0.017ms
[9.947s][info][gc,phases   ] GC(11) Concurrent Mark Free 0.001ms
[9.965s][info][gc,phases   ] GC(11) Concurrent Process Non-Strong References 17.921ms
[9.965s][info][gc,phases   ] GC(11) Concurrent Reset Relocation Set 0.008ms
[9.969s][info][gc,phases   ] GC(11) Concurrent Select Relocation Set 4.518ms
[9.970s][info][gc,phases   ] GC(11) Pause Relocate Start 0.006ms
[9.970s][info][gc,phases   ] GC(11) Concurrent Relocate 0.643ms
[9.970s][info][gc,load     ] GC(11) Load: 0.00/0.00/0.00
[9.970s][info][gc,mmu      ] GC(11) MMU: 2ms/98.5%, 5ms/99.4%, 10ms/99.7%, 20ms/99.8%, 50ms/99.9%, 100ms/99.9%
[9.970s][info][gc,marking  ] GC(11) Mark: 1 stripe(s), 2 proactive flush(es), 1 terminate flush(es), 0 completion(s), 0 continuation(s) 
[9.970s][info][gc,marking  ] GC(11) Mark Stack Usage: 32M
[9.970s][info][gc,nmethod  ] GC(11) NMethods: 2136 registered, 500 unregistered
[9.970s][info][gc,metaspace] GC(11) Metaspace: 13M used, 14M committed, 1088M reserved
[9.970s][info][gc,ref      ] GC(11) Soft: 210 encountered, 0 discovered, 0 enqueued
[9.970s][info][gc,ref      ] GC(11) Weak: 718 encountered, 433 discovered, 0 enqueued
[9.970s][info][gc,ref      ] GC(11) Final: 0 encountered, 0 discovered, 0 enqueued
[9.970s][info][gc,ref      ] GC(11) Phantom: 59 encountered, 41 discovered, 0 enqueued
[9.970s][info][gc,reloc    ] GC(11) Small Pages: 760 / 1520M, Empty: 1396M, Relocated: 0M, In-Place: 0
[9.970s][info][gc,reloc    ] GC(11) Medium Pages: 0 / 0M, Empty: 0M, Relocated: 0M, In-Place: 0
[9.970s][info][gc,reloc    ] GC(11) Large Pages: 0 / 0M, Empty: 0M, Relocated: 0M, In-Place: 0
[9.971s][info][gc,reloc    ] GC(11) Forwarding Usage: 0M
[9.971s][info][gc,heap     ] GC(11) Min Capacity: 8M(0%)
[9.971s][info][gc,heap     ] GC(11) Max Capacity: 2048M(100%)
[9.971s][info][gc,heap     ] GC(11) Soft Max Capacity: 2048M(100%)
[9.971s][info][gc,heap     ] GC(11)                Mark Start          Mark End        Relocate Start      Relocate End           High               Low         
[9.971s][info][gc,heap     ] GC(11)  Capacity:     2048M (100%)       2048M (100%)       2048M (100%)       2048M (100%)       2048M (100%)       2048M (100%)   
[9.971s][info][gc,heap     ] GC(11)      Free:      528M (26%)         484M (24%)        1836M (90%)        1948M (95%)        1948M (95%)         450M (22%)    
[9.971s][info][gc,heap     ] GC(11)      Used:     1520M (74%)        1564M (76%)         212M (10%)         100M (5%)         1598M (78%)         100M (5%)     
[9.971s][info][gc,heap     ] GC(11)      Live:         -                 9M (0%)            9M (0%)            9M (0%)             -                  -          
[9.971s][info][gc,heap     ] GC(11) Allocated:         -                44M (2%)           88M (4%)           87M (4%)             -                  -          
[9.971s][info][gc,heap     ] GC(11)   Garbage:         -              1510M (74%)         114M (6%)            3M (0%)             -                  -          
[9.971s][info][gc,heap     ] GC(11) Reclaimed:         -                  -              1396M (68%)        1507M (74%)            -                  -          
[9.971s][info][gc          ] GC(11) Garbage Collection (Allocation Rate) 1520M(74%)->100M(5%)
[10.126s][info][gc,stats    ] === Garbage Collection Statistics =======================================================================================================================
[10.126s][info][gc,stats    ]                                                              Last 10s              Last 10m              Last 10h                Total
[10.126s][info][gc,stats    ]                                                              Avg / Max             Avg / Max             Avg / Max             Avg / Max
[10.126s][info][gc,stats    ]   Collector: Garbage Collection Cycle                     37.980 / 53.636       37.980 / 53.636       37.980 / 53.636       37.980 / 53.636      ms
[10.126s][info][gc,stats    ]  Contention: Mark Segment Reset Contention                     2 / 11                2 / 11                2 / 11                2 / 11          ops/s
[10.126s][info][gc,stats    ]  Contention: Mark SeqNum Reset Contention                      0 / 0                 0 / 0                 0 / 0                 0 / 0           ops/s
[10.126s][info][gc,stats    ]    Critical: Allocation Stall                                  0 / 0                 0 / 0                 0 / 0                 0 / 0           ops/s
[10.126s][info][gc,stats    ]    Critical: Allocation Stall                              0.000 / 0.000         0.000 / 0.000         0.000 / 0.000         0.000 / 0.000       ms
[10.126s][info][gc,stats    ]    Critical: GC Locker Stall                                   0 / 0                 0 / 0                 0 / 0                 0 / 0           ops/s
[10.126s][info][gc,stats    ]    Critical: GC Locker Stall                               0.000 / 0.000         0.000 / 0.000         0.000 / 0.000         0.000 / 0.000       ms
[10.126s][info][gc,stats    ]    Critical: Relocation Stall                                  0 / 0                 0 / 0                 0 / 0                 0 / 0           ops/s
[10.126s][info][gc,stats    ]    Critical: Relocation Stall                              0.000 / 0.000         0.000 / 0.000         0.000 / 0.000         0.000 / 0.000       ms
[10.126s][info][gc,stats    ]      Memory: Allocation Rate                                1451 / 2222           1451 / 2222           1451 / 2222           1451 / 2222        MB/s
[10.126s][info][gc,stats    ]      Memory: Defragment                                        0 / 0                 0 / 0                 0 / 0                 0 / 0           ops/s
[10.126s][info][gc,stats    ]      Memory: Out Of Memory                                     0 / 0                 0 / 0                 0 / 0                 0 / 0           ops/s
[10.126s][info][gc,stats    ]      Memory: Page Cache Flush                                  0 / 0                 0 / 0                 0 / 0                 0 / 0           MB/s
[10.127s][info][gc,stats    ]      Memory: Page Cache Hit L1                               649 / 915             649 / 915             649 / 915             649 / 915         ops/s
[10.127s][info][gc,stats    ]      Memory: Page Cache Hit L2                                 0 / 0                 0 / 0                 0 / 0                 0 / 0           ops/s
[10.127s][info][gc,stats    ]      Memory: Page Cache Hit L3                                83 / 449              83 / 449              83 / 449              83 / 449         ops/s
[10.127s][info][gc,stats    ]      Memory: Page Cache Miss                                   0 / 1                 0 / 1                 0 / 1                 0 / 1           ops/s
[10.127s][info][gc,stats    ]      Memory: Uncommit                                          0 / 0                 0 / 0                 0 / 0                 0 / 0           MB/s
[10.127s][info][gc,stats    ]      Memory: Undo Object Allocation Failed                    44 / 101              44 / 101              44 / 101              44 / 101         ops/s
[10.127s][info][gc,stats    ]      Memory: Undo Object Allocation Succeeded                  5 / 16                5 / 16                5 / 16                5 / 16          ops/s
[10.127s][info][gc,stats    ]      Memory: Undo Page Allocation                             73 / 221              73 / 221              73 / 221              73 / 221         ops/s
[10.127s][info][gc,stats    ]       Phase: Concurrent Mark                              18.878 / 28.753       18.878 / 28.753       18.878 / 28.753       18.878 / 28.753      ms
[10.127s][info][gc,stats    ]       Phase: Concurrent Mark Continue                      0.000 / 0.000         0.000 / 0.000         0.000 / 0.000         0.000 / 0.000       ms
[10.127s][info][gc,stats    ]       Phase: Concurrent Mark Free                          0.001 / 0.002         0.001 / 0.002         0.001 / 0.002         0.001 / 0.002       ms
[10.127s][info][gc,stats    ]       Phase: Concurrent Process Non-Strong References      8.976 / 17.921        8.976 / 17.921        8.976 / 17.921        8.976 / 17.921      ms
[10.127s][info][gc,stats    ]       Phase: Concurrent Relocate                           2.729 / 5.770         2.729 / 5.770         2.729 / 5.770         2.729 / 5.770       ms
[10.127s][info][gc,stats    ]       Phase: Concurrent Reset Relocation Set               0.006 / 0.010         0.006 / 0.010         0.006 / 0.010         0.006 / 0.010       ms
[10.127s][info][gc,stats    ]       Phase: Concurrent Select Relocation Set              6.305 / 14.014        6.305 / 14.014        6.305 / 14.014        6.305 / 14.014      ms
[10.127s][info][gc,stats    ]       Phase: Pause Mark End                                0.018 / 0.031         0.018 / 0.031         0.018 / 0.031         0.018 / 0.031       ms
[10.127s][info][gc,stats    ]       Phase: Pause Mark Start                              0.012 / 0.017         0.012 / 0.017         0.012 / 0.017         0.012 / 0.017       ms
[10.127s][info][gc,stats    ]       Phase: Pause Relocate Start                          0.008 / 0.020         0.008 / 0.020         0.008 / 0.020         0.008 / 0.020       ms
[10.127s][info][gc,stats    ]    Subphase: Concurrent Classes Purge                      0.401 / 3.094         0.401 / 3.094         0.401 / 3.094         0.401 / 3.094       ms
[10.127s][info][gc,stats    ]    Subphase: Concurrent Classes Unlink                     3.974 / 10.160        3.974 / 10.160        3.974 / 10.160        3.974 / 10.160      ms
[10.127s][info][gc,stats    ]    Subphase: Concurrent Mark                              12.775 / 27.319       12.775 / 27.319       12.775 / 27.319       12.775 / 27.319      ms
[10.127s][info][gc,stats    ]    Subphase: Concurrent Mark Try Flush                     0.105 / 0.450         0.105 / 0.450         0.105 / 0.450         0.105 / 0.450       ms
[10.127s][info][gc,stats    ]    Subphase: Concurrent Mark Try Terminate                 2.283 / 16.632        2.283 / 16.632        2.283 / 16.632        2.283 / 16.632      ms
[10.127s][info][gc,stats    ]    Subphase: Concurrent References Enqueue                 0.001 / 0.006         0.001 / 0.006         0.001 / 0.006         0.001 / 0.006       ms
[10.127s][info][gc,stats    ]    Subphase: Concurrent References Process                 0.088 / 0.179         0.088 / 0.179         0.088 / 0.179         0.088 / 0.179       ms
[10.127s][info][gc,stats    ]    Subphase: Concurrent Roots ClassLoaderDataGraph         0.135 / 1.252         0.135 / 1.252         0.135 / 1.252         0.135 / 1.252       ms
[10.127s][info][gc,stats    ]    Subphase: Concurrent Roots CodeCache                    0.000 / 0.000         0.000 / 0.000         0.000 / 0.000         0.000 / 0.000       ms
[10.127s][info][gc,stats    ]    Subphase: Concurrent Roots JavaThreads                  0.415 / 1.710         0.415 / 1.710         0.415 / 1.710         0.415 / 1.710       ms
[10.127s][info][gc,stats    ]    Subphase: Concurrent Roots OopStorageSet                0.129 / 0.778         0.129 / 0.778         0.129 / 0.778         0.129 / 0.778       ms
[10.127s][info][gc,stats    ]    Subphase: Concurrent Weak Roots OopStorageSet           1.175 / 11.886        1.175 / 11.886        1.175 / 11.886        1.175 / 11.886      ms
[10.127s][info][gc,stats    ]    Subphase: Pause Mark Try Complete                       0.000 / 0.000         0.000 / 0.000         0.000 / 0.000         0.000 / 0.000       ms
[10.127s][info][gc,stats    ]      System: Java Threads                                     59 / 73               59 / 73               59 / 73               59 / 73          threads
[10.127s][info][gc,stats    ] =========================================================================================================================================================
[10.825s][info][gc,start    ] GC(12) Garbage Collection (Allocation Rate)
[10.825s][info][gc,task     ] GC(12) Using 1 workers
[10.825s][info][gc,phases   ] GC(12) Pause Mark Start 0.013ms
[10.846s][info][gc,phases   ] GC(12) Concurrent Mark 20.729ms
[10.846s][info][gc,phases   ] GC(12) Pause Mark End 0.015ms
[10.846s][info][gc,phases   ] GC(12) Concurrent Mark Free 0.001ms
[10.869s][info][gc,phases   ] GC(12) Concurrent Process Non-Strong References 22.812ms
[10.869s][info][gc,phases   ] GC(12) Concurrent Reset Relocation Set 0.006ms
[10.873s][info][gc,phases   ] GC(12) Concurrent Select Relocation Set 4.202ms
[10.873s][info][gc,phases   ] GC(12) Pause Relocate Start 0.007ms
[10.874s][info][gc,phases   ] GC(12) Concurrent Relocate 0.757ms
[10.874s][info][gc,load     ] GC(12) Load: 0.00/0.00/0.00
[10.874s][info][gc,mmu      ] GC(12) MMU: 2ms/98.5%, 5ms/99.4%, 10ms/99.7%, 20ms/99.8%, 50ms/99.9%, 100ms/99.9%
[10.874s][info][gc,marking  ] GC(12) Mark: 1 stripe(s), 2 proactive flush(es), 1 terminate flush(es), 0 completion(s), 0 continuation(s) 
[10.874s][info][gc,marking  ] GC(12) Mark Stack Usage: 32M
[10.874s][info][gc,nmethod  ] GC(12) NMethods: 2136 registered, 500 unregistered
[10.874s][info][gc,metaspace] GC(12) Metaspace: 13M used, 14M committed, 1088M reserved
[10.874s][info][gc,ref      ] GC(12) Soft: 210 encountered, 0 discovered, 0 enqueued
[10.874s][info][gc,ref      ] GC(12) Weak: 718 encountered, 433 discovered, 0 enqueued
[10.874s][info][gc,ref      ] GC(12) Final: 0 encountered, 0 discovered, 0 enqueued
[10.874s][info][gc,ref      ] GC(12) Phantom: 59 encountered, 41 discovered, 0 enqueued
[10.874s][info][gc,reloc    ] GC(12) Small Pages: 790 / 1580M, Empty: 1460M, Relocated: 0M, In-Place: 0
[10.874s][info][gc,reloc    ] GC(12) Medium Pages: 0 / 0M, Empty: 0M, Relocated: 0M, In-Place: 0
[10.875s][info][gc,reloc    ] GC(12) Large Pages: 0 / 0M, Empty: 0M, Relocated: 0M, In-Place: 0
[10.875s][info][gc,reloc    ] GC(12) Forwarding Usage: 0M
[10.875s][info][gc,heap     ] GC(12) Min Capacity: 8M(0%)
[10.875s][info][gc,heap     ] GC(12) Max Capacity: 2048M(100%)
[10.875s][info][gc,heap     ] GC(12) Soft Max Capacity: 2048M(100%)
[10.875s][info][gc,heap     ] GC(12)                Mark Start          Mark End        Relocate Start      Relocate End           High               Low         
[10.875s][info][gc,heap     ] GC(12)  Capacity:     2048M (100%)       2048M (100%)       2048M (100%)       2048M (100%)       2048M (100%)       2048M (100%)   
[10.875s][info][gc,heap     ] GC(12)      Free:      468M (23%)         426M (21%)        1838M (90%)        1944M (95%)        1944M (95%)         386M (19%)    
[10.875s][info][gc,heap     ] GC(12)      Used:     1580M (77%)        1622M (79%)         210M (10%)         104M (5%)         1662M (81%)         104M (5%)     
[10.875s][info][gc,heap     ] GC(12)      Live:         -                 9M (0%)            9M (0%)            9M (0%)             -                  -          
[10.875s][info][gc,heap     ] GC(12) Allocated:         -                42M (2%)           90M (4%)           91M (4%)             -                  -          
[10.875s][info][gc,heap     ] GC(12)   Garbage:         -              1570M (77%)         110M (5%)            2M (0%)             -                  -          
[10.875s][info][gc,heap     ] GC(12) Reclaimed:         -                  -              1460M (71%)        1567M (77%)            -                  -          
[10.875s][info][gc          ] GC(12) Garbage Collection (Allocation Rate) 1580M(77%)->104M(5%)
[11.525s][info][gc,start    ] GC(13) Garbage Collection (Proactive)
[11.525s][info][gc,task     ] GC(13) Using 12 workers
[11.525s][info][gc,phases   ] GC(13) Pause Mark Start 0.010ms
[11.530s][info][gc,phases   ] GC(13) Concurrent Mark 4.244ms
[11.530s][info][gc,phases   ] GC(13) Pause Mark End 0.015ms
[11.530s][info][gc,phases   ] GC(13) Concurrent Mark Free 0.001ms
[11.531s][info][gc,phases   ] GC(13) Concurrent Process Non-Strong References 1.465ms
[11.531s][info][gc,phases   ] GC(13) Concurrent Reset Relocation Set 0.008ms
[11.535s][info][gc,phases   ] GC(13) Concurrent Select Relocation Set 3.919ms
[11.535s][info][gc,phases   ] GC(13) Pause Relocate Start 0.005ms
[11.536s][info][gc,phases   ] GC(13) Concurrent Relocate 0.516ms
[11.536s][info][gc,load     ] GC(13) Load: 0.00/0.00/0.00
[11.536s][info][gc,mmu      ] GC(13) MMU: 2ms/98.5%, 5ms/99.4%, 10ms/99.7%, 20ms/99.8%, 50ms/99.9%, 100ms/99.9%
[11.536s][info][gc,marking  ] GC(13) Mark: 8 stripe(s), 2 proactive flush(es), 2 terminate flush(es), 0 completion(s), 0 continuation(s) 
[11.536s][info][gc,marking  ] GC(13) Mark Stack Usage: 32M
[11.536s][info][gc,nmethod  ] GC(13) NMethods: 2136 registered, 500 unregistered
[11.536s][info][gc,metaspace] GC(13) Metaspace: 13M used, 14M committed, 1088M reserved
[11.536s][info][gc,ref      ] GC(13) Soft: 210 encountered, 0 discovered, 0 enqueued
[11.536s][info][gc,ref      ] GC(13) Weak: 718 encountered, 42 discovered, 0 enqueued
[11.536s][info][gc,ref      ] GC(13) Final: 0 encountered, 0 discovered, 0 enqueued
[11.536s][info][gc,ref      ] GC(13) Phantom: 59 encountered, 47 discovered, 0 enqueued
[11.536s][info][gc,reloc    ] GC(13) Small Pages: 542 / 1084M, Empty: 984M, Relocated: 1M, In-Place: 0
[11.536s][info][gc,reloc    ] GC(13) Medium Pages: 0 / 0M, Empty: 0M, Relocated: 0M, In-Place: 0
[11.536s][info][gc,reloc    ] GC(13) Large Pages: 0 / 0M, Empty: 0M, Relocated: 0M, In-Place: 0
[11.536s][info][gc,reloc    ] GC(13) Forwarding Usage: 0M
[11.536s][info][gc,heap     ] GC(13) Min Capacity: 8M(0%)
[11.536s][info][gc,heap     ] GC(13) Max Capacity: 2048M(100%)
[11.536s][info][gc,heap     ] GC(13) Soft Max Capacity: 2048M(100%)
[11.536s][info][gc,heap     ] GC(13)                Mark Start          Mark End        Relocate Start      Relocate End           High               Low         
[11.536s][info][gc,heap     ] GC(13)  Capacity:     2048M (100%)       2048M (100%)       2048M (100%)       2048M (100%)       2048M (100%)       2048M (100%)   
[11.536s][info][gc,heap     ] GC(13)      Free:      964M (47%)         950M (46%)        1924M (94%)        1990M (97%)        1990M (97%)         950M (46%)    
[11.536s][info][gc,heap     ] GC(13)      Used:     1084M (53%)        1098M (54%)         124M (6%)           58M (3%)         1098M (54%)          58M (3%)     
[11.536s][info][gc,heap     ] GC(13)      Live:         -                10M (0%)           10M (0%)           10M (0%)             -                  -          
[11.536s][info][gc,heap     ] GC(13) Allocated:         -                14M (1%)           24M (1%)           23M (1%)             -                  -          
[11.536s][info][gc,heap     ] GC(13)   Garbage:         -              1073M (52%)          89M (4%)           24M (1%)             -                  -          
[11.536s][info][gc,heap     ] GC(13) Reclaimed:         -                  -               984M (48%)        1049M (51%)            -                  -          
[11.536s][info][gc          ] GC(13) Garbage Collection (Proactive) 1084M(53%)->58M(3%)
[12.325s][info][gc,start    ] GC(14) Garbage Collection (Proactive)
[12.326s][info][gc,task     ] GC(14) Using 12 workers
[12.326s][info][gc,phases   ] GC(14) Pause Mark Start 0.012ms
[12.331s][info][gc,phases   ] GC(14) Concurrent Mark 5.665ms
[12.332s][info][gc,phases   ] GC(14) Pause Mark End 0.018ms
[12.332s][info][gc,phases   ] GC(14) Concurrent Mark Free 0.001ms
[12.334s][info][gc,phases   ] GC(14) Concurrent Process Non-Strong References 1.990ms
[12.334s][info][gc,phases   ] GC(14) Concurrent Reset Relocation Set 0.006ms
[12.338s][info][gc,phases   ] GC(14) Concurrent Select Relocation Set 4.635ms
[12.338s][info][gc,phases   ] GC(14) Pause Relocate Start 0.004ms
[12.339s][info][gc,phases   ] GC(14) Concurrent Relocate 0.336ms
[12.339s][info][gc,load     ] GC(14) Load: 0.00/0.00/0.00
[12.339s][info][gc,mmu      ] GC(14) MMU: 2ms/98.5%, 5ms/99.4%, 10ms/99.7%, 20ms/99.8%, 50ms/99.9%, 100ms/99.9%
[12.339s][info][gc,marking  ] GC(14) Mark: 8 stripe(s), 3 proactive flush(es), 1 terminate flush(es), 0 completion(s), 0 continuation(s) 
[12.339s][info][gc,marking  ] GC(14) Mark Stack Usage: 32M
[12.339s][info][gc,nmethod  ] GC(14) NMethods: 2136 registered, 500 unregistered
[12.339s][info][gc,metaspace] GC(14) Metaspace: 13M used, 14M committed, 1088M reserved
[12.339s][info][gc,ref      ] GC(14) Soft: 210 encountered, 0 discovered, 0 enqueued
[12.339s][info][gc,ref      ] GC(14) Weak: 718 encountered, 76 discovered, 0 enqueued
[12.339s][info][gc,ref      ] GC(14) Final: 0 encountered, 0 discovered, 0 enqueued
[12.339s][info][gc,ref      ] GC(14) Phantom: 59 encountered, 55 discovered, 0 enqueued
[12.339s][info][gc,reloc    ] GC(14) Small Pages: 726 / 1452M, Empty: 1320M, Relocated: 1M, In-Place: 0
[12.339s][info][gc,reloc    ] GC(14) Medium Pages: 0 / 0M, Empty: 0M, Relocated: 0M, In-Place: 0
[12.339s][info][gc,reloc    ] GC(14) Large Pages: 0 / 0M, Empty: 0M, Relocated: 0M, In-Place: 0
[12.339s][info][gc,reloc    ] GC(14) Forwarding Usage: 0M
[12.339s][info][gc,heap     ] GC(14) Min Capacity: 8M(0%)
[12.339s][info][gc,heap     ] GC(14) Max Capacity: 2048M(100%)
[12.339s][info][gc,heap     ] GC(14) Soft Max Capacity: 2048M(100%)
[12.339s][info][gc,heap     ] GC(14)                Mark Start          Mark End        Relocate Start      Relocate End           High               Low         
[12.339s][info][gc,heap     ] GC(14)  Capacity:     2048M (100%)       2048M (100%)       2048M (100%)       2048M (100%)       2048M (100%)       2048M (100%)   
[12.339s][info][gc,heap     ] GC(14)      Free:      596M (29%)         582M (28%)        1888M (92%)        1986M (97%)        1986M (97%)         574M (28%)    
[12.339s][info][gc,heap     ] GC(14)      Used:     1452M (71%)        1466M (72%)         160M (8%)           62M (3%)         1474M (72%)          62M (3%)     
[12.339s][info][gc,heap     ] GC(14)      Live:         -                10M (0%)           10M (0%)           10M (0%)             -                  -          
[12.339s][info][gc,heap     ] GC(14) Allocated:         -                14M (1%)           28M (1%)           27M (1%)             -                  -          
[12.339s][info][gc,heap     ] GC(14)   Garbage:         -              1441M (70%)         121M (6%)           23M (1%)             -                  -          
[12.339s][info][gc,heap     ] GC(14) Reclaimed:         -                  -              1320M (64%)        1417M (69%)            -                  -          
[12.339s][info][gc          ] GC(14) Garbage Collection (Proactive) 1452M(71%)->62M(3%)
[13.124s][info][gc,start    ] GC(15) Garbage Collection (Allocation Rate)
[13.124s][info][gc,task     ] GC(15) Using 1 workers
[13.124s][info][gc,phases   ] GC(15) Pause Mark Start 0.010ms
[13.143s][info][gc,phases   ] GC(15) Concurrent Mark 18.970ms
[13.144s][info][gc,phases   ] GC(15) Pause Mark End 0.014ms
[13.144s][info][gc,phases   ] GC(15) Concurrent Mark Free 0.001ms
[13.165s][info][gc,phases   ] GC(15) Concurrent Process Non-Strong References 21.177ms
[13.165s][info][gc,phases   ] GC(15) Concurrent Reset Relocation Set 0.009ms
[13.169s][info][gc,phases   ] GC(15) Concurrent Select Relocation Set 4.286ms
[13.169s][info][gc,phases   ] GC(15) Pause Relocate Start 0.008ms
[13.170s][info][gc,phases   ] GC(15) Concurrent Relocate 0.831ms
[13.170s][info][gc,load     ] GC(15) Load: 0.00/0.00/0.00
[13.170s][info][gc,mmu      ] GC(15) MMU: 2ms/98.5%, 5ms/99.4%, 10ms/99.7%, 20ms/99.8%, 50ms/99.9%, 100ms/99.9%
[13.170s][info][gc,marking  ] GC(15) Mark: 1 stripe(s), 2 proactive flush(es), 1 terminate flush(es), 0 completion(s), 0 continuation(s) 
[13.171s][info][gc,marking  ] GC(15) Mark Stack Usage: 32M
[13.171s][info][gc,nmethod  ] GC(15) NMethods: 2136 registered, 500 unregistered
[13.171s][info][gc,metaspace] GC(15) Metaspace: 13M used, 14M committed, 1088M reserved
[13.171s][info][gc,ref      ] GC(15) Soft: 210 encountered, 0 discovered, 0 enqueued
[13.171s][info][gc,ref      ] GC(15) Weak: 718 encountered, 433 discovered, 0 enqueued
[13.171s][info][gc,ref      ] GC(15) Final: 0 encountered, 0 discovered, 0 enqueued
[13.171s][info][gc,ref      ] GC(15) Phantom: 59 encountered, 41 discovered, 0 enqueued
[13.171s][info][gc,reloc    ] GC(15) Small Pages: 762 / 1524M, Empty: 1394M, Relocated: 1M, In-Place: 0
[13.171s][info][gc,reloc    ] GC(15) Medium Pages: 0 / 0M, Empty: 0M, Relocated: 0M, In-Place: 0
[13.171s][info][gc,reloc    ] GC(15) Large Pages: 0 / 0M, Empty: 0M, Relocated: 0M, In-Place: 0
[13.171s][info][gc,reloc    ] GC(15) Forwarding Usage: 0M
[13.171s][info][gc,heap     ] GC(15) Min Capacity: 8M(0%)
[13.171s][info][gc,heap     ] GC(15) Max Capacity: 2048M(100%)
[13.171s][info][gc,heap     ] GC(15) Soft Max Capacity: 2048M(100%)
[13.171s][info][gc,heap     ] GC(15)                Mark Start          Mark End        Relocate Start      Relocate End           High               Low         
[13.171s][info][gc,heap     ] GC(15)  Capacity:     2048M (100%)       2048M (100%)       2048M (100%)       2048M (100%)       2048M (100%)       2048M (100%)   
[13.171s][info][gc,heap     ] GC(15)      Free:      524M (26%)         482M (24%)        1828M (89%)        1944M (95%)        1944M (95%)         442M (22%)    
[13.171s][info][gc,heap     ] GC(15)      Used:     1524M (74%)        1566M (76%)         220M (11%)         104M (5%)         1606M (78%)         104M (5%)     
[13.171s][info][gc,heap     ] GC(15)      Live:         -                10M (1%)           10M (1%)           10M (1%)             -                  -          
[13.171s][info][gc,heap     ] GC(15) Allocated:         -                42M (2%)           90M (4%)           91M (4%)             -                  -          
[13.171s][info][gc,heap     ] GC(15)   Garbage:         -              1513M (74%)         119M (6%)            2M (0%)             -                  -          
[13.171s][info][gc,heap     ] GC(15) Reclaimed:         -                  -              1394M (68%)        1511M (74%)            -                  -          
[13.171s][info][gc          ] GC(15) Garbage Collection (Allocation Rate) 1524M(74%)->104M(5%)
[14.025s][info][gc,start    ] GC(16) Garbage Collection (Allocation Rate)
[14.026s][info][gc,task     ] GC(16) Using 1 workers
[14.026s][info][gc,phases   ] GC(16) Pause Mark Start 0.009ms
[14.045s][info][gc,phases   ] GC(16) Concurrent Mark 18.784ms
[14.045s][info][gc,phases   ] GC(16) Pause Mark End 0.016ms
[14.045s][info][gc,phases   ] GC(16) Concurrent Mark Free 0.001ms
[14.067s][info][gc,phases   ] GC(16) Concurrent Process Non-Strong References 21.949ms
[14.067s][info][gc,phases   ] GC(16) Concurrent Reset Relocation Set 0.009ms
[14.071s][info][gc,phases   ] GC(16) Concurrent Select Relocation Set 4.532ms
[14.072s][info][gc,phases   ] GC(16) Pause Relocate Start 0.007ms
[14.072s][info][gc,phases   ] GC(16) Concurrent Relocate 0.429ms
[14.072s][info][gc,load     ] GC(16) Load: 0.00/0.00/0.00
[14.072s][info][gc,mmu      ] GC(16) MMU: 2ms/98.5%, 5ms/99.4%, 10ms/99.7%, 20ms/99.8%, 50ms/99.9%, 100ms/99.9%
[14.072s][info][gc,marking  ] GC(16) Mark: 1 stripe(s), 2 proactive flush(es), 1 terminate flush(es), 0 completion(s), 0 continuation(s) 
[14.072s][info][gc,marking  ] GC(16) Mark Stack Usage: 32M
[14.072s][info][gc,nmethod  ] GC(16) NMethods: 2136 registered, 500 unregistered
[14.072s][info][gc,metaspace] GC(16) Metaspace: 13M used, 14M committed, 1088M reserved
[14.072s][info][gc,ref      ] GC(16) Soft: 210 encountered, 0 discovered, 0 enqueued
[14.072s][info][gc,ref      ] GC(16) Weak: 718 encountered, 433 discovered, 0 enqueued
[14.072s][info][gc,ref      ] GC(16) Final: 0 encountered, 0 discovered, 0 enqueued
[14.072s][info][gc,ref      ] GC(16) Phantom: 59 encountered, 41 discovered, 0 enqueued
[14.072s][info][gc,reloc    ] GC(16) Small Pages: 804 / 1608M, Empty: 1488M, Relocated: 1M, In-Place: 0
[14.072s][info][gc,reloc    ] GC(16) Medium Pages: 0 / 0M, Empty: 0M, Relocated: 0M, In-Place: 0
[14.072s][info][gc,reloc    ] GC(16) Large Pages: 0 / 0M, Empty: 0M, Relocated: 0M, In-Place: 0
[14.072s][info][gc,reloc    ] GC(16) Forwarding Usage: 0M
[14.072s][info][gc,heap     ] GC(16) Min Capacity: 8M(0%)
[14.072s][info][gc,heap     ] GC(16) Max Capacity: 2048M(100%)
[14.072s][info][gc,heap     ] GC(16) Soft Max Capacity: 2048M(100%)
[14.072s][info][gc,heap     ] GC(16)                Mark Start          Mark End        Relocate Start      Relocate End           High               Low         
[14.072s][info][gc,heap     ] GC(16)  Capacity:     2048M (100%)       2048M (100%)       2048M (100%)       2048M (100%)       2048M (100%)       2048M (100%)   
[14.072s][info][gc,heap     ] GC(16)      Free:      440M (21%)         404M (20%)        1844M (90%)        1950M (95%)        1950M (95%)         364M (18%)    
[14.072s][info][gc,heap     ] GC(16)      Used:     1608M (79%)        1644M (80%)         204M (10%)          98M (5%)         1684M (82%)          98M (5%)     
[14.072s][info][gc,heap     ] GC(16)      Live:         -                10M (1%)           10M (1%)           10M (1%)             -                  -          
[14.072s][info][gc,heap     ] GC(16) Allocated:         -                36M (2%)           84M (4%)           84M (4%)             -                  -          
[14.073s][info][gc,heap     ] GC(16)   Garbage:         -              1597M (78%)         109M (5%)            2M (0%)             -                  -          
[14.073s][info][gc,heap     ] GC(16) Reclaimed:         -                  -              1488M (73%)        1594M (78%)            -                  -          
[14.073s][info][gc          ] GC(16) Garbage Collection (Allocation Rate) 1608M(79%)->98M(5%)
[14.725s][info][gc,start    ] GC(17) Garbage Collection (Proactive)
[14.725s][info][gc,task     ] GC(17) Using 12 workers
[14.725s][info][gc,phases   ] GC(17) Pause Mark Start 0.011ms
[14.731s][info][gc,phases   ] GC(17) Concurrent Mark 5.522ms
[14.731s][info][gc,phases   ] GC(17) Pause Mark End 0.017ms
[14.731s][info][gc,phases   ] GC(17) Concurrent Mark Free 0.001ms
[14.733s][info][gc,phases   ] GC(17) Concurrent Process Non-Strong References 1.761ms
[14.733s][info][gc,phases   ] GC(17) Concurrent Reset Relocation Set 0.008ms
[14.737s][info][gc,phases   ] GC(17) Concurrent Select Relocation Set 4.051ms
[14.737s][info][gc,phases   ] GC(17) Pause Relocate Start 0.004ms
[14.738s][info][gc,phases   ] GC(17) Concurrent Relocate 0.320ms
[14.738s][info][gc,load     ] GC(17) Load: 0.00/0.00/0.00
[14.738s][info][gc,mmu      ] GC(17) MMU: 2ms/98.5%, 5ms/99.4%, 10ms/99.7%, 20ms/99.8%, 50ms/99.9%, 100ms/99.9%
[14.738s][info][gc,marking  ] GC(17) Mark: 8 stripe(s), 2 proactive flush(es), 1 terminate flush(es), 0 completion(s), 0 continuation(s) 
[14.738s][info][gc,marking  ] GC(17) Mark Stack Usage: 32M
[14.738s][info][gc,nmethod  ] GC(17) NMethods: 2137 registered, 501 unregistered
[14.738s][info][gc,metaspace] GC(17) Metaspace: 13M used, 14M committed, 1088M reserved
[14.738s][info][gc,ref      ] GC(17) Soft: 210 encountered, 0 discovered, 0 enqueued
[14.738s][info][gc,ref      ] GC(17) Weak: 712 encountered, 176 discovered, 0 enqueued
[14.738s][info][gc,ref      ] GC(17) Final: 0 encountered, 0 discovered, 0 enqueued
[14.738s][info][gc,ref      ] GC(17) Phantom: 59 encountered, 38 discovered, 0 enqueued
[14.738s][info][gc,reloc    ] GC(17) Small Pages: 545 / 1090M, Empty: 986M, Relocated: 1M, In-Place: 0
[14.738s][info][gc,reloc    ] GC(17) Medium Pages: 0 / 0M, Empty: 0M, Relocated: 0M, In-Place: 0
[14.738s][info][gc,reloc    ] GC(17) Large Pages: 0 / 0M, Empty: 0M, Relocated: 0M, In-Place: 0
[14.738s][info][gc,reloc    ] GC(17) Forwarding Usage: 0M
[14.738s][info][gc,heap     ] GC(17) Min Capacity: 8M(0%)
[14.738s][info][gc,heap     ] GC(17) Max Capacity: 2048M(100%)
[14.738s][info][gc,heap     ] GC(17) Soft Max Capacity: 2048M(100%)
[14.738s][info][gc,heap     ] GC(17)                Mark Start          Mark End        Relocate Start      Relocate End           High               Low         
[14.738s][info][gc,heap     ] GC(17)  Capacity:     2048M (100%)       2048M (100%)       2048M (100%)       2048M (100%)       2048M (100%)       2048M (100%)   
[14.738s][info][gc,heap     ] GC(17)      Free:      958M (47%)         946M (46%)        1920M (94%)        1988M (97%)        1988M (97%)         938M (46%)    
[14.738s][info][gc,heap     ] GC(17)      Used:     1090M (53%)        1102M (54%)         128M (6%)           60M (3%)         1110M (54%)          60M (3%)     
[14.738s][info][gc,heap     ] GC(17)      Live:         -                10M (1%)           10M (1%)           10M (1%)             -                  -          
[14.738s][info][gc,heap     ] GC(17) Allocated:         -                12M (1%)           24M (1%)           24M (1%)             -                  -          
[14.738s][info][gc,heap     ] GC(17)   Garbage:         -              1079M (53%)          93M (5%)           25M (1%)             -                  -          
[14.738s][info][gc,heap     ] GC(17) Reclaimed:         -                  -               986M (48%)        1054M (51%)            -                  -          
[14.738s][info][gc          ] GC(17) Garbage Collection (Proactive) 1090M(53%)->60M(3%)
[15.526s][info][gc,start    ] GC(18) Garbage Collection (Allocation Rate)
[15.526s][info][gc,task     ] GC(18) Using 1 workers
[15.526s][info][gc,phases   ] GC(18) Pause Mark Start 0.011ms
[15.544s][info][gc,phases   ] GC(18) Concurrent Mark 17.952ms
[15.544s][info][gc,phases   ] GC(18) Pause Mark End 0.015ms
[15.544s][info][gc,phases   ] GC(18) Concurrent Mark Free 0.001ms
[15.565s][info][gc,phases   ] GC(18) Concurrent Process Non-Strong References 20.454ms
[15.565s][info][gc,phases   ] GC(18) Concurrent Reset Relocation Set 0.004ms
[15.569s][info][gc,phases   ] GC(18) Concurrent Select Relocation Set 4.373ms
[15.570s][info][gc,phases   ] GC(18) Pause Relocate Start 0.007ms
[15.570s][info][gc,phases   ] GC(18) Concurrent Relocate 0.548ms
[15.570s][info][gc,load     ] GC(18) Load: 0.00/0.00/0.00
[15.570s][info][gc,mmu      ] GC(18) MMU: 2ms/98.5%, 5ms/99.4%, 10ms/99.7%, 20ms/99.8%, 50ms/99.9%, 100ms/99.9%
[15.570s][info][gc,marking  ] GC(18) Mark: 1 stripe(s), 2 proactive flush(es), 1 terminate flush(es), 0 completion(s), 0 continuation(s) 
[15.570s][info][gc,marking  ] GC(18) Mark Stack Usage: 32M
[15.570s][info][gc,nmethod  ] GC(18) NMethods: 2139 registered, 506 unregistered
[15.570s][info][gc,metaspace] GC(18) Metaspace: 13M used, 14M committed, 1088M reserved
[15.570s][info][gc,ref      ] GC(18) Soft: 210 encountered, 0 discovered, 0 enqueued
[15.570s][info][gc,ref      ] GC(18) Weak: 678 encountered, 431 discovered, 0 enqueued
[15.570s][info][gc,ref      ] GC(18) Final: 0 encountered, 0 discovered, 0 enqueued
[15.570s][info][gc,ref      ] GC(18) Phantom: 59 encountered, 41 discovered, 0 enqueued
[15.570s][info][gc,reloc    ] GC(18) Small Pages: 760 / 1520M, Empty: 1386M, Relocated: 1M, In-Place: 0
[15.570s][info][gc,reloc    ] GC(18) Medium Pages: 0 / 0M, Empty: 0M, Relocated: 0M, In-Place: 0
[15.570s][info][gc,reloc    ] GC(18) Large Pages: 0 / 0M, Empty: 0M, Relocated: 0M, In-Place: 0
[15.570s][info][gc,reloc    ] GC(18) Forwarding Usage: 0M
[15.570s][info][gc,heap     ] GC(18) Min Capacity: 8M(0%)
[15.570s][info][gc,heap     ] GC(18) Max Capacity: 2048M(100%)
[15.570s][info][gc,heap     ] GC(18) Soft Max Capacity: 2048M(100%)
[15.570s][info][gc,heap     ] GC(18)                Mark Start          Mark End        Relocate Start      Relocate End           High               Low         
[15.570s][info][gc,heap     ] GC(18)  Capacity:     2048M (100%)       2048M (100%)       2048M (100%)       2048M (100%)       2048M (100%)       2048M (100%)   
[15.570s][info][gc,heap     ] GC(18)      Free:      528M (26%)         492M (24%)        1826M (89%)        1946M (95%)        1946M (95%)         450M (22%)    
[15.571s][info][gc,heap     ] GC(18)      Used:     1520M (74%)        1556M (76%)         222M (11%)         102M (5%)         1598M (78%)         102M (5%)     
[15.571s][info][gc,heap     ] GC(18)      Live:         -                 9M (0%)            9M (0%)            9M (0%)             -                  -          
[15.571s][info][gc,heap     ] GC(18) Allocated:         -                36M (2%)           88M (4%)           89M (4%)             -                  -          
[15.571s][info][gc,heap     ] GC(18)   Garbage:         -              1510M (74%)         124M (6%)            3M (0%)             -                  -          
[15.571s][info][gc,heap     ] GC(18) Reclaimed:         -                  -              1386M (68%)        1507M (74%)            -                  -          
[15.571s][info][gc          ] GC(18) Garbage Collection (Allocation Rate) 1520M(74%)->102M(5%)
[15.937s][info][gc,start    ] GC(19) Garbage Collection (System.gc())
[15.937s][info][gc,task     ] GC(19) Using 12 workers
[15.937s][info][gc,phases   ] GC(19) Pause Mark Start 0.016ms
[15.953s][info][gc,phases   ] GC(19) Concurrent Mark 16.257ms
[15.953s][info][gc,phases   ] GC(19) Pause Mark End 0.016ms
[15.953s][info][gc,phases   ] GC(19) Concurrent Mark Free 0.001ms
[15.957s][info][gc,phases   ] GC(19) Concurrent Process Non-Strong References 3.940ms
[15.957s][info][gc,phases   ] GC(19) Concurrent Reset Relocation Set 0.007ms
[15.962s][info][gc,phases   ] GC(19) Concurrent Select Relocation Set 4.088ms
[15.962s][info][gc,phases   ] GC(19) Pause Relocate Start 0.007ms
[15.965s][info][gc,phases   ] GC(19) Concurrent Relocate 3.074ms
[15.965s][info][gc,load     ] GC(19) Load: 0.00/0.00/0.00
[15.965s][info][gc,mmu      ] GC(19) MMU: 2ms/98.5%, 5ms/99.4%, 10ms/99.7%, 20ms/99.8%, 50ms/99.9%, 100ms/99.9%
[15.965s][info][gc,marking  ] GC(19) Mark: 8 stripe(s), 2 proactive flush(es), 1 terminate flush(es), 0 completion(s), 0 continuation(s) 
[15.965s][info][gc,marking  ] GC(19) Mark Stack Usage: 32M
[15.965s][info][gc,nmethod  ] GC(19) NMethods: 2125 registered, 522 unregistered
[15.965s][info][gc,metaspace] GC(19) Metaspace: 13M used, 14M committed, 1088M reserved
[15.965s][info][gc,ref      ] GC(19) Soft: 211 encountered, 0 discovered, 0 enqueued
[15.965s][info][gc,ref      ] GC(19) Weak: 631 encountered, 169 discovered, 3 enqueued
[15.965s][info][gc,ref      ] GC(19) Final: 0 encountered, 0 discovered, 0 enqueued
[15.965s][info][gc,ref      ] GC(19) Phantom: 61 encountered, 59 discovered, 2 enqueued
[15.965s][info][gc,reloc    ] GC(19) Small Pages: 361 / 722M, Empty: 698M, Relocated: 1M, In-Place: 0
[15.965s][info][gc,reloc    ] GC(19) Medium Pages: 0 / 0M, Empty: 0M, Relocated: 0M, In-Place: 0
[15.965s][info][gc,reloc    ] GC(19) Large Pages: 0 / 0M, Empty: 0M, Relocated: 0M, In-Place: 0
[15.965s][info][gc,reloc    ] GC(19) Forwarding Usage: 0M
[15.965s][info][gc,heap     ] GC(19) Min Capacity: 8M(0%)
[15.965s][info][gc,heap     ] GC(19) Max Capacity: 2048M(100%)
[15.965s][info][gc,heap     ] GC(19) Soft Max Capacity: 2048M(100%)
[15.965s][info][gc,heap     ] GC(19)                Mark Start          Mark End        Relocate Start      Relocate End           High               Low         
[15.965s][info][gc,heap     ] GC(19)  Capacity:     2048M (100%)       2048M (100%)       2048M (100%)       2048M (100%)       2048M (100%)       2048M (100%)   
[15.965s][info][gc,heap     ] GC(19)      Free:     1326M (65%)        1326M (65%)        2022M (99%)        2022M (99%)        2022M (99%)        1326M (65%)    
[15.965s][info][gc,heap     ] GC(19)      Used:      722M (35%)         722M (35%)          26M (1%)           26M (1%)          722M (35%)          26M (1%)     
[15.965s][info][gc,heap     ] GC(19)      Live:         -                 6M (0%)            6M (0%)            6M (0%)             -                  -          
[15.965s][info][gc,heap     ] GC(19) Allocated:         -                 0M (0%)            2M (0%)            2M (0%)             -                  -          
[15.966s][info][gc,heap     ] GC(19)   Garbage:         -               715M (35%)          17M (1%)           17M (1%)             -                  -          
[15.966s][info][gc,heap     ] GC(19) Reclaimed:         -                  -               698M (34%)         698M (34%)            -                  -          
[15.966s][info][gc          ] GC(19) Garbage Collection (System.gc()) 722M(35%)->26M(1%)
[16.525s][info][gc,start    ] GC(20) Garbage Collection (Allocation Rate)
[16.525s][info][gc,task     ] GC(20) Using 2 workers
[16.525s][info][gc,phases   ] GC(20) Pause Mark Start 0.009ms
[16.540s][info][gc,phases   ] GC(20) Concurrent Mark 15.117ms
[16.540s][info][gc,phases   ] GC(20) Pause Mark End 0.016ms
[16.540s][info][gc,phases   ] GC(20) Concurrent Mark Free 0.001ms
[16.555s][info][gc,phases   ] GC(20) Concurrent Process Non-Strong References 14.939ms
[16.555s][info][gc,phases   ] GC(20) Concurrent Reset Relocation Set 0.002ms
[16.559s][info][gc,phases   ] GC(20) Concurrent Select Relocation Set 3.454ms
[16.559s][info][gc,phases   ] GC(20) Pause Relocate Start 0.007ms
[16.560s][info][gc,phases   ] GC(20) Concurrent Relocate 0.714ms
[16.560s][info][gc,load     ] GC(20) Load: 0.00/0.00/0.00
[16.560s][info][gc,mmu      ] GC(20) MMU: 2ms/98.5%, 5ms/99.4%, 10ms/99.7%, 20ms/99.8%, 50ms/99.9%, 100ms/99.9%
[16.560s][info][gc,marking  ] GC(20) Mark: 2 stripe(s), 2 proactive flush(es), 1 terminate flush(es), 0 completion(s), 0 continuation(s) 
[16.560s][info][gc,marking  ] GC(20) Mark Stack Usage: 32M
[16.560s][info][gc,nmethod  ] GC(20) NMethods: 2142 registered, 544 unregistered
[16.560s][info][gc,metaspace] GC(20) Metaspace: 13M used, 14M committed, 1088M reserved
[16.560s][info][gc,ref      ] GC(20) Soft: 211 encountered, 0 discovered, 0 enqueued
[16.560s][info][gc,ref      ] GC(20) Weak: 724 encountered, 95 discovered, 1 enqueued
[16.560s][info][gc,ref      ] GC(20) Final: 0 encountered, 0 discovered, 0 enqueued
[16.560s][info][gc,ref      ] GC(20) Phantom: 59 encountered, 50 discovered, 0 enqueued
[16.560s][info][gc,reloc    ] GC(20) Small Pages: 543 / 1086M, Empty: 976M, Relocated: 2M, In-Place: 0
[16.560s][info][gc,reloc    ] GC(20) Medium Pages: 0 / 0M, Empty: 0M, Relocated: 0M, In-Place: 0
[16.560s][info][gc,reloc    ] GC(20) Large Pages: 0 / 0M, Empty: 0M, Relocated: 0M, In-Place: 0
[16.560s][info][gc,reloc    ] GC(20) Forwarding Usage: 0M
[16.560s][info][gc,heap     ] GC(20) Min Capacity: 8M(0%)
[16.560s][info][gc,heap     ] GC(20) Max Capacity: 2048M(100%)
[16.560s][info][gc,heap     ] GC(20) Soft Max Capacity: 2048M(100%)
[16.560s][info][gc,heap     ] GC(20)                Mark Start          Mark End        Relocate Start      Relocate End           High               Low         
[16.560s][info][gc,heap     ] GC(20)  Capacity:     2048M (100%)       2048M (100%)       2048M (100%)       2048M (100%)       2048M (100%)       2048M (100%)   
[16.560s][info][gc,heap     ] GC(20)      Free:      962M (47%)         924M (45%)        1864M (91%)        1960M (96%)        1960M (96%)         896M (44%)    
[16.560s][info][gc,heap     ] GC(20)      Used:     1086M (53%)        1124M (55%)         184M (9%)           88M (4%)         1152M (56%)          88M (4%)     
[16.560s][info][gc,heap     ] GC(20)      Live:         -                 8M (0%)            8M (0%)            8M (0%)             -                  -          
[16.560s][info][gc,heap     ] GC(20) Allocated:         -                38M (2%)           74M (4%)           74M (4%)             -                  -          
[16.560s][info][gc,heap     ] GC(20)   Garbage:         -              1077M (53%)         101M (5%)            5M (0%)             -                  -          
[16.560s][info][gc,heap     ] GC(20) Reclaimed:         -                  -               976M (48%)        1072M (52%)            -                  -          
[16.560s][info][gc          ] GC(20) Garbage Collection (Allocation Rate) 1086M(53%)->88M(4%)
[17.325s][info][gc,start    ] GC(21) Garbage Collection (Allocation Rate)
[17.325s][info][gc,task     ] GC(21) Using 2 workers
[17.325s][info][gc,phases   ] GC(21) Pause Mark Start 0.011ms
[17.341s][info][gc,phases   ] GC(21) Concurrent Mark 15.571ms
[17.341s][info][gc,phases   ] GC(21) Pause Mark End 0.015ms
[17.341s][info][gc,phases   ] GC(21) Concurrent Mark Free 0.001ms
[17.349s][info][gc,phases   ] GC(21) Concurrent Process Non-Strong References 7.787ms
[17.349s][info][gc,phases   ] GC(21) Concurrent Reset Relocation Set 0.008ms
[17.354s][info][gc,phases   ] GC(21) Concurrent Select Relocation Set 4.422ms
[17.354s][info][gc,phases   ] GC(21) Pause Relocate Start 0.006ms
[17.354s][info][gc,phases   ] GC(21) Concurrent Relocate 0.584ms
[17.354s][info][gc,load     ] GC(21) Load: 0.00/0.00/0.00
[17.354s][info][gc,mmu      ] GC(21) MMU: 2ms/98.5%, 5ms/99.4%, 10ms/99.7%, 20ms/99.8%, 50ms/99.9%, 100ms/99.9%
[17.354s][info][gc,marking  ] GC(21) Mark: 2 stripe(s), 2 proactive flush(es), 1 terminate flush(es), 0 completion(s), 0 continuation(s) 
[17.355s][info][gc,marking  ] GC(21) Mark Stack Usage: 32M
[17.355s][info][gc,nmethod  ] GC(21) NMethods: 2142 registered, 548 unregistered
[17.355s][info][gc,metaspace] GC(21) Metaspace: 13M used, 14M committed, 1088M reserved
[17.355s][info][gc,ref      ] GC(21) Soft: 211 encountered, 0 discovered, 0 enqueued
[17.355s][info][gc,ref      ] GC(21) Weak: 723 encountered, 361 discovered, 0 enqueued
[17.355s][info][gc,ref      ] GC(21) Final: 0 encountered, 0 discovered, 0 enqueued
[17.355s][info][gc,ref      ] GC(21) Phantom: 59 encountered, 51 discovered, 0 enqueued
[17.355s][info][gc,reloc    ] GC(21) Small Pages: 704 / 1408M, Empty: 1296M, Relocated: 1M, In-Place: 0
[17.355s][info][gc,reloc    ] GC(21) Medium Pages: 0 / 0M, Empty: 0M, Relocated: 0M, In-Place: 0
[17.355s][info][gc,reloc    ] GC(21) Large Pages: 0 / 0M, Empty: 0M, Relocated: 0M, In-Place: 0
[17.355s][info][gc,reloc    ] GC(21) Forwarding Usage: 0M
[17.355s][info][gc,heap     ] GC(21) Min Capacity: 8M(0%)
[17.355s][info][gc,heap     ] GC(21) Max Capacity: 2048M(100%)
[17.355s][info][gc,heap     ] GC(21) Soft Max Capacity: 2048M(100%)
[17.355s][info][gc,heap     ] GC(21)                Mark Start          Mark End        Relocate Start      Relocate End           High               Low         
[17.355s][info][gc,heap     ] GC(21)  Capacity:     2048M (100%)       2048M (100%)       2048M (100%)       2048M (100%)       2048M (100%)       2048M (100%)   
[17.355s][info][gc,heap     ] GC(21)      Free:      640M (31%)         602M (29%)        1878M (92%)        1974M (96%)        1974M (96%)         590M (29%)    
[17.355s][info][gc,heap     ] GC(21)      Used:     1408M (69%)        1446M (71%)         170M (8%)           74M (4%)         1458M (71%)          74M (4%)     
[17.355s][info][gc,heap     ] GC(21)      Live:         -                 8M (0%)            8M (0%)            8M (0%)             -                  -          
[17.355s][info][gc,heap     ] GC(21) Allocated:         -                38M (2%)           58M (3%)           59M (3%)             -                  -          
[17.355s][info][gc,heap     ] GC(21)   Garbage:         -              1399M (68%)         103M (5%)            5M (0%)             -                  -          
[17.355s][info][gc,heap     ] GC(21) Reclaimed:         -                  -              1296M (63%)        1393M (68%)            -                  -          
[17.355s][info][gc          ] GC(21) Garbage Collection (Allocation Rate) 1408M(69%)->74M(4%)
[18.125s][info][gc,start    ] GC(22) Garbage Collection (Allocation Rate)
[18.125s][info][gc,task     ] GC(22) Using 1 workers
[18.125s][info][gc,phases   ] GC(22) Pause Mark Start 0.011ms
[18.146s][info][gc,phases   ] GC(22) Concurrent Mark 20.583ms
[18.146s][info][gc,phases   ] GC(22) Pause Mark End 0.016ms
[18.146s][info][gc,phases   ] GC(22) Concurrent Mark Free 0.001ms
[18.165s][info][gc,phases   ] GC(22) Concurrent Process Non-Strong References 18.471ms
[18.165s][info][gc,phases   ] GC(22) Concurrent Reset Relocation Set 0.006ms
[18.169s][info][gc,phases   ] GC(22) Concurrent Select Relocation Set 3.986ms
[18.169s][info][gc,phases   ] GC(22) Pause Relocate Start 0.007ms
[18.170s][info][gc,phases   ] GC(22) Concurrent Relocate 0.851ms
[18.170s][info][gc,load     ] GC(22) Load: 0.00/0.00/0.00
[18.170s][info][gc,mmu      ] GC(22) MMU: 2ms/98.5%, 5ms/99.4%, 10ms/99.7%, 20ms/99.8%, 50ms/99.9%, 100ms/99.9%
[18.170s][info][gc,marking  ] GC(22) Mark: 1 stripe(s), 2 proactive flush(es), 1 terminate flush(es), 0 completion(s), 0 continuation(s) 
[18.170s][info][gc,marking  ] GC(22) Mark Stack Usage: 32M
[18.170s][info][gc,nmethod  ] GC(22) NMethods: 2141 registered, 550 unregistered
[18.170s][info][gc,metaspace] GC(22) Metaspace: 13M used, 14M committed, 1088M reserved
[18.170s][info][gc,ref      ] GC(22) Soft: 211 encountered, 0 discovered, 0 enqueued
[18.170s][info][gc,ref      ] GC(22) Weak: 723 encountered, 439 discovered, 0 enqueued
[18.170s][info][gc,ref      ] GC(22) Final: 0 encountered, 0 discovered, 0 enqueued
[18.170s][info][gc,ref      ] GC(22) Phantom: 59 encountered, 41 discovered, 0 enqueued
[18.170s][info][gc,reloc    ] GC(22) Small Pages: 705 / 1410M, Empty: 1290M, Relocated: 1M, In-Place: 0
[18.170s][info][gc,reloc    ] GC(22) Medium Pages: 0 / 0M, Empty: 0M, Relocated: 0M, In-Place: 0
[18.170s][info][gc,reloc    ] GC(22) Large Pages: 0 / 0M, Empty: 0M, Relocated: 0M, In-Place: 0
[18.170s][info][gc,reloc    ] GC(22) Forwarding Usage: 0M
[18.170s][info][gc,heap     ] GC(22) Min Capacity: 8M(0%)
[18.170s][info][gc,heap     ] GC(22) Max Capacity: 2048M(100%)
[18.170s][info][gc,heap     ] GC(22) Soft Max Capacity: 2048M(100%)
[18.170s][info][gc,heap     ] GC(22)                Mark Start          Mark End        Relocate Start      Relocate End           High               Low         
[18.170s][info][gc,heap     ] GC(22)  Capacity:     2048M (100%)       2048M (100%)       2048M (100%)       2048M (100%)       2048M (100%)       2048M (100%)   
[18.170s][info][gc,heap     ] GC(22)      Free:      638M (31%)         592M (29%)        1844M (90%)        1950M (95%)        1950M (95%)         562M (27%)    
[18.170s][info][gc,heap     ] GC(22)      Used:     1410M (69%)        1456M (71%)         204M (10%)          98M (5%)         1486M (73%)          98M (5%)     
[18.170s][info][gc,heap     ] GC(22)      Live:         -                 8M (0%)            8M (0%)            8M (0%)             -                  -          
[18.170s][info][gc,heap     ] GC(22) Allocated:         -                46M (2%)           84M (4%)           85M (4%)             -                  -          
[18.170s][info][gc,heap     ] GC(22)   Garbage:         -              1401M (68%)         111M (5%)            3M (0%)             -                  -          
[18.170s][info][gc,heap     ] GC(22) Reclaimed:         -                  -              1290M (63%)        1397M (68%)            -                  -          
[18.170s][info][gc          ] GC(22) Garbage Collection (Allocation Rate) 1410M(69%)->98M(5%)
[19.025s][info][gc,start    ] GC(23) Garbage Collection (Allocation Rate)
[19.025s][info][gc,task     ] GC(23) Using 1 workers
[19.025s][info][gc,phases   ] GC(23) Pause Mark Start 0.012ms
[19.045s][info][gc,phases   ] GC(23) Concurrent Mark 19.581ms
[19.045s][info][gc,phases   ] GC(23) Pause Mark End 0.015ms
[19.045s][info][gc,phases   ] GC(23) Concurrent Mark Free 0.001ms
[19.070s][info][gc,phases   ] GC(23) Concurrent Process Non-Strong References 25.044ms
[19.070s][info][gc,phases   ] GC(23) Concurrent Reset Relocation Set 0.007ms
[19.075s][info][gc,phases   ] GC(23) Concurrent Select Relocation Set 4.386ms
[19.075s][info][gc,phases   ] GC(23) Pause Relocate Start 0.006ms
[19.076s][info][gc,phases   ] GC(23) Concurrent Relocate 1.258ms
[19.076s][info][gc,load     ] GC(23) Load: 0.00/0.00/0.00
[19.076s][info][gc,mmu      ] GC(23) MMU: 2ms/98.5%, 5ms/99.4%, 10ms/99.7%, 20ms/99.8%, 50ms/99.9%, 100ms/99.9%
[19.076s][info][gc,marking  ] GC(23) Mark: 1 stripe(s), 2 proactive flush(es), 1 terminate flush(es), 0 completion(s), 0 continuation(s) 
[19.076s][info][gc,marking  ] GC(23) Mark Stack Usage: 32M
[19.076s][info][gc,nmethod  ] GC(23) NMethods: 2141 registered, 550 unregistered
[19.076s][info][gc,metaspace] GC(23) Metaspace: 13M used, 14M committed, 1088M reserved
[19.076s][info][gc,ref      ] GC(23) Soft: 211 encountered, 0 discovered, 0 enqueued
[19.076s][info][gc,ref      ] GC(23) Weak: 723 encountered, 439 discovered, 0 enqueued
[19.076s][info][gc,ref      ] GC(23) Final: 0 encountered, 0 discovered, 0 enqueued
[19.076s][info][gc,ref      ] GC(23) Phantom: 59 encountered, 41 discovered, 0 enqueued
[19.076s][info][gc,reloc    ] GC(23) Small Pages: 810 / 1620M, Empty: 1500M, Relocated: 2M, In-Place: 0
[19.076s][info][gc,reloc    ] GC(23) Medium Pages: 0 / 0M, Empty: 0M, Relocated: 0M, In-Place: 0
[19.076s][info][gc,reloc    ] GC(23) Large Pages: 0 / 0M, Empty: 0M, Relocated: 0M, In-Place: 0
[19.076s][info][gc,reloc    ] GC(23) Forwarding Usage: 0M
[19.076s][info][gc,heap     ] GC(23) Min Capacity: 8M(0%)
[19.076s][info][gc,heap     ] GC(23) Max Capacity: 2048M(100%)
[19.076s][info][gc,heap     ] GC(23) Soft Max Capacity: 2048M(100%)
[19.076s][info][gc,heap     ] GC(23)                Mark Start          Mark End        Relocate Start      Relocate End           High               Low         
[19.076s][info][gc,heap     ] GC(23)  Capacity:     2048M (100%)       2048M (100%)       2048M (100%)       2048M (100%)       2048M (100%)       2048M (100%)   
[19.077s][info][gc,heap     ] GC(23)      Free:      428M (21%)         382M (19%)        1826M (89%)        1932M (94%)        1932M (94%)         334M (16%)    
[19.077s][info][gc,heap     ] GC(23)      Used:     1620M (79%)        1666M (81%)         222M (11%)         116M (6%)         1714M (84%)         116M (6%)     
[19.077s][info][gc,heap     ] GC(23)      Live:         -                 9M (0%)            9M (0%)            9M (0%)             -                  -          
[19.077s][info][gc,heap     ] GC(23) Allocated:         -                46M (2%)          102M (5%)          104M (5%)             -                  -          
[19.077s][info][gc,heap     ] GC(23)   Garbage:         -              1610M (79%)         110M (5%)            2M (0%)             -                  -          
[19.077s][info][gc,heap     ] GC(23) Reclaimed:         -                  -              1500M (73%)        1608M (79%)            -                  -          
[19.077s][info][gc          ] GC(23) Garbage Collection (Allocation Rate) 1620M(79%)->116M(6%)
[19.825s][info][gc,start    ] GC(24) Garbage Collection (Allocation Rate)
[19.825s][info][gc,task     ] GC(24) Using 1 workers
[19.825s][info][gc,phases   ] GC(24) Pause Mark Start 0.011ms
[19.846s][info][gc,phases   ] GC(24) Concurrent Mark 20.777ms
[19.846s][info][gc,phases   ] GC(24) Pause Mark End 0.018ms
[19.846s][info][gc,phases   ] GC(24) Concurrent Mark Free 0.001ms
[19.877s][info][gc,phases   ] GC(24) Concurrent Process Non-Strong References 30.802ms
[19.877s][info][gc,phases   ] GC(24) Concurrent Reset Relocation Set 0.006ms
[19.881s][info][gc,phases   ] GC(24) Concurrent Select Relocation Set 4.053ms
[19.882s][info][gc,phases   ] GC(24) Pause Relocate Start 0.007ms
[19.884s][info][gc,phases   ] GC(24) Concurrent Relocate 1.890ms
[19.884s][info][gc,load     ] GC(24) Load: 0.00/0.00/0.00
[19.884s][info][gc,mmu      ] GC(24) MMU: 2ms/98.5%, 5ms/99.4%, 10ms/99.7%, 20ms/99.8%, 50ms/99.9%, 100ms/99.9%
[19.884s][info][gc,marking  ] GC(24) Mark: 1 stripe(s), 2 proactive flush(es), 1 terminate flush(es), 0 completion(s), 0 continuation(s) 
[19.884s][info][gc,marking  ] GC(24) Mark Stack Usage: 32M
[19.884s][info][gc,nmethod  ] GC(24) NMethods: 2141 registered, 550 unregistered
[19.884s][info][gc,metaspace] GC(24) Metaspace: 13M used, 14M committed, 1088M reserved
[19.884s][info][gc,ref      ] GC(24) Soft: 211 encountered, 0 discovered, 0 enqueued
[19.884s][info][gc,ref      ] GC(24) Weak: 723 encountered, 439 discovered, 0 enqueued
[19.884s][info][gc,ref      ] GC(24) Final: 0 encountered, 0 discovered, 0 enqueued
[19.884s][info][gc,ref      ] GC(24) Phantom: 59 encountered, 41 discovered, 0 enqueued
[19.884s][info][gc,reloc    ] GC(24) Small Pages: 772 / 1544M, Empty: 1430M, Relocated: 1M, In-Place: 0
[19.884s][info][gc,reloc    ] GC(24) Medium Pages: 0 / 0M, Empty: 0M, Relocated: 0M, In-Place: 0
[19.884s][info][gc,reloc    ] GC(24) Large Pages: 0 / 0M, Empty: 0M, Relocated: 0M, In-Place: 0
[19.884s][info][gc,reloc    ] GC(24) Forwarding Usage: 0M
[19.884s][info][gc,heap     ] GC(24) Min Capacity: 8M(0%)
[19.884s][info][gc,heap     ] GC(24) Max Capacity: 2048M(100%)
[19.884s][info][gc,heap     ] GC(24) Soft Max Capacity: 2048M(100%)
[19.884s][info][gc,heap     ] GC(24)                Mark Start          Mark End        Relocate Start      Relocate End           High               Low         
[19.884s][info][gc,heap     ] GC(24)  Capacity:     2048M (100%)       2048M (100%)       2048M (100%)       2048M (100%)       2048M (100%)       2048M (100%)   
[19.884s][info][gc,heap     ] GC(24)      Free:      504M (25%)         456M (22%)        1818M (89%)        1916M (94%)        1918M (94%)         398M (19%)    
[19.884s][info][gc,heap     ] GC(24)      Used:     1544M (75%)        1592M (78%)         230M (11%)         132M (6%)         1650M (81%)         130M (6%)     
[19.884s][info][gc,heap     ] GC(24)      Live:         -                 9M (0%)            9M (0%)            9M (0%)             -                  -          
[19.884s][info][gc,heap     ] GC(24) Allocated:         -                48M (2%)          116M (6%)          119M (6%)             -                  -          
[19.884s][info][gc,heap     ] GC(24)   Garbage:         -              1534M (75%)         104M (5%)            2M (0%)             -                  -          
[19.884s][info][gc,heap     ] GC(24) Reclaimed:         -                  -              1430M (70%)        1531M (75%)            -                  -          
[19.884s][info][gc          ] GC(24) Garbage Collection (Allocation Rate) 1544M(75%)->132M(6%)
[20.126s][info][gc,stats    ] === Garbage Collection Statistics =======================================================================================================================
[20.126s][info][gc,stats    ]                                                              Last 10s              Last 10m              Last 10h                Total
[20.126s][info][gc,stats    ]                                                              Avg / Max             Avg / Max             Avg / Max             Avg / Max
[20.126s][info][gc,stats    ]   Collector: Garbage Collection Cycle                     36.283 / 58.563       37.097 / 58.563       37.097 / 58.563       37.097 / 58.563      ms
[20.126s][info][gc,stats    ]  Contention: Mark Segment Reset Contention                     1 / 8                 2 / 11                2 / 11                2 / 11          ops/s
[20.126s][info][gc,stats    ]  Contention: Mark SeqNum Reset Contention                      0 / 1                 0 / 1                 0 / 1                 0 / 1           ops/s
[20.126s][info][gc,stats    ]    Critical: Allocation Stall                                  0 / 0                 0 / 0                 0 / 0                 0 / 0           ops/s
[20.126s][info][gc,stats    ]    Critical: Allocation Stall                              0.000 / 0.000         0.000 / 0.000         0.000 / 0.000         0.000 / 0.000       ms
[20.126s][info][gc,stats    ]    Critical: GC Locker Stall                                   0 / 0                 0 / 0                 0 / 0                 0 / 0           ops/s
[20.126s][info][gc,stats    ]    Critical: GC Locker Stall                               0.000 / 0.000         0.000 / 0.000         0.000 / 0.000         0.000 / 0.000       ms
[20.126s][info][gc,stats    ]    Critical: Relocation Stall                                  0 / 0                 0 / 0                 0 / 0                 0 / 0           ops/s
[20.126s][info][gc,stats    ]    Critical: Relocation Stall                              0.000 / 0.000         0.000 / 0.000         0.000 / 0.000         0.000 / 0.000       ms
[20.126s][info][gc,stats    ]      Memory: Allocation Rate                                1880 / 2038           1666 / 2222           1666 / 2222           1666 / 2222        MB/s
[20.126s][info][gc,stats    ]      Memory: Defragment                                        0 / 0                 0 / 0                 0 / 0                 0 / 0           ops/s
[20.126s][info][gc,stats    ]      Memory: Out Of Memory                                     0 / 0                 0 / 0                 0 / 0                 0 / 0           ops/s
[20.126s][info][gc,stats    ]      Memory: Page Cache Flush                                  0 / 0                 0 / 0                 0 / 0                 0 / 0           MB/s
[20.126s][info][gc,stats    ]      Memory: Page Cache Hit L1                               943 / 1020            796 / 1020            796 / 1020            796 / 1020        ops/s
[20.126s][info][gc,stats    ]      Memory: Page Cache Hit L2                                 0 / 0                 0 / 0                 0 / 0                 0 / 0           ops/s
[20.126s][info][gc,stats    ]      Memory: Page Cache Hit L3                                 2 / 15               42 / 449              42 / 449              42 / 449         ops/s
[20.126s][info][gc,stats    ]      Memory: Page Cache Miss                                   0 / 0                 0 / 1                 0 / 1                 0 / 1           ops/s
[20.126s][info][gc,stats    ]      Memory: Uncommit                                          0 / 0                 0 / 0                 0 / 0                 0 / 0           MB/s
[20.126s][info][gc,stats    ]      Memory: Undo Object Allocation Failed                    37 / 85               40 / 101              40 / 101              40 / 101         ops/s
[20.126s][info][gc,stats    ]      Memory: Undo Object Allocation Succeeded                  2 / 9                 3 / 16                3 / 16                3 / 16          ops/s
[20.126s][info][gc,stats    ]      Memory: Undo Page Allocation                             58 / 69               65 / 221              65 / 221              65 / 221         ops/s
[20.126s][info][gc,stats    ]       Phase: Concurrent Mark                              15.365 / 20.777       17.051 / 28.753       17.051 / 28.753       17.051 / 28.753      ms
[20.126s][info][gc,stats    ]       Phase: Concurrent Mark Continue                      0.000 / 0.000         0.000 / 0.000         0.000 / 0.000         0.000 / 0.000       ms
[20.126s][info][gc,stats    ]       Phase: Concurrent Mark Free                          0.001 / 0.001         0.001 / 0.002         0.001 / 0.002         0.001 / 0.002       ms
[20.126s][info][gc,stats    ]       Phase: Concurrent Process Non-Strong References     14.815 / 30.802       12.012 / 30.802       12.012 / 30.802       12.012 / 30.802      ms
[20.126s][info][gc,stats    ]       Phase: Concurrent Relocate                           0.931 / 3.074         1.794 / 5.770         1.794 / 5.770         1.794 / 5.770       ms
[20.126s][info][gc,stats    ]       Phase: Concurrent Reset Relocation Set               0.006 / 0.009         0.006 / 0.010         0.006 / 0.010         0.006 / 0.010       ms
[20.126s][info][gc,stats    ]       Phase: Concurrent Select Relocation Set              4.183 / 4.635         5.202 / 14.014        5.202 / 14.014        5.202 / 14.014      ms
[20.126s][info][gc,stats    ]       Phase: Pause Mark End                                0.016 / 0.018         0.017 / 0.031         0.017 / 0.031         0.017 / 0.031       ms
[20.126s][info][gc,stats    ]       Phase: Pause Mark Start                              0.011 / 0.016         0.011 / 0.017         0.011 / 0.017         0.011 / 0.017       ms
[20.126s][info][gc,stats    ]       Phase: Pause Relocate Start                          0.006 / 0.008         0.007 / 0.020         0.007 / 0.020         0.007 / 0.020       ms
[20.126s][info][gc,stats    ]    Subphase: Concurrent Classes Purge                      0.038 / 0.162         0.212 / 3.094         0.212 / 3.094         0.212 / 3.094       ms
[20.126s][info][gc,stats    ]    Subphase: Concurrent Classes Unlink                     3.217 / 5.455         3.581 / 10.160        3.581 / 10.160        3.581 / 10.160      ms
[20.126s][info][gc,stats    ]    Subphase: Concurrent Mark                               8.745 / 19.771       10.918 / 27.319       10.918 / 27.319       10.918 / 27.319      ms
[20.126s][info][gc,stats    ]    Subphase: Concurrent Mark Try Flush                     0.102 / 0.236         0.104 / 0.450         0.104 / 0.450         0.104 / 0.450       ms
[20.126s][info][gc,stats    ]    Subphase: Concurrent Mark Try Terminate                 2.523 / 13.808        2.369 / 16.632        2.369 / 16.632        2.369 / 16.632      ms
[20.126s][info][gc,stats    ]    Subphase: Concurrent References Enqueue                 0.001 / 0.005         0.001 / 0.006         0.001 / 0.006         0.001 / 0.006       ms
[20.126s][info][gc,stats    ]    Subphase: Concurrent References Process                 0.090 / 0.175         0.089 / 0.179         0.089 / 0.179         0.089 / 0.179       ms
[20.126s][info][gc,stats    ]    Subphase: Concurrent Roots ClassLoaderDataGraph         0.066 / 0.316         0.103 / 1.252         0.103 / 1.252         0.103 / 1.252       ms
[20.126s][info][gc,stats    ]    Subphase: Concurrent Roots CodeCache                    0.000 / 0.000         0.000 / 0.000         0.000 / 0.000         0.000 / 0.000       ms
[20.126s][info][gc,stats    ]    Subphase: Concurrent Roots JavaThreads                  0.257 / 0.956         0.342 / 1.710         0.342 / 1.710         0.342 / 1.710       ms
[20.126s][info][gc,stats    ]    Subphase: Concurrent Roots OopStorageSet                0.035 / 0.201         0.085 / 0.778         0.085 / 0.778         0.085 / 0.778       ms
[20.126s][info][gc,stats    ]    Subphase: Concurrent Weak Roots OopStorageSet           3.874 / 25.339        2.419 / 25.339        2.419 / 25.339        2.419 / 25.339      ms
[20.127s][info][gc,stats    ]    Subphase: Pause Mark Try Complete                       0.000 / 0.000         0.000 / 0.000         0.000 / 0.000         0.000 / 0.000       ms
[20.127s][info][gc,stats    ]      System: Java Threads                                     54 / 62               57 / 73               57 / 73               57 / 73          threads
[20.127s][info][gc,stats    ] =========================================================================================================================================================
[20.526s][info][gc,start    ] GC(25) Garbage Collection (Proactive)
[20.526s][info][gc,task     ] GC(25) Using 12 workers
[20.657s][info][gc,phases   ] GC(25) Pause Mark Start 0.015ms
[20.667s][info][gc,phases   ] GC(25) Concurrent Mark 9.917ms
[20.667s][info][gc,phases   ] GC(25) Pause Mark End 0.081ms
[20.667s][info][gc,phases   ] GC(25) Concurrent Mark Free 0.001ms
[20.675s][info][gc,phases   ] GC(25) Concurrent Process Non-Strong References 7.291ms
[20.675s][info][gc,phases   ] GC(25) Concurrent Reset Relocation Set 0.009ms
[20.680s][info][gc,phases   ] GC(25) Concurrent Select Relocation Set 4.772ms
[20.680s][info][gc,phases   ] GC(25) Pause Relocate Start 0.006ms
[20.681s][info][gc,phases   ] GC(25) Concurrent Relocate 0.960ms
[20.681s][info][gc,load     ] GC(25) Load: 0.00/0.00/0.00
[20.681s][info][gc,mmu      ] GC(25) MMU: 2ms/95.9%, 5ms/98.4%, 10ms/99.2%, 20ms/99.5%, 50ms/99.8%, 100ms/99.9%
[20.681s][info][gc,marking  ] GC(25) Mark: 8 stripe(s), 4 proactive flush(es), 1 terminate flush(es), 1 completion(s), 0 continuation(s) 
[20.681s][info][gc,marking  ] GC(25) Mark Stack Usage: 32M
[20.681s][info][gc,nmethod  ] GC(25) NMethods: 2141 registered, 550 unregistered
[20.681s][info][gc,metaspace] GC(25) Metaspace: 13M used, 14M committed, 1088M reserved
[20.681s][info][gc,ref      ] GC(25) Soft: 211 encountered, 0 discovered, 0 enqueued
[20.681s][info][gc,ref      ] GC(25) Weak: 723 encountered, 172 discovered, 0 enqueued
[20.681s][info][gc,ref      ] GC(25) Final: 0 encountered, 0 discovered, 0 enqueued
[20.681s][info][gc,ref      ] GC(25) Phantom: 59 encountered, 55 discovered, 0 enqueued
[20.681s][info][gc,reloc    ] GC(25) Small Pages: 681 / 1362M, Empty: 1260M, Relocated: 1M, In-Place: 0
[20.681s][info][gc,reloc    ] GC(25) Medium Pages: 0 / 0M, Empty: 0M, Relocated: 0M, In-Place: 0
[20.681s][info][gc,reloc    ] GC(25) Large Pages: 0 / 0M, Empty: 0M, Relocated: 0M, In-Place: 0
[20.681s][info][gc,reloc    ] GC(25) Forwarding Usage: 0M
[20.681s][info][gc,heap     ] GC(25) Min Capacity: 8M(0%)
[20.681s][info][gc,heap     ] GC(25) Max Capacity: 2048M(100%)
[20.681s][info][gc,heap     ] GC(25) Soft Max Capacity: 2048M(100%)
[20.681s][info][gc,heap     ] GC(25)                Mark Start          Mark End        Relocate Start      Relocate End           High               Low         
[20.681s][info][gc,heap     ] GC(25)  Capacity:     2048M (100%)       2048M (100%)       2048M (100%)       2048M (100%)       2048M (100%)       2048M (100%)   
[20.681s][info][gc,heap     ] GC(25)      Free:      686M (33%)         670M (33%)        1910M (93%)        1976M (96%)        1976M (96%)         656M (32%)    
[20.681s][info][gc,heap     ] GC(25)      Used:     1362M (67%)        1378M (67%)         138M (7%)           72M (4%)         1392M (68%)          72M (4%)     
[20.682s][info][gc,heap     ] GC(25)      Live:         -                 9M (0%)            9M (0%)            9M (0%)             -                  -          
[20.682s][info][gc,heap     ] GC(25) Allocated:         -                16M (1%)           36M (2%)           37M (2%)             -                  -          
[20.682s][info][gc,heap     ] GC(25)   Garbage:         -              1352M (66%)          92M (5%)           24M (1%)             -                  -          
[20.682s][info][gc,heap     ] GC(25) Reclaimed:         -                  -              1260M (62%)        1327M (65%)            -                  -          
[20.682s][info][gc          ] GC(25) Garbage Collection (Proactive) 1362M(67%)->72M(4%)
[21.024s][info][gc,start    ] GC(26) Garbage Collection (Allocation Rate)
[21.024s][info][gc,task     ] GC(26) Using 2 workers
[21.024s][info][gc,phases   ] GC(26) Pause Mark Start 0.013ms
[21.038s][info][gc,phases   ] GC(26) Concurrent Mark 13.236ms
[21.038s][info][gc,phases   ] GC(26) Pause Mark End 0.015ms
[21.038s][info][gc,phases   ] GC(26) Concurrent Mark Free 0.001ms
[21.050s][info][gc,phases   ] GC(26) Concurrent Process Non-Strong References 11.647ms
[21.050s][info][gc,phases   ] GC(26) Concurrent Reset Relocation Set 0.008ms
[21.054s][info][gc,phases   ] GC(26) Concurrent Select Relocation Set 4.541ms
[21.054s][info][gc,phases   ] GC(26) Pause Relocate Start 0.005ms
[21.055s][info][gc,phases   ] GC(26) Concurrent Relocate 0.826ms
[21.055s][info][gc,load     ] GC(26) Load: 0.00/0.00/0.00
[21.055s][info][gc,mmu      ] GC(26) MMU: 2ms/95.9%, 5ms/98.4%, 10ms/99.2%, 20ms/99.5%, 50ms/99.8%, 100ms/99.9%
[21.055s][info][gc,marking  ] GC(26) Mark: 2 stripe(s), 2 proactive flush(es), 1 terminate flush(es), 0 completion(s), 0 continuation(s) 
[21.055s][info][gc,marking  ] GC(26) Mark Stack Usage: 32M
[21.055s][info][gc,nmethod  ] GC(26) NMethods: 2141 registered, 550 unregistered
[21.055s][info][gc,metaspace] GC(26) Metaspace: 13M used, 14M committed, 1088M reserved
[21.056s][info][gc,ref      ] GC(26) Soft: 211 encountered, 0 discovered, 0 enqueued
[21.056s][info][gc,ref      ] GC(26) Weak: 723 encountered, 396 discovered, 0 enqueued
[21.056s][info][gc,ref      ] GC(26) Final: 0 encountered, 0 discovered, 0 enqueued
[21.056s][info][gc,ref      ] GC(26) Phantom: 59 encountered, 46 discovered, 0 enqueued
[21.056s][info][gc,reloc    ] GC(26) Small Pages: 352 / 704M, Empty: 612M, Relocated: 1M, In-Place: 0
[21.056s][info][gc,reloc    ] GC(26) Medium Pages: 0 / 0M, Empty: 0M, Relocated: 0M, In-Place: 0
[21.056s][info][gc,reloc    ] GC(26) Large Pages: 0 / 0M, Empty: 0M, Relocated: 0M, In-Place: 0
[21.056s][info][gc,reloc    ] GC(26) Forwarding Usage: 0M
[21.056s][info][gc,heap     ] GC(26) Min Capacity: 8M(0%)
[21.056s][info][gc,heap     ] GC(26) Max Capacity: 2048M(100%)
[21.056s][info][gc,heap     ] GC(26) Soft Max Capacity: 2048M(100%)
[21.056s][info][gc,heap     ] GC(26)                Mark Start          Mark End        Relocate Start      Relocate End           High               Low         
[21.056s][info][gc,heap     ] GC(26)  Capacity:     2048M (100%)       2048M (100%)       2048M (100%)       2048M (100%)       2048M (100%)       2048M (100%)   
[21.056s][info][gc,heap     ] GC(26)      Free:     1344M (66%)        1308M (64%)        1890M (92%)        1966M (96%)        1966M (96%)        1286M (63%)    
[21.056s][info][gc,heap     ] GC(26)      Used:      704M (34%)         740M (36%)         158M (8%)           82M (4%)          762M (37%)          82M (4%)     
[21.056s][info][gc,heap     ] GC(26)      Live:         -                 9M (0%)            9M (0%)            9M (0%)             -                  -          
[21.056s][info][gc,heap     ] GC(26) Allocated:         -                36M (2%)           66M (3%)           67M (3%)             -                  -          
[21.056s][info][gc,heap     ] GC(26)   Garbage:         -               694M (34%)          82M (4%)            4M (0%)             -                  -          
[21.056s][info][gc,heap     ] GC(26) Reclaimed:         -                  -               612M (30%)         689M (34%)            -                  -          
[21.056s][info][gc          ] GC(26) Garbage Collection (Allocation Rate) 704M(34%)->82M(4%)
[21.625s][info][gc,start    ] GC(27) Garbage Collection (Allocation Rate)
[21.626s][info][gc,task     ] GC(27) Using 2 workers
[21.626s][info][gc,phases   ] GC(27) Pause Mark Start 0.012ms
[21.638s][info][gc,phases   ] GC(27) Concurrent Mark 12.485ms
[21.638s][info][gc,phases   ] GC(27) Pause Mark End 0.016ms
[21.639s][info][gc,phases   ] GC(27) Concurrent Mark Free 0.000ms
[21.649s][info][gc,phases   ] GC(27) Concurrent Process Non-Strong References 10.660ms
[21.649s][info][gc,phases   ] GC(27) Concurrent Reset Relocation Set 0.006ms
[21.654s][info][gc,phases   ] GC(27) Concurrent Select Relocation Set 4.320ms
[21.654s][info][gc,phases   ] GC(27) Pause Relocate Start 0.007ms
[21.655s][info][gc,phases   ] GC(27) Concurrent Relocate 0.987ms
[21.655s][info][gc,load     ] GC(27) Load: 0.00/0.00/0.00
[21.655s][info][gc,mmu      ] GC(27) MMU: 2ms/95.9%, 5ms/98.4%, 10ms/99.2%, 20ms/99.5%, 50ms/99.8%, 100ms/99.9%
[21.655s][info][gc,marking  ] GC(27) Mark: 2 stripe(s), 2 proactive flush(es), 1 terminate flush(es), 0 completion(s), 0 continuation(s) 
[21.655s][info][gc,marking  ] GC(27) Mark Stack Usage: 32M
[21.655s][info][gc,nmethod  ] GC(27) NMethods: 2141 registered, 550 unregistered
[21.655s][info][gc,metaspace] GC(27) Metaspace: 13M used, 14M committed, 1088M reserved
[21.655s][info][gc,ref      ] GC(27) Soft: 211 encountered, 0 discovered, 0 enqueued
[21.655s][info][gc,ref      ] GC(27) Weak: 723 encountered, 381 discovered, 0 enqueued
[21.655s][info][gc,ref      ] GC(27) Final: 0 encountered, 0 discovered, 0 enqueued
[21.655s][info][gc,ref      ] GC(27) Phantom: 59 encountered, 50 discovered, 0 enqueued
[21.655s][info][gc,reloc    ] GC(27) Small Pages: 570 / 1140M, Empty: 1046M, Relocated: 1M, In-Place: 0
[21.655s][info][gc,reloc    ] GC(27) Medium Pages: 0 / 0M, Empty: 0M, Relocated: 0M, In-Place: 0
[21.655s][info][gc,reloc    ] GC(27) Large Pages: 0 / 0M, Empty: 0M, Relocated: 0M, In-Place: 0
[21.655s][info][gc,reloc    ] GC(27) Forwarding Usage: 0M
[21.655s][info][gc,heap     ] GC(27) Min Capacity: 8M(0%)
[21.655s][info][gc,heap     ] GC(27) Max Capacity: 2048M(100%)
[21.655s][info][gc,heap     ] GC(27) Soft Max Capacity: 2048M(100%)
[21.655s][info][gc,heap     ] GC(27)                Mark Start          Mark End        Relocate Start      Relocate End           High               Low         
[21.655s][info][gc,heap     ] GC(27)  Capacity:     2048M (100%)       2048M (100%)       2048M (100%)       2048M (100%)       2048M (100%)       2048M (100%)   
[21.655s][info][gc,heap     ] GC(27)      Free:      908M (44%)         874M (43%)        1892M (92%)        1970M (96%)        1970M (96%)         856M (42%)    
[21.655s][info][gc,heap     ] GC(27)      Used:     1140M (56%)        1174M (57%)         156M (8%)           78M (4%)         1192M (58%)          78M (4%)     
[21.655s][info][gc,heap     ] GC(27)      Live:         -                 9M (0%)            9M (0%)            9M (0%)             -                  -          
[21.655s][info][gc,heap     ] GC(27) Allocated:         -                34M (2%)           62M (3%)           63M (3%)             -                  -          
[21.655s][info][gc,heap     ] GC(27)   Garbage:         -              1130M (55%)          84M (4%)            4M (0%)             -                  -          
[21.655s][info][gc,heap     ] GC(27) Reclaimed:         -                  -              1046M (51%)        1125M (55%)            -                  -          
[21.655s][info][gc          ] GC(27) Garbage Collection (Allocation Rate) 1140M(56%)->78M(4%)
[22.125s][info][gc,start    ] GC(28) Garbage Collection (Allocation Rate)
[22.125s][info][gc,task     ] GC(28) Using 1 workers
[22.125s][info][gc,phases   ] GC(28) Pause Mark Start 0.013ms
[22.145s][info][gc,phases   ] GC(28) Concurrent Mark 20.208ms
[22.145s][info][gc,phases   ] GC(28) Pause Mark End 0.018ms
[22.145s][info][gc,phases   ] GC(28) Concurrent Mark Free 0.001ms
[22.169s][info][gc,phases   ] GC(28) Concurrent Process Non-Strong References 23.224ms
[22.169s][info][gc,phases   ] GC(28) Concurrent Reset Relocation Set 0.007ms
[22.173s][info][gc,phases   ] GC(28) Concurrent Select Relocation Set 4.615ms
[22.174s][info][gc,phases   ] GC(28) Pause Relocate Start 0.006ms
[22.177s][info][gc,phases   ] GC(28) Concurrent Relocate 3.362ms
[22.177s][info][gc,load     ] GC(28) Load: 0.00/0.00/0.00
[22.177s][info][gc,mmu      ] GC(28) MMU: 2ms/95.9%, 5ms/98.4%, 10ms/99.2%, 20ms/99.5%, 50ms/99.8%, 100ms/99.9%
[22.177s][info][gc,marking  ] GC(28) Mark: 1 stripe(s), 2 proactive flush(es), 1 terminate flush(es), 0 completion(s), 0 continuation(s) 
[22.177s][info][gc,marking  ] GC(28) Mark Stack Usage: 32M
[22.177s][info][gc,nmethod  ] GC(28) NMethods: 2141 registered, 550 unregistered
[22.177s][info][gc,metaspace] GC(28) Metaspace: 13M used, 14M committed, 1088M reserved
[22.177s][info][gc,ref      ] GC(28) Soft: 211 encountered, 0 discovered, 0 enqueued
[22.177s][info][gc,ref      ] GC(28) Weak: 723 encountered, 439 discovered, 0 enqueued
[22.177s][info][gc,ref      ] GC(28) Final: 0 encountered, 0 discovered, 0 enqueued
[22.177s][info][gc,ref      ] GC(28) Phantom: 59 encountered, 41 discovered, 0 enqueued
[22.177s][info][gc,reloc    ] GC(28) Small Pages: 489 / 978M, Empty: 894M, Relocated: 3M, In-Place: 0
[22.177s][info][gc,reloc    ] GC(28) Medium Pages: 0 / 0M, Empty: 0M, Relocated: 0M, In-Place: 0
[22.177s][info][gc,reloc    ] GC(28) Large Pages: 0 / 0M, Empty: 0M, Relocated: 0M, In-Place: 0
[22.177s][info][gc,reloc    ] GC(28) Forwarding Usage: 0M
[22.177s][info][gc,heap     ] GC(28) Min Capacity: 8M(0%)
[22.177s][info][gc,heap     ] GC(28) Max Capacity: 2048M(100%)
[22.177s][info][gc,heap     ] GC(28) Soft Max Capacity: 2048M(100%)
[22.177s][info][gc,heap     ] GC(28)                Mark Start          Mark End        Relocate Start      Relocate End           High               Low         
[22.177s][info][gc,heap     ] GC(28)  Capacity:     2048M (100%)       2048M (100%)       2048M (100%)       2048M (100%)       2048M (100%)       2048M (100%)   
[22.177s][info][gc,heap     ] GC(28)      Free:     1070M (52%)        1020M (50%)        1856M (91%)        1924M (94%)        1926M (94%)         972M (47%)    
[22.177s][info][gc,heap     ] GC(28)      Used:      978M (48%)        1028M (50%)         192M (9%)          124M (6%)         1076M (53%)         122M (6%)     
[22.177s][info][gc,heap     ] GC(28)      Live:         -                 9M (0%)            9M (0%)            9M (0%)             -                  -          
[22.177s][info][gc,heap     ] GC(28) Allocated:         -                50M (2%)          108M (5%)          111M (5%)             -                  -          
[22.177s][info][gc,heap     ] GC(28)   Garbage:         -               968M (47%)          74M (4%)            2M (0%)             -                  -          
[22.177s][info][gc,heap     ] GC(28) Reclaimed:         -                  -               894M (44%)         965M (47%)            -                  -          
[22.177s][info][gc          ] GC(28) Garbage Collection (Allocation Rate) 978M(48%)->124M(6%)
[22.925s][info][gc,start    ] GC(29) Garbage Collection (Allocation Rate)
[22.968s][info][gc,task     ] GC(29) Using 1 workers
[22.968s][info][gc,phases   ] GC(29) Pause Mark Start 0.012ms
[22.989s][info][gc,phases   ] GC(29) Concurrent Mark 20.997ms
[22.989s][info][gc,phases   ] GC(29) Pause Mark End 0.017ms
[22.990s][info][gc,phases   ] GC(29) Concurrent Mark Free 0.001ms
[23.023s][info][gc,phases   ] GC(29) Concurrent Process Non-Strong References 33.420ms
[23.023s][info][gc,phases   ] GC(29) Concurrent Reset Relocation Set 0.006ms
[23.028s][info][gc,phases   ] GC(29) Concurrent Select Relocation Set 4.467ms
[23.028s][info][gc,phases   ] GC(29) Pause Relocate Start 0.007ms
[23.030s][info][gc,phases   ] GC(29) Concurrent Relocate 2.477ms
[23.030s][info][gc,load     ] GC(29) Load: 0.00/0.00/0.00
[23.030s][info][gc,mmu      ] GC(29) MMU: 2ms/95.9%, 5ms/98.4%, 10ms/99.2%, 20ms/99.5%, 50ms/99.8%, 100ms/99.9%
[23.030s][info][gc,marking  ] GC(29) Mark: 1 stripe(s), 2 proactive flush(es), 1 terminate flush(es), 0 completion(s), 0 continuation(s) 
[23.030s][info][gc,marking  ] GC(29) Mark Stack Usage: 32M
[23.030s][info][gc,nmethod  ] GC(29) NMethods: 2141 registered, 550 unregistered
[23.030s][info][gc,metaspace] GC(29) Metaspace: 13M used, 14M committed, 1088M reserved
[23.030s][info][gc,ref      ] GC(29) Soft: 211 encountered, 0 discovered, 0 enqueued
[23.030s][info][gc,ref      ] GC(29) Weak: 723 encountered, 439 discovered, 0 enqueued
[23.030s][info][gc,ref      ] GC(29) Final: 0 encountered, 0 discovered, 0 enqueued
[23.030s][info][gc,ref      ] GC(29) Phantom: 59 encountered, 41 discovered, 0 enqueued
[23.030s][info][gc,reloc    ] GC(29) Small Pages: 818 / 1636M, Empty: 1520M, Relocated: 1M, In-Place: 0
[23.031s][info][gc,reloc    ] GC(29) Medium Pages: 0 / 0M, Empty: 0M, Relocated: 0M, In-Place: 0
[23.031s][info][gc,reloc    ] GC(29) Large Pages: 0 / 0M, Empty: 0M, Relocated: 0M, In-Place: 0
[23.031s][info][gc,reloc    ] GC(29) Forwarding Usage: 0M
[23.031s][info][gc,heap     ] GC(29) Min Capacity: 8M(0%)
[23.031s][info][gc,heap     ] GC(29) Max Capacity: 2048M(100%)
[23.031s][info][gc,heap     ] GC(29) Soft Max Capacity: 2048M(100%)
[23.031s][info][gc,heap     ] GC(29)                Mark Start          Mark End        Relocate Start      Relocate End           High               Low         
[23.031s][info][gc,heap     ] GC(29)  Capacity:     2048M (100%)       2048M (100%)       2048M (100%)       2048M (100%)       2048M (100%)       2048M (100%)   
[23.031s][info][gc,heap     ] GC(29)      Free:      412M (20%)         362M (18%)        1802M (88%)        1902M (93%)        1904M (93%)         290M (14%)    
[23.031s][info][gc,heap     ] GC(29)      Used:     1636M (80%)        1686M (82%)         246M (12%)         146M (7%)         1758M (86%)         144M (7%)     
[23.031s][info][gc,heap     ] GC(29)      Live:         -                 9M (0%)            9M (0%)            9M (0%)             -                  -          
[23.031s][info][gc,heap     ] GC(29) Allocated:         -                50M (2%)          130M (6%)          133M (7%)             -                  -          
[23.031s][info][gc,heap     ] GC(29)   Garbage:         -              1626M (79%)         106M (5%)            2M (0%)             -                  -          
[23.031s][info][gc,heap     ] GC(29) Reclaimed:         -                  -              1520M (74%)        1623M (79%)            -                  -          
[23.031s][info][gc          ] GC(29) Garbage Collection (Allocation Rate) 1636M(80%)->146M(7%)
[23.725s][info][gc,start    ] GC(30) Garbage Collection (Allocation Rate)
[23.725s][info][gc,task     ] GC(30) Using 1 workers
[23.725s][info][gc,phases   ] GC(30) Pause Mark Start 0.011ms
[23.750s][info][gc,phases   ] GC(30) Concurrent Mark 24.030ms
[23.750s][info][gc,phases   ] GC(30) Pause Mark End 0.017ms
[23.750s][info][gc,phases   ] GC(30) Concurrent Mark Free 0.001ms
[23.786s][info][gc,phases   ] GC(30) Concurrent Process Non-Strong References 35.824ms
[23.786s][info][gc,phases   ] GC(30) Concurrent Reset Relocation Set 0.008ms
[23.790s][info][gc,phases   ] GC(30) Concurrent Select Relocation Set 4.174ms
[23.790s][info][gc,phases   ] GC(30) Pause Relocate Start 0.008ms
[23.794s][info][gc,phases   ] GC(30) Concurrent Relocate 3.738ms
[23.794s][info][gc,load     ] GC(30) Load: 0.00/0.00/0.00
[23.794s][info][gc,mmu      ] GC(30) MMU: 2ms/95.9%, 5ms/98.4%, 10ms/99.2%, 20ms/99.5%, 50ms/99.8%, 100ms/99.9%
[23.794s][info][gc,marking  ] GC(30) Mark: 1 stripe(s), 2 proactive flush(es), 1 terminate flush(es), 0 completion(s), 0 continuation(s) 
[23.794s][info][gc,marking  ] GC(30) Mark Stack Usage: 32M
[23.794s][info][gc,nmethod  ] GC(30) NMethods: 2141 registered, 550 unregistered
[23.794s][info][gc,metaspace] GC(30) Metaspace: 13M used, 14M committed, 1088M reserved
[23.794s][info][gc,ref      ] GC(30) Soft: 211 encountered, 0 discovered, 0 enqueued
[23.794s][info][gc,ref      ] GC(30) Weak: 723 encountered, 439 discovered, 0 enqueued
[23.794s][info][gc,ref      ] GC(30) Final: 0 encountered, 0 discovered, 0 enqueued
[23.794s][info][gc,ref      ] GC(30) Phantom: 59 encountered, 41 discovered, 0 enqueued
[23.794s][info][gc,reloc    ] GC(30) Small Pages: 739 / 1478M, Empty: 1372M, Relocated: 1M, In-Place: 0
[23.794s][info][gc,reloc    ] GC(30) Medium Pages: 0 / 0M, Empty: 0M, Relocated: 0M, In-Place: 0
[23.794s][info][gc,reloc    ] GC(30) Large Pages: 0 / 0M, Empty: 0M, Relocated: 0M, In-Place: 0
[23.794s][info][gc,reloc    ] GC(30) Forwarding Usage: 0M
[23.794s][info][gc,heap     ] GC(30) Min Capacity: 8M(0%)
[23.794s][info][gc,heap     ] GC(30) Max Capacity: 2048M(100%)
[23.794s][info][gc,heap     ] GC(30) Soft Max Capacity: 2048M(100%)
[23.794s][info][gc,heap     ] GC(30)                Mark Start          Mark End        Relocate Start      Relocate End           High               Low         
[23.794s][info][gc,heap     ] GC(30)  Capacity:     2048M (100%)       2048M (100%)       2048M (100%)       2048M (100%)       2048M (100%)       2048M (100%)   
[23.794s][info][gc,heap     ] GC(30)      Free:      570M (28%)         512M (25%)        1806M (88%)        1892M (92%)        1898M (93%)         440M (21%)    
[23.794s][info][gc,heap     ] GC(30)      Used:     1478M (72%)        1536M (75%)         242M (12%)         156M (8%)         1608M (79%)         150M (7%)     
[23.794s][info][gc,heap     ] GC(30)      Live:         -                 9M (0%)            9M (0%)            9M (0%)             -                  -          
[23.794s][info][gc,heap     ] GC(30) Allocated:         -                58M (3%)          136M (7%)          143M (7%)             -                  -          
[23.794s][info][gc,heap     ] GC(30)   Garbage:         -              1468M (72%)          96M (5%)            2M (0%)             -                  -          
[23.794s][info][gc,heap     ] GC(30) Reclaimed:         -                  -              1372M (67%)        1465M (72%)            -                  -          
[23.794s][info][gc          ] GC(30) Garbage Collection (Allocation Rate) 1478M(72%)->156M(8%)
[24.525s][info][gc,start    ] GC(31) Garbage Collection (Allocation Rate)
[24.525s][info][gc,task     ] GC(31) Using 1 workers
[24.609s][info][gc,phases   ] GC(31) Pause Mark Start 0.017ms
[24.642s][info][gc,phases   ] GC(31) Concurrent Mark 32.906ms
[24.643s][info][gc,phases   ] GC(31) Pause Mark End 0.037ms
[24.643s][info][gc,phases   ] GC(31) Concurrent Mark Free 0.001ms
[24.683s][info][gc,phases   ] GC(31) Concurrent Process Non-Strong References 39.938ms
[24.683s][info][gc,phases   ] GC(31) Concurrent Reset Relocation Set 0.005ms
[24.687s][info][gc,phases   ] GC(31) Concurrent Select Relocation Set 4.519ms
[24.687s][info][gc,phases   ] GC(31) Pause Relocate Start 0.008ms
[24.692s][info][gc,phases   ] GC(31) Concurrent Relocate 3.955ms
[24.692s][info][gc,load     ] GC(31) Load: 0.00/0.00/0.00
[24.692s][info][gc,mmu      ] GC(31) MMU: 2ms/95.9%, 5ms/98.4%, 10ms/99.2%, 20ms/99.5%, 50ms/99.8%, 100ms/99.9%
[24.692s][info][gc,marking  ] GC(31) Mark: 1 stripe(s), 2 proactive flush(es), 1 terminate flush(es), 1 completion(s), 0 continuation(s) 
[24.692s][info][gc,marking  ] GC(31) Mark Stack Usage: 32M
[24.692s][info][gc,nmethod  ] GC(31) NMethods: 2141 registered, 550 unregistered
[24.692s][info][gc,metaspace] GC(31) Metaspace: 13M used, 14M committed, 1088M reserved
[24.692s][info][gc,ref      ] GC(31) Soft: 211 encountered, 0 discovered, 0 enqueued
[24.692s][info][gc,ref      ] GC(31) Weak: 723 encountered, 439 discovered, 0 enqueued
[24.692s][info][gc,ref      ] GC(31) Final: 0 encountered, 0 discovered, 0 enqueued
[24.692s][info][gc,ref      ] GC(31) Phantom: 59 encountered, 41 discovered, 0 enqueued
[24.692s][info][gc,reloc    ] GC(31) Small Pages: 780 / 1560M, Empty: 1448M, Relocated: 1M, In-Place: 0
[24.692s][info][gc,reloc    ] GC(31) Medium Pages: 0 / 0M, Empty: 0M, Relocated: 0M, In-Place: 0
[24.692s][info][gc,reloc    ] GC(31) Large Pages: 0 / 0M, Empty: 0M, Relocated: 0M, In-Place: 0
[24.692s][info][gc,reloc    ] GC(31) Forwarding Usage: 0M
[24.692s][info][gc,heap     ] GC(31) Min Capacity: 8M(0%)
[24.692s][info][gc,heap     ] GC(31) Max Capacity: 2048M(100%)
[24.692s][info][gc,heap     ] GC(31) Soft Max Capacity: 2048M(100%)
[24.692s][info][gc,heap     ] GC(31)                Mark Start          Mark End        Relocate Start      Relocate End           High               Low         
[24.692s][info][gc,heap     ] GC(31)  Capacity:     2048M (100%)       2048M (100%)       2048M (100%)       2048M (100%)       2048M (100%)       2048M (100%)   
[24.692s][info][gc,heap     ] GC(31)      Free:      488M (24%)         430M (21%)        1796M (88%)        1890M (92%)        1894M (92%)         356M (17%)    
[24.692s][info][gc,heap     ] GC(31)      Used:     1560M (76%)        1618M (79%)         252M (12%)         158M (8%)         1692M (83%)         154M (8%)     
[24.692s][info][gc,heap     ] GC(31)      Live:         -                 9M (0%)            9M (0%)            9M (0%)             -                  -          
[24.692s][info][gc,heap     ] GC(31) Allocated:         -                58M (3%)          140M (7%)          145M (7%)             -                  -          
[24.692s][info][gc,heap     ] GC(31)   Garbage:         -              1550M (76%)         102M (5%)            2M (0%)             -                  -          
[24.692s][info][gc,heap     ] GC(31) Reclaimed:         -                  -              1448M (71%)        1547M (76%)            -                  -          
[24.692s][info][gc          ] GC(31) Garbage Collection (Allocation Rate) 1560M(76%)->158M(8%)
[25.225s][info][gc,start    ] GC(32) Garbage Collection (Allocation Rate)
[25.225s][info][gc,task     ] GC(32) Using 1 workers
[25.226s][info][gc,phases   ] GC(32) Pause Mark Start 0.013ms
[25.247s][info][gc,phases   ] GC(32) Concurrent Mark 20.773ms
[25.247s][info][gc,phases   ] GC(32) Pause Mark End 0.016ms
[25.247s][info][gc,phases   ] GC(32) Concurrent Mark Free 0.001ms
[25.273s][info][gc,phases   ] GC(32) Concurrent Process Non-Strong References 25.771ms
[25.273s][info][gc,phases   ] GC(32) Concurrent Reset Relocation Set 0.004ms
[25.277s][info][gc,phases   ] GC(32) Concurrent Select Relocation Set 4.676ms
[25.278s][info][gc,phases   ] GC(32) Pause Relocate Start 0.006ms
[25.278s][info][gc,phases   ] GC(32) Concurrent Relocate 0.258ms
[25.278s][info][gc,load     ] GC(32) Load: 0.00/0.00/0.00
[25.278s][info][gc,mmu      ] GC(32) MMU: 2ms/95.9%, 5ms/98.4%, 10ms/99.2%, 20ms/99.5%, 50ms/99.8%, 100ms/99.9%
[25.278s][info][gc,marking  ] GC(32) Mark: 1 stripe(s), 2 proactive flush(es), 1 terminate flush(es), 0 completion(s), 0 continuation(s) 
[25.278s][info][gc,marking  ] GC(32) Mark Stack Usage: 32M
[25.278s][info][gc,nmethod  ] GC(32) NMethods: 2141 registered, 550 unregistered
[25.278s][info][gc,metaspace] GC(32) Metaspace: 13M used, 14M committed, 1088M reserved
[25.278s][info][gc,ref      ] GC(32) Soft: 211 encountered, 0 discovered, 0 enqueued
[25.278s][info][gc,ref      ] GC(32) Weak: 723 encountered, 439 discovered, 0 enqueued
[25.278s][info][gc,ref      ] GC(32) Final: 0 encountered, 0 discovered, 0 enqueued
[25.278s][info][gc,ref      ] GC(32) Phantom: 59 encountered, 41 discovered, 0 enqueued
[25.278s][info][gc,reloc    ] GC(32) Small Pages: 572 / 1144M, Empty: 1050M, Relocated: 0M, In-Place: 0
[25.278s][info][gc,reloc    ] GC(32) Medium Pages: 0 / 0M, Empty: 0M, Relocated: 0M, In-Place: 0
[25.278s][info][gc,reloc    ] GC(32) Large Pages: 0 / 0M, Empty: 0M, Relocated: 0M, In-Place: 0
[25.278s][info][gc,reloc    ] GC(32) Forwarding Usage: 0M
[25.278s][info][gc,heap     ] GC(32) Min Capacity: 8M(0%)
[25.278s][info][gc,heap     ] GC(32) Max Capacity: 2048M(100%)
[25.278s][info][gc,heap     ] GC(32) Soft Max Capacity: 2048M(100%)
[25.278s][info][gc,heap     ] GC(32)                Mark Start          Mark End        Relocate Start      Relocate End           High               Low         
[25.278s][info][gc,heap     ] GC(32)  Capacity:     2048M (100%)       2048M (100%)       2048M (100%)       2048M (100%)       2048M (100%)       2048M (100%)   
[25.278s][info][gc,heap     ] GC(32)      Free:      904M (44%)         856M (42%)        1848M (90%)        1926M (94%)        1926M (94%)         808M (39%)    
[25.278s][info][gc,heap     ] GC(32)      Used:     1144M (56%)        1192M (58%)         200M (10%)         122M (6%)         1240M (61%)         122M (6%)     
[25.278s][info][gc,heap     ] GC(32)      Live:         -                10M (0%)           10M (0%)           10M (0%)             -                  -          
[25.278s][info][gc,heap     ] GC(32) Allocated:         -                48M (2%)          106M (5%)          107M (5%)             -                  -          
[25.278s][info][gc,heap     ] GC(32)   Garbage:         -              1133M (55%)          83M (4%)            3M (0%)             -                  -          
[25.278s][info][gc,heap     ] GC(32) Reclaimed:         -                  -              1050M (51%)        1129M (55%)            -                  -          
[25.278s][info][gc          ] GC(32) Garbage Collection (Allocation Rate) 1144M(56%)->122M(6%)
[25.926s][info][gc,start    ] GC(33) Garbage Collection (Allocation Rate)
[25.926s][info][gc,task     ] GC(33) Using 1 workers
[25.926s][info][gc,phases   ] GC(33) Pause Mark Start 0.013ms
[25.944s][info][gc,phases   ] GC(33) Concurrent Mark 18.125ms
[25.944s][info][gc,phases   ] GC(33) Pause Mark End 0.016ms
[25.944s][info][gc,phases   ] GC(33) Concurrent Mark Free 0.001ms
[25.972s][info][gc,phases   ] GC(33) Concurrent Process Non-Strong References 27.621ms
[25.972s][info][gc,phases   ] GC(33) Concurrent Reset Relocation Set 0.006ms
[25.976s][info][gc,phases   ] GC(33) Concurrent Select Relocation Set 4.252ms
[25.976s][info][gc,phases   ] GC(33) Pause Relocate Start 0.007ms
[25.977s][info][gc,phases   ] GC(33) Concurrent Relocate 0.275ms
[25.977s][info][gc,load     ] GC(33) Load: 0.00/0.00/0.00
[25.977s][info][gc,mmu      ] GC(33) MMU: 2ms/95.9%, 5ms/98.4%, 10ms/99.2%, 20ms/99.5%, 50ms/99.8%, 100ms/99.9%
[25.977s][info][gc,marking  ] GC(33) Mark: 1 stripe(s), 2 proactive flush(es), 1 terminate flush(es), 0 completion(s), 0 continuation(s) 
[25.977s][info][gc,marking  ] GC(33) Mark Stack Usage: 32M
[25.977s][info][gc,nmethod  ] GC(33) NMethods: 2141 registered, 551 unregistered
[25.977s][info][gc,metaspace] GC(33) Metaspace: 13M used, 14M committed, 1088M reserved
[25.977s][info][gc,ref      ] GC(33) Soft: 211 encountered, 0 discovered, 0 enqueued
[25.977s][info][gc,ref      ] GC(33) Weak: 723 encountered, 439 discovered, 0 enqueued
[25.977s][info][gc,ref      ] GC(33) Final: 0 encountered, 0 discovered, 0 enqueued
[25.977s][info][gc,ref      ] GC(33) Phantom: 59 encountered, 41 discovered, 0 enqueued
[25.977s][info][gc,reloc    ] GC(33) Small Pages: 668 / 1336M, Empty: 1230M, Relocated: 0M, In-Place: 0
[25.977s][info][gc,reloc    ] GC(33) Medium Pages: 0 / 0M, Empty: 0M, Relocated: 0M, In-Place: 0
[25.977s][info][gc,reloc    ] GC(33) Large Pages: 0 / 0M, Empty: 0M, Relocated: 0M, In-Place: 0
[25.977s][info][gc,reloc    ] GC(33) Forwarding Usage: 0M
[25.977s][info][gc,heap     ] GC(33) Min Capacity: 8M(0%)
[25.977s][info][gc,heap     ] GC(33) Max Capacity: 2048M(100%)
[25.977s][info][gc,heap     ] GC(33) Soft Max Capacity: 2048M(100%)
[25.977s][info][gc,heap     ] GC(33)                Mark Start          Mark End        Relocate Start      Relocate End           High               Low         
[25.977s][info][gc,heap     ] GC(33)  Capacity:     2048M (100%)       2048M (100%)       2048M (100%)       2048M (100%)       2048M (100%)       2048M (100%)   
[25.977s][info][gc,heap     ] GC(33)      Free:      712M (35%)         668M (33%)        1832M (89%)        1922M (94%)        1922M (94%)         608M (30%)    
[25.977s][info][gc,heap     ] GC(33)      Used:     1336M (65%)        1380M (67%)         216M (11%)         126M (6%)         1440M (70%)         126M (6%)     
[25.977s][info][gc,heap     ] GC(33)      Live:         -                10M (0%)           10M (0%)           10M (0%)             -                  -          
[25.977s][info][gc,heap     ] GC(33) Allocated:         -                44M (2%)          110M (5%)          111M (5%)             -                  -          
[25.977s][info][gc,heap     ] GC(33)   Garbage:         -              1325M (65%)          95M (5%)            3M (0%)             -                  -          
[25.977s][info][gc,heap     ] GC(33) Reclaimed:         -                  -              1230M (60%)        1321M (65%)            -                  -          
[25.977s][info][gc          ] GC(33) Garbage Collection (Allocation Rate) 1336M(65%)->126M(6%)
[26.725s][info][gc,start    ] GC(34) Garbage Collection (Allocation Rate)
[26.725s][info][gc,task     ] GC(34) Using 1 workers
[26.726s][info][gc,phases   ] GC(34) Pause Mark Start 0.011ms
[26.746s][info][gc,phases   ] GC(34) Concurrent Mark 20.105ms
[26.746s][info][gc,phases   ] GC(34) Pause Mark End 0.017ms
[26.746s][info][gc,phases   ] GC(34) Concurrent Mark Free 0.001ms
[26.782s][info][gc,phases   ] GC(34) Concurrent Process Non-Strong References 36.179ms
[26.782s][info][gc,phases   ] GC(34) Concurrent Reset Relocation Set 0.007ms
[26.787s][info][gc,phases   ] GC(34) Concurrent Select Relocation Set 4.883ms
[26.787s][info][gc,phases   ] GC(34) Pause Relocate Start 0.007ms
[26.788s][info][gc,phases   ] GC(34) Concurrent Relocate 0.322ms
[26.788s][info][gc,load     ] GC(34) Load: 0.00/0.00/0.00
[26.788s][info][gc,mmu      ] GC(34) MMU: 2ms/95.9%, 5ms/98.4%, 10ms/99.2%, 20ms/99.5%, 50ms/99.8%, 100ms/99.9%
[26.788s][info][gc,marking  ] GC(34) Mark: 1 stripe(s), 2 proactive flush(es), 1 terminate flush(es), 0 completion(s), 0 continuation(s) 
[26.788s][info][gc,marking  ] GC(34) Mark Stack Usage: 32M
[26.788s][info][gc,nmethod  ] GC(34) NMethods: 2141 registered, 551 unregistered
[26.788s][info][gc,metaspace] GC(34) Metaspace: 13M used, 14M committed, 1088M reserved
[26.788s][info][gc,ref      ] GC(34) Soft: 211 encountered, 0 discovered, 0 enqueued
[26.788s][info][gc,ref      ] GC(34) Weak: 723 encountered, 439 discovered, 0 enqueued
[26.788s][info][gc,ref      ] GC(34) Final: 0 encountered, 0 discovered, 0 enqueued
[26.788s][info][gc,ref      ] GC(34) Phantom: 59 encountered, 41 discovered, 0 enqueued
[26.788s][info][gc,reloc    ] GC(34) Small Pages: 781 / 1562M, Empty: 1450M, Relocated: 0M, In-Place: 0
[26.788s][info][gc,reloc    ] GC(34) Medium Pages: 0 / 0M, Empty: 0M, Relocated: 0M, In-Place: 0
[26.788s][info][gc,reloc    ] GC(34) Large Pages: 0 / 0M, Empty: 0M, Relocated: 0M, In-Place: 0
[26.788s][info][gc,reloc    ] GC(34) Forwarding Usage: 0M
[26.788s][info][gc,heap     ] GC(34) Min Capacity: 8M(0%)
[26.788s][info][gc,heap     ] GC(34) Max Capacity: 2048M(100%)
[26.788s][info][gc,heap     ] GC(34) Soft Max Capacity: 2048M(100%)
[26.788s][info][gc,heap     ] GC(34)                Mark Start          Mark End        Relocate Start      Relocate End           High               Low         
[26.788s][info][gc,heap     ] GC(34)  Capacity:     2048M (100%)       2048M (100%)       2048M (100%)       2048M (100%)       2048M (100%)       2048M (100%)   
[26.788s][info][gc,heap     ] GC(34)      Free:      486M (24%)         440M (21%)        1812M (88%)        1910M (93%)        1910M (93%)         372M (18%)    
[26.788s][info][gc,heap     ] GC(34)      Used:     1562M (76%)        1608M (79%)         236M (12%)         138M (7%)         1676M (82%)         138M (7%)     
[26.788s][info][gc,heap     ] GC(34)      Live:         -                10M (1%)           10M (1%)           10M (1%)             -                  -          
[26.788s][info][gc,heap     ] GC(34) Allocated:         -                46M (2%)          124M (6%)          123M (6%)             -                  -          
[26.788s][info][gc,heap     ] GC(34)   Garbage:         -              1551M (76%)         101M (5%)            3M (0%)             -                  -          
[26.788s][info][gc,heap     ] GC(34) Reclaimed:         -                  -              1450M (71%)        1547M (76%)            -                  -          
[26.788s][info][gc          ] GC(34) Garbage Collection (Allocation Rate) 1562M(76%)->138M(7%)
[27.525s][info][gc,start    ] GC(35) Garbage Collection (Allocation Rate)
[27.525s][info][gc,task     ] GC(35) Using 1 workers
[27.525s][info][gc,phases   ] GC(35) Pause Mark Start 0.010ms
[27.544s][info][gc,phases   ] GC(35) Concurrent Mark 18.828ms
[27.544s][info][gc,phases   ] GC(35) Pause Mark End 0.018ms
[27.544s][info][gc,phases   ] GC(35) Concurrent Mark Free 0.001ms
[27.585s][info][gc,phases   ] GC(35) Concurrent Process Non-Strong References 40.248ms
[27.585s][info][gc,phases   ] GC(35) Concurrent Reset Relocation Set 0.008ms
[27.589s][info][gc,phases   ] GC(35) Concurrent Select Relocation Set 4.321ms
[27.589s][info][gc,phases   ] GC(35) Pause Relocate Start 0.008ms
[27.590s][info][gc,phases   ] GC(35) Concurrent Relocate 0.432ms
[27.590s][info][gc,load     ] GC(35) Load: 0.00/0.00/0.00
[27.590s][info][gc,mmu      ] GC(35) MMU: 2ms/95.9%, 5ms/98.4%, 10ms/99.2%, 20ms/99.5%, 50ms/99.8%, 100ms/99.9%
[27.590s][info][gc,marking  ] GC(35) Mark: 1 stripe(s), 2 proactive flush(es), 1 terminate flush(es), 0 completion(s), 0 continuation(s) 
[27.590s][info][gc,marking  ] GC(35) Mark Stack Usage: 32M
[27.590s][info][gc,nmethod  ] GC(35) NMethods: 2141 registered, 551 unregistered
[27.590s][info][gc,metaspace] GC(35) Metaspace: 13M used, 14M committed, 1088M reserved
[27.590s][info][gc,ref      ] GC(35) Soft: 211 encountered, 0 discovered, 0 enqueued
[27.590s][info][gc,ref      ] GC(35) Weak: 719 encountered, 439 discovered, 0 enqueued
[27.590s][info][gc,ref      ] GC(35) Final: 0 encountered, 0 discovered, 0 enqueued
[27.590s][info][gc,ref      ] GC(35) Phantom: 59 encountered, 41 discovered, 0 enqueued
[27.590s][info][gc,reloc    ] GC(35) Small Pages: 772 / 1544M, Empty: 1428M, Relocated: 0M, In-Place: 0
[27.590s][info][gc,reloc    ] GC(35) Medium Pages: 0 / 0M, Empty: 0M, Relocated: 0M, In-Place: 0
[27.590s][info][gc,reloc    ] GC(35) Large Pages: 0 / 0M, Empty: 0M, Relocated: 0M, In-Place: 0
[27.590s][info][gc,reloc    ] GC(35) Forwarding Usage: 0M
[27.590s][info][gc,heap     ] GC(35) Min Capacity: 8M(0%)
[27.590s][info][gc,heap     ] GC(35) Max Capacity: 2048M(100%)
[27.590s][info][gc,heap     ] GC(35) Soft Max Capacity: 2048M(100%)
[27.590s][info][gc,heap     ] GC(35)                Mark Start          Mark End        Relocate Start      Relocate End           High               Low         
[27.590s][info][gc,heap     ] GC(35)  Capacity:     2048M (100%)       2048M (100%)       2048M (100%)       2048M (100%)       2048M (100%)       2048M (100%)   
[27.590s][info][gc,heap     ] GC(35)      Free:      504M (25%)         462M (23%)        1804M (88%)        1906M (93%)        1906M (93%)         386M (19%)    
[27.590s][info][gc,heap     ] GC(35)      Used:     1544M (75%)        1586M (77%)         244M (12%)         142M (7%)         1662M (81%)         142M (7%)     
[27.590s][info][gc,heap     ] GC(35)      Live:         -                10M (1%)           10M (1%)           10M (1%)             -                  -          
[27.590s][info][gc,heap     ] GC(35) Allocated:         -                42M (2%)          128M (6%)          127M (6%)             -                  -          
[27.590s][info][gc,heap     ] GC(35)   Garbage:         -              1533M (75%)         105M (5%)            3M (0%)             -                  -          
[27.590s][info][gc,heap     ] GC(35) Reclaimed:         -                  -              1428M (70%)        1529M (75%)            -                  -          
[27.590s][info][gc          ] GC(35) Garbage Collection (Allocation Rate) 1544M(75%)->142M(7%)
[28.425s][info][gc,start    ] GC(36) Garbage Collection (Allocation Rate)
[28.425s][info][gc,task     ] GC(36) Using 1 workers
[28.550s][info][gc,phases   ] GC(36) Pause Mark Start 0.017ms
[28.581s][info][gc,phases   ] GC(36) Concurrent Mark 30.319ms
[28.581s][info][gc,phases   ] GC(36) Pause Mark End 0.038ms
[28.581s][info][gc,phases   ] GC(36) Concurrent Mark Free 0.001ms
[28.625s][info][gc,phases   ] GC(36) Concurrent Process Non-Strong References 43.312ms
[28.625s][info][gc,phases   ] GC(36) Concurrent Reset Relocation Set 0.006ms
[28.629s][info][gc,phases   ] GC(36) Concurrent Select Relocation Set 4.882ms
[28.630s][info][gc,phases   ] GC(36) Pause Relocate Start 0.007ms
[28.630s][info][gc,phases   ] GC(36) Concurrent Relocate 0.425ms
[28.630s][info][gc,load     ] GC(36) Load: 0.00/0.00/0.00
[28.630s][info][gc,mmu      ] GC(36) MMU: 2ms/95.9%, 5ms/98.4%, 10ms/99.2%, 20ms/99.5%, 50ms/99.8%, 100ms/99.9%
[28.630s][info][gc,marking  ] GC(36) Mark: 1 stripe(s), 2 proactive flush(es), 1 terminate flush(es), 1 completion(s), 0 continuation(s) 
[28.630s][info][gc,marking  ] GC(36) Mark Stack Usage: 32M
[28.630s][info][gc,nmethod  ] GC(36) NMethods: 2141 registered, 551 unregistered
[28.630s][info][gc,metaspace] GC(36) Metaspace: 13M used, 14M committed, 1088M reserved
[28.630s][info][gc,ref      ] GC(36) Soft: 211 encountered, 0 discovered, 0 enqueued
[28.630s][info][gc,ref      ] GC(36) Weak: 697 encountered, 439 discovered, 0 enqueued
[28.630s][info][gc,ref      ] GC(36) Final: 0 encountered, 0 discovered, 0 enqueued
[28.630s][info][gc,ref      ] GC(36) Phantom: 59 encountered, 41 discovered, 0 enqueued
[28.630s][info][gc,reloc    ] GC(36) Small Pages: 874 / 1748M, Empty: 1630M, Relocated: 0M, In-Place: 0
[28.630s][info][gc,reloc    ] GC(36) Medium Pages: 0 / 0M, Empty: 0M, Relocated: 0M, In-Place: 0
[28.630s][info][gc,reloc    ] GC(36) Large Pages: 0 / 0M, Empty: 0M, Relocated: 0M, In-Place: 0
[28.630s][info][gc,reloc    ] GC(36) Forwarding Usage: 0M
[28.630s][info][gc,heap     ] GC(36) Min Capacity: 8M(0%)
[28.630s][info][gc,heap     ] GC(36) Max Capacity: 2048M(100%)
[28.630s][info][gc,heap     ] GC(36) Soft Max Capacity: 2048M(100%)
[28.630s][info][gc,heap     ] GC(36)                Mark Start          Mark End        Relocate Start      Relocate End           High               Low         
[28.630s][info][gc,heap     ] GC(36)  Capacity:     2048M (100%)       2048M (100%)       2048M (100%)       2048M (100%)       2048M (100%)       2048M (100%)   
[28.630s][info][gc,heap     ] GC(36)      Free:      300M (15%)         252M (12%)        1798M (88%)        1900M (93%)        1900M (93%)         172M (8%)     
[28.630s][info][gc,heap     ] GC(36)      Used:     1748M (85%)        1796M (88%)         250M (12%)         148M (7%)         1876M (92%)         148M (7%)     
[28.630s][info][gc,heap     ] GC(36)      Live:         -                 9M (0%)            9M (0%)            9M (0%)             -                  -          
[28.630s][info][gc,heap     ] GC(36) Allocated:         -                48M (2%)          132M (6%)          133M (7%)             -                  -          
[28.630s][info][gc,heap     ] GC(36)   Garbage:         -              1738M (85%)         108M (5%)            4M (0%)             -                  -          
[28.630s][info][gc,heap     ] GC(36) Reclaimed:         -                  -              1630M (80%)        1733M (85%)            -                  -          
[28.631s][info][gc          ] GC(36) Garbage Collection (Allocation Rate) 1748M(85%)->148M(7%)
[29.024s][info][gc,start    ] GC(37) Garbage Collection (Allocation Rate)
[29.024s][info][gc,task     ] GC(37) Using 1 workers
[29.029s][info][gc,phases   ] GC(37) Pause Mark Start 0.010ms
[29.045s][info][gc,phases   ] GC(37) Concurrent Mark 15.204ms
[29.045s][info][gc,phases   ] GC(37) Pause Mark End 0.013ms
[29.045s][info][gc,phases   ] GC(37) Concurrent Mark Free 0.002ms
[29.083s][info][gc,phases   ] GC(37) Concurrent Process Non-Strong References 37.702ms
[29.083s][info][gc,phases   ] GC(37) Concurrent Reset Relocation Set 0.007ms
[29.086s][info][gc,phases   ] GC(37) Concurrent Select Relocation Set 2.924ms
[29.086s][info][gc,phases   ] GC(37) Pause Relocate Start 0.007ms
[29.087s][info][gc,phases   ] GC(37) Concurrent Relocate 0.977ms
[29.087s][info][gc,load     ] GC(37) Load: 0.00/0.00/0.00
[29.087s][info][gc,mmu      ] GC(37) MMU: 2ms/95.9%, 5ms/98.4%, 10ms/99.2%, 20ms/99.5%, 50ms/99.8%, 100ms/99.9%
[29.087s][info][gc,marking  ] GC(37) Mark: 1 stripe(s), 2 proactive flush(es), 1 terminate flush(es), 0 completion(s), 0 continuation(s) 
[29.087s][info][gc,marking  ] GC(37) Mark Stack Usage: 32M
[29.087s][info][gc,nmethod  ] GC(37) NMethods: 2141 registered, 551 unregistered
[29.087s][info][gc,metaspace] GC(37) Metaspace: 13M used, 14M committed, 1088M reserved
[29.087s][info][gc,ref      ] GC(37) Soft: 211 encountered, 0 discovered, 0 enqueued
[29.087s][info][gc,ref      ] GC(37) Weak: 677 encountered, 439 discovered, 0 enqueued
[29.087s][info][gc,ref      ] GC(37) Final: 0 encountered, 0 discovered, 0 enqueued
[29.087s][info][gc,ref      ] GC(37) Phantom: 59 encountered, 41 discovered, 0 enqueued
[29.087s][info][gc,reloc    ] GC(37) Small Pages: 449 / 898M, Empty: 828M, Relocated: 1M, In-Place: 0
[29.087s][info][gc,reloc    ] GC(37) Medium Pages: 0 / 0M, Empty: 0M, Relocated: 0M, In-Place: 0
[29.087s][info][gc,reloc    ] GC(37) Large Pages: 0 / 0M, Empty: 0M, Relocated: 0M, In-Place: 0
[29.087s][info][gc,reloc    ] GC(37) Forwarding Usage: 0M
[29.087s][info][gc,heap     ] GC(37) Min Capacity: 8M(0%)
[29.087s][info][gc,heap     ] GC(37) Max Capacity: 2048M(100%)
[29.087s][info][gc,heap     ] GC(37) Soft Max Capacity: 2048M(100%)
[29.087s][info][gc,heap     ] GC(37)                Mark Start          Mark End        Relocate Start      Relocate End           High               Low         
[29.087s][info][gc,heap     ] GC(37)  Capacity:     2048M (100%)       2048M (100%)       2048M (100%)       2048M (100%)       2048M (100%)       2048M (100%)   
[29.087s][info][gc,heap     ] GC(37)      Free:     1150M (56%)        1112M (54%)        1820M (89%)        1876M (92%)        1876M (92%)        1002M (49%)    
[29.087s][info][gc,heap     ] GC(37)      Used:      898M (44%)         936M (46%)         228M (11%)         172M (8%)         1046M (51%)         172M (8%)     
[29.087s][info][gc,heap     ] GC(37)      Live:         -                 9M (0%)            9M (0%)            9M (0%)             -                  -          
[29.087s][info][gc,heap     ] GC(37) Allocated:         -                38M (2%)          158M (8%)          159M (8%)             -                  -          
[29.087s][info][gc,heap     ] GC(37)   Garbage:         -               888M (43%)          60M (3%)            3M (0%)             -                  -          
[29.087s][info][gc,heap     ] GC(37) Reclaimed:         -                  -               828M (40%)         885M (43%)            -                  -          
[29.087s][info][gc          ] GC(37) Garbage Collection (Allocation Rate) 898M(44%)->172M(8%)
[29.748s][info][gc,start    ] GC(38) Garbage Collection (System.gc())
[29.748s][info][gc,task     ] GC(38) Using 12 workers
[29.748s][info][gc,phases   ] GC(38) Pause Mark Start 0.015ms
[29.762s][info][gc,phases   ] GC(38) Concurrent Mark 13.333ms
[29.762s][info][gc,phases   ] GC(38) Pause Mark End 0.016ms
[29.762s][info][gc,phases   ] GC(38) Concurrent Mark Free 0.001ms
[29.767s][info][gc,phases   ] GC(38) Concurrent Process Non-Strong References 5.190ms
[29.767s][info][gc,phases   ] GC(38) Concurrent Reset Relocation Set 0.003ms
[29.772s][info][gc,phases   ] GC(38) Concurrent Select Relocation Set 4.269ms
[29.772s][info][gc,phases   ] GC(38) Pause Relocate Start 0.007ms
[29.774s][info][gc,phases   ] GC(38) Concurrent Relocate 2.453ms
[29.774s][info][gc,load     ] GC(38) Load: 0.00/0.00/0.00
[29.774s][info][gc,mmu      ] GC(38) MMU: 2ms/95.9%, 5ms/98.4%, 10ms/99.2%, 20ms/99.5%, 50ms/99.8%, 100ms/99.9%
[29.774s][info][gc,marking  ] GC(38) Mark: 8 stripe(s), 2 proactive flush(es), 1 terminate flush(es), 0 completion(s), 0 continuation(s) 
[29.774s][info][gc,marking  ] GC(38) Mark Stack Usage: 32M
[29.775s][info][gc,nmethod  ] GC(38) NMethods: 2141 registered, 551 unregistered
[29.775s][info][gc,metaspace] GC(38) Metaspace: 13M used, 14M committed, 1088M reserved
[29.775s][info][gc,ref      ] GC(38) Soft: 211 encountered, 0 discovered, 0 enqueued
[29.775s][info][gc,ref      ] GC(38) Weak: 623 encountered, 152 discovered, 0 enqueued
[29.775s][info][gc,ref      ] GC(38) Final: 0 encountered, 0 discovered, 0 enqueued
[29.775s][info][gc,ref      ] GC(38) Phantom: 59 encountered, 52 discovered, 0 enqueued
[29.775s][info][gc,reloc    ] GC(38) Small Pages: 525 / 1050M, Empty: 1018M, Relocated: 1M, In-Place: 0
[29.775s][info][gc,reloc    ] GC(38) Medium Pages: 0 / 0M, Empty: 0M, Relocated: 0M, In-Place: 0
[29.775s][info][gc,reloc    ] GC(38) Large Pages: 0 / 0M, Empty: 0M, Relocated: 0M, In-Place: 0
[29.775s][info][gc,reloc    ] GC(38) Forwarding Usage: 0M
[29.775s][info][gc,heap     ] GC(38) Min Capacity: 8M(0%)
[29.775s][info][gc,heap     ] GC(38) Max Capacity: 2048M(100%)
[29.775s][info][gc,heap     ] GC(38) Soft Max Capacity: 2048M(100%)
[29.775s][info][gc,heap     ] GC(38)                Mark Start          Mark End        Relocate Start      Relocate End           High               Low         
[29.775s][info][gc,heap     ] GC(38)  Capacity:     2048M (100%)       2048M (100%)       2048M (100%)       2048M (100%)       2048M (100%)       2048M (100%)   
[29.775s][info][gc,heap     ] GC(38)      Free:      998M (49%)         998M (49%)        2016M (98%)        2018M (99%)        2018M (99%)         998M (49%)    
[29.775s][info][gc,heap     ] GC(38)      Used:     1050M (51%)        1050M (51%)          32M (2%)           30M (1%)         1050M (51%)          30M (1%)     
[29.775s][info][gc,heap     ] GC(38)      Live:         -                 6M (0%)            6M (0%)            6M (0%)             -                  -          
[29.775s][info][gc,heap     ] GC(38) Allocated:         -                 0M (0%)            0M (0%)            0M (0%)             -                  -          
[29.775s][info][gc,heap     ] GC(38)   Garbage:         -              1043M (51%)          25M (1%)           23M (1%)             -                  -          
[29.775s][info][gc,heap     ] GC(38) Reclaimed:         -                  -              1018M (50%)        1020M (50%)            -                  -          
[29.775s][info][gc          ] GC(38) Garbage Collection (System.gc()) 1050M(51%)->30M(1%)
[30.126s][info][gc,stats    ] === Garbage Collection Statistics =======================================================================================================================
[30.126s][info][gc,stats    ]                                                              Last 10s              Last 10m              Last 10h                Total
[30.126s][info][gc,stats    ]                                                              Avg / Max             Avg / Max             Avg / Max             Avg / Max
[30.126s][info][gc,stats    ]   Collector: Garbage Collection Cycle                     81.051 / 205.365      52.876 / 205.365      52.876 / 205.365      52.876 / 205.365     ms
[30.126s][info][gc,stats    ]  Contention: Mark Segment Reset Contention                     0 / 2                 1 / 11                1 / 11                1 / 11          ops/s
[30.126s][info][gc,stats    ]  Contention: Mark SeqNum Reset Contention                      0 / 0                 0 / 1                 0 / 1                 0 / 1           ops/s
[30.126s][info][gc,stats    ]    Critical: Allocation Stall                                  0 / 0                 0 / 0                 0 / 0                 0 / 0           ops/s
[30.126s][info][gc,stats    ]    Critical: Allocation Stall                              0.000 / 0.000         0.000 / 0.000         0.000 / 0.000         0.000 / 0.000       ms
[30.126s][info][gc,stats    ]    Critical: GC Locker Stall                                   0 / 0                 0 / 0                 0 / 0                 0 / 0           ops/s
[30.126s][info][gc,stats    ]    Critical: GC Locker Stall                               0.000 / 0.000         0.000 / 0.000         0.000 / 0.000         0.000 / 0.000       ms
[30.126s][info][gc,stats    ]    Critical: Relocation Stall                                  0 / 0                 0 / 0                 0 / 0                 0 / 0           ops/s
[30.126s][info][gc,stats    ]    Critical: Relocation Stall                              0.000 / 0.000         0.000 / 0.000         0.000 / 0.000         0.000 / 0.000       ms
[30.126s][info][gc,stats    ]      Memory: Allocation Rate                                1933 / 2084           1755 / 2222           1755 / 2222           1755 / 2222        MB/s
[30.126s][info][gc,stats    ]      Memory: Defragment                                        0 / 0                 0 / 0                 0 / 0                 0 / 0           ops/s
[30.126s][info][gc,stats    ]      Memory: Out Of Memory                                     0 / 0                 0 / 0                 0 / 0                 0 / 0           ops/s
[30.126s][info][gc,stats    ]      Memory: Page Cache Flush                                  0 / 0                 0 / 0                 0 / 0                 0 / 0           MB/s
[30.126s][info][gc,stats    ]      Memory: Page Cache Hit L1                               962 / 1039            852 / 1039            852 / 1039            852 / 1039        ops/s
[30.126s][info][gc,stats    ]      Memory: Page Cache Hit L2                                 0 / 0                 0 / 0                 0 / 0                 0 / 0           ops/s
[30.126s][info][gc,stats    ]      Memory: Page Cache Hit L3                                 8 / 59               31 / 449              31 / 449              31 / 449         ops/s
[30.126s][info][gc,stats    ]      Memory: Page Cache Miss                                   0 / 0                 0 / 1                 0 / 1                 0 / 1           ops/s
[30.126s][info][gc,stats    ]      Memory: Uncommit                                          0 / 0                 0 / 0                 0 / 0                 0 / 0           MB/s
[30.126s][info][gc,stats    ]      Memory: Undo Object Allocation Failed                     2 / 28               28 / 101              28 / 101              28 / 101         ops/s
[30.126s][info][gc,stats    ]      Memory: Undo Object Allocation Succeeded                  0 / 1                 2 / 16                2 / 16                2 / 16          ops/s
[30.126s][info][gc,stats    ]      Memory: Undo Page Allocation                             67 / 109              66 / 221              66 / 221              66 / 221         ops/s
[30.126s][info][gc,stats    ]       Phase: Concurrent Mark                              19.319 / 32.906       17.865 / 32.906       17.865 / 32.906       17.865 / 32.906      ms
[30.126s][info][gc,stats    ]       Phase: Concurrent Mark Continue                      0.000 / 0.000         0.000 / 0.000         0.000 / 0.000         0.000 / 0.000       ms
[30.126s][info][gc,stats    ]       Phase: Concurrent Mark Free                          0.001 / 0.002         0.001 / 0.002         0.001 / 0.002         0.001 / 0.002       ms
[30.126s][info][gc,stats    ]       Phase: Concurrent Process Non-Strong References     27.002 / 43.312       17.393 / 43.312       17.393 / 43.312       17.393 / 43.312      ms
[30.126s][info][gc,stats    ]       Phase: Concurrent Relocate                           1.532 / 3.955         1.700 / 5.770         1.700 / 5.770         1.700 / 5.770       ms
[30.126s][info][gc,stats    ]       Phase: Concurrent Reset Relocation Set               0.006 / 0.009         0.006 / 0.010         0.006 / 0.010         0.006 / 0.010       ms
[30.126s][info][gc,stats    ]       Phase: Concurrent Select Relocation Set              4.401 / 4.883         4.914 / 14.014        4.914 / 14.014        4.914 / 14.014      ms
[30.126s][info][gc,stats    ]       Phase: Pause Mark End                                0.024 / 0.081         0.019 / 0.081         0.019 / 0.081         0.019 / 0.081       ms
[30.126s][info][gc,stats    ]       Phase: Pause Mark Start                              0.013 / 0.017         0.012 / 0.017         0.012 / 0.017         0.012 / 0.017       ms
[30.126s][info][gc,stats    ]       Phase: Pause Relocate Start                          0.007 / 0.008         0.007 / 0.020         0.007 / 0.020         0.007 / 0.020       ms
[30.126s][info][gc,stats    ]    Subphase: Concurrent Classes Purge                      0.008 / 0.029         0.139 / 3.094         0.139 / 3.094         0.139 / 3.094       ms
[30.126s][info][gc,stats    ]    Subphase: Concurrent Classes Unlink                     3.811 / 5.463         3.663 / 10.160        3.663 / 10.160        3.663 / 10.160      ms
[30.127s][info][gc,stats    ]    Subphase: Concurrent Mark                              13.040 / 30.945       11.403 / 30.945       11.403 / 30.945       11.403 / 30.945      ms
[30.127s][info][gc,stats    ]    Subphase: Concurrent Mark Try Flush                     0.090 / 0.217         0.099 / 0.450         0.099 / 0.450         0.099 / 0.450       ms
[30.127s][info][gc,stats    ]    Subphase: Concurrent Mark Try Terminate                 2.406 / 10.867        2.377 / 16.632        2.377 / 16.632        2.377 / 16.632      ms
[30.127s][info][gc,stats    ]    Subphase: Concurrent References Enqueue                 0.000 / 0.001         0.001 / 0.006         0.001 / 0.006         0.001 / 0.006       ms
[30.127s][info][gc,stats    ]    Subphase: Concurrent References Process                 0.119 / 0.182         0.100 / 0.182         0.100 / 0.182         0.100 / 0.182       ms
[30.127s][info][gc,stats    ]    Subphase: Concurrent Roots ClassLoaderDataGraph         0.135 / 0.548         0.111 / 1.252         0.111 / 1.252         0.111 / 1.252       ms
[30.127s][info][gc,stats    ]    Subphase: Concurrent Roots CodeCache                    0.000 / 0.000         0.000 / 0.000         0.000 / 0.000         0.000 / 0.000       ms
[30.127s][info][gc,stats    ]    Subphase: Concurrent Roots JavaThreads                  0.413 / 1.279         0.359 / 1.710         0.359 / 1.710         0.359 / 1.710       ms
[30.127s][info][gc,stats    ]    Subphase: Concurrent Roots OopStorageSet                0.058 / 0.170         0.079 / 0.778         0.079 / 0.778         0.079 / 0.778       ms
[30.127s][info][gc,stats    ]    Subphase: Concurrent Weak Roots OopStorageSet          11.946 / 38.411        4.600 / 38.411        4.600 / 38.411        4.600 / 38.411      ms
[30.127s][info][gc,stats    ]    Subphase: Pause Mark Try Complete                       0.002 / 0.004         0.002 / 0.004         0.002 / 0.004         0.002 / 0.004       ms
[30.127s][info][gc,stats    ]      System: Java Threads                                     53 / 61               56 / 73               56 / 73               56 / 73          threads
[30.127s][info][gc,stats    ] =========================================================================================================================================================
[30.326s][info][gc,start    ] GC(39) Garbage Collection (Allocation Rate)
[30.326s][info][gc,task     ] GC(39) Using 2 workers
[30.326s][info][gc,phases   ] GC(39) Pause Mark Start 0.012ms
[30.343s][info][gc,phases   ] GC(39) Concurrent Mark 17.184ms
[30.343s][info][gc,phases   ] GC(39) Pause Mark End 0.017ms
[30.344s][info][gc,phases   ] GC(39) Concurrent Mark Free 0.001ms
[30.366s][info][gc,phases   ] GC(39) Concurrent Process Non-Strong References 22.367ms
[30.366s][info][gc,phases   ] GC(39) Concurrent Reset Relocation Set 0.003ms
[30.370s][info][gc,phases   ] GC(39) Concurrent Select Relocation Set 3.748ms
[30.370s][info][gc,phases   ] GC(39) Pause Relocate Start 0.008ms
[30.372s][info][gc,phases   ] GC(39) Concurrent Relocate 1.371ms
[30.372s][info][gc,load     ] GC(39) Load: 0.00/0.00/0.00
[30.372s][info][gc,mmu      ] GC(39) MMU: 2ms/95.9%, 5ms/98.4%, 10ms/99.2%, 20ms/99.5%, 50ms/99.8%, 100ms/99.9%
[30.372s][info][gc,marking  ] GC(39) Mark: 2 stripe(s), 2 proactive flush(es), 1 terminate flush(es), 0 completion(s), 0 continuation(s) 
[30.372s][info][gc,marking  ] GC(39) Mark Stack Usage: 32M
[30.372s][info][gc,nmethod  ] GC(39) NMethods: 2174 registered, 556 unregistered
[30.372s][info][gc,metaspace] GC(39) Metaspace: 13M used, 14M committed, 1088M reserved
[30.372s][info][gc,ref      ] GC(39) Soft: 211 encountered, 0 discovered, 0 enqueued
[30.372s][info][gc,ref      ] GC(39) Weak: 729 encountered, 29 discovered, 2 enqueued
[30.372s][info][gc,ref      ] GC(39) Final: 0 encountered, 0 discovered, 0 enqueued
[30.372s][info][gc,ref      ] GC(39) Phantom: 59 encountered, 48 discovered, 0 enqueued
[30.372s][info][gc,reloc    ] GC(39) Small Pages: 520 / 1040M, Empty: 936M, Relocated: 2M, In-Place: 0
[30.372s][info][gc,reloc    ] GC(39) Medium Pages: 0 / 0M, Empty: 0M, Relocated: 0M, In-Place: 0
[30.372s][info][gc,reloc    ] GC(39) Large Pages: 0 / 0M, Empty: 0M, Relocated: 0M, In-Place: 0
[30.372s][info][gc,reloc    ] GC(39) Forwarding Usage: 0M
[30.372s][info][gc,heap     ] GC(39) Min Capacity: 8M(0%)
[30.372s][info][gc,heap     ] GC(39) Max Capacity: 2048M(100%)
[30.372s][info][gc,heap     ] GC(39) Soft Max Capacity: 2048M(100%)
[30.372s][info][gc,heap     ] GC(39)                Mark Start          Mark End        Relocate Start      Relocate End           High               Low         
[30.372s][info][gc,heap     ] GC(39)  Capacity:     2048M (100%)       2048M (100%)       2048M (100%)       2048M (100%)       2048M (100%)       2048M (100%)   
[30.372s][info][gc,heap     ] GC(39)      Free:     1008M (49%)         968M (47%)        1852M (90%)        1940M (95%)        1940M (95%)         922M (45%)    
[30.372s][info][gc,heap     ] GC(39)      Used:     1040M (51%)        1080M (53%)         196M (10%)         108M (5%)         1126M (55%)         108M (5%)     
[30.372s][info][gc,heap     ] GC(39)      Live:         -                 8M (0%)            8M (0%)            8M (0%)             -                  -          
[30.372s][info][gc,heap     ] GC(39) Allocated:         -                40M (2%)           92M (4%)           94M (5%)             -                  -          
[30.372s][info][gc,heap     ] GC(39)   Garbage:         -              1031M (50%)          95M (5%)            5M (0%)             -                  -          
[30.372s][info][gc,heap     ] GC(39) Reclaimed:         -                  -               936M (46%)        1026M (50%)            -                  -          
[30.372s][info][gc          ] GC(39) Garbage Collection (Allocation Rate) 1040M(51%)->108M(5%)
[31.126s][info][gc,start    ] GC(40) Garbage Collection (Allocation Rate)
[31.126s][info][gc,task     ] GC(40) Using 2 workers
[31.126s][info][gc,phases   ] GC(40) Pause Mark Start 0.014ms
[31.139s][info][gc,phases   ] GC(40) Concurrent Mark 12.717ms
[31.139s][info][gc,phases   ] GC(40) Pause Mark End 0.015ms
[31.139s][info][gc,phases   ] GC(40) Concurrent Mark Free 0.001ms
[31.163s][info][gc,phases   ] GC(40) Concurrent Process Non-Strong References 24.373ms
[31.163s][info][gc,phases   ] GC(40) Concurrent Reset Relocation Set 0.007ms
[31.168s][info][gc,phases   ] GC(40) Concurrent Select Relocation Set 4.588ms
[31.168s][info][gc,phases   ] GC(40) Pause Relocate Start 0.007ms
[31.169s][info][gc,phases   ] GC(40) Concurrent Relocate 1.149ms
[31.169s][info][gc,load     ] GC(40) Load: 0.00/0.00/0.00
[31.169s][info][gc,mmu      ] GC(40) MMU: 2ms/95.9%, 5ms/98.4%, 10ms/99.2%, 20ms/99.5%, 50ms/99.8%, 100ms/99.9%
[31.169s][info][gc,marking  ] GC(40) Mark: 2 stripe(s), 3 proactive flush(es), 1 terminate flush(es), 0 completion(s), 0 continuation(s) 
[31.169s][info][gc,marking  ] GC(40) Mark Stack Usage: 32M
[31.169s][info][gc,nmethod  ] GC(40) NMethods: 2174 registered, 558 unregistered
[31.169s][info][gc,metaspace] GC(40) Metaspace: 13M used, 14M committed, 1088M reserved
[31.169s][info][gc,ref      ] GC(40) Soft: 211 encountered, 0 discovered, 0 enqueued
[31.169s][info][gc,ref      ] GC(40) Weak: 727 encountered, 360 discovered, 0 enqueued
[31.169s][info][gc,ref      ] GC(40) Final: 0 encountered, 0 discovered, 0 enqueued
[31.169s][info][gc,ref      ] GC(40) Phantom: 59 encountered, 48 discovered, 0 enqueued
[31.169s][info][gc,reloc    ] GC(40) Small Pages: 621 / 1242M, Empty: 1128M, Relocated: 2M, In-Place: 0
[31.169s][info][gc,reloc    ] GC(40) Medium Pages: 0 / 0M, Empty: 0M, Relocated: 0M, In-Place: 0
[31.169s][info][gc,reloc    ] GC(40) Large Pages: 0 / 0M, Empty: 0M, Relocated: 0M, In-Place: 0
[31.170s][info][gc,reloc    ] GC(40) Forwarding Usage: 0M
[31.170s][info][gc,heap     ] GC(40) Min Capacity: 8M(0%)
[31.170s][info][gc,heap     ] GC(40) Max Capacity: 2048M(100%)
[31.170s][info][gc,heap     ] GC(40) Soft Max Capacity: 2048M(100%)
[31.170s][info][gc,heap     ] GC(40)                Mark Start          Mark End        Relocate Start      Relocate End           High               Low         
[31.170s][info][gc,heap     ] GC(40)  Capacity:     2048M (100%)       2048M (100%)       2048M (100%)       2048M (100%)       2048M (100%)       2048M (100%)   
[31.170s][info][gc,heap     ] GC(40)      Free:      806M (39%)         780M (38%)        1860M (91%)        1960M (96%)        1960M (96%)         742M (36%)    
[31.170s][info][gc,heap     ] GC(40)      Used:     1242M (61%)        1268M (62%)         188M (9%)           88M (4%)         1306M (64%)          88M (4%)     
[31.170s][info][gc,heap     ] GC(40)      Live:         -                 8M (0%)            8M (0%)            8M (0%)             -                  -          
[31.170s][info][gc,heap     ] GC(40) Allocated:         -                26M (1%)           74M (4%)           74M (4%)             -                  -          
[31.170s][info][gc,heap     ] GC(40)   Garbage:         -              1233M (60%)         105M (5%)            5M (0%)             -                  -          
[31.170s][info][gc,heap     ] GC(40) Reclaimed:         -                  -              1128M (55%)        1228M (60%)            -                  -          
[31.170s][info][gc          ] GC(40) Garbage Collection (Allocation Rate) 1242M(61%)->88M(4%)
[31.826s][info][gc,start    ] GC(41) Garbage Collection (Allocation Rate)
[31.826s][info][gc,task     ] GC(41) Using 1 workers
[31.826s][info][gc,phases   ] GC(41) Pause Mark Start 0.011ms
[31.846s][info][gc,phases   ] GC(41) Concurrent Mark 19.608ms
[31.846s][info][gc,phases   ] GC(41) Pause Mark End 0.017ms
[31.846s][info][gc,phases   ] GC(41) Concurrent Mark Free 0.001ms
[31.895s][info][gc,phases   ] GC(41) Concurrent Process Non-Strong References 49.076ms
[31.895s][info][gc,phases   ] GC(41) Concurrent Reset Relocation Set 0.007ms
[31.899s][info][gc,phases   ] GC(41) Concurrent Select Relocation Set 4.388ms
[31.900s][info][gc,phases   ] GC(41) Pause Relocate Start 0.008ms
[31.901s][info][gc,phases   ] GC(41) Concurrent Relocate 1.335ms
[31.901s][info][gc,load     ] GC(41) Load: 0.00/0.00/0.00
[31.901s][info][gc,mmu      ] GC(41) MMU: 2ms/95.9%, 5ms/98.4%, 10ms/99.2%, 20ms/99.5%, 50ms/99.8%, 100ms/99.9%
[31.901s][info][gc,marking  ] GC(41) Mark: 1 stripe(s), 2 proactive flush(es), 1 terminate flush(es), 0 completion(s), 0 continuation(s) 
[31.901s][info][gc,marking  ] GC(41) Mark Stack Usage: 32M
[31.901s][info][gc,nmethod  ] GC(41) NMethods: 2174 registered, 560 unregistered
[31.901s][info][gc,metaspace] GC(41) Metaspace: 13M used, 14M committed, 1088M reserved
[31.901s][info][gc,ref      ] GC(41) Soft: 211 encountered, 0 discovered, 0 enqueued
[31.901s][info][gc,ref      ] GC(41) Weak: 727 encountered, 441 discovered, 0 enqueued
[31.901s][info][gc,ref      ] GC(41) Final: 0 encountered, 0 discovered, 0 enqueued
[31.901s][info][gc,ref      ] GC(41) Phantom: 59 encountered, 41 discovered, 0 enqueued
[31.901s][info][gc,reloc    ] GC(41) Small Pages: 676 / 1352M, Empty: 1246M, Relocated: 2M, In-Place: 0
[31.901s][info][gc,reloc    ] GC(41) Medium Pages: 0 / 0M, Empty: 0M, Relocated: 0M, In-Place: 0
[31.901s][info][gc,reloc    ] GC(41) Large Pages: 0 / 0M, Empty: 0M, Relocated: 0M, In-Place: 0
[31.901s][info][gc,reloc    ] GC(41) Forwarding Usage: 0M
[31.901s][info][gc,heap     ] GC(41) Min Capacity: 8M(0%)
[31.901s][info][gc,heap     ] GC(41) Max Capacity: 2048M(100%)
[31.901s][info][gc,heap     ] GC(41) Soft Max Capacity: 2048M(100%)
[31.901s][info][gc,heap     ] GC(41)                Mark Start          Mark End        Relocate Start      Relocate End           High               Low         
[31.901s][info][gc,heap     ] GC(41)  Capacity:     2048M (100%)       2048M (100%)       2048M (100%)       2048M (100%)       2048M (100%)       2048M (100%)   
[31.901s][info][gc,heap     ] GC(41)      Free:      696M (34%)         650M (32%)        1788M (87%)        1882M (92%)        1882M (92%)         554M (27%)    
[31.901s][info][gc,heap     ] GC(41)      Used:     1352M (66%)        1398M (68%)         260M (13%)         166M (8%)         1494M (73%)         166M (8%)     
[31.901s][info][gc,heap     ] GC(41)      Live:         -                 8M (0%)            8M (0%)            8M (0%)             -                  -          
[31.901s][info][gc,heap     ] GC(41) Allocated:         -                46M (2%)          154M (8%)          154M (8%)             -                  -          
[31.901s][info][gc,heap     ] GC(41)   Garbage:         -              1343M (66%)          97M (5%)            2M (0%)             -                  -          
[31.901s][info][gc,heap     ] GC(41) Reclaimed:         -                  -              1246M (61%)        1340M (65%)            -                  -          
[31.901s][info][gc          ] GC(41) Garbage Collection (Allocation Rate) 1352M(66%)->166M(8%)
[32.525s][info][gc,start    ] GC(42) Garbage Collection (Allocation Rate)
[32.525s][info][gc,task     ] GC(42) Using 1 workers
[32.530s][info][gc,phases   ] GC(42) Pause Mark Start 0.010ms
[32.549s][info][gc,phases   ] GC(42) Concurrent Mark 18.876ms
[32.549s][info][gc,phases   ] GC(42) Pause Mark End 0.038ms
[32.549s][info][gc,phases   ] GC(42) Concurrent Mark Free 0.001ms
[32.601s][info][gc,phases   ] GC(42) Concurrent Process Non-Strong References 51.254ms
[32.601s][info][gc,phases   ] GC(42) Concurrent Reset Relocation Set 0.006ms
[32.606s][info][gc,phases   ] GC(42) Concurrent Select Relocation Set 5.600ms
[32.607s][info][gc,phases   ] GC(42) Pause Relocate Start 0.008ms
[32.609s][info][gc,phases   ] GC(42) Concurrent Relocate 2.466ms
[32.609s][info][gc,load     ] GC(42) Load: 0.00/0.00/0.00
[32.609s][info][gc,mmu      ] GC(42) MMU: 2ms/95.9%, 5ms/98.4%, 10ms/99.2%, 20ms/99.5%, 50ms/99.8%, 100ms/99.9%
[32.609s][info][gc,marking  ] GC(42) Mark: 1 stripe(s), 2 proactive flush(es), 1 terminate flush(es), 1 completion(s), 0 continuation(s) 
[32.609s][info][gc,marking  ] GC(42) Mark Stack Usage: 32M
[32.609s][info][gc,nmethod  ] GC(42) NMethods: 2174 registered, 560 unregistered
[32.609s][info][gc,metaspace] GC(42) Metaspace: 13M used, 14M committed, 1088M reserved
[32.609s][info][gc,ref      ] GC(42) Soft: 211 encountered, 0 discovered, 0 enqueued
[32.609s][info][gc,ref      ] GC(42) Weak: 727 encountered, 441 discovered, 0 enqueued
[32.609s][info][gc,ref      ] GC(42) Final: 0 encountered, 0 discovered, 0 enqueued
[32.609s][info][gc,ref      ] GC(42) Phantom: 59 encountered, 41 discovered, 0 enqueued
[32.609s][info][gc,reloc    ] GC(42) Small Pages: 652 / 1304M, Empty: 1206M, Relocated: 1M, In-Place: 0
[32.609s][info][gc,reloc    ] GC(42) Medium Pages: 0 / 0M, Empty: 0M, Relocated: 0M, In-Place: 0
[32.609s][info][gc,reloc    ] GC(42) Large Pages: 0 / 0M, Empty: 0M, Relocated: 0M, In-Place: 0
[32.609s][info][gc,reloc    ] GC(42) Forwarding Usage: 0M
[32.609s][info][gc,heap     ] GC(42) Min Capacity: 8M(0%)
[32.609s][info][gc,heap     ] GC(42) Max Capacity: 2048M(100%)
[32.609s][info][gc,heap     ] GC(42) Soft Max Capacity: 2048M(100%)
[32.609s][info][gc,heap     ] GC(42)                Mark Start          Mark End        Relocate Start      Relocate End           High               Low         
[32.609s][info][gc,heap     ] GC(42)  Capacity:     2048M (100%)       2048M (100%)       2048M (100%)       2048M (100%)       2048M (100%)       2048M (100%)   
[32.609s][info][gc,heap     ] GC(42)      Free:      744M (36%)         704M (34%)        1810M (88%)        1892M (92%)        1894M (92%)         614M (30%)    
[32.609s][info][gc,heap     ] GC(42)      Used:     1304M (64%)        1344M (66%)         238M (12%)         156M (8%)         1434M (70%)         154M (8%)     
[32.610s][info][gc,heap     ] GC(42)      Live:         -                 9M (0%)            9M (0%)            9M (0%)             -                  -          
[32.610s][info][gc,heap     ] GC(42) Allocated:         -                40M (2%)          140M (7%)          143M (7%)             -                  -          
[32.610s][info][gc,heap     ] GC(42)   Garbage:         -              1294M (63%)          88M (4%)            3M (0%)             -                  -          
[32.610s][info][gc,heap     ] GC(42) Reclaimed:         -                  -              1206M (59%)        1291M (63%)            -                  -          
[32.610s][info][gc          ] GC(42) Garbage Collection (Allocation Rate) 1304M(64%)->156M(8%)
[33.425s][info][gc,start    ] GC(43) Garbage Collection (Allocation Rate)
[33.425s][info][gc,task     ] GC(43) Using 1 workers
[33.425s][info][gc,phases   ] GC(43) Pause Mark Start 0.013ms
[33.450s][info][gc,phases   ] GC(43) Concurrent Mark 23.405ms
[33.450s][info][gc,phases   ] GC(43) Pause Mark End 0.016ms
[33.450s][info][gc,phases   ] GC(43) Concurrent Mark Free 0.001ms
[33.490s][info][gc,phases   ] GC(43) Concurrent Process Non-Strong References 39.868ms
[33.490s][info][gc,phases   ] GC(43) Concurrent Reset Relocation Set 0.007ms
[33.494s][info][gc,phases   ] GC(43) Concurrent Select Relocation Set 3.899ms
[33.494s][info][gc,phases   ] GC(43) Pause Relocate Start 0.008ms
[33.497s][info][gc,phases   ] GC(43) Concurrent Relocate 2.377ms
[33.497s][info][gc,load     ] GC(43) Load: 0.00/0.00/0.00
[33.497s][info][gc,mmu      ] GC(43) MMU: 2ms/95.9%, 5ms/98.4%, 10ms/99.2%, 20ms/99.5%, 50ms/99.8%, 100ms/99.9%
[33.497s][info][gc,marking  ] GC(43) Mark: 1 stripe(s), 2 proactive flush(es), 1 terminate flush(es), 0 completion(s), 0 continuation(s) 
[33.497s][info][gc,marking  ] GC(43) Mark Stack Usage: 32M
[33.497s][info][gc,nmethod  ] GC(43) NMethods: 2174 registered, 560 unregistered
[33.497s][info][gc,metaspace] GC(43) Metaspace: 13M used, 14M committed, 1088M reserved
[33.497s][info][gc,ref      ] GC(43) Soft: 211 encountered, 0 discovered, 0 enqueued
[33.497s][info][gc,ref      ] GC(43) Weak: 727 encountered, 441 discovered, 0 enqueued
[33.497s][info][gc,ref      ] GC(43) Final: 0 encountered, 0 discovered, 0 enqueued
[33.497s][info][gc,ref      ] GC(43) Phantom: 59 encountered, 41 discovered, 0 enqueued
[33.497s][info][gc,reloc    ] GC(43) Small Pages: 805 / 1610M, Empty: 1488M, Relocated: 1M, In-Place: 0
[33.497s][info][gc,reloc    ] GC(43) Medium Pages: 0 / 0M, Empty: 0M, Relocated: 0M, In-Place: 0
[33.497s][info][gc,reloc    ] GC(43) Large Pages: 0 / 0M, Empty: 0M, Relocated: 0M, In-Place: 0
[33.497s][info][gc,reloc    ] GC(43) Forwarding Usage: 0M
[33.497s][info][gc,heap     ] GC(43) Min Capacity: 8M(0%)
[33.497s][info][gc,heap     ] GC(43) Max Capacity: 2048M(100%)
[33.497s][info][gc,heap     ] GC(43) Soft Max Capacity: 2048M(100%)
[33.497s][info][gc,heap     ] GC(43)                Mark Start          Mark End        Relocate Start      Relocate End           High               Low         
[33.497s][info][gc,heap     ] GC(43)  Capacity:     2048M (100%)       2048M (100%)       2048M (100%)       2048M (100%)       2048M (100%)       2048M (100%)   
[33.497s][info][gc,heap     ] GC(43)      Free:      438M (21%)         390M (19%)        1804M (88%)        1910M (93%)        1912M (93%)         322M (16%)    
[33.497s][info][gc,heap     ] GC(43)      Used:     1610M (79%)        1658M (81%)         244M (12%)         138M (7%)         1726M (84%)         136M (7%)     
[33.497s][info][gc,heap     ] GC(43)      Live:         -                 9M (0%)            9M (0%)            9M (0%)             -                  -          
[33.497s][info][gc,heap     ] GC(43) Allocated:         -                48M (2%)          122M (6%)          125M (6%)             -                  -          
[33.497s][info][gc,heap     ] GC(43)   Garbage:         -              1600M (78%)         112M (6%)            2M (0%)             -                  -          
[33.497s][info][gc,heap     ] GC(43) Reclaimed:         -                  -              1488M (73%)        1597M (78%)            -                  -          
[33.497s][info][gc          ] GC(43) Garbage Collection (Allocation Rate) 1610M(79%)->138M(7%)
[34.325s][info][gc,start    ] GC(44) Garbage Collection (Allocation Rate)
[34.325s][info][gc,task     ] GC(44) Using 1 workers
[34.325s][info][gc,phases   ] GC(44) Pause Mark Start 0.012ms
[34.348s][info][gc,phases   ] GC(44) Concurrent Mark 23.242ms
[34.349s][info][gc,phases   ] GC(44) Pause Mark End 0.017ms
[34.349s][info][gc,phases   ] GC(44) Concurrent Mark Free 0.001ms
[34.393s][info][gc,phases   ] GC(44) Concurrent Process Non-Strong References 44.429ms
[34.393s][info][gc,phases   ] GC(44) Concurrent Reset Relocation Set 0.006ms
[34.397s][info][gc,phases   ] GC(44) Concurrent Select Relocation Set 3.405ms
[34.397s][info][gc,phases   ] GC(44) Pause Relocate Start 0.007ms
[34.398s][info][gc,phases   ] GC(44) Concurrent Relocate 1.211ms
[34.398s][info][gc,load     ] GC(44) Load: 0.00/0.00/0.00
[34.398s][info][gc,mmu      ] GC(44) MMU: 2ms/95.9%, 5ms/98.4%, 10ms/99.2%, 20ms/99.5%, 50ms/99.8%, 100ms/99.9%
[34.398s][info][gc,marking  ] GC(44) Mark: 1 stripe(s), 2 proactive flush(es), 1 terminate flush(es), 0 completion(s), 0 continuation(s) 
[34.398s][info][gc,marking  ] GC(44) Mark Stack Usage: 32M
[34.398s][info][gc,nmethod  ] GC(44) NMethods: 2174 registered, 560 unregistered
[34.398s][info][gc,metaspace] GC(44) Metaspace: 13M used, 14M committed, 1088M reserved
[34.398s][info][gc,ref      ] GC(44) Soft: 211 encountered, 0 discovered, 0 enqueued
[34.398s][info][gc,ref      ] GC(44) Weak: 727 encountered, 441 discovered, 0 enqueued
[34.398s][info][gc,ref      ] GC(44) Final: 0 encountered, 0 discovered, 0 enqueued
[34.398s][info][gc,ref      ] GC(44) Phantom: 59 encountered, 41 discovered, 0 enqueued
[34.398s][info][gc,reloc    ] GC(44) Small Pages: 815 / 1630M, Empty: 1506M, Relocated: 1M, In-Place: 0
[34.398s][info][gc,reloc    ] GC(44) Medium Pages: 0 / 0M, Empty: 0M, Relocated: 0M, In-Place: 0
[34.398s][info][gc,reloc    ] GC(44) Large Pages: 0 / 0M, Empty: 0M, Relocated: 0M, In-Place: 0
[34.398s][info][gc,reloc    ] GC(44) Forwarding Usage: 0M
[34.398s][info][gc,heap     ] GC(44) Min Capacity: 8M(0%)
[34.398s][info][gc,heap     ] GC(44) Max Capacity: 2048M(100%)
[34.398s][info][gc,heap     ] GC(44) Soft Max Capacity: 2048M(100%)
[34.398s][info][gc,heap     ] GC(44)                Mark Start          Mark End        Relocate Start      Relocate End           High               Low         
[34.398s][info][gc,heap     ] GC(44)  Capacity:     2048M (100%)       2048M (100%)       2048M (100%)       2048M (100%)       2048M (100%)       2048M (100%)   
[34.398s][info][gc,heap     ] GC(44)      Free:      418M (20%)         368M (18%)        1788M (87%)        1898M (93%)        1898M (93%)         288M (14%)    
[34.399s][info][gc,heap     ] GC(44)      Used:     1630M (80%)        1680M (82%)         260M (13%)         150M (7%)         1760M (86%)         150M (7%)     
[34.399s][info][gc,heap     ] GC(44)      Live:         -                 9M (0%)            9M (0%)            9M (0%)             -                  -          
[34.399s][info][gc,heap     ] GC(44) Allocated:         -                50M (2%)          136M (7%)          137M (7%)             -                  -          
[34.399s][info][gc,heap     ] GC(44)   Garbage:         -              1620M (79%)         114M (6%)            2M (0%)             -                  -          
[34.399s][info][gc,heap     ] GC(44) Reclaimed:         -                  -              1506M (74%)        1617M (79%)            -                  -          
[34.399s][info][gc          ] GC(44) Garbage Collection (Allocation Rate) 1630M(80%)->150M(7%)
[35.225s][info][gc,start    ] GC(45) Garbage Collection (Allocation Rate)
[35.226s][info][gc,task     ] GC(45) Using 1 workers
[35.226s][info][gc,phases   ] GC(45) Pause Mark Start 0.013ms
[35.247s][info][gc,phases   ] GC(45) Concurrent Mark 20.775ms
[35.247s][info][gc,phases   ] GC(45) Pause Mark End 0.017ms
[35.247s][info][gc,phases   ] GC(45) Concurrent Mark Free 0.001ms
[35.490s][info][gc,phases   ] GC(45) Concurrent Process Non-Strong References 242.741ms
[35.490s][info][gc,phases   ] GC(45) Concurrent Reset Relocation Set 0.006ms
[35.490s][info][gc          ] Allocation Stall (Thread-127) 54.205ms
[35.490s][info][gc          ] Allocation Stall (Thread-110) 52.829ms
[35.490s][info][gc          ] Allocation Stall (Thread-107) 54.324ms
[35.490s][info][gc          ] Allocation Stall (Thread-103) 52.769ms
[35.490s][info][gc          ] Allocation Stall (Thread-148) 47.209ms
[35.490s][info][gc          ] Allocation Stall (Thread-109) 53.992ms
[35.490s][info][gc          ] Allocation Stall (Thread-118) 53.643ms
[35.490s][info][gc          ] Allocation Stall (Thread-113) 52.670ms
[35.490s][info][gc          ] Allocation Stall (Thread-130) 53.501ms
[35.490s][info][gc          ] Allocation Stall (Thread-138) 55.030ms
[35.490s][info][gc          ] Allocation Stall (Thread-117) 53.283ms
[35.490s][info][gc          ] Allocation Stall (Thread-101) 54.273ms
[35.490s][info][gc          ] Allocation Stall (Thread-121) 53.487ms
[35.490s][info][gc          ] Allocation Stall (Thread-141) 53.543ms
[35.490s][info][gc          ] Allocation Stall (Thread-137) 53.008ms
[35.490s][info][gc          ] Allocation Stall (Thread-142) 52.597ms
[35.490s][info][gc          ] Allocation Stall (Thread-135) 54.831ms
[35.490s][info][gc          ] Allocation Stall (Thread-145) 53.710ms
[35.490s][info][gc          ] Allocation Stall (Thread-114) 52.959ms
[35.490s][info][gc          ] Allocation Stall (Thread-125) 52.594ms
[35.490s][info][gc          ] Allocation Stall (Thread-123) 54.701ms
[35.490s][info][gc          ] Allocation Stall (Thread-140) 52.597ms
[35.490s][info][gc          ] Allocation Stall (Thread-119) 53.104ms
[35.490s][info][gc          ] Allocation Stall (Thread-146) 55.260ms
[35.490s][info][gc          ] Allocation Stall (Thread-122) 53.584ms
[35.490s][info][gc          ] Allocation Stall (Thread-133) 52.639ms
[35.490s][info][gc          ] Allocation Stall (Thread-147) 53.129ms
[35.490s][info][gc          ] Allocation Stall (Thread-128) 54.926ms
[35.490s][info][gc          ] Allocation Stall (Thread-106) 53.913ms
[35.490s][info][gc          ] Allocation Stall (Thread-126) 54.899ms
[35.490s][info][gc          ] Allocation Stall (Thread-112) 52.653ms
[35.490s][info][gc          ] Allocation Stall (Thread-143) 52.518ms
[35.490s][info][gc          ] Allocation Stall (Thread-116) 53.783ms
[35.490s][info][gc          ] Allocation Stall (Thread-104) 55.638ms
[35.490s][info][gc          ] Allocation Stall (Thread-100) 54.324ms
[35.490s][info][gc          ] Allocation Stall (Thread-111) 53.041ms
[35.490s][info][gc          ] Allocation Stall (Thread-132) 52.734ms
[35.490s][info][gc          ] Allocation Stall (Thread-139) 53.493ms
[35.490s][info][gc          ] Allocation Stall (Thread-120) 53.482ms
[35.490s][info][gc          ] Allocation Stall (Thread-129) 54.816ms
[35.490s][info][gc          ] Allocation Stall (Thread-108) 53.616ms
[35.490s][info][gc          ] Allocation Stall (Thread-134) 53.817ms
[35.490s][info][gc          ] Allocation Stall (Thread-144) 52.633ms
[35.495s][info][gc,phases   ] GC(45) Concurrent Select Relocation Set 5.699ms
[35.496s][info][gc,phases   ] GC(45) Pause Relocate Start 0.012ms
[35.498s][info][gc,phases   ] GC(45) Concurrent Relocate 2.348ms
[35.498s][info][gc,load     ] GC(45) Load: 0.00/0.00/0.00
[35.498s][info][gc,mmu      ] GC(45) MMU: 2ms/95.9%, 5ms/98.4%, 10ms/99.2%, 20ms/99.5%, 50ms/99.8%, 100ms/99.9%
[35.498s][info][gc,marking  ] GC(45) Mark: 1 stripe(s), 2 proactive flush(es), 1 terminate flush(es), 0 completion(s), 0 continuation(s) 
[35.498s][info][gc,marking  ] GC(45) Mark Stack Usage: 32M
[35.498s][info][gc,nmethod  ] GC(45) NMethods: 2174 registered, 560 unregistered
[35.499s][info][gc,metaspace] GC(45) Metaspace: 13M used, 14M committed, 1088M reserved
[35.499s][info][gc,ref      ] GC(45) Soft: 211 encountered, 0 discovered, 0 enqueued
[35.499s][info][gc,ref      ] GC(45) Weak: 727 encountered, 441 discovered, 0 enqueued
[35.499s][info][gc,ref      ] GC(45) Final: 0 encountered, 0 discovered, 0 enqueued
[35.499s][info][gc,ref      ] GC(45) Phantom: 59 encountered, 41 discovered, 0 enqueued
[35.499s][info][gc,reloc    ] GC(45) Small Pages: 827 / 1654M, Empty: 1534M, Relocated: 1M, In-Place: 0
[35.499s][info][gc,reloc    ] GC(45) Medium Pages: 0 / 0M, Empty: 0M, Relocated: 0M, In-Place: 0
[35.499s][info][gc,reloc    ] GC(45) Large Pages: 0 / 0M, Empty: 0M, Relocated: 0M, In-Place: 0
[35.499s][info][gc,reloc    ] GC(45) Forwarding Usage: 0M
[35.499s][info][gc,heap     ] GC(45) Min Capacity: 8M(0%)
[35.499s][info][gc,heap     ] GC(45) Max Capacity: 2048M(100%)
[35.499s][info][gc,heap     ] GC(45) Soft Max Capacity: 2048M(100%)
[35.499s][info][gc,heap     ] GC(45)                Mark Start          Mark End        Relocate Start      Relocate End           High               Low         
[35.499s][info][gc,heap     ] GC(45)  Capacity:     2048M (100%)       2048M (100%)       2048M (100%)       2048M (100%)       2048M (100%)       2048M (100%)   
[35.499s][info][gc,heap     ] GC(45)      Free:      394M (19%)         350M (17%)        1520M (74%)        1628M (79%)        1628M (79%)           0M (0%)     
[35.499s][info][gc,heap     ] GC(45)      Used:     1654M (81%)        1698M (83%)         528M (26%)         420M (21%)        2048M (100%)        420M (21%)    
[35.499s][info][gc,heap     ] GC(45)      Live:         -                 9M (0%)            9M (0%)            9M (0%)             -                  -          
[35.499s][info][gc,heap     ] GC(45) Allocated:         -                44M (2%)          408M (20%)         407M (20%)            -                  -          
[35.499s][info][gc,heap     ] GC(45)   Garbage:         -              1644M (80%)         110M (5%)            2M (0%)             -                  -          
[35.499s][info][gc,heap     ] GC(45) Reclaimed:         -                  -              1534M (75%)        1641M (80%)            -                  -          
[35.499s][info][gc          ] GC(45) Garbage Collection (Allocation Rate) 1654M(81%)->420M(21%)
[35.525s][info][gc,start    ] GC(46) Garbage Collection (Allocation Stall)
[35.525s][info][gc,ref      ] GC(46) Clearing All SoftReferences
[35.525s][info][gc,task     ] GC(46) Using 12 workers
[35.525s][info][gc,ref      ] GC(46) Clearing All SoftReferences
[35.526s][info][gc,phases   ] GC(46) Pause Mark Start 0.049ms
[35.530s][info][gc,phases   ] GC(46) Concurrent Mark 4.222ms
[35.530s][info][gc,phases   ] GC(46) Pause Mark End 0.016ms
[35.530s][info][gc,phases   ] GC(46) Concurrent Mark Free 0.001ms
[35.542s][info][gc,phases   ] GC(46) Concurrent Process Non-Strong References 11.480ms
[35.542s][info][gc,phases   ] GC(46) Concurrent Reset Relocation Set 0.008ms
[35.547s][info][gc,phases   ] GC(46) Concurrent Select Relocation Set 5.075ms
[35.547s][info][gc,phases   ] GC(46) Pause Relocate Start 0.007ms
[35.551s][info][gc,phases   ] GC(46) Concurrent Relocate 4.105ms
[35.551s][info][gc,load     ] GC(46) Load: 0.00/0.00/0.00
[35.551s][info][gc,mmu      ] GC(46) MMU: 2ms/95.9%, 5ms/98.4%, 10ms/99.2%, 20ms/99.5%, 50ms/99.8%, 100ms/99.9%
[35.551s][info][gc,marking  ] GC(46) Mark: 8 stripe(s), 2 proactive flush(es), 1 terminate flush(es), 0 completion(s), 0 continuation(s) 
[35.551s][info][gc,marking  ] GC(46) Mark Stack Usage: 32M
[35.551s][info][gc,nmethod  ] GC(46) NMethods: 2174 registered, 560 unregistered
[35.552s][info][gc,metaspace] GC(46) Metaspace: 13M used, 14M committed, 1088M reserved
[35.552s][info][gc,ref      ] GC(46) Soft: 203 encountered, 108 discovered, 69 enqueued
[35.552s][info][gc,ref      ] GC(46) Weak: 727 encountered, 120 discovered, 6 enqueued
[35.552s][info][gc,ref      ] GC(46) Final: 0 encountered, 0 discovered, 0 enqueued
[35.552s][info][gc,ref      ] GC(46) Phantom: 59 encountered, 43 discovered, 0 enqueued
[35.552s][info][gc,reloc    ] GC(46) Small Pages: 232 / 464M, Empty: 408M, Relocated: 5M, In-Place: 0
[35.552s][info][gc,reloc    ] GC(46) Medium Pages: 0 / 0M, Empty: 0M, Relocated: 0M, In-Place: 0
[35.552s][info][gc,reloc    ] GC(46) Large Pages: 0 / 0M, Empty: 0M, Relocated: 0M, In-Place: 0
[35.552s][info][gc,reloc    ] GC(46) Forwarding Usage: 1M
[35.552s][info][gc,heap     ] GC(46) Min Capacity: 8M(0%)
[35.552s][info][gc,heap     ] GC(46) Max Capacity: 2048M(100%)
[35.552s][info][gc,heap     ] GC(46) Soft Max Capacity: 2048M(100%)
[35.552s][info][gc,heap     ] GC(46)                Mark Start          Mark End        Relocate Start      Relocate End           High               Low         
[35.552s][info][gc,heap     ] GC(46)  Capacity:     2048M (100%)       2048M (100%)       2048M (100%)       2048M (100%)       2048M (100%)       2048M (100%)   
[35.552s][info][gc,heap     ] GC(46)      Free:     1584M (77%)        1570M (77%)        1948M (95%)        1968M (96%)        1968M (96%)        1550M (76%)    
[35.552s][info][gc,heap     ] GC(46)      Used:      464M (23%)         478M (23%)         100M (5%)           80M (4%)          498M (24%)          80M (4%)     
[35.552s][info][gc,heap     ] GC(46)      Live:         -                 8M (0%)            8M (0%)            8M (0%)             -                  -          
[35.552s][info][gc,heap     ] GC(46) Allocated:         -                14M (1%)           44M (2%)           51M (3%)             -                  -          
[35.552s][info][gc,heap     ] GC(46)   Garbage:         -               455M (22%)          47M (2%)           20M (1%)             -                  -          
[35.552s][info][gc,heap     ] GC(46) Reclaimed:         -                  -               408M (20%)         435M (21%)            -                  -          
[35.552s][info][gc          ] GC(46) Garbage Collection (Allocation Stall) 464M(23%)->80M(4%)
[36.025s][info][gc,start    ] GC(47) Garbage Collection (Allocation Rate)
[36.025s][info][gc,task     ] GC(47) Using 2 workers
[36.025s][info][gc,phases   ] GC(47) Pause Mark Start 0.010ms
[36.036s][info][gc,phases   ] GC(47) Concurrent Mark 11.330ms
[36.037s][info][gc,phases   ] GC(47) Pause Mark End 0.015ms
[36.037s][info][gc,phases   ] GC(47) Concurrent Mark Free 0.001ms
[36.055s][info][gc,phases   ] GC(47) Concurrent Process Non-Strong References 18.145ms
[36.055s][info][gc,phases   ] GC(47) Concurrent Reset Relocation Set 0.003ms
[36.062s][info][gc,phases   ] GC(47) Concurrent Select Relocation Set 7.188ms
[36.062s][info][gc,phases   ] GC(47) Pause Relocate Start 0.007ms
[36.067s][info][gc,phases   ] GC(47) Concurrent Relocate 4.395ms
[36.067s][info][gc,load     ] GC(47) Load: 0.00/0.00/0.00
[36.067s][info][gc,mmu      ] GC(47) MMU: 2ms/95.9%, 5ms/98.4%, 10ms/99.2%, 20ms/99.5%, 50ms/99.8%, 100ms/99.9%
[36.067s][info][gc,marking  ] GC(47) Mark: 2 stripe(s), 2 proactive flush(es), 1 terminate flush(es), 0 completion(s), 0 continuation(s) 
[36.067s][info][gc,marking  ] GC(47) Mark Stack Usage: 32M
[36.067s][info][gc,nmethod  ] GC(47) NMethods: 2174 registered, 560 unregistered
[36.067s][info][gc,metaspace] GC(47) Metaspace: 13M used, 14M committed, 1088M reserved
[36.067s][info][gc,ref      ] GC(47) Soft: 134 encountered, 0 discovered, 0 enqueued
[36.067s][info][gc,ref      ] GC(47) Weak: 721 encountered, 433 discovered, 0 enqueued
[36.067s][info][gc,ref      ] GC(47) Final: 0 encountered, 0 discovered, 0 enqueued
[36.067s][info][gc,ref      ] GC(47) Phantom: 59 encountered, 33 discovered, 0 enqueued
[36.067s][info][gc,reloc    ] GC(47) Small Pages: 459 / 918M, Empty: 820M, Relocated: 5M, In-Place: 0
[36.067s][info][gc,reloc    ] GC(47) Medium Pages: 0 / 0M, Empty: 0M, Relocated: 0M, In-Place: 0
[36.067s][info][gc,reloc    ] GC(47) Large Pages: 0 / 0M, Empty: 0M, Relocated: 0M, In-Place: 0
[36.067s][info][gc,reloc    ] GC(47) Forwarding Usage: 1M
[36.067s][info][gc,heap     ] GC(47) Min Capacity: 8M(0%)
[36.067s][info][gc,heap     ] GC(47) Max Capacity: 2048M(100%)
[36.067s][info][gc,heap     ] GC(47) Soft Max Capacity: 2048M(100%)
[36.067s][info][gc,heap     ] GC(47)                Mark Start          Mark End        Relocate Start      Relocate End           High               Low         
[36.067s][info][gc,heap     ] GC(47)  Capacity:     2048M (100%)       2048M (100%)       2048M (100%)       2048M (100%)       2048M (100%)       2048M (100%)   
[36.067s][info][gc,heap     ] GC(47)      Free:     1130M (55%)        1104M (54%)        1876M (92%)        1956M (96%)        1960M (96%)        1068M (52%)    
[36.067s][info][gc,heap     ] GC(47)      Used:      918M (45%)         944M (46%)         172M (8%)           92M (4%)          980M (48%)          88M (4%)     
[36.067s][info][gc,heap     ] GC(47)      Live:         -                 8M (0%)            8M (0%)            8M (0%)             -                  -          
[36.067s][info][gc,heap     ] GC(47) Allocated:         -                26M (1%)           74M (4%)           79M (4%)             -                  -          
[36.067s][info][gc,heap     ] GC(47)   Garbage:         -               909M (44%)          89M (4%)            4M (0%)             -                  -          
[36.067s][info][gc,heap     ] GC(47) Reclaimed:         -                  -               820M (40%)         905M (44%)            -                  -          
[36.067s][info][gc          ] GC(47) Garbage Collection (Allocation Rate) 918M(45%)->92M(4%)
[36.624s][info][gc,start    ] GC(48) Garbage Collection (Allocation Rate)
[36.624s][info][gc,task     ] GC(48) Using 1 workers
[36.625s][info][gc,phases   ] GC(48) Pause Mark Start 0.013ms
[36.647s][info][gc,phases   ] GC(48) Concurrent Mark 21.951ms
[36.647s][info][gc,phases   ] GC(48) Pause Mark End 0.015ms
[36.647s][info][gc,phases   ] GC(48) Concurrent Mark Free 0.002ms
[36.686s][info][gc,phases   ] GC(48) Concurrent Process Non-Strong References 38.918ms
[36.686s][info][gc,phases   ] GC(48) Concurrent Reset Relocation Set 0.009ms
[36.691s][info][gc,phases   ] GC(48) Concurrent Select Relocation Set 5.260ms
[36.691s][info][gc,phases   ] GC(48) Pause Relocate Start 0.009ms
[36.694s][info][gc,phases   ] GC(48) Concurrent Relocate 2.248ms
[36.694s][info][gc,load     ] GC(48) Load: 0.00/0.00/0.00
[36.694s][info][gc,mmu      ] GC(48) MMU: 2ms/95.9%, 5ms/98.4%, 10ms/99.2%, 20ms/99.5%, 50ms/99.8%, 100ms/99.9%
[36.694s][info][gc,marking  ] GC(48) Mark: 1 stripe(s), 2 proactive flush(es), 1 terminate flush(es), 0 completion(s), 0 continuation(s) 
[36.694s][info][gc,marking  ] GC(48) Mark Stack Usage: 32M
[36.694s][info][gc,nmethod  ] GC(48) NMethods: 2174 registered, 560 unregistered
[36.694s][info][gc,metaspace] GC(48) Metaspace: 13M used, 14M committed, 1088M reserved
[36.694s][info][gc,ref      ] GC(48) Soft: 134 encountered, 0 discovered, 0 enqueued
[36.694s][info][gc,ref      ] GC(48) Weak: 721 encountered, 455 discovered, 0 enqueued
[36.694s][info][gc,ref      ] GC(48) Final: 0 encountered, 0 discovered, 0 enqueued
[36.694s][info][gc,ref      ] GC(48) Phantom: 59 encountered, 41 discovered, 0 enqueued
[36.694s][info][gc,reloc    ] GC(48) Small Pages: 548 / 1096M, Empty: 1010M, Relocated: 1M, In-Place: 0
[36.694s][info][gc,reloc    ] GC(48) Medium Pages: 0 / 0M, Empty: 0M, Relocated: 0M, In-Place: 0
[36.694s][info][gc,reloc    ] GC(48) Large Pages: 0 / 0M, Empty: 0M, Relocated: 0M, In-Place: 0
[36.694s][info][gc,reloc    ] GC(48) Forwarding Usage: 0M
[36.694s][info][gc,heap     ] GC(48) Min Capacity: 8M(0%)
[36.694s][info][gc,heap     ] GC(48) Max Capacity: 2048M(100%)
[36.694s][info][gc,heap     ] GC(48) Soft Max Capacity: 2048M(100%)
[36.694s][info][gc,heap     ] GC(48)                Mark Start          Mark End        Relocate Start      Relocate End           High               Low         
[36.694s][info][gc,heap     ] GC(48)  Capacity:     2048M (100%)       2048M (100%)       2048M (100%)       2048M (100%)       2048M (100%)       2048M (100%)   
[36.694s][info][gc,heap     ] GC(48)      Free:      952M (46%)         902M (44%)        1826M (89%)        1898M (93%)        1900M (93%)         824M (40%)    
[36.694s][info][gc,heap     ] GC(48)      Used:     1096M (54%)        1146M (56%)         222M (11%)         150M (7%)         1224M (60%)         148M (7%)     
[36.694s][info][gc,heap     ] GC(48)      Live:         -                 8M (0%)            8M (0%)            8M (0%)             -                  -          
[36.694s][info][gc,heap     ] GC(48) Allocated:         -                50M (2%)          136M (7%)          139M (7%)             -                  -          
[36.694s][info][gc,heap     ] GC(48)   Garbage:         -              1087M (53%)          77M (4%)            1M (0%)             -                  -          
[36.694s][info][gc,heap     ] GC(48) Reclaimed:         -                  -              1010M (49%)        1085M (53%)            -                  -          
[36.694s][info][gc          ] GC(48) Garbage Collection (Allocation Rate) 1096M(54%)->150M(7%)
[37.325s][info][gc,start    ] GC(49) Garbage Collection (Allocation Rate)
[37.325s][info][gc,task     ] GC(49) Using 1 workers
[37.325s][info][gc,phases   ] GC(49) Pause Mark Start 0.011ms
[37.340s][info][gc,phases   ] GC(49) Concurrent Mark 14.881ms
[37.340s][info][gc,phases   ] GC(49) Pause Mark End 0.017ms
[37.340s][info][gc,phases   ] GC(49) Concurrent Mark Free 0.001ms
[37.382s][info][gc,phases   ] GC(49) Concurrent Process Non-Strong References 42.314ms
[37.383s][info][gc,phases   ] GC(49) Concurrent Reset Relocation Set 0.003ms
[37.387s][info][gc,phases   ] GC(49) Concurrent Select Relocation Set 4.885ms
[37.388s][info][gc,phases   ] GC(49) Pause Relocate Start 0.008ms
[37.390s][info][gc,phases   ] GC(49) Concurrent Relocate 2.055ms
[37.390s][info][gc,load     ] GC(49) Load: 0.00/0.00/0.00
[37.390s][info][gc,mmu      ] GC(49) MMU: 2ms/95.9%, 5ms/98.4%, 10ms/99.2%, 20ms/99.5%, 50ms/99.8%, 100ms/99.9%
[37.390s][info][gc,marking  ] GC(49) Mark: 1 stripe(s), 2 proactive flush(es), 1 terminate flush(es), 0 completion(s), 0 continuation(s) 
[37.390s][info][gc,marking  ] GC(49) Mark Stack Usage: 32M
[37.390s][info][gc,nmethod  ] GC(49) NMethods: 2174 registered, 560 unregistered
[37.390s][info][gc,metaspace] GC(49) Metaspace: 13M used, 14M committed, 1088M reserved
[37.390s][info][gc,ref      ] GC(49) Soft: 134 encountered, 0 discovered, 0 enqueued
[37.390s][info][gc,ref      ] GC(49) Weak: 721 encountered, 455 discovered, 0 enqueued
[37.390s][info][gc,ref      ] GC(49) Final: 0 encountered, 0 discovered, 0 enqueued
[37.390s][info][gc,ref      ] GC(49) Phantom: 59 encountered, 41 discovered, 0 enqueued
[37.390s][info][gc,reloc    ] GC(49) Small Pages: 649 / 1298M, Empty: 1200M, Relocated: 1M, In-Place: 0
[37.390s][info][gc,reloc    ] GC(49) Medium Pages: 0 / 0M, Empty: 0M, Relocated: 0M, In-Place: 0
[37.390s][info][gc,reloc    ] GC(49) Large Pages: 0 / 0M, Empty: 0M, Relocated: 0M, In-Place: 0
[37.390s][info][gc,reloc    ] GC(49) Forwarding Usage: 0M
[37.390s][info][gc,heap     ] GC(49) Min Capacity: 8M(0%)
[37.390s][info][gc,heap     ] GC(49) Max Capacity: 2048M(100%)
[37.390s][info][gc,heap     ] GC(49) Soft Max Capacity: 2048M(100%)
[37.390s][info][gc,heap     ] GC(49)                Mark Start          Mark End        Relocate Start      Relocate End           High               Low         
[37.390s][info][gc,heap     ] GC(49)  Capacity:     2048M (100%)       2048M (100%)       2048M (100%)       2048M (100%)       2048M (100%)       2048M (100%)   
[37.390s][info][gc,heap     ] GC(49)      Free:      750M (37%)         714M (35%)        1826M (89%)        1910M (93%)        1912M (93%)         634M (31%)    
[37.390s][info][gc,heap     ] GC(49)      Used:     1298M (63%)        1334M (65%)         222M (11%)         138M (7%)         1414M (69%)         136M (7%)     
[37.390s][info][gc,heap     ] GC(49)      Live:         -                 8M (0%)            8M (0%)            8M (0%)             -                  -          
[37.390s][info][gc,heap     ] GC(49) Allocated:         -                36M (2%)          124M (6%)          127M (6%)             -                  -          
[37.390s][info][gc,heap     ] GC(49)   Garbage:         -              1289M (63%)          89M (4%)            1M (0%)             -                  -          
[37.390s][info][gc,heap     ] GC(49) Reclaimed:         -                  -              1200M (59%)        1287M (63%)            -                  -          
[37.390s][info][gc          ] GC(49) Garbage Collection (Allocation Rate) 1298M(63%)->138M(7%)
[38.125s][info][gc,start    ] GC(50) Garbage Collection (Allocation Rate)
[38.125s][info][gc,task     ] GC(50) Using 1 workers
[38.125s][info][gc,phases   ] GC(50) Pause Mark Start 0.009ms
[38.141s][info][gc,phases   ] GC(50) Concurrent Mark 16.318ms
[38.141s][info][gc,phases   ] GC(50) Pause Mark End 0.017ms
[38.141s][info][gc,phases   ] GC(50) Concurrent Mark Free 0.001ms
[38.192s][info][gc,phases   ] GC(50) Concurrent Process Non-Strong References 50.119ms
[38.192s][info][gc,phases   ] GC(50) Concurrent Reset Relocation Set 0.009ms
[38.198s][info][gc,phases   ] GC(50) Concurrent Select Relocation Set 5.789ms
[38.198s][info][gc,phases   ] GC(50) Pause Relocate Start 0.008ms
[38.200s][info][gc,phases   ] GC(50) Concurrent Relocate 2.492ms
[38.200s][info][gc,load     ] GC(50) Load: 0.00/0.00/0.00
[38.200s][info][gc,mmu      ] GC(50) MMU: 2ms/95.9%, 5ms/98.4%, 10ms/99.2%, 20ms/99.5%, 50ms/99.8%, 100ms/99.9%
[38.200s][info][gc,marking  ] GC(50) Mark: 1 stripe(s), 2 proactive flush(es), 1 terminate flush(es), 0 completion(s), 0 continuation(s) 
[38.200s][info][gc,marking  ] GC(50) Mark Stack Usage: 32M
[38.200s][info][gc,nmethod  ] GC(50) NMethods: 2174 registered, 562 unregistered
[38.200s][info][gc,metaspace] GC(50) Metaspace: 13M used, 14M committed, 1088M reserved
[38.200s][info][gc,ref      ] GC(50) Soft: 134 encountered, 0 discovered, 0 enqueued
[38.200s][info][gc,ref      ] GC(50) Weak: 721 encountered, 455 discovered, 0 enqueued
[38.200s][info][gc,ref      ] GC(50) Final: 0 encountered, 0 discovered, 0 enqueued
[38.200s][info][gc,ref      ] GC(50) Phantom: 59 encountered, 41 discovered, 0 enqueued
[38.200s][info][gc,reloc    ] GC(50) Small Pages: 733 / 1466M, Empty: 1356M, Relocated: 1M, In-Place: 0
[38.201s][info][gc,reloc    ] GC(50) Medium Pages: 0 / 0M, Empty: 0M, Relocated: 0M, In-Place: 0
[38.201s][info][gc,reloc    ] GC(50) Large Pages: 0 / 0M, Empty: 0M, Relocated: 0M, In-Place: 0
[38.201s][info][gc,reloc    ] GC(50) Forwarding Usage: 0M
[38.201s][info][gc,heap     ] GC(50) Min Capacity: 8M(0%)
[38.201s][info][gc,heap     ] GC(50) Max Capacity: 2048M(100%)
[38.201s][info][gc,heap     ] GC(50) Soft Max Capacity: 2048M(100%)
[38.201s][info][gc,heap     ] GC(50)                Mark Start          Mark End        Relocate Start      Relocate End           High               Low         
[38.201s][info][gc,heap     ] GC(50)  Capacity:     2048M (100%)       2048M (100%)       2048M (100%)       2048M (100%)       2048M (100%)       2048M (100%)   
[38.201s][info][gc,heap     ] GC(50)      Free:      582M (28%)         544M (27%)        1794M (88%)        1890M (92%)        1890M (92%)         448M (22%)    
[38.201s][info][gc,heap     ] GC(50)      Used:     1466M (72%)        1504M (73%)         254M (12%)         158M (8%)         1600M (78%)         158M (8%)     
[38.201s][info][gc,heap     ] GC(50)      Live:         -                 8M (0%)            8M (0%)            8M (0%)             -                  -          
[38.201s][info][gc,heap     ] GC(50) Allocated:         -                38M (2%)          144M (7%)          147M (7%)             -                  -          
[38.201s][info][gc,heap     ] GC(50)   Garbage:         -              1457M (71%)         101M (5%)            1M (0%)             -                  -          
[38.201s][info][gc,heap     ] GC(50) Reclaimed:         -                  -              1356M (66%)        1455M (71%)            -                  -          
[38.201s][info][gc          ] GC(50) Garbage Collection (Allocation Rate) 1466M(72%)->158M(8%)
[39.025s][info][gc,start    ] GC(51) Garbage Collection (Allocation Rate)
[39.025s][info][gc,task     ] GC(51) Using 1 workers
[39.025s][info][gc,phases   ] GC(51) Pause Mark Start 0.012ms
[39.041s][info][gc,phases   ] GC(51) Concurrent Mark 15.904ms
[39.041s][info][gc,phases   ] GC(51) Pause Mark End 0.015ms
[39.041s][info][gc,phases   ] GC(51) Concurrent Mark Free 0.001ms
[39.079s][info][gc,phases   ] GC(51) Concurrent Process Non-Strong References 38.190ms
[39.080s][info][gc,phases   ] GC(51) Concurrent Reset Relocation Set 0.004ms
[39.084s][info][gc,phases   ] GC(51) Concurrent Select Relocation Set 4.807ms
[39.084s][info][gc,phases   ] GC(51) Pause Relocate Start 0.007ms
[39.085s][info][gc,phases   ] GC(51) Concurrent Relocate 0.493ms
[39.085s][info][gc,load     ] GC(51) Load: 0.00/0.00/0.00
[39.085s][info][gc,mmu      ] GC(51) MMU: 2ms/95.9%, 5ms/98.4%, 10ms/99.2%, 20ms/99.5%, 50ms/99.8%, 100ms/99.9%
[39.085s][info][gc,marking  ] GC(51) Mark: 1 stripe(s), 2 proactive flush(es), 1 terminate flush(es), 0 completion(s), 0 continuation(s) 
[39.085s][info][gc,marking  ] GC(51) Mark Stack Usage: 32M
[39.085s][info][gc,nmethod  ] GC(51) NMethods: 2174 registered, 562 unregistered
[39.085s][info][gc,metaspace] GC(51) Metaspace: 13M used, 14M committed, 1088M reserved
[39.085s][info][gc,ref      ] GC(51) Soft: 134 encountered, 0 discovered, 0 enqueued
[39.085s][info][gc,ref      ] GC(51) Weak: 721 encountered, 455 discovered, 0 enqueued
[39.085s][info][gc,ref      ] GC(51) Final: 0 encountered, 0 discovered, 0 enqueued
[39.085s][info][gc,ref      ] GC(51) Phantom: 59 encountered, 41 discovered, 0 enqueued
[39.085s][info][gc,reloc    ] GC(51) Small Pages: 814 / 1628M, Empty: 1510M, Relocated: 1M, In-Place: 0
[39.085s][info][gc,reloc    ] GC(51) Medium Pages: 0 / 0M, Empty: 0M, Relocated: 0M, In-Place: 0
[39.085s][info][gc,reloc    ] GC(51) Large Pages: 0 / 0M, Empty: 0M, Relocated: 0M, In-Place: 0
[39.085s][info][gc,reloc    ] GC(51) Forwarding Usage: 0M
[39.085s][info][gc,heap     ] GC(51) Min Capacity: 8M(0%)
[39.085s][info][gc,heap     ] GC(51) Max Capacity: 2048M(100%)
[39.085s][info][gc,heap     ] GC(51) Soft Max Capacity: 2048M(100%)
[39.085s][info][gc,heap     ] GC(51)                Mark Start          Mark End        Relocate Start      Relocate End           High               Low         
[39.085s][info][gc,heap     ] GC(51)  Capacity:     2048M (100%)       2048M (100%)       2048M (100%)       2048M (100%)       2048M (100%)       2048M (100%)   
[39.085s][info][gc,heap     ] GC(51)      Free:      420M (21%)         384M (19%)        1820M (89%)        1926M (94%)        1926M (94%)         318M (16%)    
[39.085s][info][gc,heap     ] GC(51)      Used:     1628M (79%)        1664M (81%)         228M (11%)         122M (6%)         1730M (84%)         122M (6%)     
[39.085s][info][gc,heap     ] GC(51)      Live:         -                 8M (0%)            8M (0%)            8M (0%)             -                  -          
[39.085s][info][gc,heap     ] GC(51) Allocated:         -                36M (2%)          110M (5%)          110M (5%)             -                  -          
[39.085s][info][gc,heap     ] GC(51)   Garbage:         -              1619M (79%)         109M (5%)            3M (0%)             -                  -          
[39.086s][info][gc,heap     ] GC(51) Reclaimed:         -                  -              1510M (74%)        1616M (79%)            -                  -          
[39.086s][info][gc          ] GC(51) Garbage Collection (Allocation Rate) 1628M(79%)->122M(6%)
[39.925s][info][gc,start    ] GC(52) Garbage Collection (Allocation Rate)
[39.925s][info][gc,task     ] GC(52) Using 1 workers
[39.925s][info][gc,phases   ] GC(52) Pause Mark Start 0.012ms
[39.942s][info][gc,phases   ] GC(52) Concurrent Mark 16.165ms
[39.942s][info][gc,phases   ] GC(52) Pause Mark End 0.015ms
[39.942s][info][gc,phases   ] GC(52) Concurrent Mark Free 0.001ms
[39.984s][info][gc,phases   ] GC(52) Concurrent Process Non-Strong References 42.552ms
[39.985s][info][gc,phases   ] GC(52) Concurrent Reset Relocation Set 0.005ms
[39.988s][info][gc,phases   ] GC(52) Concurrent Select Relocation Set 3.461ms
[39.988s][info][gc,phases   ] GC(52) Pause Relocate Start 0.008ms
[39.989s][info][gc,phases   ] GC(52) Concurrent Relocate 0.360ms
[39.989s][info][gc,load     ] GC(52) Load: 0.00/0.00/0.00
[39.989s][info][gc,mmu      ] GC(52) MMU: 2ms/95.9%, 5ms/98.4%, 10ms/99.2%, 20ms/99.5%, 50ms/99.8%, 100ms/99.9%
[39.989s][info][gc,marking  ] GC(52) Mark: 1 stripe(s), 2 proactive flush(es), 1 terminate flush(es), 0 completion(s), 0 continuation(s) 
[39.989s][info][gc,marking  ] GC(52) Mark Stack Usage: 32M
[39.989s][info][gc,nmethod  ] GC(52) NMethods: 2174 registered, 562 unregistered
[39.989s][info][gc,metaspace] GC(52) Metaspace: 13M used, 14M committed, 1088M reserved
[39.989s][info][gc,ref      ] GC(52) Soft: 134 encountered, 0 discovered, 0 enqueued
[39.989s][info][gc,ref      ] GC(52) Weak: 721 encountered, 160 discovered, 0 enqueued
[39.989s][info][gc,ref      ] GC(52) Final: 0 encountered, 0 discovered, 0 enqueued
[39.989s][info][gc,ref      ] GC(52) Phantom: 59 encountered, 42 discovered, 0 enqueued
[39.989s][info][gc,reloc    ] GC(52) Small Pages: 815 / 1630M, Empty: 1506M, Relocated: 0M, In-Place: 0
[39.989s][info][gc,reloc    ] GC(52) Medium Pages: 0 / 0M, Empty: 0M, Relocated: 0M, In-Place: 0
[39.989s][info][gc,reloc    ] GC(52) Large Pages: 0 / 0M, Empty: 0M, Relocated: 0M, In-Place: 0
[39.989s][info][gc,reloc    ] GC(52) Forwarding Usage: 0M
[39.989s][info][gc,heap     ] GC(52) Min Capacity: 8M(0%)
[39.989s][info][gc,heap     ] GC(52) Max Capacity: 2048M(100%)
[39.989s][info][gc,heap     ] GC(52) Soft Max Capacity: 2048M(100%)
[39.989s][info][gc,heap     ] GC(52)                Mark Start          Mark End        Relocate Start      Relocate End           High               Low         
[39.989s][info][gc,heap     ] GC(52)  Capacity:     2048M (100%)       2048M (100%)       2048M (100%)       2048M (100%)       2048M (100%)       2048M (100%)   
[39.989s][info][gc,heap     ] GC(52)      Free:      418M (20%)         382M (19%)        1808M (88%)        1918M (94%)        1918M (94%)         308M (15%)    
[39.989s][info][gc,heap     ] GC(52)      Used:     1630M (80%)        1666M (81%)         240M (12%)         130M (6%)         1740M (85%)         130M (6%)     
[39.989s][info][gc,heap     ] GC(52)      Live:         -                 8M (0%)            8M (0%)            8M (0%)             -                  -          
[39.989s][info][gc,heap     ] GC(52) Allocated:         -                36M (2%)          116M (6%)          117M (6%)             -                  -          
[39.989s][info][gc,heap     ] GC(52)   Garbage:         -              1621M (79%)         115M (6%)            3M (0%)             -                  -          
[39.989s][info][gc,heap     ] GC(52) Reclaimed:         -                  -              1506M (74%)        1617M (79%)            -                  -          
[39.989s][info][gc          ] GC(52) Garbage Collection (Allocation Rate) 1630M(80%)->130M(6%)
[40.126s][info][gc,stats    ] === Garbage Collection Statistics =======================================================================================================================
[40.126s][info][gc,stats    ]                                                              Last 10s              Last 10m              Last 10h                Total
[40.126s][info][gc,stats    ]                                                              Avg / Max             Avg / Max             Avg / Max             Avg / Max
[40.126s][info][gc,stats    ]   Collector: Garbage Collection Cycle                     76.425 / 272.829      59.096 / 272.829      59.096 / 272.829      59.096 / 272.829     ms
[40.126s][info][gc,stats    ]  Contention: Mark Segment Reset Contention                     0 / 6                 1 / 11                1 / 11                1 / 11          ops/s
[40.126s][info][gc,stats    ]  Contention: Mark SeqNum Reset Contention                      0 / 0                 0 / 1                 0 / 1                 0 / 1           ops/s
[40.126s][info][gc,stats    ]    Critical: Allocation Stall                                  4 / 43                1 / 43                1 / 43                1 / 43          ops/s
[40.126s][info][gc,stats    ]    Critical: Allocation Stall                             53.483 / 55.638       53.483 / 55.638       53.483 / 55.638       53.483 / 55.638      ms
[40.126s][info][gc,stats    ]    Critical: GC Locker Stall                                   0 / 0                 0 / 0                 0 / 0                 0 / 0           ops/s
[40.126s][info][gc,stats    ]    Critical: GC Locker Stall                               0.000 / 0.000         0.000 / 0.000         0.000 / 0.000         0.000 / 0.000       ms
[40.126s][info][gc,stats    ]    Critical: Relocation Stall                                  0 / 0                 0 / 0                 0 / 0                 0 / 0           ops/s
[40.126s][info][gc,stats    ]    Critical: Relocation Stall                              0.000 / 0.000         0.000 / 0.000         0.000 / 0.000         0.000 / 0.000       ms
[40.126s][info][gc,stats    ]      Memory: Allocation Rate                                1946 / 2120           1802 / 2222           1802 / 2222           1802 / 2222        MB/s
[40.126s][info][gc,stats    ]      Memory: Defragment                                        0 / 0                 0 / 0                 0 / 0                 0 / 0           ops/s
[40.126s][info][gc,stats    ]      Memory: Out Of Memory                                     0 / 0                 0 / 0                 0 / 0                 0 / 0           ops/s
[40.126s][info][gc,stats    ]      Memory: Page Cache Flush                                  0 / 0                 0 / 0                 0 / 0                 0 / 0           MB/s
[40.126s][info][gc,stats    ]      Memory: Page Cache Hit L1                               967 / 1063            880 / 1063            880 / 1063            880 / 1063        ops/s
[40.126s][info][gc,stats    ]      Memory: Page Cache Hit L2                                 0 / 0                 0 / 0                 0 / 0                 0 / 0           ops/s
[40.126s][info][gc,stats    ]      Memory: Page Cache Hit L3                                 8 / 85               25 / 449              25 / 449              25 / 449         ops/s
[40.126s][info][gc,stats    ]      Memory: Page Cache Miss                                   0 / 0                 0 / 1                 0 / 1                 0 / 1           ops/s
[40.126s][info][gc,stats    ]      Memory: Uncommit                                          0 / 0                 0 / 0                 0 / 0                 0 / 0           MB/s
[40.126s][info][gc,stats    ]      Memory: Undo Object Allocation Failed                    17 / 84               25 / 101              25 / 101              25 / 101         ops/s
[40.126s][info][gc,stats    ]      Memory: Undo Object Allocation Succeeded                  0 / 3                 2 / 16                2 / 16                2 / 16          ops/s
[40.126s][info][gc,stats    ]      Memory: Undo Page Allocation                             79 / 150              69 / 221              69 / 221              69 / 221         ops/s
[40.126s][info][gc,stats    ]       Phase: Concurrent Mark                              16.898 / 23.405       17.610 / 32.906       17.610 / 32.906       17.610 / 32.906      ms
[40.126s][info][gc,stats    ]       Phase: Concurrent Mark Continue                      0.000 / 0.000         0.000 / 0.000         0.000 / 0.000         0.000 / 0.000       ms
[40.126s][info][gc,stats    ]       Phase: Concurrent Mark Free                          0.001 / 0.002         0.001 / 0.002         0.001 / 0.002         0.001 / 0.002       ms
[40.126s][info][gc,stats    ]       Phase: Concurrent Process Non-Strong References     51.131 / 242.741      26.305 / 242.741      26.305 / 242.741      26.305 / 242.741     ms
[40.126s][info][gc,stats    ]       Phase: Concurrent Relocate                           2.029 / 4.395         1.787 / 5.770         1.787 / 5.770         1.787 / 5.770       ms
[40.126s][info][gc,stats    ]       Phase: Concurrent Reset Relocation Set               0.006 / 0.009         0.006 / 0.010         0.006 / 0.010         0.006 / 0.010       ms
[40.126s][info][gc,stats    ]       Phase: Concurrent Select Relocation Set              4.842 / 7.188         4.895 / 14.014        4.895 / 14.014        4.895 / 14.014      ms
[40.126s][info][gc,stats    ]       Phase: Pause Mark End                                0.018 / 0.038         0.019 / 0.081         0.019 / 0.081         0.019 / 0.081       ms
[40.126s][info][gc,stats    ]       Phase: Pause Mark Start                              0.014 / 0.049         0.013 / 0.049         0.013 / 0.049         0.013 / 0.049       ms
[40.126s][info][gc,stats    ]       Phase: Pause Relocate Start                          0.008 / 0.012         0.007 / 0.020         0.007 / 0.020         0.007 / 0.020       ms
[40.126s][info][gc,stats    ]    Subphase: Concurrent Classes Purge                      0.027 / 0.119         0.110 / 3.094         0.110 / 3.094         0.110 / 3.094       ms
[40.126s][info][gc,stats    ]    Subphase: Concurrent Classes Unlink                     4.405 / 6.565         3.859 / 10.160        3.859 / 10.160        3.859 / 10.160      ms
[40.127s][info][gc,stats    ]    Subphase: Concurrent Mark                              10.307 / 22.169       11.245 / 30.945       11.245 / 30.945       11.245 / 30.945      ms
[40.127s][info][gc,stats    ]    Subphase: Concurrent Mark Try Flush                     0.093 / 0.223         0.097 / 0.450         0.097 / 0.450         0.097 / 0.450       ms
[40.127s][info][gc,stats    ]    Subphase: Concurrent Mark Try Terminate                 0.516 / 2.007         2.157 / 16.632        2.157 / 16.632        2.157 / 16.632      ms
[40.127s][info][gc,stats    ]    Subphase: Concurrent References Enqueue                 0.001 / 0.005         0.001 / 0.006         0.001 / 0.006         0.001 / 0.006       ms
[40.127s][info][gc,stats    ]    Subphase: Concurrent References Process                 0.106 / 0.194         0.102 / 0.194         0.102 / 0.194         0.102 / 0.194       ms
[40.127s][info][gc,stats    ]    Subphase: Concurrent Roots ClassLoaderDataGraph         0.171 / 0.514         0.122 / 1.252         0.122 / 1.252         0.122 / 1.252       ms
[40.127s][info][gc,stats    ]    Subphase: Concurrent Roots CodeCache                    0.000 / 0.000         0.000 / 0.000         0.000 / 0.000         0.000 / 0.000       ms
[40.127s][info][gc,stats    ]    Subphase: Concurrent Roots JavaThreads                  0.391 / 1.080         0.364 / 1.710         0.364 / 1.710         0.364 / 1.710       ms
[40.127s][info][gc,stats    ]    Subphase: Concurrent Roots OopStorageSet                0.061 / 0.160         0.076 / 0.778         0.076 / 0.778         0.076 / 0.778       ms
[40.127s][info][gc,stats    ]    Subphase: Concurrent Weak Roots OopStorageSet          20.332 / 50.091        6.870 / 50.091        6.870 / 50.091        6.870 / 50.091      ms
[40.127s][info][gc,stats    ]    Subphase: Pause Mark Try Complete                       0.003 / 0.003         0.002 / 0.004         0.002 / 0.004         0.002 / 0.004       ms
[40.127s][info][gc,stats    ]      System: Java Threads                                     60 / 61               57 / 73               57 / 73               57 / 73          threads
[40.127s][info][gc,stats    ] =========================================================================================================================================================
[40.825s][info][gc,start    ] GC(53) Garbage Collection (Allocation Rate)
[40.825s][info][gc,task     ] GC(53) Using 1 workers
[40.825s][info][gc,phases   ] GC(53) Pause Mark Start 0.010ms
[40.841s][info][gc,phases   ] GC(53) Concurrent Mark 15.278ms
[40.841s][info][gc,phases   ] GC(53) Pause Mark End 0.016ms
[40.841s][info][gc,phases   ] GC(53) Concurrent Mark Free 0.001ms
[40.888s][info][gc,phases   ] GC(53) Concurrent Process Non-Strong References 47.474ms
[40.889s][info][gc,phases   ] GC(53) Concurrent Reset Relocation Set 0.009ms
[40.893s][info][gc,phases   ] GC(53) Concurrent Select Relocation Set 4.574ms
[40.893s][info][gc,phases   ] GC(53) Pause Relocate Start 0.008ms
[40.894s][info][gc,phases   ] GC(53) Concurrent Relocate 0.466ms
[40.894s][info][gc,load     ] GC(53) Load: 0.00/0.00/0.00
[40.894s][info][gc,mmu      ] GC(53) MMU: 2ms/95.9%, 5ms/98.4%, 10ms/99.2%, 20ms/99.5%, 50ms/99.8%, 100ms/99.9%
[40.894s][info][gc,marking  ] GC(53) Mark: 1 stripe(s), 2 proactive flush(es), 1 terminate flush(es), 0 completion(s), 0 continuation(s) 
[40.894s][info][gc,marking  ] GC(53) Mark Stack Usage: 32M
[40.894s][info][gc,nmethod  ] GC(53) NMethods: 2174 registered, 562 unregistered
[40.894s][info][gc,metaspace] GC(53) Metaspace: 13M used, 14M committed, 1088M reserved
[40.894s][info][gc,ref      ] GC(53) Soft: 134 encountered, 0 discovered, 0 enqueued
[40.894s][info][gc,ref      ] GC(53) Weak: 721 encountered, 455 discovered, 0 enqueued
[40.894s][info][gc,ref      ] GC(53) Final: 0 encountered, 0 discovered, 0 enqueued
[40.894s][info][gc,ref      ] GC(53) Phantom: 59 encountered, 41 discovered, 0 enqueued
[40.894s][info][gc,reloc    ] GC(53) Small Pages: 822 / 1644M, Empty: 1526M, Relocated: 0M, In-Place: 0
[40.894s][info][gc,reloc    ] GC(53) Medium Pages: 0 / 0M, Empty: 0M, Relocated: 0M, In-Place: 0
[40.894s][info][gc,reloc    ] GC(53) Large Pages: 0 / 0M, Empty: 0M, Relocated: 0M, In-Place: 0
[40.894s][info][gc,reloc    ] GC(53) Forwarding Usage: 0M
[40.894s][info][gc,heap     ] GC(53) Min Capacity: 8M(0%)
[40.894s][info][gc,heap     ] GC(53) Max Capacity: 2048M(100%)
[40.894s][info][gc,heap     ] GC(53) Soft Max Capacity: 2048M(100%)
[40.894s][info][gc,heap     ] GC(53)                Mark Start          Mark End        Relocate Start      Relocate End           High               Low         
[40.894s][info][gc,heap     ] GC(53)  Capacity:     2048M (100%)       2048M (100%)       2048M (100%)       2048M (100%)       2048M (100%)       2048M (100%)   
[40.894s][info][gc,heap     ] GC(53)      Free:      404M (20%)         370M (18%)        1800M (88%)        1906M (93%)        1906M (93%)         282M (14%)    
[40.894s][info][gc,heap     ] GC(53)      Used:     1644M (80%)        1678M (82%)         248M (12%)         142M (7%)         1766M (86%)         142M (7%)     
[40.894s][info][gc,heap     ] GC(53)      Live:         -                 8M (0%)            8M (0%)            8M (0%)             -                  -          
[40.894s][info][gc,heap     ] GC(53) Allocated:         -                34M (2%)          130M (6%)          129M (6%)             -                  -          
[40.894s][info][gc,heap     ] GC(53)   Garbage:         -              1635M (80%)         109M (5%)            3M (0%)             -                  -          
[40.894s][info][gc,heap     ] GC(53) Reclaimed:         -                  -              1526M (75%)        1631M (80%)            -                  -          
[40.894s][info][gc          ] GC(53) Garbage Collection (Allocation Rate) 1644M(80%)->142M(7%)
[41.725s][info][gc,start    ] GC(54) Garbage Collection (Proactive)
[41.725s][info][gc,task     ] GC(54) Using 12 workers
[41.725s][info][gc,phases   ] GC(54) Pause Mark Start 0.011ms
[41.729s][info][gc,phases   ] GC(54) Concurrent Mark 3.648ms
[41.729s][info][gc,phases   ] GC(54) Pause Mark End 0.017ms
[41.729s][info][gc,phases   ] GC(54) Concurrent Mark Free 0.001ms
[41.733s][info][gc,phases   ] GC(54) Concurrent Process Non-Strong References 4.621ms
[41.733s][info][gc,phases   ] GC(54) Concurrent Reset Relocation Set 0.004ms
[41.738s][info][gc,phases   ] GC(54) Concurrent Select Relocation Set 4.811ms
[41.738s][info][gc,phases   ] GC(54) Pause Relocate Start 0.005ms
[41.739s][info][gc,phases   ] GC(54) Concurrent Relocate 0.310ms
[41.739s][info][gc,load     ] GC(54) Load: 0.00/0.00/0.00
[41.739s][info][gc,mmu      ] GC(54) MMU: 2ms/95.9%, 5ms/98.4%, 10ms/99.2%, 20ms/99.5%, 50ms/99.8%, 100ms/99.9%
[41.739s][info][gc,marking  ] GC(54) Mark: 8 stripe(s), 2 proactive flush(es), 1 terminate flush(es), 0 completion(s), 0 continuation(s) 
[41.739s][info][gc,marking  ] GC(54) Mark Stack Usage: 32M
[41.739s][info][gc,nmethod  ] GC(54) NMethods: 2174 registered, 562 unregistered
[41.739s][info][gc,metaspace] GC(54) Metaspace: 13M used, 14M committed, 1088M reserved
[41.739s][info][gc,ref      ] GC(54) Soft: 134 encountered, 0 discovered, 0 enqueued
[41.739s][info][gc,ref      ] GC(54) Weak: 721 encountered, 100 discovered, 0 enqueued
[41.739s][info][gc,ref      ] GC(54) Final: 0 encountered, 0 discovered, 0 enqueued
[41.739s][info][gc,ref      ] GC(54) Phantom: 59 encountered, 48 discovered, 0 enqueued
[41.739s][info][gc,reloc    ] GC(54) Small Pages: 815 / 1630M, Empty: 1510M, Relocated: 0M, In-Place: 0
[41.739s][info][gc,reloc    ] GC(54) Medium Pages: 0 / 0M, Empty: 0M, Relocated: 0M, In-Place: 0
[41.739s][info][gc,reloc    ] GC(54) Large Pages: 0 / 0M, Empty: 0M, Relocated: 0M, In-Place: 0
[41.739s][info][gc,reloc    ] GC(54) Forwarding Usage: 0M
[41.739s][info][gc,heap     ] GC(54) Min Capacity: 8M(0%)
[41.739s][info][gc,heap     ] GC(54) Max Capacity: 2048M(100%)
[41.739s][info][gc,heap     ] GC(54) Soft Max Capacity: 2048M(100%)
[41.739s][info][gc,heap     ] GC(54)                Mark Start          Mark End        Relocate Start      Relocate End           High               Low         
[41.739s][info][gc,heap     ] GC(54)  Capacity:     2048M (100%)       2048M (100%)       2048M (100%)       2048M (100%)       2048M (100%)       2048M (100%)   
[41.739s][info][gc,heap     ] GC(54)      Free:      418M (20%)         406M (20%)        1900M (93%)        1986M (97%)        1986M (97%)         396M (19%)    
[41.739s][info][gc,heap     ] GC(54)      Used:     1630M (80%)        1642M (80%)         148M (7%)           62M (3%)         1652M (81%)          62M (3%)     
[41.739s][info][gc,heap     ] GC(54)      Live:         -                 8M (0%)            8M (0%)            8M (0%)             -                  -          
[41.739s][info][gc,heap     ] GC(54) Allocated:         -                12M (1%)           28M (1%)           27M (1%)             -                  -          
[41.739s][info][gc,heap     ] GC(54)   Garbage:         -              1621M (79%)         111M (5%)           25M (1%)             -                  -          
[41.739s][info][gc,heap     ] GC(54) Reclaimed:         -                  -              1510M (74%)        1595M (78%)            -                  -          
[41.739s][info][gc          ] GC(54) Garbage Collection (Proactive) 1630M(80%)->62M(3%)
[42.626s][info][gc,start    ] GC(55) Garbage Collection (Allocation Rate)
[42.626s][info][gc,task     ] GC(55) Using 1 workers
[42.626s][info][gc,phases   ] GC(55) Pause Mark Start 0.011ms
[42.640s][info][gc,phases   ] GC(55) Concurrent Mark 14.099ms
[42.640s][info][gc,phases   ] GC(55) Pause Mark End 0.017ms
[42.640s][info][gc,phases   ] GC(55) Concurrent Mark Free 0.001ms
[42.683s][info][gc,phases   ] GC(55) Concurrent Process Non-Strong References 42.798ms
[42.683s][info][gc,phases   ] GC(55) Concurrent Reset Relocation Set 0.005ms
[42.687s][info][gc,phases   ] GC(55) Concurrent Select Relocation Set 3.688ms
[42.687s][info][gc,phases   ] GC(55) Pause Relocate Start 0.008ms
[42.688s][info][gc,phases   ] GC(55) Concurrent Relocate 0.482ms
[42.688s][info][gc,load     ] GC(55) Load: 0.00/0.00/0.00
[42.688s][info][gc,mmu      ] GC(55) MMU: 2ms/95.9%, 5ms/98.4%, 10ms/99.2%, 20ms/99.5%, 50ms/99.8%, 100ms/99.9%
[42.688s][info][gc,marking  ] GC(55) Mark: 1 stripe(s), 2 proactive flush(es), 1 terminate flush(es), 0 completion(s), 0 continuation(s) 
[42.688s][info][gc,marking  ] GC(55) Mark Stack Usage: 32M
[42.688s][info][gc,nmethod  ] GC(55) NMethods: 2174 registered, 562 unregistered
[42.688s][info][gc,metaspace] GC(55) Metaspace: 13M used, 14M committed, 1088M reserved
[42.688s][info][gc,ref      ] GC(55) Soft: 134 encountered, 0 discovered, 0 enqueued
[42.688s][info][gc,ref      ] GC(55) Weak: 713 encountered, 455 discovered, 0 enqueued
[42.688s][info][gc,ref      ] GC(55) Final: 0 encountered, 0 discovered, 0 enqueued
[42.688s][info][gc,ref      ] GC(55) Phantom: 59 encountered, 41 discovered, 0 enqueued
[42.688s][info][gc,reloc    ] GC(55) Small Pages: 809 / 1618M, Empty: 1478M, Relocated: 0M, In-Place: 0
[42.688s][info][gc,reloc    ] GC(55) Medium Pages: 0 / 0M, Empty: 0M, Relocated: 0M, In-Place: 0
[42.688s][info][gc,reloc    ] GC(55) Large Pages: 0 / 0M, Empty: 0M, Relocated: 0M, In-Place: 0
[42.688s][info][gc,reloc    ] GC(55) Forwarding Usage: 0M
[42.688s][info][gc,heap     ] GC(55) Min Capacity: 8M(0%)
[42.688s][info][gc,heap     ] GC(55) Max Capacity: 2048M(100%)
[42.688s][info][gc,heap     ] GC(55) Soft Max Capacity: 2048M(100%)
[42.688s][info][gc,heap     ] GC(55)                Mark Start          Mark End        Relocate Start      Relocate End           High               Low         
[42.688s][info][gc,heap     ] GC(55)  Capacity:     2048M (100%)       2048M (100%)       2048M (100%)       2048M (100%)       2048M (100%)       2048M (100%)   
[42.688s][info][gc,heap     ] GC(55)      Free:      430M (21%)         398M (19%)        1794M (88%)        1920M (94%)        1920M (94%)         322M (16%)    
[42.688s][info][gc,heap     ] GC(55)      Used:     1618M (79%)        1650M (81%)         254M (12%)         128M (6%)         1726M (84%)         128M (6%)     
[42.688s][info][gc,heap     ] GC(55)      Live:         -                 8M (0%)            8M (0%)            8M (0%)             -                  -          
[42.688s][info][gc,heap     ] GC(55) Allocated:         -                32M (2%)          114M (6%)          115M (6%)             -                  -          
[42.688s][info][gc,heap     ] GC(55)   Garbage:         -              1609M (79%)         131M (6%)            3M (0%)             -                  -          
[42.688s][info][gc,heap     ] GC(55) Reclaimed:         -                  -              1478M (72%)        1605M (78%)            -                  -          
[42.688s][info][gc          ] GC(55) Garbage Collection (Allocation Rate) 1618M(79%)->128M(6%)
[43.526s][info][gc,start    ] GC(56) Garbage Collection (Allocation Rate)
[43.526s][info][gc,task     ] GC(56) Using 1 workers
[43.526s][info][gc,phases   ] GC(56) Pause Mark Start 0.010ms
[43.539s][info][gc,phases   ] GC(56) Concurrent Mark 12.999ms
[43.539s][info][gc,phases   ] GC(56) Pause Mark End 0.013ms
[43.539s][info][gc,phases   ] GC(56) Concurrent Mark Free 0.001ms
[43.602s][info][gc,phases   ] GC(56) Concurrent Process Non-Strong References 62.678ms
[43.602s][info][gc,phases   ] GC(56) Concurrent Reset Relocation Set 0.007ms
[43.606s][info][gc,phases   ] GC(56) Concurrent Select Relocation Set 4.460ms
[43.607s][info][gc,phases   ] GC(56) Pause Relocate Start 0.008ms
[43.607s][info][gc,phases   ] GC(56) Concurrent Relocate 0.399ms
[43.607s][info][gc,load     ] GC(56) Load: 0.00/0.00/0.00
[43.607s][info][gc,mmu      ] GC(56) MMU: 2ms/95.9%, 5ms/98.4%, 10ms/99.2%, 20ms/99.5%, 50ms/99.8%, 100ms/99.9%
[43.607s][info][gc,marking  ] GC(56) Mark: 1 stripe(s), 2 proactive flush(es), 1 terminate flush(es), 0 completion(s), 0 continuation(s) 
[43.607s][info][gc,marking  ] GC(56) Mark Stack Usage: 32M
[43.607s][info][gc,nmethod  ] GC(56) NMethods: 2174 registered, 562 unregistered
[43.607s][info][gc,metaspace] GC(56) Metaspace: 13M used, 14M committed, 1088M reserved
[43.607s][info][gc,ref      ] GC(56) Soft: 134 encountered, 0 discovered, 0 enqueued
[43.607s][info][gc,ref      ] GC(56) Weak: 693 encountered, 455 discovered, 0 enqueued
[43.607s][info][gc,ref      ] GC(56) Final: 0 encountered, 0 discovered, 0 enqueued
[43.607s][info][gc,ref      ] GC(56) Phantom: 59 encountered, 41 discovered, 0 enqueued
[43.607s][info][gc,reloc    ] GC(56) Small Pages: 780 / 1560M, Empty: 1434M, Relocated: 0M, In-Place: 0
[43.607s][info][gc,reloc    ] GC(56) Medium Pages: 0 / 0M, Empty: 0M, Relocated: 0M, In-Place: 0
[43.607s][info][gc,reloc    ] GC(56) Large Pages: 0 / 0M, Empty: 0M, Relocated: 0M, In-Place: 0
[43.607s][info][gc,reloc    ] GC(56) Forwarding Usage: 0M
[43.607s][info][gc,heap     ] GC(56) Min Capacity: 8M(0%)
[43.607s][info][gc,heap     ] GC(56) Max Capacity: 2048M(100%)
[43.607s][info][gc,heap     ] GC(56) Soft Max Capacity: 2048M(100%)
[43.607s][info][gc,heap     ] GC(56)                Mark Start          Mark End        Relocate Start      Relocate End           High               Low         
[43.607s][info][gc,heap     ] GC(56)  Capacity:     2048M (100%)       2048M (100%)       2048M (100%)       2048M (100%)       2048M (100%)       2048M (100%)   
[43.607s][info][gc,heap     ] GC(56)      Free:      488M (24%)         462M (23%)        1790M (87%)        1904M (93%)        1904M (93%)         362M (18%)    
[43.607s][info][gc,heap     ] GC(56)      Used:     1560M (76%)        1586M (77%)         258M (13%)         144M (7%)         1686M (82%)         144M (7%)     
[43.607s][info][gc,heap     ] GC(56)      Live:         -                 8M (0%)            8M (0%)            8M (0%)             -                  -          
[43.607s][info][gc,heap     ] GC(56) Allocated:         -                26M (1%)          132M (6%)          131M (6%)             -                  -          
[43.607s][info][gc,heap     ] GC(56)   Garbage:         -              1551M (76%)         117M (6%)            3M (0%)             -                  -          
[43.607s][info][gc,heap     ] GC(56) Reclaimed:         -                  -              1434M (70%)        1547M (76%)            -                  -          
[43.607s][info][gc          ] GC(56) Garbage Collection (Allocation Rate) 1560M(76%)->144M(7%)
[44.325s][info][gc,start    ] GC(57) Garbage Collection (Allocation Rate)
[44.326s][info][gc,task     ] GC(57) Using 1 workers
[44.326s][info][gc,phases   ] GC(57) Pause Mark Start 0.011ms
[44.335s][info][gc,phases   ] GC(57) Concurrent Mark 8.803ms
[44.335s][info][gc,phases   ] GC(57) Pause Mark End 0.013ms
[44.335s][info][gc,phases   ] GC(57) Concurrent Mark Free 0.000ms
[44.376s][info][gc,phases   ] GC(57) Concurrent Process Non-Strong References 41.488ms
[44.376s][info][gc,phases   ] GC(57) Concurrent Reset Relocation Set 0.004ms
[44.380s][info][gc,phases   ] GC(57) Concurrent Select Relocation Set 3.900ms
[44.380s][info][gc,phases   ] GC(57) Pause Relocate Start 0.008ms
[44.381s][info][gc,phases   ] GC(57) Concurrent Relocate 0.512ms
[44.381s][info][gc,load     ] GC(57) Load: 0.00/0.00/0.00
[44.381s][info][gc,mmu      ] GC(57) MMU: 2ms/95.9%, 5ms/98.4%, 10ms/99.2%, 20ms/99.5%, 50ms/99.8%, 100ms/99.9%
[44.381s][info][gc,marking  ] GC(57) Mark: 1 stripe(s), 2 proactive flush(es), 1 terminate flush(es), 0 completion(s), 0 continuation(s) 
[44.381s][info][gc,marking  ] GC(57) Mark Stack Usage: 32M
[44.381s][info][gc,nmethod  ] GC(57) NMethods: 2175 registered, 564 unregistered
[44.381s][info][gc,metaspace] GC(57) Metaspace: 13M used, 14M committed, 1088M reserved
[44.381s][info][gc,ref      ] GC(57) Soft: 134 encountered, 0 discovered, 0 enqueued
[44.381s][info][gc,ref      ] GC(57) Weak: 645 encountered, 453 discovered, 0 enqueued
[44.381s][info][gc,ref      ] GC(57) Final: 0 encountered, 0 discovered, 0 enqueued
[44.381s][info][gc,ref      ] GC(57) Phantom: 59 encountered, 41 discovered, 0 enqueued
[44.381s][info][gc,reloc    ] GC(57) Small Pages: 770 / 1540M, Empty: 1434M, Relocated: 1M, In-Place: 0
[44.381s][info][gc,reloc    ] GC(57) Medium Pages: 0 / 0M, Empty: 0M, Relocated: 0M, In-Place: 0
[44.381s][info][gc,reloc    ] GC(57) Large Pages: 0 / 0M, Empty: 0M, Relocated: 0M, In-Place: 0
[44.381s][info][gc,reloc    ] GC(57) Forwarding Usage: 0M
[44.381s][info][gc,heap     ] GC(57) Min Capacity: 8M(0%)
[44.381s][info][gc,heap     ] GC(57) Max Capacity: 2048M(100%)
[44.381s][info][gc,heap     ] GC(57) Soft Max Capacity: 2048M(100%)
[44.381s][info][gc,heap     ] GC(57)                Mark Start          Mark End        Relocate Start      Relocate End           High               Low         
[44.381s][info][gc,heap     ] GC(57)  Capacity:     2048M (100%)       2048M (100%)       2048M (100%)       2048M (100%)       2048M (100%)       2048M (100%)   
[44.381s][info][gc,heap     ] GC(57)      Free:      508M (25%)         492M (24%)        1862M (91%)        1958M (96%)        1958M (96%)         434M (21%)    
[44.381s][info][gc,heap     ] GC(57)      Used:     1540M (75%)        1556M (76%)         186M (9%)           90M (4%)         1614M (79%)          90M (4%)     
[44.381s][info][gc,heap     ] GC(57)      Live:         -                 7M (0%)            7M (0%)            7M (0%)             -                  -          
[44.381s][info][gc,heap     ] GC(57) Allocated:         -                16M (1%)           80M (4%)           79M (4%)             -                  -          
[44.381s][info][gc,heap     ] GC(57)   Garbage:         -              1532M (75%)          98M (5%)            2M (0%)             -                  -          
[44.381s][info][gc,heap     ] GC(57) Reclaimed:         -                  -              1434M (70%)        1529M (75%)            -                  -          
[44.381s][info][gc          ] GC(57) Garbage Collection (Allocation Rate) 1540M(75%)->90M(4%)
[44.681s][info][gc,start    ] GC(58) Garbage Collection (System.gc())
[44.681s][info][gc,task     ] GC(58) Using 12 workers
[44.681s][info][gc,phases   ] GC(58) Pause Mark Start 0.015ms
[44.695s][info][gc,phases   ] GC(58) Concurrent Mark 13.377ms
[44.695s][info][gc,phases   ] GC(58) Pause Mark End 0.016ms
[44.695s][info][gc,phases   ] GC(58) Concurrent Mark Free 0.001ms
[44.701s][info][gc,phases   ] GC(58) Concurrent Process Non-Strong References 5.635ms
[44.701s][info][gc,phases   ] GC(58) Concurrent Reset Relocation Set 0.004ms
[44.705s][info][gc,phases   ] GC(58) Concurrent Select Relocation Set 4.239ms
[44.705s][info][gc,phases   ] GC(58) Pause Relocate Start 0.008ms
[44.708s][info][gc,phases   ] GC(58) Concurrent Relocate 2.451ms
[44.708s][info][gc,load     ] GC(58) Load: 0.00/0.00/0.00
[44.708s][info][gc,mmu      ] GC(58) MMU: 2ms/95.9%, 5ms/98.4%, 10ms/99.2%, 20ms/99.5%, 50ms/99.8%, 100ms/99.9%
[44.708s][info][gc,marking  ] GC(58) Mark: 8 stripe(s), 1 proactive flush(es), 1 terminate flush(es), 0 completion(s), 0 continuation(s) 
[44.708s][info][gc,marking  ] GC(58) Mark Stack Usage: 32M
[44.708s][info][gc,nmethod  ] GC(58) NMethods: 2177 registered, 564 unregistered
[44.708s][info][gc,metaspace] GC(58) Metaspace: 13M used, 14M committed, 1088M reserved
[44.708s][info][gc,ref      ] GC(58) Soft: 134 encountered, 0 discovered, 0 enqueued
[44.708s][info][gc,ref      ] GC(58) Weak: 621 encountered, 130 discovered, 0 enqueued
[44.708s][info][gc,ref      ] GC(58) Final: 0 encountered, 0 discovered, 0 enqueued
[44.708s][info][gc,ref      ] GC(58) Phantom: 59 encountered, 42 discovered, 0 enqueued
[44.708s][info][gc,reloc    ] GC(58) Small Pages: 150 / 300M, Empty: 284M, Relocated: 3M, In-Place: 0
[44.708s][info][gc,reloc    ] GC(58) Medium Pages: 0 / 0M, Empty: 0M, Relocated: 0M, In-Place: 0
[44.708s][info][gc,reloc    ] GC(58) Large Pages: 0 / 0M, Empty: 0M, Relocated: 0M, In-Place: 0
[44.708s][info][gc,reloc    ] GC(58) Forwarding Usage: 1M
[44.708s][info][gc,heap     ] GC(58) Min Capacity: 8M(0%)
[44.708s][info][gc,heap     ] GC(58) Max Capacity: 2048M(100%)
[44.708s][info][gc,heap     ] GC(58) Soft Max Capacity: 2048M(100%)
[44.708s][info][gc,heap     ] GC(58)                Mark Start          Mark End        Relocate Start      Relocate End           High               Low         
[44.708s][info][gc,heap     ] GC(58)  Capacity:     2048M (100%)       2048M (100%)       2048M (100%)       2048M (100%)       2048M (100%)       2048M (100%)   
[44.708s][info][gc,heap     ] GC(58)      Free:     1748M (85%)        1748M (85%)        2032M (99%)        2032M (99%)        2032M (99%)        1748M (85%)    
[44.708s][info][gc,heap     ] GC(58)      Used:      300M (15%)         300M (15%)          16M (1%)           16M (1%)          300M (15%)          16M (1%)     
[44.708s][info][gc,heap     ] GC(58)      Live:         -                 4M (0%)            4M (0%)            4M (0%)             -                  -          
[44.708s][info][gc,heap     ] GC(58) Allocated:         -                 0M (0%)            0M (0%)            0M (0%)             -                  -          
[44.708s][info][gc,heap     ] GC(58)   Garbage:         -               295M (14%)          11M (1%)           11M (1%)             -                  -          
[44.708s][info][gc,heap     ] GC(58) Reclaimed:         -                  -               284M (14%)         284M (14%)            -                  -          
[44.708s][info][gc          ] GC(58) Garbage Collection (System.gc()) 300M(15%)->16M(1%)
[45.625s][info][gc,start    ] GC(59) Garbage Collection (Allocation Rate)
[45.625s][info][gc,task     ] GC(59) Using 2 workers
[45.625s][info][gc,phases   ] GC(59) Pause Mark Start 0.010ms
[45.635s][info][gc,phases   ] GC(59) Concurrent Mark 9.813ms
[45.635s][info][gc,phases   ] GC(59) Pause Mark End 0.016ms
[45.635s][info][gc,phases   ] GC(59) Concurrent Mark Free 0.001ms
[45.655s][info][gc,phases   ] GC(59) Concurrent Process Non-Strong References 19.848ms
[45.655s][info][gc,phases   ] GC(59) Concurrent Reset Relocation Set 0.002ms
[45.659s][info][gc,phases   ] GC(59) Concurrent Select Relocation Set 3.655ms
[45.659s][info][gc,phases   ] GC(59) Pause Relocate Start 0.007ms
[45.660s][info][gc,phases   ] GC(59) Concurrent Relocate 1.505ms
[45.660s][info][gc,load     ] GC(59) Load: 0.00/0.00/0.00
[45.661s][info][gc,mmu      ] GC(59) MMU: 2ms/95.9%, 5ms/98.4%, 10ms/99.2%, 20ms/99.5%, 50ms/99.8%, 100ms/99.9%
[45.661s][info][gc,marking  ] GC(59) Mark: 2 stripe(s), 2 proactive flush(es), 1 terminate flush(es), 0 completion(s), 0 continuation(s) 
[45.661s][info][gc,marking  ] GC(59) Mark Stack Usage: 32M
[45.661s][info][gc,nmethod  ] GC(59) NMethods: 2186 registered, 565 unregistered
[45.661s][info][gc,metaspace] GC(59) Metaspace: 13M used, 14M committed, 1088M reserved
[45.661s][info][gc,ref      ] GC(59) Soft: 134 encountered, 0 discovered, 0 enqueued
[45.661s][info][gc,ref      ] GC(59) Weak: 717 encountered, 369 discovered, 0 enqueued
[45.661s][info][gc,ref      ] GC(59) Final: 0 encountered, 0 discovered, 0 enqueued
[45.661s][info][gc,ref      ] GC(59) Phantom: 59 encountered, 45 discovered, 0 enqueued
[45.661s][info][gc,reloc    ] GC(59) Small Pages: 687 / 1374M, Empty: 1236M, Relocated: 3M, In-Place: 0
[45.661s][info][gc,reloc    ] GC(59) Medium Pages: 0 / 0M, Empty: 0M, Relocated: 0M, In-Place: 0
[45.661s][info][gc,reloc    ] GC(59) Large Pages: 0 / 0M, Empty: 0M, Relocated: 0M, In-Place: 0
[45.661s][info][gc,reloc    ] GC(59) Forwarding Usage: 0M
[45.661s][info][gc,heap     ] GC(59) Min Capacity: 8M(0%)
[45.661s][info][gc,heap     ] GC(59) Max Capacity: 2048M(100%)
[45.661s][info][gc,heap     ] GC(59) Soft Max Capacity: 2048M(100%)
[45.661s][info][gc,heap     ] GC(59)                Mark Start          Mark End        Relocate Start      Relocate End           High               Low         
[45.661s][info][gc,heap     ] GC(59)  Capacity:     2048M (100%)       2048M (100%)       2048M (100%)       2048M (100%)       2048M (100%)       2048M (100%)   
[45.661s][info][gc,heap     ] GC(59)      Free:      674M (33%)         648M (32%)        1850M (90%)        1974M (96%)        1974M (96%)         624M (30%)    
[45.661s][info][gc,heap     ] GC(59)      Used:     1374M (67%)        1400M (68%)         198M (10%)          74M (4%)         1424M (70%)          74M (4%)     
[45.661s][info][gc,heap     ] GC(59)      Live:         -                 7M (0%)            7M (0%)            7M (0%)             -                  -          
[45.661s][info][gc,heap     ] GC(59) Allocated:         -                26M (1%)           60M (3%)           62M (3%)             -                  -          
[45.661s][info][gc,heap     ] GC(59)   Garbage:         -              1366M (67%)         130M (6%)            4M (0%)             -                  -          
[45.661s][info][gc,heap     ] GC(59) Reclaimed:         -                  -              1236M (60%)        1362M (67%)            -                  -          
[45.661s][info][gc          ] GC(59) Garbage Collection (Allocation Rate) 1374M(67%)->74M(4%)
[46.325s][info][gc,start    ] GC(60) Garbage Collection (Allocation Rate)
[46.325s][info][gc,task     ] GC(60) Using 2 workers
[46.325s][info][gc,phases   ] GC(60) Pause Mark Start 0.012ms
[46.339s][info][gc,phases   ] GC(60) Concurrent Mark 14.024ms
[46.340s][info][gc,phases   ] GC(60) Pause Mark End 0.015ms
[46.340s][info][gc,phases   ] GC(60) Concurrent Mark Free 0.001ms
[46.361s][info][gc,phases   ] GC(60) Concurrent Process Non-Strong References 21.540ms
[46.361s][info][gc,phases   ] GC(60) Concurrent Reset Relocation Set 0.008ms
[46.365s][info][gc,phases   ] GC(60) Concurrent Select Relocation Set 3.353ms
[46.365s][info][gc,phases   ] GC(60) Pause Relocate Start 0.007ms
[46.367s][info][gc,phases   ] GC(60) Concurrent Relocate 1.818ms
[46.367s][info][gc,load     ] GC(60) Load: 0.00/0.00/0.00
[46.367s][info][gc,mmu      ] GC(60) MMU: 2ms/95.9%, 5ms/98.4%, 10ms/99.2%, 20ms/99.5%, 50ms/99.8%, 100ms/99.9%
[46.367s][info][gc,marking  ] GC(60) Mark: 2 stripe(s), 2 proactive flush(es), 1 terminate flush(es), 0 completion(s), 0 continuation(s) 
[46.367s][info][gc,marking  ] GC(60) Mark Stack Usage: 32M
[46.367s][info][gc,nmethod  ] GC(60) NMethods: 2186 registered, 565 unregistered
[46.367s][info][gc,metaspace] GC(60) Metaspace: 13M used, 14M committed, 1088M reserved
[46.367s][info][gc,ref      ] GC(60) Soft: 134 encountered, 0 discovered, 0 enqueued
[46.367s][info][gc,ref      ] GC(60) Weak: 717 encountered, 251 discovered, 0 enqueued
[46.367s][info][gc,ref      ] GC(60) Final: 0 encountered, 0 discovered, 0 enqueued
[46.367s][info][gc,ref      ] GC(60) Phantom: 59 encountered, 44 discovered, 0 enqueued
[46.367s][info][gc,reloc    ] GC(60) Small Pages: 625 / 1250M, Empty: 1148M, Relocated: 3M, In-Place: 0
[46.367s][info][gc,reloc    ] GC(60) Medium Pages: 0 / 0M, Empty: 0M, Relocated: 0M, In-Place: 0
[46.367s][info][gc,reloc    ] GC(60) Large Pages: 0 / 0M, Empty: 0M, Relocated: 0M, In-Place: 0
[46.367s][info][gc,reloc    ] GC(60) Forwarding Usage: 0M
[46.367s][info][gc,heap     ] GC(60) Min Capacity: 8M(0%)
[46.367s][info][gc,heap     ] GC(60) Max Capacity: 2048M(100%)
[46.367s][info][gc,heap     ] GC(60) Soft Max Capacity: 2048M(100%)
[46.367s][info][gc,heap     ] GC(60)                Mark Start          Mark End        Relocate Start      Relocate End           High               Low         
[46.367s][info][gc,heap     ] GC(60)  Capacity:     2048M (100%)       2048M (100%)       2048M (100%)       2048M (100%)       2048M (100%)       2048M (100%)   
[46.367s][info][gc,heap     ] GC(60)      Free:      798M (39%)         766M (37%)        1872M (91%)        1958M (96%)        1960M (96%)         728M (36%)    
[46.367s][info][gc,heap     ] GC(60)      Used:     1250M (61%)        1282M (63%)         176M (9%)           90M (4%)         1320M (64%)          88M (4%)     
[46.367s][info][gc,heap     ] GC(60)      Live:         -                 7M (0%)            7M (0%)            7M (0%)             -                  -          
[46.367s][info][gc,heap     ] GC(60) Allocated:         -                32M (2%)           74M (4%)           78M (4%)             -                  -          
[46.367s][info][gc,heap     ] GC(60)   Garbage:         -              1242M (61%)          94M (5%)            4M (0%)             -                  -          
[46.367s][info][gc,heap     ] GC(60) Reclaimed:         -                  -              1148M (56%)        1238M (60%)            -                  -          
[46.367s][info][gc          ] GC(60) Garbage Collection (Allocation Rate) 1250M(61%)->90M(4%)
[47.124s][info][gc,start    ] GC(61) Garbage Collection (Allocation Rate)
[47.124s][info][gc,task     ] GC(61) Using 1 workers
[47.124s][info][gc,phases   ] GC(61) Pause Mark Start 0.013ms
[47.140s][info][gc,phases   ] GC(61) Concurrent Mark 15.028ms
[47.140s][info][gc,phases   ] GC(61) Pause Mark End 0.015ms
[47.140s][info][gc,phases   ] GC(61) Concurrent Mark Free 0.001ms
[47.191s][info][gc,phases   ] GC(61) Concurrent Process Non-Strong References 50.854ms
[47.191s][info][gc,phases   ] GC(61) Concurrent Reset Relocation Set 0.006ms
[47.196s][info][gc,phases   ] GC(61) Concurrent Select Relocation Set 5.200ms
[47.196s][info][gc,phases   ] GC(61) Pause Relocate Start 0.007ms
[47.201s][info][gc,phases   ] GC(61) Concurrent Relocate 4.938ms
[47.201s][info][gc,load     ] GC(61) Load: 0.00/0.00/0.00
[47.201s][info][gc,mmu      ] GC(61) MMU: 2ms/95.9%, 5ms/98.4%, 10ms/99.2%, 20ms/99.5%, 50ms/99.8%, 100ms/99.9%
[47.201s][info][gc,marking  ] GC(61) Mark: 1 stripe(s), 2 proactive flush(es), 1 terminate flush(es), 0 completion(s), 0 continuation(s) 
[47.201s][info][gc,marking  ] GC(61) Mark Stack Usage: 32M
[47.201s][info][gc,nmethod  ] GC(61) NMethods: 2186 registered, 565 unregistered
[47.201s][info][gc,metaspace] GC(61) Metaspace: 13M used, 14M committed, 1088M reserved
[47.201s][info][gc,ref      ] GC(61) Soft: 134 encountered, 0 discovered, 0 enqueued
[47.201s][info][gc,ref      ] GC(61) Weak: 717 encountered, 158 discovered, 0 enqueued
[47.201s][info][gc,ref      ] GC(61) Final: 0 encountered, 0 discovered, 0 enqueued
[47.201s][info][gc,ref      ] GC(61) Phantom: 59 encountered, 42 discovered, 0 enqueued
[47.201s][info][gc,reloc    ] GC(61) Small Pages: 693 / 1386M, Empty: 1274M, Relocated: 3M, In-Place: 0
[47.201s][info][gc,reloc    ] GC(61) Medium Pages: 0 / 0M, Empty: 0M, Relocated: 0M, In-Place: 0
[47.201s][info][gc,reloc    ] GC(61) Large Pages: 0 / 0M, Empty: 0M, Relocated: 0M, In-Place: 0
[47.202s][info][gc,reloc    ] GC(61) Forwarding Usage: 0M
[47.202s][info][gc,heap     ] GC(61) Min Capacity: 8M(0%)
[47.202s][info][gc,heap     ] GC(61) Max Capacity: 2048M(100%)
[47.202s][info][gc,heap     ] GC(61) Soft Max Capacity: 2048M(100%)
[47.202s][info][gc,heap     ] GC(61)                Mark Start          Mark End        Relocate Start      Relocate End           High               Low         
[47.202s][info][gc,heap     ] GC(61)  Capacity:     2048M (100%)       2048M (100%)       2048M (100%)       2048M (100%)       2048M (100%)       2048M (100%)   
[47.202s][info][gc,heap     ] GC(61)      Free:      662M (32%)         632M (31%)        1808M (88%)        1900M (93%)        1906M (93%)         542M (26%)    
[47.202s][info][gc,heap     ] GC(61)      Used:     1386M (68%)        1416M (69%)         240M (12%)         148M (7%)         1506M (74%)         142M (7%)     
[47.202s][info][gc,heap     ] GC(61)      Live:         -                 7M (0%)            7M (0%)            7M (0%)             -                  -          
[47.202s][info][gc,heap     ] GC(61) Allocated:         -                30M (1%)          128M (6%)          137M (7%)             -                  -          
[47.202s][info][gc,heap     ] GC(61)   Garbage:         -              1378M (67%)         104M (5%)            2M (0%)             -                  -          
[47.202s][info][gc,heap     ] GC(61) Reclaimed:         -                  -              1274M (62%)        1375M (67%)            -                  -          
[47.202s][info][gc          ] GC(61) Garbage Collection (Allocation Rate) 1386M(68%)->148M(7%)
[47.925s][info][gc,start    ] GC(62) Garbage Collection (Allocation Rate)
[47.925s][info][gc,task     ] GC(62) Using 1 workers
[48.002s][info][gc,phases   ] GC(62) Pause Mark Start 0.019ms
[48.048s][info][gc,phases   ] GC(62) Concurrent Mark 45.736ms
[48.048s][info][gc,phases   ] GC(62) Pause Mark End 0.016ms
[48.048s][info][gc,phases   ] GC(62) Concurrent Mark Free 0.001ms
[48.102s][info][gc,phases   ] GC(62) Concurrent Process Non-Strong References 53.577ms
[48.102s][info][gc,phases   ] GC(62) Concurrent Reset Relocation Set 0.006ms
[48.107s][info][gc,phases   ] GC(62) Concurrent Select Relocation Set 4.609ms
[48.107s][info][gc,phases   ] GC(62) Pause Relocate Start 0.008ms
[48.109s][info][gc,phases   ] GC(62) Concurrent Relocate 1.925ms
[48.109s][info][gc,load     ] GC(62) Load: 0.00/0.00/0.00
[48.109s][info][gc,mmu      ] GC(62) MMU: 2ms/95.9%, 5ms/98.4%, 10ms/99.2%, 20ms/99.5%, 50ms/99.8%, 100ms/99.9%
[48.109s][info][gc,marking  ] GC(62) Mark: 1 stripe(s), 2 proactive flush(es), 1 terminate flush(es), 0 completion(s), 0 continuation(s) 
[48.109s][info][gc,marking  ] GC(62) Mark Stack Usage: 32M
[48.109s][info][gc,nmethod  ] GC(62) NMethods: 2186 registered, 565 unregistered
[48.109s][info][gc,metaspace] GC(62) Metaspace: 13M used, 14M committed, 1088M reserved
[48.109s][info][gc,ref      ] GC(62) Soft: 134 encountered, 0 discovered, 0 enqueued
[48.109s][info][gc,ref      ] GC(62) Weak: 717 encountered, 453 discovered, 0 enqueued
[48.109s][info][gc,ref      ] GC(62) Final: 0 encountered, 0 discovered, 0 enqueued
[48.109s][info][gc,ref      ] GC(62) Phantom: 59 encountered, 41 discovered, 0 enqueued
[48.109s][info][gc,reloc    ] GC(62) Small Pages: 768 / 1536M, Empty: 1422M, Relocated: 1M, In-Place: 0
[48.109s][info][gc,reloc    ] GC(62) Medium Pages: 0 / 0M, Empty: 0M, Relocated: 0M, In-Place: 0
[48.109s][info][gc,reloc    ] GC(62) Large Pages: 0 / 0M, Empty: 0M, Relocated: 0M, In-Place: 0
[48.109s][info][gc,reloc    ] GC(62) Forwarding Usage: 0M
[48.109s][info][gc,heap     ] GC(62) Min Capacity: 8M(0%)
[48.109s][info][gc,heap     ] GC(62) Max Capacity: 2048M(100%)
[48.109s][info][gc,heap     ] GC(62) Soft Max Capacity: 2048M(100%)
[48.109s][info][gc,heap     ] GC(62)                Mark Start          Mark End        Relocate Start      Relocate End           High               Low         
[48.109s][info][gc,heap     ] GC(62)  Capacity:     2048M (100%)       2048M (100%)       2048M (100%)       2048M (100%)       2048M (100%)       2048M (100%)   
[48.109s][info][gc,heap     ] GC(62)      Free:      512M (25%)         428M (21%)        1746M (85%)        1844M (90%)        1846M (90%)         330M (16%)    
[48.109s][info][gc,heap     ] GC(62)      Used:     1536M (75%)        1620M (79%)         302M (15%)         204M (10%)        1718M (84%)         202M (10%)    
[48.109s][info][gc,heap     ] GC(62)      Live:         -                 7M (0%)            7M (0%)            7M (0%)             -                  -          
[48.109s][info][gc,heap     ] GC(62) Allocated:         -                84M (4%)          188M (9%)          193M (9%)             -                  -          
[48.109s][info][gc,heap     ] GC(62)   Garbage:         -              1528M (75%)         106M (5%)            2M (0%)             -                  -          
[48.109s][info][gc,heap     ] GC(62) Reclaimed:         -                  -              1422M (69%)        1525M (74%)            -                  -          
[48.109s][info][gc          ] GC(62) Garbage Collection (Allocation Rate) 1536M(75%)->204M(10%)
[48.625s][info][gc,start    ] GC(63) Garbage Collection (Allocation Rate)
[48.625s][info][gc,task     ] GC(63) Using 1 workers
[48.625s][info][gc,phases   ] GC(63) Pause Mark Start 0.013ms
[48.641s][info][gc,phases   ] GC(63) Concurrent Mark 16.238ms
[48.641s][info][gc,phases   ] GC(63) Pause Mark End 0.016ms
[48.642s][info][gc,phases   ] GC(63) Concurrent Mark Free 0.001ms
[48.681s][info][gc,phases   ] GC(63) Concurrent Process Non-Strong References 39.698ms
[48.681s][info][gc,phases   ] GC(63) Concurrent Reset Relocation Set 0.005ms
[48.686s][info][gc,phases   ] GC(63) Concurrent Select Relocation Set 4.586ms
[48.686s][info][gc,phases   ] GC(63) Pause Relocate Start 0.007ms
[48.688s][info][gc,phases   ] GC(63) Concurrent Relocate 1.931ms
[48.688s][info][gc,load     ] GC(63) Load: 0.00/0.00/0.00
[48.688s][info][gc,mmu      ] GC(63) MMU: 2ms/95.9%, 5ms/98.4%, 10ms/99.2%, 20ms/99.5%, 50ms/99.8%, 100ms/99.9%
[48.688s][info][gc,marking  ] GC(63) Mark: 1 stripe(s), 2 proactive flush(es), 1 terminate flush(es), 0 completion(s), 0 continuation(s) 
[48.688s][info][gc,marking  ] GC(63) Mark Stack Usage: 32M
[48.688s][info][gc,nmethod  ] GC(63) NMethods: 2186 registered, 565 unregistered
[48.688s][info][gc,metaspace] GC(63) Metaspace: 13M used, 14M committed, 1088M reserved
[48.688s][info][gc,ref      ] GC(63) Soft: 134 encountered, 0 discovered, 0 enqueued
[48.688s][info][gc,ref      ] GC(63) Weak: 717 encountered, 453 discovered, 0 enqueued
[48.688s][info][gc,ref      ] GC(63) Final: 0 encountered, 0 discovered, 0 enqueued
[48.688s][info][gc,ref      ] GC(63) Phantom: 59 encountered, 41 discovered, 0 enqueued
[48.688s][info][gc,reloc    ] GC(63) Small Pages: 602 / 1204M, Empty: 1110M, Relocated: 1M, In-Place: 0
[48.688s][info][gc,reloc    ] GC(63) Medium Pages: 0 / 0M, Empty: 0M, Relocated: 0M, In-Place: 0
[48.688s][info][gc,reloc    ] GC(63) Large Pages: 0 / 0M, Empty: 0M, Relocated: 0M, In-Place: 0
[48.688s][info][gc,reloc    ] GC(63) Forwarding Usage: 0M
[48.688s][info][gc,heap     ] GC(63) Min Capacity: 8M(0%)
[48.688s][info][gc,heap     ] GC(63) Max Capacity: 2048M(100%)
[48.688s][info][gc,heap     ] GC(63) Soft Max Capacity: 2048M(100%)
[48.688s][info][gc,heap     ] GC(63)                Mark Start          Mark End        Relocate Start      Relocate End           High               Low         
[48.688s][info][gc,heap     ] GC(63)  Capacity:     2048M (100%)       2048M (100%)       2048M (100%)       2048M (100%)       2048M (100%)       2048M (100%)   
[48.688s][info][gc,heap     ] GC(63)      Free:      844M (41%)         808M (39%)        1836M (90%)        1914M (93%)        1916M (94%)         734M (36%)    
[48.688s][info][gc,heap     ] GC(63)      Used:     1204M (59%)        1240M (61%)         212M (10%)         134M (7%)         1314M (64%)         132M (6%)     
[48.688s][info][gc,heap     ] GC(63)      Live:         -                 7M (0%)            7M (0%)            7M (0%)             -                  -          
[48.688s][info][gc,heap     ] GC(63) Allocated:         -                36M (2%)          118M (6%)          123M (6%)             -                  -          
[48.688s][info][gc,heap     ] GC(63)   Garbage:         -              1196M (58%)          86M (4%)            2M (0%)             -                  -          
[48.689s][info][gc,heap     ] GC(63) Reclaimed:         -                  -              1110M (54%)        1193M (58%)            -                  -          
[48.689s][info][gc          ] GC(63) Garbage Collection (Allocation Rate) 1204M(59%)->134M(7%)
[49.325s][info][gc,start    ] GC(64) Garbage Collection (Allocation Rate)
[49.325s][info][gc,task     ] GC(64) Using 1 workers
[49.325s][info][gc,phases   ] GC(64) Pause Mark Start 0.013ms
[49.343s][info][gc,phases   ] GC(64) Concurrent Mark 18.003ms
[49.343s][info][gc,phases   ] GC(64) Pause Mark End 0.017ms
[49.343s][info][gc,phases   ] GC(64) Concurrent Mark Free 0.001ms
[49.387s][info][gc,phases   ] GC(64) Concurrent Process Non-Strong References 43.853ms
[49.387s][info][gc,phases   ] GC(64) Concurrent Reset Relocation Set 0.005ms
[49.391s][info][gc,phases   ] GC(64) Concurrent Select Relocation Set 4.311ms
[49.400s][info][gc,phases   ] GC(64) Pause Relocate Start 0.009ms
[49.402s][info][gc,phases   ] GC(64) Concurrent Relocate 2.070ms
[49.402s][info][gc,load     ] GC(64) Load: 0.00/0.00/0.00
[49.402s][info][gc,mmu      ] GC(64) MMU: 2ms/95.9%, 5ms/98.4%, 10ms/99.2%, 20ms/99.5%, 50ms/99.8%, 100ms/99.9%
[49.402s][info][gc,marking  ] GC(64) Mark: 1 stripe(s), 2 proactive flush(es), 1 terminate flush(es), 0 completion(s), 0 continuation(s) 
[49.402s][info][gc,marking  ] GC(64) Mark Stack Usage: 32M
[49.402s][info][gc,nmethod  ] GC(64) NMethods: 2186 registered, 565 unregistered
[49.402s][info][gc,metaspace] GC(64) Metaspace: 13M used, 14M committed, 1088M reserved
[49.402s][info][gc,ref      ] GC(64) Soft: 134 encountered, 0 discovered, 0 enqueued
[49.402s][info][gc,ref      ] GC(64) Weak: 717 encountered, 453 discovered, 0 enqueued
[49.402s][info][gc,ref      ] GC(64) Final: 0 encountered, 0 discovered, 0 enqueued
[49.402s][info][gc,ref      ] GC(64) Phantom: 59 encountered, 41 discovered, 0 enqueued
[49.402s][info][gc,reloc    ] GC(64) Small Pages: 652 / 1304M, Empty: 1202M, Relocated: 1M, In-Place: 0
[49.402s][info][gc,reloc    ] GC(64) Medium Pages: 0 / 0M, Empty: 0M, Relocated: 0M, In-Place: 0
[49.402s][info][gc,reloc    ] GC(64) Large Pages: 0 / 0M, Empty: 0M, Relocated: 0M, In-Place: 0
[49.402s][info][gc,reloc    ] GC(64) Forwarding Usage: 0M
[49.403s][info][gc,heap     ] GC(64) Min Capacity: 8M(0%)
[49.403s][info][gc,heap     ] GC(64) Max Capacity: 2048M(100%)
[49.403s][info][gc,heap     ] GC(64) Soft Max Capacity: 2048M(100%)
[49.403s][info][gc,heap     ] GC(64)                Mark Start          Mark End        Relocate Start      Relocate End           High               Low         
[49.403s][info][gc,heap     ] GC(64)  Capacity:     2048M (100%)       2048M (100%)       2048M (100%)       2048M (100%)       2048M (100%)       2048M (100%)   
[49.403s][info][gc,heap     ] GC(64)      Free:      744M (36%)         702M (34%)        1798M (88%)        1886M (92%)        1886M (92%)         620M (30%)    
[49.403s][info][gc,heap     ] GC(64)      Used:     1304M (64%)        1346M (66%)         250M (12%)         162M (8%)         1428M (70%)         162M (8%)     
[49.403s][info][gc,heap     ] GC(64)      Live:         -                 7M (0%)            7M (0%)            7M (0%)             -                  -          
[49.403s][info][gc,heap     ] GC(64) Allocated:         -                42M (2%)          148M (7%)          151M (7%)             -                  -          
[49.403s][info][gc,heap     ] GC(64)   Garbage:         -              1296M (63%)          94M (5%)            2M (0%)             -                  -          
[49.403s][info][gc,heap     ] GC(64) Reclaimed:         -                  -              1202M (59%)        1293M (63%)            -                  -          
[49.403s][info][gc          ] GC(64) Garbage Collection (Allocation Rate) 1304M(64%)->162M(8%)
[50.026s][info][gc,start    ] GC(65) Garbage Collection (Allocation Rate)
[50.026s][info][gc,task     ] GC(65) Using 1 workers
[50.026s][info][gc,phases   ] GC(65) Pause Mark Start 0.013ms
[50.043s][info][gc,phases   ] GC(65) Concurrent Mark 16.434ms
[50.043s][info][gc,phases   ] GC(65) Pause Mark End 0.018ms
[50.043s][info][gc,phases   ] GC(65) Concurrent Mark Free 0.001ms
[50.091s][info][gc,phases   ] GC(65) Concurrent Process Non-Strong References 48.238ms
[50.091s][info][gc,phases   ] GC(65) Concurrent Reset Relocation Set 0.006ms
[50.096s][info][gc,phases   ] GC(65) Concurrent Select Relocation Set 4.403ms
[50.096s][info][gc,phases   ] GC(65) Pause Relocate Start 0.008ms
[50.098s][info][gc,phases   ] GC(65) Concurrent Relocate 2.688ms
[50.099s][info][gc,load     ] GC(65) Load: 0.00/0.00/0.00
[50.099s][info][gc,mmu      ] GC(65) MMU: 2ms/95.9%, 5ms/98.4%, 10ms/99.2%, 20ms/99.5%, 50ms/99.8%, 100ms/99.9%
[50.099s][info][gc,marking  ] GC(65) Mark: 1 stripe(s), 2 proactive flush(es), 1 terminate flush(es), 0 completion(s), 0 continuation(s) 
[50.099s][info][gc,marking  ] GC(65) Mark Stack Usage: 32M
[50.099s][info][gc,nmethod  ] GC(65) NMethods: 2186 registered, 565 unregistered
[50.099s][info][gc,metaspace] GC(65) Metaspace: 13M used, 14M committed, 1088M reserved
[50.099s][info][gc,ref      ] GC(65) Soft: 134 encountered, 0 discovered, 0 enqueued
[50.099s][info][gc,ref      ] GC(65) Weak: 717 encountered, 453 discovered, 0 enqueued
[50.099s][info][gc,ref      ] GC(65) Final: 0 encountered, 0 discovered, 0 enqueued
[50.099s][info][gc,ref      ] GC(65) Phantom: 59 encountered, 41 discovered, 0 enqueued
[50.099s][info][gc,reloc    ] GC(65) Small Pages: 707 / 1414M, Empty: 1312M, Relocated: 1M, In-Place: 0
[50.099s][info][gc,reloc    ] GC(65) Medium Pages: 0 / 0M, Empty: 0M, Relocated: 0M, In-Place: 0
[50.099s][info][gc,reloc    ] GC(65) Large Pages: 0 / 0M, Empty: 0M, Relocated: 0M, In-Place: 0
[50.099s][info][gc,reloc    ] GC(65) Forwarding Usage: 0M
[50.099s][info][gc,heap     ] GC(65) Min Capacity: 8M(0%)
[50.099s][info][gc,heap     ] GC(65) Max Capacity: 2048M(100%)
[50.099s][info][gc,heap     ] GC(65) Soft Max Capacity: 2048M(100%)
[50.099s][info][gc,heap     ] GC(65)                Mark Start          Mark End        Relocate Start      Relocate End           High               Low         
[50.099s][info][gc,heap     ] GC(65)  Capacity:     2048M (100%)       2048M (100%)       2048M (100%)       2048M (100%)       2048M (100%)       2048M (100%)   
[50.099s][info][gc,heap     ] GC(65)      Free:      634M (31%)         596M (29%)        1798M (88%)        1884M (92%)        1886M (92%)         494M (24%)    
[50.099s][info][gc,heap     ] GC(65)      Used:     1414M (69%)        1452M (71%)         250M (12%)         164M (8%)         1554M (76%)         162M (8%)     
[50.099s][info][gc,heap     ] GC(65)      Live:         -                 7M (0%)            7M (0%)            7M (0%)             -                  -          
[50.099s][info][gc,heap     ] GC(65) Allocated:         -                38M (2%)          148M (7%)          153M (7%)             -                  -          
[50.099s][info][gc,heap     ] GC(65)   Garbage:         -              1406M (69%)          94M (5%)            2M (0%)             -                  -          
[50.099s][info][gc,heap     ] GC(65) Reclaimed:         -                  -              1312M (64%)        1403M (69%)            -                  -          
[50.099s][info][gc          ] GC(65) Garbage Collection (Allocation Rate) 1414M(69%)->164M(8%)
[50.125s][info][gc,stats    ] === Garbage Collection Statistics =======================================================================================================================
[50.125s][info][gc,stats    ]                                                              Last 10s              Last 10m              Last 10h                Total
[50.126s][info][gc,stats    ]                                                              Avg / Max             Avg / Max             Avg / Max             Avg / Max
[50.126s][info][gc,stats    ]   Collector: Garbage Collection Cycle                     66.300 / 184.380      60.515 / 272.829      60.515 / 272.829      60.515 / 272.829     ms
[50.126s][info][gc,stats    ]  Contention: Mark Segment Reset Contention                     1 / 7                 1 / 11                1 / 11                1 / 11          ops/s
[50.126s][info][gc,stats    ]  Contention: Mark SeqNum Reset Contention                      0 / 2                 0 / 2                 0 / 2                 0 / 2           ops/s
[50.126s][info][gc,stats    ]    Critical: Allocation Stall                                  0 / 0                 0 / 43                0 / 43                0 / 43          ops/s
[50.126s][info][gc,stats    ]    Critical: Allocation Stall                              0.000 / 0.000        53.483 / 55.638       53.483 / 55.638       53.483 / 55.638      ms
[50.126s][info][gc,stats    ]    Critical: GC Locker Stall                                   0 / 0                 0 / 0                 0 / 0                 0 / 0           ops/s
[50.126s][info][gc,stats    ]    Critical: GC Locker Stall                               0.000 / 0.000         0.000 / 0.000         0.000 / 0.000         0.000 / 0.000       ms
[50.126s][info][gc,stats    ]    Critical: Relocation Stall                                  0 / 0                 0 / 0                 0 / 0                 0 / 0           ops/s
[50.126s][info][gc,stats    ]    Critical: Relocation Stall                              0.000 / 0.000         0.000 / 0.000         0.000 / 0.000         0.000 / 0.000       ms
[50.126s][info][gc,stats    ]      Memory: Allocation Rate                                1867 / 2164           1815 / 2222           1815 / 2222           1815 / 2222        MB/s
[50.126s][info][gc,stats    ]      Memory: Defragment                                        0 / 0                 0 / 0                 0 / 0                 0 / 0           ops/s
[50.126s][info][gc,stats    ]      Memory: Out Of Memory                                     0 / 0                 0 / 0                 0 / 0                 0 / 0           ops/s
[50.126s][info][gc,stats    ]      Memory: Page Cache Flush                                  0 / 0                 0 / 0                 0 / 0                 0 / 0           MB/s
[50.126s][info][gc,stats    ]      Memory: Page Cache Hit L1                               936 / 1084            892 / 1084            892 / 1084            892 / 1084        ops/s
[50.126s][info][gc,stats    ]      Memory: Page Cache Hit L2                                 0 / 0                 0 / 0                 0 / 0                 0 / 0           ops/s
[50.126s][info][gc,stats    ]      Memory: Page Cache Hit L3                                 0 / 0                20 / 449              20 / 449              20 / 449         ops/s
[50.126s][info][gc,stats    ]      Memory: Page Cache Miss                                   0 / 0                 0 / 1                 0 / 1                 0 / 1           ops/s
[50.126s][info][gc,stats    ]      Memory: Uncommit                                          0 / 0                 0 / 0                 0 / 0                 0 / 0           MB/s
[50.126s][info][gc,stats    ]      Memory: Undo Object Allocation Failed                    24 / 81               25 / 101              25 / 101              25 / 101         ops/s
[50.126s][info][gc,stats    ]      Memory: Undo Object Allocation Succeeded                  3 / 11                2 / 16                2 / 16                2 / 16          ops/s
[50.126s][info][gc,stats    ]      Memory: Undo Page Allocation                             62 / 93               68 / 221              68 / 221              68 / 221         ops/s
[50.126s][info][gc,stats    ]       Phase: Concurrent Mark                              15.652 / 45.736       17.224 / 45.736       17.224 / 45.736       17.224 / 45.736      ms
[50.126s][info][gc,stats    ]       Phase: Concurrent Mark Continue                      0.000 / 0.000         0.000 / 0.000         0.000 / 0.000         0.000 / 0.000       ms
[50.126s][info][gc,stats    ]       Phase: Concurrent Mark Free                          0.001 / 0.001         0.001 / 0.002         0.001 / 0.002         0.001 / 0.002       ms
[50.126s][info][gc,stats    ]       Phase: Concurrent Process Non-Strong References     37.100 / 62.678       28.431 / 242.741      28.431 / 242.741      28.431 / 242.741     ms
[50.126s][info][gc,stats    ]       Phase: Concurrent Relocate                           1.653 / 4.938         1.760 / 5.770         1.760 / 5.770         1.760 / 5.770       ms
[50.126s][info][gc,stats    ]       Phase: Concurrent Reset Relocation Set               0.005 / 0.009         0.006 / 0.010         0.006 / 0.010         0.006 / 0.010       ms
[50.126s][info][gc,stats    ]       Phase: Concurrent Select Relocation Set              4.291 / 5.200         4.776 / 14.014        4.776 / 14.014        4.776 / 14.014      ms
[50.126s][info][gc,stats    ]       Phase: Pause Mark End                                0.016 / 0.018         0.018 / 0.081         0.018 / 0.081         0.018 / 0.081       ms
[50.126s][info][gc,stats    ]       Phase: Pause Mark Start                              0.012 / 0.019         0.013 / 0.049         0.013 / 0.049         0.013 / 0.049       ms
[50.126s][info][gc,stats    ]       Phase: Pause Relocate Start                          0.007 / 0.009         0.007 / 0.020         0.007 / 0.020         0.007 / 0.020       ms
[50.126s][info][gc,stats    ]    Subphase: Concurrent Classes Purge                      0.008 / 0.017         0.089 / 3.094         0.089 / 3.094         0.089 / 3.094       ms
[50.126s][info][gc,stats    ]    Subphase: Concurrent Classes Unlink                     3.863 / 5.527         3.860 / 10.160        3.860 / 10.160        3.860 / 10.160      ms
[50.126s][info][gc,stats    ]    Subphase: Concurrent Mark                              10.010 / 42.906       11.047 / 42.906       11.047 / 42.906       11.047 / 42.906      ms
[50.126s][info][gc,stats    ]    Subphase: Concurrent Mark Try Flush                     0.486 / 15.430        0.169 / 15.430        0.169 / 15.430        0.169 / 15.430      ms
[50.126s][info][gc,stats    ]    Subphase: Concurrent Mark Try Terminate                 2.773 / 11.581        2.235 / 16.632        2.235 / 16.632        2.235 / 16.632      ms
[50.126s][info][gc,stats    ]    Subphase: Concurrent References Enqueue                 0.001 / 0.001         0.001 / 0.006         0.001 / 0.006         0.001 / 0.006       ms
[50.126s][info][gc,stats    ]    Subphase: Concurrent References Process                 0.098 / 0.180         0.101 / 0.194         0.101 / 0.194         0.101 / 0.194       ms
[50.126s][info][gc,stats    ]    Subphase: Concurrent Roots ClassLoaderDataGraph         0.111 / 0.669         0.120 / 1.252         0.120 / 1.252         0.120 / 1.252       ms
[50.126s][info][gc,stats    ]    Subphase: Concurrent Roots CodeCache                    0.000 / 0.000         0.000 / 0.000         0.000 / 0.000         0.000 / 0.000       ms
[50.126s][info][gc,stats    ]    Subphase: Concurrent Roots JavaThreads                  0.314 / 1.791         0.356 / 1.791         0.356 / 1.791         0.356 / 1.791       ms
[50.126s][info][gc,stats    ]    Subphase: Concurrent Roots OopStorageSet                0.055 / 0.266         0.073 / 0.778         0.073 / 0.778         0.073 / 0.778       ms
[50.126s][info][gc,stats    ]    Subphase: Concurrent Weak Roots OopStorageSet          15.152 / 57.601        8.197 / 57.601        8.197 / 57.601        8.197 / 57.601      ms
[50.126s][info][gc,stats    ]    Subphase: Pause Mark Try Complete                       0.000 / 0.000         0.002 / 0.004         0.002 / 0.004         0.002 / 0.004       ms
[50.126s][info][gc,stats    ]      System: Java Threads                                     52 / 61               56 / 73               56 / 73               56 / 73          threads
[50.126s][info][gc,stats    ] =========================================================================================================================================================
[50.825s][info][gc,start    ] GC(66) Garbage Collection (Allocation Rate)
[50.825s][info][gc,task     ] GC(66) Using 1 workers
[50.825s][info][gc,phases   ] GC(66) Pause Mark Start 0.010ms
[51.038s][info][gc,phases   ] GC(66) Concurrent Mark 212.397ms
[51.038s][info][gc,phases   ] GC(66) Pause Mark End 0.018ms
[51.039s][info][gc,phases   ] GC(66) Concurrent Mark Free 0.001ms
[51.092s][info][gc,phases   ] GC(66) Concurrent Process Non-Strong References 53.469ms
[51.092s][info][gc,phases   ] GC(66) Concurrent Reset Relocation Set 0.004ms
[51.092s][info][gc          ] Allocation Stall (Thread-175) 3.958ms
[51.092s][info][gc          ] Allocation Stall (Thread-161) 4.805ms
[51.092s][info][gc          ] Allocation Stall (Thread-156) 3.341ms
[51.092s][info][gc          ] Allocation Stall (Thread-155) 2.911ms
[51.092s][info][gc          ] Allocation Stall (Thread-185) 2.938ms
[51.092s][info][gc          ] Allocation Stall (Thread-192) 3.571ms
[51.092s][info][gc          ] Allocation Stall (Thread-153) 2.756ms
[51.092s][info][gc          ] Allocation Stall (Thread-188) 2.745ms
[51.092s][info][gc          ] Allocation Stall (Thread-164) 4.267ms
[51.092s][info][gc          ] Allocation Stall (Thread-169) 4.205ms
[51.092s][info][gc          ] Allocation Stall (Thread-190) 3.499ms
[51.092s][info][gc          ] Allocation Stall (Thread-173) 3.077ms
[51.092s][info][gc          ] Allocation Stall (Thread-184) 2.951ms
[51.092s][info][gc          ] Allocation Stall (Thread-193) 4.496ms
[51.092s][info][gc          ] Allocation Stall (Thread-178) 2.759ms
[51.092s][info][gc          ] Allocation Stall (Thread-172) 2.914ms
[51.092s][info][gc          ] Allocation Stall (Thread-151) 3.898ms
[51.092s][info][gc          ] Allocation Stall (Thread-187) 3.186ms
[51.092s][info][gc          ] Allocation Stall (Thread-194) 4.711ms
[51.092s][info][gc          ] Allocation Stall (Thread-180) 3.335ms
[51.092s][info][gc          ] Allocation Stall (Thread-167) 3.390ms
[51.092s][info][gc          ] Allocation Stall (Thread-179) 2.741ms
[51.092s][info][gc          ] Allocation Stall (Thread-186) 2.723ms
[51.092s][info][gc          ] Allocation Stall (Thread-150) 3.479ms
[51.092s][info][gc          ] Allocation Stall (Thread-157) 4.823ms
[51.092s][info][gc          ] Allocation Stall (Thread-168) 3.478ms
[51.092s][info][gc          ] Allocation Stall (Thread-149) 2.784ms
[51.092s][info][gc          ] Allocation Stall (Thread-174) 3.460ms
[51.092s][info][gc          ] Allocation Stall (Thread-182) 4.393ms
[51.092s][info][gc          ] Allocation Stall (Thread-177) 2.816ms
[51.092s][info][gc          ] Allocation Stall (Thread-171) 4.090ms
[51.092s][info][gc          ] Allocation Stall (Thread-154) 3.624ms
[51.092s][info][gc          ] Allocation Stall (Thread-191) 3.627ms
[51.092s][info][gc          ] Allocation Stall (Thread-181) 4.445ms
[51.092s][info][gc          ] Allocation Stall (Thread-189) 3.812ms
[51.092s][info][gc          ] Allocation Stall (Thread-152) 3.908ms
[51.092s][info][gc          ] Allocation Stall (Thread-159) 3.689ms
[51.097s][info][gc,phases   ] GC(66) Concurrent Select Relocation Set 4.942ms
[51.097s][info][gc,phases   ] GC(66) Pause Relocate Start 0.007ms
[51.099s][info][gc,phases   ] GC(66) Concurrent Relocate 1.666ms
[51.099s][info][gc,load     ] GC(66) Load: 0.00/0.00/0.00
[51.099s][info][gc,mmu      ] GC(66) MMU: 2ms/95.9%, 5ms/98.4%, 10ms/99.2%, 20ms/99.5%, 50ms/99.8%, 100ms/99.9%
[51.099s][info][gc,marking  ] GC(66) Mark: 1 stripe(s), 2 proactive flush(es), 1 terminate flush(es), 0 completion(s), 0 continuation(s) 
[51.099s][info][gc,marking  ] GC(66) Mark Stack Usage: 32M
[51.099s][info][gc,nmethod  ] GC(66) NMethods: 2186 registered, 565 unregistered
[51.099s][info][gc,metaspace] GC(66) Metaspace: 13M used, 14M committed, 1088M reserved
[51.099s][info][gc,ref      ] GC(66) Soft: 134 encountered, 0 discovered, 0 enqueued
[51.099s][info][gc,ref      ] GC(66) Weak: 717 encountered, 453 discovered, 0 enqueued
[51.099s][info][gc,ref      ] GC(66) Final: 0 encountered, 0 discovered, 0 enqueued
[51.099s][info][gc,ref      ] GC(66) Phantom: 59 encountered, 41 discovered, 0 enqueued
[51.099s][info][gc,reloc    ] GC(66) Small Pages: 768 / 1536M, Empty: 1426M, Relocated: 1M, In-Place: 0
[51.099s][info][gc,reloc    ] GC(66) Medium Pages: 0 / 0M, Empty: 0M, Relocated: 0M, In-Place: 0
[51.099s][info][gc,reloc    ] GC(66) Large Pages: 0 / 0M, Empty: 0M, Relocated: 0M, In-Place: 0
[51.099s][info][gc,reloc    ] GC(66) Forwarding Usage: 0M
[51.099s][info][gc,heap     ] GC(66) Min Capacity: 8M(0%)
[51.099s][info][gc,heap     ] GC(66) Max Capacity: 2048M(100%)
[51.099s][info][gc,heap     ] GC(66) Soft Max Capacity: 2048M(100%)
[51.099s][info][gc,heap     ] GC(66)                Mark Start          Mark End        Relocate Start      Relocate End           High               Low         
[51.099s][info][gc,heap     ] GC(66)  Capacity:     2048M (100%)       2048M (100%)       2048M (100%)       2048M (100%)       2048M (100%)       2048M (100%)   
[51.099s][info][gc,heap     ] GC(66)      Free:      512M (25%)          92M (4%)         1412M (69%)        1510M (74%)        1510M (74%)           0M (0%)     
[51.099s][info][gc,heap     ] GC(66)      Used:     1536M (75%)        1956M (96%)         636M (31%)         538M (26%)        2048M (100%)        538M (26%)    
[51.099s][info][gc,heap     ] GC(66)      Live:         -                 8M (0%)            8M (0%)            8M (0%)             -                  -          
[51.099s][info][gc,heap     ] GC(66) Allocated:         -               420M (21%)         526M (26%)         527M (26%)            -                  -          
[51.099s][info][gc,heap     ] GC(66)   Garbage:         -              1527M (75%)         101M (5%)            2M (0%)             -                  -          
[51.099s][info][gc,heap     ] GC(66) Reclaimed:         -                  -              1426M (70%)        1525M (74%)            -                  -          
[51.099s][info][gc          ] GC(66) Garbage Collection (Allocation Rate) 1536M(75%)->538M(26%)
[51.125s][info][gc,start    ] GC(67) Garbage Collection (Allocation Stall)
[51.125s][info][gc,ref      ] GC(67) Clearing All SoftReferences
[51.125s][info][gc,task     ] GC(67) Using 12 workers
[51.125s][info][gc,ref      ] GC(67) Clearing All SoftReferences
[51.126s][info][gc,phases   ] GC(67) Pause Mark Start 0.037ms
[51.130s][info][gc,phases   ] GC(67) Concurrent Mark 4.710ms
[51.130s][info][gc,phases   ] GC(67) Pause Mark End 0.016ms
[51.131s][info][gc,phases   ] GC(67) Concurrent Mark Free 0.000ms
[51.136s][info][gc,phases   ] GC(67) Concurrent Process Non-Strong References 5.396ms
[51.136s][info][gc,phases   ] GC(67) Concurrent Reset Relocation Set 0.008ms
[51.140s][info][gc,phases   ] GC(67) Concurrent Select Relocation Set 4.205ms
[51.140s][info][gc,phases   ] GC(67) Pause Relocate Start 0.006ms
[51.141s][info][gc,phases   ] GC(67) Concurrent Relocate 0.396ms
[51.141s][info][gc,load     ] GC(67) Load: 0.00/0.00/0.00
[51.141s][info][gc,mmu      ] GC(67) MMU: 2ms/95.9%, 5ms/98.4%, 10ms/99.2%, 20ms/99.5%, 50ms/99.8%, 100ms/99.9%
[51.141s][info][gc,marking  ] GC(67) Mark: 8 stripe(s), 2 proactive flush(es), 1 terminate flush(es), 0 completion(s), 0 continuation(s) 
[51.141s][info][gc,marking  ] GC(67) Mark Stack Usage: 32M
[51.141s][info][gc,nmethod  ] GC(67) NMethods: 2186 registered, 565 unregistered
[51.141s][info][gc,metaspace] GC(67) Metaspace: 13M used, 14M committed, 1088M reserved
[51.141s][info][gc,ref      ] GC(67) Soft: 134 encountered, 54 discovered, 0 enqueued
[51.141s][info][gc,ref      ] GC(67) Weak: 717 encountered, 153 discovered, 0 enqueued
[51.141s][info][gc,ref      ] GC(67) Final: 0 encountered, 0 discovered, 0 enqueued
[51.141s][info][gc,ref      ] GC(67) Phantom: 59 encountered, 43 discovered, 0 enqueued
[51.141s][info][gc,reloc    ] GC(67) Small Pages: 295 / 590M, Empty: 530M, Relocated: 1M, In-Place: 0
[51.141s][info][gc,reloc    ] GC(67) Medium Pages: 0 / 0M, Empty: 0M, Relocated: 0M, In-Place: 0
[51.141s][info][gc,reloc    ] GC(67) Large Pages: 0 / 0M, Empty: 0M, Relocated: 0M, In-Place: 0
[51.141s][info][gc,reloc    ] GC(67) Forwarding Usage: 0M
[51.141s][info][gc,heap     ] GC(67) Min Capacity: 8M(0%)
[51.141s][info][gc,heap     ] GC(67) Max Capacity: 2048M(100%)
[51.141s][info][gc,heap     ] GC(67) Soft Max Capacity: 2048M(100%)
[51.141s][info][gc,heap     ] GC(67)                Mark Start          Mark End        Relocate Start      Relocate End           High               Low         
[51.141s][info][gc,heap     ] GC(67)  Capacity:     2048M (100%)       2048M (100%)       2048M (100%)       2048M (100%)       2048M (100%)       2048M (100%)   
[51.141s][info][gc,heap     ] GC(67)      Free:     1458M (71%)        1446M (71%)        1954M (95%)        1980M (97%)        1980M (97%)        1434M (70%)    
[51.141s][info][gc,heap     ] GC(67)      Used:      590M (29%)         602M (29%)          94M (5%)           68M (3%)          614M (30%)          68M (3%)     
[51.141s][info][gc,heap     ] GC(67)      Live:         -                 8M (0%)            8M (0%)            8M (0%)             -                  -          
[51.141s][info][gc,heap     ] GC(67) Allocated:         -                12M (1%)           34M (2%)           34M (2%)             -                  -          
[51.141s][info][gc,heap     ] GC(67)   Garbage:         -               581M (28%)          51M (3%)           25M (1%)             -                  -          
[51.141s][info][gc,heap     ] GC(67) Reclaimed:         -                  -               530M (26%)         556M (27%)            -                  -          
[51.141s][info][gc          ] GC(67) Garbage Collection (Allocation Stall) 590M(29%)->68M(3%)
[51.825s][info][gc,start    ] GC(68) Garbage Collection (Allocation Rate)
[51.826s][info][gc,task     ] GC(68) Using 2 workers
[51.826s][info][gc,phases   ] GC(68) Pause Mark Start 0.010ms
[51.834s][info][gc,phases   ] GC(68) Concurrent Mark 8.664ms
[51.835s][info][gc,phases   ] GC(68) Pause Mark End 0.015ms
[51.835s][info][gc,phases   ] GC(68) Concurrent Mark Free 0.000ms
[51.854s][info][gc,phases   ] GC(68) Concurrent Process Non-Strong References 19.733ms
[51.854s][info][gc,phases   ] GC(68) Concurrent Reset Relocation Set 0.004ms
[51.859s][info][gc,phases   ] GC(68) Concurrent Select Relocation Set 4.553ms
[51.859s][info][gc,phases   ] GC(68) Pause Relocate Start 0.007ms
[51.860s][info][gc,phases   ] GC(68) Concurrent Relocate 0.394ms
[51.860s][info][gc,load     ] GC(68) Load: 0.00/0.00/0.00
[51.860s][info][gc,mmu      ] GC(68) MMU: 2ms/95.9%, 5ms/98.4%, 10ms/99.2%, 20ms/99.5%, 50ms/99.8%, 100ms/99.9%
[51.860s][info][gc,marking  ] GC(68) Mark: 2 stripe(s), 2 proactive flush(es), 1 terminate flush(es), 0 completion(s), 0 continuation(s) 
[51.860s][info][gc,marking  ] GC(68) Mark Stack Usage: 32M
[51.860s][info][gc,nmethod  ] GC(68) NMethods: 2186 registered, 565 unregistered
[51.860s][info][gc,metaspace] GC(68) Metaspace: 13M used, 14M committed, 1088M reserved
[51.860s][info][gc,ref      ] GC(68) Soft: 134 encountered, 0 discovered, 0 enqueued
[51.860s][info][gc,ref      ] GC(68) Weak: 717 encountered, 363 discovered, 0 enqueued
[51.860s][info][gc,ref      ] GC(68) Final: 0 encountered, 0 discovered, 0 enqueued
[51.860s][info][gc,ref      ] GC(68) Phantom: 59 encountered, 41 discovered, 0 enqueued
[51.860s][info][gc,reloc    ] GC(68) Small Pages: 702 / 1404M, Empty: 1292M, Relocated: 1M, In-Place: 0
[51.860s][info][gc,reloc    ] GC(68) Medium Pages: 0 / 0M, Empty: 0M, Relocated: 0M, In-Place: 0
[51.860s][info][gc,reloc    ] GC(68) Large Pages: 0 / 0M, Empty: 0M, Relocated: 0M, In-Place: 0
[51.860s][info][gc,reloc    ] GC(68) Forwarding Usage: 0M
[51.860s][info][gc,heap     ] GC(68) Min Capacity: 8M(0%)
[51.860s][info][gc,heap     ] GC(68) Max Capacity: 2048M(100%)
[51.860s][info][gc,heap     ] GC(68) Soft Max Capacity: 2048M(100%)
[51.860s][info][gc,heap     ] GC(68)                Mark Start          Mark End        Relocate Start      Relocate End           High               Low         
[51.860s][info][gc,heap     ] GC(68)  Capacity:     2048M (100%)       2048M (100%)       2048M (100%)       2048M (100%)       2048M (100%)       2048M (100%)   
[51.860s][info][gc,heap     ] GC(68)      Free:      644M (31%)         622M (30%)        1870M (91%)        1966M (96%)        1966M (96%)         586M (29%)    
[51.860s][info][gc,heap     ] GC(68)      Used:     1404M (69%)        1426M (70%)         178M (9%)           82M (4%)         1462M (71%)          82M (4%)     
[51.860s][info][gc,heap     ] GC(68)      Live:         -                 8M (0%)            8M (0%)            8M (0%)             -                  -          
[51.860s][info][gc,heap     ] GC(68) Allocated:         -                22M (1%)           66M (3%)           68M (3%)             -                  -          
[51.860s][info][gc,heap     ] GC(68)   Garbage:         -              1395M (68%)         103M (5%)            5M (0%)             -                  -          
[51.860s][info][gc,heap     ] GC(68) Reclaimed:         -                  -              1292M (63%)        1390M (68%)            -                  -          
[51.860s][info][gc          ] GC(68) Garbage Collection (Allocation Rate) 1404M(69%)->82M(4%)
[52.424s][info][gc,start    ] GC(69) Garbage Collection (Allocation Rate)
[52.424s][info][gc,task     ] GC(69) Using 1 workers
[52.425s][info][gc,phases   ] GC(69) Pause Mark Start 0.012ms
[52.439s][info][gc,phases   ] GC(69) Concurrent Mark 14.553ms
[52.439s][info][gc,phases   ] GC(69) Pause Mark End 0.016ms
[52.439s][info][gc,phases   ] GC(69) Concurrent Mark Free 0.001ms
[52.485s][info][gc,phases   ] GC(69) Concurrent Process Non-Strong References 45.334ms
[52.485s][info][gc,phases   ] GC(69) Concurrent Reset Relocation Set 0.006ms
[52.490s][info][gc,phases   ] GC(69) Concurrent Select Relocation Set 4.596ms
[52.490s][info][gc,phases   ] GC(69) Pause Relocate Start 0.008ms
[52.492s][info][gc,phases   ] GC(69) Concurrent Relocate 2.060ms
[52.492s][info][gc,load     ] GC(69) Load: 0.00/0.00/0.00
[52.492s][info][gc,mmu      ] GC(69) MMU: 2ms/95.9%, 5ms/98.4%, 10ms/99.2%, 20ms/99.5%, 50ms/99.8%, 100ms/99.9%
[52.492s][info][gc,marking  ] GC(69) Mark: 1 stripe(s), 2 proactive flush(es), 1 terminate flush(es), 0 completion(s), 0 continuation(s) 
[52.492s][info][gc,marking  ] GC(69) Mark Stack Usage: 32M
[52.492s][info][gc,nmethod  ] GC(69) NMethods: 2186 registered, 565 unregistered
[52.492s][info][gc,metaspace] GC(69) Metaspace: 13M used, 14M committed, 1088M reserved
[52.492s][info][gc,ref      ] GC(69) Soft: 134 encountered, 0 discovered, 0 enqueued
[52.492s][info][gc,ref      ] GC(69) Weak: 717 encountered, 453 discovered, 0 enqueued
[52.492s][info][gc,ref      ] GC(69) Final: 0 encountered, 0 discovered, 0 enqueued
[52.492s][info][gc,ref      ] GC(69) Phantom: 59 encountered, 41 discovered, 0 enqueued
[52.492s][info][gc,reloc    ] GC(69) Small Pages: 580 / 1160M, Empty: 1064M, Relocated: 1M, In-Place: 0
[52.492s][info][gc,reloc    ] GC(69) Medium Pages: 0 / 0M, Empty: 0M, Relocated: 0M, In-Place: 0
[52.492s][info][gc,reloc    ] GC(69) Large Pages: 0 / 0M, Empty: 0M, Relocated: 0M, In-Place: 0
[52.492s][info][gc,reloc    ] GC(69) Forwarding Usage: 0M
[52.492s][info][gc,heap     ] GC(69) Min Capacity: 8M(0%)
[52.492s][info][gc,heap     ] GC(69) Max Capacity: 2048M(100%)
[52.492s][info][gc,heap     ] GC(69) Soft Max Capacity: 2048M(100%)
[52.492s][info][gc,heap     ] GC(69)                Mark Start          Mark End        Relocate Start      Relocate End           High               Low         
[52.492s][info][gc,heap     ] GC(69)  Capacity:     2048M (100%)       2048M (100%)       2048M (100%)       2048M (100%)       2048M (100%)       2048M (100%)   
[52.492s][info][gc,heap     ] GC(69)      Free:      888M (43%)         852M (42%)        1814M (89%)        1898M (93%)        1898M (93%)         760M (37%)    
[52.492s][info][gc,heap     ] GC(69)      Used:     1160M (57%)        1196M (58%)         234M (11%)         150M (7%)         1288M (63%)         150M (7%)     
[52.492s][info][gc,heap     ] GC(69)      Live:         -                 8M (0%)            8M (0%)            8M (0%)             -                  -          
[52.492s][info][gc,heap     ] GC(69) Allocated:         -                36M (2%)          138M (7%)          139M (7%)             -                  -          
[52.492s][info][gc,heap     ] GC(69)   Garbage:         -              1151M (56%)          87M (4%)            1M (0%)             -                  -          
[52.492s][info][gc,heap     ] GC(69) Reclaimed:         -                  -              1064M (52%)        1149M (56%)            -                  -          
[52.492s][info][gc          ] GC(69) Garbage Collection (Allocation Rate) 1160M(57%)->150M(7%)
[53.225s][info][gc,start    ] GC(70) Garbage Collection (Allocation Rate)
[53.225s][info][gc,task     ] GC(70) Using 1 workers
[53.225s][info][gc,phases   ] GC(70) Pause Mark Start 0.013ms
[53.242s][info][gc,phases   ] GC(70) Concurrent Mark 17.017ms
[53.243s][info][gc,phases   ] GC(70) Pause Mark End 0.019ms
[53.243s][info][gc,phases   ] GC(70) Concurrent Mark Free 0.001ms
[53.295s][info][gc,phases   ] GC(70) Concurrent Process Non-Strong References 52.189ms
[53.295s][info][gc,phases   ] GC(70) Concurrent Reset Relocation Set 0.006ms
[53.300s][info][gc,phases   ] GC(70) Concurrent Select Relocation Set 4.835ms
[53.300s][info][gc,phases   ] GC(70) Pause Relocate Start 0.008ms
[53.302s][info][gc,phases   ] GC(70) Concurrent Relocate 1.714ms
[53.302s][info][gc,load     ] GC(70) Load: 0.00/0.00/0.00
[53.302s][info][gc,mmu      ] GC(70) MMU: 2ms/95.9%, 5ms/98.4%, 10ms/99.2%, 20ms/99.5%, 50ms/99.8%, 100ms/99.9%
[53.302s][info][gc,marking  ] GC(70) Mark: 1 stripe(s), 2 proactive flush(es), 1 terminate flush(es), 0 completion(s), 0 continuation(s) 
[53.302s][info][gc,marking  ] GC(70) Mark Stack Usage: 32M
[53.302s][info][gc,nmethod  ] GC(70) NMethods: 2186 registered, 565 unregistered
[53.302s][info][gc,metaspace] GC(70) Metaspace: 13M used, 14M committed, 1088M reserved
[53.302s][info][gc,ref      ] GC(70) Soft: 134 encountered, 0 discovered, 0 enqueued
[53.302s][info][gc,ref      ] GC(70) Weak: 717 encountered, 453 discovered, 0 enqueued
[53.302s][info][gc,ref      ] GC(70) Final: 0 encountered, 0 discovered, 0 enqueued
[53.302s][info][gc,ref      ] GC(70) Phantom: 59 encountered, 41 discovered, 0 enqueued
[53.302s][info][gc,reloc    ] GC(70) Small Pages: 782 / 1564M, Empty: 1456M, Relocated: 1M, In-Place: 0
[53.302s][info][gc,reloc    ] GC(70) Medium Pages: 0 / 0M, Empty: 0M, Relocated: 0M, In-Place: 0
[53.302s][info][gc,reloc    ] GC(70) Large Pages: 0 / 0M, Empty: 0M, Relocated: 0M, In-Place: 0
[53.302s][info][gc,reloc    ] GC(70) Forwarding Usage: 0M
[53.302s][info][gc,heap     ] GC(70) Min Capacity: 8M(0%)
[53.302s][info][gc,heap     ] GC(70) Max Capacity: 2048M(100%)
[53.302s][info][gc,heap     ] GC(70) Soft Max Capacity: 2048M(100%)
[53.302s][info][gc,heap     ] GC(70)                Mark Start          Mark End        Relocate Start      Relocate End           High               Low         
[53.302s][info][gc,heap     ] GC(70)  Capacity:     2048M (100%)       2048M (100%)       2048M (100%)       2048M (100%)       2048M (100%)       2048M (100%)   
[53.302s][info][gc,heap     ] GC(70)      Free:      484M (24%)         444M (22%)        1782M (87%)        1876M (92%)        1878M (92%)         336M (16%)    
[53.302s][info][gc,heap     ] GC(70)      Used:     1564M (76%)        1604M (78%)         266M (13%)         172M (8%)         1712M (84%)         170M (8%)     
[53.302s][info][gc,heap     ] GC(70)      Live:         -                 8M (0%)            8M (0%)            8M (0%)             -                  -          
[53.302s][info][gc,heap     ] GC(70) Allocated:         -                40M (2%)          158M (8%)          161M (8%)             -                  -          
[53.302s][info][gc,heap     ] GC(70)   Garbage:         -              1555M (76%)          99M (5%)            1M (0%)             -                  -          
[53.302s][info][gc,heap     ] GC(70) Reclaimed:         -                  -              1456M (71%)        1553M (76%)            -                  -          
[53.302s][info][gc          ] GC(70) Garbage Collection (Allocation Rate) 1564M(76%)->172M(8%)
[54.025s][info][gc,start    ] GC(71) Garbage Collection (Allocation Rate)
[54.025s][info][gc,task     ] GC(71) Using 1 workers
[54.025s][info][gc,phases   ] GC(71) Pause Mark Start 0.014ms
[54.040s][info][gc,phases   ] GC(71) Concurrent Mark 14.822ms
[54.040s][info][gc,phases   ] GC(71) Pause Mark End 0.017ms
[54.040s][info][gc,phases   ] GC(71) Concurrent Mark Free 0.001ms
[54.092s][info][gc,phases   ] GC(71) Concurrent Process Non-Strong References 51.408ms
[54.092s][info][gc,phases   ] GC(71) Concurrent Reset Relocation Set 0.006ms
[54.096s][info][gc,phases   ] GC(71) Concurrent Select Relocation Set 4.232ms
[54.096s][info][gc,phases   ] GC(71) Pause Relocate Start 0.009ms
[54.097s][info][gc,phases   ] GC(71) Concurrent Relocate 0.514ms
[54.097s][info][gc,load     ] GC(71) Load: 0.00/0.00/0.00
[54.097s][info][gc,mmu      ] GC(71) MMU: 2ms/95.9%, 5ms/98.4%, 10ms/99.2%, 20ms/99.5%, 50ms/99.8%, 100ms/99.9%
[54.097s][info][gc,marking  ] GC(71) Mark: 1 stripe(s), 2 proactive flush(es), 1 terminate flush(es), 0 completion(s), 0 continuation(s) 
[54.097s][info][gc,marking  ] GC(71) Mark Stack Usage: 32M
[54.097s][info][gc,nmethod  ] GC(71) NMethods: 2186 registered, 566 unregistered
[54.097s][info][gc,metaspace] GC(71) Metaspace: 13M used, 14M committed, 1088M reserved
[54.097s][info][gc,ref      ] GC(71) Soft: 134 encountered, 0 discovered, 0 enqueued
[54.097s][info][gc,ref      ] GC(71) Weak: 717 encountered, 453 discovered, 0 enqueued
[54.097s][info][gc,ref      ] GC(71) Final: 0 encountered, 0 discovered, 0 enqueued
[54.097s][info][gc,ref      ] GC(71) Phantom: 59 encountered, 41 discovered, 0 enqueued
[54.097s][info][gc,reloc    ] GC(71) Small Pages: 779 / 1558M, Empty: 1450M, Relocated: 1M, In-Place: 0
[54.097s][info][gc,reloc    ] GC(71) Medium Pages: 0 / 0M, Empty: 0M, Relocated: 0M, In-Place: 0
[54.097s][info][gc,reloc    ] GC(71) Large Pages: 0 / 0M, Empty: 0M, Relocated: 0M, In-Place: 0
[54.097s][info][gc,reloc    ] GC(71) Forwarding Usage: 0M
[54.097s][info][gc,heap     ] GC(71) Min Capacity: 8M(0%)
[54.097s][info][gc,heap     ] GC(71) Max Capacity: 2048M(100%)
[54.097s][info][gc,heap     ] GC(71) Soft Max Capacity: 2048M(100%)
[54.097s][info][gc,heap     ] GC(71)                Mark Start          Mark End        Relocate Start      Relocate End           High               Low         
[54.097s][info][gc,heap     ] GC(71)  Capacity:     2048M (100%)       2048M (100%)       2048M (100%)       2048M (100%)       2048M (100%)       2048M (100%)   
[54.097s][info][gc,heap     ] GC(71)      Free:      490M (24%)         456M (22%)        1802M (88%)        1896M (93%)        1896M (93%)         356M (17%)    
[54.097s][info][gc,heap     ] GC(71)      Used:     1558M (76%)        1592M (78%)         246M (12%)         152M (7%)         1692M (83%)         152M (7%)     
[54.097s][info][gc,heap     ] GC(71)      Live:         -                 8M (0%)            8M (0%)            8M (0%)             -                  -          
[54.097s][info][gc,heap     ] GC(71) Allocated:         -                34M (2%)          138M (7%)          140M (7%)             -                  -          
[54.097s][info][gc,heap     ] GC(71)   Garbage:         -              1549M (76%)          99M (5%)            3M (0%)             -                  -          
[54.097s][info][gc,heap     ] GC(71) Reclaimed:         -                  -              1450M (71%)        1546M (75%)            -                  -          
[54.097s][info][gc          ] GC(71) Garbage Collection (Allocation Rate) 1558M(76%)->152M(7%)
[54.925s][info][gc,start    ] GC(72) Garbage Collection (Allocation Rate)
[54.925s][info][gc,task     ] GC(72) Using 1 workers
[54.925s][info][gc,phases   ] GC(72) Pause Mark Start 0.010ms
[54.938s][info][gc,phases   ] GC(72) Concurrent Mark 12.952ms
[54.938s][info][gc,phases   ] GC(72) Pause Mark End 0.016ms
[54.938s][info][gc,phases   ] GC(72) Concurrent Mark Free 0.001ms
[54.980s][info][gc,phases   ] GC(72) Concurrent Process Non-Strong References 42.365ms
[54.981s][info][gc,phases   ] GC(72) Concurrent Reset Relocation Set 0.006ms
[54.985s][info][gc,phases   ] GC(72) Concurrent Select Relocation Set 4.830ms
[54.986s][info][gc,phases   ] GC(72) Pause Relocate Start 0.008ms
[54.986s][info][gc,phases   ] GC(72) Concurrent Relocate 0.385ms
[54.986s][info][gc,load     ] GC(72) Load: 0.00/0.00/0.00
[54.986s][info][gc,mmu      ] GC(72) MMU: 2ms/95.9%, 5ms/98.4%, 10ms/99.2%, 20ms/99.5%, 50ms/99.8%, 100ms/99.9%
[54.986s][info][gc,marking  ] GC(72) Mark: 1 stripe(s), 2 proactive flush(es), 1 terminate flush(es), 0 completion(s), 0 continuation(s) 
[54.986s][info][gc,marking  ] GC(72) Mark Stack Usage: 32M
[54.986s][info][gc,nmethod  ] GC(72) NMethods: 2186 registered, 566 unregistered
[54.986s][info][gc,metaspace] GC(72) Metaspace: 13M used, 14M committed, 1088M reserved
[54.986s][info][gc,ref      ] GC(72) Soft: 134 encountered, 0 discovered, 0 enqueued
[54.986s][info][gc,ref      ] GC(72) Weak: 717 encountered, 453 discovered, 0 enqueued
[54.986s][info][gc,ref      ] GC(72) Final: 0 encountered, 0 discovered, 0 enqueued
[54.986s][info][gc,ref      ] GC(72) Phantom: 59 encountered, 41 discovered, 0 enqueued
[54.986s][info][gc,reloc    ] GC(72) Small Pages: 761 / 1522M, Empty: 1408M, Relocated: 0M, In-Place: 0
[54.986s][info][gc,reloc    ] GC(72) Medium Pages: 0 / 0M, Empty: 0M, Relocated: 0M, In-Place: 0
[54.986s][info][gc,reloc    ] GC(72) Large Pages: 0 / 0M, Empty: 0M, Relocated: 0M, In-Place: 0
[54.986s][info][gc,reloc    ] GC(72) Forwarding Usage: 0M
[54.986s][info][gc,heap     ] GC(72) Min Capacity: 8M(0%)
[54.986s][info][gc,heap     ] GC(72) Max Capacity: 2048M(100%)
[54.986s][info][gc,heap     ] GC(72) Soft Max Capacity: 2048M(100%)
[54.986s][info][gc,heap     ] GC(72)                Mark Start          Mark End        Relocate Start      Relocate End           High               Low         
[54.986s][info][gc,heap     ] GC(72)  Capacity:     2048M (100%)       2048M (100%)       2048M (100%)       2048M (100%)       2048M (100%)       2048M (100%)   
[54.986s][info][gc,heap     ] GC(72)      Free:      526M (26%)         500M (24%)        1832M (89%)        1934M (94%)        1934M (94%)         430M (21%)    
[54.986s][info][gc,heap     ] GC(72)      Used:     1522M (74%)        1548M (76%)         216M (11%)         114M (6%)         1618M (79%)         114M (6%)     
[54.986s][info][gc,heap     ] GC(72)      Live:         -                 8M (0%)            8M (0%)            8M (0%)             -                  -          
[54.986s][info][gc,heap     ] GC(72) Allocated:         -                26M (1%)          102M (5%)          101M (5%)             -                  -          
[54.986s][info][gc,heap     ] GC(72)   Garbage:         -              1513M (74%)         105M (5%)            3M (0%)             -                  -          
[54.986s][info][gc,heap     ] GC(72) Reclaimed:         -                  -              1408M (69%)        1509M (74%)            -                  -          
[54.986s][info][gc          ] GC(72) Garbage Collection (Allocation Rate) 1522M(74%)->114M(6%)
[55.725s][info][gc,start    ] GC(73) Garbage Collection (Proactive)
[55.725s][info][gc,task     ] GC(73) Using 12 workers
[55.725s][info][gc,phases   ] GC(73) Pause Mark Start 0.013ms
[55.729s][info][gc,phases   ] GC(73) Concurrent Mark 3.735ms
[55.729s][info][gc,phases   ] GC(73) Pause Mark End 0.017ms
[55.729s][info][gc,phases   ] GC(73) Concurrent Mark Free 0.001ms
[55.733s][info][gc,phases   ] GC(73) Concurrent Process Non-Strong References 4.441ms
[55.733s][info][gc,phases   ] GC(73) Concurrent Reset Relocation Set 0.007ms
[55.738s][info][gc,phases   ] GC(73) Concurrent Select Relocation Set 4.145ms
[55.738s][info][gc,phases   ] GC(73) Pause Relocate Start 0.005ms
[55.738s][info][gc,phases   ] GC(73) Concurrent Relocate 0.219ms
[55.738s][info][gc,load     ] GC(73) Load: 0.00/0.00/0.00
[55.738s][info][gc,mmu      ] GC(73) MMU: 2ms/95.9%, 5ms/98.4%, 10ms/99.2%, 20ms/99.5%, 50ms/99.8%, 100ms/99.9%
[55.738s][info][gc,marking  ] GC(73) Mark: 8 stripe(s), 2 proactive flush(es), 1 terminate flush(es), 0 completion(s), 0 continuation(s) 
[55.738s][info][gc,marking  ] GC(73) Mark Stack Usage: 32M
[55.738s][info][gc,nmethod  ] GC(73) NMethods: 2186 registered, 566 unregistered
[55.738s][info][gc,metaspace] GC(73) Metaspace: 13M used, 14M committed, 1088M reserved
[55.738s][info][gc,ref      ] GC(73) Soft: 134 encountered, 0 discovered, 0 enqueued
[55.738s][info][gc,ref      ] GC(73) Weak: 717 encountered, 104 discovered, 0 enqueued
[55.738s][info][gc,ref      ] GC(73) Final: 0 encountered, 0 discovered, 0 enqueued
[55.738s][info][gc,ref      ] GC(73) Phantom: 59 encountered, 48 discovered, 0 enqueued
[55.738s][info][gc,reloc    ] GC(73) Small Pages: 672 / 1344M, Empty: 1232M, Relocated: 0M, In-Place: 0
[55.738s][info][gc,reloc    ] GC(73) Medium Pages: 0 / 0M, Empty: 0M, Relocated: 0M, In-Place: 0
[55.738s][info][gc,reloc    ] GC(73) Large Pages: 0 / 0M, Empty: 0M, Relocated: 0M, In-Place: 0
[55.738s][info][gc,reloc    ] GC(73) Forwarding Usage: 0M
[55.738s][info][gc,heap     ] GC(73) Min Capacity: 8M(0%)
[55.738s][info][gc,heap     ] GC(73) Max Capacity: 2048M(100%)
[55.738s][info][gc,heap     ] GC(73) Soft Max Capacity: 2048M(100%)
[55.738s][info][gc,heap     ] GC(73)                Mark Start          Mark End        Relocate Start      Relocate End           High               Low         
[55.738s][info][gc,heap     ] GC(73)  Capacity:     2048M (100%)       2048M (100%)       2048M (100%)       2048M (100%)       2048M (100%)       2048M (100%)   
[55.738s][info][gc,heap     ] GC(73)      Free:      704M (34%)         690M (34%)        1908M (93%)        1986M (97%)        1986M (97%)         680M (33%)    
[55.738s][info][gc,heap     ] GC(73)      Used:     1344M (66%)        1358M (66%)         140M (7%)           62M (3%)         1368M (67%)          62M (3%)     
[55.738s][info][gc,heap     ] GC(73)      Live:         -                 8M (0%)            8M (0%)            8M (0%)             -                  -          
[55.738s][info][gc,heap     ] GC(73) Allocated:         -                14M (1%)           28M (1%)           27M (1%)             -                  -          
[55.738s][info][gc,heap     ] GC(73)   Garbage:         -              1335M (65%)         103M (5%)           25M (1%)             -                  -          
[55.738s][info][gc,heap     ] GC(73) Reclaimed:         -                  -              1232M (60%)        1309M (64%)            -                  -          
[55.738s][info][gc          ] GC(73) Garbage Collection (Proactive) 1344M(66%)->62M(3%)
[56.625s][info][gc,start    ] GC(74) Garbage Collection (Allocation Rate)
[56.625s][info][gc,task     ] GC(74) Using 1 workers
[56.625s][info][gc,phases   ] GC(74) Pause Mark Start 0.011ms
[56.640s][info][gc,phases   ] GC(74) Concurrent Mark 14.617ms
[56.640s][info][gc,phases   ] GC(74) Pause Mark End 0.014ms
[56.640s][info][gc,phases   ] GC(74) Concurrent Mark Free 0.002ms
[56.695s][info][gc,phases   ] GC(74) Concurrent Process Non-Strong References 54.796ms
[56.695s][info][gc,phases   ] GC(74) Concurrent Reset Relocation Set 0.007ms
[56.699s][info][gc,phases   ] GC(74) Concurrent Select Relocation Set 4.362ms
[56.699s][info][gc,phases   ] GC(74) Pause Relocate Start 0.008ms
[56.700s][info][gc,phases   ] GC(74) Concurrent Relocate 0.557ms
[56.700s][info][gc,load     ] GC(74) Load: 0.00/0.00/0.00
[56.700s][info][gc,mmu      ] GC(74) MMU: 2ms/95.9%, 5ms/98.4%, 10ms/99.2%, 20ms/99.5%, 50ms/99.8%, 100ms/99.9%
[56.700s][info][gc,marking  ] GC(74) Mark: 1 stripe(s), 2 proactive flush(es), 1 terminate flush(es), 0 completion(s), 0 continuation(s) 
[56.700s][info][gc,marking  ] GC(74) Mark Stack Usage: 32M
[56.700s][info][gc,nmethod  ] GC(74) NMethods: 2186 registered, 566 unregistered
[56.700s][info][gc,metaspace] GC(74) Metaspace: 13M used, 14M committed, 1088M reserved
[56.700s][info][gc,ref      ] GC(74) Soft: 134 encountered, 0 discovered, 0 enqueued
[56.700s][info][gc,ref      ] GC(74) Weak: 717 encountered, 453 discovered, 0 enqueued
[56.700s][info][gc,ref      ] GC(74) Final: 0 encountered, 0 discovered, 0 enqueued
[56.700s][info][gc,ref      ] GC(74) Phantom: 59 encountered, 41 discovered, 0 enqueued
[56.700s][info][gc,reloc    ] GC(74) Small Pages: 778 / 1556M, Empty: 1412M, Relocated: 0M, In-Place: 0
[56.700s][info][gc,reloc    ] GC(74) Medium Pages: 0 / 0M, Empty: 0M, Relocated: 0M, In-Place: 0
[56.700s][info][gc,reloc    ] GC(74) Large Pages: 0 / 0M, Empty: 0M, Relocated: 0M, In-Place: 0
[56.700s][info][gc,reloc    ] GC(74) Forwarding Usage: 0M
[56.700s][info][gc,heap     ] GC(74) Min Capacity: 8M(0%)
[56.700s][info][gc,heap     ] GC(74) Max Capacity: 2048M(100%)
[56.700s][info][gc,heap     ] GC(74) Soft Max Capacity: 2048M(100%)
[56.700s][info][gc,heap     ] GC(74)                Mark Start          Mark End        Relocate Start      Relocate End           High               Low         
[56.700s][info][gc,heap     ] GC(74)  Capacity:     2048M (100%)       2048M (100%)       2048M (100%)       2048M (100%)       2048M (100%)       2048M (100%)   
[56.700s][info][gc,heap     ] GC(74)      Free:      492M (24%)         460M (22%)        1772M (87%)        1904M (93%)        1904M (93%)         368M (18%)    
[56.701s][info][gc,heap     ] GC(74)      Used:     1556M (76%)        1588M (78%)         276M (13%)         144M (7%)         1680M (82%)         144M (7%)     
[56.701s][info][gc,heap     ] GC(74)      Live:         -                 9M (0%)            9M (0%)            9M (0%)             -                  -          
[56.701s][info][gc,heap     ] GC(74) Allocated:         -                32M (2%)          132M (6%)          131M (6%)             -                  -          
[56.701s][info][gc,heap     ] GC(74)   Garbage:         -              1546M (76%)         134M (7%)            3M (0%)             -                  -          
[56.701s][info][gc,heap     ] GC(74) Reclaimed:         -                  -              1412M (69%)        1543M (75%)            -                  -          
[56.701s][info][gc          ] GC(74) Garbage Collection (Allocation Rate) 1556M(76%)->144M(7%)
[57.525s][info][gc,start    ] GC(75) Garbage Collection (Proactive)
[57.525s][info][gc,task     ] GC(75) Using 12 workers
[57.525s][info][gc,phases   ] GC(75) Pause Mark Start 0.012ms
[57.529s][info][gc,phases   ] GC(75) Concurrent Mark 3.688ms
[57.529s][info][gc,phases   ] GC(75) Pause Mark End 0.016ms
[57.529s][info][gc,phases   ] GC(75) Concurrent Mark Free 0.001ms
[57.534s][info][gc,phases   ] GC(75) Concurrent Process Non-Strong References 4.545ms
[57.534s][info][gc,phases   ] GC(75) Concurrent Reset Relocation Set 0.011ms
[57.538s][info][gc,phases   ] GC(75) Concurrent Select Relocation Set 3.762ms
[57.538s][info][gc,phases   ] GC(75) Pause Relocate Start 0.006ms
[57.538s][info][gc,phases   ] GC(75) Concurrent Relocate 0.356ms
[57.538s][info][gc,load     ] GC(75) Load: 0.00/0.00/0.00
[57.538s][info][gc,mmu      ] GC(75) MMU: 2ms/95.9%, 5ms/98.4%, 10ms/99.2%, 20ms/99.5%, 50ms/99.8%, 100ms/99.9%
[57.538s][info][gc,marking  ] GC(75) Mark: 8 stripe(s), 2 proactive flush(es), 1 terminate flush(es), 0 completion(s), 0 continuation(s) 
[57.538s][info][gc,marking  ] GC(75) Mark Stack Usage: 32M
[57.538s][info][gc,nmethod  ] GC(75) NMethods: 2186 registered, 566 unregistered
[57.538s][info][gc,metaspace] GC(75) Metaspace: 13M used, 14M committed, 1088M reserved
[57.538s][info][gc,ref      ] GC(75) Soft: 134 encountered, 0 discovered, 0 enqueued
[57.538s][info][gc,ref      ] GC(75) Weak: 707 encountered, 134 discovered, 0 enqueued
[57.538s][info][gc,ref      ] GC(75) Final: 0 encountered, 0 discovered, 0 enqueued
[57.538s][info][gc,ref      ] GC(75) Phantom: 59 encountered, 48 discovered, 0 enqueued
[57.538s][info][gc,reloc    ] GC(75) Small Pages: 739 / 1478M, Empty: 1358M, Relocated: 0M, In-Place: 0
[57.538s][info][gc,reloc    ] GC(75) Medium Pages: 0 / 0M, Empty: 0M, Relocated: 0M, In-Place: 0
[57.538s][info][gc,reloc    ] GC(75) Large Pages: 0 / 0M, Empty: 0M, Relocated: 0M, In-Place: 0
[57.538s][info][gc,reloc    ] GC(75) Forwarding Usage: 0M
[57.538s][info][gc,heap     ] GC(75) Min Capacity: 8M(0%)
[57.538s][info][gc,heap     ] GC(75) Max Capacity: 2048M(100%)
[57.538s][info][gc,heap     ] GC(75) Soft Max Capacity: 2048M(100%)
[57.538s][info][gc,heap     ] GC(75)                Mark Start          Mark End        Relocate Start      Relocate End           High               Low         
[57.538s][info][gc,heap     ] GC(75)  Capacity:     2048M (100%)       2048M (100%)       2048M (100%)       2048M (100%)       2048M (100%)       2048M (100%)   
[57.539s][info][gc,heap     ] GC(75)      Free:      570M (28%)         558M (27%)        1902M (93%)        1988M (97%)        1988M (97%)         548M (27%)    
[57.539s][info][gc,heap     ] GC(75)      Used:     1478M (72%)        1490M (73%)         146M (7%)           60M (3%)         1500M (73%)          60M (3%)     
[57.539s][info][gc,heap     ] GC(75)      Live:         -                 8M (0%)            8M (0%)            8M (0%)             -                  -          
[57.539s][info][gc,heap     ] GC(75) Allocated:         -                12M (1%)           26M (1%)           25M (1%)             -                  -          
[57.539s][info][gc,heap     ] GC(75)   Garbage:         -              1469M (72%)         111M (5%)           25M (1%)             -                  -          
[57.539s][info][gc,heap     ] GC(75) Reclaimed:         -                  -              1358M (66%)        1443M (71%)            -                  -          
[57.539s][info][gc          ] GC(75) Garbage Collection (Proactive) 1478M(72%)->60M(3%)
[58.425s][info][gc,start    ] GC(76) Garbage Collection (Allocation Rate)
[58.425s][info][gc,task     ] GC(76) Using 1 workers
[58.425s][info][gc,phases   ] GC(76) Pause Mark Start 0.010ms
[58.438s][info][gc,phases   ] GC(76) Concurrent Mark 13.358ms
[58.439s][info][gc,phases   ] GC(76) Pause Mark End 0.015ms
[58.439s][info][gc,phases   ] GC(76) Concurrent Mark Free 0.001ms
[58.481s][info][gc,phases   ] GC(76) Concurrent Process Non-Strong References 41.987ms
[58.481s][info][gc,phases   ] GC(76) Concurrent Reset Relocation Set 0.005ms
[58.485s][info][gc,phases   ] GC(76) Concurrent Select Relocation Set 3.890ms
[58.485s][info][gc,phases   ] GC(76) Pause Relocate Start 0.008ms
[58.485s][info][gc,phases   ] GC(76) Concurrent Relocate 0.523ms
[58.485s][info][gc,load     ] GC(76) Load: 0.00/0.00/0.00
[58.485s][info][gc,mmu      ] GC(76) MMU: 2ms/95.9%, 5ms/98.4%, 10ms/99.2%, 20ms/99.5%, 50ms/99.8%, 100ms/99.9%
[58.485s][info][gc,marking  ] GC(76) Mark: 1 stripe(s), 2 proactive flush(es), 1 terminate flush(es), 0 completion(s), 0 continuation(s) 
[58.485s][info][gc,marking  ] GC(76) Mark Stack Usage: 32M
[58.485s][info][gc,nmethod  ] GC(76) NMethods: 2186 registered, 566 unregistered
[58.485s][info][gc,metaspace] GC(76) Metaspace: 13M used, 14M committed, 1088M reserved
[58.485s][info][gc,ref      ] GC(76) Soft: 134 encountered, 0 discovered, 0 enqueued
[58.485s][info][gc,ref      ] GC(76) Weak: 665 encountered, 453 discovered, 0 enqueued
[58.486s][info][gc,ref      ] GC(76) Final: 0 encountered, 0 discovered, 0 enqueued
[58.486s][info][gc,ref      ] GC(76) Phantom: 59 encountered, 41 discovered, 0 enqueued
[58.486s][info][gc,reloc    ] GC(76) Small Pages: 823 / 1646M, Empty: 1514M, Relocated: 1M, In-Place: 0
[58.486s][info][gc,reloc    ] GC(76) Medium Pages: 0 / 0M, Empty: 0M, Relocated: 0M, In-Place: 0
[58.486s][info][gc,reloc    ] GC(76) Large Pages: 0 / 0M, Empty: 0M, Relocated: 0M, In-Place: 0
[58.486s][info][gc,reloc    ] GC(76) Forwarding Usage: 0M
[58.486s][info][gc,heap     ] GC(76) Min Capacity: 8M(0%)
[58.486s][info][gc,heap     ] GC(76) Max Capacity: 2048M(100%)
[58.486s][info][gc,heap     ] GC(76) Soft Max Capacity: 2048M(100%)
[58.486s][info][gc,heap     ] GC(76)                Mark Start          Mark End        Relocate Start      Relocate End           High               Low         
[58.486s][info][gc,heap     ] GC(76)  Capacity:     2048M (100%)       2048M (100%)       2048M (100%)       2048M (100%)       2048M (100%)       2048M (100%)   
[58.486s][info][gc,heap     ] GC(76)      Free:      402M (20%)         362M (18%)        1754M (86%)        1876M (92%)        1876M (92%)         250M (12%)    
[58.486s][info][gc,heap     ] GC(76)      Used:     1646M (80%)        1686M (82%)         294M (14%)         172M (8%)         1798M (88%)         172M (8%)     
[58.486s][info][gc,heap     ] GC(76)      Live:         -                 8M (0%)            8M (0%)            8M (0%)             -                  -          
[58.486s][info][gc,heap     ] GC(76) Allocated:         -                40M (2%)          162M (8%)          161M (8%)             -                  -          
[58.486s][info][gc,heap     ] GC(76)   Garbage:         -              1637M (80%)         123M (6%)            2M (0%)             -                  -          
[58.486s][info][gc,heap     ] GC(76) Reclaimed:         -                  -              1514M (74%)        1635M (80%)            -                  -          
[58.486s][info][gc          ] GC(76) Garbage Collection (Allocation Rate) 1646M(80%)->172M(8%)
[58.742s][info][gc,start    ] GC(77) Garbage Collection (System.gc())
[58.742s][info][gc,task     ] GC(77) Using 12 workers
[58.743s][info][gc,phases   ] GC(77) Pause Mark Start 0.017ms
[58.756s][info][gc,phases   ] GC(77) Concurrent Mark 13.090ms
[58.756s][info][gc,phases   ] GC(77) Pause Mark End 0.018ms
[58.756s][info][gc,phases   ] GC(77) Concurrent Mark Free 0.001ms
[58.763s][info][gc,phases   ] GC(77) Concurrent Process Non-Strong References 7.056ms
[58.763s][info][gc,phases   ] GC(77) Concurrent Reset Relocation Set 0.006ms
[58.767s][info][gc,phases   ] GC(77) Concurrent Select Relocation Set 3.957ms
[58.767s][info][gc,phases   ] GC(77) Pause Relocate Start 0.009ms
[58.769s][info][gc,phases   ] GC(77) Concurrent Relocate 2.080ms
[58.770s][info][gc,load     ] GC(77) Load: 0.00/0.00/0.00
[58.770s][info][gc,mmu      ] GC(77) MMU: 2ms/95.9%, 5ms/98.4%, 10ms/99.2%, 20ms/99.5%, 50ms/99.8%, 100ms/99.9%
[58.770s][info][gc,marking  ] GC(77) Mark: 8 stripe(s), 2 proactive flush(es), 1 terminate flush(es), 0 completion(s), 0 continuation(s) 
[58.770s][info][gc,marking  ] GC(77) Mark Stack Usage: 32M
[58.770s][info][gc,nmethod  ] GC(77) NMethods: 2186 registered, 567 unregistered
[58.770s][info][gc,metaspace] GC(77) Metaspace: 13M used, 14M committed, 1088M reserved
[58.770s][info][gc,ref      ] GC(77) Soft: 134 encountered, 0 discovered, 0 enqueued
[58.770s][info][gc,ref      ] GC(77) Weak: 617 encountered, 23 discovered, 0 enqueued
[58.770s][info][gc,ref      ] GC(77) Final: 0 encountered, 0 discovered, 0 enqueued
[58.770s][info][gc,ref      ] GC(77) Phantom: 59 encountered, 55 discovered, 0 enqueued
[58.770s][info][gc,reloc    ] GC(77) Small Pages: 277 / 554M, Empty: 536M, Relocated: 3M, In-Place: 0
[58.770s][info][gc,reloc    ] GC(77) Medium Pages: 0 / 0M, Empty: 0M, Relocated: 0M, In-Place: 0
[58.770s][info][gc,reloc    ] GC(77) Large Pages: 0 / 0M, Empty: 0M, Relocated: 0M, In-Place: 0
[58.770s][info][gc,reloc    ] GC(77) Forwarding Usage: 0M
[58.770s][info][gc,heap     ] GC(77) Min Capacity: 8M(0%)
[58.770s][info][gc,heap     ] GC(77) Max Capacity: 2048M(100%)
[58.770s][info][gc,heap     ] GC(77) Soft Max Capacity: 2048M(100%)
[58.770s][info][gc,heap     ] GC(77)                Mark Start          Mark End        Relocate Start      Relocate End           High               Low         
[58.770s][info][gc,heap     ] GC(77)  Capacity:     2048M (100%)       2048M (100%)       2048M (100%)       2048M (100%)       2048M (100%)       2048M (100%)   
[58.770s][info][gc,heap     ] GC(77)      Free:     1494M (73%)        1494M (73%)        2030M (99%)        2030M (99%)        2030M (99%)        1494M (73%)    
[58.770s][info][gc,heap     ] GC(77)      Used:      554M (27%)         554M (27%)          18M (1%)           18M (1%)          554M (27%)          18M (1%)     
[58.770s][info][gc,heap     ] GC(77)      Live:         -                 4M (0%)            4M (0%)            4M (0%)             -                  -          
[58.770s][info][gc,heap     ] GC(77) Allocated:         -                 0M (0%)            0M (0%)            0M (0%)             -                  -          
[58.770s][info][gc,heap     ] GC(77)   Garbage:         -               549M (27%)          13M (1%)           13M (1%)             -                  -          
[58.770s][info][gc,heap     ] GC(77) Reclaimed:         -                  -               536M (26%)         536M (26%)            -                  -          
[58.770s][info][gc          ] GC(77) Garbage Collection (System.gc()) 554M(27%)->18M(1%)
[59.525s][info][gc,start    ] GC(78) Garbage Collection (Allocation Rate)
[59.525s][info][gc,task     ] GC(78) Using 2 workers
[59.526s][info][gc,phases   ] GC(78) Pause Mark Start 0.010ms
[59.538s][info][gc,phases   ] GC(78) Concurrent Mark 12.519ms
[59.538s][info][gc,phases   ] GC(78) Pause Mark End 0.018ms
[59.539s][info][gc,phases   ] GC(78) Concurrent Mark Free 0.001ms
[59.564s][info][gc,phases   ] GC(78) Concurrent Process Non-Strong References 25.773ms
[59.564s][info][gc,phases   ] GC(78) Concurrent Reset Relocation Set 0.001ms
[59.568s][info][gc,phases   ] GC(78) Concurrent Select Relocation Set 3.345ms
[59.568s][info][gc,phases   ] GC(78) Pause Relocate Start 0.008ms
[59.570s][info][gc,phases   ] GC(78) Concurrent Relocate 2.279ms
[59.570s][info][gc,load     ] GC(78) Load: 0.00/0.00/0.00
[59.570s][info][gc,mmu      ] GC(78) MMU: 2ms/95.9%, 5ms/98.4%, 10ms/99.2%, 20ms/99.5%, 50ms/99.8%, 100ms/99.9%
[59.570s][info][gc,marking  ] GC(78) Mark: 2 stripe(s), 2 proactive flush(es), 1 terminate flush(es), 0 completion(s), 0 continuation(s) 
[59.570s][info][gc,marking  ] GC(78) Mark Stack Usage: 32M
[59.570s][info][gc,nmethod  ] GC(78) NMethods: 2199 registered, 571 unregistered
[59.570s][info][gc,metaspace] GC(78) Metaspace: 13M used, 14M committed, 1088M reserved
[59.570s][info][gc,ref      ] GC(78) Soft: 134 encountered, 0 discovered, 0 enqueued
[59.570s][info][gc,ref      ] GC(78) Weak: 723 encountered, 394 discovered, 2 enqueued
[59.570s][info][gc,ref      ] GC(78) Final: 0 encountered, 0 discovered, 0 enqueued
[59.570s][info][gc,ref      ] GC(78) Phantom: 59 encountered, 45 discovered, 0 enqueued
[59.571s][info][gc,reloc    ] GC(78) Small Pages: 692 / 1384M, Empty: 1258M, Relocated: 3M, In-Place: 0
[59.571s][info][gc,reloc    ] GC(78) Medium Pages: 0 / 0M, Empty: 0M, Relocated: 0M, In-Place: 0
[59.571s][info][gc,reloc    ] GC(78) Large Pages: 0 / 0M, Empty: 0M, Relocated: 0M, In-Place: 0
[59.571s][info][gc,reloc    ] GC(78) Forwarding Usage: 0M
[59.571s][info][gc,heap     ] GC(78) Min Capacity: 8M(0%)
[59.571s][info][gc,heap     ] GC(78) Max Capacity: 2048M(100%)
[59.571s][info][gc,heap     ] GC(78) Soft Max Capacity: 2048M(100%)
[59.571s][info][gc,heap     ] GC(78)                Mark Start          Mark End        Relocate Start      Relocate End           High               Low         
[59.571s][info][gc,heap     ] GC(78)  Capacity:     2048M (100%)       2048M (100%)       2048M (100%)       2048M (100%)       2048M (100%)       2048M (100%)   
[59.571s][info][gc,heap     ] GC(78)      Free:      664M (32%)         636M (31%)        1838M (90%)        1948M (95%)        1948M (95%)         586M (29%)    
[59.571s][info][gc,heap     ] GC(78)      Used:     1384M (68%)        1412M (69%)         210M (10%)         100M (5%)         1462M (71%)         100M (5%)     
[59.571s][info][gc,heap     ] GC(78)      Live:         -                 7M (0%)            7M (0%)            7M (0%)             -                  -          
[59.571s][info][gc,heap     ] GC(78) Allocated:         -                28M (1%)           84M (4%)           88M (4%)             -                  -          
[59.571s][info][gc,heap     ] GC(78)   Garbage:         -              1376M (67%)         118M (6%)            4M (0%)             -                  -          
[59.571s][info][gc,heap     ] GC(78) Reclaimed:         -                  -              1258M (61%)        1372M (67%)            -                  -          
[59.571s][info][gc          ] GC(78) Garbage Collection (Allocation Rate) 1384M(68%)->100M(5%)
[60.126s][info][gc,stats    ] === Garbage Collection Statistics =======================================================================================================================
[60.126s][info][gc,stats    ]                                                              Last 10s              Last 10m              Last 10h                Total
[60.126s][info][gc,stats    ]                                                              Avg / Max             Avg / Max             Avg / Max             Avg / Max
[60.126s][info][gc,stats    ]   Collector: Garbage Collection Cycle                     64.337 / 273.863      61.144 / 273.863      61.144 / 273.863      61.144 / 273.863     ms
[60.126s][info][gc,stats    ]  Contention: Mark Segment Reset Contention                     1 / 4                 1 / 11                1 / 11                1 / 11          ops/s
[60.126s][info][gc,stats    ]  Contention: Mark SeqNum Reset Contention                      0 / 2                 0 / 2                 0 / 2                 0 / 2           ops/s
[60.126s][info][gc,stats    ]    Critical: Allocation Stall                                  3 / 37                1 / 43                1 / 43                1 / 43          ops/s
[60.126s][info][gc,stats    ]    Critical: Allocation Stall                              3.557 / 4.823        30.392 / 55.638       30.392 / 55.638       30.392 / 55.638      ms
[60.126s][info][gc,stats    ]    Critical: GC Locker Stall                                   0 / 0                 0 / 0                 0 / 0                 0 / 0           ops/s
[60.126s][info][gc,stats    ]    Critical: GC Locker Stall                               0.000 / 0.000         0.000 / 0.000         0.000 / 0.000         0.000 / 0.000       ms
[60.126s][info][gc,stats    ]    Critical: Relocation Stall                                  0 / 0                 0 / 0                 0 / 0                 0 / 0           ops/s
[60.126s][info][gc,stats    ]    Critical: Relocation Stall                              0.000 / 0.000         0.000 / 0.000         0.000 / 0.000         0.000 / 0.000       ms
[60.126s][info][gc,stats    ]      Memory: Allocation Rate                                1934 / 2106           1835 / 2222           1835 / 2222           1835 / 2222        MB/s
[60.126s][info][gc,stats    ]      Memory: Defragment                                        0 / 0                 0 / 0                 0 / 0                 0 / 0           ops/s
[60.126s][info][gc,stats    ]      Memory: Out Of Memory                                     0 / 0                 0 / 0                 0 / 0                 0 / 0           ops/s
[60.126s][info][gc,stats    ]      Memory: Page Cache Flush                                  0 / 0                 0 / 0                 0 / 0                 0 / 0           MB/s
[60.126s][info][gc,stats    ]      Memory: Page Cache Hit L1                               972 / 1067            905 / 1084            905 / 1084            905 / 1084        ops/s
[60.126s][info][gc,stats    ]      Memory: Page Cache Hit L2                                 0 / 0                 0 / 0                 0 / 0                 0 / 0           ops/s
[60.126s][info][gc,stats    ]      Memory: Page Cache Hit L3                                 0 / 0                17 / 449              17 / 449              17 / 449         ops/s
[60.126s][info][gc,stats    ]      Memory: Page Cache Miss                                   0 / 0                 0 / 1                 0 / 1                 0 / 1           ops/s
[60.126s][info][gc,stats    ]      Memory: Uncommit                                          0 / 0                 0 / 0                 0 / 0                 0 / 0           MB/s
[60.126s][info][gc,stats    ]      Memory: Undo Object Allocation Failed                    36 / 139              27 / 139              27 / 139              27 / 139         ops/s
[60.126s][info][gc,stats    ]      Memory: Undo Object Allocation Succeeded                  2 / 8                 2 / 16                2 / 16                2 / 16          ops/s
[60.126s][info][gc,stats    ]      Memory: Undo Page Allocation                             65 / 88               67 / 221              67 / 221              67 / 221         ops/s
[60.126s][info][gc,stats    ]       Phase: Concurrent Mark                              26.625 / 212.397      18.771 / 212.397      18.771 / 212.397      18.771 / 212.397     ms
[60.126s][info][gc,stats    ]       Phase: Concurrent Mark Continue                      0.000 / 0.000         0.000 / 0.000         0.000 / 0.000         0.000 / 0.000       ms
[60.126s][info][gc,stats    ]       Phase: Concurrent Mark Free                          0.001 / 0.002         0.001 / 0.002         0.001 / 0.002         0.001 / 0.002       ms
[60.126s][info][gc,stats    ]       Phase: Concurrent Process Non-Strong References     31.422 / 54.796       28.923 / 242.741      28.923 / 242.741      28.923 / 242.741     ms
[60.127s][info][gc,stats    ]       Phase: Concurrent Relocate                           1.011 / 2.279         1.637 / 5.770         1.637 / 5.770         1.637 / 5.770       ms
[60.127s][info][gc,stats    ]       Phase: Concurrent Reset Relocation Set               0.006 / 0.011         0.006 / 0.011         0.006 / 0.011         0.006 / 0.011       ms
[60.127s][info][gc,stats    ]       Phase: Concurrent Select Relocation Set              4.281 / 4.942         4.695 / 14.014        4.695 / 14.014        4.695 / 14.014      ms
[60.127s][info][gc,stats    ]       Phase: Pause Mark End                                0.016 / 0.019         0.018 / 0.081         0.018 / 0.081         0.018 / 0.081       ms
[60.127s][info][gc,stats    ]       Phase: Pause Mark Start                              0.014 / 0.037         0.013 / 0.049         0.013 / 0.049         0.013 / 0.049       ms
[60.127s][info][gc,stats    ]       Phase: Pause Relocate Start                          0.007 / 0.009         0.007 / 0.020         0.007 / 0.020         0.007 / 0.020       ms
[60.127s][info][gc,stats    ]    Subphase: Concurrent Classes Purge                      0.011 / 0.045         0.077 / 3.094         0.077 / 3.094         0.077 / 3.094       ms
[60.127s][info][gc,stats    ]    Subphase: Concurrent Classes Unlink                     3.013 / 5.317         3.721 / 10.160        3.721 / 10.160        3.721 / 10.160      ms
[60.127s][info][gc,stats    ]    Subphase: Concurrent Mark                               9.784 / 211.109      10.790 / 211.109      10.790 / 211.109      10.790 / 211.109     ms
[60.127s][info][gc,stats    ]    Subphase: Concurrent Mark Try Flush                     5.114 / 193.285       0.960 / 193.285       0.960 / 193.285       0.960 / 193.285     ms
[60.127s][info][gc,stats    ]    Subphase: Concurrent Mark Try Terminate                 2.478 / 11.565        2.271 / 16.632        2.271 / 16.632        2.271 / 16.632      ms
[60.127s][info][gc,stats    ]    Subphase: Concurrent References Enqueue                 0.001 / 0.003         0.001 / 0.006         0.001 / 0.006         0.001 / 0.006       ms
[60.127s][info][gc,stats    ]    Subphase: Concurrent References Process                 0.095 / 0.200         0.100 / 0.200         0.100 / 0.200         0.100 / 0.200       ms
[60.127s][info][gc,stats    ]    Subphase: Concurrent Roots ClassLoaderDataGraph         0.080 / 0.457         0.112 / 1.252         0.112 / 1.252         0.112 / 1.252       ms
[60.127s][info][gc,stats    ]    Subphase: Concurrent Roots CodeCache                    0.000 / 0.000         0.000 / 0.000         0.000 / 0.000         0.000 / 0.000       ms
[60.127s][info][gc,stats    ]    Subphase: Concurrent Roots JavaThreads                  0.214 / 1.295         0.327 / 1.791         0.327 / 1.791         0.327 / 1.791       ms
[60.127s][info][gc,stats    ]    Subphase: Concurrent Roots OopStorageSet                0.028 / 0.097         0.064 / 0.778         0.064 / 0.778         0.064 / 0.778       ms
[60.127s][info][gc,stats    ]    Subphase: Concurrent Weak Roots OopStorageSet          10.290 / 49.898        8.623 / 57.601        8.623 / 57.601        8.623 / 57.601      ms
[60.127s][info][gc,stats    ]    Subphase: Pause Mark Try Complete                       0.000 / 0.000         0.002 / 0.004         0.002 / 0.004         0.002 / 0.004       ms
[60.127s][info][gc,stats    ]      System: Java Threads                                     53 / 61               55 / 73               55 / 73               55 / 73          threads
[60.127s][info][gc,stats    ] =========================================================================================================================================================
[60.225s][info][gc,start    ] GC(79) Garbage Collection (Allocation Rate)
[60.225s][info][gc,task     ] GC(79) Using 2 workers
[60.225s][info][gc,phases   ] GC(79) Pause Mark Start 0.012ms
[60.236s][info][gc,phases   ] GC(79) Concurrent Mark 10.926ms
[60.236s][info][gc,phases   ] GC(79) Pause Mark End 0.014ms
[60.236s][info][gc,phases   ] GC(79) Concurrent Mark Free 0.001ms
[60.257s][info][gc,phases   ] GC(79) Concurrent Process Non-Strong References 20.759ms
[60.257s][info][gc,phases   ] GC(79) Concurrent Reset Relocation Set 0.009ms
[60.262s][info][gc,phases   ] GC(79) Concurrent Select Relocation Set 4.552ms
[60.262s][info][gc,phases   ] GC(79) Pause Relocate Start 0.006ms
[60.264s][info][gc,phases   ] GC(79) Concurrent Relocate 1.880ms
[60.264s][info][gc,load     ] GC(79) Load: 0.00/0.00/0.00
[60.264s][info][gc,mmu      ] GC(79) MMU: 2ms/95.9%, 5ms/98.4%, 10ms/99.2%, 20ms/99.5%, 50ms/99.8%, 100ms/99.9%
[60.264s][info][gc,marking  ] GC(79) Mark: 2 stripe(s), 2 proactive flush(es), 1 terminate flush(es), 0 completion(s), 0 continuation(s) 
[60.264s][info][gc,marking  ] GC(79) Mark Stack Usage: 32M
[60.264s][info][gc,nmethod  ] GC(79) NMethods: 2199 registered, 571 unregistered
[60.264s][info][gc,metaspace] GC(79) Metaspace: 13M used, 14M committed, 1088M reserved
[60.264s][info][gc,ref      ] GC(79) Soft: 134 encountered, 0 discovered, 0 enqueued
[60.264s][info][gc,ref      ] GC(79) Weak: 721 encountered, 326 discovered, 0 enqueued
[60.264s][info][gc,ref      ] GC(79) Final: 0 encountered, 0 discovered, 0 enqueued
[60.264s][info][gc,ref      ] GC(79) Phantom: 59 encountered, 29 discovered, 0 enqueued
[60.264s][info][gc,reloc    ] GC(79) Small Pages: 684 / 1368M, Empty: 1268M, Relocated: 3M, In-Place: 0
[60.264s][info][gc,reloc    ] GC(79) Medium Pages: 0 / 0M, Empty: 0M, Relocated: 0M, In-Place: 0
[60.264s][info][gc,reloc    ] GC(79) Large Pages: 0 / 0M, Empty: 0M, Relocated: 0M, In-Place: 0
[60.264s][info][gc,reloc    ] GC(79) Forwarding Usage: 0M
[60.264s][info][gc,heap     ] GC(79) Min Capacity: 8M(0%)
[60.264s][info][gc,heap     ] GC(79) Max Capacity: 2048M(100%)
[60.264s][info][gc,heap     ] GC(79) Soft Max Capacity: 2048M(100%)
[60.264s][info][gc,heap     ] GC(79)                Mark Start          Mark End        Relocate Start      Relocate End           High               Low         
[60.264s][info][gc,heap     ] GC(79)  Capacity:     2048M (100%)       2048M (100%)       2048M (100%)       2048M (100%)       2048M (100%)       2048M (100%)   
[60.264s][info][gc,heap     ] GC(79)      Free:      680M (33%)         654M (32%)        1876M (92%)        1962M (96%)        1962M (96%)         616M (30%)    
[60.264s][info][gc,heap     ] GC(79)      Used:     1368M (67%)        1394M (68%)         172M (8%)           86M (4%)         1432M (70%)          86M (4%)     
[60.264s][info][gc,heap     ] GC(79)      Live:         -                 7M (0%)            7M (0%)            7M (0%)             -                  -          
[60.264s][info][gc,heap     ] GC(79) Allocated:         -                26M (1%)           72M (4%)           74M (4%)             -                  -          
[60.264s][info][gc,heap     ] GC(79)   Garbage:         -              1360M (66%)          92M (5%)            4M (0%)             -                  -          
[60.264s][info][gc,heap     ] GC(79) Reclaimed:         -                  -              1268M (62%)        1356M (66%)            -                  -          
[60.264s][info][gc          ] GC(79) Garbage Collection (Allocation Rate) 1368M(67%)->86M(4%)
[60.925s][info][gc,start    ] GC(80) Garbage Collection (Allocation Rate)
[60.925s][info][gc,task     ] GC(80) Using 1 workers
[60.925s][info][gc,phases   ] GC(80) Pause Mark Start 0.012ms
[60.940s][info][gc,phases   ] GC(80) Concurrent Mark 15.119ms
[60.940s][info][gc,phases   ] GC(80) Pause Mark End 0.016ms
[60.941s][info][gc,phases   ] GC(80) Concurrent Mark Free 0.001ms
[60.981s][info][gc,phases   ] GC(80) Concurrent Process Non-Strong References 40.302ms
[60.981s][info][gc,phases   ] GC(80) Concurrent Reset Relocation Set 0.006ms
[60.987s][info][gc,phases   ] GC(80) Concurrent Select Relocation Set 6.007ms
[60.987s][info][gc,phases   ] GC(80) Pause Relocate Start 0.007ms
[60.991s][info][gc,phases   ] GC(80) Concurrent Relocate 3.420ms
[60.991s][info][gc,load     ] GC(80) Load: 0.00/0.00/0.00
[60.991s][info][gc,mmu      ] GC(80) MMU: 2ms/95.9%, 5ms/98.4%, 10ms/99.2%, 20ms/99.5%, 50ms/99.8%, 100ms/99.9%
[60.991s][info][gc,marking  ] GC(80) Mark: 1 stripe(s), 2 proactive flush(es), 1 terminate flush(es), 0 completion(s), 0 continuation(s) 
[60.991s][info][gc,marking  ] GC(80) Mark Stack Usage: 32M
[60.991s][info][gc,nmethod  ] GC(80) NMethods: 2199 registered, 572 unregistered
[60.991s][info][gc,metaspace] GC(80) Metaspace: 13M used, 14M committed, 1088M reserved
[60.991s][info][gc,ref      ] GC(80) Soft: 134 encountered, 0 discovered, 0 enqueued
[60.991s][info][gc,ref      ] GC(80) Weak: 721 encountered, 455 discovered, 0 enqueued
[60.991s][info][gc,ref      ] GC(80) Final: 0 encountered, 0 discovered, 0 enqueued
[60.991s][info][gc,ref      ] GC(80) Phantom: 59 encountered, 41 discovered, 0 enqueued
[60.991s][info][gc,reloc    ] GC(80) Small Pages: 668 / 1336M, Empty: 1236M, Relocated: 3M, In-Place: 0
[60.991s][info][gc,reloc    ] GC(80) Medium Pages: 0 / 0M, Empty: 0M, Relocated: 0M, In-Place: 0
[60.991s][info][gc,reloc    ] GC(80) Large Pages: 0 / 0M, Empty: 0M, Relocated: 0M, In-Place: 0
[60.991s][info][gc,reloc    ] GC(80) Forwarding Usage: 0M
[60.991s][info][gc,heap     ] GC(80) Min Capacity: 8M(0%)
[60.991s][info][gc,heap     ] GC(80) Max Capacity: 2048M(100%)
[60.991s][info][gc,heap     ] GC(80) Soft Max Capacity: 2048M(100%)
[60.991s][info][gc,heap     ] GC(80)                Mark Start          Mark End        Relocate Start      Relocate End           High               Low         
[60.991s][info][gc,heap     ] GC(80)  Capacity:     2048M (100%)       2048M (100%)       2048M (100%)       2048M (100%)       2048M (100%)       2048M (100%)   
[60.991s][info][gc,heap     ] GC(80)      Free:      712M (35%)         674M (33%)        1818M (89%)        1902M (93%)        1906M (93%)         596M (29%)    
[60.991s][info][gc,heap     ] GC(80)      Used:     1336M (65%)        1374M (67%)         230M (11%)         146M (7%)         1452M (71%)         142M (7%)     
[60.991s][info][gc,heap     ] GC(80)      Live:         -                 7M (0%)            7M (0%)            7M (0%)             -                  -          
[60.991s][info][gc,heap     ] GC(80) Allocated:         -                38M (2%)          130M (6%)          135M (7%)             -                  -          
[60.991s][info][gc,heap     ] GC(80)   Garbage:         -              1328M (65%)          92M (5%)            2M (0%)             -                  -          
[60.991s][info][gc,heap     ] GC(80) Reclaimed:         -                  -              1236M (60%)        1325M (65%)            -                  -          
[60.991s][info][gc          ] GC(80) Garbage Collection (Allocation Rate) 1336M(65%)->146M(7%)
[61.725s][info][gc,start    ] GC(81) Garbage Collection (Allocation Rate)
[61.725s][info][gc,task     ] GC(81) Using 1 workers
[61.725s][info][gc,phases   ] GC(81) Pause Mark Start 0.009ms
[61.743s][info][gc,phases   ] GC(81) Concurrent Mark 17.764ms
[61.743s][info][gc,phases   ] GC(81) Pause Mark End 0.016ms
[61.743s][info][gc,phases   ] GC(81) Concurrent Mark Free 0.001ms
[61.794s][info][gc,phases   ] GC(81) Concurrent Process Non-Strong References 50.892ms
[61.794s][info][gc,phases   ] GC(81) Concurrent Reset Relocation Set 0.006ms
[61.798s][info][gc,phases   ] GC(81) Concurrent Select Relocation Set 3.734ms
[61.798s][info][gc,phases   ] GC(81) Pause Relocate Start 0.008ms
[61.800s][info][gc,phases   ] GC(81) Concurrent Relocate 1.857ms
[61.800s][info][gc,load     ] GC(81) Load: 0.00/0.00/0.00
[61.800s][info][gc,mmu      ] GC(81) MMU: 2ms/95.9%, 5ms/98.4%, 10ms/99.2%, 20ms/99.5%, 50ms/99.8%, 100ms/99.9%
[61.800s][info][gc,marking  ] GC(81) Mark: 1 stripe(s), 2 proactive flush(es), 1 terminate flush(es), 0 completion(s), 0 continuation(s) 
[61.800s][info][gc,marking  ] GC(81) Mark Stack Usage: 32M
[61.800s][info][gc,nmethod  ] GC(81) NMethods: 2199 registered, 572 unregistered
[61.800s][info][gc,metaspace] GC(81) Metaspace: 13M used, 14M committed, 1088M reserved
[61.800s][info][gc,ref      ] GC(81) Soft: 134 encountered, 0 discovered, 0 enqueued
[61.800s][info][gc,ref      ] GC(81) Weak: 721 encountered, 455 discovered, 0 enqueued
[61.800s][info][gc,ref      ] GC(81) Final: 0 encountered, 0 discovered, 0 enqueued
[61.800s][info][gc,ref      ] GC(81) Phantom: 59 encountered, 41 discovered, 0 enqueued
[61.800s][info][gc,reloc    ] GC(81) Small Pages: 782 / 1564M, Empty: 1456M, Relocated: 1M, In-Place: 0
[61.800s][info][gc,reloc    ] GC(81) Medium Pages: 0 / 0M, Empty: 0M, Relocated: 0M, In-Place: 0
[61.800s][info][gc,reloc    ] GC(81) Large Pages: 0 / 0M, Empty: 0M, Relocated: 0M, In-Place: 0
[61.800s][info][gc,reloc    ] GC(81) Forwarding Usage: 0M
[61.800s][info][gc,heap     ] GC(81) Min Capacity: 8M(0%)
[61.800s][info][gc,heap     ] GC(81) Max Capacity: 2048M(100%)
[61.800s][info][gc,heap     ] GC(81) Soft Max Capacity: 2048M(100%)
[61.800s][info][gc,heap     ] GC(81)                Mark Start          Mark End        Relocate Start      Relocate End           High               Low         
[61.800s][info][gc,heap     ] GC(81)  Capacity:     2048M (100%)       2048M (100%)       2048M (100%)       2048M (100%)       2048M (100%)       2048M (100%)   
[61.800s][info][gc,heap     ] GC(81)      Free:      484M (24%)         442M (22%)        1794M (88%)        1886M (92%)        1888M (92%)         344M (17%)    
[61.800s][info][gc,heap     ] GC(81)      Used:     1564M (76%)        1606M (78%)         254M (12%)         162M (8%)         1704M (83%)         160M (8%)     
[61.800s][info][gc,heap     ] GC(81)      Live:         -                 7M (0%)            7M (0%)            7M (0%)             -                  -          
[61.800s][info][gc,heap     ] GC(81) Allocated:         -                42M (2%)          146M (7%)          151M (7%)             -                  -          
[61.800s][info][gc,heap     ] GC(81)   Garbage:         -              1556M (76%)         100M (5%)            2M (0%)             -                  -          
[61.800s][info][gc,heap     ] GC(81) Reclaimed:         -                  -              1456M (71%)        1553M (76%)            -                  -          
[61.800s][info][gc          ] GC(81) Garbage Collection (Allocation Rate) 1564M(76%)->162M(8%)
[62.524s][info][gc,start    ] GC(82) Garbage Collection (Allocation Rate)
[62.524s][info][gc,task     ] GC(82) Using 1 workers
[62.525s][info][gc,phases   ] GC(82) Pause Mark Start 0.014ms
[62.541s][info][gc,phases   ] GC(82) Concurrent Mark 16.456ms
[62.541s][info][gc,phases   ] GC(82) Pause Mark End 0.014ms
[62.541s][info][gc,phases   ] GC(82) Concurrent Mark Free 0.001ms
[62.605s][info][gc,phases   ] GC(82) Concurrent Process Non-Strong References 63.942ms
[62.606s][info][gc,phases   ] GC(82) Concurrent Reset Relocation Set 0.006ms
[62.609s][info][gc,phases   ] GC(82) Concurrent Select Relocation Set 3.671ms
[62.609s][info][gc,phases   ] GC(82) Pause Relocate Start 0.008ms
[62.611s][info][gc,phases   ] GC(82) Concurrent Relocate 1.763ms
[62.611s][info][gc,load     ] GC(82) Load: 0.00/0.00/0.00
[62.611s][info][gc,mmu      ] GC(82) MMU: 2ms/95.9%, 5ms/98.4%, 10ms/99.2%, 20ms/99.5%, 50ms/99.8%, 100ms/99.9%
[62.611s][info][gc,marking  ] GC(82) Mark: 1 stripe(s), 2 proactive flush(es), 1 terminate flush(es), 0 completion(s), 0 continuation(s) 
[62.611s][info][gc,marking  ] GC(82) Mark Stack Usage: 32M
[62.611s][info][gc,nmethod  ] GC(82) NMethods: 2199 registered, 572 unregistered
[62.611s][info][gc,metaspace] GC(82) Metaspace: 13M used, 14M committed, 1088M reserved
[62.611s][info][gc,ref      ] GC(82) Soft: 134 encountered, 0 discovered, 0 enqueued
[62.611s][info][gc,ref      ] GC(82) Weak: 721 encountered, 455 discovered, 0 enqueued
[62.611s][info][gc,ref      ] GC(82) Final: 0 encountered, 0 discovered, 0 enqueued
[62.612s][info][gc,ref      ] GC(82) Phantom: 59 encountered, 41 discovered, 0 enqueued
[62.612s][info][gc,reloc    ] GC(82) Small Pages: 782 / 1564M, Empty: 1454M, Relocated: 1M, In-Place: 0
[62.612s][info][gc,reloc    ] GC(82) Medium Pages: 0 / 0M, Empty: 0M, Relocated: 0M, In-Place: 0
[62.612s][info][gc,reloc    ] GC(82) Large Pages: 0 / 0M, Empty: 0M, Relocated: 0M, In-Place: 0
[62.612s][info][gc,reloc    ] GC(82) Forwarding Usage: 0M
[62.612s][info][gc,heap     ] GC(82) Min Capacity: 8M(0%)
[62.612s][info][gc,heap     ] GC(82) Max Capacity: 2048M(100%)
[62.612s][info][gc,heap     ] GC(82) Soft Max Capacity: 2048M(100%)
[62.612s][info][gc,heap     ] GC(82)                Mark Start          Mark End        Relocate Start      Relocate End           High               Low         
[62.612s][info][gc,heap     ] GC(82)  Capacity:     2048M (100%)       2048M (100%)       2048M (100%)       2048M (100%)       2048M (100%)       2048M (100%)   
[62.612s][info][gc,heap     ] GC(82)      Free:      484M (24%)         446M (22%)        1768M (86%)        1866M (91%)        1866M (91%)         322M (16%)    
[62.612s][info][gc,heap     ] GC(82)      Used:     1564M (76%)        1602M (78%)         280M (14%)         182M (9%)         1726M (84%)         182M (9%)     
[62.612s][info][gc,heap     ] GC(82)      Live:         -                 7M (0%)            7M (0%)            7M (0%)             -                  -          
[62.612s][info][gc,heap     ] GC(82) Allocated:         -                38M (2%)          170M (8%)          171M (8%)             -                  -          
[62.612s][info][gc,heap     ] GC(82)   Garbage:         -              1556M (76%)         102M (5%)            2M (0%)             -                  -          
[62.612s][info][gc,heap     ] GC(82) Reclaimed:         -                  -              1454M (71%)        1553M (76%)            -                  -          
[62.612s][info][gc          ] GC(82) Garbage Collection (Allocation Rate) 1564M(76%)->182M(9%)
[63.325s][info][gc,start    ] GC(83) Garbage Collection (Allocation Rate)
[63.325s][info][gc,task     ] GC(83) Using 1 workers
[63.325s][info][gc,phases   ] GC(83) Pause Mark Start 0.014ms
[63.341s][info][gc,phases   ] GC(83) Concurrent Mark 15.789ms
[63.341s][info][gc,phases   ] GC(83) Pause Mark End 0.015ms
[63.341s][info][gc,phases   ] GC(83) Concurrent Mark Free 0.001ms
[63.381s][info][gc,phases   ] GC(83) Concurrent Process Non-Strong References 39.529ms
[63.381s][info][gc,phases   ] GC(83) Concurrent Reset Relocation Set 0.006ms
[63.385s][info][gc,phases   ] GC(83) Concurrent Select Relocation Set 4.526ms
[63.385s][info][gc,phases   ] GC(83) Pause Relocate Start 0.007ms
[63.387s][info][gc,phases   ] GC(83) Concurrent Relocate 1.723ms
[63.387s][info][gc,load     ] GC(83) Load: 0.00/0.00/0.00
[63.387s][info][gc,mmu      ] GC(83) MMU: 2ms/95.9%, 5ms/98.4%, 10ms/99.2%, 20ms/99.5%, 50ms/99.8%, 100ms/99.9%
[63.387s][info][gc,marking  ] GC(83) Mark: 1 stripe(s), 2 proactive flush(es), 1 terminate flush(es), 0 completion(s), 0 continuation(s) 
[63.387s][info][gc,marking  ] GC(83) Mark Stack Usage: 32M
[63.387s][info][gc,nmethod  ] GC(83) NMethods: 2199 registered, 572 unregistered
[63.387s][info][gc,metaspace] GC(83) Metaspace: 13M used, 14M committed, 1088M reserved
[63.387s][info][gc,ref      ] GC(83) Soft: 134 encountered, 0 discovered, 0 enqueued
[63.387s][info][gc,ref      ] GC(83) Weak: 721 encountered, 455 discovered, 0 enqueued
[63.387s][info][gc,ref      ] GC(83) Final: 0 encountered, 0 discovered, 0 enqueued
[63.387s][info][gc,ref      ] GC(83) Phantom: 59 encountered, 41 discovered, 0 enqueued
[63.387s][info][gc,reloc    ] GC(83) Small Pages: 764 / 1528M, Empty: 1420M, Relocated: 1M, In-Place: 0
[63.387s][info][gc,reloc    ] GC(83) Medium Pages: 0 / 0M, Empty: 0M, Relocated: 0M, In-Place: 0
[63.388s][info][gc,reloc    ] GC(83) Large Pages: 0 / 0M, Empty: 0M, Relocated: 0M, In-Place: 0
[63.388s][info][gc,reloc    ] GC(83) Forwarding Usage: 0M
[63.388s][info][gc,heap     ] GC(83) Min Capacity: 8M(0%)
[63.388s][info][gc,heap     ] GC(83) Max Capacity: 2048M(100%)
[63.388s][info][gc,heap     ] GC(83) Soft Max Capacity: 2048M(100%)
[63.388s][info][gc,heap     ] GC(83)                Mark Start          Mark End        Relocate Start      Relocate End           High               Low         
[63.388s][info][gc,heap     ] GC(83)  Capacity:     2048M (100%)       2048M (100%)       2048M (100%)       2048M (100%)       2048M (100%)       2048M (100%)   
[63.388s][info][gc,heap     ] GC(83)      Free:      520M (25%)         484M (24%)        1826M (89%)        1922M (94%)        1922M (94%)         414M (20%)    
[63.388s][info][gc,heap     ] GC(83)      Used:     1528M (75%)        1564M (76%)         222M (11%)         126M (6%)         1634M (80%)         126M (6%)     
[63.388s][info][gc,heap     ] GC(83)      Live:         -                 7M (0%)            7M (0%)            7M (0%)             -                  -          
[63.388s][info][gc,heap     ] GC(83) Allocated:         -                36M (2%)          114M (6%)          115M (6%)             -                  -          
[63.388s][info][gc,heap     ] GC(83)   Garbage:         -              1520M (74%)         100M (5%)            2M (0%)             -                  -          
[63.388s][info][gc,heap     ] GC(83) Reclaimed:         -                  -              1420M (69%)        1517M (74%)            -                  -          
[63.388s][info][gc          ] GC(83) Garbage Collection (Allocation Rate) 1528M(75%)->126M(6%)
[64.225s][info][gc,start    ] GC(84) Garbage Collection (Allocation Rate)
[64.225s][info][gc,task     ] GC(84) Using 1 workers
[64.225s][info][gc,phases   ] GC(84) Pause Mark Start 0.014ms
[64.243s][info][gc,phases   ] GC(84) Concurrent Mark 17.119ms
[64.243s][info][gc,phases   ] GC(84) Pause Mark End 0.015ms
[64.243s][info][gc,phases   ] GC(84) Concurrent Mark Free 0.001ms
[64.291s][info][gc,phases   ] GC(84) Concurrent Process Non-Strong References 48.205ms
[64.291s][info][gc,phases   ] GC(84) Concurrent Reset Relocation Set 0.009ms
[64.296s][info][gc,phases   ] GC(84) Concurrent Select Relocation Set 5.063ms
[64.297s][info][gc,phases   ] GC(84) Pause Relocate Start 0.007ms
[64.299s][info][gc,phases   ] GC(84) Concurrent Relocate 1.871ms
[64.299s][info][gc,load     ] GC(84) Load: 0.00/0.00/0.00
[64.299s][info][gc,mmu      ] GC(84) MMU: 2ms/95.9%, 5ms/98.4%, 10ms/99.2%, 20ms/99.5%, 50ms/99.8%, 100ms/99.9%
[64.299s][info][gc,marking  ] GC(84) Mark: 1 stripe(s), 2 proactive flush(es), 1 terminate flush(es), 0 completion(s), 0 continuation(s) 
[64.299s][info][gc,marking  ] GC(84) Mark Stack Usage: 32M
[64.299s][info][gc,nmethod  ] GC(84) NMethods: 2199 registered, 572 unregistered
[64.299s][info][gc,metaspace] GC(84) Metaspace: 13M used, 14M committed, 1088M reserved
[64.299s][info][gc,ref      ] GC(84) Soft: 134 encountered, 0 discovered, 0 enqueued
[64.299s][info][gc,ref      ] GC(84) Weak: 721 encountered, 455 discovered, 0 enqueued
[64.299s][info][gc,ref      ] GC(84) Final: 0 encountered, 0 discovered, 0 enqueued
[64.299s][info][gc,ref      ] GC(84) Phantom: 59 encountered, 41 discovered, 0 enqueued
[64.299s][info][gc,reloc    ] GC(84) Small Pages: 869 / 1738M, Empty: 1614M, Relocated: 1M, In-Place: 0
[64.299s][info][gc,reloc    ] GC(84) Medium Pages: 0 / 0M, Empty: 0M, Relocated: 0M, In-Place: 0
[64.299s][info][gc,reloc    ] GC(84) Large Pages: 0 / 0M, Empty: 0M, Relocated: 0M, In-Place: 0
[64.299s][info][gc,reloc    ] GC(84) Forwarding Usage: 0M
[64.299s][info][gc,heap     ] GC(84) Min Capacity: 8M(0%)
[64.299s][info][gc,heap     ] GC(84) Max Capacity: 2048M(100%)
[64.299s][info][gc,heap     ] GC(84) Soft Max Capacity: 2048M(100%)
[64.299s][info][gc,heap     ] GC(84)                Mark Start          Mark End        Relocate Start      Relocate End           High               Low         
[64.299s][info][gc,heap     ] GC(84)  Capacity:     2048M (100%)       2048M (100%)       2048M (100%)       2048M (100%)       2048M (100%)       2048M (100%)   
[64.299s][info][gc,heap     ] GC(84)      Free:      310M (15%)         270M (13%)        1778M (87%)        1890M (92%)        1890M (92%)         174M (8%)     
[64.299s][info][gc,heap     ] GC(84)      Used:     1738M (85%)        1778M (87%)         270M (13%)         158M (8%)         1874M (92%)         158M (8%)     
[64.299s][info][gc,heap     ] GC(84)      Live:         -                 8M (0%)            8M (0%)            8M (0%)             -                  -          
[64.299s][info][gc,heap     ] GC(84) Allocated:         -                40M (2%)          146M (7%)          147M (7%)             -                  -          
[64.299s][info][gc,heap     ] GC(84)   Garbage:         -              1729M (84%)         115M (6%)            2M (0%)             -                  -          
[64.299s][info][gc,heap     ] GC(84) Reclaimed:         -                  -              1614M (79%)        1727M (84%)            -                  -          
[64.299s][info][gc          ] GC(84) Garbage Collection (Allocation Rate) 1738M(85%)->158M(8%)
[65.125s][info][gc,start    ] GC(85) Garbage Collection (Allocation Rate)
[65.125s][info][gc,task     ] GC(85) Using 1 workers
[65.125s][info][gc,phases   ] GC(85) Pause Mark Start 0.010ms
[65.141s][info][gc,phases   ] GC(85) Concurrent Mark 15.508ms
[65.141s][info][gc,phases   ] GC(85) Pause Mark End 0.016ms
[65.141s][info][gc,phases   ] GC(85) Concurrent Mark Free 0.001ms
[65.192s][info][gc,phases   ] GC(85) Concurrent Process Non-Strong References 51.252ms
[65.192s][info][gc,phases   ] GC(85) Concurrent Reset Relocation Set 0.006ms
[65.198s][info][gc,phases   ] GC(85) Concurrent Select Relocation Set 5.156ms
[65.198s][info][gc,phases   ] GC(85) Pause Relocate Start 0.007ms
[65.200s][info][gc,phases   ] GC(85) Concurrent Relocate 1.931ms
[65.200s][info][gc,load     ] GC(85) Load: 0.00/0.00/0.00
[65.200s][info][gc,mmu      ] GC(85) MMU: 2ms/95.9%, 5ms/98.4%, 10ms/99.2%, 20ms/99.5%, 50ms/99.8%, 100ms/99.9%
[65.200s][info][gc,marking  ] GC(85) Mark: 1 stripe(s), 2 proactive flush(es), 1 terminate flush(es), 0 completion(s), 0 continuation(s) 
[65.200s][info][gc,marking  ] GC(85) Mark Stack Usage: 32M
[65.200s][info][gc,nmethod  ] GC(85) NMethods: 2199 registered, 572 unregistered
[65.200s][info][gc,metaspace] GC(85) Metaspace: 13M used, 14M committed, 1088M reserved
[65.200s][info][gc,ref      ] GC(85) Soft: 134 encountered, 0 discovered, 0 enqueued
[65.200s][info][gc,ref      ] GC(85) Weak: 721 encountered, 455 discovered, 0 enqueued
[65.200s][info][gc,ref      ] GC(85) Final: 0 encountered, 0 discovered, 0 enqueued
[65.200s][info][gc,ref      ] GC(85) Phantom: 59 encountered, 41 discovered, 0 enqueued
[65.200s][info][gc,reloc    ] GC(85) Small Pages: 881 / 1762M, Empty: 1642M, Relocated: 1M, In-Place: 0
[65.200s][info][gc,reloc    ] GC(85) Medium Pages: 0 / 0M, Empty: 0M, Relocated: 0M, In-Place: 0
[65.200s][info][gc,reloc    ] GC(85) Large Pages: 0 / 0M, Empty: 0M, Relocated: 0M, In-Place: 0
[65.200s][info][gc,reloc    ] GC(85) Forwarding Usage: 0M
[65.200s][info][gc,heap     ] GC(85) Min Capacity: 8M(0%)
[65.200s][info][gc,heap     ] GC(85) Max Capacity: 2048M(100%)
[65.200s][info][gc,heap     ] GC(85) Soft Max Capacity: 2048M(100%)
[65.200s][info][gc,heap     ] GC(85)                Mark Start          Mark End        Relocate Start      Relocate End           High               Low         
[65.200s][info][gc,heap     ] GC(85)  Capacity:     2048M (100%)       2048M (100%)       2048M (100%)       2048M (100%)       2048M (100%)       2048M (100%)   
[65.200s][info][gc,heap     ] GC(85)      Free:      286M (14%)         248M (12%)        1782M (87%)        1888M (92%)        1890M (92%)         152M (7%)     
[65.200s][info][gc,heap     ] GC(85)      Used:     1762M (86%)        1800M (88%)         266M (13%)         160M (8%)         1896M (93%)         158M (8%)     
[65.200s][info][gc,heap     ] GC(85)      Live:         -                 8M (0%)            8M (0%)            8M (0%)             -                  -          
[65.200s][info][gc,heap     ] GC(85) Allocated:         -                38M (2%)          146M (7%)          149M (7%)             -                  -          
[65.200s][info][gc,heap     ] GC(85)   Garbage:         -              1753M (86%)         111M (5%)            1M (0%)             -                  -          
[65.200s][info][gc,heap     ] GC(85) Reclaimed:         -                  -              1642M (80%)        1751M (86%)            -                  -          
[65.200s][info][gc          ] GC(85) Garbage Collection (Allocation Rate) 1762M(86%)->160M(8%)
[65.925s][info][gc,start    ] GC(86) Garbage Collection (Proactive)
[65.925s][info][gc,task     ] GC(86) Using 12 workers
[65.934s][info][gc,phases   ] GC(86) Pause Mark Start 0.011ms
[65.938s][info][gc,phases   ] GC(86) Concurrent Mark 3.778ms
[65.938s][info][gc,phases   ] GC(86) Pause Mark End 0.018ms
[65.938s][info][gc,phases   ] GC(86) Concurrent Mark Free 0.001ms
[65.944s][info][gc,phases   ] GC(86) Concurrent Process Non-Strong References 5.757ms
[65.944s][info][gc,phases   ] GC(86) Concurrent Reset Relocation Set 0.006ms
[65.949s][info][gc,phases   ] GC(86) Concurrent Select Relocation Set 4.770ms
[65.949s][info][gc,phases   ] GC(86) Pause Relocate Start 0.006ms
[65.950s][info][gc,phases   ] GC(86) Concurrent Relocate 0.413ms
[65.950s][info][gc,load     ] GC(86) Load: 0.00/0.00/0.00
[65.950s][info][gc,mmu      ] GC(86) MMU: 2ms/95.9%, 5ms/98.4%, 10ms/99.2%, 20ms/99.5%, 50ms/99.8%, 100ms/99.9%
[65.950s][info][gc,marking  ] GC(86) Mark: 8 stripe(s), 3 proactive flush(es), 1 terminate flush(es), 0 completion(s), 0 continuation(s) 
[65.950s][info][gc,marking  ] GC(86) Mark Stack Usage: 32M
[65.950s][info][gc,nmethod  ] GC(86) NMethods: 2199 registered, 572 unregistered
[65.950s][info][gc,metaspace] GC(86) Metaspace: 13M used, 14M committed, 1088M reserved
[65.950s][info][gc,ref      ] GC(86) Soft: 134 encountered, 0 discovered, 0 enqueued
[65.950s][info][gc,ref      ] GC(86) Weak: 721 encountered, 99 discovered, 0 enqueued
[65.950s][info][gc,ref      ] GC(86) Final: 0 encountered, 0 discovered, 0 enqueued
[65.950s][info][gc,ref      ] GC(86) Phantom: 59 encountered, 41 discovered, 0 enqueued
[65.950s][info][gc,reloc    ] GC(86) Small Pages: 779 / 1558M, Empty: 1450M, Relocated: 1M, In-Place: 0
[65.950s][info][gc,reloc    ] GC(86) Medium Pages: 0 / 0M, Empty: 0M, Relocated: 0M, In-Place: 0
[65.950s][info][gc,reloc    ] GC(86) Large Pages: 0 / 0M, Empty: 0M, Relocated: 0M, In-Place: 0
[65.950s][info][gc,reloc    ] GC(86) Forwarding Usage: 0M
[65.950s][info][gc,heap     ] GC(86) Min Capacity: 8M(0%)
[65.950s][info][gc,heap     ] GC(86) Max Capacity: 2048M(100%)
[65.950s][info][gc,heap     ] GC(86) Soft Max Capacity: 2048M(100%)
[65.950s][info][gc,heap     ] GC(86)                Mark Start          Mark End        Relocate Start      Relocate End           High               Low         
[65.950s][info][gc,heap     ] GC(86)  Capacity:     2048M (100%)       2048M (100%)       2048M (100%)       2048M (100%)       2048M (100%)       2048M (100%)   
[65.950s][info][gc,heap     ] GC(86)      Free:      490M (24%)         476M (23%)        1908M (93%)        1982M (97%)        1982M (97%)         466M (23%)    
[65.950s][info][gc,heap     ] GC(86)      Used:     1558M (76%)        1572M (77%)         140M (7%)           66M (3%)         1582M (77%)          66M (3%)     
[65.950s][info][gc,heap     ] GC(86)      Live:         -                 8M (0%)            8M (0%)            8M (0%)             -                  -          
[65.950s][info][gc,heap     ] GC(86) Allocated:         -                14M (1%)           32M (2%)           32M (2%)             -                  -          
[65.950s][info][gc,heap     ] GC(86)   Garbage:         -              1549M (76%)          99M (5%)           25M (1%)             -                  -          
[65.950s][info][gc,heap     ] GC(86) Reclaimed:         -                  -              1450M (71%)        1524M (74%)            -                  -          
[65.950s][info][gc          ] GC(86) Garbage Collection (Proactive) 1558M(76%)->66M(3%)
[66.725s][info][gc,start    ] GC(87) Garbage Collection (Allocation Rate)
[66.725s][info][gc,task     ] GC(87) Using 1 workers
[66.725s][info][gc,phases   ] GC(87) Pause Mark Start 0.013ms
[66.739s][info][gc,phases   ] GC(87) Concurrent Mark 12.947ms
[66.739s][info][gc,phases   ] GC(87) Pause Mark End 0.015ms
[66.739s][info][gc,phases   ] GC(87) Concurrent Mark Free 0.001ms
[66.778s][info][gc,phases   ] GC(87) Concurrent Process Non-Strong References 39.252ms
[66.778s][info][gc,phases   ] GC(87) Concurrent Reset Relocation Set 0.004ms
[66.783s][info][gc,phases   ] GC(87) Concurrent Select Relocation Set 4.883ms
[66.783s][info][gc,phases   ] GC(87) Pause Relocate Start 0.009ms
[66.786s][info][gc,phases   ] GC(87) Concurrent Relocate 2.229ms
[66.786s][info][gc,load     ] GC(87) Load: 0.00/0.00/0.00
[66.786s][info][gc,mmu      ] GC(87) MMU: 2ms/95.9%, 5ms/98.4%, 10ms/99.2%, 20ms/99.5%, 50ms/99.8%, 100ms/99.9%
[66.786s][info][gc,marking  ] GC(87) Mark: 1 stripe(s), 2 proactive flush(es), 1 terminate flush(es), 0 completion(s), 0 continuation(s) 
[66.786s][info][gc,marking  ] GC(87) Mark Stack Usage: 32M
[66.786s][info][gc,nmethod  ] GC(87) NMethods: 2199 registered, 572 unregistered
[66.786s][info][gc,metaspace] GC(87) Metaspace: 13M used, 14M committed, 1088M reserved
[66.786s][info][gc,ref      ] GC(87) Soft: 134 encountered, 0 discovered, 0 enqueued
[66.786s][info][gc,ref      ] GC(87) Weak: 721 encountered, 455 discovered, 0 enqueued
[66.786s][info][gc,ref      ] GC(87) Final: 0 encountered, 0 discovered, 0 enqueued
[66.786s][info][gc,ref      ] GC(87) Phantom: 59 encountered, 41 discovered, 0 enqueued
[66.786s][info][gc,reloc    ] GC(87) Small Pages: 725 / 1450M, Empty: 1314M, Relocated: 3M, In-Place: 0
[66.786s][info][gc,reloc    ] GC(87) Medium Pages: 0 / 0M, Empty: 0M, Relocated: 0M, In-Place: 0
[66.786s][info][gc,reloc    ] GC(87) Large Pages: 0 / 0M, Empty: 0M, Relocated: 0M, In-Place: 0
[66.786s][info][gc,reloc    ] GC(87) Forwarding Usage: 0M
[66.786s][info][gc,heap     ] GC(87) Min Capacity: 8M(0%)
[66.786s][info][gc,heap     ] GC(87) Max Capacity: 2048M(100%)
[66.786s][info][gc,heap     ] GC(87) Soft Max Capacity: 2048M(100%)
[66.786s][info][gc,heap     ] GC(87)                Mark Start          Mark End        Relocate Start      Relocate End           High               Low         
[66.786s][info][gc,heap     ] GC(87)  Capacity:     2048M (100%)       2048M (100%)       2048M (100%)       2048M (100%)       2048M (100%)       2048M (100%)   
[66.786s][info][gc,heap     ] GC(87)      Free:      598M (29%)         570M (28%)        1806M (88%)        1930M (94%)        1930M (94%)         502M (25%)    
[66.786s][info][gc,heap     ] GC(87)      Used:     1450M (71%)        1478M (72%)         242M (12%)         118M (6%)         1546M (75%)         118M (6%)     
[66.786s][info][gc,heap     ] GC(87)      Live:         -                 8M (0%)            8M (0%)            8M (0%)             -                  -          
[66.786s][info][gc,heap     ] GC(87) Allocated:         -                28M (1%)          106M (5%)          107M (5%)             -                  -          
[66.786s][info][gc,heap     ] GC(87)   Garbage:         -              1441M (70%)         127M (6%)            1M (0%)             -                  -          
[66.786s][info][gc,heap     ] GC(87) Reclaimed:         -                  -              1314M (64%)        1439M (70%)            -                  -          
[66.786s][info][gc          ] GC(87) Garbage Collection (Allocation Rate) 1450M(71%)->118M(6%)
[67.425s][info][gc,start    ] GC(88) Garbage Collection (Allocation Rate)
[67.425s][info][gc,task     ] GC(88) Using 1 workers
[67.425s][info][gc,phases   ] GC(88) Pause Mark Start 0.014ms
[67.440s][info][gc,phases   ] GC(88) Concurrent Mark 14.917ms
[67.440s][info][gc,phases   ] GC(88) Pause Mark End 0.017ms
[67.441s][info][gc,phases   ] GC(88) Concurrent Mark Free 0.001ms
[67.492s][info][gc,phases   ] GC(88) Concurrent Process Non-Strong References 51.529ms
[67.492s][info][gc,phases   ] GC(88) Concurrent Reset Relocation Set 0.009ms
[67.497s][info][gc,phases   ] GC(88) Concurrent Select Relocation Set 4.580ms
[67.497s][info][gc,phases   ] GC(88) Pause Relocate Start 0.007ms
[67.498s][info][gc,phases   ] GC(88) Concurrent Relocate 0.521ms
[67.498s][info][gc,load     ] GC(88) Load: 0.00/0.00/0.00
[67.498s][info][gc,mmu      ] GC(88) MMU: 2ms/95.9%, 5ms/98.4%, 10ms/99.2%, 20ms/99.5%, 50ms/99.8%, 100ms/99.9%
[67.498s][info][gc,marking  ] GC(88) Mark: 1 stripe(s), 2 proactive flush(es), 1 terminate flush(es), 0 completion(s), 0 continuation(s) 
[67.498s][info][gc,marking  ] GC(88) Mark Stack Usage: 32M
[67.498s][info][gc,nmethod  ] GC(88) NMethods: 2199 registered, 572 unregistered
[67.498s][info][gc,metaspace] GC(88) Metaspace: 13M used, 14M committed, 1088M reserved
[67.498s][info][gc,ref      ] GC(88) Soft: 134 encountered, 0 discovered, 0 enqueued
[67.498s][info][gc,ref      ] GC(88) Weak: 721 encountered, 455 discovered, 0 enqueued
[67.498s][info][gc,ref      ] GC(88) Final: 0 encountered, 0 discovered, 0 enqueued
[67.498s][info][gc,ref      ] GC(88) Phantom: 59 encountered, 41 discovered, 0 enqueued
[67.498s][info][gc,reloc    ] GC(88) Small Pages: 754 / 1508M, Empty: 1410M, Relocated: 1M, In-Place: 0
[67.498s][info][gc,reloc    ] GC(88) Medium Pages: 0 / 0M, Empty: 0M, Relocated: 0M, In-Place: 0
[67.498s][info][gc,reloc    ] GC(88) Large Pages: 0 / 0M, Empty: 0M, Relocated: 0M, In-Place: 0
[67.498s][info][gc,reloc    ] GC(88) Forwarding Usage: 0M
[67.498s][info][gc,heap     ] GC(88) Min Capacity: 8M(0%)
[67.498s][info][gc,heap     ] GC(88) Max Capacity: 2048M(100%)
[67.498s][info][gc,heap     ] GC(88) Soft Max Capacity: 2048M(100%)
[67.498s][info][gc,heap     ] GC(88)                Mark Start          Mark End        Relocate Start      Relocate End           High               Low         
[67.498s][info][gc,heap     ] GC(88)  Capacity:     2048M (100%)       2048M (100%)       2048M (100%)       2048M (100%)       2048M (100%)       2048M (100%)   
[67.498s][info][gc,heap     ] GC(88)      Free:      540M (26%)         502M (25%)        1786M (87%)        1872M (91%)        1872M (91%)         384M (19%)    
[67.498s][info][gc,heap     ] GC(88)      Used:     1508M (74%)        1546M (75%)         262M (13%)         176M (9%)         1664M (81%)         176M (9%)     
[67.498s][info][gc,heap     ] GC(88)      Live:         -                 8M (0%)            8M (0%)            8M (0%)             -                  -          
[67.498s][info][gc,heap     ] GC(88) Allocated:         -                38M (2%)          164M (8%)          164M (8%)             -                  -          
[67.498s][info][gc,heap     ] GC(88)   Garbage:         -              1499M (73%)          89M (4%)            3M (0%)             -                  -          
[67.498s][info][gc,heap     ] GC(88) Reclaimed:         -                  -              1410M (69%)        1496M (73%)            -                  -          
[67.498s][info][gc          ] GC(88) Garbage Collection (Allocation Rate) 1508M(74%)->176M(9%)
[68.226s][info][gc,start    ] GC(89) Garbage Collection (Allocation Rate)
[68.226s][info][gc,task     ] GC(89) Using 1 workers
[68.226s][info][gc,phases   ] GC(89) Pause Mark Start 0.012ms
[68.239s][info][gc,phases   ] GC(89) Concurrent Mark 13.016ms
[68.239s][info][gc,phases   ] GC(89) Pause Mark End 0.015ms
[68.239s][info][gc,phases   ] GC(89) Concurrent Mark Free 0.001ms
[68.292s][info][gc,phases   ] GC(89) Concurrent Process Non-Strong References 53.012ms
[68.292s][info][gc,phases   ] GC(89) Concurrent Reset Relocation Set 0.005ms
[68.297s][info][gc,phases   ] GC(89) Concurrent Select Relocation Set 4.459ms
[68.297s][info][gc,phases   ] GC(89) Pause Relocate Start 0.007ms
[68.300s][info][gc,phases   ] GC(89) Concurrent Relocate 2.310ms
[68.300s][info][gc,load     ] GC(89) Load: 0.00/0.00/0.00
[68.300s][info][gc,mmu      ] GC(89) MMU: 2ms/95.9%, 5ms/98.4%, 10ms/99.2%, 20ms/99.5%, 50ms/99.8%, 100ms/99.9%
[68.300s][info][gc,marking  ] GC(89) Mark: 1 stripe(s), 2 proactive flush(es), 1 terminate flush(es), 0 completion(s), 0 continuation(s) 
[68.300s][info][gc,marking  ] GC(89) Mark Stack Usage: 32M
[68.300s][info][gc,nmethod  ] GC(89) NMethods: 2199 registered, 572 unregistered
[68.300s][info][gc,metaspace] GC(89) Metaspace: 13M used, 14M committed, 1088M reserved
[68.300s][info][gc,ref      ] GC(89) Soft: 134 encountered, 0 discovered, 0 enqueued
[68.300s][info][gc,ref      ] GC(89) Weak: 721 encountered, 455 discovered, 0 enqueued
[68.300s][info][gc,ref      ] GC(89) Final: 0 encountered, 0 discovered, 0 enqueued
[68.300s][info][gc,ref      ] GC(89) Phantom: 59 encountered, 41 discovered, 0 enqueued
[68.300s][info][gc,reloc    ] GC(89) Small Pages: 707 / 1414M, Empty: 1302M, Relocated: 3M, In-Place: 0
[68.300s][info][gc,reloc    ] GC(89) Medium Pages: 0 / 0M, Empty: 0M, Relocated: 0M, In-Place: 0
[68.300s][info][gc,reloc    ] GC(89) Large Pages: 0 / 0M, Empty: 0M, Relocated: 0M, In-Place: 0
[68.300s][info][gc,reloc    ] GC(89) Forwarding Usage: 0M
[68.300s][info][gc,heap     ] GC(89) Min Capacity: 8M(0%)
[68.300s][info][gc,heap     ] GC(89) Max Capacity: 2048M(100%)
[68.300s][info][gc,heap     ] GC(89) Soft Max Capacity: 2048M(100%)
[68.300s][info][gc,heap     ] GC(89)                Mark Start          Mark End        Relocate Start      Relocate End           High               Low         
[68.300s][info][gc,heap     ] GC(89)  Capacity:     2048M (100%)       2048M (100%)       2048M (100%)       2048M (100%)       2048M (100%)       2048M (100%)   
[68.300s][info][gc,heap     ] GC(89)      Free:      634M (31%)         606M (30%)        1808M (88%)        1908M (93%)        1908M (93%)         516M (25%)    
[68.300s][info][gc,heap     ] GC(89)      Used:     1414M (69%)        1442M (70%)         240M (12%)         140M (7%)         1532M (75%)         140M (7%)     
[68.300s][info][gc,heap     ] GC(89)      Live:         -                 8M (0%)            8M (0%)            8M (0%)             -                  -          
[68.300s][info][gc,heap     ] GC(89) Allocated:         -                28M (1%)          128M (6%)          130M (6%)             -                  -          
[68.300s][info][gc,heap     ] GC(89)   Garbage:         -              1405M (69%)         103M (5%)            1M (0%)             -                  -          
[68.300s][info][gc,heap     ] GC(89) Reclaimed:         -                  -              1302M (64%)        1404M (69%)            -                  -          
[68.300s][info][gc          ] GC(89) Garbage Collection (Allocation Rate) 1414M(69%)->140M(7%)
[69.126s][info][gc,start    ] GC(90) Garbage Collection (Allocation Rate)
[69.126s][info][gc,task     ] GC(90) Using 1 workers
[69.126s][info][gc,phases   ] GC(90) Pause Mark Start 0.012ms
[69.141s][info][gc,phases   ] GC(90) Concurrent Mark 14.985ms
[69.141s][info][gc,phases   ] GC(90) Pause Mark End 0.015ms
[69.141s][info][gc,phases   ] GC(90) Concurrent Mark Free 0.001ms
[69.180s][info][gc,phases   ] GC(90) Concurrent Process Non-Strong References 39.202ms
[69.181s][info][gc,phases   ] GC(90) Concurrent Reset Relocation Set 0.004ms
[69.185s][info][gc,phases   ] GC(90) Concurrent Select Relocation Set 4.773ms
[69.185s][info][gc,phases   ] GC(90) Pause Relocate Start 0.007ms
[69.186s][info][gc,phases   ] GC(90) Concurrent Relocate 0.517ms
[69.186s][info][gc,load     ] GC(90) Load: 0.00/0.00/0.00
[69.186s][info][gc,mmu      ] GC(90) MMU: 2ms/95.9%, 5ms/98.4%, 10ms/99.2%, 20ms/99.5%, 50ms/99.8%, 100ms/99.9%
[69.186s][info][gc,marking  ] GC(90) Mark: 1 stripe(s), 2 proactive flush(es), 1 terminate flush(es), 0 completion(s), 0 continuation(s) 
[69.186s][info][gc,marking  ] GC(90) Mark Stack Usage: 32M
[69.186s][info][gc,nmethod  ] GC(90) NMethods: 2199 registered, 572 unregistered
[69.186s][info][gc,metaspace] GC(90) Metaspace: 13M used, 14M committed, 1088M reserved
[69.186s][info][gc,ref      ] GC(90) Soft: 134 encountered, 0 discovered, 0 enqueued
[69.186s][info][gc,ref      ] GC(90) Weak: 721 encountered, 455 discovered, 0 enqueued
[69.186s][info][gc,ref      ] GC(90) Final: 0 encountered, 0 discovered, 0 enqueued
[69.186s][info][gc,ref      ] GC(90) Phantom: 59 encountered, 41 discovered, 0 enqueued
[69.186s][info][gc,reloc    ] GC(90) Small Pages: 787 / 1574M, Empty: 1456M, Relocated: 1M, In-Place: 0
[69.186s][info][gc,reloc    ] GC(90) Medium Pages: 0 / 0M, Empty: 0M, Relocated: 0M, In-Place: 0
[69.186s][info][gc,reloc    ] GC(90) Large Pages: 0 / 0M, Empty: 0M, Relocated: 0M, In-Place: 0
[69.186s][info][gc,reloc    ] GC(90) Forwarding Usage: 0M
[69.186s][info][gc,heap     ] GC(90) Min Capacity: 8M(0%)
[69.186s][info][gc,heap     ] GC(90) Max Capacity: 2048M(100%)
[69.186s][info][gc,heap     ] GC(90) Soft Max Capacity: 2048M(100%)
[69.186s][info][gc,heap     ] GC(90)                Mark Start          Mark End        Relocate Start      Relocate End           High               Low         
[69.186s][info][gc,heap     ] GC(90)  Capacity:     2048M (100%)       2048M (100%)       2048M (100%)       2048M (100%)       2048M (100%)       2048M (100%)   
[69.186s][info][gc,heap     ] GC(90)      Free:      474M (23%)         444M (22%)        1828M (89%)        1934M (94%)        1934M (94%)         378M (18%)    
[69.186s][info][gc,heap     ] GC(90)      Used:     1574M (77%)        1604M (78%)         220M (11%)         114M (6%)         1670M (82%)         114M (6%)     
[69.186s][info][gc,heap     ] GC(90)      Live:         -                 8M (0%)            8M (0%)            8M (0%)             -                  -          
[69.186s][info][gc,heap     ] GC(90) Allocated:         -                30M (1%)          102M (5%)          102M (5%)             -                  -          
[69.186s][info][gc,heap     ] GC(90)   Garbage:         -              1565M (76%)         109M (5%)            2M (0%)             -                  -          
[69.186s][info][gc,heap     ] GC(90) Reclaimed:         -                  -              1456M (71%)        1562M (76%)            -                  -          
[69.186s][info][gc          ] GC(90) Garbage Collection (Allocation Rate) 1574M(77%)->114M(6%)
[69.925s][info][gc,start    ] GC(91) Garbage Collection (Proactive)
[69.926s][info][gc,task     ] GC(91) Using 12 workers
[69.926s][info][gc,phases   ] GC(91) Pause Mark Start 0.010ms
[69.930s][info][gc,phases   ] GC(91) Concurrent Mark 3.771ms
[69.930s][info][gc,phases   ] GC(91) Pause Mark End 0.017ms
[69.930s][info][gc,phases   ] GC(91) Concurrent Mark Free 0.001ms
[69.935s][info][gc,phases   ] GC(91) Concurrent Process Non-Strong References 4.953ms
[69.935s][info][gc,phases   ] GC(91) Concurrent Reset Relocation Set 0.008ms
[69.940s][info][gc,phases   ] GC(91) Concurrent Select Relocation Set 4.915ms
[69.940s][info][gc,phases   ] GC(91) Pause Relocate Start 0.006ms
[69.941s][info][gc,phases   ] GC(91) Concurrent Relocate 0.513ms
[69.941s][info][gc,load     ] GC(91) Load: 0.00/0.00/0.00
[69.941s][info][gc,mmu      ] GC(91) MMU: 2ms/95.9%, 5ms/98.4%, 10ms/99.2%, 20ms/99.5%, 50ms/99.8%, 100ms/99.9%
[69.941s][info][gc,marking  ] GC(91) Mark: 8 stripe(s), 2 proactive flush(es), 1 terminate flush(es), 0 completion(s), 0 continuation(s) 
[69.941s][info][gc,marking  ] GC(91) Mark Stack Usage: 32M
[69.941s][info][gc,nmethod  ] GC(91) NMethods: 2199 registered, 572 unregistered
[69.941s][info][gc,metaspace] GC(91) Metaspace: 13M used, 14M committed, 1088M reserved
[69.941s][info][gc,ref      ] GC(91) Soft: 134 encountered, 0 discovered, 0 enqueued
[69.941s][info][gc,ref      ] GC(91) Weak: 717 encountered, 208 discovered, 0 enqueued
[69.941s][info][gc,ref      ] GC(91) Final: 0 encountered, 0 discovered, 0 enqueued
[69.941s][info][gc,ref      ] GC(91) Phantom: 59 encountered, 43 discovered, 0 enqueued
[69.941s][info][gc,reloc    ] GC(91) Small Pages: 720 / 1440M, Empty: 1332M, Relocated: 1M, In-Place: 0
[69.941s][info][gc,reloc    ] GC(91) Medium Pages: 0 / 0M, Empty: 0M, Relocated: 0M, In-Place: 0
[69.941s][info][gc,reloc    ] GC(91) Large Pages: 0 / 0M, Empty: 0M, Relocated: 0M, In-Place: 0
[69.941s][info][gc,reloc    ] GC(91) Forwarding Usage: 0M
[69.941s][info][gc,heap     ] GC(91) Min Capacity: 8M(0%)
[69.941s][info][gc,heap     ] GC(91) Max Capacity: 2048M(100%)
[69.941s][info][gc,heap     ] GC(91) Soft Max Capacity: 2048M(100%)
[69.941s][info][gc,heap     ] GC(91)                Mark Start          Mark End        Relocate Start      Relocate End           High               Low         
[69.941s][info][gc,heap     ] GC(91)  Capacity:     2048M (100%)       2048M (100%)       2048M (100%)       2048M (100%)       2048M (100%)       2048M (100%)   
[69.941s][info][gc,heap     ] GC(91)      Free:      608M (30%)         596M (29%)        1912M (93%)        1986M (97%)        1986M (97%)         588M (29%)    
[69.941s][info][gc,heap     ] GC(91)      Used:     1440M (70%)        1452M (71%)         136M (7%)           62M (3%)         1460M (71%)          62M (3%)     
[69.941s][info][gc,heap     ] GC(91)      Live:         -                 8M (0%)            8M (0%)            8M (0%)             -                  -          
[69.941s][info][gc,heap     ] GC(91) Allocated:         -                12M (1%)           28M (1%)           28M (1%)             -                  -          
[69.941s][info][gc,heap     ] GC(91)   Garbage:         -              1431M (70%)          99M (5%)           24M (1%)             -                  -          
[69.941s][info][gc,heap     ] GC(91) Reclaimed:         -                  -              1332M (65%)        1406M (69%)            -                  -          
[69.941s][info][gc          ] GC(91) Garbage Collection (Proactive) 1440M(70%)->62M(3%)
[70.126s][info][gc,stats    ] === Garbage Collection Statistics =======================================================================================================================
[70.127s][info][gc,stats    ]                                                              Last 10s              Last 10m              Last 10h                Total
[70.127s][info][gc,stats    ]                                                              Avg / Max             Avg / Max             Avg / Max             Avg / Max
[70.127s][info][gc,stats    ]   Collector: Garbage Collection Cycle                     60.410 / 86.931       61.040 / 273.863      61.040 / 273.863      61.040 / 273.863     ms
[70.127s][info][gc,stats    ]  Contention: Mark Segment Reset Contention                     0 / 3                 1 / 11                1 / 11                1 / 11          ops/s
[70.127s][info][gc,stats    ]  Contention: Mark SeqNum Reset Contention                      0 / 0                 0 / 2                 0 / 2                 0 / 2           ops/s
[70.127s][info][gc,stats    ]    Critical: Allocation Stall                                  0 / 0                 1 / 43                1 / 43                1 / 43          ops/s
[70.127s][info][gc,stats    ]    Critical: Allocation Stall                              0.000 / 0.000        30.392 / 55.638       30.392 / 55.638       30.392 / 55.638      ms
[70.127s][info][gc,stats    ]    Critical: GC Locker Stall                                   0 / 0                 0 / 0                 0 / 0                 0 / 0           ops/s
[70.127s][info][gc,stats    ]    Critical: GC Locker Stall                               0.000 / 0.000         0.000 / 0.000         0.000 / 0.000         0.000 / 0.000       ms
[70.127s][info][gc,stats    ]    Critical: Relocation Stall                                  0 / 0                 0 / 0                 0 / 0                 0 / 0           ops/s
[70.127s][info][gc,stats    ]    Critical: Relocation Stall                              0.000 / 0.000         0.000 / 0.000         0.000 / 0.000         0.000 / 0.000       ms
[70.127s][info][gc,stats    ]      Memory: Allocation Rate                                2033 / 2100           1863 / 2222           1863 / 2222           1863 / 2222        MB/s
[70.127s][info][gc,stats    ]      Memory: Defragment                                        0 / 0                 0 / 0                 0 / 0                 0 / 0           ops/s
[70.127s][info][gc,stats    ]      Memory: Out Of Memory                                     0 / 0                 0 / 0                 0 / 0                 0 / 0           ops/s
[70.127s][info][gc,stats    ]      Memory: Page Cache Flush                                  0 / 0                 0 / 0                 0 / 0                 0 / 0           MB/s
[70.127s][info][gc,stats    ]      Memory: Page Cache Hit L1                              1020 / 1051            921 / 1084            921 / 1084            921 / 1084        ops/s
[70.127s][info][gc,stats    ]      Memory: Page Cache Hit L2                                 0 / 0                 0 / 0                 0 / 0                 0 / 0           ops/s
[70.127s][info][gc,stats    ]      Memory: Page Cache Hit L3                                 0 / 0                14 / 449              14 / 449              14 / 449         ops/s
[70.127s][info][gc,stats    ]      Memory: Page Cache Miss                                   0 / 0                 0 / 1                 0 / 1                 0 / 1           ops/s
[70.127s][info][gc,stats    ]      Memory: Uncommit                                          0 / 0                 0 / 0                 0 / 0                 0 / 0           MB/s
[70.127s][info][gc,stats    ]      Memory: Undo Object Allocation Failed                    37 / 77               28 / 139              28 / 139              28 / 139         ops/s
[70.127s][info][gc,stats    ]      Memory: Undo Object Allocation Succeeded                  1 / 3                 2 / 16                2 / 16                2 / 16          ops/s
[70.127s][info][gc,stats    ]      Memory: Undo Page Allocation                             76 / 89               68 / 221              68 / 221              68 / 221         ops/s
[70.127s][info][gc,stats    ]       Phase: Concurrent Mark                              13.238 / 17.764       17.989 / 212.397      17.989 / 212.397      17.989 / 212.397     ms
[70.127s][info][gc,stats    ]       Phase: Concurrent Mark Continue                      0.000 / 0.000         0.000 / 0.000         0.000 / 0.000         0.000 / 0.000       ms
[70.127s][info][gc,stats    ]       Phase: Concurrent Mark Free                          0.001 / 0.001         0.001 / 0.002         0.001 / 0.002         0.001 / 0.002       ms
[70.127s][info][gc,stats    ]       Phase: Concurrent Process Non-Strong References     39.122 / 63.942       30.364 / 242.741      30.364 / 242.741      30.364 / 242.741     ms
[70.127s][info][gc,stats    ]       Phase: Concurrent Relocate                           1.611 / 3.420         1.633 / 5.770         1.633 / 5.770         1.633 / 5.770       ms
[70.127s][info][gc,stats    ]       Phase: Concurrent Reset Relocation Set               0.006 / 0.009         0.006 / 0.011         0.006 / 0.011         0.006 / 0.011       ms
[70.127s][info][gc,stats    ]       Phase: Concurrent Select Relocation Set              4.699 / 6.007         4.695 / 14.014        4.695 / 14.014        4.695 / 14.014      ms
[70.127s][info][gc,stats    ]       Phase: Pause Mark End                                0.015 / 0.018         0.018 / 0.081         0.018 / 0.081         0.018 / 0.081       ms
[70.127s][info][gc,stats    ]       Phase: Pause Mark Start                              0.012 / 0.014         0.013 / 0.049         0.013 / 0.049         0.013 / 0.049       ms
[70.127s][info][gc,stats    ]       Phase: Pause Relocate Start                          0.007 / 0.009         0.007 / 0.020         0.007 / 0.020         0.007 / 0.020       ms
[70.127s][info][gc,stats    ]    Subphase: Concurrent Classes Purge                      0.008 / 0.032         0.067 / 3.094         0.067 / 3.094         0.067 / 3.094       ms
[70.127s][info][gc,stats    ]    Subphase: Concurrent Classes Unlink                     4.238 / 5.715         3.794 / 10.160        3.794 / 10.160        3.794 / 10.160      ms
[70.127s][info][gc,stats    ]    Subphase: Concurrent Mark                               6.495 / 16.613       10.316 / 211.109      10.316 / 211.109      10.316 / 211.109     ms
[70.127s][info][gc,stats    ]    Subphase: Concurrent Mark Try Flush                     0.115 / 0.299         0.841 / 193.285       0.841 / 193.285       0.841 / 193.285     ms
[70.127s][info][gc,stats    ]    Subphase: Concurrent Mark Try Terminate                 0.822 / 2.001         2.136 / 16.632        2.136 / 16.632        2.136 / 16.632      ms
[70.127s][info][gc,stats    ]    Subphase: Concurrent References Enqueue                 0.000 / 0.001         0.001 / 0.006         0.001 / 0.006         0.001 / 0.006       ms
[70.127s][info][gc,stats    ]    Subphase: Concurrent References Process                 0.101 / 0.183         0.100 / 0.200         0.100 / 0.200         0.100 / 0.200       ms
[70.127s][info][gc,stats    ]    Subphase: Concurrent Roots ClassLoaderDataGraph         0.115 / 0.339         0.112 / 1.252         0.112 / 1.252         0.112 / 1.252       ms
[70.127s][info][gc,stats    ]    Subphase: Concurrent Roots CodeCache                    0.000 / 0.000         0.000 / 0.000         0.000 / 0.000         0.000 / 0.000       ms
[70.127s][info][gc,stats    ]    Subphase: Concurrent Roots JavaThreads                  0.313 / 0.846         0.325 / 1.791         0.325 / 1.791         0.325 / 1.791       ms
[70.127s][info][gc,stats    ]    Subphase: Concurrent Roots OopStorageSet                0.047 / 0.092         0.062 / 0.778         0.062 / 0.778         0.062 / 0.778       ms
[70.127s][info][gc,stats    ]    Subphase: Concurrent Weak Roots OopStorageSet          15.547 / 53.269        9.387 / 57.601        9.387 / 57.601        9.387 / 57.601      ms
[70.127s][info][gc,stats    ]    Subphase: Pause Mark Try Complete                       0.000 / 0.000         0.002 / 0.004         0.002 / 0.004         0.002 / 0.004       ms
[70.127s][info][gc,stats    ]      System: Java Threads                                     59 / 61               56 / 73               56 / 73               56 / 73          threads
[70.127s][info][gc,stats    ] =========================================================================================================================================================
[70.825s][info][gc,start    ] GC(92) Garbage Collection (Allocation Rate)
[70.825s][info][gc,task     ] GC(92) Using 1 workers
[70.825s][info][gc,phases   ] GC(92) Pause Mark Start 0.010ms
[70.838s][info][gc,phases   ] GC(92) Concurrent Mark 12.312ms
[70.838s][info][gc,phases   ] GC(92) Pause Mark End 0.013ms
[70.838s][info][gc,phases   ] GC(92) Concurrent Mark Free 0.001ms
[70.887s][info][gc,phases   ] GC(92) Concurrent Process Non-Strong References 48.729ms
[70.887s][info][gc,phases   ] GC(92) Concurrent Reset Relocation Set 0.007ms
[70.891s][info][gc,phases   ] GC(92) Concurrent Select Relocation Set 4.427ms
[70.891s][info][gc,phases   ] GC(92) Pause Relocate Start 0.008ms
[70.892s][info][gc,phases   ] GC(92) Concurrent Relocate 0.523ms
[70.892s][info][gc,load     ] GC(92) Load: 0.00/0.00/0.00
[70.892s][info][gc,mmu      ] GC(92) MMU: 2ms/95.9%, 5ms/98.4%, 10ms/99.2%, 20ms/99.5%, 50ms/99.8%, 100ms/99.9%
[70.892s][info][gc,marking  ] GC(92) Mark: 1 stripe(s), 2 proactive flush(es), 1 terminate flush(es), 0 completion(s), 0 continuation(s) 
[70.892s][info][gc,marking  ] GC(92) Mark Stack Usage: 32M
[70.892s][info][gc,nmethod  ] GC(92) NMethods: 2199 registered, 572 unregistered
[70.892s][info][gc,metaspace] GC(92) Metaspace: 13M used, 14M committed, 1088M reserved
[70.892s][info][gc,ref      ] GC(92) Soft: 134 encountered, 0 discovered, 0 enqueued
[70.892s][info][gc,ref      ] GC(92) Weak: 709 encountered, 455 discovered, 0 enqueued
[70.892s][info][gc,ref      ] GC(92) Final: 0 encountered, 0 discovered, 0 enqueued
[70.892s][info][gc,ref      ] GC(92) Phantom: 59 encountered, 41 discovered, 0 enqueued
[70.892s][info][gc,reloc    ] GC(92) Small Pages: 709 / 1418M, Empty: 1278M, Relocated: 1M, In-Place: 0
[70.892s][info][gc,reloc    ] GC(92) Medium Pages: 0 / 0M, Empty: 0M, Relocated: 0M, In-Place: 0
[70.892s][info][gc,reloc    ] GC(92) Large Pages: 0 / 0M, Empty: 0M, Relocated: 0M, In-Place: 0
[70.892s][info][gc,reloc    ] GC(92) Forwarding Usage: 0M
[70.892s][info][gc,heap     ] GC(92) Min Capacity: 8M(0%)
[70.892s][info][gc,heap     ] GC(92) Max Capacity: 2048M(100%)
[70.892s][info][gc,heap     ] GC(92) Soft Max Capacity: 2048M(100%)
[70.892s][info][gc,heap     ] GC(92)                Mark Start          Mark End        Relocate Start      Relocate End           High               Low         
[70.892s][info][gc,heap     ] GC(92)  Capacity:     2048M (100%)       2048M (100%)       2048M (100%)       2048M (100%)       2048M (100%)       2048M (100%)   
[70.892s][info][gc,heap     ] GC(92)      Free:      630M (31%)         606M (30%)        1802M (88%)        1928M (94%)        1928M (94%)         530M (26%)    
[70.892s][info][gc,heap     ] GC(92)      Used:     1418M (69%)        1442M (70%)         246M (12%)         120M (6%)         1518M (74%)         120M (6%)     
[70.892s][info][gc,heap     ] GC(92)      Live:         -                 8M (0%)            8M (0%)            8M (0%)             -                  -          
[70.892s][info][gc,heap     ] GC(92) Allocated:         -                24M (1%)          106M (5%)          107M (5%)             -                  -          
[70.892s][info][gc,heap     ] GC(92)   Garbage:         -              1409M (69%)         131M (6%)            4M (0%)             -                  -          
[70.892s][info][gc,heap     ] GC(92) Reclaimed:         -                  -              1278M (62%)        1405M (69%)            -                  -          
[70.892s][info][gc          ] GC(92) Garbage Collection (Allocation Rate) 1418M(69%)->120M(6%)
[71.826s][info][gc,start    ] GC(93) Garbage Collection (Allocation Rate)
[71.826s][info][gc,task     ] GC(93) Using 1 workers
[71.826s][info][gc,phases   ] GC(93) Pause Mark Start 0.012ms
[71.837s][info][gc,phases   ] GC(93) Concurrent Mark 11.317ms
[71.837s][info][gc,phases   ] GC(93) Pause Mark End 0.014ms
[71.837s][info][gc,phases   ] GC(93) Concurrent Mark Free 0.001ms
[71.878s][info][gc,phases   ] GC(93) Concurrent Process Non-Strong References 40.663ms
[71.878s][info][gc,phases   ] GC(93) Concurrent Reset Relocation Set 0.007ms
[71.888s][info][gc,phases   ] GC(93) Concurrent Select Relocation Set 10.037ms
[71.888s][info][gc,phases   ] GC(93) Pause Relocate Start 0.007ms
[71.889s][info][gc,phases   ] GC(93) Concurrent Relocate 0.621ms
[71.889s][info][gc,load     ] GC(93) Load: 0.00/0.00/0.00
[71.889s][info][gc,mmu      ] GC(93) MMU: 2ms/95.9%, 5ms/98.4%, 10ms/99.2%, 20ms/99.5%, 50ms/99.8%, 100ms/99.9%
[71.889s][info][gc,marking  ] GC(93) Mark: 1 stripe(s), 2 proactive flush(es), 1 terminate flush(es), 0 completion(s), 0 continuation(s) 
[71.889s][info][gc,marking  ] GC(93) Mark Stack Usage: 32M
[71.889s][info][gc,nmethod  ] GC(93) NMethods: 2199 registered, 572 unregistered
[71.889s][info][gc,metaspace] GC(93) Metaspace: 13M used, 14M committed, 1088M reserved
[71.889s][info][gc,ref      ] GC(93) Soft: 134 encountered, 0 discovered, 0 enqueued
[71.889s][info][gc,ref      ] GC(93) Weak: 689 encountered, 455 discovered, 0 enqueued
[71.889s][info][gc,ref      ] GC(93) Final: 0 encountered, 0 discovered, 0 enqueued
[71.889s][info][gc,ref      ] GC(93) Phantom: 59 encountered, 41 discovered, 0 enqueued
[71.889s][info][gc,reloc    ] GC(93) Small Pages: 838 / 1676M, Empty: 1544M, Relocated: 1M, In-Place: 0
[71.889s][info][gc,reloc    ] GC(93) Medium Pages: 0 / 0M, Empty: 0M, Relocated: 0M, In-Place: 0
[71.889s][info][gc,reloc    ] GC(93) Large Pages: 0 / 0M, Empty: 0M, Relocated: 0M, In-Place: 0
[71.889s][info][gc,reloc    ] GC(93) Forwarding Usage: 0M
[71.889s][info][gc,heap     ] GC(93) Min Capacity: 8M(0%)
[71.890s][info][gc,heap     ] GC(93) Max Capacity: 2048M(100%)
[71.890s][info][gc,heap     ] GC(93) Soft Max Capacity: 2048M(100%)
[71.890s][info][gc,heap     ] GC(93)                Mark Start          Mark End        Relocate Start      Relocate End           High               Low         
[71.890s][info][gc,heap     ] GC(93)  Capacity:     2048M (100%)       2048M (100%)       2048M (100%)       2048M (100%)       2048M (100%)       2048M (100%)   
[71.890s][info][gc,heap     ] GC(93)      Free:      372M (18%)         352M (17%)        1818M (89%)        1938M (95%)        1938M (95%)         286M (14%)    
[71.890s][info][gc,heap     ] GC(93)      Used:     1676M (82%)        1696M (83%)         230M (11%)         110M (5%)         1762M (86%)         110M (5%)     
[71.890s][info][gc,heap     ] GC(93)      Live:         -                 8M (0%)            8M (0%)            8M (0%)             -                  -          
[71.890s][info][gc,heap     ] GC(93) Allocated:         -                20M (1%)           98M (5%)           98M (5%)             -                  -          
[71.890s][info][gc,heap     ] GC(93)   Garbage:         -              1667M (81%)         123M (6%)            2M (0%)             -                  -          
[71.890s][info][gc,heap     ] GC(93) Reclaimed:         -                  -              1544M (75%)        1664M (81%)            -                  -          
[71.890s][info][gc          ] GC(93) Garbage Collection (Allocation Rate) 1676M(82%)->110M(5%)
[72.625s][info][gc,start    ] GC(94) Garbage Collection (Allocation Rate)
[72.625s][info][gc,task     ] GC(94) Using 1 workers
[72.625s][info][gc,phases   ] GC(94) Pause Mark Start 0.016ms
[72.644s][info][gc,phases   ] GC(94) Concurrent Mark 18.475ms
[72.644s][info][gc,phases   ] GC(94) Pause Mark End 0.015ms
[72.644s][info][gc,phases   ] GC(94) Concurrent Mark Free 0.001ms
[72.694s][info][gc,phases   ] GC(94) Concurrent Process Non-Strong References 49.870ms
[72.694s][info][gc,phases   ] GC(94) Concurrent Reset Relocation Set 0.006ms
[72.699s][info][gc,phases   ] GC(94) Concurrent Select Relocation Set 4.623ms
[72.699s][info][gc,phases   ] GC(94) Pause Relocate Start 0.009ms
[72.699s][info][gc,phases   ] GC(94) Concurrent Relocate 0.396ms
[72.699s][info][gc,load     ] GC(94) Load: 0.00/0.00/0.00
[72.700s][info][gc,mmu      ] GC(94) MMU: 2ms/95.9%, 5ms/98.4%, 10ms/99.2%, 20ms/99.5%, 50ms/99.8%, 100ms/99.9%
[72.700s][info][gc,marking  ] GC(94) Mark: 1 stripe(s), 2 proactive flush(es), 1 terminate flush(es), 0 completion(s), 0 continuation(s) 
[72.700s][info][gc,marking  ] GC(94) Mark Stack Usage: 32M
[72.700s][info][gc,nmethod  ] GC(94) NMethods: 2202 registered, 572 unregistered
[72.700s][info][gc,metaspace] GC(94) Metaspace: 13M used, 14M committed, 1088M reserved
[72.700s][info][gc,ref      ] GC(94) Soft: 134 encountered, 0 discovered, 0 enqueued
[72.700s][info][gc,ref      ] GC(94) Weak: 633 encountered, 453 discovered, 0 enqueued
[72.700s][info][gc,ref      ] GC(94) Final: 0 encountered, 0 discovered, 0 enqueued
[72.700s][info][gc,ref      ] GC(94) Phantom: 59 encountered, 41 discovered, 0 enqueued
[72.700s][info][gc,reloc    ] GC(94) Small Pages: 767 / 1534M, Empty: 1426M, Relocated: 0M, In-Place: 0
[72.700s][info][gc,reloc    ] GC(94) Medium Pages: 0 / 0M, Empty: 0M, Relocated: 0M, In-Place: 0
[72.700s][info][gc,reloc    ] GC(94) Large Pages: 0 / 0M, Empty: 0M, Relocated: 0M, In-Place: 0
[72.700s][info][gc,reloc    ] GC(94) Forwarding Usage: 0M
[72.700s][info][gc,heap     ] GC(94) Min Capacity: 8M(0%)
[72.700s][info][gc,heap     ] GC(94) Max Capacity: 2048M(100%)
[72.700s][info][gc,heap     ] GC(94) Soft Max Capacity: 2048M(100%)
[72.700s][info][gc,heap     ] GC(94)                Mark Start          Mark End        Relocate Start      Relocate End           High               Low         
[72.700s][info][gc,heap     ] GC(94)  Capacity:     2048M (100%)       2048M (100%)       2048M (100%)       2048M (100%)       2048M (100%)       2048M (100%)   
[72.700s][info][gc,heap     ] GC(94)      Free:      514M (25%)         498M (24%)        1898M (93%)        1996M (97%)        1996M (97%)         472M (23%)    
[72.700s][info][gc,heap     ] GC(94)      Used:     1534M (75%)        1550M (76%)         150M (7%)           52M (3%)         1576M (77%)          52M (3%)     
[72.700s][info][gc,heap     ] GC(94)      Live:         -                 7M (0%)            7M (0%)            7M (0%)             -                  -          
[72.700s][info][gc,heap     ] GC(94) Allocated:         -                16M (1%)           42M (2%)           42M (2%)             -                  -          
[72.700s][info][gc,heap     ] GC(94)   Garbage:         -              1526M (75%)         100M (5%)            2M (0%)             -                  -          
[72.700s][info][gc,heap     ] GC(94) Reclaimed:         -                  -              1426M (70%)        1524M (74%)            -                  -          
[72.700s][info][gc          ] GC(94) Garbage Collection (Allocation Rate) 1534M(75%)->52M(3%)
[72.700s][info][gc,start    ] GC(95) Garbage Collection (System.gc())
[72.700s][info][gc,task     ] GC(95) Using 12 workers
[72.700s][info][gc,phases   ] GC(95) Pause Mark Start 0.012ms
[72.716s][info][gc,phases   ] GC(95) Concurrent Mark 15.536ms
[72.716s][info][gc,phases   ] GC(95) Pause Mark End 0.016ms
[72.716s][info][gc,phases   ] GC(95) Concurrent Mark Free 0.001ms
[72.723s][info][gc,phases   ] GC(95) Concurrent Process Non-Strong References 6.692ms
[72.723s][info][gc,phases   ] GC(95) Concurrent Reset Relocation Set 0.003ms
[72.727s][info][gc,phases   ] GC(95) Concurrent Select Relocation Set 4.078ms
[72.727s][info][gc,phases   ] GC(95) Pause Relocate Start 0.007ms
[72.729s][info][gc,phases   ] GC(95) Concurrent Relocate 1.917ms
[72.729s][info][gc,load     ] GC(95) Load: 0.00/0.00/0.00
[72.729s][info][gc,mmu      ] GC(95) MMU: 2ms/95.9%, 5ms/98.4%, 10ms/99.2%, 20ms/99.5%, 50ms/99.8%, 100ms/99.9%
[72.729s][info][gc,marking  ] GC(95) Mark: 8 stripe(s), 1 proactive flush(es), 1 terminate flush(es), 0 completion(s), 0 continuation(s) 
[72.729s][info][gc,marking  ] GC(95) Mark Stack Usage: 32M
[72.729s][info][gc,nmethod  ] GC(95) NMethods: 2202 registered, 572 unregistered
[72.729s][info][gc,metaspace] GC(95) Metaspace: 13M used, 14M committed, 1088M reserved
[72.729s][info][gc,ref      ] GC(95) Soft: 134 encountered, 0 discovered, 0 enqueued
[72.729s][info][gc,ref      ] GC(95) Weak: 621 encountered, 39 discovered, 0 enqueued
[72.730s][info][gc,ref      ] GC(95) Final: 0 encountered, 0 discovered, 0 enqueued
[72.730s][info][gc,ref      ] GC(95) Phantom: 59 encountered, 36 discovered, 0 enqueued
[72.730s][info][gc,reloc    ] GC(95) Small Pages: 26 / 52M, Empty: 38M, Relocated: 3M, In-Place: 0
[72.730s][info][gc,reloc    ] GC(95) Medium Pages: 0 / 0M, Empty: 0M, Relocated: 0M, In-Place: 0
[72.730s][info][gc,reloc    ] GC(95) Large Pages: 0 / 0M, Empty: 0M, Relocated: 0M, In-Place: 0
[72.730s][info][gc,reloc    ] GC(95) Forwarding Usage: 0M
[72.730s][info][gc,heap     ] GC(95) Min Capacity: 8M(0%)
[72.730s][info][gc,heap     ] GC(95) Max Capacity: 2048M(100%)
[72.730s][info][gc,heap     ] GC(95) Soft Max Capacity: 2048M(100%)
[72.730s][info][gc,heap     ] GC(95)                Mark Start          Mark End        Relocate Start      Relocate End           High               Low         
[72.730s][info][gc,heap     ] GC(95)  Capacity:     2048M (100%)       2048M (100%)       2048M (100%)       2048M (100%)       2048M (100%)       2048M (100%)   
[72.730s][info][gc,heap     ] GC(95)      Free:     1996M (97%)        1996M (97%)        2034M (99%)        2034M (99%)        2034M (99%)        1996M (97%)    
[72.730s][info][gc,heap     ] GC(95)      Used:       52M (3%)           52M (3%)           14M (1%)           14M (1%)           52M (3%)           14M (1%)     
[72.730s][info][gc,heap     ] GC(95)      Live:         -                 4M (0%)            4M (0%)            4M (0%)             -                  -          
[72.730s][info][gc,heap     ] GC(95) Allocated:         -                 0M (0%)            0M (0%)            0M (0%)             -                  -          
[72.730s][info][gc,heap     ] GC(95)   Garbage:         -                47M (2%)            9M (0%)            9M (0%)             -                  -          
[72.730s][info][gc,heap     ] GC(95) Reclaimed:         -                  -                38M (2%)           38M (2%)             -                  -          
[72.730s][info][gc          ] GC(95) Garbage Collection (System.gc()) 52M(3%)->14M(1%)
[73.526s][info][gc,start    ] GC(96) Garbage Collection (Allocation Rate)
[73.526s][info][gc,task     ] GC(96) Using 2 workers
[73.526s][info][gc,phases   ] GC(96) Pause Mark Start 0.013ms
[73.538s][info][gc,phases   ] GC(96) Concurrent Mark 12.046ms
[73.538s][info][gc,phases   ] GC(96) Pause Mark End 0.017ms
[73.538s][info][gc,phases   ] GC(96) Concurrent Mark Free 0.002ms
[73.567s][info][gc,phases   ] GC(96) Concurrent Process Non-Strong References 29.151ms
[73.567s][info][gc,phases   ] GC(96) Concurrent Reset Relocation Set 0.003ms
[73.572s][info][gc,phases   ] GC(96) Concurrent Select Relocation Set 4.123ms
[73.572s][info][gc,phases   ] GC(96) Pause Relocate Start 0.007ms
[73.574s][info][gc,phases   ] GC(96) Concurrent Relocate 2.367ms
[73.574s][info][gc,load     ] GC(96) Load: 0.00/0.00/0.00
[73.574s][info][gc,mmu      ] GC(96) MMU: 2ms/95.9%, 5ms/98.4%, 10ms/99.2%, 20ms/99.5%, 50ms/99.8%, 100ms/99.9%
[73.574s][info][gc,marking  ] GC(96) Mark: 2 stripe(s), 2 proactive flush(es), 1 terminate flush(es), 0 completion(s), 0 continuation(s) 
[73.574s][info][gc,marking  ] GC(96) Mark Stack Usage: 32M
[73.574s][info][gc,nmethod  ] GC(96) NMethods: 2232 registered, 572 unregistered
[73.574s][info][gc,metaspace] GC(96) Metaspace: 13M used, 14M committed, 1088M reserved
[73.574s][info][gc,ref      ] GC(96) Soft: 134 encountered, 0 discovered, 0 enqueued
[73.574s][info][gc,ref      ] GC(96) Weak: 717 encountered, 67 discovered, 0 enqueued
[73.574s][info][gc,ref      ] GC(96) Final: 0 encountered, 0 discovered, 0 enqueued
[73.574s][info][gc,ref      ] GC(96) Phantom: 59 encountered, 41 discovered, 0 enqueued
[73.574s][info][gc,reloc    ] GC(96) Small Pages: 592 / 1184M, Empty: 1062M, Relocated: 3M, In-Place: 0
[73.574s][info][gc,reloc    ] GC(96) Medium Pages: 0 / 0M, Empty: 0M, Relocated: 0M, In-Place: 0
[73.574s][info][gc,reloc    ] GC(96) Large Pages: 0 / 0M, Empty: 0M, Relocated: 0M, In-Place: 0
[73.574s][info][gc,reloc    ] GC(96) Forwarding Usage: 0M
[73.574s][info][gc,heap     ] GC(96) Min Capacity: 8M(0%)
[73.575s][info][gc,heap     ] GC(96) Max Capacity: 2048M(100%)
[73.575s][info][gc,heap     ] GC(96) Soft Max Capacity: 2048M(100%)
[73.575s][info][gc,heap     ] GC(96)                Mark Start          Mark End        Relocate Start      Relocate End           High               Low         
[73.575s][info][gc,heap     ] GC(96)  Capacity:     2048M (100%)       2048M (100%)       2048M (100%)       2048M (100%)       2048M (100%)       2048M (100%)   
[73.575s][info][gc,heap     ] GC(96)      Free:      864M (42%)         838M (41%)        1852M (90%)        1960M (96%)        1960M (96%)         796M (39%)    
[73.575s][info][gc,heap     ] GC(96)      Used:     1184M (58%)        1210M (59%)         196M (10%)          88M (4%)         1252M (61%)          88M (4%)     
[73.575s][info][gc,heap     ] GC(96)      Live:         -                 7M (0%)            7M (0%)            7M (0%)             -                  -          
[73.575s][info][gc,heap     ] GC(96) Allocated:         -                26M (1%)           74M (4%)           76M (4%)             -                  -          
[73.575s][info][gc,heap     ] GC(96)   Garbage:         -              1176M (57%)         114M (6%)            4M (0%)             -                  -          
[73.575s][info][gc,heap     ] GC(96) Reclaimed:         -                  -              1062M (52%)        1172M (57%)            -                  -          
[73.575s][info][gc          ] GC(96) Garbage Collection (Allocation Rate) 1184M(58%)->88M(4%)
[74.425s][info][gc,start    ] GC(97) Garbage Collection (Allocation Rate)
[74.425s][info][gc,task     ] GC(97) Using 2 workers
[74.454s][info][gc,phases   ] GC(97) Pause Mark Start 0.014ms
[74.470s][info][gc,phases   ] GC(97) Concurrent Mark 16.561ms
[74.471s][info][gc,phases   ] GC(97) Pause Mark End 0.046ms
[74.471s][info][gc,phases   ] GC(97) Concurrent Mark Free 0.001ms
[74.506s][info][gc,phases   ] GC(97) Concurrent Process Non-Strong References 35.290ms
[74.506s][info][gc,phases   ] GC(97) Concurrent Reset Relocation Set 0.009ms
[74.511s][info][gc,phases   ] GC(97) Concurrent Select Relocation Set 4.878ms
[74.511s][info][gc,phases   ] GC(97) Pause Relocate Start 0.006ms
[74.514s][info][gc,phases   ] GC(97) Concurrent Relocate 2.461ms
[74.514s][info][gc,load     ] GC(97) Load: 0.00/0.00/0.00
[74.514s][info][gc,mmu      ] GC(97) MMU: 2ms/95.9%, 5ms/98.4%, 10ms/99.2%, 20ms/99.5%, 50ms/99.8%, 100ms/99.9%
[74.514s][info][gc,marking  ] GC(97) Mark: 2 stripe(s), 2 proactive flush(es), 1 terminate flush(es), 1 completion(s), 0 continuation(s) 
[74.514s][info][gc,marking  ] GC(97) Mark Stack Usage: 32M
[74.514s][info][gc,nmethod  ] GC(97) NMethods: 2232 registered, 572 unregistered
[74.514s][info][gc,metaspace] GC(97) Metaspace: 13M used, 14M committed, 1088M reserved
[74.514s][info][gc,ref      ] GC(97) Soft: 134 encountered, 0 discovered, 0 enqueued
[74.514s][info][gc,ref      ] GC(97) Weak: 717 encountered, 5 discovered, 0 enqueued
[74.514s][info][gc,ref      ] GC(97) Final: 0 encountered, 0 discovered, 0 enqueued
[74.514s][info][gc,ref      ] GC(97) Phantom: 59 encountered, 45 discovered, 0 enqueued
[74.514s][info][gc,reloc    ] GC(97) Small Pages: 733 / 1466M, Empty: 1350M, Relocated: 3M, In-Place: 0
[74.514s][info][gc,reloc    ] GC(97) Medium Pages: 0 / 0M, Empty: 0M, Relocated: 0M, In-Place: 0
[74.514s][info][gc,reloc    ] GC(97) Large Pages: 0 / 0M, Empty: 0M, Relocated: 0M, In-Place: 0
[74.514s][info][gc,reloc    ] GC(97) Forwarding Usage: 0M
[74.514s][info][gc,heap     ] GC(97) Min Capacity: 8M(0%)
[74.514s][info][gc,heap     ] GC(97) Max Capacity: 2048M(100%)
[74.514s][info][gc,heap     ] GC(97) Soft Max Capacity: 2048M(100%)
[74.514s][info][gc,heap     ] GC(97)                Mark Start          Mark End        Relocate Start      Relocate End           High               Low         
[74.514s][info][gc,heap     ] GC(97)  Capacity:     2048M (100%)       2048M (100%)       2048M (100%)       2048M (100%)       2048M (100%)       2048M (100%)   
[74.514s][info][gc,heap     ] GC(97)      Free:      582M (28%)         556M (27%)        1842M (90%)        1944M (95%)        1944M (95%)         500M (24%)    
[74.514s][info][gc,heap     ] GC(97)      Used:     1466M (72%)        1492M (73%)         206M (10%)         104M (5%)         1548M (76%)         104M (5%)     
[74.514s][info][gc,heap     ] GC(97)      Live:         -                 7M (0%)            7M (0%)            7M (0%)             -                  -          
[74.514s][info][gc,heap     ] GC(97) Allocated:         -                26M (1%)           90M (4%)           93M (5%)             -                  -          
[74.514s][info][gc,heap     ] GC(97)   Garbage:         -              1458M (71%)         108M (5%)            3M (0%)             -                  -          
[74.514s][info][gc,heap     ] GC(97) Reclaimed:         -                  -              1350M (66%)        1455M (71%)            -                  -          
[74.514s][info][gc          ] GC(97) Garbage Collection (Allocation Rate) 1466M(72%)->104M(5%)
[75.224s][info][gc,start    ] GC(98) Garbage Collection (Allocation Rate)
[75.224s][info][gc,task     ] GC(98) Using 1 workers
[75.225s][info][gc,phases   ] GC(98) Pause Mark Start 0.011ms
[75.243s][info][gc,phases   ] GC(98) Concurrent Mark 17.978ms
[75.243s][info][gc,phases   ] GC(98) Pause Mark End 0.015ms
[75.243s][info][gc,phases   ] GC(98) Concurrent Mark Free 0.001ms
[75.285s][info][gc,phases   ] GC(98) Concurrent Process Non-Strong References 42.408ms
[75.285s][info][gc,phases   ] GC(98) Concurrent Reset Relocation Set 0.008ms
[75.290s][info][gc,phases   ] GC(98) Concurrent Select Relocation Set 4.715ms
[75.290s][info][gc,phases   ] GC(98) Pause Relocate Start 0.007ms
[75.293s][info][gc,phases   ] GC(98) Concurrent Relocate 2.304ms
[75.293s][info][gc,load     ] GC(98) Load: 0.00/0.00/0.00
[75.293s][info][gc,mmu      ] GC(98) MMU: 2ms/95.9%, 5ms/98.4%, 10ms/99.2%, 20ms/99.5%, 50ms/99.8%, 100ms/99.9%
[75.293s][info][gc,marking  ] GC(98) Mark: 1 stripe(s), 2 proactive flush(es), 1 terminate flush(es), 0 completion(s), 0 continuation(s) 
[75.293s][info][gc,marking  ] GC(98) Mark Stack Usage: 32M
[75.293s][info][gc,nmethod  ] GC(98) NMethods: 2232 registered, 572 unregistered
[75.293s][info][gc,metaspace] GC(98) Metaspace: 13M used, 14M committed, 1088M reserved
[75.293s][info][gc,ref      ] GC(98) Soft: 134 encountered, 0 discovered, 0 enqueued
[75.293s][info][gc,ref      ] GC(98) Weak: 717 encountered, 453 discovered, 0 enqueued
[75.293s][info][gc,ref      ] GC(98) Final: 0 encountered, 0 discovered, 0 enqueued
[75.293s][info][gc,ref      ] GC(98) Phantom: 59 encountered, 41 discovered, 0 enqueued
[75.293s][info][gc,reloc    ] GC(98) Small Pages: 612 / 1224M, Empty: 1118M, Relocated: 1M, In-Place: 0
[75.293s][info][gc,reloc    ] GC(98) Medium Pages: 0 / 0M, Empty: 0M, Relocated: 0M, In-Place: 0
[75.293s][info][gc,reloc    ] GC(98) Large Pages: 0 / 0M, Empty: 0M, Relocated: 0M, In-Place: 0
[75.293s][info][gc,reloc    ] GC(98) Forwarding Usage: 0M
[75.293s][info][gc,heap     ] GC(98) Min Capacity: 8M(0%)
[75.293s][info][gc,heap     ] GC(98) Max Capacity: 2048M(100%)
[75.293s][info][gc,heap     ] GC(98) Soft Max Capacity: 2048M(100%)
[75.293s][info][gc,heap     ] GC(98)                Mark Start          Mark End        Relocate Start      Relocate End           High               Low         
[75.293s][info][gc,heap     ] GC(98)  Capacity:     2048M (100%)       2048M (100%)       2048M (100%)       2048M (100%)       2048M (100%)       2048M (100%)   
[75.293s][info][gc,heap     ] GC(98)      Free:      824M (40%)         788M (38%)        1836M (90%)        1926M (94%)        1928M (94%)         722M (35%)    
[75.293s][info][gc,heap     ] GC(98)      Used:     1224M (60%)        1260M (62%)         212M (10%)         122M (6%)         1326M (65%)         120M (6%)     
[75.293s][info][gc,heap     ] GC(98)      Live:         -                 7M (0%)            7M (0%)            7M (0%)             -                  -          
[75.293s][info][gc,heap     ] GC(98) Allocated:         -                36M (2%)          106M (5%)          111M (5%)             -                  -          
[75.293s][info][gc,heap     ] GC(98)   Garbage:         -              1216M (59%)          98M (5%)            3M (0%)             -                  -          
[75.293s][info][gc,heap     ] GC(98) Reclaimed:         -                  -              1118M (55%)        1213M (59%)            -                  -          
[75.293s][info][gc          ] GC(98) Garbage Collection (Allocation Rate) 1224M(60%)->122M(6%)
[75.925s][info][gc,start    ] GC(99) Garbage Collection (Allocation Rate)
[75.925s][info][gc,task     ] GC(99) Using 1 workers
[75.925s][info][gc,phases   ] GC(99) Pause Mark Start 0.013ms
[75.940s][info][gc,phases   ] GC(99) Concurrent Mark 14.652ms
[75.940s][info][gc,phases   ] GC(99) Pause Mark End 0.015ms
[75.940s][info][gc,phases   ] GC(99) Concurrent Mark Free 0.001ms
[75.990s][info][gc,phases   ] GC(99) Concurrent Process Non-Strong References 49.289ms
[75.990s][info][gc,phases   ] GC(99) Concurrent Reset Relocation Set 0.006ms
[75.994s][info][gc,phases   ] GC(99) Concurrent Select Relocation Set 4.369ms
[75.994s][info][gc,phases   ] GC(99) Pause Relocate Start 0.008ms
[75.995s][info][gc,phases   ] GC(99) Concurrent Relocate 0.469ms
[75.995s][info][gc,load     ] GC(99) Load: 0.00/0.00/0.00
[75.995s][info][gc,mmu      ] GC(99) MMU: 2ms/95.9%, 5ms/98.4%, 10ms/99.2%, 20ms/99.5%, 50ms/99.8%, 100ms/99.9%
[75.995s][info][gc,marking  ] GC(99) Mark: 1 stripe(s), 2 proactive flush(es), 1 terminate flush(es), 0 completion(s), 0 continuation(s) 
[75.995s][info][gc,marking  ] GC(99) Mark Stack Usage: 32M
[75.995s][info][gc,nmethod  ] GC(99) NMethods: 2232 registered, 572 unregistered
[75.995s][info][gc,metaspace] GC(99) Metaspace: 13M used, 14M committed, 1088M reserved
[75.995s][info][gc,ref      ] GC(99) Soft: 134 encountered, 0 discovered, 0 enqueued
[75.995s][info][gc,ref      ] GC(99) Weak: 717 encountered, 453 discovered, 0 enqueued
[75.995s][info][gc,ref      ] GC(99) Final: 0 encountered, 0 discovered, 0 enqueued
[75.995s][info][gc,ref      ] GC(99) Phantom: 59 encountered, 41 discovered, 0 enqueued
[75.995s][info][gc,reloc    ] GC(99) Small Pages: 646 / 1292M, Empty: 1192M, Relocated: 1M, In-Place: 0
[75.995s][info][gc,reloc    ] GC(99) Medium Pages: 0 / 0M, Empty: 0M, Relocated: 0M, In-Place: 0
[75.995s][info][gc,reloc    ] GC(99) Large Pages: 0 / 0M, Empty: 0M, Relocated: 0M, In-Place: 0
[75.995s][info][gc,reloc    ] GC(99) Forwarding Usage: 0M
[75.995s][info][gc,heap     ] GC(99) Min Capacity: 8M(0%)
[75.995s][info][gc,heap     ] GC(99) Max Capacity: 2048M(100%)
[75.995s][info][gc,heap     ] GC(99) Soft Max Capacity: 2048M(100%)
[75.995s][info][gc,heap     ] GC(99)                Mark Start          Mark End        Relocate Start      Relocate End           High               Low         
[75.995s][info][gc,heap     ] GC(99)  Capacity:     2048M (100%)       2048M (100%)       2048M (100%)       2048M (100%)       2048M (100%)       2048M (100%)   
[75.995s][info][gc,heap     ] GC(99)      Free:      756M (37%)         720M (35%)        1812M (88%)        1902M (93%)        1902M (93%)         628M (31%)    
[75.995s][info][gc,heap     ] GC(99)      Used:     1292M (63%)        1328M (65%)         236M (12%)         146M (7%)         1420M (69%)         146M (7%)     
[75.995s][info][gc,heap     ] GC(99)      Live:         -                 7M (0%)            7M (0%)            7M (0%)             -                  -          
[75.995s][info][gc,heap     ] GC(99) Allocated:         -                36M (2%)          136M (7%)          134M (7%)             -                  -          
[75.995s][info][gc,heap     ] GC(99)   Garbage:         -              1284M (63%)          92M (5%)            4M (0%)             -                  -          
[75.995s][info][gc,heap     ] GC(99) Reclaimed:         -                  -              1192M (58%)        1280M (63%)            -                  -          
[75.995s][info][gc          ] GC(99) Garbage Collection (Allocation Rate) 1292M(63%)->146M(7%)
[76.825s][info][gc,start    ] GC(100) Garbage Collection (Allocation Rate)
[76.825s][info][gc,task     ] GC(100) Using 1 workers
[76.825s][info][gc,phases   ] GC(100) Pause Mark Start 0.014ms
[76.840s][info][gc,phases   ] GC(100) Concurrent Mark 14.447ms
[76.840s][info][gc,phases   ] GC(100) Pause Mark End 0.015ms
[76.840s][info][gc,phases   ] GC(100) Concurrent Mark Free 0.001ms
[76.895s][info][gc,phases   ] GC(100) Concurrent Process Non-Strong References 55.019ms
[76.895s][info][gc,phases   ] GC(100) Concurrent Reset Relocation Set 0.006ms
[76.899s][info][gc,phases   ] GC(100) Concurrent Select Relocation Set 4.228ms
[76.900s][info][gc,phases   ] GC(100) Pause Relocate Start 0.007ms
[76.902s][info][gc,phases   ] GC(100) Concurrent Relocate 2.876ms
[76.903s][info][gc,load     ] GC(100) Load: 0.00/0.00/0.00
[76.903s][info][gc,mmu      ] GC(100) MMU: 2ms/95.9%, 5ms/98.4%, 10ms/99.2%, 20ms/99.5%, 50ms/99.8%, 100ms/99.9%
[76.903s][info][gc,marking  ] GC(100) Mark: 1 stripe(s), 2 proactive flush(es), 1 terminate flush(es), 0 completion(s), 0 continuation(s) 
[76.903s][info][gc,marking  ] GC(100) Mark Stack Usage: 32M
[76.903s][info][gc,nmethod  ] GC(100) NMethods: 2232 registered, 572 unregistered
[76.903s][info][gc,metaspace] GC(100) Metaspace: 13M used, 14M committed, 1088M reserved
[76.903s][info][gc,ref      ] GC(100) Soft: 134 encountered, 0 discovered, 0 enqueued
[76.903s][info][gc,ref      ] GC(100) Weak: 717 encountered, 453 discovered, 0 enqueued
[76.903s][info][gc,ref      ] GC(100) Final: 0 encountered, 0 discovered, 0 enqueued
[76.903s][info][gc,ref      ] GC(100) Phantom: 59 encountered, 41 discovered, 0 enqueued
[76.903s][info][gc,reloc    ] GC(100) Small Pages: 772 / 1544M, Empty: 1422M, Relocated: 1M, In-Place: 0
[76.903s][info][gc,reloc    ] GC(100) Medium Pages: 0 / 0M, Empty: 0M, Relocated: 0M, In-Place: 0
[76.903s][info][gc,reloc    ] GC(100) Large Pages: 0 / 0M, Empty: 0M, Relocated: 0M, In-Place: 0
[76.903s][info][gc,reloc    ] GC(100) Forwarding Usage: 0M
[76.903s][info][gc,heap     ] GC(100) Min Capacity: 8M(0%)
[76.903s][info][gc,heap     ] GC(100) Max Capacity: 2048M(100%)
[76.903s][info][gc,heap     ] GC(100) Soft Max Capacity: 2048M(100%)
[76.903s][info][gc,heap     ] GC(100)                Mark Start          Mark End        Relocate Start      Relocate End           High               Low         
[76.903s][info][gc,heap     ] GC(100)  Capacity:     2048M (100%)       2048M (100%)       2048M (100%)       2048M (100%)       2048M (100%)       2048M (100%)   
[76.903s][info][gc,heap     ] GC(100)      Free:      504M (25%)         472M (23%)        1796M (88%)        1902M (93%)        1906M (93%)         380M (19%)    
[76.903s][info][gc,heap     ] GC(100)      Used:     1544M (75%)        1576M (77%)         252M (12%)         146M (7%)         1668M (81%)         142M (7%)     
[76.903s][info][gc,heap     ] GC(100)      Live:         -                 7M (0%)            7M (0%)            7M (0%)             -                  -          
[76.903s][info][gc,heap     ] GC(100) Allocated:         -                32M (2%)          130M (6%)          135M (7%)             -                  -          
[76.903s][info][gc,heap     ] GC(100)   Garbage:         -              1536M (75%)         114M (6%)            2M (0%)             -                  -          
[76.903s][info][gc,heap     ] GC(100) Reclaimed:         -                  -              1422M (69%)        1533M (75%)            -                  -          
[76.903s][info][gc          ] GC(100) Garbage Collection (Allocation Rate) 1544M(75%)->146M(7%)
[77.825s][info][gc,start    ] GC(101) Garbage Collection (Allocation Rate)
[77.825s][info][gc,task     ] GC(101) Using 1 workers
[77.825s][info][gc,phases   ] GC(101) Pause Mark Start 0.010ms
[77.840s][info][gc,phases   ] GC(101) Concurrent Mark 14.394ms
[77.840s][info][gc,phases   ] GC(101) Pause Mark End 0.015ms
[77.840s][info][gc,phases   ] GC(101) Concurrent Mark Free 0.001ms
[77.880s][info][gc,phases   ] GC(101) Concurrent Process Non-Strong References 40.255ms
[77.880s][info][gc,phases   ] GC(101) Concurrent Reset Relocation Set 0.007ms
[77.884s][info][gc,phases   ] GC(101) Concurrent Select Relocation Set 4.192ms
[77.884s][info][gc,phases   ] GC(101) Pause Relocate Start 0.006ms
[77.886s][info][gc,phases   ] GC(101) Concurrent Relocate 1.736ms
[77.886s][info][gc,load     ] GC(101) Load: 0.00/0.00/0.00
[77.886s][info][gc,mmu      ] GC(101) MMU: 2ms/95.9%, 5ms/98.4%, 10ms/99.2%, 20ms/99.5%, 50ms/99.8%, 100ms/99.9%
[77.886s][info][gc,marking  ] GC(101) Mark: 1 stripe(s), 2 proactive flush(es), 1 terminate flush(es), 0 completion(s), 0 continuation(s) 
[77.886s][info][gc,marking  ] GC(101) Mark Stack Usage: 32M
[77.886s][info][gc,nmethod  ] GC(101) NMethods: 2232 registered, 572 unregistered
[77.886s][info][gc,metaspace] GC(101) Metaspace: 13M used, 14M committed, 1088M reserved
[77.886s][info][gc,ref      ] GC(101) Soft: 134 encountered, 0 discovered, 0 enqueued
[77.886s][info][gc,ref      ] GC(101) Weak: 717 encountered, 453 discovered, 0 enqueued
[77.886s][info][gc,ref      ] GC(101) Final: 0 encountered, 0 discovered, 0 enqueued
[77.886s][info][gc,ref      ] GC(101) Phantom: 59 encountered, 41 discovered, 0 enqueued
[77.887s][info][gc,reloc    ] GC(101) Small Pages: 834 / 1668M, Empty: 1536M, Relocated: 1M, In-Place: 0
[77.887s][info][gc,reloc    ] GC(101) Medium Pages: 0 / 0M, Empty: 0M, Relocated: 0M, In-Place: 0
[77.887s][info][gc,reloc    ] GC(101) Large Pages: 0 / 0M, Empty: 0M, Relocated: 0M, In-Place: 0
[77.887s][info][gc,reloc    ] GC(101) Forwarding Usage: 0M
[77.887s][info][gc,heap     ] GC(101) Min Capacity: 8M(0%)
[77.887s][info][gc,heap     ] GC(101) Max Capacity: 2048M(100%)
[77.887s][info][gc,heap     ] GC(101) Soft Max Capacity: 2048M(100%)
[77.887s][info][gc,heap     ] GC(101)                Mark Start          Mark End        Relocate Start      Relocate End           High               Low         
[77.887s][info][gc,heap     ] GC(101)  Capacity:     2048M (100%)       2048M (100%)       2048M (100%)       2048M (100%)       2048M (100%)       2048M (100%)   
[77.887s][info][gc,heap     ] GC(101)      Free:      380M (19%)         350M (17%)        1812M (88%)        1932M (94%)        1932M (94%)         284M (14%)    
[77.887s][info][gc,heap     ] GC(101)      Used:     1668M (81%)        1698M (83%)         236M (12%)         116M (6%)         1764M (86%)         116M (6%)     
[77.887s][info][gc,heap     ] GC(101)      Live:         -                 7M (0%)            7M (0%)            7M (0%)             -                  -          
[77.887s][info][gc,heap     ] GC(101) Allocated:         -                30M (1%)          104M (5%)          105M (5%)             -                  -          
[77.887s][info][gc,heap     ] GC(101)   Garbage:         -              1660M (81%)         124M (6%)            2M (0%)             -                  -          
[77.887s][info][gc,heap     ] GC(101) Reclaimed:         -                  -              1536M (75%)        1657M (81%)            -                  -          
[77.887s][info][gc          ] GC(101) Garbage Collection (Allocation Rate) 1668M(81%)->116M(6%)
[78.824s][info][gc,start    ] GC(102) Garbage Collection (Allocation Rate)
[78.824s][info][gc,task     ] GC(102) Using 1 workers
[78.825s][info][gc,phases   ] GC(102) Pause Mark Start 0.010ms
[78.839s][info][gc,phases   ] GC(102) Concurrent Mark 14.820ms
[78.840s][info][gc,phases   ] GC(102) Pause Mark End 0.015ms
[78.840s][info][gc,phases   ] GC(102) Concurrent Mark Free 0.001ms
[78.889s][info][gc,phases   ] GC(102) Concurrent Process Non-Strong References 49.516ms
[78.889s][info][gc,phases   ] GC(102) Concurrent Reset Relocation Set 0.007ms
[78.894s][info][gc,phases   ] GC(102) Concurrent Select Relocation Set 4.812ms
[78.894s][info][gc,phases   ] GC(102) Pause Relocate Start 0.007ms
[78.896s][info][gc,phases   ] GC(102) Concurrent Relocate 2.135ms
[78.897s][info][gc,load     ] GC(102) Load: 0.00/0.00/0.00
[78.897s][info][gc,mmu      ] GC(102) MMU: 2ms/95.9%, 5ms/98.4%, 10ms/99.2%, 20ms/99.5%, 50ms/99.8%, 100ms/99.9%
[78.897s][info][gc,marking  ] GC(102) Mark: 1 stripe(s), 2 proactive flush(es), 1 terminate flush(es), 0 completion(s), 0 continuation(s) 
[78.897s][info][gc,marking  ] GC(102) Mark Stack Usage: 32M
[78.897s][info][gc,nmethod  ] GC(102) NMethods: 2232 registered, 572 unregistered
[78.897s][info][gc,metaspace] GC(102) Metaspace: 13M used, 14M committed, 1088M reserved
[78.897s][info][gc,ref      ] GC(102) Soft: 134 encountered, 0 discovered, 0 enqueued
[78.897s][info][gc,ref      ] GC(102) Weak: 717 encountered, 453 discovered, 0 enqueued
[78.897s][info][gc,ref      ] GC(102) Final: 0 encountered, 0 discovered, 0 enqueued
[78.897s][info][gc,ref      ] GC(102) Phantom: 59 encountered, 41 discovered, 0 enqueued
[78.897s][info][gc,reloc    ] GC(102) Small Pages: 845 / 1690M, Empty: 1566M, Relocated: 1M, In-Place: 0
[78.897s][info][gc,reloc    ] GC(102) Medium Pages: 0 / 0M, Empty: 0M, Relocated: 0M, In-Place: 0
[78.897s][info][gc,reloc    ] GC(102) Large Pages: 0 / 0M, Empty: 0M, Relocated: 0M, In-Place: 0
[78.897s][info][gc,reloc    ] GC(102) Forwarding Usage: 0M
[78.897s][info][gc,heap     ] GC(102) Min Capacity: 8M(0%)
[78.897s][info][gc,heap     ] GC(102) Max Capacity: 2048M(100%)
[78.897s][info][gc,heap     ] GC(102) Soft Max Capacity: 2048M(100%)
[78.897s][info][gc,heap     ] GC(102)                Mark Start          Mark End        Relocate Start      Relocate End           High               Low         
[78.897s][info][gc,heap     ] GC(102)  Capacity:     2048M (100%)       2048M (100%)       2048M (100%)       2048M (100%)       2048M (100%)       2048M (100%)   
[78.897s][info][gc,heap     ] GC(102)      Free:      358M (17%)         326M (16%)        1800M (88%)        1912M (93%)        1912M (93%)         242M (12%)    
[78.897s][info][gc,heap     ] GC(102)      Used:     1690M (83%)        1722M (84%)         248M (12%)         136M (7%)         1806M (88%)         136M (7%)     
[78.897s][info][gc,heap     ] GC(102)      Live:         -                 8M (0%)            8M (0%)            8M (0%)             -                  -          
[78.897s][info][gc,heap     ] GC(102) Allocated:         -                32M (2%)          124M (6%)          125M (6%)             -                  -          
[78.897s][info][gc,heap     ] GC(102)   Garbage:         -              1681M (82%)         115M (6%)            1M (0%)             -                  -          
[78.897s][info][gc,heap     ] GC(102) Reclaimed:         -                  -              1566M (76%)        1679M (82%)            -                  -          
[78.897s][info][gc          ] GC(102) Garbage Collection (Allocation Rate) 1690M(83%)->136M(7%)
[79.724s][info][gc,start    ] GC(103) Garbage Collection (Proactive)
[79.724s][info][gc,task     ] GC(103) Using 12 workers
[79.725s][info][gc,phases   ] GC(103) Pause Mark Start 0.015ms
[79.728s][info][gc,phases   ] GC(103) Concurrent Mark 3.464ms
[79.728s][info][gc,phases   ] GC(103) Pause Mark End 0.014ms
[79.728s][info][gc,phases   ] GC(103) Concurrent Mark Free 0.001ms
[79.734s][info][gc,phases   ] GC(103) Concurrent Process Non-Strong References 5.182ms
[79.734s][info][gc,phases   ] GC(103) Concurrent Reset Relocation Set 0.007ms
[79.738s][info][gc,phases   ] GC(103) Concurrent Select Relocation Set 4.289ms
[79.738s][info][gc,phases   ] GC(103) Pause Relocate Start 0.006ms
[79.738s][info][gc,phases   ] GC(103) Concurrent Relocate 0.142ms
[79.738s][info][gc,load     ] GC(103) Load: 0.00/0.00/0.00
[79.738s][info][gc,mmu      ] GC(103) MMU: 2ms/95.9%, 5ms/98.4%, 10ms/99.2%, 20ms/99.5%, 50ms/99.8%, 100ms/99.9%
[79.738s][info][gc,marking  ] GC(103) Mark: 8 stripe(s), 3 proactive flush(es), 1 terminate flush(es), 0 completion(s), 0 continuation(s) 
[79.738s][info][gc,marking  ] GC(103) Mark Stack Usage: 32M
[79.738s][info][gc,nmethod  ] GC(103) NMethods: 2232 registered, 572 unregistered
[79.738s][info][gc,metaspace] GC(103) Metaspace: 13M used, 14M committed, 1088M reserved
[79.738s][info][gc,ref      ] GC(103) Soft: 134 encountered, 0 discovered, 0 enqueued
[79.738s][info][gc,ref      ] GC(103) Weak: 717 encountered, 189 discovered, 0 enqueued
[79.738s][info][gc,ref      ] GC(103) Final: 0 encountered, 0 discovered, 0 enqueued
[79.738s][info][gc,ref      ] GC(103) Phantom: 59 encountered, 43 discovered, 0 enqueued
[79.739s][info][gc,reloc    ] GC(103) Small Pages: 764 / 1528M, Empty: 1408M, Relocated: 0M, In-Place: 0
[79.739s][info][gc,reloc    ] GC(103) Medium Pages: 0 / 0M, Empty: 0M, Relocated: 0M, In-Place: 0
[79.739s][info][gc,reloc    ] GC(103) Large Pages: 0 / 0M, Empty: 0M, Relocated: 0M, In-Place: 0
[79.739s][info][gc,reloc    ] GC(103) Forwarding Usage: 0M
[79.739s][info][gc,heap     ] GC(103) Min Capacity: 8M(0%)
[79.739s][info][gc,heap     ] GC(103) Max Capacity: 2048M(100%)
[79.739s][info][gc,heap     ] GC(103) Soft Max Capacity: 2048M(100%)
[79.739s][info][gc,heap     ] GC(103)                Mark Start          Mark End        Relocate Start      Relocate End           High               Low         
[79.739s][info][gc,heap     ] GC(103)  Capacity:     2048M (100%)       2048M (100%)       2048M (100%)       2048M (100%)       2048M (100%)       2048M (100%)   
[79.739s][info][gc,heap     ] GC(103)      Free:      520M (25%)         506M (25%)        1898M (93%)        1984M (97%)        1984M (97%)         496M (24%)    
[79.739s][info][gc,heap     ] GC(103)      Used:     1528M (75%)        1542M (75%)         150M (7%)           64M (3%)         1552M (76%)          64M (3%)     
[79.739s][info][gc,heap     ] GC(103)      Live:         -                 8M (0%)            8M (0%)            8M (0%)             -                  -          
[79.739s][info][gc,heap     ] GC(103) Allocated:         -                14M (1%)           30M (1%)           29M (1%)             -                  -          
[79.739s][info][gc,heap     ] GC(103)   Garbage:         -              1519M (74%)         111M (5%)           25M (1%)             -                  -          
[79.739s][info][gc,heap     ] GC(103) Reclaimed:         -                  -              1408M (69%)        1493M (73%)            -                  -          
[79.739s][info][gc          ] GC(103) Garbage Collection (Proactive) 1528M(75%)->64M(3%)
[80.126s][info][gc,stats    ] === Garbage Collection Statistics =======================================================================================================================
[80.126s][info][gc,stats    ]                                                              Last 10s              Last 10m              Last 10h                Total
[80.126s][info][gc,stats    ]                                                              Avg / Max             Avg / Max             Avg / Max             Avg / Max
[80.126s][info][gc,stats    ]   Collector: Garbage Collection Cycle                     61.266 / 88.825       61.066 / 273.863      61.066 / 273.863      61.066 / 273.863     ms
[80.126s][info][gc,stats    ]  Contention: Mark Segment Reset Contention                     0 / 2                 1 / 11                1 / 11                1 / 11          ops/s
[80.126s][info][gc,stats    ]  Contention: Mark SeqNum Reset Contention                      0 / 0                 0 / 2                 0 / 2                 0 / 2           ops/s
[80.126s][info][gc,stats    ]    Critical: Allocation Stall                                  0 / 0                 1 / 43                1 / 43                1 / 43          ops/s
[80.126s][info][gc,stats    ]    Critical: Allocation Stall                              0.000 / 0.000        30.392 / 55.638       30.392 / 55.638       30.392 / 55.638      ms
[80.126s][info][gc,stats    ]    Critical: GC Locker Stall                                   0 / 0                 0 / 0                 0 / 0                 0 / 0           ops/s
[80.126s][info][gc,stats    ]    Critical: GC Locker Stall                               0.000 / 0.000         0.000 / 0.000         0.000 / 0.000         0.000 / 0.000       ms
[80.126s][info][gc,stats    ]    Critical: Relocation Stall                                  0 / 0                 0 / 0                 0 / 0                 0 / 0           ops/s
[80.126s][info][gc,stats    ]    Critical: Relocation Stall                              0.000 / 0.000         0.000 / 0.000         0.000 / 0.000         0.000 / 0.000       ms
[80.126s][info][gc,stats    ]      Memory: Allocation Rate                                1756 / 1954           1850 / 2222           1850 / 2222           1850 / 2222        MB/s
[80.126s][info][gc,stats    ]      Memory: Defragment                                        0 / 0                 0 / 0                 0 / 0                 0 / 0           ops/s
[80.126s][info][gc,stats    ]      Memory: Out Of Memory                                     0 / 0                 0 / 0                 0 / 0                 0 / 0           ops/s
[80.126s][info][gc,stats    ]      Memory: Page Cache Flush                                  0 / 0                 0 / 0                 0 / 0                 0 / 0           MB/s
[80.126s][info][gc,stats    ]      Memory: Page Cache Hit L1                               881 / 979             916 / 1084            916 / 1084            916 / 1084        ops/s
[80.126s][info][gc,stats    ]      Memory: Page Cache Hit L2                                 0 / 0                 0 / 0                 0 / 0                 0 / 0           ops/s
[80.126s][info][gc,stats    ]      Memory: Page Cache Hit L3                                 0 / 0                12 / 449              12 / 449              12 / 449         ops/s
[80.126s][info][gc,stats    ]      Memory: Page Cache Miss                                   0 / 0                 0 / 1                 0 / 1                 0 / 1           ops/s
[80.126s][info][gc,stats    ]      Memory: Uncommit                                          0 / 0                 0 / 0                 0 / 0                 0 / 0           MB/s
[80.126s][info][gc,stats    ]      Memory: Undo Object Allocation Failed                    25 / 79               28 / 139              28 / 139              28 / 139         ops/s
[80.126s][info][gc,stats    ]      Memory: Undo Object Allocation Succeeded                  2 / 8                 2 / 16                2 / 16                2 / 16          ops/s
[80.126s][info][gc,stats    ]      Memory: Undo Page Allocation                             53 / 81               66 / 221              66 / 221              66 / 221         ops/s
[80.126s][info][gc,stats    ]       Phase: Concurrent Mark                              13.833 / 18.475       17.510 / 212.397      17.510 / 212.397      17.510 / 212.397     ms
[80.126s][info][gc,stats    ]       Phase: Concurrent Mark Continue                      0.000 / 0.000         0.000 / 0.000         0.000 / 0.000         0.000 / 0.000       ms
[80.126s][info][gc,stats    ]       Phase: Concurrent Mark Free                          0.001 / 0.002         0.001 / 0.002         0.001 / 0.002         0.001 / 0.002       ms
[80.126s][info][gc,stats    ]       Phase: Concurrent Process Non-Strong References     37.672 / 55.019       31.208 / 242.741      31.208 / 242.741      31.208 / 242.741     ms
[80.126s][info][gc,stats    ]       Phase: Concurrent Relocate                           1.496 / 2.876         1.618 / 5.770         1.618 / 5.770         1.618 / 5.770       ms
[80.126s][info][gc,stats    ]       Phase: Concurrent Reset Relocation Set               0.006 / 0.009         0.006 / 0.011         0.006 / 0.011         0.006 / 0.011       ms
[80.126s][info][gc,stats    ]       Phase: Concurrent Select Relocation Set              4.898 / 10.037        4.719 / 14.014        4.719 / 14.014        4.719 / 14.014      ms
[80.126s][info][gc,stats    ]       Phase: Pause Mark End                                0.018 / 0.046         0.018 / 0.081         0.018 / 0.081         0.018 / 0.081       ms
[80.126s][info][gc,stats    ]       Phase: Pause Mark Start                              0.013 / 0.016         0.013 / 0.049         0.013 / 0.049         0.013 / 0.049       ms
[80.126s][info][gc,stats    ]       Phase: Pause Relocate Start                          0.007 / 0.009         0.007 / 0.020         0.007 / 0.020         0.007 / 0.020       ms
[80.126s][info][gc,stats    ]    Subphase: Concurrent Classes Purge                      0.006 / 0.008         0.060 / 3.094         0.060 / 3.094         0.060 / 3.094       ms
[80.126s][info][gc,stats    ]    Subphase: Concurrent Classes Unlink                     4.022 / 5.941         3.820 / 10.160        3.820 / 10.160        3.820 / 10.160      ms
[80.126s][info][gc,stats    ]    Subphase: Concurrent Mark                               9.872 / 17.104       10.272 / 211.109      10.272 / 211.109      10.272 / 211.109     ms
[80.126s][info][gc,stats    ]    Subphase: Concurrent Mark Try Flush                     0.094 / 0.211         0.757 / 193.285       0.757 / 193.285       0.757 / 193.285     ms
[80.126s][info][gc,stats    ]    Subphase: Concurrent Mark Try Terminate                 3.418 / 13.721        2.241 / 16.632        2.241 / 16.632        2.241 / 16.632      ms
[80.126s][info][gc,stats    ]    Subphase: Concurrent References Enqueue                 0.000 / 0.001         0.001 / 0.006         0.001 / 0.006         0.001 / 0.006       ms
[80.126s][info][gc,stats    ]    Subphase: Concurrent References Process                 0.105 / 0.189         0.101 / 0.200         0.101 / 0.200         0.101 / 0.200       ms
[80.126s][info][gc,stats    ]    Subphase: Concurrent Roots ClassLoaderDataGraph         0.098 / 0.504         0.110 / 1.252         0.110 / 1.252         0.110 / 1.252       ms
[80.126s][info][gc,stats    ]    Subphase: Concurrent Roots CodeCache                    0.000 / 0.000         0.000 / 0.000         0.000 / 0.000         0.000 / 0.000       ms
[80.126s][info][gc,stats    ]    Subphase: Concurrent Roots JavaThreads                  0.303 / 1.044         0.323 / 1.791         0.323 / 1.791         0.323 / 1.791       ms
[80.126s][info][gc,stats    ]    Subphase: Concurrent Roots OopStorageSet                0.037 / 0.088         0.060 / 0.778         0.060 / 0.778         0.060 / 0.778       ms
[80.126s][info][gc,stats    ]    Subphase: Concurrent Weak Roots OopStorageSet          15.919 / 49.286       10.037 / 57.601       10.037 / 57.601       10.037 / 57.601      ms
[80.126s][info][gc,stats    ]    Subphase: Pause Mark Try Complete                       0.003 / 0.004         0.002 / 0.004         0.002 / 0.004         0.002 / 0.004       ms
[80.126s][info][gc,stats    ]      System: Java Threads                                     50 / 61               55 / 73               55 / 73               55 / 73          threads
[80.126s][info][gc,stats    ] =========================================================================================================================================================
[80.625s][info][gc,start    ] GC(104) Garbage Collection (Allocation Rate)
[80.625s][info][gc,task     ] GC(104) Using 1 workers
[80.625s][info][gc,phases   ] GC(104) Pause Mark Start 0.011ms
[80.638s][info][gc,phases   ] GC(104) Concurrent Mark 12.960ms
[80.638s][info][gc,phases   ] GC(104) Pause Mark End 0.015ms
[80.638s][info][gc,phases   ] GC(104) Concurrent Mark Free 0.001ms
[80.700s][info][gc,phases   ] GC(104) Concurrent Process Non-Strong References 61.663ms
[80.700s][info][gc,phases   ] GC(104) Concurrent Reset Relocation Set 0.007ms
[80.706s][info][gc,phases   ] GC(104) Concurrent Select Relocation Set 5.346ms
[80.706s][info][gc,phases   ] GC(104) Pause Relocate Start 0.007ms
[80.706s][info][gc,phases   ] GC(104) Concurrent Relocate 0.415ms
[80.706s][info][gc,load     ] GC(104) Load: 0.00/0.00/0.00
[80.706s][info][gc,mmu      ] GC(104) MMU: 2ms/95.9%, 5ms/98.4%, 10ms/99.2%, 20ms/99.5%, 50ms/99.8%, 100ms/99.9%
[80.706s][info][gc,marking  ] GC(104) Mark: 1 stripe(s), 2 proactive flush(es), 1 terminate flush(es), 0 completion(s), 0 continuation(s) 
[80.706s][info][gc,marking  ] GC(104) Mark Stack Usage: 32M
[80.706s][info][gc,nmethod  ] GC(104) NMethods: 2232 registered, 572 unregistered
[80.706s][info][gc,metaspace] GC(104) Metaspace: 13M used, 14M committed, 1088M reserved
[80.706s][info][gc,ref      ] GC(104) Soft: 134 encountered, 0 discovered, 0 enqueued
[80.706s][info][gc,ref      ] GC(104) Weak: 717 encountered, 453 discovered, 0 enqueued
[80.706s][info][gc,ref      ] GC(104) Final: 0 encountered, 0 discovered, 0 enqueued
[80.706s][info][gc,ref      ] GC(104) Phantom: 59 encountered, 41 discovered, 0 enqueued
[80.706s][info][gc,reloc    ] GC(104) Small Pages: 782 / 1564M, Empty: 1422M, Relocated: 0M, In-Place: 0
[80.706s][info][gc,reloc    ] GC(104) Medium Pages: 0 / 0M, Empty: 0M, Relocated: 0M, In-Place: 0
[80.706s][info][gc,reloc    ] GC(104) Large Pages: 0 / 0M, Empty: 0M, Relocated: 0M, In-Place: 0
[80.706s][info][gc,reloc    ] GC(104) Forwarding Usage: 0M
[80.706s][info][gc,heap     ] GC(104) Min Capacity: 8M(0%)
[80.706s][info][gc,heap     ] GC(104) Max Capacity: 2048M(100%)
[80.706s][info][gc,heap     ] GC(104) Soft Max Capacity: 2048M(100%)
[80.706s][info][gc,heap     ] GC(104)                Mark Start          Mark End        Relocate Start      Relocate End           High               Low         
[80.706s][info][gc,heap     ] GC(104)  Capacity:     2048M (100%)       2048M (100%)       2048M (100%)       2048M (100%)       2048M (100%)       2048M (100%)   
[80.707s][info][gc,heap     ] GC(104)      Free:      484M (24%)         458M (22%)        1766M (86%)        1896M (93%)        1896M (93%)         352M (17%)    
[80.707s][info][gc,heap     ] GC(104)      Used:     1564M (76%)        1590M (78%)         282M (14%)         152M (7%)         1696M (83%)         152M (7%)     
[80.707s][info][gc,heap     ] GC(104)      Live:         -                 8M (0%)            8M (0%)            8M (0%)             -                  -          
[80.707s][info][gc,heap     ] GC(104) Allocated:         -                26M (1%)          140M (7%)          139M (7%)             -                  -          
[80.707s][info][gc,heap     ] GC(104)   Garbage:         -              1555M (76%)         133M (7%)            3M (0%)             -                  -          
[80.707s][info][gc,heap     ] GC(104) Reclaimed:         -                  -              1422M (69%)        1551M (76%)            -                  -          
[80.707s][info][gc          ] GC(104) Garbage Collection (Allocation Rate) 1564M(76%)->152M(7%)
[81.626s][info][gc,start    ] GC(105) Garbage Collection (Allocation Rate)
[81.626s][info][gc,task     ] GC(105) Using 1 workers
[81.626s][info][gc,phases   ] GC(105) Pause Mark Start 0.010ms
[81.639s][info][gc,phases   ] GC(105) Concurrent Mark 12.940ms
[81.639s][info][gc,phases   ] GC(105) Pause Mark End 0.014ms
[81.639s][info][gc,phases   ] GC(105) Concurrent Mark Free 0.001ms
[81.684s][info][gc,phases   ] GC(105) Concurrent Process Non-Strong References 44.632ms
[81.684s][info][gc,phases   ] GC(105) Concurrent Reset Relocation Set 0.008ms
[81.687s][info][gc,phases   ] GC(105) Concurrent Select Relocation Set 3.256ms
[81.688s][info][gc,phases   ] GC(105) Pause Relocate Start 0.008ms
[81.688s][info][gc,phases   ] GC(105) Concurrent Relocate 0.364ms
[81.688s][info][gc,load     ] GC(105) Load: 0.00/0.00/0.00
[81.688s][info][gc,mmu      ] GC(105) MMU: 2ms/95.9%, 5ms/98.4%, 10ms/99.2%, 20ms/99.5%, 50ms/99.8%, 100ms/99.9%
[81.688s][info][gc,marking  ] GC(105) Mark: 1 stripe(s), 2 proactive flush(es), 1 terminate flush(es), 0 completion(s), 0 continuation(s) 
[81.688s][info][gc,marking  ] GC(105) Mark Stack Usage: 32M
[81.688s][info][gc,nmethod  ] GC(105) NMethods: 2232 registered, 572 unregistered
[81.688s][info][gc,metaspace] GC(105) Metaspace: 13M used, 14M committed, 1088M reserved
[81.688s][info][gc,ref      ] GC(105) Soft: 134 encountered, 0 discovered, 0 enqueued
[81.688s][info][gc,ref      ] GC(105) Weak: 717 encountered, 453 discovered, 0 enqueued
[81.688s][info][gc,ref      ] GC(105) Final: 0 encountered, 0 discovered, 0 enqueued
[81.688s][info][gc,ref      ] GC(105) Phantom: 59 encountered, 41 discovered, 0 enqueued
[81.688s][info][gc,reloc    ] GC(105) Small Pages: 840 / 1680M, Empty: 1550M, Relocated: 0M, In-Place: 0
[81.688s][info][gc,reloc    ] GC(105) Medium Pages: 0 / 0M, Empty: 0M, Relocated: 0M, In-Place: 0
[81.688s][info][gc,reloc    ] GC(105) Large Pages: 0 / 0M, Empty: 0M, Relocated: 0M, In-Place: 0
[81.688s][info][gc,reloc    ] GC(105) Forwarding Usage: 0M
[81.688s][info][gc,heap     ] GC(105) Min Capacity: 8M(0%)
[81.688s][info][gc,heap     ] GC(105) Max Capacity: 2048M(100%)
[81.688s][info][gc,heap     ] GC(105) Soft Max Capacity: 2048M(100%)
[81.688s][info][gc,heap     ] GC(105)                Mark Start          Mark End        Relocate Start      Relocate End           High               Low         
[81.688s][info][gc,heap     ] GC(105)  Capacity:     2048M (100%)       2048M (100%)       2048M (100%)       2048M (100%)       2048M (100%)       2048M (100%)   
[81.688s][info][gc,heap     ] GC(105)      Free:      368M (18%)         342M (17%)        1814M (89%)        1932M (94%)        1932M (94%)         270M (13%)    
[81.688s][info][gc,heap     ] GC(105)      Used:     1680M (82%)        1706M (83%)         234M (11%)         116M (6%)         1778M (87%)         116M (6%)     
[81.688s][info][gc,heap     ] GC(105)      Live:         -                 8M (0%)            8M (0%)            8M (0%)             -                  -          
[81.688s][info][gc,heap     ] GC(105) Allocated:         -                26M (1%)          104M (5%)          103M (5%)             -                  -          
[81.688s][info][gc,heap     ] GC(105)   Garbage:         -              1671M (82%)         121M (6%)            3M (0%)             -                  -          
[81.688s][info][gc,heap     ] GC(105) Reclaimed:         -                  -              1550M (76%)        1667M (81%)            -                  -          
[81.688s][info][gc          ] GC(105) Garbage Collection (Allocation Rate) 1680M(82%)->116M(6%)
[82.525s][info][gc,start    ] GC(106) Garbage Collection (Proactive)
[82.525s][info][gc,task     ] GC(106) Using 12 workers
[82.526s][info][gc,phases   ] GC(106) Pause Mark Start 0.012ms
[82.530s][info][gc,phases   ] GC(106) Concurrent Mark 4.538ms
[82.530s][info][gc,phases   ] GC(106) Pause Mark End 0.017ms
[82.530s][info][gc,phases   ] GC(106) Concurrent Mark Free 0.001ms
[82.536s][info][gc,phases   ] GC(106) Concurrent Process Non-Strong References 5.719ms
[82.536s][info][gc,phases   ] GC(106) Concurrent Reset Relocation Set 0.007ms
[82.541s][info][gc,phases   ] GC(106) Concurrent Select Relocation Set 4.305ms
[82.541s][info][gc,phases   ] GC(106) Pause Relocate Start 0.005ms
[82.541s][info][gc,phases   ] GC(106) Concurrent Relocate 0.336ms
[82.541s][info][gc,load     ] GC(106) Load: 0.00/0.00/0.00
[82.541s][info][gc,mmu      ] GC(106) MMU: 2ms/95.9%, 5ms/98.4%, 10ms/99.2%, 20ms/99.5%, 50ms/99.8%, 100ms/99.9%
[82.541s][info][gc,marking  ] GC(106) Mark: 8 stripe(s), 2 proactive flush(es), 1 terminate flush(es), 0 completion(s), 0 continuation(s) 
[82.541s][info][gc,marking  ] GC(106) Mark Stack Usage: 32M
[82.541s][info][gc,nmethod  ] GC(106) NMethods: 2232 registered, 572 unregistered
[82.541s][info][gc,metaspace] GC(106) Metaspace: 13M used, 14M committed, 1088M reserved
[82.541s][info][gc,ref      ] GC(106) Soft: 134 encountered, 0 discovered, 0 enqueued
[82.541s][info][gc,ref      ] GC(106) Weak: 717 encountered, 201 discovered, 0 enqueued
[82.541s][info][gc,ref      ] GC(106) Final: 0 encountered, 0 discovered, 0 enqueued
[82.541s][info][gc,ref      ] GC(106) Phantom: 59 encountered, 58 discovered, 0 enqueued
[82.541s][info][gc,reloc    ] GC(106) Small Pages: 755 / 1510M, Empty: 1388M, Relocated: 0M, In-Place: 0
[82.541s][info][gc,reloc    ] GC(106) Medium Pages: 0 / 0M, Empty: 0M, Relocated: 0M, In-Place: 0
[82.541s][info][gc,reloc    ] GC(106) Large Pages: 0 / 0M, Empty: 0M, Relocated: 0M, In-Place: 0
[82.541s][info][gc,reloc    ] GC(106) Forwarding Usage: 0M
[82.541s][info][gc,heap     ] GC(106) Min Capacity: 8M(0%)
[82.541s][info][gc,heap     ] GC(106) Max Capacity: 2048M(100%)
[82.541s][info][gc,heap     ] GC(106) Soft Max Capacity: 2048M(100%)
[82.541s][info][gc,heap     ] GC(106)                Mark Start          Mark End        Relocate Start      Relocate End           High               Low         
[82.541s][info][gc,heap     ] GC(106)  Capacity:     2048M (100%)       2048M (100%)       2048M (100%)       2048M (100%)       2048M (100%)       2048M (100%)   
[82.541s][info][gc,heap     ] GC(106)      Free:      538M (26%)         524M (26%)        1894M (92%)        1980M (97%)        1980M (97%)         512M (25%)    
[82.541s][info][gc,heap     ] GC(106)      Used:     1510M (74%)        1524M (74%)         154M (8%)           68M (3%)         1536M (75%)          68M (3%)     
[82.541s][info][gc,heap     ] GC(106)      Live:         -                 8M (0%)            8M (0%)            8M (0%)             -                  -          
[82.541s][info][gc,heap     ] GC(106) Allocated:         -                14M (1%)           32M (2%)           33M (2%)             -                  -          
[82.541s][info][gc,heap     ] GC(106)   Garbage:         -              1501M (73%)         113M (6%)           25M (1%)             -                  -          
[82.541s][info][gc,heap     ] GC(106) Reclaimed:         -                  -              1388M (68%)        1475M (72%)            -                  -          
[82.542s][info][gc          ] GC(106) Garbage Collection (Proactive) 1510M(74%)->68M(3%)
[83.425s][info][gc,start    ] GC(107) Garbage Collection (Allocation Rate)
[83.425s][info][gc,task     ] GC(107) Using 1 workers
[83.425s][info][gc,phases   ] GC(107) Pause Mark Start 0.010ms
[83.439s][info][gc,phases   ] GC(107) Concurrent Mark 14.324ms
[83.439s][info][gc,phases   ] GC(107) Pause Mark End 0.014ms
[83.440s][info][gc,phases   ] GC(107) Concurrent Mark Free 0.001ms
[83.497s][info][gc,phases   ] GC(107) Concurrent Process Non-Strong References 56.936ms
[83.497s][info][gc,phases   ] GC(107) Concurrent Reset Relocation Set 0.009ms
[83.501s][info][gc,phases   ] GC(107) Concurrent Select Relocation Set 4.643ms
[83.501s][info][gc,phases   ] GC(107) Pause Relocate Start 0.007ms
[83.502s][info][gc,phases   ] GC(107) Concurrent Relocate 0.607ms
[83.502s][info][gc,load     ] GC(107) Load: 0.00/0.00/0.00
[83.502s][info][gc,mmu      ] GC(107) MMU: 2ms/95.9%, 5ms/98.4%, 10ms/99.2%, 20ms/99.5%, 50ms/99.8%, 100ms/99.9%
[83.502s][info][gc,marking  ] GC(107) Mark: 1 stripe(s), 2 proactive flush(es), 1 terminate flush(es), 0 completion(s), 0 continuation(s) 
[83.502s][info][gc,marking  ] GC(107) Mark Stack Usage: 32M
[83.502s][info][gc,nmethod  ] GC(107) NMethods: 2232 registered, 572 unregistered
[83.502s][info][gc,metaspace] GC(107) Metaspace: 13M used, 14M committed, 1088M reserved
[83.502s][info][gc,ref      ] GC(107) Soft: 134 encountered, 0 discovered, 0 enqueued
[83.502s][info][gc,ref      ] GC(107) Weak: 717 encountered, 453 discovered, 0 enqueued
[83.502s][info][gc,ref      ] GC(107) Final: 0 encountered, 0 discovered, 0 enqueued
[83.502s][info][gc,ref      ] GC(107) Phantom: 59 encountered, 41 discovered, 0 enqueued
[83.502s][info][gc,reloc    ] GC(107) Small Pages: 777 / 1554M, Empty: 1410M, Relocated: 0M, In-Place: 0
[83.502s][info][gc,reloc    ] GC(107) Medium Pages: 0 / 0M, Empty: 0M, Relocated: 0M, In-Place: 0
[83.502s][info][gc,reloc    ] GC(107) Large Pages: 0 / 0M, Empty: 0M, Relocated: 0M, In-Place: 0
[83.502s][info][gc,reloc    ] GC(107) Forwarding Usage: 0M
[83.502s][info][gc,heap     ] GC(107) Min Capacity: 8M(0%)
[83.502s][info][gc,heap     ] GC(107) Max Capacity: 2048M(100%)
[83.502s][info][gc,heap     ] GC(107) Soft Max Capacity: 2048M(100%)
[83.502s][info][gc,heap     ] GC(107)                Mark Start          Mark End        Relocate Start      Relocate End           High               Low         
[83.502s][info][gc,heap     ] GC(107)  Capacity:     2048M (100%)       2048M (100%)       2048M (100%)       2048M (100%)       2048M (100%)       2048M (100%)   
[83.502s][info][gc,heap     ] GC(107)      Free:      494M (24%)         466M (23%)        1770M (86%)        1902M (93%)        1902M (93%)         368M (18%)    
[83.502s][info][gc,heap     ] GC(107)      Used:     1554M (76%)        1582M (77%)         278M (14%)         146M (7%)         1680M (82%)         146M (7%)     
[83.502s][info][gc,heap     ] GC(107)      Live:         -                 8M (0%)            8M (0%)            8M (0%)             -                  -          
[83.503s][info][gc,heap     ] GC(107) Allocated:         -                28M (1%)          134M (7%)          133M (7%)             -                  -          
[83.503s][info][gc,heap     ] GC(107)   Garbage:         -              1545M (75%)         135M (7%)            3M (0%)             -                  -          
[83.503s][info][gc,heap     ] GC(107) Reclaimed:         -                  -              1410M (69%)        1541M (75%)            -                  -          
[83.503s][info][gc          ] GC(107) Garbage Collection (Allocation Rate) 1554M(76%)->146M(7%)
[84.326s][info][gc,start    ] GC(108) Garbage Collection (Allocation Rate)
[84.326s][info][gc,task     ] GC(108) Using 1 workers
[84.326s][info][gc,phases   ] GC(108) Pause Mark Start 0.012ms
[84.339s][info][gc,phases   ] GC(108) Concurrent Mark 13.473ms
[84.340s][info][gc,phases   ] GC(108) Pause Mark End 0.016ms
[84.340s][info][gc,phases   ] GC(108) Concurrent Mark Free 0.001ms
[84.388s][info][gc,phases   ] GC(108) Concurrent Process Non-Strong References 48.718ms
[84.389s][info][gc,phases   ] GC(108) Concurrent Reset Relocation Set 0.007ms
[84.393s][info][gc,phases   ] GC(108) Concurrent Select Relocation Set 4.069ms
[84.393s][info][gc,phases   ] GC(108) Pause Relocate Start 0.008ms
[84.393s][info][gc,phases   ] GC(108) Concurrent Relocate 0.509ms
[84.393s][info][gc,load     ] GC(108) Load: 0.00/0.00/0.00
[84.393s][info][gc,mmu      ] GC(108) MMU: 2ms/95.9%, 5ms/98.4%, 10ms/99.2%, 20ms/99.5%, 50ms/99.8%, 100ms/99.9%
[84.393s][info][gc,marking  ] GC(108) Mark: 1 stripe(s), 2 proactive flush(es), 1 terminate flush(es), 0 completion(s), 0 continuation(s) 
[84.394s][info][gc,marking  ] GC(108) Mark Stack Usage: 32M
[84.394s][info][gc,nmethod  ] GC(108) NMethods: 2232 registered, 572 unregistered
[84.394s][info][gc,metaspace] GC(108) Metaspace: 13M used, 14M committed, 1088M reserved
[84.394s][info][gc,ref      ] GC(108) Soft: 134 encountered, 0 discovered, 0 enqueued
[84.394s][info][gc,ref      ] GC(108) Weak: 717 encountered, 453 discovered, 0 enqueued
[84.394s][info][gc,ref      ] GC(108) Final: 0 encountered, 0 discovered, 0 enqueued
[84.394s][info][gc,ref      ] GC(108) Phantom: 59 encountered, 41 discovered, 0 enqueued
[84.394s][info][gc,reloc    ] GC(108) Small Pages: 760 / 1520M, Empty: 1396M, Relocated: 0M, In-Place: 0
[84.394s][info][gc,reloc    ] GC(108) Medium Pages: 0 / 0M, Empty: 0M, Relocated: 0M, In-Place: 0
[84.394s][info][gc,reloc    ] GC(108) Large Pages: 0 / 0M, Empty: 0M, Relocated: 0M, In-Place: 0
[84.394s][info][gc,reloc    ] GC(108) Forwarding Usage: 0M
[84.394s][info][gc,heap     ] GC(108) Min Capacity: 8M(0%)
[84.394s][info][gc,heap     ] GC(108) Max Capacity: 2048M(100%)
[84.394s][info][gc,heap     ] GC(108) Soft Max Capacity: 2048M(100%)
[84.394s][info][gc,heap     ] GC(108)                Mark Start          Mark End        Relocate Start      Relocate End           High               Low         
[84.394s][info][gc,heap     ] GC(108)  Capacity:     2048M (100%)       2048M (100%)       2048M (100%)       2048M (100%)       2048M (100%)       2048M (100%)   
[84.394s][info][gc,heap     ] GC(108)      Free:      528M (26%)         502M (25%)        1816M (89%)        1926M (94%)        1926M (94%)         426M (21%)    
[84.394s][info][gc,heap     ] GC(108)      Used:     1520M (74%)        1546M (75%)         232M (11%)         122M (6%)         1622M (79%)         122M (6%)     
[84.394s][info][gc,heap     ] GC(108)      Live:         -                 8M (0%)            8M (0%)            8M (0%)             -                  -          
[84.394s][info][gc,heap     ] GC(108) Allocated:         -                26M (1%)          108M (5%)          109M (5%)             -                  -          
[84.394s][info][gc,heap     ] GC(108)   Garbage:         -              1511M (74%)         115M (6%)            3M (0%)             -                  -          
[84.394s][info][gc,heap     ] GC(108) Reclaimed:         -                  -              1396M (68%)        1507M (74%)            -                  -          
[84.394s][info][gc          ] GC(108) Garbage Collection (Allocation Rate) 1520M(74%)->122M(6%)
[85.225s][info][gc,start    ] GC(109) Garbage Collection (Proactive)
[85.235s][info][gc,task     ] GC(109) Using 12 workers
[85.235s][info][gc,phases   ] GC(109) Pause Mark Start 0.011ms
[85.239s][info][gc,phases   ] GC(109) Concurrent Mark 4.288ms
[85.239s][info][gc,phases   ] GC(109) Pause Mark End 0.016ms
[85.239s][info][gc,phases   ] GC(109) Concurrent Mark Free 0.001ms
[85.245s][info][gc,phases   ] GC(109) Concurrent Process Non-Strong References 5.376ms
[85.245s][info][gc,phases   ] GC(109) Concurrent Reset Relocation Set 0.006ms
[85.250s][info][gc,phases   ] GC(109) Concurrent Select Relocation Set 4.787ms
[85.250s][info][gc,phases   ] GC(109) Pause Relocate Start 0.006ms
[85.250s][info][gc,phases   ] GC(109) Concurrent Relocate 0.463ms
[85.250s][info][gc,load     ] GC(109) Load: 0.00/0.00/0.00
[85.250s][info][gc,mmu      ] GC(109) MMU: 2ms/95.9%, 5ms/98.4%, 10ms/99.2%, 20ms/99.5%, 50ms/99.8%, 100ms/99.9%
[85.250s][info][gc,marking  ] GC(109) Mark: 8 stripe(s), 2 proactive flush(es), 1 terminate flush(es), 0 completion(s), 0 continuation(s) 
[85.250s][info][gc,marking  ] GC(109) Mark Stack Usage: 32M
[85.250s][info][gc,nmethod  ] GC(109) NMethods: 2232 registered, 572 unregistered
[85.250s][info][gc,metaspace] GC(109) Metaspace: 13M used, 14M committed, 1088M reserved
[85.250s][info][gc,ref      ] GC(109) Soft: 134 encountered, 0 discovered, 0 enqueued
[85.251s][info][gc,ref      ] GC(109) Weak: 715 encountered, 137 discovered, 0 enqueued
[85.251s][info][gc,ref      ] GC(109) Final: 0 encountered, 0 discovered, 0 enqueued
[85.251s][info][gc,ref      ] GC(109) Phantom: 59 encountered, 46 discovered, 0 enqueued
[85.251s][info][gc,reloc    ] GC(109) Small Pages: 757 / 1514M, Empty: 1390M, Relocated: 1M, In-Place: 0
[85.251s][info][gc,reloc    ] GC(109) Medium Pages: 0 / 0M, Empty: 0M, Relocated: 0M, In-Place: 0
[85.251s][info][gc,reloc    ] GC(109) Large Pages: 0 / 0M, Empty: 0M, Relocated: 0M, In-Place: 0
[85.251s][info][gc,reloc    ] GC(109) Forwarding Usage: 0M
[85.251s][info][gc,heap     ] GC(109) Min Capacity: 8M(0%)
[85.251s][info][gc,heap     ] GC(109) Max Capacity: 2048M(100%)
[85.251s][info][gc,heap     ] GC(109) Soft Max Capacity: 2048M(100%)
[85.251s][info][gc,heap     ] GC(109)                Mark Start          Mark End        Relocate Start      Relocate End           High               Low         
[85.251s][info][gc,heap     ] GC(109)  Capacity:     2048M (100%)       2048M (100%)       2048M (100%)       2048M (100%)       2048M (100%)       2048M (100%)   
[85.251s][info][gc,heap     ] GC(109)      Free:      534M (26%)         522M (25%)        1892M (92%)        1980M (97%)        1980M (97%)         510M (25%)    
[85.251s][info][gc,heap     ] GC(109)      Used:     1514M (74%)        1526M (75%)         156M (8%)           68M (3%)         1538M (75%)          68M (3%)     
[85.251s][info][gc,heap     ] GC(109)      Live:         -                 9M (0%)            9M (0%)            9M (0%)             -                  -          
[85.251s][info][gc,heap     ] GC(109) Allocated:         -                12M (1%)           32M (2%)           33M (2%)             -                  -          
[85.251s][info][gc,heap     ] GC(109)   Garbage:         -              1504M (73%)         114M (6%)           24M (1%)             -                  -          
[85.251s][info][gc,heap     ] GC(109) Reclaimed:         -                  -              1390M (68%)        1479M (72%)            -                  -          
[85.251s][info][gc          ] GC(109) Garbage Collection (Proactive) 1514M(74%)->68M(3%)
[86.125s][info][gc,start    ] GC(110) Garbage Collection (Allocation Rate)
[86.125s][info][gc,task     ] GC(110) Using 1 workers
[86.126s][info][gc,phases   ] GC(110) Pause Mark Start 0.011ms
[86.138s][info][gc,phases   ] GC(110) Concurrent Mark 12.075ms
[86.138s][info][gc,phases   ] GC(110) Pause Mark End 0.017ms
[86.138s][info][gc,phases   ] GC(110) Concurrent Mark Free 0.001ms
[86.190s][info][gc,phases   ] GC(110) Concurrent Process Non-Strong References 51.719ms
[86.190s][info][gc,phases   ] GC(110) Concurrent Reset Relocation Set 0.008ms
[86.193s][info][gc,phases   ] GC(110) Concurrent Select Relocation Set 3.623ms
[86.194s][info][gc,phases   ] GC(110) Pause Relocate Start 0.007ms
[86.194s][info][gc,phases   ] GC(110) Concurrent Relocate 0.489ms
[86.194s][info][gc,load     ] GC(110) Load: 0.00/0.00/0.00
[86.194s][info][gc,mmu      ] GC(110) MMU: 2ms/95.9%, 5ms/98.4%, 10ms/99.2%, 20ms/99.5%, 50ms/99.8%, 100ms/99.9%
[86.194s][info][gc,marking  ] GC(110) Mark: 1 stripe(s), 2 proactive flush(es), 1 terminate flush(es), 0 completion(s), 0 continuation(s) 
[86.194s][info][gc,marking  ] GC(110) Mark Stack Usage: 32M
[86.194s][info][gc,nmethod  ] GC(110) NMethods: 2234 registered, 572 unregistered
[86.194s][info][gc,metaspace] GC(110) Metaspace: 13M used, 14M committed, 1088M reserved
[86.194s][info][gc,ref      ] GC(110) Soft: 134 encountered, 0 discovered, 0 enqueued
[86.194s][info][gc,ref      ] GC(110) Weak: 705 encountered, 453 discovered, 0 enqueued
[86.194s][info][gc,ref      ] GC(110) Final: 0 encountered, 0 discovered, 0 enqueued
[86.194s][info][gc,ref      ] GC(110) Phantom: 59 encountered, 41 discovered, 0 enqueued
[86.194s][info][gc,reloc    ] GC(110) Small Pages: 775 / 1550M, Empty: 1410M, Relocated: 1M, In-Place: 0
[86.194s][info][gc,reloc    ] GC(110) Medium Pages: 0 / 0M, Empty: 0M, Relocated: 0M, In-Place: 0
[86.194s][info][gc,reloc    ] GC(110) Large Pages: 0 / 0M, Empty: 0M, Relocated: 0M, In-Place: 0
[86.194s][info][gc,reloc    ] GC(110) Forwarding Usage: 0M
[86.194s][info][gc,heap     ] GC(110) Min Capacity: 8M(0%)
[86.194s][info][gc,heap     ] GC(110) Max Capacity: 2048M(100%)
[86.194s][info][gc,heap     ] GC(110) Soft Max Capacity: 2048M(100%)
[86.194s][info][gc,heap     ] GC(110)                Mark Start          Mark End        Relocate Start      Relocate End           High               Low         
[86.194s][info][gc,heap     ] GC(110)  Capacity:     2048M (100%)       2048M (100%)       2048M (100%)       2048M (100%)       2048M (100%)       2048M (100%)   
[86.194s][info][gc,heap     ] GC(110)      Free:      498M (24%)         472M (23%)        1786M (87%)        1914M (93%)        1914M (93%)         384M (19%)    
[86.194s][info][gc,heap     ] GC(110)      Used:     1550M (76%)        1576M (77%)         262M (13%)         134M (7%)         1664M (81%)         134M (7%)     
[86.194s][info][gc,heap     ] GC(110)      Live:         -                 8M (0%)            8M (0%)            8M (0%)             -                  -          
[86.194s][info][gc,heap     ] GC(110) Allocated:         -                26M (1%)          122M (6%)          121M (6%)             -                  -          
[86.194s][info][gc,heap     ] GC(110)   Garbage:         -              1541M (75%)         131M (6%)            3M (0%)             -                  -          
[86.195s][info][gc,heap     ] GC(110) Reclaimed:         -                  -              1410M (69%)        1537M (75%)            -                  -          
[86.195s][info][gc          ] GC(110) Garbage Collection (Allocation Rate) 1550M(76%)->134M(7%)
[87.025s][info][gc,start    ] GC(111) Garbage Collection (Allocation Rate)
[87.025s][info][gc,task     ] GC(111) Using 1 workers
[87.025s][info][gc,phases   ] GC(111) Pause Mark Start 0.011ms
[87.038s][info][gc,phases   ] GC(111) Concurrent Mark 12.942ms
[87.039s][info][gc,phases   ] GC(111) Pause Mark End 0.017ms
[87.039s][info][gc,phases   ] GC(111) Concurrent Mark Free 0.002ms
[87.096s][info][gc,phases   ] GC(111) Concurrent Process Non-Strong References 57.503ms
[87.096s][info][gc,phases   ] GC(111) Concurrent Reset Relocation Set 0.009ms
[87.101s][info][gc,phases   ] GC(111) Concurrent Select Relocation Set 4.358ms
[87.101s][info][gc,phases   ] GC(111) Pause Relocate Start 0.008ms
[87.103s][info][gc,phases   ] GC(111) Concurrent Relocate 1.827ms
[87.103s][info][gc,load     ] GC(111) Load: 0.00/0.00/0.00
[87.103s][info][gc,mmu      ] GC(111) MMU: 2ms/95.9%, 5ms/98.4%, 10ms/99.2%, 20ms/99.5%, 50ms/99.8%, 100ms/99.9%
[87.103s][info][gc,marking  ] GC(111) Mark: 1 stripe(s), 2 proactive flush(es), 1 terminate flush(es), 0 completion(s), 0 continuation(s) 
[87.103s][info][gc,marking  ] GC(111) Mark Stack Usage: 32M
[87.103s][info][gc,nmethod  ] GC(111) NMethods: 2235 registered, 572 unregistered
[87.103s][info][gc,metaspace] GC(111) Metaspace: 13M used, 14M committed, 1088M reserved
[87.103s][info][gc,ref      ] GC(111) Soft: 134 encountered, 0 discovered, 0 enqueued
[87.103s][info][gc,ref      ] GC(111) Weak: 671 encountered, 453 discovered, 0 enqueued
[87.103s][info][gc,ref      ] GC(111) Final: 0 encountered, 0 discovered, 0 enqueued
[87.103s][info][gc,ref      ] GC(111) Phantom: 59 encountered, 41 discovered, 0 enqueued
[87.103s][info][gc,reloc    ] GC(111) Small Pages: 787 / 1574M, Empty: 1458M, Relocated: 3M, In-Place: 0
[87.103s][info][gc,reloc    ] GC(111) Medium Pages: 0 / 0M, Empty: 0M, Relocated: 0M, In-Place: 0
[87.103s][info][gc,reloc    ] GC(111) Large Pages: 0 / 0M, Empty: 0M, Relocated: 0M, In-Place: 0
[87.103s][info][gc,reloc    ] GC(111) Forwarding Usage: 0M
[87.103s][info][gc,heap     ] GC(111) Min Capacity: 8M(0%)
[87.103s][info][gc,heap     ] GC(111) Max Capacity: 2048M(100%)
[87.103s][info][gc,heap     ] GC(111) Soft Max Capacity: 2048M(100%)
[87.103s][info][gc,heap     ] GC(111)                Mark Start          Mark End        Relocate Start      Relocate End           High               Low         
[87.103s][info][gc,heap     ] GC(111)  Capacity:     2048M (100%)       2048M (100%)       2048M (100%)       2048M (100%)       2048M (100%)       2048M (100%)   
[87.103s][info][gc,heap     ] GC(111)      Free:      474M (23%)         446M (22%)        1776M (87%)        1878M (92%)        1880M (92%)         330M (16%)    
[87.103s][info][gc,heap     ] GC(111)      Used:     1574M (77%)        1602M (78%)         272M (13%)         170M (8%)         1718M (84%)         168M (8%)     
[87.103s][info][gc,heap     ] GC(111)      Live:         -                 8M (0%)            8M (0%)            8M (0%)             -                  -          
[87.103s][info][gc,heap     ] GC(111) Allocated:         -                28M (1%)          156M (8%)          159M (8%)             -                  -          
[87.103s][info][gc,heap     ] GC(111)   Garbage:         -              1565M (76%)         107M (5%)            2M (0%)             -                  -          
[87.103s][info][gc,heap     ] GC(111) Reclaimed:         -                  -              1458M (71%)        1563M (76%)            -                  -          
[87.103s][info][gc          ] GC(111) Garbage Collection (Allocation Rate) 1574M(77%)->170M(8%)
[87.728s][info][gc,start    ] GC(112) Garbage Collection (System.gc())
[87.729s][info][gc,task     ] GC(112) Using 12 workers
[87.729s][info][gc,phases   ] GC(112) Pause Mark Start 0.017ms
[87.742s][info][gc,phases   ] GC(112) Concurrent Mark 13.456ms
[87.742s][info][gc,phases   ] GC(112) Pause Mark End 0.016ms
[87.742s][info][gc,phases   ] GC(112) Concurrent Mark Free 0.001ms
[87.750s][info][gc,phases   ] GC(112) Concurrent Process Non-Strong References 7.199ms
[87.750s][info][gc,phases   ] GC(112) Concurrent Reset Relocation Set 0.005ms
[87.755s][info][gc,phases   ] GC(112) Concurrent Select Relocation Set 4.751ms
[87.755s][info][gc,phases   ] GC(112) Pause Relocate Start 0.006ms
[87.757s][info][gc,phases   ] GC(112) Concurrent Relocate 2.508ms
[87.757s][info][gc,load     ] GC(112) Load: 0.00/0.00/0.00
[87.757s][info][gc,mmu      ] GC(112) MMU: 2ms/95.9%, 5ms/98.4%, 10ms/99.2%, 20ms/99.5%, 50ms/99.8%, 100ms/99.9%
[87.757s][info][gc,marking  ] GC(112) Mark: 8 stripe(s), 4 proactive flush(es), 1 terminate flush(es), 0 completion(s), 0 continuation(s) 
[87.757s][info][gc,marking  ] GC(112) Mark Stack Usage: 32M
[87.757s][info][gc,nmethod  ] GC(112) NMethods: 2241 registered, 572 unregistered
[87.758s][info][gc,metaspace] GC(112) Metaspace: 13M used, 14M committed, 1088M reserved
[87.758s][info][gc,ref      ] GC(112) Soft: 134 encountered, 0 discovered, 0 enqueued
[87.758s][info][gc,ref      ] GC(112) Weak: 617 encountered, 7 discovered, 0 enqueued
[87.758s][info][gc,ref      ] GC(112) Final: 0 encountered, 0 discovered, 0 enqueued
[87.758s][info][gc,ref      ] GC(112) Phantom: 59 encountered, 42 discovered, 0 enqueued
[87.758s][info][gc,reloc    ] GC(112) Small Pages: 605 / 1210M, Empty: 1186M, Relocated: 3M, In-Place: 0
[87.758s][info][gc,reloc    ] GC(112) Medium Pages: 0 / 0M, Empty: 0M, Relocated: 0M, In-Place: 0
[87.758s][info][gc,reloc    ] GC(112) Large Pages: 0 / 0M, Empty: 0M, Relocated: 0M, In-Place: 0
[87.758s][info][gc,reloc    ] GC(112) Forwarding Usage: 0M
[87.758s][info][gc,heap     ] GC(112) Min Capacity: 8M(0%)
[87.758s][info][gc,heap     ] GC(112) Max Capacity: 2048M(100%)
[87.758s][info][gc,heap     ] GC(112) Soft Max Capacity: 2048M(100%)
[87.758s][info][gc,heap     ] GC(112)                Mark Start          Mark End        Relocate Start      Relocate End           High               Low         
[87.758s][info][gc,heap     ] GC(112)  Capacity:     2048M (100%)       2048M (100%)       2048M (100%)       2048M (100%)       2048M (100%)       2048M (100%)   
[87.758s][info][gc,heap     ] GC(112)      Free:      838M (41%)         838M (41%)        2024M (99%)        2024M (99%)        2024M (99%)         838M (41%)    
[87.758s][info][gc,heap     ] GC(112)      Used:     1210M (59%)        1210M (59%)          24M (1%)           24M (1%)         1210M (59%)          24M (1%)     
[87.758s][info][gc,heap     ] GC(112)      Live:         -                 4M (0%)            4M (0%)            4M (0%)             -                  -          
[87.758s][info][gc,heap     ] GC(112) Allocated:         -                 0M (0%)            0M (0%)            0M (0%)             -                  -          
[87.758s][info][gc,heap     ] GC(112)   Garbage:         -              1205M (59%)          19M (1%)           19M (1%)             -                  -          
[87.758s][info][gc,heap     ] GC(112) Reclaimed:         -                  -              1186M (58%)        1186M (58%)            -                  -          
[87.758s][info][gc          ] GC(112) Garbage Collection (System.gc()) 1210M(59%)->24M(1%)
[88.524s][info][gc,start    ] GC(113) Garbage Collection (Allocation Rate)
[88.524s][info][gc,task     ] GC(113) Using 2 workers
[88.525s][info][gc,phases   ] GC(113) Pause Mark Start 0.011ms
[88.538s][info][gc,phases   ] GC(113) Concurrent Mark 12.999ms
[88.538s][info][gc,phases   ] GC(113) Pause Mark End 0.017ms
[88.538s][info][gc,phases   ] GC(113) Concurrent Mark Free 0.001ms
[88.563s][info][gc,phases   ] GC(113) Concurrent Process Non-Strong References 24.920ms
[88.563s][info][gc,phases   ] GC(113) Concurrent Reset Relocation Set 0.004ms
[88.568s][info][gc,phases   ] GC(113) Concurrent Select Relocation Set 4.582ms
[88.568s][info][gc,phases   ] GC(113) Pause Relocate Start 0.008ms
[88.569s][info][gc,phases   ] GC(113) Concurrent Relocate 1.628ms
[88.569s][info][gc,load     ] GC(113) Load: 0.00/0.00/0.00
[88.569s][info][gc,mmu      ] GC(113) MMU: 2ms/95.9%, 5ms/98.4%, 10ms/99.2%, 20ms/99.5%, 50ms/99.8%, 100ms/99.9%
[88.569s][info][gc,marking  ] GC(113) Mark: 2 stripe(s), 2 proactive flush(es), 1 terminate flush(es), 0 completion(s), 0 continuation(s) 
[88.569s][info][gc,marking  ] GC(113) Mark Stack Usage: 32M
[88.570s][info][gc,nmethod  ] GC(113) NMethods: 2244 registered, 573 unregistered
[88.570s][info][gc,metaspace] GC(113) Metaspace: 13M used, 14M committed, 1088M reserved
[88.570s][info][gc,ref      ] GC(113) Soft: 134 encountered, 0 discovered, 0 enqueued
[88.570s][info][gc,ref      ] GC(113) Weak: 723 encountered, 406 discovered, 2 enqueued
[88.570s][info][gc,ref      ] GC(113) Final: 0 encountered, 0 discovered, 0 enqueued
[88.570s][info][gc,ref      ] GC(113) Phantom: 59 encountered, 48 discovered, 0 enqueued
[88.570s][info][gc,reloc    ] GC(113) Small Pages: 618 / 1236M, Empty: 1108M, Relocated: 3M, In-Place: 0
[88.570s][info][gc,reloc    ] GC(113) Medium Pages: 0 / 0M, Empty: 0M, Relocated: 0M, In-Place: 0
[88.570s][info][gc,reloc    ] GC(113) Large Pages: 0 / 0M, Empty: 0M, Relocated: 0M, In-Place: 0
[88.570s][info][gc,reloc    ] GC(113) Forwarding Usage: 0M
[88.570s][info][gc,heap     ] GC(113) Min Capacity: 8M(0%)
[88.570s][info][gc,heap     ] GC(113) Max Capacity: 2048M(100%)
[88.570s][info][gc,heap     ] GC(113) Soft Max Capacity: 2048M(100%)
[88.570s][info][gc,heap     ] GC(113)                Mark Start          Mark End        Relocate Start      Relocate End           High               Low         
[88.570s][info][gc,heap     ] GC(113)  Capacity:     2048M (100%)       2048M (100%)       2048M (100%)       2048M (100%)       2048M (100%)       2048M (100%)   
[88.570s][info][gc,heap     ] GC(113)      Free:      812M (40%)         786M (38%)        1846M (90%)        1960M (96%)        1960M (96%)         744M (36%)    
[88.570s][info][gc,heap     ] GC(113)      Used:     1236M (60%)        1262M (62%)         202M (10%)          88M (4%)         1304M (64%)          88M (4%)     
[88.570s][info][gc,heap     ] GC(113)      Live:         -                 7M (0%)            7M (0%)            7M (0%)             -                  -          
[88.570s][info][gc,heap     ] GC(113) Allocated:         -                26M (1%)           74M (4%)           76M (4%)             -                  -          
[88.570s][info][gc,heap     ] GC(113)   Garbage:         -              1228M (60%)         120M (6%)            4M (0%)             -                  -          
[88.570s][info][gc,heap     ] GC(113) Reclaimed:         -                  -              1108M (54%)        1224M (60%)            -                  -          
[88.570s][info][gc          ] GC(113) Garbage Collection (Allocation Rate) 1236M(60%)->88M(4%)
[89.124s][info][gc,start    ] GC(114) Garbage Collection (Allocation Rate)
[89.124s][info][gc,task     ] GC(114) Using 2 workers
[89.124s][info][gc,phases   ] GC(114) Pause Mark Start 0.012ms
[89.134s][info][gc,phases   ] GC(114) Concurrent Mark 9.130ms
[89.134s][info][gc,phases   ] GC(114) Pause Mark End 0.015ms
[89.134s][info][gc,phases   ] GC(114) Concurrent Mark Free 0.001ms
[89.165s][info][gc,phases   ] GC(114) Concurrent Process Non-Strong References 30.864ms
[89.165s][info][gc,phases   ] GC(114) Concurrent Reset Relocation Set 0.008ms
[89.170s][info][gc,phases   ] GC(114) Concurrent Select Relocation Set 4.944ms
[89.170s][info][gc,phases   ] GC(114) Pause Relocate Start 0.006ms
[89.173s][info][gc,phases   ] GC(114) Concurrent Relocate 2.713ms
[89.173s][info][gc,load     ] GC(114) Load: 0.00/0.00/0.00
[89.173s][info][gc,mmu      ] GC(114) MMU: 2ms/95.9%, 5ms/98.4%, 10ms/99.2%, 20ms/99.5%, 50ms/99.8%, 100ms/99.9%
[89.173s][info][gc,marking  ] GC(114) Mark: 2 stripe(s), 2 proactive flush(es), 1 terminate flush(es), 0 completion(s), 0 continuation(s) 
[89.173s][info][gc,marking  ] GC(114) Mark Stack Usage: 32M
[89.173s][info][gc,nmethod  ] GC(114) NMethods: 2244 registered, 573 unregistered
[89.173s][info][gc,metaspace] GC(114) Metaspace: 13M used, 14M committed, 1088M reserved
[89.173s][info][gc,ref      ] GC(114) Soft: 134 encountered, 0 discovered, 0 enqueued
[89.173s][info][gc,ref      ] GC(114) Weak: 721 encountered, 103 discovered, 0 enqueued
[89.173s][info][gc,ref      ] GC(114) Final: 0 encountered, 0 discovered, 0 enqueued
[89.173s][info][gc,ref      ] GC(114) Phantom: 59 encountered, 42 discovered, 0 enqueued
[89.173s][info][gc,reloc    ] GC(114) Small Pages: 642 / 1284M, Empty: 1186M, Relocated: 3M, In-Place: 0
[89.173s][info][gc,reloc    ] GC(114) Medium Pages: 0 / 0M, Empty: 0M, Relocated: 0M, In-Place: 0
[89.173s][info][gc,reloc    ] GC(114) Large Pages: 0 / 0M, Empty: 0M, Relocated: 0M, In-Place: 0
[89.173s][info][gc,reloc    ] GC(114) Forwarding Usage: 0M
[89.173s][info][gc,heap     ] GC(114) Min Capacity: 8M(0%)
[89.173s][info][gc,heap     ] GC(114) Max Capacity: 2048M(100%)
[89.173s][info][gc,heap     ] GC(114) Soft Max Capacity: 2048M(100%)
[89.173s][info][gc,heap     ] GC(114)                Mark Start          Mark End        Relocate Start      Relocate End           High               Low         
[89.173s][info][gc,heap     ] GC(114)  Capacity:     2048M (100%)       2048M (100%)       2048M (100%)       2048M (100%)       2048M (100%)       2048M (100%)   
[89.173s][info][gc,heap     ] GC(114)      Free:      764M (37%)         738M (36%)        1848M (90%)        1932M (94%)        1932M (94%)         672M (33%)    
[89.173s][info][gc,heap     ] GC(114)      Used:     1284M (63%)        1310M (64%)         200M (10%)         116M (6%)         1376M (67%)         116M (6%)     
[89.173s][info][gc,heap     ] GC(114)      Live:         -                 7M (0%)            7M (0%)            7M (0%)             -                  -          
[89.173s][info][gc,heap     ] GC(114) Allocated:         -                26M (1%)          102M (5%)          105M (5%)             -                  -          
[89.173s][info][gc,heap     ] GC(114)   Garbage:         -              1276M (62%)          90M (4%)            3M (0%)             -                  -          
[89.173s][info][gc,heap     ] GC(114) Reclaimed:         -                  -              1186M (58%)        1273M (62%)            -                  -          
[89.173s][info][gc          ] GC(114) Garbage Collection (Allocation Rate) 1284M(63%)->116M(6%)
[89.625s][info][gc,start    ] GC(115) Garbage Collection (Allocation Rate)
[89.625s][info][gc,task     ] GC(115) Using 1 workers
[89.625s][info][gc,phases   ] GC(115) Pause Mark Start 0.012ms
[89.642s][info][gc,phases   ] GC(115) Concurrent Mark 16.440ms
[89.642s][info][gc,phases   ] GC(115) Pause Mark End 0.017ms
[89.642s][info][gc,phases   ] GC(115) Concurrent Mark Free 0.001ms
[89.796s][info][gc,phases   ] GC(115) Concurrent Process Non-Strong References 154.019ms
[89.797s][info][gc,phases   ] GC(115) Concurrent Reset Relocation Set 0.006ms
[89.801s][info][gc,phases   ] GC(115) Concurrent Select Relocation Set 4.760ms
[89.873s][info][gc,phases   ] GC(115) Pause Relocate Start 0.013ms
[89.877s][info][gc,phases   ] GC(115) Concurrent Relocate 3.980ms
[89.877s][info][gc,load     ] GC(115) Load: 0.00/0.00/0.00
[89.877s][info][gc,mmu      ] GC(115) MMU: 2ms/95.9%, 5ms/98.4%, 10ms/99.2%, 20ms/99.5%, 50ms/99.8%, 100ms/99.9%
[89.878s][info][gc,marking  ] GC(115) Mark: 1 stripe(s), 2 proactive flush(es), 1 terminate flush(es), 0 completion(s), 0 continuation(s) 
[89.878s][info][gc,marking  ] GC(115) Mark Stack Usage: 32M
[89.878s][info][gc,nmethod  ] GC(115) NMethods: 2244 registered, 573 unregistered
[89.878s][info][gc,metaspace] GC(115) Metaspace: 13M used, 14M committed, 1088M reserved
[89.878s][info][gc,ref      ] GC(115) Soft: 134 encountered, 0 discovered, 0 enqueued
[89.878s][info][gc,ref      ] GC(115) Weak: 721 encountered, 455 discovered, 0 enqueued
[89.878s][info][gc,ref      ] GC(115) Final: 0 encountered, 0 discovered, 0 enqueued
[89.878s][info][gc,ref      ] GC(115) Phantom: 59 encountered, 41 discovered, 0 enqueued
[89.878s][info][gc,reloc    ] GC(115) Small Pages: 516 / 1032M, Empty: 950M, Relocated: 1M, In-Place: 0
[89.878s][info][gc,reloc    ] GC(115) Medium Pages: 0 / 0M, Empty: 0M, Relocated: 0M, In-Place: 0
[89.878s][info][gc,reloc    ] GC(115) Large Pages: 0 / 0M, Empty: 0M, Relocated: 0M, In-Place: 0
[89.878s][info][gc,reloc    ] GC(115) Forwarding Usage: 0M
[89.878s][info][gc,heap     ] GC(115) Min Capacity: 8M(0%)
[89.878s][info][gc,heap     ] GC(115) Max Capacity: 2048M(100%)
[89.878s][info][gc,heap     ] GC(115) Soft Max Capacity: 2048M(100%)
[89.878s][info][gc,heap     ] GC(115)                Mark Start          Mark End        Relocate Start      Relocate End           High               Low         
[89.878s][info][gc,heap     ] GC(115)  Capacity:     2048M (100%)       2048M (100%)       2048M (100%)       2048M (100%)       2048M (100%)       2048M (100%)   
[89.878s][info][gc,heap     ] GC(115)      Free:     1016M (50%)         974M (48%)        1598M (78%)        1664M (81%)        1666M (81%)         656M (32%)    
[89.878s][info][gc,heap     ] GC(115)      Used:     1032M (50%)        1074M (52%)         450M (22%)         384M (19%)        1392M (68%)         382M (19%)    
[89.878s][info][gc,heap     ] GC(115)      Live:         -                 7M (0%)            7M (0%)            7M (0%)             -                  -          
[89.878s][info][gc,heap     ] GC(115) Allocated:         -                42M (2%)          368M (18%)         373M (18%)            -                  -          
[89.878s][info][gc,heap     ] GC(115)   Garbage:         -              1024M (50%)          74M (4%)            2M (0%)             -                  -          
[89.878s][info][gc,heap     ] GC(115) Reclaimed:         -                  -               950M (46%)        1021M (50%)            -                  -          
[89.879s][info][gc          ] GC(115) Garbage Collection (Allocation Rate) 1032M(50%)->384M(19%)
[89.925s][info][gc,start    ] GC(116) Garbage Collection (Allocation Rate)
[89.925s][info][gc,task     ] GC(116) Using 1 workers
[89.925s][info][gc,phases   ] GC(116) Pause Mark Start 0.009ms
[89.941s][info][gc,phases   ] GC(116) Concurrent Mark 16.252ms
[89.942s][info][gc,phases   ] GC(116) Pause Mark End 0.016ms
[89.942s][info][gc,phases   ] GC(116) Concurrent Mark Free 0.001ms
[90.002s][info][gc,phases   ] GC(116) Concurrent Process Non-Strong References 60.190ms
[90.002s][info][gc,phases   ] GC(116) Concurrent Reset Relocation Set 0.007ms
[90.007s][info][gc,phases   ] GC(116) Concurrent Select Relocation Set 4.625ms
[90.007s][info][gc,phases   ] GC(116) Pause Relocate Start 0.008ms
[90.009s][info][gc,phases   ] GC(116) Concurrent Relocate 1.780ms
[90.009s][info][gc,load     ] GC(116) Load: 0.00/0.00/0.00
[90.009s][info][gc,mmu      ] GC(116) MMU: 2ms/95.9%, 5ms/98.4%, 10ms/99.2%, 20ms/99.5%, 50ms/99.8%, 100ms/99.9%
[90.009s][info][gc,marking  ] GC(116) Mark: 1 stripe(s), 2 proactive flush(es), 1 terminate flush(es), 0 completion(s), 0 continuation(s) 
[90.009s][info][gc,marking  ] GC(116) Mark Stack Usage: 32M
[90.009s][info][gc,nmethod  ] GC(116) NMethods: 2244 registered, 573 unregistered
[90.009s][info][gc,metaspace] GC(116) Metaspace: 13M used, 14M committed, 1088M reserved
[90.009s][info][gc,ref      ] GC(116) Soft: 134 encountered, 0 discovered, 0 enqueued
[90.009s][info][gc,ref      ] GC(116) Weak: 721 encountered, 455 discovered, 0 enqueued
[90.009s][info][gc,ref      ] GC(116) Final: 0 encountered, 0 discovered, 0 enqueued
[90.009s][info][gc,ref      ] GC(116) Phantom: 59 encountered, 41 discovered, 0 enqueued
[90.009s][info][gc,reloc    ] GC(116) Small Pages: 231 / 462M, Empty: 412M, Relocated: 1M, In-Place: 0
[90.009s][info][gc,reloc    ] GC(116) Medium Pages: 0 / 0M, Empty: 0M, Relocated: 0M, In-Place: 0
[90.009s][info][gc,reloc    ] GC(116) Large Pages: 0 / 0M, Empty: 0M, Relocated: 0M, In-Place: 0
[90.009s][info][gc,reloc    ] GC(116) Forwarding Usage: 0M
[90.009s][info][gc,heap     ] GC(116) Min Capacity: 8M(0%)
[90.009s][info][gc,heap     ] GC(116) Max Capacity: 2048M(100%)
[90.009s][info][gc,heap     ] GC(116) Soft Max Capacity: 2048M(100%)
[90.009s][info][gc,heap     ] GC(116)                Mark Start          Mark End        Relocate Start      Relocate End           High               Low         
[90.009s][info][gc,heap     ] GC(116)  Capacity:     2048M (100%)       2048M (100%)       2048M (100%)       2048M (100%)       2048M (100%)       2048M (100%)   
[90.009s][info][gc,heap     ] GC(116)      Free:     1586M (77%)        1548M (76%)        1832M (89%)        1868M (91%)        1870M (91%)        1428M (70%)    
[90.009s][info][gc,heap     ] GC(116)      Used:      462M (23%)         500M (24%)         216M (11%)         180M (9%)          620M (30%)         178M (9%)     
[90.009s][info][gc,heap     ] GC(116)      Live:         -                 7M (0%)            7M (0%)            7M (0%)             -                  -          
[90.009s][info][gc,heap     ] GC(116) Allocated:         -                38M (2%)          166M (8%)          169M (8%)             -                  -          
[90.009s][info][gc,heap     ] GC(116)   Garbage:         -               454M (22%)          42M (2%)            2M (0%)             -                  -          
[90.009s][info][gc,heap     ] GC(116) Reclaimed:         -                  -               412M (20%)         451M (22%)            -                  -          
[90.009s][info][gc          ] GC(116) Garbage Collection (Allocation Rate) 462M(23%)->180M(9%)
[90.126s][info][gc,stats    ] === Garbage Collection Statistics =======================================================================================================================
[90.126s][info][gc,stats    ]                                                              Last 10s              Last 10m              Last 10h                Total
[90.126s][info][gc,stats    ]                                                              Avg / Max             Avg / Max             Avg / Max             Avg / Max
[90.126s][info][gc,stats    ]   Collector: Garbage Collection Cycle                     71.929 / 252.156      62.273 / 273.863      62.273 / 273.863      62.273 / 273.863     ms
[90.126s][info][gc,stats    ]  Contention: Mark Segment Reset Contention                     0 / 4                 1 / 11                1 / 11                1 / 11          ops/s
[90.126s][info][gc,stats    ]  Contention: Mark SeqNum Reset Contention                      0 / 0                 0 / 2                 0 / 2                 0 / 2           ops/s
[90.126s][info][gc,stats    ]    Critical: Allocation Stall                                  0 / 0                 0 / 43                0 / 43                0 / 43          ops/s
[90.126s][info][gc,stats    ]    Critical: Allocation Stall                              0.000 / 0.000        30.392 / 55.638       30.392 / 55.638       30.392 / 55.638      ms
[90.126s][info][gc,stats    ]    Critical: GC Locker Stall                                   0 / 0                 0 / 0                 0 / 0                 0 / 0           ops/s
[90.126s][info][gc,stats    ]    Critical: GC Locker Stall                               0.000 / 0.000         0.000 / 0.000         0.000 / 0.000         0.000 / 0.000       ms
[90.126s][info][gc,stats    ]    Critical: Relocation Stall                                  0 / 0                 0 / 0                 0 / 0                 0 / 0           ops/s
[90.126s][info][gc,stats    ]    Critical: Relocation Stall                              0.000 / 0.000         0.000 / 0.000         0.000 / 0.000         0.000 / 0.000       ms
[90.126s][info][gc,stats    ]      Memory: Allocation Rate                                1835 / 2102           1848 / 2222           1848 / 2222           1848 / 2222        MB/s
[90.126s][info][gc,stats    ]      Memory: Defragment                                        0 / 0                 0 / 0                 0 / 0                 0 / 0           ops/s
[90.126s][info][gc,stats    ]      Memory: Out Of Memory                                     0 / 0                 0 / 0                 0 / 0                 0 / 0           ops/s
[90.126s][info][gc,stats    ]      Memory: Page Cache Flush                                  0 / 0                 0 / 0                 0 / 0                 0 / 0           MB/s
[90.127s][info][gc,stats    ]      Memory: Page Cache Hit L1                               922 / 1053            917 / 1084            917 / 1084            917 / 1084        ops/s
[90.127s][info][gc,stats    ]      Memory: Page Cache Hit L2                                 0 / 0                 0 / 0                 0 / 0                 0 / 0           ops/s
[90.127s][info][gc,stats    ]      Memory: Page Cache Hit L3                                 0 / 0                11 / 449              11 / 449              11 / 449         ops/s
[90.127s][info][gc,stats    ]      Memory: Page Cache Miss                                   0 / 0                 0 / 1                 0 / 1                 0 / 1           ops/s
[90.127s][info][gc,stats    ]      Memory: Uncommit                                          0 / 0                 0 / 0                 0 / 0                 0 / 0           MB/s
[90.127s][info][gc,stats    ]      Memory: Undo Object Allocation Failed                    18 / 113              27 / 139              27 / 139              27 / 139         ops/s
[90.127s][info][gc,stats    ]      Memory: Undo Object Allocation Succeeded                  2 / 21                2 / 21                2 / 21                2 / 21          ops/s
[90.127s][info][gc,stats    ]      Memory: Undo Page Allocation                             58 / 90               66 / 221              66 / 221              66 / 221         ops/s
[90.127s][info][gc,stats    ]       Phase: Concurrent Mark                              11.986 / 16.440       16.896 / 212.397      16.896 / 212.397      16.896 / 212.397     ms
[90.127s][info][gc,stats    ]       Phase: Concurrent Mark Continue                      0.000 / 0.000         0.000 / 0.000         0.000 / 0.000         0.000 / 0.000       ms
[90.127s][info][gc,stats    ]       Phase: Concurrent Mark Free                          0.001 / 0.002         0.001 / 0.002         0.001 / 0.002         0.001 / 0.002       ms
[90.127s][info][gc,stats    ]       Phase: Concurrent Process Non-Strong References     46.881 / 154.019      32.949 / 242.741      32.949 / 242.741      32.949 / 242.741     ms
[90.127s][info][gc,stats    ]       Phase: Concurrent Relocate                           1.355 / 3.980         1.588 / 5.770         1.588 / 5.770         1.588 / 5.770       ms
[90.127s][info][gc,stats    ]       Phase: Concurrent Reset Relocation Set               0.007 / 0.009         0.006 / 0.011         0.006 / 0.011         0.006 / 0.011       ms
[90.127s][info][gc,stats    ]       Phase: Concurrent Select Relocation Set              4.465 / 5.346         4.691 / 14.014        4.691 / 14.014        4.691 / 14.014      ms
[90.127s][info][gc,stats    ]       Phase: Pause Mark End                                0.016 / 0.017         0.017 / 0.081         0.017 / 0.081         0.017 / 0.081       ms
[90.127s][info][gc,stats    ]       Phase: Pause Mark Start                              0.011 / 0.017         0.013 / 0.049         0.013 / 0.049         0.013 / 0.049       ms
[90.127s][info][gc,stats    ]       Phase: Pause Relocate Start                          0.007 / 0.013         0.007 / 0.020         0.007 / 0.020         0.007 / 0.020       ms
[90.127s][info][gc,stats    ]    Subphase: Concurrent Classes Purge                      0.007 / 0.025         0.054 / 3.094         0.054 / 3.094         0.054 / 3.094       ms
[90.127s][info][gc,stats    ]    Subphase: Concurrent Classes Unlink                     3.596 / 5.759         3.795 / 10.160        3.795 / 10.160        3.795 / 10.160      ms
[90.127s][info][gc,stats    ]    Subphase: Concurrent Mark                               7.395 / 15.310        9.935 / 211.109       9.935 / 211.109       9.935 / 211.109     ms
[90.127s][info][gc,stats    ]    Subphase: Concurrent Mark Try Flush                     0.111 / 0.378         0.683 / 193.285       0.683 / 193.285       0.683 / 193.285     ms
[90.127s][info][gc,stats    ]    Subphase: Concurrent Mark Try Terminate                 2.489 / 11.139        2.265 / 16.632        2.265 / 16.632        2.265 / 16.632      ms
[90.127s][info][gc,stats    ]    Subphase: Concurrent References Enqueue                 0.001 / 0.005         0.001 / 0.006         0.001 / 0.006         0.001 / 0.006       ms
[90.127s][info][gc,stats    ]    Subphase: Concurrent References Process                 0.093 / 0.175         0.100 / 0.200         0.100 / 0.200         0.100 / 0.200       ms
[90.127s][info][gc,stats    ]    Subphase: Concurrent Roots ClassLoaderDataGraph         0.069 / 0.388         0.105 / 1.252         0.105 / 1.252         0.105 / 1.252       ms
[90.127s][info][gc,stats    ]    Subphase: Concurrent Roots CodeCache                    0.000 / 0.000         0.000 / 0.000         0.000 / 0.000         0.000 / 0.000       ms
[90.127s][info][gc,stats    ]    Subphase: Concurrent Roots JavaThreads                  0.229 / 0.732         0.312 / 1.791         0.312 / 1.791         0.312 / 1.791       ms
[90.127s][info][gc,stats    ]    Subphase: Concurrent Roots OopStorageSet                0.028 / 0.077         0.056 / 0.778         0.056 / 0.778         0.056 / 0.778       ms
[90.127s][info][gc,stats    ]    Subphase: Concurrent Weak Roots OopStorageSet          14.481 / 59.490       10.557 / 59.490       10.557 / 59.490       10.557 / 59.490      ms
[90.127s][info][gc,stats    ]    Subphase: Pause Mark Try Complete                       0.000 / 0.000         0.002 / 0.004         0.002 / 0.004         0.002 / 0.004       ms
[90.127s][info][gc,stats    ]      System: Java Threads                                     53 / 60               55 / 73               55 / 73               55 / 73          threads
[90.127s][info][gc,stats    ] =========================================================================================================================================================
[90.325s][info][gc,start    ] GC(117) Garbage Collection (Allocation Rate)
[90.326s][info][gc,task     ] GC(117) Using 1 workers
[90.326s][info][gc,phases   ] GC(117) Pause Mark Start 0.012ms
[90.341s][info][gc,phases   ] GC(117) Concurrent Mark 15.328ms
[90.341s][info][gc,phases   ] GC(117) Pause Mark End 0.019ms
[90.341s][info][gc,phases   ] GC(117) Concurrent Mark Free 0.001ms
[90.386s][info][gc,phases   ] GC(117) Concurrent Process Non-Strong References 44.146ms
[90.386s][info][gc,phases   ] GC(117) Concurrent Reset Relocation Set 0.005ms
[90.390s][info][gc,phases   ] GC(117) Concurrent Select Relocation Set 4.454ms
[90.390s][info][gc,phases   ] GC(117) Pause Relocate Start 0.007ms
[90.393s][info][gc,phases   ] GC(117) Concurrent Relocate 2.306ms
[90.393s][info][gc,load     ] GC(117) Load: 0.00/0.00/0.00
[90.393s][info][gc,mmu      ] GC(117) MMU: 2ms/95.9%, 5ms/98.4%, 10ms/99.2%, 20ms/99.5%, 50ms/99.8%, 100ms/99.9%
[90.393s][info][gc,marking  ] GC(117) Mark: 1 stripe(s), 2 proactive flush(es), 1 terminate flush(es), 0 completion(s), 0 continuation(s) 
[90.393s][info][gc,marking  ] GC(117) Mark Stack Usage: 32M
[90.393s][info][gc,nmethod  ] GC(117) NMethods: 2244 registered, 573 unregistered
[90.393s][info][gc,metaspace] GC(117) Metaspace: 13M used, 14M committed, 1088M reserved
[90.393s][info][gc,ref      ] GC(117) Soft: 134 encountered, 0 discovered, 0 enqueued
[90.393s][info][gc,ref      ] GC(117) Weak: 721 encountered, 455 discovered, 0 enqueued
[90.393s][info][gc,ref      ] GC(117) Final: 0 encountered, 0 discovered, 0 enqueued
[90.393s][info][gc,ref      ] GC(117) Phantom: 59 encountered, 41 discovered, 0 enqueued
[90.393s][info][gc,reloc    ] GC(117) Small Pages: 412 / 824M, Empty: 756M, Relocated: 1M, In-Place: 0
[90.393s][info][gc,reloc    ] GC(117) Medium Pages: 0 / 0M, Empty: 0M, Relocated: 0M, In-Place: 0
[90.393s][info][gc,reloc    ] GC(117) Large Pages: 0 / 0M, Empty: 0M, Relocated: 0M, In-Place: 0
[90.393s][info][gc,reloc    ] GC(117) Forwarding Usage: 0M
[90.393s][info][gc,heap     ] GC(117) Min Capacity: 8M(0%)
[90.393s][info][gc,heap     ] GC(117) Max Capacity: 2048M(100%)
[90.393s][info][gc,heap     ] GC(117) Soft Max Capacity: 2048M(100%)
[90.393s][info][gc,heap     ] GC(117)                Mark Start          Mark End        Relocate Start      Relocate End           High               Low         
[90.393s][info][gc,heap     ] GC(117)  Capacity:     2048M (100%)       2048M (100%)       2048M (100%)       2048M (100%)       2048M (100%)       2048M (100%)   
[90.393s][info][gc,heap     ] GC(117)      Free:     1224M (60%)        1186M (58%)        1834M (90%)        1890M (92%)        1890M (92%)        1090M (53%)    
[90.393s][info][gc,heap     ] GC(117)      Used:      824M (40%)         862M (42%)         214M (10%)         158M (8%)          958M (47%)         158M (8%)     
[90.393s][info][gc,heap     ] GC(117)      Live:         -                 7M (0%)            7M (0%)            7M (0%)             -                  -          
[90.393s][info][gc,heap     ] GC(117) Allocated:         -                38M (2%)          146M (7%)          147M (7%)             -                  -          
[90.393s][info][gc,heap     ] GC(117)   Garbage:         -               816M (40%)          60M (3%)            2M (0%)             -                  -          
[90.393s][info][gc,heap     ] GC(117) Reclaimed:         -                  -               756M (37%)         813M (40%)            -                  -          
[90.393s][info][gc          ] GC(117) Garbage Collection (Allocation Rate) 824M(40%)->158M(8%)
[91.026s][info][gc,start    ] GC(118) Garbage Collection (Allocation Rate)
[91.026s][info][gc,task     ] GC(118) Using 1 workers
[91.026s][info][gc,phases   ] GC(118) Pause Mark Start 0.011ms
[91.040s][info][gc,phases   ] GC(118) Concurrent Mark 14.120ms
[91.040s][info][gc,phases   ] GC(118) Pause Mark End 0.016ms
[91.040s][info][gc,phases   ] GC(118) Concurrent Mark Free 0.001ms
[91.086s][info][gc,phases   ] GC(118) Concurrent Process Non-Strong References 45.864ms
[91.086s][info][gc,phases   ] GC(118) Concurrent Reset Relocation Set 0.003ms
[91.091s][info][gc,phases   ] GC(118) Concurrent Select Relocation Set 4.921ms
[91.091s][info][gc,phases   ] GC(118) Pause Relocate Start 0.007ms
[91.093s][info][gc,phases   ] GC(118) Concurrent Relocate 1.819ms
[91.093s][info][gc,load     ] GC(118) Load: 0.00/0.00/0.00
[91.093s][info][gc,mmu      ] GC(118) MMU: 2ms/95.9%, 5ms/98.4%, 10ms/99.2%, 20ms/99.5%, 50ms/99.8%, 100ms/99.9%
[91.093s][info][gc,marking  ] GC(118) Mark: 1 stripe(s), 2 proactive flush(es), 1 terminate flush(es), 0 completion(s), 0 continuation(s) 
[91.093s][info][gc,marking  ] GC(118) Mark Stack Usage: 32M
[91.093s][info][gc,nmethod  ] GC(118) NMethods: 2244 registered, 573 unregistered
[91.093s][info][gc,metaspace] GC(118) Metaspace: 13M used, 14M committed, 1088M reserved
[91.094s][info][gc,ref      ] GC(118) Soft: 134 encountered, 0 discovered, 0 enqueued
[91.094s][info][gc,ref      ] GC(118) Weak: 721 encountered, 455 discovered, 0 enqueued
[91.094s][info][gc,ref      ] GC(118) Final: 0 encountered, 0 discovered, 0 enqueued
[91.094s][info][gc,ref      ] GC(118) Phantom: 59 encountered, 41 discovered, 0 enqueued
[91.094s][info][gc,reloc    ] GC(118) Small Pages: 653 / 1306M, Empty: 1210M, Relocated: 1M, In-Place: 0
[91.094s][info][gc,reloc    ] GC(118) Medium Pages: 0 / 0M, Empty: 0M, Relocated: 0M, In-Place: 0
[91.094s][info][gc,reloc    ] GC(118) Large Pages: 0 / 0M, Empty: 0M, Relocated: 0M, In-Place: 0
[91.094s][info][gc,reloc    ] GC(118) Forwarding Usage: 0M
[91.094s][info][gc,heap     ] GC(118) Min Capacity: 8M(0%)
[91.094s][info][gc,heap     ] GC(118) Max Capacity: 2048M(100%)
[91.094s][info][gc,heap     ] GC(118) Soft Max Capacity: 2048M(100%)
[91.094s][info][gc,heap     ] GC(118)                Mark Start          Mark End        Relocate Start      Relocate End           High               Low         
[91.094s][info][gc,heap     ] GC(118)  Capacity:     2048M (100%)       2048M (100%)       2048M (100%)       2048M (100%)       2048M (100%)       2048M (100%)   
[91.094s][info][gc,heap     ] GC(118)      Free:      742M (36%)         708M (35%)        1822M (89%)        1906M (93%)        1906M (93%)         624M (30%)    
[91.094s][info][gc,heap     ] GC(118)      Used:     1306M (64%)        1340M (65%)         226M (11%)         142M (7%)         1424M (70%)         142M (7%)     
[91.094s][info][gc,heap     ] GC(118)      Live:         -                 7M (0%)            7M (0%)            7M (0%)             -                  -          
[91.094s][info][gc,heap     ] GC(118) Allocated:         -                34M (2%)          130M (6%)          131M (6%)             -                  -          
[91.094s][info][gc,heap     ] GC(118)   Garbage:         -              1298M (63%)          88M (4%)            2M (0%)             -                  -          
[91.094s][info][gc,heap     ] GC(118) Reclaimed:         -                  -              1210M (59%)        1295M (63%)            -                  -          
[91.094s][info][gc          ] GC(118) Garbage Collection (Allocation Rate) 1306M(64%)->142M(7%)
[91.825s][info][gc,start    ] GC(119) Garbage Collection (Allocation Rate)
[91.825s][info][gc,task     ] GC(119) Using 1 workers
[91.825s][info][gc,phases   ] GC(119) Pause Mark Start 0.010ms
[91.839s][info][gc,phases   ] GC(119) Concurrent Mark 14.096ms
[91.839s][info][gc,phases   ] GC(119) Pause Mark End 0.013ms
[91.840s][info][gc,phases   ] GC(119) Concurrent Mark Free 0.001ms
[91.891s][info][gc,phases   ] GC(119) Concurrent Process Non-Strong References 51.251ms
[91.891s][info][gc,phases   ] GC(119) Concurrent Reset Relocation Set 0.007ms
[91.896s][info][gc,phases   ] GC(119) Concurrent Select Relocation Set 4.664ms
[91.896s][info][gc,phases   ] GC(119) Pause Relocate Start 0.007ms
[91.898s][info][gc,phases   ] GC(119) Concurrent Relocate 2.333ms
[91.898s][info][gc,load     ] GC(119) Load: 0.00/0.00/0.00
[91.898s][info][gc,mmu      ] GC(119) MMU: 2ms/95.9%, 5ms/98.4%, 10ms/99.2%, 20ms/99.5%, 50ms/99.8%, 100ms/99.9%
[91.898s][info][gc,marking  ] GC(119) Mark: 1 stripe(s), 2 proactive flush(es), 1 terminate flush(es), 0 completion(s), 0 continuation(s) 
[91.898s][info][gc,marking  ] GC(119) Mark Stack Usage: 32M
[91.898s][info][gc,nmethod  ] GC(119) NMethods: 2244 registered, 573 unregistered
[91.898s][info][gc,metaspace] GC(119) Metaspace: 13M used, 14M committed, 1088M reserved
[91.898s][info][gc,ref      ] GC(119) Soft: 134 encountered, 0 discovered, 0 enqueued
[91.898s][info][gc,ref      ] GC(119) Weak: 721 encountered, 455 discovered, 0 enqueued
[91.898s][info][gc,ref      ] GC(119) Final: 0 encountered, 0 discovered, 0 enqueued
[91.898s][info][gc,ref      ] GC(119) Phantom: 59 encountered, 41 discovered, 0 enqueued
[91.898s][info][gc,reloc    ] GC(119) Small Pages: 734 / 1468M, Empty: 1358M, Relocated: 1M, In-Place: 0
[91.898s][info][gc,reloc    ] GC(119) Medium Pages: 0 / 0M, Empty: 0M, Relocated: 0M, In-Place: 0
[91.898s][info][gc,reloc    ] GC(119) Large Pages: 0 / 0M, Empty: 0M, Relocated: 0M, In-Place: 0
[91.898s][info][gc,reloc    ] GC(119) Forwarding Usage: 0M
[91.898s][info][gc,heap     ] GC(119) Min Capacity: 8M(0%)
[91.898s][info][gc,heap     ] GC(119) Max Capacity: 2048M(100%)
[91.899s][info][gc,heap     ] GC(119) Soft Max Capacity: 2048M(100%)
[91.899s][info][gc,heap     ] GC(119)                Mark Start          Mark End        Relocate Start      Relocate End           High               Low         
[91.899s][info][gc,heap     ] GC(119)  Capacity:     2048M (100%)       2048M (100%)       2048M (100%)       2048M (100%)       2048M (100%)       2048M (100%)   
[91.899s][info][gc,heap     ] GC(119)      Free:      580M (28%)         548M (27%)        1804M (88%)        1898M (93%)        1900M (93%)         454M (22%)    
[91.899s][info][gc,heap     ] GC(119)      Used:     1468M (72%)        1500M (73%)         244M (12%)         150M (7%)         1594M (78%)         148M (7%)     
[91.899s][info][gc,heap     ] GC(119)      Live:         -                 7M (0%)            7M (0%)            7M (0%)             -                  -          
[91.899s][info][gc,heap     ] GC(119) Allocated:         -                32M (2%)          134M (7%)          139M (7%)             -                  -          
[91.899s][info][gc,heap     ] GC(119)   Garbage:         -              1460M (71%)         102M (5%)            2M (0%)             -                  -          
[91.899s][info][gc,heap     ] GC(119) Reclaimed:         -                  -              1358M (66%)        1457M (71%)            -                  -          
[91.899s][info][gc          ] GC(119) Garbage Collection (Allocation Rate) 1468M(72%)->150M(7%)
[92.626s][info][gc,start    ] GC(120) Garbage Collection (Allocation Rate)
[92.626s][info][gc,task     ] GC(120) Using 1 workers
[92.626s][info][gc,phases   ] GC(120) Pause Mark Start 0.012ms
[92.643s][info][gc,phases   ] GC(120) Concurrent Mark 16.903ms
[92.643s][info][gc,phases   ] GC(120) Pause Mark End 0.018ms
[92.643s][info][gc,phases   ] GC(120) Concurrent Mark Free 0.002ms
[92.854s][info][gc,phases   ] GC(120) Concurrent Process Non-Strong References 210.503ms
[92.854s][info][gc,phases   ] GC(120) Concurrent Reset Relocation Set 0.007ms
[92.854s][info][gc          ] Allocation Stall (Thread-302) 26.259ms
[92.854s][info][gc          ] Allocation Stall (Thread-320) 26.210ms
[92.854s][info][gc          ] Allocation Stall (Thread-303) 26.255ms
[92.854s][info][gc          ] Allocation Stall (Thread-322) 26.950ms
[92.854s][info][gc          ] Allocation Stall (Thread-331) 26.812ms
[92.854s][info][gc          ] Allocation Stall (Thread-321) 26.264ms
[92.854s][info][gc          ] Allocation Stall (Thread-336) 27.698ms
[92.854s][info][gc          ] Allocation Stall (Thread-338) 27.170ms
[92.854s][info][gc          ] Allocation Stall (Thread-299) 26.366ms
[92.854s][info][gc          ] Allocation Stall (Thread-311) 26.452ms
[92.854s][info][gc          ] Allocation Stall (Thread-300) 27.307ms
[92.854s][info][gc          ] Allocation Stall (Thread-309) 26.235ms
[92.854s][info][gc          ] Allocation Stall (Thread-340) 26.508ms
[92.854s][info][gc          ] Allocation Stall (Thread-341) 27.349ms
[92.854s][info][gc          ] Allocation Stall (Thread-315) 26.285ms
[92.854s][info][gc          ] Allocation Stall (Thread-316) 28.748ms
[92.854s][info][gc          ] Allocation Stall (Thread-329) 26.491ms
[92.854s][info][gc          ] Allocation Stall (Thread-307) 27.276ms
[92.854s][info][gc          ] Allocation Stall (Thread-330) 26.485ms
[92.854s][info][gc          ] Allocation Stall (Thread-313) 27.428ms
[92.854s][info][gc          ] Allocation Stall (Thread-305) 28.529ms
[92.854s][info][gc          ] Allocation Stall (Thread-325) 27.948ms
[92.854s][info][gc          ] Allocation Stall (Thread-319) 26.260ms
[92.854s][info][gc          ] Allocation Stall (Thread-332) 27.910ms
[92.854s][info][gc          ] Allocation Stall (Thread-344) 20.371ms
[92.854s][info][gc          ] Allocation Stall (Thread-335) 26.512ms
[92.854s][info][gc          ] Allocation Stall (Thread-318) 28.251ms
[92.854s][info][gc          ] Allocation Stall (Thread-333) 27.742ms
[92.854s][info][gc          ] Allocation Stall (Thread-297) 28.448ms
[92.854s][info][gc          ] Allocation Stall (Thread-343) 28.477ms
[92.854s][info][gc          ] Allocation Stall (Thread-296) 27.380ms
[92.854s][info][gc          ] Allocation Stall (Thread-298) 28.901ms
[92.854s][info][gc          ] Allocation Stall (Thread-327) 27.957ms
[92.854s][info][gc          ] Allocation Stall (Thread-301) 26.268ms
[92.854s][info][gc          ] Allocation Stall (Thread-310) 26.536ms
[92.854s][info][gc          ] Allocation Stall (Thread-304) 26.658ms
[92.854s][info][gc          ] Allocation Stall (Thread-314) 28.214ms
[92.854s][info][gc          ] Allocation Stall (Thread-324) 27.126ms
[92.854s][info][gc          ] Allocation Stall (Thread-342) 28.484ms
[92.854s][info][gc          ] Allocation Stall (Thread-323) 27.300ms
[92.854s][info][gc          ] Allocation Stall (Thread-339) 28.229ms
[92.860s][info][gc,phases   ] GC(120) Concurrent Select Relocation Set 5.651ms
[92.860s][info][gc,phases   ] GC(120) Pause Relocate Start 0.010ms
[92.861s][info][gc,phases   ] GC(120) Concurrent Relocate 0.674ms
[92.861s][info][gc,load     ] GC(120) Load: 0.00/0.00/0.00
[92.861s][info][gc,mmu      ] GC(120) MMU: 2ms/95.9%, 5ms/98.4%, 10ms/99.2%, 20ms/99.5%, 50ms/99.8%, 100ms/99.9%
[92.861s][info][gc,marking  ] GC(120) Mark: 1 stripe(s), 2 proactive flush(es), 1 terminate flush(es), 0 completion(s), 0 continuation(s) 
[92.861s][info][gc,marking  ] GC(120) Mark Stack Usage: 32M
[92.861s][info][gc,nmethod  ] GC(120) NMethods: 2244 registered, 573 unregistered
[92.861s][info][gc,metaspace] GC(120) Metaspace: 13M used, 14M committed, 1088M reserved
[92.861s][info][gc,ref      ] GC(120) Soft: 134 encountered, 0 discovered, 0 enqueued
[92.861s][info][gc,ref      ] GC(120) Weak: 721 encountered, 455 discovered, 0 enqueued
[92.861s][info][gc,ref      ] GC(120) Final: 0 encountered, 0 discovered, 0 enqueued
[92.861s][info][gc,ref      ] GC(120) Phantom: 59 encountered, 41 discovered, 0 enqueued
[92.861s][info][gc,reloc    ] GC(120) Small Pages: 819 / 1638M, Empty: 1524M, Relocated: 1M, In-Place: 0
[92.861s][info][gc,reloc    ] GC(120) Medium Pages: 0 / 0M, Empty: 0M, Relocated: 0M, In-Place: 0
[92.861s][info][gc,reloc    ] GC(120) Large Pages: 0 / 0M, Empty: 0M, Relocated: 0M, In-Place: 0
[92.861s][info][gc,reloc    ] GC(120) Forwarding Usage: 0M
[92.861s][info][gc,heap     ] GC(120) Min Capacity: 8M(0%)
[92.861s][info][gc,heap     ] GC(120) Max Capacity: 2048M(100%)
[92.861s][info][gc,heap     ] GC(120) Soft Max Capacity: 2048M(100%)
[92.862s][info][gc,heap     ] GC(120)                Mark Start          Mark End        Relocate Start      Relocate End           High               Low         
[92.862s][info][gc,heap     ] GC(120)  Capacity:     2048M (100%)       2048M (100%)       2048M (100%)       2048M (100%)       2048M (100%)       2048M (100%)   
[92.862s][info][gc,heap     ] GC(120)      Free:      410M (20%)         370M (18%)        1508M (74%)        1610M (79%)        1610M (79%)           0M (0%)     
[92.862s][info][gc,heap     ] GC(120)      Used:     1638M (80%)        1678M (82%)         540M (26%)         438M (21%)        2048M (100%)        438M (21%)    
[92.862s][info][gc,heap     ] GC(120)      Live:         -                 7M (0%)            7M (0%)            7M (0%)             -                  -          
[92.862s][info][gc,heap     ] GC(120) Allocated:         -                40M (2%)          426M (21%)         426M (21%)            -                  -          
[92.862s][info][gc,heap     ] GC(120)   Garbage:         -              1630M (80%)         106M (5%)            3M (0%)             -                  -          
[92.862s][info][gc,heap     ] GC(120) Reclaimed:         -                  -              1524M (74%)        1626M (79%)            -                  -          
[92.862s][info][gc          ] GC(120) Garbage Collection (Allocation Rate) 1638M(80%)->438M(21%)
[92.925s][info][gc,start    ] GC(121) Garbage Collection (Allocation Stall)
[92.925s][info][gc,ref      ] GC(121) Clearing All SoftReferences
[92.925s][info][gc,task     ] GC(121) Using 12 workers
[92.925s][info][gc,ref      ] GC(121) Clearing All SoftReferences
[92.925s][info][gc,phases   ] GC(121) Pause Mark Start 0.041ms
[92.929s][info][gc,phases   ] GC(121) Concurrent Mark 3.655ms
[92.929s][info][gc,phases   ] GC(121) Pause Mark End 0.023ms
[92.929s][info][gc,phases   ] GC(121) Concurrent Mark Free 0.001ms
[92.935s][info][gc,phases   ] GC(121) Concurrent Process Non-Strong References 6.281ms
[92.935s][info][gc,phases   ] GC(121) Concurrent Reset Relocation Set 0.006ms
[92.938s][info][gc,phases   ] GC(121) Concurrent Select Relocation Set 3.008ms
[92.939s][info][gc,phases   ] GC(121) Pause Relocate Start 0.006ms
[92.939s][info][gc,phases   ] GC(121) Concurrent Relocate 0.328ms
[92.939s][info][gc,load     ] GC(121) Load: 0.00/0.00/0.00
[92.939s][info][gc,mmu      ] GC(121) MMU: 2ms/95.9%, 5ms/98.4%, 10ms/99.2%, 20ms/99.5%, 50ms/99.8%, 100ms/99.9%
[92.939s][info][gc,marking  ] GC(121) Mark: 8 stripe(s), 2 proactive flush(es), 1 terminate flush(es), 0 completion(s), 0 continuation(s) 
[92.939s][info][gc,marking  ] GC(121) Mark Stack Usage: 32M
[92.939s][info][gc,nmethod  ] GC(121) NMethods: 2244 registered, 573 unregistered
[92.939s][info][gc,metaspace] GC(121) Metaspace: 13M used, 14M committed, 1088M reserved
[92.939s][info][gc,ref      ] GC(121) Soft: 134 encountered, 38 discovered, 0 enqueued
[92.939s][info][gc,ref      ] GC(121) Weak: 721 encountered, 168 discovered, 0 enqueued
[92.939s][info][gc,ref      ] GC(121) Final: 0 encountered, 0 discovered, 0 enqueued
[92.939s][info][gc,ref      ] GC(121) Phantom: 59 encountered, 42 discovered, 0 enqueued
[92.939s][info][gc,reloc    ] GC(121) Small Pages: 271 / 542M, Empty: 482M, Relocated: 1M, In-Place: 0
[92.939s][info][gc,reloc    ] GC(121) Medium Pages: 0 / 0M, Empty: 0M, Relocated: 0M, In-Place: 0
[92.939s][info][gc,reloc    ] GC(121) Large Pages: 0 / 0M, Empty: 0M, Relocated: 0M, In-Place: 0
[92.939s][info][gc,reloc    ] GC(121) Forwarding Usage: 0M
[92.939s][info][gc,heap     ] GC(121) Min Capacity: 8M(0%)
[92.939s][info][gc,heap     ] GC(121) Max Capacity: 2048M(100%)
[92.939s][info][gc,heap     ] GC(121) Soft Max Capacity: 2048M(100%)
[92.939s][info][gc,heap     ] GC(121)                Mark Start          Mark End        Relocate Start      Relocate End           High               Low         
[92.939s][info][gc,heap     ] GC(121)  Capacity:     2048M (100%)       2048M (100%)       2048M (100%)       2048M (100%)       2048M (100%)       2048M (100%)   
[92.939s][info][gc,heap     ] GC(121)      Free:     1506M (74%)        1492M (73%)        1960M (96%)        1986M (97%)        1986M (97%)        1482M (72%)    
[92.939s][info][gc,heap     ] GC(121)      Used:      542M (26%)         556M (27%)          88M (4%)           62M (3%)          566M (28%)          62M (3%)     
[92.939s][info][gc,heap     ] GC(121)      Live:         -                 7M (0%)            7M (0%)            7M (0%)             -                  -          
[92.939s][info][gc,heap     ] GC(121) Allocated:         -                14M (1%)           28M (1%)           28M (1%)             -                  -          
[92.939s][info][gc,heap     ] GC(121)   Garbage:         -               534M (26%)          52M (3%)           25M (1%)             -                  -          
[92.939s][info][gc,heap     ] GC(121) Reclaimed:         -                  -               482M (24%)         508M (25%)            -                  -          
[92.939s][info][gc          ] GC(121) Garbage Collection (Allocation Stall) 542M(26%)->62M(3%)
[93.424s][info][gc,start    ] GC(122) Garbage Collection (Allocation Rate)
[93.478s][info][gc,task     ] GC(122) Using 1 workers
[93.479s][info][gc,phases   ] GC(122) Pause Mark Start 0.013ms
[93.493s][info][gc,phases   ] GC(122) Concurrent Mark 14.711ms
[93.494s][info][gc,phases   ] GC(122) Pause Mark End 0.016ms
[93.494s][info][gc,phases   ] GC(122) Concurrent Mark Free 0.001ms
[93.541s][info][gc,phases   ] GC(122) Concurrent Process Non-Strong References 47.179ms
[93.541s][info][gc,phases   ] GC(122) Concurrent Reset Relocation Set 0.006ms
[93.546s][info][gc,phases   ] GC(122) Concurrent Select Relocation Set 4.750ms
[93.546s][info][gc,phases   ] GC(122) Pause Relocate Start 0.008ms
[93.548s][info][gc,phases   ] GC(122) Concurrent Relocate 2.431ms
[93.548s][info][gc,load     ] GC(122) Load: 0.00/0.00/0.00
[93.548s][info][gc,mmu      ] GC(122) MMU: 2ms/95.9%, 5ms/98.4%, 10ms/99.2%, 20ms/99.5%, 50ms/99.8%, 100ms/99.9%
[93.548s][info][gc,marking  ] GC(122) Mark: 1 stripe(s), 2 proactive flush(es), 1 terminate flush(es), 0 completion(s), 0 continuation(s) 
[93.548s][info][gc,marking  ] GC(122) Mark Stack Usage: 32M
[93.548s][info][gc,nmethod  ] GC(122) NMethods: 2244 registered, 573 unregistered
[93.548s][info][gc,metaspace] GC(122) Metaspace: 13M used, 14M committed, 1088M reserved
[93.549s][info][gc,ref      ] GC(122) Soft: 134 encountered, 0 discovered, 0 enqueued
[93.549s][info][gc,ref      ] GC(122) Weak: 721 encountered, 455 discovered, 0 enqueued
[93.549s][info][gc,ref      ] GC(122) Final: 0 encountered, 0 discovered, 0 enqueued
[93.549s][info][gc,ref      ] GC(122) Phantom: 59 encountered, 41 discovered, 0 enqueued
[93.549s][info][gc,reloc    ] GC(122) Small Pages: 491 / 982M, Empty: 880M, Relocated: 3M, In-Place: 0
[93.549s][info][gc,reloc    ] GC(122) Medium Pages: 0 / 0M, Empty: 0M, Relocated: 0M, In-Place: 0
[93.549s][info][gc,reloc    ] GC(122) Large Pages: 0 / 0M, Empty: 0M, Relocated: 0M, In-Place: 0
[93.549s][info][gc,reloc    ] GC(122) Forwarding Usage: 0M
[93.549s][info][gc,heap     ] GC(122) Min Capacity: 8M(0%)
[93.549s][info][gc,heap     ] GC(122) Max Capacity: 2048M(100%)
[93.549s][info][gc,heap     ] GC(122) Soft Max Capacity: 2048M(100%)
[93.549s][info][gc,heap     ] GC(122)                Mark Start          Mark End        Relocate Start      Relocate End           High               Low         
[93.549s][info][gc,heap     ] GC(122)  Capacity:     2048M (100%)       2048M (100%)       2048M (100%)       2048M (100%)       2048M (100%)       2048M (100%)   
[93.549s][info][gc,heap     ] GC(122)      Free:     1066M (52%)        1030M (50%)        1816M (89%)        1906M (93%)        1906M (93%)         944M (46%)    
[93.549s][info][gc,heap     ] GC(122)      Used:      982M (48%)        1018M (50%)         232M (11%)         142M (7%)         1104M (54%)         142M (7%)     
[93.549s][info][gc,heap     ] GC(122)      Live:         -                 8M (0%)            8M (0%)            8M (0%)             -                  -          
[93.549s][info][gc,heap     ] GC(122) Allocated:         -                36M (2%)          130M (6%)          132M (6%)             -                  -          
[93.549s][info][gc,heap     ] GC(122)   Garbage:         -               973M (48%)          93M (5%)            1M (0%)             -                  -          
[93.549s][info][gc,heap     ] GC(122) Reclaimed:         -                  -               880M (43%)         972M (47%)            -                  -          
[93.549s][info][gc          ] GC(122) Garbage Collection (Allocation Rate) 982M(48%)->142M(7%)
[94.125s][info][gc,start    ] GC(123) Garbage Collection (Allocation Rate)
[94.125s][info][gc,task     ] GC(123) Using 1 workers
[94.125s][info][gc,phases   ] GC(123) Pause Mark Start 0.012ms
[94.140s][info][gc,phases   ] GC(123) Concurrent Mark 14.824ms
[94.141s][info][gc,phases   ] GC(123) Pause Mark End 0.017ms
[94.141s][info][gc,phases   ] GC(123) Concurrent Mark Free 0.001ms
[94.193s][info][gc,phases   ] GC(123) Concurrent Process Non-Strong References 52.252ms
[94.193s][info][gc,phases   ] GC(123) Concurrent Reset Relocation Set 0.005ms
[94.198s][info][gc,phases   ] GC(123) Concurrent Select Relocation Set 4.729ms
[94.198s][info][gc,phases   ] GC(123) Pause Relocate Start 0.006ms
[94.199s][info][gc,phases   ] GC(123) Concurrent Relocate 0.495ms
[94.199s][info][gc,load     ] GC(123) Load: 0.00/0.00/0.00
[94.199s][info][gc,mmu      ] GC(123) MMU: 2ms/95.9%, 5ms/98.4%, 10ms/99.2%, 20ms/99.5%, 50ms/99.8%, 100ms/99.9%
[94.199s][info][gc,marking  ] GC(123) Mark: 1 stripe(s), 2 proactive flush(es), 1 terminate flush(es), 0 completion(s), 0 continuation(s) 
[94.199s][info][gc,marking  ] GC(123) Mark Stack Usage: 32M
[94.199s][info][gc,nmethod  ] GC(123) NMethods: 2244 registered, 573 unregistered
[94.199s][info][gc,metaspace] GC(123) Metaspace: 13M used, 14M committed, 1088M reserved
[94.199s][info][gc,ref      ] GC(123) Soft: 134 encountered, 0 discovered, 0 enqueued
[94.199s][info][gc,ref      ] GC(123) Weak: 721 encountered, 455 discovered, 0 enqueued
[94.199s][info][gc,ref      ] GC(123) Final: 0 encountered, 0 discovered, 0 enqueued
[94.199s][info][gc,ref      ] GC(123) Phantom: 59 encountered, 41 discovered, 0 enqueued
[94.199s][info][gc,reloc    ] GC(123) Small Pages: 583 / 1166M, Empty: 1072M, Relocated: 1M, In-Place: 0
[94.199s][info][gc,reloc    ] GC(123) Medium Pages: 0 / 0M, Empty: 0M, Relocated: 0M, In-Place: 0
[94.199s][info][gc,reloc    ] GC(123) Large Pages: 0 / 0M, Empty: 0M, Relocated: 0M, In-Place: 0
[94.199s][info][gc,reloc    ] GC(123) Forwarding Usage: 0M
[94.199s][info][gc,heap     ] GC(123) Min Capacity: 8M(0%)
[94.199s][info][gc,heap     ] GC(123) Max Capacity: 2048M(100%)
[94.199s][info][gc,heap     ] GC(123) Soft Max Capacity: 2048M(100%)
[94.199s][info][gc,heap     ] GC(123)                Mark Start          Mark End        Relocate Start      Relocate End           High               Low         
[94.199s][info][gc,heap     ] GC(123)  Capacity:     2048M (100%)       2048M (100%)       2048M (100%)       2048M (100%)       2048M (100%)       2048M (100%)   
[94.199s][info][gc,heap     ] GC(123)      Free:      882M (43%)         846M (41%)        1806M (88%)        1886M (92%)        1886M (92%)         744M (36%)    
[94.199s][info][gc,heap     ] GC(123)      Used:     1166M (57%)        1202M (59%)         242M (12%)         162M (8%)         1304M (64%)         162M (8%)     
[94.199s][info][gc,heap     ] GC(123)      Live:         -                 8M (0%)            8M (0%)            8M (0%)             -                  -          
[94.199s][info][gc,heap     ] GC(123) Allocated:         -                36M (2%)          148M (7%)          150M (7%)             -                  -          
[94.199s][info][gc,heap     ] GC(123)   Garbage:         -              1157M (57%)          85M (4%)            3M (0%)             -                  -          
[94.199s][info][gc,heap     ] GC(123) Reclaimed:         -                  -              1072M (52%)        1154M (56%)            -                  -          
[94.199s][info][gc          ] GC(123) Garbage Collection (Allocation Rate) 1166M(57%)->162M(8%)
[94.825s][info][gc,start    ] GC(124) Garbage Collection (Allocation Rate)
[94.838s][info][gc,task     ] GC(124) Using 1 workers
[94.839s][info][gc,phases   ] GC(124) Pause Mark Start 0.013ms
[94.852s][info][gc,phases   ] GC(124) Concurrent Mark 13.745ms
[94.853s][info][gc,phases   ] GC(124) Pause Mark End 0.018ms
[94.853s][info][gc,phases   ] GC(124) Concurrent Mark Free 0.001ms
[94.910s][info][gc,phases   ] GC(124) Concurrent Process Non-Strong References 57.302ms
[94.910s][info][gc,phases   ] GC(124) Concurrent Reset Relocation Set 0.006ms
[94.913s][info][gc,phases   ] GC(124) Concurrent Select Relocation Set 3.349ms
[94.914s][info][gc,phases   ] GC(124) Pause Relocate Start 0.008ms
[94.914s][info][gc,phases   ] GC(124) Concurrent Relocate 0.504ms
[94.914s][info][gc,load     ] GC(124) Load: 0.00/0.00/0.00
[94.914s][info][gc,mmu      ] GC(124) MMU: 2ms/95.9%, 5ms/98.4%, 10ms/99.2%, 20ms/99.5%, 50ms/99.8%, 100ms/99.9%
[94.914s][info][gc,marking  ] GC(124) Mark: 1 stripe(s), 2 proactive flush(es), 1 terminate flush(es), 0 completion(s), 0 continuation(s) 
[94.914s][info][gc,marking  ] GC(124) Mark Stack Usage: 32M
[94.914s][info][gc,nmethod  ] GC(124) NMethods: 2244 registered, 574 unregistered
[94.914s][info][gc,metaspace] GC(124) Metaspace: 13M used, 14M committed, 1088M reserved
[94.914s][info][gc,ref      ] GC(124) Soft: 134 encountered, 0 discovered, 0 enqueued
[94.914s][info][gc,ref      ] GC(124) Weak: 721 encountered, 455 discovered, 0 enqueued
[94.914s][info][gc,ref      ] GC(124) Final: 0 encountered, 0 discovered, 0 enqueued
[94.914s][info][gc,ref      ] GC(124) Phantom: 59 encountered, 41 discovered, 0 enqueued
[94.914s][info][gc,reloc    ] GC(124) Small Pages: 677 / 1354M, Empty: 1246M, Relocated: 1M, In-Place: 0
[94.914s][info][gc,reloc    ] GC(124) Medium Pages: 0 / 0M, Empty: 0M, Relocated: 0M, In-Place: 0
[94.914s][info][gc,reloc    ] GC(124) Large Pages: 0 / 0M, Empty: 0M, Relocated: 0M, In-Place: 0
[94.914s][info][gc,reloc    ] GC(124) Forwarding Usage: 0M
[94.915s][info][gc,heap     ] GC(124) Min Capacity: 8M(0%)
[94.915s][info][gc,heap     ] GC(124) Max Capacity: 2048M(100%)
[94.915s][info][gc,heap     ] GC(124) Soft Max Capacity: 2048M(100%)
[94.915s][info][gc,heap     ] GC(124)                Mark Start          Mark End        Relocate Start      Relocate End           High               Low         
[94.915s][info][gc,heap     ] GC(124)  Capacity:     2048M (100%)       2048M (100%)       2048M (100%)       2048M (100%)       2048M (100%)       2048M (100%)   
[94.915s][info][gc,heap     ] GC(124)      Free:      694M (34%)         662M (32%)        1786M (87%)        1882M (92%)        1882M (92%)         548M (27%)    
[94.915s][info][gc,heap     ] GC(124)      Used:     1354M (66%)        1386M (68%)         262M (13%)         166M (8%)         1500M (73%)         166M (8%)     
[94.915s][info][gc,heap     ] GC(124)      Live:         -                 8M (0%)            8M (0%)            8M (0%)             -                  -          
[94.915s][info][gc,heap     ] GC(124) Allocated:         -                32M (2%)          154M (8%)          154M (8%)             -                  -          
[94.915s][info][gc,heap     ] GC(124)   Garbage:         -              1345M (66%)          99M (5%)            3M (0%)             -                  -          
[94.915s][info][gc,heap     ] GC(124) Reclaimed:         -                  -              1246M (61%)        1342M (66%)            -                  -          
[94.915s][info][gc          ] GC(124) Garbage Collection (Allocation Rate) 1354M(66%)->166M(8%)
[95.726s][info][gc,start    ] GC(125) Garbage Collection (Allocation Rate)
[95.726s][info][gc,task     ] GC(125) Using 1 workers
[95.784s][info][gc,phases   ] GC(125) Pause Mark Start 0.018ms
[95.809s][info][gc,phases   ] GC(125) Concurrent Mark 25.082ms
[95.809s][info][gc,phases   ] GC(125) Pause Mark End 0.019ms
[95.809s][info][gc,phases   ] GC(125) Concurrent Mark Free 0.001ms
[95.868s][info][gc,phases   ] GC(125) Concurrent Process Non-Strong References 59.180ms
[95.869s][info][gc,phases   ] GC(125) Concurrent Reset Relocation Set 0.006ms
[95.872s][info][gc,phases   ] GC(125) Concurrent Select Relocation Set 3.256ms
[95.872s][info][gc,phases   ] GC(125) Pause Relocate Start 0.008ms
[95.874s][info][gc,phases   ] GC(125) Concurrent Relocate 2.244ms
[95.874s][info][gc,load     ] GC(125) Load: 0.00/0.00/0.00
[95.874s][info][gc,mmu      ] GC(125) MMU: 2ms/95.9%, 5ms/98.4%, 10ms/99.2%, 20ms/99.5%, 50ms/99.8%, 100ms/99.9%
[95.874s][info][gc,marking  ] GC(125) Mark: 1 stripe(s), 2 proactive flush(es), 1 terminate flush(es), 0 completion(s), 0 continuation(s) 
[95.874s][info][gc,marking  ] GC(125) Mark Stack Usage: 32M
[95.874s][info][gc,nmethod  ] GC(125) NMethods: 2244 registered, 574 unregistered
[95.874s][info][gc,metaspace] GC(125) Metaspace: 13M used, 14M committed, 1088M reserved
[95.874s][info][gc,ref      ] GC(125) Soft: 134 encountered, 0 discovered, 0 enqueued
[95.874s][info][gc,ref      ] GC(125) Weak: 721 encountered, 455 discovered, 0 enqueued
[95.874s][info][gc,ref      ] GC(125) Final: 0 encountered, 0 discovered, 0 enqueued
[95.874s][info][gc,ref      ] GC(125) Phantom: 59 encountered, 41 discovered, 0 enqueued
[95.874s][info][gc,reloc    ] GC(125) Small Pages: 757 / 1514M, Empty: 1390M, Relocated: 3M, In-Place: 0
[95.874s][info][gc,reloc    ] GC(125) Medium Pages: 0 / 0M, Empty: 0M, Relocated: 0M, In-Place: 0
[95.875s][info][gc,reloc    ] GC(125) Large Pages: 0 / 0M, Empty: 0M, Relocated: 0M, In-Place: 0
[95.875s][info][gc,reloc    ] GC(125) Forwarding Usage: 0M
[95.875s][info][gc,heap     ] GC(125) Min Capacity: 8M(0%)
[95.875s][info][gc,heap     ] GC(125) Max Capacity: 2048M(100%)
[95.875s][info][gc,heap     ] GC(125) Soft Max Capacity: 2048M(100%)
[95.875s][info][gc,heap     ] GC(125)                Mark Start          Mark End        Relocate Start      Relocate End           High               Low         
[95.875s][info][gc,heap     ] GC(125)  Capacity:     2048M (100%)       2048M (100%)       2048M (100%)       2048M (100%)       2048M (100%)       2048M (100%)   
[95.875s][info][gc,heap     ] GC(125)      Free:      534M (26%)         496M (24%)        1788M (87%)        1898M (93%)        1898M (93%)         404M (20%)    
[95.875s][info][gc,heap     ] GC(125)      Used:     1514M (74%)        1552M (76%)         260M (13%)         150M (7%)         1644M (80%)         150M (7%)     
[95.875s][info][gc,heap     ] GC(125)      Live:         -                 8M (0%)            8M (0%)            8M (0%)             -                  -          
[95.875s][info][gc,heap     ] GC(125) Allocated:         -                38M (2%)          136M (7%)          140M (7%)             -                  -          
[95.875s][info][gc,heap     ] GC(125)   Garbage:         -              1505M (74%)         115M (6%)            1M (0%)             -                  -          
[95.875s][info][gc,heap     ] GC(125) Reclaimed:         -                  -              1390M (68%)        1504M (73%)            -                  -          
[95.875s][info][gc          ] GC(125) Garbage Collection (Allocation Rate) 1514M(74%)->150M(7%)
[96.526s][info][gc,start    ] GC(126) Garbage Collection (Allocation Rate)
[96.526s][info][gc,task     ] GC(126) Using 1 workers
[96.526s][info][gc,phases   ] GC(126) Pause Mark Start 0.011ms
[96.541s][info][gc,phases   ] GC(126) Concurrent Mark 14.422ms
[96.541s][info][gc,phases   ] GC(126) Pause Mark End 0.015ms
[96.541s][info][gc,phases   ] GC(126) Concurrent Mark Free 0.001ms
[96.589s][info][gc,phases   ] GC(126) Concurrent Process Non-Strong References 47.793ms
[96.589s][info][gc,phases   ] GC(126) Concurrent Reset Relocation Set 0.006ms
[96.593s][info][gc,phases   ] GC(126) Concurrent Select Relocation Set 4.438ms
[96.593s][info][gc,phases   ] GC(126) Pause Relocate Start 0.008ms
[96.594s][info][gc,phases   ] GC(126) Concurrent Relocate 0.449ms
[96.594s][info][gc,load     ] GC(126) Load: 0.00/0.00/0.00
[96.594s][info][gc,mmu      ] GC(126) MMU: 2ms/95.9%, 5ms/98.4%, 10ms/99.2%, 20ms/99.5%, 50ms/99.8%, 100ms/99.9%
[96.594s][info][gc,marking  ] GC(126) Mark: 1 stripe(s), 2 proactive flush(es), 1 terminate flush(es), 0 completion(s), 0 continuation(s) 
[96.594s][info][gc,marking  ] GC(126) Mark Stack Usage: 32M
[96.594s][info][gc,nmethod  ] GC(126) NMethods: 2244 registered, 574 unregistered
[96.594s][info][gc,metaspace] GC(126) Metaspace: 13M used, 14M committed, 1088M reserved
[96.594s][info][gc,ref      ] GC(126) Soft: 134 encountered, 0 discovered, 0 enqueued
[96.594s][info][gc,ref      ] GC(126) Weak: 721 encountered, 455 discovered, 0 enqueued
[96.594s][info][gc,ref      ] GC(126) Final: 0 encountered, 0 discovered, 0 enqueued
[96.594s][info][gc,ref      ] GC(126) Phantom: 59 encountered, 41 discovered, 0 enqueued
[96.594s][info][gc,reloc    ] GC(126) Small Pages: 704 / 1408M, Empty: 1308M, Relocated: 1M, In-Place: 0
[96.594s][info][gc,reloc    ] GC(126) Medium Pages: 0 / 0M, Empty: 0M, Relocated: 0M, In-Place: 0
[96.594s][info][gc,reloc    ] GC(126) Large Pages: 0 / 0M, Empty: 0M, Relocated: 0M, In-Place: 0
[96.594s][info][gc,reloc    ] GC(126) Forwarding Usage: 0M
[96.594s][info][gc,heap     ] GC(126) Min Capacity: 8M(0%)
[96.594s][info][gc,heap     ] GC(126) Max Capacity: 2048M(100%)
[96.594s][info][gc,heap     ] GC(126) Soft Max Capacity: 2048M(100%)
[96.594s][info][gc,heap     ] GC(126)                Mark Start          Mark End        Relocate Start      Relocate End           High               Low         
[96.594s][info][gc,heap     ] GC(126)  Capacity:     2048M (100%)       2048M (100%)       2048M (100%)       2048M (100%)       2048M (100%)       2048M (100%)   
[96.594s][info][gc,heap     ] GC(126)      Free:      640M (31%)         606M (30%)        1818M (89%)        1906M (93%)        1906M (93%)         518M (25%)    
[96.594s][info][gc,heap     ] GC(126)      Used:     1408M (69%)        1442M (70%)         230M (11%)         142M (7%)         1530M (75%)         142M (7%)     
[96.594s][info][gc,heap     ] GC(126)      Live:         -                 8M (0%)            8M (0%)            8M (0%)             -                  -          
[96.594s][info][gc,heap     ] GC(126) Allocated:         -                34M (2%)          130M (6%)          130M (6%)             -                  -          
[96.594s][info][gc,heap     ] GC(126)   Garbage:         -              1399M (68%)          91M (4%)            3M (0%)             -                  -          
[96.594s][info][gc,heap     ] GC(126) Reclaimed:         -                  -              1308M (64%)        1396M (68%)            -                  -          
[96.594s][info][gc          ] GC(126) Garbage Collection (Allocation Rate) 1408M(69%)->142M(7%)
[97.225s][info][gc,start    ] GC(127) Garbage Collection (Allocation Rate)
[97.225s][info][gc,task     ] GC(127) Using 1 workers
[97.226s][info][gc,phases   ] GC(127) Pause Mark Start 0.011ms
[97.239s][info][gc,phases   ] GC(127) Concurrent Mark 13.418ms
[97.239s][info][gc,phases   ] GC(127) Pause Mark End 0.017ms
[97.239s][info][gc,phases   ] GC(127) Concurrent Mark Free 0.001ms
[97.289s][info][gc,phases   ] GC(127) Concurrent Process Non-Strong References 49.419ms
[97.289s][info][gc,phases   ] GC(127) Concurrent Reset Relocation Set 0.006ms
[97.293s][info][gc,phases   ] GC(127) Concurrent Select Relocation Set 4.315ms
[97.293s][info][gc,phases   ] GC(127) Pause Relocate Start 0.007ms
[97.294s][info][gc,phases   ] GC(127) Concurrent Relocate 0.460ms
[97.294s][info][gc,load     ] GC(127) Load: 0.00/0.00/0.00
[97.294s][info][gc,mmu      ] GC(127) MMU: 2ms/95.9%, 5ms/98.4%, 10ms/99.2%, 20ms/99.5%, 50ms/99.8%, 100ms/99.9%
[97.294s][info][gc,marking  ] GC(127) Mark: 1 stripe(s), 2 proactive flush(es), 1 terminate flush(es), 0 completion(s), 0 continuation(s) 
[97.294s][info][gc,marking  ] GC(127) Mark Stack Usage: 32M
[97.294s][info][gc,nmethod  ] GC(127) NMethods: 2244 registered, 574 unregistered
[97.294s][info][gc,metaspace] GC(127) Metaspace: 13M used, 14M committed, 1088M reserved
[97.294s][info][gc,ref      ] GC(127) Soft: 134 encountered, 0 discovered, 0 enqueued
[97.294s][info][gc,ref      ] GC(127) Weak: 721 encountered, 455 discovered, 0 enqueued
[97.294s][info][gc,ref      ] GC(127) Final: 0 encountered, 0 discovered, 0 enqueued
[97.294s][info][gc,ref      ] GC(127) Phantom: 59 encountered, 41 discovered, 0 enqueued
[97.294s][info][gc,reloc    ] GC(127) Small Pages: 637 / 1274M, Empty: 1170M, Relocated: 1M, In-Place: 0
[97.294s][info][gc,reloc    ] GC(127) Medium Pages: 0 / 0M, Empty: 0M, Relocated: 0M, In-Place: 0
[97.294s][info][gc,reloc    ] GC(127) Large Pages: 0 / 0M, Empty: 0M, Relocated: 0M, In-Place: 0
[97.294s][info][gc,reloc    ] GC(127) Forwarding Usage: 0M
[97.294s][info][gc,heap     ] GC(127) Min Capacity: 8M(0%)
[97.294s][info][gc,heap     ] GC(127) Max Capacity: 2048M(100%)
[97.294s][info][gc,heap     ] GC(127) Soft Max Capacity: 2048M(100%)
[97.294s][info][gc,heap     ] GC(127)                Mark Start          Mark End        Relocate Start      Relocate End           High               Low         
[97.294s][info][gc,heap     ] GC(127)  Capacity:     2048M (100%)       2048M (100%)       2048M (100%)       2048M (100%)       2048M (100%)       2048M (100%)   
[97.294s][info][gc,heap     ] GC(127)      Free:      774M (38%)         744M (36%)        1816M (89%)        1908M (93%)        1908M (93%)         652M (32%)    
[97.294s][info][gc,heap     ] GC(127)      Used:     1274M (62%)        1304M (64%)         232M (11%)         140M (7%)         1396M (68%)         140M (7%)     
[97.294s][info][gc,heap     ] GC(127)      Live:         -                 8M (0%)            8M (0%)            8M (0%)             -                  -          
[97.294s][info][gc,heap     ] GC(127) Allocated:         -                30M (1%)          128M (6%)          128M (6%)             -                  -          
[97.294s][info][gc,heap     ] GC(127)   Garbage:         -              1265M (62%)          95M (5%)            3M (0%)             -                  -          
[97.294s][info][gc,heap     ] GC(127) Reclaimed:         -                  -              1170M (57%)        1262M (62%)            -                  -          
[97.294s][info][gc          ] GC(127) Garbage Collection (Allocation Rate) 1274M(62%)->140M(7%)
[98.125s][info][gc,start    ] GC(128) Garbage Collection (Allocation Rate)
[98.125s][info][gc,task     ] GC(128) Using 1 workers
[98.125s][info][gc,phases   ] GC(128) Pause Mark Start 0.010ms
[98.138s][info][gc,phases   ] GC(128) Concurrent Mark 12.933ms
[98.138s][info][gc,phases   ] GC(128) Pause Mark End 0.016ms
[98.138s][info][gc,phases   ] GC(128) Concurrent Mark Free 0.002ms
[98.197s][info][gc,phases   ] GC(128) Concurrent Process Non-Strong References 58.255ms
[98.197s][info][gc,phases   ] GC(128) Concurrent Reset Relocation Set 0.006ms
[98.202s][info][gc,phases   ] GC(128) Concurrent Select Relocation Set 4.873ms
[98.202s][info][gc,phases   ] GC(128) Pause Relocate Start 0.007ms
[98.202s][info][gc,phases   ] GC(128) Concurrent Relocate 0.364ms
[98.202s][info][gc,load     ] GC(128) Load: 0.00/0.00/0.00
[98.202s][info][gc,mmu      ] GC(128) MMU: 2ms/95.9%, 5ms/98.4%, 10ms/99.2%, 20ms/99.5%, 50ms/99.8%, 100ms/99.9%
[98.202s][info][gc,marking  ] GC(128) Mark: 1 stripe(s), 2 proactive flush(es), 1 terminate flush(es), 0 completion(s), 0 continuation(s) 
[98.202s][info][gc,marking  ] GC(128) Mark Stack Usage: 32M
[98.202s][info][gc,nmethod  ] GC(128) NMethods: 2244 registered, 574 unregistered
[98.203s][info][gc,metaspace] GC(128) Metaspace: 13M used, 14M committed, 1088M reserved
[98.203s][info][gc,ref      ] GC(128) Soft: 134 encountered, 0 discovered, 0 enqueued
[98.203s][info][gc,ref      ] GC(128) Weak: 721 encountered, 455 discovered, 0 enqueued
[98.203s][info][gc,ref      ] GC(128) Final: 0 encountered, 0 discovered, 0 enqueued
[98.203s][info][gc,ref      ] GC(128) Phantom: 59 encountered, 41 discovered, 0 enqueued
[98.203s][info][gc,reloc    ] GC(128) Small Pages: 828 / 1656M, Empty: 1534M, Relocated: 0M, In-Place: 0
[98.203s][info][gc,reloc    ] GC(128) Medium Pages: 0 / 0M, Empty: 0M, Relocated: 0M, In-Place: 0
[98.203s][info][gc,reloc    ] GC(128) Large Pages: 0 / 0M, Empty: 0M, Relocated: 0M, In-Place: 0
[98.203s][info][gc,reloc    ] GC(128) Forwarding Usage: 0M
[98.203s][info][gc,heap     ] GC(128) Min Capacity: 8M(0%)
[98.203s][info][gc,heap     ] GC(128) Max Capacity: 2048M(100%)
[98.203s][info][gc,heap     ] GC(128) Soft Max Capacity: 2048M(100%)
[98.203s][info][gc,heap     ] GC(128)                Mark Start          Mark End        Relocate Start      Relocate End           High               Low         
[98.203s][info][gc,heap     ] GC(128)  Capacity:     2048M (100%)       2048M (100%)       2048M (100%)       2048M (100%)       2048M (100%)       2048M (100%)   
[98.203s][info][gc,heap     ] GC(128)      Free:      392M (19%)         362M (18%)        1778M (87%)        1888M (92%)        1888M (92%)         254M (12%)    
[98.203s][info][gc,heap     ] GC(128)      Used:     1656M (81%)        1686M (82%)         270M (13%)         160M (8%)         1794M (88%)         160M (8%)     
[98.203s][info][gc,heap     ] GC(128)      Live:         -                 8M (0%)            8M (0%)            8M (0%)             -                  -          
[98.203s][info][gc,heap     ] GC(128) Allocated:         -                30M (1%)          148M (7%)          147M (7%)             -                  -          
[98.203s][info][gc,heap     ] GC(128)   Garbage:         -              1647M (80%)         113M (6%)            3M (0%)             -                  -          
[98.203s][info][gc,heap     ] GC(128) Reclaimed:         -                  -              1534M (75%)        1643M (80%)            -                  -          
[98.203s][info][gc          ] GC(128) Garbage Collection (Allocation Rate) 1656M(81%)->160M(8%)
[99.025s][info][gc,start    ] GC(129) Garbage Collection (Allocation Rate)
[99.025s][info][gc,task     ] GC(129) Using 1 workers
[99.025s][info][gc,phases   ] GC(129) Pause Mark Start 0.010ms
[99.039s][info][gc,phases   ] GC(129) Concurrent Mark 13.486ms
[99.039s][info][gc,phases   ] GC(129) Pause Mark End 0.014ms
[99.039s][info][gc,phases   ] GC(129) Concurrent Mark Free 0.001ms
[99.084s][info][gc,phases   ] GC(129) Concurrent Process Non-Strong References 44.646ms
[99.084s][info][gc,phases   ] GC(129) Concurrent Reset Relocation Set 0.007ms
[99.087s][info][gc,phases   ] GC(129) Concurrent Select Relocation Set 3.235ms
[99.087s][info][gc,phases   ] GC(129) Pause Relocate Start 0.007ms
[99.088s][info][gc,phases   ] GC(129) Concurrent Relocate 0.395ms
[99.088s][info][gc,load     ] GC(129) Load: 0.00/0.00/0.00
[99.088s][info][gc,mmu      ] GC(129) MMU: 2ms/95.9%, 5ms/98.4%, 10ms/99.2%, 20ms/99.5%, 50ms/99.8%, 100ms/99.9%
[99.088s][info][gc,marking  ] GC(129) Mark: 1 stripe(s), 2 proactive flush(es), 1 terminate flush(es), 0 completion(s), 0 continuation(s) 
[99.088s][info][gc,marking  ] GC(129) Mark Stack Usage: 32M
[99.088s][info][gc,nmethod  ] GC(129) NMethods: 2244 registered, 575 unregistered
[99.088s][info][gc,metaspace] GC(129) Metaspace: 13M used, 14M committed, 1088M reserved
[99.088s][info][gc,ref      ] GC(129) Soft: 134 encountered, 0 discovered, 0 enqueued
[99.088s][info][gc,ref      ] GC(129) Weak: 721 encountered, 455 discovered, 0 enqueued
[99.088s][info][gc,ref      ] GC(129) Final: 0 encountered, 0 discovered, 0 enqueued
[99.088s][info][gc,ref      ] GC(129) Phantom: 59 encountered, 41 discovered, 0 enqueued
[99.088s][info][gc,reloc    ] GC(129) Small Pages: 823 / 1646M, Empty: 1524M, Relocated: 0M, In-Place: 0
[99.088s][info][gc,reloc    ] GC(129) Medium Pages: 0 / 0M, Empty: 0M, Relocated: 0M, In-Place: 0
[99.088s][info][gc,reloc    ] GC(129) Large Pages: 0 / 0M, Empty: 0M, Relocated: 0M, In-Place: 0
[99.088s][info][gc,reloc    ] GC(129) Forwarding Usage: 0M
[99.088s][info][gc,heap     ] GC(129) Min Capacity: 8M(0%)
[99.088s][info][gc,heap     ] GC(129) Max Capacity: 2048M(100%)
[99.088s][info][gc,heap     ] GC(129) Soft Max Capacity: 2048M(100%)
[99.088s][info][gc,heap     ] GC(129)                Mark Start          Mark End        Relocate Start      Relocate End           High               Low         
[99.088s][info][gc,heap     ] GC(129)  Capacity:     2048M (100%)       2048M (100%)       2048M (100%)       2048M (100%)       2048M (100%)       2048M (100%)   
[99.088s][info][gc,heap     ] GC(129)      Free:      402M (20%)         376M (18%)        1818M (89%)        1928M (94%)        1928M (94%)         300M (15%)    
[99.088s][info][gc,heap     ] GC(129)      Used:     1646M (80%)        1672M (82%)         230M (11%)         120M (6%)         1748M (85%)         120M (6%)     
[99.088s][info][gc,heap     ] GC(129)      Live:         -                 8M (0%)            8M (0%)            8M (0%)             -                  -          
[99.088s][info][gc,heap     ] GC(129) Allocated:         -                26M (1%)          108M (5%)          107M (5%)             -                  -          
[99.088s][info][gc,heap     ] GC(129)   Garbage:         -              1637M (80%)         113M (6%)            3M (0%)             -                  -          
[99.088s][info][gc,heap     ] GC(129) Reclaimed:         -                  -              1524M (74%)        1633M (80%)            -                  -          
[99.088s][info][gc          ] GC(129) Garbage Collection (Allocation Rate) 1646M(80%)->120M(6%)
[99.925s][info][gc,start    ] GC(130) Garbage Collection (Allocation Rate)
[99.925s][info][gc,task     ] GC(130) Using 1 workers
[99.925s][info][gc,phases   ] GC(130) Pause Mark Start 0.010ms
[99.939s][info][gc,phases   ] GC(130) Concurrent Mark 13.692ms
[99.939s][info][gc,phases   ] GC(130) Pause Mark End 0.017ms
[99.939s][info][gc,phases   ] GC(130) Concurrent Mark Free 0.001ms
[99.989s][info][gc,phases   ] GC(130) Concurrent Process Non-Strong References 50.235ms
[99.989s][info][gc,phases   ] GC(130) Concurrent Reset Relocation Set 0.005ms
[99.993s][info][gc,phases   ] GC(130) Concurrent Select Relocation Set 3.427ms
[99.993s][info][gc,phases   ] GC(130) Pause Relocate Start 0.008ms
[99.993s][info][gc,phases   ] GC(130) Concurrent Relocate 0.542ms
[99.994s][info][gc,load     ] GC(130) Load: 0.00/0.00/0.00
[99.994s][info][gc,mmu      ] GC(130) MMU: 2ms/95.9%, 5ms/98.4%, 10ms/99.2%, 20ms/99.5%, 50ms/99.8%, 100ms/99.9%
[99.994s][info][gc,marking  ] GC(130) Mark: 1 stripe(s), 2 proactive flush(es), 1 terminate flush(es), 0 completion(s), 0 continuation(s) 
[99.994s][info][gc,marking  ] GC(130) Mark Stack Usage: 32M
[99.994s][info][gc,nmethod  ] GC(130) NMethods: 2244 registered, 575 unregistered
[99.994s][info][gc,metaspace] GC(130) Metaspace: 13M used, 14M committed, 1088M reserved
[99.994s][info][gc,ref      ] GC(130) Soft: 134 encountered, 0 discovered, 0 enqueued
[99.994s][info][gc,ref      ] GC(130) Weak: 721 encountered, 455 discovered, 0 enqueued
[99.994s][info][gc,ref      ] GC(130) Final: 0 encountered, 0 discovered, 0 enqueued
[99.994s][info][gc,ref      ] GC(130) Phantom: 59 encountered, 41 discovered, 0 enqueued
[99.994s][info][gc,reloc    ] GC(130) Small Pages: 815 / 1630M, Empty: 1512M, Relocated: 0M, In-Place: 0
[99.994s][info][gc,reloc    ] GC(130) Medium Pages: 0 / 0M, Empty: 0M, Relocated: 0M, In-Place: 0
[99.994s][info][gc,reloc    ] GC(130) Large Pages: 0 / 0M, Empty: 0M, Relocated: 0M, In-Place: 0
[99.994s][info][gc,reloc    ] GC(130) Forwarding Usage: 0M
[99.994s][info][gc,heap     ] GC(130) Min Capacity: 8M(0%)
[99.994s][info][gc,heap     ] GC(130) Max Capacity: 2048M(100%)
[99.994s][info][gc,heap     ] GC(130) Soft Max Capacity: 2048M(100%)
[99.994s][info][gc,heap     ] GC(130)                Mark Start          Mark End        Relocate Start      Relocate End           High               Low         
[99.994s][info][gc,heap     ] GC(130)  Capacity:     2048M (100%)       2048M (100%)       2048M (100%)       2048M (100%)       2048M (100%)       2048M (100%)   
[99.994s][info][gc,heap     ] GC(130)      Free:      418M (20%)         384M (19%)        1800M (88%)        1904M (93%)        1904M (93%)         294M (14%)    
[99.994s][info][gc,heap     ] GC(130)      Used:     1630M (80%)        1664M (81%)         248M (12%)         144M (7%)         1754M (86%)         144M (7%)     
[99.994s][info][gc,heap     ] GC(130)      Live:         -                 9M (0%)            9M (0%)            9M (0%)             -                  -          
[99.994s][info][gc,heap     ] GC(130) Allocated:         -                34M (2%)          130M (6%)          131M (6%)             -                  -          
[99.994s][info][gc,heap     ] GC(130)   Garbage:         -              1620M (79%)         108M (5%)            2M (0%)             -                  -          
[99.994s][info][gc,heap     ] GC(130) Reclaimed:         -                  -              1512M (74%)        1617M (79%)            -                  -          
[99.994s][info][gc          ] GC(130) Garbage Collection (Allocation Rate) 1630M(80%)->144M(7%)
[100.126s][info][gc,stats    ] === Garbage Collection Statistics =======================================================================================================================
[100.126s][info][gc,stats    ]                                                              Last 10s              Last 10m              Last 10h                Total
[100.126s][info][gc,stats    ]                                                              Avg / Max             Avg / Max             Avg / Max             Avg / Max
[100.126s][info][gc,stats    ]   Collector: Garbage Collection Cycle                     88.508 / 234.996      65.077 / 273.863      65.077 / 273.863      65.077 / 273.863     ms
[100.126s][info][gc,stats    ]  Contention: Mark Segment Reset Contention                     0 / 4                 0 / 11                0 / 11                0 / 11          ops/s
[100.126s][info][gc,stats    ]  Contention: Mark SeqNum Reset Contention                      0 / 1                 0 / 2                 0 / 2                 0 / 2           ops/s
[100.126s][info][gc,stats    ]    Critical: Allocation Stall                                  4 / 41                1 / 43                1 / 43                1 / 43          ops/s
[100.126s][info][gc,stats    ]    Critical: Allocation Stall                             27.074 / 28.901       29.268 / 55.638       29.268 / 55.638       29.268 / 55.638      ms
[100.126s][info][gc,stats    ]    Critical: GC Locker Stall                                   0 / 0                 0 / 0                 0 / 0                 0 / 0           ops/s
[100.126s][info][gc,stats    ]    Critical: GC Locker Stall                               0.000 / 0.000         0.000 / 0.000         0.000 / 0.000         0.000 / 0.000       ms
[100.126s][info][gc,stats    ]    Critical: Relocation Stall                                  0 / 0                 0 / 0                 0 / 0                 0 / 0           ops/s
[100.126s][info][gc,stats    ]    Critical: Relocation Stall                              0.000 / 0.000         0.000 / 0.000         0.000 / 0.000         0.000 / 0.000       ms
[100.126s][info][gc,stats    ]      Memory: Allocation Rate                                1975 / 2118           1861 / 2222           1861 / 2222           1861 / 2222        MB/s
[100.126s][info][gc,stats    ]      Memory: Defragment                                        0 / 0                 0 / 0                 0 / 0                 0 / 0           ops/s
[100.127s][info][gc,stats    ]      Memory: Out Of Memory                                     0 / 0                 0 / 0                 0 / 0                 0 / 0           ops/s
[100.127s][info][gc,stats    ]      Memory: Page Cache Flush                                  0 / 0                 0 / 0                 0 / 0                 0 / 0           MB/s
[100.127s][info][gc,stats    ]      Memory: Page Cache Hit L1                               990 / 1072            924 / 1084            924 / 1084            924 / 1084        ops/s
[100.127s][info][gc,stats    ]      Memory: Page Cache Hit L2                                 0 / 0                 0 / 0                 0 / 0                 0 / 0           ops/s
[100.127s][info][gc,stats    ]      Memory: Page Cache Hit L3                                 0 / 0                10 / 449              10 / 449              10 / 449         ops/s
[100.127s][info][gc,stats    ]      Memory: Page Cache Miss                                   0 / 0                 0 / 1                 0 / 1                 0 / 1           ops/s
[100.127s][info][gc,stats    ]      Memory: Uncommit                                          0 / 0                 0 / 0                 0 / 0                 0 / 0           MB/s
[100.127s][info][gc,stats    ]      Memory: Undo Object Allocation Failed                    58 / 141              30 / 141              30 / 141              30 / 141         ops/s
[100.127s][info][gc,stats    ]      Memory: Undo Object Allocation Succeeded                  5 / 15                2 / 21                2 / 21                2 / 21          ops/s
[100.127s][info][gc,stats    ]      Memory: Undo Page Allocation                             77 / 113              67 / 221              67 / 221              67 / 221         ops/s
[100.127s][info][gc,stats    ]       Phase: Concurrent Mark                              14.316 / 25.082       16.620 / 212.397      16.620 / 212.397      16.620 / 212.397     ms
[100.127s][info][gc,stats    ]       Phase: Concurrent Mark Continue                      0.000 / 0.000         0.000 / 0.000         0.000 / 0.000         0.000 / 0.000       ms
[100.127s][info][gc,stats    ]       Phase: Concurrent Mark Free                          0.001 / 0.002         0.001 / 0.002         0.001 / 0.002         0.001 / 0.002       ms
[100.127s][info][gc,stats    ]       Phase: Concurrent Process Non-Strong References     58.879 / 210.503      35.720 / 242.741      35.720 / 242.741      35.720 / 242.741     ms
[100.127s][info][gc,stats    ]       Phase: Concurrent Relocate                           1.096 / 2.431         1.536 / 5.770         1.536 / 5.770         1.536 / 5.770       ms
[100.127s][info][gc,stats    ]       Phase: Concurrent Reset Relocation Set               0.006 / 0.007         0.006 / 0.011         0.006 / 0.011         0.006 / 0.011       ms
[100.127s][info][gc,stats    ]       Phase: Concurrent Select Relocation Set              4.219 / 5.651         4.640 / 14.014        4.640 / 14.014        4.640 / 14.014      ms
[100.127s][info][gc,stats    ]       Phase: Pause Mark End                                0.017 / 0.023         0.017 / 0.081         0.017 / 0.081         0.017 / 0.081       ms
[100.127s][info][gc,stats    ]       Phase: Pause Mark Start                              0.014 / 0.041         0.013 / 0.049         0.013 / 0.049         0.013 / 0.049       ms
[100.127s][info][gc,stats    ]       Phase: Pause Relocate Start                          0.007 / 0.010         0.007 / 0.020         0.007 / 0.020         0.007 / 0.020       ms
[100.127s][info][gc,stats    ]    Subphase: Concurrent Classes Purge                      0.009 / 0.033         0.049 / 3.094         0.049 / 3.094         0.049 / 3.094       ms
[100.127s][info][gc,stats    ]    Subphase: Concurrent Classes Unlink                     4.861 / 5.715         3.909 / 10.160        3.909 / 10.160        3.909 / 10.160      ms
[100.127s][info][gc,stats    ]    Subphase: Concurrent Mark                               8.832 / 24.166        9.872 / 211.109       9.872 / 211.109       9.872 / 211.109     ms
[100.127s][info][gc,stats    ]    Subphase: Concurrent Mark Try Flush                     0.101 / 0.194         0.623 / 193.285       0.623 / 193.285       0.623 / 193.285     ms
[100.127s][info][gc,stats    ]    Subphase: Concurrent Mark Try Terminate                 0.518 / 1.987         2.166 / 16.632        2.166 / 16.632        2.166 / 16.632      ms
[100.127s][info][gc,stats    ]    Subphase: Concurrent References Enqueue                 0.001 / 0.001         0.001 / 0.006         0.001 / 0.006         0.001 / 0.006       ms
[100.127s][info][gc,stats    ]    Subphase: Concurrent References Process                 0.136 / 0.187         0.104 / 0.200         0.104 / 0.200         0.104 / 0.200       ms
[100.127s][info][gc,stats    ]    Subphase: Concurrent Roots ClassLoaderDataGraph         0.119 / 0.243         0.106 / 1.252         0.106 / 1.252         0.106 / 1.252       ms
[100.127s][info][gc,stats    ]    Subphase: Concurrent Roots CodeCache                    0.000 / 0.000         0.000 / 0.000         0.000 / 0.000         0.000 / 0.000       ms
[100.127s][info][gc,stats    ]    Subphase: Concurrent Roots JavaThreads                  0.398 / 0.709         0.317 / 1.791         0.317 / 1.791         0.317 / 1.791       ms
[100.127s][info][gc,stats    ]    Subphase: Concurrent Roots OopStorageSet                0.042 / 0.073         0.055 / 0.778         0.055 / 0.778         0.055 / 0.778       ms
[100.127s][info][gc,stats    ]    Subphase: Concurrent Weak Roots OopStorageSet          26.675 / 59.236       11.483 / 59.490       11.483 / 59.490       11.483 / 59.490      ms
[100.127s][info][gc,stats    ]    Subphase: Pause Mark Try Complete                       0.000 / 0.000         0.002 / 0.004         0.002 / 0.004         0.002 / 0.004       ms
[100.127s][info][gc,stats    ]      System: Java Threads                                     60 / 60               55 / 73               55 / 73               55 / 73          threads
[100.127s][info][gc,stats    ] =========================================================================================================================================================
[100.825s][info][gc,start    ] GC(131) Garbage Collection (Allocation Rate)
[100.825s][info][gc,task     ] GC(131) Using 1 workers
[100.825s][info][gc,phases   ] GC(131) Pause Mark Start 0.012ms
[100.838s][info][gc,phases   ] GC(131) Concurrent Mark 12.838ms
[100.838s][info][gc,phases   ] GC(131) Pause Mark End 0.015ms
[100.838s][info][gc,phases   ] GC(131) Concurrent Mark Free 0.001ms
[100.893s][info][gc,phases   ] GC(131) Concurrent Process Non-Strong References 55.060ms
[100.893s][info][gc,phases   ] GC(131) Concurrent Reset Relocation Set 0.007ms
[100.898s][info][gc,phases   ] GC(131) Concurrent Select Relocation Set 4.484ms
[100.898s][info][gc,phases   ] GC(131) Pause Relocate Start 0.008ms
[100.899s][info][gc,phases   ] GC(131) Concurrent Relocate 0.522ms
[100.899s][info][gc,load     ] GC(131) Load: 0.00/0.00/0.00
[100.899s][info][gc,mmu      ] GC(131) MMU: 2ms/95.9%, 5ms/98.4%, 10ms/99.2%, 20ms/99.5%, 50ms/99.8%, 100ms/99.9%
[100.899s][info][gc,marking  ] GC(131) Mark: 1 stripe(s), 2 proactive flush(es), 1 terminate flush(es), 0 completion(s), 0 continuation(s) 
[100.899s][info][gc,marking  ] GC(131) Mark Stack Usage: 32M
[100.899s][info][gc,nmethod  ] GC(131) NMethods: 2244 registered, 575 unregistered
[100.899s][info][gc,metaspace] GC(131) Metaspace: 13M used, 14M committed, 1088M reserved
[100.899s][info][gc,ref      ] GC(131) Soft: 134 encountered, 0 discovered, 0 enqueued
[100.899s][info][gc,ref      ] GC(131) Weak: 715 encountered, 455 discovered, 0 enqueued
[100.899s][info][gc,ref      ] GC(131) Final: 0 encountered, 0 discovered, 0 enqueued
[100.899s][info][gc,ref      ] GC(131) Phantom: 59 encountered, 41 discovered, 0 enqueued
[100.899s][info][gc,reloc    ] GC(131) Small Pages: 839 / 1678M, Empty: 1554M, Relocated: 0M, In-Place: 0
[100.899s][info][gc,reloc    ] GC(131) Medium Pages: 0 / 0M, Empty: 0M, Relocated: 0M, In-Place: 0
[100.899s][info][gc,reloc    ] GC(131) Large Pages: 0 / 0M, Empty: 0M, Relocated: 0M, In-Place: 0
[100.899s][info][gc,reloc    ] GC(131) Forwarding Usage: 0M
[100.899s][info][gc,heap     ] GC(131) Min Capacity: 8M(0%)
[100.899s][info][gc,heap     ] GC(131) Max Capacity: 2048M(100%)
[100.899s][info][gc,heap     ] GC(131) Soft Max Capacity: 2048M(100%)
[100.899s][info][gc,heap     ] GC(131)                Mark Start          Mark End        Relocate Start      Relocate End           High               Low         
[100.899s][info][gc,heap     ] GC(131)  Capacity:     2048M (100%)       2048M (100%)       2048M (100%)       2048M (100%)       2048M (100%)       2048M (100%)   
[100.899s][info][gc,heap     ] GC(131)      Free:      370M (18%)         338M (17%)        1780M (87%)        1892M (92%)        1892M (92%)         234M (11%)    
[100.899s][info][gc,heap     ] GC(131)      Used:     1678M (82%)        1710M (83%)         268M (13%)         156M (8%)         1814M (89%)         156M (8%)     
[100.899s][info][gc,heap     ] GC(131)      Live:         -                 9M (0%)            9M (0%)            9M (0%)             -                  -          
[100.899s][info][gc,heap     ] GC(131) Allocated:         -                32M (2%)          144M (7%)          143M (7%)             -                  -          
[100.899s][info][gc,heap     ] GC(131)   Garbage:         -              1668M (81%)         114M (6%)            2M (0%)             -                  -          
[100.899s][info][gc,heap     ] GC(131) Reclaimed:         -                  -              1554M (76%)        1665M (81%)            -                  -          
[100.899s][info][gc          ] GC(131) Garbage Collection (Allocation Rate) 1678M(82%)->156M(8%)
[101.725s][info][gc,start    ] GC(132) Garbage Collection (Allocation Rate)
[101.725s][info][gc,task     ] GC(132) Using 1 workers
[101.726s][info][gc,phases   ] GC(132) Pause Mark Start 0.012ms
[101.745s][info][gc,phases   ] GC(132) Concurrent Mark 19.703ms
[101.746s][info][gc,phases   ] GC(132) Pause Mark End 0.017ms
[101.746s][info][gc,phases   ] GC(132) Concurrent Mark Free 0.001ms
[101.794s][info][gc,phases   ] GC(132) Concurrent Process Non-Strong References 48.496ms
[101.794s][info][gc,phases   ] GC(132) Concurrent Reset Relocation Set 0.007ms
[101.799s][info][gc,phases   ] GC(132) Concurrent Select Relocation Set 4.468ms
[101.799s][info][gc,phases   ] GC(132) Pause Relocate Start 0.008ms
[101.802s][info][gc,phases   ] GC(132) Concurrent Relocate 2.934ms
[101.802s][info][gc,load     ] GC(132) Load: 0.00/0.00/0.00
[101.802s][info][gc,mmu      ] GC(132) MMU: 2ms/95.9%, 5ms/98.4%, 10ms/99.2%, 20ms/99.5%, 50ms/99.8%, 100ms/99.9%
[101.802s][info][gc,marking  ] GC(132) Mark: 1 stripe(s), 2 proactive flush(es), 1 terminate flush(es), 0 completion(s), 0 continuation(s) 
[101.802s][info][gc,marking  ] GC(132) Mark Stack Usage: 32M
[101.802s][info][gc,nmethod  ] GC(132) NMethods: 2244 registered, 575 unregistered
[101.802s][info][gc,metaspace] GC(132) Metaspace: 13M used, 14M committed, 1088M reserved
[101.802s][info][gc,ref      ] GC(132) Soft: 134 encountered, 0 discovered, 0 enqueued
[101.802s][info][gc,ref      ] GC(132) Weak: 675 encountered, 455 discovered, 0 enqueued
[101.802s][info][gc,ref      ] GC(132) Final: 0 encountered, 0 discovered, 0 enqueued
[101.802s][info][gc,ref      ] GC(132) Phantom: 59 encountered, 41 discovered, 0 enqueued
[101.802s][info][gc,reloc    ] GC(132) Small Pages: 838 / 1676M, Empty: 1564M, Relocated: 3M, In-Place: 0
[101.802s][info][gc,reloc    ] GC(132) Medium Pages: 0 / 0M, Empty: 0M, Relocated: 0M, In-Place: 0
[101.802s][info][gc,reloc    ] GC(132) Large Pages: 0 / 0M, Empty: 0M, Relocated: 0M, In-Place: 0
[101.802s][info][gc,reloc    ] GC(132) Forwarding Usage: 0M
[101.802s][info][gc,heap     ] GC(132) Min Capacity: 8M(0%)
[101.802s][info][gc,heap     ] GC(132) Max Capacity: 2048M(100%)
[101.802s][info][gc,heap     ] GC(132) Soft Max Capacity: 2048M(100%)
[101.802s][info][gc,heap     ] GC(132)                Mark Start          Mark End        Relocate Start      Relocate End           High               Low         
[101.802s][info][gc,heap     ] GC(132)  Capacity:     2048M (100%)       2048M (100%)       2048M (100%)       2048M (100%)       2048M (100%)       2048M (100%)   
[101.802s][info][gc,heap     ] GC(132)      Free:      372M (18%)         326M (16%)        1780M (87%)        1876M (92%)        1880M (92%)         226M (11%)    
[101.802s][info][gc,heap     ] GC(132)      Used:     1676M (82%)        1722M (84%)         268M (13%)         172M (8%)         1822M (89%)         168M (8%)     
[101.802s][info][gc,heap     ] GC(132)      Live:         -                 8M (0%)            8M (0%)            8M (0%)             -                  -          
[101.802s][info][gc,heap     ] GC(132) Allocated:         -                46M (2%)          156M (8%)          160M (8%)             -                  -          
[101.802s][info][gc,heap     ] GC(132)   Garbage:         -              1667M (81%)         103M (5%)            2M (0%)             -                  -          
[101.802s][info][gc,heap     ] GC(132) Reclaimed:         -                  -              1564M (76%)        1664M (81%)            -                  -          
[101.802s][info][gc          ] GC(132) Garbage Collection (Allocation Rate) 1676M(82%)->172M(8%)
[102.127s][info][gc,start    ] GC(133) Garbage Collection (System.gc())
[102.127s][info][gc,task     ] GC(133) Using 12 workers
[102.127s][info][gc,phases   ] GC(133) Pause Mark Start 0.015ms
[102.141s][info][gc,phases   ] GC(133) Concurrent Mark 13.399ms
[102.141s][info][gc,phases   ] GC(133) Pause Mark End 0.016ms
[102.141s][info][gc,phases   ] GC(133) Concurrent Mark Free 0.001ms
[102.148s][info][gc,phases   ] GC(133) Concurrent Process Non-Strong References 7.019ms
[102.148s][info][gc,phases   ] GC(133) Concurrent Reset Relocation Set 0.006ms
[102.152s][info][gc,phases   ] GC(133) Concurrent Select Relocation Set 4.344ms
[102.152s][info][gc,phases   ] GC(133) Pause Relocate Start 0.008ms
[102.155s][info][gc,phases   ] GC(133) Concurrent Relocate 3.007ms
[102.155s][info][gc,load     ] GC(133) Load: 0.00/0.00/0.00
[102.155s][info][gc,mmu      ] GC(133) MMU: 2ms/95.9%, 5ms/98.4%, 10ms/99.2%, 20ms/99.5%, 50ms/99.8%, 100ms/99.9%
[102.156s][info][gc,marking  ] GC(133) Mark: 8 stripe(s), 2 proactive flush(es), 1 terminate flush(es), 0 completion(s), 0 continuation(s) 
[102.156s][info][gc,marking  ] GC(133) Mark Stack Usage: 32M
[102.156s][info][gc,nmethod  ] GC(133) NMethods: 2249 registered, 575 unregistered
[102.156s][info][gc,metaspace] GC(133) Metaspace: 13M used, 14M committed, 1088M reserved
[102.156s][info][gc,ref      ] GC(133) Soft: 134 encountered, 0 discovered, 0 enqueued
[102.156s][info][gc,ref      ] GC(133) Weak: 621 encountered, 195 discovered, 0 enqueued
[102.156s][info][gc,ref      ] GC(133) Final: 0 encountered, 0 discovered, 0 enqueued
[102.156s][info][gc,ref      ] GC(133) Phantom: 59 encountered, 42 discovered, 0 enqueued
[102.156s][info][gc,reloc    ] GC(133) Small Pages: 357 / 714M, Empty: 690M, Relocated: 3M, In-Place: 0
[102.156s][info][gc,reloc    ] GC(133) Medium Pages: 0 / 0M, Empty: 0M, Relocated: 0M, In-Place: 0
[102.156s][info][gc,reloc    ] GC(133) Large Pages: 0 / 0M, Empty: 0M, Relocated: 0M, In-Place: 0
[102.156s][info][gc,reloc    ] GC(133) Forwarding Usage: 0M
[102.156s][info][gc,heap     ] GC(133) Min Capacity: 8M(0%)
[102.156s][info][gc,heap     ] GC(133) Max Capacity: 2048M(100%)
[102.156s][info][gc,heap     ] GC(133) Soft Max Capacity: 2048M(100%)
[102.156s][info][gc,heap     ] GC(133)                Mark Start          Mark End        Relocate Start      Relocate End           High               Low         
[102.156s][info][gc,heap     ] GC(133)  Capacity:     2048M (100%)       2048M (100%)       2048M (100%)       2048M (100%)       2048M (100%)       2048M (100%)   
[102.156s][info][gc,heap     ] GC(133)      Free:     1334M (65%)        1334M (65%)        2024M (99%)        2024M (99%)        2024M (99%)        1334M (65%)    
[102.156s][info][gc,heap     ] GC(133)      Used:      714M (35%)         714M (35%)          24M (1%)           24M (1%)          714M (35%)          24M (1%)     
[102.156s][info][gc,heap     ] GC(133)      Live:         -                 4M (0%)            4M (0%)            4M (0%)             -                  -          
[102.156s][info][gc,heap     ] GC(133) Allocated:         -                 0M (0%)            0M (0%)            0M (0%)             -                  -          
[102.156s][info][gc,heap     ] GC(133)   Garbage:         -               709M (35%)          19M (1%)           19M (1%)             -                  -          
[102.156s][info][gc,heap     ] GC(133) Reclaimed:         -                  -               690M (34%)         690M (34%)            -                  -          
[102.156s][info][gc          ] GC(133) Garbage Collection (System.gc()) 714M(35%)->24M(1%)
[102.926s][info][gc,start    ] GC(134) Garbage Collection (Allocation Rate)
[102.926s][info][gc,task     ] GC(134) Using 2 workers
[102.926s][info][gc,phases   ] GC(134) Pause Mark Start 0.011ms
[102.938s][info][gc,phases   ] GC(134) Concurrent Mark 12.400ms
[102.939s][info][gc,phases   ] GC(134) Pause Mark End 0.016ms
[102.939s][info][gc,phases   ] GC(134) Concurrent Mark Free 0.001ms
[102.966s][info][gc,phases   ] GC(134) Concurrent Process Non-Strong References 27.049ms
[102.966s][info][gc,phases   ] GC(134) Concurrent Reset Relocation Set 0.002ms
[102.970s][info][gc,phases   ] GC(134) Concurrent Select Relocation Set 3.767ms
[102.970s][info][gc,phases   ] GC(134) Pause Relocate Start 0.007ms
[102.971s][info][gc,phases   ] GC(134) Concurrent Relocate 1.460ms
[102.971s][info][gc,load     ] GC(134) Load: 0.00/0.00/0.00
[102.971s][info][gc,mmu      ] GC(134) MMU: 2ms/95.9%, 5ms/98.4%, 10ms/99.2%, 20ms/99.5%, 50ms/99.8%, 100ms/99.9%
[102.971s][info][gc,marking  ] GC(134) Mark: 2 stripe(s), 2 proactive flush(es), 1 terminate flush(es), 0 completion(s), 0 continuation(s) 
[102.971s][info][gc,marking  ] GC(134) Mark Stack Usage: 32M
[102.972s][info][gc,nmethod  ] GC(134) NMethods: 2282 registered, 575 unregistered
[102.972s][info][gc,metaspace] GC(134) Metaspace: 13M used, 14M committed, 1088M reserved
[102.972s][info][gc,ref      ] GC(134) Soft: 134 encountered, 0 discovered, 0 enqueued
[102.972s][info][gc,ref      ] GC(134) Weak: 717 encountered, 154 discovered, 0 enqueued
[102.972s][info][gc,ref      ] GC(134) Final: 0 encountered, 0 discovered, 0 enqueued
[102.972s][info][gc,ref      ] GC(134) Phantom: 59 encountered, 46 discovered, 0 enqueued
[102.972s][info][gc,reloc    ] GC(134) Small Pages: 566 / 1132M, Empty: 1020M, Relocated: 3M, In-Place: 0
[102.972s][info][gc,reloc    ] GC(134) Medium Pages: 0 / 0M, Empty: 0M, Relocated: 0M, In-Place: 0
[102.972s][info][gc,reloc    ] GC(134) Large Pages: 0 / 0M, Empty: 0M, Relocated: 0M, In-Place: 0
[102.972s][info][gc,reloc    ] GC(134) Forwarding Usage: 0M
[102.972s][info][gc,heap     ] GC(134) Min Capacity: 8M(0%)
[102.972s][info][gc,heap     ] GC(134) Max Capacity: 2048M(100%)
[102.972s][info][gc,heap     ] GC(134) Soft Max Capacity: 2048M(100%)
[102.972s][info][gc,heap     ] GC(134)                Mark Start          Mark End        Relocate Start      Relocate End           High               Low         
[102.972s][info][gc,heap     ] GC(134)  Capacity:     2048M (100%)       2048M (100%)       2048M (100%)       2048M (100%)       2048M (100%)       2048M (100%)   
[102.972s][info][gc,heap     ] GC(134)      Free:      916M (45%)         890M (43%)        1862M (91%)        1962M (96%)        1962M (96%)         854M (42%)    
[102.972s][info][gc,heap     ] GC(134)      Used:     1132M (55%)        1158M (57%)         186M (9%)           86M (4%)         1194M (58%)          86M (4%)     
[102.972s][info][gc,heap     ] GC(134)      Live:         -                 7M (0%)            7M (0%)            7M (0%)             -                  -          
[102.972s][info][gc,heap     ] GC(134) Allocated:         -                26M (1%)           74M (4%)           74M (4%)             -                  -          
[102.972s][info][gc,heap     ] GC(134)   Garbage:         -              1124M (55%)         104M (5%)            4M (0%)             -                  -          
[102.972s][info][gc,heap     ] GC(134) Reclaimed:         -                  -              1020M (50%)        1120M (55%)            -                  -          
[102.972s][info][gc          ] GC(134) Garbage Collection (Allocation Rate) 1132M(55%)->86M(4%)
[103.726s][info][gc,start    ] GC(135) Garbage Collection (Allocation Rate)
[103.726s][info][gc,task     ] GC(135) Using 2 workers
[103.726s][info][gc,phases   ] GC(135) Pause Mark Start 0.014ms
[103.737s][info][gc,phases   ] GC(135) Concurrent Mark 10.577ms
[103.737s][info][gc,phases   ] GC(135) Pause Mark End 0.015ms
[103.737s][info][gc,phases   ] GC(135) Concurrent Mark Free 0.001ms
[103.765s][info][gc,phases   ] GC(135) Concurrent Process Non-Strong References 27.765ms
[103.765s][info][gc,phases   ] GC(135) Concurrent Reset Relocation Set 0.010ms
[103.769s][info][gc,phases   ] GC(135) Concurrent Select Relocation Set 4.520ms
[103.769s][info][gc,phases   ] GC(135) Pause Relocate Start 0.008ms
[103.773s][info][gc,phases   ] GC(135) Concurrent Relocate 3.647ms
[103.773s][info][gc,load     ] GC(135) Load: 0.00/0.00/0.00
[103.773s][info][gc,mmu      ] GC(135) MMU: 2ms/95.9%, 5ms/98.4%, 10ms/99.2%, 20ms/99.5%, 50ms/99.8%, 100ms/99.9%
[103.773s][info][gc,marking  ] GC(135) Mark: 2 stripe(s), 2 proactive flush(es), 1 terminate flush(es), 0 completion(s), 0 continuation(s) 
[103.773s][info][gc,marking  ] GC(135) Mark Stack Usage: 32M
[103.773s][info][gc,nmethod  ] GC(135) NMethods: 2282 registered, 575 unregistered
[103.773s][info][gc,metaspace] GC(135) Metaspace: 13M used, 14M committed, 1088M reserved
[103.773s][info][gc,ref      ] GC(135) Soft: 134 encountered, 0 discovered, 0 enqueued
[103.773s][info][gc,ref      ] GC(135) Weak: 717 encountered, 383 discovered, 0 enqueued
[103.773s][info][gc,ref      ] GC(135) Final: 0 encountered, 0 discovered, 0 enqueued
[103.773s][info][gc,ref      ] GC(135) Phantom: 59 encountered, 40 discovered, 0 enqueued
[103.773s][info][gc,reloc    ] GC(135) Small Pages: 664 / 1328M, Empty: 1218M, Relocated: 2M, In-Place: 0
[103.773s][info][gc,reloc    ] GC(135) Medium Pages: 0 / 0M, Empty: 0M, Relocated: 0M, In-Place: 0
[103.773s][info][gc,reloc    ] GC(135) Large Pages: 0 / 0M, Empty: 0M, Relocated: 0M, In-Place: 0
[103.773s][info][gc,reloc    ] GC(135) Forwarding Usage: 0M
[103.773s][info][gc,heap     ] GC(135) Min Capacity: 8M(0%)
[103.773s][info][gc,heap     ] GC(135) Max Capacity: 2048M(100%)
[103.773s][info][gc,heap     ] GC(135) Soft Max Capacity: 2048M(100%)
[103.773s][info][gc,heap     ] GC(135)                Mark Start          Mark End        Relocate Start      Relocate End           High               Low         
[103.773s][info][gc,heap     ] GC(135)  Capacity:     2048M (100%)       2048M (100%)       2048M (100%)       2048M (100%)       2048M (100%)       2048M (100%)   
[103.773s][info][gc,heap     ] GC(135)      Free:      720M (35%)         694M (34%)        1862M (91%)        1954M (95%)        1954M (95%)         650M (32%)    
[103.773s][info][gc,heap     ] GC(135)      Used:     1328M (65%)        1354M (66%)         186M (9%)           94M (5%)         1398M (68%)          94M (5%)     
[103.773s][info][gc,heap     ] GC(135)      Live:         -                 7M (0%)            7M (0%)            7M (0%)             -                  -          
[103.773s][info][gc,heap     ] GC(135) Allocated:         -                26M (1%)           76M (4%)           83M (4%)             -                  -          
[103.774s][info][gc,heap     ] GC(135)   Garbage:         -              1320M (64%)         102M (5%)            2M (0%)             -                  -          
[103.774s][info][gc,heap     ] GC(135) Reclaimed:         -                  -              1218M (59%)        1317M (64%)            -                  -          
[103.774s][info][gc          ] GC(135) Garbage Collection (Allocation Rate) 1328M(65%)->94M(5%)
[104.525s][info][gc,start    ] GC(136) Garbage Collection (Allocation Rate)
[104.525s][info][gc,task     ] GC(136) Using 1 workers
[104.525s][info][gc,phases   ] GC(136) Pause Mark Start 0.012ms
[104.544s][info][gc,phases   ] GC(136) Concurrent Mark 17.957ms
[104.544s][info][gc,phases   ] GC(136) Pause Mark End 0.014ms
[104.544s][info][gc,phases   ] GC(136) Concurrent Mark Free 0.001ms
[104.599s][info][gc,phases   ] GC(136) Concurrent Process Non-Strong References 55.463ms
[104.599s][info][gc,phases   ] GC(136) Concurrent Reset Relocation Set 0.007ms
[104.604s][info][gc,phases   ] GC(136) Concurrent Select Relocation Set 4.889ms
[104.604s][info][gc,phases   ] GC(136) Pause Relocate Start 0.007ms
[104.606s][info][gc,phases   ] GC(136) Concurrent Relocate 1.437ms
[104.606s][info][gc,load     ] GC(136) Load: 0.00/0.00/0.00
[104.606s][info][gc,mmu      ] GC(136) MMU: 2ms/95.9%, 5ms/98.4%, 10ms/99.2%, 20ms/99.5%, 50ms/99.8%, 100ms/99.9%
[104.606s][info][gc,marking  ] GC(136) Mark: 1 stripe(s), 2 proactive flush(es), 1 terminate flush(es), 0 completion(s), 0 continuation(s) 
[104.606s][info][gc,marking  ] GC(136) Mark Stack Usage: 32M
[104.606s][info][gc,nmethod  ] GC(136) NMethods: 2282 registered, 578 unregistered
[104.606s][info][gc,metaspace] GC(136) Metaspace: 13M used, 14M committed, 1088M reserved
[104.606s][info][gc,ref      ] GC(136) Soft: 134 encountered, 0 discovered, 0 enqueued
[104.606s][info][gc,ref      ] GC(136) Weak: 717 encountered, 453 discovered, 0 enqueued
[104.606s][info][gc,ref      ] GC(136) Final: 0 encountered, 0 discovered, 0 enqueued
[104.606s][info][gc,ref      ] GC(136) Phantom: 59 encountered, 41 discovered, 0 enqueued
[104.606s][info][gc,reloc    ] GC(136) Small Pages: 665 / 1330M, Empty: 1218M, Relocated: 1M, In-Place: 0
[104.606s][info][gc,reloc    ] GC(136) Medium Pages: 0 / 0M, Empty: 0M, Relocated: 0M, In-Place: 0
[104.606s][info][gc,reloc    ] GC(136) Large Pages: 0 / 0M, Empty: 0M, Relocated: 0M, In-Place: 0
[104.606s][info][gc,reloc    ] GC(136) Forwarding Usage: 0M
[104.606s][info][gc,heap     ] GC(136) Min Capacity: 8M(0%)
[104.606s][info][gc,heap     ] GC(136) Max Capacity: 2048M(100%)
[104.606s][info][gc,heap     ] GC(136) Soft Max Capacity: 2048M(100%)
[104.606s][info][gc,heap     ] GC(136)                Mark Start          Mark End        Relocate Start      Relocate End           High               Low         
[104.606s][info][gc,heap     ] GC(136)  Capacity:     2048M (100%)       2048M (100%)       2048M (100%)       2048M (100%)       2048M (100%)       2048M (100%)   
[104.606s][info][gc,heap     ] GC(136)      Free:      718M (35%)         680M (33%)        1798M (88%)        1900M (93%)        1900M (93%)         590M (29%)    
[104.606s][info][gc,heap     ] GC(136)      Used:     1330M (65%)        1368M (67%)         250M (12%)         148M (7%)         1458M (71%)         148M (7%)     
[104.606s][info][gc,heap     ] GC(136)      Live:         -                 7M (0%)            7M (0%)            7M (0%)             -                  -          
[104.606s][info][gc,heap     ] GC(136) Allocated:         -                38M (2%)          138M (7%)          137M (7%)             -                  -          
[104.606s][info][gc,heap     ] GC(136)   Garbage:         -              1322M (65%)         104M (5%)            2M (0%)             -                  -          
[104.606s][info][gc,heap     ] GC(136) Reclaimed:         -                  -              1218M (59%)        1319M (64%)            -                  -          
[104.606s][info][gc          ] GC(136) Garbage Collection (Allocation Rate) 1330M(65%)->148M(7%)
[105.425s][info][gc,start    ] GC(137) Garbage Collection (Allocation Rate)
[105.425s][info][gc,task     ] GC(137) Using 1 workers
[105.458s][info][gc,phases   ] GC(137) Pause Mark Start 0.013ms
[105.480s][info][gc,phases   ] GC(137) Concurrent Mark 22.449ms
[105.480s][info][gc,phases   ] GC(137) Pause Mark End 0.018ms
[105.481s][info][gc,phases   ] GC(137) Concurrent Mark Free 0.001ms
[105.542s][info][gc,phases   ] GC(137) Concurrent Process Non-Strong References 61.346ms
[105.542s][info][gc,phases   ] GC(137) Concurrent Reset Relocation Set 0.006ms
[105.546s][info][gc,phases   ] GC(137) Concurrent Select Relocation Set 4.388ms
[105.547s][info][gc,phases   ] GC(137) Pause Relocate Start 0.007ms
[105.549s][info][gc,phases   ] GC(137) Concurrent Relocate 2.131ms
[105.549s][info][gc,load     ] GC(137) Load: 0.00/0.00/0.00
[105.549s][info][gc,mmu      ] GC(137) MMU: 2ms/95.9%, 5ms/98.4%, 10ms/99.2%, 20ms/99.5%, 50ms/99.8%, 100ms/99.9%
[105.549s][info][gc,marking  ] GC(137) Mark: 1 stripe(s), 2 proactive flush(es), 1 terminate flush(es), 0 completion(s), 0 continuation(s) 
[105.549s][info][gc,marking  ] GC(137) Mark Stack Usage: 32M
[105.549s][info][gc,nmethod  ] GC(137) NMethods: 2282 registered, 578 unregistered
[105.549s][info][gc,metaspace] GC(137) Metaspace: 13M used, 14M committed, 1088M reserved
[105.549s][info][gc,ref      ] GC(137) Soft: 134 encountered, 0 discovered, 0 enqueued
[105.549s][info][gc,ref      ] GC(137) Weak: 717 encountered, 453 discovered, 0 enqueued
[105.549s][info][gc,ref      ] GC(137) Final: 0 encountered, 0 discovered, 0 enqueued
[105.549s][info][gc,ref      ] GC(137) Phantom: 59 encountered, 41 discovered, 0 enqueued
[105.549s][info][gc,reloc    ] GC(137) Small Pages: 745 / 1490M, Empty: 1368M, Relocated: 1M, In-Place: 0
[105.549s][info][gc,reloc    ] GC(137) Medium Pages: 0 / 0M, Empty: 0M, Relocated: 0M, In-Place: 0
[105.549s][info][gc,reloc    ] GC(137) Large Pages: 0 / 0M, Empty: 0M, Relocated: 0M, In-Place: 0
[105.549s][info][gc,reloc    ] GC(137) Forwarding Usage: 0M
[105.549s][info][gc,heap     ] GC(137) Min Capacity: 8M(0%)
[105.549s][info][gc,heap     ] GC(137) Max Capacity: 2048M(100%)
[105.549s][info][gc,heap     ] GC(137) Soft Max Capacity: 2048M(100%)
[105.549s][info][gc,heap     ] GC(137)                Mark Start          Mark End        Relocate Start      Relocate End           High               Low         
[105.549s][info][gc,heap     ] GC(137)  Capacity:     2048M (100%)       2048M (100%)       2048M (100%)       2048M (100%)       2048M (100%)       2048M (100%)   
[105.549s][info][gc,heap     ] GC(137)      Free:      558M (27%)         520M (25%)        1784M (87%)        1892M (92%)        1894M (92%)         422M (21%)    
[105.549s][info][gc,heap     ] GC(137)      Used:     1490M (73%)        1528M (75%)         264M (13%)         156M (8%)         1626M (79%)         154M (8%)     
[105.549s][info][gc,heap     ] GC(137)      Live:         -                 7M (0%)            7M (0%)            7M (0%)             -                  -          
[105.549s][info][gc,heap     ] GC(137) Allocated:         -                38M (2%)          142M (7%)          145M (7%)             -                  -          
[105.549s][info][gc,heap     ] GC(137)   Garbage:         -              1482M (72%)         114M (6%)            2M (0%)             -                  -          
[105.549s][info][gc,heap     ] GC(137) Reclaimed:         -                  -              1368M (67%)        1479M (72%)            -                  -          
[105.549s][info][gc          ] GC(137) Garbage Collection (Allocation Rate) 1490M(73%)->156M(8%)
[106.425s][info][gc,start    ] GC(138) Garbage Collection (Allocation Rate)
[106.425s][info][gc,task     ] GC(138) Using 1 workers
[106.425s][info][gc,phases   ] GC(138) Pause Mark Start 0.010ms
[106.441s][info][gc,phases   ] GC(138) Concurrent Mark 15.868ms
[106.441s][info][gc,phases   ] GC(138) Pause Mark End 0.012ms
[106.441s][info][gc,phases   ] GC(138) Concurrent Mark Free 0.001ms
[106.498s][info][gc,phases   ] GC(138) Concurrent Process Non-Strong References 57.079ms
[106.498s][info][gc,phases   ] GC(138) Concurrent Reset Relocation Set 0.007ms
[106.504s][info][gc,phases   ] GC(138) Concurrent Select Relocation Set 5.048ms
[106.504s][info][gc,phases   ] GC(138) Pause Relocate Start 0.007ms
[106.505s][info][gc,phases   ] GC(138) Concurrent Relocate 1.766ms
[106.506s][info][gc,load     ] GC(138) Load: 0.00/0.00/0.00
[106.506s][info][gc,mmu      ] GC(138) MMU: 2ms/95.9%, 5ms/98.4%, 10ms/99.2%, 20ms/99.5%, 50ms/99.8%, 100ms/99.9%
[106.506s][info][gc,marking  ] GC(138) Mark: 1 stripe(s), 2 proactive flush(es), 1 terminate flush(es), 0 completion(s), 0 continuation(s) 
[106.506s][info][gc,marking  ] GC(138) Mark Stack Usage: 32M
[106.506s][info][gc,nmethod  ] GC(138) NMethods: 2282 registered, 578 unregistered
[106.506s][info][gc,metaspace] GC(138) Metaspace: 13M used, 14M committed, 1088M reserved
[106.506s][info][gc,ref      ] GC(138) Soft: 134 encountered, 0 discovered, 0 enqueued
[106.506s][info][gc,ref      ] GC(138) Weak: 717 encountered, 453 discovered, 0 enqueued
[106.506s][info][gc,ref      ] GC(138) Final: 0 encountered, 0 discovered, 0 enqueued
[106.506s][info][gc,ref      ] GC(138) Phantom: 59 encountered, 41 discovered, 0 enqueued
[106.506s][info][gc,reloc    ] GC(138) Small Pages: 793 / 1586M, Empty: 1464M, Relocated: 1M, In-Place: 0
[106.506s][info][gc,reloc    ] GC(138) Medium Pages: 0 / 0M, Empty: 0M, Relocated: 0M, In-Place: 0
[106.506s][info][gc,reloc    ] GC(138) Large Pages: 0 / 0M, Empty: 0M, Relocated: 0M, In-Place: 0
[106.506s][info][gc,reloc    ] GC(138) Forwarding Usage: 0M
[106.506s][info][gc,heap     ] GC(138) Min Capacity: 8M(0%)
[106.506s][info][gc,heap     ] GC(138) Max Capacity: 2048M(100%)
[106.506s][info][gc,heap     ] GC(138) Soft Max Capacity: 2048M(100%)
[106.506s][info][gc,heap     ] GC(138)                Mark Start          Mark End        Relocate Start      Relocate End           High               Low         
[106.506s][info][gc,heap     ] GC(138)  Capacity:     2048M (100%)       2048M (100%)       2048M (100%)       2048M (100%)       2048M (100%)       2048M (100%)   
[106.506s][info][gc,heap     ] GC(138)      Free:      462M (23%)         430M (21%)        1794M (88%)        1904M (93%)        1904M (93%)         338M (17%)    
[106.506s][info][gc,heap     ] GC(138)      Used:     1586M (77%)        1618M (79%)         254M (12%)         144M (7%)         1710M (83%)         144M (7%)     
[106.506s][info][gc,heap     ] GC(138)      Live:         -                 7M (0%)            7M (0%)            7M (0%)             -                  -          
[106.506s][info][gc,heap     ] GC(138) Allocated:         -                32M (2%)          132M (6%)          133M (7%)             -                  -          
[106.506s][info][gc,heap     ] GC(138)   Garbage:         -              1578M (77%)         114M (6%)            2M (0%)             -                  -          
[106.506s][info][gc,heap     ] GC(138) Reclaimed:         -                  -              1464M (71%)        1575M (77%)            -                  -          
[106.506s][info][gc          ] GC(138) Garbage Collection (Allocation Rate) 1586M(77%)->144M(7%)
[107.425s][info][gc,start    ] GC(139) Garbage Collection (Allocation Rate)
[107.428s][info][gc,task     ] GC(139) Using 1 workers
[107.428s][info][gc,phases   ] GC(139) Pause Mark Start 0.010ms
[107.444s][info][gc,phases   ] GC(139) Concurrent Mark 15.693ms
[107.444s][info][gc,phases   ] GC(139) Pause Mark End 0.014ms
[107.444s][info][gc,phases   ] GC(139) Concurrent Mark Free 0.001ms
[107.503s][info][gc,phases   ] GC(139) Concurrent Process Non-Strong References 58.870ms
[107.503s][info][gc,phases   ] GC(139) Concurrent Reset Relocation Set 0.006ms
[107.507s][info][gc,phases   ] GC(139) Concurrent Select Relocation Set 4.642ms
[107.508s][info][gc,phases   ] GC(139) Pause Relocate Start 0.008ms
[107.509s][info][gc,phases   ] GC(139) Concurrent Relocate 1.568ms
[107.509s][info][gc,load     ] GC(139) Load: 0.00/0.00/0.00
[107.509s][info][gc,mmu      ] GC(139) MMU: 2ms/95.9%, 5ms/98.4%, 10ms/99.2%, 20ms/99.5%, 50ms/99.8%, 100ms/99.9%
[107.509s][info][gc,marking  ] GC(139) Mark: 1 stripe(s), 2 proactive flush(es), 1 terminate flush(es), 0 completion(s), 0 continuation(s) 
[107.509s][info][gc,marking  ] GC(139) Mark Stack Usage: 32M
[107.509s][info][gc,nmethod  ] GC(139) NMethods: 2282 registered, 578 unregistered
[107.509s][info][gc,metaspace] GC(139) Metaspace: 13M used, 14M committed, 1088M reserved
[107.509s][info][gc,ref      ] GC(139) Soft: 134 encountered, 0 discovered, 0 enqueued
[107.509s][info][gc,ref      ] GC(139) Weak: 717 encountered, 453 discovered, 0 enqueued
[107.509s][info][gc,ref      ] GC(139) Final: 0 encountered, 0 discovered, 0 enqueued
[107.509s][info][gc,ref      ] GC(139) Phantom: 59 encountered, 41 discovered, 0 enqueued
[107.509s][info][gc,reloc    ] GC(139) Small Pages: 827 / 1654M, Empty: 1526M, Relocated: 1M, In-Place: 0
[107.510s][info][gc,reloc    ] GC(139) Medium Pages: 0 / 0M, Empty: 0M, Relocated: 0M, In-Place: 0
[107.510s][info][gc,reloc    ] GC(139) Large Pages: 0 / 0M, Empty: 0M, Relocated: 0M, In-Place: 0
[107.510s][info][gc,reloc    ] GC(139) Forwarding Usage: 0M
[107.510s][info][gc,heap     ] GC(139) Min Capacity: 8M(0%)
[107.510s][info][gc,heap     ] GC(139) Max Capacity: 2048M(100%)
[107.510s][info][gc,heap     ] GC(139) Soft Max Capacity: 2048M(100%)
[107.510s][info][gc,heap     ] GC(139)                Mark Start          Mark End        Relocate Start      Relocate End           High               Low         
[107.510s][info][gc,heap     ] GC(139)  Capacity:     2048M (100%)       2048M (100%)       2048M (100%)       2048M (100%)       2048M (100%)       2048M (100%)   
[107.510s][info][gc,heap     ] GC(139)      Free:      394M (19%)         360M (18%)        1784M (87%)        1900M (93%)        1900M (93%)         266M (13%)    
[107.510s][info][gc,heap     ] GC(139)      Used:     1654M (81%)        1688M (82%)         264M (13%)         148M (7%)         1782M (87%)         148M (7%)     
[107.510s][info][gc,heap     ] GC(139)      Live:         -                 7M (0%)            7M (0%)            7M (0%)             -                  -          
[107.510s][info][gc,heap     ] GC(139) Allocated:         -                34M (2%)          136M (7%)          137M (7%)             -                  -          
[107.510s][info][gc,heap     ] GC(139)   Garbage:         -              1646M (80%)         120M (6%)            2M (0%)             -                  -          
[107.510s][info][gc,heap     ] GC(139) Reclaimed:         -                  -              1526M (75%)        1643M (80%)            -                  -          
[107.510s][info][gc          ] GC(139) Garbage Collection (Allocation Rate) 1654M(81%)->148M(7%)
[108.425s][info][gc,start    ] GC(140) Garbage Collection (Allocation Rate)
[108.425s][info][gc,task     ] GC(140) Using 1 workers
[108.425s][info][gc,phases   ] GC(140) Pause Mark Start 0.010ms
[108.441s][info][gc,phases   ] GC(140) Concurrent Mark 15.968ms
[108.441s][info][gc,phases   ] GC(140) Pause Mark End 0.014ms
[108.441s][info][gc,phases   ] GC(140) Concurrent Mark Free 0.002ms
[108.501s][info][gc,phases   ] GC(140) Concurrent Process Non-Strong References 60.158ms
[108.501s][info][gc,phases   ] GC(140) Concurrent Reset Relocation Set 0.008ms
[108.506s][info][gc,phases   ] GC(140) Concurrent Select Relocation Set 4.567ms
[108.506s][info][gc,phases   ] GC(140) Pause Relocate Start 0.008ms
[108.507s][info][gc,phases   ] GC(140) Concurrent Relocate 0.528ms
[108.507s][info][gc,load     ] GC(140) Load: 0.00/0.00/0.00
[108.507s][info][gc,mmu      ] GC(140) MMU: 2ms/95.9%, 5ms/98.4%, 10ms/99.2%, 20ms/99.5%, 50ms/99.8%, 100ms/99.9%
[108.507s][info][gc,marking  ] GC(140) Mark: 1 stripe(s), 2 proactive flush(es), 1 terminate flush(es), 0 completion(s), 0 continuation(s) 
[108.507s][info][gc,marking  ] GC(140) Mark Stack Usage: 32M
[108.507s][info][gc,nmethod  ] GC(140) NMethods: 2282 registered, 578 unregistered
[108.507s][info][gc,metaspace] GC(140) Metaspace: 13M used, 14M committed, 1088M reserved
[108.507s][info][gc,ref      ] GC(140) Soft: 134 encountered, 0 discovered, 0 enqueued
[108.507s][info][gc,ref      ] GC(140) Weak: 717 encountered, 453 discovered, 0 enqueued
[108.507s][info][gc,ref      ] GC(140) Final: 0 encountered, 0 discovered, 0 enqueued
[108.507s][info][gc,ref      ] GC(140) Phantom: 59 encountered, 41 discovered, 0 enqueued
[108.507s][info][gc,reloc    ] GC(140) Small Pages: 826 / 1652M, Empty: 1522M, Relocated: 1M, In-Place: 0
[108.507s][info][gc,reloc    ] GC(140) Medium Pages: 0 / 0M, Empty: 0M, Relocated: 0M, In-Place: 0
[108.507s][info][gc,reloc    ] GC(140) Large Pages: 0 / 0M, Empty: 0M, Relocated: 0M, In-Place: 0
[108.507s][info][gc,reloc    ] GC(140) Forwarding Usage: 0M
[108.507s][info][gc,heap     ] GC(140) Min Capacity: 8M(0%)
[108.507s][info][gc,heap     ] GC(140) Max Capacity: 2048M(100%)
[108.507s][info][gc,heap     ] GC(140) Soft Max Capacity: 2048M(100%)
[108.507s][info][gc,heap     ] GC(140)                Mark Start          Mark End        Relocate Start      Relocate End           High               Low         
[108.507s][info][gc,heap     ] GC(140)  Capacity:     2048M (100%)       2048M (100%)       2048M (100%)       2048M (100%)       2048M (100%)       2048M (100%)   
[108.507s][info][gc,heap     ] GC(140)      Free:      396M (19%)         364M (18%)        1784M (87%)        1902M (93%)        1902M (93%)         268M (13%)    
[108.507s][info][gc,heap     ] GC(140)      Used:     1652M (81%)        1684M (82%)         264M (13%)         146M (7%)         1780M (87%)         146M (7%)     
[108.507s][info][gc,heap     ] GC(140)      Live:         -                 8M (0%)            8M (0%)            8M (0%)             -                  -          
[108.507s][info][gc,heap     ] GC(140) Allocated:         -                32M (2%)          134M (7%)          134M (7%)             -                  -          
[108.507s][info][gc,heap     ] GC(140)   Garbage:         -              1643M (80%)         121M (6%)            3M (0%)             -                  -          
[108.507s][info][gc,heap     ] GC(140) Reclaimed:         -                  -              1522M (74%)        1640M (80%)            -                  -          
[108.507s][info][gc          ] GC(140) Garbage Collection (Allocation Rate) 1652M(81%)->146M(7%)
[109.425s][info][gc,start    ] GC(141) Garbage Collection (Allocation Rate)
[109.425s][info][gc,task     ] GC(141) Using 1 workers
[109.425s][info][gc,phases   ] GC(141) Pause Mark Start 0.013ms
[109.439s][info][gc,phases   ] GC(141) Concurrent Mark 13.560ms
[109.439s][info][gc,phases   ] GC(141) Pause Mark End 0.016ms
[109.439s][info][gc,phases   ] GC(141) Concurrent Mark Free 0.001ms
[109.490s][info][gc,phases   ] GC(141) Concurrent Process Non-Strong References 50.979ms
[109.490s][info][gc,phases   ] GC(141) Concurrent Reset Relocation Set 0.004ms
[109.494s][info][gc,phases   ] GC(141) Concurrent Select Relocation Set 3.528ms
[109.494s][info][gc,phases   ] GC(141) Pause Relocate Start 0.007ms
[109.496s][info][gc,phases   ] GC(141) Concurrent Relocate 1.938ms
[109.496s][info][gc,load     ] GC(141) Load: 0.00/0.00/0.00
[109.496s][info][gc,mmu      ] GC(141) MMU: 2ms/95.9%, 5ms/98.4%, 10ms/99.2%, 20ms/99.5%, 50ms/99.8%, 100ms/99.9%
[109.496s][info][gc,marking  ] GC(141) Mark: 1 stripe(s), 2 proactive flush(es), 1 terminate flush(es), 0 completion(s), 0 continuation(s) 
[109.496s][info][gc,marking  ] GC(141) Mark Stack Usage: 32M
[109.496s][info][gc,nmethod  ] GC(141) NMethods: 2282 registered, 578 unregistered
[109.496s][info][gc,metaspace] GC(141) Metaspace: 13M used, 14M committed, 1088M reserved
[109.496s][info][gc,ref      ] GC(141) Soft: 134 encountered, 0 discovered, 0 enqueued
[109.496s][info][gc,ref      ] GC(141) Weak: 717 encountered, 453 discovered, 0 enqueued
[109.496s][info][gc,ref      ] GC(141) Final: 0 encountered, 0 discovered, 0 enqueued
[109.496s][info][gc,ref      ] GC(141) Phantom: 59 encountered, 41 discovered, 0 enqueued
[109.496s][info][gc,reloc    ] GC(141) Small Pages: 810 / 1620M, Empty: 1492M, Relocated: 3M, In-Place: 0
[109.496s][info][gc,reloc    ] GC(141) Medium Pages: 0 / 0M, Empty: 0M, Relocated: 0M, In-Place: 0
[109.496s][info][gc,reloc    ] GC(141) Large Pages: 0 / 0M, Empty: 0M, Relocated: 0M, In-Place: 0
[109.496s][info][gc,reloc    ] GC(141) Forwarding Usage: 0M
[109.496s][info][gc,heap     ] GC(141) Min Capacity: 8M(0%)
[109.496s][info][gc,heap     ] GC(141) Max Capacity: 2048M(100%)
[109.496s][info][gc,heap     ] GC(141) Soft Max Capacity: 2048M(100%)
[109.496s][info][gc,heap     ] GC(141)                Mark Start          Mark End        Relocate Start      Relocate End           High               Low         
[109.496s][info][gc,heap     ] GC(141)  Capacity:     2048M (100%)       2048M (100%)       2048M (100%)       2048M (100%)       2048M (100%)       2048M (100%)   
[109.496s][info][gc,heap     ] GC(141)      Free:      428M (21%)         402M (20%)        1812M (88%)        1926M (94%)        1926M (94%)         322M (16%)    
[109.496s][info][gc,heap     ] GC(141)      Used:     1620M (79%)        1646M (80%)         236M (12%)         122M (6%)         1726M (84%)         122M (6%)     
[109.496s][info][gc,heap     ] GC(141)      Live:         -                 8M (0%)            8M (0%)            8M (0%)             -                  -          
[109.496s][info][gc,heap     ] GC(141) Allocated:         -                26M (1%)          108M (5%)          112M (5%)             -                  -          
[109.496s][info][gc,heap     ] GC(141)   Garbage:         -              1611M (79%)         119M (6%)            1M (0%)             -                  -          
[109.496s][info][gc,heap     ] GC(141) Reclaimed:         -                  -              1492M (73%)        1610M (79%)            -                  -          
[109.496s][info][gc          ] GC(141) Garbage Collection (Allocation Rate) 1620M(79%)->122M(6%)
[110.126s][info][gc,stats    ] === Garbage Collection Statistics =======================================================================================================================
[110.126s][info][gc,stats    ]                                                              Last 10s              Last 10m              Last 10h                Total
[110.126s][info][gc,stats    ]                                                              Avg / Max             Avg / Max             Avg / Max             Avg / Max
[110.126s][info][gc,stats    ]   Collector: Garbage Collection Cycle                     72.331 / 123.591      65.639 / 273.863      65.639 / 273.863      65.639 / 273.863     ms
[110.126s][info][gc,stats    ]  Contention: Mark Segment Reset Contention                     0 / 2                 0 / 11                0 / 11                0 / 11          ops/s
[110.126s][info][gc,stats    ]  Contention: Mark SeqNum Reset Contention                      0 / 0                 0 / 2                 0 / 2                 0 / 2           ops/s
[110.126s][info][gc,stats    ]    Critical: Allocation Stall                                  0 / 0                 1 / 43                1 / 43                1 / 43          ops/s
[110.126s][info][gc,stats    ]    Critical: Allocation Stall                              0.000 / 0.000        29.268 / 55.638       29.268 / 55.638       29.268 / 55.638      ms
[110.126s][info][gc,stats    ]    Critical: GC Locker Stall                                   0 / 0                 0 / 0                 0 / 0                 0 / 0           ops/s
[110.126s][info][gc,stats    ]    Critical: GC Locker Stall                               0.000 / 0.000         0.000 / 0.000         0.000 / 0.000         0.000 / 0.000       ms
[110.126s][info][gc,stats    ]    Critical: Relocation Stall                                  0 / 0                 0 / 0                 0 / 0                 0 / 0           ops/s
[110.126s][info][gc,stats    ]    Critical: Relocation Stall                              0.000 / 0.000         0.000 / 0.000         0.000 / 0.000         0.000 / 0.000       ms
[110.126s][info][gc,stats    ]      Memory: Allocation Rate                                1790 / 2020           1855 / 2222           1855 / 2222           1855 / 2222        MB/s
[110.126s][info][gc,stats    ]      Memory: Defragment                                        0 / 0                 0 / 0                 0 / 0                 0 / 0           ops/s
[110.126s][info][gc,stats    ]      Memory: Out Of Memory                                     0 / 0                 0 / 0                 0 / 0                 0 / 0           ops/s
[110.126s][info][gc,stats    ]      Memory: Page Cache Flush                                  0 / 0                 0 / 0                 0 / 0                 0 / 0           MB/s
[110.126s][info][gc,stats    ]      Memory: Page Cache Hit L1                               897 / 1011            922 / 1084            922 / 1084            922 / 1084        ops/s
[110.126s][info][gc,stats    ]      Memory: Page Cache Hit L2                                 0 / 0                 0 / 0                 0 / 0                 0 / 0           ops/s
[110.126s][info][gc,stats    ]      Memory: Page Cache Hit L3                                 0 / 0                 9 / 449               9 / 449               9 / 449         ops/s
[110.126s][info][gc,stats    ]      Memory: Page Cache Miss                                   0 / 0                 0 / 1                 0 / 1                 0 / 1           ops/s
[110.126s][info][gc,stats    ]      Memory: Uncommit                                          0 / 0                 0 / 0                 0 / 0                 0 / 0           MB/s
[110.126s][info][gc,stats    ]      Memory: Undo Object Allocation Failed                    18 / 68               29 / 141              29 / 141              29 / 141         ops/s
[110.126s][info][gc,stats    ]      Memory: Undo Object Allocation Succeeded                  1 / 8                 2 / 21                2 / 21                2 / 21          ops/s
[110.126s][info][gc,stats    ]      Memory: Undo Page Allocation                             58 / 72               66 / 221              66 / 221              66 / 221         ops/s
[110.127s][info][gc,stats    ]       Phase: Concurrent Mark                              15.492 / 22.449       16.533 / 212.397      16.533 / 212.397      16.533 / 212.397     ms
[110.127s][info][gc,stats    ]       Phase: Concurrent Mark Continue                      0.000 / 0.000         0.000 / 0.000         0.000 / 0.000         0.000 / 0.000       ms
[110.127s][info][gc,stats    ]       Phase: Concurrent Mark Free                          0.001 / 0.002         0.001 / 0.002         0.001 / 0.002         0.001 / 0.002       ms
[110.127s][info][gc,stats    ]       Phase: Concurrent Process Non-Strong References     46.298 / 61.346       36.540 / 242.741      36.540 / 242.741      36.540 / 242.741     ms
[110.127s][info][gc,stats    ]       Phase: Concurrent Relocate                           1.903 / 3.647         1.564 / 5.770         1.564 / 5.770         1.564 / 5.770       ms
[110.127s][info][gc,stats    ]       Phase: Concurrent Reset Relocation Set               0.006 / 0.010         0.006 / 0.011         0.006 / 0.011         0.006 / 0.011       ms
[110.127s][info][gc,stats    ]       Phase: Concurrent Select Relocation Set              4.422 / 5.048         4.623 / 14.014        4.623 / 14.014        4.623 / 14.014      ms
[110.127s][info][gc,stats    ]       Phase: Pause Mark End                                0.015 / 0.018         0.017 / 0.081         0.017 / 0.081         0.017 / 0.081       ms
[110.127s][info][gc,stats    ]       Phase: Pause Mark Start                              0.012 / 0.015         0.013 / 0.049         0.013 / 0.049         0.013 / 0.049       ms
[110.127s][info][gc,stats    ]       Phase: Pause Relocate Start                          0.008 / 0.008         0.007 / 0.020         0.007 / 0.020         0.007 / 0.020       ms
[110.127s][info][gc,stats    ]    Subphase: Concurrent Classes Purge                      0.009 / 0.040         0.046 / 3.094         0.046 / 3.094         0.046 / 3.094       ms
[110.127s][info][gc,stats    ]    Subphase: Concurrent Classes Unlink                     4.238 / 5.696         3.934 / 10.160        3.934 / 10.160        3.934 / 10.160      ms
[110.127s][info][gc,stats    ]    Subphase: Concurrent Mark                              12.758 / 20.491       10.023 / 211.109      10.023 / 211.109      10.023 / 211.109     ms
[110.127s][info][gc,stats    ]    Subphase: Concurrent Mark Try Flush                     0.093 / 0.195         0.583 / 193.285       0.583 / 193.285       0.583 / 193.285     ms
[110.127s][info][gc,stats    ]    Subphase: Concurrent Mark Try Terminate                 3.565 / 11.282        2.234 / 16.632        2.234 / 16.632        2.234 / 16.632      ms
[110.127s][info][gc,stats    ]    Subphase: Concurrent References Enqueue                 0.000 / 0.001         0.001 / 0.006         0.001 / 0.006         0.001 / 0.006       ms
[110.127s][info][gc,stats    ]    Subphase: Concurrent References Process                 0.112 / 0.184         0.104 / 0.200         0.104 / 0.200         0.104 / 0.200       ms
[110.127s][info][gc,stats    ]    Subphase: Concurrent Roots ClassLoaderDataGraph         0.156 / 0.499         0.109 / 1.252         0.109 / 1.252         0.109 / 1.252       ms
[110.127s][info][gc,stats    ]    Subphase: Concurrent Roots CodeCache                    0.000 / 0.000         0.000 / 0.000         0.000 / 0.000         0.000 / 0.000       ms
[110.127s][info][gc,stats    ]    Subphase: Concurrent Roots JavaThreads                  0.386 / 1.259         0.321 / 1.791         0.321 / 1.791         0.321 / 1.791       ms
[110.127s][info][gc,stats    ]    Subphase: Concurrent Roots OopStorageSet                0.045 / 0.102         0.055 / 0.778         0.055 / 0.778         0.055 / 0.778       ms
[110.127s][info][gc,stats    ]    Subphase: Concurrent Weak Roots OopStorageSet          23.993 / 56.678       12.138 / 59.490       12.138 / 59.490       12.138 / 59.490      ms
[110.127s][info][gc,stats    ]    Subphase: Pause Mark Try Complete                       0.000 / 0.000         0.002 / 0.004         0.002 / 0.004         0.002 / 0.004       ms
[110.127s][info][gc,stats    ]      System: Java Threads                                     53 / 64               55 / 73               55 / 73               55 / 73          threads
[110.127s][info][gc,stats    ] =========================================================================================================================================================
[110.225s][info][gc,start    ] GC(142) Garbage Collection (Allocation Rate)
[110.225s][info][gc,task     ] GC(142) Using 1 workers
[110.226s][info][gc,phases   ] GC(142) Pause Mark Start 0.012ms
[110.240s][info][gc,phases   ] GC(142) Concurrent Mark 14.345ms
[110.240s][info][gc,phases   ] GC(142) Pause Mark End 0.016ms
[110.240s][info][gc,phases   ] GC(142) Concurrent Mark Free 0.001ms
[110.296s][info][gc,phases   ] GC(142) Concurrent Process Non-Strong References 55.592ms
[110.296s][info][gc,phases   ] GC(142) Concurrent Reset Relocation Set 0.007ms
[110.301s][info][gc,phases   ] GC(142) Concurrent Select Relocation Set 4.967ms
[110.301s][info][gc,phases   ] GC(142) Pause Relocate Start 0.009ms
[110.303s][info][gc,phases   ] GC(142) Concurrent Relocate 1.940ms
[110.303s][info][gc,load     ] GC(142) Load: 0.00/0.00/0.00
[110.303s][info][gc,mmu      ] GC(142) MMU: 2ms/95.9%, 5ms/98.4%, 10ms/99.2%, 20ms/99.5%, 50ms/99.8%, 100ms/99.9%
[110.303s][info][gc,marking  ] GC(142) Mark: 1 stripe(s), 2 proactive flush(es), 1 terminate flush(es), 0 completion(s), 0 continuation(s) 
[110.303s][info][gc,marking  ] GC(142) Mark Stack Usage: 32M
[110.303s][info][gc,nmethod  ] GC(142) NMethods: 2282 registered, 578 unregistered
[110.303s][info][gc,metaspace] GC(142) Metaspace: 13M used, 14M committed, 1088M reserved
[110.303s][info][gc,ref      ] GC(142) Soft: 134 encountered, 0 discovered, 0 enqueued
[110.303s][info][gc,ref      ] GC(142) Weak: 717 encountered, 453 discovered, 0 enqueued
[110.303s][info][gc,ref      ] GC(142) Final: 0 encountered, 0 discovered, 0 enqueued
[110.303s][info][gc,ref      ] GC(142) Phantom: 59 encountered, 41 discovered, 0 enqueued
[110.303s][info][gc,reloc    ] GC(142) Small Pages: 797 / 1594M, Empty: 1484M, Relocated: 1M, In-Place: 0
[110.303s][info][gc,reloc    ] GC(142) Medium Pages: 0 / 0M, Empty: 0M, Relocated: 0M, In-Place: 0
[110.303s][info][gc,reloc    ] GC(142) Large Pages: 0 / 0M, Empty: 0M, Relocated: 0M, In-Place: 0
[110.303s][info][gc,reloc    ] GC(142) Forwarding Usage: 0M
[110.304s][info][gc,heap     ] GC(142) Min Capacity: 8M(0%)
[110.304s][info][gc,heap     ] GC(142) Max Capacity: 2048M(100%)
[110.304s][info][gc,heap     ] GC(142) Soft Max Capacity: 2048M(100%)
[110.304s][info][gc,heap     ] GC(142)                Mark Start          Mark End        Relocate Start      Relocate End           High               Low         
[110.304s][info][gc,heap     ] GC(142)  Capacity:     2048M (100%)       2048M (100%)       2048M (100%)       2048M (100%)       2048M (100%)       2048M (100%)   
[110.304s][info][gc,heap     ] GC(142)      Free:      454M (22%)         416M (20%)        1780M (87%)        1876M (92%)        1876M (92%)         304M (15%)    
[110.304s][info][gc,heap     ] GC(142)      Used:     1594M (78%)        1632M (80%)         268M (13%)         172M (8%)         1744M (85%)         172M (8%)     
[110.304s][info][gc,heap     ] GC(142)      Live:         -                 8M (0%)            8M (0%)            8M (0%)             -                  -          
[110.304s][info][gc,heap     ] GC(142) Allocated:         -                38M (2%)          158M (8%)          161M (8%)             -                  -          
[110.304s][info][gc,heap     ] GC(142)   Garbage:         -              1585M (77%)         101M (5%)            1M (0%)             -                  -          
[110.304s][info][gc,heap     ] GC(142) Reclaimed:         -                  -              1484M (72%)        1583M (77%)            -                  -          
[110.304s][info][gc          ] GC(142) Garbage Collection (Allocation Rate) 1594M(78%)->172M(8%)
[111.025s][info][gc,start    ] GC(143) Garbage Collection (Allocation Rate)
[111.025s][info][gc,task     ] GC(143) Using 1 workers
[111.025s][info][gc,phases   ] GC(143) Pause Mark Start 0.012ms
[111.042s][info][gc,phases   ] GC(143) Concurrent Mark 16.979ms
[111.043s][info][gc,phases   ] GC(143) Pause Mark End 0.016ms
[111.043s][info][gc,phases   ] GC(143) Concurrent Mark Free 0.001ms
[111.105s][info][gc,phases   ] GC(143) Concurrent Process Non-Strong References 62.292ms
[111.105s][info][gc,phases   ] GC(143) Concurrent Reset Relocation Set 0.005ms
[111.110s][info][gc,phases   ] GC(143) Concurrent Select Relocation Set 4.491ms
[111.110s][info][gc,phases   ] GC(143) Pause Relocate Start 0.009ms
[111.110s][info][gc,phases   ] GC(143) Concurrent Relocate 0.250ms
[111.110s][info][gc,load     ] GC(143) Load: 0.00/0.00/0.00
[111.110s][info][gc,mmu      ] GC(143) MMU: 2ms/95.9%, 5ms/98.4%, 10ms/99.2%, 20ms/99.5%, 50ms/99.8%, 100ms/99.9%
[111.110s][info][gc,marking  ] GC(143) Mark: 1 stripe(s), 2 proactive flush(es), 1 terminate flush(es), 0 completion(s), 0 continuation(s) 
[111.110s][info][gc,marking  ] GC(143) Mark Stack Usage: 32M
[111.110s][info][gc,nmethod  ] GC(143) NMethods: 2282 registered, 578 unregistered
[111.110s][info][gc,metaspace] GC(143) Metaspace: 13M used, 14M committed, 1088M reserved
[111.110s][info][gc,ref      ] GC(143) Soft: 134 encountered, 0 discovered, 0 enqueued
[111.110s][info][gc,ref      ] GC(143) Weak: 717 encountered, 453 discovered, 0 enqueued
[111.110s][info][gc,ref      ] GC(143) Final: 0 encountered, 0 discovered, 0 enqueued
[111.110s][info][gc,ref      ] GC(143) Phantom: 59 encountered, 41 discovered, 0 enqueued
[111.110s][info][gc,reloc    ] GC(143) Small Pages: 818 / 1636M, Empty: 1528M, Relocated: 0M, In-Place: 0
[111.110s][info][gc,reloc    ] GC(143) Medium Pages: 0 / 0M, Empty: 0M, Relocated: 0M, In-Place: 0
[111.110s][info][gc,reloc    ] GC(143) Large Pages: 0 / 0M, Empty: 0M, Relocated: 0M, In-Place: 0
[111.110s][info][gc,reloc    ] GC(143) Forwarding Usage: 0M
[111.110s][info][gc,heap     ] GC(143) Min Capacity: 8M(0%)
[111.110s][info][gc,heap     ] GC(143) Max Capacity: 2048M(100%)
[111.110s][info][gc,heap     ] GC(143) Soft Max Capacity: 2048M(100%)
[111.110s][info][gc,heap     ] GC(143)                Mark Start          Mark End        Relocate Start      Relocate End           High               Low         
[111.110s][info][gc,heap     ] GC(143)  Capacity:     2048M (100%)       2048M (100%)       2048M (100%)       2048M (100%)       2048M (100%)       2048M (100%)   
[111.110s][info][gc,heap     ] GC(143)      Free:      412M (20%)         370M (18%)        1764M (86%)        1860M (91%)        1860M (91%)         246M (12%)    
[111.111s][info][gc,heap     ] GC(143)      Used:     1636M (80%)        1678M (82%)         284M (14%)         188M (9%)         1802M (88%)         188M (9%)     
[111.111s][info][gc,heap     ] GC(143)      Live:         -                 8M (0%)            8M (0%)            8M (0%)             -                  -          
[111.111s][info][gc,heap     ] GC(143) Allocated:         -                42M (2%)          176M (9%)          175M (9%)             -                  -          
[111.111s][info][gc,heap     ] GC(143)   Garbage:         -              1627M (79%)          99M (5%)            3M (0%)             -                  -          
[111.111s][info][gc,heap     ] GC(143) Reclaimed:         -                  -              1528M (75%)        1623M (79%)            -                  -          
[111.111s][info][gc          ] GC(143) Garbage Collection (Allocation Rate) 1636M(80%)->188M(9%)
[111.825s][info][gc,start    ] GC(144) Garbage Collection (Allocation Rate)
[111.825s][info][gc,task     ] GC(144) Using 1 workers
[111.825s][info][gc,phases   ] GC(144) Pause Mark Start 0.013ms
[111.839s][info][gc,phases   ] GC(144) Concurrent Mark 13.684ms
[111.839s][info][gc,phases   ] GC(144) Pause Mark End 0.017ms
[111.839s][info][gc,phases   ] GC(144) Concurrent Mark Free 0.001ms
[111.892s][info][gc,phases   ] GC(144) Concurrent Process Non-Strong References 52.915ms
[111.892s][info][gc,phases   ] GC(144) Concurrent Reset Relocation Set 0.005ms
[111.897s][info][gc,phases   ] GC(144) Concurrent Select Relocation Set 4.842ms
[111.897s][info][gc,phases   ] GC(144) Pause Relocate Start 0.007ms
[111.898s][info][gc,phases   ] GC(144) Concurrent Relocate 0.291ms
[111.898s][info][gc,load     ] GC(144) Load: 0.00/0.00/0.00
[111.898s][info][gc,mmu      ] GC(144) MMU: 2ms/95.9%, 5ms/98.4%, 10ms/99.2%, 20ms/99.5%, 50ms/99.8%, 100ms/99.9%
[111.898s][info][gc,marking  ] GC(144) Mark: 1 stripe(s), 2 proactive flush(es), 1 terminate flush(es), 0 completion(s), 0 continuation(s) 
[111.898s][info][gc,marking  ] GC(144) Mark Stack Usage: 32M
[111.898s][info][gc,nmethod  ] GC(144) NMethods: 2282 registered, 578 unregistered
[111.898s][info][gc,metaspace] GC(144) Metaspace: 13M used, 14M committed, 1088M reserved
[111.898s][info][gc,ref      ] GC(144) Soft: 134 encountered, 0 discovered, 0 enqueued
[111.898s][info][gc,ref      ] GC(144) Weak: 717 encountered, 453 discovered, 0 enqueued
[111.898s][info][gc,ref      ] GC(144) Final: 0 encountered, 0 discovered, 0 enqueued
[111.898s][info][gc,ref      ] GC(144) Phantom: 59 encountered, 41 discovered, 0 enqueued
[111.898s][info][gc,reloc    ] GC(144) Small Pages: 803 / 1606M, Empty: 1496M, Relocated: 0M, In-Place: 0
[111.898s][info][gc,reloc    ] GC(144) Medium Pages: 0 / 0M, Empty: 0M, Relocated: 0M, In-Place: 0
[111.898s][info][gc,reloc    ] GC(144) Large Pages: 0 / 0M, Empty: 0M, Relocated: 0M, In-Place: 0
[111.898s][info][gc,reloc    ] GC(144) Forwarding Usage: 0M
[111.898s][info][gc,heap     ] GC(144) Min Capacity: 8M(0%)
[111.898s][info][gc,heap     ] GC(144) Max Capacity: 2048M(100%)
[111.898s][info][gc,heap     ] GC(144) Soft Max Capacity: 2048M(100%)
[111.898s][info][gc,heap     ] GC(144)                Mark Start          Mark End        Relocate Start      Relocate End           High               Low         
[111.898s][info][gc,heap     ] GC(144)  Capacity:     2048M (100%)       2048M (100%)       2048M (100%)       2048M (100%)       2048M (100%)       2048M (100%)   
[111.898s][info][gc,heap     ] GC(144)      Free:      442M (22%)         408M (20%)        1798M (88%)        1894M (92%)        1894M (92%)         310M (15%)    
[111.898s][info][gc,heap     ] GC(144)      Used:     1606M (78%)        1640M (80%)         250M (12%)         154M (8%)         1738M (85%)         154M (8%)     
[111.898s][info][gc,heap     ] GC(144)      Live:         -                 8M (0%)            8M (0%)            8M (0%)             -                  -          
[111.898s][info][gc,heap     ] GC(144) Allocated:         -                34M (2%)          140M (7%)          141M (7%)             -                  -          
[111.898s][info][gc,heap     ] GC(144)   Garbage:         -              1597M (78%)         101M (5%)            3M (0%)             -                  -          
[111.898s][info][gc,heap     ] GC(144) Reclaimed:         -                  -              1496M (73%)        1593M (78%)            -                  -          
[111.898s][info][gc          ] GC(144) Garbage Collection (Allocation Rate) 1606M(78%)->154M(8%)
[112.625s][info][gc,start    ] GC(145) Garbage Collection (Allocation Rate)
[112.625s][info][gc,task     ] GC(145) Using 1 workers
[112.625s][info][gc,phases   ] GC(145) Pause Mark Start 0.011ms
[112.639s][info][gc,phases   ] GC(145) Concurrent Mark 13.056ms
[112.639s][info][gc,phases   ] GC(145) Pause Mark End 0.015ms
[112.639s][info][gc,phases   ] GC(145) Concurrent Mark Free 0.001ms
[112.698s][info][gc,phases   ] GC(145) Concurrent Process Non-Strong References 58.559ms
[112.698s][info][gc,phases   ] GC(145) Concurrent Reset Relocation Set 0.006ms
[112.702s][info][gc,phases   ] GC(145) Concurrent Select Relocation Set 4.476ms
[112.702s][info][gc,phases   ] GC(145) Pause Relocate Start 0.008ms
[112.703s][info][gc,phases   ] GC(145) Concurrent Relocate 0.335ms
[112.703s][info][gc,load     ] GC(145) Load: 0.00/0.00/0.00
[112.703s][info][gc,mmu      ] GC(145) MMU: 2ms/95.9%, 5ms/98.4%, 10ms/99.2%, 20ms/99.5%, 50ms/99.8%, 100ms/99.9%
[112.703s][info][gc,marking  ] GC(145) Mark: 1 stripe(s), 2 proactive flush(es), 1 terminate flush(es), 0 completion(s), 0 continuation(s) 
[112.703s][info][gc,marking  ] GC(145) Mark Stack Usage: 32M
[112.703s][info][gc,nmethod  ] GC(145) NMethods: 2282 registered, 578 unregistered
[112.703s][info][gc,metaspace] GC(145) Metaspace: 13M used, 14M committed, 1088M reserved
[112.703s][info][gc,ref      ] GC(145) Soft: 134 encountered, 0 discovered, 0 enqueued
[112.703s][info][gc,ref      ] GC(145) Weak: 717 encountered, 453 discovered, 0 enqueued
[112.703s][info][gc,ref      ] GC(145) Final: 0 encountered, 0 discovered, 0 enqueued
[112.703s][info][gc,ref      ] GC(145) Phantom: 59 encountered, 41 discovered, 0 enqueued
[112.703s][info][gc,reloc    ] GC(145) Small Pages: 805 / 1610M, Empty: 1498M, Relocated: 0M, In-Place: 0
[112.703s][info][gc,reloc    ] GC(145) Medium Pages: 0 / 0M, Empty: 0M, Relocated: 0M, In-Place: 0
[112.703s][info][gc,reloc    ] GC(145) Large Pages: 0 / 0M, Empty: 0M, Relocated: 0M, In-Place: 0
[112.703s][info][gc,reloc    ] GC(145) Forwarding Usage: 0M
[112.703s][info][gc,heap     ] GC(145) Min Capacity: 8M(0%)
[112.703s][info][gc,heap     ] GC(145) Max Capacity: 2048M(100%)
[112.703s][info][gc,heap     ] GC(145) Soft Max Capacity: 2048M(100%)
[112.703s][info][gc,heap     ] GC(145)                Mark Start          Mark End        Relocate Start      Relocate End           High               Low         
[112.703s][info][gc,heap     ] GC(145)  Capacity:     2048M (100%)       2048M (100%)       2048M (100%)       2048M (100%)       2048M (100%)       2048M (100%)   
[112.703s][info][gc,heap     ] GC(145)      Free:      438M (21%)         404M (20%)        1776M (87%)        1874M (92%)        1874M (92%)         286M (14%)    
[112.703s][info][gc,heap     ] GC(145)      Used:     1610M (79%)        1644M (80%)         272M (13%)         174M (8%)         1762M (86%)         174M (8%)     
[112.703s][info][gc,heap     ] GC(145)      Live:         -                 8M (0%)            8M (0%)            8M (0%)             -                  -          
[112.703s][info][gc,heap     ] GC(145) Allocated:         -                34M (2%)          160M (8%)          161M (8%)             -                  -          
[112.703s][info][gc,heap     ] GC(145)   Garbage:         -              1601M (78%)         103M (5%)            3M (0%)             -                  -          
[112.703s][info][gc,heap     ] GC(145) Reclaimed:         -                  -              1498M (73%)        1597M (78%)            -                  -          
[112.703s][info][gc          ] GC(145) Garbage Collection (Allocation Rate) 1610M(79%)->174M(8%)
[113.425s][info][gc,start    ] GC(146) Garbage Collection (Allocation Rate)
[113.425s][info][gc,task     ] GC(146) Using 1 workers
[113.425s][info][gc,phases   ] GC(146) Pause Mark Start 0.010ms
[113.439s][info][gc,phases   ] GC(146) Concurrent Mark 14.219ms
[113.439s][info][gc,phases   ] GC(146) Pause Mark End 0.015ms
[113.439s][info][gc,phases   ] GC(146) Concurrent Mark Free 0.001ms
[113.501s][info][gc,phases   ] GC(146) Concurrent Process Non-Strong References 61.803ms
[113.501s][info][gc,phases   ] GC(146) Concurrent Reset Relocation Set 0.005ms
[113.506s][info][gc,phases   ] GC(146) Concurrent Select Relocation Set 4.372ms
[113.506s][info][gc,phases   ] GC(146) Pause Relocate Start 0.008ms
[113.506s][info][gc,phases   ] GC(146) Concurrent Relocate 0.423ms
[113.507s][info][gc,load     ] GC(146) Load: 0.00/0.00/0.00
[113.507s][info][gc,mmu      ] GC(146) MMU: 2ms/95.9%, 5ms/98.4%, 10ms/99.2%, 20ms/99.5%, 50ms/99.8%, 100ms/99.9%
[113.507s][info][gc,marking  ] GC(146) Mark: 1 stripe(s), 2 proactive flush(es), 1 terminate flush(es), 0 completion(s), 0 continuation(s) 
[113.507s][info][gc,marking  ] GC(146) Mark Stack Usage: 32M
[113.507s][info][gc,nmethod  ] GC(146) NMethods: 2282 registered, 578 unregistered
[113.507s][info][gc,metaspace] GC(146) Metaspace: 13M used, 14M committed, 1088M reserved
[113.507s][info][gc,ref      ] GC(146) Soft: 134 encountered, 0 discovered, 0 enqueued
[113.507s][info][gc,ref      ] GC(146) Weak: 715 encountered, 453 discovered, 0 enqueued
[113.507s][info][gc,ref      ] GC(146) Final: 0 encountered, 0 discovered, 0 enqueued
[113.507s][info][gc,ref      ] GC(146) Phantom: 59 encountered, 41 discovered, 0 enqueued
[113.507s][info][gc,reloc    ] GC(146) Small Pages: 821 / 1642M, Empty: 1528M, Relocated: 0M, In-Place: 0
[113.507s][info][gc,reloc    ] GC(146) Medium Pages: 0 / 0M, Empty: 0M, Relocated: 0M, In-Place: 0
[113.507s][info][gc,reloc    ] GC(146) Large Pages: 0 / 0M, Empty: 0M, Relocated: 0M, In-Place: 0
[113.507s][info][gc,reloc    ] GC(146) Forwarding Usage: 0M
[113.507s][info][gc,heap     ] GC(146) Min Capacity: 8M(0%)
[113.507s][info][gc,heap     ] GC(146) Max Capacity: 2048M(100%)
[113.507s][info][gc,heap     ] GC(146) Soft Max Capacity: 2048M(100%)
[113.507s][info][gc,heap     ] GC(146)                Mark Start          Mark End        Relocate Start      Relocate End           High               Low         
[113.507s][info][gc,heap     ] GC(146)  Capacity:     2048M (100%)       2048M (100%)       2048M (100%)       2048M (100%)       2048M (100%)       2048M (100%)   
[113.507s][info][gc,heap     ] GC(146)      Free:      406M (20%)         370M (18%)        1764M (86%)        1866M (91%)        1866M (91%)         246M (12%)    
[113.507s][info][gc,heap     ] GC(146)      Used:     1642M (80%)        1678M (82%)         284M (14%)         182M (9%)         1802M (88%)         182M (9%)     
[113.507s][info][gc,heap     ] GC(146)      Live:         -                 8M (0%)            8M (0%)            8M (0%)             -                  -          
[113.507s][info][gc,heap     ] GC(146) Allocated:         -                36M (2%)          170M (8%)          169M (8%)             -                  -          
[113.507s][info][gc,heap     ] GC(146)   Garbage:         -              1633M (80%)         105M (5%)            3M (0%)             -                  -          
[113.507s][info][gc,heap     ] GC(146) Reclaimed:         -                  -              1528M (75%)        1629M (80%)            -                  -          
[113.507s][info][gc          ] GC(146) Garbage Collection (Allocation Rate) 1642M(80%)->182M(9%)
[114.224s][info][gc,start    ] GC(147) Garbage Collection (Allocation Rate)
[114.224s][info][gc,task     ] GC(147) Using 1 workers
[114.256s][info][gc,phases   ] GC(147) Pause Mark Start 0.016ms
[114.277s][info][gc,phases   ] GC(147) Concurrent Mark 21.453ms
[114.278s][info][gc,phases   ] GC(147) Pause Mark End 0.044ms
[114.278s][info][gc,phases   ] GC(147) Concurrent Mark Free 0.001ms
[114.348s][info][gc,phases   ] GC(147) Concurrent Process Non-Strong References 70.078ms
[114.370s][info][gc,phases   ] GC(147) Concurrent Reset Relocation Set 0.007ms
[114.375s][info][gc,phases   ] GC(147) Concurrent Select Relocation Set 4.375ms
[114.375s][info][gc,phases   ] GC(147) Pause Relocate Start 0.009ms
[114.376s][info][gc,phases   ] GC(147) Concurrent Relocate 0.436ms
[114.376s][info][gc,load     ] GC(147) Load: 0.00/0.00/0.00
[114.376s][info][gc,mmu      ] GC(147) MMU: 2ms/95.9%, 5ms/98.4%, 10ms/99.2%, 20ms/99.5%, 50ms/99.8%, 100ms/99.9%
[114.376s][info][gc,marking  ] GC(147) Mark: 1 stripe(s), 2 proactive flush(es), 1 terminate flush(es), 1 completion(s), 0 continuation(s) 
[114.376s][info][gc,marking  ] GC(147) Mark Stack Usage: 32M
[114.376s][info][gc,nmethod  ] GC(147) NMethods: 2282 registered, 578 unregistered
[114.376s][info][gc,metaspace] GC(147) Metaspace: 13M used, 14M committed, 1088M reserved
[114.376s][info][gc,ref      ] GC(147) Soft: 134 encountered, 0 discovered, 0 enqueued
[114.376s][info][gc,ref      ] GC(147) Weak: 713 encountered, 453 discovered, 0 enqueued
[114.376s][info][gc,ref      ] GC(147) Final: 0 encountered, 0 discovered, 0 enqueued
[114.376s][info][gc,ref      ] GC(147) Phantom: 59 encountered, 41 discovered, 0 enqueued
[114.376s][info][gc,reloc    ] GC(147) Small Pages: 820 / 1640M, Empty: 1526M, Relocated: 0M, In-Place: 0
[114.376s][info][gc,reloc    ] GC(147) Medium Pages: 0 / 0M, Empty: 0M, Relocated: 0M, In-Place: 0
[114.376s][info][gc,reloc    ] GC(147) Large Pages: 0 / 0M, Empty: 0M, Relocated: 0M, In-Place: 0
[114.376s][info][gc,reloc    ] GC(147) Forwarding Usage: 0M
[114.376s][info][gc,heap     ] GC(147) Min Capacity: 8M(0%)
[114.376s][info][gc,heap     ] GC(147) Max Capacity: 2048M(100%)
[114.376s][info][gc,heap     ] GC(147) Soft Max Capacity: 2048M(100%)
[114.376s][info][gc,heap     ] GC(147)                Mark Start          Mark End        Relocate Start      Relocate End           High               Low         
[114.376s][info][gc,heap     ] GC(147)  Capacity:     2048M (100%)       2048M (100%)       2048M (100%)       2048M (100%)       2048M (100%)       2048M (100%)   
[114.376s][info][gc,heap     ] GC(147)      Free:      408M (20%)         366M (18%)        1708M (83%)        1810M (88%)        1810M (88%)         192M (9%)     
[114.376s][info][gc,heap     ] GC(147)      Used:     1640M (80%)        1682M (82%)         340M (17%)         238M (12%)        1856M (91%)         238M (12%)    
[114.376s][info][gc,heap     ] GC(147)      Live:         -                 8M (0%)            8M (0%)            8M (0%)             -                  -          
[114.376s][info][gc,heap     ] GC(147) Allocated:         -                42M (2%)          226M (11%)         225M (11%)            -                  -          
[114.376s][info][gc,heap     ] GC(147)   Garbage:         -              1631M (80%)         105M (5%)            3M (0%)             -                  -          
[114.376s][info][gc,heap     ] GC(147) Reclaimed:         -                  -              1526M (75%)        1627M (79%)            -                  -          
[114.376s][info][gc          ] GC(147) Garbage Collection (Allocation Rate) 1640M(80%)->238M(12%)
[114.925s][info][gc,start    ] GC(148) Garbage Collection (Allocation Rate)
[114.925s][info][gc,task     ] GC(148) Using 1 workers
[114.925s][info][gc,phases   ] GC(148) Pause Mark Start 0.014ms
[114.939s][info][gc,phases   ] GC(148) Concurrent Mark 13.747ms
[114.939s][info][gc,phases   ] GC(148) Pause Mark End 0.015ms
[114.939s][info][gc,phases   ] GC(148) Concurrent Mark Free 0.001ms
[114.992s][info][gc,phases   ] GC(148) Concurrent Process Non-Strong References 52.586ms
[114.992s][info][gc,phases   ] GC(148) Concurrent Reset Relocation Set 0.007ms
[114.996s][info][gc,phases   ] GC(148) Concurrent Select Relocation Set 4.216ms
[114.996s][info][gc,phases   ] GC(148) Pause Relocate Start 0.008ms
[114.997s][info][gc,phases   ] GC(148) Concurrent Relocate 0.588ms
[114.997s][info][gc,load     ] GC(148) Load: 0.00/0.00/0.00
[114.997s][info][gc,mmu      ] GC(148) MMU: 2ms/95.9%, 5ms/98.4%, 10ms/99.2%, 20ms/99.5%, 50ms/99.8%, 100ms/99.9%
[114.997s][info][gc,marking  ] GC(148) Mark: 1 stripe(s), 2 proactive flush(es), 1 terminate flush(es), 0 completion(s), 0 continuation(s) 
[114.997s][info][gc,marking  ] GC(148) Mark Stack Usage: 32M
[114.997s][info][gc,nmethod  ] GC(148) NMethods: 2282 registered, 578 unregistered
[114.997s][info][gc,metaspace] GC(148) Metaspace: 13M used, 14M committed, 1088M reserved
[114.997s][info][gc,ref      ] GC(148) Soft: 134 encountered, 0 discovered, 0 enqueued
[114.997s][info][gc,ref      ] GC(148) Weak: 711 encountered, 453 discovered, 0 enqueued
[114.997s][info][gc,ref      ] GC(148) Final: 0 encountered, 0 discovered, 0 enqueued
[114.997s][info][gc,ref      ] GC(148) Phantom: 59 encountered, 41 discovered, 0 enqueued
[114.997s][info][gc,reloc    ] GC(148) Small Pages: 658 / 1316M, Empty: 1220M, Relocated: 0M, In-Place: 0
[114.997s][info][gc,reloc    ] GC(148) Medium Pages: 0 / 0M, Empty: 0M, Relocated: 0M, In-Place: 0
[114.997s][info][gc,reloc    ] GC(148) Large Pages: 0 / 0M, Empty: 0M, Relocated: 0M, In-Place: 0
[114.997s][info][gc,reloc    ] GC(148) Forwarding Usage: 0M
[114.997s][info][gc,heap     ] GC(148) Min Capacity: 8M(0%)
[114.997s][info][gc,heap     ] GC(148) Max Capacity: 2048M(100%)
[114.997s][info][gc,heap     ] GC(148) Soft Max Capacity: 2048M(100%)
[114.997s][info][gc,heap     ] GC(148)                Mark Start          Mark End        Relocate Start      Relocate End           High               Low         
[114.997s][info][gc,heap     ] GC(148)  Capacity:     2048M (100%)       2048M (100%)       2048M (100%)       2048M (100%)       2048M (100%)       2048M (100%)   
[114.997s][info][gc,heap     ] GC(148)      Free:      732M (36%)         698M (34%)        1804M (88%)        1886M (92%)        1886M (92%)         590M (29%)    
[114.997s][info][gc,heap     ] GC(148)      Used:     1316M (64%)        1350M (66%)         244M (12%)         162M (8%)         1458M (71%)         162M (8%)     
[114.997s][info][gc,heap     ] GC(148)      Live:         -                 8M (0%)            8M (0%)            8M (0%)             -                  -          
[114.997s][info][gc,heap     ] GC(148) Allocated:         -                34M (2%)          148M (7%)          149M (7%)             -                  -          
[114.997s][info][gc,heap     ] GC(148)   Garbage:         -              1307M (64%)          87M (4%)            3M (0%)             -                  -          
[114.997s][info][gc,heap     ] GC(148) Reclaimed:         -                  -              1220M (60%)        1303M (64%)            -                  -          
[114.997s][info][gc          ] GC(148) Garbage Collection (Allocation Rate) 1316M(64%)->162M(8%)
[115.626s][info][gc,start    ] GC(149) Garbage Collection (Allocation Rate)
[115.626s][info][gc,task     ] GC(149) Using 1 workers
[115.626s][info][gc,phases   ] GC(149) Pause Mark Start 0.010ms
[115.640s][info][gc,phases   ] GC(149) Concurrent Mark 13.970ms
[115.640s][info][gc,phases   ] GC(149) Pause Mark End 0.016ms
[115.640s][info][gc,phases   ] GC(149) Concurrent Mark Free 0.001ms
[115.703s][info][gc,phases   ] GC(149) Concurrent Process Non-Strong References 62.660ms
[115.708s][info][gc,phases   ] GC(149) Concurrent Reset Relocation Set 0.007ms
[115.712s][info][gc,phases   ] GC(149) Concurrent Select Relocation Set 4.162ms
[115.712s][info][gc,phases   ] GC(149) Pause Relocate Start 0.008ms
[115.713s][info][gc,phases   ] GC(149) Concurrent Relocate 0.606ms
[115.713s][info][gc,load     ] GC(149) Load: 0.00/0.00/0.00
[115.713s][info][gc,mmu      ] GC(149) MMU: 2ms/95.9%, 5ms/98.4%, 10ms/99.2%, 20ms/99.5%, 50ms/99.8%, 100ms/99.9%
[115.713s][info][gc,marking  ] GC(149) Mark: 1 stripe(s), 2 proactive flush(es), 1 terminate flush(es), 0 completion(s), 0 continuation(s) 
[115.713s][info][gc,marking  ] GC(149) Mark Stack Usage: 32M
[115.713s][info][gc,nmethod  ] GC(149) NMethods: 2282 registered, 578 unregistered
[115.713s][info][gc,metaspace] GC(149) Metaspace: 13M used, 14M committed, 1088M reserved
[115.713s][info][gc,ref      ] GC(149) Soft: 134 encountered, 0 discovered, 0 enqueued
[115.713s][info][gc,ref      ] GC(149) Weak: 707 encountered, 453 discovered, 0 enqueued
[115.713s][info][gc,ref      ] GC(149) Final: 0 encountered, 0 discovered, 0 enqueued
[115.713s][info][gc,ref      ] GC(149) Phantom: 59 encountered, 41 discovered, 0 enqueued
[115.713s][info][gc,reloc    ] GC(149) Small Pages: 728 / 1456M, Empty: 1358M, Relocated: 0M, In-Place: 0
[115.713s][info][gc,reloc    ] GC(149) Medium Pages: 0 / 0M, Empty: 0M, Relocated: 0M, In-Place: 0
[115.713s][info][gc,reloc    ] GC(149) Large Pages: 0 / 0M, Empty: 0M, Relocated: 0M, In-Place: 0
[115.713s][info][gc,reloc    ] GC(149) Forwarding Usage: 0M
[115.714s][info][gc,heap     ] GC(149) Min Capacity: 8M(0%)
[115.714s][info][gc,heap     ] GC(149) Max Capacity: 2048M(100%)
[115.714s][info][gc,heap     ] GC(149) Soft Max Capacity: 2048M(100%)
[115.714s][info][gc,heap     ] GC(149)                Mark Start          Mark End        Relocate Start      Relocate End           High               Low         
[115.714s][info][gc,heap     ] GC(149)  Capacity:     2048M (100%)       2048M (100%)       2048M (100%)       2048M (100%)       2048M (100%)       2048M (100%)   
[115.714s][info][gc,heap     ] GC(149)      Free:      592M (29%)         558M (27%)        1770M (86%)        1856M (91%)        1856M (91%)         420M (21%)    
[115.714s][info][gc,heap     ] GC(149)      Used:     1456M (71%)        1490M (73%)         278M (14%)         192M (9%)         1628M (79%)         192M (9%)     
[115.714s][info][gc,heap     ] GC(149)      Live:         -                 9M (0%)            9M (0%)            9M (0%)             -                  -          
[115.714s][info][gc,heap     ] GC(149) Allocated:         -                34M (2%)          180M (9%)          179M (9%)             -                  -          
[115.714s][info][gc,heap     ] GC(149)   Garbage:         -              1446M (71%)          88M (4%)            3M (0%)             -                  -          
[115.714s][info][gc,heap     ] GC(149) Reclaimed:         -                  -              1358M (66%)        1443M (71%)            -                  -          
[115.714s][info][gc          ] GC(149) Garbage Collection (Allocation Rate) 1456M(71%)->192M(9%)
[116.424s][info][gc,start    ] GC(150) Garbage Collection (Allocation Rate)
[116.424s][info][gc,task     ] GC(150) Using 1 workers
[116.424s][info][gc,phases   ] GC(150) Pause Mark Start 0.011ms
[116.434s][info][gc,phases   ] GC(150) Concurrent Mark 9.923ms
[116.434s][info][gc,phases   ] GC(150) Pause Mark End 0.013ms
[116.434s][info][gc,phases   ] GC(150) Concurrent Mark Free 0.001ms
[116.490s][info][gc,phases   ] GC(150) Concurrent Process Non-Strong References 55.055ms
[116.490s][info][gc,phases   ] GC(150) Concurrent Reset Relocation Set 0.003ms
[116.494s][info][gc,phases   ] GC(150) Concurrent Select Relocation Set 4.039ms
[116.494s][info][gc,phases   ] GC(150) Pause Relocate Start 0.008ms
[116.494s][info][gc,phases   ] GC(150) Concurrent Relocate 0.525ms
[116.494s][info][gc,load     ] GC(150) Load: 0.00/0.00/0.00
[116.494s][info][gc,mmu      ] GC(150) MMU: 2ms/95.9%, 5ms/98.4%, 10ms/99.2%, 20ms/99.5%, 50ms/99.8%, 100ms/99.9%
[116.494s][info][gc,marking  ] GC(150) Mark: 1 stripe(s), 2 proactive flush(es), 1 terminate flush(es), 0 completion(s), 0 continuation(s) 
[116.494s][info][gc,marking  ] GC(150) Mark Stack Usage: 32M
[116.494s][info][gc,nmethod  ] GC(150) NMethods: 2282 registered, 578 unregistered
[116.494s][info][gc,metaspace] GC(150) Metaspace: 13M used, 14M committed, 1088M reserved
[116.495s][info][gc,ref      ] GC(150) Soft: 134 encountered, 0 discovered, 0 enqueued
[116.495s][info][gc,ref      ] GC(150) Weak: 653 encountered, 451 discovered, 0 enqueued
[116.495s][info][gc,ref      ] GC(150) Final: 0 encountered, 0 discovered, 0 enqueued
[116.495s][info][gc,ref      ] GC(150) Phantom: 59 encountered, 41 discovered, 0 enqueued
[116.495s][info][gc,reloc    ] GC(150) Small Pages: 805 / 1610M, Empty: 1506M, Relocated: 1M, In-Place: 0
[116.495s][info][gc,reloc    ] GC(150) Medium Pages: 0 / 0M, Empty: 0M, Relocated: 0M, In-Place: 0
[116.495s][info][gc,reloc    ] GC(150) Large Pages: 0 / 0M, Empty: 0M, Relocated: 0M, In-Place: 0
[116.495s][info][gc,reloc    ] GC(150) Forwarding Usage: 0M
[116.495s][info][gc,heap     ] GC(150) Min Capacity: 8M(0%)
[116.495s][info][gc,heap     ] GC(150) Max Capacity: 2048M(100%)
[116.495s][info][gc,heap     ] GC(150) Soft Max Capacity: 2048M(100%)
[116.495s][info][gc,heap     ] GC(150)                Mark Start          Mark End        Relocate Start      Relocate End           High               Low         
[116.495s][info][gc,heap     ] GC(150)  Capacity:     2048M (100%)       2048M (100%)       2048M (100%)       2048M (100%)       2048M (100%)       2048M (100%)   
[116.495s][info][gc,heap     ] GC(150)      Free:      438M (21%)         412M (20%)        1788M (87%)        1880M (92%)        1880M (92%)         290M (14%)    
[116.495s][info][gc,heap     ] GC(150)      Used:     1610M (79%)        1636M (80%)         260M (13%)         168M (8%)         1758M (86%)         168M (8%)     
[116.495s][info][gc,heap     ] GC(150)      Live:         -                 7M (0%)            7M (0%)            7M (0%)             -                  -          
[116.495s][info][gc,heap     ] GC(150) Allocated:         -                26M (1%)          156M (8%)          157M (8%)             -                  -          
[116.495s][info][gc,heap     ] GC(150)   Garbage:         -              1602M (78%)          96M (5%)            2M (0%)             -                  -          
[116.495s][info][gc,heap     ] GC(150) Reclaimed:         -                  -              1506M (74%)        1599M (78%)            -                  -          
[116.495s][info][gc          ] GC(150) Garbage Collection (Allocation Rate) 1610M(79%)->168M(8%)
[116.949s][info][gc,start    ] GC(151) Garbage Collection (System.gc())
[116.949s][info][gc,task     ] GC(151) Using 12 workers
[117.003s][info][gc,phases   ] GC(151) Pause Mark Start 0.016ms
[117.018s][info][gc,phases   ] GC(151) Concurrent Mark 15.465ms
[117.018s][info][gc,phases   ] GC(151) Pause Mark End 0.064ms
[117.018s][info][gc,phases   ] GC(151) Concurrent Mark Free 0.001ms
[117.027s][info][gc,phases   ] GC(151) Concurrent Process Non-Strong References 8.793ms
[117.027s][info][gc,phases   ] GC(151) Concurrent Reset Relocation Set 0.004ms
[117.032s][info][gc,phases   ] GC(151) Concurrent Select Relocation Set 4.370ms
[117.032s][info][gc,phases   ] GC(151) Pause Relocate Start 0.007ms
[117.035s][info][gc,phases   ] GC(151) Concurrent Relocate 2.598ms
[117.035s][info][gc,load     ] GC(151) Load: 0.00/0.00/0.00
[117.035s][info][gc,mmu      ] GC(151) MMU: 2ms/95.9%, 5ms/98.4%, 10ms/99.2%, 20ms/99.5%, 50ms/99.8%, 100ms/99.9%
[117.035s][info][gc,marking  ] GC(151) Mark: 8 stripe(s), 2 proactive flush(es), 1 terminate flush(es), 1 completion(s), 0 continuation(s) 
[117.035s][info][gc,marking  ] GC(151) Mark Stack Usage: 32M
[117.035s][info][gc,nmethod  ] GC(151) NMethods: 2283 registered, 578 unregistered
[117.035s][info][gc,metaspace] GC(151) Metaspace: 13M used, 14M committed, 1088M reserved
[117.035s][info][gc,ref      ] GC(151) Soft: 134 encountered, 0 discovered, 0 enqueued
[117.035s][info][gc,ref      ] GC(151) Weak: 617 encountered, 145 discovered, 0 enqueued
[117.035s][info][gc,ref      ] GC(151) Final: 0 encountered, 0 discovered, 0 enqueued
[117.035s][info][gc,ref      ] GC(151) Phantom: 59 encountered, 37 discovered, 0 enqueued
[117.035s][info][gc,reloc    ] GC(151) Small Pages: 343 / 686M, Empty: 666M, Relocated: 3M, In-Place: 0
[117.035s][info][gc,reloc    ] GC(151) Medium Pages: 0 / 0M, Empty: 0M, Relocated: 0M, In-Place: 0
[117.035s][info][gc,reloc    ] GC(151) Large Pages: 0 / 0M, Empty: 0M, Relocated: 0M, In-Place: 0
[117.035s][info][gc,reloc    ] GC(151) Forwarding Usage: 1M
[117.035s][info][gc,heap     ] GC(151) Min Capacity: 8M(0%)
[117.035s][info][gc,heap     ] GC(151) Max Capacity: 2048M(100%)
[117.035s][info][gc,heap     ] GC(151) Soft Max Capacity: 2048M(100%)
[117.035s][info][gc,heap     ] GC(151)                Mark Start          Mark End        Relocate Start      Relocate End           High               Low         
[117.035s][info][gc,heap     ] GC(151)  Capacity:     2048M (100%)       2048M (100%)       2048M (100%)       2048M (100%)       2048M (100%)       2048M (100%)   
[117.035s][info][gc,heap     ] GC(151)      Free:     1362M (67%)        1362M (67%)        2028M (99%)        2028M (99%)        2028M (99%)        1362M (67%)    
[117.035s][info][gc,heap     ] GC(151)      Used:      686M (33%)         686M (33%)          20M (1%)           20M (1%)          686M (33%)          20M (1%)     
[117.035s][info][gc,heap     ] GC(151)      Live:         -                 4M (0%)            4M (0%)            4M (0%)             -                  -          
[117.035s][info][gc,heap     ] GC(151) Allocated:         -                 0M (0%)            0M (0%)            0M (0%)             -                  -          
[117.035s][info][gc,heap     ] GC(151)   Garbage:         -               681M (33%)          15M (1%)           15M (1%)             -                  -          
[117.035s][info][gc,heap     ] GC(151) Reclaimed:         -                  -               666M (33%)         666M (33%)            -                  -          
[117.036s][info][gc          ] GC(151) Garbage Collection (System.gc()) 686M(33%)->20M(1%)
[117.625s][info][gc,start    ] GC(152) Garbage Collection (Allocation Rate)
[117.625s][info][gc,task     ] GC(152) Using 3 workers
[117.625s][info][gc,phases   ] GC(152) Pause Mark Start 0.011ms
[117.633s][info][gc,phases   ] GC(152) Concurrent Mark 7.601ms
[117.633s][info][gc,phases   ] GC(152) Pause Mark End 0.017ms
[117.633s][info][gc,phases   ] GC(152) Concurrent Mark Free 0.001ms
[117.651s][info][gc,phases   ] GC(152) Concurrent Process Non-Strong References 18.337ms
[117.651s][info][gc,phases   ] GC(152) Concurrent Reset Relocation Set 0.002ms
[117.656s][info][gc,phases   ] GC(152) Concurrent Select Relocation Set 4.836ms
[117.656s][info][gc,phases   ] GC(152) Pause Relocate Start 0.006ms
[117.658s][info][gc,phases   ] GC(152) Concurrent Relocate 1.411ms
[117.658s][info][gc,load     ] GC(152) Load: 0.00/0.00/0.00
[117.658s][info][gc,mmu      ] GC(152) MMU: 2ms/95.9%, 5ms/98.4%, 10ms/99.2%, 20ms/99.5%, 50ms/99.8%, 100ms/99.9%
[117.658s][info][gc,marking  ] GC(152) Mark: 2 stripe(s), 3 proactive flush(es), 1 terminate flush(es), 0 completion(s), 0 continuation(s) 
[117.658s][info][gc,marking  ] GC(152) Mark Stack Usage: 32M
[117.658s][info][gc,nmethod  ] GC(152) NMethods: 2285 registered, 581 unregistered
[117.658s][info][gc,metaspace] GC(152) Metaspace: 13M used, 14M committed, 1088M reserved
[117.658s][info][gc,ref      ] GC(152) Soft: 134 encountered, 0 discovered, 0 enqueued
[117.658s][info][gc,ref      ] GC(152) Weak: 723 encountered, 464 discovered, 2 enqueued
[117.658s][info][gc,ref      ] GC(152) Final: 0 encountered, 0 discovered, 0 enqueued
[117.658s][info][gc,ref      ] GC(152) Phantom: 59 encountered, 27 discovered, 0 enqueued
[117.658s][info][gc,reloc    ] GC(152) Small Pages: 470 / 940M, Empty: 834M, Relocated: 2M, In-Place: 0
[117.658s][info][gc,reloc    ] GC(152) Medium Pages: 0 / 0M, Empty: 0M, Relocated: 0M, In-Place: 0
[117.658s][info][gc,reloc    ] GC(152) Large Pages: 0 / 0M, Empty: 0M, Relocated: 0M, In-Place: 0
[117.658s][info][gc,reloc    ] GC(152) Forwarding Usage: 0M
[117.658s][info][gc,heap     ] GC(152) Min Capacity: 8M(0%)
[117.658s][info][gc,heap     ] GC(152) Max Capacity: 2048M(100%)
[117.658s][info][gc,heap     ] GC(152) Soft Max Capacity: 2048M(100%)
[117.658s][info][gc,heap     ] GC(152)                Mark Start          Mark End        Relocate Start      Relocate End           High               Low         
[117.658s][info][gc,heap     ] GC(152)  Capacity:     2048M (100%)       2048M (100%)       2048M (100%)       2048M (100%)       2048M (100%)       2048M (100%)   
[117.658s][info][gc,heap     ] GC(152)      Free:     1108M (54%)        1094M (53%)        1892M (92%)        1984M (97%)        1984M (97%)        1064M (52%)    
[117.658s][info][gc,heap     ] GC(152)      Used:      940M (46%)         954M (47%)         156M (8%)           64M (3%)          984M (48%)          64M (3%)     
[117.658s][info][gc,heap     ] GC(152)      Live:         -                 7M (0%)            7M (0%)            7M (0%)             -                  -          
[117.658s][info][gc,heap     ] GC(152) Allocated:         -                14M (1%)           50M (2%)           50M (2%)             -                  -          
[117.658s][info][gc,heap     ] GC(152)   Garbage:         -               932M (46%)          98M (5%)            6M (0%)             -                  -          
[117.658s][info][gc,heap     ] GC(152) Reclaimed:         -                  -               834M (41%)         926M (45%)            -                  -          
[117.658s][info][gc          ] GC(152) Garbage Collection (Allocation Rate) 940M(46%)->64M(3%)
[118.125s][info][gc,start    ] GC(153) Garbage Collection (Allocation Rate)
[118.125s][info][gc,task     ] GC(153) Using 2 workers
[118.125s][info][gc,phases   ] GC(153) Pause Mark Start 0.011ms
[118.135s][info][gc,phases   ] GC(153) Concurrent Mark 9.746ms
[118.135s][info][gc,phases   ] GC(153) Pause Mark End 0.015ms
[118.135s][info][gc,phases   ] GC(153) Concurrent Mark Free 0.001ms
[118.164s][info][gc,phases   ] GC(153) Concurrent Process Non-Strong References 28.432ms
[118.164s][info][gc,phases   ] GC(153) Concurrent Reset Relocation Set 0.009ms
[118.170s][info][gc,phases   ] GC(153) Concurrent Select Relocation Set 5.656ms
[118.170s][info][gc,phases   ] GC(153) Pause Relocate Start 0.006ms
[118.171s][info][gc,phases   ] GC(153) Concurrent Relocate 1.480ms
[118.171s][info][gc,load     ] GC(153) Load: 0.00/0.00/0.00
[118.171s][info][gc,mmu      ] GC(153) MMU: 2ms/95.9%, 5ms/98.4%, 10ms/99.2%, 20ms/99.5%, 50ms/99.8%, 100ms/99.9%
[118.171s][info][gc,marking  ] GC(153) Mark: 2 stripe(s), 2 proactive flush(es), 1 terminate flush(es), 0 completion(s), 0 continuation(s) 
[118.171s][info][gc,marking  ] GC(153) Mark Stack Usage: 32M
[118.171s][info][gc,nmethod  ] GC(153) NMethods: 2285 registered, 582 unregistered
[118.171s][info][gc,metaspace] GC(153) Metaspace: 13M used, 14M committed, 1088M reserved
[118.171s][info][gc,ref      ] GC(153) Soft: 134 encountered, 0 discovered, 0 enqueued
[118.171s][info][gc,ref      ] GC(153) Weak: 721 encountered, 449 discovered, 0 enqueued
[118.171s][info][gc,ref      ] GC(153) Final: 0 encountered, 0 discovered, 0 enqueued
[118.171s][info][gc,ref      ] GC(153) Phantom: 59 encountered, 39 discovered, 0 enqueued
[118.172s][info][gc,reloc    ] GC(153) Small Pages: 471 / 942M, Empty: 864M, Relocated: 2M, In-Place: 0
[118.172s][info][gc,reloc    ] GC(153) Medium Pages: 0 / 0M, Empty: 0M, Relocated: 0M, In-Place: 0
[118.172s][info][gc,reloc    ] GC(153) Large Pages: 0 / 0M, Empty: 0M, Relocated: 0M, In-Place: 0
[118.172s][info][gc,reloc    ] GC(153) Forwarding Usage: 0M
[118.172s][info][gc,heap     ] GC(153) Min Capacity: 8M(0%)
[118.172s][info][gc,heap     ] GC(153) Max Capacity: 2048M(100%)
[118.172s][info][gc,heap     ] GC(153) Soft Max Capacity: 2048M(100%)
[118.172s][info][gc,heap     ] GC(153)                Mark Start          Mark End        Relocate Start      Relocate End           High               Low         
[118.172s][info][gc,heap     ] GC(153)  Capacity:     2048M (100%)       2048M (100%)       2048M (100%)       2048M (100%)       2048M (100%)       2048M (100%)   
[118.172s][info][gc,heap     ] GC(153)      Free:     1106M (54%)        1080M (53%)        1874M (92%)        1938M (95%)        1938M (95%)        1020M (50%)    
[118.172s][info][gc,heap     ] GC(153)      Used:      942M (46%)         968M (47%)         174M (8%)          110M (5%)         1028M (50%)         110M (5%)     
[118.172s][info][gc,heap     ] GC(153)      Live:         -                 7M (0%)            7M (0%)            7M (0%)             -                  -          
[118.172s][info][gc,heap     ] GC(153) Allocated:         -                26M (1%)           96M (5%)           98M (5%)             -                  -          
[118.172s][info][gc,heap     ] GC(153)   Garbage:         -               934M (46%)          70M (3%)            4M (0%)             -                  -          
[118.172s][info][gc,heap     ] GC(153) Reclaimed:         -                  -               864M (42%)         930M (45%)            -                  -          
[118.172s][info][gc          ] GC(153) Garbage Collection (Allocation Rate) 942M(46%)->110M(5%)
[118.224s][info][gc,start    ] GC(154) Garbage Collection (Allocation Rate)
[118.224s][info][gc,task     ] GC(154) Using 6 workers
[118.224s][info][gc,phases   ] GC(154) Pause Mark Start 0.009ms
[118.230s][info][gc,phases   ] GC(154) Concurrent Mark 5.073ms
[118.230s][info][gc,phases   ] GC(154) Pause Mark End 0.013ms
[118.230s][info][gc,phases   ] GC(154) Concurrent Mark Free 0.001ms
[118.239s][info][gc,phases   ] GC(154) Concurrent Process Non-Strong References 9.512ms
[118.239s][info][gc,phases   ] GC(154) Concurrent Reset Relocation Set 0.006ms
[118.243s][info][gc,phases   ] GC(154) Concurrent Select Relocation Set 3.211ms
[118.243s][info][gc,phases   ] GC(154) Pause Relocate Start 0.005ms
[118.244s][info][gc,phases   ] GC(154) Concurrent Relocate 1.142ms
[118.244s][info][gc,load     ] GC(154) Load: 0.00/0.00/0.00
[118.244s][info][gc,mmu      ] GC(154) MMU: 2ms/95.9%, 5ms/98.4%, 10ms/99.2%, 20ms/99.5%, 50ms/99.8%, 100ms/99.9%
[118.244s][info][gc,marking  ] GC(154) Mark: 4 stripe(s), 2 proactive flush(es), 1 terminate flush(es), 0 completion(s), 0 continuation(s) 
[118.244s][info][gc,marking  ] GC(154) Mark Stack Usage: 32M
[118.244s][info][gc,nmethod  ] GC(154) NMethods: 2285 registered, 582 unregistered
[118.244s][info][gc,metaspace] GC(154) Metaspace: 13M used, 14M committed, 1088M reserved
[118.244s][info][gc,ref      ] GC(154) Soft: 134 encountered, 0 discovered, 0 enqueued
[118.244s][info][gc,ref      ] GC(154) Weak: 721 encountered, 57 discovered, 0 enqueued
[118.244s][info][gc,ref      ] GC(154) Final: 0 encountered, 0 discovered, 0 enqueued
[118.244s][info][gc,ref      ] GC(154) Phantom: 59 encountered, 48 discovered, 0 enqueued
[118.244s][info][gc,reloc    ] GC(154) Small Pages: 104 / 208M, Empty: 170M, Relocated: 1M, In-Place: 0
[118.244s][info][gc,reloc    ] GC(154) Medium Pages: 0 / 0M, Empty: 0M, Relocated: 0M, In-Place: 0
[118.244s][info][gc,reloc    ] GC(154) Large Pages: 0 / 0M, Empty: 0M, Relocated: 0M, In-Place: 0
[118.244s][info][gc,reloc    ] GC(154) Forwarding Usage: 0M
[118.244s][info][gc,heap     ] GC(154) Min Capacity: 8M(0%)
[118.244s][info][gc,heap     ] GC(154) Max Capacity: 2048M(100%)
[118.244s][info][gc,heap     ] GC(154) Soft Max Capacity: 2048M(100%)
[118.244s][info][gc,heap     ] GC(154)                Mark Start          Mark End        Relocate Start      Relocate End           High               Low         
[118.244s][info][gc,heap     ] GC(154)  Capacity:     2048M (100%)       2048M (100%)       2048M (100%)       2048M (100%)       2048M (100%)       2048M (100%)   
[118.244s][info][gc,heap     ] GC(154)      Free:     1840M (90%)        1826M (89%)        1970M (96%)        1986M (97%)        1986M (97%)        1804M (88%)    
[118.244s][info][gc,heap     ] GC(154)      Used:      208M (10%)         222M (11%)          78M (4%)           62M (3%)          244M (12%)          62M (3%)     
[118.244s][info][gc,heap     ] GC(154)      Live:         -                 7M (0%)            7M (0%)            7M (0%)             -                  -          
[118.244s][info][gc,heap     ] GC(154) Allocated:         -                14M (1%)           40M (2%)           41M (2%)             -                  -          
[118.244s][info][gc,heap     ] GC(154)   Garbage:         -               200M (10%)          30M (1%)           12M (1%)             -                  -          
[118.244s][info][gc,heap     ] GC(154) Reclaimed:         -                  -               170M (8%)          187M (9%)             -                  -          
[118.244s][info][gc          ] GC(154) Garbage Collection (Allocation Rate) 208M(10%)->62M(3%)
[118.725s][info][gc,start    ] GC(155) Garbage Collection (Allocation Rate)
[118.725s][info][gc,task     ] GC(155) Using 1 workers
[118.725s][info][gc,phases   ] GC(155) Pause Mark Start 0.010ms
[118.739s][info][gc,phases   ] GC(155) Concurrent Mark 14.555ms
[118.740s][info][gc,phases   ] GC(155) Pause Mark End 0.017ms
[118.740s][info][gc,phases   ] GC(155) Concurrent Mark Free 0.001ms
[118.796s][info][gc,phases   ] GC(155) Concurrent Process Non-Strong References 56.615ms
[118.796s][info][gc,phases   ] GC(155) Concurrent Reset Relocation Set 0.003ms
[118.800s][info][gc,phases   ] GC(155) Concurrent Select Relocation Set 3.364ms
[118.800s][info][gc,phases   ] GC(155) Pause Relocate Start 0.008ms
[118.802s][info][gc,phases   ] GC(155) Concurrent Relocate 2.173ms
[118.802s][info][gc,load     ] GC(155) Load: 0.00/0.00/0.00
[118.802s][info][gc,mmu      ] GC(155) MMU: 2ms/95.9%, 5ms/98.4%, 10ms/99.2%, 20ms/99.5%, 50ms/99.8%, 100ms/99.9%
[118.802s][info][gc,marking  ] GC(155) Mark: 1 stripe(s), 2 proactive flush(es), 1 terminate flush(es), 0 completion(s), 0 continuation(s) 
[118.802s][info][gc,marking  ] GC(155) Mark Stack Usage: 32M
[118.802s][info][gc,nmethod  ] GC(155) NMethods: 2285 registered, 582 unregistered
[118.802s][info][gc,metaspace] GC(155) Metaspace: 13M used, 14M committed, 1088M reserved
[118.802s][info][gc,ref      ] GC(155) Soft: 134 encountered, 0 discovered, 0 enqueued
[118.802s][info][gc,ref      ] GC(155) Weak: 721 encountered, 455 discovered, 0 enqueued
[118.802s][info][gc,ref      ] GC(155) Final: 0 encountered, 0 discovered, 0 enqueued
[118.802s][info][gc,ref      ] GC(155) Phantom: 59 encountered, 41 discovered, 0 enqueued
[118.802s][info][gc,reloc    ] GC(155) Small Pages: 481 / 962M, Empty: 872M, Relocated: 1M, In-Place: 0
[118.802s][info][gc,reloc    ] GC(155) Medium Pages: 0 / 0M, Empty: 0M, Relocated: 0M, In-Place: 0
[118.802s][info][gc,reloc    ] GC(155) Large Pages: 0 / 0M, Empty: 0M, Relocated: 0M, In-Place: 0
[118.802s][info][gc,reloc    ] GC(155) Forwarding Usage: 0M
[118.802s][info][gc,heap     ] GC(155) Min Capacity: 8M(0%)
[118.802s][info][gc,heap     ] GC(155) Max Capacity: 2048M(100%)
[118.802s][info][gc,heap     ] GC(155) Soft Max Capacity: 2048M(100%)
[118.803s][info][gc,heap     ] GC(155)                Mark Start          Mark End        Relocate Start      Relocate End           High               Low         
[118.803s][info][gc,heap     ] GC(155)  Capacity:     2048M (100%)       2048M (100%)       2048M (100%)       2048M (100%)       2048M (100%)       2048M (100%)   
[118.803s][info][gc,heap     ] GC(155)      Free:     1086M (53%)        1050M (51%)        1808M (88%)        1884M (92%)        1884M (92%)         942M (46%)    
[118.803s][info][gc,heap     ] GC(155)      Used:      962M (47%)         998M (49%)         240M (12%)         164M (8%)         1106M (54%)         164M (8%)     
[118.803s][info][gc,heap     ] GC(155)      Live:         -                 7M (0%)            7M (0%)            7M (0%)             -                  -          
[118.803s][info][gc,heap     ] GC(155) Allocated:         -                36M (2%)          150M (7%)          153M (8%)             -                  -          
[118.803s][info][gc,heap     ] GC(155)   Garbage:         -               954M (47%)          82M (4%)            2M (0%)             -                  -          
[118.803s][info][gc,heap     ] GC(155) Reclaimed:         -                  -               872M (43%)         951M (46%)            -                  -          
[118.803s][info][gc          ] GC(155) Garbage Collection (Allocation Rate) 962M(47%)->164M(8%)
[119.525s][info][gc,start    ] GC(156) Garbage Collection (Allocation Rate)
[119.525s][info][gc,task     ] GC(156) Using 1 workers
[119.525s][info][gc,phases   ] GC(156) Pause Mark Start 0.013ms
[119.541s][info][gc,phases   ] GC(156) Concurrent Mark 15.566ms
[119.541s][info][gc,phases   ] GC(156) Pause Mark End 0.014ms
[119.541s][info][gc,phases   ] GC(156) Concurrent Mark Free 0.001ms
[119.603s][info][gc,phases   ] GC(156) Concurrent Process Non-Strong References 61.741ms
[119.603s][info][gc,phases   ] GC(156) Concurrent Reset Relocation Set 0.006ms
[119.607s][info][gc,phases   ] GC(156) Concurrent Select Relocation Set 4.613ms
[119.608s][info][gc,phases   ] GC(156) Pause Relocate Start 0.007ms
[119.610s][info][gc,phases   ] GC(156) Concurrent Relocate 2.146ms
[119.610s][info][gc,load     ] GC(156) Load: 0.00/0.00/0.00
[119.610s][info][gc,mmu      ] GC(156) MMU: 2ms/95.9%, 5ms/98.4%, 10ms/99.2%, 20ms/99.5%, 50ms/99.8%, 100ms/99.9%
[119.610s][info][gc,marking  ] GC(156) Mark: 1 stripe(s), 2 proactive flush(es), 1 terminate flush(es), 0 completion(s), 0 continuation(s) 
[119.610s][info][gc,marking  ] GC(156) Mark Stack Usage: 32M
[119.610s][info][gc,nmethod  ] GC(156) NMethods: 2285 registered, 582 unregistered
[119.610s][info][gc,metaspace] GC(156) Metaspace: 13M used, 14M committed, 1088M reserved
[119.610s][info][gc,ref      ] GC(156) Soft: 134 encountered, 0 discovered, 0 enqueued
[119.610s][info][gc,ref      ] GC(156) Weak: 721 encountered, 455 discovered, 0 enqueued
[119.610s][info][gc,ref      ] GC(156) Final: 0 encountered, 0 discovered, 0 enqueued
[119.610s][info][gc,ref      ] GC(156) Phantom: 59 encountered, 41 discovered, 0 enqueued
[119.610s][info][gc,reloc    ] GC(156) Small Pages: 756 / 1512M, Empty: 1404M, Relocated: 1M, In-Place: 0
[119.610s][info][gc,reloc    ] GC(156) Medium Pages: 0 / 0M, Empty: 0M, Relocated: 0M, In-Place: 0
[119.610s][info][gc,reloc    ] GC(156) Large Pages: 0 / 0M, Empty: 0M, Relocated: 0M, In-Place: 0
[119.610s][info][gc,reloc    ] GC(156) Forwarding Usage: 0M
[119.610s][info][gc,heap     ] GC(156) Min Capacity: 8M(0%)
[119.610s][info][gc,heap     ] GC(156) Max Capacity: 2048M(100%)
[119.610s][info][gc,heap     ] GC(156) Soft Max Capacity: 2048M(100%)
[119.610s][info][gc,heap     ] GC(156)                Mark Start          Mark End        Relocate Start      Relocate End           High               Low         
[119.610s][info][gc,heap     ] GC(156)  Capacity:     2048M (100%)       2048M (100%)       2048M (100%)       2048M (100%)       2048M (100%)       2048M (100%)   
[119.610s][info][gc,heap     ] GC(156)      Free:      536M (26%)         498M (24%)        1778M (87%)        1870M (91%)        1872M (91%)         382M (19%)    
[119.610s][info][gc,heap     ] GC(156)      Used:     1512M (74%)        1550M (76%)         270M (13%)         178M (9%)         1666M (81%)         176M (9%)     
[119.610s][info][gc,heap     ] GC(156)      Live:         -                 7M (0%)            7M (0%)            7M (0%)             -                  -          
[119.610s][info][gc,heap     ] GC(156) Allocated:         -                38M (2%)          162M (8%)          167M (8%)             -                  -          
[119.610s][info][gc,heap     ] GC(156)   Garbage:         -              1504M (73%)         100M (5%)            2M (0%)             -                  -          
[119.610s][info][gc,heap     ] GC(156) Reclaimed:         -                  -              1404M (69%)        1501M (73%)            -                  -          
[119.610s][info][gc          ] GC(156) Garbage Collection (Allocation Rate) 1512M(74%)->178M(9%)
[120.126s][info][gc,stats    ] === Garbage Collection Statistics =======================================================================================================================
[120.126s][info][gc,stats    ]                                                              Last 10s              Last 10m              Last 10h                Total
[120.126s][info][gc,stats    ]                                                              Avg / Max             Avg / Max             Avg / Max             Avg / Max
[120.126s][info][gc,stats    ]   Collector: Garbage Collection Cycle                     74.943 / 151.415      66.528 / 273.863      66.528 / 273.863      66.528 / 273.863     ms
[120.126s][info][gc,stats    ]  Contention: Mark Segment Reset Contention                     0 / 2                 0 / 11                0 / 11                0 / 11          ops/s
[120.126s][info][gc,stats    ]  Contention: Mark SeqNum Reset Contention                      0 / 1                 0 / 2                 0 / 2                 0 / 2           ops/s
[120.126s][info][gc,stats    ]    Critical: Allocation Stall                                  0 / 0                 1 / 43                1 / 43                1 / 43          ops/s
[120.126s][info][gc,stats    ]    Critical: Allocation Stall                              0.000 / 0.000        29.268 / 55.638       29.268 / 55.638       29.268 / 55.638      ms
[120.126s][info][gc,stats    ]    Critical: GC Locker Stall                                   0 / 0                 0 / 0                 0 / 0                 0 / 0           ops/s
[120.126s][info][gc,stats    ]    Critical: GC Locker Stall                               0.000 / 0.000         0.000 / 0.000         0.000 / 0.000         0.000 / 0.000       ms
[120.126s][info][gc,stats    ]    Critical: Relocation Stall                                  0 / 0                 0 / 0                 0 / 0                 0 / 0           ops/s
[120.126s][info][gc,stats    ]    Critical: Relocation Stall                              0.000 / 0.000         0.000 / 0.000         0.000 / 0.000         0.000 / 0.000       ms
[120.126s][info][gc,stats    ]      Memory: Allocation Rate                                2050 / 2236           1871 / 2236           1871 / 2236           1871 / 2236        MB/s
[120.126s][info][gc,stats    ]      Memory: Defragment                                        0 / 0                 0 / 0                 0 / 0                 0 / 0           ops/s
[120.126s][info][gc,stats    ]      Memory: Out Of Memory                                     0 / 0                 0 / 0                 0 / 0                 0 / 0           ops/s
[120.126s][info][gc,stats    ]      Memory: Page Cache Flush                                  0 / 0                 0 / 0                 0 / 0                 0 / 0           MB/s
[120.126s][info][gc,stats    ]      Memory: Page Cache Hit L1                              1028 / 1120            931 / 1120            931 / 1120            931 / 1120        ops/s
[120.126s][info][gc,stats    ]      Memory: Page Cache Hit L2                                 0 / 0                 0 / 0                 0 / 0                 0 / 0           ops/s
[120.126s][info][gc,stats    ]      Memory: Page Cache Hit L3                                 0 / 0                 8 / 449               8 / 449               8 / 449         ops/s
[120.126s][info][gc,stats    ]      Memory: Page Cache Miss                                   0 / 0                 0 / 1                 0 / 1                 0 / 1           ops/s
[120.126s][info][gc,stats    ]      Memory: Uncommit                                          0 / 0                 0 / 0                 0 / 0                 0 / 0           MB/s
[120.126s][info][gc,stats    ]      Memory: Undo Object Allocation Failed                    13 / 48               27 / 141              27 / 141              27 / 141         ops/s
[120.126s][info][gc,stats    ]      Memory: Undo Object Allocation Succeeded                  1 / 11                2 / 21                2 / 21                2 / 21          ops/s
[120.126s][info][gc,stats    ]      Memory: Undo Page Allocation                             79 / 105              67 / 221              67 / 221              67 / 221         ops/s
[120.126s][info][gc,stats    ]       Phase: Concurrent Mark                              13.292 / 21.453       16.223 / 212.397      16.223 / 212.397      16.223 / 212.397     ms
[120.126s][info][gc,stats    ]       Phase: Concurrent Mark Continue                      0.000 / 0.000         0.000 / 0.000         0.000 / 0.000         0.000 / 0.000       ms
[120.126s][info][gc,stats    ]       Phase: Concurrent Mark Free                          0.001 / 0.001         0.001 / 0.002         0.001 / 0.002         0.001 / 0.002       ms
[120.126s][info][gc,stats    ]       Phase: Concurrent Process Non-Strong References     47.665 / 70.078       37.603 / 242.741      37.603 / 242.741      37.603 / 242.741     ms
[120.126s][info][gc,stats    ]       Phase: Concurrent Relocate                           1.089 / 2.598         1.519 / 5.770         1.519 / 5.770         1.519 / 5.770       ms
[120.126s][info][gc,stats    ]       Phase: Concurrent Reset Relocation Set               0.005 / 0.009         0.006 / 0.011         0.006 / 0.011         0.006 / 0.011       ms
[120.126s][info][gc,stats    ]       Phase: Concurrent Select Relocation Set              4.399 / 5.656         4.602 / 14.014        4.602 / 14.014        4.602 / 14.014      ms
[120.126s][info][gc,stats    ]       Phase: Pause Mark End                                0.020 / 0.064         0.018 / 0.081         0.018 / 0.081         0.018 / 0.081       ms
[120.126s][info][gc,stats    ]       Phase: Pause Mark Start                              0.012 / 0.016         0.013 / 0.049         0.013 / 0.049         0.013 / 0.049       ms
[120.126s][info][gc,stats    ]       Phase: Pause Relocate Start                          0.008 / 0.009         0.007 / 0.020         0.007 / 0.020         0.007 / 0.020       ms
[120.126s][info][gc,stats    ]    Subphase: Concurrent Classes Purge                      0.009 / 0.037         0.043 / 3.094         0.043 / 3.094         0.043 / 3.094       ms
[120.126s][info][gc,stats    ]    Subphase: Concurrent Classes Unlink                     4.223 / 5.796         3.962 / 10.160        3.962 / 10.160        3.962 / 10.160      ms
[120.126s][info][gc,stats    ]    Subphase: Concurrent Mark                              11.072 / 20.171       10.095 / 211.109      10.095 / 211.109      10.095 / 211.109     ms
[120.126s][info][gc,stats    ]    Subphase: Concurrent Mark Try Flush                     0.092 / 0.215         0.536 / 193.285       0.536 / 193.285       0.536 / 193.285     ms
[120.126s][info][gc,stats    ]    Subphase: Concurrent Mark Try Terminate                 3.194 / 13.134        2.295 / 16.632        2.295 / 16.632        2.295 / 16.632      ms
[120.127s][info][gc,stats    ]    Subphase: Concurrent References Enqueue                 0.001 / 0.005         0.001 / 0.006         0.001 / 0.006         0.001 / 0.006       ms
[120.127s][info][gc,stats    ]    Subphase: Concurrent References Process                 0.100 / 0.184         0.104 / 0.200         0.104 / 0.200         0.104 / 0.200       ms
[120.127s][info][gc,stats    ]    Subphase: Concurrent Roots ClassLoaderDataGraph         0.115 / 0.378         0.109 / 1.252         0.109 / 1.252         0.109 / 1.252       ms
[120.127s][info][gc,stats    ]    Subphase: Concurrent Roots CodeCache                    0.000 / 0.000         0.000 / 0.000         0.000 / 0.000         0.000 / 0.000       ms
[120.127s][info][gc,stats    ]    Subphase: Concurrent Roots JavaThreads                  0.366 / 0.847         0.324 / 1.791         0.324 / 1.791         0.324 / 1.791       ms
[120.127s][info][gc,stats    ]    Subphase: Concurrent Roots OopStorageSet                0.038 / 0.083         0.053 / 0.778         0.053 / 0.778         0.053 / 0.778       ms
[120.127s][info][gc,stats    ]    Subphase: Concurrent Weak Roots OopStorageSet          24.558 / 64.629       12.994 / 64.629       12.994 / 64.629       12.994 / 64.629      ms
[120.127s][info][gc,stats    ]    Subphase: Pause Mark Try Complete                       0.002 / 0.004         0.002 / 0.004         0.002 / 0.004         0.002 / 0.004       ms
[120.127s][info][gc,stats    ]      System: Java Threads                                     53 / 60               55 / 73               55 / 73               55 / 73          threads
[120.127s][info][gc,stats    ] =========================================================================================================================================================
[120.425s][info][gc,start    ] GC(157) Garbage Collection (Allocation Rate)
[120.425s][info][gc,task     ] GC(157) Using 1 workers
[120.425s][info][gc,phases   ] GC(157) Pause Mark Start 0.010ms
[120.440s][info][gc,phases   ] GC(157) Concurrent Mark 14.617ms
[120.440s][info][gc,phases   ] GC(157) Pause Mark End 0.016ms
[120.440s][info][gc,phases   ] GC(157) Concurrent Mark Free 0.001ms
[120.509s][info][gc,phases   ] GC(157) Concurrent Process Non-Strong References 69.310ms
[120.509s][info][gc,phases   ] GC(157) Concurrent Reset Relocation Set 0.006ms
[120.514s][info][gc,phases   ] GC(157) Concurrent Select Relocation Set 4.528ms
[120.514s][info][gc,phases   ] GC(157) Pause Relocate Start 0.009ms
[120.518s][info][gc,phases   ] GC(157) Concurrent Relocate 3.610ms
[120.518s][info][gc,load     ] GC(157) Load: 0.00/0.00/0.00
[120.518s][info][gc,mmu      ] GC(157) MMU: 2ms/95.9%, 5ms/98.4%, 10ms/99.2%, 20ms/99.5%, 50ms/99.8%, 100ms/99.9%
[120.518s][info][gc,marking  ] GC(157) Mark: 1 stripe(s), 2 proactive flush(es), 1 terminate flush(es), 0 completion(s), 0 continuation(s) 
[120.518s][info][gc,marking  ] GC(157) Mark Stack Usage: 32M
[120.518s][info][gc,nmethod  ] GC(157) NMethods: 2285 registered, 582 unregistered
[120.518s][info][gc,metaspace] GC(157) Metaspace: 13M used, 14M committed, 1088M reserved
[120.518s][info][gc,ref      ] GC(157) Soft: 134 encountered, 0 discovered, 0 enqueued
[120.518s][info][gc,ref      ] GC(157) Weak: 721 encountered, 455 discovered, 0 enqueued
[120.518s][info][gc,ref      ] GC(157) Final: 0 encountered, 0 discovered, 0 enqueued
[120.518s][info][gc,ref      ] GC(157) Phantom: 59 encountered, 41 discovered, 0 enqueued
[120.518s][info][gc,reloc    ] GC(157) Small Pages: 847 / 1694M, Empty: 1572M, Relocated: 1M, In-Place: 0
[120.518s][info][gc,reloc    ] GC(157) Medium Pages: 0 / 0M, Empty: 0M, Relocated: 0M, In-Place: 0
[120.518s][info][gc,reloc    ] GC(157) Large Pages: 0 / 0M, Empty: 0M, Relocated: 0M, In-Place: 0
[120.518s][info][gc,reloc    ] GC(157) Forwarding Usage: 0M
[120.518s][info][gc,heap     ] GC(157) Min Capacity: 8M(0%)
[120.518s][info][gc,heap     ] GC(157) Max Capacity: 2048M(100%)
[120.518s][info][gc,heap     ] GC(157) Soft Max Capacity: 2048M(100%)
[120.518s][info][gc,heap     ] GC(157)                Mark Start          Mark End        Relocate Start      Relocate End           High               Low         
[120.518s][info][gc,heap     ] GC(157)  Capacity:     2048M (100%)       2048M (100%)       2048M (100%)       2048M (100%)       2048M (100%)       2048M (100%)   
[120.518s][info][gc,heap     ] GC(157)      Free:      354M (17%)         318M (16%)        1756M (86%)        1860M (91%)        1864M (91%)         192M (9%)     
[120.518s][info][gc,heap     ] GC(157)      Used:     1694M (83%)        1730M (84%)         292M (14%)         188M (9%)         1856M (91%)         184M (9%)     
[120.518s][info][gc,heap     ] GC(157)      Live:         -                 7M (0%)            7M (0%)            7M (0%)             -                  -          
[120.518s][info][gc,heap     ] GC(157) Allocated:         -                36M (2%)          170M (8%)          177M (9%)             -                  -          
[120.518s][info][gc,heap     ] GC(157)   Garbage:         -              1686M (82%)         114M (6%)            2M (0%)             -                  -          
[120.518s][info][gc,heap     ] GC(157) Reclaimed:         -                  -              1572M (77%)        1683M (82%)            -                  -          
[120.518s][info][gc          ] GC(157) Garbage Collection (Allocation Rate) 1694M(83%)->188M(9%)
[121.325s][info][gc,start    ] GC(158) Garbage Collection (Allocation Rate)
[121.325s][info][gc,task     ] GC(158) Using 1 workers
[121.325s][info][gc,phases   ] GC(158) Pause Mark Start 0.011ms
[121.340s][info][gc,phases   ] GC(158) Concurrent Mark 14.795ms
[121.340s][info][gc,phases   ] GC(158) Pause Mark End 0.015ms
[121.340s][info][gc,phases   ] GC(158) Concurrent Mark Free 0.001ms
[121.394s][info][gc,phases   ] GC(158) Concurrent Process Non-Strong References 53.288ms
[121.394s][info][gc,phases   ] GC(158) Concurrent Reset Relocation Set 0.004ms
[121.399s][info][gc,phases   ] GC(158) Concurrent Select Relocation Set 4.684ms
[121.399s][info][gc,phases   ] GC(158) Pause Relocate Start 0.008ms
[121.401s][info][gc,phases   ] GC(158) Concurrent Relocate 2.217ms
[121.401s][info][gc,load     ] GC(158) Load: 0.00/0.00/0.00
[121.401s][info][gc,mmu      ] GC(158) MMU: 2ms/95.9%, 5ms/98.4%, 10ms/99.2%, 20ms/99.5%, 50ms/99.8%, 100ms/99.9%
[121.401s][info][gc,marking  ] GC(158) Mark: 1 stripe(s), 2 proactive flush(es), 1 terminate flush(es), 0 completion(s), 0 continuation(s) 
[121.401s][info][gc,marking  ] GC(158) Mark Stack Usage: 32M
[121.401s][info][gc,nmethod  ] GC(158) NMethods: 2285 registered, 582 unregistered
[121.401s][info][gc,metaspace] GC(158) Metaspace: 13M used, 14M committed, 1088M reserved
[121.401s][info][gc,ref      ] GC(158) Soft: 134 encountered, 0 discovered, 0 enqueued
[121.401s][info][gc,ref      ] GC(158) Weak: 721 encountered, 455 discovered, 0 enqueued
[121.401s][info][gc,ref      ] GC(158) Final: 0 encountered, 0 discovered, 0 enqueued
[121.401s][info][gc,ref      ] GC(158) Phantom: 59 encountered, 41 discovered, 0 enqueued
[121.401s][info][gc,reloc    ] GC(158) Small Pages: 826 / 1652M, Empty: 1534M, Relocated: 1M, In-Place: 0
[121.401s][info][gc,reloc    ] GC(158) Medium Pages: 0 / 0M, Empty: 0M, Relocated: 0M, In-Place: 0
[121.401s][info][gc,reloc    ] GC(158) Large Pages: 0 / 0M, Empty: 0M, Relocated: 0M, In-Place: 0
[121.401s][info][gc,reloc    ] GC(158) Forwarding Usage: 0M
[121.401s][info][gc,heap     ] GC(158) Min Capacity: 8M(0%)
[121.401s][info][gc,heap     ] GC(158) Max Capacity: 2048M(100%)
[121.401s][info][gc,heap     ] GC(158) Soft Max Capacity: 2048M(100%)
[121.401s][info][gc,heap     ] GC(158)                Mark Start          Mark End        Relocate Start      Relocate End           High               Low         
[121.401s][info][gc,heap     ] GC(158)  Capacity:     2048M (100%)       2048M (100%)       2048M (100%)       2048M (100%)       2048M (100%)       2048M (100%)   
[121.401s][info][gc,heap     ] GC(158)      Free:      396M (19%)         364M (18%)        1794M (88%)        1900M (93%)        1900M (93%)         270M (13%)    
[121.401s][info][gc,heap     ] GC(158)      Used:     1652M (81%)        1684M (82%)         254M (12%)         148M (7%)         1778M (87%)         148M (7%)     
[121.401s][info][gc,heap     ] GC(158)      Live:         -                 7M (0%)            7M (0%)            7M (0%)             -                  -          
[121.401s][info][gc,heap     ] GC(158) Allocated:         -                32M (2%)          136M (7%)          137M (7%)             -                  -          
[121.401s][info][gc,heap     ] GC(158)   Garbage:         -              1644M (80%)         110M (5%)            2M (0%)             -                  -          
[121.401s][info][gc,heap     ] GC(158) Reclaimed:         -                  -              1534M (75%)        1641M (80%)            -                  -          
[121.401s][info][gc          ] GC(158) Garbage Collection (Allocation Rate) 1652M(81%)->148M(7%)
[122.225s][info][gc,start    ] GC(159) Garbage Collection (Allocation Rate)
[122.225s][info][gc,task     ] GC(159) Using 1 workers
[122.225s][info][gc,phases   ] GC(159) Pause Mark Start 0.011ms
[122.239s][info][gc,phases   ] GC(159) Concurrent Mark 14.315ms
[122.240s][info][gc,phases   ] GC(159) Pause Mark End 0.016ms
[122.240s][info][gc,phases   ] GC(159) Concurrent Mark Free 0.001ms
[122.299s][info][gc,phases   ] GC(159) Concurrent Process Non-Strong References 59.453ms
[122.299s][info][gc,phases   ] GC(159) Concurrent Reset Relocation Set 0.006ms
[122.304s][info][gc,phases   ] GC(159) Concurrent Select Relocation Set 4.268ms
[122.304s][info][gc,phases   ] GC(159) Pause Relocate Start 0.007ms
[122.305s][info][gc,phases   ] GC(159) Concurrent Relocate 1.691ms
[122.305s][info][gc,load     ] GC(159) Load: 0.00/0.00/0.00
[122.306s][info][gc,mmu      ] GC(159) MMU: 2ms/95.9%, 5ms/98.4%, 10ms/99.2%, 20ms/99.5%, 50ms/99.8%, 100ms/99.9%
[122.306s][info][gc,marking  ] GC(159) Mark: 1 stripe(s), 2 proactive flush(es), 1 terminate flush(es), 0 completion(s), 0 continuation(s) 
[122.306s][info][gc,marking  ] GC(159) Mark Stack Usage: 32M
[122.306s][info][gc,nmethod  ] GC(159) NMethods: 2285 registered, 582 unregistered
[122.306s][info][gc,metaspace] GC(159) Metaspace: 13M used, 14M committed, 1088M reserved
[122.306s][info][gc,ref      ] GC(159) Soft: 134 encountered, 0 discovered, 0 enqueued
[122.306s][info][gc,ref      ] GC(159) Weak: 721 encountered, 455 discovered, 0 enqueued
[122.306s][info][gc,ref      ] GC(159) Final: 0 encountered, 0 discovered, 0 enqueued
[122.306s][info][gc,ref      ] GC(159) Phantom: 59 encountered, 41 discovered, 0 enqueued
[122.306s][info][gc,reloc    ] GC(159) Small Pages: 825 / 1650M, Empty: 1532M, Relocated: 1M, In-Place: 0
[122.306s][info][gc,reloc    ] GC(159) Medium Pages: 0 / 0M, Empty: 0M, Relocated: 0M, In-Place: 0
[122.306s][info][gc,reloc    ] GC(159) Large Pages: 0 / 0M, Empty: 0M, Relocated: 0M, In-Place: 0
[122.306s][info][gc,reloc    ] GC(159) Forwarding Usage: 0M
[122.306s][info][gc,heap     ] GC(159) Min Capacity: 8M(0%)
[122.306s][info][gc,heap     ] GC(159) Max Capacity: 2048M(100%)
[122.306s][info][gc,heap     ] GC(159) Soft Max Capacity: 2048M(100%)
[122.306s][info][gc,heap     ] GC(159)                Mark Start          Mark End        Relocate Start      Relocate End           High               Low         
[122.306s][info][gc,heap     ] GC(159)  Capacity:     2048M (100%)       2048M (100%)       2048M (100%)       2048M (100%)       2048M (100%)       2048M (100%)   
[122.306s][info][gc,heap     ] GC(159)      Free:      398M (19%)         364M (18%)        1778M (87%)        1882M (92%)        1884M (92%)         254M (12%)    
[122.306s][info][gc,heap     ] GC(159)      Used:     1650M (81%)        1684M (82%)         270M (13%)         166M (8%)         1794M (88%)         164M (8%)     
[122.306s][info][gc,heap     ] GC(159)      Live:         -                 7M (0%)            7M (0%)            7M (0%)             -                  -          
[122.306s][info][gc,heap     ] GC(159) Allocated:         -                34M (2%)          152M (7%)          155M (8%)             -                  -          
[122.306s][info][gc,heap     ] GC(159)   Garbage:         -              1642M (80%)         110M (5%)            2M (0%)             -                  -          
[122.306s][info][gc,heap     ] GC(159) Reclaimed:         -                  -              1532M (75%)        1639M (80%)            -                  -          
[122.306s][info][gc          ] GC(159) Garbage Collection (Allocation Rate) 1650M(81%)->166M(8%)
[123.024s][info][gc,start    ] GC(160) Garbage Collection (Proactive)
[123.024s][info][gc,task     ] GC(160) Using 12 workers
[123.025s][info][gc,phases   ] GC(160) Pause Mark Start 0.012ms
[123.030s][info][gc,phases   ] GC(160) Concurrent Mark 4.929ms
[123.030s][info][gc,phases   ] GC(160) Pause Mark End 0.016ms
[123.030s][info][gc,phases   ] GC(160) Concurrent Mark Free 0.001ms
[123.037s][info][gc,phases   ] GC(160) Concurrent Process Non-Strong References 7.159ms
[123.037s][info][gc,phases   ] GC(160) Concurrent Reset Relocation Set 0.006ms
[123.042s][info][gc,phases   ] GC(160) Concurrent Select Relocation Set 4.670ms
[123.042s][info][gc,phases   ] GC(160) Pause Relocate Start 0.007ms
[123.045s][info][gc,phases   ] GC(160) Concurrent Relocate 2.836ms
[123.045s][info][gc,load     ] GC(160) Load: 0.00/0.00/0.00
[123.045s][info][gc,mmu      ] GC(160) MMU: 2ms/95.9%, 5ms/98.4%, 10ms/99.2%, 20ms/99.5%, 50ms/99.8%, 100ms/99.9%
[123.045s][info][gc,marking  ] GC(160) Mark: 8 stripe(s), 2 proactive flush(es), 1 terminate flush(es), 0 completion(s), 0 continuation(s) 
[123.045s][info][gc,marking  ] GC(160) Mark Stack Usage: 32M
[123.045s][info][gc,nmethod  ] GC(160) NMethods: 2285 registered, 582 unregistered
[123.045s][info][gc,metaspace] GC(160) Metaspace: 13M used, 14M committed, 1088M reserved
[123.045s][info][gc,ref      ] GC(160) Soft: 134 encountered, 0 discovered, 0 enqueued
[123.045s][info][gc,ref      ] GC(160) Weak: 721 encountered, 112 discovered, 0 enqueued
[123.045s][info][gc,ref      ] GC(160) Final: 0 encountered, 0 discovered, 0 enqueued
[123.045s][info][gc,ref      ] GC(160) Phantom: 59 encountered, 37 discovered, 0 enqueued
[123.045s][info][gc,reloc    ] GC(160) Small Pages: 748 / 1496M, Empty: 1380M, Relocated: 1M, In-Place: 0
[123.045s][info][gc,reloc    ] GC(160) Medium Pages: 0 / 0M, Empty: 0M, Relocated: 0M, In-Place: 0
[123.045s][info][gc,reloc    ] GC(160) Large Pages: 0 / 0M, Empty: 0M, Relocated: 0M, In-Place: 0
[123.045s][info][gc,reloc    ] GC(160) Forwarding Usage: 0M
[123.045s][info][gc,heap     ] GC(160) Min Capacity: 8M(0%)
[123.045s][info][gc,heap     ] GC(160) Max Capacity: 2048M(100%)
[123.045s][info][gc,heap     ] GC(160) Soft Max Capacity: 2048M(100%)
[123.045s][info][gc,heap     ] GC(160)                Mark Start          Mark End        Relocate Start      Relocate End           High               Low         
[123.045s][info][gc,heap     ] GC(160)  Capacity:     2048M (100%)       2048M (100%)       2048M (100%)       2048M (100%)       2048M (100%)       2048M (100%)   
[123.045s][info][gc,heap     ] GC(160)      Free:      552M (27%)         538M (26%)        1894M (92%)        1972M (96%)        1976M (96%)         522M (25%)    
[123.045s][info][gc,heap     ] GC(160)      Used:     1496M (73%)        1510M (74%)         154M (8%)           76M (4%)         1526M (75%)          72M (4%)     
[123.045s][info][gc,heap     ] GC(160)      Live:         -                 8M (0%)            8M (0%)            8M (0%)             -                  -          
[123.045s][info][gc,heap     ] GC(160) Allocated:         -                14M (1%)           38M (2%)           43M (2%)             -                  -          
[123.045s][info][gc,heap     ] GC(160)   Garbage:         -              1487M (73%)         107M (5%)           23M (1%)             -                  -          
[123.045s][info][gc,heap     ] GC(160) Reclaimed:         -                  -              1380M (67%)        1463M (71%)            -                  -          
[123.045s][info][gc          ] GC(160) Garbage Collection (Proactive) 1496M(73%)->76M(4%)
[123.825s][info][gc,start    ] GC(161) Garbage Collection (Allocation Rate)
[123.825s][info][gc,task     ] GC(161) Using 2 workers
[123.825s][info][gc,phases   ] GC(161) Pause Mark Start 0.011ms
[123.835s][info][gc,phases   ] GC(161) Concurrent Mark 9.936ms
[123.835s][info][gc,phases   ] GC(161) Pause Mark End 0.017ms
[123.836s][info][gc,phases   ] GC(161) Concurrent Mark Free 0.001ms
[123.867s][info][gc,phases   ] GC(161) Concurrent Process Non-Strong References 31.366ms
[123.867s][info][gc,phases   ] GC(161) Concurrent Reset Relocation Set 0.007ms
[123.872s][info][gc,phases   ] GC(161) Concurrent Select Relocation Set 4.548ms
[123.872s][info][gc,phases   ] GC(161) Pause Relocate Start 0.006ms
[123.876s][info][gc,phases   ] GC(161) Concurrent Relocate 4.033ms
[123.876s][info][gc,load     ] GC(161) Load: 0.00/0.00/0.00
[123.876s][info][gc,mmu      ] GC(161) MMU: 2ms/95.9%, 5ms/98.4%, 10ms/99.2%, 20ms/99.5%, 50ms/99.8%, 100ms/99.9%
[123.876s][info][gc,marking  ] GC(161) Mark: 2 stripe(s), 2 proactive flush(es), 1 terminate flush(es), 0 completion(s), 0 continuation(s) 
[123.876s][info][gc,marking  ] GC(161) Mark Stack Usage: 32M
[123.876s][info][gc,nmethod  ] GC(161) NMethods: 2285 registered, 582 unregistered
[123.876s][info][gc,metaspace] GC(161) Metaspace: 13M used, 14M committed, 1088M reserved
[123.876s][info][gc,ref      ] GC(161) Soft: 134 encountered, 0 discovered, 0 enqueued
[123.876s][info][gc,ref      ] GC(161) Weak: 721 encountered, 344 discovered, 0 enqueued
[123.876s][info][gc,ref      ] GC(161) Final: 0 encountered, 0 discovered, 0 enqueued
[123.876s][info][gc,ref      ] GC(161) Phantom: 59 encountered, 38 discovered, 0 enqueued
[123.876s][info][gc,reloc    ] GC(161) Small Pages: 760 / 1520M, Empty: 1388M, Relocated: 1M, In-Place: 0
[123.876s][info][gc,reloc    ] GC(161) Medium Pages: 0 / 0M, Empty: 0M, Relocated: 0M, In-Place: 0
[123.876s][info][gc,reloc    ] GC(161) Large Pages: 0 / 0M, Empty: 0M, Relocated: 0M, In-Place: 0
[123.876s][info][gc,reloc    ] GC(161) Forwarding Usage: 0M
[123.876s][info][gc,heap     ] GC(161) Min Capacity: 8M(0%)
[123.876s][info][gc,heap     ] GC(161) Max Capacity: 2048M(100%)
[123.876s][info][gc,heap     ] GC(161) Soft Max Capacity: 2048M(100%)
[123.876s][info][gc,heap     ] GC(161)                Mark Start          Mark End        Relocate Start      Relocate End           High               Low         
[123.876s][info][gc,heap     ] GC(161)  Capacity:     2048M (100%)       2048M (100%)       2048M (100%)       2048M (100%)       2048M (100%)       2048M (100%)   
[123.876s][info][gc,heap     ] GC(161)      Free:      528M (26%)         502M (25%)        1828M (89%)        1942M (95%)        1946M (95%)         448M (22%)    
[123.876s][info][gc,heap     ] GC(161)      Used:     1520M (74%)        1546M (75%)         220M (11%)         106M (5%)         1600M (78%)         102M (5%)     
[123.876s][info][gc,heap     ] GC(161)      Live:         -                 8M (0%)            8M (0%)            8M (0%)             -                  -          
[123.876s][info][gc,heap     ] GC(161) Allocated:         -                26M (1%)           88M (4%)           93M (5%)             -                  -          
[123.876s][info][gc,heap     ] GC(161)   Garbage:         -              1511M (74%)         123M (6%)            3M (0%)             -                  -          
[123.876s][info][gc,heap     ] GC(161) Reclaimed:         -                  -              1388M (68%)        1507M (74%)            -                  -          
[123.876s][info][gc          ] GC(161) Garbage Collection (Allocation Rate) 1520M(74%)->106M(5%)
[124.525s][info][gc,start    ] GC(162) Garbage Collection (Allocation Rate)
[124.525s][info][gc,task     ] GC(162) Using 1 workers
[124.525s][info][gc,phases   ] GC(162) Pause Mark Start 0.011ms
[124.543s][info][gc,phases   ] GC(162) Concurrent Mark 17.725ms
[124.543s][info][gc,phases   ] GC(162) Pause Mark End 0.016ms
[124.543s][info][gc,phases   ] GC(162) Concurrent Mark Free 0.001ms
[124.593s][info][gc,phases   ] GC(162) Concurrent Process Non-Strong References 50.380ms
[124.593s][info][gc,phases   ] GC(162) Concurrent Reset Relocation Set 0.008ms
[124.598s][info][gc,phases   ] GC(162) Concurrent Select Relocation Set 4.333ms
[124.598s][info][gc,phases   ] GC(162) Pause Relocate Start 0.007ms
[124.598s][info][gc,phases   ] GC(162) Concurrent Relocate 0.313ms
[124.598s][info][gc,load     ] GC(162) Load: 0.00/0.00/0.00
[124.598s][info][gc,mmu      ] GC(162) MMU: 2ms/95.9%, 5ms/98.4%, 10ms/99.2%, 20ms/99.5%, 50ms/99.8%, 100ms/99.9%
[124.598s][info][gc,marking  ] GC(162) Mark: 1 stripe(s), 2 proactive flush(es), 1 terminate flush(es), 0 completion(s), 0 continuation(s) 
[124.599s][info][gc,marking  ] GC(162) Mark Stack Usage: 32M
[124.599s][info][gc,nmethod  ] GC(162) NMethods: 2285 registered, 582 unregistered
[124.599s][info][gc,metaspace] GC(162) Metaspace: 13M used, 14M committed, 1088M reserved
[124.599s][info][gc,ref      ] GC(162) Soft: 134 encountered, 0 discovered, 0 enqueued
[124.599s][info][gc,ref      ] GC(162) Weak: 721 encountered, 455 discovered, 0 enqueued
[124.599s][info][gc,ref      ] GC(162) Final: 0 encountered, 0 discovered, 0 enqueued
[124.599s][info][gc,ref      ] GC(162) Phantom: 59 encountered, 41 discovered, 0 enqueued
[124.599s][info][gc,reloc    ] GC(162) Small Pages: 646 / 1292M, Empty: 1190M, Relocated: 0M, In-Place: 0
[124.599s][info][gc,reloc    ] GC(162) Medium Pages: 0 / 0M, Empty: 0M, Relocated: 0M, In-Place: 0
[124.599s][info][gc,reloc    ] GC(162) Large Pages: 0 / 0M, Empty: 0M, Relocated: 0M, In-Place: 0
[124.599s][info][gc,reloc    ] GC(162) Forwarding Usage: 0M
[124.599s][info][gc,heap     ] GC(162) Min Capacity: 8M(0%)
[124.599s][info][gc,heap     ] GC(162) Max Capacity: 2048M(100%)
[124.599s][info][gc,heap     ] GC(162) Soft Max Capacity: 2048M(100%)
[124.599s][info][gc,heap     ] GC(162)                Mark Start          Mark End        Relocate Start      Relocate End           High               Low         
[124.599s][info][gc,heap     ] GC(162)  Capacity:     2048M (100%)       2048M (100%)       2048M (100%)       2048M (100%)       2048M (100%)       2048M (100%)   
[124.599s][info][gc,heap     ] GC(162)      Free:      756M (37%)         718M (35%)        1812M (88%)        1900M (93%)        1900M (93%)         630M (31%)    
[124.599s][info][gc,heap     ] GC(162)      Used:     1292M (63%)        1330M (65%)         236M (12%)         148M (7%)         1418M (69%)         148M (7%)     
[124.599s][info][gc,heap     ] GC(162)      Live:         -                 8M (0%)            8M (0%)            8M (0%)             -                  -          
[124.599s][info][gc,heap     ] GC(162) Allocated:         -                38M (2%)          134M (7%)          135M (7%)             -                  -          
[124.599s][info][gc,heap     ] GC(162)   Garbage:         -              1283M (63%)          93M (5%)            3M (0%)             -                  -          
[124.599s][info][gc,heap     ] GC(162) Reclaimed:         -                  -              1190M (58%)        1279M (62%)            -                  -          
[124.599s][info][gc          ] GC(162) Garbage Collection (Allocation Rate) 1292M(63%)->148M(7%)
[125.325s][info][gc,start    ] GC(163) Garbage Collection (Allocation Rate)
[125.325s][info][gc,task     ] GC(163) Using 1 workers
[125.325s][info][gc,phases   ] GC(163) Pause Mark Start 0.010ms
[125.338s][info][gc,phases   ] GC(163) Concurrent Mark 12.975ms
[125.338s][info][gc,phases   ] GC(163) Pause Mark End 0.016ms
[125.338s][info][gc,phases   ] GC(163) Concurrent Mark Free 0.001ms
[125.394s][info][gc,phases   ] GC(163) Concurrent Process Non-Strong References 55.079ms
[125.394s][info][gc,phases   ] GC(163) Concurrent Reset Relocation Set 0.006ms
[125.398s][info][gc,phases   ] GC(163) Concurrent Select Relocation Set 4.459ms
[125.398s][info][gc,phases   ] GC(163) Pause Relocate Start 0.009ms
[125.399s][info][gc,phases   ] GC(163) Concurrent Relocate 0.361ms
[125.399s][info][gc,load     ] GC(163) Load: 0.00/0.00/0.00
[125.399s][info][gc,mmu      ] GC(163) MMU: 2ms/95.9%, 5ms/98.4%, 10ms/99.2%, 20ms/99.5%, 50ms/99.8%, 100ms/99.9%
[125.399s][info][gc,marking  ] GC(163) Mark: 1 stripe(s), 2 proactive flush(es), 1 terminate flush(es), 0 completion(s), 0 continuation(s) 
[125.399s][info][gc,marking  ] GC(163) Mark Stack Usage: 32M
[125.399s][info][gc,nmethod  ] GC(163) NMethods: 2285 registered, 582 unregistered
[125.399s][info][gc,metaspace] GC(163) Metaspace: 13M used, 14M committed, 1088M reserved
[125.399s][info][gc,ref      ] GC(163) Soft: 134 encountered, 0 discovered, 0 enqueued
[125.399s][info][gc,ref      ] GC(163) Weak: 721 encountered, 455 discovered, 0 enqueued
[125.399s][info][gc,ref      ] GC(163) Final: 0 encountered, 0 discovered, 0 enqueued
[125.399s][info][gc,ref      ] GC(163) Phantom: 59 encountered, 41 discovered, 0 enqueued
[125.399s][info][gc,reloc    ] GC(163) Small Pages: 745 / 1490M, Empty: 1376M, Relocated: 0M, In-Place: 0
[125.399s][info][gc,reloc    ] GC(163) Medium Pages: 0 / 0M, Empty: 0M, Relocated: 0M, In-Place: 0
[125.399s][info][gc,reloc    ] GC(163) Large Pages: 0 / 0M, Empty: 0M, Relocated: 0M, In-Place: 0
[125.399s][info][gc,reloc    ] GC(163) Forwarding Usage: 0M
[125.399s][info][gc,heap     ] GC(163) Min Capacity: 8M(0%)
[125.399s][info][gc,heap     ] GC(163) Max Capacity: 2048M(100%)
[125.399s][info][gc,heap     ] GC(163) Soft Max Capacity: 2048M(100%)
[125.399s][info][gc,heap     ] GC(163)                Mark Start          Mark End        Relocate Start      Relocate End           High               Low         
[125.399s][info][gc,heap     ] GC(163)  Capacity:     2048M (100%)       2048M (100%)       2048M (100%)       2048M (100%)       2048M (100%)       2048M (100%)   
[125.399s][info][gc,heap     ] GC(163)      Free:      558M (27%)         526M (26%)        1790M (87%)        1890M (92%)        1890M (92%)         424M (21%)    
[125.399s][info][gc,heap     ] GC(163)      Used:     1490M (73%)        1522M (74%)         258M (13%)         158M (8%)         1624M (79%)         158M (8%)     
[125.399s][info][gc,heap     ] GC(163)      Live:         -                 8M (0%)            8M (0%)            8M (0%)             -                  -          
[125.399s][info][gc,heap     ] GC(163) Allocated:         -                32M (2%)          144M (7%)          145M (7%)             -                  -          
[125.399s][info][gc,heap     ] GC(163)   Garbage:         -              1481M (72%)         105M (5%)            3M (0%)             -                  -          
[125.399s][info][gc,heap     ] GC(163) Reclaimed:         -                  -              1376M (67%)        1477M (72%)            -                  -          
[125.399s][info][gc          ] GC(163) Garbage Collection (Allocation Rate) 1490M(73%)->158M(8%)
[126.225s][info][gc,start    ] GC(164) Garbage Collection (Allocation Rate)
[126.225s][info][gc,task     ] GC(164) Using 1 workers
[126.226s][info][gc,phases   ] GC(164) Pause Mark Start 0.010ms
[126.239s][info][gc,phases   ] GC(164) Concurrent Mark 12.833ms
[126.239s][info][gc,phases   ] GC(164) Pause Mark End 0.014ms
[126.239s][info][gc,phases   ] GC(164) Concurrent Mark Free 0.002ms
[126.299s][info][gc,phases   ] GC(164) Concurrent Process Non-Strong References 60.372ms
[126.299s][info][gc,phases   ] GC(164) Concurrent Reset Relocation Set 0.008ms
[126.304s][info][gc,phases   ] GC(164) Concurrent Select Relocation Set 4.268ms
[126.304s][info][gc,phases   ] GC(164) Pause Relocate Start 0.009ms
[126.304s][info][gc,phases   ] GC(164) Concurrent Relocate 0.461ms
[126.304s][info][gc,load     ] GC(164) Load: 0.00/0.00/0.00
[126.304s][info][gc,mmu      ] GC(164) MMU: 2ms/95.9%, 5ms/98.4%, 10ms/99.2%, 20ms/99.5%, 50ms/99.8%, 100ms/99.9%
[126.304s][info][gc,marking  ] GC(164) Mark: 1 stripe(s), 2 proactive flush(es), 1 terminate flush(es), 0 completion(s), 0 continuation(s) 
[126.304s][info][gc,marking  ] GC(164) Mark Stack Usage: 32M
[126.304s][info][gc,nmethod  ] GC(164) NMethods: 2285 registered, 582 unregistered
[126.304s][info][gc,metaspace] GC(164) Metaspace: 13M used, 14M committed, 1088M reserved
[126.304s][info][gc,ref      ] GC(164) Soft: 134 encountered, 0 discovered, 0 enqueued
[126.304s][info][gc,ref      ] GC(164) Weak: 721 encountered, 455 discovered, 0 enqueued
[126.304s][info][gc,ref      ] GC(164) Final: 0 encountered, 0 discovered, 0 enqueued
[126.304s][info][gc,ref      ] GC(164) Phantom: 59 encountered, 41 discovered, 0 enqueued
[126.305s][info][gc,reloc    ] GC(164) Small Pages: 841 / 1682M, Empty: 1562M, Relocated: 0M, In-Place: 0
[126.305s][info][gc,reloc    ] GC(164) Medium Pages: 0 / 0M, Empty: 0M, Relocated: 0M, In-Place: 0
[126.305s][info][gc,reloc    ] GC(164) Large Pages: 0 / 0M, Empty: 0M, Relocated: 0M, In-Place: 0
[126.305s][info][gc,reloc    ] GC(164) Forwarding Usage: 0M
[126.305s][info][gc,heap     ] GC(164) Min Capacity: 8M(0%)
[126.305s][info][gc,heap     ] GC(164) Max Capacity: 2048M(100%)
[126.305s][info][gc,heap     ] GC(164) Soft Max Capacity: 2048M(100%)
[126.305s][info][gc,heap     ] GC(164)                Mark Start          Mark End        Relocate Start      Relocate End           High               Low         
[126.305s][info][gc,heap     ] GC(164)  Capacity:     2048M (100%)       2048M (100%)       2048M (100%)       2048M (100%)       2048M (100%)       2048M (100%)   
[126.305s][info][gc,heap     ] GC(164)      Free:      366M (18%)         336M (16%)        1780M (87%)        1886M (92%)        1886M (92%)         228M (11%)    
[126.305s][info][gc,heap     ] GC(164)      Used:     1682M (82%)        1712M (84%)         268M (13%)         162M (8%)         1820M (89%)         162M (8%)     
[126.305s][info][gc,heap     ] GC(164)      Live:         -                 8M (0%)            8M (0%)            8M (0%)             -                  -          
[126.305s][info][gc,heap     ] GC(164) Allocated:         -                30M (1%)          148M (7%)          149M (7%)             -                  -          
[126.305s][info][gc,heap     ] GC(164)   Garbage:         -              1673M (82%)         111M (5%)            3M (0%)             -                  -          
[126.305s][info][gc,heap     ] GC(164) Reclaimed:         -                  -              1562M (76%)        1669M (82%)            -                  -          
[126.305s][info][gc          ] GC(164) Garbage Collection (Allocation Rate) 1682M(82%)->162M(8%)
[127.025s][info][gc,start    ] GC(165) Garbage Collection (Proactive)
[127.025s][info][gc,task     ] GC(165) Using 12 workers
[127.025s][info][gc,phases   ] GC(165) Pause Mark Start 0.010ms
[127.029s][info][gc,phases   ] GC(165) Concurrent Mark 3.671ms
[127.029s][info][gc,phases   ] GC(165) Pause Mark End 0.017ms
[127.029s][info][gc,phases   ] GC(165) Concurrent Mark Free 0.001ms
[127.035s][info][gc,phases   ] GC(165) Concurrent Process Non-Strong References 5.514ms
[127.035s][info][gc,phases   ] GC(165) Concurrent Reset Relocation Set 0.008ms
[127.040s][info][gc,phases   ] GC(165) Concurrent Select Relocation Set 4.754ms
[127.040s][info][gc,phases   ] GC(165) Pause Relocate Start 0.005ms
[127.040s][info][gc,phases   ] GC(165) Concurrent Relocate 0.362ms
[127.040s][info][gc,load     ] GC(165) Load: 0.00/0.00/0.00
[127.040s][info][gc,mmu      ] GC(165) MMU: 2ms/95.9%, 5ms/98.4%, 10ms/99.2%, 20ms/99.5%, 50ms/99.8%, 100ms/99.9%
[127.040s][info][gc,marking  ] GC(165) Mark: 8 stripe(s), 2 proactive flush(es), 1 terminate flush(es), 0 completion(s), 0 continuation(s) 
[127.040s][info][gc,marking  ] GC(165) Mark Stack Usage: 32M
[127.040s][info][gc,nmethod  ] GC(165) NMethods: 2285 registered, 582 unregistered
[127.040s][info][gc,metaspace] GC(165) Metaspace: 13M used, 14M committed, 1088M reserved
[127.041s][info][gc,ref      ] GC(165) Soft: 134 encountered, 0 discovered, 0 enqueued
[127.041s][info][gc,ref      ] GC(165) Weak: 721 encountered, 130 discovered, 0 enqueued
[127.041s][info][gc,ref      ] GC(165) Final: 0 encountered, 0 discovered, 0 enqueued
[127.041s][info][gc,ref      ] GC(165) Phantom: 59 encountered, 39 discovered, 0 enqueued
[127.041s][info][gc,reloc    ] GC(165) Small Pages: 732 / 1464M, Empty: 1348M, Relocated: 0M, In-Place: 0
[127.041s][info][gc,reloc    ] GC(165) Medium Pages: 0 / 0M, Empty: 0M, Relocated: 0M, In-Place: 0
[127.041s][info][gc,reloc    ] GC(165) Large Pages: 0 / 0M, Empty: 0M, Relocated: 0M, In-Place: 0
[127.041s][info][gc,reloc    ] GC(165) Forwarding Usage: 0M
[127.041s][info][gc,heap     ] GC(165) Min Capacity: 8M(0%)
[127.041s][info][gc,heap     ] GC(165) Max Capacity: 2048M(100%)
[127.041s][info][gc,heap     ] GC(165) Soft Max Capacity: 2048M(100%)
[127.041s][info][gc,heap     ] GC(165)                Mark Start          Mark End        Relocate Start      Relocate End           High               Low         
[127.041s][info][gc,heap     ] GC(165)  Capacity:     2048M (100%)       2048M (100%)       2048M (100%)       2048M (100%)       2048M (100%)       2048M (100%)   
[127.041s][info][gc,heap     ] GC(165)      Free:      584M (29%)         572M (28%)        1900M (93%)        1980M (97%)        1980M (97%)         560M (27%)    
[127.041s][info][gc,heap     ] GC(165)      Used:     1464M (71%)        1476M (72%)         148M (7%)           68M (3%)         1488M (73%)          68M (3%)     
[127.041s][info][gc,heap     ] GC(165)      Live:         -                 8M (0%)            8M (0%)            8M (0%)             -                  -          
[127.041s][info][gc,heap     ] GC(165) Allocated:         -                12M (1%)           32M (2%)           33M (2%)             -                  -          
[127.041s][info][gc,heap     ] GC(165)   Garbage:         -              1455M (71%)         107M (5%)           25M (1%)             -                  -          
[127.041s][info][gc,heap     ] GC(165) Reclaimed:         -                  -              1348M (66%)        1429M (70%)            -                  -          
[127.041s][info][gc          ] GC(165) Garbage Collection (Proactive) 1464M(71%)->68M(3%)
[127.825s][info][gc,start    ] GC(166) Garbage Collection (Allocation Rate)
[127.825s][info][gc,task     ] GC(166) Using 1 workers
[127.825s][info][gc,phases   ] GC(166) Pause Mark Start 0.010ms
[127.840s][info][gc,phases   ] GC(166) Concurrent Mark 14.337ms
[127.840s][info][gc,phases   ] GC(166) Pause Mark End 0.014ms
[127.840s][info][gc,phases   ] GC(166) Concurrent Mark Free 0.001ms
[127.897s][info][gc,phases   ] GC(166) Concurrent Process Non-Strong References 56.708ms
[127.897s][info][gc,phases   ] GC(166) Concurrent Reset Relocation Set 0.008ms
[127.900s][info][gc,phases   ] GC(166) Concurrent Select Relocation Set 3.370ms
[127.900s][info][gc,phases   ] GC(166) Pause Relocate Start 0.007ms
[127.901s][info][gc,phases   ] GC(166) Concurrent Relocate 0.555ms
[127.901s][info][gc,load     ] GC(166) Load: 0.00/0.00/0.00
[127.901s][info][gc,mmu      ] GC(166) MMU: 2ms/95.9%, 5ms/98.4%, 10ms/99.2%, 20ms/99.5%, 50ms/99.8%, 100ms/99.9%
[127.901s][info][gc,marking  ] GC(166) Mark: 1 stripe(s), 2 proactive flush(es), 1 terminate flush(es), 0 completion(s), 0 continuation(s) 
[127.901s][info][gc,marking  ] GC(166) Mark Stack Usage: 32M
[127.901s][info][gc,nmethod  ] GC(166) NMethods: 2285 registered, 582 unregistered
[127.901s][info][gc,metaspace] GC(166) Metaspace: 13M used, 14M committed, 1088M reserved
[127.901s][info][gc,ref      ] GC(166) Soft: 134 encountered, 0 discovered, 0 enqueued
[127.901s][info][gc,ref      ] GC(166) Weak: 721 encountered, 455 discovered, 0 enqueued
[127.901s][info][gc,ref      ] GC(166) Final: 0 encountered, 0 discovered, 0 enqueued
[127.901s][info][gc,ref      ] GC(166) Phantom: 59 encountered, 41 discovered, 0 enqueued
[127.901s][info][gc,reloc    ] GC(166) Small Pages: 751 / 1502M, Empty: 1376M, Relocated: 0M, In-Place: 0
[127.901s][info][gc,reloc    ] GC(166) Medium Pages: 0 / 0M, Empty: 0M, Relocated: 0M, In-Place: 0
[127.901s][info][gc,reloc    ] GC(166) Large Pages: 0 / 0M, Empty: 0M, Relocated: 0M, In-Place: 0
[127.901s][info][gc,reloc    ] GC(166) Forwarding Usage: 0M
[127.901s][info][gc,heap     ] GC(166) Min Capacity: 8M(0%)
[127.901s][info][gc,heap     ] GC(166) Max Capacity: 2048M(100%)
[127.901s][info][gc,heap     ] GC(166) Soft Max Capacity: 2048M(100%)
[127.901s][info][gc,heap     ] GC(166)                Mark Start          Mark End        Relocate Start      Relocate End           High               Low         
[127.901s][info][gc,heap     ] GC(166)  Capacity:     2048M (100%)       2048M (100%)       2048M (100%)       2048M (100%)       2048M (100%)       2048M (100%)   
[127.901s][info][gc,heap     ] GC(166)      Free:      546M (27%)         510M (25%)        1776M (87%)        1888M (92%)        1888M (92%)         406M (20%)    
[127.901s][info][gc,heap     ] GC(166)      Used:     1502M (73%)        1538M (75%)         272M (13%)         160M (8%)         1642M (80%)         160M (8%)     
[127.901s][info][gc,heap     ] GC(166)      Live:         -                 8M (0%)            8M (0%)            8M (0%)             -                  -          
[127.901s][info][gc,heap     ] GC(166) Allocated:         -                36M (2%)          146M (7%)          147M (7%)             -                  -          
[127.901s][info][gc,heap     ] GC(166)   Garbage:         -              1493M (73%)         117M (6%)            3M (0%)             -                  -          
[127.901s][info][gc,heap     ] GC(166) Reclaimed:         -                  -              1376M (67%)        1489M (73%)            -                  -          
[127.901s][info][gc          ] GC(166) Garbage Collection (Allocation Rate) 1502M(73%)->160M(8%)
[128.625s][info][gc,start    ] GC(167) Garbage Collection (Allocation Rate)
[128.625s][info][gc,task     ] GC(167) Using 1 workers
[128.625s][info][gc,phases   ] GC(167) Pause Mark Start 0.012ms
[128.638s][info][gc,phases   ] GC(167) Concurrent Mark 12.092ms
[128.638s][info][gc,phases   ] GC(167) Pause Mark End 0.014ms
[128.638s][info][gc,phases   ] GC(167) Concurrent Mark Free 0.001ms
[128.698s][info][gc,phases   ] GC(167) Concurrent Process Non-Strong References 59.880ms
[128.698s][info][gc,phases   ] GC(167) Concurrent Reset Relocation Set 0.010ms
[128.702s][info][gc,phases   ] GC(167) Concurrent Select Relocation Set 4.426ms
[128.702s][info][gc,phases   ] GC(167) Pause Relocate Start 0.008ms
[128.703s][info][gc,phases   ] GC(167) Concurrent Relocate 0.580ms
[128.703s][info][gc,load     ] GC(167) Load: 0.00/0.00/0.00
[128.703s][info][gc,mmu      ] GC(167) MMU: 2ms/95.9%, 5ms/98.4%, 10ms/99.2%, 20ms/99.5%, 50ms/99.8%, 100ms/99.9%
[128.703s][info][gc,marking  ] GC(167) Mark: 1 stripe(s), 2 proactive flush(es), 1 terminate flush(es), 0 completion(s), 0 continuation(s) 
[128.703s][info][gc,marking  ] GC(167) Mark Stack Usage: 32M
[128.703s][info][gc,nmethod  ] GC(167) NMethods: 2285 registered, 582 unregistered
[128.703s][info][gc,metaspace] GC(167) Metaspace: 13M used, 14M committed, 1088M reserved
[128.703s][info][gc,ref      ] GC(167) Soft: 134 encountered, 0 discovered, 0 enqueued
[128.703s][info][gc,ref      ] GC(167) Weak: 713 encountered, 455 discovered, 0 enqueued
[128.703s][info][gc,ref      ] GC(167) Final: 0 encountered, 0 discovered, 0 enqueued
[128.703s][info][gc,ref      ] GC(167) Phantom: 59 encountered, 41 discovered, 0 enqueued
[128.703s][info][gc,reloc    ] GC(167) Small Pages: 762 / 1524M, Empty: 1412M, Relocated: 0M, In-Place: 0
[128.703s][info][gc,reloc    ] GC(167) Medium Pages: 0 / 0M, Empty: 0M, Relocated: 0M, In-Place: 0
[128.703s][info][gc,reloc    ] GC(167) Large Pages: 0 / 0M, Empty: 0M, Relocated: 0M, In-Place: 0
[128.703s][info][gc,reloc    ] GC(167) Forwarding Usage: 0M
[128.703s][info][gc,heap     ] GC(167) Min Capacity: 8M(0%)
[128.703s][info][gc,heap     ] GC(167) Max Capacity: 2048M(100%)
[128.703s][info][gc,heap     ] GC(167) Soft Max Capacity: 2048M(100%)
[128.703s][info][gc,heap     ] GC(167)                Mark Start          Mark End        Relocate Start      Relocate End           High               Low         
[128.703s][info][gc,heap     ] GC(167)  Capacity:     2048M (100%)       2048M (100%)       2048M (100%)       2048M (100%)       2048M (100%)       2048M (100%)   
[128.703s][info][gc,heap     ] GC(167)      Free:      524M (26%)         494M (24%)        1784M (87%)        1884M (92%)        1884M (92%)         380M (19%)    
[128.703s][info][gc,heap     ] GC(167)      Used:     1524M (74%)        1554M (76%)         264M (13%)         164M (8%)         1668M (81%)         164M (8%)     
[128.703s][info][gc,heap     ] GC(167)      Live:         -                 8M (0%)            8M (0%)            8M (0%)             -                  -          
[128.703s][info][gc,heap     ] GC(167) Allocated:         -                30M (1%)          152M (7%)          151M (7%)             -                  -          
[128.703s][info][gc,heap     ] GC(167)   Garbage:         -              1515M (74%)         103M (5%)            3M (0%)             -                  -          
[128.703s][info][gc,heap     ] GC(167) Reclaimed:         -                  -              1412M (69%)        1511M (74%)            -                  -          
[128.703s][info][gc          ] GC(167) Garbage Collection (Allocation Rate) 1524M(74%)->164M(8%)
[129.425s][info][gc,start    ] GC(168) Garbage Collection (Allocation Rate)
[129.425s][info][gc,task     ] GC(168) Using 1 workers
[129.426s][info][gc,phases   ] GC(168) Pause Mark Start 0.010ms
[129.436s][info][gc,phases   ] GC(168) Concurrent Mark 10.845ms
[129.437s][info][gc,phases   ] GC(168) Pause Mark End 0.014ms
[129.437s][info][gc,phases   ] GC(168) Concurrent Mark Free 0.002ms
[129.507s][info][gc,phases   ] GC(168) Concurrent Process Non-Strong References 70.684ms
[129.520s][info][gc,phases   ] GC(168) Concurrent Reset Relocation Set 0.006ms
[129.525s][info][gc,phases   ] GC(168) Concurrent Select Relocation Set 4.765ms
[129.525s][info][gc,phases   ] GC(168) Pause Relocate Start 0.008ms
[129.528s][info][gc,phases   ] GC(168) Concurrent Relocate 2.446ms
[129.528s][info][gc,load     ] GC(168) Load: 0.00/0.00/0.00
[129.528s][info][gc,mmu      ] GC(168) MMU: 2ms/95.9%, 5ms/98.4%, 10ms/99.2%, 20ms/99.5%, 50ms/99.8%, 100ms/99.9%
[129.528s][info][gc,marking  ] GC(168) Mark: 1 stripe(s), 2 proactive flush(es), 1 terminate flush(es), 0 completion(s), 0 continuation(s) 
[129.528s][info][gc,marking  ] GC(168) Mark Stack Usage: 32M
[129.528s][info][gc,nmethod  ] GC(168) NMethods: 2285 registered, 582 unregistered
[129.528s][info][gc,metaspace] GC(168) Metaspace: 13M used, 14M committed, 1088M reserved
[129.528s][info][gc,ref      ] GC(168) Soft: 134 encountered, 0 discovered, 0 enqueued
[129.528s][info][gc,ref      ] GC(168) Weak: 681 encountered, 455 discovered, 0 enqueued
[129.528s][info][gc,ref      ] GC(168) Final: 0 encountered, 0 discovered, 0 enqueued
[129.528s][info][gc,ref      ] GC(168) Phantom: 59 encountered, 41 discovered, 0 enqueued
[129.528s][info][gc,reloc    ] GC(168) Small Pages: 770 / 1540M, Empty: 1436M, Relocated: 3M, In-Place: 0
[129.528s][info][gc,reloc    ] GC(168) Medium Pages: 0 / 0M, Empty: 0M, Relocated: 0M, In-Place: 0
[129.528s][info][gc,reloc    ] GC(168) Large Pages: 0 / 0M, Empty: 0M, Relocated: 0M, In-Place: 0
[129.528s][info][gc,reloc    ] GC(168) Forwarding Usage: 0M
[129.528s][info][gc,heap     ] GC(168) Min Capacity: 8M(0%)
[129.528s][info][gc,heap     ] GC(168) Max Capacity: 2048M(100%)
[129.528s][info][gc,heap     ] GC(168) Soft Max Capacity: 2048M(100%)
[129.528s][info][gc,heap     ] GC(168)                Mark Start          Mark End        Relocate Start      Relocate End           High               Low         
[129.528s][info][gc,heap     ] GC(168)  Capacity:     2048M (100%)       2048M (100%)       2048M (100%)       2048M (100%)       2048M (100%)       2048M (100%)   
[129.528s][info][gc,heap     ] GC(168)      Free:      508M (25%)         484M (24%)        1742M (85%)        1832M (89%)        1834M (90%)         314M (15%)    
[129.528s][info][gc,heap     ] GC(168)      Used:     1540M (75%)        1564M (76%)         306M (15%)         216M (11%)        1734M (85%)         214M (10%)    
[129.528s][info][gc,heap     ] GC(168)      Live:         -                 8M (0%)            8M (0%)            8M (0%)             -                  -          
[129.528s][info][gc,heap     ] GC(168) Allocated:         -                24M (1%)          202M (10%)         204M (10%)            -                  -          
[129.528s][info][gc,heap     ] GC(168)   Garbage:         -              1531M (75%)          95M (5%)            2M (0%)             -                  -          
[129.528s][info][gc,heap     ] GC(168) Reclaimed:         -                  -              1436M (70%)        1528M (75%)            -                  -          
[129.528s][info][gc          ] GC(168) Garbage Collection (Allocation Rate) 1540M(75%)->216M(11%)
[130.024s][info][gc,start    ] GC(169) Garbage Collection (Allocation Rate)
[130.024s][info][gc,task     ] GC(169) Using 1 workers
[130.024s][info][gc,phases   ] GC(169) Pause Mark Start 0.011ms
[130.042s][info][gc,phases   ] GC(169) Concurrent Mark 17.836ms
[130.042s][info][gc,phases   ] GC(169) Pause Mark End 0.011ms
[130.042s][info][gc,phases   ] GC(169) Concurrent Mark Free 0.001ms
[130.091s][info][gc,phases   ] GC(169) Concurrent Process Non-Strong References 48.855ms
[130.091s][info][gc,phases   ] GC(169) Concurrent Reset Relocation Set 0.006ms
[130.095s][info][gc,phases   ] GC(169) Concurrent Select Relocation Set 3.872ms
[130.095s][info][gc,phases   ] GC(169) Pause Relocate Start 0.007ms
[130.096s][info][gc,phases   ] GC(169) Concurrent Relocate 0.925ms
[130.097s][info][gc,load     ] GC(169) Load: 0.00/0.00/0.00
[130.097s][info][gc,mmu      ] GC(169) MMU: 2ms/95.9%, 5ms/98.4%, 10ms/99.2%, 20ms/99.5%, 50ms/99.8%, 100ms/99.9%
[130.097s][info][gc,marking  ] GC(169) Mark: 1 stripe(s), 2 proactive flush(es), 1 terminate flush(es), 0 completion(s), 0 continuation(s) 
[130.097s][info][gc,marking  ] GC(169) Mark Stack Usage: 32M
[130.097s][info][gc,nmethod  ] GC(169) NMethods: 2285 registered, 582 unregistered
[130.097s][info][gc,metaspace] GC(169) Metaspace: 13M used, 14M committed, 1088M reserved
[130.097s][info][gc,ref      ] GC(169) Soft: 134 encountered, 0 discovered, 0 enqueued
[130.097s][info][gc,ref      ] GC(169) Weak: 641 encountered, 453 discovered, 0 enqueued
[130.097s][info][gc,ref      ] GC(169) Final: 0 encountered, 0 discovered, 0 enqueued
[130.097s][info][gc,ref      ] GC(169) Phantom: 59 encountered, 41 discovered, 0 enqueued
[130.097s][info][gc,reloc    ] GC(169) Small Pages: 681 / 1362M, Empty: 1274M, Relocated: 0M, In-Place: 0
[130.097s][info][gc,reloc    ] GC(169) Medium Pages: 0 / 0M, Empty: 0M, Relocated: 0M, In-Place: 0
[130.097s][info][gc,reloc    ] GC(169) Large Pages: 0 / 0M, Empty: 0M, Relocated: 0M, In-Place: 0
[130.097s][info][gc,reloc    ] GC(169) Forwarding Usage: 0M
[130.097s][info][gc,heap     ] GC(169) Min Capacity: 8M(0%)
[130.097s][info][gc,heap     ] GC(169) Max Capacity: 2048M(100%)
[130.097s][info][gc,heap     ] GC(169) Soft Max Capacity: 2048M(100%)
[130.097s][info][gc,heap     ] GC(169)                Mark Start          Mark End        Relocate Start      Relocate End           High               Low         
[130.097s][info][gc,heap     ] GC(169)  Capacity:     2048M (100%)       2048M (100%)       2048M (100%)       2048M (100%)       2048M (100%)       2048M (100%)   
[130.097s][info][gc,heap     ] GC(169)      Free:      686M (33%)         654M (32%)        1842M (90%)        1918M (94%)        1918M (94%)         574M (28%)    
[130.097s][info][gc,heap     ] GC(169)      Used:     1362M (67%)        1394M (68%)         206M (10%)         130M (6%)         1474M (72%)         130M (6%)     
[130.097s][info][gc,heap     ] GC(169)      Live:         -                 7M (0%)            7M (0%)            7M (0%)             -                  -          
[130.097s][info][gc,heap     ] GC(169) Allocated:         -                32M (2%)          118M (6%)          119M (6%)             -                  -          
[130.097s][info][gc,heap     ] GC(169)   Garbage:         -              1354M (66%)          80M (4%)            2M (0%)             -                  -          
[130.097s][info][gc,heap     ] GC(169) Reclaimed:         -                  -              1274M (62%)        1351M (66%)            -                  -          
[130.097s][info][gc          ] GC(169) Garbage Collection (Allocation Rate) 1362M(67%)->130M(6%)
[130.126s][info][gc,stats    ] === Garbage Collection Statistics =======================================================================================================================
[130.126s][info][gc,stats    ]                                                              Last 10s              Last 10m              Last 10h                Total
[130.126s][info][gc,stats    ]                                                              Avg / Max             Avg / Max             Avg / Max             Avg / Max
[130.126s][info][gc,stats    ]   Collector: Garbage Collection Cycle                     68.624 / 102.673      66.688 / 273.863      66.688 / 273.863      66.688 / 273.863     ms
[130.126s][info][gc,stats    ]  Contention: Mark Segment Reset Contention                     0 / 6                 0 / 11                0 / 11                0 / 11          ops/s
[130.126s][info][gc,stats    ]  Contention: Mark SeqNum Reset Contention                      0 / 2                 0 / 2                 0 / 2                 0 / 2           ops/s
[130.126s][info][gc,stats    ]    Critical: Allocation Stall                                  0 / 0                 0 / 43                0 / 43                0 / 43          ops/s
[130.126s][info][gc,stats    ]    Critical: Allocation Stall                              0.000 / 0.000        29.268 / 55.638       29.268 / 55.638       29.268 / 55.638      ms
[130.126s][info][gc,stats    ]    Critical: GC Locker Stall                                   0 / 0                 0 / 0                 0 / 0                 0 / 0           ops/s
[130.126s][info][gc,stats    ]    Critical: GC Locker Stall                               0.000 / 0.000         0.000 / 0.000         0.000 / 0.000         0.000 / 0.000       ms
[130.127s][info][gc,stats    ]    Critical: Relocation Stall                                  0 / 0                 0 / 0                 0 / 0                 0 / 0           ops/s
[130.127s][info][gc,stats    ]    Critical: Relocation Stall                              0.000 / 0.000         0.000 / 0.000         0.000 / 0.000         0.000 / 0.000       ms
[130.127s][info][gc,stats    ]      Memory: Allocation Rate                                2012 / 2242           1882 / 2242           1882 / 2242           1882 / 2242        MB/s
[130.127s][info][gc,stats    ]      Memory: Defragment                                        0 / 0                 0 / 0                 0 / 0                 0 / 0           ops/s
[130.127s][info][gc,stats    ]      Memory: Out Of Memory                                     0 / 0                 0 / 0                 0 / 0                 0 / 0           ops/s
[130.127s][info][gc,stats    ]      Memory: Page Cache Flush                                  0 / 0                 0 / 0                 0 / 0                 0 / 0           MB/s
[130.127s][info][gc,stats    ]      Memory: Page Cache Hit L1                              1010 / 1124            937 / 1124            937 / 1124            937 / 1124        ops/s
[130.127s][info][gc,stats    ]      Memory: Page Cache Hit L2                                 0 / 0                 0 / 0                 0 / 0                 0 / 0           ops/s
[130.127s][info][gc,stats    ]      Memory: Page Cache Hit L3                                 0 / 0                 7 / 449               7 / 449               7 / 449         ops/s
[130.127s][info][gc,stats    ]      Memory: Page Cache Miss                                   0 / 0                 0 / 1                 0 / 1                 0 / 1           ops/s
[130.127s][info][gc,stats    ]      Memory: Uncommit                                          0 / 0                 0 / 0                 0 / 0                 0 / 0           MB/s
[130.127s][info][gc,stats    ]      Memory: Undo Object Allocation Failed                     3 / 31               25 / 141              25 / 141              25 / 141         ops/s
[130.127s][info][gc,stats    ]      Memory: Undo Object Allocation Succeeded                  0 / 8                 2 / 21                2 / 21                2 / 21          ops/s
[130.127s][info][gc,stats    ]      Memory: Undo Page Allocation                             71 / 91               67 / 221              67 / 221              67 / 221         ops/s
[130.127s][info][gc,stats    ]       Phase: Concurrent Mark                              12.377 / 17.836       15.929 / 212.397      15.929 / 212.397      15.929 / 212.397     ms
[130.127s][info][gc,stats    ]       Phase: Concurrent Mark Continue                      0.000 / 0.000         0.000 / 0.000         0.000 / 0.000         0.000 / 0.000       ms
[130.127s][info][gc,stats    ]       Phase: Concurrent Mark Free                          0.001 / 0.002         0.001 / 0.002         0.001 / 0.002         0.001 / 0.002       ms
[130.127s][info][gc,stats    ]       Phase: Concurrent Process Non-Strong References     48.311 / 70.684       38.421 / 242.741      38.421 / 242.741      38.421 / 242.741     ms
[130.127s][info][gc,stats    ]       Phase: Concurrent Relocate                           1.569 / 4.033         1.523 / 5.770         1.523 / 5.770         1.523 / 5.770       ms
[130.127s][info][gc,stats    ]       Phase: Concurrent Reset Relocation Set               0.007 / 0.010         0.006 / 0.011         0.006 / 0.011         0.006 / 0.011       ms
[130.127s][info][gc,stats    ]       Phase: Concurrent Select Relocation Set              4.380 / 4.765         4.585 / 14.014        4.585 / 14.014        4.585 / 14.014      ms
[130.127s][info][gc,stats    ]       Phase: Pause Mark End                                0.015 / 0.017         0.017 / 0.081         0.017 / 0.081         0.017 / 0.081       ms
[130.127s][info][gc,stats    ]       Phase: Pause Mark Start                              0.011 / 0.012         0.012 / 0.049         0.012 / 0.049         0.012 / 0.049       ms
[130.127s][info][gc,stats    ]       Phase: Pause Relocate Start                          0.007 / 0.009         0.007 / 0.020         0.007 / 0.020         0.007 / 0.020       ms
[130.127s][info][gc,stats    ]    Subphase: Concurrent Classes Purge                      0.006 / 0.009         0.040 / 3.094         0.040 / 3.094         0.040 / 3.094       ms
[130.127s][info][gc,stats    ]    Subphase: Concurrent Classes Unlink                     4.674 / 7.724         4.016 / 10.160        4.016 / 10.160        4.016 / 10.160      ms
[130.127s][info][gc,stats    ]    Subphase: Concurrent Mark                               6.329 / 16.713        9.839 / 211.109       9.839 / 211.109       9.839 / 211.109     ms
[130.127s][info][gc,stats    ]    Subphase: Concurrent Mark Try Flush                     0.107 / 0.283         0.504 / 193.285       0.504 / 193.285       0.504 / 193.285     ms
[130.127s][info][gc,stats    ]    Subphase: Concurrent Mark Try Terminate                 0.790 / 2.002         2.203 / 16.632        2.203 / 16.632        2.203 / 16.632      ms
[130.127s][info][gc,stats    ]    Subphase: Concurrent References Enqueue                 0.001 / 0.001         0.001 / 0.006         0.001 / 0.006         0.001 / 0.006       ms
[130.127s][info][gc,stats    ]    Subphase: Concurrent References Process                 0.107 / 0.177         0.104 / 0.200         0.104 / 0.200         0.104 / 0.200       ms
[130.127s][info][gc,stats    ]    Subphase: Concurrent Roots ClassLoaderDataGraph         0.098 / 0.355         0.108 / 1.252         0.108 / 1.252         0.108 / 1.252       ms
[130.127s][info][gc,stats    ]    Subphase: Concurrent Roots CodeCache                    0.000 / 0.000         0.000 / 0.000         0.000 / 0.000         0.000 / 0.000       ms
[130.127s][info][gc,stats    ]    Subphase: Concurrent Roots JavaThreads                  0.301 / 1.128         0.322 / 1.791         0.322 / 1.791         0.322 / 1.791       ms
[130.127s][info][gc,stats    ]    Subphase: Concurrent Roots OopStorageSet                0.036 / 0.087         0.052 / 0.778         0.052 / 0.778         0.052 / 0.778       ms
[130.127s][info][gc,stats    ]    Subphase: Concurrent Weak Roots OopStorageSet          19.822 / 63.279       13.459 / 64.629       13.459 / 64.629       13.459 / 64.629      ms
[130.127s][info][gc,stats    ]    Subphase: Pause Mark Try Complete                       0.000 / 0.000         0.002 / 0.004         0.002 / 0.004         0.002 / 0.004       ms
[130.127s][info][gc,stats    ]      System: Java Threads                                     54 / 60               55 / 73               55 / 73               55 / 73          threads
[130.127s][info][gc,stats    ] =========================================================================================================================================================
[130.372s][info][gc,start    ] GC(170) Garbage Collection (System.gc())
[130.372s][info][gc,task     ] GC(170) Using 12 workers
[130.372s][info][gc,phases   ] GC(170) Pause Mark Start 0.009ms
[130.385s][info][gc,phases   ] GC(170) Concurrent Mark 13.497ms
[130.385s][info][gc,phases   ] GC(170) Pause Mark End 0.010ms
[130.385s][info][gc,phases   ] GC(170) Concurrent Mark Free 0.000ms
[130.392s][info][gc,phases   ] GC(170) Concurrent Process Non-Strong References 6.824ms
[130.392s][info][gc,phases   ] GC(170) Concurrent Reset Relocation Set 0.003ms
[130.396s][info][gc,phases   ] GC(170) Concurrent Select Relocation Set 3.320ms
[130.396s][info][gc,phases   ] GC(170) Pause Relocate Start 0.006ms
[130.398s][info][gc,phases   ] GC(170) Concurrent Relocate 2.504ms
[130.398s][info][gc,load     ] GC(170) Load: 0.00/0.00/0.00
[130.398s][info][gc,mmu      ] GC(170) MMU: 2ms/95.9%, 5ms/98.4%, 10ms/99.2%, 20ms/99.5%, 50ms/99.8%, 100ms/99.9%
[130.398s][info][gc,marking  ] GC(170) Mark: 8 stripe(s), 1 proactive flush(es), 1 terminate flush(es), 0 completion(s), 0 continuation(s) 
[130.398s][info][gc,marking  ] GC(170) Mark Stack Usage: 32M
[130.398s][info][gc,nmethod  ] GC(170) NMethods: 2285 registered, 582 unregistered
[130.398s][info][gc,metaspace] GC(170) Metaspace: 13M used, 14M committed, 1088M reserved
[130.398s][info][gc,ref      ] GC(170) Soft: 134 encountered, 0 discovered, 0 enqueued
[130.398s][info][gc,ref      ] GC(170) Weak: 621 encountered, 19 discovered, 0 enqueued
[130.399s][info][gc,ref      ] GC(170) Final: 0 encountered, 0 discovered, 0 enqueued
[130.399s][info][gc,ref      ] GC(170) Phantom: 59 encountered, 48 discovered, 0 enqueued
[130.399s][info][gc,reloc    ] GC(170) Small Pages: 183 / 366M, Empty: 350M, Relocated: 3M, In-Place: 0
[130.399s][info][gc,reloc    ] GC(170) Medium Pages: 0 / 0M, Empty: 0M, Relocated: 0M, In-Place: 0
[130.399s][info][gc,reloc    ] GC(170) Large Pages: 0 / 0M, Empty: 0M, Relocated: 0M, In-Place: 0
[130.399s][info][gc,reloc    ] GC(170) Forwarding Usage: 0M
[130.399s][info][gc,heap     ] GC(170) Min Capacity: 8M(0%)
[130.399s][info][gc,heap     ] GC(170) Max Capacity: 2048M(100%)
[130.399s][info][gc,heap     ] GC(170) Soft Max Capacity: 2048M(100%)
[130.399s][info][gc,heap     ] GC(170)                Mark Start          Mark End        Relocate Start      Relocate End           High               Low         
[130.399s][info][gc,heap     ] GC(170)  Capacity:     2048M (100%)       2048M (100%)       2048M (100%)       2048M (100%)       2048M (100%)       2048M (100%)   
[130.399s][info][gc,heap     ] GC(170)      Free:     1682M (82%)        1682M (82%)        2032M (99%)        2032M (99%)        2032M (99%)        1682M (82%)    
[130.399s][info][gc,heap     ] GC(170)      Used:      366M (18%)         366M (18%)          16M (1%)           16M (1%)          366M (18%)          16M (1%)     
[130.399s][info][gc,heap     ] GC(170)      Live:         -                 4M (0%)            4M (0%)            4M (0%)             -                  -          
[130.399s][info][gc,heap     ] GC(170) Allocated:         -                 0M (0%)            0M (0%)            0M (0%)             -                  -          
[130.399s][info][gc,heap     ] GC(170)   Garbage:         -               361M (18%)          11M (1%)           11M (1%)             -                  -          
[130.399s][info][gc,heap     ] GC(170) Reclaimed:         -                  -               350M (17%)         350M (17%)            -                  -          
[130.399s][info][gc          ] GC(170) Garbage Collection (System.gc()) 366M(18%)->16M(1%)
[130.924s][info][gc,start    ] GC(171) Garbage Collection (Allocation Rate)
[130.949s][info][gc,task     ] GC(171) Using 2 workers
[130.949s][info][gc,phases   ] GC(171) Pause Mark Start 0.011ms
[130.962s][info][gc,phases   ] GC(171) Concurrent Mark 12.843ms
[130.962s][info][gc,phases   ] GC(171) Pause Mark End 0.018ms
[130.962s][info][gc,phases   ] GC(171) Concurrent Mark Free 0.001ms
[130.994s][info][gc,phases   ] GC(171) Concurrent Process Non-Strong References 32.216ms
[130.995s][info][gc,phases   ] GC(171) Concurrent Reset Relocation Set 0.002ms
[130.999s][info][gc,phases   ] GC(171) Concurrent Select Relocation Set 3.982ms
[130.999s][info][gc,phases   ] GC(171) Pause Relocate Start 0.008ms
[131.000s][info][gc,phases   ] GC(171) Concurrent Relocate 1.111ms
[131.000s][info][gc,load     ] GC(171) Load: 0.00/0.00/0.00
[131.000s][info][gc,mmu      ] GC(171) MMU: 2ms/95.9%, 5ms/98.4%, 10ms/99.2%, 20ms/99.5%, 50ms/99.8%, 100ms/99.9%
[131.000s][info][gc,marking  ] GC(171) Mark: 2 stripe(s), 2 proactive flush(es), 1 terminate flush(es), 0 completion(s), 0 continuation(s) 
[131.000s][info][gc,marking  ] GC(171) Mark Stack Usage: 32M
[131.000s][info][gc,nmethod  ] GC(171) NMethods: 2285 registered, 582 unregistered
[131.000s][info][gc,metaspace] GC(171) Metaspace: 13M used, 14M committed, 1088M reserved
[131.000s][info][gc,ref      ] GC(171) Soft: 134 encountered, 0 discovered, 0 enqueued
[131.000s][info][gc,ref      ] GC(171) Weak: 717 encountered, 144 discovered, 0 enqueued
[131.000s][info][gc,ref      ] GC(171) Final: 0 encountered, 0 discovered, 0 enqueued
[131.000s][info][gc,ref      ] GC(171) Phantom: 59 encountered, 35 discovered, 0 enqueued
[131.000s][info][gc,reloc    ] GC(171) Small Pages: 516 / 1032M, Empty: 932M, Relocated: 2M, In-Place: 0
[131.000s][info][gc,reloc    ] GC(171) Medium Pages: 0 / 0M, Empty: 0M, Relocated: 0M, In-Place: 0
[131.000s][info][gc,reloc    ] GC(171) Large Pages: 0 / 0M, Empty: 0M, Relocated: 0M, In-Place: 0
[131.000s][info][gc,reloc    ] GC(171) Forwarding Usage: 0M
[131.000s][info][gc,heap     ] GC(171) Min Capacity: 8M(0%)
[131.000s][info][gc,heap     ] GC(171) Max Capacity: 2048M(100%)
[131.000s][info][gc,heap     ] GC(171) Soft Max Capacity: 2048M(100%)
[131.000s][info][gc,heap     ] GC(171)                Mark Start          Mark End        Relocate Start      Relocate End           High               Low         
[131.000s][info][gc,heap     ] GC(171)  Capacity:     2048M (100%)       2048M (100%)       2048M (100%)       2048M (100%)       2048M (100%)       2048M (100%)   
[131.000s][info][gc,heap     ] GC(171)      Free:     1016M (50%)         988M (48%)        1850M (90%)        1938M (95%)        1938M (95%)         926M (45%)    
[131.000s][info][gc,heap     ] GC(171)      Used:     1032M (50%)        1060M (52%)         198M (10%)         110M (5%)         1122M (55%)         110M (5%)     
[131.000s][info][gc,heap     ] GC(171)      Live:         -                 7M (0%)            7M (0%)            7M (0%)             -                  -          
[131.000s][info][gc,heap     ] GC(171) Allocated:         -                28M (1%)           98M (5%)           98M (5%)             -                  -          
[131.000s][info][gc,heap     ] GC(171)   Garbage:         -              1024M (50%)          92M (5%)            4M (0%)             -                  -          
[131.000s][info][gc,heap     ] GC(171) Reclaimed:         -                  -               932M (46%)        1020M (50%)            -                  -          
[131.000s][info][gc          ] GC(171) Garbage Collection (Allocation Rate) 1032M(50%)->110M(5%)
[131.525s][info][gc,start    ] GC(172) Garbage Collection (Allocation Rate)
[131.525s][info][gc,task     ] GC(172) Using 2 workers
[131.525s][info][gc,phases   ] GC(172) Pause Mark Start 0.011ms
[131.535s][info][gc,phases   ] GC(172) Concurrent Mark 9.621ms
[131.535s][info][gc,phases   ] GC(172) Pause Mark End 0.017ms
[131.535s][info][gc,phases   ] GC(172) Concurrent Mark Free 0.001ms
[131.567s][info][gc,phases   ] GC(172) Concurrent Process Non-Strong References 32.581ms
[131.567s][info][gc,phases   ] GC(172) Concurrent Reset Relocation Set 0.009ms
[131.572s][info][gc,phases   ] GC(172) Concurrent Select Relocation Set 4.756ms
[131.572s][info][gc,phases   ] GC(172) Pause Relocate Start 0.008ms
[131.574s][info][gc,phases   ] GC(172) Concurrent Relocate 1.363ms
[131.574s][info][gc,load     ] GC(172) Load: 0.00/0.00/0.00
[131.574s][info][gc,mmu      ] GC(172) MMU: 2ms/95.9%, 5ms/98.4%, 10ms/99.2%, 20ms/99.5%, 50ms/99.8%, 100ms/99.9%
[131.574s][info][gc,marking  ] GC(172) Mark: 2 stripe(s), 2 proactive flush(es), 1 terminate flush(es), 0 completion(s), 0 continuation(s) 
[131.574s][info][gc,marking  ] GC(172) Mark Stack Usage: 32M
[131.574s][info][gc,nmethod  ] GC(172) NMethods: 2285 registered, 582 unregistered
[131.574s][info][gc,metaspace] GC(172) Metaspace: 13M used, 14M committed, 1088M reserved
[131.574s][info][gc,ref      ] GC(172) Soft: 134 encountered, 0 discovered, 0 enqueued
[131.574s][info][gc,ref      ] GC(172) Weak: 717 encountered, 153 discovered, 0 enqueued
[131.574s][info][gc,ref      ] GC(172) Final: 0 encountered, 0 discovered, 0 enqueued
[131.574s][info][gc,ref      ] GC(172) Phantom: 59 encountered, 33 discovered, 0 enqueued
[131.574s][info][gc,reloc    ] GC(172) Small Pages: 585 / 1170M, Empty: 1078M, Relocated: 2M, In-Place: 0
[131.574s][info][gc,reloc    ] GC(172) Medium Pages: 0 / 0M, Empty: 0M, Relocated: 0M, In-Place: 0
[131.574s][info][gc,reloc    ] GC(172) Large Pages: 0 / 0M, Empty: 0M, Relocated: 0M, In-Place: 0
[131.574s][info][gc,reloc    ] GC(172) Forwarding Usage: 0M
[131.574s][info][gc,heap     ] GC(172) Min Capacity: 8M(0%)
[131.574s][info][gc,heap     ] GC(172) Max Capacity: 2048M(100%)
[131.574s][info][gc,heap     ] GC(172) Soft Max Capacity: 2048M(100%)
[131.574s][info][gc,heap     ] GC(172)                Mark Start          Mark End        Relocate Start      Relocate End           High               Low         
[131.574s][info][gc,heap     ] GC(172)  Capacity:     2048M (100%)       2048M (100%)       2048M (100%)       2048M (100%)       2048M (100%)       2048M (100%)   
[131.574s][info][gc,heap     ] GC(172)      Free:      878M (43%)         854M (42%)        1856M (91%)        1934M (94%)        1934M (94%)         786M (38%)    
[131.574s][info][gc,heap     ] GC(172)      Used:     1170M (57%)        1194M (58%)         192M (9%)          114M (6%)         1262M (62%)         114M (6%)     
[131.574s][info][gc,heap     ] GC(172)      Live:         -                 7M (0%)            7M (0%)            7M (0%)             -                  -          
[131.574s][info][gc,heap     ] GC(172) Allocated:         -                24M (1%)          100M (5%)          102M (5%)             -                  -          
[131.574s][info][gc,heap     ] GC(172)   Garbage:         -              1162M (57%)          84M (4%)            4M (0%)             -                  -          
[131.574s][info][gc,heap     ] GC(172) Reclaimed:         -                  -              1078M (53%)        1158M (57%)            -                  -          
[131.574s][info][gc          ] GC(172) Garbage Collection (Allocation Rate) 1170M(57%)->114M(6%)
[132.025s][info][gc,start    ] GC(173) Garbage Collection (Allocation Rate)
[132.025s][info][gc,task     ] GC(173) Using 1 workers
[132.025s][info][gc,phases   ] GC(173) Pause Mark Start 0.010ms
[132.039s][info][gc,phases   ] GC(173) Concurrent Mark 13.810ms
[132.040s][info][gc,phases   ] GC(173) Pause Mark End 0.017ms
[132.040s][info][gc,phases   ] GC(173) Concurrent Mark Free 0.001ms
[132.105s][info][gc,phases   ] GC(173) Concurrent Process Non-Strong References 64.879ms
[132.105s][info][gc,phases   ] GC(173) Concurrent Reset Relocation Set 0.005ms
[132.109s][info][gc,phases   ] GC(173) Concurrent Select Relocation Set 4.122ms
[132.109s][info][gc,phases   ] GC(173) Pause Relocate Start 0.008ms
[132.111s][info][gc,phases   ] GC(173) Concurrent Relocate 1.691ms
[132.111s][info][gc,load     ] GC(173) Load: 0.00/0.00/0.00
[132.111s][info][gc,mmu      ] GC(173) MMU: 2ms/95.9%, 5ms/98.4%, 10ms/99.2%, 20ms/99.5%, 50ms/99.8%, 100ms/99.9%
[132.111s][info][gc,marking  ] GC(173) Mark: 1 stripe(s), 2 proactive flush(es), 1 terminate flush(es), 0 completion(s), 0 continuation(s) 
[132.111s][info][gc,marking  ] GC(173) Mark Stack Usage: 32M
[132.111s][info][gc,nmethod  ] GC(173) NMethods: 2285 registered, 582 unregistered
[132.111s][info][gc,metaspace] GC(173) Metaspace: 13M used, 14M committed, 1088M reserved
[132.111s][info][gc,ref      ] GC(173) Soft: 134 encountered, 0 discovered, 0 enqueued
[132.111s][info][gc,ref      ] GC(173) Weak: 717 encountered, 453 discovered, 0 enqueued
[132.111s][info][gc,ref      ] GC(173) Final: 0 encountered, 0 discovered, 0 enqueued
[132.111s][info][gc,ref      ] GC(173) Phantom: 59 encountered, 41 discovered, 0 enqueued
[132.111s][info][gc,reloc    ] GC(173) Small Pages: 477 / 954M, Empty: 874M, Relocated: 1M, In-Place: 0
[132.111s][info][gc,reloc    ] GC(173) Medium Pages: 0 / 0M, Empty: 0M, Relocated: 0M, In-Place: 0
[132.111s][info][gc,reloc    ] GC(173) Large Pages: 0 / 0M, Empty: 0M, Relocated: 0M, In-Place: 0
[132.111s][info][gc,reloc    ] GC(173) Forwarding Usage: 0M
[132.111s][info][gc,heap     ] GC(173) Min Capacity: 8M(0%)
[132.111s][info][gc,heap     ] GC(173) Max Capacity: 2048M(100%)
[132.111s][info][gc,heap     ] GC(173) Soft Max Capacity: 2048M(100%)
[132.111s][info][gc,heap     ] GC(173)                Mark Start          Mark End        Relocate Start      Relocate End           High               Low         
[132.111s][info][gc,heap     ] GC(173)  Capacity:     2048M (100%)       2048M (100%)       2048M (100%)       2048M (100%)       2048M (100%)       2048M (100%)   
[132.111s][info][gc,heap     ] GC(173)      Free:     1094M (53%)        1062M (52%)        1808M (88%)        1874M (92%)        1874M (92%)         940M (46%)    
[132.111s][info][gc,heap     ] GC(173)      Used:      954M (47%)         986M (48%)         240M (12%)         174M (8%)         1108M (54%)         174M (8%)     
[132.111s][info][gc,heap     ] GC(173)      Live:         -                 7M (0%)            7M (0%)            7M (0%)             -                  -          
[132.111s][info][gc,heap     ] GC(173) Allocated:         -                32M (2%)          160M (8%)          163M (8%)             -                  -          
[132.111s][info][gc,heap     ] GC(173)   Garbage:         -               946M (46%)          72M (4%)            2M (0%)             -                  -          
[132.111s][info][gc,heap     ] GC(173) Reclaimed:         -                  -               874M (43%)         943M (46%)            -                  -          
[132.111s][info][gc          ] GC(173) Garbage Collection (Allocation Rate) 954M(47%)->174M(8%)
[132.825s][info][gc,start    ] GC(174) Garbage Collection (Allocation Rate)
[132.825s][info][gc,task     ] GC(174) Using 1 workers
[132.826s][info][gc,phases   ] GC(174) Pause Mark Start 0.013ms
[132.842s][info][gc,phases   ] GC(174) Concurrent Mark 16.045ms
[132.842s][info][gc,phases   ] GC(174) Pause Mark End 0.016ms
[132.842s][info][gc,phases   ] GC(174) Concurrent Mark Free 0.001ms
[132.916s][info][gc,phases   ] GC(174) Concurrent Process Non-Strong References 73.888ms
[132.916s][info][gc,phases   ] GC(174) Concurrent Reset Relocation Set 0.006ms
[132.921s][info][gc,phases   ] GC(174) Concurrent Select Relocation Set 5.130ms
[132.921s][info][gc,phases   ] GC(174) Pause Relocate Start 0.008ms
[132.923s][info][gc,phases   ] GC(174) Concurrent Relocate 1.765ms
[132.923s][info][gc,load     ] GC(174) Load: 0.00/0.00/0.00
[132.923s][info][gc,mmu      ] GC(174) MMU: 2ms/95.9%, 5ms/98.4%, 10ms/99.2%, 20ms/99.5%, 50ms/99.8%, 100ms/99.9%
[132.923s][info][gc,marking  ] GC(174) Mark: 1 stripe(s), 2 proactive flush(es), 1 terminate flush(es), 0 completion(s), 0 continuation(s) 
[132.923s][info][gc,marking  ] GC(174) Mark Stack Usage: 32M
[132.923s][info][gc,nmethod  ] GC(174) NMethods: 2285 registered, 582 unregistered
[132.923s][info][gc,metaspace] GC(174) Metaspace: 13M used, 14M committed, 1088M reserved
[132.923s][info][gc,ref      ] GC(174) Soft: 134 encountered, 0 discovered, 0 enqueued
[132.923s][info][gc,ref      ] GC(174) Weak: 717 encountered, 453 discovered, 0 enqueued
[132.923s][info][gc,ref      ] GC(174) Final: 0 encountered, 0 discovered, 0 enqueued
[132.923s][info][gc,ref      ] GC(174) Phantom: 59 encountered, 41 discovered, 0 enqueued
[132.923s][info][gc,reloc    ] GC(174) Small Pages: 749 / 1498M, Empty: 1386M, Relocated: 1M, In-Place: 0
[132.923s][info][gc,reloc    ] GC(174) Medium Pages: 0 / 0M, Empty: 0M, Relocated: 0M, In-Place: 0
[132.923s][info][gc,reloc    ] GC(174) Large Pages: 0 / 0M, Empty: 0M, Relocated: 0M, In-Place: 0
[132.923s][info][gc,reloc    ] GC(174) Forwarding Usage: 0M
[132.923s][info][gc,heap     ] GC(174) Min Capacity: 8M(0%)
[132.923s][info][gc,heap     ] GC(174) Max Capacity: 2048M(100%)
[132.923s][info][gc,heap     ] GC(174) Soft Max Capacity: 2048M(100%)
[132.923s][info][gc,heap     ] GC(174)                Mark Start          Mark End        Relocate Start      Relocate End           High               Low         
[132.923s][info][gc,heap     ] GC(174)  Capacity:     2048M (100%)       2048M (100%)       2048M (100%)       2048M (100%)       2048M (100%)       2048M (100%)   
[132.923s][info][gc,heap     ] GC(174)      Free:      550M (27%)         514M (25%)        1754M (86%)        1852M (90%)        1854M (91%)         376M (18%)    
[132.923s][info][gc,heap     ] GC(174)      Used:     1498M (73%)        1534M (75%)         294M (14%)         196M (10%)        1672M (82%)         194M (9%)     
[132.923s][info][gc,heap     ] GC(174)      Live:         -                 7M (0%)            7M (0%)            7M (0%)             -                  -          
[132.923s][info][gc,heap     ] GC(174) Allocated:         -                36M (2%)          182M (9%)          185M (9%)             -                  -          
[132.923s][info][gc,heap     ] GC(174)   Garbage:         -              1490M (73%)         104M (5%)            2M (0%)             -                  -          
[132.924s][info][gc,heap     ] GC(174) Reclaimed:         -                  -              1386M (68%)        1487M (73%)            -                  -          
[132.924s][info][gc          ] GC(174) Garbage Collection (Allocation Rate) 1498M(73%)->196M(10%)
[133.725s][info][gc,start    ] GC(175) Garbage Collection (Allocation Rate)
[133.725s][info][gc,task     ] GC(175) Using 1 workers
[133.726s][info][gc,phases   ] GC(175) Pause Mark Start 0.014ms
[133.740s][info][gc,phases   ] GC(175) Concurrent Mark 14.578ms
[133.740s][info][gc,phases   ] GC(175) Pause Mark End 0.016ms
[133.740s][info][gc,phases   ] GC(175) Concurrent Mark Free 0.001ms
[133.800s][info][gc,phases   ] GC(175) Concurrent Process Non-Strong References 59.403ms
[133.800s][info][gc,phases   ] GC(175) Concurrent Reset Relocation Set 0.007ms
[133.805s][info][gc,phases   ] GC(175) Concurrent Select Relocation Set 4.755ms
[133.805s][info][gc,phases   ] GC(175) Pause Relocate Start 0.008ms
[133.809s][info][gc,phases   ] GC(175) Concurrent Relocate 3.935ms
[133.809s][info][gc,load     ] GC(175) Load: 0.00/0.00/0.00
[133.809s][info][gc,mmu      ] GC(175) MMU: 2ms/95.9%, 5ms/98.4%, 10ms/99.2%, 20ms/99.5%, 50ms/99.8%, 100ms/99.9%
[133.809s][info][gc,marking  ] GC(175) Mark: 1 stripe(s), 2 proactive flush(es), 1 terminate flush(es), 0 completion(s), 0 continuation(s) 
[133.809s][info][gc,marking  ] GC(175) Mark Stack Usage: 32M
[133.809s][info][gc,nmethod  ] GC(175) NMethods: 2285 registered, 582 unregistered
[133.809s][info][gc,metaspace] GC(175) Metaspace: 13M used, 14M committed, 1088M reserved
[133.809s][info][gc,ref      ] GC(175) Soft: 134 encountered, 0 discovered, 0 enqueued
[133.809s][info][gc,ref      ] GC(175) Weak: 717 encountered, 453 discovered, 0 enqueued
[133.809s][info][gc,ref      ] GC(175) Final: 0 encountered, 0 discovered, 0 enqueued
[133.809s][info][gc,ref      ] GC(175) Phantom: 59 encountered, 41 discovered, 0 enqueued
[133.809s][info][gc,reloc    ] GC(175) Small Pages: 823 / 1646M, Empty: 1524M, Relocated: 1M, In-Place: 0
[133.809s][info][gc,reloc    ] GC(175) Medium Pages: 0 / 0M, Empty: 0M, Relocated: 0M, In-Place: 0
[133.809s][info][gc,reloc    ] GC(175) Large Pages: 0 / 0M, Empty: 0M, Relocated: 0M, In-Place: 0
[133.809s][info][gc,reloc    ] GC(175) Forwarding Usage: 0M
[133.809s][info][gc,heap     ] GC(175) Min Capacity: 8M(0%)
[133.809s][info][gc,heap     ] GC(175) Max Capacity: 2048M(100%)
[133.809s][info][gc,heap     ] GC(175) Soft Max Capacity: 2048M(100%)
[133.809s][info][gc,heap     ] GC(175)                Mark Start          Mark End        Relocate Start      Relocate End           High               Low         
[133.809s][info][gc,heap     ] GC(175)  Capacity:     2048M (100%)       2048M (100%)       2048M (100%)       2048M (100%)       2048M (100%)       2048M (100%)   
[133.809s][info][gc,heap     ] GC(175)      Free:      402M (20%)         370M (18%)        1780M (87%)        1886M (92%)        1890M (92%)         264M (13%)    
[133.809s][info][gc,heap     ] GC(175)      Used:     1646M (80%)        1678M (82%)         268M (13%)         162M (8%)         1784M (87%)         158M (8%)     
[133.809s][info][gc,heap     ] GC(175)      Live:         -                 7M (0%)            7M (0%)            7M (0%)             -                  -          
[133.809s][info][gc,heap     ] GC(175) Allocated:         -                32M (2%)          146M (7%)          151M (7%)             -                  -          
[133.809s][info][gc,heap     ] GC(175)   Garbage:         -              1638M (80%)         114M (6%)            2M (0%)             -                  -          
[133.809s][info][gc,heap     ] GC(175) Reclaimed:         -                  -              1524M (74%)        1635M (80%)            -                  -          
[133.809s][info][gc          ] GC(175) Garbage Collection (Allocation Rate) 1646M(80%)->162M(8%)
[134.625s][info][gc,start    ] GC(176) Garbage Collection (Allocation Rate)
[134.625s][info][gc,task     ] GC(176) Using 1 workers
[134.625s][info][gc,phases   ] GC(176) Pause Mark Start 0.011ms
[134.642s][info][gc,phases   ] GC(176) Concurrent Mark 17.417ms
[134.642s][info][gc,phases   ] GC(176) Pause Mark End 0.016ms
[134.643s][info][gc,phases   ] GC(176) Concurrent Mark Free 0.002ms
[134.706s][info][gc,phases   ] GC(176) Concurrent Process Non-Strong References 63.436ms
[134.706s][info][gc,phases   ] GC(176) Concurrent Reset Relocation Set 0.008ms
[134.711s][info][gc,phases   ] GC(176) Concurrent Select Relocation Set 4.591ms
[134.711s][info][gc,phases   ] GC(176) Pause Relocate Start 0.008ms
[134.713s][info][gc,phases   ] GC(176) Concurrent Relocate 1.762ms
[134.713s][info][gc,load     ] GC(176) Load: 0.00/0.00/0.00
[134.713s][info][gc,mmu      ] GC(176) MMU: 2ms/95.9%, 5ms/98.4%, 10ms/99.2%, 20ms/99.5%, 50ms/99.8%, 100ms/99.9%
[134.713s][info][gc,marking  ] GC(176) Mark: 1 stripe(s), 2 proactive flush(es), 1 terminate flush(es), 0 completion(s), 0 continuation(s) 
[134.713s][info][gc,marking  ] GC(176) Mark Stack Usage: 32M
[134.713s][info][gc,nmethod  ] GC(176) NMethods: 2285 registered, 582 unregistered
[134.713s][info][gc,metaspace] GC(176) Metaspace: 13M used, 14M committed, 1088M reserved
[134.713s][info][gc,ref      ] GC(176) Soft: 134 encountered, 0 discovered, 0 enqueued
[134.713s][info][gc,ref      ] GC(176) Weak: 717 encountered, 453 discovered, 0 enqueued
[134.713s][info][gc,ref      ] GC(176) Final: 0 encountered, 0 discovered, 0 enqueued
[134.713s][info][gc,ref      ] GC(176) Phantom: 59 encountered, 41 discovered, 0 enqueued
[134.713s][info][gc,reloc    ] GC(176) Small Pages: 828 / 1656M, Empty: 1536M, Relocated: 1M, In-Place: 0
[134.713s][info][gc,reloc    ] GC(176) Medium Pages: 0 / 0M, Empty: 0M, Relocated: 0M, In-Place: 0
[134.713s][info][gc,reloc    ] GC(176) Large Pages: 0 / 0M, Empty: 0M, Relocated: 0M, In-Place: 0
[134.713s][info][gc,reloc    ] GC(176) Forwarding Usage: 0M
[134.713s][info][gc,heap     ] GC(176) Min Capacity: 8M(0%)
[134.713s][info][gc,heap     ] GC(176) Max Capacity: 2048M(100%)
[134.713s][info][gc,heap     ] GC(176) Soft Max Capacity: 2048M(100%)
[134.713s][info][gc,heap     ] GC(176)                Mark Start          Mark End        Relocate Start      Relocate End           High               Low         
[134.713s][info][gc,heap     ] GC(176)  Capacity:     2048M (100%)       2048M (100%)       2048M (100%)       2048M (100%)       2048M (100%)       2048M (100%)   
[134.713s][info][gc,heap     ] GC(176)      Free:      392M (19%)         354M (17%)        1762M (86%)        1870M (91%)        1870M (91%)         236M (12%)    
[134.713s][info][gc,heap     ] GC(176)      Used:     1656M (81%)        1694M (83%)         286M (14%)         178M (9%)         1812M (88%)         178M (9%)     
[134.713s][info][gc,heap     ] GC(176)      Live:         -                 7M (0%)            7M (0%)            7M (0%)             -                  -          
[134.713s][info][gc,heap     ] GC(176) Allocated:         -                38M (2%)          166M (8%)          167M (8%)             -                  -          
[134.713s][info][gc,heap     ] GC(176)   Garbage:         -              1648M (80%)         112M (5%)            2M (0%)             -                  -          
[134.713s][info][gc,heap     ] GC(176) Reclaimed:         -                  -              1536M (75%)        1645M (80%)            -                  -          
[134.713s][info][gc          ] GC(176) Garbage Collection (Allocation Rate) 1656M(81%)->178M(9%)
[135.526s][info][gc,start    ] GC(177) Garbage Collection (Allocation Rate)
[135.526s][info][gc,task     ] GC(177) Using 1 workers
[135.526s][info][gc,phases   ] GC(177) Pause Mark Start 0.013ms
[135.541s][info][gc,phases   ] GC(177) Concurrent Mark 14.949ms
[135.541s][info][gc,phases   ] GC(177) Pause Mark End 0.016ms
[135.541s][info][gc,phases   ] GC(177) Concurrent Mark Free 0.001ms
[135.608s][info][gc,phases   ] GC(177) Concurrent Process Non-Strong References 66.828ms
[135.608s][info][gc,phases   ] GC(177) Concurrent Reset Relocation Set 0.004ms
[135.613s][info][gc,phases   ] GC(177) Concurrent Select Relocation Set 4.874ms
[135.613s][info][gc,phases   ] GC(177) Pause Relocate Start 0.008ms
[135.616s][info][gc,phases   ] GC(177) Concurrent Relocate 2.804ms
[135.616s][info][gc,load     ] GC(177) Load: 0.00/0.00/0.00
[135.616s][info][gc,mmu      ] GC(177) MMU: 2ms/95.9%, 5ms/98.4%, 10ms/99.2%, 20ms/99.5%, 50ms/99.8%, 100ms/99.9%
[135.616s][info][gc,marking  ] GC(177) Mark: 1 stripe(s), 2 proactive flush(es), 1 terminate flush(es), 0 completion(s), 0 continuation(s) 
[135.616s][info][gc,marking  ] GC(177) Mark Stack Usage: 32M
[135.616s][info][gc,nmethod  ] GC(177) NMethods: 2285 registered, 582 unregistered
[135.616s][info][gc,metaspace] GC(177) Metaspace: 13M used, 14M committed, 1088M reserved
[135.616s][info][gc,ref      ] GC(177) Soft: 134 encountered, 0 discovered, 0 enqueued
[135.616s][info][gc,ref      ] GC(177) Weak: 717 encountered, 453 discovered, 0 enqueued
[135.616s][info][gc,ref      ] GC(177) Final: 0 encountered, 0 discovered, 0 enqueued
[135.616s][info][gc,ref      ] GC(177) Phantom: 59 encountered, 41 discovered, 0 enqueued
[135.616s][info][gc,reloc    ] GC(177) Small Pages: 840 / 1680M, Empty: 1558M, Relocated: 1M, In-Place: 0
[135.616s][info][gc,reloc    ] GC(177) Medium Pages: 0 / 0M, Empty: 0M, Relocated: 0M, In-Place: 0
[135.616s][info][gc,reloc    ] GC(177) Large Pages: 0 / 0M, Empty: 0M, Relocated: 0M, In-Place: 0
[135.616s][info][gc,reloc    ] GC(177) Forwarding Usage: 0M
[135.616s][info][gc,heap     ] GC(177) Min Capacity: 8M(0%)
[135.616s][info][gc,heap     ] GC(177) Max Capacity: 2048M(100%)
[135.616s][info][gc,heap     ] GC(177) Soft Max Capacity: 2048M(100%)
[135.616s][info][gc,heap     ] GC(177)                Mark Start          Mark End        Relocate Start      Relocate End           High               Low         
[135.616s][info][gc,heap     ] GC(177)  Capacity:     2048M (100%)       2048M (100%)       2048M (100%)       2048M (100%)       2048M (100%)       2048M (100%)   
[135.616s][info][gc,heap     ] GC(177)      Free:      368M (18%)         334M (16%)        1760M (86%)        1868M (91%)        1868M (91%)         210M (10%)    
[135.616s][info][gc,heap     ] GC(177)      Used:     1680M (82%)        1714M (84%)         288M (14%)         180M (9%)         1838M (90%)         180M (9%)     
[135.616s][info][gc,heap     ] GC(177)      Live:         -                 7M (0%)            7M (0%)            7M (0%)             -                  -          
[135.616s][info][gc,heap     ] GC(177) Allocated:         -                34M (2%)          166M (8%)          169M (8%)             -                  -          
[135.616s][info][gc,heap     ] GC(177)   Garbage:         -              1672M (82%)         114M (6%)            2M (0%)             -                  -          
[135.616s][info][gc,heap     ] GC(177) Reclaimed:         -                  -              1558M (76%)        1669M (82%)            -                  -          
[135.616s][info][gc          ] GC(177) Garbage Collection (Allocation Rate) 1680M(82%)->180M(9%)
[136.326s][info][gc,start    ] GC(178) Garbage Collection (Proactive)
[136.326s][info][gc,task     ] GC(178) Using 12 workers
[136.326s][info][gc,phases   ] GC(178) Pause Mark Start 0.011ms
[136.331s][info][gc,phases   ] GC(178) Concurrent Mark 4.658ms
[136.331s][info][gc,phases   ] GC(178) Pause Mark End 0.018ms
[136.331s][info][gc,phases   ] GC(178) Concurrent Mark Free 0.001ms
[136.337s][info][gc,phases   ] GC(178) Concurrent Process Non-Strong References 6.061ms
[136.337s][info][gc,phases   ] GC(178) Concurrent Reset Relocation Set 0.009ms
[136.342s][info][gc,phases   ] GC(178) Concurrent Select Relocation Set 4.299ms
[136.342s][info][gc,phases   ] GC(178) Pause Relocate Start 0.005ms
[136.342s][info][gc,phases   ] GC(178) Concurrent Relocate 0.395ms
[136.342s][info][gc,load     ] GC(178) Load: 0.00/0.00/0.00
[136.342s][info][gc,mmu      ] GC(178) MMU: 2ms/95.9%, 5ms/98.4%, 10ms/99.2%, 20ms/99.5%, 50ms/99.8%, 100ms/99.9%
[136.342s][info][gc,marking  ] GC(178) Mark: 8 stripe(s), 2 proactive flush(es), 1 terminate flush(es), 0 completion(s), 0 continuation(s) 
[136.342s][info][gc,marking  ] GC(178) Mark Stack Usage: 32M
[136.342s][info][gc,nmethod  ] GC(178) NMethods: 2285 registered, 582 unregistered
[136.342s][info][gc,metaspace] GC(178) Metaspace: 13M used, 14M committed, 1088M reserved
[136.342s][info][gc,ref      ] GC(178) Soft: 134 encountered, 0 discovered, 0 enqueued
[136.342s][info][gc,ref      ] GC(178) Weak: 717 encountered, 274 discovered, 0 enqueued
[136.343s][info][gc,ref      ] GC(178) Final: 0 encountered, 0 discovered, 0 enqueued
[136.343s][info][gc,ref      ] GC(178) Phantom: 59 encountered, 30 discovered, 0 enqueued
[136.343s][info][gc,reloc    ] GC(178) Small Pages: 738 / 1476M, Empty: 1364M, Relocated: 1M, In-Place: 0
[136.343s][info][gc,reloc    ] GC(178) Medium Pages: 0 / 0M, Empty: 0M, Relocated: 0M, In-Place: 0
[136.343s][info][gc,reloc    ] GC(178) Large Pages: 0 / 0M, Empty: 0M, Relocated: 0M, In-Place: 0
[136.343s][info][gc,reloc    ] GC(178) Forwarding Usage: 0M
[136.343s][info][gc,heap     ] GC(178) Min Capacity: 8M(0%)
[136.343s][info][gc,heap     ] GC(178) Max Capacity: 2048M(100%)
[136.343s][info][gc,heap     ] GC(178) Soft Max Capacity: 2048M(100%)
[136.343s][info][gc,heap     ] GC(178)                Mark Start          Mark End        Relocate Start      Relocate End           High               Low         
[136.343s][info][gc,heap     ] GC(178)  Capacity:     2048M (100%)       2048M (100%)       2048M (100%)       2048M (100%)       2048M (100%)       2048M (100%)   
[136.343s][info][gc,heap     ] GC(178)      Free:      572M (28%)         558M (27%)        1902M (93%)        1980M (97%)        1980M (97%)         546M (27%)    
[136.343s][info][gc,heap     ] GC(178)      Used:     1476M (72%)        1490M (73%)         146M (7%)           68M (3%)         1502M (73%)          68M (3%)     
[136.343s][info][gc,heap     ] GC(178)      Live:         -                 8M (0%)            8M (0%)            8M (0%)             -                  -          
[136.343s][info][gc,heap     ] GC(178) Allocated:         -                14M (1%)           34M (2%)           34M (2%)             -                  -          
[136.343s][info][gc,heap     ] GC(178)   Garbage:         -              1467M (72%)         103M (5%)           25M (1%)             -                  -          
[136.343s][info][gc,heap     ] GC(178) Reclaimed:         -                  -              1364M (67%)        1442M (70%)            -                  -          
[136.343s][info][gc          ] GC(178) Garbage Collection (Proactive) 1476M(72%)->68M(3%)
[137.025s][info][gc,start    ] GC(179) Garbage Collection (Allocation Rate)
[137.025s][info][gc,task     ] GC(179) Using 1 workers
[137.025s][info][gc,phases   ] GC(179) Pause Mark Start 0.014ms
[137.038s][info][gc,phases   ] GC(179) Concurrent Mark 13.036ms
[137.038s][info][gc,phases   ] GC(179) Pause Mark End 0.015ms
[137.038s][info][gc,phases   ] GC(179) Concurrent Mark Free 0.001ms
[137.099s][info][gc,phases   ] GC(179) Concurrent Process Non-Strong References 60.132ms
[137.099s][info][gc,phases   ] GC(179) Concurrent Reset Relocation Set 0.005ms
[137.103s][info][gc,phases   ] GC(179) Concurrent Select Relocation Set 4.445ms
[137.103s][info][gc,phases   ] GC(179) Pause Relocate Start 0.008ms
[137.105s][info][gc,phases   ] GC(179) Concurrent Relocate 2.170ms
[137.106s][info][gc,load     ] GC(179) Load: 0.00/0.00/0.00
[137.106s][info][gc,mmu      ] GC(179) MMU: 2ms/95.9%, 5ms/98.4%, 10ms/99.2%, 20ms/99.5%, 50ms/99.8%, 100ms/99.9%
[137.106s][info][gc,marking  ] GC(179) Mark: 1 stripe(s), 2 proactive flush(es), 1 terminate flush(es), 0 completion(s), 0 continuation(s) 
[137.106s][info][gc,marking  ] GC(179) Mark Stack Usage: 32M
[137.106s][info][gc,nmethod  ] GC(179) NMethods: 2285 registered, 582 unregistered
[137.106s][info][gc,metaspace] GC(179) Metaspace: 13M used, 14M committed, 1088M reserved
[137.106s][info][gc,ref      ] GC(179) Soft: 134 encountered, 0 discovered, 0 enqueued
[137.106s][info][gc,ref      ] GC(179) Weak: 717 encountered, 453 discovered, 0 enqueued
[137.106s][info][gc,ref      ] GC(179) Final: 0 encountered, 0 discovered, 0 enqueued
[137.106s][info][gc,ref      ] GC(179) Phantom: 59 encountered, 41 discovered, 0 enqueued
[137.106s][info][gc,reloc    ] GC(179) Small Pages: 695 / 1390M, Empty: 1266M, Relocated: 3M, In-Place: 0
[137.106s][info][gc,reloc    ] GC(179) Medium Pages: 0 / 0M, Empty: 0M, Relocated: 0M, In-Place: 0
[137.106s][info][gc,reloc    ] GC(179) Large Pages: 0 / 0M, Empty: 0M, Relocated: 0M, In-Place: 0
[137.106s][info][gc,reloc    ] GC(179) Forwarding Usage: 0M
[137.106s][info][gc,heap     ] GC(179) Min Capacity: 8M(0%)
[137.106s][info][gc,heap     ] GC(179) Max Capacity: 2048M(100%)
[137.106s][info][gc,heap     ] GC(179) Soft Max Capacity: 2048M(100%)
[137.106s][info][gc,heap     ] GC(179)                Mark Start          Mark End        Relocate Start      Relocate End           High               Low         
[137.106s][info][gc,heap     ] GC(179)  Capacity:     2048M (100%)       2048M (100%)       2048M (100%)       2048M (100%)       2048M (100%)       2048M (100%)   
[137.106s][info][gc,heap     ] GC(179)      Free:      658M (32%)         624M (30%)        1764M (86%)        1874M (92%)        1874M (92%)         506M (25%)    
[137.106s][info][gc,heap     ] GC(179)      Used:     1390M (68%)        1424M (70%)         284M (14%)         174M (8%)         1542M (75%)         174M (8%)     
[137.106s][info][gc,heap     ] GC(179)      Live:         -                 8M (0%)            8M (0%)            8M (0%)             -                  -          
[137.106s][info][gc,heap     ] GC(179) Allocated:         -                34M (2%)          160M (8%)          164M (8%)             -                  -          
[137.106s][info][gc,heap     ] GC(179)   Garbage:         -              1381M (67%)         115M (6%)            1M (0%)             -                  -          
[137.106s][info][gc,heap     ] GC(179) Reclaimed:         -                  -              1266M (62%)        1380M (67%)            -                  -          
[137.106s][info][gc          ] GC(179) Garbage Collection (Allocation Rate) 1390M(68%)->174M(8%)
[137.825s][info][gc,start    ] GC(180) Garbage Collection (Allocation Rate)
[137.825s][info][gc,task     ] GC(180) Using 1 workers
[137.825s][info][gc,phases   ] GC(180) Pause Mark Start 0.010ms
[137.841s][info][gc,phases   ] GC(180) Concurrent Mark 15.845ms
[137.841s][info][gc,phases   ] GC(180) Pause Mark End 0.015ms
[137.842s][info][gc,phases   ] GC(180) Concurrent Mark Free 0.001ms
[137.906s][info][gc,phases   ] GC(180) Concurrent Process Non-Strong References 64.261ms
[137.906s][info][gc,phases   ] GC(180) Concurrent Reset Relocation Set 0.008ms
[137.910s][info][gc,phases   ] GC(180) Concurrent Select Relocation Set 4.401ms
[137.910s][info][gc,phases   ] GC(180) Pause Relocate Start 0.007ms
[137.911s][info][gc,phases   ] GC(180) Concurrent Relocate 0.303ms
[137.911s][info][gc,load     ] GC(180) Load: 0.00/0.00/0.00
[137.911s][info][gc,mmu      ] GC(180) MMU: 2ms/95.9%, 5ms/98.4%, 10ms/99.2%, 20ms/99.5%, 50ms/99.8%, 100ms/99.9%
[137.911s][info][gc,marking  ] GC(180) Mark: 1 stripe(s), 2 proactive flush(es), 1 terminate flush(es), 0 completion(s), 0 continuation(s) 
[137.911s][info][gc,marking  ] GC(180) Mark Stack Usage: 32M
[137.911s][info][gc,nmethod  ] GC(180) NMethods: 2285 registered, 582 unregistered
[137.911s][info][gc,metaspace] GC(180) Metaspace: 13M used, 14M committed, 1088M reserved
[137.911s][info][gc,ref      ] GC(180) Soft: 134 encountered, 0 discovered, 0 enqueued
[137.911s][info][gc,ref      ] GC(180) Weak: 717 encountered, 453 discovered, 0 enqueued
[137.911s][info][gc,ref      ] GC(180) Final: 0 encountered, 0 discovered, 0 enqueued
[137.911s][info][gc,ref      ] GC(180) Phantom: 59 encountered, 41 discovered, 0 enqueued
[137.911s][info][gc,reloc    ] GC(180) Small Pages: 696 / 1392M, Empty: 1280M, Relocated: 0M, In-Place: 0
[137.911s][info][gc,reloc    ] GC(180) Medium Pages: 0 / 0M, Empty: 0M, Relocated: 0M, In-Place: 0
[137.911s][info][gc,reloc    ] GC(180) Large Pages: 0 / 0M, Empty: 0M, Relocated: 0M, In-Place: 0
[137.911s][info][gc,reloc    ] GC(180) Forwarding Usage: 0M
[137.911s][info][gc,heap     ] GC(180) Min Capacity: 8M(0%)
[137.911s][info][gc,heap     ] GC(180) Max Capacity: 2048M(100%)
[137.911s][info][gc,heap     ] GC(180) Soft Max Capacity: 2048M(100%)
[137.911s][info][gc,heap     ] GC(180)                Mark Start          Mark End        Relocate Start      Relocate End           High               Low         
[137.911s][info][gc,heap     ] GC(180)  Capacity:     2048M (100%)       2048M (100%)       2048M (100%)       2048M (100%)       2048M (100%)       2048M (100%)   
[137.911s][info][gc,heap     ] GC(180)      Free:      656M (32%)         622M (30%)        1786M (87%)        1884M (92%)        1884M (92%)         512M (25%)    
[137.911s][info][gc,heap     ] GC(180)      Used:     1392M (68%)        1426M (70%)         262M (13%)         164M (8%)         1536M (75%)         164M (8%)     
[137.911s][info][gc,heap     ] GC(180)      Live:         -                 8M (0%)            8M (0%)            8M (0%)             -                  -          
[137.911s][info][gc,heap     ] GC(180) Allocated:         -                34M (2%)          150M (7%)          151M (7%)             -                  -          
[137.911s][info][gc,heap     ] GC(180)   Garbage:         -              1383M (68%)         103M (5%)            3M (0%)             -                  -          
[137.911s][info][gc,heap     ] GC(180) Reclaimed:         -                  -              1280M (63%)        1379M (67%)            -                  -          
[137.911s][info][gc          ] GC(180) Garbage Collection (Allocation Rate) 1392M(68%)->164M(8%)
[138.725s][info][gc,start    ] GC(181) Garbage Collection (Allocation Rate)
[138.725s][info][gc,task     ] GC(181) Using 1 workers
[138.851s][info][gc,phases   ] GC(181) Pause Mark Start 0.017ms
[138.876s][info][gc,phases   ] GC(181) Concurrent Mark 24.701ms
[138.876s][info][gc,phases   ] GC(181) Pause Mark End 0.019ms
[138.876s][info][gc,phases   ] GC(181) Concurrent Mark Free 0.001ms
[138.944s][info][gc,phases   ] GC(181) Concurrent Process Non-Strong References 67.350ms
[138.944s][info][gc,phases   ] GC(181) Concurrent Reset Relocation Set 0.007ms
[138.948s][info][gc,phases   ] GC(181) Concurrent Select Relocation Set 3.951ms
[138.948s][info][gc,phases   ] GC(181) Pause Relocate Start 0.007ms
[138.948s][info][gc,phases   ] GC(181) Concurrent Relocate 0.322ms
[138.948s][info][gc,load     ] GC(181) Load: 0.00/0.00/0.00
[138.948s][info][gc,mmu      ] GC(181) MMU: 2ms/95.9%, 5ms/98.4%, 10ms/99.2%, 20ms/99.5%, 50ms/99.8%, 100ms/99.9%
[138.948s][info][gc,marking  ] GC(181) Mark: 1 stripe(s), 2 proactive flush(es), 1 terminate flush(es), 0 completion(s), 0 continuation(s) 
[138.948s][info][gc,marking  ] GC(181) Mark Stack Usage: 32M
[138.948s][info][gc,nmethod  ] GC(181) NMethods: 2285 registered, 582 unregistered
[138.948s][info][gc,metaspace] GC(181) Metaspace: 13M used, 14M committed, 1088M reserved
[138.948s][info][gc,ref      ] GC(181) Soft: 134 encountered, 0 discovered, 0 enqueued
[138.949s][info][gc,ref      ] GC(181) Weak: 717 encountered, 453 discovered, 0 enqueued
[138.949s][info][gc,ref      ] GC(181) Final: 0 encountered, 0 discovered, 0 enqueued
[138.949s][info][gc,ref      ] GC(181) Phantom: 59 encountered, 41 discovered, 0 enqueued
[138.949s][info][gc,reloc    ] GC(181) Small Pages: 768 / 1536M, Empty: 1418M, Relocated: 0M, In-Place: 0
[138.949s][info][gc,reloc    ] GC(181) Medium Pages: 0 / 0M, Empty: 0M, Relocated: 0M, In-Place: 0
[138.949s][info][gc,reloc    ] GC(181) Large Pages: 0 / 0M, Empty: 0M, Relocated: 0M, In-Place: 0
[138.949s][info][gc,reloc    ] GC(181) Forwarding Usage: 0M
[138.949s][info][gc,heap     ] GC(181) Min Capacity: 8M(0%)
[138.949s][info][gc,heap     ] GC(181) Max Capacity: 2048M(100%)
[138.949s][info][gc,heap     ] GC(181) Soft Max Capacity: 2048M(100%)
[138.949s][info][gc,heap     ] GC(181)                Mark Start          Mark End        Relocate Start      Relocate End           High               Low         
[138.949s][info][gc,heap     ] GC(181)  Capacity:     2048M (100%)       2048M (100%)       2048M (100%)       2048M (100%)       2048M (100%)       2048M (100%)   
[138.949s][info][gc,heap     ] GC(181)      Free:      512M (25%)         474M (23%)        1776M (87%)        1882M (92%)        1882M (92%)         364M (18%)    
[138.949s][info][gc,heap     ] GC(181)      Used:     1536M (75%)        1574M (77%)         272M (13%)         166M (8%)         1684M (82%)         166M (8%)     
[138.949s][info][gc,heap     ] GC(181)      Live:         -                 8M (0%)            8M (0%)            8M (0%)             -                  -          
[138.949s][info][gc,heap     ] GC(181) Allocated:         -                38M (2%)          154M (8%)          153M (8%)             -                  -          
[138.949s][info][gc,heap     ] GC(181)   Garbage:         -              1527M (75%)         109M (5%)            3M (0%)             -                  -          
[138.949s][info][gc,heap     ] GC(181) Reclaimed:         -                  -              1418M (69%)        1523M (74%)            -                  -          
[138.949s][info][gc          ] GC(181) Garbage Collection (Allocation Rate) 1536M(75%)->166M(8%)
[139.425s][info][gc,start    ] GC(182) Garbage Collection (Allocation Rate)
[139.425s][info][gc,task     ] GC(182) Using 1 workers
[139.425s][info][gc,phases   ] GC(182) Pause Mark Start 0.012ms
[139.438s][info][gc,phases   ] GC(182) Concurrent Mark 12.929ms
[139.439s][info][gc,phases   ] GC(182) Pause Mark End 0.016ms
[139.439s][info][gc,phases   ] GC(182) Concurrent Mark Free 0.001ms
[139.494s][info][gc,phases   ] GC(182) Concurrent Process Non-Strong References 55.298ms
[139.494s][info][gc,phases   ] GC(182) Concurrent Reset Relocation Set 0.006ms
[139.498s][info][gc,phases   ] GC(182) Concurrent Select Relocation Set 3.942ms
[139.498s][info][gc,phases   ] GC(182) Pause Relocate Start 0.007ms
[139.499s][info][gc,phases   ] GC(182) Concurrent Relocate 0.365ms
[139.499s][info][gc,load     ] GC(182) Load: 0.00/0.00/0.00
[139.499s][info][gc,mmu      ] GC(182) MMU: 2ms/95.9%, 5ms/98.4%, 10ms/99.2%, 20ms/99.5%, 50ms/99.8%, 100ms/99.9%
[139.499s][info][gc,marking  ] GC(182) Mark: 1 stripe(s), 2 proactive flush(es), 1 terminate flush(es), 0 completion(s), 0 continuation(s) 
[139.499s][info][gc,marking  ] GC(182) Mark Stack Usage: 32M
[139.499s][info][gc,nmethod  ] GC(182) NMethods: 2285 registered, 582 unregistered
[139.499s][info][gc,metaspace] GC(182) Metaspace: 13M used, 14M committed, 1088M reserved
[139.499s][info][gc,ref      ] GC(182) Soft: 134 encountered, 0 discovered, 0 enqueued
[139.499s][info][gc,ref      ] GC(182) Weak: 717 encountered, 453 discovered, 0 enqueued
[139.499s][info][gc,ref      ] GC(182) Final: 0 encountered, 0 discovered, 0 enqueued
[139.499s][info][gc,ref      ] GC(182) Phantom: 59 encountered, 41 discovered, 0 enqueued
[139.499s][info][gc,reloc    ] GC(182) Small Pages: 470 / 940M, Empty: 854M, Relocated: 0M, In-Place: 0
[139.499s][info][gc,reloc    ] GC(182) Medium Pages: 0 / 0M, Empty: 0M, Relocated: 0M, In-Place: 0
[139.499s][info][gc,reloc    ] GC(182) Large Pages: 0 / 0M, Empty: 0M, Relocated: 0M, In-Place: 0
[139.499s][info][gc,reloc    ] GC(182) Forwarding Usage: 0M
[139.499s][info][gc,heap     ] GC(182) Min Capacity: 8M(0%)
[139.499s][info][gc,heap     ] GC(182) Max Capacity: 2048M(100%)
[139.499s][info][gc,heap     ] GC(182) Soft Max Capacity: 2048M(100%)
[139.499s][info][gc,heap     ] GC(182)                Mark Start          Mark End        Relocate Start      Relocate End           High               Low         
[139.499s][info][gc,heap     ] GC(182)  Capacity:     2048M (100%)       2048M (100%)       2048M (100%)       2048M (100%)       2048M (100%)       2048M (100%)   
[139.499s][info][gc,heap     ] GC(182)      Free:     1108M (54%)        1080M (53%)        1832M (89%)        1904M (93%)        1904M (93%)         984M (48%)    
[139.499s][info][gc,heap     ] GC(182)      Used:      940M (46%)         968M (47%)         216M (11%)         144M (7%)         1064M (52%)         144M (7%)     
[139.499s][info][gc,heap     ] GC(182)      Live:         -                 8M (0%)            8M (0%)            8M (0%)             -                  -          
[139.499s][info][gc,heap     ] GC(182) Allocated:         -                28M (1%)          130M (6%)          131M (6%)             -                  -          
[139.499s][info][gc,heap     ] GC(182)   Garbage:         -               931M (45%)          77M (4%)            3M (0%)             -                  -          
[139.499s][info][gc,heap     ] GC(182) Reclaimed:         -                  -               854M (42%)         927M (45%)            -                  -          
[139.499s][info][gc          ] GC(182) Garbage Collection (Allocation Rate) 940M(46%)->144M(7%)
[140.125s][info][gc,start    ] GC(183) Garbage Collection (Allocation Rate)
[140.125s][info][gc,task     ] GC(183) Using 1 workers
[140.126s][info][gc,phases   ] GC(183) Pause Mark Start 0.012ms
[140.126s][info][gc,stats    ] === Garbage Collection Statistics =======================================================================================================================
[140.127s][info][gc,stats    ]                                                              Last 10s              Last 10m              Last 10h                Total
[140.127s][info][gc,stats    ]                                                              Avg / Max             Avg / Max             Avg / Max             Avg / Max
[140.127s][info][gc,stats    ]   Collector: Garbage Collection Cycle                     82.892 / 223.469      67.839 / 273.863      67.839 / 273.863      67.839 / 273.863     ms
[140.127s][info][gc,stats    ]  Contention: Mark Segment Reset Contention                     0 / 5                 0 / 11                0 / 11                0 / 11          ops/s
[140.127s][info][gc,stats    ]  Contention: Mark SeqNum Reset Contention                      0 / 0                 0 / 2                 0 / 2                 0 / 2           ops/s
[140.127s][info][gc,stats    ]    Critical: Allocation Stall                                  0 / 0                 0 / 43                0 / 43                0 / 43          ops/s
[140.127s][info][gc,stats    ]    Critical: Allocation Stall                              0.000 / 0.000        29.268 / 55.638       29.268 / 55.638       29.268 / 55.638      ms
[140.127s][info][gc,stats    ]    Critical: GC Locker Stall                                   0 / 0                 0 / 0                 0 / 0                 0 / 0           ops/s
[140.127s][info][gc,stats    ]    Critical: GC Locker Stall                               0.000 / 0.000         0.000 / 0.000         0.000 / 0.000         0.000 / 0.000       ms
[140.127s][info][gc,stats    ]    Critical: Relocation Stall                                  0 / 0                 0 / 0                 0 / 0                 0 / 0           ops/s
[140.127s][info][gc,stats    ]    Critical: Relocation Stall                              0.000 / 0.000         0.000 / 0.000         0.000 / 0.000         0.000 / 0.000       ms
[140.127s][info][gc,stats    ]      Memory: Allocation Rate                                1897 / 2104           1883 / 2242           1883 / 2242           1883 / 2242        MB/s
[140.127s][info][gc,stats    ]      Memory: Defragment                                        0 / 0                 0 / 0                 0 / 0                 0 / 0           ops/s
[140.127s][info][gc,stats    ]      Memory: Out Of Memory                                     0 / 0                 0 / 0                 0 / 0                 0 / 0           ops/s
[140.127s][info][gc,stats    ]      Memory: Page Cache Flush                                  0 / 0                 0 / 0                 0 / 0                 0 / 0           MB/s
[140.127s][info][gc,stats    ]      Memory: Page Cache Hit L1                               952 / 1060            938 / 1124            938 / 1124            938 / 1124        ops/s
[140.127s][info][gc,stats    ]      Memory: Page Cache Hit L2                                 0 / 0                 0 / 0                 0 / 0                 0 / 0           ops/s
[140.127s][info][gc,stats    ]      Memory: Page Cache Hit L3                                 0 / 0                 7 / 449               7 / 449               7 / 449         ops/s
[140.127s][info][gc,stats    ]      Memory: Page Cache Miss                                   0 / 0                 0 / 1                 0 / 1                 0 / 1           ops/s
[140.127s][info][gc,stats    ]      Memory: Uncommit                                          0 / 0                 0 / 0                 0 / 0                 0 / 0           MB/s
[140.127s][info][gc,stats    ]      Memory: Undo Object Allocation Failed                    17 / 84               25 / 141              25 / 141              25 / 141         ops/s
[140.127s][info][gc,stats    ]      Memory: Undo Object Allocation Succeeded                  0 / 3                 2 / 21                2 / 21                2 / 21          ops/s
[140.127s][info][gc,stats    ]      Memory: Undo Page Allocation                             67 / 91               67 / 221              67 / 221              67 / 221         ops/s
[140.127s][info][gc,stats    ]       Phase: Concurrent Mark                              14.148 / 24.701       15.803 / 212.397      15.803 / 212.397      15.803 / 212.397     ms
[140.127s][info][gc,stats    ]       Phase: Concurrent Mark Continue                      0.000 / 0.000         0.000 / 0.000         0.000 / 0.000         0.000 / 0.000       ms
[140.127s][info][gc,stats    ]       Phase: Concurrent Mark Free                          0.001 / 0.002         0.001 / 0.002         0.001 / 0.002         0.001 / 0.002       ms
[140.127s][info][gc,stats    ]       Phase: Concurrent Process Non-Strong References     50.243 / 73.888       39.261 / 242.741      39.261 / 242.741      39.261 / 242.741     ms
[140.127s][info][gc,stats    ]       Phase: Concurrent Relocate                           1.576 / 3.935         1.526 / 5.770         1.526 / 5.770         1.526 / 5.770       ms
[140.127s][info][gc,stats    ]       Phase: Concurrent Reset Relocation Set               0.006 / 0.009         0.006 / 0.011         0.006 / 0.011         0.006 / 0.011       ms
[140.127s][info][gc,stats    ]       Phase: Concurrent Select Relocation Set              4.351 / 5.130         4.568 / 14.014        4.568 / 14.014        4.568 / 14.014      ms
[140.127s][info][gc,stats    ]       Phase: Pause Mark End                                0.016 / 0.019         0.017 / 0.081         0.017 / 0.081         0.017 / 0.081       ms
[140.127s][info][gc,stats    ]       Phase: Pause Mark Start                              0.012 / 0.017         0.012 / 0.049         0.012 / 0.049         0.012 / 0.049       ms
[140.127s][info][gc,stats    ]       Phase: Pause Relocate Start                          0.007 / 0.008         0.007 / 0.020         0.007 / 0.020         0.007 / 0.020       ms
[140.127s][info][gc,stats    ]    Subphase: Concurrent Classes Purge                      0.006 / 0.008         0.037 / 3.094         0.037 / 3.094         0.037 / 3.094       ms
[140.127s][info][gc,stats    ]    Subphase: Concurrent Classes Unlink                     4.087 / 5.806         4.021 / 10.160        4.021 / 10.160        4.021 / 10.160      ms
[140.127s][info][gc,stats    ]    Subphase: Concurrent Mark                               9.500 / 22.557        9.816 / 211.109       9.816 / 211.109       9.816 / 211.109     ms
[140.127s][info][gc,stats    ]    Subphase: Concurrent Mark Try Flush                     0.108 / 0.324         0.477 / 193.285       0.477 / 193.285       0.477 / 193.285     ms
[140.127s][info][gc,stats    ]    Subphase: Concurrent Mark Try Terminate                 2.881 / 11.447        2.242 / 16.632        2.242 / 16.632        2.242 / 16.632      ms
[140.127s][info][gc,stats    ]    Subphase: Concurrent References Enqueue                 0.001 / 0.002         0.001 / 0.006         0.001 / 0.006         0.001 / 0.006       ms
[140.127s][info][gc,stats    ]    Subphase: Concurrent References Process                 0.095 / 0.168         0.103 / 0.200         0.103 / 0.200         0.103 / 0.200       ms
[140.127s][info][gc,stats    ]    Subphase: Concurrent Roots ClassLoaderDataGraph         0.133 / 0.374         0.110 / 1.252         0.110 / 1.252         0.110 / 1.252       ms
[140.127s][info][gc,stats    ]    Subphase: Concurrent Roots CodeCache                    0.000 / 0.000         0.000 / 0.000         0.000 / 0.000         0.000 / 0.000       ms
[140.127s][info][gc,stats    ]    Subphase: Concurrent Roots JavaThreads                  0.308 / 1.565         0.321 / 1.791         0.321 / 1.791         0.321 / 1.791       ms
[140.127s][info][gc,stats    ]    Subphase: Concurrent Roots OopStorageSet                0.039 / 0.095         0.051 / 0.778         0.051 / 0.778         0.051 / 0.778       ms
[140.127s][info][gc,stats    ]    Subphase: Concurrent Weak Roots OopStorageSet          21.093 / 67.772       13.958 / 67.772       13.958 / 67.772       13.958 / 67.772      ms
[140.127s][info][gc,stats    ]    Subphase: Pause Mark Try Complete                       0.000 / 0.000         0.002 / 0.004         0.002 / 0.004         0.002 / 0.004       ms
[140.127s][info][gc,stats    ]      System: Java Threads                                     56 / 60               55 / 73               55 / 73               55 / 73          threads
[140.127s][info][gc,stats    ] =========================================================================================================================================================
[140.138s][info][gc,phases   ] GC(183) Concurrent Mark 12.773ms
[140.139s][info][gc,phases   ] GC(183) Pause Mark End 0.014ms
[140.139s][info][gc,phases   ] GC(183) Concurrent Mark Free 0.001ms
[140.198s][info][gc,phases   ] GC(183) Concurrent Process Non-Strong References 59.205ms
[140.198s][info][gc,phases   ] GC(183) Concurrent Reset Relocation Set 0.004ms
[140.202s][info][gc,phases   ] GC(183) Concurrent Select Relocation Set 3.977ms
[140.202s][info][gc,phases   ] GC(183) Pause Relocate Start 0.007ms
[140.203s][info][gc,phases   ] GC(183) Concurrent Relocate 0.421ms
[140.203s][info][gc,load     ] GC(183) Load: 0.00/0.00/0.00
[140.203s][info][gc,mmu      ] GC(183) MMU: 2ms/95.9%, 5ms/98.4%, 10ms/99.2%, 20ms/99.5%, 50ms/99.8%, 100ms/99.9%
[140.203s][info][gc,marking  ] GC(183) Mark: 1 stripe(s), 2 proactive flush(es), 1 terminate flush(es), 0 completion(s), 0 continuation(s) 
[140.203s][info][gc,marking  ] GC(183) Mark Stack Usage: 32M
[140.203s][info][gc,nmethod  ] GC(183) NMethods: 2285 registered, 582 unregistered
[140.203s][info][gc,metaspace] GC(183) Metaspace: 13M used, 14M committed, 1088M reserved
[140.203s][info][gc,ref      ] GC(183) Soft: 134 encountered, 0 discovered, 0 enqueued
[140.203s][info][gc,ref      ] GC(183) Weak: 717 encountered, 453 discovered, 0 enqueued
[140.203s][info][gc,ref      ] GC(183) Final: 0 encountered, 0 discovered, 0 enqueued
[140.203s][info][gc,ref      ] GC(183) Phantom: 59 encountered, 41 discovered, 0 enqueued
[140.203s][info][gc,reloc    ] GC(183) Small Pages: 593 / 1186M, Empty: 1084M, Relocated: 0M, In-Place: 0
[140.203s][info][gc,reloc    ] GC(183) Medium Pages: 0 / 0M, Empty: 0M, Relocated: 0M, In-Place: 0
[140.203s][info][gc,reloc    ] GC(183) Large Pages: 0 / 0M, Empty: 0M, Relocated: 0M, In-Place: 0
[140.203s][info][gc,reloc    ] GC(183) Forwarding Usage: 0M
[140.203s][info][gc,heap     ] GC(183) Min Capacity: 8M(0%)
[140.203s][info][gc,heap     ] GC(183) Max Capacity: 2048M(100%)
[140.203s][info][gc,heap     ] GC(183) Soft Max Capacity: 2048M(100%)
[140.203s][info][gc,heap     ] GC(183)                Mark Start          Mark End        Relocate Start      Relocate End           High               Low         
[140.203s][info][gc,heap     ] GC(183)  Capacity:     2048M (100%)       2048M (100%)       2048M (100%)       2048M (100%)       2048M (100%)       2048M (100%)   
[140.203s][info][gc,heap     ] GC(183)      Free:      862M (42%)         836M (41%)        1810M (88%)        1898M (93%)        1898M (93%)         730M (36%)    
[140.203s][info][gc,heap     ] GC(183)      Used:     1186M (58%)        1212M (59%)         238M (12%)         150M (7%)         1318M (64%)         150M (7%)     
[140.203s][info][gc,heap     ] GC(183)      Live:         -                 8M (0%)            8M (0%)            8M (0%)             -                  -          
[140.203s][info][gc,heap     ] GC(183) Allocated:         -                26M (1%)          136M (7%)          137M (7%)             -                  -          
[140.203s][info][gc,heap     ] GC(183)   Garbage:         -              1177M (57%)          93M (5%)            3M (0%)             -                  -          
[140.203s][info][gc,heap     ] GC(183) Reclaimed:         -                  -              1084M (53%)        1173M (57%)            -                  -          
[140.203s][info][gc          ] GC(183) Garbage Collection (Allocation Rate) 1186M(58%)->150M(7%)
[141.024s][info][gc,start    ] GC(184) Garbage Collection (Allocation Rate)
[141.025s][info][gc,task     ] GC(184) Using 1 workers
[141.025s][info][gc,phases   ] GC(184) Pause Mark Start 0.013ms
[141.038s][info][gc,phases   ] GC(184) Concurrent Mark 13.243ms
[141.038s][info][gc,phases   ] GC(184) Pause Mark End 0.016ms
[141.038s][info][gc,phases   ] GC(184) Concurrent Mark Free 0.001ms
[141.103s][info][gc,phases   ] GC(184) Concurrent Process Non-Strong References 64.738ms
[141.103s][info][gc,phases   ] GC(184) Concurrent Reset Relocation Set 0.007ms
[141.107s][info][gc,phases   ] GC(184) Concurrent Select Relocation Set 4.229ms
[141.107s][info][gc,phases   ] GC(184) Pause Relocate Start 0.008ms
[141.108s][info][gc,phases   ] GC(184) Concurrent Relocate 0.457ms
[141.108s][info][gc,load     ] GC(184) Load: 0.00/0.00/0.00
[141.108s][info][gc,mmu      ] GC(184) MMU: 2ms/95.9%, 5ms/98.4%, 10ms/99.2%, 20ms/99.5%, 50ms/99.8%, 100ms/99.9%
[141.108s][info][gc,marking  ] GC(184) Mark: 1 stripe(s), 2 proactive flush(es), 1 terminate flush(es), 0 completion(s), 0 continuation(s) 
[141.108s][info][gc,marking  ] GC(184) Mark Stack Usage: 32M
[141.108s][info][gc,nmethod  ] GC(184) NMethods: 2285 registered, 582 unregistered
[141.108s][info][gc,metaspace] GC(184) Metaspace: 13M used, 14M committed, 1088M reserved
[141.108s][info][gc,ref      ] GC(184) Soft: 134 encountered, 0 discovered, 0 enqueued
[141.108s][info][gc,ref      ] GC(184) Weak: 717 encountered, 453 discovered, 0 enqueued
[141.108s][info][gc,ref      ] GC(184) Final: 0 encountered, 0 discovered, 0 enqueued
[141.108s][info][gc,ref      ] GC(184) Phantom: 59 encountered, 41 discovered, 0 enqueued
[141.108s][info][gc,reloc    ] GC(184) Small Pages: 768 / 1536M, Empty: 1418M, Relocated: 0M, In-Place: 0
[141.108s][info][gc,reloc    ] GC(184) Medium Pages: 0 / 0M, Empty: 0M, Relocated: 0M, In-Place: 0
[141.108s][info][gc,reloc    ] GC(184) Large Pages: 0 / 0M, Empty: 0M, Relocated: 0M, In-Place: 0
[141.108s][info][gc,reloc    ] GC(184) Forwarding Usage: 0M
[141.108s][info][gc,heap     ] GC(184) Min Capacity: 8M(0%)
[141.108s][info][gc,heap     ] GC(184) Max Capacity: 2048M(100%)
[141.108s][info][gc,heap     ] GC(184) Soft Max Capacity: 2048M(100%)
[141.108s][info][gc,heap     ] GC(184)                Mark Start          Mark End        Relocate Start      Relocate End           High               Low         
[141.108s][info][gc,heap     ] GC(184)  Capacity:     2048M (100%)       2048M (100%)       2048M (100%)       2048M (100%)       2048M (100%)       2048M (100%)   
[141.108s][info][gc,heap     ] GC(184)      Free:      512M (25%)         484M (24%)        1784M (87%)        1888M (92%)        1888M (92%)         374M (18%)    
[141.108s][info][gc,heap     ] GC(184)      Used:     1536M (75%)        1564M (76%)         264M (13%)         160M (8%)         1674M (82%)         160M (8%)     
[141.108s][info][gc,heap     ] GC(184)      Live:         -                 8M (0%)            8M (0%)            8M (0%)             -                  -          
[141.108s][info][gc,heap     ] GC(184) Allocated:         -                28M (1%)          146M (7%)          147M (7%)             -                  -          
[141.108s][info][gc,heap     ] GC(184)   Garbage:         -              1527M (75%)         109M (5%)            3M (0%)             -                  -          
[141.108s][info][gc,heap     ] GC(184) Reclaimed:         -                  -              1418M (69%)        1523M (74%)            -                  -          
[141.108s][info][gc          ] GC(184) Garbage Collection (Allocation Rate) 1536M(75%)->160M(8%)
[141.925s][info][gc,start    ] GC(185) Garbage Collection (Allocation Rate)
[141.925s][info][gc,task     ] GC(185) Using 1 workers
[141.925s][info][gc,phases   ] GC(185) Pause Mark Start 0.010ms
[141.939s][info][gc,phases   ] GC(185) Concurrent Mark 13.523ms
[141.939s][info][gc,phases   ] GC(185) Pause Mark End 0.016ms
[141.939s][info][gc,phases   ] GC(185) Concurrent Mark Free 0.001ms
[142.007s][info][gc,phases   ] GC(185) Concurrent Process Non-Strong References 67.850ms
[142.007s][info][gc,phases   ] GC(185) Concurrent Reset Relocation Set 0.008ms
[142.012s][info][gc,phases   ] GC(185) Concurrent Select Relocation Set 4.633ms
[142.012s][info][gc,phases   ] GC(185) Pause Relocate Start 0.008ms
[142.013s][info][gc,phases   ] GC(185) Concurrent Relocate 0.598ms
[142.013s][info][gc,load     ] GC(185) Load: 0.00/0.00/0.00
[142.013s][info][gc,mmu      ] GC(185) MMU: 2ms/95.9%, 5ms/98.4%, 10ms/99.2%, 20ms/99.5%, 50ms/99.8%, 100ms/99.9%
[142.013s][info][gc,marking  ] GC(185) Mark: 1 stripe(s), 2 proactive flush(es), 1 terminate flush(es), 0 completion(s), 0 continuation(s) 
[142.013s][info][gc,marking  ] GC(185) Mark Stack Usage: 32M
[142.013s][info][gc,nmethod  ] GC(185) NMethods: 2285 registered, 582 unregistered
[142.013s][info][gc,metaspace] GC(185) Metaspace: 13M used, 14M committed, 1088M reserved
[142.013s][info][gc,ref      ] GC(185) Soft: 134 encountered, 0 discovered, 0 enqueued
[142.013s][info][gc,ref      ] GC(185) Weak: 717 encountered, 453 discovered, 0 enqueued
[142.013s][info][gc,ref      ] GC(185) Final: 0 encountered, 0 discovered, 0 enqueued
[142.013s][info][gc,ref      ] GC(185) Phantom: 59 encountered, 41 discovered, 0 enqueued
[142.013s][info][gc,reloc    ] GC(185) Small Pages: 768 / 1536M, Empty: 1408M, Relocated: 0M, In-Place: 0
[142.013s][info][gc,reloc    ] GC(185) Medium Pages: 0 / 0M, Empty: 0M, Relocated: 0M, In-Place: 0
[142.013s][info][gc,reloc    ] GC(185) Large Pages: 0 / 0M, Empty: 0M, Relocated: 0M, In-Place: 0
[142.013s][info][gc,reloc    ] GC(185) Forwarding Usage: 0M
[142.013s][info][gc,heap     ] GC(185) Min Capacity: 8M(0%)
[142.013s][info][gc,heap     ] GC(185) Max Capacity: 2048M(100%)
[142.013s][info][gc,heap     ] GC(185) Soft Max Capacity: 2048M(100%)
[142.013s][info][gc,heap     ] GC(185)                Mark Start          Mark End        Relocate Start      Relocate End           High               Low         
[142.013s][info][gc,heap     ] GC(185)  Capacity:     2048M (100%)       2048M (100%)       2048M (100%)       2048M (100%)       2048M (100%)       2048M (100%)   
[142.013s][info][gc,heap     ] GC(185)      Free:      512M (25%)         484M (24%)        1768M (86%)        1884M (92%)        1884M (92%)         368M (18%)    
[142.013s][info][gc,heap     ] GC(185)      Used:     1536M (75%)        1564M (76%)         280M (14%)         164M (8%)         1680M (82%)         164M (8%)     
[142.013s][info][gc,heap     ] GC(185)      Live:         -                 8M (0%)            8M (0%)            8M (0%)             -                  -          
[142.013s][info][gc,heap     ] GC(185) Allocated:         -                28M (1%)          152M (7%)          151M (7%)             -                  -          
[142.013s][info][gc,heap     ] GC(185)   Garbage:         -              1527M (75%)         119M (6%)            3M (0%)             -                  -          
[142.013s][info][gc,heap     ] GC(185) Reclaimed:         -                  -              1408M (69%)        1523M (74%)            -                  -          
[142.013s][info][gc          ] GC(185) Garbage Collection (Allocation Rate) 1536M(75%)->164M(8%)
[142.926s][info][gc,start    ] GC(186) Garbage Collection (Allocation Rate)
[142.926s][info][gc,task     ] GC(186) Using 1 workers
[142.926s][info][gc,phases   ] GC(186) Pause Mark Start 0.011ms
[142.939s][info][gc,phases   ] GC(186) Concurrent Mark 12.884ms
[142.939s][info][gc,phases   ] GC(186) Pause Mark End 0.016ms
[142.939s][info][gc,phases   ] GC(186) Concurrent Mark Free 0.001ms
[143.002s][info][gc,phases   ] GC(186) Concurrent Process Non-Strong References 63.338ms
[143.002s][info][gc,phases   ] GC(186) Concurrent Reset Relocation Set 0.005ms
[143.006s][info][gc,phases   ] GC(186) Concurrent Select Relocation Set 3.337ms
[143.006s][info][gc,phases   ] GC(186) Pause Relocate Start 0.008ms
[143.007s][info][gc,phases   ] GC(186) Concurrent Relocate 0.637ms
[143.007s][info][gc,load     ] GC(186) Load: 0.00/0.00/0.00
[143.007s][info][gc,mmu      ] GC(186) MMU: 2ms/95.9%, 5ms/98.4%, 10ms/99.2%, 20ms/99.5%, 50ms/99.8%, 100ms/99.9%
[143.007s][info][gc,marking  ] GC(186) Mark: 1 stripe(s), 2 proactive flush(es), 1 terminate flush(es), 0 completion(s), 0 continuation(s) 
[143.007s][info][gc,marking  ] GC(186) Mark Stack Usage: 32M
[143.007s][info][gc,nmethod  ] GC(186) NMethods: 2285 registered, 582 unregistered
[143.007s][info][gc,metaspace] GC(186) Metaspace: 13M used, 14M committed, 1088M reserved
[143.007s][info][gc,ref      ] GC(186) Soft: 134 encountered, 0 discovered, 0 enqueued
[143.007s][info][gc,ref      ] GC(186) Weak: 697 encountered, 453 discovered, 0 enqueued
[143.007s][info][gc,ref      ] GC(186) Final: 0 encountered, 0 discovered, 0 enqueued
[143.007s][info][gc,ref      ] GC(186) Phantom: 59 encountered, 41 discovered, 0 enqueued
[143.007s][info][gc,reloc    ] GC(186) Small Pages: 838 / 1676M, Empty: 1546M, Relocated: 0M, In-Place: 0
[143.007s][info][gc,reloc    ] GC(186) Medium Pages: 0 / 0M, Empty: 0M, Relocated: 0M, In-Place: 0
[143.007s][info][gc,reloc    ] GC(186) Large Pages: 0 / 0M, Empty: 0M, Relocated: 0M, In-Place: 0
[143.007s][info][gc,reloc    ] GC(186) Forwarding Usage: 0M
[143.007s][info][gc,heap     ] GC(186) Min Capacity: 8M(0%)
[143.007s][info][gc,heap     ] GC(186) Max Capacity: 2048M(100%)
[143.007s][info][gc,heap     ] GC(186) Soft Max Capacity: 2048M(100%)
[143.007s][info][gc,heap     ] GC(186)                Mark Start          Mark End        Relocate Start      Relocate End           High               Low         
[143.007s][info][gc,heap     ] GC(186)  Capacity:     2048M (100%)       2048M (100%)       2048M (100%)       2048M (100%)       2048M (100%)       2048M (100%)   
[143.007s][info][gc,heap     ] GC(186)      Free:      372M (18%)         346M (17%)        1786M (87%)        1902M (93%)        1902M (93%)         244M (12%)    
[143.007s][info][gc,heap     ] GC(186)      Used:     1676M (82%)        1702M (83%)         262M (13%)         146M (7%)         1804M (88%)         146M (7%)     
[143.007s][info][gc,heap     ] GC(186)      Live:         -                 8M (0%)            8M (0%)            8M (0%)             -                  -          
[143.007s][info][gc,heap     ] GC(186) Allocated:         -                26M (1%)          132M (6%)          133M (7%)             -                  -          
[143.007s][info][gc,heap     ] GC(186)   Garbage:         -              1667M (81%)         121M (6%)            3M (0%)             -                  -          
[143.007s][info][gc,heap     ] GC(186) Reclaimed:         -                  -              1546M (75%)        1663M (81%)            -                  -          
[143.007s][info][gc          ] GC(186) Garbage Collection (Allocation Rate) 1676M(82%)->146M(7%)
[143.925s][info][gc,start    ] GC(187) Garbage Collection (Allocation Rate)
[143.925s][info][gc,task     ] GC(187) Using 1 workers
[143.925s][info][gc,phases   ] GC(187) Pause Mark Start 0.010ms
[143.936s][info][gc,phases   ] GC(187) Concurrent Mark 10.130ms
[143.936s][info][gc,phases   ] GC(187) Pause Mark End 0.014ms
[143.936s][info][gc,phases   ] GC(187) Concurrent Mark Free 0.001ms
[143.991s][info][gc,phases   ] GC(187) Concurrent Process Non-Strong References 55.037ms
[143.991s][info][gc,phases   ] GC(187) Concurrent Reset Relocation Set 0.004ms
[143.993s][info][gc,phases   ] GC(187) Concurrent Select Relocation Set 2.479ms
[143.993s][info][gc,phases   ] GC(187) Pause Relocate Start 0.008ms
[143.994s][info][gc,phases   ] GC(187) Concurrent Relocate 0.591ms
[143.994s][info][gc,load     ] GC(187) Load: 0.00/0.00/0.00
[143.994s][info][gc,mmu      ] GC(187) MMU: 2ms/95.9%, 5ms/98.4%, 10ms/99.2%, 20ms/99.5%, 50ms/99.8%, 100ms/99.9%
[143.994s][info][gc,marking  ] GC(187) Mark: 1 stripe(s), 2 proactive flush(es), 1 terminate flush(es), 0 completion(s), 0 continuation(s) 
[143.994s][info][gc,marking  ] GC(187) Mark Stack Usage: 32M
[143.994s][info][gc,nmethod  ] GC(187) NMethods: 2285 registered, 582 unregistered
[143.994s][info][gc,metaspace] GC(187) Metaspace: 13M used, 14M committed, 1088M reserved
[143.994s][info][gc,ref      ] GC(187) Soft: 134 encountered, 0 discovered, 0 enqueued
[143.994s][info][gc,ref      ] GC(187) Weak: 657 encountered, 453 discovered, 0 enqueued
[143.994s][info][gc,ref      ] GC(187) Final: 0 encountered, 0 discovered, 0 enqueued
[143.994s][info][gc,ref      ] GC(187) Phantom: 59 encountered, 41 discovered, 0 enqueued
[143.994s][info][gc,reloc    ] GC(187) Small Pages: 878 / 1756M, Empty: 1626M, Relocated: 1M, In-Place: 0
[143.994s][info][gc,reloc    ] GC(187) Medium Pages: 0 / 0M, Empty: 0M, Relocated: 0M, In-Place: 0
[143.994s][info][gc,reloc    ] GC(187) Large Pages: 0 / 0M, Empty: 0M, Relocated: 0M, In-Place: 0
[143.994s][info][gc,reloc    ] GC(187) Forwarding Usage: 0M
[143.994s][info][gc,heap     ] GC(187) Min Capacity: 8M(0%)
[143.994s][info][gc,heap     ] GC(187) Max Capacity: 2048M(100%)
[143.994s][info][gc,heap     ] GC(187) Soft Max Capacity: 2048M(100%)
[143.994s][info][gc,heap     ] GC(187)                Mark Start          Mark End        Relocate Start      Relocate End           High               Low         
[143.994s][info][gc,heap     ] GC(187)  Capacity:     2048M (100%)       2048M (100%)       2048M (100%)       2048M (100%)       2048M (100%)       2048M (100%)   
[143.994s][info][gc,heap     ] GC(187)      Free:      292M (14%)         268M (13%)        1780M (87%)        1898M (93%)        1898M (93%)         158M (8%)     
[143.994s][info][gc,heap     ] GC(187)      Used:     1756M (86%)        1780M (87%)         268M (13%)         150M (7%)         1890M (92%)         150M (7%)     
[143.994s][info][gc,heap     ] GC(187)      Live:         -                 7M (0%)            7M (0%)            7M (0%)             -                  -          
[143.994s][info][gc,heap     ] GC(187) Allocated:         -                24M (1%)          138M (7%)          139M (7%)             -                  -          
[143.994s][info][gc,heap     ] GC(187)   Garbage:         -              1748M (85%)         122M (6%)            2M (0%)             -                  -          
[143.994s][info][gc,heap     ] GC(187) Reclaimed:         -                  -              1626M (79%)        1745M (85%)            -                  -          
[143.994s][info][gc          ] GC(187) Garbage Collection (Allocation Rate) 1756M(86%)->150M(7%)
[144.312s][info][gc,start    ] GC(188) Garbage Collection (System.gc())
[144.312s][info][gc,task     ] GC(188) Using 12 workers
[144.312s][info][gc,phases   ] GC(188) Pause Mark Start 0.016ms
[144.325s][info][gc,phases   ] GC(188) Concurrent Mark 13.437ms
[144.326s][info][gc,phases   ] GC(188) Pause Mark End 0.016ms
[144.326s][info][gc,phases   ] GC(188) Concurrent Mark Free 0.001ms
[144.336s][info][gc,phases   ] GC(188) Concurrent Process Non-Strong References 10.409ms
[144.336s][info][gc,phases   ] GC(188) Concurrent Reset Relocation Set 0.007ms
[144.340s][info][gc,phases   ] GC(188) Concurrent Select Relocation Set 4.271ms
[144.341s][info][gc,phases   ] GC(188) Pause Relocate Start 0.008ms
[144.343s][info][gc,phases   ] GC(188) Concurrent Relocate 2.612ms
[144.343s][info][gc,load     ] GC(188) Load: 0.00/0.00/0.00
[144.343s][info][gc,mmu      ] GC(188) MMU: 2ms/95.9%, 5ms/98.4%, 10ms/99.2%, 20ms/99.5%, 50ms/99.8%, 100ms/99.9%
[144.343s][info][gc,marking  ] GC(188) Mark: 8 stripe(s), 1 proactive flush(es), 1 terminate flush(es), 0 completion(s), 0 continuation(s) 
[144.343s][info][gc,marking  ] GC(188) Mark Stack Usage: 32M
[144.343s][info][gc,nmethod  ] GC(188) NMethods: 2285 registered, 582 unregistered
[144.343s][info][gc,metaspace] GC(188) Metaspace: 13M used, 14M committed, 1088M reserved
[144.343s][info][gc,ref      ] GC(188) Soft: 134 encountered, 0 discovered, 0 enqueued
[144.344s][info][gc,ref      ] GC(188) Weak: 617 encountered, 221 discovered, 0 enqueued
[144.344s][info][gc,ref      ] GC(188) Final: 0 encountered, 0 discovered, 0 enqueued
[144.344s][info][gc,ref      ] GC(188) Phantom: 59 encountered, 38 discovered, 0 enqueued
[144.344s][info][gc,reloc    ] GC(188) Small Pages: 282 / 564M, Empty: 544M, Relocated: 3M, In-Place: 0
[144.344s][info][gc,reloc    ] GC(188) Medium Pages: 0 / 0M, Empty: 0M, Relocated: 0M, In-Place: 0
[144.344s][info][gc,reloc    ] GC(188) Large Pages: 0 / 0M, Empty: 0M, Relocated: 0M, In-Place: 0
[144.344s][info][gc,reloc    ] GC(188) Forwarding Usage: 1M
[144.344s][info][gc,heap     ] GC(188) Min Capacity: 8M(0%)
[144.344s][info][gc,heap     ] GC(188) Max Capacity: 2048M(100%)
[144.344s][info][gc,heap     ] GC(188) Soft Max Capacity: 2048M(100%)
[144.344s][info][gc,heap     ] GC(188)                Mark Start          Mark End        Relocate Start      Relocate End           High               Low         
[144.344s][info][gc,heap     ] GC(188)  Capacity:     2048M (100%)       2048M (100%)       2048M (100%)       2048M (100%)       2048M (100%)       2048M (100%)   
[144.344s][info][gc,heap     ] GC(188)      Free:     1484M (72%)        1484M (72%)        2028M (99%)        2028M (99%)        2028M (99%)        1484M (72%)    
[144.344s][info][gc,heap     ] GC(188)      Used:      564M (28%)         564M (28%)          20M (1%)           20M (1%)          564M (28%)          20M (1%)     
[144.344s][info][gc,heap     ] GC(188)      Live:         -                 4M (0%)            4M (0%)            4M (0%)             -                  -          
[144.344s][info][gc,heap     ] GC(188) Allocated:         -                 0M (0%)            0M (0%)            0M (0%)             -                  -          
[144.344s][info][gc,heap     ] GC(188)   Garbage:         -               559M (27%)          15M (1%)           15M (1%)             -                  -          
[144.344s][info][gc,heap     ] GC(188) Reclaimed:         -                  -               544M (27%)         544M (27%)            -                  -          
[144.344s][info][gc          ] GC(188) Garbage Collection (System.gc()) 564M(28%)->20M(1%)
[145.025s][info][gc,start    ] GC(189) Garbage Collection (Allocation Rate)
[145.025s][info][gc,task     ] GC(189) Using 2 workers
[145.025s][info][gc,phases   ] GC(189) Pause Mark Start 0.013ms
[145.037s][info][gc,phases   ] GC(189) Concurrent Mark 11.346ms
[145.037s][info][gc,phases   ] GC(189) Pause Mark End 0.015ms
[145.037s][info][gc,phases   ] GC(189) Concurrent Mark Free 0.001ms
[145.076s][info][gc,phases   ] GC(189) Concurrent Process Non-Strong References 38.821ms
[145.076s][info][gc,phases   ] GC(189) Concurrent Reset Relocation Set 0.002ms
[145.080s][info][gc,phases   ] GC(189) Concurrent Select Relocation Set 3.882ms
[145.080s][info][gc,phases   ] GC(189) Pause Relocate Start 0.007ms
[145.082s][info][gc,phases   ] GC(189) Concurrent Relocate 2.269ms
[145.082s][info][gc,load     ] GC(189) Load: 0.00/0.00/0.00
[145.082s][info][gc,mmu      ] GC(189) MMU: 2ms/95.9%, 5ms/98.4%, 10ms/99.2%, 20ms/99.5%, 50ms/99.8%, 100ms/99.9%
[145.082s][info][gc,marking  ] GC(189) Mark: 2 stripe(s), 2 proactive flush(es), 1 terminate flush(es), 0 completion(s), 0 continuation(s) 
[145.082s][info][gc,marking  ] GC(189) Mark Stack Usage: 32M
[145.082s][info][gc,nmethod  ] GC(189) NMethods: 2286 registered, 582 unregistered
[145.082s][info][gc,metaspace] GC(189) Metaspace: 13M used, 14M committed, 1088M reserved
[145.082s][info][gc,ref      ] GC(189) Soft: 134 encountered, 0 discovered, 0 enqueued
[145.082s][info][gc,ref      ] GC(189) Weak: 723 encountered, 173 discovered, 2 enqueued
[145.082s][info][gc,ref      ] GC(189) Final: 0 encountered, 0 discovered, 0 enqueued
[145.082s][info][gc,ref      ] GC(189) Phantom: 59 encountered, 45 discovered, 0 enqueued
[145.082s][info][gc,reloc    ] GC(189) Small Pages: 625 / 1250M, Empty: 1136M, Relocated: 2M, In-Place: 0
[145.082s][info][gc,reloc    ] GC(189) Medium Pages: 0 / 0M, Empty: 0M, Relocated: 0M, In-Place: 0
[145.082s][info][gc,reloc    ] GC(189) Large Pages: 0 / 0M, Empty: 0M, Relocated: 0M, In-Place: 0
[145.082s][info][gc,reloc    ] GC(189) Forwarding Usage: 0M
[145.082s][info][gc,heap     ] GC(189) Min Capacity: 8M(0%)
[145.082s][info][gc,heap     ] GC(189) Max Capacity: 2048M(100%)
[145.082s][info][gc,heap     ] GC(189) Soft Max Capacity: 2048M(100%)
[145.082s][info][gc,heap     ] GC(189)                Mark Start          Mark End        Relocate Start      Relocate End           High               Low         
[145.082s][info][gc,heap     ] GC(189)  Capacity:     2048M (100%)       2048M (100%)       2048M (100%)       2048M (100%)       2048M (100%)       2048M (100%)   
[145.082s][info][gc,heap     ] GC(189)      Free:      798M (39%)         772M (38%)        1830M (89%)        1926M (94%)        1928M (94%)         700M (34%)    
[145.082s][info][gc,heap     ] GC(189)      Used:     1250M (61%)        1276M (62%)         218M (11%)         122M (6%)         1348M (66%)         120M (6%)     
[145.082s][info][gc,heap     ] GC(189)      Live:         -                 7M (0%)            7M (0%)            7M (0%)             -                  -          
[145.083s][info][gc,heap     ] GC(189) Allocated:         -                26M (1%)          104M (5%)          110M (5%)             -                  -          
[145.083s][info][gc,heap     ] GC(189)   Garbage:         -              1242M (61%)         106M (5%)            4M (0%)             -                  -          
[145.083s][info][gc,heap     ] GC(189) Reclaimed:         -                  -              1136M (55%)        1238M (60%)            -                  -          
[145.083s][info][gc          ] GC(189) Garbage Collection (Allocation Rate) 1250M(61%)->122M(6%)
[145.525s][info][gc,start    ] GC(190) Garbage Collection (Allocation Rate)
[145.525s][info][gc,task     ] GC(190) Using 2 workers
[145.635s][info][gc,phases   ] GC(190) Pause Mark Start 0.017ms
[145.653s][info][gc,phases   ] GC(190) Concurrent Mark 18.065ms
[145.654s][info][gc,phases   ] GC(190) Pause Mark End 0.102ms
[145.654s][info][gc,phases   ] GC(190) Concurrent Mark Free 0.001ms
[145.692s][info][gc,phases   ] GC(190) Concurrent Process Non-Strong References 38.418ms
[145.692s][info][gc,phases   ] GC(190) Concurrent Reset Relocation Set 0.007ms
[145.695s][info][gc,phases   ] GC(190) Concurrent Select Relocation Set 3.235ms
[145.696s][info][gc,phases   ] GC(190) Pause Relocate Start 0.007ms
[145.697s][info][gc,phases   ] GC(190) Concurrent Relocate 1.789ms
[145.698s][info][gc,load     ] GC(190) Load: 0.00/0.00/0.00
[145.698s][info][gc,mmu      ] GC(190) MMU: 2ms/94.9%, 5ms/98.0%, 10ms/99.0%, 20ms/99.4%, 50ms/99.8%, 100ms/99.9%
[145.698s][info][gc,marking  ] GC(190) Mark: 2 stripe(s), 2 proactive flush(es), 1 terminate flush(es), 1 completion(s), 0 continuation(s) 
[145.698s][info][gc,marking  ] GC(190) Mark Stack Usage: 32M
[145.698s][info][gc,nmethod  ] GC(190) NMethods: 2286 registered, 582 unregistered
[145.698s][info][gc,metaspace] GC(190) Metaspace: 13M used, 14M committed, 1088M reserved
[145.698s][info][gc,ref      ] GC(190) Soft: 134 encountered, 0 discovered, 0 enqueued
[145.698s][info][gc,ref      ] GC(190) Weak: 721 encountered, 120 discovered, 0 enqueued
[145.698s][info][gc,ref      ] GC(190) Final: 0 encountered, 0 discovered, 0 enqueued
[145.698s][info][gc,ref      ] GC(190) Phantom: 59 encountered, 44 discovered, 0 enqueued
[145.698s][info][gc,reloc    ] GC(190) Small Pages: 530 / 1060M, Empty: 978M, Relocated: 2M, In-Place: 0
[145.698s][info][gc,reloc    ] GC(190) Medium Pages: 0 / 0M, Empty: 0M, Relocated: 0M, In-Place: 0
[145.698s][info][gc,reloc    ] GC(190) Large Pages: 0 / 0M, Empty: 0M, Relocated: 0M, In-Place: 0
[145.698s][info][gc,reloc    ] GC(190) Forwarding Usage: 0M
[145.698s][info][gc,heap     ] GC(190) Min Capacity: 8M(0%)
[145.698s][info][gc,heap     ] GC(190) Max Capacity: 2048M(100%)
[145.698s][info][gc,heap     ] GC(190) Soft Max Capacity: 2048M(100%)
[145.698s][info][gc,heap     ] GC(190)                Mark Start          Mark End        Relocate Start      Relocate End           High               Low         
[145.698s][info][gc,heap     ] GC(190)  Capacity:     2048M (100%)       2048M (100%)       2048M (100%)       2048M (100%)       2048M (100%)       2048M (100%)   
[145.698s][info][gc,heap     ] GC(190)      Free:      988M (48%)         952M (46%)        1846M (90%)        1916M (94%)        1916M (94%)         874M (43%)    
[145.698s][info][gc,heap     ] GC(190)      Used:     1060M (52%)        1096M (54%)         202M (10%)         132M (6%)         1174M (57%)         132M (6%)     
[145.698s][info][gc,heap     ] GC(190)      Live:         -                 7M (0%)            7M (0%)            7M (0%)             -                  -          
[145.698s][info][gc,heap     ] GC(190) Allocated:         -                36M (2%)          120M (6%)          120M (6%)             -                  -          
[145.698s][info][gc,heap     ] GC(190)   Garbage:         -              1052M (51%)          74M (4%)            4M (0%)             -                  -          
[145.698s][info][gc,heap     ] GC(190) Reclaimed:         -                  -               978M (48%)        1048M (51%)            -                  -          
[145.698s][info][gc          ] GC(190) Garbage Collection (Allocation Rate) 1060M(52%)->132M(6%)
[146.125s][info][gc,start    ] GC(191) Garbage Collection (Allocation Rate)
[146.125s][info][gc,task     ] GC(191) Using 2 workers
[146.125s][info][gc,phases   ] GC(191) Pause Mark Start 0.011ms
[146.135s][info][gc,phases   ] GC(191) Concurrent Mark 9.874ms
[146.135s][info][gc,phases   ] GC(191) Pause Mark End 0.015ms
[146.136s][info][gc,phases   ] GC(191) Concurrent Mark Free 0.001ms
[146.166s][info][gc,phases   ] GC(191) Concurrent Process Non-Strong References 30.546ms
[146.166s][info][gc,phases   ] GC(191) Concurrent Reset Relocation Set 0.008ms
[146.169s][info][gc,phases   ] GC(191) Concurrent Select Relocation Set 3.210ms
[146.170s][info][gc,phases   ] GC(191) Pause Relocate Start 0.006ms
[146.171s][info][gc,phases   ] GC(191) Concurrent Relocate 1.388ms
[146.171s][info][gc,load     ] GC(191) Load: 0.00/0.00/0.00
[146.171s][info][gc,mmu      ] GC(191) MMU: 2ms/94.9%, 5ms/98.0%, 10ms/99.0%, 20ms/99.4%, 50ms/99.8%, 100ms/99.9%
[146.171s][info][gc,marking  ] GC(191) Mark: 2 stripe(s), 2 proactive flush(es), 1 terminate flush(es), 0 completion(s), 0 continuation(s) 
[146.171s][info][gc,marking  ] GC(191) Mark Stack Usage: 32M
[146.171s][info][gc,nmethod  ] GC(191) NMethods: 2286 registered, 582 unregistered
[146.171s][info][gc,metaspace] GC(191) Metaspace: 13M used, 14M committed, 1088M reserved
[146.171s][info][gc,ref      ] GC(191) Soft: 134 encountered, 0 discovered, 0 enqueued
[146.171s][info][gc,ref      ] GC(191) Weak: 721 encountered, 397 discovered, 0 enqueued
[146.171s][info][gc,ref      ] GC(191) Final: 0 encountered, 0 discovered, 0 enqueued
[146.171s][info][gc,ref      ] GC(191) Phantom: 59 encountered, 44 discovered, 0 enqueued
[146.171s][info][gc,reloc    ] GC(191) Small Pages: 370 / 740M, Empty: 662M, Relocated: 3M, In-Place: 0
[146.171s][info][gc,reloc    ] GC(191) Medium Pages: 0 / 0M, Empty: 0M, Relocated: 0M, In-Place: 0
[146.171s][info][gc,reloc    ] GC(191) Large Pages: 0 / 0M, Empty: 0M, Relocated: 0M, In-Place: 0
[146.171s][info][gc,reloc    ] GC(191) Forwarding Usage: 0M
[146.171s][info][gc,heap     ] GC(191) Min Capacity: 8M(0%)
[146.171s][info][gc,heap     ] GC(191) Max Capacity: 2048M(100%)
[146.171s][info][gc,heap     ] GC(191) Soft Max Capacity: 2048M(100%)
[146.171s][info][gc,heap     ] GC(191)                Mark Start          Mark End        Relocate Start      Relocate End           High               Low         
[146.171s][info][gc,heap     ] GC(191)  Capacity:     2048M (100%)       2048M (100%)       2048M (100%)       2048M (100%)       2048M (100%)       2048M (100%)   
[146.171s][info][gc,heap     ] GC(191)      Free:     1308M (64%)        1284M (63%)        1900M (93%)        1964M (96%)        1964M (96%)        1242M (61%)    
[146.171s][info][gc,heap     ] GC(191)      Used:      740M (36%)         764M (37%)         148M (7%)           84M (4%)          806M (39%)          84M (4%)     
[146.171s][info][gc,heap     ] GC(191)      Live:         -                 7M (0%)            7M (0%)            7M (0%)             -                  -          
[146.171s][info][gc,heap     ] GC(191) Allocated:         -                24M (1%)           70M (3%)           72M (4%)             -                  -          
[146.171s][info][gc,heap     ] GC(191)   Garbage:         -               732M (36%)          70M (3%)            4M (0%)             -                  -          
[146.171s][info][gc,heap     ] GC(191) Reclaimed:         -                  -               662M (32%)         728M (36%)            -                  -          
[146.171s][info][gc          ] GC(191) Garbage Collection (Allocation Rate) 740M(36%)->84M(4%)
[146.625s][info][gc,start    ] GC(192) Garbage Collection (Allocation Rate)
[146.625s][info][gc,task     ] GC(192) Using 1 workers
[146.625s][info][gc,phases   ] GC(192) Pause Mark Start 0.013ms
[146.641s][info][gc,phases   ] GC(192) Concurrent Mark 16.033ms
[146.641s][info][gc,phases   ] GC(192) Pause Mark End 0.016ms
[146.641s][info][gc,phases   ] GC(192) Concurrent Mark Free 0.001ms
[146.704s][info][gc,phases   ] GC(192) Concurrent Process Non-Strong References 62.525ms
[146.704s][info][gc,phases   ] GC(192) Concurrent Reset Relocation Set 0.006ms
[146.707s][info][gc,phases   ] GC(192) Concurrent Select Relocation Set 3.329ms
[146.708s][info][gc,phases   ] GC(192) Pause Relocate Start 0.008ms
[146.709s][info][gc,phases   ] GC(192) Concurrent Relocate 1.713ms
[146.709s][info][gc,load     ] GC(192) Load: 0.00/0.00/0.00
[146.709s][info][gc,mmu      ] GC(192) MMU: 2ms/94.9%, 5ms/98.0%, 10ms/99.0%, 20ms/99.4%, 50ms/99.8%, 100ms/99.9%
[146.709s][info][gc,marking  ] GC(192) Mark: 1 stripe(s), 2 proactive flush(es), 1 terminate flush(es), 0 completion(s), 0 continuation(s) 
[146.710s][info][gc,marking  ] GC(192) Mark Stack Usage: 32M
[146.710s][info][gc,nmethod  ] GC(192) NMethods: 2286 registered, 582 unregistered
[146.710s][info][gc,metaspace] GC(192) Metaspace: 13M used, 14M committed, 1088M reserved
[146.710s][info][gc,ref      ] GC(192) Soft: 134 encountered, 0 discovered, 0 enqueued
[146.710s][info][gc,ref      ] GC(192) Weak: 721 encountered, 455 discovered, 0 enqueued
[146.710s][info][gc,ref      ] GC(192) Final: 0 encountered, 0 discovered, 0 enqueued
[146.710s][info][gc,ref      ] GC(192) Phantom: 59 encountered, 41 discovered, 0 enqueued
[146.710s][info][gc,reloc    ] GC(192) Small Pages: 454 / 908M, Empty: 828M, Relocated: 3M, In-Place: 0
[146.710s][info][gc,reloc    ] GC(192) Medium Pages: 0 / 0M, Empty: 0M, Relocated: 0M, In-Place: 0
[146.710s][info][gc,reloc    ] GC(192) Large Pages: 0 / 0M, Empty: 0M, Relocated: 0M, In-Place: 0
[146.710s][info][gc,reloc    ] GC(192) Forwarding Usage: 0M
[146.710s][info][gc,heap     ] GC(192) Min Capacity: 8M(0%)
[146.710s][info][gc,heap     ] GC(192) Max Capacity: 2048M(100%)
[146.710s][info][gc,heap     ] GC(192) Soft Max Capacity: 2048M(100%)
[146.710s][info][gc,heap     ] GC(192)                Mark Start          Mark End        Relocate Start      Relocate End           High               Low         
[146.710s][info][gc,heap     ] GC(192)  Capacity:     2048M (100%)       2048M (100%)       2048M (100%)       2048M (100%)       2048M (100%)       2048M (100%)   
[146.710s][info][gc,heap     ] GC(192)      Free:     1140M (56%)        1104M (54%)        1806M (88%)        1874M (92%)        1874M (92%)         984M (48%)    
[146.710s][info][gc,heap     ] GC(192)      Used:      908M (44%)         944M (46%)         242M (12%)         174M (8%)         1064M (52%)         174M (8%)     
[146.710s][info][gc,heap     ] GC(192)      Live:         -                 7M (0%)            7M (0%)            7M (0%)             -                  -          
[146.710s][info][gc,heap     ] GC(192) Allocated:         -                36M (2%)          162M (8%)          164M (8%)             -                  -          
[146.710s][info][gc,heap     ] GC(192)   Garbage:         -               900M (44%)          72M (4%)            2M (0%)             -                  -          
[146.710s][info][gc,heap     ] GC(192) Reclaimed:         -                  -               828M (40%)         898M (44%)            -                  -          
[146.710s][info][gc          ] GC(192) Garbage Collection (Allocation Rate) 908M(44%)->174M(8%)
[147.225s][info][gc,start    ] GC(193) Garbage Collection (Allocation Rate)
[147.225s][info][gc,task     ] GC(193) Using 1 workers
[147.225s][info][gc,phases   ] GC(193) Pause Mark Start 0.014ms
[147.240s][info][gc,phases   ] GC(193) Concurrent Mark 14.259ms
[147.240s][info][gc,phases   ] GC(193) Pause Mark End 0.013ms
[147.240s][info][gc,phases   ] GC(193) Concurrent Mark Free 0.001ms
[147.304s][info][gc,phases   ] GC(193) Concurrent Process Non-Strong References 63.430ms
[147.304s][info][gc,phases   ] GC(193) Concurrent Reset Relocation Set 0.006ms
[147.307s][info][gc,phases   ] GC(193) Concurrent Select Relocation Set 3.298ms
[147.307s][info][gc,phases   ] GC(193) Pause Relocate Start 0.008ms
[147.309s][info][gc,phases   ] GC(193) Concurrent Relocate 1.715ms
[147.309s][info][gc,load     ] GC(193) Load: 0.00/0.00/0.00
[147.309s][info][gc,mmu      ] GC(193) MMU: 2ms/94.9%, 5ms/98.0%, 10ms/99.0%, 20ms/99.4%, 50ms/99.8%, 100ms/99.9%
[147.309s][info][gc,marking  ] GC(193) Mark: 1 stripe(s), 2 proactive flush(es), 1 terminate flush(es), 0 completion(s), 0 continuation(s) 
[147.309s][info][gc,marking  ] GC(193) Mark Stack Usage: 32M
[147.309s][info][gc,nmethod  ] GC(193) NMethods: 2286 registered, 582 unregistered
[147.309s][info][gc,metaspace] GC(193) Metaspace: 13M used, 14M committed, 1088M reserved
[147.309s][info][gc,ref      ] GC(193) Soft: 134 encountered, 0 discovered, 0 enqueued
[147.309s][info][gc,ref      ] GC(193) Weak: 721 encountered, 455 discovered, 0 enqueued
[147.309s][info][gc,ref      ] GC(193) Final: 0 encountered, 0 discovered, 0 enqueued
[147.309s][info][gc,ref      ] GC(193) Phantom: 59 encountered, 41 discovered, 0 enqueued
[147.309s][info][gc,reloc    ] GC(193) Small Pages: 548 / 1096M, Empty: 1008M, Relocated: 1M, In-Place: 0
[147.309s][info][gc,reloc    ] GC(193) Medium Pages: 0 / 0M, Empty: 0M, Relocated: 0M, In-Place: 0
[147.309s][info][gc,reloc    ] GC(193) Large Pages: 0 / 0M, Empty: 0M, Relocated: 0M, In-Place: 0
[147.309s][info][gc,reloc    ] GC(193) Forwarding Usage: 0M
[147.309s][info][gc,heap     ] GC(193) Min Capacity: 8M(0%)
[147.309s][info][gc,heap     ] GC(193) Max Capacity: 2048M(100%)
[147.309s][info][gc,heap     ] GC(193) Soft Max Capacity: 2048M(100%)
[147.309s][info][gc,heap     ] GC(193)                Mark Start          Mark End        Relocate Start      Relocate End           High               Low         
[147.309s][info][gc,heap     ] GC(193)  Capacity:     2048M (100%)       2048M (100%)       2048M (100%)       2048M (100%)       2048M (100%)       2048M (100%)   
[147.309s][info][gc,heap     ] GC(193)      Free:      952M (46%)         918M (45%)        1806M (88%)        1882M (92%)        1882M (92%)         804M (39%)    
[147.309s][info][gc,heap     ] GC(193)      Used:     1096M (54%)        1130M (55%)         242M (12%)         166M (8%)         1244M (61%)         166M (8%)     
[147.309s][info][gc,heap     ] GC(193)      Live:         -                 7M (0%)            7M (0%)            7M (0%)             -                  -          
[147.309s][info][gc,heap     ] GC(193) Allocated:         -                34M (2%)          154M (8%)          155M (8%)             -                  -          
[147.309s][info][gc,heap     ] GC(193)   Garbage:         -              1088M (53%)          80M (4%)            2M (0%)             -                  -          
[147.309s][info][gc,heap     ] GC(193) Reclaimed:         -                  -              1008M (49%)        1085M (53%)            -                  -          
[147.309s][info][gc          ] GC(193) Garbage Collection (Allocation Rate) 1096M(54%)->166M(8%)
[148.025s][info][gc,start    ] GC(194) Garbage Collection (Allocation Rate)
[148.025s][info][gc,task     ] GC(194) Using 1 workers
[148.025s][info][gc,phases   ] GC(194) Pause Mark Start 0.017ms
[148.039s][info][gc,phases   ] GC(194) Concurrent Mark 13.621ms
[148.039s][info][gc,phases   ] GC(194) Pause Mark End 0.017ms
[148.039s][info][gc,phases   ] GC(194) Concurrent Mark Free 0.002ms
[148.106s][info][gc,phases   ] GC(194) Concurrent Process Non-Strong References 66.930ms
[148.106s][info][gc,phases   ] GC(194) Concurrent Reset Relocation Set 0.006ms
[148.111s][info][gc,phases   ] GC(194) Concurrent Select Relocation Set 4.905ms
[148.112s][info][gc,phases   ] GC(194) Pause Relocate Start 0.008ms
[148.116s][info][gc,phases   ] GC(194) Concurrent Relocate 3.922ms
[148.116s][info][gc,load     ] GC(194) Load: 0.00/0.00/0.00
[148.116s][info][gc,mmu      ] GC(194) MMU: 2ms/94.9%, 5ms/98.0%, 10ms/99.0%, 20ms/99.4%, 50ms/99.8%, 100ms/99.9%
[148.116s][info][gc,marking  ] GC(194) Mark: 1 stripe(s), 2 proactive flush(es), 1 terminate flush(es), 0 completion(s), 0 continuation(s) 
[148.116s][info][gc,marking  ] GC(194) Mark Stack Usage: 32M
[148.116s][info][gc,nmethod  ] GC(194) NMethods: 2286 registered, 582 unregistered
[148.116s][info][gc,metaspace] GC(194) Metaspace: 13M used, 14M committed, 1088M reserved
[148.116s][info][gc,ref      ] GC(194) Soft: 134 encountered, 0 discovered, 0 enqueued
[148.116s][info][gc,ref      ] GC(194) Weak: 721 encountered, 455 discovered, 0 enqueued
[148.116s][info][gc,ref      ] GC(194) Final: 0 encountered, 0 discovered, 0 enqueued
[148.116s][info][gc,ref      ] GC(194) Phantom: 59 encountered, 41 discovered, 0 enqueued
[148.116s][info][gc,reloc    ] GC(194) Small Pages: 722 / 1444M, Empty: 1336M, Relocated: 1M, In-Place: 0
[148.116s][info][gc,reloc    ] GC(194) Medium Pages: 0 / 0M, Empty: 0M, Relocated: 0M, In-Place: 0
[148.116s][info][gc,reloc    ] GC(194) Large Pages: 0 / 0M, Empty: 0M, Relocated: 0M, In-Place: 0
[148.116s][info][gc,reloc    ] GC(194) Forwarding Usage: 0M
[148.116s][info][gc,heap     ] GC(194) Min Capacity: 8M(0%)
[148.116s][info][gc,heap     ] GC(194) Max Capacity: 2048M(100%)
[148.116s][info][gc,heap     ] GC(194) Soft Max Capacity: 2048M(100%)
[148.116s][info][gc,heap     ] GC(194)                Mark Start          Mark End        Relocate Start      Relocate End           High               Low         
[148.116s][info][gc,heap     ] GC(194)  Capacity:     2048M (100%)       2048M (100%)       2048M (100%)       2048M (100%)       2048M (100%)       2048M (100%)   
[148.116s][info][gc,heap     ] GC(194)      Free:      604M (29%)         572M (28%)        1780M (87%)        1872M (91%)        1876M (92%)         454M (22%)    
[148.116s][info][gc,heap     ] GC(194)      Used:     1444M (71%)        1476M (72%)         268M (13%)         176M (9%)         1594M (78%)         172M (8%)     
[148.116s][info][gc,heap     ] GC(194)      Live:         -                 7M (0%)            7M (0%)            7M (0%)             -                  -          
[148.116s][info][gc,heap     ] GC(194) Allocated:         -                32M (2%)          160M (8%)          165M (8%)             -                  -          
[148.116s][info][gc,heap     ] GC(194)   Garbage:         -              1436M (70%)         100M (5%)            2M (0%)             -                  -          
[148.116s][info][gc,heap     ] GC(194) Reclaimed:         -                  -              1336M (65%)        1433M (70%)            -                  -          
[148.116s][info][gc          ] GC(194) Garbage Collection (Allocation Rate) 1444M(71%)->176M(9%)
[148.925s][info][gc,start    ] GC(195) Garbage Collection (Allocation Rate)
[148.925s][info][gc,task     ] GC(195) Using 1 workers
[148.925s][info][gc,phases   ] GC(195) Pause Mark Start 0.010ms
[148.940s][info][gc,phases   ] GC(195) Concurrent Mark 14.560ms
[148.940s][info][gc,phases   ] GC(195) Pause Mark End 0.015ms
[148.940s][info][gc,phases   ] GC(195) Concurrent Mark Free 0.001ms
[148.996s][info][gc,phases   ] GC(195) Concurrent Process Non-Strong References 55.632ms
[148.996s][info][gc,phases   ] GC(195) Concurrent Reset Relocation Set 0.005ms
[149.000s][info][gc,phases   ] GC(195) Concurrent Select Relocation Set 4.729ms
[149.001s][info][gc,phases   ] GC(195) Pause Relocate Start 0.008ms
[149.002s][info][gc,phases   ] GC(195) Concurrent Relocate 1.623ms
[149.002s][info][gc,load     ] GC(195) Load: 0.00/0.00/0.00
[149.002s][info][gc,mmu      ] GC(195) MMU: 2ms/94.9%, 5ms/98.0%, 10ms/99.0%, 20ms/99.4%, 50ms/99.8%, 100ms/99.9%
[149.002s][info][gc,marking  ] GC(195) Mark: 1 stripe(s), 2 proactive flush(es), 1 terminate flush(es), 0 completion(s), 0 continuation(s) 
[149.002s][info][gc,marking  ] GC(195) Mark Stack Usage: 32M
[149.002s][info][gc,nmethod  ] GC(195) NMethods: 2286 registered, 582 unregistered
[149.002s][info][gc,metaspace] GC(195) Metaspace: 13M used, 14M committed, 1088M reserved
[149.002s][info][gc,ref      ] GC(195) Soft: 134 encountered, 0 discovered, 0 enqueued
[149.002s][info][gc,ref      ] GC(195) Weak: 721 encountered, 455 discovered, 0 enqueued
[149.003s][info][gc,ref      ] GC(195) Final: 0 encountered, 0 discovered, 0 enqueued
[149.003s][info][gc,ref      ] GC(195) Phantom: 59 encountered, 41 discovered, 0 enqueued
[149.003s][info][gc,reloc    ] GC(195) Small Pages: 804 / 1608M, Empty: 1486M, Relocated: 1M, In-Place: 0
[149.003s][info][gc,reloc    ] GC(195) Medium Pages: 0 / 0M, Empty: 0M, Relocated: 0M, In-Place: 0
[149.003s][info][gc,reloc    ] GC(195) Large Pages: 0 / 0M, Empty: 0M, Relocated: 0M, In-Place: 0
[149.003s][info][gc,reloc    ] GC(195) Forwarding Usage: 0M
[149.003s][info][gc,heap     ] GC(195) Min Capacity: 8M(0%)
[149.003s][info][gc,heap     ] GC(195) Max Capacity: 2048M(100%)
[149.003s][info][gc,heap     ] GC(195) Soft Max Capacity: 2048M(100%)
[149.003s][info][gc,heap     ] GC(195)                Mark Start          Mark End        Relocate Start      Relocate End           High               Low         
[149.003s][info][gc,heap     ] GC(195)  Capacity:     2048M (100%)       2048M (100%)       2048M (100%)       2048M (100%)       2048M (100%)       2048M (100%)   
[149.003s][info][gc,heap     ] GC(195)      Free:      440M (21%)         408M (20%)        1790M (87%)        1900M (93%)        1900M (93%)         314M (15%)    
[149.003s][info][gc,heap     ] GC(195)      Used:     1608M (79%)        1640M (80%)         258M (13%)         148M (7%)         1734M (85%)         148M (7%)     
[149.003s][info][gc,heap     ] GC(195)      Live:         -                 7M (0%)            7M (0%)            7M (0%)             -                  -          
[149.003s][info][gc,heap     ] GC(195) Allocated:         -                32M (2%)          136M (7%)          137M (7%)             -                  -          
[149.003s][info][gc,heap     ] GC(195)   Garbage:         -              1600M (78%)         114M (6%)            2M (0%)             -                  -          
[149.003s][info][gc,heap     ] GC(195) Reclaimed:         -                  -              1486M (73%)        1597M (78%)            -                  -          
[149.003s][info][gc          ] GC(195) Garbage Collection (Allocation Rate) 1608M(79%)->148M(7%)
[149.825s][info][gc,start    ] GC(196) Garbage Collection (Allocation Rate)
[149.826s][info][gc,task     ] GC(196) Using 1 workers
[149.826s][info][gc,phases   ] GC(196) Pause Mark Start 0.012ms
[149.840s][info][gc,phases   ] GC(196) Concurrent Mark 14.634ms
[149.841s][info][gc,phases   ] GC(196) Pause Mark End 0.015ms
[149.841s][info][gc,phases   ] GC(196) Concurrent Mark Free 0.001ms
[149.902s][info][gc,phases   ] GC(196) Concurrent Process Non-Strong References 61.123ms
[149.902s][info][gc,phases   ] GC(196) Concurrent Reset Relocation Set 0.006ms
[149.905s][info][gc,phases   ] GC(196) Concurrent Select Relocation Set 3.319ms
[149.905s][info][gc,phases   ] GC(196) Pause Relocate Start 0.008ms
[149.909s][info][gc,phases   ] GC(196) Concurrent Relocate 3.114ms
[149.909s][info][gc,load     ] GC(196) Load: 0.00/0.00/0.00
[149.909s][info][gc,mmu      ] GC(196) MMU: 2ms/94.9%, 5ms/98.0%, 10ms/99.0%, 20ms/99.4%, 50ms/99.8%, 100ms/99.9%
[149.909s][info][gc,marking  ] GC(196) Mark: 1 stripe(s), 2 proactive flush(es), 1 terminate flush(es), 0 completion(s), 0 continuation(s) 
[149.909s][info][gc,marking  ] GC(196) Mark Stack Usage: 32M
[149.909s][info][gc,nmethod  ] GC(196) NMethods: 2286 registered, 582 unregistered
[149.909s][info][gc,metaspace] GC(196) Metaspace: 13M used, 14M committed, 1088M reserved
[149.909s][info][gc,ref      ] GC(196) Soft: 134 encountered, 0 discovered, 0 enqueued
[149.909s][info][gc,ref      ] GC(196) Weak: 721 encountered, 455 discovered, 0 enqueued
[149.909s][info][gc,ref      ] GC(196) Final: 0 encountered, 0 discovered, 0 enqueued
[149.909s][info][gc,ref      ] GC(196) Phantom: 59 encountered, 41 discovered, 0 enqueued
[149.909s][info][gc,reloc    ] GC(196) Small Pages: 802 / 1604M, Empty: 1484M, Relocated: 1M, In-Place: 0
[149.909s][info][gc,reloc    ] GC(196) Medium Pages: 0 / 0M, Empty: 0M, Relocated: 0M, In-Place: 0
[149.909s][info][gc,reloc    ] GC(196) Large Pages: 0 / 0M, Empty: 0M, Relocated: 0M, In-Place: 0
[149.909s][info][gc,reloc    ] GC(196) Forwarding Usage: 0M
[149.909s][info][gc,heap     ] GC(196) Min Capacity: 8M(0%)
[149.909s][info][gc,heap     ] GC(196) Max Capacity: 2048M(100%)
[149.909s][info][gc,heap     ] GC(196) Soft Max Capacity: 2048M(100%)
[149.909s][info][gc,heap     ] GC(196)                Mark Start          Mark End        Relocate Start      Relocate End           High               Low         
[149.909s][info][gc,heap     ] GC(196)  Capacity:     2048M (100%)       2048M (100%)       2048M (100%)       2048M (100%)       2048M (100%)       2048M (100%)   
[149.909s][info][gc,heap     ] GC(196)      Free:      444M (22%)         408M (20%)        1780M (87%)        1884M (92%)        1886M (92%)         300M (15%)    
[149.909s][info][gc,heap     ] GC(196)      Used:     1604M (78%)        1640M (80%)         268M (13%)         164M (8%)         1748M (85%)         162M (8%)     
[149.909s][info][gc,heap     ] GC(196)      Live:         -                 8M (0%)            8M (0%)            8M (0%)             -                  -          
[149.909s][info][gc,heap     ] GC(196) Allocated:         -                36M (2%)          148M (7%)          153M (8%)             -                  -          
[149.909s][info][gc,heap     ] GC(196)   Garbage:         -              1595M (78%)         111M (5%)            2M (0%)             -                  -          
[149.909s][info][gc,heap     ] GC(196) Reclaimed:         -                  -              1484M (72%)        1593M (78%)            -                  -          
[149.909s][info][gc          ] GC(196) Garbage Collection (Allocation Rate) 1604M(78%)->164M(8%)
[150.126s][info][gc,stats    ] === Garbage Collection Statistics =======================================================================================================================
[150.126s][info][gc,stats    ]                                                              Last 10s              Last 10m              Last 10h                Total
[150.126s][info][gc,stats    ]                                                              Avg / Max             Avg / Max             Avg / Max             Avg / Max
[150.126s][info][gc,stats    ]   Collector: Garbage Collection Cycle                     80.413 / 172.568      68.733 / 273.863      68.733 / 273.863      68.733 / 273.863     ms
[150.126s][info][gc,stats    ]  Contention: Mark Segment Reset Contention                     0 / 2                 0 / 11                0 / 11                0 / 11          ops/s
[150.126s][info][gc,stats    ]  Contention: Mark SeqNum Reset Contention                      0 / 1                 0 / 2                 0 / 2                 0 / 2           ops/s
[150.126s][info][gc,stats    ]    Critical: Allocation Stall                                  0 / 0                 0 / 43                0 / 43                0 / 43          ops/s
[150.126s][info][gc,stats    ]    Critical: Allocation Stall                              0.000 / 0.000        29.268 / 55.638       29.268 / 55.638       29.268 / 55.638      ms
[150.126s][info][gc,stats    ]    Critical: GC Locker Stall                                   0 / 0                 0 / 0                 0 / 0                 0 / 0           ops/s
[150.126s][info][gc,stats    ]    Critical: GC Locker Stall                               0.000 / 0.000         0.000 / 0.000         0.000 / 0.000         0.000 / 0.000       ms
[150.126s][info][gc,stats    ]    Critical: Relocation Stall                                  0 / 0                 0 / 0                 0 / 0                 0 / 0           ops/s
[150.126s][info][gc,stats    ]    Critical: Relocation Stall                              0.000 / 0.000         0.000 / 0.000         0.000 / 0.000         0.000 / 0.000       ms
[150.126s][info][gc,stats    ]      Memory: Allocation Rate                                1846 / 1940           1880 / 2242           1880 / 2242           1880 / 2242        MB/s
[150.127s][info][gc,stats    ]      Memory: Defragment                                        0 / 0                 0 / 0                 0 / 0                 0 / 0           ops/s
[150.127s][info][gc,stats    ]      Memory: Out Of Memory                                     0 / 0                 0 / 0                 0 / 0                 0 / 0           ops/s
[150.127s][info][gc,stats    ]      Memory: Page Cache Flush                                  0 / 0                 0 / 0                 0 / 0                 0 / 0           MB/s
[150.127s][info][gc,stats    ]      Memory: Page Cache Hit L1                               925 / 972             937 / 1124            937 / 1124            937 / 1124        ops/s
[150.127s][info][gc,stats    ]      Memory: Page Cache Hit L2                                 0 / 0                 0 / 0                 0 / 0                 0 / 0           ops/s
[150.127s][info][gc,stats    ]      Memory: Page Cache Hit L3                                 0 / 0                 6 / 449               6 / 449               6 / 449         ops/s
[150.127s][info][gc,stats    ]      Memory: Page Cache Miss                                   0 / 0                 0 / 1                 0 / 1                 0 / 1           ops/s
[150.127s][info][gc,stats    ]      Memory: Uncommit                                          0 / 0                 0 / 0                 0 / 0                 0 / 0           MB/s
[150.127s][info][gc,stats    ]      Memory: Undo Object Allocation Failed                    22 / 109              25 / 141              25 / 141              25 / 141         ops/s
[150.127s][info][gc,stats    ]      Memory: Undo Object Allocation Succeeded                  1 / 8                 2 / 21                2 / 21                2 / 21          ops/s
[150.127s][info][gc,stats    ]      Memory: Undo Page Allocation                             65 / 91               67 / 221              67 / 221              67 / 221         ops/s
[150.127s][info][gc,stats    ]       Phase: Concurrent Mark                              13.456 / 18.065       15.636 / 212.397      15.636 / 212.397      15.636 / 212.397     ms
[150.127s][info][gc,stats    ]       Phase: Concurrent Mark Continue                      0.000 / 0.000         0.000 / 0.000         0.000 / 0.000         0.000 / 0.000       ms
[150.127s][info][gc,stats    ]       Phase: Concurrent Mark Free                          0.001 / 0.002         0.001 / 0.002         0.001 / 0.002         0.001 / 0.002       ms
[150.127s][info][gc,stats    ]       Phase: Concurrent Process Non-Strong References     52.714 / 67.850       40.217 / 242.741      40.217 / 242.741      40.217 / 242.741     ms
[150.127s][info][gc,stats    ]       Phase: Concurrent Relocate                           1.632 / 3.922         1.534 / 5.770         1.534 / 5.770         1.534 / 5.770       ms
[150.127s][info][gc,stats    ]       Phase: Concurrent Reset Relocation Set               0.006 / 0.008         0.006 / 0.011         0.006 / 0.011         0.006 / 0.011       ms
[150.127s][info][gc,stats    ]       Phase: Concurrent Select Relocation Set              3.774 / 4.905         4.512 / 14.014        4.512 / 14.014        4.512 / 14.014      ms
[150.127s][info][gc,stats    ]       Phase: Pause Mark End                                0.021 / 0.102         0.018 / 0.102         0.018 / 0.102         0.018 / 0.102       ms
[150.127s][info][gc,stats    ]       Phase: Pause Mark Start                              0.013 / 0.017         0.012 / 0.049         0.012 / 0.049         0.012 / 0.049       ms
[150.127s][info][gc,stats    ]       Phase: Pause Relocate Start                          0.008 / 0.008         0.007 / 0.020         0.007 / 0.020         0.007 / 0.020       ms
[150.127s][info][gc,stats    ]    Subphase: Concurrent Classes Purge                      0.006 / 0.008         0.035 / 3.094         0.035 / 3.094         0.035 / 3.094       ms
[150.127s][info][gc,stats    ]    Subphase: Concurrent Classes Unlink                     4.104 / 5.513         4.027 / 10.160        4.027 / 10.160        4.027 / 10.160      ms
[150.127s][info][gc,stats    ]    Subphase: Concurrent Mark                              12.016 / 16.916        9.920 / 211.109       9.920 / 211.109       9.920 / 211.109     ms
[150.127s][info][gc,stats    ]    Subphase: Concurrent Mark Try Flush                     0.085 / 0.168         0.450 / 193.285       0.450 / 193.285       0.450 / 193.285     ms
[150.127s][info][gc,stats    ]    Subphase: Concurrent Mark Try Terminate                 3.034 / 11.323        2.279 / 16.632        2.279 / 16.632        2.279 / 16.632      ms
[150.127s][info][gc,stats    ]    Subphase: Concurrent References Enqueue                 0.001 / 0.004         0.001 / 0.006         0.001 / 0.006         0.001 / 0.006       ms
[150.127s][info][gc,stats    ]    Subphase: Concurrent References Process                 0.094 / 0.175         0.103 / 0.200         0.103 / 0.200         0.103 / 0.200       ms
[150.127s][info][gc,stats    ]    Subphase: Concurrent Roots ClassLoaderDataGraph         0.137 / 0.529         0.111 / 1.252         0.111 / 1.252         0.111 / 1.252       ms
[150.127s][info][gc,stats    ]    Subphase: Concurrent Roots CodeCache                    0.000 / 0.000         0.000 / 0.000         0.000 / 0.000         0.000 / 0.000       ms
[150.127s][info][gc,stats    ]    Subphase: Concurrent Roots JavaThreads                  0.390 / 0.947         0.324 / 1.791         0.324 / 1.791         0.324 / 1.791       ms
[150.127s][info][gc,stats    ]    Subphase: Concurrent Roots OopStorageSet                0.043 / 0.082         0.051 / 0.778         0.051 / 0.778         0.051 / 0.778       ms
[150.127s][info][gc,stats    ]    Subphase: Concurrent Weak Roots OopStorageSet          31.469 / 62.595       14.783 / 67.772       14.783 / 67.772       14.783 / 67.772      ms
[150.127s][info][gc,stats    ]    Subphase: Pause Mark Try Complete                       0.003 / 0.006         0.002 / 0.006         0.002 / 0.006         0.002 / 0.006       ms
[150.127s][info][gc,stats    ]      System: Java Threads                                     53 / 60               55 / 73               55 / 73               55 / 73          threads
[150.127s][info][gc,stats    ] =========================================================================================================================================================
[150.725s][info][gc,start    ] GC(197) Garbage Collection (Allocation Rate)
[150.725s][info][gc,task     ] GC(197) Using 1 workers
[150.725s][info][gc,phases   ] GC(197) Pause Mark Start 0.009ms
[150.741s][info][gc,phases   ] GC(197) Concurrent Mark 15.650ms
[150.741s][info][gc,phases   ] GC(197) Pause Mark End 0.015ms
[150.741s][info][gc,phases   ] GC(197) Concurrent Mark Free 0.001ms
[150.803s][info][gc,phases   ] GC(197) Concurrent Process Non-Strong References 62.399ms
[150.804s][info][gc,phases   ] GC(197) Concurrent Reset Relocation Set 0.009ms
[150.808s][info][gc,phases   ] GC(197) Concurrent Select Relocation Set 4.062ms
[150.808s][info][gc,phases   ] GC(197) Pause Relocate Start 0.008ms
[150.808s][info][gc,phases   ] GC(197) Concurrent Relocate 0.274ms
[150.808s][info][gc,load     ] GC(197) Load: 0.00/0.00/0.00
[150.808s][info][gc,mmu      ] GC(197) MMU: 2ms/94.9%, 5ms/98.0%, 10ms/99.0%, 20ms/99.4%, 50ms/99.8%, 100ms/99.9%
[150.808s][info][gc,marking  ] GC(197) Mark: 1 stripe(s), 2 proactive flush(es), 1 terminate flush(es), 0 completion(s), 0 continuation(s) 
[150.808s][info][gc,marking  ] GC(197) Mark Stack Usage: 32M
[150.808s][info][gc,nmethod  ] GC(197) NMethods: 2286 registered, 582 unregistered
[150.808s][info][gc,metaspace] GC(197) Metaspace: 13M used, 14M committed, 1088M reserved
[150.808s][info][gc,ref      ] GC(197) Soft: 134 encountered, 0 discovered, 0 enqueued
[150.808s][info][gc,ref      ] GC(197) Weak: 721 encountered, 455 discovered, 0 enqueued
[150.808s][info][gc,ref      ] GC(197) Final: 0 encountered, 0 discovered, 0 enqueued
[150.808s][info][gc,ref      ] GC(197) Phantom: 59 encountered, 41 discovered, 0 enqueued
[150.808s][info][gc,reloc    ] GC(197) Small Pages: 813 / 1626M, Empty: 1506M, Relocated: 0M, In-Place: 0
[150.808s][info][gc,reloc    ] GC(197) Medium Pages: 0 / 0M, Empty: 0M, Relocated: 0M, In-Place: 0
[150.808s][info][gc,reloc    ] GC(197) Large Pages: 0 / 0M, Empty: 0M, Relocated: 0M, In-Place: 0
[150.808s][info][gc,reloc    ] GC(197) Forwarding Usage: 0M
[150.808s][info][gc,heap     ] GC(197) Min Capacity: 8M(0%)
[150.808s][info][gc,heap     ] GC(197) Max Capacity: 2048M(100%)
[150.808s][info][gc,heap     ] GC(197) Soft Max Capacity: 2048M(100%)
[150.808s][info][gc,heap     ] GC(197)                Mark Start          Mark End        Relocate Start      Relocate End           High               Low         
[150.808s][info][gc,heap     ] GC(197)  Capacity:     2048M (100%)       2048M (100%)       2048M (100%)       2048M (100%)       2048M (100%)       2048M (100%)   
[150.808s][info][gc,heap     ] GC(197)      Free:      422M (21%)         386M (19%)        1774M (87%)        1882M (92%)        1882M (92%)         276M (13%)    
[150.809s][info][gc,heap     ] GC(197)      Used:     1626M (79%)        1662M (81%)         274M (13%)         166M (8%)         1772M (87%)         166M (8%)     
[150.809s][info][gc,heap     ] GC(197)      Live:         -                 8M (0%)            8M (0%)            8M (0%)             -                  -          
[150.809s][info][gc,heap     ] GC(197) Allocated:         -                36M (2%)          154M (8%)          153M (8%)             -                  -          
[150.809s][info][gc,heap     ] GC(197)   Garbage:         -              1617M (79%)         111M (5%)            3M (0%)             -                  -          
[150.809s][info][gc,heap     ] GC(197) Reclaimed:         -                  -              1506M (74%)        1613M (79%)            -                  -          
[150.809s][info][gc          ] GC(197) Garbage Collection (Allocation Rate) 1626M(79%)->166M(8%)
[151.625s][info][gc,start    ] GC(198) Garbage Collection (Allocation Rate)
[151.625s][info][gc,task     ] GC(198) Using 1 workers
[151.625s][info][gc,phases   ] GC(198) Pause Mark Start 0.013ms
[151.638s][info][gc,phases   ] GC(198) Concurrent Mark 12.608ms
[151.638s][info][gc,phases   ] GC(198) Pause Mark End 0.016ms
[151.638s][info][gc,phases   ] GC(198) Concurrent Mark Free 0.001ms
[151.705s][info][gc,phases   ] GC(198) Concurrent Process Non-Strong References 66.992ms
[151.705s][info][gc,phases   ] GC(198) Concurrent Reset Relocation Set 0.006ms
[151.709s][info][gc,phases   ] GC(198) Concurrent Select Relocation Set 4.057ms
[151.709s][info][gc,phases   ] GC(198) Pause Relocate Start 0.008ms
[151.710s][info][gc,phases   ] GC(198) Concurrent Relocate 0.296ms
[151.710s][info][gc,load     ] GC(198) Load: 0.00/0.00/0.00
[151.710s][info][gc,mmu      ] GC(198) MMU: 2ms/94.9%, 5ms/98.0%, 10ms/99.0%, 20ms/99.4%, 50ms/99.8%, 100ms/99.9%
[151.710s][info][gc,marking  ] GC(198) Mark: 1 stripe(s), 2 proactive flush(es), 1 terminate flush(es), 0 completion(s), 0 continuation(s) 
[151.710s][info][gc,marking  ] GC(198) Mark Stack Usage: 32M
[151.710s][info][gc,nmethod  ] GC(198) NMethods: 2286 registered, 582 unregistered
[151.710s][info][gc,metaspace] GC(198) Metaspace: 13M used, 14M committed, 1088M reserved
[151.710s][info][gc,ref      ] GC(198) Soft: 134 encountered, 0 discovered, 0 enqueued
[151.710s][info][gc,ref      ] GC(198) Weak: 721 encountered, 455 discovered, 0 enqueued
[151.710s][info][gc,ref      ] GC(198) Final: 0 encountered, 0 discovered, 0 enqueued
[151.710s][info][gc,ref      ] GC(198) Phantom: 59 encountered, 41 discovered, 0 enqueued
[151.710s][info][gc,reloc    ] GC(198) Small Pages: 814 / 1628M, Empty: 1504M, Relocated: 0M, In-Place: 0
[151.710s][info][gc,reloc    ] GC(198) Medium Pages: 0 / 0M, Empty: 0M, Relocated: 0M, In-Place: 0
[151.710s][info][gc,reloc    ] GC(198) Large Pages: 0 / 0M, Empty: 0M, Relocated: 0M, In-Place: 0
[151.710s][info][gc,reloc    ] GC(198) Forwarding Usage: 0M
[151.710s][info][gc,heap     ] GC(198) Min Capacity: 8M(0%)
[151.710s][info][gc,heap     ] GC(198) Max Capacity: 2048M(100%)
[151.710s][info][gc,heap     ] GC(198) Soft Max Capacity: 2048M(100%)
[151.710s][info][gc,heap     ] GC(198)                Mark Start          Mark End        Relocate Start      Relocate End           High               Low         
[151.710s][info][gc,heap     ] GC(198)  Capacity:     2048M (100%)       2048M (100%)       2048M (100%)       2048M (100%)       2048M (100%)       2048M (100%)   
[151.710s][info][gc,heap     ] GC(198)      Free:      420M (21%)         392M (19%)        1768M (86%)        1880M (92%)        1880M (92%)         272M (13%)    
[151.710s][info][gc,heap     ] GC(198)      Used:     1628M (79%)        1656M (81%)         280M (14%)         168M (8%)         1776M (87%)         168M (8%)     
[151.710s][info][gc,heap     ] GC(198)      Live:         -                 8M (0%)            8M (0%)            8M (0%)             -                  -          
[151.710s][info][gc,heap     ] GC(198) Allocated:         -                28M (1%)          156M (8%)          155M (8%)             -                  -          
[151.710s][info][gc,heap     ] GC(198)   Garbage:         -              1619M (79%)         115M (6%)            3M (0%)             -                  -          
[151.710s][info][gc,heap     ] GC(198) Reclaimed:         -                  -              1504M (73%)        1615M (79%)            -                  -          
[151.710s][info][gc          ] GC(198) Garbage Collection (Allocation Rate) 1628M(79%)->168M(8%)
[152.525s][info][gc,start    ] GC(199) Garbage Collection (Allocation Rate)
[152.525s][info][gc,task     ] GC(199) Using 1 workers
[152.525s][info][gc,phases   ] GC(199) Pause Mark Start 0.011ms
[152.539s][info][gc,phases   ] GC(199) Concurrent Mark 12.916ms
[152.539s][info][gc,phases   ] GC(199) Pause Mark End 0.014ms
[152.539s][info][gc,phases   ] GC(199) Concurrent Mark Free 0.001ms
[152.610s][info][gc,phases   ] GC(199) Concurrent Process Non-Strong References 71.480ms
[152.610s][info][gc,phases   ] GC(199) Concurrent Reset Relocation Set 0.008ms
[152.615s][info][gc,phases   ] GC(199) Concurrent Select Relocation Set 4.564ms
[152.615s][info][gc,phases   ] GC(199) Pause Relocate Start 0.007ms
[152.616s][info][gc,phases   ] GC(199) Concurrent Relocate 0.434ms
[152.616s][info][gc,load     ] GC(199) Load: 0.00/0.00/0.00
[152.616s][info][gc,mmu      ] GC(199) MMU: 2ms/94.9%, 5ms/98.0%, 10ms/99.0%, 20ms/99.4%, 50ms/99.8%, 100ms/99.9%
[152.616s][info][gc,marking  ] GC(199) Mark: 1 stripe(s), 2 proactive flush(es), 1 terminate flush(es), 0 completion(s), 0 continuation(s) 
[152.616s][info][gc,marking  ] GC(199) Mark Stack Usage: 32M
[152.616s][info][gc,nmethod  ] GC(199) NMethods: 2286 registered, 582 unregistered
[152.616s][info][gc,metaspace] GC(199) Metaspace: 13M used, 14M committed, 1088M reserved
[152.616s][info][gc,ref      ] GC(199) Soft: 134 encountered, 0 discovered, 0 enqueued
[152.616s][info][gc,ref      ] GC(199) Weak: 721 encountered, 455 discovered, 0 enqueued
[152.616s][info][gc,ref      ] GC(199) Final: 0 encountered, 0 discovered, 0 enqueued
[152.616s][info][gc,ref      ] GC(199) Phantom: 59 encountered, 41 discovered, 0 enqueued
[152.616s][info][gc,reloc    ] GC(199) Small Pages: 809 / 1618M, Empty: 1492M, Relocated: 0M, In-Place: 0
[152.616s][info][gc,reloc    ] GC(199) Medium Pages: 0 / 0M, Empty: 0M, Relocated: 0M, In-Place: 0
[152.616s][info][gc,reloc    ] GC(199) Large Pages: 0 / 0M, Empty: 0M, Relocated: 0M, In-Place: 0
[152.616s][info][gc,reloc    ] GC(199) Forwarding Usage: 0M
[152.616s][info][gc,heap     ] GC(199) Min Capacity: 8M(0%)
[152.616s][info][gc,heap     ] GC(199) Max Capacity: 2048M(100%)
[152.616s][info][gc,heap     ] GC(199) Soft Max Capacity: 2048M(100%)
[152.616s][info][gc,heap     ] GC(199)                Mark Start          Mark End        Relocate Start      Relocate End           High               Low         
[152.616s][info][gc,heap     ] GC(199)  Capacity:     2048M (100%)       2048M (100%)       2048M (100%)       2048M (100%)       2048M (100%)       2048M (100%)   
[152.616s][info][gc,heap     ] GC(199)      Free:      430M (21%)         404M (20%)        1764M (86%)        1878M (92%)        1878M (92%)         280M (14%)    
[152.616s][info][gc,heap     ] GC(199)      Used:     1618M (79%)        1644M (80%)         284M (14%)         170M (8%)         1768M (86%)         170M (8%)     
[152.616s][info][gc,heap     ] GC(199)      Live:         -                 8M (0%)            8M (0%)            8M (0%)             -                  -          
[152.616s][info][gc,heap     ] GC(199) Allocated:         -                26M (1%)          158M (8%)          157M (8%)             -                  -          
[152.616s][info][gc,heap     ] GC(199)   Garbage:         -              1609M (79%)         117M (6%)            3M (0%)             -                  -          
[152.616s][info][gc,heap     ] GC(199) Reclaimed:         -                  -              1492M (73%)        1605M (78%)            -                  -          
[152.616s][info][gc          ] GC(199) Garbage Collection (Allocation Rate) 1618M(79%)->170M(8%)
[153.425s][info][gc,start    ] GC(200) Garbage Collection (Allocation Rate)
[153.425s][info][gc,task     ] GC(200) Using 1 workers
[153.425s][info][gc,phases   ] GC(200) Pause Mark Start 0.011ms
[153.438s][info][gc,phases   ] GC(200) Concurrent Mark 13.473ms
[153.439s][info][gc,phases   ] GC(200) Pause Mark End 0.016ms
[153.439s][info][gc,phases   ] GC(200) Concurrent Mark Free 0.001ms
[153.503s][info][gc,phases   ] GC(200) Concurrent Process Non-Strong References 64.163ms
[153.503s][info][gc,phases   ] GC(200) Concurrent Reset Relocation Set 0.007ms
[153.506s][info][gc,phases   ] GC(200) Concurrent Select Relocation Set 3.129ms
[153.506s][info][gc,phases   ] GC(200) Pause Relocate Start 0.009ms
[153.507s][info][gc,phases   ] GC(200) Concurrent Relocate 0.391ms
[153.507s][info][gc,load     ] GC(200) Load: 0.00/0.00/0.00
[153.507s][info][gc,mmu      ] GC(200) MMU: 2ms/94.9%, 5ms/98.0%, 10ms/99.0%, 20ms/99.4%, 50ms/99.8%, 100ms/99.9%
[153.507s][info][gc,marking  ] GC(200) Mark: 1 stripe(s), 2 proactive flush(es), 1 terminate flush(es), 0 completion(s), 0 continuation(s) 
[153.507s][info][gc,marking  ] GC(200) Mark Stack Usage: 32M
[153.507s][info][gc,nmethod  ] GC(200) NMethods: 2286 registered, 582 unregistered
[153.507s][info][gc,metaspace] GC(200) Metaspace: 13M used, 14M committed, 1088M reserved
[153.507s][info][gc,ref      ] GC(200) Soft: 134 encountered, 0 discovered, 0 enqueued
[153.507s][info][gc,ref      ] GC(200) Weak: 721 encountered, 455 discovered, 0 enqueued
[153.507s][info][gc,ref      ] GC(200) Final: 0 encountered, 0 discovered, 0 enqueued
[153.507s][info][gc,ref      ] GC(200) Phantom: 59 encountered, 41 discovered, 0 enqueued
[153.507s][info][gc,reloc    ] GC(200) Small Pages: 798 / 1596M, Empty: 1470M, Relocated: 0M, In-Place: 0
[153.507s][info][gc,reloc    ] GC(200) Medium Pages: 0 / 0M, Empty: 0M, Relocated: 0M, In-Place: 0
[153.507s][info][gc,reloc    ] GC(200) Large Pages: 0 / 0M, Empty: 0M, Relocated: 0M, In-Place: 0
[153.507s][info][gc,reloc    ] GC(200) Forwarding Usage: 0M
[153.507s][info][gc,heap     ] GC(200) Min Capacity: 8M(0%)
[153.507s][info][gc,heap     ] GC(200) Max Capacity: 2048M(100%)
[153.507s][info][gc,heap     ] GC(200) Soft Max Capacity: 2048M(100%)
[153.507s][info][gc,heap     ] GC(200)                Mark Start          Mark End        Relocate Start      Relocate End           High               Low         
[153.507s][info][gc,heap     ] GC(200)  Capacity:     2048M (100%)       2048M (100%)       2048M (100%)       2048M (100%)       2048M (100%)       2048M (100%)   
[153.507s][info][gc,heap     ] GC(200)      Free:      452M (22%)         422M (21%)        1776M (87%)        1888M (92%)        1888M (92%)         312M (15%)    
[153.507s][info][gc,heap     ] GC(200)      Used:     1596M (78%)        1626M (79%)         272M (13%)         160M (8%)         1736M (85%)         160M (8%)     
[153.507s][info][gc,heap     ] GC(200)      Live:         -                 8M (0%)            8M (0%)            8M (0%)             -                  -          
[153.507s][info][gc,heap     ] GC(200) Allocated:         -                30M (1%)          146M (7%)          147M (7%)             -                  -          
[153.507s][info][gc,heap     ] GC(200)   Garbage:         -              1587M (78%)         117M (6%)            3M (0%)             -                  -          
[153.507s][info][gc,heap     ] GC(200) Reclaimed:         -                  -              1470M (72%)        1583M (77%)            -                  -          
[153.507s][info][gc          ] GC(200) Garbage Collection (Allocation Rate) 1596M(78%)->160M(8%)
[154.225s][info][gc,start    ] GC(201) Garbage Collection (Proactive)
[154.225s][info][gc,task     ] GC(201) Using 12 workers
[154.225s][info][gc,phases   ] GC(201) Pause Mark Start 0.013ms
[154.229s][info][gc,phases   ] GC(201) Concurrent Mark 4.120ms
[154.229s][info][gc,phases   ] GC(201) Pause Mark End 0.016ms
[154.229s][info][gc,phases   ] GC(201) Concurrent Mark Free 0.001ms
[154.237s][info][gc,phases   ] GC(201) Concurrent Process Non-Strong References 7.503ms
[154.237s][info][gc,phases   ] GC(201) Concurrent Reset Relocation Set 0.006ms
[154.240s][info][gc,phases   ] GC(201) Concurrent Select Relocation Set 3.157ms
[154.240s][info][gc,phases   ] GC(201) Pause Relocate Start 0.005ms
[154.241s][info][gc,phases   ] GC(201) Concurrent Relocate 0.331ms
[154.241s][info][gc,load     ] GC(201) Load: 0.00/0.00/0.00
[154.241s][info][gc,mmu      ] GC(201) MMU: 2ms/94.9%, 5ms/98.0%, 10ms/99.0%, 20ms/99.4%, 50ms/99.8%, 100ms/99.9%
[154.241s][info][gc,marking  ] GC(201) Mark: 8 stripe(s), 2 proactive flush(es), 1 terminate flush(es), 0 completion(s), 0 continuation(s) 
[154.241s][info][gc,marking  ] GC(201) Mark Stack Usage: 32M
[154.241s][info][gc,nmethod  ] GC(201) NMethods: 2286 registered, 582 unregistered
[154.241s][info][gc,metaspace] GC(201) Metaspace: 13M used, 14M committed, 1088M reserved
[154.241s][info][gc,ref      ] GC(201) Soft: 134 encountered, 0 discovered, 0 enqueued
[154.241s][info][gc,ref      ] GC(201) Weak: 721 encountered, 20 discovered, 0 enqueued
[154.241s][info][gc,ref      ] GC(201) Final: 0 encountered, 0 discovered, 0 enqueued
[154.241s][info][gc,ref      ] GC(201) Phantom: 59 encountered, 34 discovered, 0 enqueued
[154.241s][info][gc,reloc    ] GC(201) Small Pages: 722 / 1444M, Empty: 1330M, Relocated: 0M, In-Place: 0
[154.241s][info][gc,reloc    ] GC(201) Medium Pages: 0 / 0M, Empty: 0M, Relocated: 0M, In-Place: 0
[154.241s][info][gc,reloc    ] GC(201) Large Pages: 0 / 0M, Empty: 0M, Relocated: 0M, In-Place: 0
[154.241s][info][gc,reloc    ] GC(201) Forwarding Usage: 0M
[154.241s][info][gc,heap     ] GC(201) Min Capacity: 8M(0%)
[154.241s][info][gc,heap     ] GC(201) Max Capacity: 2048M(100%)
[154.241s][info][gc,heap     ] GC(201) Soft Max Capacity: 2048M(100%)
[154.241s][info][gc,heap     ] GC(201)                Mark Start          Mark End        Relocate Start      Relocate End           High               Low         
[154.241s][info][gc,heap     ] GC(201)  Capacity:     2048M (100%)       2048M (100%)       2048M (100%)       2048M (100%)       2048M (100%)       2048M (100%)   
[154.241s][info][gc,heap     ] GC(201)      Free:      604M (29%)         590M (29%)        1898M (93%)        1978M (97%)        1978M (97%)         578M (28%)    
[154.241s][info][gc,heap     ] GC(201)      Used:     1444M (71%)        1458M (71%)         150M (7%)           70M (3%)         1470M (72%)          70M (3%)     
[154.241s][info][gc,heap     ] GC(201)      Live:         -                 8M (0%)            8M (0%)            8M (0%)             -                  -          
[154.241s][info][gc,heap     ] GC(201) Allocated:         -                14M (1%)           36M (2%)           35M (2%)             -                  -          
[154.241s][info][gc,heap     ] GC(201)   Garbage:         -              1435M (70%)         105M (5%)           25M (1%)             -                  -          
[154.241s][info][gc,heap     ] GC(201) Reclaimed:         -                  -              1330M (65%)        1409M (69%)            -                  -          
[154.241s][info][gc          ] GC(201) Garbage Collection (Proactive) 1444M(71%)->70M(3%)
[155.025s][info][gc,start    ] GC(202) Garbage Collection (Allocation Rate)
[155.025s][info][gc,task     ] GC(202) Using 1 workers
[155.025s][info][gc,phases   ] GC(202) Pause Mark Start 0.011ms
[155.038s][info][gc,phases   ] GC(202) Concurrent Mark 13.077ms
[155.038s][info][gc,phases   ] GC(202) Pause Mark End 0.015ms
[155.038s][info][gc,phases   ] GC(202) Concurrent Mark Free 0.001ms
[155.241s][info][gc,phases   ] GC(202) Concurrent Process Non-Strong References 202.915ms
[155.241s][info][gc,phases   ] GC(202) Concurrent Reset Relocation Set 0.007ms
[155.246s][info][gc,phases   ] GC(202) Concurrent Select Relocation Set 4.270ms
[155.246s][info][gc,phases   ] GC(202) Pause Relocate Start 0.008ms
[155.246s][info][gc,phases   ] GC(202) Concurrent Relocate 0.624ms
[155.246s][info][gc,load     ] GC(202) Load: 0.00/0.00/0.00
[155.246s][info][gc,mmu      ] GC(202) MMU: 2ms/94.9%, 5ms/98.0%, 10ms/99.0%, 20ms/99.4%, 50ms/99.8%, 100ms/99.9%
[155.247s][info][gc,marking  ] GC(202) Mark: 1 stripe(s), 2 proactive flush(es), 1 terminate flush(es), 0 completion(s), 0 continuation(s) 
[155.247s][info][gc,marking  ] GC(202) Mark Stack Usage: 32M
[155.247s][info][gc,nmethod  ] GC(202) NMethods: 2286 registered, 582 unregistered
[155.247s][info][gc,metaspace] GC(202) Metaspace: 13M used, 14M committed, 1088M reserved
[155.247s][info][gc,ref      ] GC(202) Soft: 134 encountered, 0 discovered, 0 enqueued
[155.247s][info][gc,ref      ] GC(202) Weak: 719 encountered, 455 discovered, 0 enqueued
[155.247s][info][gc,ref      ] GC(202) Final: 0 encountered, 0 discovered, 0 enqueued
[155.247s][info][gc,ref      ] GC(202) Phantom: 59 encountered, 41 discovered, 0 enqueued
[155.247s][info][gc,reloc    ] GC(202) Small Pages: 741 / 1482M, Empty: 1348M, Relocated: 0M, In-Place: 0
[155.247s][info][gc,reloc    ] GC(202) Medium Pages: 0 / 0M, Empty: 0M, Relocated: 0M, In-Place: 0
[155.247s][info][gc,reloc    ] GC(202) Large Pages: 0 / 0M, Empty: 0M, Relocated: 0M, In-Place: 0
[155.247s][info][gc,reloc    ] GC(202) Forwarding Usage: 0M
[155.247s][info][gc,heap     ] GC(202) Min Capacity: 8M(0%)
[155.247s][info][gc,heap     ] GC(202) Max Capacity: 2048M(100%)
[155.247s][info][gc,heap     ] GC(202) Soft Max Capacity: 2048M(100%)
[155.247s][info][gc,heap     ] GC(202)                Mark Start          Mark End        Relocate Start      Relocate End           High               Low         
[155.247s][info][gc,heap     ] GC(202)  Capacity:     2048M (100%)       2048M (100%)       2048M (100%)       2048M (100%)       2048M (100%)       2048M (100%)   
[155.247s][info][gc,heap     ] GC(202)      Free:      566M (28%)         536M (26%)        1504M (73%)        1626M (79%)        1626M (79%)         164M (8%)     
[155.247s][info][gc,heap     ] GC(202)      Used:     1482M (72%)        1512M (74%)         544M (27%)         422M (21%)        1884M (92%)         422M (21%)    
[155.247s][info][gc,heap     ] GC(202)      Live:         -                 8M (0%)            8M (0%)            8M (0%)             -                  -          
[155.247s][info][gc,heap     ] GC(202) Allocated:         -                30M (1%)          410M (20%)         409M (20%)            -                  -          
[155.247s][info][gc,heap     ] GC(202)   Garbage:         -              1473M (72%)         125M (6%)            3M (0%)             -                  -          
[155.247s][info][gc,heap     ] GC(202) Reclaimed:         -                  -              1348M (66%)        1469M (72%)            -                  -          
[155.247s][info][gc          ] GC(202) Garbage Collection (Allocation Rate) 1482M(72%)->422M(21%)
[155.525s][info][gc,start    ] GC(203) Garbage Collection (Allocation Rate)
[155.525s][info][gc,task     ] GC(203) Using 1 workers
[155.525s][info][gc,phases   ] GC(203) Pause Mark Start 0.013ms
[155.538s][info][gc,phases   ] GC(203) Concurrent Mark 12.937ms
[155.538s][info][gc,phases   ] GC(203) Pause Mark End 0.015ms
[155.538s][info][gc,phases   ] GC(203) Concurrent Mark Free 0.001ms
[155.602s][info][gc,phases   ] GC(203) Concurrent Process Non-Strong References 64.007ms
[155.602s][info][gc,phases   ] GC(203) Concurrent Reset Relocation Set 0.008ms
[155.606s][info][gc,phases   ] GC(203) Concurrent Select Relocation Set 3.927ms
[155.607s][info][gc,phases   ] GC(203) Pause Relocate Start 0.007ms
[155.607s][info][gc,phases   ] GC(203) Concurrent Relocate 0.481ms
[155.607s][info][gc,load     ] GC(203) Load: 0.00/0.00/0.00
[155.607s][info][gc,mmu      ] GC(203) MMU: 2ms/94.9%, 5ms/98.0%, 10ms/99.0%, 20ms/99.4%, 50ms/99.8%, 100ms/99.9%
[155.607s][info][gc,marking  ] GC(203) Mark: 1 stripe(s), 2 proactive flush(es), 1 terminate flush(es), 0 completion(s), 0 continuation(s) 
[155.607s][info][gc,marking  ] GC(203) Mark Stack Usage: 32M
[155.607s][info][gc,nmethod  ] GC(203) NMethods: 2286 registered, 582 unregistered
[155.607s][info][gc,metaspace] GC(203) Metaspace: 13M used, 14M committed, 1088M reserved
[155.607s][info][gc,ref      ] GC(203) Soft: 134 encountered, 0 discovered, 0 enqueued
[155.607s][info][gc,ref      ] GC(203) Weak: 713 encountered, 455 discovered, 0 enqueued
[155.607s][info][gc,ref      ] GC(203) Final: 0 encountered, 0 discovered, 0 enqueued
[155.607s][info][gc,ref      ] GC(203) Phantom: 59 encountered, 41 discovered, 0 enqueued
[155.607s][info][gc,reloc    ] GC(203) Small Pages: 460 / 920M, Empty: 838M, Relocated: 0M, In-Place: 0
[155.607s][info][gc,reloc    ] GC(203) Medium Pages: 0 / 0M, Empty: 0M, Relocated: 0M, In-Place: 0
[155.607s][info][gc,reloc    ] GC(203) Large Pages: 0 / 0M, Empty: 0M, Relocated: 0M, In-Place: 0
[155.607s][info][gc,reloc    ] GC(203) Forwarding Usage: 0M
[155.607s][info][gc,heap     ] GC(203) Min Capacity: 8M(0%)
[155.607s][info][gc,heap     ] GC(203) Max Capacity: 2048M(100%)
[155.607s][info][gc,heap     ] GC(203) Soft Max Capacity: 2048M(100%)
[155.607s][info][gc,heap     ] GC(203)                Mark Start          Mark End        Relocate Start      Relocate End           High               Low         
[155.607s][info][gc,heap     ] GC(203)  Capacity:     2048M (100%)       2048M (100%)       2048M (100%)       2048M (100%)       2048M (100%)       2048M (100%)   
[155.608s][info][gc,heap     ] GC(203)      Free:     1128M (55%)        1102M (54%)        1826M (89%)        1894M (92%)        1894M (92%)         996M (49%)    
[155.608s][info][gc,heap     ] GC(203)      Used:      920M (45%)         946M (46%)         222M (11%)         154M (8%)         1052M (51%)         154M (8%)     
[155.608s][info][gc,heap     ] GC(203)      Live:         -                 8M (0%)            8M (0%)            8M (0%)             -                  -          
[155.608s][info][gc,heap     ] GC(203) Allocated:         -                26M (1%)          140M (7%)          141M (7%)             -                  -          
[155.608s][info][gc,heap     ] GC(203)   Garbage:         -               911M (44%)          73M (4%)            3M (0%)             -                  -          
[155.608s][info][gc,heap     ] GC(203) Reclaimed:         -                  -               838M (41%)         907M (44%)            -                  -          
[155.608s][info][gc          ] GC(203) Garbage Collection (Allocation Rate) 920M(45%)->154M(8%)
[156.225s][info][gc,start    ] GC(204) Garbage Collection (Allocation Rate)
[156.225s][info][gc,task     ] GC(204) Using 1 workers
[156.225s][info][gc,phases   ] GC(204) Pause Mark Start 0.011ms
[156.238s][info][gc,phases   ] GC(204) Concurrent Mark 12.727ms
[156.238s][info][gc,phases   ] GC(204) Pause Mark End 0.015ms
[156.238s][info][gc,phases   ] GC(204) Concurrent Mark Free 0.001ms
[156.310s][info][gc,phases   ] GC(204) Concurrent Process Non-Strong References 71.514ms
[156.310s][info][gc,phases   ] GC(204) Concurrent Reset Relocation Set 0.004ms
[156.314s][info][gc,phases   ] GC(204) Concurrent Select Relocation Set 4.198ms
[156.314s][info][gc,phases   ] GC(204) Pause Relocate Start 0.008ms
[156.317s][info][gc,phases   ] GC(204) Concurrent Relocate 2.705ms
[156.317s][info][gc,load     ] GC(204) Load: 0.00/0.00/0.00
[156.317s][info][gc,mmu      ] GC(204) MMU: 2ms/94.9%, 5ms/98.0%, 10ms/99.0%, 20ms/99.4%, 50ms/99.8%, 100ms/99.9%
[156.317s][info][gc,marking  ] GC(204) Mark: 1 stripe(s), 2 proactive flush(es), 1 terminate flush(es), 0 completion(s), 0 continuation(s) 
[156.317s][info][gc,marking  ] GC(204) Mark Stack Usage: 32M
[156.317s][info][gc,nmethod  ] GC(204) NMethods: 2286 registered, 582 unregistered
[156.317s][info][gc,metaspace] GC(204) Metaspace: 13M used, 14M committed, 1088M reserved
[156.317s][info][gc,ref      ] GC(204) Soft: 134 encountered, 0 discovered, 0 enqueued
[156.317s][info][gc,ref      ] GC(204) Weak: 691 encountered, 455 discovered, 0 enqueued
[156.317s][info][gc,ref      ] GC(204) Final: 0 encountered, 0 discovered, 0 enqueued
[156.317s][info][gc,ref      ] GC(204) Phantom: 59 encountered, 41 discovered, 0 enqueued
[156.317s][info][gc,reloc    ] GC(204) Small Pages: 645 / 1290M, Empty: 1188M, Relocated: 3M, In-Place: 0
[156.317s][info][gc,reloc    ] GC(204) Medium Pages: 0 / 0M, Empty: 0M, Relocated: 0M, In-Place: 0
[156.317s][info][gc,reloc    ] GC(204) Large Pages: 0 / 0M, Empty: 0M, Relocated: 0M, In-Place: 0
[156.317s][info][gc,reloc    ] GC(204) Forwarding Usage: 0M
[156.317s][info][gc,heap     ] GC(204) Min Capacity: 8M(0%)
[156.317s][info][gc,heap     ] GC(204) Max Capacity: 2048M(100%)
[156.317s][info][gc,heap     ] GC(204) Soft Max Capacity: 2048M(100%)
[156.317s][info][gc,heap     ] GC(204)                Mark Start          Mark End        Relocate Start      Relocate End           High               Low         
[156.318s][info][gc,heap     ] GC(204)  Capacity:     2048M (100%)       2048M (100%)       2048M (100%)       2048M (100%)       2048M (100%)       2048M (100%)   
[156.318s][info][gc,heap     ] GC(204)      Free:      758M (37%)         730M (36%)        1782M (87%)        1870M (91%)        1872M (91%)         602M (29%)    
[156.318s][info][gc,heap     ] GC(204)      Used:     1290M (63%)        1318M (64%)         266M (13%)         178M (9%)         1446M (71%)         176M (9%)     
[156.318s][info][gc,heap     ] GC(204)      Live:         -                 8M (0%)            8M (0%)            8M (0%)             -                  -          
[156.318s][info][gc,heap     ] GC(204) Allocated:         -                28M (1%)          164M (8%)          166M (8%)             -                  -          
[156.318s][info][gc,heap     ] GC(204)   Garbage:         -              1281M (63%)          93M (5%)            2M (0%)             -                  -          
[156.318s][info][gc,heap     ] GC(204) Reclaimed:         -                  -              1188M (58%)        1278M (62%)            -                  -          
[156.318s][info][gc          ] GC(204) Garbage Collection (Allocation Rate) 1290M(63%)->178M(9%)
[157.025s][info][gc,start    ] GC(205) Garbage Collection (Allocation Rate)
[157.025s][info][gc,task     ] GC(205) Using 1 workers
[157.025s][info][gc,phases   ] GC(205) Pause Mark Start 0.011ms
[157.036s][info][gc,phases   ] GC(205) Concurrent Mark 10.787ms
[157.036s][info][gc,phases   ] GC(205) Pause Mark End 0.013ms
[157.036s][info][gc,phases   ] GC(205) Concurrent Mark Free 0.001ms
[157.097s][info][gc,phases   ] GC(205) Concurrent Process Non-Strong References 60.744ms
[157.097s][info][gc,phases   ] GC(205) Concurrent Reset Relocation Set 0.004ms
[157.101s][info][gc,phases   ] GC(205) Concurrent Select Relocation Set 3.791ms
[157.101s][info][gc,phases   ] GC(205) Pause Relocate Start 0.008ms
[157.101s][info][gc,phases   ] GC(205) Concurrent Relocate 0.524ms
[157.101s][info][gc,load     ] GC(205) Load: 0.00/0.00/0.00
[157.101s][info][gc,mmu      ] GC(205) MMU: 2ms/94.9%, 5ms/98.0%, 10ms/99.0%, 20ms/99.4%, 50ms/99.8%, 100ms/99.9%
[157.102s][info][gc,marking  ] GC(205) Mark: 1 stripe(s), 2 proactive flush(es), 1 terminate flush(es), 0 completion(s), 0 continuation(s) 
[157.102s][info][gc,marking  ] GC(205) Mark Stack Usage: 32M
[157.102s][info][gc,nmethod  ] GC(205) NMethods: 2286 registered, 582 unregistered
[157.102s][info][gc,metaspace] GC(205) Metaspace: 13M used, 14M committed, 1088M reserved
[157.102s][info][gc,ref      ] GC(205) Soft: 134 encountered, 0 discovered, 0 enqueued
[157.102s][info][gc,ref      ] GC(205) Weak: 659 encountered, 453 discovered, 0 enqueued
[157.102s][info][gc,ref      ] GC(205) Final: 0 encountered, 0 discovered, 0 enqueued
[157.102s][info][gc,ref      ] GC(205) Phantom: 59 encountered, 41 discovered, 0 enqueued
[157.102s][info][gc,reloc    ] GC(205) Small Pages: 665 / 1330M, Empty: 1226M, Relocated: 1M, In-Place: 0
[157.102s][info][gc,reloc    ] GC(205) Medium Pages: 0 / 0M, Empty: 0M, Relocated: 0M, In-Place: 0
[157.102s][info][gc,reloc    ] GC(205) Large Pages: 0 / 0M, Empty: 0M, Relocated: 0M, In-Place: 0
[157.102s][info][gc,reloc    ] GC(205) Forwarding Usage: 0M
[157.102s][info][gc,heap     ] GC(205) Min Capacity: 8M(0%)
[157.102s][info][gc,heap     ] GC(205) Max Capacity: 2048M(100%)
[157.102s][info][gc,heap     ] GC(205) Soft Max Capacity: 2048M(100%)
[157.102s][info][gc,heap     ] GC(205)                Mark Start          Mark End        Relocate Start      Relocate End           High               Low         
[157.102s][info][gc,heap     ] GC(205)  Capacity:     2048M (100%)       2048M (100%)       2048M (100%)       2048M (100%)       2048M (100%)       2048M (100%)   
[157.102s][info][gc,heap     ] GC(205)      Free:      718M (35%)         692M (34%)        1774M (87%)        1866M (91%)        1866M (91%)         556M (27%)    
[157.102s][info][gc,heap     ] GC(205)      Used:     1330M (65%)        1356M (66%)         274M (13%)         182M (9%)         1492M (73%)         182M (9%)     
[157.102s][info][gc,heap     ] GC(205)      Live:         -                 7M (0%)            7M (0%)            7M (0%)             -                  -          
[157.102s][info][gc,heap     ] GC(205) Allocated:         -                26M (1%)          170M (8%)          171M (8%)             -                  -          
[157.102s][info][gc,heap     ] GC(205)   Garbage:         -              1322M (65%)          96M (5%)            2M (0%)             -                  -          
[157.102s][info][gc,heap     ] GC(205) Reclaimed:         -                  -              1226M (60%)        1319M (64%)            -                  -          
[157.102s][info][gc          ] GC(205) Garbage Collection (Allocation Rate) 1330M(65%)->182M(9%)
[157.593s][info][gc,start    ] GC(206) Garbage Collection (System.gc())
[157.593s][info][gc,task     ] GC(206) Using 12 workers
[157.593s][info][gc,phases   ] GC(206) Pause Mark Start 0.014ms
[157.606s][info][gc,phases   ] GC(206) Concurrent Mark 13.379ms
[157.606s][info][gc,phases   ] GC(206) Pause Mark End 0.015ms
[157.606s][info][gc,phases   ] GC(206) Concurrent Mark Free 0.001ms
[157.618s][info][gc,phases   ] GC(206) Concurrent Process Non-Strong References 11.185ms
[157.618s][info][gc,phases   ] GC(206) Concurrent Reset Relocation Set 0.005ms
[157.622s][info][gc,phases   ] GC(206) Concurrent Select Relocation Set 3.970ms
[157.622s][info][gc,phases   ] GC(206) Pause Relocate Start 0.007ms
[157.624s][info][gc,phases   ] GC(206) Concurrent Relocate 2.259ms
[157.624s][info][gc,load     ] GC(206) Load: 0.00/0.00/0.00
[157.624s][info][gc,mmu      ] GC(206) MMU: 2ms/94.9%, 5ms/98.0%, 10ms/99.0%, 20ms/99.4%, 50ms/99.8%, 100ms/99.9%
[157.624s][info][gc,marking  ] GC(206) Mark: 8 stripe(s), 2 proactive flush(es), 1 terminate flush(es), 0 completion(s), 0 continuation(s) 
[157.624s][info][gc,marking  ] GC(206) Mark Stack Usage: 32M
[157.624s][info][gc,nmethod  ] GC(206) NMethods: 2292 registered, 0 unregistered
[157.624s][info][gc,metaspace] GC(206) Metaspace: 13M used, 14M committed, 1088M reserved
[157.624s][info][gc,ref      ] GC(206) Soft: 134 encountered, 0 discovered, 0 enqueued
[157.624s][info][gc,ref      ] GC(206) Weak: 621 encountered, 209 discovered, 0 enqueued
[157.624s][info][gc,ref      ] GC(206) Final: 0 encountered, 0 discovered, 0 enqueued
[157.624s][info][gc,ref      ] GC(206) Phantom: 59 encountered, 42 discovered, 0 enqueued
[157.624s][info][gc,reloc    ] GC(206) Small Pages: 427 / 854M, Empty: 830M, Relocated: 3M, In-Place: 0
[157.624s][info][gc,reloc    ] GC(206) Medium Pages: 0 / 0M, Empty: 0M, Relocated: 0M, In-Place: 0
[157.624s][info][gc,reloc    ] GC(206) Large Pages: 0 / 0M, Empty: 0M, Relocated: 0M, In-Place: 0
[157.624s][info][gc,reloc    ] GC(206) Forwarding Usage: 0M
[157.625s][info][gc,heap     ] GC(206) Min Capacity: 8M(0%)
[157.625s][info][gc,heap     ] GC(206) Max Capacity: 2048M(100%)
[157.625s][info][gc,heap     ] GC(206) Soft Max Capacity: 2048M(100%)
[157.625s][info][gc,heap     ] GC(206)                Mark Start          Mark End        Relocate Start      Relocate End           High               Low         
[157.625s][info][gc,heap     ] GC(206)  Capacity:     2048M (100%)       2048M (100%)       2048M (100%)       2048M (100%)       2048M (100%)       2048M (100%)   
[157.625s][info][gc,heap     ] GC(206)      Free:     1194M (58%)        1194M (58%)        2024M (99%)        2024M (99%)        2024M (99%)        1194M (58%)    
[157.625s][info][gc,heap     ] GC(206)      Used:      854M (42%)         854M (42%)          24M (1%)           24M (1%)          854M (42%)          24M (1%)     
[157.625s][info][gc,heap     ] GC(206)      Live:         -                 4M (0%)            4M (0%)            4M (0%)             -                  -          
[157.625s][info][gc,heap     ] GC(206) Allocated:         -                 0M (0%)            0M (0%)            0M (0%)             -                  -          
[157.625s][info][gc,heap     ] GC(206)   Garbage:         -               849M (41%)          19M (1%)           19M (1%)             -                  -          
[157.625s][info][gc,heap     ] GC(206) Reclaimed:         -                  -               830M (41%)         830M (41%)            -                  -          
[157.625s][info][gc          ] GC(206) Garbage Collection (System.gc()) 854M(42%)->24M(1%)
[158.225s][info][gc,start    ] GC(207) Garbage Collection (Allocation Rate)
[158.226s][info][gc,task     ] GC(207) Using 2 workers
[158.226s][info][gc,phases   ] GC(207) Pause Mark Start 0.011ms
[158.237s][info][gc,phases   ] GC(207) Concurrent Mark 11.666ms
[158.238s][info][gc,phases   ] GC(207) Pause Mark End 0.015ms
[158.238s][info][gc,phases   ] GC(207) Concurrent Mark Free 0.001ms
[158.279s][info][gc,phases   ] GC(207) Concurrent Process Non-Strong References 41.011ms
[158.279s][info][gc,phases   ] GC(207) Concurrent Reset Relocation Set 0.004ms
[158.282s][info][gc,phases   ] GC(207) Concurrent Select Relocation Set 3.348ms
[158.282s][info][gc,phases   ] GC(207) Pause Relocate Start 0.008ms
[158.283s][info][gc,phases   ] GC(207) Concurrent Relocate 1.138ms
[158.284s][info][gc,load     ] GC(207) Load: 0.00/0.00/0.00
[158.284s][info][gc,mmu      ] GC(207) MMU: 2ms/94.9%, 5ms/98.0%, 10ms/99.0%, 20ms/99.4%, 50ms/99.8%, 100ms/99.9%
[158.284s][info][gc,marking  ] GC(207) Mark: 2 stripe(s), 2 proactive flush(es), 1 terminate flush(es), 0 completion(s), 0 continuation(s) 
[158.284s][info][gc,marking  ] GC(207) Mark Stack Usage: 32M
[158.284s][info][gc,nmethod  ] GC(207) NMethods: 2294 registered, 1 unregistered
[158.284s][info][gc,metaspace] GC(207) Metaspace: 13M used, 14M committed, 1088M reserved
[158.284s][info][gc,ref      ] GC(207) Soft: 134 encountered, 0 discovered, 0 enqueued
[158.284s][info][gc,ref      ] GC(207) Weak: 717 encountered, 25 discovered, 0 enqueued
[158.284s][info][gc,ref      ] GC(207) Final: 0 encountered, 0 discovered, 0 enqueued
[158.284s][info][gc,ref      ] GC(207) Phantom: 59 encountered, 35 discovered, 0 enqueued
[158.284s][info][gc,reloc    ] GC(207) Small Pages: 617 / 1234M, Empty: 1126M, Relocated: 2M, In-Place: 0
[158.284s][info][gc,reloc    ] GC(207) Medium Pages: 0 / 0M, Empty: 0M, Relocated: 0M, In-Place: 0
[158.284s][info][gc,reloc    ] GC(207) Large Pages: 0 / 0M, Empty: 0M, Relocated: 0M, In-Place: 0
[158.284s][info][gc,reloc    ] GC(207) Forwarding Usage: 0M
[158.284s][info][gc,heap     ] GC(207) Min Capacity: 8M(0%)
[158.284s][info][gc,heap     ] GC(207) Max Capacity: 2048M(100%)
[158.284s][info][gc,heap     ] GC(207) Soft Max Capacity: 2048M(100%)
[158.284s][info][gc,heap     ] GC(207)                Mark Start          Mark End        Relocate Start      Relocate End           High               Low         
[158.284s][info][gc,heap     ] GC(207)  Capacity:     2048M (100%)       2048M (100%)       2048M (100%)       2048M (100%)       2048M (100%)       2048M (100%)   
[158.284s][info][gc,heap     ] GC(207)      Free:      814M (40%)         788M (38%)        1826M (89%)        1920M (94%)        1920M (94%)         706M (34%)    
[158.284s][info][gc,heap     ] GC(207)      Used:     1234M (60%)        1260M (62%)         222M (11%)         128M (6%)         1342M (66%)         128M (6%)     
[158.284s][info][gc,heap     ] GC(207)      Live:         -                 7M (0%)            7M (0%)            7M (0%)             -                  -          
[158.284s][info][gc,heap     ] GC(207) Allocated:         -                26M (1%)          114M (6%)          116M (6%)             -                  -          
[158.284s][info][gc,heap     ] GC(207)   Garbage:         -              1226M (60%)         100M (5%)            4M (0%)             -                  -          
[158.284s][info][gc,heap     ] GC(207) Reclaimed:         -                  -              1126M (55%)        1222M (60%)            -                  -          
[158.284s][info][gc          ] GC(207) Garbage Collection (Allocation Rate) 1234M(60%)->128M(6%)
[158.925s][info][gc,start    ] GC(208) Garbage Collection (Allocation Rate)
[158.925s][info][gc,task     ] GC(208) Using 2 workers
[158.925s][info][gc,phases   ] GC(208) Pause Mark Start 0.011ms
[158.933s][info][gc,phases   ] GC(208) Concurrent Mark 8.302ms
[158.933s][info][gc,phases   ] GC(208) Pause Mark End 0.014ms
[158.933s][info][gc,phases   ] GC(208) Concurrent Mark Free 0.001ms
[158.968s][info][gc,phases   ] GC(208) Concurrent Process Non-Strong References 34.863ms
[158.968s][info][gc,phases   ] GC(208) Concurrent Reset Relocation Set 0.007ms
[158.972s][info][gc,phases   ] GC(208) Concurrent Select Relocation Set 3.343ms
[158.972s][info][gc,phases   ] GC(208) Pause Relocate Start 0.007ms
[158.973s][info][gc,phases   ] GC(208) Concurrent Relocate 1.352ms
[158.973s][info][gc,load     ] GC(208) Load: 0.00/0.00/0.00
[158.973s][info][gc,mmu      ] GC(208) MMU: 2ms/94.9%, 5ms/98.0%, 10ms/99.0%, 20ms/99.4%, 50ms/99.8%, 100ms/99.9%
[158.973s][info][gc,marking  ] GC(208) Mark: 2 stripe(s), 2 proactive flush(es), 1 terminate flush(es), 0 completion(s), 0 continuation(s) 
[158.973s][info][gc,marking  ] GC(208) Mark Stack Usage: 32M
[158.973s][info][gc,nmethod  ] GC(208) NMethods: 2294 registered, 1 unregistered
[158.974s][info][gc,metaspace] GC(208) Metaspace: 13M used, 14M committed, 1088M reserved
[158.974s][info][gc,ref      ] GC(208) Soft: 134 encountered, 0 discovered, 0 enqueued
[158.974s][info][gc,ref      ] GC(208) Weak: 717 encountered, 9 discovered, 0 enqueued
[158.974s][info][gc,ref      ] GC(208) Final: 0 encountered, 0 discovered, 0 enqueued
[158.974s][info][gc,ref      ] GC(208) Phantom: 59 encountered, 34 discovered, 0 enqueued
[158.974s][info][gc,reloc    ] GC(208) Small Pages: 611 / 1222M, Empty: 1122M, Relocated: 3M, In-Place: 0
[158.974s][info][gc,reloc    ] GC(208) Medium Pages: 0 / 0M, Empty: 0M, Relocated: 0M, In-Place: 0
[158.974s][info][gc,reloc    ] GC(208) Large Pages: 0 / 0M, Empty: 0M, Relocated: 0M, In-Place: 0
[158.974s][info][gc,reloc    ] GC(208) Forwarding Usage: 0M
[158.974s][info][gc,heap     ] GC(208) Min Capacity: 8M(0%)
[158.974s][info][gc,heap     ] GC(208) Max Capacity: 2048M(100%)
[158.974s][info][gc,heap     ] GC(208) Soft Max Capacity: 2048M(100%)
[158.974s][info][gc,heap     ] GC(208)                Mark Start          Mark End        Relocate Start      Relocate End           High               Low         
[158.974s][info][gc,heap     ] GC(208)  Capacity:     2048M (100%)       2048M (100%)       2048M (100%)       2048M (100%)       2048M (100%)       2048M (100%)   
[158.974s][info][gc,heap     ] GC(208)      Free:      826M (40%)         804M (39%)        1864M (91%)        1950M (95%)        1950M (95%)         746M (36%)    
[158.974s][info][gc,heap     ] GC(208)      Used:     1222M (60%)        1244M (61%)         184M (9%)           98M (5%)         1302M (64%)          98M (5%)     
[158.974s][info][gc,heap     ] GC(208)      Live:         -                 7M (0%)            7M (0%)            7M (0%)             -                  -          
[158.974s][info][gc,heap     ] GC(208) Allocated:         -                22M (1%)           84M (4%)           86M (4%)             -                  -          
[158.974s][info][gc,heap     ] GC(208)   Garbage:         -              1214M (59%)          92M (5%)            4M (0%)             -                  -          
[158.974s][info][gc,heap     ] GC(208) Reclaimed:         -                  -              1122M (55%)        1210M (59%)            -                  -          
[158.974s][info][gc          ] GC(208) Garbage Collection (Allocation Rate) 1222M(60%)->98M(5%)
[159.525s][info][gc,start    ] GC(209) Garbage Collection (Allocation Rate)
[159.525s][info][gc,task     ] GC(209) Using 1 workers
[159.525s][info][gc,phases   ] GC(209) Pause Mark Start 0.011ms
[159.540s][info][gc,phases   ] GC(209) Concurrent Mark 15.302ms
[159.541s][info][gc,phases   ] GC(209) Pause Mark End 0.015ms
[159.541s][info][gc,phases   ] GC(209) Concurrent Mark Free 0.001ms
[159.612s][info][gc,phases   ] GC(209) Concurrent Process Non-Strong References 71.255ms
[159.612s][info][gc,phases   ] GC(209) Concurrent Reset Relocation Set 0.008ms
[159.617s][info][gc,phases   ] GC(209) Concurrent Select Relocation Set 4.713ms
[159.617s][info][gc,phases   ] GC(209) Pause Relocate Start 0.008ms
[159.619s][info][gc,phases   ] GC(209) Concurrent Relocate 1.746ms
[159.619s][info][gc,load     ] GC(209) Load: 0.00/0.00/0.00
[159.619s][info][gc,mmu      ] GC(209) MMU: 2ms/94.9%, 5ms/98.0%, 10ms/99.0%, 20ms/99.4%, 50ms/99.8%, 100ms/99.9%
[159.619s][info][gc,marking  ] GC(209) Mark: 1 stripe(s), 2 proactive flush(es), 1 terminate flush(es), 0 completion(s), 0 continuation(s) 
[159.619s][info][gc,marking  ] GC(209) Mark Stack Usage: 32M
[159.619s][info][gc,nmethod  ] GC(209) NMethods: 2294 registered, 1 unregistered
[159.619s][info][gc,metaspace] GC(209) Metaspace: 13M used, 14M committed, 1088M reserved
[159.619s][info][gc,ref      ] GC(209) Soft: 134 encountered, 0 discovered, 0 enqueued
[159.619s][info][gc,ref      ] GC(209) Weak: 717 encountered, 453 discovered, 0 enqueued
[159.619s][info][gc,ref      ] GC(209) Final: 0 encountered, 0 discovered, 0 enqueued
[159.619s][info][gc,ref      ] GC(209) Phantom: 59 encountered, 41 discovered, 0 enqueued
[159.619s][info][gc,reloc    ] GC(209) Small Pages: 578 / 1156M, Empty: 1062M, Relocated: 3M, In-Place: 0
[159.619s][info][gc,reloc    ] GC(209) Medium Pages: 0 / 0M, Empty: 0M, Relocated: 0M, In-Place: 0
[159.619s][info][gc,reloc    ] GC(209) Large Pages: 0 / 0M, Empty: 0M, Relocated: 0M, In-Place: 0
[159.619s][info][gc,reloc    ] GC(209) Forwarding Usage: 0M
[159.619s][info][gc,heap     ] GC(209) Min Capacity: 8M(0%)
[159.619s][info][gc,heap     ] GC(209) Max Capacity: 2048M(100%)
[159.619s][info][gc,heap     ] GC(209) Soft Max Capacity: 2048M(100%)
[159.619s][info][gc,heap     ] GC(209)                Mark Start          Mark End        Relocate Start      Relocate End           High               Low         
[159.619s][info][gc,heap     ] GC(209)  Capacity:     2048M (100%)       2048M (100%)       2048M (100%)       2048M (100%)       2048M (100%)       2048M (100%)   
[159.619s][info][gc,heap     ] GC(209)      Free:      892M (44%)         856M (42%)        1770M (86%)        1850M (90%)        1850M (90%)         716M (35%)    
[159.619s][info][gc,heap     ] GC(209)      Used:     1156M (56%)        1192M (58%)         278M (14%)         198M (10%)        1332M (65%)         198M (10%)    
[159.619s][info][gc,heap     ] GC(209)      Live:         -                 7M (0%)            7M (0%)            7M (0%)             -                  -          
[159.619s][info][gc,heap     ] GC(209) Allocated:         -                36M (2%)          184M (9%)          188M (9%)             -                  -          
[159.619s][info][gc,heap     ] GC(209)   Garbage:         -              1148M (56%)          86M (4%)            2M (0%)             -                  -          
[159.619s][info][gc,heap     ] GC(209) Reclaimed:         -                  -              1062M (52%)        1146M (56%)            -                  -          
[159.619s][info][gc          ] GC(209) Garbage Collection (Allocation Rate) 1156M(56%)->198M(10%)
[160.125s][info][gc,start    ] GC(210) Garbage Collection (Allocation Rate)
[160.125s][info][gc,task     ] GC(210) Using 1 workers
[160.125s][info][gc,phases   ] GC(210) Pause Mark Start 0.012ms
[160.126s][info][gc,stats    ] === Garbage Collection Statistics =======================================================================================================================
[160.126s][info][gc,stats    ]                                                              Last 10s              Last 10m              Last 10h                Total
[160.126s][info][gc,stats    ]                                                              Avg / Max             Avg / Max             Avg / Max             Avg / Max
[160.126s][info][gc,stats    ]   Collector: Garbage Collection Cycle                     81.733 / 221.858      69.538 / 273.863      69.538 / 273.863      69.538 / 273.863     ms
[160.126s][info][gc,stats    ]  Contention: Mark Segment Reset Contention                     0 / 4                 0 / 11                0 / 11                0 / 11          ops/s
[160.126s][info][gc,stats    ]  Contention: Mark SeqNum Reset Contention                      0 / 0                 0 / 2                 0 / 2                 0 / 2           ops/s
[160.126s][info][gc,stats    ]    Critical: Allocation Stall                                  0 / 0                 0 / 43                0 / 43                0 / 43          ops/s
[160.126s][info][gc,stats    ]    Critical: Allocation Stall                              0.000 / 0.000        29.268 / 55.638       29.268 / 55.638       29.268 / 55.638      ms
[160.126s][info][gc,stats    ]    Critical: GC Locker Stall                                   0 / 0                 0 / 0                 0 / 0                 0 / 0           ops/s
[160.126s][info][gc,stats    ]    Critical: GC Locker Stall                               0.000 / 0.000         0.000 / 0.000         0.000 / 0.000         0.000 / 0.000       ms
[160.126s][info][gc,stats    ]    Critical: Relocation Stall                                  0 / 0                 0 / 0                 0 / 0                 0 / 0           ops/s
[160.126s][info][gc,stats    ]    Critical: Relocation Stall                              0.000 / 0.000         0.000 / 0.000         0.000 / 0.000         0.000 / 0.000       ms
[160.126s][info][gc,stats    ]      Memory: Allocation Rate                                1927 / 2202           1883 / 2242           1883 / 2242           1883 / 2242        MB/s
[160.126s][info][gc,stats    ]      Memory: Defragment                                        0 / 0                 0 / 0                 0 / 0                 0 / 0           ops/s
[160.126s][info][gc,stats    ]      Memory: Out Of Memory                                     0 / 0                 0 / 0                 0 / 0                 0 / 0           ops/s
[160.126s][info][gc,stats    ]      Memory: Page Cache Flush                                  0 / 0                 0 / 0                 0 / 0                 0 / 0           MB/s
[160.126s][info][gc,stats    ]      Memory: Page Cache Hit L1                               967 / 1102            939 / 1124            939 / 1124            939 / 1124        ops/s
[160.126s][info][gc,stats    ]      Memory: Page Cache Hit L2                                 0 / 0                 0 / 0                 0 / 0                 0 / 0           ops/s
[160.126s][info][gc,stats    ]      Memory: Page Cache Hit L3                                 0 / 0                 6 / 449               6 / 449               6 / 449         ops/s
[160.126s][info][gc,stats    ]      Memory: Page Cache Miss                                   0 / 0                 0 / 1                 0 / 1                 0 / 1           ops/s
[160.126s][info][gc,stats    ]      Memory: Uncommit                                          0 / 0                 0 / 0                 0 / 0                 0 / 0           MB/s
[160.126s][info][gc,stats    ]      Memory: Undo Object Allocation Failed                    18 / 86               24 / 141              24 / 141              24 / 141         ops/s
[160.127s][info][gc,stats    ]      Memory: Undo Object Allocation Succeeded                  1 / 10                2 / 21                2 / 21                2 / 21          ops/s
[160.127s][info][gc,stats    ]      Memory: Undo Page Allocation                             68 / 118              67 / 221              67 / 221              67 / 221         ops/s
[160.127s][info][gc,stats    ]       Phase: Concurrent Mark                              12.073 / 15.650       15.415 / 212.397      15.415 / 212.397      15.415 / 212.397     ms
[160.127s][info][gc,stats    ]       Phase: Concurrent Mark Continue                      0.000 / 0.000         0.000 / 0.000         0.000 / 0.000         0.000 / 0.000       ms
[160.127s][info][gc,stats    ]       Phase: Concurrent Mark Free                          0.001 / 0.001         0.001 / 0.002         0.001 / 0.002         0.001 / 0.002       ms
[160.127s][info][gc,stats    ]       Phase: Concurrent Process Non-Strong References     63.849 / 202.915      41.680 / 242.741      41.680 / 242.741      41.680 / 242.741     ms
[160.127s][info][gc,stats    ]       Phase: Concurrent Relocate                           0.966 / 2.705         1.499 / 5.770         1.499 / 5.770         1.499 / 5.770       ms
[160.127s][info][gc,stats    ]       Phase: Concurrent Reset Relocation Set               0.006 / 0.009         0.006 / 0.011         0.006 / 0.011         0.006 / 0.011       ms
[160.127s][info][gc,stats    ]       Phase: Concurrent Select Relocation Set              3.887 / 4.713         4.473 / 14.014        4.473 / 14.014        4.473 / 14.014      ms
[160.127s][info][gc,stats    ]       Phase: Pause Mark End                                0.015 / 0.016         0.017 / 0.102         0.017 / 0.102         0.017 / 0.102       ms
[160.127s][info][gc,stats    ]       Phase: Pause Mark Start                              0.011 / 0.014         0.012 / 0.049         0.012 / 0.049         0.012 / 0.049       ms
[160.127s][info][gc,stats    ]       Phase: Pause Relocate Start                          0.008 / 0.009         0.007 / 0.020         0.007 / 0.020         0.007 / 0.020       ms
[160.127s][info][gc,stats    ]    Subphase: Concurrent Classes Purge                      0.006 / 0.017         0.033 / 3.094         0.033 / 3.094         0.033 / 3.094       ms
[160.127s][info][gc,stats    ]    Subphase: Concurrent Classes Unlink                     3.975 / 5.717         4.024 / 10.160        4.024 / 10.160        4.024 / 10.160      ms
[160.127s][info][gc,stats    ]    Subphase: Concurrent Mark                               8.849 / 14.716        9.857 / 211.109       9.857 / 211.109       9.857 / 211.109     ms
[160.127s][info][gc,stats    ]    Subphase: Concurrent Mark Try Flush                     0.093 / 0.214         0.428 / 193.285       0.428 / 193.285       0.428 / 193.285     ms
[160.127s][info][gc,stats    ]    Subphase: Concurrent Mark Try Terminate                 2.823 / 11.713        2.309 / 16.632        2.309 / 16.632        2.309 / 16.632      ms
[160.127s][info][gc,stats    ]    Subphase: Concurrent References Enqueue                 0.001 / 0.001         0.001 / 0.006         0.001 / 0.006         0.001 / 0.006       ms
[160.127s][info][gc,stats    ]    Subphase: Concurrent References Process                 0.101 / 0.191         0.103 / 0.200         0.103 / 0.200         0.103 / 0.200       ms
[160.127s][info][gc,stats    ]    Subphase: Concurrent Roots ClassLoaderDataGraph         0.099 / 0.452         0.111 / 1.252         0.111 / 1.252         0.111 / 1.252       ms
[160.127s][info][gc,stats    ]    Subphase: Concurrent Roots CodeCache                    0.000 / 0.000         0.000 / 0.000         0.000 / 0.000         0.000 / 0.000       ms
[160.127s][info][gc,stats    ]    Subphase: Concurrent Roots JavaThreads                  0.254 / 0.678         0.320 / 1.791         0.320 / 1.791         0.320 / 1.791       ms
[160.127s][info][gc,stats    ]    Subphase: Concurrent Roots OopStorageSet                0.036 / 0.096         0.050 / 0.778         0.050 / 0.778         0.050 / 0.778       ms
[160.127s][info][gc,stats    ]    Subphase: Concurrent Weak Roots OopStorageSet          24.473 / 69.175       15.351 / 69.175       15.351 / 69.175       15.351 / 69.175      ms
[160.127s][info][gc,stats    ]    Subphase: Pause Mark Try Complete                       0.000 / 0.000         0.002 / 0.006         0.002 / 0.006         0.002 / 0.006       ms
[160.127s][info][gc,stats    ]      System: Java Threads                                     52 / 60               55 / 73               55 / 73               55 / 73          threads
[160.127s][info][gc,stats    ] =========================================================================================================================================================
[160.140s][info][gc,phases   ] GC(210) Concurrent Mark 14.924ms
[160.140s][info][gc,phases   ] GC(210) Pause Mark End 0.015ms
[160.141s][info][gc,phases   ] GC(210) Concurrent Mark Free 0.001ms
[160.215s][info][gc,phases   ] GC(210) Concurrent Process Non-Strong References 73.997ms
[160.215s][info][gc,phases   ] GC(210) Concurrent Reset Relocation Set 0.006ms
[160.219s][info][gc,phases   ] GC(210) Concurrent Select Relocation Set 4.160ms
[160.219s][info][gc,phases   ] GC(210) Pause Relocate Start 0.008ms
[160.220s][info][gc,phases   ] GC(210) Concurrent Relocate 0.470ms
[160.220s][info][gc,load     ] GC(210) Load: 0.00/0.00/0.00
[160.220s][info][gc,mmu      ] GC(210) MMU: 2ms/94.9%, 5ms/98.0%, 10ms/99.0%, 20ms/99.4%, 50ms/99.8%, 100ms/99.9%
[160.220s][info][gc,marking  ] GC(210) Mark: 1 stripe(s), 2 proactive flush(es), 1 terminate flush(es), 0 completion(s), 0 continuation(s) 
[160.220s][info][gc,marking  ] GC(210) Mark Stack Usage: 32M
[160.220s][info][gc,nmethod  ] GC(210) NMethods: 2294 registered, 1 unregistered
[160.220s][info][gc,metaspace] GC(210) Metaspace: 13M used, 14M committed, 1088M reserved
[160.220s][info][gc,ref      ] GC(210) Soft: 134 encountered, 0 discovered, 0 enqueued
[160.220s][info][gc,ref      ] GC(210) Weak: 717 encountered, 453 discovered, 0 enqueued
[160.220s][info][gc,ref      ] GC(210) Final: 0 encountered, 0 discovered, 0 enqueued
[160.220s][info][gc,ref      ] GC(210) Phantom: 59 encountered, 41 discovered, 0 enqueued
[160.220s][info][gc,reloc    ] GC(210) Small Pages: 609 / 1218M, Empty: 1126M, Relocated: 1M, In-Place: 0
[160.220s][info][gc,reloc    ] GC(210) Medium Pages: 0 / 0M, Empty: 0M, Relocated: 0M, In-Place: 0
[160.220s][info][gc,reloc    ] GC(210) Large Pages: 0 / 0M, Empty: 0M, Relocated: 0M, In-Place: 0
[160.220s][info][gc,reloc    ] GC(210) Forwarding Usage: 0M
[160.220s][info][gc,heap     ] GC(210) Min Capacity: 8M(0%)
[160.220s][info][gc,heap     ] GC(210) Max Capacity: 2048M(100%)
[160.220s][info][gc,heap     ] GC(210) Soft Max Capacity: 2048M(100%)
[160.220s][info][gc,heap     ] GC(210)                Mark Start          Mark End        Relocate Start      Relocate End           High               Low         
[160.220s][info][gc,heap     ] GC(210)  Capacity:     2048M (100%)       2048M (100%)       2048M (100%)       2048M (100%)       2048M (100%)       2048M (100%)   
[160.220s][info][gc,heap     ] GC(210)      Free:      830M (41%)         792M (39%)        1760M (86%)        1840M (90%)        1840M (90%)         642M (31%)    
[160.220s][info][gc,heap     ] GC(210)      Used:     1218M (59%)        1256M (61%)         288M (14%)         208M (10%)        1406M (69%)         208M (10%)    
[160.220s][info][gc,heap     ] GC(210)      Live:         -                 7M (0%)            7M (0%)            7M (0%)             -                  -          
[160.220s][info][gc,heap     ] GC(210) Allocated:         -                38M (2%)          196M (10%)         196M (10%)            -                  -          
[160.220s][info][gc,heap     ] GC(210)   Garbage:         -              1210M (59%)          84M (4%)            4M (0%)             -                  -          
[160.220s][info][gc,heap     ] GC(210) Reclaimed:         -                  -              1126M (55%)        1206M (59%)            -                  -          
[160.220s][info][gc          ] GC(210) Garbage Collection (Allocation Rate) 1218M(59%)->208M(10%)
[160.924s][info][gc,start    ] GC(211) Garbage Collection (Allocation Rate)
[160.924s][info][gc,task     ] GC(211) Using 1 workers
[161.067s][info][gc,phases   ] GC(211) Pause Mark Start 0.015ms
[161.092s][info][gc,phases   ] GC(211) Concurrent Mark 24.713ms
[161.092s][info][gc,phases   ] GC(211) Pause Mark End 0.017ms
[161.092s][info][gc,phases   ] GC(211) Concurrent Mark Free 0.002ms
[161.166s][info][gc,phases   ] GC(211) Concurrent Process Non-Strong References 73.310ms
[161.166s][info][gc,phases   ] GC(211) Concurrent Reset Relocation Set 0.005ms
[161.170s][info][gc,phases   ] GC(211) Concurrent Select Relocation Set 4.272ms
[161.170s][info][gc,phases   ] GC(211) Pause Relocate Start 0.007ms
[161.172s][info][gc,phases   ] GC(211) Concurrent Relocate 2.018ms
[161.172s][info][gc,load     ] GC(211) Load: 0.00/0.00/0.00
[161.172s][info][gc,mmu      ] GC(211) MMU: 2ms/94.9%, 5ms/98.0%, 10ms/99.0%, 20ms/99.4%, 50ms/99.8%, 100ms/99.9%
[161.172s][info][gc,marking  ] GC(211) Mark: 1 stripe(s), 2 proactive flush(es), 1 terminate flush(es), 0 completion(s), 0 continuation(s) 
[161.172s][info][gc,marking  ] GC(211) Mark Stack Usage: 32M
[161.172s][info][gc,nmethod  ] GC(211) NMethods: 2294 registered, 1 unregistered
[161.172s][info][gc,metaspace] GC(211) Metaspace: 13M used, 14M committed, 1088M reserved
[161.172s][info][gc,ref      ] GC(211) Soft: 134 encountered, 0 discovered, 0 enqueued
[161.172s][info][gc,ref      ] GC(211) Weak: 717 encountered, 453 discovered, 0 enqueued
[161.173s][info][gc,ref      ] GC(211) Final: 0 encountered, 0 discovered, 0 enqueued
[161.173s][info][gc,ref      ] GC(211) Phantom: 59 encountered, 41 discovered, 0 enqueued
[161.173s][info][gc,reloc    ] GC(211) Small Pages: 729 / 1458M, Empty: 1344M, Relocated: 3M, In-Place: 0
[161.173s][info][gc,reloc    ] GC(211) Medium Pages: 0 / 0M, Empty: 0M, Relocated: 0M, In-Place: 0
[161.173s][info][gc,reloc    ] GC(211) Large Pages: 0 / 0M, Empty: 0M, Relocated: 0M, In-Place: 0
[161.173s][info][gc,reloc    ] GC(211) Forwarding Usage: 0M
[161.173s][info][gc,heap     ] GC(211) Min Capacity: 8M(0%)
[161.173s][info][gc,heap     ] GC(211) Max Capacity: 2048M(100%)
[161.173s][info][gc,heap     ] GC(211) Soft Max Capacity: 2048M(100%)
[161.173s][info][gc,heap     ] GC(211)                Mark Start          Mark End        Relocate Start      Relocate End           High               Low         
[161.173s][info][gc,heap     ] GC(211)  Capacity:     2048M (100%)       2048M (100%)       2048M (100%)       2048M (100%)       2048M (100%)       2048M (100%)   
[161.173s][info][gc,heap     ] GC(211)      Free:      590M (29%)         548M (27%)        1760M (86%)        1862M (91%)        1862M (91%)         424M (21%)    
[161.173s][info][gc,heap     ] GC(211)      Used:     1458M (71%)        1500M (73%)         288M (14%)         186M (9%)         1624M (79%)         186M (9%)     
[161.173s][info][gc,heap     ] GC(211)      Live:         -                 7M (0%)            7M (0%)            7M (0%)             -                  -          
[161.173s][info][gc,heap     ] GC(211) Allocated:         -                42M (2%)          174M (8%)          176M (9%)             -                  -          
[161.173s][info][gc,heap     ] GC(211)   Garbage:         -              1450M (71%)         106M (5%)            1M (0%)             -                  -          
[161.173s][info][gc,heap     ] GC(211) Reclaimed:         -                  -              1344M (66%)        1448M (71%)            -                  -          
[161.173s][info][gc          ] GC(211) Garbage Collection (Allocation Rate) 1458M(71%)->186M(9%)
[161.326s][info][gc,start    ] GC(212) Garbage Collection (Allocation Rate)
[161.326s][info][gc,task     ] GC(212) Using 1 workers
[161.326s][info][gc,phases   ] GC(212) Pause Mark Start 0.013ms
[161.340s][info][gc,phases   ] GC(212) Concurrent Mark 14.140ms
[161.340s][info][gc,phases   ] GC(212) Pause Mark End 0.015ms
[161.340s][info][gc,phases   ] GC(212) Concurrent Mark Free 0.001ms
[161.408s][info][gc,phases   ] GC(212) Concurrent Process Non-Strong References 67.422ms
[161.408s][info][gc,phases   ] GC(212) Concurrent Reset Relocation Set 0.008ms
[161.412s][info][gc,phases   ] GC(212) Concurrent Select Relocation Set 4.166ms
[161.412s][info][gc,phases   ] GC(212) Pause Relocate Start 0.008ms
[161.416s][info][gc,phases   ] GC(212) Concurrent Relocate 3.210ms
[161.416s][info][gc,load     ] GC(212) Load: 0.00/0.00/0.00
[161.416s][info][gc,mmu      ] GC(212) MMU: 2ms/94.9%, 5ms/98.0%, 10ms/99.0%, 20ms/99.4%, 50ms/99.8%, 100ms/99.9%
[161.416s][info][gc,marking  ] GC(212) Mark: 1 stripe(s), 2 proactive flush(es), 1 terminate flush(es), 0 completion(s), 0 continuation(s) 
[161.416s][info][gc,marking  ] GC(212) Mark Stack Usage: 32M
[161.416s][info][gc,nmethod  ] GC(212) NMethods: 2294 registered, 1 unregistered
[161.416s][info][gc,metaspace] GC(212) Metaspace: 13M used, 14M committed, 1088M reserved
[161.416s][info][gc,ref      ] GC(212) Soft: 134 encountered, 0 discovered, 0 enqueued
[161.416s][info][gc,ref      ] GC(212) Weak: 717 encountered, 453 discovered, 0 enqueued
[161.416s][info][gc,ref      ] GC(212) Final: 0 encountered, 0 discovered, 0 enqueued
[161.416s][info][gc,ref      ] GC(212) Phantom: 59 encountered, 41 discovered, 0 enqueued
[161.416s][info][gc,reloc    ] GC(212) Small Pages: 233 / 466M, Empty: 408M, Relocated: 1M, In-Place: 0
[161.416s][info][gc,reloc    ] GC(212) Medium Pages: 0 / 0M, Empty: 0M, Relocated: 0M, In-Place: 0
[161.416s][info][gc,reloc    ] GC(212) Large Pages: 0 / 0M, Empty: 0M, Relocated: 0M, In-Place: 0
[161.416s][info][gc,reloc    ] GC(212) Forwarding Usage: 0M
[161.416s][info][gc,heap     ] GC(212) Min Capacity: 8M(0%)
[161.416s][info][gc,heap     ] GC(212) Max Capacity: 2048M(100%)
[161.416s][info][gc,heap     ] GC(212) Soft Max Capacity: 2048M(100%)
[161.416s][info][gc,heap     ] GC(212)                Mark Start          Mark End        Relocate Start      Relocate End           High               Low         
[161.416s][info][gc,heap     ] GC(212)  Capacity:     2048M (100%)       2048M (100%)       2048M (100%)       2048M (100%)       2048M (100%)       2048M (100%)   
[161.416s][info][gc,heap     ] GC(212)      Free:     1582M (77%)        1546M (75%)        1808M (88%)        1850M (90%)        1854M (91%)        1410M (69%)    
[161.416s][info][gc,heap     ] GC(212)      Used:      466M (23%)         502M (25%)         240M (12%)         198M (10%)         638M (31%)         194M (9%)     
[161.416s][info][gc,heap     ] GC(212)      Live:         -                 7M (0%)            7M (0%)            7M (0%)             -                  -          
[161.416s][info][gc,heap     ] GC(212) Allocated:         -                36M (2%)          182M (9%)          187M (9%)             -                  -          
[161.416s][info][gc,heap     ] GC(212)   Garbage:         -               458M (22%)          50M (2%)            2M (0%)             -                  -          
[161.416s][info][gc,heap     ] GC(212) Reclaimed:         -                  -               408M (20%)         455M (22%)            -                  -          
[161.416s][info][gc          ] GC(212) Garbage Collection (Allocation Rate) 466M(23%)->198M(10%)
[161.925s][info][gc,start    ] GC(213) Garbage Collection (Allocation Rate)
[161.925s][info][gc,task     ] GC(213) Using 1 workers
[161.925s][info][gc,phases   ] GC(213) Pause Mark Start 0.011ms
[161.942s][info][gc,phases   ] GC(213) Concurrent Mark 17.072ms
[161.942s][info][gc,phases   ] GC(213) Pause Mark End 0.014ms
[161.942s][info][gc,phases   ] GC(213) Concurrent Mark Free 0.001ms
[162.006s][info][gc,phases   ] GC(213) Concurrent Process Non-Strong References 63.165ms
[162.006s][info][gc,phases   ] GC(213) Concurrent Reset Relocation Set 0.004ms
[162.010s][info][gc,phases   ] GC(213) Concurrent Select Relocation Set 3.836ms
[162.010s][info][gc,phases   ] GC(213) Pause Relocate Start 0.007ms
[162.014s][info][gc,phases   ] GC(213) Concurrent Relocate 3.947ms
[162.014s][info][gc,load     ] GC(213) Load: 0.00/0.00/0.00
[162.014s][info][gc,mmu      ] GC(213) MMU: 2ms/94.9%, 5ms/98.0%, 10ms/99.0%, 20ms/99.4%, 50ms/99.8%, 100ms/99.9%
[162.014s][info][gc,marking  ] GC(213) Mark: 1 stripe(s), 2 proactive flush(es), 1 terminate flush(es), 0 completion(s), 0 continuation(s) 
[162.014s][info][gc,marking  ] GC(213) Mark Stack Usage: 32M
[162.014s][info][gc,nmethod  ] GC(213) NMethods: 2294 registered, 1 unregistered
[162.014s][info][gc,metaspace] GC(213) Metaspace: 13M used, 14M committed, 1088M reserved
[162.014s][info][gc,ref      ] GC(213) Soft: 134 encountered, 0 discovered, 0 enqueued
[162.014s][info][gc,ref      ] GC(213) Weak: 717 encountered, 453 discovered, 0 enqueued
[162.014s][info][gc,ref      ] GC(213) Final: 0 encountered, 0 discovered, 0 enqueued
[162.014s][info][gc,ref      ] GC(213) Phantom: 59 encountered, 41 discovered, 0 enqueued
[162.014s][info][gc,reloc    ] GC(213) Small Pages: 604 / 1208M, Empty: 1120M, Relocated: 1M, In-Place: 0
[162.014s][info][gc,reloc    ] GC(213) Medium Pages: 0 / 0M, Empty: 0M, Relocated: 0M, In-Place: 0
[162.014s][info][gc,reloc    ] GC(213) Large Pages: 0 / 0M, Empty: 0M, Relocated: 0M, In-Place: 0
[162.014s][info][gc,reloc    ] GC(213) Forwarding Usage: 0M
[162.014s][info][gc,heap     ] GC(213) Min Capacity: 8M(0%)
[162.014s][info][gc,heap     ] GC(213) Max Capacity: 2048M(100%)
[162.014s][info][gc,heap     ] GC(213) Soft Max Capacity: 2048M(100%)
[162.014s][info][gc,heap     ] GC(213)                Mark Start          Mark End        Relocate Start      Relocate End           High               Low         
[162.014s][info][gc,heap     ] GC(213)  Capacity:     2048M (100%)       2048M (100%)       2048M (100%)       2048M (100%)       2048M (100%)       2048M (100%)   
[162.014s][info][gc,heap     ] GC(213)      Free:      840M (41%)         798M (39%)        1782M (87%)        1852M (90%)        1856M (91%)         668M (33%)    
[162.014s][info][gc,heap     ] GC(213)      Used:     1208M (59%)        1250M (61%)         266M (13%)         196M (10%)        1380M (67%)         192M (9%)     
[162.014s][info][gc,heap     ] GC(213)      Live:         -                 7M (0%)            7M (0%)            7M (0%)             -                  -          
[162.014s][info][gc,heap     ] GC(213) Allocated:         -                42M (2%)          178M (9%)          185M (9%)             -                  -          
[162.014s][info][gc,heap     ] GC(213)   Garbage:         -              1200M (59%)          80M (4%)            2M (0%)             -                  -          
[162.014s][info][gc,heap     ] GC(213) Reclaimed:         -                  -              1120M (55%)        1197M (58%)            -                  -          
[162.014s][info][gc          ] GC(213) Garbage Collection (Allocation Rate) 1208M(59%)->196M(10%)
[162.425s][info][gc,start    ] GC(214) Garbage Collection (Allocation Rate)
[162.425s][info][gc,task     ] GC(214) Using 1 workers
[162.426s][info][gc,phases   ] GC(214) Pause Mark Start 0.013ms
[162.441s][info][gc,phases   ] GC(214) Concurrent Mark 15.686ms
[162.441s][info][gc,phases   ] GC(214) Pause Mark End 0.016ms
[162.442s][info][gc,phases   ] GC(214) Concurrent Mark Free 0.001ms
[162.506s][info][gc,phases   ] GC(214) Concurrent Process Non-Strong References 64.126ms
[162.506s][info][gc,phases   ] GC(214) Concurrent Reset Relocation Set 0.005ms
[162.510s][info][gc,phases   ] GC(214) Concurrent Select Relocation Set 4.567ms
[162.511s][info][gc,phases   ] GC(214) Pause Relocate Start 0.007ms
[162.511s][info][gc,phases   ] GC(214) Concurrent Relocate 0.435ms
[162.511s][info][gc,load     ] GC(214) Load: 0.00/0.00/0.00
[162.511s][info][gc,mmu      ] GC(214) MMU: 2ms/94.9%, 5ms/98.0%, 10ms/99.0%, 20ms/99.4%, 50ms/99.8%, 100ms/99.9%
[162.511s][info][gc,marking  ] GC(214) Mark: 1 stripe(s), 2 proactive flush(es), 1 terminate flush(es), 0 completion(s), 0 continuation(s) 
[162.511s][info][gc,marking  ] GC(214) Mark Stack Usage: 32M
[162.511s][info][gc,nmethod  ] GC(214) NMethods: 2294 registered, 1 unregistered
[162.511s][info][gc,metaspace] GC(214) Metaspace: 13M used, 14M committed, 1088M reserved
[162.511s][info][gc,ref      ] GC(214) Soft: 134 encountered, 0 discovered, 0 enqueued
[162.511s][info][gc,ref      ] GC(214) Weak: 717 encountered, 453 discovered, 0 enqueued
[162.511s][info][gc,ref      ] GC(214) Final: 0 encountered, 0 discovered, 0 enqueued
[162.511s][info][gc,ref      ] GC(214) Phantom: 59 encountered, 41 discovered, 0 enqueued
[162.511s][info][gc,reloc    ] GC(214) Small Pages: 514 / 1028M, Empty: 948M, Relocated: 1M, In-Place: 0
[162.511s][info][gc,reloc    ] GC(214) Medium Pages: 0 / 0M, Empty: 0M, Relocated: 0M, In-Place: 0
[162.511s][info][gc,reloc    ] GC(214) Large Pages: 0 / 0M, Empty: 0M, Relocated: 0M, In-Place: 0
[162.511s][info][gc,reloc    ] GC(214) Forwarding Usage: 0M
[162.511s][info][gc,heap     ] GC(214) Min Capacity: 8M(0%)
[162.511s][info][gc,heap     ] GC(214) Max Capacity: 2048M(100%)
[162.511s][info][gc,heap     ] GC(214) Soft Max Capacity: 2048M(100%)
[162.511s][info][gc,heap     ] GC(214)                Mark Start          Mark End        Relocate Start      Relocate End           High               Low         
[162.511s][info][gc,heap     ] GC(214)  Capacity:     2048M (100%)       2048M (100%)       2048M (100%)       2048M (100%)       2048M (100%)       2048M (100%)   
[162.511s][info][gc,heap     ] GC(214)      Free:     1020M (50%)         984M (48%)        1792M (88%)        1860M (91%)        1860M (91%)         852M (42%)    
[162.511s][info][gc,heap     ] GC(214)      Used:     1028M (50%)        1064M (52%)         256M (13%)         188M (9%)         1196M (58%)         188M (9%)     
[162.511s][info][gc,heap     ] GC(214)      Live:         -                 7M (0%)            7M (0%)            7M (0%)             -                  -          
[162.511s][info][gc,heap     ] GC(214) Allocated:         -                36M (2%)          176M (9%)          176M (9%)             -                  -          
[162.511s][info][gc,heap     ] GC(214)   Garbage:         -              1020M (50%)          72M (4%)            3M (0%)             -                  -          
[162.512s][info][gc,heap     ] GC(214) Reclaimed:         -                  -               948M (46%)        1016M (50%)            -                  -          
[162.512s][info][gc          ] GC(214) Garbage Collection (Allocation Rate) 1028M(50%)->188M(9%)
[163.225s][info][gc,start    ] GC(215) Garbage Collection (Allocation Rate)
[163.225s][info][gc,task     ] GC(215) Using 1 workers
[163.225s][info][gc,phases   ] GC(215) Pause Mark Start 0.010ms
[163.239s][info][gc,phases   ] GC(215) Concurrent Mark 13.212ms
[163.239s][info][gc,phases   ] GC(215) Pause Mark End 0.016ms
[163.239s][info][gc,phases   ] GC(215) Concurrent Mark Free 0.001ms
[163.312s][info][gc,phases   ] GC(215) Concurrent Process Non-Strong References 72.690ms
[163.312s][info][gc,phases   ] GC(215) Concurrent Reset Relocation Set 0.005ms
[163.316s][info][gc,phases   ] GC(215) Concurrent Select Relocation Set 4.404ms
[163.317s][info][gc,phases   ] GC(215) Pause Relocate Start 0.008ms
[163.317s][info][gc,phases   ] GC(215) Concurrent Relocate 0.497ms
[163.317s][info][gc,load     ] GC(215) Load: 0.00/0.00/0.00
[163.317s][info][gc,mmu      ] GC(215) MMU: 2ms/94.9%, 5ms/98.0%, 10ms/99.0%, 20ms/99.4%, 50ms/99.8%, 100ms/99.9%
[163.317s][info][gc,marking  ] GC(215) Mark: 1 stripe(s), 2 proactive flush(es), 1 terminate flush(es), 0 completion(s), 0 continuation(s) 
[163.317s][info][gc,marking  ] GC(215) Mark Stack Usage: 32M
[163.317s][info][gc,nmethod  ] GC(215) NMethods: 2294 registered, 1 unregistered
[163.317s][info][gc,metaspace] GC(215) Metaspace: 13M used, 14M committed, 1088M reserved
[163.317s][info][gc,ref      ] GC(215) Soft: 134 encountered, 0 discovered, 0 enqueued
[163.317s][info][gc,ref      ] GC(215) Weak: 717 encountered, 453 discovered, 0 enqueued
[163.317s][info][gc,ref      ] GC(215) Final: 0 encountered, 0 discovered, 0 enqueued
[163.317s][info][gc,ref      ] GC(215) Phantom: 59 encountered, 41 discovered, 0 enqueued
[163.317s][info][gc,reloc    ] GC(215) Small Pages: 681 / 1362M, Empty: 1250M, Relocated: 1M, In-Place: 0
[163.317s][info][gc,reloc    ] GC(215) Medium Pages: 0 / 0M, Empty: 0M, Relocated: 0M, In-Place: 0
[163.317s][info][gc,reloc    ] GC(215) Large Pages: 0 / 0M, Empty: 0M, Relocated: 0M, In-Place: 0
[163.317s][info][gc,reloc    ] GC(215) Forwarding Usage: 0M
[163.317s][info][gc,heap     ] GC(215) Min Capacity: 8M(0%)
[163.317s][info][gc,heap     ] GC(215) Max Capacity: 2048M(100%)
[163.317s][info][gc,heap     ] GC(215) Soft Max Capacity: 2048M(100%)
[163.317s][info][gc,heap     ] GC(215)                Mark Start          Mark End        Relocate Start      Relocate End           High               Low         
[163.317s][info][gc,heap     ] GC(215)  Capacity:     2048M (100%)       2048M (100%)       2048M (100%)       2048M (100%)       2048M (100%)       2048M (100%)   
[163.317s][info][gc,heap     ] GC(215)      Free:      686M (33%)         660M (32%)        1780M (87%)        1880M (92%)        1880M (92%)         538M (26%)    
[163.317s][info][gc,heap     ] GC(215)      Used:     1362M (67%)        1388M (68%)         268M (13%)         168M (8%)         1510M (74%)         168M (8%)     
[163.317s][info][gc,heap     ] GC(215)      Live:         -                 8M (0%)            8M (0%)            8M (0%)             -                  -          
[163.318s][info][gc,heap     ] GC(215) Allocated:         -                26M (1%)          156M (8%)          156M (8%)             -                  -          
[163.318s][info][gc,heap     ] GC(215)   Garbage:         -              1353M (66%)         103M (5%)            3M (0%)             -                  -          
[163.318s][info][gc,heap     ] GC(215) Reclaimed:         -                  -              1250M (61%)        1350M (66%)            -                  -          
[163.318s][info][gc          ] GC(215) Garbage Collection (Allocation Rate) 1362M(67%)->168M(8%)
[164.125s][info][gc,start    ] GC(216) Garbage Collection (Allocation Rate)
[164.125s][info][gc,task     ] GC(216) Using 1 workers
[164.125s][info][gc,phases   ] GC(216) Pause Mark Start 0.010ms
[164.138s][info][gc,phases   ] GC(216) Concurrent Mark 12.520ms
[164.138s][info][gc,phases   ] GC(216) Pause Mark End 0.014ms
[164.138s][info][gc,phases   ] GC(216) Concurrent Mark Free 0.002ms
[164.205s][info][gc,phases   ] GC(216) Concurrent Process Non-Strong References 67.312ms
[164.205s][info][gc,phases   ] GC(216) Concurrent Reset Relocation Set 0.007ms
[164.210s][info][gc,phases   ] GC(216) Concurrent Select Relocation Set 4.705ms
[164.210s][info][gc,phases   ] GC(216) Pause Relocate Start 0.007ms
[164.213s][info][gc,phases   ] GC(216) Concurrent Relocate 2.599ms
[164.213s][info][gc,load     ] GC(216) Load: 0.00/0.00/0.00
[164.213s][info][gc,mmu      ] GC(216) MMU: 2ms/94.9%, 5ms/98.0%, 10ms/99.0%, 20ms/99.4%, 50ms/99.8%, 100ms/99.9%
[164.213s][info][gc,marking  ] GC(216) Mark: 1 stripe(s), 2 proactive flush(es), 1 terminate flush(es), 0 completion(s), 0 continuation(s) 
[164.213s][info][gc,marking  ] GC(216) Mark Stack Usage: 32M
[164.213s][info][gc,nmethod  ] GC(216) NMethods: 2294 registered, 1 unregistered
[164.213s][info][gc,metaspace] GC(216) Metaspace: 13M used, 14M committed, 1088M reserved
[164.213s][info][gc,ref      ] GC(216) Soft: 134 encountered, 0 discovered, 0 enqueued
[164.213s][info][gc,ref      ] GC(216) Weak: 717 encountered, 453 discovered, 0 enqueued
[164.213s][info][gc,ref      ] GC(216) Final: 0 encountered, 0 discovered, 0 enqueued
[164.213s][info][gc,ref      ] GC(216) Phantom: 59 encountered, 41 discovered, 0 enqueued
[164.213s][info][gc,reloc    ] GC(216) Small Pages: 830 / 1660M, Empty: 1538M, Relocated: 3M, In-Place: 0
[164.213s][info][gc,reloc    ] GC(216) Medium Pages: 0 / 0M, Empty: 0M, Relocated: 0M, In-Place: 0
[164.213s][info][gc,reloc    ] GC(216) Large Pages: 0 / 0M, Empty: 0M, Relocated: 0M, In-Place: 0
[164.213s][info][gc,reloc    ] GC(216) Forwarding Usage: 0M
[164.213s][info][gc,heap     ] GC(216) Min Capacity: 8M(0%)
[164.213s][info][gc,heap     ] GC(216) Max Capacity: 2048M(100%)
[164.213s][info][gc,heap     ] GC(216) Soft Max Capacity: 2048M(100%)
[164.213s][info][gc,heap     ] GC(216)                Mark Start          Mark End        Relocate Start      Relocate End           High               Low         
[164.213s][info][gc,heap     ] GC(216)  Capacity:     2048M (100%)       2048M (100%)       2048M (100%)       2048M (100%)       2048M (100%)       2048M (100%)   
[164.213s][info][gc,heap     ] GC(216)      Free:      388M (19%)         362M (18%)        1770M (86%)        1878M (92%)        1880M (92%)         240M (12%)    
[164.213s][info][gc,heap     ] GC(216)      Used:     1660M (81%)        1686M (82%)         278M (14%)         170M (8%)         1808M (88%)         168M (8%)     
[164.213s][info][gc,heap     ] GC(216)      Live:         -                 8M (0%)            8M (0%)            8M (0%)             -                  -          
[164.213s][info][gc,heap     ] GC(216) Allocated:         -                26M (1%)          156M (8%)          160M (8%)             -                  -          
[164.213s][info][gc,heap     ] GC(216)   Garbage:         -              1651M (81%)         113M (6%)            1M (0%)             -                  -          
[164.213s][info][gc,heap     ] GC(216) Reclaimed:         -                  -              1538M (75%)        1650M (81%)            -                  -          
[164.213s][info][gc          ] GC(216) Garbage Collection (Allocation Rate) 1660M(81%)->170M(8%)
[165.025s][info][gc,start    ] GC(217) Garbage Collection (Allocation Rate)
[165.025s][info][gc,task     ] GC(217) Using 1 workers
[165.025s][info][gc,phases   ] GC(217) Pause Mark Start 0.010ms
[165.044s][info][gc,phases   ] GC(217) Concurrent Mark 18.537ms
[165.044s][info][gc,phases   ] GC(217) Pause Mark End 0.017ms
[165.044s][info][gc,phases   ] GC(217) Concurrent Mark Free 0.000ms
[165.109s][info][gc,phases   ] GC(217) Concurrent Process Non-Strong References 65.400ms
[165.109s][info][gc,phases   ] GC(217) Concurrent Reset Relocation Set 0.006ms
[165.114s][info][gc,phases   ] GC(217) Concurrent Select Relocation Set 4.788ms
[165.114s][info][gc,phases   ] GC(217) Pause Relocate Start 0.008ms
[165.115s][info][gc,phases   ] GC(217) Concurrent Relocate 0.519ms
[165.115s][info][gc,load     ] GC(217) Load: 0.00/0.00/0.00
[165.115s][info][gc,mmu      ] GC(217) MMU: 2ms/94.9%, 5ms/98.0%, 10ms/99.0%, 20ms/99.4%, 50ms/99.8%, 100ms/99.9%
[165.115s][info][gc,marking  ] GC(217) Mark: 1 stripe(s), 2 proactive flush(es), 1 terminate flush(es), 0 completion(s), 0 continuation(s) 
[165.115s][info][gc,marking  ] GC(217) Mark Stack Usage: 32M
[165.115s][info][gc,nmethod  ] GC(217) NMethods: 2294 registered, 1 unregistered
[165.115s][info][gc,metaspace] GC(217) Metaspace: 13M used, 14M committed, 1088M reserved
[165.115s][info][gc,ref      ] GC(217) Soft: 134 encountered, 0 discovered, 0 enqueued
[165.115s][info][gc,ref      ] GC(217) Weak: 717 encountered, 453 discovered, 0 enqueued
[165.115s][info][gc,ref      ] GC(217) Final: 0 encountered, 0 discovered, 0 enqueued
[165.115s][info][gc,ref      ] GC(217) Phantom: 59 encountered, 41 discovered, 0 enqueued
[165.115s][info][gc,reloc    ] GC(217) Small Pages: 798 / 1596M, Empty: 1474M, Relocated: 1M, In-Place: 0
[165.115s][info][gc,reloc    ] GC(217) Medium Pages: 0 / 0M, Empty: 0M, Relocated: 0M, In-Place: 0
[165.115s][info][gc,reloc    ] GC(217) Large Pages: 0 / 0M, Empty: 0M, Relocated: 0M, In-Place: 0
[165.115s][info][gc,reloc    ] GC(217) Forwarding Usage: 0M
[165.115s][info][gc,heap     ] GC(217) Min Capacity: 8M(0%)
[165.115s][info][gc,heap     ] GC(217) Max Capacity: 2048M(100%)
[165.115s][info][gc,heap     ] GC(217) Soft Max Capacity: 2048M(100%)
[165.115s][info][gc,heap     ] GC(217)                Mark Start          Mark End        Relocate Start      Relocate End           High               Low         
[165.115s][info][gc,heap     ] GC(217)  Capacity:     2048M (100%)       2048M (100%)       2048M (100%)       2048M (100%)       2048M (100%)       2048M (100%)   
[165.115s][info][gc,heap     ] GC(217)      Free:      452M (22%)         412M (20%)        1764M (86%)        1874M (92%)        1874M (92%)         296M (14%)    
[165.115s][info][gc,heap     ] GC(217)      Used:     1596M (78%)        1636M (80%)         284M (14%)         174M (8%)         1752M (86%)         174M (8%)     
[165.115s][info][gc,heap     ] GC(217)      Live:         -                 8M (0%)            8M (0%)            8M (0%)             -                  -          
[165.115s][info][gc,heap     ] GC(217) Allocated:         -                40M (2%)          162M (8%)          162M (8%)             -                  -          
[165.115s][info][gc,heap     ] GC(217)   Garbage:         -              1587M (78%)         113M (6%)            3M (0%)             -                  -          
[165.115s][info][gc,heap     ] GC(217) Reclaimed:         -                  -              1474M (72%)        1584M (77%)            -                  -          
[165.115s][info][gc          ] GC(217) Garbage Collection (Allocation Rate) 1596M(78%)->174M(8%)
[165.924s][info][gc,start    ] GC(218) Garbage Collection (Allocation Rate)
[165.925s][info][gc,task     ] GC(218) Using 1 workers
[165.925s][info][gc,phases   ] GC(218) Pause Mark Start 0.013ms
[165.939s][info][gc,phases   ] GC(218) Concurrent Mark 14.263ms
[165.939s][info][gc,phases   ] GC(218) Pause Mark End 0.015ms
[165.939s][info][gc,phases   ] GC(218) Concurrent Mark Free 0.001ms
[166.008s][info][gc,phases   ] GC(218) Concurrent Process Non-Strong References 69.176ms
[166.009s][info][gc,phases   ] GC(218) Concurrent Reset Relocation Set 0.009ms
[166.013s][info][gc,phases   ] GC(218) Concurrent Select Relocation Set 4.857ms
[166.014s][info][gc,phases   ] GC(218) Pause Relocate Start 0.007ms
[166.016s][info][gc,phases   ] GC(218) Concurrent Relocate 2.003ms
[166.016s][info][gc,load     ] GC(218) Load: 0.00/0.00/0.00
[166.016s][info][gc,mmu      ] GC(218) MMU: 2ms/94.9%, 5ms/98.0%, 10ms/99.0%, 20ms/99.4%, 50ms/99.8%, 100ms/99.9%
[166.016s][info][gc,marking  ] GC(218) Mark: 1 stripe(s), 2 proactive flush(es), 1 terminate flush(es), 0 completion(s), 0 continuation(s) 
[166.016s][info][gc,marking  ] GC(218) Mark Stack Usage: 32M
[166.016s][info][gc,nmethod  ] GC(218) NMethods: 2294 registered, 1 unregistered
[166.016s][info][gc,metaspace] GC(218) Metaspace: 13M used, 14M committed, 1088M reserved
[166.016s][info][gc,ref      ] GC(218) Soft: 134 encountered, 0 discovered, 0 enqueued
[166.016s][info][gc,ref      ] GC(218) Weak: 717 encountered, 453 discovered, 0 enqueued
[166.016s][info][gc,ref      ] GC(218) Final: 0 encountered, 0 discovered, 0 enqueued
[166.016s][info][gc,ref      ] GC(218) Phantom: 59 encountered, 41 discovered, 0 enqueued
[166.016s][info][gc,reloc    ] GC(218) Small Pages: 854 / 1708M, Empty: 1582M, Relocated: 3M, In-Place: 0
[166.016s][info][gc,reloc    ] GC(218) Medium Pages: 0 / 0M, Empty: 0M, Relocated: 0M, In-Place: 0
[166.016s][info][gc,reloc    ] GC(218) Large Pages: 0 / 0M, Empty: 0M, Relocated: 0M, In-Place: 0
[166.016s][info][gc,reloc    ] GC(218) Forwarding Usage: 0M
[166.016s][info][gc,heap     ] GC(218) Min Capacity: 8M(0%)
[166.016s][info][gc,heap     ] GC(218) Max Capacity: 2048M(100%)
[166.016s][info][gc,heap     ] GC(218) Soft Max Capacity: 2048M(100%)
[166.016s][info][gc,heap     ] GC(218)                Mark Start          Mark End        Relocate Start      Relocate End           High               Low         
[166.016s][info][gc,heap     ] GC(218)  Capacity:     2048M (100%)       2048M (100%)       2048M (100%)       2048M (100%)       2048M (100%)       2048M (100%)   
[166.016s][info][gc,heap     ] GC(218)      Free:      340M (17%)         306M (15%)        1748M (85%)        1860M (91%)        1862M (91%)         174M (8%)     
[166.016s][info][gc,heap     ] GC(218)      Used:     1708M (83%)        1742M (85%)         300M (15%)         188M (9%)         1874M (92%)         186M (9%)     
[166.016s][info][gc,heap     ] GC(218)      Live:         -                 8M (0%)            8M (0%)            8M (0%)             -                  -          
[166.016s][info][gc,heap     ] GC(218) Allocated:         -                34M (2%)          174M (8%)          178M (9%)             -                  -          
[166.016s][info][gc,heap     ] GC(218)   Garbage:         -              1699M (83%)         117M (6%)            1M (0%)             -                  -          
[166.016s][info][gc,heap     ] GC(218) Reclaimed:         -                  -              1582M (77%)        1698M (83%)            -                  -          
[166.016s][info][gc          ] GC(218) Garbage Collection (Allocation Rate) 1708M(83%)->188M(9%)
[166.825s][info][gc,start    ] GC(219) Garbage Collection (Allocation Rate)
[166.825s][info][gc,task     ] GC(219) Using 1 workers
[166.825s][info][gc,phases   ] GC(219) Pause Mark Start 0.010ms
[166.840s][info][gc,phases   ] GC(219) Concurrent Mark 14.661ms
[166.840s][info][gc,phases   ] GC(219) Pause Mark End 0.016ms
[166.840s][info][gc,phases   ] GC(219) Concurrent Mark Free 0.001ms
[166.917s][info][gc,phases   ] GC(219) Concurrent Process Non-Strong References 76.952ms
[166.917s][info][gc,phases   ] GC(219) Concurrent Reset Relocation Set 0.006ms
[166.921s][info][gc,phases   ] GC(219) Concurrent Select Relocation Set 4.158ms
[166.922s][info][gc,phases   ] GC(219) Pause Relocate Start 0.008ms
[166.922s][info][gc,phases   ] GC(219) Concurrent Relocate 0.545ms
[166.922s][info][gc,load     ] GC(219) Load: 0.00/0.00/0.00
[166.922s][info][gc,mmu      ] GC(219) MMU: 2ms/94.9%, 5ms/98.0%, 10ms/99.0%, 20ms/99.4%, 50ms/99.8%, 100ms/99.9%
[166.922s][info][gc,marking  ] GC(219) Mark: 1 stripe(s), 2 proactive flush(es), 1 terminate flush(es), 0 completion(s), 0 continuation(s) 
[166.922s][info][gc,marking  ] GC(219) Mark Stack Usage: 32M
[166.922s][info][gc,nmethod  ] GC(219) NMethods: 2294 registered, 1 unregistered
[166.922s][info][gc,metaspace] GC(219) Metaspace: 13M used, 14M committed, 1088M reserved
[166.922s][info][gc,ref      ] GC(219) Soft: 134 encountered, 0 discovered, 0 enqueued
[166.922s][info][gc,ref      ] GC(219) Weak: 717 encountered, 453 discovered, 0 enqueued
[166.922s][info][gc,ref      ] GC(219) Final: 0 encountered, 0 discovered, 0 enqueued
[166.922s][info][gc,ref      ] GC(219) Phantom: 59 encountered, 41 discovered, 0 enqueued
[166.922s][info][gc,reloc    ] GC(219) Small Pages: 779 / 1558M, Empty: 1436M, Relocated: 1M, In-Place: 0
[166.922s][info][gc,reloc    ] GC(219) Medium Pages: 0 / 0M, Empty: 0M, Relocated: 0M, In-Place: 0
[166.922s][info][gc,reloc    ] GC(219) Large Pages: 0 / 0M, Empty: 0M, Relocated: 0M, In-Place: 0
[166.922s][info][gc,reloc    ] GC(219) Forwarding Usage: 0M
[166.922s][info][gc,heap     ] GC(219) Min Capacity: 8M(0%)
[166.922s][info][gc,heap     ] GC(219) Max Capacity: 2048M(100%)
[166.922s][info][gc,heap     ] GC(219) Soft Max Capacity: 2048M(100%)
[166.922s][info][gc,heap     ] GC(219)                Mark Start          Mark End        Relocate Start      Relocate End           High               Low         
[166.922s][info][gc,heap     ] GC(219)  Capacity:     2048M (100%)       2048M (100%)       2048M (100%)       2048M (100%)       2048M (100%)       2048M (100%)   
[166.922s][info][gc,heap     ] GC(219)      Free:      490M (24%)         458M (22%)        1756M (86%)        1866M (91%)        1866M (91%)         328M (16%)    
[166.922s][info][gc,heap     ] GC(219)      Used:     1558M (76%)        1590M (78%)         292M (14%)         182M (9%)         1720M (84%)         182M (9%)     
[166.922s][info][gc,heap     ] GC(219)      Live:         -                 8M (0%)            8M (0%)            8M (0%)             -                  -          
[166.922s][info][gc,heap     ] GC(219) Allocated:         -                32M (2%)          170M (8%)          170M (8%)             -                  -          
[166.923s][info][gc,heap     ] GC(219)   Garbage:         -              1549M (76%)         113M (6%)            3M (0%)             -                  -          
[166.923s][info][gc,heap     ] GC(219) Reclaimed:         -                  -              1436M (70%)        1546M (75%)            -                  -          
[166.923s][info][gc          ] GC(219) Garbage Collection (Allocation Rate) 1558M(76%)->182M(9%)
[167.825s][info][gc,start    ] GC(220) Garbage Collection (Allocation Rate)
[167.825s][info][gc,task     ] GC(220) Using 1 workers
[167.883s][info][gc,phases   ] GC(220) Pause Mark Start 0.017ms
[167.906s][info][gc,phases   ] GC(220) Concurrent Mark 23.280ms
[167.906s][info][gc,phases   ] GC(220) Pause Mark End 0.036ms
[167.906s][info][gc,phases   ] GC(220) Concurrent Mark Free 0.001ms
[167.985s][info][gc,phases   ] GC(220) Concurrent Process Non-Strong References 78.246ms
[167.985s][info][gc,phases   ] GC(220) Concurrent Reset Relocation Set 0.005ms
[167.989s][info][gc,phases   ] GC(220) Concurrent Select Relocation Set 4.501ms
[167.989s][info][gc,phases   ] GC(220) Pause Relocate Start 0.007ms
[167.990s][info][gc,phases   ] GC(220) Concurrent Relocate 0.361ms
[167.990s][info][gc,load     ] GC(220) Load: 0.00/0.00/0.00
[167.990s][info][gc,mmu      ] GC(220) MMU: 2ms/94.9%, 5ms/98.0%, 10ms/99.0%, 20ms/99.4%, 50ms/99.8%, 100ms/99.9%
[167.990s][info][gc,marking  ] GC(220) Mark: 1 stripe(s), 2 proactive flush(es), 1 terminate flush(es), 1 completion(s), 0 continuation(s) 
[167.990s][info][gc,marking  ] GC(220) Mark Stack Usage: 32M
[167.990s][info][gc,nmethod  ] GC(220) NMethods: 2294 registered, 1 unregistered
[167.990s][info][gc,metaspace] GC(220) Metaspace: 13M used, 14M committed, 1088M reserved
[167.990s][info][gc,ref      ] GC(220) Soft: 134 encountered, 0 discovered, 0 enqueued
[167.990s][info][gc,ref      ] GC(220) Weak: 717 encountered, 453 discovered, 0 enqueued
[167.990s][info][gc,ref      ] GC(220) Final: 0 encountered, 0 discovered, 0 enqueued
[167.990s][info][gc,ref      ] GC(220) Phantom: 59 encountered, 41 discovered, 0 enqueued
[167.990s][info][gc,reloc    ] GC(220) Small Pages: 856 / 1712M, Empty: 1578M, Relocated: 0M, In-Place: 0
[167.990s][info][gc,reloc    ] GC(220) Medium Pages: 0 / 0M, Empty: 0M, Relocated: 0M, In-Place: 0
[167.990s][info][gc,reloc    ] GC(220) Large Pages: 0 / 0M, Empty: 0M, Relocated: 0M, In-Place: 0
[167.990s][info][gc,reloc    ] GC(220) Forwarding Usage: 0M
[167.990s][info][gc,heap     ] GC(220) Min Capacity: 8M(0%)
[167.990s][info][gc,heap     ] GC(220) Max Capacity: 2048M(100%)
[167.990s][info][gc,heap     ] GC(220) Soft Max Capacity: 2048M(100%)
[167.990s][info][gc,heap     ] GC(220)                Mark Start          Mark End        Relocate Start      Relocate End           High               Low         
[167.990s][info][gc,heap     ] GC(220)  Capacity:     2048M (100%)       2048M (100%)       2048M (100%)       2048M (100%)       2048M (100%)       2048M (100%)   
[167.990s][info][gc,heap     ] GC(220)      Free:      336M (16%)         298M (15%)        1742M (85%)        1862M (91%)        1862M (91%)         170M (8%)     
[167.990s][info][gc,heap     ] GC(220)      Used:     1712M (84%)        1750M (85%)         306M (15%)         186M (9%)         1878M (92%)         186M (9%)     
[167.990s][info][gc,heap     ] GC(220)      Live:         -                 8M (0%)            8M (0%)            8M (0%)             -                  -          
[167.990s][info][gc,heap     ] GC(220) Allocated:         -                38M (2%)          172M (8%)          173M (8%)             -                  -          
[167.990s][info][gc,heap     ] GC(220)   Garbage:         -              1703M (83%)         125M (6%)            3M (0%)             -                  -          
[167.990s][info][gc,heap     ] GC(220) Reclaimed:         -                  -              1578M (77%)        1699M (83%)            -                  -          
[167.990s][info][gc          ] GC(220) Garbage Collection (Allocation Rate) 1712M(84%)->186M(9%)
[168.725s][info][gc,start    ] GC(221) Garbage Collection (Allocation Rate)
[168.725s][info][gc,task     ] GC(221) Using 1 workers
[168.726s][info][gc,phases   ] GC(221) Pause Mark Start 0.013ms
[168.740s][info][gc,phases   ] GC(221) Concurrent Mark 14.423ms
[168.740s][info][gc,phases   ] GC(221) Pause Mark End 0.015ms
[168.740s][info][gc,phases   ] GC(221) Concurrent Mark Free 0.001ms
[168.802s][info][gc,phases   ] GC(221) Concurrent Process Non-Strong References 62.053ms
[168.802s][info][gc,phases   ] GC(221) Concurrent Reset Relocation Set 0.008ms
[168.806s][info][gc,phases   ] GC(221) Concurrent Select Relocation Set 3.238ms
[168.806s][info][gc,phases   ] GC(221) Pause Relocate Start 0.008ms
[168.806s][info][gc,phases   ] GC(221) Concurrent Relocate 0.490ms
[168.806s][info][gc,load     ] GC(221) Load: 0.00/0.00/0.00
[168.807s][info][gc,mmu      ] GC(221) MMU: 2ms/94.9%, 5ms/98.0%, 10ms/99.0%, 20ms/99.4%, 50ms/99.8%, 100ms/99.9%
[168.807s][info][gc,marking  ] GC(221) Mark: 1 stripe(s), 2 proactive flush(es), 1 terminate flush(es), 0 completion(s), 0 continuation(s) 
[168.807s][info][gc,marking  ] GC(221) Mark Stack Usage: 32M
[168.807s][info][gc,nmethod  ] GC(221) NMethods: 2294 registered, 1 unregistered
[168.807s][info][gc,metaspace] GC(221) Metaspace: 13M used, 14M committed, 1088M reserved
[168.807s][info][gc,ref      ] GC(221) Soft: 134 encountered, 0 discovered, 0 enqueued
[168.807s][info][gc,ref      ] GC(221) Weak: 717 encountered, 453 discovered, 0 enqueued
[168.807s][info][gc,ref      ] GC(221) Final: 0 encountered, 0 discovered, 0 enqueued
[168.807s][info][gc,ref      ] GC(221) Phantom: 59 encountered, 41 discovered, 0 enqueued
[168.807s][info][gc,reloc    ] GC(221) Small Pages: 697 / 1394M, Empty: 1276M, Relocated: 0M, In-Place: 0
[168.807s][info][gc,reloc    ] GC(221) Medium Pages: 0 / 0M, Empty: 0M, Relocated: 0M, In-Place: 0
[168.807s][info][gc,reloc    ] GC(221) Large Pages: 0 / 0M, Empty: 0M, Relocated: 0M, In-Place: 0
[168.807s][info][gc,reloc    ] GC(221) Forwarding Usage: 0M
[168.807s][info][gc,heap     ] GC(221) Min Capacity: 8M(0%)
[168.807s][info][gc,heap     ] GC(221) Max Capacity: 2048M(100%)
[168.807s][info][gc,heap     ] GC(221) Soft Max Capacity: 2048M(100%)
[168.807s][info][gc,heap     ] GC(221)                Mark Start          Mark End        Relocate Start      Relocate End           High               Low         
[168.807s][info][gc,heap     ] GC(221)  Capacity:     2048M (100%)       2048M (100%)       2048M (100%)       2048M (100%)       2048M (100%)       2048M (100%)   
[168.807s][info][gc,heap     ] GC(221)      Free:      654M (32%)         624M (30%)        1796M (88%)        1900M (93%)        1900M (93%)         524M (26%)    
[168.807s][info][gc,heap     ] GC(221)      Used:     1394M (68%)        1424M (70%)         252M (12%)         148M (7%)         1524M (74%)         148M (7%)     
[168.807s][info][gc,heap     ] GC(221)      Live:         -                 8M (0%)            8M (0%)            8M (0%)             -                  -          
[168.807s][info][gc,heap     ] GC(221) Allocated:         -                30M (1%)          134M (7%)          135M (7%)             -                  -          
[168.807s][info][gc,heap     ] GC(221)   Garbage:         -              1385M (68%)         109M (5%)            3M (0%)             -                  -          
[168.807s][info][gc,heap     ] GC(221) Reclaimed:         -                  -              1276M (62%)        1381M (67%)            -                  -          
[168.807s][info][gc          ] GC(221) Garbage Collection (Allocation Rate) 1394M(68%)->148M(7%)
[169.525s][info][gc,start    ] GC(222) Garbage Collection (Allocation Rate)
[169.526s][info][gc,task     ] GC(222) Using 1 workers
[169.526s][info][gc,phases   ] GC(222) Pause Mark Start 0.009ms
[169.539s][info][gc,phases   ] GC(222) Concurrent Mark 13.499ms
[169.539s][info][gc,phases   ] GC(222) Pause Mark End 0.017ms
[169.539s][info][gc,phases   ] GC(222) Concurrent Mark Free 0.001ms
[169.610s][info][gc,phases   ] GC(222) Concurrent Process Non-Strong References 70.859ms
[169.610s][info][gc,phases   ] GC(222) Concurrent Reset Relocation Set 0.007ms
[169.615s][info][gc,phases   ] GC(222) Concurrent Select Relocation Set 4.386ms
[169.615s][info][gc,phases   ] GC(222) Pause Relocate Start 0.008ms
[169.616s][info][gc,phases   ] GC(222) Concurrent Relocate 0.478ms
[169.616s][info][gc,load     ] GC(222) Load: 0.00/0.00/0.00
[169.616s][info][gc,mmu      ] GC(222) MMU: 2ms/94.9%, 5ms/98.0%, 10ms/99.0%, 20ms/99.4%, 50ms/99.8%, 100ms/99.9%
[169.616s][info][gc,marking  ] GC(222) Mark: 1 stripe(s), 2 proactive flush(es), 1 terminate flush(es), 0 completion(s), 0 continuation(s) 
[169.616s][info][gc,marking  ] GC(222) Mark Stack Usage: 32M
[169.616s][info][gc,nmethod  ] GC(222) NMethods: 2294 registered, 1 unregistered
[169.616s][info][gc,metaspace] GC(222) Metaspace: 13M used, 14M committed, 1088M reserved
[169.616s][info][gc,ref      ] GC(222) Soft: 134 encountered, 0 discovered, 0 enqueued
[169.616s][info][gc,ref      ] GC(222) Weak: 717 encountered, 453 discovered, 0 enqueued
[169.616s][info][gc,ref      ] GC(222) Final: 0 encountered, 0 discovered, 0 enqueued
[169.616s][info][gc,ref      ] GC(222) Phantom: 59 encountered, 41 discovered, 0 enqueued
[169.616s][info][gc,reloc    ] GC(222) Small Pages: 684 / 1368M, Empty: 1252M, Relocated: 1M, In-Place: 0
[169.616s][info][gc,reloc    ] GC(222) Medium Pages: 0 / 0M, Empty: 0M, Relocated: 0M, In-Place: 0
[169.616s][info][gc,reloc    ] GC(222) Large Pages: 0 / 0M, Empty: 0M, Relocated: 0M, In-Place: 0
[169.616s][info][gc,reloc    ] GC(222) Forwarding Usage: 0M
[169.616s][info][gc,heap     ] GC(222) Min Capacity: 8M(0%)
[169.616s][info][gc,heap     ] GC(222) Max Capacity: 2048M(100%)
[169.616s][info][gc,heap     ] GC(222) Soft Max Capacity: 2048M(100%)
[169.616s][info][gc,heap     ] GC(222)                Mark Start          Mark End        Relocate Start      Relocate End           High               Low         
[169.616s][info][gc,heap     ] GC(222)  Capacity:     2048M (100%)       2048M (100%)       2048M (100%)       2048M (100%)       2048M (100%)       2048M (100%)   
[169.616s][info][gc,heap     ] GC(222)      Free:      680M (33%)         652M (32%)        1776M (87%)        1878M (92%)        1878M (92%)         530M (26%)    
[169.616s][info][gc,heap     ] GC(222)      Used:     1368M (67%)        1396M (68%)         272M (13%)         170M (8%)         1518M (74%)         170M (8%)     
[169.616s][info][gc,heap     ] GC(222)      Live:         -                 8M (0%)            8M (0%)            8M (0%)             -                  -          
[169.616s][info][gc,heap     ] GC(222) Allocated:         -                28M (1%)          156M (8%)          157M (8%)             -                  -          
[169.616s][info][gc,heap     ] GC(222)   Garbage:         -              1359M (66%)         107M (5%)            3M (0%)             -                  -          
[169.616s][info][gc,heap     ] GC(222) Reclaimed:         -                  -              1252M (61%)        1355M (66%)            -                  -          
[169.616s][info][gc          ] GC(222) Garbage Collection (Allocation Rate) 1368M(67%)->170M(8%)
[170.126s][info][gc,stats    ] === Garbage Collection Statistics =======================================================================================================================
[170.126s][info][gc,stats    ]                                                              Last 10s              Last 10m              Last 10h                Total
[170.126s][info][gc,stats    ]                                                              Avg / Max             Avg / Max             Avg / Max             Avg / Max
[170.126s][info][gc,stats    ]   Collector: Garbage Collection Cycle                    107.924 / 248.086      71.775 / 273.863      71.775 / 273.863      71.775 / 273.863     ms
[170.126s][info][gc,stats    ]  Contention: Mark Segment Reset Contention                     0 / 0                 0 / 11                0 / 11                0 / 11          ops/s
[170.126s][info][gc,stats    ]  Contention: Mark SeqNum Reset Contention                      0 / 0                 0 / 2                 0 / 2                 0 / 2           ops/s
[170.126s][info][gc,stats    ]    Critical: Allocation Stall                                  0 / 0                 0 / 43                0 / 43                0 / 43          ops/s
[170.126s][info][gc,stats    ]    Critical: Allocation Stall                              0.000 / 0.000        29.268 / 55.638       29.268 / 55.638       29.268 / 55.638      ms
[170.126s][info][gc,stats    ]    Critical: GC Locker Stall                                   0 / 0                 0 / 0                 0 / 0                 0 / 0           ops/s
[170.126s][info][gc,stats    ]    Critical: GC Locker Stall                               0.000 / 0.000         0.000 / 0.000         0.000 / 0.000         0.000 / 0.000       ms
[170.126s][info][gc,stats    ]    Critical: Relocation Stall                                  0 / 0                 0 / 0                 0 / 0                 0 / 0           ops/s
[170.126s][info][gc,stats    ]    Critical: Relocation Stall                              0.000 / 0.000         0.000 / 0.000         0.000 / 0.000         0.000 / 0.000       ms
[170.126s][info][gc,stats    ]      Memory: Allocation Rate                                1880 / 2168           1883 / 2242           1883 / 2242           1883 / 2242        MB/s
[170.126s][info][gc,stats    ]      Memory: Defragment                                        0 / 0                 0 / 0                 0 / 0                 0 / 0           ops/s
[170.126s][info][gc,stats    ]      Memory: Out Of Memory                                     0 / 0                 0 / 0                 0 / 0                 0 / 0           ops/s
[170.126s][info][gc,stats    ]      Memory: Page Cache Flush                                  0 / 0                 0 / 0                 0 / 0                 0 / 0           MB/s
[170.126s][info][gc,stats    ]      Memory: Page Cache Hit L1                               941 / 1087            939 / 1124            939 / 1124            939 / 1124        ops/s
[170.126s][info][gc,stats    ]      Memory: Page Cache Hit L2                                 0 / 0                 0 / 0                 0 / 0                 0 / 0           ops/s
[170.126s][info][gc,stats    ]      Memory: Page Cache Hit L3                                 0 / 0                 6 / 449               6 / 449               6 / 449         ops/s
[170.126s][info][gc,stats    ]      Memory: Page Cache Miss                                   0 / 0                 0 / 1                 0 / 1                 0 / 1           ops/s
[170.126s][info][gc,stats    ]      Memory: Uncommit                                          0 / 0                 0 / 0                 0 / 0                 0 / 0           MB/s
[170.126s][info][gc,stats    ]      Memory: Undo Object Allocation Failed                    47 / 112              26 / 141              26 / 141              26 / 141         ops/s
[170.126s][info][gc,stats    ]      Memory: Undo Object Allocation Succeeded                  2 / 8                 2 / 21                2 / 21                2 / 21          ops/s
[170.126s][info][gc,stats    ]      Memory: Undo Page Allocation                             69 / 98               67 / 221              67 / 221              67 / 221         ops/s
[170.126s][info][gc,stats    ]       Phase: Concurrent Mark                              16.225 / 24.713       15.463 / 212.397      15.463 / 212.397      15.463 / 212.397     ms
[170.126s][info][gc,stats    ]       Phase: Concurrent Mark Continue                      0.000 / 0.000         0.000 / 0.000         0.000 / 0.000         0.000 / 0.000       ms
[170.126s][info][gc,stats    ]       Phase: Concurrent Mark Free                          0.001 / 0.002         0.001 / 0.002         0.001 / 0.002         0.001 / 0.002       ms
[170.126s][info][gc,stats    ]       Phase: Concurrent Process Non-Strong References     69.593 / 78.246       43.307 / 242.741      43.307 / 242.741      43.307 / 242.741     ms
[170.126s][info][gc,stats    ]       Phase: Concurrent Relocate                           1.352 / 3.947         1.490 / 5.770         1.490 / 5.770         1.490 / 5.770       ms
[170.126s][info][gc,stats    ]       Phase: Concurrent Reset Relocation Set               0.006 / 0.009         0.006 / 0.011         0.006 / 0.011         0.006 / 0.011       ms
[170.126s][info][gc,stats    ]       Phase: Concurrent Select Relocation Set              4.311 / 4.857         4.464 / 14.014        4.464 / 14.014        4.464 / 14.014      ms
[170.126s][info][gc,stats    ]       Phase: Pause Mark End                                0.017 / 0.036         0.017 / 0.102         0.017 / 0.102         0.017 / 0.102       ms
[170.126s][info][gc,stats    ]       Phase: Pause Mark Start                              0.012 / 0.017         0.012 / 0.049         0.012 / 0.049         0.012 / 0.049       ms
[170.126s][info][gc,stats    ]       Phase: Pause Relocate Start                          0.008 / 0.008         0.007 / 0.020         0.007 / 0.020         0.007 / 0.020       ms
[170.127s][info][gc,stats    ]    Subphase: Concurrent Classes Purge                      0.007 / 0.013         0.032 / 3.094         0.032 / 3.094         0.032 / 3.094       ms
[170.127s][info][gc,stats    ]    Subphase: Concurrent Classes Unlink                     5.276 / 5.636         4.097 / 10.160        4.097 / 10.160        4.097 / 10.160      ms
[170.127s][info][gc,stats    ]    Subphase: Concurrent Mark                              15.091 / 22.690        9.963 / 211.109       9.963 / 211.109       9.963 / 211.109     ms
[170.127s][info][gc,stats    ]    Subphase: Concurrent Mark Try Flush                     0.102 / 0.176         0.409 / 193.285       0.409 / 193.285       0.409 / 193.285     ms
[170.127s][info][gc,stats    ]    Subphase: Concurrent Mark Try Terminate                 0.048 / 0.179         2.249 / 16.632        2.249 / 16.632        2.249 / 16.632      ms
[170.127s][info][gc,stats    ]    Subphase: Concurrent References Enqueue                 0.001 / 0.002         0.001 / 0.006         0.001 / 0.006         0.001 / 0.006       ms
[170.127s][info][gc,stats    ]    Subphase: Concurrent References Process                 0.112 / 0.192         0.103 / 0.200         0.103 / 0.200         0.103 / 0.200       ms
[170.127s][info][gc,stats    ]    Subphase: Concurrent Roots ClassLoaderDataGraph         0.221 / 0.396         0.113 / 1.252         0.113 / 1.252         0.113 / 1.252       ms
[170.127s][info][gc,stats    ]    Subphase: Concurrent Roots CodeCache                    0.000 / 0.000         0.000 / 0.000         0.000 / 0.000         0.000 / 0.000       ms
[170.127s][info][gc,stats    ]    Subphase: Concurrent Roots JavaThreads                  0.760 / 1.422         0.330 / 1.791         0.330 / 1.791         0.330 / 1.791       ms
[170.127s][info][gc,stats    ]    Subphase: Concurrent Roots OopStorageSet                0.072 / 0.108         0.050 / 0.778         0.050 / 0.778         0.050 / 0.778       ms
[170.127s][info][gc,stats    ]    Subphase: Concurrent Weak Roots OopStorageSet          64.034 / 72.666       16.334 / 72.666       16.334 / 72.666       16.334 / 72.666      ms
[170.127s][info][gc,stats    ]    Subphase: Pause Mark Try Complete                       0.003 / 0.003         0.002 / 0.006         0.002 / 0.006         0.002 / 0.006       ms
[170.127s][info][gc,stats    ]      System: Java Threads                                     60 / 60               55 / 73               55 / 73               55 / 73          threads
[170.127s][info][gc,stats    ] =========================================================================================================================================================
[170.425s][info][gc,start    ] GC(223) Garbage Collection (Allocation Rate)
[170.425s][info][gc,task     ] GC(223) Using 1 workers
[170.426s][info][gc,phases   ] GC(223) Pause Mark Start 0.013ms
[170.440s][info][gc,phases   ] GC(223) Concurrent Mark 14.226ms
[170.440s][info][gc,phases   ] GC(223) Pause Mark End 0.015ms
[170.440s][info][gc,phases   ] GC(223) Concurrent Mark Free 0.001ms
[170.516s][info][gc,phases   ] GC(223) Concurrent Process Non-Strong References 76.104ms
[170.516s][info][gc,phases   ] GC(223) Concurrent Reset Relocation Set 0.006ms
[170.521s][info][gc,phases   ] GC(223) Concurrent Select Relocation Set 4.723ms
[170.521s][info][gc,phases   ] GC(223) Pause Relocate Start 0.010ms
[170.522s][info][gc,phases   ] GC(223) Concurrent Relocate 0.529ms
[170.522s][info][gc,load     ] GC(223) Load: 0.00/0.00/0.00
[170.522s][info][gc,mmu      ] GC(223) MMU: 2ms/94.9%, 5ms/98.0%, 10ms/99.0%, 20ms/99.4%, 50ms/99.8%, 100ms/99.9%
[170.522s][info][gc,marking  ] GC(223) Mark: 1 stripe(s), 2 proactive flush(es), 1 terminate flush(es), 0 completion(s), 0 continuation(s) 
[170.522s][info][gc,marking  ] GC(223) Mark Stack Usage: 32M
[170.522s][info][gc,nmethod  ] GC(223) NMethods: 2294 registered, 1 unregistered
[170.522s][info][gc,metaspace] GC(223) Metaspace: 13M used, 14M committed, 1088M reserved
[170.522s][info][gc,ref      ] GC(223) Soft: 134 encountered, 0 discovered, 0 enqueued
[170.522s][info][gc,ref      ] GC(223) Weak: 713 encountered, 453 discovered, 0 enqueued
[170.522s][info][gc,ref      ] GC(223) Final: 0 encountered, 0 discovered, 0 enqueued
[170.522s][info][gc,ref      ] GC(223) Phantom: 59 encountered, 41 discovered, 0 enqueued
[170.522s][info][gc,reloc    ] GC(223) Small Pages: 771 / 1542M, Empty: 1420M, Relocated: 1M, In-Place: 0
[170.522s][info][gc,reloc    ] GC(223) Medium Pages: 0 / 0M, Empty: 0M, Relocated: 0M, In-Place: 0
[170.522s][info][gc,reloc    ] GC(223) Large Pages: 0 / 0M, Empty: 0M, Relocated: 0M, In-Place: 0
[170.522s][info][gc,reloc    ] GC(223) Forwarding Usage: 0M
[170.522s][info][gc,heap     ] GC(223) Min Capacity: 8M(0%)
[170.522s][info][gc,heap     ] GC(223) Max Capacity: 2048M(100%)
[170.522s][info][gc,heap     ] GC(223) Soft Max Capacity: 2048M(100%)
[170.522s][info][gc,heap     ] GC(223)                Mark Start          Mark End        Relocate Start      Relocate End           High               Low         
[170.522s][info][gc,heap     ] GC(223)  Capacity:     2048M (100%)       2048M (100%)       2048M (100%)       2048M (100%)       2048M (100%)       2048M (100%)   
[170.522s][info][gc,heap     ] GC(223)      Free:      506M (25%)         478M (23%)        1768M (86%)        1876M (92%)        1876M (92%)         356M (17%)    
[170.522s][info][gc,heap     ] GC(223)      Used:     1542M (75%)        1570M (77%)         280M (14%)         172M (8%)         1692M (83%)         172M (8%)     
[170.522s][info][gc,heap     ] GC(223)      Live:         -                 9M (0%)            9M (0%)            9M (0%)             -                  -          
[170.522s][info][gc,heap     ] GC(223) Allocated:         -                28M (1%)          158M (8%)          159M (8%)             -                  -          
[170.522s][info][gc,heap     ] GC(223)   Garbage:         -              1532M (75%)         112M (6%)            3M (0%)             -                  -          
[170.522s][info][gc,heap     ] GC(223) Reclaimed:         -                  -              1420M (69%)        1529M (75%)            -                  -          
[170.522s][info][gc          ] GC(223) Garbage Collection (Allocation Rate) 1542M(75%)->172M(8%)
[171.425s][info][gc,start    ] GC(224) Garbage Collection (Allocation Rate)
[171.425s][info][gc,task     ] GC(224) Using 1 workers
[171.425s][info][gc,phases   ] GC(224) Pause Mark Start 0.010ms
[171.434s][info][gc,phases   ] GC(224) Concurrent Mark 9.168ms
[171.435s][info][gc,phases   ] GC(224) Pause Mark End 0.011ms
[171.435s][info][gc,phases   ] GC(224) Concurrent Mark Free 0.001ms
[171.500s][info][gc,phases   ] GC(224) Concurrent Process Non-Strong References 65.015ms
[171.500s][info][gc,phases   ] GC(224) Concurrent Reset Relocation Set 0.005ms
[171.503s][info][gc,phases   ] GC(224) Concurrent Select Relocation Set 3.510ms
[171.503s][info][gc,phases   ] GC(224) Pause Relocate Start 0.008ms
[171.504s][info][gc,phases   ] GC(224) Concurrent Relocate 0.464ms
[171.504s][info][gc,load     ] GC(224) Load: 0.00/0.00/0.00
[171.504s][info][gc,mmu      ] GC(224) MMU: 2ms/94.9%, 5ms/98.0%, 10ms/99.0%, 20ms/99.4%, 50ms/99.8%, 100ms/99.9%
[171.504s][info][gc,marking  ] GC(224) Mark: 1 stripe(s), 2 proactive flush(es), 1 terminate flush(es), 0 completion(s), 0 continuation(s) 
[171.504s][info][gc,marking  ] GC(224) Mark Stack Usage: 32M
[171.504s][info][gc,nmethod  ] GC(224) NMethods: 2294 registered, 1 unregistered
[171.504s][info][gc,metaspace] GC(224) Metaspace: 13M used, 14M committed, 1088M reserved
[171.504s][info][gc,ref      ] GC(224) Soft: 134 encountered, 0 discovered, 0 enqueued
[171.504s][info][gc,ref      ] GC(224) Weak: 639 encountered, 451 discovered, 0 enqueued
[171.504s][info][gc,ref      ] GC(224) Final: 0 encountered, 0 discovered, 0 enqueued
[171.504s][info][gc,ref      ] GC(224) Phantom: 59 encountered, 41 discovered, 0 enqueued
[171.504s][info][gc,reloc    ] GC(224) Small Pages: 838 / 1676M, Empty: 1538M, Relocated: 1M, In-Place: 0
[171.504s][info][gc,reloc    ] GC(224) Medium Pages: 0 / 0M, Empty: 0M, Relocated: 0M, In-Place: 0
[171.504s][info][gc,reloc    ] GC(224) Large Pages: 0 / 0M, Empty: 0M, Relocated: 0M, In-Place: 0
[171.504s][info][gc,reloc    ] GC(224) Forwarding Usage: 0M
[171.504s][info][gc,heap     ] GC(224) Min Capacity: 8M(0%)
[171.504s][info][gc,heap     ] GC(224) Max Capacity: 2048M(100%)
[171.504s][info][gc,heap     ] GC(224) Soft Max Capacity: 2048M(100%)
[171.505s][info][gc,heap     ] GC(224)                Mark Start          Mark End        Relocate Start      Relocate End           High               Low         
[171.505s][info][gc,heap     ] GC(224)  Capacity:     2048M (100%)       2048M (100%)       2048M (100%)       2048M (100%)       2048M (100%)       2048M (100%)   
[171.505s][info][gc,heap     ] GC(224)      Free:      372M (18%)         356M (17%)        1816M (89%)        1944M (95%)        1944M (95%)         280M (14%)    
[171.505s][info][gc,heap     ] GC(224)      Used:     1676M (82%)        1692M (83%)         232M (11%)         104M (5%)         1768M (86%)         104M (5%)     
[171.505s][info][gc,heap     ] GC(224)      Live:         -                 7M (0%)            7M (0%)            7M (0%)             -                  -          
[171.505s][info][gc,heap     ] GC(224) Allocated:         -                16M (1%)           94M (5%)           93M (5%)             -                  -          
[171.505s][info][gc,heap     ] GC(224)   Garbage:         -              1668M (81%)         130M (6%)            2M (0%)             -                  -          
[171.505s][info][gc,heap     ] GC(224) Reclaimed:         -                  -              1538M (75%)        1665M (81%)            -                  -          
[171.505s][info][gc          ] GC(224) Garbage Collection (Allocation Rate) 1676M(82%)->104M(5%)
[171.547s][info][gc,start    ] GC(225) Garbage Collection (System.gc())
[171.547s][info][gc,task     ] GC(225) Using 12 workers
[171.547s][info][gc,phases   ] GC(225) Pause Mark Start 0.014ms
[171.561s][info][gc,phases   ] GC(225) Concurrent Mark 13.587ms
[171.561s][info][gc,phases   ] GC(225) Pause Mark End 0.015ms
[171.561s][info][gc,phases   ] GC(225) Concurrent Mark Free 0.001ms
[171.572s][info][gc,phases   ] GC(225) Concurrent Process Non-Strong References 10.626ms
[171.572s][info][gc,phases   ] GC(225) Concurrent Reset Relocation Set 0.004ms
[171.575s][info][gc,phases   ] GC(225) Concurrent Select Relocation Set 3.327ms
[171.575s][info][gc,phases   ] GC(225) Pause Relocate Start 0.005ms
[171.577s][info][gc,phases   ] GC(225) Concurrent Relocate 1.919ms
[171.577s][info][gc,load     ] GC(225) Load: 0.00/0.00/0.00
[171.577s][info][gc,mmu      ] GC(225) MMU: 2ms/94.9%, 5ms/98.0%, 10ms/99.0%, 20ms/99.4%, 50ms/99.8%, 100ms/99.9%
[171.577s][info][gc,marking  ] GC(225) Mark: 8 stripe(s), 1 proactive flush(es), 1 terminate flush(es), 0 completion(s), 0 continuation(s) 
[171.577s][info][gc,marking  ] GC(225) Mark Stack Usage: 32M
[171.577s][info][gc,nmethod  ] GC(225) NMethods: 2294 registered, 1 unregistered
[171.577s][info][gc,metaspace] GC(225) Metaspace: 13M used, 14M committed, 1088M reserved
[171.577s][info][gc,ref      ] GC(225) Soft: 134 encountered, 0 discovered, 0 enqueued
[171.577s][info][gc,ref      ] GC(225) Weak: 617 encountered, 286 discovered, 0 enqueued
[171.577s][info][gc,ref      ] GC(225) Final: 0 encountered, 0 discovered, 0 enqueued
[171.577s][info][gc,ref      ] GC(225) Phantom: 59 encountered, 46 discovered, 0 enqueued
[171.577s][info][gc,reloc    ] GC(225) Small Pages: 62 / 124M, Empty: 110M, Relocated: 3M, In-Place: 0
[171.577s][info][gc,reloc    ] GC(225) Medium Pages: 0 / 0M, Empty: 0M, Relocated: 0M, In-Place: 0
[171.577s][info][gc,reloc    ] GC(225) Large Pages: 0 / 0M, Empty: 0M, Relocated: 0M, In-Place: 0
[171.577s][info][gc,reloc    ] GC(225) Forwarding Usage: 1M
[171.577s][info][gc,heap     ] GC(225) Min Capacity: 8M(0%)
[171.577s][info][gc,heap     ] GC(225) Max Capacity: 2048M(100%)
[171.577s][info][gc,heap     ] GC(225) Soft Max Capacity: 2048M(100%)
[171.577s][info][gc,heap     ] GC(225)                Mark Start          Mark End        Relocate Start      Relocate End           High               Low         
[171.577s][info][gc,heap     ] GC(225)  Capacity:     2048M (100%)       2048M (100%)       2048M (100%)       2048M (100%)       2048M (100%)       2048M (100%)   
[171.577s][info][gc,heap     ] GC(225)      Free:     1924M (94%)        1924M (94%)        2034M (99%)        2034M (99%)        2034M (99%)        1924M (94%)    
[171.577s][info][gc,heap     ] GC(225)      Used:      124M (6%)          124M (6%)           14M (1%)           14M (1%)          124M (6%)           14M (1%)     
[171.577s][info][gc,heap     ] GC(225)      Live:         -                 4M (0%)            4M (0%)            4M (0%)             -                  -          
[171.577s][info][gc,heap     ] GC(225) Allocated:         -                 0M (0%)            0M (0%)            0M (0%)             -                  -          
[171.577s][info][gc,heap     ] GC(225)   Garbage:         -               119M (6%)            9M (0%)            9M (0%)             -                  -          
[171.577s][info][gc,heap     ] GC(225) Reclaimed:         -                  -               110M (5%)          110M (5%)             -                  -          
[171.578s][info][gc          ] GC(225) Garbage Collection (System.gc()) 124M(6%)->14M(1%)
[172.225s][info][gc,start    ] GC(226) Garbage Collection (Allocation Rate)
[172.225s][info][gc,task     ] GC(226) Using 2 workers
[172.225s][info][gc,phases   ] GC(226) Pause Mark Start 0.013ms
[172.235s][info][gc,phases   ] GC(226) Concurrent Mark 10.104ms
[172.235s][info][gc,phases   ] GC(226) Pause Mark End 0.019ms
[172.235s][info][gc,phases   ] GC(226) Concurrent Mark Free 0.001ms
[172.269s][info][gc,phases   ] GC(226) Concurrent Process Non-Strong References 33.191ms
[172.269s][info][gc,phases   ] GC(226) Concurrent Reset Relocation Set 0.001ms
[172.272s][info][gc,phases   ] GC(226) Concurrent Select Relocation Set 3.419ms
[172.272s][info][gc,phases   ] GC(226) Pause Relocate Start 0.007ms
[172.274s][info][gc,phases   ] GC(226) Concurrent Relocate 1.869ms
[172.274s][info][gc,load     ] GC(226) Load: 0.00/0.00/0.00
[172.274s][info][gc,mmu      ] GC(226) MMU: 2ms/94.9%, 5ms/98.0%, 10ms/99.0%, 20ms/99.4%, 50ms/99.8%, 100ms/99.9%
[172.274s][info][gc,marking  ] GC(226) Mark: 2 stripe(s), 2 proactive flush(es), 1 terminate flush(es), 0 completion(s), 0 continuation(s) 
[172.274s][info][gc,marking  ] GC(226) Mark Stack Usage: 32M
[172.274s][info][gc,nmethod  ] GC(226) NMethods: 2295 registered, 1 unregistered
[172.274s][info][gc,metaspace] GC(226) Metaspace: 13M used, 14M committed, 1088M reserved
[172.274s][info][gc,ref      ] GC(226) Soft: 134 encountered, 0 discovered, 0 enqueued
[172.274s][info][gc,ref      ] GC(226) Weak: 723 encountered, 498 discovered, 2 enqueued
[172.274s][info][gc,ref      ] GC(226) Final: 0 encountered, 0 discovered, 0 enqueued
[172.274s][info][gc,ref      ] GC(226) Phantom: 59 encountered, 44 discovered, 0 enqueued
[172.274s][info][gc,reloc    ] GC(226) Small Pages: 635 / 1270M, Empty: 1160M, Relocated: 2M, In-Place: 0
[172.275s][info][gc,reloc    ] GC(226) Medium Pages: 0 / 0M, Empty: 0M, Relocated: 0M, In-Place: 0
[172.275s][info][gc,reloc    ] GC(226) Large Pages: 0 / 0M, Empty: 0M, Relocated: 0M, In-Place: 0
[172.275s][info][gc,reloc    ] GC(226) Forwarding Usage: 0M
[172.275s][info][gc,heap     ] GC(226) Min Capacity: 8M(0%)
[172.275s][info][gc,heap     ] GC(226) Max Capacity: 2048M(100%)
[172.275s][info][gc,heap     ] GC(226) Soft Max Capacity: 2048M(100%)
[172.275s][info][gc,heap     ] GC(226)                Mark Start          Mark End        Relocate Start      Relocate End           High               Low         
[172.275s][info][gc,heap     ] GC(226)  Capacity:     2048M (100%)       2048M (100%)       2048M (100%)       2048M (100%)       2048M (100%)       2048M (100%)   
[172.275s][info][gc,heap     ] GC(226)      Free:      778M (38%)         752M (37%)        1842M (90%)        1936M (95%)        1936M (95%)         688M (34%)    
[172.275s][info][gc,heap     ] GC(226)      Used:     1270M (62%)        1296M (63%)         206M (10%)         112M (5%)         1360M (66%)         112M (5%)     
[172.275s][info][gc,heap     ] GC(226)      Live:         -                 7M (0%)            7M (0%)            7M (0%)             -                  -          
[172.275s][info][gc,heap     ] GC(226) Allocated:         -                26M (1%)           96M (5%)          100M (5%)             -                  -          
[172.275s][info][gc,heap     ] GC(226)   Garbage:         -              1262M (62%)         102M (5%)            4M (0%)             -                  -          
[172.275s][info][gc,heap     ] GC(226) Reclaimed:         -                  -              1160M (57%)        1258M (61%)            -                  -          
[172.275s][info][gc          ] GC(226) Garbage Collection (Allocation Rate) 1270M(62%)->112M(5%)
[172.725s][info][gc,start    ] GC(227) Garbage Collection (Allocation Rate)
[172.725s][info][gc,task     ] GC(227) Using 2 workers
[172.725s][info][gc,phases   ] GC(227) Pause Mark Start 0.013ms
[172.736s][info][gc,phases   ] GC(227) Concurrent Mark 10.609ms
[172.736s][info][gc,phases   ] GC(227) Pause Mark End 0.016ms
[172.736s][info][gc,phases   ] GC(227) Concurrent Mark Free 0.001ms
[172.775s][info][gc,phases   ] GC(227) Concurrent Process Non-Strong References 39.008ms
[172.775s][info][gc,phases   ] GC(227) Concurrent Reset Relocation Set 0.008ms
[172.780s][info][gc,phases   ] GC(227) Concurrent Select Relocation Set 4.288ms
[172.780s][info][gc,phases   ] GC(227) Pause Relocate Start 0.008ms
[172.781s][info][gc,phases   ] GC(227) Concurrent Relocate 1.230ms
[172.781s][info][gc,load     ] GC(227) Load: 0.00/0.00/0.00
[172.781s][info][gc,mmu      ] GC(227) MMU: 2ms/94.9%, 5ms/98.0%, 10ms/99.0%, 20ms/99.4%, 50ms/99.8%, 100ms/99.9%
[172.781s][info][gc,marking  ] GC(227) Mark: 2 stripe(s), 2 proactive flush(es), 1 terminate flush(es), 0 completion(s), 0 continuation(s) 
[172.781s][info][gc,marking  ] GC(227) Mark Stack Usage: 32M
[172.781s][info][gc,nmethod  ] GC(227) NMethods: 2295 registered, 1 unregistered
[172.781s][info][gc,metaspace] GC(227) Metaspace: 13M used, 14M committed, 1088M reserved
[172.781s][info][gc,ref      ] GC(227) Soft: 134 encountered, 0 discovered, 0 enqueued
[172.781s][info][gc,ref      ] GC(227) Weak: 721 encountered, 393 discovered, 0 enqueued
[172.781s][info][gc,ref      ] GC(227) Final: 0 encountered, 0 discovered, 0 enqueued
[172.781s][info][gc,ref      ] GC(227) Phantom: 59 encountered, 43 discovered, 0 enqueued
[172.781s][info][gc,reloc    ] GC(227) Small Pages: 513 / 1026M, Empty: 946M, Relocated: 1M, In-Place: 0
[172.781s][info][gc,reloc    ] GC(227) Medium Pages: 0 / 0M, Empty: 0M, Relocated: 0M, In-Place: 0
[172.782s][info][gc,reloc    ] GC(227) Large Pages: 0 / 0M, Empty: 0M, Relocated: 0M, In-Place: 0
[172.782s][info][gc,reloc    ] GC(227) Forwarding Usage: 0M
[172.782s][info][gc,heap     ] GC(227) Min Capacity: 8M(0%)
[172.782s][info][gc,heap     ] GC(227) Max Capacity: 2048M(100%)
[172.782s][info][gc,heap     ] GC(227) Soft Max Capacity: 2048M(100%)
[172.782s][info][gc,heap     ] GC(227)                Mark Start          Mark End        Relocate Start      Relocate End           High               Low         
[172.782s][info][gc,heap     ] GC(227)  Capacity:     2048M (100%)       2048M (100%)       2048M (100%)       2048M (100%)       2048M (100%)       2048M (100%)   
[172.782s][info][gc,heap     ] GC(227)      Free:     1022M (50%)         996M (49%)        1852M (90%)        1916M (94%)        1918M (94%)         914M (45%)    
[172.782s][info][gc,heap     ] GC(227)      Used:     1026M (50%)        1052M (51%)         196M (10%)         132M (6%)         1134M (55%)         130M (6%)     
[172.782s][info][gc,heap     ] GC(227)      Live:         -                 7M (0%)            7M (0%)            7M (0%)             -                  -          
[172.782s][info][gc,heap     ] GC(227) Allocated:         -                26M (1%)          116M (6%)          119M (6%)             -                  -          
[172.782s][info][gc,heap     ] GC(227)   Garbage:         -              1018M (50%)          72M (4%)            4M (0%)             -                  -          
[172.782s][info][gc,heap     ] GC(227) Reclaimed:         -                  -               946M (46%)        1013M (50%)            -                  -          
[172.782s][info][gc          ] GC(227) Garbage Collection (Allocation Rate) 1026M(50%)->132M(6%)
[173.425s][info][gc,start    ] GC(228) Garbage Collection (Allocation Rate)
[173.425s][info][gc,task     ] GC(228) Using 2 workers
[173.425s][info][gc,phases   ] GC(228) Pause Mark Start 0.012ms
[173.436s][info][gc,phases   ] GC(228) Concurrent Mark 10.107ms
[173.436s][info][gc,phases   ] GC(228) Pause Mark End 0.015ms
[173.436s][info][gc,phases   ] GC(228) Concurrent Mark Free 0.001ms
[173.544s][info][gc,phases   ] GC(228) Concurrent Process Non-Strong References 107.892ms
[173.544s][info][gc,phases   ] GC(228) Concurrent Reset Relocation Set 0.006ms
[173.549s][info][gc,phases   ] GC(228) Concurrent Select Relocation Set 5.026ms
[173.630s][info][gc,phases   ] GC(228) Pause Relocate Start 0.014ms
[173.633s][info][gc,phases   ] GC(228) Concurrent Relocate 2.461ms
[173.633s][info][gc,load     ] GC(228) Load: 0.00/0.00/0.00
[173.633s][info][gc,mmu      ] GC(228) MMU: 2ms/94.9%, 5ms/98.0%, 10ms/99.0%, 20ms/99.4%, 50ms/99.8%, 100ms/99.9%
[173.633s][info][gc,marking  ] GC(228) Mark: 2 stripe(s), 2 proactive flush(es), 1 terminate flush(es), 0 completion(s), 0 continuation(s) 
[173.633s][info][gc,marking  ] GC(228) Mark Stack Usage: 32M
[173.633s][info][gc,nmethod  ] GC(228) NMethods: 2295 registered, 1 unregistered
[173.633s][info][gc,metaspace] GC(228) Metaspace: 13M used, 14M committed, 1088M reserved
[173.633s][info][gc,ref      ] GC(228) Soft: 134 encountered, 0 discovered, 0 enqueued
[173.633s][info][gc,ref      ] GC(228) Weak: 721 encountered, 396 discovered, 0 enqueued
[173.633s][info][gc,ref      ] GC(228) Final: 0 encountered, 0 discovered, 0 enqueued
[173.633s][info][gc,ref      ] GC(228) Phantom: 59 encountered, 44 discovered, 0 enqueued
[173.633s][info][gc,reloc    ] GC(228) Small Pages: 718 / 1436M, Empty: 1334M, Relocated: 1M, In-Place: 0
[173.633s][info][gc,reloc    ] GC(228) Medium Pages: 0 / 0M, Empty: 0M, Relocated: 0M, In-Place: 0
[173.633s][info][gc,reloc    ] GC(228) Large Pages: 0 / 0M, Empty: 0M, Relocated: 0M, In-Place: 0
[173.633s][info][gc,reloc    ] GC(228) Forwarding Usage: 0M
[173.633s][info][gc,heap     ] GC(228) Min Capacity: 8M(0%)
[173.633s][info][gc,heap     ] GC(228) Max Capacity: 2048M(100%)
[173.633s][info][gc,heap     ] GC(228) Soft Max Capacity: 2048M(100%)
[173.633s][info][gc,heap     ] GC(228)                Mark Start          Mark End        Relocate Start      Relocate End           High               Low         
[173.634s][info][gc,heap     ] GC(228)  Capacity:     2048M (100%)       2048M (100%)       2048M (100%)       2048M (100%)       2048M (100%)       2048M (100%)   
[173.634s][info][gc,heap     ] GC(228)      Free:      612M (30%)         586M (29%)        1692M (83%)        1778M (87%)        1780M (87%)         368M (18%)    
[173.634s][info][gc,heap     ] GC(228)      Used:     1436M (70%)        1462M (71%)         356M (17%)         270M (13%)        1680M (82%)         268M (13%)    
[173.634s][info][gc,heap     ] GC(228)      Live:         -                 7M (0%)            7M (0%)            7M (0%)             -                  -          
[173.634s][info][gc,heap     ] GC(228) Allocated:         -                26M (1%)          254M (12%)         257M (13%)            -                  -          
[173.634s][info][gc,heap     ] GC(228)   Garbage:         -              1428M (70%)          94M (5%)            4M (0%)             -                  -          
[173.634s][info][gc,heap     ] GC(228) Reclaimed:         -                  -              1334M (65%)        1423M (70%)            -                  -          
[173.634s][info][gc          ] GC(228) Garbage Collection (Allocation Rate) 1436M(70%)->270M(13%)
[173.924s][info][gc,start    ] GC(229) Garbage Collection (Allocation Rate)
[173.925s][info][gc,task     ] GC(229) Using 2 workers
[173.925s][info][gc,phases   ] GC(229) Pause Mark Start 0.011ms
[173.934s][info][gc,phases   ] GC(229) Concurrent Mark 8.861ms
[173.934s][info][gc,phases   ] GC(229) Pause Mark End 0.014ms
[173.934s][info][gc,phases   ] GC(229) Concurrent Mark Free 0.001ms
[173.967s][info][gc,phases   ] GC(229) Concurrent Process Non-Strong References 32.759ms
[173.967s][info][gc,phases   ] GC(229) Concurrent Reset Relocation Set 0.006ms
[173.971s][info][gc,phases   ] GC(229) Concurrent Select Relocation Set 4.189ms
[173.971s][info][gc,phases   ] GC(229) Pause Relocate Start 0.007ms
[173.973s][info][gc,phases   ] GC(229) Concurrent Relocate 2.022ms
[173.973s][info][gc,load     ] GC(229) Load: 0.00/0.00/0.00
[173.973s][info][gc,mmu      ] GC(229) MMU: 2ms/94.9%, 5ms/98.0%, 10ms/99.0%, 20ms/99.4%, 50ms/99.8%, 100ms/99.9%
[173.973s][info][gc,marking  ] GC(229) Mark: 2 stripe(s), 2 proactive flush(es), 1 terminate flush(es), 0 completion(s), 0 continuation(s) 
[173.973s][info][gc,marking  ] GC(229) Mark Stack Usage: 32M
[173.973s][info][gc,nmethod  ] GC(229) NMethods: 2295 registered, 1 unregistered
[173.973s][info][gc,metaspace] GC(229) Metaspace: 13M used, 14M committed, 1088M reserved
[173.973s][info][gc,ref      ] GC(229) Soft: 134 encountered, 0 discovered, 0 enqueued
[173.973s][info][gc,ref      ] GC(229) Weak: 721 encountered, 145 discovered, 0 enqueued
[173.973s][info][gc,ref      ] GC(229) Final: 0 encountered, 0 discovered, 0 enqueued
[173.973s][info][gc,ref      ] GC(229) Phantom: 59 encountered, 43 discovered, 0 enqueued
[173.973s][info][gc,reloc    ] GC(229) Small Pages: 411 / 822M, Empty: 750M, Relocated: 1M, In-Place: 0
[173.974s][info][gc,reloc    ] GC(229) Medium Pages: 0 / 0M, Empty: 0M, Relocated: 0M, In-Place: 0
[173.974s][info][gc,reloc    ] GC(229) Large Pages: 0 / 0M, Empty: 0M, Relocated: 0M, In-Place: 0
[173.974s][info][gc,reloc    ] GC(229) Forwarding Usage: 0M
[173.974s][info][gc,heap     ] GC(229) Min Capacity: 8M(0%)
[173.974s][info][gc,heap     ] GC(229) Max Capacity: 2048M(100%)
[173.974s][info][gc,heap     ] GC(229) Soft Max Capacity: 2048M(100%)
[173.974s][info][gc,heap     ] GC(229)                Mark Start          Mark End        Relocate Start      Relocate End           High               Low         
[173.974s][info][gc,heap     ] GC(229)  Capacity:     2048M (100%)       2048M (100%)       2048M (100%)       2048M (100%)       2048M (100%)       2048M (100%)   
[173.974s][info][gc,heap     ] GC(229)      Free:     1226M (60%)        1200M (59%)        1880M (92%)        1936M (95%)        1938M (95%)        1138M (56%)    
[173.974s][info][gc,heap     ] GC(229)      Used:      822M (40%)         848M (41%)         168M (8%)          112M (5%)          910M (44%)         110M (5%)     
[173.974s][info][gc,heap     ] GC(229)      Live:         -                 7M (0%)            7M (0%)            7M (0%)             -                  -          
[173.974s][info][gc,heap     ] GC(229) Allocated:         -                26M (1%)           96M (5%)           99M (5%)             -                  -          
[173.974s][info][gc,heap     ] GC(229)   Garbage:         -               814M (40%)          64M (3%)            4M (0%)             -                  -          
[173.974s][info][gc,heap     ] GC(229) Reclaimed:         -                  -               750M (37%)         809M (40%)            -                  -          
[173.974s][info][gc          ] GC(229) Garbage Collection (Allocation Rate) 822M(40%)->112M(5%)
[174.426s][info][gc,start    ] GC(230) Garbage Collection (Allocation Rate)
[174.426s][info][gc,task     ] GC(230) Using 1 workers
[174.426s][info][gc,phases   ] GC(230) Pause Mark Start 0.013ms
[174.441s][info][gc,phases   ] GC(230) Concurrent Mark 15.194ms
[174.442s][info][gc,phases   ] GC(230) Pause Mark End 0.015ms
[174.442s][info][gc,phases   ] GC(230) Concurrent Mark Free 0.001ms
[174.509s][info][gc,phases   ] GC(230) Concurrent Process Non-Strong References 67.670ms
[174.510s][info][gc,phases   ] GC(230) Concurrent Reset Relocation Set 0.004ms
[174.514s][info][gc,phases   ] GC(230) Concurrent Select Relocation Set 4.776ms
[174.514s][info][gc,phases   ] GC(230) Pause Relocate Start 0.008ms
[174.517s][info][gc,phases   ] GC(230) Concurrent Relocate 2.859ms
[174.518s][info][gc,load     ] GC(230) Load: 0.00/0.00/0.00
[174.518s][info][gc,mmu      ] GC(230) MMU: 2ms/94.9%, 5ms/98.0%, 10ms/99.0%, 20ms/99.4%, 50ms/99.8%, 100ms/99.9%
[174.518s][info][gc,marking  ] GC(230) Mark: 1 stripe(s), 2 proactive flush(es), 1 terminate flush(es), 0 completion(s), 0 continuation(s) 
[174.518s][info][gc,marking  ] GC(230) Mark Stack Usage: 32M
[174.518s][info][gc,nmethod  ] GC(230) NMethods: 2295 registered, 1 unregistered
[174.518s][info][gc,metaspace] GC(230) Metaspace: 13M used, 14M committed, 1088M reserved
[174.518s][info][gc,ref      ] GC(230) Soft: 134 encountered, 0 discovered, 0 enqueued
[174.518s][info][gc,ref      ] GC(230) Weak: 721 encountered, 455 discovered, 0 enqueued
[174.518s][info][gc,ref      ] GC(230) Final: 0 encountered, 0 discovered, 0 enqueued
[174.518s][info][gc,ref      ] GC(230) Phantom: 59 encountered, 41 discovered, 0 enqueued
[174.518s][info][gc,reloc    ] GC(230) Small Pages: 500 / 1000M, Empty: 920M, Relocated: 3M, In-Place: 0
[174.518s][info][gc,reloc    ] GC(230) Medium Pages: 0 / 0M, Empty: 0M, Relocated: 0M, In-Place: 0
[174.518s][info][gc,reloc    ] GC(230) Large Pages: 0 / 0M, Empty: 0M, Relocated: 0M, In-Place: 0
[174.518s][info][gc,reloc    ] GC(230) Forwarding Usage: 0M
[174.518s][info][gc,heap     ] GC(230) Min Capacity: 8M(0%)
[174.518s][info][gc,heap     ] GC(230) Max Capacity: 2048M(100%)
[174.518s][info][gc,heap     ] GC(230) Soft Max Capacity: 2048M(100%)
[174.518s][info][gc,heap     ] GC(230)                Mark Start          Mark End        Relocate Start      Relocate End           High               Low         
[174.518s][info][gc,heap     ] GC(230)  Capacity:     2048M (100%)       2048M (100%)       2048M (100%)       2048M (100%)       2048M (100%)       2048M (100%)   
[174.518s][info][gc,heap     ] GC(230)      Free:     1048M (51%)        1010M (49%)        1784M (87%)        1848M (90%)        1852M (90%)         874M (43%)    
[174.518s][info][gc,heap     ] GC(230)      Used:     1000M (49%)        1038M (51%)         264M (13%)         200M (10%)        1174M (57%)         196M (10%)    
[174.518s][info][gc,heap     ] GC(230)      Live:         -                 7M (0%)            7M (0%)            7M (0%)             -                  -          
[174.518s][info][gc,heap     ] GC(230) Allocated:         -                38M (2%)          184M (9%)          189M (9%)             -                  -          
[174.518s][info][gc,heap     ] GC(230)   Garbage:         -               992M (48%)          72M (4%)            2M (0%)             -                  -          
[174.518s][info][gc,heap     ] GC(230) Reclaimed:         -                  -               920M (45%)         989M (48%)            -                  -          
[174.518s][info][gc          ] GC(230) Garbage Collection (Allocation Rate) 1000M(49%)->200M(10%)
[174.925s][info][gc,start    ] GC(231) Garbage Collection (Allocation Rate)
[174.926s][info][gc,task     ] GC(231) Using 1 workers
[174.926s][info][gc,phases   ] GC(231) Pause Mark Start 0.010ms
[174.943s][info][gc,phases   ] GC(231) Concurrent Mark 17.024ms
[174.943s][info][gc,phases   ] GC(231) Pause Mark End 0.016ms
[174.943s][info][gc,phases   ] GC(231) Concurrent Mark Free 0.002ms
[175.015s][info][gc,phases   ] GC(231) Concurrent Process Non-Strong References 71.674ms
[175.015s][info][gc,phases   ] GC(231) Concurrent Reset Relocation Set 0.007ms
[175.020s][info][gc,phases   ] GC(231) Concurrent Select Relocation Set 4.923ms
[175.020s][info][gc,phases   ] GC(231) Pause Relocate Start 0.007ms
[175.022s][info][gc,phases   ] GC(231) Concurrent Relocate 2.080ms
[175.022s][info][gc,load     ] GC(231) Load: 0.00/0.00/0.00
[175.022s][info][gc,mmu      ] GC(231) MMU: 2ms/94.9%, 5ms/98.0%, 10ms/99.0%, 20ms/99.4%, 50ms/99.8%, 100ms/99.9%
[175.022s][info][gc,marking  ] GC(231) Mark: 1 stripe(s), 2 proactive flush(es), 1 terminate flush(es), 0 completion(s), 0 continuation(s) 
[175.022s][info][gc,marking  ] GC(231) Mark Stack Usage: 32M
[175.022s][info][gc,nmethod  ] GC(231) NMethods: 2295 registered, 1 unregistered
[175.022s][info][gc,metaspace] GC(231) Metaspace: 13M used, 14M committed, 1088M reserved
[175.022s][info][gc,ref      ] GC(231) Soft: 134 encountered, 0 discovered, 0 enqueued
[175.022s][info][gc,ref      ] GC(231) Weak: 721 encountered, 455 discovered, 0 enqueued
[175.022s][info][gc,ref      ] GC(231) Final: 0 encountered, 0 discovered, 0 enqueued
[175.022s][info][gc,ref      ] GC(231) Phantom: 59 encountered, 41 discovered, 0 enqueued
[175.022s][info][gc,reloc    ] GC(231) Small Pages: 514 / 1028M, Empty: 946M, Relocated: 1M, In-Place: 0
[175.022s][info][gc,reloc    ] GC(231) Medium Pages: 0 / 0M, Empty: 0M, Relocated: 0M, In-Place: 0
[175.022s][info][gc,reloc    ] GC(231) Large Pages: 0 / 0M, Empty: 0M, Relocated: 0M, In-Place: 0
[175.022s][info][gc,reloc    ] GC(231) Forwarding Usage: 0M
[175.022s][info][gc,heap     ] GC(231) Min Capacity: 8M(0%)
[175.022s][info][gc,heap     ] GC(231) Max Capacity: 2048M(100%)
[175.022s][info][gc,heap     ] GC(231) Soft Max Capacity: 2048M(100%)
[175.022s][info][gc,heap     ] GC(231)                Mark Start          Mark End        Relocate Start      Relocate End           High               Low         
[175.022s][info][gc,heap     ] GC(231)  Capacity:     2048M (100%)       2048M (100%)       2048M (100%)       2048M (100%)       2048M (100%)       2048M (100%)   
[175.022s][info][gc,heap     ] GC(231)      Free:     1020M (50%)         978M (48%)        1770M (86%)        1838M (90%)        1840M (90%)         834M (41%)    
[175.022s][info][gc,heap     ] GC(231)      Used:     1028M (50%)        1070M (52%)         278M (14%)         210M (10%)        1214M (59%)         208M (10%)    
[175.023s][info][gc,heap     ] GC(231)      Live:         -                 7M (0%)            7M (0%)            7M (0%)             -                  -          
[175.023s][info][gc,heap     ] GC(231) Allocated:         -                42M (2%)          196M (10%)         199M (10%)            -                  -          
[175.023s][info][gc,heap     ] GC(231)   Garbage:         -              1020M (50%)          74M (4%)            2M (0%)             -                  -          
[175.023s][info][gc,heap     ] GC(231) Reclaimed:         -                  -               946M (46%)        1017M (50%)            -                  -          
[175.023s][info][gc          ] GC(231) Garbage Collection (Allocation Rate) 1028M(50%)->210M(10%)
[175.624s][info][gc,start    ] GC(232) Garbage Collection (Allocation Rate)
[175.625s][info][gc,task     ] GC(232) Using 1 workers
[175.625s][info][gc,phases   ] GC(232) Pause Mark Start 0.012ms
[175.640s][info][gc,phases   ] GC(232) Concurrent Mark 15.007ms
[175.640s][info][gc,phases   ] GC(232) Pause Mark End 0.017ms
[175.640s][info][gc,phases   ] GC(232) Concurrent Mark Free 0.001ms
[175.712s][info][gc,phases   ] GC(232) Concurrent Process Non-Strong References 72.012ms
[175.712s][info][gc,phases   ] GC(232) Concurrent Reset Relocation Set 0.005ms
[175.717s][info][gc,phases   ] GC(232) Concurrent Select Relocation Set 4.439ms
[175.717s][info][gc,phases   ] GC(232) Pause Relocate Start 0.008ms
[175.719s][info][gc,phases   ] GC(232) Concurrent Relocate 2.423ms
[175.719s][info][gc,load     ] GC(232) Load: 0.00/0.00/0.00
[175.719s][info][gc,mmu      ] GC(232) MMU: 2ms/94.9%, 5ms/98.0%, 10ms/99.0%, 20ms/99.4%, 50ms/99.8%, 100ms/99.9%
[175.719s][info][gc,marking  ] GC(232) Mark: 1 stripe(s), 2 proactive flush(es), 1 terminate flush(es), 0 completion(s), 0 continuation(s) 
[175.719s][info][gc,marking  ] GC(232) Mark Stack Usage: 32M
[175.719s][info][gc,nmethod  ] GC(232) NMethods: 2295 registered, 1 unregistered
[175.719s][info][gc,metaspace] GC(232) Metaspace: 13M used, 14M committed, 1088M reserved
[175.719s][info][gc,ref      ] GC(232) Soft: 134 encountered, 0 discovered, 0 enqueued
[175.719s][info][gc,ref      ] GC(232) Weak: 721 encountered, 455 discovered, 0 enqueued
[175.720s][info][gc,ref      ] GC(232) Final: 0 encountered, 0 discovered, 0 enqueued
[175.720s][info][gc,ref      ] GC(232) Phantom: 59 encountered, 41 discovered, 0 enqueued
[175.720s][info][gc,reloc    ] GC(232) Small Pages: 716 / 1432M, Empty: 1330M, Relocated: 1M, In-Place: 0
[175.720s][info][gc,reloc    ] GC(232) Medium Pages: 0 / 0M, Empty: 0M, Relocated: 0M, In-Place: 0
[175.720s][info][gc,reloc    ] GC(232) Large Pages: 0 / 0M, Empty: 0M, Relocated: 0M, In-Place: 0
[175.720s][info][gc,reloc    ] GC(232) Forwarding Usage: 0M
[175.720s][info][gc,heap     ] GC(232) Min Capacity: 8M(0%)
[175.720s][info][gc,heap     ] GC(232) Max Capacity: 2048M(100%)
[175.720s][info][gc,heap     ] GC(232) Soft Max Capacity: 2048M(100%)
[175.720s][info][gc,heap     ] GC(232)                Mark Start          Mark End        Relocate Start      Relocate End           High               Low         
[175.720s][info][gc,heap     ] GC(232)  Capacity:     2048M (100%)       2048M (100%)       2048M (100%)       2048M (100%)       2048M (100%)       2048M (100%)   
[175.720s][info][gc,heap     ] GC(232)      Free:      616M (30%)         578M (28%)        1754M (86%)        1842M (90%)        1842M (90%)         432M (21%)    
[175.720s][info][gc,heap     ] GC(232)      Used:     1432M (70%)        1470M (72%)         294M (14%)         206M (10%)        1616M (79%)         206M (10%)    
[175.720s][info][gc,heap     ] GC(232)      Live:         -                 7M (0%)            7M (0%)            7M (0%)             -                  -          
[175.720s][info][gc,heap     ] GC(232) Allocated:         -                38M (2%)          192M (9%)          195M (10%)            -                  -          
[175.720s][info][gc,heap     ] GC(232)   Garbage:         -              1424M (70%)          94M (5%)            2M (0%)             -                  -          
[175.720s][info][gc,heap     ] GC(232) Reclaimed:         -                  -              1330M (65%)        1421M (69%)            -                  -          
[175.720s][info][gc          ] GC(232) Garbage Collection (Allocation Rate) 1432M(70%)->206M(10%)
[176.325s][info][gc,start    ] GC(233) Garbage Collection (Allocation Rate)
[176.325s][info][gc,task     ] GC(233) Using 1 workers
[176.328s][info][gc,phases   ] GC(233) Pause Mark Start 0.013ms
[176.342s][info][gc,phases   ] GC(233) Concurrent Mark 14.518ms
[176.342s][info][gc,phases   ] GC(233) Pause Mark End 0.015ms
[176.343s][info][gc,phases   ] GC(233) Concurrent Mark Free 0.001ms
[176.530s][info][gc,phases   ] GC(233) Concurrent Process Non-Strong References 187.729ms
[176.530s][info][gc,phases   ] GC(233) Concurrent Reset Relocation Set 0.005ms
[176.535s][info][gc,phases   ] GC(233) Concurrent Select Relocation Set 5.036ms
[176.553s][info][gc,phases   ] GC(233) Pause Relocate Start 0.009ms
[176.556s][info][gc,phases   ] GC(233) Concurrent Relocate 2.405ms
[176.556s][info][gc,load     ] GC(233) Load: 0.00/0.00/0.00
[176.556s][info][gc,mmu      ] GC(233) MMU: 2ms/94.9%, 5ms/98.0%, 10ms/99.0%, 20ms/99.4%, 50ms/99.8%, 100ms/99.9%
[176.556s][info][gc,marking  ] GC(233) Mark: 1 stripe(s), 2 proactive flush(es), 1 terminate flush(es), 0 completion(s), 0 continuation(s) 
[176.556s][info][gc,marking  ] GC(233) Mark Stack Usage: 32M
[176.556s][info][gc,nmethod  ] GC(233) NMethods: 2295 registered, 1 unregistered
[176.556s][info][gc,metaspace] GC(233) Metaspace: 13M used, 14M committed, 1088M reserved
[176.556s][info][gc,ref      ] GC(233) Soft: 134 encountered, 0 discovered, 0 enqueued
[176.556s][info][gc,ref      ] GC(233) Weak: 721 encountered, 455 discovered, 0 enqueued
[176.556s][info][gc,ref      ] GC(233) Final: 0 encountered, 0 discovered, 0 enqueued
[176.556s][info][gc,ref      ] GC(233) Phantom: 59 encountered, 41 discovered, 0 enqueued
[176.556s][info][gc,reloc    ] GC(233) Small Pages: 716 / 1432M, Empty: 1328M, Relocated: 1M, In-Place: 0
[176.556s][info][gc,reloc    ] GC(233) Medium Pages: 0 / 0M, Empty: 0M, Relocated: 0M, In-Place: 0
[176.556s][info][gc,reloc    ] GC(233) Large Pages: 0 / 0M, Empty: 0M, Relocated: 0M, In-Place: 0
[176.556s][info][gc,reloc    ] GC(233) Forwarding Usage: 0M
[176.556s][info][gc,heap     ] GC(233) Min Capacity: 8M(0%)
[176.556s][info][gc,heap     ] GC(233) Max Capacity: 2048M(100%)
[176.556s][info][gc,heap     ] GC(233) Soft Max Capacity: 2048M(100%)
[176.556s][info][gc,heap     ] GC(233)                Mark Start          Mark End        Relocate Start      Relocate End           High               Low         
[176.556s][info][gc,heap     ] GC(233)  Capacity:     2048M (100%)       2048M (100%)       2048M (100%)       2048M (100%)       2048M (100%)       2048M (100%)   
[176.556s][info][gc,heap     ] GC(233)      Free:      616M (30%)         578M (28%)        1518M (74%)        1606M (78%)        1608M (79%)         200M (10%)    
[176.556s][info][gc,heap     ] GC(233)      Used:     1432M (70%)        1470M (72%)         530M (26%)         442M (22%)        1848M (90%)         440M (21%)    
[176.556s][info][gc,heap     ] GC(233)      Live:         -                 7M (0%)            7M (0%)            7M (0%)             -                  -          
[176.556s][info][gc,heap     ] GC(233) Allocated:         -                38M (2%)          426M (21%)         431M (21%)            -                  -          
[176.556s][info][gc,heap     ] GC(233)   Garbage:         -              1424M (70%)          96M (5%)            2M (0%)             -                  -          
[176.556s][info][gc,heap     ] GC(233) Reclaimed:         -                  -              1328M (65%)        1421M (69%)            -                  -          
[176.556s][info][gc          ] GC(233) Garbage Collection (Allocation Rate) 1432M(70%)->442M(22%)
[176.825s][info][gc,start    ] GC(234) Garbage Collection (Allocation Rate)
[176.825s][info][gc,task     ] GC(234) Using 1 workers
[176.825s][info][gc,phases   ] GC(234) Pause Mark Start 0.010ms
[176.841s][info][gc,phases   ] GC(234) Concurrent Mark 15.341ms
[176.841s][info][gc,phases   ] GC(234) Pause Mark End 0.016ms
[176.841s][info][gc,phases   ] GC(234) Concurrent Mark Free 0.002ms
[176.903s][info][gc,phases   ] GC(234) Concurrent Process Non-Strong References 62.063ms
[176.903s][info][gc,phases   ] GC(234) Concurrent Reset Relocation Set 0.007ms
[176.906s][info][gc,phases   ] GC(234) Concurrent Select Relocation Set 3.338ms
[176.907s][info][gc,phases   ] GC(234) Pause Relocate Start 0.008ms
[176.910s][info][gc,phases   ] GC(234) Concurrent Relocate 3.252ms
[176.910s][info][gc,load     ] GC(234) Load: 0.00/0.00/0.00
[176.910s][info][gc,mmu      ] GC(234) MMU: 2ms/94.9%, 5ms/98.0%, 10ms/99.0%, 20ms/99.4%, 50ms/99.8%, 100ms/99.9%
[176.910s][info][gc,marking  ] GC(234) Mark: 1 stripe(s), 2 proactive flush(es), 1 terminate flush(es), 0 completion(s), 0 continuation(s) 
[176.910s][info][gc,marking  ] GC(234) Mark Stack Usage: 32M
[176.910s][info][gc,nmethod  ] GC(234) NMethods: 2295 registered, 1 unregistered
[176.910s][info][gc,metaspace] GC(234) Metaspace: 13M used, 14M committed, 1088M reserved
[176.910s][info][gc,ref      ] GC(234) Soft: 134 encountered, 0 discovered, 0 enqueued
[176.910s][info][gc,ref      ] GC(234) Weak: 721 encountered, 455 discovered, 0 enqueued
[176.910s][info][gc,ref      ] GC(234) Final: 0 encountered, 0 discovered, 0 enqueued
[176.910s][info][gc,ref      ] GC(234) Phantom: 59 encountered, 41 discovered, 0 enqueued
[176.910s][info][gc,reloc    ] GC(234) Small Pages: 480 / 960M, Empty: 880M, Relocated: 1M, In-Place: 0
[176.910s][info][gc,reloc    ] GC(234) Medium Pages: 0 / 0M, Empty: 0M, Relocated: 0M, In-Place: 0
[176.910s][info][gc,reloc    ] GC(234) Large Pages: 0 / 0M, Empty: 0M, Relocated: 0M, In-Place: 0
[176.910s][info][gc,reloc    ] GC(234) Forwarding Usage: 0M
[176.910s][info][gc,heap     ] GC(234) Min Capacity: 8M(0%)
[176.910s][info][gc,heap     ] GC(234) Max Capacity: 2048M(100%)
[176.910s][info][gc,heap     ] GC(234) Soft Max Capacity: 2048M(100%)
[176.910s][info][gc,heap     ] GC(234)                Mark Start          Mark End        Relocate Start      Relocate End           High               Low         
[176.910s][info][gc,heap     ] GC(234)  Capacity:     2048M (100%)       2048M (100%)       2048M (100%)       2048M (100%)       2048M (100%)       2048M (100%)   
[176.910s][info][gc,heap     ] GC(234)      Free:     1088M (53%)        1050M (51%)        1796M (88%)        1858M (91%)        1864M (91%)         922M (45%)    
[176.910s][info][gc,heap     ] GC(234)      Used:      960M (47%)         998M (49%)         252M (12%)         190M (9%)         1126M (55%)         184M (9%)     
[176.910s][info][gc,heap     ] GC(234)      Live:         -                 7M (0%)            7M (0%)            7M (0%)             -                  -          
[176.910s][info][gc,heap     ] GC(234) Allocated:         -                38M (2%)          172M (8%)          179M (9%)             -                  -          
[176.910s][info][gc,heap     ] GC(234)   Garbage:         -               952M (46%)          72M (4%)            2M (0%)             -                  -          
[176.910s][info][gc,heap     ] GC(234) Reclaimed:         -                  -               880M (43%)         949M (46%)            -                  -          
[176.910s][info][gc          ] GC(234) Garbage Collection (Allocation Rate) 960M(47%)->190M(9%)
[177.425s][info][gc,start    ] GC(235) Garbage Collection (Allocation Rate)
[177.425s][info][gc,task     ] GC(235) Using 1 workers
[177.425s][info][gc,phases   ] GC(235) Pause Mark Start 0.010ms
[177.443s][info][gc,phases   ] GC(235) Concurrent Mark 17.576ms
[177.443s][info][gc,phases   ] GC(235) Pause Mark End 0.018ms
[177.443s][info][gc,phases   ] GC(235) Concurrent Mark Free 0.001ms
[177.510s][info][gc,phases   ] GC(235) Concurrent Process Non-Strong References 66.944ms
[177.510s][info][gc,phases   ] GC(235) Concurrent Reset Relocation Set 0.006ms
[177.514s][info][gc,phases   ] GC(235) Concurrent Select Relocation Set 3.298ms
[177.514s][info][gc,phases   ] GC(235) Pause Relocate Start 0.008ms
[177.518s][info][gc,phases   ] GC(235) Concurrent Relocate 4.030ms
[177.518s][info][gc,load     ] GC(235) Load: 0.00/0.00/0.00
[177.518s][info][gc,mmu      ] GC(235) MMU: 2ms/94.9%, 5ms/98.0%, 10ms/99.0%, 20ms/99.4%, 50ms/99.8%, 100ms/99.9%
[177.518s][info][gc,marking  ] GC(235) Mark: 1 stripe(s), 2 proactive flush(es), 1 terminate flush(es), 0 completion(s), 0 continuation(s) 
[177.518s][info][gc,marking  ] GC(235) Mark Stack Usage: 32M
[177.518s][info][gc,nmethod  ] GC(235) NMethods: 2295 registered, 1 unregistered
[177.518s][info][gc,metaspace] GC(235) Metaspace: 13M used, 14M committed, 1088M reserved
[177.518s][info][gc,ref      ] GC(235) Soft: 134 encountered, 0 discovered, 0 enqueued
[177.518s][info][gc,ref      ] GC(235) Weak: 721 encountered, 455 discovered, 0 enqueued
[177.518s][info][gc,ref      ] GC(235) Final: 0 encountered, 0 discovered, 0 enqueued
[177.518s][info][gc,ref      ] GC(235) Phantom: 59 encountered, 41 discovered, 0 enqueued
[177.518s][info][gc,reloc    ] GC(235) Small Pages: 599 / 1198M, Empty: 1108M, Relocated: 1M, In-Place: 0
[177.518s][info][gc,reloc    ] GC(235) Medium Pages: 0 / 0M, Empty: 0M, Relocated: 0M, In-Place: 0
[177.518s][info][gc,reloc    ] GC(235) Large Pages: 0 / 0M, Empty: 0M, Relocated: 0M, In-Place: 0
[177.518s][info][gc,reloc    ] GC(235) Forwarding Usage: 0M
[177.518s][info][gc,heap     ] GC(235) Min Capacity: 8M(0%)
[177.518s][info][gc,heap     ] GC(235) Max Capacity: 2048M(100%)
[177.518s][info][gc,heap     ] GC(235) Soft Max Capacity: 2048M(100%)
[177.518s][info][gc,heap     ] GC(235)                Mark Start          Mark End        Relocate Start      Relocate End           High               Low         
[177.518s][info][gc,heap     ] GC(235)  Capacity:     2048M (100%)       2048M (100%)       2048M (100%)       2048M (100%)       2048M (100%)       2048M (100%)   
[177.518s][info][gc,heap     ] GC(235)      Free:      850M (42%)         804M (39%)        1768M (86%)        1840M (90%)        1846M (90%)         666M (33%)    
[177.518s][info][gc,heap     ] GC(235)      Used:     1198M (58%)        1244M (61%)         280M (14%)         208M (10%)        1382M (67%)         202M (10%)    
[177.518s][info][gc,heap     ] GC(235)      Live:         -                 8M (0%)            8M (0%)            8M (0%)             -                  -          
[177.518s][info][gc,heap     ] GC(235) Allocated:         -                46M (2%)          190M (9%)          197M (10%)            -                  -          
[177.518s][info][gc,heap     ] GC(235)   Garbage:         -              1189M (58%)          81M (4%)            2M (0%)             -                  -          
[177.519s][info][gc,heap     ] GC(235) Reclaimed:         -                  -              1108M (54%)        1187M (58%)            -                  -          
[177.519s][info][gc          ] GC(235) Garbage Collection (Allocation Rate) 1198M(58%)->208M(10%)
[178.125s][info][gc,start    ] GC(236) Garbage Collection (Allocation Rate)
[178.125s][info][gc,task     ] GC(236) Using 1 workers
[178.125s][info][gc,phases   ] GC(236) Pause Mark Start 0.011ms
[178.141s][info][gc,phases   ] GC(236) Concurrent Mark 15.631ms
[178.141s][info][gc,phases   ] GC(236) Pause Mark End 0.017ms
[178.141s][info][gc,phases   ] GC(236) Concurrent Mark Free 0.000ms
[178.214s][info][gc,phases   ] GC(236) Concurrent Process Non-Strong References 72.709ms
[178.214s][info][gc,phases   ] GC(236) Concurrent Reset Relocation Set 0.004ms
[178.219s][info][gc,phases   ] GC(236) Concurrent Select Relocation Set 4.395ms
[178.219s][info][gc,phases   ] GC(236) Pause Relocate Start 0.008ms
[178.221s][info][gc,phases   ] GC(236) Concurrent Relocate 2.360ms
[178.221s][info][gc,load     ] GC(236) Load: 0.00/0.00/0.00
[178.221s][info][gc,mmu      ] GC(236) MMU: 2ms/94.9%, 5ms/98.0%, 10ms/99.0%, 20ms/99.4%, 50ms/99.8%, 100ms/99.9%
[178.221s][info][gc,marking  ] GC(236) Mark: 1 stripe(s), 2 proactive flush(es), 1 terminate flush(es), 0 completion(s), 0 continuation(s) 
[178.221s][info][gc,marking  ] GC(236) Mark Stack Usage: 32M
[178.221s][info][gc,nmethod  ] GC(236) NMethods: 2295 registered, 1 unregistered
[178.221s][info][gc,metaspace] GC(236) Metaspace: 13M used, 14M committed, 1088M reserved
[178.221s][info][gc,ref      ] GC(236) Soft: 134 encountered, 0 discovered, 0 enqueued
[178.221s][info][gc,ref      ] GC(236) Weak: 721 encountered, 455 discovered, 0 enqueued
[178.221s][info][gc,ref      ] GC(236) Final: 0 encountered, 0 discovered, 0 enqueued
[178.221s][info][gc,ref      ] GC(236) Phantom: 59 encountered, 41 discovered, 0 enqueued
[178.221s][info][gc,reloc    ] GC(236) Small Pages: 716 / 1432M, Empty: 1332M, Relocated: 1M, In-Place: 0
[178.221s][info][gc,reloc    ] GC(236) Medium Pages: 0 / 0M, Empty: 0M, Relocated: 0M, In-Place: 0
[178.221s][info][gc,reloc    ] GC(236) Large Pages: 0 / 0M, Empty: 0M, Relocated: 0M, In-Place: 0
[178.221s][info][gc,reloc    ] GC(236) Forwarding Usage: 0M
[178.222s][info][gc,heap     ] GC(236) Min Capacity: 8M(0%)
[178.222s][info][gc,heap     ] GC(236) Max Capacity: 2048M(100%)
[178.222s][info][gc,heap     ] GC(236) Soft Max Capacity: 2048M(100%)
[178.222s][info][gc,heap     ] GC(236)                Mark Start          Mark End        Relocate Start      Relocate End           High               Low         
[178.222s][info][gc,heap     ] GC(236)  Capacity:     2048M (100%)       2048M (100%)       2048M (100%)       2048M (100%)       2048M (100%)       2048M (100%)   
[178.222s][info][gc,heap     ] GC(236)      Free:      616M (30%)         578M (28%)        1752M (86%)        1838M (90%)        1840M (90%)         428M (21%)    
[178.222s][info][gc,heap     ] GC(236)      Used:     1432M (70%)        1470M (72%)         296M (14%)         210M (10%)        1620M (79%)         208M (10%)    
[178.222s][info][gc,heap     ] GC(236)      Live:         -                 8M (0%)            8M (0%)            8M (0%)             -                  -          
[178.222s][info][gc,heap     ] GC(236) Allocated:         -                38M (2%)          196M (10%)         199M (10%)            -                  -          
[178.222s][info][gc,heap     ] GC(236)   Garbage:         -              1423M (70%)          91M (4%)            1M (0%)             -                  -          
[178.222s][info][gc,heap     ] GC(236) Reclaimed:         -                  -              1332M (65%)        1421M (69%)            -                  -          
[178.222s][info][gc          ] GC(236) Garbage Collection (Allocation Rate) 1432M(70%)->210M(10%)
[178.826s][info][gc,start    ] GC(237) Garbage Collection (Allocation Rate)
[178.826s][info][gc,task     ] GC(237) Using 1 workers
[178.826s][info][gc,phases   ] GC(237) Pause Mark Start 0.008ms
[178.840s][info][gc,phases   ] GC(237) Concurrent Mark 13.820ms
[178.840s][info][gc,phases   ] GC(237) Pause Mark End 0.017ms
[178.840s][info][gc,phases   ] GC(237) Concurrent Mark Free 0.002ms
[178.913s][info][gc,phases   ] GC(237) Concurrent Process Non-Strong References 73.012ms
[178.913s][info][gc,phases   ] GC(237) Concurrent Reset Relocation Set 0.006ms
[178.917s][info][gc,phases   ] GC(237) Concurrent Select Relocation Set 4.148ms
[178.918s][info][gc,phases   ] GC(237) Pause Relocate Start 0.008ms
[178.918s][info][gc,phases   ] GC(237) Concurrent Relocate 0.434ms
[178.918s][info][gc,load     ] GC(237) Load: 0.00/0.00/0.00
[178.918s][info][gc,mmu      ] GC(237) MMU: 2ms/94.9%, 5ms/98.0%, 10ms/99.0%, 20ms/99.4%, 50ms/99.8%, 100ms/99.9%
[178.918s][info][gc,marking  ] GC(237) Mark: 1 stripe(s), 2 proactive flush(es), 1 terminate flush(es), 0 completion(s), 0 continuation(s) 
[178.918s][info][gc,marking  ] GC(237) Mark Stack Usage: 32M
[178.918s][info][gc,nmethod  ] GC(237) NMethods: 2295 registered, 1 unregistered
[178.918s][info][gc,metaspace] GC(237) Metaspace: 13M used, 14M committed, 1088M reserved
[178.918s][info][gc,ref      ] GC(237) Soft: 134 encountered, 0 discovered, 0 enqueued
[178.918s][info][gc,ref      ] GC(237) Weak: 721 encountered, 455 discovered, 0 enqueued
[178.918s][info][gc,ref      ] GC(237) Final: 0 encountered, 0 discovered, 0 enqueued
[178.918s][info][gc,ref      ] GC(237) Phantom: 59 encountered, 41 discovered, 0 enqueued
[178.918s][info][gc,reloc    ] GC(237) Small Pages: 719 / 1438M, Empty: 1336M, Relocated: 1M, In-Place: 0
[178.918s][info][gc,reloc    ] GC(237) Medium Pages: 0 / 0M, Empty: 0M, Relocated: 0M, In-Place: 0
[178.918s][info][gc,reloc    ] GC(237) Large Pages: 0 / 0M, Empty: 0M, Relocated: 0M, In-Place: 0
[178.918s][info][gc,reloc    ] GC(237) Forwarding Usage: 0M
[178.918s][info][gc,heap     ] GC(237) Min Capacity: 8M(0%)
[178.918s][info][gc,heap     ] GC(237) Max Capacity: 2048M(100%)
[178.918s][info][gc,heap     ] GC(237) Soft Max Capacity: 2048M(100%)
[178.918s][info][gc,heap     ] GC(237)                Mark Start          Mark End        Relocate Start      Relocate End           High               Low         
[178.918s][info][gc,heap     ] GC(237)  Capacity:     2048M (100%)       2048M (100%)       2048M (100%)       2048M (100%)       2048M (100%)       2048M (100%)   
[178.918s][info][gc,heap     ] GC(237)      Free:      610M (30%)         574M (28%)        1758M (86%)        1848M (90%)        1848M (90%)         430M (21%)    
[178.918s][info][gc,heap     ] GC(237)      Used:     1438M (70%)        1474M (72%)         290M (14%)         200M (10%)        1618M (79%)         200M (10%)    
[178.919s][info][gc,heap     ] GC(237)      Live:         -                 8M (0%)            8M (0%)            8M (0%)             -                  -          
[178.919s][info][gc,heap     ] GC(237) Allocated:         -                36M (2%)          188M (9%)          188M (9%)             -                  -          
[178.919s][info][gc,heap     ] GC(237)   Garbage:         -              1429M (70%)          93M (5%)            3M (0%)             -                  -          
[178.919s][info][gc,heap     ] GC(237) Reclaimed:         -                  -              1336M (65%)        1426M (70%)            -                  -          
[178.919s][info][gc          ] GC(237) Garbage Collection (Allocation Rate) 1438M(70%)->200M(10%)
[179.725s][info][gc,start    ] GC(238) Garbage Collection (Allocation Rate)
[179.725s][info][gc,task     ] GC(238) Using 1 workers
[179.725s][info][gc,phases   ] GC(238) Pause Mark Start 0.012ms
[179.739s][info][gc,phases   ] GC(238) Concurrent Mark 13.508ms
[179.739s][info][gc,phases   ] GC(238) Pause Mark End 0.016ms
[179.739s][info][gc,phases   ] GC(238) Concurrent Mark Free 0.001ms
[179.800s][info][gc,phases   ] GC(238) Concurrent Process Non-Strong References 61.579ms
[179.801s][info][gc,phases   ] GC(238) Concurrent Reset Relocation Set 0.008ms
[179.805s][info][gc,phases   ] GC(238) Concurrent Select Relocation Set 4.817ms
[179.806s][info][gc,phases   ] GC(238) Pause Relocate Start 0.007ms
[179.809s][info][gc,phases   ] GC(238) Concurrent Relocate 3.561ms
[179.809s][info][gc,load     ] GC(238) Load: 0.00/0.00/0.00
[179.809s][info][gc,mmu      ] GC(238) MMU: 2ms/94.9%, 5ms/98.0%, 10ms/99.0%, 20ms/99.4%, 50ms/99.8%, 100ms/99.9%
[179.809s][info][gc,marking  ] GC(238) Mark: 1 stripe(s), 2 proactive flush(es), 1 terminate flush(es), 0 completion(s), 0 continuation(s) 
[179.809s][info][gc,marking  ] GC(238) Mark Stack Usage: 32M
[179.809s][info][gc,nmethod  ] GC(238) NMethods: 2295 registered, 1 unregistered
[179.809s][info][gc,metaspace] GC(238) Metaspace: 13M used, 14M committed, 1088M reserved
[179.809s][info][gc,ref      ] GC(238) Soft: 134 encountered, 0 discovered, 0 enqueued
[179.809s][info][gc,ref      ] GC(238) Weak: 721 encountered, 455 discovered, 0 enqueued
[179.809s][info][gc,ref      ] GC(238) Final: 0 encountered, 0 discovered, 0 enqueued
[179.809s][info][gc,ref      ] GC(238) Phantom: 59 encountered, 41 discovered, 0 enqueued
[179.809s][info][gc,reloc    ] GC(238) Small Pages: 714 / 1428M, Empty: 1308M, Relocated: 3M, In-Place: 0
[179.809s][info][gc,reloc    ] GC(238) Medium Pages: 0 / 0M, Empty: 0M, Relocated: 0M, In-Place: 0
[179.809s][info][gc,reloc    ] GC(238) Large Pages: 0 / 0M, Empty: 0M, Relocated: 0M, In-Place: 0
[179.809s][info][gc,reloc    ] GC(238) Forwarding Usage: 0M
[179.809s][info][gc,heap     ] GC(238) Min Capacity: 8M(0%)
[179.809s][info][gc,heap     ] GC(238) Max Capacity: 2048M(100%)
[179.809s][info][gc,heap     ] GC(238) Soft Max Capacity: 2048M(100%)
[179.809s][info][gc,heap     ] GC(238)                Mark Start          Mark End        Relocate Start      Relocate End           High               Low         
[179.810s][info][gc,heap     ] GC(238)  Capacity:     2048M (100%)       2048M (100%)       2048M (100%)       2048M (100%)       2048M (100%)       2048M (100%)   
[179.810s][info][gc,heap     ] GC(238)      Free:      620M (30%)         594M (29%)        1812M (88%)        1916M (94%)        1918M (94%)         508M (25%)    
[179.810s][info][gc,heap     ] GC(238)      Used:     1428M (70%)        1454M (71%)         236M (12%)         132M (6%)         1540M (75%)         130M (6%)     
[179.810s][info][gc,heap     ] GC(238)      Live:         -                 8M (0%)            8M (0%)            8M (0%)             -                  -          
[179.810s][info][gc,heap     ] GC(238) Allocated:         -                26M (1%)          116M (6%)          122M (6%)             -                  -          
[179.810s][info][gc,heap     ] GC(238)   Garbage:         -              1419M (69%)         111M (5%)            1M (0%)             -                  -          
[179.810s][info][gc,heap     ] GC(238) Reclaimed:         -                  -              1308M (64%)        1418M (69%)            -                  -          
[179.810s][info][gc          ] GC(238) Garbage Collection (Allocation Rate) 1428M(70%)->132M(6%)
[180.126s][info][gc,stats    ] === Garbage Collection Statistics =======================================================================================================================
[180.126s][info][gc,stats    ]                                                              Last 10s              Last 10m              Last 10h                Total
[180.126s][info][gc,stats    ]                                                              Avg / Max             Avg / Max             Avg / Max             Avg / Max
[180.126s][info][gc,stats    ]   Collector: Garbage Collection Cycle                     95.872 / 231.023      73.388 / 273.863      73.388 / 273.863      73.388 / 273.863     ms
[180.126s][info][gc,stats    ]  Contention: Mark Segment Reset Contention                     0 / 2                 0 / 11                0 / 11                0 / 11          ops/s
[180.126s][info][gc,stats    ]  Contention: Mark SeqNum Reset Contention                      0 / 1                 0 / 2                 0 / 2                 0 / 2           ops/s
[180.126s][info][gc,stats    ]    Critical: Allocation Stall                                  0 / 0                 0 / 43                0 / 43                0 / 43          ops/s
[180.126s][info][gc,stats    ]    Critical: Allocation Stall                              0.000 / 0.000        29.268 / 55.638       29.268 / 55.638       29.268 / 55.638      ms
[180.126s][info][gc,stats    ]    Critical: GC Locker Stall                                   0 / 0                 0 / 0                 0 / 0                 0 / 0           ops/s
[180.126s][info][gc,stats    ]    Critical: GC Locker Stall                               0.000 / 0.000         0.000 / 0.000         0.000 / 0.000         0.000 / 0.000       ms
[180.126s][info][gc,stats    ]    Critical: Relocation Stall                                  0 / 0                 0 / 0                 0 / 0                 0 / 0           ops/s
[180.126s][info][gc,stats    ]    Critical: Relocation Stall                              0.000 / 0.000         0.000 / 0.000         0.000 / 0.000         0.000 / 0.000       ms
[180.126s][info][gc,stats    ]      Memory: Allocation Rate                                2026 / 2238           1891 / 2242           1891 / 2242           1891 / 2242        MB/s
[180.126s][info][gc,stats    ]      Memory: Defragment                                        0 / 0                 0 / 0                 0 / 0                 0 / 0           ops/s
[180.126s][info][gc,stats    ]      Memory: Out Of Memory                                     0 / 0                 0 / 0                 0 / 0                 0 / 0           ops/s
[180.126s][info][gc,stats    ]      Memory: Page Cache Flush                                  0 / 0                 0 / 0                 0 / 0                 0 / 0           MB/s
[180.126s][info][gc,stats    ]      Memory: Page Cache Hit L1                              1016 / 1122            943 / 1124            943 / 1124            943 / 1124        ops/s
[180.126s][info][gc,stats    ]      Memory: Page Cache Hit L2                                 0 / 0                 0 / 0                 0 / 0                 0 / 0           ops/s
[180.126s][info][gc,stats    ]      Memory: Page Cache Hit L3                                 0 / 0                 5 / 449               5 / 449               5 / 449         ops/s
[180.126s][info][gc,stats    ]      Memory: Page Cache Miss                                   0 / 0                 0 / 1                 0 / 1                 0 / 1           ops/s
[180.126s][info][gc,stats    ]      Memory: Uncommit                                          0 / 0                 0 / 0                 0 / 0                 0 / 0           MB/s
[180.126s][info][gc,stats    ]      Memory: Undo Object Allocation Failed                    13 / 50               25 / 141              25 / 141              25 / 141         ops/s
[180.126s][info][gc,stats    ]      Memory: Undo Object Allocation Succeeded                  0 / 1                 2 / 21                2 / 21                2 / 21          ops/s
[180.126s][info][gc,stats    ]      Memory: Undo Page Allocation                             76 / 100              68 / 221              68 / 221              68 / 221         ops/s
[180.126s][info][gc,stats    ]       Phase: Concurrent Mark                              13.393 / 17.576       15.324 / 212.397      15.324 / 212.397      15.324 / 212.397     ms
[180.126s][info][gc,stats    ]       Phase: Concurrent Mark Continue                      0.000 / 0.000         0.000 / 0.000         0.000 / 0.000         0.000 / 0.000       ms
[180.126s][info][gc,stats    ]       Phase: Concurrent Mark Free                          0.001 / 0.002         0.001 / 0.002         0.001 / 0.002         0.001 / 0.002       ms
[180.126s][info][gc,stats    ]       Phase: Concurrent Process Non-Strong References     68.749 / 187.729      45.011 / 242.741      45.011 / 242.741      45.011 / 242.741     ms
[180.126s][info][gc,stats    ]       Phase: Concurrent Relocate                           2.119 / 4.030         1.532 / 5.770         1.532 / 5.770         1.532 / 5.770       ms
[180.126s][info][gc,stats    ]       Phase: Concurrent Reset Relocation Set               0.005 / 0.008         0.006 / 0.011         0.006 / 0.011         0.006 / 0.011       ms
[180.126s][info][gc,stats    ]       Phase: Concurrent Select Relocation Set              4.228 / 5.036         4.448 / 14.014        4.448 / 14.014        4.448 / 14.014      ms
[180.126s][info][gc,stats    ]       Phase: Pause Mark End                                0.016 / 0.019         0.017 / 0.102         0.017 / 0.102         0.017 / 0.102       ms
[180.126s][info][gc,stats    ]       Phase: Pause Mark Start                              0.012 / 0.014         0.012 / 0.049         0.012 / 0.049         0.012 / 0.049       ms
[180.126s][info][gc,stats    ]       Phase: Pause Relocate Start                          0.008 / 0.014         0.007 / 0.020         0.007 / 0.020         0.007 / 0.020       ms
[180.126s][info][gc,stats    ]    Subphase: Concurrent Classes Purge                      0.006 / 0.008         0.030 / 3.094         0.030 / 3.094         0.030 / 3.094       ms
[180.126s][info][gc,stats    ]    Subphase: Concurrent Classes Unlink                     4.277 / 6.293         4.109 / 10.160        4.109 / 10.160        4.109 / 10.160      ms
[180.126s][info][gc,stats    ]    Subphase: Concurrent Mark                              11.681 / 16.627       10.042 / 211.109      10.042 / 211.109      10.042 / 211.109     ms
[180.127s][info][gc,stats    ]    Subphase: Concurrent Mark Try Flush                     0.091 / 0.239         0.389 / 193.285       0.389 / 193.285       0.389 / 193.285     ms
[180.127s][info][gc,stats    ]    Subphase: Concurrent Mark Try Terminate                 2.786 / 11.642        2.274 / 16.632        2.274 / 16.632        2.274 / 16.632      ms
[180.127s][info][gc,stats    ]    Subphase: Concurrent References Enqueue                 0.001 / 0.005         0.001 / 0.006         0.001 / 0.006         0.001 / 0.006       ms
[180.127s][info][gc,stats    ]    Subphase: Concurrent References Process                 0.117 / 0.189         0.104 / 0.200         0.104 / 0.200         0.104 / 0.200       ms
[180.127s][info][gc,stats    ]    Subphase: Concurrent Roots ClassLoaderDataGraph         0.144 / 0.412         0.115 / 1.252         0.115 / 1.252         0.115 / 1.252       ms
[180.127s][info][gc,stats    ]    Subphase: Concurrent Roots CodeCache                    0.000 / 0.000         0.000 / 0.000         0.000 / 0.000         0.000 / 0.000       ms
[180.127s][info][gc,stats    ]    Subphase: Concurrent Roots JavaThreads                  0.386 / 0.749         0.332 / 1.791         0.332 / 1.791         0.332 / 1.791       ms
[180.127s][info][gc,stats    ]    Subphase: Concurrent Roots OopStorageSet                0.043 / 0.087         0.050 / 0.778         0.050 / 0.778         0.050 / 0.778       ms
[180.127s][info][gc,stats    ]    Subphase: Concurrent Weak Roots OopStorageSet          35.375 / 71.439       17.209 / 72.666       17.209 / 72.666       17.209 / 72.666      ms
[180.127s][info][gc,stats    ]    Subphase: Pause Mark Try Complete                       0.000 / 0.000         0.002 / 0.006         0.002 / 0.006         0.002 / 0.006       ms
[180.127s][info][gc,stats    ]      System: Java Threads                                     54 / 60               55 / 73               55 / 73               55 / 73          threads
[180.127s][info][gc,stats    ] =========================================================================================================================================================
[180.624s][info][gc,start    ] GC(239) Garbage Collection (Allocation Rate)
[180.624s][info][gc,task     ] GC(239) Using 1 workers
[180.625s][info][gc,phases   ] GC(239) Pause Mark Start 0.012ms
[180.641s][info][gc,phases   ] GC(239) Concurrent Mark 15.790ms
[180.641s][info][gc,phases   ] GC(239) Pause Mark End 0.016ms
[180.641s][info][gc,phases   ] GC(239) Concurrent Mark Free 0.001ms
[180.704s][info][gc,phases   ] GC(239) Concurrent Process Non-Strong References 62.913ms
[180.704s][info][gc,phases   ] GC(239) Concurrent Reset Relocation Set 0.007ms
[180.707s][info][gc,phases   ] GC(239) Concurrent Select Relocation Set 3.436ms
[180.707s][info][gc,phases   ] GC(239) Pause Relocate Start 0.009ms
[180.708s][info][gc,phases   ] GC(239) Concurrent Relocate 0.483ms
[180.708s][info][gc,load     ] GC(239) Load: 0.00/0.00/0.00
[180.708s][info][gc,mmu      ] GC(239) MMU: 2ms/94.9%, 5ms/98.0%, 10ms/99.0%, 20ms/99.4%, 50ms/99.8%, 100ms/99.9%
[180.708s][info][gc,marking  ] GC(239) Mark: 1 stripe(s), 2 proactive flush(es), 1 terminate flush(es), 0 completion(s), 0 continuation(s) 
[180.708s][info][gc,marking  ] GC(239) Mark Stack Usage: 32M
[180.708s][info][gc,nmethod  ] GC(239) NMethods: 2295 registered, 1 unregistered
[180.708s][info][gc,metaspace] GC(239) Metaspace: 13M used, 14M committed, 1088M reserved
[180.708s][info][gc,ref      ] GC(239) Soft: 134 encountered, 0 discovered, 0 enqueued
[180.708s][info][gc,ref      ] GC(239) Weak: 721 encountered, 455 discovered, 0 enqueued
[180.708s][info][gc,ref      ] GC(239) Final: 0 encountered, 0 discovered, 0 enqueued
[180.708s][info][gc,ref      ] GC(239) Phantom: 59 encountered, 41 discovered, 0 enqueued
[180.708s][info][gc,reloc    ] GC(239) Small Pages: 814 / 1628M, Empty: 1506M, Relocated: 1M, In-Place: 0
[180.708s][info][gc,reloc    ] GC(239) Medium Pages: 0 / 0M, Empty: 0M, Relocated: 0M, In-Place: 0
[180.708s][info][gc,reloc    ] GC(239) Large Pages: 0 / 0M, Empty: 0M, Relocated: 0M, In-Place: 0
[180.708s][info][gc,reloc    ] GC(239) Forwarding Usage: 0M
[180.708s][info][gc,heap     ] GC(239) Min Capacity: 8M(0%)
[180.708s][info][gc,heap     ] GC(239) Max Capacity: 2048M(100%)
[180.708s][info][gc,heap     ] GC(239) Soft Max Capacity: 2048M(100%)
[180.708s][info][gc,heap     ] GC(239)                Mark Start          Mark End        Relocate Start      Relocate End           High               Low         
[180.708s][info][gc,heap     ] GC(239)  Capacity:     2048M (100%)       2048M (100%)       2048M (100%)       2048M (100%)       2048M (100%)       2048M (100%)   
[180.708s][info][gc,heap     ] GC(239)      Free:      420M (21%)         386M (19%)        1768M (86%)        1878M (92%)        1878M (92%)         270M (13%)    
[180.708s][info][gc,heap     ] GC(239)      Used:     1628M (79%)        1662M (81%)         280M (14%)         170M (8%)         1778M (87%)         170M (8%)     
[180.708s][info][gc,heap     ] GC(239)      Live:         -                 8M (0%)            8M (0%)            8M (0%)             -                  -          
[180.708s][info][gc,heap     ] GC(239) Allocated:         -                34M (2%)          158M (8%)          158M (8%)             -                  -          
[180.708s][info][gc,heap     ] GC(239)   Garbage:         -              1619M (79%)         113M (6%)            3M (0%)             -                  -          
[180.708s][info][gc,heap     ] GC(239) Reclaimed:         -                  -              1506M (74%)        1616M (79%)            -                  -          
[180.708s][info][gc          ] GC(239) Garbage Collection (Allocation Rate) 1628M(79%)->170M(8%)
[181.526s][info][gc,start    ] GC(240) Garbage Collection (Allocation Rate)
[181.526s][info][gc,task     ] GC(240) Using 1 workers
[181.526s][info][gc,phases   ] GC(240) Pause Mark Start 0.012ms
[181.538s][info][gc,phases   ] GC(240) Concurrent Mark 12.516ms
[181.538s][info][gc,phases   ] GC(240) Pause Mark End 0.016ms
[181.539s][info][gc,phases   ] GC(240) Concurrent Mark Free 0.001ms
[181.606s][info][gc,phases   ] GC(240) Concurrent Process Non-Strong References 67.376ms
[181.606s][info][gc,phases   ] GC(240) Concurrent Reset Relocation Set 0.007ms
[181.610s][info][gc,phases   ] GC(240) Concurrent Select Relocation Set 4.390ms
[181.611s][info][gc,phases   ] GC(240) Pause Relocate Start 0.008ms
[181.613s][info][gc,phases   ] GC(240) Concurrent Relocate 2.248ms
[181.613s][info][gc,load     ] GC(240) Load: 0.00/0.00/0.00
[181.613s][info][gc,mmu      ] GC(240) MMU: 2ms/94.9%, 5ms/98.0%, 10ms/99.0%, 20ms/99.4%, 50ms/99.8%, 100ms/99.9%
[181.613s][info][gc,marking  ] GC(240) Mark: 1 stripe(s), 2 proactive flush(es), 1 terminate flush(es), 0 completion(s), 0 continuation(s) 
[181.613s][info][gc,marking  ] GC(240) Mark Stack Usage: 32M
[181.613s][info][gc,nmethod  ] GC(240) NMethods: 2295 registered, 1 unregistered
[181.613s][info][gc,metaspace] GC(240) Metaspace: 13M used, 14M committed, 1088M reserved
[181.613s][info][gc,ref      ] GC(240) Soft: 134 encountered, 0 discovered, 0 enqueued
[181.613s][info][gc,ref      ] GC(240) Weak: 721 encountered, 455 discovered, 0 enqueued
[181.613s][info][gc,ref      ] GC(240) Final: 0 encountered, 0 discovered, 0 enqueued
[181.613s][info][gc,ref      ] GC(240) Phantom: 59 encountered, 41 discovered, 0 enqueued
[181.613s][info][gc,reloc    ] GC(240) Small Pages: 830 / 1660M, Empty: 1536M, Relocated: 3M, In-Place: 0
[181.613s][info][gc,reloc    ] GC(240) Medium Pages: 0 / 0M, Empty: 0M, Relocated: 0M, In-Place: 0
[181.613s][info][gc,reloc    ] GC(240) Large Pages: 0 / 0M, Empty: 0M, Relocated: 0M, In-Place: 0
[181.613s][info][gc,reloc    ] GC(240) Forwarding Usage: 0M
[181.613s][info][gc,heap     ] GC(240) Min Capacity: 8M(0%)
[181.613s][info][gc,heap     ] GC(240) Max Capacity: 2048M(100%)
[181.613s][info][gc,heap     ] GC(240) Soft Max Capacity: 2048M(100%)
[181.613s][info][gc,heap     ] GC(240)                Mark Start          Mark End        Relocate Start      Relocate End           High               Low         
[181.613s][info][gc,heap     ] GC(240)  Capacity:     2048M (100%)       2048M (100%)       2048M (100%)       2048M (100%)       2048M (100%)       2048M (100%)   
[181.613s][info][gc,heap     ] GC(240)      Free:      388M (19%)         358M (17%)        1762M (86%)        1872M (91%)        1874M (92%)         232M (11%)    
[181.613s][info][gc,heap     ] GC(240)      Used:     1660M (81%)        1690M (83%)         286M (14%)         176M (9%)         1816M (89%)         174M (8%)     
[181.613s][info][gc,heap     ] GC(240)      Live:         -                 8M (0%)            8M (0%)            8M (0%)             -                  -          
[181.613s][info][gc,heap     ] GC(240) Allocated:         -                30M (1%)          162M (8%)          166M (8%)             -                  -          
[181.613s][info][gc,heap     ] GC(240)   Garbage:         -              1651M (81%)         115M (6%)            1M (0%)             -                  -          
[181.613s][info][gc,heap     ] GC(240) Reclaimed:         -                  -              1536M (75%)        1650M (81%)            -                  -          
[181.613s][info][gc          ] GC(240) Garbage Collection (Allocation Rate) 1660M(81%)->176M(9%)
[182.525s][info][gc,start    ] GC(241) Garbage Collection (Allocation Rate)
[182.525s][info][gc,task     ] GC(241) Using 1 workers
[182.525s][info][gc,phases   ] GC(241) Pause Mark Start 0.011ms
[182.541s][info][gc,phases   ] GC(241) Concurrent Mark 15.917ms
[182.541s][info][gc,phases   ] GC(241) Pause Mark End 0.016ms
[182.541s][info][gc,phases   ] GC(241) Concurrent Mark Free 0.001ms
[182.608s][info][gc,phases   ] GC(241) Concurrent Process Non-Strong References 66.615ms
[182.608s][info][gc,phases   ] GC(241) Concurrent Reset Relocation Set 0.006ms
[182.613s][info][gc,phases   ] GC(241) Concurrent Select Relocation Set 4.707ms
[182.613s][info][gc,phases   ] GC(241) Pause Relocate Start 0.007ms
[182.614s][info][gc,phases   ] GC(241) Concurrent Relocate 0.498ms
[182.614s][info][gc,load     ] GC(241) Load: 0.00/0.00/0.00
[182.614s][info][gc,mmu      ] GC(241) MMU: 2ms/94.9%, 5ms/98.0%, 10ms/99.0%, 20ms/99.4%, 50ms/99.8%, 100ms/99.9%
[182.614s][info][gc,marking  ] GC(241) Mark: 1 stripe(s), 2 proactive flush(es), 1 terminate flush(es), 0 completion(s), 0 continuation(s) 
[182.614s][info][gc,marking  ] GC(241) Mark Stack Usage: 32M
[182.614s][info][gc,nmethod  ] GC(241) NMethods: 2295 registered, 1 unregistered
[182.614s][info][gc,metaspace] GC(241) Metaspace: 13M used, 14M committed, 1088M reserved
[182.614s][info][gc,ref      ] GC(241) Soft: 134 encountered, 0 discovered, 0 enqueued
[182.614s][info][gc,ref      ] GC(241) Weak: 719 encountered, 455 discovered, 0 enqueued
[182.614s][info][gc,ref      ] GC(241) Final: 0 encountered, 0 discovered, 0 enqueued
[182.614s][info][gc,ref      ] GC(241) Phantom: 59 encountered, 41 discovered, 0 enqueued
[182.614s][info][gc,reloc    ] GC(241) Small Pages: 870 / 1740M, Empty: 1608M, Relocated: 1M, In-Place: 0
[182.614s][info][gc,reloc    ] GC(241) Medium Pages: 0 / 0M, Empty: 0M, Relocated: 0M, In-Place: 0
[182.614s][info][gc,reloc    ] GC(241) Large Pages: 0 / 0M, Empty: 0M, Relocated: 0M, In-Place: 0
[182.614s][info][gc,reloc    ] GC(241) Forwarding Usage: 0M
[182.614s][info][gc,heap     ] GC(241) Min Capacity: 8M(0%)
[182.614s][info][gc,heap     ] GC(241) Max Capacity: 2048M(100%)
[182.614s][info][gc,heap     ] GC(241) Soft Max Capacity: 2048M(100%)
[182.614s][info][gc,heap     ] GC(241)                Mark Start          Mark End        Relocate Start      Relocate End           High               Low         
[182.614s][info][gc,heap     ] GC(241)  Capacity:     2048M (100%)       2048M (100%)       2048M (100%)       2048M (100%)       2048M (100%)       2048M (100%)   
[182.614s][info][gc,heap     ] GC(241)      Free:      308M (15%)         274M (13%)        1766M (86%)        1886M (92%)        1886M (92%)         164M (8%)     
[182.614s][info][gc,heap     ] GC(241)      Used:     1740M (85%)        1774M (87%)         282M (14%)         162M (8%)         1884M (92%)         162M (8%)     
[182.614s][info][gc,heap     ] GC(241)      Live:         -                 8M (0%)            8M (0%)            8M (0%)             -                  -          
[182.614s][info][gc,heap     ] GC(241) Allocated:         -                34M (2%)          150M (7%)          150M (7%)             -                  -          
[182.614s][info][gc,heap     ] GC(241)   Garbage:         -              1731M (85%)         123M (6%)            3M (0%)             -                  -          
[182.614s][info][gc,heap     ] GC(241) Reclaimed:         -                  -              1608M (79%)        1728M (84%)            -                  -          
[182.614s][info][gc          ] GC(241) Garbage Collection (Allocation Rate) 1740M(85%)->162M(8%)
[183.425s][info][gc,start    ] GC(242) Garbage Collection (Allocation Rate)
[183.425s][info][gc,task     ] GC(242) Using 1 workers
[183.425s][info][gc,phases   ] GC(242) Pause Mark Start 0.013ms
[183.439s][info][gc,phases   ] GC(242) Concurrent Mark 13.899ms
[183.439s][info][gc,phases   ] GC(242) Pause Mark End 0.018ms
[183.439s][info][gc,phases   ] GC(242) Concurrent Mark Free 0.001ms
[183.504s][info][gc,phases   ] GC(242) Concurrent Process Non-Strong References 64.176ms
[183.504s][info][gc,phases   ] GC(242) Concurrent Reset Relocation Set 0.006ms
[183.508s][info][gc,phases   ] GC(242) Concurrent Select Relocation Set 4.664ms
[183.508s][info][gc,phases   ] GC(242) Pause Relocate Start 0.008ms
[183.509s][info][gc,phases   ] GC(242) Concurrent Relocate 0.611ms
[183.509s][info][gc,load     ] GC(242) Load: 0.00/0.00/0.00
[183.509s][info][gc,mmu      ] GC(242) MMU: 2ms/94.9%, 5ms/98.0%, 10ms/99.0%, 20ms/99.4%, 50ms/99.8%, 100ms/99.9%
[183.509s][info][gc,marking  ] GC(242) Mark: 1 stripe(s), 2 proactive flush(es), 1 terminate flush(es), 0 completion(s), 0 continuation(s) 
[183.509s][info][gc,marking  ] GC(242) Mark Stack Usage: 32M
[183.509s][info][gc,nmethod  ] GC(242) NMethods: 2295 registered, 1 unregistered
[183.509s][info][gc,metaspace] GC(242) Metaspace: 13M used, 14M committed, 1088M reserved
[183.509s][info][gc,ref      ] GC(242) Soft: 134 encountered, 0 discovered, 0 enqueued
[183.509s][info][gc,ref      ] GC(242) Weak: 709 encountered, 455 discovered, 0 enqueued
[183.509s][info][gc,ref      ] GC(242) Final: 0 encountered, 0 discovered, 0 enqueued
[183.509s][info][gc,ref      ] GC(242) Phantom: 59 encountered, 41 discovered, 0 enqueued
[183.509s][info][gc,reloc    ] GC(242) Small Pages: 817 / 1634M, Empty: 1514M, Relocated: 1M, In-Place: 0
[183.509s][info][gc,reloc    ] GC(242) Medium Pages: 0 / 0M, Empty: 0M, Relocated: 0M, In-Place: 0
[183.509s][info][gc,reloc    ] GC(242) Large Pages: 0 / 0M, Empty: 0M, Relocated: 0M, In-Place: 0
[183.509s][info][gc,reloc    ] GC(242) Forwarding Usage: 0M
[183.509s][info][gc,heap     ] GC(242) Min Capacity: 8M(0%)
[183.509s][info][gc,heap     ] GC(242) Max Capacity: 2048M(100%)
[183.509s][info][gc,heap     ] GC(242) Soft Max Capacity: 2048M(100%)
[183.509s][info][gc,heap     ] GC(242)                Mark Start          Mark End        Relocate Start      Relocate End           High               Low         
[183.509s][info][gc,heap     ] GC(242)  Capacity:     2048M (100%)       2048M (100%)       2048M (100%)       2048M (100%)       2048M (100%)       2048M (100%)   
[183.509s][info][gc,heap     ] GC(242)      Free:      414M (20%)         382M (19%)        1768M (86%)        1876M (92%)        1876M (92%)         264M (13%)    
[183.509s][info][gc,heap     ] GC(242)      Used:     1634M (80%)        1666M (81%)         280M (14%)         172M (8%)         1784M (87%)         172M (8%)     
[183.509s][info][gc,heap     ] GC(242)      Live:         -                 8M (0%)            8M (0%)            8M (0%)             -                  -          
[183.509s][info][gc,heap     ] GC(242) Allocated:         -                32M (2%)          160M (8%)          160M (8%)             -                  -          
[183.509s][info][gc,heap     ] GC(242)   Garbage:         -              1625M (79%)         111M (5%)            2M (0%)             -                  -          
[183.509s][info][gc,heap     ] GC(242) Reclaimed:         -                  -              1514M (74%)        1622M (79%)            -                  -          
[183.509s][info][gc          ] GC(242) Garbage Collection (Allocation Rate) 1634M(80%)->172M(8%)
[184.225s][info][gc,start    ] GC(243) Garbage Collection (Allocation Rate)
[184.225s][info][gc,task     ] GC(243) Using 2 workers
[184.225s][info][gc,phases   ] GC(243) Pause Mark Start 0.011ms
[184.233s][info][gc,phases   ] GC(243) Concurrent Mark 7.326ms
[184.233s][info][gc,phases   ] GC(243) Pause Mark End 0.015ms
[184.233s][info][gc,phases   ] GC(243) Concurrent Mark Free 0.001ms
[184.264s][info][gc,phases   ] GC(243) Concurrent Process Non-Strong References 30.732ms
[184.264s][info][gc,phases   ] GC(243) Concurrent Reset Relocation Set 0.004ms
[184.268s][info][gc,phases   ] GC(243) Concurrent Select Relocation Set 3.783ms
[184.268s][info][gc,phases   ] GC(243) Pause Relocate Start 0.006ms
[184.268s][info][gc,phases   ] GC(243) Concurrent Relocate 0.225ms
[184.268s][info][gc,load     ] GC(243) Load: 0.00/0.00/0.00
[184.268s][info][gc,mmu      ] GC(243) MMU: 2ms/94.9%, 5ms/98.0%, 10ms/99.0%, 20ms/99.4%, 50ms/99.8%, 100ms/99.9%
[184.268s][info][gc,marking  ] GC(243) Mark: 2 stripe(s), 2 proactive flush(es), 1 terminate flush(es), 0 completion(s), 0 continuation(s) 
[184.268s][info][gc,marking  ] GC(243) Mark Stack Usage: 32M
[184.268s][info][gc,nmethod  ] GC(243) NMethods: 2295 registered, 1 unregistered
[184.268s][info][gc,metaspace] GC(243) Metaspace: 13M used, 14M committed, 1088M reserved
[184.268s][info][gc,ref      ] GC(243) Soft: 134 encountered, 0 discovered, 0 enqueued
[184.268s][info][gc,ref      ] GC(243) Weak: 663 encountered, 438 discovered, 0 enqueued
[184.268s][info][gc,ref      ] GC(243) Final: 0 encountered, 0 discovered, 0 enqueued
[184.268s][info][gc,ref      ] GC(243) Phantom: 59 encountered, 45 discovered, 0 enqueued
[184.268s][info][gc,reloc    ] GC(243) Small Pages: 874 / 1748M, Empty: 1638M, Relocated: 1M, In-Place: 0
[184.268s][info][gc,reloc    ] GC(243) Medium Pages: 0 / 0M, Empty: 0M, Relocated: 0M, In-Place: 0
[184.268s][info][gc,reloc    ] GC(243) Large Pages: 0 / 0M, Empty: 0M, Relocated: 0M, In-Place: 0
[184.268s][info][gc,reloc    ] GC(243) Forwarding Usage: 0M
[184.268s][info][gc,heap     ] GC(243) Min Capacity: 8M(0%)
[184.268s][info][gc,heap     ] GC(243) Max Capacity: 2048M(100%)
[184.268s][info][gc,heap     ] GC(243) Soft Max Capacity: 2048M(100%)
[184.268s][info][gc,heap     ] GC(243)                Mark Start          Mark End        Relocate Start      Relocate End           High               Low         
[184.268s][info][gc,heap     ] GC(243)  Capacity:     2048M (100%)       2048M (100%)       2048M (100%)       2048M (100%)       2048M (100%)       2048M (100%)   
[184.268s][info][gc,heap     ] GC(243)      Free:      300M (15%)         272M (13%)        1796M (88%)        1894M (92%)        1894M (92%)         170M (8%)     
[184.268s][info][gc,heap     ] GC(243)      Used:     1748M (85%)        1776M (87%)         252M (12%)         154M (8%)         1878M (92%)         154M (8%)     
[184.268s][info][gc,heap     ] GC(243)      Live:         -                 7M (0%)            7M (0%)            7M (0%)             -                  -          
[184.268s][info][gc,heap     ] GC(243) Allocated:         -                28M (1%)          142M (7%)          141M (7%)             -                  -          
[184.268s][info][gc,heap     ] GC(243)   Garbage:         -              1740M (85%)         102M (5%)            4M (0%)             -                  -          
[184.268s][info][gc,heap     ] GC(243) Reclaimed:         -                  -              1638M (80%)        1735M (85%)            -                  -          
[184.268s][info][gc          ] GC(243) Garbage Collection (Allocation Rate) 1748M(85%)->154M(8%)
[184.785s][info][gc,start    ] GC(244) Garbage Collection (System.gc())
[184.785s][info][gc,task     ] GC(244) Using 12 workers
[184.785s][info][gc,phases   ] GC(244) Pause Mark Start 0.017ms
[184.799s][info][gc,phases   ] GC(244) Concurrent Mark 13.239ms
[184.799s][info][gc,phases   ] GC(244) Pause Mark End 0.016ms
[184.799s][info][gc,phases   ] GC(244) Concurrent Mark Free 0.001ms
[184.810s][info][gc,phases   ] GC(244) Concurrent Process Non-Strong References 11.322ms
[184.810s][info][gc,phases   ] GC(244) Concurrent Reset Relocation Set 0.005ms
[184.815s][info][gc,phases   ] GC(244) Concurrent Select Relocation Set 4.277ms
[184.815s][info][gc,phases   ] GC(244) Pause Relocate Start 0.008ms
[184.818s][info][gc,phases   ] GC(244) Concurrent Relocate 3.334ms
[184.818s][info][gc,load     ] GC(244) Load: 0.00/0.00/0.00
[184.818s][info][gc,mmu      ] GC(244) MMU: 2ms/94.9%, 5ms/98.0%, 10ms/99.0%, 20ms/99.4%, 50ms/99.8%, 100ms/99.9%
[184.818s][info][gc,marking  ] GC(244) Mark: 8 stripe(s), 1 proactive flush(es), 1 terminate flush(es), 0 completion(s), 0 continuation(s) 
[184.818s][info][gc,marking  ] GC(244) Mark Stack Usage: 32M
[184.818s][info][gc,nmethod  ] GC(244) NMethods: 2300 registered, 1 unregistered
[184.818s][info][gc,metaspace] GC(244) Metaspace: 13M used, 14M committed, 1088M reserved
[184.818s][info][gc,ref      ] GC(244) Soft: 134 encountered, 0 discovered, 0 enqueued
[184.819s][info][gc,ref      ] GC(244) Weak: 621 encountered, 212 discovered, 0 enqueued
[184.819s][info][gc,ref      ] GC(244) Final: 0 encountered, 0 discovered, 0 enqueued
[184.819s][info][gc,ref      ] GC(244) Phantom: 59 encountered, 56 discovered, 0 enqueued
[184.819s][info][gc,reloc    ] GC(244) Small Pages: 404 / 808M, Empty: 784M, Relocated: 3M, In-Place: 0
[184.819s][info][gc,reloc    ] GC(244) Medium Pages: 0 / 0M, Empty: 0M, Relocated: 0M, In-Place: 0
[184.819s][info][gc,reloc    ] GC(244) Large Pages: 0 / 0M, Empty: 0M, Relocated: 0M, In-Place: 0
[184.819s][info][gc,reloc    ] GC(244) Forwarding Usage: 1M
[184.819s][info][gc,heap     ] GC(244) Min Capacity: 8M(0%)
[184.819s][info][gc,heap     ] GC(244) Max Capacity: 2048M(100%)
[184.819s][info][gc,heap     ] GC(244) Soft Max Capacity: 2048M(100%)
[184.819s][info][gc,heap     ] GC(244)                Mark Start          Mark End        Relocate Start      Relocate End           High               Low         
[184.819s][info][gc,heap     ] GC(244)  Capacity:     2048M (100%)       2048M (100%)       2048M (100%)       2048M (100%)       2048M (100%)       2048M (100%)   
[184.819s][info][gc,heap     ] GC(244)      Free:     1240M (61%)        1240M (61%)        2024M (99%)        2024M (99%)        2024M (99%)        1240M (61%)    
[184.819s][info][gc,heap     ] GC(244)      Used:      808M (39%)         808M (39%)          24M (1%)           24M (1%)          808M (39%)          24M (1%)     
[184.819s][info][gc,heap     ] GC(244)      Live:         -                 4M (0%)            4M (0%)            4M (0%)             -                  -          
[184.819s][info][gc,heap     ] GC(244) Allocated:         -                 0M (0%)            0M (0%)            0M (0%)             -                  -          
[184.819s][info][gc,heap     ] GC(244)   Garbage:         -               803M (39%)          19M (1%)           19M (1%)             -                  -          
[184.819s][info][gc,heap     ] GC(244) Reclaimed:         -                  -               784M (38%)         784M (38%)            -                  -          
[184.819s][info][gc          ] GC(244) Garbage Collection (System.gc()) 808M(39%)->24M(1%)
[185.326s][info][gc,start    ] GC(245) Garbage Collection (Allocation Rate)
[185.326s][info][gc,task     ] GC(245) Using 2 workers
[185.326s][info][gc,phases   ] GC(245) Pause Mark Start 0.012ms
[185.336s][info][gc,phases   ] GC(245) Concurrent Mark 10.218ms
[185.336s][info][gc,phases   ] GC(245) Pause Mark End 0.017ms
[185.336s][info][gc,phases   ] GC(245) Concurrent Mark Free 0.002ms
[185.382s][info][gc,phases   ] GC(245) Concurrent Process Non-Strong References 45.597ms
[185.382s][info][gc,phases   ] GC(245) Concurrent Reset Relocation Set 0.002ms
[185.386s][info][gc,phases   ] GC(245) Concurrent Select Relocation Set 3.617ms
[185.386s][info][gc,phases   ] GC(245) Pause Relocate Start 0.009ms
[185.387s][info][gc,phases   ] GC(245) Concurrent Relocate 1.446ms
[185.388s][info][gc,load     ] GC(245) Load: 0.00/0.00/0.00
[185.388s][info][gc,mmu      ] GC(245) MMU: 2ms/94.9%, 5ms/98.0%, 10ms/99.0%, 20ms/99.4%, 50ms/99.8%, 100ms/99.9%
[185.388s][info][gc,marking  ] GC(245) Mark: 2 stripe(s), 2 proactive flush(es), 1 terminate flush(es), 0 completion(s), 0 continuation(s) 
[185.388s][info][gc,marking  ] GC(245) Mark Stack Usage: 32M
[185.388s][info][gc,nmethod  ] GC(245) NMethods: 675 registered, 1635 unregistered
[185.388s][info][gc,metaspace] GC(245) Metaspace: 13M used, 14M committed, 1088M reserved
[185.388s][info][gc,ref      ] GC(245) Soft: 134 encountered, 0 discovered, 0 enqueued
[185.388s][info][gc,ref      ] GC(245) Weak: 717 encountered, 101 discovered, 0 enqueued
[185.388s][info][gc,ref      ] GC(245) Final: 0 encountered, 0 discovered, 0 enqueued
[185.388s][info][gc,ref      ] GC(245) Phantom: 59 encountered, 40 discovered, 0 enqueued
[185.388s][info][gc,reloc    ] GC(245) Small Pages: 480 / 960M, Empty: 864M, Relocated: 3M, In-Place: 0
[185.388s][info][gc,reloc    ] GC(245) Medium Pages: 0 / 0M, Empty: 0M, Relocated: 0M, In-Place: 0
[185.388s][info][gc,reloc    ] GC(245) Large Pages: 0 / 0M, Empty: 0M, Relocated: 0M, In-Place: 0
[185.388s][info][gc,reloc    ] GC(245) Forwarding Usage: 0M
[185.388s][info][gc,heap     ] GC(245) Min Capacity: 8M(0%)
[185.388s][info][gc,heap     ] GC(245) Max Capacity: 2048M(100%)
[185.388s][info][gc,heap     ] GC(245) Soft Max Capacity: 2048M(100%)
[185.388s][info][gc,heap     ] GC(245)                Mark Start          Mark End        Relocate Start      Relocate End           High               Low         
[185.388s][info][gc,heap     ] GC(245)  Capacity:     2048M (100%)       2048M (100%)       2048M (100%)       2048M (100%)       2048M (100%)       2048M (100%)   
[185.388s][info][gc,heap     ] GC(245)      Free:     1088M (53%)        1062M (52%)        1830M (89%)        1914M (93%)        1914M (93%)         976M (48%)    
[185.388s][info][gc,heap     ] GC(245)      Used:      960M (47%)         986M (48%)         218M (11%)         134M (7%)         1072M (52%)         134M (7%)     
[185.388s][info][gc,heap     ] GC(245)      Live:         -                 7M (0%)            7M (0%)            7M (0%)             -                  -          
[185.388s][info][gc,heap     ] GC(245) Allocated:         -                26M (1%)          122M (6%)          122M (6%)             -                  -          
[185.388s][info][gc,heap     ] GC(245)   Garbage:         -               952M (47%)          88M (4%)            4M (0%)             -                  -          
[185.388s][info][gc,heap     ] GC(245) Reclaimed:         -                  -               864M (42%)         948M (46%)            -                  -          
[185.388s][info][gc          ] GC(245) Garbage Collection (Allocation Rate) 960M(47%)->134M(7%)
[186.025s][info][gc,start    ] GC(246) Garbage Collection (Allocation Rate)
[186.025s][info][gc,task     ] GC(246) Using 2 workers
[186.025s][info][gc,phases   ] GC(246) Pause Mark Start 0.012ms
[186.036s][info][gc,phases   ] GC(246) Concurrent Mark 10.833ms
[186.036s][info][gc,phases   ] GC(246) Pause Mark End 0.015ms
[186.036s][info][gc,phases   ] GC(246) Concurrent Mark Free 0.001ms
[186.076s][info][gc,phases   ] GC(246) Concurrent Process Non-Strong References 39.579ms
[186.076s][info][gc,phases   ] GC(246) Concurrent Reset Relocation Set 0.007ms
[186.080s][info][gc,phases   ] GC(246) Concurrent Select Relocation Set 3.673ms
[186.080s][info][gc,phases   ] GC(246) Pause Relocate Start 0.008ms
[186.082s][info][gc,phases   ] GC(246) Concurrent Relocate 1.533ms
[186.082s][info][gc,load     ] GC(246) Load: 0.00/0.00/0.00
[186.082s][info][gc,mmu      ] GC(246) MMU: 2ms/94.9%, 5ms/98.0%, 10ms/99.0%, 20ms/99.4%, 50ms/99.8%, 100ms/99.9%
[186.082s][info][gc,marking  ] GC(246) Mark: 2 stripe(s), 2 proactive flush(es), 1 terminate flush(es), 0 completion(s), 0 continuation(s) 
[186.082s][info][gc,marking  ] GC(246) Mark Stack Usage: 32M
[186.082s][info][gc,nmethod  ] GC(246) NMethods: 675 registered, 1635 unregistered
[186.082s][info][gc,metaspace] GC(246) Metaspace: 13M used, 14M committed, 1088M reserved
[186.082s][info][gc,ref      ] GC(246) Soft: 134 encountered, 0 discovered, 0 enqueued
[186.082s][info][gc,ref      ] GC(246) Weak: 717 encountered, 407 discovered, 0 enqueued
[186.082s][info][gc,ref      ] GC(246) Final: 0 encountered, 0 discovered, 0 enqueued
[186.082s][info][gc,ref      ] GC(246) Phantom: 59 encountered, 42 discovered, 0 enqueued
[186.082s][info][gc,reloc    ] GC(246) Small Pages: 589 / 1178M, Empty: 1076M, Relocated: 1M, In-Place: 0
[186.082s][info][gc,reloc    ] GC(246) Medium Pages: 0 / 0M, Empty: 0M, Relocated: 0M, In-Place: 0
[186.082s][info][gc,reloc    ] GC(246) Large Pages: 0 / 0M, Empty: 0M, Relocated: 0M, In-Place: 0
[186.082s][info][gc,reloc    ] GC(246) Forwarding Usage: 0M
[186.082s][info][gc,heap     ] GC(246) Min Capacity: 8M(0%)
[186.082s][info][gc,heap     ] GC(246) Max Capacity: 2048M(100%)
[186.082s][info][gc,heap     ] GC(246) Soft Max Capacity: 2048M(100%)
[186.082s][info][gc,heap     ] GC(246)                Mark Start          Mark End        Relocate Start      Relocate End           High               Low         
[186.082s][info][gc,heap     ] GC(246)  Capacity:     2048M (100%)       2048M (100%)       2048M (100%)       2048M (100%)       2048M (100%)       2048M (100%)   
[186.082s][info][gc,heap     ] GC(246)      Free:      870M (42%)         844M (41%)        1852M (90%)        1938M (95%)        1938M (95%)         780M (38%)    
[186.082s][info][gc,heap     ] GC(246)      Used:     1178M (58%)        1204M (59%)         196M (10%)         110M (5%)         1268M (62%)         110M (5%)     
[186.082s][info][gc,heap     ] GC(246)      Live:         -                 7M (0%)            7M (0%)            7M (0%)             -                  -          
[186.082s][info][gc,heap     ] GC(246) Allocated:         -                26M (1%)           94M (5%)           97M (5%)             -                  -          
[186.082s][info][gc,heap     ] GC(246)   Garbage:         -              1170M (57%)          94M (5%)            4M (0%)             -                  -          
[186.082s][info][gc,heap     ] GC(246) Reclaimed:         -                  -              1076M (53%)        1165M (57%)            -                  -          
[186.082s][info][gc          ] GC(246) Garbage Collection (Allocation Rate) 1178M(58%)->110M(5%)
[186.725s][info][gc,start    ] GC(247) Garbage Collection (Allocation Rate)
[186.725s][info][gc,task     ] GC(247) Using 1 workers
[186.725s][info][gc,phases   ] GC(247) Pause Mark Start 0.013ms
[186.739s][info][gc,phases   ] GC(247) Concurrent Mark 13.834ms
[186.739s][info][gc,phases   ] GC(247) Pause Mark End 0.014ms
[186.739s][info][gc,phases   ] GC(247) Concurrent Mark Free 0.001ms
[186.800s][info][gc,phases   ] GC(247) Concurrent Process Non-Strong References 61.163ms
[186.800s][info][gc,phases   ] GC(247) Concurrent Reset Relocation Set 0.005ms
[186.804s][info][gc,phases   ] GC(247) Concurrent Select Relocation Set 3.326ms
[186.804s][info][gc,phases   ] GC(247) Pause Relocate Start 0.008ms
[186.807s][info][gc,phases   ] GC(247) Concurrent Relocate 2.492ms
[186.807s][info][gc,load     ] GC(247) Load: 0.00/0.00/0.00
[186.807s][info][gc,mmu      ] GC(247) MMU: 2ms/94.9%, 5ms/98.0%, 10ms/99.0%, 20ms/99.4%, 50ms/99.8%, 100ms/99.9%
[186.807s][info][gc,marking  ] GC(247) Mark: 1 stripe(s), 2 proactive flush(es), 1 terminate flush(es), 0 completion(s), 0 continuation(s) 
[186.807s][info][gc,marking  ] GC(247) Mark Stack Usage: 32M
[186.807s][info][gc,nmethod  ] GC(247) NMethods: 675 registered, 1635 unregistered
[186.807s][info][gc,metaspace] GC(247) Metaspace: 13M used, 14M committed, 1088M reserved
[186.807s][info][gc,ref      ] GC(247) Soft: 134 encountered, 0 discovered, 0 enqueued
[186.807s][info][gc,ref      ] GC(247) Weak: 717 encountered, 453 discovered, 0 enqueued
[186.807s][info][gc,ref      ] GC(247) Final: 0 encountered, 0 discovered, 0 enqueued
[186.807s][info][gc,ref      ] GC(247) Phantom: 59 encountered, 41 discovered, 0 enqueued
[186.807s][info][gc,reloc    ] GC(247) Small Pages: 572 / 1144M, Empty: 1038M, Relocated: 1M, In-Place: 0
[186.807s][info][gc,reloc    ] GC(247) Medium Pages: 0 / 0M, Empty: 0M, Relocated: 0M, In-Place: 0
[186.807s][info][gc,reloc    ] GC(247) Large Pages: 0 / 0M, Empty: 0M, Relocated: 0M, In-Place: 0
[186.807s][info][gc,reloc    ] GC(247) Forwarding Usage: 0M
[186.807s][info][gc,heap     ] GC(247) Min Capacity: 8M(0%)
[186.807s][info][gc,heap     ] GC(247) Max Capacity: 2048M(100%)
[186.807s][info][gc,heap     ] GC(247) Soft Max Capacity: 2048M(100%)
[186.807s][info][gc,heap     ] GC(247)                Mark Start          Mark End        Relocate Start      Relocate End           High               Low         
[186.807s][info][gc,heap     ] GC(247)  Capacity:     2048M (100%)       2048M (100%)       2048M (100%)       2048M (100%)       2048M (100%)       2048M (100%)   
[186.807s][info][gc,heap     ] GC(247)      Free:      904M (44%)         878M (43%)        1818M (89%)        1912M (93%)        1912M (93%)         786M (38%)    
[186.807s][info][gc,heap     ] GC(247)      Used:     1144M (56%)        1170M (57%)         230M (11%)         136M (7%)         1262M (62%)         136M (7%)     
[186.807s][info][gc,heap     ] GC(247)      Live:         -                 7M (0%)            7M (0%)            7M (0%)             -                  -          
[186.807s][info][gc,heap     ] GC(247) Allocated:         -                26M (1%)          124M (6%)          125M (6%)             -                  -          
[186.807s][info][gc,heap     ] GC(247)   Garbage:         -              1136M (55%)          98M (5%)            2M (0%)             -                  -          
[186.807s][info][gc,heap     ] GC(247) Reclaimed:         -                  -              1038M (51%)        1133M (55%)            -                  -          
[186.807s][info][gc          ] GC(247) Garbage Collection (Allocation Rate) 1144M(56%)->136M(7%)
[187.625s][info][gc,start    ] GC(248) Garbage Collection (Allocation Rate)
[187.625s][info][gc,task     ] GC(248) Using 1 workers
[187.625s][info][gc,phases   ] GC(248) Pause Mark Start 0.009ms
[187.640s][info][gc,phases   ] GC(248) Concurrent Mark 14.335ms
[187.640s][info][gc,phases   ] GC(248) Pause Mark End 0.016ms
[187.640s][info][gc,phases   ] GC(248) Concurrent Mark Free 0.001ms
[187.718s][info][gc,phases   ] GC(248) Concurrent Process Non-Strong References 77.754ms
[187.718s][info][gc,phases   ] GC(248) Concurrent Reset Relocation Set 0.007ms
[187.722s][info][gc,phases   ] GC(248) Concurrent Select Relocation Set 4.770ms
[187.723s][info][gc,phases   ] GC(248) Pause Relocate Start 0.007ms
[187.725s][info][gc,phases   ] GC(248) Concurrent Relocate 2.273ms
[187.725s][info][gc,load     ] GC(248) Load: 0.00/0.00/0.00
[187.725s][info][gc,mmu      ] GC(248) MMU: 2ms/94.9%, 5ms/98.0%, 10ms/99.0%, 20ms/99.4%, 50ms/99.8%, 100ms/99.9%
[187.725s][info][gc,marking  ] GC(248) Mark: 1 stripe(s), 2 proactive flush(es), 1 terminate flush(es), 0 completion(s), 0 continuation(s) 
[187.725s][info][gc,marking  ] GC(248) Mark Stack Usage: 32M
[187.725s][info][gc,nmethod  ] GC(248) NMethods: 675 registered, 1635 unregistered
[187.725s][info][gc,metaspace] GC(248) Metaspace: 13M used, 14M committed, 1088M reserved
[187.725s][info][gc,ref      ] GC(248) Soft: 134 encountered, 0 discovered, 0 enqueued
[187.725s][info][gc,ref      ] GC(248) Weak: 717 encountered, 453 discovered, 0 enqueued
[187.725s][info][gc,ref      ] GC(248) Final: 0 encountered, 0 discovered, 0 enqueued
[187.725s][info][gc,ref      ] GC(248) Phantom: 59 encountered, 41 discovered, 0 enqueued
[187.725s][info][gc,reloc    ] GC(248) Small Pages: 735 / 1470M, Empty: 1348M, Relocated: 1M, In-Place: 0
[187.725s][info][gc,reloc    ] GC(248) Medium Pages: 0 / 0M, Empty: 0M, Relocated: 0M, In-Place: 0
[187.725s][info][gc,reloc    ] GC(248) Large Pages: 0 / 0M, Empty: 0M, Relocated: 0M, In-Place: 0
[187.725s][info][gc,reloc    ] GC(248) Forwarding Usage: 0M
[187.725s][info][gc,heap     ] GC(248) Min Capacity: 8M(0%)
[187.725s][info][gc,heap     ] GC(248) Max Capacity: 2048M(100%)
[187.725s][info][gc,heap     ] GC(248) Soft Max Capacity: 2048M(100%)
[187.725s][info][gc,heap     ] GC(248)                Mark Start          Mark End        Relocate Start      Relocate End           High               Low         
[187.725s][info][gc,heap     ] GC(248)  Capacity:     2048M (100%)       2048M (100%)       2048M (100%)       2048M (100%)       2048M (100%)       2048M (100%)   
[187.725s][info][gc,heap     ] GC(248)      Free:      578M (28%)         548M (27%)        1758M (86%)        1868M (91%)        1868M (91%)         418M (20%)    
[187.725s][info][gc,heap     ] GC(248)      Used:     1470M (72%)        1500M (73%)         290M (14%)         180M (9%)         1630M (80%)         180M (9%)     
[187.725s][info][gc,heap     ] GC(248)      Live:         -                 7M (0%)            7M (0%)            7M (0%)             -                  -          
[187.725s][info][gc,heap     ] GC(248) Allocated:         -                30M (1%)          168M (8%)          169M (8%)             -                  -          
[187.725s][info][gc,heap     ] GC(248)   Garbage:         -              1462M (71%)         114M (6%)            2M (0%)             -                  -          
[187.725s][info][gc,heap     ] GC(248) Reclaimed:         -                  -              1348M (66%)        1459M (71%)            -                  -          
[187.726s][info][gc          ] GC(248) Garbage Collection (Allocation Rate) 1470M(72%)->180M(9%)
[188.625s][info][gc,start    ] GC(249) Garbage Collection (Allocation Rate)
[188.625s][info][gc,task     ] GC(249) Using 1 workers
[188.625s][info][gc,phases   ] GC(249) Pause Mark Start 0.010ms
[188.640s][info][gc,phases   ] GC(249) Concurrent Mark 14.444ms
[188.640s][info][gc,phases   ] GC(249) Pause Mark End 0.014ms
[188.640s][info][gc,phases   ] GC(249) Concurrent Mark Free 0.001ms
[188.718s][info][gc,phases   ] GC(249) Concurrent Process Non-Strong References 78.399ms
[188.718s][info][gc,phases   ] GC(249) Concurrent Reset Relocation Set 0.007ms
[188.724s][info][gc,phases   ] GC(249) Concurrent Select Relocation Set 5.107ms
[188.724s][info][gc,phases   ] GC(249) Pause Relocate Start 0.008ms
[188.726s][info][gc,phases   ] GC(249) Concurrent Relocate 1.732ms
[188.726s][info][gc,load     ] GC(249) Load: 0.00/0.00/0.00
[188.726s][info][gc,mmu      ] GC(249) MMU: 2ms/94.9%, 5ms/98.0%, 10ms/99.0%, 20ms/99.4%, 50ms/99.8%, 100ms/99.9%
[188.726s][info][gc,marking  ] GC(249) Mark: 1 stripe(s), 2 proactive flush(es), 1 terminate flush(es), 0 completion(s), 0 continuation(s) 
[188.726s][info][gc,marking  ] GC(249) Mark Stack Usage: 32M
[188.726s][info][gc,nmethod  ] GC(249) NMethods: 675 registered, 1635 unregistered
[188.726s][info][gc,metaspace] GC(249) Metaspace: 13M used, 14M committed, 1088M reserved
[188.726s][info][gc,ref      ] GC(249) Soft: 134 encountered, 0 discovered, 0 enqueued
[188.726s][info][gc,ref      ] GC(249) Weak: 717 encountered, 453 discovered, 0 enqueued
[188.726s][info][gc,ref      ] GC(249) Final: 0 encountered, 0 discovered, 0 enqueued
[188.726s][info][gc,ref      ] GC(249) Phantom: 59 encountered, 41 discovered, 0 enqueued
[188.726s][info][gc,reloc    ] GC(249) Small Pages: 831 / 1662M, Empty: 1536M, Relocated: 1M, In-Place: 0
[188.726s][info][gc,reloc    ] GC(249) Medium Pages: 0 / 0M, Empty: 0M, Relocated: 0M, In-Place: 0
[188.726s][info][gc,reloc    ] GC(249) Large Pages: 0 / 0M, Empty: 0M, Relocated: 0M, In-Place: 0
[188.726s][info][gc,reloc    ] GC(249) Forwarding Usage: 0M
[188.726s][info][gc,heap     ] GC(249) Min Capacity: 8M(0%)
[188.726s][info][gc,heap     ] GC(249) Max Capacity: 2048M(100%)
[188.726s][info][gc,heap     ] GC(249) Soft Max Capacity: 2048M(100%)
[188.726s][info][gc,heap     ] GC(249)                Mark Start          Mark End        Relocate Start      Relocate End           High               Low         
[188.726s][info][gc,heap     ] GC(249)  Capacity:     2048M (100%)       2048M (100%)       2048M (100%)       2048M (100%)       2048M (100%)       2048M (100%)   
[188.726s][info][gc,heap     ] GC(249)      Free:      386M (19%)         356M (17%)        1754M (86%)        1868M (91%)        1868M (91%)         226M (11%)    
[188.726s][info][gc,heap     ] GC(249)      Used:     1662M (81%)        1692M (83%)         294M (14%)         180M (9%)         1822M (89%)         180M (9%)     
[188.726s][info][gc,heap     ] GC(249)      Live:         -                 7M (0%)            7M (0%)            7M (0%)             -                  -          
[188.726s][info][gc,heap     ] GC(249) Allocated:         -                30M (1%)          168M (8%)          169M (8%)             -                  -          
[188.726s][info][gc,heap     ] GC(249)   Garbage:         -              1654M (81%)         118M (6%)            2M (0%)             -                  -          
[188.726s][info][gc,heap     ] GC(249) Reclaimed:         -                  -              1536M (75%)        1651M (81%)            -                  -          
[188.726s][info][gc          ] GC(249) Garbage Collection (Allocation Rate) 1662M(81%)->180M(9%)
[189.625s][info][gc,start    ] GC(250) Garbage Collection (Allocation Rate)
[189.625s][info][gc,task     ] GC(250) Using 1 workers
[189.625s][info][gc,phases   ] GC(250) Pause Mark Start 0.010ms
[189.640s][info][gc,phases   ] GC(250) Concurrent Mark 14.665ms
[189.640s][info][gc,phases   ] GC(250) Pause Mark End 0.015ms
[189.640s][info][gc,phases   ] GC(250) Concurrent Mark Free 0.001ms
[189.706s][info][gc,phases   ] GC(250) Concurrent Process Non-Strong References 65.855ms
[189.706s][info][gc,phases   ] GC(250) Concurrent Reset Relocation Set 0.007ms
[189.711s][info][gc,phases   ] GC(250) Concurrent Select Relocation Set 4.679ms
[189.711s][info][gc,phases   ] GC(250) Pause Relocate Start 0.008ms
[189.713s][info][gc,phases   ] GC(250) Concurrent Relocate 2.462ms
[189.713s][info][gc,load     ] GC(250) Load: 0.00/0.00/0.00
[189.713s][info][gc,mmu      ] GC(250) MMU: 2ms/94.9%, 5ms/98.0%, 10ms/99.0%, 20ms/99.4%, 50ms/99.8%, 100ms/99.9%
[189.714s][info][gc,marking  ] GC(250) Mark: 1 stripe(s), 2 proactive flush(es), 1 terminate flush(es), 0 completion(s), 0 continuation(s) 
[189.714s][info][gc,marking  ] GC(250) Mark Stack Usage: 32M
[189.714s][info][gc,nmethod  ] GC(250) NMethods: 675 registered, 1635 unregistered
[189.714s][info][gc,metaspace] GC(250) Metaspace: 13M used, 14M committed, 1088M reserved
[189.714s][info][gc,ref      ] GC(250) Soft: 134 encountered, 0 discovered, 0 enqueued
[189.714s][info][gc,ref      ] GC(250) Weak: 717 encountered, 453 discovered, 0 enqueued
[189.714s][info][gc,ref      ] GC(250) Final: 0 encountered, 0 discovered, 0 enqueued
[189.714s][info][gc,ref      ] GC(250) Phantom: 59 encountered, 41 discovered, 0 enqueued
[189.714s][info][gc,reloc    ] GC(250) Small Pages: 821 / 1642M, Empty: 1514M, Relocated: 1M, In-Place: 0
[189.714s][info][gc,reloc    ] GC(250) Medium Pages: 0 / 0M, Empty: 0M, Relocated: 0M, In-Place: 0
[189.714s][info][gc,reloc    ] GC(250) Large Pages: 0 / 0M, Empty: 0M, Relocated: 0M, In-Place: 0
[189.714s][info][gc,reloc    ] GC(250) Forwarding Usage: 0M
[189.714s][info][gc,heap     ] GC(250) Min Capacity: 8M(0%)
[189.714s][info][gc,heap     ] GC(250) Max Capacity: 2048M(100%)
[189.714s][info][gc,heap     ] GC(250) Soft Max Capacity: 2048M(100%)
[189.714s][info][gc,heap     ] GC(250)                Mark Start          Mark End        Relocate Start      Relocate End           High               Low         
[189.714s][info][gc,heap     ] GC(250)  Capacity:     2048M (100%)       2048M (100%)       2048M (100%)       2048M (100%)       2048M (100%)       2048M (100%)   
[189.714s][info][gc,heap     ] GC(250)      Free:      406M (20%)         378M (18%)        1786M (87%)        1902M (93%)        1902M (93%)         280M (14%)    
[189.714s][info][gc,heap     ] GC(250)      Used:     1642M (80%)        1670M (82%)         262M (13%)         146M (7%)         1768M (86%)         146M (7%)     
[189.714s][info][gc,heap     ] GC(250)      Live:         -                 7M (0%)            7M (0%)            7M (0%)             -                  -          
[189.714s][info][gc,heap     ] GC(250) Allocated:         -                28M (1%)          134M (7%)          135M (7%)             -                  -          
[189.714s][info][gc,heap     ] GC(250)   Garbage:         -              1634M (80%)         120M (6%)            2M (0%)             -                  -          
[189.714s][info][gc,heap     ] GC(250) Reclaimed:         -                  -              1514M (74%)        1631M (80%)            -                  -          
[189.714s][info][gc          ] GC(250) Garbage Collection (Allocation Rate) 1642M(80%)->146M(7%)
[190.125s][info][gc,stats    ] === Garbage Collection Statistics =======================================================================================================================
[190.125s][info][gc,stats    ]                                                              Last 10s              Last 10m              Last 10h                Total
[190.125s][info][gc,stats    ]                                                              Avg / Max             Avg / Max             Avg / Max             Avg / Max
[190.125s][info][gc,stats    ]   Collector: Garbage Collection Cycle                     75.856 / 100.579      73.507 / 273.863      73.507 / 273.863      73.507 / 273.863     ms
[190.125s][info][gc,stats    ]  Contention: Mark Segment Reset Contention                     0 / 2                 0 / 11                0 / 11                0 / 11          ops/s
[190.125s][info][gc,stats    ]  Contention: Mark SeqNum Reset Contention                      0 / 0                 0 / 2                 0 / 2                 0 / 2           ops/s
[190.125s][info][gc,stats    ]    Critical: Allocation Stall                                  0 / 0                 0 / 43                0 / 43                0 / 43          ops/s
[190.125s][info][gc,stats    ]    Critical: Allocation Stall                              0.000 / 0.000        29.268 / 55.638       29.268 / 55.638       29.268 / 55.638      ms
[190.125s][info][gc,stats    ]    Critical: GC Locker Stall                                   0 / 0                 0 / 0                 0 / 0                 0 / 0           ops/s
[190.125s][info][gc,stats    ]    Critical: GC Locker Stall                               0.000 / 0.000         0.000 / 0.000         0.000 / 0.000         0.000 / 0.000       ms
[190.125s][info][gc,stats    ]    Critical: Relocation Stall                                  0 / 0                 0 / 0                 0 / 0                 0 / 0           ops/s
[190.125s][info][gc,stats    ]    Critical: Relocation Stall                              0.000 / 0.000         0.000 / 0.000         0.000 / 0.000         0.000 / 0.000       ms
[190.126s][info][gc,stats    ]      Memory: Allocation Rate                                1843 / 2142           1888 / 2242           1888 / 2242           1888 / 2242        MB/s
[190.126s][info][gc,stats    ]      Memory: Defragment                                        0 / 0                 0 / 0                 0 / 0                 0 / 0           ops/s
[190.126s][info][gc,stats    ]      Memory: Out Of Memory                                     0 / 0                 0 / 0                 0 / 0                 0 / 0           ops/s
[190.126s][info][gc,stats    ]      Memory: Page Cache Flush                                  0 / 0                 0 / 0                 0 / 0                 0 / 0           MB/s
[190.126s][info][gc,stats    ]      Memory: Page Cache Hit L1                               924 / 1072            942 / 1124            942 / 1124            942 / 1124        ops/s
[190.126s][info][gc,stats    ]      Memory: Page Cache Hit L2                                 0 / 0                 0 / 0                 0 / 0                 0 / 0           ops/s
[190.126s][info][gc,stats    ]      Memory: Page Cache Hit L3                                 0 / 0                 5 / 449               5 / 449               5 / 449         ops/s
[190.126s][info][gc,stats    ]      Memory: Page Cache Miss                                   0 / 0                 0 / 1                 0 / 1                 0 / 1           ops/s
[190.126s][info][gc,stats    ]      Memory: Uncommit                                          0 / 0                 0 / 0                 0 / 0                 0 / 0           MB/s
[190.126s][info][gc,stats    ]      Memory: Undo Object Allocation Failed                    25 / 49               25 / 141              25 / 141              25 / 141         ops/s
[190.126s][info][gc,stats    ]      Memory: Undo Object Allocation Succeeded                  1 / 3                 1 / 21                1 / 21                1 / 21          ops/s
[190.126s][info][gc,stats    ]      Memory: Undo Page Allocation                             59 / 79               67 / 221              67 / 221              67 / 221         ops/s
[190.126s][info][gc,stats    ]       Phase: Concurrent Mark                              13.085 / 15.917       15.217 / 212.397      15.217 / 212.397      15.217 / 212.397     ms
[190.126s][info][gc,stats    ]       Phase: Concurrent Mark Continue                      0.000 / 0.000         0.000 / 0.000         0.000 / 0.000         0.000 / 0.000       ms
[190.126s][info][gc,stats    ]       Phase: Concurrent Mark Free                          0.001 / 0.002         0.001 / 0.002         0.001 / 0.002         0.001 / 0.002       ms
[190.126s][info][gc,stats    ]       Phase: Concurrent Process Non-Strong References     55.957 / 78.399       45.534 / 242.741      45.534 / 242.741      45.534 / 242.741     ms
[190.126s][info][gc,stats    ]       Phase: Concurrent Relocate                           1.611 / 3.334         1.536 / 5.770         1.536 / 5.770         1.536 / 5.770       ms
[190.126s][info][gc,stats    ]       Phase: Concurrent Reset Relocation Set               0.006 / 0.007         0.006 / 0.011         0.006 / 0.011         0.006 / 0.011       ms
[190.126s][info][gc,stats    ]       Phase: Concurrent Select Relocation Set              4.202 / 5.107         4.436 / 14.014        4.436 / 14.014        4.436 / 14.014      ms
[190.126s][info][gc,stats    ]       Phase: Pause Mark End                                0.016 / 0.018         0.017 / 0.102         0.017 / 0.102         0.017 / 0.102       ms
[190.126s][info][gc,stats    ]       Phase: Pause Mark Start                              0.012 / 0.017         0.012 / 0.049         0.012 / 0.049         0.012 / 0.049       ms
[190.126s][info][gc,stats    ]       Phase: Pause Relocate Start                          0.008 / 0.009         0.007 / 0.020         0.007 / 0.020         0.007 / 0.020       ms
[190.126s][info][gc,stats    ]    Subphase: Concurrent Classes Purge                      0.460 / 5.454         0.051 / 5.454         0.051 / 5.454         0.051 / 5.454       ms
[190.126s][info][gc,stats    ]    Subphase: Concurrent Classes Unlink                     2.618 / 5.407         4.038 / 10.160        4.038 / 10.160        4.038 / 10.160      ms
[190.126s][info][gc,stats    ]    Subphase: Concurrent Mark                              11.370 / 14.846       10.091 / 211.109      10.091 / 211.109      10.091 / 211.109     ms
[190.126s][info][gc,stats    ]    Subphase: Concurrent Mark Try Flush                     0.086 / 0.190         0.375 / 193.285       0.375 / 193.285       0.375 / 193.285     ms
[190.126s][info][gc,stats    ]    Subphase: Concurrent Mark Try Terminate                 3.276 / 11.435        2.310 / 16.632        2.310 / 16.632        2.310 / 16.632      ms
[190.126s][info][gc,stats    ]    Subphase: Concurrent References Enqueue                 0.001 / 0.002         0.001 / 0.006         0.001 / 0.006         0.001 / 0.006       ms
[190.126s][info][gc,stats    ]    Subphase: Concurrent References Process                 0.082 / 0.186         0.103 / 0.200         0.103 / 0.200         0.103 / 0.200       ms
[190.126s][info][gc,stats    ]    Subphase: Concurrent Roots ClassLoaderDataGraph         0.116 / 0.392         0.115 / 1.252         0.115 / 1.252         0.115 / 1.252       ms
[190.126s][info][gc,stats    ]    Subphase: Concurrent Roots CodeCache                    0.000 / 0.000         0.000 / 0.000         0.000 / 0.000         0.000 / 0.000       ms
[190.126s][info][gc,stats    ]    Subphase: Concurrent Roots JavaThreads                  0.350 / 0.759         0.333 / 1.791         0.333 / 1.791         0.333 / 1.791       ms
[190.126s][info][gc,stats    ]    Subphase: Concurrent Roots OopStorageSet                0.034 / 0.084         0.049 / 0.778         0.049 / 0.778         0.049 / 0.778       ms
[190.126s][info][gc,stats    ]    Subphase: Concurrent Weak Roots OopStorageSet          32.768 / 76.629       17.786 / 76.629       17.786 / 76.629       17.786 / 76.629      ms
[190.126s][info][gc,stats    ]    Subphase: Pause Mark Try Complete                       0.000 / 0.000         0.002 / 0.006         0.002 / 0.006         0.002 / 0.006       ms
[190.126s][info][gc,stats    ]      System: Java Threads                                     53 / 61               55 / 73               55 / 73               55 / 73          threads
[190.126s][info][gc,stats    ] =========================================================================================================================================================
[190.525s][info][gc,start    ] GC(251) Garbage Collection (Proactive)
[190.525s][info][gc,task     ] GC(251) Using 12 workers
[190.525s][info][gc,phases   ] GC(251) Pause Mark Start 0.010ms
[190.530s][info][gc,phases   ] GC(251) Concurrent Mark 4.639ms
[190.530s][info][gc,phases   ] GC(251) Pause Mark End 0.017ms
[190.530s][info][gc,phases   ] GC(251) Concurrent Mark Free 0.001ms
[190.538s][info][gc,phases   ] GC(251) Concurrent Process Non-Strong References 7.553ms
[190.538s][info][gc,phases   ] GC(251) Concurrent Reset Relocation Set 0.008ms
[190.543s][info][gc,phases   ] GC(251) Concurrent Select Relocation Set 4.839ms
[190.543s][info][gc,phases   ] GC(251) Pause Relocate Start 0.007ms
[190.544s][info][gc,phases   ] GC(251) Concurrent Relocate 1.524ms
[190.544s][info][gc,load     ] GC(251) Load: 0.00/0.00/0.00
[190.544s][info][gc,mmu      ] GC(251) MMU: 2ms/94.9%, 5ms/98.0%, 10ms/99.0%, 20ms/99.4%, 50ms/99.8%, 100ms/99.9%
[190.544s][info][gc,marking  ] GC(251) Mark: 8 stripe(s), 2 proactive flush(es), 1 terminate flush(es), 0 completion(s), 0 continuation(s) 
[190.544s][info][gc,marking  ] GC(251) Mark Stack Usage: 32M
[190.545s][info][gc,nmethod  ] GC(251) NMethods: 675 registered, 1635 unregistered
[190.545s][info][gc,metaspace] GC(251) Metaspace: 13M used, 14M committed, 1088M reserved
[190.545s][info][gc,ref      ] GC(251) Soft: 134 encountered, 0 discovered, 0 enqueued
[190.545s][info][gc,ref      ] GC(251) Weak: 717 encountered, 184 discovered, 0 enqueued
[190.545s][info][gc,ref      ] GC(251) Final: 0 encountered, 0 discovered, 0 enqueued
[190.545s][info][gc,ref      ] GC(251) Phantom: 59 encountered, 34 discovered, 0 enqueued
[190.545s][info][gc,reloc    ] GC(251) Small Pages: 734 / 1468M, Empty: 1352M, Relocated: 1M, In-Place: 0
[190.545s][info][gc,reloc    ] GC(251) Medium Pages: 0 / 0M, Empty: 0M, Relocated: 0M, In-Place: 0
[190.545s][info][gc,reloc    ] GC(251) Large Pages: 0 / 0M, Empty: 0M, Relocated: 0M, In-Place: 0
[190.545s][info][gc,reloc    ] GC(251) Forwarding Usage: 0M
[190.545s][info][gc,heap     ] GC(251) Min Capacity: 8M(0%)
[190.545s][info][gc,heap     ] GC(251) Max Capacity: 2048M(100%)
[190.545s][info][gc,heap     ] GC(251) Soft Max Capacity: 2048M(100%)
[190.545s][info][gc,heap     ] GC(251)                Mark Start          Mark End        Relocate Start      Relocate End           High               Low         
[190.545s][info][gc,heap     ] GC(251)  Capacity:     2048M (100%)       2048M (100%)       2048M (100%)       2048M (100%)       2048M (100%)       2048M (100%)   
[190.545s][info][gc,heap     ] GC(251)      Free:      580M (28%)         568M (28%)        1898M (93%)        1980M (97%)        1980M (97%)         554M (27%)    
[190.545s][info][gc,heap     ] GC(251)      Used:     1468M (72%)        1480M (72%)         150M (7%)           68M (3%)         1494M (73%)          68M (3%)     
[190.545s][info][gc,heap     ] GC(251)      Live:         -                 8M (0%)            8M (0%)            8M (0%)             -                  -          
[190.545s][info][gc,heap     ] GC(251) Allocated:         -                12M (1%)           34M (2%)           35M (2%)             -                  -          
[190.545s][info][gc,heap     ] GC(251)   Garbage:         -              1459M (71%)         107M (5%)           23M (1%)             -                  -          
[190.545s][info][gc,heap     ] GC(251) Reclaimed:         -                  -              1352M (66%)        1435M (70%)            -                  -          
[190.545s][info][gc          ] GC(251) Garbage Collection (Proactive) 1468M(72%)->68M(3%)
[191.325s][info][gc,start    ] GC(252) Garbage Collection (Allocation Rate)
[191.326s][info][gc,task     ] GC(252) Using 1 workers
[191.326s][info][gc,phases   ] GC(252) Pause Mark Start 0.011ms
[191.343s][info][gc,phases   ] GC(252) Concurrent Mark 16.864ms
[191.343s][info][gc,phases   ] GC(252) Pause Mark End 0.014ms
[191.343s][info][gc,phases   ] GC(252) Concurrent Mark Free 0.001ms
[191.416s][info][gc,phases   ] GC(252) Concurrent Process Non-Strong References 73.160ms
[191.416s][info][gc,phases   ] GC(252) Concurrent Reset Relocation Set 0.007ms
[191.421s][info][gc,phases   ] GC(252) Concurrent Select Relocation Set 4.818ms
[191.421s][info][gc,phases   ] GC(252) Pause Relocate Start 0.008ms
[191.423s][info][gc,phases   ] GC(252) Concurrent Relocate 1.818ms
[191.423s][info][gc,load     ] GC(252) Load: 0.00/0.00/0.00
[191.423s][info][gc,mmu      ] GC(252) MMU: 2ms/94.9%, 5ms/98.0%, 10ms/99.0%, 20ms/99.4%, 50ms/99.8%, 100ms/99.9%
[191.423s][info][gc,marking  ] GC(252) Mark: 1 stripe(s), 2 proactive flush(es), 1 terminate flush(es), 0 completion(s), 0 continuation(s) 
[191.423s][info][gc,marking  ] GC(252) Mark Stack Usage: 32M
[191.423s][info][gc,nmethod  ] GC(252) NMethods: 675 registered, 1635 unregistered
[191.423s][info][gc,metaspace] GC(252) Metaspace: 13M used, 14M committed, 1088M reserved
[191.423s][info][gc,ref      ] GC(252) Soft: 134 encountered, 0 discovered, 0 enqueued
[191.423s][info][gc,ref      ] GC(252) Weak: 717 encountered, 453 discovered, 0 enqueued
[191.423s][info][gc,ref      ] GC(252) Final: 0 encountered, 0 discovered, 0 enqueued
[191.423s][info][gc,ref      ] GC(252) Phantom: 59 encountered, 41 discovered, 0 enqueued
[191.423s][info][gc,reloc    ] GC(252) Small Pages: 677 / 1354M, Empty: 1224M, Relocated: 1M, In-Place: 0
[191.423s][info][gc,reloc    ] GC(252) Medium Pages: 0 / 0M, Empty: 0M, Relocated: 0M, In-Place: 0
[191.423s][info][gc,reloc    ] GC(252) Large Pages: 0 / 0M, Empty: 0M, Relocated: 0M, In-Place: 0
[191.423s][info][gc,reloc    ] GC(252) Forwarding Usage: 0M
[191.423s][info][gc,heap     ] GC(252) Min Capacity: 8M(0%)
[191.423s][info][gc,heap     ] GC(252) Max Capacity: 2048M(100%)
[191.423s][info][gc,heap     ] GC(252) Soft Max Capacity: 2048M(100%)
[191.423s][info][gc,heap     ] GC(252)                Mark Start          Mark End        Relocate Start      Relocate End           High               Low         
[191.423s][info][gc,heap     ] GC(252)  Capacity:     2048M (100%)       2048M (100%)       2048M (100%)       2048M (100%)       2048M (100%)       2048M (100%)   
[191.423s][info][gc,heap     ] GC(252)      Free:      694M (34%)         658M (32%)        1754M (86%)        1872M (91%)        1872M (91%)         538M (26%)    
[191.423s][info][gc,heap     ] GC(252)      Used:     1354M (66%)        1390M (68%)         294M (14%)         176M (9%)         1510M (74%)         176M (9%)     
[191.423s][info][gc,heap     ] GC(252)      Live:         -                 8M (0%)            8M (0%)            8M (0%)             -                  -          
[191.423s][info][gc,heap     ] GC(252) Allocated:         -                36M (2%)          164M (8%)          165M (8%)             -                  -          
[191.423s][info][gc,heap     ] GC(252)   Garbage:         -              1345M (66%)         121M (6%)            1M (0%)             -                  -          
[191.423s][info][gc,heap     ] GC(252) Reclaimed:         -                  -              1224M (60%)        1343M (66%)            -                  -          
[191.424s][info][gc          ] GC(252) Garbage Collection (Allocation Rate) 1354M(66%)->176M(9%)
[192.225s][info][gc,start    ] GC(253) Garbage Collection (Allocation Rate)
[192.225s][info][gc,task     ] GC(253) Using 1 workers
[192.291s][info][gc,phases   ] GC(253) Pause Mark Start 0.017ms
[192.318s][info][gc,phases   ] GC(253) Concurrent Mark 26.766ms
[192.319s][info][gc,phases   ] GC(253) Pause Mark End 0.037ms
[192.319s][info][gc,phases   ] GC(253) Concurrent Mark Free 0.002ms
[192.405s][info][gc,phases   ] GC(253) Concurrent Process Non-Strong References 85.814ms
[192.405s][info][gc,phases   ] GC(253) Concurrent Reset Relocation Set 0.009ms
[192.409s][info][gc,phases   ] GC(253) Concurrent Select Relocation Set 4.223ms
[192.409s][info][gc,phases   ] GC(253) Pause Relocate Start 0.008ms
[192.413s][info][gc,phases   ] GC(253) Concurrent Relocate 3.625ms
[192.413s][info][gc,load     ] GC(253) Load: 0.00/0.00/0.00
[192.413s][info][gc,mmu      ] GC(253) MMU: 2ms/94.9%, 5ms/98.0%, 10ms/99.0%, 20ms/99.4%, 50ms/99.8%, 100ms/99.9%
[192.413s][info][gc,marking  ] GC(253) Mark: 1 stripe(s), 2 proactive flush(es), 1 terminate flush(es), 1 completion(s), 0 continuation(s) 
[192.413s][info][gc,marking  ] GC(253) Mark Stack Usage: 32M
[192.413s][info][gc,nmethod  ] GC(253) NMethods: 675 registered, 1635 unregistered
[192.413s][info][gc,metaspace] GC(253) Metaspace: 13M used, 14M committed, 1088M reserved
[192.413s][info][gc,ref      ] GC(253) Soft: 134 encountered, 0 discovered, 0 enqueued
[192.413s][info][gc,ref      ] GC(253) Weak: 717 encountered, 453 discovered, 0 enqueued
[192.413s][info][gc,ref      ] GC(253) Final: 0 encountered, 0 discovered, 0 enqueued
[192.413s][info][gc,ref      ] GC(253) Phantom: 59 encountered, 41 discovered, 0 enqueued
[192.413s][info][gc,reloc    ] GC(253) Small Pages: 746 / 1492M, Empty: 1368M, Relocated: 1M, In-Place: 0
[192.413s][info][gc,reloc    ] GC(253) Medium Pages: 0 / 0M, Empty: 0M, Relocated: 0M, In-Place: 0
[192.413s][info][gc,reloc    ] GC(253) Large Pages: 0 / 0M, Empty: 0M, Relocated: 0M, In-Place: 0
[192.413s][info][gc,reloc    ] GC(253) Forwarding Usage: 0M
[192.413s][info][gc,heap     ] GC(253) Min Capacity: 8M(0%)
[192.413s][info][gc,heap     ] GC(253) Max Capacity: 2048M(100%)
[192.413s][info][gc,heap     ] GC(253) Soft Max Capacity: 2048M(100%)
[192.413s][info][gc,heap     ] GC(253)                Mark Start          Mark End        Relocate Start      Relocate End           High               Low         
[192.413s][info][gc,heap     ] GC(253)  Capacity:     2048M (100%)       2048M (100%)       2048M (100%)       2048M (100%)       2048M (100%)       2048M (100%)   
[192.413s][info][gc,heap     ] GC(253)      Free:      556M (27%)         514M (25%)        1740M (85%)        1848M (90%)        1852M (90%)         378M (18%)    
[192.413s][info][gc,heap     ] GC(253)      Used:     1492M (73%)        1534M (75%)         308M (15%)         200M (10%)        1670M (82%)         196M (10%)    
[192.413s][info][gc,heap     ] GC(253)      Live:         -                 8M (0%)            8M (0%)            8M (0%)             -                  -          
[192.413s][info][gc,heap     ] GC(253) Allocated:         -                42M (2%)          184M (9%)          189M (9%)             -                  -          
[192.413s][info][gc,heap     ] GC(253)   Garbage:         -              1483M (72%)         115M (6%)            1M (0%)             -                  -          
[192.413s][info][gc,heap     ] GC(253) Reclaimed:         -                  -              1368M (67%)        1481M (72%)            -                  -          
[192.413s][info][gc          ] GC(253) Garbage Collection (Allocation Rate) 1492M(73%)->200M(10%)
[193.125s][info][gc,start    ] GC(254) Garbage Collection (Allocation Rate)
[193.125s][info][gc,task     ] GC(254) Using 1 workers
[193.125s][info][gc,phases   ] GC(254) Pause Mark Start 0.010ms
[193.141s][info][gc,phases   ] GC(254) Concurrent Mark 15.570ms
[193.141s][info][gc,phases   ] GC(254) Pause Mark End 0.015ms
[193.141s][info][gc,phases   ] GC(254) Concurrent Mark Free 0.001ms
[193.216s][info][gc,phases   ] GC(254) Concurrent Process Non-Strong References 75.081ms
[193.216s][info][gc,phases   ] GC(254) Concurrent Reset Relocation Set 0.006ms
[193.221s][info][gc,phases   ] GC(254) Concurrent Select Relocation Set 5.109ms
[193.221s][info][gc,phases   ] GC(254) Pause Relocate Start 0.008ms
[193.222s][info][gc,phases   ] GC(254) Concurrent Relocate 0.249ms
[193.222s][info][gc,load     ] GC(254) Load: 0.00/0.00/0.00
[193.222s][info][gc,mmu      ] GC(254) MMU: 2ms/94.9%, 5ms/98.0%, 10ms/99.0%, 20ms/99.4%, 50ms/99.8%, 100ms/99.9%
[193.222s][info][gc,marking  ] GC(254) Mark: 1 stripe(s), 2 proactive flush(es), 1 terminate flush(es), 0 completion(s), 0 continuation(s) 
[193.222s][info][gc,marking  ] GC(254) Mark Stack Usage: 32M
[193.222s][info][gc,nmethod  ] GC(254) NMethods: 675 registered, 1635 unregistered
[193.222s][info][gc,metaspace] GC(254) Metaspace: 13M used, 14M committed, 1088M reserved
[193.222s][info][gc,ref      ] GC(254) Soft: 134 encountered, 0 discovered, 0 enqueued
[193.222s][info][gc,ref      ] GC(254) Weak: 717 encountered, 453 discovered, 0 enqueued
[193.222s][info][gc,ref      ] GC(254) Final: 0 encountered, 0 discovered, 0 enqueued
[193.222s][info][gc,ref      ] GC(254) Phantom: 59 encountered, 41 discovered, 0 enqueued
[193.222s][info][gc,reloc    ] GC(254) Small Pages: 671 / 1342M, Empty: 1228M, Relocated: 0M, In-Place: 0
[193.222s][info][gc,reloc    ] GC(254) Medium Pages: 0 / 0M, Empty: 0M, Relocated: 0M, In-Place: 0
[193.222s][info][gc,reloc    ] GC(254) Large Pages: 0 / 0M, Empty: 0M, Relocated: 0M, In-Place: 0
[193.222s][info][gc,reloc    ] GC(254) Forwarding Usage: 0M
[193.222s][info][gc,heap     ] GC(254) Min Capacity: 8M(0%)
[193.222s][info][gc,heap     ] GC(254) Max Capacity: 2048M(100%)
[193.222s][info][gc,heap     ] GC(254) Soft Max Capacity: 2048M(100%)
[193.222s][info][gc,heap     ] GC(254)                Mark Start          Mark End        Relocate Start      Relocate End           High               Low         
[193.222s][info][gc,heap     ] GC(254)  Capacity:     2048M (100%)       2048M (100%)       2048M (100%)       2048M (100%)       2048M (100%)       2048M (100%)   
[193.222s][info][gc,heap     ] GC(254)      Free:      706M (34%)         676M (33%)        1774M (87%)        1874M (92%)        1874M (92%)         552M (27%)    
[193.222s][info][gc,heap     ] GC(254)      Used:     1342M (66%)        1372M (67%)         274M (13%)         174M (8%)         1496M (73%)         174M (8%)     
[193.222s][info][gc,heap     ] GC(254)      Live:         -                 8M (0%)            8M (0%)            8M (0%)             -                  -          
[193.222s][info][gc,heap     ] GC(254) Allocated:         -                30M (1%)          160M (8%)          161M (8%)             -                  -          
[193.222s][info][gc,heap     ] GC(254)   Garbage:         -              1333M (65%)         105M (5%)            3M (0%)             -                  -          
[193.222s][info][gc,heap     ] GC(254) Reclaimed:         -                  -              1228M (60%)        1329M (65%)            -                  -          
[193.222s][info][gc          ] GC(254) Garbage Collection (Allocation Rate) 1342M(66%)->174M(8%)
[193.925s][info][gc,start    ] GC(255) Garbage Collection (Allocation Rate)
[193.925s][info][gc,task     ] GC(255) Using 1 workers
[193.925s][info][gc,phases   ] GC(255) Pause Mark Start 0.011ms
[193.940s][info][gc,phases   ] GC(255) Concurrent Mark 14.584ms
[193.940s][info][gc,phases   ] GC(255) Pause Mark End 0.015ms
[193.940s][info][gc,phases   ] GC(255) Concurrent Mark Free 0.001ms
[194.020s][info][gc,phases   ] GC(255) Concurrent Process Non-Strong References 80.347ms
[194.020s][info][gc,phases   ] GC(255) Concurrent Reset Relocation Set 0.005ms
[194.025s][info][gc,phases   ] GC(255) Concurrent Select Relocation Set 4.924ms
[194.026s][info][gc,phases   ] GC(255) Pause Relocate Start 0.007ms
[194.026s][info][gc,phases   ] GC(255) Concurrent Relocate 0.298ms
[194.026s][info][gc,load     ] GC(255) Load: 0.00/0.00/0.00
[194.026s][info][gc,mmu      ] GC(255) MMU: 2ms/94.9%, 5ms/98.0%, 10ms/99.0%, 20ms/99.4%, 50ms/99.8%, 100ms/99.9%
[194.026s][info][gc,marking  ] GC(255) Mark: 1 stripe(s), 2 proactive flush(es), 1 terminate flush(es), 0 completion(s), 0 continuation(s) 
[194.026s][info][gc,marking  ] GC(255) Mark Stack Usage: 32M
[194.026s][info][gc,nmethod  ] GC(255) NMethods: 675 registered, 1635 unregistered
[194.026s][info][gc,metaspace] GC(255) Metaspace: 13M used, 14M committed, 1088M reserved
[194.026s][info][gc,ref      ] GC(255) Soft: 134 encountered, 0 discovered, 0 enqueued
[194.026s][info][gc,ref      ] GC(255) Weak: 717 encountered, 453 discovered, 0 enqueued
[194.026s][info][gc,ref      ] GC(255) Final: 0 encountered, 0 discovered, 0 enqueued
[194.026s][info][gc,ref      ] GC(255) Phantom: 59 encountered, 41 discovered, 0 enqueued
[194.026s][info][gc,reloc    ] GC(255) Small Pages: 663 / 1326M, Empty: 1214M, Relocated: 0M, In-Place: 0
[194.026s][info][gc,reloc    ] GC(255) Medium Pages: 0 / 0M, Empty: 0M, Relocated: 0M, In-Place: 0
[194.026s][info][gc,reloc    ] GC(255) Large Pages: 0 / 0M, Empty: 0M, Relocated: 0M, In-Place: 0
[194.026s][info][gc,reloc    ] GC(255) Forwarding Usage: 0M
[194.026s][info][gc,heap     ] GC(255) Min Capacity: 8M(0%)
[194.026s][info][gc,heap     ] GC(255) Max Capacity: 2048M(100%)
[194.026s][info][gc,heap     ] GC(255) Soft Max Capacity: 2048M(100%)
[194.026s][info][gc,heap     ] GC(255)                Mark Start          Mark End        Relocate Start      Relocate End           High               Low         
[194.026s][info][gc,heap     ] GC(255)  Capacity:     2048M (100%)       2048M (100%)       2048M (100%)       2048M (100%)       2048M (100%)       2048M (100%)   
[194.026s][info][gc,heap     ] GC(255)      Free:      722M (35%)         690M (34%)        1766M (86%)        1866M (91%)        1866M (91%)         562M (27%)    
[194.026s][info][gc,heap     ] GC(255)      Used:     1326M (65%)        1358M (66%)         282M (14%)         182M (9%)         1486M (73%)         182M (9%)     
[194.026s][info][gc,heap     ] GC(255)      Live:         -                 8M (0%)            8M (0%)            8M (0%)             -                  -          
[194.026s][info][gc,heap     ] GC(255) Allocated:         -                32M (2%)          170M (8%)          169M (8%)             -                  -          
[194.026s][info][gc,heap     ] GC(255)   Garbage:         -              1317M (64%)         103M (5%)            3M (0%)             -                  -          
[194.026s][info][gc,heap     ] GC(255) Reclaimed:         -                  -              1214M (59%)        1313M (64%)            -                  -          
[194.026s][info][gc          ] GC(255) Garbage Collection (Allocation Rate) 1326M(65%)->182M(9%)
[194.824s][info][gc,start    ] GC(256) Garbage Collection (Allocation Rate)
[194.824s][info][gc,task     ] GC(256) Using 1 workers
[194.825s][info][gc,phases   ] GC(256) Pause Mark Start 0.011ms
[194.840s][info][gc,phases   ] GC(256) Concurrent Mark 15.559ms
[194.840s][info][gc,phases   ] GC(256) Pause Mark End 0.015ms
[194.841s][info][gc,phases   ] GC(256) Concurrent Mark Free 0.001ms
[194.930s][info][gc,phases   ] GC(256) Concurrent Process Non-Strong References 89.415ms
[194.930s][info][gc,phases   ] GC(256) Concurrent Reset Relocation Set 0.007ms
[194.936s][info][gc,phases   ] GC(256) Concurrent Select Relocation Set 5.473ms
[194.936s][info][gc,phases   ] GC(256) Pause Relocate Start 0.009ms
[194.936s][info][gc,phases   ] GC(256) Concurrent Relocate 0.391ms
[194.936s][info][gc,load     ] GC(256) Load: 0.00/0.00/0.00
[194.936s][info][gc,mmu      ] GC(256) MMU: 2ms/94.9%, 5ms/98.0%, 10ms/99.0%, 20ms/99.4%, 50ms/99.8%, 100ms/99.9%
[194.936s][info][gc,marking  ] GC(256) Mark: 1 stripe(s), 2 proactive flush(es), 1 terminate flush(es), 0 completion(s), 0 continuation(s) 
[194.936s][info][gc,marking  ] GC(256) Mark Stack Usage: 32M
[194.936s][info][gc,nmethod  ] GC(256) NMethods: 675 registered, 1635 unregistered
[194.936s][info][gc,metaspace] GC(256) Metaspace: 13M used, 14M committed, 1088M reserved
[194.936s][info][gc,ref      ] GC(256) Soft: 134 encountered, 0 discovered, 0 enqueued
[194.936s][info][gc,ref      ] GC(256) Weak: 717 encountered, 453 discovered, 0 enqueued
[194.936s][info][gc,ref      ] GC(256) Final: 0 encountered, 0 discovered, 0 enqueued
[194.936s][info][gc,ref      ] GC(256) Phantom: 59 encountered, 41 discovered, 0 enqueued
[194.936s][info][gc,reloc    ] GC(256) Small Pages: 749 / 1498M, Empty: 1382M, Relocated: 0M, In-Place: 0
[194.936s][info][gc,reloc    ] GC(256) Medium Pages: 0 / 0M, Empty: 0M, Relocated: 0M, In-Place: 0
[194.936s][info][gc,reloc    ] GC(256) Large Pages: 0 / 0M, Empty: 0M, Relocated: 0M, In-Place: 0
[194.937s][info][gc,reloc    ] GC(256) Forwarding Usage: 0M
[194.937s][info][gc,heap     ] GC(256) Min Capacity: 8M(0%)
[194.937s][info][gc,heap     ] GC(256) Max Capacity: 2048M(100%)
[194.937s][info][gc,heap     ] GC(256) Soft Max Capacity: 2048M(100%)
[194.937s][info][gc,heap     ] GC(256)                Mark Start          Mark End        Relocate Start      Relocate End           High               Low         
[194.937s][info][gc,heap     ] GC(256)  Capacity:     2048M (100%)       2048M (100%)       2048M (100%)       2048M (100%)       2048M (100%)       2048M (100%)   
[194.937s][info][gc,heap     ] GC(256)      Free:      550M (27%)         516M (25%)        1744M (85%)        1848M (90%)        1848M (90%)         372M (18%)    
[194.937s][info][gc,heap     ] GC(256)      Used:     1498M (73%)        1532M (75%)         304M (15%)         200M (10%)        1676M (82%)         200M (10%)    
[194.937s][info][gc,heap     ] GC(256)      Live:         -                 8M (0%)            8M (0%)            8M (0%)             -                  -          
[194.937s][info][gc,heap     ] GC(256) Allocated:         -                34M (2%)          188M (9%)          188M (9%)             -                  -          
[194.937s][info][gc,heap     ] GC(256)   Garbage:         -              1489M (73%)         107M (5%)            3M (0%)             -                  -          
[194.937s][info][gc,heap     ] GC(256) Reclaimed:         -                  -              1382M (67%)        1486M (73%)            -                  -          
[194.937s][info][gc          ] GC(256) Garbage Collection (Allocation Rate) 1498M(73%)->200M(10%)
[195.825s][info][gc,start    ] GC(257) Garbage Collection (Allocation Rate)
[195.825s][info][gc,task     ] GC(257) Using 1 workers
[195.826s][info][gc,phases   ] GC(257) Pause Mark Start 0.013ms
[195.839s][info][gc,phases   ] GC(257) Concurrent Mark 13.484ms
[195.839s][info][gc,phases   ] GC(257) Pause Mark End 0.016ms
[195.840s][info][gc,phases   ] GC(257) Concurrent Mark Free 0.001ms
[195.908s][info][gc,phases   ] GC(257) Concurrent Process Non-Strong References 68.905ms
[195.909s][info][gc,phases   ] GC(257) Concurrent Reset Relocation Set 0.009ms
[195.913s][info][gc,phases   ] GC(257) Concurrent Select Relocation Set 4.388ms
[195.913s][info][gc,phases   ] GC(257) Pause Relocate Start 0.008ms
[195.914s][info][gc,phases   ] GC(257) Concurrent Relocate 0.398ms
[195.914s][info][gc,load     ] GC(257) Load: 0.00/0.00/0.00
[195.914s][info][gc,mmu      ] GC(257) MMU: 2ms/94.9%, 5ms/98.0%, 10ms/99.0%, 20ms/99.4%, 50ms/99.8%, 100ms/99.9%
[195.914s][info][gc,marking  ] GC(257) Mark: 1 stripe(s), 2 proactive flush(es), 1 terminate flush(es), 0 completion(s), 0 continuation(s) 
[195.914s][info][gc,marking  ] GC(257) Mark Stack Usage: 32M
[195.914s][info][gc,nmethod  ] GC(257) NMethods: 675 registered, 1635 unregistered
[195.914s][info][gc,metaspace] GC(257) Metaspace: 13M used, 14M committed, 1088M reserved
[195.914s][info][gc,ref      ] GC(257) Soft: 134 encountered, 0 discovered, 0 enqueued
[195.914s][info][gc,ref      ] GC(257) Weak: 717 encountered, 453 discovered, 0 enqueued
[195.914s][info][gc,ref      ] GC(257) Final: 0 encountered, 0 discovered, 0 enqueued
[195.914s][info][gc,ref      ] GC(257) Phantom: 59 encountered, 41 discovered, 0 enqueued
[195.914s][info][gc,reloc    ] GC(257) Small Pages: 820 / 1640M, Empty: 1514M, Relocated: 0M, In-Place: 0
[195.914s][info][gc,reloc    ] GC(257) Medium Pages: 0 / 0M, Empty: 0M, Relocated: 0M, In-Place: 0
[195.914s][info][gc,reloc    ] GC(257) Large Pages: 0 / 0M, Empty: 0M, Relocated: 0M, In-Place: 0
[195.914s][info][gc,reloc    ] GC(257) Forwarding Usage: 0M
[195.914s][info][gc,heap     ] GC(257) Min Capacity: 8M(0%)
[195.914s][info][gc,heap     ] GC(257) Max Capacity: 2048M(100%)
[195.914s][info][gc,heap     ] GC(257) Soft Max Capacity: 2048M(100%)
[195.914s][info][gc,heap     ] GC(257)                Mark Start          Mark End        Relocate Start      Relocate End           High               Low         
[195.914s][info][gc,heap     ] GC(257)  Capacity:     2048M (100%)       2048M (100%)       2048M (100%)       2048M (100%)       2048M (100%)       2048M (100%)   
[195.914s][info][gc,heap     ] GC(257)      Free:      408M (20%)         382M (19%)        1784M (87%)        1898M (93%)        1898M (93%)         276M (13%)    
[195.914s][info][gc,heap     ] GC(257)      Used:     1640M (80%)        1666M (81%)         264M (13%)         150M (7%)         1772M (87%)         150M (7%)     
[195.914s][info][gc,heap     ] GC(257)      Live:         -                 8M (0%)            8M (0%)            8M (0%)             -                  -          
[195.914s][info][gc,heap     ] GC(257) Allocated:         -                26M (1%)          138M (7%)          137M (7%)             -                  -          
[195.914s][info][gc,heap     ] GC(257)   Garbage:         -              1631M (80%)         117M (6%)            3M (0%)             -                  -          
[195.914s][info][gc,heap     ] GC(257) Reclaimed:         -                  -              1514M (74%)        1627M (79%)            -                  -          
[195.914s][info][gc          ] GC(257) Garbage Collection (Allocation Rate) 1640M(80%)->150M(7%)
[196.825s][info][gc,start    ] GC(258) Garbage Collection (Allocation Rate)
[196.825s][info][gc,task     ] GC(258) Using 1 workers
[196.825s][info][gc,phases   ] GC(258) Pause Mark Start 0.012ms
[196.839s][info][gc,phases   ] GC(258) Concurrent Mark 13.313ms
[196.839s][info][gc,phases   ] GC(258) Pause Mark End 0.016ms
[196.839s][info][gc,phases   ] GC(258) Concurrent Mark Free 0.001ms
[196.919s][info][gc,phases   ] GC(258) Concurrent Process Non-Strong References 80.336ms
[196.919s][info][gc,phases   ] GC(258) Concurrent Reset Relocation Set 0.006ms
[196.925s][info][gc,phases   ] GC(258) Concurrent Select Relocation Set 5.298ms
[196.925s][info][gc,phases   ] GC(258) Pause Relocate Start 0.008ms
[196.926s][info][gc,phases   ] GC(258) Concurrent Relocate 0.633ms
[196.926s][info][gc,load     ] GC(258) Load: 0.00/0.00/0.00
[196.926s][info][gc,mmu      ] GC(258) MMU: 2ms/94.9%, 5ms/98.0%, 10ms/99.0%, 20ms/99.4%, 50ms/99.8%, 100ms/99.9%
[196.926s][info][gc,marking  ] GC(258) Mark: 1 stripe(s), 2 proactive flush(es), 1 terminate flush(es), 0 completion(s), 0 continuation(s) 
[196.926s][info][gc,marking  ] GC(258) Mark Stack Usage: 32M
[196.926s][info][gc,nmethod  ] GC(258) NMethods: 675 registered, 1635 unregistered
[196.926s][info][gc,metaspace] GC(258) Metaspace: 13M used, 14M committed, 1088M reserved
[196.926s][info][gc,ref      ] GC(258) Soft: 134 encountered, 0 discovered, 0 enqueued
[196.926s][info][gc,ref      ] GC(258) Weak: 717 encountered, 453 discovered, 0 enqueued
[196.926s][info][gc,ref      ] GC(258) Final: 0 encountered, 0 discovered, 0 enqueued
[196.926s][info][gc,ref      ] GC(258) Phantom: 59 encountered, 41 discovered, 0 enqueued
[196.926s][info][gc,reloc    ] GC(258) Small Pages: 822 / 1644M, Empty: 1502M, Relocated: 0M, In-Place: 0
[196.926s][info][gc,reloc    ] GC(258) Medium Pages: 0 / 0M, Empty: 0M, Relocated: 0M, In-Place: 0
[196.926s][info][gc,reloc    ] GC(258) Large Pages: 0 / 0M, Empty: 0M, Relocated: 0M, In-Place: 0
[196.926s][info][gc,reloc    ] GC(258) Forwarding Usage: 0M
[196.926s][info][gc,heap     ] GC(258) Min Capacity: 8M(0%)
[196.926s][info][gc,heap     ] GC(258) Max Capacity: 2048M(100%)
[196.926s][info][gc,heap     ] GC(258) Soft Max Capacity: 2048M(100%)
[196.926s][info][gc,heap     ] GC(258)                Mark Start          Mark End        Relocate Start      Relocate End           High               Low         
[196.926s][info][gc,heap     ] GC(258)  Capacity:     2048M (100%)       2048M (100%)       2048M (100%)       2048M (100%)       2048M (100%)       2048M (100%)   
[196.926s][info][gc,heap     ] GC(258)      Free:      404M (20%)         376M (18%)        1732M (85%)        1862M (91%)        1862M (91%)         240M (12%)    
[196.926s][info][gc,heap     ] GC(258)      Used:     1644M (80%)        1672M (82%)         316M (15%)         186M (9%)         1808M (88%)         186M (9%)     
[196.926s][info][gc,heap     ] GC(258)      Live:         -                 9M (0%)            9M (0%)            9M (0%)             -                  -          
[196.926s][info][gc,heap     ] GC(258) Allocated:         -                28M (1%)          174M (8%)          173M (8%)             -                  -          
[196.926s][info][gc,heap     ] GC(258)   Garbage:         -              1634M (80%)         132M (6%)            2M (0%)             -                  -          
[196.926s][info][gc,heap     ] GC(258) Reclaimed:         -                  -              1502M (73%)        1631M (80%)            -                  -          
[196.926s][info][gc          ] GC(258) Garbage Collection (Allocation Rate) 1644M(80%)->186M(9%)
[197.825s][info][gc,start    ] GC(259) Garbage Collection (Allocation Rate)
[197.825s][info][gc,task     ] GC(259) Using 1 workers
[197.825s][info][gc,phases   ] GC(259) Pause Mark Start 0.013ms
[197.839s][info][gc,phases   ] GC(259) Concurrent Mark 13.656ms
[197.839s][info][gc,phases   ] GC(259) Pause Mark End 0.018ms
[197.839s][info][gc,phases   ] GC(259) Concurrent Mark Free 0.001ms
[197.930s][info][gc,phases   ] GC(259) Concurrent Process Non-Strong References 90.844ms
[197.930s][info][gc,phases   ] GC(259) Concurrent Reset Relocation Set 0.008ms
[197.934s][info][gc,phases   ] GC(259) Concurrent Select Relocation Set 3.876ms
[197.934s][info][gc,phases   ] GC(259) Pause Relocate Start 0.008ms
[197.935s][info][gc,phases   ] GC(259) Concurrent Relocate 0.714ms
[197.935s][info][gc,load     ] GC(259) Load: 0.00/0.00/0.00
[197.935s][info][gc,mmu      ] GC(259) MMU: 2ms/94.9%, 5ms/98.0%, 10ms/99.0%, 20ms/99.4%, 50ms/99.8%, 100ms/99.9%
[197.935s][info][gc,marking  ] GC(259) Mark: 1 stripe(s), 2 proactive flush(es), 1 terminate flush(es), 0 completion(s), 0 continuation(s) 
[197.935s][info][gc,marking  ] GC(259) Mark Stack Usage: 32M
[197.935s][info][gc,nmethod  ] GC(259) NMethods: 675 registered, 1635 unregistered
[197.935s][info][gc,metaspace] GC(259) Metaspace: 13M used, 14M committed, 1088M reserved
[197.935s][info][gc,ref      ] GC(259) Soft: 134 encountered, 0 discovered, 0 enqueued
[197.935s][info][gc,ref      ] GC(259) Weak: 717 encountered, 453 discovered, 0 enqueued
[197.935s][info][gc,ref      ] GC(259) Final: 0 encountered, 0 discovered, 0 enqueued
[197.935s][info][gc,ref      ] GC(259) Phantom: 59 encountered, 41 discovered, 0 enqueued
[197.935s][info][gc,reloc    ] GC(259) Small Pages: 826 / 1652M, Empty: 1524M, Relocated: 0M, In-Place: 0
[197.935s][info][gc,reloc    ] GC(259) Medium Pages: 0 / 0M, Empty: 0M, Relocated: 0M, In-Place: 0
[197.935s][info][gc,reloc    ] GC(259) Large Pages: 0 / 0M, Empty: 0M, Relocated: 0M, In-Place: 0
[197.935s][info][gc,reloc    ] GC(259) Forwarding Usage: 0M
[197.935s][info][gc,heap     ] GC(259) Min Capacity: 8M(0%)
[197.935s][info][gc,heap     ] GC(259) Max Capacity: 2048M(100%)
[197.935s][info][gc,heap     ] GC(259) Soft Max Capacity: 2048M(100%)
[197.935s][info][gc,heap     ] GC(259)                Mark Start          Mark End        Relocate Start      Relocate End           High               Low         
[197.935s][info][gc,heap     ] GC(259)  Capacity:     2048M (100%)       2048M (100%)       2048M (100%)       2048M (100%)       2048M (100%)       2048M (100%)   
[197.935s][info][gc,heap     ] GC(259)      Free:      396M (19%)         368M (18%)        1734M (85%)        1848M (90%)        1848M (90%)         216M (11%)    
[197.935s][info][gc,heap     ] GC(259)      Used:     1652M (81%)        1680M (82%)         314M (15%)         200M (10%)        1832M (89%)         200M (10%)    
[197.935s][info][gc,heap     ] GC(259)      Live:         -                 9M (0%)            9M (0%)            9M (0%)             -                  -          
[197.935s][info][gc,heap     ] GC(259) Allocated:         -                28M (1%)          186M (9%)          187M (9%)             -                  -          
[197.935s][info][gc,heap     ] GC(259)   Garbage:         -              1642M (80%)         118M (6%)            2M (0%)             -                  -          
[197.935s][info][gc,heap     ] GC(259) Reclaimed:         -                  -              1524M (74%)        1639M (80%)            -                  -          
[197.935s][info][gc          ] GC(259) Garbage Collection (Allocation Rate) 1652M(81%)->200M(10%)
[198.825s][info][gc,start    ] GC(260) Garbage Collection (Allocation Rate)
[198.825s][info][gc,task     ] GC(260) Using 1 workers
[198.826s][info][gc,phases   ] GC(260) Pause Mark Start 0.013ms
[198.839s][info][gc,phases   ] GC(260) Concurrent Mark 12.925ms
[198.839s][info][gc,phases   ] GC(260) Pause Mark End 0.016ms
[198.839s][info][gc,phases   ] GC(260) Concurrent Mark Free 0.001ms
[198.909s][info][gc,phases   ] GC(260) Concurrent Process Non-Strong References 70.405ms
[198.946s][info][gc,phases   ] GC(260) Concurrent Reset Relocation Set 0.005ms
[198.950s][info][gc,phases   ] GC(260) Concurrent Select Relocation Set 3.422ms
[198.950s][info][gc,phases   ] GC(260) Pause Relocate Start 0.008ms
[198.951s][info][gc,phases   ] GC(260) Concurrent Relocate 0.767ms
[198.951s][info][gc,load     ] GC(260) Load: 0.00/0.00/0.00
[198.951s][info][gc,mmu      ] GC(260) MMU: 2ms/94.9%, 5ms/98.0%, 10ms/99.0%, 20ms/99.4%, 50ms/99.8%, 100ms/99.9%
[198.951s][info][gc,marking  ] GC(260) Mark: 1 stripe(s), 2 proactive flush(es), 1 terminate flush(es), 0 completion(s), 0 continuation(s) 
[198.951s][info][gc,marking  ] GC(260) Mark Stack Usage: 32M
[198.951s][info][gc,nmethod  ] GC(260) NMethods: 675 registered, 1635 unregistered
[198.951s][info][gc,metaspace] GC(260) Metaspace: 13M used, 14M committed, 1088M reserved
[198.951s][info][gc,ref      ] GC(260) Soft: 134 encountered, 0 discovered, 0 enqueued
[198.951s][info][gc,ref      ] GC(260) Weak: 717 encountered, 453 discovered, 0 enqueued
[198.951s][info][gc,ref      ] GC(260) Final: 0 encountered, 0 discovered, 0 enqueued
[198.951s][info][gc,ref      ] GC(260) Phantom: 59 encountered, 41 discovered, 0 enqueued
[198.951s][info][gc,reloc    ] GC(260) Small Pages: 821 / 1642M, Empty: 1510M, Relocated: 1M, In-Place: 0
[198.951s][info][gc,reloc    ] GC(260) Medium Pages: 0 / 0M, Empty: 0M, Relocated: 0M, In-Place: 0
[198.951s][info][gc,reloc    ] GC(260) Large Pages: 0 / 0M, Empty: 0M, Relocated: 0M, In-Place: 0
[198.951s][info][gc,reloc    ] GC(260) Forwarding Usage: 0M
[198.951s][info][gc,heap     ] GC(260) Min Capacity: 8M(0%)
[198.951s][info][gc,heap     ] GC(260) Max Capacity: 2048M(100%)
[198.951s][info][gc,heap     ] GC(260) Soft Max Capacity: 2048M(100%)
[198.951s][info][gc,heap     ] GC(260)                Mark Start          Mark End        Relocate Start      Relocate End           High               Low         
[198.951s][info][gc,heap     ] GC(260)  Capacity:     2048M (100%)       2048M (100%)       2048M (100%)       2048M (100%)       2048M (100%)       2048M (100%)   
[198.951s][info][gc,heap     ] GC(260)      Free:      406M (20%)         380M (19%)        1722M (84%)        1842M (90%)        1842M (90%)         218M (11%)    
[198.951s][info][gc,heap     ] GC(260)      Used:     1642M (80%)        1668M (81%)         326M (16%)         206M (10%)        1830M (89%)         206M (10%)    
[198.951s][info][gc,heap     ] GC(260)      Live:         -                 9M (0%)            9M (0%)            9M (0%)             -                  -          
[198.951s][info][gc,heap     ] GC(260) Allocated:         -                26M (1%)          194M (9%)          193M (9%)             -                  -          
[198.951s][info][gc,heap     ] GC(260)   Garbage:         -              1632M (80%)         122M (6%)            2M (0%)             -                  -          
[198.951s][info][gc,heap     ] GC(260) Reclaimed:         -                  -              1510M (74%)        1629M (80%)            -                  -          
[198.951s][info][gc          ] GC(260) Garbage Collection (Allocation Rate) 1642M(80%)->206M(10%)
[199.725s][info][gc,start    ] GC(261) Garbage Collection (Allocation Rate)
[199.725s][info][gc,task     ] GC(261) Using 1 workers
[199.725s][info][gc,phases   ] GC(261) Pause Mark Start 0.010ms
[199.738s][info][gc,phases   ] GC(261) Concurrent Mark 13.159ms
[199.738s][info][gc,phases   ] GC(261) Pause Mark End 0.016ms
[199.739s][info][gc,phases   ] GC(261) Concurrent Mark Free 0.001ms
[199.811s][info][gc,phases   ] GC(261) Concurrent Process Non-Strong References 72.577ms
[199.811s][info][gc,phases   ] GC(261) Concurrent Reset Relocation Set 0.008ms
[199.816s][info][gc,phases   ] GC(261) Concurrent Select Relocation Set 4.492ms
[199.816s][info][gc,phases   ] GC(261) Pause Relocate Start 0.007ms
[199.817s][info][gc,phases   ] GC(261) Concurrent Relocate 0.676ms
[199.817s][info][gc,load     ] GC(261) Load: 0.00/0.00/0.00
[199.817s][info][gc,mmu      ] GC(261) MMU: 2ms/94.9%, 5ms/98.0%, 10ms/99.0%, 20ms/99.4%, 50ms/99.8%, 100ms/99.9%
[199.817s][info][gc,marking  ] GC(261) Mark: 1 stripe(s), 2 proactive flush(es), 1 terminate flush(es), 0 completion(s), 0 continuation(s) 
[199.817s][info][gc,marking  ] GC(261) Mark Stack Usage: 32M
[199.817s][info][gc,nmethod  ] GC(261) NMethods: 675 registered, 1635 unregistered
[199.817s][info][gc,metaspace] GC(261) Metaspace: 13M used, 14M committed, 1088M reserved
[199.817s][info][gc,ref      ] GC(261) Soft: 134 encountered, 0 discovered, 0 enqueued
[199.817s][info][gc,ref      ] GC(261) Weak: 709 encountered, 453 discovered, 0 enqueued
[199.817s][info][gc,ref      ] GC(261) Final: 0 encountered, 0 discovered, 0 enqueued
[199.817s][info][gc,ref      ] GC(261) Phantom: 59 encountered, 41 discovered, 0 enqueued
[199.817s][info][gc,reloc    ] GC(261) Small Pages: 734 / 1468M, Empty: 1346M, Relocated: 1M, In-Place: 0
[199.817s][info][gc,reloc    ] GC(261) Medium Pages: 0 / 0M, Empty: 0M, Relocated: 0M, In-Place: 0
[199.817s][info][gc,reloc    ] GC(261) Large Pages: 0 / 0M, Empty: 0M, Relocated: 0M, In-Place: 0
[199.817s][info][gc,reloc    ] GC(261) Forwarding Usage: 0M
[199.817s][info][gc,heap     ] GC(261) Min Capacity: 8M(0%)
[199.817s][info][gc,heap     ] GC(261) Max Capacity: 2048M(100%)
[199.817s][info][gc,heap     ] GC(261) Soft Max Capacity: 2048M(100%)
[199.817s][info][gc,heap     ] GC(261)                Mark Start          Mark End        Relocate Start      Relocate End           High               Low         
[199.817s][info][gc,heap     ] GC(261)  Capacity:     2048M (100%)       2048M (100%)       2048M (100%)       2048M (100%)       2048M (100%)       2048M (100%)   
[199.817s][info][gc,heap     ] GC(261)      Free:      580M (28%)         554M (27%)        1776M (87%)        1886M (92%)        1886M (92%)         438M (21%)    
[199.817s][info][gc,heap     ] GC(261)      Used:     1468M (72%)        1494M (73%)         272M (13%)         162M (8%)         1610M (79%)         162M (8%)     
[199.817s][info][gc,heap     ] GC(261)      Live:         -                 9M (0%)            9M (0%)            9M (0%)             -                  -          
[199.817s][info][gc,heap     ] GC(261) Allocated:         -                26M (1%)          150M (7%)          150M (7%)             -                  -          
[199.817s][info][gc,heap     ] GC(261)   Garbage:         -              1458M (71%)         112M (6%)            2M (0%)             -                  -          
[199.817s][info][gc,heap     ] GC(261) Reclaimed:         -                  -              1346M (66%)        1456M (71%)            -                  -          
[199.817s][info][gc          ] GC(261) Garbage Collection (Allocation Rate) 1468M(72%)->162M(8%)
[200.126s][info][gc,stats    ] === Garbage Collection Statistics =======================================================================================================================
[200.126s][info][gc,stats    ]                                                              Last 10s              Last 10m              Last 10h                Total
[200.126s][info][gc,stats    ]                                                              Avg / Max             Avg / Max             Avg / Max             Avg / Max
[200.126s][info][gc,stats    ]   Collector: Garbage Collection Cycle                    102.902 / 187.749      74.741 / 273.863      74.741 / 273.863      74.741 / 273.863     ms
[200.126s][info][gc,stats    ]  Contention: Mark Segment Reset Contention                     0 / 6                 0 / 11                0 / 11                0 / 11          ops/s
[200.126s][info][gc,stats    ]  Contention: Mark SeqNum Reset Contention                      0 / 1                 0 / 2                 0 / 2                 0 / 2           ops/s
[200.126s][info][gc,stats    ]    Critical: Allocation Stall                                  0 / 0                 0 / 43                0 / 43                0 / 43          ops/s
[200.126s][info][gc,stats    ]    Critical: Allocation Stall                              0.000 / 0.000        29.268 / 55.638       29.268 / 55.638       29.268 / 55.638      ms
[200.126s][info][gc,stats    ]    Critical: GC Locker Stall                                   0 / 0                 0 / 0                 0 / 0                 0 / 0           ops/s
[200.126s][info][gc,stats    ]    Critical: GC Locker Stall                               0.000 / 0.000         0.000 / 0.000         0.000 / 0.000         0.000 / 0.000       ms
[200.126s][info][gc,stats    ]    Critical: Relocation Stall                                  0 / 0                 0 / 0                 0 / 0                 0 / 0           ops/s
[200.126s][info][gc,stats    ]    Critical: Relocation Stall                              0.000 / 0.000         0.000 / 0.000         0.000 / 0.000         0.000 / 0.000       ms
[200.126s][info][gc,stats    ]      Memory: Allocation Rate                                1731 / 1772           1881 / 2242           1881 / 2242           1881 / 2242        MB/s
[200.126s][info][gc,stats    ]      Memory: Defragment                                        0 / 0                 0 / 0                 0 / 0                 0 / 0           ops/s
[200.126s][info][gc,stats    ]      Memory: Out Of Memory                                     0 / 0                 0 / 0                 0 / 0                 0 / 0           ops/s
[200.126s][info][gc,stats    ]      Memory: Page Cache Flush                                  0 / 0                 0 / 0                 0 / 0                 0 / 0           MB/s
[200.126s][info][gc,stats    ]      Memory: Page Cache Hit L1                               867 / 890             938 / 1124            938 / 1124            938 / 1124        ops/s
[200.126s][info][gc,stats    ]      Memory: Page Cache Hit L2                                 0 / 0                 0 / 0                 0 / 0                 0 / 0           ops/s
[200.126s][info][gc,stats    ]      Memory: Page Cache Hit L3                                 0 / 0                 5 / 449               5 / 449               5 / 449         ops/s
[200.126s][info][gc,stats    ]      Memory: Page Cache Miss                                   0 / 0                 0 / 1                 0 / 1                 0 / 1           ops/s
[200.126s][info][gc,stats    ]      Memory: Uncommit                                          0 / 0                 0 / 0                 0 / 0                 0 / 0           MB/s
[200.126s][info][gc,stats    ]      Memory: Undo Object Allocation Failed                     0 / 0                24 / 141              24 / 141              24 / 141         ops/s
[200.126s][info][gc,stats    ]      Memory: Undo Object Allocation Succeeded                  0 / 1                 1 / 21                1 / 21                1 / 21          ops/s
[200.126s][info][gc,stats    ]      Memory: Undo Page Allocation                             54 / 65               67 / 221              67 / 221              67 / 221         ops/s
[200.126s][info][gc,stats    ]       Phase: Concurrent Mark                              14.593 / 26.766       15.191 / 212.397      15.191 / 212.397      15.191 / 212.397     ms
[200.126s][info][gc,stats    ]       Phase: Concurrent Mark Continue                      0.000 / 0.000         0.000 / 0.000         0.000 / 0.000         0.000 / 0.000       ms
[200.126s][info][gc,stats    ]       Phase: Concurrent Mark Free                          0.001 / 0.002         0.001 / 0.002         0.001 / 0.002         0.001 / 0.002       ms
[200.126s][info][gc,stats    ]       Phase: Concurrent Process Non-Strong References     72.222 / 90.844       46.654 / 242.741      46.654 / 242.741      46.654 / 242.741     ms
[200.126s][info][gc,stats    ]       Phase: Concurrent Relocate                           1.008 / 3.625         1.514 / 5.770         1.514 / 5.770         1.514 / 5.770       ms
[200.127s][info][gc,stats    ]       Phase: Concurrent Reset Relocation Set               0.007 / 0.009         0.006 / 0.011         0.006 / 0.011         0.006 / 0.011       ms
[200.127s][info][gc,stats    ]       Phase: Concurrent Select Relocation Set              4.624 / 5.473         4.444 / 14.014        4.444 / 14.014        4.444 / 14.014      ms
[200.127s][info][gc,stats    ]       Phase: Pause Mark End                                0.018 / 0.037         0.017 / 0.102         0.017 / 0.102         0.017 / 0.102       ms
[200.127s][info][gc,stats    ]       Phase: Pause Mark Start                              0.012 / 0.017         0.012 / 0.049         0.012 / 0.049         0.012 / 0.049       ms
[200.127s][info][gc,stats    ]       Phase: Pause Relocate Start                          0.008 / 0.009         0.007 / 0.020         0.007 / 0.020         0.007 / 0.020       ms
[200.127s][info][gc,stats    ]    Subphase: Concurrent Classes Purge                      0.006 / 0.011         0.049 / 5.454         0.049 / 5.454         0.049 / 5.454       ms
[200.127s][info][gc,stats    ]    Subphase: Concurrent Classes Unlink                     1.278 / 1.554         3.922 / 10.160        3.922 / 10.160        3.922 / 10.160      ms
[200.127s][info][gc,stats    ]    Subphase: Concurrent Mark                               8.294 / 24.830       10.036 / 211.109      10.036 / 211.109      10.036 / 211.109     ms
[200.127s][info][gc,stats    ]    Subphase: Concurrent Mark Try Flush                     0.103 / 0.224         0.364 / 193.285       0.364 / 193.285       0.364 / 193.285     ms
[200.127s][info][gc,stats    ]    Subphase: Concurrent Mark Try Terminate                 0.490 / 1.977         2.256 / 16.632        2.256 / 16.632        2.256 / 16.632      ms
[200.127s][info][gc,stats    ]    Subphase: Concurrent References Enqueue                 0.001 / 0.001         0.001 / 0.006         0.001 / 0.006         0.001 / 0.006       ms
[200.127s][info][gc,stats    ]    Subphase: Concurrent References Process                 0.111 / 0.206         0.103 / 0.206         0.103 / 0.206         0.103 / 0.206       ms
[200.127s][info][gc,stats    ]    Subphase: Concurrent Roots ClassLoaderDataGraph         0.112 / 0.494         0.115 / 1.252         0.115 / 1.252         0.115 / 1.252       ms
[200.127s][info][gc,stats    ]    Subphase: Concurrent Roots CodeCache                    0.000 / 0.000         0.000 / 0.000         0.000 / 0.000         0.000 / 0.000       ms
[200.127s][info][gc,stats    ]    Subphase: Concurrent Roots JavaThreads                  0.393 / 1.234         0.335 / 1.791         0.335 / 1.791         0.335 / 1.791       ms
[200.127s][info][gc,stats    ]    Subphase: Concurrent Roots OopStorageSet                0.040 / 0.096         0.049 / 0.778         0.049 / 0.778         0.049 / 0.778       ms
[200.127s][info][gc,stats    ]    Subphase: Concurrent Weak Roots OopStorageSet          38.859 / 89.038       18.427 / 89.038       18.427 / 89.038       18.427 / 89.038      ms
[200.127s][info][gc,stats    ]    Subphase: Pause Mark Try Complete                       0.003 / 0.003         0.002 / 0.006         0.002 / 0.006         0.002 / 0.006       ms
[200.127s][info][gc,stats    ]      System: Java Threads                                     59 / 60               55 / 73               55 / 73               55 / 73          threads
[200.127s][info][gc,stats    ] =========================================================================================================================================================
[200.726s][info][gc,start    ] GC(262) Garbage Collection (Allocation Rate)
[200.726s][info][gc,task     ] GC(262) Using 1 workers
[200.726s][info][gc,phases   ] GC(262) Pause Mark Start 0.013ms
[200.744s][info][gc,phases   ] GC(262) Concurrent Mark 17.718ms
[200.744s][info][gc,phases   ] GC(262) Pause Mark End 0.016ms
[200.744s][info][gc,phases   ] GC(262) Concurrent Mark Free 0.001ms
[200.825s][info][gc,phases   ] GC(262) Concurrent Process Non-Strong References 81.255ms
[200.825s][info][gc,phases   ] GC(262) Concurrent Reset Relocation Set 0.008ms
[200.830s][info][gc,phases   ] GC(262) Concurrent Select Relocation Set 5.092ms
[200.831s][info][gc,phases   ] GC(262) Pause Relocate Start 0.007ms
[200.831s][info][gc,phases   ] GC(262) Concurrent Relocate 0.369ms
[200.831s][info][gc,load     ] GC(262) Load: 0.00/0.00/0.00
[200.831s][info][gc,mmu      ] GC(262) MMU: 2ms/94.9%, 5ms/98.0%, 10ms/99.0%, 20ms/99.4%, 50ms/99.8%, 100ms/99.9%
[200.831s][info][gc,marking  ] GC(262) Mark: 1 stripe(s), 2 proactive flush(es), 1 terminate flush(es), 0 completion(s), 0 continuation(s) 
[200.831s][info][gc,marking  ] GC(262) Mark Stack Usage: 32M
[200.831s][info][gc,nmethod  ] GC(262) NMethods: 675 registered, 1635 unregistered
[200.831s][info][gc,metaspace] GC(262) Metaspace: 13M used, 14M committed, 1088M reserved
[200.831s][info][gc,ref      ] GC(262) Soft: 134 encountered, 0 discovered, 0 enqueued
[200.831s][info][gc,ref      ] GC(262) Weak: 685 encountered, 453 discovered, 0 enqueued
[200.831s][info][gc,ref      ] GC(262) Final: 0 encountered, 0 discovered, 0 enqueued
[200.831s][info][gc,ref      ] GC(262) Phantom: 59 encountered, 41 discovered, 0 enqueued
[200.831s][info][gc,reloc    ] GC(262) Small Pages: 774 / 1548M, Empty: 1424M, Relocated: 1M, In-Place: 0
[200.831s][info][gc,reloc    ] GC(262) Medium Pages: 0 / 0M, Empty: 0M, Relocated: 0M, In-Place: 0
[200.831s][info][gc,reloc    ] GC(262) Large Pages: 0 / 0M, Empty: 0M, Relocated: 0M, In-Place: 0
[200.831s][info][gc,reloc    ] GC(262) Forwarding Usage: 0M
[200.831s][info][gc,heap     ] GC(262) Min Capacity: 8M(0%)
[200.831s][info][gc,heap     ] GC(262) Max Capacity: 2048M(100%)
[200.831s][info][gc,heap     ] GC(262) Soft Max Capacity: 2048M(100%)
[200.831s][info][gc,heap     ] GC(262)                Mark Start          Mark End        Relocate Start      Relocate End           High               Low         
[200.831s][info][gc,heap     ] GC(262)  Capacity:     2048M (100%)       2048M (100%)       2048M (100%)       2048M (100%)       2048M (100%)       2048M (100%)   
[200.831s][info][gc,heap     ] GC(262)      Free:      500M (24%)         472M (23%)        1778M (87%)        1888M (92%)        1888M (92%)         360M (18%)    
[200.831s][info][gc,heap     ] GC(262)      Used:     1548M (76%)        1576M (77%)         270M (13%)         160M (8%)         1688M (82%)         160M (8%)     
[200.831s][info][gc,heap     ] GC(262)      Live:         -                 8M (0%)            8M (0%)            8M (0%)             -                  -          
[200.831s][info][gc,heap     ] GC(262) Allocated:         -                28M (1%)          146M (7%)          146M (7%)             -                  -          
[200.831s][info][gc,heap     ] GC(262)   Garbage:         -              1539M (75%)         115M (6%)            4M (0%)             -                  -          
[200.831s][info][gc,heap     ] GC(262) Reclaimed:         -                  -              1424M (70%)        1534M (75%)            -                  -          
[200.831s][info][gc          ] GC(262) Garbage Collection (Allocation Rate) 1548M(76%)->160M(8%)
[201.525s][info][gc,start    ] GC(263) Garbage Collection (Allocation Rate)
[201.525s][info][gc,task     ] GC(263) Using 1 workers
[201.525s][info][gc,phases   ] GC(263) Pause Mark Start 0.011ms
[201.535s][info][gc,phases   ] GC(263) Concurrent Mark 9.931ms
[201.535s][info][gc,phases   ] GC(263) Pause Mark End 0.015ms
[201.536s][info][gc,phases   ] GC(263) Concurrent Mark Free 0.001ms
[201.594s][info][gc,phases   ] GC(263) Concurrent Process Non-Strong References 57.986ms
[201.594s][info][gc,phases   ] GC(263) Concurrent Reset Relocation Set 0.004ms
[201.596s][info][gc,phases   ] GC(263) Concurrent Select Relocation Set 2.653ms
[201.596s][info][gc,phases   ] GC(263) Pause Relocate Start 0.006ms
[201.598s][info][gc,phases   ] GC(263) Concurrent Relocate 1.643ms
[201.598s][info][gc,load     ] GC(263) Load: 0.00/0.00/0.00
[201.598s][info][gc,mmu      ] GC(263) MMU: 2ms/94.9%, 5ms/98.0%, 10ms/99.0%, 20ms/99.4%, 50ms/99.8%, 100ms/99.9%
[201.598s][info][gc,marking  ] GC(263) Mark: 1 stripe(s), 2 proactive flush(es), 1 terminate flush(es), 0 completion(s), 0 continuation(s) 
[201.598s][info][gc,marking  ] GC(263) Mark Stack Usage: 32M
[201.598s][info][gc,nmethod  ] GC(263) NMethods: 675 registered, 1635 unregistered
[201.598s][info][gc,metaspace] GC(263) Metaspace: 13M used, 14M committed, 1088M reserved
[201.598s][info][gc,ref      ] GC(263) Soft: 134 encountered, 0 discovered, 0 enqueued
[201.598s][info][gc,ref      ] GC(263) Weak: 655 encountered, 451 discovered, 0 enqueued
[201.598s][info][gc,ref      ] GC(263) Final: 0 encountered, 0 discovered, 0 enqueued
[201.598s][info][gc,ref      ] GC(263) Phantom: 59 encountered, 41 discovered, 0 enqueued
[201.598s][info][gc,reloc    ] GC(263) Small Pages: 769 / 1538M, Empty: 1428M, Relocated: 3M, In-Place: 0
[201.598s][info][gc,reloc    ] GC(263) Medium Pages: 0 / 0M, Empty: 0M, Relocated: 0M, In-Place: 0
[201.598s][info][gc,reloc    ] GC(263) Large Pages: 0 / 0M, Empty: 0M, Relocated: 0M, In-Place: 0
[201.598s][info][gc,reloc    ] GC(263) Forwarding Usage: 0M
[201.598s][info][gc,heap     ] GC(263) Min Capacity: 8M(0%)
[201.598s][info][gc,heap     ] GC(263) Max Capacity: 2048M(100%)
[201.598s][info][gc,heap     ] GC(263) Soft Max Capacity: 2048M(100%)
[201.598s][info][gc,heap     ] GC(263)                Mark Start          Mark End        Relocate Start      Relocate End           High               Low         
[201.598s][info][gc,heap     ] GC(263)  Capacity:     2048M (100%)       2048M (100%)       2048M (100%)       2048M (100%)       2048M (100%)       2048M (100%)   
[201.598s][info][gc,heap     ] GC(263)      Free:      510M (25%)         482M (24%)        1770M (86%)        1866M (91%)        1868M (91%)         348M (17%)    
[201.598s][info][gc,heap     ] GC(263)      Used:     1538M (75%)        1566M (76%)         278M (14%)         182M (9%)         1700M (83%)         180M (9%)     
[201.598s][info][gc,heap     ] GC(263)      Live:         -                 8M (0%)            8M (0%)            8M (0%)             -                  -          
[201.598s][info][gc,heap     ] GC(263) Allocated:         -                28M (1%)          168M (8%)          171M (8%)             -                  -          
[201.598s][info][gc,heap     ] GC(263)   Garbage:         -              1529M (75%)         101M (5%)            2M (0%)             -                  -          
[201.598s][info][gc,heap     ] GC(263) Reclaimed:         -                  -              1428M (70%)        1527M (75%)            -                  -          
[201.598s][info][gc          ] GC(263) Garbage Collection (Allocation Rate) 1538M(75%)->182M(9%)
[202.369s][info][gc,start    ] GC(264) Garbage Collection (System.gc())
[202.369s][info][gc,task     ] GC(264) Using 12 workers
[202.369s][info][gc,phases   ] GC(264) Pause Mark Start 0.017ms
[202.383s][info][gc,phases   ] GC(264) Concurrent Mark 13.341ms
[202.383s][info][gc,phases   ] GC(264) Pause Mark End 0.016ms
[202.383s][info][gc,phases   ] GC(264) Concurrent Mark Free 0.001ms
[202.395s][info][gc,phases   ] GC(264) Concurrent Process Non-Strong References 11.493ms
[202.395s][info][gc,phases   ] GC(264) Concurrent Reset Relocation Set 0.004ms
[202.399s][info][gc,phases   ] GC(264) Concurrent Select Relocation Set 4.734ms
[202.400s][info][gc,phases   ] GC(264) Pause Relocate Start 0.007ms
[202.402s][info][gc,phases   ] GC(264) Concurrent Relocate 2.592ms
[202.402s][info][gc,load     ] GC(264) Load: 0.00/0.00/0.00
[202.402s][info][gc,mmu      ] GC(264) MMU: 2ms/94.9%, 5ms/98.0%, 10ms/99.0%, 20ms/99.4%, 50ms/99.8%, 100ms/99.9%
[202.402s][info][gc,marking  ] GC(264) Mark: 8 stripe(s), 2 proactive flush(es), 1 terminate flush(es), 0 completion(s), 0 continuation(s) 
[202.402s][info][gc,marking  ] GC(264) Mark Stack Usage: 32M
[202.402s][info][gc,nmethod  ] GC(264) NMethods: 675 registered, 1635 unregistered
[202.402s][info][gc,metaspace] GC(264) Metaspace: 13M used, 14M committed, 1088M reserved
[202.402s][info][gc,ref      ] GC(264) Soft: 134 encountered, 0 discovered, 0 enqueued
[202.402s][info][gc,ref      ] GC(264) Weak: 617 encountered, 54 discovered, 0 enqueued
[202.402s][info][gc,ref      ] GC(264) Final: 0 encountered, 0 discovered, 0 enqueued
[202.402s][info][gc,ref      ] GC(264) Phantom: 59 encountered, 52 discovered, 0 enqueued
[202.402s][info][gc,reloc    ] GC(264) Small Pages: 426 / 852M, Empty: 832M, Relocated: 3M, In-Place: 0
[202.402s][info][gc,reloc    ] GC(264) Medium Pages: 0 / 0M, Empty: 0M, Relocated: 0M, In-Place: 0
[202.402s][info][gc,reloc    ] GC(264) Large Pages: 0 / 0M, Empty: 0M, Relocated: 0M, In-Place: 0
[202.402s][info][gc,reloc    ] GC(264) Forwarding Usage: 1M
[202.403s][info][gc,heap     ] GC(264) Min Capacity: 8M(0%)
[202.403s][info][gc,heap     ] GC(264) Max Capacity: 2048M(100%)
[202.403s][info][gc,heap     ] GC(264) Soft Max Capacity: 2048M(100%)
[202.403s][info][gc,heap     ] GC(264)                Mark Start          Mark End        Relocate Start      Relocate End           High               Low         
[202.403s][info][gc,heap     ] GC(264)  Capacity:     2048M (100%)       2048M (100%)       2048M (100%)       2048M (100%)       2048M (100%)       2048M (100%)   
[202.403s][info][gc,heap     ] GC(264)      Free:     1196M (58%)        1196M (58%)        2028M (99%)        2028M (99%)        2028M (99%)        1196M (58%)    
[202.403s][info][gc,heap     ] GC(264)      Used:      852M (42%)         852M (42%)          20M (1%)           20M (1%)          852M (42%)          20M (1%)     
[202.403s][info][gc,heap     ] GC(264)      Live:         -                 4M (0%)            4M (0%)            4M (0%)             -                  -          
[202.403s][info][gc,heap     ] GC(264) Allocated:         -                 0M (0%)            0M (0%)            0M (0%)             -                  -          
[202.403s][info][gc,heap     ] GC(264)   Garbage:         -               847M (41%)          15M (1%)           15M (1%)             -                  -          
[202.403s][info][gc,heap     ] GC(264) Reclaimed:         -                  -               832M (41%)         832M (41%)            -                  -          
[202.403s][info][gc          ] GC(264) Garbage Collection (System.gc()) 852M(42%)->20M(1%)
[203.426s][info][gc,start    ] GC(265) Garbage Collection (Allocation Rate)
[203.426s][info][gc,task     ] GC(265) Using 2 workers
[203.426s][info][gc,phases   ] GC(265) Pause Mark Start 0.011ms
[203.437s][info][gc,phases   ] GC(265) Concurrent Mark 10.662ms
[203.437s][info][gc,phases   ] GC(265) Pause Mark End 0.015ms
[203.437s][info][gc,phases   ] GC(265) Concurrent Mark Free 0.001ms
[203.479s][info][gc,phases   ] GC(265) Concurrent Process Non-Strong References 41.884ms
[203.479s][info][gc,phases   ] GC(265) Concurrent Reset Relocation Set 0.002ms
[203.482s][info][gc,phases   ] GC(265) Concurrent Select Relocation Set 3.368ms
[203.483s][info][gc,phases   ] GC(265) Pause Relocate Start 0.007ms
[203.484s][info][gc,phases   ] GC(265) Concurrent Relocate 1.824ms
[203.485s][info][gc,load     ] GC(265) Load: 0.00/0.00/0.00
[203.485s][info][gc,mmu      ] GC(265) MMU: 2ms/94.9%, 5ms/98.0%, 10ms/99.0%, 20ms/99.4%, 50ms/99.8%, 100ms/99.9%
[203.485s][info][gc,marking  ] GC(265) Mark: 2 stripe(s), 2 proactive flush(es), 1 terminate flush(es), 0 completion(s), 0 continuation(s) 
[203.485s][info][gc,marking  ] GC(265) Mark Stack Usage: 32M
[203.485s][info][gc,nmethod  ] GC(265) NMethods: 649 registered, 29 unregistered
[203.485s][info][gc,metaspace] GC(265) Metaspace: 13M used, 14M committed, 1088M reserved
[203.485s][info][gc,ref      ] GC(265) Soft: 134 encountered, 0 discovered, 0 enqueued
[203.485s][info][gc,ref      ] GC(265) Weak: 723 encountered, 391 discovered, 2 enqueued
[203.485s][info][gc,ref      ] GC(265) Final: 0 encountered, 0 discovered, 0 enqueued
[203.485s][info][gc,ref      ] GC(265) Phantom: 59 encountered, 46 discovered, 0 enqueued
[203.485s][info][gc,reloc    ] GC(265) Small Pages: 615 / 1230M, Empty: 1082M, Relocated: 3M, In-Place: 0
[203.485s][info][gc,reloc    ] GC(265) Medium Pages: 0 / 0M, Empty: 0M, Relocated: 0M, In-Place: 0
[203.485s][info][gc,reloc    ] GC(265) Large Pages: 0 / 0M, Empty: 0M, Relocated: 0M, In-Place: 0
[203.485s][info][gc,reloc    ] GC(265) Forwarding Usage: 0M
[203.485s][info][gc,heap     ] GC(265) Min Capacity: 8M(0%)
[203.485s][info][gc,heap     ] GC(265) Max Capacity: 2048M(100%)
[203.485s][info][gc,heap     ] GC(265) Soft Max Capacity: 2048M(100%)
[203.485s][info][gc,heap     ] GC(265)                Mark Start          Mark End        Relocate Start      Relocate End           High               Low         
[203.485s][info][gc,heap     ] GC(265)  Capacity:     2048M (100%)       2048M (100%)       2048M (100%)       2048M (100%)       2048M (100%)       2048M (100%)   
[203.485s][info][gc,heap     ] GC(265)      Free:      818M (40%)         800M (39%)        1826M (89%)        1962M (96%)        1962M (96%)         748M (37%)    
[203.485s][info][gc,heap     ] GC(265)      Used:     1230M (60%)        1248M (61%)         222M (11%)          86M (4%)         1300M (63%)          86M (4%)     
[203.485s][info][gc,heap     ] GC(265)      Live:         -                 7M (0%)            7M (0%)            7M (0%)             -                  -          
[203.485s][info][gc,heap     ] GC(265) Allocated:         -                18M (1%)           74M (4%)           74M (4%)             -                  -          
[203.485s][info][gc,heap     ] GC(265)   Garbage:         -              1222M (60%)         140M (7%)            4M (0%)             -                  -          
[203.485s][info][gc,heap     ] GC(265) Reclaimed:         -                  -              1082M (53%)        1218M (59%)            -                  -          
[203.485s][info][gc          ] GC(265) Garbage Collection (Allocation Rate) 1230M(60%)->86M(4%)
[203.624s][info][gc,start    ] GC(266) Garbage Collection (Allocation Rate)
[203.624s][info][gc,task     ] GC(266) Using 6 workers
[203.624s][info][gc,phases   ] GC(266) Pause Mark Start 0.011ms
[203.630s][info][gc,phases   ] GC(266) Concurrent Mark 5.646ms
[203.630s][info][gc,phases   ] GC(266) Pause Mark End 0.015ms
[203.630s][info][gc,phases   ] GC(266) Concurrent Mark Free 0.001ms
[203.645s][info][gc,phases   ] GC(266) Concurrent Process Non-Strong References 14.960ms
[203.645s][info][gc,phases   ] GC(266) Concurrent Reset Relocation Set 0.008ms
[203.650s][info][gc,phases   ] GC(266) Concurrent Select Relocation Set 4.225ms
[203.650s][info][gc,phases   ] GC(266) Pause Relocate Start 0.005ms
[203.651s][info][gc,phases   ] GC(266) Concurrent Relocate 1.296ms
[203.651s][info][gc,load     ] GC(266) Load: 0.00/0.00/0.00
[203.651s][info][gc,mmu      ] GC(266) MMU: 2ms/94.9%, 5ms/98.0%, 10ms/99.0%, 20ms/99.4%, 50ms/99.8%, 100ms/99.9%
[203.651s][info][gc,marking  ] GC(266) Mark: 4 stripe(s), 2 proactive flush(es), 1 terminate flush(es), 0 completion(s), 0 continuation(s) 
[203.651s][info][gc,marking  ] GC(266) Mark Stack Usage: 32M
[203.651s][info][gc,nmethod  ] GC(266) NMethods: 649 registered, 29 unregistered
[203.651s][info][gc,metaspace] GC(266) Metaspace: 13M used, 14M committed, 1088M reserved
[203.651s][info][gc,ref      ] GC(266) Soft: 134 encountered, 0 discovered, 0 enqueued
[203.651s][info][gc,ref      ] GC(266) Weak: 721 encountered, 80 discovered, 0 enqueued
[203.651s][info][gc,ref      ] GC(266) Final: 0 encountered, 0 discovered, 0 enqueued
[203.651s][info][gc,ref      ] GC(266) Phantom: 59 encountered, 27 discovered, 0 enqueued
[203.651s][info][gc,reloc    ] GC(266) Small Pages: 160 / 320M, Empty: 272M, Relocated: 1M, In-Place: 0
[203.651s][info][gc,reloc    ] GC(266) Medium Pages: 0 / 0M, Empty: 0M, Relocated: 0M, In-Place: 0
[203.651s][info][gc,reloc    ] GC(266) Large Pages: 0 / 0M, Empty: 0M, Relocated: 0M, In-Place: 0
[203.651s][info][gc,reloc    ] GC(266) Forwarding Usage: 0M
[203.651s][info][gc,heap     ] GC(266) Min Capacity: 8M(0%)
[203.651s][info][gc,heap     ] GC(266) Max Capacity: 2048M(100%)
[203.651s][info][gc,heap     ] GC(266) Soft Max Capacity: 2048M(100%)
[203.651s][info][gc,heap     ] GC(266)                Mark Start          Mark End        Relocate Start      Relocate End           High               Low         
[203.652s][info][gc,heap     ] GC(266)  Capacity:     2048M (100%)       2048M (100%)       2048M (100%)       2048M (100%)       2048M (100%)       2048M (100%)   
[203.652s][info][gc,heap     ] GC(266)      Free:     1728M (84%)        1716M (84%)        1952M (95%)        1978M (97%)        1978M (97%)        1688M (82%)    
[203.652s][info][gc,heap     ] GC(266)      Used:      320M (16%)         332M (16%)          96M (5%)           70M (3%)          360M (18%)          70M (3%)     
[203.652s][info][gc,heap     ] GC(266)      Live:         -                 7M (0%)            7M (0%)            7M (0%)             -                  -          
[203.652s][info][gc,heap     ] GC(266) Allocated:         -                12M (1%)           48M (2%)           49M (2%)             -                  -          
[203.652s][info][gc,heap     ] GC(266)   Garbage:         -               312M (15%)          40M (2%)           12M (1%)             -                  -          
[203.652s][info][gc,heap     ] GC(266) Reclaimed:         -                  -               272M (13%)         299M (15%)            -                  -          
[203.652s][info][gc          ] GC(266) Garbage Collection (Allocation Rate) 320M(16%)->70M(3%)
[204.425s][info][gc,start    ] GC(267) Garbage Collection (Allocation Rate)
[204.425s][info][gc,task     ] GC(267) Using 2 workers
[204.425s][info][gc,phases   ] GC(267) Pause Mark Start 0.011ms
[204.433s][info][gc,phases   ] GC(267) Concurrent Mark 8.640ms
[204.434s][info][gc,phases   ] GC(267) Pause Mark End 0.015ms
[204.434s][info][gc,phases   ] GC(267) Concurrent Mark Free 0.001ms
[204.478s][info][gc,phases   ] GC(267) Concurrent Process Non-Strong References 44.288ms
[204.478s][info][gc,phases   ] GC(267) Concurrent Reset Relocation Set 0.004ms
[204.484s][info][gc,phases   ] GC(267) Concurrent Select Relocation Set 5.511ms
[204.484s][info][gc,phases   ] GC(267) Pause Relocate Start 0.007ms
[204.486s][info][gc,phases   ] GC(267) Concurrent Relocate 2.381ms
[204.486s][info][gc,load     ] GC(267) Load: 0.00/0.00/0.00
[204.486s][info][gc,mmu      ] GC(267) MMU: 2ms/94.9%, 5ms/98.0%, 10ms/99.0%, 20ms/99.4%, 50ms/99.8%, 100ms/99.9%
[204.486s][info][gc,marking  ] GC(267) Mark: 2 stripe(s), 2 proactive flush(es), 1 terminate flush(es), 0 completion(s), 0 continuation(s) 
[204.486s][info][gc,marking  ] GC(267) Mark Stack Usage: 32M
[204.486s][info][gc,nmethod  ] GC(267) NMethods: 649 registered, 29 unregistered
[204.486s][info][gc,metaspace] GC(267) Metaspace: 13M used, 14M committed, 1088M reserved
[204.486s][info][gc,ref      ] GC(267) Soft: 134 encountered, 0 discovered, 0 enqueued
[204.486s][info][gc,ref      ] GC(267) Weak: 721 encountered, 391 discovered, 0 enqueued
[204.486s][info][gc,ref      ] GC(267) Final: 0 encountered, 0 discovered, 0 enqueued
[204.486s][info][gc,ref      ] GC(267) Phantom: 59 encountered, 45 discovered, 0 enqueued
[204.486s][info][gc,reloc    ] GC(267) Small Pages: 677 / 1354M, Empty: 1236M, Relocated: 3M, In-Place: 0
[204.486s][info][gc,reloc    ] GC(267) Medium Pages: 0 / 0M, Empty: 0M, Relocated: 0M, In-Place: 0
[204.486s][info][gc,reloc    ] GC(267) Large Pages: 0 / 0M, Empty: 0M, Relocated: 0M, In-Place: 0
[204.486s][info][gc,reloc    ] GC(267) Forwarding Usage: 0M
[204.486s][info][gc,heap     ] GC(267) Min Capacity: 8M(0%)
[204.486s][info][gc,heap     ] GC(267) Max Capacity: 2048M(100%)
[204.486s][info][gc,heap     ] GC(267) Soft Max Capacity: 2048M(100%)
[204.487s][info][gc,heap     ] GC(267)                Mark Start          Mark End        Relocate Start      Relocate End           High               Low         
[204.487s][info][gc,heap     ] GC(267)  Capacity:     2048M (100%)       2048M (100%)       2048M (100%)       2048M (100%)       2048M (100%)       2048M (100%)   
[204.487s][info][gc,heap     ] GC(267)      Free:      694M (34%)         670M (33%)        1824M (89%)        1926M (94%)        1926M (94%)         596M (29%)    
[204.487s][info][gc,heap     ] GC(267)      Used:     1354M (66%)        1378M (67%)         224M (11%)         122M (6%)         1452M (71%)         122M (6%)     
[204.487s][info][gc,heap     ] GC(267)      Live:         -                 7M (0%)            7M (0%)            7M (0%)             -                  -          
[204.487s][info][gc,heap     ] GC(267) Allocated:         -                24M (1%)          106M (5%)          111M (5%)             -                  -          
[204.487s][info][gc,heap     ] GC(267)   Garbage:         -              1346M (66%)         110M (5%)            2M (0%)             -                  -          
[204.487s][info][gc,heap     ] GC(267) Reclaimed:         -                  -              1236M (60%)        1343M (66%)            -                  -          
[204.487s][info][gc          ] GC(267) Garbage Collection (Allocation Rate) 1354M(66%)->122M(6%)
[205.125s][info][gc,start    ] GC(268) Garbage Collection (Allocation Rate)
[205.125s][info][gc,task     ] GC(268) Using 1 workers
[205.125s][info][gc,phases   ] GC(268) Pause Mark Start 0.011ms
[205.141s][info][gc,phases   ] GC(268) Concurrent Mark 16.066ms
[205.141s][info][gc,phases   ] GC(268) Pause Mark End 0.016ms
[205.141s][info][gc,phases   ] GC(268) Concurrent Mark Free 0.001ms
[205.214s][info][gc,phases   ] GC(268) Concurrent Process Non-Strong References 72.872ms
[205.214s][info][gc,phases   ] GC(268) Concurrent Reset Relocation Set 0.007ms
[205.219s][info][gc,phases   ] GC(268) Concurrent Select Relocation Set 4.539ms
[205.219s][info][gc,phases   ] GC(268) Pause Relocate Start 0.008ms
[205.221s][info][gc,phases   ] GC(268) Concurrent Relocate 1.691ms
[205.221s][info][gc,load     ] GC(268) Load: 0.00/0.00/0.00
[205.221s][info][gc,mmu      ] GC(268) MMU: 2ms/94.9%, 5ms/98.0%, 10ms/99.0%, 20ms/99.4%, 50ms/99.8%, 100ms/99.9%
[205.221s][info][gc,marking  ] GC(268) Mark: 1 stripe(s), 2 proactive flush(es), 1 terminate flush(es), 0 completion(s), 0 continuation(s) 
[205.221s][info][gc,marking  ] GC(268) Mark Stack Usage: 32M
[205.221s][info][gc,nmethod  ] GC(268) NMethods: 649 registered, 29 unregistered
[205.221s][info][gc,metaspace] GC(268) Metaspace: 13M used, 14M committed, 1088M reserved
[205.221s][info][gc,ref      ] GC(268) Soft: 134 encountered, 0 discovered, 0 enqueued
[205.221s][info][gc,ref      ] GC(268) Weak: 721 encountered, 455 discovered, 0 enqueued
[205.221s][info][gc,ref      ] GC(268) Final: 0 encountered, 0 discovered, 0 enqueued
[205.221s][info][gc,ref      ] GC(268) Phantom: 59 encountered, 41 discovered, 0 enqueued
[205.221s][info][gc,reloc    ] GC(268) Small Pages: 646 / 1292M, Empty: 1188M, Relocated: 1M, In-Place: 0
[205.221s][info][gc,reloc    ] GC(268) Medium Pages: 0 / 0M, Empty: 0M, Relocated: 0M, In-Place: 0
[205.221s][info][gc,reloc    ] GC(268) Large Pages: 0 / 0M, Empty: 0M, Relocated: 0M, In-Place: 0
[205.221s][info][gc,reloc    ] GC(268) Forwarding Usage: 0M
[205.221s][info][gc,heap     ] GC(268) Min Capacity: 8M(0%)
[205.221s][info][gc,heap     ] GC(268) Max Capacity: 2048M(100%)
[205.221s][info][gc,heap     ] GC(268) Soft Max Capacity: 2048M(100%)
[205.221s][info][gc,heap     ] GC(268)                Mark Start          Mark End        Relocate Start      Relocate End           High               Low         
[205.221s][info][gc,heap     ] GC(268)  Capacity:     2048M (100%)       2048M (100%)       2048M (100%)       2048M (100%)       2048M (100%)       2048M (100%)   
[205.221s][info][gc,heap     ] GC(268)      Free:      756M (37%)         720M (35%)        1776M (87%)        1868M (91%)        1868M (91%)         596M (29%)    
[205.221s][info][gc,heap     ] GC(268)      Used:     1292M (63%)        1328M (65%)         272M (13%)         180M (9%)         1452M (71%)         180M (9%)     
[205.221s][info][gc,heap     ] GC(268)      Live:         -                 7M (0%)            7M (0%)            7M (0%)             -                  -          
[205.221s][info][gc,heap     ] GC(268) Allocated:         -                36M (2%)          168M (8%)          169M (8%)             -                  -          
[205.221s][info][gc,heap     ] GC(268)   Garbage:         -              1284M (63%)          96M (5%)            2M (0%)             -                  -          
[205.221s][info][gc,heap     ] GC(268) Reclaimed:         -                  -              1188M (58%)        1281M (63%)            -                  -          
[205.221s][info][gc          ] GC(268) Garbage Collection (Allocation Rate) 1292M(63%)->180M(9%)
[205.925s][info][gc,start    ] GC(269) Garbage Collection (Allocation Rate)
[205.925s][info][gc,task     ] GC(269) Using 1 workers
[205.926s][info][gc,phases   ] GC(269) Pause Mark Start 0.009ms
[205.939s][info][gc,phases   ] GC(269) Concurrent Mark 13.800ms
[205.940s][info][gc,phases   ] GC(269) Pause Mark End 0.016ms
[205.940s][info][gc,phases   ] GC(269) Concurrent Mark Free 0.001ms
[206.008s][info][gc,phases   ] GC(269) Concurrent Process Non-Strong References 68.533ms
[206.008s][info][gc,phases   ] GC(269) Concurrent Reset Relocation Set 0.008ms
[206.013s][info][gc,phases   ] GC(269) Concurrent Select Relocation Set 4.568ms
[206.013s][info][gc,phases   ] GC(269) Pause Relocate Start 0.008ms
[206.015s][info][gc,phases   ] GC(269) Concurrent Relocate 1.684ms
[206.015s][info][gc,load     ] GC(269) Load: 0.00/0.00/0.00
[206.015s][info][gc,mmu      ] GC(269) MMU: 2ms/94.9%, 5ms/98.0%, 10ms/99.0%, 20ms/99.4%, 50ms/99.8%, 100ms/99.9%
[206.015s][info][gc,marking  ] GC(269) Mark: 1 stripe(s), 2 proactive flush(es), 1 terminate flush(es), 0 completion(s), 0 continuation(s) 
[206.015s][info][gc,marking  ] GC(269) Mark Stack Usage: 32M
[206.015s][info][gc,nmethod  ] GC(269) NMethods: 649 registered, 29 unregistered
[206.015s][info][gc,metaspace] GC(269) Metaspace: 13M used, 14M committed, 1088M reserved
[206.015s][info][gc,ref      ] GC(269) Soft: 134 encountered, 0 discovered, 0 enqueued
[206.015s][info][gc,ref      ] GC(269) Weak: 721 encountered, 455 discovered, 0 enqueued
[206.015s][info][gc,ref      ] GC(269) Final: 0 encountered, 0 discovered, 0 enqueued
[206.015s][info][gc,ref      ] GC(269) Phantom: 59 encountered, 41 discovered, 0 enqueued
[206.015s][info][gc,reloc    ] GC(269) Small Pages: 722 / 1444M, Empty: 1334M, Relocated: 1M, In-Place: 0
[206.015s][info][gc,reloc    ] GC(269) Medium Pages: 0 / 0M, Empty: 0M, Relocated: 0M, In-Place: 0
[206.015s][info][gc,reloc    ] GC(269) Large Pages: 0 / 0M, Empty: 0M, Relocated: 0M, In-Place: 0
[206.015s][info][gc,reloc    ] GC(269) Forwarding Usage: 0M
[206.015s][info][gc,heap     ] GC(269) Min Capacity: 8M(0%)
[206.015s][info][gc,heap     ] GC(269) Max Capacity: 2048M(100%)
[206.015s][info][gc,heap     ] GC(269) Soft Max Capacity: 2048M(100%)
[206.015s][info][gc,heap     ] GC(269)                Mark Start          Mark End        Relocate Start      Relocate End           High               Low         
[206.015s][info][gc,heap     ] GC(269)  Capacity:     2048M (100%)       2048M (100%)       2048M (100%)       2048M (100%)       2048M (100%)       2048M (100%)   
[206.015s][info][gc,heap     ] GC(269)      Free:      604M (29%)         572M (28%)        1780M (87%)        1876M (92%)        1876M (92%)         454M (22%)    
[206.015s][info][gc,heap     ] GC(269)      Used:     1444M (71%)        1476M (72%)         268M (13%)         172M (8%)         1594M (78%)         172M (8%)     
[206.015s][info][gc,heap     ] GC(269)      Live:         -                 7M (0%)            7M (0%)            7M (0%)             -                  -          
[206.015s][info][gc,heap     ] GC(269) Allocated:         -                32M (2%)          158M (8%)          161M (8%)             -                  -          
[206.015s][info][gc,heap     ] GC(269)   Garbage:         -              1436M (70%)         102M (5%)            2M (0%)             -                  -          
[206.015s][info][gc,heap     ] GC(269) Reclaimed:         -                  -              1334M (65%)        1433M (70%)            -                  -          
[206.015s][info][gc          ] GC(269) Garbage Collection (Allocation Rate) 1444M(71%)->172M(8%)
[206.925s][info][gc,start    ] GC(270) Garbage Collection (Proactive)
[206.925s][info][gc,task     ] GC(270) Using 12 workers
[206.925s][info][gc,phases   ] GC(270) Pause Mark Start 0.011ms
[206.929s][info][gc,phases   ] GC(270) Concurrent Mark 3.608ms
[206.929s][info][gc,phases   ] GC(270) Pause Mark End 0.017ms
[206.929s][info][gc,phases   ] GC(270) Concurrent Mark Free 0.001ms
[206.938s][info][gc,phases   ] GC(270) Concurrent Process Non-Strong References 8.695ms
[206.938s][info][gc,phases   ] GC(270) Concurrent Reset Relocation Set 0.007ms
[206.942s][info][gc,phases   ] GC(270) Concurrent Select Relocation Set 4.215ms
[206.942s][info][gc,phases   ] GC(270) Pause Relocate Start 0.012ms
[206.946s][info][gc,phases   ] GC(270) Concurrent Relocate 4.155ms
[206.946s][info][gc,load     ] GC(270) Load: 0.00/0.00/0.00
[206.946s][info][gc,mmu      ] GC(270) MMU: 2ms/94.9%, 5ms/98.0%, 10ms/99.0%, 20ms/99.4%, 50ms/99.8%, 100ms/99.9%
[206.946s][info][gc,marking  ] GC(270) Mark: 8 stripe(s), 2 proactive flush(es), 1 terminate flush(es), 0 completion(s), 0 continuation(s) 
[206.946s][info][gc,marking  ] GC(270) Mark Stack Usage: 32M
[206.946s][info][gc,nmethod  ] GC(270) NMethods: 649 registered, 29 unregistered
[206.946s][info][gc,metaspace] GC(270) Metaspace: 13M used, 14M committed, 1088M reserved
[206.946s][info][gc,ref      ] GC(270) Soft: 134 encountered, 0 discovered, 0 enqueued
[206.946s][info][gc,ref      ] GC(270) Weak: 721 encountered, 125 discovered, 0 enqueued
[206.947s][info][gc,ref      ] GC(270) Final: 0 encountered, 0 discovered, 0 enqueued
[206.947s][info][gc,ref      ] GC(270) Phantom: 59 encountered, 42 discovered, 0 enqueued
[206.947s][info][gc,reloc    ] GC(270) Small Pages: 722 / 1444M, Empty: 1318M, Relocated: 1M, In-Place: 0
[206.947s][info][gc,reloc    ] GC(270) Medium Pages: 0 / 0M, Empty: 0M, Relocated: 0M, In-Place: 0
[206.947s][info][gc,reloc    ] GC(270) Large Pages: 0 / 0M, Empty: 0M, Relocated: 0M, In-Place: 0
[206.947s][info][gc,reloc    ] GC(270) Forwarding Usage: 0M
[206.947s][info][gc,heap     ] GC(270) Min Capacity: 8M(0%)
[206.947s][info][gc,heap     ] GC(270) Max Capacity: 2048M(100%)
[206.947s][info][gc,heap     ] GC(270) Soft Max Capacity: 2048M(100%)
[206.947s][info][gc,heap     ] GC(270)                Mark Start          Mark End        Relocate Start      Relocate End           High               Low         
[206.947s][info][gc,heap     ] GC(270)  Capacity:     2048M (100%)       2048M (100%)       2048M (100%)       2048M (100%)       2048M (100%)       2048M (100%)   
[206.947s][info][gc,heap     ] GC(270)      Free:      604M (29%)         592M (29%)        1892M (92%)        1978M (97%)        1982M (97%)         580M (28%)    
[206.947s][info][gc,heap     ] GC(270)      Used:     1444M (71%)        1456M (71%)         156M (8%)           70M (3%)         1468M (72%)          66M (3%)     
[206.947s][info][gc,heap     ] GC(270)      Live:         -                 7M (0%)            7M (0%)            7M (0%)             -                  -          
[206.947s][info][gc,heap     ] GC(270) Allocated:         -                12M (1%)           30M (1%)           37M (2%)             -                  -          
[206.947s][info][gc,heap     ] GC(270)   Garbage:         -              1436M (70%)         118M (6%)           24M (1%)             -                  -          
[206.947s][info][gc,heap     ] GC(270) Reclaimed:         -                  -              1318M (64%)        1411M (69%)            -                  -          
[206.947s][info][gc          ] GC(270) Garbage Collection (Proactive) 1444M(71%)->70M(3%)
[207.826s][info][gc,start    ] GC(271) Garbage Collection (Allocation Rate)
[207.826s][info][gc,task     ] GC(271) Using 1 workers
[207.835s][info][gc,phases   ] GC(271) Pause Mark Start 0.011ms
[207.852s][info][gc,phases   ] GC(271) Concurrent Mark 17.437ms
[207.852s][info][gc,phases   ] GC(271) Pause Mark End 0.016ms
[207.852s][info][gc,phases   ] GC(271) Concurrent Mark Free 0.001ms
[207.939s][info][gc,phases   ] GC(271) Concurrent Process Non-Strong References 86.230ms
[207.939s][info][gc,phases   ] GC(271) Concurrent Reset Relocation Set 0.008ms
[207.944s][info][gc,phases   ] GC(271) Concurrent Select Relocation Set 5.319ms
[207.944s][info][gc,phases   ] GC(271) Pause Relocate Start 0.008ms
[207.948s][info][gc,phases   ] GC(271) Concurrent Relocate 3.894ms
[207.948s][info][gc,load     ] GC(271) Load: 0.00/0.00/0.00
[207.948s][info][gc,mmu      ] GC(271) MMU: 2ms/94.9%, 5ms/98.0%, 10ms/99.0%, 20ms/99.4%, 50ms/99.8%, 100ms/99.9%
[207.948s][info][gc,marking  ] GC(271) Mark: 1 stripe(s), 2 proactive flush(es), 1 terminate flush(es), 0 completion(s), 0 continuation(s) 
[207.948s][info][gc,marking  ] GC(271) Mark Stack Usage: 32M
[207.948s][info][gc,nmethod  ] GC(271) NMethods: 649 registered, 29 unregistered
[207.948s][info][gc,metaspace] GC(271) Metaspace: 13M used, 14M committed, 1088M reserved
[207.948s][info][gc,ref      ] GC(271) Soft: 134 encountered, 0 discovered, 0 enqueued
[207.948s][info][gc,ref      ] GC(271) Weak: 721 encountered, 455 discovered, 0 enqueued
[207.948s][info][gc,ref      ] GC(271) Final: 0 encountered, 0 discovered, 0 enqueued
[207.948s][info][gc,ref      ] GC(271) Phantom: 59 encountered, 41 discovered, 0 enqueued
[207.948s][info][gc,reloc    ] GC(271) Small Pages: 666 / 1332M, Empty: 1188M, Relocated: 3M, In-Place: 0
[207.949s][info][gc,reloc    ] GC(271) Medium Pages: 0 / 0M, Empty: 0M, Relocated: 0M, In-Place: 0
[207.949s][info][gc,reloc    ] GC(271) Large Pages: 0 / 0M, Empty: 0M, Relocated: 0M, In-Place: 0
[207.949s][info][gc,reloc    ] GC(271) Forwarding Usage: 0M
[207.949s][info][gc,heap     ] GC(271) Min Capacity: 8M(0%)
[207.949s][info][gc,heap     ] GC(271) Max Capacity: 2048M(100%)
[207.949s][info][gc,heap     ] GC(271) Soft Max Capacity: 2048M(100%)
[207.949s][info][gc,heap     ] GC(271)                Mark Start          Mark End        Relocate Start      Relocate End           High               Low         
[207.949s][info][gc,heap     ] GC(271)  Capacity:     2048M (100%)       2048M (100%)       2048M (100%)       2048M (100%)       2048M (100%)       2048M (100%)   
[207.949s][info][gc,heap     ] GC(271)      Free:      716M (35%)         686M (33%)        1744M (85%)        1872M (91%)        1876M (92%)         564M (28%)    
[207.949s][info][gc,heap     ] GC(271)      Used:     1332M (65%)        1362M (67%)         304M (15%)         176M (9%)         1484M (72%)         172M (8%)     
[207.949s][info][gc,heap     ] GC(271)      Live:         -                 8M (0%)            8M (0%)            8M (0%)             -                  -          
[207.949s][info][gc,heap     ] GC(271) Allocated:         -                30M (1%)          160M (8%)          165M (8%)             -                  -          
[207.949s][info][gc,heap     ] GC(271)   Garbage:         -              1323M (65%)         135M (7%)            2M (0%)             -                  -          
[207.949s][info][gc,heap     ] GC(271) Reclaimed:         -                  -              1188M (58%)        1321M (65%)            -                  -          
[207.949s][info][gc          ] GC(271) Garbage Collection (Allocation Rate) 1332M(65%)->176M(9%)
[208.525s][info][gc,start    ] GC(272) Garbage Collection (Allocation Rate)
[208.525s][info][gc,task     ] GC(272) Using 1 workers
[208.525s][info][gc,phases   ] GC(272) Pause Mark Start 0.011ms
[208.544s][info][gc,phases   ] GC(272) Concurrent Mark 19.093ms
[208.544s][info][gc,phases   ] GC(272) Pause Mark End 0.014ms
[208.544s][info][gc,phases   ] GC(272) Concurrent Mark Free 0.001ms
[208.618s][info][gc,phases   ] GC(272) Concurrent Process Non-Strong References 73.830ms
[208.618s][info][gc,phases   ] GC(272) Concurrent Reset Relocation Set 0.011ms
[208.623s][info][gc,phases   ] GC(272) Concurrent Select Relocation Set 4.416ms
[208.623s][info][gc,phases   ] GC(272) Pause Relocate Start 0.008ms
[208.624s][info][gc,phases   ] GC(272) Concurrent Relocate 1.500ms
[208.624s][info][gc,load     ] GC(272) Load: 0.00/0.00/0.00
[208.625s][info][gc,mmu      ] GC(272) MMU: 2ms/94.9%, 5ms/98.0%, 10ms/99.0%, 20ms/99.4%, 50ms/99.8%, 100ms/99.9%
[208.625s][info][gc,marking  ] GC(272) Mark: 1 stripe(s), 2 proactive flush(es), 1 terminate flush(es), 0 completion(s), 0 continuation(s) 
[208.625s][info][gc,marking  ] GC(272) Mark Stack Usage: 32M
[208.625s][info][gc,nmethod  ] GC(272) NMethods: 649 registered, 29 unregistered
[208.625s][info][gc,metaspace] GC(272) Metaspace: 13M used, 14M committed, 1088M reserved
[208.625s][info][gc,ref      ] GC(272) Soft: 134 encountered, 0 discovered, 0 enqueued
[208.625s][info][gc,ref      ] GC(272) Weak: 721 encountered, 455 discovered, 0 enqueued
[208.625s][info][gc,ref      ] GC(272) Final: 0 encountered, 0 discovered, 0 enqueued
[208.625s][info][gc,ref      ] GC(272) Phantom: 59 encountered, 41 discovered, 0 enqueued
[208.625s][info][gc,reloc    ] GC(272) Small Pages: 617 / 1234M, Empty: 1134M, Relocated: 1M, In-Place: 0
[208.625s][info][gc,reloc    ] GC(272) Medium Pages: 0 / 0M, Empty: 0M, Relocated: 0M, In-Place: 0
[208.625s][info][gc,reloc    ] GC(272) Large Pages: 0 / 0M, Empty: 0M, Relocated: 0M, In-Place: 0
[208.625s][info][gc,reloc    ] GC(272) Forwarding Usage: 0M
[208.625s][info][gc,heap     ] GC(272) Min Capacity: 8M(0%)
[208.625s][info][gc,heap     ] GC(272) Max Capacity: 2048M(100%)
[208.625s][info][gc,heap     ] GC(272) Soft Max Capacity: 2048M(100%)
[208.625s][info][gc,heap     ] GC(272)                Mark Start          Mark End        Relocate Start      Relocate End           High               Low         
[208.625s][info][gc,heap     ] GC(272)  Capacity:     2048M (100%)       2048M (100%)       2048M (100%)       2048M (100%)       2048M (100%)       2048M (100%)   
[208.625s][info][gc,heap     ] GC(272)      Free:      814M (40%)         770M (38%)        1752M (86%)        1840M (90%)        1840M (90%)         626M (31%)    
[208.625s][info][gc,heap     ] GC(272)      Used:     1234M (60%)        1278M (62%)         296M (14%)         208M (10%)        1422M (69%)         208M (10%)    
[208.625s][info][gc,heap     ] GC(272)      Live:         -                 8M (0%)            8M (0%)            8M (0%)             -                  -          
[208.625s][info][gc,heap     ] GC(272) Allocated:         -                44M (2%)          196M (10%)         197M (10%)            -                  -          
[208.625s][info][gc,heap     ] GC(272)   Garbage:         -              1225M (60%)          91M (4%)            2M (0%)             -                  -          
[208.625s][info][gc,heap     ] GC(272) Reclaimed:         -                  -              1134M (55%)        1223M (60%)            -                  -          
[208.625s][info][gc          ] GC(272) Garbage Collection (Allocation Rate) 1234M(60%)->208M(10%)
[209.324s][info][gc,start    ] GC(273) Garbage Collection (Allocation Rate)
[209.324s][info][gc,task     ] GC(273) Using 1 workers
[209.324s][info][gc,phases   ] GC(273) Pause Mark Start 0.013ms
[209.340s][info][gc,phases   ] GC(273) Concurrent Mark 15.577ms
[209.340s][info][gc,phases   ] GC(273) Pause Mark End 0.016ms
[209.340s][info][gc,phases   ] GC(273) Concurrent Mark Free 0.001ms
[209.419s][info][gc,phases   ] GC(273) Concurrent Process Non-Strong References 78.385ms
[209.419s][info][gc,phases   ] GC(273) Concurrent Reset Relocation Set 0.007ms
[209.423s][info][gc,phases   ] GC(273) Concurrent Select Relocation Set 4.484ms
[209.423s][info][gc,phases   ] GC(273) Pause Relocate Start 0.009ms
[209.426s][info][gc,phases   ] GC(273) Concurrent Relocate 2.164ms
[209.426s][info][gc,load     ] GC(273) Load: 0.00/0.00/0.00
[209.426s][info][gc,mmu      ] GC(273) MMU: 2ms/94.9%, 5ms/98.0%, 10ms/99.0%, 20ms/99.4%, 50ms/99.8%, 100ms/99.9%
[209.426s][info][gc,marking  ] GC(273) Mark: 1 stripe(s), 2 proactive flush(es), 1 terminate flush(es), 0 completion(s), 0 continuation(s) 
[209.426s][info][gc,marking  ] GC(273) Mark Stack Usage: 32M
[209.426s][info][gc,nmethod  ] GC(273) NMethods: 649 registered, 29 unregistered
[209.426s][info][gc,metaspace] GC(273) Metaspace: 13M used, 14M committed, 1088M reserved
[209.426s][info][gc,ref      ] GC(273) Soft: 134 encountered, 0 discovered, 0 enqueued
[209.426s][info][gc,ref      ] GC(273) Weak: 721 encountered, 455 discovered, 0 enqueued
[209.426s][info][gc,ref      ] GC(273) Final: 0 encountered, 0 discovered, 0 enqueued
[209.426s][info][gc,ref      ] GC(273) Phantom: 59 encountered, 41 discovered, 0 enqueued
[209.426s][info][gc,reloc    ] GC(273) Small Pages: 705 / 1410M, Empty: 1302M, Relocated: 1M, In-Place: 0
[209.426s][info][gc,reloc    ] GC(273) Medium Pages: 0 / 0M, Empty: 0M, Relocated: 0M, In-Place: 0
[209.426s][info][gc,reloc    ] GC(273) Large Pages: 0 / 0M, Empty: 0M, Relocated: 0M, In-Place: 0
[209.426s][info][gc,reloc    ] GC(273) Forwarding Usage: 0M
[209.426s][info][gc,heap     ] GC(273) Min Capacity: 8M(0%)
[209.426s][info][gc,heap     ] GC(273) Max Capacity: 2048M(100%)
[209.426s][info][gc,heap     ] GC(273) Soft Max Capacity: 2048M(100%)
[209.426s][info][gc,heap     ] GC(273)                Mark Start          Mark End        Relocate Start      Relocate End           High               Low         
[209.426s][info][gc,heap     ] GC(273)  Capacity:     2048M (100%)       2048M (100%)       2048M (100%)       2048M (100%)       2048M (100%)       2048M (100%)   
[209.426s][info][gc,heap     ] GC(273)      Free:      638M (31%)         602M (29%)        1762M (86%)        1854M (91%)        1856M (91%)         466M (23%)    
[209.426s][info][gc,heap     ] GC(273)      Used:     1410M (69%)        1446M (71%)         286M (14%)         194M (9%)         1582M (77%)         192M (9%)     
[209.426s][info][gc,heap     ] GC(273)      Live:         -                 8M (0%)            8M (0%)            8M (0%)             -                  -          
[209.426s][info][gc,heap     ] GC(273) Allocated:         -                36M (2%)          178M (9%)          183M (9%)             -                  -          
[209.426s][info][gc,heap     ] GC(273)   Garbage:         -              1401M (68%)          99M (5%)            2M (0%)             -                  -          
[209.426s][info][gc,heap     ] GC(273) Reclaimed:         -                  -              1302M (64%)        1399M (68%)            -                  -          
[209.426s][info][gc          ] GC(273) Garbage Collection (Allocation Rate) 1410M(69%)->194M(9%)
[210.125s][info][gc,start    ] GC(274) Garbage Collection (Allocation Rate)
[210.125s][info][gc,stats    ] === Garbage Collection Statistics =======================================================================================================================
[210.125s][info][gc,task     ] GC(274) Using 1 workers
[210.125s][info][gc,stats    ]                                                              Last 10s              Last 10m              Last 10h                Total
[210.125s][info][gc,stats    ]                                                              Avg / Max             Avg / Max             Avg / Max             Avg / Max
[210.125s][info][gc,stats    ]   Collector: Garbage Collection Cycle                     74.264 / 122.831      74.720 / 273.863      74.720 / 273.863      74.720 / 273.863     ms
[210.125s][info][gc,stats    ]  Contention: Mark Segment Reset Contention                     0 / 3                 0 / 11                0 / 11                0 / 11          ops/s
[210.125s][info][gc,stats    ]  Contention: Mark SeqNum Reset Contention                      0 / 1                 0 / 2                 0 / 2                 0 / 2           ops/s
[210.125s][info][gc,phases   ] GC(274) Pause Mark Start 0.011ms
[210.125s][info][gc,stats    ]    Critical: Allocation Stall                                  0 / 0                 0 / 43                0 / 43                0 / 43          ops/s
[210.126s][info][gc,stats    ]    Critical: Allocation Stall                              0.000 / 0.000        29.268 / 55.638       29.268 / 55.638       29.268 / 55.638      ms
[210.126s][info][gc,stats    ]    Critical: GC Locker Stall                                   0 / 0                 0 / 0                 0 / 0                 0 / 0           ops/s
[210.126s][info][gc,stats    ]    Critical: GC Locker Stall                               0.000 / 0.000         0.000 / 0.000         0.000 / 0.000         0.000 / 0.000       ms
[210.126s][info][gc,stats    ]    Critical: Relocation Stall                                  0 / 0                 0 / 0                 0 / 0                 0 / 0           ops/s
[210.126s][info][gc,stats    ]    Critical: Relocation Stall                              0.000 / 0.000         0.000 / 0.000         0.000 / 0.000         0.000 / 0.000       ms
[210.126s][info][gc,stats    ]      Memory: Allocation Rate                                1673 / 1944           1871 / 2242           1871 / 2242           1871 / 2242        MB/s
[210.126s][info][gc,stats    ]      Memory: Defragment                                        0 / 0                 0 / 0                 0 / 0                 0 / 0           ops/s
[210.126s][info][gc,stats    ]      Memory: Out Of Memory                                     0 / 0                 0 / 0                 0 / 0                 0 / 0           ops/s
[210.126s][info][gc,stats    ]      Memory: Page Cache Flush                                  0 / 0                 0 / 0                 0 / 0                 0 / 0           MB/s
[210.126s][info][gc,stats    ]      Memory: Page Cache Hit L1                               840 / 973             934 / 1124            934 / 1124            934 / 1124        ops/s
[210.126s][info][gc,stats    ]      Memory: Page Cache Hit L2                                 0 / 0                 0 / 0                 0 / 0                 0 / 0           ops/s
[210.126s][info][gc,stats    ]      Memory: Page Cache Hit L3                                 0 / 0                 4 / 449               4 / 449               4 / 449         ops/s
[210.126s][info][gc,stats    ]      Memory: Page Cache Miss                                   0 / 0                 0 / 1                 0 / 1                 0 / 1           ops/s
[210.126s][info][gc,stats    ]      Memory: Uncommit                                          0 / 0                 0 / 0                 0 / 0                 0 / 0           MB/s
[210.126s][info][gc,stats    ]      Memory: Undo Object Allocation Failed                    27 / 60               24 / 141              24 / 141              24 / 141         ops/s
[210.126s][info][gc,stats    ]      Memory: Undo Object Allocation Succeeded                  5 / 13                2 / 21                2 / 21                2 / 21          ops/s
[210.126s][info][gc,stats    ]      Memory: Undo Page Allocation                             53 / 98               66 / 221              66 / 221              66 / 221         ops/s
[210.126s][info][gc,stats    ]       Phase: Concurrent Mark                              12.627 / 19.093       15.078 / 212.397      15.078 / 212.397      15.078 / 212.397     ms
[210.126s][info][gc,stats    ]       Phase: Concurrent Mark Continue                      0.000 / 0.000         0.000 / 0.000         0.000 / 0.000         0.000 / 0.000       ms
[210.126s][info][gc,stats    ]       Phase: Concurrent Mark Free                          0.001 / 0.001         0.001 / 0.002         0.001 / 0.002         0.001 / 0.002       ms
[210.126s][info][gc,stats    ]       Phase: Concurrent Process Non-Strong References     53.368 / 86.230       46.948 / 242.741      46.948 / 242.741      46.948 / 242.741     ms
[210.126s][info][gc,stats    ]       Phase: Concurrent Relocate                           2.099 / 4.155         1.540 / 5.770         1.540 / 5.770         1.540 / 5.770       ms
[210.126s][info][gc,stats    ]       Phase: Concurrent Reset Relocation Set               0.006 / 0.011         0.006 / 0.011         0.006 / 0.011         0.006 / 0.011       ms
[210.126s][info][gc,stats    ]       Phase: Concurrent Select Relocation Set              4.427 / 5.511         4.443 / 14.014        4.443 / 14.014        4.443 / 14.014      ms
[210.126s][info][gc,stats    ]       Phase: Pause Mark End                                0.015 / 0.017         0.017 / 0.102         0.017 / 0.102         0.017 / 0.102       ms
[210.126s][info][gc,stats    ]       Phase: Pause Mark Start                              0.012 / 0.017         0.012 / 0.049         0.012 / 0.049         0.012 / 0.049       ms
[210.126s][info][gc,stats    ]       Phase: Pause Relocate Start                          0.008 / 0.012         0.007 / 0.020         0.007 / 0.020         0.007 / 0.020       ms
[210.126s][info][gc,stats    ]    Subphase: Concurrent Classes Purge                      0.020 / 0.172         0.047 / 5.454         0.047 / 5.454         0.047 / 5.454       ms
[210.126s][info][gc,stats    ]    Subphase: Concurrent Classes Unlink                     0.931 / 1.441         3.791 / 10.160        3.791 / 10.160        3.791 / 10.160      ms
[210.126s][info][gc,stats    ]    Subphase: Concurrent Mark                               8.199 / 17.714        9.938 / 211.109       9.938 / 211.109       9.938 / 211.109     ms
[210.126s][info][gc,stats    ]    Subphase: Concurrent Mark Try Flush                     0.085 / 0.164         0.351 / 193.285       0.351 / 193.285       0.351 / 193.285     ms
[210.126s][info][gc,stats    ]    Subphase: Concurrent Mark Try Terminate                 2.809 / 11.657        2.281 / 16.632        2.281 / 16.632        2.281 / 16.632      ms
[210.126s][info][gc,stats    ]    Subphase: Concurrent References Enqueue                 0.001 / 0.005         0.001 / 0.006         0.001 / 0.006         0.001 / 0.006       ms
[210.126s][info][gc,stats    ]    Subphase: Concurrent References Process                 0.085 / 0.183         0.103 / 0.206         0.103 / 0.206         0.103 / 0.206       ms
[210.126s][info][gc,stats    ]    Subphase: Concurrent Roots ClassLoaderDataGraph         0.107 / 0.381         0.114 / 1.252         0.114 / 1.252         0.114 / 1.252       ms
[210.126s][info][gc,stats    ]    Subphase: Concurrent Roots CodeCache                    0.000 / 0.000         0.000 / 0.000         0.000 / 0.000         0.000 / 0.000       ms
[210.126s][info][gc,stats    ]    Subphase: Concurrent Roots JavaThreads                  0.261 / 0.940         0.331 / 1.791         0.331 / 1.791         0.331 / 1.791       ms
[210.126s][info][gc,stats    ]    Subphase: Concurrent Roots OopStorageSet                0.033 / 0.091         0.048 / 0.778         0.048 / 0.778         0.048 / 0.778       ms
[210.126s][info][gc,stats    ]    Subphase: Concurrent Weak Roots OopStorageSet          24.278 / 84.534       18.741 / 89.038       18.741 / 89.038       18.741 / 89.038      ms
[210.126s][info][gc,stats    ]    Subphase: Pause Mark Try Complete                       0.000 / 0.000         0.002 / 0.006         0.002 / 0.006         0.002 / 0.006       ms
[210.126s][info][gc,stats    ]      System: Java Threads                                     51 / 60               55 / 73               55 / 73               55 / 73          threads
[210.126s][info][gc,stats    ] =========================================================================================================================================================
[210.140s][info][gc,phases   ] GC(274) Concurrent Mark 13.985ms
[210.140s][info][gc,phases   ] GC(274) Pause Mark End 0.015ms
[210.140s][info][gc,phases   ] GC(274) Concurrent Mark Free 0.001ms
[210.227s][info][gc,phases   ] GC(274) Concurrent Process Non-Strong References 87.373ms
[210.227s][info][gc,phases   ] GC(274) Concurrent Reset Relocation Set 0.005ms
[210.232s][info][gc,phases   ] GC(274) Concurrent Select Relocation Set 4.492ms
[210.232s][info][gc,phases   ] GC(274) Pause Relocate Start 0.008ms
[210.234s][info][gc,phases   ] GC(274) Concurrent Relocate 2.205ms
[210.234s][info][gc,load     ] GC(274) Load: 0.00/0.00/0.00
[210.234s][info][gc,mmu      ] GC(274) MMU: 2ms/94.9%, 5ms/98.0%, 10ms/99.0%, 20ms/99.4%, 50ms/99.8%, 100ms/99.9%
[210.234s][info][gc,marking  ] GC(274) Mark: 1 stripe(s), 2 proactive flush(es), 1 terminate flush(es), 0 completion(s), 0 continuation(s) 
[210.234s][info][gc,marking  ] GC(274) Mark Stack Usage: 32M
[210.234s][info][gc,nmethod  ] GC(274) NMethods: 649 registered, 29 unregistered
[210.234s][info][gc,metaspace] GC(274) Metaspace: 13M used, 14M committed, 1088M reserved
[210.234s][info][gc,ref      ] GC(274) Soft: 134 encountered, 0 discovered, 0 enqueued
[210.234s][info][gc,ref      ] GC(274) Weak: 721 encountered, 455 discovered, 0 enqueued
[210.234s][info][gc,ref      ] GC(274) Final: 0 encountered, 0 discovered, 0 enqueued
[210.234s][info][gc,ref      ] GC(274) Phantom: 59 encountered, 41 discovered, 0 enqueued
[210.234s][info][gc,reloc    ] GC(274) Small Pages: 742 / 1484M, Empty: 1376M, Relocated: 1M, In-Place: 0
[210.234s][info][gc,reloc    ] GC(274) Medium Pages: 0 / 0M, Empty: 0M, Relocated: 0M, In-Place: 0
[210.234s][info][gc,reloc    ] GC(274) Large Pages: 0 / 0M, Empty: 0M, Relocated: 0M, In-Place: 0
[210.234s][info][gc,reloc    ] GC(274) Forwarding Usage: 0M
[210.234s][info][gc,heap     ] GC(274) Min Capacity: 8M(0%)
[210.235s][info][gc,heap     ] GC(274) Max Capacity: 2048M(100%)
[210.235s][info][gc,heap     ] GC(274) Soft Max Capacity: 2048M(100%)
[210.235s][info][gc,heap     ] GC(274)                Mark Start          Mark End        Relocate Start      Relocate End           High               Low         
[210.235s][info][gc,heap     ] GC(274)  Capacity:     2048M (100%)       2048M (100%)       2048M (100%)       2048M (100%)       2048M (100%)       2048M (100%)   
[210.235s][info][gc,heap     ] GC(274)      Free:      564M (28%)         530M (26%)        1738M (85%)        1832M (89%)        1832M (89%)         372M (18%)    
[210.235s][info][gc,heap     ] GC(274)      Used:     1484M (72%)        1518M (74%)         310M (15%)         216M (11%)        1676M (82%)         216M (11%)    
[210.235s][info][gc,heap     ] GC(274)      Live:         -                 8M (0%)            8M (0%)            8M (0%)             -                  -          
[210.235s][info][gc,heap     ] GC(274) Allocated:         -                34M (2%)          202M (10%)         205M (10%)            -                  -          
[210.235s][info][gc,heap     ] GC(274)   Garbage:         -              1475M (72%)          99M (5%)            1M (0%)             -                  -          
[210.235s][info][gc,heap     ] GC(274) Reclaimed:         -                  -              1376M (67%)        1473M (72%)            -                  -          
[210.235s][info][gc          ] GC(274) Garbage Collection (Allocation Rate) 1484M(72%)->216M(11%)
[211.026s][info][gc,start    ] GC(275) Garbage Collection (Allocation Rate)
[211.026s][info][gc,task     ] GC(275) Using 1 workers
[211.026s][info][gc,phases   ] GC(275) Pause Mark Start 0.011ms
[211.041s][info][gc,phases   ] GC(275) Concurrent Mark 14.889ms
[211.041s][info][gc,phases   ] GC(275) Pause Mark End 0.014ms
[211.041s][info][gc,phases   ] GC(275) Concurrent Mark Free 0.001ms
[211.113s][info][gc,phases   ] GC(275) Concurrent Process Non-Strong References 71.905ms
[211.113s][info][gc,phases   ] GC(275) Concurrent Reset Relocation Set 0.007ms
[211.118s][info][gc,phases   ] GC(275) Concurrent Select Relocation Set 5.073ms
[211.118s][info][gc,phases   ] GC(275) Pause Relocate Start 0.008ms
[211.120s][info][gc,phases   ] GC(275) Concurrent Relocate 1.741ms
[211.120s][info][gc,load     ] GC(275) Load: 0.00/0.00/0.00
[211.120s][info][gc,mmu      ] GC(275) MMU: 2ms/94.9%, 5ms/98.0%, 10ms/99.0%, 20ms/99.4%, 50ms/99.8%, 100ms/99.9%
[211.120s][info][gc,marking  ] GC(275) Mark: 1 stripe(s), 2 proactive flush(es), 1 terminate flush(es), 0 completion(s), 0 continuation(s) 
[211.120s][info][gc,marking  ] GC(275) Mark Stack Usage: 32M
[211.120s][info][gc,nmethod  ] GC(275) NMethods: 649 registered, 29 unregistered
[211.120s][info][gc,metaspace] GC(275) Metaspace: 13M used, 14M committed, 1088M reserved
[211.120s][info][gc,ref      ] GC(275) Soft: 134 encountered, 0 discovered, 0 enqueued
[211.120s][info][gc,ref      ] GC(275) Weak: 721 encountered, 455 discovered, 0 enqueued
[211.120s][info][gc,ref      ] GC(275) Final: 0 encountered, 0 discovered, 0 enqueued
[211.120s][info][gc,ref      ] GC(275) Phantom: 59 encountered, 41 discovered, 0 enqueued
[211.121s][info][gc,reloc    ] GC(275) Small Pages: 785 / 1570M, Empty: 1452M, Relocated: 3M, In-Place: 0
[211.121s][info][gc,reloc    ] GC(275) Medium Pages: 0 / 0M, Empty: 0M, Relocated: 0M, In-Place: 0
[211.121s][info][gc,reloc    ] GC(275) Large Pages: 0 / 0M, Empty: 0M, Relocated: 0M, In-Place: 0
[211.121s][info][gc,reloc    ] GC(275) Forwarding Usage: 0M
[211.121s][info][gc,heap     ] GC(275) Min Capacity: 8M(0%)
[211.121s][info][gc,heap     ] GC(275) Max Capacity: 2048M(100%)
[211.121s][info][gc,heap     ] GC(275) Soft Max Capacity: 2048M(100%)
[211.121s][info][gc,heap     ] GC(275)                Mark Start          Mark End        Relocate Start      Relocate End           High               Low         
[211.121s][info][gc,heap     ] GC(275)  Capacity:     2048M (100%)       2048M (100%)       2048M (100%)       2048M (100%)       2048M (100%)       2048M (100%)   
[211.121s][info][gc,heap     ] GC(275)      Free:      478M (23%)         448M (22%)        1776M (87%)        1882M (92%)        1882M (92%)         332M (16%)    
[211.121s][info][gc,heap     ] GC(275)      Used:     1570M (77%)        1600M (78%)         272M (13%)         166M (8%)         1716M (84%)         166M (8%)     
[211.121s][info][gc,heap     ] GC(275)      Live:         -                 8M (0%)            8M (0%)            8M (0%)             -                  -          
[211.121s][info][gc,heap     ] GC(275) Allocated:         -                30M (1%)          154M (8%)          156M (8%)             -                  -          
[211.121s][info][gc,heap     ] GC(275)   Garbage:         -              1561M (76%)         109M (5%)            1M (0%)             -                  -          
[211.121s][info][gc,heap     ] GC(275) Reclaimed:         -                  -              1452M (71%)        1560M (76%)            -                  -          
[211.121s][info][gc          ] GC(275) Garbage Collection (Allocation Rate) 1570M(77%)->166M(8%)
[211.926s][info][gc,start    ] GC(276) Garbage Collection (Allocation Rate)
[211.926s][info][gc,task     ] GC(276) Using 1 workers
[211.926s][info][gc,phases   ] GC(276) Pause Mark Start 0.010ms
[211.940s][info][gc,phases   ] GC(276) Concurrent Mark 14.599ms
[211.941s][info][gc,phases   ] GC(276) Pause Mark End 0.015ms
[211.941s][info][gc,phases   ] GC(276) Concurrent Mark Free 0.001ms
[212.016s][info][gc,phases   ] GC(276) Concurrent Process Non-Strong References 75.298ms
[212.016s][info][gc,phases   ] GC(276) Concurrent Reset Relocation Set 0.010ms
[212.021s][info][gc,phases   ] GC(276) Concurrent Select Relocation Set 4.357ms
[212.021s][info][gc,phases   ] GC(276) Pause Relocate Start 0.008ms
[212.021s][info][gc,phases   ] GC(276) Concurrent Relocate 0.479ms
[212.021s][info][gc,load     ] GC(276) Load: 0.00/0.00/0.00
[212.021s][info][gc,mmu      ] GC(276) MMU: 2ms/94.9%, 5ms/98.0%, 10ms/99.0%, 20ms/99.4%, 50ms/99.8%, 100ms/99.9%
[212.021s][info][gc,marking  ] GC(276) Mark: 1 stripe(s), 2 proactive flush(es), 1 terminate flush(es), 0 completion(s), 0 continuation(s) 
[212.021s][info][gc,marking  ] GC(276) Mark Stack Usage: 32M
[212.021s][info][gc,nmethod  ] GC(276) NMethods: 649 registered, 29 unregistered
[212.021s][info][gc,metaspace] GC(276) Metaspace: 13M used, 14M committed, 1088M reserved
[212.021s][info][gc,ref      ] GC(276) Soft: 134 encountered, 0 discovered, 0 enqueued
[212.021s][info][gc,ref      ] GC(276) Weak: 721 encountered, 455 discovered, 0 enqueued
[212.021s][info][gc,ref      ] GC(276) Final: 0 encountered, 0 discovered, 0 enqueued
[212.021s][info][gc,ref      ] GC(276) Phantom: 59 encountered, 41 discovered, 0 enqueued
[212.021s][info][gc,reloc    ] GC(276) Small Pages: 828 / 1656M, Empty: 1536M, Relocated: 1M, In-Place: 0
[212.022s][info][gc,reloc    ] GC(276) Medium Pages: 0 / 0M, Empty: 0M, Relocated: 0M, In-Place: 0
[212.022s][info][gc,reloc    ] GC(276) Large Pages: 0 / 0M, Empty: 0M, Relocated: 0M, In-Place: 0
[212.022s][info][gc,reloc    ] GC(276) Forwarding Usage: 0M
[212.022s][info][gc,heap     ] GC(276) Min Capacity: 8M(0%)
[212.022s][info][gc,heap     ] GC(276) Max Capacity: 2048M(100%)
[212.022s][info][gc,heap     ] GC(276) Soft Max Capacity: 2048M(100%)
[212.022s][info][gc,heap     ] GC(276)                Mark Start          Mark End        Relocate Start      Relocate End           High               Low         
[212.022s][info][gc,heap     ] GC(276)  Capacity:     2048M (100%)       2048M (100%)       2048M (100%)       2048M (100%)       2048M (100%)       2048M (100%)   
[212.022s][info][gc,heap     ] GC(276)      Free:      392M (19%)         356M (17%)        1750M (85%)        1858M (91%)        1858M (91%)         222M (11%)    
[212.022s][info][gc,heap     ] GC(276)      Used:     1656M (81%)        1692M (83%)         298M (15%)         190M (9%)         1826M (89%)         190M (9%)     
[212.022s][info][gc,heap     ] GC(276)      Live:         -                 8M (0%)            8M (0%)            8M (0%)             -                  -          
[212.022s][info][gc,heap     ] GC(276) Allocated:         -                36M (2%)          178M (9%)          178M (9%)             -                  -          
[212.022s][info][gc,heap     ] GC(276)   Garbage:         -              1647M (80%)         111M (5%)            2M (0%)             -                  -          
[212.022s][info][gc,heap     ] GC(276) Reclaimed:         -                  -              1536M (75%)        1644M (80%)            -                  -          
[212.022s][info][gc          ] GC(276) Garbage Collection (Allocation Rate) 1656M(81%)->190M(9%)
[212.825s][info][gc,start    ] GC(277) Garbage Collection (Allocation Rate)
[212.825s][info][gc,task     ] GC(277) Using 1 workers
[212.825s][info][gc,phases   ] GC(277) Pause Mark Start 0.010ms
[212.838s][info][gc,phases   ] GC(277) Concurrent Mark 12.804ms
[212.838s][info][gc,phases   ] GC(277) Pause Mark End 0.017ms
[212.838s][info][gc,phases   ] GC(277) Concurrent Mark Free 0.001ms
[212.917s][info][gc,phases   ] GC(277) Concurrent Process Non-Strong References 78.919ms
[212.917s][info][gc,phases   ] GC(277) Concurrent Reset Relocation Set 0.004ms
[212.922s][info][gc,phases   ] GC(277) Concurrent Select Relocation Set 4.822ms
[212.922s][info][gc,phases   ] GC(277) Pause Relocate Start 0.007ms
[212.923s][info][gc,phases   ] GC(277) Concurrent Relocate 0.318ms
[212.923s][info][gc,load     ] GC(277) Load: 0.00/0.00/0.00
[212.923s][info][gc,mmu      ] GC(277) MMU: 2ms/94.9%, 5ms/98.0%, 10ms/99.0%, 20ms/99.4%, 50ms/99.8%, 100ms/99.9%
[212.923s][info][gc,marking  ] GC(277) Mark: 1 stripe(s), 2 proactive flush(es), 1 terminate flush(es), 0 completion(s), 0 continuation(s) 
[212.923s][info][gc,marking  ] GC(277) Mark Stack Usage: 32M
[212.923s][info][gc,nmethod  ] GC(277) NMethods: 649 registered, 29 unregistered
[212.923s][info][gc,metaspace] GC(277) Metaspace: 13M used, 14M committed, 1088M reserved
[212.923s][info][gc,ref      ] GC(277) Soft: 134 encountered, 0 discovered, 0 enqueued
[212.923s][info][gc,ref      ] GC(277) Weak: 721 encountered, 455 discovered, 0 enqueued
[212.923s][info][gc,ref      ] GC(277) Final: 0 encountered, 0 discovered, 0 enqueued
[212.923s][info][gc,ref      ] GC(277) Phantom: 59 encountered, 41 discovered, 0 enqueued
[212.923s][info][gc,reloc    ] GC(277) Small Pages: 803 / 1606M, Empty: 1480M, Relocated: 0M, In-Place: 0
[212.923s][info][gc,reloc    ] GC(277) Medium Pages: 0 / 0M, Empty: 0M, Relocated: 0M, In-Place: 0
[212.923s][info][gc,reloc    ] GC(277) Large Pages: 0 / 0M, Empty: 0M, Relocated: 0M, In-Place: 0
[212.923s][info][gc,reloc    ] GC(277) Forwarding Usage: 0M
[212.923s][info][gc,heap     ] GC(277) Min Capacity: 8M(0%)
[212.923s][info][gc,heap     ] GC(277) Max Capacity: 2048M(100%)
[212.923s][info][gc,heap     ] GC(277) Soft Max Capacity: 2048M(100%)
[212.923s][info][gc,heap     ] GC(277)                Mark Start          Mark End        Relocate Start      Relocate End           High               Low         
[212.923s][info][gc,heap     ] GC(277)  Capacity:     2048M (100%)       2048M (100%)       2048M (100%)       2048M (100%)       2048M (100%)       2048M (100%)   
[212.923s][info][gc,heap     ] GC(277)      Free:      442M (22%)         414M (20%)        1748M (85%)        1860M (91%)        1860M (91%)         274M (13%)    
[212.923s][info][gc,heap     ] GC(277)      Used:     1606M (78%)        1634M (80%)         300M (15%)         188M (9%)         1774M (87%)         188M (9%)     
[212.923s][info][gc,heap     ] GC(277)      Live:         -                 8M (0%)            8M (0%)            8M (0%)             -                  -          
[212.923s][info][gc,heap     ] GC(277) Allocated:         -                28M (1%)          174M (8%)          175M (9%)             -                  -          
[212.923s][info][gc,heap     ] GC(277)   Garbage:         -              1597M (78%)         117M (6%)            3M (0%)             -                  -          
[212.923s][info][gc,heap     ] GC(277) Reclaimed:         -                  -              1480M (72%)        1593M (78%)            -                  -          
[212.923s][info][gc          ] GC(277) Garbage Collection (Allocation Rate) 1606M(78%)->188M(9%)
[213.725s][info][gc,start    ] GC(278) Garbage Collection (Allocation Rate)
[213.725s][info][gc,task     ] GC(278) Using 1 workers
[213.726s][info][gc,phases   ] GC(278) Pause Mark Start 0.012ms
[213.738s][info][gc,phases   ] GC(278) Concurrent Mark 12.757ms
[213.739s][info][gc,phases   ] GC(278) Pause Mark End 0.017ms
[213.739s][info][gc,phases   ] GC(278) Concurrent Mark Free 0.001ms
[213.811s][info][gc,phases   ] GC(278) Concurrent Process Non-Strong References 71.746ms
[213.811s][info][gc,phases   ] GC(278) Concurrent Reset Relocation Set 0.005ms
[213.814s][info][gc,phases   ] GC(278) Concurrent Select Relocation Set 3.204ms
[213.814s][info][gc,phases   ] GC(278) Pause Relocate Start 0.007ms
[213.814s][info][gc,phases   ] GC(278) Concurrent Relocate 0.371ms
[213.815s][info][gc,load     ] GC(278) Load: 0.00/0.00/0.00
[213.815s][info][gc,mmu      ] GC(278) MMU: 2ms/94.9%, 5ms/98.0%, 10ms/99.0%, 20ms/99.4%, 50ms/99.8%, 100ms/99.9%
[213.815s][info][gc,marking  ] GC(278) Mark: 1 stripe(s), 2 proactive flush(es), 1 terminate flush(es), 0 completion(s), 0 continuation(s) 
[213.815s][info][gc,marking  ] GC(278) Mark Stack Usage: 32M
[213.815s][info][gc,nmethod  ] GC(278) NMethods: 649 registered, 29 unregistered
[213.815s][info][gc,metaspace] GC(278) Metaspace: 13M used, 14M committed, 1088M reserved
[213.815s][info][gc,ref      ] GC(278) Soft: 134 encountered, 0 discovered, 0 enqueued
[213.815s][info][gc,ref      ] GC(278) Weak: 721 encountered, 455 discovered, 0 enqueued
[213.815s][info][gc,ref      ] GC(278) Final: 0 encountered, 0 discovered, 0 enqueued
[213.815s][info][gc,ref      ] GC(278) Phantom: 59 encountered, 41 discovered, 0 enqueued
[213.815s][info][gc,reloc    ] GC(278) Small Pages: 801 / 1602M, Empty: 1476M, Relocated: 0M, In-Place: 0
[213.815s][info][gc,reloc    ] GC(278) Medium Pages: 0 / 0M, Empty: 0M, Relocated: 0M, In-Place: 0
[213.815s][info][gc,reloc    ] GC(278) Large Pages: 0 / 0M, Empty: 0M, Relocated: 0M, In-Place: 0
[213.815s][info][gc,reloc    ] GC(278) Forwarding Usage: 0M
[213.815s][info][gc,heap     ] GC(278) Min Capacity: 8M(0%)
[213.815s][info][gc,heap     ] GC(278) Max Capacity: 2048M(100%)
[213.815s][info][gc,heap     ] GC(278) Soft Max Capacity: 2048M(100%)
[213.815s][info][gc,heap     ] GC(278)                Mark Start          Mark End        Relocate Start      Relocate End           High               Low         
[213.815s][info][gc,heap     ] GC(278)  Capacity:     2048M (100%)       2048M (100%)       2048M (100%)       2048M (100%)       2048M (100%)       2048M (100%)   
[213.815s][info][gc,heap     ] GC(278)      Free:      446M (22%)         420M (21%)        1768M (86%)        1882M (92%)        1882M (92%)         298M (15%)    
[213.815s][info][gc,heap     ] GC(278)      Used:     1602M (78%)        1628M (79%)         280M (14%)         166M (8%)         1750M (85%)         166M (8%)     
[213.815s][info][gc,heap     ] GC(278)      Live:         -                 8M (0%)            8M (0%)            8M (0%)             -                  -          
[213.815s][info][gc,heap     ] GC(278) Allocated:         -                26M (1%)          154M (8%)          153M (8%)             -                  -          
[213.815s][info][gc,heap     ] GC(278)   Garbage:         -              1593M (78%)         117M (6%)            3M (0%)             -                  -          
[213.815s][info][gc,heap     ] GC(278) Reclaimed:         -                  -              1476M (72%)        1589M (78%)            -                  -          
[213.815s][info][gc          ] GC(278) Garbage Collection (Allocation Rate) 1602M(78%)->166M(8%)
[214.625s][info][gc,start    ] GC(279) Garbage Collection (Proactive)
[214.625s][info][gc,task     ] GC(279) Using 12 workers
[214.625s][info][gc,phases   ] GC(279) Pause Mark Start 0.012ms
[214.629s][info][gc,phases   ] GC(279) Concurrent Mark 3.301ms
[214.629s][info][gc,phases   ] GC(279) Pause Mark End 0.017ms
[214.629s][info][gc,phases   ] GC(279) Concurrent Mark Free 0.001ms
[214.636s][info][gc,phases   ] GC(279) Concurrent Process Non-Strong References 7.295ms
[214.636s][info][gc,phases   ] GC(279) Concurrent Reset Relocation Set 0.008ms
[214.640s][info][gc,phases   ] GC(279) Concurrent Select Relocation Set 3.364ms
[214.640s][info][gc,phases   ] GC(279) Pause Relocate Start 0.005ms
[214.640s][info][gc,phases   ] GC(279) Concurrent Relocate 0.329ms
[214.640s][info][gc,load     ] GC(279) Load: 0.00/0.00/0.00
[214.640s][info][gc,mmu      ] GC(279) MMU: 2ms/94.9%, 5ms/98.0%, 10ms/99.0%, 20ms/99.4%, 50ms/99.8%, 100ms/99.9%
[214.640s][info][gc,marking  ] GC(279) Mark: 8 stripe(s), 2 proactive flush(es), 1 terminate flush(es), 0 completion(s), 0 continuation(s) 
[214.640s][info][gc,marking  ] GC(279) Mark Stack Usage: 32M
[214.640s][info][gc,nmethod  ] GC(279) NMethods: 649 registered, 29 unregistered
[214.640s][info][gc,metaspace] GC(279) Metaspace: 13M used, 14M committed, 1088M reserved
[214.640s][info][gc,ref      ] GC(279) Soft: 134 encountered, 0 discovered, 0 enqueued
[214.640s][info][gc,ref      ] GC(279) Weak: 721 encountered, 28 discovered, 0 enqueued
[214.640s][info][gc,ref      ] GC(279) Final: 0 encountered, 0 discovered, 0 enqueued
[214.640s][info][gc,ref      ] GC(279) Phantom: 59 encountered, 30 discovered, 0 enqueued
[214.641s][info][gc,reloc    ] GC(279) Small Pages: 786 / 1572M, Empty: 1452M, Relocated: 0M, In-Place: 0
[214.641s][info][gc,reloc    ] GC(279) Medium Pages: 0 / 0M, Empty: 0M, Relocated: 0M, In-Place: 0
[214.641s][info][gc,reloc    ] GC(279) Large Pages: 0 / 0M, Empty: 0M, Relocated: 0M, In-Place: 0
[214.641s][info][gc,reloc    ] GC(279) Forwarding Usage: 0M
[214.641s][info][gc,heap     ] GC(279) Min Capacity: 8M(0%)
[214.641s][info][gc,heap     ] GC(279) Max Capacity: 2048M(100%)
[214.641s][info][gc,heap     ] GC(279) Soft Max Capacity: 2048M(100%)
[214.641s][info][gc,heap     ] GC(279)                Mark Start          Mark End        Relocate Start      Relocate End           High               Low         
[214.641s][info][gc,heap     ] GC(279)  Capacity:     2048M (100%)       2048M (100%)       2048M (100%)       2048M (100%)       2048M (100%)       2048M (100%)   
[214.641s][info][gc,heap     ] GC(279)      Free:      476M (23%)         462M (23%)        1898M (93%)        1984M (97%)        1984M (97%)         450M (22%)    
[214.641s][info][gc,heap     ] GC(279)      Used:     1572M (77%)        1586M (77%)         150M (7%)           64M (3%)         1598M (78%)          64M (3%)     
[214.641s][info][gc,heap     ] GC(279)      Live:         -                 9M (0%)            9M (0%)            9M (0%)             -                  -          
[214.641s][info][gc,heap     ] GC(279) Allocated:         -                14M (1%)           30M (1%)           29M (1%)             -                  -          
[214.641s][info][gc,heap     ] GC(279)   Garbage:         -              1562M (76%)         110M (5%)           25M (1%)             -                  -          
[214.641s][info][gc,heap     ] GC(279) Reclaimed:         -                  -              1452M (71%)        1537M (75%)            -                  -          
[214.641s][info][gc          ] GC(279) Garbage Collection (Proactive) 1572M(77%)->64M(3%)
[215.425s][info][gc,start    ] GC(280) Garbage Collection (Allocation Rate)
[215.425s][info][gc,task     ] GC(280) Using 1 workers
[215.425s][info][gc,phases   ] GC(280) Pause Mark Start 0.012ms
[215.439s][info][gc,phases   ] GC(280) Concurrent Mark 13.765ms
[215.439s][info][gc,phases   ] GC(280) Pause Mark End 0.016ms
[215.439s][info][gc,phases   ] GC(280) Concurrent Mark Free 0.001ms
[215.520s][info][gc,phases   ] GC(280) Concurrent Process Non-Strong References 80.814ms
[215.520s][info][gc,phases   ] GC(280) Concurrent Reset Relocation Set 0.007ms
[215.524s][info][gc,phases   ] GC(280) Concurrent Select Relocation Set 4.499ms
[215.525s][info][gc,phases   ] GC(280) Pause Relocate Start 0.009ms
[215.525s][info][gc,phases   ] GC(280) Concurrent Relocate 0.487ms
[215.525s][info][gc,load     ] GC(280) Load: 0.00/0.00/0.00
[215.525s][info][gc,mmu      ] GC(280) MMU: 2ms/94.9%, 5ms/98.0%, 10ms/99.0%, 20ms/99.4%, 50ms/99.8%, 100ms/99.9%
[215.525s][info][gc,marking  ] GC(280) Mark: 1 stripe(s), 2 proactive flush(es), 1 terminate flush(es), 0 completion(s), 0 continuation(s) 
[215.525s][info][gc,marking  ] GC(280) Mark Stack Usage: 32M
[215.525s][info][gc,nmethod  ] GC(280) NMethods: 649 registered, 29 unregistered
[215.525s][info][gc,metaspace] GC(280) Metaspace: 13M used, 14M committed, 1088M reserved
[215.525s][info][gc,ref      ] GC(280) Soft: 134 encountered, 0 discovered, 0 enqueued
[215.525s][info][gc,ref      ] GC(280) Weak: 719 encountered, 455 discovered, 0 enqueued
[215.525s][info][gc,ref      ] GC(280) Final: 0 encountered, 0 discovered, 0 enqueued
[215.525s][info][gc,ref      ] GC(280) Phantom: 59 encountered, 41 discovered, 0 enqueued
[215.525s][info][gc,reloc    ] GC(280) Small Pages: 722 / 1444M, Empty: 1310M, Relocated: 0M, In-Place: 0
[215.525s][info][gc,reloc    ] GC(280) Medium Pages: 0 / 0M, Empty: 0M, Relocated: 0M, In-Place: 0
[215.525s][info][gc,reloc    ] GC(280) Large Pages: 0 / 0M, Empty: 0M, Relocated: 0M, In-Place: 0
[215.525s][info][gc,reloc    ] GC(280) Forwarding Usage: 0M
[215.525s][info][gc,heap     ] GC(280) Min Capacity: 8M(0%)
[215.525s][info][gc,heap     ] GC(280) Max Capacity: 2048M(100%)
[215.526s][info][gc,heap     ] GC(280) Soft Max Capacity: 2048M(100%)
[215.526s][info][gc,heap     ] GC(280)                Mark Start          Mark End        Relocate Start      Relocate End           High               Low         
[215.526s][info][gc,heap     ] GC(280)  Capacity:     2048M (100%)       2048M (100%)       2048M (100%)       2048M (100%)       2048M (100%)       2048M (100%)   
[215.526s][info][gc,heap     ] GC(280)      Free:      604M (29%)         572M (28%)        1730M (84%)        1852M (90%)        1852M (90%)         430M (21%)    
[215.526s][info][gc,heap     ] GC(280)      Used:     1444M (71%)        1476M (72%)         318M (16%)         196M (10%)        1618M (79%)         196M (10%)    
[215.526s][info][gc,heap     ] GC(280)      Live:         -                 9M (0%)            9M (0%)            9M (0%)             -                  -          
[215.526s][info][gc,heap     ] GC(280) Allocated:         -                32M (2%)          184M (9%)          183M (9%)             -                  -          
[215.526s][info][gc,heap     ] GC(280)   Garbage:         -              1434M (70%)         124M (6%)            2M (0%)             -                  -          
[215.526s][info][gc,heap     ] GC(280) Reclaimed:         -                  -              1310M (64%)        1431M (70%)            -                  -          
[215.526s][info][gc          ] GC(280) Garbage Collection (Allocation Rate) 1444M(71%)->196M(10%)
[216.325s][info][gc,start    ] GC(281) Garbage Collection (Allocation Rate)
[216.325s][info][gc,task     ] GC(281) Using 1 workers
[216.325s][info][gc,phases   ] GC(281) Pause Mark Start 0.014ms
[216.509s][info][gc,phases   ] GC(281) Concurrent Mark 183.956ms
[216.510s][info][gc,phases   ] GC(281) Pause Mark End 0.015ms
[216.510s][info][gc,phases   ] GC(281) Concurrent Mark Free 0.002ms
[216.592s][info][gc,phases   ] GC(281) Concurrent Process Non-Strong References 82.346ms
[216.592s][info][gc,phases   ] GC(281) Concurrent Reset Relocation Set 0.005ms
[216.592s][info][gc          ] Allocation Stall (Thread-713) 1.566ms
[216.592s][info][gc          ] Allocation Stall (Thread-688) 1.063ms
[216.592s][info][gc          ] Allocation Stall (Thread-718) 1.101ms
[216.592s][info][gc          ] Allocation Stall (Thread-717) 1.599ms
[216.592s][info][gc          ] Allocation Stall (Thread-710) 1.061ms
[216.592s][info][gc          ] Allocation Stall (Thread-732) 1.094ms
[216.592s][info][gc          ] Allocation Stall (Thread-692) 1.145ms
[216.592s][info][gc          ] Allocation Stall (Thread-731) 2.380ms
[216.592s][info][gc          ] Allocation Stall (Thread-723) 1.793ms
[216.592s][info][gc          ] Allocation Stall (Thread-711) 1.087ms
[216.592s][info][gc          ] Allocation Stall (Thread-719) 1.126ms
[216.592s][info][gc          ] Allocation Stall (Thread-704) 1.698ms
[216.592s][info][gc          ] Allocation Stall (Thread-689) 2.352ms
[216.592s][info][gc          ] Allocation Stall (Thread-714) 1.139ms
[216.592s][info][gc          ] Allocation Stall (Thread-698) 1.718ms
[216.592s][info][gc          ] Allocation Stall (Thread-733) 2.673ms
[216.592s][info][gc          ] Allocation Stall (Thread-721) 2.312ms
[216.592s][info][gc          ] Allocation Stall (Thread-709) 1.030ms
[216.592s][info][gc          ] Allocation Stall (Thread-691) 3.540ms
[216.592s][info][gc          ] Allocation Stall (Thread-700) 1.821ms
[216.592s][info][gc          ] Allocation Stall (Thread-736) 2.738ms
[216.592s][info][gc          ] Allocation Stall (Thread-715) 3.062ms
[216.592s][info][gc          ] Allocation Stall (Thread-693) 1.200ms
[216.592s][info][gc          ] Allocation Stall (Thread-694) 1.134ms
[216.592s][info][gc          ] Allocation Stall (Thread-706) 1.425ms
[216.592s][info][gc          ] Allocation Stall (Thread-716) 2.699ms
[216.592s][info][gc          ] Allocation Stall (Thread-690) 1.891ms
[216.592s][info][gc          ] Allocation Stall (Thread-730) 2.137ms
[216.592s][info][gc          ] Allocation Stall (Thread-702) 2.276ms
[216.592s][info][gc          ] Allocation Stall (Thread-696) 2.264ms
[216.592s][info][gc          ] Allocation Stall (Thread-695) 2.267ms
[216.597s][info][gc,phases   ] GC(281) Concurrent Select Relocation Set 4.751ms
[216.597s][info][gc,phases   ] GC(281) Pause Relocate Start 0.008ms
[216.598s][info][gc,phases   ] GC(281) Concurrent Relocate 0.533ms
[216.598s][info][gc,load     ] GC(281) Load: 0.00/0.00/0.00
[216.598s][info][gc,mmu      ] GC(281) MMU: 2ms/94.9%, 5ms/98.0%, 10ms/99.0%, 20ms/99.4%, 50ms/99.8%, 100ms/99.9%
[216.598s][info][gc,marking  ] GC(281) Mark: 1 stripe(s), 2 proactive flush(es), 1 terminate flush(es), 0 completion(s), 0 continuation(s) 
[216.598s][info][gc,marking  ] GC(281) Mark Stack Usage: 32M
[216.598s][info][gc,nmethod  ] GC(281) NMethods: 649 registered, 29 unregistered
[216.598s][info][gc,metaspace] GC(281) Metaspace: 13M used, 14M committed, 1088M reserved
[216.598s][info][gc,ref      ] GC(281) Soft: 134 encountered, 0 discovered, 0 enqueued
[216.598s][info][gc,ref      ] GC(281) Weak: 709 encountered, 455 discovered, 0 enqueued
[216.598s][info][gc,ref      ] GC(281) Final: 0 encountered, 0 discovered, 0 enqueued
[216.598s][info][gc,ref      ] GC(281) Phantom: 59 encountered, 41 discovered, 0 enqueued
[216.598s][info][gc,reloc    ] GC(281) Small Pages: 795 / 1590M, Empty: 1464M, Relocated: 0M, In-Place: 0
[216.598s][info][gc,reloc    ] GC(281) Medium Pages: 0 / 0M, Empty: 0M, Relocated: 0M, In-Place: 0
[216.598s][info][gc,reloc    ] GC(281) Large Pages: 0 / 0M, Empty: 0M, Relocated: 0M, In-Place: 0
[216.598s][info][gc,reloc    ] GC(281) Forwarding Usage: 0M
[216.598s][info][gc,heap     ] GC(281) Min Capacity: 8M(0%)
[216.598s][info][gc,heap     ] GC(281) Max Capacity: 2048M(100%)
[216.598s][info][gc,heap     ] GC(281) Soft Max Capacity: 2048M(100%)
[216.598s][info][gc,heap     ] GC(281)                Mark Start          Mark End        Relocate Start      Relocate End           High               Low         
[216.598s][info][gc,heap     ] GC(281)  Capacity:     2048M (100%)       2048M (100%)       2048M (100%)       2048M (100%)       2048M (100%)       2048M (100%)   
[216.598s][info][gc,heap     ] GC(281)      Free:      458M (22%)         130M (6%)         1454M (71%)        1566M (76%)        1566M (76%)           0M (0%)     
[216.598s][info][gc,heap     ] GC(281)      Used:     1590M (78%)        1918M (94%)         594M (29%)         482M (24%)        2048M (100%)        482M (24%)    
[216.598s][info][gc,heap     ] GC(281)      Live:         -                 9M (0%)            9M (0%)            9M (0%)             -                  -          
[216.598s][info][gc,heap     ] GC(281) Allocated:         -               328M (16%)         468M (23%)         469M (23%)            -                  -          
[216.598s][info][gc,heap     ] GC(281)   Garbage:         -              1580M (77%)         116M (6%)            3M (0%)             -                  -          
[216.598s][info][gc,heap     ] GC(281) Reclaimed:         -                  -              1464M (71%)        1577M (77%)            -                  -          
[216.598s][info][gc          ] GC(281) Garbage Collection (Allocation Rate) 1590M(78%)->482M(24%)
[216.625s][info][gc,start    ] GC(282) Garbage Collection (Allocation Stall)
[216.625s][info][gc,ref      ] GC(282) Clearing All SoftReferences
[216.625s][info][gc,task     ] GC(282) Using 12 workers
[216.625s][info][gc,ref      ] GC(282) Clearing All SoftReferences
[216.625s][info][gc,phases   ] GC(282) Pause Mark Start 0.039ms
[216.629s][info][gc,phases   ] GC(282) Concurrent Mark 3.718ms
[216.629s][info][gc,phases   ] GC(282) Pause Mark End 0.013ms
[216.629s][info][gc,phases   ] GC(282) Concurrent Mark Free 0.001ms
[216.638s][info][gc,phases   ] GC(282) Concurrent Process Non-Strong References 8.792ms
[216.638s][info][gc,phases   ] GC(282) Concurrent Reset Relocation Set 0.008ms
[216.642s][info][gc,phases   ] GC(282) Concurrent Select Relocation Set 4.083ms
[216.642s][info][gc,phases   ] GC(282) Pause Relocate Start 0.006ms
[216.642s][info][gc,phases   ] GC(282) Concurrent Relocate 0.403ms
[216.642s][info][gc,load     ] GC(282) Load: 0.00/0.00/0.00
[216.642s][info][gc,mmu      ] GC(282) MMU: 2ms/94.9%, 5ms/98.0%, 10ms/99.0%, 20ms/99.4%, 50ms/99.8%, 100ms/99.9%
[216.642s][info][gc,marking  ] GC(282) Mark: 8 stripe(s), 2 proactive flush(es), 1 terminate flush(es), 0 completion(s), 0 continuation(s) 
[216.642s][info][gc,marking  ] GC(282) Mark Stack Usage: 32M
[216.642s][info][gc,nmethod  ] GC(282) NMethods: 649 registered, 29 unregistered
[216.642s][info][gc,metaspace] GC(282) Metaspace: 13M used, 14M committed, 1088M reserved
[216.642s][info][gc,ref      ] GC(282) Soft: 134 encountered, 49 discovered, 0 enqueued
[216.642s][info][gc,ref      ] GC(282) Weak: 703 encountered, 16 discovered, 0 enqueued
[216.642s][info][gc,ref      ] GC(282) Final: 0 encountered, 0 discovered, 0 enqueued
[216.642s][info][gc,ref      ] GC(282) Phantom: 59 encountered, 55 discovered, 0 enqueued
[216.642s][info][gc,reloc    ] GC(282) Small Pages: 264 / 528M, Empty: 472M, Relocated: 0M, In-Place: 0
[216.642s][info][gc,reloc    ] GC(282) Medium Pages: 0 / 0M, Empty: 0M, Relocated: 0M, In-Place: 0
[216.642s][info][gc,reloc    ] GC(282) Large Pages: 0 / 0M, Empty: 0M, Relocated: 0M, In-Place: 0
[216.643s][info][gc,reloc    ] GC(282) Forwarding Usage: 0M
[216.643s][info][gc,heap     ] GC(282) Min Capacity: 8M(0%)
[216.643s][info][gc,heap     ] GC(282) Max Capacity: 2048M(100%)
[216.643s][info][gc,heap     ] GC(282) Soft Max Capacity: 2048M(100%)
[216.643s][info][gc,heap     ] GC(282)                Mark Start          Mark End        Relocate Start      Relocate End           High               Low         
[216.643s][info][gc,heap     ] GC(282)  Capacity:     2048M (100%)       2048M (100%)       2048M (100%)       2048M (100%)       2048M (100%)       2048M (100%)   
[216.643s][info][gc,heap     ] GC(282)      Free:     1520M (74%)        1510M (74%)        1962M (96%)        1982M (97%)        1982M (97%)        1494M (73%)    
[216.643s][info][gc,heap     ] GC(282)      Used:      528M (26%)         538M (26%)          86M (4%)           66M (3%)          554M (27%)          66M (3%)     
[216.643s][info][gc,heap     ] GC(282)      Live:         -                 8M (0%)            8M (0%)            8M (0%)             -                  -          
[216.643s][info][gc,heap     ] GC(282) Allocated:         -                10M (0%)           30M (1%)           31M (2%)             -                  -          
[216.643s][info][gc,heap     ] GC(282)   Garbage:         -               519M (25%)          47M (2%)           25M (1%)             -                  -          
[216.643s][info][gc,heap     ] GC(282) Reclaimed:         -                  -               472M (23%)         493M (24%)            -                  -          
[216.643s][info][gc          ] GC(282) Garbage Collection (Allocation Stall) 528M(26%)->66M(3%)
[217.425s][info][gc,start    ] GC(283) Garbage Collection (Allocation Rate)
[217.425s][info][gc,task     ] GC(283) Using 2 workers
[217.425s][info][gc,phases   ] GC(283) Pause Mark Start 0.010ms
[217.433s][info][gc,phases   ] GC(283) Concurrent Mark 7.489ms
[217.433s][info][gc,phases   ] GC(283) Pause Mark End 0.012ms
[217.433s][info][gc,phases   ] GC(283) Concurrent Mark Free 0.001ms
[217.465s][info][gc,phases   ] GC(283) Concurrent Process Non-Strong References 32.434ms
[217.465s][info][gc,phases   ] GC(283) Concurrent Reset Relocation Set 0.004ms
[217.469s][info][gc,phases   ] GC(283) Concurrent Select Relocation Set 3.813ms
[217.469s][info][gc,phases   ] GC(283) Pause Relocate Start 0.007ms
[217.470s][info][gc,phases   ] GC(283) Concurrent Relocate 0.371ms
[217.470s][info][gc,load     ] GC(283) Load: 0.00/0.00/0.00
[217.470s][info][gc,mmu      ] GC(283) MMU: 2ms/94.9%, 5ms/98.0%, 10ms/99.0%, 20ms/99.4%, 50ms/99.8%, 100ms/99.9%
[217.470s][info][gc,marking  ] GC(283) Mark: 2 stripe(s), 2 proactive flush(es), 1 terminate flush(es), 0 completion(s), 0 continuation(s) 
[217.470s][info][gc,marking  ] GC(283) Mark Stack Usage: 32M
[217.470s][info][gc,nmethod  ] GC(283) NMethods: 649 registered, 29 unregistered
[217.470s][info][gc,metaspace] GC(283) Metaspace: 13M used, 14M committed, 1088M reserved
[217.470s][info][gc,ref      ] GC(283) Soft: 134 encountered, 0 discovered, 0 enqueued
[217.470s][info][gc,ref      ] GC(283) Weak: 663 encountered, 404 discovered, 0 enqueued
[217.470s][info][gc,ref      ] GC(283) Final: 0 encountered, 0 discovered, 0 enqueued
[217.470s][info][gc,ref      ] GC(283) Phantom: 59 encountered, 42 discovered, 0 enqueued
[217.470s][info][gc,reloc    ] GC(283) Small Pages: 766 / 1532M, Empty: 1408M, Relocated: 1M, In-Place: 0
[217.470s][info][gc,reloc    ] GC(283) Medium Pages: 0 / 0M, Empty: 0M, Relocated: 0M, In-Place: 0
[217.470s][info][gc,reloc    ] GC(283) Large Pages: 0 / 0M, Empty: 0M, Relocated: 0M, In-Place: 0
[217.470s][info][gc,reloc    ] GC(283) Forwarding Usage: 0M
[217.470s][info][gc,heap     ] GC(283) Min Capacity: 8M(0%)
[217.470s][info][gc,heap     ] GC(283) Max Capacity: 2048M(100%)
[217.470s][info][gc,heap     ] GC(283) Soft Max Capacity: 2048M(100%)
[217.470s][info][gc,heap     ] GC(283)                Mark Start          Mark End        Relocate Start      Relocate End           High               Low         
[217.470s][info][gc,heap     ] GC(283)  Capacity:     2048M (100%)       2048M (100%)       2048M (100%)       2048M (100%)       2048M (100%)       2048M (100%)   
[217.470s][info][gc,heap     ] GC(283)      Free:      516M (25%)         492M (24%)        1820M (89%)        1932M (94%)        1932M (94%)         420M (21%)    
[217.470s][info][gc,heap     ] GC(283)      Used:     1532M (75%)        1556M (76%)         228M (11%)         116M (6%)         1628M (79%)         116M (6%)     
[217.470s][info][gc,heap     ] GC(283)      Live:         -                 8M (0%)            8M (0%)            8M (0%)             -                  -          
[217.470s][info][gc,heap     ] GC(283) Allocated:         -                24M (1%)          104M (5%)          103M (5%)             -                  -          
[217.470s][info][gc,heap     ] GC(283)   Garbage:         -              1523M (74%)         115M (6%)            4M (0%)             -                  -          
[217.470s][info][gc,heap     ] GC(283) Reclaimed:         -                  -              1408M (69%)        1519M (74%)            -                  -          
[217.470s][info][gc          ] GC(283) Garbage Collection (Allocation Rate) 1532M(75%)->116M(6%)
[217.800s][info][gc,start    ] GC(284) Garbage Collection (System.gc())
[217.800s][info][gc,task     ] GC(284) Using 12 workers
[217.801s][info][gc,phases   ] GC(284) Pause Mark Start 0.016ms
[217.814s][info][gc,phases   ] GC(284) Concurrent Mark 13.113ms
[217.814s][info][gc,phases   ] GC(284) Pause Mark End 0.019ms
[217.814s][info][gc,phases   ] GC(284) Concurrent Mark Free 0.001ms
[217.825s][info][gc,phases   ] GC(284) Concurrent Process Non-Strong References 11.155ms
[217.825s][info][gc,phases   ] GC(284) Concurrent Reset Relocation Set 0.006ms
[217.830s][info][gc,phases   ] GC(284) Concurrent Select Relocation Set 4.307ms
[217.830s][info][gc,phases   ] GC(284) Pause Relocate Start 0.010ms
[217.832s][info][gc,phases   ] GC(284) Concurrent Relocate 2.243ms
[217.832s][info][gc,load     ] GC(284) Load: 0.00/0.00/0.00
[217.832s][info][gc,mmu      ] GC(284) MMU: 2ms/94.9%, 5ms/98.0%, 10ms/99.0%, 20ms/99.4%, 50ms/99.8%, 100ms/99.9%
[217.832s][info][gc,marking  ] GC(284) Mark: 8 stripe(s), 1 proactive flush(es), 1 terminate flush(es), 0 completion(s), 0 continuation(s) 
[217.832s][info][gc,marking  ] GC(284) Mark Stack Usage: 32M
[217.832s][info][gc,nmethod  ] GC(284) NMethods: 650 registered, 30 unregistered
[217.832s][info][gc,metaspace] GC(284) Metaspace: 13M used, 14M committed, 1088M reserved
[217.832s][info][gc,ref      ] GC(284) Soft: 134 encountered, 0 discovered, 0 enqueued
[217.832s][info][gc,ref      ] GC(284) Weak: 621 encountered, 10 discovered, 0 enqueued
[217.832s][info][gc,ref      ] GC(284) Final: 0 encountered, 0 discovered, 0 enqueued
[217.832s][info][gc,ref      ] GC(284) Phantom: 59 encountered, 50 discovered, 0 enqueued
[217.832s][info][gc,reloc    ] GC(284) Small Pages: 223 / 446M, Empty: 412M, Relocated: 3M, In-Place: 0
[217.832s][info][gc,reloc    ] GC(284) Medium Pages: 0 / 0M, Empty: 0M, Relocated: 0M, In-Place: 0
[217.832s][info][gc,reloc    ] GC(284) Large Pages: 0 / 0M, Empty: 0M, Relocated: 0M, In-Place: 0
[217.833s][info][gc,reloc    ] GC(284) Forwarding Usage: 1M
[217.833s][info][gc,heap     ] GC(284) Min Capacity: 8M(0%)
[217.833s][info][gc,heap     ] GC(284) Max Capacity: 2048M(100%)
[217.833s][info][gc,heap     ] GC(284) Soft Max Capacity: 2048M(100%)
[217.833s][info][gc,heap     ] GC(284)                Mark Start          Mark End        Relocate Start      Relocate End           High               Low         
[217.833s][info][gc,heap     ] GC(284)  Capacity:     2048M (100%)       2048M (100%)       2048M (100%)       2048M (100%)       2048M (100%)       2048M (100%)   
[217.833s][info][gc,heap     ] GC(284)      Free:     1602M (78%)        1602M (78%)        2014M (98%)        2020M (99%)        2020M (99%)        1602M (78%)    
[217.833s][info][gc,heap     ] GC(284)      Used:      446M (22%)         446M (22%)          34M (2%)           28M (1%)          446M (22%)          28M (1%)     
[217.833s][info][gc,heap     ] GC(284)      Live:         -                 4M (0%)            4M (0%)            4M (0%)             -                  -          
[217.833s][info][gc,heap     ] GC(284) Allocated:         -                 0M (0%)            0M (0%)            1M (0%)             -                  -          
[217.833s][info][gc,heap     ] GC(284)   Garbage:         -               441M (22%)          29M (1%)           21M (1%)             -                  -          
[217.833s][info][gc,heap     ] GC(284) Reclaimed:         -                  -               412M (20%)         419M (21%)            -                  -          
[217.833s][info][gc          ] GC(284) Garbage Collection (System.gc()) 446M(22%)->28M(1%)
[218.425s][info][gc,start    ] GC(285) Garbage Collection (Allocation Rate)
[218.425s][info][gc,task     ] GC(285) Using 2 workers
[218.425s][info][gc,phases   ] GC(285) Pause Mark Start 0.011ms
[218.437s][info][gc,phases   ] GC(285) Concurrent Mark 11.798ms
[218.437s][info][gc,phases   ] GC(285) Pause Mark End 0.015ms
[218.437s][info][gc,phases   ] GC(285) Concurrent Mark Free 0.001ms
[218.474s][info][gc,phases   ] GC(285) Concurrent Process Non-Strong References 36.740ms
[218.477s][info][gc,phases   ] GC(285) Concurrent Reset Relocation Set 0.003ms
[218.481s][info][gc,phases   ] GC(285) Concurrent Select Relocation Set 3.433ms
[218.481s][info][gc,phases   ] GC(285) Pause Relocate Start 0.007ms
[218.483s][info][gc,phases   ] GC(285) Concurrent Relocate 1.631ms
[218.483s][info][gc,load     ] GC(285) Load: 0.00/0.00/0.00
[218.483s][info][gc,mmu      ] GC(285) MMU: 2ms/94.9%, 5ms/98.0%, 10ms/99.0%, 20ms/99.4%, 50ms/99.8%, 100ms/99.9%
[218.483s][info][gc,marking  ] GC(285) Mark: 2 stripe(s), 2 proactive flush(es), 1 terminate flush(es), 0 completion(s), 0 continuation(s) 
[218.483s][info][gc,marking  ] GC(285) Mark Stack Usage: 32M
[218.483s][info][gc,nmethod  ] GC(285) NMethods: 651 registered, 30 unregistered
[218.483s][info][gc,metaspace] GC(285) Metaspace: 13M used, 14M committed, 1088M reserved
[218.483s][info][gc,ref      ] GC(285) Soft: 134 encountered, 0 discovered, 0 enqueued
[218.483s][info][gc,ref      ] GC(285) Weak: 717 encountered, 448 discovered, 0 enqueued
[218.483s][info][gc,ref      ] GC(285) Final: 0 encountered, 0 discovered, 0 enqueued
[218.483s][info][gc,ref      ] GC(285) Phantom: 59 encountered, 40 discovered, 0 enqueued
[218.483s][info][gc,reloc    ] GC(285) Small Pages: 537 / 1074M, Empty: 966M, Relocated: 3M, In-Place: 0
[218.483s][info][gc,reloc    ] GC(285) Medium Pages: 0 / 0M, Empty: 0M, Relocated: 0M, In-Place: 0
[218.483s][info][gc,reloc    ] GC(285) Large Pages: 0 / 0M, Empty: 0M, Relocated: 0M, In-Place: 0
[218.483s][info][gc,reloc    ] GC(285) Forwarding Usage: 0M
[218.483s][info][gc,heap     ] GC(285) Min Capacity: 8M(0%)
[218.483s][info][gc,heap     ] GC(285) Max Capacity: 2048M(100%)
[218.483s][info][gc,heap     ] GC(285) Soft Max Capacity: 2048M(100%)
[218.483s][info][gc,heap     ] GC(285)                Mark Start          Mark End        Relocate Start      Relocate End           High               Low         
[218.483s][info][gc,heap     ] GC(285)  Capacity:     2048M (100%)       2048M (100%)       2048M (100%)       2048M (100%)       2048M (100%)       2048M (100%)   
[218.483s][info][gc,heap     ] GC(285)      Free:      974M (48%)         948M (46%)        1838M (90%)        1930M (94%)        1930M (94%)         876M (43%)    
[218.483s][info][gc,heap     ] GC(285)      Used:     1074M (52%)        1100M (54%)         210M (10%)         118M (6%)         1172M (57%)         118M (6%)     
[218.483s][info][gc,heap     ] GC(285)      Live:         -                 7M (0%)            7M (0%)            7M (0%)             -                  -          
[218.483s][info][gc,heap     ] GC(285) Allocated:         -                26M (1%)          102M (5%)          106M (5%)             -                  -          
[218.483s][info][gc,heap     ] GC(285)   Garbage:         -              1066M (52%)         100M (5%)            4M (0%)             -                  -          
[218.483s][info][gc,heap     ] GC(285) Reclaimed:         -                  -               966M (47%)        1062M (52%)            -                  -          
[218.483s][info][gc          ] GC(285) Garbage Collection (Allocation Rate) 1074M(52%)->118M(6%)
[219.324s][info][gc,start    ] GC(286) Garbage Collection (Allocation Rate)
[219.324s][info][gc,task     ] GC(286) Using 2 workers
[219.390s][info][gc,phases   ] GC(286) Pause Mark Start 0.017ms
[219.407s][info][gc,phases   ] GC(286) Concurrent Mark 16.294ms
[219.407s][info][gc,phases   ] GC(286) Pause Mark End 0.055ms
[219.407s][info][gc,phases   ] GC(286) Concurrent Mark Free 0.002ms
[219.458s][info][gc,phases   ] GC(286) Concurrent Process Non-Strong References 50.294ms
[219.458s][info][gc,phases   ] GC(286) Concurrent Reset Relocation Set 0.008ms
[219.461s][info][gc,phases   ] GC(286) Concurrent Select Relocation Set 3.188ms
[219.461s][info][gc,phases   ] GC(286) Pause Relocate Start 0.008ms
[219.463s][info][gc,phases   ] GC(286) Concurrent Relocate 1.483ms
[219.463s][info][gc,load     ] GC(286) Load: 0.00/0.00/0.00
[219.463s][info][gc,mmu      ] GC(286) MMU: 2ms/94.9%, 5ms/98.0%, 10ms/99.0%, 20ms/99.4%, 50ms/99.8%, 100ms/99.9%
[219.463s][info][gc,marking  ] GC(286) Mark: 2 stripe(s), 2 proactive flush(es), 1 terminate flush(es), 1 completion(s), 0 continuation(s) 
[219.463s][info][gc,marking  ] GC(286) Mark Stack Usage: 32M
[219.463s][info][gc,nmethod  ] GC(286) NMethods: 651 registered, 30 unregistered
[219.463s][info][gc,metaspace] GC(286) Metaspace: 13M used, 14M committed, 1088M reserved
[219.463s][info][gc,ref      ] GC(286) Soft: 134 encountered, 0 discovered, 0 enqueued
[219.463s][info][gc,ref      ] GC(286) Weak: 717 encountered, 245 discovered, 0 enqueued
[219.463s][info][gc,ref      ] GC(286) Final: 0 encountered, 0 discovered, 0 enqueued
[219.463s][info][gc,ref      ] GC(286) Phantom: 59 encountered, 44 discovered, 0 enqueued
[219.463s][info][gc,reloc    ] GC(286) Small Pages: 685 / 1370M, Empty: 1254M, Relocated: 1M, In-Place: 0
[219.463s][info][gc,reloc    ] GC(286) Medium Pages: 0 / 0M, Empty: 0M, Relocated: 0M, In-Place: 0
[219.463s][info][gc,reloc    ] GC(286) Large Pages: 0 / 0M, Empty: 0M, Relocated: 0M, In-Place: 0
[219.463s][info][gc,reloc    ] GC(286) Forwarding Usage: 0M
[219.463s][info][gc,heap     ] GC(286) Min Capacity: 8M(0%)
[219.463s][info][gc,heap     ] GC(286) Max Capacity: 2048M(100%)
[219.463s][info][gc,heap     ] GC(286) Soft Max Capacity: 2048M(100%)
[219.463s][info][gc,heap     ] GC(286)                Mark Start          Mark End        Relocate Start      Relocate End           High               Low         
[219.463s][info][gc,heap     ] GC(286)  Capacity:     2048M (100%)       2048M (100%)       2048M (100%)       2048M (100%)       2048M (100%)       2048M (100%)   
[219.463s][info][gc,heap     ] GC(286)      Free:      678M (33%)         652M (32%)        1832M (89%)        1934M (94%)        1934M (94%)         582M (28%)    
[219.463s][info][gc,heap     ] GC(286)      Used:     1370M (67%)        1396M (68%)         216M (11%)         114M (6%)         1466M (72%)         114M (6%)     
[219.463s][info][gc,heap     ] GC(286)      Live:         -                 7M (0%)            7M (0%)            7M (0%)             -                  -          
[219.463s][info][gc,heap     ] GC(286) Allocated:         -                26M (1%)          100M (5%)          101M (5%)             -                  -          
[219.463s][info][gc,heap     ] GC(286)   Garbage:         -              1362M (67%)         108M (5%)            4M (0%)             -                  -          
[219.463s][info][gc,heap     ] GC(286) Reclaimed:         -                  -              1254M (61%)        1357M (66%)            -                  -          
[219.463s][info][gc          ] GC(286) Garbage Collection (Allocation Rate) 1370M(67%)->114M(6%)
[220.025s][info][gc,start    ] GC(287) Garbage Collection (Allocation Rate)
[220.025s][info][gc,task     ] GC(287) Using 1 workers
[220.025s][info][gc,phases   ] GC(287) Pause Mark Start 0.010ms
[220.039s][info][gc,phases   ] GC(287) Concurrent Mark 14.050ms
[220.039s][info][gc,phases   ] GC(287) Pause Mark End 0.015ms
[220.039s][info][gc,phases   ] GC(287) Concurrent Mark Free 0.001ms
[220.112s][info][gc,phases   ] GC(287) Concurrent Process Non-Strong References 72.627ms
[220.112s][info][gc,phases   ] GC(287) Concurrent Reset Relocation Set 0.008ms
[220.115s][info][gc,phases   ] GC(287) Concurrent Select Relocation Set 3.247ms
[220.115s][info][gc,phases   ] GC(287) Pause Relocate Start 0.007ms
[220.117s][info][gc,phases   ] GC(287) Concurrent Relocate 1.867ms
[220.117s][info][gc,load     ] GC(287) Load: 0.00/0.00/0.00
[220.117s][info][gc,mmu      ] GC(287) MMU: 2ms/94.9%, 5ms/98.0%, 10ms/99.0%, 20ms/99.4%, 50ms/99.8%, 100ms/99.9%
[220.118s][info][gc,marking  ] GC(287) Mark: 1 stripe(s), 2 proactive flush(es), 1 terminate flush(es), 0 completion(s), 0 continuation(s) 
[220.118s][info][gc,marking  ] GC(287) Mark Stack Usage: 32M
[220.118s][info][gc,nmethod  ] GC(287) NMethods: 651 registered, 30 unregistered
[220.118s][info][gc,metaspace] GC(287) Metaspace: 13M used, 14M committed, 1088M reserved
[220.118s][info][gc,ref      ] GC(287) Soft: 134 encountered, 0 discovered, 0 enqueued
[220.118s][info][gc,ref      ] GC(287) Weak: 717 encountered, 453 discovered, 0 enqueued
[220.118s][info][gc,ref      ] GC(287) Final: 0 encountered, 0 discovered, 0 enqueued
[220.118s][info][gc,ref      ] GC(287) Phantom: 59 encountered, 41 discovered, 0 enqueued
[220.118s][info][gc,reloc    ] GC(287) Small Pages: 463 / 926M, Empty: 832M, Relocated: 1M, In-Place: 0
[220.118s][info][gc,reloc    ] GC(287) Medium Pages: 0 / 0M, Empty: 0M, Relocated: 0M, In-Place: 0
[220.118s][info][gc,reloc    ] GC(287) Large Pages: 0 / 0M, Empty: 0M, Relocated: 0M, In-Place: 0
[220.118s][info][gc,reloc    ] GC(287) Forwarding Usage: 0M
[220.118s][info][gc,heap     ] GC(287) Min Capacity: 8M(0%)
[220.118s][info][gc,heap     ] GC(287) Max Capacity: 2048M(100%)
[220.118s][info][gc,heap     ] GC(287) Soft Max Capacity: 2048M(100%)
[220.118s][info][gc,heap     ] GC(287)                Mark Start          Mark End        Relocate Start      Relocate End           High               Low         
[220.118s][info][gc,heap     ] GC(287)  Capacity:     2048M (100%)       2048M (100%)       2048M (100%)       2048M (100%)       2048M (100%)       2048M (100%)   
[220.118s][info][gc,heap     ] GC(287)      Free:     1122M (55%)        1096M (54%)        1820M (89%)        1902M (93%)        1902M (93%)         994M (49%)    
[220.118s][info][gc,heap     ] GC(287)      Used:      926M (45%)         952M (46%)         228M (11%)         146M (7%)         1054M (51%)         146M (7%)     
[220.118s][info][gc,heap     ] GC(287)      Live:         -                 7M (0%)            7M (0%)            7M (0%)             -                  -          
[220.118s][info][gc,heap     ] GC(287) Allocated:         -                26M (1%)          134M (7%)          135M (7%)             -                  -          
[220.118s][info][gc,heap     ] GC(287)   Garbage:         -               918M (45%)          86M (4%)            2M (0%)             -                  -          
[220.118s][info][gc,heap     ] GC(287) Reclaimed:         -                  -               832M (41%)         915M (45%)            -                  -          
[220.118s][info][gc          ] GC(287) Garbage Collection (Allocation Rate) 926M(45%)->146M(7%)
[220.126s][info][gc,stats    ] === Garbage Collection Statistics =======================================================================================================================
[220.126s][info][gc,stats    ]                                                              Last 10s              Last 10m              Last 10h                Total
[220.126s][info][gc,stats    ]                                                              Avg / Max             Avg / Max             Avg / Max             Avg / Max
[220.126s][info][gc,stats    ]   Collector: Garbage Collection Cycle                     89.870 / 272.594      75.456 / 273.863      75.456 / 273.863      75.456 / 273.863     ms
[220.126s][info][gc,stats    ]  Contention: Mark Segment Reset Contention                     0 / 5                 0 / 11                0 / 11                0 / 11          ops/s
[220.126s][info][gc,stats    ]  Contention: Mark SeqNum Reset Contention                      0 / 1                 0 / 2                 0 / 2                 0 / 2           ops/s
[220.126s][info][gc,stats    ]    Critical: Allocation Stall                                  3 / 31                0 / 43                0 / 43                0 / 43          ops/s
[220.126s][info][gc,stats    ]    Critical: Allocation Stall                              1.819 / 3.540        23.670 / 55.638       23.670 / 55.638       23.670 / 55.638      ms
[220.126s][info][gc,stats    ]    Critical: GC Locker Stall                                   0 / 0                 0 / 0                 0 / 0                 0 / 0           ops/s
[220.126s][info][gc,stats    ]    Critical: GC Locker Stall                               0.000 / 0.000         0.000 / 0.000         0.000 / 0.000         0.000 / 0.000       ms
[220.126s][info][gc,stats    ]    Critical: Relocation Stall                                  0 / 0                 0 / 0                 0 / 0                 0 / 0           ops/s
[220.126s][info][gc,stats    ]    Critical: Relocation Stall                              0.000 / 0.000         0.000 / 0.000         0.000 / 0.000         0.000 / 0.000       ms
[220.126s][info][gc,stats    ]      Memory: Allocation Rate                                1811 / 1982           1868 / 2242           1868 / 2242           1868 / 2242        MB/s
[220.126s][info][gc,stats    ]      Memory: Defragment                                        0 / 0                 0 / 0                 0 / 0                 0 / 0           ops/s
[220.126s][info][gc,stats    ]      Memory: Out Of Memory                                     0 / 0                 0 / 0                 0 / 0                 0 / 0           ops/s
[220.126s][info][gc,stats    ]      Memory: Page Cache Flush                                  0 / 0                 0 / 0                 0 / 0                 0 / 0           MB/s
[220.126s][info][gc,stats    ]      Memory: Page Cache Hit L1                               910 / 992             933 / 1124            933 / 1124            933 / 1124        ops/s
[220.126s][info][gc,stats    ]      Memory: Page Cache Hit L2                                 0 / 0                 0 / 0                 0 / 0                 0 / 0           ops/s
[220.126s][info][gc,stats    ]      Memory: Page Cache Hit L3                                 0 / 0                 4 / 449               4 / 449               4 / 449         ops/s
[220.126s][info][gc,stats    ]      Memory: Page Cache Miss                                   0 / 0                 0 / 1                 0 / 1                 0 / 1           ops/s
[220.126s][info][gc,stats    ]      Memory: Uncommit                                          0 / 0                 0 / 0                 0 / 0                 0 / 0           MB/s
[220.126s][info][gc,stats    ]      Memory: Undo Object Allocation Failed                    21 / 98               24 / 141              24 / 141              24 / 141         ops/s
[220.126s][info][gc,stats    ]      Memory: Undo Object Allocation Succeeded                  2 / 12                2 / 21                2 / 21                2 / 21          ops/s
[220.126s][info][gc,stats    ]      Memory: Undo Page Allocation                             62 / 92               66 / 221              66 / 221              66 / 221         ops/s
[220.126s][info][gc,stats    ]       Phase: Concurrent Mark                              24.037 / 183.956      15.514 / 212.397      15.514 / 212.397      15.514 / 212.397     ms
[220.126s][info][gc,stats    ]       Phase: Concurrent Mark Continue                      0.000 / 0.000         0.000 / 0.000         0.000 / 0.000         0.000 / 0.000       ms
[220.126s][info][gc,stats    ]       Phase: Concurrent Mark Free                          0.001 / 0.002         0.001 / 0.002         0.001 / 0.002         0.001 / 0.002       ms
[220.126s][info][gc,stats    ]       Phase: Concurrent Process Non-Strong References     54.838 / 87.373       47.332 / 242.741      47.332 / 242.741      47.332 / 242.741     ms
[220.127s][info][gc,stats    ]       Phase: Concurrent Relocate                           1.033 / 2.243         1.515 / 5.770         1.515 / 5.770         1.515 / 5.770       ms
[220.127s][info][gc,stats    ]       Phase: Concurrent Reset Relocation Set               0.006 / 0.010         0.006 / 0.011         0.006 / 0.011         0.006 / 0.011       ms
[220.127s][info][gc,stats    ]       Phase: Concurrent Select Relocation Set              4.045 / 5.073         4.424 / 14.014        4.424 / 14.014        4.424 / 14.014      ms
[220.127s][info][gc,stats    ]       Phase: Pause Mark End                                0.018 / 0.055         0.017 / 0.102         0.017 / 0.102         0.017 / 0.102       ms
[220.127s][info][gc,stats    ]       Phase: Pause Mark Start                              0.014 / 0.039         0.012 / 0.049         0.012 / 0.049         0.012 / 0.049       ms
[220.127s][info][gc,stats    ]       Phase: Pause Relocate Start                          0.007 / 0.010         0.007 / 0.020         0.007 / 0.020         0.007 / 0.020       ms
[220.127s][info][gc,stats    ]    Subphase: Concurrent Classes Purge                      0.006 / 0.020         0.045 / 5.454         0.045 / 5.454         0.045 / 5.454       ms
[220.127s][info][gc,stats    ]    Subphase: Concurrent Classes Unlink                     0.854 / 1.428         3.648 / 10.160        3.648 / 10.160        3.648 / 10.160      ms
[220.127s][info][gc,stats    ]    Subphase: Concurrent Mark                              10.911 / 183.001       9.998 / 211.109       9.998 / 211.109       9.998 / 211.109     ms
[220.127s][info][gc,stats    ]    Subphase: Concurrent Mark Try Flush                     4.258 / 170.436       0.536 / 193.285       0.536 / 193.285       0.536 / 193.285     ms
[220.127s][info][gc,stats    ]    Subphase: Concurrent Mark Try Terminate                 2.422 / 11.224        2.289 / 16.632        2.289 / 16.632        2.289 / 16.632      ms
[220.127s][info][gc,stats    ]    Subphase: Concurrent References Enqueue                 0.000 / 0.001         0.001 / 0.006         0.001 / 0.006         0.001 / 0.006       ms
[220.127s][info][gc,stats    ]    Subphase: Concurrent References Process                 0.094 / 0.176         0.102 / 0.206         0.102 / 0.206         0.102 / 0.206       ms
[220.127s][info][gc,stats    ]    Subphase: Concurrent Roots ClassLoaderDataGraph         0.085 / 0.617         0.112 / 1.252         0.112 / 1.252         0.112 / 1.252       ms
[220.127s][info][gc,stats    ]    Subphase: Concurrent Roots CodeCache                    0.000 / 0.000         0.000 / 0.000         0.000 / 0.000         0.000 / 0.000       ms
[220.127s][info][gc,stats    ]    Subphase: Concurrent Roots JavaThreads                  0.231 / 1.032         0.325 / 1.791         0.325 / 1.791         0.325 / 1.791       ms
[220.127s][info][gc,stats    ]    Subphase: Concurrent Roots OopStorageSet                0.028 / 0.077         0.047 / 0.778         0.047 / 0.778         0.047 / 0.778       ms
[220.127s][info][gc,stats    ]    Subphase: Concurrent Weak Roots OopStorageSet          23.136 / 85.573       19.011 / 89.038       19.011 / 89.038       19.011 / 89.038      ms
[220.127s][info][gc,stats    ]    Subphase: Pause Mark Try Complete                       0.003 / 0.004         0.002 / 0.006         0.002 / 0.006         0.002 / 0.006       ms
[220.127s][info][gc,stats    ]      System: Java Threads                                     52 / 60               55 / 73               55 / 73               55 / 73          threads
[220.127s][info][gc,stats    ] =========================================================================================================================================================
[220.924s][info][gc,start    ] GC(288) Garbage Collection (Allocation Rate)
[220.924s][info][gc,task     ] GC(288) Using 1 workers
[220.925s][info][gc,phases   ] GC(288) Pause Mark Start 0.011ms
[220.940s][info][gc,phases   ] GC(288) Concurrent Mark 15.456ms
[220.940s][info][gc,phases   ] GC(288) Pause Mark End 0.014ms
[220.940s][info][gc,phases   ] GC(288) Concurrent Mark Free 0.001ms
[221.016s][info][gc,phases   ] GC(288) Concurrent Process Non-Strong References 75.190ms
[221.016s][info][gc,phases   ] GC(288) Concurrent Reset Relocation Set 0.007ms
[221.020s][info][gc,phases   ] GC(288) Concurrent Select Relocation Set 4.328ms
[221.020s][info][gc,phases   ] GC(288) Pause Relocate Start 0.008ms
[221.022s][info][gc,phases   ] GC(288) Concurrent Relocate 1.443ms
[221.022s][info][gc,load     ] GC(288) Load: 0.00/0.00/0.00
[221.022s][info][gc,mmu      ] GC(288) MMU: 2ms/94.9%, 5ms/98.0%, 10ms/99.0%, 20ms/99.4%, 50ms/99.8%, 100ms/99.9%
[221.022s][info][gc,marking  ] GC(288) Mark: 1 stripe(s), 2 proactive flush(es), 1 terminate flush(es), 0 completion(s), 0 continuation(s) 
[221.022s][info][gc,marking  ] GC(288) Mark Stack Usage: 32M
[221.022s][info][gc,nmethod  ] GC(288) NMethods: 651 registered, 30 unregistered
[221.022s][info][gc,metaspace] GC(288) Metaspace: 13M used, 14M committed, 1088M reserved
[221.022s][info][gc,ref      ] GC(288) Soft: 134 encountered, 0 discovered, 0 enqueued
[221.022s][info][gc,ref      ] GC(288) Weak: 717 encountered, 453 discovered, 0 enqueued
[221.022s][info][gc,ref      ] GC(288) Final: 0 encountered, 0 discovered, 0 enqueued
[221.022s][info][gc,ref      ] GC(288) Phantom: 59 encountered, 41 discovered, 0 enqueued
[221.022s][info][gc,reloc    ] GC(288) Small Pages: 673 / 1346M, Empty: 1232M, Relocated: 1M, In-Place: 0
[221.022s][info][gc,reloc    ] GC(288) Medium Pages: 0 / 0M, Empty: 0M, Relocated: 0M, In-Place: 0
[221.022s][info][gc,reloc    ] GC(288) Large Pages: 0 / 0M, Empty: 0M, Relocated: 0M, In-Place: 0
[221.022s][info][gc,reloc    ] GC(288) Forwarding Usage: 0M
[221.022s][info][gc,heap     ] GC(288) Min Capacity: 8M(0%)
[221.022s][info][gc,heap     ] GC(288) Max Capacity: 2048M(100%)
[221.022s][info][gc,heap     ] GC(288) Soft Max Capacity: 2048M(100%)
[221.022s][info][gc,heap     ] GC(288)                Mark Start          Mark End        Relocate Start      Relocate End           High               Low         
[221.022s][info][gc,heap     ] GC(288)  Capacity:     2048M (100%)       2048M (100%)       2048M (100%)       2048M (100%)       2048M (100%)       2048M (100%)   
[221.022s][info][gc,heap     ] GC(288)      Free:      702M (34%)         672M (33%)        1784M (87%)        1886M (92%)        1886M (92%)         560M (27%)    
[221.022s][info][gc,heap     ] GC(288)      Used:     1346M (66%)        1376M (67%)         264M (13%)         162M (8%)         1488M (73%)         162M (8%)     
[221.022s][info][gc,heap     ] GC(288)      Live:         -                 7M (0%)            7M (0%)            7M (0%)             -                  -          
[221.022s][info][gc,heap     ] GC(288) Allocated:         -                30M (1%)          150M (7%)          151M (7%)             -                  -          
[221.022s][info][gc,heap     ] GC(288)   Garbage:         -              1338M (65%)         106M (5%)            2M (0%)             -                  -          
[221.022s][info][gc,heap     ] GC(288) Reclaimed:         -                  -              1232M (60%)        1335M (65%)            -                  -          
[221.022s][info][gc          ] GC(288) Garbage Collection (Allocation Rate) 1346M(66%)->162M(8%)
[221.925s][info][gc,start    ] GC(289) Garbage Collection (Allocation Rate)
[221.925s][info][gc,task     ] GC(289) Using 1 workers
[221.925s][info][gc,phases   ] GC(289) Pause Mark Start 0.015ms
[221.940s][info][gc,phases   ] GC(289) Concurrent Mark 14.933ms
[221.940s][info][gc,phases   ] GC(289) Pause Mark End 0.016ms
[221.940s][info][gc,phases   ] GC(289) Concurrent Mark Free 0.001ms
[222.016s][info][gc,phases   ] GC(289) Concurrent Process Non-Strong References 75.983ms
[222.016s][info][gc,phases   ] GC(289) Concurrent Reset Relocation Set 0.005ms
[222.021s][info][gc,phases   ] GC(289) Concurrent Select Relocation Set 4.669ms
[222.021s][info][gc,phases   ] GC(289) Pause Relocate Start 0.008ms
[222.023s][info][gc,phases   ] GC(289) Concurrent Relocate 1.460ms
[222.023s][info][gc,load     ] GC(289) Load: 0.00/0.00/0.00
[222.023s][info][gc,mmu      ] GC(289) MMU: 2ms/94.9%, 5ms/98.0%, 10ms/99.0%, 20ms/99.4%, 50ms/99.8%, 100ms/99.9%
[222.023s][info][gc,marking  ] GC(289) Mark: 1 stripe(s), 2 proactive flush(es), 1 terminate flush(es), 0 completion(s), 0 continuation(s) 
[222.023s][info][gc,marking  ] GC(289) Mark Stack Usage: 32M
[222.023s][info][gc,nmethod  ] GC(289) NMethods: 651 registered, 30 unregistered
[222.023s][info][gc,metaspace] GC(289) Metaspace: 13M used, 14M committed, 1088M reserved
[222.023s][info][gc,ref      ] GC(289) Soft: 134 encountered, 0 discovered, 0 enqueued
[222.023s][info][gc,ref      ] GC(289) Weak: 717 encountered, 453 discovered, 0 enqueued
[222.023s][info][gc,ref      ] GC(289) Final: 0 encountered, 0 discovered, 0 enqueued
[222.023s][info][gc,ref      ] GC(289) Phantom: 59 encountered, 41 discovered, 0 enqueued
[222.023s][info][gc,reloc    ] GC(289) Small Pages: 752 / 1504M, Empty: 1380M, Relocated: 1M, In-Place: 0
[222.023s][info][gc,reloc    ] GC(289) Medium Pages: 0 / 0M, Empty: 0M, Relocated: 0M, In-Place: 0
[222.023s][info][gc,reloc    ] GC(289) Large Pages: 0 / 0M, Empty: 0M, Relocated: 0M, In-Place: 0
[222.023s][info][gc,reloc    ] GC(289) Forwarding Usage: 0M
[222.023s][info][gc,heap     ] GC(289) Min Capacity: 8M(0%)
[222.023s][info][gc,heap     ] GC(289) Max Capacity: 2048M(100%)
[222.023s][info][gc,heap     ] GC(289) Soft Max Capacity: 2048M(100%)
[222.023s][info][gc,heap     ] GC(289)                Mark Start          Mark End        Relocate Start      Relocate End           High               Low         
[222.023s][info][gc,heap     ] GC(289)  Capacity:     2048M (100%)       2048M (100%)       2048M (100%)       2048M (100%)       2048M (100%)       2048M (100%)   
[222.023s][info][gc,heap     ] GC(289)      Free:      544M (27%)         516M (25%)        1774M (87%)        1886M (92%)        1886M (92%)         400M (20%)    
[222.023s][info][gc,heap     ] GC(289)      Used:     1504M (73%)        1532M (75%)         274M (13%)         162M (8%)         1648M (80%)         162M (8%)     
[222.023s][info][gc,heap     ] GC(289)      Live:         -                 7M (0%)            7M (0%)            7M (0%)             -                  -          
[222.023s][info][gc,heap     ] GC(289) Allocated:         -                28M (1%)          150M (7%)          151M (7%)             -                  -          
[222.023s][info][gc,heap     ] GC(289)   Garbage:         -              1496M (73%)         116M (6%)            2M (0%)             -                  -          
[222.023s][info][gc,heap     ] GC(289) Reclaimed:         -                  -              1380M (67%)        1493M (73%)            -                  -          
[222.023s][info][gc          ] GC(289) Garbage Collection (Allocation Rate) 1504M(73%)->162M(8%)
[223.025s][info][gc,start    ] GC(290) Garbage Collection (Allocation Rate)
[223.026s][info][gc,task     ] GC(290) Using 1 workers
[223.026s][info][gc,phases   ] GC(290) Pause Mark Start 0.012ms
[223.041s][info][gc,phases   ] GC(290) Concurrent Mark 14.933ms
[223.041s][info][gc,phases   ] GC(290) Pause Mark End 0.014ms
[223.041s][info][gc,phases   ] GC(290) Concurrent Mark Free 0.001ms
[223.116s][info][gc,phases   ] GC(290) Concurrent Process Non-Strong References 74.890ms
[223.116s][info][gc,phases   ] GC(290) Concurrent Reset Relocation Set 0.006ms
[223.120s][info][gc,phases   ] GC(290) Concurrent Select Relocation Set 3.869ms
[223.120s][info][gc,phases   ] GC(290) Pause Relocate Start 0.008ms
[223.123s][info][gc,phases   ] GC(290) Concurrent Relocate 3.118ms
[223.123s][info][gc,load     ] GC(290) Load: 0.00/0.00/0.00
[223.123s][info][gc,mmu      ] GC(290) MMU: 2ms/94.9%, 5ms/98.0%, 10ms/99.0%, 20ms/99.4%, 50ms/99.8%, 100ms/99.9%
[223.123s][info][gc,marking  ] GC(290) Mark: 1 stripe(s), 2 proactive flush(es), 1 terminate flush(es), 0 completion(s), 0 continuation(s) 
[223.123s][info][gc,marking  ] GC(290) Mark Stack Usage: 32M
[223.123s][info][gc,nmethod  ] GC(290) NMethods: 651 registered, 30 unregistered
[223.123s][info][gc,metaspace] GC(290) Metaspace: 13M used, 14M committed, 1088M reserved
[223.123s][info][gc,ref      ] GC(290) Soft: 134 encountered, 0 discovered, 0 enqueued
[223.123s][info][gc,ref      ] GC(290) Weak: 717 encountered, 453 discovered, 0 enqueued
[223.123s][info][gc,ref      ] GC(290) Final: 0 encountered, 0 discovered, 0 enqueued
[223.123s][info][gc,ref      ] GC(290) Phantom: 59 encountered, 41 discovered, 0 enqueued
[223.123s][info][gc,reloc    ] GC(290) Small Pages: 817 / 1634M, Empty: 1498M, Relocated: 1M, In-Place: 0
[223.123s][info][gc,reloc    ] GC(290) Medium Pages: 0 / 0M, Empty: 0M, Relocated: 0M, In-Place: 0
[223.123s][info][gc,reloc    ] GC(290) Large Pages: 0 / 0M, Empty: 0M, Relocated: 0M, In-Place: 0
[223.124s][info][gc,reloc    ] GC(290) Forwarding Usage: 0M
[223.124s][info][gc,heap     ] GC(290) Min Capacity: 8M(0%)
[223.124s][info][gc,heap     ] GC(290) Max Capacity: 2048M(100%)
[223.124s][info][gc,heap     ] GC(290) Soft Max Capacity: 2048M(100%)
[223.124s][info][gc,heap     ] GC(290)                Mark Start          Mark End        Relocate Start      Relocate End           High               Low         
[223.124s][info][gc,heap     ] GC(290)  Capacity:     2048M (100%)       2048M (100%)       2048M (100%)       2048M (100%)       2048M (100%)       2048M (100%)   
[223.124s][info][gc,heap     ] GC(290)      Free:      414M (20%)         388M (19%)        1772M (87%)        1894M (92%)        1896M (93%)         280M (14%)    
[223.124s][info][gc,heap     ] GC(290)      Used:     1634M (80%)        1660M (81%)         276M (13%)         154M (8%)         1768M (86%)         152M (7%)     
[223.124s][info][gc,heap     ] GC(290)      Live:         -                 7M (0%)            7M (0%)            7M (0%)             -                  -          
[223.124s][info][gc,heap     ] GC(290) Allocated:         -                26M (1%)          140M (7%)          143M (7%)             -                  -          
[223.124s][info][gc,heap     ] GC(290)   Garbage:         -              1626M (79%)         128M (6%)            2M (0%)             -                  -          
[223.124s][info][gc,heap     ] GC(290) Reclaimed:         -                  -              1498M (73%)        1623M (79%)            -                  -          
[223.124s][info][gc          ] GC(290) Garbage Collection (Allocation Rate) 1634M(80%)->154M(8%)
[224.125s][info][gc,start    ] GC(291) Garbage Collection (Allocation Rate)
[224.125s][info][gc,task     ] GC(291) Using 1 workers
[224.125s][info][gc,phases   ] GC(291) Pause Mark Start 0.010ms
[224.142s][info][gc,phases   ] GC(291) Concurrent Mark 16.870ms
[224.142s][info][gc,phases   ] GC(291) Pause Mark End 0.015ms
[224.142s][info][gc,phases   ] GC(291) Concurrent Mark Free 0.001ms
[224.221s][info][gc,phases   ] GC(291) Concurrent Process Non-Strong References 79.343ms
[224.221s][info][gc,phases   ] GC(291) Concurrent Reset Relocation Set 0.005ms
[224.225s][info][gc,phases   ] GC(291) Concurrent Select Relocation Set 3.481ms
[224.225s][info][gc,phases   ] GC(291) Pause Relocate Start 0.007ms
[224.228s][info][gc,phases   ] GC(291) Concurrent Relocate 2.350ms
[224.228s][info][gc,load     ] GC(291) Load: 0.00/0.00/0.00
[224.228s][info][gc,mmu      ] GC(291) MMU: 2ms/94.9%, 5ms/98.0%, 10ms/99.0%, 20ms/99.4%, 50ms/99.8%, 100ms/99.9%
[224.228s][info][gc,marking  ] GC(291) Mark: 1 stripe(s), 2 proactive flush(es), 1 terminate flush(es), 0 completion(s), 0 continuation(s) 
[224.228s][info][gc,marking  ] GC(291) Mark Stack Usage: 32M
[224.228s][info][gc,nmethod  ] GC(291) NMethods: 651 registered, 30 unregistered
[224.228s][info][gc,metaspace] GC(291) Metaspace: 13M used, 14M committed, 1088M reserved
[224.228s][info][gc,ref      ] GC(291) Soft: 134 encountered, 0 discovered, 0 enqueued
[224.228s][info][gc,ref      ] GC(291) Weak: 717 encountered, 453 discovered, 0 enqueued
[224.228s][info][gc,ref      ] GC(291) Final: 0 encountered, 0 discovered, 0 enqueued
[224.228s][info][gc,ref      ] GC(291) Phantom: 59 encountered, 41 discovered, 0 enqueued
[224.228s][info][gc,reloc    ] GC(291) Small Pages: 819 / 1638M, Empty: 1502M, Relocated: 1M, In-Place: 0
[224.228s][info][gc,reloc    ] GC(291) Medium Pages: 0 / 0M, Empty: 0M, Relocated: 0M, In-Place: 0
[224.228s][info][gc,reloc    ] GC(291) Large Pages: 0 / 0M, Empty: 0M, Relocated: 0M, In-Place: 0
[224.228s][info][gc,reloc    ] GC(291) Forwarding Usage: 0M
[224.228s][info][gc,heap     ] GC(291) Min Capacity: 8M(0%)
[224.228s][info][gc,heap     ] GC(291) Max Capacity: 2048M(100%)
[224.228s][info][gc,heap     ] GC(291) Soft Max Capacity: 2048M(100%)
[224.228s][info][gc,heap     ] GC(291)                Mark Start          Mark End        Relocate Start      Relocate End           High               Low         
[224.228s][info][gc,heap     ] GC(291)  Capacity:     2048M (100%)       2048M (100%)       2048M (100%)       2048M (100%)       2048M (100%)       2048M (100%)   
[224.228s][info][gc,heap     ] GC(291)      Free:      410M (20%)         378M (18%)        1758M (86%)        1880M (92%)        1882M (92%)         260M (13%)    
[224.228s][info][gc,heap     ] GC(291)      Used:     1638M (80%)        1670M (82%)         290M (14%)         168M (8%)         1788M (87%)         166M (8%)     
[224.228s][info][gc,heap     ] GC(291)      Live:         -                 8M (0%)            8M (0%)            8M (0%)             -                  -          
[224.228s][info][gc,heap     ] GC(291) Allocated:         -                32M (2%)          154M (8%)          157M (8%)             -                  -          
[224.228s][info][gc,heap     ] GC(291)   Garbage:         -              1629M (80%)         127M (6%)            1M (0%)             -                  -          
[224.228s][info][gc,heap     ] GC(291) Reclaimed:         -                  -              1502M (73%)        1627M (79%)            -                  -          
[224.228s][info][gc          ] GC(291) Garbage Collection (Allocation Rate) 1638M(80%)->168M(8%)
[225.225s][info][gc,start    ] GC(292) Garbage Collection (Allocation Rate)
[225.225s][info][gc,task     ] GC(292) Using 1 workers
[225.225s][info][gc,phases   ] GC(292) Pause Mark Start 0.014ms
[225.240s][info][gc,phases   ] GC(292) Concurrent Mark 14.281ms
[225.240s][info][gc,phases   ] GC(292) Pause Mark End 0.015ms
[225.240s][info][gc,phases   ] GC(292) Concurrent Mark Free 0.001ms
[225.314s][info][gc,phases   ] GC(292) Concurrent Process Non-Strong References 74.379ms
[225.315s][info][gc,phases   ] GC(292) Concurrent Reset Relocation Set 0.006ms
[225.319s][info][gc,phases   ] GC(292) Concurrent Select Relocation Set 4.297ms
[225.319s][info][gc,phases   ] GC(292) Pause Relocate Start 0.008ms
[225.322s][info][gc,phases   ] GC(292) Concurrent Relocate 2.569ms
[225.322s][info][gc,load     ] GC(292) Load: 0.00/0.00/0.00
[225.322s][info][gc,mmu      ] GC(292) MMU: 2ms/94.9%, 5ms/98.0%, 10ms/99.0%, 20ms/99.4%, 50ms/99.8%, 100ms/99.9%
[225.322s][info][gc,marking  ] GC(292) Mark: 1 stripe(s), 2 proactive flush(es), 1 terminate flush(es), 0 completion(s), 0 continuation(s) 
[225.322s][info][gc,marking  ] GC(292) Mark Stack Usage: 32M
[225.322s][info][gc,nmethod  ] GC(292) NMethods: 651 registered, 30 unregistered
[225.322s][info][gc,metaspace] GC(292) Metaspace: 13M used, 14M committed, 1088M reserved
[225.322s][info][gc,ref      ] GC(292) Soft: 134 encountered, 0 discovered, 0 enqueued
[225.322s][info][gc,ref      ] GC(292) Weak: 717 encountered, 453 discovered, 0 enqueued
[225.322s][info][gc,ref      ] GC(292) Final: 0 encountered, 0 discovered, 0 enqueued
[225.322s][info][gc,ref      ] GC(292) Phantom: 59 encountered, 41 discovered, 0 enqueued
[225.322s][info][gc,reloc    ] GC(292) Small Pages: 824 / 1648M, Empty: 1504M, Relocated: 1M, In-Place: 0
[225.322s][info][gc,reloc    ] GC(292) Medium Pages: 0 / 0M, Empty: 0M, Relocated: 0M, In-Place: 0
[225.322s][info][gc,reloc    ] GC(292) Large Pages: 0 / 0M, Empty: 0M, Relocated: 0M, In-Place: 0
[225.322s][info][gc,reloc    ] GC(292) Forwarding Usage: 0M
[225.322s][info][gc,heap     ] GC(292) Min Capacity: 8M(0%)
[225.322s][info][gc,heap     ] GC(292) Max Capacity: 2048M(100%)
[225.322s][info][gc,heap     ] GC(292) Soft Max Capacity: 2048M(100%)
[225.322s][info][gc,heap     ] GC(292)                Mark Start          Mark End        Relocate Start      Relocate End           High               Low         
[225.322s][info][gc,heap     ] GC(292)  Capacity:     2048M (100%)       2048M (100%)       2048M (100%)       2048M (100%)       2048M (100%)       2048M (100%)   
[225.322s][info][gc,heap     ] GC(292)      Free:      400M (20%)         374M (18%)        1762M (86%)        1894M (92%)        1894M (92%)         266M (13%)    
[225.322s][info][gc,heap     ] GC(292)      Used:     1648M (80%)        1674M (82%)         286M (14%)         154M (8%)         1782M (87%)         154M (8%)     
[225.322s][info][gc,heap     ] GC(292)      Live:         -                 8M (0%)            8M (0%)            8M (0%)             -                  -          
[225.322s][info][gc,heap     ] GC(292) Allocated:         -                26M (1%)          142M (7%)          143M (7%)             -                  -          
[225.322s][info][gc,heap     ] GC(292)   Garbage:         -              1639M (80%)         135M (7%)            1M (0%)             -                  -          
[225.322s][info][gc,heap     ] GC(292) Reclaimed:         -                  -              1504M (73%)        1637M (80%)            -                  -          
[225.322s][info][gc          ] GC(292) Garbage Collection (Allocation Rate) 1648M(80%)->154M(8%)
[226.325s][info][gc,start    ] GC(293) Garbage Collection (Proactive)
[226.325s][info][gc,task     ] GC(293) Using 12 workers
[226.325s][info][gc,phases   ] GC(293) Pause Mark Start 0.012ms
[226.329s][info][gc,phases   ] GC(293) Concurrent Mark 3.619ms
[226.329s][info][gc,phases   ] GC(293) Pause Mark End 0.017ms
[226.329s][info][gc,phases   ] GC(293) Concurrent Mark Free 0.001ms
[226.337s][info][gc,phases   ] GC(293) Concurrent Process Non-Strong References 7.660ms
[226.337s][info][gc,phases   ] GC(293) Concurrent Reset Relocation Set 0.007ms
[226.341s][info][gc,phases   ] GC(293) Concurrent Select Relocation Set 4.409ms
[226.342s][info][gc,phases   ] GC(293) Pause Relocate Start 0.006ms
[226.342s][info][gc,phases   ] GC(293) Concurrent Relocate 0.150ms
[226.342s][info][gc,load     ] GC(293) Load: 0.00/0.00/0.00
[226.342s][info][gc,mmu      ] GC(293) MMU: 2ms/94.9%, 5ms/98.0%, 10ms/99.0%, 20ms/99.4%, 50ms/99.8%, 100ms/99.9%
[226.342s][info][gc,marking  ] GC(293) Mark: 8 stripe(s), 2 proactive flush(es), 1 terminate flush(es), 0 completion(s), 0 continuation(s) 
[226.342s][info][gc,marking  ] GC(293) Mark Stack Usage: 32M
[226.342s][info][gc,nmethod  ] GC(293) NMethods: 651 registered, 30 unregistered
[226.342s][info][gc,metaspace] GC(293) Metaspace: 13M used, 14M committed, 1088M reserved
[226.342s][info][gc,ref      ] GC(293) Soft: 134 encountered, 0 discovered, 0 enqueued
[226.342s][info][gc,ref      ] GC(293) Weak: 717 encountered, 156 discovered, 0 enqueued
[226.342s][info][gc,ref      ] GC(293) Final: 0 encountered, 0 discovered, 0 enqueued
[226.342s][info][gc,ref      ] GC(293) Phantom: 59 encountered, 45 discovered, 0 enqueued
[226.342s][info][gc,reloc    ] GC(293) Small Pages: 814 / 1628M, Empty: 1488M, Relocated: 0M, In-Place: 0
[226.342s][info][gc,reloc    ] GC(293) Medium Pages: 0 / 0M, Empty: 0M, Relocated: 0M, In-Place: 0
[226.342s][info][gc,reloc    ] GC(293) Large Pages: 0 / 0M, Empty: 0M, Relocated: 0M, In-Place: 0
[226.342s][info][gc,reloc    ] GC(293) Forwarding Usage: 0M
[226.342s][info][gc,heap     ] GC(293) Min Capacity: 8M(0%)
[226.342s][info][gc,heap     ] GC(293) Max Capacity: 2048M(100%)
[226.342s][info][gc,heap     ] GC(293) Soft Max Capacity: 2048M(100%)
[226.342s][info][gc,heap     ] GC(293)                Mark Start          Mark End        Relocate Start      Relocate End           High               Low         
[226.342s][info][gc,heap     ] GC(293)  Capacity:     2048M (100%)       2048M (100%)       2048M (100%)       2048M (100%)       2048M (100%)       2048M (100%)   
[226.342s][info][gc,heap     ] GC(293)      Free:      420M (21%)         408M (20%)        1880M (92%)        1986M (97%)        1986M (97%)         394M (19%)    
[226.342s][info][gc,heap     ] GC(293)      Used:     1628M (79%)        1640M (80%)         168M (8%)           62M (3%)         1654M (81%)          62M (3%)     
[226.342s][info][gc,heap     ] GC(293)      Live:         -                 8M (0%)            8M (0%)            8M (0%)             -                  -          
[226.342s][info][gc,heap     ] GC(293) Allocated:         -                12M (1%)           28M (1%)           27M (1%)             -                  -          
[226.342s][info][gc,heap     ] GC(293)   Garbage:         -              1619M (79%)         131M (6%)           25M (1%)             -                  -          
[226.342s][info][gc,heap     ] GC(293) Reclaimed:         -                  -              1488M (73%)        1593M (78%)            -                  -          
[226.342s][info][gc          ] GC(293) Garbage Collection (Proactive) 1628M(79%)->62M(3%)
[227.324s][info][gc,start    ] GC(294) Garbage Collection (Allocation Rate)
[227.324s][info][gc,task     ] GC(294) Using 1 workers
[227.324s][info][gc,phases   ] GC(294) Pause Mark Start 0.009ms
[227.338s][info][gc,phases   ] GC(294) Concurrent Mark 13.282ms
[227.338s][info][gc,phases   ] GC(294) Pause Mark End 0.016ms
[227.338s][info][gc,phases   ] GC(294) Concurrent Mark Free 0.001ms
[227.413s][info][gc,phases   ] GC(294) Concurrent Process Non-Strong References 75.339ms
[227.413s][info][gc,phases   ] GC(294) Concurrent Reset Relocation Set 0.006ms
[227.418s][info][gc,phases   ] GC(294) Concurrent Select Relocation Set 4.839ms
[227.418s][info][gc,phases   ] GC(294) Pause Relocate Start 0.008ms
[227.419s][info][gc,phases   ] GC(294) Concurrent Relocate 0.360ms
[227.419s][info][gc,load     ] GC(294) Load: 0.00/0.00/0.00
[227.419s][info][gc,mmu      ] GC(294) MMU: 2ms/94.9%, 5ms/98.0%, 10ms/99.0%, 20ms/99.4%, 50ms/99.8%, 100ms/99.9%
[227.419s][info][gc,marking  ] GC(294) Mark: 1 stripe(s), 2 proactive flush(es), 1 terminate flush(es), 0 completion(s), 0 continuation(s) 
[227.419s][info][gc,marking  ] GC(294) Mark Stack Usage: 32M
[227.419s][info][gc,nmethod  ] GC(294) NMethods: 651 registered, 30 unregistered
[227.419s][info][gc,metaspace] GC(294) Metaspace: 13M used, 14M committed, 1088M reserved
[227.419s][info][gc,ref      ] GC(294) Soft: 134 encountered, 0 discovered, 0 enqueued
[227.419s][info][gc,ref      ] GC(294) Weak: 717 encountered, 453 discovered, 0 enqueued
[227.419s][info][gc,ref      ] GC(294) Final: 0 encountered, 0 discovered, 0 enqueued
[227.419s][info][gc,ref      ] GC(294) Phantom: 59 encountered, 41 discovered, 0 enqueued
[227.419s][info][gc,reloc    ] GC(294) Small Pages: 762 / 1524M, Empty: 1372M, Relocated: 0M, In-Place: 0
[227.419s][info][gc,reloc    ] GC(294) Medium Pages: 0 / 0M, Empty: 0M, Relocated: 0M, In-Place: 0
[227.419s][info][gc,reloc    ] GC(294) Large Pages: 0 / 0M, Empty: 0M, Relocated: 0M, In-Place: 0
[227.419s][info][gc,reloc    ] GC(294) Forwarding Usage: 0M
[227.419s][info][gc,heap     ] GC(294) Min Capacity: 8M(0%)
[227.419s][info][gc,heap     ] GC(294) Max Capacity: 2048M(100%)
[227.419s][info][gc,heap     ] GC(294) Soft Max Capacity: 2048M(100%)
[227.419s][info][gc,heap     ] GC(294)                Mark Start          Mark End        Relocate Start      Relocate End           High               Low         
[227.419s][info][gc,heap     ] GC(294)  Capacity:     2048M (100%)       2048M (100%)       2048M (100%)       2048M (100%)       2048M (100%)       2048M (100%)   
[227.419s][info][gc,heap     ] GC(294)      Free:      524M (26%)         498M (24%)        1750M (85%)        1890M (92%)        1890M (92%)         384M (19%)    
[227.419s][info][gc,heap     ] GC(294)      Used:     1524M (74%)        1550M (76%)         298M (15%)         158M (8%)         1664M (81%)         158M (8%)     
[227.419s][info][gc,heap     ] GC(294)      Live:         -                 8M (0%)            8M (0%)            8M (0%)             -                  -          
[227.419s][info][gc,heap     ] GC(294) Allocated:         -                26M (1%)          146M (7%)          145M (7%)             -                  -          
[227.419s][info][gc,heap     ] GC(294)   Garbage:         -              1515M (74%)         143M (7%)            3M (0%)             -                  -          
[227.419s][info][gc,heap     ] GC(294) Reclaimed:         -                  -              1372M (67%)        1511M (74%)            -                  -          
[227.419s][info][gc          ] GC(294) Garbage Collection (Allocation Rate) 1524M(74%)->158M(8%)
[228.426s][info][gc,start    ] GC(295) Garbage Collection (Allocation Rate)
[228.426s][info][gc,task     ] GC(295) Using 1 workers
[228.426s][info][gc,phases   ] GC(295) Pause Mark Start 0.010ms
[228.439s][info][gc,phases   ] GC(295) Concurrent Mark 12.487ms
[228.439s][info][gc,phases   ] GC(295) Pause Mark End 0.015ms
[228.439s][info][gc,phases   ] GC(295) Concurrent Mark Free 0.001ms
[228.510s][info][gc,phases   ] GC(295) Concurrent Process Non-Strong References 70.911ms
[228.510s][info][gc,phases   ] GC(295) Concurrent Reset Relocation Set 0.010ms
[228.514s][info][gc,phases   ] GC(295) Concurrent Select Relocation Set 4.180ms
[228.514s][info][gc,phases   ] GC(295) Pause Relocate Start 0.007ms
[228.515s][info][gc,phases   ] GC(295) Concurrent Relocate 0.379ms
[228.515s][info][gc,load     ] GC(295) Load: 0.00/0.00/0.00
[228.515s][info][gc,mmu      ] GC(295) MMU: 2ms/94.9%, 5ms/98.0%, 10ms/99.0%, 20ms/99.4%, 50ms/99.8%, 100ms/99.9%
[228.515s][info][gc,marking  ] GC(295) Mark: 1 stripe(s), 2 proactive flush(es), 1 terminate flush(es), 0 completion(s), 0 continuation(s) 
[228.515s][info][gc,marking  ] GC(295) Mark Stack Usage: 32M
[228.515s][info][gc,nmethod  ] GC(295) NMethods: 651 registered, 30 unregistered
[228.515s][info][gc,metaspace] GC(295) Metaspace: 13M used, 14M committed, 1088M reserved
[228.515s][info][gc,ref      ] GC(295) Soft: 134 encountered, 0 discovered, 0 enqueued
[228.515s][info][gc,ref      ] GC(295) Weak: 717 encountered, 453 discovered, 0 enqueued
[228.515s][info][gc,ref      ] GC(295) Final: 0 encountered, 0 discovered, 0 enqueued
[228.515s][info][gc,ref      ] GC(295) Phantom: 59 encountered, 41 discovered, 0 enqueued
[228.515s][info][gc,reloc    ] GC(295) Small Pages: 822 / 1644M, Empty: 1502M, Relocated: 0M, In-Place: 0
[228.515s][info][gc,reloc    ] GC(295) Medium Pages: 0 / 0M, Empty: 0M, Relocated: 0M, In-Place: 0
[228.515s][info][gc,reloc    ] GC(295) Large Pages: 0 / 0M, Empty: 0M, Relocated: 0M, In-Place: 0
[228.515s][info][gc,reloc    ] GC(295) Forwarding Usage: 0M
[228.515s][info][gc,heap     ] GC(295) Min Capacity: 8M(0%)
[228.515s][info][gc,heap     ] GC(295) Max Capacity: 2048M(100%)
[228.515s][info][gc,heap     ] GC(295) Soft Max Capacity: 2048M(100%)
[228.515s][info][gc,heap     ] GC(295)                Mark Start          Mark End        Relocate Start      Relocate End           High               Low         
[228.515s][info][gc,heap     ] GC(295)  Capacity:     2048M (100%)       2048M (100%)       2048M (100%)       2048M (100%)       2048M (100%)       2048M (100%)   
[228.515s][info][gc,heap     ] GC(295)      Free:      404M (20%)         378M (18%)        1780M (87%)        1910M (93%)        1910M (93%)         284M (14%)    
[228.515s][info][gc,heap     ] GC(295)      Used:     1644M (80%)        1670M (82%)         268M (13%)         138M (7%)         1764M (86%)         138M (7%)     
[228.515s][info][gc,heap     ] GC(295)      Live:         -                 8M (0%)            8M (0%)            8M (0%)             -                  -          
[228.515s][info][gc,heap     ] GC(295) Allocated:         -                26M (1%)          126M (6%)          125M (6%)             -                  -          
[228.515s][info][gc,heap     ] GC(295)   Garbage:         -              1635M (80%)         133M (7%)            3M (0%)             -                  -          
[228.515s][info][gc,heap     ] GC(295) Reclaimed:         -                  -              1502M (73%)        1631M (80%)            -                  -          
[228.515s][info][gc          ] GC(295) Garbage Collection (Allocation Rate) 1644M(80%)->138M(7%)
[229.425s][info][gc,start    ] GC(296) Garbage Collection (Proactive)
[229.425s][info][gc,task     ] GC(296) Using 12 workers
[229.425s][info][gc,phases   ] GC(296) Pause Mark Start 0.012ms
[229.429s][info][gc,phases   ] GC(296) Concurrent Mark 3.816ms
[229.429s][info][gc,phases   ] GC(296) Pause Mark End 0.016ms
[229.429s][info][gc,phases   ] GC(296) Concurrent Mark Free 0.001ms
[229.437s][info][gc,phases   ] GC(296) Concurrent Process Non-Strong References 7.960ms
[229.437s][info][gc,phases   ] GC(296) Concurrent Reset Relocation Set 0.004ms
[229.442s][info][gc,phases   ] GC(296) Concurrent Select Relocation Set 4.704ms
[229.442s][info][gc,phases   ] GC(296) Pause Relocate Start 0.007ms
[229.443s][info][gc,phases   ] GC(296) Concurrent Relocate 0.315ms
[229.443s][info][gc,load     ] GC(296) Load: 0.00/0.00/0.00
[229.443s][info][gc,mmu      ] GC(296) MMU: 2ms/94.9%, 5ms/98.0%, 10ms/99.0%, 20ms/99.4%, 50ms/99.8%, 100ms/99.9%
[229.443s][info][gc,marking  ] GC(296) Mark: 8 stripe(s), 2 proactive flush(es), 1 terminate flush(es), 0 completion(s), 0 continuation(s) 
[229.443s][info][gc,marking  ] GC(296) Mark Stack Usage: 32M
[229.443s][info][gc,nmethod  ] GC(296) NMethods: 651 registered, 30 unregistered
[229.443s][info][gc,metaspace] GC(296) Metaspace: 13M used, 14M committed, 1088M reserved
[229.443s][info][gc,ref      ] GC(296) Soft: 134 encountered, 0 discovered, 0 enqueued
[229.443s][info][gc,ref      ] GC(296) Weak: 717 encountered, 238 discovered, 0 enqueued
[229.443s][info][gc,ref      ] GC(296) Final: 0 encountered, 0 discovered, 0 enqueued
[229.443s][info][gc,ref      ] GC(296) Phantom: 59 encountered, 44 discovered, 0 enqueued
[229.443s][info][gc,reloc    ] GC(296) Small Pages: 741 / 1482M, Empty: 1356M, Relocated: 0M, In-Place: 0
[229.443s][info][gc,reloc    ] GC(296) Medium Pages: 0 / 0M, Empty: 0M, Relocated: 0M, In-Place: 0
[229.443s][info][gc,reloc    ] GC(296) Large Pages: 0 / 0M, Empty: 0M, Relocated: 0M, In-Place: 0
[229.443s][info][gc,reloc    ] GC(296) Forwarding Usage: 0M
[229.443s][info][gc,heap     ] GC(296) Min Capacity: 8M(0%)
[229.443s][info][gc,heap     ] GC(296) Max Capacity: 2048M(100%)
[229.443s][info][gc,heap     ] GC(296) Soft Max Capacity: 2048M(100%)
[229.443s][info][gc,heap     ] GC(296)                Mark Start          Mark End        Relocate Start      Relocate End           High               Low         
[229.443s][info][gc,heap     ] GC(296)  Capacity:     2048M (100%)       2048M (100%)       2048M (100%)       2048M (100%)       2048M (100%)       2048M (100%)   
[229.443s][info][gc,heap     ] GC(296)      Free:      566M (28%)         552M (27%)        1888M (92%)        1980M (97%)        1980M (97%)         540M (26%)    
[229.443s][info][gc,heap     ] GC(296)      Used:     1482M (72%)        1496M (73%)         160M (8%)           68M (3%)         1508M (74%)          68M (3%)     
[229.443s][info][gc,heap     ] GC(296)      Live:         -                 8M (0%)            8M (0%)            8M (0%)             -                  -          
[229.443s][info][gc,heap     ] GC(296) Allocated:         -                14M (1%)           34M (2%)           33M (2%)             -                  -          
[229.443s][info][gc,heap     ] GC(296)   Garbage:         -              1473M (72%)         117M (6%)           25M (1%)             -                  -          
[229.443s][info][gc,heap     ] GC(296) Reclaimed:         -                  -              1356M (66%)        1447M (71%)            -                  -          
[229.443s][info][gc          ] GC(296) Garbage Collection (Proactive) 1482M(72%)->68M(3%)
[230.125s][info][gc,stats    ] === Garbage Collection Statistics =======================================================================================================================
[230.125s][info][gc,stats    ]                                                              Last 10s              Last 10m              Last 10h                Total
[230.125s][info][gc,stats    ]                                                              Avg / Max             Avg / Max             Avg / Max             Avg / Max
[230.125s][info][gc,stats    ]   Collector: Garbage Collection Cycle                     79.045 / 103.018      75.565 / 273.863      75.565 / 273.863      75.565 / 273.863     ms
[230.125s][info][gc,stats    ]  Contention: Mark Segment Reset Contention                     0 / 5                 0 / 11                0 / 11                0 / 11          ops/s
[230.126s][info][gc,stats    ]  Contention: Mark SeqNum Reset Contention                      0 / 2                 0 / 2                 0 / 2                 0 / 2           ops/s
[230.126s][info][gc,stats    ]    Critical: Allocation Stall                                  0 / 0                 0 / 43                0 / 43                0 / 43          ops/s
[230.126s][info][gc,stats    ]    Critical: Allocation Stall                              0.000 / 0.000        23.670 / 55.638       23.670 / 55.638       23.670 / 55.638      ms
[230.126s][info][gc,stats    ]    Critical: GC Locker Stall                                   0 / 0                 0 / 0                 0 / 0                 0 / 0           ops/s
[230.126s][info][gc,stats    ]    Critical: GC Locker Stall                               0.000 / 0.000         0.000 / 0.000         0.000 / 0.000         0.000 / 0.000       ms
[230.126s][info][gc,stats    ]    Critical: Relocation Stall                                  0 / 0                 0 / 0                 0 / 0                 0 / 0           ops/s
[230.126s][info][gc,stats    ]    Critical: Relocation Stall                              0.000 / 0.000         0.000 / 0.000         0.000 / 0.000         0.000 / 0.000       ms
[230.126s][info][gc,stats    ]      Memory: Allocation Rate                                1569 / 1620           1855 / 2242           1855 / 2242           1855 / 2242        MB/s
[230.126s][info][gc,stats    ]      Memory: Defragment                                        0 / 0                 0 / 0                 0 / 0                 0 / 0           ops/s
[230.126s][info][gc,stats    ]      Memory: Out Of Memory                                     0 / 0                 0 / 0                 0 / 0                 0 / 0           ops/s
[230.126s][info][gc,stats    ]      Memory: Page Cache Flush                                  0 / 0                 0 / 0                 0 / 0                 0 / 0           MB/s
[230.126s][info][gc,stats    ]      Memory: Page Cache Hit L1                               787 / 811             926 / 1124            926 / 1124            926 / 1124        ops/s
[230.126s][info][gc,stats    ]      Memory: Page Cache Hit L2                                 0 / 0                 0 / 0                 0 / 0                 0 / 0           ops/s
[230.126s][info][gc,stats    ]      Memory: Page Cache Hit L3                                 0 / 0                 4 / 449               4 / 449               4 / 449         ops/s
[230.126s][info][gc,stats    ]      Memory: Page Cache Miss                                   0 / 0                 0 / 1                 0 / 1                 0 / 1           ops/s
[230.126s][info][gc,stats    ]      Memory: Uncommit                                          0 / 0                 0 / 0                 0 / 0                 0 / 0           MB/s
[230.126s][info][gc,stats    ]      Memory: Undo Object Allocation Failed                     0 / 0                23 / 141              23 / 141              23 / 141         ops/s
[230.126s][info][gc,stats    ]      Memory: Undo Object Allocation Succeeded                  0 / 0                 1 / 21                1 / 21                1 / 21          ops/s
[230.126s][info][gc,stats    ]      Memory: Undo Page Allocation                             42 / 62               65 / 221              65 / 221              65 / 221         ops/s
[230.126s][info][gc,stats    ]       Phase: Concurrent Mark                              12.186 / 16.870       15.413 / 212.397      15.413 / 212.397      15.413 / 212.397     ms
[230.126s][info][gc,stats    ]       Phase: Concurrent Mark Continue                      0.000 / 0.000         0.000 / 0.000         0.000 / 0.000         0.000 / 0.000       ms
[230.126s][info][gc,stats    ]       Phase: Concurrent Mark Free                          0.001 / 0.001         0.001 / 0.002         0.001 / 0.002         0.001 / 0.002       ms
[230.126s][info][gc,stats    ]       Phase: Concurrent Process Non-Strong References     60.184 / 79.343       47.721 / 242.741      47.721 / 242.741      47.721 / 242.741     ms
[230.126s][info][gc,stats    ]       Phase: Concurrent Relocate                           1.349 / 3.118         1.510 / 5.770         1.510 / 5.770         1.510 / 5.770       ms
[230.126s][info][gc,stats    ]       Phase: Concurrent Reset Relocation Set               0.006 / 0.010         0.006 / 0.011         0.006 / 0.011         0.006 / 0.011       ms
[230.126s][info][gc,stats    ]       Phase: Concurrent Select Relocation Set              4.308 / 4.839         4.420 / 14.014        4.420 / 14.014        4.420 / 14.014      ms
[230.126s][info][gc,stats    ]       Phase: Pause Mark End                                0.015 / 0.017         0.017 / 0.102         0.017 / 0.102         0.017 / 0.102       ms
[230.126s][info][gc,stats    ]       Phase: Pause Mark Start                              0.012 / 0.015         0.012 / 0.049         0.012 / 0.049         0.012 / 0.049       ms
[230.126s][info][gc,stats    ]       Phase: Pause Relocate Start                          0.007 / 0.008         0.007 / 0.020         0.007 / 0.020         0.007 / 0.020       ms
[230.126s][info][gc,stats    ]    Subphase: Concurrent Classes Purge                      0.005 / 0.007         0.044 / 5.454         0.044 / 5.454         0.044 / 5.454       ms
[230.126s][info][gc,stats    ]    Subphase: Concurrent Classes Unlink                     1.027 / 1.423         3.569 / 10.160        3.569 / 10.160        3.569 / 10.160      ms
[230.126s][info][gc,stats    ]    Subphase: Concurrent Mark                               5.465 / 15.884        9.831 / 211.109       9.831 / 211.109       9.831 / 211.109     ms
[230.126s][info][gc,stats    ]    Subphase: Concurrent Mark Try Flush                     0.121 / 0.227         0.523 / 193.285       0.523 / 193.285       0.523 / 193.285     ms
[230.126s][info][gc,stats    ]    Subphase: Concurrent Mark Try Terminate                 0.856 / 1.923         2.244 / 16.632        2.244 / 16.632        2.244 / 16.632      ms
[230.126s][info][gc,stats    ]    Subphase: Concurrent References Enqueue                 0.001 / 0.001         0.001 / 0.006         0.001 / 0.006         0.001 / 0.006       ms
[230.126s][info][gc,stats    ]    Subphase: Concurrent References Process                 0.110 / 0.184         0.102 / 0.206         0.102 / 0.206         0.102 / 0.206       ms
[230.126s][info][gc,stats    ]    Subphase: Concurrent Roots ClassLoaderDataGraph         0.082 / 0.276         0.111 / 1.252         0.111 / 1.252         0.111 / 1.252       ms
[230.126s][info][gc,stats    ]    Subphase: Concurrent Roots CodeCache                    0.000 / 0.000         0.000 / 0.000         0.000 / 0.000         0.000 / 0.000       ms
[230.126s][info][gc,stats    ]    Subphase: Concurrent Roots JavaThreads                  0.214 / 0.661         0.321 / 1.791         0.321 / 1.791         0.321 / 1.791       ms
[230.126s][info][gc,stats    ]    Subphase: Concurrent Roots OopStorageSet                0.030 / 0.079         0.046 / 0.778         0.046 / 0.778         0.046 / 0.778       ms
[230.126s][info][gc,stats    ]    Subphase: Concurrent Weak Roots OopStorageSet          22.362 / 77.775       19.134 / 89.038       19.134 / 89.038       19.134 / 89.038      ms
[230.126s][info][gc,stats    ]    Subphase: Pause Mark Try Complete                       0.000 / 0.000         0.002 / 0.006         0.002 / 0.006         0.002 / 0.006       ms
[230.126s][info][gc,stats    ]      System: Java Threads                                     60 / 60               55 / 73               55 / 73               55 / 73          threads
[230.126s][info][gc,stats    ] =========================================================================================================================================================
[230.425s][info][gc,start    ] GC(297) Garbage Collection (Allocation Rate)
[230.425s][info][gc,task     ] GC(297) Using 1 workers
[230.425s][info][gc,phases   ] GC(297) Pause Mark Start 0.013ms
[230.439s][info][gc,phases   ] GC(297) Concurrent Mark 13.373ms
[230.439s][info][gc,phases   ] GC(297) Pause Mark End 0.014ms
[230.439s][info][gc,phases   ] GC(297) Concurrent Mark Free 0.001ms
[230.514s][info][gc,phases   ] GC(297) Concurrent Process Non-Strong References 74.630ms
[230.514s][info][gc,phases   ] GC(297) Concurrent Reset Relocation Set 0.007ms
[230.517s][info][gc,phases   ] GC(297) Concurrent Select Relocation Set 3.318ms
[230.517s][info][gc,phases   ] GC(297) Pause Relocate Start 0.007ms
[230.518s][info][gc,phases   ] GC(297) Concurrent Relocate 0.529ms
[230.518s][info][gc,load     ] GC(297) Load: 0.00/0.00/0.00
[230.518s][info][gc,mmu      ] GC(297) MMU: 2ms/94.9%, 5ms/98.0%, 10ms/99.0%, 20ms/99.4%, 50ms/99.8%, 100ms/99.9%
[230.518s][info][gc,marking  ] GC(297) Mark: 1 stripe(s), 2 proactive flush(es), 1 terminate flush(es), 0 completion(s), 0 continuation(s) 
[230.518s][info][gc,marking  ] GC(297) Mark Stack Usage: 32M
[230.518s][info][gc,nmethod  ] GC(297) NMethods: 651 registered, 30 unregistered
[230.518s][info][gc,metaspace] GC(297) Metaspace: 13M used, 14M committed, 1088M reserved
[230.518s][info][gc,ref      ] GC(297) Soft: 134 encountered, 0 discovered, 0 enqueued
[230.518s][info][gc,ref      ] GC(297) Weak: 717 encountered, 453 discovered, 0 enqueued
[230.518s][info][gc,ref      ] GC(297) Final: 0 encountered, 0 discovered, 0 enqueued
[230.518s][info][gc,ref      ] GC(297) Phantom: 59 encountered, 41 discovered, 0 enqueued
[230.518s][info][gc,reloc    ] GC(297) Small Pages: 768 / 1536M, Empty: 1382M, Relocated: 0M, In-Place: 0
[230.518s][info][gc,reloc    ] GC(297) Medium Pages: 0 / 0M, Empty: 0M, Relocated: 0M, In-Place: 0
[230.518s][info][gc,reloc    ] GC(297) Large Pages: 0 / 0M, Empty: 0M, Relocated: 0M, In-Place: 0
[230.518s][info][gc,reloc    ] GC(297) Forwarding Usage: 0M
[230.518s][info][gc,heap     ] GC(297) Min Capacity: 8M(0%)
[230.518s][info][gc,heap     ] GC(297) Max Capacity: 2048M(100%)
[230.518s][info][gc,heap     ] GC(297) Soft Max Capacity: 2048M(100%)
[230.518s][info][gc,heap     ] GC(297)                Mark Start          Mark End        Relocate Start      Relocate End           High               Low         
[230.518s][info][gc,heap     ] GC(297)  Capacity:     2048M (100%)       2048M (100%)       2048M (100%)       2048M (100%)       2048M (100%)       2048M (100%)   
[230.518s][info][gc,heap     ] GC(297)      Free:      512M (25%)         486M (24%)        1752M (86%)        1894M (92%)        1894M (92%)         374M (18%)    
[230.518s][info][gc,heap     ] GC(297)      Used:     1536M (75%)        1562M (76%)         296M (14%)         154M (8%)         1674M (82%)         154M (8%)     
[230.518s][info][gc,heap     ] GC(297)      Live:         -                 9M (0%)            9M (0%)            9M (0%)             -                  -          
[230.518s][info][gc,heap     ] GC(297) Allocated:         -                26M (1%)          142M (7%)          141M (7%)             -                  -          
[230.518s][info][gc,heap     ] GC(297)   Garbage:         -              1526M (75%)         144M (7%)            2M (0%)             -                  -          
[230.518s][info][gc,heap     ] GC(297) Reclaimed:         -                  -              1382M (67%)        1523M (74%)            -                  -          
[230.518s][info][gc          ] GC(297) Garbage Collection (Allocation Rate) 1536M(75%)->154M(8%)
[231.524s][info][gc,start    ] GC(298) Garbage Collection (Allocation Rate)
[231.524s][info][gc,task     ] GC(298) Using 1 workers
[231.525s][info][gc,phases   ] GC(298) Pause Mark Start 0.012ms
[231.538s][info][gc,phases   ] GC(298) Concurrent Mark 13.203ms
[231.538s][info][gc,phases   ] GC(298) Pause Mark End 0.015ms
[231.538s][info][gc,phases   ] GC(298) Concurrent Mark Free 0.001ms
[231.612s][info][gc,phases   ] GC(298) Concurrent Process Non-Strong References 73.360ms
[231.612s][info][gc,phases   ] GC(298) Concurrent Reset Relocation Set 0.007ms
[231.615s][info][gc,phases   ] GC(298) Concurrent Select Relocation Set 3.303ms
[231.615s][info][gc,phases   ] GC(298) Pause Relocate Start 0.005ms
[231.616s][info][gc,phases   ] GC(298) Concurrent Relocate 0.695ms
[231.616s][info][gc,load     ] GC(298) Load: 0.00/0.00/0.00
[231.616s][info][gc,mmu      ] GC(298) MMU: 2ms/94.9%, 5ms/98.0%, 10ms/99.0%, 20ms/99.4%, 50ms/99.8%, 100ms/99.9%
[231.616s][info][gc,marking  ] GC(298) Mark: 1 stripe(s), 2 proactive flush(es), 1 terminate flush(es), 0 completion(s), 0 continuation(s) 
[231.616s][info][gc,marking  ] GC(298) Mark Stack Usage: 32M
[231.616s][info][gc,nmethod  ] GC(298) NMethods: 651 registered, 30 unregistered
[231.616s][info][gc,metaspace] GC(298) Metaspace: 13M used, 14M committed, 1088M reserved
[231.616s][info][gc,ref      ] GC(298) Soft: 134 encountered, 0 discovered, 0 enqueued
[231.616s][info][gc,ref      ] GC(298) Weak: 717 encountered, 453 discovered, 0 enqueued
[231.616s][info][gc,ref      ] GC(298) Final: 0 encountered, 0 discovered, 0 enqueued
[231.616s][info][gc,ref      ] GC(298) Phantom: 59 encountered, 41 discovered, 0 enqueued
[231.616s][info][gc,reloc    ] GC(298) Small Pages: 813 / 1626M, Empty: 1488M, Relocated: 0M, In-Place: 0
[231.616s][info][gc,reloc    ] GC(298) Medium Pages: 0 / 0M, Empty: 0M, Relocated: 0M, In-Place: 0
[231.616s][info][gc,reloc    ] GC(298) Large Pages: 0 / 0M, Empty: 0M, Relocated: 0M, In-Place: 0
[231.616s][info][gc,reloc    ] GC(298) Forwarding Usage: 0M
[231.616s][info][gc,heap     ] GC(298) Min Capacity: 8M(0%)
[231.616s][info][gc,heap     ] GC(298) Max Capacity: 2048M(100%)
[231.616s][info][gc,heap     ] GC(298) Soft Max Capacity: 2048M(100%)
[231.616s][info][gc,heap     ] GC(298)                Mark Start          Mark End        Relocate Start      Relocate End           High               Low         
[231.616s][info][gc,heap     ] GC(298)  Capacity:     2048M (100%)       2048M (100%)       2048M (100%)       2048M (100%)       2048M (100%)       2048M (100%)   
[231.616s][info][gc,heap     ] GC(298)      Free:      422M (21%)         396M (19%)        1776M (87%)        1902M (93%)        1902M (93%)         292M (14%)    
[231.616s][info][gc,heap     ] GC(298)      Used:     1626M (79%)        1652M (81%)         272M (13%)         146M (7%)         1756M (86%)         146M (7%)     
[231.616s][info][gc,heap     ] GC(298)      Live:         -                 9M (0%)            9M (0%)            9M (0%)             -                  -          
[231.616s][info][gc,heap     ] GC(298) Allocated:         -                26M (1%)          134M (7%)          133M (7%)             -                  -          
[231.616s][info][gc,heap     ] GC(298)   Garbage:         -              1616M (79%)         128M (6%)            2M (0%)             -                  -          
[231.616s][info][gc,heap     ] GC(298) Reclaimed:         -                  -              1488M (73%)        1613M (79%)            -                  -          
[231.616s][info][gc          ] GC(298) Garbage Collection (Allocation Rate) 1626M(79%)->146M(7%)
[232.526s][info][gc,start    ] GC(299) Garbage Collection (Proactive)
[232.526s][info][gc,task     ] GC(299) Using 12 workers
[232.526s][info][gc,phases   ] GC(299) Pause Mark Start 0.010ms
[232.531s][info][gc,phases   ] GC(299) Concurrent Mark 4.683ms
[232.531s][info][gc,phases   ] GC(299) Pause Mark End 0.016ms
[232.531s][info][gc,phases   ] GC(299) Concurrent Mark Free 0.001ms
[232.539s][info][gc,phases   ] GC(299) Concurrent Process Non-Strong References 8.366ms
[232.539s][info][gc,phases   ] GC(299) Concurrent Reset Relocation Set 0.007ms
[232.544s][info][gc,phases   ] GC(299) Concurrent Select Relocation Set 4.274ms
[232.544s][info][gc,phases   ] GC(299) Pause Relocate Start 0.006ms
[232.544s][info][gc,phases   ] GC(299) Concurrent Relocate 0.525ms
[232.544s][info][gc,load     ] GC(299) Load: 0.00/0.00/0.00
[232.544s][info][gc,mmu      ] GC(299) MMU: 2ms/94.9%, 5ms/98.0%, 10ms/99.0%, 20ms/99.4%, 50ms/99.8%, 100ms/99.9%
[232.544s][info][gc,marking  ] GC(299) Mark: 8 stripe(s), 2 proactive flush(es), 1 terminate flush(es), 0 completion(s), 0 continuation(s) 
[232.544s][info][gc,marking  ] GC(299) Mark Stack Usage: 32M
[232.545s][info][gc,nmethod  ] GC(299) NMethods: 651 registered, 30 unregistered
[232.545s][info][gc,metaspace] GC(299) Metaspace: 13M used, 14M committed, 1088M reserved
[232.545s][info][gc,ref      ] GC(299) Soft: 134 encountered, 0 discovered, 0 enqueued
[232.545s][info][gc,ref      ] GC(299) Weak: 715 encountered, 321 discovered, 0 enqueued
[232.545s][info][gc,ref      ] GC(299) Final: 0 encountered, 0 discovered, 0 enqueued
[232.545s][info][gc,ref      ] GC(299) Phantom: 59 encountered, 47 discovered, 0 enqueued
[232.545s][info][gc,reloc    ] GC(299) Small Pages: 748 / 1496M, Empty: 1364M, Relocated: 1M, In-Place: 0
[232.545s][info][gc,reloc    ] GC(299) Medium Pages: 0 / 0M, Empty: 0M, Relocated: 0M, In-Place: 0
[232.545s][info][gc,reloc    ] GC(299) Large Pages: 0 / 0M, Empty: 0M, Relocated: 0M, In-Place: 0
[232.545s][info][gc,reloc    ] GC(299) Forwarding Usage: 0M
[232.545s][info][gc,heap     ] GC(299) Min Capacity: 8M(0%)
[232.545s][info][gc,heap     ] GC(299) Max Capacity: 2048M(100%)
[232.545s][info][gc,heap     ] GC(299) Soft Max Capacity: 2048M(100%)
[232.545s][info][gc,heap     ] GC(299)                Mark Start          Mark End        Relocate Start      Relocate End           High               Low         
[232.545s][info][gc,heap     ] GC(299)  Capacity:     2048M (100%)       2048M (100%)       2048M (100%)       2048M (100%)       2048M (100%)       2048M (100%)   
[232.545s][info][gc,heap     ] GC(299)      Free:      552M (27%)         540M (26%)        1882M (92%)        1980M (97%)        1980M (97%)         528M (26%)    
[232.545s][info][gc,heap     ] GC(299)      Used:     1496M (73%)        1508M (74%)         166M (8%)           68M (3%)         1520M (74%)          68M (3%)     
[232.545s][info][gc,heap     ] GC(299)      Live:         -                 9M (0%)            9M (0%)            9M (0%)             -                  -          
[232.545s][info][gc,heap     ] GC(299) Allocated:         -                12M (1%)           34M (2%)           33M (2%)             -                  -          
[232.545s][info][gc,heap     ] GC(299)   Garbage:         -              1486M (73%)         122M (6%)           24M (1%)             -                  -          
[232.545s][info][gc,heap     ] GC(299) Reclaimed:         -                  -              1364M (67%)        1461M (71%)            -                  -          
[232.545s][info][gc          ] GC(299) Garbage Collection (Proactive) 1496M(73%)->68M(3%)
[233.525s][info][gc,start    ] GC(300) Garbage Collection (Allocation Rate)
[233.525s][info][gc,task     ] GC(300) Using 1 workers
[233.525s][info][gc,phases   ] GC(300) Pause Mark Start 0.013ms
[233.537s][info][gc,phases   ] GC(300) Concurrent Mark 11.405ms
[233.537s][info][gc,phases   ] GC(300) Pause Mark End 0.016ms
[233.537s][info][gc,phases   ] GC(300) Concurrent Mark Free 0.001ms
[233.797s][info][gc,phases   ] GC(300) Concurrent Process Non-Strong References 259.891ms
[233.797s][info][gc,phases   ] GC(300) Concurrent Reset Relocation Set 0.011ms
[233.802s][info][gc,phases   ] GC(300) Concurrent Select Relocation Set 4.989ms
[233.802s][info][gc,phases   ] GC(300) Pause Relocate Start 0.008ms
[233.803s][info][gc,phases   ] GC(300) Concurrent Relocate 0.836ms
[233.803s][info][gc,load     ] GC(300) Load: 0.00/0.00/0.00
[233.803s][info][gc,mmu      ] GC(300) MMU: 2ms/94.9%, 5ms/98.0%, 10ms/99.0%, 20ms/99.4%, 50ms/99.8%, 100ms/99.9%
[233.803s][info][gc,marking  ] GC(300) Mark: 1 stripe(s), 2 proactive flush(es), 1 terminate flush(es), 0 completion(s), 0 continuation(s) 
[233.803s][info][gc,marking  ] GC(300) Mark Stack Usage: 32M
[233.803s][info][gc,nmethod  ] GC(300) NMethods: 651 registered, 30 unregistered
[233.804s][info][gc,metaspace] GC(300) Metaspace: 13M used, 14M committed, 1088M reserved
[233.804s][info][gc,ref      ] GC(300) Soft: 134 encountered, 0 discovered, 0 enqueued
[233.804s][info][gc,ref      ] GC(300) Weak: 697 encountered, 453 discovered, 0 enqueued
[233.804s][info][gc,ref      ] GC(300) Final: 0 encountered, 0 discovered, 0 enqueued
[233.804s][info][gc,ref      ] GC(300) Phantom: 59 encountered, 41 discovered, 0 enqueued
[233.804s][info][gc,reloc    ] GC(300) Small Pages: 775 / 1550M, Empty: 1404M, Relocated: 1M, In-Place: 0
[233.804s][info][gc,reloc    ] GC(300) Medium Pages: 0 / 0M, Empty: 0M, Relocated: 0M, In-Place: 0
[233.804s][info][gc,reloc    ] GC(300) Large Pages: 0 / 0M, Empty: 0M, Relocated: 0M, In-Place: 0
[233.804s][info][gc,reloc    ] GC(300) Forwarding Usage: 0M
[233.804s][info][gc,heap     ] GC(300) Min Capacity: 8M(0%)
[233.804s][info][gc,heap     ] GC(300) Max Capacity: 2048M(100%)
[233.804s][info][gc,heap     ] GC(300) Soft Max Capacity: 2048M(100%)
[233.804s][info][gc,heap     ] GC(300)                Mark Start          Mark End        Relocate Start      Relocate End           High               Low         
[233.804s][info][gc,heap     ] GC(300)  Capacity:     2048M (100%)       2048M (100%)       2048M (100%)       2048M (100%)       2048M (100%)       2048M (100%)   
[233.804s][info][gc,heap     ] GC(300)      Free:      498M (24%)         476M (23%)        1498M (73%)        1630M (80%)        1630M (80%)         100M (5%)     
[233.804s][info][gc,heap     ] GC(300)      Used:     1550M (76%)        1572M (77%)         550M (27%)         418M (20%)        1948M (95%)         418M (20%)    
[233.804s][info][gc,heap     ] GC(300)      Live:         -                 9M (0%)            9M (0%)            9M (0%)             -                  -          
[233.804s][info][gc,heap     ] GC(300) Allocated:         -                22M (1%)          404M (20%)         405M (20%)            -                  -          
[233.804s][info][gc,heap     ] GC(300)   Garbage:         -              1540M (75%)         136M (7%)            2M (0%)             -                  -          
[233.804s][info][gc,heap     ] GC(300) Reclaimed:         -                  -              1404M (69%)        1537M (75%)            -                  -          
[233.804s][info][gc          ] GC(300) Garbage Collection (Allocation Rate) 1550M(76%)->418M(20%)
[234.126s][info][gc,start    ] GC(301) Garbage Collection (Allocation Rate)
[234.126s][info][gc,task     ] GC(301) Using 1 workers
[234.126s][info][gc,phases   ] GC(301) Pause Mark Start 0.011ms
[234.138s][info][gc,phases   ] GC(301) Concurrent Mark 12.066ms
[234.138s][info][gc,phases   ] GC(301) Pause Mark End 0.015ms
[234.138s][info][gc,phases   ] GC(301) Concurrent Mark Free 0.001ms
[234.216s][info][gc,phases   ] GC(301) Concurrent Process Non-Strong References 77.729ms
[234.216s][info][gc,phases   ] GC(301) Concurrent Reset Relocation Set 0.008ms
[234.221s][info][gc,phases   ] GC(301) Concurrent Select Relocation Set 4.485ms
[234.221s][info][gc,phases   ] GC(301) Pause Relocate Start 0.008ms
[234.222s][info][gc,phases   ] GC(301) Concurrent Relocate 0.446ms
[234.222s][info][gc,load     ] GC(301) Load: 0.00/0.00/0.00
[234.222s][info][gc,mmu      ] GC(301) MMU: 2ms/94.9%, 5ms/98.0%, 10ms/99.0%, 20ms/99.4%, 50ms/99.8%, 100ms/99.9%
[234.222s][info][gc,marking  ] GC(301) Mark: 1 stripe(s), 2 proactive flush(es), 1 terminate flush(es), 0 completion(s), 0 continuation(s) 
[234.222s][info][gc,marking  ] GC(301) Mark Stack Usage: 32M
[234.222s][info][gc,nmethod  ] GC(301) NMethods: 651 registered, 30 unregistered
[234.222s][info][gc,metaspace] GC(301) Metaspace: 13M used, 14M committed, 1088M reserved
[234.222s][info][gc,ref      ] GC(301) Soft: 134 encountered, 0 discovered, 0 enqueued
[234.222s][info][gc,ref      ] GC(301) Weak: 683 encountered, 453 discovered, 0 enqueued
[234.222s][info][gc,ref      ] GC(301) Final: 0 encountered, 0 discovered, 0 enqueued
[234.222s][info][gc,ref      ] GC(301) Phantom: 59 encountered, 41 discovered, 0 enqueued
[234.222s][info][gc,reloc    ] GC(301) Small Pages: 429 / 858M, Empty: 768M, Relocated: 1M, In-Place: 0
[234.222s][info][gc,reloc    ] GC(301) Medium Pages: 0 / 0M, Empty: 0M, Relocated: 0M, In-Place: 0
[234.222s][info][gc,reloc    ] GC(301) Large Pages: 0 / 0M, Empty: 0M, Relocated: 0M, In-Place: 0
[234.222s][info][gc,reloc    ] GC(301) Forwarding Usage: 0M
[234.222s][info][gc,heap     ] GC(301) Min Capacity: 8M(0%)
[234.222s][info][gc,heap     ] GC(301) Max Capacity: 2048M(100%)
[234.222s][info][gc,heap     ] GC(301) Soft Max Capacity: 2048M(100%)
[234.222s][info][gc,heap     ] GC(301)                Mark Start          Mark End        Relocate Start      Relocate End           High               Low         
[234.222s][info][gc,heap     ] GC(301)  Capacity:     2048M (100%)       2048M (100%)       2048M (100%)       2048M (100%)       2048M (100%)       2048M (100%)   
[234.222s][info][gc,heap     ] GC(301)      Free:     1190M (58%)        1170M (57%)        1826M (89%)        1902M (93%)        1902M (93%)        1064M (52%)    
[234.222s][info][gc,heap     ] GC(301)      Used:      858M (42%)         878M (43%)         222M (11%)         146M (7%)          984M (48%)         146M (7%)     
[234.222s][info][gc,heap     ] GC(301)      Live:         -                 8M (0%)            8M (0%)            8M (0%)             -                  -          
[234.222s][info][gc,heap     ] GC(301) Allocated:         -                20M (1%)          132M (6%)          132M (6%)             -                  -          
[234.222s][info][gc,heap     ] GC(301)   Garbage:         -               849M (41%)          81M (4%)            4M (0%)             -                  -          
[234.222s][info][gc,heap     ] GC(301) Reclaimed:         -                  -               768M (38%)         844M (41%)            -                  -          
[234.222s][info][gc          ] GC(301) Garbage Collection (Allocation Rate) 858M(42%)->146M(7%)
[234.726s][info][gc,start    ] GC(302) Garbage Collection (Allocation Rate)
[234.726s][info][gc,task     ] GC(302) Using 2 workers
[234.726s][info][gc,phases   ] GC(302) Pause Mark Start 0.010ms
[234.738s][info][gc,phases   ] GC(302) Concurrent Mark 12.162ms
[234.738s][info][gc,phases   ] GC(302) Pause Mark End 0.015ms
[234.738s][info][gc,phases   ] GC(302) Concurrent Mark Free 0.001ms
[234.776s][info][gc,phases   ] GC(302) Concurrent Process Non-Strong References 37.939ms
[234.776s][info][gc,phases   ] GC(302) Concurrent Reset Relocation Set 0.004ms
[234.780s][info][gc,phases   ] GC(302) Concurrent Select Relocation Set 4.200ms
[234.781s][info][gc,phases   ] GC(302) Pause Relocate Start 0.008ms
[234.781s][info][gc,phases   ] GC(302) Concurrent Relocate 0.286ms
[234.781s][info][gc,load     ] GC(302) Load: 0.00/0.00/0.00
[234.781s][info][gc,mmu      ] GC(302) MMU: 2ms/94.9%, 5ms/98.0%, 10ms/99.0%, 20ms/99.4%, 50ms/99.8%, 100ms/99.9%
[234.781s][info][gc,marking  ] GC(302) Mark: 2 stripe(s), 2 proactive flush(es), 1 terminate flush(es), 0 completion(s), 0 continuation(s) 
[234.781s][info][gc,marking  ] GC(302) Mark Stack Usage: 32M
[234.781s][info][gc,nmethod  ] GC(302) NMethods: 651 registered, 30 unregistered
[234.781s][info][gc,metaspace] GC(302) Metaspace: 13M used, 14M committed, 1088M reserved
[234.781s][info][gc,ref      ] GC(302) Soft: 134 encountered, 0 discovered, 0 enqueued
[234.781s][info][gc,ref      ] GC(302) Weak: 669 encountered, 426 discovered, 0 enqueued
[234.781s][info][gc,ref      ] GC(302) Final: 0 encountered, 0 discovered, 0 enqueued
[234.781s][info][gc,ref      ] GC(302) Phantom: 59 encountered, 42 discovered, 0 enqueued
[234.781s][info][gc,reloc    ] GC(302) Small Pages: 582 / 1164M, Empty: 1072M, Relocated: 1M, In-Place: 0
[234.781s][info][gc,reloc    ] GC(302) Medium Pages: 0 / 0M, Empty: 0M, Relocated: 0M, In-Place: 0
[234.781s][info][gc,reloc    ] GC(302) Large Pages: 0 / 0M, Empty: 0M, Relocated: 0M, In-Place: 0
[234.781s][info][gc,reloc    ] GC(302) Forwarding Usage: 0M
[234.781s][info][gc,heap     ] GC(302) Min Capacity: 8M(0%)
[234.781s][info][gc,heap     ] GC(302) Max Capacity: 2048M(100%)
[234.781s][info][gc,heap     ] GC(302) Soft Max Capacity: 2048M(100%)
[234.781s][info][gc,heap     ] GC(302)                Mark Start          Mark End        Relocate Start      Relocate End           High               Low         
[234.781s][info][gc,heap     ] GC(302)  Capacity:     2048M (100%)       2048M (100%)       2048M (100%)       2048M (100%)       2048M (100%)       2048M (100%)   
[234.781s][info][gc,heap     ] GC(302)      Free:      884M (43%)         846M (41%)        1818M (89%)        1894M (92%)        1894M (92%)         758M (37%)    
[234.781s][info][gc,heap     ] GC(302)      Used:     1164M (57%)        1202M (59%)         230M (11%)         154M (8%)         1290M (63%)         154M (8%)     
[234.781s][info][gc,heap     ] GC(302)      Live:         -                 8M (0%)            8M (0%)            8M (0%)             -                  -          
[234.781s][info][gc,heap     ] GC(302) Allocated:         -                38M (2%)          138M (7%)          139M (7%)             -                  -          
[234.781s][info][gc,heap     ] GC(302)   Garbage:         -              1155M (56%)          83M (4%)            6M (0%)             -                  -          
[234.781s][info][gc,heap     ] GC(302) Reclaimed:         -                  -              1072M (52%)        1149M (56%)            -                  -          
[234.781s][info][gc          ] GC(302) Garbage Collection (Allocation Rate) 1164M(57%)->154M(8%)
[235.125s][info][gc,start    ] GC(303) Garbage Collection (Allocation Rate)
[235.125s][info][gc,task     ] GC(303) Using 1 workers
[235.125s][info][gc,phases   ] GC(303) Pause Mark Start 0.012ms
[235.137s][info][gc,phases   ] GC(303) Concurrent Mark 12.214ms
[235.137s][info][gc,phases   ] GC(303) Pause Mark End 0.013ms
[235.137s][info][gc,phases   ] GC(303) Concurrent Mark Free 0.001ms
[235.199s][info][gc,phases   ] GC(303) Concurrent Process Non-Strong References 62.160ms
[235.200s][info][gc,phases   ] GC(303) Concurrent Reset Relocation Set 0.003ms
[235.202s][info][gc,phases   ] GC(303) Concurrent Select Relocation Set 2.766ms
[235.202s][info][gc,phases   ] GC(303) Pause Relocate Start 0.008ms
[235.205s][info][gc,phases   ] GC(303) Concurrent Relocate 2.381ms
[235.205s][info][gc,load     ] GC(303) Load: 0.00/0.00/0.00
[235.205s][info][gc,mmu      ] GC(303) MMU: 2ms/94.9%, 5ms/98.0%, 10ms/99.0%, 20ms/99.4%, 50ms/99.8%, 100ms/99.9%
[235.205s][info][gc,marking  ] GC(303) Mark: 1 stripe(s), 2 proactive flush(es), 1 terminate flush(es), 0 completion(s), 0 continuation(s) 
[235.205s][info][gc,marking  ] GC(303) Mark Stack Usage: 32M
[235.205s][info][gc,nmethod  ] GC(303) NMethods: 651 registered, 30 unregistered
[235.205s][info][gc,metaspace] GC(303) Metaspace: 13M used, 14M committed, 1088M reserved
[235.205s][info][gc,ref      ] GC(303) Soft: 134 encountered, 0 discovered, 0 enqueued
[235.205s][info][gc,ref      ] GC(303) Weak: 657 encountered, 453 discovered, 0 enqueued
[235.205s][info][gc,ref      ] GC(303) Final: 0 encountered, 0 discovered, 0 enqueued
[235.205s][info][gc,ref      ] GC(303) Phantom: 59 encountered, 41 discovered, 0 enqueued
[235.205s][info][gc,reloc    ] GC(303) Small Pages: 410 / 820M, Empty: 752M, Relocated: 5M, In-Place: 0
[235.205s][info][gc,reloc    ] GC(303) Medium Pages: 0 / 0M, Empty: 0M, Relocated: 0M, In-Place: 0
[235.205s][info][gc,reloc    ] GC(303) Large Pages: 0 / 0M, Empty: 0M, Relocated: 0M, In-Place: 0
[235.205s][info][gc,reloc    ] GC(303) Forwarding Usage: 0M
[235.205s][info][gc,heap     ] GC(303) Min Capacity: 8M(0%)
[235.205s][info][gc,heap     ] GC(303) Max Capacity: 2048M(100%)
[235.205s][info][gc,heap     ] GC(303) Soft Max Capacity: 2048M(100%)
[235.205s][info][gc,heap     ] GC(303)                Mark Start          Mark End        Relocate Start      Relocate End           High               Low         
[235.205s][info][gc,heap     ] GC(303)  Capacity:     2048M (100%)       2048M (100%)       2048M (100%)       2048M (100%)       2048M (100%)       2048M (100%)   
[235.205s][info][gc,heap     ] GC(303)      Free:     1228M (60%)        1202M (59%)        1832M (89%)        1886M (92%)        1888M (92%)        1086M (53%)    
[235.205s][info][gc,heap     ] GC(303)      Used:      820M (40%)         846M (41%)         216M (11%)         162M (8%)          962M (47%)         160M (8%)     
[235.205s][info][gc,heap     ] GC(303)      Live:         -                 8M (0%)            8M (0%)            8M (0%)             -                  -          
[235.205s][info][gc,heap     ] GC(303) Allocated:         -                26M (1%)          148M (7%)          151M (7%)             -                  -          
[235.205s][info][gc,heap     ] GC(303)   Garbage:         -               811M (40%)          59M (3%)            2M (0%)             -                  -          
[235.205s][info][gc,heap     ] GC(303) Reclaimed:         -                  -               752M (37%)         809M (40%)            -                  -          
[235.205s][info][gc          ] GC(303) Garbage Collection (Allocation Rate) 820M(40%)->162M(8%)
[235.649s][info][gc,start    ] GC(304) Garbage Collection (System.gc())
[235.649s][info][gc,task     ] GC(304) Using 12 workers
[235.649s][info][gc,phases   ] GC(304) Pause Mark Start 0.015ms
[235.663s][info][gc,phases   ] GC(304) Concurrent Mark 13.447ms
[235.663s][info][gc,phases   ] GC(304) Pause Mark End 0.016ms
[235.663s][info][gc,phases   ] GC(304) Concurrent Mark Free 0.001ms
[235.675s][info][gc,phases   ] GC(304) Concurrent Process Non-Strong References 12.221ms
[235.675s][info][gc,phases   ] GC(304) Concurrent Reset Relocation Set 0.003ms
[235.679s][info][gc,phases   ] GC(304) Concurrent Select Relocation Set 3.431ms
[235.679s][info][gc,phases   ] GC(304) Pause Relocate Start 0.008ms
[235.681s][info][gc,phases   ] GC(304) Concurrent Relocate 1.862ms
[235.681s][info][gc,load     ] GC(304) Load: 0.00/0.00/0.00
[235.681s][info][gc,mmu      ] GC(304) MMU: 2ms/94.9%, 5ms/98.0%, 10ms/99.0%, 20ms/99.4%, 50ms/99.8%, 100ms/99.9%
[235.681s][info][gc,marking  ] GC(304) Mark: 8 stripe(s), 1 proactive flush(es), 1 terminate flush(es), 0 completion(s), 0 continuation(s) 
[235.681s][info][gc,marking  ] GC(304) Mark Stack Usage: 32M
[235.681s][info][gc,nmethod  ] GC(304) NMethods: 651 registered, 30 unregistered
[235.681s][info][gc,metaspace] GC(304) Metaspace: 13M used, 14M committed, 1088M reserved
[235.681s][info][gc,ref      ] GC(304) Soft: 134 encountered, 0 discovered, 0 enqueued
[235.681s][info][gc,ref      ] GC(304) Weak: 617 encountered, 5 discovered, 0 enqueued
[235.681s][info][gc,ref      ] GC(304) Final: 0 encountered, 0 discovered, 0 enqueued
[235.681s][info][gc,ref      ] GC(304) Phantom: 59 encountered, 33 discovered, 0 enqueued
[235.681s][info][gc,reloc    ] GC(304) Small Pages: 404 / 808M, Empty: 792M, Relocated: 3M, In-Place: 0
[235.681s][info][gc,reloc    ] GC(304) Medium Pages: 0 / 0M, Empty: 0M, Relocated: 0M, In-Place: 0
[235.681s][info][gc,reloc    ] GC(304) Large Pages: 0 / 0M, Empty: 0M, Relocated: 0M, In-Place: 0
[235.681s][info][gc,reloc    ] GC(304) Forwarding Usage: 0M
[235.681s][info][gc,heap     ] GC(304) Min Capacity: 8M(0%)
[235.681s][info][gc,heap     ] GC(304) Max Capacity: 2048M(100%)
[235.681s][info][gc,heap     ] GC(304) Soft Max Capacity: 2048M(100%)
[235.681s][info][gc,heap     ] GC(304)                Mark Start          Mark End        Relocate Start      Relocate End           High               Low         
[235.681s][info][gc,heap     ] GC(304)  Capacity:     2048M (100%)       2048M (100%)       2048M (100%)       2048M (100%)       2048M (100%)       2048M (100%)   
[235.681s][info][gc,heap     ] GC(304)      Free:     1240M (61%)        1240M (61%)        2032M (99%)        2032M (99%)        2032M (99%)        1240M (61%)    
[235.681s][info][gc,heap     ] GC(304)      Used:      808M (39%)         808M (39%)          16M (1%)           16M (1%)          808M (39%)          16M (1%)     
[235.681s][info][gc,heap     ] GC(304)      Live:         -                 4M (0%)            4M (0%)            4M (0%)             -                  -          
[235.681s][info][gc,heap     ] GC(304) Allocated:         -                 0M (0%)            0M (0%)            0M (0%)             -                  -          
[235.681s][info][gc,heap     ] GC(304)   Garbage:         -               803M (39%)          11M (1%)           11M (1%)             -                  -          
[235.681s][info][gc,heap     ] GC(304) Reclaimed:         -                  -               792M (39%)         792M (39%)            -                  -          
[235.681s][info][gc          ] GC(304) Garbage Collection (System.gc()) 808M(39%)->16M(1%)
[236.525s][info][gc,start    ] GC(305) Garbage Collection (Allocation Rate)
[236.525s][info][gc,task     ] GC(305) Using 3 workers
[236.662s][info][gc,phases   ] GC(305) Pause Mark Start 0.015ms
[236.677s][info][gc,phases   ] GC(305) Concurrent Mark 14.952ms
[236.677s][info][gc,phases   ] GC(305) Pause Mark End 0.058ms
[236.678s][info][gc,phases   ] GC(305) Concurrent Mark Free 0.001ms
[236.713s][info][gc,phases   ] GC(305) Concurrent Process Non-Strong References 35.674ms
[236.714s][info][gc,phases   ] GC(305) Concurrent Reset Relocation Set 0.001ms
[236.717s][info][gc,phases   ] GC(305) Concurrent Select Relocation Set 3.221ms
[236.718s][info][gc,phases   ] GC(305) Pause Relocate Start 0.006ms
[236.718s][info][gc,phases   ] GC(305) Concurrent Relocate 0.898ms
[236.719s][info][gc,load     ] GC(305) Load: 0.00/0.00/0.00
[236.719s][info][gc,mmu      ] GC(305) MMU: 2ms/94.9%, 5ms/98.0%, 10ms/99.0%, 20ms/99.4%, 50ms/99.8%, 100ms/99.9%
[236.719s][info][gc,marking  ] GC(305) Mark: 2 stripe(s), 2 proactive flush(es), 1 terminate flush(es), 1 completion(s), 0 continuation(s) 
[236.719s][info][gc,marking  ] GC(305) Mark Stack Usage: 32M
[236.719s][info][gc,nmethod  ] GC(305) NMethods: 651 registered, 30 unregistered
[236.719s][info][gc,metaspace] GC(305) Metaspace: 13M used, 14M committed, 1088M reserved
[236.719s][info][gc,ref      ] GC(305) Soft: 134 encountered, 0 discovered, 0 enqueued
[236.719s][info][gc,ref      ] GC(305) Weak: 723 encountered, 122 discovered, 2 enqueued
[236.719s][info][gc,ref      ] GC(305) Final: 0 encountered, 0 discovered, 0 enqueued
[236.719s][info][gc,ref      ] GC(305) Phantom: 59 encountered, 45 discovered, 0 enqueued
[236.719s][info][gc,reloc    ] GC(305) Small Pages: 586 / 1172M, Empty: 1044M, Relocated: 2M, In-Place: 0
[236.719s][info][gc,reloc    ] GC(305) Medium Pages: 0 / 0M, Empty: 0M, Relocated: 0M, In-Place: 0
[236.719s][info][gc,reloc    ] GC(305) Large Pages: 0 / 0M, Empty: 0M, Relocated: 0M, In-Place: 0
[236.719s][info][gc,reloc    ] GC(305) Forwarding Usage: 0M
[236.719s][info][gc,heap     ] GC(305) Min Capacity: 8M(0%)
[236.719s][info][gc,heap     ] GC(305) Max Capacity: 2048M(100%)
[236.719s][info][gc,heap     ] GC(305) Soft Max Capacity: 2048M(100%)
[236.719s][info][gc,heap     ] GC(305)                Mark Start          Mark End        Relocate Start      Relocate End           High               Low         
[236.719s][info][gc,heap     ] GC(305)  Capacity:     2048M (100%)       2048M (100%)       2048M (100%)       2048M (100%)       2048M (100%)       2048M (100%)   
[236.719s][info][gc,heap     ] GC(305)      Free:      876M (43%)         852M (42%)        1850M (90%)        1964M (96%)        1964M (96%)         810M (40%)    
[236.719s][info][gc,heap     ] GC(305)      Used:     1172M (57%)        1196M (58%)         198M (10%)          84M (4%)         1238M (60%)          84M (4%)     
[236.719s][info][gc,heap     ] GC(305)      Live:         -                 7M (0%)            7M (0%)            7M (0%)             -                  -          
[236.719s][info][gc,heap     ] GC(305) Allocated:         -                24M (1%)           70M (3%)           70M (3%)             -                  -          
[236.719s][info][gc,heap     ] GC(305)   Garbage:         -              1164M (57%)         120M (6%)            6M (0%)             -                  -          
[236.719s][info][gc,heap     ] GC(305) Reclaimed:         -                  -              1044M (51%)        1158M (57%)            -                  -          
[236.719s][info][gc          ] GC(305) Garbage Collection (Allocation Rate) 1172M(57%)->84M(4%)
[237.225s][info][gc,start    ] GC(306) Garbage Collection (Allocation Rate)
[237.225s][info][gc,task     ] GC(306) Using 2 workers
[237.225s][info][gc,phases   ] GC(306) Pause Mark Start 0.011ms
[237.235s][info][gc,phases   ] GC(306) Concurrent Mark 10.264ms
[237.235s][info][gc,phases   ] GC(306) Pause Mark End 0.014ms
[237.235s][info][gc,phases   ] GC(306) Concurrent Mark Free 0.001ms
[237.271s][info][gc,phases   ] GC(306) Concurrent Process Non-Strong References 35.932ms
[237.271s][info][gc,phases   ] GC(306) Concurrent Reset Relocation Set 0.007ms
[237.276s][info][gc,phases   ] GC(306) Concurrent Select Relocation Set 4.396ms
[237.276s][info][gc,phases   ] GC(306) Pause Relocate Start 0.007ms
[237.277s][info][gc,phases   ] GC(306) Concurrent Relocate 1.202ms
[237.277s][info][gc,load     ] GC(306) Load: 0.00/0.00/0.00
[237.277s][info][gc,mmu      ] GC(306) MMU: 2ms/94.9%, 5ms/98.0%, 10ms/99.0%, 20ms/99.4%, 50ms/99.8%, 100ms/99.9%
[237.277s][info][gc,marking  ] GC(306) Mark: 2 stripe(s), 2 proactive flush(es), 1 terminate flush(es), 0 completion(s), 0 continuation(s) 
[237.277s][info][gc,marking  ] GC(306) Mark Stack Usage: 32M
[237.277s][info][gc,nmethod  ] GC(306) NMethods: 651 registered, 30 unregistered
[237.277s][info][gc,metaspace] GC(306) Metaspace: 13M used, 14M committed, 1088M reserved
[237.278s][info][gc,ref      ] GC(306) Soft: 134 encountered, 0 discovered, 0 enqueued
[237.278s][info][gc,ref      ] GC(306) Weak: 721 encountered, 83 discovered, 0 enqueued
[237.278s][info][gc,ref      ] GC(306) Final: 0 encountered, 0 discovered, 0 enqueued
[237.278s][info][gc,ref      ] GC(306) Phantom: 59 encountered, 45 discovered, 0 enqueued
[237.278s][info][gc,reloc    ] GC(306) Small Pages: 497 / 994M, Empty: 900M, Relocated: 2M, In-Place: 0
[237.278s][info][gc,reloc    ] GC(306) Medium Pages: 0 / 0M, Empty: 0M, Relocated: 0M, In-Place: 0
[237.278s][info][gc,reloc    ] GC(306) Large Pages: 0 / 0M, Empty: 0M, Relocated: 0M, In-Place: 0
[237.278s][info][gc,reloc    ] GC(306) Forwarding Usage: 0M
[237.278s][info][gc,heap     ] GC(306) Min Capacity: 8M(0%)
[237.278s][info][gc,heap     ] GC(306) Max Capacity: 2048M(100%)
[237.278s][info][gc,heap     ] GC(306) Soft Max Capacity: 2048M(100%)
[237.278s][info][gc,heap     ] GC(306)                Mark Start          Mark End        Relocate Start      Relocate End           High               Low         
[237.278s][info][gc,heap     ] GC(306)  Capacity:     2048M (100%)       2048M (100%)       2048M (100%)       2048M (100%)       2048M (100%)       2048M (100%)   
[237.278s][info][gc,heap     ] GC(306)      Free:     1054M (51%)        1028M (50%)        1856M (91%)        1936M (95%)        1936M (95%)         962M (47%)    
[237.278s][info][gc,heap     ] GC(306)      Used:      994M (49%)        1020M (50%)         192M (9%)          112M (5%)         1086M (53%)         112M (5%)     
[237.278s][info][gc,heap     ] GC(306)      Live:         -                 7M (0%)            7M (0%)            7M (0%)             -                  -          
[237.278s][info][gc,heap     ] GC(306) Allocated:         -                26M (1%)           98M (5%)          100M (5%)             -                  -          
[237.278s][info][gc,heap     ] GC(306)   Garbage:         -               986M (48%)          86M (4%)            4M (0%)             -                  -          
[237.278s][info][gc,heap     ] GC(306) Reclaimed:         -                  -               900M (44%)         982M (48%)            -                  -          
[237.278s][info][gc          ] GC(306) Garbage Collection (Allocation Rate) 994M(49%)->112M(5%)
[237.624s][info][gc,start    ] GC(307) Garbage Collection (Allocation Rate)
[237.624s][info][gc,task     ] GC(307) Using 2 workers
[237.624s][info][gc,phases   ] GC(307) Pause Mark Start 0.011ms
[237.634s][info][gc,phases   ] GC(307) Concurrent Mark 9.171ms
[237.634s][info][gc,phases   ] GC(307) Pause Mark End 0.015ms
[237.634s][info][gc,phases   ] GC(307) Concurrent Mark Free 0.001ms
[237.668s][info][gc,phases   ] GC(307) Concurrent Process Non-Strong References 33.944ms
[237.668s][info][gc,phases   ] GC(307) Concurrent Reset Relocation Set 0.006ms
[237.672s][info][gc,phases   ] GC(307) Concurrent Select Relocation Set 4.282ms
[237.672s][info][gc,phases   ] GC(307) Pause Relocate Start 0.008ms
[237.674s][info][gc,phases   ] GC(307) Concurrent Relocate 1.428ms
[237.674s][info][gc,load     ] GC(307) Load: 0.00/0.00/0.00
[237.674s][info][gc,mmu      ] GC(307) MMU: 2ms/94.9%, 5ms/98.0%, 10ms/99.0%, 20ms/99.4%, 50ms/99.8%, 100ms/99.9%
[237.674s][info][gc,marking  ] GC(307) Mark: 2 stripe(s), 2 proactive flush(es), 1 terminate flush(es), 0 completion(s), 0 continuation(s) 
[237.674s][info][gc,marking  ] GC(307) Mark Stack Usage: 32M
[237.674s][info][gc,nmethod  ] GC(307) NMethods: 651 registered, 30 unregistered
[237.674s][info][gc,metaspace] GC(307) Metaspace: 13M used, 14M committed, 1088M reserved
[237.674s][info][gc,ref      ] GC(307) Soft: 134 encountered, 0 discovered, 0 enqueued
[237.674s][info][gc,ref      ] GC(307) Weak: 721 encountered, 43 discovered, 0 enqueued
[237.674s][info][gc,ref      ] GC(307) Final: 0 encountered, 0 discovered, 0 enqueued
[237.674s][info][gc,ref      ] GC(307) Phantom: 59 encountered, 45 discovered, 0 enqueued
[237.674s][info][gc,reloc    ] GC(307) Small Pages: 368 / 736M, Empty: 666M, Relocated: 2M, In-Place: 0
[237.674s][info][gc,reloc    ] GC(307) Medium Pages: 0 / 0M, Empty: 0M, Relocated: 0M, In-Place: 0
[237.674s][info][gc,reloc    ] GC(307) Large Pages: 0 / 0M, Empty: 0M, Relocated: 0M, In-Place: 0
[237.674s][info][gc,reloc    ] GC(307) Forwarding Usage: 0M
[237.674s][info][gc,heap     ] GC(307) Min Capacity: 8M(0%)
[237.674s][info][gc,heap     ] GC(307) Max Capacity: 2048M(100%)
[237.674s][info][gc,heap     ] GC(307) Soft Max Capacity: 2048M(100%)
[237.674s][info][gc,heap     ] GC(307)                Mark Start          Mark End        Relocate Start      Relocate End           High               Low         
[237.674s][info][gc,heap     ] GC(307)  Capacity:     2048M (100%)       2048M (100%)       2048M (100%)       2048M (100%)       2048M (100%)       2048M (100%)   
[237.674s][info][gc,heap     ] GC(307)      Free:     1312M (64%)        1288M (63%)        1886M (92%)        1942M (95%)        1942M (95%)        1226M (60%)    
[237.674s][info][gc,heap     ] GC(307)      Used:      736M (36%)         760M (37%)         162M (8%)          106M (5%)          822M (40%)         106M (5%)     
[237.674s][info][gc,heap     ] GC(307)      Live:         -                 7M (0%)            7M (0%)            7M (0%)             -                  -          
[237.674s][info][gc,heap     ] GC(307) Allocated:         -                24M (1%)           92M (4%)           94M (5%)             -                  -          
[237.674s][info][gc,heap     ] GC(307)   Garbage:         -               728M (36%)          62M (3%)            4M (0%)             -                  -          
[237.674s][info][gc,heap     ] GC(307) Reclaimed:         -                  -               666M (33%)         724M (35%)            -                  -          
[237.674s][info][gc          ] GC(307) Garbage Collection (Allocation Rate) 736M(36%)->106M(5%)
[238.025s][info][gc,start    ] GC(308) Garbage Collection (Allocation Rate)
[238.025s][info][gc,task     ] GC(308) Using 1 workers
[238.025s][info][gc,phases   ] GC(308) Pause Mark Start 0.013ms
[238.040s][info][gc,phases   ] GC(308) Concurrent Mark 14.358ms
[238.040s][info][gc,phases   ] GC(308) Pause Mark End 0.015ms
[238.040s][info][gc,phases   ] GC(308) Concurrent Mark Free 0.001ms
[238.108s][info][gc,phases   ] GC(308) Concurrent Process Non-Strong References 67.640ms
[238.108s][info][gc,phases   ] GC(308) Concurrent Reset Relocation Set 0.004ms
[238.113s][info][gc,phases   ] GC(308) Concurrent Select Relocation Set 4.608ms
[238.113s][info][gc,phases   ] GC(308) Pause Relocate Start 0.008ms
[238.114s][info][gc,phases   ] GC(308) Concurrent Relocate 1.460ms
[238.114s][info][gc,load     ] GC(308) Load: 0.00/0.00/0.00
[238.114s][info][gc,mmu      ] GC(308) MMU: 2ms/94.9%, 5ms/98.0%, 10ms/99.0%, 20ms/99.4%, 50ms/99.8%, 100ms/99.9%
[238.114s][info][gc,marking  ] GC(308) Mark: 1 stripe(s), 2 proactive flush(es), 1 terminate flush(es), 0 completion(s), 0 continuation(s) 
[238.114s][info][gc,marking  ] GC(308) Mark Stack Usage: 32M
[238.114s][info][gc,nmethod  ] GC(308) NMethods: 651 registered, 30 unregistered
[238.114s][info][gc,metaspace] GC(308) Metaspace: 13M used, 14M committed, 1088M reserved
[238.114s][info][gc,ref      ] GC(308) Soft: 134 encountered, 0 discovered, 0 enqueued
[238.114s][info][gc,ref      ] GC(308) Weak: 721 encountered, 455 discovered, 0 enqueued
[238.114s][info][gc,ref      ] GC(308) Final: 0 encountered, 0 discovered, 0 enqueued
[238.114s][info][gc,ref      ] GC(308) Phantom: 59 encountered, 41 discovered, 0 enqueued
[238.114s][info][gc,reloc    ] GC(308) Small Pages: 329 / 658M, Empty: 586M, Relocated: 3M, In-Place: 0
[238.115s][info][gc,reloc    ] GC(308) Medium Pages: 0 / 0M, Empty: 0M, Relocated: 0M, In-Place: 0
[238.115s][info][gc,reloc    ] GC(308) Large Pages: 0 / 0M, Empty: 0M, Relocated: 0M, In-Place: 0
[238.115s][info][gc,reloc    ] GC(308) Forwarding Usage: 0M
[238.115s][info][gc,heap     ] GC(308) Min Capacity: 8M(0%)
[238.115s][info][gc,heap     ] GC(308) Max Capacity: 2048M(100%)
[238.115s][info][gc,heap     ] GC(308) Soft Max Capacity: 2048M(100%)
[238.115s][info][gc,heap     ] GC(308)                Mark Start          Mark End        Relocate Start      Relocate End           High               Low         
[238.115s][info][gc,heap     ] GC(308)  Capacity:     2048M (100%)       2048M (100%)       2048M (100%)       2048M (100%)       2048M (100%)       2048M (100%)   
[238.115s][info][gc,heap     ] GC(308)      Free:     1390M (68%)        1364M (67%)        1836M (90%)        1896M (93%)        1896M (93%)        1258M (61%)    
[238.115s][info][gc,heap     ] GC(308)      Used:      658M (32%)         684M (33%)         212M (10%)         152M (7%)          790M (39%)         152M (7%)     
[238.115s][info][gc,heap     ] GC(308)      Live:         -                 7M (0%)            7M (0%)            7M (0%)             -                  -          
[238.115s][info][gc,heap     ] GC(308) Allocated:         -                26M (1%)          140M (7%)          142M (7%)             -                  -          
[238.115s][info][gc,heap     ] GC(308)   Garbage:         -               650M (32%)          64M (3%)            2M (0%)             -                  -          
[238.115s][info][gc,heap     ] GC(308) Reclaimed:         -                  -               586M (29%)         648M (32%)            -                  -          
[238.115s][info][gc          ] GC(308) Garbage Collection (Allocation Rate) 658M(32%)->152M(7%)
[238.625s][info][gc,start    ] GC(309) Garbage Collection (Allocation Rate)
[238.625s][info][gc,task     ] GC(309) Using 1 workers
[238.625s][info][gc,phases   ] GC(309) Pause Mark Start 0.010ms
[238.640s][info][gc,phases   ] GC(309) Concurrent Mark 14.364ms
[238.640s][info][gc,phases   ] GC(309) Pause Mark End 0.017ms
[238.640s][info][gc,phases   ] GC(309) Concurrent Mark Free 0.001ms
[238.724s][info][gc,phases   ] GC(309) Concurrent Process Non-Strong References 83.521ms
[238.724s][info][gc,phases   ] GC(309) Concurrent Reset Relocation Set 0.005ms
[238.729s][info][gc,phases   ] GC(309) Concurrent Select Relocation Set 4.778ms
[238.729s][info][gc,phases   ] GC(309) Pause Relocate Start 0.007ms
[238.729s][info][gc,phases   ] GC(309) Concurrent Relocate 0.535ms
[238.729s][info][gc,load     ] GC(309) Load: 0.00/0.00/0.00
[238.729s][info][gc,mmu      ] GC(309) MMU: 2ms/94.9%, 5ms/98.0%, 10ms/99.0%, 20ms/99.4%, 50ms/99.8%, 100ms/99.9%
[238.729s][info][gc,marking  ] GC(309) Mark: 1 stripe(s), 2 proactive flush(es), 1 terminate flush(es), 0 completion(s), 0 continuation(s) 
[238.729s][info][gc,marking  ] GC(309) Mark Stack Usage: 32M
[238.729s][info][gc,nmethod  ] GC(309) NMethods: 651 registered, 30 unregistered
[238.729s][info][gc,metaspace] GC(309) Metaspace: 13M used, 14M committed, 1088M reserved
[238.729s][info][gc,ref      ] GC(309) Soft: 134 encountered, 0 discovered, 0 enqueued
[238.729s][info][gc,ref      ] GC(309) Weak: 721 encountered, 455 discovered, 0 enqueued
[238.729s][info][gc,ref      ] GC(309) Final: 0 encountered, 0 discovered, 0 enqueued
[238.729s][info][gc,ref      ] GC(309) Phantom: 59 encountered, 41 discovered, 0 enqueued
[238.729s][info][gc,reloc    ] GC(309) Small Pages: 634 / 1268M, Empty: 1182M, Relocated: 1M, In-Place: 0
[238.730s][info][gc,reloc    ] GC(309) Medium Pages: 0 / 0M, Empty: 0M, Relocated: 0M, In-Place: 0
[238.730s][info][gc,reloc    ] GC(309) Large Pages: 0 / 0M, Empty: 0M, Relocated: 0M, In-Place: 0
[238.730s][info][gc,reloc    ] GC(309) Forwarding Usage: 0M
[238.730s][info][gc,heap     ] GC(309) Min Capacity: 8M(0%)
[238.730s][info][gc,heap     ] GC(309) Max Capacity: 2048M(100%)
[238.730s][info][gc,heap     ] GC(309) Soft Max Capacity: 2048M(100%)
[238.730s][info][gc,heap     ] GC(309)                Mark Start          Mark End        Relocate Start      Relocate End           High               Low         
[238.730s][info][gc,heap     ] GC(309)  Capacity:     2048M (100%)       2048M (100%)       2048M (100%)       2048M (100%)       2048M (100%)       2048M (100%)   
[238.730s][info][gc,heap     ] GC(309)      Free:      780M (38%)         744M (36%)        1732M (85%)        1804M (88%)        1804M (88%)         560M (27%)    
[238.730s][info][gc,heap     ] GC(309)      Used:     1268M (62%)        1304M (64%)         316M (15%)         244M (12%)        1488M (73%)         244M (12%)    
[238.730s][info][gc,heap     ] GC(309)      Live:         -                 7M (0%)            7M (0%)            7M (0%)             -                  -          
[238.730s][info][gc,heap     ] GC(309) Allocated:         -                36M (2%)          230M (11%)         232M (11%)            -                  -          
[238.730s][info][gc,heap     ] GC(309)   Garbage:         -              1260M (62%)          78M (4%)            4M (0%)             -                  -          
[238.730s][info][gc,heap     ] GC(309) Reclaimed:         -                  -              1182M (58%)        1256M (61%)            -                  -          
[238.730s][info][gc          ] GC(309) Garbage Collection (Allocation Rate) 1268M(62%)->244M(12%)
[239.324s][info][gc,start    ] GC(310) Garbage Collection (Allocation Rate)
[239.325s][info][gc,task     ] GC(310) Using 1 workers
[239.325s][info][gc,phases   ] GC(310) Pause Mark Start 0.010ms
[239.338s][info][gc,phases   ] GC(310) Concurrent Mark 13.018ms
[239.338s][info][gc,phases   ] GC(310) Pause Mark End 0.015ms
[239.338s][info][gc,phases   ] GC(310) Concurrent Mark Free 0.001ms
[239.594s][info][gc,phases   ] GC(310) Concurrent Process Non-Strong References 255.889ms
[239.594s][info][gc,phases   ] GC(310) Concurrent Reset Relocation Set 0.005ms
[239.598s][info][gc,phases   ] GC(310) Concurrent Select Relocation Set 4.098ms
[239.603s][info][gc,phases   ] GC(310) Pause Relocate Start 0.009ms
[239.607s][info][gc,phases   ] GC(310) Concurrent Relocate 3.701ms
[239.607s][info][gc,load     ] GC(310) Load: 0.00/0.00/0.00
[239.607s][info][gc,mmu      ] GC(310) MMU: 2ms/94.9%, 5ms/98.0%, 10ms/99.0%, 20ms/99.4%, 50ms/99.8%, 100ms/99.9%
[239.607s][info][gc,marking  ] GC(310) Mark: 1 stripe(s), 2 proactive flush(es), 1 terminate flush(es), 0 completion(s), 0 continuation(s) 
[239.607s][info][gc,marking  ] GC(310) Mark Stack Usage: 32M
[239.607s][info][gc,nmethod  ] GC(310) NMethods: 651 registered, 30 unregistered
[239.607s][info][gc,metaspace] GC(310) Metaspace: 13M used, 14M committed, 1088M reserved
[239.607s][info][gc,ref      ] GC(310) Soft: 134 encountered, 0 discovered, 0 enqueued
[239.607s][info][gc,ref      ] GC(310) Weak: 721 encountered, 455 discovered, 0 enqueued
[239.607s][info][gc,ref      ] GC(310) Final: 0 encountered, 0 discovered, 0 enqueued
[239.607s][info][gc,ref      ] GC(310) Phantom: 59 encountered, 41 discovered, 0 enqueued
[239.607s][info][gc,reloc    ] GC(310) Small Pages: 664 / 1328M, Empty: 1224M, Relocated: 3M, In-Place: 0
[239.607s][info][gc,reloc    ] GC(310) Medium Pages: 0 / 0M, Empty: 0M, Relocated: 0M, In-Place: 0
[239.607s][info][gc,reloc    ] GC(310) Large Pages: 0 / 0M, Empty: 0M, Relocated: 0M, In-Place: 0
[239.607s][info][gc,reloc    ] GC(310) Forwarding Usage: 0M
[239.607s][info][gc,heap     ] GC(310) Min Capacity: 8M(0%)
[239.607s][info][gc,heap     ] GC(310) Max Capacity: 2048M(100%)
[239.607s][info][gc,heap     ] GC(310) Soft Max Capacity: 2048M(100%)
[239.607s][info][gc,heap     ] GC(310)                Mark Start          Mark End        Relocate Start      Relocate End           High               Low         
[239.607s][info][gc,heap     ] GC(310)  Capacity:     2048M (100%)       2048M (100%)       2048M (100%)       2048M (100%)       2048M (100%)       2048M (100%)   
[239.607s][info][gc,heap     ] GC(310)      Free:      720M (35%)         690M (34%)        1440M (70%)        1528M (75%)        1532M (75%)         224M (11%)    
[239.607s][info][gc,heap     ] GC(310)      Used:     1328M (65%)        1358M (66%)         608M (30%)         520M (25%)        1824M (89%)         516M (25%)    
[239.608s][info][gc,heap     ] GC(310)      Live:         -                 7M (0%)            7M (0%)            7M (0%)             -                  -          
[239.608s][info][gc,heap     ] GC(310) Allocated:         -                30M (1%)          504M (25%)         510M (25%)            -                  -          
[239.608s][info][gc,heap     ] GC(310)   Garbage:         -              1320M (64%)          96M (5%)            2M (0%)             -                  -          
[239.608s][info][gc,heap     ] GC(310) Reclaimed:         -                  -              1224M (60%)        1318M (64%)            -                  -          
[239.608s][info][gc          ] GC(310) Garbage Collection (Allocation Rate) 1328M(65%)->520M(25%)
[239.626s][info][gc,start    ] GC(311) Garbage Collection (Allocation Rate)
[239.626s][info][gc,task     ] GC(311) Using 1 workers
[239.626s][info][gc,phases   ] GC(311) Pause Mark Start 0.008ms
[239.642s][info][gc,phases   ] GC(311) Concurrent Mark 16.088ms
[239.642s][info][gc,phases   ] GC(311) Pause Mark End 0.013ms
[239.642s][info][gc,phases   ] GC(311) Concurrent Mark Free 0.001ms
[239.726s][info][gc,phases   ] GC(311) Concurrent Process Non-Strong References 84.019ms
[239.726s][info][gc,phases   ] GC(311) Concurrent Reset Relocation Set 0.008ms
[239.729s][info][gc,phases   ] GC(311) Concurrent Select Relocation Set 3.063ms
[239.730s][info][gc,phases   ] GC(311) Pause Relocate Start 0.008ms
[239.730s][info][gc,phases   ] GC(311) Concurrent Relocate 0.433ms
[239.730s][info][gc,load     ] GC(311) Load: 0.00/0.00/0.00
[239.730s][info][gc,mmu      ] GC(311) MMU: 2ms/94.9%, 5ms/98.0%, 10ms/99.0%, 20ms/99.4%, 50ms/99.8%, 100ms/99.9%
[239.730s][info][gc,marking  ] GC(311) Mark: 1 stripe(s), 2 proactive flush(es), 1 terminate flush(es), 0 completion(s), 0 continuation(s) 
[239.730s][info][gc,marking  ] GC(311) Mark Stack Usage: 32M
[239.730s][info][gc,nmethod  ] GC(311) NMethods: 651 registered, 30 unregistered
[239.730s][info][gc,metaspace] GC(311) Metaspace: 13M used, 14M committed, 1088M reserved
[239.730s][info][gc,ref      ] GC(311) Soft: 134 encountered, 0 discovered, 0 enqueued
[239.730s][info][gc,ref      ] GC(311) Weak: 721 encountered, 455 discovered, 0 enqueued
[239.730s][info][gc,ref      ] GC(311) Final: 0 encountered, 0 discovered, 0 enqueued
[239.730s][info][gc,ref      ] GC(311) Phantom: 59 encountered, 41 discovered, 0 enqueued
[239.730s][info][gc,reloc    ] GC(311) Small Pages: 276 / 552M, Empty: 494M, Relocated: 1M, In-Place: 0
[239.730s][info][gc,reloc    ] GC(311) Medium Pages: 0 / 0M, Empty: 0M, Relocated: 0M, In-Place: 0
[239.730s][info][gc,reloc    ] GC(311) Large Pages: 0 / 0M, Empty: 0M, Relocated: 0M, In-Place: 0
[239.730s][info][gc,reloc    ] GC(311) Forwarding Usage: 0M
[239.730s][info][gc,heap     ] GC(311) Min Capacity: 8M(0%)
[239.730s][info][gc,heap     ] GC(311) Max Capacity: 2048M(100%)
[239.730s][info][gc,heap     ] GC(311) Soft Max Capacity: 2048M(100%)
[239.730s][info][gc,heap     ] GC(311)                Mark Start          Mark End        Relocate Start      Relocate End           High               Low         
[239.730s][info][gc,heap     ] GC(311)  Capacity:     2048M (100%)       2048M (100%)       2048M (100%)       2048M (100%)       2048M (100%)       2048M (100%)   
[239.730s][info][gc,heap     ] GC(311)      Free:     1496M (73%)        1458M (71%)        1800M (88%)        1846M (90%)        1846M (90%)        1312M (64%)    
[239.730s][info][gc,heap     ] GC(311)      Used:      552M (27%)         590M (29%)         248M (12%)         202M (10%)         736M (36%)         202M (10%)    
[239.731s][info][gc,heap     ] GC(311)      Live:         -                 7M (0%)            7M (0%)            7M (0%)             -                  -          
[239.731s][info][gc,heap     ] GC(311) Allocated:         -                38M (2%)          190M (9%)          190M (9%)             -                  -          
[239.731s][info][gc,heap     ] GC(311)   Garbage:         -               544M (27%)          50M (2%)            3M (0%)             -                  -          
[239.731s][info][gc,heap     ] GC(311) Reclaimed:         -                  -               494M (24%)         540M (26%)            -                  -          
[239.731s][info][gc          ] GC(311) Garbage Collection (Allocation Rate) 552M(27%)->202M(10%)
[240.125s][info][gc,start    ] GC(312) Garbage Collection (Allocation Rate)
[240.125s][info][gc,task     ] GC(312) Using 1 workers
[240.125s][info][gc,phases   ] GC(312) Pause Mark Start 0.011ms
[240.127s][info][gc,stats    ] === Garbage Collection Statistics =======================================================================================================================
[240.127s][info][gc,stats    ]                                                              Last 10s              Last 10m              Last 10h                Total
[240.127s][info][gc,stats    ]                                                              Avg / Max             Avg / Max             Avg / Max             Avg / Max
[240.127s][info][gc,stats    ]   Collector: Garbage Collection Cycle                    108.095 / 282.689      77.129 / 282.689      77.129 / 282.689      77.129 / 282.689     ms
[240.127s][info][gc,stats    ]  Contention: Mark Segment Reset Contention                     0 / 4                 0 / 11                0 / 11                0 / 11          ops/s
[240.127s][info][gc,stats    ]  Contention: Mark SeqNum Reset Contention                      0 / 1                 0 / 2                 0 / 2                 0 / 2           ops/s
[240.127s][info][gc,stats    ]    Critical: Allocation Stall                                  0 / 0                 0 / 43                0 / 43                0 / 43          ops/s
[240.127s][info][gc,stats    ]    Critical: Allocation Stall                              0.000 / 0.000        23.670 / 55.638       23.670 / 55.638       23.670 / 55.638      ms
[240.127s][info][gc,stats    ]    Critical: GC Locker Stall                                   0 / 0                 0 / 0                 0 / 0                 0 / 0           ops/s
[240.127s][info][gc,stats    ]    Critical: GC Locker Stall                               0.000 / 0.000         0.000 / 0.000         0.000 / 0.000         0.000 / 0.000       ms
[240.127s][info][gc,stats    ]    Critical: Relocation Stall                                  0 / 0                 0 / 0                 0 / 0                 0 / 0           ops/s
[240.127s][info][gc,stats    ]    Critical: Relocation Stall                              0.000 / 0.000         0.000 / 0.000         0.000 / 0.000         0.000 / 0.000       ms
[240.127s][info][gc,stats    ]      Memory: Allocation Rate                                1744 / 2316           1850 / 2316           1850 / 2316           1850 / 2316        MB/s
[240.127s][info][gc,stats    ]      Memory: Defragment                                        0 / 0                 0 / 0                 0 / 0                 0 / 0           ops/s
[240.127s][info][gc,stats    ]      Memory: Out Of Memory                                     0 / 0                 0 / 0                 0 / 0                 0 / 0           ops/s
[240.127s][info][gc,stats    ]      Memory: Page Cache Flush                                  0 / 0                 0 / 0                 0 / 0                 0 / 0           MB/s
[240.127s][info][gc,stats    ]      Memory: Page Cache Hit L1                               876 / 1159            924 / 1159            924 / 1159            924 / 1159        ops/s
[240.127s][info][gc,stats    ]      Memory: Page Cache Hit L2                                 0 / 0                 0 / 0                 0 / 0                 0 / 0           ops/s
[240.127s][info][gc,stats    ]      Memory: Page Cache Hit L3                                 0 / 0                 4 / 449               4 / 449               4 / 449         ops/s
[240.127s][info][gc,stats    ]      Memory: Page Cache Miss                                   0 / 0                 0 / 1                 0 / 1                 0 / 1           ops/s
[240.127s][info][gc,stats    ]      Memory: Uncommit                                          0 / 0                 0 / 0                 0 / 0                 0 / 0           MB/s
[240.127s][info][gc,stats    ]      Memory: Undo Object Allocation Failed                    50 / 169              24 / 169              24 / 169              24 / 169         ops/s
[240.127s][info][gc,stats    ]      Memory: Undo Object Allocation Succeeded                  2 / 8                 1 / 21                1 / 21                1 / 21          ops/s
[240.127s][info][gc,stats    ]      Memory: Undo Page Allocation                             68 / 133              65 / 221              65 / 221              65 / 221         ops/s
[240.127s][info][gc,stats    ]       Phase: Concurrent Mark                              12.318 / 16.088       15.264 / 212.397      15.264 / 212.397      15.264 / 212.397     ms
[240.127s][info][gc,stats    ]       Phase: Concurrent Mark Continue                      0.000 / 0.000         0.000 / 0.000         0.000 / 0.000         0.000 / 0.000       ms
[240.127s][info][gc,stats    ]       Phase: Concurrent Mark Free                          0.001 / 0.001         0.001 / 0.002         0.001 / 0.002         0.001 / 0.002       ms
[240.127s][info][gc,stats    ]       Phase: Concurrent Process Non-Strong References     80.194 / 259.891      49.283 / 259.891      49.283 / 259.891      49.283 / 259.891     ms
[240.127s][info][gc,stats    ]       Phase: Concurrent Relocate                           1.148 / 3.701         1.492 / 5.770         1.492 / 5.770         1.492 / 5.770       ms
[240.127s][info][gc,stats    ]       Phase: Concurrent Reset Relocation Set               0.006 / 0.011         0.006 / 0.011         0.006 / 0.011         0.006 / 0.011       ms
[240.127s][info][gc,stats    ]       Phase: Concurrent Select Relocation Set              3.947 / 4.989         4.398 / 14.014        4.398 / 14.014        4.398 / 14.014      ms
[240.127s][info][gc,stats    ]       Phase: Pause Mark End                                0.018 / 0.058         0.017 / 0.102         0.017 / 0.102         0.017 / 0.102       ms
[240.127s][info][gc,stats    ]       Phase: Pause Mark Start                              0.012 / 0.015         0.012 / 0.049         0.012 / 0.049         0.012 / 0.049       ms
[240.127s][info][gc,stats    ]       Phase: Pause Relocate Start                          0.007 / 0.009         0.007 / 0.020         0.007 / 0.020         0.007 / 0.020       ms
[240.127s][info][gc,stats    ]    Subphase: Concurrent Classes Purge                      0.006 / 0.012         0.042 / 5.454         0.042 / 5.454         0.042 / 5.454       ms
[240.127s][info][gc,stats    ]    Subphase: Concurrent Classes Unlink                     0.904 / 1.406         3.441 / 10.160        3.441 / 10.160        3.441 / 10.160      ms
[240.127s][info][gc,stats    ]    Subphase: Concurrent Mark                               9.243 / 15.091        9.803 / 211.109       9.803 / 211.109       9.803 / 211.109     ms
[240.127s][info][gc,stats    ]    Subphase: Concurrent Mark Try Flush                     0.082 / 0.237         0.503 / 193.285       0.503 / 193.285       0.503 / 193.285     ms
[240.127s][info][gc,stats    ]    Subphase: Concurrent Mark Try Terminate                 2.464 / 11.269        2.254 / 16.632        2.254 / 16.632        2.254 / 16.632      ms
[240.127s][info][gc,stats    ]    Subphase: Concurrent References Enqueue                 0.001 / 0.005         0.001 / 0.006         0.001 / 0.006         0.001 / 0.006       ms
[240.127s][info][gc,stats    ]    Subphase: Concurrent References Process                 0.099 / 0.192         0.102 / 0.206         0.102 / 0.206         0.102 / 0.206       ms
[240.127s][info][gc,stats    ]    Subphase: Concurrent Roots ClassLoaderDataGraph         0.111 / 0.727         0.111 / 1.252         0.111 / 1.252         0.111 / 1.252       ms
[240.128s][info][gc,stats    ]    Subphase: Concurrent Roots CodeCache                    0.000 / 0.000         0.000 / 0.000         0.000 / 0.000         0.000 / 0.000       ms
[240.128s][info][gc,stats    ]    Subphase: Concurrent Roots JavaThreads                  0.357 / 1.456         0.323 / 1.791         0.323 / 1.791         0.323 / 1.791       ms
[240.128s][info][gc,stats    ]    Subphase: Concurrent Roots OopStorageSet                0.035 / 0.075         0.046 / 0.778         0.046 / 0.778         0.046 / 0.778       ms
[240.128s][info][gc,stats    ]    Subphase: Concurrent Weak Roots OopStorageSet          29.409 / 85.990       19.620 / 89.038       19.620 / 89.038       19.620 / 89.038      ms
[240.128s][info][gc,stats    ]    Subphase: Pause Mark Try Complete                       0.003 / 0.004         0.002 / 0.006         0.002 / 0.006         0.002 / 0.006       ms
[240.128s][info][gc,stats    ]      System: Java Threads                                     51 / 60               55 / 73               55 / 73               55 / 73          threads
[240.128s][info][gc,stats    ] =========================================================================================================================================================
[240.139s][info][gc,phases   ] GC(312) Concurrent Mark 13.610ms
[240.139s][info][gc,phases   ] GC(312) Pause Mark End 0.015ms
[240.139s][info][gc,phases   ] GC(312) Concurrent Mark Free 0.001ms
[240.213s][info][gc,phases   ] GC(312) Concurrent Process Non-Strong References 74.569ms
[240.214s][info][gc,phases   ] GC(312) Concurrent Reset Relocation Set 0.004ms
[240.218s][info][gc,phases   ] GC(312) Concurrent Select Relocation Set 4.266ms
[240.218s][info][gc,phases   ] GC(312) Pause Relocate Start 0.008ms
[240.219s][info][gc,phases   ] GC(312) Concurrent Relocate 0.443ms
[240.219s][info][gc,load     ] GC(312) Load: 0.00/0.00/0.00
[240.219s][info][gc,mmu      ] GC(312) MMU: 2ms/94.9%, 5ms/98.0%, 10ms/99.0%, 20ms/99.4%, 50ms/99.8%, 100ms/99.9%
[240.219s][info][gc,marking  ] GC(312) Mark: 1 stripe(s), 2 proactive flush(es), 1 terminate flush(es), 0 completion(s), 0 continuation(s) 
[240.219s][info][gc,marking  ] GC(312) Mark Stack Usage: 32M
[240.219s][info][gc,nmethod  ] GC(312) NMethods: 651 registered, 30 unregistered
[240.219s][info][gc,metaspace] GC(312) Metaspace: 13M used, 14M committed, 1088M reserved
[240.219s][info][gc,ref      ] GC(312) Soft: 134 encountered, 0 discovered, 0 enqueued
[240.219s][info][gc,ref      ] GC(312) Weak: 721 encountered, 455 discovered, 0 enqueued
[240.219s][info][gc,ref      ] GC(312) Final: 0 encountered, 0 discovered, 0 enqueued
[240.219s][info][gc,ref      ] GC(312) Phantom: 59 encountered, 41 discovered, 0 enqueued
[240.219s][info][gc,reloc    ] GC(312) Small Pages: 389 / 778M, Empty: 698M, Relocated: 1M, In-Place: 0
[240.219s][info][gc,reloc    ] GC(312) Medium Pages: 0 / 0M, Empty: 0M, Relocated: 0M, In-Place: 0
[240.219s][info][gc,reloc    ] GC(312) Large Pages: 0 / 0M, Empty: 0M, Relocated: 0M, In-Place: 0
[240.219s][info][gc,reloc    ] GC(312) Forwarding Usage: 0M
[240.219s][info][gc,heap     ] GC(312) Min Capacity: 8M(0%)
[240.219s][info][gc,heap     ] GC(312) Max Capacity: 2048M(100%)
[240.219s][info][gc,heap     ] GC(312) Soft Max Capacity: 2048M(100%)
[240.219s][info][gc,heap     ] GC(312)                Mark Start          Mark End        Relocate Start      Relocate End           High               Low         
[240.219s][info][gc,heap     ] GC(312)  Capacity:     2048M (100%)       2048M (100%)       2048M (100%)       2048M (100%)       2048M (100%)       2048M (100%)   
[240.219s][info][gc,heap     ] GC(312)      Free:     1270M (62%)        1244M (61%)        1820M (89%)        1890M (92%)        1890M (92%)        1128M (55%)    
[240.219s][info][gc,heap     ] GC(312)      Used:      778M (38%)         804M (39%)         228M (11%)         158M (8%)          920M (45%)         158M (8%)     
[240.219s][info][gc,heap     ] GC(312)      Live:         -                 7M (0%)            7M (0%)            7M (0%)             -                  -          
[240.219s][info][gc,heap     ] GC(312) Allocated:         -                26M (1%)          148M (7%)          146M (7%)             -                  -          
[240.219s][info][gc,heap     ] GC(312)   Garbage:         -               770M (38%)          72M (4%)            3M (0%)             -                  -          
[240.219s][info][gc,heap     ] GC(312) Reclaimed:         -                  -               698M (34%)         766M (37%)            -                  -          
[240.219s][info][gc          ] GC(312) Garbage Collection (Allocation Rate) 778M(38%)->158M(8%)
[240.825s][info][gc,start    ] GC(313) Garbage Collection (Allocation Rate)
[240.825s][info][gc,task     ] GC(313) Using 1 workers
[240.825s][info][gc,phases   ] GC(313) Pause Mark Start 0.010ms
[240.841s][info][gc,phases   ] GC(313) Concurrent Mark 15.472ms
[240.847s][info][gc,phases   ] GC(313) Pause Mark End 0.016ms
[240.847s][info][gc,phases   ] GC(313) Concurrent Mark Free 0.001ms
[240.921s][info][gc,phases   ] GC(313) Concurrent Process Non-Strong References 74.039ms
[240.921s][info][gc,phases   ] GC(313) Concurrent Reset Relocation Set 0.005ms
[240.926s][info][gc,phases   ] GC(313) Concurrent Select Relocation Set 4.636ms
[240.926s][info][gc,phases   ] GC(313) Pause Relocate Start 0.009ms
[240.928s][info][gc,phases   ] GC(313) Concurrent Relocate 2.110ms
[240.928s][info][gc,load     ] GC(313) Load: 0.00/0.00/0.00
[240.928s][info][gc,mmu      ] GC(313) MMU: 2ms/94.9%, 5ms/98.0%, 10ms/99.0%, 20ms/99.4%, 50ms/99.8%, 100ms/99.9%
[240.928s][info][gc,marking  ] GC(313) Mark: 1 stripe(s), 2 proactive flush(es), 1 terminate flush(es), 0 completion(s), 0 continuation(s) 
[240.928s][info][gc,marking  ] GC(313) Mark Stack Usage: 32M
[240.928s][info][gc,nmethod  ] GC(313) NMethods: 651 registered, 30 unregistered
[240.928s][info][gc,metaspace] GC(313) Metaspace: 13M used, 14M committed, 1088M reserved
[240.928s][info][gc,ref      ] GC(313) Soft: 134 encountered, 0 discovered, 0 enqueued
[240.928s][info][gc,ref      ] GC(313) Weak: 721 encountered, 455 discovered, 0 enqueued
[240.928s][info][gc,ref      ] GC(313) Final: 0 encountered, 0 discovered, 0 enqueued
[240.928s][info][gc,ref      ] GC(313) Phantom: 59 encountered, 41 discovered, 0 enqueued
[240.928s][info][gc,reloc    ] GC(313) Small Pages: 654 / 1308M, Empty: 1208M, Relocated: 1M, In-Place: 0
[240.928s][info][gc,reloc    ] GC(313) Medium Pages: 0 / 0M, Empty: 0M, Relocated: 0M, In-Place: 0
[240.928s][info][gc,reloc    ] GC(313) Large Pages: 0 / 0M, Empty: 0M, Relocated: 0M, In-Place: 0
[240.928s][info][gc,reloc    ] GC(313) Forwarding Usage: 0M
[240.928s][info][gc,heap     ] GC(313) Min Capacity: 8M(0%)
[240.928s][info][gc,heap     ] GC(313) Max Capacity: 2048M(100%)
[240.928s][info][gc,heap     ] GC(313) Soft Max Capacity: 2048M(100%)
[240.928s][info][gc,heap     ] GC(313)                Mark Start          Mark End        Relocate Start      Relocate End           High               Low         
[240.928s][info][gc,heap     ] GC(313)  Capacity:     2048M (100%)       2048M (100%)       2048M (100%)       2048M (100%)       2048M (100%)       2048M (100%)   
[240.928s][info][gc,heap     ] GC(313)      Free:      740M (36%)         692M (34%)        1750M (85%)        1836M (90%)        1838M (90%)         552M (27%)    
[240.928s][info][gc,heap     ] GC(313)      Used:     1308M (64%)        1356M (66%)         298M (15%)         212M (10%)        1496M (73%)         210M (10%)    
[240.928s][info][gc,heap     ] GC(313)      Live:         -                 7M (0%)            7M (0%)            7M (0%)             -                  -          
[240.928s][info][gc,heap     ] GC(313) Allocated:         -                48M (2%)          198M (10%)         201M (10%)            -                  -          
[240.928s][info][gc,heap     ] GC(313)   Garbage:         -              1300M (63%)          92M (4%)            2M (0%)             -                  -          
[240.928s][info][gc,heap     ] GC(313) Reclaimed:         -                  -              1208M (59%)        1297M (63%)            -                  -          
[240.928s][info][gc          ] GC(313) Garbage Collection (Allocation Rate) 1308M(64%)->212M(10%)
[241.525s][info][gc,start    ] GC(314) Garbage Collection (Allocation Rate)
[241.525s][info][gc,task     ] GC(314) Using 1 workers
[241.525s][info][gc,phases   ] GC(314) Pause Mark Start 0.009ms
[241.540s][info][gc,phases   ] GC(314) Concurrent Mark 14.430ms
[241.540s][info][gc,phases   ] GC(314) Pause Mark End 0.016ms
[241.540s][info][gc,phases   ] GC(314) Concurrent Mark Free 0.001ms
[241.625s][info][gc,phases   ] GC(314) Concurrent Process Non-Strong References 85.397ms
[241.626s][info][gc,phases   ] GC(314) Concurrent Reset Relocation Set 0.005ms
[241.630s][info][gc,phases   ] GC(314) Concurrent Select Relocation Set 4.567ms
[241.630s][info][gc,phases   ] GC(314) Pause Relocate Start 0.008ms
[241.633s][info][gc,phases   ] GC(314) Concurrent Relocate 2.766ms
[241.633s][info][gc,load     ] GC(314) Load: 0.00/0.00/0.00
[241.633s][info][gc,mmu      ] GC(314) MMU: 2ms/94.9%, 5ms/98.0%, 10ms/99.0%, 20ms/99.4%, 50ms/99.8%, 100ms/99.9%
[241.633s][info][gc,marking  ] GC(314) Mark: 1 stripe(s), 2 proactive flush(es), 1 terminate flush(es), 0 completion(s), 0 continuation(s) 
[241.633s][info][gc,marking  ] GC(314) Mark Stack Usage: 32M
[241.633s][info][gc,nmethod  ] GC(314) NMethods: 651 registered, 30 unregistered
[241.633s][info][gc,metaspace] GC(314) Metaspace: 13M used, 14M committed, 1088M reserved
[241.633s][info][gc,ref      ] GC(314) Soft: 134 encountered, 0 discovered, 0 enqueued
[241.633s][info][gc,ref      ] GC(314) Weak: 721 encountered, 455 discovered, 0 enqueued
[241.633s][info][gc,ref      ] GC(314) Final: 0 encountered, 0 discovered, 0 enqueued
[241.633s][info][gc,ref      ] GC(314) Phantom: 59 encountered, 41 discovered, 0 enqueued
[241.633s][info][gc,reloc    ] GC(314) Small Pages: 679 / 1358M, Empty: 1258M, Relocated: 1M, In-Place: 0
[241.633s][info][gc,reloc    ] GC(314) Medium Pages: 0 / 0M, Empty: 0M, Relocated: 0M, In-Place: 0
[241.633s][info][gc,reloc    ] GC(314) Large Pages: 0 / 0M, Empty: 0M, Relocated: 0M, In-Place: 0
[241.633s][info][gc,reloc    ] GC(314) Forwarding Usage: 0M
[241.633s][info][gc,heap     ] GC(314) Min Capacity: 8M(0%)
[241.633s][info][gc,heap     ] GC(314) Max Capacity: 2048M(100%)
[241.633s][info][gc,heap     ] GC(314) Soft Max Capacity: 2048M(100%)
[241.633s][info][gc,heap     ] GC(314)                Mark Start          Mark End        Relocate Start      Relocate End           High               Low         
[241.633s][info][gc,heap     ] GC(314)  Capacity:     2048M (100%)       2048M (100%)       2048M (100%)       2048M (100%)       2048M (100%)       2048M (100%)   
[241.633s][info][gc,heap     ] GC(314)      Free:      690M (34%)         654M (32%)        1740M (85%)        1824M (89%)        1828M (89%)         490M (24%)    
[241.633s][info][gc,heap     ] GC(314)      Used:     1358M (66%)        1394M (68%)         308M (15%)         224M (11%)        1558M (76%)         220M (11%)    
[241.634s][info][gc,heap     ] GC(314)      Live:         -                 8M (0%)            8M (0%)            8M (0%)             -                  -          
[241.634s][info][gc,heap     ] GC(314) Allocated:         -                36M (2%)          208M (10%)         213M (10%)            -                  -          
[241.634s][info][gc,heap     ] GC(314)   Garbage:         -              1349M (66%)          91M (4%)            1M (0%)             -                  -          
[241.634s][info][gc,heap     ] GC(314) Reclaimed:         -                  -              1258M (61%)        1347M (66%)            -                  -          
[241.634s][info][gc          ] GC(314) Garbage Collection (Allocation Rate) 1358M(66%)->224M(11%)
[242.325s][info][gc,start    ] GC(315) Garbage Collection (Allocation Rate)
[242.325s][info][gc,task     ] GC(315) Using 1 workers
[242.330s][info][gc,phases   ] GC(315) Pause Mark Start 0.010ms
[242.348s][info][gc,phases   ] GC(315) Concurrent Mark 17.989ms
[242.348s][info][gc,phases   ] GC(315) Pause Mark End 0.016ms
[242.349s][info][gc,phases   ] GC(315) Concurrent Mark Free 0.001ms
[242.547s][info][gc,phases   ] GC(315) Concurrent Process Non-Strong References 197.939ms
[242.547s][info][gc,phases   ] GC(315) Concurrent Reset Relocation Set 0.005ms
[242.552s][info][gc,phases   ] GC(315) Concurrent Select Relocation Set 4.926ms
[242.552s][info][gc,phases   ] GC(315) Pause Relocate Start 0.008ms
[242.552s][info][gc,phases   ] GC(315) Concurrent Relocate 0.299ms
[242.552s][info][gc,load     ] GC(315) Load: 0.00/0.00/0.00
[242.552s][info][gc,mmu      ] GC(315) MMU: 2ms/94.9%, 5ms/98.0%, 10ms/99.0%, 20ms/99.4%, 50ms/99.8%, 100ms/99.9%
[242.552s][info][gc,marking  ] GC(315) Mark: 1 stripe(s), 2 proactive flush(es), 1 terminate flush(es), 0 completion(s), 0 continuation(s) 
[242.552s][info][gc,marking  ] GC(315) Mark Stack Usage: 32M
[242.552s][info][gc,nmethod  ] GC(315) NMethods: 651 registered, 30 unregistered
[242.552s][info][gc,metaspace] GC(315) Metaspace: 13M used, 14M committed, 1088M reserved
[242.552s][info][gc,ref      ] GC(315) Soft: 134 encountered, 0 discovered, 0 enqueued
[242.552s][info][gc,ref      ] GC(315) Weak: 721 encountered, 455 discovered, 0 enqueued
[242.552s][info][gc,ref      ] GC(315) Final: 0 encountered, 0 discovered, 0 enqueued
[242.552s][info][gc,ref      ] GC(315) Phantom: 59 encountered, 41 discovered, 0 enqueued
[242.552s][info][gc,reloc    ] GC(315) Small Pages: 772 / 1544M, Empty: 1428M, Relocated: 0M, In-Place: 0
[242.552s][info][gc,reloc    ] GC(315) Medium Pages: 0 / 0M, Empty: 0M, Relocated: 0M, In-Place: 0
[242.552s][info][gc,reloc    ] GC(315) Large Pages: 0 / 0M, Empty: 0M, Relocated: 0M, In-Place: 0
[242.552s][info][gc,reloc    ] GC(315) Forwarding Usage: 0M
[242.552s][info][gc,heap     ] GC(315) Min Capacity: 8M(0%)
[242.552s][info][gc,heap     ] GC(315) Max Capacity: 2048M(100%)
[242.552s][info][gc,heap     ] GC(315) Soft Max Capacity: 2048M(100%)
[242.553s][info][gc,heap     ] GC(315)                Mark Start          Mark End        Relocate Start      Relocate End           High               Low         
[242.553s][info][gc,heap     ] GC(315)  Capacity:     2048M (100%)       2048M (100%)       2048M (100%)       2048M (100%)       2048M (100%)       2048M (100%)   
[242.553s][info][gc,heap     ] GC(315)      Free:      504M (25%)         462M (23%)        1504M (73%)        1606M (78%)        1606M (78%)          84M (4%)     
[242.553s][info][gc,heap     ] GC(315)      Used:     1544M (75%)        1586M (77%)         544M (27%)         442M (22%)        1964M (96%)         442M (22%)    
[242.553s][info][gc,heap     ] GC(315)      Live:         -                 8M (0%)            8M (0%)            8M (0%)             -                  -          
[242.553s][info][gc,heap     ] GC(315) Allocated:         -                42M (2%)          428M (21%)         429M (21%)            -                  -          
[242.553s][info][gc,heap     ] GC(315)   Garbage:         -              1535M (75%)         107M (5%)            3M (0%)             -                  -          
[242.553s][info][gc,heap     ] GC(315) Reclaimed:         -                  -              1428M (70%)        1531M (75%)            -                  -          
[242.553s][info][gc          ] GC(315) Garbage Collection (Allocation Rate) 1544M(75%)->442M(22%)
[242.925s][info][gc,start    ] GC(316) Garbage Collection (Allocation Rate)
[242.925s][info][gc,task     ] GC(316) Using 1 workers
[242.925s][info][gc,phases   ] GC(316) Pause Mark Start 0.011ms
[242.939s][info][gc,phases   ] GC(316) Concurrent Mark 14.494ms
[242.940s][info][gc,phases   ] GC(316) Pause Mark End 0.015ms
[242.940s][info][gc,phases   ] GC(316) Concurrent Mark Free 0.002ms
[243.012s][info][gc,phases   ] GC(316) Concurrent Process Non-Strong References 71.988ms
[243.012s][info][gc,phases   ] GC(316) Concurrent Reset Relocation Set 0.004ms
[243.015s][info][gc,phases   ] GC(316) Concurrent Select Relocation Set 3.319ms
[243.015s][info][gc,phases   ] GC(316) Pause Relocate Start 0.008ms
[243.016s][info][gc,phases   ] GC(316) Concurrent Relocate 0.262ms
[243.016s][info][gc,load     ] GC(316) Load: 0.00/0.00/0.00
[243.016s][info][gc,mmu      ] GC(316) MMU: 2ms/94.9%, 5ms/98.0%, 10ms/99.0%, 20ms/99.4%, 50ms/99.8%, 100ms/99.9%
[243.016s][info][gc,marking  ] GC(316) Mark: 1 stripe(s), 2 proactive flush(es), 1 terminate flush(es), 0 completion(s), 0 continuation(s) 
[243.016s][info][gc,marking  ] GC(316) Mark Stack Usage: 32M
[243.016s][info][gc,nmethod  ] GC(316) NMethods: 651 registered, 30 unregistered
[243.016s][info][gc,metaspace] GC(316) Metaspace: 13M used, 14M committed, 1088M reserved
[243.016s][info][gc,ref      ] GC(316) Soft: 134 encountered, 0 discovered, 0 enqueued
[243.016s][info][gc,ref      ] GC(316) Weak: 721 encountered, 455 discovered, 0 enqueued
[243.016s][info][gc,ref      ] GC(316) Final: 0 encountered, 0 discovered, 0 enqueued
[243.016s][info][gc,ref      ] GC(316) Phantom: 59 encountered, 41 discovered, 0 enqueued
[243.016s][info][gc,reloc    ] GC(316) Small Pages: 561 / 1122M, Empty: 1032M, Relocated: 0M, In-Place: 0
[243.016s][info][gc,reloc    ] GC(316) Medium Pages: 0 / 0M, Empty: 0M, Relocated: 0M, In-Place: 0
[243.016s][info][gc,reloc    ] GC(316) Large Pages: 0 / 0M, Empty: 0M, Relocated: 0M, In-Place: 0
[243.016s][info][gc,reloc    ] GC(316) Forwarding Usage: 0M
[243.016s][info][gc,heap     ] GC(316) Min Capacity: 8M(0%)
[243.016s][info][gc,heap     ] GC(316) Max Capacity: 2048M(100%)
[243.016s][info][gc,heap     ] GC(316) Soft Max Capacity: 2048M(100%)
[243.016s][info][gc,heap     ] GC(316)                Mark Start          Mark End        Relocate Start      Relocate End           High               Low         
[243.016s][info][gc,heap     ] GC(316)  Capacity:     2048M (100%)       2048M (100%)       2048M (100%)       2048M (100%)       2048M (100%)       2048M (100%)   
[243.016s][info][gc,heap     ] GC(316)      Free:      926M (45%)         890M (43%)        1784M (87%)        1860M (91%)        1860M (91%)         758M (37%)    
[243.016s][info][gc,heap     ] GC(316)      Used:     1122M (55%)        1158M (57%)         264M (13%)         188M (9%)         1290M (63%)         188M (9%)     
[243.016s][info][gc,heap     ] GC(316)      Live:         -                 8M (0%)            8M (0%)            8M (0%)             -                  -          
[243.016s][info][gc,heap     ] GC(316) Allocated:         -                36M (2%)          174M (8%)          175M (9%)             -                  -          
[243.016s][info][gc,heap     ] GC(316)   Garbage:         -              1113M (54%)          81M (4%)            3M (0%)             -                  -          
[243.016s][info][gc,heap     ] GC(316) Reclaimed:         -                  -              1032M (50%)        1109M (54%)            -                  -          
[243.016s][info][gc          ] GC(316) Garbage Collection (Allocation Rate) 1122M(55%)->188M(9%)
[243.625s][info][gc,start    ] GC(317) Garbage Collection (Allocation Rate)
[243.625s][info][gc,task     ] GC(317) Using 1 workers
[243.625s][info][gc,phases   ] GC(317) Pause Mark Start 0.012ms
[243.639s][info][gc,phases   ] GC(317) Concurrent Mark 13.735ms
[243.639s][info][gc,phases   ] GC(317) Pause Mark End 0.013ms
[243.639s][info][gc,phases   ] GC(317) Concurrent Mark Free 0.001ms
[243.709s][info][gc,phases   ] GC(317) Concurrent Process Non-Strong References 70.180ms
[243.710s][info][gc,phases   ] GC(317) Concurrent Reset Relocation Set 0.005ms
[243.713s][info][gc,phases   ] GC(317) Concurrent Select Relocation Set 3.508ms
[243.713s][info][gc,phases   ] GC(317) Pause Relocate Start 0.007ms
[243.714s][info][gc,phases   ] GC(317) Concurrent Relocate 0.293ms
[243.714s][info][gc,load     ] GC(317) Load: 0.00/0.00/0.00
[243.714s][info][gc,mmu      ] GC(317) MMU: 2ms/94.9%, 5ms/98.0%, 10ms/99.0%, 20ms/99.4%, 50ms/99.8%, 100ms/99.9%
[243.714s][info][gc,marking  ] GC(317) Mark: 1 stripe(s), 2 proactive flush(es), 1 terminate flush(es), 0 completion(s), 0 continuation(s) 
[243.714s][info][gc,marking  ] GC(317) Mark Stack Usage: 32M
[243.714s][info][gc,nmethod  ] GC(317) NMethods: 651 registered, 30 unregistered
[243.714s][info][gc,metaspace] GC(317) Metaspace: 13M used, 14M committed, 1088M reserved
[243.714s][info][gc,ref      ] GC(317) Soft: 134 encountered, 0 discovered, 0 enqueued
[243.714s][info][gc,ref      ] GC(317) Weak: 721 encountered, 455 discovered, 0 enqueued
[243.714s][info][gc,ref      ] GC(317) Final: 0 encountered, 0 discovered, 0 enqueued
[243.714s][info][gc,ref      ] GC(317) Phantom: 59 encountered, 41 discovered, 0 enqueued
[243.714s][info][gc,reloc    ] GC(317) Small Pages: 661 / 1322M, Empty: 1226M, Relocated: 0M, In-Place: 0
[243.714s][info][gc,reloc    ] GC(317) Medium Pages: 0 / 0M, Empty: 0M, Relocated: 0M, In-Place: 0
[243.714s][info][gc,reloc    ] GC(317) Large Pages: 0 / 0M, Empty: 0M, Relocated: 0M, In-Place: 0
[243.714s][info][gc,reloc    ] GC(317) Forwarding Usage: 0M
[243.714s][info][gc,heap     ] GC(317) Min Capacity: 8M(0%)
[243.714s][info][gc,heap     ] GC(317) Max Capacity: 2048M(100%)
[243.714s][info][gc,heap     ] GC(317) Soft Max Capacity: 2048M(100%)
[243.714s][info][gc,heap     ] GC(317)                Mark Start          Mark End        Relocate Start      Relocate End           High               Low         
[243.714s][info][gc,heap     ] GC(317)  Capacity:     2048M (100%)       2048M (100%)       2048M (100%)       2048M (100%)       2048M (100%)       2048M (100%)   
[243.714s][info][gc,heap     ] GC(317)      Free:      726M (35%)         690M (34%)        1776M (87%)        1860M (91%)        1860M (91%)         558M (27%)    
[243.714s][info][gc,heap     ] GC(317)      Used:     1322M (65%)        1358M (66%)         272M (13%)         188M (9%)         1490M (73%)         188M (9%)     
[243.714s][info][gc,heap     ] GC(317)      Live:         -                 8M (0%)            8M (0%)            8M (0%)             -                  -          
[243.714s][info][gc,heap     ] GC(317) Allocated:         -                36M (2%)          176M (9%)          175M (9%)             -                  -          
[243.714s][info][gc,heap     ] GC(317)   Garbage:         -              1313M (64%)          87M (4%)            3M (0%)             -                  -          
[243.714s][info][gc,heap     ] GC(317) Reclaimed:         -                  -              1226M (60%)        1309M (64%)            -                  -          
[243.714s][info][gc          ] GC(317) Garbage Collection (Allocation Rate) 1322M(65%)->188M(9%)
[244.325s][info][gc,start    ] GC(318) Garbage Collection (Allocation Rate)
[244.325s][info][gc,task     ] GC(318) Using 1 workers
[244.325s][info][gc,phases   ] GC(318) Pause Mark Start 0.010ms
[244.338s][info][gc,phases   ] GC(318) Concurrent Mark 12.866ms
[244.338s][info][gc,phases   ] GC(318) Pause Mark End 0.017ms
[244.338s][info][gc,phases   ] GC(318) Concurrent Mark Free 0.001ms
[244.423s][info][gc,phases   ] GC(318) Concurrent Process Non-Strong References 85.037ms
[244.423s][info][gc,phases   ] GC(318) Concurrent Reset Relocation Set 0.003ms
[244.427s][info][gc,phases   ] GC(318) Concurrent Select Relocation Set 3.634ms
[244.427s][info][gc,phases   ] GC(318) Pause Relocate Start 0.008ms
[244.428s][info][gc,phases   ] GC(318) Concurrent Relocate 0.460ms
[244.428s][info][gc,load     ] GC(318) Load: 0.00/0.00/0.00
[244.428s][info][gc,mmu      ] GC(318) MMU: 2ms/94.9%, 5ms/98.0%, 10ms/99.0%, 20ms/99.4%, 50ms/99.8%, 100ms/99.9%
[244.428s][info][gc,marking  ] GC(318) Mark: 1 stripe(s), 2 proactive flush(es), 1 terminate flush(es), 0 completion(s), 0 continuation(s) 
[244.428s][info][gc,marking  ] GC(318) Mark Stack Usage: 32M
[244.428s][info][gc,nmethod  ] GC(318) NMethods: 651 registered, 30 unregistered
[244.428s][info][gc,metaspace] GC(318) Metaspace: 13M used, 14M committed, 1088M reserved
[244.428s][info][gc,ref      ] GC(318) Soft: 134 encountered, 0 discovered, 0 enqueued
[244.428s][info][gc,ref      ] GC(318) Weak: 721 encountered, 455 discovered, 0 enqueued
[244.428s][info][gc,ref      ] GC(318) Final: 0 encountered, 0 discovered, 0 enqueued
[244.428s][info][gc,ref      ] GC(318) Phantom: 59 encountered, 41 discovered, 0 enqueued
[244.428s][info][gc,reloc    ] GC(318) Small Pages: 678 / 1356M, Empty: 1258M, Relocated: 0M, In-Place: 0
[244.428s][info][gc,reloc    ] GC(318) Medium Pages: 0 / 0M, Empty: 0M, Relocated: 0M, In-Place: 0
[244.428s][info][gc,reloc    ] GC(318) Large Pages: 0 / 0M, Empty: 0M, Relocated: 0M, In-Place: 0
[244.428s][info][gc,reloc    ] GC(318) Forwarding Usage: 0M
[244.428s][info][gc,heap     ] GC(318) Min Capacity: 8M(0%)
[244.428s][info][gc,heap     ] GC(318) Max Capacity: 2048M(100%)
[244.428s][info][gc,heap     ] GC(318) Soft Max Capacity: 2048M(100%)
[244.428s][info][gc,heap     ] GC(318)                Mark Start          Mark End        Relocate Start      Relocate End           High               Low         
[244.428s][info][gc,heap     ] GC(318)  Capacity:     2048M (100%)       2048M (100%)       2048M (100%)       2048M (100%)       2048M (100%)       2048M (100%)   
[244.428s][info][gc,heap     ] GC(318)      Free:      692M (34%)         662M (32%)        1748M (85%)        1832M (89%)        1832M (89%)         496M (24%)    
[244.428s][info][gc,heap     ] GC(318)      Used:     1356M (66%)        1386M (68%)         300M (15%)         216M (11%)        1552M (76%)         216M (11%)    
[244.428s][info][gc,heap     ] GC(318)      Live:         -                 8M (0%)            8M (0%)            8M (0%)             -                  -          
[244.428s][info][gc,heap     ] GC(318) Allocated:         -                30M (1%)          202M (10%)         203M (10%)            -                  -          
[244.428s][info][gc,heap     ] GC(318)   Garbage:         -              1347M (66%)          89M (4%)            3M (0%)             -                  -          
[244.428s][info][gc,heap     ] GC(318) Reclaimed:         -                  -              1258M (61%)        1343M (66%)            -                  -          
[244.428s][info][gc          ] GC(318) Garbage Collection (Allocation Rate) 1356M(66%)->216M(11%)
[245.125s][info][gc,start    ] GC(319) Garbage Collection (Allocation Rate)
[245.125s][info][gc,task     ] GC(319) Using 1 workers
[245.125s][info][gc,phases   ] GC(319) Pause Mark Start 0.011ms
[245.138s][info][gc,phases   ] GC(319) Concurrent Mark 13.216ms
[245.138s][info][gc,phases   ] GC(319) Pause Mark End 0.016ms
[245.139s][info][gc,phases   ] GC(319) Concurrent Mark Free 0.001ms
[245.226s][info][gc,phases   ] GC(319) Concurrent Process Non-Strong References 87.017ms
[245.226s][info][gc,phases   ] GC(319) Concurrent Reset Relocation Set 0.005ms
[245.229s][info][gc,phases   ] GC(319) Concurrent Select Relocation Set 3.512ms
[245.229s][info][gc,phases   ] GC(319) Pause Relocate Start 0.008ms
[245.230s][info][gc,phases   ] GC(319) Concurrent Relocate 0.385ms
[245.230s][info][gc,load     ] GC(319) Load: 0.00/0.00/0.00
[245.230s][info][gc,mmu      ] GC(319) MMU: 2ms/94.9%, 5ms/98.0%, 10ms/99.0%, 20ms/99.4%, 50ms/99.8%, 100ms/99.9%
[245.230s][info][gc,marking  ] GC(319) Mark: 1 stripe(s), 2 proactive flush(es), 1 terminate flush(es), 0 completion(s), 0 continuation(s) 
[245.230s][info][gc,marking  ] GC(319) Mark Stack Usage: 32M
[245.230s][info][gc,nmethod  ] GC(319) NMethods: 651 registered, 30 unregistered
[245.230s][info][gc,metaspace] GC(319) Metaspace: 13M used, 14M committed, 1088M reserved
[245.230s][info][gc,ref      ] GC(319) Soft: 134 encountered, 0 discovered, 0 enqueued
[245.230s][info][gc,ref      ] GC(319) Weak: 721 encountered, 455 discovered, 0 enqueued
[245.230s][info][gc,ref      ] GC(319) Final: 0 encountered, 0 discovered, 0 enqueued
[245.230s][info][gc,ref      ] GC(319) Phantom: 59 encountered, 41 discovered, 0 enqueued
[245.230s][info][gc,reloc    ] GC(319) Small Pages: 774 / 1548M, Empty: 1440M, Relocated: 0M, In-Place: 0
[245.230s][info][gc,reloc    ] GC(319) Medium Pages: 0 / 0M, Empty: 0M, Relocated: 0M, In-Place: 0
[245.230s][info][gc,reloc    ] GC(319) Large Pages: 0 / 0M, Empty: 0M, Relocated: 0M, In-Place: 0
[245.230s][info][gc,reloc    ] GC(319) Forwarding Usage: 0M
[245.230s][info][gc,heap     ] GC(319) Min Capacity: 8M(0%)
[245.230s][info][gc,heap     ] GC(319) Max Capacity: 2048M(100%)
[245.230s][info][gc,heap     ] GC(319) Soft Max Capacity: 2048M(100%)
[245.230s][info][gc,heap     ] GC(319)                Mark Start          Mark End        Relocate Start      Relocate End           High               Low         
[245.230s][info][gc,heap     ] GC(319)  Capacity:     2048M (100%)       2048M (100%)       2048M (100%)       2048M (100%)       2048M (100%)       2048M (100%)   
[245.230s][info][gc,heap     ] GC(319)      Free:      500M (24%)         468M (23%)        1734M (85%)        1830M (89%)        1830M (89%)         302M (15%)    
[245.230s][info][gc,heap     ] GC(319)      Used:     1548M (76%)        1580M (77%)         314M (15%)         218M (11%)        1746M (85%)         218M (11%)    
[245.230s][info][gc,heap     ] GC(319)      Live:         -                 8M (0%)            8M (0%)            8M (0%)             -                  -          
[245.230s][info][gc,heap     ] GC(319) Allocated:         -                32M (2%)          206M (10%)         205M (10%)            -                  -          
[245.230s][info][gc,heap     ] GC(319)   Garbage:         -              1539M (75%)          99M (5%)            3M (0%)             -                  -          
[245.230s][info][gc,heap     ] GC(319) Reclaimed:         -                  -              1440M (70%)        1535M (75%)            -                  -          
[245.230s][info][gc          ] GC(319) Garbage Collection (Allocation Rate) 1548M(76%)->218M(11%)
[245.925s][info][gc,start    ] GC(320) Garbage Collection (Allocation Rate)
[245.925s][info][gc,task     ] GC(320) Using 1 workers
[245.925s][info][gc,phases   ] GC(320) Pause Mark Start 0.013ms
[245.938s][info][gc,phases   ] GC(320) Concurrent Mark 12.771ms
[245.938s][info][gc,phases   ] GC(320) Pause Mark End 0.017ms
[245.938s][info][gc,phases   ] GC(320) Concurrent Mark Free 0.001ms
[246.015s][info][gc,phases   ] GC(320) Concurrent Process Non-Strong References 76.740ms
[246.015s][info][gc,phases   ] GC(320) Concurrent Reset Relocation Set 0.005ms
[246.019s][info][gc,phases   ] GC(320) Concurrent Select Relocation Set 3.505ms
[246.019s][info][gc,phases   ] GC(320) Pause Relocate Start 0.008ms
[246.020s][info][gc,phases   ] GC(320) Concurrent Relocate 0.569ms
[246.020s][info][gc,load     ] GC(320) Load: 0.00/0.00/0.00
[246.020s][info][gc,mmu      ] GC(320) MMU: 2ms/94.9%, 5ms/98.0%, 10ms/99.0%, 20ms/99.4%, 50ms/99.8%, 100ms/99.9%
[246.020s][info][gc,marking  ] GC(320) Mark: 1 stripe(s), 2 proactive flush(es), 1 terminate flush(es), 0 completion(s), 0 continuation(s) 
[246.020s][info][gc,marking  ] GC(320) Mark Stack Usage: 32M
[246.020s][info][gc,nmethod  ] GC(320) NMethods: 651 registered, 30 unregistered
[246.020s][info][gc,metaspace] GC(320) Metaspace: 13M used, 14M committed, 1088M reserved
[246.020s][info][gc,ref      ] GC(320) Soft: 134 encountered, 0 discovered, 0 enqueued
[246.020s][info][gc,ref      ] GC(320) Weak: 721 encountered, 455 discovered, 0 enqueued
[246.020s][info][gc,ref      ] GC(320) Final: 0 encountered, 0 discovered, 0 enqueued
[246.020s][info][gc,ref      ] GC(320) Phantom: 59 encountered, 41 discovered, 0 enqueued
[246.020s][info][gc,reloc    ] GC(320) Small Pages: 752 / 1504M, Empty: 1396M, Relocated: 0M, In-Place: 0
[246.020s][info][gc,reloc    ] GC(320) Medium Pages: 0 / 0M, Empty: 0M, Relocated: 0M, In-Place: 0
[246.020s][info][gc,reloc    ] GC(320) Large Pages: 0 / 0M, Empty: 0M, Relocated: 0M, In-Place: 0
[246.020s][info][gc,reloc    ] GC(320) Forwarding Usage: 0M
[246.020s][info][gc,heap     ] GC(320) Min Capacity: 8M(0%)
[246.020s][info][gc,heap     ] GC(320) Max Capacity: 2048M(100%)
[246.020s][info][gc,heap     ] GC(320) Soft Max Capacity: 2048M(100%)
[246.020s][info][gc,heap     ] GC(320)                Mark Start          Mark End        Relocate Start      Relocate End           High               Low         
[246.020s][info][gc,heap     ] GC(320)  Capacity:     2048M (100%)       2048M (100%)       2048M (100%)       2048M (100%)       2048M (100%)       2048M (100%)   
[246.020s][info][gc,heap     ] GC(320)      Free:      544M (27%)         518M (25%)        1772M (87%)        1868M (91%)        1868M (91%)         384M (19%)    
[246.020s][info][gc,heap     ] GC(320)      Used:     1504M (73%)        1530M (75%)         276M (13%)         180M (9%)         1664M (81%)         180M (9%)     
[246.020s][info][gc,heap     ] GC(320)      Live:         -                 8M (0%)            8M (0%)            8M (0%)             -                  -          
[246.020s][info][gc,heap     ] GC(320) Allocated:         -                26M (1%)          168M (8%)          167M (8%)             -                  -          
[246.020s][info][gc,heap     ] GC(320)   Garbage:         -              1495M (73%)          99M (5%)            3M (0%)             -                  -          
[246.020s][info][gc,heap     ] GC(320) Reclaimed:         -                  -              1396M (68%)        1491M (73%)            -                  -          
[246.020s][info][gc          ] GC(320) Garbage Collection (Allocation Rate) 1504M(73%)->180M(9%)
[246.725s][info][gc,start    ] GC(321) Garbage Collection (Allocation Rate)
[246.725s][info][gc,task     ] GC(321) Using 1 workers
[246.725s][info][gc,phases   ] GC(321) Pause Mark Start 0.009ms
[246.738s][info][gc,phases   ] GC(321) Concurrent Mark 13.001ms
[246.738s][info][gc,phases   ] GC(321) Pause Mark End 0.015ms
[246.739s][info][gc,phases   ] GC(321) Concurrent Mark Free 0.001ms
[246.822s][info][gc,phases   ] GC(321) Concurrent Process Non-Strong References 83.649ms
[246.822s][info][gc,phases   ] GC(321) Concurrent Reset Relocation Set 0.004ms
[246.827s][info][gc,phases   ] GC(321) Concurrent Select Relocation Set 4.593ms
[246.827s][info][gc,phases   ] GC(321) Pause Relocate Start 0.009ms
[246.828s][info][gc,phases   ] GC(321) Concurrent Relocate 0.634ms
[246.828s][info][gc,load     ] GC(321) Load: 0.00/0.00/0.00
[246.828s][info][gc,mmu      ] GC(321) MMU: 2ms/94.9%, 5ms/98.0%, 10ms/99.0%, 20ms/99.4%, 50ms/99.8%, 100ms/99.9%
[246.828s][info][gc,marking  ] GC(321) Mark: 1 stripe(s), 2 proactive flush(es), 1 terminate flush(es), 0 completion(s), 0 continuation(s) 
[246.828s][info][gc,marking  ] GC(321) Mark Stack Usage: 32M
[246.828s][info][gc,nmethod  ] GC(321) NMethods: 651 registered, 30 unregistered
[246.828s][info][gc,metaspace] GC(321) Metaspace: 13M used, 14M committed, 1088M reserved
[246.828s][info][gc,ref      ] GC(321) Soft: 134 encountered, 0 discovered, 0 enqueued
[246.828s][info][gc,ref      ] GC(321) Weak: 721 encountered, 455 discovered, 0 enqueued
[246.828s][info][gc,ref      ] GC(321) Final: 0 encountered, 0 discovered, 0 enqueued
[246.828s][info][gc,ref      ] GC(321) Phantom: 59 encountered, 41 discovered, 0 enqueued
[246.828s][info][gc,reloc    ] GC(321) Small Pages: 763 / 1526M, Empty: 1416M, Relocated: 0M, In-Place: 0
[246.828s][info][gc,reloc    ] GC(321) Medium Pages: 0 / 0M, Empty: 0M, Relocated: 0M, In-Place: 0
[246.828s][info][gc,reloc    ] GC(321) Large Pages: 0 / 0M, Empty: 0M, Relocated: 0M, In-Place: 0
[246.828s][info][gc,reloc    ] GC(321) Forwarding Usage: 0M
[246.828s][info][gc,heap     ] GC(321) Min Capacity: 8M(0%)
[246.828s][info][gc,heap     ] GC(321) Max Capacity: 2048M(100%)
[246.828s][info][gc,heap     ] GC(321) Soft Max Capacity: 2048M(100%)
[246.828s][info][gc,heap     ] GC(321)                Mark Start          Mark End        Relocate Start      Relocate End           High               Low         
[246.828s][info][gc,heap     ] GC(321)  Capacity:     2048M (100%)       2048M (100%)       2048M (100%)       2048M (100%)       2048M (100%)       2048M (100%)   
[246.828s][info][gc,heap     ] GC(321)      Free:      522M (25%)         488M (24%)        1734M (85%)        1832M (89%)        1832M (89%)         328M (16%)    
[246.828s][info][gc,heap     ] GC(321)      Used:     1526M (75%)        1560M (76%)         314M (15%)         216M (11%)        1720M (84%)         216M (11%)    
[246.828s][info][gc,heap     ] GC(321)      Live:         -                 8M (0%)            8M (0%)            8M (0%)             -                  -          
[246.828s][info][gc,heap     ] GC(321) Allocated:         -                34M (2%)          204M (10%)         203M (10%)            -                  -          
[246.828s][info][gc,heap     ] GC(321)   Garbage:         -              1517M (74%)         101M (5%)            3M (0%)             -                  -          
[246.828s][info][gc,heap     ] GC(321) Reclaimed:         -                  -              1416M (69%)        1513M (74%)            -                  -          
[246.828s][info][gc          ] GC(321) Garbage Collection (Allocation Rate) 1526M(75%)->216M(11%)
[247.525s][info][gc,start    ] GC(322) Garbage Collection (Allocation Rate)
[247.525s][info][gc,task     ] GC(322) Using 1 workers
[247.525s][info][gc,phases   ] GC(322) Pause Mark Start 0.011ms
[247.540s][info][gc,phases   ] GC(322) Concurrent Mark 14.270ms
[247.540s][info][gc,phases   ] GC(322) Pause Mark End 0.014ms
[247.540s][info][gc,phases   ] GC(322) Concurrent Mark Free 0.001ms
[247.627s][info][gc,phases   ] GC(322) Concurrent Process Non-Strong References 87.145ms
[247.627s][info][gc,phases   ] GC(322) Concurrent Reset Relocation Set 0.006ms
[247.632s][info][gc,phases   ] GC(322) Concurrent Select Relocation Set 4.396ms
[247.632s][info][gc,phases   ] GC(322) Pause Relocate Start 0.013ms
[247.633s][info][gc,phases   ] GC(322) Concurrent Relocate 0.605ms
[247.633s][info][gc,load     ] GC(322) Load: 0.00/0.00/0.00
[247.633s][info][gc,mmu      ] GC(322) MMU: 2ms/94.9%, 5ms/98.0%, 10ms/99.0%, 20ms/99.4%, 50ms/99.8%, 100ms/99.9%
[247.633s][info][gc,marking  ] GC(322) Mark: 1 stripe(s), 2 proactive flush(es), 1 terminate flush(es), 0 completion(s), 0 continuation(s) 
[247.633s][info][gc,marking  ] GC(322) Mark Stack Usage: 32M
[247.633s][info][gc,nmethod  ] GC(322) NMethods: 651 registered, 30 unregistered
[247.633s][info][gc,metaspace] GC(322) Metaspace: 13M used, 14M committed, 1088M reserved
[247.633s][info][gc,ref      ] GC(322) Soft: 134 encountered, 0 discovered, 0 enqueued
[247.633s][info][gc,ref      ] GC(322) Weak: 721 encountered, 455 discovered, 0 enqueued
[247.633s][info][gc,ref      ] GC(322) Final: 0 encountered, 0 discovered, 0 enqueued
[247.633s][info][gc,ref      ] GC(322) Phantom: 59 encountered, 41 discovered, 0 enqueued
[247.633s][info][gc,reloc    ] GC(322) Small Pages: 778 / 1556M, Empty: 1450M, Relocated: 0M, In-Place: 0
[247.633s][info][gc,reloc    ] GC(322) Medium Pages: 0 / 0M, Empty: 0M, Relocated: 0M, In-Place: 0
[247.633s][info][gc,reloc    ] GC(322) Large Pages: 0 / 0M, Empty: 0M, Relocated: 0M, In-Place: 0
[247.633s][info][gc,reloc    ] GC(322) Forwarding Usage: 0M
[247.633s][info][gc,heap     ] GC(322) Min Capacity: 8M(0%)
[247.633s][info][gc,heap     ] GC(322) Max Capacity: 2048M(100%)
[247.633s][info][gc,heap     ] GC(322) Soft Max Capacity: 2048M(100%)
[247.633s][info][gc,heap     ] GC(322)                Mark Start          Mark End        Relocate Start      Relocate End           High               Low         
[247.633s][info][gc,heap     ] GC(322)  Capacity:     2048M (100%)       2048M (100%)       2048M (100%)       2048M (100%)       2048M (100%)       2048M (100%)   
[247.633s][info][gc,heap     ] GC(322)      Free:      492M (24%)         456M (22%)        1732M (85%)        1824M (89%)        1824M (89%)         292M (14%)    
[247.633s][info][gc,heap     ] GC(322)      Used:     1556M (76%)        1592M (78%)         316M (15%)         224M (11%)        1756M (86%)         224M (11%)    
[247.633s][info][gc,heap     ] GC(322)      Live:         -                 8M (0%)            8M (0%)            8M (0%)             -                  -          
[247.633s][info][gc,heap     ] GC(322) Allocated:         -                36M (2%)          210M (10%)         211M (10%)            -                  -          
[247.633s][info][gc,heap     ] GC(322)   Garbage:         -              1547M (76%)          97M (5%)            3M (0%)             -                  -          
[247.633s][info][gc,heap     ] GC(322) Reclaimed:         -                  -              1450M (71%)        1543M (75%)            -                  -          
[247.633s][info][gc          ] GC(322) Garbage Collection (Allocation Rate) 1556M(76%)->224M(11%)
[248.326s][info][gc,start    ] GC(323) Garbage Collection (Allocation Rate)
[248.326s][info][gc,task     ] GC(323) Using 1 workers
[248.399s][info][gc,phases   ] GC(323) Pause Mark Start 0.018ms
[248.426s][info][gc,phases   ] GC(323) Concurrent Mark 26.376ms
[248.426s][info][gc,phases   ] GC(323) Pause Mark End 0.045ms
[248.426s][info][gc,phases   ] GC(323) Concurrent Mark Free 0.001ms
[248.516s][info][gc,phases   ] GC(323) Concurrent Process Non-Strong References 90.049ms
[248.516s][info][gc,phases   ] GC(323) Concurrent Reset Relocation Set 0.005ms
[248.521s][info][gc,phases   ] GC(323) Concurrent Select Relocation Set 4.819ms
[248.521s][info][gc,phases   ] GC(323) Pause Relocate Start 0.008ms
[248.522s][info][gc,phases   ] GC(323) Concurrent Relocate 0.719ms
[248.522s][info][gc,load     ] GC(323) Load: 0.00/0.00/0.00
[248.522s][info][gc,mmu      ] GC(323) MMU: 2ms/94.9%, 5ms/98.0%, 10ms/99.0%, 20ms/99.4%, 50ms/99.8%, 100ms/99.9%
[248.522s][info][gc,marking  ] GC(323) Mark: 1 stripe(s), 2 proactive flush(es), 1 terminate flush(es), 1 completion(s), 0 continuation(s) 
[248.522s][info][gc,marking  ] GC(323) Mark Stack Usage: 32M
[248.522s][info][gc,nmethod  ] GC(323) NMethods: 651 registered, 30 unregistered
[248.522s][info][gc,metaspace] GC(323) Metaspace: 13M used, 14M committed, 1088M reserved
[248.522s][info][gc,ref      ] GC(323) Soft: 134 encountered, 0 discovered, 0 enqueued
[248.522s][info][gc,ref      ] GC(323) Weak: 719 encountered, 455 discovered, 0 enqueued
[248.522s][info][gc,ref      ] GC(323) Final: 0 encountered, 0 discovered, 0 enqueued
[248.522s][info][gc,ref      ] GC(323) Phantom: 59 encountered, 41 discovered, 0 enqueued
[248.522s][info][gc,reloc    ] GC(323) Small Pages: 777 / 1554M, Empty: 1438M, Relocated: 1M, In-Place: 0
[248.522s][info][gc,reloc    ] GC(323) Medium Pages: 0 / 0M, Empty: 0M, Relocated: 0M, In-Place: 0
[248.522s][info][gc,reloc    ] GC(323) Large Pages: 0 / 0M, Empty: 0M, Relocated: 0M, In-Place: 0
[248.522s][info][gc,reloc    ] GC(323) Forwarding Usage: 0M
[248.522s][info][gc,heap     ] GC(323) Min Capacity: 8M(0%)
[248.522s][info][gc,heap     ] GC(323) Max Capacity: 2048M(100%)
[248.522s][info][gc,heap     ] GC(323) Soft Max Capacity: 2048M(100%)
[248.522s][info][gc,heap     ] GC(323)                Mark Start          Mark End        Relocate Start      Relocate End           High               Low         
[248.522s][info][gc,heap     ] GC(323)  Capacity:     2048M (100%)       2048M (100%)       2048M (100%)       2048M (100%)       2048M (100%)       2048M (100%)   
[248.522s][info][gc,heap     ] GC(323)      Free:      494M (24%)         448M (22%)        1714M (84%)        1816M (89%)        1816M (89%)         284M (14%)    
[248.522s][info][gc,heap     ] GC(323)      Used:     1554M (76%)        1600M (78%)         334M (16%)         232M (11%)        1764M (86%)         232M (11%)    
[248.522s][info][gc,heap     ] GC(323)      Live:         -                 9M (0%)            9M (0%)            9M (0%)             -                  -          
[248.522s][info][gc,heap     ] GC(323) Allocated:         -                46M (2%)          218M (11%)         219M (11%)            -                  -          
[248.522s][info][gc,heap     ] GC(323)   Garbage:         -              1544M (75%)         106M (5%)            2M (0%)             -                  -          
[248.522s][info][gc,heap     ] GC(323) Reclaimed:         -                  -              1438M (70%)        1541M (75%)            -                  -          
[248.522s][info][gc          ] GC(323) Garbage Collection (Allocation Rate) 1554M(76%)->232M(11%)
[249.026s][info][gc,start    ] GC(324) Garbage Collection (Allocation Rate)
[249.026s][info][gc,task     ] GC(324) Using 1 workers
[249.026s][info][gc,phases   ] GC(324) Pause Mark Start 0.012ms
[249.039s][info][gc,phases   ] GC(324) Concurrent Mark 13.314ms
[249.039s][info][gc,phases   ] GC(324) Pause Mark End 0.016ms
[249.040s][info][gc,phases   ] GC(324) Concurrent Mark Free 0.001ms
[249.113s][info][gc,phases   ] GC(324) Concurrent Process Non-Strong References 73.259ms
[249.113s][info][gc,phases   ] GC(324) Concurrent Reset Relocation Set 0.006ms
[249.117s][info][gc,phases   ] GC(324) Concurrent Select Relocation Set 4.357ms
[249.117s][info][gc,phases   ] GC(324) Pause Relocate Start 0.008ms
[249.118s][info][gc,phases   ] GC(324) Concurrent Relocate 0.799ms
[249.118s][info][gc,load     ] GC(324) Load: 0.00/0.00/0.00
[249.118s][info][gc,mmu      ] GC(324) MMU: 2ms/94.9%, 5ms/98.0%, 10ms/99.0%, 20ms/99.4%, 50ms/99.8%, 100ms/99.9%
[249.118s][info][gc,marking  ] GC(324) Mark: 1 stripe(s), 2 proactive flush(es), 1 terminate flush(es), 0 completion(s), 0 continuation(s) 
[249.118s][info][gc,marking  ] GC(324) Mark Stack Usage: 32M
[249.118s][info][gc,nmethod  ] GC(324) NMethods: 651 registered, 30 unregistered
[249.118s][info][gc,metaspace] GC(324) Metaspace: 13M used, 14M committed, 1088M reserved
[249.118s][info][gc,ref      ] GC(324) Soft: 134 encountered, 0 discovered, 0 enqueued
[249.119s][info][gc,ref      ] GC(324) Weak: 715 encountered, 455 discovered, 0 enqueued
[249.119s][info][gc,ref      ] GC(324) Final: 0 encountered, 0 discovered, 0 enqueued
[249.119s][info][gc,ref      ] GC(324) Phantom: 59 encountered, 41 discovered, 0 enqueued
[249.119s][info][gc,reloc    ] GC(324) Small Pages: 585 / 1170M, Empty: 1074M, Relocated: 1M, In-Place: 0
[249.119s][info][gc,reloc    ] GC(324) Medium Pages: 0 / 0M, Empty: 0M, Relocated: 0M, In-Place: 0
[249.119s][info][gc,reloc    ] GC(324) Large Pages: 0 / 0M, Empty: 0M, Relocated: 0M, In-Place: 0
[249.119s][info][gc,reloc    ] GC(324) Forwarding Usage: 0M
[249.119s][info][gc,heap     ] GC(324) Min Capacity: 8M(0%)
[249.119s][info][gc,heap     ] GC(324) Max Capacity: 2048M(100%)
[249.119s][info][gc,heap     ] GC(324) Soft Max Capacity: 2048M(100%)
[249.119s][info][gc,heap     ] GC(324)                Mark Start          Mark End        Relocate Start      Relocate End           High               Low         
[249.119s][info][gc,heap     ] GC(324)  Capacity:     2048M (100%)       2048M (100%)       2048M (100%)       2048M (100%)       2048M (100%)       2048M (100%)   
[249.119s][info][gc,heap     ] GC(324)      Free:      878M (43%)         844M (41%)        1768M (86%)        1852M (90%)        1852M (90%)         704M (34%)    
[249.119s][info][gc,heap     ] GC(324)      Used:     1170M (57%)        1204M (59%)         280M (14%)         196M (10%)        1344M (66%)         196M (10%)    
[249.119s][info][gc,heap     ] GC(324)      Live:         -                 9M (0%)            9M (0%)            9M (0%)             -                  -          
[249.119s][info][gc,heap     ] GC(324) Allocated:         -                34M (2%)          184M (9%)          183M (9%)             -                  -          
[249.119s][info][gc,heap     ] GC(324)   Garbage:         -              1160M (57%)          86M (4%)            2M (0%)             -                  -          
[249.119s][info][gc,heap     ] GC(324) Reclaimed:         -                  -              1074M (52%)        1157M (57%)            -                  -          
[249.119s][info][gc          ] GC(324) Garbage Collection (Allocation Rate) 1170M(57%)->196M(10%)
[249.624s][info][gc,start    ] GC(325) Garbage Collection (Allocation Rate)
[249.624s][info][gc,task     ] GC(325) Using 1 workers
[249.624s][info][gc,phases   ] GC(325) Pause Mark Start 0.010ms
[249.638s][info][gc,phases   ] GC(325) Concurrent Mark 12.984ms
[249.638s][info][gc,phases   ] GC(325) Pause Mark End 0.016ms
[249.638s][info][gc,phases   ] GC(325) Concurrent Mark Free 0.001ms
[249.715s][info][gc,phases   ] GC(325) Concurrent Process Non-Strong References 77.369ms
[249.715s][info][gc,phases   ] GC(325) Concurrent Reset Relocation Set 0.003ms
[249.720s][info][gc,phases   ] GC(325) Concurrent Select Relocation Set 4.801ms
[249.720s][info][gc,phases   ] GC(325) Pause Relocate Start 0.008ms
[249.721s][info][gc,phases   ] GC(325) Concurrent Relocate 0.735ms
[249.721s][info][gc,load     ] GC(325) Load: 0.00/0.00/0.00
[249.721s][info][gc,mmu      ] GC(325) MMU: 2ms/94.9%, 5ms/98.0%, 10ms/99.0%, 20ms/99.4%, 50ms/99.8%, 100ms/99.9%
[249.721s][info][gc,marking  ] GC(325) Mark: 1 stripe(s), 2 proactive flush(es), 1 terminate flush(es), 0 completion(s), 0 continuation(s) 
[249.721s][info][gc,marking  ] GC(325) Mark Stack Usage: 32M
[249.721s][info][gc,nmethod  ] GC(325) NMethods: 651 registered, 30 unregistered
[249.721s][info][gc,metaspace] GC(325) Metaspace: 13M used, 14M committed, 1088M reserved
[249.721s][info][gc,ref      ] GC(325) Soft: 134 encountered, 0 discovered, 0 enqueued
[249.721s][info][gc,ref      ] GC(325) Weak: 709 encountered, 455 discovered, 0 enqueued
[249.721s][info][gc,ref      ] GC(325) Final: 0 encountered, 0 discovered, 0 enqueued
[249.721s][info][gc,ref      ] GC(325) Phantom: 59 encountered, 41 discovered, 0 enqueued
[249.721s][info][gc,reloc    ] GC(325) Small Pages: 584 / 1168M, Empty: 1078M, Relocated: 1M, In-Place: 0
[249.721s][info][gc,reloc    ] GC(325) Medium Pages: 0 / 0M, Empty: 0M, Relocated: 0M, In-Place: 0
[249.721s][info][gc,reloc    ] GC(325) Large Pages: 0 / 0M, Empty: 0M, Relocated: 0M, In-Place: 0
[249.721s][info][gc,reloc    ] GC(325) Forwarding Usage: 0M
[249.721s][info][gc,heap     ] GC(325) Min Capacity: 8M(0%)
[249.721s][info][gc,heap     ] GC(325) Max Capacity: 2048M(100%)
[249.721s][info][gc,heap     ] GC(325) Soft Max Capacity: 2048M(100%)
[249.721s][info][gc,heap     ] GC(325)                Mark Start          Mark End        Relocate Start      Relocate End           High               Low         
[249.721s][info][gc,heap     ] GC(325)  Capacity:     2048M (100%)       2048M (100%)       2048M (100%)       2048M (100%)       2048M (100%)       2048M (100%)   
[249.721s][info][gc,heap     ] GC(325)      Free:      880M (43%)         848M (41%)        1772M (87%)        1848M (90%)        1848M (90%)         702M (34%)    
[249.721s][info][gc,heap     ] GC(325)      Used:     1168M (57%)        1200M (59%)         276M (13%)         200M (10%)        1346M (66%)         200M (10%)    
[249.721s][info][gc,heap     ] GC(325)      Live:         -                 9M (0%)            9M (0%)            9M (0%)             -                  -          
[249.721s][info][gc,heap     ] GC(325) Allocated:         -                32M (2%)          186M (9%)          187M (9%)             -                  -          
[249.721s][info][gc,heap     ] GC(325)   Garbage:         -              1158M (57%)          80M (4%)            2M (0%)             -                  -          
[249.721s][info][gc,heap     ] GC(325) Reclaimed:         -                  -              1078M (53%)        1155M (56%)            -                  -          
[249.721s][info][gc          ] GC(325) Garbage Collection (Allocation Rate) 1168M(57%)->200M(10%)
[250.126s][info][gc,stats    ] === Garbage Collection Statistics =======================================================================================================================
[250.126s][info][gc,stats    ]                                                              Last 10s              Last 10m              Last 10h                Total
[250.126s][info][gc,stats    ]                                                              Avg / Max             Avg / Max             Avg / Max             Avg / Max
[250.126s][info][gc,stats    ]   Collector: Garbage Collection Cycle                    115.125 / 226.952      78.761 / 282.689      78.761 / 282.689      78.761 / 282.689     ms
[250.126s][info][gc,stats    ]  Contention: Mark Segment Reset Contention                     0 / 0                 0 / 11                0 / 11                0 / 11          ops/s
[250.126s][info][gc,stats    ]  Contention: Mark SeqNum Reset Contention                      0 / 0                 0 / 2                 0 / 2                 0 / 2           ops/s
[250.126s][info][gc,stats    ]    Critical: Allocation Stall                                  0 / 0                 0 / 43                0 / 43                0 / 43          ops/s
[250.126s][info][gc,stats    ]    Critical: Allocation Stall                              0.000 / 0.000        23.670 / 55.638       23.670 / 55.638       23.670 / 55.638      ms
[250.126s][info][gc,stats    ]    Critical: GC Locker Stall                                   0 / 0                 0 / 0                 0 / 0                 0 / 0           ops/s
[250.126s][info][gc,stats    ]    Critical: GC Locker Stall                               0.000 / 0.000         0.000 / 0.000         0.000 / 0.000         0.000 / 0.000       ms
[250.126s][info][gc,stats    ]    Critical: Relocation Stall                                  0 / 0                 0 / 0                 0 / 0                 0 / 0           ops/s
[250.126s][info][gc,stats    ]    Critical: Relocation Stall                              0.000 / 0.000         0.000 / 0.000         0.000 / 0.000         0.000 / 0.000       ms
[250.126s][info][gc,stats    ]      Memory: Allocation Rate                                2022 / 2104           1857 / 2316           1857 / 2316           1857 / 2316        MB/s
[250.126s][info][gc,stats    ]      Memory: Defragment                                        0 / 0                 0 / 0                 0 / 0                 0 / 0           ops/s
[250.127s][info][gc,stats    ]      Memory: Out Of Memory                                     0 / 0                 0 / 0                 0 / 0                 0 / 0           ops/s
[250.127s][info][gc,stats    ]      Memory: Page Cache Flush                                  0 / 0                 0 / 0                 0 / 0                 0 / 0           MB/s
[250.127s][info][gc,stats    ]      Memory: Page Cache Hit L1                              1012 / 1053            928 / 1159            928 / 1159            928 / 1159        ops/s
[250.127s][info][gc,stats    ]      Memory: Page Cache Hit L2                                 0 / 0                 0 / 0                 0 / 0                 0 / 0           ops/s
[250.127s][info][gc,stats    ]      Memory: Page Cache Hit L3                                 0 / 0                 4 / 449               4 / 449               4 / 449         ops/s
[250.127s][info][gc,stats    ]      Memory: Page Cache Miss                                   0 / 0                 0 / 1                 0 / 1                 0 / 1           ops/s
[250.127s][info][gc,stats    ]      Memory: Uncommit                                          0 / 0                 0 / 0                 0 / 0                 0 / 0           MB/s
[250.127s][info][gc,stats    ]      Memory: Undo Object Allocation Failed                     5 / 56               23 / 169              23 / 169              23 / 169         ops/s
[250.127s][info][gc,stats    ]      Memory: Undo Object Allocation Succeeded                  0 / 0                 1 / 21                1 / 21                1 / 21          ops/s
[250.127s][info][gc,stats    ]      Memory: Undo Page Allocation                             71 / 89               65 / 221              65 / 221              65 / 221         ops/s
[250.127s][info][gc,stats    ]       Phase: Concurrent Mark                              14.895 / 26.376       15.248 / 212.397      15.248 / 212.397      15.248 / 212.397     ms
[250.127s][info][gc,stats    ]       Phase: Concurrent Mark Continue                      0.000 / 0.000         0.000 / 0.000         0.000 / 0.000         0.000 / 0.000       ms
[250.127s][info][gc,stats    ]       Phase: Concurrent Mark Free                          0.001 / 0.002         0.001 / 0.002         0.001 / 0.002         0.001 / 0.002       ms
[250.127s][info][gc,stats    ]       Phase: Concurrent Process Non-Strong References     88.170 / 197.939      50.953 / 259.891      50.953 / 259.891      50.953 / 259.891     ms
[250.127s][info][gc,stats    ]       Phase: Concurrent Relocate                           0.791 / 2.766         1.462 / 5.770         1.462 / 5.770         1.462 / 5.770       ms
[250.127s][info][gc,stats    ]       Phase: Concurrent Reset Relocation Set               0.005 / 0.006         0.006 / 0.011         0.006 / 0.011         0.006 / 0.011       ms
[250.127s][info][gc,stats    ]       Phase: Concurrent Select Relocation Set              4.203 / 4.926         4.389 / 14.014        4.389 / 14.014        4.389 / 14.014      ms
[250.127s][info][gc,stats    ]       Phase: Pause Mark End                                0.017 / 0.045         0.017 / 0.102         0.017 / 0.102         0.017 / 0.102       ms
[250.127s][info][gc,stats    ]       Phase: Pause Mark Start                              0.011 / 0.018         0.012 / 0.049         0.012 / 0.049         0.012 / 0.049       ms
[250.127s][info][gc,stats    ]       Phase: Pause Relocate Start                          0.008 / 0.013         0.008 / 0.020         0.008 / 0.020         0.008 / 0.020       ms
[250.127s][info][gc,stats    ]    Subphase: Concurrent Classes Purge                      0.007 / 0.009         0.041 / 5.454         0.041 / 5.454         0.041 / 5.454       ms
[250.127s][info][gc,stats    ]    Subphase: Concurrent Classes Unlink                     1.317 / 1.448         3.349 / 10.160        3.349 / 10.160        3.349 / 10.160      ms
[250.127s][info][gc,stats    ]    Subphase: Concurrent Mark                              13.891 / 24.753        9.867 / 211.109       9.867 / 211.109       9.867 / 211.109     ms
[250.127s][info][gc,stats    ]    Subphase: Concurrent Mark Try Flush                     0.085 / 0.178         0.485 / 193.285       0.485 / 193.285       0.485 / 193.285     ms
[250.127s][info][gc,stats    ]    Subphase: Concurrent Mark Try Terminate                 0.033 / 0.121         2.208 / 16.632        2.208 / 16.632        2.208 / 16.632      ms
[250.127s][info][gc,stats    ]    Subphase: Concurrent References Enqueue                 0.001 / 0.001         0.001 / 0.006         0.001 / 0.006         0.001 / 0.006       ms
[250.127s][info][gc,stats    ]    Subphase: Concurrent References Process                 0.120 / 0.185         0.103 / 0.206         0.103 / 0.206         0.103 / 0.206       ms
[250.127s][info][gc,stats    ]    Subphase: Concurrent Roots ClassLoaderDataGraph         0.184 / 0.413         0.113 / 1.252         0.113 / 1.252         0.113 / 1.252       ms
[250.127s][info][gc,stats    ]    Subphase: Concurrent Roots CodeCache                    0.000 / 0.000         0.000 / 0.000         0.000 / 0.000         0.000 / 0.000       ms
[250.127s][info][gc,stats    ]    Subphase: Concurrent Roots JavaThreads                  0.685 / 1.009         0.328 / 1.791         0.328 / 1.791         0.328 / 1.791       ms
[250.127s][info][gc,stats    ]    Subphase: Concurrent Roots OopStorageSet                0.063 / 0.092         0.046 / 0.778         0.046 / 0.778         0.046 / 0.778       ms
[250.127s][info][gc,stats    ]    Subphase: Concurrent Weak Roots OopStorageSet          79.100 / 91.747       20.545 / 91.747       20.545 / 91.747       20.545 / 91.747      ms
[250.127s][info][gc,stats    ]    Subphase: Pause Mark Try Complete                       0.003 / 0.003         0.002 / 0.006         0.002 / 0.006         0.002 / 0.006       ms
[250.127s][info][gc,stats    ]      System: Java Threads                                     59 / 60               55 / 73               55 / 73               55 / 73          threads
[250.127s][info][gc,stats    ] =========================================================================================================================================================
[250.425s][info][gc,start    ] GC(326) Garbage Collection (Allocation Rate)
[250.425s][info][gc,task     ] GC(326) Using 1 workers
[250.425s][info][gc,phases   ] GC(326) Pause Mark Start 0.011ms
[250.438s][info][gc,phases   ] GC(326) Concurrent Mark 12.618ms
[250.438s][info][gc,phases   ] GC(326) Pause Mark End 0.014ms
[250.438s][info][gc,phases   ] GC(326) Concurrent Mark Free 0.001ms
[250.515s][info][gc,phases   ] GC(326) Concurrent Process Non-Strong References 76.741ms
[250.515s][info][gc,phases   ] GC(326) Concurrent Reset Relocation Set 0.005ms
[250.518s][info][gc,phases   ] GC(326) Concurrent Select Relocation Set 2.870ms
[250.518s][info][gc,phases   ] GC(326) Pause Relocate Start 0.008ms
[250.519s][info][gc,phases   ] GC(326) Concurrent Relocate 1.433ms
[250.519s][info][gc,load     ] GC(326) Load: 0.00/0.00/0.00
[250.519s][info][gc,mmu      ] GC(326) MMU: 2ms/94.9%, 5ms/98.0%, 10ms/99.0%, 20ms/99.4%, 50ms/99.8%, 100ms/99.9%
[250.519s][info][gc,marking  ] GC(326) Mark: 1 stripe(s), 2 proactive flush(es), 1 terminate flush(es), 0 completion(s), 0 continuation(s) 
[250.519s][info][gc,marking  ] GC(326) Mark Stack Usage: 32M
[250.520s][info][gc,nmethod  ] GC(326) NMethods: 651 registered, 30 unregistered
[250.520s][info][gc,metaspace] GC(326) Metaspace: 13M used, 14M committed, 1088M reserved
[250.520s][info][gc,ref      ] GC(326) Soft: 134 encountered, 0 discovered, 0 enqueued
[250.520s][info][gc,ref      ] GC(326) Weak: 669 encountered, 455 discovered, 0 enqueued
[250.520s][info][gc,ref      ] GC(326) Final: 0 encountered, 0 discovered, 0 enqueued
[250.520s][info][gc,ref      ] GC(326) Phantom: 59 encountered, 41 discovered, 0 enqueued
[250.520s][info][gc,reloc    ] GC(326) Small Pages: 762 / 1524M, Empty: 1414M, Relocated: 3M, In-Place: 0
[250.520s][info][gc,reloc    ] GC(326) Medium Pages: 0 / 0M, Empty: 0M, Relocated: 0M, In-Place: 0
[250.520s][info][gc,reloc    ] GC(326) Large Pages: 0 / 0M, Empty: 0M, Relocated: 0M, In-Place: 0
[250.520s][info][gc,reloc    ] GC(326) Forwarding Usage: 0M
[250.520s][info][gc,heap     ] GC(326) Min Capacity: 8M(0%)
[250.520s][info][gc,heap     ] GC(326) Max Capacity: 2048M(100%)
[250.520s][info][gc,heap     ] GC(326) Soft Max Capacity: 2048M(100%)
[250.520s][info][gc,heap     ] GC(326)                Mark Start          Mark End        Relocate Start      Relocate End           High               Low         
[250.520s][info][gc,heap     ] GC(326)  Capacity:     2048M (100%)       2048M (100%)       2048M (100%)       2048M (100%)       2048M (100%)       2048M (100%)   
[250.520s][info][gc,heap     ] GC(326)      Free:      524M (26%)         484M (24%)        1702M (83%)        1800M (88%)        1800M (88%)         296M (14%)    
[250.520s][info][gc,heap     ] GC(326)      Used:     1524M (74%)        1564M (76%)         346M (17%)         248M (12%)        1752M (86%)         248M (12%)    
[250.520s][info][gc,heap     ] GC(326)      Live:         -                 8M (0%)            8M (0%)            8M (0%)             -                  -          
[250.520s][info][gc,heap     ] GC(326) Allocated:         -                40M (2%)          236M (12%)         237M (12%)            -                  -          
[250.520s][info][gc,heap     ] GC(326)   Garbage:         -              1515M (74%)         101M (5%)            2M (0%)             -                  -          
[250.520s][info][gc,heap     ] GC(326) Reclaimed:         -                  -              1414M (69%)        1513M (74%)            -                  -          
[250.520s][info][gc          ] GC(326) Garbage Collection (Allocation Rate) 1524M(74%)->248M(12%)
[251.025s][info][gc,start    ] GC(327) Garbage Collection (System.gc())
[251.026s][info][gc,task     ] GC(327) Using 12 workers
[251.102s][info][gc,phases   ] GC(327) Pause Mark Start 0.016ms
[251.118s][info][gc,phases   ] GC(327) Concurrent Mark 15.430ms
[251.118s][info][gc,phases   ] GC(327) Pause Mark End 0.064ms
[251.118s][info][gc,phases   ] GC(327) Concurrent Mark Free 0.001ms
[251.131s][info][gc,phases   ] GC(327) Concurrent Process Non-Strong References 12.567ms
[251.131s][info][gc,phases   ] GC(327) Concurrent Reset Relocation Set 0.004ms
[251.134s][info][gc,phases   ] GC(327) Concurrent Select Relocation Set 3.450ms
[251.134s][info][gc,phases   ] GC(327) Pause Relocate Start 0.007ms
[251.136s][info][gc,phases   ] GC(327) Concurrent Relocate 2.233ms
[251.137s][info][gc,load     ] GC(327) Load: 0.00/0.00/0.00
[251.137s][info][gc,mmu      ] GC(327) MMU: 2ms/94.9%, 5ms/98.0%, 10ms/99.0%, 20ms/99.4%, 50ms/99.8%, 100ms/99.9%
[251.137s][info][gc,marking  ] GC(327) Mark: 8 stripe(s), 1 proactive flush(es), 1 terminate flush(es), 1 completion(s), 0 continuation(s) 
[251.137s][info][gc,marking  ] GC(327) Mark Stack Usage: 32M
[251.137s][info][gc,nmethod  ] GC(327) NMethods: 651 registered, 30 unregistered
[251.137s][info][gc,metaspace] GC(327) Metaspace: 13M used, 14M committed, 1088M reserved
[251.137s][info][gc,ref      ] GC(327) Soft: 134 encountered, 0 discovered, 0 enqueued
[251.137s][info][gc,ref      ] GC(327) Weak: 621 encountered, 15 discovered, 0 enqueued
[251.137s][info][gc,ref      ] GC(327) Final: 0 encountered, 0 discovered, 0 enqueued
[251.137s][info][gc,ref      ] GC(327) Phantom: 59 encountered, 58 discovered, 0 enqueued
[251.137s][info][gc,reloc    ] GC(327) Small Pages: 448 / 896M, Empty: 876M, Relocated: 3M, In-Place: 0
[251.137s][info][gc,reloc    ] GC(327) Medium Pages: 0 / 0M, Empty: 0M, Relocated: 0M, In-Place: 0
[251.137s][info][gc,reloc    ] GC(327) Large Pages: 0 / 0M, Empty: 0M, Relocated: 0M, In-Place: 0
[251.137s][info][gc,reloc    ] GC(327) Forwarding Usage: 0M
[251.137s][info][gc,heap     ] GC(327) Min Capacity: 8M(0%)
[251.137s][info][gc,heap     ] GC(327) Max Capacity: 2048M(100%)
[251.137s][info][gc,heap     ] GC(327) Soft Max Capacity: 2048M(100%)
[251.137s][info][gc,heap     ] GC(327)                Mark Start          Mark End        Relocate Start      Relocate End           High               Low         
[251.137s][info][gc,heap     ] GC(327)  Capacity:     2048M (100%)       2048M (100%)       2048M (100%)       2048M (100%)       2048M (100%)       2048M (100%)   
[251.137s][info][gc,heap     ] GC(327)      Free:     1152M (56%)        1152M (56%)        2028M (99%)        2028M (99%)        2028M (99%)        1152M (56%)    
[251.137s][info][gc,heap     ] GC(327)      Used:      896M (44%)         896M (44%)          20M (1%)           20M (1%)          896M (44%)          20M (1%)     
[251.137s][info][gc,heap     ] GC(327)      Live:         -                 4M (0%)            4M (0%)            4M (0%)             -                  -          
[251.137s][info][gc,heap     ] GC(327) Allocated:         -                 0M (0%)            0M (0%)            0M (0%)             -                  -          
[251.137s][info][gc,heap     ] GC(327)   Garbage:         -               891M (44%)          15M (1%)           15M (1%)             -                  -          
[251.137s][info][gc,heap     ] GC(327) Reclaimed:         -                  -               876M (43%)         876M (43%)            -                  -          
[251.137s][info][gc          ] GC(327) Garbage Collection (System.gc()) 896M(44%)->20M(1%)
[251.425s][info][gc,start    ] GC(328) Garbage Collection (Allocation Rate)
[251.425s][info][gc,task     ] GC(328) Using 3 workers
[251.425s][info][gc,phases   ] GC(328) Pause Mark Start 0.013ms
[251.434s][info][gc,phases   ] GC(328) Concurrent Mark 9.086ms
[251.434s][info][gc,phases   ] GC(328) Pause Mark End 0.015ms
[251.434s][info][gc,phases   ] GC(328) Concurrent Mark Free 0.001ms
[251.464s][info][gc,phases   ] GC(328) Concurrent Process Non-Strong References 29.721ms
[251.464s][info][gc,phases   ] GC(328) Concurrent Reset Relocation Set 0.002ms
[251.468s][info][gc,phases   ] GC(328) Concurrent Select Relocation Set 3.625ms
[251.468s][info][gc,phases   ] GC(328) Pause Relocate Start 0.008ms
[251.469s][info][gc,phases   ] GC(328) Concurrent Relocate 0.942ms
[251.469s][info][gc,load     ] GC(328) Load: 0.00/0.00/0.00
[251.469s][info][gc,mmu      ] GC(328) MMU: 2ms/94.9%, 5ms/98.0%, 10ms/99.0%, 20ms/99.4%, 50ms/99.8%, 100ms/99.9%
[251.469s][info][gc,marking  ] GC(328) Mark: 2 stripe(s), 2 proactive flush(es), 1 terminate flush(es), 0 completion(s), 0 continuation(s) 
[251.469s][info][gc,marking  ] GC(328) Mark Stack Usage: 32M
[251.469s][info][gc,nmethod  ] GC(328) NMethods: 651 registered, 30 unregistered
[251.469s][info][gc,metaspace] GC(328) Metaspace: 13M used, 14M committed, 1088M reserved
[251.469s][info][gc,ref      ] GC(328) Soft: 134 encountered, 0 discovered, 0 enqueued
[251.469s][info][gc,ref      ] GC(328) Weak: 717 encountered, 164 discovered, 0 enqueued
[251.469s][info][gc,ref      ] GC(328) Final: 0 encountered, 0 discovered, 0 enqueued
[251.469s][info][gc,ref      ] GC(328) Phantom: 59 encountered, 30 discovered, 0 enqueued
[251.469s][info][gc,reloc    ] GC(328) Small Pages: 311 / 622M, Empty: 550M, Relocated: 2M, In-Place: 0
[251.469s][info][gc,reloc    ] GC(328) Medium Pages: 0 / 0M, Empty: 0M, Relocated: 0M, In-Place: 0
[251.469s][info][gc,reloc    ] GC(328) Large Pages: 0 / 0M, Empty: 0M, Relocated: 0M, In-Place: 0
[251.469s][info][gc,reloc    ] GC(328) Forwarding Usage: 0M
[251.469s][info][gc,heap     ] GC(328) Min Capacity: 8M(0%)
[251.469s][info][gc,heap     ] GC(328) Max Capacity: 2048M(100%)
[251.469s][info][gc,heap     ] GC(328) Soft Max Capacity: 2048M(100%)
[251.469s][info][gc,heap     ] GC(328)                Mark Start          Mark End        Relocate Start      Relocate End           High               Low         
[251.469s][info][gc,heap     ] GC(328)  Capacity:     2048M (100%)       2048M (100%)       2048M (100%)       2048M (100%)       2048M (100%)       2048M (100%)   
[251.469s][info][gc,heap     ] GC(328)      Free:     1426M (70%)        1400M (68%)        1882M (92%)        1940M (95%)        1940M (95%)        1340M (65%)    
[251.469s][info][gc,heap     ] GC(328)      Used:      622M (30%)         648M (32%)         166M (8%)          108M (5%)          708M (35%)         108M (5%)     
[251.469s][info][gc,heap     ] GC(328)      Live:         -                 7M (0%)            7M (0%)            7M (0%)             -                  -          
[251.469s][info][gc,heap     ] GC(328) Allocated:         -                26M (1%)           94M (5%)           94M (5%)             -                  -          
[251.469s][info][gc,heap     ] GC(328)   Garbage:         -               614M (30%)          64M (3%)            6M (0%)             -                  -          
[251.469s][info][gc,heap     ] GC(328) Reclaimed:         -                  -               550M (27%)         608M (30%)            -                  -          
[251.469s][info][gc          ] GC(328) Garbage Collection (Allocation Rate) 622M(30%)->108M(5%)
[252.125s][info][gc,start    ] GC(329) Garbage Collection (Allocation Rate)
[252.125s][info][gc,task     ] GC(329) Using 3 workers
[252.125s][info][gc,phases   ] GC(329) Pause Mark Start 0.011ms
[252.132s][info][gc,phases   ] GC(329) Concurrent Mark 7.144ms
[252.132s][info][gc,phases   ] GC(329) Pause Mark End 0.013ms
[252.132s][info][gc,phases   ] GC(329) Concurrent Mark Free 0.001ms
[252.160s][info][gc,phases   ] GC(329) Concurrent Process Non-Strong References 27.210ms
[252.160s][info][gc,phases   ] GC(329) Concurrent Reset Relocation Set 0.007ms
[252.163s][info][gc,phases   ] GC(329) Concurrent Select Relocation Set 3.413ms
[252.163s][info][gc,phases   ] GC(329) Pause Relocate Start 0.006ms
[252.164s][info][gc,phases   ] GC(329) Concurrent Relocate 1.273ms
[252.165s][info][gc,load     ] GC(329) Load: 0.00/0.00/0.00
[252.165s][info][gc,mmu      ] GC(329) MMU: 2ms/94.9%, 5ms/98.0%, 10ms/99.0%, 20ms/99.4%, 50ms/99.8%, 100ms/99.9%
[252.165s][info][gc,marking  ] GC(329) Mark: 2 stripe(s), 2 proactive flush(es), 1 terminate flush(es), 0 completion(s), 0 continuation(s) 
[252.165s][info][gc,marking  ] GC(329) Mark Stack Usage: 32M
[252.165s][info][gc,nmethod  ] GC(329) NMethods: 651 registered, 30 unregistered
[252.165s][info][gc,metaspace] GC(329) Metaspace: 13M used, 14M committed, 1088M reserved
[252.165s][info][gc,ref      ] GC(329) Soft: 134 encountered, 0 discovered, 0 enqueued
[252.165s][info][gc,ref      ] GC(329) Weak: 717 encountered, 467 discovered, 0 enqueued
[252.165s][info][gc,ref      ] GC(329) Final: 0 encountered, 0 discovered, 0 enqueued
[252.165s][info][gc,ref      ] GC(329) Phantom: 59 encountered, 44 discovered, 0 enqueued
[252.165s][info][gc,reloc    ] GC(329) Small Pages: 615 / 1230M, Empty: 1124M, Relocated: 1M, In-Place: 0
[252.165s][info][gc,reloc    ] GC(329) Medium Pages: 0 / 0M, Empty: 0M, Relocated: 0M, In-Place: 0
[252.165s][info][gc,reloc    ] GC(329) Large Pages: 0 / 0M, Empty: 0M, Relocated: 0M, In-Place: 0
[252.165s][info][gc,reloc    ] GC(329) Forwarding Usage: 0M
[252.165s][info][gc,heap     ] GC(329) Min Capacity: 8M(0%)
[252.165s][info][gc,heap     ] GC(329) Max Capacity: 2048M(100%)
[252.165s][info][gc,heap     ] GC(329) Soft Max Capacity: 2048M(100%)
[252.165s][info][gc,heap     ] GC(329)                Mark Start          Mark End        Relocate Start      Relocate End           High               Low         
[252.165s][info][gc,heap     ] GC(329)  Capacity:     2048M (100%)       2048M (100%)       2048M (100%)       2048M (100%)       2048M (100%)       2048M (100%)   
[252.165s][info][gc,heap     ] GC(329)      Free:      818M (40%)         798M (39%)        1870M (91%)        1960M (96%)        1960M (96%)         752M (37%)    
[252.165s][info][gc,heap     ] GC(329)      Used:     1230M (60%)        1250M (61%)         178M (9%)           88M (4%)         1296M (63%)          88M (4%)     
[252.165s][info][gc,heap     ] GC(329)      Live:         -                 7M (0%)            7M (0%)            7M (0%)             -                  -          
[252.165s][info][gc,heap     ] GC(329) Allocated:         -                20M (1%)           72M (4%)           73M (4%)             -                  -          
[252.165s][info][gc,heap     ] GC(329)   Garbage:         -              1222M (60%)          98M (5%)            6M (0%)             -                  -          
[252.165s][info][gc,heap     ] GC(329) Reclaimed:         -                  -              1124M (55%)        1215M (59%)            -                  -          
[252.165s][info][gc          ] GC(329) Garbage Collection (Allocation Rate) 1230M(60%)->88M(4%)
[252.825s][info][gc,start    ] GC(330) Garbage Collection (Allocation Rate)
[252.825s][info][gc,task     ] GC(330) Using 2 workers
[252.825s][info][gc,phases   ] GC(330) Pause Mark Start 0.013ms
[252.836s][info][gc,phases   ] GC(330) Concurrent Mark 10.641ms
[252.836s][info][gc,phases   ] GC(330) Pause Mark End 0.015ms
[252.836s][info][gc,phases   ] GC(330) Concurrent Mark Free 0.001ms
[252.879s][info][gc,phases   ] GC(330) Concurrent Process Non-Strong References 42.732ms
[252.879s][info][gc,phases   ] GC(330) Concurrent Reset Relocation Set 0.006ms
[252.882s][info][gc,phases   ] GC(330) Concurrent Select Relocation Set 3.613ms
[252.883s][info][gc,phases   ] GC(330) Pause Relocate Start 0.008ms
[252.884s][info][gc,phases   ] GC(330) Concurrent Relocate 1.095ms
[252.884s][info][gc,load     ] GC(330) Load: 0.00/0.00/0.00
[252.884s][info][gc,mmu      ] GC(330) MMU: 2ms/94.9%, 5ms/98.0%, 10ms/99.0%, 20ms/99.4%, 50ms/99.8%, 100ms/99.9%
[252.884s][info][gc,marking  ] GC(330) Mark: 2 stripe(s), 2 proactive flush(es), 1 terminate flush(es), 0 completion(s), 0 continuation(s) 
[252.884s][info][gc,marking  ] GC(330) Mark Stack Usage: 32M
[252.884s][info][gc,nmethod  ] GC(330) NMethods: 651 registered, 30 unregistered
[252.884s][info][gc,metaspace] GC(330) Metaspace: 13M used, 14M committed, 1088M reserved
[252.884s][info][gc,ref      ] GC(330) Soft: 134 encountered, 0 discovered, 0 enqueued
[252.884s][info][gc,ref      ] GC(330) Weak: 717 encountered, 422 discovered, 0 enqueued
[252.884s][info][gc,ref      ] GC(330) Final: 0 encountered, 0 discovered, 0 enqueued
[252.884s][info][gc,ref      ] GC(330) Phantom: 59 encountered, 31 discovered, 0 enqueued
[252.884s][info][gc,reloc    ] GC(330) Small Pages: 617 / 1234M, Empty: 1128M, Relocated: 1M, In-Place: 0
[252.884s][info][gc,reloc    ] GC(330) Medium Pages: 0 / 0M, Empty: 0M, Relocated: 0M, In-Place: 0
[252.884s][info][gc,reloc    ] GC(330) Large Pages: 0 / 0M, Empty: 0M, Relocated: 0M, In-Place: 0
[252.884s][info][gc,reloc    ] GC(330) Forwarding Usage: 0M
[252.884s][info][gc,heap     ] GC(330) Min Capacity: 8M(0%)
[252.884s][info][gc,heap     ] GC(330) Max Capacity: 2048M(100%)
[252.884s][info][gc,heap     ] GC(330) Soft Max Capacity: 2048M(100%)
[252.884s][info][gc,heap     ] GC(330)                Mark Start          Mark End        Relocate Start      Relocate End           High               Low         
[252.884s][info][gc,heap     ] GC(330)  Capacity:     2048M (100%)       2048M (100%)       2048M (100%)       2048M (100%)       2048M (100%)       2048M (100%)   
[252.884s][info][gc,heap     ] GC(330)      Free:      814M (40%)         790M (39%)        1834M (90%)        1926M (94%)        1926M (94%)         714M (35%)    
[252.884s][info][gc,heap     ] GC(330)      Used:     1234M (60%)        1258M (61%)         214M (10%)         122M (6%)         1334M (65%)         122M (6%)     
[252.884s][info][gc,heap     ] GC(330)      Live:         -                 7M (0%)            7M (0%)            7M (0%)             -                  -          
[252.884s][info][gc,heap     ] GC(330) Allocated:         -                24M (1%)          108M (5%)          109M (5%)             -                  -          
[252.884s][info][gc,heap     ] GC(330)   Garbage:         -              1226M (60%)          98M (5%)            4M (0%)             -                  -          
[252.884s][info][gc,heap     ] GC(330) Reclaimed:         -                  -              1128M (55%)        1221M (60%)            -                  -          
[252.884s][info][gc          ] GC(330) Garbage Collection (Allocation Rate) 1234M(60%)->122M(6%)
[253.624s][info][gc,start    ] GC(331) Garbage Collection (Allocation Rate)
[253.625s][info][gc,task     ] GC(331) Using 1 workers
[253.625s][info][gc,phases   ] GC(331) Pause Mark Start 0.012ms
[253.639s][info][gc,phases   ] GC(331) Concurrent Mark 14.112ms
[253.639s][info][gc,phases   ] GC(331) Pause Mark End 0.017ms
[253.639s][info][gc,phases   ] GC(331) Concurrent Mark Free 0.001ms
[253.719s][info][gc,phases   ] GC(331) Concurrent Process Non-Strong References 80.180ms
[253.719s][info][gc,phases   ] GC(331) Concurrent Reset Relocation Set 0.007ms
[253.723s][info][gc,phases   ] GC(331) Concurrent Select Relocation Set 3.637ms
[253.723s][info][gc,phases   ] GC(331) Pause Relocate Start 0.008ms
[253.725s][info][gc,phases   ] GC(331) Concurrent Relocate 1.676ms
[253.725s][info][gc,load     ] GC(331) Load: 0.00/0.00/0.00
[253.725s][info][gc,mmu      ] GC(331) MMU: 2ms/94.9%, 5ms/98.0%, 10ms/99.0%, 20ms/99.4%, 50ms/99.8%, 100ms/99.9%
[253.725s][info][gc,marking  ] GC(331) Mark: 1 stripe(s), 2 proactive flush(es), 1 terminate flush(es), 0 completion(s), 0 continuation(s) 
[253.725s][info][gc,marking  ] GC(331) Mark Stack Usage: 32M
[253.725s][info][gc,nmethod  ] GC(331) NMethods: 651 registered, 30 unregistered
[253.725s][info][gc,metaspace] GC(331) Metaspace: 13M used, 14M committed, 1088M reserved
[253.725s][info][gc,ref      ] GC(331) Soft: 134 encountered, 0 discovered, 0 enqueued
[253.725s][info][gc,ref      ] GC(331) Weak: 717 encountered, 453 discovered, 0 enqueued
[253.725s][info][gc,ref      ] GC(331) Final: 0 encountered, 0 discovered, 0 enqueued
[253.725s][info][gc,ref      ] GC(331) Phantom: 59 encountered, 41 discovered, 0 enqueued
[253.725s][info][gc,reloc    ] GC(331) Small Pages: 705 / 1410M, Empty: 1296M, Relocated: 1M, In-Place: 0
[253.725s][info][gc,reloc    ] GC(331) Medium Pages: 0 / 0M, Empty: 0M, Relocated: 0M, In-Place: 0
[253.725s][info][gc,reloc    ] GC(331) Large Pages: 0 / 0M, Empty: 0M, Relocated: 0M, In-Place: 0
[253.725s][info][gc,reloc    ] GC(331) Forwarding Usage: 0M
[253.725s][info][gc,heap     ] GC(331) Min Capacity: 8M(0%)
[253.725s][info][gc,heap     ] GC(331) Max Capacity: 2048M(100%)
[253.725s][info][gc,heap     ] GC(331) Soft Max Capacity: 2048M(100%)
[253.725s][info][gc,heap     ] GC(331)                Mark Start          Mark End        Relocate Start      Relocate End           High               Low         
[253.725s][info][gc,heap     ] GC(331)  Capacity:     2048M (100%)       2048M (100%)       2048M (100%)       2048M (100%)       2048M (100%)       2048M (100%)   
[253.725s][info][gc,heap     ] GC(331)      Free:      638M (31%)         606M (30%)        1758M (86%)        1860M (91%)        1860M (91%)         468M (23%)    
[253.725s][info][gc,heap     ] GC(331)      Used:     1410M (69%)        1442M (70%)         290M (14%)         188M (9%)         1580M (77%)         188M (9%)     
[253.725s][info][gc,heap     ] GC(331)      Live:         -                 7M (0%)            7M (0%)            7M (0%)             -                  -          
[253.725s][info][gc,heap     ] GC(331) Allocated:         -                32M (2%)          176M (9%)          177M (9%)             -                  -          
[253.725s][info][gc,heap     ] GC(331)   Garbage:         -              1402M (68%)         106M (5%)            2M (0%)             -                  -          
[253.725s][info][gc,heap     ] GC(331) Reclaimed:         -                  -              1296M (63%)        1399M (68%)            -                  -          
[253.725s][info][gc          ] GC(331) Garbage Collection (Allocation Rate) 1410M(69%)->188M(9%)
[254.526s][info][gc,start    ] GC(332) Garbage Collection (Allocation Rate)
[254.526s][info][gc,task     ] GC(332) Using 1 workers
[254.526s][info][gc,phases   ] GC(332) Pause Mark Start 0.010ms
[254.539s][info][gc,phases   ] GC(332) Concurrent Mark 13.250ms
[254.539s][info][gc,phases   ] GC(332) Pause Mark End 0.016ms
[254.539s][info][gc,phases   ] GC(332) Concurrent Mark Free 0.001ms
[254.613s][info][gc,phases   ] GC(332) Concurrent Process Non-Strong References 73.618ms
[254.613s][info][gc,phases   ] GC(332) Concurrent Reset Relocation Set 0.006ms
[254.617s][info][gc,phases   ] GC(332) Concurrent Select Relocation Set 3.792ms
[254.617s][info][gc,phases   ] GC(332) Pause Relocate Start 0.008ms
[254.621s][info][gc,phases   ] GC(332) Concurrent Relocate 3.910ms
[254.621s][info][gc,load     ] GC(332) Load: 0.00/0.00/0.00
[254.621s][info][gc,mmu      ] GC(332) MMU: 2ms/94.9%, 5ms/98.0%, 10ms/99.0%, 20ms/99.4%, 50ms/99.8%, 100ms/99.9%
[254.621s][info][gc,marking  ] GC(332) Mark: 1 stripe(s), 2 proactive flush(es), 1 terminate flush(es), 0 completion(s), 0 continuation(s) 
[254.621s][info][gc,marking  ] GC(332) Mark Stack Usage: 32M
[254.621s][info][gc,nmethod  ] GC(332) NMethods: 651 registered, 30 unregistered
[254.621s][info][gc,metaspace] GC(332) Metaspace: 13M used, 14M committed, 1088M reserved
[254.621s][info][gc,ref      ] GC(332) Soft: 134 encountered, 0 discovered, 0 enqueued
[254.621s][info][gc,ref      ] GC(332) Weak: 717 encountered, 453 discovered, 0 enqueued
[254.621s][info][gc,ref      ] GC(332) Final: 0 encountered, 0 discovered, 0 enqueued
[254.621s][info][gc,ref      ] GC(332) Phantom: 59 encountered, 41 discovered, 0 enqueued
[254.621s][info][gc,reloc    ] GC(332) Small Pages: 779 / 1558M, Empty: 1440M, Relocated: 1M, In-Place: 0
[254.621s][info][gc,reloc    ] GC(332) Medium Pages: 0 / 0M, Empty: 0M, Relocated: 0M, In-Place: 0
[254.621s][info][gc,reloc    ] GC(332) Large Pages: 0 / 0M, Empty: 0M, Relocated: 0M, In-Place: 0
[254.621s][info][gc,reloc    ] GC(332) Forwarding Usage: 0M
[254.621s][info][gc,heap     ] GC(332) Min Capacity: 8M(0%)
[254.621s][info][gc,heap     ] GC(332) Max Capacity: 2048M(100%)
[254.621s][info][gc,heap     ] GC(332) Soft Max Capacity: 2048M(100%)
[254.621s][info][gc,heap     ] GC(332)                Mark Start          Mark End        Relocate Start      Relocate End           High               Low         
[254.621s][info][gc,heap     ] GC(332)  Capacity:     2048M (100%)       2048M (100%)       2048M (100%)       2048M (100%)       2048M (100%)       2048M (100%)   
[254.621s][info][gc,heap     ] GC(332)      Free:      490M (24%)         464M (23%)        1774M (87%)        1876M (92%)        1880M (92%)         340M (17%)    
[254.621s][info][gc,heap     ] GC(332)      Used:     1558M (76%)        1584M (77%)         274M (13%)         172M (8%)         1708M (83%)         168M (8%)     
[254.621s][info][gc,heap     ] GC(332)      Live:         -                 7M (0%)            7M (0%)            7M (0%)             -                  -          
[254.621s][info][gc,heap     ] GC(332) Allocated:         -                26M (1%)          156M (8%)          161M (8%)             -                  -          
[254.621s][info][gc,heap     ] GC(332)   Garbage:         -              1550M (76%)         110M (5%)            2M (0%)             -                  -          
[254.621s][info][gc,heap     ] GC(332) Reclaimed:         -                  -              1440M (70%)        1547M (76%)            -                  -          
[254.621s][info][gc          ] GC(332) Garbage Collection (Allocation Rate) 1558M(76%)->172M(8%)
[255.425s][info][gc,start    ] GC(333) Garbage Collection (Allocation Rate)
[255.425s][info][gc,task     ] GC(333) Using 1 workers
[255.425s][info][gc,phases   ] GC(333) Pause Mark Start 0.011ms
[255.442s][info][gc,phases   ] GC(333) Concurrent Mark 16.964ms
[255.442s][info][gc,phases   ] GC(333) Pause Mark End 0.016ms
[255.442s][info][gc,phases   ] GC(333) Concurrent Mark Free 0.002ms
[255.518s][info][gc,phases   ] GC(333) Concurrent Process Non-Strong References 75.417ms
[255.518s][info][gc,phases   ] GC(333) Concurrent Reset Relocation Set 0.005ms
[255.522s][info][gc,phases   ] GC(333) Concurrent Select Relocation Set 4.320ms
[255.522s][info][gc,phases   ] GC(333) Pause Relocate Start 0.009ms
[255.523s][info][gc,phases   ] GC(333) Concurrent Relocate 0.475ms
[255.523s][info][gc,load     ] GC(333) Load: 0.00/0.00/0.00
[255.523s][info][gc,mmu      ] GC(333) MMU: 2ms/94.9%, 5ms/98.0%, 10ms/99.0%, 20ms/99.4%, 50ms/99.8%, 100ms/99.9%
[255.523s][info][gc,marking  ] GC(333) Mark: 1 stripe(s), 2 proactive flush(es), 1 terminate flush(es), 0 completion(s), 0 continuation(s) 
[255.523s][info][gc,marking  ] GC(333) Mark Stack Usage: 32M
[255.523s][info][gc,nmethod  ] GC(333) NMethods: 651 registered, 30 unregistered
[255.523s][info][gc,metaspace] GC(333) Metaspace: 13M used, 14M committed, 1088M reserved
[255.523s][info][gc,ref      ] GC(333) Soft: 134 encountered, 0 discovered, 0 enqueued
[255.523s][info][gc,ref      ] GC(333) Weak: 717 encountered, 453 discovered, 0 enqueued
[255.523s][info][gc,ref      ] GC(333) Final: 0 encountered, 0 discovered, 0 enqueued
[255.523s][info][gc,ref      ] GC(333) Phantom: 59 encountered, 41 discovered, 0 enqueued
[255.523s][info][gc,reloc    ] GC(333) Small Pages: 780 / 1560M, Empty: 1446M, Relocated: 1M, In-Place: 0
[255.523s][info][gc,reloc    ] GC(333) Medium Pages: 0 / 0M, Empty: 0M, Relocated: 0M, In-Place: 0
[255.523s][info][gc,reloc    ] GC(333) Large Pages: 0 / 0M, Empty: 0M, Relocated: 0M, In-Place: 0
[255.523s][info][gc,reloc    ] GC(333) Forwarding Usage: 0M
[255.523s][info][gc,heap     ] GC(333) Min Capacity: 8M(0%)
[255.523s][info][gc,heap     ] GC(333) Max Capacity: 2048M(100%)
[255.523s][info][gc,heap     ] GC(333) Soft Max Capacity: 2048M(100%)
[255.523s][info][gc,heap     ] GC(333)                Mark Start          Mark End        Relocate Start      Relocate End           High               Low         
[255.523s][info][gc,heap     ] GC(333)  Capacity:     2048M (100%)       2048M (100%)       2048M (100%)       2048M (100%)       2048M (100%)       2048M (100%)   
[255.523s][info][gc,heap     ] GC(333)      Free:      488M (24%)         450M (22%)        1760M (86%)        1862M (91%)        1862M (91%)         322M (16%)    
[255.523s][info][gc,heap     ] GC(333)      Used:     1560M (76%)        1598M (78%)         288M (14%)         186M (9%)         1726M (84%)         186M (9%)     
[255.523s][info][gc,heap     ] GC(333)      Live:         -                 7M (0%)            7M (0%)            7M (0%)             -                  -          
[255.523s][info][gc,heap     ] GC(333) Allocated:         -                38M (2%)          174M (8%)          174M (9%)             -                  -          
[255.523s][info][gc,heap     ] GC(333)   Garbage:         -              1552M (76%)         106M (5%)            4M (0%)             -                  -          
[255.523s][info][gc,heap     ] GC(333) Reclaimed:         -                  -              1446M (71%)        1548M (76%)            -                  -          
[255.523s][info][gc          ] GC(333) Garbage Collection (Allocation Rate) 1560M(76%)->186M(9%)
[256.426s][info][gc,start    ] GC(334) Garbage Collection (Allocation Rate)
[256.426s][info][gc,task     ] GC(334) Using 1 workers
[256.426s][info][gc,phases   ] GC(334) Pause Mark Start 0.010ms
[256.440s][info][gc,phases   ] GC(334) Concurrent Mark 14.066ms
[256.440s][info][gc,phases   ] GC(334) Pause Mark End 0.014ms
[256.440s][info][gc,phases   ] GC(334) Concurrent Mark Free 0.001ms
[256.527s][info][gc,phases   ] GC(334) Concurrent Process Non-Strong References 86.939ms
[256.527s][info][gc,phases   ] GC(334) Concurrent Reset Relocation Set 0.008ms
[256.532s][info][gc,phases   ] GC(334) Concurrent Select Relocation Set 4.357ms
[256.532s][info][gc,phases   ] GC(334) Pause Relocate Start 0.009ms
[256.533s][info][gc,phases   ] GC(334) Concurrent Relocate 0.583ms
[256.533s][info][gc,load     ] GC(334) Load: 0.00/0.00/0.00
[256.533s][info][gc,mmu      ] GC(334) MMU: 2ms/94.9%, 5ms/98.0%, 10ms/99.0%, 20ms/99.4%, 50ms/99.8%, 100ms/99.9%
[256.533s][info][gc,marking  ] GC(334) Mark: 1 stripe(s), 2 proactive flush(es), 1 terminate flush(es), 0 completion(s), 0 continuation(s) 
[256.533s][info][gc,marking  ] GC(334) Mark Stack Usage: 32M
[256.533s][info][gc,nmethod  ] GC(334) NMethods: 651 registered, 30 unregistered
[256.533s][info][gc,metaspace] GC(334) Metaspace: 13M used, 14M committed, 1088M reserved
[256.533s][info][gc,ref      ] GC(334) Soft: 134 encountered, 0 discovered, 0 enqueued
[256.533s][info][gc,ref      ] GC(334) Weak: 717 encountered, 453 discovered, 0 enqueued
[256.533s][info][gc,ref      ] GC(334) Final: 0 encountered, 0 discovered, 0 enqueued
[256.533s][info][gc,ref      ] GC(334) Phantom: 59 encountered, 41 discovered, 0 enqueued
[256.533s][info][gc,reloc    ] GC(334) Small Pages: 782 / 1564M, Empty: 1428M, Relocated: 1M, In-Place: 0
[256.533s][info][gc,reloc    ] GC(334) Medium Pages: 0 / 0M, Empty: 0M, Relocated: 0M, In-Place: 0
[256.533s][info][gc,reloc    ] GC(334) Large Pages: 0 / 0M, Empty: 0M, Relocated: 0M, In-Place: 0
[256.533s][info][gc,reloc    ] GC(334) Forwarding Usage: 0M
[256.533s][info][gc,heap     ] GC(334) Min Capacity: 8M(0%)
[256.533s][info][gc,heap     ] GC(334) Max Capacity: 2048M(100%)
[256.533s][info][gc,heap     ] GC(334) Soft Max Capacity: 2048M(100%)
[256.533s][info][gc,heap     ] GC(334)                Mark Start          Mark End        Relocate Start      Relocate End           High               Low         
[256.533s][info][gc,heap     ] GC(334)  Capacity:     2048M (100%)       2048M (100%)       2048M (100%)       2048M (100%)       2048M (100%)       2048M (100%)   
[256.533s][info][gc,heap     ] GC(334)      Free:      484M (24%)         458M (22%)        1742M (85%)        1866M (91%)        1866M (91%)         322M (16%)    
[256.533s][info][gc,heap     ] GC(334)      Used:     1564M (76%)        1590M (78%)         306M (15%)         182M (9%)         1726M (84%)         182M (9%)     
[256.533s][info][gc,heap     ] GC(334)      Live:         -                 7M (0%)            7M (0%)            7M (0%)             -                  -          
[256.533s][info][gc,heap     ] GC(334) Allocated:         -                26M (1%)          170M (8%)          170M (8%)             -                  -          
[256.533s][info][gc,heap     ] GC(334)   Garbage:         -              1556M (76%)         128M (6%)            3M (0%)             -                  -          
[256.533s][info][gc,heap     ] GC(334) Reclaimed:         -                  -              1428M (70%)        1552M (76%)            -                  -          
[256.533s][info][gc          ] GC(334) Garbage Collection (Allocation Rate) 1564M(76%)->182M(9%)
[257.326s][info][gc,start    ] GC(335) Garbage Collection (Allocation Rate)
[257.326s][info][gc,task     ] GC(335) Using 1 workers
[257.326s][info][gc,phases   ] GC(335) Pause Mark Start 0.010ms
[257.339s][info][gc,phases   ] GC(335) Concurrent Mark 13.164ms
[257.339s][info][gc,phases   ] GC(335) Pause Mark End 0.014ms
[257.339s][info][gc,phases   ] GC(335) Concurrent Mark Free 0.001ms
[257.410s][info][gc,phases   ] GC(335) Concurrent Process Non-Strong References 70.360ms
[257.410s][info][gc,phases   ] GC(335) Concurrent Reset Relocation Set 0.008ms
[257.415s][info][gc,phases   ] GC(335) Concurrent Select Relocation Set 5.173ms
[257.415s][info][gc,phases   ] GC(335) Pause Relocate Start 0.008ms
[257.418s][info][gc,phases   ] GC(335) Concurrent Relocate 2.491ms
[257.418s][info][gc,load     ] GC(335) Load: 0.00/0.00/0.00
[257.418s][info][gc,mmu      ] GC(335) MMU: 2ms/94.9%, 5ms/98.0%, 10ms/99.0%, 20ms/99.4%, 50ms/99.8%, 100ms/99.9%
[257.418s][info][gc,marking  ] GC(335) Mark: 1 stripe(s), 2 proactive flush(es), 1 terminate flush(es), 0 completion(s), 0 continuation(s) 
[257.418s][info][gc,marking  ] GC(335) Mark Stack Usage: 32M
[257.418s][info][gc,nmethod  ] GC(335) NMethods: 651 registered, 30 unregistered
[257.418s][info][gc,metaspace] GC(335) Metaspace: 13M used, 14M committed, 1088M reserved
[257.418s][info][gc,ref      ] GC(335) Soft: 134 encountered, 0 discovered, 0 enqueued
[257.418s][info][gc,ref      ] GC(335) Weak: 717 encountered, 453 discovered, 0 enqueued
[257.418s][info][gc,ref      ] GC(335) Final: 0 encountered, 0 discovered, 0 enqueued
[257.418s][info][gc,ref      ] GC(335) Phantom: 59 encountered, 41 discovered, 0 enqueued
[257.418s][info][gc,reloc    ] GC(335) Small Pages: 796 / 1592M, Empty: 1474M, Relocated: 3M, In-Place: 0
[257.418s][info][gc,reloc    ] GC(335) Medium Pages: 0 / 0M, Empty: 0M, Relocated: 0M, In-Place: 0
[257.418s][info][gc,reloc    ] GC(335) Large Pages: 0 / 0M, Empty: 0M, Relocated: 0M, In-Place: 0
[257.418s][info][gc,reloc    ] GC(335) Forwarding Usage: 0M
[257.418s][info][gc,heap     ] GC(335) Min Capacity: 8M(0%)
[257.418s][info][gc,heap     ] GC(335) Max Capacity: 2048M(100%)
[257.418s][info][gc,heap     ] GC(335) Soft Max Capacity: 2048M(100%)
[257.418s][info][gc,heap     ] GC(335)                Mark Start          Mark End        Relocate Start      Relocate End           High               Low         
[257.418s][info][gc,heap     ] GC(335)  Capacity:     2048M (100%)       2048M (100%)       2048M (100%)       2048M (100%)       2048M (100%)       2048M (100%)   
[257.418s][info][gc,heap     ] GC(335)      Free:      456M (22%)         428M (21%)        1772M (87%)        1876M (92%)        1878M (92%)         308M (15%)    
[257.418s][info][gc,heap     ] GC(335)      Used:     1592M (78%)        1620M (79%)         276M (13%)         172M (8%)         1740M (85%)         170M (8%)     
[257.418s][info][gc,heap     ] GC(335)      Live:         -                 8M (0%)            8M (0%)            8M (0%)             -                  -          
[257.418s][info][gc,heap     ] GC(335) Allocated:         -                28M (1%)          158M (8%)          161M (8%)             -                  -          
[257.418s][info][gc,heap     ] GC(335)   Garbage:         -              1583M (77%)         109M (5%)            1M (0%)             -                  -          
[257.418s][info][gc,heap     ] GC(335) Reclaimed:         -                  -              1474M (72%)        1581M (77%)            -                  -          
[257.418s][info][gc          ] GC(335) Garbage Collection (Allocation Rate) 1592M(78%)->172M(8%)
[258.126s][info][gc,start    ] GC(336) Garbage Collection (Allocation Rate)
[258.126s][info][gc,task     ] GC(336) Using 1 workers
[258.126s][info][gc,phases   ] GC(336) Pause Mark Start 0.013ms
[258.141s][info][gc,phases   ] GC(336) Concurrent Mark 15.414ms
[258.142s][info][gc,phases   ] GC(336) Pause Mark End 0.015ms
[258.142s][info][gc,phases   ] GC(336) Concurrent Mark Free 0.002ms
[258.219s][info][gc,phases   ] GC(336) Concurrent Process Non-Strong References 77.776ms
[258.220s][info][gc,phases   ] GC(336) Concurrent Reset Relocation Set 0.007ms
[258.223s][info][gc,phases   ] GC(336) Concurrent Select Relocation Set 3.527ms
[258.223s][info][gc,phases   ] GC(336) Pause Relocate Start 0.008ms
[258.224s][info][gc,phases   ] GC(336) Concurrent Relocate 0.499ms
[258.224s][info][gc,load     ] GC(336) Load: 0.00/0.00/0.00
[258.224s][info][gc,mmu      ] GC(336) MMU: 2ms/94.9%, 5ms/98.0%, 10ms/99.0%, 20ms/99.4%, 50ms/99.8%, 100ms/99.9%
[258.224s][info][gc,marking  ] GC(336) Mark: 1 stripe(s), 2 proactive flush(es), 1 terminate flush(es), 0 completion(s), 0 continuation(s) 
[258.224s][info][gc,marking  ] GC(336) Mark Stack Usage: 32M
[258.224s][info][gc,nmethod  ] GC(336) NMethods: 651 registered, 30 unregistered
[258.224s][info][gc,metaspace] GC(336) Metaspace: 13M used, 14M committed, 1088M reserved
[258.224s][info][gc,ref      ] GC(336) Soft: 134 encountered, 0 discovered, 0 enqueued
[258.224s][info][gc,ref      ] GC(336) Weak: 717 encountered, 453 discovered, 0 enqueued
[258.224s][info][gc,ref      ] GC(336) Final: 0 encountered, 0 discovered, 0 enqueued
[258.224s][info][gc,ref      ] GC(336) Phantom: 59 encountered, 41 discovered, 0 enqueued
[258.224s][info][gc,reloc    ] GC(336) Small Pages: 759 / 1518M, Empty: 1402M, Relocated: 1M, In-Place: 0
[258.224s][info][gc,reloc    ] GC(336) Medium Pages: 0 / 0M, Empty: 0M, Relocated: 0M, In-Place: 0
[258.224s][info][gc,reloc    ] GC(336) Large Pages: 0 / 0M, Empty: 0M, Relocated: 0M, In-Place: 0
[258.224s][info][gc,reloc    ] GC(336) Forwarding Usage: 0M
[258.224s][info][gc,heap     ] GC(336) Min Capacity: 8M(0%)
[258.224s][info][gc,heap     ] GC(336) Max Capacity: 2048M(100%)
[258.224s][info][gc,heap     ] GC(336) Soft Max Capacity: 2048M(100%)
[258.224s][info][gc,heap     ] GC(336)                Mark Start          Mark End        Relocate Start      Relocate End           High               Low         
[258.224s][info][gc,heap     ] GC(336)  Capacity:     2048M (100%)       2048M (100%)       2048M (100%)       2048M (100%)       2048M (100%)       2048M (100%)   
[258.224s][info][gc,heap     ] GC(336)      Free:      530M (26%)         494M (24%)        1740M (85%)        1844M (90%)        1844M (90%)         346M (17%)    
[258.224s][info][gc,heap     ] GC(336)      Used:     1518M (74%)        1554M (76%)         308M (15%)         204M (10%)        1702M (83%)         204M (10%)    
[258.224s][info][gc,heap     ] GC(336)      Live:         -                 8M (0%)            8M (0%)            8M (0%)             -                  -          
[258.224s][info][gc,heap     ] GC(336) Allocated:         -                36M (2%)          192M (9%)          192M (9%)             -                  -          
[258.224s][info][gc,heap     ] GC(336)   Garbage:         -              1509M (74%)         107M (5%)            3M (0%)             -                  -          
[258.224s][info][gc,heap     ] GC(336) Reclaimed:         -                  -              1402M (68%)        1506M (74%)            -                  -          
[258.224s][info][gc          ] GC(336) Garbage Collection (Allocation Rate) 1518M(74%)->204M(10%)
[259.026s][info][gc,start    ] GC(337) Garbage Collection (Allocation Rate)
[259.026s][info][gc,task     ] GC(337) Using 1 workers
[259.026s][info][gc,phases   ] GC(337) Pause Mark Start 0.013ms
[259.040s][info][gc,phases   ] GC(337) Concurrent Mark 13.826ms
[259.040s][info][gc,phases   ] GC(337) Pause Mark End 0.015ms
[259.040s][info][gc,phases   ] GC(337) Concurrent Mark Free 0.002ms
[259.121s][info][gc,phases   ] GC(337) Concurrent Process Non-Strong References 81.321ms
[259.121s][info][gc,phases   ] GC(337) Concurrent Reset Relocation Set 0.007ms
[259.126s][info][gc,phases   ] GC(337) Concurrent Select Relocation Set 4.330ms
[259.126s][info][gc,phases   ] GC(337) Pause Relocate Start 0.008ms
[259.127s][info][gc,phases   ] GC(337) Concurrent Relocate 0.543ms
[259.127s][info][gc,load     ] GC(337) Load: 0.00/0.00/0.00
[259.127s][info][gc,mmu      ] GC(337) MMU: 2ms/94.9%, 5ms/98.0%, 10ms/99.0%, 20ms/99.4%, 50ms/99.8%, 100ms/99.9%
[259.127s][info][gc,marking  ] GC(337) Mark: 1 stripe(s), 2 proactive flush(es), 1 terminate flush(es), 0 completion(s), 0 continuation(s) 
[259.127s][info][gc,marking  ] GC(337) Mark Stack Usage: 32M
[259.127s][info][gc,nmethod  ] GC(337) NMethods: 651 registered, 30 unregistered
[259.127s][info][gc,metaspace] GC(337) Metaspace: 13M used, 14M committed, 1088M reserved
[259.127s][info][gc,ref      ] GC(337) Soft: 134 encountered, 0 discovered, 0 enqueued
[259.127s][info][gc,ref      ] GC(337) Weak: 717 encountered, 453 discovered, 0 enqueued
[259.127s][info][gc,ref      ] GC(337) Final: 0 encountered, 0 discovered, 0 enqueued
[259.127s][info][gc,ref      ] GC(337) Phantom: 59 encountered, 41 discovered, 0 enqueued
[259.127s][info][gc,reloc    ] GC(337) Small Pages: 830 / 1660M, Empty: 1538M, Relocated: 1M, In-Place: 0
[259.127s][info][gc,reloc    ] GC(337) Medium Pages: 0 / 0M, Empty: 0M, Relocated: 0M, In-Place: 0
[259.127s][info][gc,reloc    ] GC(337) Large Pages: 0 / 0M, Empty: 0M, Relocated: 0M, In-Place: 0
[259.127s][info][gc,reloc    ] GC(337) Forwarding Usage: 0M
[259.127s][info][gc,heap     ] GC(337) Min Capacity: 8M(0%)
[259.127s][info][gc,heap     ] GC(337) Max Capacity: 2048M(100%)
[259.127s][info][gc,heap     ] GC(337) Soft Max Capacity: 2048M(100%)
[259.127s][info][gc,heap     ] GC(337)                Mark Start          Mark End        Relocate Start      Relocate End           High               Low         
[259.127s][info][gc,heap     ] GC(337)  Capacity:     2048M (100%)       2048M (100%)       2048M (100%)       2048M (100%)       2048M (100%)       2048M (100%)   
[259.127s][info][gc,heap     ] GC(337)      Free:      388M (19%)         354M (17%)        1740M (85%)        1850M (90%)        1850M (90%)         210M (10%)    
[259.127s][info][gc,heap     ] GC(337)      Used:     1660M (81%)        1694M (83%)         308M (15%)         198M (10%)        1838M (90%)         198M (10%)    
[259.127s][info][gc,heap     ] GC(337)      Live:         -                 8M (0%)            8M (0%)            8M (0%)             -                  -          
[259.127s][info][gc,heap     ] GC(337) Allocated:         -                34M (2%)          186M (9%)          186M (9%)             -                  -          
[259.127s][info][gc,heap     ] GC(337)   Garbage:         -              1651M (81%)         113M (6%)            3M (0%)             -                  -          
[259.127s][info][gc,heap     ] GC(337) Reclaimed:         -                  -              1538M (75%)        1648M (80%)            -                  -          
[259.127s][info][gc          ] GC(337) Garbage Collection (Allocation Rate) 1660M(81%)->198M(10%)
[259.925s][info][gc,start    ] GC(338) Garbage Collection (Allocation Rate)
[259.925s][info][gc,task     ] GC(338) Using 1 workers
[259.925s][info][gc,phases   ] GC(338) Pause Mark Start 0.010ms
[259.938s][info][gc,phases   ] GC(338) Concurrent Mark 13.134ms
[259.938s][info][gc,phases   ] GC(338) Pause Mark End 0.015ms
[259.938s][info][gc,phases   ] GC(338) Concurrent Mark Free 0.001ms
[260.019s][info][gc,phases   ] GC(338) Concurrent Process Non-Strong References 80.463ms
[260.019s][info][gc,phases   ] GC(338) Concurrent Reset Relocation Set 0.005ms
[260.024s][info][gc,phases   ] GC(338) Concurrent Select Relocation Set 5.194ms
[260.024s][info][gc,phases   ] GC(338) Pause Relocate Start 0.007ms
[260.027s][info][gc,phases   ] GC(338) Concurrent Relocate 2.305ms
[260.027s][info][gc,load     ] GC(338) Load: 0.00/0.00/0.00
[260.027s][info][gc,mmu      ] GC(338) MMU: 2ms/94.9%, 5ms/98.0%, 10ms/99.0%, 20ms/99.4%, 50ms/99.8%, 100ms/99.9%
[260.027s][info][gc,marking  ] GC(338) Mark: 1 stripe(s), 2 proactive flush(es), 1 terminate flush(es), 0 completion(s), 0 continuation(s) 
[260.027s][info][gc,marking  ] GC(338) Mark Stack Usage: 32M
[260.027s][info][gc,nmethod  ] GC(338) NMethods: 651 registered, 30 unregistered
[260.027s][info][gc,metaspace] GC(338) Metaspace: 13M used, 14M committed, 1088M reserved
[260.027s][info][gc,ref      ] GC(338) Soft: 134 encountered, 0 discovered, 0 enqueued
[260.027s][info][gc,ref      ] GC(338) Weak: 717 encountered, 453 discovered, 0 enqueued
[260.027s][info][gc,ref      ] GC(338) Final: 0 encountered, 0 discovered, 0 enqueued
[260.027s][info][gc,ref      ] GC(338) Phantom: 59 encountered, 41 discovered, 0 enqueued
[260.027s][info][gc,reloc    ] GC(338) Small Pages: 813 / 1626M, Empty: 1502M, Relocated: 3M, In-Place: 0
[260.027s][info][gc,reloc    ] GC(338) Medium Pages: 0 / 0M, Empty: 0M, Relocated: 0M, In-Place: 0
[260.027s][info][gc,reloc    ] GC(338) Large Pages: 0 / 0M, Empty: 0M, Relocated: 0M, In-Place: 0
[260.027s][info][gc,reloc    ] GC(338) Forwarding Usage: 0M
[260.027s][info][gc,heap     ] GC(338) Min Capacity: 8M(0%)
[260.027s][info][gc,heap     ] GC(338) Max Capacity: 2048M(100%)
[260.027s][info][gc,heap     ] GC(338) Soft Max Capacity: 2048M(100%)
[260.027s][info][gc,heap     ] GC(338)                Mark Start          Mark End        Relocate Start      Relocate End           High               Low         
[260.027s][info][gc,heap     ] GC(338)  Capacity:     2048M (100%)       2048M (100%)       2048M (100%)       2048M (100%)       2048M (100%)       2048M (100%)   
[260.027s][info][gc,heap     ] GC(338)      Free:      422M (21%)         396M (19%)        1752M (86%)        1862M (91%)        1864M (91%)         260M (13%)    
[260.027s][info][gc,heap     ] GC(338)      Used:     1626M (79%)        1652M (81%)         296M (14%)         186M (9%)         1788M (87%)         184M (9%)     
[260.027s][info][gc,heap     ] GC(338)      Live:         -                 8M (0%)            8M (0%)            8M (0%)             -                  -          
[260.027s][info][gc,heap     ] GC(338) Allocated:         -                26M (1%)          172M (8%)          176M (9%)             -                  -          
[260.027s][info][gc,heap     ] GC(338)   Garbage:         -              1617M (79%)         115M (6%)            1M (0%)             -                  -          
[260.027s][info][gc,heap     ] GC(338) Reclaimed:         -                  -              1502M (73%)        1616M (79%)            -                  -          
[260.027s][info][gc          ] GC(338) Garbage Collection (Allocation Rate) 1626M(79%)->186M(9%)
[260.126s][info][gc,stats    ] === Garbage Collection Statistics =======================================================================================================================
[260.126s][info][gc,stats    ]                                                              Last 10s              Last 10m              Last 10h                Total
[260.126s][info][gc,stats    ]                                                              Avg / Max             Avg / Max             Avg / Max             Avg / Max
[260.126s][info][gc,stats    ]   Collector: Garbage Collection Cycle                     88.023 / 111.118      79.116 / 282.689      79.116 / 282.689      79.116 / 282.689     ms
[260.126s][info][gc,stats    ]  Contention: Mark Segment Reset Contention                     0 / 2                 0 / 11                0 / 11                0 / 11          ops/s
[260.126s][info][gc,stats    ]  Contention: Mark SeqNum Reset Contention                      0 / 2                 0 / 2                 0 / 2                 0 / 2           ops/s
[260.126s][info][gc,stats    ]    Critical: Allocation Stall                                  0 / 0                 0 / 43                0 / 43                0 / 43          ops/s
[260.126s][info][gc,stats    ]    Critical: Allocation Stall                              0.000 / 0.000        23.670 / 55.638       23.670 / 55.638       23.670 / 55.638      ms
[260.126s][info][gc,stats    ]    Critical: GC Locker Stall                                   0 / 0                 0 / 0                 0 / 0                 0 / 0           ops/s
[260.126s][info][gc,stats    ]    Critical: GC Locker Stall                               0.000 / 0.000         0.000 / 0.000         0.000 / 0.000         0.000 / 0.000       ms
[260.126s][info][gc,stats    ]    Critical: Relocation Stall                                  0 / 0                 0 / 0                 0 / 0                 0 / 0           ops/s
[260.126s][info][gc,stats    ]    Critical: Relocation Stall                              0.000 / 0.000         0.000 / 0.000         0.000 / 0.000         0.000 / 0.000       ms
[260.126s][info][gc,stats    ]      Memory: Allocation Rate                                1866 / 2060           1858 / 2316           1858 / 2316           1858 / 2316        MB/s
[260.126s][info][gc,stats    ]      Memory: Defragment                                        0 / 0                 0 / 0                 0 / 0                 0 / 0           ops/s
[260.126s][info][gc,stats    ]      Memory: Out Of Memory                                     0 / 0                 0 / 0                 0 / 0                 0 / 0           ops/s
[260.126s][info][gc,stats    ]      Memory: Page Cache Flush                                  0 / 0                 0 / 0                 0 / 0                 0 / 0           MB/s
[260.127s][info][gc,stats    ]      Memory: Page Cache Hit L1                               936 / 1032            928 / 1159            928 / 1159            928 / 1159        ops/s
[260.127s][info][gc,stats    ]      Memory: Page Cache Hit L2                                 0 / 0                 0 / 0                 0 / 0                 0 / 0           ops/s
[260.127s][info][gc,stats    ]      Memory: Page Cache Hit L3                                 0 / 0                 3 / 449               3 / 449               3 / 449         ops/s
[260.127s][info][gc,stats    ]      Memory: Page Cache Miss                                   0 / 0                 0 / 1                 0 / 1                 0 / 1           ops/s
[260.127s][info][gc,stats    ]      Memory: Uncommit                                          0 / 0                 0 / 0                 0 / 0                 0 / 0           MB/s
[260.127s][info][gc,stats    ]      Memory: Undo Object Allocation Failed                    47 / 147              24 / 169              24 / 169              24 / 169         ops/s
[260.127s][info][gc,stats    ]      Memory: Undo Object Allocation Succeeded                  2 / 8                 1 / 21                1 / 21                1 / 21          ops/s
[260.127s][info][gc,stats    ]      Memory: Undo Page Allocation                             69 / 110              65 / 221              65 / 221              65 / 221         ops/s
[260.127s][info][gc,stats    ]       Phase: Concurrent Mark                              12.988 / 16.964       15.162 / 212.397      15.162 / 212.397      15.162 / 212.397     ms
[260.127s][info][gc,stats    ]       Phase: Concurrent Mark Continue                      0.000 / 0.000         0.000 / 0.000         0.000 / 0.000         0.000 / 0.000       ms
[260.127s][info][gc,stats    ]       Phase: Concurrent Mark Free                          0.001 / 0.002         0.001 / 0.002         0.001 / 0.002         0.001 / 0.002       ms
[260.127s][info][gc,stats    ]       Phase: Concurrent Process Non-Strong References     62.696 / 86.939       51.403 / 259.891      51.403 / 259.891      51.403 / 259.891     ms
[260.127s][info][gc,stats    ]       Phase: Concurrent Relocate                           1.497 / 3.910         1.464 / 5.770         1.464 / 5.770         1.464 / 5.770       ms
[260.127s][info][gc,stats    ]       Phase: Concurrent Reset Relocation Set               0.006 / 0.008         0.006 / 0.011         0.006 / 0.011         0.006 / 0.011       ms
[260.127s][info][gc,stats    ]       Phase: Concurrent Select Relocation Set              3.946 / 5.194         4.372 / 14.014        4.372 / 14.014        4.372 / 14.014      ms
[260.127s][info][gc,stats    ]       Phase: Pause Mark End                                0.019 / 0.064         0.017 / 0.102         0.017 / 0.102         0.017 / 0.102       ms
[260.127s][info][gc,stats    ]       Phase: Pause Mark Start                              0.012 / 0.016         0.012 / 0.049         0.012 / 0.049         0.012 / 0.049       ms
[260.127s][info][gc,stats    ]       Phase: Pause Relocate Start                          0.008 / 0.009         0.008 / 0.020         0.008 / 0.020         0.008 / 0.020       ms
[260.127s][info][gc,stats    ]    Subphase: Concurrent Classes Purge                      0.006 / 0.009         0.040 / 5.454         0.040 / 5.454         0.040 / 5.454       ms
[260.127s][info][gc,stats    ]    Subphase: Concurrent Classes Unlink                     1.074 / 1.506         3.262 / 10.160        3.262 / 10.160        3.262 / 10.160      ms
[260.127s][info][gc,stats    ]    Subphase: Concurrent Mark                              11.764 / 15.978        9.926 / 211.109       9.926 / 211.109       9.926 / 211.109     ms
[260.127s][info][gc,stats    ]    Subphase: Concurrent Mark Try Flush                     0.108 / 0.220         0.471 / 193.285       0.471 / 193.285       0.471 / 193.285     ms
[260.127s][info][gc,stats    ]    Subphase: Concurrent Mark Try Terminate                 3.558 / 13.088        2.250 / 16.632        2.250 / 16.632        2.250 / 16.632      ms
[260.127s][info][gc,stats    ]    Subphase: Concurrent References Enqueue                 0.000 / 0.001         0.001 / 0.006         0.001 / 0.006         0.001 / 0.006       ms
[260.127s][info][gc,stats    ]    Subphase: Concurrent References Process                 0.102 / 0.185         0.103 / 0.206         0.103 / 0.206         0.103 / 0.206       ms
[260.127s][info][gc,stats    ]    Subphase: Concurrent Roots ClassLoaderDataGraph         0.123 / 0.591         0.113 / 1.252         0.113 / 1.252         0.113 / 1.252       ms
[260.127s][info][gc,stats    ]    Subphase: Concurrent Roots CodeCache                    0.000 / 0.000         0.000 / 0.000         0.000 / 0.000         0.000 / 0.000       ms
[260.127s][info][gc,stats    ]    Subphase: Concurrent Roots JavaThreads                  0.384 / 1.243         0.330 / 1.791         0.330 / 1.791         0.330 / 1.791       ms
[260.127s][info][gc,stats    ]    Subphase: Concurrent Roots OopStorageSet                0.038 / 0.078         0.046 / 0.778         0.046 / 0.778         0.046 / 0.778       ms
[260.127s][info][gc,stats    ]    Subphase: Concurrent Weak Roots OopStorageSet          37.413 / 85.164       21.071 / 91.747       21.071 / 91.747       21.071 / 91.747      ms
[260.127s][info][gc,stats    ]    Subphase: Pause Mark Try Complete                       0.002 / 0.003         0.002 / 0.006         0.002 / 0.006         0.002 / 0.006       ms
[260.127s][info][gc,stats    ]      System: Java Threads                                     54 / 60               55 / 73               55 / 73               55 / 73          threads
[260.127s][info][gc,stats    ] =========================================================================================================================================================
[260.726s][info][gc,start    ] GC(339) Garbage Collection (Allocation Rate)
[260.726s][info][gc,task     ] GC(339) Using 1 workers
[260.726s][info][gc,phases   ] GC(339) Pause Mark Start 0.010ms
[260.742s][info][gc,phases   ] GC(339) Concurrent Mark 15.781ms
[260.742s][info][gc,phases   ] GC(339) Pause Mark End 0.014ms
[260.742s][info][gc,phases   ] GC(339) Concurrent Mark Free 0.001ms
[260.815s][info][gc,phases   ] GC(339) Concurrent Process Non-Strong References 72.467ms
[260.815s][info][gc,phases   ] GC(339) Concurrent Reset Relocation Set 0.008ms
[260.819s][info][gc,phases   ] GC(339) Concurrent Select Relocation Set 4.362ms
[260.819s][info][gc,phases   ] GC(339) Pause Relocate Start 0.008ms
[260.820s][info][gc,phases   ] GC(339) Concurrent Relocate 0.562ms
[260.820s][info][gc,load     ] GC(339) Load: 0.00/0.00/0.00
[260.820s][info][gc,mmu      ] GC(339) MMU: 2ms/94.9%, 5ms/98.0%, 10ms/99.0%, 20ms/99.4%, 50ms/99.8%, 100ms/99.9%
[260.820s][info][gc,marking  ] GC(339) Mark: 1 stripe(s), 2 proactive flush(es), 1 terminate flush(es), 0 completion(s), 0 continuation(s) 
[260.820s][info][gc,marking  ] GC(339) Mark Stack Usage: 32M
[260.820s][info][gc,nmethod  ] GC(339) NMethods: 651 registered, 30 unregistered
[260.820s][info][gc,metaspace] GC(339) Metaspace: 13M used, 14M committed, 1088M reserved
[260.820s][info][gc,ref      ] GC(339) Soft: 134 encountered, 0 discovered, 0 enqueued
[260.820s][info][gc,ref      ] GC(339) Weak: 717 encountered, 453 discovered, 0 enqueued
[260.820s][info][gc,ref      ] GC(339) Final: 0 encountered, 0 discovered, 0 enqueued
[260.820s][info][gc,ref      ] GC(339) Phantom: 59 encountered, 41 discovered, 0 enqueued
[260.820s][info][gc,reloc    ] GC(339) Small Pages: 794 / 1588M, Empty: 1482M, Relocated: 1M, In-Place: 0
[260.820s][info][gc,reloc    ] GC(339) Medium Pages: 0 / 0M, Empty: 0M, Relocated: 0M, In-Place: 0
[260.820s][info][gc,reloc    ] GC(339) Large Pages: 0 / 0M, Empty: 0M, Relocated: 0M, In-Place: 0
[260.820s][info][gc,reloc    ] GC(339) Forwarding Usage: 0M
[260.820s][info][gc,heap     ] GC(339) Min Capacity: 8M(0%)
[260.820s][info][gc,heap     ] GC(339) Max Capacity: 2048M(100%)
[260.820s][info][gc,heap     ] GC(339) Soft Max Capacity: 2048M(100%)
[260.820s][info][gc,heap     ] GC(339)                Mark Start          Mark End        Relocate Start      Relocate End           High               Low         
[260.820s][info][gc,heap     ] GC(339)  Capacity:     2048M (100%)       2048M (100%)       2048M (100%)       2048M (100%)       2048M (100%)       2048M (100%)   
[260.820s][info][gc,heap     ] GC(339)      Free:      460M (22%)         424M (21%)        1754M (86%)        1848M (90%)        1848M (90%)         280M (14%)    
[260.820s][info][gc,heap     ] GC(339)      Used:     1588M (78%)        1624M (79%)         294M (14%)         200M (10%)        1768M (86%)         200M (10%)    
[260.820s][info][gc,heap     ] GC(339)      Live:         -                 8M (0%)            8M (0%)            8M (0%)             -                  -          
[260.820s][info][gc,heap     ] GC(339) Allocated:         -                36M (2%)          188M (9%)          188M (9%)             -                  -          
[260.820s][info][gc,heap     ] GC(339)   Garbage:         -              1579M (77%)          97M (5%)            2M (0%)             -                  -          
[260.820s][info][gc,heap     ] GC(339) Reclaimed:         -                  -              1482M (72%)        1576M (77%)            -                  -          
[260.820s][info][gc          ] GC(339) Garbage Collection (Allocation Rate) 1588M(78%)->200M(10%)
[261.625s][info][gc,start    ] GC(340) Garbage Collection (Allocation Rate)
[261.625s][info][gc,task     ] GC(340) Using 1 workers
[261.626s][info][gc,phases   ] GC(340) Pause Mark Start 0.007ms
[261.639s][info][gc,phases   ] GC(340) Concurrent Mark 13.641ms
[261.639s][info][gc,phases   ] GC(340) Pause Mark End 0.015ms
[261.639s][info][gc,phases   ] GC(340) Concurrent Mark Free 0.001ms
[261.712s][info][gc,phases   ] GC(340) Concurrent Process Non-Strong References 72.077ms
[261.712s][info][gc,phases   ] GC(340) Concurrent Reset Relocation Set 0.007ms
[261.716s][info][gc,phases   ] GC(340) Concurrent Select Relocation Set 4.541ms
[261.716s][info][gc,phases   ] GC(340) Pause Relocate Start 0.008ms
[261.717s][info][gc,phases   ] GC(340) Concurrent Relocate 0.585ms
[261.717s][info][gc,load     ] GC(340) Load: 0.00/0.00/0.00
[261.717s][info][gc,mmu      ] GC(340) MMU: 2ms/94.9%, 5ms/98.0%, 10ms/99.0%, 20ms/99.4%, 50ms/99.8%, 100ms/99.9%
[261.717s][info][gc,marking  ] GC(340) Mark: 1 stripe(s), 2 proactive flush(es), 1 terminate flush(es), 0 completion(s), 0 continuation(s) 
[261.717s][info][gc,marking  ] GC(340) Mark Stack Usage: 32M
[261.717s][info][gc,nmethod  ] GC(340) NMethods: 651 registered, 30 unregistered
[261.717s][info][gc,metaspace] GC(340) Metaspace: 13M used, 14M committed, 1088M reserved
[261.717s][info][gc,ref      ] GC(340) Soft: 134 encountered, 0 discovered, 0 enqueued
[261.717s][info][gc,ref      ] GC(340) Weak: 717 encountered, 453 discovered, 0 enqueued
[261.717s][info][gc,ref      ] GC(340) Final: 0 encountered, 0 discovered, 0 enqueued
[261.717s][info][gc,ref      ] GC(340) Phantom: 59 encountered, 41 discovered, 0 enqueued
[261.717s][info][gc,reloc    ] GC(340) Small Pages: 772 / 1544M, Empty: 1426M, Relocated: 1M, In-Place: 0
[261.717s][info][gc,reloc    ] GC(340) Medium Pages: 0 / 0M, Empty: 0M, Relocated: 0M, In-Place: 0
[261.717s][info][gc,reloc    ] GC(340) Large Pages: 0 / 0M, Empty: 0M, Relocated: 0M, In-Place: 0
[261.717s][info][gc,reloc    ] GC(340) Forwarding Usage: 0M
[261.717s][info][gc,heap     ] GC(340) Min Capacity: 8M(0%)
[261.717s][info][gc,heap     ] GC(340) Max Capacity: 2048M(100%)
[261.717s][info][gc,heap     ] GC(340) Soft Max Capacity: 2048M(100%)
[261.717s][info][gc,heap     ] GC(340)                Mark Start          Mark End        Relocate Start      Relocate End           High               Low         
[261.717s][info][gc,heap     ] GC(340)  Capacity:     2048M (100%)       2048M (100%)       2048M (100%)       2048M (100%)       2048M (100%)       2048M (100%)   
[261.717s][info][gc,heap     ] GC(340)      Free:      504M (25%)         476M (23%)        1772M (87%)        1878M (92%)        1878M (92%)         356M (17%)    
[261.717s][info][gc,heap     ] GC(340)      Used:     1544M (75%)        1572M (77%)         276M (13%)         170M (8%)         1692M (83%)         170M (8%)     
[261.717s][info][gc,heap     ] GC(340)      Live:         -                 8M (0%)            8M (0%)            8M (0%)             -                  -          
[261.717s][info][gc,heap     ] GC(340) Allocated:         -                28M (1%)          158M (8%)          158M (8%)             -                  -          
[261.717s][info][gc,heap     ] GC(340)   Garbage:         -              1535M (75%)         109M (5%)            2M (0%)             -                  -          
[261.717s][info][gc,heap     ] GC(340) Reclaimed:         -                  -              1426M (70%)        1532M (75%)            -                  -          
[261.717s][info][gc          ] GC(340) Garbage Collection (Allocation Rate) 1544M(75%)->170M(8%)
[262.425s][info][gc,start    ] GC(341) Garbage Collection (Proactive)
[262.425s][info][gc,task     ] GC(341) Using 12 workers
[262.425s][info][gc,phases   ] GC(341) Pause Mark Start 0.009ms
[262.429s][info][gc,phases   ] GC(341) Concurrent Mark 3.331ms
[262.429s][info][gc,phases   ] GC(341) Pause Mark End 0.017ms
[262.429s][info][gc,phases   ] GC(341) Concurrent Mark Free 0.001ms
[262.438s][info][gc,phases   ] GC(341) Concurrent Process Non-Strong References 9.442ms
[262.438s][info][gc,phases   ] GC(341) Concurrent Reset Relocation Set 0.006ms
[262.443s][info][gc,phases   ] GC(341) Concurrent Select Relocation Set 4.506ms
[262.443s][info][gc,phases   ] GC(341) Pause Relocate Start 0.007ms
[262.443s][info][gc,phases   ] GC(341) Concurrent Relocate 0.269ms
[262.443s][info][gc,load     ] GC(341) Load: 0.00/0.00/0.00
[262.443s][info][gc,mmu      ] GC(341) MMU: 2ms/94.9%, 5ms/98.0%, 10ms/99.0%, 20ms/99.4%, 50ms/99.8%, 100ms/99.9%
[262.443s][info][gc,marking  ] GC(341) Mark: 8 stripe(s), 2 proactive flush(es), 1 terminate flush(es), 0 completion(s), 0 continuation(s) 
[262.443s][info][gc,marking  ] GC(341) Mark Stack Usage: 32M
[262.443s][info][gc,nmethod  ] GC(341) NMethods: 651 registered, 30 unregistered
[262.443s][info][gc,metaspace] GC(341) Metaspace: 13M used, 14M committed, 1088M reserved
[262.443s][info][gc,ref      ] GC(341) Soft: 134 encountered, 0 discovered, 0 enqueued
[262.443s][info][gc,ref      ] GC(341) Weak: 717 encountered, 51 discovered, 0 enqueued
[262.443s][info][gc,ref      ] GC(341) Final: 0 encountered, 0 discovered, 0 enqueued
[262.444s][info][gc,ref      ] GC(341) Phantom: 59 encountered, 47 discovered, 0 enqueued
[262.444s][info][gc,reloc    ] GC(341) Small Pages: 736 / 1472M, Empty: 1360M, Relocated: 0M, In-Place: 0
[262.444s][info][gc,reloc    ] GC(341) Medium Pages: 0 / 0M, Empty: 0M, Relocated: 0M, In-Place: 0
[262.444s][info][gc,reloc    ] GC(341) Large Pages: 0 / 0M, Empty: 0M, Relocated: 0M, In-Place: 0
[262.444s][info][gc,reloc    ] GC(341) Forwarding Usage: 0M
[262.444s][info][gc,heap     ] GC(341) Min Capacity: 8M(0%)
[262.444s][info][gc,heap     ] GC(341) Max Capacity: 2048M(100%)
[262.444s][info][gc,heap     ] GC(341) Soft Max Capacity: 2048M(100%)
[262.444s][info][gc,heap     ] GC(341)                Mark Start          Mark End        Relocate Start      Relocate End           High               Low         
[262.444s][info][gc,heap     ] GC(341)  Capacity:     2048M (100%)       2048M (100%)       2048M (100%)       2048M (100%)       2048M (100%)       2048M (100%)   
[262.444s][info][gc,heap     ] GC(341)      Free:      576M (28%)         562M (27%)        1896M (93%)        1974M (96%)        1974M (96%)         544M (27%)    
[262.444s][info][gc,heap     ] GC(341)      Used:     1472M (72%)        1486M (73%)         152M (7%)           74M (4%)         1504M (73%)          74M (4%)     
[262.444s][info][gc,heap     ] GC(341)      Live:         -                 8M (0%)            8M (0%)            8M (0%)             -                  -          
[262.444s][info][gc,heap     ] GC(341) Allocated:         -                14M (1%)           40M (2%)           39M (2%)             -                  -          
[262.444s][info][gc,heap     ] GC(341)   Garbage:         -              1463M (71%)         103M (5%)           25M (1%)             -                  -          
[262.444s][info][gc,heap     ] GC(341) Reclaimed:         -                  -              1360M (66%)        1437M (70%)            -                  -          
[262.444s][info][gc          ] GC(341) Garbage Collection (Proactive) 1472M(72%)->74M(4%)
[263.125s][info][gc,start    ] GC(342) Garbage Collection (Allocation Rate)
[263.125s][info][gc,task     ] GC(342) Using 1 workers
[263.125s][info][gc,phases   ] GC(342) Pause Mark Start 0.014ms
[263.138s][info][gc,phases   ] GC(342) Concurrent Mark 13.353ms
[263.138s][info][gc,phases   ] GC(342) Pause Mark End 0.016ms
[263.139s][info][gc,phases   ] GC(342) Concurrent Mark Free 0.001ms
[263.208s][info][gc,phases   ] GC(342) Concurrent Process Non-Strong References 68.911ms
[263.208s][info][gc,phases   ] GC(342) Concurrent Reset Relocation Set 0.006ms
[263.212s][info][gc,phases   ] GC(342) Concurrent Select Relocation Set 4.031ms
[263.212s][info][gc,phases   ] GC(342) Pause Relocate Start 0.007ms
[263.212s][info][gc,phases   ] GC(342) Concurrent Relocate 0.503ms
[263.212s][info][gc,load     ] GC(342) Load: 0.00/0.00/0.00
[263.212s][info][gc,mmu      ] GC(342) MMU: 2ms/94.9%, 5ms/98.0%, 10ms/99.0%, 20ms/99.4%, 50ms/99.8%, 100ms/99.9%
[263.212s][info][gc,marking  ] GC(342) Mark: 1 stripe(s), 2 proactive flush(es), 1 terminate flush(es), 0 completion(s), 0 continuation(s) 
[263.212s][info][gc,marking  ] GC(342) Mark Stack Usage: 32M
[263.212s][info][gc,nmethod  ] GC(342) NMethods: 651 registered, 30 unregistered
[263.213s][info][gc,metaspace] GC(342) Metaspace: 13M used, 14M committed, 1088M reserved
[263.213s][info][gc,ref      ] GC(342) Soft: 134 encountered, 0 discovered, 0 enqueued
[263.213s][info][gc,ref      ] GC(342) Weak: 715 encountered, 453 discovered, 0 enqueued
[263.213s][info][gc,ref      ] GC(342) Final: 0 encountered, 0 discovered, 0 enqueued
[263.213s][info][gc,ref      ] GC(342) Phantom: 59 encountered, 41 discovered, 0 enqueued
[263.213s][info][gc,reloc    ] GC(342) Small Pages: 645 / 1290M, Empty: 1168M, Relocated: 0M, In-Place: 0
[263.213s][info][gc,reloc    ] GC(342) Medium Pages: 0 / 0M, Empty: 0M, Relocated: 0M, In-Place: 0
[263.213s][info][gc,reloc    ] GC(342) Large Pages: 0 / 0M, Empty: 0M, Relocated: 0M, In-Place: 0
[263.213s][info][gc,reloc    ] GC(342) Forwarding Usage: 0M
[263.213s][info][gc,heap     ] GC(342) Min Capacity: 8M(0%)
[263.213s][info][gc,heap     ] GC(342) Max Capacity: 2048M(100%)
[263.213s][info][gc,heap     ] GC(342) Soft Max Capacity: 2048M(100%)
[263.213s][info][gc,heap     ] GC(342)                Mark Start          Mark End        Relocate Start      Relocate End           High               Low         
[263.213s][info][gc,heap     ] GC(342)  Capacity:     2048M (100%)       2048M (100%)       2048M (100%)       2048M (100%)       2048M (100%)       2048M (100%)   
[263.213s][info][gc,heap     ] GC(342)      Free:      758M (37%)         728M (36%)        1760M (86%)        1870M (91%)        1870M (91%)         600M (29%)    
[263.213s][info][gc,heap     ] GC(342)      Used:     1290M (63%)        1320M (64%)         288M (14%)         178M (9%)         1448M (71%)         178M (9%)     
[263.213s][info][gc,heap     ] GC(342)      Live:         -                 8M (0%)            8M (0%)            8M (0%)             -                  -          
[263.213s][info][gc,heap     ] GC(342) Allocated:         -                30M (1%)          166M (8%)          165M (8%)             -                  -          
[263.213s][info][gc,heap     ] GC(342)   Garbage:         -              1281M (63%)         113M (6%)            3M (0%)             -                  -          
[263.213s][info][gc,heap     ] GC(342) Reclaimed:         -                  -              1168M (57%)        1277M (62%)            -                  -          
[263.213s][info][gc          ] GC(342) Garbage Collection (Allocation Rate) 1290M(63%)->178M(9%)
[263.925s][info][gc,start    ] GC(343) Garbage Collection (Allocation Rate)
[263.925s][info][gc,task     ] GC(343) Using 1 workers
[263.925s][info][gc,phases   ] GC(343) Pause Mark Start 0.011ms
[263.938s][info][gc,phases   ] GC(343) Concurrent Mark 12.685ms
[263.938s][info][gc,phases   ] GC(343) Pause Mark End 0.019ms
[263.938s][info][gc,phases   ] GC(343) Concurrent Mark Free 0.001ms
[264.008s][info][gc,phases   ] GC(343) Concurrent Process Non-Strong References 69.626ms
[264.008s][info][gc,phases   ] GC(343) Concurrent Reset Relocation Set 0.007ms
[264.012s][info][gc,phases   ] GC(343) Concurrent Select Relocation Set 3.736ms
[264.012s][info][gc,phases   ] GC(343) Pause Relocate Start 0.008ms
[264.013s][info][gc,phases   ] GC(343) Concurrent Relocate 0.539ms
[264.013s][info][gc,load     ] GC(343) Load: 0.00/0.00/0.00
[264.013s][info][gc,mmu      ] GC(343) MMU: 2ms/94.9%, 5ms/98.0%, 10ms/99.0%, 20ms/99.4%, 50ms/99.8%, 100ms/99.9%
[264.013s][info][gc,marking  ] GC(343) Mark: 1 stripe(s), 2 proactive flush(es), 1 terminate flush(es), 0 completion(s), 0 continuation(s) 
[264.013s][info][gc,marking  ] GC(343) Mark Stack Usage: 32M
[264.013s][info][gc,nmethod  ] GC(343) NMethods: 651 registered, 30 unregistered
[264.013s][info][gc,metaspace] GC(343) Metaspace: 13M used, 14M committed, 1088M reserved
[264.013s][info][gc,ref      ] GC(343) Soft: 134 encountered, 0 discovered, 0 enqueued
[264.013s][info][gc,ref      ] GC(343) Weak: 701 encountered, 453 discovered, 0 enqueued
[264.013s][info][gc,ref      ] GC(343) Final: 0 encountered, 0 discovered, 0 enqueued
[264.013s][info][gc,ref      ] GC(343) Phantom: 59 encountered, 41 discovered, 0 enqueued
[264.013s][info][gc,reloc    ] GC(343) Small Pages: 765 / 1530M, Empty: 1422M, Relocated: 0M, In-Place: 0
[264.013s][info][gc,reloc    ] GC(343) Medium Pages: 0 / 0M, Empty: 0M, Relocated: 0M, In-Place: 0
[264.013s][info][gc,reloc    ] GC(343) Large Pages: 0 / 0M, Empty: 0M, Relocated: 0M, In-Place: 0
[264.013s][info][gc,reloc    ] GC(343) Forwarding Usage: 0M
[264.013s][info][gc,heap     ] GC(343) Min Capacity: 8M(0%)
[264.013s][info][gc,heap     ] GC(343) Max Capacity: 2048M(100%)
[264.013s][info][gc,heap     ] GC(343) Soft Max Capacity: 2048M(100%)
[264.013s][info][gc,heap     ] GC(343)                Mark Start          Mark End        Relocate Start      Relocate End           High               Low         
[264.013s][info][gc,heap     ] GC(343)  Capacity:     2048M (100%)       2048M (100%)       2048M (100%)       2048M (100%)       2048M (100%)       2048M (100%)   
[264.013s][info][gc,heap     ] GC(343)      Free:      518M (25%)         488M (24%)        1774M (87%)        1870M (91%)        1870M (91%)         360M (18%)    
[264.013s][info][gc,heap     ] GC(343)      Used:     1530M (75%)        1560M (76%)         274M (13%)         178M (9%)         1688M (82%)         178M (9%)     
[264.013s][info][gc,heap     ] GC(343)      Live:         -                 8M (0%)            8M (0%)            8M (0%)             -                  -          
[264.013s][info][gc,heap     ] GC(343) Allocated:         -                30M (1%)          166M (8%)          165M (8%)             -                  -          
[264.013s][info][gc,heap     ] GC(343)   Garbage:         -              1521M (74%)          99M (5%)            3M (0%)             -                  -          
[264.013s][info][gc,heap     ] GC(343) Reclaimed:         -                  -              1422M (69%)        1517M (74%)            -                  -          
[264.013s][info][gc          ] GC(343) Garbage Collection (Allocation Rate) 1530M(75%)->178M(9%)
[264.524s][info][gc,start    ] GC(344) Garbage Collection (Allocation Rate)
[264.524s][info][gc,task     ] GC(344) Using 1 workers
[264.525s][info][gc,phases   ] GC(344) Pause Mark Start 0.010ms
[264.535s][info][gc,phases   ] GC(344) Concurrent Mark 10.308ms
[264.535s][info][gc,phases   ] GC(344) Pause Mark End 0.014ms
[264.535s][info][gc,phases   ] GC(344) Concurrent Mark Free 0.001ms
[264.605s][info][gc,phases   ] GC(344) Concurrent Process Non-Strong References 69.510ms
[264.605s][info][gc,phases   ] GC(344) Concurrent Reset Relocation Set 0.003ms
[264.609s][info][gc,phases   ] GC(344) Concurrent Select Relocation Set 3.830ms
[264.609s][info][gc,phases   ] GC(344) Pause Relocate Start 0.007ms
[264.609s][info][gc,phases   ] GC(344) Concurrent Relocate 0.467ms
[264.609s][info][gc,load     ] GC(344) Load: 0.00/0.00/0.00
[264.609s][info][gc,mmu      ] GC(344) MMU: 2ms/94.9%, 5ms/98.0%, 10ms/99.0%, 20ms/99.4%, 50ms/99.8%, 100ms/99.9%
[264.609s][info][gc,marking  ] GC(344) Mark: 1 stripe(s), 2 proactive flush(es), 1 terminate flush(es), 0 completion(s), 0 continuation(s) 
[264.609s][info][gc,marking  ] GC(344) Mark Stack Usage: 32M
[264.609s][info][gc,nmethod  ] GC(344) NMethods: 651 registered, 30 unregistered
[264.609s][info][gc,metaspace] GC(344) Metaspace: 13M used, 14M committed, 1088M reserved
[264.609s][info][gc,ref      ] GC(344) Soft: 134 encountered, 0 discovered, 0 enqueued
[264.609s][info][gc,ref      ] GC(344) Weak: 659 encountered, 453 discovered, 0 enqueued
[264.609s][info][gc,ref      ] GC(344) Final: 0 encountered, 0 discovered, 0 enqueued
[264.609s][info][gc,ref      ] GC(344) Phantom: 59 encountered, 41 discovered, 0 enqueued
[264.609s][info][gc,reloc    ] GC(344) Small Pages: 670 / 1340M, Empty: 1250M, Relocated: 1M, In-Place: 0
[264.609s][info][gc,reloc    ] GC(344) Medium Pages: 0 / 0M, Empty: 0M, Relocated: 0M, In-Place: 0
[264.609s][info][gc,reloc    ] GC(344) Large Pages: 0 / 0M, Empty: 0M, Relocated: 0M, In-Place: 0
[264.609s][info][gc,reloc    ] GC(344) Forwarding Usage: 0M
[264.609s][info][gc,heap     ] GC(344) Min Capacity: 8M(0%)
[264.609s][info][gc,heap     ] GC(344) Max Capacity: 2048M(100%)
[264.609s][info][gc,heap     ] GC(344) Soft Max Capacity: 2048M(100%)
[264.609s][info][gc,heap     ] GC(344)                Mark Start          Mark End        Relocate Start      Relocate End           High               Low         
[264.609s][info][gc,heap     ] GC(344)  Capacity:     2048M (100%)       2048M (100%)       2048M (100%)       2048M (100%)       2048M (100%)       2048M (100%)   
[264.610s][info][gc,heap     ] GC(344)      Free:      708M (35%)         674M (33%)        1740M (85%)        1820M (89%)        1820M (89%)         498M (24%)    
[264.610s][info][gc,heap     ] GC(344)      Used:     1340M (65%)        1374M (67%)         308M (15%)         228M (11%)        1550M (76%)         228M (11%)    
[264.610s][info][gc,heap     ] GC(344)      Live:         -                 7M (0%)            7M (0%)            7M (0%)             -                  -          
[264.610s][info][gc,heap     ] GC(344) Allocated:         -                34M (2%)          218M (11%)         217M (11%)            -                  -          
[264.610s][info][gc,heap     ] GC(344)   Garbage:         -              1332M (65%)          82M (4%)            2M (0%)             -                  -          
[264.610s][info][gc,heap     ] GC(344) Reclaimed:         -                  -              1250M (61%)        1329M (65%)            -                  -          
[264.610s][info][gc          ] GC(344) Garbage Collection (Allocation Rate) 1340M(65%)->228M(11%)
[264.942s][info][gc,start    ] GC(345) Garbage Collection (System.gc())
[264.942s][info][gc,task     ] GC(345) Using 12 workers
[264.942s][info][gc,phases   ] GC(345) Pause Mark Start 0.015ms
[264.956s][info][gc,phases   ] GC(345) Concurrent Mark 13.468ms
[264.956s][info][gc,phases   ] GC(345) Pause Mark End 0.014ms
[264.956s][info][gc,phases   ] GC(345) Concurrent Mark Free 0.001ms
[264.968s][info][gc,phases   ] GC(345) Concurrent Process Non-Strong References 11.914ms
[264.968s][info][gc,phases   ] GC(345) Concurrent Reset Relocation Set 0.003ms
[264.971s][info][gc,phases   ] GC(345) Concurrent Select Relocation Set 3.217ms
[264.971s][info][gc,phases   ] GC(345) Pause Relocate Start 0.010ms
[264.973s][info][gc,phases   ] GC(345) Concurrent Relocate 1.800ms
[264.973s][info][gc,load     ] GC(345) Load: 0.00/0.00/0.00
[264.973s][info][gc,mmu      ] GC(345) MMU: 2ms/94.9%, 5ms/98.0%, 10ms/99.0%, 20ms/99.4%, 50ms/99.8%, 100ms/99.9%
[264.973s][info][gc,marking  ] GC(345) Mark: 8 stripe(s), 1 proactive flush(es), 1 terminate flush(es), 0 completion(s), 0 continuation(s) 
[264.973s][info][gc,marking  ] GC(345) Mark Stack Usage: 32M
[264.974s][info][gc,nmethod  ] GC(345) NMethods: 651 registered, 30 unregistered
[264.974s][info][gc,metaspace] GC(345) Metaspace: 13M used, 14M committed, 1088M reserved
[264.974s][info][gc,ref      ] GC(345) Soft: 134 encountered, 0 discovered, 0 enqueued
[264.974s][info][gc,ref      ] GC(345) Weak: 617 encountered, 5 discovered, 0 enqueued
[264.974s][info][gc,ref      ] GC(345) Final: 0 encountered, 0 discovered, 0 enqueued
[264.974s][info][gc,ref      ] GC(345) Phantom: 59 encountered, 54 discovered, 0 enqueued
[264.974s][info][gc,reloc    ] GC(345) Small Pages: 299 / 598M, Empty: 578M, Relocated: 3M, In-Place: 0
[264.974s][info][gc,reloc    ] GC(345) Medium Pages: 0 / 0M, Empty: 0M, Relocated: 0M, In-Place: 0
[264.974s][info][gc,reloc    ] GC(345) Large Pages: 0 / 0M, Empty: 0M, Relocated: 0M, In-Place: 0
[264.974s][info][gc,reloc    ] GC(345) Forwarding Usage: 0M
[264.974s][info][gc,heap     ] GC(345) Min Capacity: 8M(0%)
[264.974s][info][gc,heap     ] GC(345) Max Capacity: 2048M(100%)
[264.974s][info][gc,heap     ] GC(345) Soft Max Capacity: 2048M(100%)
[264.974s][info][gc,heap     ] GC(345)                Mark Start          Mark End        Relocate Start      Relocate End           High               Low         
[264.974s][info][gc,heap     ] GC(345)  Capacity:     2048M (100%)       2048M (100%)       2048M (100%)       2048M (100%)       2048M (100%)       2048M (100%)   
[264.974s][info][gc,heap     ] GC(345)      Free:     1450M (71%)        1450M (71%)        2028M (99%)        2028M (99%)        2028M (99%)        1450M (71%)    
[264.974s][info][gc,heap     ] GC(345)      Used:      598M (29%)         598M (29%)          20M (1%)           20M (1%)          598M (29%)          20M (1%)     
[264.974s][info][gc,heap     ] GC(345)      Live:         -                 4M (0%)            4M (0%)            4M (0%)             -                  -          
[264.974s][info][gc,heap     ] GC(345) Allocated:         -                 0M (0%)            0M (0%)            0M (0%)             -                  -          
[264.974s][info][gc,heap     ] GC(345)   Garbage:         -               593M (29%)          15M (1%)           15M (1%)             -                  -          
[264.974s][info][gc,heap     ] GC(345) Reclaimed:         -                  -               578M (28%)         578M (28%)            -                  -          
[264.974s][info][gc          ] GC(345) Garbage Collection (System.gc()) 598M(29%)->20M(1%)
[265.424s][info][gc,start    ] GC(346) Garbage Collection (Allocation Rate)
[265.424s][info][gc,task     ] GC(346) Using 2 workers
[265.424s][info][gc,phases   ] GC(346) Pause Mark Start 0.013ms
[265.435s][info][gc,phases   ] GC(346) Concurrent Mark 10.620ms
[265.435s][info][gc,phases   ] GC(346) Pause Mark End 0.017ms
[265.435s][info][gc,phases   ] GC(346) Concurrent Mark Free 0.001ms
[265.474s][info][gc,phases   ] GC(346) Concurrent Process Non-Strong References 38.742ms
[265.474s][info][gc,phases   ] GC(346) Concurrent Reset Relocation Set 0.003ms
[265.479s][info][gc,phases   ] GC(346) Concurrent Select Relocation Set 4.550ms
[265.479s][info][gc,phases   ] GC(346) Pause Relocate Start 0.010ms
[265.480s][info][gc,phases   ] GC(346) Concurrent Relocate 1.127ms
[265.480s][info][gc,load     ] GC(346) Load: 0.00/0.00/0.00
[265.480s][info][gc,mmu      ] GC(346) MMU: 2ms/94.9%, 5ms/98.0%, 10ms/99.0%, 20ms/99.4%, 50ms/99.8%, 100ms/99.9%
[265.480s][info][gc,marking  ] GC(346) Mark: 2 stripe(s), 2 proactive flush(es), 1 terminate flush(es), 0 completion(s), 0 continuation(s) 
[265.481s][info][gc,marking  ] GC(346) Mark Stack Usage: 32M
[265.481s][info][gc,nmethod  ] GC(346) NMethods: 651 registered, 30 unregistered
[265.481s][info][gc,metaspace] GC(346) Metaspace: 13M used, 14M committed, 1088M reserved
[265.481s][info][gc,ref      ] GC(346) Soft: 134 encountered, 0 discovered, 0 enqueued
[265.481s][info][gc,ref      ] GC(346) Weak: 723 encountered, 150 discovered, 2 enqueued
[265.481s][info][gc,ref      ] GC(346) Final: 0 encountered, 0 discovered, 0 enqueued
[265.481s][info][gc,ref      ] GC(346) Phantom: 59 encountered, 42 discovered, 0 enqueued
[265.481s][info][gc,reloc    ] GC(346) Small Pages: 383 / 766M, Empty: 672M, Relocated: 2M, In-Place: 0
[265.481s][info][gc,reloc    ] GC(346) Medium Pages: 0 / 0M, Empty: 0M, Relocated: 0M, In-Place: 0
[265.481s][info][gc,reloc    ] GC(346) Large Pages: 0 / 0M, Empty: 0M, Relocated: 0M, In-Place: 0
[265.481s][info][gc,reloc    ] GC(346) Forwarding Usage: 0M
[265.481s][info][gc,heap     ] GC(346) Min Capacity: 8M(0%)
[265.481s][info][gc,heap     ] GC(346) Max Capacity: 2048M(100%)
[265.481s][info][gc,heap     ] GC(346) Soft Max Capacity: 2048M(100%)
[265.481s][info][gc,heap     ] GC(346)                Mark Start          Mark End        Relocate Start      Relocate End           High               Low         
[265.481s][info][gc,heap     ] GC(346)  Capacity:     2048M (100%)       2048M (100%)       2048M (100%)       2048M (100%)       2048M (100%)       2048M (100%)   
[265.481s][info][gc,heap     ] GC(346)      Free:     1282M (63%)        1258M (61%)        1856M (91%)        1936M (95%)        1936M (95%)        1190M (58%)    
[265.481s][info][gc,heap     ] GC(346)      Used:      766M (37%)         790M (39%)         192M (9%)          112M (5%)          858M (42%)         112M (5%)     
[265.481s][info][gc,heap     ] GC(346)      Live:         -                 7M (0%)            7M (0%)            7M (0%)             -                  -          
[265.481s][info][gc,heap     ] GC(346) Allocated:         -                24M (1%)           98M (5%)          100M (5%)             -                  -          
[265.481s][info][gc,heap     ] GC(346)   Garbage:         -               758M (37%)          86M (4%)            4M (0%)             -                  -          
[265.481s][info][gc,heap     ] GC(346) Reclaimed:         -                  -               672M (33%)         754M (37%)            -                  -          
[265.481s][info][gc          ] GC(346) Garbage Collection (Allocation Rate) 766M(37%)->112M(5%)
[266.124s][info][gc,start    ] GC(347) Garbage Collection (Allocation Rate)
[266.124s][info][gc,task     ] GC(347) Using 2 workers
[266.125s][info][gc,phases   ] GC(347) Pause Mark Start 0.013ms
[266.134s][info][gc,phases   ] GC(347) Concurrent Mark 9.242ms
[266.134s][info][gc,phases   ] GC(347) Pause Mark End 0.015ms
[266.134s][info][gc,phases   ] GC(347) Concurrent Mark Free 0.001ms
[266.175s][info][gc,phases   ] GC(347) Concurrent Process Non-Strong References 41.092ms
[266.176s][info][gc,phases   ] GC(347) Concurrent Reset Relocation Set 0.008ms
[266.180s][info][gc,phases   ] GC(347) Concurrent Select Relocation Set 4.397ms
[266.180s][info][gc,phases   ] GC(347) Pause Relocate Start 0.008ms
[266.181s][info][gc,phases   ] GC(347) Concurrent Relocate 1.243ms
[266.182s][info][gc,load     ] GC(347) Load: 0.00/0.00/0.00
[266.182s][info][gc,mmu      ] GC(347) MMU: 2ms/94.9%, 5ms/98.0%, 10ms/99.0%, 20ms/99.4%, 50ms/99.8%, 100ms/99.9%
[266.182s][info][gc,marking  ] GC(347) Mark: 2 stripe(s), 2 proactive flush(es), 1 terminate flush(es), 0 completion(s), 0 continuation(s) 
[266.182s][info][gc,marking  ] GC(347) Mark Stack Usage: 32M
[266.182s][info][gc,nmethod  ] GC(347) NMethods: 651 registered, 30 unregistered
[266.182s][info][gc,metaspace] GC(347) Metaspace: 13M used, 14M committed, 1088M reserved
[266.182s][info][gc,ref      ] GC(347) Soft: 134 encountered, 0 discovered, 0 enqueued
[266.182s][info][gc,ref      ] GC(347) Weak: 721 encountered, 99 discovered, 0 enqueued
[266.182s][info][gc,ref      ] GC(347) Final: 0 encountered, 0 discovered, 0 enqueued
[266.182s][info][gc,ref      ] GC(347) Phantom: 59 encountered, 41 discovered, 0 enqueued
[266.182s][info][gc,reloc    ] GC(347) Small Pages: 619 / 1238M, Empty: 1138M, Relocated: 1M, In-Place: 0
[266.182s][info][gc,reloc    ] GC(347) Medium Pages: 0 / 0M, Empty: 0M, Relocated: 0M, In-Place: 0
[266.182s][info][gc,reloc    ] GC(347) Large Pages: 0 / 0M, Empty: 0M, Relocated: 0M, In-Place: 0
[266.182s][info][gc,reloc    ] GC(347) Forwarding Usage: 0M
[266.182s][info][gc,heap     ] GC(347) Min Capacity: 8M(0%)
[266.182s][info][gc,heap     ] GC(347) Max Capacity: 2048M(100%)
[266.182s][info][gc,heap     ] GC(347) Soft Max Capacity: 2048M(100%)
[266.182s][info][gc,heap     ] GC(347)                Mark Start          Mark End        Relocate Start      Relocate End           High               Low         
[266.182s][info][gc,heap     ] GC(347)  Capacity:     2048M (100%)       2048M (100%)       2048M (100%)       2048M (100%)       2048M (100%)       2048M (100%)   
[266.182s][info][gc,heap     ] GC(347)      Free:      810M (40%)         784M (38%)        1848M (90%)        1932M (94%)        1932M (94%)         716M (35%)    
[266.182s][info][gc,heap     ] GC(347)      Used:     1238M (60%)        1264M (62%)         200M (10%)         116M (6%)         1332M (65%)         116M (6%)     
[266.182s][info][gc,heap     ] GC(347)      Live:         -                 7M (0%)            7M (0%)            7M (0%)             -                  -          
[266.182s][info][gc,heap     ] GC(347) Allocated:         -                26M (1%)          100M (5%)          103M (5%)             -                  -          
[266.182s][info][gc,heap     ] GC(347)   Garbage:         -              1230M (60%)          92M (5%)            4M (0%)             -                  -          
[266.182s][info][gc,heap     ] GC(347) Reclaimed:         -                  -              1138M (56%)        1225M (60%)            -                  -          
[266.182s][info][gc          ] GC(347) Garbage Collection (Allocation Rate) 1238M(60%)->116M(6%)
[266.825s][info][gc,start    ] GC(348) Garbage Collection (Allocation Rate)
[266.825s][info][gc,task     ] GC(348) Using 1 workers
[266.825s][info][gc,phases   ] GC(348) Pause Mark Start 0.010ms
[266.838s][info][gc,phases   ] GC(348) Concurrent Mark 13.048ms
[266.838s][info][gc,phases   ] GC(348) Pause Mark End 0.016ms
[266.839s][info][gc,phases   ] GC(348) Concurrent Mark Free 0.001ms
[266.921s][info][gc,phases   ] GC(348) Concurrent Process Non-Strong References 82.347ms
[266.921s][info][gc,phases   ] GC(348) Concurrent Reset Relocation Set 0.005ms
[266.926s][info][gc,phases   ] GC(348) Concurrent Select Relocation Set 4.873ms
[266.926s][info][gc,phases   ] GC(348) Pause Relocate Start 0.007ms
[266.928s][info][gc,phases   ] GC(348) Concurrent Relocate 1.382ms
[266.928s][info][gc,load     ] GC(348) Load: 0.00/0.00/0.00
[266.928s][info][gc,mmu      ] GC(348) MMU: 2ms/94.9%, 5ms/98.0%, 10ms/99.0%, 20ms/99.4%, 50ms/99.8%, 100ms/99.9%
[266.928s][info][gc,marking  ] GC(348) Mark: 1 stripe(s), 2 proactive flush(es), 1 terminate flush(es), 0 completion(s), 0 continuation(s) 
[266.928s][info][gc,marking  ] GC(348) Mark Stack Usage: 32M
[266.928s][info][gc,nmethod  ] GC(348) NMethods: 651 registered, 30 unregistered
[266.928s][info][gc,metaspace] GC(348) Metaspace: 13M used, 14M committed, 1088M reserved
[266.928s][info][gc,ref      ] GC(348) Soft: 134 encountered, 0 discovered, 0 enqueued
[266.928s][info][gc,ref      ] GC(348) Weak: 721 encountered, 455 discovered, 0 enqueued
[266.928s][info][gc,ref      ] GC(348) Final: 0 encountered, 0 discovered, 0 enqueued
[266.928s][info][gc,ref      ] GC(348) Phantom: 59 encountered, 41 discovered, 0 enqueued
[266.928s][info][gc,reloc    ] GC(348) Small Pages: 608 / 1216M, Empty: 1114M, Relocated: 1M, In-Place: 0
[266.928s][info][gc,reloc    ] GC(348) Medium Pages: 0 / 0M, Empty: 0M, Relocated: 0M, In-Place: 0
[266.928s][info][gc,reloc    ] GC(348) Large Pages: 0 / 0M, Empty: 0M, Relocated: 0M, In-Place: 0
[266.928s][info][gc,reloc    ] GC(348) Forwarding Usage: 0M
[266.928s][info][gc,heap     ] GC(348) Min Capacity: 8M(0%)
[266.928s][info][gc,heap     ] GC(348) Max Capacity: 2048M(100%)
[266.928s][info][gc,heap     ] GC(348) Soft Max Capacity: 2048M(100%)
[266.928s][info][gc,heap     ] GC(348)                Mark Start          Mark End        Relocate Start      Relocate End           High               Low         
[266.928s][info][gc,heap     ] GC(348)  Capacity:     2048M (100%)       2048M (100%)       2048M (100%)       2048M (100%)       2048M (100%)       2048M (100%)   
[266.928s][info][gc,heap     ] GC(348)      Free:      832M (41%)         806M (39%)        1782M (87%)        1872M (91%)        1872M (91%)         676M (33%)    
[266.928s][info][gc,heap     ] GC(348)      Used:     1216M (59%)        1242M (61%)         266M (13%)         176M (9%)         1372M (67%)         176M (9%)     
[266.928s][info][gc,heap     ] GC(348)      Live:         -                 7M (0%)            7M (0%)            7M (0%)             -                  -          
[266.928s][info][gc,heap     ] GC(348) Allocated:         -                26M (1%)          164M (8%)          165M (8%)             -                  -          
[266.928s][info][gc,heap     ] GC(348)   Garbage:         -              1208M (59%)          94M (5%)            2M (0%)             -                  -          
[266.928s][info][gc,heap     ] GC(348) Reclaimed:         -                  -              1114M (54%)        1205M (59%)            -                  -          
[266.928s][info][gc          ] GC(348) Garbage Collection (Allocation Rate) 1216M(59%)->176M(9%)
[267.725s][info][gc,start    ] GC(349) Garbage Collection (Allocation Rate)
[267.726s][info][gc,task     ] GC(349) Using 1 workers
[267.726s][info][gc,phases   ] GC(349) Pause Mark Start 0.013ms
[267.741s][info][gc,phases   ] GC(349) Concurrent Mark 15.238ms
[267.741s][info][gc,phases   ] GC(349) Pause Mark End 0.015ms
[267.741s][info][gc,phases   ] GC(349) Concurrent Mark Free 0.001ms
[267.827s][info][gc,phases   ] GC(349) Concurrent Process Non-Strong References 86.058ms
[267.827s][info][gc,phases   ] GC(349) Concurrent Reset Relocation Set 0.006ms
[267.831s][info][gc,phases   ] GC(349) Concurrent Select Relocation Set 3.558ms
[267.831s][info][gc,phases   ] GC(349) Pause Relocate Start 0.007ms
[267.834s][info][gc,phases   ] GC(349) Concurrent Relocate 2.403ms
[267.834s][info][gc,load     ] GC(349) Load: 0.00/0.00/0.00
[267.834s][info][gc,mmu      ] GC(349) MMU: 2ms/94.9%, 5ms/98.0%, 10ms/99.0%, 20ms/99.4%, 50ms/99.8%, 100ms/99.9%
[267.834s][info][gc,marking  ] GC(349) Mark: 1 stripe(s), 2 proactive flush(es), 1 terminate flush(es), 0 completion(s), 0 continuation(s) 
[267.834s][info][gc,marking  ] GC(349) Mark Stack Usage: 32M
[267.834s][info][gc,nmethod  ] GC(349) NMethods: 651 registered, 30 unregistered
[267.834s][info][gc,metaspace] GC(349) Metaspace: 13M used, 14M committed, 1088M reserved
[267.834s][info][gc,ref      ] GC(349) Soft: 134 encountered, 0 discovered, 0 enqueued
[267.834s][info][gc,ref      ] GC(349) Weak: 721 encountered, 455 discovered, 0 enqueued
[267.834s][info][gc,ref      ] GC(349) Final: 0 encountered, 0 discovered, 0 enqueued
[267.834s][info][gc,ref      ] GC(349) Phantom: 59 encountered, 41 discovered, 0 enqueued
[267.834s][info][gc,reloc    ] GC(349) Small Pages: 779 / 1558M, Empty: 1438M, Relocated: 1M, In-Place: 0
[267.834s][info][gc,reloc    ] GC(349) Medium Pages: 0 / 0M, Empty: 0M, Relocated: 0M, In-Place: 0
[267.834s][info][gc,reloc    ] GC(349) Large Pages: 0 / 0M, Empty: 0M, Relocated: 0M, In-Place: 0
[267.834s][info][gc,reloc    ] GC(349) Forwarding Usage: 0M
[267.834s][info][gc,heap     ] GC(349) Min Capacity: 8M(0%)
[267.834s][info][gc,heap     ] GC(349) Max Capacity: 2048M(100%)
[267.834s][info][gc,heap     ] GC(349) Soft Max Capacity: 2048M(100%)
[267.834s][info][gc,heap     ] GC(349)                Mark Start          Mark End        Relocate Start      Relocate End           High               Low         
[267.834s][info][gc,heap     ] GC(349)  Capacity:     2048M (100%)       2048M (100%)       2048M (100%)       2048M (100%)       2048M (100%)       2048M (100%)   
[267.834s][info][gc,heap     ] GC(349)      Free:      490M (24%)         454M (22%)        1746M (85%)        1854M (91%)        1854M (91%)         314M (15%)    
[267.834s][info][gc,heap     ] GC(349)      Used:     1558M (76%)        1594M (78%)         302M (15%)         194M (9%)         1734M (85%)         194M (9%)     
[267.834s][info][gc,heap     ] GC(349)      Live:         -                 7M (0%)            7M (0%)            7M (0%)             -                  -          
[267.834s][info][gc,heap     ] GC(349) Allocated:         -                36M (2%)          182M (9%)          183M (9%)             -                  -          
[267.834s][info][gc,heap     ] GC(349)   Garbage:         -              1550M (76%)         112M (5%)            2M (0%)             -                  -          
[267.834s][info][gc,heap     ] GC(349) Reclaimed:         -                  -              1438M (70%)        1547M (76%)            -                  -          
[267.834s][info][gc          ] GC(349) Garbage Collection (Allocation Rate) 1558M(76%)->194M(9%)
[268.626s][info][gc,start    ] GC(350) Garbage Collection (Allocation Rate)
[268.626s][info][gc,task     ] GC(350) Using 1 workers
[268.626s][info][gc,phases   ] GC(350) Pause Mark Start 0.011ms
[268.644s][info][gc,phases   ] GC(350) Concurrent Mark 17.404ms
[268.644s][info][gc,phases   ] GC(350) Pause Mark End 0.016ms
[268.644s][info][gc,phases   ] GC(350) Concurrent Mark Free 0.001ms
[268.731s][info][gc,phases   ] GC(350) Concurrent Process Non-Strong References 86.648ms
[268.731s][info][gc,phases   ] GC(350) Concurrent Reset Relocation Set 0.008ms
[268.735s][info][gc,phases   ] GC(350) Concurrent Select Relocation Set 4.547ms
[268.735s][info][gc,phases   ] GC(350) Pause Relocate Start 0.008ms
[268.738s][info][gc,phases   ] GC(350) Concurrent Relocate 2.157ms
[268.738s][info][gc,load     ] GC(350) Load: 0.00/0.00/0.00
[268.738s][info][gc,mmu      ] GC(350) MMU: 2ms/94.9%, 5ms/98.0%, 10ms/99.0%, 20ms/99.4%, 50ms/99.8%, 100ms/99.9%
[268.738s][info][gc,marking  ] GC(350) Mark: 1 stripe(s), 2 proactive flush(es), 1 terminate flush(es), 0 completion(s), 0 continuation(s) 
[268.738s][info][gc,marking  ] GC(350) Mark Stack Usage: 32M
[268.738s][info][gc,nmethod  ] GC(350) NMethods: 683 registered, 46 unregistered
[268.738s][info][gc,metaspace] GC(350) Metaspace: 13M used, 14M committed, 1088M reserved
[268.738s][info][gc,ref      ] GC(350) Soft: 134 encountered, 0 discovered, 0 enqueued
[268.738s][info][gc,ref      ] GC(350) Weak: 721 encountered, 455 discovered, 0 enqueued
[268.738s][info][gc,ref      ] GC(350) Final: 0 encountered, 0 discovered, 0 enqueued
[268.738s][info][gc,ref      ] GC(350) Phantom: 59 encountered, 41 discovered, 0 enqueued
[268.738s][info][gc,reloc    ] GC(350) Small Pages: 765 / 1530M, Empty: 1418M, Relocated: 1M, In-Place: 0
[268.738s][info][gc,reloc    ] GC(350) Medium Pages: 0 / 0M, Empty: 0M, Relocated: 0M, In-Place: 0
[268.738s][info][gc,reloc    ] GC(350) Large Pages: 0 / 0M, Empty: 0M, Relocated: 0M, In-Place: 0
[268.738s][info][gc,reloc    ] GC(350) Forwarding Usage: 0M
[268.738s][info][gc,heap     ] GC(350) Min Capacity: 8M(0%)
[268.738s][info][gc,heap     ] GC(350) Max Capacity: 2048M(100%)
[268.738s][info][gc,heap     ] GC(350) Soft Max Capacity: 2048M(100%)
[268.738s][info][gc,heap     ] GC(350)                Mark Start          Mark End        Relocate Start      Relocate End           High               Low         
[268.738s][info][gc,heap     ] GC(350)  Capacity:     2048M (100%)       2048M (100%)       2048M (100%)       2048M (100%)       2048M (100%)       2048M (100%)   
[268.738s][info][gc,heap     ] GC(350)      Free:      518M (25%)         480M (23%)        1736M (85%)        1836M (90%)        1836M (90%)         328M (16%)    
[268.738s][info][gc,heap     ] GC(350)      Used:     1530M (75%)        1568M (77%)         312M (15%)         212M (10%)        1720M (84%)         212M (10%)    
[268.738s][info][gc,heap     ] GC(350)      Live:         -                 7M (0%)            7M (0%)            7M (0%)             -                  -          
[268.738s][info][gc,heap     ] GC(350) Allocated:         -                38M (2%)          200M (10%)         201M (10%)            -                  -          
[268.738s][info][gc,heap     ] GC(350)   Garbage:         -              1522M (74%)         104M (5%)            2M (0%)             -                  -          
[268.738s][info][gc,heap     ] GC(350) Reclaimed:         -                  -              1418M (69%)        1519M (74%)            -                  -          
[268.738s][info][gc          ] GC(350) Garbage Collection (Allocation Rate) 1530M(75%)->212M(10%)
[269.526s][info][gc,start    ] GC(351) Garbage Collection (Allocation Rate)
[269.526s][info][gc,task     ] GC(351) Using 1 workers
[269.526s][info][gc,phases   ] GC(351) Pause Mark Start 0.013ms
[269.542s][info][gc,phases   ] GC(351) Concurrent Mark 15.769ms
[269.542s][info][gc,phases   ] GC(351) Pause Mark End 0.015ms
[269.542s][info][gc,phases   ] GC(351) Concurrent Mark Free 0.002ms
[269.625s][info][gc,phases   ] GC(351) Concurrent Process Non-Strong References 83.136ms
[269.625s][info][gc,phases   ] GC(351) Concurrent Reset Relocation Set 0.009ms
[269.630s][info][gc,phases   ] GC(351) Concurrent Select Relocation Set 4.212ms
[269.630s][info][gc,phases   ] GC(351) Pause Relocate Start 0.009ms
[269.632s][info][gc,phases   ] GC(351) Concurrent Relocate 2.119ms
[269.632s][info][gc,load     ] GC(351) Load: 0.00/0.00/0.00
[269.632s][info][gc,mmu      ] GC(351) MMU: 2ms/94.9%, 5ms/98.0%, 10ms/99.0%, 20ms/99.4%, 50ms/99.8%, 100ms/99.9%
[269.632s][info][gc,marking  ] GC(351) Mark: 1 stripe(s), 2 proactive flush(es), 1 terminate flush(es), 0 completion(s), 0 continuation(s) 
[269.632s][info][gc,marking  ] GC(351) Mark Stack Usage: 32M
[269.632s][info][gc,nmethod  ] GC(351) NMethods: 683 registered, 46 unregistered
[269.632s][info][gc,metaspace] GC(351) Metaspace: 13M used, 14M committed, 1088M reserved
[269.632s][info][gc,ref      ] GC(351) Soft: 134 encountered, 0 discovered, 0 enqueued
[269.632s][info][gc,ref      ] GC(351) Weak: 721 encountered, 455 discovered, 0 enqueued
[269.632s][info][gc,ref      ] GC(351) Final: 0 encountered, 0 discovered, 0 enqueued
[269.632s][info][gc,ref      ] GC(351) Phantom: 59 encountered, 41 discovered, 0 enqueued
[269.632s][info][gc,reloc    ] GC(351) Small Pages: 798 / 1596M, Empty: 1474M, Relocated: 1M, In-Place: 0
[269.632s][info][gc,reloc    ] GC(351) Medium Pages: 0 / 0M, Empty: 0M, Relocated: 0M, In-Place: 0
[269.632s][info][gc,reloc    ] GC(351) Large Pages: 0 / 0M, Empty: 0M, Relocated: 0M, In-Place: 0
[269.632s][info][gc,reloc    ] GC(351) Forwarding Usage: 0M
[269.632s][info][gc,heap     ] GC(351) Min Capacity: 8M(0%)
[269.632s][info][gc,heap     ] GC(351) Max Capacity: 2048M(100%)
[269.632s][info][gc,heap     ] GC(351) Soft Max Capacity: 2048M(100%)
[269.632s][info][gc,heap     ] GC(351)                Mark Start          Mark End        Relocate Start      Relocate End           High               Low         
[269.632s][info][gc,heap     ] GC(351)  Capacity:     2048M (100%)       2048M (100%)       2048M (100%)       2048M (100%)       2048M (100%)       2048M (100%)   
[269.632s][info][gc,heap     ] GC(351)      Free:      452M (22%)         418M (20%)        1746M (85%)        1854M (91%)        1856M (91%)         278M (14%)    
[269.632s][info][gc,heap     ] GC(351)      Used:     1596M (78%)        1630M (80%)         302M (15%)         194M (9%)         1770M (86%)         192M (9%)     
[269.632s][info][gc,heap     ] GC(351)      Live:         -                 7M (0%)            7M (0%)            7M (0%)             -                  -          
[269.632s][info][gc,heap     ] GC(351) Allocated:         -                34M (2%)          180M (9%)          184M (9%)             -                  -          
[269.632s][info][gc,heap     ] GC(351)   Garbage:         -              1588M (78%)         114M (6%)            2M (0%)             -                  -          
[269.632s][info][gc,heap     ] GC(351) Reclaimed:         -                  -              1474M (72%)        1586M (77%)            -                  -          
[269.632s][info][gc          ] GC(351) Garbage Collection (Allocation Rate) 1596M(78%)->194M(9%)
[270.126s][info][gc,stats    ] === Garbage Collection Statistics =======================================================================================================================
[270.126s][info][gc,stats    ]                                                              Last 10s              Last 10m              Last 10h                Total
[270.126s][info][gc,stats    ]                                                              Avg / Max             Avg / Max             Avg / Max             Avg / Max
[270.126s][info][gc,stats    ]   Collector: Garbage Collection Cycle                     79.855 / 111.809      79.143 / 282.689      79.143 / 282.689      79.143 / 282.689     ms
[270.126s][info][gc,stats    ]  Contention: Mark Segment Reset Contention                     0 / 7                 0 / 11                0 / 11                0 / 11          ops/s
[270.126s][info][gc,stats    ]  Contention: Mark SeqNum Reset Contention                      0 / 1                 0 / 2                 0 / 2                 0 / 2           ops/s
[270.126s][info][gc,stats    ]    Critical: Allocation Stall                                  0 / 0                 0 / 43                0 / 43                0 / 43          ops/s
[270.126s][info][gc,stats    ]    Critical: Allocation Stall                              0.000 / 0.000        23.670 / 55.638       23.670 / 55.638       23.670 / 55.638      ms
[270.126s][info][gc,stats    ]    Critical: GC Locker Stall                                   0 / 0                 0 / 0                 0 / 0                 0 / 0           ops/s
[270.126s][info][gc,stats    ]    Critical: GC Locker Stall                               0.000 / 0.000         0.000 / 0.000         0.000 / 0.000         0.000 / 0.000       ms
[270.126s][info][gc,stats    ]    Critical: Relocation Stall                                  0 / 0                 0 / 0                 0 / 0                 0 / 0           ops/s
[270.126s][info][gc,stats    ]    Critical: Relocation Stall                              0.000 / 0.000         0.000 / 0.000         0.000 / 0.000         0.000 / 0.000       ms
[270.126s][info][gc,stats    ]      Memory: Allocation Rate                                1916 / 2156           1860 / 2316           1860 / 2316           1860 / 2316        MB/s
[270.126s][info][gc,stats    ]      Memory: Defragment                                        0 / 0                 0 / 0                 0 / 0                 0 / 0           ops/s
[270.126s][info][gc,stats    ]      Memory: Out Of Memory                                     0 / 0                 0 / 0                 0 / 0                 0 / 0           ops/s
[270.127s][info][gc,stats    ]      Memory: Page Cache Flush                                  0 / 0                 0 / 0                 0 / 0                 0 / 0           MB/s
[270.127s][info][gc,stats    ]      Memory: Page Cache Hit L1                               961 / 1079            929 / 1159            929 / 1159            929 / 1159        ops/s
[270.127s][info][gc,stats    ]      Memory: Page Cache Hit L2                                 0 / 0                 0 / 0                 0 / 0                 0 / 0           ops/s
[270.127s][info][gc,stats    ]      Memory: Page Cache Hit L3                                 0 / 0                 3 / 449               3 / 449               3 / 449         ops/s
[270.127s][info][gc,stats    ]      Memory: Page Cache Miss                                   0 / 0                 0 / 1                 0 / 1                 0 / 1           ops/s
[270.127s][info][gc,stats    ]      Memory: Uncommit                                          0 / 0                 0 / 0                 0 / 0                 0 / 0           MB/s
[270.127s][info][gc,stats    ]      Memory: Undo Object Allocation Failed                    16 / 50               24 / 169              24 / 169              24 / 169         ops/s
[270.127s][info][gc,stats    ]      Memory: Undo Object Allocation Succeeded                  1 / 4                 1 / 21                1 / 21                1 / 21          ops/s
[270.127s][info][gc,stats    ]      Memory: Undo Page Allocation                             70 / 115              65 / 221              65 / 221              65 / 221         ops/s
[270.127s][info][gc,stats    ]       Phase: Concurrent Mark                              12.607 / 17.404       15.067 / 212.397      15.067 / 212.397      15.067 / 212.397     ms
[270.127s][info][gc,stats    ]       Phase: Concurrent Mark Continue                      0.000 / 0.000         0.000 / 0.000         0.000 / 0.000         0.000 / 0.000       ms
[270.127s][info][gc,stats    ]       Phase: Concurrent Mark Free                          0.001 / 0.002         0.001 / 0.002         0.001 / 0.002         0.001 / 0.002       ms
[270.127s][info][gc,stats    ]       Phase: Concurrent Process Non-Strong References     60.921 / 86.648       51.754 / 259.891      51.754 / 259.891      51.754 / 259.891     ms
[270.127s][info][gc,stats    ]       Phase: Concurrent Relocate                           1.166 / 2.403         1.453 / 5.770         1.453 / 5.770         1.453 / 5.770       ms
[270.127s][info][gc,stats    ]       Phase: Concurrent Reset Relocation Set               0.006 / 0.009         0.006 / 0.011         0.006 / 0.011         0.006 / 0.011       ms
[270.127s][info][gc,stats    ]       Phase: Concurrent Select Relocation Set              4.181 / 4.873         4.365 / 14.014        4.365 / 14.014        4.365 / 14.014      ms
[270.127s][info][gc,stats    ]       Phase: Pause Mark End                                0.015 / 0.019         0.017 / 0.102         0.017 / 0.102         0.017 / 0.102       ms
[270.127s][info][gc,stats    ]       Phase: Pause Mark Start                              0.011 / 0.015         0.012 / 0.049         0.012 / 0.049         0.012 / 0.049       ms
[270.127s][info][gc,stats    ]       Phase: Pause Relocate Start                          0.008 / 0.010         0.008 / 0.020         0.008 / 0.020         0.008 / 0.020       ms
[270.127s][info][gc,stats    ]    Subphase: Concurrent Classes Purge                      0.019 / 0.178         0.039 / 5.454         0.039 / 5.454         0.039 / 5.454       ms
[270.127s][info][gc,stats    ]    Subphase: Concurrent Classes Unlink                     1.060 / 1.613         3.181 / 10.160        3.181 / 10.160        3.181 / 10.160      ms
[270.127s][info][gc,stats    ]    Subphase: Concurrent Mark                               8.855 / 16.404        9.885 / 211.109       9.885 / 211.109       9.885 / 211.109     ms
[270.127s][info][gc,stats    ]    Subphase: Concurrent Mark Try Flush                     0.089 / 0.222         0.457 / 193.285       0.457 / 193.285       0.457 / 193.285     ms
[270.127s][info][gc,stats    ]    Subphase: Concurrent Mark Try Terminate                 2.887 / 11.647        2.272 / 16.632        2.272 / 16.632        2.272 / 16.632      ms
[270.127s][info][gc,stats    ]    Subphase: Concurrent References Enqueue                 0.001 / 0.005         0.001 / 0.006         0.001 / 0.006         0.001 / 0.006       ms
[270.127s][info][gc,stats    ]    Subphase: Concurrent References Process                 0.106 / 0.184         0.103 / 0.206         0.103 / 0.206         0.103 / 0.206       ms
[270.127s][info][gc,stats    ]    Subphase: Concurrent Roots ClassLoaderDataGraph         0.089 / 0.404         0.112 / 1.252         0.112 / 1.252         0.112 / 1.252       ms
[270.127s][info][gc,stats    ]    Subphase: Concurrent Roots CodeCache                    0.000 / 0.000         0.000 / 0.000         0.000 / 0.000         0.000 / 0.000       ms
[270.127s][info][gc,stats    ]    Subphase: Concurrent Roots JavaThreads                  0.274 / 0.705         0.328 / 1.791         0.328 / 1.791         0.328 / 1.791       ms
[270.127s][info][gc,stats    ]    Subphase: Concurrent Roots OopStorageSet                0.032 / 0.077         0.045 / 0.778         0.045 / 0.778         0.045 / 0.778       ms
[270.127s][info][gc,stats    ]    Subphase: Concurrent Weak Roots OopStorageSet          29.183 / 84.525       21.381 / 91.747       21.381 / 91.747       21.381 / 91.747      ms
[270.127s][info][gc,stats    ]    Subphase: Pause Mark Try Complete                       0.000 / 0.000         0.002 / 0.006         0.002 / 0.006         0.002 / 0.006       ms
[270.127s][info][gc,stats    ]      System: Java Threads                                     54 / 72               55 / 73               55 / 73               55 / 73          threads
[270.127s][info][gc,stats    ] =========================================================================================================================================================
[270.425s][info][gc,start    ] GC(352) Garbage Collection (Allocation Rate)
[270.425s][info][gc,task     ] GC(352) Using 1 workers
[270.425s][info][gc,phases   ] GC(352) Pause Mark Start 0.011ms
[270.442s][info][gc,phases   ] GC(352) Concurrent Mark 16.242ms
[270.442s][info][gc,phases   ] GC(352) Pause Mark End 0.016ms
[270.442s][info][gc,phases   ] GC(352) Concurrent Mark Free 0.002ms
[270.528s][info][gc,phases   ] GC(352) Concurrent Process Non-Strong References 86.031ms
[270.528s][info][gc,phases   ] GC(352) Concurrent Reset Relocation Set 0.007ms
[270.533s][info][gc,phases   ] GC(352) Concurrent Select Relocation Set 4.654ms
[270.533s][info][gc,phases   ] GC(352) Pause Relocate Start 0.007ms
[270.537s][info][gc,phases   ] GC(352) Concurrent Relocate 3.512ms
[270.537s][info][gc,load     ] GC(352) Load: 0.00/0.00/0.00
[270.537s][info][gc,mmu      ] GC(352) MMU: 2ms/94.9%, 5ms/98.0%, 10ms/99.0%, 20ms/99.4%, 50ms/99.8%, 100ms/99.9%
[270.537s][info][gc,marking  ] GC(352) Mark: 1 stripe(s), 2 proactive flush(es), 1 terminate flush(es), 0 completion(s), 0 continuation(s) 
[270.537s][info][gc,marking  ] GC(352) Mark Stack Usage: 32M
[270.537s][info][gc,nmethod  ] GC(352) NMethods: 683 registered, 46 unregistered
[270.537s][info][gc,metaspace] GC(352) Metaspace: 13M used, 14M committed, 1088M reserved
[270.537s][info][gc,ref      ] GC(352) Soft: 134 encountered, 0 discovered, 0 enqueued
[270.537s][info][gc,ref      ] GC(352) Weak: 721 encountered, 455 discovered, 0 enqueued
[270.537s][info][gc,ref      ] GC(352) Final: 0 encountered, 0 discovered, 0 enqueued
[270.537s][info][gc,ref      ] GC(352) Phantom: 59 encountered, 41 discovered, 0 enqueued
[270.537s][info][gc,reloc    ] GC(352) Small Pages: 778 / 1556M, Empty: 1434M, Relocated: 1M, In-Place: 0
[270.537s][info][gc,reloc    ] GC(352) Medium Pages: 0 / 0M, Empty: 0M, Relocated: 0M, In-Place: 0
[270.537s][info][gc,reloc    ] GC(352) Large Pages: 0 / 0M, Empty: 0M, Relocated: 0M, In-Place: 0
[270.537s][info][gc,reloc    ] GC(352) Forwarding Usage: 0M
[270.537s][info][gc,heap     ] GC(352) Min Capacity: 8M(0%)
[270.537s][info][gc,heap     ] GC(352) Max Capacity: 2048M(100%)
[270.537s][info][gc,heap     ] GC(352) Soft Max Capacity: 2048M(100%)
[270.537s][info][gc,heap     ] GC(352)                Mark Start          Mark End        Relocate Start      Relocate End           High               Low         
[270.537s][info][gc,heap     ] GC(352)  Capacity:     2048M (100%)       2048M (100%)       2048M (100%)       2048M (100%)       2048M (100%)       2048M (100%)   
[270.537s][info][gc,heap     ] GC(352)      Free:      492M (24%)         458M (22%)        1742M (85%)        1848M (90%)        1852M (90%)         316M (15%)    
[270.537s][info][gc,heap     ] GC(352)      Used:     1556M (76%)        1590M (78%)         306M (15%)         200M (10%)        1732M (85%)         196M (10%)    
[270.537s][info][gc,heap     ] GC(352)      Live:         -                 8M (0%)            8M (0%)            8M (0%)             -                  -          
[270.537s][info][gc,heap     ] GC(352) Allocated:         -                34M (2%)          184M (9%)          190M (9%)             -                  -          
[270.537s][info][gc,heap     ] GC(352)   Garbage:         -              1547M (76%)         113M (6%)            1M (0%)             -                  -          
[270.537s][info][gc,heap     ] GC(352) Reclaimed:         -                  -              1434M (70%)        1546M (75%)            -                  -          
[270.537s][info][gc          ] GC(352) Garbage Collection (Allocation Rate) 1556M(76%)->200M(10%)
[271.325s][info][gc,start    ] GC(353) Garbage Collection (Allocation Rate)
[271.325s][info][gc,task     ] GC(353) Using 1 workers
[271.325s][info][gc,phases   ] GC(353) Pause Mark Start 0.012ms
[271.344s][info][gc,phases   ] GC(353) Concurrent Mark 18.617ms
[271.344s][info][gc,phases   ] GC(353) Pause Mark End 0.017ms
[271.344s][info][gc,phases   ] GC(353) Concurrent Mark Free 0.001ms
[271.437s][info][gc,phases   ] GC(353) Concurrent Process Non-Strong References 93.290ms
[271.438s][info][gc,phases   ] GC(353) Concurrent Reset Relocation Set 0.006ms
[271.442s][info][gc,phases   ] GC(353) Concurrent Select Relocation Set 4.464ms
[271.442s][info][gc,phases   ] GC(353) Pause Relocate Start 0.006ms
[271.444s][info][gc,phases   ] GC(353) Concurrent Relocate 1.475ms
[271.444s][info][gc,load     ] GC(353) Load: 0.00/0.00/0.00
[271.444s][info][gc,mmu      ] GC(353) MMU: 2ms/94.9%, 5ms/98.0%, 10ms/99.0%, 20ms/99.4%, 50ms/99.8%, 100ms/99.9%
[271.444s][info][gc,marking  ] GC(353) Mark: 1 stripe(s), 2 proactive flush(es), 1 terminate flush(es), 0 completion(s), 0 continuation(s) 
[271.444s][info][gc,marking  ] GC(353) Mark Stack Usage: 32M
[271.444s][info][gc,nmethod  ] GC(353) NMethods: 683 registered, 46 unregistered
[271.444s][info][gc,metaspace] GC(353) Metaspace: 13M used, 14M committed, 1088M reserved
[271.444s][info][gc,ref      ] GC(353) Soft: 134 encountered, 0 discovered, 0 enqueued
[271.444s][info][gc,ref      ] GC(353) Weak: 721 encountered, 455 discovered, 0 enqueued
[271.444s][info][gc,ref      ] GC(353) Final: 0 encountered, 0 discovered, 0 enqueued
[271.444s][info][gc,ref      ] GC(353) Phantom: 59 encountered, 41 discovered, 0 enqueued
[271.444s][info][gc,reloc    ] GC(353) Small Pages: 789 / 1578M, Empty: 1458M, Relocated: 1M, In-Place: 0
[271.444s][info][gc,reloc    ] GC(353) Medium Pages: 0 / 0M, Empty: 0M, Relocated: 0M, In-Place: 0
[271.444s][info][gc,reloc    ] GC(353) Large Pages: 0 / 0M, Empty: 0M, Relocated: 0M, In-Place: 0
[271.444s][info][gc,reloc    ] GC(353) Forwarding Usage: 0M
[271.444s][info][gc,heap     ] GC(353) Min Capacity: 8M(0%)
[271.444s][info][gc,heap     ] GC(353) Max Capacity: 2048M(100%)
[271.444s][info][gc,heap     ] GC(353) Soft Max Capacity: 2048M(100%)
[271.444s][info][gc,heap     ] GC(353)                Mark Start          Mark End        Relocate Start      Relocate End           High               Low         
[271.444s][info][gc,heap     ] GC(353)  Capacity:     2048M (100%)       2048M (100%)       2048M (100%)       2048M (100%)       2048M (100%)       2048M (100%)   
[271.444s][info][gc,heap     ] GC(353)      Free:      470M (23%)         432M (21%)        1716M (84%)        1824M (89%)        1824M (89%)         266M (13%)    
[271.444s][info][gc,heap     ] GC(353)      Used:     1578M (77%)        1616M (79%)         332M (16%)         224M (11%)        1782M (87%)         224M (11%)    
[271.444s][info][gc,heap     ] GC(353)      Live:         -                 8M (0%)            8M (0%)            8M (0%)             -                  -          
[271.444s][info][gc,heap     ] GC(353) Allocated:         -                38M (2%)          212M (10%)         213M (10%)            -                  -          
[271.444s][info][gc,heap     ] GC(353)   Garbage:         -              1569M (77%)         111M (5%)            1M (0%)             -                  -          
[271.444s][info][gc,heap     ] GC(353) Reclaimed:         -                  -              1458M (71%)        1567M (77%)            -                  -          
[271.444s][info][gc          ] GC(353) Garbage Collection (Allocation Rate) 1578M(77%)->224M(11%)
[272.225s][info][gc,start    ] GC(354) Garbage Collection (Allocation Rate)
[272.225s][info][gc,task     ] GC(354) Using 1 workers
[272.225s][info][gc,phases   ] GC(354) Pause Mark Start 0.011ms
[272.241s][info][gc,phases   ] GC(354) Concurrent Mark 15.828ms
[272.241s][info][gc,phases   ] GC(354) Pause Mark End 0.016ms
[272.241s][info][gc,phases   ] GC(354) Concurrent Mark Free 0.001ms
[272.478s][info][gc,phases   ] GC(354) Concurrent Process Non-Strong References 237.003ms
[272.479s][info][gc,phases   ] GC(354) Concurrent Reset Relocation Set 0.009ms
[272.483s][info][gc,phases   ] GC(354) Concurrent Select Relocation Set 4.370ms
[272.483s][info][gc,phases   ] GC(354) Pause Relocate Start 0.009ms
[272.483s][info][gc,phases   ] GC(354) Concurrent Relocate 0.266ms
[272.484s][info][gc,load     ] GC(354) Load: 0.00/0.00/0.00
[272.484s][info][gc,mmu      ] GC(354) MMU: 2ms/94.9%, 5ms/98.0%, 10ms/99.0%, 20ms/99.4%, 50ms/99.8%, 100ms/99.9%
[272.484s][info][gc,marking  ] GC(354) Mark: 1 stripe(s), 2 proactive flush(es), 1 terminate flush(es), 0 completion(s), 0 continuation(s) 
[272.484s][info][gc,marking  ] GC(354) Mark Stack Usage: 32M
[272.484s][info][gc,nmethod  ] GC(354) NMethods: 683 registered, 46 unregistered
[272.484s][info][gc,metaspace] GC(354) Metaspace: 13M used, 14M committed, 1088M reserved
[272.484s][info][gc,ref      ] GC(354) Soft: 134 encountered, 0 discovered, 0 enqueued
[272.484s][info][gc,ref      ] GC(354) Weak: 721 encountered, 455 discovered, 0 enqueued
[272.484s][info][gc,ref      ] GC(354) Final: 0 encountered, 0 discovered, 0 enqueued
[272.484s][info][gc,ref      ] GC(354) Phantom: 59 encountered, 41 discovered, 0 enqueued
[272.484s][info][gc,reloc    ] GC(354) Small Pages: 796 / 1592M, Empty: 1470M, Relocated: 0M, In-Place: 0
[272.484s][info][gc,reloc    ] GC(354) Medium Pages: 0 / 0M, Empty: 0M, Relocated: 0M, In-Place: 0
[272.484s][info][gc,reloc    ] GC(354) Large Pages: 0 / 0M, Empty: 0M, Relocated: 0M, In-Place: 0
[272.484s][info][gc,reloc    ] GC(354) Forwarding Usage: 0M
[272.484s][info][gc,heap     ] GC(354) Min Capacity: 8M(0%)
[272.484s][info][gc,heap     ] GC(354) Max Capacity: 2048M(100%)
[272.484s][info][gc,heap     ] GC(354) Soft Max Capacity: 2048M(100%)
[272.484s][info][gc,heap     ] GC(354)                Mark Start          Mark End        Relocate Start      Relocate End           High               Low         
[272.484s][info][gc,heap     ] GC(354)  Capacity:     2048M (100%)       2048M (100%)       2048M (100%)       2048M (100%)       2048M (100%)       2048M (100%)   
[272.484s][info][gc,heap     ] GC(354)      Free:      456M (22%)         418M (20%)        1470M (72%)        1578M (77%)        1578M (77%)           6M (0%)     
[272.484s][info][gc,heap     ] GC(354)      Used:     1592M (78%)        1630M (80%)         578M (28%)         470M (23%)        2042M (100%)        470M (23%)    
[272.484s][info][gc,heap     ] GC(354)      Live:         -                 8M (0%)            8M (0%)            8M (0%)             -                  -          
[272.484s][info][gc,heap     ] GC(354) Allocated:         -                38M (2%)          456M (22%)         457M (22%)            -                  -          
[272.484s][info][gc,heap     ] GC(354)   Garbage:         -              1583M (77%)         113M (6%)            3M (0%)             -                  -          
[272.484s][info][gc,heap     ] GC(354) Reclaimed:         -                  -              1470M (72%)        1579M (77%)            -                  -          
[272.484s][info][gc          ] GC(354) Garbage Collection (Allocation Rate) 1592M(78%)->470M(23%)
[272.824s][info][gc,start    ] GC(355) Garbage Collection (Allocation Rate)
[272.824s][info][gc,task     ] GC(355) Using 1 workers
[272.825s][info][gc,phases   ] GC(355) Pause Mark Start 0.011ms
[272.839s][info][gc,phases   ] GC(355) Concurrent Mark 14.143ms
[272.839s][info][gc,phases   ] GC(355) Pause Mark End 0.015ms
[272.839s][info][gc,phases   ] GC(355) Concurrent Mark Free 0.001ms
[272.925s][info][gc,phases   ] GC(355) Concurrent Process Non-Strong References 85.623ms
[272.925s][info][gc,phases   ] GC(355) Concurrent Reset Relocation Set 0.004ms
[272.929s][info][gc,phases   ] GC(355) Concurrent Select Relocation Set 4.155ms
[272.929s][info][gc,phases   ] GC(355) Pause Relocate Start 0.008ms
[272.930s][info][gc,phases   ] GC(355) Concurrent Relocate 0.305ms
[272.930s][info][gc,load     ] GC(355) Load: 0.00/0.00/0.00
[272.930s][info][gc,mmu      ] GC(355) MMU: 2ms/94.9%, 5ms/98.0%, 10ms/99.0%, 20ms/99.4%, 50ms/99.8%, 100ms/99.9%
[272.930s][info][gc,marking  ] GC(355) Mark: 1 stripe(s), 2 proactive flush(es), 1 terminate flush(es), 0 completion(s), 0 continuation(s) 
[272.930s][info][gc,marking  ] GC(355) Mark Stack Usage: 32M
[272.930s][info][gc,nmethod  ] GC(355) NMethods: 683 registered, 46 unregistered
[272.930s][info][gc,metaspace] GC(355) Metaspace: 13M used, 14M committed, 1088M reserved
[272.930s][info][gc,ref      ] GC(355) Soft: 134 encountered, 0 discovered, 0 enqueued
[272.930s][info][gc,ref      ] GC(355) Weak: 721 encountered, 455 discovered, 0 enqueued
[272.930s][info][gc,ref      ] GC(355) Final: 0 encountered, 0 discovered, 0 enqueued
[272.930s][info][gc,ref      ] GC(355) Phantom: 59 encountered, 41 discovered, 0 enqueued
[272.930s][info][gc,reloc    ] GC(355) Small Pages: 522 / 1044M, Empty: 956M, Relocated: 0M, In-Place: 0
[272.930s][info][gc,reloc    ] GC(355) Medium Pages: 0 / 0M, Empty: 0M, Relocated: 0M, In-Place: 0
[272.930s][info][gc,reloc    ] GC(355) Large Pages: 0 / 0M, Empty: 0M, Relocated: 0M, In-Place: 0
[272.930s][info][gc,reloc    ] GC(355) Forwarding Usage: 0M
[272.930s][info][gc,heap     ] GC(355) Min Capacity: 8M(0%)
[272.930s][info][gc,heap     ] GC(355) Max Capacity: 2048M(100%)
[272.930s][info][gc,heap     ] GC(355) Soft Max Capacity: 2048M(100%)
[272.930s][info][gc,heap     ] GC(355)                Mark Start          Mark End        Relocate Start      Relocate End           High               Low         
[272.930s][info][gc,heap     ] GC(355)  Capacity:     2048M (100%)       2048M (100%)       2048M (100%)       2048M (100%)       2048M (100%)       2048M (100%)   
[272.930s][info][gc,heap     ] GC(355)      Free:     1004M (49%)         974M (48%)        1776M (87%)        1852M (90%)        1852M (90%)         826M (40%)    
[272.930s][info][gc,heap     ] GC(355)      Used:     1044M (51%)        1074M (52%)         272M (13%)         196M (10%)        1222M (60%)         196M (10%)    
[272.930s][info][gc,heap     ] GC(355)      Live:         -                 8M (0%)            8M (0%)            8M (0%)             -                  -          
[272.930s][info][gc,heap     ] GC(355) Allocated:         -                30M (1%)          184M (9%)          183M (9%)             -                  -          
[272.930s][info][gc,heap     ] GC(355)   Garbage:         -              1035M (51%)          79M (4%)            3M (0%)             -                  -          
[272.930s][info][gc,heap     ] GC(355) Reclaimed:         -                  -               956M (47%)        1031M (50%)            -                  -          
[272.930s][info][gc          ] GC(355) Garbage Collection (Allocation Rate) 1044M(51%)->196M(10%)
[273.525s][info][gc,start    ] GC(356) Garbage Collection (Allocation Rate)
[273.525s][info][gc,task     ] GC(356) Using 1 workers
[273.525s][info][gc,phases   ] GC(356) Pause Mark Start 0.014ms
[273.539s][info][gc,phases   ] GC(356) Concurrent Mark 13.586ms
[273.539s][info][gc,phases   ] GC(356) Pause Mark End 0.014ms
[273.539s][info][gc,phases   ] GC(356) Concurrent Mark Free 0.002ms
[273.627s][info][gc,phases   ] GC(356) Concurrent Process Non-Strong References 87.958ms
[273.627s][info][gc,phases   ] GC(356) Concurrent Reset Relocation Set 0.007ms
[273.632s][info][gc,phases   ] GC(356) Concurrent Select Relocation Set 4.539ms
[273.632s][info][gc,phases   ] GC(356) Pause Relocate Start 0.008ms
[273.632s][info][gc,phases   ] GC(356) Concurrent Relocate 0.344ms
[273.632s][info][gc,load     ] GC(356) Load: 0.00/0.00/0.00
[273.632s][info][gc,mmu      ] GC(356) MMU: 2ms/94.9%, 5ms/98.0%, 10ms/99.0%, 20ms/99.4%, 50ms/99.8%, 100ms/99.9%
[273.632s][info][gc,marking  ] GC(356) Mark: 1 stripe(s), 2 proactive flush(es), 1 terminate flush(es), 0 completion(s), 0 continuation(s) 
[273.632s][info][gc,marking  ] GC(356) Mark Stack Usage: 32M
[273.632s][info][gc,nmethod  ] GC(356) NMethods: 683 registered, 46 unregistered
[273.632s][info][gc,metaspace] GC(356) Metaspace: 13M used, 14M committed, 1088M reserved
[273.632s][info][gc,ref      ] GC(356) Soft: 134 encountered, 0 discovered, 0 enqueued
[273.632s][info][gc,ref      ] GC(356) Weak: 721 encountered, 455 discovered, 0 enqueued
[273.632s][info][gc,ref      ] GC(356) Final: 0 encountered, 0 discovered, 0 enqueued
[273.632s][info][gc,ref      ] GC(356) Phantom: 59 encountered, 41 discovered, 0 enqueued
[273.632s][info][gc,reloc    ] GC(356) Small Pages: 613 / 1226M, Empty: 1126M, Relocated: 0M, In-Place: 0
[273.632s][info][gc,reloc    ] GC(356) Medium Pages: 0 / 0M, Empty: 0M, Relocated: 0M, In-Place: 0
[273.632s][info][gc,reloc    ] GC(356) Large Pages: 0 / 0M, Empty: 0M, Relocated: 0M, In-Place: 0
[273.632s][info][gc,reloc    ] GC(356) Forwarding Usage: 0M
[273.632s][info][gc,heap     ] GC(356) Min Capacity: 8M(0%)
[273.632s][info][gc,heap     ] GC(356) Max Capacity: 2048M(100%)
[273.632s][info][gc,heap     ] GC(356) Soft Max Capacity: 2048M(100%)
[273.633s][info][gc,heap     ] GC(356)                Mark Start          Mark End        Relocate Start      Relocate End           High               Low         
[273.633s][info][gc,heap     ] GC(356)  Capacity:     2048M (100%)       2048M (100%)       2048M (100%)       2048M (100%)       2048M (100%)       2048M (100%)   
[273.633s][info][gc,heap     ] GC(356)      Free:      822M (40%)         792M (39%)        1754M (86%)        1842M (90%)        1842M (90%)         638M (31%)    
[273.633s][info][gc,heap     ] GC(356)      Used:     1226M (60%)        1256M (61%)         294M (14%)         206M (10%)        1410M (69%)         206M (10%)    
[273.633s][info][gc,heap     ] GC(356)      Live:         -                 8M (0%)            8M (0%)            8M (0%)             -                  -          
[273.633s][info][gc,heap     ] GC(356) Allocated:         -                30M (1%)          194M (9%)          193M (9%)             -                  -          
[273.633s][info][gc,heap     ] GC(356)   Garbage:         -              1217M (59%)          91M (4%)            3M (0%)             -                  -          
[273.633s][info][gc,heap     ] GC(356) Reclaimed:         -                  -              1126M (55%)        1213M (59%)            -                  -          
[273.633s][info][gc          ] GC(356) Garbage Collection (Allocation Rate) 1226M(60%)->206M(10%)
[274.325s][info][gc,start    ] GC(357) Garbage Collection (Allocation Rate)
[274.325s][info][gc,task     ] GC(357) Using 1 workers
[274.325s][info][gc,phases   ] GC(357) Pause Mark Start 0.011ms
[274.340s][info][gc,phases   ] GC(357) Concurrent Mark 14.395ms
[274.340s][info][gc,phases   ] GC(357) Pause Mark End 0.015ms
[274.340s][info][gc,phases   ] GC(357) Concurrent Mark Free 0.001ms
[274.427s][info][gc,phases   ] GC(357) Concurrent Process Non-Strong References 86.512ms
[274.427s][info][gc,phases   ] GC(357) Concurrent Reset Relocation Set 0.005ms
[274.431s][info][gc,phases   ] GC(357) Concurrent Select Relocation Set 4.635ms
[274.432s][info][gc,phases   ] GC(357) Pause Relocate Start 0.008ms
[274.432s][info][gc,phases   ] GC(357) Concurrent Relocate 0.372ms
[274.432s][info][gc,load     ] GC(357) Load: 0.00/0.00/0.00
[274.432s][info][gc,mmu      ] GC(357) MMU: 2ms/94.9%, 5ms/98.0%, 10ms/99.0%, 20ms/99.4%, 50ms/99.8%, 100ms/99.9%
[274.432s][info][gc,marking  ] GC(357) Mark: 1 stripe(s), 2 proactive flush(es), 1 terminate flush(es), 0 completion(s), 0 continuation(s) 
[274.432s][info][gc,marking  ] GC(357) Mark Stack Usage: 32M
[274.432s][info][gc,nmethod  ] GC(357) NMethods: 683 registered, 46 unregistered
[274.432s][info][gc,metaspace] GC(357) Metaspace: 13M used, 14M committed, 1088M reserved
[274.432s][info][gc,ref      ] GC(357) Soft: 134 encountered, 0 discovered, 0 enqueued
[274.432s][info][gc,ref      ] GC(357) Weak: 721 encountered, 455 discovered, 0 enqueued
[274.432s][info][gc,ref      ] GC(357) Final: 0 encountered, 0 discovered, 0 enqueued
[274.432s][info][gc,ref      ] GC(357) Phantom: 59 encountered, 41 discovered, 0 enqueued
[274.432s][info][gc,reloc    ] GC(357) Small Pages: 713 / 1426M, Empty: 1324M, Relocated: 0M, In-Place: 0
[274.432s][info][gc,reloc    ] GC(357) Medium Pages: 0 / 0M, Empty: 0M, Relocated: 0M, In-Place: 0
[274.432s][info][gc,reloc    ] GC(357) Large Pages: 0 / 0M, Empty: 0M, Relocated: 0M, In-Place: 0
[274.432s][info][gc,reloc    ] GC(357) Forwarding Usage: 0M
[274.432s][info][gc,heap     ] GC(357) Min Capacity: 8M(0%)
[274.432s][info][gc,heap     ] GC(357) Max Capacity: 2048M(100%)
[274.432s][info][gc,heap     ] GC(357) Soft Max Capacity: 2048M(100%)
[274.432s][info][gc,heap     ] GC(357)                Mark Start          Mark End        Relocate Start      Relocate End           High               Low         
[274.432s][info][gc,heap     ] GC(357)  Capacity:     2048M (100%)       2048M (100%)       2048M (100%)       2048M (100%)       2048M (100%)       2048M (100%)   
[274.432s][info][gc,heap     ] GC(357)      Free:      622M (30%)         588M (29%)        1752M (86%)        1842M (90%)        1842M (90%)         436M (21%)    
[274.432s][info][gc,heap     ] GC(357)      Used:     1426M (70%)        1460M (71%)         296M (14%)         206M (10%)        1612M (79%)         206M (10%)    
[274.432s][info][gc,heap     ] GC(357)      Live:         -                 8M (0%)            8M (0%)            8M (0%)             -                  -          
[274.432s][info][gc,heap     ] GC(357) Allocated:         -                34M (2%)          194M (9%)          193M (9%)             -                  -          
[274.432s][info][gc,heap     ] GC(357)   Garbage:         -              1417M (69%)          93M (5%)            3M (0%)             -                  -          
[274.433s][info][gc,heap     ] GC(357) Reclaimed:         -                  -              1324M (65%)        1413M (69%)            -                  -          
[274.433s][info][gc          ] GC(357) Garbage Collection (Allocation Rate) 1426M(70%)->206M(10%)
[275.225s][info][gc,start    ] GC(358) Garbage Collection (Allocation Rate)
[275.225s][info][gc,task     ] GC(358) Using 1 workers
[275.225s][info][gc,phases   ] GC(358) Pause Mark Start 0.009ms
[275.428s][info][gc,phases   ] GC(358) Concurrent Mark 202.768ms
[275.429s][info][gc,phases   ] GC(358) Pause Mark End 0.018ms
[275.429s][info][gc,phases   ] GC(358) Concurrent Mark Free 0.001ms
[275.508s][info][gc,phases   ] GC(358) Concurrent Process Non-Strong References 79.764ms
[275.509s][info][gc,phases   ] GC(358) Concurrent Reset Relocation Set 0.003ms
[275.509s][info][gc          ] Allocation Stall (Thread-908) 29.653ms
[275.509s][info][gc          ] Allocation Stall (Thread-910) 29.781ms
[275.509s][info][gc          ] Allocation Stall (Thread-912) 31.943ms
[275.509s][info][gc          ] Allocation Stall (Thread-890) 29.460ms
[275.509s][info][gc          ] Allocation Stall (Thread-891) 30.224ms
[275.509s][info][gc          ] Allocation Stall (Thread-932) 19.472ms
[275.509s][info][gc          ] Allocation Stall (Thread-922) 29.935ms
[275.509s][info][gc          ] Allocation Stall (Thread-918) 30.720ms
[275.509s][info][gc          ] Allocation Stall (Thread-916) 29.555ms
[275.509s][info][gc          ] Allocation Stall (Thread-907) 29.657ms
[275.509s][info][gc          ] Allocation Stall (Thread-928) 29.312ms
[275.509s][info][gc          ] Allocation Stall (Thread-906) 30.395ms
[275.509s][info][gc          ] Allocation Stall (Thread-904) 30.125ms
[275.509s][info][gc          ] Allocation Stall (Thread-897) 29.488ms
[275.509s][info][gc          ] Allocation Stall (Thread-903) 29.451ms
[275.509s][info][gc          ] Allocation Stall (Thread-926) 29.288ms
[275.509s][info][gc          ] Allocation Stall (Thread-888) 32.108ms
[275.509s][info][gc          ] Allocation Stall (Thread-898) 32.370ms
[275.509s][info][gc          ] Allocation Stall (Thread-927) 30.630ms
[275.509s][info][gc          ] Allocation Stall (Thread-923) 32.887ms
[275.509s][info][gc          ] Allocation Stall (Thread-892) 29.922ms
[275.509s][info][gc          ] Allocation Stall (Thread-909) 29.861ms
[275.509s][info][gc          ] Allocation Stall (Thread-902) 30.672ms
[275.509s][info][gc          ] Allocation Stall (Thread-925) 29.634ms
[275.509s][info][gc          ] Allocation Stall (Thread-914) 29.805ms
[275.509s][info][gc          ] Allocation Stall (Thread-887) 30.409ms
[275.509s][info][gc          ] Allocation Stall (Thread-901) 32.351ms
[275.509s][info][gc          ] Allocation Stall (Thread-920) 30.997ms
[275.509s][info][gc          ] Allocation Stall (Thread-919) 30.797ms
[275.509s][info][gc          ] Allocation Stall (Thread-931) 30.910ms
[275.509s][info][gc          ] Allocation Stall (Thread-911) 33.174ms
[275.509s][info][gc          ] Allocation Stall (Thread-893) 31.952ms
[275.509s][info][gc          ] Allocation Stall (Thread-905) 29.583ms
[275.509s][info][gc          ] Allocation Stall (Thread-929) 33.278ms
[275.509s][info][gc          ] Allocation Stall (Thread-884) 31.126ms
[275.509s][info][gc          ] Allocation Stall (Thread-930) 31.127ms
[275.509s][info][gc          ] Allocation Stall (Thread-895) 30.139ms
[275.509s][info][gc          ] Allocation Stall (Thread-917) 32.461ms
[275.509s][info][gc          ] Allocation Stall (Thread-899) 32.374ms
[275.509s][info][gc          ] Allocation Stall (Thread-924) 30.119ms
[275.509s][info][gc          ] Allocation Stall (Thread-915) 32.659ms
[275.509s][info][gc          ] Allocation Stall (Thread-889) 30.119ms
[275.509s][info][gc          ] Allocation Stall (Thread-896) 32.859ms
[275.509s][info][gc          ] Allocation Stall (Thread-921) 31.086ms
[275.509s][info][gc          ] Allocation Stall (Thread-885) 30.752ms
[275.514s][info][gc,phases   ] GC(358) Concurrent Select Relocation Set 5.019ms
[275.514s][info][gc,phases   ] GC(358) Pause Relocate Start 0.010ms
[275.514s][info][gc,phases   ] GC(358) Concurrent Relocate 0.527ms
[275.514s][info][gc,load     ] GC(358) Load: 0.00/0.00/0.00
[275.514s][info][gc,mmu      ] GC(358) MMU: 2ms/94.9%, 5ms/98.0%, 10ms/99.0%, 20ms/99.4%, 50ms/99.8%, 100ms/99.9%
[275.515s][info][gc,marking  ] GC(358) Mark: 1 stripe(s), 2 proactive flush(es), 1 terminate flush(es), 0 completion(s), 0 continuation(s) 
[275.515s][info][gc,marking  ] GC(358) Mark Stack Usage: 32M
[275.515s][info][gc,nmethod  ] GC(358) NMethods: 683 registered, 46 unregistered
[275.515s][info][gc,metaspace] GC(358) Metaspace: 13M used, 14M committed, 1088M reserved
[275.515s][info][gc,ref      ] GC(358) Soft: 134 encountered, 0 discovered, 0 enqueued
[275.515s][info][gc,ref      ] GC(358) Weak: 721 encountered, 455 discovered, 0 enqueued
[275.515s][info][gc,ref      ] GC(358) Final: 0 encountered, 0 discovered, 0 enqueued
[275.515s][info][gc,ref      ] GC(358) Phantom: 59 encountered, 41 discovered, 0 enqueued
[275.515s][info][gc,reloc    ] GC(358) Small Pages: 802 / 1604M, Empty: 1484M, Relocated: 0M, In-Place: 0
[275.515s][info][gc,reloc    ] GC(358) Medium Pages: 0 / 0M, Empty: 0M, Relocated: 0M, In-Place: 0
[275.515s][info][gc,reloc    ] GC(358) Large Pages: 0 / 0M, Empty: 0M, Relocated: 0M, In-Place: 0
[275.515s][info][gc,reloc    ] GC(358) Forwarding Usage: 0M
[275.515s][info][gc,heap     ] GC(358) Min Capacity: 8M(0%)
[275.515s][info][gc,heap     ] GC(358) Max Capacity: 2048M(100%)
[275.515s][info][gc,heap     ] GC(358) Soft Max Capacity: 2048M(100%)
[275.515s][info][gc,heap     ] GC(358)                Mark Start          Mark End        Relocate Start      Relocate End           High               Low         
[275.515s][info][gc,heap     ] GC(358)  Capacity:     2048M (100%)       2048M (100%)       2048M (100%)       2048M (100%)       2048M (100%)       2048M (100%)   
[275.515s][info][gc,heap     ] GC(358)      Free:      444M (22%)          80M (4%)         1470M (72%)        1578M (77%)        1578M (77%)           0M (0%)     
[275.515s][info][gc,heap     ] GC(358)      Used:     1604M (78%)        1968M (96%)         578M (28%)         470M (23%)        2048M (100%)        470M (23%)    
[275.515s][info][gc,heap     ] GC(358)      Live:         -                 8M (0%)            8M (0%)            8M (0%)             -                  -          
[275.515s][info][gc,heap     ] GC(358) Allocated:         -               364M (18%)         458M (22%)         458M (22%)            -                  -          
[275.515s][info][gc,heap     ] GC(358)   Garbage:         -              1595M (78%)         111M (5%)            3M (0%)             -                  -          
[275.515s][info][gc,heap     ] GC(358) Reclaimed:         -                  -              1484M (72%)        1592M (78%)            -                  -          
[275.515s][info][gc          ] GC(358) Garbage Collection (Allocation Rate) 1604M(78%)->470M(23%)
[275.525s][info][gc,start    ] GC(359) Garbage Collection (Allocation Stall)
[275.541s][info][gc,ref      ] GC(359) Clearing All SoftReferences
[275.541s][info][gc,task     ] GC(359) Using 12 workers
[275.541s][info][gc,ref      ] GC(359) Clearing All SoftReferences
[275.541s][info][gc,phases   ] GC(359) Pause Mark Start 0.037ms
[275.545s][info][gc,phases   ] GC(359) Concurrent Mark 3.408ms
[275.545s][info][gc,phases   ] GC(359) Pause Mark End 0.017ms
[275.545s][info][gc,phases   ] GC(359) Concurrent Mark Free 0.001ms
[275.554s][info][gc,phases   ] GC(359) Concurrent Process Non-Strong References 9.254ms
[275.554s][info][gc,phases   ] GC(359) Concurrent Reset Relocation Set 0.009ms
[275.558s][info][gc,phases   ] GC(359) Concurrent Select Relocation Set 4.063ms
[275.558s][info][gc,phases   ] GC(359) Pause Relocate Start 0.006ms
[275.559s][info][gc,phases   ] GC(359) Concurrent Relocate 0.290ms
[275.559s][info][gc,load     ] GC(359) Load: 0.00/0.00/0.00
[275.559s][info][gc,mmu      ] GC(359) MMU: 2ms/94.9%, 5ms/98.0%, 10ms/99.0%, 20ms/99.4%, 50ms/99.8%, 100ms/99.9%
[275.559s][info][gc,marking  ] GC(359) Mark: 8 stripe(s), 2 proactive flush(es), 1 terminate flush(es), 0 completion(s), 0 continuation(s) 
[275.559s][info][gc,marking  ] GC(359) Mark Stack Usage: 32M
[275.559s][info][gc,nmethod  ] GC(359) NMethods: 683 registered, 46 unregistered
[275.559s][info][gc,metaspace] GC(359) Metaspace: 13M used, 14M committed, 1088M reserved
[275.559s][info][gc,ref      ] GC(359) Soft: 134 encountered, 68 discovered, 0 enqueued
[275.559s][info][gc,ref      ] GC(359) Weak: 721 encountered, 174 discovered, 0 enqueued
[275.559s][info][gc,ref      ] GC(359) Final: 0 encountered, 0 discovered, 0 enqueued
[275.559s][info][gc,ref      ] GC(359) Phantom: 59 encountered, 54 discovered, 0 enqueued
[275.559s][info][gc,reloc    ] GC(359) Small Pages: 253 / 506M, Empty: 450M, Relocated: 0M, In-Place: 0
[275.559s][info][gc,reloc    ] GC(359) Medium Pages: 0 / 0M, Empty: 0M, Relocated: 0M, In-Place: 0
[275.559s][info][gc,reloc    ] GC(359) Large Pages: 0 / 0M, Empty: 0M, Relocated: 0M, In-Place: 0
[275.559s][info][gc,reloc    ] GC(359) Forwarding Usage: 0M
[275.559s][info][gc,heap     ] GC(359) Min Capacity: 8M(0%)
[275.559s][info][gc,heap     ] GC(359) Max Capacity: 2048M(100%)
[275.559s][info][gc,heap     ] GC(359) Soft Max Capacity: 2048M(100%)
[275.559s][info][gc,heap     ] GC(359)                Mark Start          Mark End        Relocate Start      Relocate End           High               Low         
[275.559s][info][gc,heap     ] GC(359)  Capacity:     2048M (100%)       2048M (100%)       2048M (100%)       2048M (100%)       2048M (100%)       2048M (100%)   
[275.559s][info][gc,heap     ] GC(359)      Free:     1542M (75%)        1530M (75%)        1958M (96%)        1980M (97%)        1980M (97%)        1514M (74%)    
[275.559s][info][gc,heap     ] GC(359)      Used:      506M (25%)         518M (25%)          90M (4%)           68M (3%)          534M (26%)          68M (3%)     
[275.559s][info][gc,heap     ] GC(359)      Live:         -                 8M (0%)            8M (0%)            8M (0%)             -                  -          
[275.559s][info][gc,heap     ] GC(359) Allocated:         -                12M (1%)           34M (2%)           33M (2%)             -                  -          
[275.559s][info][gc,heap     ] GC(359)   Garbage:         -               497M (24%)          47M (2%)           25M (1%)             -                  -          
[275.559s][info][gc,heap     ] GC(359) Reclaimed:         -                  -               450M (22%)         471M (23%)            -                  -          
[275.559s][info][gc          ] GC(359) Garbage Collection (Allocation Stall) 506M(25%)->68M(3%)
[276.426s][info][gc,start    ] GC(360) Garbage Collection (Allocation Rate)
[276.426s][info][gc,task     ] GC(360) Using 2 workers
[276.426s][info][gc,phases   ] GC(360) Pause Mark Start 0.012ms
[276.435s][info][gc,phases   ] GC(360) Concurrent Mark 8.642ms
[276.435s][info][gc,phases   ] GC(360) Pause Mark End 0.014ms
[276.435s][info][gc,phases   ] GC(360) Concurrent Mark Free 0.002ms
[276.482s][info][gc,phases   ] GC(360) Concurrent Process Non-Strong References 47.503ms
[276.483s][info][gc,phases   ] GC(360) Concurrent Reset Relocation Set 0.003ms
[276.487s][info][gc,phases   ] GC(360) Concurrent Select Relocation Set 4.229ms
[276.487s][info][gc,phases   ] GC(360) Pause Relocate Start 0.006ms
[276.487s][info][gc,phases   ] GC(360) Concurrent Relocate 0.431ms
[276.488s][info][gc,load     ] GC(360) Load: 0.00/0.00/0.00
[276.488s][info][gc,mmu      ] GC(360) MMU: 2ms/94.9%, 5ms/98.0%, 10ms/99.0%, 20ms/99.4%, 50ms/99.8%, 100ms/99.9%
[276.488s][info][gc,marking  ] GC(360) Mark: 2 stripe(s), 2 proactive flush(es), 1 terminate flush(es), 0 completion(s), 0 continuation(s) 
[276.488s][info][gc,marking  ] GC(360) Mark Stack Usage: 32M
[276.488s][info][gc,nmethod  ] GC(360) NMethods: 683 registered, 46 unregistered
[276.488s][info][gc,metaspace] GC(360) Metaspace: 13M used, 14M committed, 1088M reserved
[276.488s][info][gc,ref      ] GC(360) Soft: 134 encountered, 0 discovered, 0 enqueued
[276.488s][info][gc,ref      ] GC(360) Weak: 721 encountered, 300 discovered, 0 enqueued
[276.488s][info][gc,ref      ] GC(360) Final: 0 encountered, 0 discovered, 0 enqueued
[276.488s][info][gc,ref      ] GC(360) Phantom: 59 encountered, 42 discovered, 0 enqueued
[276.488s][info][gc,reloc    ] GC(360) Small Pages: 781 / 1562M, Empty: 1434M, Relocated: 0M, In-Place: 0
[276.488s][info][gc,reloc    ] GC(360) Medium Pages: 0 / 0M, Empty: 0M, Relocated: 0M, In-Place: 0
[276.488s][info][gc,reloc    ] GC(360) Large Pages: 0 / 0M, Empty: 0M, Relocated: 0M, In-Place: 0
[276.488s][info][gc,reloc    ] GC(360) Forwarding Usage: 0M
[276.488s][info][gc,heap     ] GC(360) Min Capacity: 8M(0%)
[276.488s][info][gc,heap     ] GC(360) Max Capacity: 2048M(100%)
[276.488s][info][gc,heap     ] GC(360) Soft Max Capacity: 2048M(100%)
[276.488s][info][gc,heap     ] GC(360)                Mark Start          Mark End        Relocate Start      Relocate End           High               Low         
[276.488s][info][gc,heap     ] GC(360)  Capacity:     2048M (100%)       2048M (100%)       2048M (100%)       2048M (100%)       2048M (100%)       2048M (100%)   
[276.488s][info][gc,heap     ] GC(360)      Free:      486M (24%)         462M (23%)        1816M (89%)        1928M (94%)        1928M (94%)         386M (19%)    
[276.488s][info][gc,heap     ] GC(360)      Used:     1562M (76%)        1586M (77%)         232M (11%)         120M (6%)         1662M (81%)         120M (6%)     
[276.488s][info][gc,heap     ] GC(360)      Live:         -                 8M (0%)            8M (0%)            8M (0%)             -                  -          
[276.488s][info][gc,heap     ] GC(360) Allocated:         -                24M (1%)          104M (5%)          105M (5%)             -                  -          
[276.488s][info][gc,heap     ] GC(360)   Garbage:         -              1553M (76%)         119M (6%)            5M (0%)             -                  -          
[276.488s][info][gc,heap     ] GC(360) Reclaimed:         -                  -              1434M (70%)        1547M (76%)            -                  -          
[276.488s][info][gc          ] GC(360) Garbage Collection (Allocation Rate) 1562M(76%)->120M(6%)
[277.224s][info][gc,start    ] GC(361) Garbage Collection (Allocation Rate)
[277.224s][info][gc,task     ] GC(361) Using 1 workers
[277.224s][info][gc,phases   ] GC(361) Pause Mark Start 0.013ms
[277.238s][info][gc,phases   ] GC(361) Concurrent Mark 13.609ms
[277.238s][info][gc,phases   ] GC(361) Pause Mark End 0.016ms
[277.238s][info][gc,phases   ] GC(361) Concurrent Mark Free 0.001ms
[277.334s][info][gc,phases   ] GC(361) Concurrent Process Non-Strong References 95.640ms
[277.334s][info][gc,phases   ] GC(361) Concurrent Reset Relocation Set 0.009ms
[277.338s][info][gc,phases   ] GC(361) Concurrent Select Relocation Set 4.075ms
[277.338s][info][gc,phases   ] GC(361) Pause Relocate Start 0.007ms
[277.339s][info][gc,phases   ] GC(361) Concurrent Relocate 0.695ms
[277.339s][info][gc,load     ] GC(361) Load: 0.00/0.00/0.00
[277.339s][info][gc,mmu      ] GC(361) MMU: 2ms/94.9%, 5ms/98.0%, 10ms/99.0%, 20ms/99.4%, 50ms/99.8%, 100ms/99.9%
[277.339s][info][gc,marking  ] GC(361) Mark: 1 stripe(s), 2 proactive flush(es), 1 terminate flush(es), 0 completion(s), 0 continuation(s) 
[277.339s][info][gc,marking  ] GC(361) Mark Stack Usage: 32M
[277.339s][info][gc,nmethod  ] GC(361) NMethods: 683 registered, 46 unregistered
[277.339s][info][gc,metaspace] GC(361) Metaspace: 13M used, 14M committed, 1088M reserved
[277.339s][info][gc,ref      ] GC(361) Soft: 134 encountered, 0 discovered, 0 enqueued
[277.339s][info][gc,ref      ] GC(361) Weak: 721 encountered, 455 discovered, 0 enqueued
[277.339s][info][gc,ref      ] GC(361) Final: 0 encountered, 0 discovered, 0 enqueued
[277.339s][info][gc,ref      ] GC(361) Phantom: 59 encountered, 41 discovered, 0 enqueued
[277.339s][info][gc,reloc    ] GC(361) Small Pages: 709 / 1418M, Empty: 1306M, Relocated: 0M, In-Place: 0
[277.340s][info][gc,reloc    ] GC(361) Medium Pages: 0 / 0M, Empty: 0M, Relocated: 0M, In-Place: 0
[277.340s][info][gc,reloc    ] GC(361) Large Pages: 0 / 0M, Empty: 0M, Relocated: 0M, In-Place: 0
[277.340s][info][gc,reloc    ] GC(361) Forwarding Usage: 0M
[277.340s][info][gc,heap     ] GC(361) Min Capacity: 8M(0%)
[277.340s][info][gc,heap     ] GC(361) Max Capacity: 2048M(100%)
[277.340s][info][gc,heap     ] GC(361) Soft Max Capacity: 2048M(100%)
[277.340s][info][gc,heap     ] GC(361)                Mark Start          Mark End        Relocate Start      Relocate End           High               Low         
[277.340s][info][gc,heap     ] GC(361)  Capacity:     2048M (100%)       2048M (100%)       2048M (100%)       2048M (100%)       2048M (100%)       2048M (100%)   
[277.340s][info][gc,heap     ] GC(361)      Free:      630M (31%)         600M (29%)        1730M (84%)        1828M (89%)        1828M (89%)         430M (21%)    
[277.340s][info][gc,heap     ] GC(361)      Used:     1418M (69%)        1448M (71%)         318M (16%)         220M (11%)        1618M (79%)         220M (11%)    
[277.340s][info][gc,heap     ] GC(361)      Live:         -                 9M (0%)            9M (0%)            9M (0%)             -                  -          
[277.340s][info][gc,heap     ] GC(361) Allocated:         -                30M (1%)          206M (10%)         207M (10%)            -                  -          
[277.340s][info][gc,heap     ] GC(361)   Garbage:         -              1408M (69%)         102M (5%)            2M (0%)             -                  -          
[277.340s][info][gc,heap     ] GC(361) Reclaimed:         -                  -              1306M (64%)        1405M (69%)            -                  -          
[277.340s][info][gc          ] GC(361) Garbage Collection (Allocation Rate) 1418M(69%)->220M(11%)
[278.026s][info][gc,start    ] GC(362) Garbage Collection (Allocation Rate)
[278.026s][info][gc,task     ] GC(362) Using 1 workers
[278.026s][info][gc,phases   ] GC(362) Pause Mark Start 0.014ms
[278.041s][info][gc,phases   ] GC(362) Concurrent Mark 14.491ms
[278.041s][info][gc,phases   ] GC(362) Pause Mark End 0.016ms
[278.041s][info][gc,phases   ] GC(362) Concurrent Mark Free 0.002ms
[278.143s][info][gc,phases   ] GC(362) Concurrent Process Non-Strong References 102.391ms
[278.143s][info][gc,phases   ] GC(362) Concurrent Reset Relocation Set 0.005ms
[278.148s][info][gc,phases   ] GC(362) Concurrent Select Relocation Set 4.939ms
[278.149s][info][gc,phases   ] GC(362) Pause Relocate Start 0.008ms
[278.150s][info][gc,phases   ] GC(362) Concurrent Relocate 0.773ms
[278.150s][info][gc,load     ] GC(362) Load: 0.00/0.00/0.00
[278.150s][info][gc,mmu      ] GC(362) MMU: 2ms/94.9%, 5ms/98.0%, 10ms/99.0%, 20ms/99.4%, 50ms/99.8%, 100ms/99.9%
[278.150s][info][gc,marking  ] GC(362) Mark: 1 stripe(s), 2 proactive flush(es), 1 terminate flush(es), 0 completion(s), 0 continuation(s) 
[278.150s][info][gc,marking  ] GC(362) Mark Stack Usage: 32M
[278.150s][info][gc,nmethod  ] GC(362) NMethods: 683 registered, 46 unregistered
[278.150s][info][gc,metaspace] GC(362) Metaspace: 13M used, 14M committed, 1088M reserved
[278.150s][info][gc,ref      ] GC(362) Soft: 134 encountered, 0 discovered, 0 enqueued
[278.150s][info][gc,ref      ] GC(362) Weak: 721 encountered, 455 discovered, 0 enqueued
[278.150s][info][gc,ref      ] GC(362) Final: 0 encountered, 0 discovered, 0 enqueued
[278.150s][info][gc,ref      ] GC(362) Phantom: 59 encountered, 41 discovered, 0 enqueued
[278.150s][info][gc,reloc    ] GC(362) Small Pages: 712 / 1424M, Empty: 1310M, Relocated: 1M, In-Place: 0
[278.150s][info][gc,reloc    ] GC(362) Medium Pages: 0 / 0M, Empty: 0M, Relocated: 0M, In-Place: 0
[278.150s][info][gc,reloc    ] GC(362) Large Pages: 0 / 0M, Empty: 0M, Relocated: 0M, In-Place: 0
[278.150s][info][gc,reloc    ] GC(362) Forwarding Usage: 0M
[278.150s][info][gc,heap     ] GC(362) Min Capacity: 8M(0%)
[278.150s][info][gc,heap     ] GC(362) Max Capacity: 2048M(100%)
[278.150s][info][gc,heap     ] GC(362) Soft Max Capacity: 2048M(100%)
[278.150s][info][gc,heap     ] GC(362)                Mark Start          Mark End        Relocate Start      Relocate End           High               Low         
[278.150s][info][gc,heap     ] GC(362)  Capacity:     2048M (100%)       2048M (100%)       2048M (100%)       2048M (100%)       2048M (100%)       2048M (100%)   
[278.150s][info][gc,heap     ] GC(362)      Free:      624M (30%)         590M (29%)        1714M (84%)        1814M (89%)        1814M (89%)         412M (20%)    
[278.150s][info][gc,heap     ] GC(362)      Used:     1424M (70%)        1458M (71%)         334M (16%)         234M (11%)        1636M (80%)         234M (11%)    
[278.150s][info][gc,heap     ] GC(362)      Live:         -                 9M (0%)            9M (0%)            9M (0%)             -                  -          
[278.150s][info][gc,heap     ] GC(362) Allocated:         -                34M (2%)          220M (11%)         221M (11%)            -                  -          
[278.150s][info][gc,heap     ] GC(362)   Garbage:         -              1414M (69%)         104M (5%)            2M (0%)             -                  -          
[278.150s][info][gc,heap     ] GC(362) Reclaimed:         -                  -              1310M (64%)        1411M (69%)            -                  -          
[278.150s][info][gc          ] GC(362) Garbage Collection (Allocation Rate) 1424M(70%)->234M(11%)
[278.925s][info][gc,start    ] GC(363) Garbage Collection (Allocation Rate)
[278.925s][info][gc,task     ] GC(363) Using 1 workers
[278.926s][info][gc,phases   ] GC(363) Pause Mark Start 0.012ms
[278.940s][info][gc,phases   ] GC(363) Concurrent Mark 14.184ms
[278.940s][info][gc,phases   ] GC(363) Pause Mark End 0.015ms
[278.940s][info][gc,phases   ] GC(363) Concurrent Mark Free 0.001ms
[279.028s][info][gc,phases   ] GC(363) Concurrent Process Non-Strong References 88.177ms
[279.028s][info][gc,phases   ] GC(363) Concurrent Reset Relocation Set 0.008ms
[279.032s][info][gc,phases   ] GC(363) Concurrent Select Relocation Set 3.458ms
[279.032s][info][gc,phases   ] GC(363) Pause Relocate Start 0.007ms
[279.033s][info][gc,phases   ] GC(363) Concurrent Relocate 0.827ms
[279.033s][info][gc,load     ] GC(363) Load: 0.00/0.00/0.00
[279.033s][info][gc,mmu      ] GC(363) MMU: 2ms/94.9%, 5ms/98.0%, 10ms/99.0%, 20ms/99.4%, 50ms/99.8%, 100ms/99.9%
[279.033s][info][gc,marking  ] GC(363) Mark: 1 stripe(s), 2 proactive flush(es), 1 terminate flush(es), 0 completion(s), 0 continuation(s) 
[279.033s][info][gc,marking  ] GC(363) Mark Stack Usage: 32M
[279.033s][info][gc,nmethod  ] GC(363) NMethods: 683 registered, 46 unregistered
[279.033s][info][gc,metaspace] GC(363) Metaspace: 13M used, 14M committed, 1088M reserved
[279.033s][info][gc,ref      ] GC(363) Soft: 134 encountered, 0 discovered, 0 enqueued
[279.033s][info][gc,ref      ] GC(363) Weak: 721 encountered, 455 discovered, 0 enqueued
[279.033s][info][gc,ref      ] GC(363) Final: 0 encountered, 0 discovered, 0 enqueued
[279.033s][info][gc,ref      ] GC(363) Phantom: 59 encountered, 41 discovered, 0 enqueued
[279.033s][info][gc,reloc    ] GC(363) Small Pages: 782 / 1564M, Empty: 1440M, Relocated: 1M, In-Place: 0
[279.033s][info][gc,reloc    ] GC(363) Medium Pages: 0 / 0M, Empty: 0M, Relocated: 0M, In-Place: 0
[279.033s][info][gc,reloc    ] GC(363) Large Pages: 0 / 0M, Empty: 0M, Relocated: 0M, In-Place: 0
[279.033s][info][gc,reloc    ] GC(363) Forwarding Usage: 0M
[279.033s][info][gc,heap     ] GC(363) Min Capacity: 8M(0%)
[279.033s][info][gc,heap     ] GC(363) Max Capacity: 2048M(100%)
[279.033s][info][gc,heap     ] GC(363) Soft Max Capacity: 2048M(100%)
[279.033s][info][gc,heap     ] GC(363)                Mark Start          Mark End        Relocate Start      Relocate End           High               Low         
[279.033s][info][gc,heap     ] GC(363)  Capacity:     2048M (100%)       2048M (100%)       2048M (100%)       2048M (100%)       2048M (100%)       2048M (100%)   
[279.033s][info][gc,heap     ] GC(363)      Free:      484M (24%)         458M (22%)        1750M (85%)        1860M (91%)        1860M (91%)         314M (15%)    
[279.033s][info][gc,heap     ] GC(363)      Used:     1564M (76%)        1590M (78%)         298M (15%)         188M (9%)         1734M (85%)         188M (9%)     
[279.033s][info][gc,heap     ] GC(363)      Live:         -                 9M (0%)            9M (0%)            9M (0%)             -                  -          
[279.033s][info][gc,heap     ] GC(363) Allocated:         -                26M (1%)          174M (8%)          175M (9%)             -                  -          
[279.033s][info][gc,heap     ] GC(363)   Garbage:         -              1554M (76%)         114M (6%)            2M (0%)             -                  -          
[279.033s][info][gc,heap     ] GC(363) Reclaimed:         -                  -              1440M (70%)        1551M (76%)            -                  -          
[279.033s][info][gc          ] GC(363) Garbage Collection (Allocation Rate) 1564M(76%)->188M(9%)
[279.826s][info][gc,start    ] GC(364) Garbage Collection (Allocation Rate)
[279.826s][info][gc,task     ] GC(364) Using 1 workers
[279.826s][info][gc,phases   ] GC(364) Pause Mark Start 0.013ms
[279.840s][info][gc,phases   ] GC(364) Concurrent Mark 13.813ms
[279.840s][info][gc,phases   ] GC(364) Pause Mark End 0.015ms
[279.840s][info][gc,phases   ] GC(364) Concurrent Mark Free 0.001ms
[279.935s][info][gc,phases   ] GC(364) Concurrent Process Non-Strong References 95.157ms
[279.935s][info][gc,phases   ] GC(364) Concurrent Reset Relocation Set 0.005ms
[279.939s][info][gc,phases   ] GC(364) Concurrent Select Relocation Set 3.529ms
[279.939s][info][gc,phases   ] GC(364) Pause Relocate Start 0.008ms
[279.940s][info][gc,phases   ] GC(364) Concurrent Relocate 0.719ms
[279.940s][info][gc,load     ] GC(364) Load: 0.00/0.00/0.00
[279.940s][info][gc,mmu      ] GC(364) MMU: 2ms/94.9%, 5ms/98.0%, 10ms/99.0%, 20ms/99.4%, 50ms/99.8%, 100ms/99.9%
[279.940s][info][gc,marking  ] GC(364) Mark: 1 stripe(s), 2 proactive flush(es), 1 terminate flush(es), 0 completion(s), 0 continuation(s) 
[279.940s][info][gc,marking  ] GC(364) Mark Stack Usage: 32M
[279.940s][info][gc,nmethod  ] GC(364) NMethods: 683 registered, 46 unregistered
[279.940s][info][gc,metaspace] GC(364) Metaspace: 13M used, 14M committed, 1088M reserved
[279.940s][info][gc,ref      ] GC(364) Soft: 134 encountered, 0 discovered, 0 enqueued
[279.940s][info][gc,ref      ] GC(364) Weak: 717 encountered, 455 discovered, 0 enqueued
[279.940s][info][gc,ref      ] GC(364) Final: 0 encountered, 0 discovered, 0 enqueued
[279.940s][info][gc,ref      ] GC(364) Phantom: 59 encountered, 41 discovered, 0 enqueued
[279.940s][info][gc,reloc    ] GC(364) Small Pages: 790 / 1580M, Empty: 1462M, Relocated: 1M, In-Place: 0
[279.940s][info][gc,reloc    ] GC(364) Medium Pages: 0 / 0M, Empty: 0M, Relocated: 0M, In-Place: 0
[279.940s][info][gc,reloc    ] GC(364) Large Pages: 0 / 0M, Empty: 0M, Relocated: 0M, In-Place: 0
[279.940s][info][gc,reloc    ] GC(364) Forwarding Usage: 0M
[279.940s][info][gc,heap     ] GC(364) Min Capacity: 8M(0%)
[279.940s][info][gc,heap     ] GC(364) Max Capacity: 2048M(100%)
[279.940s][info][gc,heap     ] GC(364) Soft Max Capacity: 2048M(100%)
[279.940s][info][gc,heap     ] GC(364)                Mark Start          Mark End        Relocate Start      Relocate End           High               Low         
[279.940s][info][gc,heap     ] GC(364)  Capacity:     2048M (100%)       2048M (100%)       2048M (100%)       2048M (100%)       2048M (100%)       2048M (100%)   
[279.940s][info][gc,heap     ] GC(364)      Free:      468M (23%)         434M (21%)        1722M (84%)        1828M (89%)        1828M (89%)         266M (13%)    
[279.940s][info][gc,heap     ] GC(364)      Used:     1580M (77%)        1614M (79%)         326M (16%)         220M (11%)        1782M (87%)         220M (11%)    
[279.940s][info][gc,heap     ] GC(364)      Live:         -                 9M (0%)            9M (0%)            9M (0%)             -                  -          
[279.940s][info][gc,heap     ] GC(364) Allocated:         -                34M (2%)          208M (10%)         208M (10%)            -                  -          
[279.940s][info][gc,heap     ] GC(364)   Garbage:         -              1570M (77%)         108M (5%)            2M (0%)             -                  -          
[279.940s][info][gc,heap     ] GC(364) Reclaimed:         -                  -              1462M (71%)        1568M (77%)            -                  -          
[279.940s][info][gc          ] GC(364) Garbage Collection (Allocation Rate) 1580M(77%)->220M(11%)
[280.126s][info][gc,stats    ] === Garbage Collection Statistics =======================================================================================================================
[280.126s][info][gc,stats    ]                                                              Last 10s              Last 10m              Last 10h                Total
[280.127s][info][gc,stats    ]                                                              Avg / Max             Avg / Max             Avg / Max             Avg / Max
[280.127s][info][gc,stats    ]   Collector: Garbage Collection Cycle                    127.242 / 289.195      80.856 / 289.195      80.856 / 289.195      80.856 / 289.195     ms
[280.127s][info][gc,stats    ]  Contention: Mark Segment Reset Contention                     0 / 0                 0 / 11                0 / 11                0 / 11          ops/s
[280.127s][info][gc,stats    ]  Contention: Mark SeqNum Reset Contention                      0 / 0                 0 / 2                 0 / 2                 0 / 2           ops/s
[280.127s][info][gc,stats    ]    Critical: Allocation Stall                                  4 / 45                0 / 45                0 / 45                0 / 45          ops/s
[280.127s][info][gc,stats    ]    Critical: Allocation Stall                             30.547 / 33.278       25.241 / 55.638       25.241 / 55.638       25.241 / 55.638      ms
[280.127s][info][gc,stats    ]    Critical: GC Locker Stall                                   0 / 0                 0 / 0                 0 / 0                 0 / 0           ops/s
[280.127s][info][gc,stats    ]    Critical: GC Locker Stall                               0.000 / 0.000         0.000 / 0.000         0.000 / 0.000         0.000 / 0.000       ms
[280.127s][info][gc,stats    ]    Critical: Relocation Stall                                  0 / 0                 0 / 0                 0 / 0                 0 / 0           ops/s
[280.127s][info][gc,stats    ]    Critical: Relocation Stall                              0.000 / 0.000         0.000 / 0.000         0.000 / 0.000         0.000 / 0.000       ms
[280.127s][info][gc,stats    ]      Memory: Allocation Rate                                1880 / 1910           1860 / 2316           1860 / 2316           1860 / 2316        MB/s
[280.127s][info][gc,stats    ]      Memory: Defragment                                        0 / 0                 0 / 0                 0 / 0                 0 / 0           ops/s
[280.127s][info][gc,stats    ]      Memory: Out Of Memory                                     0 / 0                 0 / 0                 0 / 0                 0 / 0           ops/s
[280.127s][info][gc,stats    ]      Memory: Page Cache Flush                                  0 / 0                 0 / 0                 0 / 0                 0 / 0           MB/s
[280.127s][info][gc,stats    ]      Memory: Page Cache Hit L1                               942 / 959             930 / 1159            930 / 1159            930 / 1159        ops/s
[280.127s][info][gc,stats    ]      Memory: Page Cache Hit L2                                 0 / 0                 0 / 0                 0 / 0                 0 / 0           ops/s
[280.127s][info][gc,stats    ]      Memory: Page Cache Hit L3                                 0 / 0                 3 / 449               3 / 449               3 / 449         ops/s
[280.127s][info][gc,stats    ]      Memory: Page Cache Miss                                   0 / 0                 0 / 1                 0 / 1                 0 / 1           ops/s
[280.127s][info][gc,stats    ]      Memory: Uncommit                                          0 / 0                 0 / 0                 0 / 0                 0 / 0           MB/s
[280.127s][info][gc,stats    ]      Memory: Undo Object Allocation Failed                     0 / 0                23 / 169              23 / 169              23 / 169         ops/s
[280.127s][info][gc,stats    ]      Memory: Undo Object Allocation Succeeded                  0 / 1                 1 / 21                1 / 21                1 / 21          ops/s
[280.127s][info][gc,stats    ]      Memory: Undo Page Allocation                             69 / 111              66 / 221              66 / 221              66 / 221         ops/s
[280.127s][info][gc,stats    ]       Phase: Concurrent Mark                              27.979 / 202.768      15.527 / 212.397      15.527 / 212.397      15.527 / 212.397     ms
[280.127s][info][gc,stats    ]       Phase: Concurrent Mark Continue                      0.000 / 0.000         0.000 / 0.000         0.000 / 0.000         0.000 / 0.000       ms
[280.127s][info][gc,stats    ]       Phase: Concurrent Mark Free                          0.001 / 0.002         0.001 / 0.002         0.001 / 0.002         0.001 / 0.002       ms
[280.127s][info][gc,stats    ]       Phase: Concurrent Process Non-Strong References     91.869 / 237.003      53.183 / 259.891      53.183 / 259.891      53.183 / 259.891     ms
[280.127s][info][gc,stats    ]       Phase: Concurrent Relocate                           0.810 / 3.512         1.430 / 5.770         1.430 / 5.770         1.430 / 5.770       ms
[280.127s][info][gc,stats    ]       Phase: Concurrent Reset Relocation Set               0.006 / 0.009         0.006 / 0.011         0.006 / 0.011         0.006 / 0.011       ms
[280.127s][info][gc,stats    ]       Phase: Concurrent Select Relocation Set              4.317 / 5.019         4.364 / 14.014        4.364 / 14.014        4.364 / 14.014      ms
[280.127s][info][gc,stats    ]       Phase: Pause Mark End                                0.016 / 0.018         0.017 / 0.102         0.017 / 0.102         0.017 / 0.102       ms
[280.127s][info][gc,stats    ]       Phase: Pause Mark Start                              0.014 / 0.037         0.012 / 0.049         0.012 / 0.049         0.012 / 0.049       ms
[280.127s][info][gc,stats    ]       Phase: Pause Relocate Start                          0.008 / 0.010         0.008 / 0.020         0.008 / 0.020         0.008 / 0.020       ms
[280.127s][info][gc,stats    ]    Subphase: Concurrent Classes Purge                      0.007 / 0.010         0.038 / 5.454         0.038 / 5.454         0.038 / 5.454       ms
[280.127s][info][gc,stats    ]    Subphase: Concurrent Classes Unlink                     1.207 / 1.486         3.111 / 10.160        3.111 / 10.160        3.111 / 10.160      ms
[280.127s][info][gc,stats    ]    Subphase: Concurrent Mark                              15.615 / 201.856      10.030 / 211.109      10.030 / 211.109      10.030 / 211.109     ms
[280.127s][info][gc,stats    ]    Subphase: Concurrent Mark Try Flush                     4.939 / 189.210       0.616 / 193.285       0.616 / 193.285       0.616 / 193.285     ms
[280.127s][info][gc,stats    ]    Subphase: Concurrent Mark Try Terminate                 0.530 / 1.879         2.227 / 16.632        2.227 / 16.632        2.227 / 16.632      ms
[280.127s][info][gc,stats    ]    Subphase: Concurrent References Enqueue                 0.001 / 0.001         0.001 / 0.006         0.001 / 0.006         0.001 / 0.006       ms
[280.127s][info][gc,stats    ]    Subphase: Concurrent References Process                 0.137 / 0.203         0.104 / 0.206         0.104 / 0.206         0.104 / 0.206       ms
[280.127s][info][gc,stats    ]    Subphase: Concurrent Roots ClassLoaderDataGraph         0.112 / 0.280         0.112 / 1.252         0.112 / 1.252         0.112 / 1.252       ms
[280.127s][info][gc,stats    ]    Subphase: Concurrent Roots CodeCache                    0.000 / 0.000         0.000 / 0.000         0.000 / 0.000         0.000 / 0.000       ms
[280.127s][info][gc,stats    ]    Subphase: Concurrent Roots JavaThreads                  0.370 / 0.712         0.329 / 1.791         0.329 / 1.791         0.329 / 1.791       ms
[280.127s][info][gc,stats    ]    Subphase: Concurrent Roots OopStorageSet                0.042 / 0.076         0.045 / 0.778         0.045 / 0.778         0.045 / 0.778       ms
[280.127s][info][gc,stats    ]    Subphase: Concurrent Weak Roots OopStorageSet          47.229 / 100.559      22.032 / 100.559      22.032 / 100.559      22.032 / 100.559     ms
[280.127s][info][gc,stats    ]    Subphase: Pause Mark Try Complete                       0.000 / 0.000         0.002 / 0.006         0.002 / 0.006         0.002 / 0.006       ms
[280.127s][info][gc,stats    ]      System: Java Threads                                     70 / 72               55 / 73               55 / 73               55 / 73          threads
[280.127s][info][gc,stats    ] =========================================================================================================================================================
[280.725s][info][gc,start    ] GC(365) Garbage Collection (Allocation Rate)
[280.725s][info][gc,task     ] GC(365) Using 1 workers
[280.726s][info][gc,phases   ] GC(365) Pause Mark Start 0.010ms
[280.739s][info][gc,phases   ] GC(365) Concurrent Mark 13.767ms
[280.740s][info][gc,phases   ] GC(365) Pause Mark End 0.015ms
[280.740s][info][gc,phases   ] GC(365) Concurrent Mark Free 0.001ms
[280.835s][info][gc,phases   ] GC(365) Concurrent Process Non-Strong References 95.032ms
[280.835s][info][gc,phases   ] GC(365) Concurrent Reset Relocation Set 0.008ms
[280.839s][info][gc,phases   ] GC(365) Concurrent Select Relocation Set 4.409ms
[280.839s][info][gc,phases   ] GC(365) Pause Relocate Start 0.008ms
[280.840s][info][gc,phases   ] GC(365) Concurrent Relocate 0.411ms
[280.840s][info][gc,load     ] GC(365) Load: 0.00/0.00/0.00
[280.840s][info][gc,mmu      ] GC(365) MMU: 2ms/94.9%, 5ms/98.0%, 10ms/99.0%, 20ms/99.4%, 50ms/99.8%, 100ms/99.9%
[280.840s][info][gc,marking  ] GC(365) Mark: 1 stripe(s), 2 proactive flush(es), 1 terminate flush(es), 0 completion(s), 0 continuation(s) 
[280.840s][info][gc,marking  ] GC(365) Mark Stack Usage: 32M
[280.840s][info][gc,nmethod  ] GC(365) NMethods: 683 registered, 46 unregistered
[280.840s][info][gc,metaspace] GC(365) Metaspace: 13M used, 14M committed, 1088M reserved
[280.840s][info][gc,ref      ] GC(365) Soft: 134 encountered, 0 discovered, 0 enqueued
[280.840s][info][gc,ref      ] GC(365) Weak: 703 encountered, 455 discovered, 0 enqueued
[280.840s][info][gc,ref      ] GC(365) Final: 0 encountered, 0 discovered, 0 enqueued
[280.840s][info][gc,ref      ] GC(365) Phantom: 59 encountered, 41 discovered, 0 enqueued
[280.840s][info][gc,reloc    ] GC(365) Small Pages: 784 / 1568M, Empty: 1454M, Relocated: 1M, In-Place: 0
[280.840s][info][gc,reloc    ] GC(365) Medium Pages: 0 / 0M, Empty: 0M, Relocated: 0M, In-Place: 0
[280.840s][info][gc,reloc    ] GC(365) Large Pages: 0 / 0M, Empty: 0M, Relocated: 0M, In-Place: 0
[280.840s][info][gc,reloc    ] GC(365) Forwarding Usage: 0M
[280.840s][info][gc,heap     ] GC(365) Min Capacity: 8M(0%)
[280.840s][info][gc,heap     ] GC(365) Max Capacity: 2048M(100%)
[280.840s][info][gc,heap     ] GC(365) Soft Max Capacity: 2048M(100%)
[280.840s][info][gc,heap     ] GC(365)                Mark Start          Mark End        Relocate Start      Relocate End           High               Low         
[280.840s][info][gc,heap     ] GC(365)  Capacity:     2048M (100%)       2048M (100%)       2048M (100%)       2048M (100%)       2048M (100%)       2048M (100%)   
[280.840s][info][gc,heap     ] GC(365)      Free:      480M (23%)         452M (22%)        1748M (85%)        1848M (90%)        1848M (90%)         302M (15%)    
[280.840s][info][gc,heap     ] GC(365)      Used:     1568M (77%)        1596M (78%)         300M (15%)         200M (10%)        1746M (85%)         200M (10%)    
[280.840s][info][gc,heap     ] GC(365)      Live:         -                 9M (0%)            9M (0%)            9M (0%)             -                  -          
[280.840s][info][gc,heap     ] GC(365) Allocated:         -                28M (1%)          186M (9%)          186M (9%)             -                  -          
[280.840s][info][gc,heap     ] GC(365)   Garbage:         -              1558M (76%)         104M (5%)            4M (0%)             -                  -          
[280.840s][info][gc,heap     ] GC(365) Reclaimed:         -                  -              1454M (71%)        1554M (76%)            -                  -          
[280.840s][info][gc          ] GC(365) Garbage Collection (Allocation Rate) 1568M(77%)->200M(10%)
[281.625s][info][gc,start    ] GC(366) Garbage Collection (Allocation Rate)
[281.625s][info][gc,task     ] GC(366) Using 1 workers
[281.626s][info][gc,phases   ] GC(366) Pause Mark Start 0.012ms
[281.638s][info][gc,phases   ] GC(366) Concurrent Mark 12.625ms
[281.638s][info][gc,phases   ] GC(366) Pause Mark End 0.014ms
[281.638s][info][gc,phases   ] GC(366) Concurrent Mark Free 0.002ms
[281.716s][info][gc,phases   ] GC(366) Concurrent Process Non-Strong References 77.077ms
[281.716s][info][gc,phases   ] GC(366) Concurrent Reset Relocation Set 0.005ms
[281.720s][info][gc,phases   ] GC(366) Concurrent Select Relocation Set 4.219ms
[281.720s][info][gc,phases   ] GC(366) Pause Relocate Start 0.008ms
[281.721s][info][gc,phases   ] GC(366) Concurrent Relocate 0.495ms
[281.721s][info][gc,load     ] GC(366) Load: 0.00/0.00/0.00
[281.721s][info][gc,mmu      ] GC(366) MMU: 2ms/94.9%, 5ms/98.0%, 10ms/99.0%, 20ms/99.4%, 50ms/99.8%, 100ms/99.9%
[281.721s][info][gc,marking  ] GC(366) Mark: 1 stripe(s), 2 proactive flush(es), 1 terminate flush(es), 0 completion(s), 0 continuation(s) 
[281.721s][info][gc,marking  ] GC(366) Mark Stack Usage: 32M
[281.721s][info][gc,nmethod  ] GC(366) NMethods: 683 registered, 46 unregistered
[281.721s][info][gc,metaspace] GC(366) Metaspace: 13M used, 14M committed, 1088M reserved
[281.721s][info][gc,ref      ] GC(366) Soft: 134 encountered, 0 discovered, 0 enqueued
[281.721s][info][gc,ref      ] GC(366) Weak: 673 encountered, 455 discovered, 0 enqueued
[281.721s][info][gc,ref      ] GC(366) Final: 0 encountered, 0 discovered, 0 enqueued
[281.721s][info][gc,ref      ] GC(366) Phantom: 59 encountered, 41 discovered, 0 enqueued
[281.721s][info][gc,reloc    ] GC(366) Small Pages: 810 / 1620M, Empty: 1504M, Relocated: 1M, In-Place: 0
[281.721s][info][gc,reloc    ] GC(366) Medium Pages: 0 / 0M, Empty: 0M, Relocated: 0M, In-Place: 0
[281.721s][info][gc,reloc    ] GC(366) Large Pages: 0 / 0M, Empty: 0M, Relocated: 0M, In-Place: 0
[281.721s][info][gc,reloc    ] GC(366) Forwarding Usage: 0M
[281.721s][info][gc,heap     ] GC(366) Min Capacity: 8M(0%)
[281.721s][info][gc,heap     ] GC(366) Max Capacity: 2048M(100%)
[281.721s][info][gc,heap     ] GC(366) Soft Max Capacity: 2048M(100%)
[281.721s][info][gc,heap     ] GC(366)                Mark Start          Mark End        Relocate Start      Relocate End           High               Low         
[281.721s][info][gc,heap     ] GC(366)  Capacity:     2048M (100%)       2048M (100%)       2048M (100%)       2048M (100%)       2048M (100%)       2048M (100%)   
[281.721s][info][gc,heap     ] GC(366)      Free:      428M (21%)         396M (19%)        1692M (83%)        1794M (88%)        1794M (88%)         200M (10%)    
[281.721s][info][gc,heap     ] GC(366)      Used:     1620M (79%)        1652M (81%)         356M (17%)         254M (12%)        1848M (90%)         254M (12%)    
[281.721s][info][gc,heap     ] GC(366)      Live:         -                 8M (0%)            8M (0%)            8M (0%)             -                  -          
[281.721s][info][gc,heap     ] GC(366) Allocated:         -                32M (2%)          240M (12%)         241M (12%)            -                  -          
[281.721s][info][gc,heap     ] GC(366)   Garbage:         -              1611M (79%)         107M (5%)            4M (0%)             -                  -          
[281.721s][info][gc,heap     ] GC(366) Reclaimed:         -                  -              1504M (73%)        1607M (78%)            -                  -          
[281.721s][info][gc          ] GC(366) Garbage Collection (Allocation Rate) 1620M(79%)->254M(12%)
[282.136s][info][gc,start    ] GC(367) Garbage Collection (System.gc())
[282.136s][info][gc,task     ] GC(367) Using 12 workers
[282.136s][info][gc,phases   ] GC(367) Pause Mark Start 0.013ms
[282.150s][info][gc,phases   ] GC(367) Concurrent Mark 13.765ms
[282.150s][info][gc,phases   ] GC(367) Pause Mark End 0.017ms
[282.151s][info][gc,phases   ] GC(367) Concurrent Mark Free 0.001ms
[282.165s][info][gc,phases   ] GC(367) Concurrent Process Non-Strong References 14.901ms
[282.166s][info][gc,phases   ] GC(367) Concurrent Reset Relocation Set 0.006ms
[282.170s][info][gc,phases   ] GC(367) Concurrent Select Relocation Set 4.216ms
[282.170s][info][gc,phases   ] GC(367) Pause Relocate Start 0.006ms
[282.172s][info][gc,phases   ] GC(367) Concurrent Relocate 2.423ms
[282.172s][info][gc,load     ] GC(367) Load: 0.00/0.00/0.00
[282.172s][info][gc,mmu      ] GC(367) MMU: 2ms/94.9%, 5ms/98.0%, 10ms/99.0%, 20ms/99.4%, 50ms/99.8%, 100ms/99.9%
[282.172s][info][gc,marking  ] GC(367) Mark: 8 stripe(s), 1 proactive flush(es), 1 terminate flush(es), 0 completion(s), 0 continuation(s) 
[282.173s][info][gc,marking  ] GC(367) Mark Stack Usage: 32M
[282.173s][info][gc,nmethod  ] GC(367) NMethods: 683 registered, 46 unregistered
[282.173s][info][gc,metaspace] GC(367) Metaspace: 13M used, 14M committed, 1088M reserved
[282.173s][info][gc,ref      ] GC(367) Soft: 134 encountered, 0 discovered, 0 enqueued
[282.173s][info][gc,ref      ] GC(367) Weak: 621 encountered, 110 discovered, 0 enqueued
[282.173s][info][gc,ref      ] GC(367) Final: 0 encountered, 0 discovered, 0 enqueued
[282.173s][info][gc,ref      ] GC(367) Phantom: 59 encountered, 43 discovered, 0 enqueued
[282.173s][info][gc,reloc    ] GC(367) Small Pages: 547 / 1094M, Empty: 1064M, Relocated: 3M, In-Place: 0
[282.173s][info][gc,reloc    ] GC(367) Medium Pages: 0 / 0M, Empty: 0M, Relocated: 0M, In-Place: 0
[282.173s][info][gc,reloc    ] GC(367) Large Pages: 0 / 0M, Empty: 0M, Relocated: 0M, In-Place: 0
[282.173s][info][gc,reloc    ] GC(367) Forwarding Usage: 0M
[282.173s][info][gc,heap     ] GC(367) Min Capacity: 8M(0%)
[282.173s][info][gc,heap     ] GC(367) Max Capacity: 2048M(100%)
[282.173s][info][gc,heap     ] GC(367) Soft Max Capacity: 2048M(100%)
[282.173s][info][gc,heap     ] GC(367)                Mark Start          Mark End        Relocate Start      Relocate End           High               Low         
[282.173s][info][gc,heap     ] GC(367)  Capacity:     2048M (100%)       2048M (100%)       2048M (100%)       2048M (100%)       2048M (100%)       2048M (100%)   
[282.173s][info][gc,heap     ] GC(367)      Free:      954M (47%)         954M (47%)        2018M (99%)        2022M (99%)        2022M (99%)         954M (47%)    
[282.173s][info][gc,heap     ] GC(367)      Used:     1094M (53%)        1094M (53%)          30M (1%)           26M (1%)         1094M (53%)          26M (1%)     
[282.173s][info][gc,heap     ] GC(367)      Live:         -                 4M (0%)            4M (0%)            4M (0%)             -                  -          
[282.173s][info][gc,heap     ] GC(367) Allocated:         -                 0M (0%)            0M (0%)            0M (0%)             -                  -          
[282.173s][info][gc,heap     ] GC(367)   Garbage:         -              1089M (53%)          25M (1%)           21M (1%)             -                  -          
[282.173s][info][gc,heap     ] GC(367) Reclaimed:         -                  -              1064M (52%)        1068M (52%)            -                  -          
[282.173s][info][gc          ] GC(367) Garbage Collection (System.gc()) 1094M(53%)->26M(1%)
[282.725s][info][gc,start    ] GC(368) Garbage Collection (Allocation Rate)
[282.725s][info][gc,task     ] GC(368) Using 2 workers
[282.725s][info][gc,phases   ] GC(368) Pause Mark Start 0.010ms
[282.737s][info][gc,phases   ] GC(368) Concurrent Mark 11.639ms
[282.737s][info][gc,phases   ] GC(368) Pause Mark End 0.015ms
[282.737s][info][gc,phases   ] GC(368) Concurrent Mark Free 0.001ms
[282.787s][info][gc,phases   ] GC(368) Concurrent Process Non-Strong References 49.598ms
[282.787s][info][gc,phases   ] GC(368) Concurrent Reset Relocation Set 0.002ms
[282.792s][info][gc,phases   ] GC(368) Concurrent Select Relocation Set 4.790ms
[282.792s][info][gc,phases   ] GC(368) Pause Relocate Start 0.007ms
[282.794s][info][gc,phases   ] GC(368) Concurrent Relocate 1.529ms
[282.794s][info][gc,load     ] GC(368) Load: 0.00/0.00/0.00
[282.794s][info][gc,mmu      ] GC(368) MMU: 2ms/94.9%, 5ms/98.0%, 10ms/99.0%, 20ms/99.4%, 50ms/99.8%, 100ms/99.9%
[282.794s][info][gc,marking  ] GC(368) Mark: 2 stripe(s), 2 proactive flush(es), 1 terminate flush(es), 0 completion(s), 0 continuation(s) 
[282.794s][info][gc,marking  ] GC(368) Mark Stack Usage: 32M
[282.794s][info][gc,nmethod  ] GC(368) NMethods: 664 registered, 66 unregistered
[282.794s][info][gc,metaspace] GC(368) Metaspace: 13M used, 14M committed, 1088M reserved
[282.794s][info][gc,ref      ] GC(368) Soft: 134 encountered, 0 discovered, 0 enqueued
[282.794s][info][gc,ref      ] GC(368) Weak: 717 encountered, 368 discovered, 0 enqueued
[282.794s][info][gc,ref      ] GC(368) Final: 0 encountered, 0 discovered, 0 enqueued
[282.794s][info][gc,ref      ] GC(368) Phantom: 59 encountered, 42 discovered, 0 enqueued
[282.794s][info][gc,reloc    ] GC(368) Small Pages: 458 / 916M, Empty: 802M, Relocated: 2M, In-Place: 0
[282.794s][info][gc,reloc    ] GC(368) Medium Pages: 0 / 0M, Empty: 0M, Relocated: 0M, In-Place: 0
[282.794s][info][gc,reloc    ] GC(368) Large Pages: 0 / 0M, Empty: 0M, Relocated: 0M, In-Place: 0
[282.794s][info][gc,reloc    ] GC(368) Forwarding Usage: 0M
[282.794s][info][gc,heap     ] GC(368) Min Capacity: 8M(0%)
[282.794s][info][gc,heap     ] GC(368) Max Capacity: 2048M(100%)
[282.794s][info][gc,heap     ] GC(368) Soft Max Capacity: 2048M(100%)
[282.794s][info][gc,heap     ] GC(368)                Mark Start          Mark End        Relocate Start      Relocate End           High               Low         
[282.794s][info][gc,heap     ] GC(368)  Capacity:     2048M (100%)       2048M (100%)       2048M (100%)       2048M (100%)       2048M (100%)       2048M (100%)   
[282.794s][info][gc,heap     ] GC(368)      Free:     1132M (55%)        1108M (54%)        1822M (89%)        1920M (94%)        1920M (94%)        1026M (50%)    
[282.794s][info][gc,heap     ] GC(368)      Used:      916M (45%)         940M (46%)         226M (11%)         128M (6%)         1022M (50%)         128M (6%)     
[282.794s][info][gc,heap     ] GC(368)      Live:         -                 7M (0%)            7M (0%)            7M (0%)             -                  -          
[282.794s][info][gc,heap     ] GC(368) Allocated:         -                24M (1%)          112M (5%)          116M (6%)             -                  -          
[282.794s][info][gc,heap     ] GC(368)   Garbage:         -               908M (44%)         106M (5%)            4M (0%)             -                  -          
[282.794s][info][gc,heap     ] GC(368) Reclaimed:         -                  -               802M (39%)         904M (44%)            -                  -          
[282.794s][info][gc          ] GC(368) Garbage Collection (Allocation Rate) 916M(45%)->128M(6%)
[283.425s][info][gc,start    ] GC(369) Garbage Collection (Allocation Rate)
[283.426s][info][gc,task     ] GC(369) Using 2 workers
[283.426s][info][gc,phases   ] GC(369) Pause Mark Start 0.011ms
[283.435s][info][gc,phases   ] GC(369) Concurrent Mark 9.375ms
[283.435s][info][gc,phases   ] GC(369) Pause Mark End 0.014ms
[283.435s][info][gc,phases   ] GC(369) Concurrent Mark Free 0.001ms
[283.489s][info][gc,phases   ] GC(369) Concurrent Process Non-Strong References 53.432ms
[283.489s][info][gc,phases   ] GC(369) Concurrent Reset Relocation Set 0.007ms
[283.494s][info][gc,phases   ] GC(369) Concurrent Select Relocation Set 4.923ms
[283.494s][info][gc,phases   ] GC(369) Pause Relocate Start 0.007ms
[283.496s][info][gc,phases   ] GC(369) Concurrent Relocate 1.592ms
[283.496s][info][gc,load     ] GC(369) Load: 0.00/0.00/0.00
[283.496s][info][gc,mmu      ] GC(369) MMU: 2ms/94.9%, 5ms/98.0%, 10ms/99.0%, 20ms/99.4%, 50ms/99.8%, 100ms/99.9%
[283.496s][info][gc,marking  ] GC(369) Mark: 2 stripe(s), 2 proactive flush(es), 1 terminate flush(es), 0 completion(s), 0 continuation(s) 
[283.496s][info][gc,marking  ] GC(369) Mark Stack Usage: 32M
[283.496s][info][gc,nmethod  ] GC(369) NMethods: 664 registered, 66 unregistered
[283.496s][info][gc,metaspace] GC(369) Metaspace: 13M used, 14M committed, 1088M reserved
[283.496s][info][gc,ref      ] GC(369) Soft: 134 encountered, 0 discovered, 0 enqueued
[283.496s][info][gc,ref      ] GC(369) Weak: 717 encountered, 17 discovered, 0 enqueued
[283.496s][info][gc,ref      ] GC(369) Final: 0 encountered, 0 discovered, 0 enqueued
[283.496s][info][gc,ref      ] GC(369) Phantom: 59 encountered, 29 discovered, 0 enqueued
[283.496s][info][gc,reloc    ] GC(369) Small Pages: 666 / 1332M, Empty: 1236M, Relocated: 2M, In-Place: 0
[283.496s][info][gc,reloc    ] GC(369) Medium Pages: 0 / 0M, Empty: 0M, Relocated: 0M, In-Place: 0
[283.496s][info][gc,reloc    ] GC(369) Large Pages: 0 / 0M, Empty: 0M, Relocated: 0M, In-Place: 0
[283.496s][info][gc,reloc    ] GC(369) Forwarding Usage: 0M
[283.496s][info][gc,heap     ] GC(369) Min Capacity: 8M(0%)
[283.496s][info][gc,heap     ] GC(369) Max Capacity: 2048M(100%)
[283.496s][info][gc,heap     ] GC(369) Soft Max Capacity: 2048M(100%)
[283.496s][info][gc,heap     ] GC(369)                Mark Start          Mark End        Relocate Start      Relocate End           High               Low         
[283.496s][info][gc,heap     ] GC(369)  Capacity:     2048M (100%)       2048M (100%)       2048M (100%)       2048M (100%)       2048M (100%)       2048M (100%)   
[283.496s][info][gc,heap     ] GC(369)      Free:      716M (35%)         690M (34%)        1814M (89%)        1896M (93%)        1896M (93%)         588M (29%)    
[283.496s][info][gc,heap     ] GC(369)      Used:     1332M (65%)        1358M (66%)         234M (11%)         152M (7%)         1460M (71%)         152M (7%)     
[283.496s][info][gc,heap     ] GC(369)      Live:         -                 7M (0%)            7M (0%)            7M (0%)             -                  -          
[283.496s][info][gc,heap     ] GC(369) Allocated:         -                26M (1%)          138M (7%)          140M (7%)             -                  -          
[283.496s][info][gc,heap     ] GC(369)   Garbage:         -              1324M (65%)          88M (4%)            4M (0%)             -                  -          
[283.496s][info][gc,heap     ] GC(369) Reclaimed:         -                  -              1236M (60%)        1320M (64%)            -                  -          
[283.496s][info][gc          ] GC(369) Garbage Collection (Allocation Rate) 1332M(65%)->152M(7%)
[284.025s][info][gc,start    ] GC(370) Garbage Collection (Allocation Rate)
[284.025s][info][gc,task     ] GC(370) Using 2 workers
[284.051s][info][gc,phases   ] GC(370) Pause Mark Start 0.012ms
[284.065s][info][gc,phases   ] GC(370) Concurrent Mark 13.907ms
[284.065s][info][gc,phases   ] GC(370) Pause Mark End 0.039ms
[284.066s][info][gc,phases   ] GC(370) Concurrent Mark Free 0.001ms
[284.116s][info][gc,phases   ] GC(370) Concurrent Process Non-Strong References 50.479ms
[284.116s][info][gc,phases   ] GC(370) Concurrent Reset Relocation Set 0.005ms
[284.120s][info][gc,phases   ] GC(370) Concurrent Select Relocation Set 3.509ms
[284.120s][info][gc,phases   ] GC(370) Pause Relocate Start 0.007ms
[284.121s][info][gc,phases   ] GC(370) Concurrent Relocate 1.361ms
[284.121s][info][gc,load     ] GC(370) Load: 0.00/0.00/0.00
[284.121s][info][gc,mmu      ] GC(370) MMU: 2ms/94.9%, 5ms/98.0%, 10ms/99.0%, 20ms/99.4%, 50ms/99.8%, 100ms/99.9%
[284.121s][info][gc,marking  ] GC(370) Mark: 2 stripe(s), 2 proactive flush(es), 1 terminate flush(es), 1 completion(s), 0 continuation(s) 
[284.121s][info][gc,marking  ] GC(370) Mark Stack Usage: 32M
[284.121s][info][gc,nmethod  ] GC(370) NMethods: 664 registered, 66 unregistered
[284.121s][info][gc,metaspace] GC(370) Metaspace: 13M used, 14M committed, 1088M reserved
[284.121s][info][gc,ref      ] GC(370) Soft: 134 encountered, 0 discovered, 0 enqueued
[284.121s][info][gc,ref      ] GC(370) Weak: 717 encountered, 268 discovered, 0 enqueued
[284.121s][info][gc,ref      ] GC(370) Final: 0 encountered, 0 discovered, 0 enqueued
[284.121s][info][gc,ref      ] GC(370) Phantom: 59 encountered, 43 discovered, 0 enqueued
[284.122s][info][gc,reloc    ] GC(370) Small Pages: 613 / 1226M, Empty: 1134M, Relocated: 1M, In-Place: 0
[284.122s][info][gc,reloc    ] GC(370) Medium Pages: 0 / 0M, Empty: 0M, Relocated: 0M, In-Place: 0
[284.122s][info][gc,reloc    ] GC(370) Large Pages: 0 / 0M, Empty: 0M, Relocated: 0M, In-Place: 0
[284.122s][info][gc,reloc    ] GC(370) Forwarding Usage: 0M
[284.122s][info][gc,heap     ] GC(370) Min Capacity: 8M(0%)
[284.122s][info][gc,heap     ] GC(370) Max Capacity: 2048M(100%)
[284.122s][info][gc,heap     ] GC(370) Soft Max Capacity: 2048M(100%)
[284.122s][info][gc,heap     ] GC(370)                Mark Start          Mark End        Relocate Start      Relocate End           High               Low         
[284.122s][info][gc,heap     ] GC(370)  Capacity:     2048M (100%)       2048M (100%)       2048M (100%)       2048M (100%)       2048M (100%)       2048M (100%)   
[284.122s][info][gc,heap     ] GC(370)      Free:      822M (40%)         796M (39%)        1820M (89%)        1898M (93%)        1898M (93%)         692M (34%)    
[284.122s][info][gc,heap     ] GC(370)      Used:     1226M (60%)        1252M (61%)         228M (11%)         150M (7%)         1356M (66%)         150M (7%)     
[284.122s][info][gc,heap     ] GC(370)      Live:         -                 7M (0%)            7M (0%)            7M (0%)             -                  -          
[284.122s][info][gc,heap     ] GC(370) Allocated:         -                26M (1%)          136M (7%)          137M (7%)             -                  -          
[284.122s][info][gc,heap     ] GC(370)   Garbage:         -              1218M (59%)          84M (4%)            4M (0%)             -                  -          
[284.122s][info][gc,heap     ] GC(370) Reclaimed:         -                  -              1134M (55%)        1213M (59%)            -                  -          
[284.122s][info][gc          ] GC(370) Garbage Collection (Allocation Rate) 1226M(60%)->150M(7%)
[284.625s][info][gc,start    ] GC(371) Garbage Collection (Allocation Rate)
[284.626s][info][gc,task     ] GC(371) Using 1 workers
[284.626s][info][gc,phases   ] GC(371) Pause Mark Start 0.010ms
[284.642s][info][gc,phases   ] GC(371) Concurrent Mark 16.209ms
[284.642s][info][gc,phases   ] GC(371) Pause Mark End 0.015ms
[284.642s][info][gc,phases   ] GC(371) Concurrent Mark Free 0.001ms
[284.721s][info][gc,phases   ] GC(371) Concurrent Process Non-Strong References 78.295ms
[284.721s][info][gc,phases   ] GC(371) Concurrent Reset Relocation Set 0.006ms
[284.724s][info][gc,phases   ] GC(371) Concurrent Select Relocation Set 3.342ms
[284.724s][info][gc,phases   ] GC(371) Pause Relocate Start 0.007ms
[284.726s][info][gc,phases   ] GC(371) Concurrent Relocate 1.825ms
[284.726s][info][gc,load     ] GC(371) Load: 0.00/0.00/0.00
[284.726s][info][gc,mmu      ] GC(371) MMU: 2ms/94.9%, 5ms/98.0%, 10ms/99.0%, 20ms/99.4%, 50ms/99.8%, 100ms/99.9%
[284.726s][info][gc,marking  ] GC(371) Mark: 1 stripe(s), 2 proactive flush(es), 1 terminate flush(es), 0 completion(s), 0 continuation(s) 
[284.726s][info][gc,marking  ] GC(371) Mark Stack Usage: 32M
[284.726s][info][gc,nmethod  ] GC(371) NMethods: 664 registered, 66 unregistered
[284.726s][info][gc,metaspace] GC(371) Metaspace: 13M used, 14M committed, 1088M reserved
[284.726s][info][gc,ref      ] GC(371) Soft: 134 encountered, 0 discovered, 0 enqueued
[284.726s][info][gc,ref      ] GC(371) Weak: 717 encountered, 453 discovered, 0 enqueued
[284.726s][info][gc,ref      ] GC(371) Final: 0 encountered, 0 discovered, 0 enqueued
[284.726s][info][gc,ref      ] GC(371) Phantom: 59 encountered, 41 discovered, 0 enqueued
[284.726s][info][gc,reloc    ] GC(371) Small Pages: 587 / 1174M, Empty: 1086M, Relocated: 1M, In-Place: 0
[284.726s][info][gc,reloc    ] GC(371) Medium Pages: 0 / 0M, Empty: 0M, Relocated: 0M, In-Place: 0
[284.726s][info][gc,reloc    ] GC(371) Large Pages: 0 / 0M, Empty: 0M, Relocated: 0M, In-Place: 0
[284.726s][info][gc,reloc    ] GC(371) Forwarding Usage: 0M
[284.726s][info][gc,heap     ] GC(371) Min Capacity: 8M(0%)
[284.726s][info][gc,heap     ] GC(371) Max Capacity: 2048M(100%)
[284.726s][info][gc,heap     ] GC(371) Soft Max Capacity: 2048M(100%)
[284.727s][info][gc,heap     ] GC(371)                Mark Start          Mark End        Relocate Start      Relocate End           High               Low         
[284.727s][info][gc,heap     ] GC(371)  Capacity:     2048M (100%)       2048M (100%)       2048M (100%)       2048M (100%)       2048M (100%)       2048M (100%)   
[284.727s][info][gc,heap     ] GC(371)      Free:      874M (43%)         836M (41%)        1758M (86%)        1830M (89%)        1832M (89%)         678M (33%)    
[284.727s][info][gc,heap     ] GC(371)      Used:     1174M (57%)        1212M (59%)         290M (14%)         218M (11%)        1370M (67%)         216M (11%)    
[284.727s][info][gc,heap     ] GC(371)      Live:         -                 7M (0%)            7M (0%)            7M (0%)             -                  -          
[284.727s][info][gc,heap     ] GC(371) Allocated:         -                38M (2%)          202M (10%)         207M (10%)            -                  -          
[284.727s][info][gc,heap     ] GC(371)   Garbage:         -              1166M (57%)          80M (4%)            2M (0%)             -                  -          
[284.727s][info][gc,heap     ] GC(371) Reclaimed:         -                  -              1086M (53%)        1163M (57%)            -                  -          
[284.727s][info][gc          ] GC(371) Garbage Collection (Allocation Rate) 1174M(57%)->218M(11%)
[285.225s][info][gc,start    ] GC(372) Garbage Collection (Allocation Rate)
[285.225s][info][gc,task     ] GC(372) Using 1 workers
[285.225s][info][gc,phases   ] GC(372) Pause Mark Start 0.011ms
[285.240s][info][gc,phases   ] GC(372) Concurrent Mark 14.559ms
[285.240s][info][gc,phases   ] GC(372) Pause Mark End 0.015ms
[285.240s][info][gc,phases   ] GC(372) Concurrent Mark Free 0.001ms
[285.321s][info][gc,phases   ] GC(372) Concurrent Process Non-Strong References 80.177ms
[285.321s][info][gc,phases   ] GC(372) Concurrent Reset Relocation Set 0.005ms
[285.325s][info][gc,phases   ] GC(372) Concurrent Select Relocation Set 3.964ms
[285.325s][info][gc,phases   ] GC(372) Pause Relocate Start 0.008ms
[285.329s][info][gc,phases   ] GC(372) Concurrent Relocate 4.167ms
[285.329s][info][gc,load     ] GC(372) Load: 0.00/0.00/0.00
[285.329s][info][gc,mmu      ] GC(372) MMU: 2ms/94.9%, 5ms/98.0%, 10ms/99.0%, 20ms/99.4%, 50ms/99.8%, 100ms/99.9%
[285.329s][info][gc,marking  ] GC(372) Mark: 1 stripe(s), 2 proactive flush(es), 1 terminate flush(es), 0 completion(s), 0 continuation(s) 
[285.329s][info][gc,marking  ] GC(372) Mark Stack Usage: 32M
[285.329s][info][gc,nmethod  ] GC(372) NMethods: 664 registered, 66 unregistered
[285.329s][info][gc,metaspace] GC(372) Metaspace: 13M used, 14M committed, 1088M reserved
[285.329s][info][gc,ref      ] GC(372) Soft: 134 encountered, 0 discovered, 0 enqueued
[285.329s][info][gc,ref      ] GC(372) Weak: 717 encountered, 453 discovered, 0 enqueued
[285.329s][info][gc,ref      ] GC(372) Final: 0 encountered, 0 discovered, 0 enqueued
[285.329s][info][gc,ref      ] GC(372) Phantom: 59 encountered, 41 discovered, 0 enqueued
[285.329s][info][gc,reloc    ] GC(372) Small Pages: 620 / 1240M, Empty: 1154M, Relocated: 1M, In-Place: 0
[285.329s][info][gc,reloc    ] GC(372) Medium Pages: 0 / 0M, Empty: 0M, Relocated: 0M, In-Place: 0
[285.329s][info][gc,reloc    ] GC(372) Large Pages: 0 / 0M, Empty: 0M, Relocated: 0M, In-Place: 0
[285.329s][info][gc,reloc    ] GC(372) Forwarding Usage: 0M
[285.329s][info][gc,heap     ] GC(372) Min Capacity: 8M(0%)
[285.329s][info][gc,heap     ] GC(372) Max Capacity: 2048M(100%)
[285.329s][info][gc,heap     ] GC(372) Soft Max Capacity: 2048M(100%)
[285.329s][info][gc,heap     ] GC(372)                Mark Start          Mark End        Relocate Start      Relocate End           High               Low         
[285.329s][info][gc,heap     ] GC(372)  Capacity:     2048M (100%)       2048M (100%)       2048M (100%)       2048M (100%)       2048M (100%)       2048M (100%)   
[285.329s][info][gc,heap     ] GC(372)      Free:      808M (39%)         770M (38%)        1754M (86%)        1820M (89%)        1828M (89%)         606M (30%)    
[285.329s][info][gc,heap     ] GC(372)      Used:     1240M (61%)        1278M (62%)         294M (14%)         228M (11%)        1442M (70%)         220M (11%)    
[285.329s][info][gc,heap     ] GC(372)      Live:         -                 7M (0%)            7M (0%)            7M (0%)             -                  -          
[285.329s][info][gc,heap     ] GC(372) Allocated:         -                38M (2%)          208M (10%)         217M (11%)            -                  -          
[285.329s][info][gc,heap     ] GC(372)   Garbage:         -              1232M (60%)          78M (4%)            2M (0%)             -                  -          
[285.330s][info][gc,heap     ] GC(372) Reclaimed:         -                  -              1154M (56%)        1229M (60%)            -                  -          
[285.330s][info][gc          ] GC(372) Garbage Collection (Allocation Rate) 1240M(61%)->228M(11%)
[285.925s][info][gc,start    ] GC(373) Garbage Collection (Allocation Rate)
[285.925s][info][gc,task     ] GC(373) Using 1 workers
[285.925s][info][gc,phases   ] GC(373) Pause Mark Start 0.010ms
[285.940s][info][gc,phases   ] GC(373) Concurrent Mark 15.475ms
[285.941s][info][gc,phases   ] GC(373) Pause Mark End 0.014ms
[285.941s][info][gc,phases   ] GC(373) Concurrent Mark Free 0.001ms
[286.024s][info][gc,phases   ] GC(373) Concurrent Process Non-Strong References 82.829ms
[286.024s][info][gc,phases   ] GC(373) Concurrent Reset Relocation Set 0.007ms
[286.029s][info][gc,phases   ] GC(373) Concurrent Select Relocation Set 4.963ms
[286.029s][info][gc,phases   ] GC(373) Pause Relocate Start 0.010ms
[286.029s][info][gc,phases   ] GC(373) Concurrent Relocate 0.488ms
[286.029s][info][gc,load     ] GC(373) Load: 0.00/0.00/0.00
[286.029s][info][gc,mmu      ] GC(373) MMU: 2ms/94.9%, 5ms/98.0%, 10ms/99.0%, 20ms/99.4%, 50ms/99.8%, 100ms/99.9%
[286.030s][info][gc,marking  ] GC(373) Mark: 1 stripe(s), 2 proactive flush(es), 1 terminate flush(es), 0 completion(s), 0 continuation(s) 
[286.030s][info][gc,marking  ] GC(373) Mark Stack Usage: 32M
[286.030s][info][gc,nmethod  ] GC(373) NMethods: 664 registered, 66 unregistered
[286.030s][info][gc,metaspace] GC(373) Metaspace: 13M used, 14M committed, 1088M reserved
[286.030s][info][gc,ref      ] GC(373) Soft: 134 encountered, 0 discovered, 0 enqueued
[286.030s][info][gc,ref      ] GC(373) Weak: 717 encountered, 453 discovered, 0 enqueued
[286.030s][info][gc,ref      ] GC(373) Final: 0 encountered, 0 discovered, 0 enqueued
[286.030s][info][gc,ref      ] GC(373) Phantom: 59 encountered, 41 discovered, 0 enqueued
[286.030s][info][gc,reloc    ] GC(373) Small Pages: 724 / 1448M, Empty: 1352M, Relocated: 1M, In-Place: 0
[286.030s][info][gc,reloc    ] GC(373) Medium Pages: 0 / 0M, Empty: 0M, Relocated: 0M, In-Place: 0
[286.030s][info][gc,reloc    ] GC(373) Large Pages: 0 / 0M, Empty: 0M, Relocated: 0M, In-Place: 0
[286.030s][info][gc,reloc    ] GC(373) Forwarding Usage: 0M
[286.030s][info][gc,heap     ] GC(373) Min Capacity: 8M(0%)
[286.030s][info][gc,heap     ] GC(373) Max Capacity: 2048M(100%)
[286.030s][info][gc,heap     ] GC(373) Soft Max Capacity: 2048M(100%)
[286.030s][info][gc,heap     ] GC(373)                Mark Start          Mark End        Relocate Start      Relocate End           High               Low         
[286.030s][info][gc,heap     ] GC(373)  Capacity:     2048M (100%)       2048M (100%)       2048M (100%)       2048M (100%)       2048M (100%)       2048M (100%)   
[286.030s][info][gc,heap     ] GC(373)      Free:      600M (29%)         560M (27%)        1732M (85%)        1814M (89%)        1814M (89%)         390M (19%)    
[286.030s][info][gc,heap     ] GC(373)      Used:     1448M (71%)        1488M (73%)         316M (15%)         234M (11%)        1658M (81%)         234M (11%)    
[286.030s][info][gc,heap     ] GC(373)      Live:         -                 7M (0%)            7M (0%)            7M (0%)             -                  -          
[286.030s][info][gc,heap     ] GC(373) Allocated:         -                40M (2%)          220M (11%)         222M (11%)            -                  -          
[286.030s][info][gc,heap     ] GC(373)   Garbage:         -              1440M (70%)          88M (4%)            4M (0%)             -                  -          
[286.030s][info][gc,heap     ] GC(373) Reclaimed:         -                  -              1352M (66%)        1436M (70%)            -                  -          
[286.030s][info][gc          ] GC(373) Garbage Collection (Allocation Rate) 1448M(71%)->234M(11%)
[286.625s][info][gc,start    ] GC(374) Garbage Collection (Allocation Rate)
[286.625s][info][gc,task     ] GC(374) Using 1 workers
[286.626s][info][gc,phases   ] GC(374) Pause Mark Start 0.013ms
[286.640s][info][gc,phases   ] GC(374) Concurrent Mark 14.252ms
[286.640s][info][gc,phases   ] GC(374) Pause Mark End 0.015ms
[286.640s][info][gc,phases   ] GC(374) Concurrent Mark Free 0.001ms
[286.728s][info][gc,phases   ] GC(374) Concurrent Process Non-Strong References 88.070ms
[286.728s][info][gc,phases   ] GC(374) Concurrent Reset Relocation Set 0.005ms
[286.733s][info][gc,phases   ] GC(374) Concurrent Select Relocation Set 4.665ms
[286.733s][info][gc,phases   ] GC(374) Pause Relocate Start 0.009ms
[286.736s][info][gc,phases   ] GC(374) Concurrent Relocate 2.790ms
[286.736s][info][gc,load     ] GC(374) Load: 0.00/0.00/0.00
[286.736s][info][gc,mmu      ] GC(374) MMU: 2ms/94.9%, 5ms/98.0%, 10ms/99.0%, 20ms/99.4%, 50ms/99.8%, 100ms/99.9%
[286.736s][info][gc,marking  ] GC(374) Mark: 1 stripe(s), 2 proactive flush(es), 1 terminate flush(es), 0 completion(s), 0 continuation(s) 
[286.736s][info][gc,marking  ] GC(374) Mark Stack Usage: 32M
[286.736s][info][gc,nmethod  ] GC(374) NMethods: 664 registered, 66 unregistered
[286.736s][info][gc,metaspace] GC(374) Metaspace: 13M used, 14M committed, 1088M reserved
[286.736s][info][gc,ref      ] GC(374) Soft: 134 encountered, 0 discovered, 0 enqueued
[286.736s][info][gc,ref      ] GC(374) Weak: 717 encountered, 453 discovered, 0 enqueued
[286.736s][info][gc,ref      ] GC(374) Final: 0 encountered, 0 discovered, 0 enqueued
[286.736s][info][gc,ref      ] GC(374) Phantom: 59 encountered, 41 discovered, 0 enqueued
[286.736s][info][gc,reloc    ] GC(374) Small Pages: 715 / 1430M, Empty: 1328M, Relocated: 3M, In-Place: 0
[286.736s][info][gc,reloc    ] GC(374) Medium Pages: 0 / 0M, Empty: 0M, Relocated: 0M, In-Place: 0
[286.736s][info][gc,reloc    ] GC(374) Large Pages: 0 / 0M, Empty: 0M, Relocated: 0M, In-Place: 0
[286.736s][info][gc,reloc    ] GC(374) Forwarding Usage: 0M
[286.736s][info][gc,heap     ] GC(374) Min Capacity: 8M(0%)
[286.736s][info][gc,heap     ] GC(374) Max Capacity: 2048M(100%)
[286.736s][info][gc,heap     ] GC(374) Soft Max Capacity: 2048M(100%)
[286.736s][info][gc,heap     ] GC(374)                Mark Start          Mark End        Relocate Start      Relocate End           High               Low         
[286.736s][info][gc,heap     ] GC(374)  Capacity:     2048M (100%)       2048M (100%)       2048M (100%)       2048M (100%)       2048M (100%)       2048M (100%)   
[286.736s][info][gc,heap     ] GC(374)      Free:      618M (30%)         582M (28%)        1722M (84%)        1810M (88%)        1812M (88%)         404M (20%)    
[286.737s][info][gc,heap     ] GC(374)      Used:     1430M (70%)        1466M (72%)         326M (16%)         238M (12%)        1644M (80%)         236M (12%)    
[286.737s][info][gc,heap     ] GC(374)      Live:         -                 7M (0%)            7M (0%)            7M (0%)             -                  -          
[286.737s][info][gc,heap     ] GC(374) Allocated:         -                36M (2%)          224M (11%)         228M (11%)            -                  -          
[286.737s][info][gc,heap     ] GC(374)   Garbage:         -              1422M (69%)          94M (5%)            2M (0%)             -                  -          
[286.737s][info][gc,heap     ] GC(374) Reclaimed:         -                  -              1328M (65%)        1420M (69%)            -                  -          
[286.737s][info][gc          ] GC(374) Garbage Collection (Allocation Rate) 1430M(70%)->238M(12%)
[287.425s][info][gc,start    ] GC(375) Garbage Collection (Allocation Rate)
[287.425s][info][gc,task     ] GC(375) Using 1 workers
[287.425s][info][gc,phases   ] GC(375) Pause Mark Start 0.012ms
[287.440s][info][gc,phases   ] GC(375) Concurrent Mark 14.892ms
[287.440s][info][gc,phases   ] GC(375) Pause Mark End 0.015ms
[287.440s][info][gc,phases   ] GC(375) Concurrent Mark Free 0.000ms
[287.519s][info][gc,phases   ] GC(375) Concurrent Process Non-Strong References 78.175ms
[287.519s][info][gc,phases   ] GC(375) Concurrent Reset Relocation Set 0.008ms
[287.523s][info][gc,phases   ] GC(375) Concurrent Select Relocation Set 4.528ms
[287.523s][info][gc,phases   ] GC(375) Pause Relocate Start 0.008ms
[287.524s][info][gc,phases   ] GC(375) Concurrent Relocate 0.451ms
[287.524s][info][gc,load     ] GC(375) Load: 0.00/0.00/0.00
[287.524s][info][gc,mmu      ] GC(375) MMU: 2ms/94.9%, 5ms/98.0%, 10ms/99.0%, 20ms/99.4%, 50ms/99.8%, 100ms/99.9%
[287.524s][info][gc,marking  ] GC(375) Mark: 1 stripe(s), 2 proactive flush(es), 1 terminate flush(es), 0 completion(s), 0 continuation(s) 
[287.524s][info][gc,marking  ] GC(375) Mark Stack Usage: 32M
[287.524s][info][gc,nmethod  ] GC(375) NMethods: 664 registered, 66 unregistered
[287.524s][info][gc,metaspace] GC(375) Metaspace: 13M used, 14M committed, 1088M reserved
[287.524s][info][gc,ref      ] GC(375) Soft: 134 encountered, 0 discovered, 0 enqueued
[287.524s][info][gc,ref      ] GC(375) Weak: 717 encountered, 453 discovered, 0 enqueued
[287.524s][info][gc,ref      ] GC(375) Final: 0 encountered, 0 discovered, 0 enqueued
[287.524s][info][gc,ref      ] GC(375) Phantom: 59 encountered, 41 discovered, 0 enqueued
[287.524s][info][gc,reloc    ] GC(375) Small Pages: 775 / 1550M, Empty: 1442M, Relocated: 1M, In-Place: 0
[287.524s][info][gc,reloc    ] GC(375) Medium Pages: 0 / 0M, Empty: 0M, Relocated: 0M, In-Place: 0
[287.524s][info][gc,reloc    ] GC(375) Large Pages: 0 / 0M, Empty: 0M, Relocated: 0M, In-Place: 0
[287.524s][info][gc,reloc    ] GC(375) Forwarding Usage: 0M
[287.524s][info][gc,heap     ] GC(375) Min Capacity: 8M(0%)
[287.524s][info][gc,heap     ] GC(375) Max Capacity: 2048M(100%)
[287.524s][info][gc,heap     ] GC(375) Soft Max Capacity: 2048M(100%)
[287.524s][info][gc,heap     ] GC(375)                Mark Start          Mark End        Relocate Start      Relocate End           High               Low         
[287.524s][info][gc,heap     ] GC(375)  Capacity:     2048M (100%)       2048M (100%)       2048M (100%)       2048M (100%)       2048M (100%)       2048M (100%)   
[287.524s][info][gc,heap     ] GC(375)      Free:      498M (24%)         462M (23%)        1744M (85%)        1838M (90%)        1838M (90%)         310M (15%)    
[287.524s][info][gc,heap     ] GC(375)      Used:     1550M (76%)        1586M (77%)         304M (15%)         210M (10%)        1738M (85%)         210M (10%)    
[287.524s][info][gc,heap     ] GC(375)      Live:         -                 7M (0%)            7M (0%)            7M (0%)             -                  -          
[287.524s][info][gc,heap     ] GC(375) Allocated:         -                36M (2%)          196M (10%)         198M (10%)            -                  -          
[287.524s][info][gc,heap     ] GC(375)   Garbage:         -              1542M (75%)         100M (5%)            3M (0%)             -                  -          
[287.524s][info][gc,heap     ] GC(375) Reclaimed:         -                  -              1442M (70%)        1538M (75%)            -                  -          
[287.524s][info][gc          ] GC(375) Garbage Collection (Allocation Rate) 1550M(76%)->210M(10%)
[288.226s][info][gc,start    ] GC(376) Garbage Collection (Allocation Rate)
[288.226s][info][gc,task     ] GC(376) Using 1 workers
[288.226s][info][gc,phases   ] GC(376) Pause Mark Start 0.012ms
[288.239s][info][gc,phases   ] GC(376) Concurrent Mark 13.157ms
[288.240s][info][gc,phases   ] GC(376) Pause Mark End 0.016ms
[288.240s][info][gc,phases   ] GC(376) Concurrent Mark Free 0.001ms
[288.321s][info][gc,phases   ] GC(376) Concurrent Process Non-Strong References 81.578ms
[288.321s][info][gc,phases   ] GC(376) Concurrent Reset Relocation Set 0.004ms
[288.326s][info][gc,phases   ] GC(376) Concurrent Select Relocation Set 4.907ms
[288.326s][info][gc,phases   ] GC(376) Pause Relocate Start 0.008ms
[288.330s][info][gc,phases   ] GC(376) Concurrent Relocate 3.807ms
[288.330s][info][gc,load     ] GC(376) Load: 0.00/0.00/0.00
[288.330s][info][gc,mmu      ] GC(376) MMU: 2ms/94.9%, 5ms/98.0%, 10ms/99.0%, 20ms/99.4%, 50ms/99.8%, 100ms/99.9%
[288.330s][info][gc,marking  ] GC(376) Mark: 1 stripe(s), 2 proactive flush(es), 1 terminate flush(es), 0 completion(s), 0 continuation(s) 
[288.330s][info][gc,marking  ] GC(376) Mark Stack Usage: 32M
[288.330s][info][gc,nmethod  ] GC(376) NMethods: 664 registered, 66 unregistered
[288.330s][info][gc,metaspace] GC(376) Metaspace: 13M used, 14M committed, 1088M reserved
[288.330s][info][gc,ref      ] GC(376) Soft: 134 encountered, 0 discovered, 0 enqueued
[288.330s][info][gc,ref      ] GC(376) Weak: 717 encountered, 453 discovered, 0 enqueued
[288.330s][info][gc,ref      ] GC(376) Final: 0 encountered, 0 discovered, 0 enqueued
[288.331s][info][gc,ref      ] GC(376) Phantom: 59 encountered, 41 discovered, 0 enqueued
[288.331s][info][gc,reloc    ] GC(376) Small Pages: 809 / 1618M, Empty: 1504M, Relocated: 3M, In-Place: 0
[288.331s][info][gc,reloc    ] GC(376) Medium Pages: 0 / 0M, Empty: 0M, Relocated: 0M, In-Place: 0
[288.331s][info][gc,reloc    ] GC(376) Large Pages: 0 / 0M, Empty: 0M, Relocated: 0M, In-Place: 0
[288.331s][info][gc,reloc    ] GC(376) Forwarding Usage: 0M
[288.331s][info][gc,heap     ] GC(376) Min Capacity: 8M(0%)
[288.331s][info][gc,heap     ] GC(376) Max Capacity: 2048M(100%)
[288.331s][info][gc,heap     ] GC(376) Soft Max Capacity: 2048M(100%)
[288.331s][info][gc,heap     ] GC(376)                Mark Start          Mark End        Relocate Start      Relocate End           High               Low         
[288.331s][info][gc,heap     ] GC(376)  Capacity:     2048M (100%)       2048M (100%)       2048M (100%)       2048M (100%)       2048M (100%)       2048M (100%)   
[288.331s][info][gc,heap     ] GC(376)      Free:      430M (21%)         394M (19%)        1732M (85%)        1830M (89%)        1834M (90%)         234M (11%)    
[288.331s][info][gc,heap     ] GC(376)      Used:     1618M (79%)        1654M (81%)         316M (15%)         218M (11%)        1814M (89%)         214M (10%)    
[288.331s][info][gc,heap     ] GC(376)      Live:         -                 8M (0%)            8M (0%)            8M (0%)             -                  -          
[288.331s][info][gc,heap     ] GC(376) Allocated:         -                36M (2%)          202M (10%)         208M (10%)            -                  -          
[288.331s][info][gc,heap     ] GC(376)   Garbage:         -              1609M (79%)         105M (5%)            1M (0%)             -                  -          
[288.331s][info][gc,heap     ] GC(376) Reclaimed:         -                  -              1504M (73%)        1608M (79%)            -                  -          
[288.331s][info][gc          ] GC(376) Garbage Collection (Allocation Rate) 1618M(79%)->218M(11%)
[289.025s][info][gc,start    ] GC(377) Garbage Collection (Allocation Rate)
[289.025s][info][gc,task     ] GC(377) Using 1 workers
[289.025s][info][gc,phases   ] GC(377) Pause Mark Start 0.011ms
[289.040s][info][gc,phases   ] GC(377) Concurrent Mark 15.166ms
[289.040s][info][gc,phases   ] GC(377) Pause Mark End 0.017ms
[289.040s][info][gc,phases   ] GC(377) Concurrent Mark Free 0.001ms
[289.125s][info][gc,phases   ] GC(377) Concurrent Process Non-Strong References 84.540ms
[289.125s][info][gc,phases   ] GC(377) Concurrent Reset Relocation Set 0.004ms
[289.129s][info][gc,phases   ] GC(377) Concurrent Select Relocation Set 3.433ms
[289.129s][info][gc,phases   ] GC(377) Pause Relocate Start 0.008ms
[289.129s][info][gc,phases   ] GC(377) Concurrent Relocate 0.458ms
[289.129s][info][gc,load     ] GC(377) Load: 0.00/0.00/0.00
[289.129s][info][gc,mmu      ] GC(377) MMU: 2ms/94.9%, 5ms/98.0%, 10ms/99.0%, 20ms/99.4%, 50ms/99.8%, 100ms/99.9%
[289.129s][info][gc,marking  ] GC(377) Mark: 1 stripe(s), 2 proactive flush(es), 1 terminate flush(es), 0 completion(s), 0 continuation(s) 
[289.129s][info][gc,marking  ] GC(377) Mark Stack Usage: 32M
[289.129s][info][gc,nmethod  ] GC(377) NMethods: 664 registered, 66 unregistered
[289.129s][info][gc,metaspace] GC(377) Metaspace: 13M used, 14M committed, 1088M reserved
[289.129s][info][gc,ref      ] GC(377) Soft: 134 encountered, 0 discovered, 0 enqueued
[289.129s][info][gc,ref      ] GC(377) Weak: 717 encountered, 453 discovered, 0 enqueued
[289.129s][info][gc,ref      ] GC(377) Final: 0 encountered, 0 discovered, 0 enqueued
[289.129s][info][gc,ref      ] GC(377) Phantom: 59 encountered, 41 discovered, 0 enqueued
[289.129s][info][gc,reloc    ] GC(377) Small Pages: 762 / 1524M, Empty: 1418M, Relocated: 1M, In-Place: 0
[289.130s][info][gc,reloc    ] GC(377) Medium Pages: 0 / 0M, Empty: 0M, Relocated: 0M, In-Place: 0
[289.130s][info][gc,reloc    ] GC(377) Large Pages: 0 / 0M, Empty: 0M, Relocated: 0M, In-Place: 0
[289.130s][info][gc,reloc    ] GC(377) Forwarding Usage: 0M
[289.130s][info][gc,heap     ] GC(377) Min Capacity: 8M(0%)
[289.130s][info][gc,heap     ] GC(377) Max Capacity: 2048M(100%)
[289.130s][info][gc,heap     ] GC(377) Soft Max Capacity: 2048M(100%)
[289.130s][info][gc,heap     ] GC(377)                Mark Start          Mark End        Relocate Start      Relocate End           High               Low         
[289.130s][info][gc,heap     ] GC(377)  Capacity:     2048M (100%)       2048M (100%)       2048M (100%)       2048M (100%)       2048M (100%)       2048M (100%)   
[289.130s][info][gc,heap     ] GC(377)      Free:      524M (26%)         490M (24%)        1742M (85%)        1836M (90%)        1836M (90%)         330M (16%)    
[289.130s][info][gc,heap     ] GC(377)      Used:     1524M (74%)        1558M (76%)         306M (15%)         212M (10%)        1718M (84%)         212M (10%)    
[289.130s][info][gc,heap     ] GC(377)      Live:         -                 8M (0%)            8M (0%)            8M (0%)             -                  -          
[289.130s][info][gc,heap     ] GC(377) Allocated:         -                34M (2%)          200M (10%)         200M (10%)            -                  -          
[289.130s][info][gc,heap     ] GC(377)   Garbage:         -              1515M (74%)          97M (5%)            3M (0%)             -                  -          
[289.130s][info][gc,heap     ] GC(377) Reclaimed:         -                  -              1418M (69%)        1512M (74%)            -                  -          
[289.130s][info][gc          ] GC(377) Garbage Collection (Allocation Rate) 1524M(74%)->212M(10%)
[289.925s][info][gc,start    ] GC(378) Garbage Collection (Allocation Rate)
[289.925s][info][gc,task     ] GC(378) Using 1 workers
[289.925s][info][gc,phases   ] GC(378) Pause Mark Start 0.010ms
[289.938s][info][gc,phases   ] GC(378) Concurrent Mark 12.630ms
[289.938s][info][gc,phases   ] GC(378) Pause Mark End 0.015ms
[289.938s][info][gc,phases   ] GC(378) Concurrent Mark Free 0.001ms
[290.023s][info][gc,phases   ] GC(378) Concurrent Process Non-Strong References 84.491ms
[290.023s][info][gc,phases   ] GC(378) Concurrent Reset Relocation Set 0.007ms
[290.026s][info][gc,phases   ] GC(378) Concurrent Select Relocation Set 3.705ms
[290.027s][info][gc,phases   ] GC(378) Pause Relocate Start 0.015ms
[290.029s][info][gc,phases   ] GC(378) Concurrent Relocate 2.502ms
[290.029s][info][gc,load     ] GC(378) Load: 0.00/0.00/0.00
[290.029s][info][gc,mmu      ] GC(378) MMU: 2ms/94.9%, 5ms/98.0%, 10ms/99.0%, 20ms/99.4%, 50ms/99.8%, 100ms/99.9%
[290.029s][info][gc,marking  ] GC(378) Mark: 1 stripe(s), 2 proactive flush(es), 1 terminate flush(es), 0 completion(s), 0 continuation(s) 
[290.029s][info][gc,marking  ] GC(378) Mark Stack Usage: 32M
[290.029s][info][gc,nmethod  ] GC(378) NMethods: 664 registered, 66 unregistered
[290.029s][info][gc,metaspace] GC(378) Metaspace: 13M used, 14M committed, 1088M reserved
[290.029s][info][gc,ref      ] GC(378) Soft: 134 encountered, 0 discovered, 0 enqueued
[290.029s][info][gc,ref      ] GC(378) Weak: 717 encountered, 453 discovered, 0 enqueued
[290.029s][info][gc,ref      ] GC(378) Final: 0 encountered, 0 discovered, 0 enqueued
[290.029s][info][gc,ref      ] GC(378) Phantom: 59 encountered, 41 discovered, 0 enqueued
[290.029s][info][gc,reloc    ] GC(378) Small Pages: 839 / 1678M, Empty: 1554M, Relocated: 3M, In-Place: 0
[290.029s][info][gc,reloc    ] GC(378) Medium Pages: 0 / 0M, Empty: 0M, Relocated: 0M, In-Place: 0
[290.029s][info][gc,reloc    ] GC(378) Large Pages: 0 / 0M, Empty: 0M, Relocated: 0M, In-Place: 0
[290.029s][info][gc,reloc    ] GC(378) Forwarding Usage: 0M
[290.029s][info][gc,heap     ] GC(378) Min Capacity: 8M(0%)
[290.029s][info][gc,heap     ] GC(378) Max Capacity: 2048M(100%)
[290.029s][info][gc,heap     ] GC(378) Soft Max Capacity: 2048M(100%)
[290.029s][info][gc,heap     ] GC(378)                Mark Start          Mark End        Relocate Start      Relocate End           High               Low         
[290.029s][info][gc,heap     ] GC(378)  Capacity:     2048M (100%)       2048M (100%)       2048M (100%)       2048M (100%)       2048M (100%)       2048M (100%)   
[290.030s][info][gc,heap     ] GC(378)      Free:      370M (18%)         342M (17%)        1738M (85%)        1848M (90%)        1848M (90%)         190M (9%)     
[290.030s][info][gc,heap     ] GC(378)      Used:     1678M (82%)        1706M (83%)         310M (15%)         200M (10%)        1858M (91%)         200M (10%)    
[290.030s][info][gc,heap     ] GC(378)      Live:         -                 8M (0%)            8M (0%)            8M (0%)             -                  -          
[290.030s][info][gc,heap     ] GC(378) Allocated:         -                28M (1%)          186M (9%)          190M (9%)             -                  -          
[290.030s][info][gc,heap     ] GC(378)   Garbage:         -              1669M (82%)         115M (6%)            1M (0%)             -                  -          
[290.030s][info][gc,heap     ] GC(378) Reclaimed:         -                  -              1554M (76%)        1668M (81%)            -                  -          
[290.030s][info][gc          ] GC(378) Garbage Collection (Allocation Rate) 1678M(82%)->200M(10%)
[290.126s][info][gc,stats    ] === Garbage Collection Statistics =======================================================================================================================
[290.126s][info][gc,stats    ]                                                              Last 10s              Last 10m              Last 10h                Total
[290.126s][info][gc,stats    ]                                                              Avg / Max             Avg / Max             Avg / Max             Avg / Max
[290.126s][info][gc,stats    ]   Collector: Garbage Collection Cycle                     93.892 / 114.580      81.338 / 289.195      81.338 / 289.195      81.338 / 289.195     ms
[290.126s][info][gc,stats    ]  Contention: Mark Segment Reset Contention                     0 / 0                 0 / 11                0 / 11                0 / 11          ops/s
[290.126s][info][gc,stats    ]  Contention: Mark SeqNum Reset Contention                      0 / 1                 0 / 2                 0 / 2                 0 / 2           ops/s
[290.126s][info][gc,stats    ]    Critical: Allocation Stall                                  0 / 0                 0 / 45                0 / 45                0 / 45          ops/s
[290.126s][info][gc,stats    ]    Critical: Allocation Stall                              0.000 / 0.000        25.241 / 55.638       25.241 / 55.638       25.241 / 55.638      ms
[290.126s][info][gc,stats    ]    Critical: GC Locker Stall                                   0 / 0                 0 / 0                 0 / 0                 0 / 0           ops/s
[290.126s][info][gc,stats    ]    Critical: GC Locker Stall                               0.000 / 0.000         0.000 / 0.000         0.000 / 0.000         0.000 / 0.000       ms
[290.126s][info][gc,stats    ]    Critical: Relocation Stall                                  0 / 0                 0 / 0                 0 / 0                 0 / 0           ops/s
[290.126s][info][gc,stats    ]    Critical: Relocation Stall                              0.000 / 0.000         0.000 / 0.000         0.000 / 0.000         0.000 / 0.000       ms
[290.126s][info][gc,stats    ]      Memory: Allocation Rate                                2062 / 2288           1867 / 2316           1867 / 2316           1867 / 2316        MB/s
[290.126s][info][gc,stats    ]      Memory: Defragment                                        0 / 0                 0 / 0                 0 / 0                 0 / 0           ops/s
[290.126s][info][gc,stats    ]      Memory: Out Of Memory                                     0 / 0                 0 / 0                 0 / 0                 0 / 0           ops/s
[290.126s][info][gc,stats    ]      Memory: Page Cache Flush                                  0 / 0                 0 / 0                 0 / 0                 0 / 0           MB/s
[290.126s][info][gc,stats    ]      Memory: Page Cache Hit L1                              1033 / 1146            933 / 1159            933 / 1159            933 / 1159        ops/s
[290.126s][info][gc,stats    ]      Memory: Page Cache Hit L2                                 0 / 0                 0 / 0                 0 / 0                 0 / 0           ops/s
[290.126s][info][gc,stats    ]      Memory: Page Cache Hit L3                                 0 / 0                 3 / 449               3 / 449               3 / 449         ops/s
[290.126s][info][gc,stats    ]      Memory: Page Cache Miss                                   0 / 0                 0 / 1                 0 / 1                 0 / 1           ops/s
[290.126s][info][gc,stats    ]      Memory: Uncommit                                          0 / 0                 0 / 0                 0 / 0                 0 / 0           MB/s
[290.126s][info][gc,stats    ]      Memory: Undo Object Allocation Failed                    51 / 98               24 / 169              24 / 169              24 / 169         ops/s
[290.126s][info][gc,stats    ]      Memory: Undo Object Allocation Succeeded                  4 / 12                1 / 21                1 / 21                1 / 21          ops/s
[290.126s][info][gc,stats    ]      Memory: Undo Page Allocation                             76 / 115              66 / 221              66 / 221              66 / 221         ops/s
[290.126s][info][gc,stats    ]       Phase: Concurrent Mark                              13.673 / 16.209       15.459 / 212.397      15.459 / 212.397      15.459 / 212.397     ms
[290.126s][info][gc,stats    ]       Phase: Concurrent Mark Continue                      0.000 / 0.000         0.000 / 0.000         0.000 / 0.000         0.000 / 0.000       ms
[290.126s][info][gc,stats    ]       Phase: Concurrent Mark Free                          0.001 / 0.002         0.001 / 0.002         0.001 / 0.002         0.001 / 0.002       ms
[290.126s][info][gc,stats    ]       Phase: Concurrent Process Non-Strong References     71.334 / 95.032       53.854 / 259.891      53.854 / 259.891      53.854 / 259.891     ms
[290.126s][info][gc,stats    ]       Phase: Concurrent Relocate                           1.736 / 4.167         1.441 / 5.770         1.441 / 5.770         1.441 / 5.770       ms
[290.126s][info][gc,stats    ]       Phase: Concurrent Reset Relocation Set               0.006 / 0.008         0.006 / 0.011         0.006 / 0.011         0.006 / 0.011       ms
[290.126s][info][gc,stats    ]       Phase: Concurrent Select Relocation Set              4.255 / 4.963         4.360 / 14.014        4.360 / 14.014        4.360 / 14.014      ms
[290.126s][info][gc,stats    ]       Phase: Pause Mark End                                0.017 / 0.039         0.017 / 0.102         0.017 / 0.102         0.017 / 0.102       ms
[290.126s][info][gc,stats    ]       Phase: Pause Mark Start                              0.011 / 0.013         0.012 / 0.049         0.012 / 0.049         0.012 / 0.049       ms
[290.126s][info][gc,stats    ]       Phase: Pause Relocate Start                          0.008 / 0.015         0.008 / 0.020         0.008 / 0.020         0.008 / 0.020       ms
[290.127s][info][gc,stats    ]    Subphase: Concurrent Classes Purge                      0.016 / 0.134         0.037 / 5.454         0.037 / 5.454         0.037 / 5.454       ms
[290.127s][info][gc,stats    ]    Subphase: Concurrent Classes Unlink                     1.066 / 1.446         3.035 / 10.160        3.035 / 10.160        3.035 / 10.160      ms
[290.127s][info][gc,stats    ]    Subphase: Concurrent Mark                              12.120 / 15.238       10.087 / 211.109      10.087 / 211.109      10.087 / 211.109     ms
[290.127s][info][gc,stats    ]    Subphase: Concurrent Mark Try Flush                     0.093 / 0.216         0.597 / 193.285       0.597 / 193.285       0.597 / 193.285     ms
[290.127s][info][gc,stats    ]    Subphase: Concurrent Mark Try Terminate                 3.165 / 11.856        2.253 / 16.632        2.253 / 16.632        2.253 / 16.632      ms
[290.127s][info][gc,stats    ]    Subphase: Concurrent References Enqueue                 0.001 / 0.002         0.001 / 0.006         0.001 / 0.006         0.001 / 0.006       ms
[290.127s][info][gc,stats    ]    Subphase: Concurrent References Process                 0.085 / 0.161         0.104 / 0.206         0.104 / 0.206         0.104 / 0.206       ms
[290.127s][info][gc,stats    ]    Subphase: Concurrent Roots ClassLoaderDataGraph         0.119 / 0.365         0.112 / 1.252         0.112 / 1.252         0.112 / 1.252       ms
[290.127s][info][gc,stats    ]    Subphase: Concurrent Roots CodeCache                    0.000 / 0.000         0.000 / 0.000         0.000 / 0.000         0.000 / 0.000       ms
[290.127s][info][gc,stats    ]    Subphase: Concurrent Roots JavaThreads                  0.388 / 0.759         0.331 / 1.791         0.331 / 1.791         0.331 / 1.791       ms
[290.127s][info][gc,stats    ]    Subphase: Concurrent Roots OopStorageSet                0.042 / 0.076         0.045 / 0.778         0.045 / 0.778         0.045 / 0.778       ms
[290.127s][info][gc,stats    ]    Subphase: Concurrent Weak Roots OopStorageSet          46.102 / 93.481       22.693 / 100.559      22.693 / 100.559      22.693 / 100.559     ms
[290.127s][info][gc,stats    ]    Subphase: Pause Mark Try Complete                       0.002 / 0.002         0.002 / 0.006         0.002 / 0.006         0.002 / 0.006       ms
[290.127s][info][gc,stats    ]      System: Java Threads                                     59 / 65               55 / 73               55 / 73               55 / 73          threads
[290.127s][info][gc,stats    ] =========================================================================================================================================================
[290.825s][info][gc,start    ] GC(379) Garbage Collection (Allocation Rate)
[290.826s][info][gc,task     ] GC(379) Using 1 workers
[290.826s][info][gc,phases   ] GC(379) Pause Mark Start 0.012ms
[290.840s][info][gc,phases   ] GC(379) Concurrent Mark 14.497ms
[290.840s][info][gc,phases   ] GC(379) Pause Mark End 0.016ms
[290.841s][info][gc,phases   ] GC(379) Concurrent Mark Free 0.001ms
[290.931s][info][gc,phases   ] GC(379) Concurrent Process Non-Strong References 90.066ms
[290.931s][info][gc,phases   ] GC(379) Concurrent Reset Relocation Set 0.006ms
[290.935s][info][gc,phases   ] GC(379) Concurrent Select Relocation Set 4.384ms
[290.935s][info][gc,phases   ] GC(379) Pause Relocate Start 0.007ms
[290.936s][info][gc,phases   ] GC(379) Concurrent Relocate 0.289ms
[290.936s][info][gc,load     ] GC(379) Load: 0.00/0.00/0.00
[290.936s][info][gc,mmu      ] GC(379) MMU: 2ms/94.9%, 5ms/98.0%, 10ms/99.0%, 20ms/99.4%, 50ms/99.8%, 100ms/99.9%
[290.936s][info][gc,marking  ] GC(379) Mark: 1 stripe(s), 2 proactive flush(es), 1 terminate flush(es), 0 completion(s), 0 continuation(s) 
[290.936s][info][gc,marking  ] GC(379) Mark Stack Usage: 32M
[290.936s][info][gc,nmethod  ] GC(379) NMethods: 673 registered, 81 unregistered
[290.936s][info][gc,metaspace] GC(379) Metaspace: 13M used, 14M committed, 1088M reserved
[290.936s][info][gc,ref      ] GC(379) Soft: 134 encountered, 0 discovered, 0 enqueued
[290.936s][info][gc,ref      ] GC(379) Weak: 717 encountered, 453 discovered, 0 enqueued
[290.936s][info][gc,ref      ] GC(379) Final: 0 encountered, 0 discovered, 0 enqueued
[290.936s][info][gc,ref      ] GC(379) Phantom: 59 encountered, 41 discovered, 0 enqueued
[290.936s][info][gc,reloc    ] GC(379) Small Pages: 840 / 1680M, Empty: 1560M, Relocated: 0M, In-Place: 0
[290.936s][info][gc,reloc    ] GC(379) Medium Pages: 0 / 0M, Empty: 0M, Relocated: 0M, In-Place: 0
[290.936s][info][gc,reloc    ] GC(379) Large Pages: 0 / 0M, Empty: 0M, Relocated: 0M, In-Place: 0
[290.936s][info][gc,reloc    ] GC(379) Forwarding Usage: 0M
[290.936s][info][gc,heap     ] GC(379) Min Capacity: 8M(0%)
[290.936s][info][gc,heap     ] GC(379) Max Capacity: 2048M(100%)
[290.936s][info][gc,heap     ] GC(379) Soft Max Capacity: 2048M(100%)
[290.936s][info][gc,heap     ] GC(379)                Mark Start          Mark End        Relocate Start      Relocate End           High               Low         
[290.936s][info][gc,heap     ] GC(379)  Capacity:     2048M (100%)       2048M (100%)       2048M (100%)       2048M (100%)       2048M (100%)       2048M (100%)   
[290.936s][info][gc,heap     ] GC(379)      Free:      368M (18%)         336M (16%)        1730M (84%)        1838M (90%)        1838M (90%)         178M (9%)     
[290.936s][info][gc,heap     ] GC(379)      Used:     1680M (82%)        1712M (84%)         318M (16%)         210M (10%)        1870M (91%)         210M (10%)    
[290.936s][info][gc,heap     ] GC(379)      Live:         -                 8M (0%)            8M (0%)            8M (0%)             -                  -          
[290.936s][info][gc,heap     ] GC(379) Allocated:         -                32M (2%)          198M (10%)         197M (10%)            -                  -          
[290.936s][info][gc,heap     ] GC(379)   Garbage:         -              1671M (82%)         111M (5%)            3M (0%)             -                  -          
[290.936s][info][gc,heap     ] GC(379) Reclaimed:         -                  -              1560M (76%)        1667M (81%)            -                  -          
[290.936s][info][gc          ] GC(379) Garbage Collection (Allocation Rate) 1680M(82%)->210M(10%)
[291.725s][info][gc,start    ] GC(380) Garbage Collection (Allocation Rate)
[291.725s][info][gc,task     ] GC(380) Using 1 workers
[291.725s][info][gc,phases   ] GC(380) Pause Mark Start 0.011ms
[291.739s][info][gc,phases   ] GC(380) Concurrent Mark 13.855ms
[291.739s][info][gc,phases   ] GC(380) Pause Mark End 0.015ms
[291.739s][info][gc,phases   ] GC(380) Concurrent Mark Free 0.001ms
[291.829s][info][gc,phases   ] GC(380) Concurrent Process Non-Strong References 89.285ms
[291.829s][info][gc,phases   ] GC(380) Concurrent Reset Relocation Set 0.006ms
[291.833s][info][gc,phases   ] GC(380) Concurrent Select Relocation Set 4.450ms
[291.833s][info][gc,phases   ] GC(380) Pause Relocate Start 0.008ms
[291.834s][info][gc,phases   ] GC(380) Concurrent Relocate 0.324ms
[291.834s][info][gc,load     ] GC(380) Load: 0.00/0.00/0.00
[291.834s][info][gc,mmu      ] GC(380) MMU: 2ms/94.9%, 5ms/98.0%, 10ms/99.0%, 20ms/99.4%, 50ms/99.8%, 100ms/99.9%
[291.834s][info][gc,marking  ] GC(380) Mark: 1 stripe(s), 2 proactive flush(es), 1 terminate flush(es), 0 completion(s), 0 continuation(s) 
[291.834s][info][gc,marking  ] GC(380) Mark Stack Usage: 32M
[291.834s][info][gc,nmethod  ] GC(380) NMethods: 673 registered, 81 unregistered
[291.834s][info][gc,metaspace] GC(380) Metaspace: 13M used, 14M committed, 1088M reserved
[291.834s][info][gc,ref      ] GC(380) Soft: 134 encountered, 0 discovered, 0 enqueued
[291.834s][info][gc,ref      ] GC(380) Weak: 717 encountered, 453 discovered, 0 enqueued
[291.834s][info][gc,ref      ] GC(380) Final: 0 encountered, 0 discovered, 0 enqueued
[291.834s][info][gc,ref      ] GC(380) Phantom: 59 encountered, 41 discovered, 0 enqueued
[291.834s][info][gc,reloc    ] GC(380) Small Pages: 844 / 1688M, Empty: 1570M, Relocated: 0M, In-Place: 0
[291.834s][info][gc,reloc    ] GC(380) Medium Pages: 0 / 0M, Empty: 0M, Relocated: 0M, In-Place: 0
[291.834s][info][gc,reloc    ] GC(380) Large Pages: 0 / 0M, Empty: 0M, Relocated: 0M, In-Place: 0
[291.834s][info][gc,reloc    ] GC(380) Forwarding Usage: 0M
[291.834s][info][gc,heap     ] GC(380) Min Capacity: 8M(0%)
[291.834s][info][gc,heap     ] GC(380) Max Capacity: 2048M(100%)
[291.834s][info][gc,heap     ] GC(380) Soft Max Capacity: 2048M(100%)
[291.834s][info][gc,heap     ] GC(380)                Mark Start          Mark End        Relocate Start      Relocate End           High               Low         
[291.834s][info][gc,heap     ] GC(380)  Capacity:     2048M (100%)       2048M (100%)       2048M (100%)       2048M (100%)       2048M (100%)       2048M (100%)   
[291.834s][info][gc,heap     ] GC(380)      Free:      360M (18%)         326M (16%)        1718M (84%)        1824M (89%)        1824M (89%)         158M (8%)     
[291.834s][info][gc,heap     ] GC(380)      Used:     1688M (82%)        1722M (84%)         330M (16%)         224M (11%)        1890M (92%)         224M (11%)    
[291.834s][info][gc,heap     ] GC(380)      Live:         -                 8M (0%)            8M (0%)            8M (0%)             -                  -          
[291.834s][info][gc,heap     ] GC(380) Allocated:         -                34M (2%)          212M (10%)         211M (10%)            -                  -          
[291.834s][info][gc,heap     ] GC(380)   Garbage:         -              1679M (82%)         109M (5%)            3M (0%)             -                  -          
[291.834s][info][gc,heap     ] GC(380) Reclaimed:         -                  -              1570M (77%)        1675M (82%)            -                  -          
[291.834s][info][gc          ] GC(380) Garbage Collection (Allocation Rate) 1688M(82%)->224M(11%)
[292.625s][info][gc,start    ] GC(381) Garbage Collection (Allocation Rate)
[292.625s][info][gc,task     ] GC(381) Using 1 workers
[292.747s][info][gc,phases   ] GC(381) Pause Mark Start 0.016ms
[292.770s][info][gc,phases   ] GC(381) Concurrent Mark 22.995ms
[292.770s][info][gc,phases   ] GC(381) Pause Mark End 0.033ms
[292.770s][info][gc,phases   ] GC(381) Concurrent Mark Free 0.001ms
[292.867s][info][gc,phases   ] GC(381) Concurrent Process Non-Strong References 97.010ms
[292.868s][info][gc,phases   ] GC(381) Concurrent Reset Relocation Set 0.007ms
[292.872s][info][gc,phases   ] GC(381) Concurrent Select Relocation Set 4.519ms
[292.872s][info][gc,phases   ] GC(381) Pause Relocate Start 0.008ms
[292.873s][info][gc,phases   ] GC(381) Concurrent Relocate 0.480ms
[292.873s][info][gc,load     ] GC(381) Load: 0.00/0.00/0.00
[292.873s][info][gc,mmu      ] GC(381) MMU: 2ms/94.9%, 5ms/98.0%, 10ms/99.0%, 20ms/99.4%, 50ms/99.8%, 100ms/99.9%
[292.873s][info][gc,marking  ] GC(381) Mark: 1 stripe(s), 2 proactive flush(es), 1 terminate flush(es), 1 completion(s), 0 continuation(s) 
[292.873s][info][gc,marking  ] GC(381) Mark Stack Usage: 32M
[292.873s][info][gc,nmethod  ] GC(381) NMethods: 673 registered, 81 unregistered
[292.873s][info][gc,metaspace] GC(381) Metaspace: 13M used, 14M committed, 1088M reserved
[292.873s][info][gc,ref      ] GC(381) Soft: 134 encountered, 0 discovered, 0 enqueued
[292.873s][info][gc,ref      ] GC(381) Weak: 717 encountered, 453 discovered, 0 enqueued
[292.873s][info][gc,ref      ] GC(381) Final: 0 encountered, 0 discovered, 0 enqueued
[292.873s][info][gc,ref      ] GC(381) Phantom: 59 encountered, 41 discovered, 0 enqueued
[292.873s][info][gc,reloc    ] GC(381) Small Pages: 854 / 1708M, Empty: 1586M, Relocated: 0M, In-Place: 0
[292.873s][info][gc,reloc    ] GC(381) Medium Pages: 0 / 0M, Empty: 0M, Relocated: 0M, In-Place: 0
[292.873s][info][gc,reloc    ] GC(381) Large Pages: 0 / 0M, Empty: 0M, Relocated: 0M, In-Place: 0
[292.873s][info][gc,reloc    ] GC(381) Forwarding Usage: 0M
[292.873s][info][gc,heap     ] GC(381) Min Capacity: 8M(0%)
[292.873s][info][gc,heap     ] GC(381) Max Capacity: 2048M(100%)
[292.873s][info][gc,heap     ] GC(381) Soft Max Capacity: 2048M(100%)
[292.873s][info][gc,heap     ] GC(381)                Mark Start          Mark End        Relocate Start      Relocate End           High               Low         
[292.873s][info][gc,heap     ] GC(381)  Capacity:     2048M (100%)       2048M (100%)       2048M (100%)       2048M (100%)       2048M (100%)       2048M (100%)   
[292.873s][info][gc,heap     ] GC(381)      Free:      340M (17%)         298M (15%)        1698M (83%)        1808M (88%)        1808M (88%)         120M (6%)     
[292.873s][info][gc,heap     ] GC(381)      Used:     1708M (83%)        1750M (85%)         350M (17%)         240M (12%)        1928M (94%)         240M (12%)    
[292.873s][info][gc,heap     ] GC(381)      Live:         -                 8M (0%)            8M (0%)            8M (0%)             -                  -          
[292.873s][info][gc,heap     ] GC(381) Allocated:         -                42M (2%)          228M (11%)         227M (11%)            -                  -          
[292.873s][info][gc,heap     ] GC(381)   Garbage:         -              1699M (83%)         113M (6%)            3M (0%)             -                  -          
[292.873s][info][gc,heap     ] GC(381) Reclaimed:         -                  -              1586M (77%)        1695M (83%)            -                  -          
[292.873s][info][gc          ] GC(381) Garbage Collection (Allocation Rate) 1708M(83%)->240M(12%)
[293.225s][info][gc,start    ] GC(382) Garbage Collection (Allocation Rate)
[293.225s][info][gc,task     ] GC(382) Using 1 workers
[293.225s][info][gc,phases   ] GC(382) Pause Mark Start 0.011ms
[293.239s][info][gc,phases   ] GC(382) Concurrent Mark 14.104ms
[293.239s][info][gc,phases   ] GC(382) Pause Mark End 0.015ms
[293.239s][info][gc,phases   ] GC(382) Concurrent Mark Free 0.002ms
[293.323s][info][gc,phases   ] GC(382) Concurrent Process Non-Strong References 83.925ms
[293.324s][info][gc,phases   ] GC(382) Concurrent Reset Relocation Set 0.008ms
[293.327s][info][gc,phases   ] GC(382) Concurrent Select Relocation Set 3.154ms
[293.327s][info][gc,phases   ] GC(382) Pause Relocate Start 0.008ms
[293.327s][info][gc,phases   ] GC(382) Concurrent Relocate 0.440ms
[293.327s][info][gc,load     ] GC(382) Load: 0.00/0.00/0.00
[293.327s][info][gc,mmu      ] GC(382) MMU: 2ms/94.9%, 5ms/98.0%, 10ms/99.0%, 20ms/99.4%, 50ms/99.8%, 100ms/99.9%
[293.327s][info][gc,marking  ] GC(382) Mark: 1 stripe(s), 2 proactive flush(es), 1 terminate flush(es), 0 completion(s), 0 continuation(s) 
[293.327s][info][gc,marking  ] GC(382) Mark Stack Usage: 32M
[293.327s][info][gc,nmethod  ] GC(382) NMethods: 673 registered, 81 unregistered
[293.327s][info][gc,metaspace] GC(382) Metaspace: 13M used, 14M committed, 1088M reserved
[293.328s][info][gc,ref      ] GC(382) Soft: 134 encountered, 0 discovered, 0 enqueued
[293.328s][info][gc,ref      ] GC(382) Weak: 717 encountered, 453 discovered, 0 enqueued
[293.328s][info][gc,ref      ] GC(382) Final: 0 encountered, 0 discovered, 0 enqueued
[293.328s][info][gc,ref      ] GC(382) Phantom: 59 encountered, 41 discovered, 0 enqueued
[293.328s][info][gc,reloc    ] GC(382) Small Pages: 433 / 866M, Empty: 788M, Relocated: 0M, In-Place: 0
[293.328s][info][gc,reloc    ] GC(382) Medium Pages: 0 / 0M, Empty: 0M, Relocated: 0M, In-Place: 0
[293.328s][info][gc,reloc    ] GC(382) Large Pages: 0 / 0M, Empty: 0M, Relocated: 0M, In-Place: 0
[293.328s][info][gc,reloc    ] GC(382) Forwarding Usage: 0M
[293.328s][info][gc,heap     ] GC(382) Min Capacity: 8M(0%)
[293.328s][info][gc,heap     ] GC(382) Max Capacity: 2048M(100%)
[293.328s][info][gc,heap     ] GC(382) Soft Max Capacity: 2048M(100%)
[293.328s][info][gc,heap     ] GC(382)                Mark Start          Mark End        Relocate Start      Relocate End           High               Low         
[293.328s][info][gc,heap     ] GC(382)  Capacity:     2048M (100%)       2048M (100%)       2048M (100%)       2048M (100%)       2048M (100%)       2048M (100%)   
[293.328s][info][gc,heap     ] GC(382)      Free:     1182M (58%)        1148M (56%)        1772M (87%)        1838M (90%)        1838M (90%)         990M (48%)    
[293.328s][info][gc,heap     ] GC(382)      Used:      866M (42%)         900M (44%)         276M (13%)         210M (10%)        1058M (52%)         210M (10%)    
[293.328s][info][gc,heap     ] GC(382)      Live:         -                 8M (0%)            8M (0%)            8M (0%)             -                  -          
[293.328s][info][gc,heap     ] GC(382) Allocated:         -                34M (2%)          198M (10%)         198M (10%)            -                  -          
[293.328s][info][gc,heap     ] GC(382)   Garbage:         -               857M (42%)          69M (3%)            3M (0%)             -                  -          
[293.328s][info][gc,heap     ] GC(382) Reclaimed:         -                  -               788M (38%)         854M (42%)            -                  -          
[293.328s][info][gc          ] GC(382) Garbage Collection (Allocation Rate) 866M(42%)->210M(10%)
[293.826s][info][gc,start    ] GC(383) Garbage Collection (Allocation Rate)
[293.826s][info][gc,task     ] GC(383) Using 1 workers
[293.826s][info][gc,phases   ] GC(383) Pause Mark Start 0.010ms
[293.840s][info][gc,phases   ] GC(383) Concurrent Mark 14.027ms
[293.840s][info][gc,phases   ] GC(383) Pause Mark End 0.018ms
[293.840s][info][gc,phases   ] GC(383) Concurrent Mark Free 0.001ms
[293.924s][info][gc,phases   ] GC(383) Concurrent Process Non-Strong References 83.539ms
[293.924s][info][gc,phases   ] GC(383) Concurrent Reset Relocation Set 0.005ms
[293.927s][info][gc,phases   ] GC(383) Concurrent Select Relocation Set 3.177ms
[293.927s][info][gc,phases   ] GC(383) Pause Relocate Start 0.011ms
[293.928s][info][gc,phases   ] GC(383) Concurrent Relocate 0.539ms
[293.928s][info][gc,load     ] GC(383) Load: 0.00/0.00/0.00
[293.928s][info][gc,mmu      ] GC(383) MMU: 2ms/94.9%, 5ms/98.0%, 10ms/99.0%, 20ms/99.4%, 50ms/99.8%, 100ms/99.9%
[293.928s][info][gc,marking  ] GC(383) Mark: 1 stripe(s), 2 proactive flush(es), 1 terminate flush(es), 0 completion(s), 0 continuation(s) 
[293.928s][info][gc,marking  ] GC(383) Mark Stack Usage: 32M
[293.928s][info][gc,nmethod  ] GC(383) NMethods: 673 registered, 81 unregistered
[293.928s][info][gc,metaspace] GC(383) Metaspace: 13M used, 14M committed, 1088M reserved
[293.928s][info][gc,ref      ] GC(383) Soft: 134 encountered, 0 discovered, 0 enqueued
[293.928s][info][gc,ref      ] GC(383) Weak: 717 encountered, 453 discovered, 0 enqueued
[293.928s][info][gc,ref      ] GC(383) Final: 0 encountered, 0 discovered, 0 enqueued
[293.928s][info][gc,ref      ] GC(383) Phantom: 59 encountered, 41 discovered, 0 enqueued
[293.928s][info][gc,reloc    ] GC(383) Small Pages: 566 / 1132M, Empty: 1040M, Relocated: 0M, In-Place: 0
[293.928s][info][gc,reloc    ] GC(383) Medium Pages: 0 / 0M, Empty: 0M, Relocated: 0M, In-Place: 0
[293.928s][info][gc,reloc    ] GC(383) Large Pages: 0 / 0M, Empty: 0M, Relocated: 0M, In-Place: 0
[293.928s][info][gc,reloc    ] GC(383) Forwarding Usage: 0M
[293.928s][info][gc,heap     ] GC(383) Min Capacity: 8M(0%)
[293.928s][info][gc,heap     ] GC(383) Max Capacity: 2048M(100%)
[293.928s][info][gc,heap     ] GC(383) Soft Max Capacity: 2048M(100%)
[293.928s][info][gc,heap     ] GC(383)                Mark Start          Mark End        Relocate Start      Relocate End           High               Low         
[293.928s][info][gc,heap     ] GC(383)  Capacity:     2048M (100%)       2048M (100%)       2048M (100%)       2048M (100%)       2048M (100%)       2048M (100%)   
[293.928s][info][gc,heap     ] GC(383)      Free:      916M (45%)         880M (43%)        1758M (86%)        1836M (90%)        1836M (90%)         724M (35%)    
[293.928s][info][gc,heap     ] GC(383)      Used:     1132M (55%)        1168M (57%)         290M (14%)         212M (10%)        1324M (65%)         212M (10%)    
[293.928s][info][gc,heap     ] GC(383)      Live:         -                 8M (0%)            8M (0%)            8M (0%)             -                  -          
[293.928s][info][gc,heap     ] GC(383) Allocated:         -                36M (2%)          198M (10%)         199M (10%)            -                  -          
[293.928s][info][gc,heap     ] GC(383)   Garbage:         -              1123M (55%)          83M (4%)            3M (0%)             -                  -          
[293.928s][info][gc,heap     ] GC(383) Reclaimed:         -                  -              1040M (51%)        1119M (55%)            -                  -          
[293.928s][info][gc          ] GC(383) Garbage Collection (Allocation Rate) 1132M(55%)->212M(10%)
[294.425s][info][gc,start    ] GC(384) Garbage Collection (Allocation Rate)
[294.425s][info][gc,task     ] GC(384) Using 1 workers
[294.425s][info][gc,phases   ] GC(384) Pause Mark Start 0.013ms
[294.439s][info][gc,phases   ] GC(384) Concurrent Mark 13.862ms
[294.439s][info][gc,phases   ] GC(384) Pause Mark End 0.017ms
[294.439s][info][gc,phases   ] GC(384) Concurrent Mark Free 0.001ms
[294.520s][info][gc,phases   ] GC(384) Concurrent Process Non-Strong References 80.824ms
[294.520s][info][gc,phases   ] GC(384) Concurrent Reset Relocation Set 0.007ms
[294.525s][info][gc,phases   ] GC(384) Concurrent Select Relocation Set 4.261ms
[294.525s][info][gc,phases   ] GC(384) Pause Relocate Start 0.008ms
[294.525s][info][gc,phases   ] GC(384) Concurrent Relocate 0.522ms
[294.526s][info][gc,load     ] GC(384) Load: 0.00/0.00/0.00
[294.526s][info][gc,mmu      ] GC(384) MMU: 2ms/94.9%, 5ms/98.0%, 10ms/99.0%, 20ms/99.4%, 50ms/99.8%, 100ms/99.9%
[294.526s][info][gc,marking  ] GC(384) Mark: 1 stripe(s), 2 proactive flush(es), 1 terminate flush(es), 0 completion(s), 0 continuation(s) 
[294.526s][info][gc,marking  ] GC(384) Mark Stack Usage: 32M
[294.526s][info][gc,nmethod  ] GC(384) NMethods: 673 registered, 81 unregistered
[294.526s][info][gc,metaspace] GC(384) Metaspace: 13M used, 14M committed, 1088M reserved
[294.526s][info][gc,ref      ] GC(384) Soft: 134 encountered, 0 discovered, 0 enqueued
[294.526s][info][gc,ref      ] GC(384) Weak: 713 encountered, 453 discovered, 0 enqueued
[294.526s][info][gc,ref      ] GC(384) Final: 0 encountered, 0 discovered, 0 enqueued
[294.526s][info][gc,ref      ] GC(384) Phantom: 59 encountered, 41 discovered, 0 enqueued
[294.526s][info][gc,reloc    ] GC(384) Small Pages: 573 / 1146M, Empty: 1058M, Relocated: 0M, In-Place: 0
[294.526s][info][gc,reloc    ] GC(384) Medium Pages: 0 / 0M, Empty: 0M, Relocated: 0M, In-Place: 0
[294.526s][info][gc,reloc    ] GC(384) Large Pages: 0 / 0M, Empty: 0M, Relocated: 0M, In-Place: 0
[294.526s][info][gc,reloc    ] GC(384) Forwarding Usage: 0M
[294.526s][info][gc,heap     ] GC(384) Min Capacity: 8M(0%)
[294.526s][info][gc,heap     ] GC(384) Max Capacity: 2048M(100%)
[294.526s][info][gc,heap     ] GC(384) Soft Max Capacity: 2048M(100%)
[294.526s][info][gc,heap     ] GC(384)                Mark Start          Mark End        Relocate Start      Relocate End           High               Low         
[294.526s][info][gc,heap     ] GC(384)  Capacity:     2048M (100%)       2048M (100%)       2048M (100%)       2048M (100%)       2048M (100%)       2048M (100%)   
[294.526s][info][gc,heap     ] GC(384)      Free:      902M (44%)         868M (42%)        1770M (86%)        1846M (90%)        1846M (90%)         722M (35%)    
[294.526s][info][gc,heap     ] GC(384)      Used:     1146M (56%)        1180M (58%)         278M (14%)         202M (10%)        1326M (65%)         202M (10%)    
[294.526s][info][gc,heap     ] GC(384)      Live:         -                 8M (0%)            8M (0%)            8M (0%)             -                  -          
[294.526s][info][gc,heap     ] GC(384) Allocated:         -                34M (2%)          190M (9%)          189M (9%)             -                  -          
[294.526s][info][gc,heap     ] GC(384)   Garbage:         -              1137M (56%)          79M (4%)            3M (0%)             -                  -          
[294.526s][info][gc,heap     ] GC(384) Reclaimed:         -                  -              1058M (52%)        1133M (55%)            -                  -          
[294.526s][info][gc          ] GC(384) Garbage Collection (Allocation Rate) 1146M(56%)->202M(10%)
[295.225s][info][gc,start    ] GC(385) Garbage Collection (Allocation Rate)
[295.225s][info][gc,task     ] GC(385) Using 1 workers
[295.225s][info][gc,phases   ] GC(385) Pause Mark Start 0.011ms
[295.238s][info][gc,phases   ] GC(385) Concurrent Mark 12.356ms
[295.238s][info][gc,phases   ] GC(385) Pause Mark End 0.015ms
[295.238s][info][gc,phases   ] GC(385) Concurrent Mark Free 0.001ms
[295.329s][info][gc,phases   ] GC(385) Concurrent Process Non-Strong References 91.121ms
[295.329s][info][gc,phases   ] GC(385) Concurrent Reset Relocation Set 0.006ms
[295.333s][info][gc,phases   ] GC(385) Concurrent Select Relocation Set 4.237ms
[295.334s][info][gc,phases   ] GC(385) Pause Relocate Start 0.009ms
[295.334s][info][gc,phases   ] GC(385) Concurrent Relocate 0.575ms
[295.334s][info][gc,load     ] GC(385) Load: 0.00/0.00/0.00
[295.334s][info][gc,mmu      ] GC(385) MMU: 2ms/94.9%, 5ms/98.0%, 10ms/99.0%, 20ms/99.4%, 50ms/99.8%, 100ms/99.9%
[295.334s][info][gc,marking  ] GC(385) Mark: 1 stripe(s), 2 proactive flush(es), 1 terminate flush(es), 0 completion(s), 0 continuation(s) 
[295.334s][info][gc,marking  ] GC(385) Mark Stack Usage: 32M
[295.334s][info][gc,nmethod  ] GC(385) NMethods: 673 registered, 81 unregistered
[295.334s][info][gc,metaspace] GC(385) Metaspace: 13M used, 14M committed, 1088M reserved
[295.334s][info][gc,ref      ] GC(385) Soft: 134 encountered, 0 discovered, 0 enqueued
[295.334s][info][gc,ref      ] GC(385) Weak: 693 encountered, 453 discovered, 0 enqueued
[295.334s][info][gc,ref      ] GC(385) Final: 0 encountered, 0 discovered, 0 enqueued
[295.334s][info][gc,ref      ] GC(385) Phantom: 59 encountered, 41 discovered, 0 enqueued
[295.334s][info][gc,reloc    ] GC(385) Small Pages: 741 / 1482M, Empty: 1370M, Relocated: 0M, In-Place: 0
[295.334s][info][gc,reloc    ] GC(385) Medium Pages: 0 / 0M, Empty: 0M, Relocated: 0M, In-Place: 0
[295.334s][info][gc,reloc    ] GC(385) Large Pages: 0 / 0M, Empty: 0M, Relocated: 0M, In-Place: 0
[295.334s][info][gc,reloc    ] GC(385) Forwarding Usage: 0M
[295.334s][info][gc,heap     ] GC(385) Min Capacity: 8M(0%)
[295.334s][info][gc,heap     ] GC(385) Max Capacity: 2048M(100%)
[295.334s][info][gc,heap     ] GC(385) Soft Max Capacity: 2048M(100%)
[295.334s][info][gc,heap     ] GC(385)                Mark Start          Mark End        Relocate Start      Relocate End           High               Low         
[295.334s][info][gc,heap     ] GC(385)  Capacity:     2048M (100%)       2048M (100%)       2048M (100%)       2048M (100%)       2048M (100%)       2048M (100%)   
[295.334s][info][gc,heap     ] GC(385)      Free:      566M (28%)         538M (26%)        1742M (85%)        1842M (90%)        1842M (90%)         378M (18%)    
[295.335s][info][gc,heap     ] GC(385)      Used:     1482M (72%)        1510M (74%)         306M (15%)         206M (10%)        1670M (82%)         206M (10%)    
[295.335s][info][gc,heap     ] GC(385)      Live:         -                 8M (0%)            8M (0%)            8M (0%)             -                  -          
[295.335s][info][gc,heap     ] GC(385) Allocated:         -                28M (1%)          194M (9%)          193M (9%)             -                  -          
[295.335s][info][gc,heap     ] GC(385)   Garbage:         -              1473M (72%)         103M (5%)            3M (0%)             -                  -          
[295.335s][info][gc,heap     ] GC(385) Reclaimed:         -                  -              1370M (67%)        1469M (72%)            -                  -          
[295.335s][info][gc          ] GC(385) Garbage Collection (Allocation Rate) 1482M(72%)->206M(10%)
[295.926s][info][gc,start    ] GC(386) Garbage Collection (Allocation Rate)
[295.926s][info][gc,task     ] GC(386) Using 1 workers
[295.926s][info][gc,phases   ] GC(386) Pause Mark Start 0.010ms
[295.935s][info][gc,phases   ] GC(386) Concurrent Mark 9.174ms
[295.935s][info][gc,phases   ] GC(386) Pause Mark End 0.013ms
[295.935s][info][gc,phases   ] GC(386) Concurrent Mark Free 0.001ms
[296.003s][info][gc,phases   ] GC(386) Concurrent Process Non-Strong References 67.621ms
[296.003s][info][gc,phases   ] GC(386) Concurrent Reset Relocation Set 0.005ms
[296.007s][info][gc,phases   ] GC(386) Concurrent Select Relocation Set 4.512ms
[296.008s][info][gc,phases   ] GC(386) Pause Relocate Start 0.011ms
[296.008s][info][gc,phases   ] GC(386) Concurrent Relocate 0.623ms
[296.008s][info][gc,load     ] GC(386) Load: 0.00/0.00/0.00
[296.008s][info][gc,mmu      ] GC(386) MMU: 2ms/94.9%, 5ms/98.0%, 10ms/99.0%, 20ms/99.4%, 50ms/99.8%, 100ms/99.9%
[296.008s][info][gc,marking  ] GC(386) Mark: 1 stripe(s), 2 proactive flush(es), 1 terminate flush(es), 0 completion(s), 0 continuation(s) 
[296.008s][info][gc,marking  ] GC(386) Mark Stack Usage: 32M
[296.009s][info][gc,nmethod  ] GC(386) NMethods: 673 registered, 81 unregistered
[296.009s][info][gc,metaspace] GC(386) Metaspace: 13M used, 14M committed, 1088M reserved
[296.009s][info][gc,ref      ] GC(386) Soft: 134 encountered, 0 discovered, 0 enqueued
[296.009s][info][gc,ref      ] GC(386) Weak: 633 encountered, 451 discovered, 0 enqueued
[296.009s][info][gc,ref      ] GC(386) Final: 0 encountered, 0 discovered, 0 enqueued
[296.009s][info][gc,ref      ] GC(386) Phantom: 59 encountered, 41 discovered, 0 enqueued
[296.009s][info][gc,reloc    ] GC(386) Small Pages: 723 / 1446M, Empty: 1344M, Relocated: 1M, In-Place: 0
[296.009s][info][gc,reloc    ] GC(386) Medium Pages: 0 / 0M, Empty: 0M, Relocated: 0M, In-Place: 0
[296.009s][info][gc,reloc    ] GC(386) Large Pages: 0 / 0M, Empty: 0M, Relocated: 0M, In-Place: 0
[296.009s][info][gc,reloc    ] GC(386) Forwarding Usage: 0M
[296.009s][info][gc,heap     ] GC(386) Min Capacity: 8M(0%)
[296.009s][info][gc,heap     ] GC(386) Max Capacity: 2048M(100%)
[296.009s][info][gc,heap     ] GC(386) Soft Max Capacity: 2048M(100%)
[296.009s][info][gc,heap     ] GC(386)                Mark Start          Mark End        Relocate Start      Relocate End           High               Low         
[296.009s][info][gc,heap     ] GC(386)  Capacity:     2048M (100%)       2048M (100%)       2048M (100%)       2048M (100%)       2048M (100%)       2048M (100%)   
[296.009s][info][gc,heap     ] GC(386)      Free:      602M (29%)         588M (29%)        1856M (91%)        1946M (95%)        1946M (95%)         516M (25%)    
[296.009s][info][gc,heap     ] GC(386)      Used:     1446M (71%)        1460M (71%)         192M (9%)          102M (5%)         1532M (75%)         102M (5%)     
[296.009s][info][gc,heap     ] GC(386)      Live:         -                 7M (0%)            7M (0%)            7M (0%)             -                  -          
[296.009s][info][gc,heap     ] GC(386) Allocated:         -                14M (1%)           90M (4%)           91M (4%)             -                  -          
[296.009s][info][gc,heap     ] GC(386)   Garbage:         -              1438M (70%)          94M (5%)            2M (0%)             -                  -          
[296.009s][info][gc,heap     ] GC(386) Reclaimed:         -                  -              1344M (66%)        1435M (70%)            -                  -          
[296.009s][info][gc          ] GC(386) Garbage Collection (Allocation Rate) 1446M(71%)->102M(5%)
[296.116s][info][gc,start    ] GC(387) Garbage Collection (System.gc())
[296.116s][info][gc,task     ] GC(387) Using 12 workers
[296.116s][info][gc,phases   ] GC(387) Pause Mark Start 0.015ms
[296.130s][info][gc,phases   ] GC(387) Concurrent Mark 13.870ms
[296.131s][info][gc,phases   ] GC(387) Pause Mark End 0.016ms
[296.131s][info][gc,phases   ] GC(387) Concurrent Mark Free 0.001ms
[296.143s][info][gc,phases   ] GC(387) Concurrent Process Non-Strong References 12.534ms
[296.143s][info][gc,phases   ] GC(387) Concurrent Reset Relocation Set 0.004ms
[296.147s][info][gc,phases   ] GC(387) Concurrent Select Relocation Set 3.815ms
[296.147s][info][gc,phases   ] GC(387) Pause Relocate Start 0.006ms
[296.149s][info][gc,phases   ] GC(387) Concurrent Relocate 2.252ms
[296.149s][info][gc,load     ] GC(387) Load: 0.00/0.00/0.00
[296.150s][info][gc,mmu      ] GC(387) MMU: 2ms/94.9%, 5ms/98.0%, 10ms/99.0%, 20ms/99.4%, 50ms/99.8%, 100ms/99.9%
[296.150s][info][gc,marking  ] GC(387) Mark: 8 stripe(s), 2 proactive flush(es), 1 terminate flush(es), 0 completion(s), 0 continuation(s) 
[296.150s][info][gc,marking  ] GC(387) Mark Stack Usage: 32M
[296.150s][info][gc,nmethod  ] GC(387) NMethods: 674 registered, 81 unregistered
[296.150s][info][gc,metaspace] GC(387) Metaspace: 13M used, 14M committed, 1088M reserved
[296.150s][info][gc,ref      ] GC(387) Soft: 134 encountered, 0 discovered, 0 enqueued
[296.150s][info][gc,ref      ] GC(387) Weak: 617 encountered, 45 discovered, 0 enqueued
[296.150s][info][gc,ref      ] GC(387) Final: 0 encountered, 0 discovered, 0 enqueued
[296.150s][info][gc,ref      ] GC(387) Phantom: 59 encountered, 59 discovered, 0 enqueued
[296.150s][info][gc,reloc    ] GC(387) Small Pages: 78 / 156M, Empty: 138M, Relocated: 3M, In-Place: 0
[296.150s][info][gc,reloc    ] GC(387) Medium Pages: 0 / 0M, Empty: 0M, Relocated: 0M, In-Place: 0
[296.150s][info][gc,reloc    ] GC(387) Large Pages: 0 / 0M, Empty: 0M, Relocated: 0M, In-Place: 0
[296.150s][info][gc,reloc    ] GC(387) Forwarding Usage: 0M
[296.150s][info][gc,heap     ] GC(387) Min Capacity: 8M(0%)
[296.150s][info][gc,heap     ] GC(387) Max Capacity: 2048M(100%)
[296.150s][info][gc,heap     ] GC(387) Soft Max Capacity: 2048M(100%)
[296.150s][info][gc,heap     ] GC(387)                Mark Start          Mark End        Relocate Start      Relocate End           High               Low         
[296.150s][info][gc,heap     ] GC(387)  Capacity:     2048M (100%)       2048M (100%)       2048M (100%)       2048M (100%)       2048M (100%)       2048M (100%)   
[296.150s][info][gc,heap     ] GC(387)      Free:     1892M (92%)        1892M (92%)        2030M (99%)        2030M (99%)        2030M (99%)        1892M (92%)    
[296.150s][info][gc,heap     ] GC(387)      Used:      156M (8%)          156M (8%)           18M (1%)           18M (1%)          156M (8%)           18M (1%)     
[296.150s][info][gc,heap     ] GC(387)      Live:         -                 4M (0%)            4M (0%)            4M (0%)             -                  -          
[296.150s][info][gc,heap     ] GC(387) Allocated:         -                 0M (0%)            0M (0%)            0M (0%)             -                  -          
[296.150s][info][gc,heap     ] GC(387)   Garbage:         -               151M (7%)           13M (1%)           13M (1%)             -                  -          
[296.150s][info][gc,heap     ] GC(387) Reclaimed:         -                  -               138M (7%)          138M (7%)             -                  -          
[296.150s][info][gc          ] GC(387) Garbage Collection (System.gc()) 156M(8%)->18M(1%)
[296.725s][info][gc,start    ] GC(388) Garbage Collection (Allocation Rate)
[296.725s][info][gc,task     ] GC(388) Using 2 workers
[296.725s][info][gc,phases   ] GC(388) Pause Mark Start 0.010ms
[296.738s][info][gc,phases   ] GC(388) Concurrent Mark 13.600ms
[296.739s][info][gc,phases   ] GC(388) Pause Mark End 0.014ms
[296.739s][info][gc,phases   ] GC(388) Concurrent Mark Free 0.000ms
[296.785s][info][gc,phases   ] GC(388) Concurrent Process Non-Strong References 46.276ms
[296.785s][info][gc,phases   ] GC(388) Concurrent Reset Relocation Set 0.001ms
[296.789s][info][gc,phases   ] GC(388) Concurrent Select Relocation Set 3.508ms
[296.789s][info][gc,phases   ] GC(388) Pause Relocate Start 0.007ms
[296.790s][info][gc,phases   ] GC(388) Concurrent Relocate 1.145ms
[296.790s][info][gc,load     ] GC(388) Load: 0.00/0.00/0.00
[296.790s][info][gc,mmu      ] GC(388) MMU: 2ms/94.9%, 5ms/98.0%, 10ms/99.0%, 20ms/99.4%, 50ms/99.8%, 100ms/99.9%
[296.790s][info][gc,marking  ] GC(388) Mark: 2 stripe(s), 2 proactive flush(es), 1 terminate flush(es), 0 completion(s), 0 continuation(s) 
[296.790s][info][gc,marking  ] GC(388) Mark Stack Usage: 32M
[296.790s][info][gc,nmethod  ] GC(388) NMethods: 647 registered, 134 unregistered
[296.790s][info][gc,metaspace] GC(388) Metaspace: 13M used, 14M committed, 1088M reserved
[296.790s][info][gc,ref      ] GC(388) Soft: 134 encountered, 0 discovered, 0 enqueued
[296.790s][info][gc,ref      ] GC(388) Weak: 723 encountered, 235 discovered, 2 enqueued
[296.790s][info][gc,ref      ] GC(388) Final: 0 encountered, 0 discovered, 0 enqueued
[296.790s][info][gc,ref      ] GC(388) Phantom: 59 encountered, 42 discovered, 0 enqueued
[296.790s][info][gc,reloc    ] GC(388) Small Pages: 429 / 858M, Empty: 762M, Relocated: 2M, In-Place: 0
[296.790s][info][gc,reloc    ] GC(388) Medium Pages: 0 / 0M, Empty: 0M, Relocated: 0M, In-Place: 0
[296.790s][info][gc,reloc    ] GC(388) Large Pages: 0 / 0M, Empty: 0M, Relocated: 0M, In-Place: 0
[296.790s][info][gc,reloc    ] GC(388) Forwarding Usage: 0M
[296.790s][info][gc,heap     ] GC(388) Min Capacity: 8M(0%)
[296.790s][info][gc,heap     ] GC(388) Max Capacity: 2048M(100%)
[296.790s][info][gc,heap     ] GC(388) Soft Max Capacity: 2048M(100%)
[296.790s][info][gc,heap     ] GC(388)                Mark Start          Mark End        Relocate Start      Relocate End           High               Low         
[296.790s][info][gc,heap     ] GC(388)  Capacity:     2048M (100%)       2048M (100%)       2048M (100%)       2048M (100%)       2048M (100%)       2048M (100%)   
[296.790s][info][gc,heap     ] GC(388)      Free:     1190M (58%)        1166M (57%)        1852M (90%)        1936M (95%)        1936M (95%)        1090M (53%)    
[296.790s][info][gc,heap     ] GC(388)      Used:      858M (42%)         882M (43%)         196M (10%)         112M (5%)          958M (47%)         112M (5%)     
[296.790s][info][gc,heap     ] GC(388)      Live:         -                 7M (0%)            7M (0%)            7M (0%)             -                  -          
[296.790s][info][gc,heap     ] GC(388) Allocated:         -                24M (1%)          100M (5%)          100M (5%)             -                  -          
[296.790s][info][gc,heap     ] GC(388)   Garbage:         -               850M (42%)          88M (4%)            4M (0%)             -                  -          
[296.790s][info][gc,heap     ] GC(388) Reclaimed:         -                  -               762M (37%)         846M (41%)            -                  -          
[296.790s][info][gc          ] GC(388) Garbage Collection (Allocation Rate) 858M(42%)->112M(5%)
[297.425s][info][gc,start    ] GC(389) Garbage Collection (Allocation Rate)
[297.425s][info][gc,task     ] GC(389) Using 2 workers
[297.425s][info][gc,phases   ] GC(389) Pause Mark Start 0.011ms
[297.435s][info][gc,phases   ] GC(389) Concurrent Mark 9.652ms
[297.435s][info][gc,phases   ] GC(389) Pause Mark End 0.014ms
[297.435s][info][gc,phases   ] GC(389) Concurrent Mark Free 0.001ms
[297.484s][info][gc,phases   ] GC(389) Concurrent Process Non-Strong References 48.941ms
[297.484s][info][gc,phases   ] GC(389) Concurrent Reset Relocation Set 0.007ms
[297.488s][info][gc,phases   ] GC(389) Concurrent Select Relocation Set 3.576ms
[297.488s][info][gc,phases   ] GC(389) Pause Relocate Start 0.007ms
[297.490s][info][gc,phases   ] GC(389) Concurrent Relocate 1.228ms
[297.490s][info][gc,load     ] GC(389) Load: 0.00/0.00/0.00
[297.490s][info][gc,mmu      ] GC(389) MMU: 2ms/94.9%, 5ms/98.0%, 10ms/99.0%, 20ms/99.4%, 50ms/99.8%, 100ms/99.9%
[297.490s][info][gc,marking  ] GC(389) Mark: 2 stripe(s), 2 proactive flush(es), 1 terminate flush(es), 0 completion(s), 0 continuation(s) 
[297.490s][info][gc,marking  ] GC(389) Mark Stack Usage: 32M
[297.490s][info][gc,nmethod  ] GC(389) NMethods: 647 registered, 134 unregistered
[297.490s][info][gc,metaspace] GC(389) Metaspace: 13M used, 14M committed, 1088M reserved
[297.490s][info][gc,ref      ] GC(389) Soft: 134 encountered, 0 discovered, 0 enqueued
[297.490s][info][gc,ref      ] GC(389) Weak: 721 encountered, 53 discovered, 0 enqueued
[297.490s][info][gc,ref      ] GC(389) Final: 0 encountered, 0 discovered, 0 enqueued
[297.490s][info][gc,ref      ] GC(389) Phantom: 59 encountered, 46 discovered, 0 enqueued
[297.490s][info][gc,reloc    ] GC(389) Small Pages: 641 / 1282M, Empty: 1184M, Relocated: 2M, In-Place: 0
[297.490s][info][gc,reloc    ] GC(389) Medium Pages: 0 / 0M, Empty: 0M, Relocated: 0M, In-Place: 0
[297.490s][info][gc,reloc    ] GC(389) Large Pages: 0 / 0M, Empty: 0M, Relocated: 0M, In-Place: 0
[297.490s][info][gc,reloc    ] GC(389) Forwarding Usage: 0M
[297.490s][info][gc,heap     ] GC(389) Min Capacity: 8M(0%)
[297.490s][info][gc,heap     ] GC(389) Max Capacity: 2048M(100%)
[297.490s][info][gc,heap     ] GC(389) Soft Max Capacity: 2048M(100%)
[297.490s][info][gc,heap     ] GC(389)                Mark Start          Mark End        Relocate Start      Relocate End           High               Low         
[297.490s][info][gc,heap     ] GC(389)  Capacity:     2048M (100%)       2048M (100%)       2048M (100%)       2048M (100%)       2048M (100%)       2048M (100%)   
[297.490s][info][gc,heap     ] GC(389)      Free:      766M (37%)         742M (36%)        1830M (89%)        1914M (93%)        1914M (93%)         652M (32%)    
[297.490s][info][gc,heap     ] GC(389)      Used:     1282M (63%)        1306M (64%)         218M (11%)         134M (7%)         1396M (68%)         134M (7%)     
[297.490s][info][gc,heap     ] GC(389)      Live:         -                 7M (0%)            7M (0%)            7M (0%)             -                  -          
[297.490s][info][gc,heap     ] GC(389) Allocated:         -                24M (1%)          120M (6%)          122M (6%)             -                  -          
[297.490s][info][gc,heap     ] GC(389)   Garbage:         -              1274M (62%)          90M (4%)            4M (0%)             -                  -          
[297.490s][info][gc,heap     ] GC(389) Reclaimed:         -                  -              1184M (58%)        1270M (62%)            -                  -          
[297.490s][info][gc          ] GC(389) Garbage Collection (Allocation Rate) 1282M(63%)->134M(7%)
[298.125s][info][gc,start    ] GC(390) Garbage Collection (Allocation Rate)
[298.126s][info][gc,task     ] GC(390) Using 2 workers
[298.126s][info][gc,phases   ] GC(390) Pause Mark Start 0.011ms
[298.135s][info][gc,phases   ] GC(390) Concurrent Mark 9.043ms
[298.135s][info][gc,phases   ] GC(390) Pause Mark End 0.017ms
[298.135s][info][gc,phases   ] GC(390) Concurrent Mark Free 0.001ms
[298.180s][info][gc,phases   ] GC(390) Concurrent Process Non-Strong References 44.678ms
[298.180s][info][gc,phases   ] GC(390) Concurrent Reset Relocation Set 0.005ms
[298.183s][info][gc,phases   ] GC(390) Concurrent Select Relocation Set 3.468ms
[298.183s][info][gc,phases   ] GC(390) Pause Relocate Start 0.008ms
[298.185s][info][gc,phases   ] GC(390) Concurrent Relocate 1.052ms
[298.185s][info][gc,load     ] GC(390) Load: 0.00/0.00/0.00
[298.185s][info][gc,mmu      ] GC(390) MMU: 2ms/94.9%, 5ms/98.0%, 10ms/99.0%, 20ms/99.4%, 50ms/99.8%, 100ms/99.9%
[298.185s][info][gc,marking  ] GC(390) Mark: 2 stripe(s), 2 proactive flush(es), 1 terminate flush(es), 0 completion(s), 0 continuation(s) 
[298.185s][info][gc,marking  ] GC(390) Mark Stack Usage: 32M
[298.185s][info][gc,nmethod  ] GC(390) NMethods: 647 registered, 134 unregistered
[298.185s][info][gc,metaspace] GC(390) Metaspace: 13M used, 14M committed, 1088M reserved
[298.185s][info][gc,ref      ] GC(390) Soft: 134 encountered, 0 discovered, 0 enqueued
[298.185s][info][gc,ref      ] GC(390) Weak: 721 encountered, 314 discovered, 0 enqueued
[298.185s][info][gc,ref      ] GC(390) Final: 0 encountered, 0 discovered, 0 enqueued
[298.185s][info][gc,ref      ] GC(390) Phantom: 59 encountered, 42 discovered, 0 enqueued
[298.185s][info][gc,reloc    ] GC(390) Small Pages: 687 / 1374M, Empty: 1272M, Relocated: 1M, In-Place: 0
[298.185s][info][gc,reloc    ] GC(390) Medium Pages: 0 / 0M, Empty: 0M, Relocated: 0M, In-Place: 0
[298.185s][info][gc,reloc    ] GC(390) Large Pages: 0 / 0M, Empty: 0M, Relocated: 0M, In-Place: 0
[298.185s][info][gc,reloc    ] GC(390) Forwarding Usage: 0M
[298.185s][info][gc,heap     ] GC(390) Min Capacity: 8M(0%)
[298.185s][info][gc,heap     ] GC(390) Max Capacity: 2048M(100%)
[298.185s][info][gc,heap     ] GC(390) Soft Max Capacity: 2048M(100%)
[298.185s][info][gc,heap     ] GC(390)                Mark Start          Mark End        Relocate Start      Relocate End           High               Low         
[298.185s][info][gc,heap     ] GC(390)  Capacity:     2048M (100%)       2048M (100%)       2048M (100%)       2048M (100%)       2048M (100%)       2048M (100%)   
[298.185s][info][gc,heap     ] GC(390)      Free:      674M (33%)         648M (32%)        1828M (89%)        1916M (94%)        1916M (94%)         562M (27%)    
[298.185s][info][gc,heap     ] GC(390)      Used:     1374M (67%)        1400M (68%)         220M (11%)         132M (6%)         1486M (73%)         132M (6%)     
[298.185s][info][gc,heap     ] GC(390)      Live:         -                 7M (0%)            7M (0%)            7M (0%)             -                  -          
[298.185s][info][gc,heap     ] GC(390) Allocated:         -                26M (1%)          118M (6%)          119M (6%)             -                  -          
[298.185s][info][gc,heap     ] GC(390)   Garbage:         -              1366M (67%)          94M (5%)            4M (0%)             -                  -          
[298.185s][info][gc,heap     ] GC(390) Reclaimed:         -                  -              1272M (62%)        1361M (66%)            -                  -          
[298.185s][info][gc          ] GC(390) Garbage Collection (Allocation Rate) 1374M(67%)->132M(6%)
[298.825s][info][gc,start    ] GC(391) Garbage Collection (Allocation Rate)
[298.825s][info][gc,task     ] GC(391) Using 1 workers
[298.825s][info][gc,phases   ] GC(391) Pause Mark Start 0.010ms
[298.840s][info][gc,phases   ] GC(391) Concurrent Mark 14.462ms
[298.840s][info][gc,phases   ] GC(391) Pause Mark End 0.014ms
[298.840s][info][gc,phases   ] GC(391) Concurrent Mark Free 0.001ms
[298.929s][info][gc,phases   ] GC(391) Concurrent Process Non-Strong References 88.372ms
[298.929s][info][gc,phases   ] GC(391) Concurrent Reset Relocation Set 0.008ms
[298.933s][info][gc,phases   ] GC(391) Concurrent Select Relocation Set 3.972ms
[298.933s][info][gc,phases   ] GC(391) Pause Relocate Start 0.008ms
[298.936s][info][gc,phases   ] GC(391) Concurrent Relocate 3.561ms
[298.936s][info][gc,load     ] GC(391) Load: 0.00/0.00/0.00
[298.936s][info][gc,mmu      ] GC(391) MMU: 2ms/94.9%, 5ms/98.0%, 10ms/99.0%, 20ms/99.4%, 50ms/99.8%, 100ms/99.9%
[298.936s][info][gc,marking  ] GC(391) Mark: 1 stripe(s), 2 proactive flush(es), 1 terminate flush(es), 0 completion(s), 0 continuation(s) 
[298.936s][info][gc,marking  ] GC(391) Mark Stack Usage: 32M
[298.936s][info][gc,nmethod  ] GC(391) NMethods: 647 registered, 134 unregistered
[298.937s][info][gc,metaspace] GC(391) Metaspace: 13M used, 14M committed, 1088M reserved
[298.937s][info][gc,ref      ] GC(391) Soft: 134 encountered, 0 discovered, 0 enqueued
[298.937s][info][gc,ref      ] GC(391) Weak: 721 encountered, 455 discovered, 0 enqueued
[298.937s][info][gc,ref      ] GC(391) Final: 0 encountered, 0 discovered, 0 enqueued
[298.937s][info][gc,ref      ] GC(391) Phantom: 59 encountered, 41 discovered, 0 enqueued
[298.937s][info][gc,reloc    ] GC(391) Small Pages: 659 / 1318M, Empty: 1214M, Relocated: 3M, In-Place: 0
[298.937s][info][gc,reloc    ] GC(391) Medium Pages: 0 / 0M, Empty: 0M, Relocated: 0M, In-Place: 0
[298.937s][info][gc,reloc    ] GC(391) Large Pages: 0 / 0M, Empty: 0M, Relocated: 0M, In-Place: 0
[298.937s][info][gc,reloc    ] GC(391) Forwarding Usage: 0M
[298.937s][info][gc,heap     ] GC(391) Min Capacity: 8M(0%)
[298.937s][info][gc,heap     ] GC(391) Max Capacity: 2048M(100%)
[298.937s][info][gc,heap     ] GC(391) Soft Max Capacity: 2048M(100%)
[298.937s][info][gc,heap     ] GC(391)                Mark Start          Mark End        Relocate Start      Relocate End           High               Low         
[298.937s][info][gc,heap     ] GC(391)  Capacity:     2048M (100%)       2048M (100%)       2048M (100%)       2048M (100%)       2048M (100%)       2048M (100%)   
[298.937s][info][gc,heap     ] GC(391)      Free:      730M (36%)         696M (34%)        1740M (85%)        1826M (89%)        1830M (89%)         532M (26%)    
[298.937s][info][gc,heap     ] GC(391)      Used:     1318M (64%)        1352M (66%)         308M (15%)         222M (11%)        1516M (74%)         218M (11%)    
[298.937s][info][gc,heap     ] GC(391)      Live:         -                 7M (0%)            7M (0%)            7M (0%)             -                  -          
[298.937s][info][gc,heap     ] GC(391) Allocated:         -                34M (2%)          204M (10%)         211M (10%)            -                  -          
[298.937s][info][gc,heap     ] GC(391)   Garbage:         -              1310M (64%)          96M (5%)            2M (0%)             -                  -          
[298.937s][info][gc,heap     ] GC(391) Reclaimed:         -                  -              1214M (59%)        1307M (64%)            -                  -          
[298.937s][info][gc          ] GC(391) Garbage Collection (Allocation Rate) 1318M(64%)->222M(11%)
[299.625s][info][gc,start    ] GC(392) Garbage Collection (Allocation Rate)
[299.625s][info][gc,task     ] GC(392) Using 1 workers
[299.625s][info][gc,phases   ] GC(392) Pause Mark Start 0.011ms
[299.641s][info][gc,phases   ] GC(392) Concurrent Mark 16.004ms
[299.641s][info][gc,phases   ] GC(392) Pause Mark End 0.016ms
[299.641s][info][gc,phases   ] GC(392) Concurrent Mark Free 0.000ms
[299.729s][info][gc,phases   ] GC(392) Concurrent Process Non-Strong References 87.447ms
[299.729s][info][gc,phases   ] GC(392) Concurrent Reset Relocation Set 0.004ms
[299.732s][info][gc,phases   ] GC(392) Concurrent Select Relocation Set 3.487ms
[299.733s][info][gc,phases   ] GC(392) Pause Relocate Start 0.008ms
[299.734s][info][gc,phases   ] GC(392) Concurrent Relocate 1.352ms
[299.734s][info][gc,load     ] GC(392) Load: 0.00/0.00/0.00
[299.734s][info][gc,mmu      ] GC(392) MMU: 2ms/94.9%, 5ms/98.0%, 10ms/99.0%, 20ms/99.4%, 50ms/99.8%, 100ms/99.9%
[299.734s][info][gc,marking  ] GC(392) Mark: 1 stripe(s), 2 proactive flush(es), 1 terminate flush(es), 0 completion(s), 0 continuation(s) 
[299.734s][info][gc,marking  ] GC(392) Mark Stack Usage: 32M
[299.734s][info][gc,nmethod  ] GC(392) NMethods: 647 registered, 134 unregistered
[299.734s][info][gc,metaspace] GC(392) Metaspace: 13M used, 14M committed, 1088M reserved
[299.734s][info][gc,ref      ] GC(392) Soft: 134 encountered, 0 discovered, 0 enqueued
[299.734s][info][gc,ref      ] GC(392) Weak: 721 encountered, 455 discovered, 0 enqueued
[299.734s][info][gc,ref      ] GC(392) Final: 0 encountered, 0 discovered, 0 enqueued
[299.734s][info][gc,ref      ] GC(392) Phantom: 59 encountered, 41 discovered, 0 enqueued
[299.734s][info][gc,reloc    ] GC(392) Small Pages: 741 / 1482M, Empty: 1372M, Relocated: 1M, In-Place: 0
[299.734s][info][gc,reloc    ] GC(392) Medium Pages: 0 / 0M, Empty: 0M, Relocated: 0M, In-Place: 0
[299.734s][info][gc,reloc    ] GC(392) Large Pages: 0 / 0M, Empty: 0M, Relocated: 0M, In-Place: 0
[299.734s][info][gc,reloc    ] GC(392) Forwarding Usage: 0M
[299.734s][info][gc,heap     ] GC(392) Min Capacity: 8M(0%)
[299.734s][info][gc,heap     ] GC(392) Max Capacity: 2048M(100%)
[299.734s][info][gc,heap     ] GC(392) Soft Max Capacity: 2048M(100%)
[299.734s][info][gc,heap     ] GC(392)                Mark Start          Mark End        Relocate Start      Relocate End           High               Low         
[299.734s][info][gc,heap     ] GC(392)  Capacity:     2048M (100%)       2048M (100%)       2048M (100%)       2048M (100%)       2048M (100%)       2048M (100%)   
[299.734s][info][gc,heap     ] GC(392)      Free:      566M (28%)         532M (26%)        1746M (85%)        1842M (90%)        1844M (90%)         380M (19%)    
[299.734s][info][gc,heap     ] GC(392)      Used:     1482M (72%)        1516M (74%)         302M (15%)         206M (10%)        1668M (81%)         204M (10%)    
[299.734s][info][gc,heap     ] GC(392)      Live:         -                 7M (0%)            7M (0%)            7M (0%)             -                  -          
[299.734s][info][gc,heap     ] GC(392) Allocated:         -                34M (2%)          192M (9%)          195M (10%)            -                  -          
[299.734s][info][gc,heap     ] GC(392)   Garbage:         -              1474M (72%)         102M (5%)            2M (0%)             -                  -          
[299.734s][info][gc,heap     ] GC(392) Reclaimed:         -                  -              1372M (67%)        1471M (72%)            -                  -          
[299.734s][info][gc          ] GC(392) Garbage Collection (Allocation Rate) 1482M(72%)->206M(10%)
[300.126s][info][gc,stats    ] === Garbage Collection Statistics =======================================================================================================================
[300.126s][info][gc,stats    ]                                                              Last 10s              Last 10m              Last 10h                Total
[300.126s][info][gc,stats    ]                                                              Avg / Max             Avg / Max             Avg / Max             Avg / Max
[300.126s][info][gc,stats    ]   Collector: Garbage Collection Cycle                    100.575 / 247.889      82.023 / 289.195      82.023 / 289.195      82.023 / 289.195     ms
[300.126s][info][gc,stats    ]  Contention: Mark Segment Reset Contention                     0 / 1                 0 / 11                0 / 11                0 / 11          ops/s
[300.126s][info][gc,stats    ]  Contention: Mark SeqNum Reset Contention                      0 / 1                 0 / 2                 0 / 2                 0 / 2           ops/s
[300.126s][info][gc,stats    ]    Critical: Allocation Stall                                  0 / 0                 0 / 45                0 / 45                0 / 45          ops/s
[300.126s][info][gc,stats    ]    Critical: Allocation Stall                              0.000 / 0.000        25.241 / 55.638       25.241 / 55.638       25.241 / 55.638      ms
[300.126s][info][gc,stats    ]    Critical: GC Locker Stall                                   0 / 0                 0 / 0                 0 / 0                 0 / 0           ops/s
[300.126s][info][gc,stats    ]    Critical: GC Locker Stall                               0.000 / 0.000         0.000 / 0.000         0.000 / 0.000         0.000 / 0.000       ms
[300.126s][info][gc,stats    ]    Critical: Relocation Stall                                  0 / 0                 0 / 0                 0 / 0                 0 / 0           ops/s
[300.126s][info][gc,stats    ]    Critical: Relocation Stall                              0.000 / 0.000         0.000 / 0.000         0.000 / 0.000         0.000 / 0.000       ms
[300.126s][info][gc,stats    ]      Memory: Allocation Rate                                1931 / 2176           1869 / 2316           1869 / 2316           1869 / 2316        MB/s
[300.126s][info][gc,stats    ]      Memory: Defragment                                        0 / 0                 0 / 0                 0 / 0                 0 / 0           ops/s
[300.126s][info][gc,stats    ]      Memory: Out Of Memory                                     0 / 0                 0 / 0                 0 / 0                 0 / 0           ops/s
[300.126s][info][gc,stats    ]      Memory: Page Cache Flush                                  0 / 0                 0 / 0                 0 / 0                 0 / 0           MB/s
[300.126s][info][gc,stats    ]      Memory: Page Cache Hit L1                               968 / 1090            934 / 1159            934 / 1159            934 / 1159        ops/s
[300.126s][info][gc,stats    ]      Memory: Page Cache Hit L2                                 0 / 0                 0 / 0                 0 / 0                 0 / 0           ops/s
[300.126s][info][gc,stats    ]      Memory: Page Cache Hit L3                                 0 / 0                 3 / 449               3 / 449               3 / 449         ops/s
[300.126s][info][gc,stats    ]      Memory: Page Cache Miss                                   0 / 0                 0 / 1                 0 / 1                 0 / 1           ops/s
[300.126s][info][gc,stats    ]      Memory: Uncommit                                          0 / 0                 0 / 0                 0 / 0                 0 / 0           MB/s
[300.126s][info][gc,stats    ]      Memory: Undo Object Allocation Failed                    14 / 64               23 / 169              23 / 169              23 / 169         ops/s
[300.126s][info][gc,stats    ]      Memory: Undo Object Allocation Succeeded                  1 / 5                 1 / 21                1 / 21                1 / 21          ops/s
[300.126s][info][gc,stats    ]      Memory: Undo Page Allocation                             65 / 124              66 / 221              66 / 221              66 / 221         ops/s
[300.126s][info][gc,stats    ]       Phase: Concurrent Mark                              13.678 / 22.995       15.395 / 212.397      15.395 / 212.397      15.395 / 212.397     ms
[300.126s][info][gc,stats    ]       Phase: Concurrent Mark Continue                      0.000 / 0.000         0.000 / 0.000         0.000 / 0.000         0.000 / 0.000       ms
[300.126s][info][gc,stats    ]       Phase: Concurrent Mark Free                          0.001 / 0.002         0.001 / 0.002         0.001 / 0.002         0.001 / 0.002       ms
[300.127s][info][gc,stats    ]       Phase: Concurrent Process Non-Strong References     72.260 / 97.010       54.509 / 259.891      54.509 / 259.891      54.509 / 259.891     ms
[300.127s][info][gc,stats    ]       Phase: Concurrent Relocate                           1.027 / 3.561         1.426 / 5.770         1.426 / 5.770         1.426 / 5.770       ms
[300.127s][info][gc,stats    ]       Phase: Concurrent Reset Relocation Set               0.005 / 0.008         0.006 / 0.011         0.006 / 0.011         0.006 / 0.011       ms
[300.127s][info][gc,stats    ]       Phase: Concurrent Select Relocation Set              3.894 / 4.519         4.343 / 14.014        4.343 / 14.014        4.343 / 14.014      ms
[300.127s][info][gc,stats    ]       Phase: Pause Mark End                                0.017 / 0.033         0.017 / 0.102         0.017 / 0.102         0.017 / 0.102       ms
[300.127s][info][gc,stats    ]       Phase: Pause Mark Start                              0.011 / 0.016         0.012 / 0.049         0.012 / 0.049         0.012 / 0.049       ms
[300.127s][info][gc,stats    ]       Phase: Pause Relocate Start                          0.008 / 0.011         0.008 / 0.020         0.008 / 0.020         0.008 / 0.020       ms
[300.127s][info][gc,stats    ]    Subphase: Concurrent Classes Purge                      0.043 / 0.395         0.037 / 5.454         0.037 / 5.454         0.037 / 5.454       ms
[300.127s][info][gc,stats    ]    Subphase: Concurrent Classes Unlink                     1.065 / 1.443         2.965 / 10.160        2.965 / 10.160        2.965 / 10.160      ms
[300.127s][info][gc,stats    ]    Subphase: Concurrent Mark                              12.181 / 21.160       10.143 / 211.109      10.143 / 211.109      10.143 / 211.109     ms
[300.127s][info][gc,stats    ]    Subphase: Concurrent Mark Try Flush                     0.092 / 0.208         0.579 / 193.285       0.579 / 193.285       0.579 / 193.285     ms
[300.127s][info][gc,stats    ]    Subphase: Concurrent Mark Try Terminate                 3.228 / 12.024        2.280 / 16.632        2.280 / 16.632        2.280 / 16.632      ms
[300.127s][info][gc,stats    ]    Subphase: Concurrent References Enqueue                 0.001 / 0.003         0.001 / 0.006         0.001 / 0.006         0.001 / 0.006       ms
[300.127s][info][gc,stats    ]    Subphase: Concurrent References Process                 0.105 / 0.183         0.104 / 0.206         0.104 / 0.206         0.104 / 0.206       ms
[300.127s][info][gc,stats    ]    Subphase: Concurrent Roots ClassLoaderDataGraph         0.121 / 0.377         0.112 / 1.252         0.112 / 1.252         0.112 / 1.252       ms
[300.127s][info][gc,stats    ]    Subphase: Concurrent Roots CodeCache                    0.000 / 0.000         0.000 / 0.000         0.000 / 0.000         0.000 / 0.000       ms
[300.127s][info][gc,stats    ]    Subphase: Concurrent Roots JavaThreads                  0.394 / 1.263         0.332 / 1.791         0.332 / 1.791         0.332 / 1.791       ms
[300.127s][info][gc,stats    ]    Subphase: Concurrent Roots OopStorageSet                0.044 / 0.094         0.045 / 0.778         0.045 / 0.778         0.045 / 0.778       ms
[300.127s][info][gc,stats    ]    Subphase: Concurrent Weak Roots OopStorageSet          45.116 / 95.307       23.292 / 100.559      23.292 / 100.559      23.292 / 100.559     ms
[300.127s][info][gc,stats    ]    Subphase: Pause Mark Try Complete                       0.002 / 0.002         0.002 / 0.006         0.002 / 0.006         0.002 / 0.006       ms
[300.127s][info][gc,stats    ]      System: Java Threads                                     56 / 64               55 / 73               55 / 73               55 / 73          threads
[300.127s][info][gc,stats    ] =========================================================================================================================================================
[300.525s][info][gc,start    ] GC(393) Garbage Collection (Allocation Rate)
[300.525s][info][gc,task     ] GC(393) Using 1 workers
[300.526s][info][gc,phases   ] GC(393) Pause Mark Start 0.012ms
[300.542s][info][gc,phases   ] GC(393) Concurrent Mark 15.837ms
[300.542s][info][gc,phases   ] GC(393) Pause Mark End 0.016ms
[300.542s][info][gc,phases   ] GC(393) Concurrent Mark Free 0.001ms
[300.630s][info][gc,phases   ] GC(393) Concurrent Process Non-Strong References 88.364ms
[300.630s][info][gc,phases   ] GC(393) Concurrent Reset Relocation Set 0.004ms
[300.635s][info][gc,phases   ] GC(393) Concurrent Select Relocation Set 4.640ms
[300.635s][info][gc,phases   ] GC(393) Pause Relocate Start 0.008ms
[300.637s][info][gc,phases   ] GC(393) Concurrent Relocate 1.502ms
[300.637s][info][gc,load     ] GC(393) Load: 0.00/0.00/0.00
[300.637s][info][gc,mmu      ] GC(393) MMU: 2ms/94.9%, 5ms/98.0%, 10ms/99.0%, 20ms/99.4%, 50ms/99.8%, 100ms/99.9%
[300.637s][info][gc,marking  ] GC(393) Mark: 1 stripe(s), 2 proactive flush(es), 1 terminate flush(es), 0 completion(s), 0 continuation(s) 
[300.637s][info][gc,marking  ] GC(393) Mark Stack Usage: 32M
[300.637s][info][gc,nmethod  ] GC(393) NMethods: 647 registered, 134 unregistered
[300.637s][info][gc,metaspace] GC(393) Metaspace: 13M used, 14M committed, 1088M reserved
[300.637s][info][gc,ref      ] GC(393) Soft: 134 encountered, 0 discovered, 0 enqueued
[300.637s][info][gc,ref      ] GC(393) Weak: 721 encountered, 455 discovered, 0 enqueued
[300.637s][info][gc,ref      ] GC(393) Final: 0 encountered, 0 discovered, 0 enqueued
[300.637s][info][gc,ref      ] GC(393) Phantom: 59 encountered, 41 discovered, 0 enqueued
[300.637s][info][gc,reloc    ] GC(393) Small Pages: 826 / 1652M, Empty: 1534M, Relocated: 1M, In-Place: 0
[300.637s][info][gc,reloc    ] GC(393) Medium Pages: 0 / 0M, Empty: 0M, Relocated: 0M, In-Place: 0
[300.637s][info][gc,reloc    ] GC(393) Large Pages: 0 / 0M, Empty: 0M, Relocated: 0M, In-Place: 0
[300.637s][info][gc,reloc    ] GC(393) Forwarding Usage: 0M
[300.637s][info][gc,heap     ] GC(393) Min Capacity: 8M(0%)
[300.637s][info][gc,heap     ] GC(393) Max Capacity: 2048M(100%)
[300.637s][info][gc,heap     ] GC(393) Soft Max Capacity: 2048M(100%)
[300.637s][info][gc,heap     ] GC(393)                Mark Start          Mark End        Relocate Start      Relocate End           High               Low         
[300.637s][info][gc,heap     ] GC(393)  Capacity:     2048M (100%)       2048M (100%)       2048M (100%)       2048M (100%)       2048M (100%)       2048M (100%)   
[300.637s][info][gc,heap     ] GC(393)      Free:      396M (19%)         360M (18%)        1724M (84%)        1830M (89%)        1830M (89%)         198M (10%)    
[300.637s][info][gc,heap     ] GC(393)      Used:     1652M (81%)        1688M (82%)         324M (16%)         218M (11%)        1850M (90%)         218M (11%)    
[300.637s][info][gc,heap     ] GC(393)      Live:         -                 7M (0%)            7M (0%)            7M (0%)             -                  -          
[300.637s][info][gc,heap     ] GC(393) Allocated:         -                36M (2%)          206M (10%)         207M (10%)            -                  -          
[300.637s][info][gc,heap     ] GC(393)   Garbage:         -              1644M (80%)         110M (5%)            2M (0%)             -                  -          
[300.637s][info][gc,heap     ] GC(393) Reclaimed:         -                  -              1534M (75%)        1641M (80%)            -                  -          
[300.637s][info][gc          ] GC(393) Garbage Collection (Allocation Rate) 1652M(81%)->218M(11%)
[301.425s][info][gc,start    ] GC(394) Garbage Collection (Allocation Rate)
[301.425s][info][gc,task     ] GC(394) Using 1 workers
[301.425s][info][gc,phases   ] GC(394) Pause Mark Start 0.012ms
[301.440s][info][gc,phases   ] GC(394) Concurrent Mark 14.824ms
[301.440s][info][gc,phases   ] GC(394) Pause Mark End 0.018ms
[301.440s][info][gc,phases   ] GC(394) Concurrent Mark Free 0.001ms
[301.537s][info][gc,phases   ] GC(394) Concurrent Process Non-Strong References 96.382ms
[301.537s][info][gc,phases   ] GC(394) Concurrent Reset Relocation Set 0.006ms
[301.541s][info][gc,phases   ] GC(394) Concurrent Select Relocation Set 4.554ms
[301.542s][info][gc,phases   ] GC(394) Pause Relocate Start 0.008ms
[301.543s][info][gc,phases   ] GC(394) Concurrent Relocate 1.646ms
[301.543s][info][gc,load     ] GC(394) Load: 0.00/0.00/0.00
[301.543s][info][gc,mmu      ] GC(394) MMU: 2ms/94.9%, 5ms/98.0%, 10ms/99.0%, 20ms/99.4%, 50ms/99.8%, 100ms/99.9%
[301.543s][info][gc,marking  ] GC(394) Mark: 1 stripe(s), 2 proactive flush(es), 1 terminate flush(es), 0 completion(s), 0 continuation(s) 
[301.543s][info][gc,marking  ] GC(394) Mark Stack Usage: 32M
[301.543s][info][gc,nmethod  ] GC(394) NMethods: 647 registered, 134 unregistered
[301.543s][info][gc,metaspace] GC(394) Metaspace: 13M used, 14M committed, 1088M reserved
[301.543s][info][gc,ref      ] GC(394) Soft: 134 encountered, 0 discovered, 0 enqueued
[301.543s][info][gc,ref      ] GC(394) Weak: 721 encountered, 455 discovered, 0 enqueued
[301.543s][info][gc,ref      ] GC(394) Final: 0 encountered, 0 discovered, 0 enqueued
[301.543s][info][gc,ref      ] GC(394) Phantom: 59 encountered, 41 discovered, 0 enqueued
[301.543s][info][gc,reloc    ] GC(394) Small Pages: 773 / 1546M, Empty: 1424M, Relocated: 1M, In-Place: 0
[301.543s][info][gc,reloc    ] GC(394) Medium Pages: 0 / 0M, Empty: 0M, Relocated: 0M, In-Place: 0
[301.543s][info][gc,reloc    ] GC(394) Large Pages: 0 / 0M, Empty: 0M, Relocated: 0M, In-Place: 0
[301.544s][info][gc,reloc    ] GC(394) Forwarding Usage: 0M
[301.544s][info][gc,heap     ] GC(394) Min Capacity: 8M(0%)
[301.544s][info][gc,heap     ] GC(394) Max Capacity: 2048M(100%)
[301.544s][info][gc,heap     ] GC(394) Soft Max Capacity: 2048M(100%)
[301.544s][info][gc,heap     ] GC(394)                Mark Start          Mark End        Relocate Start      Relocate End           High               Low         
[301.544s][info][gc,heap     ] GC(394)  Capacity:     2048M (100%)       2048M (100%)       2048M (100%)       2048M (100%)       2048M (100%)       2048M (100%)   
[301.544s][info][gc,heap     ] GC(394)      Free:      502M (25%)         470M (23%)        1726M (84%)        1836M (90%)        1836M (90%)         310M (15%)    
[301.544s][info][gc,heap     ] GC(394)      Used:     1546M (75%)        1578M (77%)         322M (16%)         212M (10%)        1738M (85%)         212M (10%)    
[301.544s][info][gc,heap     ] GC(394)      Live:         -                 7M (0%)            7M (0%)            7M (0%)             -                  -          
[301.544s][info][gc,heap     ] GC(394) Allocated:         -                32M (2%)          200M (10%)         201M (10%)            -                  -          
[301.544s][info][gc,heap     ] GC(394)   Garbage:         -              1538M (75%)         114M (6%)            2M (0%)             -                  -          
[301.544s][info][gc,heap     ] GC(394) Reclaimed:         -                  -              1424M (70%)        1535M (75%)            -                  -          
[301.544s][info][gc          ] GC(394) Garbage Collection (Allocation Rate) 1546M(75%)->212M(10%)
[302.324s][info][gc,start    ] GC(395) Garbage Collection (Allocation Rate)
[302.324s][info][gc,task     ] GC(395) Using 1 workers
[302.325s][info][gc,phases   ] GC(395) Pause Mark Start 0.012ms
[302.338s][info][gc,phases   ] GC(395) Concurrent Mark 13.359ms
[302.338s][info][gc,phases   ] GC(395) Pause Mark End 0.017ms
[302.338s][info][gc,phases   ] GC(395) Concurrent Mark Free 0.000ms
[302.428s][info][gc,phases   ] GC(395) Concurrent Process Non-Strong References 89.661ms
[302.428s][info][gc,phases   ] GC(395) Concurrent Reset Relocation Set 0.008ms
[302.433s][info][gc,phases   ] GC(395) Concurrent Select Relocation Set 4.511ms
[302.433s][info][gc,phases   ] GC(395) Pause Relocate Start 0.008ms
[302.435s][info][gc,phases   ] GC(395) Concurrent Relocate 2.254ms
[302.435s][info][gc,load     ] GC(395) Load: 0.00/0.00/0.00
[302.435s][info][gc,mmu      ] GC(395) MMU: 2ms/94.9%, 5ms/98.0%, 10ms/99.0%, 20ms/99.4%, 50ms/99.8%, 100ms/99.9%
[302.435s][info][gc,marking  ] GC(395) Mark: 1 stripe(s), 2 proactive flush(es), 1 terminate flush(es), 0 completion(s), 0 continuation(s) 
[302.435s][info][gc,marking  ] GC(395) Mark Stack Usage: 32M
[302.435s][info][gc,nmethod  ] GC(395) NMethods: 647 registered, 134 unregistered
[302.435s][info][gc,metaspace] GC(395) Metaspace: 13M used, 14M committed, 1088M reserved
[302.435s][info][gc,ref      ] GC(395) Soft: 134 encountered, 0 discovered, 0 enqueued
[302.435s][info][gc,ref      ] GC(395) Weak: 721 encountered, 455 discovered, 0 enqueued
[302.435s][info][gc,ref      ] GC(395) Final: 0 encountered, 0 discovered, 0 enqueued
[302.435s][info][gc,ref      ] GC(395) Phantom: 59 encountered, 41 discovered, 0 enqueued
[302.435s][info][gc,reloc    ] GC(395) Small Pages: 821 / 1642M, Empty: 1522M, Relocated: 1M, In-Place: 0
[302.435s][info][gc,reloc    ] GC(395) Medium Pages: 0 / 0M, Empty: 0M, Relocated: 0M, In-Place: 0
[302.435s][info][gc,reloc    ] GC(395) Large Pages: 0 / 0M, Empty: 0M, Relocated: 0M, In-Place: 0
[302.435s][info][gc,reloc    ] GC(395) Forwarding Usage: 0M
[302.435s][info][gc,heap     ] GC(395) Min Capacity: 8M(0%)
[302.435s][info][gc,heap     ] GC(395) Max Capacity: 2048M(100%)
[302.435s][info][gc,heap     ] GC(395) Soft Max Capacity: 2048M(100%)
[302.435s][info][gc,heap     ] GC(395)                Mark Start          Mark End        Relocate Start      Relocate End           High               Low         
[302.435s][info][gc,heap     ] GC(395)  Capacity:     2048M (100%)       2048M (100%)       2048M (100%)       2048M (100%)       2048M (100%)       2048M (100%)   
[302.435s][info][gc,heap     ] GC(395)      Free:      406M (20%)         378M (18%)        1738M (85%)        1842M (90%)        1844M (90%)         222M (11%)    
[302.435s][info][gc,heap     ] GC(395)      Used:     1642M (80%)        1670M (82%)         310M (15%)         206M (10%)        1826M (89%)         204M (10%)    
[302.436s][info][gc,heap     ] GC(395)      Live:         -                 8M (0%)            8M (0%)            8M (0%)             -                  -          
[302.436s][info][gc,heap     ] GC(395) Allocated:         -                28M (1%)          190M (9%)          195M (10%)            -                  -          
[302.436s][info][gc,heap     ] GC(395)   Garbage:         -              1633M (80%)         111M (5%)            2M (0%)             -                  -          
[302.436s][info][gc,heap     ] GC(395) Reclaimed:         -                  -              1522M (74%)        1631M (80%)            -                  -          
[302.436s][info][gc          ] GC(395) Garbage Collection (Allocation Rate) 1642M(80%)->206M(10%)
[303.125s][info][gc,start    ] GC(396) Garbage Collection (Allocation Rate)
[303.126s][info][gc,task     ] GC(396) Using 1 workers
[303.126s][info][gc,phases   ] GC(396) Pause Mark Start 0.010ms
[303.140s][info][gc,phases   ] GC(396) Concurrent Mark 14.062ms
[303.140s][info][gc,phases   ] GC(396) Pause Mark End 0.016ms
[303.140s][info][gc,phases   ] GC(396) Concurrent Mark Free 0.001ms
[303.227s][info][gc,phases   ] GC(396) Concurrent Process Non-Strong References 87.222ms
[303.227s][info][gc,phases   ] GC(396) Concurrent Reset Relocation Set 0.006ms
[303.232s][info][gc,phases   ] GC(396) Concurrent Select Relocation Set 4.621ms
[303.232s][info][gc,phases   ] GC(396) Pause Relocate Start 0.009ms
[303.233s][info][gc,phases   ] GC(396) Concurrent Relocate 0.514ms
[303.233s][info][gc,load     ] GC(396) Load: 0.00/0.00/0.00
[303.233s][info][gc,mmu      ] GC(396) MMU: 2ms/94.9%, 5ms/98.0%, 10ms/99.0%, 20ms/99.4%, 50ms/99.8%, 100ms/99.9%
[303.233s][info][gc,marking  ] GC(396) Mark: 1 stripe(s), 2 proactive flush(es), 1 terminate flush(es), 0 completion(s), 0 continuation(s) 
[303.233s][info][gc,marking  ] GC(396) Mark Stack Usage: 32M
[303.233s][info][gc,nmethod  ] GC(396) NMethods: 647 registered, 134 unregistered
[303.233s][info][gc,metaspace] GC(396) Metaspace: 13M used, 14M committed, 1088M reserved
[303.233s][info][gc,ref      ] GC(396) Soft: 134 encountered, 0 discovered, 0 enqueued
[303.233s][info][gc,ref      ] GC(396) Weak: 721 encountered, 455 discovered, 0 enqueued
[303.233s][info][gc,ref      ] GC(396) Final: 0 encountered, 0 discovered, 0 enqueued
[303.233s][info][gc,ref      ] GC(396) Phantom: 59 encountered, 41 discovered, 0 enqueued
[303.233s][info][gc,reloc    ] GC(396) Small Pages: 756 / 1512M, Empty: 1400M, Relocated: 1M, In-Place: 0
[303.233s][info][gc,reloc    ] GC(396) Medium Pages: 0 / 0M, Empty: 0M, Relocated: 0M, In-Place: 0
[303.233s][info][gc,reloc    ] GC(396) Large Pages: 0 / 0M, Empty: 0M, Relocated: 0M, In-Place: 0
[303.233s][info][gc,reloc    ] GC(396) Forwarding Usage: 0M
[303.233s][info][gc,heap     ] GC(396) Min Capacity: 8M(0%)
[303.233s][info][gc,heap     ] GC(396) Max Capacity: 2048M(100%)
[303.233s][info][gc,heap     ] GC(396) Soft Max Capacity: 2048M(100%)
[303.233s][info][gc,heap     ] GC(396)                Mark Start          Mark End        Relocate Start      Relocate End           High               Low         
[303.233s][info][gc,heap     ] GC(396)  Capacity:     2048M (100%)       2048M (100%)       2048M (100%)       2048M (100%)       2048M (100%)       2048M (100%)   
[303.233s][info][gc,heap     ] GC(396)      Free:      536M (26%)         500M (24%)        1734M (85%)        1834M (90%)        1834M (90%)         342M (17%)    
[303.233s][info][gc,heap     ] GC(396)      Used:     1512M (74%)        1548M (76%)         314M (15%)         214M (10%)        1706M (83%)         214M (10%)    
[303.233s][info][gc,heap     ] GC(396)      Live:         -                 8M (0%)            8M (0%)            8M (0%)             -                  -          
[303.233s][info][gc,heap     ] GC(396) Allocated:         -                36M (2%)          202M (10%)         202M (10%)            -                  -          
[303.233s][info][gc,heap     ] GC(396)   Garbage:         -              1503M (73%)         103M (5%)            3M (0%)             -                  -          
[303.233s][info][gc,heap     ] GC(396) Reclaimed:         -                  -              1400M (68%)        1500M (73%)            -                  -          
[303.233s][info][gc          ] GC(396) Garbage Collection (Allocation Rate) 1512M(74%)->214M(10%)
[304.024s][info][gc,start    ] GC(397) Garbage Collection (Allocation Rate)
[304.024s][info][gc,task     ] GC(397) Using 1 workers
[304.025s][info][gc,phases   ] GC(397) Pause Mark Start 0.010ms
[304.038s][info][gc,phases   ] GC(397) Concurrent Mark 13.443ms
[304.038s][info][gc,phases   ] GC(397) Pause Mark End 0.015ms
[304.038s][info][gc,phases   ] GC(397) Concurrent Mark Free 0.001ms
[304.136s][info][gc,phases   ] GC(397) Concurrent Process Non-Strong References 97.184ms
[304.136s][info][gc,phases   ] GC(397) Concurrent Reset Relocation Set 0.007ms
[304.141s][info][gc,phases   ] GC(397) Concurrent Select Relocation Set 5.082ms
[304.141s][info][gc,phases   ] GC(397) Pause Relocate Start 0.008ms
[304.143s][info][gc,phases   ] GC(397) Concurrent Relocate 2.161ms
[304.143s][info][gc,load     ] GC(397) Load: 0.00/0.00/0.00
[304.143s][info][gc,mmu      ] GC(397) MMU: 2ms/94.9%, 5ms/98.0%, 10ms/99.0%, 20ms/99.4%, 50ms/99.8%, 100ms/99.9%
[304.143s][info][gc,marking  ] GC(397) Mark: 1 stripe(s), 2 proactive flush(es), 1 terminate flush(es), 0 completion(s), 0 continuation(s) 
[304.143s][info][gc,marking  ] GC(397) Mark Stack Usage: 32M
[304.143s][info][gc,nmethod  ] GC(397) NMethods: 647 registered, 134 unregistered
[304.143s][info][gc,metaspace] GC(397) Metaspace: 13M used, 14M committed, 1088M reserved
[304.143s][info][gc,ref      ] GC(397) Soft: 134 encountered, 0 discovered, 0 enqueued
[304.143s][info][gc,ref      ] GC(397) Weak: 721 encountered, 455 discovered, 0 enqueued
[304.143s][info][gc,ref      ] GC(397) Final: 0 encountered, 0 discovered, 0 enqueued
[304.143s][info][gc,ref      ] GC(397) Phantom: 59 encountered, 41 discovered, 0 enqueued
[304.143s][info][gc,reloc    ] GC(397) Small Pages: 823 / 1646M, Empty: 1526M, Relocated: 3M, In-Place: 0
[304.143s][info][gc,reloc    ] GC(397) Medium Pages: 0 / 0M, Empty: 0M, Relocated: 0M, In-Place: 0
[304.143s][info][gc,reloc    ] GC(397) Large Pages: 0 / 0M, Empty: 0M, Relocated: 0M, In-Place: 0
[304.143s][info][gc,reloc    ] GC(397) Forwarding Usage: 0M
[304.143s][info][gc,heap     ] GC(397) Min Capacity: 8M(0%)
[304.143s][info][gc,heap     ] GC(397) Max Capacity: 2048M(100%)
[304.144s][info][gc,heap     ] GC(397) Soft Max Capacity: 2048M(100%)
[304.144s][info][gc,heap     ] GC(397)                Mark Start          Mark End        Relocate Start      Relocate End           High               Low         
[304.144s][info][gc,heap     ] GC(397)  Capacity:     2048M (100%)       2048M (100%)       2048M (100%)       2048M (100%)       2048M (100%)       2048M (100%)   
[304.144s][info][gc,heap     ] GC(397)      Free:      402M (20%)         370M (18%)        1712M (84%)        1820M (89%)        1820M (89%)         196M (10%)    
[304.144s][info][gc,heap     ] GC(397)      Used:     1646M (80%)        1678M (82%)         336M (16%)         228M (11%)        1852M (90%)         228M (11%)    
[304.144s][info][gc,heap     ] GC(397)      Live:         -                 8M (0%)            8M (0%)            8M (0%)             -                  -          
[304.144s][info][gc,heap     ] GC(397) Allocated:         -                32M (2%)          216M (11%)         218M (11%)            -                  -          
[304.144s][info][gc,heap     ] GC(397)   Garbage:         -              1637M (80%)         111M (5%)            1M (0%)             -                  -          
[304.144s][info][gc,heap     ] GC(397) Reclaimed:         -                  -              1526M (75%)        1636M (80%)            -                  -          
[304.144s][info][gc          ] GC(397) Garbage Collection (Allocation Rate) 1646M(80%)->228M(11%)
[304.925s][info][gc,start    ] GC(398) Garbage Collection (Allocation Rate)
[304.925s][info][gc,task     ] GC(398) Using 1 workers
[305.039s][info][gc,phases   ] GC(398) Pause Mark Start 0.017ms
[305.064s][info][gc,phases   ] GC(398) Concurrent Mark 24.825ms
[305.064s][info][gc,phases   ] GC(398) Pause Mark End 0.017ms
[305.064s][info][gc,phases   ] GC(398) Concurrent Mark Free 0.001ms
[305.162s][info][gc,phases   ] GC(398) Concurrent Process Non-Strong References 97.565ms
[305.162s][info][gc,phases   ] GC(398) Concurrent Reset Relocation Set 0.006ms
[305.166s][info][gc,phases   ] GC(398) Concurrent Select Relocation Set 4.403ms
[305.166s][info][gc,phases   ] GC(398) Pause Relocate Start 0.008ms
[305.167s][info][gc,phases   ] GC(398) Concurrent Relocate 0.567ms
[305.167s][info][gc,load     ] GC(398) Load: 0.00/0.00/0.00
[305.167s][info][gc,mmu      ] GC(398) MMU: 2ms/94.9%, 5ms/98.0%, 10ms/99.0%, 20ms/99.4%, 50ms/99.8%, 100ms/99.9%
[305.167s][info][gc,marking  ] GC(398) Mark: 1 stripe(s), 2 proactive flush(es), 1 terminate flush(es), 0 completion(s), 0 continuation(s) 
[305.167s][info][gc,marking  ] GC(398) Mark Stack Usage: 32M
[305.167s][info][gc,nmethod  ] GC(398) NMethods: 647 registered, 134 unregistered
[305.167s][info][gc,metaspace] GC(398) Metaspace: 13M used, 14M committed, 1088M reserved
[305.167s][info][gc,ref      ] GC(398) Soft: 134 encountered, 0 discovered, 0 enqueued
[305.167s][info][gc,ref      ] GC(398) Weak: 721 encountered, 455 discovered, 0 enqueued
[305.167s][info][gc,ref      ] GC(398) Final: 0 encountered, 0 discovered, 0 enqueued
[305.167s][info][gc,ref      ] GC(398) Phantom: 59 encountered, 41 discovered, 0 enqueued
[305.167s][info][gc,reloc    ] GC(398) Small Pages: 813 / 1626M, Empty: 1510M, Relocated: 1M, In-Place: 0
[305.167s][info][gc,reloc    ] GC(398) Medium Pages: 0 / 0M, Empty: 0M, Relocated: 0M, In-Place: 0
[305.167s][info][gc,reloc    ] GC(398) Large Pages: 0 / 0M, Empty: 0M, Relocated: 0M, In-Place: 0
[305.167s][info][gc,reloc    ] GC(398) Forwarding Usage: 0M
[305.167s][info][gc,heap     ] GC(398) Min Capacity: 8M(0%)
[305.167s][info][gc,heap     ] GC(398) Max Capacity: 2048M(100%)
[305.167s][info][gc,heap     ] GC(398) Soft Max Capacity: 2048M(100%)
[305.167s][info][gc,heap     ] GC(398)                Mark Start          Mark End        Relocate Start      Relocate End           High               Low         
[305.167s][info][gc,heap     ] GC(398)  Capacity:     2048M (100%)       2048M (100%)       2048M (100%)       2048M (100%)       2048M (100%)       2048M (100%)   
[305.167s][info][gc,heap     ] GC(398)      Free:      422M (21%)         380M (19%)        1710M (83%)        1814M (89%)        1814M (89%)         208M (10%)    
[305.167s][info][gc,heap     ] GC(398)      Used:     1626M (79%)        1668M (81%)         338M (17%)         234M (11%)        1840M (90%)         234M (11%)    
[305.167s][info][gc,heap     ] GC(398)      Live:         -                 8M (0%)            8M (0%)            8M (0%)             -                  -          
[305.167s][info][gc,heap     ] GC(398) Allocated:         -                42M (2%)          222M (11%)         221M (11%)            -                  -          
[305.167s][info][gc,heap     ] GC(398)   Garbage:         -              1617M (79%)         107M (5%)            3M (0%)             -                  -          
[305.167s][info][gc,heap     ] GC(398) Reclaimed:         -                  -              1510M (74%)        1613M (79%)            -                  -          
[305.167s][info][gc          ] GC(398) Garbage Collection (Allocation Rate) 1626M(79%)->234M(11%)
[305.524s][info][gc,start    ] GC(399) Garbage Collection (Allocation Rate)
[305.524s][info][gc,task     ] GC(399) Using 1 workers
[305.524s][info][gc,phases   ] GC(399) Pause Mark Start 0.011ms
[305.538s][info][gc,phases   ] GC(399) Concurrent Mark 13.136ms
[305.538s][info][gc,phases   ] GC(399) Pause Mark End 0.015ms
[305.538s][info][gc,phases   ] GC(399) Concurrent Mark Free 0.001ms
[305.621s][info][gc,phases   ] GC(399) Concurrent Process Non-Strong References 82.617ms
[305.621s][info][gc,phases   ] GC(399) Concurrent Reset Relocation Set 0.007ms
[305.625s][info][gc,phases   ] GC(399) Concurrent Select Relocation Set 4.517ms
[305.625s][info][gc,phases   ] GC(399) Pause Relocate Start 0.008ms
[305.628s][info][gc,phases   ] GC(399) Concurrent Relocate 2.780ms
[305.628s][info][gc,load     ] GC(399) Load: 0.00/0.00/0.00
[305.628s][info][gc,mmu      ] GC(399) MMU: 2ms/94.9%, 5ms/98.0%, 10ms/99.0%, 20ms/99.4%, 50ms/99.8%, 100ms/99.9%
[305.628s][info][gc,marking  ] GC(399) Mark: 1 stripe(s), 2 proactive flush(es), 1 terminate flush(es), 0 completion(s), 0 continuation(s) 
[305.628s][info][gc,marking  ] GC(399) Mark Stack Usage: 32M
[305.628s][info][gc,nmethod  ] GC(399) NMethods: 647 registered, 134 unregistered
[305.628s][info][gc,metaspace] GC(399) Metaspace: 13M used, 14M committed, 1088M reserved
[305.628s][info][gc,ref      ] GC(399) Soft: 134 encountered, 0 discovered, 0 enqueued
[305.628s][info][gc,ref      ] GC(399) Weak: 721 encountered, 455 discovered, 0 enqueued
[305.628s][info][gc,ref      ] GC(399) Final: 0 encountered, 0 discovered, 0 enqueued
[305.628s][info][gc,ref      ] GC(399) Phantom: 59 encountered, 41 discovered, 0 enqueued
[305.628s][info][gc,reloc    ] GC(399) Small Pages: 440 / 880M, Empty: 800M, Relocated: 3M, In-Place: 0
[305.628s][info][gc,reloc    ] GC(399) Medium Pages: 0 / 0M, Empty: 0M, Relocated: 0M, In-Place: 0
[305.628s][info][gc,reloc    ] GC(399) Large Pages: 0 / 0M, Empty: 0M, Relocated: 0M, In-Place: 0
[305.629s][info][gc,reloc    ] GC(399) Forwarding Usage: 0M
[305.629s][info][gc,heap     ] GC(399) Min Capacity: 8M(0%)
[305.629s][info][gc,heap     ] GC(399) Max Capacity: 2048M(100%)
[305.629s][info][gc,heap     ] GC(399) Soft Max Capacity: 2048M(100%)
[305.629s][info][gc,heap     ] GC(399)                Mark Start          Mark End        Relocate Start      Relocate End           High               Low         
[305.629s][info][gc,heap     ] GC(399)  Capacity:     2048M (100%)       2048M (100%)       2048M (100%)       2048M (100%)       2048M (100%)       2048M (100%)   
[305.629s][info][gc,heap     ] GC(399)      Free:     1168M (57%)        1136M (55%)        1770M (86%)        1836M (90%)        1838M (90%)         980M (48%)    
[305.629s][info][gc,heap     ] GC(399)      Used:      880M (43%)         912M (45%)         278M (14%)         212M (10%)        1068M (52%)         210M (10%)    
[305.629s][info][gc,heap     ] GC(399)      Live:         -                 8M (0%)            8M (0%)            8M (0%)             -                  -          
[305.629s][info][gc,heap     ] GC(399) Allocated:         -                32M (2%)          198M (10%)         202M (10%)            -                  -          
[305.629s][info][gc,heap     ] GC(399)   Garbage:         -               871M (43%)          71M (3%)            1M (0%)             -                  -          
[305.629s][info][gc,heap     ] GC(399) Reclaimed:         -                  -               800M (39%)         870M (42%)            -                  -          
[305.629s][info][gc          ] GC(399) Garbage Collection (Allocation Rate) 880M(43%)->212M(10%)
[306.024s][info][gc,start    ] GC(400) Garbage Collection (Allocation Rate)
[306.024s][info][gc,task     ] GC(400) Using 1 workers
[306.024s][info][gc,phases   ] GC(400) Pause Mark Start 0.013ms
[306.040s][info][gc,phases   ] GC(400) Concurrent Mark 15.740ms
[306.040s][info][gc,phases   ] GC(400) Pause Mark End 0.015ms
[306.041s][info][gc,phases   ] GC(400) Concurrent Mark Free 0.001ms
[306.120s][info][gc,phases   ] GC(400) Concurrent Process Non-Strong References 78.961ms
[306.120s][info][gc,phases   ] GC(400) Concurrent Reset Relocation Set 0.004ms
[306.125s][info][gc,phases   ] GC(400) Concurrent Select Relocation Set 4.798ms
[306.125s][info][gc,phases   ] GC(400) Pause Relocate Start 0.008ms
[306.125s][info][gc,phases   ] GC(400) Concurrent Relocate 0.430ms
[306.125s][info][gc,load     ] GC(400) Load: 0.00/0.00/0.00
[306.125s][info][gc,mmu      ] GC(400) MMU: 2ms/94.9%, 5ms/98.0%, 10ms/99.0%, 20ms/99.4%, 50ms/99.8%, 100ms/99.9%
[306.125s][info][gc,marking  ] GC(400) Mark: 1 stripe(s), 2 proactive flush(es), 1 terminate flush(es), 0 completion(s), 0 continuation(s) 
[306.125s][info][gc,marking  ] GC(400) Mark Stack Usage: 32M
[306.125s][info][gc,nmethod  ] GC(400) NMethods: 647 registered, 134 unregistered
[306.125s][info][gc,metaspace] GC(400) Metaspace: 13M used, 14M committed, 1088M reserved
[306.125s][info][gc,ref      ] GC(400) Soft: 134 encountered, 0 discovered, 0 enqueued
[306.125s][info][gc,ref      ] GC(400) Weak: 721 encountered, 455 discovered, 0 enqueued
[306.125s][info][gc,ref      ] GC(400) Final: 0 encountered, 0 discovered, 0 enqueued
[306.125s][info][gc,ref      ] GC(400) Phantom: 59 encountered, 41 discovered, 0 enqueued
[306.125s][info][gc,reloc    ] GC(400) Small Pages: 501 / 1002M, Empty: 920M, Relocated: 1M, In-Place: 0
[306.125s][info][gc,reloc    ] GC(400) Medium Pages: 0 / 0M, Empty: 0M, Relocated: 0M, In-Place: 0
[306.125s][info][gc,reloc    ] GC(400) Large Pages: 0 / 0M, Empty: 0M, Relocated: 0M, In-Place: 0
[306.125s][info][gc,reloc    ] GC(400) Forwarding Usage: 0M
[306.125s][info][gc,heap     ] GC(400) Min Capacity: 8M(0%)
[306.125s][info][gc,heap     ] GC(400) Max Capacity: 2048M(100%)
[306.125s][info][gc,heap     ] GC(400) Soft Max Capacity: 2048M(100%)
[306.126s][info][gc,heap     ] GC(400)                Mark Start          Mark End        Relocate Start      Relocate End           High               Low         
[306.126s][info][gc,heap     ] GC(400)  Capacity:     2048M (100%)       2048M (100%)       2048M (100%)       2048M (100%)       2048M (100%)       2048M (100%)   
[306.126s][info][gc,heap     ] GC(400)      Free:     1046M (51%)        1008M (49%)        1764M (86%)        1832M (89%)        1832M (89%)         852M (42%)    
[306.126s][info][gc,heap     ] GC(400)      Used:     1002M (49%)        1040M (51%)         284M (14%)         216M (11%)        1196M (58%)         216M (11%)    
[306.126s][info][gc,heap     ] GC(400)      Live:         -                 8M (0%)            8M (0%)            8M (0%)             -                  -          
[306.126s][info][gc,heap     ] GC(400) Allocated:         -                38M (2%)          202M (10%)         204M (10%)            -                  -          
[306.126s][info][gc,heap     ] GC(400)   Garbage:         -               993M (49%)          73M (4%)            3M (0%)             -                  -          
[306.126s][info][gc,heap     ] GC(400) Reclaimed:         -                  -               920M (45%)         990M (48%)            -                  -          
[306.126s][info][gc          ] GC(400) Garbage Collection (Allocation Rate) 1002M(49%)->216M(11%)
[306.625s][info][gc,start    ] GC(401) Garbage Collection (Allocation Rate)
[306.625s][info][gc,task     ] GC(401) Using 1 workers
[306.626s][info][gc,phases   ] GC(401) Pause Mark Start 0.013ms
[306.639s][info][gc,phases   ] GC(401) Concurrent Mark 13.753ms
[306.639s][info][gc,phases   ] GC(401) Pause Mark End 0.015ms
[306.640s][info][gc,phases   ] GC(401) Concurrent Mark Free 0.001ms
[306.731s][info][gc,phases   ] GC(401) Concurrent Process Non-Strong References 91.222ms
[306.731s][info][gc,phases   ] GC(401) Concurrent Reset Relocation Set 0.003ms
[306.735s][info][gc,phases   ] GC(401) Concurrent Select Relocation Set 3.582ms
[306.735s][info][gc,phases   ] GC(401) Pause Relocate Start 0.008ms
[306.735s][info][gc,phases   ] GC(401) Concurrent Relocate 0.494ms
[306.735s][info][gc,load     ] GC(401) Load: 0.00/0.00/0.00
[306.735s][info][gc,mmu      ] GC(401) MMU: 2ms/94.9%, 5ms/98.0%, 10ms/99.0%, 20ms/99.4%, 50ms/99.8%, 100ms/99.9%
[306.735s][info][gc,marking  ] GC(401) Mark: 1 stripe(s), 2 proactive flush(es), 1 terminate flush(es), 0 completion(s), 0 continuation(s) 
[306.735s][info][gc,marking  ] GC(401) Mark Stack Usage: 32M
[306.735s][info][gc,nmethod  ] GC(401) NMethods: 647 registered, 134 unregistered
[306.735s][info][gc,metaspace] GC(401) Metaspace: 13M used, 14M committed, 1088M reserved
[306.735s][info][gc,ref      ] GC(401) Soft: 134 encountered, 0 discovered, 0 enqueued
[306.735s][info][gc,ref      ] GC(401) Weak: 721 encountered, 455 discovered, 0 enqueued
[306.735s][info][gc,ref      ] GC(401) Final: 0 encountered, 0 discovered, 0 enqueued
[306.735s][info][gc,ref      ] GC(401) Phantom: 59 encountered, 41 discovered, 0 enqueued
[306.735s][info][gc,reloc    ] GC(401) Small Pages: 593 / 1186M, Empty: 1096M, Relocated: 1M, In-Place: 0
[306.735s][info][gc,reloc    ] GC(401) Medium Pages: 0 / 0M, Empty: 0M, Relocated: 0M, In-Place: 0
[306.736s][info][gc,reloc    ] GC(401) Large Pages: 0 / 0M, Empty: 0M, Relocated: 0M, In-Place: 0
[306.736s][info][gc,reloc    ] GC(401) Forwarding Usage: 0M
[306.736s][info][gc,heap     ] GC(401) Min Capacity: 8M(0%)
[306.736s][info][gc,heap     ] GC(401) Max Capacity: 2048M(100%)
[306.736s][info][gc,heap     ] GC(401) Soft Max Capacity: 2048M(100%)
[306.736s][info][gc,heap     ] GC(401)                Mark Start          Mark End        Relocate Start      Relocate End           High               Low         
[306.736s][info][gc,heap     ] GC(401)  Capacity:     2048M (100%)       2048M (100%)       2048M (100%)       2048M (100%)       2048M (100%)       2048M (100%)   
[306.736s][info][gc,heap     ] GC(401)      Free:      862M (42%)         828M (40%)        1740M (85%)        1818M (89%)        1818M (89%)         650M (32%)    
[306.736s][info][gc,heap     ] GC(401)      Used:     1186M (58%)        1220M (60%)         308M (15%)         230M (11%)        1398M (68%)         230M (11%)    
[306.736s][info][gc,heap     ] GC(401)      Live:         -                 8M (0%)            8M (0%)            8M (0%)             -                  -          
[306.736s][info][gc,heap     ] GC(401) Allocated:         -                34M (2%)          218M (11%)         218M (11%)            -                  -          
[306.736s][info][gc,heap     ] GC(401)   Garbage:         -              1177M (57%)          81M (4%)            2M (0%)             -                  -          
[306.736s][info][gc,heap     ] GC(401) Reclaimed:         -                  -              1096M (54%)        1174M (57%)            -                  -          
[306.736s][info][gc          ] GC(401) Garbage Collection (Allocation Rate) 1186M(58%)->230M(11%)
[307.425s][info][gc,start    ] GC(402) Garbage Collection (Allocation Rate)
[307.425s][info][gc,task     ] GC(402) Using 1 workers
[307.425s][info][gc,phases   ] GC(402) Pause Mark Start 0.012ms
[307.438s][info][gc,phases   ] GC(402) Concurrent Mark 13.119ms
[307.438s][info][gc,phases   ] GC(402) Pause Mark End 0.016ms
[307.438s][info][gc,phases   ] GC(402) Concurrent Mark Free 0.001ms
[307.538s][info][gc,phases   ] GC(402) Concurrent Process Non-Strong References 99.214ms
[307.538s][info][gc,phases   ] GC(402) Concurrent Reset Relocation Set 0.006ms
[307.542s][info][gc,phases   ] GC(402) Concurrent Select Relocation Set 3.953ms
[307.542s][info][gc,phases   ] GC(402) Pause Relocate Start 0.009ms
[307.542s][info][gc,phases   ] GC(402) Concurrent Relocate 0.379ms
[307.543s][info][gc,load     ] GC(402) Load: 0.00/0.00/0.00
[307.543s][info][gc,mmu      ] GC(402) MMU: 2ms/94.9%, 5ms/98.0%, 10ms/99.0%, 20ms/99.4%, 50ms/99.8%, 100ms/99.9%
[307.543s][info][gc,marking  ] GC(402) Mark: 1 stripe(s), 2 proactive flush(es), 1 terminate flush(es), 0 completion(s), 0 continuation(s) 
[307.543s][info][gc,marking  ] GC(402) Mark Stack Usage: 32M
[307.543s][info][gc,nmethod  ] GC(402) NMethods: 647 registered, 134 unregistered
[307.543s][info][gc,metaspace] GC(402) Metaspace: 13M used, 14M committed, 1088M reserved
[307.543s][info][gc,ref      ] GC(402) Soft: 134 encountered, 0 discovered, 0 enqueued
[307.543s][info][gc,ref      ] GC(402) Weak: 721 encountered, 455 discovered, 0 enqueued
[307.543s][info][gc,ref      ] GC(402) Final: 0 encountered, 0 discovered, 0 enqueued
[307.543s][info][gc,ref      ] GC(402) Phantom: 59 encountered, 41 discovered, 0 enqueued
[307.543s][info][gc,reloc    ] GC(402) Small Pages: 769 / 1538M, Empty: 1434M, Relocated: 0M, In-Place: 0
[307.543s][info][gc,reloc    ] GC(402) Medium Pages: 0 / 0M, Empty: 0M, Relocated: 0M, In-Place: 0
[307.543s][info][gc,reloc    ] GC(402) Large Pages: 0 / 0M, Empty: 0M, Relocated: 0M, In-Place: 0
[307.543s][info][gc,reloc    ] GC(402) Forwarding Usage: 0M
[307.543s][info][gc,heap     ] GC(402) Min Capacity: 8M(0%)
[307.543s][info][gc,heap     ] GC(402) Max Capacity: 2048M(100%)
[307.543s][info][gc,heap     ] GC(402) Soft Max Capacity: 2048M(100%)
[307.543s][info][gc,heap     ] GC(402)                Mark Start          Mark End        Relocate Start      Relocate End           High               Low         
[307.543s][info][gc,heap     ] GC(402)  Capacity:     2048M (100%)       2048M (100%)       2048M (100%)       2048M (100%)       2048M (100%)       2048M (100%)   
[307.543s][info][gc,heap     ] GC(402)      Free:      510M (25%)         478M (23%)        1716M (84%)        1806M (88%)        1806M (88%)         290M (14%)    
[307.543s][info][gc,heap     ] GC(402)      Used:     1538M (75%)        1570M (77%)         332M (16%)         242M (12%)        1758M (86%)         242M (12%)    
[307.543s][info][gc,heap     ] GC(402)      Live:         -                 8M (0%)            8M (0%)            8M (0%)             -                  -          
[307.543s][info][gc,heap     ] GC(402) Allocated:         -                32M (2%)          228M (11%)         229M (11%)            -                  -          
[307.543s][info][gc,heap     ] GC(402)   Garbage:         -              1529M (75%)          95M (5%)            3M (0%)             -                  -          
[307.543s][info][gc,heap     ] GC(402) Reclaimed:         -                  -              1434M (70%)        1525M (75%)            -                  -          
[307.543s][info][gc          ] GC(402) Garbage Collection (Allocation Rate) 1538M(75%)->242M(12%)
[308.226s][info][gc,start    ] GC(403) Garbage Collection (Allocation Rate)
[308.226s][info][gc,task     ] GC(403) Using 1 workers
[308.226s][info][gc,phases   ] GC(403) Pause Mark Start 0.011ms
[308.239s][info][gc,phases   ] GC(403) Concurrent Mark 12.672ms
[308.239s][info][gc,phases   ] GC(403) Pause Mark End 0.016ms
[308.239s][info][gc,phases   ] GC(403) Concurrent Mark Free 0.001ms
[308.325s][info][gc,phases   ] GC(403) Concurrent Process Non-Strong References 86.162ms
[308.325s][info][gc,phases   ] GC(403) Concurrent Reset Relocation Set 0.006ms
[308.329s][info][gc,phases   ] GC(403) Concurrent Select Relocation Set 4.275ms
[308.330s][info][gc,phases   ] GC(403) Pause Relocate Start 0.007ms
[308.330s][info][gc,phases   ] GC(403) Concurrent Relocate 0.362ms
[308.330s][info][gc,load     ] GC(403) Load: 0.00/0.00/0.00
[308.330s][info][gc,mmu      ] GC(403) MMU: 2ms/94.9%, 5ms/98.0%, 10ms/99.0%, 20ms/99.4%, 50ms/99.8%, 100ms/99.9%
[308.330s][info][gc,marking  ] GC(403) Mark: 1 stripe(s), 2 proactive flush(es), 1 terminate flush(es), 0 completion(s), 0 continuation(s) 
[308.330s][info][gc,marking  ] GC(403) Mark Stack Usage: 32M
[308.330s][info][gc,nmethod  ] GC(403) NMethods: 647 registered, 134 unregistered
[308.330s][info][gc,metaspace] GC(403) Metaspace: 13M used, 14M committed, 1088M reserved
[308.330s][info][gc,ref      ] GC(403) Soft: 134 encountered, 0 discovered, 0 enqueued
[308.330s][info][gc,ref      ] GC(403) Weak: 721 encountered, 455 discovered, 0 enqueued
[308.330s][info][gc,ref      ] GC(403) Final: 0 encountered, 0 discovered, 0 enqueued
[308.330s][info][gc,ref      ] GC(403) Phantom: 59 encountered, 41 discovered, 0 enqueued
[308.330s][info][gc,reloc    ] GC(403) Small Pages: 752 / 1504M, Empty: 1392M, Relocated: 0M, In-Place: 0
[308.330s][info][gc,reloc    ] GC(403) Medium Pages: 0 / 0M, Empty: 0M, Relocated: 0M, In-Place: 0
[308.330s][info][gc,reloc    ] GC(403) Large Pages: 0 / 0M, Empty: 0M, Relocated: 0M, In-Place: 0
[308.330s][info][gc,reloc    ] GC(403) Forwarding Usage: 0M
[308.330s][info][gc,heap     ] GC(403) Min Capacity: 8M(0%)
[308.330s][info][gc,heap     ] GC(403) Max Capacity: 2048M(100%)
[308.330s][info][gc,heap     ] GC(403) Soft Max Capacity: 2048M(100%)
[308.330s][info][gc,heap     ] GC(403)                Mark Start          Mark End        Relocate Start      Relocate End           High               Low         
[308.330s][info][gc,heap     ] GC(403)  Capacity:     2048M (100%)       2048M (100%)       2048M (100%)       2048M (100%)       2048M (100%)       2048M (100%)   
[308.330s][info][gc,heap     ] GC(403)      Free:      544M (27%)         516M (25%)        1754M (86%)        1854M (91%)        1854M (91%)         370M (18%)    
[308.330s][info][gc,heap     ] GC(403)      Used:     1504M (73%)        1532M (75%)         294M (14%)         194M (9%)         1678M (82%)         194M (9%)     
[308.330s][info][gc,heap     ] GC(403)      Live:         -                 9M (0%)            9M (0%)            9M (0%)             -                  -          
[308.330s][info][gc,heap     ] GC(403) Allocated:         -                28M (1%)          182M (9%)          181M (9%)             -                  -          
[308.330s][info][gc,heap     ] GC(403)   Garbage:         -              1494M (73%)         102M (5%)            2M (0%)             -                  -          
[308.330s][info][gc,heap     ] GC(403) Reclaimed:         -                  -              1392M (68%)        1491M (73%)            -                  -          
[308.330s][info][gc          ] GC(403) Garbage Collection (Allocation Rate) 1504M(73%)->194M(9%)
[309.125s][info][gc,start    ] GC(404) Garbage Collection (Allocation Rate)
[309.125s][info][gc,task     ] GC(404) Using 1 workers
[309.126s][info][gc,phases   ] GC(404) Pause Mark Start 0.011ms
[309.140s][info][gc,phases   ] GC(404) Concurrent Mark 13.921ms
[309.140s][info][gc,phases   ] GC(404) Pause Mark End 0.014ms
[309.140s][info][gc,phases   ] GC(404) Concurrent Mark Free 0.001ms
[309.227s][info][gc,phases   ] GC(404) Concurrent Process Non-Strong References 87.075ms
[309.227s][info][gc,phases   ] GC(404) Concurrent Reset Relocation Set 0.005ms
[309.232s][info][gc,phases   ] GC(404) Concurrent Select Relocation Set 4.629ms
[309.232s][info][gc,phases   ] GC(404) Pause Relocate Start 0.008ms
[309.232s][info][gc,phases   ] GC(404) Concurrent Relocate 0.443ms
[309.232s][info][gc,load     ] GC(404) Load: 0.00/0.00/0.00
[309.232s][info][gc,mmu      ] GC(404) MMU: 2ms/94.9%, 5ms/98.0%, 10ms/99.0%, 20ms/99.4%, 50ms/99.8%, 100ms/99.9%
[309.232s][info][gc,marking  ] GC(404) Mark: 1 stripe(s), 2 proactive flush(es), 1 terminate flush(es), 0 completion(s), 0 continuation(s) 
[309.232s][info][gc,marking  ] GC(404) Mark Stack Usage: 32M
[309.232s][info][gc,nmethod  ] GC(404) NMethods: 647 registered, 134 unregistered
[309.232s][info][gc,metaspace] GC(404) Metaspace: 13M used, 14M committed, 1088M reserved
[309.232s][info][gc,ref      ] GC(404) Soft: 134 encountered, 0 discovered, 0 enqueued
[309.232s][info][gc,ref      ] GC(404) Weak: 709 encountered, 455 discovered, 0 enqueued
[309.232s][info][gc,ref      ] GC(404) Final: 0 encountered, 0 discovered, 0 enqueued
[309.232s][info][gc,ref      ] GC(404) Phantom: 59 encountered, 41 discovered, 0 enqueued
[309.232s][info][gc,reloc    ] GC(404) Small Pages: 833 / 1666M, Empty: 1544M, Relocated: 0M, In-Place: 0
[309.232s][info][gc,reloc    ] GC(404) Medium Pages: 0 / 0M, Empty: 0M, Relocated: 0M, In-Place: 0
[309.232s][info][gc,reloc    ] GC(404) Large Pages: 0 / 0M, Empty: 0M, Relocated: 0M, In-Place: 0
[309.232s][info][gc,reloc    ] GC(404) Forwarding Usage: 0M
[309.232s][info][gc,heap     ] GC(404) Min Capacity: 8M(0%)
[309.232s][info][gc,heap     ] GC(404) Max Capacity: 2048M(100%)
[309.233s][info][gc,heap     ] GC(404) Soft Max Capacity: 2048M(100%)
[309.233s][info][gc,heap     ] GC(404)                Mark Start          Mark End        Relocate Start      Relocate End           High               Low         
[309.233s][info][gc,heap     ] GC(404)  Capacity:     2048M (100%)       2048M (100%)       2048M (100%)       2048M (100%)       2048M (100%)       2048M (100%)   
[309.233s][info][gc,heap     ] GC(404)      Free:      382M (19%)         350M (17%)        1728M (84%)        1838M (90%)        1838M (90%)         192M (9%)     
[309.233s][info][gc,heap     ] GC(404)      Used:     1666M (81%)        1698M (83%)         320M (16%)         210M (10%)        1856M (91%)         210M (10%)    
[309.233s][info][gc,heap     ] GC(404)      Live:         -                 8M (0%)            8M (0%)            8M (0%)             -                  -          
[309.233s][info][gc,heap     ] GC(404) Allocated:         -                32M (2%)          198M (10%)         197M (10%)            -                  -          
[309.233s][info][gc,heap     ] GC(404)   Garbage:         -              1657M (81%)         113M (6%)            3M (0%)             -                  -          
[309.233s][info][gc,heap     ] GC(404) Reclaimed:         -                  -              1544M (75%)        1653M (81%)            -                  -          
[309.233s][info][gc          ] GC(404) Garbage Collection (Allocation Rate) 1666M(81%)->210M(10%)
[309.926s][info][gc,start    ] GC(405) Garbage Collection (Allocation Rate)
[309.926s][info][gc,task     ] GC(405) Using 1 workers
[309.926s][info][gc,phases   ] GC(405) Pause Mark Start 0.010ms
[309.937s][info][gc,phases   ] GC(405) Concurrent Mark 10.701ms
[309.937s][info][gc,phases   ] GC(405) Pause Mark End 0.011ms
[309.937s][info][gc,phases   ] GC(405) Concurrent Mark Free 0.001ms
[310.010s][info][gc,phases   ] GC(405) Concurrent Process Non-Strong References 72.830ms
[310.010s][info][gc,phases   ] GC(405) Concurrent Reset Relocation Set 0.003ms
[310.012s][info][gc,phases   ] GC(405) Concurrent Select Relocation Set 2.473ms
[310.012s][info][gc,phases   ] GC(405) Pause Relocate Start 0.007ms
[310.013s][info][gc,phases   ] GC(405) Concurrent Relocate 0.451ms
[310.013s][info][gc,load     ] GC(405) Load: 0.00/0.00/0.00
[310.013s][info][gc,mmu      ] GC(405) MMU: 2ms/94.9%, 5ms/98.0%, 10ms/99.0%, 20ms/99.4%, 50ms/99.8%, 100ms/99.9%
[310.013s][info][gc,marking  ] GC(405) Mark: 1 stripe(s), 2 proactive flush(es), 1 terminate flush(es), 0 completion(s), 0 continuation(s) 
[310.013s][info][gc,marking  ] GC(405) Mark Stack Usage: 32M
[310.013s][info][gc,nmethod  ] GC(405) NMethods: 647 registered, 134 unregistered
[310.013s][info][gc,metaspace] GC(405) Metaspace: 13M used, 14M committed, 1088M reserved
[310.013s][info][gc,ref      ] GC(405) Soft: 134 encountered, 0 discovered, 0 enqueued
[310.013s][info][gc,ref      ] GC(405) Weak: 665 encountered, 455 discovered, 0 enqueued
[310.013s][info][gc,ref      ] GC(405) Final: 0 encountered, 0 discovered, 0 enqueued
[310.013s][info][gc,ref      ] GC(405) Phantom: 59 encountered, 41 discovered, 0 enqueued
[310.013s][info][gc,reloc    ] GC(405) Small Pages: 795 / 1590M, Empty: 1486M, Relocated: 1M, In-Place: 0
[310.013s][info][gc,reloc    ] GC(405) Medium Pages: 0 / 0M, Empty: 0M, Relocated: 0M, In-Place: 0
[310.013s][info][gc,reloc    ] GC(405) Large Pages: 0 / 0M, Empty: 0M, Relocated: 0M, In-Place: 0
[310.013s][info][gc,reloc    ] GC(405) Forwarding Usage: 0M
[310.013s][info][gc,heap     ] GC(405) Min Capacity: 8M(0%)
[310.013s][info][gc,heap     ] GC(405) Max Capacity: 2048M(100%)
[310.013s][info][gc,heap     ] GC(405) Soft Max Capacity: 2048M(100%)
[310.013s][info][gc,heap     ] GC(405)                Mark Start          Mark End        Relocate Start      Relocate End           High               Low         
[310.013s][info][gc,heap     ] GC(405)  Capacity:     2048M (100%)       2048M (100%)       2048M (100%)       2048M (100%)       2048M (100%)       2048M (100%)   
[310.013s][info][gc,heap     ] GC(405)      Free:      458M (22%)         426M (21%)        1738M (85%)        1832M (89%)        1832M (89%)         258M (13%)    
[310.013s][info][gc,heap     ] GC(405)      Used:     1590M (78%)        1622M (79%)         310M (15%)         216M (11%)        1790M (87%)         216M (11%)    
[310.013s][info][gc,heap     ] GC(405)      Live:         -                 8M (0%)            8M (0%)            8M (0%)             -                  -          
[310.013s][info][gc,heap     ] GC(405) Allocated:         -                32M (2%)          206M (10%)         205M (10%)            -                  -          
[310.013s][info][gc,heap     ] GC(405)   Garbage:         -              1581M (77%)          95M (5%)            2M (0%)             -                  -          
[310.013s][info][gc,heap     ] GC(405) Reclaimed:         -                  -              1486M (73%)        1579M (77%)            -                  -          
[310.013s][info][gc          ] GC(405) Garbage Collection (Allocation Rate) 1590M(78%)->216M(11%)
[310.126s][info][gc,stats    ] === Garbage Collection Statistics =======================================================================================================================
[310.126s][info][gc,stats    ]                                                              Last 10s              Last 10m              Last 10h                Total
[310.126s][info][gc,stats    ]                                                              Avg / Max             Avg / Max             Avg / Max             Avg / Max
[310.127s][info][gc,stats    ]   Collector: Garbage Collection Cycle                    118.494 / 241.786      83.191 / 289.195      83.191 / 289.195      83.191 / 289.195     ms
[310.127s][info][gc,stats    ]  Contention: Mark Segment Reset Contention                     0 / 0                 0 / 11                0 / 11                0 / 11          ops/s
[310.127s][info][gc,stats    ]  Contention: Mark SeqNum Reset Contention                      0 / 0                 0 / 2                 0 / 2                 0 / 2           ops/s
[310.127s][info][gc,stats    ]    Critical: Allocation Stall                                  0 / 0                 0 / 45                0 / 45                0 / 45          ops/s
[310.127s][info][gc,stats    ]    Critical: Allocation Stall                              0.000 / 0.000        25.241 / 55.638       25.241 / 55.638       25.241 / 55.638      ms
[310.127s][info][gc,stats    ]    Critical: GC Locker Stall                                   0 / 0                 0 / 0                 0 / 0                 0 / 0           ops/s
[310.127s][info][gc,stats    ]    Critical: GC Locker Stall                               0.000 / 0.000         0.000 / 0.000         0.000 / 0.000         0.000 / 0.000       ms
[310.127s][info][gc,stats    ]    Critical: Relocation Stall                                  0 / 0                 0 / 0                 0 / 0                 0 / 0           ops/s
[310.127s][info][gc,stats    ]    Critical: Relocation Stall                              0.000 / 0.000         0.000 / 0.000         0.000 / 0.000         0.000 / 0.000       ms
[310.127s][info][gc,stats    ]      Memory: Allocation Rate                                1967 / 2112           1873 / 2316           1873 / 2316           1873 / 2316        MB/s
[310.127s][info][gc,stats    ]      Memory: Defragment                                        0 / 0                 0 / 0                 0 / 0                 0 / 0           ops/s
[310.127s][info][gc,stats    ]      Memory: Out Of Memory                                     0 / 0                 0 / 0                 0 / 0                 0 / 0           ops/s
[310.127s][info][gc,stats    ]      Memory: Page Cache Flush                                  0 / 0                 0 / 0                 0 / 0                 0 / 0           MB/s
[310.127s][info][gc,stats    ]      Memory: Page Cache Hit L1                               984 / 1059            936 / 1159            936 / 1159            936 / 1159        ops/s
[310.127s][info][gc,stats    ]      Memory: Page Cache Hit L2                                 0 / 0                 0 / 0                 0 / 0                 0 / 0           ops/s
[310.127s][info][gc,stats    ]      Memory: Page Cache Hit L3                                 0 / 0                 3 / 449               3 / 449               3 / 449         ops/s
[310.127s][info][gc,stats    ]      Memory: Page Cache Miss                                   0 / 0                 0 / 1                 0 / 1                 0 / 1           ops/s
[310.127s][info][gc,stats    ]      Memory: Uncommit                                          0 / 0                 0 / 0                 0 / 0                 0 / 0           MB/s
[310.127s][info][gc,stats    ]      Memory: Undo Object Allocation Failed                    43 / 222              24 / 222              24 / 222              24 / 222         ops/s
[310.127s][info][gc,stats    ]      Memory: Undo Object Allocation Succeeded                  4 / 11                1 / 21                1 / 21                1 / 21          ops/s
[310.127s][info][gc,stats    ]      Memory: Undo Page Allocation                             70 / 97               66 / 221              66 / 221              66 / 221         ops/s
[310.127s][info][gc,stats    ]       Phase: Concurrent Mark                              14.569 / 24.825       15.369 / 212.397      15.369 / 212.397      15.369 / 212.397     ms
[310.127s][info][gc,stats    ]       Phase: Concurrent Mark Continue                      0.000 / 0.000         0.000 / 0.000         0.000 / 0.000         0.000 / 0.000       ms
[310.127s][info][gc,stats    ]       Phase: Concurrent Mark Free                          0.001 / 0.001         0.001 / 0.002         0.001 / 0.002         0.001 / 0.002       ms
[310.127s][info][gc,stats    ]       Phase: Concurrent Process Non-Strong References     88.804 / 99.214       55.607 / 259.891      55.607 / 259.891      55.607 / 259.891     ms
[310.128s][info][gc,stats    ]       Phase: Concurrent Relocate                           1.076 / 2.780         1.415 / 5.770         1.415 / 5.770         1.415 / 5.770       ms
[310.128s][info][gc,stats    ]       Phase: Concurrent Reset Relocation Set               0.005 / 0.008         0.006 / 0.011         0.006 / 0.011         0.006 / 0.011       ms
[310.128s][info][gc,stats    ]       Phase: Concurrent Select Relocation Set              4.311 / 5.082         4.342 / 14.014        4.342 / 14.014        4.342 / 14.014      ms
[310.128s][info][gc,stats    ]       Phase: Pause Mark End                                0.015 / 0.018         0.017 / 0.102         0.017 / 0.102         0.017 / 0.102       ms
[310.128s][info][gc,stats    ]       Phase: Pause Mark Start                              0.012 / 0.017         0.012 / 0.049         0.012 / 0.049         0.012 / 0.049       ms
[310.128s][info][gc,stats    ]       Phase: Pause Relocate Start                          0.008 / 0.009         0.008 / 0.020         0.008 / 0.020         0.008 / 0.020       ms
[310.128s][info][gc,stats    ]    Subphase: Concurrent Classes Purge                      0.006 / 0.009         0.036 / 5.454         0.036 / 5.454         0.036 / 5.454       ms
[310.128s][info][gc,stats    ]    Subphase: Concurrent Classes Unlink                     1.208 / 1.466         2.909 / 10.160        2.909 / 10.160        2.909 / 10.160      ms
[310.128s][info][gc,stats    ]    Subphase: Concurrent Mark                              13.530 / 22.816       10.184 / 211.109      10.184 / 211.109      10.184 / 211.109     ms
[310.128s][info][gc,stats    ]    Subphase: Concurrent Mark Try Flush                     0.097 / 0.207         0.564 / 193.285       0.564 / 193.285       0.564 / 193.285     ms
[310.128s][info][gc,stats    ]    Subphase: Concurrent Mark Try Terminate                 0.044 / 0.135         2.243 / 16.632        2.243 / 16.632        2.243 / 16.632      ms
[310.128s][info][gc,stats    ]    Subphase: Concurrent References Enqueue                 0.001 / 0.001         0.001 / 0.006         0.001 / 0.006         0.001 / 0.006       ms
[310.128s][info][gc,stats    ]    Subphase: Concurrent References Process                 0.142 / 0.193         0.105 / 0.206         0.105 / 0.206         0.105 / 0.206       ms
[310.128s][info][gc,stats    ]    Subphase: Concurrent Roots ClassLoaderDataGraph         0.187 / 0.393         0.113 / 1.252         0.113 / 1.252         0.113 / 1.252       ms
[310.128s][info][gc,stats    ]    Subphase: Concurrent Roots CodeCache                    0.000 / 0.000         0.000 / 0.000         0.000 / 0.000         0.000 / 0.000       ms
[310.128s][info][gc,stats    ]    Subphase: Concurrent Roots JavaThreads                  0.705 / 1.410         0.337 / 1.791         0.337 / 1.791         0.337 / 1.791       ms
[310.128s][info][gc,stats    ]    Subphase: Concurrent Roots OopStorageSet                0.070 / 0.106         0.045 / 0.778         0.045 / 0.778         0.045 / 0.778       ms
[310.128s][info][gc,stats    ]    Subphase: Concurrent Weak Roots OopStorageSet          87.293 / 97.736       24.076 / 100.559      24.076 / 100.559      24.076 / 100.559     ms
[310.128s][info][gc,stats    ]    Subphase: Pause Mark Try Complete                       0.000 / 0.000         0.002 / 0.006         0.002 / 0.006         0.002 / 0.006       ms
[310.128s][info][gc,stats    ]      System: Java Threads                                     59 / 64               56 / 73               56 / 73               56 / 73          threads
[310.128s][info][gc,stats    ] =========================================================================================================================================================
[310.201s][info][gc,start    ] GC(406) Garbage Collection (System.gc())
[310.201s][info][gc,task     ] GC(406) Using 12 workers
[310.201s][info][gc,phases   ] GC(406) Pause Mark Start 0.015ms
[310.215s][info][gc,phases   ] GC(406) Concurrent Mark 13.266ms
[310.215s][info][gc,phases   ] GC(406) Pause Mark End 0.017ms
[310.245s][info][gc,phases   ] GC(406) Concurrent Mark Free 0.001ms
[310.259s][info][gc,phases   ] GC(406) Concurrent Process Non-Strong References 13.633ms
[310.259s][info][gc,phases   ] GC(406) Concurrent Reset Relocation Set 0.004ms
[310.262s][info][gc,phases   ] GC(406) Concurrent Select Relocation Set 3.358ms
[310.262s][info][gc,phases   ] GC(406) Pause Relocate Start 0.009ms
[310.264s][info][gc,phases   ] GC(406) Concurrent Relocate 1.703ms
[310.264s][info][gc,load     ] GC(406) Load: 0.00/0.00/0.00
[310.264s][info][gc,mmu      ] GC(406) MMU: 2ms/94.9%, 5ms/98.0%, 10ms/99.0%, 20ms/99.4%, 50ms/99.8%, 100ms/99.9%
[310.264s][info][gc,marking  ] GC(406) Mark: 8 stripe(s), 1 proactive flush(es), 1 terminate flush(es), 0 completion(s), 0 continuation(s) 
[310.264s][info][gc,marking  ] GC(406) Mark Stack Usage: 32M
[310.264s][info][gc,nmethod  ] GC(406) NMethods: 647 registered, 134 unregistered
[310.264s][info][gc,metaspace] GC(406) Metaspace: 13M used, 14M committed, 1088M reserved
[310.264s][info][gc,ref      ] GC(406) Soft: 134 encountered, 0 discovered, 0 enqueued
[310.264s][info][gc,ref      ] GC(406) Weak: 621 encountered, 64 discovered, 0 enqueued
[310.264s][info][gc,ref      ] GC(406) Final: 0 encountered, 0 discovered, 0 enqueued
[310.264s][info][gc,ref      ] GC(406) Phantom: 59 encountered, 45 discovered, 0 enqueued
[310.264s][info][gc,reloc    ] GC(406) Small Pages: 178 / 356M, Empty: 330M, Relocated: 3M, In-Place: 0
[310.264s][info][gc,reloc    ] GC(406) Medium Pages: 0 / 0M, Empty: 0M, Relocated: 0M, In-Place: 0
[310.264s][info][gc,reloc    ] GC(406) Large Pages: 0 / 0M, Empty: 0M, Relocated: 0M, In-Place: 0
[310.264s][info][gc,reloc    ] GC(406) Forwarding Usage: 1M
[310.265s][info][gc,heap     ] GC(406) Min Capacity: 8M(0%)
[310.265s][info][gc,heap     ] GC(406) Max Capacity: 2048M(100%)
[310.265s][info][gc,heap     ] GC(406) Soft Max Capacity: 2048M(100%)
[310.265s][info][gc,heap     ] GC(406)                Mark Start          Mark End        Relocate Start      Relocate End           High               Low         
[310.265s][info][gc,heap     ] GC(406)  Capacity:     2048M (100%)       2048M (100%)       2048M (100%)       2048M (100%)       2048M (100%)       2048M (100%)   
[310.265s][info][gc,heap     ] GC(406)      Free:     1692M (83%)        1692M (83%)        2022M (99%)        2022M (99%)        2022M (99%)        1692M (83%)    
[310.265s][info][gc,heap     ] GC(406)      Used:      356M (17%)         356M (17%)          26M (1%)           26M (1%)          356M (17%)          26M (1%)     
[310.265s][info][gc,heap     ] GC(406)      Live:         -                 4M (0%)            4M (0%)            4M (0%)             -                  -          
[310.265s][info][gc,heap     ] GC(406) Allocated:         -                 0M (0%)            0M (0%)            0M (0%)             -                  -          
[310.265s][info][gc,heap     ] GC(406)   Garbage:         -               351M (17%)          21M (1%)           21M (1%)             -                  -          
[310.265s][info][gc,heap     ] GC(406) Reclaimed:         -                  -               330M (16%)         330M (16%)            -                  -          
[310.265s][info][gc          ] GC(406) Garbage Collection (System.gc()) 356M(17%)->26M(1%)
[310.725s][info][gc,start    ] GC(407) Garbage Collection (Allocation Rate)
[310.725s][info][gc,task     ] GC(407) Using 2 workers
[310.778s][info][gc,phases   ] GC(407) Pause Mark Start 0.017ms
[310.796s][info][gc,phases   ] GC(407) Concurrent Mark 18.639ms
[310.797s][info][gc,phases   ] GC(407) Pause Mark End 0.046ms
[310.797s][info][gc,phases   ] GC(407) Concurrent Mark Free 0.001ms
[310.848s][info][gc,phases   ] GC(407) Concurrent Process Non-Strong References 51.367ms
[310.848s][info][gc,phases   ] GC(407) Concurrent Reset Relocation Set 0.003ms
[310.852s][info][gc,phases   ] GC(407) Concurrent Select Relocation Set 3.317ms
[310.852s][info][gc,phases   ] GC(407) Pause Relocate Start 0.007ms
[310.853s][info][gc,phases   ] GC(407) Concurrent Relocate 1.547ms
[310.853s][info][gc,load     ] GC(407) Load: 0.00/0.00/0.00
[310.853s][info][gc,mmu      ] GC(407) MMU: 2ms/94.9%, 5ms/98.0%, 10ms/99.0%, 20ms/99.4%, 50ms/99.8%, 100ms/99.9%
[310.853s][info][gc,marking  ] GC(407) Mark: 2 stripe(s), 2 proactive flush(es), 1 terminate flush(es), 1 completion(s), 0 continuation(s) 
[310.853s][info][gc,marking  ] GC(407) Mark Stack Usage: 32M
[310.853s][info][gc,nmethod  ] GC(407) NMethods: 648 registered, 134 unregistered
[310.853s][info][gc,metaspace] GC(407) Metaspace: 13M used, 14M committed, 1088M reserved
[310.853s][info][gc,ref      ] GC(407) Soft: 134 encountered, 0 discovered, 0 enqueued
[310.853s][info][gc,ref      ] GC(407) Weak: 717 encountered, 383 discovered, 0 enqueued
[310.854s][info][gc,ref      ] GC(407) Final: 0 encountered, 0 discovered, 0 enqueued
[310.854s][info][gc,ref      ] GC(407) Phantom: 59 encountered, 42 discovered, 0 enqueued
[310.854s][info][gc,reloc    ] GC(407) Small Pages: 442 / 884M, Empty: 786M, Relocated: 3M, In-Place: 0
[310.854s][info][gc,reloc    ] GC(407) Medium Pages: 0 / 0M, Empty: 0M, Relocated: 0M, In-Place: 0
[310.854s][info][gc,reloc    ] GC(407) Large Pages: 0 / 0M, Empty: 0M, Relocated: 0M, In-Place: 0
[310.854s][info][gc,reloc    ] GC(407) Forwarding Usage: 0M
[310.854s][info][gc,heap     ] GC(407) Min Capacity: 8M(0%)
[310.854s][info][gc,heap     ] GC(407) Max Capacity: 2048M(100%)
[310.854s][info][gc,heap     ] GC(407) Soft Max Capacity: 2048M(100%)
[310.854s][info][gc,heap     ] GC(407)                Mark Start          Mark End        Relocate Start      Relocate End           High               Low         
[310.854s][info][gc,heap     ] GC(407)  Capacity:     2048M (100%)       2048M (100%)       2048M (100%)       2048M (100%)       2048M (100%)       2048M (100%)   
[310.854s][info][gc,heap     ] GC(407)      Free:     1164M (57%)        1126M (55%)        1814M (89%)        1900M (93%)        1900M (93%)        1036M (51%)    
[310.854s][info][gc,heap     ] GC(407)      Used:      884M (43%)         922M (45%)         234M (11%)         148M (7%)         1012M (49%)         148M (7%)     
[310.854s][info][gc,heap     ] GC(407)      Live:         -                 7M (0%)            7M (0%)            7M (0%)             -                  -          
[310.854s][info][gc,heap     ] GC(407) Allocated:         -                38M (2%)          136M (7%)          136M (7%)             -                  -          
[310.854s][info][gc,heap     ] GC(407)   Garbage:         -               876M (43%)          90M (4%)            4M (0%)             -                  -          
[310.854s][info][gc,heap     ] GC(407) Reclaimed:         -                  -               786M (38%)         872M (43%)            -                  -          
[310.854s][info][gc          ] GC(407) Garbage Collection (Allocation Rate) 884M(43%)->148M(7%)
[311.425s][info][gc,start    ] GC(408) Garbage Collection (Allocation Rate)
[311.425s][info][gc,task     ] GC(408) Using 2 workers
[311.425s][info][gc,phases   ] GC(408) Pause Mark Start 0.012ms
[311.435s][info][gc,phases   ] GC(408) Concurrent Mark 9.671ms
[311.435s][info][gc,phases   ] GC(408) Pause Mark End 0.016ms
[311.435s][info][gc,phases   ] GC(408) Concurrent Mark Free 0.002ms
[311.478s][info][gc,phases   ] GC(408) Concurrent Process Non-Strong References 43.254ms
[311.479s][info][gc,phases   ] GC(408) Concurrent Reset Relocation Set 0.009ms
[311.483s][info][gc,phases   ] GC(408) Concurrent Select Relocation Set 4.049ms
[311.483s][info][gc,phases   ] GC(408) Pause Relocate Start 0.007ms
[311.487s][info][gc,phases   ] GC(408) Concurrent Relocate 3.671ms
[311.487s][info][gc,load     ] GC(408) Load: 0.00/0.00/0.00
[311.487s][info][gc,mmu      ] GC(408) MMU: 2ms/94.9%, 5ms/98.0%, 10ms/99.0%, 20ms/99.4%, 50ms/99.8%, 100ms/99.9%
[311.487s][info][gc,marking  ] GC(408) Mark: 2 stripe(s), 2 proactive flush(es), 1 terminate flush(es), 0 completion(s), 0 continuation(s) 
[311.487s][info][gc,marking  ] GC(408) Mark Stack Usage: 32M
[311.487s][info][gc,nmethod  ] GC(408) NMethods: 648 registered, 134 unregistered
[311.487s][info][gc,metaspace] GC(408) Metaspace: 13M used, 14M committed, 1088M reserved
[311.487s][info][gc,ref      ] GC(408) Soft: 134 encountered, 0 discovered, 0 enqueued
[311.487s][info][gc,ref      ] GC(408) Weak: 717 encountered, 27 discovered, 0 enqueued
[311.487s][info][gc,ref      ] GC(408) Final: 0 encountered, 0 discovered, 0 enqueued
[311.487s][info][gc,ref      ] GC(408) Phantom: 59 encountered, 48 discovered, 0 enqueued
[311.487s][info][gc,reloc    ] GC(408) Small Pages: 563 / 1126M, Empty: 1030M, Relocated: 1M, In-Place: 0
[311.487s][info][gc,reloc    ] GC(408) Medium Pages: 0 / 0M, Empty: 0M, Relocated: 0M, In-Place: 0
[311.487s][info][gc,reloc    ] GC(408) Large Pages: 0 / 0M, Empty: 0M, Relocated: 0M, In-Place: 0
[311.487s][info][gc,reloc    ] GC(408) Forwarding Usage: 0M
[311.487s][info][gc,heap     ] GC(408) Min Capacity: 8M(0%)
[311.487s][info][gc,heap     ] GC(408) Max Capacity: 2048M(100%)
[311.487s][info][gc,heap     ] GC(408) Soft Max Capacity: 2048M(100%)
[311.487s][info][gc,heap     ] GC(408)                Mark Start          Mark End        Relocate Start      Relocate End           High               Low         
[311.487s][info][gc,heap     ] GC(408)  Capacity:     2048M (100%)       2048M (100%)       2048M (100%)       2048M (100%)       2048M (100%)       2048M (100%)   
[311.487s][info][gc,heap     ] GC(408)      Free:      922M (45%)         898M (44%)        1852M (90%)        1928M (94%)        1932M (94%)         828M (40%)    
[311.487s][info][gc,heap     ] GC(408)      Used:     1126M (55%)        1150M (56%)         196M (10%)         120M (6%)         1220M (60%)         116M (6%)     
[311.487s][info][gc,heap     ] GC(408)      Live:         -                 7M (0%)            7M (0%)            7M (0%)             -                  -          
[311.487s][info][gc,heap     ] GC(408) Allocated:         -                24M (1%)          100M (5%)          107M (5%)             -                  -          
[311.487s][info][gc,heap     ] GC(408)   Garbage:         -              1118M (55%)          88M (4%)            4M (0%)             -                  -          
[311.487s][info][gc,heap     ] GC(408) Reclaimed:         -                  -              1030M (50%)        1113M (54%)            -                  -          
[311.487s][info][gc          ] GC(408) Garbage Collection (Allocation Rate) 1126M(55%)->120M(6%)
[312.225s][info][gc,start    ] GC(409) Garbage Collection (Allocation Rate)
[312.226s][info][gc,task     ] GC(409) Using 2 workers
[312.226s][info][gc,phases   ] GC(409) Pause Mark Start 0.013ms
[312.236s][info][gc,phases   ] GC(409) Concurrent Mark 9.875ms
[312.236s][info][gc,phases   ] GC(409) Pause Mark End 0.016ms
[312.236s][info][gc,phases   ] GC(409) Concurrent Mark Free 0.001ms
[312.279s][info][gc,phases   ] GC(409) Concurrent Process Non-Strong References 43.587ms
[312.279s][info][gc,phases   ] GC(409) Concurrent Reset Relocation Set 0.006ms
[312.285s][info][gc,phases   ] GC(409) Concurrent Select Relocation Set 5.457ms
[312.285s][info][gc,phases   ] GC(409) Pause Relocate Start 0.008ms
[312.288s][info][gc,phases   ] GC(409) Concurrent Relocate 2.892ms
[312.288s][info][gc,load     ] GC(409) Load: 0.00/0.00/0.00
[312.288s][info][gc,mmu      ] GC(409) MMU: 2ms/94.9%, 5ms/98.0%, 10ms/99.0%, 20ms/99.4%, 50ms/99.8%, 100ms/99.9%
[312.288s][info][gc,marking  ] GC(409) Mark: 2 stripe(s), 2 proactive flush(es), 1 terminate flush(es), 0 completion(s), 0 continuation(s) 
[312.288s][info][gc,marking  ] GC(409) Mark Stack Usage: 32M
[312.288s][info][gc,nmethod  ] GC(409) NMethods: 648 registered, 134 unregistered
[312.288s][info][gc,metaspace] GC(409) Metaspace: 13M used, 14M committed, 1088M reserved
[312.288s][info][gc,ref      ] GC(409) Soft: 134 encountered, 0 discovered, 0 enqueued
[312.288s][info][gc,ref      ] GC(409) Weak: 717 encountered, 471 discovered, 0 enqueued
[312.288s][info][gc,ref      ] GC(409) Final: 0 encountered, 0 discovered, 0 enqueued
[312.288s][info][gc,ref      ] GC(409) Phantom: 59 encountered, 29 discovered, 0 enqueued
[312.288s][info][gc,reloc    ] GC(409) Small Pages: 704 / 1408M, Empty: 1296M, Relocated: 2M, In-Place: 0
[312.288s][info][gc,reloc    ] GC(409) Medium Pages: 0 / 0M, Empty: 0M, Relocated: 0M, In-Place: 0
[312.288s][info][gc,reloc    ] GC(409) Large Pages: 0 / 0M, Empty: 0M, Relocated: 0M, In-Place: 0
[312.288s][info][gc,reloc    ] GC(409) Forwarding Usage: 0M
[312.288s][info][gc,heap     ] GC(409) Min Capacity: 8M(0%)
[312.288s][info][gc,heap     ] GC(409) Max Capacity: 2048M(100%)
[312.288s][info][gc,heap     ] GC(409) Soft Max Capacity: 2048M(100%)
[312.288s][info][gc,heap     ] GC(409)                Mark Start          Mark End        Relocate Start      Relocate End           High               Low         
[312.288s][info][gc,heap     ] GC(409)  Capacity:     2048M (100%)       2048M (100%)       2048M (100%)       2048M (100%)       2048M (100%)       2048M (100%)   
[312.288s][info][gc,heap     ] GC(409)      Free:      640M (31%)         614M (30%)        1828M (89%)        1924M (94%)        1924M (94%)         540M (26%)    
[312.288s][info][gc,heap     ] GC(409)      Used:     1408M (69%)        1434M (70%)         220M (11%)         124M (6%)         1508M (74%)         124M (6%)     
[312.288s][info][gc,heap     ] GC(409)      Live:         -                 7M (0%)            7M (0%)            7M (0%)             -                  -          
[312.288s][info][gc,heap     ] GC(409) Allocated:         -                26M (1%)          108M (5%)          113M (6%)             -                  -          
[312.288s][info][gc,heap     ] GC(409)   Garbage:         -              1400M (68%)         104M (5%)            2M (0%)             -                  -          
[312.288s][info][gc,heap     ] GC(409) Reclaimed:         -                  -              1296M (63%)        1397M (68%)            -                  -          
[312.288s][info][gc          ] GC(409) Garbage Collection (Allocation Rate) 1408M(69%)->124M(6%)
[312.925s][info][gc,start    ] GC(410) Garbage Collection (Allocation Rate)
[312.925s][info][gc,task     ] GC(410) Using 1 workers
[312.925s][info][gc,phases   ] GC(410) Pause Mark Start 0.010ms
[312.944s][info][gc,phases   ] GC(410) Concurrent Mark 18.175ms
[312.944s][info][gc,phases   ] GC(410) Pause Mark End 0.019ms
[312.944s][info][gc,phases   ] GC(410) Concurrent Mark Free 0.002ms
[313.026s][info][gc,phases   ] GC(410) Concurrent Process Non-Strong References 82.055ms
[313.026s][info][gc,phases   ] GC(410) Concurrent Reset Relocation Set 0.007ms
[313.031s][info][gc,phases   ] GC(410) Concurrent Select Relocation Set 4.624ms
[313.031s][info][gc,phases   ] GC(410) Pause Relocate Start 0.008ms
[313.033s][info][gc,phases   ] GC(410) Concurrent Relocate 2.163ms
[313.033s][info][gc,load     ] GC(410) Load: 0.00/0.00/0.00
[313.033s][info][gc,mmu      ] GC(410) MMU: 2ms/94.9%, 5ms/98.0%, 10ms/99.0%, 20ms/99.4%, 50ms/99.8%, 100ms/99.9%
[313.033s][info][gc,marking  ] GC(410) Mark: 1 stripe(s), 2 proactive flush(es), 1 terminate flush(es), 0 completion(s), 0 continuation(s) 
[313.033s][info][gc,marking  ] GC(410) Mark Stack Usage: 32M
[313.033s][info][gc,nmethod  ] GC(410) NMethods: 648 registered, 134 unregistered
[313.033s][info][gc,metaspace] GC(410) Metaspace: 13M used, 14M committed, 1088M reserved
[313.033s][info][gc,ref      ] GC(410) Soft: 134 encountered, 0 discovered, 0 enqueued
[313.033s][info][gc,ref      ] GC(410) Weak: 717 encountered, 453 discovered, 0 enqueued
[313.033s][info][gc,ref      ] GC(410) Final: 0 encountered, 0 discovered, 0 enqueued
[313.033s][info][gc,ref      ] GC(410) Phantom: 59 encountered, 41 discovered, 0 enqueued
[313.033s][info][gc,reloc    ] GC(410) Small Pages: 622 / 1244M, Empty: 1144M, Relocated: 1M, In-Place: 0
[313.033s][info][gc,reloc    ] GC(410) Medium Pages: 0 / 0M, Empty: 0M, Relocated: 0M, In-Place: 0
[313.033s][info][gc,reloc    ] GC(410) Large Pages: 0 / 0M, Empty: 0M, Relocated: 0M, In-Place: 0
[313.033s][info][gc,reloc    ] GC(410) Forwarding Usage: 0M
[313.033s][info][gc,heap     ] GC(410) Min Capacity: 8M(0%)
[313.033s][info][gc,heap     ] GC(410) Max Capacity: 2048M(100%)
[313.034s][info][gc,heap     ] GC(410) Soft Max Capacity: 2048M(100%)
[313.034s][info][gc,heap     ] GC(410)                Mark Start          Mark End        Relocate Start      Relocate End           High               Low         
[313.034s][info][gc,heap     ] GC(410)  Capacity:     2048M (100%)       2048M (100%)       2048M (100%)       2048M (100%)       2048M (100%)       2048M (100%)   
[313.034s][info][gc,heap     ] GC(410)      Free:      804M (39%)         766M (37%)        1758M (86%)        1846M (90%)        1846M (90%)         620M (30%)    
[313.034s][info][gc,heap     ] GC(410)      Used:     1244M (61%)        1282M (63%)         290M (14%)         202M (10%)        1428M (70%)         202M (10%)    
[313.034s][info][gc,heap     ] GC(410)      Live:         -                 7M (0%)            7M (0%)            7M (0%)             -                  -          
[313.034s][info][gc,heap     ] GC(410) Allocated:         -                38M (2%)          190M (9%)          191M (9%)             -                  -          
[313.034s][info][gc,heap     ] GC(410)   Garbage:         -              1236M (60%)          92M (5%)            2M (0%)             -                  -          
[313.034s][info][gc,heap     ] GC(410) Reclaimed:         -                  -              1144M (56%)        1233M (60%)            -                  -          
[313.034s][info][gc          ] GC(410) Garbage Collection (Allocation Rate) 1244M(61%)->202M(10%)
[313.725s][info][gc,start    ] GC(411) Garbage Collection (Allocation Rate)
[313.725s][info][gc,task     ] GC(411) Using 1 workers
[313.725s][info][gc,phases   ] GC(411) Pause Mark Start 0.019ms
[313.741s][info][gc,phases   ] GC(411) Concurrent Mark 15.906ms
[313.741s][info][gc,phases   ] GC(411) Pause Mark End 0.016ms
[313.741s][info][gc,phases   ] GC(411) Concurrent Mark Free 0.001ms
[313.835s][info][gc,phases   ] GC(411) Concurrent Process Non-Strong References 92.997ms
[313.835s][info][gc,phases   ] GC(411) Concurrent Reset Relocation Set 0.005ms
[313.840s][info][gc,phases   ] GC(411) Concurrent Select Relocation Set 5.138ms
[313.840s][info][gc,phases   ] GC(411) Pause Relocate Start 0.009ms
[313.842s][info][gc,phases   ] GC(411) Concurrent Relocate 2.186ms
[313.842s][info][gc,load     ] GC(411) Load: 0.00/0.00/0.00
[313.842s][info][gc,mmu      ] GC(411) MMU: 2ms/94.9%, 5ms/98.0%, 10ms/99.0%, 20ms/99.4%, 50ms/99.8%, 100ms/99.9%
[313.842s][info][gc,marking  ] GC(411) Mark: 1 stripe(s), 2 proactive flush(es), 1 terminate flush(es), 0 completion(s), 0 continuation(s) 
[313.842s][info][gc,marking  ] GC(411) Mark Stack Usage: 32M
[313.842s][info][gc,nmethod  ] GC(411) NMethods: 648 registered, 134 unregistered
[313.842s][info][gc,metaspace] GC(411) Metaspace: 13M used, 14M committed, 1088M reserved
[313.842s][info][gc,ref      ] GC(411) Soft: 134 encountered, 0 discovered, 0 enqueued
[313.842s][info][gc,ref      ] GC(411) Weak: 717 encountered, 453 discovered, 0 enqueued
[313.842s][info][gc,ref      ] GC(411) Final: 0 encountered, 0 discovered, 0 enqueued
[313.842s][info][gc,ref      ] GC(411) Phantom: 59 encountered, 41 discovered, 0 enqueued
[313.842s][info][gc,reloc    ] GC(411) Small Pages: 707 / 1414M, Empty: 1306M, Relocated: 1M, In-Place: 0
[313.842s][info][gc,reloc    ] GC(411) Medium Pages: 0 / 0M, Empty: 0M, Relocated: 0M, In-Place: 0
[313.842s][info][gc,reloc    ] GC(411) Large Pages: 0 / 0M, Empty: 0M, Relocated: 0M, In-Place: 0
[313.842s][info][gc,reloc    ] GC(411) Forwarding Usage: 0M
[313.842s][info][gc,heap     ] GC(411) Min Capacity: 8M(0%)
[313.842s][info][gc,heap     ] GC(411) Max Capacity: 2048M(100%)
[313.842s][info][gc,heap     ] GC(411) Soft Max Capacity: 2048M(100%)
[313.842s][info][gc,heap     ] GC(411)                Mark Start          Mark End        Relocate Start      Relocate End           High               Low         
[313.842s][info][gc,heap     ] GC(411)  Capacity:     2048M (100%)       2048M (100%)       2048M (100%)       2048M (100%)       2048M (100%)       2048M (100%)   
[313.843s][info][gc,heap     ] GC(411)      Free:      634M (31%)         600M (29%)        1740M (85%)        1834M (90%)        1834M (90%)         442M (22%)    
[313.843s][info][gc,heap     ] GC(411)      Used:     1414M (69%)        1448M (71%)         308M (15%)         214M (10%)        1606M (78%)         214M (10%)    
[313.843s][info][gc,heap     ] GC(411)      Live:         -                 7M (0%)            7M (0%)            7M (0%)             -                  -          
[313.843s][info][gc,heap     ] GC(411) Allocated:         -                34M (2%)          200M (10%)         203M (10%)            -                  -          
[313.843s][info][gc,heap     ] GC(411)   Garbage:         -              1406M (69%)         100M (5%)            2M (0%)             -                  -          
[313.843s][info][gc,heap     ] GC(411) Reclaimed:         -                  -              1306M (64%)        1403M (69%)            -                  -          
[313.843s][info][gc          ] GC(411) Garbage Collection (Allocation Rate) 1414M(69%)->214M(10%)
[314.626s][info][gc,start    ] GC(412) Garbage Collection (Allocation Rate)
[314.626s][info][gc,task     ] GC(412) Using 1 workers
[314.626s][info][gc,phases   ] GC(412) Pause Mark Start 0.012ms
[314.642s][info][gc,phases   ] GC(412) Concurrent Mark 15.879ms
[314.642s][info][gc,phases   ] GC(412) Pause Mark End 0.014ms
[314.642s][info][gc,phases   ] GC(412) Concurrent Mark Free 0.001ms
[314.727s][info][gc,phases   ] GC(412) Concurrent Process Non-Strong References 85.152ms
[314.727s][info][gc,phases   ] GC(412) Concurrent Reset Relocation Set 0.006ms
[314.732s][info][gc,phases   ] GC(412) Concurrent Select Relocation Set 4.454ms
[314.732s][info][gc,phases   ] GC(412) Pause Relocate Start 0.007ms
[314.733s][info][gc,phases   ] GC(412) Concurrent Relocate 0.485ms
[314.733s][info][gc,load     ] GC(412) Load: 0.00/0.00/0.00
[314.733s][info][gc,mmu      ] GC(412) MMU: 2ms/94.9%, 5ms/98.0%, 10ms/99.0%, 20ms/99.4%, 50ms/99.8%, 100ms/99.9%
[314.733s][info][gc,marking  ] GC(412) Mark: 1 stripe(s), 2 proactive flush(es), 1 terminate flush(es), 0 completion(s), 0 continuation(s) 
[314.733s][info][gc,marking  ] GC(412) Mark Stack Usage: 32M
[314.733s][info][gc,nmethod  ] GC(412) NMethods: 648 registered, 134 unregistered
[314.733s][info][gc,metaspace] GC(412) Metaspace: 13M used, 14M committed, 1088M reserved
[314.733s][info][gc,ref      ] GC(412) Soft: 134 encountered, 0 discovered, 0 enqueued
[314.733s][info][gc,ref      ] GC(412) Weak: 717 encountered, 453 discovered, 0 enqueued
[314.733s][info][gc,ref      ] GC(412) Final: 0 encountered, 0 discovered, 0 enqueued
[314.733s][info][gc,ref      ] GC(412) Phantom: 59 encountered, 41 discovered, 0 enqueued
[314.733s][info][gc,reloc    ] GC(412) Small Pages: 781 / 1562M, Empty: 1442M, Relocated: 1M, In-Place: 0
[314.733s][info][gc,reloc    ] GC(412) Medium Pages: 0 / 0M, Empty: 0M, Relocated: 0M, In-Place: 0
[314.733s][info][gc,reloc    ] GC(412) Large Pages: 0 / 0M, Empty: 0M, Relocated: 0M, In-Place: 0
[314.733s][info][gc,reloc    ] GC(412) Forwarding Usage: 0M
[314.733s][info][gc,heap     ] GC(412) Min Capacity: 8M(0%)
[314.733s][info][gc,heap     ] GC(412) Max Capacity: 2048M(100%)
[314.733s][info][gc,heap     ] GC(412) Soft Max Capacity: 2048M(100%)
[314.733s][info][gc,heap     ] GC(412)                Mark Start          Mark End        Relocate Start      Relocate End           High               Low         
[314.733s][info][gc,heap     ] GC(412)  Capacity:     2048M (100%)       2048M (100%)       2048M (100%)       2048M (100%)       2048M (100%)       2048M (100%)   
[314.733s][info][gc,heap     ] GC(412)      Free:      486M (24%)         452M (22%)        1748M (85%)        1856M (91%)        1856M (91%)         314M (15%)    
[314.733s][info][gc,heap     ] GC(412)      Used:     1562M (76%)        1596M (78%)         300M (15%)         192M (9%)         1734M (85%)         192M (9%)     
[314.733s][info][gc,heap     ] GC(412)      Live:         -                 7M (0%)            7M (0%)            7M (0%)             -                  -          
[314.733s][info][gc,heap     ] GC(412) Allocated:         -                34M (2%)          180M (9%)          180M (9%)             -                  -          
[314.733s][info][gc,heap     ] GC(412)   Garbage:         -              1554M (76%)         112M (5%)            3M (0%)             -                  -          
[314.733s][info][gc,heap     ] GC(412) Reclaimed:         -                  -              1442M (70%)        1550M (76%)            -                  -          
[314.733s][info][gc          ] GC(412) Garbage Collection (Allocation Rate) 1562M(76%)->192M(9%)
[315.426s][info][gc,start    ] GC(413) Garbage Collection (Allocation Rate)
[315.426s][info][gc,task     ] GC(413) Using 1 workers
[315.426s][info][gc,phases   ] GC(413) Pause Mark Start 0.010ms
[315.439s][info][gc,phases   ] GC(413) Concurrent Mark 13.442ms
[315.440s][info][gc,phases   ] GC(413) Pause Mark End 0.015ms
[315.440s][info][gc,phases   ] GC(413) Concurrent Mark Free 0.002ms
[315.529s][info][gc,phases   ] GC(413) Concurrent Process Non-Strong References 89.525ms
[315.529s][info][gc,phases   ] GC(413) Concurrent Reset Relocation Set 0.005ms
[315.534s][info][gc,phases   ] GC(413) Concurrent Select Relocation Set 4.907ms
[315.534s][info][gc,phases   ] GC(413) Pause Relocate Start 0.008ms
[315.538s][info][gc,phases   ] GC(413) Concurrent Relocate 3.402ms
[315.538s][info][gc,load     ] GC(413) Load: 0.00/0.00/0.00
[315.538s][info][gc,mmu      ] GC(413) MMU: 2ms/94.9%, 5ms/98.0%, 10ms/99.0%, 20ms/99.4%, 50ms/99.8%, 100ms/99.9%
[315.538s][info][gc,marking  ] GC(413) Mark: 1 stripe(s), 2 proactive flush(es), 1 terminate flush(es), 0 completion(s), 0 continuation(s) 
[315.538s][info][gc,marking  ] GC(413) Mark Stack Usage: 32M
[315.538s][info][gc,nmethod  ] GC(413) NMethods: 648 registered, 134 unregistered
[315.538s][info][gc,metaspace] GC(413) Metaspace: 13M used, 14M committed, 1088M reserved
[315.538s][info][gc,ref      ] GC(413) Soft: 134 encountered, 0 discovered, 0 enqueued
[315.538s][info][gc,ref      ] GC(413) Weak: 717 encountered, 453 discovered, 0 enqueued
[315.538s][info][gc,ref      ] GC(413) Final: 0 encountered, 0 discovered, 0 enqueued
[315.538s][info][gc,ref      ] GC(413) Phantom: 59 encountered, 41 discovered, 0 enqueued
[315.538s][info][gc,reloc    ] GC(413) Small Pages: 770 / 1540M, Empty: 1430M, Relocated: 3M, In-Place: 0
[315.538s][info][gc,reloc    ] GC(413) Medium Pages: 0 / 0M, Empty: 0M, Relocated: 0M, In-Place: 0
[315.538s][info][gc,reloc    ] GC(413) Large Pages: 0 / 0M, Empty: 0M, Relocated: 0M, In-Place: 0
[315.538s][info][gc,reloc    ] GC(413) Forwarding Usage: 0M
[315.538s][info][gc,heap     ] GC(413) Min Capacity: 8M(0%)
[315.538s][info][gc,heap     ] GC(413) Max Capacity: 2048M(100%)
[315.538s][info][gc,heap     ] GC(413) Soft Max Capacity: 2048M(100%)
[315.538s][info][gc,heap     ] GC(413)                Mark Start          Mark End        Relocate Start      Relocate End           High               Low         
[315.538s][info][gc,heap     ] GC(413)  Capacity:     2048M (100%)       2048M (100%)       2048M (100%)       2048M (100%)       2048M (100%)       2048M (100%)   
[315.538s][info][gc,heap     ] GC(413)      Free:      508M (25%)         474M (23%)        1720M (84%)        1814M (89%)        1818M (89%)         300M (15%)    
[315.538s][info][gc,heap     ] GC(413)      Used:     1540M (75%)        1574M (77%)         328M (16%)         234M (11%)        1748M (85%)         230M (11%)    
[315.538s][info][gc,heap     ] GC(413)      Live:         -                 7M (0%)            7M (0%)            7M (0%)             -                  -          
[315.538s][info][gc,heap     ] GC(413) Allocated:         -                34M (2%)          218M (11%)         224M (11%)            -                  -          
[315.538s][info][gc,heap     ] GC(413)   Garbage:         -              1532M (75%)         102M (5%)            1M (0%)             -                  -          
[315.538s][info][gc,heap     ] GC(413) Reclaimed:         -                  -              1430M (70%)        1530M (75%)            -                  -          
[315.538s][info][gc          ] GC(413) Garbage Collection (Allocation Rate) 1540M(75%)->234M(11%)
[316.325s][info][gc,start    ] GC(414) Garbage Collection (Allocation Rate)
[316.325s][info][gc,task     ] GC(414) Using 1 workers
[316.325s][info][gc,phases   ] GC(414) Pause Mark Start 0.012ms
[316.340s][info][gc,phases   ] GC(414) Concurrent Mark 15.445ms
[316.341s][info][gc,phases   ] GC(414) Pause Mark End 0.016ms
[316.341s][info][gc,phases   ] GC(414) Concurrent Mark Free 0.001ms
[316.434s][info][gc,phases   ] GC(414) Concurrent Process Non-Strong References 93.687ms
[316.435s][info][gc,phases   ] GC(414) Concurrent Reset Relocation Set 0.007ms
[316.439s][info][gc,phases   ] GC(414) Concurrent Select Relocation Set 4.601ms
[316.439s][info][gc,phases   ] GC(414) Pause Relocate Start 0.008ms
[316.440s][info][gc,phases   ] GC(414) Concurrent Relocate 0.511ms
[316.440s][info][gc,load     ] GC(414) Load: 0.00/0.00/0.00
[316.440s][info][gc,mmu      ] GC(414) MMU: 2ms/94.9%, 5ms/98.0%, 10ms/99.0%, 20ms/99.4%, 50ms/99.8%, 100ms/99.9%
[316.440s][info][gc,marking  ] GC(414) Mark: 1 stripe(s), 2 proactive flush(es), 1 terminate flush(es), 0 completion(s), 0 continuation(s) 
[316.440s][info][gc,marking  ] GC(414) Mark Stack Usage: 32M
[316.440s][info][gc,nmethod  ] GC(414) NMethods: 648 registered, 134 unregistered
[316.440s][info][gc,metaspace] GC(414) Metaspace: 13M used, 14M committed, 1088M reserved
[316.440s][info][gc,ref      ] GC(414) Soft: 134 encountered, 0 discovered, 0 enqueued
[316.440s][info][gc,ref      ] GC(414) Weak: 717 encountered, 453 discovered, 0 enqueued
[316.440s][info][gc,ref      ] GC(414) Final: 0 encountered, 0 discovered, 0 enqueued
[316.440s][info][gc,ref      ] GC(414) Phantom: 59 encountered, 41 discovered, 0 enqueued
[316.440s][info][gc,reloc    ] GC(414) Small Pages: 833 / 1666M, Empty: 1544M, Relocated: 1M, In-Place: 0
[316.440s][info][gc,reloc    ] GC(414) Medium Pages: 0 / 0M, Empty: 0M, Relocated: 0M, In-Place: 0
[316.440s][info][gc,reloc    ] GC(414) Large Pages: 0 / 0M, Empty: 0M, Relocated: 0M, In-Place: 0
[316.440s][info][gc,reloc    ] GC(414) Forwarding Usage: 0M
[316.440s][info][gc,heap     ] GC(414) Min Capacity: 8M(0%)
[316.440s][info][gc,heap     ] GC(414) Max Capacity: 2048M(100%)
[316.440s][info][gc,heap     ] GC(414) Soft Max Capacity: 2048M(100%)
[316.440s][info][gc,heap     ] GC(414)                Mark Start          Mark End        Relocate Start      Relocate End           High               Low         
[316.440s][info][gc,heap     ] GC(414)  Capacity:     2048M (100%)       2048M (100%)       2048M (100%)       2048M (100%)       2048M (100%)       2048M (100%)   
[316.440s][info][gc,heap     ] GC(414)      Free:      382M (19%)         346M (17%)        1714M (84%)        1822M (89%)        1822M (89%)         178M (9%)     
[316.440s][info][gc,heap     ] GC(414)      Used:     1666M (81%)        1702M (83%)         334M (16%)         226M (11%)        1870M (91%)         226M (11%)    
[316.440s][info][gc,heap     ] GC(414)      Live:         -                 8M (0%)            8M (0%)            8M (0%)             -                  -          
[316.440s][info][gc,heap     ] GC(414) Allocated:         -                36M (2%)          212M (10%)         214M (10%)            -                  -          
[316.440s][info][gc,heap     ] GC(414)   Garbage:         -              1657M (81%)         113M (6%)            3M (0%)             -                  -          
[316.440s][info][gc,heap     ] GC(414) Reclaimed:         -                  -              1544M (75%)        1654M (81%)            -                  -          
[316.440s][info][gc          ] GC(414) Garbage Collection (Allocation Rate) 1666M(81%)->226M(11%)
[317.226s][info][gc,start    ] GC(415) Garbage Collection (Allocation Rate)
[317.226s][info][gc,task     ] GC(415) Using 1 workers
[317.226s][info][gc,phases   ] GC(415) Pause Mark Start 0.012ms
[317.238s][info][gc,phases   ] GC(415) Concurrent Mark 12.242ms
[317.275s][info][gc,phases   ] GC(415) Pause Mark End 0.017ms
[317.275s][info][gc,phases   ] GC(415) Concurrent Mark Free 0.001ms
[317.349s][info][gc,phases   ] GC(415) Concurrent Process Non-Strong References 73.566ms
[317.349s][info][gc,phases   ] GC(415) Concurrent Reset Relocation Set 0.007ms
[317.353s][info][gc,phases   ] GC(415) Concurrent Select Relocation Set 4.479ms
[317.354s][info][gc,phases   ] GC(415) Pause Relocate Start 0.007ms
[317.356s][info][gc,phases   ] GC(415) Concurrent Relocate 2.245ms
[317.356s][info][gc,load     ] GC(415) Load: 0.00/0.00/0.00
[317.356s][info][gc,mmu      ] GC(415) MMU: 2ms/94.9%, 5ms/98.0%, 10ms/99.0%, 20ms/99.4%, 50ms/99.8%, 100ms/99.9%
[317.356s][info][gc,marking  ] GC(415) Mark: 1 stripe(s), 2 proactive flush(es), 1 terminate flush(es), 0 completion(s), 0 continuation(s) 
[317.356s][info][gc,marking  ] GC(415) Mark Stack Usage: 32M
[317.356s][info][gc,nmethod  ] GC(415) NMethods: 648 registered, 134 unregistered
[317.356s][info][gc,metaspace] GC(415) Metaspace: 13M used, 14M committed, 1088M reserved
[317.356s][info][gc,ref      ] GC(415) Soft: 134 encountered, 0 discovered, 0 enqueued
[317.356s][info][gc,ref      ] GC(415) Weak: 717 encountered, 453 discovered, 0 enqueued
[317.356s][info][gc,ref      ] GC(415) Final: 0 encountered, 0 discovered, 0 enqueued
[317.356s][info][gc,ref      ] GC(415) Phantom: 59 encountered, 41 discovered, 0 enqueued
[317.356s][info][gc,reloc    ] GC(415) Small Pages: 788 / 1576M, Empty: 1454M, Relocated: 3M, In-Place: 0
[317.356s][info][gc,reloc    ] GC(415) Medium Pages: 0 / 0M, Empty: 0M, Relocated: 0M, In-Place: 0
[317.356s][info][gc,reloc    ] GC(415) Large Pages: 0 / 0M, Empty: 0M, Relocated: 0M, In-Place: 0
[317.356s][info][gc,reloc    ] GC(415) Forwarding Usage: 0M
[317.356s][info][gc,heap     ] GC(415) Min Capacity: 8M(0%)
[317.356s][info][gc,heap     ] GC(415) Max Capacity: 2048M(100%)
[317.356s][info][gc,heap     ] GC(415) Soft Max Capacity: 2048M(100%)
[317.356s][info][gc,heap     ] GC(415)                Mark Start          Mark End        Relocate Start      Relocate End           High               Low         
[317.356s][info][gc,heap     ] GC(415)  Capacity:     2048M (100%)       2048M (100%)       2048M (100%)       2048M (100%)       2048M (100%)       2048M (100%)   
[317.356s][info][gc,heap     ] GC(415)      Free:      472M (23%)         384M (19%)        1710M (83%)        1820M (89%)        1820M (89%)         262M (13%)    
[317.356s][info][gc,heap     ] GC(415)      Used:     1576M (77%)        1664M (81%)         338M (17%)         228M (11%)        1786M (87%)         228M (11%)    
[317.356s][info][gc,heap     ] GC(415)      Live:         -                 8M (0%)            8M (0%)            8M (0%)             -                  -          
[317.356s][info][gc,heap     ] GC(415) Allocated:         -                88M (4%)          216M (11%)         218M (11%)            -                  -          
[317.356s][info][gc,heap     ] GC(415)   Garbage:         -              1567M (77%)         113M (6%)            1M (0%)             -                  -          
[317.356s][info][gc,heap     ] GC(415) Reclaimed:         -                  -              1454M (71%)        1566M (76%)            -                  -          
[317.356s][info][gc          ] GC(415) Garbage Collection (Allocation Rate) 1576M(77%)->228M(11%)
[318.025s][info][gc,start    ] GC(416) Garbage Collection (Allocation Rate)
[318.026s][info][gc,task     ] GC(416) Using 1 workers
[318.026s][info][gc,phases   ] GC(416) Pause Mark Start 0.010ms
[318.040s][info][gc,phases   ] GC(416) Concurrent Mark 14.630ms
[318.041s][info][gc,phases   ] GC(416) Pause Mark End 0.013ms
[318.041s][info][gc,phases   ] GC(416) Concurrent Mark Free 0.002ms
[318.132s][info][gc,phases   ] GC(416) Concurrent Process Non-Strong References 90.777ms
[318.132s][info][gc,phases   ] GC(416) Concurrent Reset Relocation Set 0.008ms
[318.137s][info][gc,phases   ] GC(416) Concurrent Select Relocation Set 4.963ms
[318.137s][info][gc,phases   ] GC(416) Pause Relocate Start 0.007ms
[318.137s][info][gc,phases   ] GC(416) Concurrent Relocate 0.491ms
[318.137s][info][gc,load     ] GC(416) Load: 0.00/0.00/0.00
[318.137s][info][gc,mmu      ] GC(416) MMU: 2ms/94.9%, 5ms/98.0%, 10ms/99.0%, 20ms/99.4%, 50ms/99.8%, 100ms/99.9%
[318.137s][info][gc,marking  ] GC(416) Mark: 1 stripe(s), 2 proactive flush(es), 1 terminate flush(es), 0 completion(s), 0 continuation(s) 
[318.137s][info][gc,marking  ] GC(416) Mark Stack Usage: 32M
[318.137s][info][gc,nmethod  ] GC(416) NMethods: 648 registered, 134 unregistered
[318.138s][info][gc,metaspace] GC(416) Metaspace: 13M used, 14M committed, 1088M reserved
[318.138s][info][gc,ref      ] GC(416) Soft: 134 encountered, 0 discovered, 0 enqueued
[318.138s][info][gc,ref      ] GC(416) Weak: 717 encountered, 453 discovered, 0 enqueued
[318.138s][info][gc,ref      ] GC(416) Final: 0 encountered, 0 discovered, 0 enqueued
[318.138s][info][gc,ref      ] GC(416) Phantom: 59 encountered, 41 discovered, 0 enqueued
[318.138s][info][gc,reloc    ] GC(416) Small Pages: 755 / 1510M, Empty: 1402M, Relocated: 1M, In-Place: 0
[318.138s][info][gc,reloc    ] GC(416) Medium Pages: 0 / 0M, Empty: 0M, Relocated: 0M, In-Place: 0
[318.138s][info][gc,reloc    ] GC(416) Large Pages: 0 / 0M, Empty: 0M, Relocated: 0M, In-Place: 0
[318.138s][info][gc,reloc    ] GC(416) Forwarding Usage: 0M
[318.138s][info][gc,heap     ] GC(416) Min Capacity: 8M(0%)
[318.138s][info][gc,heap     ] GC(416) Max Capacity: 2048M(100%)
[318.138s][info][gc,heap     ] GC(416) Soft Max Capacity: 2048M(100%)
[318.138s][info][gc,heap     ] GC(416)                Mark Start          Mark End        Relocate Start      Relocate End           High               Low         
[318.138s][info][gc,heap     ] GC(416)  Capacity:     2048M (100%)       2048M (100%)       2048M (100%)       2048M (100%)       2048M (100%)       2048M (100%)   
[318.138s][info][gc,heap     ] GC(416)      Free:      538M (26%)         502M (25%)        1720M (84%)        1816M (89%)        1816M (89%)         326M (16%)    
[318.138s][info][gc,heap     ] GC(416)      Used:     1510M (74%)        1546M (75%)         328M (16%)         232M (11%)        1722M (84%)         232M (11%)    
[318.138s][info][gc,heap     ] GC(416)      Live:         -                 8M (0%)            8M (0%)            8M (0%)             -                  -          
[318.138s][info][gc,heap     ] GC(416) Allocated:         -                36M (2%)          220M (11%)         220M (11%)            -                  -          
[318.138s][info][gc,heap     ] GC(416)   Garbage:         -              1501M (73%)          99M (5%)            3M (0%)             -                  -          
[318.138s][info][gc,heap     ] GC(416) Reclaimed:         -                  -              1402M (68%)        1498M (73%)            -                  -          
[318.138s][info][gc          ] GC(416) Garbage Collection (Allocation Rate) 1510M(74%)->232M(11%)
[318.725s][info][gc,start    ] GC(417) Garbage Collection (Allocation Rate)
[318.725s][info][gc,task     ] GC(417) Using 1 workers
[318.725s][info][gc,phases   ] GC(417) Pause Mark Start 0.011ms
[318.738s][info][gc,phases   ] GC(417) Concurrent Mark 13.020ms
[318.738s][info][gc,phases   ] GC(417) Pause Mark End 0.014ms
[318.738s][info][gc,phases   ] GC(417) Concurrent Mark Free 0.001ms
[318.826s][info][gc,phases   ] GC(417) Concurrent Process Non-Strong References 87.733ms
[318.826s][info][gc,phases   ] GC(417) Concurrent Reset Relocation Set 0.006ms
[318.830s][info][gc,phases   ] GC(417) Concurrent Select Relocation Set 3.583ms
[318.830s][info][gc,phases   ] GC(417) Pause Relocate Start 0.008ms
[318.830s][info][gc,phases   ] GC(417) Concurrent Relocate 0.270ms
[318.830s][info][gc,load     ] GC(417) Load: 0.00/0.00/0.00
[318.830s][info][gc,mmu      ] GC(417) MMU: 2ms/94.9%, 5ms/98.0%, 10ms/99.0%, 20ms/99.4%, 50ms/99.8%, 100ms/99.9%
[318.830s][info][gc,marking  ] GC(417) Mark: 1 stripe(s), 2 proactive flush(es), 1 terminate flush(es), 0 completion(s), 0 continuation(s) 
[318.830s][info][gc,marking  ] GC(417) Mark Stack Usage: 32M
[318.830s][info][gc,nmethod  ] GC(417) NMethods: 648 registered, 134 unregistered
[318.830s][info][gc,metaspace] GC(417) Metaspace: 13M used, 14M committed, 1088M reserved
[318.830s][info][gc,ref      ] GC(417) Soft: 134 encountered, 0 discovered, 0 enqueued
[318.830s][info][gc,ref      ] GC(417) Weak: 717 encountered, 453 discovered, 0 enqueued
[318.830s][info][gc,ref      ] GC(417) Final: 0 encountered, 0 discovered, 0 enqueued
[318.830s][info][gc,ref      ] GC(417) Phantom: 59 encountered, 41 discovered, 0 enqueued
[318.830s][info][gc,reloc    ] GC(417) Small Pages: 689 / 1378M, Empty: 1278M, Relocated: 0M, In-Place: 0
[318.830s][info][gc,reloc    ] GC(417) Medium Pages: 0 / 0M, Empty: 0M, Relocated: 0M, In-Place: 0
[318.830s][info][gc,reloc    ] GC(417) Large Pages: 0 / 0M, Empty: 0M, Relocated: 0M, In-Place: 0
[318.830s][info][gc,reloc    ] GC(417) Forwarding Usage: 0M
[318.830s][info][gc,heap     ] GC(417) Min Capacity: 8M(0%)
[318.830s][info][gc,heap     ] GC(417) Max Capacity: 2048M(100%)
[318.830s][info][gc,heap     ] GC(417) Soft Max Capacity: 2048M(100%)
[318.831s][info][gc,heap     ] GC(417)                Mark Start          Mark End        Relocate Start      Relocate End           High               Low         
[318.831s][info][gc,heap     ] GC(417)  Capacity:     2048M (100%)       2048M (100%)       2048M (100%)       2048M (100%)       2048M (100%)       2048M (100%)   
[318.831s][info][gc,heap     ] GC(417)      Free:      670M (33%)         638M (31%)        1738M (85%)        1826M (89%)        1826M (89%)         468M (23%)    
[318.831s][info][gc,heap     ] GC(417)      Used:     1378M (67%)        1410M (69%)         310M (15%)         222M (11%)        1580M (77%)         222M (11%)    
[318.831s][info][gc,heap     ] GC(417)      Live:         -                 8M (0%)            8M (0%)            8M (0%)             -                  -          
[318.831s][info][gc,heap     ] GC(417) Allocated:         -                32M (2%)          210M (10%)         209M (10%)            -                  -          
[318.831s][info][gc,heap     ] GC(417)   Garbage:         -              1369M (67%)          91M (4%)            3M (0%)             -                  -          
[318.831s][info][gc,heap     ] GC(417) Reclaimed:         -                  -              1278M (62%)        1365M (67%)            -                  -          
[318.831s][info][gc          ] GC(417) Garbage Collection (Allocation Rate) 1378M(67%)->222M(11%)
[319.524s][info][gc,start    ] GC(418) Garbage Collection (Allocation Rate)
[319.524s][info][gc,task     ] GC(418) Using 1 workers
[319.525s][info][gc,phases   ] GC(418) Pause Mark Start 0.009ms
[319.539s][info][gc,phases   ] GC(418) Concurrent Mark 14.464ms
[319.539s][info][gc,phases   ] GC(418) Pause Mark End 0.019ms
[319.539s][info][gc,phases   ] GC(418) Concurrent Mark Free 0.001ms
[319.626s][info][gc,phases   ] GC(418) Concurrent Process Non-Strong References 86.400ms
[319.626s][info][gc,phases   ] GC(418) Concurrent Reset Relocation Set 0.004ms
[319.631s][info][gc,phases   ] GC(418) Concurrent Select Relocation Set 4.662ms
[319.631s][info][gc,phases   ] GC(418) Pause Relocate Start 0.008ms
[319.631s][info][gc,phases   ] GC(418) Concurrent Relocate 0.381ms
[319.631s][info][gc,load     ] GC(418) Load: 0.00/0.00/0.00
[319.631s][info][gc,mmu      ] GC(418) MMU: 2ms/94.9%, 5ms/98.0%, 10ms/99.0%, 20ms/99.4%, 50ms/99.8%, 100ms/99.9%
[319.631s][info][gc,marking  ] GC(418) Mark: 1 stripe(s), 2 proactive flush(es), 1 terminate flush(es), 0 completion(s), 0 continuation(s) 
[319.631s][info][gc,marking  ] GC(418) Mark Stack Usage: 32M
[319.631s][info][gc,nmethod  ] GC(418) NMethods: 648 registered, 134 unregistered
[319.631s][info][gc,metaspace] GC(418) Metaspace: 13M used, 14M committed, 1088M reserved
[319.631s][info][gc,ref      ] GC(418) Soft: 134 encountered, 0 discovered, 0 enqueued
[319.631s][info][gc,ref      ] GC(418) Weak: 717 encountered, 453 discovered, 0 enqueued
[319.631s][info][gc,ref      ] GC(418) Final: 0 encountered, 0 discovered, 0 enqueued
[319.631s][info][gc,ref      ] GC(418) Phantom: 59 encountered, 41 discovered, 0 enqueued
[319.631s][info][gc,reloc    ] GC(418) Small Pages: 791 / 1582M, Empty: 1472M, Relocated: 0M, In-Place: 0
[319.632s][info][gc,reloc    ] GC(418) Medium Pages: 0 / 0M, Empty: 0M, Relocated: 0M, In-Place: 0
[319.632s][info][gc,reloc    ] GC(418) Large Pages: 0 / 0M, Empty: 0M, Relocated: 0M, In-Place: 0
[319.632s][info][gc,reloc    ] GC(418) Forwarding Usage: 0M
[319.632s][info][gc,heap     ] GC(418) Min Capacity: 8M(0%)
[319.632s][info][gc,heap     ] GC(418) Max Capacity: 2048M(100%)
[319.632s][info][gc,heap     ] GC(418) Soft Max Capacity: 2048M(100%)
[319.632s][info][gc,heap     ] GC(418)                Mark Start          Mark End        Relocate Start      Relocate End           High               Low         
[319.632s][info][gc,heap     ] GC(418)  Capacity:     2048M (100%)       2048M (100%)       2048M (100%)       2048M (100%)       2048M (100%)       2048M (100%)   
[319.632s][info][gc,heap     ] GC(418)      Free:      466M (23%)         430M (21%)        1726M (84%)        1822M (89%)        1822M (89%)         260M (13%)    
[319.632s][info][gc,heap     ] GC(418)      Used:     1582M (77%)        1618M (79%)         322M (16%)         226M (11%)        1788M (87%)         226M (11%)    
[319.632s][info][gc,heap     ] GC(418)      Live:         -                 8M (0%)            8M (0%)            8M (0%)             -                  -          
[319.632s][info][gc,heap     ] GC(418) Allocated:         -                36M (2%)          212M (10%)         213M (10%)            -                  -          
[319.632s][info][gc,heap     ] GC(418)   Garbage:         -              1573M (77%)         101M (5%)            3M (0%)             -                  -          
[319.632s][info][gc,heap     ] GC(418) Reclaimed:         -                  -              1472M (72%)        1569M (77%)            -                  -          
[319.632s][info][gc          ] GC(418) Garbage Collection (Allocation Rate) 1582M(77%)->226M(11%)
[320.126s][info][gc,stats    ] === Garbage Collection Statistics =======================================================================================================================
[320.126s][info][gc,stats    ]                                                              Last 10s              Last 10m              Last 10h                Total
[320.126s][info][gc,stats    ]                                                              Avg / Max             Avg / Max             Avg / Max             Avg / Max
[320.126s][info][gc,stats    ]   Collector: Garbage Collection Cycle                    102.418 / 130.419      83.787 / 289.195      83.787 / 289.195      83.787 / 289.195     ms
[320.126s][info][gc,stats    ]  Contention: Mark Segment Reset Contention                     0 / 1                 0 / 11                0 / 11                0 / 11          ops/s
[320.126s][info][gc,stats    ]  Contention: Mark SeqNum Reset Contention                      0 / 0                 0 / 2                 0 / 2                 0 / 2           ops/s
[320.126s][info][gc,stats    ]    Critical: Allocation Stall                                  0 / 0                 0 / 45                0 / 45                0 / 45          ops/s
[320.126s][info][gc,stats    ]    Critical: Allocation Stall                              0.000 / 0.000        25.241 / 55.638       25.241 / 55.638       25.241 / 55.638      ms
[320.126s][info][gc,stats    ]    Critical: GC Locker Stall                                   0 / 0                 0 / 0                 0 / 0                 0 / 0           ops/s
[320.126s][info][gc,stats    ]    Critical: GC Locker Stall                               0.000 / 0.000         0.000 / 0.000         0.000 / 0.000         0.000 / 0.000       ms
[320.126s][info][gc,stats    ]    Critical: Relocation Stall                                  0 / 0                 0 / 0                 0 / 0                 0 / 0           ops/s
[320.126s][info][gc,stats    ]    Critical: Relocation Stall                              0.000 / 0.000         0.000 / 0.000         0.000 / 0.000         0.000 / 0.000       ms
[320.126s][info][gc,stats    ]      Memory: Allocation Rate                                1938 / 2110           1875 / 2316           1875 / 2316           1875 / 2316        MB/s
[320.126s][info][gc,stats    ]      Memory: Defragment                                        0 / 0                 0 / 0                 0 / 0                 0 / 0           ops/s
[320.126s][info][gc,stats    ]      Memory: Out Of Memory                                     0 / 0                 0 / 0                 0 / 0                 0 / 0           ops/s
[320.126s][info][gc,stats    ]      Memory: Page Cache Flush                                  0 / 0                 0 / 0                 0 / 0                 0 / 0           MB/s
[320.126s][info][gc,stats    ]      Memory: Page Cache Hit L1                               972 / 1056            937 / 1159            937 / 1159            937 / 1159        ops/s
[320.126s][info][gc,stats    ]      Memory: Page Cache Hit L2                                 0 / 0                 0 / 0                 0 / 0                 0 / 0           ops/s
[320.127s][info][gc,stats    ]      Memory: Page Cache Hit L3                                 0 / 0                 3 / 449               3 / 449               3 / 449         ops/s
[320.127s][info][gc,stats    ]      Memory: Page Cache Miss                                   0 / 0                 0 / 1                 0 / 1                 0 / 1           ops/s
[320.127s][info][gc,stats    ]      Memory: Uncommit                                          0 / 0                 0 / 0                 0 / 0                 0 / 0           MB/s
[320.127s][info][gc,stats    ]      Memory: Undo Object Allocation Failed                    33 / 69               24 / 222              24 / 222              24 / 222         ops/s
[320.127s][info][gc,stats    ]      Memory: Undo Object Allocation Succeeded                  1 / 5                 1 / 21                1 / 21                1 / 21          ops/s
[320.127s][info][gc,stats    ]      Memory: Undo Page Allocation                             71 / 91               66 / 221              66 / 221              66 / 221         ops/s
[320.127s][info][gc,stats    ]       Phase: Concurrent Mark                              14.204 / 18.639       15.333 / 212.397      15.333 / 212.397      15.333 / 212.397     ms
[320.127s][info][gc,stats    ]       Phase: Concurrent Mark Continue                      0.000 / 0.000         0.000 / 0.000         0.000 / 0.000         0.000 / 0.000       ms
[320.127s][info][gc,stats    ]       Phase: Concurrent Mark Free                          0.001 / 0.002         0.001 / 0.002         0.001 / 0.002         0.001 / 0.002       ms
[320.127s][info][gc,stats    ]       Phase: Concurrent Process Non-Strong References     71.826 / 93.687       56.111 / 259.891      56.111 / 259.891      56.111 / 259.891     ms
[320.127s][info][gc,stats    ]       Phase: Concurrent Relocate                           1.688 / 3.671         1.424 / 5.770         1.424 / 5.770         1.424 / 5.770       ms
[320.127s][info][gc,stats    ]       Phase: Concurrent Reset Relocation Set               0.006 / 0.009         0.006 / 0.011         0.006 / 0.011         0.006 / 0.011       ms
[320.127s][info][gc,stats    ]       Phase: Concurrent Select Relocation Set              4.430 / 5.457         4.345 / 14.014        4.345 / 14.014        4.345 / 14.014      ms
[320.127s][info][gc,stats    ]       Phase: Pause Mark End                                0.018 / 0.046         0.017 / 0.102         0.017 / 0.102         0.017 / 0.102       ms
[320.127s][info][gc,stats    ]       Phase: Pause Mark Start                              0.013 / 0.019         0.012 / 0.049         0.012 / 0.049         0.012 / 0.049       ms
[320.127s][info][gc,stats    ]       Phase: Pause Relocate Start                          0.008 / 0.009         0.008 / 0.020         0.008 / 0.020         0.008 / 0.020       ms
[320.127s][info][gc,stats    ]    Subphase: Concurrent Classes Purge                      0.007 / 0.019         0.035 / 5.454         0.035 / 5.454         0.035 / 5.454       ms
[320.127s][info][gc,stats    ]    Subphase: Concurrent Classes Unlink                     1.077 / 1.527         2.852 / 10.160        2.852 / 10.160        2.852 / 10.160      ms
[320.127s][info][gc,stats    ]    Subphase: Concurrent Mark                              12.311 / 17.460       10.237 / 211.109      10.237 / 211.109      10.237 / 211.109     ms
[320.127s][info][gc,stats    ]    Subphase: Concurrent Mark Try Flush                     0.103 / 0.238         0.550 / 193.285       0.550 / 193.285       0.550 / 193.285     ms
[320.127s][info][gc,stats    ]    Subphase: Concurrent Mark Try Terminate                 3.204 / 11.314        2.267 / 16.632        2.267 / 16.632        2.267 / 16.632      ms
[320.127s][info][gc,stats    ]    Subphase: Concurrent References Enqueue                 0.001 / 0.001         0.001 / 0.006         0.001 / 0.006         0.001 / 0.006       ms
[320.127s][info][gc,stats    ]    Subphase: Concurrent References Process                 0.100 / 0.197         0.105 / 0.206         0.105 / 0.206         0.105 / 0.206       ms
[320.127s][info][gc,stats    ]    Subphase: Concurrent Roots ClassLoaderDataGraph         0.127 / 0.509         0.114 / 1.252         0.114 / 1.252         0.114 / 1.252       ms
[320.127s][info][gc,stats    ]    Subphase: Concurrent Roots CodeCache                    0.000 / 0.000         0.000 / 0.000         0.000 / 0.000         0.000 / 0.000       ms
[320.127s][info][gc,stats    ]    Subphase: Concurrent Roots JavaThreads                  0.376 / 1.023         0.338 / 1.791         0.338 / 1.791         0.338 / 1.791       ms
[320.127s][info][gc,stats    ]    Subphase: Concurrent Roots OopStorageSet                0.043 / 0.075         0.045 / 0.778         0.045 / 0.778         0.045 / 0.778       ms
[320.127s][info][gc,stats    ]    Subphase: Concurrent Weak Roots OopStorageSet          44.376 / 91.829       24.580 / 100.559      24.580 / 100.559      24.580 / 100.559     ms
[320.127s][info][gc,stats    ]    Subphase: Pause Mark Try Complete                       0.002 / 0.003         0.002 / 0.006         0.002 / 0.006         0.002 / 0.006       ms
[320.127s][info][gc,stats    ]      System: Java Threads                                     56 / 61               56 / 73               56 / 73               56 / 73          threads
[320.127s][info][gc,stats    ] =========================================================================================================================================================
[320.325s][info][gc,start    ] GC(419) Garbage Collection (Allocation Rate)
[320.326s][info][gc,task     ] GC(419) Using 1 workers
[320.500s][info][gc,phases   ] GC(419) Pause Mark Start 0.013ms
[320.526s][info][gc,phases   ] GC(419) Concurrent Mark 25.877ms
[320.526s][info][gc,phases   ] GC(419) Pause Mark End 0.041ms
[320.526s][info][gc,phases   ] GC(419) Concurrent Mark Free 0.002ms
[320.632s][info][gc,phases   ] GC(419) Concurrent Process Non-Strong References 105.497ms
[320.632s][info][gc,phases   ] GC(419) Concurrent Reset Relocation Set 0.006ms
[320.636s][info][gc,phases   ] GC(419) Concurrent Select Relocation Set 3.975ms
[320.636s][info][gc,phases   ] GC(419) Pause Relocate Start 0.009ms
[320.636s][info][gc,phases   ] GC(419) Concurrent Relocate 0.392ms
[320.636s][info][gc,load     ] GC(419) Load: 0.00/0.00/0.00
[320.636s][info][gc,mmu      ] GC(419) MMU: 2ms/94.9%, 5ms/98.0%, 10ms/99.0%, 20ms/99.4%, 50ms/99.8%, 100ms/99.9%
[320.636s][info][gc,marking  ] GC(419) Mark: 1 stripe(s), 2 proactive flush(es), 1 terminate flush(es), 1 completion(s), 0 continuation(s) 
[320.636s][info][gc,marking  ] GC(419) Mark Stack Usage: 32M
[320.636s][info][gc,nmethod  ] GC(419) NMethods: 648 registered, 134 unregistered
[320.636s][info][gc,metaspace] GC(419) Metaspace: 13M used, 14M committed, 1088M reserved
[320.636s][info][gc,ref      ] GC(419) Soft: 134 encountered, 0 discovered, 0 enqueued
[320.636s][info][gc,ref      ] GC(419) Weak: 717 encountered, 453 discovered, 0 enqueued
[320.636s][info][gc,ref      ] GC(419) Final: 0 encountered, 0 discovered, 0 enqueued
[320.636s][info][gc,ref      ] GC(419) Phantom: 59 encountered, 41 discovered, 0 enqueued
[320.636s][info][gc,reloc    ] GC(419) Small Pages: 790 / 1580M, Empty: 1470M, Relocated: 0M, In-Place: 0
[320.636s][info][gc,reloc    ] GC(419) Medium Pages: 0 / 0M, Empty: 0M, Relocated: 0M, In-Place: 0
[320.636s][info][gc,reloc    ] GC(419) Large Pages: 0 / 0M, Empty: 0M, Relocated: 0M, In-Place: 0
[320.636s][info][gc,reloc    ] GC(419) Forwarding Usage: 0M
[320.636s][info][gc,heap     ] GC(419) Min Capacity: 8M(0%)
[320.636s][info][gc,heap     ] GC(419) Max Capacity: 2048M(100%)
[320.636s][info][gc,heap     ] GC(419) Soft Max Capacity: 2048M(100%)
[320.637s][info][gc,heap     ] GC(419)                Mark Start          Mark End        Relocate Start      Relocate End           High               Low         
[320.637s][info][gc,heap     ] GC(419)  Capacity:     2048M (100%)       2048M (100%)       2048M (100%)       2048M (100%)       2048M (100%)       2048M (100%)   
[320.637s][info][gc,heap     ] GC(419)      Free:      468M (23%)         424M (21%)        1688M (82%)        1786M (87%)        1786M (87%)         224M (11%)    
[320.637s][info][gc,heap     ] GC(419)      Used:     1580M (77%)        1624M (79%)         360M (18%)         262M (13%)        1824M (89%)         262M (13%)    
[320.637s][info][gc,heap     ] GC(419)      Live:         -                 8M (0%)            8M (0%)            8M (0%)             -                  -          
[320.637s][info][gc,heap     ] GC(419) Allocated:         -                44M (2%)          250M (12%)         249M (12%)            -                  -          
[320.637s][info][gc,heap     ] GC(419)   Garbage:         -              1571M (77%)         101M (5%)            3M (0%)             -                  -          
[320.637s][info][gc,heap     ] GC(419) Reclaimed:         -                  -              1470M (72%)        1567M (77%)            -                  -          
[320.637s][info][gc          ] GC(419) Garbage Collection (Allocation Rate) 1580M(77%)->262M(13%)
[320.725s][info][gc,start    ] GC(420) Garbage Collection (Allocation Rate)
[320.725s][info][gc,task     ] GC(420) Using 1 workers
[320.725s][info][gc,phases   ] GC(420) Pause Mark Start 0.010ms
[320.740s][info][gc,phases   ] GC(420) Concurrent Mark 14.495ms
[320.740s][info][gc,phases   ] GC(420) Pause Mark End 0.014ms
[320.740s][info][gc,phases   ] GC(420) Concurrent Mark Free 0.001ms
[320.835s][info][gc,phases   ] GC(420) Concurrent Process Non-Strong References 94.559ms
[320.835s][info][gc,phases   ] GC(420) Concurrent Reset Relocation Set 0.008ms
[320.839s][info][gc,phases   ] GC(420) Concurrent Select Relocation Set 3.934ms
[320.839s][info][gc,phases   ] GC(420) Pause Relocate Start 0.013ms
[320.840s][info][gc,phases   ] GC(420) Concurrent Relocate 0.406ms
[320.840s][info][gc,load     ] GC(420) Load: 0.00/0.00/0.00
[320.840s][info][gc,mmu      ] GC(420) MMU: 2ms/94.9%, 5ms/98.0%, 10ms/99.0%, 20ms/99.4%, 50ms/99.8%, 100ms/99.9%
[320.840s][info][gc,marking  ] GC(420) Mark: 1 stripe(s), 2 proactive flush(es), 1 terminate flush(es), 0 completion(s), 0 continuation(s) 
[320.840s][info][gc,marking  ] GC(420) Mark Stack Usage: 32M
[320.840s][info][gc,nmethod  ] GC(420) NMethods: 648 registered, 134 unregistered
[320.840s][info][gc,metaspace] GC(420) Metaspace: 13M used, 14M committed, 1088M reserved
[320.840s][info][gc,ref      ] GC(420) Soft: 134 encountered, 0 discovered, 0 enqueued
[320.840s][info][gc,ref      ] GC(420) Weak: 717 encountered, 453 discovered, 0 enqueued
[320.840s][info][gc,ref      ] GC(420) Final: 0 encountered, 0 discovered, 0 enqueued
[320.840s][info][gc,ref      ] GC(420) Phantom: 59 encountered, 41 discovered, 0 enqueued
[320.840s][info][gc,reloc    ] GC(420) Small Pages: 209 / 418M, Empty: 364M, Relocated: 0M, In-Place: 0
[320.840s][info][gc,reloc    ] GC(420) Medium Pages: 0 / 0M, Empty: 0M, Relocated: 0M, In-Place: 0
[320.840s][info][gc,reloc    ] GC(420) Large Pages: 0 / 0M, Empty: 0M, Relocated: 0M, In-Place: 0
[320.840s][info][gc,reloc    ] GC(420) Forwarding Usage: 0M
[320.840s][info][gc,heap     ] GC(420) Min Capacity: 8M(0%)
[320.840s][info][gc,heap     ] GC(420) Max Capacity: 2048M(100%)
[320.840s][info][gc,heap     ] GC(420) Soft Max Capacity: 2048M(100%)
[320.840s][info][gc,heap     ] GC(420)                Mark Start          Mark End        Relocate Start      Relocate End           High               Low         
[320.840s][info][gc,heap     ] GC(420)  Capacity:     2048M (100%)       2048M (100%)       2048M (100%)       2048M (100%)       2048M (100%)       2048M (100%)   
[320.840s][info][gc,heap     ] GC(420)      Free:     1630M (80%)        1594M (78%)        1772M (87%)        1812M (88%)        1812M (88%)        1414M (69%)    
[320.840s][info][gc,heap     ] GC(420)      Used:      418M (20%)         454M (22%)         276M (13%)         236M (12%)         634M (31%)         236M (12%)    
[320.840s][info][gc,heap     ] GC(420)      Live:         -                 8M (0%)            8M (0%)            8M (0%)             -                  -          
[320.840s][info][gc,heap     ] GC(420) Allocated:         -                36M (2%)          222M (11%)         223M (11%)            -                  -          
[320.840s][info][gc,heap     ] GC(420)   Garbage:         -               409M (20%)          45M (2%)            3M (0%)             -                  -          
[320.840s][info][gc,heap     ] GC(420) Reclaimed:         -                  -               364M (18%)         405M (20%)            -                  -          
[320.840s][info][gc          ] GC(420) Garbage Collection (Allocation Rate) 418M(20%)->236M(12%)
[321.124s][info][gc,start    ] GC(421) Garbage Collection (Allocation Rate)
[321.125s][info][gc,task     ] GC(421) Using 1 workers
[321.125s][info][gc,phases   ] GC(421) Pause Mark Start 0.012ms
[321.139s][info][gc,phases   ] GC(421) Concurrent Mark 14.314ms
[321.139s][info][gc,phases   ] GC(421) Pause Mark End 0.014ms
[321.139s][info][gc,phases   ] GC(421) Concurrent Mark Free 0.001ms
[321.231s][info][gc,phases   ] GC(421) Concurrent Process Non-Strong References 92.000ms
[321.232s][info][gc,phases   ] GC(421) Concurrent Reset Relocation Set 0.004ms
[321.235s][info][gc,phases   ] GC(421) Concurrent Select Relocation Set 3.825ms
[321.236s][info][gc,phases   ] GC(421) Pause Relocate Start 0.006ms
[321.236s][info][gc,phases   ] GC(421) Concurrent Relocate 0.449ms
[321.236s][info][gc,load     ] GC(421) Load: 0.00/0.00/0.00
[321.236s][info][gc,mmu      ] GC(421) MMU: 2ms/94.9%, 5ms/98.0%, 10ms/99.0%, 20ms/99.4%, 50ms/99.8%, 100ms/99.9%
[321.236s][info][gc,marking  ] GC(421) Mark: 1 stripe(s), 2 proactive flush(es), 1 terminate flush(es), 0 completion(s), 0 continuation(s) 
[321.236s][info][gc,marking  ] GC(421) Mark Stack Usage: 32M
[321.236s][info][gc,nmethod  ] GC(421) NMethods: 648 registered, 134 unregistered
[321.236s][info][gc,metaspace] GC(421) Metaspace: 13M used, 14M committed, 1088M reserved
[321.236s][info][gc,ref      ] GC(421) Soft: 134 encountered, 0 discovered, 0 enqueued
[321.236s][info][gc,ref      ] GC(421) Weak: 717 encountered, 453 discovered, 0 enqueued
[321.236s][info][gc,ref      ] GC(421) Final: 0 encountered, 0 discovered, 0 enqueued
[321.236s][info][gc,ref      ] GC(421) Phantom: 59 encountered, 41 discovered, 0 enqueued
[321.236s][info][gc,reloc    ] GC(421) Small Pages: 384 / 768M, Empty: 700M, Relocated: 0M, In-Place: 0
[321.236s][info][gc,reloc    ] GC(421) Medium Pages: 0 / 0M, Empty: 0M, Relocated: 0M, In-Place: 0
[321.236s][info][gc,reloc    ] GC(421) Large Pages: 0 / 0M, Empty: 0M, Relocated: 0M, In-Place: 0
[321.236s][info][gc,reloc    ] GC(421) Forwarding Usage: 0M
[321.236s][info][gc,heap     ] GC(421) Min Capacity: 8M(0%)
[321.236s][info][gc,heap     ] GC(421) Max Capacity: 2048M(100%)
[321.236s][info][gc,heap     ] GC(421) Soft Max Capacity: 2048M(100%)
[321.236s][info][gc,heap     ] GC(421)                Mark Start          Mark End        Relocate Start      Relocate End           High               Low         
[321.236s][info][gc,heap     ] GC(421)  Capacity:     2048M (100%)       2048M (100%)       2048M (100%)       2048M (100%)       2048M (100%)       2048M (100%)   
[321.236s][info][gc,heap     ] GC(421)      Free:     1280M (63%)        1244M (61%)        1758M (86%)        1814M (89%)        1814M (89%)        1064M (52%)    
[321.236s][info][gc,heap     ] GC(421)      Used:      768M (38%)         804M (39%)         290M (14%)         234M (11%)         984M (48%)         234M (11%)    
[321.236s][info][gc,heap     ] GC(421)      Live:         -                 8M (0%)            8M (0%)            8M (0%)             -                  -          
[321.236s][info][gc,heap     ] GC(421) Allocated:         -                36M (2%)          222M (11%)         221M (11%)            -                  -          
[321.237s][info][gc,heap     ] GC(421)   Garbage:         -               759M (37%)          59M (3%)            3M (0%)             -                  -          
[321.237s][info][gc,heap     ] GC(421) Reclaimed:         -                  -               700M (34%)         755M (37%)            -                  -          
[321.237s][info][gc          ] GC(421) Garbage Collection (Allocation Rate) 768M(38%)->234M(11%)
[321.625s][info][gc,start    ] GC(422) Garbage Collection (Allocation Rate)
[321.625s][info][gc,task     ] GC(422) Using 1 workers
[321.625s][info][gc,phases   ] GC(422) Pause Mark Start 0.010ms
[321.639s][info][gc,phases   ] GC(422) Concurrent Mark 13.939ms
[321.640s][info][gc,phases   ] GC(422) Pause Mark End 0.015ms
[321.640s][info][gc,phases   ] GC(422) Concurrent Mark Free 0.001ms
[321.735s][info][gc,phases   ] GC(422) Concurrent Process Non-Strong References 94.874ms
[321.735s][info][gc,phases   ] GC(422) Concurrent Reset Relocation Set 0.005ms
[321.739s][info][gc,phases   ] GC(422) Concurrent Select Relocation Set 3.942ms
[321.739s][info][gc,phases   ] GC(422) Pause Relocate Start 0.008ms
[321.739s][info][gc,phases   ] GC(422) Concurrent Relocate 0.514ms
[321.739s][info][gc,load     ] GC(422) Load: 0.00/0.00/0.00
[321.740s][info][gc,mmu      ] GC(422) MMU: 2ms/94.9%, 5ms/98.0%, 10ms/99.0%, 20ms/99.4%, 50ms/99.8%, 100ms/99.9%
[321.740s][info][gc,marking  ] GC(422) Mark: 1 stripe(s), 2 proactive flush(es), 1 terminate flush(es), 0 completion(s), 0 continuation(s) 
[321.740s][info][gc,marking  ] GC(422) Mark Stack Usage: 32M
[321.740s][info][gc,nmethod  ] GC(422) NMethods: 648 registered, 134 unregistered
[321.740s][info][gc,metaspace] GC(422) Metaspace: 13M used, 14M committed, 1088M reserved
[321.740s][info][gc,ref      ] GC(422) Soft: 134 encountered, 0 discovered, 0 enqueued
[321.740s][info][gc,ref      ] GC(422) Weak: 717 encountered, 453 discovered, 0 enqueued
[321.740s][info][gc,ref      ] GC(422) Final: 0 encountered, 0 discovered, 0 enqueued
[321.740s][info][gc,ref      ] GC(422) Phantom: 59 encountered, 41 discovered, 0 enqueued
[321.740s][info][gc,reloc    ] GC(422) Small Pages: 498 / 996M, Empty: 916M, Relocated: 0M, In-Place: 0
[321.740s][info][gc,reloc    ] GC(422) Medium Pages: 0 / 0M, Empty: 0M, Relocated: 0M, In-Place: 0
[321.740s][info][gc,reloc    ] GC(422) Large Pages: 0 / 0M, Empty: 0M, Relocated: 0M, In-Place: 0
[321.740s][info][gc,reloc    ] GC(422) Forwarding Usage: 0M
[321.740s][info][gc,heap     ] GC(422) Min Capacity: 8M(0%)
[321.740s][info][gc,heap     ] GC(422) Max Capacity: 2048M(100%)
[321.740s][info][gc,heap     ] GC(422) Soft Max Capacity: 2048M(100%)
[321.740s][info][gc,heap     ] GC(422)                Mark Start          Mark End        Relocate Start      Relocate End           High               Low         
[321.740s][info][gc,heap     ] GC(422)  Capacity:     2048M (100%)       2048M (100%)       2048M (100%)       2048M (100%)       2048M (100%)       2048M (100%)   
[321.740s][info][gc,heap     ] GC(422)      Free:     1052M (51%)        1016M (50%)        1742M (85%)        1808M (88%)        1808M (88%)         834M (41%)    
[321.740s][info][gc,heap     ] GC(422)      Used:      996M (49%)        1032M (50%)         306M (15%)         240M (12%)        1214M (59%)         240M (12%)    
[321.740s][info][gc,heap     ] GC(422)      Live:         -                 8M (0%)            8M (0%)            8M (0%)             -                  -          
[321.740s][info][gc,heap     ] GC(422) Allocated:         -                36M (2%)          226M (11%)         227M (11%)            -                  -          
[321.740s][info][gc,heap     ] GC(422)   Garbage:         -               987M (48%)          71M (3%)            3M (0%)             -                  -          
[321.740s][info][gc,heap     ] GC(422) Reclaimed:         -                  -               916M (45%)         983M (48%)            -                  -          
[321.740s][info][gc          ] GC(422) Garbage Collection (Allocation Rate) 996M(49%)->240M(12%)
[322.225s][info][gc,start    ] GC(423) Garbage Collection (Allocation Rate)
[322.225s][info][gc,task     ] GC(423) Using 1 workers
[322.225s][info][gc,phases   ] GC(423) Pause Mark Start 0.011ms
[322.239s][info][gc,phases   ] GC(423) Concurrent Mark 13.110ms
[322.239s][info][gc,phases   ] GC(423) Pause Mark End 0.015ms
[322.239s][info][gc,phases   ] GC(423) Concurrent Mark Free 0.001ms
[322.338s][info][gc,phases   ] GC(423) Concurrent Process Non-Strong References 98.592ms
[322.338s][info][gc,phases   ] GC(423) Concurrent Reset Relocation Set 0.004ms
[322.342s][info][gc,phases   ] GC(423) Concurrent Select Relocation Set 4.378ms
[322.342s][info][gc,phases   ] GC(423) Pause Relocate Start 0.007ms
[322.343s][info][gc,phases   ] GC(423) Concurrent Relocate 0.592ms
[322.343s][info][gc,load     ] GC(423) Load: 0.00/0.00/0.00
[322.343s][info][gc,mmu      ] GC(423) MMU: 2ms/94.9%, 5ms/98.0%, 10ms/99.0%, 20ms/99.4%, 50ms/99.8%, 100ms/99.9%
[322.343s][info][gc,marking  ] GC(423) Mark: 1 stripe(s), 2 proactive flush(es), 1 terminate flush(es), 0 completion(s), 0 continuation(s) 
[322.343s][info][gc,marking  ] GC(423) Mark Stack Usage: 32M
[322.343s][info][gc,nmethod  ] GC(423) NMethods: 648 registered, 134 unregistered
[322.343s][info][gc,metaspace] GC(423) Metaspace: 13M used, 14M committed, 1088M reserved
[322.343s][info][gc,ref      ] GC(423) Soft: 134 encountered, 0 discovered, 0 enqueued
[322.343s][info][gc,ref      ] GC(423) Weak: 717 encountered, 453 discovered, 0 enqueued
[322.343s][info][gc,ref      ] GC(423) Final: 0 encountered, 0 discovered, 0 enqueued
[322.343s][info][gc,ref      ] GC(423) Phantom: 59 encountered, 41 discovered, 0 enqueued
[322.343s][info][gc,reloc    ] GC(423) Small Pages: 592 / 1184M, Empty: 1092M, Relocated: 0M, In-Place: 0
[322.343s][info][gc,reloc    ] GC(423) Medium Pages: 0 / 0M, Empty: 0M, Relocated: 0M, In-Place: 0
[322.343s][info][gc,reloc    ] GC(423) Large Pages: 0 / 0M, Empty: 0M, Relocated: 0M, In-Place: 0
[322.343s][info][gc,reloc    ] GC(423) Forwarding Usage: 0M
[322.343s][info][gc,heap     ] GC(423) Min Capacity: 8M(0%)
[322.343s][info][gc,heap     ] GC(423) Max Capacity: 2048M(100%)
[322.343s][info][gc,heap     ] GC(423) Soft Max Capacity: 2048M(100%)
[322.343s][info][gc,heap     ] GC(423)                Mark Start          Mark End        Relocate Start      Relocate End           High               Low         
[322.343s][info][gc,heap     ] GC(423)  Capacity:     2048M (100%)       2048M (100%)       2048M (100%)       2048M (100%)       2048M (100%)       2048M (100%)   
[322.343s][info][gc,heap     ] GC(423)      Free:      864M (42%)         830M (41%)        1724M (84%)        1800M (88%)        1802M (88%)         636M (31%)    
[322.343s][info][gc,heap     ] GC(423)      Used:     1184M (58%)        1218M (59%)         324M (16%)         248M (12%)        1412M (69%)         246M (12%)    
[322.343s][info][gc,heap     ] GC(423)      Live:         -                 8M (0%)            8M (0%)            8M (0%)             -                  -          
[322.343s][info][gc,heap     ] GC(423) Allocated:         -                34M (2%)          232M (11%)         235M (12%)            -                  -          
[322.343s][info][gc,heap     ] GC(423)   Garbage:         -              1175M (57%)          83M (4%)            3M (0%)             -                  -          
[322.343s][info][gc,heap     ] GC(423) Reclaimed:         -                  -              1092M (53%)        1171M (57%)            -                  -          
[322.343s][info][gc          ] GC(423) Garbage Collection (Allocation Rate) 1184M(58%)->248M(12%)
[323.025s][info][gc,start    ] GC(424) Garbage Collection (Allocation Rate)
[323.025s][info][gc,task     ] GC(424) Using 1 workers
[323.025s][info][gc,phases   ] GC(424) Pause Mark Start 0.011ms
[323.038s][info][gc,phases   ] GC(424) Concurrent Mark 12.934ms
[323.038s][info][gc,phases   ] GC(424) Pause Mark End 0.019ms
[323.038s][info][gc,phases   ] GC(424) Concurrent Mark Free 0.001ms
[323.145s][info][gc,phases   ] GC(424) Concurrent Process Non-Strong References 106.752ms
[323.145s][info][gc,phases   ] GC(424) Concurrent Reset Relocation Set 0.004ms
[323.149s][info][gc,phases   ] GC(424) Concurrent Select Relocation Set 4.386ms
[323.150s][info][gc,phases   ] GC(424) Pause Relocate Start 0.009ms
[323.150s][info][gc,phases   ] GC(424) Concurrent Relocate 0.598ms
[323.150s][info][gc,load     ] GC(424) Load: 0.00/0.00/0.00
[323.150s][info][gc,mmu      ] GC(424) MMU: 2ms/94.9%, 5ms/98.0%, 10ms/99.0%, 20ms/99.4%, 50ms/99.8%, 100ms/99.9%
[323.150s][info][gc,marking  ] GC(424) Mark: 1 stripe(s), 2 proactive flush(es), 1 terminate flush(es), 0 completion(s), 0 continuation(s) 
[323.150s][info][gc,marking  ] GC(424) Mark Stack Usage: 32M
[323.150s][info][gc,nmethod  ] GC(424) NMethods: 648 registered, 134 unregistered
[323.150s][info][gc,metaspace] GC(424) Metaspace: 13M used, 14M committed, 1088M reserved
[323.150s][info][gc,ref      ] GC(424) Soft: 134 encountered, 0 discovered, 0 enqueued
[323.150s][info][gc,ref      ] GC(424) Weak: 711 encountered, 453 discovered, 0 enqueued
[323.150s][info][gc,ref      ] GC(424) Final: 0 encountered, 0 discovered, 0 enqueued
[323.150s][info][gc,ref      ] GC(424) Phantom: 59 encountered, 41 discovered, 0 enqueued
[323.150s][info][gc,reloc    ] GC(424) Small Pages: 786 / 1572M, Empty: 1462M, Relocated: 0M, In-Place: 0
[323.150s][info][gc,reloc    ] GC(424) Medium Pages: 0 / 0M, Empty: 0M, Relocated: 0M, In-Place: 0
[323.150s][info][gc,reloc    ] GC(424) Large Pages: 0 / 0M, Empty: 0M, Relocated: 0M, In-Place: 0
[323.151s][info][gc,reloc    ] GC(424) Forwarding Usage: 0M
[323.151s][info][gc,heap     ] GC(424) Min Capacity: 8M(0%)
[323.151s][info][gc,heap     ] GC(424) Max Capacity: 2048M(100%)
[323.151s][info][gc,heap     ] GC(424) Soft Max Capacity: 2048M(100%)
[323.151s][info][gc,heap     ] GC(424)                Mark Start          Mark End        Relocate Start      Relocate End           High               Low         
[323.151s][info][gc,heap     ] GC(424)  Capacity:     2048M (100%)       2048M (100%)       2048M (100%)       2048M (100%)       2048M (100%)       2048M (100%)   
[323.151s][info][gc,heap     ] GC(424)      Free:      476M (23%)         446M (22%)        1696M (83%)        1792M (88%)        1792M (88%)         242M (12%)    
[323.151s][info][gc,heap     ] GC(424)      Used:     1572M (77%)        1602M (78%)         352M (17%)         256M (13%)        1806M (88%)         256M (13%)    
[323.151s][info][gc,heap     ] GC(424)      Live:         -                 8M (0%)            8M (0%)            8M (0%)             -                  -          
[323.151s][info][gc,heap     ] GC(424) Allocated:         -                30M (1%)          242M (12%)         243M (12%)            -                  -          
[323.151s][info][gc,heap     ] GC(424)   Garbage:         -              1563M (76%)         101M (5%)            3M (0%)             -                  -          
[323.151s][info][gc,heap     ] GC(424) Reclaimed:         -                  -              1462M (71%)        1559M (76%)            -                  -          
[323.151s][info][gc          ] GC(424) Garbage Collection (Allocation Rate) 1572M(77%)->256M(13%)
[323.825s][info][gc,start    ] GC(425) Garbage Collection (Allocation Rate)
[323.825s][info][gc,task     ] GC(425) Using 1 workers
[323.825s][info][gc,phases   ] GC(425) Pause Mark Start 0.012ms
[323.846s][info][gc,phases   ] GC(425) Concurrent Mark 20.617ms
[323.846s][info][gc,phases   ] GC(425) Pause Mark End 0.014ms
[323.846s][info][gc,phases   ] GC(425) Concurrent Mark Free 0.001ms
[323.938s][info][gc,phases   ] GC(425) Concurrent Process Non-Strong References 91.575ms
[323.938s][info][gc,phases   ] GC(425) Concurrent Reset Relocation Set 0.006ms
[323.942s][info][gc,phases   ] GC(425) Concurrent Select Relocation Set 3.882ms
[323.942s][info][gc,phases   ] GC(425) Pause Relocate Start 0.007ms
[323.945s][info][gc,phases   ] GC(425) Concurrent Relocate 3.043ms
[323.945s][info][gc,load     ] GC(425) Load: 0.00/0.00/0.00
[323.945s][info][gc,mmu      ] GC(425) MMU: 2ms/94.9%, 5ms/98.0%, 10ms/99.0%, 20ms/99.4%, 50ms/99.8%, 100ms/99.9%
[323.945s][info][gc,marking  ] GC(425) Mark: 1 stripe(s), 2 proactive flush(es), 1 terminate flush(es), 0 completion(s), 0 continuation(s) 
[323.945s][info][gc,marking  ] GC(425) Mark Stack Usage: 32M
[323.945s][info][gc,nmethod  ] GC(425) NMethods: 648 registered, 134 unregistered
[323.945s][info][gc,metaspace] GC(425) Metaspace: 13M used, 14M committed, 1088M reserved
[323.945s][info][gc,ref      ] GC(425) Soft: 134 encountered, 0 discovered, 0 enqueued
[323.945s][info][gc,ref      ] GC(425) Weak: 681 encountered, 453 discovered, 0 enqueued
[323.945s][info][gc,ref      ] GC(425) Final: 0 encountered, 0 discovered, 0 enqueued
[323.945s][info][gc,ref      ] GC(425) Phantom: 59 encountered, 41 discovered, 0 enqueued
[323.945s][info][gc,reloc    ] GC(425) Small Pages: 696 / 1392M, Empty: 1290M, Relocated: 3M, In-Place: 0
[323.945s][info][gc,reloc    ] GC(425) Medium Pages: 0 / 0M, Empty: 0M, Relocated: 0M, In-Place: 0
[323.945s][info][gc,reloc    ] GC(425) Large Pages: 0 / 0M, Empty: 0M, Relocated: 0M, In-Place: 0
[323.945s][info][gc,reloc    ] GC(425) Forwarding Usage: 0M
[323.945s][info][gc,heap     ] GC(425) Min Capacity: 8M(0%)
[323.945s][info][gc,heap     ] GC(425) Max Capacity: 2048M(100%)
[323.945s][info][gc,heap     ] GC(425) Soft Max Capacity: 2048M(100%)
[323.945s][info][gc,heap     ] GC(425)                Mark Start          Mark End        Relocate Start      Relocate End           High               Low         
[323.945s][info][gc,heap     ] GC(425)  Capacity:     2048M (100%)       2048M (100%)       2048M (100%)       2048M (100%)       2048M (100%)       2048M (100%)   
[323.945s][info][gc,heap     ] GC(425)      Free:      656M (32%)         622M (30%)        1760M (86%)        1846M (90%)        1850M (90%)         478M (23%)    
[323.945s][info][gc,heap     ] GC(425)      Used:     1392M (68%)        1426M (70%)         288M (14%)         202M (10%)        1570M (77%)         198M (10%)    
[323.945s][info][gc,heap     ] GC(425)      Live:         -                 8M (0%)            8M (0%)            8M (0%)             -                  -          
[323.946s][info][gc,heap     ] GC(425) Allocated:         -                34M (2%)          186M (9%)          190M (9%)             -                  -          
[323.946s][info][gc,heap     ] GC(425)   Garbage:         -              1383M (68%)          93M (5%)            2M (0%)             -                  -          
[323.946s][info][gc,heap     ] GC(425) Reclaimed:         -                  -              1290M (63%)        1380M (67%)            -                  -          
[323.946s][info][gc          ] GC(425) Garbage Collection (Allocation Rate) 1392M(68%)->202M(10%)
[324.524s][info][gc,start    ] GC(426) Garbage Collection (Allocation Rate)
[324.525s][info][gc,task     ] GC(426) Using 1 workers
[324.525s][info][gc,phases   ] GC(426) Pause Mark Start 0.012ms
[324.544s][info][gc,phases   ] GC(426) Concurrent Mark 18.809ms
[324.544s][info][gc,phases   ] GC(426) Pause Mark End 0.025ms
[324.544s][info][gc,phases   ] GC(426) Concurrent Mark Free 0.001ms
[324.632s][info][gc,phases   ] GC(426) Concurrent Process Non-Strong References 88.070ms
[324.632s][info][gc,phases   ] GC(426) Concurrent Reset Relocation Set 0.005ms
[324.637s][info][gc,phases   ] GC(426) Concurrent Select Relocation Set 4.629ms
[324.637s][info][gc,phases   ] GC(426) Pause Relocate Start 0.010ms
[324.638s][info][gc,phases   ] GC(426) Concurrent Relocate 0.839ms
[324.638s][info][gc,load     ] GC(426) Load: 0.00/0.00/0.00
[324.638s][info][gc,mmu      ] GC(426) MMU: 2ms/94.9%, 5ms/98.0%, 10ms/99.0%, 20ms/99.4%, 50ms/99.8%, 100ms/99.9%
[324.638s][info][gc,marking  ] GC(426) Mark: 1 stripe(s), 2 proactive flush(es), 1 terminate flush(es), 0 completion(s), 0 continuation(s) 
[324.638s][info][gc,marking  ] GC(426) Mark Stack Usage: 32M
[324.638s][info][gc,nmethod  ] GC(426) NMethods: 648 registered, 134 unregistered
[324.638s][info][gc,metaspace] GC(426) Metaspace: 13M used, 14M committed, 1088M reserved
[324.638s][info][gc,ref      ] GC(426) Soft: 134 encountered, 0 discovered, 0 enqueued
[324.638s][info][gc,ref      ] GC(426) Weak: 627 encountered, 451 discovered, 0 enqueued
[324.638s][info][gc,ref      ] GC(426) Final: 0 encountered, 0 discovered, 0 enqueued
[324.638s][info][gc,ref      ] GC(426) Phantom: 59 encountered, 41 discovered, 0 enqueued
[324.638s][info][gc,reloc    ] GC(426) Small Pages: 717 / 1434M, Empty: 1334M, Relocated: 0M, In-Place: 0
[324.638s][info][gc,reloc    ] GC(426) Medium Pages: 0 / 0M, Empty: 0M, Relocated: 0M, In-Place: 0
[324.638s][info][gc,reloc    ] GC(426) Large Pages: 0 / 0M, Empty: 0M, Relocated: 0M, In-Place: 0
[324.638s][info][gc,reloc    ] GC(426) Forwarding Usage: 0M
[324.638s][info][gc,heap     ] GC(426) Min Capacity: 8M(0%)
[324.638s][info][gc,heap     ] GC(426) Max Capacity: 2048M(100%)
[324.638s][info][gc,heap     ] GC(426) Soft Max Capacity: 2048M(100%)
[324.638s][info][gc,heap     ] GC(426)                Mark Start          Mark End        Relocate Start      Relocate End           High               Low         
[324.638s][info][gc,heap     ] GC(426)  Capacity:     2048M (100%)       2048M (100%)       2048M (100%)       2048M (100%)       2048M (100%)       2048M (100%)   
[324.638s][info][gc,heap     ] GC(426)      Free:      614M (30%)         594M (29%)        1878M (92%)        1968M (96%)        1968M (96%)         544M (27%)    
[324.638s][info][gc,heap     ] GC(426)      Used:     1434M (70%)        1454M (71%)         170M (8%)           80M (4%)         1504M (73%)          80M (4%)     
[324.638s][info][gc,heap     ] GC(426)      Live:         -                 7M (0%)            7M (0%)            7M (0%)             -                  -          
[324.638s][info][gc,heap     ] GC(426) Allocated:         -                20M (1%)           70M (3%)           70M (3%)             -                  -          
[324.638s][info][gc,heap     ] GC(426)   Garbage:         -              1426M (70%)          92M (5%)            2M (0%)             -                  -          
[324.638s][info][gc,heap     ] GC(426) Reclaimed:         -                  -              1334M (65%)        1424M (70%)            -                  -          
[324.639s][info][gc          ] GC(426) Garbage Collection (Allocation Rate) 1434M(70%)->80M(4%)
[324.639s][info][gc,start    ] GC(427) Garbage Collection (System.gc())
[324.639s][info][gc,task     ] GC(427) Using 12 workers
[324.639s][info][gc,phases   ] GC(427) Pause Mark Start 0.010ms
[324.655s][info][gc,phases   ] GC(427) Concurrent Mark 16.749ms
[324.656s][info][gc,phases   ] GC(427) Pause Mark End 0.015ms
[324.656s][info][gc,phases   ] GC(427) Concurrent Mark Free 0.001ms
[324.671s][info][gc,phases   ] GC(427) Concurrent Process Non-Strong References 15.133ms
[324.671s][info][gc,phases   ] GC(427) Concurrent Reset Relocation Set 0.004ms
[324.675s][info][gc,phases   ] GC(427) Concurrent Select Relocation Set 4.386ms
[324.675s][info][gc,phases   ] GC(427) Pause Relocate Start 0.009ms
[324.677s][info][gc,phases   ] GC(427) Concurrent Relocate 1.790ms
[324.677s][info][gc,load     ] GC(427) Load: 0.00/0.00/0.00
[324.677s][info][gc,mmu      ] GC(427) MMU: 2ms/94.9%, 5ms/98.0%, 10ms/99.0%, 20ms/99.4%, 50ms/99.8%, 100ms/99.9%
[324.677s][info][gc,marking  ] GC(427) Mark: 8 stripe(s), 2 proactive flush(es), 1 terminate flush(es), 0 completion(s), 0 continuation(s) 
[324.678s][info][gc,marking  ] GC(427) Mark Stack Usage: 32M
[324.678s][info][gc,nmethod  ] GC(427) NMethods: 648 registered, 134 unregistered
[324.678s][info][gc,metaspace] GC(427) Metaspace: 13M used, 14M committed, 1088M reserved
[324.678s][info][gc,ref      ] GC(427) Soft: 134 encountered, 0 discovered, 0 enqueued
[324.678s][info][gc,ref      ] GC(427) Weak: 617 encountered, 3 discovered, 0 enqueued
[324.678s][info][gc,ref      ] GC(427) Final: 0 encountered, 0 discovered, 0 enqueued
[324.678s][info][gc,ref      ] GC(427) Phantom: 59 encountered, 34 discovered, 0 enqueued
[324.678s][info][gc,reloc    ] GC(427) Small Pages: 40 / 80M, Empty: 68M, Relocated: 3M, In-Place: 0
[324.678s][info][gc,reloc    ] GC(427) Medium Pages: 0 / 0M, Empty: 0M, Relocated: 0M, In-Place: 0
[324.678s][info][gc,reloc    ] GC(427) Large Pages: 0 / 0M, Empty: 0M, Relocated: 0M, In-Place: 0
[324.678s][info][gc,reloc    ] GC(427) Forwarding Usage: 1M
[324.678s][info][gc,heap     ] GC(427) Min Capacity: 8M(0%)
[324.678s][info][gc,heap     ] GC(427) Max Capacity: 2048M(100%)
[324.678s][info][gc,heap     ] GC(427) Soft Max Capacity: 2048M(100%)
[324.678s][info][gc,heap     ] GC(427)                Mark Start          Mark End        Relocate Start      Relocate End           High               Low         
[324.678s][info][gc,heap     ] GC(427)  Capacity:     2048M (100%)       2048M (100%)       2048M (100%)       2048M (100%)       2048M (100%)       2048M (100%)   
[324.678s][info][gc,heap     ] GC(427)      Free:     1968M (96%)        1968M (96%)        2036M (99%)        2036M (99%)        2036M (99%)        1968M (96%)    
[324.678s][info][gc,heap     ] GC(427)      Used:       80M (4%)           80M (4%)           12M (1%)           12M (1%)           80M (4%)           12M (1%)     
[324.678s][info][gc,heap     ] GC(427)      Live:         -                 4M (0%)            4M (0%)            4M (0%)             -                  -          
[324.678s][info][gc,heap     ] GC(427) Allocated:         -                 0M (0%)            0M (0%)            0M (0%)             -                  -          
[324.678s][info][gc,heap     ] GC(427)   Garbage:         -                75M (4%)            7M (0%)            7M (0%)             -                  -          
[324.678s][info][gc,heap     ] GC(427) Reclaimed:         -                  -                68M (3%)           68M (3%)             -                  -          
[324.678s][info][gc          ] GC(427) Garbage Collection (System.gc()) 80M(4%)->12M(1%)
[325.326s][info][gc,start    ] GC(428) Garbage Collection (Allocation Rate)
[325.326s][info][gc,task     ] GC(428) Using 3 workers
[325.326s][info][gc,phases   ] GC(428) Pause Mark Start 0.010ms
[325.336s][info][gc,phases   ] GC(428) Concurrent Mark 9.339ms
[325.336s][info][gc,phases   ] GC(428) Pause Mark End 0.015ms
[325.336s][info][gc,phases   ] GC(428) Concurrent Mark Free 0.001ms
[325.368s][info][gc,phases   ] GC(428) Concurrent Process Non-Strong References 31.539ms
[325.368s][info][gc,phases   ] GC(428) Concurrent Reset Relocation Set 0.002ms
[325.371s][info][gc,phases   ] GC(428) Concurrent Select Relocation Set 3.715ms
[325.372s][info][gc,phases   ] GC(428) Pause Relocate Start 0.007ms
[325.373s][info][gc,phases   ] GC(428) Concurrent Relocate 1.121ms
[325.373s][info][gc,load     ] GC(428) Load: 0.00/0.00/0.00
[325.373s][info][gc,mmu      ] GC(428) MMU: 2ms/94.9%, 5ms/98.0%, 10ms/99.0%, 20ms/99.4%, 50ms/99.8%, 100ms/99.9%
[325.373s][info][gc,marking  ] GC(428) Mark: 2 stripe(s), 2 proactive flush(es), 1 terminate flush(es), 0 completion(s), 0 continuation(s) 
[325.373s][info][gc,marking  ] GC(428) Mark Stack Usage: 32M
[325.373s][info][gc,nmethod  ] GC(428) NMethods: 649 registered, 135 unregistered
[325.373s][info][gc,metaspace] GC(428) Metaspace: 13M used, 14M committed, 1088M reserved
[325.373s][info][gc,ref      ] GC(428) Soft: 134 encountered, 0 discovered, 0 enqueued
[325.373s][info][gc,ref      ] GC(428) Weak: 723 encountered, 121 discovered, 2 enqueued
[325.373s][info][gc,ref      ] GC(428) Final: 0 encountered, 0 discovered, 0 enqueued
[325.373s][info][gc,ref      ] GC(428) Phantom: 59 encountered, 46 discovered, 0 enqueued
[325.373s][info][gc,reloc    ] GC(428) Small Pages: 657 / 1314M, Empty: 1204M, Relocated: 3M, In-Place: 0
[325.373s][info][gc,reloc    ] GC(428) Medium Pages: 0 / 0M, Empty: 0M, Relocated: 0M, In-Place: 0
[325.373s][info][gc,reloc    ] GC(428) Large Pages: 0 / 0M, Empty: 0M, Relocated: 0M, In-Place: 0
[325.373s][info][gc,reloc    ] GC(428) Forwarding Usage: 0M
[325.373s][info][gc,heap     ] GC(428) Min Capacity: 8M(0%)
[325.373s][info][gc,heap     ] GC(428) Max Capacity: 2048M(100%)
[325.373s][info][gc,heap     ] GC(428) Soft Max Capacity: 2048M(100%)
[325.373s][info][gc,heap     ] GC(428)                Mark Start          Mark End        Relocate Start      Relocate End           High               Low         
[325.373s][info][gc,heap     ] GC(428)  Capacity:     2048M (100%)       2048M (100%)       2048M (100%)       2048M (100%)       2048M (100%)       2048M (100%)   
[325.373s][info][gc,heap     ] GC(428)      Free:      734M (36%)         708M (35%)        1840M (90%)        1936M (95%)        1936M (95%)         648M (32%)    
[325.373s][info][gc,heap     ] GC(428)      Used:     1314M (64%)        1340M (65%)         208M (10%)         112M (5%)         1400M (68%)         112M (5%)     
[325.373s][info][gc,heap     ] GC(428)      Live:         -                 7M (0%)            7M (0%)            7M (0%)             -                  -          
[325.373s][info][gc,heap     ] GC(428) Allocated:         -                26M (1%)           98M (5%)           98M (5%)             -                  -          
[325.373s][info][gc,heap     ] GC(428)   Garbage:         -              1306M (64%)         102M (5%)            6M (0%)             -                  -          
[325.373s][info][gc,heap     ] GC(428) Reclaimed:         -                  -              1204M (59%)        1300M (63%)            -                  -          
[325.373s][info][gc          ] GC(428) Garbage Collection (Allocation Rate) 1314M(64%)->112M(5%)
[325.826s][info][gc,start    ] GC(429) Garbage Collection (Allocation Rate)
[325.826s][info][gc,task     ] GC(429) Using 3 workers
[325.826s][info][gc,phases   ] GC(429) Pause Mark Start 0.012ms
[325.834s][info][gc,phases   ] GC(429) Concurrent Mark 7.628ms
[325.834s][info][gc,phases   ] GC(429) Pause Mark End 0.014ms
[325.834s][info][gc,phases   ] GC(429) Concurrent Mark Free 0.001ms
[325.868s][info][gc,phases   ] GC(429) Concurrent Process Non-Strong References 34.103ms
[325.868s][info][gc,phases   ] GC(429) Concurrent Reset Relocation Set 0.011ms
[325.873s][info][gc,phases   ] GC(429) Concurrent Select Relocation Set 5.205ms
[325.874s][info][gc,phases   ] GC(429) Pause Relocate Start 0.008ms
[325.877s][info][gc,phases   ] GC(429) Concurrent Relocate 3.690ms
[325.877s][info][gc,load     ] GC(429) Load: 0.00/0.00/0.00
[325.877s][info][gc,mmu      ] GC(429) MMU: 2ms/94.9%, 5ms/98.0%, 10ms/99.0%, 20ms/99.4%, 50ms/99.8%, 100ms/99.9%
[325.877s][info][gc,marking  ] GC(429) Mark: 2 stripe(s), 2 proactive flush(es), 1 terminate flush(es), 0 completion(s), 0 continuation(s) 
[325.877s][info][gc,marking  ] GC(429) Mark Stack Usage: 32M
[325.877s][info][gc,nmethod  ] GC(429) NMethods: 649 registered, 135 unregistered
[325.877s][info][gc,metaspace] GC(429) Metaspace: 13M used, 14M committed, 1088M reserved
[325.877s][info][gc,ref      ] GC(429) Soft: 134 encountered, 0 discovered, 0 enqueued
[325.878s][info][gc,ref      ] GC(429) Weak: 721 encountered, 17 discovered, 0 enqueued
[325.878s][info][gc,ref      ] GC(429) Final: 0 encountered, 0 discovered, 0 enqueued
[325.878s][info][gc,ref      ] GC(429) Phantom: 59 encountered, 32 discovered, 0 enqueued
[325.878s][info][gc,reloc    ] GC(429) Small Pages: 561 / 1122M, Empty: 1040M, Relocated: 2M, In-Place: 0
[325.878s][info][gc,reloc    ] GC(429) Medium Pages: 0 / 0M, Empty: 0M, Relocated: 0M, In-Place: 0
[325.878s][info][gc,reloc    ] GC(429) Large Pages: 0 / 0M, Empty: 0M, Relocated: 0M, In-Place: 0
[325.878s][info][gc,reloc    ] GC(429) Forwarding Usage: 0M
[325.878s][info][gc,heap     ] GC(429) Min Capacity: 8M(0%)
[325.878s][info][gc,heap     ] GC(429) Max Capacity: 2048M(100%)
[325.878s][info][gc,heap     ] GC(429) Soft Max Capacity: 2048M(100%)
[325.878s][info][gc,heap     ] GC(429)                Mark Start          Mark End        Relocate Start      Relocate End           High               Low         
[325.878s][info][gc,heap     ] GC(429)  Capacity:     2048M (100%)       2048M (100%)       2048M (100%)       2048M (100%)       2048M (100%)       2048M (100%)   
[325.878s][info][gc,heap     ] GC(429)      Free:      926M (45%)         902M (44%)        1856M (91%)        1918M (94%)        1922M (94%)         828M (40%)    
[325.878s][info][gc,heap     ] GC(429)      Used:     1122M (55%)        1146M (56%)         192M (9%)          130M (6%)         1220M (60%)         126M (6%)     
[325.878s][info][gc,heap     ] GC(429)      Live:         -                 7M (0%)            7M (0%)            7M (0%)             -                  -          
[325.878s][info][gc,heap     ] GC(429) Allocated:         -                24M (1%)          110M (5%)          117M (6%)             -                  -          
[325.878s][info][gc,heap     ] GC(429)   Garbage:         -              1114M (54%)          74M (4%)            4M (0%)             -                  -          
[325.878s][info][gc,heap     ] GC(429) Reclaimed:         -                  -              1040M (51%)        1109M (54%)            -                  -          
[325.878s][info][gc          ] GC(429) Garbage Collection (Allocation Rate) 1122M(55%)->130M(6%)
[326.225s][info][gc,start    ] GC(430) Garbage Collection (Allocation Rate)
[326.225s][info][gc,task     ] GC(430) Using 2 workers
[326.256s][info][gc,phases   ] GC(430) Pause Mark Start 0.014ms
[326.386s][info][gc,phases   ] GC(430) Concurrent Mark 130.389ms
[326.387s][info][gc,phases   ] GC(430) Pause Mark End 0.022ms
[326.387s][info][gc,phases   ] GC(430) Concurrent Mark Free 0.001ms
[326.435s][info][gc,phases   ] GC(430) Concurrent Process Non-Strong References 48.055ms
[326.435s][info][gc,phases   ] GC(430) Concurrent Reset Relocation Set 0.005ms
[326.439s][info][gc,phases   ] GC(430) Concurrent Select Relocation Set 4.502ms
[326.439s][info][gc,phases   ] GC(430) Pause Relocate Start 0.008ms
[326.440s][info][gc,phases   ] GC(430) Concurrent Relocate 0.837ms
[326.440s][info][gc,load     ] GC(430) Load: 0.00/0.00/0.00
[326.441s][info][gc,mmu      ] GC(430) MMU: 2ms/94.9%, 5ms/98.0%, 10ms/99.0%, 20ms/99.4%, 50ms/99.8%, 100ms/99.9%
[326.441s][info][gc,marking  ] GC(430) Mark: 2 stripe(s), 2 proactive flush(es), 1 terminate flush(es), 0 completion(s), 0 continuation(s) 
[326.441s][info][gc,marking  ] GC(430) Mark Stack Usage: 32M
[326.441s][info][gc,nmethod  ] GC(430) NMethods: 649 registered, 135 unregistered
[326.441s][info][gc,metaspace] GC(430) Metaspace: 13M used, 14M committed, 1088M reserved
[326.441s][info][gc,ref      ] GC(430) Soft: 134 encountered, 0 discovered, 0 enqueued
[326.441s][info][gc,ref      ] GC(430) Weak: 721 encountered, 140 discovered, 0 enqueued
[326.441s][info][gc,ref      ] GC(430) Final: 0 encountered, 0 discovered, 0 enqueued
[326.441s][info][gc,ref      ] GC(430) Phantom: 59 encountered, 45 discovered, 0 enqueued
[326.441s][info][gc,reloc    ] GC(430) Small Pages: 454 / 908M, Empty: 836M, Relocated: 1M, In-Place: 0
[326.441s][info][gc,reloc    ] GC(430) Medium Pages: 0 / 0M, Empty: 0M, Relocated: 0M, In-Place: 0
[326.441s][info][gc,reloc    ] GC(430) Large Pages: 0 / 0M, Empty: 0M, Relocated: 0M, In-Place: 0
[326.441s][info][gc,reloc    ] GC(430) Forwarding Usage: 0M
[326.441s][info][gc,heap     ] GC(430) Min Capacity: 8M(0%)
[326.441s][info][gc,heap     ] GC(430) Max Capacity: 2048M(100%)
[326.441s][info][gc,heap     ] GC(430) Soft Max Capacity: 2048M(100%)
[326.441s][info][gc,heap     ] GC(430)                Mark Start          Mark End        Relocate Start      Relocate End           High               Low         
[326.441s][info][gc,heap     ] GC(430)  Capacity:     2048M (100%)       2048M (100%)       2048M (100%)       2048M (100%)       2048M (100%)       2048M (100%)   
[326.441s][info][gc,heap     ] GC(430)      Free:     1140M (56%)         848M (41%)        1572M (77%)        1632M (80%)        1632M (80%)         746M (36%)    
[326.441s][info][gc,heap     ] GC(430)      Used:      908M (44%)        1200M (59%)         476M (23%)         416M (20%)        1302M (64%)         416M (20%)    
[326.441s][info][gc,heap     ] GC(430)      Live:         -                 7M (0%)            7M (0%)            7M (0%)             -                  -          
[326.441s][info][gc,heap     ] GC(430) Allocated:         -               292M (14%)         404M (20%)         403M (20%)            -                  -          
[326.441s][info][gc,heap     ] GC(430)   Garbage:         -               900M (44%)          64M (3%)            4M (0%)             -                  -          
[326.441s][info][gc,heap     ] GC(430) Reclaimed:         -                  -               836M (41%)         895M (44%)            -                  -          
[326.441s][info][gc          ] GC(430) Garbage Collection (Allocation Rate) 908M(44%)->416M(20%)
[326.626s][info][gc,start    ] GC(431) Garbage Collection (Allocation Rate)
[326.626s][info][gc,task     ] GC(431) Using 2 workers
[326.626s][info][gc,phases   ] GC(431) Pause Mark Start 0.012ms
[326.635s][info][gc,phases   ] GC(431) Concurrent Mark 9.034ms
[326.635s][info][gc,phases   ] GC(431) Pause Mark End 0.014ms
[326.635s][info][gc,phases   ] GC(431) Concurrent Mark Free 0.001ms
[326.682s][info][gc,phases   ] GC(431) Concurrent Process Non-Strong References 46.357ms
[326.682s][info][gc,phases   ] GC(431) Concurrent Reset Relocation Set 0.006ms
[326.685s][info][gc,phases   ] GC(431) Concurrent Select Relocation Set 3.101ms
[326.685s][info][gc,phases   ] GC(431) Pause Relocate Start 0.008ms
[326.686s][info][gc,phases   ] GC(431) Concurrent Relocate 1.063ms
[326.686s][info][gc,load     ] GC(431) Load: 0.00/0.00/0.00
[326.686s][info][gc,mmu      ] GC(431) MMU: 2ms/94.9%, 5ms/98.0%, 10ms/99.0%, 20ms/99.4%, 50ms/99.8%, 100ms/99.9%
[326.686s][info][gc,marking  ] GC(431) Mark: 2 stripe(s), 2 proactive flush(es), 1 terminate flush(es), 0 completion(s), 0 continuation(s) 
[326.686s][info][gc,marking  ] GC(431) Mark Stack Usage: 32M
[326.686s][info][gc,nmethod  ] GC(431) NMethods: 649 registered, 135 unregistered
[326.686s][info][gc,metaspace] GC(431) Metaspace: 13M used, 14M committed, 1088M reserved
[326.686s][info][gc,ref      ] GC(431) Soft: 134 encountered, 0 discovered, 0 enqueued
[326.686s][info][gc,ref      ] GC(431) Weak: 721 encountered, 62 discovered, 0 enqueued
[326.686s][info][gc,ref      ] GC(431) Final: 0 encountered, 0 discovered, 0 enqueued
[326.686s][info][gc,ref      ] GC(431) Phantom: 59 encountered, 44 discovered, 0 enqueued
[326.686s][info][gc,reloc    ] GC(431) Small Pages: 406 / 812M, Empty: 744M, Relocated: 1M, In-Place: 0
[326.686s][info][gc,reloc    ] GC(431) Medium Pages: 0 / 0M, Empty: 0M, Relocated: 0M, In-Place: 0
[326.686s][info][gc,reloc    ] GC(431) Large Pages: 0 / 0M, Empty: 0M, Relocated: 0M, In-Place: 0
[326.686s][info][gc,reloc    ] GC(431) Forwarding Usage: 0M
[326.686s][info][gc,heap     ] GC(431) Min Capacity: 8M(0%)
[326.686s][info][gc,heap     ] GC(431) Max Capacity: 2048M(100%)
[326.686s][info][gc,heap     ] GC(431) Soft Max Capacity: 2048M(100%)
[326.686s][info][gc,heap     ] GC(431)                Mark Start          Mark End        Relocate Start      Relocate End           High               Low         
[326.686s][info][gc,heap     ] GC(431)  Capacity:     2048M (100%)       2048M (100%)       2048M (100%)       2048M (100%)       2048M (100%)       2048M (100%)   
[326.686s][info][gc,heap     ] GC(431)      Free:     1236M (60%)        1210M (59%)        1846M (90%)        1898M (93%)        1898M (93%)        1108M (54%)    
[326.686s][info][gc,heap     ] GC(431)      Used:      812M (40%)         838M (41%)         202M (10%)         150M (7%)          940M (46%)         150M (7%)     
[326.686s][info][gc,heap     ] GC(431)      Live:         -                 7M (0%)            7M (0%)            7M (0%)             -                  -          
[326.687s][info][gc,heap     ] GC(431) Allocated:         -                26M (1%)          134M (7%)          137M (7%)             -                  -          
[326.687s][info][gc,heap     ] GC(431)   Garbage:         -               804M (39%)          60M (3%)            4M (0%)             -                  -          
[326.687s][info][gc,heap     ] GC(431) Reclaimed:         -                  -               744M (36%)         799M (39%)            -                  -          
[326.687s][info][gc          ] GC(431) Garbage Collection (Allocation Rate) 812M(40%)->150M(7%)
[327.125s][info][gc,start    ] GC(432) Garbage Collection (Allocation Rate)
[327.125s][info][gc,task     ] GC(432) Using 2 workers
[327.125s][info][gc,phases   ] GC(432) Pause Mark Start 0.011ms
[327.135s][info][gc,phases   ] GC(432) Concurrent Mark 9.619ms
[327.135s][info][gc,phases   ] GC(432) Pause Mark End 0.016ms
[327.135s][info][gc,phases   ] GC(432) Concurrent Mark Free 0.001ms
[327.177s][info][gc,phases   ] GC(432) Concurrent Process Non-Strong References 41.149ms
[327.177s][info][gc,phases   ] GC(432) Concurrent Reset Relocation Set 0.005ms
[327.181s][info][gc,phases   ] GC(432) Concurrent Select Relocation Set 4.661ms
[327.182s][info][gc,phases   ] GC(432) Pause Relocate Start 0.007ms
[327.183s][info][gc,phases   ] GC(432) Concurrent Relocate 0.934ms
[327.183s][info][gc,load     ] GC(432) Load: 0.00/0.00/0.00
[327.183s][info][gc,mmu      ] GC(432) MMU: 2ms/94.9%, 5ms/98.0%, 10ms/99.0%, 20ms/99.4%, 50ms/99.8%, 100ms/99.9%
[327.183s][info][gc,marking  ] GC(432) Mark: 2 stripe(s), 2 proactive flush(es), 1 terminate flush(es), 0 completion(s), 0 continuation(s) 
[327.183s][info][gc,marking  ] GC(432) Mark Stack Usage: 32M
[327.183s][info][gc,nmethod  ] GC(432) NMethods: 649 registered, 135 unregistered
[327.183s][info][gc,metaspace] GC(432) Metaspace: 13M used, 14M committed, 1088M reserved
[327.183s][info][gc,ref      ] GC(432) Soft: 134 encountered, 0 discovered, 0 enqueued
[327.183s][info][gc,ref      ] GC(432) Weak: 721 encountered, 120 discovered, 0 enqueued
[327.183s][info][gc,ref      ] GC(432) Final: 0 encountered, 0 discovered, 0 enqueued
[327.183s][info][gc,ref      ] GC(432) Phantom: 59 encountered, 21 discovered, 0 enqueued
[327.183s][info][gc,reloc    ] GC(432) Small Pages: 549 / 1098M, Empty: 1016M, Relocated: 1M, In-Place: 0
[327.183s][info][gc,reloc    ] GC(432) Medium Pages: 0 / 0M, Empty: 0M, Relocated: 0M, In-Place: 0
[327.183s][info][gc,reloc    ] GC(432) Large Pages: 0 / 0M, Empty: 0M, Relocated: 0M, In-Place: 0
[327.183s][info][gc,reloc    ] GC(432) Forwarding Usage: 0M
[327.183s][info][gc,heap     ] GC(432) Min Capacity: 8M(0%)
[327.183s][info][gc,heap     ] GC(432) Max Capacity: 2048M(100%)
[327.183s][info][gc,heap     ] GC(432) Soft Max Capacity: 2048M(100%)
[327.183s][info][gc,heap     ] GC(432)                Mark Start          Mark End        Relocate Start      Relocate End           High               Low         
[327.183s][info][gc,heap     ] GC(432)  Capacity:     2048M (100%)       2048M (100%)       2048M (100%)       2048M (100%)       2048M (100%)       2048M (100%)   
[327.183s][info][gc,heap     ] GC(432)      Free:      950M (46%)         924M (45%)        1838M (90%)        1908M (93%)        1908M (93%)         832M (41%)    
[327.183s][info][gc,heap     ] GC(432)      Used:     1098M (54%)        1124M (55%)         210M (10%)         140M (7%)         1216M (59%)         140M (7%)     
[327.183s][info][gc,heap     ] GC(432)      Live:         -                 7M (0%)            7M (0%)            7M (0%)             -                  -          
[327.183s][info][gc,heap     ] GC(432) Allocated:         -                26M (1%)          128M (6%)          127M (6%)             -                  -          
[327.183s][info][gc,heap     ] GC(432)   Garbage:         -              1090M (53%)          74M (4%)            4M (0%)             -                  -          
[327.183s][info][gc,heap     ] GC(432) Reclaimed:         -                  -              1016M (50%)        1085M (53%)            -                  -          
[327.183s][info][gc          ] GC(432) Garbage Collection (Allocation Rate) 1098M(54%)->140M(7%)
[327.725s][info][gc,start    ] GC(433) Garbage Collection (Allocation Rate)
[327.725s][info][gc,task     ] GC(433) Using 2 workers
[327.725s][info][gc,phases   ] GC(433) Pause Mark Start 0.011ms
[327.734s][info][gc,phases   ] GC(433) Concurrent Mark 8.544ms
[327.734s][info][gc,phases   ] GC(433) Pause Mark End 0.015ms
[327.734s][info][gc,phases   ] GC(433) Concurrent Mark Free 0.002ms
[327.784s][info][gc,phases   ] GC(433) Concurrent Process Non-Strong References 50.232ms
[327.785s][info][gc,phases   ] GC(433) Concurrent Reset Relocation Set 0.004ms
[327.790s][info][gc,phases   ] GC(433) Concurrent Select Relocation Set 4.946ms
[327.790s][info][gc,phases   ] GC(433) Pause Relocate Start 0.007ms
[327.794s][info][gc,phases   ] GC(433) Concurrent Relocate 4.068ms
[327.794s][info][gc,load     ] GC(433) Load: 0.00/0.00/0.00
[327.794s][info][gc,mmu      ] GC(433) MMU: 2ms/94.9%, 5ms/98.0%, 10ms/99.0%, 20ms/99.4%, 50ms/99.8%, 100ms/99.9%
[327.794s][info][gc,marking  ] GC(433) Mark: 2 stripe(s), 2 proactive flush(es), 1 terminate flush(es), 0 completion(s), 0 continuation(s) 
[327.794s][info][gc,marking  ] GC(433) Mark Stack Usage: 32M
[327.794s][info][gc,nmethod  ] GC(433) NMethods: 649 registered, 135 unregistered
[327.794s][info][gc,metaspace] GC(433) Metaspace: 13M used, 14M committed, 1088M reserved
[327.794s][info][gc,ref      ] GC(433) Soft: 134 encountered, 0 discovered, 0 enqueued
[327.794s][info][gc,ref      ] GC(433) Weak: 721 encountered, 194 discovered, 0 enqueued
[327.794s][info][gc,ref      ] GC(433) Final: 0 encountered, 0 discovered, 0 enqueued
[327.794s][info][gc,ref      ] GC(433) Phantom: 59 encountered, 40 discovered, 0 enqueued
[327.794s][info][gc,reloc    ] GC(433) Small Pages: 678 / 1356M, Empty: 1266M, Relocated: 3M, In-Place: 0
[327.794s][info][gc,reloc    ] GC(433) Medium Pages: 0 / 0M, Empty: 0M, Relocated: 0M, In-Place: 0
[327.794s][info][gc,reloc    ] GC(433) Large Pages: 0 / 0M, Empty: 0M, Relocated: 0M, In-Place: 0
[327.794s][info][gc,reloc    ] GC(433) Forwarding Usage: 0M
[327.794s][info][gc,heap     ] GC(433) Min Capacity: 8M(0%)
[327.794s][info][gc,heap     ] GC(433) Max Capacity: 2048M(100%)
[327.794s][info][gc,heap     ] GC(433) Soft Max Capacity: 2048M(100%)
[327.794s][info][gc,heap     ] GC(433)                Mark Start          Mark End        Relocate Start      Relocate End           High               Low         
[327.794s][info][gc,heap     ] GC(433)  Capacity:     2048M (100%)       2048M (100%)       2048M (100%)       2048M (100%)       2048M (100%)       2048M (100%)   
[327.794s][info][gc,heap     ] GC(433)      Free:      692M (34%)         666M (33%)        1808M (88%)        1876M (92%)        1882M (92%)         552M (27%)    
[327.794s][info][gc,heap     ] GC(433)      Used:     1356M (66%)        1382M (67%)         240M (12%)         172M (8%)         1496M (73%)         166M (8%)     
[327.794s][info][gc,heap     ] GC(433)      Live:         -                 7M (0%)            7M (0%)            7M (0%)             -                  -          
[327.794s][info][gc,heap     ] GC(433) Allocated:         -                26M (1%)          150M (7%)          159M (8%)             -                  -          
[327.794s][info][gc,heap     ] GC(433)   Garbage:         -              1348M (66%)          82M (4%)            4M (0%)             -                  -          
[327.794s][info][gc,heap     ] GC(433) Reclaimed:         -                  -              1266M (62%)        1343M (66%)            -                  -          
[327.794s][info][gc          ] GC(433) Garbage Collection (Allocation Rate) 1356M(66%)->172M(8%)
[328.225s][info][gc,start    ] GC(434) Garbage Collection (Allocation Rate)
[328.225s][info][gc,task     ] GC(434) Using 1 workers
[328.226s][info][gc,phases   ] GC(434) Pause Mark Start 0.012ms
[328.245s][info][gc,phases   ] GC(434) Concurrent Mark 18.986ms
[328.245s][info][gc,phases   ] GC(434) Pause Mark End 0.015ms
[328.245s][info][gc,phases   ] GC(434) Concurrent Mark Free 0.001ms
[328.334s][info][gc,phases   ] GC(434) Concurrent Process Non-Strong References 88.737ms
[328.334s][info][gc,phases   ] GC(434) Concurrent Reset Relocation Set 0.006ms
[328.339s][info][gc,phases   ] GC(434) Concurrent Select Relocation Set 4.818ms
[328.339s][info][gc,phases   ] GC(434) Pause Relocate Start 0.008ms
[328.340s][info][gc,phases   ] GC(434) Concurrent Relocate 0.990ms
[328.340s][info][gc,load     ] GC(434) Load: 0.00/0.00/0.00
[328.340s][info][gc,mmu      ] GC(434) MMU: 2ms/94.9%, 5ms/98.0%, 10ms/99.0%, 20ms/99.4%, 50ms/99.8%, 100ms/99.9%
[328.340s][info][gc,marking  ] GC(434) Mark: 1 stripe(s), 2 proactive flush(es), 1 terminate flush(es), 0 completion(s), 0 continuation(s) 
[328.340s][info][gc,marking  ] GC(434) Mark Stack Usage: 32M
[328.340s][info][gc,nmethod  ] GC(434) NMethods: 649 registered, 135 unregistered
[328.340s][info][gc,metaspace] GC(434) Metaspace: 13M used, 14M committed, 1088M reserved
[328.340s][info][gc,ref      ] GC(434) Soft: 134 encountered, 0 discovered, 0 enqueued
[328.340s][info][gc,ref      ] GC(434) Weak: 721 encountered, 455 discovered, 0 enqueued
[328.340s][info][gc,ref      ] GC(434) Final: 0 encountered, 0 discovered, 0 enqueued
[328.340s][info][gc,ref      ] GC(434) Phantom: 59 encountered, 41 discovered, 0 enqueued
[328.340s][info][gc,reloc    ] GC(434) Small Pages: 567 / 1134M, Empty: 1050M, Relocated: 1M, In-Place: 0
[328.340s][info][gc,reloc    ] GC(434) Medium Pages: 0 / 0M, Empty: 0M, Relocated: 0M, In-Place: 0
[328.340s][info][gc,reloc    ] GC(434) Large Pages: 0 / 0M, Empty: 0M, Relocated: 0M, In-Place: 0
[328.340s][info][gc,reloc    ] GC(434) Forwarding Usage: 0M
[328.340s][info][gc,heap     ] GC(434) Min Capacity: 8M(0%)
[328.340s][info][gc,heap     ] GC(434) Max Capacity: 2048M(100%)
[328.340s][info][gc,heap     ] GC(434) Soft Max Capacity: 2048M(100%)
[328.340s][info][gc,heap     ] GC(434)                Mark Start          Mark End        Relocate Start      Relocate End           High               Low         
[328.340s][info][gc,heap     ] GC(434)  Capacity:     2048M (100%)       2048M (100%)       2048M (100%)       2048M (100%)       2048M (100%)       2048M (100%)   
[328.340s][info][gc,heap     ] GC(434)      Free:      914M (45%)         866M (42%)        1704M (83%)        1776M (87%)        1776M (87%)         666M (33%)    
[328.340s][info][gc,heap     ] GC(434)      Used:     1134M (55%)        1182M (58%)         344M (17%)         272M (13%)        1382M (67%)         272M (13%)    
[328.340s][info][gc,heap     ] GC(434)      Live:         -                 7M (0%)            7M (0%)            7M (0%)             -                  -          
[328.340s][info][gc,heap     ] GC(434) Allocated:         -                48M (2%)          260M (13%)         261M (13%)            -                  -          
[328.340s][info][gc,heap     ] GC(434)   Garbage:         -              1126M (55%)          76M (4%)            2M (0%)             -                  -          
[328.340s][info][gc,heap     ] GC(434) Reclaimed:         -                  -              1050M (51%)        1123M (55%)            -                  -          
[328.340s][info][gc          ] GC(434) Garbage Collection (Allocation Rate) 1134M(55%)->272M(13%)
[328.825s][info][gc,start    ] GC(435) Garbage Collection (Allocation Rate)
[328.825s][info][gc,task     ] GC(435) Using 1 workers
[328.825s][info][gc,phases   ] GC(435) Pause Mark Start 0.011ms
[328.841s][info][gc,phases   ] GC(435) Concurrent Mark 15.378ms
[328.841s][info][gc,phases   ] GC(435) Pause Mark End 0.016ms
[328.841s][info][gc,phases   ] GC(435) Concurrent Mark Free 0.001ms
[328.936s][info][gc,phases   ] GC(435) Concurrent Process Non-Strong References 95.081ms
[328.936s][info][gc,phases   ] GC(435) Concurrent Reset Relocation Set 0.007ms
[328.941s][info][gc,phases   ] GC(435) Concurrent Select Relocation Set 5.106ms
[328.941s][info][gc,phases   ] GC(435) Pause Relocate Start 0.008ms
[328.943s][info][gc,phases   ] GC(435) Concurrent Relocate 1.436ms
[328.943s][info][gc,load     ] GC(435) Load: 0.00/0.00/0.00
[328.943s][info][gc,mmu      ] GC(435) MMU: 2ms/94.9%, 5ms/98.0%, 10ms/99.0%, 20ms/99.4%, 50ms/99.8%, 100ms/99.9%
[328.943s][info][gc,marking  ] GC(435) Mark: 1 stripe(s), 2 proactive flush(es), 1 terminate flush(es), 0 completion(s), 0 continuation(s) 
[328.943s][info][gc,marking  ] GC(435) Mark Stack Usage: 32M
[328.943s][info][gc,nmethod  ] GC(435) NMethods: 649 registered, 135 unregistered
[328.943s][info][gc,metaspace] GC(435) Metaspace: 13M used, 14M committed, 1088M reserved
[328.943s][info][gc,ref      ] GC(435) Soft: 134 encountered, 0 discovered, 0 enqueued
[328.943s][info][gc,ref      ] GC(435) Weak: 721 encountered, 455 discovered, 0 enqueued
[328.943s][info][gc,ref      ] GC(435) Final: 0 encountered, 0 discovered, 0 enqueued
[328.943s][info][gc,ref      ] GC(435) Phantom: 59 encountered, 41 discovered, 0 enqueued
[328.943s][info][gc,reloc    ] GC(435) Small Pages: 680 / 1360M, Empty: 1268M, Relocated: 1M, In-Place: 0
[328.943s][info][gc,reloc    ] GC(435) Medium Pages: 0 / 0M, Empty: 0M, Relocated: 0M, In-Place: 0
[328.943s][info][gc,reloc    ] GC(435) Large Pages: 0 / 0M, Empty: 0M, Relocated: 0M, In-Place: 0
[328.943s][info][gc,reloc    ] GC(435) Forwarding Usage: 0M
[328.943s][info][gc,heap     ] GC(435) Min Capacity: 8M(0%)
[328.943s][info][gc,heap     ] GC(435) Max Capacity: 2048M(100%)
[328.943s][info][gc,heap     ] GC(435) Soft Max Capacity: 2048M(100%)
[328.943s][info][gc,heap     ] GC(435)                Mark Start          Mark End        Relocate Start      Relocate End           High               Low         
[328.943s][info][gc,heap     ] GC(435)  Capacity:     2048M (100%)       2048M (100%)       2048M (100%)       2048M (100%)       2048M (100%)       2048M (100%)   
[328.943s][info][gc,heap     ] GC(435)      Free:      688M (34%)         646M (32%)        1692M (83%)        1770M (86%)        1770M (86%)         436M (21%)    
[328.943s][info][gc,heap     ] GC(435)      Used:     1360M (66%)        1402M (68%)         356M (17%)         278M (14%)        1612M (79%)         278M (14%)    
[328.943s][info][gc,heap     ] GC(435)      Live:         -                 7M (0%)            7M (0%)            7M (0%)             -                  -          
[328.943s][info][gc,heap     ] GC(435) Allocated:         -                42M (2%)          264M (13%)         267M (13%)            -                  -          
[328.943s][info][gc,heap     ] GC(435)   Garbage:         -              1352M (66%)          84M (4%)            2M (0%)             -                  -          
[328.943s][info][gc,heap     ] GC(435) Reclaimed:         -                  -              1268M (62%)        1349M (66%)            -                  -          
[328.943s][info][gc          ] GC(435) Garbage Collection (Allocation Rate) 1360M(66%)->278M(14%)
[329.426s][info][gc,start    ] GC(436) Garbage Collection (Allocation Rate)
[329.426s][info][gc,task     ] GC(436) Using 1 workers
[329.426s][info][gc,phases   ] GC(436) Pause Mark Start 0.010ms
[329.441s][info][gc,phases   ] GC(436) Concurrent Mark 15.411ms
[329.441s][info][gc,phases   ] GC(436) Pause Mark End 0.015ms
[329.442s][info][gc,phases   ] GC(436) Concurrent Mark Free 0.001ms
[329.531s][info][gc,phases   ] GC(436) Concurrent Process Non-Strong References 89.215ms
[329.531s][info][gc,phases   ] GC(436) Concurrent Reset Relocation Set 0.005ms
[329.534s][info][gc,phases   ] GC(436) Concurrent Select Relocation Set 3.208ms
[329.534s][info][gc,phases   ] GC(436) Pause Relocate Start 0.008ms
[329.536s][info][gc,phases   ] GC(436) Concurrent Relocate 1.281ms
[329.536s][info][gc,load     ] GC(436) Load: 0.00/0.00/0.00
[329.536s][info][gc,mmu      ] GC(436) MMU: 2ms/94.9%, 5ms/98.0%, 10ms/99.0%, 20ms/99.4%, 50ms/99.8%, 100ms/99.9%
[329.536s][info][gc,marking  ] GC(436) Mark: 1 stripe(s), 2 proactive flush(es), 1 terminate flush(es), 0 completion(s), 0 continuation(s) 
[329.536s][info][gc,marking  ] GC(436) Mark Stack Usage: 32M
[329.536s][info][gc,nmethod  ] GC(436) NMethods: 649 registered, 135 unregistered
[329.536s][info][gc,metaspace] GC(436) Metaspace: 13M used, 14M committed, 1088M reserved
[329.536s][info][gc,ref      ] GC(436) Soft: 134 encountered, 0 discovered, 0 enqueued
[329.536s][info][gc,ref      ] GC(436) Weak: 721 encountered, 455 discovered, 0 enqueued
[329.536s][info][gc,ref      ] GC(436) Final: 0 encountered, 0 discovered, 0 enqueued
[329.536s][info][gc,ref      ] GC(436) Phantom: 59 encountered, 41 discovered, 0 enqueued
[329.536s][info][gc,reloc    ] GC(436) Small Pages: 677 / 1354M, Empty: 1266M, Relocated: 1M, In-Place: 0
[329.536s][info][gc,reloc    ] GC(436) Medium Pages: 0 / 0M, Empty: 0M, Relocated: 0M, In-Place: 0
[329.536s][info][gc,reloc    ] GC(436) Large Pages: 0 / 0M, Empty: 0M, Relocated: 0M, In-Place: 0
[329.536s][info][gc,reloc    ] GC(436) Forwarding Usage: 0M
[329.536s][info][gc,heap     ] GC(436) Min Capacity: 8M(0%)
[329.536s][info][gc,heap     ] GC(436) Max Capacity: 2048M(100%)
[329.536s][info][gc,heap     ] GC(436) Soft Max Capacity: 2048M(100%)
[329.536s][info][gc,heap     ] GC(436)                Mark Start          Mark End        Relocate Start      Relocate End           High               Low         
[329.536s][info][gc,heap     ] GC(436)  Capacity:     2048M (100%)       2048M (100%)       2048M (100%)       2048M (100%)       2048M (100%)       2048M (100%)   
[329.536s][info][gc,heap     ] GC(436)      Free:      694M (34%)         654M (32%)        1728M (84%)        1804M (88%)        1804M (88%)         468M (23%)    
[329.536s][info][gc,heap     ] GC(436)      Used:     1354M (66%)        1394M (68%)         320M (16%)         244M (12%)        1580M (77%)         244M (12%)    
[329.536s][info][gc,heap     ] GC(436)      Live:         -                 7M (0%)            7M (0%)            7M (0%)             -                  -          
[329.536s][info][gc,heap     ] GC(436) Allocated:         -                40M (2%)          232M (11%)         233M (11%)            -                  -          
[329.536s][info][gc,heap     ] GC(436)   Garbage:         -              1346M (66%)          80M (4%)            2M (0%)             -                  -          
[329.536s][info][gc,heap     ] GC(436) Reclaimed:         -                  -              1266M (62%)        1343M (66%)            -                  -          
[329.536s][info][gc          ] GC(436) Garbage Collection (Allocation Rate) 1354M(66%)->244M(12%)
[330.125s][info][gc,start    ] GC(437) Garbage Collection (Allocation Rate)
[330.125s][info][gc,task     ] GC(437) Using 1 workers
[330.125s][info][gc,phases   ] GC(437) Pause Mark Start 0.011ms
[330.126s][info][gc,stats    ] === Garbage Collection Statistics =======================================================================================================================
[330.126s][info][gc,stats    ]                                                              Last 10s              Last 10m              Last 10h                Total
[330.126s][info][gc,stats    ]                                                              Avg / Max             Avg / Max             Avg / Max             Avg / Max
[330.126s][info][gc,stats    ]   Collector: Garbage Collection Cycle                    111.712 / 310.788      84.938 / 310.788      84.938 / 310.788      84.938 / 310.788     ms
[330.126s][info][gc,stats    ]  Contention: Mark Segment Reset Contention                     0 / 3                 0 / 11                0 / 11                0 / 11          ops/s
[330.126s][info][gc,stats    ]  Contention: Mark SeqNum Reset Contention                      0 / 1                 0 / 2                 0 / 2                 0 / 2           ops/s
[330.126s][info][gc,stats    ]    Critical: Allocation Stall                                  0 / 0                 0 / 45                0 / 45                0 / 45          ops/s
[330.126s][info][gc,stats    ]    Critical: Allocation Stall                              0.000 / 0.000        25.241 / 55.638       25.241 / 55.638       25.241 / 55.638      ms
[330.126s][info][gc,stats    ]    Critical: GC Locker Stall                                   0 / 0                 0 / 0                 0 / 0                 0 / 0           ops/s
[330.126s][info][gc,stats    ]    Critical: GC Locker Stall                               0.000 / 0.000         0.000 / 0.000         0.000 / 0.000         0.000 / 0.000       ms
[330.126s][info][gc,stats    ]    Critical: Relocation Stall                                  0 / 0                 0 / 0                 0 / 0                 0 / 0           ops/s
[330.126s][info][gc,stats    ]    Critical: Relocation Stall                              0.000 / 0.000         0.000 / 0.000         0.000 / 0.000         0.000 / 0.000       ms
[330.127s][info][gc,stats    ]      Memory: Allocation Rate                                2179 / 2478           1884 / 2478           1884 / 2478           1884 / 2478        MB/s
[330.127s][info][gc,stats    ]      Memory: Defragment                                        0 / 0                 0 / 0                 0 / 0                 0 / 0           ops/s
[330.127s][info][gc,stats    ]      Memory: Out Of Memory                                     0 / 0                 0 / 0                 0 / 0                 0 / 0           ops/s
[330.127s][info][gc,stats    ]      Memory: Page Cache Flush                                  0 / 0                 0 / 0                 0 / 0                 0 / 0           MB/s
[330.127s][info][gc,stats    ]      Memory: Page Cache Hit L1                              1093 / 1241            942 / 1241            942 / 1241            942 / 1241        ops/s
[330.127s][info][gc,stats    ]      Memory: Page Cache Hit L2                                 0 / 0                 0 / 0                 0 / 0                 0 / 0           ops/s
[330.127s][info][gc,stats    ]      Memory: Page Cache Hit L3                                 0 / 0                 3 / 449               3 / 449               3 / 449         ops/s
[330.127s][info][gc,stats    ]      Memory: Page Cache Miss                                   0 / 0                 0 / 1                 0 / 1                 0 / 1           ops/s
[330.127s][info][gc,stats    ]      Memory: Uncommit                                          0 / 0                 0 / 0                 0 / 0                 0 / 0           MB/s
[330.127s][info][gc,stats    ]      Memory: Undo Object Allocation Failed                     6 / 43               24 / 222              24 / 222              24 / 222         ops/s
[330.127s][info][gc,stats    ]      Memory: Undo Object Allocation Succeeded                  0 / 3                 1 / 21                1 / 21                1 / 21          ops/s
[330.127s][info][gc,stats    ]      Memory: Undo Page Allocation                             88 / 117              67 / 221              67 / 221              67 / 221         ops/s
[330.127s][info][gc,stats    ]       Phase: Concurrent Mark                              20.843 / 130.389      15.560 / 212.397      15.560 / 212.397      15.560 / 212.397     ms
[330.127s][info][gc,stats    ]       Phase: Concurrent Mark Continue                      0.000 / 0.000         0.000 / 0.000         0.000 / 0.000         0.000 / 0.000       ms
[330.127s][info][gc,stats    ]       Phase: Concurrent Mark Free                          0.001 / 0.002         0.001 / 0.002         0.001 / 0.002         0.001 / 0.002       ms
[330.127s][info][gc,stats    ]       Phase: Concurrent Process Non-Strong References     72.862 / 106.752      56.801 / 259.891      56.801 / 259.891      56.801 / 259.891     ms
[330.127s][info][gc,stats    ]       Phase: Concurrent Relocate                           1.336 / 4.068         1.420 / 5.770         1.420 / 5.770         1.420 / 5.770       ms
[330.127s][info][gc,stats    ]       Phase: Concurrent Reset Relocation Set               0.005 / 0.011         0.006 / 0.011         0.006 / 0.011         0.006 / 0.011       ms
[330.127s][info][gc,stats    ]       Phase: Concurrent Select Relocation Set              4.255 / 5.205         4.341 / 14.014        4.341 / 14.014        4.341 / 14.014      ms
[330.127s][info][gc,stats    ]       Phase: Pause Mark End                                0.017 / 0.041         0.017 / 0.102         0.017 / 0.102         0.017 / 0.102       ms
[330.127s][info][gc,stats    ]       Phase: Pause Mark Start                              0.011 / 0.014         0.012 / 0.049         0.012 / 0.049         0.012 / 0.049       ms
[330.127s][info][gc,stats    ]       Phase: Pause Relocate Start                          0.008 / 0.013         0.008 / 0.020         0.008 / 0.020         0.008 / 0.020       ms
[330.127s][info][gc,stats    ]    Subphase: Concurrent Classes Purge                      0.008 / 0.029         0.034 / 5.454         0.034 / 5.454         0.034 / 5.454       ms
[330.127s][info][gc,stats    ]    Subphase: Concurrent Classes Unlink                     1.053 / 1.872         2.778 / 10.160        2.778 / 10.160        2.778 / 10.160      ms
[330.127s][info][gc,stats    ]    Subphase: Concurrent Mark                              18.897 / 129.503      10.522 / 211.109      10.522 / 211.109      10.522 / 211.109     ms
[330.127s][info][gc,stats    ]    Subphase: Concurrent Mark Try Flush                     2.214 / 115.224       0.619 / 193.285       0.619 / 193.285       0.619 / 193.285     ms
[330.127s][info][gc,stats    ]    Subphase: Concurrent Mark Try Terminate                 2.443 / 14.532        2.279 / 16.632        2.279 / 16.632        2.279 / 16.632      ms
[330.127s][info][gc,stats    ]    Subphase: Concurrent References Enqueue                 0.001 / 0.004         0.001 / 0.006         0.001 / 0.006         0.001 / 0.006       ms
[330.127s][info][gc,stats    ]    Subphase: Concurrent References Process                 0.095 / 0.191         0.104 / 0.206         0.104 / 0.206         0.104 / 0.206       ms
[330.127s][info][gc,stats    ]    Subphase: Concurrent Roots ClassLoaderDataGraph         0.129 / 0.404         0.114 / 1.252         0.114 / 1.252         0.114 / 1.252       ms
[330.127s][info][gc,stats    ]    Subphase: Concurrent Roots CodeCache                    0.000 / 0.000         0.000 / 0.000         0.000 / 0.000         0.000 / 0.000       ms
[330.127s][info][gc,stats    ]    Subphase: Concurrent Roots JavaThreads                  0.400 / 1.263         0.340 / 1.791         0.340 / 1.791         0.340 / 1.791       ms
[330.127s][info][gc,stats    ]    Subphase: Concurrent Roots OopStorageSet                0.043 / 0.083         0.045 / 0.778         0.045 / 0.778         0.045 / 0.778       ms
[330.127s][info][gc,stats    ]    Subphase: Concurrent Weak Roots OopStorageSet          47.592 / 105.308      25.337 / 105.308      25.337 / 105.308      25.337 / 105.308     ms
[330.127s][info][gc,stats    ]    Subphase: Pause Mark Try Complete                       0.003 / 0.003         0.002 / 0.006         0.002 / 0.006         0.002 / 0.006       ms
[330.127s][info][gc,stats    ]      System: Java Threads                                     53 / 60               55 / 73               55 / 73               55 / 73          threads
[330.127s][info][gc,stats    ] =========================================================================================================================================================
[330.140s][info][gc,phases   ] GC(437) Concurrent Mark 14.758ms
[330.140s][info][gc,phases   ] GC(437) Pause Mark End 0.016ms
[330.140s][info][gc,phases   ] GC(437) Concurrent Mark Free 0.001ms
[330.222s][info][gc,phases   ] GC(437) Concurrent Process Non-Strong References 81.721ms
[330.222s][info][gc,phases   ] GC(437) Concurrent Reset Relocation Set 0.006ms
[330.225s][info][gc,phases   ] GC(437) Concurrent Select Relocation Set 3.246ms
[330.225s][info][gc,phases   ] GC(437) Pause Relocate Start 0.009ms
[330.227s][info][gc,phases   ] GC(437) Concurrent Relocate 1.255ms
[330.227s][info][gc,load     ] GC(437) Load: 0.00/0.00/0.00
[330.227s][info][gc,mmu      ] GC(437) MMU: 2ms/94.9%, 5ms/98.0%, 10ms/99.0%, 20ms/99.4%, 50ms/99.8%, 100ms/99.9%
[330.227s][info][gc,marking  ] GC(437) Mark: 1 stripe(s), 2 proactive flush(es), 1 terminate flush(es), 0 completion(s), 0 continuation(s) 
[330.227s][info][gc,marking  ] GC(437) Mark Stack Usage: 32M
[330.227s][info][gc,nmethod  ] GC(437) NMethods: 649 registered, 135 unregistered
[330.227s][info][gc,metaspace] GC(437) Metaspace: 13M used, 14M committed, 1088M reserved
[330.227s][info][gc,ref      ] GC(437) Soft: 134 encountered, 0 discovered, 0 enqueued
[330.227s][info][gc,ref      ] GC(437) Weak: 721 encountered, 455 discovered, 0 enqueued
[330.227s][info][gc,ref      ] GC(437) Final: 0 encountered, 0 discovered, 0 enqueued
[330.227s][info][gc,ref      ] GC(437) Phantom: 59 encountered, 41 discovered, 0 enqueued
[330.227s][info][gc,reloc    ] GC(437) Small Pages: 766 / 1532M, Empty: 1430M, Relocated: 1M, In-Place: 0
[330.227s][info][gc,reloc    ] GC(437) Medium Pages: 0 / 0M, Empty: 0M, Relocated: 0M, In-Place: 0
[330.227s][info][gc,reloc    ] GC(437) Large Pages: 0 / 0M, Empty: 0M, Relocated: 0M, In-Place: 0
[330.227s][info][gc,reloc    ] GC(437) Forwarding Usage: 0M
[330.227s][info][gc,heap     ] GC(437) Min Capacity: 8M(0%)
[330.227s][info][gc,heap     ] GC(437) Max Capacity: 2048M(100%)
[330.227s][info][gc,heap     ] GC(437) Soft Max Capacity: 2048M(100%)
[330.227s][info][gc,heap     ] GC(437)                Mark Start          Mark End        Relocate Start      Relocate End           High               Low         
[330.227s][info][gc,heap     ] GC(437)  Capacity:     2048M (100%)       2048M (100%)       2048M (100%)       2048M (100%)       2048M (100%)       2048M (100%)   
[330.227s][info][gc,heap     ] GC(437)      Free:      516M (25%)         480M (23%)        1728M (84%)        1816M (89%)        1816M (89%)         304M (15%)    
[330.227s][info][gc,heap     ] GC(437)      Used:     1532M (75%)        1568M (77%)         320M (16%)         232M (11%)        1744M (85%)         232M (11%)    
[330.227s][info][gc,heap     ] GC(437)      Live:         -                 8M (0%)            8M (0%)            8M (0%)             -                  -          
[330.227s][info][gc,heap     ] GC(437) Allocated:         -                36M (2%)          218M (11%)         221M (11%)            -                  -          
[330.227s][info][gc,heap     ] GC(437)   Garbage:         -              1523M (74%)          93M (5%)            2M (0%)             -                  -          
[330.227s][info][gc,heap     ] GC(437) Reclaimed:         -                  -              1430M (70%)        1521M (74%)            -                  -          
[330.227s][info][gc          ] GC(437) Garbage Collection (Allocation Rate) 1532M(75%)->232M(11%)
[330.826s][info][gc,start    ] GC(438) Garbage Collection (Allocation Rate)
[330.826s][info][gc,task     ] GC(438) Using 1 workers
[330.826s][info][gc,phases   ] GC(438) Pause Mark Start 0.013ms
[330.840s][info][gc,phases   ] GC(438) Concurrent Mark 13.797ms
[330.840s][info][gc,phases   ] GC(438) Pause Mark End 0.017ms
[330.840s][info][gc,phases   ] GC(438) Concurrent Mark Free 0.001ms
[330.925s][info][gc,phases   ] GC(438) Concurrent Process Non-Strong References 84.908ms
[330.925s][info][gc,phases   ] GC(438) Concurrent Reset Relocation Set 0.005ms
[330.928s][info][gc,phases   ] GC(438) Concurrent Select Relocation Set 3.373ms
[330.929s][info][gc,phases   ] GC(438) Pause Relocate Start 0.008ms
[330.930s][info][gc,phases   ] GC(438) Concurrent Relocate 1.168ms
[330.930s][info][gc,load     ] GC(438) Load: 0.00/0.00/0.00
[330.930s][info][gc,mmu      ] GC(438) MMU: 2ms/94.9%, 5ms/98.0%, 10ms/99.0%, 20ms/99.4%, 50ms/99.8%, 100ms/99.9%
[330.930s][info][gc,marking  ] GC(438) Mark: 1 stripe(s), 2 proactive flush(es), 1 terminate flush(es), 0 completion(s), 0 continuation(s) 
[330.930s][info][gc,marking  ] GC(438) Mark Stack Usage: 32M
[330.930s][info][gc,nmethod  ] GC(438) NMethods: 649 registered, 135 unregistered
[330.930s][info][gc,metaspace] GC(438) Metaspace: 13M used, 14M committed, 1088M reserved
[330.930s][info][gc,ref      ] GC(438) Soft: 134 encountered, 0 discovered, 0 enqueued
[330.930s][info][gc,ref      ] GC(438) Weak: 721 encountered, 455 discovered, 0 enqueued
[330.930s][info][gc,ref      ] GC(438) Final: 0 encountered, 0 discovered, 0 enqueued
[330.930s][info][gc,ref      ] GC(438) Phantom: 59 encountered, 41 discovered, 0 enqueued
[330.930s][info][gc,reloc    ] GC(438) Small Pages: 781 / 1562M, Empty: 1462M, Relocated: 1M, In-Place: 0
[330.930s][info][gc,reloc    ] GC(438) Medium Pages: 0 / 0M, Empty: 0M, Relocated: 0M, In-Place: 0
[330.930s][info][gc,reloc    ] GC(438) Large Pages: 0 / 0M, Empty: 0M, Relocated: 0M, In-Place: 0
[330.930s][info][gc,reloc    ] GC(438) Forwarding Usage: 0M
[330.930s][info][gc,heap     ] GC(438) Min Capacity: 8M(0%)
[330.930s][info][gc,heap     ] GC(438) Max Capacity: 2048M(100%)
[330.930s][info][gc,heap     ] GC(438) Soft Max Capacity: 2048M(100%)
[330.930s][info][gc,heap     ] GC(438)                Mark Start          Mark End        Relocate Start      Relocate End           High               Low         
[330.930s][info][gc,heap     ] GC(438)  Capacity:     2048M (100%)       2048M (100%)       2048M (100%)       2048M (100%)       2048M (100%)       2048M (100%)   
[330.930s][info][gc,heap     ] GC(438)      Free:      486M (24%)         448M (22%)        1710M (83%)        1796M (88%)        1796M (88%)         256M (13%)    
[330.930s][info][gc,heap     ] GC(438)      Used:     1562M (76%)        1600M (78%)         338M (17%)         252M (12%)        1792M (88%)         252M (12%)    
[330.930s][info][gc,heap     ] GC(438)      Live:         -                 8M (0%)            8M (0%)            8M (0%)             -                  -          
[330.930s][info][gc,heap     ] GC(438) Allocated:         -                38M (2%)          238M (12%)         241M (12%)            -                  -          
[330.930s][info][gc,heap     ] GC(438)   Garbage:         -              1553M (76%)          91M (4%)            2M (0%)             -                  -          
[330.930s][info][gc,heap     ] GC(438) Reclaimed:         -                  -              1462M (71%)        1551M (76%)            -                  -          
[330.930s][info][gc          ] GC(438) Garbage Collection (Allocation Rate) 1562M(76%)->252M(12%)
[331.525s][info][gc,start    ] GC(439) Garbage Collection (Allocation Rate)
[331.525s][info][gc,task     ] GC(439) Using 1 workers
[331.525s][info][gc,phases   ] GC(439) Pause Mark Start 0.014ms
[331.541s][info][gc,phases   ] GC(439) Concurrent Mark 15.514ms
[331.541s][info][gc,phases   ] GC(439) Pause Mark End 0.014ms
[331.541s][info][gc,phases   ] GC(439) Concurrent Mark Free 0.001ms
[331.630s][info][gc,phases   ] GC(439) Concurrent Process Non-Strong References 88.255ms
[331.630s][info][gc,phases   ] GC(439) Concurrent Reset Relocation Set 0.006ms
[331.634s][info][gc,phases   ] GC(439) Concurrent Select Relocation Set 4.559ms
[331.634s][info][gc,phases   ] GC(439) Pause Relocate Start 0.008ms
[331.636s][info][gc,phases   ] GC(439) Concurrent Relocate 1.581ms
[331.636s][info][gc,load     ] GC(439) Load: 0.00/0.00/0.00
[331.636s][info][gc,mmu      ] GC(439) MMU: 2ms/94.9%, 5ms/98.0%, 10ms/99.0%, 20ms/99.4%, 50ms/99.8%, 100ms/99.9%
[331.636s][info][gc,marking  ] GC(439) Mark: 1 stripe(s), 2 proactive flush(es), 1 terminate flush(es), 0 completion(s), 0 continuation(s) 
[331.636s][info][gc,marking  ] GC(439) Mark Stack Usage: 32M
[331.636s][info][gc,nmethod  ] GC(439) NMethods: 649 registered, 135 unregistered
[331.636s][info][gc,metaspace] GC(439) Metaspace: 13M used, 14M committed, 1088M reserved
[331.636s][info][gc,ref      ] GC(439) Soft: 134 encountered, 0 discovered, 0 enqueued
[331.636s][info][gc,ref      ] GC(439) Weak: 721 encountered, 455 discovered, 0 enqueued
[331.636s][info][gc,ref      ] GC(439) Final: 0 encountered, 0 discovered, 0 enqueued
[331.636s][info][gc,ref      ] GC(439) Phantom: 59 encountered, 41 discovered, 0 enqueued
[331.636s][info][gc,reloc    ] GC(439) Small Pages: 795 / 1590M, Empty: 1484M, Relocated: 1M, In-Place: 0
[331.636s][info][gc,reloc    ] GC(439) Medium Pages: 0 / 0M, Empty: 0M, Relocated: 0M, In-Place: 0
[331.636s][info][gc,reloc    ] GC(439) Large Pages: 0 / 0M, Empty: 0M, Relocated: 0M, In-Place: 0
[331.636s][info][gc,reloc    ] GC(439) Forwarding Usage: 0M
[331.636s][info][gc,heap     ] GC(439) Min Capacity: 8M(0%)
[331.636s][info][gc,heap     ] GC(439) Max Capacity: 2048M(100%)
[331.636s][info][gc,heap     ] GC(439) Soft Max Capacity: 2048M(100%)
[331.636s][info][gc,heap     ] GC(439)                Mark Start          Mark End        Relocate Start      Relocate End           High               Low         
[331.636s][info][gc,heap     ] GC(439)  Capacity:     2048M (100%)       2048M (100%)       2048M (100%)       2048M (100%)       2048M (100%)       2048M (100%)   
[331.636s][info][gc,heap     ] GC(439)      Free:      458M (22%)         414M (20%)        1692M (83%)        1784M (87%)        1786M (87%)         218M (11%)    
[331.636s][info][gc,heap     ] GC(439)      Used:     1590M (78%)        1634M (80%)         356M (17%)         264M (13%)        1830M (89%)         262M (13%)    
[331.637s][info][gc,heap     ] GC(439)      Live:         -                 8M (0%)            8M (0%)            8M (0%)             -                  -          
[331.637s][info][gc,heap     ] GC(439) Allocated:         -                44M (2%)          250M (12%)         253M (12%)            -                  -          
[331.637s][info][gc,heap     ] GC(439)   Garbage:         -              1581M (77%)          97M (5%)            1M (0%)             -                  -          
[331.637s][info][gc,heap     ] GC(439) Reclaimed:         -                  -              1484M (72%)        1579M (77%)            -                  -          
[331.637s][info][gc          ] GC(439) Garbage Collection (Allocation Rate) 1590M(78%)->264M(13%)
[332.226s][info][gc,start    ] GC(440) Garbage Collection (Allocation Rate)
[332.226s][info][gc,task     ] GC(440) Using 1 workers
[332.269s][info][gc,phases   ] GC(440) Pause Mark Start 0.014ms
[332.293s][info][gc,phases   ] GC(440) Concurrent Mark 23.940ms
[332.293s][info][gc,phases   ] GC(440) Pause Mark End 0.036ms
[332.293s][info][gc,phases   ] GC(440) Concurrent Mark Free 0.001ms
[332.397s][info][gc,phases   ] GC(440) Concurrent Process Non-Strong References 104.181ms
[332.397s][info][gc,phases   ] GC(440) Concurrent Reset Relocation Set 0.005ms
[332.402s][info][gc,phases   ] GC(440) Concurrent Select Relocation Set 4.879ms
[332.402s][info][gc,phases   ] GC(440) Pause Relocate Start 0.008ms
[332.403s][info][gc,phases   ] GC(440) Concurrent Relocate 0.473ms
[332.403s][info][gc,load     ] GC(440) Load: 0.00/0.00/0.00
[332.403s][info][gc,mmu      ] GC(440) MMU: 2ms/94.9%, 5ms/98.0%, 10ms/99.0%, 20ms/99.4%, 50ms/99.8%, 100ms/99.9%
[332.403s][info][gc,marking  ] GC(440) Mark: 1 stripe(s), 2 proactive flush(es), 1 terminate flush(es), 1 completion(s), 0 continuation(s) 
[332.403s][info][gc,marking  ] GC(440) Mark Stack Usage: 32M
[332.403s][info][gc,nmethod  ] GC(440) NMethods: 649 registered, 135 unregistered
[332.403s][info][gc,metaspace] GC(440) Metaspace: 13M used, 14M committed, 1088M reserved
[332.403s][info][gc,ref      ] GC(440) Soft: 134 encountered, 0 discovered, 0 enqueued
[332.403s][info][gc,ref      ] GC(440) Weak: 721 encountered, 455 discovered, 0 enqueued
[332.403s][info][gc,ref      ] GC(440) Final: 0 encountered, 0 discovered, 0 enqueued
[332.403s][info][gc,ref      ] GC(440) Phantom: 59 encountered, 41 discovered, 0 enqueued
[332.403s][info][gc,reloc    ] GC(440) Small Pages: 786 / 1572M, Empty: 1470M, Relocated: 1M, In-Place: 0
[332.403s][info][gc,reloc    ] GC(440) Medium Pages: 0 / 0M, Empty: 0M, Relocated: 0M, In-Place: 0
[332.403s][info][gc,reloc    ] GC(440) Large Pages: 0 / 0M, Empty: 0M, Relocated: 0M, In-Place: 0
[332.403s][info][gc,reloc    ] GC(440) Forwarding Usage: 0M
[332.403s][info][gc,heap     ] GC(440) Min Capacity: 8M(0%)
[332.403s][info][gc,heap     ] GC(440) Max Capacity: 2048M(100%)
[332.403s][info][gc,heap     ] GC(440) Soft Max Capacity: 2048M(100%)
[332.403s][info][gc,heap     ] GC(440)                Mark Start          Mark End        Relocate Start      Relocate End           High               Low         
[332.403s][info][gc,heap     ] GC(440)  Capacity:     2048M (100%)       2048M (100%)       2048M (100%)       2048M (100%)       2048M (100%)       2048M (100%)   
[332.403s][info][gc,heap     ] GC(440)      Free:      476M (23%)         428M (21%)        1662M (81%)        1752M (86%)        1752M (86%)         200M (10%)    
[332.403s][info][gc,heap     ] GC(440)      Used:     1572M (77%)        1620M (79%)         386M (19%)         296M (14%)        1848M (90%)         296M (14%)    
[332.403s][info][gc,heap     ] GC(440)      Live:         -                 8M (0%)            8M (0%)            8M (0%)             -                  -          
[332.403s][info][gc,heap     ] GC(440) Allocated:         -                48M (2%)          284M (14%)         284M (14%)            -                  -          
[332.403s][info][gc,heap     ] GC(440)   Garbage:         -              1563M (76%)          93M (5%)            3M (0%)             -                  -          
[332.403s][info][gc,heap     ] GC(440) Reclaimed:         -                  -              1470M (72%)        1560M (76%)            -                  -          
[332.403s][info][gc          ] GC(440) Garbage Collection (Allocation Rate) 1572M(77%)->296M(14%)
[332.825s][info][gc,start    ] GC(441) Garbage Collection (Allocation Rate)
[332.825s][info][gc,task     ] GC(441) Using 1 workers
[332.825s][info][gc,phases   ] GC(441) Pause Mark Start 0.011ms
[332.839s][info][gc,phases   ] GC(441) Concurrent Mark 13.417ms
[332.839s][info][gc,phases   ] GC(441) Pause Mark End 0.015ms
[332.839s][info][gc,phases   ] GC(441) Concurrent Mark Free 0.000ms
[332.927s][info][gc,phases   ] GC(441) Concurrent Process Non-Strong References 88.177ms
[332.927s][info][gc,phases   ] GC(441) Concurrent Reset Relocation Set 0.007ms
[332.932s][info][gc,phases   ] GC(441) Concurrent Select Relocation Set 4.668ms
[332.932s][info][gc,phases   ] GC(441) Pause Relocate Start 0.008ms
[332.935s][info][gc,phases   ] GC(441) Concurrent Relocate 2.936ms
[332.935s][info][gc,load     ] GC(441) Load: 0.00/0.00/0.00
[332.935s][info][gc,mmu      ] GC(441) MMU: 2ms/94.9%, 5ms/98.0%, 10ms/99.0%, 20ms/99.4%, 50ms/99.8%, 100ms/99.9%
[332.935s][info][gc,marking  ] GC(441) Mark: 1 stripe(s), 2 proactive flush(es), 1 terminate flush(es), 0 completion(s), 0 continuation(s) 
[332.935s][info][gc,marking  ] GC(441) Mark Stack Usage: 32M
[332.935s][info][gc,nmethod  ] GC(441) NMethods: 649 registered, 135 unregistered
[332.935s][info][gc,metaspace] GC(441) Metaspace: 13M used, 14M committed, 1088M reserved
[332.935s][info][gc,ref      ] GC(441) Soft: 134 encountered, 0 discovered, 0 enqueued
[332.935s][info][gc,ref      ] GC(441) Weak: 721 encountered, 455 discovered, 0 enqueued
[332.935s][info][gc,ref      ] GC(441) Final: 0 encountered, 0 discovered, 0 enqueued
[332.935s][info][gc,ref      ] GC(441) Phantom: 59 encountered, 41 discovered, 0 enqueued
[332.935s][info][gc,reloc    ] GC(441) Small Pages: 515 / 1030M, Empty: 944M, Relocated: 3M, In-Place: 0
[332.935s][info][gc,reloc    ] GC(441) Medium Pages: 0 / 0M, Empty: 0M, Relocated: 0M, In-Place: 0
[332.935s][info][gc,reloc    ] GC(441) Large Pages: 0 / 0M, Empty: 0M, Relocated: 0M, In-Place: 0
[332.936s][info][gc,reloc    ] GC(441) Forwarding Usage: 0M
[332.936s][info][gc,heap     ] GC(441) Min Capacity: 8M(0%)
[332.936s][info][gc,heap     ] GC(441) Max Capacity: 2048M(100%)
[332.936s][info][gc,heap     ] GC(441) Soft Max Capacity: 2048M(100%)
[332.936s][info][gc,heap     ] GC(441)                Mark Start          Mark End        Relocate Start      Relocate End           High               Low         
[332.936s][info][gc,heap     ] GC(441)  Capacity:     2048M (100%)       2048M (100%)       2048M (100%)       2048M (100%)       2048M (100%)       2048M (100%)   
[332.936s][info][gc,heap     ] GC(441)      Free:     1018M (50%)         986M (48%)        1760M (86%)        1832M (89%)        1834M (90%)         824M (40%)    
[332.936s][info][gc,heap     ] GC(441)      Used:     1030M (50%)        1062M (52%)         288M (14%)         216M (11%)        1224M (60%)         214M (10%)    
[332.936s][info][gc,heap     ] GC(441)      Live:         -                 8M (0%)            8M (0%)            8M (0%)             -                  -          
[332.936s][info][gc,heap     ] GC(441) Allocated:         -                32M (2%)          202M (10%)         206M (10%)            -                  -          
[332.936s][info][gc,heap     ] GC(441)   Garbage:         -              1021M (50%)          77M (4%)            1M (0%)             -                  -          
[332.936s][info][gc,heap     ] GC(441) Reclaimed:         -                  -               944M (46%)        1020M (50%)            -                  -          
[332.936s][info][gc          ] GC(441) Garbage Collection (Allocation Rate) 1030M(50%)->216M(11%)
[333.525s][info][gc,start    ] GC(442) Garbage Collection (Allocation Rate)
[333.525s][info][gc,task     ] GC(442) Using 1 workers
[333.525s][info][gc,phases   ] GC(442) Pause Mark Start 0.011ms
[333.541s][info][gc,phases   ] GC(442) Concurrent Mark 16.171ms
[333.542s][info][gc,phases   ] GC(442) Pause Mark End 0.016ms
[333.542s][info][gc,phases   ] GC(442) Concurrent Mark Free 0.001ms
[333.637s][info][gc,phases   ] GC(442) Concurrent Process Non-Strong References 95.698ms
[333.637s][info][gc,phases   ] GC(442) Concurrent Reset Relocation Set 0.006ms
[333.642s][info][gc,phases   ] GC(442) Concurrent Select Relocation Set 4.398ms
[333.642s][info][gc,phases   ] GC(442) Pause Relocate Start 0.007ms
[333.643s][info][gc,phases   ] GC(442) Concurrent Relocate 0.470ms
[333.643s][info][gc,load     ] GC(442) Load: 0.00/0.00/0.00
[333.643s][info][gc,mmu      ] GC(442) MMU: 2ms/94.9%, 5ms/98.0%, 10ms/99.0%, 20ms/99.4%, 50ms/99.8%, 100ms/99.9%
[333.643s][info][gc,marking  ] GC(442) Mark: 1 stripe(s), 2 proactive flush(es), 1 terminate flush(es), 0 completion(s), 0 continuation(s) 
[333.643s][info][gc,marking  ] GC(442) Mark Stack Usage: 32M
[333.643s][info][gc,nmethod  ] GC(442) NMethods: 649 registered, 135 unregistered
[333.643s][info][gc,metaspace] GC(442) Metaspace: 13M used, 14M committed, 1088M reserved
[333.643s][info][gc,ref      ] GC(442) Soft: 134 encountered, 0 discovered, 0 enqueued
[333.643s][info][gc,ref      ] GC(442) Weak: 721 encountered, 455 discovered, 0 enqueued
[333.643s][info][gc,ref      ] GC(442) Final: 0 encountered, 0 discovered, 0 enqueued
[333.643s][info][gc,ref      ] GC(442) Phantom: 59 encountered, 41 discovered, 0 enqueued
[333.643s][info][gc,reloc    ] GC(442) Small Pages: 635 / 1270M, Empty: 1172M, Relocated: 1M, In-Place: 0
[333.643s][info][gc,reloc    ] GC(442) Medium Pages: 0 / 0M, Empty: 0M, Relocated: 0M, In-Place: 0
[333.643s][info][gc,reloc    ] GC(442) Large Pages: 0 / 0M, Empty: 0M, Relocated: 0M, In-Place: 0
[333.643s][info][gc,reloc    ] GC(442) Forwarding Usage: 0M
[333.643s][info][gc,heap     ] GC(442) Min Capacity: 8M(0%)
[333.643s][info][gc,heap     ] GC(442) Max Capacity: 2048M(100%)
[333.643s][info][gc,heap     ] GC(442) Soft Max Capacity: 2048M(100%)
[333.643s][info][gc,heap     ] GC(442)                Mark Start          Mark End        Relocate Start      Relocate End           High               Low         
[333.643s][info][gc,heap     ] GC(442)  Capacity:     2048M (100%)       2048M (100%)       2048M (100%)       2048M (100%)       2048M (100%)       2048M (100%)   
[333.643s][info][gc,heap     ] GC(442)      Free:      778M (38%)         742M (36%)        1740M (85%)        1826M (89%)        1826M (89%)         574M (28%)    
[333.643s][info][gc,heap     ] GC(442)      Used:     1270M (62%)        1306M (64%)         308M (15%)         222M (11%)        1474M (72%)         222M (11%)    
[333.643s][info][gc,heap     ] GC(442)      Live:         -                 8M (0%)            8M (0%)            8M (0%)             -                  -          
[333.643s][info][gc,heap     ] GC(442) Allocated:         -                36M (2%)          210M (10%)         210M (10%)            -                  -          
[333.643s][info][gc,heap     ] GC(442)   Garbage:         -              1261M (62%)          89M (4%)            3M (0%)             -                  -          
[333.643s][info][gc,heap     ] GC(442) Reclaimed:         -                  -              1172M (57%)        1258M (61%)            -                  -          
[333.643s][info][gc          ] GC(442) Garbage Collection (Allocation Rate) 1270M(62%)->222M(11%)
[334.325s][info][gc,start    ] GC(443) Garbage Collection (Allocation Rate)
[334.325s][info][gc,task     ] GC(443) Using 1 workers
[334.325s][info][gc,phases   ] GC(443) Pause Mark Start 0.010ms
[334.338s][info][gc,phases   ] GC(443) Concurrent Mark 13.622ms
[334.339s][info][gc,phases   ] GC(443) Pause Mark End 0.014ms
[334.339s][info][gc,phases   ] GC(443) Concurrent Mark Free 0.001ms
[334.437s][info][gc,phases   ] GC(443) Concurrent Process Non-Strong References 98.430ms
[334.437s][info][gc,phases   ] GC(443) Concurrent Reset Relocation Set 0.005ms
[334.442s][info][gc,phases   ] GC(443) Concurrent Select Relocation Set 4.341ms
[334.442s][info][gc,phases   ] GC(443) Pause Relocate Start 0.008ms
[334.444s][info][gc,phases   ] GC(443) Concurrent Relocate 2.021ms
[334.444s][info][gc,load     ] GC(443) Load: 0.00/0.00/0.00
[334.444s][info][gc,mmu      ] GC(443) MMU: 2ms/94.9%, 5ms/98.0%, 10ms/99.0%, 20ms/99.4%, 50ms/99.8%, 100ms/99.9%
[334.444s][info][gc,marking  ] GC(443) Mark: 1 stripe(s), 2 proactive flush(es), 1 terminate flush(es), 0 completion(s), 0 continuation(s) 
[334.444s][info][gc,marking  ] GC(443) Mark Stack Usage: 32M
[334.444s][info][gc,nmethod  ] GC(443) NMethods: 649 registered, 135 unregistered
[334.444s][info][gc,metaspace] GC(443) Metaspace: 13M used, 14M committed, 1088M reserved
[334.444s][info][gc,ref      ] GC(443) Soft: 134 encountered, 0 discovered, 0 enqueued
[334.444s][info][gc,ref      ] GC(443) Weak: 721 encountered, 455 discovered, 0 enqueued
[334.444s][info][gc,ref      ] GC(443) Final: 0 encountered, 0 discovered, 0 enqueued
[334.444s][info][gc,ref      ] GC(443) Phantom: 59 encountered, 41 discovered, 0 enqueued
[334.444s][info][gc,reloc    ] GC(443) Small Pages: 726 / 1452M, Empty: 1342M, Relocated: 3M, In-Place: 0
[334.444s][info][gc,reloc    ] GC(443) Medium Pages: 0 / 0M, Empty: 0M, Relocated: 0M, In-Place: 0
[334.444s][info][gc,reloc    ] GC(443) Large Pages: 0 / 0M, Empty: 0M, Relocated: 0M, In-Place: 0
[334.444s][info][gc,reloc    ] GC(443) Forwarding Usage: 0M
[334.444s][info][gc,heap     ] GC(443) Min Capacity: 8M(0%)
[334.444s][info][gc,heap     ] GC(443) Max Capacity: 2048M(100%)
[334.444s][info][gc,heap     ] GC(443) Soft Max Capacity: 2048M(100%)
[334.444s][info][gc,heap     ] GC(443)                Mark Start          Mark End        Relocate Start      Relocate End           High               Low         
[334.444s][info][gc,heap     ] GC(443)  Capacity:     2048M (100%)       2048M (100%)       2048M (100%)       2048M (100%)       2048M (100%)       2048M (100%)   
[334.444s][info][gc,heap     ] GC(443)      Free:      596M (29%)         564M (28%)        1722M (84%)        1820M (89%)        1820M (89%)         390M (19%)    
[334.444s][info][gc,heap     ] GC(443)      Used:     1452M (71%)        1484M (72%)         326M (16%)         228M (11%)        1658M (81%)         228M (11%)    
[334.444s][info][gc,heap     ] GC(443)      Live:         -                 8M (0%)            8M (0%)            8M (0%)             -                  -          
[334.444s][info][gc,heap     ] GC(443) Allocated:         -                32M (2%)          216M (11%)         218M (11%)            -                  -          
[334.444s][info][gc,heap     ] GC(443)   Garbage:         -              1443M (70%)         101M (5%)            1M (0%)             -                  -          
[334.444s][info][gc,heap     ] GC(443) Reclaimed:         -                  -              1342M (66%)        1442M (70%)            -                  -          
[334.444s][info][gc          ] GC(443) Garbage Collection (Allocation Rate) 1452M(71%)->228M(11%)
[335.125s][info][gc,start    ] GC(444) Garbage Collection (Allocation Rate)
[335.125s][info][gc,task     ] GC(444) Using 1 workers
[335.224s][info][gc,phases   ] GC(444) Pause Mark Start 0.017ms
[335.248s][info][gc,phases   ] GC(444) Concurrent Mark 24.279ms
[335.248s][info][gc,phases   ] GC(444) Pause Mark End 0.037ms
[335.249s][info][gc,phases   ] GC(444) Concurrent Mark Free 0.001ms
[335.348s][info][gc,phases   ] GC(444) Concurrent Process Non-Strong References 99.111ms
[335.348s][info][gc,phases   ] GC(444) Concurrent Reset Relocation Set 0.007ms
[335.352s][info][gc,phases   ] GC(444) Concurrent Select Relocation Set 4.506ms
[335.353s][info][gc,phases   ] GC(444) Pause Relocate Start 0.009ms
[335.353s][info][gc,phases   ] GC(444) Concurrent Relocate 0.556ms
[335.353s][info][gc,load     ] GC(444) Load: 0.00/0.00/0.00
[335.353s][info][gc,mmu      ] GC(444) MMU: 2ms/94.9%, 5ms/98.0%, 10ms/99.0%, 20ms/99.4%, 50ms/99.8%, 100ms/99.9%
[335.353s][info][gc,marking  ] GC(444) Mark: 1 stripe(s), 2 proactive flush(es), 1 terminate flush(es), 1 completion(s), 0 continuation(s) 
[335.353s][info][gc,marking  ] GC(444) Mark Stack Usage: 32M
[335.353s][info][gc,nmethod  ] GC(444) NMethods: 649 registered, 135 unregistered
[335.353s][info][gc,metaspace] GC(444) Metaspace: 13M used, 14M committed, 1088M reserved
[335.353s][info][gc,ref      ] GC(444) Soft: 134 encountered, 0 discovered, 0 enqueued
[335.353s][info][gc,ref      ] GC(444) Weak: 721 encountered, 455 discovered, 0 enqueued
[335.353s][info][gc,ref      ] GC(444) Final: 0 encountered, 0 discovered, 0 enqueued
[335.353s][info][gc,ref      ] GC(444) Phantom: 59 encountered, 41 discovered, 0 enqueued
[335.353s][info][gc,reloc    ] GC(444) Small Pages: 781 / 1562M, Empty: 1450M, Relocated: 1M, In-Place: 0
[335.353s][info][gc,reloc    ] GC(444) Medium Pages: 0 / 0M, Empty: 0M, Relocated: 0M, In-Place: 0
[335.353s][info][gc,reloc    ] GC(444) Large Pages: 0 / 0M, Empty: 0M, Relocated: 0M, In-Place: 0
[335.353s][info][gc,reloc    ] GC(444) Forwarding Usage: 0M
[335.354s][info][gc,heap     ] GC(444) Min Capacity: 8M(0%)
[335.354s][info][gc,heap     ] GC(444) Max Capacity: 2048M(100%)
[335.354s][info][gc,heap     ] GC(444) Soft Max Capacity: 2048M(100%)
[335.354s][info][gc,heap     ] GC(444)                Mark Start          Mark End        Relocate Start      Relocate End           High               Low         
[335.354s][info][gc,heap     ] GC(444)  Capacity:     2048M (100%)       2048M (100%)       2048M (100%)       2048M (100%)       2048M (100%)       2048M (100%)   
[335.354s][info][gc,heap     ] GC(444)      Free:      486M (24%)         442M (22%)        1694M (83%)        1794M (88%)        1794M (88%)         252M (12%)    
[335.354s][info][gc,heap     ] GC(444)      Used:     1562M (76%)        1606M (78%)         354M (17%)         254M (12%)        1796M (88%)         254M (12%)    
[335.354s][info][gc,heap     ] GC(444)      Live:         -                 8M (0%)            8M (0%)            8M (0%)             -                  -          
[335.354s][info][gc,heap     ] GC(444) Allocated:         -                44M (2%)          242M (12%)         242M (12%)            -                  -          
[335.354s][info][gc,heap     ] GC(444)   Garbage:         -              1553M (76%)         103M (5%)            2M (0%)             -                  -          
[335.354s][info][gc,heap     ] GC(444) Reclaimed:         -                  -              1450M (71%)        1550M (76%)            -                  -          
[335.354s][info][gc          ] GC(444) Garbage Collection (Allocation Rate) 1562M(76%)->254M(12%)
[335.825s][info][gc,start    ] GC(445) Garbage Collection (Allocation Rate)
[335.825s][info][gc,task     ] GC(445) Using 1 workers
[335.826s][info][gc,phases   ] GC(445) Pause Mark Start 0.013ms
[335.838s][info][gc,phases   ] GC(445) Concurrent Mark 12.710ms
[335.839s][info][gc,phases   ] GC(445) Pause Mark End 0.019ms
[335.839s][info][gc,phases   ] GC(445) Concurrent Mark Free 0.001ms
[335.925s][info][gc,phases   ] GC(445) Concurrent Process Non-Strong References 86.616ms
[335.925s][info][gc,phases   ] GC(445) Concurrent Reset Relocation Set 0.006ms
[335.930s][info][gc,phases   ] GC(445) Concurrent Select Relocation Set 4.721ms
[335.930s][info][gc,phases   ] GC(445) Pause Relocate Start 0.008ms
[335.931s][info][gc,phases   ] GC(445) Concurrent Relocate 0.394ms
[335.931s][info][gc,load     ] GC(445) Load: 0.00/0.00/0.00
[335.931s][info][gc,mmu      ] GC(445) MMU: 2ms/94.9%, 5ms/98.0%, 10ms/99.0%, 20ms/99.4%, 50ms/99.8%, 100ms/99.9%
[335.931s][info][gc,marking  ] GC(445) Mark: 1 stripe(s), 2 proactive flush(es), 1 terminate flush(es), 0 completion(s), 0 continuation(s) 
[335.931s][info][gc,marking  ] GC(445) Mark Stack Usage: 32M
[335.931s][info][gc,nmethod  ] GC(445) NMethods: 649 registered, 135 unregistered
[335.931s][info][gc,metaspace] GC(445) Metaspace: 13M used, 14M committed, 1088M reserved
[335.931s][info][gc,ref      ] GC(445) Soft: 134 encountered, 0 discovered, 0 enqueued
[335.931s][info][gc,ref      ] GC(445) Weak: 719 encountered, 455 discovered, 0 enqueued
[335.931s][info][gc,ref      ] GC(445) Final: 0 encountered, 0 discovered, 0 enqueued
[335.931s][info][gc,ref      ] GC(445) Phantom: 59 encountered, 41 discovered, 0 enqueued
[335.931s][info][gc,reloc    ] GC(445) Small Pages: 486 / 972M, Empty: 880M, Relocated: 0M, In-Place: 0
[335.931s][info][gc,reloc    ] GC(445) Medium Pages: 0 / 0M, Empty: 0M, Relocated: 0M, In-Place: 0
[335.931s][info][gc,reloc    ] GC(445) Large Pages: 0 / 0M, Empty: 0M, Relocated: 0M, In-Place: 0
[335.931s][info][gc,reloc    ] GC(445) Forwarding Usage: 0M
[335.931s][info][gc,heap     ] GC(445) Min Capacity: 8M(0%)
[335.931s][info][gc,heap     ] GC(445) Max Capacity: 2048M(100%)
[335.931s][info][gc,heap     ] GC(445) Soft Max Capacity: 2048M(100%)
[335.931s][info][gc,heap     ] GC(445)                Mark Start          Mark End        Relocate Start      Relocate End           High               Low         
[335.931s][info][gc,heap     ] GC(445)  Capacity:     2048M (100%)       2048M (100%)       2048M (100%)       2048M (100%)       2048M (100%)       2048M (100%)   
[335.931s][info][gc,heap     ] GC(445)      Free:     1076M (53%)        1050M (51%)        1780M (87%)        1858M (91%)        1858M (91%)         906M (44%)    
[335.931s][info][gc,heap     ] GC(445)      Used:      972M (47%)         998M (49%)         268M (13%)         190M (9%)         1142M (56%)         190M (9%)     
[335.931s][info][gc,heap     ] GC(445)      Live:         -                 8M (0%)            8M (0%)            8M (0%)             -                  -          
[335.931s][info][gc,heap     ] GC(445) Allocated:         -                26M (1%)          176M (9%)          177M (9%)             -                  -          
[335.931s][info][gc,heap     ] GC(445)   Garbage:         -               963M (47%)          83M (4%)            3M (0%)             -                  -          
[335.931s][info][gc,heap     ] GC(445) Reclaimed:         -                  -               880M (43%)         959M (47%)            -                  -          
[335.931s][info][gc          ] GC(445) Garbage Collection (Allocation Rate) 972M(47%)->190M(9%)
[336.625s][info][gc,start    ] GC(446) Garbage Collection (Allocation Rate)
[336.625s][info][gc,task     ] GC(446) Using 1 workers
[336.625s][info][gc,phases   ] GC(446) Pause Mark Start 0.013ms
[336.638s][info][gc,phases   ] GC(446) Concurrent Mark 12.786ms
[336.638s][info][gc,phases   ] GC(446) Pause Mark End 0.015ms
[336.638s][info][gc,phases   ] GC(446) Concurrent Mark Free 0.001ms
[336.725s][info][gc,phases   ] GC(446) Concurrent Process Non-Strong References 87.079ms
[336.725s][info][gc,phases   ] GC(446) Concurrent Reset Relocation Set 0.006ms
[336.730s][info][gc,phases   ] GC(446) Concurrent Select Relocation Set 4.585ms
[336.730s][info][gc,phases   ] GC(446) Pause Relocate Start 0.008ms
[336.731s][info][gc,phases   ] GC(446) Concurrent Relocate 0.452ms
[336.731s][info][gc,load     ] GC(446) Load: 0.00/0.00/0.00
[336.731s][info][gc,mmu      ] GC(446) MMU: 2ms/94.9%, 5ms/98.0%, 10ms/99.0%, 20ms/99.4%, 50ms/99.8%, 100ms/99.9%
[336.731s][info][gc,marking  ] GC(446) Mark: 1 stripe(s), 2 proactive flush(es), 1 terminate flush(es), 0 completion(s), 0 continuation(s) 
[336.731s][info][gc,marking  ] GC(446) Mark Stack Usage: 32M
[336.731s][info][gc,nmethod  ] GC(446) NMethods: 649 registered, 135 unregistered
[336.731s][info][gc,metaspace] GC(446) Metaspace: 13M used, 14M committed, 1088M reserved
[336.731s][info][gc,ref      ] GC(446) Soft: 134 encountered, 0 discovered, 0 enqueued
[336.731s][info][gc,ref      ] GC(446) Weak: 711 encountered, 455 discovered, 0 enqueued
[336.731s][info][gc,ref      ] GC(446) Final: 0 encountered, 0 discovered, 0 enqueued
[336.731s][info][gc,ref      ] GC(446) Phantom: 59 encountered, 41 discovered, 0 enqueued
[336.731s][info][gc,reloc    ] GC(446) Small Pages: 666 / 1332M, Empty: 1220M, Relocated: 0M, In-Place: 0
[336.731s][info][gc,reloc    ] GC(446) Medium Pages: 0 / 0M, Empty: 0M, Relocated: 0M, In-Place: 0
[336.731s][info][gc,reloc    ] GC(446) Large Pages: 0 / 0M, Empty: 0M, Relocated: 0M, In-Place: 0
[336.731s][info][gc,reloc    ] GC(446) Forwarding Usage: 0M
[336.731s][info][gc,heap     ] GC(446) Min Capacity: 8M(0%)
[336.731s][info][gc,heap     ] GC(446) Max Capacity: 2048M(100%)
[336.731s][info][gc,heap     ] GC(446) Soft Max Capacity: 2048M(100%)
[336.731s][info][gc,heap     ] GC(446)                Mark Start          Mark End        Relocate Start      Relocate End           High               Low         
[336.731s][info][gc,heap     ] GC(446)  Capacity:     2048M (100%)       2048M (100%)       2048M (100%)       2048M (100%)       2048M (100%)       2048M (100%)   
[336.731s][info][gc,heap     ] GC(446)      Free:      716M (35%)         688M (34%)        1758M (86%)        1856M (91%)        1856M (91%)         544M (27%)    
[336.731s][info][gc,heap     ] GC(446)      Used:     1332M (65%)        1360M (66%)         290M (14%)         192M (9%)         1504M (73%)         192M (9%)     
[336.731s][info][gc,heap     ] GC(446)      Live:         -                 8M (0%)            8M (0%)            8M (0%)             -                  -          
[336.731s][info][gc,heap     ] GC(446) Allocated:         -                28M (1%)          178M (9%)          179M (9%)             -                  -          
[336.731s][info][gc,heap     ] GC(446)   Garbage:         -              1323M (65%)         103M (5%)            3M (0%)             -                  -          
[336.731s][info][gc,heap     ] GC(446) Reclaimed:         -                  -              1220M (60%)        1319M (64%)            -                  -          
[336.731s][info][gc          ] GC(446) Garbage Collection (Allocation Rate) 1332M(65%)->192M(9%)
[337.525s][info][gc,start    ] GC(447) Garbage Collection (Allocation Rate)
[337.525s][info][gc,task     ] GC(447) Using 1 workers
[337.525s][info][gc,phases   ] GC(447) Pause Mark Start 0.013ms
[337.544s][info][gc,phases   ] GC(447) Concurrent Mark 18.691ms
[337.544s][info][gc,phases   ] GC(447) Pause Mark End 0.016ms
[337.544s][info][gc,phases   ] GC(447) Concurrent Mark Free 0.002ms
[337.641s][info][gc,phases   ] GC(447) Concurrent Process Non-Strong References 96.647ms
[337.641s][info][gc,phases   ] GC(447) Concurrent Reset Relocation Set 0.006ms
[337.645s][info][gc,phases   ] GC(447) Concurrent Select Relocation Set 4.125ms
[337.646s][info][gc,phases   ] GC(447) Pause Relocate Start 0.008ms
[337.646s][info][gc,phases   ] GC(447) Concurrent Relocate 0.691ms
[337.646s][info][gc,load     ] GC(447) Load: 0.00/0.00/0.00
[337.646s][info][gc,mmu      ] GC(447) MMU: 2ms/94.9%, 5ms/98.0%, 10ms/99.0%, 20ms/99.4%, 50ms/99.8%, 100ms/99.9%
[337.647s][info][gc,marking  ] GC(447) Mark: 1 stripe(s), 2 proactive flush(es), 1 terminate flush(es), 0 completion(s), 0 continuation(s) 
[337.647s][info][gc,marking  ] GC(447) Mark Stack Usage: 32M
[337.647s][info][gc,nmethod  ] GC(447) NMethods: 649 registered, 135 unregistered
[337.647s][info][gc,metaspace] GC(447) Metaspace: 13M used, 14M committed, 1088M reserved
[337.647s][info][gc,ref      ] GC(447) Soft: 134 encountered, 0 discovered, 0 enqueued
[337.647s][info][gc,ref      ] GC(447) Weak: 681 encountered, 455 discovered, 0 enqueued
[337.647s][info][gc,ref      ] GC(447) Final: 0 encountered, 0 discovered, 0 enqueued
[337.647s][info][gc,ref      ] GC(447) Phantom: 59 encountered, 41 discovered, 0 enqueued
[337.647s][info][gc,reloc    ] GC(447) Small Pages: 727 / 1454M, Empty: 1342M, Relocated: 1M, In-Place: 0
[337.647s][info][gc,reloc    ] GC(447) Medium Pages: 0 / 0M, Empty: 0M, Relocated: 0M, In-Place: 0
[337.647s][info][gc,reloc    ] GC(447) Large Pages: 0 / 0M, Empty: 0M, Relocated: 0M, In-Place: 0
[337.647s][info][gc,reloc    ] GC(447) Forwarding Usage: 0M
[337.647s][info][gc,heap     ] GC(447) Min Capacity: 8M(0%)
[337.647s][info][gc,heap     ] GC(447) Max Capacity: 2048M(100%)
[337.647s][info][gc,heap     ] GC(447) Soft Max Capacity: 2048M(100%)
[337.647s][info][gc,heap     ] GC(447)                Mark Start          Mark End        Relocate Start      Relocate End           High               Low         
[337.647s][info][gc,heap     ] GC(447)  Capacity:     2048M (100%)       2048M (100%)       2048M (100%)       2048M (100%)       2048M (100%)       2048M (100%)   
[337.647s][info][gc,heap     ] GC(447)      Free:      594M (29%)         556M (27%)        1696M (83%)        1794M (88%)        1794M (88%)         362M (18%)    
[337.647s][info][gc,heap     ] GC(447)      Used:     1454M (71%)        1492M (73%)         352M (17%)         254M (12%)        1686M (82%)         254M (12%)    
[337.647s][info][gc,heap     ] GC(447)      Live:         -                 8M (0%)            8M (0%)            8M (0%)             -                  -          
[337.647s][info][gc,heap     ] GC(447) Allocated:         -                38M (2%)          240M (12%)         242M (12%)            -                  -          
[337.647s][info][gc,heap     ] GC(447)   Garbage:         -              1445M (71%)         103M (5%)            2M (0%)             -                  -          
[337.647s][info][gc,heap     ] GC(447) Reclaimed:         -                  -              1342M (66%)        1442M (70%)            -                  -          
[337.647s][info][gc          ] GC(447) Garbage Collection (Allocation Rate) 1454M(71%)->254M(12%)
[338.225s][info][gc,start    ] GC(448) Garbage Collection (Allocation Rate)
[338.225s][info][gc,task     ] GC(448) Using 1 workers
[338.225s][info][gc,phases   ] GC(448) Pause Mark Start 0.011ms
[338.243s][info][gc,phases   ] GC(448) Concurrent Mark 17.693ms
[338.243s][info][gc,phases   ] GC(448) Pause Mark End 0.012ms
[338.243s][info][gc,phases   ] GC(448) Concurrent Mark Free 0.001ms
[338.316s][info][gc,phases   ] GC(448) Concurrent Process Non-Strong References 73.130ms
[338.317s][info][gc,phases   ] GC(448) Concurrent Reset Relocation Set 0.005ms
[338.321s][info][gc,phases   ] GC(448) Concurrent Select Relocation Set 4.590ms
[338.321s][info][gc,phases   ] GC(448) Pause Relocate Start 0.010ms
[338.322s][info][gc,phases   ] GC(448) Concurrent Relocate 0.470ms
[338.322s][info][gc,load     ] GC(448) Load: 0.00/0.00/0.00
[338.322s][info][gc,mmu      ] GC(448) MMU: 2ms/94.9%, 5ms/98.0%, 10ms/99.0%, 20ms/99.4%, 50ms/99.8%, 100ms/99.9%
[338.322s][info][gc,marking  ] GC(448) Mark: 1 stripe(s), 2 proactive flush(es), 1 terminate flush(es), 0 completion(s), 0 continuation(s) 
[338.322s][info][gc,marking  ] GC(448) Mark Stack Usage: 32M
[338.322s][info][gc,nmethod  ] GC(448) NMethods: 649 registered, 135 unregistered
[338.322s][info][gc,metaspace] GC(448) Metaspace: 13M used, 14M committed, 1088M reserved
[338.322s][info][gc,ref      ] GC(448) Soft: 134 encountered, 0 discovered, 0 enqueued
[338.322s][info][gc,ref      ] GC(448) Weak: 629 encountered, 453 discovered, 0 enqueued
[338.322s][info][gc,ref      ] GC(448) Final: 0 encountered, 0 discovered, 0 enqueued
[338.322s][info][gc,ref      ] GC(448) Phantom: 59 encountered, 41 discovered, 0 enqueued
[338.322s][info][gc,reloc    ] GC(448) Small Pages: 653 / 1306M, Empty: 1208M, Relocated: 0M, In-Place: 0
[338.322s][info][gc,reloc    ] GC(448) Medium Pages: 0 / 0M, Empty: 0M, Relocated: 0M, In-Place: 0
[338.322s][info][gc,reloc    ] GC(448) Large Pages: 0 / 0M, Empty: 0M, Relocated: 0M, In-Place: 0
[338.322s][info][gc,reloc    ] GC(448) Forwarding Usage: 0M
[338.322s][info][gc,heap     ] GC(448) Min Capacity: 8M(0%)
[338.322s][info][gc,heap     ] GC(448) Max Capacity: 2048M(100%)
[338.322s][info][gc,heap     ] GC(448) Soft Max Capacity: 2048M(100%)
[338.322s][info][gc,heap     ] GC(448)                Mark Start          Mark End        Relocate Start      Relocate End           High               Low         
[338.322s][info][gc,heap     ] GC(448)  Capacity:     2048M (100%)       2048M (100%)       2048M (100%)       2048M (100%)       2048M (100%)       2048M (100%)   
[338.322s][info][gc,heap     ] GC(448)      Free:      742M (36%)         732M (36%)        1928M (94%)        2016M (98%)        2016M (98%)         720M (35%)    
[338.322s][info][gc,heap     ] GC(448)      Used:     1306M (64%)        1316M (64%)         120M (6%)           32M (2%)         1328M (65%)          32M (2%)     
[338.323s][info][gc,heap     ] GC(448)      Live:         -                 7M (0%)            7M (0%)            7M (0%)             -                  -          
[338.323s][info][gc,heap     ] GC(448) Allocated:         -                10M (0%)           22M (1%)           22M (1%)             -                  -          
[338.323s][info][gc,heap     ] GC(448)   Garbage:         -              1298M (63%)          90M (4%)            2M (0%)             -                  -          
[338.323s][info][gc,heap     ] GC(448) Reclaimed:         -                  -              1208M (59%)        1296M (63%)            -                  -          
[338.323s][info][gc          ] GC(448) Garbage Collection (Allocation Rate) 1306M(64%)->32M(2%)
[338.323s][info][gc,start    ] GC(449) Garbage Collection (System.gc())
[338.323s][info][gc,task     ] GC(449) Using 12 workers
[338.323s][info][gc,phases   ] GC(449) Pause Mark Start 0.009ms
[338.333s][info][gc,phases   ] GC(449) Concurrent Mark 10.197ms
[338.333s][info][gc,phases   ] GC(449) Pause Mark End 0.015ms
[338.333s][info][gc,phases   ] GC(449) Concurrent Mark Free 0.001ms
[338.346s][info][gc,phases   ] GC(449) Concurrent Process Non-Strong References 12.285ms
[338.346s][info][gc,phases   ] GC(449) Concurrent Reset Relocation Set 0.004ms
[338.350s][info][gc,phases   ] GC(449) Concurrent Select Relocation Set 4.208ms
[338.350s][info][gc,phases   ] GC(449) Pause Relocate Start 0.008ms
[338.353s][info][gc,phases   ] GC(449) Concurrent Relocate 2.776ms
[338.353s][info][gc,load     ] GC(449) Load: 0.00/0.00/0.00
[338.353s][info][gc,mmu      ] GC(449) MMU: 2ms/94.9%, 5ms/98.0%, 10ms/99.0%, 20ms/99.4%, 50ms/99.8%, 100ms/99.9%
[338.353s][info][gc,marking  ] GC(449) Mark: 8 stripe(s), 2 proactive flush(es), 1 terminate flush(es), 0 completion(s), 0 continuation(s) 
[338.353s][info][gc,marking  ] GC(449) Mark Stack Usage: 32M
[338.353s][info][gc,nmethod  ] GC(449) NMethods: 649 registered, 135 unregistered
[338.353s][info][gc,metaspace] GC(449) Metaspace: 13M used, 14M committed, 1088M reserved
[338.353s][info][gc,ref      ] GC(449) Soft: 134 encountered, 0 discovered, 0 enqueued
[338.353s][info][gc,ref      ] GC(449) Weak: 621 encountered, 53 discovered, 0 enqueued
[338.353s][info][gc,ref      ] GC(449) Final: 0 encountered, 0 discovered, 0 enqueued
[338.353s][info][gc,ref      ] GC(449) Phantom: 59 encountered, 48 discovered, 0 enqueued
[338.353s][info][gc,reloc    ] GC(449) Small Pages: 16 / 32M, Empty: 20M, Relocated: 3M, In-Place: 0
[338.353s][info][gc,reloc    ] GC(449) Medium Pages: 0 / 0M, Empty: 0M, Relocated: 0M, In-Place: 0
[338.353s][info][gc,reloc    ] GC(449) Large Pages: 0 / 0M, Empty: 0M, Relocated: 0M, In-Place: 0
[338.353s][info][gc,reloc    ] GC(449) Forwarding Usage: 0M
[338.353s][info][gc,heap     ] GC(449) Min Capacity: 8M(0%)
[338.353s][info][gc,heap     ] GC(449) Max Capacity: 2048M(100%)
[338.353s][info][gc,heap     ] GC(449) Soft Max Capacity: 2048M(100%)
[338.353s][info][gc,heap     ] GC(449)                Mark Start          Mark End        Relocate Start      Relocate End           High               Low         
[338.353s][info][gc,heap     ] GC(449)  Capacity:     2048M (100%)       2048M (100%)       2048M (100%)       2048M (100%)       2048M (100%)       2048M (100%)   
[338.354s][info][gc,heap     ] GC(449)      Free:     2016M (98%)        2016M (98%)        2036M (99%)        2036M (99%)        2036M (99%)        2016M (98%)    
[338.354s][info][gc,heap     ] GC(449)      Used:       32M (2%)           32M (2%)           12M (1%)           12M (1%)           32M (2%)           12M (1%)     
[338.354s][info][gc,heap     ] GC(449)      Live:         -                 4M (0%)            4M (0%)            4M (0%)             -                  -          
[338.354s][info][gc,heap     ] GC(449) Allocated:         -                 0M (0%)            0M (0%)            0M (0%)             -                  -          
[338.354s][info][gc,heap     ] GC(449)   Garbage:         -                27M (1%)            7M (0%)            7M (0%)             -                  -          
[338.354s][info][gc,heap     ] GC(449) Reclaimed:         -                  -                20M (1%)           20M (1%)             -                  -          
[338.354s][info][gc          ] GC(449) Garbage Collection (System.gc()) 32M(2%)->12M(1%)
[339.026s][info][gc,start    ] GC(450) Garbage Collection (Allocation Rate)
[339.026s][info][gc,task     ] GC(450) Using 2 workers
[339.026s][info][gc,phases   ] GC(450) Pause Mark Start 0.011ms
[339.038s][info][gc,phases   ] GC(450) Concurrent Mark 11.643ms
[339.038s][info][gc,phases   ] GC(450) Pause Mark End 0.014ms
[339.038s][info][gc,phases   ] GC(450) Concurrent Mark Free 0.001ms
[339.079s][info][gc,phases   ] GC(450) Concurrent Process Non-Strong References 41.509ms
[339.079s][info][gc,phases   ] GC(450) Concurrent Reset Relocation Set 0.001ms
[339.083s][info][gc,phases   ] GC(450) Concurrent Select Relocation Set 3.403ms
[339.083s][info][gc,phases   ] GC(450) Pause Relocate Start 0.007ms
[339.084s][info][gc,phases   ] GC(450) Concurrent Relocate 1.338ms
[339.084s][info][gc,load     ] GC(450) Load: 0.00/0.00/0.00
[339.085s][info][gc,mmu      ] GC(450) MMU: 2ms/94.9%, 5ms/98.0%, 10ms/99.0%, 20ms/99.4%, 50ms/99.8%, 100ms/99.9%
[339.085s][info][gc,marking  ] GC(450) Mark: 2 stripe(s), 2 proactive flush(es), 1 terminate flush(es), 0 completion(s), 0 continuation(s) 
[339.085s][info][gc,marking  ] GC(450) Mark Stack Usage: 32M
[339.085s][info][gc,nmethod  ] GC(450) NMethods: 649 registered, 135 unregistered
[339.085s][info][gc,metaspace] GC(450) Metaspace: 13M used, 14M committed, 1088M reserved
[339.085s][info][gc,ref      ] GC(450) Soft: 134 encountered, 0 discovered, 0 enqueued
[339.085s][info][gc,ref      ] GC(450) Weak: 717 encountered, 367 discovered, 0 enqueued
[339.085s][info][gc,ref      ] GC(450) Final: 0 encountered, 0 discovered, 0 enqueued
[339.085s][info][gc,ref      ] GC(450) Phantom: 59 encountered, 43 discovered, 0 enqueued
[339.085s][info][gc,reloc    ] GC(450) Small Pages: 524 / 1048M, Empty: 938M, Relocated: 2M, In-Place: 0
[339.085s][info][gc,reloc    ] GC(450) Medium Pages: 0 / 0M, Empty: 0M, Relocated: 0M, In-Place: 0
[339.085s][info][gc,reloc    ] GC(450) Large Pages: 0 / 0M, Empty: 0M, Relocated: 0M, In-Place: 0
[339.085s][info][gc,reloc    ] GC(450) Forwarding Usage: 0M
[339.085s][info][gc,heap     ] GC(450) Min Capacity: 8M(0%)
[339.085s][info][gc,heap     ] GC(450) Max Capacity: 2048M(100%)
[339.085s][info][gc,heap     ] GC(450) Soft Max Capacity: 2048M(100%)
[339.085s][info][gc,heap     ] GC(450)                Mark Start          Mark End        Relocate Start      Relocate End           High               Low         
[339.085s][info][gc,heap     ] GC(450)  Capacity:     2048M (100%)       2048M (100%)       2048M (100%)       2048M (100%)       2048M (100%)       2048M (100%)   
[339.085s][info][gc,heap     ] GC(450)      Free:     1000M (49%)         976M (48%)        1846M (90%)        1944M (95%)        1944M (95%)         914M (45%)    
[339.085s][info][gc,heap     ] GC(450)      Used:     1048M (51%)        1072M (52%)         202M (10%)         104M (5%)         1134M (55%)         104M (5%)     
[339.085s][info][gc,heap     ] GC(450)      Live:         -                 7M (0%)            7M (0%)            7M (0%)             -                  -          
[339.085s][info][gc,heap     ] GC(450) Allocated:         -                24M (1%)           92M (4%)           92M (5%)             -                  -          
[339.085s][info][gc,heap     ] GC(450)   Garbage:         -              1040M (51%)         102M (5%)            4M (0%)             -                  -          
[339.085s][info][gc,heap     ] GC(450) Reclaimed:         -                  -               938M (46%)        1036M (51%)            -                  -          
[339.085s][info][gc          ] GC(450) Garbage Collection (Allocation Rate) 1048M(51%)->104M(5%)
[339.725s][info][gc,start    ] GC(451) Garbage Collection (Allocation Rate)
[339.725s][info][gc,task     ] GC(451) Using 2 workers
[339.725s][info][gc,phases   ] GC(451) Pause Mark Start 0.011ms
[339.734s][info][gc,phases   ] GC(451) Concurrent Mark 9.160ms
[339.734s][info][gc,phases   ] GC(451) Pause Mark End 0.015ms
[339.734s][info][gc,phases   ] GC(451) Concurrent Mark Free 0.001ms
[339.783s][info][gc,phases   ] GC(451) Concurrent Process Non-Strong References 48.362ms
[339.793s][info][gc,phases   ] GC(451) Concurrent Reset Relocation Set 0.008ms
[339.797s][info][gc,phases   ] GC(451) Concurrent Select Relocation Set 3.624ms
[339.797s][info][gc,phases   ] GC(451) Pause Relocate Start 0.007ms
[339.798s][info][gc,phases   ] GC(451) Concurrent Relocate 1.090ms
[339.798s][info][gc,load     ] GC(451) Load: 0.00/0.00/0.00
[339.798s][info][gc,mmu      ] GC(451) MMU: 2ms/94.9%, 5ms/98.0%, 10ms/99.0%, 20ms/99.4%, 50ms/99.8%, 100ms/99.9%
[339.798s][info][gc,marking  ] GC(451) Mark: 2 stripe(s), 2 proactive flush(es), 1 terminate flush(es), 0 completion(s), 0 continuation(s) 
[339.798s][info][gc,marking  ] GC(451) Mark Stack Usage: 32M
[339.798s][info][gc,nmethod  ] GC(451) NMethods: 649 registered, 135 unregistered
[339.798s][info][gc,metaspace] GC(451) Metaspace: 13M used, 14M committed, 1088M reserved
[339.798s][info][gc,ref      ] GC(451) Soft: 134 encountered, 0 discovered, 0 enqueued
[339.798s][info][gc,ref      ] GC(451) Weak: 717 encountered, 397 discovered, 0 enqueued
[339.798s][info][gc,ref      ] GC(451) Final: 0 encountered, 0 discovered, 0 enqueued
[339.798s][info][gc,ref      ] GC(451) Phantom: 59 encountered, 45 discovered, 0 enqueued
[339.798s][info][gc,reloc    ] GC(451) Small Pages: 603 / 1206M, Empty: 1110M, Relocated: 2M, In-Place: 0
[339.798s][info][gc,reloc    ] GC(451) Medium Pages: 0 / 0M, Empty: 0M, Relocated: 0M, In-Place: 0
[339.798s][info][gc,reloc    ] GC(451) Large Pages: 0 / 0M, Empty: 0M, Relocated: 0M, In-Place: 0
[339.798s][info][gc,reloc    ] GC(451) Forwarding Usage: 0M
[339.798s][info][gc,heap     ] GC(451) Min Capacity: 8M(0%)
[339.798s][info][gc,heap     ] GC(451) Max Capacity: 2048M(100%)
[339.798s][info][gc,heap     ] GC(451) Soft Max Capacity: 2048M(100%)
[339.798s][info][gc,heap     ] GC(451)                Mark Start          Mark End        Relocate Start      Relocate End           High               Low         
[339.798s][info][gc,heap     ] GC(451)  Capacity:     2048M (100%)       2048M (100%)       2048M (100%)       2048M (100%)       2048M (100%)       2048M (100%)   
[339.798s][info][gc,heap     ] GC(451)      Free:      842M (41%)         818M (40%)        1822M (89%)        1904M (93%)        1904M (93%)         718M (35%)    
[339.798s][info][gc,heap     ] GC(451)      Used:     1206M (59%)        1230M (60%)         226M (11%)         144M (7%)         1330M (65%)         144M (7%)     
[339.798s][info][gc,heap     ] GC(451)      Live:         -                 7M (0%)            7M (0%)            7M (0%)             -                  -          
[339.798s][info][gc,heap     ] GC(451) Allocated:         -                24M (1%)          130M (6%)          132M (6%)             -                  -          
[339.799s][info][gc,heap     ] GC(451)   Garbage:         -              1198M (59%)          88M (4%)            4M (0%)             -                  -          
[339.799s][info][gc,heap     ] GC(451) Reclaimed:         -                  -              1110M (54%)        1194M (58%)            -                  -          
[339.799s][info][gc          ] GC(451) Garbage Collection (Allocation Rate) 1206M(59%)->144M(7%)
[340.126s][info][gc,stats    ] === Garbage Collection Statistics =======================================================================================================================
[340.126s][info][gc,stats    ]                                                              Last 10s              Last 10m              Last 10h                Total
[340.126s][info][gc,stats    ]                                                              Avg / Max             Avg / Max             Avg / Max             Avg / Max
[340.126s][info][gc,stats    ]   Collector: Garbage Collection Cycle                    110.852 / 228.431      85.798 / 310.788      85.798 / 310.788      85.798 / 310.788     ms
[340.126s][info][gc,stats    ]  Contention: Mark Segment Reset Contention                     0 / 1                 0 / 11                0 / 11                0 / 11          ops/s
[340.126s][info][gc,stats    ]  Contention: Mark SeqNum Reset Contention                      0 / 0                 0 / 2                 0 / 2                 0 / 2           ops/s
[340.126s][info][gc,stats    ]    Critical: Allocation Stall                                  0 / 0                 0 / 45                0 / 45                0 / 45          ops/s
[340.126s][info][gc,stats    ]    Critical: Allocation Stall                              0.000 / 0.000        25.241 / 55.638       25.241 / 55.638       25.241 / 55.638      ms
[340.126s][info][gc,stats    ]    Critical: GC Locker Stall                                   0 / 0                 0 / 0                 0 / 0                 0 / 0           ops/s
[340.126s][info][gc,stats    ]    Critical: GC Locker Stall                               0.000 / 0.000         0.000 / 0.000         0.000 / 0.000         0.000 / 0.000       ms
[340.126s][info][gc,stats    ]    Critical: Relocation Stall                                  0 / 0                 0 / 0                 0 / 0                 0 / 0           ops/s
[340.126s][info][gc,stats    ]    Critical: Relocation Stall                              0.000 / 0.000         0.000 / 0.000         0.000 / 0.000         0.000 / 0.000       ms
[340.126s][info][gc,stats    ]      Memory: Allocation Rate                                1967 / 2396           1886 / 2478           1886 / 2478           1886 / 2478        MB/s
[340.126s][info][gc,stats    ]      Memory: Defragment                                        0 / 0                 0 / 0                 0 / 0                 0 / 0           ops/s
[340.126s][info][gc,stats    ]      Memory: Out Of Memory                                     0 / 0                 0 / 0                 0 / 0                 0 / 0           ops/s
[340.126s][info][gc,stats    ]      Memory: Page Cache Flush                                  0 / 0                 0 / 0                 0 / 0                 0 / 0           MB/s
[340.126s][info][gc,stats    ]      Memory: Page Cache Hit L1                               985 / 1199            943 / 1241            943 / 1241            943 / 1241        ops/s
[340.126s][info][gc,stats    ]      Memory: Page Cache Hit L2                                 0 / 0                 0 / 0                 0 / 0                 0 / 0           ops/s
[340.126s][info][gc,stats    ]      Memory: Page Cache Hit L3                                 0 / 0                 3 / 449               3 / 449               3 / 449         ops/s
[340.126s][info][gc,stats    ]      Memory: Page Cache Miss                                   0 / 0                 0 / 1                 0 / 1                 0 / 1           ops/s
[340.126s][info][gc,stats    ]      Memory: Uncommit                                          0 / 0                 0 / 0                 0 / 0                 0 / 0           MB/s
[340.127s][info][gc,stats    ]      Memory: Undo Object Allocation Failed                    40 / 130              24 / 222              24 / 222              24 / 222         ops/s
[340.127s][info][gc,stats    ]      Memory: Undo Object Allocation Succeeded                  2 / 4                 1 / 21                1 / 21                1 / 21          ops/s
[340.127s][info][gc,stats    ]      Memory: Undo Page Allocation                             83 / 111              67 / 221              67 / 221              67 / 221         ops/s
[340.127s][info][gc,stats    ]       Phase: Concurrent Mark                              15.225 / 24.279       15.549 / 212.397      15.549 / 212.397      15.549 / 212.397     ms
[340.127s][info][gc,stats    ]       Phase: Concurrent Mark Continue                      0.000 / 0.000         0.000 / 0.000         0.000 / 0.000         0.000 / 0.000       ms
[340.127s][info][gc,stats    ]       Phase: Concurrent Mark Free                          0.001 / 0.002         0.001 / 0.002         0.001 / 0.002         0.001 / 0.002       ms
[340.127s][info][gc,stats    ]       Phase: Concurrent Process Non-Strong References     79.074 / 104.181      57.540 / 259.891      57.540 / 259.891      57.540 / 259.891     ms
[340.127s][info][gc,stats    ]       Phase: Concurrent Relocate                           1.178 / 2.936         1.412 / 5.770         1.412 / 5.770         1.412 / 5.770       ms
[340.127s][info][gc,stats    ]       Phase: Concurrent Reset Relocation Set               0.006 / 0.008         0.006 / 0.011         0.006 / 0.011         0.006 / 0.011       ms
[340.127s][info][gc,stats    ]       Phase: Concurrent Select Relocation Set              4.215 / 4.879         4.337 / 14.014        4.337 / 14.014        4.337 / 14.014      ms
[340.127s][info][gc,stats    ]       Phase: Pause Mark End                                0.018 / 0.037         0.017 / 0.102         0.017 / 0.102         0.017 / 0.102       ms
[340.127s][info][gc,stats    ]       Phase: Pause Mark Start                              0.012 / 0.017         0.012 / 0.049         0.012 / 0.049         0.012 / 0.049       ms
[340.127s][info][gc,stats    ]       Phase: Pause Relocate Start                          0.008 / 0.010         0.008 / 0.020         0.008 / 0.020         0.008 / 0.020       ms
[340.127s][info][gc,stats    ]    Subphase: Concurrent Classes Purge                      0.006 / 0.013         0.033 / 5.454         0.033 / 5.454         0.033 / 5.454       ms
[340.127s][info][gc,stats    ]    Subphase: Concurrent Classes Unlink                     1.261 / 1.869         2.727 / 10.160        2.727 / 10.160        2.727 / 10.160      ms
[340.127s][info][gc,stats    ]    Subphase: Concurrent Mark                              11.778 / 22.538       10.553 / 211.109      10.553 / 211.109      10.553 / 211.109     ms
[340.127s][info][gc,stats    ]    Subphase: Concurrent Mark Try Flush                     0.086 / 0.182         0.601 / 193.285       0.601 / 193.285       0.601 / 193.285     ms
[340.127s][info][gc,stats    ]    Subphase: Concurrent Mark Try Terminate                 2.232 / 8.772         2.277 / 16.632        2.277 / 16.632        2.277 / 16.632      ms
[340.127s][info][gc,stats    ]    Subphase: Concurrent References Enqueue                 0.001 / 0.001         0.001 / 0.006         0.001 / 0.006         0.001 / 0.006       ms
[340.127s][info][gc,stats    ]    Subphase: Concurrent References Process                 0.103 / 0.148         0.104 / 0.206         0.104 / 0.206         0.104 / 0.206       ms
[340.127s][info][gc,stats    ]    Subphase: Concurrent Roots ClassLoaderDataGraph         0.141 / 0.465         0.115 / 1.252         0.115 / 1.252         0.115 / 1.252       ms
[340.127s][info][gc,stats    ]    Subphase: Concurrent Roots CodeCache                    0.000 / 0.000         0.000 / 0.000         0.000 / 0.000         0.000 / 0.000       ms
[340.127s][info][gc,stats    ]    Subphase: Concurrent Roots JavaThreads                  0.436 / 1.334         0.342 / 1.791         0.342 / 1.791         0.342 / 1.791       ms
[340.127s][info][gc,stats    ]    Subphase: Concurrent Roots OopStorageSet                0.046 / 0.094         0.045 / 0.778         0.045 / 0.778         0.045 / 0.778       ms
[340.127s][info][gc,stats    ]    Subphase: Concurrent Weak Roots OopStorageSet          49.392 / 102.529      25.921 / 105.308      25.921 / 105.308      25.921 / 105.308     ms
[340.127s][info][gc,stats    ]    Subphase: Pause Mark Try Complete                       0.002 / 0.003         0.002 / 0.006         0.002 / 0.006         0.002 / 0.006       ms
[340.127s][info][gc,stats    ]      System: Java Threads                                     51 / 60               55 / 73               55 / 73               55 / 73          threads
[340.127s][info][gc,stats    ] =========================================================================================================================================================
[340.324s][info][gc,start    ] GC(452) Garbage Collection (Allocation Rate)
[340.324s][info][gc,task     ] GC(452) Using 1 workers
[340.325s][info][gc,phases   ] GC(452) Pause Mark Start 0.014ms
[340.338s][info][gc,phases   ] GC(452) Concurrent Mark 13.330ms
[340.338s][info][gc,phases   ] GC(452) Pause Mark End 0.015ms
[340.338s][info][gc,phases   ] GC(452) Concurrent Mark Free 0.001ms
[340.433s][info][gc,phases   ] GC(452) Concurrent Process Non-Strong References 94.123ms
[340.433s][info][gc,phases   ] GC(452) Concurrent Reset Relocation Set 0.004ms
[340.436s][info][gc,phases   ] GC(452) Concurrent Select Relocation Set 3.577ms
[340.436s][info][gc,phases   ] GC(452) Pause Relocate Start 0.009ms
[340.438s][info][gc,phases   ] GC(452) Concurrent Relocate 1.457ms
[340.438s][info][gc,load     ] GC(452) Load: 0.00/0.00/0.00
[340.438s][info][gc,mmu      ] GC(452) MMU: 2ms/94.9%, 5ms/98.0%, 10ms/99.0%, 20ms/99.4%, 50ms/99.8%, 100ms/99.9%
[340.438s][info][gc,marking  ] GC(452) Mark: 1 stripe(s), 2 proactive flush(es), 1 terminate flush(es), 0 completion(s), 0 continuation(s) 
[340.438s][info][gc,marking  ] GC(452) Mark Stack Usage: 32M
[340.438s][info][gc,nmethod  ] GC(452) NMethods: 649 registered, 135 unregistered
[340.438s][info][gc,metaspace] GC(452) Metaspace: 13M used, 14M committed, 1088M reserved
[340.438s][info][gc,ref      ] GC(452) Soft: 134 encountered, 0 discovered, 0 enqueued
[340.438s][info][gc,ref      ] GC(452) Weak: 717 encountered, 453 discovered, 0 enqueued
[340.438s][info][gc,ref      ] GC(452) Final: 0 encountered, 0 discovered, 0 enqueued
[340.438s][info][gc,ref      ] GC(452) Phantom: 59 encountered, 41 discovered, 0 enqueued
[340.438s][info][gc,reloc    ] GC(452) Small Pages: 583 / 1166M, Empty: 1076M, Relocated: 2M, In-Place: 0
[340.438s][info][gc,reloc    ] GC(452) Medium Pages: 0 / 0M, Empty: 0M, Relocated: 0M, In-Place: 0
[340.438s][info][gc,reloc    ] GC(452) Large Pages: 0 / 0M, Empty: 0M, Relocated: 0M, In-Place: 0
[340.438s][info][gc,reloc    ] GC(452) Forwarding Usage: 0M
[340.438s][info][gc,heap     ] GC(452) Min Capacity: 8M(0%)
[340.438s][info][gc,heap     ] GC(452) Max Capacity: 2048M(100%)
[340.438s][info][gc,heap     ] GC(452) Soft Max Capacity: 2048M(100%)
[340.438s][info][gc,heap     ] GC(452)                Mark Start          Mark End        Relocate Start      Relocate End           High               Low         
[340.438s][info][gc,heap     ] GC(452)  Capacity:     2048M (100%)       2048M (100%)       2048M (100%)       2048M (100%)       2048M (100%)       2048M (100%)   
[340.438s][info][gc,heap     ] GC(452)      Free:      882M (43%)         848M (41%)        1738M (85%)        1816M (89%)        1816M (89%)         670M (33%)    
[340.438s][info][gc,heap     ] GC(452)      Used:     1166M (57%)        1200M (59%)         310M (15%)         232M (11%)        1378M (67%)         232M (11%)    
[340.438s][info][gc,heap     ] GC(452)      Live:         -                 7M (0%)            7M (0%)            7M (0%)             -                  -          
[340.438s][info][gc,heap     ] GC(452) Allocated:         -                34M (2%)          220M (11%)         222M (11%)            -                  -          
[340.438s][info][gc,heap     ] GC(452)   Garbage:         -              1158M (57%)          82M (4%)            2M (0%)             -                  -          
[340.438s][info][gc,heap     ] GC(452) Reclaimed:         -                  -              1076M (53%)        1156M (56%)            -                  -          
[340.438s][info][gc          ] GC(452) Garbage Collection (Allocation Rate) 1166M(57%)->232M(11%)
[341.225s][info][gc,start    ] GC(453) Garbage Collection (Allocation Rate)
[341.225s][info][gc,task     ] GC(453) Using 1 workers
[341.225s][info][gc,phases   ] GC(453) Pause Mark Start 0.009ms
[341.239s][info][gc,phases   ] GC(453) Concurrent Mark 13.129ms
[341.239s][info][gc,phases   ] GC(453) Pause Mark End 0.015ms
[341.239s][info][gc,phases   ] GC(453) Concurrent Mark Free 0.001ms
[341.317s][info][gc,phases   ] GC(453) Concurrent Process Non-Strong References 78.023ms
[341.317s][info][gc,phases   ] GC(453) Concurrent Reset Relocation Set 0.007ms
[341.322s][info][gc,phases   ] GC(453) Concurrent Select Relocation Set 4.802ms
[341.322s][info][gc,phases   ] GC(453) Pause Relocate Start 0.007ms
[341.323s][info][gc,phases   ] GC(453) Concurrent Relocate 0.526ms
[341.323s][info][gc,load     ] GC(453) Load: 0.00/0.00/0.00
[341.323s][info][gc,mmu      ] GC(453) MMU: 2ms/94.9%, 5ms/98.0%, 10ms/99.0%, 20ms/99.4%, 50ms/99.8%, 100ms/99.9%
[341.323s][info][gc,marking  ] GC(453) Mark: 1 stripe(s), 2 proactive flush(es), 1 terminate flush(es), 0 completion(s), 0 continuation(s) 
[341.323s][info][gc,marking  ] GC(453) Mark Stack Usage: 32M
[341.323s][info][gc,nmethod  ] GC(453) NMethods: 649 registered, 135 unregistered
[341.323s][info][gc,metaspace] GC(453) Metaspace: 13M used, 14M committed, 1088M reserved
[341.323s][info][gc,ref      ] GC(453) Soft: 134 encountered, 0 discovered, 0 enqueued
[341.323s][info][gc,ref      ] GC(453) Weak: 717 encountered, 453 discovered, 0 enqueued
[341.323s][info][gc,ref      ] GC(453) Final: 0 encountered, 0 discovered, 0 enqueued
[341.323s][info][gc,ref      ] GC(453) Phantom: 59 encountered, 41 discovered, 0 enqueued
[341.323s][info][gc,reloc    ] GC(453) Small Pages: 637 / 1274M, Empty: 1162M, Relocated: 1M, In-Place: 0
[341.323s][info][gc,reloc    ] GC(453) Medium Pages: 0 / 0M, Empty: 0M, Relocated: 0M, In-Place: 0
[341.323s][info][gc,reloc    ] GC(453) Large Pages: 0 / 0M, Empty: 0M, Relocated: 0M, In-Place: 0
[341.323s][info][gc,reloc    ] GC(453) Forwarding Usage: 0M
[341.323s][info][gc,heap     ] GC(453) Min Capacity: 8M(0%)
[341.323s][info][gc,heap     ] GC(453) Max Capacity: 2048M(100%)
[341.323s][info][gc,heap     ] GC(453) Soft Max Capacity: 2048M(100%)
[341.323s][info][gc,heap     ] GC(453)                Mark Start          Mark End        Relocate Start      Relocate End           High               Low         
[341.323s][info][gc,heap     ] GC(453)  Capacity:     2048M (100%)       2048M (100%)       2048M (100%)       2048M (100%)       2048M (100%)       2048M (100%)   
[341.323s][info][gc,heap     ] GC(453)      Free:      774M (38%)         748M (37%)        1808M (88%)        1908M (93%)        1908M (93%)         654M (32%)    
[341.323s][info][gc,heap     ] GC(453)      Used:     1274M (62%)        1300M (63%)         240M (12%)         140M (7%)         1394M (68%)         140M (7%)     
[341.323s][info][gc,heap     ] GC(453)      Live:         -                 7M (0%)            7M (0%)            7M (0%)             -                  -          
[341.323s][info][gc,heap     ] GC(453) Allocated:         -                26M (1%)          128M (6%)          128M (6%)             -                  -          
[341.323s][info][gc,heap     ] GC(453)   Garbage:         -              1266M (62%)         104M (5%)            4M (0%)             -                  -          
[341.323s][info][gc,heap     ] GC(453) Reclaimed:         -                  -              1162M (57%)        1262M (62%)            -                  -          
[341.323s][info][gc          ] GC(453) Garbage Collection (Allocation Rate) 1274M(62%)->140M(7%)
[342.025s][info][gc,start    ] GC(454) Garbage Collection (Allocation Rate)
[342.025s][info][gc,task     ] GC(454) Using 1 workers
[342.025s][info][gc,phases   ] GC(454) Pause Mark Start 0.010ms
[342.038s][info][gc,phases   ] GC(454) Concurrent Mark 12.891ms
[342.038s][info][gc,phases   ] GC(454) Pause Mark End 0.015ms
[342.038s][info][gc,phases   ] GC(454) Concurrent Mark Free 0.001ms
[342.131s][info][gc,phases   ] GC(454) Concurrent Process Non-Strong References 92.585ms
[342.131s][info][gc,phases   ] GC(454) Concurrent Reset Relocation Set 0.007ms
[342.136s][info][gc,phases   ] GC(454) Concurrent Select Relocation Set 4.703ms
[342.136s][info][gc,phases   ] GC(454) Pause Relocate Start 0.008ms
[342.140s][info][gc,phases   ] GC(454) Concurrent Relocate 4.355ms
[342.140s][info][gc,load     ] GC(454) Load: 0.00/0.00/0.00
[342.140s][info][gc,mmu      ] GC(454) MMU: 2ms/94.9%, 5ms/98.0%, 10ms/99.0%, 20ms/99.4%, 50ms/99.8%, 100ms/99.9%
[342.141s][info][gc,marking  ] GC(454) Mark: 1 stripe(s), 2 proactive flush(es), 1 terminate flush(es), 0 completion(s), 0 continuation(s) 
[342.141s][info][gc,marking  ] GC(454) Mark Stack Usage: 32M
[342.141s][info][gc,nmethod  ] GC(454) NMethods: 649 registered, 135 unregistered
[342.141s][info][gc,metaspace] GC(454) Metaspace: 13M used, 14M committed, 1088M reserved
[342.141s][info][gc,ref      ] GC(454) Soft: 134 encountered, 0 discovered, 0 enqueued
[342.141s][info][gc,ref      ] GC(454) Weak: 717 encountered, 453 discovered, 0 enqueued
[342.141s][info][gc,ref      ] GC(454) Final: 0 encountered, 0 discovered, 0 enqueued
[342.141s][info][gc,ref      ] GC(454) Phantom: 59 encountered, 41 discovered, 0 enqueued
[342.141s][info][gc,reloc    ] GC(454) Small Pages: 766 / 1532M, Empty: 1420M, Relocated: 1M, In-Place: 0
[342.141s][info][gc,reloc    ] GC(454) Medium Pages: 0 / 0M, Empty: 0M, Relocated: 0M, In-Place: 0
[342.141s][info][gc,reloc    ] GC(454) Large Pages: 0 / 0M, Empty: 0M, Relocated: 0M, In-Place: 0
[342.141s][info][gc,reloc    ] GC(454) Forwarding Usage: 0M
[342.141s][info][gc,heap     ] GC(454) Min Capacity: 8M(0%)
[342.141s][info][gc,heap     ] GC(454) Max Capacity: 2048M(100%)
[342.141s][info][gc,heap     ] GC(454) Soft Max Capacity: 2048M(100%)
[342.141s][info][gc,heap     ] GC(454)                Mark Start          Mark End        Relocate Start      Relocate End           High               Low         
[342.141s][info][gc,heap     ] GC(454)  Capacity:     2048M (100%)       2048M (100%)       2048M (100%)       2048M (100%)       2048M (100%)       2048M (100%)   
[342.141s][info][gc,heap     ] GC(454)      Free:      516M (25%)         484M (24%)        1710M (83%)        1804M (88%)        1810M (88%)         300M (15%)    
[342.141s][info][gc,heap     ] GC(454)      Used:     1532M (75%)        1564M (76%)         338M (17%)         244M (12%)        1748M (85%)         238M (12%)    
[342.141s][info][gc,heap     ] GC(454)      Live:         -                 7M (0%)            7M (0%)            7M (0%)             -                  -          
[342.141s][info][gc,heap     ] GC(454) Allocated:         -                32M (2%)          226M (11%)         233M (11%)            -                  -          
[342.141s][info][gc,heap     ] GC(454)   Garbage:         -              1524M (74%)         104M (5%)            2M (0%)             -                  -          
[342.141s][info][gc,heap     ] GC(454) Reclaimed:         -                  -              1420M (69%)        1521M (74%)            -                  -          
[342.141s][info][gc          ] GC(454) Garbage Collection (Allocation Rate) 1532M(75%)->244M(12%)
[342.724s][info][gc,start    ] GC(455) Garbage Collection (Allocation Rate)
[342.724s][info][gc,task     ] GC(455) Using 1 workers
[342.724s][info][gc,phases   ] GC(455) Pause Mark Start 0.010ms
[342.742s][info][gc,phases   ] GC(455) Concurrent Mark 17.816ms
[342.742s][info][gc,phases   ] GC(455) Pause Mark End 0.013ms
[342.742s][info][gc,phases   ] GC(455) Concurrent Mark Free 0.001ms
[342.834s][info][gc,phases   ] GC(455) Concurrent Process Non-Strong References 91.385ms
[342.834s][info][gc,phases   ] GC(455) Concurrent Reset Relocation Set 0.007ms
[342.839s][info][gc,phases   ] GC(455) Concurrent Select Relocation Set 5.052ms
[342.839s][info][gc,phases   ] GC(455) Pause Relocate Start 0.008ms
[342.841s][info][gc,phases   ] GC(455) Concurrent Relocate 1.521ms
[342.841s][info][gc,load     ] GC(455) Load: 0.00/0.00/0.00
[342.841s][info][gc,mmu      ] GC(455) MMU: 2ms/94.9%, 5ms/98.0%, 10ms/99.0%, 20ms/99.4%, 50ms/99.8%, 100ms/99.9%
[342.841s][info][gc,marking  ] GC(455) Mark: 1 stripe(s), 2 proactive flush(es), 1 terminate flush(es), 0 completion(s), 0 continuation(s) 
[342.841s][info][gc,marking  ] GC(455) Mark Stack Usage: 32M
[342.841s][info][gc,nmethod  ] GC(455) NMethods: 649 registered, 135 unregistered
[342.841s][info][gc,metaspace] GC(455) Metaspace: 13M used, 14M committed, 1088M reserved
[342.841s][info][gc,ref      ] GC(455) Soft: 134 encountered, 0 discovered, 0 enqueued
[342.841s][info][gc,ref      ] GC(455) Weak: 717 encountered, 453 discovered, 0 enqueued
[342.841s][info][gc,ref      ] GC(455) Final: 0 encountered, 0 discovered, 0 enqueued
[342.841s][info][gc,ref      ] GC(455) Phantom: 59 encountered, 41 discovered, 0 enqueued
[342.841s][info][gc,reloc    ] GC(455) Small Pages: 706 / 1412M, Empty: 1314M, Relocated: 1M, In-Place: 0
[342.841s][info][gc,reloc    ] GC(455) Medium Pages: 0 / 0M, Empty: 0M, Relocated: 0M, In-Place: 0
[342.841s][info][gc,reloc    ] GC(455) Large Pages: 0 / 0M, Empty: 0M, Relocated: 0M, In-Place: 0
[342.841s][info][gc,reloc    ] GC(455) Forwarding Usage: 0M
[342.841s][info][gc,heap     ] GC(455) Min Capacity: 8M(0%)
[342.841s][info][gc,heap     ] GC(455) Max Capacity: 2048M(100%)
[342.841s][info][gc,heap     ] GC(455) Soft Max Capacity: 2048M(100%)
[342.841s][info][gc,heap     ] GC(455)                Mark Start          Mark End        Relocate Start      Relocate End           High               Low         
[342.841s][info][gc,heap     ] GC(455)  Capacity:     2048M (100%)       2048M (100%)       2048M (100%)       2048M (100%)       2048M (100%)       2048M (100%)   
[342.841s][info][gc,heap     ] GC(455)      Free:      636M (31%)         594M (29%)        1718M (84%)        1804M (88%)        1804M (88%)         414M (20%)    
[342.841s][info][gc,heap     ] GC(455)      Used:     1412M (69%)        1454M (71%)         330M (16%)         244M (12%)        1634M (80%)         244M (12%)    
[342.841s][info][gc,heap     ] GC(455)      Live:         -                 7M (0%)            7M (0%)            7M (0%)             -                  -          
[342.841s][info][gc,heap     ] GC(455) Allocated:         -                42M (2%)          232M (11%)         233M (11%)            -                  -          
[342.841s][info][gc,heap     ] GC(455)   Garbage:         -              1404M (69%)          90M (4%)            2M (0%)             -                  -          
[342.841s][info][gc,heap     ] GC(455) Reclaimed:         -                  -              1314M (64%)        1401M (68%)            -                  -          
[342.841s][info][gc          ] GC(455) Garbage Collection (Allocation Rate) 1412M(69%)->244M(12%)
[343.525s][info][gc,start    ] GC(456) Garbage Collection (Allocation Rate)
[343.525s][info][gc,task     ] GC(456) Using 1 workers
[343.650s][info][gc,phases   ] GC(456) Pause Mark Start 0.017ms
[343.677s][info][gc,phases   ] GC(456) Concurrent Mark 25.924ms
[343.677s][info][gc,phases   ] GC(456) Pause Mark End 0.043ms
[343.677s][info][gc,phases   ] GC(456) Concurrent Mark Free 0.001ms
[343.777s][info][gc,phases   ] GC(456) Concurrent Process Non-Strong References 100.281ms
[343.777s][info][gc,phases   ] GC(456) Concurrent Reset Relocation Set 0.006ms
[343.781s][info][gc,phases   ] GC(456) Concurrent Select Relocation Set 3.693ms
[343.781s][info][gc,phases   ] GC(456) Pause Relocate Start 0.007ms
[343.783s][info][gc,phases   ] GC(456) Concurrent Relocate 1.414ms
[343.783s][info][gc,load     ] GC(456) Load: 0.00/0.00/0.00
[343.783s][info][gc,mmu      ] GC(456) MMU: 2ms/94.9%, 5ms/98.0%, 10ms/99.0%, 20ms/99.4%, 50ms/99.8%, 100ms/99.9%
[343.783s][info][gc,marking  ] GC(456) Mark: 1 stripe(s), 2 proactive flush(es), 1 terminate flush(es), 1 completion(s), 0 continuation(s) 
[343.783s][info][gc,marking  ] GC(456) Mark Stack Usage: 32M
[343.783s][info][gc,nmethod  ] GC(456) NMethods: 649 registered, 135 unregistered
[343.783s][info][gc,metaspace] GC(456) Metaspace: 13M used, 14M committed, 1088M reserved
[343.783s][info][gc,ref      ] GC(456) Soft: 134 encountered, 0 discovered, 0 enqueued
[343.783s][info][gc,ref      ] GC(456) Weak: 717 encountered, 453 discovered, 0 enqueued
[343.783s][info][gc,ref      ] GC(456) Final: 0 encountered, 0 discovered, 0 enqueued
[343.783s][info][gc,ref      ] GC(456) Phantom: 59 encountered, 41 discovered, 0 enqueued
[343.783s][info][gc,reloc    ] GC(456) Small Pages: 804 / 1608M, Empty: 1496M, Relocated: 1M, In-Place: 0
[343.783s][info][gc,reloc    ] GC(456) Medium Pages: 0 / 0M, Empty: 0M, Relocated: 0M, In-Place: 0
[343.783s][info][gc,reloc    ] GC(456) Large Pages: 0 / 0M, Empty: 0M, Relocated: 0M, In-Place: 0
[343.783s][info][gc,reloc    ] GC(456) Forwarding Usage: 0M
[343.783s][info][gc,heap     ] GC(456) Min Capacity: 8M(0%)
[343.783s][info][gc,heap     ] GC(456) Max Capacity: 2048M(100%)
[343.783s][info][gc,heap     ] GC(456) Soft Max Capacity: 2048M(100%)
[343.783s][info][gc,heap     ] GC(456)                Mark Start          Mark End        Relocate Start      Relocate End           High               Low         
[343.783s][info][gc,heap     ] GC(456)  Capacity:     2048M (100%)       2048M (100%)       2048M (100%)       2048M (100%)       2048M (100%)       2048M (100%)   
[343.783s][info][gc,heap     ] GC(456)      Free:      440M (21%)         394M (19%)        1690M (83%)        1790M (87%)        1790M (87%)         202M (10%)    
[343.783s][info][gc,heap     ] GC(456)      Used:     1608M (79%)        1654M (81%)         358M (17%)         258M (13%)        1846M (90%)         258M (13%)    
[343.783s][info][gc,heap     ] GC(456)      Live:         -                 7M (0%)            7M (0%)            7M (0%)             -                  -          
[343.783s][info][gc,heap     ] GC(456) Allocated:         -                46M (2%)          246M (12%)         247M (12%)            -                  -          
[343.783s][info][gc,heap     ] GC(456)   Garbage:         -              1600M (78%)         104M (5%)            2M (0%)             -                  -          
[343.783s][info][gc,heap     ] GC(456) Reclaimed:         -                  -              1496M (73%)        1597M (78%)            -                  -          
[343.783s][info][gc          ] GC(456) Garbage Collection (Allocation Rate) 1608M(79%)->258M(13%)
[344.025s][info][gc,start    ] GC(457) Garbage Collection (Allocation Rate)
[344.025s][info][gc,task     ] GC(457) Using 1 workers
[344.025s][info][gc,phases   ] GC(457) Pause Mark Start 0.010ms
[344.040s][info][gc,phases   ] GC(457) Concurrent Mark 15.025ms
[344.040s][info][gc,phases   ] GC(457) Pause Mark End 0.014ms
[344.040s][info][gc,phases   ] GC(457) Concurrent Mark Free 0.001ms
[344.124s][info][gc,phases   ] GC(457) Concurrent Process Non-Strong References 83.520ms
[344.124s][info][gc,phases   ] GC(457) Concurrent Reset Relocation Set 0.007ms
[344.127s][info][gc,phases   ] GC(457) Concurrent Select Relocation Set 3.339ms
[344.127s][info][gc,phases   ] GC(457) Pause Relocate Start 0.008ms
[344.129s][info][gc,phases   ] GC(457) Concurrent Relocate 1.895ms
[344.129s][info][gc,load     ] GC(457) Load: 0.00/0.00/0.00
[344.129s][info][gc,mmu      ] GC(457) MMU: 2ms/94.9%, 5ms/98.0%, 10ms/99.0%, 20ms/99.4%, 50ms/99.8%, 100ms/99.9%
[344.129s][info][gc,marking  ] GC(457) Mark: 1 stripe(s), 2 proactive flush(es), 1 terminate flush(es), 0 completion(s), 0 continuation(s) 
[344.129s][info][gc,marking  ] GC(457) Mark Stack Usage: 32M
[344.129s][info][gc,nmethod  ] GC(457) NMethods: 649 registered, 135 unregistered
[344.129s][info][gc,metaspace] GC(457) Metaspace: 13M used, 14M committed, 1088M reserved
[344.129s][info][gc,ref      ] GC(457) Soft: 134 encountered, 0 discovered, 0 enqueued
[344.129s][info][gc,ref      ] GC(457) Weak: 717 encountered, 453 discovered, 0 enqueued
[344.129s][info][gc,ref      ] GC(457) Final: 0 encountered, 0 discovered, 0 enqueued
[344.129s][info][gc,ref      ] GC(457) Phantom: 59 encountered, 41 discovered, 0 enqueued
[344.129s][info][gc,reloc    ] GC(457) Small Pages: 349 / 698M, Empty: 628M, Relocated: 1M, In-Place: 0
[344.129s][info][gc,reloc    ] GC(457) Medium Pages: 0 / 0M, Empty: 0M, Relocated: 0M, In-Place: 0
[344.129s][info][gc,reloc    ] GC(457) Large Pages: 0 / 0M, Empty: 0M, Relocated: 0M, In-Place: 0
[344.129s][info][gc,reloc    ] GC(457) Forwarding Usage: 0M
[344.129s][info][gc,heap     ] GC(457) Min Capacity: 8M(0%)
[344.129s][info][gc,heap     ] GC(457) Max Capacity: 2048M(100%)
[344.130s][info][gc,heap     ] GC(457) Soft Max Capacity: 2048M(100%)
[344.130s][info][gc,heap     ] GC(457)                Mark Start          Mark End        Relocate Start      Relocate End           High               Low         
[344.130s][info][gc,heap     ] GC(457)  Capacity:     2048M (100%)       2048M (100%)       2048M (100%)       2048M (100%)       2048M (100%)       2048M (100%)   
[344.130s][info][gc,heap     ] GC(457)      Free:     1350M (66%)        1312M (64%)        1774M (87%)        1832M (89%)        1832M (89%)        1152M (56%)    
[344.130s][info][gc,heap     ] GC(457)      Used:      698M (34%)         736M (36%)         274M (13%)         216M (11%)         896M (44%)         216M (11%)    
[344.130s][info][gc,heap     ] GC(457)      Live:         -                 8M (0%)            8M (0%)            8M (0%)             -                  -          
[344.130s][info][gc,heap     ] GC(457) Allocated:         -                38M (2%)          204M (10%)         205M (10%)            -                  -          
[344.130s][info][gc,heap     ] GC(457)   Garbage:         -               689M (34%)          61M (3%)            1M (0%)             -                  -          
[344.130s][info][gc,heap     ] GC(457) Reclaimed:         -                  -               628M (31%)         687M (34%)            -                  -          
[344.130s][info][gc          ] GC(457) Garbage Collection (Allocation Rate) 698M(34%)->216M(11%)
[344.625s][info][gc,start    ] GC(458) Garbage Collection (Allocation Rate)
[344.625s][info][gc,task     ] GC(458) Using 1 workers
[344.625s][info][gc,phases   ] GC(458) Pause Mark Start 0.012ms
[344.641s][info][gc,phases   ] GC(458) Concurrent Mark 15.522ms
[344.641s][info][gc,phases   ] GC(458) Pause Mark End 0.016ms
[344.641s][info][gc,phases   ] GC(458) Concurrent Mark Free 0.001ms
[344.734s][info][gc,phases   ] GC(458) Concurrent Process Non-Strong References 92.622ms
[344.734s][info][gc,phases   ] GC(458) Concurrent Reset Relocation Set 0.005ms
[344.737s][info][gc,phases   ] GC(458) Concurrent Select Relocation Set 3.337ms
[344.737s][info][gc,phases   ] GC(458) Pause Relocate Start 0.007ms
[344.737s][info][gc,phases   ] GC(458) Concurrent Relocate 0.242ms
[344.737s][info][gc,load     ] GC(458) Load: 0.00/0.00/0.00
[344.737s][info][gc,mmu      ] GC(458) MMU: 2ms/94.9%, 5ms/98.0%, 10ms/99.0%, 20ms/99.4%, 50ms/99.8%, 100ms/99.9%
[344.737s][info][gc,marking  ] GC(458) Mark: 1 stripe(s), 2 proactive flush(es), 1 terminate flush(es), 0 completion(s), 0 continuation(s) 
[344.738s][info][gc,marking  ] GC(458) Mark Stack Usage: 32M
[344.738s][info][gc,nmethod  ] GC(458) NMethods: 649 registered, 135 unregistered
[344.738s][info][gc,metaspace] GC(458) Metaspace: 13M used, 14M committed, 1088M reserved
[344.738s][info][gc,ref      ] GC(458) Soft: 134 encountered, 0 discovered, 0 enqueued
[344.738s][info][gc,ref      ] GC(458) Weak: 717 encountered, 453 discovered, 0 enqueued
[344.738s][info][gc,ref      ] GC(458) Final: 0 encountered, 0 discovered, 0 enqueued
[344.738s][info][gc,ref      ] GC(458) Phantom: 59 encountered, 41 discovered, 0 enqueued
[344.738s][info][gc,reloc    ] GC(458) Small Pages: 594 / 1188M, Empty: 1100M, Relocated: 0M, In-Place: 0
[344.738s][info][gc,reloc    ] GC(458) Medium Pages: 0 / 0M, Empty: 0M, Relocated: 0M, In-Place: 0
[344.738s][info][gc,reloc    ] GC(458) Large Pages: 0 / 0M, Empty: 0M, Relocated: 0M, In-Place: 0
[344.738s][info][gc,reloc    ] GC(458) Forwarding Usage: 0M
[344.738s][info][gc,heap     ] GC(458) Min Capacity: 8M(0%)
[344.738s][info][gc,heap     ] GC(458) Max Capacity: 2048M(100%)
[344.738s][info][gc,heap     ] GC(458) Soft Max Capacity: 2048M(100%)
[344.738s][info][gc,heap     ] GC(458)                Mark Start          Mark End        Relocate Start      Relocate End           High               Low         
[344.738s][info][gc,heap     ] GC(458)  Capacity:     2048M (100%)       2048M (100%)       2048M (100%)       2048M (100%)       2048M (100%)       2048M (100%)   
[344.738s][info][gc,heap     ] GC(458)      Free:      860M (42%)         822M (40%)        1730M (84%)        1804M (88%)        1804M (88%)         636M (31%)    
[344.738s][info][gc,heap     ] GC(458)      Used:     1188M (58%)        1226M (60%)         318M (16%)         244M (12%)        1412M (69%)         244M (12%)    
[344.738s][info][gc,heap     ] GC(458)      Live:         -                 8M (0%)            8M (0%)            8M (0%)             -                  -          
[344.738s][info][gc,heap     ] GC(458) Allocated:         -                38M (2%)          230M (11%)         231M (11%)            -                  -          
[344.738s][info][gc,heap     ] GC(458)   Garbage:         -              1179M (58%)          79M (4%)            3M (0%)             -                  -          
[344.738s][info][gc,heap     ] GC(458) Reclaimed:         -                  -              1100M (54%)        1175M (57%)            -                  -          
[344.738s][info][gc          ] GC(458) Garbage Collection (Allocation Rate) 1188M(58%)->244M(12%)
[345.225s][info][gc,start    ] GC(459) Garbage Collection (Allocation Rate)
[345.225s][info][gc,task     ] GC(459) Using 1 workers
[345.226s][info][gc,phases   ] GC(459) Pause Mark Start 0.012ms
[345.240s][info][gc,phases   ] GC(459) Concurrent Mark 14.182ms
[345.240s][info][gc,phases   ] GC(459) Pause Mark End 0.014ms
[345.240s][info][gc,phases   ] GC(459) Concurrent Mark Free 0.002ms
[345.328s][info][gc,phases   ] GC(459) Concurrent Process Non-Strong References 87.761ms
[345.328s][info][gc,phases   ] GC(459) Concurrent Reset Relocation Set 0.005ms
[345.333s][info][gc,phases   ] GC(459) Concurrent Select Relocation Set 4.651ms
[345.333s][info][gc,phases   ] GC(459) Pause Relocate Start 0.008ms
[345.333s][info][gc,phases   ] GC(459) Concurrent Relocate 0.245ms
[345.333s][info][gc,load     ] GC(459) Load: 0.00/0.00/0.00
[345.333s][info][gc,mmu      ] GC(459) MMU: 2ms/94.9%, 5ms/98.0%, 10ms/99.0%, 20ms/99.4%, 50ms/99.8%, 100ms/99.9%
[345.333s][info][gc,marking  ] GC(459) Mark: 1 stripe(s), 2 proactive flush(es), 1 terminate flush(es), 0 completion(s), 0 continuation(s) 
[345.333s][info][gc,marking  ] GC(459) Mark Stack Usage: 32M
[345.333s][info][gc,nmethod  ] GC(459) NMethods: 649 registered, 135 unregistered
[345.333s][info][gc,metaspace] GC(459) Metaspace: 13M used, 14M committed, 1088M reserved
[345.333s][info][gc,ref      ] GC(459) Soft: 134 encountered, 0 discovered, 0 enqueued
[345.333s][info][gc,ref      ] GC(459) Weak: 717 encountered, 453 discovered, 0 enqueued
[345.333s][info][gc,ref      ] GC(459) Final: 0 encountered, 0 discovered, 0 enqueued
[345.333s][info][gc,ref      ] GC(459) Phantom: 59 encountered, 41 discovered, 0 enqueued
[345.333s][info][gc,reloc    ] GC(459) Small Pages: 603 / 1206M, Empty: 1116M, Relocated: 0M, In-Place: 0
[345.333s][info][gc,reloc    ] GC(459) Medium Pages: 0 / 0M, Empty: 0M, Relocated: 0M, In-Place: 0
[345.333s][info][gc,reloc    ] GC(459) Large Pages: 0 / 0M, Empty: 0M, Relocated: 0M, In-Place: 0
[345.333s][info][gc,reloc    ] GC(459) Forwarding Usage: 0M
[345.333s][info][gc,heap     ] GC(459) Min Capacity: 8M(0%)
[345.333s][info][gc,heap     ] GC(459) Max Capacity: 2048M(100%)
[345.333s][info][gc,heap     ] GC(459) Soft Max Capacity: 2048M(100%)
[345.333s][info][gc,heap     ] GC(459)                Mark Start          Mark End        Relocate Start      Relocate End           High               Low         
[345.333s][info][gc,heap     ] GC(459)  Capacity:     2048M (100%)       2048M (100%)       2048M (100%)       2048M (100%)       2048M (100%)       2048M (100%)   
[345.334s][info][gc,heap     ] GC(459)      Free:      842M (41%)         806M (39%)        1740M (85%)        1818M (89%)        1818M (89%)         632M (31%)    
[345.334s][info][gc,heap     ] GC(459)      Used:     1206M (59%)        1242M (61%)         308M (15%)         230M (11%)        1416M (69%)         230M (11%)    
