[0.017s][info][gc,init] Initializing The Z Garbage Collector
[0.018s][info][gc,init] Version: 20+36-2344 (release)
[0.018s][info][gc,init] NUMA Support: Disabled
[0.018s][info][gc,init] CPUs: 48 total, 48 available
[0.018s][info][gc,init] Memory: 391843M
[0.018s][info][gc,init] Large Page Support: Disabled
[0.018s][info][gc,init] GC Workers: 12 (dynamic)
[0.020s][info][gc,init] Address Space Type: Contiguous/Unrestricted/Complete
[0.020s][info][gc,init] Address Space Size: 65536M x 3 = 196608M
[0.020s][info][gc,init] Min Capacity: 8M
[0.020s][info][gc,init] Initial Capacity: 2048M
[0.026s][info][gc,init] Max Capacity: 4096M
[0.026s][info][gc,init] Medium Page Size: 32M
[0.026s][info][gc,init] Pre-touch: Disabled
[0.026s][info][gc,init] Uncommit: Enabled
[0.027s][info][gc,init] Uncommit Delay: 300s
[0.103s][info][gc,init] Runtime Workers: 29
[0.105s][info][gc     ] Using The Z Garbage Collector
[0.106s][info][gc,metaspace] CDS archive(s) mapped at: [0x0000000800000000-0x0000000800c60000-0x0000000800c60000), size 12976128, SharedBaseAddress: 0x0000000800000000, ArchiveRelocationMode: 0.
[0.106s][info][gc,metaspace] Compressed class space mapped at: 0x0000000801000000-0x0000000841000000, reserved size: 1073741824
[0.106s][info][gc,metaspace] Narrow klass base: 0x0000000800000000, Narrow klass shift: 0, Narrow klass range: 0x100000000
[1.086s][info][gc,start    ] GC(0) Garbage Collection (System.gc())
[1.086s][info][gc,task     ] GC(0) Using 12 workers
[1.086s][info][gc,phases   ] GC(0) Pause Mark Start 0.016ms
[1.099s][info][gc,phases   ] GC(0) Concurrent Mark 12.131ms
[1.099s][info][gc,phases   ] GC(0) Pause Mark End 0.030ms
[1.099s][info][gc,phases   ] GC(0) Concurrent Mark Free 0.001ms
[1.100s][info][gc,phases   ] GC(0) Concurrent Process Non-Strong References 1.018ms
[1.100s][info][gc,phases   ] GC(0) Concurrent Reset Relocation Set 0.001ms
[1.115s][info][gc,phases   ] GC(0) Concurrent Select Relocation Set 15.266ms
[1.115s][info][gc,phases   ] GC(0) Pause Relocate Start 0.009ms
[1.119s][info][gc,phases   ] GC(0) Concurrent Relocate 3.802ms
[1.119s][info][gc,load     ] GC(0) Load: 0.00/0.00/0.00
[1.119s][info][gc,mmu      ] GC(0) MMU: 2ms/98.5%, 5ms/99.4%, 10ms/99.7%, 20ms/99.8%, 50ms/99.9%, 100ms/99.9%
[1.119s][info][gc,marking  ] GC(0) Mark: 8 stripe(s), 1 proactive flush(es), 1 terminate flush(es), 0 completion(s), 0 continuation(s) 
[1.119s][info][gc,marking  ] GC(0) Mark Stack Usage: 32M
[1.119s][info][gc,nmethod  ] GC(0) NMethods: 1064 registered, 121 unregistered
[1.119s][info][gc,metaspace] GC(0) Metaspace: 8M used, 8M committed, 1088M reserved
[1.119s][info][gc,ref      ] GC(0) Soft: 164 encountered, 0 discovered, 0 enqueued
[1.119s][info][gc,ref      ] GC(0) Weak: 749 encountered, 452 discovered, 256 enqueued
[1.120s][info][gc,ref      ] GC(0) Final: 0 encountered, 0 discovered, 0 enqueued
[1.120s][info][gc,ref      ] GC(0) Phantom: 209 encountered, 204 discovered, 188 enqueued
[1.120s][info][gc,reloc    ] GC(0) Small Pages: 19 / 38M, Empty: 0M, Relocated: 2M, In-Place: 0
[1.120s][info][gc,reloc    ] GC(0) Medium Pages: 0 / 0M, Empty: 0M, Relocated: 0M, In-Place: 0
[1.120s][info][gc,reloc    ] GC(0) Large Pages: 0 / 0M, Empty: 0M, Relocated: 0M, In-Place: 0
[1.120s][info][gc,reloc    ] GC(0) Forwarding Usage: 1M
[1.120s][info][gc,heap     ] GC(0) Min Capacity: 8M(0%)
[1.120s][info][gc,heap     ] GC(0) Max Capacity: 4096M(100%)
[1.120s][info][gc,heap     ] GC(0) Soft Max Capacity: 4096M(100%)
[1.120s][info][gc,heap     ] GC(0)                Mark Start          Mark End        Relocate Start      Relocate End           High               Low         
[1.120s][info][gc,heap     ] GC(0)  Capacity:     2048M (50%)        2048M (50%)        2048M (50%)        2048M (50%)        2048M (50%)        2048M (50%)    
[1.120s][info][gc,heap     ] GC(0)      Free:     4058M (99%)        4058M (99%)        4054M (99%)        4066M (99%)        4066M (99%)        4038M (99%)    
[1.120s][info][gc,heap     ] GC(0)      Used:       38M (1%)           38M (1%)           42M (1%)           30M (1%)           58M (1%)           30M (1%)     
[1.120s][info][gc,heap     ] GC(0)      Live:         -                 4M (0%)            4M (0%)            4M (0%)             -                  -          
[1.120s][info][gc,heap     ] GC(0) Allocated:         -                 0M (0%)            4M (0%)            4M (0%)             -                  -          
[1.120s][info][gc,heap     ] GC(0)   Garbage:         -                33M (1%)           33M (1%)           21M (1%)             -                  -          
[1.120s][info][gc,heap     ] GC(0) Reclaimed:         -                  -                 0M (0%)           12M (0%)             -                  -          
[1.120s][info][gc          ] GC(0) Garbage Collection (System.gc()) 38M(1%)->30M(1%)
[2.531s][info][gc,start    ] GC(1) Garbage Collection (Warmup)
[2.531s][info][gc,task     ] GC(1) Using 12 workers
[2.531s][info][gc,phases   ] GC(1) Pause Mark Start 0.010ms
[2.556s][info][gc,phases   ] GC(1) Concurrent Mark 24.619ms
[2.556s][info][gc,phases   ] GC(1) Pause Mark End 0.019ms
[2.557s][info][gc,phases   ] GC(1) Concurrent Mark Free 0.001ms
[2.568s][info][gc,phases   ] GC(1) Concurrent Process Non-Strong References 11.123ms
[2.568s][info][gc,phases   ] GC(1) Concurrent Reset Relocation Set 0.004ms
[2.591s][info][gc,phases   ] GC(1) Concurrent Select Relocation Set 22.887ms
[2.591s][info][gc,phases   ] GC(1) Pause Relocate Start 0.019ms
[2.596s][info][gc,phases   ] GC(1) Concurrent Relocate 4.953ms
[2.596s][info][gc,load     ] GC(1) Load: 0.00/0.00/0.00
[2.596s][info][gc,mmu      ] GC(1) MMU: 2ms/98.5%, 5ms/99.4%, 10ms/99.7%, 20ms/99.8%, 50ms/99.9%, 100ms/99.9%
[2.596s][info][gc,marking  ] GC(1) Mark: 8 stripe(s), 4 proactive flush(es), 1 terminate flush(es), 0 completion(s), 0 continuation(s) 
[2.596s][info][gc,marking  ] GC(1) Mark Stack Usage: 32M
[2.596s][info][gc,nmethod  ] GC(1) NMethods: 2090 registered, 428 unregistered
[2.596s][info][gc,metaspace] GC(1) Metaspace: 13M used, 14M committed, 1088M reserved
[2.596s][info][gc,ref      ] GC(1) Soft: 210 encountered, 0 discovered, 0 enqueued
[2.596s][info][gc,ref      ] GC(1) Weak: 884 encountered, 314 discovered, 166 enqueued
[2.596s][info][gc,ref      ] GC(1) Final: 0 encountered, 0 discovered, 0 enqueued
[2.596s][info][gc,ref      ] GC(1) Phantom: 248 encountered, 225 discovered, 189 enqueued
[2.596s][info][gc,reloc    ] GC(1) Small Pages: 258 / 516M, Empty: 302M, Relocated: 8M, In-Place: 0
[2.596s][info][gc,reloc    ] GC(1) Medium Pages: 0 / 0M, Empty: 0M, Relocated: 0M, In-Place: 0
[2.596s][info][gc,reloc    ] GC(1) Large Pages: 0 / 0M, Empty: 0M, Relocated: 0M, In-Place: 0
[2.596s][info][gc,reloc    ] GC(1) Forwarding Usage: 2M
[2.596s][info][gc,heap     ] GC(1) Min Capacity: 8M(0%)
[2.596s][info][gc,heap     ] GC(1) Max Capacity: 4096M(100%)
[2.596s][info][gc,heap     ] GC(1) Soft Max Capacity: 4096M(100%)
[2.596s][info][gc,heap     ] GC(1)                Mark Start          Mark End        Relocate Start      Relocate End           High               Low         
[2.596s][info][gc,heap     ] GC(1)  Capacity:     2048M (50%)        2048M (50%)        2048M (50%)        2048M (50%)        2048M (50%)        2048M (50%)    
[2.596s][info][gc,heap     ] GC(1)      Free:     3580M (87%)        3496M (85%)        3762M (92%)        3922M (96%)        3922M (96%)        3492M (85%)    
[2.596s][info][gc,heap     ] GC(1)      Used:      516M (13%)         600M (15%)         334M (8%)          174M (4%)          604M (15%)         174M (4%)     
[2.596s][info][gc,heap     ] GC(1)      Live:         -                 8M (0%)            8M (0%)            8M (0%)             -                  -          
[2.596s][info][gc,heap     ] GC(1) Allocated:         -                84M (2%)          120M (3%)          148M (4%)             -                  -          
[2.596s][info][gc,heap     ] GC(1)   Garbage:         -               507M (12%)         205M (5%)           16M (0%)             -                  -          
[2.596s][info][gc,heap     ] GC(1) Reclaimed:         -                  -               302M (7%)          490M (12%)            -                  -          
[2.597s][info][gc          ] GC(1) Garbage Collection (Warmup) 516M(13%)->174M(4%)
[3.030s][info][gc,start    ] GC(2) Garbage Collection (Warmup)
[3.030s][info][gc,task     ] GC(2) Using 12 workers
[3.031s][info][gc,phases   ] GC(2) Pause Mark Start 0.010ms
[3.054s][info][gc,phases   ] GC(2) Concurrent Mark 23.398ms
[3.054s][info][gc,phases   ] GC(2) Pause Mark End 0.017ms
[3.055s][info][gc,phases   ] GC(2) Concurrent Mark Free 0.001ms
[3.057s][info][gc,phases   ] GC(2) Concurrent Process Non-Strong References 2.357ms
[3.057s][info][gc,phases   ] GC(2) Concurrent Reset Relocation Set 0.010ms
[3.065s][info][gc,phases   ] GC(2) Concurrent Select Relocation Set 7.613ms
[3.065s][info][gc,phases   ] GC(2) Pause Relocate Start 0.006ms
[3.069s][info][gc,phases   ] GC(2) Concurrent Relocate 4.032ms
[3.069s][info][gc,load     ] GC(2) Load: 0.00/0.00/0.00
[3.069s][info][gc,mmu      ] GC(2) MMU: 2ms/98.5%, 5ms/99.4%, 10ms/99.7%, 20ms/99.8%, 50ms/99.9%, 100ms/99.9%
[3.069s][info][gc,marking  ] GC(2) Mark: 8 stripe(s), 4 proactive flush(es), 1 terminate flush(es), 0 completion(s), 0 continuation(s) 
[3.069s][info][gc,marking  ] GC(2) Mark Stack Usage: 32M
[3.069s][info][gc,nmethod  ] GC(2) NMethods: 2091 registered, 498 unregistered
[3.069s][info][gc,metaspace] GC(2) Metaspace: 13M used, 14M committed, 1088M reserved
[3.069s][info][gc,ref      ] GC(2) Soft: 210 encountered, 0 discovered, 0 enqueued
[3.069s][info][gc,ref      ] GC(2) Weak: 718 encountered, 210 discovered, 0 enqueued
[3.069s][info][gc,ref      ] GC(2) Final: 0 encountered, 0 discovered, 0 enqueued
[3.069s][info][gc,ref      ] GC(2) Phantom: 59 encountered, 34 discovered, 0 enqueued
[3.069s][info][gc,reloc    ] GC(2) Small Pages: 485 / 970M, Empty: 742M, Relocated: 4M, In-Place: 0
[3.069s][info][gc,reloc    ] GC(2) Medium Pages: 0 / 0M, Empty: 0M, Relocated: 0M, In-Place: 0
[3.069s][info][gc,reloc    ] GC(2) Large Pages: 0 / 0M, Empty: 0M, Relocated: 0M, In-Place: 0
[3.069s][info][gc,reloc    ] GC(2) Forwarding Usage: 0M
[3.069s][info][gc,heap     ] GC(2) Min Capacity: 8M(0%)
[3.069s][info][gc,heap     ] GC(2) Max Capacity: 4096M(100%)
[3.069s][info][gc,heap     ] GC(2) Soft Max Capacity: 4096M(100%)
[3.069s][info][gc,heap     ] GC(2)                Mark Start          Mark End        Relocate Start      Relocate End           High               Low         
[3.069s][info][gc,heap     ] GC(2)  Capacity:     2048M (50%)        2048M (50%)        2048M (50%)        2048M (50%)        2048M (50%)        2048M (50%)    
[3.069s][info][gc,heap     ] GC(2)      Free:     3126M (76%)        3034M (74%)        3774M (92%)        3970M (97%)        3970M (97%)        3034M (74%)    
[3.069s][info][gc,heap     ] GC(2)      Used:      970M (24%)        1062M (26%)         322M (8%)          126M (3%)         1062M (26%)         126M (3%)     
[3.069s][info][gc,heap     ] GC(2)      Live:         -                 8M (0%)            8M (0%)            8M (0%)             -                  -          
[3.069s][info][gc,heap     ] GC(2) Allocated:         -                92M (2%)           94M (2%)           95M (2%)             -                  -          
[3.069s][info][gc,heap     ] GC(2)   Garbage:         -               961M (23%)         219M (5%)           21M (1%)             -                  -          
[3.069s][info][gc,heap     ] GC(2) Reclaimed:         -                  -               742M (18%)         939M (23%)            -                  -          
[3.069s][info][gc          ] GC(2) Garbage Collection (Warmup) 970M(24%)->126M(3%)
[3.730s][info][gc,start    ] GC(3) Garbage Collection (Warmup)
[3.730s][info][gc,task     ] GC(3) Using 12 workers
[3.730s][info][gc,phases   ] GC(3) Pause Mark Start 0.011ms
[3.747s][info][gc,phases   ] GC(3) Concurrent Mark 16.979ms
[3.747s][info][gc,phases   ] GC(3) Pause Mark End 0.017ms
[3.747s][info][gc,phases   ] GC(3) Concurrent Mark Free 0.001ms
[3.749s][info][gc,phases   ] GC(3) Concurrent Process Non-Strong References 1.539ms
[3.749s][info][gc,phases   ] GC(3) Concurrent Reset Relocation Set 0.014ms
[3.753s][info][gc,phases   ] GC(3) Concurrent Select Relocation Set 3.994ms
[3.753s][info][gc,phases   ] GC(3) Pause Relocate Start 0.005ms
[3.759s][info][gc,phases   ] GC(3) Concurrent Relocate 6.016ms
[3.759s][info][gc,load     ] GC(3) Load: 0.00/0.00/0.00
[3.759s][info][gc,mmu      ] GC(3) MMU: 2ms/98.5%, 5ms/99.4%, 10ms/99.7%, 20ms/99.8%, 50ms/99.9%, 100ms/99.9%
[3.759s][info][gc,marking  ] GC(3) Mark: 8 stripe(s), 3 proactive flush(es), 1 terminate flush(es), 0 completion(s), 0 continuation(s) 
[3.759s][info][gc,marking  ] GC(3) Mark Stack Usage: 32M
[3.759s][info][gc,nmethod  ] GC(3) NMethods: 2092 registered, 513 unregistered
[3.760s][info][gc,metaspace] GC(3) Metaspace: 13M used, 14M committed, 1088M reserved
[3.760s][info][gc,ref      ] GC(3) Soft: 210 encountered, 0 discovered, 0 enqueued
[3.760s][info][gc,ref      ] GC(3) Weak: 718 encountered, 102 discovered, 0 enqueued
[3.760s][info][gc,ref      ] GC(3) Final: 0 encountered, 0 discovered, 0 enqueued
[3.760s][info][gc,ref      ] GC(3) Phantom: 59 encountered, 35 discovered, 0 enqueued
[3.760s][info][gc,reloc    ] GC(3) Small Pages: 694 / 1388M, Empty: 1170M, Relocated: 4M, In-Place: 0
[3.760s][info][gc,reloc    ] GC(3) Medium Pages: 0 / 0M, Empty: 0M, Relocated: 0M, In-Place: 0
[3.760s][info][gc,reloc    ] GC(3) Large Pages: 0 / 0M, Empty: 0M, Relocated: 0M, In-Place: 0
[3.760s][info][gc,reloc    ] GC(3) Forwarding Usage: 0M
[3.760s][info][gc,heap     ] GC(3) Min Capacity: 8M(0%)
[3.760s][info][gc,heap     ] GC(3) Max Capacity: 4096M(100%)
[3.760s][info][gc,heap     ] GC(3) Soft Max Capacity: 4096M(100%)
[3.760s][info][gc,heap     ] GC(3)                Mark Start          Mark End        Relocate Start      Relocate End           High               Low         
[3.760s][info][gc,heap     ] GC(3)  Capacity:     2048M (50%)        2048M (50%)        2048M (50%)        2048M (50%)        2048M (50%)        2048M (50%)    
[3.760s][info][gc,heap     ] GC(3)      Free:     2708M (66%)        2622M (64%)        3790M (93%)        3968M (97%)        3968M (97%)        2622M (64%)    
[3.760s][info][gc,heap     ] GC(3)      Used:     1388M (34%)        1474M (36%)         306M (7%)          128M (3%)         1474M (36%)         128M (3%)     
[3.760s][info][gc,heap     ] GC(3)      Live:         -                 8M (0%)            8M (0%)            8M (0%)             -                  -          
[3.760s][info][gc,heap     ] GC(3) Allocated:         -                86M (2%)           88M (2%)           97M (2%)             -                  -          
[3.760s][info][gc,heap     ] GC(3)   Garbage:         -              1379M (34%)         209M (5%)           22M (1%)             -                  -          
[3.760s][info][gc,heap     ] GC(3) Reclaimed:         -                  -              1170M (29%)        1357M (33%)            -                  -          
[3.760s][info][gc          ] GC(3) Garbage Collection (Warmup) 1388M(34%)->128M(3%)
[5.230s][info][gc,start    ] GC(4) Garbage Collection (Allocation Rate)
[5.230s][info][gc,task     ] GC(4) Using 1 workers
[5.233s][info][gc,phases   ] GC(4) Pause Mark Start 0.013ms
[5.783s][info][gc,phases   ] GC(4) Concurrent Mark 549.801ms
[5.783s][info][gc,phases   ] GC(4) Pause Mark End 0.017ms
[5.783s][info][gc,phases   ] GC(4) Concurrent Mark Free 0.002ms
[5.802s][info][gc,phases   ] GC(4) Concurrent Process Non-Strong References 18.960ms
[5.802s][info][gc,phases   ] GC(4) Concurrent Reset Relocation Set 0.013ms
[5.813s][info][gc,phases   ] GC(4) Concurrent Select Relocation Set 10.247ms
[5.813s][info][gc,phases   ] GC(4) Pause Relocate Start 0.008ms
[5.818s][info][gc,phases   ] GC(4) Concurrent Relocate 4.888ms
[5.818s][info][gc,load     ] GC(4) Load: 0.00/0.00/0.00
[5.818s][info][gc,mmu      ] GC(4) MMU: 2ms/98.5%, 5ms/99.4%, 10ms/99.7%, 20ms/99.8%, 50ms/99.9%, 100ms/99.9%
[5.818s][info][gc,marking  ] GC(4) Mark: 1 stripe(s), 2 proactive flush(es), 1 terminate flush(es), 0 completion(s), 0 continuation(s) 
[5.818s][info][gc,marking  ] GC(4) Mark Stack Usage: 32M
[5.818s][info][gc,nmethod  ] GC(4) NMethods: 2099 registered, 533 unregistered
[5.818s][info][gc,metaspace] GC(4) Metaspace: 13M used, 14M committed, 1088M reserved
[5.818s][info][gc,ref      ] GC(4) Soft: 210 encountered, 0 discovered, 0 enqueued
[5.818s][info][gc,ref      ] GC(4) Weak: 718 encountered, 433 discovered, 0 enqueued
[5.818s][info][gc,ref      ] GC(4) Final: 0 encountered, 0 discovered, 0 enqueued
[5.818s][info][gc,ref      ] GC(4) Phantom: 59 encountered, 46 discovered, 0 enqueued
[5.818s][info][gc,reloc    ] GC(4) Small Pages: 1370 / 2740M, Empty: 2458M, Relocated: 5M, In-Place: 0
[5.818s][info][gc,reloc    ] GC(4) Medium Pages: 0 / 0M, Empty: 0M, Relocated: 0M, In-Place: 0
[5.818s][info][gc,reloc    ] GC(4) Large Pages: 0 / 0M, Empty: 0M, Relocated: 0M, In-Place: 0
[5.818s][info][gc,reloc    ] GC(4) Forwarding Usage: 0M
[5.818s][info][gc,heap     ] GC(4) Min Capacity: 8M(0%)
[5.818s][info][gc,heap     ] GC(4) Max Capacity: 4096M(100%)
[5.818s][info][gc,heap     ] GC(4) Soft Max Capacity: 4096M(100%)
[5.818s][info][gc,heap     ] GC(4)                Mark Start          Mark End        Relocate Start      Relocate End           High               Low         
[5.818s][info][gc,heap     ] GC(4)  Capacity:     2742M (67%)        3502M (85%)        3540M (86%)        3540M (86%)        3540M (86%)        2742M (67%)    
[5.818s][info][gc,heap     ] GC(4)      Free:     1356M (33%)         594M (15%)        2998M (73%)        3258M (80%)        3258M (80%)         556M (14%)    
[5.818s][info][gc,heap     ] GC(4)      Used:     2740M (67%)        3502M (85%)        1098M (27%)         838M (20%)        3540M (86%)         838M (20%)    
[5.818s][info][gc,heap     ] GC(4)      Live:         -                 9M (0%)            9M (0%)            9M (0%)             -                  -          
[5.818s][info][gc,heap     ] GC(4) Allocated:         -               762M (19%)         816M (20%)         826M (20%)            -                  -          
[5.818s][info][gc,heap     ] GC(4)   Garbage:         -              2730M (67%)         272M (7%)            2M (0%)             -                  -          
[5.818s][info][gc,heap     ] GC(4) Reclaimed:         -                  -              2458M (60%)        2728M (67%)            -                  -          
[5.818s][info][gc          ] GC(4) Garbage Collection (Allocation Rate) 2740M(67%)->838M(20%)
[6.431s][info][gc,start    ] GC(5) Garbage Collection (Allocation Rate)
[6.431s][info][gc,task     ] GC(5) Using 2 workers
[6.431s][info][gc,phases   ] GC(5) Pause Mark Start 0.017ms
[6.457s][info][gc,phases   ] GC(5) Concurrent Mark 26.560ms
[6.458s][info][gc,phases   ] GC(5) Pause Mark End 0.021ms
[6.458s][info][gc,phases   ] GC(5) Concurrent Mark Free 0.001ms
[6.469s][info][gc,phases   ] GC(5) Concurrent Process Non-Strong References 10.951ms
[6.469s][info][gc,phases   ] GC(5) Concurrent Reset Relocation Set 0.021ms
[6.475s][info][gc,phases   ] GC(5) Concurrent Select Relocation Set 6.676ms
[6.476s][info][gc,phases   ] GC(5) Pause Relocate Start 0.008ms
[6.476s][info][gc,phases   ] GC(5) Concurrent Relocate 0.704ms
[6.477s][info][gc,load     ] GC(5) Load: 0.00/0.00/0.00
[6.477s][info][gc,mmu      ] GC(5) MMU: 2ms/98.5%, 5ms/99.4%, 10ms/99.7%, 20ms/99.8%, 50ms/99.9%, 100ms/99.9%
[6.477s][info][gc,marking  ] GC(5) Mark: 2 stripe(s), 2 proactive flush(es), 1 terminate flush(es), 0 completion(s), 0 continuation(s) 
[6.477s][info][gc,marking  ] GC(5) Mark Stack Usage: 32M
[6.477s][info][gc,nmethod  ] GC(5) NMethods: 2100 registered, 548 unregistered
[6.477s][info][gc,metaspace] GC(5) Metaspace: 13M used, 14M committed, 1088M reserved
[6.477s][info][gc,ref      ] GC(5) Soft: 210 encountered, 0 discovered, 0 enqueued
[6.477s][info][gc,ref      ] GC(5) Weak: 718 encountered, 451 discovered, 0 enqueued
[6.477s][info][gc,ref      ] GC(5) Final: 0 encountered, 0 discovered, 0 enqueued
[6.477s][info][gc,ref      ] GC(5) Phantom: 59 encountered, 30 discovered, 0 enqueued
[6.477s][info][gc,reloc    ] GC(5) Small Pages: 1029 / 2058M, Empty: 1828M, Relocated: 1M, In-Place: 0
[6.477s][info][gc,reloc    ] GC(5) Medium Pages: 0 / 0M, Empty: 0M, Relocated: 0M, In-Place: 0
[6.477s][info][gc,reloc    ] GC(5) Large Pages: 0 / 0M, Empty: 0M, Relocated: 0M, In-Place: 0
[6.477s][info][gc,reloc    ] GC(5) Forwarding Usage: 0M
[6.477s][info][gc,heap     ] GC(5) Min Capacity: 8M(0%)
[6.477s][info][gc,heap     ] GC(5) Max Capacity: 4096M(100%)
[6.477s][info][gc,heap     ] GC(5) Soft Max Capacity: 4096M(100%)
[6.477s][info][gc,heap     ] GC(5)                Mark Start          Mark End        Relocate Start      Relocate End           High               Low         
[6.477s][info][gc,heap     ] GC(5)  Capacity:     3540M (86%)        3540M (86%)        3540M (86%)        3540M (86%)        3540M (86%)        3540M (86%)    
[6.477s][info][gc,heap     ] GC(5)      Free:     2038M (50%)        1944M (47%)        3748M (92%)        3922M (96%)        3922M (96%)        1940M (47%)    
[6.477s][info][gc,heap     ] GC(5)      Used:     2058M (50%)        2152M (53%)         348M (8%)          174M (4%)         2156M (53%)         174M (4%)     
[6.477s][info][gc,heap     ] GC(5)      Live:         -                 9M (0%)            9M (0%)            9M (0%)             -                  -          
[6.477s][info][gc,heap     ] GC(5) Allocated:         -                94M (2%)          118M (3%)          158M (4%)             -                  -          
[6.477s][info][gc,heap     ] GC(5)   Garbage:         -              2048M (50%)         220M (5%)            6M (0%)             -                  -          
[6.477s][info][gc,heap     ] GC(5) Reclaimed:         -                  -              1828M (45%)        2042M (50%)            -                  -          
[6.477s][info][gc          ] GC(5) Garbage Collection (Allocation Rate) 2058M(50%)->174M(4%)
[7.930s][info][gc,start    ] GC(6) Garbage Collection (Allocation Rate)
[7.930s][info][gc,task     ] GC(6) Using 2 workers
[7.930s][info][gc,phases   ] GC(6) Pause Mark Start 0.013ms
[7.944s][info][gc,phases   ] GC(6) Concurrent Mark 13.898ms
[7.944s][info][gc,phases   ] GC(6) Pause Mark End 0.017ms
[7.944s][info][gc,phases   ] GC(6) Concurrent Mark Free 0.001ms
[7.952s][info][gc,phases   ] GC(6) Concurrent Process Non-Strong References 7.899ms
[7.952s][info][gc,phases   ] GC(6) Concurrent Reset Relocation Set 0.017ms
[7.958s][info][gc,phases   ] GC(6) Concurrent Select Relocation Set 6.075ms
[7.959s][info][gc,phases   ] GC(6) Pause Relocate Start 0.006ms
[7.959s][info][gc,phases   ] GC(6) Concurrent Relocate 0.490ms
[7.959s][info][gc,load     ] GC(6) Load: 0.00/0.00/0.00
[7.959s][info][gc,mmu      ] GC(6) MMU: 2ms/98.5%, 5ms/99.4%, 10ms/99.7%, 20ms/99.8%, 50ms/99.9%, 100ms/99.9%
[7.959s][info][gc,marking  ] GC(6) Mark: 2 stripe(s), 2 proactive flush(es), 1 terminate flush(es), 0 completion(s), 0 continuation(s) 
[7.959s][info][gc,marking  ] GC(6) Mark Stack Usage: 32M
[7.959s][info][gc,nmethod  ] GC(6) NMethods: 2108 registered, 548 unregistered
[7.959s][info][gc,metaspace] GC(6) Metaspace: 13M used, 14M committed, 1088M reserved
[7.959s][info][gc,ref      ] GC(6) Soft: 210 encountered, 0 discovered, 0 enqueued
[7.959s][info][gc,ref      ] GC(6) Weak: 718 encountered, 446 discovered, 0 enqueued
[7.959s][info][gc,ref      ] GC(6) Final: 0 encountered, 0 discovered, 0 enqueued
[7.959s][info][gc,ref      ] GC(6) Phantom: 59 encountered, 30 discovered, 0 enqueued
[7.959s][info][gc,reloc    ] GC(6) Small Pages: 1478 / 2956M, Empty: 2692M, Relocated: 1M, In-Place: 0
[7.959s][info][gc,reloc    ] GC(6) Medium Pages: 0 / 0M, Empty: 0M, Relocated: 0M, In-Place: 0
[7.959s][info][gc,reloc    ] GC(6) Large Pages: 0 / 0M, Empty: 0M, Relocated: 0M, In-Place: 0
[7.959s][info][gc,reloc    ] GC(6) Forwarding Usage: 0M
[7.959s][info][gc,heap     ] GC(6) Min Capacity: 8M(0%)
[7.959s][info][gc,heap     ] GC(6) Max Capacity: 4096M(100%)
[7.959s][info][gc,heap     ] GC(6) Soft Max Capacity: 4096M(100%)
[7.959s][info][gc,heap     ] GC(6)                Mark Start          Mark End        Relocate Start      Relocate End           High               Low         
[7.959s][info][gc,heap     ] GC(6)  Capacity:     3540M (86%)        3540M (86%)        3540M (86%)        3540M (86%)        3540M (86%)        3540M (86%)    
[7.960s][info][gc,heap     ] GC(6)      Free:     1140M (28%)        1048M (26%)        3738M (91%)        3984M (97%)        3984M (97%)        1048M (26%)    
[7.960s][info][gc,heap     ] GC(6)      Used:     2956M (72%)        3048M (74%)         358M (9%)          112M (3%)         3048M (74%)         112M (3%)     
[7.960s][info][gc,heap     ] GC(6)      Live:         -                 9M (0%)            9M (0%)            9M (0%)             -                  -          
[7.960s][info][gc,heap     ] GC(6) Allocated:         -                92M (2%)           94M (2%)           96M (2%)             -                  -          
[7.960s][info][gc,heap     ] GC(6)   Garbage:         -              2946M (72%)         254M (6%)            5M (0%)             -                  -          
[7.960s][info][gc,heap     ] GC(6) Reclaimed:         -                  -              2692M (66%)        2940M (72%)            -                  -          
[7.960s][info][gc          ] GC(6) Garbage Collection (Allocation Rate) 2956M(72%)->112M(3%)
[9.229s][info][gc,start    ] GC(7) Garbage Collection (Allocation Rate)
[9.229s][info][gc,task     ] GC(7) Using 1 workers
[9.230s][info][gc,phases   ] GC(7) Pause Mark Start 0.012ms
[9.253s][info][gc,phases   ] GC(7) Concurrent Mark 23.486ms
[9.253s][info][gc,phases   ] GC(7) Pause Mark End 0.018ms
[9.253s][info][gc,phases   ] GC(7) Concurrent Mark Free 0.001ms
[9.280s][info][gc,phases   ] GC(7) Concurrent Process Non-Strong References 26.999ms
[9.281s][info][gc,phases   ] GC(7) Concurrent Reset Relocation Set 0.013ms
[9.287s][info][gc,phases   ] GC(7) Concurrent Select Relocation Set 6.164ms
[9.287s][info][gc,phases   ] GC(7) Pause Relocate Start 0.012ms
[9.290s][info][gc,phases   ] GC(7) Concurrent Relocate 2.625ms
[9.290s][info][gc,load     ] GC(7) Load: 0.00/0.00/0.00
[9.290s][info][gc,mmu      ] GC(7) MMU: 2ms/98.5%, 5ms/99.4%, 10ms/99.7%, 20ms/99.8%, 50ms/99.9%, 100ms/99.9%
[9.290s][info][gc,marking  ] GC(7) Mark: 1 stripe(s), 2 proactive flush(es), 1 terminate flush(es), 0 completion(s), 0 continuation(s) 
[9.290s][info][gc,marking  ] GC(7) Mark Stack Usage: 32M
[9.290s][info][gc,nmethod  ] GC(7) NMethods: 2108 registered, 548 unregistered
[9.290s][info][gc,metaspace] GC(7) Metaspace: 13M used, 14M committed, 1088M reserved
[9.290s][info][gc,ref      ] GC(7) Soft: 210 encountered, 0 discovered, 0 enqueued
[9.290s][info][gc,ref      ] GC(7) Weak: 718 encountered, 433 discovered, 0 enqueued
[9.290s][info][gc,ref      ] GC(7) Final: 0 encountered, 0 discovered, 0 enqueued
[9.290s][info][gc,ref      ] GC(7) Phantom: 59 encountered, 46 discovered, 0 enqueued
[9.290s][info][gc,reloc    ] GC(7) Small Pages: 1340 / 2680M, Empty: 2416M, Relocated: 3M, In-Place: 0
[9.290s][info][gc,reloc    ] GC(7) Medium Pages: 0 / 0M, Empty: 0M, Relocated: 0M, In-Place: 0
[9.290s][info][gc,reloc    ] GC(7) Large Pages: 0 / 0M, Empty: 0M, Relocated: 0M, In-Place: 0
[9.290s][info][gc,reloc    ] GC(7) Forwarding Usage: 0M
[9.290s][info][gc,heap     ] GC(7) Min Capacity: 8M(0%)
[9.290s][info][gc,heap     ] GC(7) Max Capacity: 4096M(100%)
[9.290s][info][gc,heap     ] GC(7) Soft Max Capacity: 4096M(100%)
[9.290s][info][gc,heap     ] GC(7)                Mark Start          Mark End        Relocate Start      Relocate End           High               Low         
[9.290s][info][gc,heap     ] GC(7)  Capacity:     3540M (86%)        3540M (86%)        3540M (86%)        3540M (86%)        3540M (86%)        3540M (86%)    
[9.290s][info][gc,heap     ] GC(7)      Free:     1416M (35%)        1322M (32%)        3646M (89%)        3898M (95%)        3898M (95%)        1234M (30%)    
[9.290s][info][gc,heap     ] GC(7)      Used:     2680M (65%)        2774M (68%)         450M (11%)         198M (5%)         2862M (70%)         198M (5%)     
[9.290s][info][gc,heap     ] GC(7)      Live:         -                 9M (0%)            9M (0%)            9M (0%)             -                  -          
[9.290s][info][gc,heap     ] GC(7) Allocated:         -                94M (2%)          186M (5%)          186M (5%)             -                  -          
[9.290s][info][gc,heap     ] GC(7)   Garbage:         -              2670M (65%)         254M (6%)            1M (0%)             -                  -          
[9.290s][info][gc,heap     ] GC(7) Reclaimed:         -                  -              2416M (59%)        2668M (65%)            -                  -          
[9.290s][info][gc          ] GC(7) Garbage Collection (Allocation Rate) 2680M(65%)->198M(5%)
[10.130s][info][gc,stats    ] === Garbage Collection Statistics =======================================================================================================================
[10.130s][info][gc,stats    ]                                                              Last 10s              Last 10m              Last 10h                Total
[10.130s][info][gc,stats    ]                                                              Avg / Max             Avg / Max             Avg / Max             Avg / Max
[10.130s][info][gc,stats    ]   Collector: Garbage Collection Cycle                    111.262 / 587.803     111.262 / 587.803     111.262 / 587.803     111.262 / 587.803     ms
[10.130s][info][gc,stats    ]  Contention: Mark Segment Reset Contention                     3 / 26                3 / 26                3 / 26                3 / 26          ops/s
[10.130s][info][gc,stats    ]  Contention: Mark SeqNum Reset Contention                      0 / 2                 0 / 2                 0 / 2                 0 / 2           ops/s
[10.130s][info][gc,stats    ]    Critical: Allocation Stall                                  0 / 0                 0 / 0                 0 / 0                 0 / 0           ops/s
[10.130s][info][gc,stats    ]    Critical: Allocation Stall                              0.000 / 0.000         0.000 / 0.000         0.000 / 0.000         0.000 / 0.000       ms
[10.130s][info][gc,stats    ]    Critical: GC Locker Stall                                   0 / 0                 0 / 0                 0 / 0                 0 / 0           ops/s
[10.130s][info][gc,stats    ]    Critical: GC Locker Stall                               0.000 / 0.000         0.000 / 0.000         0.000 / 0.000         0.000 / 0.000       ms
[10.130s][info][gc,stats    ]    Critical: Relocation Stall                                  0 / 0                 0 / 0                 0 / 0                 0 / 0           ops/s
[10.130s][info][gc,stats    ]    Critical: Relocation Stall                              0.000 / 0.000         0.000 / 0.000         0.000 / 0.000         0.000 / 0.000       ms
[10.130s][info][gc,stats    ]      Memory: Allocation Rate                                1524 / 2118           1524 / 2118           1524 / 2118           1524 / 2118        MB/s
[10.130s][info][gc,stats    ]      Memory: Defragment                                        0 / 0                 0 / 0                 0 / 0                 0 / 0           ops/s
[10.130s][info][gc,stats    ]      Memory: Out Of Memory                                     0 / 0                 0 / 0                 0 / 0                 0 / 0           ops/s
[10.130s][info][gc,stats    ]      Memory: Page Cache Flush                                  0 / 0                 0 / 0                 0 / 0                 0 / 0           MB/s
[10.130s][info][gc,stats    ]      Memory: Page Cache Hit L1                               590 / 1060            590 / 1060            590 / 1060            590 / 1060        ops/s
[10.130s][info][gc,stats    ]      Memory: Page Cache Hit L2                                 0 / 0                 0 / 0                 0 / 0                 0 / 0           ops/s
[10.131s][info][gc,stats    ]      Memory: Page Cache Hit L3                               102 / 448             102 / 448             102 / 448             102 / 448         ops/s
[10.131s][info][gc,stats    ]      Memory: Page Cache Miss                                  74 / 471              74 / 471              74 / 471              74 / 471         ops/s
[10.131s][info][gc,stats    ]      Memory: Uncommit                                          0 / 0                 0 / 0                 0 / 0                 0 / 0           MB/s
[10.131s][info][gc,stats    ]      Memory: Undo Object Allocation Failed                     0 / 5                 0 / 5                 0 / 5                 0 / 5           ops/s
[10.131s][info][gc,stats    ]      Memory: Undo Object Allocation Succeeded                 25 / 79               25 / 79               25 / 79               25 / 79          ops/s
[10.131s][info][gc,stats    ]      Memory: Undo Page Allocation                              6 / 23                6 / 23                6 / 23                6 / 23          ops/s
[10.131s][info][gc,stats    ]       Phase: Concurrent Mark                              86.359 / 549.801      86.359 / 549.801      86.359 / 549.801      86.359 / 549.801     ms
[10.131s][info][gc,stats    ]       Phase: Concurrent Mark Continue                      0.000 / 0.000         0.000 / 0.000         0.000 / 0.000         0.000 / 0.000       ms
[10.131s][info][gc,stats    ]       Phase: Concurrent Mark Free                          0.001 / 0.002         0.001 / 0.002         0.001 / 0.002         0.001 / 0.002       ms
[10.131s][info][gc,stats    ]       Phase: Concurrent Process Non-Strong References     10.106 / 26.999       10.106 / 26.999       10.106 / 26.999       10.106 / 26.999      ms
[10.131s][info][gc,stats    ]       Phase: Concurrent Relocate                           3.439 / 6.016         3.439 / 6.016         3.439 / 6.016         3.439 / 6.016       ms
[10.131s][info][gc,stats    ]       Phase: Concurrent Reset Relocation Set               0.012 / 0.021         0.012 / 0.021         0.012 / 0.021         0.012 / 0.021       ms
[10.131s][info][gc,stats    ]       Phase: Concurrent Select Relocation Set              9.865 / 22.887        9.865 / 22.887        9.865 / 22.887        9.865 / 22.887      ms
[10.131s][info][gc,stats    ]       Phase: Pause Mark End                                0.019 / 0.030         0.019 / 0.030         0.019 / 0.030         0.019 / 0.030       ms
[10.131s][info][gc,stats    ]       Phase: Pause Mark Start                              0.013 / 0.017         0.013 / 0.017         0.013 / 0.017         0.013 / 0.017       ms
[10.131s][info][gc,stats    ]       Phase: Pause Relocate Start                          0.009 / 0.019         0.009 / 0.019         0.009 / 0.019         0.009 / 0.019       ms
[10.131s][info][gc,stats    ]    Subphase: Concurrent Classes Purge                      0.537 / 3.013         0.537 / 3.013         0.537 / 3.013         0.537 / 3.013       ms
[10.131s][info][gc,stats    ]    Subphase: Concurrent Classes Unlink                     3.320 / 7.490         3.320 / 7.490         3.320 / 7.490         3.320 / 7.490       ms
[10.131s][info][gc,stats    ]    Subphase: Concurrent Mark                              18.881 / 75.675       18.881 / 75.675       18.881 / 75.675       18.881 / 75.675      ms
[10.131s][info][gc,stats    ]    Subphase: Concurrent Mark Try Flush                     0.624 / 8.309         0.624 / 8.309         0.624 / 8.309         0.624 / 8.309       ms
[10.131s][info][gc,stats    ]    Subphase: Concurrent Mark Try Terminate                 1.867 / 7.707         1.867 / 7.707         1.867 / 7.707         1.867 / 7.707       ms
[10.131s][info][gc,stats    ]    Subphase: Concurrent References Enqueue                 0.001 / 0.004         0.001 / 0.004         0.001 / 0.004         0.001 / 0.004       ms
[10.131s][info][gc,stats    ]    Subphase: Concurrent References Process                 0.106 / 0.171         0.106 / 0.171         0.106 / 0.171         0.106 / 0.171       ms
[10.131s][info][gc,stats    ]    Subphase: Concurrent Roots ClassLoaderDataGraph         0.126 / 0.923         0.126 / 0.923         0.126 / 0.923         0.126 / 0.923       ms
[10.131s][info][gc,stats    ]    Subphase: Concurrent Roots CodeCache                    0.000 / 0.000         0.000 / 0.000         0.000 / 0.000         0.000 / 0.000       ms
[10.131s][info][gc,stats    ]    Subphase: Concurrent Roots JavaThreads                 10.578 / 473.279      10.578 / 473.279      10.578 / 473.279      10.578 / 473.279     ms
[10.131s][info][gc,stats    ]    Subphase: Concurrent Roots OopStorageSet                0.194 / 1.293         0.194 / 1.293         0.194 / 1.293         0.194 / 1.293       ms
[10.131s][info][gc,stats    ]    Subphase: Concurrent Weak Roots OopStorageSet           1.261 / 20.928        1.261 / 20.928        1.261 / 20.928        1.261 / 20.928      ms
[10.131s][info][gc,stats    ]    Subphase: Pause Mark Try Complete                       0.000 / 0.000         0.000 / 0.000         0.000 / 0.000         0.000 / 0.000       ms
[10.131s][info][gc,stats    ]      System: Java Threads                                     57 / 73               57 / 73               57 / 73               57 / 73          threads
[10.131s][info][gc,stats    ] =========================================================================================================================================================
[10.730s][info][gc,start    ] GC(8) Garbage Collection (Allocation Rate)
[10.730s][info][gc,task     ] GC(8) Using 1 workers
[10.731s][info][gc,phases   ] GC(8) Pause Mark Start 0.013ms
[10.753s][info][gc,phases   ] GC(8) Concurrent Mark 22.670ms
[10.754s][info][gc,phases   ] GC(8) Pause Mark End 0.018ms
[10.754s][info][gc,phases   ] GC(8) Concurrent Mark Free 0.001ms
[10.770s][info][gc,phases   ] GC(8) Concurrent Process Non-Strong References 16.377ms
[10.770s][info][gc,phases   ] GC(8) Concurrent Reset Relocation Set 0.016ms
[10.774s][info][gc,phases   ] GC(8) Concurrent Select Relocation Set 3.595ms
[10.774s][info][gc,phases   ] GC(8) Pause Relocate Start 0.008ms
[10.775s][info][gc,phases   ] GC(8) Concurrent Relocate 0.657ms
[10.775s][info][gc,load     ] GC(8) Load: 0.00/0.00/0.00
[10.775s][info][gc,mmu      ] GC(8) MMU: 2ms/98.5%, 5ms/99.4%, 10ms/99.7%, 20ms/99.8%, 50ms/99.9%, 100ms/99.9%
[10.775s][info][gc,marking  ] GC(8) Mark: 1 stripe(s), 2 proactive flush(es), 1 terminate flush(es), 0 completion(s), 0 continuation(s) 
[10.775s][info][gc,marking  ] GC(8) Mark Stack Usage: 32M
[10.775s][info][gc,nmethod  ] GC(8) NMethods: 2108 registered, 548 unregistered
[10.775s][info][gc,metaspace] GC(8) Metaspace: 13M used, 14M committed, 1088M reserved
[10.775s][info][gc,ref      ] GC(8) Soft: 210 encountered, 0 discovered, 0 enqueued
[10.775s][info][gc,ref      ] GC(8) Weak: 718 encountered, 433 discovered, 0 enqueued
[10.775s][info][gc,ref      ] GC(8) Final: 0 encountered, 0 discovered, 0 enqueued
[10.775s][info][gc,ref      ] GC(8) Phantom: 59 encountered, 46 discovered, 0 enqueued
[10.775s][info][gc,reloc    ] GC(8) Small Pages: 1574 / 3148M, Empty: 2874M, Relocated: 1M, In-Place: 0
[10.775s][info][gc,reloc    ] GC(8) Medium Pages: 0 / 0M, Empty: 0M, Relocated: 0M, In-Place: 0
[10.775s][info][gc,reloc    ] GC(8) Large Pages: 0 / 0M, Empty: 0M, Relocated: 0M, In-Place: 0
[10.775s][info][gc,reloc    ] GC(8) Forwarding Usage: 0M
[10.775s][info][gc,heap     ] GC(8) Min Capacity: 8M(0%)
[10.775s][info][gc,heap     ] GC(8) Max Capacity: 4096M(100%)
[10.775s][info][gc,heap     ] GC(8) Soft Max Capacity: 4096M(100%)
[10.775s][info][gc,heap     ] GC(8)                Mark Start          Mark End        Relocate Start      Relocate End           High               Low         
[10.775s][info][gc,heap     ] GC(8)  Capacity:     3540M (86%)        3540M (86%)        3540M (86%)        3540M (86%)        3540M (86%)        3540M (86%)    
[10.775s][info][gc,heap     ] GC(8)      Free:      948M (23%)         852M (21%)        3692M (90%)        3916M (96%)        3916M (96%)         846M (21%)    
[10.775s][info][gc,heap     ] GC(8)      Used:     3148M (77%)        3244M (79%)         404M (10%)         180M (4%)         3250M (79%)         180M (4%)     
[10.775s][info][gc,heap     ] GC(8)      Live:         -                 9M (0%)            9M (0%)            9M (0%)             -                  -          
[10.775s][info][gc,heap     ] GC(8) Allocated:         -                96M (2%)          130M (3%)          166M (4%)             -                  -          
[10.775s][info][gc,heap     ] GC(8)   Garbage:         -              3138M (77%)         264M (6%)            3M (0%)             -                  -          
[10.775s][info][gc,heap     ] GC(8) Reclaimed:         -                  -              2874M (70%)        3134M (77%)            -                  -          
[10.775s][info][gc          ] GC(8) Garbage Collection (Allocation Rate) 3148M(77%)->180M(4%)
[12.129s][info][gc,start    ] GC(9) Garbage Collection (Proactive)
[12.130s][info][gc,task     ] GC(9) Using 12 workers
[12.130s][info][gc,phases   ] GC(9) Pause Mark Start 0.011ms
[12.135s][info][gc,phases   ] GC(9) Concurrent Mark 5.589ms
[12.136s][info][gc,phases   ] GC(9) Pause Mark End 0.016ms
[12.136s][info][gc,phases   ] GC(9) Concurrent Mark Free 0.001ms
[12.138s][info][gc,phases   ] GC(9) Concurrent Process Non-Strong References 2.372ms
[12.138s][info][gc,phases   ] GC(9) Concurrent Reset Relocation Set 0.012ms
[12.143s][info][gc,phases   ] GC(9) Concurrent Select Relocation Set 4.442ms
[12.143s][info][gc,phases   ] GC(9) Pause Relocate Start 0.005ms
[12.146s][info][gc,phases   ] GC(9) Concurrent Relocate 2.621ms
[12.146s][info][gc,load     ] GC(9) Load: 0.00/0.00/0.00
[12.146s][info][gc,mmu      ] GC(9) MMU: 2ms/98.5%, 5ms/99.4%, 10ms/99.7%, 20ms/99.8%, 50ms/99.9%, 100ms/99.9%
[12.146s][info][gc,marking  ] GC(9) Mark: 8 stripe(s), 2 proactive flush(es), 1 terminate flush(es), 0 completion(s), 0 continuation(s) 
[12.146s][info][gc,marking  ] GC(9) Mark Stack Usage: 32M
[12.146s][info][gc,nmethod  ] GC(9) NMethods: 2108 registered, 548 unregistered
[12.146s][info][gc,metaspace] GC(9) Metaspace: 13M used, 14M committed, 1088M reserved
[12.146s][info][gc,ref      ] GC(9) Soft: 210 encountered, 0 discovered, 0 enqueued
[12.146s][info][gc,ref      ] GC(9) Weak: 718 encountered, 339 discovered, 0 enqueued
[12.146s][info][gc,ref      ] GC(9) Final: 0 encountered, 0 discovered, 0 enqueued
[12.146s][info][gc,ref      ] GC(9) Phantom: 59 encountered, 43 discovered, 0 enqueued
[12.146s][info][gc,reloc    ] GC(9) Small Pages: 1407 / 2814M, Empty: 2562M, Relocated: 3M, In-Place: 0
[12.146s][info][gc,reloc    ] GC(9) Medium Pages: 0 / 0M, Empty: 0M, Relocated: 0M, In-Place: 0
[12.146s][info][gc,reloc    ] GC(9) Large Pages: 0 / 0M, Empty: 0M, Relocated: 0M, In-Place: 0
[12.146s][info][gc,reloc    ] GC(9) Forwarding Usage: 0M
[12.146s][info][gc,heap     ] GC(9) Min Capacity: 8M(0%)
[12.146s][info][gc,heap     ] GC(9) Max Capacity: 4096M(100%)
[12.146s][info][gc,heap     ] GC(9) Soft Max Capacity: 4096M(100%)
[12.146s][info][gc,heap     ] GC(9)                Mark Start          Mark End        Relocate Start      Relocate End           High               Low         
[12.146s][info][gc,heap     ] GC(9)  Capacity:     3540M (86%)        3540M (86%)        3540M (86%)        3540M (86%)        3540M (86%)        3540M (86%)    
[12.146s][info][gc,heap     ] GC(9)      Free:     1282M (31%)        1204M (29%)        3756M (92%)        3972M (97%)        3972M (97%)        1198M (29%)    
[12.146s][info][gc,heap     ] GC(9)      Used:     2814M (69%)        2892M (71%)         340M (8%)          124M (3%)         2898M (71%)         124M (3%)     
[12.146s][info][gc,heap     ] GC(9)      Live:         -                10M (0%)           10M (0%)           10M (0%)             -                  -          
[12.146s][info][gc,heap     ] GC(9) Allocated:         -                78M (2%)           88M (2%)           90M (2%)             -                  -          
[12.146s][info][gc,heap     ] GC(9)   Garbage:         -              2803M (68%)         241M (6%)           23M (1%)             -                  -          
[12.146s][info][gc,heap     ] GC(9) Reclaimed:         -                  -              2562M (63%)        2780M (68%)            -                  -          
[12.146s][info][gc          ] GC(9) Garbage Collection (Proactive) 2814M(69%)->124M(3%)
[13.630s][info][gc,start    ] GC(10) Garbage Collection (Proactive)
[13.630s][info][gc,task     ] GC(10) Using 12 workers
[13.630s][info][gc,phases   ] GC(10) Pause Mark Start 0.010ms
[13.636s][info][gc,phases   ] GC(10) Concurrent Mark 5.627ms
[13.636s][info][gc,phases   ] GC(10) Pause Mark End 0.021ms
[13.636s][info][gc,phases   ] GC(10) Concurrent Mark Free 0.001ms
[13.640s][info][gc,phases   ] GC(10) Concurrent Process Non-Strong References 3.843ms
[13.640s][info][gc,phases   ] GC(10) Concurrent Reset Relocation Set 0.018ms
[13.646s][info][gc,phases   ] GC(10) Concurrent Select Relocation Set 5.567ms
[13.646s][info][gc,phases   ] GC(10) Pause Relocate Start 0.006ms
[13.649s][info][gc,phases   ] GC(10) Concurrent Relocate 2.932ms
[13.649s][info][gc,load     ] GC(10) Load: 0.00/0.00/0.00
[13.649s][info][gc,mmu      ] GC(10) MMU: 2ms/98.5%, 5ms/99.4%, 10ms/99.7%, 20ms/99.8%, 50ms/99.9%, 100ms/99.9%
[13.649s][info][gc,marking  ] GC(10) Mark: 8 stripe(s), 2 proactive flush(es), 1 terminate flush(es), 0 completion(s), 0 continuation(s) 
[13.649s][info][gc,marking  ] GC(10) Mark Stack Usage: 32M
[13.649s][info][gc,nmethod  ] GC(10) NMethods: 2108 registered, 550 unregistered
[13.649s][info][gc,metaspace] GC(10) Metaspace: 13M used, 14M committed, 1088M reserved
[13.649s][info][gc,ref      ] GC(10) Soft: 210 encountered, 0 discovered, 0 enqueued
[13.649s][info][gc,ref      ] GC(10) Weak: 706 encountered, 98 discovered, 0 enqueued
[13.649s][info][gc,ref      ] GC(10) Final: 0 encountered, 0 discovered, 0 enqueued
[13.649s][info][gc,ref      ] GC(10) Phantom: 59 encountered, 36 discovered, 0 enqueued
[13.649s][info][gc,reloc    ] GC(10) Small Pages: 1514 / 3028M, Empty: 2756M, Relocated: 3M, In-Place: 0
[13.649s][info][gc,reloc    ] GC(10) Medium Pages: 0 / 0M, Empty: 0M, Relocated: 0M, In-Place: 0
[13.649s][info][gc,reloc    ] GC(10) Large Pages: 0 / 0M, Empty: 0M, Relocated: 0M, In-Place: 0
[13.649s][info][gc,reloc    ] GC(10) Forwarding Usage: 0M
[13.649s][info][gc,heap     ] GC(10) Min Capacity: 8M(0%)
[13.649s][info][gc,heap     ] GC(10) Max Capacity: 4096M(100%)
[13.649s][info][gc,heap     ] GC(10) Soft Max Capacity: 4096M(100%)
[13.649s][info][gc,heap     ] GC(10)                Mark Start          Mark End        Relocate Start      Relocate End           High               Low         
[13.649s][info][gc,heap     ] GC(10)  Capacity:     3540M (86%)        3540M (86%)        3540M (86%)        3540M (86%)        3540M (86%)        3540M (86%)    
[13.649s][info][gc,heap     ] GC(10)      Free:     1068M (26%)         992M (24%)        3738M (91%)        3974M (97%)        3974M (97%)         986M (24%)    
[13.649s][info][gc,heap     ] GC(10)      Used:     3028M (74%)        3104M (76%)         358M (9%)          122M (3%)         3110M (76%)         122M (3%)     
[13.649s][info][gc,heap     ] GC(10)      Live:         -                 9M (0%)            9M (0%)            9M (0%)             -                  -          
[13.649s][info][gc,heap     ] GC(10) Allocated:         -                76M (2%)           86M (2%)           88M (2%)             -                  -          
[13.649s][info][gc,heap     ] GC(10)   Garbage:         -              3018M (74%)         262M (6%)           23M (1%)             -                  -          
[13.649s][info][gc,heap     ] GC(10) Reclaimed:         -                  -              2756M (67%)        2994M (73%)            -                  -          
[13.649s][info][gc          ] GC(10) Garbage Collection (Proactive) 3028M(74%)->122M(3%)
[14.374s][info][gc,start    ] GC(11) Garbage Collection (System.gc())
[14.374s][info][gc,task     ] GC(11) Using 12 workers
[14.375s][info][gc,phases   ] GC(11) Pause Mark Start 0.015ms
[14.407s][info][gc,phases   ] GC(11) Concurrent Mark 32.039ms
[14.407s][info][gc,phases   ] GC(11) Pause Mark End 0.019ms
[14.407s][info][gc,phases   ] GC(11) Concurrent Mark Free 0.001ms
[14.410s][info][gc,phases   ] GC(11) Concurrent Process Non-Strong References 2.936ms
[14.410s][info][gc,phases   ] GC(11) Concurrent Reset Relocation Set 0.013ms
[14.415s][info][gc,phases   ] GC(11) Concurrent Select Relocation Set 4.873ms
[14.415s][info][gc,phases   ] GC(11) Pause Relocate Start 0.007ms
[14.418s][info][gc,phases   ] GC(11) Concurrent Relocate 2.671ms
[14.418s][info][gc,load     ] GC(11) Load: 0.00/0.00/0.00
[14.418s][info][gc,mmu      ] GC(11) MMU: 2ms/98.5%, 5ms/99.4%, 10ms/99.7%, 20ms/99.8%, 50ms/99.9%, 100ms/99.9%
[14.418s][info][gc,marking  ] GC(11) Mark: 8 stripe(s), 1 proactive flush(es), 1 terminate flush(es), 0 completion(s), 0 continuation(s) 
[14.418s][info][gc,marking  ] GC(11) Mark Stack Usage: 32M
[14.418s][info][gc,nmethod  ] GC(11) NMethods: 2101 registered, 562 unregistered
[14.418s][info][gc,metaspace] GC(11) Metaspace: 13M used, 14M committed, 1088M reserved
[14.418s][info][gc,ref      ] GC(11) Soft: 211 encountered, 0 discovered, 0 enqueued
[14.418s][info][gc,ref      ] GC(11) Weak: 631 encountered, 68 discovered, 3 enqueued
[14.418s][info][gc,ref      ] GC(11) Final: 0 encountered, 0 discovered, 0 enqueued
[14.418s][info][gc,ref      ] GC(11) Phantom: 61 encountered, 43 discovered, 2 enqueued
[14.418s][info][gc,reloc    ] GC(11) Small Pages: 827 / 1654M, Empty: 1576M, Relocated: 3M, In-Place: 0
[14.418s][info][gc,reloc    ] GC(11) Medium Pages: 0 / 0M, Empty: 0M, Relocated: 0M, In-Place: 0
[14.418s][info][gc,reloc    ] GC(11) Large Pages: 0 / 0M, Empty: 0M, Relocated: 0M, In-Place: 0
[14.418s][info][gc,reloc    ] GC(11) Forwarding Usage: 1M
[14.418s][info][gc,heap     ] GC(11) Min Capacity: 8M(0%)
[14.418s][info][gc,heap     ] GC(11) Max Capacity: 4096M(100%)
[14.418s][info][gc,heap     ] GC(11) Soft Max Capacity: 4096M(100%)
[14.418s][info][gc,heap     ] GC(11)                Mark Start          Mark End        Relocate Start      Relocate End           High               Low         
[14.418s][info][gc,heap     ] GC(11)  Capacity:     3540M (86%)        3540M (86%)        3540M (86%)        3540M (86%)        3540M (86%)        3540M (86%)    
[14.418s][info][gc,heap     ] GC(11)      Free:     2442M (60%)        2442M (60%)        4016M (98%)        4066M (99%)        4066M (99%)        2442M (60%)    
[14.418s][info][gc,heap     ] GC(11)      Used:     1654M (40%)        1654M (40%)          80M (2%)           30M (1%)         1654M (40%)          30M (1%)     
[14.418s][info][gc,heap     ] GC(11)      Live:         -                 6M (0%)            6M (0%)            6M (0%)             -                  -          
[14.418s][info][gc,heap     ] GC(11) Allocated:         -                 0M (0%)            2M (0%)            2M (0%)             -                  -          
[14.418s][info][gc,heap     ] GC(11)   Garbage:         -              1647M (40%)          71M (2%)           21M (1%)             -                  -          
[14.418s][info][gc,heap     ] GC(11) Reclaimed:         -                  -              1576M (38%)        1626M (40%)            -                  -          
[14.419s][info][gc          ] GC(11) Garbage Collection (System.gc()) 1654M(40%)->30M(1%)
[15.730s][info][gc,start    ] GC(12) Garbage Collection (Allocation Rate)
[15.730s][info][gc,task     ] GC(12) Using 2 workers
[15.730s][info][gc,phases   ] GC(12) Pause Mark Start 0.013ms
[15.759s][info][gc,phases   ] GC(12) Concurrent Mark 28.586ms
[15.759s][info][gc,phases   ] GC(12) Pause Mark End 0.020ms
[15.759s][info][gc,phases   ] GC(12) Concurrent Mark Free 0.001ms
[15.775s][info][gc,phases   ] GC(12) Concurrent Process Non-Strong References 16.412ms
[15.775s][info][gc,phases   ] GC(12) Concurrent Reset Relocation Set 0.005ms
[15.779s][info][gc,phases   ] GC(12) Concurrent Select Relocation Set 3.939ms
[15.780s][info][gc,phases   ] GC(12) Pause Relocate Start 0.009ms
[15.783s][info][gc,phases   ] GC(12) Concurrent Relocate 3.570ms
[15.783s][info][gc,load     ] GC(12) Load: 0.00/0.00/0.00
[15.783s][info][gc,mmu      ] GC(12) MMU: 2ms/98.5%, 5ms/99.4%, 10ms/99.7%, 20ms/99.8%, 50ms/99.9%, 100ms/99.9%
[15.783s][info][gc,marking  ] GC(12) Mark: 2 stripe(s), 2 proactive flush(es), 1 terminate flush(es), 0 completion(s), 0 continuation(s) 
[15.783s][info][gc,marking  ] GC(12) Mark Stack Usage: 32M
[15.783s][info][gc,nmethod  ] GC(12) NMethods: 2119 registered, 580 unregistered
[15.783s][info][gc,metaspace] GC(12) Metaspace: 13M used, 14M committed, 1088M reserved
[15.783s][info][gc,ref      ] GC(12) Soft: 211 encountered, 0 discovered, 0 enqueued
[15.783s][info][gc,ref      ] GC(12) Weak: 724 encountered, 177 discovered, 1 enqueued
[15.783s][info][gc,ref      ] GC(12) Final: 0 encountered, 0 discovered, 0 enqueued
[15.783s][info][gc,ref      ] GC(12) Phantom: 59 encountered, 53 discovered, 0 enqueued
[15.784s][info][gc,reloc    ] GC(12) Small Pages: 1388 / 2776M, Empty: 2514M, Relocated: 3M, In-Place: 0
[15.784s][info][gc,reloc    ] GC(12) Medium Pages: 0 / 0M, Empty: 0M, Relocated: 0M, In-Place: 0
[15.784s][info][gc,reloc    ] GC(12) Large Pages: 0 / 0M, Empty: 0M, Relocated: 0M, In-Place: 0
[15.784s][info][gc,reloc    ] GC(12) Forwarding Usage: 0M
[15.784s][info][gc,heap     ] GC(12) Min Capacity: 8M(0%)
[15.784s][info][gc,heap     ] GC(12) Max Capacity: 4096M(100%)
[15.784s][info][gc,heap     ] GC(12) Soft Max Capacity: 4096M(100%)
[15.784s][info][gc,heap     ] GC(12)                Mark Start          Mark End        Relocate Start      Relocate End           High               Low         
[15.784s][info][gc,heap     ] GC(12)  Capacity:     3540M (86%)        3540M (86%)        3540M (86%)        3540M (86%)        3540M (86%)        3540M (86%)    
[15.784s][info][gc,heap     ] GC(12)      Free:     1320M (32%)        1228M (30%)        3666M (90%)        3902M (95%)        3902M (95%)        1190M (29%)    
[15.784s][info][gc,heap     ] GC(12)      Used:     2776M (68%)        2868M (70%)         430M (10%)         194M (5%)         2906M (71%)         194M (5%)     
[15.784s][info][gc,heap     ] GC(12)      Live:         -                 8M (0%)            8M (0%)            8M (0%)             -                  -          
[15.784s][info][gc,heap     ] GC(12) Allocated:         -                92M (2%)          168M (4%)          180M (4%)             -                  -          
[15.784s][info][gc,heap     ] GC(12)   Garbage:         -              2767M (68%)         253M (6%)            4M (0%)             -                  -          
[15.784s][info][gc,heap     ] GC(12) Reclaimed:         -                  -              2514M (61%)        2762M (67%)            -                  -          
[15.784s][info][gc          ] GC(12) Garbage Collection (Allocation Rate) 2776M(68%)->194M(5%)
[16.830s][info][gc,start    ] GC(13) Garbage Collection (Allocation Rate)
[16.830s][info][gc,task     ] GC(13) Using 1 workers
[16.830s][info][gc,phases   ] GC(13) Pause Mark Start 0.017ms
[16.860s][info][gc,phases   ] GC(13) Concurrent Mark 29.949ms
[16.860s][info][gc,phases   ] GC(13) Pause Mark End 0.017ms
[16.860s][info][gc,phases   ] GC(13) Concurrent Mark Free 0.001ms
[16.896s][info][gc,phases   ] GC(13) Concurrent Process Non-Strong References 35.837ms
[16.896s][info][gc,phases   ] GC(13) Concurrent Reset Relocation Set 0.018ms
[16.901s][info][gc,phases   ] GC(13) Concurrent Select Relocation Set 4.857ms
[16.901s][info][gc,phases   ] GC(13) Pause Relocate Start 0.008ms
[16.905s][info][gc,phases   ] GC(13) Concurrent Relocate 3.882ms
[16.906s][info][gc,load     ] GC(13) Load: 0.00/0.00/0.00
[16.906s][info][gc,mmu      ] GC(13) MMU: 2ms/98.5%, 5ms/99.4%, 10ms/99.7%, 20ms/99.8%, 50ms/99.9%, 100ms/99.9%
[16.906s][info][gc,marking  ] GC(13) Mark: 1 stripe(s), 2 proactive flush(es), 1 terminate flush(es), 0 completion(s), 0 continuation(s) 
[16.906s][info][gc,marking  ] GC(13) Mark Stack Usage: 32M
[16.906s][info][gc,nmethod  ] GC(13) NMethods: 2119 registered, 583 unregistered
[16.906s][info][gc,metaspace] GC(13) Metaspace: 13M used, 14M committed, 1088M reserved
[16.906s][info][gc,ref      ] GC(13) Soft: 211 encountered, 0 discovered, 0 enqueued
[16.906s][info][gc,ref      ] GC(13) Weak: 723 encountered, 439 discovered, 0 enqueued
[16.906s][info][gc,ref      ] GC(13) Final: 0 encountered, 0 discovered, 0 enqueued
[16.906s][info][gc,ref      ] GC(13) Phantom: 59 encountered, 46 discovered, 0 enqueued
[16.906s][info][gc,reloc    ] GC(13) Small Pages: 1190 / 2380M, Empty: 2124M, Relocated: 3M, In-Place: 0
[16.906s][info][gc,reloc    ] GC(13) Medium Pages: 0 / 0M, Empty: 0M, Relocated: 0M, In-Place: 0
[16.906s][info][gc,reloc    ] GC(13) Large Pages: 0 / 0M, Empty: 0M, Relocated: 0M, In-Place: 0
[16.906s][info][gc,reloc    ] GC(13) Forwarding Usage: 0M
[16.906s][info][gc,heap     ] GC(13) Min Capacity: 8M(0%)
[16.906s][info][gc,heap     ] GC(13) Max Capacity: 4096M(100%)
[16.906s][info][gc,heap     ] GC(13) Soft Max Capacity: 4096M(100%)
[16.906s][info][gc,heap     ] GC(13)                Mark Start          Mark End        Relocate Start      Relocate End           High               Low         
[16.906s][info][gc,heap     ] GC(13)  Capacity:     3540M (86%)        3540M (86%)        3540M (86%)        3540M (86%)        3540M (86%)        3540M (86%)    
[16.906s][info][gc,heap     ] GC(13)      Free:     1716M (42%)        1620M (40%)        3652M (89%)        3892M (95%)        3892M (95%)        1530M (37%)    
[16.906s][info][gc,heap     ] GC(13)      Used:     2380M (58%)        2476M (60%)         444M (11%)         204M (5%)         2566M (63%)         204M (5%)     
[16.906s][info][gc,heap     ] GC(13)      Live:         -                 8M (0%)            8M (0%)            8M (0%)             -                  -          
[16.906s][info][gc,heap     ] GC(13) Allocated:         -                96M (2%)          188M (5%)          192M (5%)             -                  -          
[16.906s][info][gc,heap     ] GC(13)   Garbage:         -              2371M (58%)         247M (6%)            2M (0%)             -                  -          
[16.906s][info][gc,heap     ] GC(13) Reclaimed:         -                  -              2124M (52%)        2368M (58%)            -                  -          
[16.906s][info][gc          ] GC(13) Garbage Collection (Allocation Rate) 2380M(58%)->204M(5%)
[18.230s][info][gc,start    ] GC(14) Garbage Collection (Allocation Rate)
[18.231s][info][gc,task     ] GC(14) Using 1 workers
[18.231s][info][gc,phases   ] GC(14) Pause Mark Start 0.011ms
[18.261s][info][gc,phases   ] GC(14) Concurrent Mark 30.461ms
[18.261s][info][gc,phases   ] GC(14) Pause Mark End 0.017ms
[18.262s][info][gc,phases   ] GC(14) Concurrent Mark Free 0.001ms
[18.293s][info][gc,phases   ] GC(14) Concurrent Process Non-Strong References 31.412ms
[18.293s][info][gc,phases   ] GC(14) Concurrent Reset Relocation Set 0.016ms
[18.298s][info][gc,phases   ] GC(14) Concurrent Select Relocation Set 4.960ms
[18.298s][info][gc,phases   ] GC(14) Pause Relocate Start 0.007ms
[18.302s][info][gc,phases   ] GC(14) Concurrent Relocate 3.323ms
[18.302s][info][gc,load     ] GC(14) Load: 0.00/0.00/0.00
[18.302s][info][gc,mmu      ] GC(14) MMU: 2ms/98.5%, 5ms/99.4%, 10ms/99.7%, 20ms/99.8%, 50ms/99.9%, 100ms/99.9%
[18.302s][info][gc,marking  ] GC(14) Mark: 1 stripe(s), 2 proactive flush(es), 1 terminate flush(es), 0 completion(s), 0 continuation(s) 
[18.302s][info][gc,marking  ] GC(14) Mark Stack Usage: 32M
[18.302s][info][gc,nmethod  ] GC(14) NMethods: 2119 registered, 583 unregistered
[18.302s][info][gc,metaspace] GC(14) Metaspace: 13M used, 14M committed, 1088M reserved
[18.302s][info][gc,ref      ] GC(14) Soft: 211 encountered, 0 discovered, 0 enqueued
[18.302s][info][gc,ref      ] GC(14) Weak: 723 encountered, 439 discovered, 0 enqueued
[18.302s][info][gc,ref      ] GC(14) Final: 0 encountered, 0 discovered, 0 enqueued
[18.302s][info][gc,ref      ] GC(14) Phantom: 59 encountered, 46 discovered, 0 enqueued
[18.302s][info][gc,reloc    ] GC(14) Small Pages: 1479 / 2958M, Empty: 2702M, Relocated: 2M, In-Place: 0
[18.302s][info][gc,reloc    ] GC(14) Medium Pages: 0 / 0M, Empty: 0M, Relocated: 0M, In-Place: 0
[18.302s][info][gc,reloc    ] GC(14) Large Pages: 0 / 0M, Empty: 0M, Relocated: 0M, In-Place: 0
[18.302s][info][gc,reloc    ] GC(14) Forwarding Usage: 0M
[18.302s][info][gc,heap     ] GC(14) Min Capacity: 8M(0%)
[18.302s][info][gc,heap     ] GC(14) Max Capacity: 4096M(100%)
[18.302s][info][gc,heap     ] GC(14) Soft Max Capacity: 4096M(100%)
[18.302s][info][gc,heap     ] GC(14)                Mark Start          Mark End        Relocate Start      Relocate End           High               Low         
[18.302s][info][gc,heap     ] GC(14)  Capacity:     3540M (86%)        3540M (86%)        3540M (86%)        3540M (86%)        3540M (86%)        3540M (86%)    
[18.302s][info][gc,heap     ] GC(14)      Free:     1138M (28%)        1042M (25%)        3652M (89%)        3898M (95%)        3898M (95%)         952M (23%)    
[18.302s][info][gc,heap     ] GC(14)      Used:     2958M (72%)        3054M (75%)         444M (11%)         198M (5%)         3144M (77%)         198M (5%)     
[18.302s][info][gc,heap     ] GC(14)      Live:         -                 9M (0%)            9M (0%)            9M (0%)             -                  -          
[18.302s][info][gc,heap     ] GC(14) Allocated:         -                96M (2%)          188M (5%)          186M (5%)             -                  -          
[18.302s][info][gc,heap     ] GC(14)   Garbage:         -              2948M (72%)         246M (6%)            2M (0%)             -                  -          
[18.302s][info][gc,heap     ] GC(14) Reclaimed:         -                  -              2702M (66%)        2946M (72%)            -                  -          
[18.302s][info][gc          ] GC(14) Garbage Collection (Allocation Rate) 2958M(72%)->198M(5%)
[19.730s][info][gc,start    ] GC(15) Garbage Collection (Proactive)
[19.730s][info][gc,task     ] GC(15) Using 12 workers
[19.730s][info][gc,phases   ] GC(15) Pause Mark Start 0.013ms
[19.737s][info][gc,phases   ] GC(15) Concurrent Mark 6.412ms
[19.737s][info][gc,phases   ] GC(15) Pause Mark End 0.017ms
[19.737s][info][gc,phases   ] GC(15) Concurrent Mark Free 0.001ms
[19.741s][info][gc,phases   ] GC(15) Concurrent Process Non-Strong References 4.127ms
[19.741s][info][gc,phases   ] GC(15) Concurrent Reset Relocation Set 0.020ms
[19.746s][info][gc,phases   ] GC(15) Concurrent Select Relocation Set 5.009ms
[19.746s][info][gc,phases   ] GC(15) Pause Relocate Start 0.007ms
[19.749s][info][gc,phases   ] GC(15) Concurrent Relocate 2.236ms
[19.749s][info][gc,load     ] GC(15) Load: 0.00/0.00/0.00
[19.749s][info][gc,mmu      ] GC(15) MMU: 2ms/98.5%, 5ms/99.4%, 10ms/99.7%, 20ms/99.8%, 50ms/99.9%, 100ms/99.9%
[19.749s][info][gc,marking  ] GC(15) Mark: 8 stripe(s), 2 proactive flush(es), 1 terminate flush(es), 0 completion(s), 0 continuation(s) 
[19.749s][info][gc,marking  ] GC(15) Mark Stack Usage: 32M
[19.749s][info][gc,nmethod  ] GC(15) NMethods: 2119 registered, 583 unregistered
[19.749s][info][gc,metaspace] GC(15) Metaspace: 13M used, 14M committed, 1088M reserved
[19.749s][info][gc,ref      ] GC(15) Soft: 211 encountered, 0 discovered, 0 enqueued
[19.749s][info][gc,ref      ] GC(15) Weak: 723 encountered, 116 discovered, 0 enqueued
[19.749s][info][gc,ref      ] GC(15) Final: 0 encountered, 0 discovered, 0 enqueued
[19.749s][info][gc,ref      ] GC(15) Phantom: 59 encountered, 36 discovered, 0 enqueued
[19.749s][info][gc,reloc    ] GC(15) Small Pages: 1590 / 3180M, Empty: 2900M, Relocated: 3M, In-Place: 0
[19.749s][info][gc,reloc    ] GC(15) Medium Pages: 0 / 0M, Empty: 0M, Relocated: 0M, In-Place: 0
[19.749s][info][gc,reloc    ] GC(15) Large Pages: 0 / 0M, Empty: 0M, Relocated: 0M, In-Place: 0
[19.749s][info][gc,reloc    ] GC(15) Forwarding Usage: 0M
[19.749s][info][gc,heap     ] GC(15) Min Capacity: 8M(0%)
[19.749s][info][gc,heap     ] GC(15) Max Capacity: 4096M(100%)
[19.749s][info][gc,heap     ] GC(15) Soft Max Capacity: 4096M(100%)
[19.749s][info][gc,heap     ] GC(15)                Mark Start          Mark End        Relocate Start      Relocate End           High               Low         
[19.749s][info][gc,heap     ] GC(15)  Capacity:     3540M (86%)        3540M (86%)        3540M (86%)        3540M (86%)        3540M (86%)        3540M (86%)    
[19.749s][info][gc,heap     ] GC(15)      Free:      916M (22%)         828M (20%)        3720M (91%)        3968M (97%)        3968M (97%)         822M (20%)    
[19.749s][info][gc,heap     ] GC(15)      Used:     3180M (78%)        3268M (80%)         376M (9%)          128M (3%)         3274M (80%)         128M (3%)     
[19.749s][info][gc,heap     ] GC(15)      Live:         -                 9M (0%)            9M (0%)            9M (0%)             -                  -          
[19.749s][info][gc,heap     ] GC(15) Allocated:         -                88M (2%)           96M (2%)           94M (2%)             -                  -          
[19.749s][info][gc,heap     ] GC(15)   Garbage:         -              3170M (77%)         270M (7%)           24M (1%)             -                  -          
[19.749s][info][gc,heap     ] GC(15) Reclaimed:         -                  -              2900M (71%)        3146M (77%)            -                  -          
[19.749s][info][gc          ] GC(15) Garbage Collection (Proactive) 3180M(78%)->128M(3%)
[20.130s][info][gc,stats    ] === Garbage Collection Statistics =======================================================================================================================
[20.130s][info][gc,stats    ]                                                              Last 10s              Last 10m              Last 10h                Total
[20.130s][info][gc,stats    ]                                                              Avg / Max             Avg / Max             Avg / Max             Avg / Max
[20.130s][info][gc,stats    ]   Collector: Garbage Collection Cycle                     42.816 / 75.787       77.039 / 587.803      77.039 / 587.803      77.039 / 587.803     ms
[20.130s][info][gc,stats    ]  Contention: Mark Segment Reset Contention                     1 / 5                 2 / 26                2 / 26                2 / 26          ops/s
[20.130s][info][gc,stats    ]  Contention: Mark SeqNum Reset Contention                      0 / 1                 0 / 2                 0 / 2                 0 / 2           ops/s
[20.130s][info][gc,stats    ]    Critical: Allocation Stall                                  0 / 0                 0 / 0                 0 / 0                 0 / 0           ops/s
[20.130s][info][gc,stats    ]    Critical: Allocation Stall                              0.000 / 0.000         0.000 / 0.000         0.000 / 0.000         0.000 / 0.000       ms
[20.130s][info][gc,stats    ]    Critical: GC Locker Stall                                   0 / 0                 0 / 0                 0 / 0                 0 / 0           ops/s
[20.130s][info][gc,stats    ]    Critical: GC Locker Stall                               0.000 / 0.000         0.000 / 0.000         0.000 / 0.000         0.000 / 0.000       ms
[20.130s][info][gc,stats    ]    Critical: Relocation Stall                                  0 / 0                 0 / 0                 0 / 0                 0 / 0           ops/s
[20.130s][info][gc,stats    ]    Critical: Relocation Stall                              0.000 / 0.000         0.000 / 0.000         0.000 / 0.000         0.000 / 0.000       ms
[20.130s][info][gc,stats    ]      Memory: Allocation Rate                                2072 / 2190           1798 / 2190           1798 / 2190           1798 / 2190        MB/s
[20.130s][info][gc,stats    ]      Memory: Defragment                                        0 / 0                 0 / 0                 0 / 0                 0 / 0           ops/s
[20.130s][info][gc,stats    ]      Memory: Out Of Memory                                     0 / 0                 0 / 0                 0 / 0                 0 / 0           ops/s
[20.130s][info][gc,stats    ]      Memory: Page Cache Flush                                  0 / 0                 0 / 0                 0 / 0                 0 / 0           MB/s
[20.130s][info][gc,stats    ]      Memory: Page Cache Hit L1                              1041 / 1107            816 / 1107            816 / 1107            816 / 1107        ops/s
[20.130s][info][gc,stats    ]      Memory: Page Cache Hit L2                                 0 / 0                 0 / 0                 0 / 0                 0 / 0           ops/s
[20.130s][info][gc,stats    ]      Memory: Page Cache Hit L3                                 0 / 0                51 / 448              51 / 448              51 / 448         ops/s
[20.130s][info][gc,stats    ]      Memory: Page Cache Miss                                   0 / 0                37 / 471              37 / 471              37 / 471         ops/s
[20.130s][info][gc,stats    ]      Memory: Uncommit                                          0 / 0                 0 / 0                 0 / 0                 0 / 0           MB/s
[20.130s][info][gc,stats    ]      Memory: Undo Object Allocation Failed                     0 / 1                 0 / 5                 0 / 5                 0 / 5           ops/s
[20.130s][info][gc,stats    ]      Memory: Undo Object Allocation Succeeded                 25 / 72               25 / 79               25 / 79               25 / 79          ops/s
[20.130s][info][gc,stats    ]      Memory: Undo Page Allocation                              0 / 1                 3 / 23                3 / 23                3 / 23          ops/s
[20.130s][info][gc,stats    ]       Phase: Concurrent Mark                              20.166 / 32.039       53.263 / 549.801      53.263 / 549.801      53.263 / 549.801     ms
[20.130s][info][gc,stats    ]       Phase: Concurrent Mark Continue                      0.000 / 0.000         0.000 / 0.000         0.000 / 0.000         0.000 / 0.000       ms
[20.130s][info][gc,stats    ]       Phase: Concurrent Mark Free                          0.001 / 0.001         0.001 / 0.002         0.001 / 0.002         0.001 / 0.002       ms
[20.130s][info][gc,stats    ]       Phase: Concurrent Process Non-Strong References     14.165 / 35.837       12.135 / 35.837       12.135 / 35.837       12.135 / 35.837      ms
[20.130s][info][gc,stats    ]       Phase: Concurrent Relocate                           2.736 / 3.882         3.088 / 6.016         3.088 / 6.016         3.088 / 6.016       ms
[20.130s][info][gc,stats    ]       Phase: Concurrent Reset Relocation Set               0.015 / 0.020         0.013 / 0.021         0.013 / 0.021         0.013 / 0.021       ms
[20.130s][info][gc,stats    ]       Phase: Concurrent Select Relocation Set              4.655 / 5.567         7.260 / 22.887        7.260 / 22.887        7.260 / 22.887      ms
[20.130s][info][gc,stats    ]       Phase: Pause Mark End                                0.018 / 0.021         0.019 / 0.030         0.019 / 0.030         0.019 / 0.030       ms
[20.130s][info][gc,stats    ]       Phase: Pause Mark Start                              0.013 / 0.017         0.013 / 0.017         0.013 / 0.017         0.013 / 0.017       ms
[20.130s][info][gc,stats    ]       Phase: Pause Relocate Start                          0.007 / 0.009         0.008 / 0.019         0.008 / 0.019         0.008 / 0.019       ms
[20.130s][info][gc,stats    ]    Subphase: Concurrent Classes Purge                      0.039 / 0.105         0.288 / 3.013         0.288 / 3.013         0.288 / 3.013       ms
[20.130s][info][gc,stats    ]    Subphase: Concurrent Classes Unlink                     2.268 / 5.049         2.794 / 7.490         2.794 / 7.490         2.794 / 7.490       ms
[20.130s][info][gc,stats    ]    Subphase: Concurrent Mark                              12.212 / 31.213       15.578 / 75.675       15.578 / 75.675       15.578 / 75.675      ms
[20.130s][info][gc,stats    ]    Subphase: Concurrent Mark Try Flush                     1.208 / 13.790        0.887 / 13.790        0.887 / 13.790        0.887 / 13.790      ms
[20.130s][info][gc,stats    ]    Subphase: Concurrent Mark Try Terminate                 4.489 / 15.651        2.925 / 15.651        2.925 / 15.651        2.925 / 15.651      ms
[20.130s][info][gc,stats    ]    Subphase: Concurrent References Enqueue                 0.001 / 0.005         0.001 / 0.005         0.001 / 0.005         0.001 / 0.005       ms
[20.130s][info][gc,stats    ]    Subphase: Concurrent References Process                 0.073 / 0.147         0.089 / 0.171         0.089 / 0.171         0.089 / 0.171       ms
[20.130s][info][gc,stats    ]    Subphase: Concurrent Roots ClassLoaderDataGraph         0.072 / 0.413         0.096 / 0.923         0.096 / 0.923         0.096 / 0.923       ms
[20.130s][info][gc,stats    ]    Subphase: Concurrent Roots CodeCache                    0.000 / 0.000         0.000 / 0.000         0.000 / 0.000         0.000 / 0.000       ms
[20.130s][info][gc,stats    ]    Subphase: Concurrent Roots JavaThreads                  0.471 / 1.063         5.368 / 473.279       5.368 / 473.279       5.368 / 473.279     ms
[20.130s][info][gc,stats    ]    Subphase: Concurrent Roots OopStorageSet                0.098 / 1.063         0.148 / 1.293         0.148 / 1.293         0.148 / 1.293       ms
[20.130s][info][gc,stats    ]    Subphase: Concurrent Weak Roots OopStorageSet           4.136 / 31.229        2.685 / 31.229        2.685 / 31.229        2.685 / 31.229      ms
[20.130s][info][gc,stats    ]    Subphase: Pause Mark Try Complete                       0.000 / 0.000         0.000 / 0.000         0.000 / 0.000         0.000 / 0.000       ms
[20.130s][info][gc,stats    ]      System: Java Threads                                     53 / 61               55 / 73               55 / 73               55 / 73          threads
[20.131s][info][gc,stats    ] =========================================================================================================================================================
[21.229s][info][gc,start    ] GC(16) Garbage Collection (Proactive)
[21.229s][info][gc,task     ] GC(16) Using 12 workers
[21.230s][info][gc,phases   ] GC(16) Pause Mark Start 0.011ms
[21.235s][info][gc,phases   ] GC(16) Concurrent Mark 5.623ms
[21.236s][info][gc,phases   ] GC(16) Pause Mark End 0.017ms
[21.236s][info][gc,phases   ] GC(16) Concurrent Mark Free 0.001ms
[21.239s][info][gc,phases   ] GC(16) Concurrent Process Non-Strong References 3.426ms
[21.239s][info][gc,phases   ] GC(16) Concurrent Reset Relocation Set 0.019ms
[21.245s][info][gc,phases   ] GC(16) Concurrent Select Relocation Set 5.824ms
[21.245s][info][gc,phases   ] GC(16) Pause Relocate Start 0.005ms
[21.248s][info][gc,phases   ] GC(16) Concurrent Relocate 2.479ms
[21.248s][info][gc,load     ] GC(16) Load: 0.00/0.00/0.00
[21.248s][info][gc,mmu      ] GC(16) MMU: 2ms/98.5%, 5ms/99.4%, 10ms/99.7%, 20ms/99.8%, 50ms/99.9%, 100ms/99.9%
[21.248s][info][gc,marking  ] GC(16) Mark: 8 stripe(s), 4 proactive flush(es), 1 terminate flush(es), 0 completion(s), 0 continuation(s) 
[21.248s][info][gc,marking  ] GC(16) Mark Stack Usage: 32M
[21.248s][info][gc,nmethod  ] GC(16) NMethods: 2119 registered, 583 unregistered
[21.248s][info][gc,metaspace] GC(16) Metaspace: 13M used, 14M committed, 1088M reserved
[21.248s][info][gc,ref      ] GC(16) Soft: 211 encountered, 0 discovered, 0 enqueued
[21.248s][info][gc,ref      ] GC(16) Weak: 723 encountered, 120 discovered, 0 enqueued
[21.248s][info][gc,ref      ] GC(16) Final: 0 encountered, 0 discovered, 0 enqueued
[21.248s][info][gc,ref      ] GC(16) Phantom: 59 encountered, 38 discovered, 0 enqueued
[21.248s][info][gc,reloc    ] GC(16) Small Pages: 1525 / 3050M, Empty: 2750M, Relocated: 3M, In-Place: 0
[21.248s][info][gc,reloc    ] GC(16) Medium Pages: 0 / 0M, Empty: 0M, Relocated: 0M, In-Place: 0
[21.248s][info][gc,reloc    ] GC(16) Large Pages: 0 / 0M, Empty: 0M, Relocated: 0M, In-Place: 0
[21.248s][info][gc,reloc    ] GC(16) Forwarding Usage: 0M
[21.248s][info][gc,heap     ] GC(16) Min Capacity: 8M(0%)
[21.248s][info][gc,heap     ] GC(16) Max Capacity: 4096M(100%)
[21.248s][info][gc,heap     ] GC(16) Soft Max Capacity: 4096M(100%)
[21.248s][info][gc,heap     ] GC(16)                Mark Start          Mark End        Relocate Start      Relocate End           High               Low         
[21.248s][info][gc,heap     ] GC(16)  Capacity:     3540M (86%)        3540M (86%)        3540M (86%)        3540M (86%)        3540M (86%)        3540M (86%)    
[21.248s][info][gc,heap     ] GC(16)      Free:     1046M (26%)         966M (24%)        3712M (91%)        3976M (97%)        3976M (97%)         964M (24%)    
[21.248s][info][gc,heap     ] GC(16)      Used:     3050M (74%)        3130M (76%)         384M (9%)          120M (3%)         3132M (76%)         120M (3%)     
[21.248s][info][gc,heap     ] GC(16)      Live:         -                 9M (0%)            9M (0%)            9M (0%)             -                  -          
[21.248s][info][gc,heap     ] GC(16) Allocated:         -                80M (2%)           84M (2%)           86M (2%)             -                  -          
[21.248s][info][gc,heap     ] GC(16)   Garbage:         -              3040M (74%)         290M (7%)           23M (1%)             -                  -          
[21.248s][info][gc,heap     ] GC(16) Reclaimed:         -                  -              2750M (67%)        3016M (74%)            -                  -          
[21.248s][info][gc          ] GC(16) Garbage Collection (Proactive) 3050M(74%)->120M(3%)
[22.531s][info][gc,start    ] GC(17) Garbage Collection (Proactive)
[22.531s][info][gc,task     ] GC(17) Using 12 workers
[22.531s][info][gc,phases   ] GC(17) Pause Mark Start 0.011ms
[22.538s][info][gc,phases   ] GC(17) Concurrent Mark 6.622ms
[22.538s][info][gc,phases   ] GC(17) Pause Mark End 0.017ms
[22.538s][info][gc,phases   ] GC(17) Concurrent Mark Free 0.001ms
[22.542s][info][gc,phases   ] GC(17) Concurrent Process Non-Strong References 3.875ms
[22.542s][info][gc,phases   ] GC(17) Concurrent Reset Relocation Set 0.021ms
[22.549s][info][gc,phases   ] GC(17) Concurrent Select Relocation Set 6.578ms
[22.549s][info][gc,phases   ] GC(17) Pause Relocate Start 0.006ms
[22.552s][info][gc,phases   ] GC(17) Concurrent Relocate 3.067ms
[22.552s][info][gc,load     ] GC(17) Load: 0.00/0.00/0.00
[22.552s][info][gc,mmu      ] GC(17) MMU: 2ms/98.5%, 5ms/99.4%, 10ms/99.7%, 20ms/99.8%, 50ms/99.9%, 100ms/99.9%
[22.552s][info][gc,marking  ] GC(17) Mark: 8 stripe(s), 4 proactive flush(es), 1 terminate flush(es), 0 completion(s), 0 continuation(s) 
[22.552s][info][gc,marking  ] GC(17) Mark Stack Usage: 32M
[22.552s][info][gc,nmethod  ] GC(17) NMethods: 2119 registered, 583 unregistered
[22.552s][info][gc,metaspace] GC(17) Metaspace: 13M used, 14M committed, 1088M reserved
[22.552s][info][gc,ref      ] GC(17) Soft: 211 encountered, 0 discovered, 0 enqueued
[22.552s][info][gc,ref      ] GC(17) Weak: 723 encountered, 111 discovered, 0 enqueued
[22.552s][info][gc,ref      ] GC(17) Final: 0 encountered, 0 discovered, 0 enqueued
[22.552s][info][gc,ref      ] GC(17) Phantom: 59 encountered, 30 discovered, 0 enqueued
[22.552s][info][gc,reloc    ] GC(17) Small Pages: 1283 / 2566M, Empty: 2306M, Relocated: 5M, In-Place: 0
[22.552s][info][gc,reloc    ] GC(17) Medium Pages: 0 / 0M, Empty: 0M, Relocated: 0M, In-Place: 0
[22.552s][info][gc,reloc    ] GC(17) Large Pages: 0 / 0M, Empty: 0M, Relocated: 0M, In-Place: 0
[22.552s][info][gc,reloc    ] GC(17) Forwarding Usage: 1M
[22.552s][info][gc,heap     ] GC(17) Min Capacity: 8M(0%)
[22.552s][info][gc,heap     ] GC(17) Max Capacity: 4096M(100%)
[22.552s][info][gc,heap     ] GC(17) Soft Max Capacity: 4096M(100%)
[22.552s][info][gc,heap     ] GC(17)                Mark Start          Mark End        Relocate Start      Relocate End           High               Low         
[22.552s][info][gc,heap     ] GC(17)  Capacity:     3540M (86%)        3540M (86%)        3540M (86%)        3540M (86%)        3540M (86%)        3540M (86%)    
[22.552s][info][gc,heap     ] GC(17)      Free:     1530M (37%)        1452M (35%)        3752M (92%)        3980M (97%)        3980M (97%)        1450M (35%)    
[22.552s][info][gc,heap     ] GC(17)      Used:     2566M (63%)        2644M (65%)         344M (8%)          116M (3%)         2646M (65%)         116M (3%)     
[22.552s][info][gc,heap     ] GC(17)      Live:         -                 9M (0%)            9M (0%)            9M (0%)             -                  -          
[22.552s][info][gc,heap     ] GC(17) Allocated:         -                78M (2%)           84M (2%)           84M (2%)             -                  -          
[22.552s][info][gc,heap     ] GC(17)   Garbage:         -              2556M (62%)         250M (6%)           21M (1%)             -                  -          
[22.552s][info][gc,heap     ] GC(17) Reclaimed:         -                  -              2306M (56%)        2534M (62%)            -                  -          
[22.552s][info][gc          ] GC(17) Garbage Collection (Proactive) 2566M(63%)->116M(3%)
[23.931s][info][gc,start    ] GC(18) Garbage Collection (Proactive)
[23.931s][info][gc,task     ] GC(18) Using 12 workers
[23.931s][info][gc,phases   ] GC(18) Pause Mark Start 0.011ms
[23.936s][info][gc,phases   ] GC(18) Concurrent Mark 5.317ms
[23.936s][info][gc,phases   ] GC(18) Pause Mark End 0.018ms
[23.937s][info][gc,phases   ] GC(18) Concurrent Mark Free 0.001ms
[23.942s][info][gc,phases   ] GC(18) Concurrent Process Non-Strong References 5.188ms
[23.942s][info][gc,phases   ] GC(18) Concurrent Reset Relocation Set 0.015ms
[23.947s][info][gc,phases   ] GC(18) Concurrent Select Relocation Set 5.042ms
[23.947s][info][gc,phases   ] GC(18) Pause Relocate Start 0.007ms
[23.948s][info][gc,phases   ] GC(18) Concurrent Relocate 0.487ms
[23.948s][info][gc,load     ] GC(18) Load: 0.00/0.00/0.00
[23.948s][info][gc,mmu      ] GC(18) MMU: 2ms/98.5%, 5ms/99.4%, 10ms/99.7%, 20ms/99.8%, 50ms/99.9%, 100ms/99.9%
[23.948s][info][gc,marking  ] GC(18) Mark: 8 stripe(s), 2 proactive flush(es), 1 terminate flush(es), 0 completion(s), 0 continuation(s) 
[23.948s][info][gc,marking  ] GC(18) Mark Stack Usage: 32M
[23.948s][info][gc,nmethod  ] GC(18) NMethods: 2119 registered, 584 unregistered
[23.948s][info][gc,metaspace] GC(18) Metaspace: 13M used, 14M committed, 1088M reserved
[23.948s][info][gc,ref      ] GC(18) Soft: 211 encountered, 0 discovered, 0 enqueued
[23.948s][info][gc,ref      ] GC(18) Weak: 723 encountered, 69 discovered, 0 enqueued
[23.948s][info][gc,ref      ] GC(18) Final: 0 encountered, 0 discovered, 0 enqueued
[23.948s][info][gc,ref      ] GC(18) Phantom: 59 encountered, 39 discovered, 0 enqueued
[23.948s][info][gc,reloc    ] GC(18) Small Pages: 1540 / 3080M, Empty: 2810M, Relocated: 2M, In-Place: 0
[23.948s][info][gc,reloc    ] GC(18) Medium Pages: 0 / 0M, Empty: 0M, Relocated: 0M, In-Place: 0
[23.948s][info][gc,reloc    ] GC(18) Large Pages: 0 / 0M, Empty: 0M, Relocated: 0M, In-Place: 0
[23.948s][info][gc,reloc    ] GC(18) Forwarding Usage: 0M
[23.948s][info][gc,heap     ] GC(18) Min Capacity: 8M(0%)
[23.948s][info][gc,heap     ] GC(18) Max Capacity: 4096M(100%)
[23.948s][info][gc,heap     ] GC(18) Soft Max Capacity: 4096M(100%)
[23.948s][info][gc,heap     ] GC(18)                Mark Start          Mark End        Relocate Start      Relocate End           High               Low         
[23.948s][info][gc,heap     ] GC(18)  Capacity:     3540M (86%)        3540M (86%)        3540M (86%)        3540M (86%)        3540M (86%)        3540M (86%)    
[23.948s][info][gc,heap     ] GC(18)      Free:     1016M (25%)         938M (23%)        3744M (91%)        3972M (97%)        3972M (97%)         936M (23%)    
[23.948s][info][gc,heap     ] GC(18)      Used:     3080M (75%)        3158M (77%)         352M (9%)          124M (3%)         3160M (77%)         124M (3%)     
[23.948s][info][gc,heap     ] GC(18)      Live:         -                10M (0%)           10M (0%)           10M (0%)             -                  -          
[23.948s][info][gc,heap     ] GC(18) Allocated:         -                78M (2%)           82M (2%)           88M (2%)             -                  -          
[23.948s][info][gc,heap     ] GC(18)   Garbage:         -              3069M (75%)         259M (6%)           25M (1%)             -                  -          
[23.948s][info][gc,heap     ] GC(18) Reclaimed:         -                  -              2810M (69%)        3044M (74%)            -                  -          
[23.948s][info][gc          ] GC(18) Garbage Collection (Proactive) 3080M(75%)->124M(3%)
[25.130s][info][gc,start    ] GC(19) Garbage Collection (Proactive)
[25.130s][info][gc,task     ] GC(19) Using 12 workers
[25.130s][info][gc,phases   ] GC(19) Pause Mark Start 0.010ms
[25.135s][info][gc,phases   ] GC(19) Concurrent Mark 4.653ms
[25.135s][info][gc,phases   ] GC(19) Pause Mark End 0.017ms
[25.135s][info][gc,phases   ] GC(19) Concurrent Mark Free 0.001ms
[25.139s][info][gc,phases   ] GC(19) Concurrent Process Non-Strong References 3.864ms
[25.139s][info][gc,phases   ] GC(19) Concurrent Reset Relocation Set 0.017ms
[25.143s][info][gc,phases   ] GC(19) Concurrent Select Relocation Set 4.088ms
[25.143s][info][gc,phases   ] GC(19) Pause Relocate Start 0.005ms
[25.146s][info][gc,phases   ] GC(19) Concurrent Relocate 2.678ms
[25.146s][info][gc,load     ] GC(19) Load: 0.00/0.00/0.00
[25.146s][info][gc,mmu      ] GC(19) MMU: 2ms/98.5%, 5ms/99.4%, 10ms/99.7%, 20ms/99.8%, 50ms/99.9%, 100ms/99.9%
[25.146s][info][gc,marking  ] GC(19) Mark: 8 stripe(s), 4 proactive flush(es), 1 terminate flush(es), 0 completion(s), 0 continuation(s) 
[25.146s][info][gc,marking  ] GC(19) Mark Stack Usage: 32M
[25.146s][info][gc,nmethod  ] GC(19) NMethods: 2119 registered, 584 unregistered
[25.146s][info][gc,metaspace] GC(19) Metaspace: 13M used, 14M committed, 1088M reserved
[25.146s][info][gc,ref      ] GC(19) Soft: 211 encountered, 0 discovered, 0 enqueued
[25.146s][info][gc,ref      ] GC(19) Weak: 703 encountered, 58 discovered, 0 enqueued
[25.146s][info][gc,ref      ] GC(19) Final: 0 encountered, 0 discovered, 0 enqueued
[25.146s][info][gc,ref      ] GC(19) Phantom: 59 encountered, 42 discovered, 0 enqueued
[25.146s][info][gc,reloc    ] GC(19) Small Pages: 1176 / 2352M, Empty: 2108M, Relocated: 5M, In-Place: 0
[25.146s][info][gc,reloc    ] GC(19) Medium Pages: 0 / 0M, Empty: 0M, Relocated: 0M, In-Place: 0
[25.146s][info][gc,reloc    ] GC(19) Large Pages: 0 / 0M, Empty: 0M, Relocated: 0M, In-Place: 0
[25.146s][info][gc,reloc    ] GC(19) Forwarding Usage: 1M
[25.146s][info][gc,heap     ] GC(19) Min Capacity: 8M(0%)
[25.147s][info][gc,heap     ] GC(19) Max Capacity: 4096M(100%)
[25.147s][info][gc,heap     ] GC(19) Soft Max Capacity: 4096M(100%)
[25.147s][info][gc,heap     ] GC(19)                Mark Start          Mark End        Relocate Start      Relocate End           High               Low         
[25.147s][info][gc,heap     ] GC(19)  Capacity:     3540M (86%)        3540M (86%)        3540M (86%)        3540M (86%)        3540M (86%)        3540M (86%)    
[25.147s][info][gc,heap     ] GC(19)      Free:     1744M (43%)        1676M (41%)        3774M (92%)        3978M (97%)        3978M (97%)        1670M (41%)    
[25.147s][info][gc,heap     ] GC(19)      Used:     2352M (57%)        2420M (59%)         322M (8%)          118M (3%)         2426M (59%)         118M (3%)     
[25.147s][info][gc,heap     ] GC(19)      Live:         -                 9M (0%)            9M (0%)            9M (0%)             -                  -          
[25.147s][info][gc,heap     ] GC(19) Allocated:         -                68M (2%)           78M (2%)           86M (2%)             -                  -          
[25.147s][info][gc,heap     ] GC(19)   Garbage:         -              2342M (57%)         234M (6%)           21M (1%)             -                  -          
[25.147s][info][gc,heap     ] GC(19) Reclaimed:         -                  -              2108M (51%)        2320M (57%)            -                  -          
[25.147s][info][gc          ] GC(19) Garbage Collection (Proactive) 2352M(57%)->118M(3%)
[25.610s][info][gc,start    ] GC(20) Garbage Collection (System.gc())
[25.610s][info][gc,task     ] GC(20) Using 12 workers
[25.610s][info][gc,phases   ] GC(20) Pause Mark Start 0.017ms
[25.616s][info][gc,phases   ] GC(20) Concurrent Mark 5.614ms
[25.616s][info][gc,phases   ] GC(20) Pause Mark End 0.018ms
[25.616s][info][gc,phases   ] GC(20) Concurrent Mark Free 0.002ms
[25.622s][info][gc,phases   ] GC(20) Concurrent Process Non-Strong References 5.347ms
[25.622s][info][gc,phases   ] GC(20) Concurrent Reset Relocation Set 0.013ms
[25.627s][info][gc,phases   ] GC(20) Concurrent Select Relocation Set 5.512ms
[25.627s][info][gc,phases   ] GC(20) Pause Relocate Start 0.008ms
[25.630s][info][gc,phases   ] GC(20) Concurrent Relocate 2.900ms
[25.630s][info][gc,load     ] GC(20) Load: 0.00/0.00/0.00
[25.630s][info][gc,mmu      ] GC(20) MMU: 2ms/98.5%, 5ms/99.4%, 10ms/99.6%, 20ms/99.8%, 50ms/99.9%, 100ms/99.9%
[25.630s][info][gc,marking  ] GC(20) Mark: 8 stripe(s), 2 proactive flush(es), 1 terminate flush(es), 0 completion(s), 0 continuation(s) 
[25.630s][info][gc,marking  ] GC(20) Mark Stack Usage: 32M
[25.630s][info][gc,nmethod  ] GC(20) NMethods: 2119 registered, 584 unregistered
[25.630s][info][gc,metaspace] GC(20) Metaspace: 13M used, 14M committed, 1088M reserved
[25.630s][info][gc,ref      ] GC(20) Soft: 211 encountered, 0 discovered, 0 enqueued
[25.630s][info][gc,ref      ] GC(20) Weak: 623 encountered, 138 discovered, 0 enqueued
[25.631s][info][gc,ref      ] GC(20) Final: 0 encountered, 0 discovered, 0 enqueued
[25.631s][info][gc,ref      ] GC(20) Phantom: 59 encountered, 36 discovered, 0 enqueued
[25.631s][info][gc,reloc    ] GC(20) Small Pages: 558 / 1116M, Empty: 1050M, Relocated: 3M, In-Place: 0
[25.631s][info][gc,reloc    ] GC(20) Medium Pages: 0 / 0M, Empty: 0M, Relocated: 0M, In-Place: 0
[25.631s][info][gc,reloc    ] GC(20) Large Pages: 0 / 0M, Empty: 0M, Relocated: 0M, In-Place: 0
[25.631s][info][gc,reloc    ] GC(20) Forwarding Usage: 1M
[25.631s][info][gc,heap     ] GC(20) Min Capacity: 8M(0%)
[25.631s][info][gc,heap     ] GC(20) Max Capacity: 4096M(100%)
[25.631s][info][gc,heap     ] GC(20) Soft Max Capacity: 4096M(100%)
[25.631s][info][gc,heap     ] GC(20)                Mark Start          Mark End        Relocate Start      Relocate End           High               Low         
[25.631s][info][gc,heap     ] GC(20)  Capacity:     3540M (86%)        3540M (86%)        3540M (86%)        3540M (86%)        3540M (86%)        3540M (86%)    
[25.631s][info][gc,heap     ] GC(20)      Free:     2980M (73%)        2980M (73%)        4030M (98%)        4068M (99%)        4068M (99%)        2980M (73%)    
[25.631s][info][gc,heap     ] GC(20)      Used:     1116M (27%)        1116M (27%)          66M (2%)           28M (1%)         1116M (27%)          28M (1%)     
[25.631s][info][gc,heap     ] GC(20)      Live:         -                 6M (0%)            6M (0%)            6M (0%)             -                  -          
[25.631s][info][gc,heap     ] GC(20) Allocated:         -                 0M (0%)            0M (0%)            0M (0%)             -                  -          
[25.631s][info][gc,heap     ] GC(20)   Garbage:         -              1109M (27%)          59M (1%)           21M (1%)             -                  -          
[25.631s][info][gc,heap     ] GC(20) Reclaimed:         -                  -              1050M (26%)        1088M (27%)            -                  -          
[25.631s][info][gc          ] GC(20) Garbage Collection (System.gc()) 1116M(27%)->28M(1%)
[26.930s][info][gc,start    ] GC(21) Garbage Collection (Proactive)
[26.930s][info][gc,task     ] GC(21) Using 12 workers
[26.930s][info][gc,phases   ] GC(21) Pause Mark Start 0.013ms
[26.937s][info][gc,phases   ] GC(21) Concurrent Mark 6.600ms
[26.937s][info][gc,phases   ] GC(21) Pause Mark End 0.021ms
[26.937s][info][gc,phases   ] GC(21) Concurrent Mark Free 0.001ms
[26.942s][info][gc,phases   ] GC(21) Concurrent Process Non-Strong References 4.746ms
[26.942s][info][gc,phases   ] GC(21) Concurrent Reset Relocation Set 0.005ms
[26.947s][info][gc,phases   ] GC(21) Concurrent Select Relocation Set 4.605ms
[26.947s][info][gc,phases   ] GC(21) Pause Relocate Start 0.006ms
[26.951s][info][gc,phases   ] GC(21) Concurrent Relocate 4.439ms
[26.951s][info][gc,load     ] GC(21) Load: 0.00/0.00/0.00
[26.951s][info][gc,mmu      ] GC(21) MMU: 2ms/98.5%, 5ms/99.4%, 10ms/99.6%, 20ms/99.8%, 50ms/99.9%, 100ms/99.9%
[26.951s][info][gc,marking  ] GC(21) Mark: 8 stripe(s), 3 proactive flush(es), 1 terminate flush(es), 0 completion(s), 0 continuation(s) 
[26.951s][info][gc,marking  ] GC(21) Mark Stack Usage: 32M
[26.951s][info][gc,nmethod  ] GC(21) NMethods: 2156 registered, 588 unregistered
[26.951s][info][gc,metaspace] GC(21) Metaspace: 13M used, 14M committed, 1088M reserved
[26.951s][info][gc,ref      ] GC(21) Soft: 211 encountered, 0 discovered, 0 enqueued
[26.951s][info][gc,ref      ] GC(21) Weak: 729 encountered, 76 discovered, 2 enqueued
[26.951s][info][gc,ref      ] GC(21) Final: 0 encountered, 0 discovered, 0 enqueued
[26.951s][info][gc,ref      ] GC(21) Phantom: 59 encountered, 34 discovered, 0 enqueued
[26.951s][info][gc,reloc    ] GC(21) Small Pages: 1320 / 2640M, Empty: 2382M, Relocated: 4M, In-Place: 0
[26.951s][info][gc,reloc    ] GC(21) Medium Pages: 0 / 0M, Empty: 0M, Relocated: 0M, In-Place: 0
[26.951s][info][gc,reloc    ] GC(21) Large Pages: 0 / 0M, Empty: 0M, Relocated: 0M, In-Place: 0
[26.951s][info][gc,reloc    ] GC(21) Forwarding Usage: 1M
[26.951s][info][gc,heap     ] GC(21) Min Capacity: 8M(0%)
[26.951s][info][gc,heap     ] GC(21) Max Capacity: 4096M(100%)
[26.951s][info][gc,heap     ] GC(21) Soft Max Capacity: 4096M(100%)
[26.952s][info][gc,heap     ] GC(21)                Mark Start          Mark End        Relocate Start      Relocate End           High               Low         
[26.952s][info][gc,heap     ] GC(21)  Capacity:     3540M (86%)        3540M (86%)        3540M (86%)        3540M (86%)        3540M (86%)        3540M (86%)    
[26.952s][info][gc,heap     ] GC(21)      Free:     1456M (36%)        1376M (34%)        3754M (92%)        3974M (97%)        3974M (97%)        1372M (33%)    
[26.952s][info][gc,heap     ] GC(21)      Used:     2640M (64%)        2720M (66%)         342M (8%)          122M (3%)         2724M (67%)         122M (3%)     
[26.952s][info][gc,heap     ] GC(21)      Live:         -                 8M (0%)            8M (0%)            8M (0%)             -                  -          
[26.952s][info][gc,heap     ] GC(21) Allocated:         -                80M (2%)           84M (2%)           90M (2%)             -                  -          
[26.952s][info][gc,heap     ] GC(21)   Garbage:         -              2631M (64%)         249M (6%)           22M (1%)             -                  -          
[26.952s][info][gc,heap     ] GC(21) Reclaimed:         -                  -              2382M (58%)        2608M (64%)            -                  -          
[26.952s][info][gc          ] GC(21) Garbage Collection (Proactive) 2640M(64%)->122M(3%)
[28.330s][info][gc,start    ] GC(22) Garbage Collection (Proactive)
[28.330s][info][gc,task     ] GC(22) Using 12 workers
[28.330s][info][gc,phases   ] GC(22) Pause Mark Start 0.012ms
[28.336s][info][gc,phases   ] GC(22) Concurrent Mark 5.642ms
[28.336s][info][gc,phases   ] GC(22) Pause Mark End 0.017ms
[28.336s][info][gc,phases   ] GC(22) Concurrent Mark Free 0.001ms
[28.341s][info][gc,phases   ] GC(22) Concurrent Process Non-Strong References 4.331ms
[28.341s][info][gc,phases   ] GC(22) Concurrent Reset Relocation Set 0.015ms
[28.347s][info][gc,phases   ] GC(22) Concurrent Select Relocation Set 6.601ms
[28.347s][info][gc,phases   ] GC(22) Pause Relocate Start 0.005ms
[28.352s][info][gc,phases   ] GC(22) Concurrent Relocate 4.383ms
[28.352s][info][gc,load     ] GC(22) Load: 0.00/0.00/0.00
[28.352s][info][gc,mmu      ] GC(22) MMU: 2ms/98.5%, 5ms/99.4%, 10ms/99.6%, 20ms/99.8%, 50ms/99.9%, 100ms/99.9%
[28.352s][info][gc,marking  ] GC(22) Mark: 8 stripe(s), 2 proactive flush(es), 1 terminate flush(es), 0 completion(s), 0 continuation(s) 
[28.352s][info][gc,marking  ] GC(22) Mark Stack Usage: 32M
[28.352s][info][gc,nmethod  ] GC(22) NMethods: 2156 registered, 589 unregistered
[28.352s][info][gc,metaspace] GC(22) Metaspace: 13M used, 14M committed, 1088M reserved
[28.352s][info][gc,ref      ] GC(22) Soft: 211 encountered, 0 discovered, 0 enqueued
[28.352s][info][gc,ref      ] GC(22) Weak: 727 encountered, 52 discovered, 0 enqueued
[28.352s][info][gc,ref      ] GC(22) Final: 0 encountered, 0 discovered, 0 enqueued
[28.352s][info][gc,ref      ] GC(22) Phantom: 59 encountered, 37 discovered, 0 enqueued
[28.352s][info][gc,reloc    ] GC(22) Small Pages: 1338 / 2676M, Empty: 2412M, Relocated: 4M, In-Place: 0
[28.352s][info][gc,reloc    ] GC(22) Medium Pages: 0 / 0M, Empty: 0M, Relocated: 0M, In-Place: 0
[28.352s][info][gc,reloc    ] GC(22) Large Pages: 0 / 0M, Empty: 0M, Relocated: 0M, In-Place: 0
[28.352s][info][gc,reloc    ] GC(22) Forwarding Usage: 1M
[28.352s][info][gc,heap     ] GC(22) Min Capacity: 8M(0%)
[28.352s][info][gc,heap     ] GC(22) Max Capacity: 4096M(100%)
[28.352s][info][gc,heap     ] GC(22) Soft Max Capacity: 4096M(100%)
[28.352s][info][gc,heap     ] GC(22)                Mark Start          Mark End        Relocate Start      Relocate End           High               Low         
[28.352s][info][gc,heap     ] GC(22)  Capacity:     3540M (86%)        3540M (86%)        3540M (86%)        3540M (86%)        3540M (86%)        3540M (86%)    
[28.352s][info][gc,heap     ] GC(22)      Free:     1420M (35%)        1342M (33%)        3744M (91%)        3970M (97%)        3970M (97%)        1334M (33%)    
[28.352s][info][gc,heap     ] GC(22)      Used:     2676M (65%)        2754M (67%)         352M (9%)          126M (3%)         2762M (67%)         126M (3%)     
[28.352s][info][gc,heap     ] GC(22)      Live:         -                 9M (0%)            9M (0%)            9M (0%)             -                  -          
[28.352s][info][gc,heap     ] GC(22) Allocated:         -                78M (2%)           88M (2%)           94M (2%)             -                  -          
[28.352s][info][gc,heap     ] GC(22)   Garbage:         -              2666M (65%)         254M (6%)           22M (1%)             -                  -          
[28.352s][info][gc,heap     ] GC(22) Reclaimed:         -                  -              2412M (59%)        2644M (65%)            -                  -          
[28.352s][info][gc          ] GC(22) Garbage Collection (Proactive) 2676M(65%)->126M(3%)
[29.730s][info][gc,start    ] GC(23) Garbage Collection (Proactive)
[29.730s][info][gc,task     ] GC(23) Using 12 workers
[29.843s][info][gc,phases   ] GC(23) Pause Mark Start 0.018ms
[29.860s][info][gc,phases   ] GC(23) Concurrent Mark 16.683ms
[29.860s][info][gc,phases   ] GC(23) Pause Mark End 0.026ms
[29.860s][info][gc,phases   ] GC(23) Concurrent Mark Free 0.001ms
[29.868s][info][gc,phases   ] GC(23) Concurrent Process Non-Strong References 7.297ms
[29.868s][info][gc,phases   ] GC(23) Concurrent Reset Relocation Set 0.020ms
[29.872s][info][gc,phases   ] GC(23) Concurrent Select Relocation Set 4.413ms
[29.872s][info][gc,phases   ] GC(23) Pause Relocate Start 0.005ms
[29.875s][info][gc,phases   ] GC(23) Concurrent Relocate 2.518ms
[29.875s][info][gc,load     ] GC(23) Load: 0.00/0.00/0.00
[29.875s][info][gc,mmu      ] GC(23) MMU: 2ms/98.5%, 5ms/99.4%, 10ms/99.6%, 20ms/99.8%, 50ms/99.9%, 100ms/99.9%
[29.875s][info][gc,marking  ] GC(23) Mark: 8 stripe(s), 2 proactive flush(es), 1 terminate flush(es), 0 completion(s), 0 continuation(s) 
[29.875s][info][gc,marking  ] GC(23) Mark Stack Usage: 32M
[29.875s][info][gc,nmethod  ] GC(23) NMethods: 2156 registered, 589 unregistered
[29.875s][info][gc,metaspace] GC(23) Metaspace: 13M used, 14M committed, 1088M reserved
[29.875s][info][gc,ref      ] GC(23) Soft: 211 encountered, 0 discovered, 0 enqueued
[29.875s][info][gc,ref      ] GC(23) Weak: 727 encountered, 99 discovered, 0 enqueued
[29.875s][info][gc,ref      ] GC(23) Final: 0 encountered, 0 discovered, 0 enqueued
[29.875s][info][gc,ref      ] GC(23) Phantom: 59 encountered, 39 discovered, 0 enqueued
[29.875s][info][gc,reloc    ] GC(23) Small Pages: 1472 / 2944M, Empty: 2676M, Relocated: 4M, In-Place: 0
[29.875s][info][gc,reloc    ] GC(23) Medium Pages: 0 / 0M, Empty: 0M, Relocated: 0M, In-Place: 0
[29.875s][info][gc,reloc    ] GC(23) Large Pages: 0 / 0M, Empty: 0M, Relocated: 0M, In-Place: 0
[29.875s][info][gc,reloc    ] GC(23) Forwarding Usage: 1M
[29.875s][info][gc,heap     ] GC(23) Min Capacity: 8M(0%)
[29.875s][info][gc,heap     ] GC(23) Max Capacity: 4096M(100%)
[29.875s][info][gc,heap     ] GC(23) Soft Max Capacity: 4096M(100%)
[29.875s][info][gc,heap     ] GC(23)                Mark Start          Mark End        Relocate Start      Relocate End           High               Low         
[29.875s][info][gc,heap     ] GC(23)  Capacity:     3540M (86%)        3540M (86%)        3540M (86%)        3540M (86%)        3540M (86%)        3540M (86%)    
[29.875s][info][gc,heap     ] GC(23)      Free:     1152M (28%)        1066M (26%)        3734M (91%)        3972M (97%)        3972M (97%)        1064M (26%)    
[29.875s][info][gc,heap     ] GC(23)      Used:     2944M (72%)        3030M (74%)         362M (9%)          124M (3%)         3032M (74%)         124M (3%)     
[29.875s][info][gc,heap     ] GC(23)      Live:         -                 9M (0%)            9M (0%)            9M (0%)             -                  -          
[29.875s][info][gc,heap     ] GC(23) Allocated:         -                86M (2%)           94M (2%)           92M (2%)             -                  -          
[29.875s][info][gc,heap     ] GC(23)   Garbage:         -              2934M (72%)         258M (6%)           22M (1%)             -                  -          
[29.875s][info][gc,heap     ] GC(23) Reclaimed:         -                  -              2676M (65%)        2912M (71%)            -                  -          
[29.876s][info][gc          ] GC(23) Garbage Collection (Proactive) 2944M(72%)->124M(3%)
[30.130s][info][gc,stats    ] === Garbage Collection Statistics =======================================================================================================================
[30.130s][info][gc,stats    ]                                                              Last 10s              Last 10m              Last 10h                Total
[30.130s][info][gc,stats    ]                                                              Avg / Max             Avg / Max             Avg / Max             Avg / Max
[30.130s][info][gc,stats    ]   Collector: Garbage Collection Cycle                     35.201 / 144.947      63.093 / 587.803      63.093 / 587.803      63.093 / 587.803     ms
[30.130s][info][gc,stats    ]  Contention: Mark Segment Reset Contention                     7 / 17                4 / 26                4 / 26                4 / 26          ops/s
[30.130s][info][gc,stats    ]  Contention: Mark SeqNum Reset Contention                      1 / 3                 0 / 3                 0 / 3                 0 / 3           ops/s
[30.130s][info][gc,stats    ]    Critical: Allocation Stall                                  0 / 0                 0 / 0                 0 / 0                 0 / 0           ops/s
[30.130s][info][gc,stats    ]    Critical: Allocation Stall                              0.000 / 0.000         0.000 / 0.000         0.000 / 0.000         0.000 / 0.000       ms
[30.130s][info][gc,stats    ]    Critical: GC Locker Stall                                   0 / 0                 0 / 0                 0 / 0                 0 / 0           ops/s
[30.130s][info][gc,stats    ]    Critical: GC Locker Stall                               0.000 / 0.000         0.000 / 0.000         0.000 / 0.000         0.000 / 0.000       ms
[30.130s][info][gc,stats    ]    Critical: Relocation Stall                                  0 / 0                 0 / 0                 0 / 0                 0 / 0           ops/s
[30.130s][info][gc,stats    ]    Critical: Relocation Stall                              0.000 / 0.000         0.000 / 0.000         0.000 / 0.000         0.000 / 0.000       ms
[30.130s][info][gc,stats    ]      Memory: Allocation Rate                                1992 / 2132           1863 / 2190           1863 / 2190           1863 / 2190        MB/s
[30.130s][info][gc,stats    ]      Memory: Defragment                                        0 / 0                 0 / 0                 0 / 0                 0 / 0           ops/s
[30.130s][info][gc,stats    ]      Memory: Out Of Memory                                     0 / 0                 0 / 0                 0 / 0                 0 / 0           ops/s
[30.130s][info][gc,stats    ]      Memory: Page Cache Flush                                  0 / 0                 0 / 0                 0 / 0                 0 / 0           MB/s
[30.130s][info][gc,stats    ]      Memory: Page Cache Hit L1                              1005 / 1078            879 / 1107            879 / 1107            879 / 1107        ops/s
[30.130s][info][gc,stats    ]      Memory: Page Cache Hit L2                                 0 / 0                 0 / 0                 0 / 0                 0 / 0           ops/s
[30.130s][info][gc,stats    ]      Memory: Page Cache Hit L3                                 0 / 0                34 / 448              34 / 448              34 / 448         ops/s
[30.130s][info][gc,stats    ]      Memory: Page Cache Miss                                   0 / 0                24 / 471              24 / 471              24 / 471         ops/s
[30.131s][info][gc,stats    ]      Memory: Uncommit                                          0 / 0                 0 / 0                 0 / 0                 0 / 0           MB/s
[30.131s][info][gc,stats    ]      Memory: Undo Object Allocation Failed                     0 / 0                 0 / 5                 0 / 5                 0 / 5           ops/s
[30.131s][info][gc,stats    ]      Memory: Undo Object Allocation Succeeded                 20 / 50               23 / 79               23 / 79               23 / 79          ops/s
[30.131s][info][gc,stats    ]      Memory: Undo Page Allocation                              0 / 1                 2 / 23                2 / 23                2 / 23          ops/s
[30.131s][info][gc,stats    ]       Phase: Concurrent Mark                               7.094 / 16.683       37.873 / 549.801      37.873 / 549.801      37.873 / 549.801     ms
[30.131s][info][gc,stats    ]       Phase: Concurrent Mark Continue                      0.000 / 0.000         0.000 / 0.000         0.000 / 0.000         0.000 / 0.000       ms
[30.131s][info][gc,stats    ]       Phase: Concurrent Mark Free                          0.001 / 0.002         0.001 / 0.002         0.001 / 0.002         0.001 / 0.002       ms
[30.131s][info][gc,stats    ]       Phase: Concurrent Process Non-Strong References      4.759 / 7.297         9.676 / 35.837        9.676 / 35.837        9.676 / 35.837      ms
[30.131s][info][gc,stats    ]       Phase: Concurrent Relocate                           2.869 / 4.439         3.015 / 6.016         3.015 / 6.016         3.015 / 6.016       ms
[30.131s][info][gc,stats    ]       Phase: Concurrent Reset Relocation Set               0.016 / 0.021         0.014 / 0.021         0.014 / 0.021         0.014 / 0.021       ms
[30.131s][info][gc,stats    ]       Phase: Concurrent Select Relocation Set              5.333 / 6.601         6.618 / 22.887        6.618 / 22.887        6.618 / 22.887      ms
[30.131s][info][gc,stats    ]       Phase: Pause Mark End                                0.019 / 0.026         0.019 / 0.030         0.019 / 0.030         0.019 / 0.030       ms
[30.131s][info][gc,stats    ]       Phase: Pause Mark Start                              0.013 / 0.018         0.013 / 0.018         0.013 / 0.018         0.013 / 0.018       ms
[30.131s][info][gc,stats    ]       Phase: Pause Relocate Start                          0.006 / 0.008         0.007 / 0.019         0.007 / 0.019         0.007 / 0.019       ms
[30.131s][info][gc,stats    ]    Subphase: Concurrent Classes Purge                      0.017 / 0.071         0.197 / 3.013         0.197 / 3.013         0.197 / 3.013       ms
[30.131s][info][gc,stats    ]    Subphase: Concurrent Classes Unlink                     0.564 / 0.661         2.050 / 7.490         2.050 / 7.490         2.050 / 7.490       ms
[30.131s][info][gc,stats    ]    Subphase: Concurrent Mark                               5.924 / 15.026       11.012 / 75.675       11.012 / 75.675       11.012 / 75.675      ms
[30.131s][info][gc,stats    ]    Subphase: Concurrent Mark Try Flush                     0.097 / 0.190         0.588 / 13.790        0.588 / 13.790        0.588 / 13.790      ms
[30.131s][info][gc,stats    ]    Subphase: Concurrent Mark Try Terminate                 1.410 / 1.997         2.359 / 15.651        2.359 / 15.651        2.359 / 15.651      ms
[30.131s][info][gc,stats    ]    Subphase: Concurrent References Enqueue                 0.001 / 0.003         0.001 / 0.005         0.001 / 0.005         0.001 / 0.005       ms
[30.131s][info][gc,stats    ]    Subphase: Concurrent References Process                 0.046 / 0.065         0.075 / 0.171         0.075 / 0.171         0.075 / 0.171       ms
[30.131s][info][gc,stats    ]    Subphase: Concurrent Roots ClassLoaderDataGraph         0.068 / 0.762         0.083 / 0.923         0.083 / 0.923         0.083 / 0.923       ms
[30.131s][info][gc,stats    ]    Subphase: Concurrent Roots CodeCache                    0.000 / 0.000         0.000 / 0.000         0.000 / 0.000         0.000 / 0.000       ms
[30.131s][info][gc,stats    ]    Subphase: Concurrent Roots JavaThreads                  0.423 / 1.123         3.044 / 473.279       3.044 / 473.279       3.044 / 473.279     ms
[30.131s][info][gc,stats    ]    Subphase: Concurrent Roots OopStorageSet                0.104 / 1.317         0.126 / 1.317         0.126 / 1.317         0.126 / 1.317       ms
[30.131s][info][gc,stats    ]    Subphase: Concurrent Weak Roots OopStorageSet           3.978 / 6.442         3.297 / 31.229        3.297 / 31.229        3.297 / 31.229      ms
[30.131s][info][gc,stats    ]    Subphase: Pause Mark Try Complete                       0.000 / 0.000         0.000 / 0.000         0.000 / 0.000         0.000 / 0.000       ms
[30.131s][info][gc,stats    ]      System: Java Threads                                     52 / 61               54 / 73               54 / 73               54 / 73          threads
[30.131s][info][gc,stats    ] =========================================================================================================================================================
[30.929s][info][gc,start    ] GC(24) Garbage Collection (Allocation Rate)
[30.929s][info][gc,task     ] GC(24) Using 1 workers
[30.930s][info][gc,phases   ] GC(24) Pause Mark Start 0.011ms
[30.961s][info][gc,phases   ] GC(24) Concurrent Mark 31.119ms
[30.961s][info][gc,phases   ] GC(24) Pause Mark End 0.017ms
[30.961s][info][gc,phases   ] GC(24) Concurrent Mark Free 0.002ms
[31.002s][info][gc,phases   ] GC(24) Concurrent Process Non-Strong References 40.513ms
[31.002s][info][gc,phases   ] GC(24) Concurrent Reset Relocation Set 0.018ms
[31.006s][info][gc,phases   ] GC(24) Concurrent Select Relocation Set 4.634ms
[31.006s][info][gc,phases   ] GC(24) Pause Relocate Start 0.007ms
[31.012s][info][gc,phases   ] GC(24) Concurrent Relocate 5.601ms
[31.012s][info][gc,load     ] GC(24) Load: 0.00/0.00/0.00
[31.012s][info][gc,mmu      ] GC(24) MMU: 2ms/98.5%, 5ms/99.4%, 10ms/99.6%, 20ms/99.8%, 50ms/99.9%, 100ms/99.9%
[31.012s][info][gc,marking  ] GC(24) Mark: 1 stripe(s), 2 proactive flush(es), 1 terminate flush(es), 0 completion(s), 0 continuation(s) 
[31.012s][info][gc,marking  ] GC(24) Mark Stack Usage: 32M
[31.012s][info][gc,nmethod  ] GC(24) NMethods: 2156 registered, 589 unregistered
[31.012s][info][gc,metaspace] GC(24) Metaspace: 13M used, 14M committed, 1088M reserved
[31.012s][info][gc,ref      ] GC(24) Soft: 211 encountered, 0 discovered, 0 enqueued
[31.012s][info][gc,ref      ] GC(24) Weak: 727 encountered, 441 discovered, 0 enqueued
[31.012s][info][gc,ref      ] GC(24) Final: 0 encountered, 0 discovered, 0 enqueued
[31.012s][info][gc,ref      ] GC(24) Phantom: 59 encountered, 46 discovered, 0 enqueued
[31.012s][info][gc,reloc    ] GC(24) Small Pages: 1131 / 2262M, Empty: 2016M, Relocated: 5M, In-Place: 0
[31.012s][info][gc,reloc    ] GC(24) Medium Pages: 0 / 0M, Empty: 0M, Relocated: 0M, In-Place: 0
[31.013s][info][gc,reloc    ] GC(24) Large Pages: 0 / 0M, Empty: 0M, Relocated: 0M, In-Place: 0
[31.013s][info][gc,reloc    ] GC(24) Forwarding Usage: 1M
[31.013s][info][gc,heap     ] GC(24) Min Capacity: 8M(0%)
[31.013s][info][gc,heap     ] GC(24) Max Capacity: 4096M(100%)
[31.013s][info][gc,heap     ] GC(24) Soft Max Capacity: 4096M(100%)
[31.013s][info][gc,heap     ] GC(24)                Mark Start          Mark End        Relocate Start      Relocate End           High               Low         
[31.013s][info][gc,heap     ] GC(24)  Capacity:     3540M (86%)        3540M (86%)        3540M (86%)        3540M (86%)        3540M (86%)        3540M (86%)    
[31.013s][info][gc,heap     ] GC(24)      Free:     1834M (45%)        1738M (42%)        3658M (89%)        3886M (95%)        3886M (95%)        1644M (40%)    
[31.013s][info][gc,heap     ] GC(24)      Used:     2262M (55%)        2358M (58%)         438M (11%)         210M (5%)         2452M (60%)         210M (5%)     
[31.013s][info][gc,heap     ] GC(24)      Live:         -                 9M (0%)            9M (0%)            9M (0%)             -                  -          
[31.013s][info][gc,heap     ] GC(24) Allocated:         -                96M (2%)          192M (5%)          198M (5%)             -                  -          
[31.013s][info][gc,heap     ] GC(24)   Garbage:         -              2252M (55%)         236M (6%)            2M (0%)             -                  -          
[31.013s][info][gc,heap     ] GC(24) Reclaimed:         -                  -              2016M (49%)        2250M (55%)            -                  -          
[31.013s][info][gc          ] GC(24) Garbage Collection (Allocation Rate) 2262M(55%)->210M(5%)
[32.130s][info][gc,start    ] GC(25) Garbage Collection (Allocation Rate)
[32.130s][info][gc,task     ] GC(25) Using 1 workers
[32.130s][info][gc,phases   ] GC(25) Pause Mark Start 0.010ms
[32.163s][info][gc,phases   ] GC(25) Concurrent Mark 32.649ms
[32.163s][info][gc,phases   ] GC(25) Pause Mark End 0.019ms
[32.163s][info][gc,phases   ] GC(25) Concurrent Mark Free 0.001ms
[32.213s][info][gc,phases   ] GC(25) Concurrent Process Non-Strong References 49.591ms
[32.213s][info][gc,phases   ] GC(25) Concurrent Reset Relocation Set 0.019ms
[32.218s][info][gc,phases   ] GC(25) Concurrent Select Relocation Set 4.737ms
[32.218s][info][gc,phases   ] GC(25) Pause Relocate Start 0.008ms
[32.221s][info][gc,phases   ] GC(25) Concurrent Relocate 2.578ms
[32.221s][info][gc,load     ] GC(25) Load: 0.00/0.00/0.00
[32.221s][info][gc,mmu      ] GC(25) MMU: 2ms/98.5%, 5ms/99.4%, 10ms/99.6%, 20ms/99.8%, 50ms/99.9%, 100ms/99.9%
[32.221s][info][gc,marking  ] GC(25) Mark: 1 stripe(s), 2 proactive flush(es), 1 terminate flush(es), 0 completion(s), 0 continuation(s) 
[32.221s][info][gc,marking  ] GC(25) Mark Stack Usage: 32M
[32.221s][info][gc,nmethod  ] GC(25) NMethods: 2156 registered, 589 unregistered
[32.221s][info][gc,metaspace] GC(25) Metaspace: 13M used, 14M committed, 1088M reserved
[32.221s][info][gc,ref      ] GC(25) Soft: 211 encountered, 0 discovered, 0 enqueued
[32.221s][info][gc,ref      ] GC(25) Weak: 727 encountered, 441 discovered, 0 enqueued
[32.221s][info][gc,ref      ] GC(25) Final: 0 encountered, 0 discovered, 0 enqueued
[32.221s][info][gc,ref      ] GC(25) Phantom: 59 encountered, 46 discovered, 0 enqueued
[32.221s][info][gc,reloc    ] GC(25) Small Pages: 1293 / 2586M, Empty: 2342M, Relocated: 2M, In-Place: 0
[32.221s][info][gc,reloc    ] GC(25) Medium Pages: 0 / 0M, Empty: 0M, Relocated: 0M, In-Place: 0
[32.221s][info][gc,reloc    ] GC(25) Large Pages: 0 / 0M, Empty: 0M, Relocated: 0M, In-Place: 0
[32.221s][info][gc,reloc    ] GC(25) Forwarding Usage: 0M
[32.221s][info][gc,heap     ] GC(25) Min Capacity: 8M(0%)
[32.221s][info][gc,heap     ] GC(25) Max Capacity: 4096M(100%)
[32.221s][info][gc,heap     ] GC(25) Soft Max Capacity: 4096M(100%)
[32.221s][info][gc,heap     ] GC(25)                Mark Start          Mark End        Relocate Start      Relocate End           High               Low         
[32.221s][info][gc,heap     ] GC(25)  Capacity:     3540M (86%)        3540M (86%)        3540M (86%)        3540M (86%)        3540M (86%)        3540M (86%)    
[32.221s][info][gc,heap     ] GC(25)      Free:     1510M (37%)        1416M (35%)        3600M (88%)        3816M (93%)        3816M (93%)        1298M (32%)    
[32.221s][info][gc,heap     ] GC(25)      Used:     2586M (63%)        2680M (65%)         496M (12%)         280M (7%)         2798M (68%)         280M (7%)     
[32.221s][info][gc,heap     ] GC(25)      Live:         -                 9M (0%)            9M (0%)            9M (0%)             -                  -          
[32.221s][info][gc,heap     ] GC(25) Allocated:         -                94M (2%)          252M (6%)          268M (7%)             -                  -          
[32.221s][info][gc,heap     ] GC(25)   Garbage:         -              2576M (63%)         234M (6%)            1M (0%)             -                  -          
[32.221s][info][gc,heap     ] GC(25) Reclaimed:         -                  -              2342M (57%)        2574M (63%)            -                  -          
[32.221s][info][gc          ] GC(25) Garbage Collection (Allocation Rate) 2586M(63%)->280M(7%)
[33.730s][info][gc,start    ] GC(26) Garbage Collection (Allocation Rate)
[33.730s][info][gc,task     ] GC(26) Using 1 workers
[33.730s][info][gc,phases   ] GC(26) Pause Mark Start 0.014ms
[33.751s][info][gc,phases   ] GC(26) Concurrent Mark 20.931ms
[33.751s][info][gc,phases   ] GC(26) Pause Mark End 0.016ms
[33.751s][info][gc,phases   ] GC(26) Concurrent Mark Free 0.001ms
[33.789s][info][gc,phases   ] GC(26) Concurrent Process Non-Strong References 37.924ms
[33.789s][info][gc,phases   ] GC(26) Concurrent Reset Relocation Set 0.022ms
[33.794s][info][gc,phases   ] GC(26) Concurrent Select Relocation Set 4.644ms
[33.794s][info][gc,phases   ] GC(26) Pause Relocate Start 0.009ms
[33.798s][info][gc,phases   ] GC(26) Concurrent Relocate 3.856ms
[33.798s][info][gc,load     ] GC(26) Load: 0.00/0.00/0.00
[33.798s][info][gc,mmu      ] GC(26) MMU: 2ms/98.5%, 5ms/99.4%, 10ms/99.6%, 20ms/99.8%, 50ms/99.9%, 100ms/99.9%
[33.798s][info][gc,marking  ] GC(26) Mark: 1 stripe(s), 2 proactive flush(es), 1 terminate flush(es), 0 completion(s), 0 continuation(s) 
[33.798s][info][gc,marking  ] GC(26) Mark Stack Usage: 32M
[33.798s][info][gc,nmethod  ] GC(26) NMethods: 2156 registered, 589 unregistered
[33.798s][info][gc,metaspace] GC(26) Metaspace: 13M used, 14M committed, 1088M reserved
[33.798s][info][gc,ref      ] GC(26) Soft: 211 encountered, 0 discovered, 0 enqueued
[33.798s][info][gc,ref      ] GC(26) Weak: 727 encountered, 441 discovered, 0 enqueued
[33.798s][info][gc,ref      ] GC(26) Final: 0 encountered, 0 discovered, 0 enqueued
[33.798s][info][gc,ref      ] GC(26) Phantom: 59 encountered, 46 discovered, 0 enqueued
[33.798s][info][gc,reloc    ] GC(26) Small Pages: 1514 / 3028M, Empty: 2760M, Relocated: 3M, In-Place: 0
[33.798s][info][gc,reloc    ] GC(26) Medium Pages: 0 / 0M, Empty: 0M, Relocated: 0M, In-Place: 0
[33.798s][info][gc,reloc    ] GC(26) Large Pages: 0 / 0M, Empty: 0M, Relocated: 0M, In-Place: 0
[33.798s][info][gc,reloc    ] GC(26) Forwarding Usage: 0M
[33.798s][info][gc,heap     ] GC(26) Min Capacity: 8M(0%)
[33.798s][info][gc,heap     ] GC(26) Max Capacity: 4096M(100%)
[33.798s][info][gc,heap     ] GC(26) Soft Max Capacity: 4096M(100%)
[33.798s][info][gc,heap     ] GC(26)                Mark Start          Mark End        Relocate Start      Relocate End           High               Low         
[33.798s][info][gc,heap     ] GC(26)  Capacity:     3540M (86%)        3540M (86%)        3540M (86%)        3540M (86%)        3540M (86%)        3540M (86%)    
[33.798s][info][gc,heap     ] GC(26)      Free:     1068M (26%)         974M (24%)        3650M (89%)        3902M (95%)        3902M (95%)         892M (22%)    
[33.798s][info][gc,heap     ] GC(26)      Used:     3028M (74%)        3122M (76%)         446M (11%)         194M (5%)         3204M (78%)         194M (5%)     
[33.798s][info][gc,heap     ] GC(26)      Live:         -                 9M (0%)            9M (0%)            9M (0%)             -                  -          
[33.798s][info][gc,heap     ] GC(26) Allocated:         -                94M (2%)          178M (4%)          182M (4%)             -                  -          
[33.798s][info][gc,heap     ] GC(26)   Garbage:         -              3018M (74%)         258M (6%)            1M (0%)             -                  -          
[33.798s][info][gc,heap     ] GC(26) Reclaimed:         -                  -              2760M (67%)        3016M (74%)            -                  -          
[33.798s][info][gc          ] GC(26) Garbage Collection (Allocation Rate) 3028M(74%)->194M(5%)
[35.431s][info][gc,start    ] GC(27) Garbage Collection (Allocation Rate)
[35.431s][info][gc,task     ] GC(27) Using 1 workers
[35.431s][info][gc,phases   ] GC(27) Pause Mark Start 0.012ms
[35.455s][info][gc,phases   ] GC(27) Concurrent Mark 24.320ms
[35.455s][info][gc,phases   ] GC(27) Pause Mark End 0.018ms
[35.455s][info][gc,phases   ] GC(27) Concurrent Mark Free 0.001ms
[35.509s][info][gc,phases   ] GC(27) Concurrent Process Non-Strong References 53.601ms
[35.509s][info][gc,phases   ] GC(27) Concurrent Reset Relocation Set 0.015ms
[35.515s][info][gc,phases   ] GC(27) Concurrent Select Relocation Set 5.942ms
[35.515s][info][gc,phases   ] GC(27) Pause Relocate Start 0.008ms
[35.517s][info][gc,phases   ] GC(27) Concurrent Relocate 1.121ms
[35.517s][info][gc,load     ] GC(27) Load: 0.00/0.00/0.00
[35.517s][info][gc,mmu      ] GC(27) MMU: 2ms/98.5%, 5ms/99.4%, 10ms/99.6%, 20ms/99.8%, 50ms/99.9%, 100ms/99.9%
[35.517s][info][gc,marking  ] GC(27) Mark: 1 stripe(s), 2 proactive flush(es), 1 terminate flush(es), 0 completion(s), 0 continuation(s) 
[35.517s][info][gc,marking  ] GC(27) Mark Stack Usage: 32M
[35.517s][info][gc,nmethod  ] GC(27) NMethods: 2156 registered, 589 unregistered
[35.517s][info][gc,metaspace] GC(27) Metaspace: 13M used, 14M committed, 1088M reserved
[35.517s][info][gc,ref      ] GC(27) Soft: 211 encountered, 0 discovered, 0 enqueued
[35.517s][info][gc,ref      ] GC(27) Weak: 727 encountered, 441 discovered, 0 enqueued
[35.517s][info][gc,ref      ] GC(27) Final: 0 encountered, 0 discovered, 0 enqueued
[35.517s][info][gc,ref      ] GC(27) Phantom: 59 encountered, 46 discovered, 0 enqueued
[35.517s][info][gc,reloc    ] GC(27) Small Pages: 1708 / 3416M, Empty: 3142M, Relocated: 1M, In-Place: 0
[35.517s][info][gc,reloc    ] GC(27) Medium Pages: 0 / 0M, Empty: 0M, Relocated: 0M, In-Place: 0
[35.517s][info][gc,reloc    ] GC(27) Large Pages: 0 / 0M, Empty: 0M, Relocated: 0M, In-Place: 0
[35.517s][info][gc,reloc    ] GC(27) Forwarding Usage: 0M
[35.517s][info][gc,heap     ] GC(27) Min Capacity: 8M(0%)
[35.517s][info][gc,heap     ] GC(27) Max Capacity: 4096M(100%)
[35.517s][info][gc,heap     ] GC(27) Soft Max Capacity: 4096M(100%)
[35.517s][info][gc,heap     ] GC(27)                Mark Start          Mark End        Relocate Start      Relocate End           High               Low         
[35.517s][info][gc,heap     ] GC(27)  Capacity:     3540M (86%)        3540M (86%)        3608M (88%)        3608M (88%)        3608M (88%)        3540M (86%)    
[35.517s][info][gc,heap     ] GC(27)      Free:      680M (17%)         584M (14%)        3622M (88%)        3870M (94%)        3870M (94%)         488M (12%)    
[35.517s][info][gc,heap     ] GC(27)      Used:     3416M (83%)        3512M (86%)         474M (12%)         226M (6%)         3608M (88%)         226M (6%)     
[35.517s][info][gc,heap     ] GC(27)      Live:         -                10M (0%)           10M (0%)           10M (0%)             -                  -          
[35.517s][info][gc,heap     ] GC(27) Allocated:         -                96M (2%)          200M (5%)          212M (5%)             -                  -          
[35.517s][info][gc,heap     ] GC(27)   Garbage:         -              3405M (83%)         263M (6%)            3M (0%)             -                  -          
[35.517s][info][gc,heap     ] GC(27) Reclaimed:         -                  -              3142M (77%)        3402M (83%)            -                  -          
[35.517s][info][gc          ] GC(27) Garbage Collection (Allocation Rate) 3416M(83%)->226M(6%)
[37.189s][info][gc,start    ] GC(28) Garbage Collection (System.gc())
[37.189s][info][gc,task     ] GC(28) Using 12 workers
[37.190s][info][gc,phases   ] GC(28) Pause Mark Start 0.014ms
[37.204s][info][gc,phases   ] GC(28) Concurrent Mark 14.495ms
[37.204s][info][gc,phases   ] GC(28) Pause Mark End 0.020ms
[37.204s][info][gc,phases   ] GC(28) Concurrent Mark Free 0.001ms
[37.211s][info][gc,phases   ] GC(28) Concurrent Process Non-Strong References 6.378ms
[37.211s][info][gc,phases   ] GC(28) Concurrent Reset Relocation Set 0.014ms
[37.215s][info][gc,phases   ] GC(28) Concurrent Select Relocation Set 4.598ms
[37.216s][info][gc,phases   ] GC(28) Pause Relocate Start 0.008ms
[37.221s][info][gc,phases   ] GC(28) Concurrent Relocate 5.087ms
[37.221s][info][gc,load     ] GC(28) Load: 0.00/0.00/0.00
[37.221s][info][gc,mmu      ] GC(28) MMU: 2ms/98.5%, 5ms/99.4%, 10ms/99.6%, 20ms/99.8%, 50ms/99.9%, 100ms/99.9%
[37.221s][info][gc,marking  ] GC(28) Mark: 8 stripe(s), 1 proactive flush(es), 1 terminate flush(es), 0 completion(s), 0 continuation(s) 
[37.221s][info][gc,marking  ] GC(28) Mark Stack Usage: 32M
[37.221s][info][gc,nmethod  ] GC(28) NMethods: 2159 registered, 589 unregistered
[37.221s][info][gc,metaspace] GC(28) Metaspace: 13M used, 14M committed, 1088M reserved
[37.221s][info][gc,ref      ] GC(28) Soft: 211 encountered, 0 discovered, 0 enqueued
[37.221s][info][gc,ref      ] GC(28) Weak: 627 encountered, 2 discovered, 0 enqueued
[37.221s][info][gc,ref      ] GC(28) Final: 0 encountered, 0 discovered, 0 enqueued
[37.221s][info][gc,ref      ] GC(28) Phantom: 59 encountered, 34 discovered, 0 enqueued
[37.221s][info][gc,reloc    ] GC(28) Small Pages: 1695 / 3390M, Empty: 3326M, Relocated: 3M, In-Place: 0
[37.221s][info][gc,reloc    ] GC(28) Medium Pages: 0 / 0M, Empty: 0M, Relocated: 0M, In-Place: 0
[37.221s][info][gc,reloc    ] GC(28) Large Pages: 0 / 0M, Empty: 0M, Relocated: 0M, In-Place: 0
[37.221s][info][gc,reloc    ] GC(28) Forwarding Usage: 1M
[37.221s][info][gc,heap     ] GC(28) Min Capacity: 8M(0%)
[37.221s][info][gc,heap     ] GC(28) Max Capacity: 4096M(100%)
[37.221s][info][gc,heap     ] GC(28) Soft Max Capacity: 4096M(100%)
[37.221s][info][gc,heap     ] GC(28)                Mark Start          Mark End        Relocate Start      Relocate End           High               Low         
[37.221s][info][gc,heap     ] GC(28)  Capacity:     3608M (88%)        3608M (88%)        3608M (88%)        3608M (88%)        3608M (88%)        3608M (88%)    
[37.221s][info][gc,heap     ] GC(28)      Free:      706M (17%)         706M (17%)        4032M (98%)        4068M (99%)        4068M (99%)         706M (17%)    
[37.221s][info][gc,heap     ] GC(28)      Used:     3390M (83%)        3390M (83%)          64M (2%)           28M (1%)         3390M (83%)          28M (1%)     
[37.221s][info][gc,heap     ] GC(28)      Live:         -                 6M (0%)            6M (0%)            6M (0%)             -                  -          
[37.221s][info][gc,heap     ] GC(28) Allocated:         -                 0M (0%)            0M (0%)            0M (0%)             -                  -          
[37.222s][info][gc,heap     ] GC(28)   Garbage:         -              3383M (83%)          57M (1%)           21M (1%)             -                  -          
[37.222s][info][gc,heap     ] GC(28) Reclaimed:         -                  -              3326M (81%)        3362M (82%)            -                  -          
[37.222s][info][gc          ] GC(28) Garbage Collection (System.gc()) 3390M(83%)->28M(1%)
[38.631s][info][gc,start    ] GC(29) Garbage Collection (Allocation Rate)
[38.631s][info][gc,task     ] GC(29) Using 1 workers
[38.724s][info][gc,phases   ] GC(29) Pause Mark Start 0.018ms
[38.759s][info][gc,phases   ] GC(29) Concurrent Mark 35.301ms
[38.760s][info][gc,phases   ] GC(29) Pause Mark End 0.035ms
[38.760s][info][gc,phases   ] GC(29) Concurrent Mark Free 0.002ms
[38.809s][info][gc,phases   ] GC(29) Concurrent Process Non-Strong References 49.342ms
[38.809s][info][gc,phases   ] GC(29) Concurrent Reset Relocation Set 0.005ms
[38.813s][info][gc,phases   ] GC(29) Concurrent Select Relocation Set 3.617ms
[38.813s][info][gc,phases   ] GC(29) Pause Relocate Start 0.009ms
[38.816s][info][gc,phases   ] GC(29) Concurrent Relocate 2.620ms
[38.816s][info][gc,load     ] GC(29) Load: 0.00/0.00/0.00
[38.816s][info][gc,mmu      ] GC(29) MMU: 2ms/98.2%, 5ms/99.3%, 10ms/99.6%, 20ms/99.8%, 50ms/99.9%, 100ms/99.9%
[38.816s][info][gc,marking  ] GC(29) Mark: 1 stripe(s), 2 proactive flush(es), 1 terminate flush(es), 1 completion(s), 0 continuation(s) 
[38.816s][info][gc,marking  ] GC(29) Mark Stack Usage: 32M
[38.816s][info][gc,nmethod  ] GC(29) NMethods: 2167 registered, 593 unregistered
[38.816s][info][gc,metaspace] GC(29) Metaspace: 13M used, 14M committed, 1088M reserved
[38.816s][info][gc,ref      ] GC(29) Soft: 211 encountered, 0 discovered, 0 enqueued
[38.816s][info][gc,ref      ] GC(29) Weak: 723 encountered, 439 discovered, 0 enqueued
[38.816s][info][gc,ref      ] GC(29) Final: 0 encountered, 0 discovered, 0 enqueued
[38.816s][info][gc,ref      ] GC(29) Phantom: 59 encountered, 46 discovered, 0 enqueued
[38.816s][info][gc,reloc    ] GC(29) Small Pages: 1316 / 2632M, Empty: 2374M, Relocated: 3M, In-Place: 0
[38.816s][info][gc,reloc    ] GC(29) Medium Pages: 0 / 0M, Empty: 0M, Relocated: 0M, In-Place: 0
[38.816s][info][gc,reloc    ] GC(29) Large Pages: 0 / 0M, Empty: 0M, Relocated: 0M, In-Place: 0
[38.816s][info][gc,reloc    ] GC(29) Forwarding Usage: 0M
[38.816s][info][gc,heap     ] GC(29) Min Capacity: 8M(0%)
[38.816s][info][gc,heap     ] GC(29) Max Capacity: 4096M(100%)
[38.816s][info][gc,heap     ] GC(29) Soft Max Capacity: 4096M(100%)
[38.816s][info][gc,heap     ] GC(29)                Mark Start          Mark End        Relocate Start      Relocate End           High               Low         
[38.816s][info][gc,heap     ] GC(29)  Capacity:     3608M (88%)        3608M (88%)        3608M (88%)        3608M (88%)        3608M (88%)        3608M (88%)    
[38.816s][info][gc,heap     ] GC(29)      Free:     1464M (36%)        1372M (33%)        3654M (89%)        3894M (95%)        3894M (95%)        1280M (31%)    
[38.816s][info][gc,heap     ] GC(29)      Used:     2632M (64%)        2724M (67%)         442M (11%)         202M (5%)         2816M (69%)         202M (5%)     
[38.816s][info][gc,heap     ] GC(29)      Live:         -                 8M (0%)            8M (0%)            8M (0%)             -                  -          
[38.816s][info][gc,heap     ] GC(29) Allocated:         -                92M (2%)          184M (4%)          190M (5%)             -                  -          
[38.816s][info][gc,heap     ] GC(29)   Garbage:         -              2623M (64%)         249M (6%)            2M (0%)             -                  -          
[38.816s][info][gc,heap     ] GC(29) Reclaimed:         -                  -              2374M (58%)        2620M (64%)            -                  -          
[38.816s][info][gc          ] GC(29) Garbage Collection (Allocation Rate) 2632M(64%)->202M(5%)
[39.930s][info][gc,start    ] GC(30) Garbage Collection (Allocation Rate)
[39.930s][info][gc,task     ] GC(30) Using 1 workers
[39.930s][info][gc,phases   ] GC(30) Pause Mark Start 0.011ms
[39.955s][info][gc,phases   ] GC(30) Concurrent Mark 24.423ms
[39.955s][info][gc,phases   ] GC(30) Pause Mark End 0.016ms
[39.955s][info][gc,phases   ] GC(30) Concurrent Mark Free 0.001ms
[39.997s][info][gc,phases   ] GC(30) Concurrent Process Non-Strong References 41.898ms
[39.997s][info][gc,phases   ] GC(30) Concurrent Reset Relocation Set 0.018ms
[40.001s][info][gc,phases   ] GC(30) Concurrent Select Relocation Set 4.205ms
[40.001s][info][gc,phases   ] GC(30) Pause Relocate Start 0.007ms
[40.005s][info][gc,phases   ] GC(30) Concurrent Relocate 3.097ms
[40.005s][info][gc,load     ] GC(30) Load: 0.00/0.00/0.00
[40.005s][info][gc,mmu      ] GC(30) MMU: 2ms/98.2%, 5ms/99.3%, 10ms/99.6%, 20ms/99.8%, 50ms/99.9%, 100ms/99.9%
[40.005s][info][gc,marking  ] GC(30) Mark: 1 stripe(s), 2 proactive flush(es), 1 terminate flush(es), 0 completion(s), 0 continuation(s) 
[40.005s][info][gc,marking  ] GC(30) Mark Stack Usage: 32M
[40.005s][info][gc,nmethod  ] GC(30) NMethods: 2167 registered, 595 unregistered
[40.005s][info][gc,metaspace] GC(30) Metaspace: 13M used, 14M committed, 1088M reserved
[40.005s][info][gc,ref      ] GC(30) Soft: 211 encountered, 0 discovered, 0 enqueued
[40.005s][info][gc,ref      ] GC(30) Weak: 723 encountered, 439 discovered, 0 enqueued
[40.005s][info][gc,ref      ] GC(30) Final: 0 encountered, 0 discovered, 0 enqueued
[40.005s][info][gc,ref      ] GC(30) Phantom: 59 encountered, 46 discovered, 0 enqueued
[40.005s][info][gc,reloc    ] GC(30) Small Pages: 1207 / 2414M, Empty: 2148M, Relocated: 2M, In-Place: 0
[40.005s][info][gc,reloc    ] GC(30) Medium Pages: 0 / 0M, Empty: 0M, Relocated: 0M, In-Place: 0
[40.005s][info][gc,reloc    ] GC(30) Large Pages: 0 / 0M, Empty: 0M, Relocated: 0M, In-Place: 0
[40.005s][info][gc,reloc    ] GC(30) Forwarding Usage: 0M
[40.005s][info][gc,heap     ] GC(30) Min Capacity: 8M(0%)
[40.005s][info][gc,heap     ] GC(30) Max Capacity: 4096M(100%)
[40.005s][info][gc,heap     ] GC(30) Soft Max Capacity: 4096M(100%)
[40.005s][info][gc,heap     ] GC(30)                Mark Start          Mark End        Relocate Start      Relocate End           High               Low         
[40.005s][info][gc,heap     ] GC(30)  Capacity:     3608M (88%)        3608M (88%)        3608M (88%)        3608M (88%)        3608M (88%)        3608M (88%)    
[40.005s][info][gc,heap     ] GC(30)      Free:     1682M (41%)        1588M (39%)        3644M (89%)        3898M (95%)        3898M (95%)        1498M (37%)    
[40.005s][info][gc,heap     ] GC(30)      Used:     2414M (59%)        2508M (61%)         452M (11%)         198M (5%)         2598M (63%)         198M (5%)     
[40.005s][info][gc,heap     ] GC(30)      Live:         -                 9M (0%)            9M (0%)            9M (0%)             -                  -          
[40.005s][info][gc,heap     ] GC(30) Allocated:         -                94M (2%)          186M (5%)          186M (5%)             -                  -          
[40.005s][info][gc,heap     ] GC(30)   Garbage:         -              2404M (59%)         256M (6%)            2M (0%)             -                  -          
[40.005s][info][gc,heap     ] GC(30) Reclaimed:         -                  -              2148M (52%)        2402M (59%)            -                  -          
[40.005s][info][gc          ] GC(30) Garbage Collection (Allocation Rate) 2414M(59%)->198M(5%)
[40.131s][info][gc,stats    ] === Garbage Collection Statistics =======================================================================================================================
[40.131s][info][gc,stats    ]                                                              Last 10s              Last 10m              Last 10h                Total
[40.131s][info][gc,stats    ]                                                              Avg / Max             Avg / Max             Avg / Max             Avg / Max
[40.131s][info][gc,stats    ]   Collector: Garbage Collection Cycle                     88.525 / 185.106      68.836 / 587.803      68.836 / 587.803      68.836 / 587.803     ms
[40.131s][info][gc,stats    ]  Contention: Mark Segment Reset Contention                     0 / 0                 3 / 26                3 / 26                3 / 26          ops/s
[40.131s][info][gc,stats    ]  Contention: Mark SeqNum Reset Contention                      0 / 1                 0 / 3                 0 / 3                 0 / 3           ops/s
[40.131s][info][gc,stats    ]    Critical: Allocation Stall                                  0 / 0                 0 / 0                 0 / 0                 0 / 0           ops/s
[40.131s][info][gc,stats    ]    Critical: Allocation Stall                              0.000 / 0.000         0.000 / 0.000         0.000 / 0.000         0.000 / 0.000       ms
[40.131s][info][gc,stats    ]    Critical: GC Locker Stall                                   0 / 0                 0 / 0                 0 / 0                 0 / 0           ops/s
[40.131s][info][gc,stats    ]    Critical: GC Locker Stall                               0.000 / 0.000         0.000 / 0.000         0.000 / 0.000         0.000 / 0.000       ms
[40.131s][info][gc,stats    ]    Critical: Relocation Stall                                  0 / 0                 0 / 0                 0 / 0                 0 / 0           ops/s
[40.131s][info][gc,stats    ]    Critical: Relocation Stall                              0.000 / 0.000         0.000 / 0.000         0.000 / 0.000         0.000 / 0.000       ms
[40.131s][info][gc,stats    ]      Memory: Allocation Rate                                1948 / 2114           1884 / 2190           1884 / 2190           1884 / 2190        MB/s
[40.131s][info][gc,stats    ]      Memory: Defragment                                        0 / 0                 0 / 0                 0 / 0                 0 / 0           ops/s
[40.131s][info][gc,stats    ]      Memory: Out Of Memory                                     0 / 0                 0 / 0                 0 / 0                 0 / 0           ops/s
[40.131s][info][gc,stats    ]      Memory: Page Cache Flush                                  0 / 0                 0 / 0                 0 / 0                 0 / 0           MB/s
[40.131s][info][gc,stats    ]      Memory: Page Cache Hit L1                               972 / 1057            902 / 1107            902 / 1107            902 / 1107        ops/s
[40.131s][info][gc,stats    ]      Memory: Page Cache Hit L2                                 0 / 0                 0 / 0                 0 / 0                 0 / 0           ops/s
[40.131s][info][gc,stats    ]      Memory: Page Cache Hit L3                                 0 / 0                25 / 448              25 / 448              25 / 448         ops/s
[40.131s][info][gc,stats    ]      Memory: Page Cache Miss                                   3 / 34               19 / 471              19 / 471              19 / 471         ops/s
[40.131s][info][gc,stats    ]      Memory: Uncommit                                          0 / 0                 0 / 0                 0 / 0                 0 / 0           MB/s
[40.131s][info][gc,stats    ]      Memory: Undo Object Allocation Failed                     0 / 2                 0 / 5                 0 / 5                 0 / 5           ops/s
[40.131s][info][gc,stats    ]      Memory: Undo Object Allocation Succeeded                 28 / 124              24 / 124              24 / 124              24 / 124         ops/s
[40.131s][info][gc,stats    ]      Memory: Undo Page Allocation                              0 / 4                 1 / 23                1 / 23                1 / 23          ops/s
[40.131s][info][gc,stats    ]       Phase: Concurrent Mark                              26.177 / 35.301       35.232 / 549.801      35.232 / 549.801      35.232 / 549.801     ms
[40.131s][info][gc,stats    ]       Phase: Concurrent Mark Continue                      0.000 / 0.000         0.000 / 0.000         0.000 / 0.000         0.000 / 0.000       ms
[40.131s][info][gc,stats    ]       Phase: Concurrent Mark Free                          0.001 / 0.002         0.001 / 0.002         0.001 / 0.002         0.001 / 0.002       ms
[40.131s][info][gc,stats    ]       Phase: Concurrent Process Non-Strong References     39.892 / 53.601       16.500 / 53.601       16.500 / 53.601       16.500 / 53.601      ms
[40.131s][info][gc,stats    ]       Phase: Concurrent Relocate                           3.423 / 5.601         3.107 / 6.016         3.107 / 6.016         3.107 / 6.016       ms
[40.131s][info][gc,stats    ]       Phase: Concurrent Reset Relocation Set               0.016 / 0.022         0.014 / 0.022         0.014 / 0.022         0.014 / 0.022       ms
[40.131s][info][gc,stats    ]       Phase: Concurrent Select Relocation Set              4.625 / 5.942         6.168 / 22.887        6.168 / 22.887        6.168 / 22.887      ms
[40.131s][info][gc,stats    ]       Phase: Pause Mark End                                0.020 / 0.035         0.019 / 0.035         0.019 / 0.035         0.019 / 0.035       ms
[40.131s][info][gc,stats    ]       Phase: Pause Mark Start                              0.013 / 0.018         0.013 / 0.018         0.013 / 0.018         0.013 / 0.018       ms
[40.132s][info][gc,stats    ]       Phase: Pause Relocate Start                          0.008 / 0.009         0.008 / 0.019         0.008 / 0.019         0.008 / 0.019       ms
[40.132s][info][gc,stats    ]    Subphase: Concurrent Classes Purge                      0.017 / 0.053         0.157 / 3.013         0.157 / 3.013         0.157 / 3.013       ms
[40.132s][info][gc,stats    ]    Subphase: Concurrent Classes Unlink                     4.604 / 5.721         2.627 / 7.490         2.627 / 7.490         2.627 / 7.490       ms
[40.132s][info][gc,stats    ]    Subphase: Concurrent Mark                              17.483 / 33.197       11.539 / 75.675       11.539 / 75.675       11.539 / 75.675      ms
[40.132s][info][gc,stats    ]    Subphase: Concurrent Mark Try Flush                     0.112 / 0.252         0.495 / 13.790        0.495 / 13.790        0.495 / 13.790      ms
[40.132s][info][gc,stats    ]    Subphase: Concurrent Mark Try Terminate                 5.164 / 11.971        2.543 / 15.651        2.543 / 15.651        2.543 / 15.651      ms
[40.132s][info][gc,stats    ]    Subphase: Concurrent References Enqueue                 0.000 / 0.001         0.001 / 0.005         0.001 / 0.005         0.001 / 0.005       ms
[40.132s][info][gc,stats    ]    Subphase: Concurrent References Process                 0.127 / 0.181         0.087 / 0.181         0.087 / 0.181         0.087 / 0.181       ms
[40.132s][info][gc,stats    ]    Subphase: Concurrent Roots ClassLoaderDataGraph         0.136 / 0.756         0.089 / 0.923         0.089 / 0.923         0.089 / 0.923       ms
[40.132s][info][gc,stats    ]    Subphase: Concurrent Roots CodeCache                    0.000 / 0.000         0.000 / 0.000         0.000 / 0.000         0.000 / 0.000       ms
[40.132s][info][gc,stats    ]    Subphase: Concurrent Roots JavaThreads                  0.373 / 1.093         2.829 / 473.279       2.829 / 473.279       2.829 / 473.279     ms
[40.132s][info][gc,stats    ]    Subphase: Concurrent Roots OopStorageSet                0.113 / 0.420         0.125 / 1.317         0.125 / 1.317         0.125 / 1.317       ms
[40.132s][info][gc,stats    ]    Subphase: Concurrent Weak Roots OopStorageSet          17.041 / 47.559        4.416 / 47.559        4.416 / 47.559        4.416 / 47.559      ms
[40.132s][info][gc,stats    ]    Subphase: Pause Mark Try Complete                       0.003 / 0.003         0.003 / 0.003         0.003 / 0.003         0.003 / 0.003       ms
[40.132s][info][gc,stats    ]      System: Java Threads                                     53 / 60               54 / 73               54 / 73               54 / 73          threads
[40.132s][info][gc,stats    ] =========================================================================================================================================================
[41.429s][info][gc,start    ] GC(31) Garbage Collection (Allocation Rate)
[41.429s][info][gc,task     ] GC(31) Using 1 workers
[41.430s][info][gc,phases   ] GC(31) Pause Mark Start 0.011ms
[41.452s][info][gc,phases   ] GC(31) Concurrent Mark 21.971ms
[41.452s][info][gc,phases   ] GC(31) Pause Mark End 0.026ms
[41.452s][info][gc,phases   ] GC(31) Concurrent Mark Free 0.002ms
[41.511s][info][gc,phases   ] GC(31) Concurrent Process Non-Strong References 59.316ms
[41.511s][info][gc,phases   ] GC(31) Concurrent Reset Relocation Set 0.014ms
[41.515s][info][gc,phases   ] GC(31) Concurrent Select Relocation Set 3.877ms
[41.516s][info][gc,phases   ] GC(31) Pause Relocate Start 0.009ms
[41.519s][info][gc,phases   ] GC(31) Concurrent Relocate 3.764ms
[41.519s][info][gc,load     ] GC(31) Load: 0.00/0.00/0.00
[41.519s][info][gc,mmu      ] GC(31) MMU: 2ms/98.2%, 5ms/99.3%, 10ms/99.6%, 20ms/99.8%, 50ms/99.9%, 100ms/99.9%
[41.520s][info][gc,marking  ] GC(31) Mark: 1 stripe(s), 2 proactive flush(es), 1 terminate flush(es), 0 completion(s), 0 continuation(s) 
[41.520s][info][gc,marking  ] GC(31) Mark Stack Usage: 32M
[41.520s][info][gc,nmethod  ] GC(31) NMethods: 2167 registered, 595 unregistered
[41.520s][info][gc,metaspace] GC(31) Metaspace: 13M used, 14M committed, 1088M reserved
[41.520s][info][gc,ref      ] GC(31) Soft: 211 encountered, 0 discovered, 0 enqueued
[41.520s][info][gc,ref      ] GC(31) Weak: 723 encountered, 439 discovered, 0 enqueued
[41.520s][info][gc,ref      ] GC(31) Final: 0 encountered, 0 discovered, 0 enqueued
[41.520s][info][gc,ref      ] GC(31) Phantom: 59 encountered, 46 discovered, 0 enqueued
[41.520s][info][gc,reloc    ] GC(31) Small Pages: 1520 / 3040M, Empty: 2782M, Relocated: 3M, In-Place: 0
[41.520s][info][gc,reloc    ] GC(31) Medium Pages: 0 / 0M, Empty: 0M, Relocated: 0M, In-Place: 0
[41.520s][info][gc,reloc    ] GC(31) Large Pages: 0 / 0M, Empty: 0M, Relocated: 0M, In-Place: 0
[41.520s][info][gc,reloc    ] GC(31) Forwarding Usage: 0M
[41.520s][info][gc,heap     ] GC(31) Min Capacity: 8M(0%)
[41.520s][info][gc,heap     ] GC(31) Max Capacity: 4096M(100%)
[41.520s][info][gc,heap     ] GC(31) Soft Max Capacity: 4096M(100%)
[41.520s][info][gc,heap     ] GC(31)                Mark Start          Mark End        Relocate Start      Relocate End           High               Low         
[41.520s][info][gc,heap     ] GC(31)  Capacity:     3608M (88%)        3608M (88%)        3608M (88%)        3608M (88%)        3608M (88%)        3608M (88%)    
[41.520s][info][gc,heap     ] GC(31)      Free:     1056M (26%)         962M (23%)        3616M (88%)        3840M (94%)        3840M (94%)         852M (21%)    
[41.520s][info][gc,heap     ] GC(31)      Used:     3040M (74%)        3134M (77%)         480M (12%)         256M (6%)         3244M (79%)         256M (6%)     
[41.520s][info][gc,heap     ] GC(31)      Live:         -                 9M (0%)            9M (0%)            9M (0%)             -                  -          
[41.520s][info][gc,heap     ] GC(31) Allocated:         -                94M (2%)          222M (5%)          244M (6%)             -                  -          
[41.520s][info][gc,heap     ] GC(31)   Garbage:         -              3030M (74%)         248M (6%)            2M (0%)             -                  -          
[41.520s][info][gc,heap     ] GC(31) Reclaimed:         -                  -              2782M (68%)        3028M (74%)            -                  -          
[41.520s][info][gc          ] GC(31) Garbage Collection (Allocation Rate) 3040M(74%)->256M(6%)
[43.029s][info][gc,start    ] GC(32) Garbage Collection (Allocation Rate)
[43.030s][info][gc,task     ] GC(32) Using 1 workers
[43.030s][info][gc,phases   ] GC(32) Pause Mark Start 0.011ms
[43.055s][info][gc,phases   ] GC(32) Concurrent Mark 25.333ms
[43.055s][info][gc,phases   ] GC(32) Pause Mark End 0.019ms
[43.055s][info][gc,phases   ] GC(32) Concurrent Mark Free 0.001ms
[43.107s][info][gc,phases   ] GC(32) Concurrent Process Non-Strong References 51.404ms
[43.107s][info][gc,phases   ] GC(32) Concurrent Reset Relocation Set 0.018ms
[43.112s][info][gc,phases   ] GC(32) Concurrent Select Relocation Set 4.721ms
[43.112s][info][gc,phases   ] GC(32) Pause Relocate Start 0.007ms
[43.116s][info][gc,phases   ] GC(32) Concurrent Relocate 4.535ms
[43.117s][info][gc,load     ] GC(32) Load: 0.00/0.00/0.00
[43.117s][info][gc,mmu      ] GC(32) MMU: 2ms/98.2%, 5ms/99.3%, 10ms/99.6%, 20ms/99.8%, 50ms/99.9%, 100ms/99.9%
[43.117s][info][gc,marking  ] GC(32) Mark: 1 stripe(s), 2 proactive flush(es), 1 terminate flush(es), 0 completion(s), 0 continuation(s) 
[43.117s][info][gc,marking  ] GC(32) Mark Stack Usage: 32M
[43.117s][info][gc,nmethod  ] GC(32) NMethods: 2167 registered, 595 unregistered
[43.117s][info][gc,metaspace] GC(32) Metaspace: 13M used, 14M committed, 1088M reserved
[43.117s][info][gc,ref      ] GC(32) Soft: 211 encountered, 0 discovered, 0 enqueued
[43.117s][info][gc,ref      ] GC(32) Weak: 723 encountered, 439 discovered, 0 enqueued
[43.117s][info][gc,ref      ] GC(32) Final: 0 encountered, 0 discovered, 0 enqueued
[43.117s][info][gc,ref      ] GC(32) Phantom: 59 encountered, 46 discovered, 0 enqueued
[43.117s][info][gc,reloc    ] GC(32) Small Pages: 1629 / 3258M, Empty: 2984M, Relocated: 3M, In-Place: 0
[43.117s][info][gc,reloc    ] GC(32) Medium Pages: 0 / 0M, Empty: 0M, Relocated: 0M, In-Place: 0
[43.117s][info][gc,reloc    ] GC(32) Large Pages: 0 / 0M, Empty: 0M, Relocated: 0M, In-Place: 0
[43.117s][info][gc,reloc    ] GC(32) Forwarding Usage: 0M
[43.117s][info][gc,heap     ] GC(32) Min Capacity: 8M(0%)
[43.117s][info][gc,heap     ] GC(32) Max Capacity: 4096M(100%)
[43.117s][info][gc,heap     ] GC(32) Soft Max Capacity: 4096M(100%)
[43.117s][info][gc,heap     ] GC(32)                Mark Start          Mark End        Relocate Start      Relocate End           High               Low         
[43.117s][info][gc,heap     ] GC(32)  Capacity:     3608M (88%)        3608M (88%)        3608M (88%)        3608M (88%)        3608M (88%)        3608M (88%)    
[43.117s][info][gc,heap     ] GC(32)      Free:      838M (20%)         744M (18%)        3630M (89%)        3872M (95%)        3872M (95%)         646M (16%)    
[43.117s][info][gc,heap     ] GC(32)      Used:     3258M (80%)        3352M (82%)         466M (11%)         224M (5%)         3450M (84%)         224M (5%)     
[43.117s][info][gc,heap     ] GC(32)      Live:         -                 9M (0%)            9M (0%)            9M (0%)             -                  -          
[43.117s][info][gc,heap     ] GC(32) Allocated:         -                94M (2%)          192M (5%)          212M (5%)             -                  -          
[43.117s][info][gc,heap     ] GC(32)   Garbage:         -              3248M (79%)         264M (6%)            2M (0%)             -                  -          
[43.117s][info][gc,heap     ] GC(32) Reclaimed:         -                  -              2984M (73%)        3246M (79%)            -                  -          
[43.117s][info][gc          ] GC(32) Garbage Collection (Allocation Rate) 3258M(80%)->224M(5%)
[44.630s][info][gc,start    ] GC(33) Garbage Collection (Allocation Rate)
[44.630s][info][gc,task     ] GC(33) Using 1 workers
[44.713s][info][gc,phases   ] GC(33) Pause Mark Start 0.021ms
[44.750s][info][gc,phases   ] GC(33) Concurrent Mark 36.394ms
[44.750s][info][gc,phases   ] GC(33) Pause Mark End 0.046ms
[44.750s][info][gc,phases   ] GC(33) Concurrent Mark Free 0.001ms
[44.810s][info][gc,phases   ] GC(33) Concurrent Process Non-Strong References 59.753ms
[44.810s][info][gc,phases   ] GC(33) Concurrent Reset Relocation Set 0.016ms
[44.814s][info][gc,phases   ] GC(33) Concurrent Select Relocation Set 4.155ms
[44.815s][info][gc,phases   ] GC(33) Pause Relocate Start 0.009ms
[44.816s][info][gc,phases   ] GC(33) Concurrent Relocate 1.044ms
[44.816s][info][gc,load     ] GC(33) Load: 0.00/0.00/0.00
[44.816s][info][gc,mmu      ] GC(33) MMU: 2ms/97.7%, 5ms/99.1%, 10ms/99.5%, 20ms/99.8%, 50ms/99.9%, 100ms/99.9%
[44.816s][info][gc,marking  ] GC(33) Mark: 1 stripe(s), 2 proactive flush(es), 1 terminate flush(es), 1 completion(s), 0 continuation(s) 
[44.817s][info][gc,marking  ] GC(33) Mark Stack Usage: 32M
[44.817s][info][gc,nmethod  ] GC(33) NMethods: 2167 registered, 595 unregistered
[44.817s][info][gc,metaspace] GC(33) Metaspace: 13M used, 14M committed, 1088M reserved
[44.817s][info][gc,ref      ] GC(33) Soft: 211 encountered, 0 discovered, 0 enqueued
[44.817s][info][gc,ref      ] GC(33) Weak: 723 encountered, 439 discovered, 0 enqueued
[44.817s][info][gc,ref      ] GC(33) Final: 0 encountered, 0 discovered, 0 enqueued
[44.817s][info][gc,ref      ] GC(33) Phantom: 59 encountered, 46 discovered, 0 enqueued
[44.817s][info][gc,reloc    ] GC(33) Small Pages: 1713 / 3426M, Empty: 3154M, Relocated: 1M, In-Place: 0
[44.817s][info][gc,reloc    ] GC(33) Medium Pages: 0 / 0M, Empty: 0M, Relocated: 0M, In-Place: 0
[44.817s][info][gc,reloc    ] GC(33) Large Pages: 0 / 0M, Empty: 0M, Relocated: 0M, In-Place: 0
[44.817s][info][gc,reloc    ] GC(33) Forwarding Usage: 0M
[44.817s][info][gc,heap     ] GC(33) Min Capacity: 8M(0%)
[44.817s][info][gc,heap     ] GC(33) Max Capacity: 4096M(100%)
[44.817s][info][gc,heap     ] GC(33) Soft Max Capacity: 4096M(100%)
[44.817s][info][gc,heap     ] GC(33)                Mark Start          Mark End        Relocate Start      Relocate End           High               Low         
[44.817s][info][gc,heap     ] GC(33)  Capacity:     3608M (88%)        3608M (88%)        3678M (90%)        3678M (90%)        3678M (90%)        3608M (88%)    
[44.817s][info][gc,heap     ] GC(33)      Free:      670M (16%)         574M (14%)        3574M (87%)        3818M (93%)        3818M (93%)         418M (10%)    
[44.817s][info][gc,heap     ] GC(33)      Used:     3426M (84%)        3522M (86%)         522M (13%)         278M (7%)         3678M (90%)         278M (7%)     
[44.817s][info][gc,heap     ] GC(33)      Live:         -                 9M (0%)            9M (0%)            9M (0%)             -                  -          
[44.817s][info][gc,heap     ] GC(33) Allocated:         -                96M (2%)          250M (6%)          262M (6%)             -                  -          
[44.817s][info][gc,heap     ] GC(33)   Garbage:         -              3416M (83%)         262M (6%)            5M (0%)             -                  -          
[44.817s][info][gc,heap     ] GC(33) Reclaimed:         -                  -              3154M (77%)        3410M (83%)            -                  -          
[44.817s][info][gc          ] GC(33) Garbage Collection (Allocation Rate) 3426M(84%)->278M(7%)
[46.530s][info][gc,start    ] GC(34) Garbage Collection (Allocation Rate)
[46.530s][info][gc,task     ] GC(34) Using 1 workers
[46.530s][info][gc,phases   ] GC(34) Pause Mark Start 0.011ms
[46.550s][info][gc,phases   ] GC(34) Concurrent Mark 19.507ms
[46.550s][info][gc,phases   ] GC(34) Pause Mark End 0.017ms
[46.550s][info][gc,phases   ] GC(34) Concurrent Mark Free 0.000ms
[46.604s][info][gc,phases   ] GC(34) Concurrent Process Non-Strong References 53.461ms
[46.604s][info][gc,phases   ] GC(34) Concurrent Reset Relocation Set 0.015ms
[46.608s][info][gc,phases   ] GC(34) Concurrent Select Relocation Set 4.483ms
[46.608s][info][gc,phases   ] GC(34) Pause Relocate Start 0.008ms
[46.609s][info][gc,phases   ] GC(34) Concurrent Relocate 0.722ms
[46.609s][info][gc,load     ] GC(34) Load: 0.00/0.00/0.00
[46.609s][info][gc,mmu      ] GC(34) MMU: 2ms/97.7%, 5ms/99.1%, 10ms/99.5%, 20ms/99.8%, 50ms/99.9%, 100ms/99.9%
[46.609s][info][gc,marking  ] GC(34) Mark: 1 stripe(s), 2 proactive flush(es), 1 terminate flush(es), 0 completion(s), 0 continuation(s) 
[46.609s][info][gc,marking  ] GC(34) Mark Stack Usage: 32M
[46.609s][info][gc,nmethod  ] GC(34) NMethods: 2167 registered, 595 unregistered
[46.609s][info][gc,metaspace] GC(34) Metaspace: 13M used, 14M committed, 1088M reserved
[46.609s][info][gc,ref      ] GC(34) Soft: 211 encountered, 0 discovered, 0 enqueued
[46.609s][info][gc,ref      ] GC(34) Weak: 723 encountered, 439 discovered, 0 enqueued
[46.609s][info][gc,ref      ] GC(34) Final: 0 encountered, 0 discovered, 0 enqueued
[46.609s][info][gc,ref      ] GC(34) Phantom: 59 encountered, 46 discovered, 0 enqueued
[46.609s][info][gc,reloc    ] GC(34) Small Pages: 1640 / 3280M, Empty: 3004M, Relocated: 1M, In-Place: 0
[46.609s][info][gc,reloc    ] GC(34) Medium Pages: 0 / 0M, Empty: 0M, Relocated: 0M, In-Place: 0
[46.609s][info][gc,reloc    ] GC(34) Large Pages: 0 / 0M, Empty: 0M, Relocated: 0M, In-Place: 0
[46.610s][info][gc,reloc    ] GC(34) Forwarding Usage: 0M
[46.610s][info][gc,heap     ] GC(34) Min Capacity: 8M(0%)
[46.610s][info][gc,heap     ] GC(34) Max Capacity: 4096M(100%)
[46.610s][info][gc,heap     ] GC(34) Soft Max Capacity: 4096M(100%)
[46.610s][info][gc,heap     ] GC(34)                Mark Start          Mark End        Relocate Start      Relocate End           High               Low         
[46.610s][info][gc,heap     ] GC(34)  Capacity:     3678M (90%)        3678M (90%)        3678M (90%)        3678M (90%)        3678M (90%)        3678M (90%)    
[46.610s][info][gc,heap     ] GC(34)      Free:      816M (20%)         722M (18%)        3630M (89%)        3890M (95%)        3890M (95%)         628M (15%)    
[46.610s][info][gc,heap     ] GC(34)      Used:     3280M (80%)        3374M (82%)         466M (11%)         206M (5%)         3468M (85%)         206M (5%)     
[46.610s][info][gc,heap     ] GC(34)      Live:         -                10M (0%)           10M (0%)           10M (0%)             -                  -          
[46.610s][info][gc,heap     ] GC(34) Allocated:         -                94M (2%)          190M (5%)          190M (5%)             -                  -          
[46.610s][info][gc,heap     ] GC(34)   Garbage:         -              3269M (80%)         265M (6%)            5M (0%)             -                  -          
[46.610s][info][gc,heap     ] GC(34) Reclaimed:         -                  -              3004M (73%)        3264M (80%)            -                  -          
[46.610s][info][gc          ] GC(34) Garbage Collection (Allocation Rate) 3280M(80%)->206M(5%)
[48.130s][info][gc,start    ] GC(35) Garbage Collection (Allocation Rate)
[48.130s][info][gc,task     ] GC(35) Using 1 workers
[48.130s][info][gc,phases   ] GC(35) Pause Mark Start 0.011ms
[48.150s][info][gc,phases   ] GC(35) Concurrent Mark 19.261ms
[48.150s][info][gc,phases   ] GC(35) Pause Mark End 0.019ms
[48.150s][info][gc,phases   ] GC(35) Concurrent Mark Free 0.001ms
[48.192s][info][gc,phases   ] GC(35) Concurrent Process Non-Strong References 42.143ms
[48.192s][info][gc,phases   ] GC(35) Concurrent Reset Relocation Set 0.015ms
[48.197s][info][gc,phases   ] GC(35) Concurrent Select Relocation Set 4.894ms
[48.197s][info][gc,phases   ] GC(35) Pause Relocate Start 0.008ms
[48.198s][info][gc,phases   ] GC(35) Concurrent Relocate 0.870ms
[48.198s][info][gc,load     ] GC(35) Load: 0.00/0.00/0.00
[48.198s][info][gc,mmu      ] GC(35) MMU: 2ms/97.7%, 5ms/99.1%, 10ms/99.5%, 20ms/99.8%, 50ms/99.9%, 100ms/99.9%
[48.198s][info][gc,marking  ] GC(35) Mark: 1 stripe(s), 2 proactive flush(es), 1 terminate flush(es), 0 completion(s), 0 continuation(s) 
[48.198s][info][gc,marking  ] GC(35) Mark Stack Usage: 32M
[48.198s][info][gc,nmethod  ] GC(35) NMethods: 2167 registered, 596 unregistered
[48.198s][info][gc,metaspace] GC(35) Metaspace: 13M used, 14M committed, 1088M reserved
[48.198s][info][gc,ref      ] GC(35) Soft: 211 encountered, 0 discovered, 0 enqueued
[48.198s][info][gc,ref      ] GC(35) Weak: 717 encountered, 439 discovered, 0 enqueued
[48.198s][info][gc,ref      ] GC(35) Final: 0 encountered, 0 discovered, 0 enqueued
[48.198s][info][gc,ref      ] GC(35) Phantom: 59 encountered, 46 discovered, 0 enqueued
[48.198s][info][gc,reloc    ] GC(35) Small Pages: 1658 / 3316M, Empty: 3046M, Relocated: 2M, In-Place: 0
[48.198s][info][gc,reloc    ] GC(35) Medium Pages: 0 / 0M, Empty: 0M, Relocated: 0M, In-Place: 0
[48.198s][info][gc,reloc    ] GC(35) Large Pages: 0 / 0M, Empty: 0M, Relocated: 0M, In-Place: 0
[48.199s][info][gc,reloc    ] GC(35) Forwarding Usage: 0M
[48.199s][info][gc,heap     ] GC(35) Min Capacity: 8M(0%)
[48.199s][info][gc,heap     ] GC(35) Max Capacity: 4096M(100%)
[48.199s][info][gc,heap     ] GC(35) Soft Max Capacity: 4096M(100%)
[48.199s][info][gc,heap     ] GC(35)                Mark Start          Mark End        Relocate Start      Relocate End           High               Low         
[48.199s][info][gc,heap     ] GC(35)  Capacity:     3678M (90%)        3678M (90%)        3678M (90%)        3678M (90%)        3678M (90%)        3678M (90%)    
[48.199s][info][gc,heap     ] GC(35)      Free:      780M (19%)         688M (17%)        3642M (89%)        3890M (95%)        3890M (95%)         598M (15%)    
[48.199s][info][gc,heap     ] GC(35)      Used:     3316M (81%)        3408M (83%)         454M (11%)         206M (5%)         3498M (85%)         206M (5%)     
[48.199s][info][gc,heap     ] GC(35)      Live:         -                10M (0%)           10M (0%)           10M (0%)             -                  -          
[48.199s][info][gc,heap     ] GC(35) Allocated:         -                92M (2%)          184M (4%)          192M (5%)             -                  -          
[48.199s][info][gc,heap     ] GC(35)   Garbage:         -              3305M (81%)         259M (6%)            3M (0%)             -                  -          
[48.199s][info][gc,heap     ] GC(35) Reclaimed:         -                  -              3046M (74%)        3302M (81%)            -                  -          
[48.199s][info][gc          ] GC(35) Garbage Collection (Allocation Rate) 3316M(81%)->206M(5%)
[48.885s][info][gc,start    ] GC(36) Garbage Collection (System.gc())
[48.885s][info][gc,task     ] GC(36) Using 12 workers
[48.885s][info][gc,phases   ] GC(36) Pause Mark Start 0.017ms
[48.890s][info][gc,phases   ] GC(36) Concurrent Mark 4.621ms
[48.890s][info][gc,phases   ] GC(36) Pause Mark End 0.017ms
[48.890s][info][gc,phases   ] GC(36) Concurrent Mark Free 0.001ms
[48.896s][info][gc,phases   ] GC(36) Concurrent Process Non-Strong References 6.164ms
[48.896s][info][gc,phases   ] GC(36) Concurrent Reset Relocation Set 0.012ms
[48.901s][info][gc,phases   ] GC(36) Concurrent Select Relocation Set 4.606ms
[48.901s][info][gc,phases   ] GC(36) Pause Relocate Start 0.007ms
[48.905s][info][gc,phases   ] GC(36) Concurrent Relocate 3.877ms
[48.905s][info][gc,load     ] GC(36) Load: 0.00/0.00/0.00
[48.905s][info][gc,mmu      ] GC(36) MMU: 2ms/97.7%, 5ms/99.1%, 10ms/99.5%, 20ms/99.8%, 50ms/99.9%, 100ms/99.9%
[48.905s][info][gc,marking  ] GC(36) Mark: 8 stripe(s), 1 proactive flush(es), 1 terminate flush(es), 0 completion(s), 0 continuation(s) 
[48.905s][info][gc,marking  ] GC(36) Mark Stack Usage: 32M
[48.905s][info][gc,nmethod  ] GC(36) NMethods: 2167 registered, 596 unregistered
[48.905s][info][gc,metaspace] GC(36) Metaspace: 13M used, 14M committed, 1088M reserved
[48.905s][info][gc,ref      ] GC(36) Soft: 211 encountered, 0 discovered, 0 enqueued
[48.905s][info][gc,ref      ] GC(36) Weak: 623 encountered, 20 discovered, 0 enqueued
[48.905s][info][gc,ref      ] GC(36) Final: 0 encountered, 0 discovered, 0 enqueued
[48.905s][info][gc,ref      ] GC(36) Phantom: 59 encountered, 49 discovered, 0 enqueued
[48.905s][info][gc,reloc    ] GC(36) Small Pages: 802 / 1604M, Empty: 1540M, Relocated: 3M, In-Place: 0
[48.905s][info][gc,reloc    ] GC(36) Medium Pages: 0 / 0M, Empty: 0M, Relocated: 0M, In-Place: 0
[48.905s][info][gc,reloc    ] GC(36) Large Pages: 0 / 0M, Empty: 0M, Relocated: 0M, In-Place: 0
[48.905s][info][gc,reloc    ] GC(36) Forwarding Usage: 1M
[48.905s][info][gc,heap     ] GC(36) Min Capacity: 8M(0%)
[48.905s][info][gc,heap     ] GC(36) Max Capacity: 4096M(100%)
[48.905s][info][gc,heap     ] GC(36) Soft Max Capacity: 4096M(100%)
[48.905s][info][gc,heap     ] GC(36)                Mark Start          Mark End        Relocate Start      Relocate End           High               Low         
[48.905s][info][gc,heap     ] GC(36)  Capacity:     3678M (90%)        3678M (90%)        3678M (90%)        3678M (90%)        3678M (90%)        3678M (90%)    
[48.905s][info][gc,heap     ] GC(36)      Free:     2492M (61%)        2492M (61%)        4032M (98%)        4068M (99%)        4068M (99%)        2492M (61%)    
[48.905s][info][gc,heap     ] GC(36)      Used:     1604M (39%)        1604M (39%)          64M (2%)           28M (1%)         1604M (39%)          28M (1%)     
[48.906s][info][gc,heap     ] GC(36)      Live:         -                 6M (0%)            6M (0%)            6M (0%)             -                  -          
[48.906s][info][gc,heap     ] GC(36) Allocated:         -                 0M (0%)            0M (0%)            0M (0%)             -                  -          
[48.906s][info][gc,heap     ] GC(36)   Garbage:         -              1597M (39%)          57M (1%)           21M (1%)             -                  -          
[48.906s][info][gc,heap     ] GC(36) Reclaimed:         -                  -              1540M (38%)        1576M (38%)            -                  -          
[48.906s][info][gc          ] GC(36) Garbage Collection (System.gc()) 1604M(39%)->28M(1%)
[50.129s][info][gc,stats    ] === Garbage Collection Statistics =======================================================================================================================
[50.129s][info][gc,stats    ]                                                              Last 10s              Last 10m              Last 10h                Total
[50.129s][info][gc,stats    ]                                                              Avg / Max             Avg / Max             Avg / Max             Avg / Max
[50.129s][info][gc,stats    ]   Collector: Garbage Collection Cycle                     88.526 / 186.182      72.029 / 587.803      72.029 / 587.803      72.029 / 587.803     ms
[50.129s][info][gc,stats    ]  Contention: Mark Segment Reset Contention                     0 / 1                 2 / 26                2 / 26                2 / 26          ops/s
[50.130s][info][gc,stats    ]  Contention: Mark SeqNum Reset Contention                      0 / 0                 0 / 3                 0 / 3                 0 / 3           ops/s
[50.130s][info][gc,stats    ]    Critical: Allocation Stall                                  0 / 0                 0 / 0                 0 / 0                 0 / 0           ops/s
[50.130s][info][gc,stats    ]    Critical: Allocation Stall                              0.000 / 0.000         0.000 / 0.000         0.000 / 0.000         0.000 / 0.000       ms
[50.130s][info][gc,stats    ]    Critical: GC Locker Stall                                   0 / 0                 0 / 0                 0 / 0                 0 / 0           ops/s
[50.130s][info][gc,stats    ]    Critical: GC Locker Stall                               0.000 / 0.000         0.000 / 0.000         0.000 / 0.000         0.000 / 0.000       ms
[50.130s][info][gc,stats    ]    Critical: Relocation Stall                                  0 / 0                 0 / 0                 0 / 0                 0 / 0           ops/s
[50.130s][info][gc,stats    ]    Critical: Relocation Stall                              0.000 / 0.000         0.000 / 0.000         0.000 / 0.000         0.000 / 0.000       ms
[50.130s][info][gc,stats    ]      Memory: Allocation Rate                                1989 / 2092           1905 / 2190           1905 / 2190           1905 / 2190        MB/s
[50.130s][info][gc,stats    ]      Memory: Defragment                                        0 / 0                 0 / 0                 0 / 0                 0 / 0           ops/s
[50.130s][info][gc,stats    ]      Memory: Out Of Memory                                     0 / 0                 0 / 0                 0 / 0                 0 / 0           ops/s
[50.130s][info][gc,stats    ]      Memory: Page Cache Flush                                  0 / 0                 0 / 0                 0 / 0                 0 / 0           MB/s
[50.130s][info][gc,stats    ]      Memory: Page Cache Hit L1                               993 / 1046            920 / 1107            920 / 1107            920 / 1107        ops/s
[50.130s][info][gc,stats    ]      Memory: Page Cache Hit L2                                 0 / 0                 0 / 0                 0 / 0                 0 / 0           ops/s
[50.130s][info][gc,stats    ]      Memory: Page Cache Hit L3                                 0 / 0                20 / 448              20 / 448              20 / 448         ops/s
[50.130s][info][gc,stats    ]      Memory: Page Cache Miss                                   3 / 35               16 / 471              16 / 471              16 / 471         ops/s
[50.130s][info][gc,stats    ]      Memory: Uncommit                                          0 / 0                 0 / 0                 0 / 0                 0 / 0           MB/s
[50.130s][info][gc,stats    ]      Memory: Undo Object Allocation Failed                     0 / 0                 0 / 5                 0 / 5                 0 / 5           ops/s
[50.130s][info][gc,stats    ]      Memory: Undo Object Allocation Succeeded                 15 / 56               22 / 124              22 / 124              22 / 124         ops/s
[50.130s][info][gc,stats    ]      Memory: Undo Page Allocation                              0 / 3                 1 / 23                1 / 23                1 / 23          ops/s
[50.130s][info][gc,stats    ]       Phase: Concurrent Mark                              21.181 / 36.394       32.953 / 549.801      32.953 / 549.801      32.953 / 549.801     ms
[50.130s][info][gc,stats    ]       Phase: Concurrent Mark Continue                      0.000 / 0.000         0.000 / 0.000         0.000 / 0.000         0.000 / 0.000       ms
[50.130s][info][gc,stats    ]       Phase: Concurrent Mark Free                          0.001 / 0.002         0.001 / 0.002         0.001 / 0.002         0.001 / 0.002       ms
[50.130s][info][gc,stats    ]       Phase: Concurrent Process Non-Strong References     45.373 / 59.753       21.182 / 59.753       21.182 / 59.753       21.182 / 59.753      ms
[50.130s][info][gc,stats    ]       Phase: Concurrent Relocate                           2.469 / 4.535         3.003 / 6.016         3.003 / 6.016         3.003 / 6.016       ms
[50.130s][info][gc,stats    ]       Phase: Concurrent Reset Relocation Set               0.015 / 0.018         0.015 / 0.022         0.015 / 0.022         0.015 / 0.022       ms
[50.130s][info][gc,stats    ]       Phase: Concurrent Select Relocation Set              4.456 / 4.894         5.890 / 22.887        5.890 / 22.887        5.890 / 22.887      ms
[50.130s][info][gc,stats    ]       Phase: Pause Mark End                                0.024 / 0.046         0.020 / 0.046         0.020 / 0.046         0.020 / 0.046       ms
[50.130s][info][gc,stats    ]       Phase: Pause Mark Start                              0.014 / 0.021         0.013 / 0.021         0.013 / 0.021         0.013 / 0.021       ms
[50.130s][info][gc,stats    ]       Phase: Pause Relocate Start                          0.008 / 0.009         0.008 / 0.019         0.008 / 0.019         0.008 / 0.019       ms
[50.130s][info][gc,stats    ]    Subphase: Concurrent Classes Purge                      0.009 / 0.018         0.133 / 3.013         0.133 / 3.013         0.133 / 3.013       ms
[50.130s][info][gc,stats    ]    Subphase: Concurrent Classes Unlink                     4.095 / 5.665         2.865 / 7.490         2.865 / 7.490         2.865 / 7.490       ms
[50.130s][info][gc,stats    ]    Subphase: Concurrent Mark                               9.314 / 34.897       11.381 / 75.675       11.381 / 75.675       11.381 / 75.675      ms
[50.130s][info][gc,stats    ]    Subphase: Concurrent Mark Try Flush                     0.090 / 0.148         0.437 / 13.790        0.437 / 13.790        0.437 / 13.790      ms
[50.130s][info][gc,stats    ]    Subphase: Concurrent Mark Try Terminate                 0.716 / 1.612         2.439 / 15.651        2.439 / 15.651        2.439 / 15.651      ms
[50.130s][info][gc,stats    ]    Subphase: Concurrent References Enqueue                 0.001 / 0.001         0.001 / 0.005         0.001 / 0.005         0.001 / 0.005       ms
[50.130s][info][gc,stats    ]    Subphase: Concurrent References Process                 0.109 / 0.180         0.090 / 0.181         0.090 / 0.181         0.090 / 0.181       ms
[50.130s][info][gc,stats    ]    Subphase: Concurrent Roots ClassLoaderDataGraph         0.091 / 0.297         0.089 / 0.923         0.089 / 0.923         0.089 / 0.923       ms
[50.130s][info][gc,stats    ]    Subphase: Concurrent Roots CodeCache                    0.000 / 0.000         0.000 / 0.000         0.000 / 0.000         0.000 / 0.000       ms
[50.130s][info][gc,stats    ]    Subphase: Concurrent Roots JavaThreads                  0.304 / 0.883         2.642 / 473.279       2.642 / 473.279       2.642 / 473.279     ms
[50.130s][info][gc,stats    ]    Subphase: Concurrent Roots OopStorageSet                0.075 / 0.367         0.121 / 1.317         0.121 / 1.317         0.121 / 1.317       ms
[50.130s][info][gc,stats    ]    Subphase: Concurrent Weak Roots OopStorageSet          17.697 / 53.382        5.365 / 53.382        5.365 / 53.382        5.365 / 53.382      ms
[50.130s][info][gc,stats    ]    Subphase: Pause Mark Try Complete                       0.007 / 0.007         0.005 / 0.007         0.005 / 0.007         0.005 / 0.007       ms
[50.130s][info][gc,stats    ]      System: Java Threads                                     51 / 60               53 / 73               53 / 73               53 / 73          threads
[50.130s][info][gc,stats    ] =========================================================================================================================================================
[50.429s][info][gc,start    ] GC(37) Garbage Collection (Allocation Rate)
[50.430s][info][gc,task     ] GC(37) Using 1 workers
[50.474s][info][gc,phases   ] GC(37) Pause Mark Start 0.020ms
[50.587s][info][gc,phases   ] GC(37) Concurrent Mark 112.170ms
[50.587s][info][gc,phases   ] GC(37) Pause Mark End 0.019ms
[50.587s][info][gc,phases   ] GC(37) Concurrent Mark Free 0.002ms
[50.641s][info][gc,phases   ] GC(37) Concurrent Process Non-Strong References 54.212ms
[50.641s][info][gc,phases   ] GC(37) Concurrent Reset Relocation Set 0.004ms
[50.645s][info][gc,phases   ] GC(37) Concurrent Select Relocation Set 3.527ms
[50.645s][info][gc,phases   ] GC(37) Pause Relocate Start 0.009ms
[50.648s][info][gc,phases   ] GC(37) Concurrent Relocate 2.543ms
[50.648s][info][gc,load     ] GC(37) Load: 0.00/0.00/0.00
[50.648s][info][gc,mmu      ] GC(37) MMU: 2ms/97.7%, 5ms/99.1%, 10ms/99.5%, 20ms/99.8%, 50ms/99.9%, 100ms/99.9%
[50.648s][info][gc,marking  ] GC(37) Mark: 1 stripe(s), 2 proactive flush(es), 1 terminate flush(es), 0 completion(s), 0 continuation(s) 
[50.648s][info][gc,marking  ] GC(37) Mark Stack Usage: 32M
[50.648s][info][gc,nmethod  ] GC(37) NMethods: 2182 registered, 600 unregistered
[50.648s][info][gc,metaspace] GC(37) Metaspace: 13M used, 14M committed, 1088M reserved
[50.648s][info][gc,ref      ] GC(37) Soft: 211 encountered, 0 discovered, 0 enqueued
[50.648s][info][gc,ref      ] GC(37) Weak: 729 encountered, 443 discovered, 2 enqueued
[50.648s][info][gc,ref      ] GC(37) Final: 0 encountered, 0 discovered, 0 enqueued
[50.648s][info][gc,ref      ] GC(37) Phantom: 59 encountered, 46 discovered, 0 enqueued
[50.648s][info][gc,reloc    ] GC(37) Small Pages: 1552 / 3104M, Empty: 2838M, Relocated: 3M, In-Place: 0
[50.648s][info][gc,reloc    ] GC(37) Medium Pages: 0 / 0M, Empty: 0M, Relocated: 0M, In-Place: 0
[50.648s][info][gc,reloc    ] GC(37) Large Pages: 0 / 0M, Empty: 0M, Relocated: 0M, In-Place: 0
[50.648s][info][gc,reloc    ] GC(37) Forwarding Usage: 0M
[50.648s][info][gc,heap     ] GC(37) Min Capacity: 8M(0%)
[50.648s][info][gc,heap     ] GC(37) Max Capacity: 4096M(100%)
[50.648s][info][gc,heap     ] GC(37) Soft Max Capacity: 4096M(100%)
[50.648s][info][gc,heap     ] GC(37)                Mark Start          Mark End        Relocate Start      Relocate End           High               Low         
[50.648s][info][gc,heap     ] GC(37)  Capacity:     3678M (90%)        3678M (90%)        3678M (90%)        3678M (90%)        3678M (90%)        3678M (90%)    
[50.648s][info][gc,heap     ] GC(37)      Free:      992M (24%)         706M (17%)        3450M (84%)        3704M (90%)        3704M (90%)         612M (15%)    
[50.648s][info][gc,heap     ] GC(37)      Used:     3104M (76%)        3390M (83%)         646M (16%)         392M (10%)        3484M (85%)         392M (10%)    
[50.648s][info][gc,heap     ] GC(37)      Live:         -                 8M (0%)            8M (0%)            8M (0%)             -                  -          
[50.648s][info][gc,heap     ] GC(37) Allocated:         -               286M (7%)          380M (9%)          380M (9%)             -                  -          
[50.648s][info][gc,heap     ] GC(37)   Garbage:         -              3095M (76%)         257M (6%)            2M (0%)             -                  -          
[50.648s][info][gc,heap     ] GC(37) Reclaimed:         -                  -              2838M (69%)        3092M (75%)            -                  -          
[50.648s][info][gc          ] GC(37) Garbage Collection (Allocation Rate) 3104M(76%)->392M(10%)
[51.930s][info][gc,start    ] GC(38) Garbage Collection (Allocation Rate)
[51.930s][info][gc,task     ] GC(38) Using 1 workers
[51.930s][info][gc,phases   ] GC(38) Pause Mark Start 0.013ms
[51.959s][info][gc,phases   ] GC(38) Concurrent Mark 29.130ms
[51.959s][info][gc,phases   ] GC(38) Pause Mark End 0.019ms
[51.959s][info][gc,phases   ] GC(38) Concurrent Mark Free 0.001ms
[52.008s][info][gc,phases   ] GC(38) Concurrent Process Non-Strong References 48.967ms
[52.009s][info][gc,phases   ] GC(38) Concurrent Reset Relocation Set 0.016ms
[52.014s][info][gc,phases   ] GC(38) Concurrent Select Relocation Set 5.561ms
[52.014s][info][gc,phases   ] GC(38) Pause Relocate Start 0.008ms
[52.017s][info][gc,phases   ] GC(38) Concurrent Relocate 2.962ms
[52.017s][info][gc,load     ] GC(38) Load: 0.00/0.00/0.00
[52.017s][info][gc,mmu      ] GC(38) MMU: 2ms/97.7%, 5ms/99.1%, 10ms/99.5%, 20ms/99.8%, 50ms/99.9%, 100ms/99.9%
[52.017s][info][gc,marking  ] GC(38) Mark: 1 stripe(s), 2 proactive flush(es), 1 terminate flush(es), 0 completion(s), 0 continuation(s) 
[52.017s][info][gc,marking  ] GC(38) Mark Stack Usage: 32M
[52.017s][info][gc,nmethod  ] GC(38) NMethods: 2182 registered, 600 unregistered
[52.018s][info][gc,metaspace] GC(38) Metaspace: 13M used, 14M committed, 1088M reserved
[52.018s][info][gc,ref      ] GC(38) Soft: 211 encountered, 0 discovered, 0 enqueued
[52.018s][info][gc,ref      ] GC(38) Weak: 727 encountered, 441 discovered, 0 enqueued
[52.018s][info][gc,ref      ] GC(38) Final: 0 encountered, 0 discovered, 0 enqueued
[52.018s][info][gc,ref      ] GC(38) Phantom: 59 encountered, 46 discovered, 0 enqueued
[52.018s][info][gc,reloc    ] GC(38) Small Pages: 1502 / 3004M, Empty: 2740M, Relocated: 2M, In-Place: 0
[52.018s][info][gc,reloc    ] GC(38) Medium Pages: 0 / 0M, Empty: 0M, Relocated: 0M, In-Place: 0
[52.018s][info][gc,reloc    ] GC(38) Large Pages: 0 / 0M, Empty: 0M, Relocated: 0M, In-Place: 0
[52.018s][info][gc,reloc    ] GC(38) Forwarding Usage: 0M
[52.018s][info][gc,heap     ] GC(38) Min Capacity: 8M(0%)
[52.018s][info][gc,heap     ] GC(38) Max Capacity: 4096M(100%)
[52.018s][info][gc,heap     ] GC(38) Soft Max Capacity: 4096M(100%)
[52.018s][info][gc,heap     ] GC(38)                Mark Start          Mark End        Relocate Start      Relocate End           High               Low         
[52.018s][info][gc,heap     ] GC(38)  Capacity:     3678M (90%)        3678M (90%)        3678M (90%)        3678M (90%)        3678M (90%)        3678M (90%)    
[52.018s][info][gc,heap     ] GC(38)      Free:     1092M (27%)         996M (24%)        3622M (88%)        3842M (94%)        3842M (94%)         900M (22%)    
[52.018s][info][gc,heap     ] GC(38)      Used:     3004M (73%)        3100M (76%)         474M (12%)         254M (6%)         3196M (78%)         254M (6%)     
[52.018s][info][gc,heap     ] GC(38)      Live:         -                 9M (0%)            9M (0%)            9M (0%)             -                  -          
[52.018s][info][gc,heap     ] GC(38) Allocated:         -                96M (2%)          210M (5%)          242M (6%)             -                  -          
[52.018s][info][gc,heap     ] GC(38)   Garbage:         -              2994M (73%)         254M (6%)            2M (0%)             -                  -          
[52.018s][info][gc,heap     ] GC(38) Reclaimed:         -                  -              2740M (67%)        2992M (73%)            -                  -          
[52.018s][info][gc          ] GC(38) Garbage Collection (Allocation Rate) 3004M(73%)->254M(6%)
[53.430s][info][gc,start    ] GC(39) Garbage Collection (Allocation Rate)
[53.430s][info][gc,task     ] GC(39) Using 1 workers
[53.518s][info][gc,phases   ] GC(39) Pause Mark Start 0.019ms
[53.551s][info][gc,phases   ] GC(39) Concurrent Mark 32.998ms
[53.551s][info][gc,phases   ] GC(39) Pause Mark End 0.038ms
[53.552s][info][gc,phases   ] GC(39) Concurrent Mark Free 0.007ms
[53.610s][info][gc,phases   ] GC(39) Concurrent Process Non-Strong References 58.035ms
[53.610s][info][gc,phases   ] GC(39) Concurrent Reset Relocation Set 0.015ms
[53.616s][info][gc,phases   ] GC(39) Concurrent Select Relocation Set 5.748ms
[53.616s][info][gc,phases   ] GC(39) Pause Relocate Start 0.010ms
[53.619s][info][gc,phases   ] GC(39) Concurrent Relocate 2.712ms
[53.619s][info][gc,load     ] GC(39) Load: 0.00/0.00/0.00
[53.619s][info][gc,mmu      ] GC(39) MMU: 2ms/97.7%, 5ms/99.1%, 10ms/99.5%, 20ms/99.8%, 50ms/99.9%, 100ms/99.9%
[53.619s][info][gc,marking  ] GC(39) Mark: 1 stripe(s), 2 proactive flush(es), 1 terminate flush(es), 1 completion(s), 0 continuation(s) 
[53.619s][info][gc,marking  ] GC(39) Mark Stack Usage: 32M
[53.619s][info][gc,nmethod  ] GC(39) NMethods: 2182 registered, 601 unregistered
[53.619s][info][gc,metaspace] GC(39) Metaspace: 13M used, 14M committed, 1088M reserved
[53.619s][info][gc,ref      ] GC(39) Soft: 211 encountered, 0 discovered, 0 enqueued
[53.619s][info][gc,ref      ] GC(39) Weak: 727 encountered, 441 discovered, 0 enqueued
[53.619s][info][gc,ref      ] GC(39) Final: 0 encountered, 0 discovered, 0 enqueued
[53.619s][info][gc,ref      ] GC(39) Phantom: 59 encountered, 46 discovered, 0 enqueued
[53.619s][info][gc,reloc    ] GC(39) Small Pages: 1641 / 3282M, Empty: 3014M, Relocated: 3M, In-Place: 0
[53.619s][info][gc,reloc    ] GC(39) Medium Pages: 0 / 0M, Empty: 0M, Relocated: 0M, In-Place: 0
[53.619s][info][gc,reloc    ] GC(39) Large Pages: 0 / 0M, Empty: 0M, Relocated: 0M, In-Place: 0
[53.619s][info][gc,reloc    ] GC(39) Forwarding Usage: 0M
[53.619s][info][gc,heap     ] GC(39) Min Capacity: 8M(0%)
[53.619s][info][gc,heap     ] GC(39) Max Capacity: 4096M(100%)
[53.619s][info][gc,heap     ] GC(39) Soft Max Capacity: 4096M(100%)
[53.619s][info][gc,heap     ] GC(39)                Mark Start          Mark End        Relocate Start      Relocate End           High               Low         
[53.619s][info][gc,heap     ] GC(39)  Capacity:     3678M (90%)        3678M (90%)        3678M (90%)        3678M (90%)        3678M (90%)        3678M (90%)    
[53.619s][info][gc,heap     ] GC(39)      Free:      814M (20%)         720M (18%)        3588M (88%)        3820M (93%)        3820M (93%)         596M (15%)    
[53.619s][info][gc,heap     ] GC(39)      Used:     3282M (80%)        3376M (82%)         508M (12%)         276M (7%)         3500M (85%)         276M (7%)     
[53.619s][info][gc,heap     ] GC(39)      Live:         -                 9M (0%)            9M (0%)            9M (0%)             -                  -          
[53.619s][info][gc,heap     ] GC(39) Allocated:         -                94M (2%)          240M (6%)          264M (6%)             -                  -          
[53.619s][info][gc,heap     ] GC(39)   Garbage:         -              3272M (80%)         258M (6%)            2M (0%)             -                  -          
[53.619s][info][gc,heap     ] GC(39) Reclaimed:         -                  -              3014M (74%)        3270M (80%)            -                  -          
[53.619s][info][gc          ] GC(39) Garbage Collection (Allocation Rate) 3282M(80%)->276M(7%)
[55.131s][info][gc,start    ] GC(40) Garbage Collection (Allocation Rate)
[55.131s][info][gc,task     ] GC(40) Using 1 workers
[55.131s][info][gc,phases   ] GC(40) Pause Mark Start 0.010ms
[55.153s][info][gc,phases   ] GC(40) Concurrent Mark 21.743ms
[55.153s][info][gc,phases   ] GC(40) Pause Mark End 0.025ms
[55.153s][info][gc,phases   ] GC(40) Concurrent Mark Free 0.002ms
[55.210s][info][gc,phases   ] GC(40) Concurrent Process Non-Strong References 57.074ms
[55.210s][info][gc,phases   ] GC(40) Concurrent Reset Relocation Set 0.020ms
[55.214s][info][gc,phases   ] GC(40) Concurrent Select Relocation Set 3.951ms
[55.214s][info][gc,phases   ] GC(40) Pause Relocate Start 0.008ms
[55.219s][info][gc,phases   ] GC(40) Concurrent Relocate 4.470ms
[55.219s][info][gc,load     ] GC(40) Load: 0.00/0.00/0.00
[55.219s][info][gc,mmu      ] GC(40) MMU: 2ms/97.7%, 5ms/99.1%, 10ms/99.5%, 20ms/99.8%, 50ms/99.9%, 100ms/99.9%
[55.219s][info][gc,marking  ] GC(40) Mark: 1 stripe(s), 2 proactive flush(es), 1 terminate flush(es), 0 completion(s), 0 continuation(s) 
[55.219s][info][gc,marking  ] GC(40) Mark Stack Usage: 32M
[55.219s][info][gc,nmethod  ] GC(40) NMethods: 2182 registered, 601 unregistered
[55.219s][info][gc,metaspace] GC(40) Metaspace: 13M used, 14M committed, 1088M reserved
[55.219s][info][gc,ref      ] GC(40) Soft: 211 encountered, 0 discovered, 0 enqueued
[55.219s][info][gc,ref      ] GC(40) Weak: 727 encountered, 441 discovered, 0 enqueued
[55.219s][info][gc,ref      ] GC(40) Final: 0 encountered, 0 discovered, 0 enqueued
[55.219s][info][gc,ref      ] GC(40) Phantom: 59 encountered, 46 discovered, 0 enqueued
[55.219s][info][gc,reloc    ] GC(40) Small Pages: 1533 / 3066M, Empty: 2812M, Relocated: 3M, In-Place: 0
[55.219s][info][gc,reloc    ] GC(40) Medium Pages: 0 / 0M, Empty: 0M, Relocated: 0M, In-Place: 0
[55.219s][info][gc,reloc    ] GC(40) Large Pages: 0 / 0M, Empty: 0M, Relocated: 0M, In-Place: 0
[55.219s][info][gc,reloc    ] GC(40) Forwarding Usage: 0M
[55.219s][info][gc,heap     ] GC(40) Min Capacity: 8M(0%)
[55.219s][info][gc,heap     ] GC(40) Max Capacity: 4096M(100%)
[55.219s][info][gc,heap     ] GC(40) Soft Max Capacity: 4096M(100%)
[55.219s][info][gc,heap     ] GC(40)                Mark Start          Mark End        Relocate Start      Relocate End           High               Low         
[55.219s][info][gc,heap     ] GC(40)  Capacity:     3678M (90%)        3678M (90%)        3678M (90%)        3678M (90%)        3678M (90%)        3678M (90%)    
[55.219s][info][gc,heap     ] GC(40)      Free:     1030M (25%)         936M (23%)        3654M (89%)        3884M (95%)        3884M (95%)         842M (21%)    
[55.219s][info][gc,heap     ] GC(40)      Used:     3066M (75%)        3160M (77%)         442M (11%)         212M (5%)         3254M (79%)         212M (5%)     
[55.219s][info][gc,heap     ] GC(40)      Live:         -                 9M (0%)            9M (0%)            9M (0%)             -                  -          
[55.219s][info][gc,heap     ] GC(40) Allocated:         -                94M (2%)          188M (5%)          200M (5%)             -                  -          
[55.219s][info][gc,heap     ] GC(40)   Garbage:         -              3056M (75%)         244M (6%)            1M (0%)             -                  -          
[55.219s][info][gc,heap     ] GC(40) Reclaimed:         -                  -              2812M (69%)        3054M (75%)            -                  -          
[55.219s][info][gc          ] GC(40) Garbage Collection (Allocation Rate) 3066M(75%)->212M(5%)
[56.830s][info][gc,start    ] GC(41) Garbage Collection (Allocation Rate)
[56.830s][info][gc,task     ] GC(41) Using 1 workers
[56.830s][info][gc,phases   ] GC(41) Pause Mark Start 0.012ms
[56.856s][info][gc,phases   ] GC(41) Concurrent Mark 25.549ms
[56.860s][info][gc,phases   ] GC(41) Pause Mark End 0.017ms
[56.860s][info][gc,phases   ] GC(41) Concurrent Mark Free 0.001ms
[56.905s][info][gc,phases   ] GC(41) Concurrent Process Non-Strong References 44.834ms
[56.905s][info][gc,phases   ] GC(41) Concurrent Reset Relocation Set 0.020ms
[56.909s][info][gc,phases   ] GC(41) Concurrent Select Relocation Set 4.230ms
[56.909s][info][gc,phases   ] GC(41) Pause Relocate Start 0.007ms
[56.910s][info][gc,phases   ] GC(41) Concurrent Relocate 0.595ms
[56.910s][info][gc,load     ] GC(41) Load: 0.00/0.00/0.00
[56.910s][info][gc,mmu      ] GC(41) MMU: 2ms/97.7%, 5ms/99.1%, 10ms/99.5%, 20ms/99.8%, 50ms/99.9%, 100ms/99.9%
[56.910s][info][gc,marking  ] GC(41) Mark: 1 stripe(s), 2 proactive flush(es), 1 terminate flush(es), 0 completion(s), 0 continuation(s) 
[56.910s][info][gc,marking  ] GC(41) Mark Stack Usage: 32M
[56.910s][info][gc,nmethod  ] GC(41) NMethods: 2182 registered, 601 unregistered
[56.910s][info][gc,metaspace] GC(41) Metaspace: 13M used, 14M committed, 1088M reserved
[56.910s][info][gc,ref      ] GC(41) Soft: 211 encountered, 0 discovered, 0 enqueued
[56.910s][info][gc,ref      ] GC(41) Weak: 727 encountered, 441 discovered, 0 enqueued
[56.910s][info][gc,ref      ] GC(41) Final: 0 encountered, 0 discovered, 0 enqueued
[56.910s][info][gc,ref      ] GC(41) Phantom: 59 encountered, 46 discovered, 0 enqueued
[56.910s][info][gc,reloc    ] GC(41) Small Pages: 1707 / 3414M, Empty: 3128M, Relocated: 1M, In-Place: 0
[56.910s][info][gc,reloc    ] GC(41) Medium Pages: 0 / 0M, Empty: 0M, Relocated: 0M, In-Place: 0
[56.910s][info][gc,reloc    ] GC(41) Large Pages: 0 / 0M, Empty: 0M, Relocated: 0M, In-Place: 0
[56.910s][info][gc,reloc    ] GC(41) Forwarding Usage: 0M
[56.910s][info][gc,heap     ] GC(41) Min Capacity: 8M(0%)
[56.910s][info][gc,heap     ] GC(41) Max Capacity: 4096M(100%)
[56.910s][info][gc,heap     ] GC(41) Soft Max Capacity: 4096M(100%)
[56.910s][info][gc,heap     ] GC(41)                Mark Start          Mark End        Relocate Start      Relocate End           High               Low         
[56.910s][info][gc,heap     ] GC(41)  Capacity:     3678M (90%)        3678M (90%)        3678M (90%)        3678M (90%)        3678M (90%)        3678M (90%)    
[56.910s][info][gc,heap     ] GC(41)      Free:      682M (17%)         586M (14%)        3620M (88%)        3890M (95%)        3890M (95%)         494M (12%)    
[56.910s][info][gc,heap     ] GC(41)      Used:     3414M (83%)        3510M (86%)         476M (12%)         206M (5%)         3602M (88%)         206M (5%)     
[56.910s][info][gc,heap     ] GC(41)      Live:         -                 9M (0%)            9M (0%)            9M (0%)             -                  -          
[56.910s][info][gc,heap     ] GC(41) Allocated:         -                96M (2%)          190M (5%)          190M (5%)             -                  -          
[56.910s][info][gc,heap     ] GC(41)   Garbage:         -              3404M (83%)         276M (7%)            5M (0%)             -                  -          
[56.910s][info][gc,heap     ] GC(41) Reclaimed:         -                  -              3128M (76%)        3398M (83%)            -                  -          
[56.910s][info][gc          ] GC(41) Garbage Collection (Allocation Rate) 3414M(83%)->206M(5%)
[58.430s][info][gc,start    ] GC(42) Garbage Collection (Allocation Rate)
[58.430s][info][gc,task     ] GC(42) Using 1 workers
[58.430s][info][gc,phases   ] GC(42) Pause Mark Start 0.012ms
[58.455s][info][gc,phases   ] GC(42) Concurrent Mark 24.886ms
[58.455s][info][gc,phases   ] GC(42) Pause Mark End 0.019ms
[58.455s][info][gc,phases   ] GC(42) Concurrent Mark Free 0.001ms
[58.512s][info][gc,phases   ] GC(42) Concurrent Process Non-Strong References 56.601ms
[58.512s][info][gc,phases   ] GC(42) Concurrent Reset Relocation Set 0.018ms
[58.517s][info][gc,phases   ] GC(42) Concurrent Select Relocation Set 5.017ms
[58.517s][info][gc,phases   ] GC(42) Pause Relocate Start 0.012ms
[58.518s][info][gc,phases   ] GC(42) Concurrent Relocate 0.739ms
[58.518s][info][gc,load     ] GC(42) Load: 0.00/0.00/0.00
[58.518s][info][gc,mmu      ] GC(42) MMU: 2ms/97.7%, 5ms/99.1%, 10ms/99.5%, 20ms/99.8%, 50ms/99.9%, 100ms/99.9%
[58.518s][info][gc,marking  ] GC(42) Mark: 1 stripe(s), 2 proactive flush(es), 1 terminate flush(es), 0 completion(s), 0 continuation(s) 
[58.518s][info][gc,marking  ] GC(42) Mark Stack Usage: 32M
[58.518s][info][gc,nmethod  ] GC(42) NMethods: 2182 registered, 601 unregistered
[58.518s][info][gc,metaspace] GC(42) Metaspace: 13M used, 14M committed, 1088M reserved
[58.518s][info][gc,ref      ] GC(42) Soft: 211 encountered, 0 discovered, 0 enqueued
[58.518s][info][gc,ref      ] GC(42) Weak: 727 encountered, 441 discovered, 0 enqueued
[58.518s][info][gc,ref      ] GC(42) Final: 0 encountered, 0 discovered, 0 enqueued
[58.518s][info][gc,ref      ] GC(42) Phantom: 59 encountered, 46 discovered, 0 enqueued
[58.518s][info][gc,reloc    ] GC(42) Small Pages: 1743 / 3486M, Empty: 3220M, Relocated: 2M, In-Place: 0
[58.518s][info][gc,reloc    ] GC(42) Medium Pages: 0 / 0M, Empty: 0M, Relocated: 0M, In-Place: 0
[58.518s][info][gc,reloc    ] GC(42) Large Pages: 0 / 0M, Empty: 0M, Relocated: 0M, In-Place: 0
[58.518s][info][gc,reloc    ] GC(42) Forwarding Usage: 0M
[58.518s][info][gc,heap     ] GC(42) Min Capacity: 8M(0%)
[58.518s][info][gc,heap     ] GC(42) Max Capacity: 4096M(100%)
[58.518s][info][gc,heap     ] GC(42) Soft Max Capacity: 4096M(100%)
[58.518s][info][gc,heap     ] GC(42)                Mark Start          Mark End        Relocate Start      Relocate End           High               Low         
[58.518s][info][gc,heap     ] GC(42)  Capacity:     3678M (90%)        3678M (90%)        3714M (91%)        3714M (91%)        3714M (91%)        3678M (90%)    
[58.518s][info][gc,heap     ] GC(42)      Free:      610M (15%)         514M (13%)        3566M (87%)        3808M (93%)        3808M (93%)         382M (9%)     
[58.518s][info][gc,heap     ] GC(42)      Used:     3486M (85%)        3582M (87%)         530M (13%)         288M (7%)         3714M (91%)         288M (7%)     
[58.518s][info][gc,heap     ] GC(42)      Live:         -                10M (0%)           10M (0%)           10M (0%)             -                  -          
[58.518s][info][gc,heap     ] GC(42) Allocated:         -                96M (2%)          264M (6%)          274M (7%)             -                  -          
[58.518s][info][gc,heap     ] GC(42)   Garbage:         -              3475M (85%)         255M (6%)            3M (0%)             -                  -          
[58.518s][info][gc,heap     ] GC(42) Reclaimed:         -                  -              3220M (79%)        3472M (85%)            -                  -          
[58.518s][info][gc          ] GC(42) Garbage Collection (Allocation Rate) 3486M(85%)->288M(7%)
[60.041s][info][gc,start    ] GC(43) Garbage Collection (System.gc())
[60.041s][info][gc,task     ] GC(43) Using 12 workers
[60.041s][info][gc,phases   ] GC(43) Pause Mark Start 0.017ms
[60.054s][info][gc,phases   ] GC(43) Concurrent Mark 13.098ms
[60.054s][info][gc,phases   ] GC(43) Pause Mark End 0.019ms
[60.054s][info][gc,phases   ] GC(43) Concurrent Mark Free 0.001ms
[60.063s][info][gc,phases   ] GC(43) Concurrent Process Non-Strong References 8.382ms
[60.063s][info][gc,phases   ] GC(43) Concurrent Reset Relocation Set 0.015ms
[60.068s][info][gc,phases   ] GC(43) Concurrent Select Relocation Set 5.406ms
[60.068s][info][gc,phases   ] GC(43) Pause Relocate Start 0.010ms
[60.072s][info][gc,phases   ] GC(43) Concurrent Relocate 3.936ms
[60.073s][info][gc,load     ] GC(43) Load: 0.00/0.00/0.00
[60.073s][info][gc,mmu      ] GC(43) MMU: 2ms/97.7%, 5ms/99.1%, 10ms/99.5%, 20ms/99.8%, 50ms/99.9%, 100ms/99.9%
[60.073s][info][gc,marking  ] GC(43) Mark: 8 stripe(s), 1 proactive flush(es), 1 terminate flush(es), 0 completion(s), 0 continuation(s) 
[60.073s][info][gc,marking  ] GC(43) Mark Stack Usage: 32M
[60.073s][info][gc,nmethod  ] GC(43) NMethods: 2185 registered, 601 unregistered
[60.073s][info][gc,metaspace] GC(43) Metaspace: 13M used, 14M committed, 1088M reserved
[60.073s][info][gc,ref      ] GC(43) Soft: 211 encountered, 0 discovered, 0 enqueued
[60.073s][info][gc,ref      ] GC(43) Weak: 627 encountered, 276 discovered, 0 enqueued
[60.073s][info][gc,ref      ] GC(43) Final: 0 encountered, 0 discovered, 0 enqueued
[60.073s][info][gc,ref      ] GC(43) Phantom: 59 encountered, 44 discovered, 0 enqueued
[60.073s][info][gc,reloc    ] GC(43) Small Pages: 1699 / 3398M, Empty: 3342M, Relocated: 3M, In-Place: 0
[60.073s][info][gc,reloc    ] GC(43) Medium Pages: 0 / 0M, Empty: 0M, Relocated: 0M, In-Place: 0
[60.073s][info][gc,reloc    ] GC(43) Large Pages: 0 / 0M, Empty: 0M, Relocated: 0M, In-Place: 0
[60.073s][info][gc,reloc    ] GC(43) Forwarding Usage: 1M
[60.073s][info][gc,heap     ] GC(43) Min Capacity: 8M(0%)
[60.073s][info][gc,heap     ] GC(43) Max Capacity: 4096M(100%)
[60.073s][info][gc,heap     ] GC(43) Soft Max Capacity: 4096M(100%)
[60.073s][info][gc,heap     ] GC(43)                Mark Start          Mark End        Relocate Start      Relocate End           High               Low         
[60.073s][info][gc,heap     ] GC(43)  Capacity:     3714M (91%)        3714M (91%)        3714M (91%)        3714M (91%)        3714M (91%)        3714M (91%)    
[60.073s][info][gc,heap     ] GC(43)      Free:      698M (17%)         698M (17%)        4040M (99%)        4068M (99%)        4068M (99%)         698M (17%)    
[60.073s][info][gc,heap     ] GC(43)      Used:     3398M (83%)        3398M (83%)          56M (1%)           28M (1%)         3398M (83%)          28M (1%)     
[60.073s][info][gc,heap     ] GC(43)      Live:         -                 6M (0%)            6M (0%)            6M (0%)             -                  -          
[60.073s][info][gc,heap     ] GC(43) Allocated:         -                 0M (0%)            0M (0%)            0M (0%)             -                  -          
[60.073s][info][gc,heap     ] GC(43)   Garbage:         -              3391M (83%)          49M (1%)           21M (1%)             -                  -          
[60.073s][info][gc,heap     ] GC(43) Reclaimed:         -                  -              3342M (82%)        3370M (82%)            -                  -          
[60.073s][info][gc          ] GC(43) Garbage Collection (System.gc()) 3398M(83%)->28M(1%)
[60.130s][info][gc,stats    ] === Garbage Collection Statistics =======================================================================================================================
[60.130s][info][gc,stats    ]                                                              Last 10s              Last 10m              Last 10h                Total
[60.130s][info][gc,stats    ]                                                              Avg / Max             Avg / Max             Avg / Max             Avg / Max
[60.130s][info][gc,stats    ]   Collector: Garbage Collection Cycle                    111.868 / 218.359      78.367 / 587.803      78.367 / 587.803      78.367 / 587.803     ms
[60.130s][info][gc,stats    ]  Contention: Mark Segment Reset Contention                     0 / 3                 2 / 26                2 / 26                2 / 26          ops/s
[60.130s][info][gc,stats    ]  Contention: Mark SeqNum Reset Contention                      0 / 1                 0 / 3                 0 / 3                 0 / 3           ops/s
[60.130s][info][gc,stats    ]    Critical: Allocation Stall                                  0 / 0                 0 / 0                 0 / 0                 0 / 0           ops/s
[60.130s][info][gc,stats    ]    Critical: Allocation Stall                              0.000 / 0.000         0.000 / 0.000         0.000 / 0.000         0.000 / 0.000       ms
[60.130s][info][gc,stats    ]    Critical: GC Locker Stall                                   0 / 0                 0 / 0                 0 / 0                 0 / 0           ops/s
[60.130s][info][gc,stats    ]    Critical: GC Locker Stall                               0.000 / 0.000         0.000 / 0.000         0.000 / 0.000         0.000 / 0.000       ms
[60.130s][info][gc,stats    ]    Critical: Relocation Stall                                  0 / 0                 0 / 0                 0 / 0                 0 / 0           ops/s
[60.130s][info][gc,stats    ]    Critical: Relocation Stall                              0.000 / 0.000         0.000 / 0.000         0.000 / 0.000         0.000 / 0.000       ms
[60.130s][info][gc,stats    ]      Memory: Allocation Rate                                2033 / 2168           1926 / 2190           1926 / 2190           1926 / 2190        MB/s
[60.130s][info][gc,stats    ]      Memory: Defragment                                        0 / 0                 0 / 0                 0 / 0                 0 / 0           ops/s
[60.130s][info][gc,stats    ]      Memory: Out Of Memory                                     0 / 0                 0 / 0                 0 / 0                 0 / 0           ops/s
[60.130s][info][gc,stats    ]      Memory: Page Cache Flush                                  0 / 0                 0 / 0                 0 / 0                 0 / 0           MB/s
[60.130s][info][gc,stats    ]      Memory: Page Cache Hit L1                              1016 / 1084            936 / 1107            936 / 1107            936 / 1107        ops/s
[60.130s][info][gc,stats    ]      Memory: Page Cache Hit L2                                 0 / 0                 0 / 0                 0 / 0                 0 / 0           ops/s
[60.130s][info][gc,stats    ]      Memory: Page Cache Hit L3                                 0 / 0                17 / 448              17 / 448              17 / 448         ops/s
[60.130s][info][gc,stats    ]      Memory: Page Cache Miss                                   1 / 18               13 / 471              13 / 471              13 / 471         ops/s
[60.130s][info][gc,stats    ]      Memory: Uncommit                                          0 / 0                 0 / 0                 0 / 0                 0 / 0           MB/s
[60.130s][info][gc,stats    ]      Memory: Undo Object Allocation Failed                     0 / 1                 0 / 5                 0 / 5                 0 / 5           ops/s
[60.130s][info][gc,stats    ]      Memory: Undo Object Allocation Succeeded                 15 / 45               21 / 124              21 / 124              21 / 124         ops/s
[60.130s][info][gc,stats    ]      Memory: Undo Page Allocation                              0 / 1                 1 / 23                1 / 23                1 / 23          ops/s
[60.130s][info][gc,stats    ]       Phase: Concurrent Mark                              37.082 / 112.170      33.610 / 549.801      33.610 / 549.801      33.610 / 549.801     ms
[60.130s][info][gc,stats    ]       Phase: Concurrent Mark Continue                      0.000 / 0.000         0.000 / 0.000         0.000 / 0.000         0.000 / 0.000       ms
[60.130s][info][gc,stats    ]       Phase: Concurrent Mark Free                          0.002 / 0.007         0.001 / 0.007         0.001 / 0.007         0.001 / 0.007       ms
[60.130s][info][gc,stats    ]       Phase: Concurrent Process Non-Strong References     46.872 / 58.035       25.269 / 59.753       25.269 / 59.753       25.269 / 59.753      ms
[60.130s][info][gc,stats    ]       Phase: Concurrent Relocate                           2.566 / 4.470         2.934 / 6.016         2.934 / 6.016         2.934 / 6.016       ms
[60.130s][info][gc,stats    ]       Phase: Concurrent Reset Relocation Set               0.015 / 0.020         0.015 / 0.022         0.015 / 0.022         0.015 / 0.022       ms
[60.130s][info][gc,stats    ]       Phase: Concurrent Select Relocation Set              4.777 / 5.748         5.713 / 22.887        5.713 / 22.887        5.713 / 22.887      ms
[60.130s][info][gc,stats    ]       Phase: Pause Mark End                                0.022 / 0.038         0.020 / 0.046         0.020 / 0.046         0.020 / 0.046       ms
[60.130s][info][gc,stats    ]       Phase: Pause Mark Start                              0.015 / 0.020         0.013 / 0.021         0.013 / 0.021         0.013 / 0.021       ms
[60.130s][info][gc,stats    ]       Phase: Pause Relocate Start                          0.009 / 0.012         0.008 / 0.019         0.008 / 0.019         0.008 / 0.019       ms
[60.130s][info][gc,stats    ]    Subphase: Concurrent Classes Purge                      0.013 / 0.042         0.114 / 3.013         0.114 / 3.013         0.114 / 3.013       ms
[60.130s][info][gc,stats    ]    Subphase: Concurrent Classes Unlink                     4.473 / 5.698         3.121 / 7.490         3.121 / 7.490         3.121 / 7.490       ms
[60.130s][info][gc,stats    ]    Subphase: Concurrent Mark                              20.879 / 109.674      12.048 / 109.674      12.048 / 109.674      12.048 / 109.674     ms
[60.131s][info][gc,stats    ]    Subphase: Concurrent Mark Try Flush                     3.760 / 73.250        0.915 / 73.250        0.915 / 73.250        0.915 / 73.250      ms
[60.131s][info][gc,stats    ]    Subphase: Concurrent Mark Try Terminate                 4.594 / 10.545        2.565 / 15.651        2.565 / 15.651        2.565 / 15.651      ms
[60.131s][info][gc,stats    ]    Subphase: Concurrent References Enqueue                 0.001 / 0.003         0.001 / 0.005         0.001 / 0.005         0.001 / 0.005       ms
[60.131s][info][gc,stats    ]    Subphase: Concurrent References Process                 0.141 / 0.194         0.098 / 0.194         0.098 / 0.194         0.098 / 0.194       ms
[60.131s][info][gc,stats    ]    Subphase: Concurrent Roots ClassLoaderDataGraph         0.155 / 0.706         0.095 / 0.923         0.095 / 0.923         0.095 / 0.923       ms
[60.131s][info][gc,stats    ]    Subphase: Concurrent Roots CodeCache                    0.000 / 0.000         0.000 / 0.000         0.000 / 0.000         0.000 / 0.000       ms
[60.131s][info][gc,stats    ]    Subphase: Concurrent Roots JavaThreads                  0.416 / 1.449         2.487 / 473.279       2.487 / 473.279       2.487 / 473.279     ms
[60.131s][info][gc,stats    ]    Subphase: Concurrent Roots OopStorageSet                0.153 / 0.573         0.123 / 1.317         0.123 / 1.317         0.123 / 1.317       ms
[60.131s][info][gc,stats    ]    Subphase: Concurrent Weak Roots OopStorageSet          20.955 / 52.562        6.461 / 53.382        6.461 / 53.382        6.461 / 53.382      ms
[60.131s][info][gc,stats    ]    Subphase: Pause Mark Try Complete                       0.005 / 0.005         0.005 / 0.007         0.005 / 0.007         0.005 / 0.007       ms
[60.131s][info][gc,stats    ]      System: Java Threads                                     53 / 61               53 / 73               53 / 73               53 / 73          threads
[60.131s][info][gc,stats    ] =========================================================================================================================================================
[61.331s][info][gc,start    ] GC(44) Garbage Collection (Allocation Rate)
[61.331s][info][gc,task     ] GC(44) Using 1 workers
[61.331s][info][gc,phases   ] GC(44) Pause Mark Start 0.009ms
[61.356s][info][gc,phases   ] GC(44) Concurrent Mark 24.692ms
[61.356s][info][gc,phases   ] GC(44) Pause Mark End 0.020ms
[61.356s][info][gc,phases   ] GC(44) Concurrent Mark Free 0.001ms
[61.411s][info][gc,phases   ] GC(44) Concurrent Process Non-Strong References 55.133ms
[61.411s][info][gc,phases   ] GC(44) Concurrent Reset Relocation Set 0.004ms
[61.416s][info][gc,phases   ] GC(44) Concurrent Select Relocation Set 4.792ms
[61.416s][info][gc,phases   ] GC(44) Pause Relocate Start 0.009ms
[61.419s][info][gc,phases   ] GC(44) Concurrent Relocate 2.357ms
[61.419s][info][gc,load     ] GC(44) Load: 0.00/0.00/0.00
[61.419s][info][gc,mmu      ] GC(44) MMU: 2ms/97.7%, 5ms/99.1%, 10ms/99.5%, 20ms/99.8%, 50ms/99.9%, 100ms/99.9%
[61.419s][info][gc,marking  ] GC(44) Mark: 1 stripe(s), 2 proactive flush(es), 1 terminate flush(es), 0 completion(s), 0 continuation(s) 
[61.419s][info][gc,marking  ] GC(44) Mark Stack Usage: 32M
[61.419s][info][gc,nmethod  ] GC(44) NMethods: 2214 registered, 602 unregistered
[61.419s][info][gc,metaspace] GC(44) Metaspace: 13M used, 14M committed, 1088M reserved
[61.419s][info][gc,ref      ] GC(44) Soft: 211 encountered, 0 discovered, 0 enqueued
[61.419s][info][gc,ref      ] GC(44) Weak: 723 encountered, 439 discovered, 0 enqueued
[61.419s][info][gc,ref      ] GC(44) Final: 0 encountered, 0 discovered, 0 enqueued
[61.419s][info][gc,ref      ] GC(44) Phantom: 59 encountered, 46 discovered, 0 enqueued
[61.419s][info][gc,reloc    ] GC(44) Small Pages: 1267 / 2534M, Empty: 2286M, Relocated: 3M, In-Place: 0
[61.419s][info][gc,reloc    ] GC(44) Medium Pages: 0 / 0M, Empty: 0M, Relocated: 0M, In-Place: 0
[61.419s][info][gc,reloc    ] GC(44) Large Pages: 0 / 0M, Empty: 0M, Relocated: 0M, In-Place: 0
[61.419s][info][gc,reloc    ] GC(44) Forwarding Usage: 0M
[61.419s][info][gc,heap     ] GC(44) Min Capacity: 8M(0%)
[61.419s][info][gc,heap     ] GC(44) Max Capacity: 4096M(100%)
[61.419s][info][gc,heap     ] GC(44) Soft Max Capacity: 4096M(100%)
[61.419s][info][gc,heap     ] GC(44)                Mark Start          Mark End        Relocate Start      Relocate End           High               Low         
[61.419s][info][gc,heap     ] GC(44)  Capacity:     3714M (91%)        3714M (91%)        3714M (91%)        3714M (91%)        3714M (91%)        3714M (91%)    
[61.419s][info][gc,heap     ] GC(44)      Free:     1562M (38%)        1468M (36%)        3648M (89%)        3866M (94%)        3866M (94%)        1368M (33%)    
[61.419s][info][gc,heap     ] GC(44)      Used:     2534M (62%)        2628M (64%)         448M (11%)         230M (6%)         2728M (67%)         230M (6%)     
[61.419s][info][gc,heap     ] GC(44)      Live:         -                 8M (0%)            8M (0%)            8M (0%)             -                  -          
[61.419s][info][gc,heap     ] GC(44) Allocated:         -                94M (2%)          200M (5%)          218M (5%)             -                  -          
[61.419s][info][gc,heap     ] GC(44)   Garbage:         -              2525M (62%)         239M (6%)            2M (0%)             -                  -          
[61.419s][info][gc,heap     ] GC(44) Reclaimed:         -                  -              2286M (56%)        2522M (62%)            -                  -          
[61.419s][info][gc          ] GC(44) Garbage Collection (Allocation Rate) 2534M(62%)->230M(6%)
[62.829s][info][gc,start    ] GC(45) Garbage Collection (Allocation Rate)
[62.829s][info][gc,task     ] GC(45) Using 1 workers
[62.830s][info][gc,phases   ] GC(45) Pause Mark Start 0.012ms
[62.852s][info][gc,phases   ] GC(45) Concurrent Mark 22.597ms
[62.853s][info][gc,phases   ] GC(45) Pause Mark End 0.015ms
[62.853s][info][gc,phases   ] GC(45) Concurrent Mark Free 0.001ms
[62.898s][info][gc,phases   ] GC(45) Concurrent Process Non-Strong References 45.423ms
[62.898s][info][gc,phases   ] GC(45) Concurrent Reset Relocation Set 0.018ms
[62.904s][info][gc,phases   ] GC(45) Concurrent Select Relocation Set 5.722ms
[62.904s][info][gc,phases   ] GC(45) Pause Relocate Start 0.008ms
[62.907s][info][gc,phases   ] GC(45) Concurrent Relocate 2.966ms
[62.907s][info][gc,load     ] GC(45) Load: 0.00/0.00/0.00
[62.907s][info][gc,mmu      ] GC(45) MMU: 2ms/97.7%, 5ms/99.1%, 10ms/99.5%, 20ms/99.8%, 50ms/99.9%, 100ms/99.9%
[62.907s][info][gc,marking  ] GC(45) Mark: 1 stripe(s), 2 proactive flush(es), 1 terminate flush(es), 0 completion(s), 0 continuation(s) 
[62.907s][info][gc,marking  ] GC(45) Mark Stack Usage: 32M
[62.907s][info][gc,nmethod  ] GC(45) NMethods: 2214 registered, 602 unregistered
[62.907s][info][gc,metaspace] GC(45) Metaspace: 13M used, 14M committed, 1088M reserved
[62.907s][info][gc,ref      ] GC(45) Soft: 211 encountered, 0 discovered, 0 enqueued
[62.907s][info][gc,ref      ] GC(45) Weak: 723 encountered, 439 discovered, 0 enqueued
[62.907s][info][gc,ref      ] GC(45) Final: 0 encountered, 0 discovered, 0 enqueued
[62.907s][info][gc,ref      ] GC(45) Phantom: 59 encountered, 46 discovered, 0 enqueued
[62.907s][info][gc,reloc    ] GC(45) Small Pages: 1476 / 2952M, Empty: 2684M, Relocated: 2M, In-Place: 0
[62.907s][info][gc,reloc    ] GC(45) Medium Pages: 0 / 0M, Empty: 0M, Relocated: 0M, In-Place: 0
[62.907s][info][gc,reloc    ] GC(45) Large Pages: 0 / 0M, Empty: 0M, Relocated: 0M, In-Place: 0
[62.907s][info][gc,reloc    ] GC(45) Forwarding Usage: 0M
[62.907s][info][gc,heap     ] GC(45) Min Capacity: 8M(0%)
[62.907s][info][gc,heap     ] GC(45) Max Capacity: 4096M(100%)
[62.907s][info][gc,heap     ] GC(45) Soft Max Capacity: 4096M(100%)
[62.907s][info][gc,heap     ] GC(45)                Mark Start          Mark End        Relocate Start      Relocate End           High               Low         
[62.907s][info][gc,heap     ] GC(45)  Capacity:     3714M (91%)        3714M (91%)        3714M (91%)        3714M (91%)        3714M (91%)        3714M (91%)    
[62.907s][info][gc,heap     ] GC(45)      Free:     1144M (28%)        1048M (26%)        3640M (89%)        3894M (95%)        3894M (95%)         956M (23%)    
[62.907s][info][gc,heap     ] GC(45)      Used:     2952M (72%)        3048M (74%)         456M (11%)         202M (5%)         3140M (77%)         202M (5%)     
[62.907s][info][gc,heap     ] GC(45)      Live:         -                 9M (0%)            9M (0%)            9M (0%)             -                  -          
[62.908s][info][gc,heap     ] GC(45) Allocated:         -                96M (2%)          188M (5%)          190M (5%)             -                  -          
[62.908s][info][gc,heap     ] GC(45)   Garbage:         -              2942M (72%)         258M (6%)            2M (0%)             -                  -          
[62.908s][info][gc,heap     ] GC(45) Reclaimed:         -                  -              2684M (66%)        2940M (72%)            -                  -          
[62.908s][info][gc          ] GC(45) Garbage Collection (Allocation Rate) 2952M(72%)->202M(5%)
[64.431s][info][gc,start    ] GC(46) Garbage Collection (Allocation Rate)
[64.431s][info][gc,task     ] GC(46) Using 1 workers
[64.431s][info][gc,phases   ] GC(46) Pause Mark Start 0.013ms
[64.455s][info][gc,phases   ] GC(46) Concurrent Mark 24.235ms
[64.455s][info][gc,phases   ] GC(46) Pause Mark End 0.017ms
[64.456s][info][gc,phases   ] GC(46) Concurrent Mark Free 0.001ms
[64.517s][info][gc,phases   ] GC(46) Concurrent Process Non-Strong References 61.100ms
[64.517s][info][gc,phases   ] GC(46) Concurrent Reset Relocation Set 0.016ms
[64.522s][info][gc,phases   ] GC(46) Concurrent Select Relocation Set 4.833ms
[64.522s][info][gc,phases   ] GC(46) Pause Relocate Start 0.009ms
[64.526s][info][gc,phases   ] GC(46) Concurrent Relocate 3.585ms
[64.526s][info][gc,load     ] GC(46) Load: 0.00/0.00/0.00
[64.526s][info][gc,mmu      ] GC(46) MMU: 2ms/97.7%, 5ms/99.1%, 10ms/99.5%, 20ms/99.8%, 50ms/99.9%, 100ms/99.9%
[64.526s][info][gc,marking  ] GC(46) Mark: 1 stripe(s), 2 proactive flush(es), 1 terminate flush(es), 0 completion(s), 0 continuation(s) 
[64.526s][info][gc,marking  ] GC(46) Mark Stack Usage: 32M
[64.526s][info][gc,nmethod  ] GC(46) NMethods: 2214 registered, 602 unregistered
[64.526s][info][gc,metaspace] GC(46) Metaspace: 13M used, 14M committed, 1088M reserved
[64.526s][info][gc,ref      ] GC(46) Soft: 211 encountered, 0 discovered, 0 enqueued
[64.526s][info][gc,ref      ] GC(46) Weak: 723 encountered, 439 discovered, 0 enqueued
[64.526s][info][gc,ref      ] GC(46) Final: 0 encountered, 0 discovered, 0 enqueued
[64.526s][info][gc,ref      ] GC(46) Phantom: 59 encountered, 46 discovered, 0 enqueued
[64.526s][info][gc,reloc    ] GC(46) Small Pages: 1686 / 3372M, Empty: 3100M, Relocated: 3M, In-Place: 0
[64.526s][info][gc,reloc    ] GC(46) Medium Pages: 0 / 0M, Empty: 0M, Relocated: 0M, In-Place: 0
[64.526s][info][gc,reloc    ] GC(46) Large Pages: 0 / 0M, Empty: 0M, Relocated: 0M, In-Place: 0
[64.526s][info][gc,reloc    ] GC(46) Forwarding Usage: 0M
[64.526s][info][gc,heap     ] GC(46) Min Capacity: 8M(0%)
[64.526s][info][gc,heap     ] GC(46) Max Capacity: 4096M(100%)
[64.526s][info][gc,heap     ] GC(46) Soft Max Capacity: 4096M(100%)
[64.526s][info][gc,heap     ] GC(46)                Mark Start          Mark End        Relocate Start      Relocate End           High               Low         
[64.526s][info][gc,heap     ] GC(46)  Capacity:     3714M (91%)        3714M (91%)        3714M (91%)        3714M (91%)        3714M (91%)        3714M (91%)    
[64.526s][info][gc,heap     ] GC(46)      Free:      724M (18%)         628M (15%)        3582M (87%)        3822M (93%)        3822M (93%)         502M (12%)    
[64.526s][info][gc,heap     ] GC(46)      Used:     3372M (82%)        3468M (85%)         514M (13%)         274M (7%)         3594M (88%)         274M (7%)     
[64.526s][info][gc,heap     ] GC(46)      Live:         -                 9M (0%)            9M (0%)            9M (0%)             -                  -          
[64.526s][info][gc,heap     ] GC(46) Allocated:         -                96M (2%)          242M (6%)          262M (6%)             -                  -          
[64.526s][info][gc,heap     ] GC(46)   Garbage:         -              3362M (82%)         262M (6%)            2M (0%)             -                  -          
[64.526s][info][gc,heap     ] GC(46) Reclaimed:         -                  -              3100M (76%)        3360M (82%)            -                  -          
[64.526s][info][gc          ] GC(46) Garbage Collection (Allocation Rate) 3372M(82%)->274M(7%)
[65.830s][info][gc,start    ] GC(47) Garbage Collection (Proactive)
[65.830s][info][gc,task     ] GC(47) Using 12 workers
[65.830s][info][gc,phases   ] GC(47) Pause Mark Start 0.011ms
[65.837s][info][gc,phases   ] GC(47) Concurrent Mark 6.650ms
[65.837s][info][gc,phases   ] GC(47) Pause Mark End 0.018ms
[65.837s][info][gc,phases   ] GC(47) Concurrent Mark Free 0.001ms
[65.842s][info][gc,phases   ] GC(47) Concurrent Process Non-Strong References 4.988ms
[65.842s][info][gc,phases   ] GC(47) Concurrent Reset Relocation Set 0.014ms
[65.847s][info][gc,phases   ] GC(47) Concurrent Select Relocation Set 5.121ms
[65.847s][info][gc,phases   ] GC(47) Pause Relocate Start 0.006ms
[65.852s][info][gc,phases   ] GC(47) Concurrent Relocate 5.024ms
[65.853s][info][gc,load     ] GC(47) Load: 0.00/0.00/0.00
[65.853s][info][gc,mmu      ] GC(47) MMU: 2ms/97.7%, 5ms/99.1%, 10ms/99.5%, 20ms/99.8%, 50ms/99.9%, 100ms/99.9%
[65.853s][info][gc,marking  ] GC(47) Mark: 8 stripe(s), 2 proactive flush(es), 1 terminate flush(es), 0 completion(s), 0 continuation(s) 
[65.853s][info][gc,marking  ] GC(47) Mark Stack Usage: 32M
[65.853s][info][gc,nmethod  ] GC(47) NMethods: 2214 registered, 602 unregistered
[65.853s][info][gc,metaspace] GC(47) Metaspace: 13M used, 14M committed, 1088M reserved
[65.853s][info][gc,ref      ] GC(47) Soft: 211 encountered, 0 discovered, 0 enqueued
[65.853s][info][gc,ref      ] GC(47) Weak: 723 encountered, 159 discovered, 0 enqueued
[65.853s][info][gc,ref      ] GC(47) Final: 0 encountered, 0 discovered, 0 enqueued
[65.853s][info][gc,ref      ] GC(47) Phantom: 59 encountered, 42 discovered, 0 enqueued
[65.853s][info][gc,reloc    ] GC(47) Small Pages: 1416 / 2832M, Empty: 2584M, Relocated: 3M, In-Place: 0
[65.853s][info][gc,reloc    ] GC(47) Medium Pages: 0 / 0M, Empty: 0M, Relocated: 0M, In-Place: 0
[65.853s][info][gc,reloc    ] GC(47) Large Pages: 0 / 0M, Empty: 0M, Relocated: 0M, In-Place: 0
[65.853s][info][gc,reloc    ] GC(47) Forwarding Usage: 0M
[65.853s][info][gc,heap     ] GC(47) Min Capacity: 8M(0%)
[65.853s][info][gc,heap     ] GC(47) Max Capacity: 4096M(100%)
[65.853s][info][gc,heap     ] GC(47) Soft Max Capacity: 4096M(100%)
[65.853s][info][gc,heap     ] GC(47)                Mark Start          Mark End        Relocate Start      Relocate End           High               Low         
[65.853s][info][gc,heap     ] GC(47)  Capacity:     3714M (91%)        3714M (91%)        3714M (91%)        3714M (91%)        3714M (91%)        3714M (91%)    
[65.853s][info][gc,heap     ] GC(47)      Free:     1264M (31%)        1186M (29%)        3760M (92%)        3972M (97%)        3972M (97%)        1180M (29%)    
[65.853s][info][gc,heap     ] GC(47)      Used:     2832M (69%)        2910M (71%)         336M (8%)          124M (3%)         2916M (71%)         124M (3%)     
[65.853s][info][gc,heap     ] GC(47)      Live:         -                 9M (0%)            9M (0%)            9M (0%)             -                  -          
[65.853s][info][gc,heap     ] GC(47) Allocated:         -                78M (2%)           88M (2%)           90M (2%)             -                  -          
[65.853s][info][gc,heap     ] GC(47)   Garbage:         -              2822M (69%)         238M (6%)           23M (1%)             -                  -          
[65.853s][info][gc,heap     ] GC(47) Reclaimed:         -                  -              2584M (63%)        2798M (68%)            -                  -          
[65.853s][info][gc          ] GC(47) Garbage Collection (Proactive) 2832M(69%)->124M(3%)
[67.231s][info][gc,start    ] GC(48) Garbage Collection (Allocation Rate)
[67.231s][info][gc,task     ] GC(48) Using 1 workers
[67.231s][info][gc,phases   ] GC(48) Pause Mark Start 0.014ms
[67.256s][info][gc,phases   ] GC(48) Concurrent Mark 24.549ms
[67.256s][info][gc,phases   ] GC(48) Pause Mark End 0.016ms
[67.256s][info][gc,phases   ] GC(48) Concurrent Mark Free 0.002ms
[67.317s][info][gc,phases   ] GC(48) Concurrent Process Non-Strong References 60.836ms
[67.317s][info][gc,phases   ] GC(48) Concurrent Reset Relocation Set 0.017ms
[67.322s][info][gc,phases   ] GC(48) Concurrent Select Relocation Set 4.978ms
[67.322s][info][gc,phases   ] GC(48) Pause Relocate Start 0.010ms
[67.327s][info][gc,phases   ] GC(48) Concurrent Relocate 4.839ms
[67.327s][info][gc,load     ] GC(48) Load: 0.00/0.00/0.00
[67.327s][info][gc,mmu      ] GC(48) MMU: 2ms/97.7%, 5ms/99.1%, 10ms/99.5%, 20ms/99.8%, 50ms/99.9%, 100ms/99.9%
[67.327s][info][gc,marking  ] GC(48) Mark: 1 stripe(s), 2 proactive flush(es), 1 terminate flush(es), 0 completion(s), 0 continuation(s) 
[67.327s][info][gc,marking  ] GC(48) Mark Stack Usage: 32M
[67.327s][info][gc,nmethod  ] GC(48) NMethods: 2214 registered, 602 unregistered
[67.327s][info][gc,metaspace] GC(48) Metaspace: 13M used, 14M committed, 1088M reserved
[67.327s][info][gc,ref      ] GC(48) Soft: 211 encountered, 0 discovered, 0 enqueued
[67.327s][info][gc,ref      ] GC(48) Weak: 723 encountered, 439 discovered, 0 enqueued
[67.327s][info][gc,ref      ] GC(48) Final: 0 encountered, 0 discovered, 0 enqueued
[67.327s][info][gc,ref      ] GC(48) Phantom: 59 encountered, 46 discovered, 0 enqueued
[67.327s][info][gc,reloc    ] GC(48) Small Pages: 1524 / 3048M, Empty: 2764M, Relocated: 3M, In-Place: 0
[67.327s][info][gc,reloc    ] GC(48) Medium Pages: 0 / 0M, Empty: 0M, Relocated: 0M, In-Place: 0
[67.327s][info][gc,reloc    ] GC(48) Large Pages: 0 / 0M, Empty: 0M, Relocated: 0M, In-Place: 0
[67.327s][info][gc,reloc    ] GC(48) Forwarding Usage: 0M
[67.327s][info][gc,heap     ] GC(48) Min Capacity: 8M(0%)
[67.327s][info][gc,heap     ] GC(48) Max Capacity: 4096M(100%)
[67.327s][info][gc,heap     ] GC(48) Soft Max Capacity: 4096M(100%)
[67.327s][info][gc,heap     ] GC(48)                Mark Start          Mark End        Relocate Start      Relocate End           High               Low         
[67.327s][info][gc,heap     ] GC(48)  Capacity:     3714M (91%)        3714M (91%)        3714M (91%)        3714M (91%)        3714M (91%)        3714M (91%)    
[67.327s][info][gc,heap     ] GC(48)      Free:     1048M (26%)         954M (23%)        3554M (87%)        3820M (93%)        3820M (93%)         808M (20%)    
[67.327s][info][gc,heap     ] GC(48)      Used:     3048M (74%)        3142M (77%)         542M (13%)         276M (7%)         3288M (80%)         276M (7%)     
[67.327s][info][gc,heap     ] GC(48)      Live:         -                 9M (0%)            9M (0%)            9M (0%)             -                  -          
[67.327s][info][gc,heap     ] GC(48) Allocated:         -                94M (2%)          258M (6%)          264M (6%)             -                  -          
[67.327s][info][gc,heap     ] GC(48)   Garbage:         -              3038M (74%)         274M (7%)            1M (0%)             -                  -          
[67.327s][info][gc,heap     ] GC(48) Reclaimed:         -                  -              2764M (67%)        3036M (74%)            -                  -          
[67.327s][info][gc          ] GC(48) Garbage Collection (Allocation Rate) 3048M(74%)->276M(7%)
[68.830s][info][gc,start    ] GC(49) Garbage Collection (Allocation Rate)
[68.830s][info][gc,task     ] GC(49) Using 1 workers
[68.830s][info][gc,phases   ] GC(49) Pause Mark Start 0.010ms
[68.853s][info][gc,phases   ] GC(49) Concurrent Mark 22.470ms
[68.853s][info][gc,phases   ] GC(49) Pause Mark End 0.017ms
[68.853s][info][gc,phases   ] GC(49) Concurrent Mark Free 0.001ms
[68.904s][info][gc,phases   ] GC(49) Concurrent Process Non-Strong References 51.166ms
[68.904s][info][gc,phases   ] GC(49) Concurrent Reset Relocation Set 0.015ms
[68.909s][info][gc,phases   ] GC(49) Concurrent Select Relocation Set 5.155ms
[68.910s][info][gc,phases   ] GC(49) Pause Relocate Start 0.007ms
[68.910s][info][gc,phases   ] GC(49) Concurrent Relocate 0.690ms
[68.910s][info][gc,load     ] GC(49) Load: 0.00/0.00/0.00
[68.910s][info][gc,mmu      ] GC(49) MMU: 2ms/97.7%, 5ms/99.1%, 10ms/99.5%, 20ms/99.8%, 50ms/99.9%, 100ms/99.9%
[68.910s][info][gc,marking  ] GC(49) Mark: 1 stripe(s), 2 proactive flush(es), 1 terminate flush(es), 0 completion(s), 0 continuation(s) 
[68.910s][info][gc,marking  ] GC(49) Mark Stack Usage: 32M
[68.910s][info][gc,nmethod  ] GC(49) NMethods: 2214 registered, 602 unregistered
[68.910s][info][gc,metaspace] GC(49) Metaspace: 13M used, 14M committed, 1088M reserved
[68.910s][info][gc,ref      ] GC(49) Soft: 211 encountered, 0 discovered, 0 enqueued
[68.910s][info][gc,ref      ] GC(49) Weak: 723 encountered, 439 discovered, 0 enqueued
[68.911s][info][gc,ref      ] GC(49) Final: 0 encountered, 0 discovered, 0 enqueued
[68.911s][info][gc,ref      ] GC(49) Phantom: 59 encountered, 46 discovered, 0 enqueued
[68.911s][info][gc,reloc    ] GC(49) Small Pages: 1616 / 3232M, Empty: 2966M, Relocated: 1M, In-Place: 0
[68.911s][info][gc,reloc    ] GC(49) Medium Pages: 0 / 0M, Empty: 0M, Relocated: 0M, In-Place: 0
[68.911s][info][gc,reloc    ] GC(49) Large Pages: 0 / 0M, Empty: 0M, Relocated: 0M, In-Place: 0
[68.911s][info][gc,reloc    ] GC(49) Forwarding Usage: 0M
[68.911s][info][gc,heap     ] GC(49) Min Capacity: 8M(0%)
[68.911s][info][gc,heap     ] GC(49) Max Capacity: 4096M(100%)
[68.911s][info][gc,heap     ] GC(49) Soft Max Capacity: 4096M(100%)
[68.911s][info][gc,heap     ] GC(49)                Mark Start          Mark End        Relocate Start      Relocate End           High               Low         
[68.911s][info][gc,heap     ] GC(49)  Capacity:     3714M (91%)        3714M (91%)        3714M (91%)        3714M (91%)        3714M (91%)        3714M (91%)    
[68.911s][info][gc,heap     ] GC(49)      Free:      864M (21%)         770M (19%)        3644M (89%)        3896M (95%)        3896M (95%)         678M (17%)    
[68.911s][info][gc,heap     ] GC(49)      Used:     3232M (79%)        3326M (81%)         452M (11%)         200M (5%)         3418M (83%)         200M (5%)     
[68.911s][info][gc,heap     ] GC(49)      Live:         -                 9M (0%)            9M (0%)            9M (0%)             -                  -          
[68.911s][info][gc,heap     ] GC(49) Allocated:         -                94M (2%)          186M (5%)          184M (5%)             -                  -          
[68.911s][info][gc,heap     ] GC(49)   Garbage:         -              3222M (79%)         256M (6%)            5M (0%)             -                  -          
[68.911s][info][gc,heap     ] GC(49) Reclaimed:         -                  -              2966M (72%)        3216M (79%)            -                  -          
[68.911s][info][gc          ] GC(49) Garbage Collection (Allocation Rate) 3232M(79%)->200M(5%)
[70.031s][info][gc,start    ] GC(50) Garbage Collection (Proactive)
[70.031s][info][gc,task     ] GC(50) Using 12 workers
[70.031s][info][gc,phases   ] GC(50) Pause Mark Start 0.013ms
[70.038s][info][gc,phases   ] GC(50) Concurrent Mark 6.613ms
[70.038s][info][gc,phases   ] GC(50) Pause Mark End 0.019ms
[70.038s][info][gc,phases   ] GC(50) Concurrent Mark Free 0.001ms
[70.044s][info][gc,phases   ] GC(50) Concurrent Process Non-Strong References 6.132ms
[70.044s][info][gc,phases   ] GC(50) Concurrent Reset Relocation Set 0.020ms
[70.048s][info][gc,phases   ] GC(50) Concurrent Select Relocation Set 3.655ms
[70.048s][info][gc,phases   ] GC(50) Pause Relocate Start 0.007ms
[70.048s][info][gc,phases   ] GC(50) Concurrent Relocate 0.346ms
[70.049s][info][gc,load     ] GC(50) Load: 0.00/0.00/0.00
[70.049s][info][gc,mmu      ] GC(50) MMU: 2ms/97.7%, 5ms/99.1%, 10ms/99.5%, 20ms/99.8%, 50ms/99.9%, 100ms/99.9%
[70.049s][info][gc,marking  ] GC(50) Mark: 8 stripe(s), 3 proactive flush(es), 1 terminate flush(es), 0 completion(s), 0 continuation(s) 
[70.049s][info][gc,marking  ] GC(50) Mark Stack Usage: 32M
[70.049s][info][gc,nmethod  ] GC(50) NMethods: 2214 registered, 603 unregistered
[70.049s][info][gc,metaspace] GC(50) Metaspace: 13M used, 14M committed, 1088M reserved
[70.049s][info][gc,ref      ] GC(50) Soft: 211 encountered, 0 discovered, 0 enqueued
[70.049s][info][gc,ref      ] GC(50) Weak: 723 encountered, 170 discovered, 0 enqueued
[70.049s][info][gc,ref      ] GC(50) Final: 0 encountered, 0 discovered, 0 enqueued
[70.049s][info][gc,ref      ] GC(50) Phantom: 59 encountered, 44 discovered, 0 enqueued
[70.049s][info][gc,reloc    ] GC(50) Small Pages: 1236 / 2472M, Empty: 2214M, Relocated: 1M, In-Place: 0
[70.049s][info][gc,reloc    ] GC(50) Medium Pages: 0 / 0M, Empty: 0M, Relocated: 0M, In-Place: 0
[70.049s][info][gc,reloc    ] GC(50) Large Pages: 0 / 0M, Empty: 0M, Relocated: 0M, In-Place: 0
[70.049s][info][gc,reloc    ] GC(50) Forwarding Usage: 0M
[70.049s][info][gc,heap     ] GC(50) Min Capacity: 8M(0%)
[70.049s][info][gc,heap     ] GC(50) Max Capacity: 4096M(100%)
[70.049s][info][gc,heap     ] GC(50) Soft Max Capacity: 4096M(100%)
[70.049s][info][gc,heap     ] GC(50)                Mark Start          Mark End        Relocate Start      Relocate End           High               Low         
[70.049s][info][gc,heap     ] GC(50)  Capacity:     3714M (91%)        3714M (91%)        3714M (91%)        3714M (91%)        3714M (91%)        3714M (91%)    
[70.049s][info][gc,heap     ] GC(50)      Free:     1624M (40%)        1540M (38%)        3750M (92%)        3964M (97%)        3964M (97%)        1536M (38%)    
[70.049s][info][gc,heap     ] GC(50)      Used:     2472M (60%)        2556M (62%)         346M (8%)          132M (3%)         2560M (63%)         132M (3%)     
[70.049s][info][gc,heap     ] GC(50)      Live:         -                10M (0%)           10M (0%)           10M (0%)             -                  -          
[70.049s][info][gc,heap     ] GC(50) Allocated:         -                84M (2%)           88M (2%)           94M (2%)             -                  -          
[70.049s][info][gc,heap     ] GC(50)   Garbage:         -              2461M (60%)         247M (6%)           27M (1%)             -                  -          
[70.049s][info][gc,heap     ] GC(50) Reclaimed:         -                  -              2214M (54%)        2434M (59%)            -                  -          
[70.049s][info][gc          ] GC(50) Garbage Collection (Proactive) 2472M(60%)->132M(3%)
[70.130s][info][gc,stats    ] === Garbage Collection Statistics =======================================================================================================================
[70.130s][info][gc,stats    ]                                                              Last 10s              Last 10m              Last 10h                Total
[70.130s][info][gc,stats    ]                                                              Avg / Max             Avg / Max             Avg / Max             Avg / Max
[70.130s][info][gc,stats    ]   Collector: Garbage Collection Cycle                     68.350 / 96.345       76.992 / 587.803      76.992 / 587.803      76.992 / 587.803     ms
[70.130s][info][gc,stats    ]  Contention: Mark Segment Reset Contention                     2 / 14                2 / 26                2 / 26                2 / 26          ops/s
[70.130s][info][gc,stats    ]  Contention: Mark SeqNum Reset Contention                      0 / 2                 0 / 3                 0 / 3                 0 / 3           ops/s
[70.130s][info][gc,stats    ]    Critical: Allocation Stall                                  0 / 0                 0 / 0                 0 / 0                 0 / 0           ops/s
[70.130s][info][gc,stats    ]    Critical: Allocation Stall                              0.000 / 0.000         0.000 / 0.000         0.000 / 0.000         0.000 / 0.000       ms
[70.130s][info][gc,stats    ]    Critical: GC Locker Stall                                   0 / 0                 0 / 0                 0 / 0                 0 / 0           ops/s
[70.130s][info][gc,stats    ]    Critical: GC Locker Stall                               0.000 / 0.000         0.000 / 0.000         0.000 / 0.000         0.000 / 0.000       ms
[70.130s][info][gc,stats    ]    Critical: Relocation Stall                                  0 / 0                 0 / 0                 0 / 0                 0 / 0           ops/s
[70.131s][info][gc,stats    ]    Critical: Relocation Stall                              0.000 / 0.000         0.000 / 0.000         0.000 / 0.000         0.000 / 0.000       ms
[70.131s][info][gc,stats    ]      Memory: Allocation Rate                                2045 / 2134           1943 / 2190           1943 / 2190           1943 / 2190        MB/s
[70.131s][info][gc,stats    ]      Memory: Defragment                                        0 / 0                 0 / 0                 0 / 0                 0 / 0           ops/s
[70.131s][info][gc,stats    ]      Memory: Out Of Memory                                     0 / 0                 0 / 0                 0 / 0                 0 / 0           ops/s
[70.131s][info][gc,stats    ]      Memory: Page Cache Flush                                  0 / 0                 0 / 0                 0 / 0                 0 / 0           MB/s
[70.131s][info][gc,stats    ]      Memory: Page Cache Hit L1                              1025 / 1067            949 / 1107            949 / 1107            949 / 1107        ops/s
[70.131s][info][gc,stats    ]      Memory: Page Cache Hit L2                                 0 / 0                 0 / 0                 0 / 0                 0 / 0           ops/s
[70.131s][info][gc,stats    ]      Memory: Page Cache Hit L3                                 0 / 0                14 / 448              14 / 448              14 / 448         ops/s
[70.131s][info][gc,stats    ]      Memory: Page Cache Miss                                   0 / 0                11 / 471              11 / 471              11 / 471         ops/s
[70.131s][info][gc,stats    ]      Memory: Uncommit                                          0 / 0                 0 / 0                 0 / 0                 0 / 0           MB/s
[70.131s][info][gc,stats    ]      Memory: Undo Object Allocation Failed                     0 / 1                 0 / 5                 0 / 5                 0 / 5           ops/s
[70.131s][info][gc,stats    ]      Memory: Undo Object Allocation Succeeded                 18 / 44               21 / 124              21 / 124              21 / 124         ops/s
[70.131s][info][gc,stats    ]      Memory: Undo Page Allocation                              0 / 1                 1 / 23                1 / 23                1 / 23          ops/s
[70.131s][info][gc,stats    ]       Phase: Concurrent Mark                              18.829 / 24.692       31.581 / 549.801      31.581 / 549.801      31.581 / 549.801     ms
[70.131s][info][gc,stats    ]       Phase: Concurrent Mark Continue                      0.000 / 0.000         0.000 / 0.000         0.000 / 0.000         0.000 / 0.000       ms
[70.131s][info][gc,stats    ]       Phase: Concurrent Mark Free                          0.001 / 0.002         0.001 / 0.007         0.001 / 0.007         0.001 / 0.007       ms
[70.131s][info][gc,stats    ]       Phase: Concurrent Process Non-Strong References     40.683 / 61.100       27.384 / 61.100       27.384 / 61.100       27.384 / 61.100      ms
[70.131s][info][gc,stats    ]       Phase: Concurrent Relocate                           2.829 / 5.024         2.919 / 6.016         2.919 / 6.016         2.919 / 6.016       ms
[70.131s][info][gc,stats    ]       Phase: Concurrent Reset Relocation Set               0.015 / 0.020         0.015 / 0.022         0.015 / 0.022         0.015 / 0.022       ms
[70.131s][info][gc,stats    ]       Phase: Concurrent Select Relocation Set              4.894 / 5.722         5.601 / 22.887        5.601 / 22.887        5.601 / 22.887      ms
[70.131s][info][gc,stats    ]       Phase: Pause Mark End                                0.017 / 0.020         0.020 / 0.046         0.020 / 0.046         0.020 / 0.046       ms
[70.131s][info][gc,stats    ]       Phase: Pause Mark Start                              0.012 / 0.014         0.013 / 0.021         0.013 / 0.021         0.013 / 0.021       ms
[70.131s][info][gc,stats    ]       Phase: Pause Relocate Start                          0.008 / 0.010         0.008 / 0.019         0.008 / 0.019         0.008 / 0.019       ms
[70.131s][info][gc,stats    ]    Subphase: Concurrent Classes Purge                      0.011 / 0.022         0.100 / 3.013         0.100 / 3.013         0.100 / 3.013       ms
[70.131s][info][gc,stats    ]    Subphase: Concurrent Classes Unlink                     3.959 / 5.757         3.236 / 7.490         3.236 / 7.490         3.236 / 7.490       ms
[70.131s][info][gc,stats    ]    Subphase: Concurrent Mark                               8.210 / 23.534       11.658 / 109.674      11.658 / 109.674      11.658 / 109.674     ms
[70.131s][info][gc,stats    ]    Subphase: Concurrent Mark Try Flush                     0.104 / 0.157         0.804 / 73.250        0.804 / 73.250        0.804 / 73.250      ms
[70.131s][info][gc,stats    ]    Subphase: Concurrent Mark Try Terminate                 1.209 / 2.003         2.408 / 15.651        2.408 / 15.651        2.408 / 15.651      ms
[70.131s][info][gc,stats    ]    Subphase: Concurrent References Enqueue                 0.001 / 0.001         0.001 / 0.005         0.001 / 0.005         0.001 / 0.005       ms
[70.131s][info][gc,stats    ]    Subphase: Concurrent References Process                 0.116 / 0.177         0.101 / 0.194         0.101 / 0.194         0.101 / 0.194       ms
[70.131s][info][gc,stats    ]    Subphase: Concurrent Roots ClassLoaderDataGraph         0.110 / 0.338         0.097 / 0.923         0.097 / 0.923         0.097 / 0.923       ms
[70.131s][info][gc,stats    ]    Subphase: Concurrent Roots CodeCache                    0.000 / 0.000         0.000 / 0.000         0.000 / 0.000         0.000 / 0.000       ms
[70.131s][info][gc,stats    ]    Subphase: Concurrent Roots JavaThreads                  0.321 / 0.720         2.268 / 473.279       2.268 / 473.279       2.268 / 473.279     ms
[70.131s][info][gc,stats    ]    Subphase: Concurrent Roots OopStorageSet                0.114 / 0.446         0.122 / 1.317         0.122 / 1.317         0.122 / 1.317       ms
[70.131s][info][gc,stats    ]    Subphase: Concurrent Weak Roots OopStorageSet          12.404 / 56.199        7.066 / 56.199        7.066 / 56.199        7.066 / 56.199      ms
[70.131s][info][gc,stats    ]    Subphase: Pause Mark Try Complete                       0.000 / 0.000         0.005 / 0.007         0.005 / 0.007         0.005 / 0.007       ms
[70.131s][info][gc,stats    ]      System: Java Threads                                     60 / 61               54 / 73               54 / 73               54 / 73          threads
[70.131s][info][gc,stats    ] =========================================================================================================================================================
[71.431s][info][gc,start    ] GC(51) Garbage Collection (Allocation Rate)
[71.431s][info][gc,task     ] GC(51) Using 1 workers
[71.431s][info][gc,phases   ] GC(51) Pause Mark Start 0.011ms
[71.444s][info][gc,phases   ] GC(51) Concurrent Mark 13.447ms
[71.444s][info][gc,phases   ] GC(51) Pause Mark End 0.015ms
[71.444s][info][gc,phases   ] GC(51) Concurrent Mark Free 0.000ms
[71.483s][info][gc,phases   ] GC(51) Concurrent Process Non-Strong References 38.974ms
[71.483s][info][gc,phases   ] GC(51) Concurrent Reset Relocation Set 0.012ms
[71.487s][info][gc,phases   ] GC(51) Concurrent Select Relocation Set 3.142ms
[71.487s][info][gc,phases   ] GC(51) Pause Relocate Start 0.008ms
[71.487s][info][gc,phases   ] GC(51) Concurrent Relocate 0.442ms
[71.487s][info][gc,load     ] GC(51) Load: 0.00/0.00/0.00
[71.487s][info][gc,mmu      ] GC(51) MMU: 2ms/97.7%, 5ms/99.1%, 10ms/99.5%, 20ms/99.8%, 50ms/99.9%, 100ms/99.9%
[71.487s][info][gc,marking  ] GC(51) Mark: 1 stripe(s), 2 proactive flush(es), 1 terminate flush(es), 0 completion(s), 0 continuation(s) 
[71.487s][info][gc,marking  ] GC(51) Mark Stack Usage: 32M
[71.487s][info][gc,nmethod  ] GC(51) NMethods: 2219 registered, 605 unregistered
[71.487s][info][gc,metaspace] GC(51) Metaspace: 13M used, 14M committed, 1088M reserved
[71.487s][info][gc,ref      ] GC(51) Soft: 211 encountered, 0 discovered, 0 enqueued
[71.487s][info][gc,ref      ] GC(51) Weak: 649 encountered, 437 discovered, 0 enqueued
[71.487s][info][gc,ref      ] GC(51) Final: 0 encountered, 0 discovered, 0 enqueued
[71.487s][info][gc,ref      ] GC(51) Phantom: 59 encountered, 46 discovered, 0 enqueued
[71.488s][info][gc,reloc    ] GC(51) Small Pages: 1603 / 3206M, Empty: 3006M, Relocated: 1M, In-Place: 0
[71.488s][info][gc,reloc    ] GC(51) Medium Pages: 0 / 0M, Empty: 0M, Relocated: 0M, In-Place: 0
[71.488s][info][gc,reloc    ] GC(51) Large Pages: 0 / 0M, Empty: 0M, Relocated: 0M, In-Place: 0
[71.488s][info][gc,reloc    ] GC(51) Forwarding Usage: 0M
[71.488s][info][gc,heap     ] GC(51) Min Capacity: 8M(0%)
[71.488s][info][gc,heap     ] GC(51) Max Capacity: 4096M(100%)
[71.488s][info][gc,heap     ] GC(51) Soft Max Capacity: 4096M(100%)
[71.488s][info][gc,heap     ] GC(51)                Mark Start          Mark End        Relocate Start      Relocate End           High               Low         
[71.488s][info][gc,heap     ] GC(51)  Capacity:     3714M (91%)        3714M (91%)        3714M (91%)        3714M (91%)        3714M (91%)        3714M (91%)    
[71.488s][info][gc,heap     ] GC(51)      Free:      890M (22%)         844M (21%)        3786M (92%)        3970M (97%)        3970M (97%)         784M (19%)    
[71.488s][info][gc,heap     ] GC(51)      Used:     3206M (78%)        3252M (79%)         310M (8%)          126M (3%)         3312M (81%)         126M (3%)     
[71.488s][info][gc,heap     ] GC(51)      Live:         -                 8M (0%)            8M (0%)            8M (0%)             -                  -          
[71.488s][info][gc,heap     ] GC(51) Allocated:         -                46M (1%)          110M (3%)          113M (3%)             -                  -          
[71.488s][info][gc,heap     ] GC(51)   Garbage:         -              3197M (78%)         191M (5%)            3M (0%)             -                  -          
[71.488s][info][gc,heap     ] GC(51) Reclaimed:         -                  -              3006M (73%)        3193M (78%)            -                  -          
[71.488s][info][gc          ] GC(51) Garbage Collection (Allocation Rate) 3206M(78%)->126M(3%)
[71.575s][info][gc,start    ] GC(52) Garbage Collection (System.gc())
[71.588s][info][gc,task     ] GC(52) Using 12 workers
[71.588s][info][gc,phases   ] GC(52) Pause Mark Start 0.012ms
[71.593s][info][gc,phases   ] GC(52) Concurrent Mark 4.613ms
[71.593s][info][gc,phases   ] GC(52) Pause Mark End 0.011ms
[71.593s][info][gc,phases   ] GC(52) Concurrent Mark Free 0.001ms
[71.599s][info][gc,phases   ] GC(52) Concurrent Process Non-Strong References 6.120ms
[71.599s][info][gc,phases   ] GC(52) Concurrent Reset Relocation Set 0.009ms
[71.603s][info][gc,phases   ] GC(52) Concurrent Select Relocation Set 4.381ms
[71.604s][info][gc,phases   ] GC(52) Pause Relocate Start 0.006ms
[71.609s][info][gc,phases   ] GC(52) Concurrent Relocate 5.464ms
[71.609s][info][gc,load     ] GC(52) Load: 0.00/0.00/0.00
[71.609s][info][gc,mmu      ] GC(52) MMU: 2ms/97.7%, 5ms/99.1%, 10ms/99.5%, 20ms/99.8%, 50ms/99.9%, 100ms/99.9%
[71.609s][info][gc,marking  ] GC(52) Mark: 8 stripe(s), 1 proactive flush(es), 1 terminate flush(es), 0 completion(s), 0 continuation(s) 
[71.609s][info][gc,marking  ] GC(52) Mark Stack Usage: 32M
[71.609s][info][gc,nmethod  ] GC(52) NMethods: 2222 registered, 605 unregistered
[71.609s][info][gc,metaspace] GC(52) Metaspace: 13M used, 14M committed, 1088M reserved
[71.609s][info][gc,ref      ] GC(52) Soft: 211 encountered, 0 discovered, 0 enqueued
[71.609s][info][gc,ref      ] GC(52) Weak: 623 encountered, 149 discovered, 0 enqueued
[71.609s][info][gc,ref      ] GC(52) Final: 0 encountered, 0 discovered, 0 enqueued
[71.609s][info][gc,ref      ] GC(52) Phantom: 59 encountered, 56 discovered, 0 enqueued
[71.609s][info][gc,reloc    ] GC(52) Small Pages: 102 / 204M, Empty: 176M, Relocated: 3M, In-Place: 0
[71.609s][info][gc,reloc    ] GC(52) Medium Pages: 0 / 0M, Empty: 0M, Relocated: 0M, In-Place: 0
[71.610s][info][gc,reloc    ] GC(52) Large Pages: 0 / 0M, Empty: 0M, Relocated: 0M, In-Place: 0
[71.610s][info][gc,reloc    ] GC(52) Forwarding Usage: 1M
[71.610s][info][gc,heap     ] GC(52) Min Capacity: 8M(0%)
[71.610s][info][gc,heap     ] GC(52) Max Capacity: 4096M(100%)
[71.610s][info][gc,heap     ] GC(52) Soft Max Capacity: 4096M(100%)
[71.610s][info][gc,heap     ] GC(52)                Mark Start          Mark End        Relocate Start      Relocate End           High               Low         
[71.610s][info][gc,heap     ] GC(52)  Capacity:     3714M (91%)        3714M (91%)        3714M (91%)        3714M (91%)        3714M (91%)        3714M (91%)    
[71.610s][info][gc,heap     ] GC(52)      Free:     3892M (95%)        3892M (95%)        4068M (99%)        4072M (99%)        4072M (99%)        3892M (95%)    
[71.610s][info][gc,heap     ] GC(52)      Used:      204M (5%)          204M (5%)           28M (1%)           24M (1%)          204M (5%)           24M (1%)     
[71.610s][info][gc,heap     ] GC(52)      Live:         -                 6M (0%)            6M (0%)            6M (0%)             -                  -          
[71.610s][info][gc,heap     ] GC(52) Allocated:         -                 0M (0%)            0M (0%)            0M (0%)             -                  -          
[71.610s][info][gc,heap     ] GC(52)   Garbage:         -               197M (5%)           21M (1%)           17M (0%)             -                  -          
[71.610s][info][gc,heap     ] GC(52) Reclaimed:         -                  -               176M (4%)          180M (4%)             -                  -          
[71.610s][info][gc          ] GC(52) Garbage Collection (System.gc()) 204M(5%)->24M(1%)
[73.429s][info][gc,start    ] GC(53) Garbage Collection (Proactive)
[73.429s][info][gc,task     ] GC(53) Using 12 workers
[73.429s][info][gc,phases   ] GC(53) Pause Mark Start 0.013ms
[73.435s][info][gc,phases   ] GC(53) Concurrent Mark 5.583ms
[73.435s][info][gc,phases   ] GC(53) Pause Mark End 0.020ms
[73.435s][info][gc,phases   ] GC(53) Concurrent Mark Free 0.001ms
[73.442s][info][gc,phases   ] GC(53) Concurrent Process Non-Strong References 6.830ms
[73.442s][info][gc,phases   ] GC(53) Concurrent Reset Relocation Set 0.003ms
[73.446s][info][gc,phases   ] GC(53) Concurrent Select Relocation Set 3.970ms
[73.446s][info][gc,phases   ] GC(53) Pause Relocate Start 0.006ms
[73.448s][info][gc,phases   ] GC(53) Concurrent Relocate 1.544ms
[73.448s][info][gc,load     ] GC(53) Load: 0.00/0.00/0.00
[73.448s][info][gc,mmu      ] GC(53) MMU: 2ms/97.7%, 5ms/99.1%, 10ms/99.5%, 20ms/99.8%, 50ms/99.9%, 100ms/99.9%
[73.448s][info][gc,marking  ] GC(53) Mark: 8 stripe(s), 2 proactive flush(es), 1 terminate flush(es), 0 completion(s), 0 continuation(s) 
[73.448s][info][gc,marking  ] GC(53) Mark Stack Usage: 32M
[73.448s][info][gc,nmethod  ] GC(53) NMethods: 2226 registered, 605 unregistered
[73.448s][info][gc,metaspace] GC(53) Metaspace: 13M used, 14M committed, 1088M reserved
[73.448s][info][gc,ref      ] GC(53) Soft: 211 encountered, 0 discovered, 0 enqueued
[73.448s][info][gc,ref      ] GC(53) Weak: 729 encountered, 260 discovered, 2 enqueued
[73.448s][info][gc,ref      ] GC(53) Final: 0 encountered, 0 discovered, 0 enqueued
[73.448s][info][gc,ref      ] GC(53) Phantom: 59 encountered, 53 discovered, 0 enqueued
[73.448s][info][gc,reloc    ] GC(53) Small Pages: 1566 / 3132M, Empty: 2864M, Relocated: 3M, In-Place: 0
[73.448s][info][gc,reloc    ] GC(53) Medium Pages: 0 / 0M, Empty: 0M, Relocated: 0M, In-Place: 0
[73.448s][info][gc,reloc    ] GC(53) Large Pages: 0 / 0M, Empty: 0M, Relocated: 0M, In-Place: 0
[73.448s][info][gc,reloc    ] GC(53) Forwarding Usage: 0M
[73.448s][info][gc,heap     ] GC(53) Min Capacity: 8M(0%)
[73.448s][info][gc,heap     ] GC(53) Max Capacity: 4096M(100%)
[73.448s][info][gc,heap     ] GC(53) Soft Max Capacity: 4096M(100%)
[73.448s][info][gc,heap     ] GC(53)                Mark Start          Mark End        Relocate Start      Relocate End           High               Low         
[73.448s][info][gc,heap     ] GC(53)  Capacity:     3714M (91%)        3714M (91%)        3714M (91%)        3714M (91%)        3714M (91%)        3714M (91%)    
[73.448s][info][gc,heap     ] GC(53)      Free:      964M (24%)         888M (22%)        3740M (91%)        3968M (97%)        3968M (97%)         880M (21%)    
[73.448s][info][gc,heap     ] GC(53)      Used:     3132M (76%)        3208M (78%)         356M (9%)          128M (3%)         3216M (79%)         128M (3%)     
[73.448s][info][gc,heap     ] GC(53)      Live:         -                 8M (0%)            8M (0%)            8M (0%)             -                  -          
[73.448s][info][gc,heap     ] GC(53) Allocated:         -                76M (2%)           88M (2%)           94M (2%)             -                  -          
[73.448s][info][gc,heap     ] GC(53)   Garbage:         -              3123M (76%)         259M (6%)           24M (1%)             -                  -          
[73.448s][info][gc,heap     ] GC(53) Reclaimed:         -                  -              2864M (70%)        3098M (76%)            -                  -          
[73.448s][info][gc          ] GC(53) Garbage Collection (Proactive) 3132M(76%)->128M(3%)
[74.930s][info][gc,start    ] GC(54) Garbage Collection (Allocation Rate)
[74.930s][info][gc,task     ] GC(54) Using 1 workers
[74.931s][info][gc,phases   ] GC(54) Pause Mark Start 0.014ms
[74.952s][info][gc,phases   ] GC(54) Concurrent Mark 21.228ms
[74.952s][info][gc,phases   ] GC(54) Pause Mark End 0.019ms
[74.952s][info][gc,phases   ] GC(54) Concurrent Mark Free 0.001ms
[75.009s][info][gc,phases   ] GC(54) Concurrent Process Non-Strong References 56.425ms
[75.009s][info][gc,phases   ] GC(54) Concurrent Reset Relocation Set 0.021ms
[75.014s][info][gc,phases   ] GC(54) Concurrent Select Relocation Set 5.043ms
[75.014s][info][gc,phases   ] GC(54) Pause Relocate Start 0.007ms
[75.016s][info][gc,phases   ] GC(54) Concurrent Relocate 2.365ms
[75.016s][info][gc,load     ] GC(54) Load: 0.00/0.00/0.00
[75.017s][info][gc,mmu      ] GC(54) MMU: 2ms/97.7%, 5ms/99.1%, 10ms/99.5%, 20ms/99.8%, 50ms/99.9%, 100ms/99.9%
[75.017s][info][gc,marking  ] GC(54) Mark: 1 stripe(s), 2 proactive flush(es), 1 terminate flush(es), 0 completion(s), 0 continuation(s) 
[75.017s][info][gc,marking  ] GC(54) Mark Stack Usage: 32M
[75.017s][info][gc,nmethod  ] GC(54) NMethods: 2226 registered, 605 unregistered
[75.017s][info][gc,metaspace] GC(54) Metaspace: 13M used, 14M committed, 1088M reserved
[75.017s][info][gc,ref      ] GC(54) Soft: 211 encountered, 0 discovered, 0 enqueued
[75.017s][info][gc,ref      ] GC(54) Weak: 727 encountered, 441 discovered, 0 enqueued
[75.017s][info][gc,ref      ] GC(54) Final: 0 encountered, 0 discovered, 0 enqueued
[75.017s][info][gc,ref      ] GC(54) Phantom: 59 encountered, 46 discovered, 0 enqueued
[75.017s][info][gc,reloc    ] GC(54) Small Pages: 1593 / 3186M, Empty: 2896M, Relocated: 3M, In-Place: 0
[75.017s][info][gc,reloc    ] GC(54) Medium Pages: 0 / 0M, Empty: 0M, Relocated: 0M, In-Place: 0
[75.017s][info][gc,reloc    ] GC(54) Large Pages: 0 / 0M, Empty: 0M, Relocated: 0M, In-Place: 0
[75.017s][info][gc,reloc    ] GC(54) Forwarding Usage: 0M
[75.017s][info][gc,heap     ] GC(54) Min Capacity: 8M(0%)
[75.017s][info][gc,heap     ] GC(54) Max Capacity: 4096M(100%)
[75.017s][info][gc,heap     ] GC(54) Soft Max Capacity: 4096M(100%)
[75.017s][info][gc,heap     ] GC(54)                Mark Start          Mark End        Relocate Start      Relocate End           High               Low         
[75.017s][info][gc,heap     ] GC(54)  Capacity:     3714M (91%)        3714M (91%)        3714M (91%)        3714M (91%)        3714M (91%)        3714M (91%)    
[75.017s][info][gc,heap     ] GC(54)      Free:      910M (22%)         814M (20%)        3610M (88%)        3880M (95%)        3880M (95%)         720M (18%)    
[75.017s][info][gc,heap     ] GC(54)      Used:     3186M (78%)        3282M (80%)         486M (12%)         216M (5%)         3376M (82%)         216M (5%)     
[75.017s][info][gc,heap     ] GC(54)      Live:         -                 9M (0%)            9M (0%)            9M (0%)             -                  -          
[75.017s][info][gc,heap     ] GC(54) Allocated:         -                96M (2%)          196M (5%)          204M (5%)             -                  -          
[75.017s][info][gc,heap     ] GC(54)   Garbage:         -              3176M (78%)         280M (7%)            2M (0%)             -                  -          
[75.017s][info][gc,heap     ] GC(54) Reclaimed:         -                  -              2896M (71%)        3174M (77%)            -                  -          
[75.017s][info][gc          ] GC(54) Garbage Collection (Allocation Rate) 3186M(78%)->216M(5%)
[76.430s][info][gc,start    ] GC(55) Garbage Collection (Proactive)
[76.430s][info][gc,task     ] GC(55) Using 12 workers
[76.431s][info][gc,phases   ] GC(55) Pause Mark Start 0.013ms
[76.436s][info][gc,phases   ] GC(55) Concurrent Mark 5.530ms
[76.437s][info][gc,phases   ] GC(55) Pause Mark End 0.018ms
[76.437s][info][gc,phases   ] GC(55) Concurrent Mark Free 0.001ms
[76.443s][info][gc,phases   ] GC(55) Concurrent Process Non-Strong References 6.631ms
[76.443s][info][gc,phases   ] GC(55) Concurrent Reset Relocation Set 0.019ms
[76.449s][info][gc,phases   ] GC(55) Concurrent Select Relocation Set 5.466ms
[76.449s][info][gc,phases   ] GC(55) Pause Relocate Start 0.007ms
[76.453s][info][gc,phases   ] GC(55) Concurrent Relocate 3.864ms
[76.453s][info][gc,load     ] GC(55) Load: 0.00/0.00/0.00
[76.453s][info][gc,mmu      ] GC(55) MMU: 2ms/97.7%, 5ms/99.1%, 10ms/99.5%, 20ms/99.8%, 50ms/99.9%, 100ms/99.9%
[76.453s][info][gc,marking  ] GC(55) Mark: 8 stripe(s), 2 proactive flush(es), 1 terminate flush(es), 0 completion(s), 0 continuation(s) 
[76.453s][info][gc,marking  ] GC(55) Mark Stack Usage: 32M
[76.453s][info][gc,nmethod  ] GC(55) NMethods: 2226 registered, 605 unregistered
[76.453s][info][gc,metaspace] GC(55) Metaspace: 13M used, 14M committed, 1088M reserved
[76.453s][info][gc,ref      ] GC(55) Soft: 211 encountered, 0 discovered, 0 enqueued
[76.453s][info][gc,ref      ] GC(55) Weak: 727 encountered, 79 discovered, 0 enqueued
[76.453s][info][gc,ref      ] GC(55) Final: 0 encountered, 0 discovered, 0 enqueued
[76.453s][info][gc,ref      ] GC(55) Phantom: 59 encountered, 36 discovered, 0 enqueued
[76.453s][info][gc,reloc    ] GC(55) Small Pages: 1554 / 3108M, Empty: 2846M, Relocated: 2M, In-Place: 0
[76.453s][info][gc,reloc    ] GC(55) Medium Pages: 0 / 0M, Empty: 0M, Relocated: 0M, In-Place: 0
[76.453s][info][gc,reloc    ] GC(55) Large Pages: 0 / 0M, Empty: 0M, Relocated: 0M, In-Place: 0
[76.453s][info][gc,reloc    ] GC(55) Forwarding Usage: 0M
[76.453s][info][gc,heap     ] GC(55) Min Capacity: 8M(0%)
[76.453s][info][gc,heap     ] GC(55) Max Capacity: 4096M(100%)
[76.453s][info][gc,heap     ] GC(55) Soft Max Capacity: 4096M(100%)
[76.453s][info][gc,heap     ] GC(55)                Mark Start          Mark End        Relocate Start      Relocate End           High               Low         
[76.453s][info][gc,heap     ] GC(55)  Capacity:     3714M (91%)        3714M (91%)        3714M (91%)        3714M (91%)        3714M (91%)        3714M (91%)    
[76.453s][info][gc,heap     ] GC(55)      Free:      988M (24%)         896M (22%)        3740M (91%)        3968M (97%)        3968M (97%)         894M (22%)    
[76.454s][info][gc,heap     ] GC(55)      Used:     3108M (76%)        3200M (78%)         356M (9%)          128M (3%)         3202M (78%)         128M (3%)     
[76.454s][info][gc,heap     ] GC(55)      Live:         -                 9M (0%)            9M (0%)            9M (0%)             -                  -          
[76.454s][info][gc,heap     ] GC(55) Allocated:         -                92M (2%)           94M (2%)           94M (2%)             -                  -          
[76.454s][info][gc,heap     ] GC(55)   Garbage:         -              3098M (76%)         252M (6%)           24M (1%)             -                  -          
[76.454s][info][gc,heap     ] GC(55) Reclaimed:         -                  -              2846M (69%)        3074M (75%)            -                  -          
[76.454s][info][gc          ] GC(55) Garbage Collection (Proactive) 3108M(76%)->128M(3%)
[77.929s][info][gc,start    ] GC(56) Garbage Collection (Allocation Rate)
[77.929s][info][gc,task     ] GC(56) Using 1 workers
[77.929s][info][gc,phases   ] GC(56) Pause Mark Start 0.010ms
[77.952s][info][gc,phases   ] GC(56) Concurrent Mark 22.984ms
[77.953s][info][gc,phases   ] GC(56) Pause Mark End 0.017ms
[77.953s][info][gc,phases   ] GC(56) Concurrent Mark Free 0.002ms
[78.009s][info][gc,phases   ] GC(56) Concurrent Process Non-Strong References 56.386ms
[78.009s][info][gc,phases   ] GC(56) Concurrent Reset Relocation Set 0.017ms
[78.015s][info][gc,phases   ] GC(56) Concurrent Select Relocation Set 5.308ms
[78.015s][info][gc,phases   ] GC(56) Pause Relocate Start 0.009ms
[78.018s][info][gc,phases   ] GC(56) Concurrent Relocate 2.760ms
[78.018s][info][gc,load     ] GC(56) Load: 0.00/0.00/0.00
[78.018s][info][gc,mmu      ] GC(56) MMU: 2ms/97.7%, 5ms/99.1%, 10ms/99.5%, 20ms/99.8%, 50ms/99.9%, 100ms/99.9%
[78.018s][info][gc,marking  ] GC(56) Mark: 1 stripe(s), 2 proactive flush(es), 1 terminate flush(es), 0 completion(s), 0 continuation(s) 
[78.018s][info][gc,marking  ] GC(56) Mark Stack Usage: 32M
[78.018s][info][gc,nmethod  ] GC(56) NMethods: 2226 registered, 605 unregistered
[78.018s][info][gc,metaspace] GC(56) Metaspace: 13M used, 14M committed, 1088M reserved
[78.018s][info][gc,ref      ] GC(56) Soft: 211 encountered, 0 discovered, 0 enqueued
[78.018s][info][gc,ref      ] GC(56) Weak: 727 encountered, 441 discovered, 0 enqueued
[78.018s][info][gc,ref      ] GC(56) Final: 0 encountered, 0 discovered, 0 enqueued
[78.018s][info][gc,ref      ] GC(56) Phantom: 59 encountered, 46 discovered, 0 enqueued
[78.018s][info][gc,reloc    ] GC(56) Small Pages: 1618 / 3236M, Empty: 2950M, Relocated: 3M, In-Place: 0
[78.018s][info][gc,reloc    ] GC(56) Medium Pages: 0 / 0M, Empty: 0M, Relocated: 0M, In-Place: 0
[78.018s][info][gc,reloc    ] GC(56) Large Pages: 0 / 0M, Empty: 0M, Relocated: 0M, In-Place: 0
[78.018s][info][gc,reloc    ] GC(56) Forwarding Usage: 0M
[78.018s][info][gc,heap     ] GC(56) Min Capacity: 8M(0%)
[78.018s][info][gc,heap     ] GC(56) Max Capacity: 4096M(100%)
[78.018s][info][gc,heap     ] GC(56) Soft Max Capacity: 4096M(100%)
[78.018s][info][gc,heap     ] GC(56)                Mark Start          Mark End        Relocate Start      Relocate End           High               Low         
[78.018s][info][gc,heap     ] GC(56)  Capacity:     3714M (91%)        3714M (91%)        3714M (91%)        3714M (91%)        3714M (91%)        3714M (91%)    
[78.018s][info][gc,heap     ] GC(56)      Free:      860M (21%)         766M (19%)        3606M (88%)        3854M (94%)        3854M (94%)         668M (16%)    
[78.018s][info][gc,heap     ] GC(56)      Used:     3236M (79%)        3330M (81%)         490M (12%)         242M (6%)         3428M (84%)         242M (6%)     
[78.018s][info][gc,heap     ] GC(56)      Live:         -                 9M (0%)            9M (0%)            9M (0%)             -                  -          
[78.018s][info][gc,heap     ] GC(56) Allocated:         -                94M (2%)          204M (5%)          230M (6%)             -                  -          
[78.018s][info][gc,heap     ] GC(56)   Garbage:         -              3226M (79%)         276M (7%)            1M (0%)             -                  -          
[78.018s][info][gc,heap     ] GC(56) Reclaimed:         -                  -              2950M (72%)        3224M (79%)            -                  -          
[78.018s][info][gc          ] GC(56) Garbage Collection (Allocation Rate) 3236M(79%)->242M(6%)
[79.430s][info][gc,start    ] GC(57) Garbage Collection (Allocation Rate)
[79.430s][info][gc,task     ] GC(57) Using 1 workers
[79.430s][info][gc,phases   ] GC(57) Pause Mark Start 0.012ms
[79.452s][info][gc,phases   ] GC(57) Concurrent Mark 21.459ms
[79.452s][info][gc,phases   ] GC(57) Pause Mark End 0.021ms
[79.452s][info][gc,phases   ] GC(57) Concurrent Mark Free 0.001ms
[79.522s][info][gc,phases   ] GC(57) Concurrent Process Non-Strong References 70.298ms
[79.523s][info][gc,phases   ] GC(57) Concurrent Reset Relocation Set 0.015ms
[79.528s][info][gc,phases   ] GC(57) Concurrent Select Relocation Set 5.233ms
[79.528s][info][gc,phases   ] GC(57) Pause Relocate Start 0.008ms
[79.531s][info][gc,phases   ] GC(57) Concurrent Relocate 3.477ms
[79.532s][info][gc,load     ] GC(57) Load: 0.00/0.00/0.00
[79.532s][info][gc,mmu      ] GC(57) MMU: 2ms/97.7%, 5ms/99.1%, 10ms/99.5%, 20ms/99.8%, 50ms/99.9%, 100ms/99.9%
[79.532s][info][gc,marking  ] GC(57) Mark: 1 stripe(s), 2 proactive flush(es), 1 terminate flush(es), 0 completion(s), 0 continuation(s) 
[79.532s][info][gc,marking  ] GC(57) Mark Stack Usage: 32M
[79.532s][info][gc,nmethod  ] GC(57) NMethods: 2226 registered, 605 unregistered
[79.532s][info][gc,metaspace] GC(57) Metaspace: 13M used, 14M committed, 1088M reserved
[79.532s][info][gc,ref      ] GC(57) Soft: 211 encountered, 0 discovered, 0 enqueued
[79.532s][info][gc,ref      ] GC(57) Weak: 727 encountered, 441 discovered, 0 enqueued
[79.532s][info][gc,ref      ] GC(57) Final: 0 encountered, 0 discovered, 0 enqueued
[79.532s][info][gc,ref      ] GC(57) Phantom: 59 encountered, 46 discovered, 0 enqueued
[79.532s][info][gc,reloc    ] GC(57) Small Pages: 1627 / 3254M, Empty: 2994M, Relocated: 3M, In-Place: 0
[79.532s][info][gc,reloc    ] GC(57) Medium Pages: 0 / 0M, Empty: 0M, Relocated: 0M, In-Place: 0
[79.532s][info][gc,reloc    ] GC(57) Large Pages: 0 / 0M, Empty: 0M, Relocated: 0M, In-Place: 0
[79.532s][info][gc,reloc    ] GC(57) Forwarding Usage: 0M
[79.532s][info][gc,heap     ] GC(57) Min Capacity: 8M(0%)
[79.532s][info][gc,heap     ] GC(57) Max Capacity: 4096M(100%)
[79.532s][info][gc,heap     ] GC(57) Soft Max Capacity: 4096M(100%)
[79.532s][info][gc,heap     ] GC(57)                Mark Start          Mark End        Relocate Start      Relocate End           High               Low         
[79.532s][info][gc,heap     ] GC(57)  Capacity:     3714M (91%)        3714M (91%)        3714M (91%)        3714M (91%)        3714M (91%)        3714M (91%)    
[79.532s][info][gc,heap     ] GC(57)      Free:      842M (21%)         748M (18%)        3564M (87%)        3810M (93%)        3810M (93%)         582M (14%)    
[79.532s][info][gc,heap     ] GC(57)      Used:     3254M (79%)        3348M (82%)         532M (13%)         286M (7%)         3514M (86%)         286M (7%)     
[79.532s][info][gc,heap     ] GC(57)      Live:         -                 9M (0%)            9M (0%)            9M (0%)             -                  -          
[79.532s][info][gc,heap     ] GC(57) Allocated:         -                94M (2%)          272M (7%)          274M (7%)             -                  -          
[79.532s][info][gc,heap     ] GC(57)   Garbage:         -              3244M (79%)         250M (6%)            1M (0%)             -                  -          
[79.532s][info][gc,heap     ] GC(57) Reclaimed:         -                  -              2994M (73%)        3242M (79%)            -                  -          
[79.532s][info][gc          ] GC(57) Garbage Collection (Allocation Rate) 3254M(79%)->286M(7%)
[80.130s][info][gc,stats    ] === Garbage Collection Statistics =======================================================================================================================
[80.131s][info][gc,stats    ]                                                              Last 10s              Last 10m              Last 10h                Total
[80.131s][info][gc,stats    ]                                                              Avg / Max             Avg / Max             Avg / Max             Avg / Max
[80.131s][info][gc,stats    ]   Collector: Garbage Collection Cycle                     58.409 / 101.725      74.749 / 587.803      74.749 / 587.803      74.749 / 587.803     ms
[80.131s][info][gc,stats    ]  Contention: Mark Segment Reset Contention                     0 / 3                 1 / 26                1 / 26                1 / 26          ops/s
[80.131s][info][gc,stats    ]  Contention: Mark SeqNum Reset Contention                      0 / 1                 0 / 3                 0 / 3                 0 / 3           ops/s
[80.131s][info][gc,stats    ]    Critical: Allocation Stall                                  0 / 0                 0 / 0                 0 / 0                 0 / 0           ops/s
[80.131s][info][gc,stats    ]    Critical: Allocation Stall                              0.000 / 0.000         0.000 / 0.000         0.000 / 0.000         0.000 / 0.000       ms
[80.131s][info][gc,stats    ]    Critical: GC Locker Stall                                   0 / 0                 0 / 0                 0 / 0                 0 / 0           ops/s
[80.131s][info][gc,stats    ]    Critical: GC Locker Stall                               0.000 / 0.000         0.000 / 0.000         0.000 / 0.000         0.000 / 0.000       ms
[80.131s][info][gc,stats    ]    Critical: Relocation Stall                                  0 / 0                 0 / 0                 0 / 0                 0 / 0           ops/s
[80.131s][info][gc,stats    ]    Critical: Relocation Stall                              0.000 / 0.000         0.000 / 0.000         0.000 / 0.000         0.000 / 0.000       ms
[80.131s][info][gc,stats    ]      Memory: Allocation Rate                                2019 / 2208           1953 / 2208           1953 / 2208           1953 / 2208        MB/s
[80.131s][info][gc,stats    ]      Memory: Defragment                                        0 / 0                 0 / 0                 0 / 0                 0 / 0           ops/s
[80.131s][info][gc,stats    ]      Memory: Out Of Memory                                     0 / 0                 0 / 0                 0 / 0                 0 / 0           ops/s
[80.131s][info][gc,stats    ]      Memory: Page Cache Flush                                  0 / 0                 0 / 0                 0 / 0                 0 / 0           MB/s
[80.131s][info][gc,stats    ]      Memory: Page Cache Hit L1                              1013 / 1104            957 / 1107            957 / 1107            957 / 1107        ops/s
[80.131s][info][gc,stats    ]      Memory: Page Cache Hit L2                                 0 / 0                 0 / 0                 0 / 0                 0 / 0           ops/s
[80.131s][info][gc,stats    ]      Memory: Page Cache Hit L3                                 0 / 0                12 / 448              12 / 448              12 / 448         ops/s
[80.131s][info][gc,stats    ]      Memory: Page Cache Miss                                   0 / 0                10 / 471              10 / 471              10 / 471         ops/s
[80.131s][info][gc,stats    ]      Memory: Uncommit                                          0 / 0                 0 / 0                 0 / 0                 0 / 0           MB/s
[80.131s][info][gc,stats    ]      Memory: Undo Object Allocation Failed                     0 / 1                 0 / 5                 0 / 5                 0 / 5           ops/s
[80.131s][info][gc,stats    ]      Memory: Undo Object Allocation Succeeded                 14 / 40               20 / 124              20 / 124              20 / 124         ops/s
[80.131s][info][gc,stats    ]      Memory: Undo Page Allocation                              0 / 2                 1 / 23                1 / 23                1 / 23          ops/s
[80.131s][info][gc,stats    ]       Phase: Concurrent Mark                              13.549 / 22.984       29.405 / 549.801      29.405 / 549.801      29.405 / 549.801     ms
[80.131s][info][gc,stats    ]       Phase: Concurrent Mark Continue                      0.000 / 0.000         0.000 / 0.000         0.000 / 0.000         0.000 / 0.000       ms
[80.131s][info][gc,stats    ]       Phase: Concurrent Mark Free                          0.001 / 0.002         0.001 / 0.007         0.001 / 0.007         0.001 / 0.007       ms
[80.131s][info][gc,stats    ]       Phase: Concurrent Process Non-Strong References     34.523 / 70.298       28.246 / 70.298       28.246 / 70.298       28.246 / 70.298      ms
[80.131s][info][gc,stats    ]       Phase: Concurrent Relocate                           2.845 / 5.464         2.910 / 6.016         2.910 / 6.016         2.910 / 6.016       ms
[80.131s][info][gc,stats    ]       Phase: Concurrent Reset Relocation Set               0.014 / 0.021         0.015 / 0.022         0.015 / 0.022         0.015 / 0.022       ms
[80.131s][info][gc,stats    ]       Phase: Concurrent Select Relocation Set              4.649 / 5.466         5.486 / 22.887        5.486 / 22.887        5.486 / 22.887      ms
[80.131s][info][gc,stats    ]       Phase: Pause Mark End                                0.017 / 0.021         0.020 / 0.046         0.020 / 0.046         0.020 / 0.046       ms
[80.131s][info][gc,stats    ]       Phase: Pause Mark Start                              0.012 / 0.014         0.013 / 0.021         0.013 / 0.021         0.013 / 0.021       ms
[80.131s][info][gc,stats    ]       Phase: Pause Relocate Start                          0.007 / 0.009         0.008 / 0.019         0.008 / 0.019         0.008 / 0.019       ms
[80.131s][info][gc,stats    ]    Subphase: Concurrent Classes Purge                      0.009 / 0.019         0.089 / 3.013         0.089 / 3.013         0.089 / 3.013       ms
[80.131s][info][gc,stats    ]    Subphase: Concurrent Classes Unlink                     3.148 / 5.719         3.225 / 7.490         3.225 / 7.490         3.225 / 7.490       ms
[80.131s][info][gc,stats    ]    Subphase: Concurrent Mark                               5.653 / 21.917       10.919 / 109.674      10.919 / 109.674      10.919 / 109.674     ms
[80.131s][info][gc,stats    ]    Subphase: Concurrent Mark Try Flush                     0.081 / 0.212         0.725 / 73.250        0.725 / 73.250        0.725 / 73.250      ms
[80.131s][info][gc,stats    ]    Subphase: Concurrent Mark Try Terminate                 1.098 / 1.982         2.292 / 15.651        2.292 / 15.651        2.292 / 15.651      ms
[80.131s][info][gc,stats    ]    Subphase: Concurrent References Enqueue                 0.001 / 0.007         0.001 / 0.007         0.001 / 0.007         0.001 / 0.007       ms
[80.131s][info][gc,stats    ]    Subphase: Concurrent References Process                 0.085 / 0.175         0.099 / 0.194         0.099 / 0.194         0.099 / 0.194       ms
[80.131s][info][gc,stats    ]    Subphase: Concurrent Roots ClassLoaderDataGraph         0.067 / 0.526         0.093 / 0.923         0.093 / 0.923         0.093 / 0.923       ms
[80.131s][info][gc,stats    ]    Subphase: Concurrent Roots CodeCache                    0.000 / 0.000         0.000 / 0.000         0.000 / 0.000         0.000 / 0.000       ms
[80.131s][info][gc,stats    ]    Subphase: Concurrent Roots JavaThreads                  0.197 / 0.721         2.020 / 473.279       2.020 / 473.279       2.020 / 473.279     ms
[80.131s][info][gc,stats    ]    Subphase: Concurrent Roots OopStorageSet                0.036 / 0.144         0.112 / 1.317         0.112 / 1.317         0.112 / 1.317       ms
[80.131s][info][gc,stats    ]    Subphase: Concurrent Weak Roots OopStorageSet          10.210 / 64.515        7.453 / 64.515        7.453 / 64.515        7.453 / 64.515      ms
[80.131s][info][gc,stats    ]    Subphase: Pause Mark Try Complete                       0.000 / 0.000         0.005 / 0.007         0.005 / 0.007         0.005 / 0.007       ms
[80.131s][info][gc,stats    ]      System: Java Threads                                     47 / 60               53 / 73               53 / 73               53 / 73          threads
[80.131s][info][gc,stats    ] =========================================================================================================================================================
[80.730s][info][gc,start    ] GC(58) Garbage Collection (Proactive)
[80.731s][info][gc,task     ] GC(58) Using 12 workers
[80.731s][info][gc,phases   ] GC(58) Pause Mark Start 0.011ms
[80.736s][info][gc,phases   ] GC(58) Concurrent Mark 5.604ms
[80.737s][info][gc,phases   ] GC(58) Pause Mark End 0.024ms
[80.737s][info][gc,phases   ] GC(58) Concurrent Mark Free 0.001ms
[80.742s][info][gc,phases   ] GC(58) Concurrent Process Non-Strong References 5.753ms
[80.743s][info][gc,phases   ] GC(58) Concurrent Reset Relocation Set 0.012ms
[80.746s][info][gc,phases   ] GC(58) Concurrent Select Relocation Set 3.485ms
[80.746s][info][gc,phases   ] GC(58) Pause Relocate Start 0.005ms
[80.747s][info][gc,phases   ] GC(58) Concurrent Relocate 0.265ms
[80.747s][info][gc,load     ] GC(58) Load: 0.00/0.00/0.00
[80.747s][info][gc,mmu      ] GC(58) MMU: 2ms/97.7%, 5ms/99.1%, 10ms/99.5%, 20ms/99.8%, 50ms/99.9%, 100ms/99.9%
[80.747s][info][gc,marking  ] GC(58) Mark: 8 stripe(s), 2 proactive flush(es), 1 terminate flush(es), 0 completion(s), 0 continuation(s) 
[80.747s][info][gc,marking  ] GC(58) Mark Stack Usage: 32M
[80.747s][info][gc,nmethod  ] GC(58) NMethods: 2226 registered, 605 unregistered
[80.747s][info][gc,metaspace] GC(58) Metaspace: 13M used, 14M committed, 1088M reserved
[80.747s][info][gc,ref      ] GC(58) Soft: 211 encountered, 0 discovered, 0 enqueued
[80.747s][info][gc,ref      ] GC(58) Weak: 727 encountered, 111 discovered, 0 enqueued
[80.747s][info][gc,ref      ] GC(58) Final: 0 encountered, 0 discovered, 0 enqueued
[80.747s][info][gc,ref      ] GC(58) Phantom: 59 encountered, 37 discovered, 0 enqueued
[80.747s][info][gc,reloc    ] GC(58) Small Pages: 1170 / 2340M, Empty: 2084M, Relocated: 1M, In-Place: 0
[80.747s][info][gc,reloc    ] GC(58) Medium Pages: 0 / 0M, Empty: 0M, Relocated: 0M, In-Place: 0
[80.747s][info][gc,reloc    ] GC(58) Large Pages: 0 / 0M, Empty: 0M, Relocated: 0M, In-Place: 0
[80.747s][info][gc,reloc    ] GC(58) Forwarding Usage: 0M
[80.747s][info][gc,heap     ] GC(58) Min Capacity: 8M(0%)
[80.747s][info][gc,heap     ] GC(58) Max Capacity: 4096M(100%)
[80.747s][info][gc,heap     ] GC(58) Soft Max Capacity: 4096M(100%)
[80.747s][info][gc,heap     ] GC(58)                Mark Start          Mark End        Relocate Start      Relocate End           High               Low         
[80.747s][info][gc,heap     ] GC(58)  Capacity:     3714M (91%)        3714M (91%)        3714M (91%)        3714M (91%)        3714M (91%)        3714M (91%)    
[80.747s][info][gc,heap     ] GC(58)      Free:     1756M (43%)        1672M (41%)        3748M (92%)        3966M (97%)        3966M (97%)        1666M (41%)    
[80.747s][info][gc,heap     ] GC(58)      Used:     2340M (57%)        2424M (59%)         348M (8%)          130M (3%)         2430M (59%)         130M (3%)     
[80.747s][info][gc,heap     ] GC(58)      Live:         -                10M (0%)           10M (0%)           10M (0%)             -                  -          
[80.747s][info][gc,heap     ] GC(58) Allocated:         -                84M (2%)           92M (2%)           94M (2%)             -                  -          
[80.747s][info][gc,heap     ] GC(58)   Garbage:         -              2329M (57%)         245M (6%)           25M (1%)             -                  -          
[80.747s][info][gc,heap     ] GC(58) Reclaimed:         -                  -              2084M (51%)        2304M (56%)            -                  -          
[80.747s][info][gc          ] GC(58) Garbage Collection (Proactive) 2340M(57%)->130M(3%)
[82.030s][info][gc,start    ] GC(59) Garbage Collection (Proactive)
[82.030s][info][gc,task     ] GC(59) Using 12 workers
[82.030s][info][gc,phases   ] GC(59) Pause Mark Start 0.014ms
[82.035s][info][gc,phases   ] GC(59) Concurrent Mark 4.604ms
[82.035s][info][gc,phases   ] GC(59) Pause Mark End 0.023ms
[82.035s][info][gc,phases   ] GC(59) Concurrent Mark Free 0.001ms
[82.042s][info][gc,phases   ] GC(59) Concurrent Process Non-Strong References 6.489ms
[82.042s][info][gc,phases   ] GC(59) Concurrent Reset Relocation Set 0.012ms
[82.045s][info][gc,phases   ] GC(59) Concurrent Select Relocation Set 3.403ms
[82.045s][info][gc,phases   ] GC(59) Pause Relocate Start 0.006ms
[82.046s][info][gc,phases   ] GC(59) Concurrent Relocate 0.423ms
[82.046s][info][gc,load     ] GC(59) Load: 0.00/0.00/0.00
[82.046s][info][gc,mmu      ] GC(59) MMU: 2ms/97.7%, 5ms/99.1%, 10ms/99.5%, 20ms/99.8%, 50ms/99.9%, 100ms/99.9%
[82.046s][info][gc,marking  ] GC(59) Mark: 8 stripe(s), 2 proactive flush(es), 1 terminate flush(es), 0 completion(s), 0 continuation(s) 
[82.046s][info][gc,marking  ] GC(59) Mark Stack Usage: 32M
[82.046s][info][gc,nmethod  ] GC(59) NMethods: 2226 registered, 605 unregistered
[82.046s][info][gc,metaspace] GC(59) Metaspace: 13M used, 14M committed, 1088M reserved
[82.046s][info][gc,ref      ] GC(59) Soft: 211 encountered, 0 discovered, 0 enqueued
[82.046s][info][gc,ref      ] GC(59) Weak: 727 encountered, 45 discovered, 0 enqueued
[82.046s][info][gc,ref      ] GC(59) Final: 0 encountered, 0 discovered, 0 enqueued
[82.046s][info][gc,ref      ] GC(59) Phantom: 59 encountered, 43 discovered, 0 enqueued
[82.046s][info][gc,reloc    ] GC(59) Small Pages: 1178 / 2356M, Empty: 2084M, Relocated: 1M, In-Place: 0
[82.046s][info][gc,reloc    ] GC(59) Medium Pages: 0 / 0M, Empty: 0M, Relocated: 0M, In-Place: 0
[82.046s][info][gc,reloc    ] GC(59) Large Pages: 0 / 0M, Empty: 0M, Relocated: 0M, In-Place: 0
[82.046s][info][gc,reloc    ] GC(59) Forwarding Usage: 0M
[82.046s][info][gc,heap     ] GC(59) Min Capacity: 8M(0%)
[82.046s][info][gc,heap     ] GC(59) Max Capacity: 4096M(100%)
[82.046s][info][gc,heap     ] GC(59) Soft Max Capacity: 4096M(100%)
[82.046s][info][gc,heap     ] GC(59)                Mark Start          Mark End        Relocate Start      Relocate End           High               Low         
[82.046s][info][gc,heap     ] GC(59)  Capacity:     3714M (91%)        3714M (91%)        3714M (91%)        3714M (91%)        3714M (91%)        3714M (91%)    
[82.046s][info][gc,heap     ] GC(59)      Free:     1740M (42%)        1662M (41%)        3734M (91%)        3972M (97%)        3972M (97%)        1652M (40%)    
[82.046s][info][gc,heap     ] GC(59)      Used:     2356M (58%)        2434M (59%)         362M (9%)          124M (3%)         2444M (60%)         124M (3%)     
[82.046s][info][gc,heap     ] GC(59)      Live:         -                10M (0%)           10M (0%)           10M (0%)             -                  -          
[82.046s][info][gc,heap     ] GC(59) Allocated:         -                78M (2%)           90M (2%)           88M (2%)             -                  -          
[82.046s][info][gc,heap     ] GC(59)   Garbage:         -              2345M (57%)         261M (6%)           25M (1%)             -                  -          
[82.046s][info][gc,heap     ] GC(59) Reclaimed:         -                  -              2084M (51%)        2320M (57%)            -                  -          
[82.046s][info][gc          ] GC(59) Garbage Collection (Proactive) 2356M(58%)->124M(3%)
[83.130s][info][gc,start    ] GC(60) Garbage Collection (Proactive)
[83.130s][info][gc,task     ] GC(60) Using 12 workers
[83.130s][info][gc,phases   ] GC(60) Pause Mark Start 0.013ms
[83.135s][info][gc,phases   ] GC(60) Concurrent Mark 4.639ms
[83.135s][info][gc,phases   ] GC(60) Pause Mark End 0.021ms
[83.135s][info][gc,phases   ] GC(60) Concurrent Mark Free 0.001ms
[83.141s][info][gc,phases   ] GC(60) Concurrent Process Non-Strong References 5.551ms
[83.141s][info][gc,phases   ] GC(60) Concurrent Reset Relocation Set 0.021ms
[83.145s][info][gc,phases   ] GC(60) Concurrent Select Relocation Set 4.400ms
[83.146s][info][gc,phases   ] GC(60) Pause Relocate Start 0.007ms
[83.146s][info][gc,phases   ] GC(60) Concurrent Relocate 0.439ms
[83.146s][info][gc,load     ] GC(60) Load: 0.00/0.00/0.00
[83.146s][info][gc,mmu      ] GC(60) MMU: 2ms/97.7%, 5ms/99.1%, 10ms/99.5%, 20ms/99.8%, 50ms/99.9%, 100ms/99.9%
[83.146s][info][gc,marking  ] GC(60) Mark: 8 stripe(s), 2 proactive flush(es), 1 terminate flush(es), 0 completion(s), 0 continuation(s) 
[83.146s][info][gc,marking  ] GC(60) Mark Stack Usage: 32M
[83.146s][info][gc,nmethod  ] GC(60) NMethods: 2226 registered, 605 unregistered
[83.146s][info][gc,metaspace] GC(60) Metaspace: 13M used, 14M committed, 1088M reserved
[83.146s][info][gc,ref      ] GC(60) Soft: 211 encountered, 0 discovered, 0 enqueued
[83.146s][info][gc,ref      ] GC(60) Weak: 717 encountered, 64 discovered, 0 enqueued
[83.146s][info][gc,ref      ] GC(60) Final: 0 encountered, 0 discovered, 0 enqueued
[83.146s][info][gc,ref      ] GC(60) Phantom: 59 encountered, 52 discovered, 0 enqueued
[83.146s][info][gc,reloc    ] GC(60) Small Pages: 1089 / 2178M, Empty: 1910M, Relocated: 1M, In-Place: 0
[83.146s][info][gc,reloc    ] GC(60) Medium Pages: 0 / 0M, Empty: 0M, Relocated: 0M, In-Place: 0
[83.146s][info][gc,reloc    ] GC(60) Large Pages: 0 / 0M, Empty: 0M, Relocated: 0M, In-Place: 0
[83.146s][info][gc,reloc    ] GC(60) Forwarding Usage: 0M
[83.146s][info][gc,heap     ] GC(60) Min Capacity: 8M(0%)
[83.146s][info][gc,heap     ] GC(60) Max Capacity: 4096M(100%)
[83.146s][info][gc,heap     ] GC(60) Soft Max Capacity: 4096M(100%)
[83.146s][info][gc,heap     ] GC(60)                Mark Start          Mark End        Relocate Start      Relocate End           High               Low         
[83.146s][info][gc,heap     ] GC(60)  Capacity:     3714M (91%)        3714M (91%)        3714M (91%)        3714M (91%)        3714M (91%)        3714M (91%)    
[83.146s][info][gc,heap     ] GC(60)      Free:     1918M (47%)        1842M (45%)        3744M (91%)        3972M (97%)        3972M (97%)        1836M (45%)    
[83.146s][info][gc,heap     ] GC(60)      Used:     2178M (53%)        2254M (55%)         352M (9%)          124M (3%)         2260M (55%)         124M (3%)     
[83.146s][info][gc,heap     ] GC(60)      Live:         -                10M (0%)           10M (0%)           10M (0%)             -                  -          
[83.146s][info][gc,heap     ] GC(60) Allocated:         -                76M (2%)           84M (2%)           88M (2%)             -                  -          
[83.146s][info][gc,heap     ] GC(60)   Garbage:         -              2167M (53%)         257M (6%)           25M (1%)             -                  -          
[83.146s][info][gc,heap     ] GC(60) Reclaimed:         -                  -              1910M (47%)        2142M (52%)            -                  -          
[83.146s][info][gc          ] GC(60) Garbage Collection (Proactive) 2178M(53%)->124M(3%)
[83.823s][info][gc,start    ] GC(61) Garbage Collection (System.gc())
[83.823s][info][gc,task     ] GC(61) Using 12 workers
[83.823s][info][gc,phases   ] GC(61) Pause Mark Start 0.016ms
[83.837s][info][gc,phases   ] GC(61) Concurrent Mark 13.389ms
[83.837s][info][gc,phases   ] GC(61) Pause Mark End 0.018ms
[83.837s][info][gc,phases   ] GC(61) Concurrent Mark Free 0.001ms
[83.845s][info][gc,phases   ] GC(61) Concurrent Process Non-Strong References 8.170ms
[83.845s][info][gc,phases   ] GC(61) Concurrent Reset Relocation Set 0.016ms
[83.851s][info][gc,phases   ] GC(61) Concurrent Select Relocation Set 5.294ms
[83.851s][info][gc,phases   ] GC(61) Pause Relocate Start 0.008ms
[83.855s][info][gc,phases   ] GC(61) Concurrent Relocate 3.727ms
[83.855s][info][gc,load     ] GC(61) Load: 0.00/0.00/0.00
[83.855s][info][gc,mmu      ] GC(61) MMU: 2ms/97.7%, 5ms/99.1%, 10ms/99.5%, 20ms/99.8%, 50ms/99.9%, 100ms/99.9%
[83.855s][info][gc,marking  ] GC(61) Mark: 8 stripe(s), 2 proactive flush(es), 1 terminate flush(es), 0 completion(s), 0 continuation(s) 
[83.855s][info][gc,marking  ] GC(61) Mark Stack Usage: 32M
[83.855s][info][gc,nmethod  ] GC(61) NMethods: 2231 registered, 605 unregistered
[83.855s][info][gc,metaspace] GC(61) Metaspace: 13M used, 14M committed, 1088M reserved
[83.855s][info][gc,ref      ] GC(61) Soft: 211 encountered, 0 discovered, 0 enqueued
[83.855s][info][gc,ref      ] GC(61) Weak: 627 encountered, 41 discovered, 0 enqueued
[83.855s][info][gc,ref      ] GC(61) Final: 0 encountered, 0 discovered, 0 enqueued
[83.855s][info][gc,ref      ] GC(61) Phantom: 59 encountered, 44 discovered, 0 enqueued
[83.855s][info][gc,reloc    ] GC(61) Small Pages: 785 / 1570M, Empty: 1508M, Relocated: 3M, In-Place: 0
[83.855s][info][gc,reloc    ] GC(61) Medium Pages: 0 / 0M, Empty: 0M, Relocated: 0M, In-Place: 0
[83.855s][info][gc,reloc    ] GC(61) Large Pages: 0 / 0M, Empty: 0M, Relocated: 0M, In-Place: 0
[83.855s][info][gc,reloc    ] GC(61) Forwarding Usage: 1M
[83.855s][info][gc,heap     ] GC(61) Min Capacity: 8M(0%)
[83.855s][info][gc,heap     ] GC(61) Max Capacity: 4096M(100%)
[83.855s][info][gc,heap     ] GC(61) Soft Max Capacity: 4096M(100%)
[83.855s][info][gc,heap     ] GC(61)                Mark Start          Mark End        Relocate Start      Relocate End           High               Low         
[83.855s][info][gc,heap     ] GC(61)  Capacity:     3714M (91%)        3714M (91%)        3714M (91%)        3714M (91%)        3714M (91%)        3714M (91%)    
[83.855s][info][gc,heap     ] GC(61)      Free:     2526M (62%)        2526M (62%)        4034M (98%)        4068M (99%)        4068M (99%)        2526M (62%)    
[83.855s][info][gc,heap     ] GC(61)      Used:     1570M (38%)        1570M (38%)          62M (2%)           28M (1%)         1570M (38%)          28M (1%)     
[83.855s][info][gc,heap     ] GC(61)      Live:         -                 6M (0%)            6M (0%)            6M (0%)             -                  -          
[83.855s][info][gc,heap     ] GC(61) Allocated:         -                 0M (0%)            0M (0%)            0M (0%)             -                  -          
[83.855s][info][gc,heap     ] GC(61)   Garbage:         -              1563M (38%)          55M (1%)           21M (1%)             -                  -          
[83.855s][info][gc,heap     ] GC(61) Reclaimed:         -                  -              1508M (37%)        1542M (38%)            -                  -          
[83.856s][info][gc          ] GC(61) Garbage Collection (System.gc()) 1570M(38%)->28M(1%)
[85.530s][info][gc,start    ] GC(62) Garbage Collection (Allocation Rate)
[85.530s][info][gc,task     ] GC(62) Using 1 workers
[85.541s][info][gc,phases   ] GC(62) Pause Mark Start 0.010ms
[85.647s][info][gc,phases   ] GC(62) Concurrent Mark 106.345ms
[85.648s][info][gc,phases   ] GC(62) Pause Mark End 0.020ms
[85.648s][info][gc,phases   ] GC(62) Concurrent Mark Free 0.001ms
[85.720s][info][gc,phases   ] GC(62) Concurrent Process Non-Strong References 71.807ms
[85.720s][info][gc,phases   ] GC(62) Concurrent Reset Relocation Set 0.004ms
[85.724s][info][gc,phases   ] GC(62) Concurrent Select Relocation Set 4.606ms
[85.724s][info][gc,phases   ] GC(62) Pause Relocate Start 0.009ms
[85.727s][info][gc,phases   ] GC(62) Concurrent Relocate 2.250ms
[85.727s][info][gc,load     ] GC(62) Load: 0.00/0.00/0.00
[85.727s][info][gc,mmu      ] GC(62) MMU: 2ms/97.7%, 5ms/99.1%, 10ms/99.5%, 20ms/99.8%, 50ms/99.9%, 100ms/99.9%
[85.727s][info][gc,marking  ] GC(62) Mark: 1 stripe(s), 2 proactive flush(es), 1 terminate flush(es), 0 completion(s), 0 continuation(s) 
[85.727s][info][gc,marking  ] GC(62) Mark Stack Usage: 32M
[85.727s][info][gc,nmethod  ] GC(62) NMethods: 2265 registered, 0 unregistered
[85.727s][info][gc,metaspace] GC(62) Metaspace: 13M used, 14M committed, 1088M reserved
[85.727s][info][gc,ref      ] GC(62) Soft: 211 encountered, 0 discovered, 0 enqueued
[85.727s][info][gc,ref      ] GC(62) Weak: 723 encountered, 439 discovered, 0 enqueued
[85.727s][info][gc,ref      ] GC(62) Final: 0 encountered, 0 discovered, 0 enqueued
[85.727s][info][gc,ref      ] GC(62) Phantom: 59 encountered, 46 discovered, 0 enqueued
[85.727s][info][gc,reloc    ] GC(62) Small Pages: 1463 / 2926M, Empty: 2678M, Relocated: 3M, In-Place: 0
[85.727s][info][gc,reloc    ] GC(62) Medium Pages: 0 / 0M, Empty: 0M, Relocated: 0M, In-Place: 0
[85.727s][info][gc,reloc    ] GC(62) Large Pages: 0 / 0M, Empty: 0M, Relocated: 0M, In-Place: 0
[85.727s][info][gc,reloc    ] GC(62) Forwarding Usage: 0M
[85.727s][info][gc,heap     ] GC(62) Min Capacity: 8M(0%)
[85.727s][info][gc,heap     ] GC(62) Max Capacity: 4096M(100%)
[85.727s][info][gc,heap     ] GC(62) Soft Max Capacity: 4096M(100%)
[85.727s][info][gc,heap     ] GC(62)                Mark Start          Mark End        Relocate Start      Relocate End           High               Low         
[85.727s][info][gc,heap     ] GC(62)  Capacity:     3714M (91%)        3714M (91%)        3714M (91%)        3714M (91%)        3714M (91%)        3714M (91%)    
[85.727s][info][gc,heap     ] GC(62)      Free:     1170M (29%)         964M (24%)        3472M (85%)        3708M (91%)        3708M (91%)         796M (19%)    
[85.727s][info][gc,heap     ] GC(62)      Used:     2926M (71%)        3132M (76%)         624M (15%)         388M (9%)         3300M (81%)         388M (9%)     
[85.727s][info][gc,heap     ] GC(62)      Live:         -                 8M (0%)            8M (0%)            8M (0%)             -                  -          
[85.727s][info][gc,heap     ] GC(62) Allocated:         -               206M (5%)          376M (9%)          376M (9%)             -                  -          
[85.727s][info][gc,heap     ] GC(62)   Garbage:         -              2917M (71%)         239M (6%)            2M (0%)             -                  -          
[85.727s][info][gc,heap     ] GC(62) Reclaimed:         -                  -              2678M (65%)        2914M (71%)            -                  -          
[85.727s][info][gc          ] GC(62) Garbage Collection (Allocation Rate) 2926M(71%)->388M(9%)
[86.929s][info][gc,start    ] GC(63) Garbage Collection (Allocation Rate)
[86.929s][info][gc,task     ] GC(63) Using 1 workers
[86.930s][info][gc,phases   ] GC(63) Pause Mark Start 0.013ms
[86.950s][info][gc,phases   ] GC(63) Concurrent Mark 20.723ms
[86.951s][info][gc,phases   ] GC(63) Pause Mark End 0.018ms
[86.951s][info][gc,phases   ] GC(63) Concurrent Mark Free 0.004ms
[87.011s][info][gc,phases   ] GC(63) Concurrent Process Non-Strong References 59.839ms
[87.011s][info][gc,phases   ] GC(63) Concurrent Reset Relocation Set 0.020ms
[87.016s][info][gc,phases   ] GC(63) Concurrent Select Relocation Set 4.963ms
[87.016s][info][gc,phases   ] GC(63) Pause Relocate Start 0.012ms
[87.019s][info][gc,phases   ] GC(63) Concurrent Relocate 3.361ms
[87.019s][info][gc,load     ] GC(63) Load: 0.00/0.00/0.00
[87.019s][info][gc,mmu      ] GC(63) MMU: 2ms/97.7%, 5ms/99.1%, 10ms/99.5%, 20ms/99.8%, 50ms/99.9%, 100ms/99.9%
[87.019s][info][gc,marking  ] GC(63) Mark: 1 stripe(s), 2 proactive flush(es), 1 terminate flush(es), 0 completion(s), 0 continuation(s) 
[87.019s][info][gc,marking  ] GC(63) Mark Stack Usage: 32M
[87.019s][info][gc,nmethod  ] GC(63) NMethods: 2265 registered, 0 unregistered
[87.019s][info][gc,metaspace] GC(63) Metaspace: 13M used, 14M committed, 1088M reserved
[87.019s][info][gc,ref      ] GC(63) Soft: 211 encountered, 0 discovered, 0 enqueued
[87.019s][info][gc,ref      ] GC(63) Weak: 723 encountered, 439 discovered, 0 enqueued
[87.019s][info][gc,ref      ] GC(63) Final: 0 encountered, 0 discovered, 0 enqueued
[87.019s][info][gc,ref      ] GC(63) Phantom: 59 encountered, 46 discovered, 0 enqueued
[87.019s][info][gc,reloc    ] GC(63) Small Pages: 1395 / 2790M, Empty: 2534M, Relocated: 2M, In-Place: 0
[87.019s][info][gc,reloc    ] GC(63) Medium Pages: 0 / 0M, Empty: 0M, Relocated: 0M, In-Place: 0
[87.019s][info][gc,reloc    ] GC(63) Large Pages: 0 / 0M, Empty: 0M, Relocated: 0M, In-Place: 0
[87.019s][info][gc,reloc    ] GC(63) Forwarding Usage: 0M
[87.019s][info][gc,heap     ] GC(63) Min Capacity: 8M(0%)
[87.019s][info][gc,heap     ] GC(63) Max Capacity: 4096M(100%)
[87.019s][info][gc,heap     ] GC(63) Soft Max Capacity: 4096M(100%)
[87.019s][info][gc,heap     ] GC(63)                Mark Start          Mark End        Relocate Start      Relocate End           High               Low         
[87.020s][info][gc,heap     ] GC(63)  Capacity:     3714M (91%)        3714M (91%)        3714M (91%)        3714M (91%)        3714M (91%)        3714M (91%)    
[87.020s][info][gc,heap     ] GC(63)      Free:     1306M (32%)        1212M (30%)        3646M (89%)        3866M (94%)        3866M (94%)        1114M (27%)    
[87.020s][info][gc,heap     ] GC(63)      Used:     2790M (68%)        2884M (70%)         450M (11%)         230M (6%)         2982M (73%)         230M (6%)     
[87.020s][info][gc,heap     ] GC(63)      Live:         -                 9M (0%)            9M (0%)            9M (0%)             -                  -          
[87.020s][info][gc,heap     ] GC(63) Allocated:         -                94M (2%)          194M (5%)          218M (5%)             -                  -          
[87.020s][info][gc,heap     ] GC(63)   Garbage:         -              2780M (68%)         246M (6%)            2M (0%)             -                  -          
[87.020s][info][gc,heap     ] GC(63) Reclaimed:         -                  -              2534M (62%)        2778M (68%)            -                  -          
[87.020s][info][gc          ] GC(63) Garbage Collection (Allocation Rate) 2790M(68%)->230M(6%)
[88.730s][info][gc,start    ] GC(64) Garbage Collection (Allocation Rate)
[88.730s][info][gc,task     ] GC(64) Using 1 workers
[88.730s][info][gc,phases   ] GC(64) Pause Mark Start 0.011ms
[88.750s][info][gc,phases   ] GC(64) Concurrent Mark 19.775ms
[88.750s][info][gc,phases   ] GC(64) Pause Mark End 0.016ms
[88.750s][info][gc,phases   ] GC(64) Concurrent Mark Free 0.001ms
[88.805s][info][gc,phases   ] GC(64) Concurrent Process Non-Strong References 54.954ms
[88.805s][info][gc,phases   ] GC(64) Concurrent Reset Relocation Set 0.016ms
[88.810s][info][gc,phases   ] GC(64) Concurrent Select Relocation Set 5.113ms
[88.810s][info][gc,phases   ] GC(64) Pause Relocate Start 0.009ms
[88.813s][info][gc,phases   ] GC(64) Concurrent Relocate 2.728ms
[88.813s][info][gc,load     ] GC(64) Load: 0.00/0.00/0.00
[88.813s][info][gc,mmu      ] GC(64) MMU: 2ms/97.7%, 5ms/99.1%, 10ms/99.5%, 20ms/99.8%, 50ms/99.9%, 100ms/99.9%
[88.813s][info][gc,marking  ] GC(64) Mark: 1 stripe(s), 2 proactive flush(es), 1 terminate flush(es), 0 completion(s), 0 continuation(s) 
[88.813s][info][gc,marking  ] GC(64) Mark Stack Usage: 32M
[88.813s][info][gc,nmethod  ] GC(64) NMethods: 2265 registered, 0 unregistered
[88.813s][info][gc,metaspace] GC(64) Metaspace: 13M used, 14M committed, 1088M reserved
[88.814s][info][gc,ref      ] GC(64) Soft: 211 encountered, 0 discovered, 0 enqueued
[88.814s][info][gc,ref      ] GC(64) Weak: 723 encountered, 439 discovered, 0 enqueued
[88.814s][info][gc,ref      ] GC(64) Final: 0 encountered, 0 discovered, 0 enqueued
[88.814s][info][gc,ref      ] GC(64) Phantom: 59 encountered, 46 discovered, 0 enqueued
[88.814s][info][gc,reloc    ] GC(64) Small Pages: 1642 / 3284M, Empty: 3020M, Relocated: 3M, In-Place: 0
[88.814s][info][gc,reloc    ] GC(64) Medium Pages: 0 / 0M, Empty: 0M, Relocated: 0M, In-Place: 0
[88.814s][info][gc,reloc    ] GC(64) Large Pages: 0 / 0M, Empty: 0M, Relocated: 0M, In-Place: 0
[88.814s][info][gc,reloc    ] GC(64) Forwarding Usage: 0M
[88.814s][info][gc,heap     ] GC(64) Min Capacity: 8M(0%)
[88.814s][info][gc,heap     ] GC(64) Max Capacity: 4096M(100%)
[88.814s][info][gc,heap     ] GC(64) Soft Max Capacity: 4096M(100%)
[88.814s][info][gc,heap     ] GC(64)                Mark Start          Mark End        Relocate Start      Relocate End           High               Low         
[88.814s][info][gc,heap     ] GC(64)  Capacity:     3714M (91%)        3714M (91%)        3714M (91%)        3714M (91%)        3714M (91%)        3714M (91%)    
[88.814s][info][gc,heap     ] GC(64)      Free:      812M (20%)         718M (18%)        3642M (89%)        3896M (95%)        3896M (95%)         624M (15%)    
[88.814s][info][gc,heap     ] GC(64)      Used:     3284M (80%)        3378M (82%)         454M (11%)         200M (5%)         3472M (85%)         200M (5%)     
[88.814s][info][gc,heap     ] GC(64)      Live:         -                 9M (0%)            9M (0%)            9M (0%)             -                  -          
[88.814s][info][gc,heap     ] GC(64) Allocated:         -                94M (2%)          190M (5%)          188M (5%)             -                  -          
[88.814s][info][gc,heap     ] GC(64)   Garbage:         -              3274M (80%)         254M (6%)            2M (0%)             -                  -          
[88.814s][info][gc,heap     ] GC(64) Reclaimed:         -                  -              3020M (74%)        3272M (80%)            -                  -          
[88.814s][info][gc          ] GC(64) Garbage Collection (Allocation Rate) 3284M(80%)->200M(5%)
[90.130s][info][gc,stats    ] === Garbage Collection Statistics =======================================================================================================================
[90.130s][info][gc,stats    ]                                                              Last 10s              Last 10m              Last 10h                Total
[90.130s][info][gc,stats    ]                                                              Avg / Max             Avg / Max             Avg / Max             Avg / Max
[90.131s][info][gc,stats    ]   Collector: Garbage Collection Cycle                     64.305 / 196.923      73.624 / 587.803      73.624 / 587.803      73.624 / 587.803     ms
[90.131s][info][gc,stats    ]  Contention: Mark Segment Reset Contention                     2 / 17                1 / 26                1 / 26                1 / 26          ops/s
[90.131s][info][gc,stats    ]  Contention: Mark SeqNum Reset Contention                      0 / 2                 0 / 3                 0 / 3                 0 / 3           ops/s
[90.131s][info][gc,stats    ]    Critical: Allocation Stall                                  0 / 0                 0 / 0                 0 / 0                 0 / 0           ops/s
[90.131s][info][gc,stats    ]    Critical: Allocation Stall                              0.000 / 0.000         0.000 / 0.000         0.000 / 0.000         0.000 / 0.000       ms
[90.131s][info][gc,stats    ]    Critical: GC Locker Stall                                   0 / 0                 0 / 0                 0 / 0                 0 / 0           ops/s
[90.131s][info][gc,stats    ]    Critical: GC Locker Stall                               0.000 / 0.000         0.000 / 0.000         0.000 / 0.000         0.000 / 0.000       ms
[90.131s][info][gc,stats    ]    Critical: Relocation Stall                                  0 / 0                 0 / 0                 0 / 0                 0 / 0           ops/s
[90.131s][info][gc,stats    ]    Critical: Relocation Stall                              0.000 / 0.000         0.000 / 0.000         0.000 / 0.000         0.000 / 0.000       ms
[90.131s][info][gc,stats    ]      Memory: Allocation Rate                                1869 / 2064           1943 / 2208           1943 / 2208           1943 / 2208        MB/s
[90.131s][info][gc,stats    ]      Memory: Defragment                                        0 / 0                 0 / 0                 0 / 0                 0 / 0           ops/s
[90.131s][info][gc,stats    ]      Memory: Out Of Memory                                     0 / 0                 0 / 0                 0 / 0                 0 / 0           ops/s
[90.131s][info][gc,stats    ]      Memory: Page Cache Flush                                  0 / 0                 0 / 0                 0 / 0                 0 / 0           MB/s
[90.131s][info][gc,stats    ]      Memory: Page Cache Hit L1                               939 / 1040            955 / 1107            955 / 1107            955 / 1107        ops/s
[90.131s][info][gc,stats    ]      Memory: Page Cache Hit L2                                 0 / 0                 0 / 0                 0 / 0                 0 / 0           ops/s
[90.131s][info][gc,stats    ]      Memory: Page Cache Hit L3                                 0 / 0                11 / 448              11 / 448              11 / 448         ops/s
[90.131s][info][gc,stats    ]      Memory: Page Cache Miss                                   0 / 0                 9 / 471               9 / 471               9 / 471         ops/s
[90.131s][info][gc,stats    ]      Memory: Uncommit                                          0 / 0                 0 / 0                 0 / 0                 0 / 0           MB/s
[90.131s][info][gc,stats    ]      Memory: Undo Object Allocation Failed                     0 / 2                 0 / 5                 0 / 5                 0 / 5           ops/s
[90.131s][info][gc,stats    ]      Memory: Undo Object Allocation Succeeded                 23 / 60               20 / 124              20 / 124              20 / 124         ops/s
[90.131s][info][gc,stats    ]      Memory: Undo Page Allocation                              0 / 3                 1 / 23                1 / 23                1 / 23          ops/s
[90.131s][info][gc,stats    ]       Phase: Concurrent Mark                              25.011 / 106.345      28.932 / 549.801      28.932 / 549.801      28.932 / 549.801     ms
[90.131s][info][gc,stats    ]       Phase: Concurrent Mark Continue                      0.000 / 0.000         0.000 / 0.000         0.000 / 0.000         0.000 / 0.000       ms
[90.131s][info][gc,stats    ]       Phase: Concurrent Mark Free                          0.001 / 0.004         0.001 / 0.007         0.001 / 0.007         0.001 / 0.007       ms
[90.131s][info][gc,stats    ]       Phase: Concurrent Process Non-Strong References     30.366 / 71.807       28.474 / 71.807       28.474 / 71.807       28.474 / 71.807      ms
[90.131s][info][gc,stats    ]       Phase: Concurrent Relocate                           1.885 / 3.727         2.800 / 6.016         2.800 / 6.016         2.800 / 6.016       ms
[90.131s][info][gc,stats    ]       Phase: Concurrent Reset Relocation Set               0.014 / 0.021         0.015 / 0.022         0.015 / 0.022         0.015 / 0.022       ms
[90.131s][info][gc,stats    ]       Phase: Concurrent Select Relocation Set              4.466 / 5.294         5.376 / 22.887        5.376 / 22.887        5.376 / 22.887      ms
[90.131s][info][gc,stats    ]       Phase: Pause Mark End                                0.020 / 0.024         0.020 / 0.046         0.020 / 0.046         0.020 / 0.046       ms
[90.131s][info][gc,stats    ]       Phase: Pause Mark Start                              0.013 / 0.016         0.013 / 0.021         0.013 / 0.021         0.013 / 0.021       ms
[90.131s][info][gc,stats    ]       Phase: Pause Relocate Start                          0.008 / 0.012         0.008 / 0.019         0.008 / 0.019         0.008 / 0.019       ms
[90.131s][info][gc,stats    ]    Subphase: Concurrent Classes Purge                      0.004 / 0.007         0.080 / 3.013         0.080 / 3.013         0.080 / 3.013       ms
[90.131s][info][gc,stats    ]    Subphase: Concurrent Classes Unlink                     2.509 / 5.651         3.148 / 7.490         3.148 / 7.490         3.148 / 7.490       ms
[90.131s][info][gc,stats    ]    Subphase: Concurrent Mark                               8.261 / 104.983      10.558 / 109.674      10.558 / 109.674      10.558 / 109.674     ms
[90.131s][info][gc,stats    ]    Subphase: Concurrent Mark Try Flush                     3.899 / 80.074        1.055 / 80.074        1.055 / 80.074        1.055 / 80.074      ms
[90.131s][info][gc,stats    ]    Subphase: Concurrent Mark Try Terminate                 2.912 / 10.879        2.353 / 15.651        2.353 / 15.651        2.353 / 15.651      ms
[90.131s][info][gc,stats    ]    Subphase: Concurrent References Enqueue                 0.001 / 0.001         0.001 / 0.007         0.001 / 0.007         0.001 / 0.007       ms
[90.131s][info][gc,stats    ]    Subphase: Concurrent References Process                 0.071 / 0.173         0.096 / 0.194         0.096 / 0.194         0.096 / 0.194       ms
[90.131s][info][gc,stats    ]    Subphase: Concurrent Roots ClassLoaderDataGraph         0.059 / 0.433         0.088 / 0.923         0.088 / 0.923         0.088 / 0.923       ms
[90.131s][info][gc,stats    ]    Subphase: Concurrent Roots CodeCache                    0.000 / 0.000         0.000 / 0.000         0.000 / 0.000         0.000 / 0.000       ms
[90.131s][info][gc,stats    ]    Subphase: Concurrent Roots JavaThreads                  0.177 / 0.867         1.778 / 473.279       1.778 / 473.279       1.778 / 473.279     ms
[90.131s][info][gc,stats    ]    Subphase: Concurrent Roots OopStorageSet                0.047 / 0.261         0.104 / 1.317         0.104 / 1.317         0.104 / 1.317       ms
[90.131s][info][gc,stats    ]    Subphase: Concurrent Weak Roots OopStorageSet           8.749 / 65.823        7.628 / 65.823        7.628 / 65.823        7.628 / 65.823      ms
[90.131s][info][gc,stats    ]    Subphase: Pause Mark Try Complete                       0.000 / 0.000         0.005 / 0.007         0.005 / 0.007         0.005 / 0.007       ms
[90.131s][info][gc,stats    ]      System: Java Threads                                     54 / 64               53 / 73               53 / 73               53 / 73          threads
[90.131s][info][gc,stats    ] =========================================================================================================================================================
[90.530s][info][gc,start    ] GC(65) Garbage Collection (Allocation Rate)
[90.530s][info][gc,task     ] GC(65) Using 1 workers
[90.530s][info][gc,phases   ] GC(65) Pause Mark Start 0.012ms
[90.551s][info][gc,phases   ] GC(65) Concurrent Mark 20.855ms
[90.552s][info][gc,phases   ] GC(65) Pause Mark End 0.019ms
[90.552s][info][gc,phases   ] GC(65) Concurrent Mark Free 0.001ms
[90.615s][info][gc,phases   ] GC(65) Concurrent Process Non-Strong References 62.824ms
[90.615s][info][gc,phases   ] GC(65) Concurrent Reset Relocation Set 0.015ms
[90.620s][info][gc,phases   ] GC(65) Concurrent Select Relocation Set 4.989ms
[90.620s][info][gc,phases   ] GC(65) Pause Relocate Start 0.009ms
[90.625s][info][gc,phases   ] GC(65) Concurrent Relocate 5.447ms
[90.625s][info][gc,load     ] GC(65) Load: 0.00/0.00/0.00
[90.625s][info][gc,mmu      ] GC(65) MMU: 2ms/97.7%, 5ms/99.1%, 10ms/99.5%, 20ms/99.8%, 50ms/99.9%, 100ms/99.9%
[90.626s][info][gc,marking  ] GC(65) Mark: 1 stripe(s), 2 proactive flush(es), 1 terminate flush(es), 0 completion(s), 0 continuation(s) 
[90.626s][info][gc,marking  ] GC(65) Mark Stack Usage: 32M
[90.626s][info][gc,nmethod  ] GC(65) NMethods: 2265 registered, 0 unregistered
[90.626s][info][gc,metaspace] GC(65) Metaspace: 13M used, 14M committed, 1088M reserved
[90.626s][info][gc,ref      ] GC(65) Soft: 211 encountered, 0 discovered, 0 enqueued
[90.626s][info][gc,ref      ] GC(65) Weak: 723 encountered, 439 discovered, 0 enqueued
[90.626s][info][gc,ref      ] GC(65) Final: 0 encountered, 0 discovered, 0 enqueued
[90.626s][info][gc,ref      ] GC(65) Phantom: 59 encountered, 46 discovered, 0 enqueued
[90.626s][info][gc,reloc    ] GC(65) Small Pages: 1725 / 3450M, Empty: 3176M, Relocated: 3M, In-Place: 0
[90.626s][info][gc,reloc    ] GC(65) Medium Pages: 0 / 0M, Empty: 0M, Relocated: 0M, In-Place: 0
[90.626s][info][gc,reloc    ] GC(65) Large Pages: 0 / 0M, Empty: 0M, Relocated: 0M, In-Place: 0
[90.626s][info][gc,reloc    ] GC(65) Forwarding Usage: 0M
[90.626s][info][gc,heap     ] GC(65) Min Capacity: 8M(0%)
[90.626s][info][gc,heap     ] GC(65) Max Capacity: 4096M(100%)
[90.626s][info][gc,heap     ] GC(65) Soft Max Capacity: 4096M(100%)
[90.626s][info][gc,heap     ] GC(65)                Mark Start          Mark End        Relocate Start      Relocate End           High               Low         
[90.626s][info][gc,heap     ] GC(65)  Capacity:     3714M (91%)        3714M (91%)        3714M (91%)        3714M (91%)        3714M (91%)        3714M (91%)    
[90.626s][info][gc,heap     ] GC(65)      Free:      646M (16%)         548M (13%)        3606M (88%)        3846M (94%)        3848M (94%)         448M (11%)    
[90.626s][info][gc,heap     ] GC(65)      Used:     3450M (84%)        3548M (87%)         490M (12%)         250M (6%)         3648M (89%)         248M (6%)     
[90.626s][info][gc,heap     ] GC(65)      Live:         -                 9M (0%)            9M (0%)            9M (0%)             -                  -          
[90.626s][info][gc,heap     ] GC(65) Allocated:         -                98M (2%)          216M (5%)          238M (6%)             -                  -          
[90.626s][info][gc,heap     ] GC(65)   Garbage:         -              3440M (84%)         264M (6%)            1M (0%)             -                  -          
[90.626s][info][gc,heap     ] GC(65) Reclaimed:         -                  -              3176M (78%)        3438M (84%)            -                  -          
[90.626s][info][gc          ] GC(65) Garbage Collection (Allocation Rate) 3450M(84%)->250M(6%)
[91.830s][info][gc,start    ] GC(66) Garbage Collection (Proactive)
[91.830s][info][gc,task     ] GC(66) Using 12 workers
[91.831s][info][gc,phases   ] GC(66) Pause Mark Start 0.011ms
[91.836s][info][gc,phases   ] GC(66) Concurrent Mark 5.196ms
[91.836s][info][gc,phases   ] GC(66) Pause Mark End 0.020ms
[91.836s][info][gc,phases   ] GC(66) Concurrent Mark Free 0.001ms
[91.842s][info][gc,phases   ] GC(66) Concurrent Process Non-Strong References 5.487ms
[91.842s][info][gc,phases   ] GC(66) Concurrent Reset Relocation Set 0.014ms
[91.845s][info][gc,phases   ] GC(66) Concurrent Select Relocation Set 3.296ms
[91.845s][info][gc,phases   ] GC(66) Pause Relocate Start 0.006ms
[91.846s][info][gc,phases   ] GC(66) Concurrent Relocate 0.374ms
[91.846s][info][gc,load     ] GC(66) Load: 0.00/0.00/0.00
[91.846s][info][gc,mmu      ] GC(66) MMU: 2ms/97.7%, 5ms/99.1%, 10ms/99.5%, 20ms/99.8%, 50ms/99.9%, 100ms/99.9%
[91.846s][info][gc,marking  ] GC(66) Mark: 8 stripe(s), 2 proactive flush(es), 1 terminate flush(es), 0 completion(s), 0 continuation(s) 
[91.846s][info][gc,marking  ] GC(66) Mark Stack Usage: 32M
[91.846s][info][gc,nmethod  ] GC(66) NMethods: 2265 registered, 0 unregistered
[91.846s][info][gc,metaspace] GC(66) Metaspace: 13M used, 14M committed, 1088M reserved
[91.846s][info][gc,ref      ] GC(66) Soft: 211 encountered, 0 discovered, 0 enqueued
[91.846s][info][gc,ref      ] GC(66) Weak: 723 encountered, 251 discovered, 0 enqueued
[91.846s][info][gc,ref      ] GC(66) Final: 0 encountered, 0 discovered, 0 enqueued
[91.846s][info][gc,ref      ] GC(66) Phantom: 59 encountered, 31 discovered, 0 enqueued
[91.846s][info][gc,reloc    ] GC(66) Small Pages: 1286 / 2572M, Empty: 2314M, Relocated: 1M, In-Place: 0
[91.846s][info][gc,reloc    ] GC(66) Medium Pages: 0 / 0M, Empty: 0M, Relocated: 0M, In-Place: 0
[91.846s][info][gc,reloc    ] GC(66) Large Pages: 0 / 0M, Empty: 0M, Relocated: 0M, In-Place: 0
[91.846s][info][gc,reloc    ] GC(66) Forwarding Usage: 0M
[91.846s][info][gc,heap     ] GC(66) Min Capacity: 8M(0%)
[91.846s][info][gc,heap     ] GC(66) Max Capacity: 4096M(100%)
[91.846s][info][gc,heap     ] GC(66) Soft Max Capacity: 4096M(100%)
[91.846s][info][gc,heap     ] GC(66)                Mark Start          Mark End        Relocate Start      Relocate End           High               Low         
[91.846s][info][gc,heap     ] GC(66)  Capacity:     3714M (91%)        3714M (91%)        3714M (91%)        3714M (91%)        3714M (91%)        3714M (91%)    
[91.846s][info][gc,heap     ] GC(66)      Free:     1524M (37%)        1444M (35%)        3750M (92%)        3968M (97%)        3968M (97%)        1436M (35%)    
[91.846s][info][gc,heap     ] GC(66)      Used:     2572M (63%)        2652M (65%)         346M (8%)          128M (3%)         2660M (65%)         128M (3%)     
[91.846s][info][gc,heap     ] GC(66)      Live:         -                 9M (0%)            9M (0%)            9M (0%)             -                  -          
[91.846s][info][gc,heap     ] GC(66) Allocated:         -                80M (2%)           88M (2%)           92M (2%)             -                  -          
[91.846s][info][gc,heap     ] GC(66)   Garbage:         -              2562M (63%)         248M (6%)           25M (1%)             -                  -          
[91.846s][info][gc,heap     ] GC(66) Reclaimed:         -                  -              2314M (56%)        2536M (62%)            -                  -          
[91.846s][info][gc          ] GC(66) Garbage Collection (Proactive) 2572M(63%)->128M(3%)
[93.130s][info][gc,start    ] GC(67) Garbage Collection (Proactive)
[93.130s][info][gc,task     ] GC(67) Using 12 workers
[93.130s][info][gc,phases   ] GC(67) Pause Mark Start 0.013ms
[93.135s][info][gc,phases   ] GC(67) Concurrent Mark 4.986ms
[93.135s][info][gc,phases   ] GC(67) Pause Mark End 0.018ms
[93.135s][info][gc,phases   ] GC(67) Concurrent Mark Free 0.001ms
[93.142s][info][gc,phases   ] GC(67) Concurrent Process Non-Strong References 6.620ms
[93.142s][info][gc,phases   ] GC(67) Concurrent Reset Relocation Set 0.018ms
[93.146s][info][gc,phases   ] GC(67) Concurrent Select Relocation Set 3.585ms
[93.146s][info][gc,phases   ] GC(67) Pause Relocate Start 0.006ms
[93.146s][info][gc,phases   ] GC(67) Concurrent Relocate 0.301ms
[93.146s][info][gc,load     ] GC(67) Load: 0.00/0.00/0.00
[93.146s][info][gc,mmu      ] GC(67) MMU: 2ms/97.7%, 5ms/99.1%, 10ms/99.5%, 20ms/99.8%, 50ms/99.9%, 100ms/99.9%
[93.146s][info][gc,marking  ] GC(67) Mark: 8 stripe(s), 2 proactive flush(es), 1 terminate flush(es), 0 completion(s), 0 continuation(s) 
[93.146s][info][gc,marking  ] GC(67) Mark Stack Usage: 32M
[93.146s][info][gc,nmethod  ] GC(67) NMethods: 2265 registered, 0 unregistered
[93.146s][info][gc,metaspace] GC(67) Metaspace: 13M used, 14M committed, 1088M reserved
[93.146s][info][gc,ref      ] GC(67) Soft: 211 encountered, 0 discovered, 0 enqueued
[93.146s][info][gc,ref      ] GC(67) Weak: 723 encountered, 343 discovered, 0 enqueued
[93.146s][info][gc,ref      ] GC(67) Final: 0 encountered, 0 discovered, 0 enqueued
[93.146s][info][gc,ref      ] GC(67) Phantom: 59 encountered, 41 discovered, 0 enqueued
[93.146s][info][gc,reloc    ] GC(67) Small Pages: 1347 / 2694M, Empty: 2430M, Relocated: 1M, In-Place: 0
[93.147s][info][gc,reloc    ] GC(67) Medium Pages: 0 / 0M, Empty: 0M, Relocated: 0M, In-Place: 0
[93.147s][info][gc,reloc    ] GC(67) Large Pages: 0 / 0M, Empty: 0M, Relocated: 0M, In-Place: 0
[93.147s][info][gc,reloc    ] GC(67) Forwarding Usage: 0M
[93.147s][info][gc,heap     ] GC(67) Min Capacity: 8M(0%)
[93.147s][info][gc,heap     ] GC(67) Max Capacity: 4096M(100%)
[93.147s][info][gc,heap     ] GC(67) Soft Max Capacity: 4096M(100%)
[93.147s][info][gc,heap     ] GC(67)                Mark Start          Mark End        Relocate Start      Relocate End           High               Low         
[93.147s][info][gc,heap     ] GC(67)  Capacity:     3714M (91%)        3714M (91%)        3714M (91%)        3714M (91%)        3714M (91%)        3714M (91%)    
[93.147s][info][gc,heap     ] GC(67)      Free:     1402M (34%)        1328M (32%)        3744M (91%)        3966M (97%)        3966M (97%)        1318M (32%)    
[93.147s][info][gc,heap     ] GC(67)      Used:     2694M (66%)        2768M (68%)         352M (9%)          130M (3%)         2778M (68%)         130M (3%)     
[93.147s][info][gc,heap     ] GC(67)      Live:         -                10M (0%)           10M (0%)           10M (0%)             -                  -          
[93.147s][info][gc,heap     ] GC(67) Allocated:         -                74M (2%)           88M (2%)           94M (2%)             -                  -          
[93.147s][info][gc,heap     ] GC(67)   Garbage:         -              2683M (66%)         253M (6%)           25M (1%)             -                  -          
[93.147s][info][gc,heap     ] GC(67) Reclaimed:         -                  -              2430M (59%)        2658M (65%)            -                  -          
[93.147s][info][gc          ] GC(67) Garbage Collection (Proactive) 2694M(66%)->130M(3%)
[94.330s][info][gc,start    ] GC(68) Garbage Collection (Proactive)
[94.330s][info][gc,task     ] GC(68) Using 12 workers
[94.410s][info][gc,phases   ] GC(68) Pause Mark Start 0.018ms
[94.419s][info][gc,phases   ] GC(68) Concurrent Mark 8.235ms
[94.419s][info][gc,phases   ] GC(68) Pause Mark End 0.027ms
[94.419s][info][gc,phases   ] GC(68) Concurrent Mark Free 0.001ms
[94.430s][info][gc,phases   ] GC(68) Concurrent Process Non-Strong References 11.063ms
[94.430s][info][gc,phases   ] GC(68) Concurrent Reset Relocation Set 0.013ms
[94.435s][info][gc,phases   ] GC(68) Concurrent Select Relocation Set 4.134ms
[94.435s][info][gc,phases   ] GC(68) Pause Relocate Start 0.007ms
[94.435s][info][gc,phases   ] GC(68) Concurrent Relocate 0.452ms
[94.435s][info][gc,load     ] GC(68) Load: 0.00/0.00/0.00
[94.435s][info][gc,mmu      ] GC(68) MMU: 2ms/97.7%, 5ms/99.1%, 10ms/99.5%, 20ms/99.8%, 50ms/99.9%, 100ms/99.9%
[94.435s][info][gc,marking  ] GC(68) Mark: 8 stripe(s), 2 proactive flush(es), 1 terminate flush(es), 0 completion(s), 0 continuation(s) 
[94.435s][info][gc,marking  ] GC(68) Mark Stack Usage: 32M
[94.435s][info][gc,nmethod  ] GC(68) NMethods: 2265 registered, 0 unregistered
[94.435s][info][gc,metaspace] GC(68) Metaspace: 13M used, 14M committed, 1088M reserved
[94.436s][info][gc,ref      ] GC(68) Soft: 211 encountered, 0 discovered, 0 enqueued
[94.436s][info][gc,ref      ] GC(68) Weak: 723 encountered, 381 discovered, 0 enqueued
[94.436s][info][gc,ref      ] GC(68) Final: 0 encountered, 0 discovered, 0 enqueued
[94.436s][info][gc,ref      ] GC(68) Phantom: 59 encountered, 37 discovered, 0 enqueued
[94.436s][info][gc,reloc    ] GC(68) Small Pages: 1255 / 2510M, Empty: 2236M, Relocated: 2M, In-Place: 0
[94.436s][info][gc,reloc    ] GC(68) Medium Pages: 0 / 0M, Empty: 0M, Relocated: 0M, In-Place: 0
[94.436s][info][gc,reloc    ] GC(68) Large Pages: 0 / 0M, Empty: 0M, Relocated: 0M, In-Place: 0
[94.436s][info][gc,reloc    ] GC(68) Forwarding Usage: 0M
[94.436s][info][gc,heap     ] GC(68) Min Capacity: 8M(0%)
[94.436s][info][gc,heap     ] GC(68) Max Capacity: 4096M(100%)
[94.436s][info][gc,heap     ] GC(68) Soft Max Capacity: 4096M(100%)
[94.436s][info][gc,heap     ] GC(68)                Mark Start          Mark End        Relocate Start      Relocate End           High               Low         
[94.436s][info][gc,heap     ] GC(68)  Capacity:     3714M (91%)        3714M (91%)        3714M (91%)        3714M (91%)        3714M (91%)        3714M (91%)    
[94.436s][info][gc,heap     ] GC(68)      Free:     1586M (39%)        1500M (37%)        3730M (91%)        3970M (97%)        3970M (97%)        1494M (36%)    
[94.436s][info][gc,heap     ] GC(68)      Used:     2510M (61%)        2596M (63%)         366M (9%)          126M (3%)         2602M (64%)         126M (3%)     
[94.436s][info][gc,heap     ] GC(68)      Live:         -                10M (0%)           10M (0%)           10M (0%)             -                  -          
[94.436s][info][gc,heap     ] GC(68) Allocated:         -                86M (2%)           92M (2%)           90M (2%)             -                  -          
[94.436s][info][gc,heap     ] GC(68)   Garbage:         -              2499M (61%)         263M (6%)           25M (1%)             -                  -          
[94.436s][info][gc,heap     ] GC(68) Reclaimed:         -                  -              2236M (55%)        2474M (60%)            -                  -          
[94.436s][info][gc          ] GC(68) Garbage Collection (Proactive) 2510M(61%)->126M(3%)
[95.830s][info][gc,start    ] GC(69) Garbage Collection (Allocation Rate)
[95.830s][info][gc,task     ] GC(69) Using 2 workers
[95.830s][info][gc,phases   ] GC(69) Pause Mark Start 0.009ms
[95.839s][info][gc,phases   ] GC(69) Concurrent Mark 9.100ms
[95.839s][info][gc,phases   ] GC(69) Pause Mark End 0.015ms
[95.839s][info][gc,phases   ] GC(69) Concurrent Mark Free 0.001ms
[95.868s][info][gc,phases   ] GC(69) Concurrent Process Non-Strong References 28.598ms
[95.868s][info][gc,phases   ] GC(69) Concurrent Reset Relocation Set 0.015ms
[95.872s][info][gc,phases   ] GC(69) Concurrent Select Relocation Set 3.905ms
[95.872s][info][gc,phases   ] GC(69) Pause Relocate Start 0.010ms
[95.873s][info][gc,phases   ] GC(69) Concurrent Relocate 0.266ms
[95.873s][info][gc,load     ] GC(69) Load: 0.00/0.00/0.00
[95.873s][info][gc,mmu      ] GC(69) MMU: 2ms/97.7%, 5ms/99.1%, 10ms/99.5%, 20ms/99.8%, 50ms/99.9%, 100ms/99.9%
[95.873s][info][gc,marking  ] GC(69) Mark: 2 stripe(s), 2 proactive flush(es), 1 terminate flush(es), 0 completion(s), 0 continuation(s) 
[95.873s][info][gc,marking  ] GC(69) Mark Stack Usage: 32M
[95.873s][info][gc,nmethod  ] GC(69) NMethods: 2266 registered, 0 unregistered
[95.873s][info][gc,metaspace] GC(69) Metaspace: 13M used, 14M committed, 1088M reserved
[95.873s][info][gc,ref      ] GC(69) Soft: 211 encountered, 0 discovered, 0 enqueued
[95.873s][info][gc,ref      ] GC(69) Weak: 641 encountered, 26 discovered, 0 enqueued
[95.873s][info][gc,ref      ] GC(69) Final: 0 encountered, 0 discovered, 0 enqueued
[95.873s][info][gc,ref      ] GC(69) Phantom: 59 encountered, 41 discovered, 0 enqueued
[95.873s][info][gc,reloc    ] GC(69) Small Pages: 1531 / 3062M, Empty: 2868M, Relocated: 1M, In-Place: 0
[95.873s][info][gc,reloc    ] GC(69) Medium Pages: 0 / 0M, Empty: 0M, Relocated: 0M, In-Place: 0
[95.873s][info][gc,reloc    ] GC(69) Large Pages: 0 / 0M, Empty: 0M, Relocated: 0M, In-Place: 0
[95.873s][info][gc,reloc    ] GC(69) Forwarding Usage: 0M
[95.873s][info][gc,heap     ] GC(69) Min Capacity: 8M(0%)
[95.873s][info][gc,heap     ] GC(69) Max Capacity: 4096M(100%)
[95.873s][info][gc,heap     ] GC(69) Soft Max Capacity: 4096M(100%)
[95.873s][info][gc,heap     ] GC(69)                Mark Start          Mark End        Relocate Start      Relocate End           High               Low         
[95.873s][info][gc,heap     ] GC(69)  Capacity:     3714M (91%)        3714M (91%)        3714M (91%)        3714M (91%)        3714M (91%)        3714M (91%)    
[95.873s][info][gc,heap     ] GC(69)      Free:     1034M (25%)        1008M (25%)        3824M (93%)        4000M (98%)        4000M (98%)         960M (23%)    
[95.873s][info][gc,heap     ] GC(69)      Used:     3062M (75%)        3088M (75%)         272M (7%)           96M (2%)         3136M (77%)          96M (2%)     
[95.873s][info][gc,heap     ] GC(69)      Live:         -                 8M (0%)            8M (0%)            8M (0%)             -                  -          
[95.873s][info][gc,heap     ] GC(69) Allocated:         -                26M (1%)           78M (2%)           81M (2%)             -                  -          
[95.873s][info][gc,heap     ] GC(69)   Garbage:         -              3053M (75%)         185M (5%)            5M (0%)             -                  -          
[95.873s][info][gc,heap     ] GC(69) Reclaimed:         -                  -              2868M (70%)        3047M (74%)            -                  -          
[95.874s][info][gc          ] GC(69) Garbage Collection (Allocation Rate) 3062M(75%)->96M(2%)
[95.941s][info][gc,start    ] GC(70) Garbage Collection (System.gc())
[95.941s][info][gc,task     ] GC(70) Using 12 workers
[95.941s][info][gc,phases   ] GC(70) Pause Mark Start 0.014ms
[95.954s][info][gc,phases   ] GC(70) Concurrent Mark 13.547ms
[95.955s][info][gc,phases   ] GC(70) Pause Mark End 0.017ms
[95.955s][info][gc,phases   ] GC(70) Concurrent Mark Free 0.001ms
[95.963s][info][gc,phases   ] GC(70) Concurrent Process Non-Strong References 8.700ms
[95.963s][info][gc,phases   ] GC(70) Concurrent Reset Relocation Set 0.008ms
[95.968s][info][gc,phases   ] GC(70) Concurrent Select Relocation Set 4.303ms
[95.968s][info][gc,phases   ] GC(70) Pause Relocate Start 0.010ms
[95.971s][info][gc,phases   ] GC(70) Concurrent Relocate 3.477ms
[95.971s][info][gc,load     ] GC(70) Load: 0.00/0.00/0.00
[95.971s][info][gc,mmu      ] GC(70) MMU: 2ms/97.7%, 5ms/99.1%, 10ms/99.5%, 20ms/99.8%, 50ms/99.9%, 100ms/99.9%
[95.972s][info][gc,marking  ] GC(70) Mark: 8 stripe(s), 1 proactive flush(es), 1 terminate flush(es), 0 completion(s), 0 continuation(s) 
[95.972s][info][gc,marking  ] GC(70) Mark Stack Usage: 32M
[95.972s][info][gc,nmethod  ] GC(70) NMethods: 2266 registered, 0 unregistered
[95.972s][info][gc,metaspace] GC(70) Metaspace: 13M used, 14M committed, 1088M reserved
[95.972s][info][gc,ref      ] GC(70) Soft: 211 encountered, 0 discovered, 0 enqueued
[95.972s][info][gc,ref      ] GC(70) Weak: 623 encountered, 224 discovered, 0 enqueued
[95.972s][info][gc,ref      ] GC(70) Final: 0 encountered, 0 discovered, 0 enqueued
[95.972s][info][gc,ref      ] GC(70) Phantom: 59 encountered, 41 discovered, 0 enqueued
[95.972s][info][gc,reloc    ] GC(70) Small Pages: 75 / 150M, Empty: 120M, Relocated: 3M, In-Place: 0
[95.972s][info][gc,reloc    ] GC(70) Medium Pages: 0 / 0M, Empty: 0M, Relocated: 0M, In-Place: 0
[95.972s][info][gc,reloc    ] GC(70) Large Pages: 0 / 0M, Empty: 0M, Relocated: 0M, In-Place: 0
[95.972s][info][gc,reloc    ] GC(70) Forwarding Usage: 1M
[95.972s][info][gc,heap     ] GC(70) Min Capacity: 8M(0%)
[95.972s][info][gc,heap     ] GC(70) Max Capacity: 4096M(100%)
[95.972s][info][gc,heap     ] GC(70) Soft Max Capacity: 4096M(100%)
[95.972s][info][gc,heap     ] GC(70)                Mark Start          Mark End        Relocate Start      Relocate End           High               Low         
[95.972s][info][gc,heap     ] GC(70)  Capacity:     3714M (91%)        3714M (91%)        3714M (91%)        3714M (91%)        3714M (91%)        3714M (91%)    
[95.972s][info][gc,heap     ] GC(70)      Free:     3946M (96%)        3946M (96%)        4066M (99%)        4068M (99%)        4068M (99%)        3946M (96%)    
[95.972s][info][gc,heap     ] GC(70)      Used:      150M (4%)          150M (4%)           30M (1%)           28M (1%)          150M (4%)           28M (1%)     
[95.972s][info][gc,heap     ] GC(70)      Live:         -                 6M (0%)            6M (0%)            6M (0%)             -                  -          
[95.972s][info][gc,heap     ] GC(70) Allocated:         -                 0M (0%)            0M (0%)            0M (0%)             -                  -          
[95.972s][info][gc,heap     ] GC(70)   Garbage:         -               143M (4%)           23M (1%)           21M (1%)             -                  -          
[95.972s][info][gc,heap     ] GC(70) Reclaimed:         -                  -               120M (3%)          122M (3%)             -                  -          
[95.972s][info][gc          ] GC(70) Garbage Collection (System.gc()) 150M(4%)->28M(1%)
[98.031s][info][gc,start    ] GC(71) Garbage Collection (Allocation Rate)
[98.031s][info][gc,task     ] GC(71) Using 1 workers
[98.031s][info][gc,phases   ] GC(71) Pause Mark Start 0.010ms
[98.060s][info][gc,phases   ] GC(71) Concurrent Mark 28.468ms
[98.060s][info][gc,phases   ] GC(71) Pause Mark End 0.018ms
[98.060s][info][gc,phases   ] GC(71) Concurrent Mark Free 0.002ms
[98.118s][info][gc,phases   ] GC(71) Concurrent Process Non-Strong References 58.087ms
[98.118s][info][gc,phases   ] GC(71) Concurrent Reset Relocation Set 0.003ms
[98.122s][info][gc,phases   ] GC(71) Concurrent Select Relocation Set 3.719ms
[98.122s][info][gc,phases   ] GC(71) Pause Relocate Start 0.009ms
[98.125s][info][gc,phases   ] GC(71) Concurrent Relocate 2.682ms
[98.125s][info][gc,load     ] GC(71) Load: 0.00/0.00/0.00
[98.125s][info][gc,mmu      ] GC(71) MMU: 2ms/97.7%, 5ms/99.1%, 10ms/99.5%, 20ms/99.8%, 50ms/99.9%, 100ms/99.9%
[98.125s][info][gc,marking  ] GC(71) Mark: 1 stripe(s), 2 proactive flush(es), 1 terminate flush(es), 0 completion(s), 0 continuation(s) 
[98.125s][info][gc,marking  ] GC(71) Mark Stack Usage: 32M
[98.125s][info][gc,nmethod  ] GC(71) NMethods: 2266 registered, 3 unregistered
[98.125s][info][gc,metaspace] GC(71) Metaspace: 13M used, 14M committed, 1088M reserved
[98.125s][info][gc,ref      ] GC(71) Soft: 211 encountered, 0 discovered, 0 enqueued
[98.125s][info][gc,ref      ] GC(71) Weak: 729 encountered, 443 discovered, 2 enqueued
[98.125s][info][gc,ref      ] GC(71) Final: 0 encountered, 0 discovered, 0 enqueued
[98.125s][info][gc,ref      ] GC(71) Phantom: 59 encountered, 46 discovered, 0 enqueued
[98.125s][info][gc,reloc    ] GC(71) Small Pages: 1479 / 2958M, Empty: 2688M, Relocated: 3M, In-Place: 0
[98.125s][info][gc,reloc    ] GC(71) Medium Pages: 0 / 0M, Empty: 0M, Relocated: 0M, In-Place: 0
[98.125s][info][gc,reloc    ] GC(71) Large Pages: 0 / 0M, Empty: 0M, Relocated: 0M, In-Place: 0
[98.125s][info][gc,reloc    ] GC(71) Forwarding Usage: 0M
[98.125s][info][gc,heap     ] GC(71) Min Capacity: 8M(0%)
[98.125s][info][gc,heap     ] GC(71) Max Capacity: 4096M(100%)
[98.125s][info][gc,heap     ] GC(71) Soft Max Capacity: 4096M(100%)
[98.125s][info][gc,heap     ] GC(71)                Mark Start          Mark End        Relocate Start      Relocate End           High               Low         
[98.125s][info][gc,heap     ] GC(71)  Capacity:     3714M (91%)        3714M (91%)        3714M (91%)        3714M (91%)        3714M (91%)        3714M (91%)    
[98.125s][info][gc,heap     ] GC(71)      Free:     1138M (28%)        1044M (25%)        3642M (89%)        3900M (95%)        3900M (95%)         954M (23%)    
[98.125s][info][gc,heap     ] GC(71)      Used:     2958M (72%)        3052M (75%)         454M (11%)         196M (5%)         3142M (77%)         196M (5%)     
[98.125s][info][gc,heap     ] GC(71)      Live:         -                 8M (0%)            8M (0%)            8M (0%)             -                  -          
[98.125s][info][gc,heap     ] GC(71) Allocated:         -                94M (2%)          184M (4%)          184M (5%)             -                  -          
[98.125s][info][gc,heap     ] GC(71)   Garbage:         -              2949M (72%)         261M (6%)            2M (0%)             -                  -          
[98.125s][info][gc,heap     ] GC(71) Reclaimed:         -                  -              2688M (66%)        2946M (72%)            -                  -          
[98.125s][info][gc          ] GC(71) Garbage Collection (Allocation Rate) 2958M(72%)->196M(5%)
[99.130s][info][gc,start    ] GC(72) Garbage Collection (Allocation Rate)
[99.130s][info][gc,task     ] GC(72) Using 1 workers
[99.130s][info][gc,phases   ] GC(72) Pause Mark Start 0.013ms
[99.154s][info][gc,phases   ] GC(72) Concurrent Mark 23.783ms
[99.155s][info][gc,phases   ] GC(72) Pause Mark End 0.019ms
[99.155s][info][gc,phases   ] GC(72) Concurrent Mark Free 0.001ms
[99.223s][info][gc,phases   ] GC(72) Concurrent Process Non-Strong References 68.650ms
[99.223s][info][gc,phases   ] GC(72) Concurrent Reset Relocation Set 0.014ms
[99.228s][info][gc,phases   ] GC(72) Concurrent Select Relocation Set 4.069ms
[99.228s][info][gc,phases   ] GC(72) Pause Relocate Start 0.009ms
[99.230s][info][gc,phases   ] GC(72) Concurrent Relocate 2.426ms
[99.230s][info][gc,load     ] GC(72) Load: 0.00/0.00/0.00
[99.230s][info][gc,mmu      ] GC(72) MMU: 2ms/97.7%, 5ms/99.1%, 10ms/99.5%, 20ms/99.8%, 50ms/99.9%, 100ms/99.9%
[99.230s][info][gc,marking  ] GC(72) Mark: 1 stripe(s), 2 proactive flush(es), 1 terminate flush(es), 0 completion(s), 0 continuation(s) 
[99.230s][info][gc,marking  ] GC(72) Mark Stack Usage: 32M
[99.230s][info][gc,nmethod  ] GC(72) NMethods: 2266 registered, 3 unregistered
[99.230s][info][gc,metaspace] GC(72) Metaspace: 13M used, 14M committed, 1088M reserved
[99.230s][info][gc,ref      ] GC(72) Soft: 211 encountered, 0 discovered, 0 enqueued
[99.230s][info][gc,ref      ] GC(72) Weak: 727 encountered, 441 discovered, 0 enqueued
[99.230s][info][gc,ref      ] GC(72) Final: 0 encountered, 0 discovered, 0 enqueued
[99.230s][info][gc,ref      ] GC(72) Phantom: 59 encountered, 46 discovered, 0 enqueued
[99.230s][info][gc,reloc    ] GC(72) Small Pages: 1160 / 2320M, Empty: 2082M, Relocated: 2M, In-Place: 0
[99.230s][info][gc,reloc    ] GC(72) Medium Pages: 0 / 0M, Empty: 0M, Relocated: 0M, In-Place: 0
[99.230s][info][gc,reloc    ] GC(72) Large Pages: 0 / 0M, Empty: 0M, Relocated: 0M, In-Place: 0
[99.230s][info][gc,reloc    ] GC(72) Forwarding Usage: 0M
[99.230s][info][gc,heap     ] GC(72) Min Capacity: 8M(0%)
[99.231s][info][gc,heap     ] GC(72) Max Capacity: 4096M(100%)
[99.231s][info][gc,heap     ] GC(72) Soft Max Capacity: 4096M(100%)
[99.231s][info][gc,heap     ] GC(72)                Mark Start          Mark End        Relocate Start      Relocate End           High               Low         
[99.231s][info][gc,heap     ] GC(72)  Capacity:     3714M (91%)        3714M (91%)        3714M (91%)        3714M (91%)        3714M (91%)        3714M (91%)    
[99.231s][info][gc,heap     ] GC(72)      Free:     1776M (43%)        1682M (41%)        3584M (88%)        3812M (93%)        3812M (93%)        1506M (37%)    
[99.231s][info][gc,heap     ] GC(72)      Used:     2320M (57%)        2414M (59%)         512M (13%)         284M (7%)         2590M (63%)         284M (7%)     
[99.231s][info][gc,heap     ] GC(72)      Live:         -                 9M (0%)            9M (0%)            9M (0%)             -                  -          
[99.231s][info][gc,heap     ] GC(72) Allocated:         -                94M (2%)          274M (7%)          272M (7%)             -                  -          
[99.231s][info][gc,heap     ] GC(72)   Garbage:         -              2310M (56%)         228M (6%)            2M (0%)             -                  -          
[99.231s][info][gc,heap     ] GC(72) Reclaimed:         -                  -              2082M (51%)        2308M (56%)            -                  -          
[99.231s][info][gc          ] GC(72) Garbage Collection (Allocation Rate) 2320M(57%)->284M(7%)
[100.130s][info][gc,stats    ] === Garbage Collection Statistics =======================================================================================================================
[100.130s][info][gc,stats    ]                                                              Last 10s              Last 10m              Last 10h                Total
[100.130s][info][gc,stats    ]                                                              Avg / Max             Avg / Max             Avg / Max             Avg / Max
[100.130s][info][gc,stats    ]   Collector: Garbage Collection Cycle                     62.534 / 105.301      72.409 / 587.803      72.409 / 587.803      72.409 / 587.803     ms
[100.130s][info][gc,stats    ]  Contention: Mark Segment Reset Contention                     2 / 9                 2 / 26                2 / 26                2 / 26          ops/s
[100.130s][info][gc,stats    ]  Contention: Mark SeqNum Reset Contention                      0 / 1                 0 / 3                 0 / 3                 0 / 3           ops/s
[100.130s][info][gc,stats    ]    Critical: Allocation Stall                                  0 / 0                 0 / 0                 0 / 0                 0 / 0           ops/s
[100.130s][info][gc,stats    ]    Critical: Allocation Stall                              0.000 / 0.000         0.000 / 0.000         0.000 / 0.000         0.000 / 0.000       ms
[100.130s][info][gc,stats    ]    Critical: GC Locker Stall                                   0 / 0                 0 / 0                 0 / 0                 0 / 0           ops/s
[100.130s][info][gc,stats    ]    Critical: GC Locker Stall                               0.000 / 0.000         0.000 / 0.000         0.000 / 0.000         0.000 / 0.000       ms
[100.130s][info][gc,stats    ]    Critical: Relocation Stall                                  0 / 0                 0 / 0                 0 / 0                 0 / 0           ops/s
[100.130s][info][gc,stats    ]    Critical: Relocation Stall                              0.000 / 0.000         0.000 / 0.000         0.000 / 0.000         0.000 / 0.000       ms
[100.130s][info][gc,stats    ]      Memory: Allocation Rate                                1894 / 2124           1938 / 2208           1938 / 2208           1938 / 2208        MB/s
[100.130s][info][gc,stats    ]      Memory: Defragment                                        0 / 0                 0 / 0                 0 / 0                 0 / 0           ops/s
[100.130s][info][gc,stats    ]      Memory: Out Of Memory                                     0 / 0                 0 / 0                 0 / 0                 0 / 0           ops/s
[100.130s][info][gc,stats    ]      Memory: Page Cache Flush                                  0 / 0                 0 / 0                 0 / 0                 0 / 0           MB/s
[100.130s][info][gc,stats    ]      Memory: Page Cache Hit L1                               952 / 1062            955 / 1107            955 / 1107            955 / 1107        ops/s
[100.130s][info][gc,stats    ]      Memory: Page Cache Hit L2                                 0 / 0                 0 / 0                 0 / 0                 0 / 0           ops/s
[100.130s][info][gc,stats    ]      Memory: Page Cache Hit L3                                 0 / 0                10 / 448              10 / 448              10 / 448         ops/s
[100.130s][info][gc,stats    ]      Memory: Page Cache Miss                                   0 / 0                 8 / 471               8 / 471               8 / 471         ops/s
[100.130s][info][gc,stats    ]      Memory: Uncommit                                          0 / 0                 0 / 0                 0 / 0                 0 / 0           MB/s
[100.130s][info][gc,stats    ]      Memory: Undo Object Allocation Failed                     0 / 2                 0 / 5                 0 / 5                 0 / 5           ops/s
[100.130s][info][gc,stats    ]      Memory: Undo Object Allocation Succeeded                 23 / 53               21 / 124              21 / 124              21 / 124         ops/s
[100.130s][info][gc,stats    ]      Memory: Undo Page Allocation                              0 / 2                 1 / 23                1 / 23                1 / 23          ops/s
[100.130s][info][gc,stats    ]       Phase: Concurrent Mark                              14.271 / 28.468       27.325 / 549.801      27.325 / 549.801      27.325 / 549.801     ms
[100.130s][info][gc,stats    ]       Phase: Concurrent Mark Continue                      0.000 / 0.000         0.000 / 0.000         0.000 / 0.000         0.000 / 0.000       ms
[100.130s][info][gc,stats    ]       Phase: Concurrent Mark Free                          0.001 / 0.002         0.001 / 0.007         0.001 / 0.007         0.001 / 0.007       ms
[100.131s][info][gc,stats    ]       Phase: Concurrent Process Non-Strong References     31.254 / 68.650       28.779 / 71.807       28.779 / 71.807       28.779 / 71.807      ms
[100.131s][info][gc,stats    ]       Phase: Concurrent Relocate                           1.928 / 5.447         2.704 / 6.016         2.704 / 6.016         2.704 / 6.016       ms
[100.131s][info][gc,stats    ]       Phase: Concurrent Reset Relocation Set               0.013 / 0.018         0.014 / 0.022         0.014 / 0.022         0.014 / 0.022       ms
[100.131s][info][gc,stats    ]       Phase: Concurrent Select Relocation Set              4.000 / 4.989         5.225 / 22.887        5.225 / 22.887        5.225 / 22.887      ms
[100.131s][info][gc,stats    ]       Phase: Pause Mark End                                0.019 / 0.027         0.019 / 0.046         0.019 / 0.046         0.019 / 0.046       ms
[100.131s][info][gc,stats    ]       Phase: Pause Mark Start                              0.013 / 0.018         0.013 / 0.021         0.013 / 0.021         0.013 / 0.021       ms
[100.131s][info][gc,stats    ]       Phase: Pause Relocate Start                          0.008 / 0.010         0.008 / 0.019         0.008 / 0.019         0.008 / 0.019       ms
[100.131s][info][gc,stats    ]    Subphase: Concurrent Classes Purge                      0.010 / 0.044         0.072 / 3.013         0.072 / 3.013         0.072 / 3.013       ms
[100.131s][info][gc,stats    ]    Subphase: Concurrent Classes Unlink                     2.659 / 6.110         3.095 / 7.490         3.095 / 7.490         3.095 / 7.490       ms
[100.131s][info][gc,stats    ]    Subphase: Concurrent Mark                               7.820 / 27.386       10.220 / 109.674      10.220 / 109.674      10.220 / 109.674     ms
[100.131s][info][gc,stats    ]    Subphase: Concurrent Mark Try Flush                     0.098 / 0.245         0.957 / 80.074        0.957 / 80.074        0.957 / 80.074      ms
[100.131s][info][gc,stats    ]    Subphase: Concurrent Mark Try Terminate                 2.486 / 11.573        2.369 / 15.651        2.369 / 15.651        2.369 / 15.651      ms
[100.131s][info][gc,stats    ]    Subphase: Concurrent References Enqueue                 0.001 / 0.004         0.001 / 0.007         0.001 / 0.007         0.001 / 0.007       ms
[100.131s][info][gc,stats    ]    Subphase: Concurrent References Process                 0.100 / 0.178         0.096 / 0.194         0.096 / 0.194         0.096 / 0.194       ms
[100.131s][info][gc,stats    ]    Subphase: Concurrent Roots ClassLoaderDataGraph         0.082 / 0.493         0.088 / 0.923         0.088 / 0.923         0.088 / 0.923       ms
[100.131s][info][gc,stats    ]    Subphase: Concurrent Roots CodeCache                    0.000 / 0.000         0.000 / 0.000         0.000 / 0.000         0.000 / 0.000       ms
[100.131s][info][gc,stats    ]    Subphase: Concurrent Roots JavaThreads                  0.201 / 1.011         1.589 / 473.279       1.589 / 473.279       1.589 / 473.279     ms
[100.131s][info][gc,stats    ]    Subphase: Concurrent Roots OopStorageSet                0.049 / 0.276         0.097 / 1.317         0.097 / 1.317         0.097 / 1.317       ms
[100.131s][info][gc,stats    ]    Subphase: Concurrent Weak Roots OopStorageSet          10.698 / 62.733        8.008 / 65.823        8.008 / 65.823        8.008 / 65.823      ms
[100.131s][info][gc,stats    ]    Subphase: Pause Mark Try Complete                       0.000 / 0.000         0.005 / 0.007         0.005 / 0.007         0.005 / 0.007       ms
[100.131s][info][gc,stats    ]      System: Java Threads                                     49 / 61               53 / 73               53 / 73               53 / 73          threads
[100.131s][info][gc,stats    ] =========================================================================================================================================================
[100.729s][info][gc,start    ] GC(73) Garbage Collection (Allocation Rate)
[100.730s][info][gc,task     ] GC(73) Using 1 workers
[100.730s][info][gc,phases   ] GC(73) Pause Mark Start 0.011ms
[100.753s][info][gc,phases   ] GC(73) Concurrent Mark 23.037ms
[100.756s][info][gc,phases   ] GC(73) Pause Mark End 0.017ms
[100.756s][info][gc,phases   ] GC(73) Concurrent Mark Free 0.001ms
[100.811s][info][gc,phases   ] GC(73) Concurrent Process Non-Strong References 55.501ms
[100.811s][info][gc,phases   ] GC(73) Concurrent Reset Relocation Set 0.013ms
[100.816s][info][gc,phases   ] GC(73) Concurrent Select Relocation Set 4.043ms
[100.816s][info][gc,phases   ] GC(73) Pause Relocate Start 0.007ms
[100.818s][info][gc,phases   ] GC(73) Concurrent Relocate 2.527ms
[100.818s][info][gc,load     ] GC(73) Load: 0.00/0.00/0.00
[100.818s][info][gc,mmu      ] GC(73) MMU: 2ms/97.7%, 5ms/99.1%, 10ms/99.5%, 20ms/99.8%, 50ms/99.9%, 100ms/99.9%
[100.818s][info][gc,marking  ] GC(73) Mark: 1 stripe(s), 2 proactive flush(es), 1 terminate flush(es), 0 completion(s), 0 continuation(s) 
[100.818s][info][gc,marking  ] GC(73) Mark Stack Usage: 32M
[100.818s][info][gc,nmethod  ] GC(73) NMethods: 2266 registered, 3 unregistered
[100.818s][info][gc,metaspace] GC(73) Metaspace: 13M used, 14M committed, 1088M reserved
[100.818s][info][gc,ref      ] GC(73) Soft: 211 encountered, 0 discovered, 0 enqueued
[100.818s][info][gc,ref      ] GC(73) Weak: 727 encountered, 441 discovered, 0 enqueued
[100.818s][info][gc,ref      ] GC(73) Final: 0 encountered, 0 discovered, 0 enqueued
[100.819s][info][gc,ref      ] GC(73) Phantom: 59 encountered, 46 discovered, 0 enqueued
[100.819s][info][gc,reloc    ] GC(73) Small Pages: 1622 / 3244M, Empty: 2966M, Relocated: 3M, In-Place: 0
[100.819s][info][gc,reloc    ] GC(73) Medium Pages: 0 / 0M, Empty: 0M, Relocated: 0M, In-Place: 0
[100.819s][info][gc,reloc    ] GC(73) Large Pages: 0 / 0M, Empty: 0M, Relocated: 0M, In-Place: 0
[100.819s][info][gc,reloc    ] GC(73) Forwarding Usage: 0M
[100.819s][info][gc,heap     ] GC(73) Min Capacity: 8M(0%)
[100.819s][info][gc,heap     ] GC(73) Max Capacity: 4096M(100%)
[100.819s][info][gc,heap     ] GC(73) Soft Max Capacity: 4096M(100%)
[100.819s][info][gc,heap     ] GC(73)                Mark Start          Mark End        Relocate Start      Relocate End           High               Low         
[100.819s][info][gc,heap     ] GC(73)  Capacity:     3714M (91%)        3714M (91%)        3714M (91%)        3714M (91%)        3714M (91%)        3714M (91%)    
[100.819s][info][gc,heap     ] GC(73)      Free:      852M (21%)         758M (19%)        3630M (89%)        3886M (95%)        3886M (95%)         666M (16%)    
[100.819s][info][gc,heap     ] GC(73)      Used:     3244M (79%)        3338M (81%)         466M (11%)         210M (5%)         3430M (84%)         210M (5%)     
[100.819s][info][gc,heap     ] GC(73)      Live:         -                 9M (0%)            9M (0%)            9M (0%)             -                  -          
[100.819s][info][gc,heap     ] GC(73) Allocated:         -                94M (2%)          188M (5%)          198M (5%)             -                  -          
[100.819s][info][gc,heap     ] GC(73)   Garbage:         -              3234M (79%)         268M (7%)            2M (0%)             -                  -          
[100.819s][info][gc,heap     ] GC(73) Reclaimed:         -                  -              2966M (72%)        3232M (79%)            -                  -          
[100.819s][info][gc          ] GC(73) Garbage Collection (Allocation Rate) 3244M(79%)->210M(5%)
[102.430s][info][gc,start    ] GC(74) Garbage Collection (Allocation Rate)
[102.430s][info][gc,task     ] GC(74) Using 1 workers
[102.431s][info][gc,phases   ] GC(74) Pause Mark Start 0.011ms
[102.452s][info][gc,phases   ] GC(74) Concurrent Mark 21.358ms
[102.452s][info][gc,phases   ] GC(74) Pause Mark End 0.018ms
[102.452s][info][gc,phases   ] GC(74) Concurrent Mark Free 0.005ms
[102.517s][info][gc,phases   ] GC(74) Concurrent Process Non-Strong References 64.906ms
[102.517s][info][gc,phases   ] GC(74) Concurrent Reset Relocation Set 0.020ms
[102.522s][info][gc,phases   ] GC(74) Concurrent Select Relocation Set 4.713ms
[102.522s][info][gc,phases   ] GC(74) Pause Relocate Start 0.008ms
[102.527s][info][gc,phases   ] GC(74) Concurrent Relocate 4.542ms
[102.527s][info][gc,load     ] GC(74) Load: 0.00/0.00/0.00
[102.527s][info][gc,mmu      ] GC(74) MMU: 2ms/97.7%, 5ms/99.1%, 10ms/99.5%, 20ms/99.8%, 50ms/99.9%, 100ms/99.9%
[102.527s][info][gc,marking  ] GC(74) Mark: 1 stripe(s), 2 proactive flush(es), 1 terminate flush(es), 0 completion(s), 0 continuation(s) 
[102.527s][info][gc,marking  ] GC(74) Mark Stack Usage: 32M
[102.527s][info][gc,nmethod  ] GC(74) NMethods: 2266 registered, 3 unregistered
[102.527s][info][gc,metaspace] GC(74) Metaspace: 13M used, 14M committed, 1088M reserved
[102.527s][info][gc,ref      ] GC(74) Soft: 211 encountered, 0 discovered, 0 enqueued
[102.527s][info][gc,ref      ] GC(74) Weak: 727 encountered, 441 discovered, 0 enqueued
[102.527s][info][gc,ref      ] GC(74) Final: 0 encountered, 0 discovered, 0 enqueued
[102.527s][info][gc,ref      ] GC(74) Phantom: 59 encountered, 46 discovered, 0 enqueued
[102.527s][info][gc,reloc    ] GC(74) Small Pages: 1703 / 3406M, Empty: 3132M, Relocated: 3M, In-Place: 0
[102.527s][info][gc,reloc    ] GC(74) Medium Pages: 0 / 0M, Empty: 0M, Relocated: 0M, In-Place: 0
[102.527s][info][gc,reloc    ] GC(74) Large Pages: 0 / 0M, Empty: 0M, Relocated: 0M, In-Place: 0
[102.527s][info][gc,reloc    ] GC(74) Forwarding Usage: 0M
[102.527s][info][gc,heap     ] GC(74) Min Capacity: 8M(0%)
[102.527s][info][gc,heap     ] GC(74) Max Capacity: 4096M(100%)
[102.527s][info][gc,heap     ] GC(74) Soft Max Capacity: 4096M(100%)
[102.527s][info][gc,heap     ] GC(74)                Mark Start          Mark End        Relocate Start      Relocate End           High               Low         
[102.527s][info][gc,heap     ] GC(74)  Capacity:     3714M (91%)        3714M (91%)        3714M (91%)        3714M (91%)        3714M (91%)        3714M (91%)    
[102.527s][info][gc,heap     ] GC(74)      Free:      690M (17%)         596M (15%)        3594M (88%)        3834M (94%)        3834M (94%)         488M (12%)    
[102.527s][info][gc,heap     ] GC(74)      Used:     3406M (83%)        3500M (85%)         502M (12%)         262M (6%)         3608M (88%)         262M (6%)     
[102.527s][info][gc,heap     ] GC(74)      Live:         -                 9M (0%)            9M (0%)            9M (0%)             -                  -          
[102.527s][info][gc,heap     ] GC(74) Allocated:         -                94M (2%)          228M (6%)          250M (6%)             -                  -          
[102.527s][info][gc,heap     ] GC(74)   Garbage:         -              3396M (83%)         264M (6%)            1M (0%)             -                  -          
[102.527s][info][gc,heap     ] GC(74) Reclaimed:         -                  -              3132M (76%)        3394M (83%)            -                  -          
[102.527s][info][gc          ] GC(74) Garbage Collection (Allocation Rate) 3406M(83%)->262M(6%)
[103.831s][info][gc,start    ] GC(75) Garbage Collection (Proactive)
[103.831s][info][gc,task     ] GC(75) Using 12 workers
[103.831s][info][gc,phases   ] GC(75) Pause Mark Start 0.012ms
[103.838s][info][gc,phases   ] GC(75) Concurrent Mark 6.528ms
[103.838s][info][gc,phases   ] GC(75) Pause Mark End 0.017ms
[103.838s][info][gc,phases   ] GC(75) Concurrent Mark Free 0.001ms
[103.843s][info][gc,phases   ] GC(75) Concurrent Process Non-Strong References 5.232ms
[103.843s][info][gc,phases   ] GC(75) Concurrent Reset Relocation Set 0.017ms
[103.848s][info][gc,phases   ] GC(75) Concurrent Select Relocation Set 5.278ms
[103.849s][info][gc,phases   ] GC(75) Pause Relocate Start 0.006ms
[103.849s][info][gc,phases   ] GC(75) Concurrent Relocate 0.377ms
[103.849s][info][gc,load     ] GC(75) Load: 0.00/0.00/0.00
[103.849s][info][gc,mmu      ] GC(75) MMU: 2ms/97.7%, 5ms/99.1%, 10ms/99.5%, 20ms/99.8%, 50ms/99.9%, 100ms/99.9%
[103.849s][info][gc,marking  ] GC(75) Mark: 8 stripe(s), 4 proactive flush(es), 1 terminate flush(es), 0 completion(s), 0 continuation(s) 
[103.849s][info][gc,marking  ] GC(75) Mark Stack Usage: 32M
[103.849s][info][gc,nmethod  ] GC(75) NMethods: 2266 registered, 3 unregistered
[103.849s][info][gc,metaspace] GC(75) Metaspace: 13M used, 14M committed, 1088M reserved
[103.849s][info][gc,ref      ] GC(75) Soft: 211 encountered, 0 discovered, 0 enqueued
[103.849s][info][gc,ref      ] GC(75) Weak: 727 encountered, 192 discovered, 0 enqueued
[103.849s][info][gc,ref      ] GC(75) Final: 0 encountered, 0 discovered, 0 enqueued
[103.849s][info][gc,ref      ] GC(75) Phantom: 59 encountered, 37 discovered, 0 enqueued
[103.849s][info][gc,reloc    ] GC(75) Small Pages: 1471 / 2942M, Empty: 2690M, Relocated: 1M, In-Place: 0
[103.849s][info][gc,reloc    ] GC(75) Medium Pages: 0 / 0M, Empty: 0M, Relocated: 0M, In-Place: 0
[103.849s][info][gc,reloc    ] GC(75) Large Pages: 0 / 0M, Empty: 0M, Relocated: 0M, In-Place: 0
[103.849s][info][gc,reloc    ] GC(75) Forwarding Usage: 0M
[103.849s][info][gc,heap     ] GC(75) Min Capacity: 8M(0%)
[103.849s][info][gc,heap     ] GC(75) Max Capacity: 4096M(100%)
[103.849s][info][gc,heap     ] GC(75) Soft Max Capacity: 4096M(100%)
[103.849s][info][gc,heap     ] GC(75)                Mark Start          Mark End        Relocate Start      Relocate End           High               Low         
[103.849s][info][gc,heap     ] GC(75)  Capacity:     3714M (91%)        3714M (91%)        3714M (91%)        3714M (91%)        3714M (91%)        3714M (91%)    
[103.849s][info][gc,heap     ] GC(75)      Free:     1154M (28%)        1060M (26%)        3748M (92%)        3962M (97%)        3962M (97%)        1058M (26%)    
[103.849s][info][gc,heap     ] GC(75)      Used:     2942M (72%)        3036M (74%)         348M (8%)          134M (3%)         3038M (74%)         134M (3%)     
[103.849s][info][gc,heap     ] GC(75)      Live:         -                 9M (0%)            9M (0%)            9M (0%)             -                  -          
[103.850s][info][gc,heap     ] GC(75) Allocated:         -                94M (2%)           96M (2%)           96M (2%)             -                  -          
[103.850s][info][gc,heap     ] GC(75)   Garbage:         -              2932M (72%)         242M (6%)           27M (1%)             -                  -          
[103.850s][info][gc,heap     ] GC(75) Reclaimed:         -                  -              2690M (66%)        2904M (71%)            -                  -          
[103.850s][info][gc          ] GC(75) Garbage Collection (Proactive) 2942M(72%)->134M(3%)
[105.231s][info][gc,start    ] GC(76) Garbage Collection (Proactive)
[105.231s][info][gc,task     ] GC(76) Using 12 workers
[105.231s][info][gc,phases   ] GC(76) Pause Mark Start 0.013ms
[105.237s][info][gc,phases   ] GC(76) Concurrent Mark 5.599ms
[105.237s][info][gc,phases   ] GC(76) Pause Mark End 0.022ms
[105.237s][info][gc,phases   ] GC(76) Concurrent Mark Free 0.001ms
[105.244s][info][gc,phases   ] GC(76) Concurrent Process Non-Strong References 6.913ms
[105.244s][info][gc,phases   ] GC(76) Concurrent Reset Relocation Set 0.016ms
[105.249s][info][gc,phases   ] GC(76) Concurrent Select Relocation Set 4.768ms
[105.249s][info][gc,phases   ] GC(76) Pause Relocate Start 0.011ms
[105.249s][info][gc,phases   ] GC(76) Concurrent Relocate 0.396ms
[105.249s][info][gc,load     ] GC(76) Load: 0.00/0.00/0.00
[105.249s][info][gc,mmu      ] GC(76) MMU: 2ms/97.7%, 5ms/99.1%, 10ms/99.5%, 20ms/99.8%, 50ms/99.9%, 100ms/99.9%
[105.249s][info][gc,marking  ] GC(76) Mark: 8 stripe(s), 2 proactive flush(es), 1 terminate flush(es), 0 completion(s), 0 continuation(s) 
[105.249s][info][gc,marking  ] GC(76) Mark Stack Usage: 32M
[105.249s][info][gc,nmethod  ] GC(76) NMethods: 2266 registered, 6 unregistered
[105.249s][info][gc,metaspace] GC(76) Metaspace: 13M used, 14M committed, 1088M reserved
[105.249s][info][gc,ref      ] GC(76) Soft: 211 encountered, 0 discovered, 0 enqueued
[105.249s][info][gc,ref      ] GC(76) Weak: 727 encountered, 172 discovered, 0 enqueued
[105.249s][info][gc,ref      ] GC(76) Final: 0 encountered, 0 discovered, 0 enqueued
[105.249s][info][gc,ref      ] GC(76) Phantom: 59 encountered, 33 discovered, 0 enqueued
[105.249s][info][gc,reloc    ] GC(76) Small Pages: 1394 / 2788M, Empty: 2502M, Relocated: 1M, In-Place: 0
[105.249s][info][gc,reloc    ] GC(76) Medium Pages: 0 / 0M, Empty: 0M, Relocated: 0M, In-Place: 0
[105.249s][info][gc,reloc    ] GC(76) Large Pages: 0 / 0M, Empty: 0M, Relocated: 0M, In-Place: 0
[105.249s][info][gc,reloc    ] GC(76) Forwarding Usage: 0M
[105.249s][info][gc,heap     ] GC(76) Min Capacity: 8M(0%)
[105.249s][info][gc,heap     ] GC(76) Max Capacity: 4096M(100%)
[105.249s][info][gc,heap     ] GC(76) Soft Max Capacity: 4096M(100%)
[105.250s][info][gc,heap     ] GC(76)                Mark Start          Mark End        Relocate Start      Relocate End           High               Low         
[105.250s][info][gc,heap     ] GC(76)  Capacity:     3714M (91%)        3714M (91%)        3714M (91%)        3714M (91%)        3714M (91%)        3714M (91%)    
[105.250s][info][gc,heap     ] GC(76)      Free:     1308M (32%)        1216M (30%)        3714M (91%)        3966M (97%)        3966M (97%)        1212M (30%)    
[105.250s][info][gc,heap     ] GC(76)      Used:     2788M (68%)        2880M (70%)         382M (9%)          130M (3%)         2884M (70%)         130M (3%)     
[105.250s][info][gc,heap     ] GC(76)      Live:         -                10M (0%)           10M (0%)           10M (0%)             -                  -          
[105.250s][info][gc,heap     ] GC(76) Allocated:         -                92M (2%)           96M (2%)           94M (2%)             -                  -          
[105.250s][info][gc,heap     ] GC(76)   Garbage:         -              2777M (68%)         275M (7%)           25M (1%)             -                  -          
[105.250s][info][gc,heap     ] GC(76) Reclaimed:         -                  -              2502M (61%)        2752M (67%)            -                  -          
[105.250s][info][gc          ] GC(76) Garbage Collection (Proactive) 2788M(68%)->130M(3%)
[106.530s][info][gc,start    ] GC(77) Garbage Collection (Proactive)
[106.530s][info][gc,task     ] GC(77) Using 12 workers
[106.530s][info][gc,phases   ] GC(77) Pause Mark Start 0.011ms
[106.536s][info][gc,phases   ] GC(77) Concurrent Mark 5.651ms
[106.536s][info][gc,phases   ] GC(77) Pause Mark End 0.017ms
[106.536s][info][gc,phases   ] GC(77) Concurrent Mark Free 0.001ms
[106.543s][info][gc,phases   ] GC(77) Concurrent Process Non-Strong References 6.266ms
[106.543s][info][gc,phases   ] GC(77) Concurrent Reset Relocation Set 0.016ms
[106.548s][info][gc,phases   ] GC(77) Concurrent Select Relocation Set 4.964ms
[106.548s][info][gc,phases   ] GC(77) Pause Relocate Start 0.006ms
[106.548s][info][gc,phases   ] GC(77) Concurrent Relocate 0.292ms
[106.548s][info][gc,load     ] GC(77) Load: 0.00/0.00/0.00
[106.548s][info][gc,mmu      ] GC(77) MMU: 2ms/97.7%, 5ms/99.1%, 10ms/99.5%, 20ms/99.8%, 50ms/99.9%, 100ms/99.9%
[106.548s][info][gc,marking  ] GC(77) Mark: 8 stripe(s), 3 proactive flush(es), 1 terminate flush(es), 0 completion(s), 0 continuation(s) 
[106.548s][info][gc,marking  ] GC(77) Mark Stack Usage: 32M
[106.548s][info][gc,nmethod  ] GC(77) NMethods: 2266 registered, 6 unregistered
[106.548s][info][gc,metaspace] GC(77) Metaspace: 13M used, 14M committed, 1088M reserved
[106.548s][info][gc,ref      ] GC(77) Soft: 211 encountered, 0 discovered, 0 enqueued
[106.548s][info][gc,ref      ] GC(77) Weak: 727 encountered, 140 discovered, 0 enqueued
[106.548s][info][gc,ref      ] GC(77) Final: 0 encountered, 0 discovered, 0 enqueued
[106.548s][info][gc,ref      ] GC(77) Phantom: 59 encountered, 32 discovered, 0 enqueued
[106.548s][info][gc,reloc    ] GC(77) Small Pages: 1346 / 2692M, Empty: 2416M, Relocated: 2M, In-Place: 0
[106.548s][info][gc,reloc    ] GC(77) Medium Pages: 0 / 0M, Empty: 0M, Relocated: 0M, In-Place: 0
[106.548s][info][gc,reloc    ] GC(77) Large Pages: 0 / 0M, Empty: 0M, Relocated: 0M, In-Place: 0
[106.548s][info][gc,reloc    ] GC(77) Forwarding Usage: 0M
[106.548s][info][gc,heap     ] GC(77) Min Capacity: 8M(0%)
[106.548s][info][gc,heap     ] GC(77) Max Capacity: 4096M(100%)
[106.548s][info][gc,heap     ] GC(77) Soft Max Capacity: 4096M(100%)
[106.548s][info][gc,heap     ] GC(77)                Mark Start          Mark End        Relocate Start      Relocate End           High               Low         
[106.548s][info][gc,heap     ] GC(77)  Capacity:     3714M (91%)        3714M (91%)        3714M (91%)        3714M (91%)        3714M (91%)        3714M (91%)    
[106.548s][info][gc,heap     ] GC(77)      Free:     1404M (34%)        1314M (32%)        3726M (91%)        3966M (97%)        3966M (97%)        1310M (32%)    
[106.548s][info][gc,heap     ] GC(77)      Used:     2692M (66%)        2782M (68%)         370M (9%)          130M (3%)         2786M (68%)         130M (3%)     
[106.548s][info][gc,heap     ] GC(77)      Live:         -                10M (0%)           10M (0%)           10M (0%)             -                  -          
[106.549s][info][gc,heap     ] GC(77) Allocated:         -                90M (2%)           94M (2%)           94M (2%)             -                  -          
[106.549s][info][gc,heap     ] GC(77)   Garbage:         -              2681M (65%)         265M (6%)           25M (1%)             -                  -          
[106.549s][info][gc,heap     ] GC(77) Reclaimed:         -                  -              2416M (59%)        2656M (65%)            -                  -          
[106.549s][info][gc          ] GC(77) Garbage Collection (Proactive) 2692M(66%)->130M(3%)
[107.630s][info][gc,start    ] GC(78) Garbage Collection (Proactive)
[107.630s][info][gc,task     ] GC(78) Using 12 workers
[107.630s][info][gc,phases   ] GC(78) Pause Mark Start 0.011ms
[107.635s][info][gc,phases   ] GC(78) Concurrent Mark 4.641ms
[107.635s][info][gc,phases   ] GC(78) Pause Mark End 0.017ms
[107.635s][info][gc,phases   ] GC(78) Concurrent Mark Free 0.001ms
[107.642s][info][gc,phases   ] GC(78) Concurrent Process Non-Strong References 6.409ms
[107.642s][info][gc,phases   ] GC(78) Concurrent Reset Relocation Set 0.013ms
[107.645s][info][gc,phases   ] GC(78) Concurrent Select Relocation Set 3.505ms
[107.646s][info][gc,phases   ] GC(78) Pause Relocate Start 0.006ms
[107.646s][info][gc,phases   ] GC(78) Concurrent Relocate 0.472ms
[107.646s][info][gc,load     ] GC(78) Load: 0.00/0.00/0.00
[107.646s][info][gc,mmu      ] GC(78) MMU: 2ms/97.7%, 5ms/99.1%, 10ms/99.5%, 20ms/99.8%, 50ms/99.9%, 100ms/99.9%
[107.646s][info][gc,marking  ] GC(78) Mark: 8 stripe(s), 2 proactive flush(es), 1 terminate flush(es), 0 completion(s), 0 continuation(s) 
[107.646s][info][gc,marking  ] GC(78) Mark Stack Usage: 32M
[107.646s][info][gc,nmethod  ] GC(78) NMethods: 2266 registered, 6 unregistered
[107.646s][info][gc,metaspace] GC(78) Metaspace: 13M used, 14M committed, 1088M reserved
[107.646s][info][gc,ref      ] GC(78) Soft: 211 encountered, 0 discovered, 0 enqueued
[107.646s][info][gc,ref      ] GC(78) Weak: 727 encountered, 120 discovered, 0 enqueued
[107.646s][info][gc,ref      ] GC(78) Final: 0 encountered, 0 discovered, 0 enqueued
[107.646s][info][gc,ref      ] GC(78) Phantom: 59 encountered, 36 discovered, 0 enqueued
[107.646s][info][gc,reloc    ] GC(78) Small Pages: 1183 / 2366M, Empty: 2098M, Relocated: 2M, In-Place: 0
[107.646s][info][gc,reloc    ] GC(78) Medium Pages: 0 / 0M, Empty: 0M, Relocated: 0M, In-Place: 0
[107.646s][info][gc,reloc    ] GC(78) Large Pages: 0 / 0M, Empty: 0M, Relocated: 0M, In-Place: 0
[107.646s][info][gc,reloc    ] GC(78) Forwarding Usage: 0M
[107.646s][info][gc,heap     ] GC(78) Min Capacity: 8M(0%)
[107.646s][info][gc,heap     ] GC(78) Max Capacity: 4096M(100%)
[107.646s][info][gc,heap     ] GC(78) Soft Max Capacity: 4096M(100%)
[107.646s][info][gc,heap     ] GC(78)                Mark Start          Mark End        Relocate Start      Relocate End           High               Low         
[107.646s][info][gc,heap     ] GC(78)  Capacity:     3714M (91%)        3714M (91%)        3714M (91%)        3714M (91%)        3714M (91%)        3714M (91%)    
[107.647s][info][gc,heap     ] GC(78)      Free:     1730M (42%)        1650M (40%)        3736M (91%)        3966M (97%)        3966M (97%)        1640M (40%)    
[107.647s][info][gc,heap     ] GC(78)      Used:     2366M (58%)        2446M (60%)         360M (9%)          130M (3%)         2456M (60%)         130M (3%)     
[107.647s][info][gc,heap     ] GC(78)      Live:         -                10M (0%)           10M (0%)           10M (0%)             -                  -          
[107.647s][info][gc,heap     ] GC(78) Allocated:         -                80M (2%)           92M (2%)           94M (2%)             -                  -          
[107.647s][info][gc,heap     ] GC(78)   Garbage:         -              2355M (58%)         257M (6%)           25M (1%)             -                  -          
[107.647s][info][gc,heap     ] GC(78) Reclaimed:         -                  -              2098M (51%)        2330M (57%)            -                  -          
[107.647s][info][gc          ] GC(78) Garbage Collection (Proactive) 2366M(58%)->130M(3%)
[108.730s][info][gc,start    ] GC(79) Garbage Collection (Proactive)
[108.731s][info][gc,task     ] GC(79) Using 12 workers
[108.731s][info][gc,phases   ] GC(79) Pause Mark Start 0.011ms
[108.735s][info][gc,phases   ] GC(79) Concurrent Mark 4.676ms
[108.736s][info][gc,phases   ] GC(79) Pause Mark End 0.015ms
[108.736s][info][gc,phases   ] GC(79) Concurrent Mark Free 0.001ms
[108.742s][info][gc,phases   ] GC(79) Concurrent Process Non-Strong References 6.156ms
[108.742s][info][gc,phases   ] GC(79) Concurrent Reset Relocation Set 0.018ms
[108.744s][info][gc,phases   ] GC(79) Concurrent Select Relocation Set 2.609ms
[108.745s][info][gc,phases   ] GC(79) Pause Relocate Start 0.006ms
[108.745s][info][gc,phases   ] GC(79) Concurrent Relocate 0.175ms
[108.745s][info][gc,load     ] GC(79) Load: 0.00/0.00/0.00
[108.745s][info][gc,mmu      ] GC(79) MMU: 2ms/97.7%, 5ms/99.1%, 10ms/99.5%, 20ms/99.8%, 50ms/99.9%, 100ms/99.9%
[108.745s][info][gc,marking  ] GC(79) Mark: 8 stripe(s), 2 proactive flush(es), 1 terminate flush(es), 0 completion(s), 0 continuation(s) 
[108.745s][info][gc,marking  ] GC(79) Mark Stack Usage: 32M
[108.745s][info][gc,nmethod  ] GC(79) NMethods: 2266 registered, 6 unregistered
[108.745s][info][gc,metaspace] GC(79) Metaspace: 13M used, 14M committed, 1088M reserved
[108.745s][info][gc,ref      ] GC(79) Soft: 211 encountered, 0 discovered, 0 enqueued
[108.745s][info][gc,ref      ] GC(79) Weak: 651 encountered, 124 discovered, 0 enqueued
[108.745s][info][gc,ref      ] GC(79) Final: 0 encountered, 0 discovered, 0 enqueued
[108.745s][info][gc,ref      ] GC(79) Phantom: 59 encountered, 37 discovered, 0 enqueued
[108.745s][info][gc,reloc    ] GC(79) Small Pages: 1118 / 2236M, Empty: 2044M, Relocated: 1M, In-Place: 0
[108.745s][info][gc,reloc    ] GC(79) Medium Pages: 0 / 0M, Empty: 0M, Relocated: 0M, In-Place: 0
[108.745s][info][gc,reloc    ] GC(79) Large Pages: 0 / 0M, Empty: 0M, Relocated: 0M, In-Place: 0
[108.745s][info][gc,reloc    ] GC(79) Forwarding Usage: 0M
[108.745s][info][gc,heap     ] GC(79) Min Capacity: 8M(0%)
[108.745s][info][gc,heap     ] GC(79) Max Capacity: 4096M(100%)
[108.745s][info][gc,heap     ] GC(79) Soft Max Capacity: 4096M(100%)
[108.745s][info][gc,heap     ] GC(79)                Mark Start          Mark End        Relocate Start      Relocate End           High               Low         
[108.745s][info][gc,heap     ] GC(79)  Capacity:     3714M (91%)        3714M (91%)        3714M (91%)        3714M (91%)        3714M (91%)        3714M (91%)    
[108.745s][info][gc,heap     ] GC(79)      Free:     1860M (45%)        1838M (45%)        3862M (94%)        4020M (98%)        4020M (98%)        1820M (44%)    
[108.745s][info][gc,heap     ] GC(79)      Used:     2236M (55%)        2258M (55%)         234M (6%)           76M (2%)         2276M (56%)          76M (2%)     
[108.745s][info][gc,heap     ] GC(79)      Live:         -                 8M (0%)            8M (0%)            8M (0%)             -                  -          
[108.745s][info][gc,heap     ] GC(79) Allocated:         -                22M (1%)           42M (1%)           41M (1%)             -                  -          
[108.745s][info][gc,heap     ] GC(79)   Garbage:         -              2227M (54%)         183M (4%)           25M (1%)             -                  -          
[108.745s][info][gc,heap     ] GC(79) Reclaimed:         -                  -              2044M (50%)        2201M (54%)            -                  -          
[108.745s][info][gc          ] GC(79) Garbage Collection (Proactive) 2236M(55%)->76M(2%)
[108.975s][info][gc,start    ] GC(80) Garbage Collection (System.gc())
[108.975s][info][gc,task     ] GC(80) Using 12 workers
[108.975s][info][gc,phases   ] GC(80) Pause Mark Start 0.017ms
[108.981s][info][gc,phases   ] GC(80) Concurrent Mark 5.825ms
[108.981s][info][gc,phases   ] GC(80) Pause Mark End 0.018ms
[108.981s][info][gc,phases   ] GC(80) Concurrent Mark Free 0.001ms
[108.991s][info][gc,phases   ] GC(80) Concurrent Process Non-Strong References 10.033ms
[108.991s][info][gc,phases   ] GC(80) Concurrent Reset Relocation Set 0.009ms
[108.996s][info][gc,phases   ] GC(80) Concurrent Select Relocation Set 4.532ms
[108.996s][info][gc,phases   ] GC(80) Pause Relocate Start 0.010ms
[109.000s][info][gc,phases   ] GC(80) Concurrent Relocate 4.098ms
[109.000s][info][gc,load     ] GC(80) Load: 0.00/0.00/0.00
[109.000s][info][gc,mmu      ] GC(80) MMU: 2ms/97.7%, 5ms/99.1%, 10ms/99.5%, 20ms/99.8%, 50ms/99.9%, 100ms/99.9%
[109.000s][info][gc,marking  ] GC(80) Mark: 8 stripe(s), 3 proactive flush(es), 1 terminate flush(es), 0 completion(s), 0 continuation(s) 
[109.000s][info][gc,marking  ] GC(80) Mark Stack Usage: 32M
[109.001s][info][gc,nmethod  ] GC(80) NMethods: 2266 registered, 6 unregistered
[109.001s][info][gc,metaspace] GC(80) Metaspace: 13M used, 14M committed, 1088M reserved
[109.001s][info][gc,ref      ] GC(80) Soft: 211 encountered, 0 discovered, 0 enqueued
[109.001s][info][gc,ref      ] GC(80) Weak: 627 encountered, 37 discovered, 0 enqueued
[109.001s][info][gc,ref      ] GC(80) Final: 0 encountered, 0 discovered, 0 enqueued
[109.001s][info][gc,ref      ] GC(80) Phantom: 59 encountered, 41 discovered, 0 enqueued
[109.001s][info][gc,reloc    ] GC(80) Small Pages: 154 / 308M, Empty: 262M, Relocated: 3M, In-Place: 0
[109.001s][info][gc,reloc    ] GC(80) Medium Pages: 0 / 0M, Empty: 0M, Relocated: 0M, In-Place: 0
[109.001s][info][gc,reloc    ] GC(80) Large Pages: 0 / 0M, Empty: 0M, Relocated: 0M, In-Place: 0
[109.001s][info][gc,reloc    ] GC(80) Forwarding Usage: 1M
[109.001s][info][gc,heap     ] GC(80) Min Capacity: 8M(0%)
[109.001s][info][gc,heap     ] GC(80) Max Capacity: 4096M(100%)
[109.001s][info][gc,heap     ] GC(80) Soft Max Capacity: 4096M(100%)
[109.001s][info][gc,heap     ] GC(80)                Mark Start          Mark End        Relocate Start      Relocate End           High               Low         
[109.001s][info][gc,heap     ] GC(80)  Capacity:     3714M (91%)        3714M (91%)        3714M (91%)        3714M (91%)        3714M (91%)        3714M (91%)    
[109.001s][info][gc,heap     ] GC(80)      Free:     3788M (92%)        3788M (92%)        4050M (99%)        4068M (99%)        4068M (99%)        3788M (92%)    
[109.001s][info][gc,heap     ] GC(80)      Used:      308M (8%)          308M (8%)           46M (1%)           28M (1%)          308M (8%)           28M (1%)     
[109.001s][info][gc,heap     ] GC(80)      Live:         -                 6M (0%)            6M (0%)            6M (0%)             -                  -          
[109.001s][info][gc,heap     ] GC(80) Allocated:         -                 0M (0%)            0M (0%)            0M (0%)             -                  -          
[109.001s][info][gc,heap     ] GC(80)   Garbage:         -               301M (7%)           39M (1%)           21M (1%)             -                  -          
[109.001s][info][gc,heap     ] GC(80) Reclaimed:         -                  -               262M (6%)          280M (7%)             -                  -          
[109.001s][info][gc          ] GC(80) Garbage Collection (System.gc()) 308M(8%)->28M(1%)
[110.130s][info][gc,stats    ] === Garbage Collection Statistics =======================================================================================================================
[110.130s][info][gc,stats    ]                                                              Last 10s              Last 10m              Last 10h                Total
[110.130s][info][gc,stats    ]                                                              Avg / Max             Avg / Max             Avg / Max             Avg / Max
[110.130s][info][gc,stats    ]   Collector: Garbage Collection Cycle                     37.138 / 96.700       68.925 / 587.803      68.925 / 587.803      68.925 / 587.803     ms
[110.130s][info][gc,stats    ]  Contention: Mark Segment Reset Contention                     3 / 10                2 / 26                2 / 26                2 / 26          ops/s
[110.130s][info][gc,stats    ]  Contention: Mark SeqNum Reset Contention                      0 / 3                 0 / 3                 0 / 3                 0 / 3           ops/s
[110.130s][info][gc,stats    ]    Critical: Allocation Stall                                  0 / 0                 0 / 0                 0 / 0                 0 / 0           ops/s
[110.130s][info][gc,stats    ]    Critical: Allocation Stall                              0.000 / 0.000         0.000 / 0.000         0.000 / 0.000         0.000 / 0.000       ms
[110.130s][info][gc,stats    ]    Critical: GC Locker Stall                                   0 / 0                 0 / 0                 0 / 0                 0 / 0           ops/s
[110.130s][info][gc,stats    ]    Critical: GC Locker Stall                               0.000 / 0.000         0.000 / 0.000         0.000 / 0.000         0.000 / 0.000       ms
[110.130s][info][gc,stats    ]    Critical: Relocation Stall                                  0 / 0                 0 / 0                 0 / 0                 0 / 0           ops/s
[110.130s][info][gc,stats    ]    Critical: Relocation Stall                              0.000 / 0.000         0.000 / 0.000         0.000 / 0.000         0.000 / 0.000       ms
[110.130s][info][gc,stats    ]      Memory: Allocation Rate                                1971 / 2088           1941 / 2208           1941 / 2208           1941 / 2208        MB/s
[110.130s][info][gc,stats    ]      Memory: Defragment                                        0 / 0                 0 / 0                 0 / 0                 0 / 0           ops/s
[110.130s][info][gc,stats    ]      Memory: Out Of Memory                                     0 / 0                 0 / 0                 0 / 0                 0 / 0           ops/s
[110.130s][info][gc,stats    ]      Memory: Page Cache Flush                                  0 / 0                 0 / 0                 0 / 0                 0 / 0           MB/s
[110.130s][info][gc,stats    ]      Memory: Page Cache Hit L1                               993 / 1048            958 / 1107            958 / 1107            958 / 1107        ops/s
[110.130s][info][gc,stats    ]      Memory: Page Cache Hit L2                                 0 / 0                 0 / 0                 0 / 0                 0 / 0           ops/s
[110.130s][info][gc,stats    ]      Memory: Page Cache Hit L3                                 0 / 0                 9 / 448               9 / 448               9 / 448         ops/s
[110.130s][info][gc,stats    ]      Memory: Page Cache Miss                                   0 / 0                 7 / 471               7 / 471               7 / 471         ops/s
[110.130s][info][gc,stats    ]      Memory: Uncommit                                          0 / 0                 0 / 0                 0 / 0                 0 / 0           MB/s
[110.130s][info][gc,stats    ]      Memory: Undo Object Allocation Failed                     0 / 3                 0 / 5                 0 / 5                 0 / 5           ops/s
[110.130s][info][gc,stats    ]      Memory: Undo Object Allocation Succeeded                 19 / 81               20 / 124              20 / 124              20 / 124         ops/s
[110.130s][info][gc,stats    ]      Memory: Undo Page Allocation                              0 / 2                 0 / 23                0 / 23                0 / 23          ops/s
[110.130s][info][gc,stats    ]       Phase: Concurrent Mark                               9.664 / 23.037       25.581 / 549.801      25.581 / 549.801      25.581 / 549.801     ms
[110.130s][info][gc,stats    ]       Phase: Concurrent Mark Continue                      0.000 / 0.000         0.000 / 0.000         0.000 / 0.000         0.000 / 0.000       ms
[110.130s][info][gc,stats    ]       Phase: Concurrent Mark Free                          0.001 / 0.005         0.001 / 0.007         0.001 / 0.007         0.001 / 0.007       ms
[110.130s][info][gc,stats    ]       Phase: Concurrent Process Non-Strong References     20.177 / 64.906       27.929 / 71.807       27.929 / 71.807       27.929 / 71.807      ms
[110.130s][info][gc,stats    ]       Phase: Concurrent Relocate                           1.610 / 4.542         2.596 / 6.016         2.596 / 6.016         2.596 / 6.016       ms
[110.130s][info][gc,stats    ]       Phase: Concurrent Reset Relocation Set               0.015 / 0.020         0.014 / 0.022         0.014 / 0.022         0.014 / 0.022       ms
[110.130s][info][gc,stats    ]       Phase: Concurrent Select Relocation Set              4.301 / 5.278         5.134 / 22.887        5.134 / 22.887        5.134 / 22.887      ms
[110.131s][info][gc,stats    ]       Phase: Pause Mark End                                0.018 / 0.022         0.019 / 0.046         0.019 / 0.046         0.019 / 0.046       ms
[110.131s][info][gc,stats    ]       Phase: Pause Mark Start                              0.012 / 0.017         0.013 / 0.021         0.013 / 0.021         0.013 / 0.021       ms
[110.131s][info][gc,stats    ]       Phase: Pause Relocate Start                          0.008 / 0.011         0.008 / 0.019         0.008 / 0.019         0.008 / 0.019       ms
[110.131s][info][gc,stats    ]    Subphase: Concurrent Classes Purge                      0.009 / 0.041         0.066 / 3.013         0.066 / 3.013         0.066 / 3.013       ms
[110.131s][info][gc,stats    ]    Subphase: Concurrent Classes Unlink                     1.602 / 5.188         2.947 / 7.490         2.947 / 7.490         2.947 / 7.490       ms
[110.131s][info][gc,stats    ]    Subphase: Concurrent Mark                               5.117 / 21.856        9.469 / 109.674       9.469 / 109.674       9.469 / 109.674     ms
[110.131s][info][gc,stats    ]    Subphase: Concurrent Mark Try Flush                     0.090 / 0.255         0.861 / 80.074        0.861 / 80.074        0.861 / 80.074      ms
[110.131s][info][gc,stats    ]    Subphase: Concurrent Mark Try Terminate                 1.458 / 1.999         2.228 / 15.651        2.228 / 15.651        2.228 / 15.651      ms
[110.131s][info][gc,stats    ]    Subphase: Concurrent References Enqueue                 0.000 / 0.001         0.001 / 0.007         0.001 / 0.007         0.001 / 0.007       ms
[110.131s][info][gc,stats    ]    Subphase: Concurrent References Process                 0.076 / 0.182         0.094 / 0.194         0.094 / 0.194         0.094 / 0.194       ms
[110.131s][info][gc,stats    ]    Subphase: Concurrent Roots ClassLoaderDataGraph         0.041 / 0.342         0.080 / 0.923         0.080 / 0.923         0.080 / 0.923       ms
[110.131s][info][gc,stats    ]    Subphase: Concurrent Roots CodeCache                    0.000 / 0.000         0.000 / 0.000         0.000 / 0.000         0.000 / 0.000       ms
[110.131s][info][gc,stats    ]    Subphase: Concurrent Roots JavaThreads                  0.126 / 0.712         1.365 / 473.279       1.365 / 473.279       1.365 / 473.279     ms
[110.131s][info][gc,stats    ]    Subphase: Concurrent Roots OopStorageSet                0.041 / 0.248         0.090 / 1.317         0.090 / 1.317         0.090 / 1.317       ms
[110.131s][info][gc,stats    ]    Subphase: Concurrent Weak Roots OopStorageSet           7.434 / 60.111        7.923 / 65.823        7.923 / 65.823        7.923 / 65.823      ms
[110.131s][info][gc,stats    ]    Subphase: Pause Mark Try Complete                       0.000 / 0.000         0.005 / 0.007         0.005 / 0.007         0.005 / 0.007       ms
[110.131s][info][gc,stats    ]      System: Java Threads                                     49 / 60               52 / 73               52 / 73               52 / 73          threads
[110.131s][info][gc,stats    ] =========================================================================================================================================================
[110.730s][info][gc,start    ] GC(81) Garbage Collection (Allocation Rate)
[110.730s][info][gc,task     ] GC(81) Using 1 workers
[110.730s][info][gc,phases   ] GC(81) Pause Mark Start 0.010ms
[110.759s][info][gc,phases   ] GC(81) Concurrent Mark 28.593ms
[110.759s][info][gc,phases   ] GC(81) Pause Mark End 0.019ms
[110.759s][info][gc,phases   ] GC(81) Concurrent Mark Free 0.001ms
[110.821s][info][gc,phases   ] GC(81) Concurrent Process Non-Strong References 62.419ms
[110.821s][info][gc,phases   ] GC(81) Concurrent Reset Relocation Set 0.004ms
[110.826s][info][gc,phases   ] GC(81) Concurrent Select Relocation Set 4.902ms
[110.826s][info][gc,phases   ] GC(81) Pause Relocate Start 0.008ms
[110.829s][info][gc,phases   ] GC(81) Concurrent Relocate 2.155ms
[110.829s][info][gc,load     ] GC(81) Load: 0.00/0.00/0.00
[110.829s][info][gc,mmu      ] GC(81) MMU: 2ms/97.7%, 5ms/99.1%, 10ms/99.5%, 20ms/99.8%, 50ms/99.9%, 100ms/99.9%
[110.829s][info][gc,marking  ] GC(81) Mark: 1 stripe(s), 2 proactive flush(es), 1 terminate flush(es), 0 completion(s), 0 continuation(s) 
[110.829s][info][gc,marking  ] GC(81) Mark Stack Usage: 32M
[110.829s][info][gc,nmethod  ] GC(81) NMethods: 2267 registered, 8 unregistered
[110.829s][info][gc,metaspace] GC(81) Metaspace: 13M used, 14M committed, 1088M reserved
[110.829s][info][gc,ref      ] GC(81) Soft: 211 encountered, 0 discovered, 0 enqueued
[110.829s][info][gc,ref      ] GC(81) Weak: 723 encountered, 439 discovered, 0 enqueued
[110.829s][info][gc,ref      ] GC(81) Final: 0 encountered, 0 discovered, 0 enqueued
[110.829s][info][gc,ref      ] GC(81) Phantom: 59 encountered, 46 discovered, 0 enqueued
[110.829s][info][gc,reloc    ] GC(81) Small Pages: 1545 / 3090M, Empty: 2828M, Relocated: 3M, In-Place: 0
[110.829s][info][gc,reloc    ] GC(81) Medium Pages: 0 / 0M, Empty: 0M, Relocated: 0M, In-Place: 0
[110.829s][info][gc,reloc    ] GC(81) Large Pages: 0 / 0M, Empty: 0M, Relocated: 0M, In-Place: 0
[110.829s][info][gc,reloc    ] GC(81) Forwarding Usage: 0M
[110.829s][info][gc,heap     ] GC(81) Min Capacity: 8M(0%)
[110.829s][info][gc,heap     ] GC(81) Max Capacity: 4096M(100%)
[110.829s][info][gc,heap     ] GC(81) Soft Max Capacity: 4096M(100%)
[110.829s][info][gc,heap     ] GC(81)                Mark Start          Mark End        Relocate Start      Relocate End           High               Low         
[110.829s][info][gc,heap     ] GC(81)  Capacity:     3714M (91%)        3714M (91%)        3714M (91%)        3714M (91%)        3714M (91%)        3714M (91%)    
[110.829s][info][gc,heap     ] GC(81)      Free:     1006M (25%)         910M (22%)        3638M (89%)        3878M (95%)        3878M (95%)         812M (20%)    
[110.829s][info][gc,heap     ] GC(81)      Used:     3090M (75%)        3186M (78%)         458M (11%)         218M (5%)         3284M (80%)         218M (5%)     
[110.829s][info][gc,heap     ] GC(81)      Live:         -                 8M (0%)            8M (0%)            8M (0%)             -                  -          
[110.829s][info][gc,heap     ] GC(81) Allocated:         -                96M (2%)          196M (5%)          206M (5%)             -                  -          
[110.829s][info][gc,heap     ] GC(81)   Garbage:         -              3081M (75%)         253M (6%)            2M (0%)             -                  -          
[110.829s][info][gc,heap     ] GC(81) Reclaimed:         -                  -              2828M (69%)        3078M (75%)            -                  -          
[110.829s][info][gc          ] GC(81) Garbage Collection (Allocation Rate) 3090M(75%)->218M(5%)
[112.230s][info][gc,start    ] GC(82) Garbage Collection (Allocation Rate)
[112.230s][info][gc,task     ] GC(82) Using 1 workers
[112.231s][info][gc,phases   ] GC(82) Pause Mark Start 0.010ms
[112.251s][info][gc,phases   ] GC(82) Concurrent Mark 19.986ms
[112.251s][info][gc,phases   ] GC(82) Pause Mark End 0.019ms
[112.251s][info][gc,phases   ] GC(82) Concurrent Mark Free 0.001ms
[112.302s][info][gc,phases   ] GC(82) Concurrent Process Non-Strong References 50.939ms
[112.302s][info][gc,phases   ] GC(82) Concurrent Reset Relocation Set 0.019ms
[112.307s][info][gc,phases   ] GC(82) Concurrent Select Relocation Set 5.086ms
[112.307s][info][gc,phases   ] GC(82) Pause Relocate Start 0.014ms
[112.311s][info][gc,phases   ] GC(82) Concurrent Relocate 3.888ms
[112.311s][info][gc,load     ] GC(82) Load: 0.00/0.00/0.00
[112.311s][info][gc,mmu      ] GC(82) MMU: 2ms/97.7%, 5ms/99.1%, 10ms/99.5%, 20ms/99.8%, 50ms/99.9%, 100ms/99.9%
[112.311s][info][gc,marking  ] GC(82) Mark: 1 stripe(s), 2 proactive flush(es), 1 terminate flush(es), 0 completion(s), 0 continuation(s) 
[112.311s][info][gc,marking  ] GC(82) Mark Stack Usage: 32M
[112.311s][info][gc,nmethod  ] GC(82) NMethods: 2267 registered, 8 unregistered
[112.311s][info][gc,metaspace] GC(82) Metaspace: 13M used, 14M committed, 1088M reserved
[112.311s][info][gc,ref      ] GC(82) Soft: 211 encountered, 0 discovered, 0 enqueued
[112.311s][info][gc,ref      ] GC(82) Weak: 723 encountered, 439 discovered, 0 enqueued
[112.312s][info][gc,ref      ] GC(82) Final: 0 encountered, 0 discovered, 0 enqueued
[112.312s][info][gc,ref      ] GC(82) Phantom: 59 encountered, 46 discovered, 0 enqueued
[112.312s][info][gc,reloc    ] GC(82) Small Pages: 1565 / 3130M, Empty: 2864M, Relocated: 2M, In-Place: 0
[112.312s][info][gc,reloc    ] GC(82) Medium Pages: 0 / 0M, Empty: 0M, Relocated: 0M, In-Place: 0
[112.312s][info][gc,reloc    ] GC(82) Large Pages: 0 / 0M, Empty: 0M, Relocated: 0M, In-Place: 0
[112.312s][info][gc,reloc    ] GC(82) Forwarding Usage: 0M
[112.312s][info][gc,heap     ] GC(82) Min Capacity: 8M(0%)
[112.312s][info][gc,heap     ] GC(82) Max Capacity: 4096M(100%)
[112.312s][info][gc,heap     ] GC(82) Soft Max Capacity: 4096M(100%)
[112.312s][info][gc,heap     ] GC(82)                Mark Start          Mark End        Relocate Start      Relocate End           High               Low         
[112.312s][info][gc,heap     ] GC(82)  Capacity:     3714M (91%)        3714M (91%)        3714M (91%)        3714M (91%)        3714M (91%)        3714M (91%)    
[112.312s][info][gc,heap     ] GC(82)      Free:      966M (24%)         872M (21%)        3642M (89%)        3896M (95%)        3896M (95%)         780M (19%)    
[112.312s][info][gc,heap     ] GC(82)      Used:     3130M (76%)        3224M (79%)         454M (11%)         200M (5%)         3316M (81%)         200M (5%)     
[112.312s][info][gc,heap     ] GC(82)      Live:         -                 9M (0%)            9M (0%)            9M (0%)             -                  -          
[112.312s][info][gc,heap     ] GC(82) Allocated:         -                94M (2%)          188M (5%)          188M (5%)             -                  -          
[112.312s][info][gc,heap     ] GC(82)   Garbage:         -              3120M (76%)         256M (6%)            2M (0%)             -                  -          
[112.312s][info][gc,heap     ] GC(82) Reclaimed:         -                  -              2864M (70%)        3118M (76%)            -                  -          
[112.312s][info][gc          ] GC(82) Garbage Collection (Allocation Rate) 3130M(76%)->200M(5%)
[113.629s][info][gc,start    ] GC(83) Garbage Collection (Proactive)
[113.629s][info][gc,task     ] GC(83) Using 12 workers
[113.630s][info][gc,phases   ] GC(83) Pause Mark Start 0.011ms
[113.636s][info][gc,phases   ] GC(83) Concurrent Mark 6.613ms
[113.636s][info][gc,phases   ] GC(83) Pause Mark End 0.020ms
[113.637s][info][gc,phases   ] GC(83) Concurrent Mark Free 0.001ms
[113.643s][info][gc,phases   ] GC(83) Concurrent Process Non-Strong References 6.399ms
[113.643s][info][gc,phases   ] GC(83) Concurrent Reset Relocation Set 0.019ms
[113.648s][info][gc,phases   ] GC(83) Concurrent Select Relocation Set 4.445ms
[113.648s][info][gc,phases   ] GC(83) Pause Relocate Start 0.009ms
[113.651s][info][gc,phases   ] GC(83) Concurrent Relocate 3.354ms
[113.651s][info][gc,load     ] GC(83) Load: 0.00/0.00/0.00
[113.651s][info][gc,mmu      ] GC(83) MMU: 2ms/97.7%, 5ms/99.1%, 10ms/99.5%, 20ms/99.8%, 50ms/99.9%, 100ms/99.9%
[113.651s][info][gc,marking  ] GC(83) Mark: 8 stripe(s), 5 proactive flush(es), 1 terminate flush(es), 0 completion(s), 0 continuation(s) 
[113.651s][info][gc,marking  ] GC(83) Mark Stack Usage: 32M
[113.651s][info][gc,nmethod  ] GC(83) NMethods: 2267 registered, 8 unregistered
[113.651s][info][gc,metaspace] GC(83) Metaspace: 13M used, 14M committed, 1088M reserved
[113.651s][info][gc,ref      ] GC(83) Soft: 211 encountered, 0 discovered, 0 enqueued
[113.651s][info][gc,ref      ] GC(83) Weak: 723 encountered, 71 discovered, 0 enqueued
[113.651s][info][gc,ref      ] GC(83) Final: 0 encountered, 0 discovered, 0 enqueued
[113.651s][info][gc,ref      ] GC(83) Phantom: 59 encountered, 37 discovered, 0 enqueued
[113.651s][info][gc,reloc    ] GC(83) Small Pages: 1467 / 2934M, Empty: 2662M, Relocated: 3M, In-Place: 0
[113.651s][info][gc,reloc    ] GC(83) Medium Pages: 0 / 0M, Empty: 0M, Relocated: 0M, In-Place: 0
[113.651s][info][gc,reloc    ] GC(83) Large Pages: 0 / 0M, Empty: 0M, Relocated: 0M, In-Place: 0
[113.651s][info][gc,reloc    ] GC(83) Forwarding Usage: 0M
[113.651s][info][gc,heap     ] GC(83) Min Capacity: 8M(0%)
[113.651s][info][gc,heap     ] GC(83) Max Capacity: 4096M(100%)
[113.651s][info][gc,heap     ] GC(83) Soft Max Capacity: 4096M(100%)
[113.651s][info][gc,heap     ] GC(83)                Mark Start          Mark End        Relocate Start      Relocate End           High               Low         
[113.651s][info][gc,heap     ] GC(83)  Capacity:     3714M (91%)        3714M (91%)        3714M (91%)        3714M (91%)        3714M (91%)        3714M (91%)    
[113.651s][info][gc,heap     ] GC(83)      Free:     1162M (28%)        1070M (26%)        3728M (91%)        3968M (97%)        3968M (97%)        1066M (26%)    
[113.651s][info][gc,heap     ] GC(83)      Used:     2934M (72%)        3026M (74%)         368M (9%)          128M (3%)         3030M (74%)         128M (3%)     
[113.651s][info][gc,heap     ] GC(83)      Live:         -                 9M (0%)            9M (0%)            9M (0%)             -                  -          
[113.652s][info][gc,heap     ] GC(83) Allocated:         -                92M (2%)           96M (2%)           94M (2%)             -                  -          
[113.652s][info][gc,heap     ] GC(83)   Garbage:         -              2924M (71%)         262M (6%)           24M (1%)             -                  -          
[113.652s][info][gc,heap     ] GC(83) Reclaimed:         -                  -              2662M (65%)        2900M (71%)            -                  -          
[113.652s][info][gc          ] GC(83) Garbage Collection (Proactive) 2934M(72%)->128M(3%)
[115.230s][info][gc,start    ] GC(84) Garbage Collection (Allocation Rate)
[115.230s][info][gc,task     ] GC(84) Using 1 workers
[115.230s][info][gc,phases   ] GC(84) Pause Mark Start 0.012ms
[115.250s][info][gc,phases   ] GC(84) Concurrent Mark 20.403ms
[115.251s][info][gc,phases   ] GC(84) Pause Mark End 0.017ms
[115.251s][info][gc,phases   ] GC(84) Concurrent Mark Free 0.001ms
[115.306s][info][gc,phases   ] GC(84) Concurrent Process Non-Strong References 55.031ms
[115.306s][info][gc,phases   ] GC(84) Concurrent Reset Relocation Set 0.020ms
[115.311s][info][gc,phases   ] GC(84) Concurrent Select Relocation Set 4.845ms
[115.311s][info][gc,phases   ] GC(84) Pause Relocate Start 0.008ms
[115.314s][info][gc,phases   ] GC(84) Concurrent Relocate 3.093ms
[115.314s][info][gc,load     ] GC(84) Load: 0.00/0.00/0.00
[115.314s][info][gc,mmu      ] GC(84) MMU: 2ms/97.7%, 5ms/99.1%, 10ms/99.5%, 20ms/99.8%, 50ms/99.9%, 100ms/99.9%
[115.314s][info][gc,marking  ] GC(84) Mark: 1 stripe(s), 2 proactive flush(es), 1 terminate flush(es), 0 completion(s), 0 continuation(s) 
[115.314s][info][gc,marking  ] GC(84) Mark Stack Usage: 32M
[115.314s][info][gc,nmethod  ] GC(84) NMethods: 2267 registered, 8 unregistered
[115.314s][info][gc,metaspace] GC(84) Metaspace: 13M used, 14M committed, 1088M reserved
[115.314s][info][gc,ref      ] GC(84) Soft: 211 encountered, 0 discovered, 0 enqueued
[115.314s][info][gc,ref      ] GC(84) Weak: 723 encountered, 439 discovered, 0 enqueued
[115.314s][info][gc,ref      ] GC(84) Final: 0 encountered, 0 discovered, 0 enqueued
[115.314s][info][gc,ref      ] GC(84) Phantom: 59 encountered, 46 discovered, 0 enqueued
[115.314s][info][gc,reloc    ] GC(84) Small Pages: 1582 / 3164M, Empty: 2874M, Relocated: 3M, In-Place: 0
[115.314s][info][gc,reloc    ] GC(84) Medium Pages: 0 / 0M, Empty: 0M, Relocated: 0M, In-Place: 0
[115.314s][info][gc,reloc    ] GC(84) Large Pages: 0 / 0M, Empty: 0M, Relocated: 0M, In-Place: 0
[115.314s][info][gc,reloc    ] GC(84) Forwarding Usage: 0M
[115.314s][info][gc,heap     ] GC(84) Min Capacity: 8M(0%)
[115.314s][info][gc,heap     ] GC(84) Max Capacity: 4096M(100%)
[115.314s][info][gc,heap     ] GC(84) Soft Max Capacity: 4096M(100%)
[115.314s][info][gc,heap     ] GC(84)                Mark Start          Mark End        Relocate Start      Relocate End           High               Low         
[115.314s][info][gc,heap     ] GC(84)  Capacity:     3714M (91%)        3714M (91%)        3714M (91%)        3714M (91%)        3714M (91%)        3714M (91%)    
[115.314s][info][gc,heap     ] GC(84)      Free:      932M (23%)         836M (20%)        3618M (88%)        3898M (95%)        3898M (95%)         748M (18%)    
[115.314s][info][gc,heap     ] GC(84)      Used:     3164M (77%)        3260M (80%)         478M (12%)         198M (5%)         3348M (82%)         198M (5%)     
[115.314s][info][gc,heap     ] GC(84)      Live:         -                 9M (0%)            9M (0%)            9M (0%)             -                  -          
[115.315s][info][gc,heap     ] GC(84) Allocated:         -                96M (2%)          188M (5%)          186M (5%)             -                  -          
[115.315s][info][gc,heap     ] GC(84)   Garbage:         -              3154M (77%)         280M (7%)            1M (0%)             -                  -          
[115.315s][info][gc,heap     ] GC(84) Reclaimed:         -                  -              2874M (70%)        3152M (77%)            -                  -          
[115.315s][info][gc          ] GC(84) Garbage Collection (Allocation Rate) 3164M(77%)->198M(5%)
[116.730s][info][gc,start    ] GC(85) Garbage Collection (Proactive)
[116.730s][info][gc,task     ] GC(85) Using 12 workers
[116.730s][info][gc,phases   ] GC(85) Pause Mark Start 0.012ms
[116.735s][info][gc,phases   ] GC(85) Concurrent Mark 4.675ms
[116.735s][info][gc,phases   ] GC(85) Pause Mark End 0.019ms
[116.735s][info][gc,phases   ] GC(85) Concurrent Mark Free 0.001ms
[116.742s][info][gc,phases   ] GC(85) Concurrent Process Non-Strong References 6.956ms
[116.742s][info][gc,phases   ] GC(85) Concurrent Reset Relocation Set 0.012ms
[116.746s][info][gc,phases   ] GC(85) Concurrent Select Relocation Set 3.486ms
[116.746s][info][gc,phases   ] GC(85) Pause Relocate Start 0.006ms
[116.751s][info][gc,phases   ] GC(85) Concurrent Relocate 5.162ms
[116.751s][info][gc,load     ] GC(85) Load: 0.00/0.00/0.00
[116.751s][info][gc,mmu      ] GC(85) MMU: 2ms/97.7%, 5ms/99.1%, 10ms/99.5%, 20ms/99.8%, 50ms/99.9%, 100ms/99.9%
[116.751s][info][gc,marking  ] GC(85) Mark: 8 stripe(s), 2 proactive flush(es), 1 terminate flush(es), 0 completion(s), 0 continuation(s) 
[116.751s][info][gc,marking  ] GC(85) Mark Stack Usage: 32M
[116.751s][info][gc,nmethod  ] GC(85) NMethods: 2267 registered, 9 unregistered
[116.751s][info][gc,metaspace] GC(85) Metaspace: 13M used, 14M committed, 1088M reserved
[116.751s][info][gc,ref      ] GC(85) Soft: 211 encountered, 0 discovered, 0 enqueued
[116.751s][info][gc,ref      ] GC(85) Weak: 723 encountered, 82 discovered, 0 enqueued
[116.751s][info][gc,ref      ] GC(85) Final: 0 encountered, 0 discovered, 0 enqueued
[116.751s][info][gc,ref      ] GC(85) Phantom: 59 encountered, 47 discovered, 0 enqueued
[116.751s][info][gc,reloc    ] GC(85) Small Pages: 1434 / 2868M, Empty: 2598M, Relocated: 3M, In-Place: 0
[116.751s][info][gc,reloc    ] GC(85) Medium Pages: 0 / 0M, Empty: 0M, Relocated: 0M, In-Place: 0
[116.751s][info][gc,reloc    ] GC(85) Large Pages: 0 / 0M, Empty: 0M, Relocated: 0M, In-Place: 0
[116.751s][info][gc,reloc    ] GC(85) Forwarding Usage: 0M
[116.751s][info][gc,heap     ] GC(85) Min Capacity: 8M(0%)
[116.751s][info][gc,heap     ] GC(85) Max Capacity: 4096M(100%)
[116.751s][info][gc,heap     ] GC(85) Soft Max Capacity: 4096M(100%)
[116.752s][info][gc,heap     ] GC(85)                Mark Start          Mark End        Relocate Start      Relocate End           High               Low         
[116.752s][info][gc,heap     ] GC(85)  Capacity:     3714M (91%)        3714M (91%)        3714M (91%)        3714M (91%)        3714M (91%)        3714M (91%)    
[116.752s][info][gc,heap     ] GC(85)      Free:     1228M (30%)        1142M (28%)        3732M (91%)        3968M (97%)        3968M (97%)        1136M (28%)    
[116.752s][info][gc,heap     ] GC(85)      Used:     2868M (70%)        2954M (72%)         364M (9%)          128M (3%)         2960M (72%)         128M (3%)     
[116.752s][info][gc,heap     ] GC(85)      Live:         -                 9M (0%)            9M (0%)            9M (0%)             -                  -          
[116.752s][info][gc,heap     ] GC(85) Allocated:         -                86M (2%)           94M (2%)           94M (2%)             -                  -          
[116.752s][info][gc,heap     ] GC(85)   Garbage:         -              2858M (70%)         260M (6%)           23M (1%)             -                  -          
[116.752s][info][gc,heap     ] GC(85) Reclaimed:         -                  -              2598M (63%)        2834M (69%)            -                  -          
[116.752s][info][gc          ] GC(85) Garbage Collection (Proactive) 2868M(70%)->128M(3%)
[118.229s][info][gc,start    ] GC(86) Garbage Collection (Allocation Rate)
[118.229s][info][gc,task     ] GC(86) Using 1 workers
[118.229s][info][gc,phases   ] GC(86) Pause Mark Start 0.011ms
[118.254s][info][gc,phases   ] GC(86) Concurrent Mark 25.032ms
[118.255s][info][gc,phases   ] GC(86) Pause Mark End 0.020ms
[118.255s][info][gc,phases   ] GC(86) Concurrent Mark Free 0.001ms
[118.330s][info][gc,phases   ] GC(86) Concurrent Process Non-Strong References 74.956ms
[118.330s][info][gc,phases   ] GC(86) Concurrent Reset Relocation Set 0.017ms
[118.334s][info][gc,phases   ] GC(86) Concurrent Select Relocation Set 4.188ms
[118.334s][info][gc,phases   ] GC(86) Pause Relocate Start 0.008ms
[118.339s][info][gc,phases   ] GC(86) Concurrent Relocate 5.049ms
[118.339s][info][gc,load     ] GC(86) Load: 0.00/0.00/0.00
[118.339s][info][gc,mmu      ] GC(86) MMU: 2ms/97.7%, 5ms/99.1%, 10ms/99.5%, 20ms/99.8%, 50ms/99.9%, 100ms/99.9%
[118.340s][info][gc,marking  ] GC(86) Mark: 1 stripe(s), 2 proactive flush(es), 1 terminate flush(es), 0 completion(s), 0 continuation(s) 
[118.340s][info][gc,marking  ] GC(86) Mark Stack Usage: 32M
[118.340s][info][gc,nmethod  ] GC(86) NMethods: 2267 registered, 9 unregistered
[118.340s][info][gc,metaspace] GC(86) Metaspace: 13M used, 14M committed, 1088M reserved
[118.340s][info][gc,ref      ] GC(86) Soft: 211 encountered, 0 discovered, 0 enqueued
[118.340s][info][gc,ref      ] GC(86) Weak: 723 encountered, 439 discovered, 0 enqueued
[118.340s][info][gc,ref      ] GC(86) Final: 0 encountered, 0 discovered, 0 enqueued
[118.340s][info][gc,ref      ] GC(86) Phantom: 59 encountered, 46 discovered, 0 enqueued
[118.340s][info][gc,reloc    ] GC(86) Small Pages: 1559 / 3118M, Empty: 2840M, Relocated: 3M, In-Place: 0
[118.340s][info][gc,reloc    ] GC(86) Medium Pages: 0 / 0M, Empty: 0M, Relocated: 0M, In-Place: 0
[118.340s][info][gc,reloc    ] GC(86) Large Pages: 0 / 0M, Empty: 0M, Relocated: 0M, In-Place: 0
[118.340s][info][gc,reloc    ] GC(86) Forwarding Usage: 0M
[118.340s][info][gc,heap     ] GC(86) Min Capacity: 8M(0%)
[118.340s][info][gc,heap     ] GC(86) Max Capacity: 4096M(100%)
[118.340s][info][gc,heap     ] GC(86) Soft Max Capacity: 4096M(100%)
[118.340s][info][gc,heap     ] GC(86)                Mark Start          Mark End        Relocate Start      Relocate End           High               Low         
[118.340s][info][gc,heap     ] GC(86)  Capacity:     3714M (91%)        3714M (91%)        3714M (91%)        3714M (91%)        3714M (91%)        3714M (91%)    
[118.340s][info][gc,heap     ] GC(86)      Free:      978M (24%)         884M (22%)        3536M (86%)        3802M (93%)        3802M (93%)         702M (17%)    
[118.340s][info][gc,heap     ] GC(86)      Used:     3118M (76%)        3212M (78%)         560M (14%)         294M (7%)         3394M (83%)         294M (7%)     
[118.340s][info][gc,heap     ] GC(86)      Live:         -                10M (0%)           10M (0%)           10M (0%)             -                  -          
[118.340s][info][gc,heap     ] GC(86) Allocated:         -                94M (2%)          282M (7%)          282M (7%)             -                  -          
[118.340s][info][gc,heap     ] GC(86)   Garbage:         -              3107M (76%)         267M (7%)            1M (0%)             -                  -          
[118.340s][info][gc,heap     ] GC(86) Reclaimed:         -                  -              2840M (69%)        3106M (76%)            -                  -          
[118.340s][info][gc          ] GC(86) Garbage Collection (Allocation Rate) 3118M(76%)->294M(7%)
[119.730s][info][gc,start    ] GC(87) Garbage Collection (Proactive)
[119.730s][info][gc,task     ] GC(87) Using 12 workers
[119.730s][info][gc,phases   ] GC(87) Pause Mark Start 0.013ms
[119.736s][info][gc,phases   ] GC(87) Concurrent Mark 5.632ms
[119.736s][info][gc,phases   ] GC(87) Pause Mark End 0.021ms
[119.736s][info][gc,phases   ] GC(87) Concurrent Mark Free 0.001ms
[119.744s][info][gc,phases   ] GC(87) Concurrent Process Non-Strong References 7.093ms
[119.744s][info][gc,phases   ] GC(87) Concurrent Reset Relocation Set 0.020ms
[119.748s][info][gc,phases   ] GC(87) Concurrent Select Relocation Set 4.586ms
[119.748s][info][gc,phases   ] GC(87) Pause Relocate Start 0.006ms
[119.749s][info][gc,phases   ] GC(87) Concurrent Relocate 0.353ms
[119.749s][info][gc,load     ] GC(87) Load: 0.00/0.00/0.00
[119.749s][info][gc,mmu      ] GC(87) MMU: 2ms/97.7%, 5ms/99.1%, 10ms/99.5%, 20ms/99.8%, 50ms/99.9%, 100ms/99.9%
[119.749s][info][gc,marking  ] GC(87) Mark: 8 stripe(s), 2 proactive flush(es), 1 terminate flush(es), 0 completion(s), 0 continuation(s) 
[119.749s][info][gc,marking  ] GC(87) Mark Stack Usage: 32M
[119.749s][info][gc,nmethod  ] GC(87) NMethods: 2267 registered, 9 unregistered
[119.749s][info][gc,metaspace] GC(87) Metaspace: 13M used, 14M committed, 1088M reserved
[119.749s][info][gc,ref      ] GC(87) Soft: 211 encountered, 0 discovered, 0 enqueued
[119.749s][info][gc,ref      ] GC(87) Weak: 711 encountered, 109 discovered, 0 enqueued
[119.749s][info][gc,ref      ] GC(87) Final: 0 encountered, 0 discovered, 0 enqueued
[119.749s][info][gc,ref      ] GC(87) Phantom: 59 encountered, 29 discovered, 0 enqueued
[119.749s][info][gc,reloc    ] GC(87) Small Pages: 1531 / 3062M, Empty: 2812M, Relocated: 1M, In-Place: 0
[119.749s][info][gc,reloc    ] GC(87) Medium Pages: 0 / 0M, Empty: 0M, Relocated: 0M, In-Place: 0
[119.749s][info][gc,reloc    ] GC(87) Large Pages: 0 / 0M, Empty: 0M, Relocated: 0M, In-Place: 0
[119.749s][info][gc,reloc    ] GC(87) Forwarding Usage: 0M
[119.749s][info][gc,heap     ] GC(87) Min Capacity: 8M(0%)
[119.749s][info][gc,heap     ] GC(87) Max Capacity: 4096M(100%)
[119.749s][info][gc,heap     ] GC(87) Soft Max Capacity: 4096M(100%)
[119.749s][info][gc,heap     ] GC(87)                Mark Start          Mark End        Relocate Start      Relocate End           High               Low         
[119.749s][info][gc,heap     ] GC(87)  Capacity:     3714M (91%)        3714M (91%)        3714M (91%)        3714M (91%)        3714M (91%)        3714M (91%)    
[119.749s][info][gc,heap     ] GC(87)      Free:     1034M (25%)         958M (23%)        3760M (92%)        3970M (97%)        3970M (97%)         954M (23%)    
[119.749s][info][gc,heap     ] GC(87)      Used:     3062M (75%)        3138M (77%)         336M (8%)          126M (3%)         3142M (77%)         126M (3%)     
[119.749s][info][gc,heap     ] GC(87)      Live:         -                10M (0%)           10M (0%)           10M (0%)             -                  -          
[119.749s][info][gc,heap     ] GC(87) Allocated:         -                76M (2%)           86M (2%)           90M (2%)             -                  -          
[119.749s][info][gc,heap     ] GC(87)   Garbage:         -              3051M (75%)         239M (6%)           25M (1%)             -                  -          
[119.749s][info][gc,heap     ] GC(87) Reclaimed:         -                  -              2812M (69%)        3026M (74%)            -                  -          
[119.749s][info][gc          ] GC(87) Garbage Collection (Proactive) 3062M(75%)->126M(3%)
[120.129s][info][gc,stats    ] === Garbage Collection Statistics =======================================================================================================================
[120.129s][info][gc,stats    ]                                                              Last 10s              Last 10m              Last 10h                Total
[120.129s][info][gc,stats    ]                                                              Avg / Max             Avg / Max             Avg / Max             Avg / Max
[120.129s][info][gc,stats    ]   Collector: Garbage Collection Cycle                     62.404 / 110.413      68.407 / 587.803      68.407 / 587.803      68.407 / 587.803     ms
[120.129s][info][gc,stats    ]  Contention: Mark Segment Reset Contention                     0 / 4                 2 / 26                2 / 26                2 / 26          ops/s
[120.130s][info][gc,stats    ]  Contention: Mark SeqNum Reset Contention                      0 / 2                 0 / 3                 0 / 3                 0 / 3           ops/s
[120.130s][info][gc,stats    ]    Critical: Allocation Stall                                  0 / 0                 0 / 0                 0 / 0                 0 / 0           ops/s
[120.130s][info][gc,stats    ]    Critical: Allocation Stall                              0.000 / 0.000         0.000 / 0.000         0.000 / 0.000         0.000 / 0.000       ms
[120.130s][info][gc,stats    ]    Critical: GC Locker Stall                                   0 / 0                 0 / 0                 0 / 0                 0 / 0           ops/s
[120.130s][info][gc,stats    ]    Critical: GC Locker Stall                               0.000 / 0.000         0.000 / 0.000         0.000 / 0.000         0.000 / 0.000       ms
[120.130s][info][gc,stats    ]    Critical: Relocation Stall                                  0 / 0                 0 / 0                 0 / 0                 0 / 0           ops/s
[120.130s][info][gc,stats    ]    Critical: Relocation Stall                              0.000 / 0.000         0.000 / 0.000         0.000 / 0.000         0.000 / 0.000       ms
[120.130s][info][gc,stats    ]      Memory: Allocation Rate                                2007 / 2084           1947 / 2208           1947 / 2208           1947 / 2208        MB/s
[120.130s][info][gc,stats    ]      Memory: Defragment                                        0 / 0                 0 / 0                 0 / 0                 0 / 0           ops/s
[120.130s][info][gc,stats    ]      Memory: Out Of Memory                                     0 / 0                 0 / 0                 0 / 0                 0 / 0           ops/s
[120.130s][info][gc,stats    ]      Memory: Page Cache Flush                                  0 / 0                 0 / 0                 0 / 0                 0 / 0           MB/s
[120.130s][info][gc,stats    ]      Memory: Page Cache Hit L1                              1007 / 1043            962 / 1107            962 / 1107            962 / 1107        ops/s
[120.130s][info][gc,stats    ]      Memory: Page Cache Hit L2                                 0 / 0                 0 / 0                 0 / 0                 0 / 0           ops/s
[120.130s][info][gc,stats    ]      Memory: Page Cache Hit L3                                 0 / 0                 8 / 448               8 / 448               8 / 448         ops/s
[120.130s][info][gc,stats    ]      Memory: Page Cache Miss                                   0 / 0                 6 / 471               6 / 471               6 / 471         ops/s
[120.130s][info][gc,stats    ]      Memory: Uncommit                                          0 / 0                 0 / 0                 0 / 0                 0 / 0           MB/s
[120.130s][info][gc,stats    ]      Memory: Undo Object Allocation Failed                     0 / 2                 0 / 5                 0 / 5                 0 / 5           ops/s
[120.130s][info][gc,stats    ]      Memory: Undo Object Allocation Succeeded                 24 / 61               21 / 124              21 / 124              21 / 124         ops/s
[120.130s][info][gc,stats    ]      Memory: Undo Page Allocation                              0 / 2                 0 / 23                0 / 23                0 / 23          ops/s
[120.130s][info][gc,stats    ]       Phase: Concurrent Mark                              15.848 / 28.593       24.807 / 549.801      24.807 / 549.801      24.807 / 549.801     ms
[120.130s][info][gc,stats    ]       Phase: Concurrent Mark Continue                      0.000 / 0.000         0.000 / 0.000         0.000 / 0.000         0.000 / 0.000       ms
[120.130s][info][gc,stats    ]       Phase: Concurrent Mark Free                          0.001 / 0.001         0.001 / 0.007         0.001 / 0.007         0.001 / 0.007       ms
[120.130s][info][gc,stats    ]       Phase: Concurrent Process Non-Strong References     37.685 / 74.956       28.705 / 74.956       28.705 / 74.956       28.705 / 74.956      ms
[120.130s][info][gc,stats    ]       Phase: Concurrent Relocate                           3.293 / 5.162         2.652 / 6.016         2.652 / 6.016         2.652 / 6.016       ms
[120.130s][info][gc,stats    ]       Phase: Concurrent Reset Relocation Set               0.016 / 0.020         0.015 / 0.022         0.015 / 0.022         0.015 / 0.022       ms
[120.130s][info][gc,stats    ]       Phase: Concurrent Select Relocation Set              4.505 / 5.086         5.084 / 22.887        5.084 / 22.887        5.084 / 22.887      ms
[120.130s][info][gc,stats    ]       Phase: Pause Mark End                                0.019 / 0.021         0.019 / 0.046         0.019 / 0.046         0.019 / 0.046       ms
[120.130s][info][gc,stats    ]       Phase: Pause Mark Start                              0.011 / 0.013         0.013 / 0.021         0.013 / 0.021         0.013 / 0.021       ms
[120.130s][info][gc,stats    ]       Phase: Pause Relocate Start                          0.008 / 0.014         0.008 / 0.019         0.008 / 0.019         0.008 / 0.019       ms
[120.130s][info][gc,stats    ]    Subphase: Concurrent Classes Purge                      0.010 / 0.025         0.061 / 3.013         0.061 / 3.013         0.061 / 3.013       ms
[120.130s][info][gc,stats    ]    Subphase: Concurrent Classes Unlink                     3.199 / 5.721         2.967 / 7.490         2.967 / 7.490         2.967 / 7.490       ms
[120.130s][info][gc,stats    ]    Subphase: Concurrent Mark                               6.418 / 27.471        9.244 / 109.674       9.244 / 109.674       9.244 / 109.674     ms
[120.130s][info][gc,stats    ]    Subphase: Concurrent Mark Try Flush                     0.097 / 0.177         0.795 / 80.074        0.795 / 80.074        0.795 / 80.074      ms
[120.130s][info][gc,stats    ]    Subphase: Concurrent Mark Try Terminate                 1.272 / 1.998         2.163 / 15.651        2.163 / 15.651        2.163 / 15.651      ms
[120.130s][info][gc,stats    ]    Subphase: Concurrent References Enqueue                 0.000 / 0.001         0.001 / 0.007         0.001 / 0.007         0.001 / 0.007       ms
[120.130s][info][gc,stats    ]    Subphase: Concurrent References Process                 0.083 / 0.182         0.093 / 0.194         0.093 / 0.194         0.093 / 0.194       ms
[120.130s][info][gc,stats    ]    Subphase: Concurrent Roots ClassLoaderDataGraph         0.104 / 0.431         0.082 / 0.923         0.082 / 0.923         0.082 / 0.923       ms
[120.130s][info][gc,stats    ]    Subphase: Concurrent Roots CodeCache                    0.000 / 0.000         0.000 / 0.000         0.000 / 0.000         0.000 / 0.000       ms
[120.130s][info][gc,stats    ]    Subphase: Concurrent Roots JavaThreads                  0.182 / 0.640         1.275 / 473.279       1.275 / 473.279       1.275 / 473.279     ms
[120.130s][info][gc,stats    ]    Subphase: Concurrent Roots OopStorageSet                0.039 / 0.142         0.086 / 1.317         0.086 / 1.317         0.086 / 1.317       ms
[120.130s][info][gc,stats    ]    Subphase: Concurrent Weak Roots OopStorageSet          10.899 / 69.803        8.143 / 69.803        8.143 / 69.803        8.143 / 69.803      ms
[120.130s][info][gc,stats    ]    Subphase: Pause Mark Try Complete                       0.000 / 0.000         0.005 / 0.007         0.005 / 0.007         0.005 / 0.007       ms
[120.130s][info][gc,stats    ]      System: Java Threads                                     59 / 60               53 / 73               53 / 73               53 / 73          threads
[120.130s][info][gc,stats    ] =========================================================================================================================================================
[120.358s][info][gc,start    ] GC(88) Garbage Collection (System.gc())
[120.358s][info][gc,task     ] GC(88) Using 12 workers
[120.359s][info][gc,phases   ] GC(88) Pause Mark Start 0.014ms
[120.372s][info][gc,phases   ] GC(88) Concurrent Mark 13.395ms
[120.372s][info][gc,phases   ] GC(88) Pause Mark End 0.019ms
[120.372s][info][gc,phases   ] GC(88) Concurrent Mark Free 0.001ms
[120.383s][info][gc,phases   ] GC(88) Concurrent Process Non-Strong References 10.352ms
[120.383s][info][gc,phases   ] GC(88) Concurrent Reset Relocation Set 0.013ms
[120.388s][info][gc,phases   ] GC(88) Concurrent Select Relocation Set 5.349ms
[120.388s][info][gc,phases   ] GC(88) Pause Relocate Start 0.008ms
[120.393s][info][gc,phases   ] GC(88) Concurrent Relocate 5.125ms
[120.393s][info][gc,load     ] GC(88) Load: 0.00/0.00/0.00
[120.393s][info][gc,mmu      ] GC(88) MMU: 2ms/97.7%, 5ms/99.1%, 10ms/99.5%, 20ms/99.8%, 50ms/99.9%, 100ms/99.9%
[120.393s][info][gc,marking  ] GC(88) Mark: 8 stripe(s), 1 proactive flush(es), 1 terminate flush(es), 0 completion(s), 0 continuation(s) 
[120.393s][info][gc,marking  ] GC(88) Mark Stack Usage: 32M
[120.393s][info][gc,nmethod  ] GC(88) NMethods: 2267 registered, 9 unregistered
[120.393s][info][gc,metaspace] GC(88) Metaspace: 13M used, 14M committed, 1088M reserved
[120.394s][info][gc,ref      ] GC(88) Soft: 211 encountered, 0 discovered, 0 enqueued
[120.394s][info][gc,ref      ] GC(88) Weak: 623 encountered, 36 discovered, 0 enqueued
[120.394s][info][gc,ref      ] GC(88) Final: 0 encountered, 0 discovered, 0 enqueued
[120.394s][info][gc,ref      ] GC(88) Phantom: 59 encountered, 52 discovered, 0 enqueued
[120.394s][info][gc,reloc    ] GC(88) Small Pages: 658 / 1316M, Empty: 1242M, Relocated: 3M, In-Place: 0
[120.394s][info][gc,reloc    ] GC(88) Medium Pages: 0 / 0M, Empty: 0M, Relocated: 0M, In-Place: 0
[120.394s][info][gc,reloc    ] GC(88) Large Pages: 0 / 0M, Empty: 0M, Relocated: 0M, In-Place: 0
[120.394s][info][gc,reloc    ] GC(88) Forwarding Usage: 1M
[120.394s][info][gc,heap     ] GC(88) Min Capacity: 8M(0%)
[120.394s][info][gc,heap     ] GC(88) Max Capacity: 4096M(100%)
[120.394s][info][gc,heap     ] GC(88) Soft Max Capacity: 4096M(100%)
[120.394s][info][gc,heap     ] GC(88)                Mark Start          Mark End        Relocate Start      Relocate End           High               Low         
[120.394s][info][gc,heap     ] GC(88)  Capacity:     3714M (91%)        3714M (91%)        3714M (91%)        3714M (91%)        3714M (91%)        3714M (91%)    
[120.394s][info][gc,heap     ] GC(88)      Free:     2780M (68%)        2780M (68%)        4022M (98%)        4068M (99%)        4068M (99%)        2780M (68%)    
[120.394s][info][gc,heap     ] GC(88)      Used:     1316M (32%)        1316M (32%)          74M (2%)           28M (1%)         1316M (32%)          28M (1%)     
[120.394s][info][gc,heap     ] GC(88)      Live:         -                 6M (0%)            6M (0%)            6M (0%)             -                  -          
[120.394s][info][gc,heap     ] GC(88) Allocated:         -                 0M (0%)            0M (0%)            0M (0%)             -                  -          
[120.394s][info][gc,heap     ] GC(88)   Garbage:         -              1309M (32%)          67M (2%)           21M (1%)             -                  -          
[120.394s][info][gc,heap     ] GC(88) Reclaimed:         -                  -              1242M (30%)        1288M (31%)            -                  -          
[120.394s][info][gc          ] GC(88) Garbage Collection (System.gc()) 1316M(32%)->28M(1%)
[121.630s][info][gc,start    ] GC(89) Garbage Collection (Allocation Rate)
[121.630s][info][gc,task     ] GC(89) Using 1 workers
[121.630s][info][gc,phases   ] GC(89) Pause Mark Start 0.011ms
[121.659s][info][gc,phases   ] GC(89) Concurrent Mark 28.091ms
[121.659s][info][gc,phases   ] GC(89) Pause Mark End 0.019ms
[121.659s][info][gc,phases   ] GC(89) Concurrent Mark Free 0.001ms
[121.726s][info][gc,phases   ] GC(89) Concurrent Process Non-Strong References 66.952ms
[121.726s][info][gc,phases   ] GC(89) Concurrent Reset Relocation Set 0.004ms
[121.731s][info][gc,phases   ] GC(89) Concurrent Select Relocation Set 4.604ms
[121.731s][info][gc,phases   ] GC(89) Pause Relocate Start 0.008ms
[121.733s][info][gc,phases   ] GC(89) Concurrent Relocate 2.006ms
[121.733s][info][gc,load     ] GC(89) Load: 0.00/0.00/0.00
[121.733s][info][gc,mmu      ] GC(89) MMU: 2ms/97.7%, 5ms/99.1%, 10ms/99.5%, 20ms/99.8%, 50ms/99.9%, 100ms/99.9%
[121.733s][info][gc,marking  ] GC(89) Mark: 1 stripe(s), 2 proactive flush(es), 1 terminate flush(es), 0 completion(s), 0 continuation(s) 
[121.733s][info][gc,marking  ] GC(89) Mark Stack Usage: 32M
[121.733s][info][gc,nmethod  ] GC(89) NMethods: 2267 registered, 9 unregistered
[121.733s][info][gc,metaspace] GC(89) Metaspace: 13M used, 14M committed, 1088M reserved
[121.733s][info][gc,ref      ] GC(89) Soft: 211 encountered, 0 discovered, 0 enqueued
[121.733s][info][gc,ref      ] GC(89) Weak: 729 encountered, 443 discovered, 2 enqueued
[121.733s][info][gc,ref      ] GC(89) Final: 0 encountered, 0 discovered, 0 enqueued
[121.733s][info][gc,ref      ] GC(89) Phantom: 59 encountered, 46 discovered, 0 enqueued
[121.733s][info][gc,reloc    ] GC(89) Small Pages: 1282 / 2564M, Empty: 2326M, Relocated: 3M, In-Place: 0
[121.733s][info][gc,reloc    ] GC(89) Medium Pages: 0 / 0M, Empty: 0M, Relocated: 0M, In-Place: 0
[121.733s][info][gc,reloc    ] GC(89) Large Pages: 0 / 0M, Empty: 0M, Relocated: 0M, In-Place: 0
[121.733s][info][gc,reloc    ] GC(89) Forwarding Usage: 0M
[121.733s][info][gc,heap     ] GC(89) Min Capacity: 8M(0%)
[121.733s][info][gc,heap     ] GC(89) Max Capacity: 4096M(100%)
[121.733s][info][gc,heap     ] GC(89) Soft Max Capacity: 4096M(100%)
[121.733s][info][gc,heap     ] GC(89)                Mark Start          Mark End        Relocate Start      Relocate End           High               Low         
[121.733s][info][gc,heap     ] GC(89)  Capacity:     3714M (91%)        3714M (91%)        3714M (91%)        3714M (91%)        3714M (91%)        3714M (91%)    
[121.733s][info][gc,heap     ] GC(89)      Free:     1532M (37%)        1438M (35%)        3602M (88%)        3804M (93%)        3804M (93%)        1298M (32%)    
[121.733s][info][gc,heap     ] GC(89)      Used:     2564M (63%)        2658M (65%)         494M (12%)         292M (7%)         2798M (68%)         292M (7%)     
[121.733s][info][gc,heap     ] GC(89)      Live:         -                 8M (0%)            8M (0%)            8M (0%)             -                  -          
[121.733s][info][gc,heap     ] GC(89) Allocated:         -                94M (2%)          256M (6%)          280M (7%)             -                  -          
[121.733s][info][gc,heap     ] GC(89)   Garbage:         -              2555M (62%)         229M (6%)            2M (0%)             -                  -          
[121.733s][info][gc,heap     ] GC(89) Reclaimed:         -                  -              2326M (57%)        2552M (62%)            -                  -          
[121.733s][info][gc          ] GC(89) Garbage Collection (Allocation Rate) 2564M(63%)->292M(7%)
[123.030s][info][gc,start    ] GC(90) Garbage Collection (Allocation Rate)
[123.030s][info][gc,task     ] GC(90) Using 1 workers
[123.030s][info][gc,phases   ] GC(90) Pause Mark Start 0.012ms
[123.051s][info][gc,phases   ] GC(90) Concurrent Mark 20.706ms
[123.051s][info][gc,phases   ] GC(90) Pause Mark End 0.018ms
[123.051s][info][gc,phases   ] GC(90) Concurrent Mark Free 0.002ms
[123.118s][info][gc,phases   ] GC(90) Concurrent Process Non-Strong References 66.422ms
[123.118s][info][gc,phases   ] GC(90) Concurrent Reset Relocation Set 0.014ms
[123.123s][info][gc,phases   ] GC(90) Concurrent Select Relocation Set 5.292ms
[123.123s][info][gc,phases   ] GC(90) Pause Relocate Start 0.008ms
[123.128s][info][gc,phases   ] GC(90) Concurrent Relocate 3.982ms
[123.128s][info][gc,load     ] GC(90) Load: 0.00/0.00/0.00
[123.128s][info][gc,mmu      ] GC(90) MMU: 2ms/97.7%, 5ms/99.1%, 10ms/99.5%, 20ms/99.8%, 50ms/99.9%, 100ms/99.9%
[123.128s][info][gc,marking  ] GC(90) Mark: 1 stripe(s), 2 proactive flush(es), 1 terminate flush(es), 0 completion(s), 0 continuation(s) 
[123.128s][info][gc,marking  ] GC(90) Mark Stack Usage: 32M
[123.128s][info][gc,nmethod  ] GC(90) NMethods: 2267 registered, 9 unregistered
[123.128s][info][gc,metaspace] GC(90) Metaspace: 13M used, 14M committed, 1088M reserved
[123.128s][info][gc,ref      ] GC(90) Soft: 211 encountered, 0 discovered, 0 enqueued
[123.128s][info][gc,ref      ] GC(90) Weak: 727 encountered, 441 discovered, 0 enqueued
[123.128s][info][gc,ref      ] GC(90) Final: 0 encountered, 0 discovered, 0 enqueued
[123.128s][info][gc,ref      ] GC(90) Phantom: 59 encountered, 46 discovered, 0 enqueued
[123.128s][info][gc,reloc    ] GC(90) Small Pages: 1392 / 2784M, Empty: 2526M, Relocated: 2M, In-Place: 0
[123.128s][info][gc,reloc    ] GC(90) Medium Pages: 0 / 0M, Empty: 0M, Relocated: 0M, In-Place: 0
[123.128s][info][gc,reloc    ] GC(90) Large Pages: 0 / 0M, Empty: 0M, Relocated: 0M, In-Place: 0
[123.128s][info][gc,reloc    ] GC(90) Forwarding Usage: 0M
[123.128s][info][gc,heap     ] GC(90) Min Capacity: 8M(0%)
[123.128s][info][gc,heap     ] GC(90) Max Capacity: 4096M(100%)
[123.128s][info][gc,heap     ] GC(90) Soft Max Capacity: 4096M(100%)
[123.128s][info][gc,heap     ] GC(90)                Mark Start          Mark End        Relocate Start      Relocate End           High               Low         
[123.128s][info][gc,heap     ] GC(90)  Capacity:     3714M (91%)        3714M (91%)        3714M (91%)        3714M (91%)        3714M (91%)        3714M (91%)    
[123.128s][info][gc,heap     ] GC(90)      Free:     1312M (32%)        1216M (30%)        3620M (88%)        3832M (94%)        3832M (94%)        1112M (27%)    
[123.128s][info][gc,heap     ] GC(90)      Used:     2784M (68%)        2880M (70%)         476M (12%)         264M (6%)         2984M (73%)         264M (6%)     
[123.128s][info][gc,heap     ] GC(90)      Live:         -                 9M (0%)            9M (0%)            9M (0%)             -                  -          
[123.128s][info][gc,heap     ] GC(90) Allocated:         -                96M (2%)          218M (5%)          252M (6%)             -                  -          
[123.128s][info][gc,heap     ] GC(90)   Garbage:         -              2774M (68%)         248M (6%)            2M (0%)             -                  -          
[123.128s][info][gc,heap     ] GC(90) Reclaimed:         -                  -              2526M (62%)        2772M (68%)            -                  -          
[123.128s][info][gc          ] GC(90) Garbage Collection (Allocation Rate) 2784M(68%)->264M(6%)
[124.530s][info][gc,start    ] GC(91) Garbage Collection (Allocation Rate)
[124.530s][info][gc,task     ] GC(91) Using 1 workers
[124.530s][info][gc,phases   ] GC(91) Pause Mark Start 0.012ms
[124.550s][info][gc,phases   ] GC(91) Concurrent Mark 19.553ms
[124.550s][info][gc,phases   ] GC(91) Pause Mark End 0.018ms
[124.550s][info][gc,phases   ] GC(91) Concurrent Mark Free 0.001ms
[124.626s][info][gc,phases   ] GC(91) Concurrent Process Non-Strong References 75.802ms
[124.626s][info][gc,phases   ] GC(91) Concurrent Reset Relocation Set 0.014ms
[124.630s][info][gc,phases   ] GC(91) Concurrent Select Relocation Set 4.028ms
[124.630s][info][gc,phases   ] GC(91) Pause Relocate Start 0.008ms
[124.634s][info][gc,phases   ] GC(91) Concurrent Relocate 3.413ms
[124.634s][info][gc,load     ] GC(91) Load: 0.00/0.00/0.00
[124.634s][info][gc,mmu      ] GC(91) MMU: 2ms/97.7%, 5ms/99.1%, 10ms/99.5%, 20ms/99.8%, 50ms/99.9%, 100ms/99.9%
[124.634s][info][gc,marking  ] GC(91) Mark: 1 stripe(s), 2 proactive flush(es), 1 terminate flush(es), 0 completion(s), 0 continuation(s) 
[124.634s][info][gc,marking  ] GC(91) Mark Stack Usage: 32M
[124.634s][info][gc,nmethod  ] GC(91) NMethods: 2267 registered, 9 unregistered
[124.634s][info][gc,metaspace] GC(91) Metaspace: 13M used, 14M committed, 1088M reserved
[124.634s][info][gc,ref      ] GC(91) Soft: 211 encountered, 0 discovered, 0 enqueued
[124.634s][info][gc,ref      ] GC(91) Weak: 727 encountered, 441 discovered, 0 enqueued
[124.634s][info][gc,ref      ] GC(91) Final: 0 encountered, 0 discovered, 0 enqueued
[124.634s][info][gc,ref      ] GC(91) Phantom: 59 encountered, 46 discovered, 0 enqueued
[124.634s][info][gc,reloc    ] GC(91) Small Pages: 1624 / 3248M, Empty: 2978M, Relocated: 3M, In-Place: 0
[124.634s][info][gc,reloc    ] GC(91) Medium Pages: 0 / 0M, Empty: 0M, Relocated: 0M, In-Place: 0
[124.634s][info][gc,reloc    ] GC(91) Large Pages: 0 / 0M, Empty: 0M, Relocated: 0M, In-Place: 0
[124.634s][info][gc,reloc    ] GC(91) Forwarding Usage: 0M
[124.634s][info][gc,heap     ] GC(91) Min Capacity: 8M(0%)
[124.634s][info][gc,heap     ] GC(91) Max Capacity: 4096M(100%)
[124.634s][info][gc,heap     ] GC(91) Soft Max Capacity: 4096M(100%)
[124.634s][info][gc,heap     ] GC(91)                Mark Start          Mark End        Relocate Start      Relocate End           High               Low         
[124.634s][info][gc,heap     ] GC(91)  Capacity:     3714M (91%)        3714M (91%)        3714M (91%)        3714M (91%)        3714M (91%)        3714M (91%)    
[124.634s][info][gc,heap     ] GC(91)      Free:      848M (21%)         754M (18%)        3562M (87%)        3810M (93%)        3810M (93%)         586M (14%)    
[124.634s][info][gc,heap     ] GC(91)      Used:     3248M (79%)        3342M (82%)         534M (13%)         286M (7%)         3510M (86%)         286M (7%)     
[124.634s][info][gc,heap     ] GC(91)      Live:         -                 9M (0%)            9M (0%)            9M (0%)             -                  -          
[124.634s][info][gc,heap     ] GC(91) Allocated:         -                94M (2%)          264M (6%)          274M (7%)             -                  -          
[124.634s][info][gc,heap     ] GC(91)   Garbage:         -              3238M (79%)         260M (6%)            2M (0%)             -                  -          
[124.634s][info][gc,heap     ] GC(91) Reclaimed:         -                  -              2978M (73%)        3236M (79%)            -                  -          
[124.634s][info][gc          ] GC(91) Garbage Collection (Allocation Rate) 3248M(79%)->286M(7%)
[125.930s][info][gc,start    ] GC(92) Garbage Collection (Proactive)
[125.930s][info][gc,task     ] GC(92) Using 12 workers
[125.930s][info][gc,phases   ] GC(92) Pause Mark Start 0.016ms
[125.937s][info][gc,phases   ] GC(92) Concurrent Mark 6.644ms
[125.937s][info][gc,phases   ] GC(92) Pause Mark End 0.021ms
[125.937s][info][gc,phases   ] GC(92) Concurrent Mark Free 0.001ms
[125.945s][info][gc,phases   ] GC(92) Concurrent Process Non-Strong References 7.308ms
[125.945s][info][gc,phases   ] GC(92) Concurrent Reset Relocation Set 0.014ms
[125.948s][info][gc,phases   ] GC(92) Concurrent Select Relocation Set 3.432ms
[125.948s][info][gc,phases   ] GC(92) Pause Relocate Start 0.005ms
[125.953s][info][gc,phases   ] GC(92) Concurrent Relocate 5.075ms
[125.954s][info][gc,load     ] GC(92) Load: 0.00/0.00/0.00
[125.954s][info][gc,mmu      ] GC(92) MMU: 2ms/97.7%, 5ms/99.1%, 10ms/99.5%, 20ms/99.8%, 50ms/99.9%, 100ms/99.9%
[125.954s][info][gc,marking  ] GC(92) Mark: 8 stripe(s), 3 proactive flush(es), 1 terminate flush(es), 0 completion(s), 0 continuation(s) 
[125.954s][info][gc,marking  ] GC(92) Mark Stack Usage: 32M
[125.954s][info][gc,nmethod  ] GC(92) NMethods: 2267 registered, 9 unregistered
[125.954s][info][gc,metaspace] GC(92) Metaspace: 13M used, 14M committed, 1088M reserved
[125.954s][info][gc,ref      ] GC(92) Soft: 211 encountered, 0 discovered, 0 enqueued
[125.954s][info][gc,ref      ] GC(92) Weak: 727 encountered, 243 discovered, 0 enqueued
[125.954s][info][gc,ref      ] GC(92) Final: 0 encountered, 0 discovered, 0 enqueued
[125.954s][info][gc,ref      ] GC(92) Phantom: 59 encountered, 36 discovered, 0 enqueued
[125.954s][info][gc,reloc    ] GC(92) Small Pages: 1521 / 3042M, Empty: 2780M, Relocated: 3M, In-Place: 0
[125.954s][info][gc,reloc    ] GC(92) Medium Pages: 0 / 0M, Empty: 0M, Relocated: 0M, In-Place: 0
[125.954s][info][gc,reloc    ] GC(92) Large Pages: 0 / 0M, Empty: 0M, Relocated: 0M, In-Place: 0
[125.954s][info][gc,reloc    ] GC(92) Forwarding Usage: 0M
[125.954s][info][gc,heap     ] GC(92) Min Capacity: 8M(0%)
[125.954s][info][gc,heap     ] GC(92) Max Capacity: 4096M(100%)
[125.954s][info][gc,heap     ] GC(92) Soft Max Capacity: 4096M(100%)
[125.954s][info][gc,heap     ] GC(92)                Mark Start          Mark End        Relocate Start      Relocate End           High               Low         
[125.954s][info][gc,heap     ] GC(92)  Capacity:     3714M (91%)        3714M (91%)        3714M (91%)        3714M (91%)        3714M (91%)        3714M (91%)    
[125.954s][info][gc,heap     ] GC(92)      Free:     1054M (26%)         962M (23%)        3740M (91%)        3970M (97%)        3970M (97%)         962M (23%)    
[125.954s][info][gc,heap     ] GC(92)      Used:     3042M (74%)        3134M (77%)         356M (9%)          126M (3%)         3134M (77%)         126M (3%)     
[125.954s][info][gc,heap     ] GC(92)      Live:         -                 9M (0%)            9M (0%)            9M (0%)             -                  -          
[125.954s][info][gc,heap     ] GC(92) Allocated:         -                92M (2%)           94M (2%)           92M (2%)             -                  -          
[125.954s][info][gc,heap     ] GC(92)   Garbage:         -              3032M (74%)         252M (6%)           23M (1%)             -                  -          
[125.954s][info][gc,heap     ] GC(92) Reclaimed:         -                  -              2780M (68%)        3008M (73%)            -                  -          
[125.954s][info][gc          ] GC(92) Garbage Collection (Proactive) 3042M(74%)->126M(3%)
[127.430s][info][gc,start    ] GC(93) Garbage Collection (Allocation Rate)
[127.430s][info][gc,task     ] GC(93) Using 1 workers
[127.445s][info][gc,phases   ] GC(93) Pause Mark Start 0.013ms
[127.470s][info][gc,phases   ] GC(93) Concurrent Mark 24.769ms
[127.471s][info][gc,phases   ] GC(93) Pause Mark End 0.038ms
[127.471s][info][gc,phases   ] GC(93) Concurrent Mark Free 0.001ms
[127.546s][info][gc,phases   ] GC(93) Concurrent Process Non-Strong References 75.028ms
[127.546s][info][gc,phases   ] GC(93) Concurrent Reset Relocation Set 0.015ms
[127.550s][info][gc,phases   ] GC(93) Concurrent Select Relocation Set 4.140ms
[127.550s][info][gc,phases   ] GC(93) Pause Relocate Start 0.008ms
[127.554s][info][gc,phases   ] GC(93) Concurrent Relocate 3.609ms
[127.554s][info][gc,load     ] GC(93) Load: 0.00/0.00/0.00
[127.554s][info][gc,mmu      ] GC(93) MMU: 2ms/97.7%, 5ms/99.1%, 10ms/99.5%, 20ms/99.8%, 50ms/99.9%, 100ms/99.9%
[127.554s][info][gc,marking  ] GC(93) Mark: 1 stripe(s), 2 proactive flush(es), 1 terminate flush(es), 1 completion(s), 0 continuation(s) 
[127.554s][info][gc,marking  ] GC(93) Mark Stack Usage: 32M
[127.554s][info][gc,nmethod  ] GC(93) NMethods: 2267 registered, 9 unregistered
[127.554s][info][gc,metaspace] GC(93) Metaspace: 13M used, 14M committed, 1088M reserved
[127.554s][info][gc,ref      ] GC(93) Soft: 211 encountered, 0 discovered, 0 enqueued
[127.554s][info][gc,ref      ] GC(93) Weak: 727 encountered, 441 discovered, 0 enqueued
[127.554s][info][gc,ref      ] GC(93) Final: 0 encountered, 0 discovered, 0 enqueued
[127.554s][info][gc,ref      ] GC(93) Phantom: 59 encountered, 46 discovered, 0 enqueued
[127.554s][info][gc,reloc    ] GC(93) Small Pages: 1535 / 3070M, Empty: 2790M, Relocated: 3M, In-Place: 0
[127.554s][info][gc,reloc    ] GC(93) Medium Pages: 0 / 0M, Empty: 0M, Relocated: 0M, In-Place: 0
[127.554s][info][gc,reloc    ] GC(93) Large Pages: 0 / 0M, Empty: 0M, Relocated: 0M, In-Place: 0
[127.554s][info][gc,reloc    ] GC(93) Forwarding Usage: 0M
[127.554s][info][gc,heap     ] GC(93) Min Capacity: 8M(0%)
[127.554s][info][gc,heap     ] GC(93) Max Capacity: 4096M(100%)
[127.554s][info][gc,heap     ] GC(93) Soft Max Capacity: 4096M(100%)
[127.554s][info][gc,heap     ] GC(93)                Mark Start          Mark End        Relocate Start      Relocate End           High               Low         
[127.554s][info][gc,heap     ] GC(93)  Capacity:     3714M (91%)        3714M (91%)        3714M (91%)        3714M (91%)        3714M (91%)        3714M (91%)    
[127.554s][info][gc,heap     ] GC(93)      Free:     1026M (25%)         930M (23%)        3556M (87%)        3818M (93%)        3818M (93%)         790M (19%)    
[127.554s][info][gc,heap     ] GC(93)      Used:     3070M (75%)        3166M (77%)         540M (13%)         278M (7%)         3306M (81%)         278M (7%)     
[127.554s][info][gc,heap     ] GC(93)      Live:         -                 9M (0%)            9M (0%)            9M (0%)             -                  -          
[127.554s][info][gc,heap     ] GC(93) Allocated:         -                96M (2%)          260M (6%)          266M (7%)             -                  -          
[127.554s][info][gc,heap     ] GC(93)   Garbage:         -              3060M (75%)         270M (7%)            1M (0%)             -                  -          
[127.554s][info][gc,heap     ] GC(93) Reclaimed:         -                  -              2790M (68%)        3058M (75%)            -                  -          
[127.554s][info][gc          ] GC(93) Garbage Collection (Allocation Rate) 3070M(75%)->278M(7%)
[129.129s][info][gc,start    ] GC(94) Garbage Collection (Allocation Rate)
[129.129s][info][gc,task     ] GC(94) Using 1 workers
[129.130s][info][gc,phases   ] GC(94) Pause Mark Start 0.012ms
[129.151s][info][gc,phases   ] GC(94) Concurrent Mark 20.808ms
[129.151s][info][gc,phases   ] GC(94) Pause Mark End 0.018ms
[129.151s][info][gc,phases   ] GC(94) Concurrent Mark Free 0.001ms
[129.223s][info][gc,phases   ] GC(94) Concurrent Process Non-Strong References 72.325ms
[129.223s][info][gc,phases   ] GC(94) Concurrent Reset Relocation Set 0.025ms
[129.228s][info][gc,phases   ] GC(94) Concurrent Select Relocation Set 4.905ms
[129.228s][info][gc,phases   ] GC(94) Pause Relocate Start 0.009ms
[129.229s][info][gc,phases   ] GC(94) Concurrent Relocate 0.624ms
[129.229s][info][gc,load     ] GC(94) Load: 0.00/0.00/0.00
[129.229s][info][gc,mmu      ] GC(94) MMU: 2ms/97.7%, 5ms/99.1%, 10ms/99.5%, 20ms/99.8%, 50ms/99.9%, 100ms/99.9%
[129.229s][info][gc,marking  ] GC(94) Mark: 1 stripe(s), 2 proactive flush(es), 1 terminate flush(es), 0 completion(s), 0 continuation(s) 
[129.229s][info][gc,marking  ] GC(94) Mark Stack Usage: 32M
[129.229s][info][gc,nmethod  ] GC(94) NMethods: 2267 registered, 9 unregistered
[129.229s][info][gc,metaspace] GC(94) Metaspace: 13M used, 14M committed, 1088M reserved
[129.229s][info][gc,ref      ] GC(94) Soft: 211 encountered, 0 discovered, 0 enqueued
[129.229s][info][gc,ref      ] GC(94) Weak: 727 encountered, 441 discovered, 0 enqueued
[129.229s][info][gc,ref      ] GC(94) Final: 0 encountered, 0 discovered, 0 enqueued
[129.229s][info][gc,ref      ] GC(94) Phantom: 59 encountered, 46 discovered, 0 enqueued
[129.229s][info][gc,reloc    ] GC(94) Small Pages: 1620 / 3240M, Empty: 2968M, Relocated: 1M, In-Place: 0
[129.229s][info][gc,reloc    ] GC(94) Medium Pages: 0 / 0M, Empty: 0M, Relocated: 0M, In-Place: 0
[129.229s][info][gc,reloc    ] GC(94) Large Pages: 0 / 0M, Empty: 0M, Relocated: 0M, In-Place: 0
[129.229s][info][gc,reloc    ] GC(94) Forwarding Usage: 0M
[129.229s][info][gc,heap     ] GC(94) Min Capacity: 8M(0%)
[129.229s][info][gc,heap     ] GC(94) Max Capacity: 4096M(100%)
[129.229s][info][gc,heap     ] GC(94) Soft Max Capacity: 4096M(100%)
[129.230s][info][gc,heap     ] GC(94)                Mark Start          Mark End        Relocate Start      Relocate End           High               Low         
[129.230s][info][gc,heap     ] GC(94)  Capacity:     3714M (91%)        3714M (91%)        3714M (91%)        3714M (91%)        3714M (91%)        3714M (91%)    
[129.230s][info][gc,heap     ] GC(94)      Free:      856M (21%)         762M (19%)        3576M (87%)        3814M (93%)        3814M (93%)         638M (16%)    
[129.230s][info][gc,heap     ] GC(94)      Used:     3240M (79%)        3334M (81%)         520M (13%)         282M (7%)         3458M (84%)         282M (7%)     
[129.230s][info][gc,heap     ] GC(94)      Live:         -                 9M (0%)            9M (0%)            9M (0%)             -                  -          
[129.230s][info][gc,heap     ] GC(94) Allocated:         -                94M (2%)          248M (6%)          266M (7%)             -                  -          
[129.230s][info][gc,heap     ] GC(94)   Garbage:         -              3230M (79%)         262M (6%)            5M (0%)             -                  -          
[129.230s][info][gc,heap     ] GC(94) Reclaimed:         -                  -              2968M (72%)        3224M (79%)            -                  -          
[129.230s][info][gc          ] GC(94) Garbage Collection (Allocation Rate) 3240M(79%)->282M(7%)
[130.130s][info][gc,stats    ] === Garbage Collection Statistics =======================================================================================================================
[130.130s][info][gc,stats    ]                                                              Last 10s              Last 10m              Last 10h                Total
[130.130s][info][gc,stats    ]                                                              Avg / Max             Avg / Max             Avg / Max             Avg / Max
[130.130s][info][gc,stats    ]   Collector: Garbage Collection Cycle                     83.779 / 123.626      69.539 / 587.803      69.539 / 587.803      69.539 / 587.803     ms
[130.130s][info][gc,stats    ]  Contention: Mark Segment Reset Contention                     0 / 3                 1 / 26                1 / 26                1 / 26          ops/s
[130.130s][info][gc,stats    ]  Contention: Mark SeqNum Reset Contention                      0 / 1                 0 / 3                 0 / 3                 0 / 3           ops/s
[130.130s][info][gc,stats    ]    Critical: Allocation Stall                                  0 / 0                 0 / 0                 0 / 0                 0 / 0           ops/s
[130.130s][info][gc,stats    ]    Critical: Allocation Stall                              0.000 / 0.000         0.000 / 0.000         0.000 / 0.000         0.000 / 0.000       ms
[130.130s][info][gc,stats    ]    Critical: GC Locker Stall                                   0 / 0                 0 / 0                 0 / 0                 0 / 0           ops/s
[130.130s][info][gc,stats    ]    Critical: GC Locker Stall                               0.000 / 0.000         0.000 / 0.000         0.000 / 0.000         0.000 / 0.000       ms
[130.130s][info][gc,stats    ]    Critical: Relocation Stall                                  0 / 0                 0 / 0                 0 / 0                 0 / 0           ops/s
[130.130s][info][gc,stats    ]    Critical: Relocation Stall                              0.000 / 0.000         0.000 / 0.000         0.000 / 0.000         0.000 / 0.000       ms
[130.130s][info][gc,stats    ]      Memory: Allocation Rate                                2033 / 2176           1953 / 2208           1953 / 2208           1953 / 2208        MB/s
[130.130s][info][gc,stats    ]      Memory: Defragment                                        0 / 0                 0 / 0                 0 / 0                 0 / 0           ops/s
[130.130s][info][gc,stats    ]      Memory: Out Of Memory                                     0 / 0                 0 / 0                 0 / 0                 0 / 0           ops/s
[130.130s][info][gc,stats    ]      Memory: Page Cache Flush                                  0 / 0                 0 / 0                 0 / 0                 0 / 0           MB/s
[130.130s][info][gc,stats    ]      Memory: Page Cache Hit L1                              1019 / 1100            967 / 1107            967 / 1107            967 / 1107        ops/s
[130.130s][info][gc,stats    ]      Memory: Page Cache Hit L2                                 0 / 0                 0 / 0                 0 / 0                 0 / 0           ops/s
[130.130s][info][gc,stats    ]      Memory: Page Cache Hit L3                                 0 / 0                 7 / 448               7 / 448               7 / 448         ops/s
[130.130s][info][gc,stats    ]      Memory: Page Cache Miss                                   0 / 0                 6 / 471               6 / 471               6 / 471         ops/s
[130.130s][info][gc,stats    ]      Memory: Uncommit                                          0 / 0                 0 / 0                 0 / 0                 0 / 0           MB/s
[130.130s][info][gc,stats    ]      Memory: Undo Object Allocation Failed                     0 / 0                 0 / 5                 0 / 5                 0 / 5           ops/s
[130.130s][info][gc,stats    ]      Memory: Undo Object Allocation Succeeded                 26 / 106              21 / 124              21 / 124              21 / 124         ops/s
[130.130s][info][gc,stats    ]      Memory: Undo Page Allocation                              0 / 2                 0 / 23                0 / 23                0 / 23          ops/s
[130.130s][info][gc,stats    ]       Phase: Concurrent Mark                              19.138 / 28.091       24.389 / 549.801      24.389 / 549.801      24.389 / 549.801     ms
[130.130s][info][gc,stats    ]       Phase: Concurrent Mark Continue                      0.000 / 0.000         0.000 / 0.000         0.000 / 0.000         0.000 / 0.000       ms
[130.130s][info][gc,stats    ]       Phase: Concurrent Mark Free                          0.001 / 0.002         0.001 / 0.007         0.001 / 0.007         0.001 / 0.007       ms
[130.130s][info][gc,stats    ]       Phase: Concurrent Process Non-Strong References     53.456 / 75.802       30.529 / 75.802       30.529 / 75.802       30.529 / 75.802      ms
[130.130s][info][gc,stats    ]       Phase: Concurrent Relocate                           3.405 / 5.125         2.707 / 6.016         2.707 / 6.016         2.707 / 6.016       ms
[130.130s][info][gc,stats    ]       Phase: Concurrent Reset Relocation Set               0.014 / 0.025         0.015 / 0.025         0.015 / 0.025         0.015 / 0.025       ms
[130.130s][info][gc,stats    ]       Phase: Concurrent Select Relocation Set              4.536 / 5.349         5.044 / 22.887        5.044 / 22.887        5.044 / 22.887      ms
[130.130s][info][gc,stats    ]       Phase: Pause Mark End                                0.022 / 0.038         0.019 / 0.046         0.019 / 0.046         0.019 / 0.046       ms
[130.130s][info][gc,stats    ]       Phase: Pause Mark Start                              0.013 / 0.016         0.013 / 0.021         0.013 / 0.021         0.013 / 0.021       ms
[130.130s][info][gc,stats    ]       Phase: Pause Relocate Start                          0.008 / 0.009         0.008 / 0.019         0.008 / 0.019         0.008 / 0.019       ms
[130.130s][info][gc,stats    ]    Subphase: Concurrent Classes Purge                      0.007 / 0.009         0.057 / 3.013         0.057 / 3.013         0.057 / 3.013       ms
[130.130s][info][gc,stats    ]    Subphase: Concurrent Classes Unlink                     4.001 / 5.824         3.043 / 7.490         3.043 / 7.490         3.043 / 7.490       ms
[130.131s][info][gc,stats    ]    Subphase: Concurrent Mark                              10.924 / 26.996        9.330 / 109.674       9.330 / 109.674       9.330 / 109.674     ms
[130.131s][info][gc,stats    ]    Subphase: Concurrent Mark Try Flush                     0.125 / 0.444         0.748 / 80.074        0.748 / 80.074        0.748 / 80.074      ms
[130.131s][info][gc,stats    ]    Subphase: Concurrent Mark Try Terminate                 3.335 / 11.019        2.223 / 15.651        2.223 / 15.651        2.223 / 15.651      ms
[130.131s][info][gc,stats    ]    Subphase: Concurrent References Enqueue                 0.001 / 0.005         0.001 / 0.007         0.001 / 0.007         0.001 / 0.007       ms
[130.131s][info][gc,stats    ]    Subphase: Concurrent References Process                 0.095 / 0.178         0.093 / 0.194         0.093 / 0.194         0.093 / 0.194       ms
[130.131s][info][gc,stats    ]    Subphase: Concurrent Roots ClassLoaderDataGraph         0.091 / 0.400         0.082 / 0.923         0.082 / 0.923         0.082 / 0.923       ms
[130.131s][info][gc,stats    ]    Subphase: Concurrent Roots CodeCache                    0.000 / 0.000         0.000 / 0.000         0.000 / 0.000         0.000 / 0.000       ms
[130.131s][info][gc,stats    ]    Subphase: Concurrent Roots JavaThreads                  0.198 / 0.701         1.221 / 473.279       1.221 / 473.279       1.221 / 473.279     ms
[130.131s][info][gc,stats    ]    Subphase: Concurrent Roots OopStorageSet                0.042 / 0.140         0.084 / 1.317         0.084 / 1.317         0.084 / 1.317       ms
[130.131s][info][gc,stats    ]    Subphase: Concurrent Weak Roots OopStorageSet          17.946 / 70.837        8.640 / 70.837        8.640 / 70.837        8.640 / 70.837      ms
[130.131s][info][gc,stats    ]    Subphase: Pause Mark Try Complete                       0.003 / 0.003         0.005 / 0.007         0.005 / 0.007         0.005 / 0.007       ms
[130.131s][info][gc,stats    ]      System: Java Threads                                     53 / 60               53 / 73               53 / 73               53 / 73          threads
[130.131s][info][gc,stats    ] =========================================================================================================================================================
[130.830s][info][gc,start    ] GC(95) Garbage Collection (Allocation Rate)
[130.831s][info][gc,task     ] GC(95) Using 1 workers
[130.831s][info][gc,phases   ] GC(95) Pause Mark Start 0.014ms
[130.851s][info][gc,phases   ] GC(95) Concurrent Mark 20.390ms
[130.851s][info][gc,phases   ] GC(95) Pause Mark End 0.019ms
[130.851s][info][gc,phases   ] GC(95) Concurrent Mark Free 0.001ms
[130.915s][info][gc,phases   ] GC(95) Concurrent Process Non-Strong References 63.238ms
[130.915s][info][gc,phases   ] GC(95) Concurrent Reset Relocation Set 0.018ms
[130.920s][info][gc,phases   ] GC(95) Concurrent Select Relocation Set 4.687ms
[130.920s][info][gc,phases   ] GC(95) Pause Relocate Start 0.007ms
[130.920s][info][gc,phases   ] GC(95) Concurrent Relocate 0.607ms
[130.920s][info][gc,load     ] GC(95) Load: 0.00/0.00/0.00
[130.921s][info][gc,mmu      ] GC(95) MMU: 2ms/97.7%, 5ms/99.1%, 10ms/99.5%, 20ms/99.8%, 50ms/99.9%, 100ms/99.9%
[130.921s][info][gc,marking  ] GC(95) Mark: 1 stripe(s), 2 proactive flush(es), 1 terminate flush(es), 0 completion(s), 0 continuation(s) 
[130.921s][info][gc,marking  ] GC(95) Mark Stack Usage: 32M
[130.921s][info][gc,nmethod  ] GC(95) NMethods: 2267 registered, 9 unregistered
[130.921s][info][gc,metaspace] GC(95) Metaspace: 13M used, 14M committed, 1088M reserved
[130.921s][info][gc,ref      ] GC(95) Soft: 211 encountered, 0 discovered, 0 enqueued
[130.921s][info][gc,ref      ] GC(95) Weak: 723 encountered, 441 discovered, 0 enqueued
[130.921s][info][gc,ref      ] GC(95) Final: 0 encountered, 0 discovered, 0 enqueued
[130.921s][info][gc,ref      ] GC(95) Phantom: 59 encountered, 46 discovered, 0 enqueued
[130.921s][info][gc,reloc    ] GC(95) Small Pages: 1677 / 3354M, Empty: 3088M, Relocated: 1M, In-Place: 0
[130.921s][info][gc,reloc    ] GC(95) Medium Pages: 0 / 0M, Empty: 0M, Relocated: 0M, In-Place: 0
[130.921s][info][gc,reloc    ] GC(95) Large Pages: 0 / 0M, Empty: 0M, Relocated: 0M, In-Place: 0
[130.921s][info][gc,reloc    ] GC(95) Forwarding Usage: 0M
[130.921s][info][gc,heap     ] GC(95) Min Capacity: 8M(0%)
[130.921s][info][gc,heap     ] GC(95) Max Capacity: 4096M(100%)
[130.921s][info][gc,heap     ] GC(95) Soft Max Capacity: 4096M(100%)
[130.921s][info][gc,heap     ] GC(95)                Mark Start          Mark End        Relocate Start      Relocate End           High               Low         
[130.921s][info][gc,heap     ] GC(95)  Capacity:     3714M (91%)        3714M (91%)        3714M (91%)        3714M (91%)        3714M (91%)        3714M (91%)    
[130.921s][info][gc,heap     ] GC(95)      Free:      742M (18%)         648M (16%)        3620M (88%)        3846M (94%)        3846M (94%)         546M (13%)    
[130.921s][info][gc,heap     ] GC(95)      Used:     3354M (82%)        3448M (84%)         476M (12%)         250M (6%)         3550M (87%)         250M (6%)     
[130.921s][info][gc,heap     ] GC(95)      Live:         -                10M (0%)           10M (0%)           10M (0%)             -                  -          
[130.921s][info][gc,heap     ] GC(95) Allocated:         -                94M (2%)          210M (5%)          234M (6%)             -                  -          
[130.921s][info][gc,heap     ] GC(95)   Garbage:         -              3343M (82%)         255M (6%)            5M (0%)             -                  -          
[130.921s][info][gc,heap     ] GC(95) Reclaimed:         -                  -              3088M (75%)        3338M (82%)            -                  -          
[130.921s][info][gc          ] GC(95) Garbage Collection (Allocation Rate) 3354M(82%)->250M(6%)
[131.828s][info][gc,start    ] GC(96) Garbage Collection (System.gc())
[131.828s][info][gc,task     ] GC(96) Using 12 workers
[131.828s][info][gc,phases   ] GC(96) Pause Mark Start 0.017ms
[131.842s][info][gc,phases   ] GC(96) Concurrent Mark 13.530ms
[131.842s][info][gc,phases   ] GC(96) Pause Mark End 0.019ms
[131.842s][info][gc,phases   ] GC(96) Concurrent Mark Free 0.001ms
[131.853s][info][gc,phases   ] GC(96) Concurrent Process Non-Strong References 10.572ms
[131.853s][info][gc,phases   ] GC(96) Concurrent Reset Relocation Set 0.013ms
[131.857s][info][gc,phases   ] GC(96) Concurrent Select Relocation Set 4.429ms
[131.858s][info][gc,phases   ] GC(96) Pause Relocate Start 0.008ms
[131.862s][info][gc,phases   ] GC(96) Concurrent Relocate 4.042ms
[131.862s][info][gc,load     ] GC(96) Load: 0.00/0.00/0.00
[131.862s][info][gc,mmu      ] GC(96) MMU: 2ms/97.7%, 5ms/99.1%, 10ms/99.5%, 20ms/99.8%, 50ms/99.9%, 100ms/99.9%
[131.862s][info][gc,marking  ] GC(96) Mark: 8 stripe(s), 2 proactive flush(es), 1 terminate flush(es), 0 completion(s), 0 continuation(s) 
[131.862s][info][gc,marking  ] GC(96) Mark Stack Usage: 32M
[131.862s][info][gc,nmethod  ] GC(96) NMethods: 2272 registered, 9 unregistered
[131.862s][info][gc,metaspace] GC(96) Metaspace: 13M used, 14M committed, 1088M reserved
[131.862s][info][gc,ref      ] GC(96) Soft: 211 encountered, 0 discovered, 0 enqueued
[131.862s][info][gc,ref      ] GC(96) Weak: 627 encountered, 286 discovered, 0 enqueued
[131.862s][info][gc,ref      ] GC(96) Final: 0 encountered, 0 discovered, 0 enqueued
[131.862s][info][gc,ref      ] GC(96) Phantom: 59 encountered, 37 discovered, 0 enqueued
[131.862s][info][gc,reloc    ] GC(96) Small Pages: 1021 / 2042M, Empty: 1970M, Relocated: 3M, In-Place: 0
[131.862s][info][gc,reloc    ] GC(96) Medium Pages: 0 / 0M, Empty: 0M, Relocated: 0M, In-Place: 0
[131.862s][info][gc,reloc    ] GC(96) Large Pages: 0 / 0M, Empty: 0M, Relocated: 0M, In-Place: 0
[131.862s][info][gc,reloc    ] GC(96) Forwarding Usage: 1M
[131.862s][info][gc,heap     ] GC(96) Min Capacity: 8M(0%)
[131.862s][info][gc,heap     ] GC(96) Max Capacity: 4096M(100%)
[131.862s][info][gc,heap     ] GC(96) Soft Max Capacity: 4096M(100%)
[131.862s][info][gc,heap     ] GC(96)                Mark Start          Mark End        Relocate Start      Relocate End           High               Low         
[131.862s][info][gc,heap     ] GC(96)  Capacity:     3714M (91%)        3714M (91%)        3714M (91%)        3714M (91%)        3714M (91%)        3714M (91%)    
[131.862s][info][gc,heap     ] GC(96)      Free:     2054M (50%)        2054M (50%)        4024M (98%)        4068M (99%)        4068M (99%)        2054M (50%)    
[131.862s][info][gc,heap     ] GC(96)      Used:     2042M (50%)        2042M (50%)          72M (2%)           28M (1%)         2042M (50%)          28M (1%)     
[131.862s][info][gc,heap     ] GC(96)      Live:         -                 6M (0%)            6M (0%)            6M (0%)             -                  -          
[131.862s][info][gc,heap     ] GC(96) Allocated:         -                 0M (0%)            0M (0%)            0M (0%)             -                  -          
[131.863s][info][gc,heap     ] GC(96)   Garbage:         -              2035M (50%)          65M (2%)           21M (1%)             -                  -          
[131.863s][info][gc,heap     ] GC(96) Reclaimed:         -                  -              1970M (48%)        2014M (49%)            -                  -          
[131.863s][info][gc          ] GC(96) Garbage Collection (System.gc()) 2042M(50%)->28M(1%)
[133.230s][info][gc,start    ] GC(97) Garbage Collection (Allocation Rate)
[133.230s][info][gc,task     ] GC(97) Using 1 workers
[133.327s][info][gc,phases   ] GC(97) Pause Mark Start 0.018ms
[133.368s][info][gc,phases   ] GC(97) Concurrent Mark 40.240ms
[133.368s][info][gc,phases   ] GC(97) Pause Mark End 0.040ms
[133.368s][info][gc,phases   ] GC(97) Concurrent Mark Free 0.002ms
[133.442s][info][gc,phases   ] GC(97) Concurrent Process Non-Strong References 74.064ms
[133.442s][info][gc,phases   ] GC(97) Concurrent Reset Relocation Set 0.005ms
[133.446s][info][gc,phases   ] GC(97) Concurrent Select Relocation Set 3.527ms
[133.446s][info][gc,phases   ] GC(97) Pause Relocate Start 0.008ms
[133.448s][info][gc,phases   ] GC(97) Concurrent Relocate 2.330ms
[133.448s][info][gc,load     ] GC(97) Load: 0.00/0.00/0.00
[133.448s][info][gc,mmu      ] GC(97) MMU: 2ms/97.7%, 5ms/99.1%, 10ms/99.5%, 20ms/99.8%, 50ms/99.9%, 100ms/99.9%
[133.448s][info][gc,marking  ] GC(97) Mark: 1 stripe(s), 2 proactive flush(es), 1 terminate flush(es), 1 completion(s), 0 continuation(s) 
[133.448s][info][gc,marking  ] GC(97) Mark Stack Usage: 32M
[133.449s][info][gc,nmethod  ] GC(97) NMethods: 2274 registered, 10 unregistered
[133.449s][info][gc,metaspace] GC(97) Metaspace: 13M used, 14M committed, 1088M reserved
[133.449s][info][gc,ref      ] GC(97) Soft: 211 encountered, 0 discovered, 0 enqueued
[133.449s][info][gc,ref      ] GC(97) Weak: 723 encountered, 439 discovered, 0 enqueued
[133.449s][info][gc,ref      ] GC(97) Final: 0 encountered, 0 discovered, 0 enqueued
[133.449s][info][gc,ref      ] GC(97) Phantom: 59 encountered, 46 discovered, 0 enqueued
[133.449s][info][gc,reloc    ] GC(97) Small Pages: 1251 / 2502M, Empty: 2250M, Relocated: 3M, In-Place: 0
[133.449s][info][gc,reloc    ] GC(97) Medium Pages: 0 / 0M, Empty: 0M, Relocated: 0M, In-Place: 0
[133.449s][info][gc,reloc    ] GC(97) Large Pages: 0 / 0M, Empty: 0M, Relocated: 0M, In-Place: 0
[133.449s][info][gc,reloc    ] GC(97) Forwarding Usage: 0M
[133.449s][info][gc,heap     ] GC(97) Min Capacity: 8M(0%)
[133.449s][info][gc,heap     ] GC(97) Max Capacity: 4096M(100%)
[133.449s][info][gc,heap     ] GC(97) Soft Max Capacity: 4096M(100%)
[133.449s][info][gc,heap     ] GC(97)                Mark Start          Mark End        Relocate Start      Relocate End           High               Low         
[133.449s][info][gc,heap     ] GC(97)  Capacity:     3714M (91%)        3714M (91%)        3714M (91%)        3714M (91%)        3714M (91%)        3714M (91%)    
[133.449s][info][gc,heap     ] GC(97)      Free:     1594M (39%)        1500M (37%)        3582M (87%)        3812M (93%)        3812M (93%)        1342M (33%)    
[133.449s][info][gc,heap     ] GC(97)      Used:     2502M (61%)        2596M (63%)         514M (13%)         284M (7%)         2754M (67%)         284M (7%)     
[133.449s][info][gc,heap     ] GC(97)      Live:         -                 8M (0%)            8M (0%)            8M (0%)             -                  -          
[133.449s][info][gc,heap     ] GC(97) Allocated:         -                94M (2%)          262M (6%)          272M (7%)             -                  -          
[133.449s][info][gc,heap     ] GC(97)   Garbage:         -              2493M (61%)         243M (6%)            2M (0%)             -                  -          
[133.449s][info][gc,heap     ] GC(97) Reclaimed:         -                  -              2250M (55%)        2490M (61%)            -                  -          
[133.449s][info][gc          ] GC(97) Garbage Collection (Allocation Rate) 2502M(61%)->284M(7%)
[134.430s][info][gc,start    ] GC(98) Garbage Collection (Allocation Rate)
[134.430s][info][gc,task     ] GC(98) Using 1 workers
[134.430s][info][gc,phases   ] GC(98) Pause Mark Start 0.020ms
[134.452s][info][gc,phases   ] GC(98) Concurrent Mark 22.459ms
[134.453s][info][gc,phases   ] GC(98) Pause Mark End 0.019ms
[134.453s][info][gc,phases   ] GC(98) Concurrent Mark Free 0.001ms
[134.525s][info][gc,phases   ] GC(98) Concurrent Process Non-Strong References 72.688ms
[134.525s][info][gc,phases   ] GC(98) Concurrent Reset Relocation Set 0.021ms
[134.529s][info][gc,phases   ] GC(98) Concurrent Select Relocation Set 3.517ms
[134.529s][info][gc,phases   ] GC(98) Pause Relocate Start 0.010ms
[134.530s][info][gc,phases   ] GC(98) Concurrent Relocate 0.552ms
[134.530s][info][gc,load     ] GC(98) Load: 0.00/0.00/0.00
[134.530s][info][gc,mmu      ] GC(98) MMU: 2ms/97.7%, 5ms/99.1%, 10ms/99.5%, 20ms/99.8%, 50ms/99.9%, 100ms/99.9%
[134.530s][info][gc,marking  ] GC(98) Mark: 1 stripe(s), 2 proactive flush(es), 1 terminate flush(es), 0 completion(s), 0 continuation(s) 
[134.530s][info][gc,marking  ] GC(98) Mark Stack Usage: 32M
[134.530s][info][gc,nmethod  ] GC(98) NMethods: 2274 registered, 10 unregistered
[134.530s][info][gc,metaspace] GC(98) Metaspace: 13M used, 14M committed, 1088M reserved
[134.530s][info][gc,ref      ] GC(98) Soft: 211 encountered, 0 discovered, 0 enqueued
[134.530s][info][gc,ref      ] GC(98) Weak: 723 encountered, 439 discovered, 0 enqueued
[134.530s][info][gc,ref      ] GC(98) Final: 0 encountered, 0 discovered, 0 enqueued
[134.530s][info][gc,ref      ] GC(98) Phantom: 59 encountered, 46 discovered, 0 enqueued
[134.530s][info][gc,reloc    ] GC(98) Small Pages: 1120 / 2240M, Empty: 1998M, Relocated: 1M, In-Place: 0
[134.530s][info][gc,reloc    ] GC(98) Medium Pages: 0 / 0M, Empty: 0M, Relocated: 0M, In-Place: 0
[134.530s][info][gc,reloc    ] GC(98) Large Pages: 0 / 0M, Empty: 0M, Relocated: 0M, In-Place: 0
[134.530s][info][gc,reloc    ] GC(98) Forwarding Usage: 0M
[134.530s][info][gc,heap     ] GC(98) Min Capacity: 8M(0%)
[134.530s][info][gc,heap     ] GC(98) Max Capacity: 4096M(100%)
[134.530s][info][gc,heap     ] GC(98) Soft Max Capacity: 4096M(100%)
[134.530s][info][gc,heap     ] GC(98)                Mark Start          Mark End        Relocate Start      Relocate End           High               Low         
[134.530s][info][gc,heap     ] GC(98)  Capacity:     3714M (91%)        3714M (91%)        3714M (91%)        3714M (91%)        3714M (91%)        3714M (91%)    
[134.530s][info][gc,heap     ] GC(98)      Free:     1856M (45%)        1760M (43%)        3588M (88%)        3806M (93%)        3806M (93%)        1594M (39%)    
[134.530s][info][gc,heap     ] GC(98)      Used:     2240M (55%)        2336M (57%)         508M (12%)         290M (7%)         2502M (61%)         290M (7%)     
[134.530s][info][gc,heap     ] GC(98)      Live:         -                 9M (0%)            9M (0%)            9M (0%)             -                  -          
[134.530s][info][gc,heap     ] GC(98) Allocated:         -                96M (2%)          266M (6%)          276M (7%)             -                  -          
[134.530s][info][gc,heap     ] GC(98)   Garbage:         -              2230M (54%)         232M (6%)            4M (0%)             -                  -          
[134.530s][info][gc,heap     ] GC(98) Reclaimed:         -                  -              1998M (49%)        2226M (54%)            -                  -          
[134.530s][info][gc          ] GC(98) Garbage Collection (Allocation Rate) 2240M(55%)->290M(7%)
[135.830s][info][gc,start    ] GC(99) Garbage Collection (Allocation Rate)
[135.830s][info][gc,task     ] GC(99) Using 1 workers
[135.831s][info][gc,phases   ] GC(99) Pause Mark Start 0.012ms
[135.850s][info][gc,phases   ] GC(99) Concurrent Mark 19.455ms
[135.850s][info][gc,phases   ] GC(99) Pause Mark End 0.018ms
[135.850s][info][gc,phases   ] GC(99) Concurrent Mark Free 0.001ms
[135.929s][info][gc,phases   ] GC(99) Concurrent Process Non-Strong References 78.162ms
[135.929s][info][gc,phases   ] GC(99) Concurrent Reset Relocation Set 0.015ms
[135.933s][info][gc,phases   ] GC(99) Concurrent Select Relocation Set 4.093ms
[135.933s][info][gc,phases   ] GC(99) Pause Relocate Start 0.009ms
[135.936s][info][gc,phases   ] GC(99) Concurrent Relocate 2.905ms
[135.936s][info][gc,load     ] GC(99) Load: 0.00/0.00/0.00
[135.936s][info][gc,mmu      ] GC(99) MMU: 2ms/97.7%, 5ms/99.1%, 10ms/99.5%, 20ms/99.8%, 50ms/99.9%, 100ms/99.9%
[135.936s][info][gc,marking  ] GC(99) Mark: 1 stripe(s), 2 proactive flush(es), 1 terminate flush(es), 0 completion(s), 0 continuation(s) 
[135.936s][info][gc,marking  ] GC(99) Mark Stack Usage: 32M
[135.936s][info][gc,nmethod  ] GC(99) NMethods: 2274 registered, 10 unregistered
[135.936s][info][gc,metaspace] GC(99) Metaspace: 13M used, 14M committed, 1088M reserved
[135.936s][info][gc,ref      ] GC(99) Soft: 211 encountered, 0 discovered, 0 enqueued
[135.936s][info][gc,ref      ] GC(99) Weak: 723 encountered, 439 discovered, 0 enqueued
[135.936s][info][gc,ref      ] GC(99) Final: 0 encountered, 0 discovered, 0 enqueued
[135.936s][info][gc,ref      ] GC(99) Phantom: 59 encountered, 46 discovered, 0 enqueued
[135.936s][info][gc,reloc    ] GC(99) Small Pages: 1409 / 2818M, Empty: 2554M, Relocated: 3M, In-Place: 0
[135.936s][info][gc,reloc    ] GC(99) Medium Pages: 0 / 0M, Empty: 0M, Relocated: 0M, In-Place: 0
[135.936s][info][gc,reloc    ] GC(99) Large Pages: 0 / 0M, Empty: 0M, Relocated: 0M, In-Place: 0
[135.936s][info][gc,reloc    ] GC(99) Forwarding Usage: 0M
[135.936s][info][gc,heap     ] GC(99) Min Capacity: 8M(0%)
[135.936s][info][gc,heap     ] GC(99) Max Capacity: 4096M(100%)
[135.936s][info][gc,heap     ] GC(99) Soft Max Capacity: 4096M(100%)
[135.936s][info][gc,heap     ] GC(99)                Mark Start          Mark End        Relocate Start      Relocate End           High               Low         
[135.936s][info][gc,heap     ] GC(99)  Capacity:     3714M (91%)        3714M (91%)        3714M (91%)        3714M (91%)        3714M (91%)        3714M (91%)    
[135.936s][info][gc,heap     ] GC(99)      Free:     1278M (31%)        1184M (29%)        3562M (87%)        3810M (93%)        3810M (93%)        1018M (25%)    
[135.936s][info][gc,heap     ] GC(99)      Used:     2818M (69%)        2912M (71%)         534M (13%)         286M (7%)         3078M (75%)         286M (7%)     
[135.936s][info][gc,heap     ] GC(99)      Live:         -                 9M (0%)            9M (0%)            9M (0%)             -                  -          
[135.936s][info][gc,heap     ] GC(99) Allocated:         -                94M (2%)          270M (7%)          274M (7%)             -                  -          
[135.937s][info][gc,heap     ] GC(99)   Garbage:         -              2808M (69%)         254M (6%)            2M (0%)             -                  -          
[135.937s][info][gc,heap     ] GC(99) Reclaimed:         -                  -              2554M (62%)        2806M (69%)            -                  -          
[135.937s][info][gc          ] GC(99) Garbage Collection (Allocation Rate) 2818M(69%)->286M(7%)
[137.430s][info][gc,start    ] GC(100) Garbage Collection (Allocation Rate)
[137.430s][info][gc,task     ] GC(100) Using 1 workers
[137.430s][info][gc,phases   ] GC(100) Pause Mark Start 0.013ms
[137.450s][info][gc,phases   ] GC(100) Concurrent Mark 19.473ms
[137.450s][info][gc,phases   ] GC(100) Pause Mark End 0.016ms
[137.450s][info][gc,phases   ] GC(100) Concurrent Mark Free 0.006ms
[137.517s][info][gc,phases   ] GC(100) Concurrent Process Non-Strong References 67.397ms
[137.517s][info][gc,phases   ] GC(100) Concurrent Reset Relocation Set 0.014ms
[137.521s][info][gc,phases   ] GC(100) Concurrent Select Relocation Set 3.247ms
[137.521s][info][gc,phases   ] GC(100) Pause Relocate Start 0.009ms
[137.526s][info][gc,phases   ] GC(100) Concurrent Relocate 4.747ms
[137.526s][info][gc,load     ] GC(100) Load: 0.00/0.00/0.00
[137.526s][info][gc,mmu      ] GC(100) MMU: 2ms/97.7%, 5ms/99.1%, 10ms/99.5%, 20ms/99.8%, 50ms/99.9%, 100ms/99.9%
[137.526s][info][gc,marking  ] GC(100) Mark: 1 stripe(s), 2 proactive flush(es), 1 terminate flush(es), 0 completion(s), 0 continuation(s) 
[137.526s][info][gc,marking  ] GC(100) Mark Stack Usage: 32M
[137.526s][info][gc,nmethod  ] GC(100) NMethods: 2274 registered, 10 unregistered
[137.526s][info][gc,metaspace] GC(100) Metaspace: 13M used, 14M committed, 1088M reserved
[137.526s][info][gc,ref      ] GC(100) Soft: 211 encountered, 0 discovered, 0 enqueued
[137.526s][info][gc,ref      ] GC(100) Weak: 723 encountered, 439 discovered, 0 enqueued
[137.526s][info][gc,ref      ] GC(100) Final: 0 encountered, 0 discovered, 0 enqueued
[137.526s][info][gc,ref      ] GC(100) Phantom: 59 encountered, 46 discovered, 0 enqueued
[137.526s][info][gc,reloc    ] GC(100) Small Pages: 1614 / 3228M, Empty: 2964M, Relocated: 3M, In-Place: 0
[137.526s][info][gc,reloc    ] GC(100) Medium Pages: 0 / 0M, Empty: 0M, Relocated: 0M, In-Place: 0
[137.526s][info][gc,reloc    ] GC(100) Large Pages: 0 / 0M, Empty: 0M, Relocated: 0M, In-Place: 0
[137.526s][info][gc,reloc    ] GC(100) Forwarding Usage: 0M
[137.526s][info][gc,heap     ] GC(100) Min Capacity: 8M(0%)
[137.526s][info][gc,heap     ] GC(100) Max Capacity: 4096M(100%)
[137.526s][info][gc,heap     ] GC(100) Soft Max Capacity: 4096M(100%)
[137.526s][info][gc,heap     ] GC(100)                Mark Start          Mark End        Relocate Start      Relocate End           High               Low         
[137.526s][info][gc,heap     ] GC(100)  Capacity:     3714M (91%)        3714M (91%)        3714M (91%)        3714M (91%)        3714M (91%)        3714M (91%)    
[137.526s][info][gc,heap     ] GC(100)      Free:      868M (21%)         774M (19%)        3632M (89%)        3858M (94%)        3858M (94%)         672M (16%)    
[137.526s][info][gc,heap     ] GC(100)      Used:     3228M (79%)        3322M (81%)         464M (11%)         238M (6%)         3424M (84%)         238M (6%)     
[137.526s][info][gc,heap     ] GC(100)      Live:         -                 9M (0%)            9M (0%)            9M (0%)             -                  -          
[137.526s][info][gc,heap     ] GC(100) Allocated:         -                94M (2%)          200M (5%)          226M (6%)             -                  -          
[137.526s][info][gc,heap     ] GC(100)   Garbage:         -              3218M (79%)         254M (6%)            2M (0%)             -                  -          
[137.526s][info][gc,heap     ] GC(100) Reclaimed:         -                  -              2964M (72%)        3216M (79%)            -                  -          
[137.526s][info][gc          ] GC(100) Garbage Collection (Allocation Rate) 3228M(79%)->238M(6%)
[139.130s][info][gc,start    ] GC(101) Garbage Collection (Allocation Rate)
[139.130s][info][gc,task     ] GC(101) Using 1 workers
[139.200s][info][gc,phases   ] GC(101) Pause Mark Start 0.017ms
[139.236s][info][gc,phases   ] GC(101) Concurrent Mark 35.491ms
[139.236s][info][gc,phases   ] GC(101) Pause Mark End 0.040ms
[139.236s][info][gc,phases   ] GC(101) Concurrent Mark Free 0.001ms
[139.311s][info][gc,phases   ] GC(101) Concurrent Process Non-Strong References 74.930ms
[139.311s][info][gc,phases   ] GC(101) Concurrent Reset Relocation Set 0.020ms
[139.316s][info][gc,phases   ] GC(101) Concurrent Select Relocation Set 4.737ms
[139.316s][info][gc,phases   ] GC(101) Pause Relocate Start 0.008ms
[139.317s][info][gc,phases   ] GC(101) Concurrent Relocate 0.650ms
[139.317s][info][gc,load     ] GC(101) Load: 0.00/0.00/0.00
[139.317s][info][gc,mmu      ] GC(101) MMU: 2ms/97.7%, 5ms/99.1%, 10ms/99.5%, 20ms/99.8%, 50ms/99.9%, 100ms/99.9%
[139.317s][info][gc,marking  ] GC(101) Mark: 1 stripe(s), 2 proactive flush(es), 1 terminate flush(es), 1 completion(s), 0 continuation(s) 
[139.317s][info][gc,marking  ] GC(101) Mark Stack Usage: 32M
[139.317s][info][gc,nmethod  ] GC(101) NMethods: 2274 registered, 10 unregistered
[139.317s][info][gc,metaspace] GC(101) Metaspace: 13M used, 14M committed, 1088M reserved
[139.317s][info][gc,ref      ] GC(101) Soft: 211 encountered, 0 discovered, 0 enqueued
[139.317s][info][gc,ref      ] GC(101) Weak: 723 encountered, 439 discovered, 0 enqueued
[139.317s][info][gc,ref      ] GC(101) Final: 0 encountered, 0 discovered, 0 enqueued
[139.317s][info][gc,ref      ] GC(101) Phantom: 59 encountered, 46 discovered, 0 enqueued
[139.317s][info][gc,reloc    ] GC(101) Small Pages: 1732 / 3464M, Empty: 3188M, Relocated: 1M, In-Place: 0
[139.317s][info][gc,reloc    ] GC(101) Medium Pages: 0 / 0M, Empty: 0M, Relocated: 0M, In-Place: 0
[139.317s][info][gc,reloc    ] GC(101) Large Pages: 0 / 0M, Empty: 0M, Relocated: 0M, In-Place: 0
[139.317s][info][gc,reloc    ] GC(101) Forwarding Usage: 0M
[139.317s][info][gc,heap     ] GC(101) Min Capacity: 8M(0%)
[139.317s][info][gc,heap     ] GC(101) Max Capacity: 4096M(100%)
[139.317s][info][gc,heap     ] GC(101) Soft Max Capacity: 4096M(100%)
[139.317s][info][gc,heap     ] GC(101)                Mark Start          Mark End        Relocate Start      Relocate End           High               Low         
[139.317s][info][gc,heap     ] GC(101)  Capacity:     3714M (91%)        3714M (91%)        3730M (91%)        3730M (91%)        3730M (91%)        3714M (91%)    
[139.317s][info][gc,heap     ] GC(101)      Free:      632M (15%)         536M (13%)        3548M (87%)        3804M (93%)        3804M (93%)         366M (9%)     
[139.317s][info][gc,heap     ] GC(101)      Used:     3464M (85%)        3560M (87%)         548M (13%)         292M (7%)         3730M (91%)         292M (7%)     
[139.317s][info][gc,heap     ] GC(101)      Live:         -                 9M (0%)            9M (0%)            9M (0%)             -                  -          
[139.317s][info][gc,heap     ] GC(101) Allocated:         -                96M (2%)          272M (7%)          276M (7%)             -                  -          
[139.317s][info][gc,heap     ] GC(101)   Garbage:         -              3454M (84%)         266M (7%)            5M (0%)             -                  -          
[139.317s][info][gc,heap     ] GC(101) Reclaimed:         -                  -              3188M (78%)        3448M (84%)            -                  -          
[139.317s][info][gc          ] GC(101) Garbage Collection (Allocation Rate) 3464M(85%)->292M(7%)
[140.131s][info][gc,stats    ] === Garbage Collection Statistics =======================================================================================================================
[140.131s][info][gc,stats    ]                                                              Last 10s              Last 10m              Last 10h                Total
[140.131s][info][gc,stats    ]                                                              Avg / Max             Avg / Max             Avg / Max             Avg / Max
[140.131s][info][gc,stats    ]   Collector: Garbage Collection Cycle                    118.696 / 218.075      72.913 / 587.803      72.913 / 587.803      72.913 / 587.803     ms
[140.131s][info][gc,stats    ]  Contention: Mark Segment Reset Contention                     0 / 0                 1 / 26                1 / 26                1 / 26          ops/s
[140.131s][info][gc,stats    ]  Contention: Mark SeqNum Reset Contention                      0 / 2                 0 / 3                 0 / 3                 0 / 3           ops/s
[140.131s][info][gc,stats    ]    Critical: Allocation Stall                                  0 / 0                 0 / 0                 0 / 0                 0 / 0           ops/s
[140.131s][info][gc,stats    ]    Critical: Allocation Stall                              0.000 / 0.000         0.000 / 0.000         0.000 / 0.000         0.000 / 0.000       ms
[140.131s][info][gc,stats    ]    Critical: GC Locker Stall                                   0 / 0                 0 / 0                 0 / 0                 0 / 0           ops/s
[140.131s][info][gc,stats    ]    Critical: GC Locker Stall                               0.000 / 0.000         0.000 / 0.000         0.000 / 0.000         0.000 / 0.000       ms
[140.131s][info][gc,stats    ]    Critical: Relocation Stall                                  0 / 0                 0 / 0                 0 / 0                 0 / 0           ops/s
[140.131s][info][gc,stats    ]    Critical: Relocation Stall                              0.000 / 0.000         0.000 / 0.000         0.000 / 0.000         0.000 / 0.000       ms
[140.131s][info][gc,stats    ]      Memory: Allocation Rate                                1950 / 2058           1953 / 2208           1953 / 2208           1953 / 2208        MB/s
[140.131s][info][gc,stats    ]      Memory: Defragment                                        0 / 0                 0 / 0                 0 / 0                 0 / 0           ops/s
[140.131s][info][gc,stats    ]      Memory: Out Of Memory                                     0 / 0                 0 / 0                 0 / 0                 0 / 0           ops/s
[140.131s][info][gc,stats    ]      Memory: Page Cache Flush                                  0 / 0                 0 / 0                 0 / 0                 0 / 0           MB/s
[140.131s][info][gc,stats    ]      Memory: Page Cache Hit L1                               976 / 1030            967 / 1107            967 / 1107            967 / 1107        ops/s
[140.131s][info][gc,stats    ]      Memory: Page Cache Hit L2                                 0 / 0                 0 / 0                 0 / 0                 0 / 0           ops/s
[140.131s][info][gc,stats    ]      Memory: Page Cache Hit L3                                 0 / 0                 7 / 448               7 / 448               7 / 448         ops/s
[140.131s][info][gc,stats    ]      Memory: Page Cache Miss                                   0 / 8                 6 / 471               6 / 471               6 / 471         ops/s
[140.131s][info][gc,stats    ]      Memory: Uncommit                                          0 / 0                 0 / 0                 0 / 0                 0 / 0           MB/s
[140.131s][info][gc,stats    ]      Memory: Undo Object Allocation Failed                     0 / 0                 0 / 5                 0 / 5                 0 / 5           ops/s
[140.131s][info][gc,stats    ]      Memory: Undo Object Allocation Succeeded                 19 / 61               21 / 124              21 / 124              21 / 124         ops/s
[140.131s][info][gc,stats    ]      Memory: Undo Page Allocation                              0 / 1                 0 / 23                0 / 23                0 / 23          ops/s
[140.131s][info][gc,stats    ]       Phase: Concurrent Mark                              24.434 / 40.240       24.392 / 549.801      24.392 / 549.801      24.392 / 549.801     ms
[140.131s][info][gc,stats    ]       Phase: Concurrent Mark Continue                      0.000 / 0.000         0.000 / 0.000         0.000 / 0.000         0.000 / 0.000       ms
[140.131s][info][gc,stats    ]       Phase: Concurrent Mark Free                          0.002 / 0.006         0.001 / 0.007         0.001 / 0.007         0.001 / 0.007       ms
[140.131s][info][gc,stats    ]       Phase: Concurrent Process Non-Strong References     63.007 / 78.162       32.758 / 78.162       32.758 / 78.162       32.758 / 78.162      ms
[140.131s][info][gc,stats    ]       Phase: Concurrent Relocate                           2.262 / 4.747         2.677 / 6.016         2.677 / 6.016         2.677 / 6.016       ms
[140.132s][info][gc,stats    ]       Phase: Concurrent Reset Relocation Set               0.015 / 0.021         0.015 / 0.025         0.015 / 0.025         0.015 / 0.025       ms
[140.132s][info][gc,stats    ]       Phase: Concurrent Select Relocation Set              4.034 / 4.737         4.974 / 22.887        4.974 / 22.887        4.974 / 22.887      ms
[140.132s][info][gc,stats    ]       Phase: Pause Mark End                                0.024 / 0.040         0.020 / 0.046         0.020 / 0.046         0.020 / 0.046       ms
[140.132s][info][gc,stats    ]       Phase: Pause Mark Start                              0.016 / 0.020         0.013 / 0.021         0.013 / 0.021         0.013 / 0.021       ms
[140.132s][info][gc,stats    ]       Phase: Pause Relocate Start                          0.008 / 0.010         0.008 / 0.019         0.008 / 0.019         0.008 / 0.019       ms
[140.132s][info][gc,stats    ]    Subphase: Concurrent Classes Purge                      0.008 / 0.022         0.054 / 3.013         0.054 / 3.013         0.054 / 3.013       ms
[140.132s][info][gc,stats    ]    Subphase: Concurrent Classes Unlink                     4.787 / 5.816         3.163 / 7.490         3.163 / 7.490         3.163 / 7.490       ms
[140.132s][info][gc,stats    ]    Subphase: Concurrent Mark                              16.276 / 38.327        9.541 / 109.674       9.541 / 109.674       9.541 / 109.674     ms
[140.132s][info][gc,stats    ]    Subphase: Concurrent Mark Try Flush                     0.086 / 0.169         0.704 / 80.074        0.704 / 80.074        0.704 / 80.074      ms
[140.132s][info][gc,stats    ]    Subphase: Concurrent Mark Try Terminate                 4.733 / 11.008        2.291 / 15.651        2.291 / 15.651        2.291 / 15.651      ms
[140.132s][info][gc,stats    ]    Subphase: Concurrent References Enqueue                 0.001 / 0.001         0.001 / 0.007         0.001 / 0.007         0.001 / 0.007       ms
[140.132s][info][gc,stats    ]    Subphase: Concurrent References Process                 0.111 / 0.183         0.095 / 0.194         0.095 / 0.194         0.095 / 0.194       ms
[140.132s][info][gc,stats    ]    Subphase: Concurrent Roots ClassLoaderDataGraph         0.146 / 0.660         0.085 / 0.923         0.085 / 0.923         0.085 / 0.923       ms
[140.132s][info][gc,stats    ]    Subphase: Concurrent Roots CodeCache                    0.000 / 0.000         0.000 / 0.000         0.000 / 0.000         0.000 / 0.000       ms
[140.132s][info][gc,stats    ]    Subphase: Concurrent Roots JavaThreads                  0.363 / 1.025         1.193 / 473.279       1.193 / 473.279       1.193 / 473.279     ms
[140.132s][info][gc,stats    ]    Subphase: Concurrent Roots OopStorageSet                0.079 / 0.278         0.084 / 1.317         0.084 / 1.317         0.084 / 1.317       ms
[140.132s][info][gc,stats    ]    Subphase: Concurrent Weak Roots OopStorageSet          28.463 / 72.002        9.244 / 72.002        9.244 / 72.002        9.244 / 72.002      ms
[140.132s][info][gc,stats    ]    Subphase: Pause Mark Try Complete                       0.004 / 0.004         0.004 / 0.007         0.004 / 0.007         0.004 / 0.007       ms
[140.132s][info][gc,stats    ]      System: Java Threads                                     52 / 60               53 / 73               53 / 73               53 / 73          threads
[140.132s][info][gc,stats    ] =========================================================================================================================================================
[140.630s][info][gc,start    ] GC(102) Garbage Collection (Allocation Rate)
[140.630s][info][gc,task     ] GC(102) Using 1 workers
[140.630s][info][gc,phases   ] GC(102) Pause Mark Start 0.013ms
[140.650s][info][gc,phases   ] GC(102) Concurrent Mark 19.442ms
[140.650s][info][gc,phases   ] GC(102) Pause Mark End 0.019ms
[140.650s][info][gc,phases   ] GC(102) Concurrent Mark Free 0.001ms
[140.722s][info][gc,phases   ] GC(102) Concurrent Process Non-Strong References 71.407ms
[140.722s][info][gc,phases   ] GC(102) Concurrent Reset Relocation Set 0.021ms
[140.726s][info][gc,phases   ] GC(102) Concurrent Select Relocation Set 4.727ms
[140.727s][info][gc,phases   ] GC(102) Pause Relocate Start 0.008ms
[140.728s][info][gc,phases   ] GC(102) Concurrent Relocate 0.819ms
[140.728s][info][gc,load     ] GC(102) Load: 0.00/0.00/0.00
[140.728s][info][gc,mmu      ] GC(102) MMU: 2ms/97.7%, 5ms/99.1%, 10ms/99.5%, 20ms/99.8%, 50ms/99.9%, 100ms/99.9%
[140.728s][info][gc,marking  ] GC(102) Mark: 1 stripe(s), 2 proactive flush(es), 1 terminate flush(es), 0 completion(s), 0 continuation(s) 
[140.728s][info][gc,marking  ] GC(102) Mark Stack Usage: 32M
[140.728s][info][gc,nmethod  ] GC(102) NMethods: 2274 registered, 10 unregistered
[140.728s][info][gc,metaspace] GC(102) Metaspace: 13M used, 14M committed, 1088M reserved
[140.728s][info][gc,ref      ] GC(102) Soft: 211 encountered, 0 discovered, 0 enqueued
[140.728s][info][gc,ref      ] GC(102) Weak: 723 encountered, 439 discovered, 0 enqueued
[140.728s][info][gc,ref      ] GC(102) Final: 0 encountered, 0 discovered, 0 enqueued
[140.728s][info][gc,ref      ] GC(102) Phantom: 59 encountered, 46 discovered, 0 enqueued
[140.728s][info][gc,reloc    ] GC(102) Small Pages: 1517 / 3034M, Empty: 2768M, Relocated: 2M, In-Place: 0
[140.728s][info][gc,reloc    ] GC(102) Medium Pages: 0 / 0M, Empty: 0M, Relocated: 0M, In-Place: 0
[140.728s][info][gc,reloc    ] GC(102) Large Pages: 0 / 0M, Empty: 0M, Relocated: 0M, In-Place: 0
[140.728s][info][gc,reloc    ] GC(102) Forwarding Usage: 0M
[140.728s][info][gc,heap     ] GC(102) Min Capacity: 8M(0%)
[140.728s][info][gc,heap     ] GC(102) Max Capacity: 4096M(100%)
[140.728s][info][gc,heap     ] GC(102) Soft Max Capacity: 4096M(100%)
[140.728s][info][gc,heap     ] GC(102)                Mark Start          Mark End        Relocate Start      Relocate End           High               Low         
[140.728s][info][gc,heap     ] GC(102)  Capacity:     3730M (91%)        3730M (91%)        3730M (91%)        3730M (91%)        3730M (91%)        3730M (91%)    
[140.728s][info][gc,heap     ] GC(102)      Free:     1062M (26%)         968M (24%)        3572M (87%)        3808M (93%)        3808M (93%)         820M (20%)    
[140.728s][info][gc,heap     ] GC(102)      Used:     3034M (74%)        3128M (76%)         524M (13%)         288M (7%)         3276M (80%)         288M (7%)     
[140.728s][info][gc,heap     ] GC(102)      Live:         -                 9M (0%)            9M (0%)            9M (0%)             -                  -          
[140.728s][info][gc,heap     ] GC(102) Allocated:         -                94M (2%)          258M (6%)          274M (7%)             -                  -          
[140.728s][info][gc,heap     ] GC(102)   Garbage:         -              3024M (74%)         256M (6%)            3M (0%)             -                  -          
[140.728s][info][gc,heap     ] GC(102) Reclaimed:         -                  -              2768M (68%)        3020M (74%)            -                  -          
[140.728s][info][gc          ] GC(102) Garbage Collection (Allocation Rate) 3034M(74%)->288M(7%)
[142.230s][info][gc,start    ] GC(103) Garbage Collection (Allocation Rate)
[142.230s][info][gc,task     ] GC(103) Using 1 workers
[142.230s][info][gc,phases   ] GC(103) Pause Mark Start 0.011ms
[142.248s][info][gc,phases   ] GC(103) Concurrent Mark 17.468ms
[142.248s][info][gc,phases   ] GC(103) Pause Mark End 0.019ms
[142.248s][info][gc,phases   ] GC(103) Concurrent Mark Free 0.001ms
[142.326s][info][gc,phases   ] GC(103) Concurrent Process Non-Strong References 77.784ms
[142.326s][info][gc,phases   ] GC(103) Concurrent Reset Relocation Set 0.019ms
[142.331s][info][gc,phases   ] GC(103) Concurrent Select Relocation Set 4.586ms
[142.331s][info][gc,phases   ] GC(103) Pause Relocate Start 0.009ms
[142.332s][info][gc,phases   ] GC(103) Concurrent Relocate 0.919ms
[142.332s][info][gc,load     ] GC(103) Load: 0.00/0.00/0.00
[142.332s][info][gc,mmu      ] GC(103) MMU: 2ms/97.7%, 5ms/99.1%, 10ms/99.5%, 20ms/99.8%, 50ms/99.9%, 100ms/99.9%
[142.332s][info][gc,marking  ] GC(103) Mark: 1 stripe(s), 2 proactive flush(es), 1 terminate flush(es), 0 completion(s), 0 continuation(s) 
[142.332s][info][gc,marking  ] GC(103) Mark Stack Usage: 32M
[142.332s][info][gc,nmethod  ] GC(103) NMethods: 2274 registered, 10 unregistered
[142.332s][info][gc,metaspace] GC(103) Metaspace: 13M used, 14M committed, 1088M reserved
[142.332s][info][gc,ref      ] GC(103) Soft: 211 encountered, 0 discovered, 0 enqueued
[142.332s][info][gc,ref      ] GC(103) Weak: 723 encountered, 439 discovered, 0 enqueued
[142.332s][info][gc,ref      ] GC(103) Final: 0 encountered, 0 discovered, 0 enqueued
[142.332s][info][gc,ref      ] GC(103) Phantom: 59 encountered, 46 discovered, 0 enqueued
[142.332s][info][gc,reloc    ] GC(103) Small Pages: 1652 / 3304M, Empty: 3034M, Relocated: 2M, In-Place: 0
[142.332s][info][gc,reloc    ] GC(103) Medium Pages: 0 / 0M, Empty: 0M, Relocated: 0M, In-Place: 0
[142.332s][info][gc,reloc    ] GC(103) Large Pages: 0 / 0M, Empty: 0M, Relocated: 0M, In-Place: 0
[142.332s][info][gc,reloc    ] GC(103) Forwarding Usage: 0M
[142.332s][info][gc,heap     ] GC(103) Min Capacity: 8M(0%)
[142.332s][info][gc,heap     ] GC(103) Max Capacity: 4096M(100%)
[142.332s][info][gc,heap     ] GC(103) Soft Max Capacity: 4096M(100%)
[142.332s][info][gc,heap     ] GC(103)                Mark Start          Mark End        Relocate Start      Relocate End           High               Low         
[142.332s][info][gc,heap     ] GC(103)  Capacity:     3730M (91%)        3730M (91%)        3730M (91%)        3730M (91%)        3730M (91%)        3730M (91%)    
[142.332s][info][gc,heap     ] GC(103)      Free:      792M (19%)         698M (17%)        3572M (87%)        3812M (93%)        3812M (93%)         558M (14%)    
[142.332s][info][gc,heap     ] GC(103)      Used:     3304M (81%)        3398M (83%)         524M (13%)         284M (7%)         3538M (86%)         284M (7%)     
[142.332s][info][gc,heap     ] GC(103)      Live:         -                10M (0%)           10M (0%)           10M (0%)             -                  -          
[142.332s][info][gc,heap     ] GC(103) Allocated:         -                94M (2%)          254M (6%)          270M (7%)             -                  -          
[142.332s][info][gc,heap     ] GC(103)   Garbage:         -              3293M (80%)         259M (6%)            3M (0%)             -                  -          
[142.332s][info][gc,heap     ] GC(103) Reclaimed:         -                  -              3034M (74%)        3290M (80%)            -                  -          
[142.332s][info][gc          ] GC(103) Garbage Collection (Allocation Rate) 3304M(81%)->284M(7%)
[143.707s][info][gc,start    ] GC(104) Garbage Collection (System.gc())
[143.707s][info][gc,task     ] GC(104) Using 12 workers
[143.707s][info][gc,phases   ] GC(104) Pause Mark Start 0.014ms
[143.721s][info][gc,phases   ] GC(104) Concurrent Mark 13.884ms
[143.721s][info][gc,phases   ] GC(104) Pause Mark End 0.018ms
[143.721s][info][gc,phases   ] GC(104) Concurrent Mark Free 0.001ms
[143.733s][info][gc,phases   ] GC(104) Concurrent Process Non-Strong References 11.256ms
[143.733s][info][gc,phases   ] GC(104) Concurrent Reset Relocation Set 0.009ms
[143.737s][info][gc,phases   ] GC(104) Concurrent Select Relocation Set 4.564ms
[143.738s][info][gc,phases   ] GC(104) Pause Relocate Start 0.008ms
[143.740s][info][gc,phases   ] GC(104) Concurrent Relocate 2.021ms
[143.740s][info][gc,load     ] GC(104) Load: 0.00/0.00/0.00
[143.740s][info][gc,mmu      ] GC(104) MMU: 2ms/97.7%, 5ms/99.1%, 10ms/99.5%, 20ms/99.8%, 50ms/99.9%, 100ms/99.9%
[143.740s][info][gc,marking  ] GC(104) Mark: 8 stripe(s), 2 proactive flush(es), 1 terminate flush(es), 0 completion(s), 0 continuation(s) 
[143.740s][info][gc,marking  ] GC(104) Mark Stack Usage: 32M
[143.740s][info][gc,nmethod  ] GC(104) NMethods: 2274 registered, 10 unregistered
[143.740s][info][gc,metaspace] GC(104) Metaspace: 13M used, 14M committed, 1088M reserved
[143.740s][info][gc,ref      ] GC(104) Soft: 211 encountered, 0 discovered, 0 enqueued
[143.740s][info][gc,ref      ] GC(104) Weak: 623 encountered, 2 discovered, 0 enqueued
[143.740s][info][gc,ref      ] GC(104) Final: 0 encountered, 0 discovered, 0 enqueued
[143.740s][info][gc,ref      ] GC(104) Phantom: 59 encountered, 30 discovered, 0 enqueued
[143.740s][info][gc,reloc    ] GC(104) Small Pages: 1516 / 3032M, Empty: 2982M, Relocated: 3M, In-Place: 0
[143.740s][info][gc,reloc    ] GC(104) Medium Pages: 0 / 0M, Empty: 0M, Relocated: 0M, In-Place: 0
[143.740s][info][gc,reloc    ] GC(104) Large Pages: 0 / 0M, Empty: 0M, Relocated: 0M, In-Place: 0
[143.740s][info][gc,reloc    ] GC(104) Forwarding Usage: 1M
[143.740s][info][gc,heap     ] GC(104) Min Capacity: 8M(0%)
[143.740s][info][gc,heap     ] GC(104) Max Capacity: 4096M(100%)
[143.740s][info][gc,heap     ] GC(104) Soft Max Capacity: 4096M(100%)
[143.740s][info][gc,heap     ] GC(104)                Mark Start          Mark End        Relocate Start      Relocate End           High               Low         
[143.740s][info][gc,heap     ] GC(104)  Capacity:     3730M (91%)        3730M (91%)        3730M (91%)        3730M (91%)        3730M (91%)        3730M (91%)    
[143.740s][info][gc,heap     ] GC(104)      Free:     1064M (26%)        1064M (26%)        4046M (99%)        4068M (99%)        4068M (99%)        1064M (26%)    
[143.740s][info][gc,heap     ] GC(104)      Used:     3032M (74%)        3032M (74%)          50M (1%)           28M (1%)         3032M (74%)          28M (1%)     
[143.740s][info][gc,heap     ] GC(104)      Live:         -                 6M (0%)            6M (0%)            6M (0%)             -                  -          
[143.740s][info][gc,heap     ] GC(104) Allocated:         -                 0M (0%)            0M (0%)            0M (0%)             -                  -          
[143.740s][info][gc,heap     ] GC(104)   Garbage:         -              3025M (74%)          43M (1%)           21M (1%)             -                  -          
[143.740s][info][gc,heap     ] GC(104) Reclaimed:         -                  -              2982M (73%)        3004M (73%)            -                  -          
[143.740s][info][gc          ] GC(104) Garbage Collection (System.gc()) 3032M(74%)->28M(1%)
[145.230s][info][gc,start    ] GC(105) Garbage Collection (Allocation Rate)
[145.230s][info][gc,task     ] GC(105) Using 2 workers
[145.230s][info][gc,phases   ] GC(105) Pause Mark Start 0.013ms
[145.248s][info][gc,phases   ] GC(105) Concurrent Mark 17.202ms
[145.248s][info][gc,phases   ] GC(105) Pause Mark End 0.018ms
[145.248s][info][gc,phases   ] GC(105) Concurrent Mark Free 0.002ms
[145.290s][info][gc,phases   ] GC(105) Concurrent Process Non-Strong References 42.009ms
[145.290s][info][gc,phases   ] GC(105) Concurrent Reset Relocation Set 0.004ms
[145.294s][info][gc,phases   ] GC(105) Concurrent Select Relocation Set 3.659ms
[145.294s][info][gc,phases   ] GC(105) Pause Relocate Start 0.008ms
[145.296s][info][gc,phases   ] GC(105) Concurrent Relocate 1.826ms
[145.296s][info][gc,load     ] GC(105) Load: 0.00/0.00/0.00
[145.296s][info][gc,mmu      ] GC(105) MMU: 2ms/97.7%, 5ms/99.1%, 10ms/99.5%, 20ms/99.8%, 50ms/99.9%, 100ms/99.9%
[145.296s][info][gc,marking  ] GC(105) Mark: 2 stripe(s), 2 proactive flush(es), 1 terminate flush(es), 0 completion(s), 0 continuation(s) 
[145.296s][info][gc,marking  ] GC(105) Mark Stack Usage: 32M
[145.296s][info][gc,nmethod  ] GC(105) NMethods: 2275 registered, 10 unregistered
[145.296s][info][gc,metaspace] GC(105) Metaspace: 13M used, 14M committed, 1088M reserved
[145.296s][info][gc,ref      ] GC(105) Soft: 211 encountered, 0 discovered, 0 enqueued
[145.296s][info][gc,ref      ] GC(105) Weak: 729 encountered, 378 discovered, 2 enqueued
[145.296s][info][gc,ref      ] GC(105) Final: 0 encountered, 0 discovered, 0 enqueued
[145.296s][info][gc,ref      ] GC(105) Phantom: 59 encountered, 45 discovered, 0 enqueued
[145.296s][info][gc,reloc    ] GC(105) Small Pages: 1588 / 3176M, Empty: 2922M, Relocated: 3M, In-Place: 0
[145.296s][info][gc,reloc    ] GC(105) Medium Pages: 0 / 0M, Empty: 0M, Relocated: 0M, In-Place: 0
[145.296s][info][gc,reloc    ] GC(105) Large Pages: 0 / 0M, Empty: 0M, Relocated: 0M, In-Place: 0
[145.296s][info][gc,reloc    ] GC(105) Forwarding Usage: 0M
[145.296s][info][gc,heap     ] GC(105) Min Capacity: 8M(0%)
[145.296s][info][gc,heap     ] GC(105) Max Capacity: 4096M(100%)
[145.296s][info][gc,heap     ] GC(105) Soft Max Capacity: 4096M(100%)
[145.296s][info][gc,heap     ] GC(105)                Mark Start          Mark End        Relocate Start      Relocate End           High               Low         
[145.296s][info][gc,heap     ] GC(105)  Capacity:     3730M (91%)        3730M (91%)        3730M (91%)        3730M (91%)        3730M (91%)        3730M (91%)    
[145.296s][info][gc,heap     ] GC(105)      Free:      920M (22%)         826M (20%)        3664M (89%)        3898M (95%)        3898M (95%)         742M (18%)    
[145.296s][info][gc,heap     ] GC(105)      Used:     3176M (78%)        3270M (80%)         432M (11%)         198M (5%)         3354M (82%)         198M (5%)     
[145.296s][info][gc,heap     ] GC(105)      Live:         -                 8M (0%)            8M (0%)            8M (0%)             -                  -          
[145.296s][info][gc,heap     ] GC(105) Allocated:         -                94M (2%)          178M (4%)          184M (5%)             -                  -          
[145.296s][info][gc,heap     ] GC(105)   Garbage:         -              3167M (77%)         245M (6%)            4M (0%)             -                  -          
[145.296s][info][gc,heap     ] GC(105) Reclaimed:         -                  -              2922M (71%)        3162M (77%)            -                  -          
[145.296s][info][gc          ] GC(105) Garbage Collection (Allocation Rate) 3176M(78%)->198M(5%)
[146.631s][info][gc,start    ] GC(106) Garbage Collection (Allocation Rate)
[146.631s][info][gc,task     ] GC(106) Using 1 workers
[146.631s][info][gc,phases   ] GC(106) Pause Mark Start 0.011ms
[146.652s][info][gc,phases   ] GC(106) Concurrent Mark 21.197ms
[146.653s][info][gc,phases   ] GC(106) Pause Mark End 0.015ms
[146.653s][info][gc,phases   ] GC(106) Concurrent Mark Free 0.001ms
[146.731s][info][gc,phases   ] GC(106) Concurrent Process Non-Strong References 78.484ms
[146.731s][info][gc,phases   ] GC(106) Concurrent Reset Relocation Set 0.017ms
[146.736s][info][gc,phases   ] GC(106) Concurrent Select Relocation Set 4.305ms
[146.736s][info][gc,phases   ] GC(106) Pause Relocate Start 0.009ms
[146.738s][info][gc,phases   ] GC(106) Concurrent Relocate 2.661ms
[146.739s][info][gc,load     ] GC(106) Load: 0.00/0.00/0.00
[146.739s][info][gc,mmu      ] GC(106) MMU: 2ms/97.7%, 5ms/99.1%, 10ms/99.5%, 20ms/99.8%, 50ms/99.9%, 100ms/99.9%
[146.739s][info][gc,marking  ] GC(106) Mark: 1 stripe(s), 2 proactive flush(es), 1 terminate flush(es), 0 completion(s), 0 continuation(s) 
[146.739s][info][gc,marking  ] GC(106) Mark Stack Usage: 32M
[146.739s][info][gc,nmethod  ] GC(106) NMethods: 2275 registered, 10 unregistered
[146.739s][info][gc,metaspace] GC(106) Metaspace: 13M used, 14M committed, 1088M reserved
[146.739s][info][gc,ref      ] GC(106) Soft: 211 encountered, 0 discovered, 0 enqueued
[146.739s][info][gc,ref      ] GC(106) Weak: 727 encountered, 441 discovered, 0 enqueued
[146.739s][info][gc,ref      ] GC(106) Final: 0 encountered, 0 discovered, 0 enqueued
[146.739s][info][gc,ref      ] GC(106) Phantom: 59 encountered, 46 discovered, 0 enqueued
[146.739s][info][gc,reloc    ] GC(106) Small Pages: 1477 / 2954M, Empty: 2694M, Relocated: 3M, In-Place: 0
[146.739s][info][gc,reloc    ] GC(106) Medium Pages: 0 / 0M, Empty: 0M, Relocated: 0M, In-Place: 0
[146.739s][info][gc,reloc    ] GC(106) Large Pages: 0 / 0M, Empty: 0M, Relocated: 0M, In-Place: 0
[146.739s][info][gc,reloc    ] GC(106) Forwarding Usage: 0M
[146.739s][info][gc,heap     ] GC(106) Min Capacity: 8M(0%)
[146.739s][info][gc,heap     ] GC(106) Max Capacity: 4096M(100%)
[146.739s][info][gc,heap     ] GC(106) Soft Max Capacity: 4096M(100%)
[146.739s][info][gc,heap     ] GC(106)                Mark Start          Mark End        Relocate Start      Relocate End           High               Low         
[146.739s][info][gc,heap     ] GC(106)  Capacity:     3730M (91%)        3730M (91%)        3730M (91%)        3730M (91%)        3730M (91%)        3730M (91%)    
[146.739s][info][gc,heap     ] GC(106)      Free:     1142M (28%)        1048M (26%)        3564M (87%)        3810M (93%)        3810M (93%)         870M (21%)    
[146.739s][info][gc,heap     ] GC(106)      Used:     2954M (72%)        3048M (74%)         532M (13%)         286M (7%)         3226M (79%)         286M (7%)     
[146.739s][info][gc,heap     ] GC(106)      Live:         -                 9M (0%)            9M (0%)            9M (0%)             -                  -          
[146.739s][info][gc,heap     ] GC(106) Allocated:         -                94M (2%)          272M (7%)          274M (7%)             -                  -          
[146.739s][info][gc,heap     ] GC(106)   Garbage:         -              2944M (72%)         250M (6%)            2M (0%)             -                  -          
[146.739s][info][gc,heap     ] GC(106) Reclaimed:         -                  -              2694M (66%)        2942M (72%)            -                  -          
[146.739s][info][gc          ] GC(106) Garbage Collection (Allocation Rate) 2954M(72%)->286M(7%)
[148.230s][info][gc,start    ] GC(107) Garbage Collection (Allocation Rate)
[148.230s][info][gc,task     ] GC(107) Using 1 workers
[148.230s][info][gc,phases   ] GC(107) Pause Mark Start 0.018ms
[148.250s][info][gc,phases   ] GC(107) Concurrent Mark 19.421ms
[148.250s][info][gc,phases   ] GC(107) Pause Mark End 0.019ms
[148.250s][info][gc,phases   ] GC(107) Concurrent Mark Free 0.001ms
[148.328s][info][gc,phases   ] GC(107) Concurrent Process Non-Strong References 77.582ms
[148.328s][info][gc,phases   ] GC(107) Concurrent Reset Relocation Set 0.018ms
[148.333s][info][gc,phases   ] GC(107) Concurrent Select Relocation Set 5.293ms
[148.333s][info][gc,phases   ] GC(107) Pause Relocate Start 0.008ms
[148.336s][info][gc,phases   ] GC(107) Concurrent Relocate 2.497ms
[148.336s][info][gc,load     ] GC(107) Load: 0.00/0.00/0.00
[148.336s][info][gc,mmu      ] GC(107) MMU: 2ms/97.7%, 5ms/99.1%, 10ms/99.5%, 20ms/99.8%, 50ms/99.9%, 100ms/99.9%
[148.336s][info][gc,marking  ] GC(107) Mark: 1 stripe(s), 2 proactive flush(es), 1 terminate flush(es), 0 completion(s), 0 continuation(s) 
[148.336s][info][gc,marking  ] GC(107) Mark Stack Usage: 32M
[148.336s][info][gc,nmethod  ] GC(107) NMethods: 2275 registered, 10 unregistered
[148.336s][info][gc,metaspace] GC(107) Metaspace: 13M used, 14M committed, 1088M reserved
[148.336s][info][gc,ref      ] GC(107) Soft: 211 encountered, 0 discovered, 0 enqueued
[148.336s][info][gc,ref      ] GC(107) Weak: 727 encountered, 441 discovered, 0 enqueued
[148.336s][info][gc,ref      ] GC(107) Final: 0 encountered, 0 discovered, 0 enqueued
[148.336s][info][gc,ref      ] GC(107) Phantom: 59 encountered, 46 discovered, 0 enqueued
[148.336s][info][gc,reloc    ] GC(107) Small Pages: 1614 / 3228M, Empty: 2946M, Relocated: 2M, In-Place: 0
[148.336s][info][gc,reloc    ] GC(107) Medium Pages: 0 / 0M, Empty: 0M, Relocated: 0M, In-Place: 0
[148.336s][info][gc,reloc    ] GC(107) Large Pages: 0 / 0M, Empty: 0M, Relocated: 0M, In-Place: 0
[148.336s][info][gc,reloc    ] GC(107) Forwarding Usage: 0M
[148.336s][info][gc,heap     ] GC(107) Min Capacity: 8M(0%)
[148.336s][info][gc,heap     ] GC(107) Max Capacity: 4096M(100%)
[148.336s][info][gc,heap     ] GC(107) Soft Max Capacity: 4096M(100%)
[148.336s][info][gc,heap     ] GC(107)                Mark Start          Mark End        Relocate Start      Relocate End           High               Low         
[148.336s][info][gc,heap     ] GC(107)  Capacity:     3730M (91%)        3730M (91%)        3730M (91%)        3730M (91%)        3730M (91%)        3730M (91%)    
[148.336s][info][gc,heap     ] GC(107)      Free:      868M (21%)         774M (19%)        3556M (87%)        3820M (93%)        3820M (93%)         632M (15%)    
[148.336s][info][gc,heap     ] GC(107)      Used:     3228M (79%)        3322M (81%)         540M (13%)         276M (7%)         3464M (85%)         276M (7%)     
[148.336s][info][gc,heap     ] GC(107)      Live:         -                 9M (0%)            9M (0%)            9M (0%)             -                  -          
[148.336s][info][gc,heap     ] GC(107) Allocated:         -                94M (2%)          258M (6%)          264M (6%)             -                  -          
[148.336s][info][gc,heap     ] GC(107)   Garbage:         -              3218M (79%)         272M (7%)            2M (0%)             -                  -          
[148.336s][info][gc,heap     ] GC(107) Reclaimed:         -                  -              2946M (72%)        3216M (79%)            -                  -          
[148.336s][info][gc          ] GC(107) Garbage Collection (Allocation Rate) 3228M(79%)->276M(7%)
[149.830s][info][gc,start    ] GC(108) Garbage Collection (Proactive)
[149.830s][info][gc,task     ] GC(108) Using 12 workers
[149.830s][info][gc,phases   ] GC(108) Pause Mark Start 0.015ms
[149.835s][info][gc,phases   ] GC(108) Concurrent Mark 4.263ms
[149.835s][info][gc,phases   ] GC(108) Pause Mark End 0.019ms
[149.835s][info][gc,phases   ] GC(108) Concurrent Mark Free 0.000ms
[149.842s][info][gc,phases   ] GC(108) Concurrent Process Non-Strong References 7.476ms
[149.842s][info][gc,phases   ] GC(108) Concurrent Reset Relocation Set 0.020ms
[149.847s][info][gc,phases   ] GC(108) Concurrent Select Relocation Set 4.792ms
[149.847s][info][gc,phases   ] GC(108) Pause Relocate Start 0.007ms
[149.851s][info][gc,phases   ] GC(108) Concurrent Relocate 3.091ms
[149.851s][info][gc,load     ] GC(108) Load: 0.00/0.00/0.00
[149.851s][info][gc,mmu      ] GC(108) MMU: 2ms/97.7%, 5ms/99.1%, 10ms/99.5%, 20ms/99.8%, 50ms/99.9%, 100ms/99.9%
[149.851s][info][gc,marking  ] GC(108) Mark: 8 stripe(s), 2 proactive flush(es), 1 terminate flush(es), 0 completion(s), 0 continuation(s) 
[149.851s][info][gc,marking  ] GC(108) Mark Stack Usage: 32M
[149.851s][info][gc,nmethod  ] GC(108) NMethods: 2275 registered, 10 unregistered
[149.851s][info][gc,metaspace] GC(108) Metaspace: 13M used, 14M committed, 1088M reserved
[149.851s][info][gc,ref      ] GC(108) Soft: 211 encountered, 0 discovered, 0 enqueued
[149.851s][info][gc,ref      ] GC(108) Weak: 727 encountered, 71 discovered, 0 enqueued
[149.851s][info][gc,ref      ] GC(108) Final: 0 encountered, 0 discovered, 0 enqueued
[149.851s][info][gc,ref      ] GC(108) Phantom: 59 encountered, 43 discovered, 0 enqueued
[149.851s][info][gc,reloc    ] GC(108) Small Pages: 1665 / 3330M, Empty: 3066M, Relocated: 3M, In-Place: 0
[149.851s][info][gc,reloc    ] GC(108) Medium Pages: 0 / 0M, Empty: 0M, Relocated: 0M, In-Place: 0
[149.851s][info][gc,reloc    ] GC(108) Large Pages: 0 / 0M, Empty: 0M, Relocated: 0M, In-Place: 0
[149.851s][info][gc,reloc    ] GC(108) Forwarding Usage: 0M
[149.851s][info][gc,heap     ] GC(108) Min Capacity: 8M(0%)
[149.851s][info][gc,heap     ] GC(108) Max Capacity: 4096M(100%)
[149.851s][info][gc,heap     ] GC(108) Soft Max Capacity: 4096M(100%)
[149.851s][info][gc,heap     ] GC(108)                Mark Start          Mark End        Relocate Start      Relocate End           High               Low         
[149.851s][info][gc,heap     ] GC(108)  Capacity:     3730M (91%)        3730M (91%)        3730M (91%)        3730M (91%)        3730M (91%)        3730M (91%)    
[149.851s][info][gc,heap     ] GC(108)      Free:      766M (19%)         682M (17%)        3744M (91%)        3972M (97%)        3972M (97%)         678M (17%)    
[149.851s][info][gc,heap     ] GC(108)      Used:     3330M (81%)        3414M (83%)         352M (9%)          124M (3%)         3418M (83%)         124M (3%)     
[149.851s][info][gc,heap     ] GC(108)      Live:         -                 9M (0%)            9M (0%)            9M (0%)             -                  -          
[149.851s][info][gc,heap     ] GC(108) Allocated:         -                84M (2%)           88M (2%)           90M (2%)             -                  -          
[149.851s][info][gc,heap     ] GC(108)   Garbage:         -              3320M (81%)         254M (6%)           23M (1%)             -                  -          
[149.851s][info][gc,heap     ] GC(108) Reclaimed:         -                  -              3066M (75%)        3296M (80%)            -                  -          
[149.851s][info][gc          ] GC(108) Garbage Collection (Proactive) 3330M(81%)->124M(3%)
[150.129s][info][gc,stats    ] === Garbage Collection Statistics =======================================================================================================================
[150.130s][info][gc,stats    ]                                                              Last 10s              Last 10m              Last 10h                Total
[150.130s][info][gc,stats    ]                                                              Avg / Max             Avg / Max             Avg / Max             Avg / Max
[150.130s][info][gc,stats    ]   Collector: Garbage Collection Cycle                     75.990 / 107.757      73.111 / 587.803      73.111 / 587.803      73.111 / 587.803     ms
[150.130s][info][gc,stats    ]  Contention: Mark Segment Reset Contention                     0 / 3                 1 / 26                1 / 26                1 / 26          ops/s
[150.130s][info][gc,stats    ]  Contention: Mark SeqNum Reset Contention                      0 / 1                 0 / 3                 0 / 3                 0 / 3           ops/s
[150.130s][info][gc,stats    ]    Critical: Allocation Stall                                  0 / 0                 0 / 0                 0 / 0                 0 / 0           ops/s
[150.130s][info][gc,stats    ]    Critical: Allocation Stall                              0.000 / 0.000         0.000 / 0.000         0.000 / 0.000         0.000 / 0.000       ms
[150.130s][info][gc,stats    ]    Critical: GC Locker Stall                                   0 / 0                 0 / 0                 0 / 0                 0 / 0           ops/s
[150.130s][info][gc,stats    ]    Critical: GC Locker Stall                               0.000 / 0.000         0.000 / 0.000         0.000 / 0.000         0.000 / 0.000       ms
[150.130s][info][gc,stats    ]    Critical: Relocation Stall                                  0 / 0                 0 / 0                 0 / 0                 0 / 0           ops/s
[150.130s][info][gc,stats    ]    Critical: Relocation Stall                              0.000 / 0.000         0.000 / 0.000         0.000 / 0.000         0.000 / 0.000       ms
[150.130s][info][gc,stats    ]      Memory: Allocation Rate                                2066 / 2126           1961 / 2208           1961 / 2208           1961 / 2208        MB/s
[150.130s][info][gc,stats    ]      Memory: Defragment                                        0 / 0                 0 / 0                 0 / 0                 0 / 0           ops/s
[150.130s][info][gc,stats    ]      Memory: Out Of Memory                                     0 / 0                 0 / 0                 0 / 0                 0 / 0           ops/s
[150.130s][info][gc,stats    ]      Memory: Page Cache Flush                                  0 / 0                 0 / 0                 0 / 0                 0 / 0           MB/s
[150.130s][info][gc,stats    ]      Memory: Page Cache Hit L1                              1036 / 1075            972 / 1107            972 / 1107            972 / 1107        ops/s
[150.130s][info][gc,stats    ]      Memory: Page Cache Hit L2                                 0 / 0                 0 / 0                 0 / 0                 0 / 0           ops/s
[150.130s][info][gc,stats    ]      Memory: Page Cache Hit L3                                 0 / 0                 6 / 448               6 / 448               6 / 448         ops/s
[150.130s][info][gc,stats    ]      Memory: Page Cache Miss                                   0 / 0                 5 / 471               5 / 471               5 / 471         ops/s
[150.130s][info][gc,stats    ]      Memory: Uncommit                                          0 / 0                 0 / 0                 0 / 0                 0 / 0           MB/s
[150.130s][info][gc,stats    ]      Memory: Undo Object Allocation Failed                     0 / 2                 0 / 5                 0 / 5                 0 / 5           ops/s
[150.130s][info][gc,stats    ]      Memory: Undo Object Allocation Succeeded                 20 / 79               21 / 124              21 / 124              21 / 124         ops/s
[150.130s][info][gc,stats    ]      Memory: Undo Page Allocation                              0 / 2                 0 / 23                0 / 23                0 / 23          ops/s
[150.130s][info][gc,stats    ]       Phase: Concurrent Mark                              16.125 / 21.197       23.861 / 549.801      23.861 / 549.801      23.861 / 549.801     ms
[150.130s][info][gc,stats    ]       Phase: Concurrent Mark Continue                      0.000 / 0.000         0.000 / 0.000         0.000 / 0.000         0.000 / 0.000       ms
[150.130s][info][gc,stats    ]       Phase: Concurrent Mark Free                          0.001 / 0.002         0.001 / 0.007         0.001 / 0.007         0.001 / 0.007       ms
[150.130s][info][gc,stats    ]       Phase: Concurrent Process Non-Strong References     52.285 / 78.484       34.012 / 78.484       34.012 / 78.484       34.012 / 78.484      ms
[150.130s][info][gc,stats    ]       Phase: Concurrent Relocate                           1.976 / 3.091         2.632 / 6.016         2.632 / 6.016         2.632 / 6.016       ms
[150.130s][info][gc,stats    ]       Phase: Concurrent Reset Relocation Set               0.015 / 0.021         0.015 / 0.025         0.015 / 0.025         0.015 / 0.025       ms
[150.130s][info][gc,stats    ]       Phase: Concurrent Select Relocation Set              4.561 / 5.293         4.948 / 22.887        4.948 / 22.887        4.948 / 22.887      ms
[150.130s][info][gc,stats    ]       Phase: Pause Mark End                                0.018 / 0.019         0.020 / 0.046         0.020 / 0.046         0.020 / 0.046       ms
[150.130s][info][gc,stats    ]       Phase: Pause Mark Start                              0.013 / 0.018         0.013 / 0.021         0.013 / 0.021         0.013 / 0.021       ms
[150.130s][info][gc,stats    ]       Phase: Pause Relocate Start                          0.008 / 0.009         0.008 / 0.019         0.008 / 0.019         0.008 / 0.019       ms
[150.130s][info][gc,stats    ]    Subphase: Concurrent Classes Purge                      0.006 / 0.006         0.051 / 3.013         0.051 / 3.013         0.051 / 3.013       ms
[150.130s][info][gc,stats    ]    Subphase: Concurrent Classes Unlink                     3.792 / 5.829         3.203 / 7.490         3.203 / 7.490         3.203 / 7.490       ms
[150.130s][info][gc,stats    ]    Subphase: Concurrent Mark                               9.984 / 20.141        9.563 / 109.674       9.563 / 109.674       9.563 / 109.674     ms
[150.130s][info][gc,stats    ]    Subphase: Concurrent Mark Try Flush                     0.116 / 0.324         0.668 / 80.074        0.668 / 80.074        0.668 / 80.074      ms
[150.130s][info][gc,stats    ]    Subphase: Concurrent Mark Try Terminate                 3.947 / 12.299        2.357 / 15.651        2.357 / 15.651        2.357 / 15.651      ms
[150.130s][info][gc,stats    ]    Subphase: Concurrent References Enqueue                 0.001 / 0.004         0.001 / 0.007         0.001 / 0.007         0.001 / 0.007       ms
[150.130s][info][gc,stats    ]    Subphase: Concurrent References Process                 0.086 / 0.145         0.094 / 0.194         0.094 / 0.194         0.094 / 0.194       ms
[150.130s][info][gc,stats    ]    Subphase: Concurrent Roots ClassLoaderDataGraph         0.073 / 0.393         0.084 / 0.923         0.084 / 0.923         0.084 / 0.923       ms
[150.130s][info][gc,stats    ]    Subphase: Concurrent Roots CodeCache                    0.000 / 0.000         0.000 / 0.000         0.000 / 0.000         0.000 / 0.000       ms
[150.130s][info][gc,stats    ]    Subphase: Concurrent Roots JavaThreads                  0.199 / 0.691         1.145 / 473.279       1.145 / 473.279       1.145 / 473.279     ms
[150.130s][info][gc,stats    ]    Subphase: Concurrent Roots OopStorageSet                0.042 / 0.153         0.082 / 1.317         0.082 / 1.317         0.082 / 1.317       ms
[150.130s][info][gc,stats    ]    Subphase: Concurrent Weak Roots OopStorageSet          18.846 / 72.427        9.709 / 72.427        9.709 / 72.427        9.709 / 72.427      ms
[150.130s][info][gc,stats    ]    Subphase: Pause Mark Try Complete                       0.000 / 0.000         0.004 / 0.007         0.004 / 0.007         0.004 / 0.007       ms
[150.130s][info][gc,stats    ]      System: Java Threads                                     53 / 60               53 / 73               53 / 73               53 / 73          threads
[150.130s][info][gc,stats    ] =========================================================================================================================================================
[151.430s][info][gc,start    ] GC(109) Garbage Collection (Allocation Rate)
[151.430s][info][gc,task     ] GC(109) Using 1 workers
[151.430s][info][gc,phases   ] GC(109) Pause Mark Start 0.011ms
[151.451s][info][gc,phases   ] GC(109) Concurrent Mark 21.287ms
[151.451s][info][gc,phases   ] GC(109) Pause Mark End 0.016ms
[151.451s][info][gc,phases   ] GC(109) Concurrent Mark Free 0.001ms
[151.524s][info][gc,phases   ] GC(109) Concurrent Process Non-Strong References 72.009ms
[151.524s][info][gc,phases   ] GC(109) Concurrent Reset Relocation Set 0.019ms
[151.528s][info][gc,phases   ] GC(109) Concurrent Select Relocation Set 4.382ms
[151.528s][info][gc,phases   ] GC(109) Pause Relocate Start 0.008ms
[151.533s][info][gc,phases   ] GC(109) Concurrent Relocate 4.919ms
[151.533s][info][gc,load     ] GC(109) Load: 0.00/0.00/0.00
[151.533s][info][gc,mmu      ] GC(109) MMU: 2ms/97.7%, 5ms/99.1%, 10ms/99.5%, 20ms/99.8%, 50ms/99.9%, 100ms/99.9%
[151.533s][info][gc,marking  ] GC(109) Mark: 1 stripe(s), 2 proactive flush(es), 1 terminate flush(es), 0 completion(s), 0 continuation(s) 
[151.533s][info][gc,marking  ] GC(109) Mark Stack Usage: 32M
[151.533s][info][gc,nmethod  ] GC(109) NMethods: 2275 registered, 10 unregistered
[151.533s][info][gc,metaspace] GC(109) Metaspace: 13M used, 14M committed, 1088M reserved
[151.533s][info][gc,ref      ] GC(109) Soft: 211 encountered, 0 discovered, 0 enqueued
[151.533s][info][gc,ref      ] GC(109) Weak: 727 encountered, 441 discovered, 0 enqueued
[151.533s][info][gc,ref      ] GC(109) Final: 0 encountered, 0 discovered, 0 enqueued
[151.533s][info][gc,ref      ] GC(109) Phantom: 59 encountered, 46 discovered, 0 enqueued
[151.533s][info][gc,reloc    ] GC(109) Small Pages: 1663 / 3326M, Empty: 3040M, Relocated: 3M, In-Place: 0
[151.533s][info][gc,reloc    ] GC(109) Medium Pages: 0 / 0M, Empty: 0M, Relocated: 0M, In-Place: 0
[151.533s][info][gc,reloc    ] GC(109) Large Pages: 0 / 0M, Empty: 0M, Relocated: 0M, In-Place: 0
[151.533s][info][gc,reloc    ] GC(109) Forwarding Usage: 0M
[151.533s][info][gc,heap     ] GC(109) Min Capacity: 8M(0%)
[151.533s][info][gc,heap     ] GC(109) Max Capacity: 4096M(100%)
[151.533s][info][gc,heap     ] GC(109) Soft Max Capacity: 4096M(100%)
[151.533s][info][gc,heap     ] GC(109)                Mark Start          Mark End        Relocate Start      Relocate End           High               Low         
[151.534s][info][gc,heap     ] GC(109)  Capacity:     3730M (91%)        3730M (91%)        3730M (91%)        3730M (91%)        3730M (91%)        3730M (91%)    
[151.534s][info][gc,heap     ] GC(109)      Free:      770M (19%)         676M (17%)        3580M (87%)        3828M (93%)        3828M (93%)         558M (14%)    
[151.534s][info][gc,heap     ] GC(109)      Used:     3326M (81%)        3420M (83%)         516M (13%)         268M (7%)         3538M (86%)         268M (7%)     
[151.534s][info][gc,heap     ] GC(109)      Live:         -                 9M (0%)            9M (0%)            9M (0%)             -                  -          
[151.534s][info][gc,heap     ] GC(109) Allocated:         -                94M (2%)          230M (6%)          256M (6%)             -                  -          
[151.534s][info][gc,heap     ] GC(109)   Garbage:         -              3316M (81%)         276M (7%)            1M (0%)             -                  -          
[151.534s][info][gc,heap     ] GC(109) Reclaimed:         -                  -              3040M (74%)        3314M (81%)            -                  -          
[151.534s][info][gc          ] GC(109) Garbage Collection (Allocation Rate) 3326M(81%)->268M(7%)
[152.829s][info][gc,start    ] GC(110) Garbage Collection (Proactive)
[152.830s][info][gc,task     ] GC(110) Using 12 workers
[152.830s][info][gc,phases   ] GC(110) Pause Mark Start 0.012ms
[152.835s][info][gc,phases   ] GC(110) Concurrent Mark 5.648ms
[152.836s][info][gc,phases   ] GC(110) Pause Mark End 0.018ms
[152.836s][info][gc,phases   ] GC(110) Concurrent Mark Free 0.001ms
[152.844s][info][gc,phases   ] GC(110) Concurrent Process Non-Strong References 8.332ms
[152.844s][info][gc,phases   ] GC(110) Concurrent Reset Relocation Set 0.019ms
[152.849s][info][gc,phases   ] GC(110) Concurrent Select Relocation Set 4.346ms
[152.849s][info][gc,phases   ] GC(110) Pause Relocate Start 0.006ms
[152.849s][info][gc,phases   ] GC(110) Concurrent Relocate 0.393ms
[152.849s][info][gc,load     ] GC(110) Load: 0.00/0.00/0.00
[152.849s][info][gc,mmu      ] GC(110) MMU: 2ms/97.7%, 5ms/99.1%, 10ms/99.5%, 20ms/99.8%, 50ms/99.9%, 100ms/99.9%
[152.849s][info][gc,marking  ] GC(110) Mark: 8 stripe(s), 3 proactive flush(es), 1 terminate flush(es), 0 completion(s), 0 continuation(s) 
[152.849s][info][gc,marking  ] GC(110) Mark Stack Usage: 32M
[152.849s][info][gc,nmethod  ] GC(110) NMethods: 2275 registered, 10 unregistered
[152.849s][info][gc,metaspace] GC(110) Metaspace: 13M used, 14M committed, 1088M reserved
[152.849s][info][gc,ref      ] GC(110) Soft: 211 encountered, 0 discovered, 0 enqueued
[152.849s][info][gc,ref      ] GC(110) Weak: 727 encountered, 79 discovered, 0 enqueued
[152.849s][info][gc,ref      ] GC(110) Final: 0 encountered, 0 discovered, 0 enqueued
[152.849s][info][gc,ref      ] GC(110) Phantom: 59 encountered, 36 discovered, 0 enqueued
[152.849s][info][gc,reloc    ] GC(110) Small Pages: 1484 / 2968M, Empty: 2706M, Relocated: 1M, In-Place: 0
[152.849s][info][gc,reloc    ] GC(110) Medium Pages: 0 / 0M, Empty: 0M, Relocated: 0M, In-Place: 0
[152.849s][info][gc,reloc    ] GC(110) Large Pages: 0 / 0M, Empty: 0M, Relocated: 0M, In-Place: 0
[152.849s][info][gc,reloc    ] GC(110) Forwarding Usage: 0M
[152.849s][info][gc,heap     ] GC(110) Min Capacity: 8M(0%)
[152.849s][info][gc,heap     ] GC(110) Max Capacity: 4096M(100%)
[152.849s][info][gc,heap     ] GC(110) Soft Max Capacity: 4096M(100%)
[152.849s][info][gc,heap     ] GC(110)                Mark Start          Mark End        Relocate Start      Relocate End           High               Low         
[152.849s][info][gc,heap     ] GC(110)  Capacity:     3730M (91%)        3730M (91%)        3730M (91%)        3730M (91%)        3730M (91%)        3730M (91%)    
[152.850s][info][gc,heap     ] GC(110)      Free:     1128M (28%)        1040M (25%)        3744M (91%)        3966M (97%)        3966M (97%)        1040M (25%)    
[152.850s][info][gc,heap     ] GC(110)      Used:     2968M (72%)        3056M (75%)         352M (9%)          130M (3%)         3056M (75%)         130M (3%)     
[152.850s][info][gc,heap     ] GC(110)      Live:         -                10M (0%)           10M (0%)           10M (0%)             -                  -          
[152.850s][info][gc,heap     ] GC(110) Allocated:         -                88M (2%)           90M (2%)           94M (2%)             -                  -          
[152.850s][info][gc,heap     ] GC(110)   Garbage:         -              2957M (72%)         251M (6%)           25M (1%)             -                  -          
[152.850s][info][gc,heap     ] GC(110) Reclaimed:         -                  -              2706M (66%)        2932M (72%)            -                  -          
[152.850s][info][gc          ] GC(110) Garbage Collection (Proactive) 2968M(72%)->130M(3%)
[154.230s][info][gc,start    ] GC(111) Garbage Collection (Proactive)
[154.230s][info][gc,task     ] GC(111) Using 12 workers
[154.230s][info][gc,phases   ] GC(111) Pause Mark Start 0.014ms
[154.236s][info][gc,phases   ] GC(111) Concurrent Mark 5.666ms
[154.236s][info][gc,phases   ] GC(111) Pause Mark End 0.018ms
[154.236s][info][gc,phases   ] GC(111) Concurrent Mark Free 0.001ms
[154.244s][info][gc,phases   ] GC(111) Concurrent Process Non-Strong References 8.057ms
[154.244s][info][gc,phases   ] GC(111) Concurrent Reset Relocation Set 0.014ms
[154.248s][info][gc,phases   ] GC(111) Concurrent Select Relocation Set 4.171ms
[154.249s][info][gc,phases   ] GC(111) Pause Relocate Start 0.006ms
[154.249s][info][gc,phases   ] GC(111) Concurrent Relocate 0.398ms
[154.249s][info][gc,load     ] GC(111) Load: 0.00/0.00/0.00
[154.249s][info][gc,mmu      ] GC(111) MMU: 2ms/97.7%, 5ms/99.1%, 10ms/99.5%, 20ms/99.8%, 50ms/99.9%, 100ms/99.9%
[154.249s][info][gc,marking  ] GC(111) Mark: 8 stripe(s), 2 proactive flush(es), 1 terminate flush(es), 0 completion(s), 0 continuation(s) 
[154.249s][info][gc,marking  ] GC(111) Mark Stack Usage: 32M
[154.249s][info][gc,nmethod  ] GC(111) NMethods: 2275 registered, 10 unregistered
[154.249s][info][gc,metaspace] GC(111) Metaspace: 13M used, 14M committed, 1088M reserved
[154.249s][info][gc,ref      ] GC(111) Soft: 211 encountered, 0 discovered, 0 enqueued
[154.249s][info][gc,ref      ] GC(111) Weak: 711 encountered, 82 discovered, 0 enqueued
[154.249s][info][gc,ref      ] GC(111) Final: 0 encountered, 0 discovered, 0 enqueued
[154.249s][info][gc,ref      ] GC(111) Phantom: 59 encountered, 33 discovered, 0 enqueued
[154.249s][info][gc,reloc    ] GC(111) Small Pages: 1504 / 3008M, Empty: 2754M, Relocated: 1M, In-Place: 0
[154.249s][info][gc,reloc    ] GC(111) Medium Pages: 0 / 0M, Empty: 0M, Relocated: 0M, In-Place: 0
[154.249s][info][gc,reloc    ] GC(111) Large Pages: 0 / 0M, Empty: 0M, Relocated: 0M, In-Place: 0
[154.249s][info][gc,reloc    ] GC(111) Forwarding Usage: 0M
[154.249s][info][gc,heap     ] GC(111) Min Capacity: 8M(0%)
[154.249s][info][gc,heap     ] GC(111) Max Capacity: 4096M(100%)
[154.249s][info][gc,heap     ] GC(111) Soft Max Capacity: 4096M(100%)
[154.249s][info][gc,heap     ] GC(111)                Mark Start          Mark End        Relocate Start      Relocate End           High               Low         
[154.249s][info][gc,heap     ] GC(111)  Capacity:     3730M (91%)        3730M (91%)        3730M (91%)        3730M (91%)        3730M (91%)        3730M (91%)    
[154.249s][info][gc,heap     ] GC(111)      Free:     1088M (27%)        1020M (25%)        3756M (92%)        3974M (97%)        3974M (97%)        1010M (25%)    
[154.249s][info][gc,heap     ] GC(111)      Used:     3008M (73%)        3076M (75%)         340M (8%)          122M (3%)         3086M (75%)         122M (3%)     
[154.249s][info][gc,heap     ] GC(111)      Live:         -                 9M (0%)            9M (0%)            9M (0%)             -                  -          
[154.249s][info][gc,heap     ] GC(111) Allocated:         -                68M (2%)           86M (2%)           86M (2%)             -                  -          
[154.249s][info][gc,heap     ] GC(111)   Garbage:         -              2998M (73%)         244M (6%)           25M (1%)             -                  -          
[154.249s][info][gc,heap     ] GC(111) Reclaimed:         -                  -              2754M (67%)        2972M (73%)            -                  -          
[154.249s][info][gc          ] GC(111) Garbage Collection (Proactive) 3008M(73%)->122M(3%)
[154.673s][info][gc,start    ] GC(112) Garbage Collection (System.gc())
[154.673s][info][gc,task     ] GC(112) Using 12 workers
[154.673s][info][gc,phases   ] GC(112) Pause Mark Start 0.013ms
[154.687s][info][gc,phases   ] GC(112) Concurrent Mark 13.859ms
[154.687s][info][gc,phases   ] GC(112) Pause Mark End 0.014ms
[154.687s][info][gc,phases   ] GC(112) Concurrent Mark Free 0.001ms
[154.698s][info][gc,phases   ] GC(112) Concurrent Process Non-Strong References 10.488ms
[154.698s][info][gc,phases   ] GC(112) Concurrent Reset Relocation Set 0.012ms
[154.703s][info][gc,phases   ] GC(112) Concurrent Select Relocation Set 5.165ms
[154.703s][info][gc,phases   ] GC(112) Pause Relocate Start 0.007ms
[154.707s][info][gc,phases   ] GC(112) Concurrent Relocate 3.972ms
[154.707s][info][gc,load     ] GC(112) Load: 0.00/0.00/0.00
[154.707s][info][gc,mmu      ] GC(112) MMU: 2ms/97.7%, 5ms/99.1%, 10ms/99.5%, 20ms/99.8%, 50ms/99.9%, 100ms/99.9%
[154.707s][info][gc,marking  ] GC(112) Mark: 8 stripe(s), 2 proactive flush(es), 1 terminate flush(es), 0 completion(s), 0 continuation(s) 
[154.707s][info][gc,marking  ] GC(112) Mark Stack Usage: 32M
[154.707s][info][gc,nmethod  ] GC(112) NMethods: 2280 registered, 10 unregistered
[154.707s][info][gc,metaspace] GC(112) Metaspace: 13M used, 14M committed, 1088M reserved
[154.707s][info][gc,ref      ] GC(112) Soft: 211 encountered, 0 discovered, 0 enqueued
[154.707s][info][gc,ref      ] GC(112) Weak: 627 encountered, 6 discovered, 0 enqueued
[154.707s][info][gc,ref      ] GC(112) Final: 0 encountered, 0 discovered, 0 enqueued
[154.707s][info][gc,ref      ] GC(112) Phantom: 59 encountered, 46 discovered, 0 enqueued
[154.707s][info][gc,reloc    ] GC(112) Small Pages: 500 / 1000M, Empty: 940M, Relocated: 3M, In-Place: 0
[154.707s][info][gc,reloc    ] GC(112) Medium Pages: 0 / 0M, Empty: 0M, Relocated: 0M, In-Place: 0
[154.707s][info][gc,reloc    ] GC(112) Large Pages: 0 / 0M, Empty: 0M, Relocated: 0M, In-Place: 0
[154.707s][info][gc,reloc    ] GC(112) Forwarding Usage: 1M
[154.707s][info][gc,heap     ] GC(112) Min Capacity: 8M(0%)
[154.707s][info][gc,heap     ] GC(112) Max Capacity: 4096M(100%)
[154.707s][info][gc,heap     ] GC(112) Soft Max Capacity: 4096M(100%)
[154.707s][info][gc,heap     ] GC(112)                Mark Start          Mark End        Relocate Start      Relocate End           High               Low         
[154.707s][info][gc,heap     ] GC(112)  Capacity:     3730M (91%)        3730M (91%)        3730M (91%)        3730M (91%)        3730M (91%)        3730M (91%)    
[154.707s][info][gc,heap     ] GC(112)      Free:     3096M (76%)        3096M (76%)        4036M (99%)        4068M (99%)        4068M (99%)        3096M (76%)    
[154.707s][info][gc,heap     ] GC(112)      Used:     1000M (24%)        1000M (24%)          60M (1%)           28M (1%)         1000M (24%)          28M (1%)     
[154.707s][info][gc,heap     ] GC(112)      Live:         -                 6M (0%)            6M (0%)            6M (0%)             -                  -          
[154.707s][info][gc,heap     ] GC(112) Allocated:         -                 0M (0%)            0M (0%)            0M (0%)             -                  -          
[154.708s][info][gc,heap     ] GC(112)   Garbage:         -               993M (24%)          53M (1%)           21M (1%)             -                  -          
[154.708s][info][gc,heap     ] GC(112) Reclaimed:         -                  -               940M (23%)         972M (24%)            -                  -          
[154.708s][info][gc          ] GC(112) Garbage Collection (System.gc()) 1000M(24%)->28M(1%)
[156.030s][info][gc,start    ] GC(113) Garbage Collection (Allocation Rate)
[156.030s][info][gc,task     ] GC(113) Using 1 workers
[156.030s][info][gc,phases   ] GC(113) Pause Mark Start 0.013ms
[156.057s][info][gc,phases   ] GC(113) Concurrent Mark 26.361ms
[156.057s][info][gc,phases   ] GC(113) Pause Mark End 0.022ms
[156.057s][info][gc,phases   ] GC(113) Concurrent Mark Free 0.008ms
[156.133s][info][gc,phases   ] GC(113) Concurrent Process Non-Strong References 76.142ms
[156.133s][info][gc,phases   ] GC(113) Concurrent Reset Relocation Set 0.004ms
[156.137s][info][gc,phases   ] GC(113) Concurrent Select Relocation Set 3.539ms
[156.137s][info][gc,phases   ] GC(113) Pause Relocate Start 0.009ms
[156.140s][info][gc,phases   ] GC(113) Concurrent Relocate 2.661ms
[156.140s][info][gc,load     ] GC(113) Load: 0.00/0.00/0.00
[156.140s][info][gc,mmu      ] GC(113) MMU: 2ms/97.7%, 5ms/99.1%, 10ms/99.5%, 20ms/99.8%, 50ms/99.9%, 100ms/99.9%
[156.140s][info][gc,marking  ] GC(113) Mark: 1 stripe(s), 2 proactive flush(es), 1 terminate flush(es), 0 completion(s), 0 continuation(s) 
[156.140s][info][gc,marking  ] GC(113) Mark Stack Usage: 32M
[156.140s][info][gc,nmethod  ] GC(113) NMethods: 2289 registered, 10 unregistered
[156.140s][info][gc,metaspace] GC(113) Metaspace: 13M used, 14M committed, 1088M reserved
[156.140s][info][gc,ref      ] GC(113) Soft: 211 encountered, 0 discovered, 0 enqueued
[156.140s][info][gc,ref      ] GC(113) Weak: 723 encountered, 439 discovered, 0 enqueued
[156.140s][info][gc,ref      ] GC(113) Final: 0 encountered, 0 discovered, 0 enqueued
[156.140s][info][gc,ref      ] GC(113) Phantom: 59 encountered, 46 discovered, 0 enqueued
[156.140s][info][gc,reloc    ] GC(113) Small Pages: 1355 / 2710M, Empty: 2446M, Relocated: 3M, In-Place: 0
[156.140s][info][gc,reloc    ] GC(113) Medium Pages: 0 / 0M, Empty: 0M, Relocated: 0M, In-Place: 0
[156.140s][info][gc,reloc    ] GC(113) Large Pages: 0 / 0M, Empty: 0M, Relocated: 0M, In-Place: 0
[156.140s][info][gc,reloc    ] GC(113) Forwarding Usage: 0M
[156.140s][info][gc,heap     ] GC(113) Min Capacity: 8M(0%)
[156.140s][info][gc,heap     ] GC(113) Max Capacity: 4096M(100%)
[156.140s][info][gc,heap     ] GC(113) Soft Max Capacity: 4096M(100%)
[156.140s][info][gc,heap     ] GC(113)                Mark Start          Mark End        Relocate Start      Relocate End           High               Low         
[156.140s][info][gc,heap     ] GC(113)  Capacity:     3730M (91%)        3730M (91%)        3730M (91%)        3730M (91%)        3730M (91%)        3730M (91%)    
[156.140s][info][gc,heap     ] GC(113)      Free:     1386M (34%)        1292M (32%)        3560M (87%)        3812M (93%)        3812M (93%)        1114M (27%)    
[156.140s][info][gc,heap     ] GC(113)      Used:     2710M (66%)        2804M (68%)         536M (13%)         284M (7%)         2982M (73%)         284M (7%)     
[156.140s][info][gc,heap     ] GC(113)      Live:         -                 8M (0%)            8M (0%)            8M (0%)             -                  -          
[156.140s][info][gc,heap     ] GC(113) Allocated:         -                94M (2%)          272M (7%)          272M (7%)             -                  -          
[156.140s][info][gc,heap     ] GC(113)   Garbage:         -              2701M (66%)         255M (6%)            2M (0%)             -                  -          
[156.140s][info][gc,heap     ] GC(113) Reclaimed:         -                  -              2446M (60%)        2698M (66%)            -                  -          
[156.140s][info][gc          ] GC(113) Garbage Collection (Allocation Rate) 2710M(66%)->284M(7%)
[157.430s][info][gc,start    ] GC(114) Garbage Collection (Allocation Rate)
[157.431s][info][gc,task     ] GC(114) Using 1 workers
[157.431s][info][gc,phases   ] GC(114) Pause Mark Start 0.011ms
[157.451s][info][gc,phases   ] GC(114) Concurrent Mark 20.309ms
[157.451s][info][gc,phases   ] GC(114) Pause Mark End 0.018ms
[157.451s][info][gc,phases   ] GC(114) Concurrent Mark Free 0.001ms
[157.525s][info][gc,phases   ] GC(114) Concurrent Process Non-Strong References 73.673ms
[157.525s][info][gc,phases   ] GC(114) Concurrent Reset Relocation Set 0.017ms
[157.530s][info][gc,phases   ] GC(114) Concurrent Select Relocation Set 4.960ms
[157.530s][info][gc,phases   ] GC(114) Pause Relocate Start 0.008ms
[157.533s][info][gc,phases   ] GC(114) Concurrent Relocate 2.579ms
[157.533s][info][gc,load     ] GC(114) Load: 0.00/0.00/0.00
[157.533s][info][gc,mmu      ] GC(114) MMU: 2ms/97.7%, 5ms/99.1%, 10ms/99.5%, 20ms/99.8%, 50ms/99.9%, 100ms/99.9%
[157.533s][info][gc,marking  ] GC(114) Mark: 1 stripe(s), 2 proactive flush(es), 1 terminate flush(es), 0 completion(s), 0 continuation(s) 
[157.533s][info][gc,marking  ] GC(114) Mark Stack Usage: 32M
[157.533s][info][gc,nmethod  ] GC(114) NMethods: 2289 registered, 10 unregistered
[157.533s][info][gc,metaspace] GC(114) Metaspace: 13M used, 14M committed, 1088M reserved
[157.533s][info][gc,ref      ] GC(114) Soft: 211 encountered, 0 discovered, 0 enqueued
[157.533s][info][gc,ref      ] GC(114) Weak: 723 encountered, 439 discovered, 0 enqueued
[157.533s][info][gc,ref      ] GC(114) Final: 0 encountered, 0 discovered, 0 enqueued
[157.533s][info][gc,ref      ] GC(114) Phantom: 59 encountered, 46 discovered, 0 enqueued
[157.533s][info][gc,reloc    ] GC(114) Small Pages: 1419 / 2838M, Empty: 2580M, Relocated: 2M, In-Place: 0
[157.533s][info][gc,reloc    ] GC(114) Medium Pages: 0 / 0M, Empty: 0M, Relocated: 0M, In-Place: 0
[157.533s][info][gc,reloc    ] GC(114) Large Pages: 0 / 0M, Empty: 0M, Relocated: 0M, In-Place: 0
[157.533s][info][gc,reloc    ] GC(114) Forwarding Usage: 0M
[157.533s][info][gc,heap     ] GC(114) Min Capacity: 8M(0%)
[157.533s][info][gc,heap     ] GC(114) Max Capacity: 4096M(100%)
[157.533s][info][gc,heap     ] GC(114) Soft Max Capacity: 4096M(100%)
[157.533s][info][gc,heap     ] GC(114)                Mark Start          Mark End        Relocate Start      Relocate End           High               Low         
[157.533s][info][gc,heap     ] GC(114)  Capacity:     3730M (91%)        3730M (91%)        3730M (91%)        3730M (91%)        3730M (91%)        3730M (91%)    
[157.533s][info][gc,heap     ] GC(114)      Free:     1258M (31%)        1162M (28%)        3590M (88%)        3828M (93%)        3828M (93%)        1030M (25%)    
[157.533s][info][gc,heap     ] GC(114)      Used:     2838M (69%)        2934M (72%)         506M (12%)         268M (7%)         3066M (75%)         268M (7%)     
[157.533s][info][gc,heap     ] GC(114)      Live:         -                 9M (0%)            9M (0%)            9M (0%)             -                  -          
[157.533s][info][gc,heap     ] GC(114) Allocated:         -                96M (2%)          248M (6%)          256M (6%)             -                  -          
[157.533s][info][gc,heap     ] GC(114)   Garbage:         -              2828M (69%)         248M (6%)            2M (0%)             -                  -          
[157.533s][info][gc,heap     ] GC(114) Reclaimed:         -                  -              2580M (63%)        2826M (69%)            -                  -          
[157.533s][info][gc          ] GC(114) Garbage Collection (Allocation Rate) 2838M(69%)->268M(7%)
[158.931s][info][gc,start    ] GC(115) Garbage Collection (Allocation Rate)
[158.931s][info][gc,task     ] GC(115) Using 1 workers
[158.931s][info][gc,phases   ] GC(115) Pause Mark Start 0.011ms
[158.953s][info][gc,phases   ] GC(115) Concurrent Mark 22.263ms
[158.953s][info][gc,phases   ] GC(115) Pause Mark End 0.017ms
[158.954s][info][gc,phases   ] GC(115) Concurrent Mark Free 0.001ms
[159.036s][info][gc,phases   ] GC(115) Concurrent Process Non-Strong References 82.750ms
[159.037s][info][gc,phases   ] GC(115) Concurrent Reset Relocation Set 0.015ms
[159.041s][info][gc,phases   ] GC(115) Concurrent Select Relocation Set 4.943ms
[159.042s][info][gc,phases   ] GC(115) Pause Relocate Start 0.008ms
[159.045s][info][gc,phases   ] GC(115) Concurrent Relocate 3.352ms
[159.045s][info][gc,load     ] GC(115) Load: 0.00/0.00/0.00
[159.045s][info][gc,mmu      ] GC(115) MMU: 2ms/97.7%, 5ms/99.1%, 10ms/99.5%, 20ms/99.8%, 50ms/99.9%, 100ms/99.9%
[159.045s][info][gc,marking  ] GC(115) Mark: 1 stripe(s), 2 proactive flush(es), 1 terminate flush(es), 0 completion(s), 0 continuation(s) 
[159.045s][info][gc,marking  ] GC(115) Mark Stack Usage: 32M
[159.045s][info][gc,nmethod  ] GC(115) NMethods: 2289 registered, 10 unregistered
[159.045s][info][gc,metaspace] GC(115) Metaspace: 13M used, 14M committed, 1088M reserved
[159.045s][info][gc,ref      ] GC(115) Soft: 211 encountered, 0 discovered, 0 enqueued
[159.045s][info][gc,ref      ] GC(115) Weak: 723 encountered, 439 discovered, 0 enqueued
[159.045s][info][gc,ref      ] GC(115) Final: 0 encountered, 0 discovered, 0 enqueued
[159.045s][info][gc,ref      ] GC(115) Phantom: 59 encountered, 46 discovered, 0 enqueued
[159.045s][info][gc,reloc    ] GC(115) Small Pages: 1624 / 3248M, Empty: 2982M, Relocated: 3M, In-Place: 0
[159.045s][info][gc,reloc    ] GC(115) Medium Pages: 0 / 0M, Empty: 0M, Relocated: 0M, In-Place: 0
[159.045s][info][gc,reloc    ] GC(115) Large Pages: 0 / 0M, Empty: 0M, Relocated: 0M, In-Place: 0
[159.045s][info][gc,reloc    ] GC(115) Forwarding Usage: 0M
[159.045s][info][gc,heap     ] GC(115) Min Capacity: 8M(0%)
[159.045s][info][gc,heap     ] GC(115) Max Capacity: 4096M(100%)
[159.045s][info][gc,heap     ] GC(115) Soft Max Capacity: 4096M(100%)
[159.045s][info][gc,heap     ] GC(115)                Mark Start          Mark End        Relocate Start      Relocate End           High               Low         
[159.045s][info][gc,heap     ] GC(115)  Capacity:     3730M (91%)        3730M (91%)        3730M (91%)        3730M (91%)        3730M (91%)        3730M (91%)    
[159.045s][info][gc,heap     ] GC(115)      Free:      848M (21%)         754M (18%)        3546M (87%)        3792M (93%)        3792M (93%)         568M (14%)    
[159.045s][info][gc,heap     ] GC(115)      Used:     3248M (79%)        3342M (82%)         550M (13%)         304M (7%)         3528M (86%)         304M (7%)     
[159.045s][info][gc,heap     ] GC(115)      Live:         -                 9M (0%)            9M (0%)            9M (0%)             -                  -          
[159.045s][info][gc,heap     ] GC(115) Allocated:         -                94M (2%)          284M (7%)          292M (7%)             -                  -          
[159.046s][info][gc,heap     ] GC(115)   Garbage:         -              3238M (79%)         256M (6%)            2M (0%)             -                  -          
[159.046s][info][gc,heap     ] GC(115) Reclaimed:         -                  -              2982M (73%)        3236M (79%)            -                  -          
[159.046s][info][gc          ] GC(115) Garbage Collection (Allocation Rate) 3248M(79%)->304M(7%)
[160.130s][info][gc,stats    ] === Garbage Collection Statistics =======================================================================================================================
[160.130s][info][gc,stats    ]                                                              Last 10s              Last 10m              Last 10h                Total
[160.130s][info][gc,stats    ]                                                              Avg / Max             Avg / Max             Avg / Max             Avg / Max
[160.130s][info][gc,stats    ]   Collector: Garbage Collection Cycle                     71.980 / 114.428      73.042 / 587.803      73.042 / 587.803      73.042 / 587.803     ms
[160.130s][info][gc,stats    ]  Contention: Mark Segment Reset Contention                     0 / 6                 1 / 26                1 / 26                1 / 26          ops/s
[160.130s][info][gc,stats    ]  Contention: Mark SeqNum Reset Contention                      0 / 3                 0 / 3                 0 / 3                 0 / 3           ops/s
[160.130s][info][gc,stats    ]    Critical: Allocation Stall                                  0 / 0                 0 / 0                 0 / 0                 0 / 0           ops/s
[160.131s][info][gc,stats    ]    Critical: Allocation Stall                              0.000 / 0.000         0.000 / 0.000         0.000 / 0.000         0.000 / 0.000       ms
[160.131s][info][gc,stats    ]    Critical: GC Locker Stall                                   0 / 0                 0 / 0                 0 / 0                 0 / 0           ops/s
[160.131s][info][gc,stats    ]    Critical: GC Locker Stall                               0.000 / 0.000         0.000 / 0.000         0.000 / 0.000         0.000 / 0.000       ms
[160.131s][info][gc,stats    ]    Critical: Relocation Stall                                  0 / 0                 0 / 0                 0 / 0                 0 / 0           ops/s
[160.131s][info][gc,stats    ]    Critical: Relocation Stall                              0.000 / 0.000         0.000 / 0.000         0.000 / 0.000         0.000 / 0.000       ms
[160.131s][info][gc,stats    ]      Memory: Allocation Rate                                2084 / 2196           1968 / 2208           1968 / 2208           1968 / 2208        MB/s
[160.131s][info][gc,stats    ]      Memory: Defragment                                        0 / 0                 0 / 0                 0 / 0                 0 / 0           ops/s
[160.131s][info][gc,stats    ]      Memory: Out Of Memory                                     0 / 0                 0 / 0                 0 / 0                 0 / 0           ops/s
[160.131s][info][gc,stats    ]      Memory: Page Cache Flush                                  0 / 0                 0 / 0                 0 / 0                 0 / 0           MB/s
[160.131s][info][gc,stats    ]      Memory: Page Cache Hit L1                              1046 / 1099            976 / 1107            976 / 1107            976 / 1107        ops/s
[160.131s][info][gc,stats    ]      Memory: Page Cache Hit L2                                 0 / 0                 0 / 0                 0 / 0                 0 / 0           ops/s
[160.131s][info][gc,stats    ]      Memory: Page Cache Hit L3                                 0 / 0                 6 / 448               6 / 448               6 / 448         ops/s
[160.131s][info][gc,stats    ]      Memory: Page Cache Miss                                   0 / 0                 5 / 471               5 / 471               5 / 471         ops/s
[160.131s][info][gc,stats    ]      Memory: Uncommit                                          0 / 0                 0 / 0                 0 / 0                 0 / 0           MB/s
[160.131s][info][gc,stats    ]      Memory: Undo Object Allocation Failed                     0 / 0                 0 / 5                 0 / 5                 0 / 5           ops/s
[160.131s][info][gc,stats    ]      Memory: Undo Object Allocation Succeeded                 15 / 36               21 / 124              21 / 124              21 / 124         ops/s
[160.131s][info][gc,stats    ]      Memory: Undo Page Allocation                              0 / 2                 0 / 23                0 / 23                0 / 23          ops/s
[160.131s][info][gc,stats    ]       Phase: Concurrent Mark                              16.485 / 26.361       23.416 / 549.801      23.416 / 549.801      23.416 / 549.801     ms
[160.131s][info][gc,stats    ]       Phase: Concurrent Mark Continue                      0.000 / 0.000         0.000 / 0.000         0.000 / 0.000         0.000 / 0.000       ms
[160.131s][info][gc,stats    ]       Phase: Concurrent Mark Free                          0.002 / 0.008         0.001 / 0.008         0.001 / 0.008         0.001 / 0.008       ms
[160.131s][info][gc,stats    ]       Phase: Concurrent Process Non-Strong References     47.350 / 82.750       34.817 / 82.750       34.817 / 82.750       34.817 / 82.750      ms
[160.131s][info][gc,stats    ]       Phase: Concurrent Relocate                           2.611 / 4.919         2.630 / 6.016         2.630 / 6.016         2.630 / 6.016       ms
[160.131s][info][gc,stats    ]       Phase: Concurrent Reset Relocation Set               0.014 / 0.019         0.015 / 0.025         0.015 / 0.025         0.015 / 0.025       ms
[160.131s][info][gc,stats    ]       Phase: Concurrent Select Relocation Set              4.501 / 5.165         4.921 / 22.887        4.921 / 22.887        4.921 / 22.887      ms
[160.131s][info][gc,stats    ]       Phase: Pause Mark End                                0.017 / 0.022         0.020 / 0.046         0.020 / 0.046         0.020 / 0.046       ms
[160.131s][info][gc,stats    ]       Phase: Pause Mark Start                              0.012 / 0.014         0.013 / 0.021         0.013 / 0.021         0.013 / 0.021       ms
[160.131s][info][gc,stats    ]       Phase: Pause Relocate Start                          0.007 / 0.009         0.008 / 0.019         0.008 / 0.019         0.008 / 0.019       ms
[160.131s][info][gc,stats    ]    Subphase: Concurrent Classes Purge                      0.005 / 0.010         0.048 / 3.013         0.048 / 3.013         0.048 / 3.013       ms
[160.131s][info][gc,stats    ]    Subphase: Concurrent Classes Unlink                     3.352 / 5.804         3.212 / 7.490         3.212 / 7.490         3.212 / 7.490       ms
[160.131s][info][gc,stats    ]    Subphase: Concurrent Mark                               8.259 / 25.225        9.484 / 109.674       9.484 / 109.674       9.484 / 109.674     ms
[160.131s][info][gc,stats    ]    Subphase: Concurrent Mark Try Flush                     0.098 / 0.164         0.633 / 80.074        0.633 / 80.074        0.633 / 80.074      ms
[160.131s][info][gc,stats    ]    Subphase: Concurrent Mark Try Terminate                 3.363 / 11.428        2.404 / 15.651        2.404 / 15.651        2.404 / 15.651      ms
[160.131s][info][gc,stats    ]    Subphase: Concurrent References Enqueue                 0.001 / 0.001         0.001 / 0.007         0.001 / 0.007         0.001 / 0.007       ms
[160.131s][info][gc,stats    ]    Subphase: Concurrent References Process                 0.091 / 0.178         0.094 / 0.194         0.094 / 0.194         0.094 / 0.194       ms
[160.131s][info][gc,stats    ]    Subphase: Concurrent Roots ClassLoaderDataGraph         0.073 / 0.410         0.084 / 0.923         0.084 / 0.923         0.084 / 0.923       ms
[160.131s][info][gc,stats    ]    Subphase: Concurrent Roots CodeCache                    0.000 / 0.000         0.000 / 0.000         0.000 / 0.000         0.000 / 0.000       ms
[160.131s][info][gc,stats    ]    Subphase: Concurrent Roots JavaThreads                  0.187 / 0.717         1.089 / 473.279       1.089 / 473.279       1.089 / 473.279     ms
[160.131s][info][gc,stats    ]    Subphase: Concurrent Roots OopStorageSet                0.038 / 0.122         0.080 / 1.317         0.080 / 1.317         0.080 / 1.317       ms
[160.131s][info][gc,stats    ]    Subphase: Concurrent Weak Roots OopStorageSet          14.424 / 76.663        9.995 / 76.663        9.995 / 76.663        9.995 / 76.663      ms
[160.131s][info][gc,stats    ]    Subphase: Pause Mark Try Complete                       0.000 / 0.000         0.004 / 0.007         0.004 / 0.007         0.004 / 0.007       ms
[160.131s][info][gc,stats    ]      System: Java Threads                                     52 / 61               53 / 73               53 / 73               53 / 73          threads
[160.131s][info][gc,stats    ] =========================================================================================================================================================
[160.330s][info][gc,start    ] GC(116) Garbage Collection (Proactive)
[160.330s][info][gc,task     ] GC(116) Using 12 workers
[160.330s][info][gc,phases   ] GC(116) Pause Mark Start 0.010ms
[160.336s][info][gc,phases   ] GC(116) Concurrent Mark 5.634ms
[160.336s][info][gc,phases   ] GC(116) Pause Mark End 0.018ms
[160.336s][info][gc,phases   ] GC(116) Concurrent Mark Free 0.001ms
[160.342s][info][gc,phases   ] GC(116) Concurrent Process Non-Strong References 6.316ms
[160.342s][info][gc,phases   ] GC(116) Concurrent Reset Relocation Set 0.014ms
[160.346s][info][gc,phases   ] GC(116) Concurrent Select Relocation Set 3.557ms
[160.346s][info][gc,phases   ] GC(116) Pause Relocate Start 0.005ms
[160.350s][info][gc,phases   ] GC(116) Concurrent Relocate 3.157ms
[160.350s][info][gc,load     ] GC(116) Load: 0.00/0.00/0.00
[160.350s][info][gc,mmu      ] GC(116) MMU: 2ms/97.7%, 5ms/99.1%, 10ms/99.5%, 20ms/99.8%, 50ms/99.9%, 100ms/99.9%
[160.350s][info][gc,marking  ] GC(116) Mark: 8 stripe(s), 3 proactive flush(es), 1 terminate flush(es), 0 completion(s), 0 continuation(s) 
[160.350s][info][gc,marking  ] GC(116) Mark Stack Usage: 32M
[160.350s][info][gc,nmethod  ] GC(116) NMethods: 2289 registered, 10 unregistered
[160.350s][info][gc,metaspace] GC(116) Metaspace: 13M used, 14M committed, 1088M reserved
[160.350s][info][gc,ref      ] GC(116) Soft: 211 encountered, 0 discovered, 0 enqueued
[160.350s][info][gc,ref      ] GC(116) Weak: 723 encountered, 69 discovered, 0 enqueued
[160.350s][info][gc,ref      ] GC(116) Final: 0 encountered, 0 discovered, 0 enqueued
[160.350s][info][gc,ref      ] GC(116) Phantom: 59 encountered, 33 discovered, 0 enqueued
[160.350s][info][gc,reloc    ] GC(116) Small Pages: 1486 / 2972M, Empty: 2712M, Relocated: 3M, In-Place: 0
[160.350s][info][gc,reloc    ] GC(116) Medium Pages: 0 / 0M, Empty: 0M, Relocated: 0M, In-Place: 0
[160.350s][info][gc,reloc    ] GC(116) Large Pages: 0 / 0M, Empty: 0M, Relocated: 0M, In-Place: 0
[160.350s][info][gc,reloc    ] GC(116) Forwarding Usage: 0M
[160.350s][info][gc,heap     ] GC(116) Min Capacity: 8M(0%)
[160.350s][info][gc,heap     ] GC(116) Max Capacity: 4096M(100%)
[160.350s][info][gc,heap     ] GC(116) Soft Max Capacity: 4096M(100%)
[160.350s][info][gc,heap     ] GC(116)                Mark Start          Mark End        Relocate Start      Relocate End           High               Low         
[160.350s][info][gc,heap     ] GC(116)  Capacity:     3730M (91%)        3730M (91%)        3730M (91%)        3730M (91%)        3730M (91%)        3730M (91%)    
[160.350s][info][gc,heap     ] GC(116)      Free:     1124M (27%)        1036M (25%)        3744M (91%)        3968M (97%)        3968M (97%)        1034M (25%)    
[160.350s][info][gc,heap     ] GC(116)      Used:     2972M (73%)        3060M (75%)         352M (9%)          128M (3%)         3062M (75%)         128M (3%)     
[160.350s][info][gc,heap     ] GC(116)      Live:         -                 9M (0%)            9M (0%)            9M (0%)             -                  -          
[160.350s][info][gc,heap     ] GC(116) Allocated:         -                88M (2%)           92M (2%)           94M (2%)             -                  -          
[160.350s][info][gc,heap     ] GC(116)   Garbage:         -              2962M (72%)         250M (6%)           24M (1%)             -                  -          
[160.350s][info][gc,heap     ] GC(116) Reclaimed:         -                  -              2712M (66%)        2938M (72%)            -                  -          
[160.350s][info][gc          ] GC(116) Garbage Collection (Proactive) 2972M(73%)->128M(3%)
[161.930s][info][gc,start    ] GC(117) Garbage Collection (Allocation Rate)
[161.930s][info][gc,task     ] GC(117) Using 1 workers
[161.930s][info][gc,phases   ] GC(117) Pause Mark Start 0.010ms
[161.952s][info][gc,phases   ] GC(117) Concurrent Mark 21.808ms
[161.952s][info][gc,phases   ] GC(117) Pause Mark End 0.015ms
[161.952s][info][gc,phases   ] GC(117) Concurrent Mark Free 0.001ms
[162.032s][info][gc,phases   ] GC(117) Concurrent Process Non-Strong References 80.524ms
[162.046s][info][gc,phases   ] GC(117) Concurrent Reset Relocation Set 0.020ms
[162.051s][info][gc,phases   ] GC(117) Concurrent Select Relocation Set 4.474ms
[162.051s][info][gc,phases   ] GC(117) Pause Relocate Start 0.009ms
[162.056s][info][gc,phases   ] GC(117) Concurrent Relocate 5.242ms
[162.056s][info][gc,load     ] GC(117) Load: 0.00/0.00/0.00
[162.056s][info][gc,mmu      ] GC(117) MMU: 2ms/97.7%, 5ms/99.1%, 10ms/99.5%, 20ms/99.8%, 50ms/99.9%, 100ms/99.9%
[162.056s][info][gc,marking  ] GC(117) Mark: 1 stripe(s), 2 proactive flush(es), 1 terminate flush(es), 0 completion(s), 0 continuation(s) 
[162.056s][info][gc,marking  ] GC(117) Mark Stack Usage: 32M
[162.056s][info][gc,nmethod  ] GC(117) NMethods: 2289 registered, 10 unregistered
[162.056s][info][gc,metaspace] GC(117) Metaspace: 13M used, 14M committed, 1088M reserved
[162.056s][info][gc,ref      ] GC(117) Soft: 211 encountered, 0 discovered, 0 enqueued
[162.056s][info][gc,ref      ] GC(117) Weak: 723 encountered, 439 discovered, 0 enqueued
[162.056s][info][gc,ref      ] GC(117) Final: 0 encountered, 0 discovered, 0 enqueued
[162.056s][info][gc,ref      ] GC(117) Phantom: 59 encountered, 46 discovered, 0 enqueued
[162.056s][info][gc,reloc    ] GC(117) Small Pages: 1615 / 3230M, Empty: 2948M, Relocated: 3M, In-Place: 0
[162.056s][info][gc,reloc    ] GC(117) Medium Pages: 0 / 0M, Empty: 0M, Relocated: 0M, In-Place: 0
[162.056s][info][gc,reloc    ] GC(117) Large Pages: 0 / 0M, Empty: 0M, Relocated: 0M, In-Place: 0
[162.056s][info][gc,reloc    ] GC(117) Forwarding Usage: 0M
[162.056s][info][gc,heap     ] GC(117) Min Capacity: 8M(0%)
[162.056s][info][gc,heap     ] GC(117) Max Capacity: 4096M(100%)
[162.056s][info][gc,heap     ] GC(117) Soft Max Capacity: 4096M(100%)
[162.056s][info][gc,heap     ] GC(117)                Mark Start          Mark End        Relocate Start      Relocate End           High               Low         
[162.056s][info][gc,heap     ] GC(117)  Capacity:     3730M (91%)        3730M (91%)        3730M (91%)        3730M (91%)        3730M (91%)        3730M (91%)    
[162.056s][info][gc,heap     ] GC(117)      Free:      866M (21%)         772M (19%)        3540M (86%)        3804M (93%)        3804M (93%)         592M (14%)    
[162.056s][info][gc,heap     ] GC(117)      Used:     3230M (79%)        3324M (81%)         556M (14%)         292M (7%)         3504M (86%)         292M (7%)     
[162.056s][info][gc,heap     ] GC(117)      Live:         -                 9M (0%)            9M (0%)            9M (0%)             -                  -          
[162.056s][info][gc,heap     ] GC(117) Allocated:         -                94M (2%)          274M (7%)          280M (7%)             -                  -          
[162.056s][info][gc,heap     ] GC(117)   Garbage:         -              3220M (79%)         272M (7%)            1M (0%)             -                  -          
[162.057s][info][gc,heap     ] GC(117) Reclaimed:         -                  -              2948M (72%)        3218M (79%)            -                  -          
[162.057s][info][gc          ] GC(117) Garbage Collection (Allocation Rate) 3230M(79%)->292M(7%)
[163.530s][info][gc,start    ] GC(118) Garbage Collection (Allocation Rate)
[163.531s][info][gc,task     ] GC(118) Using 1 workers
[163.531s][info][gc,phases   ] GC(118) Pause Mark Start 0.012ms
[163.555s][info][gc,phases   ] GC(118) Concurrent Mark 24.453ms
[163.555s][info][gc,phases   ] GC(118) Pause Mark End 0.019ms
[163.556s][info][gc,phases   ] GC(118) Concurrent Mark Free 0.001ms
[163.632s][info][gc,phases   ] GC(118) Concurrent Process Non-Strong References 76.070ms
[163.632s][info][gc,phases   ] GC(118) Concurrent Reset Relocation Set 0.018ms
[163.636s][info][gc,phases   ] GC(118) Concurrent Select Relocation Set 4.547ms
[163.637s][info][gc,phases   ] GC(118) Pause Relocate Start 0.008ms
[163.639s][info][gc,phases   ] GC(118) Concurrent Relocate 2.477ms
[163.639s][info][gc,load     ] GC(118) Load: 0.00/0.00/0.00
[163.639s][info][gc,mmu      ] GC(118) MMU: 2ms/97.7%, 5ms/99.1%, 10ms/99.5%, 20ms/99.8%, 50ms/99.9%, 100ms/99.9%
[163.639s][info][gc,marking  ] GC(118) Mark: 1 stripe(s), 2 proactive flush(es), 1 terminate flush(es), 0 completion(s), 0 continuation(s) 
[163.639s][info][gc,marking  ] GC(118) Mark Stack Usage: 32M
[163.639s][info][gc,nmethod  ] GC(118) NMethods: 2289 registered, 10 unregistered
[163.639s][info][gc,metaspace] GC(118) Metaspace: 13M used, 14M committed, 1088M reserved
[163.639s][info][gc,ref      ] GC(118) Soft: 211 encountered, 0 discovered, 0 enqueued
[163.639s][info][gc,ref      ] GC(118) Weak: 723 encountered, 439 discovered, 0 enqueued
[163.639s][info][gc,ref      ] GC(118) Final: 0 encountered, 0 discovered, 0 enqueued
[163.639s][info][gc,ref      ] GC(118) Phantom: 59 encountered, 46 discovered, 0 enqueued
[163.639s][info][gc,reloc    ] GC(118) Small Pages: 1671 / 3342M, Empty: 3064M, Relocated: 3M, In-Place: 0
[163.639s][info][gc,reloc    ] GC(118) Medium Pages: 0 / 0M, Empty: 0M, Relocated: 0M, In-Place: 0
[163.639s][info][gc,reloc    ] GC(118) Large Pages: 0 / 0M, Empty: 0M, Relocated: 0M, In-Place: 0
[163.639s][info][gc,reloc    ] GC(118) Forwarding Usage: 0M
[163.639s][info][gc,heap     ] GC(118) Min Capacity: 8M(0%)
[163.639s][info][gc,heap     ] GC(118) Max Capacity: 4096M(100%)
[163.639s][info][gc,heap     ] GC(118) Soft Max Capacity: 4096M(100%)
[163.639s][info][gc,heap     ] GC(118)                Mark Start          Mark End        Relocate Start      Relocate End           High               Low         
[163.639s][info][gc,heap     ] GC(118)  Capacity:     3730M (91%)        3730M (91%)        3730M (91%)        3730M (91%)        3730M (91%)        3730M (91%)    
[163.639s][info][gc,heap     ] GC(118)      Free:      754M (18%)         660M (16%)        3546M (87%)        3806M (93%)        3806M (93%)         488M (12%)    
[163.639s][info][gc,heap     ] GC(118)      Used:     3342M (82%)        3436M (84%)         550M (13%)         290M (7%)         3608M (88%)         290M (7%)     
[163.639s][info][gc,heap     ] GC(118)      Live:         -                 9M (0%)            9M (0%)            9M (0%)             -                  -          
[163.640s][info][gc,heap     ] GC(118) Allocated:         -                94M (2%)          272M (7%)          278M (7%)             -                  -          
[163.640s][info][gc,heap     ] GC(118)   Garbage:         -              3332M (81%)         268M (7%)            1M (0%)             -                  -          
[163.640s][info][gc,heap     ] GC(118) Reclaimed:         -                  -              3064M (75%)        3330M (81%)            -                  -          
[163.640s][info][gc          ] GC(118) Garbage Collection (Allocation Rate) 3342M(82%)->290M(7%)
[165.230s][info][gc,start    ] GC(119) Garbage Collection (Allocation Rate)
[165.230s][info][gc,task     ] GC(119) Using 1 workers
[165.230s][info][gc,phases   ] GC(119) Pause Mark Start 0.013ms
[165.252s][info][gc,phases   ] GC(119) Concurrent Mark 21.228ms
[165.252s][info][gc,phases   ] GC(119) Pause Mark End 0.018ms
[165.252s][info][gc,phases   ] GC(119) Concurrent Mark Free 0.001ms
[165.339s][info][gc,phases   ] GC(119) Concurrent Process Non-Strong References 86.849ms
[165.339s][info][gc,phases   ] GC(119) Concurrent Reset Relocation Set 0.020ms
[165.343s][info][gc,phases   ] GC(119) Concurrent Select Relocation Set 4.157ms
[165.343s][info][gc,phases   ] GC(119) Pause Relocate Start 0.009ms
[165.344s][info][gc,phases   ] GC(119) Concurrent Relocate 0.738ms
[165.344s][info][gc,load     ] GC(119) Load: 0.00/0.00/0.00
[165.344s][info][gc,mmu      ] GC(119) MMU: 2ms/97.7%, 5ms/99.1%, 10ms/99.5%, 20ms/99.8%, 50ms/99.9%, 100ms/99.9%
[165.344s][info][gc,marking  ] GC(119) Mark: 1 stripe(s), 2 proactive flush(es), 1 terminate flush(es), 0 completion(s), 0 continuation(s) 
[165.344s][info][gc,marking  ] GC(119) Mark Stack Usage: 32M
[165.344s][info][gc,nmethod  ] GC(119) NMethods: 2289 registered, 10 unregistered
[165.344s][info][gc,metaspace] GC(119) Metaspace: 13M used, 14M committed, 1088M reserved
[165.344s][info][gc,ref      ] GC(119) Soft: 211 encountered, 0 discovered, 0 enqueued
[165.344s][info][gc,ref      ] GC(119) Weak: 709 encountered, 439 discovered, 0 enqueued
[165.344s][info][gc,ref      ] GC(119) Final: 0 encountered, 0 discovered, 0 enqueued
[165.344s][info][gc,ref      ] GC(119) Phantom: 59 encountered, 46 discovered, 0 enqueued
[165.344s][info][gc,reloc    ] GC(119) Small Pages: 1754 / 3508M, Empty: 3248M, Relocated: 1M, In-Place: 0
[165.345s][info][gc,reloc    ] GC(119) Medium Pages: 0 / 0M, Empty: 0M, Relocated: 0M, In-Place: 0
[165.345s][info][gc,reloc    ] GC(119) Large Pages: 0 / 0M, Empty: 0M, Relocated: 0M, In-Place: 0
[165.345s][info][gc,reloc    ] GC(119) Forwarding Usage: 0M
[165.345s][info][gc,heap     ] GC(119) Min Capacity: 8M(0%)
[165.345s][info][gc,heap     ] GC(119) Max Capacity: 4096M(100%)
[165.345s][info][gc,heap     ] GC(119) Soft Max Capacity: 4096M(100%)
[165.345s][info][gc,heap     ] GC(119)                Mark Start          Mark End        Relocate Start      Relocate End           High               Low         
[165.345s][info][gc,heap     ] GC(119)  Capacity:     3730M (91%)        3730M (91%)        3758M (92%)        3758M (92%)        3758M (92%)        3730M (91%)    
[165.345s][info][gc,heap     ] GC(119)      Free:      588M (14%)         504M (12%)        3568M (87%)        3806M (93%)        3806M (93%)         338M (8%)     
[165.345s][info][gc,heap     ] GC(119)      Used:     3508M (86%)        3592M (88%)         528M (13%)         290M (7%)         3758M (92%)         290M (7%)     
[165.345s][info][gc,heap     ] GC(119)      Live:         -                 9M (0%)            9M (0%)            9M (0%)             -                  -          
[165.345s][info][gc,heap     ] GC(119) Allocated:         -                84M (2%)          268M (7%)          276M (7%)             -                  -          
[165.345s][info][gc,heap     ] GC(119)   Garbage:         -              3498M (85%)         250M (6%)            3M (0%)             -                  -          
[165.345s][info][gc,heap     ] GC(119) Reclaimed:         -                  -              3248M (79%)        3494M (85%)            -                  -          
[165.345s][info][gc          ] GC(119) Garbage Collection (Allocation Rate) 3508M(86%)->290M(7%)
[166.067s][info][gc,start    ] GC(120) Garbage Collection (System.gc())
[166.068s][info][gc,task     ] GC(120) Using 12 workers
[166.068s][info][gc,phases   ] GC(120) Pause Mark Start 0.018ms
[166.081s][info][gc,phases   ] GC(120) Concurrent Mark 13.270ms
[166.081s][info][gc,phases   ] GC(120) Pause Mark End 0.019ms
[166.081s][info][gc,phases   ] GC(120) Concurrent Mark Free 0.001ms
[166.092s][info][gc,phases   ] GC(120) Concurrent Process Non-Strong References 10.549ms
[166.092s][info][gc,phases   ] GC(120) Concurrent Reset Relocation Set 0.013ms
[166.098s][info][gc,phases   ] GC(120) Concurrent Select Relocation Set 5.476ms
[166.098s][info][gc,phases   ] GC(120) Pause Relocate Start 0.007ms
[166.101s][info][gc,phases   ] GC(120) Concurrent Relocate 3.033ms
[166.101s][info][gc,load     ] GC(120) Load: 0.00/0.00/0.00
[166.101s][info][gc,mmu      ] GC(120) MMU: 2ms/97.7%, 5ms/99.1%, 10ms/99.5%, 20ms/99.8%, 50ms/99.9%, 100ms/99.9%
[166.101s][info][gc,marking  ] GC(120) Mark: 8 stripe(s), 2 proactive flush(es), 1 terminate flush(es), 0 completion(s), 0 continuation(s) 
[166.101s][info][gc,marking  ] GC(120) Mark Stack Usage: 32M
[166.101s][info][gc,nmethod  ] GC(120) NMethods: 2289 registered, 10 unregistered
[166.101s][info][gc,metaspace] GC(120) Metaspace: 13M used, 14M committed, 1088M reserved
[166.101s][info][gc,ref      ] GC(120) Soft: 211 encountered, 0 discovered, 0 enqueued
[166.101s][info][gc,ref      ] GC(120) Weak: 623 encountered, 8 discovered, 0 enqueued
[166.101s][info][gc,ref      ] GC(120) Final: 0 encountered, 0 discovered, 0 enqueued
[166.101s][info][gc,ref      ] GC(120) Phantom: 59 encountered, 30 discovered, 0 enqueued
[166.101s][info][gc,reloc    ] GC(120) Small Pages: 911 / 1822M, Empty: 1766M, Relocated: 3M, In-Place: 0
[166.101s][info][gc,reloc    ] GC(120) Medium Pages: 0 / 0M, Empty: 0M, Relocated: 0M, In-Place: 0
[166.101s][info][gc,reloc    ] GC(120) Large Pages: 0 / 0M, Empty: 0M, Relocated: 0M, In-Place: 0
[166.101s][info][gc,reloc    ] GC(120) Forwarding Usage: 1M
[166.101s][info][gc,heap     ] GC(120) Min Capacity: 8M(0%)
[166.101s][info][gc,heap     ] GC(120) Max Capacity: 4096M(100%)
[166.101s][info][gc,heap     ] GC(120) Soft Max Capacity: 4096M(100%)
[166.101s][info][gc,heap     ] GC(120)                Mark Start          Mark End        Relocate Start      Relocate End           High               Low         
[166.101s][info][gc,heap     ] GC(120)  Capacity:     3758M (92%)        3758M (92%)        3758M (92%)        3758M (92%)        3758M (92%)        3758M (92%)    
[166.101s][info][gc,heap     ] GC(120)      Free:     2274M (56%)        2274M (56%)        4040M (99%)        4068M (99%)        4068M (99%)        2274M (56%)    
[166.101s][info][gc,heap     ] GC(120)      Used:     1822M (44%)        1822M (44%)          56M (1%)           28M (1%)         1822M (44%)          28M (1%)     
[166.101s][info][gc,heap     ] GC(120)      Live:         -                 6M (0%)            6M (0%)            6M (0%)             -                  -          
[166.101s][info][gc,heap     ] GC(120) Allocated:         -                 0M (0%)            0M (0%)            0M (0%)             -                  -          
[166.102s][info][gc,heap     ] GC(120)   Garbage:         -              1815M (44%)          49M (1%)           21M (1%)             -                  -          
[166.102s][info][gc,heap     ] GC(120) Reclaimed:         -                  -              1766M (43%)        1794M (44%)            -                  -          
[166.102s][info][gc          ] GC(120) Garbage Collection (System.gc()) 1822M(44%)->28M(1%)
[167.330s][info][gc,start    ] GC(121) Garbage Collection (Allocation Rate)
[167.330s][info][gc,task     ] GC(121) Using 1 workers
[167.330s][info][gc,phases   ] GC(121) Pause Mark Start 0.012ms
[167.354s][info][gc,phases   ] GC(121) Concurrent Mark 24.377ms
[167.355s][info][gc,phases   ] GC(121) Pause Mark End 0.021ms
[167.355s][info][gc,phases   ] GC(121) Concurrent Mark Free 0.001ms
[167.426s][info][gc,phases   ] GC(121) Concurrent Process Non-Strong References 71.419ms
[167.426s][info][gc,phases   ] GC(121) Concurrent Reset Relocation Set 0.004ms
[167.431s][info][gc,phases   ] GC(121) Concurrent Select Relocation Set 4.592ms
[167.431s][info][gc,phases   ] GC(121) Pause Relocate Start 0.009ms
[167.434s][info][gc,phases   ] GC(121) Concurrent Relocate 2.302ms
[167.434s][info][gc,load     ] GC(121) Load: 0.00/0.00/0.00
[167.434s][info][gc,mmu      ] GC(121) MMU: 2ms/97.7%, 5ms/99.1%, 10ms/99.5%, 20ms/99.8%, 50ms/99.9%, 100ms/99.9%
[167.434s][info][gc,marking  ] GC(121) Mark: 1 stripe(s), 2 proactive flush(es), 1 terminate flush(es), 0 completion(s), 0 continuation(s) 
[167.434s][info][gc,marking  ] GC(121) Mark Stack Usage: 32M
[167.434s][info][gc,nmethod  ] GC(121) NMethods: 2293 registered, 10 unregistered
[167.434s][info][gc,metaspace] GC(121) Metaspace: 13M used, 14M committed, 1088M reserved
[167.434s][info][gc,ref      ] GC(121) Soft: 211 encountered, 0 discovered, 0 enqueued
[167.434s][info][gc,ref      ] GC(121) Weak: 729 encountered, 443 discovered, 2 enqueued
[167.434s][info][gc,ref      ] GC(121) Final: 0 encountered, 0 discovered, 0 enqueued
[167.434s][info][gc,ref      ] GC(121) Phantom: 59 encountered, 46 discovered, 0 enqueued
[167.434s][info][gc,reloc    ] GC(121) Small Pages: 1304 / 2608M, Empty: 2368M, Relocated: 3M, In-Place: 0
[167.434s][info][gc,reloc    ] GC(121) Medium Pages: 0 / 0M, Empty: 0M, Relocated: 0M, In-Place: 0
[167.434s][info][gc,reloc    ] GC(121) Large Pages: 0 / 0M, Empty: 0M, Relocated: 0M, In-Place: 0
[167.434s][info][gc,reloc    ] GC(121) Forwarding Usage: 0M
[167.434s][info][gc,heap     ] GC(121) Min Capacity: 8M(0%)
[167.434s][info][gc,heap     ] GC(121) Max Capacity: 4096M(100%)
[167.434s][info][gc,heap     ] GC(121) Soft Max Capacity: 4096M(100%)
[167.434s][info][gc,heap     ] GC(121)                Mark Start          Mark End        Relocate Start      Relocate End           High               Low         
[167.434s][info][gc,heap     ] GC(121)  Capacity:     3758M (92%)        3758M (92%)        3758M (92%)        3758M (92%)        3758M (92%)        3758M (92%)    
[167.434s][info][gc,heap     ] GC(121)      Free:     1488M (36%)        1396M (34%)        3582M (87%)        3808M (93%)        3808M (93%)        1216M (30%)    
[167.434s][info][gc,heap     ] GC(121)      Used:     2608M (64%)        2700M (66%)         514M (13%)         288M (7%)         2880M (70%)         288M (7%)     
[167.434s][info][gc,heap     ] GC(121)      Live:         -                 8M (0%)            8M (0%)            8M (0%)             -                  -          
[167.434s][info][gc,heap     ] GC(121) Allocated:         -                92M (2%)          274M (7%)          276M (7%)             -                  -          
[167.434s][info][gc,heap     ] GC(121)   Garbage:         -              2599M (63%)         231M (6%)            2M (0%)             -                  -          
[167.434s][info][gc,heap     ] GC(121) Reclaimed:         -                  -              2368M (58%)        2596M (63%)            -                  -          
[167.434s][info][gc          ] GC(121) Garbage Collection (Allocation Rate) 2608M(64%)->288M(7%)
[168.629s][info][gc,start    ] GC(122) Garbage Collection (Allocation Rate)
[168.629s][info][gc,task     ] GC(122) Using 1 workers
[168.629s][info][gc,phases   ] GC(122) Pause Mark Start 0.011ms
[168.651s][info][gc,phases   ] GC(122) Concurrent Mark 21.828ms
[168.652s][info][gc,phases   ] GC(122) Pause Mark End 0.017ms
[168.652s][info][gc,phases   ] GC(122) Concurrent Mark Free 0.001ms
[168.726s][info][gc,phases   ] GC(122) Concurrent Process Non-Strong References 74.376ms
[168.726s][info][gc,phases   ] GC(122) Concurrent Reset Relocation Set 0.013ms
[168.732s][info][gc,phases   ] GC(122) Concurrent Select Relocation Set 5.506ms
[168.732s][info][gc,phases   ] GC(122) Pause Relocate Start 0.009ms
[168.734s][info][gc,phases   ] GC(122) Concurrent Relocate 2.367ms
[168.734s][info][gc,load     ] GC(122) Load: 0.00/0.00/0.00
[168.734s][info][gc,mmu      ] GC(122) MMU: 2ms/97.7%, 5ms/99.1%, 10ms/99.5%, 20ms/99.8%, 50ms/99.9%, 100ms/99.9%
[168.734s][info][gc,marking  ] GC(122) Mark: 1 stripe(s), 2 proactive flush(es), 1 terminate flush(es), 0 completion(s), 0 continuation(s) 
[168.734s][info][gc,marking  ] GC(122) Mark Stack Usage: 32M
[168.734s][info][gc,nmethod  ] GC(122) NMethods: 2293 registered, 10 unregistered
[168.735s][info][gc,metaspace] GC(122) Metaspace: 13M used, 14M committed, 1088M reserved
[168.735s][info][gc,ref      ] GC(122) Soft: 211 encountered, 0 discovered, 0 enqueued
[168.735s][info][gc,ref      ] GC(122) Weak: 727 encountered, 441 discovered, 0 enqueued
[168.735s][info][gc,ref      ] GC(122) Final: 0 encountered, 0 discovered, 0 enqueued
[168.735s][info][gc,ref      ] GC(122) Phantom: 59 encountered, 46 discovered, 0 enqueued
[168.735s][info][gc,reloc    ] GC(122) Small Pages: 1427 / 2854M, Empty: 2588M, Relocated: 2M, In-Place: 0
[168.735s][info][gc,reloc    ] GC(122) Medium Pages: 0 / 0M, Empty: 0M, Relocated: 0M, In-Place: 0
[168.735s][info][gc,reloc    ] GC(122) Large Pages: 0 / 0M, Empty: 0M, Relocated: 0M, In-Place: 0
[168.735s][info][gc,reloc    ] GC(122) Forwarding Usage: 0M
[168.735s][info][gc,heap     ] GC(122) Min Capacity: 8M(0%)
[168.735s][info][gc,heap     ] GC(122) Max Capacity: 4096M(100%)
[168.735s][info][gc,heap     ] GC(122) Soft Max Capacity: 4096M(100%)
[168.735s][info][gc,heap     ] GC(122)                Mark Start          Mark End        Relocate Start      Relocate End           High               Low         
[168.735s][info][gc,heap     ] GC(122)  Capacity:     3758M (92%)        3758M (92%)        3758M (92%)        3758M (92%)        3758M (92%)        3758M (92%)    
[168.735s][info][gc,heap     ] GC(122)      Free:     1242M (30%)        1148M (28%)        3568M (87%)        3812M (93%)        3812M (93%)         984M (24%)    
[168.735s][info][gc,heap     ] GC(122)      Used:     2854M (70%)        2948M (72%)         528M (13%)         284M (7%)         3112M (76%)         284M (7%)     
[168.735s][info][gc,heap     ] GC(122)      Live:         -                 9M (0%)            9M (0%)            9M (0%)             -                  -          
[168.735s][info][gc,heap     ] GC(122) Allocated:         -                94M (2%)          262M (6%)          272M (7%)             -                  -          
[168.735s][info][gc,heap     ] GC(122)   Garbage:         -              2844M (69%)         256M (6%)            2M (0%)             -                  -          
[168.735s][info][gc,heap     ] GC(122) Reclaimed:         -                  -              2588M (63%)        2842M (69%)            -                  -          
[168.735s][info][gc          ] GC(122) Garbage Collection (Allocation Rate) 2854M(70%)->284M(7%)
[170.130s][info][gc,start    ] GC(123) Garbage Collection (Allocation Rate)
[170.130s][info][gc,stats    ] === Garbage Collection Statistics =======================================================================================================================
[170.130s][info][gc,task     ] GC(123) Using 1 workers
[170.130s][info][gc,stats    ]                                                              Last 10s              Last 10m              Last 10h                Total
[170.130s][info][gc,stats    ]                                                              Avg / Max             Avg / Max             Avg / Max             Avg / Max
[170.130s][info][gc,stats    ]   Collector: Garbage Collection Cycle                     87.395 / 126.654      73.859 / 587.803      73.859 / 587.803      73.859 / 587.803     ms
[170.130s][info][gc,stats    ]  Contention: Mark Segment Reset Contention                     0 / 3                 1 / 26                1 / 26                1 / 26          ops/s
[170.130s][info][gc,stats    ]  Contention: Mark SeqNum Reset Contention                      0 / 2                 0 / 3                 0 / 3                 0 / 3           ops/s
[170.130s][info][gc,stats    ]    Critical: Allocation Stall                                  0 / 0                 0 / 0                 0 / 0                 0 / 0           ops/s
[170.130s][info][gc,stats    ]    Critical: Allocation Stall                              0.000 / 0.000         0.000 / 0.000         0.000 / 0.000         0.000 / 0.000       ms
[170.130s][info][gc,stats    ]    Critical: GC Locker Stall                                   0 / 0                 0 / 0                 0 / 0                 0 / 0           ops/s
[170.130s][info][gc,phases   ] GC(123) Pause Mark Start 0.013ms
[170.130s][info][gc,stats    ]    Critical: GC Locker Stall                               0.000 / 0.000         0.000 / 0.000         0.000 / 0.000         0.000 / 0.000       ms
[170.130s][info][gc,stats    ]    Critical: Relocation Stall                                  0 / 0                 0 / 0                 0 / 0                 0 / 0           ops/s
[170.131s][info][gc,stats    ]    Critical: Relocation Stall                              0.000 / 0.000         0.000 / 0.000         0.000 / 0.000         0.000 / 0.000       ms
[170.131s][info][gc,stats    ]      Memory: Allocation Rate                                2099 / 2204           1976 / 2208           1976 / 2208           1976 / 2208        MB/s
[170.131s][info][gc,stats    ]      Memory: Defragment                                        0 / 0                 0 / 0                 0 / 0                 0 / 0           ops/s
[170.131s][info][gc,stats    ]      Memory: Out Of Memory                                     0 / 0                 0 / 0                 0 / 0                 0 / 0           ops/s
[170.131s][info][gc,stats    ]      Memory: Page Cache Flush                                  0 / 0                 0 / 0                 0 / 0                 0 / 0           MB/s
[170.131s][info][gc,stats    ]      Memory: Page Cache Hit L1                              1051 / 1102            981 / 1107            981 / 1107            981 / 1107        ops/s
[170.131s][info][gc,stats    ]      Memory: Page Cache Hit L2                                 0 / 0                 0 / 0                 0 / 0                 0 / 0           ops/s
[170.131s][info][gc,stats    ]      Memory: Page Cache Hit L3                                 0 / 0                 6 / 448               6 / 448               6 / 448         ops/s
[170.131s][info][gc,stats    ]      Memory: Page Cache Miss                                   1 / 14                5 / 471               5 / 471               5 / 471         ops/s
[170.131s][info][gc,stats    ]      Memory: Uncommit                                          0 / 0                 0 / 0                 0 / 0                 0 / 0           MB/s
[170.131s][info][gc,stats    ]      Memory: Undo Object Allocation Failed                     0 / 1                 0 / 5                 0 / 5                 0 / 5           ops/s
[170.131s][info][gc,stats    ]      Memory: Undo Object Allocation Succeeded                 15 / 36               20 / 124              20 / 124              20 / 124         ops/s
[170.131s][info][gc,stats    ]      Memory: Undo Page Allocation                              0 / 2                 0 / 23                0 / 23                0 / 23          ops/s
[170.131s][info][gc,stats    ]       Phase: Concurrent Mark                              18.943 / 24.453       23.162 / 549.801      23.162 / 549.801      23.162 / 549.801     ms
[170.131s][info][gc,stats    ]       Phase: Concurrent Mark Continue                      0.000 / 0.000         0.000 / 0.000         0.000 / 0.000         0.000 / 0.000       ms
[170.131s][info][gc,stats    ]       Phase: Concurrent Mark Free                          0.001 / 0.001         0.001 / 0.008         0.001 / 0.008         0.001 / 0.008       ms
[170.131s][info][gc,stats    ]       Phase: Concurrent Process Non-Strong References     58.015 / 86.849       36.137 / 86.849       36.137 / 86.849       36.137 / 86.849      ms
[170.131s][info][gc,stats    ]       Phase: Concurrent Relocate                           2.759 / 5.242         2.638 / 6.016         2.638 / 6.016         2.638 / 6.016       ms
[170.131s][info][gc,stats    ]       Phase: Concurrent Reset Relocation Set               0.015 / 0.020         0.015 / 0.025         0.015 / 0.025         0.015 / 0.025       ms
[170.131s][info][gc,stats    ]       Phase: Concurrent Select Relocation Set              4.615 / 5.506         4.903 / 22.887        4.903 / 22.887        4.903 / 22.887      ms
[170.131s][info][gc,stats    ]       Phase: Pause Mark End                                0.018 / 0.021         0.019 / 0.046         0.019 / 0.046         0.019 / 0.046       ms
[170.131s][info][gc,stats    ]       Phase: Pause Mark Start                              0.012 / 0.018         0.013 / 0.021         0.013 / 0.021         0.013 / 0.021       ms
[170.131s][info][gc,stats    ]       Phase: Pause Relocate Start                          0.008 / 0.009         0.008 / 0.019         0.008 / 0.019         0.008 / 0.019       ms
[170.131s][info][gc,stats    ]    Subphase: Concurrent Classes Purge                      0.006 / 0.008         0.046 / 3.013         0.046 / 3.013         0.046 / 3.013       ms
[170.131s][info][gc,stats    ]    Subphase: Concurrent Classes Unlink                     3.774 / 5.439         3.244 / 7.490         3.244 / 7.490         3.244 / 7.490       ms
[170.131s][info][gc,stats    ]    Subphase: Concurrent Mark                              10.707 / 23.230        9.535 / 109.674       9.535 / 109.674       9.535 / 109.674     ms
[170.131s][info][gc,stats    ]    Subphase: Concurrent Mark Try Flush                     0.087 / 0.127         0.602 / 80.074        0.602 / 80.074        0.602 / 80.074      ms
[170.131s][info][gc,stats    ]    Subphase: Concurrent Mark Try Terminate                 3.310 / 10.844        2.444 / 15.651        2.444 / 15.651        2.444 / 15.651      ms
[170.131s][info][gc,stats    ]    Subphase: Concurrent References Enqueue                 0.001 / 0.004         0.001 / 0.007         0.001 / 0.007         0.001 / 0.007       ms
[170.131s][info][gc,stats    ]    Subphase: Concurrent References Process                 0.089 / 0.165         0.094 / 0.194         0.094 / 0.194         0.094 / 0.194       ms
[170.131s][info][gc,stats    ]    Subphase: Concurrent Roots ClassLoaderDataGraph         0.087 / 0.360         0.084 / 0.923         0.084 / 0.923         0.084 / 0.923       ms
[170.131s][info][gc,stats    ]    Subphase: Concurrent Roots CodeCache                    0.000 / 0.000         0.000 / 0.000         0.000 / 0.000         0.000 / 0.000       ms
[170.131s][info][gc,stats    ]    Subphase: Concurrent Roots JavaThreads                  0.186 / 0.725         1.051 / 473.279       1.051 / 473.279       1.051 / 473.279     ms
[170.131s][info][gc,stats    ]    Subphase: Concurrent Roots OopStorageSet                0.037 / 0.177         0.078 / 1.317         0.078 / 1.317         0.078 / 1.317       ms
[170.131s][info][gc,stats    ]    Subphase: Concurrent Weak Roots OopStorageSet          18.828 / 81.427       10.367 / 81.427       10.367 / 81.427       10.367 / 81.427      ms
[170.131s][info][gc,stats    ]    Subphase: Pause Mark Try Complete                       0.000 / 0.000         0.004 / 0.007         0.004 / 0.007         0.004 / 0.007       ms
[170.131s][info][gc,stats    ]      System: Java Threads                                     51 / 60               53 / 73               53 / 73               53 / 73          threads
[170.131s][info][gc,stats    ] =========================================================================================================================================================
[170.154s][info][gc,phases   ] GC(123) Concurrent Mark 23.157ms
[170.154s][info][gc,phases   ] GC(123) Pause Mark End 0.017ms
[170.154s][info][gc,phases   ] GC(123) Concurrent Mark Free 0.001ms
[170.241s][info][gc,phases   ] GC(123) Concurrent Process Non-Strong References 86.457ms
[170.241s][info][gc,phases   ] GC(123) Concurrent Reset Relocation Set 0.018ms
[170.246s][info][gc,phases   ] GC(123) Concurrent Select Relocation Set 5.623ms
[170.246s][info][gc,phases   ] GC(123) Pause Relocate Start 0.008ms
[170.250s][info][gc,phases   ] GC(123) Concurrent Relocate 3.618ms
[170.250s][info][gc,load     ] GC(123) Load: 0.00/0.00/0.00
[170.250s][info][gc,mmu      ] GC(123) MMU: 2ms/97.7%, 5ms/99.1%, 10ms/99.5%, 20ms/99.8%, 50ms/99.9%, 100ms/99.9%
[170.250s][info][gc,marking  ] GC(123) Mark: 1 stripe(s), 2 proactive flush(es), 1 terminate flush(es), 0 completion(s), 0 continuation(s) 
[170.250s][info][gc,marking  ] GC(123) Mark Stack Usage: 32M
[170.250s][info][gc,nmethod  ] GC(123) NMethods: 2293 registered, 10 unregistered
[170.250s][info][gc,metaspace] GC(123) Metaspace: 13M used, 14M committed, 1088M reserved
[170.250s][info][gc,ref      ] GC(123) Soft: 211 encountered, 0 discovered, 0 enqueued
[170.250s][info][gc,ref      ] GC(123) Weak: 727 encountered, 441 discovered, 0 enqueued
[170.250s][info][gc,ref      ] GC(123) Final: 0 encountered, 0 discovered, 0 enqueued
[170.250s][info][gc,ref      ] GC(123) Phantom: 59 encountered, 46 discovered, 0 enqueued
[170.250s][info][gc,reloc    ] GC(123) Small Pages: 1664 / 3328M, Empty: 3072M, Relocated: 3M, In-Place: 0
[170.250s][info][gc,reloc    ] GC(123) Medium Pages: 0 / 0M, Empty: 0M, Relocated: 0M, In-Place: 0
[170.250s][info][gc,reloc    ] GC(123) Large Pages: 0 / 0M, Empty: 0M, Relocated: 0M, In-Place: 0
[170.250s][info][gc,reloc    ] GC(123) Forwarding Usage: 0M
[170.250s][info][gc,heap     ] GC(123) Min Capacity: 8M(0%)
[170.250s][info][gc,heap     ] GC(123) Max Capacity: 4096M(100%)
[170.250s][info][gc,heap     ] GC(123) Soft Max Capacity: 4096M(100%)
[170.250s][info][gc,heap     ] GC(123)                Mark Start          Mark End        Relocate Start      Relocate End           High               Low         
[170.250s][info][gc,heap     ] GC(123)  Capacity:     3758M (92%)        3758M (92%)        3758M (92%)        3758M (92%)        3758M (92%)        3758M (92%)    
[170.251s][info][gc,heap     ] GC(123)      Free:      768M (19%)         676M (17%)        3540M (86%)        3770M (92%)        3770M (92%)         492M (12%)    
[170.251s][info][gc,heap     ] GC(123)      Used:     3328M (81%)        3420M (83%)         556M (14%)         326M (8%)         3604M (88%)         326M (8%)     
[170.251s][info][gc,heap     ] GC(123)      Live:         -                 9M (0%)            9M (0%)            9M (0%)             -                  -          
[170.251s][info][gc,heap     ] GC(123) Allocated:         -                92M (2%)          300M (7%)          314M (8%)             -                  -          
[170.251s][info][gc,heap     ] GC(123)   Garbage:         -              3318M (81%)         246M (6%)            2M (0%)             -                  -          
[170.251s][info][gc,heap     ] GC(123) Reclaimed:         -                  -              3072M (75%)        3316M (81%)            -                  -          
[170.251s][info][gc          ] GC(123) Garbage Collection (Allocation Rate) 3328M(81%)->326M(8%)
[171.530s][info][gc,start    ] GC(124) Garbage Collection (Proactive)
[171.530s][info][gc,task     ] GC(124) Using 12 workers
[171.531s][info][gc,phases   ] GC(124) Pause Mark Start 0.011ms
[171.535s][info][gc,phases   ] GC(124) Concurrent Mark 4.668ms
[171.536s][info][gc,phases   ] GC(124) Pause Mark End 0.017ms
[171.536s][info][gc,phases   ] GC(124) Concurrent Mark Free 0.001ms
[171.544s][info][gc,phases   ] GC(124) Concurrent Process Non-Strong References 7.828ms
[171.544s][info][gc,phases   ] GC(124) Concurrent Reset Relocation Set 0.018ms
[171.548s][info][gc,phases   ] GC(124) Concurrent Select Relocation Set 4.670ms
[171.548s][info][gc,phases   ] GC(124) Pause Relocate Start 0.007ms
[171.552s][info][gc,phases   ] GC(124) Concurrent Relocate 3.019ms
[171.552s][info][gc,load     ] GC(124) Load: 0.00/0.00/0.00
[171.552s][info][gc,mmu      ] GC(124) MMU: 2ms/97.7%, 5ms/99.1%, 10ms/99.5%, 20ms/99.8%, 50ms/99.9%, 100ms/99.9%
[171.552s][info][gc,marking  ] GC(124) Mark: 8 stripe(s), 2 proactive flush(es), 1 terminate flush(es), 0 completion(s), 0 continuation(s) 
[171.552s][info][gc,marking  ] GC(124) Mark Stack Usage: 32M
[171.552s][info][gc,nmethod  ] GC(124) NMethods: 2293 registered, 10 unregistered
[171.552s][info][gc,metaspace] GC(124) Metaspace: 13M used, 14M committed, 1088M reserved
[171.552s][info][gc,ref      ] GC(124) Soft: 211 encountered, 0 discovered, 0 enqueued
[171.552s][info][gc,ref      ] GC(124) Weak: 727 encountered, 74 discovered, 0 enqueued
[171.552s][info][gc,ref      ] GC(124) Final: 0 encountered, 0 discovered, 0 enqueued
[171.552s][info][gc,ref      ] GC(124) Phantom: 59 encountered, 36 discovered, 0 enqueued
[171.552s][info][gc,reloc    ] GC(124) Small Pages: 1430 / 2860M, Empty: 2610M, Relocated: 3M, In-Place: 0
[171.552s][info][gc,reloc    ] GC(124) Medium Pages: 0 / 0M, Empty: 0M, Relocated: 0M, In-Place: 0
[171.552s][info][gc,reloc    ] GC(124) Large Pages: 0 / 0M, Empty: 0M, Relocated: 0M, In-Place: 0
[171.552s][info][gc,reloc    ] GC(124) Forwarding Usage: 0M
[171.552s][info][gc,heap     ] GC(124) Min Capacity: 8M(0%)
[171.552s][info][gc,heap     ] GC(124) Max Capacity: 4096M(100%)
[171.552s][info][gc,heap     ] GC(124) Soft Max Capacity: 4096M(100%)
[171.552s][info][gc,heap     ] GC(124)                Mark Start          Mark End        Relocate Start      Relocate End           High               Low         
[171.552s][info][gc,heap     ] GC(124)  Capacity:     3758M (92%)        3758M (92%)        3758M (92%)        3758M (92%)        3758M (92%)        3758M (92%)    
[171.552s][info][gc,heap     ] GC(124)      Free:     1236M (30%)        1156M (28%)        3758M (92%)        3972M (97%)        3972M (97%)        1148M (28%)    
[171.552s][info][gc,heap     ] GC(124)      Used:     2860M (70%)        2940M (72%)         338M (8%)          124M (3%)         2948M (72%)         124M (3%)     
[171.552s][info][gc,heap     ] GC(124)      Live:         -                 9M (0%)            9M (0%)            9M (0%)             -                  -          
[171.552s][info][gc,heap     ] GC(124) Allocated:         -                80M (2%)           88M (2%)           90M (2%)             -                  -          
[171.552s][info][gc,heap     ] GC(124)   Garbage:         -              2850M (70%)         240M (6%)           23M (1%)             -                  -          
[171.552s][info][gc,heap     ] GC(124) Reclaimed:         -                  -              2610M (64%)        2826M (69%)            -                  -          
[171.552s][info][gc          ] GC(124) Garbage Collection (Proactive) 2860M(70%)->124M(3%)
[173.130s][info][gc,start    ] GC(125) Garbage Collection (Allocation Rate)
[173.130s][info][gc,task     ] GC(125) Using 1 workers
[173.130s][info][gc,phases   ] GC(125) Pause Mark Start 0.011ms
[173.152s][info][gc,phases   ] GC(125) Concurrent Mark 21.464ms
[173.152s][info][gc,phases   ] GC(125) Pause Mark End 0.020ms
[173.152s][info][gc,phases   ] GC(125) Concurrent Mark Free 0.001ms
[173.238s][info][gc,phases   ] GC(125) Concurrent Process Non-Strong References 86.025ms
[173.238s][info][gc,phases   ] GC(125) Concurrent Reset Relocation Set 0.015ms
[173.244s][info][gc,phases   ] GC(125) Concurrent Select Relocation Set 5.416ms
[173.244s][info][gc,phases   ] GC(125) Pause Relocate Start 0.009ms
[173.247s][info][gc,phases   ] GC(125) Concurrent Relocate 2.306ms
[173.247s][info][gc,load     ] GC(125) Load: 0.00/0.00/0.00
[173.247s][info][gc,mmu      ] GC(125) MMU: 2ms/97.7%, 5ms/99.1%, 10ms/99.5%, 20ms/99.8%, 50ms/99.9%, 100ms/99.9%
[173.247s][info][gc,marking  ] GC(125) Mark: 1 stripe(s), 2 proactive flush(es), 1 terminate flush(es), 0 completion(s), 0 continuation(s) 
[173.247s][info][gc,marking  ] GC(125) Mark Stack Usage: 32M
[173.247s][info][gc,nmethod  ] GC(125) NMethods: 2293 registered, 10 unregistered
[173.247s][info][gc,metaspace] GC(125) Metaspace: 13M used, 14M committed, 1088M reserved
[173.247s][info][gc,ref      ] GC(125) Soft: 211 encountered, 0 discovered, 0 enqueued
[173.247s][info][gc,ref      ] GC(125) Weak: 727 encountered, 441 discovered, 0 enqueued
[173.247s][info][gc,ref      ] GC(125) Final: 0 encountered, 0 discovered, 0 enqueued
[173.247s][info][gc,ref      ] GC(125) Phantom: 59 encountered, 46 discovered, 0 enqueued
[173.247s][info][gc,reloc    ] GC(125) Small Pages: 1653 / 3306M, Empty: 3020M, Relocated: 3M, In-Place: 0
[173.247s][info][gc,reloc    ] GC(125) Medium Pages: 0 / 0M, Empty: 0M, Relocated: 0M, In-Place: 0
[173.247s][info][gc,reloc    ] GC(125) Large Pages: 0 / 0M, Empty: 0M, Relocated: 0M, In-Place: 0
[173.247s][info][gc,reloc    ] GC(125) Forwarding Usage: 0M
[173.247s][info][gc,heap     ] GC(125) Min Capacity: 8M(0%)
[173.247s][info][gc,heap     ] GC(125) Max Capacity: 4096M(100%)
[173.247s][info][gc,heap     ] GC(125) Soft Max Capacity: 4096M(100%)
[173.247s][info][gc,heap     ] GC(125)                Mark Start          Mark End        Relocate Start      Relocate End           High               Low         
[173.247s][info][gc,heap     ] GC(125)  Capacity:     3758M (92%)        3758M (92%)        3758M (92%)        3758M (92%)        3758M (92%)        3758M (92%)    
[173.247s][info][gc,heap     ] GC(125)      Free:      790M (19%)         698M (17%)        3528M (86%)        3800M (93%)        3800M (93%)         514M (13%)    
[173.247s][info][gc,heap     ] GC(125)      Used:     3306M (81%)        3398M (83%)         568M (14%)         296M (7%)         3582M (87%)         296M (7%)     
[173.247s][info][gc,heap     ] GC(125)      Live:         -                 9M (0%)            9M (0%)            9M (0%)             -                  -          
[173.247s][info][gc,heap     ] GC(125) Allocated:         -                92M (2%)          282M (7%)          284M (7%)             -                  -          
[173.247s][info][gc,heap     ] GC(125)   Garbage:         -              3296M (80%)         276M (7%)            1M (0%)             -                  -          
[173.247s][info][gc,heap     ] GC(125) Reclaimed:         -                  -              3020M (74%)        3294M (80%)            -                  -          
[173.247s][info][gc          ] GC(125) Garbage Collection (Allocation Rate) 3306M(81%)->296M(7%)
[174.631s][info][gc,start    ] GC(126) Garbage Collection (Proactive)
[174.631s][info][gc,task     ] GC(126) Using 12 workers
[174.631s][info][gc,phases   ] GC(126) Pause Mark Start 0.014ms
[174.636s][info][gc,phases   ] GC(126) Concurrent Mark 4.638ms
[174.636s][info][gc,phases   ] GC(126) Pause Mark End 0.017ms
[174.636s][info][gc,phases   ] GC(126) Concurrent Mark Free 0.001ms
[174.643s][info][gc,phases   ] GC(126) Concurrent Process Non-Strong References 7.285ms
[174.643s][info][gc,phases   ] GC(126) Concurrent Reset Relocation Set 0.017ms
[174.648s][info][gc,phases   ] GC(126) Concurrent Select Relocation Set 4.733ms
[174.648s][info][gc,phases   ] GC(126) Pause Relocate Start 0.006ms
[174.652s][info][gc,phases   ] GC(126) Concurrent Relocate 3.381ms
[174.652s][info][gc,load     ] GC(126) Load: 0.00/0.00/0.00
[174.652s][info][gc,mmu      ] GC(126) MMU: 2ms/97.7%, 5ms/99.1%, 10ms/99.5%, 20ms/99.8%, 50ms/99.9%, 100ms/99.9%
[174.652s][info][gc,marking  ] GC(126) Mark: 8 stripe(s), 2 proactive flush(es), 1 terminate flush(es), 0 completion(s), 0 continuation(s) 
[174.652s][info][gc,marking  ] GC(126) Mark Stack Usage: 32M
[174.652s][info][gc,nmethod  ] GC(126) NMethods: 2293 registered, 10 unregistered
[174.652s][info][gc,metaspace] GC(126) Metaspace: 13M used, 14M committed, 1088M reserved
[174.652s][info][gc,ref      ] GC(126) Soft: 211 encountered, 0 discovered, 0 enqueued
[174.652s][info][gc,ref      ] GC(126) Weak: 727 encountered, 245 discovered, 0 enqueued
[174.652s][info][gc,ref      ] GC(126) Final: 0 encountered, 0 discovered, 0 enqueued
[174.652s][info][gc,ref      ] GC(126) Phantom: 59 encountered, 42 discovered, 0 enqueued
[174.652s][info][gc,reloc    ] GC(126) Small Pages: 1503 / 3006M, Empty: 2756M, Relocated: 3M, In-Place: 0
[174.652s][info][gc,reloc    ] GC(126) Medium Pages: 0 / 0M, Empty: 0M, Relocated: 0M, In-Place: 0
[174.652s][info][gc,reloc    ] GC(126) Large Pages: 0 / 0M, Empty: 0M, Relocated: 0M, In-Place: 0
[174.652s][info][gc,reloc    ] GC(126) Forwarding Usage: 0M
[174.652s][info][gc,heap     ] GC(126) Min Capacity: 8M(0%)
[174.652s][info][gc,heap     ] GC(126) Max Capacity: 4096M(100%)
[174.652s][info][gc,heap     ] GC(126) Soft Max Capacity: 4096M(100%)
[174.652s][info][gc,heap     ] GC(126)                Mark Start          Mark End        Relocate Start      Relocate End           High               Low         
[174.652s][info][gc,heap     ] GC(126)  Capacity:     3758M (92%)        3758M (92%)        3758M (92%)        3758M (92%)        3758M (92%)        3758M (92%)    
[174.652s][info][gc,heap     ] GC(126)      Free:     1090M (27%)        1004M (25%)        3758M (92%)        3972M (97%)        3972M (97%)        1002M (24%)    
[174.652s][info][gc,heap     ] GC(126)      Used:     3006M (73%)        3092M (75%)         338M (8%)          124M (3%)         3094M (76%)         124M (3%)     
[174.652s][info][gc,heap     ] GC(126)      Live:         -                 9M (0%)            9M (0%)            9M (0%)             -                  -          
[174.652s][info][gc,heap     ] GC(126) Allocated:         -                86M (2%)           88M (2%)           90M (2%)             -                  -          
[174.652s][info][gc,heap     ] GC(126)   Garbage:         -              2996M (73%)         240M (6%)           23M (1%)             -                  -          
[174.652s][info][gc,heap     ] GC(126) Reclaimed:         -                  -              2756M (67%)        2972M (73%)            -                  -          
[174.652s][info][gc          ] GC(126) Garbage Collection (Proactive) 3006M(73%)->124M(3%)
[176.130s][info][gc,start    ] GC(127) Garbage Collection (Proactive)
[176.130s][info][gc,task     ] GC(127) Using 12 workers
[176.131s][info][gc,phases   ] GC(127) Pause Mark Start 0.013ms
[176.136s][info][gc,phases   ] GC(127) Concurrent Mark 5.588ms
[176.137s][info][gc,phases   ] GC(127) Pause Mark End 0.023ms
[176.137s][info][gc,phases   ] GC(127) Concurrent Mark Free 0.001ms
[176.145s][info][gc,phases   ] GC(127) Concurrent Process Non-Strong References 8.441ms
[176.145s][info][gc,phases   ] GC(127) Concurrent Reset Relocation Set 0.016ms
[176.150s][info][gc,phases   ] GC(127) Concurrent Select Relocation Set 5.119ms
[176.150s][info][gc,phases   ] GC(127) Pause Relocate Start 0.007ms
[176.151s][info][gc,phases   ] GC(127) Concurrent Relocate 0.375ms
[176.151s][info][gc,load     ] GC(127) Load: 0.00/0.00/0.00
[176.151s][info][gc,mmu      ] GC(127) MMU: 2ms/97.7%, 5ms/99.1%, 10ms/99.5%, 20ms/99.8%, 50ms/99.9%, 100ms/99.9%
[176.151s][info][gc,marking  ] GC(127) Mark: 8 stripe(s), 2 proactive flush(es), 1 terminate flush(es), 0 completion(s), 0 continuation(s) 
[176.151s][info][gc,marking  ] GC(127) Mark Stack Usage: 32M
[176.151s][info][gc,nmethod  ] GC(127) NMethods: 2295 registered, 13 unregistered
[176.151s][info][gc,metaspace] GC(127) Metaspace: 13M used, 14M committed, 1088M reserved
[176.151s][info][gc,ref      ] GC(127) Soft: 211 encountered, 0 discovered, 0 enqueued
[176.151s][info][gc,ref      ] GC(127) Weak: 727 encountered, 87 discovered, 0 enqueued
[176.151s][info][gc,ref      ] GC(127) Final: 0 encountered, 0 discovered, 0 enqueued
[176.151s][info][gc,ref      ] GC(127) Phantom: 59 encountered, 30 discovered, 0 enqueued
[176.151s][info][gc,reloc    ] GC(127) Small Pages: 1490 / 2980M, Empty: 2696M, Relocated: 2M, In-Place: 0
[176.151s][info][gc,reloc    ] GC(127) Medium Pages: 0 / 0M, Empty: 0M, Relocated: 0M, In-Place: 0
[176.151s][info][gc,reloc    ] GC(127) Large Pages: 0 / 0M, Empty: 0M, Relocated: 0M, In-Place: 0
[176.151s][info][gc,reloc    ] GC(127) Forwarding Usage: 0M
[176.151s][info][gc,heap     ] GC(127) Min Capacity: 8M(0%)
[176.151s][info][gc,heap     ] GC(127) Max Capacity: 4096M(100%)
[176.151s][info][gc,heap     ] GC(127) Soft Max Capacity: 4096M(100%)
[176.151s][info][gc,heap     ] GC(127)                Mark Start          Mark End        Relocate Start      Relocate End           High               Low         
[176.151s][info][gc,heap     ] GC(127)  Capacity:     3758M (92%)        3758M (92%)        3758M (92%)        3758M (92%)        3758M (92%)        3758M (92%)    
[176.151s][info][gc,heap     ] GC(127)      Free:     1116M (27%)        1024M (25%)        3716M (91%)        3966M (97%)        3966M (97%)        1020M (25%)    
[176.151s][info][gc,heap     ] GC(127)      Used:     2980M (73%)        3072M (75%)         380M (9%)          130M (3%)         3076M (75%)         130M (3%)     
[176.151s][info][gc,heap     ] GC(127)      Live:         -                10M (0%)           10M (0%)           10M (0%)             -                  -          
[176.151s][info][gc,heap     ] GC(127) Allocated:         -                92M (2%)           96M (2%)           94M (2%)             -                  -          
[176.151s][info][gc,heap     ] GC(127)   Garbage:         -              2969M (73%)         273M (7%)           25M (1%)             -                  -          
[176.151s][info][gc,heap     ] GC(127) Reclaimed:         -                  -              2696M (66%)        2944M (72%)            -                  -          
[176.151s][info][gc          ] GC(127) Garbage Collection (Proactive) 2980M(73%)->130M(3%)
[177.414s][info][gc,start    ] GC(128) Garbage Collection (System.gc())
[177.414s][info][gc,task     ] GC(128) Using 12 workers
[177.414s][info][gc,phases   ] GC(128) Pause Mark Start 0.018ms
[177.418s][info][gc,phases   ] GC(128) Concurrent Mark 4.457ms
[177.418s][info][gc,phases   ] GC(128) Pause Mark End 0.017ms
[177.419s][info][gc,phases   ] GC(128) Concurrent Mark Free 0.001ms
[177.430s][info][gc,phases   ] GC(128) Concurrent Process Non-Strong References 11.511ms
[177.430s][info][gc,phases   ] GC(128) Concurrent Reset Relocation Set 0.016ms
[177.434s][info][gc,phases   ] GC(128) Concurrent Select Relocation Set 3.762ms
[177.434s][info][gc,phases   ] GC(128) Pause Relocate Start 0.006ms
[177.437s][info][gc,phases   ] GC(128) Concurrent Relocate 3.263ms
[177.437s][info][gc,load     ] GC(128) Load: 0.00/0.00/0.00
[177.437s][info][gc,mmu      ] GC(128) MMU: 2ms/97.7%, 5ms/99.1%, 10ms/99.5%, 20ms/99.8%, 50ms/99.9%, 100ms/99.9%
[177.437s][info][gc,marking  ] GC(128) Mark: 8 stripe(s), 1 proactive flush(es), 1 terminate flush(es), 0 completion(s), 0 continuation(s) 
[177.437s][info][gc,marking  ] GC(128) Mark Stack Usage: 32M
[177.438s][info][gc,nmethod  ] GC(128) NMethods: 2296 registered, 13 unregistered
[177.438s][info][gc,metaspace] GC(128) Metaspace: 13M used, 14M committed, 1088M reserved
[177.438s][info][gc,ref      ] GC(128) Soft: 211 encountered, 0 discovered, 0 enqueued
[177.438s][info][gc,ref      ] GC(128) Weak: 627 encountered, 9 discovered, 0 enqueued
[177.438s][info][gc,ref      ] GC(128) Final: 0 encountered, 0 discovered, 0 enqueued
[177.438s][info][gc,ref      ] GC(128) Phantom: 59 encountered, 53 discovered, 0 enqueued
[177.438s][info][gc,reloc    ] GC(128) Small Pages: 1346 / 2692M, Empty: 2630M, Relocated: 3M, In-Place: 0
[177.438s][info][gc,reloc    ] GC(128) Medium Pages: 0 / 0M, Empty: 0M, Relocated: 0M, In-Place: 0
[177.438s][info][gc,reloc    ] GC(128) Large Pages: 0 / 0M, Empty: 0M, Relocated: 0M, In-Place: 0
[177.438s][info][gc,reloc    ] GC(128) Forwarding Usage: 1M
[177.438s][info][gc,heap     ] GC(128) Min Capacity: 8M(0%)
[177.438s][info][gc,heap     ] GC(128) Max Capacity: 4096M(100%)
[177.438s][info][gc,heap     ] GC(128) Soft Max Capacity: 4096M(100%)
[177.438s][info][gc,heap     ] GC(128)                Mark Start          Mark End        Relocate Start      Relocate End           High               Low         
[177.438s][info][gc,heap     ] GC(128)  Capacity:     3758M (92%)        3758M (92%)        3758M (92%)        3758M (92%)        3758M (92%)        3758M (92%)    
[177.438s][info][gc,heap     ] GC(128)      Free:     1404M (34%)        1404M (34%)        4034M (98%)        4068M (99%)        4068M (99%)        1404M (34%)    
[177.438s][info][gc,heap     ] GC(128)      Used:     2692M (66%)        2692M (66%)          62M (2%)           28M (1%)         2692M (66%)          28M (1%)     
[177.438s][info][gc,heap     ] GC(128)      Live:         -                 6M (0%)            6M (0%)            6M (0%)             -                  -          
[177.438s][info][gc,heap     ] GC(128) Allocated:         -                 0M (0%)            0M (0%)            0M (0%)             -                  -          
[177.438s][info][gc,heap     ] GC(128)   Garbage:         -              2685M (66%)          55M (1%)           21M (1%)             -                  -          
[177.438s][info][gc,heap     ] GC(128) Reclaimed:         -                  -              2630M (64%)        2664M (65%)            -                  -          
[177.438s][info][gc          ] GC(128) Garbage Collection (System.gc()) 2692M(66%)->28M(1%)
[179.230s][info][gc,start    ] GC(129) Garbage Collection (Proactive)
[179.230s][info][gc,task     ] GC(129) Using 12 workers
[179.230s][info][gc,phases   ] GC(129) Pause Mark Start 0.013ms
[179.237s][info][gc,phases   ] GC(129) Concurrent Mark 6.639ms
[179.237s][info][gc,phases   ] GC(129) Pause Mark End 0.021ms
[179.237s][info][gc,phases   ] GC(129) Concurrent Mark Free 0.001ms
[179.246s][info][gc,phases   ] GC(129) Concurrent Process Non-Strong References 8.699ms
[179.246s][info][gc,phases   ] GC(129) Concurrent Reset Relocation Set 0.002ms
[179.250s][info][gc,phases   ] GC(129) Concurrent Select Relocation Set 3.781ms
[179.250s][info][gc,phases   ] GC(129) Pause Relocate Start 0.008ms
[179.252s][info][gc,phases   ] GC(129) Concurrent Relocate 1.563ms
[179.252s][info][gc,load     ] GC(129) Load: 0.00/0.00/0.00
[179.252s][info][gc,mmu      ] GC(129) MMU: 2ms/97.7%, 5ms/99.1%, 10ms/99.5%, 20ms/99.8%, 50ms/99.9%, 100ms/99.9%
[179.252s][info][gc,marking  ] GC(129) Mark: 8 stripe(s), 2 proactive flush(es), 1 terminate flush(es), 0 completion(s), 0 continuation(s) 
[179.252s][info][gc,marking  ] GC(129) Mark Stack Usage: 32M
[179.252s][info][gc,nmethod  ] GC(129) NMethods: 2296 registered, 13 unregistered
[179.252s][info][gc,metaspace] GC(129) Metaspace: 13M used, 14M committed, 1088M reserved
[179.252s][info][gc,ref      ] GC(129) Soft: 211 encountered, 0 discovered, 0 enqueued
[179.252s][info][gc,ref      ] GC(129) Weak: 723 encountered, 259 discovered, 0 enqueued
[179.252s][info][gc,ref      ] GC(129) Final: 0 encountered, 0 discovered, 0 enqueued
[179.252s][info][gc,ref      ] GC(129) Phantom: 59 encountered, 56 discovered, 0 enqueued
[179.252s][info][gc,reloc    ] GC(129) Small Pages: 1549 / 3098M, Empty: 2828M, Relocated: 3M, In-Place: 0
[179.252s][info][gc,reloc    ] GC(129) Medium Pages: 0 / 0M, Empty: 0M, Relocated: 0M, In-Place: 0
[179.252s][info][gc,reloc    ] GC(129) Large Pages: 0 / 0M, Empty: 0M, Relocated: 0M, In-Place: 0
[179.252s][info][gc,reloc    ] GC(129) Forwarding Usage: 0M
[179.252s][info][gc,heap     ] GC(129) Min Capacity: 8M(0%)
[179.252s][info][gc,heap     ] GC(129) Max Capacity: 4096M(100%)
[179.252s][info][gc,heap     ] GC(129) Soft Max Capacity: 4096M(100%)
[179.252s][info][gc,heap     ] GC(129)                Mark Start          Mark End        Relocate Start      Relocate End           High               Low         
[179.252s][info][gc,heap     ] GC(129)  Capacity:     3758M (92%)        3758M (92%)        3758M (92%)        3758M (92%)        3758M (92%)        3758M (92%)    
[179.252s][info][gc,heap     ] GC(129)      Free:      998M (24%)         910M (22%)        3730M (91%)        3966M (97%)        3966M (97%)         906M (22%)    
[179.252s][info][gc,heap     ] GC(129)      Used:     3098M (76%)        3186M (78%)         366M (9%)          130M (3%)         3190M (78%)         130M (3%)     
[179.252s][info][gc,heap     ] GC(129)      Live:         -                 8M (0%)            8M (0%)            8M (0%)             -                  -          
[179.252s][info][gc,heap     ] GC(129) Allocated:         -                88M (2%)           96M (2%)           96M (2%)             -                  -          
[179.252s][info][gc,heap     ] GC(129)   Garbage:         -              3089M (75%)         261M (6%)           24M (1%)             -                  -          
[179.252s][info][gc,heap     ] GC(129) Reclaimed:         -                  -              2828M (69%)        3064M (75%)            -                  -          
[179.252s][info][gc          ] GC(129) Garbage Collection (Proactive) 3098M(76%)->130M(3%)
[180.130s][info][gc,stats    ] === Garbage Collection Statistics =======================================================================================================================
[180.130s][info][gc,stats    ]                                                              Last 10s              Last 10m              Last 10h                Total
[180.130s][info][gc,stats    ]                                                              Avg / Max             Avg / Max             Avg / Max             Avg / Max
[180.130s][info][gc,stats    ]   Collector: Garbage Collection Cycle                     49.305 / 120.206      72.537 / 587.803      72.537 / 587.803      72.537 / 587.803     ms
[180.130s][info][gc,stats    ]  Contention: Mark Segment Reset Contention                     1 / 5                 1 / 26                1 / 26                1 / 26          ops/s
[180.130s][info][gc,stats    ]  Contention: Mark SeqNum Reset Contention                      0 / 2                 0 / 3                 0 / 3                 0 / 3           ops/s
[180.130s][info][gc,stats    ]    Critical: Allocation Stall                                  0 / 0                 0 / 0                 0 / 0                 0 / 0           ops/s
[180.130s][info][gc,stats    ]    Critical: Allocation Stall                              0.000 / 0.000         0.000 / 0.000         0.000 / 0.000         0.000 / 0.000       ms
[180.130s][info][gc,stats    ]    Critical: GC Locker Stall                                   0 / 0                 0 / 0                 0 / 0                 0 / 0           ops/s
[180.130s][info][gc,stats    ]    Critical: GC Locker Stall                               0.000 / 0.000         0.000 / 0.000         0.000 / 0.000         0.000 / 0.000       ms
[180.130s][info][gc,stats    ]    Critical: Relocation Stall                                  0 / 0                 0 / 0                 0 / 0                 0 / 0           ops/s
[180.130s][info][gc,stats    ]    Critical: Relocation Stall                              0.000 / 0.000         0.000 / 0.000         0.000 / 0.000         0.000 / 0.000       ms
[180.130s][info][gc,stats    ]      Memory: Allocation Rate                                1966 / 2074           1976 / 2208           1976 / 2208           1976 / 2208        MB/s
[180.130s][info][gc,stats    ]      Memory: Defragment                                        0 / 0                 0 / 0                 0 / 0                 0 / 0           ops/s
[180.130s][info][gc,stats    ]      Memory: Out Of Memory                                     0 / 0                 0 / 0                 0 / 0                 0 / 0           ops/s
[180.130s][info][gc,stats    ]      Memory: Page Cache Flush                                  0 / 0                 0 / 0                 0 / 0                 0 / 0           MB/s
[180.130s][info][gc,stats    ]      Memory: Page Cache Hit L1                               989 / 1044            981 / 1107            981 / 1107            981 / 1107        ops/s
[180.130s][info][gc,stats    ]      Memory: Page Cache Hit L2                                 0 / 0                 0 / 0                 0 / 0                 0 / 0           ops/s
[180.130s][info][gc,stats    ]      Memory: Page Cache Hit L3                                 0 / 0                 5 / 448               5 / 448               5 / 448         ops/s
[180.130s][info][gc,stats    ]      Memory: Page Cache Miss                                   0 / 0                 4 / 471               4 / 471               4 / 471         ops/s
[180.130s][info][gc,stats    ]      Memory: Uncommit                                          0 / 0                 0 / 0                 0 / 0                 0 / 0           MB/s
[180.130s][info][gc,stats    ]      Memory: Undo Object Allocation Failed                     0 / 2                 0 / 5                 0 / 5                 0 / 5           ops/s
[180.130s][info][gc,stats    ]      Memory: Undo Object Allocation Succeeded                 19 / 57               20 / 124              20 / 124              20 / 124         ops/s
[180.130s][info][gc,stats    ]      Memory: Undo Page Allocation                              0 / 3                 0 / 23                0 / 23                0 / 23          ops/s
[180.130s][info][gc,stats    ]       Phase: Concurrent Mark                              10.087 / 23.157       22.457 / 549.801      22.457 / 549.801      22.457 / 549.801     ms
[180.130s][info][gc,stats    ]       Phase: Concurrent Mark Continue                      0.000 / 0.000         0.000 / 0.000         0.000 / 0.000         0.000 / 0.000       ms
[180.130s][info][gc,stats    ]       Phase: Concurrent Mark Free                          0.001 / 0.001         0.001 / 0.008         0.001 / 0.008         0.001 / 0.008       ms
[180.130s][info][gc,stats    ]       Phase: Concurrent Process Non-Strong References     30.892 / 86.457       35.855 / 86.849       35.855 / 86.849       35.855 / 86.849      ms
[180.130s][info][gc,stats    ]       Phase: Concurrent Relocate                           2.503 / 3.618         2.631 / 6.016         2.631 / 6.016         2.631 / 6.016       ms
[180.130s][info][gc,stats    ]       Phase: Concurrent Reset Relocation Set               0.015 / 0.018         0.015 / 0.025         0.015 / 0.025         0.015 / 0.025       ms
[180.130s][info][gc,stats    ]       Phase: Concurrent Select Relocation Set              4.729 / 5.623         4.894 / 22.887        4.894 / 22.887        4.894 / 22.887      ms
[180.130s][info][gc,stats    ]       Phase: Pause Mark End                                0.019 / 0.023         0.019 / 0.046         0.019 / 0.046         0.019 / 0.046       ms
[180.130s][info][gc,stats    ]       Phase: Pause Mark Start                              0.013 / 0.018         0.013 / 0.021         0.013 / 0.021         0.013 / 0.021       ms
[180.130s][info][gc,stats    ]       Phase: Pause Relocate Start                          0.007 / 0.009         0.008 / 0.019         0.008 / 0.019         0.008 / 0.019       ms
[180.130s][info][gc,stats    ]    Subphase: Concurrent Classes Purge                      0.009 / 0.030         0.044 / 3.013         0.044 / 3.013         0.044 / 3.013       ms
[180.130s][info][gc,stats    ]    Subphase: Concurrent Classes Unlink                     1.957 / 5.944         3.175 / 7.490         3.175 / 7.490         3.175 / 7.490       ms
[180.130s][info][gc,stats    ]    Subphase: Concurrent Mark                               4.816 / 22.081        9.146 / 109.674       9.146 / 109.674       9.146 / 109.674     ms
[180.131s][info][gc,stats    ]    Subphase: Concurrent Mark Try Flush                     0.104 / 0.201         0.577 / 80.074        0.577 / 80.074        0.577 / 80.074      ms
[180.131s][info][gc,stats    ]    Subphase: Concurrent Mark Try Terminate                 1.246 / 1.998         2.361 / 15.651        2.361 / 15.651        2.361 / 15.651      ms
[180.131s][info][gc,stats    ]    Subphase: Concurrent References Enqueue                 0.000 / 0.001         0.001 / 0.007         0.001 / 0.007         0.001 / 0.007       ms
[180.131s][info][gc,stats    ]    Subphase: Concurrent References Process                 0.075 / 0.156         0.093 / 0.194         0.093 / 0.194         0.093 / 0.194       ms
[180.131s][info][gc,stats    ]    Subphase: Concurrent Roots ClassLoaderDataGraph         0.061 / 0.397         0.082 / 0.923         0.082 / 0.923         0.082 / 0.923       ms
[180.131s][info][gc,stats    ]    Subphase: Concurrent Roots CodeCache                    0.000 / 0.000         0.000 / 0.000         0.000 / 0.000         0.000 / 0.000       ms
[180.131s][info][gc,stats    ]    Subphase: Concurrent Roots JavaThreads                  0.173 / 0.701         0.978 / 473.279       0.978 / 473.279       0.978 / 473.279     ms
[180.131s][info][gc,stats    ]    Subphase: Concurrent Roots OopStorageSet                0.028 / 0.114         0.073 / 1.317         0.073 / 1.317         0.073 / 1.317       ms
[180.131s][info][gc,stats    ]    Subphase: Concurrent Weak Roots OopStorageSet          10.290 / 80.841       10.360 / 81.427       10.360 / 81.427       10.360 / 81.427      ms
[180.131s][info][gc,stats    ]    Subphase: Pause Mark Try Complete                       0.000 / 0.000         0.004 / 0.007         0.004 / 0.007         0.004 / 0.007       ms
[180.131s][info][gc,stats    ]      System: Java Threads                                     53 / 61               53 / 73               53 / 73               53 / 73          threads
[180.131s][info][gc,stats    ] =========================================================================================================================================================
[180.731s][info][gc,start    ] GC(130) Garbage Collection (Proactive)
[180.731s][info][gc,task     ] GC(130) Using 12 workers
[180.731s][info][gc,phases   ] GC(130) Pause Mark Start 0.012ms
[180.738s][info][gc,phases   ] GC(130) Concurrent Mark 6.588ms
[180.738s][info][gc,phases   ] GC(130) Pause Mark End 0.019ms
[180.738s][info][gc,phases   ] GC(130) Concurrent Mark Free 0.001ms
[180.746s][info][gc,phases   ] GC(130) Concurrent Process Non-Strong References 7.592ms
[180.746s][info][gc,phases   ] GC(130) Concurrent Reset Relocation Set 0.017ms
[180.750s][info][gc,phases   ] GC(130) Concurrent Select Relocation Set 4.443ms
[180.750s][info][gc,phases   ] GC(130) Pause Relocate Start 0.006ms
[180.752s][info][gc,phases   ] GC(130) Concurrent Relocate 1.667ms
[180.752s][info][gc,load     ] GC(130) Load: 0.00/0.00/0.00
[180.752s][info][gc,mmu      ] GC(130) MMU: 2ms/97.7%, 5ms/99.1%, 10ms/99.5%, 20ms/99.8%, 50ms/99.9%, 100ms/99.9%
[180.752s][info][gc,marking  ] GC(130) Mark: 8 stripe(s), 4 proactive flush(es), 1 terminate flush(es), 0 completion(s), 0 continuation(s) 
[180.752s][info][gc,marking  ] GC(130) Mark Stack Usage: 32M
[180.752s][info][gc,nmethod  ] GC(130) NMethods: 2296 registered, 13 unregistered
[180.752s][info][gc,metaspace] GC(130) Metaspace: 13M used, 14M committed, 1088M reserved
[180.752s][info][gc,ref      ] GC(130) Soft: 211 encountered, 0 discovered, 0 enqueued
[180.752s][info][gc,ref      ] GC(130) Weak: 723 encountered, 217 discovered, 0 enqueued
[180.752s][info][gc,ref      ] GC(130) Final: 0 encountered, 0 discovered, 0 enqueued
[180.752s][info][gc,ref      ] GC(130) Phantom: 59 encountered, 39 discovered, 0 enqueued
[180.752s][info][gc,reloc    ] GC(130) Small Pages: 1542 / 3084M, Empty: 2794M, Relocated: 3M, In-Place: 0
[180.752s][info][gc,reloc    ] GC(130) Medium Pages: 0 / 0M, Empty: 0M, Relocated: 0M, In-Place: 0
[180.752s][info][gc,reloc    ] GC(130) Large Pages: 0 / 0M, Empty: 0M, Relocated: 0M, In-Place: 0
[180.752s][info][gc,reloc    ] GC(130) Forwarding Usage: 0M
[180.752s][info][gc,heap     ] GC(130) Min Capacity: 8M(0%)
[180.752s][info][gc,heap     ] GC(130) Max Capacity: 4096M(100%)
[180.752s][info][gc,heap     ] GC(130) Soft Max Capacity: 4096M(100%)
[180.752s][info][gc,heap     ] GC(130)                Mark Start          Mark End        Relocate Start      Relocate End           High               Low         
[180.752s][info][gc,heap     ] GC(130)  Capacity:     3758M (92%)        3758M (92%)        3758M (92%)        3758M (92%)        3758M (92%)        3758M (92%)    
[180.752s][info][gc,heap     ] GC(130)      Free:     1012M (25%)         922M (23%)        3712M (91%)        3970M (97%)        3970M (97%)         920M (22%)    
[180.752s][info][gc,heap     ] GC(130)      Used:     3084M (75%)        3174M (77%)         384M (9%)          126M (3%)         3176M (78%)         126M (3%)     
[180.752s][info][gc,heap     ] GC(130)      Live:         -                 9M (0%)            9M (0%)            9M (0%)             -                  -          
[180.752s][info][gc,heap     ] GC(130) Allocated:         -                90M (2%)           94M (2%)           92M (2%)             -                  -          
[180.752s][info][gc,heap     ] GC(130)   Garbage:         -              3074M (75%)         280M (7%)           24M (1%)             -                  -          
[180.752s][info][gc,heap     ] GC(130) Reclaimed:         -                  -              2794M (68%)        3050M (74%)            -                  -          
[180.753s][info][gc          ] GC(130) Garbage Collection (Proactive) 3084M(75%)->126M(3%)
[182.131s][info][gc,start    ] GC(131) Garbage Collection (Proactive)
[182.131s][info][gc,task     ] GC(131) Using 12 workers
[182.131s][info][gc,phases   ] GC(131) Pause Mark Start 0.011ms
[182.137s][info][gc,phases   ] GC(131) Concurrent Mark 5.670ms
[182.137s][info][gc,phases   ] GC(131) Pause Mark End 0.018ms
[182.137s][info][gc,phases   ] GC(131) Concurrent Mark Free 0.001ms
[182.145s][info][gc,phases   ] GC(131) Concurrent Process Non-Strong References 8.089ms
[182.145s][info][gc,phases   ] GC(131) Concurrent Reset Relocation Set 0.024ms
[182.150s][info][gc,phases   ] GC(131) Concurrent Select Relocation Set 5.075ms
[182.150s][info][gc,phases   ] GC(131) Pause Relocate Start 0.007ms
[182.154s][info][gc,phases   ] GC(131) Concurrent Relocate 3.297ms
[182.154s][info][gc,load     ] GC(131) Load: 0.00/0.00/0.00
[182.154s][info][gc,mmu      ] GC(131) MMU: 2ms/97.7%, 5ms/99.1%, 10ms/99.5%, 20ms/99.8%, 50ms/99.9%, 100ms/99.9%
[182.154s][info][gc,marking  ] GC(131) Mark: 8 stripe(s), 2 proactive flush(es), 1 terminate flush(es), 0 completion(s), 0 continuation(s) 
[182.154s][info][gc,marking  ] GC(131) Mark Stack Usage: 32M
[182.154s][info][gc,nmethod  ] GC(131) NMethods: 2296 registered, 13 unregistered
[182.154s][info][gc,metaspace] GC(131) Metaspace: 13M used, 14M committed, 1088M reserved
[182.154s][info][gc,ref      ] GC(131) Soft: 211 encountered, 0 discovered, 0 enqueued
[182.154s][info][gc,ref      ] GC(131) Weak: 723 encountered, 251 discovered, 0 enqueued
[182.154s][info][gc,ref      ] GC(131) Final: 0 encountered, 0 discovered, 0 enqueued
[182.154s][info][gc,ref      ] GC(131) Phantom: 59 encountered, 40 discovered, 0 enqueued
[182.154s][info][gc,reloc    ] GC(131) Small Pages: 1433 / 2866M, Empty: 2580M, Relocated: 4M, In-Place: 0
[182.154s][info][gc,reloc    ] GC(131) Medium Pages: 0 / 0M, Empty: 0M, Relocated: 0M, In-Place: 0
[182.154s][info][gc,reloc    ] GC(131) Large Pages: 0 / 0M, Empty: 0M, Relocated: 0M, In-Place: 0
[182.154s][info][gc,reloc    ] GC(131) Forwarding Usage: 0M
[182.154s][info][gc,heap     ] GC(131) Min Capacity: 8M(0%)
[182.154s][info][gc,heap     ] GC(131) Max Capacity: 4096M(100%)
[182.154s][info][gc,heap     ] GC(131) Soft Max Capacity: 4096M(100%)
[182.154s][info][gc,heap     ] GC(131)                Mark Start          Mark End        Relocate Start      Relocate End           High               Low         
[182.154s][info][gc,heap     ] GC(131)  Capacity:     3758M (92%)        3758M (92%)        3758M (92%)        3758M (92%)        3758M (92%)        3758M (92%)    
[182.154s][info][gc,heap     ] GC(131)      Free:     1230M (30%)        1142M (28%)        3718M (91%)        3970M (97%)        3970M (97%)        1140M (28%)    
[182.154s][info][gc,heap     ] GC(131)      Used:     2866M (70%)        2954M (72%)         378M (9%)          126M (3%)         2956M (72%)         126M (3%)     
[182.154s][info][gc,heap     ] GC(131)      Live:         -                 9M (0%)            9M (0%)            9M (0%)             -                  -          
[182.154s][info][gc,heap     ] GC(131) Allocated:         -                88M (2%)           92M (2%)           94M (2%)             -                  -          
[182.154s][info][gc,heap     ] GC(131)   Garbage:         -              2856M (70%)         276M (7%)           22M (1%)             -                  -          
[182.154s][info][gc,heap     ] GC(131) Reclaimed:         -                  -              2580M (63%)        2834M (69%)            -                  -          
[182.154s][info][gc          ] GC(131) Garbage Collection (Proactive) 2866M(70%)->126M(3%)
[183.530s][info][gc,start    ] GC(132) Garbage Collection (Proactive)
[183.530s][info][gc,task     ] GC(132) Using 12 workers
[183.531s][info][gc,phases   ] GC(132) Pause Mark Start 0.009ms
[183.536s][info][gc,phases   ] GC(132) Concurrent Mark 5.643ms
[183.536s][info][gc,phases   ] GC(132) Pause Mark End 0.017ms
[183.537s][info][gc,phases   ] GC(132) Concurrent Mark Free 0.001ms
[183.544s][info][gc,phases   ] GC(132) Concurrent Process Non-Strong References 7.419ms
[183.544s][info][gc,phases   ] GC(132) Concurrent Reset Relocation Set 0.016ms
[183.549s][info][gc,phases   ] GC(132) Concurrent Select Relocation Set 4.705ms
[183.549s][info][gc,phases   ] GC(132) Pause Relocate Start 0.006ms
[183.553s][info][gc,phases   ] GC(132) Concurrent Relocate 3.453ms
[183.553s][info][gc,load     ] GC(132) Load: 0.00/0.00/0.00
[183.553s][info][gc,mmu      ] GC(132) MMU: 2ms/97.7%, 5ms/99.1%, 10ms/99.5%, 20ms/99.8%, 50ms/99.9%, 100ms/99.9%
[183.553s][info][gc,marking  ] GC(132) Mark: 8 stripe(s), 3 proactive flush(es), 1 terminate flush(es), 0 completion(s), 0 continuation(s) 
[183.553s][info][gc,marking  ] GC(132) Mark Stack Usage: 32M
[183.553s][info][gc,nmethod  ] GC(132) NMethods: 2296 registered, 13 unregistered
[183.553s][info][gc,metaspace] GC(132) Metaspace: 13M used, 14M committed, 1088M reserved
[183.553s][info][gc,ref      ] GC(132) Soft: 211 encountered, 0 discovered, 0 enqueued
[183.553s][info][gc,ref      ] GC(132) Weak: 723 encountered, 139 discovered, 0 enqueued
[183.553s][info][gc,ref      ] GC(132) Final: 0 encountered, 0 discovered, 0 enqueued
[183.553s][info][gc,ref      ] GC(132) Phantom: 59 encountered, 36 discovered, 0 enqueued
[183.553s][info][gc,reloc    ] GC(132) Small Pages: 1395 / 2790M, Empty: 2506M, Relocated: 5M, In-Place: 0
[183.553s][info][gc,reloc    ] GC(132) Medium Pages: 0 / 0M, Empty: 0M, Relocated: 0M, In-Place: 0
[183.553s][info][gc,reloc    ] GC(132) Large Pages: 0 / 0M, Empty: 0M, Relocated: 0M, In-Place: 0
[183.553s][info][gc,reloc    ] GC(132) Forwarding Usage: 0M
[183.553s][info][gc,heap     ] GC(132) Min Capacity: 8M(0%)
[183.553s][info][gc,heap     ] GC(132) Max Capacity: 4096M(100%)
[183.553s][info][gc,heap     ] GC(132) Soft Max Capacity: 4096M(100%)
[183.553s][info][gc,heap     ] GC(132)                Mark Start          Mark End        Relocate Start      Relocate End           High               Low         
[183.553s][info][gc,heap     ] GC(132)  Capacity:     3758M (92%)        3758M (92%)        3758M (92%)        3758M (92%)        3758M (92%)        3758M (92%)    
[183.553s][info][gc,heap     ] GC(132)      Free:     1306M (32%)        1220M (30%)        3720M (91%)        3970M (97%)        3970M (97%)        1216M (30%)    
[183.553s][info][gc,heap     ] GC(132)      Used:     2790M (68%)        2876M (70%)         376M (9%)          126M (3%)         2880M (70%)         126M (3%)     
[183.553s][info][gc,heap     ] GC(132)      Live:         -                 9M (0%)            9M (0%)            9M (0%)             -                  -          
[183.553s][info][gc,heap     ] GC(132) Allocated:         -                86M (2%)           92M (2%)           94M (2%)             -                  -          
[183.553s][info][gc,heap     ] GC(132)   Garbage:         -              2780M (68%)         274M (7%)           21M (1%)             -                  -          
[183.553s][info][gc,heap     ] GC(132) Reclaimed:         -                  -              2506M (61%)        2758M (67%)            -                  -          
[183.553s][info][gc          ] GC(132) Garbage Collection (Proactive) 2790M(68%)->126M(3%)
[184.830s][info][gc,start    ] GC(133) Garbage Collection (Proactive)
[184.830s][info][gc,task     ] GC(133) Using 12 workers
[184.830s][info][gc,phases   ] GC(133) Pause Mark Start 0.011ms
[184.837s][info][gc,phases   ] GC(133) Concurrent Mark 6.656ms
[184.837s][info][gc,phases   ] GC(133) Pause Mark End 0.019ms
[184.837s][info][gc,phases   ] GC(133) Concurrent Mark Free 0.001ms
[184.846s][info][gc,phases   ] GC(133) Concurrent Process Non-Strong References 8.476ms
[184.846s][info][gc,phases   ] GC(133) Concurrent Reset Relocation Set 0.019ms
[184.851s][info][gc,phases   ] GC(133) Concurrent Select Relocation Set 4.615ms
[184.851s][info][gc,phases   ] GC(133) Pause Relocate Start 0.006ms
[184.854s][info][gc,phases   ] GC(133) Concurrent Relocate 3.493ms
[184.854s][info][gc,load     ] GC(133) Load: 0.00/0.00/0.00
[184.855s][info][gc,mmu      ] GC(133) MMU: 2ms/97.7%, 5ms/99.1%, 10ms/99.5%, 20ms/99.8%, 50ms/99.9%, 100ms/99.9%
[184.855s][info][gc,marking  ] GC(133) Mark: 8 stripe(s), 5 proactive flush(es), 1 terminate flush(es), 0 completion(s), 0 continuation(s) 
[184.855s][info][gc,marking  ] GC(133) Mark Stack Usage: 32M
[184.855s][info][gc,nmethod  ] GC(133) NMethods: 2296 registered, 13 unregistered
[184.855s][info][gc,metaspace] GC(133) Metaspace: 13M used, 14M committed, 1088M reserved
[184.855s][info][gc,ref      ] GC(133) Soft: 211 encountered, 0 discovered, 0 enqueued
[184.855s][info][gc,ref      ] GC(133) Weak: 723 encountered, 294 discovered, 0 enqueued
[184.855s][info][gc,ref      ] GC(133) Final: 0 encountered, 0 discovered, 0 enqueued
[184.855s][info][gc,ref      ] GC(133) Phantom: 59 encountered, 39 discovered, 0 enqueued
[184.855s][info][gc,reloc    ] GC(133) Small Pages: 1336 / 2672M, Empty: 2398M, Relocated: 5M, In-Place: 0
[184.855s][info][gc,reloc    ] GC(133) Medium Pages: 0 / 0M, Empty: 0M, Relocated: 0M, In-Place: 0
[184.855s][info][gc,reloc    ] GC(133) Large Pages: 0 / 0M, Empty: 0M, Relocated: 0M, In-Place: 0
[184.855s][info][gc,reloc    ] GC(133) Forwarding Usage: 0M
[184.855s][info][gc,heap     ] GC(133) Min Capacity: 8M(0%)
[184.855s][info][gc,heap     ] GC(133) Max Capacity: 4096M(100%)
[184.855s][info][gc,heap     ] GC(133) Soft Max Capacity: 4096M(100%)
[184.855s][info][gc,heap     ] GC(133)                Mark Start          Mark End        Relocate Start      Relocate End           High               Low         
[184.855s][info][gc,heap     ] GC(133)  Capacity:     3758M (92%)        3758M (92%)        3758M (92%)        3758M (92%)        3758M (92%)        3758M (92%)    
[184.855s][info][gc,heap     ] GC(133)      Free:     1424M (35%)        1330M (32%)        3728M (91%)        3970M (97%)        3970M (97%)        1330M (32%)    
[184.855s][info][gc,heap     ] GC(133)      Used:     2672M (65%)        2766M (68%)         368M (9%)          126M (3%)         2766M (68%)         126M (3%)     
[184.855s][info][gc,heap     ] GC(133)      Live:         -                 9M (0%)            9M (0%)            9M (0%)             -                  -          
[184.855s][info][gc,heap     ] GC(133) Allocated:         -                94M (2%)           94M (2%)           94M (2%)             -                  -          
[184.855s][info][gc,heap     ] GC(133)   Garbage:         -              2662M (65%)         264M (6%)           21M (1%)             -                  -          
[184.855s][info][gc,heap     ] GC(133) Reclaimed:         -                  -              2398M (59%)        2640M (64%)            -                  -          
[184.855s][info][gc          ] GC(133) Garbage Collection (Proactive) 2672M(65%)->126M(3%)
[186.230s][info][gc,start    ] GC(134) Garbage Collection (Proactive)
[186.230s][info][gc,task     ] GC(134) Using 12 workers
[186.230s][info][gc,phases   ] GC(134) Pause Mark Start 0.010ms
[186.235s][info][gc,phases   ] GC(134) Concurrent Mark 4.669ms
[186.235s][info][gc,phases   ] GC(134) Pause Mark End 0.020ms
[186.235s][info][gc,phases   ] GC(134) Concurrent Mark Free 0.001ms
[186.242s][info][gc,phases   ] GC(134) Concurrent Process Non-Strong References 7.111ms
[186.242s][info][gc,phases   ] GC(134) Concurrent Reset Relocation Set 0.021ms
[186.248s][info][gc,phases   ] GC(134) Concurrent Select Relocation Set 6.021ms
[186.249s][info][gc,phases   ] GC(134) Pause Relocate Start 0.007ms
[186.254s][info][gc,phases   ] GC(134) Concurrent Relocate 5.549ms
[186.254s][info][gc,load     ] GC(134) Load: 0.00/0.00/0.00
[186.254s][info][gc,mmu      ] GC(134) MMU: 2ms/97.7%, 5ms/99.1%, 10ms/99.5%, 20ms/99.8%, 50ms/99.9%, 100ms/99.9%
[186.254s][info][gc,marking  ] GC(134) Mark: 8 stripe(s), 2 proactive flush(es), 1 terminate flush(es), 0 completion(s), 0 continuation(s) 
[186.254s][info][gc,marking  ] GC(134) Mark Stack Usage: 32M
[186.254s][info][gc,nmethod  ] GC(134) NMethods: 2296 registered, 13 unregistered
[186.254s][info][gc,metaspace] GC(134) Metaspace: 13M used, 14M committed, 1088M reserved
[186.254s][info][gc,ref      ] GC(134) Soft: 211 encountered, 0 discovered, 0 enqueued
[186.254s][info][gc,ref      ] GC(134) Weak: 723 encountered, 71 discovered, 0 enqueued
[186.254s][info][gc,ref      ] GC(134) Final: 0 encountered, 0 discovered, 0 enqueued
[186.254s][info][gc,ref      ] GC(134) Phantom: 59 encountered, 35 discovered, 0 enqueued
[186.254s][info][gc,reloc    ] GC(134) Small Pages: 1515 / 3030M, Empty: 2756M, Relocated: 6M, In-Place: 0
[186.255s][info][gc,reloc    ] GC(134) Medium Pages: 0 / 0M, Empty: 0M, Relocated: 0M, In-Place: 0
[186.255s][info][gc,reloc    ] GC(134) Large Pages: 0 / 0M, Empty: 0M, Relocated: 0M, In-Place: 0
[186.255s][info][gc,reloc    ] GC(134) Forwarding Usage: 1M
[186.255s][info][gc,heap     ] GC(134) Min Capacity: 8M(0%)
[186.255s][info][gc,heap     ] GC(134) Max Capacity: 4096M(100%)
[186.255s][info][gc,heap     ] GC(134) Soft Max Capacity: 4096M(100%)
[186.255s][info][gc,heap     ] GC(134)                Mark Start          Mark End        Relocate Start      Relocate End           High               Low         
[186.255s][info][gc,heap     ] GC(134)  Capacity:     3758M (92%)        3758M (92%)        3758M (92%)        3758M (92%)        3758M (92%)        3758M (92%)    
[186.255s][info][gc,heap     ] GC(134)      Free:     1066M (26%)         980M (24%)        3726M (91%)        3972M (97%)        3972M (97%)         976M (24%)    
[186.255s][info][gc,heap     ] GC(134)      Used:     3030M (74%)        3116M (76%)         370M (9%)          124M (3%)         3120M (76%)         124M (3%)     
[186.255s][info][gc,heap     ] GC(134)      Live:         -                10M (0%)           10M (0%)           10M (0%)             -                  -          
[186.255s][info][gc,heap     ] GC(134) Allocated:         -                86M (2%)           96M (2%)           94M (2%)             -                  -          
[186.255s][info][gc,heap     ] GC(134)   Garbage:         -              3019M (74%)         263M (6%)           19M (0%)             -                  -          
[186.255s][info][gc,heap     ] GC(134) Reclaimed:         -                  -              2756M (67%)        3000M (73%)            -                  -          
[186.255s][info][gc          ] GC(134) Garbage Collection (Proactive) 3030M(74%)->124M(3%)
[187.631s][info][gc,start    ] GC(135) Garbage Collection (Proactive)
[187.631s][info][gc,task     ] GC(135) Using 12 workers
[187.631s][info][gc,phases   ] GC(135) Pause Mark Start 0.014ms
[187.637s][info][gc,phases   ] GC(135) Concurrent Mark 5.574ms
[187.637s][info][gc,phases   ] GC(135) Pause Mark End 0.021ms
[187.637s][info][gc,phases   ] GC(135) Concurrent Mark Free 0.001ms
[187.646s][info][gc,phases   ] GC(135) Concurrent Process Non-Strong References 8.688ms
[187.646s][info][gc,phases   ] GC(135) Concurrent Reset Relocation Set 0.021ms
[187.650s][info][gc,phases   ] GC(135) Concurrent Select Relocation Set 3.805ms
[187.650s][info][gc,phases   ] GC(135) Pause Relocate Start 0.008ms
[187.650s][info][gc,phases   ] GC(135) Concurrent Relocate 0.473ms
[187.650s][info][gc,load     ] GC(135) Load: 0.00/0.00/0.00
[187.650s][info][gc,mmu      ] GC(135) MMU: 2ms/97.7%, 5ms/99.1%, 10ms/99.5%, 20ms/99.8%, 50ms/99.9%, 100ms/99.9%
[187.650s][info][gc,marking  ] GC(135) Mark: 8 stripe(s), 2 proactive flush(es), 1 terminate flush(es), 0 completion(s), 0 continuation(s) 
[187.650s][info][gc,marking  ] GC(135) Mark Stack Usage: 32M
[187.651s][info][gc,nmethod  ] GC(135) NMethods: 2296 registered, 13 unregistered
[187.651s][info][gc,metaspace] GC(135) Metaspace: 13M used, 14M committed, 1088M reserved
[187.651s][info][gc,ref      ] GC(135) Soft: 211 encountered, 0 discovered, 0 enqueued
[187.651s][info][gc,ref      ] GC(135) Weak: 723 encountered, 69 discovered, 0 enqueued
[187.651s][info][gc,ref      ] GC(135) Final: 0 encountered, 0 discovered, 0 enqueued
[187.651s][info][gc,ref      ] GC(135) Phantom: 59 encountered, 53 discovered, 0 enqueued
[187.651s][info][gc,reloc    ] GC(135) Small Pages: 1480 / 2960M, Empty: 2688M, Relocated: 3M, In-Place: 0
[187.651s][info][gc,reloc    ] GC(135) Medium Pages: 0 / 0M, Empty: 0M, Relocated: 0M, In-Place: 0
[187.651s][info][gc,reloc    ] GC(135) Large Pages: 0 / 0M, Empty: 0M, Relocated: 0M, In-Place: 0
[187.651s][info][gc,reloc    ] GC(135) Forwarding Usage: 0M
[187.651s][info][gc,heap     ] GC(135) Min Capacity: 8M(0%)
[187.651s][info][gc,heap     ] GC(135) Max Capacity: 4096M(100%)
[187.651s][info][gc,heap     ] GC(135) Soft Max Capacity: 4096M(100%)
[187.651s][info][gc,heap     ] GC(135)                Mark Start          Mark End        Relocate Start      Relocate End           High               Low         
[187.651s][info][gc,heap     ] GC(135)  Capacity:     3758M (92%)        3758M (92%)        3758M (92%)        3758M (92%)        3758M (92%)        3758M (92%)    
[187.651s][info][gc,heap     ] GC(135)      Free:     1136M (28%)        1042M (25%)        3730M (91%)        3966M (97%)        3966M (97%)        1042M (25%)    
[187.651s][info][gc,heap     ] GC(135)      Used:     2960M (72%)        3054M (75%)         366M (9%)          130M (3%)         3054M (75%)         130M (3%)     
[187.651s][info][gc,heap     ] GC(135)      Live:         -                10M (0%)           10M (0%)           10M (0%)             -                  -          
[187.651s][info][gc,heap     ] GC(135) Allocated:         -                94M (2%)           94M (2%)           94M (2%)             -                  -          
[187.651s][info][gc,heap     ] GC(135)   Garbage:         -              2949M (72%)         261M (6%)           25M (1%)             -                  -          
[187.651s][info][gc,heap     ] GC(135) Reclaimed:         -                  -              2688M (66%)        2924M (71%)            -                  -          
[187.651s][info][gc          ] GC(135) Garbage Collection (Proactive) 2960M(72%)->130M(3%)
[188.792s][info][gc,start    ] GC(136) Garbage Collection (System.gc())
[188.792s][info][gc,task     ] GC(136) Using 12 workers
[188.792s][info][gc,phases   ] GC(136) Pause Mark Start 0.017ms
[188.798s][info][gc,phases   ] GC(136) Concurrent Mark 5.789ms
[188.798s][info][gc,phases   ] GC(136) Pause Mark End 0.019ms
[188.798s][info][gc,phases   ] GC(136) Concurrent Mark Free 0.001ms
[188.807s][info][gc,phases   ] GC(136) Concurrent Process Non-Strong References 8.865ms
[188.807s][info][gc,phases   ] GC(136) Concurrent Reset Relocation Set 0.016ms
[188.812s][info][gc,phases   ] GC(136) Concurrent Select Relocation Set 4.580ms
[188.812s][info][gc,phases   ] GC(136) Pause Relocate Start 0.009ms
[188.814s][info][gc,phases   ] GC(136) Concurrent Relocate 2.050ms
[188.815s][info][gc,load     ] GC(136) Load: 0.00/0.00/0.00
[188.815s][info][gc,mmu      ] GC(136) MMU: 2ms/97.7%, 5ms/99.1%, 10ms/99.5%, 20ms/99.8%, 50ms/99.9%, 100ms/99.9%
[188.815s][info][gc,marking  ] GC(136) Mark: 8 stripe(s), 2 proactive flush(es), 1 terminate flush(es), 0 completion(s), 0 continuation(s) 
[188.815s][info][gc,marking  ] GC(136) Mark Stack Usage: 32M
[188.815s][info][gc,nmethod  ] GC(136) NMethods: 2296 registered, 13 unregistered
[188.815s][info][gc,metaspace] GC(136) Metaspace: 13M used, 14M committed, 1088M reserved
[188.815s][info][gc,ref      ] GC(136) Soft: 211 encountered, 0 discovered, 0 enqueued
[188.815s][info][gc,ref      ] GC(136) Weak: 623 encountered, 9 discovered, 0 enqueued
[188.815s][info][gc,ref      ] GC(136) Final: 0 encountered, 0 discovered, 0 enqueued
[188.815s][info][gc,ref      ] GC(136) Phantom: 59 encountered, 54 discovered, 0 enqueued
[188.815s][info][gc,reloc    ] GC(136) Small Pages: 1256 / 2512M, Empty: 2444M, Relocated: 3M, In-Place: 0
[188.815s][info][gc,reloc    ] GC(136) Medium Pages: 0 / 0M, Empty: 0M, Relocated: 0M, In-Place: 0
[188.815s][info][gc,reloc    ] GC(136) Large Pages: 0 / 0M, Empty: 0M, Relocated: 0M, In-Place: 0
[188.815s][info][gc,reloc    ] GC(136) Forwarding Usage: 1M
[188.815s][info][gc,heap     ] GC(136) Min Capacity: 8M(0%)
[188.815s][info][gc,heap     ] GC(136) Max Capacity: 4096M(100%)
[188.815s][info][gc,heap     ] GC(136) Soft Max Capacity: 4096M(100%)
[188.815s][info][gc,heap     ] GC(136)                Mark Start          Mark End        Relocate Start      Relocate End           High               Low         
[188.815s][info][gc,heap     ] GC(136)  Capacity:     3758M (92%)        3758M (92%)        3758M (92%)        3758M (92%)        3758M (92%)        3758M (92%)    
[188.815s][info][gc,heap     ] GC(136)      Free:     1584M (39%)        1584M (39%)        4028M (98%)        4068M (99%)        4068M (99%)        1584M (39%)    
[188.815s][info][gc,heap     ] GC(136)      Used:     2512M (61%)        2512M (61%)          68M (2%)           28M (1%)         2512M (61%)          28M (1%)     
[188.815s][info][gc,heap     ] GC(136)      Live:         -                 6M (0%)            6M (0%)            6M (0%)             -                  -          
[188.815s][info][gc,heap     ] GC(136) Allocated:         -                 0M (0%)            0M (0%)            0M (0%)             -                  -          
[188.815s][info][gc,heap     ] GC(136)   Garbage:         -              2505M (61%)          61M (2%)           21M (1%)             -                  -          
[188.815s][info][gc,heap     ] GC(136) Reclaimed:         -                  -              2444M (60%)        2484M (61%)            -                  -          
[188.815s][info][gc          ] GC(136) Garbage Collection (System.gc()) 2512M(61%)->28M(1%)
[190.130s][info][gc,stats    ] === Garbage Collection Statistics =======================================================================================================================
[190.130s][info][gc,stats    ]                                                              Last 10s              Last 10m              Last 10h                Total
[190.130s][info][gc,stats    ]                                                              Avg / Max             Avg / Max             Avg / Max             Avg / Max
[190.130s][info][gc,stats    ]   Collector: Garbage Collection Cycle                     22.554 / 24.346       69.983 / 587.803      69.983 / 587.803      69.983 / 587.803     ms
[190.130s][info][gc,stats    ]  Contention: Mark Segment Reset Contention                     2 / 5                 1 / 26                1 / 26                1 / 26          ops/s
[190.130s][info][gc,stats    ]  Contention: Mark SeqNum Reset Contention                      0 / 2                 0 / 3                 0 / 3                 0 / 3           ops/s
[190.130s][info][gc,stats    ]    Critical: Allocation Stall                                  0 / 0                 0 / 0                 0 / 0                 0 / 0           ops/s
[190.130s][info][gc,stats    ]    Critical: Allocation Stall                              0.000 / 0.000         0.000 / 0.000         0.000 / 0.000         0.000 / 0.000       ms
[190.130s][info][gc,stats    ]    Critical: GC Locker Stall                                   0 / 0                 0 / 0                 0 / 0                 0 / 0           ops/s
[190.130s][info][gc,stats    ]    Critical: GC Locker Stall                               0.000 / 0.000         0.000 / 0.000         0.000 / 0.000         0.000 / 0.000       ms
[190.130s][info][gc,stats    ]    Critical: Relocation Stall                                  0 / 0                 0 / 0                 0 / 0                 0 / 0           ops/s
[190.130s][info][gc,stats    ]    Critical: Relocation Stall                              0.000 / 0.000         0.000 / 0.000         0.000 / 0.000         0.000 / 0.000       ms
[190.130s][info][gc,stats    ]      Memory: Allocation Rate                                2014 / 2114           1978 / 2208           1978 / 2208           1978 / 2208        MB/s
[190.130s][info][gc,stats    ]      Memory: Defragment                                        0 / 0                 0 / 0                 0 / 0                 0 / 0           ops/s
[190.130s][info][gc,stats    ]      Memory: Out Of Memory                                     0 / 0                 0 / 0                 0 / 0                 0 / 0           ops/s
[190.130s][info][gc,stats    ]      Memory: Page Cache Flush                                  0 / 0                 0 / 0                 0 / 0                 0 / 0           MB/s
[190.130s][info][gc,stats    ]      Memory: Page Cache Hit L1                              1015 / 1069            983 / 1107            983 / 1107            983 / 1107        ops/s
[190.130s][info][gc,stats    ]      Memory: Page Cache Hit L2                                 0 / 0                 0 / 0                 0 / 0                 0 / 0           ops/s
[190.130s][info][gc,stats    ]      Memory: Page Cache Hit L3                                 0 / 0                 5 / 448               5 / 448               5 / 448         ops/s
[190.130s][info][gc,stats    ]      Memory: Page Cache Miss                                   0 / 0                 4 / 471               4 / 471               4 / 471         ops/s
[190.130s][info][gc,stats    ]      Memory: Uncommit                                          0 / 0                 0 / 0                 0 / 0                 0 / 0           MB/s
[190.130s][info][gc,stats    ]      Memory: Undo Object Allocation Failed                     0 / 2                 0 / 5                 0 / 5                 0 / 5           ops/s
[190.130s][info][gc,stats    ]      Memory: Undo Object Allocation Succeeded                 20 / 49               20 / 124              20 / 124              20 / 124         ops/s
[190.130s][info][gc,stats    ]      Memory: Undo Page Allocation                              0 / 1                 0 / 23                0 / 23                0 / 23          ops/s
[190.130s][info][gc,stats    ]       Phase: Concurrent Mark                               5.798 / 6.656        21.606 / 549.801      21.606 / 549.801      21.606 / 549.801     ms
[190.130s][info][gc,stats    ]       Phase: Concurrent Mark Continue                      0.000 / 0.000         0.000 / 0.000         0.000 / 0.000         0.000 / 0.000       ms
[190.130s][info][gc,stats    ]       Phase: Concurrent Mark Free                          0.001 / 0.001         0.001 / 0.008         0.001 / 0.008         0.001 / 0.008       ms
[190.130s][info][gc,stats    ]       Phase: Concurrent Process Non-Strong References      8.034 / 8.865        34.433 / 86.849       34.433 / 86.849       34.433 / 86.849      ms
[190.130s][info][gc,stats    ]       Phase: Concurrent Relocate                           2.854 / 5.549         2.642 / 6.016         2.642 / 6.016         2.642 / 6.016       ms
[190.130s][info][gc,stats    ]       Phase: Concurrent Reset Relocation Set               0.019 / 0.024         0.015 / 0.025         0.015 / 0.025         0.015 / 0.025       ms
[190.130s][info][gc,stats    ]       Phase: Concurrent Select Relocation Set              4.749 / 6.021         4.887 / 22.887        4.887 / 22.887        4.887 / 22.887      ms
[190.130s][info][gc,stats    ]       Phase: Pause Mark End                                0.019 / 0.021         0.019 / 0.046         0.019 / 0.046         0.019 / 0.046       ms
[190.130s][info][gc,stats    ]       Phase: Pause Mark Start                              0.012 / 0.017         0.013 / 0.021         0.013 / 0.021         0.013 / 0.021       ms
[190.130s][info][gc,stats    ]       Phase: Pause Relocate Start                          0.007 / 0.009         0.008 / 0.019         0.008 / 0.019         0.008 / 0.019       ms
[190.130s][info][gc,stats    ]    Subphase: Concurrent Classes Purge                      0.005 / 0.008         0.042 / 3.013         0.042 / 3.013         0.042 / 3.013       ms
[190.130s][info][gc,stats    ]    Subphase: Concurrent Classes Unlink                     0.577 / 0.625         3.042 / 7.490         3.042 / 7.490         3.042 / 7.490       ms
[190.130s][info][gc,stats    ]    Subphase: Concurrent Mark                               4.751 / 6.065         8.704 / 109.674       8.704 / 109.674       8.704 / 109.674     ms
[190.130s][info][gc,stats    ]    Subphase: Concurrent Mark Try Flush                     0.108 / 0.244         0.548 / 80.074        0.548 / 80.074        0.548 / 80.074      ms
[190.130s][info][gc,stats    ]    Subphase: Concurrent Mark Try Terminate                 1.473 / 2.025         2.270 / 15.651        2.270 / 15.651        2.270 / 15.651      ms
[190.130s][info][gc,stats    ]    Subphase: Concurrent References Enqueue                 0.001 / 0.001         0.001 / 0.007         0.001 / 0.007         0.001 / 0.007       ms
[190.131s][info][gc,stats    ]    Subphase: Concurrent References Process                 0.049 / 0.060         0.090 / 0.194         0.090 / 0.194         0.090 / 0.194       ms
[190.131s][info][gc,stats    ]    Subphase: Concurrent Roots ClassLoaderDataGraph         0.045 / 0.417         0.079 / 0.923         0.079 / 0.923         0.079 / 0.923       ms
[190.131s][info][gc,stats    ]    Subphase: Concurrent Roots CodeCache                    0.000 / 0.000         0.000 / 0.000         0.000 / 0.000         0.000 / 0.000       ms
[190.131s][info][gc,stats    ]    Subphase: Concurrent Roots JavaThreads                  0.123 / 0.838         0.891 / 473.279       0.891 / 473.279       0.891 / 473.279     ms
[190.131s][info][gc,stats    ]    Subphase: Concurrent Roots OopStorageSet                0.025 / 0.062         0.069 / 1.317         0.069 / 1.317         0.069 / 1.317       ms
[190.131s][info][gc,stats    ]    Subphase: Concurrent Weak Roots OopStorageSet           7.199 / 8.147        10.042 / 81.427       10.042 / 81.427       10.042 / 81.427      ms
[190.131s][info][gc,stats    ]    Subphase: Pause Mark Try Complete                       0.000 / 0.000         0.004 / 0.007         0.004 / 0.007         0.004 / 0.007       ms
[190.131s][info][gc,stats    ]      System: Java Threads                                     53 / 60               53 / 73               53 / 73               53 / 73          threads
[190.131s][info][gc,stats    ] =========================================================================================================================================================
[190.231s][info][gc,start    ] GC(137) Garbage Collection (Proactive)
[190.231s][info][gc,task     ] GC(137) Using 12 workers
[190.231s][info][gc,phases   ] GC(137) Pause Mark Start 0.014ms
[190.237s][info][gc,phases   ] GC(137) Concurrent Mark 5.593ms
[190.237s][info][gc,phases   ] GC(137) Pause Mark End 0.020ms
[190.237s][info][gc,phases   ] GC(137) Concurrent Mark Free 0.001ms
[190.246s][info][gc,phases   ] GC(137) Concurrent Process Non-Strong References 8.623ms
[190.246s][info][gc,phases   ] GC(137) Concurrent Reset Relocation Set 0.005ms
[190.250s][info][gc,phases   ] GC(137) Concurrent Select Relocation Set 4.037ms
[190.250s][info][gc,phases   ] GC(137) Pause Relocate Start 0.008ms
[190.252s][info][gc,phases   ] GC(137) Concurrent Relocate 1.642ms
[190.252s][info][gc,load     ] GC(137) Load: 0.00/0.00/0.00
[190.252s][info][gc,mmu      ] GC(137) MMU: 2ms/97.7%, 5ms/99.1%, 10ms/99.5%, 20ms/99.8%, 50ms/99.9%, 100ms/99.9%
[190.252s][info][gc,marking  ] GC(137) Mark: 8 stripe(s), 4 proactive flush(es), 1 terminate flush(es), 0 completion(s), 0 continuation(s) 
[190.252s][info][gc,marking  ] GC(137) Mark Stack Usage: 32M
[190.252s][info][gc,nmethod  ] GC(137) NMethods: 2296 registered, 13 unregistered
[190.252s][info][gc,metaspace] GC(137) Metaspace: 13M used, 14M committed, 1088M reserved
[190.252s][info][gc,ref      ] GC(137) Soft: 211 encountered, 0 discovered, 0 enqueued
[190.252s][info][gc,ref      ] GC(137) Weak: 729 encountered, 320 discovered, 2 enqueued
[190.252s][info][gc,ref      ] GC(137) Final: 0 encountered, 0 discovered, 0 enqueued
[190.252s][info][gc,ref      ] GC(137) Phantom: 59 encountered, 35 discovered, 0 enqueued
[190.252s][info][gc,reloc    ] GC(137) Small Pages: 1244 / 2488M, Empty: 2226M, Relocated: 3M, In-Place: 0
[190.252s][info][gc,reloc    ] GC(137) Medium Pages: 0 / 0M, Empty: 0M, Relocated: 0M, In-Place: 0
[190.252s][info][gc,reloc    ] GC(137) Large Pages: 0 / 0M, Empty: 0M, Relocated: 0M, In-Place: 0
[190.252s][info][gc,reloc    ] GC(137) Forwarding Usage: 0M
[190.252s][info][gc,heap     ] GC(137) Min Capacity: 8M(0%)
[190.252s][info][gc,heap     ] GC(137) Max Capacity: 4096M(100%)
[190.252s][info][gc,heap     ] GC(137) Soft Max Capacity: 4096M(100%)
[190.252s][info][gc,heap     ] GC(137)                Mark Start          Mark End        Relocate Start      Relocate End           High               Low         
[190.252s][info][gc,heap     ] GC(137)  Capacity:     3758M (92%)        3758M (92%)        3758M (92%)        3758M (92%)        3758M (92%)        3758M (92%)    
[190.252s][info][gc,heap     ] GC(137)      Free:     1608M (39%)        1516M (37%)        3740M (91%)        3968M (97%)        3968M (97%)        1514M (37%)    
[190.252s][info][gc,heap     ] GC(137)      Used:     2488M (61%)        2580M (63%)         356M (9%)          128M (3%)         2582M (63%)         128M (3%)     
[190.252s][info][gc,heap     ] GC(137)      Live:         -                 8M (0%)            8M (0%)            8M (0%)             -                  -          
[190.252s][info][gc,heap     ] GC(137) Allocated:         -                92M (2%)           94M (2%)           94M (2%)             -                  -          
[190.252s][info][gc,heap     ] GC(137)   Garbage:         -              2479M (61%)         253M (6%)           24M (1%)             -                  -          
[190.252s][info][gc,heap     ] GC(137) Reclaimed:         -                  -              2226M (54%)        2454M (60%)            -                  -          
[190.252s][info][gc          ] GC(137) Garbage Collection (Proactive) 2488M(61%)->128M(3%)
[191.531s][info][gc,start    ] GC(138) Garbage Collection (Proactive)
[191.531s][info][gc,task     ] GC(138) Using 12 workers
[191.531s][info][gc,phases   ] GC(138) Pause Mark Start 0.013ms
[191.537s][info][gc,phases   ] GC(138) Concurrent Mark 5.554ms
[191.537s][info][gc,phases   ] GC(138) Pause Mark End 0.018ms
[191.537s][info][gc,phases   ] GC(138) Concurrent Mark Free 0.001ms
[191.544s][info][gc,phases   ] GC(138) Concurrent Process Non-Strong References 7.444ms
[191.545s][info][gc,phases   ] GC(138) Concurrent Reset Relocation Set 0.013ms
[191.549s][info][gc,phases   ] GC(138) Concurrent Select Relocation Set 4.062ms
[191.549s][info][gc,phases   ] GC(138) Pause Relocate Start 0.006ms
[191.550s][info][gc,phases   ] GC(138) Concurrent Relocate 1.681ms
[191.551s][info][gc,load     ] GC(138) Load: 0.00/0.00/0.00
[191.551s][info][gc,mmu      ] GC(138) MMU: 2ms/97.7%, 5ms/99.1%, 10ms/99.5%, 20ms/99.8%, 50ms/99.9%, 100ms/99.9%
[191.551s][info][gc,marking  ] GC(138) Mark: 8 stripe(s), 3 proactive flush(es), 1 terminate flush(es), 0 completion(s), 0 continuation(s) 
[191.551s][info][gc,marking  ] GC(138) Mark Stack Usage: 32M
[191.551s][info][gc,nmethod  ] GC(138) NMethods: 2296 registered, 13 unregistered
[191.551s][info][gc,metaspace] GC(138) Metaspace: 13M used, 14M committed, 1088M reserved
[191.551s][info][gc,ref      ] GC(138) Soft: 211 encountered, 0 discovered, 0 enqueued
[191.551s][info][gc,ref      ] GC(138) Weak: 727 encountered, 91 discovered, 0 enqueued
[191.551s][info][gc,ref      ] GC(138) Final: 0 encountered, 0 discovered, 0 enqueued
[191.551s][info][gc,ref      ] GC(138) Phantom: 59 encountered, 35 discovered, 0 enqueued
[191.551s][info][gc,reloc    ] GC(138) Small Pages: 1154 / 2308M, Empty: 2036M, Relocated: 3M, In-Place: 0
[191.551s][info][gc,reloc    ] GC(138) Medium Pages: 0 / 0M, Empty: 0M, Relocated: 0M, In-Place: 0
[191.551s][info][gc,reloc    ] GC(138) Large Pages: 0 / 0M, Empty: 0M, Relocated: 0M, In-Place: 0
[191.551s][info][gc,reloc    ] GC(138) Forwarding Usage: 0M
[191.551s][info][gc,heap     ] GC(138) Min Capacity: 8M(0%)
[191.551s][info][gc,heap     ] GC(138) Max Capacity: 4096M(100%)
[191.551s][info][gc,heap     ] GC(138) Soft Max Capacity: 4096M(100%)
[191.551s][info][gc,heap     ] GC(138)                Mark Start          Mark End        Relocate Start      Relocate End           High               Low         
[191.551s][info][gc,heap     ] GC(138)  Capacity:     3758M (92%)        3758M (92%)        3758M (92%)        3758M (92%)        3758M (92%)        3758M (92%)    
[191.551s][info][gc,heap     ] GC(138)      Free:     1788M (44%)        1694M (41%)        3728M (91%)        3968M (97%)        3968M (97%)        1692M (41%)    
[191.551s][info][gc,heap     ] GC(138)      Used:     2308M (56%)        2402M (59%)         368M (9%)          128M (3%)         2404M (59%)         128M (3%)     
[191.551s][info][gc,heap     ] GC(138)      Live:         -                 9M (0%)            9M (0%)            9M (0%)             -                  -          
[191.551s][info][gc,heap     ] GC(138) Allocated:         -                94M (2%)           96M (2%)           94M (2%)             -                  -          
[191.551s][info][gc,heap     ] GC(138)   Garbage:         -              2298M (56%)         262M (6%)           24M (1%)             -                  -          
[191.551s][info][gc,heap     ] GC(138) Reclaimed:         -                  -              2036M (50%)        2274M (56%)            -                  -          
[191.551s][info][gc          ] GC(138) Garbage Collection (Proactive) 2308M(56%)->128M(3%)
[192.731s][info][gc,start    ] GC(139) Garbage Collection (Proactive)
[192.731s][info][gc,task     ] GC(139) Using 12 workers
[192.731s][info][gc,phases   ] GC(139) Pause Mark Start 0.012ms
[192.737s][info][gc,phases   ] GC(139) Concurrent Mark 5.579ms
[192.737s][info][gc,phases   ] GC(139) Pause Mark End 0.017ms
[192.737s][info][gc,phases   ] GC(139) Concurrent Mark Free 0.001ms
[192.745s][info][gc,phases   ] GC(139) Concurrent Process Non-Strong References 7.700ms
[192.745s][info][gc,phases   ] GC(139) Concurrent Reset Relocation Set 0.022ms
[192.750s][info][gc,phases   ] GC(139) Concurrent Select Relocation Set 5.368ms
[192.750s][info][gc,phases   ] GC(139) Pause Relocate Start 0.008ms
[192.754s][info][gc,phases   ] GC(139) Concurrent Relocate 3.825ms
[192.754s][info][gc,load     ] GC(139) Load: 0.00/0.00/0.00
[192.754s][info][gc,mmu      ] GC(139) MMU: 2ms/97.7%, 5ms/99.1%, 10ms/99.5%, 20ms/99.8%, 50ms/99.9%, 100ms/99.9%
[192.755s][info][gc,marking  ] GC(139) Mark: 8 stripe(s), 3 proactive flush(es), 1 terminate flush(es), 0 completion(s), 0 continuation(s) 
[192.755s][info][gc,marking  ] GC(139) Mark Stack Usage: 32M
[192.755s][info][gc,nmethod  ] GC(139) NMethods: 2296 registered, 13 unregistered
[192.755s][info][gc,metaspace] GC(139) Metaspace: 13M used, 14M committed, 1088M reserved
[192.755s][info][gc,ref      ] GC(139) Soft: 211 encountered, 0 discovered, 0 enqueued
[192.755s][info][gc,ref      ] GC(139) Weak: 727 encountered, 76 discovered, 0 enqueued
[192.755s][info][gc,ref      ] GC(139) Final: 0 encountered, 0 discovered, 0 enqueued
[192.755s][info][gc,ref      ] GC(139) Phantom: 59 encountered, 37 discovered, 0 enqueued
[192.755s][info][gc,reloc    ] GC(139) Small Pages: 1089 / 2178M, Empty: 1908M, Relocated: 4M, In-Place: 0
[192.755s][info][gc,reloc    ] GC(139) Medium Pages: 0 / 0M, Empty: 0M, Relocated: 0M, In-Place: 0
[192.755s][info][gc,reloc    ] GC(139) Large Pages: 0 / 0M, Empty: 0M, Relocated: 0M, In-Place: 0
[192.755s][info][gc,reloc    ] GC(139) Forwarding Usage: 0M
[192.755s][info][gc,heap     ] GC(139) Min Capacity: 8M(0%)
[192.755s][info][gc,heap     ] GC(139) Max Capacity: 4096M(100%)
[192.755s][info][gc,heap     ] GC(139) Soft Max Capacity: 4096M(100%)
[192.755s][info][gc,heap     ] GC(139)                Mark Start          Mark End        Relocate Start      Relocate End           High               Low         
[192.755s][info][gc,heap     ] GC(139)  Capacity:     3758M (92%)        3758M (92%)        3758M (92%)        3758M (92%)        3758M (92%)        3758M (92%)    
[192.755s][info][gc,heap     ] GC(139)      Free:     1918M (47%)        1842M (45%)        3740M (91%)        3974M (97%)        3974M (97%)        1840M (45%)    
[192.755s][info][gc,heap     ] GC(139)      Used:     2178M (53%)        2254M (55%)         356M (9%)          122M (3%)         2256M (55%)         122M (3%)     
[192.755s][info][gc,heap     ] GC(139)      Live:         -                 9M (0%)            9M (0%)            9M (0%)             -                  -          
[192.755s][info][gc,heap     ] GC(139) Allocated:         -                76M (2%)           86M (2%)           90M (2%)             -                  -          
[192.755s][info][gc,heap     ] GC(139)   Garbage:         -              2168M (53%)         260M (6%)           22M (1%)             -                  -          
[192.755s][info][gc,heap     ] GC(139) Reclaimed:         -                  -              1908M (47%)        2146M (52%)            -                  -          
[192.755s][info][gc          ] GC(139) Garbage Collection (Proactive) 2178M(53%)->122M(3%)
[194.130s][info][gc,start    ] GC(140) Garbage Collection (Proactive)
[194.130s][info][gc,task     ] GC(140) Using 12 workers
[194.272s][info][gc,phases   ] GC(140) Pause Mark Start 0.016ms
[194.280s][info][gc,phases   ] GC(140) Concurrent Mark 8.042ms
[194.281s][info][gc,phases   ] GC(140) Pause Mark End 0.029ms
[194.281s][info][gc,phases   ] GC(140) Concurrent Mark Free 0.001ms
[194.295s][info][gc,phases   ] GC(140) Concurrent Process Non-Strong References 13.859ms
[194.295s][info][gc,phases   ] GC(140) Concurrent Reset Relocation Set 0.017ms
[194.300s][info][gc,phases   ] GC(140) Concurrent Select Relocation Set 5.329ms
[194.300s][info][gc,phases   ] GC(140) Pause Relocate Start 0.007ms
[194.305s][info][gc,phases   ] GC(140) Concurrent Relocate 4.094ms
[194.305s][info][gc,load     ] GC(140) Load: 0.00/0.00/0.00
[194.305s][info][gc,mmu      ] GC(140) MMU: 2ms/97.7%, 5ms/99.1%, 10ms/99.5%, 20ms/99.8%, 50ms/99.9%, 100ms/99.9%
[194.305s][info][gc,marking  ] GC(140) Mark: 8 stripe(s), 2 proactive flush(es), 1 terminate flush(es), 0 completion(s), 0 continuation(s) 
[194.305s][info][gc,marking  ] GC(140) Mark Stack Usage: 32M
[194.305s][info][gc,nmethod  ] GC(140) NMethods: 2296 registered, 13 unregistered
[194.305s][info][gc,metaspace] GC(140) Metaspace: 13M used, 14M committed, 1088M reserved
[194.305s][info][gc,ref      ] GC(140) Soft: 211 encountered, 0 discovered, 0 enqueued
[194.305s][info][gc,ref      ] GC(140) Weak: 727 encountered, 84 discovered, 0 enqueued
[194.305s][info][gc,ref      ] GC(140) Final: 0 encountered, 0 discovered, 0 enqueued
[194.305s][info][gc,ref      ] GC(140) Phantom: 59 encountered, 38 discovered, 0 enqueued
[194.305s][info][gc,reloc    ] GC(140) Small Pages: 1311 / 2622M, Empty: 2350M, Relocated: 4M, In-Place: 0
[194.305s][info][gc,reloc    ] GC(140) Medium Pages: 0 / 0M, Empty: 0M, Relocated: 0M, In-Place: 0
[194.305s][info][gc,reloc    ] GC(140) Large Pages: 0 / 0M, Empty: 0M, Relocated: 0M, In-Place: 0
[194.305s][info][gc,reloc    ] GC(140) Forwarding Usage: 0M
[194.305s][info][gc,heap     ] GC(140) Min Capacity: 8M(0%)
[194.305s][info][gc,heap     ] GC(140) Max Capacity: 4096M(100%)
[194.305s][info][gc,heap     ] GC(140) Soft Max Capacity: 4096M(100%)
[194.305s][info][gc,heap     ] GC(140)                Mark Start          Mark End        Relocate Start      Relocate End           High               Low         
[194.305s][info][gc,heap     ] GC(140)  Capacity:     3758M (92%)        3758M (92%)        3758M (92%)        3758M (92%)        3758M (92%)        3758M (92%)    
[194.305s][info][gc,heap     ] GC(140)      Free:     1474M (36%)        1388M (34%)        3730M (91%)        3966M (97%)        3966M (97%)        1384M (34%)    
[194.305s][info][gc,heap     ] GC(140)      Used:     2622M (64%)        2708M (66%)         366M (9%)          130M (3%)         2712M (66%)         130M (3%)     
[194.305s][info][gc,heap     ] GC(140)      Live:         -                 9M (0%)            9M (0%)            9M (0%)             -                  -          
[194.305s][info][gc,heap     ] GC(140) Allocated:         -                86M (2%)           94M (2%)           98M (2%)             -                  -          
[194.305s][info][gc,heap     ] GC(140)   Garbage:         -              2612M (64%)         262M (6%)           22M (1%)             -                  -          
[194.305s][info][gc,heap     ] GC(140) Reclaimed:         -                  -              2350M (57%)        2590M (63%)            -                  -          
[194.305s][info][gc          ] GC(140) Garbage Collection (Proactive) 2622M(64%)->130M(3%)
[195.730s][info][gc,start    ] GC(141) Garbage Collection (Allocation Rate)
[195.730s][info][gc,task     ] GC(141) Using 1 workers
[195.730s][info][gc,phases   ] GC(141) Pause Mark Start 0.010ms
[195.751s][info][gc,phases   ] GC(141) Concurrent Mark 20.819ms
[195.752s][info][gc,phases   ] GC(141) Pause Mark End 0.019ms
[195.752s][info][gc,phases   ] GC(141) Concurrent Mark Free 0.001ms
[195.833s][info][gc,phases   ] GC(141) Concurrent Process Non-Strong References 81.377ms
[195.833s][info][gc,phases   ] GC(141) Concurrent Reset Relocation Set 0.018ms
[195.837s][info][gc,phases   ] GC(141) Concurrent Select Relocation Set 3.603ms
[195.837s][info][gc,phases   ] GC(141) Pause Relocate Start 0.013ms
[195.843s][info][gc,phases   ] GC(141) Concurrent Relocate 5.377ms
[195.843s][info][gc,load     ] GC(141) Load: 0.00/0.00/0.00
[195.843s][info][gc,mmu      ] GC(141) MMU: 2ms/97.7%, 5ms/99.1%, 10ms/99.5%, 20ms/99.8%, 50ms/99.9%, 100ms/99.9%
[195.843s][info][gc,marking  ] GC(141) Mark: 1 stripe(s), 2 proactive flush(es), 1 terminate flush(es), 0 completion(s), 0 continuation(s) 
[195.843s][info][gc,marking  ] GC(141) Mark Stack Usage: 32M
[195.843s][info][gc,nmethod  ] GC(141) NMethods: 2296 registered, 13 unregistered
[195.843s][info][gc,metaspace] GC(141) Metaspace: 13M used, 14M committed, 1088M reserved
[195.843s][info][gc,ref      ] GC(141) Soft: 211 encountered, 0 discovered, 0 enqueued
[195.843s][info][gc,ref      ] GC(141) Weak: 727 encountered, 441 discovered, 0 enqueued
[195.843s][info][gc,ref      ] GC(141) Final: 0 encountered, 0 discovered, 0 enqueued
[195.843s][info][gc,ref      ] GC(141) Phantom: 59 encountered, 46 discovered, 0 enqueued
[195.843s][info][gc,reloc    ] GC(141) Small Pages: 1185 / 2370M, Empty: 2096M, Relocated: 5M, In-Place: 0
[195.843s][info][gc,reloc    ] GC(141) Medium Pages: 0 / 0M, Empty: 0M, Relocated: 0M, In-Place: 0
[195.843s][info][gc,reloc    ] GC(141) Large Pages: 0 / 0M, Empty: 0M, Relocated: 0M, In-Place: 0
[195.843s][info][gc,reloc    ] GC(141) Forwarding Usage: 0M
[195.843s][info][gc,heap     ] GC(141) Min Capacity: 8M(0%)
[195.843s][info][gc,heap     ] GC(141) Max Capacity: 4096M(100%)
[195.843s][info][gc,heap     ] GC(141) Soft Max Capacity: 4096M(100%)
[195.843s][info][gc,heap     ] GC(141)                Mark Start          Mark End        Relocate Start      Relocate End           High               Low         
[195.843s][info][gc,heap     ] GC(141)  Capacity:     3758M (92%)        3758M (92%)        3758M (92%)        3758M (92%)        3758M (92%)        3758M (92%)    
[195.843s][info][gc,heap     ] GC(141)      Free:     1726M (42%)        1632M (40%)        3630M (89%)        3880M (95%)        3880M (95%)        1534M (37%)    
[195.843s][info][gc,heap     ] GC(141)      Used:     2370M (58%)        2464M (60%)         466M (11%)         216M (5%)         2562M (63%)         216M (5%)     
[195.843s][info][gc,heap     ] GC(141)      Live:         -                 9M (0%)            9M (0%)            9M (0%)             -                  -          
[195.843s][info][gc,heap     ] GC(141) Allocated:         -                94M (2%)          192M (5%)          204M (5%)             -                  -          
[195.843s][info][gc,heap     ] GC(141)   Garbage:         -              2360M (58%)         264M (6%)            1M (0%)             -                  -          
[195.843s][info][gc,heap     ] GC(141) Reclaimed:         -                  -              2096M (51%)        2358M (58%)            -                  -          
[195.843s][info][gc          ] GC(141) Garbage Collection (Allocation Rate) 2370M(58%)->216M(5%)
[197.331s][info][gc,start    ] GC(142) Garbage Collection (Allocation Rate)
[197.331s][info][gc,task     ] GC(142) Using 1 workers
[197.331s][info][gc,phases   ] GC(142) Pause Mark Start 0.010ms
[197.356s][info][gc,phases   ] GC(142) Concurrent Mark 24.866ms
[197.356s][info][gc,phases   ] GC(142) Pause Mark End 0.020ms
[197.356s][info][gc,phases   ] GC(142) Concurrent Mark Free 0.002ms
[197.435s][info][gc,phases   ] GC(142) Concurrent Process Non-Strong References 79.260ms
[197.435s][info][gc,phases   ] GC(142) Concurrent Reset Relocation Set 0.017ms
[197.439s][info][gc,phases   ] GC(142) Concurrent Select Relocation Set 3.436ms
[197.439s][info][gc,phases   ] GC(142) Pause Relocate Start 0.014ms
[197.443s][info][gc,phases   ] GC(142) Concurrent Relocate 3.638ms
[197.443s][info][gc,load     ] GC(142) Load: 0.00/0.00/0.00
[197.443s][info][gc,mmu      ] GC(142) MMU: 2ms/97.7%, 5ms/99.1%, 10ms/99.5%, 20ms/99.8%, 50ms/99.9%, 100ms/99.9%
[197.443s][info][gc,marking  ] GC(142) Mark: 1 stripe(s), 2 proactive flush(es), 1 terminate flush(es), 0 completion(s), 0 continuation(s) 
[197.443s][info][gc,marking  ] GC(142) Mark Stack Usage: 32M
[197.443s][info][gc,nmethod  ] GC(142) NMethods: 2296 registered, 13 unregistered
[197.443s][info][gc,metaspace] GC(142) Metaspace: 13M used, 14M committed, 1088M reserved
[197.443s][info][gc,ref      ] GC(142) Soft: 211 encountered, 0 discovered, 0 enqueued
[197.443s][info][gc,ref      ] GC(142) Weak: 727 encountered, 441 discovered, 0 enqueued
[197.443s][info][gc,ref      ] GC(142) Final: 0 encountered, 0 discovered, 0 enqueued
[197.443s][info][gc,ref      ] GC(142) Phantom: 59 encountered, 46 discovered, 0 enqueued
[197.443s][info][gc,reloc    ] GC(142) Small Pages: 1379 / 2758M, Empty: 2490M, Relocated: 3M, In-Place: 0
[197.443s][info][gc,reloc    ] GC(142) Medium Pages: 0 / 0M, Empty: 0M, Relocated: 0M, In-Place: 0
[197.443s][info][gc,reloc    ] GC(142) Large Pages: 0 / 0M, Empty: 0M, Relocated: 0M, In-Place: 0
[197.443s][info][gc,reloc    ] GC(142) Forwarding Usage: 0M
[197.443s][info][gc,heap     ] GC(142) Min Capacity: 8M(0%)
[197.443s][info][gc,heap     ] GC(142) Max Capacity: 4096M(100%)
[197.443s][info][gc,heap     ] GC(142) Soft Max Capacity: 4096M(100%)
[197.443s][info][gc,heap     ] GC(142)                Mark Start          Mark End        Relocate Start      Relocate End           High               Low         
[197.443s][info][gc,heap     ] GC(142)  Capacity:     3758M (92%)        3758M (92%)        3758M (92%)        3758M (92%)        3758M (92%)        3758M (92%)    
[197.443s][info][gc,heap     ] GC(142)      Free:     1338M (33%)        1244M (30%)        3624M (88%)        3848M (94%)        3848M (94%)        1138M (28%)    
[197.443s][info][gc,heap     ] GC(142)      Used:     2758M (67%)        2852M (70%)         472M (12%)         248M (6%)         2958M (72%)         248M (6%)     
[197.443s][info][gc,heap     ] GC(142)      Live:         -                 9M (0%)            9M (0%)            9M (0%)             -                  -          
[197.443s][info][gc,heap     ] GC(142) Allocated:         -                94M (2%)          204M (5%)          236M (6%)             -                  -          
[197.443s][info][gc,heap     ] GC(142)   Garbage:         -              2748M (67%)         258M (6%)            1M (0%)             -                  -          
[197.443s][info][gc,heap     ] GC(142) Reclaimed:         -                  -              2490M (61%)        2746M (67%)            -                  -          
[197.443s][info][gc          ] GC(142) Garbage Collection (Allocation Rate) 2758M(67%)->248M(6%)
[199.329s][info][gc,start    ] GC(143) Garbage Collection (Allocation Rate)
[199.329s][info][gc,task     ] GC(143) Using 1 workers
[199.330s][info][gc,phases   ] GC(143) Pause Mark Start 0.013ms
[199.356s][info][gc,phases   ] GC(143) Concurrent Mark 26.137ms
[199.356s][info][gc,phases   ] GC(143) Pause Mark End 0.017ms
[199.356s][info][gc,phases   ] GC(143) Concurrent Mark Free 0.001ms
[199.448s][info][gc,phases   ] GC(143) Concurrent Process Non-Strong References 92.286ms
[199.448s][info][gc,phases   ] GC(143) Concurrent Reset Relocation Set 0.016ms
[199.452s][info][gc,phases   ] GC(143) Concurrent Select Relocation Set 3.669ms
[199.452s][info][gc,phases   ] GC(143) Pause Relocate Start 0.008ms
[199.453s][info][gc,phases   ] GC(143) Concurrent Relocate 0.665ms
[199.453s][info][gc,load     ] GC(143) Load: 0.00/0.00/0.00
[199.453s][info][gc,mmu      ] GC(143) MMU: 2ms/97.7%, 5ms/99.1%, 10ms/99.5%, 20ms/99.8%, 50ms/99.9%, 100ms/99.9%
[199.453s][info][gc,marking  ] GC(143) Mark: 1 stripe(s), 2 proactive flush(es), 1 terminate flush(es), 0 completion(s), 0 continuation(s) 
[199.453s][info][gc,marking  ] GC(143) Mark Stack Usage: 32M
[199.453s][info][gc,nmethod  ] GC(143) NMethods: 2296 registered, 13 unregistered
[199.453s][info][gc,metaspace] GC(143) Metaspace: 13M used, 14M committed, 1088M reserved
[199.453s][info][gc,ref      ] GC(143) Soft: 211 encountered, 0 discovered, 0 enqueued
[199.453s][info][gc,ref      ] GC(143) Weak: 727 encountered, 441 discovered, 0 enqueued
[199.453s][info][gc,ref      ] GC(143) Final: 0 encountered, 0 discovered, 0 enqueued
[199.453s][info][gc,ref      ] GC(143) Phantom: 59 encountered, 46 discovered, 0 enqueued
[199.453s][info][gc,reloc    ] GC(143) Small Pages: 1655 / 3310M, Empty: 3030M, Relocated: 1M, In-Place: 0
[199.453s][info][gc,reloc    ] GC(143) Medium Pages: 0 / 0M, Empty: 0M, Relocated: 0M, In-Place: 0
[199.453s][info][gc,reloc    ] GC(143) Large Pages: 0 / 0M, Empty: 0M, Relocated: 0M, In-Place: 0
[199.453s][info][gc,reloc    ] GC(143) Forwarding Usage: 0M
[199.453s][info][gc,heap     ] GC(143) Min Capacity: 8M(0%)
[199.453s][info][gc,heap     ] GC(143) Max Capacity: 4096M(100%)
[199.453s][info][gc,heap     ] GC(143) Soft Max Capacity: 4096M(100%)
[199.453s][info][gc,heap     ] GC(143)                Mark Start          Mark End        Relocate Start      Relocate End           High               Low         
[199.453s][info][gc,heap     ] GC(143)  Capacity:     3758M (92%)        3758M (92%)        3758M (92%)        3758M (92%)        3758M (92%)        3758M (92%)    
[199.453s][info][gc,heap     ] GC(143)      Free:      786M (19%)         690M (17%)        3546M (87%)        3804M (93%)        3804M (93%)         526M (13%)    
[199.453s][info][gc,heap     ] GC(143)      Used:     3310M (81%)        3406M (83%)         550M (13%)         292M (7%)         3570M (87%)         292M (7%)     
[199.453s][info][gc,heap     ] GC(143)      Live:         -                10M (0%)           10M (0%)           10M (0%)             -                  -          
[199.453s][info][gc,heap     ] GC(143) Allocated:         -                96M (2%)          270M (7%)          278M (7%)             -                  -          
[199.453s][info][gc,heap     ] GC(143)   Garbage:         -              3299M (81%)         269M (7%)            3M (0%)             -                  -          
[199.453s][info][gc,heap     ] GC(143) Reclaimed:         -                  -              3030M (74%)        3296M (80%)            -                  -          
[199.453s][info][gc          ] GC(143) Garbage Collection (Allocation Rate) 3310M(81%)->292M(7%)
[200.130s][info][gc,stats    ] === Garbage Collection Statistics =======================================================================================================================
[200.130s][info][gc,stats    ]                                                              Last 10s              Last 10m              Last 10h                Total
[200.130s][info][gc,stats    ]                                                              Avg / Max             Avg / Max             Avg / Max             Avg / Max
[200.130s][info][gc,stats    ]   Collector: Garbage Collection Cycle                     83.918 / 174.413      70.660 / 587.803      70.660 / 587.803      70.660 / 587.803     ms
[200.130s][info][gc,stats    ]  Contention: Mark Segment Reset Contention                     1 / 11                1 / 26                1 / 26                1 / 26          ops/s
[200.130s][info][gc,stats    ]  Contention: Mark SeqNum Reset Contention                      0 / 1                 0 / 3                 0 / 3                 0 / 3           ops/s
[200.130s][info][gc,stats    ]    Critical: Allocation Stall                                  0 / 0                 0 / 0                 0 / 0                 0 / 0           ops/s
[200.130s][info][gc,stats    ]    Critical: Allocation Stall                              0.000 / 0.000         0.000 / 0.000         0.000 / 0.000         0.000 / 0.000       ms
[200.130s][info][gc,stats    ]    Critical: GC Locker Stall                                   0 / 0                 0 / 0                 0 / 0                 0 / 0           ops/s
[200.130s][info][gc,stats    ]    Critical: GC Locker Stall                               0.000 / 0.000         0.000 / 0.000         0.000 / 0.000         0.000 / 0.000       ms
[200.130s][info][gc,stats    ]    Critical: Relocation Stall                                  0 / 0                 0 / 0                 0 / 0                 0 / 0           ops/s
[200.130s][info][gc,stats    ]    Critical: Relocation Stall                              0.000 / 0.000         0.000 / 0.000         0.000 / 0.000         0.000 / 0.000       ms
[200.130s][info][gc,stats    ]      Memory: Allocation Rate                                1716 / 1898           1964 / 2208           1964 / 2208           1964 / 2208        MB/s
[200.130s][info][gc,stats    ]      Memory: Defragment                                        0 / 0                 0 / 0                 0 / 0                 0 / 0           ops/s
[200.130s][info][gc,stats    ]      Memory: Out Of Memory                                     0 / 0                 0 / 0                 0 / 0                 0 / 0           ops/s
[200.130s][info][gc,stats    ]      Memory: Page Cache Flush                                  0 / 0                 0 / 0                 0 / 0                 0 / 0           MB/s
[200.130s][info][gc,stats    ]      Memory: Page Cache Hit L1                               863 / 950             977 / 1107            977 / 1107            977 / 1107        ops/s
[200.130s][info][gc,stats    ]      Memory: Page Cache Hit L2                                 0 / 0                 0 / 0                 0 / 0                 0 / 0           ops/s
[200.130s][info][gc,stats    ]      Memory: Page Cache Hit L3                                 0 / 0                 5 / 448               5 / 448               5 / 448         ops/s
[200.130s][info][gc,stats    ]      Memory: Page Cache Miss                                   0 / 0                 4 / 471               4 / 471               4 / 471         ops/s
[200.130s][info][gc,stats    ]      Memory: Uncommit                                          0 / 0                 0 / 0                 0 / 0                 0 / 0           MB/s
[200.130s][info][gc,stats    ]      Memory: Undo Object Allocation Failed                     0 / 2                 0 / 5                 0 / 5                 0 / 5           ops/s
[200.130s][info][gc,stats    ]      Memory: Undo Object Allocation Succeeded                 21 / 51               20 / 124              20 / 124              20 / 124         ops/s
[200.130s][info][gc,stats    ]      Memory: Undo Page Allocation                              1 / 3                 0 / 23                0 / 23                0 / 23          ops/s
[200.130s][info][gc,stats    ]       Phase: Concurrent Mark                              13.799 / 26.137       21.227 / 549.801      21.227 / 549.801      21.227 / 549.801     ms
[200.130s][info][gc,stats    ]       Phase: Concurrent Mark Continue                      0.000 / 0.000         0.000 / 0.000         0.000 / 0.000         0.000 / 0.000       ms
[200.130s][info][gc,stats    ]       Phase: Concurrent Mark Free                          0.001 / 0.002         0.001 / 0.008         0.001 / 0.008         0.001 / 0.008       ms
[200.130s][info][gc,stats    ]       Phase: Concurrent Process Non-Strong References     41.507 / 92.286       34.777 / 92.286       34.777 / 92.286       34.777 / 92.286      ms
[200.131s][info][gc,stats    ]       Phase: Concurrent Relocate                           2.989 / 5.377         2.659 / 6.016         2.659 / 6.016         2.659 / 6.016       ms
[200.131s][info][gc,stats    ]       Phase: Concurrent Reset Relocation Set               0.015 / 0.022         0.015 / 0.025         0.015 / 0.025         0.015 / 0.025       ms
[200.131s][info][gc,stats    ]       Phase: Concurrent Select Relocation Set              4.215 / 5.368         4.854 / 22.887        4.854 / 22.887        4.854 / 22.887      ms
[200.131s][info][gc,stats    ]       Phase: Pause Mark End                                0.020 / 0.029         0.019 / 0.046         0.019 / 0.046         0.019 / 0.046       ms
[200.131s][info][gc,stats    ]       Phase: Pause Mark Start                              0.013 / 0.016         0.013 / 0.021         0.013 / 0.021         0.013 / 0.021       ms
[200.131s][info][gc,stats    ]       Phase: Pause Relocate Start                          0.009 / 0.014         0.008 / 0.019         0.008 / 0.019         0.008 / 0.019       ms
[200.131s][info][gc,stats    ]    Subphase: Concurrent Classes Purge                      0.006 / 0.011         0.040 / 3.013         0.040 / 3.013         0.040 / 3.013       ms
[200.131s][info][gc,stats    ]    Subphase: Concurrent Classes Unlink                     2.759 / 5.998         3.028 / 7.490         3.028 / 7.490         3.028 / 7.490       ms
[200.131s][info][gc,stats    ]    Subphase: Concurrent Mark                               5.821 / 24.963        8.538 / 109.674       8.538 / 109.674       8.538 / 109.674     ms
[200.131s][info][gc,stats    ]    Subphase: Concurrent Mark Try Flush                     0.116 / 0.236         0.524 / 80.074        0.524 / 80.074        0.524 / 80.074      ms
[200.131s][info][gc,stats    ]    Subphase: Concurrent Mark Try Terminate                 1.203 / 1.885         2.216 / 15.651        2.216 / 15.651        2.216 / 15.651      ms
[200.131s][info][gc,stats    ]    Subphase: Concurrent References Enqueue                 0.001 / 0.005         0.001 / 0.007         0.001 / 0.007         0.001 / 0.007       ms
[200.131s][info][gc,stats    ]    Subphase: Concurrent References Process                 0.086 / 0.196         0.090 / 0.196         0.090 / 0.196         0.090 / 0.196       ms
[200.131s][info][gc,stats    ]    Subphase: Concurrent Roots ClassLoaderDataGraph         0.081 / 0.465         0.079 / 0.923         0.079 / 0.923         0.079 / 0.923       ms
[200.131s][info][gc,stats    ]    Subphase: Concurrent Roots CodeCache                    0.000 / 0.000         0.000 / 0.000         0.000 / 0.000         0.000 / 0.000       ms
[200.131s][info][gc,stats    ]    Subphase: Concurrent Roots JavaThreads                  0.214 / 1.018         0.851 / 473.279       0.851 / 473.279       0.851 / 473.279     ms
[200.131s][info][gc,stats    ]    Subphase: Concurrent Roots OopStorageSet                0.046 / 0.281         0.067 / 1.317         0.067 / 1.317         0.067 / 1.317       ms
[200.131s][info][gc,stats    ]    Subphase: Concurrent Weak Roots OopStorageSet          12.734 / 85.994       10.197 / 85.994       10.197 / 85.994       10.197 / 85.994      ms
[200.131s][info][gc,stats    ]    Subphase: Pause Mark Try Complete                       0.000 / 0.000         0.004 / 0.007         0.004 / 0.007         0.004 / 0.007       ms
[200.131s][info][gc,stats    ]      System: Java Threads                                     60 / 60               53 / 73               53 / 73               53 / 73          threads
[200.131s][info][gc,stats    ] =========================================================================================================================================================
[201.029s][info][gc,start    ] GC(144) Garbage Collection (Allocation Rate)
[201.029s][info][gc,task     ] GC(144) Using 1 workers
[201.029s][info][gc,phases   ] GC(144) Pause Mark Start 0.011ms
[201.050s][info][gc,phases   ] GC(144) Concurrent Mark 20.783ms
[201.050s][info][gc,phases   ] GC(144) Pause Mark End 0.016ms
[201.051s][info][gc,phases   ] GC(144) Concurrent Mark Free 0.001ms
[201.127s][info][gc,phases   ] GC(144) Concurrent Process Non-Strong References 76.662ms
[201.127s][info][gc,phases   ] GC(144) Concurrent Reset Relocation Set 0.014ms
[201.131s][info][gc,phases   ] GC(144) Concurrent Select Relocation Set 3.422ms
[201.131s][info][gc,phases   ] GC(144) Pause Relocate Start 0.008ms
[201.132s][info][gc,phases   ] GC(144) Concurrent Relocate 0.818ms
[201.132s][info][gc,load     ] GC(144) Load: 0.00/0.00/0.00
[201.132s][info][gc,mmu      ] GC(144) MMU: 2ms/97.7%, 5ms/99.1%, 10ms/99.5%, 20ms/99.8%, 50ms/99.9%, 100ms/99.9%
[201.132s][info][gc,marking  ] GC(144) Mark: 1 stripe(s), 2 proactive flush(es), 1 terminate flush(es), 0 completion(s), 0 continuation(s) 
[201.132s][info][gc,marking  ] GC(144) Mark Stack Usage: 32M
[201.132s][info][gc,nmethod  ] GC(144) NMethods: 2296 registered, 13 unregistered
[201.132s][info][gc,metaspace] GC(144) Metaspace: 13M used, 14M committed, 1088M reserved
[201.132s][info][gc,ref      ] GC(144) Soft: 211 encountered, 0 discovered, 0 enqueued
[201.132s][info][gc,ref      ] GC(144) Weak: 727 encountered, 166 discovered, 0 enqueued
[201.132s][info][gc,ref      ] GC(144) Final: 0 encountered, 0 discovered, 0 enqueued
[201.132s][info][gc,ref      ] GC(144) Phantom: 59 encountered, 34 discovered, 0 enqueued
[201.132s][info][gc,reloc    ] GC(144) Small Pages: 1649 / 3298M, Empty: 3028M, Relocated: 2M, In-Place: 0
[201.132s][info][gc,reloc    ] GC(144) Medium Pages: 0 / 0M, Empty: 0M, Relocated: 0M, In-Place: 0
[201.132s][info][gc,reloc    ] GC(144) Large Pages: 0 / 0M, Empty: 0M, Relocated: 0M, In-Place: 0
[201.132s][info][gc,reloc    ] GC(144) Forwarding Usage: 0M
[201.132s][info][gc,heap     ] GC(144) Min Capacity: 8M(0%)
[201.132s][info][gc,heap     ] GC(144) Max Capacity: 4096M(100%)
[201.132s][info][gc,heap     ] GC(144) Soft Max Capacity: 4096M(100%)
[201.132s][info][gc,heap     ] GC(144)                Mark Start          Mark End        Relocate Start      Relocate End           High               Low         
[201.132s][info][gc,heap     ] GC(144)  Capacity:     3758M (92%)        3758M (92%)        3758M (92%)        3758M (92%)        3758M (92%)        3758M (92%)    
[201.132s][info][gc,heap     ] GC(144)      Free:      798M (19%)         704M (17%)        3576M (87%)        3820M (93%)        3820M (93%)         566M (14%)    
[201.132s][info][gc,heap     ] GC(144)      Used:     3298M (81%)        3392M (83%)         520M (13%)         276M (7%)         3530M (86%)         276M (7%)     
[201.132s][info][gc,heap     ] GC(144)      Live:         -                10M (0%)           10M (0%)           10M (0%)             -                  -          
[201.132s][info][gc,heap     ] GC(144) Allocated:         -                94M (2%)          250M (6%)          262M (6%)             -                  -          
[201.132s][info][gc,heap     ] GC(144)   Garbage:         -              3287M (80%)         259M (6%)            3M (0%)             -                  -          
[201.132s][info][gc,heap     ] GC(144) Reclaimed:         -                  -              3028M (74%)        3284M (80%)            -                  -          
[201.132s][info][gc          ] GC(144) Garbage Collection (Allocation Rate) 3298M(81%)->276M(7%)
[202.744s][info][gc,start    ] GC(145) Garbage Collection (System.gc())
[202.744s][info][gc,task     ] GC(145) Using 12 workers
[202.744s][info][gc,phases   ] GC(145) Pause Mark Start 0.019ms
[202.750s][info][gc,phases   ] GC(145) Concurrent Mark 5.952ms
[202.750s][info][gc,phases   ] GC(145) Pause Mark End 0.020ms
[202.751s][info][gc,phases   ] GC(145) Concurrent Mark Free 0.001ms
[202.763s][info][gc,phases   ] GC(145) Concurrent Process Non-Strong References 12.681ms
[202.763s][info][gc,phases   ] GC(145) Concurrent Reset Relocation Set 0.014ms
[202.767s][info][gc,phases   ] GC(145) Concurrent Select Relocation Set 4.067ms
[202.768s][info][gc,phases   ] GC(145) Pause Relocate Start 0.008ms
[202.771s][info][gc,phases   ] GC(145) Concurrent Relocate 3.878ms
[202.772s][info][gc,load     ] GC(145) Load: 0.00/0.00/0.00
[202.772s][info][gc,mmu      ] GC(145) MMU: 2ms/97.7%, 5ms/99.1%, 10ms/99.5%, 20ms/99.8%, 50ms/99.9%, 100ms/99.9%
[202.772s][info][gc,marking  ] GC(145) Mark: 8 stripe(s), 3 proactive flush(es), 1 terminate flush(es), 0 completion(s), 0 continuation(s) 
[202.772s][info][gc,marking  ] GC(145) Mark Stack Usage: 32M
[202.772s][info][gc,nmethod  ] GC(145) NMethods: 2296 registered, 13 unregistered
[202.772s][info][gc,metaspace] GC(145) Metaspace: 13M used, 14M committed, 1088M reserved
[202.772s][info][gc,ref      ] GC(145) Soft: 211 encountered, 0 discovered, 0 enqueued
[202.772s][info][gc,ref      ] GC(145) Weak: 627 encountered, 93 discovered, 0 enqueued
[202.772s][info][gc,ref      ] GC(145) Final: 0 encountered, 0 discovered, 0 enqueued
[202.772s][info][gc,ref      ] GC(145) Phantom: 59 encountered, 51 discovered, 0 enqueued
[202.772s][info][gc,reloc    ] GC(145) Small Pages: 1670 / 3340M, Empty: 3276M, Relocated: 3M, In-Place: 0
[202.772s][info][gc,reloc    ] GC(145) Medium Pages: 0 / 0M, Empty: 0M, Relocated: 0M, In-Place: 0
[202.772s][info][gc,reloc    ] GC(145) Large Pages: 0 / 0M, Empty: 0M, Relocated: 0M, In-Place: 0
[202.772s][info][gc,reloc    ] GC(145) Forwarding Usage: 1M
[202.772s][info][gc,heap     ] GC(145) Min Capacity: 8M(0%)
[202.772s][info][gc,heap     ] GC(145) Max Capacity: 4096M(100%)
[202.772s][info][gc,heap     ] GC(145) Soft Max Capacity: 4096M(100%)
[202.772s][info][gc,heap     ] GC(145)                Mark Start          Mark End        Relocate Start      Relocate End           High               Low         
[202.772s][info][gc,heap     ] GC(145)  Capacity:     3758M (92%)        3758M (92%)        3758M (92%)        3758M (92%)        3758M (92%)        3758M (92%)    
[202.772s][info][gc,heap     ] GC(145)      Free:      756M (18%)         756M (18%)        4032M (98%)        4068M (99%)        4068M (99%)         756M (18%)    
[202.772s][info][gc,heap     ] GC(145)      Used:     3340M (82%)        3340M (82%)          64M (2%)           28M (1%)         3340M (82%)          28M (1%)     
[202.772s][info][gc,heap     ] GC(145)      Live:         -                 6M (0%)            6M (0%)            6M (0%)             -                  -          
[202.772s][info][gc,heap     ] GC(145) Allocated:         -                 0M (0%)            0M (0%)            0M (0%)             -                  -          
[202.772s][info][gc,heap     ] GC(145)   Garbage:         -              3333M (81%)          57M (1%)           21M (1%)             -                  -          
[202.772s][info][gc,heap     ] GC(145) Reclaimed:         -                  -              3276M (80%)        3312M (81%)            -                  -          
[202.772s][info][gc          ] GC(145) Garbage Collection (System.gc()) 3340M(82%)->28M(1%)
[204.131s][info][gc,start    ] GC(146) Garbage Collection (Allocation Rate)
[204.131s][info][gc,task     ] GC(146) Using 1 workers
[204.131s][info][gc,phases   ] GC(146) Pause Mark Start 0.010ms
[204.155s][info][gc,phases   ] GC(146) Concurrent Mark 24.204ms
[204.155s][info][gc,phases   ] GC(146) Pause Mark End 0.017ms
[204.156s][info][gc,phases   ] GC(146) Concurrent Mark Free 0.001ms
[204.232s][info][gc,phases   ] GC(146) Concurrent Process Non-Strong References 76.093ms
[204.232s][info][gc,phases   ] GC(146) Concurrent Reset Relocation Set 0.006ms
[204.235s][info][gc,phases   ] GC(146) Concurrent Select Relocation Set 3.463ms
[204.236s][info][gc,phases   ] GC(146) Pause Relocate Start 0.009ms
[204.237s][info][gc,phases   ] GC(146) Concurrent Relocate 1.356ms
[204.237s][info][gc,load     ] GC(146) Load: 0.00/0.00/0.00
[204.237s][info][gc,mmu      ] GC(146) MMU: 2ms/97.7%, 5ms/99.1%, 10ms/99.5%, 20ms/99.8%, 50ms/99.9%, 100ms/99.9%
[204.237s][info][gc,marking  ] GC(146) Mark: 1 stripe(s), 2 proactive flush(es), 1 terminate flush(es), 0 completion(s), 0 continuation(s) 
[204.237s][info][gc,marking  ] GC(146) Mark Stack Usage: 32M
[204.237s][info][gc,nmethod  ] GC(146) NMethods: 2296 registered, 13 unregistered
[204.237s][info][gc,metaspace] GC(146) Metaspace: 13M used, 14M committed, 1088M reserved
[204.237s][info][gc,ref      ] GC(146) Soft: 211 encountered, 0 discovered, 0 enqueued
[204.237s][info][gc,ref      ] GC(146) Weak: 723 encountered, 439 discovered, 0 enqueued
[204.237s][info][gc,ref      ] GC(146) Final: 0 encountered, 0 discovered, 0 enqueued
[204.237s][info][gc,ref      ] GC(146) Phantom: 59 encountered, 46 discovered, 0 enqueued
[204.237s][info][gc,reloc    ] GC(146) Small Pages: 1437 / 2874M, Empty: 2618M, Relocated: 2M, In-Place: 0
[204.237s][info][gc,reloc    ] GC(146) Medium Pages: 0 / 0M, Empty: 0M, Relocated: 0M, In-Place: 0
[204.237s][info][gc,reloc    ] GC(146) Large Pages: 0 / 0M, Empty: 0M, Relocated: 0M, In-Place: 0
[204.237s][info][gc,reloc    ] GC(146) Forwarding Usage: 0M
[204.237s][info][gc,heap     ] GC(146) Min Capacity: 8M(0%)
[204.237s][info][gc,heap     ] GC(146) Max Capacity: 4096M(100%)
[204.237s][info][gc,heap     ] GC(146) Soft Max Capacity: 4096M(100%)
[204.237s][info][gc,heap     ] GC(146)                Mark Start          Mark End        Relocate Start      Relocate End           High               Low         
[204.237s][info][gc,heap     ] GC(146)  Capacity:     3758M (92%)        3758M (92%)        3758M (92%)        3758M (92%)        3758M (92%)        3758M (92%)    
[204.237s][info][gc,heap     ] GC(146)      Free:     1222M (30%)        1130M (28%)        3558M (87%)        3802M (93%)        3802M (93%)         948M (23%)    
[204.237s][info][gc,heap     ] GC(146)      Used:     2874M (70%)        2966M (72%)         538M (13%)         294M (7%)         3148M (77%)         294M (7%)     
[204.237s][info][gc,heap     ] GC(146)      Live:         -                 8M (0%)            8M (0%)            8M (0%)             -                  -          
[204.237s][info][gc,heap     ] GC(146) Allocated:         -                92M (2%)          282M (7%)          282M (7%)             -                  -          
[204.237s][info][gc,heap     ] GC(146)   Garbage:         -              2865M (70%)         247M (6%)            2M (0%)             -                  -          
[204.237s][info][gc,heap     ] GC(146) Reclaimed:         -                  -              2618M (64%)        2862M (70%)            -                  -          
[204.237s][info][gc          ] GC(146) Garbage Collection (Allocation Rate) 2874M(70%)->294M(7%)
[205.630s][info][gc,start    ] GC(147) Garbage Collection (Allocation Rate)
[205.630s][info][gc,task     ] GC(147) Using 1 workers
[205.631s][info][gc,phases   ] GC(147) Pause Mark Start 0.011ms
[205.650s][info][gc,phases   ] GC(147) Concurrent Mark 19.250ms
[205.650s][info][gc,phases   ] GC(147) Pause Mark End 0.017ms
[205.650s][info][gc,phases   ] GC(147) Concurrent Mark Free 0.002ms
[205.870s][info][gc,phases   ] GC(147) Concurrent Process Non-Strong References 220.058ms
[205.871s][info][gc,phases   ] GC(147) Concurrent Reset Relocation Set 0.016ms
[205.874s][info][gc,phases   ] GC(147) Concurrent Select Relocation Set 3.639ms
[205.887s][info][gc,phases   ] GC(147) Pause Relocate Start 0.010ms
[205.889s][info][gc,phases   ] GC(147) Concurrent Relocate 1.966ms
[205.889s][info][gc,load     ] GC(147) Load: 0.00/0.00/0.00
[205.889s][info][gc,mmu      ] GC(147) MMU: 2ms/97.7%, 5ms/99.1%, 10ms/99.5%, 20ms/99.8%, 50ms/99.9%, 100ms/99.9%
[205.889s][info][gc,marking  ] GC(147) Mark: 1 stripe(s), 2 proactive flush(es), 1 terminate flush(es), 0 completion(s), 0 continuation(s) 
[205.889s][info][gc,marking  ] GC(147) Mark Stack Usage: 32M
[205.889s][info][gc,nmethod  ] GC(147) NMethods: 2296 registered, 13 unregistered
[205.889s][info][gc,metaspace] GC(147) Metaspace: 13M used, 14M committed, 1088M reserved
[205.889s][info][gc,ref      ] GC(147) Soft: 211 encountered, 0 discovered, 0 enqueued
[205.889s][info][gc,ref      ] GC(147) Weak: 723 encountered, 439 discovered, 0 enqueued
[205.889s][info][gc,ref      ] GC(147) Final: 0 encountered, 0 discovered, 0 enqueued
[205.889s][info][gc,ref      ] GC(147) Phantom: 59 encountered, 46 discovered, 0 enqueued
[205.889s][info][gc,reloc    ] GC(147) Small Pages: 1530 / 3060M, Empty: 2792M, Relocated: 3M, In-Place: 0
[205.889s][info][gc,reloc    ] GC(147) Medium Pages: 0 / 0M, Empty: 0M, Relocated: 0M, In-Place: 0
[205.889s][info][gc,reloc    ] GC(147) Large Pages: 0 / 0M, Empty: 0M, Relocated: 0M, In-Place: 0
[205.889s][info][gc,reloc    ] GC(147) Forwarding Usage: 0M
[205.889s][info][gc,heap     ] GC(147) Min Capacity: 8M(0%)
[205.889s][info][gc,heap     ] GC(147) Max Capacity: 4096M(100%)
[205.889s][info][gc,heap     ] GC(147) Soft Max Capacity: 4096M(100%)
[205.889s][info][gc,heap     ] GC(147)                Mark Start          Mark End        Relocate Start      Relocate End           High               Low         
[205.889s][info][gc,heap     ] GC(147)  Capacity:     3758M (92%)        3758M (92%)        3758M (92%)        3758M (92%)        3758M (92%)        3758M (92%)    
[205.889s][info][gc,heap     ] GC(147)      Free:     1036M (25%)         942M (23%)        3284M (80%)        3534M (86%)        3534M (86%)         500M (12%)    
[205.889s][info][gc,heap     ] GC(147)      Used:     3060M (75%)        3154M (77%)         812M (20%)         562M (14%)        3596M (88%)         562M (14%)    
[205.889s][info][gc,heap     ] GC(147)      Live:         -                 9M (0%)            9M (0%)            9M (0%)             -                  -          
[205.889s][info][gc,heap     ] GC(147) Allocated:         -                94M (2%)          544M (13%)         550M (13%)            -                  -          
[205.889s][info][gc,heap     ] GC(147)   Garbage:         -              3050M (74%)         258M (6%)            2M (0%)             -                  -          
[205.889s][info][gc,heap     ] GC(147) Reclaimed:         -                  -              2792M (68%)        3048M (74%)            -                  -          
[205.889s][info][gc          ] GC(147) Garbage Collection (Allocation Rate) 3060M(75%)->562M(14%)
[206.930s][info][gc,start    ] GC(148) Garbage Collection (Allocation Rate)
[206.930s][info][gc,task     ] GC(148) Using 1 workers
[206.931s][info][gc,phases   ] GC(148) Pause Mark Start 0.010ms
[206.948s][info][gc,phases   ] GC(148) Concurrent Mark 17.556ms
[206.948s][info][gc,phases   ] GC(148) Pause Mark End 0.018ms
[206.949s][info][gc,phases   ] GC(148) Concurrent Mark Free 0.001ms
[207.031s][info][gc,phases   ] GC(148) Concurrent Process Non-Strong References 82.482ms
[207.031s][info][gc,phases   ] GC(148) Concurrent Reset Relocation Set 0.014ms
[207.035s][info][gc,phases   ] GC(148) Concurrent Select Relocation Set 3.510ms
[207.035s][info][gc,phases   ] GC(148) Pause Relocate Start 0.009ms
[207.037s][info][gc,phases   ] GC(148) Concurrent Relocate 1.766ms
[207.037s][info][gc,load     ] GC(148) Load: 0.00/0.00/0.00
[207.037s][info][gc,mmu      ] GC(148) MMU: 2ms/97.7%, 5ms/99.1%, 10ms/99.5%, 20ms/99.8%, 50ms/99.9%, 100ms/99.9%
[207.037s][info][gc,marking  ] GC(148) Mark: 1 stripe(s), 2 proactive flush(es), 1 terminate flush(es), 0 completion(s), 0 continuation(s) 
[207.037s][info][gc,marking  ] GC(148) Mark Stack Usage: 32M
[207.037s][info][gc,nmethod  ] GC(148) NMethods: 2296 registered, 13 unregistered
[207.037s][info][gc,metaspace] GC(148) Metaspace: 13M used, 14M committed, 1088M reserved
[207.037s][info][gc,ref      ] GC(148) Soft: 211 encountered, 0 discovered, 0 enqueued
[207.037s][info][gc,ref      ] GC(148) Weak: 723 encountered, 439 discovered, 0 enqueued
[207.037s][info][gc,ref      ] GC(148) Final: 0 encountered, 0 discovered, 0 enqueued
[207.037s][info][gc,ref      ] GC(148) Phantom: 59 encountered, 46 discovered, 0 enqueued
[207.037s][info][gc,reloc    ] GC(148) Small Pages: 1375 / 2750M, Empty: 2492M, Relocated: 3M, In-Place: 0
[207.037s][info][gc,reloc    ] GC(148) Medium Pages: 0 / 0M, Empty: 0M, Relocated: 0M, In-Place: 0
[207.037s][info][gc,reloc    ] GC(148) Large Pages: 0 / 0M, Empty: 0M, Relocated: 0M, In-Place: 0
[207.037s][info][gc,reloc    ] GC(148) Forwarding Usage: 0M
[207.037s][info][gc,heap     ] GC(148) Min Capacity: 8M(0%)
[207.037s][info][gc,heap     ] GC(148) Max Capacity: 4096M(100%)
[207.037s][info][gc,heap     ] GC(148) Soft Max Capacity: 4096M(100%)
[207.037s][info][gc,heap     ] GC(148)                Mark Start          Mark End        Relocate Start      Relocate End           High               Low         
[207.037s][info][gc,heap     ] GC(148)  Capacity:     3758M (92%)        3758M (92%)        3758M (92%)        3758M (92%)        3758M (92%)        3758M (92%)    
[207.037s][info][gc,heap     ] GC(148)      Free:     1346M (33%)        1250M (31%)        3552M (87%)        3800M (93%)        3800M (93%)        1072M (26%)    
[207.037s][info][gc,heap     ] GC(148)      Used:     2750M (67%)        2846M (69%)         544M (13%)         296M (7%)         3024M (74%)         296M (7%)     
[207.037s][info][gc,heap     ] GC(148)      Live:         -                 9M (0%)            9M (0%)            9M (0%)             -                  -          
[207.037s][info][gc,heap     ] GC(148) Allocated:         -                96M (2%)          286M (7%)          284M (7%)             -                  -          
[207.037s][info][gc,heap     ] GC(148)   Garbage:         -              2740M (67%)         248M (6%)            2M (0%)             -                  -          
[207.037s][info][gc,heap     ] GC(148) Reclaimed:         -                  -              2492M (61%)        2738M (67%)            -                  -          
[207.037s][info][gc          ] GC(148) Garbage Collection (Allocation Rate) 2750M(67%)->296M(7%)
[208.429s][info][gc,start    ] GC(149) Garbage Collection (Allocation Rate)
[208.429s][info][gc,task     ] GC(149) Using 1 workers
[208.430s][info][gc,phases   ] GC(149) Pause Mark Start 0.010ms
[208.448s][info][gc,phases   ] GC(149) Concurrent Mark 18.786ms
[208.449s][info][gc,phases   ] GC(149) Pause Mark End 0.016ms
[208.449s][info][gc,phases   ] GC(149) Concurrent Mark Free 0.001ms
[208.540s][info][gc,phases   ] GC(149) Concurrent Process Non-Strong References 90.798ms
[208.540s][info][gc,phases   ] GC(149) Concurrent Reset Relocation Set 0.015ms
[208.544s][info][gc,phases   ] GC(149) Concurrent Select Relocation Set 3.967ms
[208.544s][info][gc,phases   ] GC(149) Pause Relocate Start 0.007ms
[208.549s][info][gc,phases   ] GC(149) Concurrent Relocate 4.702ms
[208.549s][info][gc,load     ] GC(149) Load: 0.00/0.00/0.00
[208.549s][info][gc,mmu      ] GC(149) MMU: 2ms/97.7%, 5ms/99.1%, 10ms/99.5%, 20ms/99.8%, 50ms/99.9%, 100ms/99.9%
[208.549s][info][gc,marking  ] GC(149) Mark: 1 stripe(s), 2 proactive flush(es), 1 terminate flush(es), 0 completion(s), 0 continuation(s) 
[208.549s][info][gc,marking  ] GC(149) Mark Stack Usage: 32M
[208.549s][info][gc,nmethod  ] GC(149) NMethods: 2296 registered, 13 unregistered
[208.549s][info][gc,metaspace] GC(149) Metaspace: 13M used, 14M committed, 1088M reserved
[208.549s][info][gc,ref      ] GC(149) Soft: 211 encountered, 0 discovered, 0 enqueued
[208.549s][info][gc,ref      ] GC(149) Weak: 723 encountered, 439 discovered, 0 enqueued
[208.549s][info][gc,ref      ] GC(149) Final: 0 encountered, 0 discovered, 0 enqueued
[208.549s][info][gc,ref      ] GC(149) Phantom: 59 encountered, 46 discovered, 0 enqueued
[208.549s][info][gc,reloc    ] GC(149) Small Pages: 1459 / 2918M, Empty: 2658M, Relocated: 3M, In-Place: 0
[208.549s][info][gc,reloc    ] GC(149) Medium Pages: 0 / 0M, Empty: 0M, Relocated: 0M, In-Place: 0
[208.549s][info][gc,reloc    ] GC(149) Large Pages: 0 / 0M, Empty: 0M, Relocated: 0M, In-Place: 0
[208.549s][info][gc,reloc    ] GC(149) Forwarding Usage: 0M
[208.549s][info][gc,heap     ] GC(149) Min Capacity: 8M(0%)
[208.549s][info][gc,heap     ] GC(149) Max Capacity: 4096M(100%)
[208.549s][info][gc,heap     ] GC(149) Soft Max Capacity: 4096M(100%)
[208.549s][info][gc,heap     ] GC(149)                Mark Start          Mark End        Relocate Start      Relocate End           High               Low         
[208.549s][info][gc,heap     ] GC(149)  Capacity:     3758M (92%)        3758M (92%)        3758M (92%)        3758M (92%)        3758M (92%)        3758M (92%)    
[208.549s][info][gc,heap     ] GC(149)      Free:     1178M (29%)        1082M (26%)        3560M (87%)        3804M (93%)        3804M (93%)         908M (22%)    
[208.549s][info][gc,heap     ] GC(149)      Used:     2918M (71%)        3014M (74%)         536M (13%)         292M (7%)         3188M (78%)         292M (7%)     
[208.549s][info][gc,heap     ] GC(149)      Live:         -                 9M (0%)            9M (0%)            9M (0%)             -                  -          
[208.549s][info][gc,heap     ] GC(149) Allocated:         -                96M (2%)          276M (7%)          280M (7%)             -                  -          
[208.549s][info][gc,heap     ] GC(149)   Garbage:         -              2908M (71%)         250M (6%)            2M (0%)             -                  -          
[208.549s][info][gc,heap     ] GC(149) Reclaimed:         -                  -              2658M (65%)        2906M (71%)            -                  -          
[208.549s][info][gc          ] GC(149) Garbage Collection (Allocation Rate) 2918M(71%)->292M(7%)
[210.030s][info][gc,start    ] GC(150) Garbage Collection (Allocation Rate)
[210.030s][info][gc,task     ] GC(150) Using 1 workers
[210.030s][info][gc,phases   ] GC(150) Pause Mark Start 0.011ms
[210.053s][info][gc,phases   ] GC(150) Concurrent Mark 23.446ms
[210.054s][info][gc,phases   ] GC(150) Pause Mark End 0.019ms
[210.054s][info][gc,phases   ] GC(150) Concurrent Mark Free 0.001ms
[210.130s][info][gc,stats    ] === Garbage Collection Statistics =======================================================================================================================
[210.130s][info][gc,stats    ]                                                              Last 10s              Last 10m              Last 10h                Total
[210.130s][info][gc,stats    ]                                                              Avg / Max             Avg / Max             Avg / Max             Avg / Max
[210.130s][info][gc,stats    ]   Collector: Garbage Collection Cycle                    120.169 / 258.549      72.641 / 587.803      72.641 / 587.803      72.641 / 587.803     ms
[210.130s][info][gc,stats    ]  Contention: Mark Segment Reset Contention                     0 / 0                 1 / 26                1 / 26                1 / 26          ops/s
[210.130s][info][gc,stats    ]  Contention: Mark SeqNum Reset Contention                      0 / 0                 0 / 3                 0 / 3                 0 / 3           ops/s
[210.130s][info][gc,stats    ]    Critical: Allocation Stall                                  0 / 0                 0 / 0                 0 / 0                 0 / 0           ops/s
[210.130s][info][gc,stats    ]    Critical: Allocation Stall                              0.000 / 0.000         0.000 / 0.000         0.000 / 0.000         0.000 / 0.000       ms
[210.130s][info][gc,stats    ]    Critical: GC Locker Stall                                   0 / 0                 0 / 0                 0 / 0                 0 / 0           ops/s
[210.130s][info][gc,stats    ]    Critical: GC Locker Stall                               0.000 / 0.000         0.000 / 0.000         0.000 / 0.000         0.000 / 0.000       ms
[210.130s][info][gc,stats    ]    Critical: Relocation Stall                                  0 / 0                 0 / 0                 0 / 0                 0 / 0           ops/s
[210.130s][info][gc,stats    ]    Critical: Relocation Stall                              0.000 / 0.000         0.000 / 0.000         0.000 / 0.000         0.000 / 0.000       ms
[210.130s][info][gc,stats    ]      Memory: Allocation Rate                                2011 / 2146           1967 / 2208           1967 / 2208           1967 / 2208        MB/s
[210.130s][info][gc,stats    ]      Memory: Defragment                                        0 / 0                 0 / 0                 0 / 0                 0 / 0           ops/s
[210.130s][info][gc,stats    ]      Memory: Out Of Memory                                     0 / 0                 0 / 0                 0 / 0                 0 / 0           ops/s
[210.130s][info][gc,stats    ]      Memory: Page Cache Flush                                  0 / 0                 0 / 0                 0 / 0                 0 / 0           MB/s
[210.130s][info][gc,stats    ]      Memory: Page Cache Hit L1                              1007 / 1074            978 / 1107            978 / 1107            978 / 1107        ops/s
[210.130s][info][gc,stats    ]      Memory: Page Cache Hit L2                                 0 / 0                 0 / 0                 0 / 0                 0 / 0           ops/s
[210.130s][info][gc,stats    ]      Memory: Page Cache Hit L3                                 0 / 0                 4 / 448               4 / 448               4 / 448         ops/s
[210.130s][info][gc,stats    ]      Memory: Page Cache Miss                                   0 / 0                 4 / 471               4 / 471               4 / 471         ops/s
[210.130s][info][gc,stats    ]      Memory: Uncommit                                          0 / 0                 0 / 0                 0 / 0                 0 / 0           MB/s
[210.130s][info][gc,stats    ]      Memory: Undo Object Allocation Failed                     0 / 0                 0 / 5                 0 / 5                 0 / 5           ops/s
[210.130s][info][gc,stats    ]      Memory: Undo Object Allocation Succeeded                 14 / 38               20 / 124              20 / 124              20 / 124         ops/s
[210.130s][info][gc,stats    ]      Memory: Undo Page Allocation                              0 / 2                 0 / 23                0 / 23                0 / 23          ops/s
[210.130s][info][gc,stats    ]       Phase: Concurrent Mark                              18.568 / 24.204       21.104 / 549.801      21.104 / 549.801      21.104 / 549.801     ms
[210.130s][info][gc,stats    ]       Phase: Concurrent Mark Continue                      0.000 / 0.000         0.000 / 0.000         0.000 / 0.000         0.000 / 0.000       ms
[210.131s][info][gc,stats    ]       Phase: Concurrent Mark Free                          0.001 / 0.002         0.001 / 0.008         0.001 / 0.008         0.001 / 0.008       ms
[210.131s][info][gc,stats    ]       Phase: Concurrent Process Non-Strong References     93.129 / 220.058      37.111 / 220.058      37.111 / 220.058      37.111 / 220.058     ms
[210.131s][info][gc,stats    ]       Phase: Concurrent Relocate                           2.414 / 4.702         2.649 / 6.016         2.649 / 6.016         2.649 / 6.016       ms
[210.131s][info][gc,stats    ]       Phase: Concurrent Reset Relocation Set               0.013 / 0.016         0.015 / 0.025         0.015 / 0.025         0.015 / 0.025       ms
[210.131s][info][gc,stats    ]       Phase: Concurrent Select Relocation Set              3.678 / 4.067         4.807 / 22.887        4.807 / 22.887        4.807 / 22.887      ms
[210.131s][info][gc,stats    ]       Phase: Pause Mark End                                0.017 / 0.020         0.019 / 0.046         0.019 / 0.046         0.019 / 0.046       ms
[210.131s][info][gc,stats    ]       Phase: Pause Mark Start                              0.012 / 0.019         0.013 / 0.021         0.013 / 0.021         0.013 / 0.021       ms
[210.131s][info][gc,stats    ]       Phase: Pause Relocate Start                          0.008 / 0.010         0.008 / 0.019         0.008 / 0.019         0.008 / 0.019       ms
[210.131s][info][gc,stats    ]    Subphase: Concurrent Classes Purge                      0.007 / 0.010         0.039 / 3.013         0.039 / 3.013         0.039 / 3.013       ms
[210.131s][info][gc,stats    ]    Subphase: Concurrent Classes Unlink                     4.701 / 5.974         3.095 / 7.490         3.095 / 7.490         3.095 / 7.490       ms
[210.131s][info][gc,stats    ]    Subphase: Concurrent Mark                               9.781 / 23.092        8.563 / 109.674       8.563 / 109.674       8.563 / 109.674     ms
[210.131s][info][gc,stats    ]    Subphase: Concurrent Mark Try Flush                     0.096 / 0.238         0.504 / 80.074        0.504 / 80.074        0.504 / 80.074      ms
[210.131s][info][gc,stats    ]    Subphase: Concurrent Mark Try Terminate                 0.955 / 2.043         2.185 / 15.651        2.185 / 15.651        2.185 / 15.651      ms
[210.131s][info][gc,stats    ]    Subphase: Concurrent References Enqueue                 0.001 / 0.001         0.001 / 0.007         0.001 / 0.007         0.001 / 0.007       ms
[210.131s][info][gc,stats    ]    Subphase: Concurrent References Process                 0.104 / 0.177         0.091 / 0.196         0.091 / 0.196         0.091 / 0.196       ms
[210.131s][info][gc,stats    ]    Subphase: Concurrent Roots ClassLoaderDataGraph         0.082 / 0.330         0.079 / 0.923         0.079 / 0.923         0.079 / 0.923       ms
[210.131s][info][gc,stats    ]    Subphase: Concurrent Roots CodeCache                    0.000 / 0.000         0.000 / 0.000         0.000 / 0.000         0.000 / 0.000       ms
[210.131s][info][gc,stats    ]    Subphase: Concurrent Roots JavaThreads                  0.312 / 0.717         0.840 / 473.279       0.840 / 473.279       0.840 / 473.279     ms
[210.131s][info][gc,stats    ]    Subphase: Concurrent Roots OopStorageSet                0.041 / 0.103         0.067 / 1.317         0.067 / 1.317         0.067 / 1.317       ms
[210.131s][info][gc,stats    ]    Subphase: Concurrent Weak Roots OopStorageSet          33.855 / 87.303       10.668 / 87.303       10.668 / 87.303       10.668 / 87.303      ms
[210.131s][info][gc,stats    ]    Subphase: Pause Mark Try Complete                       0.000 / 0.000         0.004 / 0.007         0.004 / 0.007         0.004 / 0.007       ms
[210.131s][info][gc,stats    ]      System: Java Threads                                     52 / 60               53 / 73               53 / 73               53 / 73          threads
[210.131s][info][gc,stats    ] =========================================================================================================================================================
[210.136s][info][gc,phases   ] GC(150) Concurrent Process Non-Strong References 82.062ms
[210.136s][info][gc,phases   ] GC(150) Concurrent Reset Relocation Set 0.017ms
[210.139s][info][gc,phases   ] GC(150) Concurrent Select Relocation Set 3.616ms
[210.140s][info][gc,phases   ] GC(150) Pause Relocate Start 0.010ms
[210.145s][info][gc,phases   ] GC(150) Concurrent Relocate 5.277ms
[210.145s][info][gc,load     ] GC(150) Load: 0.00/0.00/0.00
[210.145s][info][gc,mmu      ] GC(150) MMU: 2ms/97.7%, 5ms/99.1%, 10ms/99.5%, 20ms/99.8%, 50ms/99.9%, 100ms/99.9%
[210.145s][info][gc,marking  ] GC(150) Mark: 1 stripe(s), 2 proactive flush(es), 1 terminate flush(es), 0 completion(s), 0 continuation(s) 
[210.145s][info][gc,marking  ] GC(150) Mark Stack Usage: 32M
[210.145s][info][gc,nmethod  ] GC(150) NMethods: 2296 registered, 13 unregistered
[210.145s][info][gc,metaspace] GC(150) Metaspace: 13M used, 14M committed, 1088M reserved
[210.145s][info][gc,ref      ] GC(150) Soft: 211 encountered, 0 discovered, 0 enqueued
[210.145s][info][gc,ref      ] GC(150) Weak: 723 encountered, 439 discovered, 0 enqueued
[210.145s][info][gc,ref      ] GC(150) Final: 0 encountered, 0 discovered, 0 enqueued
[210.145s][info][gc,ref      ] GC(150) Phantom: 59 encountered, 46 discovered, 0 enqueued
[210.145s][info][gc,reloc    ] GC(150) Small Pages: 1632 / 3264M, Empty: 3010M, Relocated: 3M, In-Place: 0
[210.145s][info][gc,reloc    ] GC(150) Medium Pages: 0 / 0M, Empty: 0M, Relocated: 0M, In-Place: 0
[210.145s][info][gc,reloc    ] GC(150) Large Pages: 0 / 0M, Empty: 0M, Relocated: 0M, In-Place: 0
[210.145s][info][gc,reloc    ] GC(150) Forwarding Usage: 0M
[210.145s][info][gc,heap     ] GC(150) Min Capacity: 8M(0%)
[210.145s][info][gc,heap     ] GC(150) Max Capacity: 4096M(100%)
[210.145s][info][gc,heap     ] GC(150) Soft Max Capacity: 4096M(100%)
[210.145s][info][gc,heap     ] GC(150)                Mark Start          Mark End        Relocate Start      Relocate End           High               Low         
[210.145s][info][gc,heap     ] GC(150)  Capacity:     3758M (92%)        3758M (92%)        3758M (92%)        3758M (92%)        3758M (92%)        3758M (92%)    
[210.145s][info][gc,heap     ] GC(150)      Free:      832M (20%)         738M (18%)        3566M (87%)        3806M (93%)        3806M (93%)         560M (14%)    
[210.145s][info][gc,heap     ] GC(150)      Used:     3264M (80%)        3358M (82%)         530M (13%)         290M (7%)         3536M (86%)         290M (7%)     
[210.145s][info][gc,heap     ] GC(150)      Live:         -                 9M (0%)            9M (0%)            9M (0%)             -                  -          
[210.145s][info][gc,heap     ] GC(150) Allocated:         -                94M (2%)          276M (7%)          278M (7%)             -                  -          
[210.145s][info][gc,heap     ] GC(150)   Garbage:         -              3254M (79%)         244M (6%)            1M (0%)             -                  -          
[210.145s][info][gc,heap     ] GC(150) Reclaimed:         -                  -              3010M (73%)        3252M (79%)            -                  -          
[210.145s][info][gc          ] GC(150) Garbage Collection (Allocation Rate) 3264M(80%)->290M(7%)
[211.830s][info][gc,start    ] GC(151) Garbage Collection (Allocation Rate)
[211.830s][info][gc,task     ] GC(151) Using 1 workers
[211.831s][info][gc,phases   ] GC(151) Pause Mark Start 0.012ms
[211.854s][info][gc,phases   ] GC(151) Concurrent Mark 23.225ms
[211.854s][info][gc,phases   ] GC(151) Pause Mark End 0.020ms
[211.854s][info][gc,phases   ] GC(151) Concurrent Mark Free 0.001ms
[211.936s][info][gc,phases   ] GC(151) Concurrent Process Non-Strong References 81.925ms
[211.950s][info][gc,phases   ] GC(151) Concurrent Reset Relocation Set 0.020ms
[211.953s][info][gc,phases   ] GC(151) Concurrent Select Relocation Set 3.459ms
[211.953s][info][gc,phases   ] GC(151) Pause Relocate Start 0.010ms
[211.954s][info][gc,phases   ] GC(151) Concurrent Relocate 0.706ms
[211.954s][info][gc,load     ] GC(151) Load: 0.00/0.00/0.00
[211.954s][info][gc,mmu      ] GC(151) MMU: 2ms/97.7%, 5ms/99.1%, 10ms/99.5%, 20ms/99.8%, 50ms/99.9%, 100ms/99.9%
[211.954s][info][gc,marking  ] GC(151) Mark: 1 stripe(s), 2 proactive flush(es), 1 terminate flush(es), 0 completion(s), 0 continuation(s) 
[211.954s][info][gc,marking  ] GC(151) Mark Stack Usage: 32M
[211.954s][info][gc,nmethod  ] GC(151) NMethods: 2296 registered, 13 unregistered
[211.954s][info][gc,metaspace] GC(151) Metaspace: 13M used, 14M committed, 1088M reserved
[211.954s][info][gc,ref      ] GC(151) Soft: 211 encountered, 0 discovered, 0 enqueued
[211.954s][info][gc,ref      ] GC(151) Weak: 723 encountered, 439 discovered, 0 enqueued
[211.954s][info][gc,ref      ] GC(151) Final: 0 encountered, 0 discovered, 0 enqueued
[211.954s][info][gc,ref      ] GC(151) Phantom: 59 encountered, 46 discovered, 0 enqueued
[211.954s][info][gc,reloc    ] GC(151) Small Pages: 1768 / 3536M, Empty: 3274M, Relocated: 1M, In-Place: 0
[211.954s][info][gc,reloc    ] GC(151) Medium Pages: 0 / 0M, Empty: 0M, Relocated: 0M, In-Place: 0
[211.954s][info][gc,reloc    ] GC(151) Large Pages: 0 / 0M, Empty: 0M, Relocated: 0M, In-Place: 0
[211.954s][info][gc,reloc    ] GC(151) Forwarding Usage: 0M
[211.954s][info][gc,heap     ] GC(151) Min Capacity: 8M(0%)
[211.954s][info][gc,heap     ] GC(151) Max Capacity: 4096M(100%)
[211.954s][info][gc,heap     ] GC(151) Soft Max Capacity: 4096M(100%)
[211.954s][info][gc,heap     ] GC(151)                Mark Start          Mark End        Relocate Start      Relocate End           High               Low         
[211.954s][info][gc,heap     ] GC(151)  Capacity:     3758M (92%)        3758M (92%)        3808M (93%)        3808M (93%)        3808M (93%)        3758M (92%)    
[211.954s][info][gc,heap     ] GC(151)      Free:      560M (14%)         466M (11%)        3562M (87%)        3808M (93%)        3808M (93%)         288M (7%)     
[211.954s][info][gc,heap     ] GC(151)      Used:     3536M (86%)        3630M (89%)         534M (13%)         288M (7%)         3808M (93%)         288M (7%)     
[211.954s][info][gc,heap     ] GC(151)      Live:         -                10M (0%)           10M (0%)           10M (0%)             -                  -          
[211.955s][info][gc,heap     ] GC(151) Allocated:         -                94M (2%)          272M (7%)          274M (7%)             -                  -          
[211.955s][info][gc,heap     ] GC(151)   Garbage:         -              3525M (86%)         251M (6%)            3M (0%)             -                  -          
[211.955s][info][gc,heap     ] GC(151) Reclaimed:         -                  -              3274M (80%)        3522M (86%)            -                  -          
[211.955s][info][gc          ] GC(151) Garbage Collection (Allocation Rate) 3536M(86%)->288M(7%)
[213.630s][info][gc,start    ] GC(152) Garbage Collection (Allocation Rate)
[213.630s][info][gc,task     ] GC(152) Using 1 workers
[213.630s][info][gc,phases   ] GC(152) Pause Mark Start 0.012ms
[213.656s][info][gc,phases   ] GC(152) Concurrent Mark 25.575ms
[213.656s][info][gc,phases   ] GC(152) Pause Mark End 0.016ms
[213.656s][info][gc,phases   ] GC(152) Concurrent Mark Free 0.001ms
[213.747s][info][gc,phases   ] GC(152) Concurrent Process Non-Strong References 90.251ms
[213.747s][info][gc,phases   ] GC(152) Concurrent Reset Relocation Set 0.016ms
[213.750s][info][gc,phases   ] GC(152) Concurrent Select Relocation Set 3.539ms
[213.750s][info][gc,phases   ] GC(152) Pause Relocate Start 0.008ms
[213.751s][info][gc,phases   ] GC(152) Concurrent Relocate 0.733ms
[213.751s][info][gc,load     ] GC(152) Load: 0.00/0.00/0.00
[213.751s][info][gc,mmu      ] GC(152) MMU: 2ms/97.7%, 5ms/99.1%, 10ms/99.5%, 20ms/99.8%, 50ms/99.9%, 100ms/99.9%
[213.751s][info][gc,marking  ] GC(152) Mark: 1 stripe(s), 2 proactive flush(es), 1 terminate flush(es), 0 completion(s), 0 continuation(s) 
[213.751s][info][gc,marking  ] GC(152) Mark Stack Usage: 32M
[213.751s][info][gc,nmethod  ] GC(152) NMethods: 2296 registered, 13 unregistered
[213.751s][info][gc,metaspace] GC(152) Metaspace: 13M used, 14M committed, 1088M reserved
[213.751s][info][gc,ref      ] GC(152) Soft: 211 encountered, 0 discovered, 0 enqueued
[213.751s][info][gc,ref      ] GC(152) Weak: 687 encountered, 439 discovered, 0 enqueued
[213.751s][info][gc,ref      ] GC(152) Final: 0 encountered, 0 discovered, 0 enqueued
[213.751s][info][gc,ref      ] GC(152) Phantom: 59 encountered, 46 discovered, 0 enqueued
[213.751s][info][gc,reloc    ] GC(152) Small Pages: 1787 / 3574M, Empty: 3338M, Relocated: 1M, In-Place: 0
[213.751s][info][gc,reloc    ] GC(152) Medium Pages: 0 / 0M, Empty: 0M, Relocated: 0M, In-Place: 0
[213.751s][info][gc,reloc    ] GC(152) Large Pages: 0 / 0M, Empty: 0M, Relocated: 0M, In-Place: 0
[213.751s][info][gc,reloc    ] GC(152) Forwarding Usage: 0M
[213.751s][info][gc,heap     ] GC(152) Min Capacity: 8M(0%)
[213.751s][info][gc,heap     ] GC(152) Max Capacity: 4096M(100%)
[213.751s][info][gc,heap     ] GC(152) Soft Max Capacity: 4096M(100%)
[213.751s][info][gc,heap     ] GC(152)                Mark Start          Mark End        Relocate Start      Relocate End           High               Low         
[213.751s][info][gc,heap     ] GC(152)  Capacity:     3808M (93%)        3808M (93%)        3862M (94%)        3862M (94%)        3862M (94%)        3808M (93%)    
[213.752s][info][gc,heap     ] GC(152)      Free:      522M (13%)         454M (11%)        3562M (87%)        3776M (92%)        3776M (92%)         234M (6%)     
[213.752s][info][gc,heap     ] GC(152)      Used:     3574M (87%)        3642M (89%)         534M (13%)         320M (8%)         3862M (94%)         320M (8%)     
[213.752s][info][gc,heap     ] GC(152)      Live:         -                 9M (0%)            9M (0%)            9M (0%)             -                  -          
[213.752s][info][gc,heap     ] GC(152) Allocated:         -                68M (2%)          298M (7%)          307M (8%)             -                  -          
[213.752s][info][gc,heap     ] GC(152)   Garbage:         -              3564M (87%)         226M (6%)            3M (0%)             -                  -          
[213.752s][info][gc,heap     ] GC(152) Reclaimed:         -                  -              3338M (81%)        3561M (87%)            -                  -          
[213.752s][info][gc          ] GC(152) Garbage Collection (Allocation Rate) 3574M(87%)->320M(8%)
[213.967s][info][gc,start    ] GC(153) Garbage Collection (System.gc())
[213.967s][info][gc,task     ] GC(153) Using 12 workers
[213.967s][info][gc,phases   ] GC(153) Pause Mark Start 0.016ms
[213.984s][info][gc,phases   ] GC(153) Concurrent Mark 16.772ms
[213.984s][info][gc,phases   ] GC(153) Pause Mark End 0.017ms
[213.984s][info][gc,phases   ] GC(153) Concurrent Mark Free 0.001ms
[213.997s][info][gc,phases   ] GC(153) Concurrent Process Non-Strong References 12.576ms
[213.997s][info][gc,phases   ] GC(153) Concurrent Reset Relocation Set 0.011ms
[214.001s][info][gc,phases   ] GC(153) Concurrent Select Relocation Set 4.569ms
[214.001s][info][gc,phases   ] GC(153) Pause Relocate Start 0.008ms
[214.006s][info][gc,phases   ] GC(153) Concurrent Relocate 4.246ms
[214.006s][info][gc,load     ] GC(153) Load: 0.00/0.00/0.00
[214.006s][info][gc,mmu      ] GC(153) MMU: 2ms/97.7%, 5ms/99.1%, 10ms/99.5%, 20ms/99.8%, 50ms/99.9%, 100ms/99.9%
[214.006s][info][gc,marking  ] GC(153) Mark: 8 stripe(s), 1 proactive flush(es), 1 terminate flush(es), 0 completion(s), 0 continuation(s) 
[214.006s][info][gc,marking  ] GC(153) Mark Stack Usage: 32M
[214.006s][info][gc,nmethod  ] GC(153) NMethods: 2296 registered, 13 unregistered
[214.006s][info][gc,metaspace] GC(153) Metaspace: 13M used, 14M committed, 1088M reserved
[214.006s][info][gc,ref      ] GC(153) Soft: 211 encountered, 0 discovered, 0 enqueued
[214.006s][info][gc,ref      ] GC(153) Weak: 623 encountered, 198 discovered, 0 enqueued
[214.006s][info][gc,ref      ] GC(153) Final: 0 encountered, 0 discovered, 0 enqueued
[214.006s][info][gc,ref      ] GC(153) Phantom: 59 encountered, 57 discovered, 0 enqueued
[214.006s][info][gc,reloc    ] GC(153) Small Pages: 407 / 814M, Empty: 760M, Relocated: 3M, In-Place: 0
[214.006s][info][gc,reloc    ] GC(153) Medium Pages: 0 / 0M, Empty: 0M, Relocated: 0M, In-Place: 0
[214.006s][info][gc,reloc    ] GC(153) Large Pages: 0 / 0M, Empty: 0M, Relocated: 0M, In-Place: 0
[214.006s][info][gc,reloc    ] GC(153) Forwarding Usage: 1M
[214.006s][info][gc,heap     ] GC(153) Min Capacity: 8M(0%)
[214.006s][info][gc,heap     ] GC(153) Max Capacity: 4096M(100%)
[214.006s][info][gc,heap     ] GC(153) Soft Max Capacity: 4096M(100%)
[214.006s][info][gc,heap     ] GC(153)                Mark Start          Mark End        Relocate Start      Relocate End           High               Low         
[214.006s][info][gc,heap     ] GC(153)  Capacity:     3862M (94%)        3862M (94%)        3862M (94%)        3862M (94%)        3862M (94%)        3862M (94%)    
[214.006s][info][gc,heap     ] GC(153)      Free:     3282M (80%)        3282M (80%)        4042M (99%)        4068M (99%)        4068M (99%)        3282M (80%)    
[214.006s][info][gc,heap     ] GC(153)      Used:      814M (20%)         814M (20%)          54M (1%)           28M (1%)          814M (20%)          28M (1%)     
[214.006s][info][gc,heap     ] GC(153)      Live:         -                 6M (0%)            6M (0%)            6M (0%)             -                  -          
[214.006s][info][gc,heap     ] GC(153) Allocated:         -                 0M (0%)            0M (0%)            0M (0%)             -                  -          
[214.007s][info][gc,heap     ] GC(153)   Garbage:         -               807M (20%)          47M (1%)           21M (1%)             -                  -          
[214.007s][info][gc,heap     ] GC(153) Reclaimed:         -                  -               760M (19%)         786M (19%)            -                  -          
[214.007s][info][gc          ] GC(153) Garbage Collection (System.gc()) 814M(20%)->28M(1%)
[216.029s][info][gc,start    ] GC(154) Garbage Collection (Allocation Rate)
[216.029s][info][gc,task     ] GC(154) Using 2 workers
[216.029s][info][gc,phases   ] GC(154) Pause Mark Start 0.012ms
[216.046s][info][gc,phases   ] GC(154) Concurrent Mark 16.850ms
[216.047s][info][gc,phases   ] GC(154) Pause Mark End 0.016ms
[216.047s][info][gc,phases   ] GC(154) Concurrent Mark Free 0.001ms
[216.089s][info][gc,phases   ] GC(154) Concurrent Process Non-Strong References 41.768ms
[216.089s][info][gc,phases   ] GC(154) Concurrent Reset Relocation Set 0.003ms
[216.092s][info][gc,phases   ] GC(154) Concurrent Select Relocation Set 3.718ms
[216.092s][info][gc,phases   ] GC(154) Pause Relocate Start 0.007ms
[216.094s][info][gc,phases   ] GC(154) Concurrent Relocate 1.340ms
[216.094s][info][gc,load     ] GC(154) Load: 0.00/0.00/0.00
[216.094s][info][gc,mmu      ] GC(154) MMU: 2ms/97.7%, 5ms/99.1%, 10ms/99.5%, 20ms/99.8%, 50ms/99.9%, 100ms/99.9%
[216.094s][info][gc,marking  ] GC(154) Mark: 2 stripe(s), 2 proactive flush(es), 1 terminate flush(es), 0 completion(s), 0 continuation(s) 
[216.094s][info][gc,marking  ] GC(154) Mark Stack Usage: 32M
[216.094s][info][gc,nmethod  ] GC(154) NMethods: 2296 registered, 13 unregistered
[216.094s][info][gc,metaspace] GC(154) Metaspace: 13M used, 14M committed, 1088M reserved
[216.094s][info][gc,ref      ] GC(154) Soft: 211 encountered, 0 discovered, 0 enqueued
[216.094s][info][gc,ref      ] GC(154) Weak: 729 encountered, 58 discovered, 2 enqueued
[216.094s][info][gc,ref      ] GC(154) Final: 0 encountered, 0 discovered, 0 enqueued
[216.094s][info][gc,ref      ] GC(154) Phantom: 59 encountered, 34 discovered, 0 enqueued
[216.094s][info][gc,reloc    ] GC(154) Small Pages: 1614 / 3228M, Empty: 2940M, Relocated: 2M, In-Place: 0
[216.094s][info][gc,reloc    ] GC(154) Medium Pages: 0 / 0M, Empty: 0M, Relocated: 0M, In-Place: 0
[216.094s][info][gc,reloc    ] GC(154) Large Pages: 0 / 0M, Empty: 0M, Relocated: 0M, In-Place: 0
[216.094s][info][gc,reloc    ] GC(154) Forwarding Usage: 0M
[216.094s][info][gc,heap     ] GC(154) Min Capacity: 8M(0%)
[216.094s][info][gc,heap     ] GC(154) Max Capacity: 4096M(100%)
[216.094s][info][gc,heap     ] GC(154) Soft Max Capacity: 4096M(100%)
[216.094s][info][gc,heap     ] GC(154)                Mark Start          Mark End        Relocate Start      Relocate End           High               Low         
[216.094s][info][gc,heap     ] GC(154)  Capacity:     3862M (94%)        3862M (94%)        3862M (94%)        3862M (94%)        3862M (94%)        3862M (94%)    
[216.094s][info][gc,heap     ] GC(154)      Free:      868M (21%)         772M (19%)        3672M (90%)        3902M (95%)        3902M (95%)         742M (18%)    
[216.094s][info][gc,heap     ] GC(154)      Used:     3228M (79%)        3324M (81%)         424M (10%)         194M (5%)         3354M (82%)         194M (5%)     
[216.094s][info][gc,heap     ] GC(154)      Live:         -                 8M (0%)            8M (0%)            8M (0%)             -                  -          
[216.094s][info][gc,heap     ] GC(154) Allocated:         -                96M (2%)          136M (3%)          180M (4%)             -                  -          
[216.094s][info][gc,heap     ] GC(154)   Garbage:         -              3219M (79%)         279M (7%)            4M (0%)             -                  -          
[216.094s][info][gc,heap     ] GC(154) Reclaimed:         -                  -              2940M (72%)        3214M (78%)            -                  -          
[216.094s][info][gc          ] GC(154) Garbage Collection (Allocation Rate) 3228M(79%)->194M(5%)
[217.831s][info][gc,start    ] GC(155) Garbage Collection (Allocation Rate)
[217.831s][info][gc,task     ] GC(155) Using 1 workers
[217.831s][info][gc,phases   ] GC(155) Pause Mark Start 0.013ms
[217.853s][info][gc,phases   ] GC(155) Concurrent Mark 22.247ms
[217.853s][info][gc,phases   ] GC(155) Pause Mark End 0.016ms
[217.853s][info][gc,phases   ] GC(155) Concurrent Mark Free 0.001ms
[217.930s][info][gc,phases   ] GC(155) Concurrent Process Non-Strong References 76.951ms
[217.930s][info][gc,phases   ] GC(155) Concurrent Reset Relocation Set 0.018ms
[217.934s][info][gc,phases   ] GC(155) Concurrent Select Relocation Set 3.464ms
[217.934s][info][gc,phases   ] GC(155) Pause Relocate Start 0.007ms
[217.936s][info][gc,phases   ] GC(155) Concurrent Relocate 1.897ms
[217.936s][info][gc,load     ] GC(155) Load: 0.00/0.00/0.00
[217.936s][info][gc,mmu      ] GC(155) MMU: 2ms/97.7%, 5ms/99.1%, 10ms/99.5%, 20ms/99.8%, 50ms/99.9%, 100ms/99.9%
[217.936s][info][gc,marking  ] GC(155) Mark: 1 stripe(s), 2 proactive flush(es), 1 terminate flush(es), 0 completion(s), 0 continuation(s) 
[217.936s][info][gc,marking  ] GC(155) Mark Stack Usage: 32M
[217.936s][info][gc,nmethod  ] GC(155) NMethods: 2296 registered, 13 unregistered
[217.936s][info][gc,metaspace] GC(155) Metaspace: 13M used, 14M committed, 1088M reserved
[217.936s][info][gc,ref      ] GC(155) Soft: 211 encountered, 0 discovered, 0 enqueued
[217.936s][info][gc,ref      ] GC(155) Weak: 727 encountered, 441 discovered, 0 enqueued
[217.936s][info][gc,ref      ] GC(155) Final: 0 encountered, 0 discovered, 0 enqueued
[217.936s][info][gc,ref      ] GC(155) Phantom: 59 encountered, 46 discovered, 0 enqueued
[217.936s][info][gc,reloc    ] GC(155) Small Pages: 1495 / 2990M, Empty: 2704M, Relocated: 3M, In-Place: 0
[217.936s][info][gc,reloc    ] GC(155) Medium Pages: 0 / 0M, Empty: 0M, Relocated: 0M, In-Place: 0
[217.936s][info][gc,reloc    ] GC(155) Large Pages: 0 / 0M, Empty: 0M, Relocated: 0M, In-Place: 0
[217.936s][info][gc,reloc    ] GC(155) Forwarding Usage: 0M
[217.936s][info][gc,heap     ] GC(155) Min Capacity: 8M(0%)
[217.936s][info][gc,heap     ] GC(155) Max Capacity: 4096M(100%)
[217.936s][info][gc,heap     ] GC(155) Soft Max Capacity: 4096M(100%)
[217.936s][info][gc,heap     ] GC(155)                Mark Start          Mark End        Relocate Start      Relocate End           High               Low         
[217.936s][info][gc,heap     ] GC(155)  Capacity:     3862M (94%)        3862M (94%)        3862M (94%)        3862M (94%)        3862M (94%)        3862M (94%)    
[217.936s][info][gc,heap     ] GC(155)      Free:     1106M (27%)        1010M (25%)        3622M (88%)        3894M (95%)        3894M (95%)         918M (22%)    
[217.936s][info][gc,heap     ] GC(155)      Used:     2990M (73%)        3086M (75%)         474M (12%)         202M (5%)         3178M (78%)         202M (5%)     
[217.937s][info][gc,heap     ] GC(155)      Live:         -                 9M (0%)            9M (0%)            9M (0%)             -                  -          
[217.937s][info][gc,heap     ] GC(155) Allocated:         -                96M (2%)          188M (5%)          190M (5%)             -                  -          
[217.937s][info][gc,heap     ] GC(155)   Garbage:         -              2980M (73%)         276M (7%)            2M (0%)             -                  -          
[217.937s][info][gc,heap     ] GC(155) Reclaimed:         -                  -              2704M (66%)        2978M (73%)            -                  -          
[217.937s][info][gc          ] GC(155) Garbage Collection (Allocation Rate) 2990M(73%)->202M(5%)
[219.831s][info][gc,start    ] GC(156) Garbage Collection (Allocation Rate)
[219.831s][info][gc,task     ] GC(156) Using 1 workers
[219.831s][info][gc,phases   ] GC(156) Pause Mark Start 0.010ms
[219.850s][info][gc,phases   ] GC(156) Concurrent Mark 19.329ms
[219.850s][info][gc,phases   ] GC(156) Pause Mark End 0.017ms
[219.851s][info][gc,phases   ] GC(156) Concurrent Mark Free 0.001ms
[219.941s][info][gc,phases   ] GC(156) Concurrent Process Non-Strong References 90.670ms
[219.941s][info][gc,phases   ] GC(156) Concurrent Reset Relocation Set 0.015ms
[219.945s][info][gc,phases   ] GC(156) Concurrent Select Relocation Set 4.110ms
[219.946s][info][gc,phases   ] GC(156) Pause Relocate Start 0.015ms
[219.950s][info][gc,phases   ] GC(156) Concurrent Relocate 3.834ms
[219.950s][info][gc,load     ] GC(156) Load: 0.00/0.00/0.00
[219.950s][info][gc,mmu      ] GC(156) MMU: 2ms/97.7%, 5ms/99.1%, 10ms/99.5%, 20ms/99.8%, 50ms/99.9%, 100ms/99.9%
[219.950s][info][gc,marking  ] GC(156) Mark: 1 stripe(s), 2 proactive flush(es), 1 terminate flush(es), 0 completion(s), 0 continuation(s) 
[219.950s][info][gc,marking  ] GC(156) Mark Stack Usage: 32M
[219.950s][info][gc,nmethod  ] GC(156) NMethods: 2296 registered, 13 unregistered
[219.950s][info][gc,metaspace] GC(156) Metaspace: 13M used, 14M committed, 1088M reserved
[219.950s][info][gc,ref      ] GC(156) Soft: 211 encountered, 0 discovered, 0 enqueued
[219.950s][info][gc,ref      ] GC(156) Weak: 727 encountered, 441 discovered, 0 enqueued
[219.950s][info][gc,ref      ] GC(156) Final: 0 encountered, 0 discovered, 0 enqueued
[219.950s][info][gc,ref      ] GC(156) Phantom: 59 encountered, 46 discovered, 0 enqueued
[219.950s][info][gc,reloc    ] GC(156) Small Pages: 1649 / 3298M, Empty: 3010M, Relocated: 3M, In-Place: 0
[219.950s][info][gc,reloc    ] GC(156) Medium Pages: 0 / 0M, Empty: 0M, Relocated: 0M, In-Place: 0
[219.950s][info][gc,reloc    ] GC(156) Large Pages: 0 / 0M, Empty: 0M, Relocated: 0M, In-Place: 0
[219.950s][info][gc,reloc    ] GC(156) Forwarding Usage: 0M
[219.950s][info][gc,heap     ] GC(156) Min Capacity: 8M(0%)
[219.950s][info][gc,heap     ] GC(156) Max Capacity: 4096M(100%)
[219.950s][info][gc,heap     ] GC(156) Soft Max Capacity: 4096M(100%)
[219.950s][info][gc,heap     ] GC(156)                Mark Start          Mark End        Relocate Start      Relocate End           High               Low         
[219.950s][info][gc,heap     ] GC(156)  Capacity:     3862M (94%)        3862M (94%)        3862M (94%)        3862M (94%)        3862M (94%)        3862M (94%)    
[219.950s][info][gc,heap     ] GC(156)      Free:      798M (19%)         702M (17%)        3566M (87%)        3814M (93%)        3814M (93%)         572M (14%)    
[219.950s][info][gc,heap     ] GC(156)      Used:     3298M (81%)        3394M (83%)         530M (13%)         282M (7%)         3524M (86%)         282M (7%)     
[219.950s][info][gc,heap     ] GC(156)      Live:         -                 9M (0%)            9M (0%)            9M (0%)             -                  -          
[219.950s][info][gc,heap     ] GC(156) Allocated:         -                96M (2%)          242M (6%)          270M (7%)             -                  -          
[219.950s][info][gc,heap     ] GC(156)   Garbage:         -              3288M (80%)         278M (7%)            2M (0%)             -                  -          
[219.950s][info][gc,heap     ] GC(156) Reclaimed:         -                  -              3010M (73%)        3286M (80%)            -                  -          
[219.950s][info][gc          ] GC(156) Garbage Collection (Allocation Rate) 3298M(81%)->282M(7%)
[220.131s][info][gc,stats    ] === Garbage Collection Statistics =======================================================================================================================
[220.131s][info][gc,stats    ]                                                              Last 10s              Last 10m              Last 10h                Total
[220.131s][info][gc,stats    ]                                                              Avg / Max             Avg / Max             Avg / Max             Avg / Max
[220.131s][info][gc,stats    ]   Collector: Garbage Collection Cycle                     98.428 / 123.739      73.791 / 587.803      73.791 / 587.803      73.791 / 587.803     ms
[220.131s][info][gc,stats    ]  Contention: Mark Segment Reset Contention                     0 / 0                 1 / 26                1 / 26                1 / 26          ops/s
[220.131s][info][gc,stats    ]  Contention: Mark SeqNum Reset Contention                      0 / 1                 0 / 3                 0 / 3                 0 / 3           ops/s
[220.131s][info][gc,stats    ]    Critical: Allocation Stall                                  0 / 0                 0 / 0                 0 / 0                 0 / 0           ops/s
[220.131s][info][gc,stats    ]    Critical: Allocation Stall                              0.000 / 0.000         0.000 / 0.000         0.000 / 0.000         0.000 / 0.000       ms
[220.131s][info][gc,stats    ]    Critical: GC Locker Stall                                   0 / 0                 0 / 0                 0 / 0                 0 / 0           ops/s
[220.131s][info][gc,stats    ]    Critical: GC Locker Stall                               0.000 / 0.000         0.000 / 0.000         0.000 / 0.000         0.000 / 0.000       ms
[220.131s][info][gc,stats    ]    Critical: Relocation Stall                                  0 / 0                 0 / 0                 0 / 0                 0 / 0           ops/s
[220.131s][info][gc,stats    ]    Critical: Relocation Stall                              0.000 / 0.000         0.000 / 0.000         0.000 / 0.000         0.000 / 0.000       ms
[220.131s][info][gc,stats    ]      Memory: Allocation Rate                                1762 / 2024           1957 / 2208           1957 / 2208           1957 / 2208        MB/s
[220.131s][info][gc,stats    ]      Memory: Defragment                                        0 / 0                 0 / 0                 0 / 0                 0 / 0           ops/s
[220.131s][info][gc,stats    ]      Memory: Out Of Memory                                     0 / 0                 0 / 0                 0 / 0                 0 / 0           ops/s
[220.131s][info][gc,stats    ]      Memory: Page Cache Flush                                  0 / 0                 0 / 0                 0 / 0                 0 / 0           MB/s
[220.131s][info][gc,stats    ]      Memory: Page Cache Hit L1                               877 / 998             974 / 1107            974 / 1107            974 / 1107        ops/s
[220.131s][info][gc,stats    ]      Memory: Page Cache Hit L2                                 0 / 0                 0 / 0                 0 / 0                 0 / 0           ops/s
[220.131s][info][gc,stats    ]      Memory: Page Cache Hit L3                                 0 / 0                 4 / 448               4 / 448               4 / 448         ops/s
[220.131s][info][gc,stats    ]      Memory: Page Cache Miss                                   5 / 27                4 / 471               4 / 471               4 / 471         ops/s
[220.131s][info][gc,stats    ]      Memory: Uncommit                                          0 / 0                 0 / 0                 0 / 0                 0 / 0           MB/s
[220.131s][info][gc,stats    ]      Memory: Undo Object Allocation Failed                     0 / 1                 0 / 5                 0 / 5                 0 / 5           ops/s
[220.131s][info][gc,stats    ]      Memory: Undo Object Allocation Succeeded                 21 / 53               20 / 124              20 / 124              20 / 124         ops/s
[220.131s][info][gc,stats    ]      Memory: Undo Page Allocation                              0 / 2                 0 / 23                0 / 23                0 / 23          ops/s
[220.131s][info][gc,stats    ]       Phase: Concurrent Mark                              20.666 / 25.575       21.087 / 549.801      21.087 / 549.801      21.087 / 549.801     ms
[220.131s][info][gc,stats    ]       Phase: Concurrent Mark Continue                      0.000 / 0.000         0.000 / 0.000         0.000 / 0.000         0.000 / 0.000       ms
[220.131s][info][gc,stats    ]       Phase: Concurrent Mark Free                          0.001 / 0.001         0.001 / 0.008         0.001 / 0.008         0.001 / 0.008       ms
[220.131s][info][gc,stats    ]       Phase: Concurrent Process Non-Strong References     68.029 / 90.670       38.490 / 220.058      38.490 / 220.058      38.490 / 220.058     ms
[220.131s][info][gc,stats    ]       Phase: Concurrent Relocate                           2.576 / 5.277         2.646 / 6.016         2.646 / 6.016         2.646 / 6.016       ms
[220.131s][info][gc,stats    ]       Phase: Concurrent Reset Relocation Set               0.014 / 0.020         0.015 / 0.025         0.015 / 0.025         0.015 / 0.025       ms
[220.131s][info][gc,stats    ]       Phase: Concurrent Select Relocation Set              3.782 / 4.569         4.761 / 22.887        4.761 / 22.887        4.761 / 22.887      ms
[220.131s][info][gc,stats    ]       Phase: Pause Mark End                                0.017 / 0.020         0.019 / 0.046         0.019 / 0.046         0.019 / 0.046       ms
[220.131s][info][gc,stats    ]       Phase: Pause Mark Start                              0.013 / 0.016         0.013 / 0.021         0.013 / 0.021         0.013 / 0.021       ms
[220.131s][info][gc,stats    ]       Phase: Pause Relocate Start                          0.009 / 0.015         0.008 / 0.019         0.008 / 0.019         0.008 / 0.019       ms
[220.132s][info][gc,stats    ]    Subphase: Concurrent Classes Purge                      0.005 / 0.007         0.037 / 3.013         0.037 / 3.013         0.037 / 3.013       ms
[220.132s][info][gc,stats    ]    Subphase: Concurrent Classes Unlink                     4.057 / 5.941         3.138 / 7.490         3.138 / 7.490         3.138 / 7.490       ms
[220.132s][info][gc,stats    ]    Subphase: Concurrent Mark                              16.796 / 24.600        8.723 / 109.674       8.723 / 109.674       8.723 / 109.674     ms
[220.132s][info][gc,stats    ]    Subphase: Concurrent Mark Try Flush                     0.112 / 0.271         0.491 / 80.074        0.491 / 80.074        0.491 / 80.074      ms
[220.132s][info][gc,stats    ]    Subphase: Concurrent Mark Try Terminate                 6.830 / 15.221        2.266 / 15.651        2.266 / 15.651        2.266 / 15.651      ms
[220.132s][info][gc,stats    ]    Subphase: Concurrent References Enqueue                 0.001 / 0.004         0.001 / 0.007         0.001 / 0.007         0.001 / 0.007       ms
[220.132s][info][gc,stats    ]    Subphase: Concurrent References Process                 0.101 / 0.176         0.091 / 0.196         0.091 / 0.196         0.091 / 0.196       ms
[220.132s][info][gc,stats    ]    Subphase: Concurrent Roots ClassLoaderDataGraph         0.084 / 0.398         0.079 / 0.923         0.079 / 0.923         0.079 / 0.923       ms
[220.132s][info][gc,stats    ]    Subphase: Concurrent Roots CodeCache                    0.000 / 0.000         0.000 / 0.000         0.000 / 0.000         0.000 / 0.000       ms
[220.132s][info][gc,stats    ]    Subphase: Concurrent Roots JavaThreads                  0.254 / 0.654         0.829 / 473.279       0.829 / 473.279       0.829 / 473.279     ms
[220.132s][info][gc,stats    ]    Subphase: Concurrent Roots OopStorageSet                0.056 / 0.154         0.067 / 1.317         0.067 / 1.317         0.067 / 1.317       ms
[220.132s][info][gc,stats    ]    Subphase: Concurrent Weak Roots OopStorageSet          29.794 / 85.697       11.042 / 87.303       11.042 / 87.303       11.042 / 87.303      ms
[220.132s][info][gc,stats    ]    Subphase: Pause Mark Try Complete                       0.000 / 0.000         0.004 / 0.007         0.004 / 0.007         0.004 / 0.007       ms
[220.132s][info][gc,stats    ]      System: Java Threads                                     49 / 60               53 / 73               53 / 73               53 / 73          threads
[220.132s][info][gc,stats    ] =========================================================================================================================================================
[221.429s][info][gc,start    ] GC(157) Garbage Collection (Proactive)
[221.430s][info][gc,task     ] GC(157) Using 12 workers
[221.430s][info][gc,phases   ] GC(157) Pause Mark Start 0.011ms
[221.437s][info][gc,phases   ] GC(157) Concurrent Mark 7.493ms
[221.438s][info][gc,phases   ] GC(157) Pause Mark End 0.020ms
[221.438s][info][gc,phases   ] GC(157) Concurrent Mark Free 0.001ms
[221.446s][info][gc,phases   ] GC(157) Concurrent Process Non-Strong References 7.931ms
[221.446s][info][gc,phases   ] GC(157) Concurrent Reset Relocation Set 0.020ms
[221.451s][info][gc,phases   ] GC(157) Concurrent Select Relocation Set 4.750ms
[221.451s][info][gc,phases   ] GC(157) Pause Relocate Start 0.008ms
[221.456s][info][gc,phases   ] GC(157) Concurrent Relocate 5.051ms
[221.456s][info][gc,load     ] GC(157) Load: 0.00/0.00/0.00
[221.456s][info][gc,mmu      ] GC(157) MMU: 2ms/97.7%, 5ms/99.1%, 10ms/99.5%, 20ms/99.8%, 50ms/99.9%, 100ms/99.9%
[221.456s][info][gc,marking  ] GC(157) Mark: 8 stripe(s), 4 proactive flush(es), 1 terminate flush(es), 0 completion(s), 0 continuation(s) 
[221.456s][info][gc,marking  ] GC(157) Mark Stack Usage: 32M
[221.456s][info][gc,nmethod  ] GC(157) NMethods: 2296 registered, 13 unregistered
[221.456s][info][gc,metaspace] GC(157) Metaspace: 13M used, 14M committed, 1088M reserved
[221.456s][info][gc,ref      ] GC(157) Soft: 211 encountered, 0 discovered, 0 enqueued
[221.456s][info][gc,ref      ] GC(157) Weak: 727 encountered, 91 discovered, 0 enqueued
[221.456s][info][gc,ref      ] GC(157) Final: 0 encountered, 0 discovered, 0 enqueued
[221.456s][info][gc,ref      ] GC(157) Phantom: 59 encountered, 34 discovered, 0 enqueued
[221.456s][info][gc,reloc    ] GC(157) Small Pages: 1265 / 2530M, Empty: 2264M, Relocated: 3M, In-Place: 0
[221.456s][info][gc,reloc    ] GC(157) Medium Pages: 0 / 0M, Empty: 0M, Relocated: 0M, In-Place: 0
[221.456s][info][gc,reloc    ] GC(157) Large Pages: 0 / 0M, Empty: 0M, Relocated: 0M, In-Place: 0
[221.456s][info][gc,reloc    ] GC(157) Forwarding Usage: 0M
[221.456s][info][gc,heap     ] GC(157) Min Capacity: 8M(0%)
[221.456s][info][gc,heap     ] GC(157) Max Capacity: 4096M(100%)
[221.456s][info][gc,heap     ] GC(157) Soft Max Capacity: 4096M(100%)
[221.456s][info][gc,heap     ] GC(157)                Mark Start          Mark End        Relocate Start      Relocate End           High               Low         
[221.456s][info][gc,heap     ] GC(157)  Capacity:     3862M (94%)        3862M (94%)        3862M (94%)        3862M (94%)        3862M (94%)        3862M (94%)    
[221.456s][info][gc,heap     ] GC(157)      Free:     1566M (38%)        1472M (36%)        3734M (91%)        3968M (97%)        3968M (97%)        1470M (36%)    
[221.456s][info][gc,heap     ] GC(157)      Used:     2530M (62%)        2624M (64%)         362M (9%)          128M (3%)         2626M (64%)         128M (3%)     
[221.456s][info][gc,heap     ] GC(157)      Live:         -                 9M (0%)            9M (0%)            9M (0%)             -                  -          
[221.456s][info][gc,heap     ] GC(157) Allocated:         -                94M (2%)           96M (2%)           94M (2%)             -                  -          
[221.456s][info][gc,heap     ] GC(157)   Garbage:         -              2520M (62%)         256M (6%)           23M (1%)             -                  -          
[221.456s][info][gc,heap     ] GC(157) Reclaimed:         -                  -              2264M (55%)        2496M (61%)            -                  -          
[221.456s][info][gc          ] GC(157) Garbage Collection (Proactive) 2530M(62%)->128M(3%)
[222.930s][info][gc,start    ] GC(158) Garbage Collection (Allocation Rate)
[222.930s][info][gc,task     ] GC(158) Using 1 workers
[222.931s][info][gc,phases   ] GC(158) Pause Mark Start 0.013ms
[222.953s][info][gc,phases   ] GC(158) Concurrent Mark 21.982ms
[222.953s][info][gc,phases   ] GC(158) Pause Mark End 0.020ms
[222.953s][info][gc,phases   ] GC(158) Concurrent Mark Free 0.001ms
[223.039s][info][gc,phases   ] GC(158) Concurrent Process Non-Strong References 86.370ms
[223.040s][info][gc,phases   ] GC(158) Concurrent Reset Relocation Set 0.020ms
[223.044s][info][gc,phases   ] GC(158) Concurrent Select Relocation Set 4.838ms
[223.045s][info][gc,phases   ] GC(158) Pause Relocate Start 0.009ms
[223.051s][info][gc,phases   ] GC(158) Concurrent Relocate 5.924ms
[223.051s][info][gc,load     ] GC(158) Load: 0.00/0.00/0.00
[223.051s][info][gc,mmu      ] GC(158) MMU: 2ms/97.7%, 5ms/99.1%, 10ms/99.5%, 20ms/99.8%, 50ms/99.9%, 100ms/99.9%
[223.051s][info][gc,marking  ] GC(158) Mark: 1 stripe(s), 2 proactive flush(es), 1 terminate flush(es), 0 completion(s), 0 continuation(s) 
[223.051s][info][gc,marking  ] GC(158) Mark Stack Usage: 32M
[223.051s][info][gc,nmethod  ] GC(158) NMethods: 2296 registered, 13 unregistered
[223.051s][info][gc,metaspace] GC(158) Metaspace: 13M used, 14M committed, 1088M reserved
[223.051s][info][gc,ref      ] GC(158) Soft: 211 encountered, 0 discovered, 0 enqueued
[223.051s][info][gc,ref      ] GC(158) Weak: 727 encountered, 441 discovered, 0 enqueued
[223.051s][info][gc,ref      ] GC(158) Final: 0 encountered, 0 discovered, 0 enqueued
[223.051s][info][gc,ref      ] GC(158) Phantom: 59 encountered, 46 discovered, 0 enqueued
[223.051s][info][gc,reloc    ] GC(158) Small Pages: 1500 / 3000M, Empty: 2712M, Relocated: 3M, In-Place: 0
[223.051s][info][gc,reloc    ] GC(158) Medium Pages: 0 / 0M, Empty: 0M, Relocated: 0M, In-Place: 0
[223.051s][info][gc,reloc    ] GC(158) Large Pages: 0 / 0M, Empty: 0M, Relocated: 0M, In-Place: 0
[223.051s][info][gc,reloc    ] GC(158) Forwarding Usage: 0M
[223.051s][info][gc,heap     ] GC(158) Min Capacity: 8M(0%)
[223.051s][info][gc,heap     ] GC(158) Max Capacity: 4096M(100%)
[223.051s][info][gc,heap     ] GC(158) Soft Max Capacity: 4096M(100%)
[223.051s][info][gc,heap     ] GC(158)                Mark Start          Mark End        Relocate Start      Relocate End           High               Low         
[223.051s][info][gc,heap     ] GC(158)  Capacity:     3862M (94%)        3862M (94%)        3862M (94%)        3862M (94%)        3862M (94%)        3862M (94%)    
[223.051s][info][gc,heap     ] GC(158)      Free:     1096M (27%)        1002M (24%)        3534M (86%)        3806M (93%)        3806M (93%)         824M (20%)    
[223.051s][info][gc,heap     ] GC(158)      Used:     3000M (73%)        3094M (76%)         562M (14%)         290M (7%)         3272M (80%)         290M (7%)     
[223.051s][info][gc,heap     ] GC(158)      Live:         -                 9M (0%)            9M (0%)            9M (0%)             -                  -          
[223.051s][info][gc,heap     ] GC(158) Allocated:         -                94M (2%)          274M (7%)          278M (7%)             -                  -          
[223.051s][info][gc,heap     ] GC(158)   Garbage:         -              2990M (73%)         278M (7%)            1M (0%)             -                  -          
[223.051s][info][gc,heap     ] GC(158) Reclaimed:         -                  -              2712M (66%)        2988M (73%)            -                  -          
[223.051s][info][gc          ] GC(158) Garbage Collection (Allocation Rate) 3000M(73%)->290M(7%)
[224.430s][info][gc,start    ] GC(159) Garbage Collection (Allocation Rate)
[224.430s][info][gc,task     ] GC(159) Using 1 workers
[224.430s][info][gc,phases   ] GC(159) Pause Mark Start 0.017ms
[224.452s][info][gc,phases   ] GC(159) Concurrent Mark 21.871ms
[224.452s][info][gc,phases   ] GC(159) Pause Mark End 0.017ms
[224.452s][info][gc,phases   ] GC(159) Concurrent Mark Free 0.001ms
[224.530s][info][gc,phases   ] GC(159) Concurrent Process Non-Strong References 78.137ms
[224.530s][info][gc,phases   ] GC(159) Concurrent Reset Relocation Set 0.015ms
[224.535s][info][gc,phases   ] GC(159) Concurrent Select Relocation Set 4.980ms
[224.536s][info][gc,phases   ] GC(159) Pause Relocate Start 0.009ms
[224.536s][info][gc,phases   ] GC(159) Concurrent Relocate 0.620ms
[224.536s][info][gc,load     ] GC(159) Load: 0.00/0.00/0.00
[224.536s][info][gc,mmu      ] GC(159) MMU: 2ms/97.7%, 5ms/99.1%, 10ms/99.5%, 20ms/99.8%, 50ms/99.9%, 100ms/99.9%
[224.536s][info][gc,marking  ] GC(159) Mark: 1 stripe(s), 2 proactive flush(es), 1 terminate flush(es), 0 completion(s), 0 continuation(s) 
[224.536s][info][gc,marking  ] GC(159) Mark Stack Usage: 32M
[224.537s][info][gc,nmethod  ] GC(159) NMethods: 2296 registered, 13 unregistered
[224.537s][info][gc,metaspace] GC(159) Metaspace: 13M used, 14M committed, 1088M reserved
[224.537s][info][gc,ref      ] GC(159) Soft: 211 encountered, 0 discovered, 0 enqueued
[224.537s][info][gc,ref      ] GC(159) Weak: 727 encountered, 441 discovered, 0 enqueued
[224.537s][info][gc,ref      ] GC(159) Final: 0 encountered, 0 discovered, 0 enqueued
[224.537s][info][gc,ref      ] GC(159) Phantom: 59 encountered, 46 discovered, 0 enqueued
[224.537s][info][gc,reloc    ] GC(159) Small Pages: 1631 / 3262M, Empty: 3002M, Relocated: 1M, In-Place: 0
[224.537s][info][gc,reloc    ] GC(159) Medium Pages: 0 / 0M, Empty: 0M, Relocated: 0M, In-Place: 0
[224.537s][info][gc,reloc    ] GC(159) Large Pages: 0 / 0M, Empty: 0M, Relocated: 0M, In-Place: 0
[224.537s][info][gc,reloc    ] GC(159) Forwarding Usage: 0M
[224.537s][info][gc,heap     ] GC(159) Min Capacity: 8M(0%)
[224.537s][info][gc,heap     ] GC(159) Max Capacity: 4096M(100%)
[224.537s][info][gc,heap     ] GC(159) Soft Max Capacity: 4096M(100%)
[224.537s][info][gc,heap     ] GC(159)                Mark Start          Mark End        Relocate Start      Relocate End           High               Low         
[224.537s][info][gc,heap     ] GC(159)  Capacity:     3862M (94%)        3862M (94%)        3862M (94%)        3862M (94%)        3862M (94%)        3862M (94%)    
[224.537s][info][gc,heap     ] GC(159)      Free:      834M (20%)         740M (18%)        3556M (87%)        3802M (93%)        3802M (93%)         556M (14%)    
[224.537s][info][gc,heap     ] GC(159)      Used:     3262M (80%)        3356M (82%)         540M (13%)         294M (7%)         3540M (86%)         294M (7%)     
[224.537s][info][gc,heap     ] GC(159)      Live:         -                10M (0%)           10M (0%)           10M (0%)             -                  -          
[224.537s][info][gc,heap     ] GC(159) Allocated:         -                94M (2%)          280M (7%)          278M (7%)             -                  -          
[224.537s][info][gc,heap     ] GC(159)   Garbage:         -              3251M (79%)         249M (6%)            5M (0%)             -                  -          
[224.537s][info][gc,heap     ] GC(159) Reclaimed:         -                  -              3002M (73%)        3246M (79%)            -                  -          
[224.537s][info][gc          ] GC(159) Garbage Collection (Allocation Rate) 3262M(80%)->294M(7%)
[225.830s][info][gc,start    ] GC(160) Garbage Collection (Proactive)
[225.830s][info][gc,task     ] GC(160) Using 12 workers
[225.831s][info][gc,phases   ] GC(160) Pause Mark Start 0.011ms
[225.836s][info][gc,phases   ] GC(160) Concurrent Mark 5.605ms
[225.837s][info][gc,phases   ] GC(160) Pause Mark End 0.020ms
[225.837s][info][gc,phases   ] GC(160) Concurrent Mark Free 0.001ms
[225.845s][info][gc,phases   ] GC(160) Concurrent Process Non-Strong References 8.739ms
[225.845s][info][gc,phases   ] GC(160) Concurrent Reset Relocation Set 0.014ms
[225.851s][info][gc,phases   ] GC(160) Concurrent Select Relocation Set 5.075ms
[225.851s][info][gc,phases   ] GC(160) Pause Relocate Start 0.008ms
[225.851s][info][gc,phases   ] GC(160) Concurrent Relocate 0.389ms
[225.851s][info][gc,load     ] GC(160) Load: 0.00/0.00/0.00
[225.851s][info][gc,mmu      ] GC(160) MMU: 2ms/97.7%, 5ms/99.1%, 10ms/99.5%, 20ms/99.8%, 50ms/99.9%, 100ms/99.9%
[225.851s][info][gc,marking  ] GC(160) Mark: 8 stripe(s), 2 proactive flush(es), 1 terminate flush(es), 0 completion(s), 0 continuation(s) 
[225.851s][info][gc,marking  ] GC(160) Mark Stack Usage: 32M
[225.851s][info][gc,nmethod  ] GC(160) NMethods: 2296 registered, 13 unregistered
[225.851s][info][gc,metaspace] GC(160) Metaspace: 13M used, 14M committed, 1088M reserved
[225.851s][info][gc,ref      ] GC(160) Soft: 211 encountered, 0 discovered, 0 enqueued
[225.851s][info][gc,ref      ] GC(160) Weak: 727 encountered, 91 discovered, 0 enqueued
[225.851s][info][gc,ref      ] GC(160) Final: 0 encountered, 0 discovered, 0 enqueued
[225.851s][info][gc,ref      ] GC(160) Phantom: 59 encountered, 31 discovered, 0 enqueued
[225.851s][info][gc,reloc    ] GC(160) Small Pages: 1481 / 2962M, Empty: 2706M, Relocated: 1M, In-Place: 0
[225.851s][info][gc,reloc    ] GC(160) Medium Pages: 0 / 0M, Empty: 0M, Relocated: 0M, In-Place: 0
[225.851s][info][gc,reloc    ] GC(160) Large Pages: 0 / 0M, Empty: 0M, Relocated: 0M, In-Place: 0
[225.851s][info][gc,reloc    ] GC(160) Forwarding Usage: 0M
[225.851s][info][gc,heap     ] GC(160) Min Capacity: 8M(0%)
[225.852s][info][gc,heap     ] GC(160) Max Capacity: 4096M(100%)
[225.852s][info][gc,heap     ] GC(160) Soft Max Capacity: 4096M(100%)
[225.852s][info][gc,heap     ] GC(160)                Mark Start          Mark End        Relocate Start      Relocate End           High               Low         
[225.852s][info][gc,heap     ] GC(160)  Capacity:     3862M (94%)        3862M (94%)        3862M (94%)        3862M (94%)        3862M (94%)        3862M (94%)    
[225.852s][info][gc,heap     ] GC(160)      Free:     1134M (28%)        1042M (25%)        3746M (91%)        3966M (97%)        3966M (97%)        1040M (25%)    
[225.852s][info][gc,heap     ] GC(160)      Used:     2962M (72%)        3054M (75%)         350M (9%)          130M (3%)         3056M (75%)         130M (3%)     
[225.852s][info][gc,heap     ] GC(160)      Live:         -                10M (0%)           10M (0%)           10M (0%)             -                  -          
[225.852s][info][gc,heap     ] GC(160) Allocated:         -                92M (2%)           94M (2%)           92M (2%)             -                  -          
[225.852s][info][gc,heap     ] GC(160)   Garbage:         -              2951M (72%)         245M (6%)           27M (1%)             -                  -          
[225.852s][info][gc,heap     ] GC(160) Reclaimed:         -                  -              2706M (66%)        2924M (71%)            -                  -          
[225.852s][info][gc          ] GC(160) Garbage Collection (Proactive) 2962M(72%)->130M(3%)
[226.968s][info][gc,start    ] GC(161) Garbage Collection (System.gc())
[226.968s][info][gc,task     ] GC(161) Using 12 workers
[226.968s][info][gc,phases   ] GC(161) Pause Mark Start 0.016ms
[226.982s][info][gc,phases   ] GC(161) Concurrent Mark 13.599ms
[226.982s][info][gc,phases   ] GC(161) Pause Mark End 0.018ms
[226.982s][info][gc,phases   ] GC(161) Concurrent Mark Free 0.001ms
[226.993s][info][gc,phases   ] GC(161) Concurrent Process Non-Strong References 11.446ms
[226.994s][info][gc,phases   ] GC(161) Concurrent Reset Relocation Set 0.013ms
[226.998s][info][gc,phases   ] GC(161) Concurrent Select Relocation Set 4.612ms
[226.998s][info][gc,phases   ] GC(161) Pause Relocate Start 0.006ms
[227.001s][info][gc,phases   ] GC(161) Concurrent Relocate 2.845ms
[227.001s][info][gc,load     ] GC(161) Load: 0.00/0.00/0.00
[227.001s][info][gc,mmu      ] GC(161) MMU: 2ms/97.7%, 5ms/99.1%, 10ms/99.5%, 20ms/99.8%, 50ms/99.9%, 100ms/99.9%
[227.001s][info][gc,marking  ] GC(161) Mark: 8 stripe(s), 1 proactive flush(es), 1 terminate flush(es), 0 completion(s), 0 continuation(s) 
[227.001s][info][gc,marking  ] GC(161) Mark Stack Usage: 32M
[227.001s][info][gc,nmethod  ] GC(161) NMethods: 2296 registered, 13 unregistered
[227.001s][info][gc,metaspace] GC(161) Metaspace: 13M used, 14M committed, 1088M reserved
[227.001s][info][gc,ref      ] GC(161) Soft: 211 encountered, 0 discovered, 0 enqueued
[227.001s][info][gc,ref      ] GC(161) Weak: 627 encountered, 79 discovered, 0 enqueued
[227.001s][info][gc,ref      ] GC(161) Final: 0 encountered, 0 discovered, 0 enqueued
[227.001s][info][gc,ref      ] GC(161) Phantom: 59 encountered, 37 discovered, 0 enqueued
[227.001s][info][gc,reloc    ] GC(161) Small Pages: 1243 / 2486M, Empty: 2418M, Relocated: 3M, In-Place: 0
[227.001s][info][gc,reloc    ] GC(161) Medium Pages: 0 / 0M, Empty: 0M, Relocated: 0M, In-Place: 0
[227.001s][info][gc,reloc    ] GC(161) Large Pages: 0 / 0M, Empty: 0M, Relocated: 0M, In-Place: 0
[227.001s][info][gc,reloc    ] GC(161) Forwarding Usage: 1M
[227.001s][info][gc,heap     ] GC(161) Min Capacity: 8M(0%)
[227.001s][info][gc,heap     ] GC(161) Max Capacity: 4096M(100%)
[227.001s][info][gc,heap     ] GC(161) Soft Max Capacity: 4096M(100%)
[227.001s][info][gc,heap     ] GC(161)                Mark Start          Mark End        Relocate Start      Relocate End           High               Low         
[227.002s][info][gc,heap     ] GC(161)  Capacity:     3862M (94%)        3862M (94%)        3862M (94%)        3862M (94%)        3862M (94%)        3862M (94%)    
[227.002s][info][gc,heap     ] GC(161)      Free:     1610M (39%)        1610M (39%)        4028M (98%)        4068M (99%)        4068M (99%)        1610M (39%)    
[227.002s][info][gc,heap     ] GC(161)      Used:     2486M (61%)        2486M (61%)          68M (2%)           28M (1%)         2486M (61%)          28M (1%)     
[227.002s][info][gc,heap     ] GC(161)      Live:         -                 6M (0%)            6M (0%)            6M (0%)             -                  -          
[227.002s][info][gc,heap     ] GC(161) Allocated:         -                 0M (0%)            0M (0%)            0M (0%)             -                  -          
[227.002s][info][gc,heap     ] GC(161)   Garbage:         -              2479M (61%)          61M (2%)           21M (1%)             -                  -          
[227.002s][info][gc,heap     ] GC(161) Reclaimed:         -                  -              2418M (59%)        2458M (60%)            -                  -          
[227.002s][info][gc          ] GC(161) Garbage Collection (System.gc()) 2486M(61%)->28M(1%)
[228.230s][info][gc,start    ] GC(162) Garbage Collection (Allocation Rate)
[228.230s][info][gc,task     ] GC(162) Using 1 workers
[228.231s][info][gc,phases   ] GC(162) Pause Mark Start 0.013ms
[228.254s][info][gc,phases   ] GC(162) Concurrent Mark 23.314ms
[228.254s][info][gc,phases   ] GC(162) Pause Mark End 0.018ms
[228.254s][info][gc,phases   ] GC(162) Concurrent Mark Free 0.001ms
[228.341s][info][gc,phases   ] GC(162) Concurrent Process Non-Strong References 86.392ms
[228.341s][info][gc,phases   ] GC(162) Concurrent Reset Relocation Set 0.006ms
[228.345s][info][gc,phases   ] GC(162) Concurrent Select Relocation Set 3.737ms
[228.345s][info][gc,phases   ] GC(162) Pause Relocate Start 0.008ms
[228.347s][info][gc,phases   ] GC(162) Concurrent Relocate 1.582ms
[228.347s][info][gc,load     ] GC(162) Load: 0.00/0.00/0.00
[228.347s][info][gc,mmu      ] GC(162) MMU: 2ms/97.7%, 5ms/99.1%, 10ms/99.5%, 20ms/99.8%, 50ms/99.9%, 100ms/99.9%
[228.347s][info][gc,marking  ] GC(162) Mark: 1 stripe(s), 2 proactive flush(es), 1 terminate flush(es), 0 completion(s), 0 continuation(s) 
[228.347s][info][gc,marking  ] GC(162) Mark Stack Usage: 32M
[228.347s][info][gc,nmethod  ] GC(162) NMethods: 2296 registered, 14 unregistered
[228.347s][info][gc,metaspace] GC(162) Metaspace: 13M used, 14M committed, 1088M reserved
[228.347s][info][gc,ref      ] GC(162) Soft: 211 encountered, 0 discovered, 0 enqueued
[228.347s][info][gc,ref      ] GC(162) Weak: 723 encountered, 439 discovered, 0 enqueued
[228.347s][info][gc,ref      ] GC(162) Final: 0 encountered, 0 discovered, 0 enqueued
[228.347s][info][gc,ref      ] GC(162) Phantom: 59 encountered, 46 discovered, 0 enqueued
[228.347s][info][gc,reloc    ] GC(162) Small Pages: 1274 / 2548M, Empty: 2296M, Relocated: 2M, In-Place: 0
[228.347s][info][gc,reloc    ] GC(162) Medium Pages: 0 / 0M, Empty: 0M, Relocated: 0M, In-Place: 0
[228.347s][info][gc,reloc    ] GC(162) Large Pages: 0 / 0M, Empty: 0M, Relocated: 0M, In-Place: 0
[228.347s][info][gc,reloc    ] GC(162) Forwarding Usage: 0M
[228.347s][info][gc,heap     ] GC(162) Min Capacity: 8M(0%)
[228.347s][info][gc,heap     ] GC(162) Max Capacity: 4096M(100%)
[228.347s][info][gc,heap     ] GC(162) Soft Max Capacity: 4096M(100%)
[228.347s][info][gc,heap     ] GC(162)                Mark Start          Mark End        Relocate Start      Relocate End           High               Low         
[228.347s][info][gc,heap     ] GC(162)  Capacity:     3862M (94%)        3862M (94%)        3862M (94%)        3862M (94%)        3862M (94%)        3862M (94%)    
[228.347s][info][gc,heap     ] GC(162)      Free:     1548M (38%)        1454M (35%)        3558M (87%)        3798M (93%)        3798M (93%)        1264M (31%)    
[228.347s][info][gc,heap     ] GC(162)      Used:     2548M (62%)        2642M (65%)         538M (13%)         298M (7%)         2832M (69%)         298M (7%)     
[228.347s][info][gc,heap     ] GC(162)      Live:         -                 8M (0%)            8M (0%)            8M (0%)             -                  -          
[228.347s][info][gc,heap     ] GC(162) Allocated:         -                94M (2%)          286M (7%)          286M (7%)             -                  -          
[228.347s][info][gc,heap     ] GC(162)   Garbage:         -              2539M (62%)         243M (6%)            2M (0%)             -                  -          
[228.347s][info][gc,heap     ] GC(162) Reclaimed:         -                  -              2296M (56%)        2536M (62%)            -                  -          
[228.347s][info][gc          ] GC(162) Garbage Collection (Allocation Rate) 2548M(62%)->298M(7%)
[229.630s][info][gc,start    ] GC(163) Garbage Collection (Allocation Rate)
[229.630s][info][gc,task     ] GC(163) Using 1 workers
[229.631s][info][gc,phases   ] GC(163) Pause Mark Start 0.010ms
[229.651s][info][gc,phases   ] GC(163) Concurrent Mark 20.428ms
[229.651s][info][gc,phases   ] GC(163) Pause Mark End 0.019ms
[229.651s][info][gc,phases   ] GC(163) Concurrent Mark Free 0.001ms
[229.727s][info][gc,phases   ] GC(163) Concurrent Process Non-Strong References 75.586ms
[229.727s][info][gc,phases   ] GC(163) Concurrent Reset Relocation Set 0.020ms
[229.731s][info][gc,phases   ] GC(163) Concurrent Select Relocation Set 3.596ms
[229.731s][info][gc,phases   ] GC(163) Pause Relocate Start 0.008ms
[229.733s][info][gc,phases   ] GC(163) Concurrent Relocate 1.733ms
[229.733s][info][gc,load     ] GC(163) Load: 0.00/0.00/0.00
[229.733s][info][gc,mmu      ] GC(163) MMU: 2ms/97.7%, 5ms/99.1%, 10ms/99.5%, 20ms/99.8%, 50ms/99.9%, 100ms/99.9%
[229.733s][info][gc,marking  ] GC(163) Mark: 1 stripe(s), 2 proactive flush(es), 1 terminate flush(es), 0 completion(s), 0 continuation(s) 
[229.733s][info][gc,marking  ] GC(163) Mark Stack Usage: 32M
[229.733s][info][gc,nmethod  ] GC(163) NMethods: 2296 registered, 14 unregistered
[229.733s][info][gc,metaspace] GC(163) Metaspace: 13M used, 14M committed, 1088M reserved
[229.733s][info][gc,ref      ] GC(163) Soft: 211 encountered, 0 discovered, 0 enqueued
[229.733s][info][gc,ref      ] GC(163) Weak: 723 encountered, 439 discovered, 0 enqueued
[229.733s][info][gc,ref      ] GC(163) Final: 0 encountered, 0 discovered, 0 enqueued
[229.733s][info][gc,ref      ] GC(163) Phantom: 59 encountered, 46 discovered, 0 enqueued
[229.733s][info][gc,reloc    ] GC(163) Small Pages: 1389 / 2778M, Empty: 2522M, Relocated: 3M, In-Place: 0
[229.733s][info][gc,reloc    ] GC(163) Medium Pages: 0 / 0M, Empty: 0M, Relocated: 0M, In-Place: 0
[229.733s][info][gc,reloc    ] GC(163) Large Pages: 0 / 0M, Empty: 0M, Relocated: 0M, In-Place: 0
[229.733s][info][gc,reloc    ] GC(163) Forwarding Usage: 0M
[229.733s][info][gc,heap     ] GC(163) Min Capacity: 8M(0%)
[229.733s][info][gc,heap     ] GC(163) Max Capacity: 4096M(100%)
[229.733s][info][gc,heap     ] GC(163) Soft Max Capacity: 4096M(100%)
[229.733s][info][gc,heap     ] GC(163)                Mark Start          Mark End        Relocate Start      Relocate End           High               Low         
[229.733s][info][gc,heap     ] GC(163)  Capacity:     3862M (94%)        3862M (94%)        3862M (94%)        3862M (94%)        3862M (94%)        3862M (94%)    
[229.733s][info][gc,heap     ] GC(163)      Free:     1318M (32%)        1224M (30%)        3616M (88%)        3826M (93%)        3826M (93%)        1116M (27%)    
[229.733s][info][gc,heap     ] GC(163)      Used:     2778M (68%)        2872M (70%)         480M (12%)         270M (7%)         2980M (73%)         270M (7%)     
[229.733s][info][gc,heap     ] GC(163)      Live:         -                 9M (0%)            9M (0%)            9M (0%)             -                  -          
[229.733s][info][gc,heap     ] GC(163) Allocated:         -                94M (2%)          224M (5%)          258M (6%)             -                  -          
[229.733s][info][gc,heap     ] GC(163)   Garbage:         -              2768M (68%)         246M (6%)            2M (0%)             -                  -          
[229.733s][info][gc,heap     ] GC(163) Reclaimed:         -                  -              2522M (62%)        2766M (68%)            -                  -          
[229.733s][info][gc          ] GC(163) Garbage Collection (Allocation Rate) 2778M(68%)->270M(7%)
[230.130s][info][gc,stats    ] === Garbage Collection Statistics =======================================================================================================================
[230.130s][info][gc,stats    ]                                                              Last 10s              Last 10m              Last 10h                Total
[230.130s][info][gc,stats    ]                                                              Avg / Max             Avg / Max             Avg / Max             Avg / Max
[230.130s][info][gc,stats    ]   Collector: Garbage Collection Cycle                     75.210 / 120.379      73.851 / 587.803      73.851 / 587.803      73.851 / 587.803     ms
[230.130s][info][gc,stats    ]  Contention: Mark Segment Reset Contention                     0 / 4                 1 / 26                1 / 26                1 / 26          ops/s
[230.130s][info][gc,stats    ]  Contention: Mark SeqNum Reset Contention                      0 / 1                 0 / 3                 0 / 3                 0 / 3           ops/s
[230.130s][info][gc,stats    ]    Critical: Allocation Stall                                  0 / 0                 0 / 0                 0 / 0                 0 / 0           ops/s
[230.130s][info][gc,stats    ]    Critical: Allocation Stall                              0.000 / 0.000         0.000 / 0.000         0.000 / 0.000         0.000 / 0.000       ms
[230.130s][info][gc,stats    ]    Critical: GC Locker Stall                                   0 / 0                 0 / 0                 0 / 0                 0 / 0           ops/s
[230.130s][info][gc,stats    ]    Critical: GC Locker Stall                               0.000 / 0.000         0.000 / 0.000         0.000 / 0.000         0.000 / 0.000       ms
[230.130s][info][gc,stats    ]    Critical: Relocation Stall                                  0 / 0                 0 / 0                 0 / 0                 0 / 0           ops/s
[230.130s][info][gc,stats    ]    Critical: Relocation Stall                              0.000 / 0.000         0.000 / 0.000         0.000 / 0.000         0.000 / 0.000       ms
[230.130s][info][gc,stats    ]      Memory: Allocation Rate                                1992 / 2156           1959 / 2208           1959 / 2208           1959 / 2208        MB/s
[230.130s][info][gc,stats    ]      Memory: Defragment                                        0 / 0                 0 / 0                 0 / 0                 0 / 0           ops/s
[230.130s][info][gc,stats    ]      Memory: Out Of Memory                                     0 / 0                 0 / 0                 0 / 0                 0 / 0           ops/s
[230.130s][info][gc,stats    ]      Memory: Page Cache Flush                                  0 / 0                 0 / 0                 0 / 0                 0 / 0           MB/s
[230.130s][info][gc,stats    ]      Memory: Page Cache Hit L1                              1000 / 1090            975 / 1107            975 / 1107            975 / 1107        ops/s
[230.130s][info][gc,stats    ]      Memory: Page Cache Hit L2                                 0 / 0                 0 / 0                 0 / 0                 0 / 0           ops/s
[230.130s][info][gc,stats    ]      Memory: Page Cache Hit L3                                 0 / 0                 4 / 448               4 / 448               4 / 448         ops/s
[230.130s][info][gc,stats    ]      Memory: Page Cache Miss                                   0 / 0                 3 / 471               3 / 471               3 / 471         ops/s
[230.130s][info][gc,stats    ]      Memory: Uncommit                                          0 / 0                 0 / 0                 0 / 0                 0 / 0           MB/s
[230.130s][info][gc,stats    ]      Memory: Undo Object Allocation Failed                     0 / 1                 0 / 5                 0 / 5                 0 / 5           ops/s
[230.130s][info][gc,stats    ]      Memory: Undo Object Allocation Succeeded                 14 / 36               20 / 124              20 / 124              20 / 124         ops/s
[230.130s][info][gc,stats    ]      Memory: Undo Page Allocation                              0 / 2                 0 / 23                0 / 23                0 / 23          ops/s
[230.130s][info][gc,stats    ]       Phase: Concurrent Mark                              16.327 / 23.314       20.884 / 549.801      20.884 / 549.801      20.884 / 549.801     ms
[230.130s][info][gc,stats    ]       Phase: Concurrent Mark Continue                      0.000 / 0.000         0.000 / 0.000         0.000 / 0.000         0.000 / 0.000       ms
[230.130s][info][gc,stats    ]       Phase: Concurrent Mark Free                          0.001 / 0.001         0.001 / 0.008         0.001 / 0.008         0.001 / 0.008       ms
[230.130s][info][gc,stats    ]       Phase: Concurrent Process Non-Strong References     50.657 / 86.392       39.009 / 220.058      39.009 / 220.058      39.009 / 220.058     ms
[230.130s][info][gc,stats    ]       Phase: Concurrent Relocate                           2.592 / 5.924         2.643 / 6.016         2.643 / 6.016         2.643 / 6.016       ms
[230.130s][info][gc,stats    ]       Phase: Concurrent Reset Relocation Set               0.015 / 0.020         0.015 / 0.025         0.015 / 0.025         0.015 / 0.025       ms
[230.130s][info][gc,stats    ]       Phase: Concurrent Select Relocation Set              4.513 / 5.075         4.751 / 22.887        4.751 / 22.887        4.751 / 22.887      ms
[230.130s][info][gc,stats    ]       Phase: Pause Mark End                                0.019 / 0.020         0.019 / 0.046         0.019 / 0.046         0.019 / 0.046       ms
[230.131s][info][gc,stats    ]       Phase: Pause Mark Start                              0.013 / 0.017         0.013 / 0.021         0.013 / 0.021         0.013 / 0.021       ms
[230.131s][info][gc,stats    ]       Phase: Pause Relocate Start                          0.008 / 0.009         0.008 / 0.019         0.008 / 0.019         0.008 / 0.019       ms
[230.131s][info][gc,stats    ]    Subphase: Concurrent Classes Purge                      0.009 / 0.028         0.036 / 3.013         0.036 / 3.013         0.036 / 3.013       ms
[230.131s][info][gc,stats    ]    Subphase: Concurrent Classes Unlink                     3.387 / 5.913         3.149 / 7.490         3.149 / 7.490         3.149 / 7.490       ms
[230.131s][info][gc,stats    ]    Subphase: Concurrent Mark                               8.848 / 22.059        8.729 / 109.674       8.729 / 109.674       8.729 / 109.674     ms
[230.131s][info][gc,stats    ]    Subphase: Concurrent Mark Try Flush                     0.100 / 0.164         0.474 / 80.074        0.474 / 80.074        0.474 / 80.074      ms
[230.131s][info][gc,stats    ]    Subphase: Concurrent Mark Try Terminate                 2.973 / 11.361        2.296 / 15.651        2.296 / 15.651        2.296 / 15.651      ms
[230.131s][info][gc,stats    ]    Subphase: Concurrent References Enqueue                 0.001 / 0.001         0.001 / 0.007         0.001 / 0.007         0.001 / 0.007       ms
[230.131s][info][gc,stats    ]    Subphase: Concurrent References Process                 0.088 / 0.151         0.091 / 0.196         0.091 / 0.196         0.091 / 0.196       ms
[230.131s][info][gc,stats    ]    Subphase: Concurrent Roots ClassLoaderDataGraph         0.069 / 0.380         0.078 / 0.923         0.078 / 0.923         0.078 / 0.923       ms
[230.131s][info][gc,stats    ]    Subphase: Concurrent Roots CodeCache                    0.000 / 0.000         0.000 / 0.000         0.000 / 0.000         0.000 / 0.000       ms
[230.131s][info][gc,stats    ]    Subphase: Concurrent Roots JavaThreads                  0.157 / 0.741         0.801 / 473.279       0.801 / 473.279       0.801 / 473.279     ms
[230.131s][info][gc,stats    ]    Subphase: Concurrent Roots OopStorageSet                0.030 / 0.166         0.065 / 1.317         0.065 / 1.317         0.065 / 1.317       ms
[230.131s][info][gc,stats    ]    Subphase: Concurrent Weak Roots OopStorageSet          15.325 / 81.183       11.220 / 87.303       11.220 / 87.303       11.220 / 87.303      ms
[230.131s][info][gc,stats    ]    Subphase: Pause Mark Try Complete                       0.000 / 0.000         0.004 / 0.007         0.004 / 0.007         0.004 / 0.007       ms
[230.131s][info][gc,stats    ]      System: Java Threads                                     52 / 60               53 / 73               53 / 73               53 / 73          threads
[230.131s][info][gc,stats    ] =========================================================================================================================================================
[231.231s][info][gc,start    ] GC(164) Garbage Collection (Allocation Rate)
[231.231s][info][gc,task     ] GC(164) Using 1 workers
[231.231s][info][gc,phases   ] GC(164) Pause Mark Start 0.013ms
[231.253s][info][gc,phases   ] GC(164) Concurrent Mark 22.079ms
[231.253s][info][gc,phases   ] GC(164) Pause Mark End 0.019ms
[231.253s][info][gc,phases   ] GC(164) Concurrent Mark Free 0.001ms
[231.345s][info][gc,phases   ] GC(164) Concurrent Process Non-Strong References 91.931ms
[231.345s][info][gc,phases   ] GC(164) Concurrent Reset Relocation Set 0.016ms
[231.350s][info][gc,phases   ] GC(164) Concurrent Select Relocation Set 5.049ms
[231.351s][info][gc,phases   ] GC(164) Pause Relocate Start 0.009ms
[231.352s][info][gc,phases   ] GC(164) Concurrent Relocate 1.605ms
[231.352s][info][gc,load     ] GC(164) Load: 0.00/0.00/0.00
[231.353s][info][gc,mmu      ] GC(164) MMU: 2ms/97.7%, 5ms/99.1%, 10ms/99.5%, 20ms/99.8%, 50ms/99.9%, 100ms/99.9%
[231.353s][info][gc,marking  ] GC(164) Mark: 1 stripe(s), 2 proactive flush(es), 1 terminate flush(es), 0 completion(s), 0 continuation(s) 
[231.353s][info][gc,marking  ] GC(164) Mark Stack Usage: 32M
[231.353s][info][gc,nmethod  ] GC(164) NMethods: 2296 registered, 14 unregistered
[231.353s][info][gc,metaspace] GC(164) Metaspace: 13M used, 14M committed, 1088M reserved
[231.353s][info][gc,ref      ] GC(164) Soft: 211 encountered, 0 discovered, 0 enqueued
[231.353s][info][gc,ref      ] GC(164) Weak: 723 encountered, 439 discovered, 0 enqueued
[231.353s][info][gc,ref      ] GC(164) Final: 0 encountered, 0 discovered, 0 enqueued
[231.353s][info][gc,ref      ] GC(164) Phantom: 59 encountered, 46 discovered, 0 enqueued
[231.353s][info][gc,reloc    ] GC(164) Small Pages: 1616 / 3232M, Empty: 2958M, Relocated: 3M, In-Place: 0
[231.353s][info][gc,reloc    ] GC(164) Medium Pages: 0 / 0M, Empty: 0M, Relocated: 0M, In-Place: 0
[231.353s][info][gc,reloc    ] GC(164) Large Pages: 0 / 0M, Empty: 0M, Relocated: 0M, In-Place: 0
[231.353s][info][gc,reloc    ] GC(164) Forwarding Usage: 0M
[231.353s][info][gc,heap     ] GC(164) Min Capacity: 8M(0%)
[231.353s][info][gc,heap     ] GC(164) Max Capacity: 4096M(100%)
[231.353s][info][gc,heap     ] GC(164) Soft Max Capacity: 4096M(100%)
[231.353s][info][gc,heap     ] GC(164)                Mark Start          Mark End        Relocate Start      Relocate End           High               Low         
[231.353s][info][gc,heap     ] GC(164)  Capacity:     3862M (94%)        3862M (94%)        3862M (94%)        3862M (94%)        3862M (94%)        3862M (94%)    
[231.353s][info][gc,heap     ] GC(164)      Free:      864M (21%)         766M (19%)        3536M (86%)        3794M (93%)        3794M (93%)         580M (14%)    
[231.353s][info][gc,heap     ] GC(164)      Used:     3232M (79%)        3330M (81%)         560M (14%)         302M (7%)         3516M (86%)         302M (7%)     
[231.353s][info][gc,heap     ] GC(164)      Live:         -                 9M (0%)            9M (0%)            9M (0%)             -                  -          
[231.353s][info][gc,heap     ] GC(164) Allocated:         -                98M (2%)          286M (7%)          290M (7%)             -                  -          
[231.353s][info][gc,heap     ] GC(164)   Garbage:         -              3222M (79%)         264M (6%)            2M (0%)             -                  -          
[231.353s][info][gc,heap     ] GC(164) Reclaimed:         -                  -              2958M (72%)        3220M (79%)            -                  -          
[231.353s][info][gc          ] GC(164) Garbage Collection (Allocation Rate) 3232M(79%)->302M(7%)
[232.731s][info][gc,start    ] GC(165) Garbage Collection (Proactive)
[232.731s][info][gc,task     ] GC(165) Using 12 workers
[232.731s][info][gc,phases   ] GC(165) Pause Mark Start 0.012ms
[232.737s][info][gc,phases   ] GC(165) Concurrent Mark 5.648ms
[232.737s][info][gc,phases   ] GC(165) Pause Mark End 0.021ms
[232.737s][info][gc,phases   ] GC(165) Concurrent Mark Free 0.001ms
[232.745s][info][gc,phases   ] GC(165) Concurrent Process Non-Strong References 7.973ms
[232.745s][info][gc,phases   ] GC(165) Concurrent Reset Relocation Set 0.016ms
[232.750s][info][gc,phases   ] GC(165) Concurrent Select Relocation Set 5.014ms
[232.750s][info][gc,phases   ] GC(165) Pause Relocate Start 0.007ms
[232.753s][info][gc,phases   ] GC(165) Concurrent Relocate 2.761ms
[232.753s][info][gc,load     ] GC(165) Load: 0.00/0.00/0.00
[232.753s][info][gc,mmu      ] GC(165) MMU: 2ms/97.7%, 5ms/99.1%, 10ms/99.5%, 20ms/99.8%, 50ms/99.9%, 100ms/99.9%
[232.753s][info][gc,marking  ] GC(165) Mark: 8 stripe(s), 2 proactive flush(es), 1 terminate flush(es), 0 completion(s), 0 continuation(s) 
[232.753s][info][gc,marking  ] GC(165) Mark Stack Usage: 32M
[232.753s][info][gc,nmethod  ] GC(165) NMethods: 2296 registered, 14 unregistered
[232.753s][info][gc,metaspace] GC(165) Metaspace: 13M used, 14M committed, 1088M reserved
[232.753s][info][gc,ref      ] GC(165) Soft: 211 encountered, 0 discovered, 0 enqueued
[232.753s][info][gc,ref      ] GC(165) Weak: 723 encountered, 118 discovered, 0 enqueued
[232.753s][info][gc,ref      ] GC(165) Final: 0 encountered, 0 discovered, 0 enqueued
[232.753s][info][gc,ref      ] GC(165) Phantom: 59 encountered, 37 discovered, 0 enqueued
[232.753s][info][gc,reloc    ] GC(165) Small Pages: 1544 / 3088M, Empty: 2814M, Relocated: 3M, In-Place: 0
[232.753s][info][gc,reloc    ] GC(165) Medium Pages: 0 / 0M, Empty: 0M, Relocated: 0M, In-Place: 0
[232.753s][info][gc,reloc    ] GC(165) Large Pages: 0 / 0M, Empty: 0M, Relocated: 0M, In-Place: 0
[232.753s][info][gc,reloc    ] GC(165) Forwarding Usage: 0M
[232.753s][info][gc,heap     ] GC(165) Min Capacity: 8M(0%)
[232.753s][info][gc,heap     ] GC(165) Max Capacity: 4096M(100%)
[232.753s][info][gc,heap     ] GC(165) Soft Max Capacity: 4096M(100%)
[232.753s][info][gc,heap     ] GC(165)                Mark Start          Mark End        Relocate Start      Relocate End           High               Low         
[232.754s][info][gc,heap     ] GC(165)  Capacity:     3862M (94%)        3862M (94%)        3862M (94%)        3862M (94%)        3862M (94%)        3862M (94%)    
[232.754s][info][gc,heap     ] GC(165)      Free:     1008M (25%)         926M (23%)        3728M (91%)        3970M (97%)        3970M (97%)         918M (22%)    
[232.754s][info][gc,heap     ] GC(165)      Used:     3088M (75%)        3170M (77%)         368M (9%)          126M (3%)         3178M (78%)         126M (3%)     
[232.754s][info][gc,heap     ] GC(165)      Live:         -                 9M (0%)            9M (0%)            9M (0%)             -                  -          
[232.754s][info][gc,heap     ] GC(165) Allocated:         -                82M (2%)           94M (2%)           92M (2%)             -                  -          
[232.754s][info][gc,heap     ] GC(165)   Garbage:         -              3078M (75%)         264M (6%)           23M (1%)             -                  -          
[232.754s][info][gc,heap     ] GC(165) Reclaimed:         -                  -              2814M (69%)        3054M (75%)            -                  -          
[232.754s][info][gc          ] GC(165) Garbage Collection (Proactive) 3088M(75%)->126M(3%)
[234.329s][info][gc,start    ] GC(166) Garbage Collection (Allocation Rate)
[234.329s][info][gc,task     ] GC(166) Using 1 workers
[234.329s][info][gc,phases   ] GC(166) Pause Mark Start 0.012ms
[234.353s][info][gc,phases   ] GC(166) Concurrent Mark 23.668ms
[234.353s][info][gc,phases   ] GC(166) Pause Mark End 0.029ms
[234.353s][info][gc,phases   ] GC(166) Concurrent Mark Free 0.002ms
[234.448s][info][gc,phases   ] GC(166) Concurrent Process Non-Strong References 94.422ms
[234.448s][info][gc,phases   ] GC(166) Concurrent Reset Relocation Set 0.020ms
[234.454s][info][gc,phases   ] GC(166) Concurrent Select Relocation Set 5.877ms
[234.454s][info][gc,phases   ] GC(166) Pause Relocate Start 0.009ms
[234.464s][info][gc,phases   ] GC(166) Concurrent Relocate 10.088ms
[234.464s][info][gc,load     ] GC(166) Load: 0.00/0.00/0.00
[234.465s][info][gc,mmu      ] GC(166) MMU: 2ms/97.7%, 5ms/99.1%, 10ms/99.5%, 20ms/99.8%, 50ms/99.9%, 100ms/99.9%
[234.465s][info][gc,marking  ] GC(166) Mark: 1 stripe(s), 2 proactive flush(es), 1 terminate flush(es), 0 completion(s), 0 continuation(s) 
[234.465s][info][gc,marking  ] GC(166) Mark Stack Usage: 32M
[234.465s][info][gc,nmethod  ] GC(166) NMethods: 2296 registered, 14 unregistered
[234.465s][info][gc,metaspace] GC(166) Metaspace: 13M used, 14M committed, 1088M reserved
[234.465s][info][gc,ref      ] GC(166) Soft: 211 encountered, 0 discovered, 0 enqueued
[234.465s][info][gc,ref      ] GC(166) Weak: 723 encountered, 439 discovered, 0 enqueued
[234.465s][info][gc,ref      ] GC(166) Final: 0 encountered, 0 discovered, 0 enqueued
[234.465s][info][gc,ref      ] GC(166) Phantom: 59 encountered, 46 discovered, 0 enqueued
[234.465s][info][gc,reloc    ] GC(166) Small Pages: 1668 / 3336M, Empty: 3044M, Relocated: 4M, In-Place: 0
[234.465s][info][gc,reloc    ] GC(166) Medium Pages: 0 / 0M, Empty: 0M, Relocated: 0M, In-Place: 0
[234.465s][info][gc,reloc    ] GC(166) Large Pages: 0 / 0M, Empty: 0M, Relocated: 0M, In-Place: 0
[234.465s][info][gc,reloc    ] GC(166) Forwarding Usage: 1M
[234.465s][info][gc,heap     ] GC(166) Min Capacity: 8M(0%)
[234.465s][info][gc,heap     ] GC(166) Max Capacity: 4096M(100%)
[234.465s][info][gc,heap     ] GC(166) Soft Max Capacity: 4096M(100%)
[234.465s][info][gc,heap     ] GC(166)                Mark Start          Mark End        Relocate Start      Relocate End           High               Low         
[234.465s][info][gc,heap     ] GC(166)  Capacity:     3862M (94%)        3862M (94%)        3862M (94%)        3862M (94%)        3862M (94%)        3862M (94%)    
[234.465s][info][gc,heap     ] GC(166)      Free:      760M (19%)         664M (16%)        3512M (86%)        3750M (92%)        3778M (92%)         480M (12%)    
[234.465s][info][gc,heap     ] GC(166)      Used:     3336M (81%)        3432M (84%)         584M (14%)         346M (8%)         3616M (88%)         318M (8%)     
[234.465s][info][gc,heap     ] GC(166)      Live:         -                 9M (0%)            9M (0%)            9M (0%)             -                  -          
[234.465s][info][gc,heap     ] GC(166) Allocated:         -                96M (2%)          292M (7%)          334M (8%)             -                  -          
[234.465s][info][gc,heap     ] GC(166)   Garbage:         -              3326M (81%)         282M (7%)            1M (0%)             -                  -          
[234.465s][info][gc,heap     ] GC(166) Reclaimed:         -                  -              3044M (74%)        3324M (81%)            -                  -          
[234.465s][info][gc          ] GC(166) Garbage Collection (Allocation Rate) 3336M(81%)->346M(8%)
[235.731s][info][gc,start    ] GC(167) Garbage Collection (Allocation Rate)
[235.731s][info][gc,task     ] GC(167) Using 1 workers
[235.731s][info][gc,phases   ] GC(167) Pause Mark Start 0.013ms
[235.759s][info][gc,phases   ] GC(167) Concurrent Mark 28.593ms
[235.760s][info][gc,phases   ] GC(167) Pause Mark End 0.019ms
[235.760s][info][gc,phases   ] GC(167) Concurrent Mark Free 0.001ms
[235.850s][info][gc,phases   ] GC(167) Concurrent Process Non-Strong References 90.519ms
[235.850s][info][gc,phases   ] GC(167) Concurrent Reset Relocation Set 0.022ms
[235.856s][info][gc,phases   ] GC(167) Concurrent Select Relocation Set 5.409ms
[235.856s][info][gc,phases   ] GC(167) Pause Relocate Start 0.008ms
[235.860s][info][gc,phases   ] GC(167) Concurrent Relocate 3.470ms
[235.860s][info][gc,load     ] GC(167) Load: 0.00/0.00/0.00
[235.860s][info][gc,mmu      ] GC(167) MMU: 2ms/97.7%, 5ms/99.1%, 10ms/99.5%, 20ms/99.8%, 50ms/99.9%, 100ms/99.9%
[235.860s][info][gc,marking  ] GC(167) Mark: 1 stripe(s), 2 proactive flush(es), 1 terminate flush(es), 0 completion(s), 0 continuation(s) 
[235.860s][info][gc,marking  ] GC(167) Mark Stack Usage: 32M
[235.860s][info][gc,nmethod  ] GC(167) NMethods: 2296 registered, 14 unregistered
[235.860s][info][gc,metaspace] GC(167) Metaspace: 13M used, 14M committed, 1088M reserved
[235.860s][info][gc,ref      ] GC(167) Soft: 211 encountered, 0 discovered, 0 enqueued
[235.860s][info][gc,ref      ] GC(167) Weak: 723 encountered, 439 discovered, 0 enqueued
[235.860s][info][gc,ref      ] GC(167) Final: 0 encountered, 0 discovered, 0 enqueued
[235.860s][info][gc,ref      ] GC(167) Phantom: 59 encountered, 46 discovered, 0 enqueued
[235.860s][info][gc,reloc    ] GC(167) Small Pages: 1668 / 3336M, Empty: 3080M, Relocated: 3M, In-Place: 0
[235.860s][info][gc,reloc    ] GC(167) Medium Pages: 0 / 0M, Empty: 0M, Relocated: 0M, In-Place: 0
[235.860s][info][gc,reloc    ] GC(167) Large Pages: 0 / 0M, Empty: 0M, Relocated: 0M, In-Place: 0
[235.860s][info][gc,reloc    ] GC(167) Forwarding Usage: 0M
[235.860s][info][gc,heap     ] GC(167) Min Capacity: 8M(0%)
[235.860s][info][gc,heap     ] GC(167) Max Capacity: 4096M(100%)
[235.860s][info][gc,heap     ] GC(167) Soft Max Capacity: 4096M(100%)
[235.860s][info][gc,heap     ] GC(167)                Mark Start          Mark End        Relocate Start      Relocate End           High               Low         
[235.860s][info][gc,heap     ] GC(167)  Capacity:     3862M (94%)        3862M (94%)        3862M (94%)        3862M (94%)        3862M (94%)        3862M (94%)    
[235.860s][info][gc,heap     ] GC(167)      Free:      760M (19%)         666M (16%)        3502M (85%)        3732M (91%)        3732M (91%)         438M (11%)    
[235.860s][info][gc,heap     ] GC(167)      Used:     3336M (81%)        3430M (84%)         594M (15%)         364M (9%)         3658M (89%)         364M (9%)     
[235.860s][info][gc,heap     ] GC(167)      Live:         -                 9M (0%)            9M (0%)            9M (0%)             -                  -          
[235.860s][info][gc,heap     ] GC(167) Allocated:         -                94M (2%)          338M (8%)          352M (9%)             -                  -          
[235.860s][info][gc,heap     ] GC(167)   Garbage:         -              3326M (81%)         246M (6%)            1M (0%)             -                  -          
[235.860s][info][gc,heap     ] GC(167) Reclaimed:         -                  -              3080M (75%)        3324M (81%)            -                  -          
[235.860s][info][gc          ] GC(167) Garbage Collection (Allocation Rate) 3336M(81%)->364M(9%)
[237.030s][info][gc,start    ] GC(168) Garbage Collection (Proactive)
[237.030s][info][gc,task     ] GC(168) Using 12 workers
[237.030s][info][gc,phases   ] GC(168) Pause Mark Start 0.011ms
[237.035s][info][gc,phases   ] GC(168) Concurrent Mark 4.634ms
[237.035s][info][gc,phases   ] GC(168) Pause Mark End 0.018ms
[237.035s][info][gc,phases   ] GC(168) Concurrent Mark Free 0.001ms
[237.044s][info][gc,phases   ] GC(168) Concurrent Process Non-Strong References 9.183ms
[237.044s][info][gc,phases   ] GC(168) Concurrent Reset Relocation Set 0.014ms
[237.048s][info][gc,phases   ] GC(168) Concurrent Select Relocation Set 3.540ms
[237.048s][info][gc,phases   ] GC(168) Pause Relocate Start 0.006ms
[237.048s][info][gc,phases   ] GC(168) Concurrent Relocate 0.384ms
[237.048s][info][gc,load     ] GC(168) Load: 0.00/0.00/0.00
[237.048s][info][gc,mmu      ] GC(168) MMU: 2ms/97.7%, 5ms/99.1%, 10ms/99.5%, 20ms/99.8%, 50ms/99.9%, 100ms/99.9%
[237.049s][info][gc,marking  ] GC(168) Mark: 8 stripe(s), 2 proactive flush(es), 1 terminate flush(es), 0 completion(s), 0 continuation(s) 
[237.049s][info][gc,marking  ] GC(168) Mark Stack Usage: 32M
[237.049s][info][gc,nmethod  ] GC(168) NMethods: 2296 registered, 14 unregistered
[237.049s][info][gc,metaspace] GC(168) Metaspace: 13M used, 14M committed, 1088M reserved
[237.049s][info][gc,ref      ] GC(168) Soft: 211 encountered, 0 discovered, 0 enqueued
[237.049s][info][gc,ref      ] GC(168) Weak: 721 encountered, 351 discovered, 0 enqueued
[237.049s][info][gc,ref      ] GC(168) Final: 0 encountered, 0 discovered, 0 enqueued
[237.049s][info][gc,ref      ] GC(168) Phantom: 59 encountered, 36 discovered, 0 enqueued
[237.049s][info][gc,reloc    ] GC(168) Small Pages: 1369 / 2738M, Empty: 2488M, Relocated: 1M, In-Place: 0
[237.049s][info][gc,reloc    ] GC(168) Medium Pages: 0 / 0M, Empty: 0M, Relocated: 0M, In-Place: 0
[237.049s][info][gc,reloc    ] GC(168) Large Pages: 0 / 0M, Empty: 0M, Relocated: 0M, In-Place: 0
[237.049s][info][gc,reloc    ] GC(168) Forwarding Usage: 0M
[237.049s][info][gc,heap     ] GC(168) Min Capacity: 8M(0%)
[237.049s][info][gc,heap     ] GC(168) Max Capacity: 4096M(100%)
[237.049s][info][gc,heap     ] GC(168) Soft Max Capacity: 4096M(100%)
[237.049s][info][gc,heap     ] GC(168)                Mark Start          Mark End        Relocate Start      Relocate End           High               Low         
[237.049s][info][gc,heap     ] GC(168)  Capacity:     3862M (94%)        3862M (94%)        3862M (94%)        3862M (94%)        3862M (94%)        3862M (94%)    
[237.049s][info][gc,heap     ] GC(168)      Free:     1358M (33%)        1276M (31%)        3752M (92%)        3966M (97%)        3966M (97%)        1266M (31%)    
[237.049s][info][gc,heap     ] GC(168)      Used:     2738M (67%)        2820M (69%)         344M (8%)          130M (3%)         2830M (69%)         130M (3%)     
[237.049s][info][gc,heap     ] GC(168)      Live:         -                10M (0%)           10M (0%)           10M (0%)             -                  -          
[237.049s][info][gc,heap     ] GC(168) Allocated:         -                82M (2%)           94M (2%)           94M (2%)             -                  -          
[237.049s][info][gc,heap     ] GC(168)   Garbage:         -              2727M (67%)         239M (6%)           25M (1%)             -                  -          
[237.049s][info][gc,heap     ] GC(168) Reclaimed:         -                  -              2488M (61%)        2702M (66%)            -                  -          
[237.049s][info][gc          ] GC(168) Garbage Collection (Proactive) 2738M(67%)->130M(3%)
[237.870s][info][gc,start    ] GC(169) Garbage Collection (System.gc())
[237.870s][info][gc,task     ] GC(169) Using 12 workers
[237.870s][info][gc,phases   ] GC(169) Pause Mark Start 0.017ms
[237.884s][info][gc,phases   ] GC(169) Concurrent Mark 13.497ms
[237.884s][info][gc,phases   ] GC(169) Pause Mark End 0.022ms
[237.884s][info][gc,phases   ] GC(169) Concurrent Mark Free 0.001ms
[237.895s][info][gc,phases   ] GC(169) Concurrent Process Non-Strong References 10.586ms
[237.895s][info][gc,phases   ] GC(169) Concurrent Reset Relocation Set 0.013ms
[237.899s][info][gc,phases   ] GC(169) Concurrent Select Relocation Set 4.287ms
[237.899s][info][gc,phases   ] GC(169) Pause Relocate Start 0.007ms
[237.902s][info][gc,phases   ] GC(169) Concurrent Relocate 2.790ms
[237.902s][info][gc,load     ] GC(169) Load: 0.00/0.00/0.00
[237.902s][info][gc,mmu      ] GC(169) MMU: 2ms/97.7%, 5ms/99.1%, 10ms/99.5%, 20ms/99.8%, 50ms/99.9%, 100ms/99.9%
[237.902s][info][gc,marking  ] GC(169) Mark: 8 stripe(s), 2 proactive flush(es), 1 terminate flush(es), 0 completion(s), 0 continuation(s) 
[237.902s][info][gc,marking  ] GC(169) Mark Stack Usage: 32M
[237.902s][info][gc,nmethod  ] GC(169) NMethods: 2297 registered, 14 unregistered
[237.902s][info][gc,metaspace] GC(169) Metaspace: 13M used, 14M committed, 1088M reserved
[237.902s][info][gc,ref      ] GC(169) Soft: 211 encountered, 0 discovered, 0 enqueued
[237.902s][info][gc,ref      ] GC(169) Weak: 623 encountered, 299 discovered, 0 enqueued
[237.902s][info][gc,ref      ] GC(169) Final: 0 encountered, 0 discovered, 0 enqueued
[237.902s][info][gc,ref      ] GC(169) Phantom: 59 encountered, 41 discovered, 0 enqueued
[237.902s][info][gc,reloc    ] GC(169) Small Pages: 922 / 1844M, Empty: 1796M, Relocated: 3M, In-Place: 0
[237.902s][info][gc,reloc    ] GC(169) Medium Pages: 0 / 0M, Empty: 0M, Relocated: 0M, In-Place: 0
[237.902s][info][gc,reloc    ] GC(169) Large Pages: 0 / 0M, Empty: 0M, Relocated: 0M, In-Place: 0
[237.902s][info][gc,reloc    ] GC(169) Forwarding Usage: 1M
[237.903s][info][gc,heap     ] GC(169) Min Capacity: 8M(0%)
[237.903s][info][gc,heap     ] GC(169) Max Capacity: 4096M(100%)
[237.903s][info][gc,heap     ] GC(169) Soft Max Capacity: 4096M(100%)
[237.903s][info][gc,heap     ] GC(169)                Mark Start          Mark End        Relocate Start      Relocate End           High               Low         
[237.903s][info][gc,heap     ] GC(169)  Capacity:     3862M (94%)        3862M (94%)        3862M (94%)        3862M (94%)        3862M (94%)        3862M (94%)    
[237.903s][info][gc,heap     ] GC(169)      Free:     2252M (55%)        2252M (55%)        4048M (99%)        4068M (99%)        4068M (99%)        2252M (55%)    
[237.903s][info][gc,heap     ] GC(169)      Used:     1844M (45%)        1844M (45%)          48M (1%)           28M (1%)         1844M (45%)          28M (1%)     
[237.903s][info][gc,heap     ] GC(169)      Live:         -                 6M (0%)            6M (0%)            6M (0%)             -                  -          
[237.903s][info][gc,heap     ] GC(169) Allocated:         -                 0M (0%)            0M (0%)            0M (0%)             -                  -          
[237.903s][info][gc,heap     ] GC(169)   Garbage:         -              1837M (45%)          41M (1%)           21M (1%)             -                  -          
[237.903s][info][gc,heap     ] GC(169) Reclaimed:         -                  -              1796M (44%)        1816M (44%)            -                  -          
[237.903s][info][gc          ] GC(169) Garbage Collection (System.gc()) 1844M(45%)->28M(1%)
[239.230s][info][gc,start    ] GC(170) Garbage Collection (Allocation Rate)
[239.230s][info][gc,task     ] GC(170) Using 1 workers
[239.230s][info][gc,phases   ] GC(170) Pause Mark Start 0.009ms
[239.254s][info][gc,phases   ] GC(170) Concurrent Mark 23.330ms
[239.254s][info][gc,phases   ] GC(170) Pause Mark End 0.025ms
[239.254s][info][gc,phases   ] GC(170) Concurrent Mark Free 0.001ms
[239.332s][info][gc,phases   ] GC(170) Concurrent Process Non-Strong References 77.756ms
[239.332s][info][gc,phases   ] GC(170) Concurrent Reset Relocation Set 0.005ms
[239.336s][info][gc,phases   ] GC(170) Concurrent Select Relocation Set 4.621ms
[239.337s][info][gc,phases   ] GC(170) Pause Relocate Start 0.010ms
[239.338s][info][gc,phases   ] GC(170) Concurrent Relocate 1.409ms
[239.338s][info][gc,load     ] GC(170) Load: 0.00/0.00/0.00
[239.338s][info][gc,mmu      ] GC(170) MMU: 2ms/97.7%, 5ms/99.1%, 10ms/99.5%, 20ms/99.8%, 50ms/99.9%, 100ms/99.9%
[239.338s][info][gc,marking  ] GC(170) Mark: 1 stripe(s), 2 proactive flush(es), 1 terminate flush(es), 0 completion(s), 0 continuation(s) 
[239.338s][info][gc,marking  ] GC(170) Mark Stack Usage: 32M
[239.338s][info][gc,nmethod  ] GC(170) NMethods: 2323 registered, 14 unregistered
[239.338s][info][gc,metaspace] GC(170) Metaspace: 13M used, 14M committed, 1088M reserved
[239.338s][info][gc,ref      ] GC(170) Soft: 211 encountered, 0 discovered, 0 enqueued
[239.338s][info][gc,ref      ] GC(170) Weak: 729 encountered, 443 discovered, 2 enqueued
[239.338s][info][gc,ref      ] GC(170) Final: 0 encountered, 0 discovered, 0 enqueued
[239.338s][info][gc,ref      ] GC(170) Phantom: 59 encountered, 46 discovered, 0 enqueued
[239.338s][info][gc,reloc    ] GC(170) Small Pages: 1379 / 2758M, Empty: 2500M, Relocated: 2M, In-Place: 0
[239.338s][info][gc,reloc    ] GC(170) Medium Pages: 0 / 0M, Empty: 0M, Relocated: 0M, In-Place: 0
[239.338s][info][gc,reloc    ] GC(170) Large Pages: 0 / 0M, Empty: 0M, Relocated: 0M, In-Place: 0
[239.338s][info][gc,reloc    ] GC(170) Forwarding Usage: 0M
[239.338s][info][gc,heap     ] GC(170) Min Capacity: 8M(0%)
[239.338s][info][gc,heap     ] GC(170) Max Capacity: 4096M(100%)
[239.338s][info][gc,heap     ] GC(170) Soft Max Capacity: 4096M(100%)
[239.338s][info][gc,heap     ] GC(170)                Mark Start          Mark End        Relocate Start      Relocate End           High               Low         
[239.339s][info][gc,heap     ] GC(170)  Capacity:     3862M (94%)        3862M (94%)        3862M (94%)        3862M (94%)        3862M (94%)        3862M (94%)    
[239.339s][info][gc,heap     ] GC(170)      Free:     1338M (33%)        1244M (30%)        3556M (87%)        3802M (93%)        3802M (93%)        1056M (26%)    
[239.339s][info][gc,heap     ] GC(170)      Used:     2758M (67%)        2852M (70%)         540M (13%)         294M (7%)         3040M (74%)         294M (7%)     
[239.339s][info][gc,heap     ] GC(170)      Live:         -                 8M (0%)            8M (0%)            8M (0%)             -                  -          
[239.339s][info][gc,heap     ] GC(170) Allocated:         -                94M (2%)          282M (7%)          282M (7%)             -                  -          
[239.339s][info][gc,heap     ] GC(170)   Garbage:         -              2749M (67%)         249M (6%)            2M (0%)             -                  -          
[239.339s][info][gc,heap     ] GC(170) Reclaimed:         -                  -              2500M (61%)        2746M (67%)            -                  -          
[239.339s][info][gc          ] GC(170) Garbage Collection (Allocation Rate) 2758M(67%)->294M(7%)
[240.130s][info][gc,stats    ] === Garbage Collection Statistics =======================================================================================================================
[240.130s][info][gc,stats    ]                                                              Last 10s              Last 10m              Last 10h                Total
[240.130s][info][gc,stats    ]                                                              Avg / Max             Avg / Max             Avg / Max             Avg / Max
[240.130s][info][gc,stats    ]   Collector: Garbage Collection Cycle                     81.180 / 135.337      74.151 / 587.803      74.151 / 587.803      74.151 / 587.803     ms
[240.130s][info][gc,stats    ]  Contention: Mark Segment Reset Contention                     0 / 3                 1 / 26                1 / 26                1 / 26          ops/s
[240.130s][info][gc,stats    ]  Contention: Mark SeqNum Reset Contention                      0 / 2                 0 / 3                 0 / 3                 0 / 3           ops/s
[240.130s][info][gc,stats    ]    Critical: Allocation Stall                                  0 / 0                 0 / 0                 0 / 0                 0 / 0           ops/s
[240.130s][info][gc,stats    ]    Critical: Allocation Stall                              0.000 / 0.000         0.000 / 0.000         0.000 / 0.000         0.000 / 0.000       ms
[240.130s][info][gc,stats    ]    Critical: GC Locker Stall                                   0 / 0                 0 / 0                 0 / 0                 0 / 0           ops/s
[240.130s][info][gc,stats    ]    Critical: GC Locker Stall                               0.000 / 0.000         0.000 / 0.000         0.000 / 0.000         0.000 / 0.000       ms
[240.130s][info][gc,stats    ]    Critical: Relocation Stall                                  0 / 0                 0 / 0                 0 / 0                 0 / 0           ops/s
[240.130s][info][gc,stats    ]    Critical: Relocation Stall                              0.000 / 0.000         0.000 / 0.000         0.000 / 0.000         0.000 / 0.000       ms
[240.130s][info][gc,stats    ]      Memory: Allocation Rate                                2105 / 2322           1965 / 2322           1965 / 2322           1965 / 2322        MB/s
[240.130s][info][gc,stats    ]      Memory: Defragment                                        0 / 0                 0 / 0                 0 / 0                 0 / 0           ops/s
[240.130s][info][gc,stats    ]      Memory: Out Of Memory                                     0 / 0                 0 / 0                 0 / 0                 0 / 0           ops/s
[240.130s][info][gc,stats    ]      Memory: Page Cache Flush                                  0 / 0                 0 / 0                 0 / 0                 0 / 0           MB/s
[240.130s][info][gc,stats    ]      Memory: Page Cache Hit L1                              1056 / 1162            978 / 1162            978 / 1162            978 / 1162        ops/s
[240.130s][info][gc,stats    ]      Memory: Page Cache Hit L2                                 0 / 0                 0 / 0                 0 / 0                 0 / 0           ops/s
[240.130s][info][gc,stats    ]      Memory: Page Cache Hit L3                                 0 / 0                 4 / 448               4 / 448               4 / 448         ops/s
[240.130s][info][gc,stats    ]      Memory: Page Cache Miss                                   0 / 0                 3 / 471               3 / 471               3 / 471         ops/s
[240.130s][info][gc,stats    ]      Memory: Uncommit                                          0 / 0                 0 / 0                 0 / 0                 0 / 0           MB/s
[240.130s][info][gc,stats    ]      Memory: Undo Object Allocation Failed                     0 / 1                 0 / 5                 0 / 5                 0 / 5           ops/s
[240.130s][info][gc,stats    ]      Memory: Undo Object Allocation Succeeded                 21 / 49               20 / 124              20 / 124              20 / 124         ops/s
[240.130s][info][gc,stats    ]      Memory: Undo Page Allocation                              1 / 3                 0 / 23                0 / 23                0 / 23          ops/s
[240.130s][info][gc,stats    ]       Phase: Concurrent Mark                              17.350 / 28.593       20.739 / 549.801      20.739 / 549.801      20.739 / 549.801     ms
[240.130s][info][gc,stats    ]       Phase: Concurrent Mark Continue                      0.000 / 0.000         0.000 / 0.000         0.000 / 0.000         0.000 / 0.000       ms
[240.130s][info][gc,stats    ]       Phase: Concurrent Mark Free                          0.001 / 0.002         0.001 / 0.008         0.001 / 0.008         0.001 / 0.008       ms
[240.130s][info][gc,stats    ]       Phase: Concurrent Process Non-Strong References     54.624 / 94.422       39.648 / 220.058      39.648 / 220.058      39.648 / 220.058     ms
[240.130s][info][gc,stats    ]       Phase: Concurrent Relocate                           3.215 / 10.088        2.667 / 10.088        2.667 / 10.088        2.667 / 10.088      ms
[240.130s][info][gc,stats    ]       Phase: Concurrent Reset Relocation Set               0.015 / 0.022         0.015 / 0.025         0.015 / 0.025         0.015 / 0.025       ms
[240.130s][info][gc,stats    ]       Phase: Concurrent Select Relocation Set              4.828 / 5.877         4.754 / 22.887        4.754 / 22.887        4.754 / 22.887      ms
[240.130s][info][gc,stats    ]       Phase: Pause Mark End                                0.022 / 0.029         0.019 / 0.046         0.019 / 0.046         0.019 / 0.046       ms
[240.130s][info][gc,stats    ]       Phase: Pause Mark Start                              0.013 / 0.017         0.013 / 0.021         0.013 / 0.021         0.013 / 0.021       ms
[240.130s][info][gc,stats    ]       Phase: Pause Relocate Start                          0.008 / 0.010         0.008 / 0.019         0.008 / 0.019         0.008 / 0.019       ms
[240.130s][info][gc,stats    ]    Subphase: Concurrent Classes Purge                      0.007 / 0.015         0.035 / 3.013         0.035 / 3.013         0.035 / 3.013       ms
[240.131s][info][gc,stats    ]    Subphase: Concurrent Classes Unlink                     3.433 / 6.314         3.161 / 7.490         3.161 / 7.490         3.161 / 7.490       ms
[240.131s][info][gc,stats    ]    Subphase: Concurrent Mark                               8.423 / 27.405        8.716 / 109.674       8.716 / 109.674       8.716 / 109.674     ms
[240.131s][info][gc,stats    ]    Subphase: Concurrent Mark Try Flush                     0.090 / 0.183         0.459 / 80.074        0.459 / 80.074        0.459 / 80.074      ms
[240.131s][info][gc,stats    ]    Subphase: Concurrent Mark Try Terminate                 3.003 / 10.468        2.322 / 15.651        2.322 / 15.651        2.322 / 15.651      ms
[240.131s][info][gc,stats    ]    Subphase: Concurrent References Enqueue                 0.002 / 0.007         0.001 / 0.007         0.001 / 0.007         0.001 / 0.007       ms
[240.131s][info][gc,stats    ]    Subphase: Concurrent References Process                 0.110 / 0.180         0.092 / 0.196         0.092 / 0.196         0.092 / 0.196       ms
[240.131s][info][gc,stats    ]    Subphase: Concurrent Roots ClassLoaderDataGraph         0.076 / 0.410         0.078 / 0.923         0.078 / 0.923         0.078 / 0.923       ms
[240.131s][info][gc,stats    ]    Subphase: Concurrent Roots CodeCache                    0.000 / 0.000         0.000 / 0.000         0.000 / 0.000         0.000 / 0.000       ms
[240.131s][info][gc,stats    ]    Subphase: Concurrent Roots JavaThreads                  0.171 / 0.735         0.776 / 473.279       0.776 / 473.279       0.776 / 473.279     ms
[240.131s][info][gc,stats    ]    Subphase: Concurrent Roots OopStorageSet                0.034 / 0.123         0.064 / 1.317         0.064 / 1.317         0.064 / 1.317       ms
[240.131s][info][gc,stats    ]    Subphase: Concurrent Weak Roots OopStorageSet          15.874 / 89.141       11.405 / 89.141       11.405 / 89.141       11.405 / 89.141      ms
[240.131s][info][gc,stats    ]    Subphase: Pause Mark Try Complete                       0.000 / 0.000         0.004 / 0.007         0.004 / 0.007         0.004 / 0.007       ms
[240.131s][info][gc,stats    ]      System: Java Threads                                     53 / 64               53 / 73               53 / 73               53 / 73          threads
[240.131s][info][gc,stats    ] =========================================================================================================================================================
[240.630s][info][gc,start    ] GC(171) Garbage Collection (Allocation Rate)
[240.630s][info][gc,task     ] GC(171) Using 1 workers
[240.630s][info][gc,phases   ] GC(171) Pause Mark Start 0.014ms
[240.651s][info][gc,phases   ] GC(171) Concurrent Mark 21.264ms
[240.652s][info][gc,phases   ] GC(171) Pause Mark End 0.018ms
[240.652s][info][gc,phases   ] GC(171) Concurrent Mark Free 0.001ms
[240.727s][info][gc,phases   ] GC(171) Concurrent Process Non-Strong References 75.720ms
[240.728s][info][gc,phases   ] GC(171) Concurrent Reset Relocation Set 0.017ms
[240.732s][info][gc,phases   ] GC(171) Concurrent Select Relocation Set 4.194ms
[240.732s][info][gc,phases   ] GC(171) Pause Relocate Start 0.006ms
[240.734s][info][gc,phases   ] GC(171) Concurrent Relocate 1.648ms
[240.734s][info][gc,load     ] GC(171) Load: 0.00/0.00/0.00
[240.734s][info][gc,mmu      ] GC(171) MMU: 2ms/97.7%, 5ms/99.1%, 10ms/99.5%, 20ms/99.8%, 50ms/99.9%, 100ms/99.9%
[240.734s][info][gc,marking  ] GC(171) Mark: 1 stripe(s), 2 proactive flush(es), 1 terminate flush(es), 0 completion(s), 0 continuation(s) 
[240.734s][info][gc,marking  ] GC(171) Mark Stack Usage: 32M
[240.734s][info][gc,nmethod  ] GC(171) NMethods: 2323 registered, 14 unregistered
[240.734s][info][gc,metaspace] GC(171) Metaspace: 13M used, 14M committed, 1088M reserved
[240.734s][info][gc,ref      ] GC(171) Soft: 211 encountered, 0 discovered, 0 enqueued
[240.734s][info][gc,ref      ] GC(171) Weak: 727 encountered, 441 discovered, 0 enqueued
[240.734s][info][gc,ref      ] GC(171) Final: 0 encountered, 0 discovered, 0 enqueued
[240.734s][info][gc,ref      ] GC(171) Phantom: 59 encountered, 46 discovered, 0 enqueued
[240.734s][info][gc,reloc    ] GC(171) Small Pages: 1417 / 2834M, Empty: 2570M, Relocated: 3M, In-Place: 0
[240.734s][info][gc,reloc    ] GC(171) Medium Pages: 0 / 0M, Empty: 0M, Relocated: 0M, In-Place: 0
[240.734s][info][gc,reloc    ] GC(171) Large Pages: 0 / 0M, Empty: 0M, Relocated: 0M, In-Place: 0
[240.734s][info][gc,reloc    ] GC(171) Forwarding Usage: 0M
[240.734s][info][gc,heap     ] GC(171) Min Capacity: 8M(0%)
[240.734s][info][gc,heap     ] GC(171) Max Capacity: 4096M(100%)
[240.734s][info][gc,heap     ] GC(171) Soft Max Capacity: 4096M(100%)
[240.734s][info][gc,heap     ] GC(171)                Mark Start          Mark End        Relocate Start      Relocate End           High               Low         
[240.734s][info][gc,heap     ] GC(171)  Capacity:     3862M (94%)        3862M (94%)        3862M (94%)        3862M (94%)        3862M (94%)        3862M (94%)    
[240.734s][info][gc,heap     ] GC(171)      Free:     1262M (31%)        1166M (28%)        3608M (88%)        3824M (93%)        3824M (93%)        1054M (26%)    
[240.734s][info][gc,heap     ] GC(171)      Used:     2834M (69%)        2930M (72%)         488M (12%)         272M (7%)         3042M (74%)         272M (7%)     
[240.734s][info][gc,heap     ] GC(171)      Live:         -                 9M (0%)            9M (0%)            9M (0%)             -                  -          
[240.734s][info][gc,heap     ] GC(171) Allocated:         -                96M (2%)          224M (5%)          260M (6%)             -                  -          
[240.734s][info][gc,heap     ] GC(171)   Garbage:         -              2824M (69%)         254M (6%)            2M (0%)             -                  -          
[240.734s][info][gc,heap     ] GC(171) Reclaimed:         -                  -              2570M (63%)        2822M (69%)            -                  -          
[240.734s][info][gc          ] GC(171) Garbage Collection (Allocation Rate) 2834M(69%)->272M(7%)
[242.330s][info][gc,start    ] GC(172) Garbage Collection (Allocation Rate)
[242.330s][info][gc,task     ] GC(172) Using 1 workers
[242.330s][info][gc,phases   ] GC(172) Pause Mark Start 0.013ms
[242.351s][info][gc,phases   ] GC(172) Concurrent Mark 20.692ms
[242.351s][info][gc,phases   ] GC(172) Pause Mark End 0.016ms
[242.352s][info][gc,phases   ] GC(172) Concurrent Mark Free 0.002ms
[242.437s][info][gc,phases   ] GC(172) Concurrent Process Non-Strong References 84.972ms
[242.437s][info][gc,phases   ] GC(172) Concurrent Reset Relocation Set 0.017ms
[242.442s][info][gc,phases   ] GC(172) Concurrent Select Relocation Set 5.237ms
[242.442s][info][gc,phases   ] GC(172) Pause Relocate Start 0.010ms
[242.447s][info][gc,phases   ] GC(172) Concurrent Relocate 4.989ms
[242.447s][info][gc,load     ] GC(172) Load: 0.00/0.00/0.00
[242.447s][info][gc,mmu      ] GC(172) MMU: 2ms/97.7%, 5ms/99.1%, 10ms/99.5%, 20ms/99.8%, 50ms/99.9%, 100ms/99.9%
[242.447s][info][gc,marking  ] GC(172) Mark: 1 stripe(s), 2 proactive flush(es), 1 terminate flush(es), 0 completion(s), 0 continuation(s) 
[242.447s][info][gc,marking  ] GC(172) Mark Stack Usage: 32M
[242.447s][info][gc,nmethod  ] GC(172) NMethods: 2323 registered, 14 unregistered
[242.447s][info][gc,metaspace] GC(172) Metaspace: 13M used, 14M committed, 1088M reserved
[242.447s][info][gc,ref      ] GC(172) Soft: 211 encountered, 0 discovered, 0 enqueued
[242.447s][info][gc,ref      ] GC(172) Weak: 727 encountered, 441 discovered, 0 enqueued
[242.447s][info][gc,ref      ] GC(172) Final: 0 encountered, 0 discovered, 0 enqueued
[242.447s][info][gc,ref      ] GC(172) Phantom: 59 encountered, 46 discovered, 0 enqueued
[242.447s][info][gc,reloc    ] GC(172) Small Pages: 1695 / 3390M, Empty: 3126M, Relocated: 3M, In-Place: 0
[242.447s][info][gc,reloc    ] GC(172) Medium Pages: 0 / 0M, Empty: 0M, Relocated: 0M, In-Place: 0
[242.447s][info][gc,reloc    ] GC(172) Large Pages: 0 / 0M, Empty: 0M, Relocated: 0M, In-Place: 0
[242.448s][info][gc,reloc    ] GC(172) Forwarding Usage: 0M
[242.448s][info][gc,heap     ] GC(172) Min Capacity: 8M(0%)
[242.448s][info][gc,heap     ] GC(172) Max Capacity: 4096M(100%)
[242.448s][info][gc,heap     ] GC(172) Soft Max Capacity: 4096M(100%)
[242.448s][info][gc,heap     ] GC(172)                Mark Start          Mark End        Relocate Start      Relocate End           High               Low         
[242.448s][info][gc,heap     ] GC(172)  Capacity:     3862M (94%)        3862M (94%)        3862M (94%)        3862M (94%)        3862M (94%)        3862M (94%)    
[242.448s][info][gc,heap     ] GC(172)      Free:      706M (17%)         612M (15%)        3556M (87%)        3804M (93%)        3804M (93%)         430M (10%)    
[242.448s][info][gc,heap     ] GC(172)      Used:     3390M (83%)        3484M (85%)         540M (13%)         292M (7%)         3666M (90%)         292M (7%)     
[242.448s][info][gc,heap     ] GC(172)      Live:         -                 9M (0%)            9M (0%)            9M (0%)             -                  -          
[242.448s][info][gc,heap     ] GC(172) Allocated:         -                94M (2%)          276M (7%)          280M (7%)             -                  -          
[242.448s][info][gc,heap     ] GC(172)   Garbage:         -              3380M (83%)         254M (6%)            2M (0%)             -                  -          
[242.448s][info][gc,heap     ] GC(172) Reclaimed:         -                  -              3126M (76%)        3378M (82%)            -                  -          
[242.448s][info][gc          ] GC(172) Garbage Collection (Allocation Rate) 3390M(83%)->292M(7%)
[243.730s][info][gc,start    ] GC(173) Garbage Collection (Proactive)
[243.730s][info][gc,task     ] GC(173) Using 12 workers
[243.730s][info][gc,phases   ] GC(173) Pause Mark Start 0.010ms
[243.735s][info][gc,phases   ] GC(173) Concurrent Mark 4.639ms
[243.735s][info][gc,phases   ] GC(173) Pause Mark End 0.017ms
[243.735s][info][gc,phases   ] GC(173) Concurrent Mark Free 0.001ms
[243.742s][info][gc,phases   ] GC(173) Concurrent Process Non-Strong References 7.516ms
[243.743s][info][gc,phases   ] GC(173) Concurrent Reset Relocation Set 0.015ms
[243.746s][info][gc,phases   ] GC(173) Concurrent Select Relocation Set 3.692ms
[243.746s][info][gc,phases   ] GC(173) Pause Relocate Start 0.008ms
[243.748s][info][gc,phases   ] GC(173) Concurrent Relocate 1.554ms
[243.748s][info][gc,load     ] GC(173) Load: 0.00/0.00/0.00
[243.748s][info][gc,mmu      ] GC(173) MMU: 2ms/97.7%, 5ms/99.1%, 10ms/99.5%, 20ms/99.8%, 50ms/99.9%, 100ms/99.9%
[243.748s][info][gc,marking  ] GC(173) Mark: 8 stripe(s), 2 proactive flush(es), 1 terminate flush(es), 0 completion(s), 0 continuation(s) 
[243.748s][info][gc,marking  ] GC(173) Mark Stack Usage: 32M
[243.748s][info][gc,nmethod  ] GC(173) NMethods: 2323 registered, 14 unregistered
[243.748s][info][gc,metaspace] GC(173) Metaspace: 13M used, 14M committed, 1088M reserved
[243.748s][info][gc,ref      ] GC(173) Soft: 211 encountered, 0 discovered, 0 enqueued
[243.748s][info][gc,ref      ] GC(173) Weak: 727 encountered, 114 discovered, 0 enqueued
[243.748s][info][gc,ref      ] GC(173) Final: 0 encountered, 0 discovered, 0 enqueued
[243.748s][info][gc,ref      ] GC(173) Phantom: 59 encountered, 35 discovered, 0 enqueued
[243.748s][info][gc,reloc    ] GC(173) Small Pages: 1500 / 3000M, Empty: 2746M, Relocated: 3M, In-Place: 0
[243.748s][info][gc,reloc    ] GC(173) Medium Pages: 0 / 0M, Empty: 0M, Relocated: 0M, In-Place: 0
[243.748s][info][gc,reloc    ] GC(173) Large Pages: 0 / 0M, Empty: 0M, Relocated: 0M, In-Place: 0
[243.748s][info][gc,reloc    ] GC(173) Forwarding Usage: 0M
[243.748s][info][gc,heap     ] GC(173) Min Capacity: 8M(0%)
[243.748s][info][gc,heap     ] GC(173) Max Capacity: 4096M(100%)
[243.748s][info][gc,heap     ] GC(173) Soft Max Capacity: 4096M(100%)
[243.748s][info][gc,heap     ] GC(173)                Mark Start          Mark End        Relocate Start      Relocate End           High               Low         
[243.748s][info][gc,heap     ] GC(173)  Capacity:     3862M (94%)        3862M (94%)        3862M (94%)        3862M (94%)        3862M (94%)        3862M (94%)    
[243.748s][info][gc,heap     ] GC(173)      Free:     1096M (27%)        1006M (25%)        3750M (92%)        3968M (97%)        3968M (97%)        1004M (25%)    
[243.748s][info][gc,heap     ] GC(173)      Used:     3000M (73%)        3090M (75%)         346M (8%)          128M (3%)         3092M (75%)         128M (3%)     
[243.748s][info][gc,heap     ] GC(173)      Live:         -                 9M (0%)            9M (0%)            9M (0%)             -                  -          
[243.748s][info][gc,heap     ] GC(173) Allocated:         -                90M (2%)           92M (2%)           94M (2%)             -                  -          
[243.748s][info][gc,heap     ] GC(173)   Garbage:         -              2990M (73%)         244M (6%)           23M (1%)             -                  -          
[243.748s][info][gc,heap     ] GC(173) Reclaimed:         -                  -              2746M (67%)        2966M (72%)            -                  -          
[243.748s][info][gc          ] GC(173) Garbage Collection (Proactive) 3000M(73%)->128M(3%)
[245.130s][info][gc,start    ] GC(174) Garbage Collection (Proactive)
[245.130s][info][gc,task     ] GC(174) Using 12 workers
[245.130s][info][gc,phases   ] GC(174) Pause Mark Start 0.011ms
[245.134s][info][gc,phases   ] GC(174) Concurrent Mark 4.073ms
[245.134s][info][gc,phases   ] GC(174) Pause Mark End 0.018ms
[245.134s][info][gc,phases   ] GC(174) Concurrent Mark Free 0.001ms
[245.143s][info][gc,phases   ] GC(174) Concurrent Process Non-Strong References 8.903ms
[245.143s][info][gc,phases   ] GC(174) Concurrent Reset Relocation Set 0.021ms
[245.148s][info][gc,phases   ] GC(174) Concurrent Select Relocation Set 5.104ms
[245.149s][info][gc,phases   ] GC(174) Pause Relocate Start 0.005ms
[245.150s][info][gc,phases   ] GC(174) Concurrent Relocate 1.283ms
[245.150s][info][gc,load     ] GC(174) Load: 0.00/0.00/0.00
[245.150s][info][gc,mmu      ] GC(174) MMU: 2ms/97.7%, 5ms/99.1%, 10ms/99.5%, 20ms/99.8%, 50ms/99.9%, 100ms/99.9%
[245.150s][info][gc,marking  ] GC(174) Mark: 8 stripe(s), 2 proactive flush(es), 1 terminate flush(es), 0 completion(s), 0 continuation(s) 
[245.150s][info][gc,marking  ] GC(174) Mark Stack Usage: 32M
[245.150s][info][gc,nmethod  ] GC(174) NMethods: 2323 registered, 14 unregistered
[245.150s][info][gc,metaspace] GC(174) Metaspace: 13M used, 14M committed, 1088M reserved
[245.150s][info][gc,ref      ] GC(174) Soft: 211 encountered, 0 discovered, 0 enqueued
[245.150s][info][gc,ref      ] GC(174) Weak: 727 encountered, 46 discovered, 0 enqueued
[245.150s][info][gc,ref      ] GC(174) Final: 0 encountered, 0 discovered, 0 enqueued
[245.150s][info][gc,ref      ] GC(174) Phantom: 59 encountered, 36 discovered, 0 enqueued
[245.150s][info][gc,reloc    ] GC(174) Small Pages: 1385 / 2770M, Empty: 2496M, Relocated: 3M, In-Place: 0
[245.150s][info][gc,reloc    ] GC(174) Medium Pages: 0 / 0M, Empty: 0M, Relocated: 0M, In-Place: 0
[245.150s][info][gc,reloc    ] GC(174) Large Pages: 0 / 0M, Empty: 0M, Relocated: 0M, In-Place: 0
[245.150s][info][gc,reloc    ] GC(174) Forwarding Usage: 0M
[245.150s][info][gc,heap     ] GC(174) Min Capacity: 8M(0%)
[245.150s][info][gc,heap     ] GC(174) Max Capacity: 4096M(100%)
[245.150s][info][gc,heap     ] GC(174) Soft Max Capacity: 4096M(100%)
[245.150s][info][gc,heap     ] GC(174)                Mark Start          Mark End        Relocate Start      Relocate End           High               Low         
[245.150s][info][gc,heap     ] GC(174)  Capacity:     3862M (94%)        3862M (94%)        3862M (94%)        3862M (94%)        3862M (94%)        3862M (94%)    
[245.150s][info][gc,heap     ] GC(174)      Free:     1326M (32%)        1242M (30%)        3728M (91%)        3968M (97%)        3968M (97%)        1236M (30%)    
[245.150s][info][gc,heap     ] GC(174)      Used:     2770M (68%)        2854M (70%)         368M (9%)          128M (3%)         2860M (70%)         128M (3%)     
[245.150s][info][gc,heap     ] GC(174)      Live:         -                 9M (0%)            9M (0%)            9M (0%)             -                  -          
[245.150s][info][gc,heap     ] GC(174) Allocated:         -                84M (2%)           94M (2%)           94M (2%)             -                  -          
[245.150s][info][gc,heap     ] GC(174)   Garbage:         -              2760M (67%)         264M (6%)           23M (1%)             -                  -          
[245.150s][info][gc,heap     ] GC(174) Reclaimed:         -                  -              2496M (61%)        2736M (67%)            -                  -          
[245.150s][info][gc          ] GC(174) Garbage Collection (Proactive) 2770M(68%)->128M(3%)
[246.530s][info][gc,start    ] GC(175) Garbage Collection (Proactive)
[246.530s][info][gc,task     ] GC(175) Using 12 workers
[246.530s][info][gc,phases   ] GC(175) Pause Mark Start 0.013ms
[246.535s][info][gc,phases   ] GC(175) Concurrent Mark 4.650ms
[246.535s][info][gc,phases   ] GC(175) Pause Mark End 0.020ms
[246.535s][info][gc,phases   ] GC(175) Concurrent Mark Free 0.001ms
[246.545s][info][gc,phases   ] GC(175) Concurrent Process Non-Strong References 9.738ms
[246.545s][info][gc,phases   ] GC(175) Concurrent Reset Relocation Set 0.020ms
[246.549s][info][gc,phases   ] GC(175) Concurrent Select Relocation Set 4.677ms
[246.550s][info][gc,phases   ] GC(175) Pause Relocate Start 0.006ms
[246.553s][info][gc,phases   ] GC(175) Concurrent Relocate 3.099ms
[246.553s][info][gc,load     ] GC(175) Load: 0.00/0.00/0.00
[246.553s][info][gc,mmu      ] GC(175) MMU: 2ms/97.7%, 5ms/99.1%, 10ms/99.5%, 20ms/99.8%, 50ms/99.9%, 100ms/99.9%
[246.553s][info][gc,marking  ] GC(175) Mark: 8 stripe(s), 2 proactive flush(es), 1 terminate flush(es), 0 completion(s), 0 continuation(s) 
[246.553s][info][gc,marking  ] GC(175) Mark Stack Usage: 32M
[246.553s][info][gc,nmethod  ] GC(175) NMethods: 2323 registered, 14 unregistered
[246.553s][info][gc,metaspace] GC(175) Metaspace: 13M used, 14M committed, 1088M reserved
[246.553s][info][gc,ref      ] GC(175) Soft: 211 encountered, 0 discovered, 0 enqueued
[246.553s][info][gc,ref      ] GC(175) Weak: 727 encountered, 94 discovered, 0 enqueued
[246.553s][info][gc,ref      ] GC(175) Final: 0 encountered, 0 discovered, 0 enqueued
[246.553s][info][gc,ref      ] GC(175) Phantom: 59 encountered, 23 discovered, 0 enqueued
[246.553s][info][gc,reloc    ] GC(175) Small Pages: 1417 / 2834M, Empty: 2556M, Relocated: 5M, In-Place: 0
[246.553s][info][gc,reloc    ] GC(175) Medium Pages: 0 / 0M, Empty: 0M, Relocated: 0M, In-Place: 0
[246.553s][info][gc,reloc    ] GC(175) Large Pages: 0 / 0M, Empty: 0M, Relocated: 0M, In-Place: 0
[246.553s][info][gc,reloc    ] GC(175) Forwarding Usage: 0M
[246.553s][info][gc,heap     ] GC(175) Min Capacity: 8M(0%)
[246.553s][info][gc,heap     ] GC(175) Max Capacity: 4096M(100%)
[246.553s][info][gc,heap     ] GC(175) Soft Max Capacity: 4096M(100%)
[246.553s][info][gc,heap     ] GC(175)                Mark Start          Mark End        Relocate Start      Relocate End           High               Low         
[246.553s][info][gc,heap     ] GC(175)  Capacity:     3862M (94%)        3862M (94%)        3862M (94%)        3862M (94%)        3862M (94%)        3862M (94%)    
[246.553s][info][gc,heap     ] GC(175)      Free:     1262M (31%)        1174M (29%)        3722M (91%)        3970M (97%)        3970M (97%)        1166M (28%)    
[246.553s][info][gc,heap     ] GC(175)      Used:     2834M (69%)        2922M (71%)         374M (9%)          126M (3%)         2930M (72%)         126M (3%)     
[246.553s][info][gc,heap     ] GC(175)      Live:         -                 9M (0%)            9M (0%)            9M (0%)             -                  -          
[246.553s][info][gc,heap     ] GC(175) Allocated:         -                88M (2%)           96M (2%)           94M (2%)             -                  -          
[246.553s][info][gc,heap     ] GC(175)   Garbage:         -              2824M (69%)         268M (7%)           21M (1%)             -                  -          
[246.553s][info][gc,heap     ] GC(175) Reclaimed:         -                  -              2556M (62%)        2802M (68%)            -                  -          
[246.553s][info][gc          ] GC(175) Garbage Collection (Proactive) 2834M(69%)->126M(3%)
[248.030s][info][gc,start    ] GC(176) Garbage Collection (Proactive)
[248.030s][info][gc,task     ] GC(176) Using 12 workers
[248.030s][info][gc,phases   ] GC(176) Pause Mark Start 0.014ms
[248.038s][info][gc,phases   ] GC(176) Concurrent Mark 7.625ms
[248.038s][info][gc,phases   ] GC(176) Pause Mark End 0.019ms
[248.038s][info][gc,phases   ] GC(176) Concurrent Mark Free 0.001ms
[248.047s][info][gc,phases   ] GC(176) Concurrent Process Non-Strong References 8.725ms
[248.047s][info][gc,phases   ] GC(176) Concurrent Reset Relocation Set 0.027ms
[248.052s][info][gc,phases   ] GC(176) Concurrent Select Relocation Set 5.139ms
[248.052s][info][gc,phases   ] GC(176) Pause Relocate Start 0.006ms
[248.053s][info][gc,phases   ] GC(176) Concurrent Relocate 0.514ms
[248.053s][info][gc,load     ] GC(176) Load: 0.00/0.00/0.00
[248.053s][info][gc,mmu      ] GC(176) MMU: 2ms/97.7%, 5ms/99.1%, 10ms/99.5%, 20ms/99.8%, 50ms/99.9%, 100ms/99.9%
[248.053s][info][gc,marking  ] GC(176) Mark: 8 stripe(s), 3 proactive flush(es), 1 terminate flush(es), 0 completion(s), 0 continuation(s) 
[248.053s][info][gc,marking  ] GC(176) Mark Stack Usage: 32M
[248.053s][info][gc,nmethod  ] GC(176) NMethods: 2323 registered, 14 unregistered
[248.053s][info][gc,metaspace] GC(176) Metaspace: 13M used, 14M committed, 1088M reserved
[248.053s][info][gc,ref      ] GC(176) Soft: 211 encountered, 0 discovered, 0 enqueued
[248.053s][info][gc,ref      ] GC(176) Weak: 727 encountered, 101 discovered, 0 enqueued
[248.053s][info][gc,ref      ] GC(176) Final: 0 encountered, 0 discovered, 0 enqueued
[248.053s][info][gc,ref      ] GC(176) Phantom: 59 encountered, 37 discovered, 0 enqueued
[248.053s][info][gc,reloc    ] GC(176) Small Pages: 1403 / 2806M, Empty: 2538M, Relocated: 2M, In-Place: 0
[248.053s][info][gc,reloc    ] GC(176) Medium Pages: 0 / 0M, Empty: 0M, Relocated: 0M, In-Place: 0
[248.053s][info][gc,reloc    ] GC(176) Large Pages: 0 / 0M, Empty: 0M, Relocated: 0M, In-Place: 0
[248.053s][info][gc,reloc    ] GC(176) Forwarding Usage: 0M
[248.053s][info][gc,heap     ] GC(176) Min Capacity: 8M(0%)
[248.053s][info][gc,heap     ] GC(176) Max Capacity: 4096M(100%)
[248.053s][info][gc,heap     ] GC(176) Soft Max Capacity: 4096M(100%)
[248.053s][info][gc,heap     ] GC(176)                Mark Start          Mark End        Relocate Start      Relocate End           High               Low         
[248.053s][info][gc,heap     ] GC(176)  Capacity:     3862M (94%)        3862M (94%)        3862M (94%)        3862M (94%)        3862M (94%)        3862M (94%)    
[248.053s][info][gc,heap     ] GC(176)      Free:     1290M (31%)        1200M (29%)        3734M (91%)        3966M (97%)        3966M (97%)        1196M (29%)    
[248.053s][info][gc,heap     ] GC(176)      Used:     2806M (69%)        2896M (71%)         362M (9%)          130M (3%)         2900M (71%)         130M (3%)     
[248.053s][info][gc,heap     ] GC(176)      Live:         -                10M (0%)           10M (0%)           10M (0%)             -                  -          
[248.053s][info][gc,heap     ] GC(176) Allocated:         -                90M (2%)           94M (2%)           94M (2%)             -                  -          
[248.053s][info][gc,heap     ] GC(176)   Garbage:         -              2795M (68%)         257M (6%)           25M (1%)             -                  -          
[248.053s][info][gc,heap     ] GC(176) Reclaimed:         -                  -              2538M (62%)        2770M (68%)            -                  -          
[248.053s][info][gc          ] GC(176) Garbage Collection (Proactive) 2806M(69%)->130M(3%)
[249.393s][info][gc,start    ] GC(177) Garbage Collection (System.gc())
[249.393s][info][gc,task     ] GC(177) Using 12 workers
[249.393s][info][gc,phases   ] GC(177) Pause Mark Start 0.015ms
[249.406s][info][gc,phases   ] GC(177) Concurrent Mark 13.417ms
[249.406s][info][gc,phases   ] GC(177) Pause Mark End 0.018ms
[249.406s][info][gc,phases   ] GC(177) Concurrent Mark Free 0.001ms
[249.416s][info][gc,phases   ] GC(177) Concurrent Process Non-Strong References 9.842ms
[249.416s][info][gc,phases   ] GC(177) Concurrent Reset Relocation Set 0.015ms
[249.420s][info][gc,phases   ] GC(177) Concurrent Select Relocation Set 4.032ms
[249.421s][info][gc,phases   ] GC(177) Pause Relocate Start 0.007ms
[249.423s][info][gc,phases   ] GC(177) Concurrent Relocate 2.310ms
[249.423s][info][gc,load     ] GC(177) Load: 0.00/0.00/0.00
[249.423s][info][gc,mmu      ] GC(177) MMU: 2ms/97.7%, 5ms/99.1%, 10ms/99.5%, 20ms/99.8%, 50ms/99.9%, 100ms/99.9%
[249.423s][info][gc,marking  ] GC(177) Mark: 8 stripe(s), 3 proactive flush(es), 1 terminate flush(es), 0 completion(s), 0 continuation(s) 
[249.423s][info][gc,marking  ] GC(177) Mark Stack Usage: 32M
[249.423s][info][gc,nmethod  ] GC(177) NMethods: 2323 registered, 14 unregistered
[249.423s][info][gc,metaspace] GC(177) Metaspace: 13M used, 14M committed, 1088M reserved
[249.423s][info][gc,ref      ] GC(177) Soft: 211 encountered, 0 discovered, 0 enqueued
[249.423s][info][gc,ref      ] GC(177) Weak: 627 encountered, 13 discovered, 0 enqueued
[249.423s][info][gc,ref      ] GC(177) Final: 0 encountered, 0 discovered, 0 enqueued
[249.423s][info][gc,ref      ] GC(177) Phantom: 59 encountered, 49 discovered, 0 enqueued
[249.423s][info][gc,reloc    ] GC(177) Small Pages: 1435 / 2870M, Empty: 2804M, Relocated: 3M, In-Place: 0
[249.423s][info][gc,reloc    ] GC(177) Medium Pages: 0 / 0M, Empty: 0M, Relocated: 0M, In-Place: 0
[249.423s][info][gc,reloc    ] GC(177) Large Pages: 0 / 0M, Empty: 0M, Relocated: 0M, In-Place: 0
[249.423s][info][gc,reloc    ] GC(177) Forwarding Usage: 1M
[249.423s][info][gc,heap     ] GC(177) Min Capacity: 8M(0%)
[249.423s][info][gc,heap     ] GC(177) Max Capacity: 4096M(100%)
[249.423s][info][gc,heap     ] GC(177) Soft Max Capacity: 4096M(100%)
[249.424s][info][gc,heap     ] GC(177)                Mark Start          Mark End        Relocate Start      Relocate End           High               Low         
[249.424s][info][gc,heap     ] GC(177)  Capacity:     3862M (94%)        3862M (94%)        3862M (94%)        3862M (94%)        3862M (94%)        3862M (94%)    
[249.424s][info][gc,heap     ] GC(177)      Free:     1226M (30%)        1226M (30%)        4030M (98%)        4068M (99%)        4068M (99%)        1226M (30%)    
[249.424s][info][gc,heap     ] GC(177)      Used:     2870M (70%)        2870M (70%)          66M (2%)           28M (1%)         2870M (70%)          28M (1%)     
[249.424s][info][gc,heap     ] GC(177)      Live:         -                 6M (0%)            6M (0%)            6M (0%)             -                  -          
[249.424s][info][gc,heap     ] GC(177) Allocated:         -                 0M (0%)            0M (0%)            0M (0%)             -                  -          
[249.424s][info][gc,heap     ] GC(177)   Garbage:         -              2863M (70%)          59M (1%)           21M (1%)             -                  -          
[249.424s][info][gc,heap     ] GC(177) Reclaimed:         -                  -              2804M (68%)        2842M (69%)            -                  -          
[249.424s][info][gc          ] GC(177) Garbage Collection (System.gc()) 2870M(70%)->28M(1%)
[250.130s][info][gc,stats    ] === Garbage Collection Statistics =======================================================================================================================
[250.130s][info][gc,stats    ]                                                              Last 10s              Last 10m              Last 10h                Total
[250.130s][info][gc,stats    ]                                                              Avg / Max             Avg / Max             Avg / Max             Avg / Max
[250.130s][info][gc,stats    ]   Collector: Garbage Collection Cycle                     48.090 / 117.107      73.126 / 587.803      73.126 / 587.803      73.126 / 587.803     ms
[250.130s][info][gc,stats    ]  Contention: Mark Segment Reset Contention                     1 / 5                 1 / 26                1 / 26                1 / 26          ops/s
[250.130s][info][gc,stats    ]  Contention: Mark SeqNum Reset Contention                      0 / 2                 0 / 3                 0 / 3                 0 / 3           ops/s
[250.130s][info][gc,stats    ]    Critical: Allocation Stall                                  0 / 0                 0 / 0                 0 / 0                 0 / 0           ops/s
[250.130s][info][gc,stats    ]    Critical: Allocation Stall                              0.000 / 0.000         0.000 / 0.000         0.000 / 0.000         0.000 / 0.000       ms
[250.130s][info][gc,stats    ]    Critical: GC Locker Stall                                   0 / 0                 0 / 0                 0 / 0                 0 / 0           ops/s
[250.130s][info][gc,stats    ]    Critical: GC Locker Stall                               0.000 / 0.000         0.000 / 0.000         0.000 / 0.000         0.000 / 0.000       ms
[250.130s][info][gc,stats    ]    Critical: Relocation Stall                                  0 / 0                 0 / 0                 0 / 0                 0 / 0           ops/s
[250.130s][info][gc,stats    ]    Critical: Relocation Stall                              0.000 / 0.000         0.000 / 0.000         0.000 / 0.000         0.000 / 0.000       ms
[250.130s][info][gc,stats    ]      Memory: Allocation Rate                                2008 / 2162           1967 / 2322           1967 / 2322           1967 / 2322        MB/s
[250.130s][info][gc,stats    ]      Memory: Defragment                                        0 / 0                 0 / 0                 0 / 0                 0 / 0           ops/s
[250.130s][info][gc,stats    ]      Memory: Out Of Memory                                     0 / 0                 0 / 0                 0 / 0                 0 / 0           ops/s
[250.130s][info][gc,stats    ]      Memory: Page Cache Flush                                  0 / 0                 0 / 0                 0 / 0                 0 / 0           MB/s
[250.130s][info][gc,stats    ]      Memory: Page Cache Hit L1                              1010 / 1093            980 / 1162            980 / 1162            980 / 1162        ops/s
[250.130s][info][gc,stats    ]      Memory: Page Cache Hit L2                                 0 / 0                 0 / 0                 0 / 0                 0 / 0           ops/s
[250.130s][info][gc,stats    ]      Memory: Page Cache Hit L3                                 0 / 0                 4 / 448               4 / 448               4 / 448         ops/s
[250.130s][info][gc,stats    ]      Memory: Page Cache Miss                                   0 / 0                 3 / 471               3 / 471               3 / 471         ops/s
[250.130s][info][gc,stats    ]      Memory: Uncommit                                          0 / 0                 0 / 0                 0 / 0                 0 / 0           MB/s
[250.130s][info][gc,stats    ]      Memory: Undo Object Allocation Failed                     0 / 0                 0 / 5                 0 / 5                 0 / 5           ops/s
[250.130s][info][gc,stats    ]      Memory: Undo Object Allocation Succeeded                 29 / 74               20 / 124              20 / 124              20 / 124         ops/s
[250.130s][info][gc,stats    ]      Memory: Undo Page Allocation                              0 / 3                 0 / 23                0 / 23                0 / 23          ops/s
[250.130s][info][gc,stats    ]       Phase: Concurrent Mark                              10.909 / 21.264       20.352 / 549.801      20.352 / 549.801      20.352 / 549.801     ms
[250.130s][info][gc,stats    ]       Phase: Concurrent Mark Continue                      0.000 / 0.000         0.000 / 0.000         0.000 / 0.000         0.000 / 0.000       ms
[250.130s][info][gc,stats    ]       Phase: Concurrent Mark Free                          0.001 / 0.002         0.001 / 0.008         0.001 / 0.008         0.001 / 0.008       ms
[250.130s][info][gc,stats    ]       Phase: Concurrent Process Non-Strong References     29.345 / 84.972       39.243 / 220.058      39.243 / 220.058      39.243 / 220.058     ms
[250.130s][info][gc,stats    ]       Phase: Concurrent Relocate                           2.200 / 4.989         2.648 / 10.088        2.648 / 10.088        2.648 / 10.088      ms
[250.130s][info][gc,stats    ]       Phase: Concurrent Reset Relocation Set               0.019 / 0.027         0.015 / 0.027         0.015 / 0.027         0.015 / 0.027       ms
[250.130s][info][gc,stats    ]       Phase: Concurrent Select Relocation Set              4.582 / 5.237         4.747 / 22.887        4.747 / 22.887        4.747 / 22.887      ms
[250.130s][info][gc,stats    ]       Phase: Pause Mark End                                0.018 / 0.020         0.019 / 0.046         0.019 / 0.046         0.019 / 0.046       ms
[250.130s][info][gc,stats    ]       Phase: Pause Mark Start                              0.013 / 0.015         0.013 / 0.021         0.013 / 0.021         0.013 / 0.021       ms
[250.130s][info][gc,stats    ]       Phase: Pause Relocate Start                          0.007 / 0.010         0.008 / 0.019         0.008 / 0.019         0.008 / 0.019       ms
[250.130s][info][gc,stats    ]    Subphase: Concurrent Classes Purge                      0.005 / 0.009         0.034 / 3.013         0.034 / 3.013         0.034 / 3.013       ms
[250.130s][info][gc,stats    ]    Subphase: Concurrent Classes Unlink                     1.782 / 4.802         3.106 / 7.490         3.106 / 7.490         3.106 / 7.490       ms
[250.130s][info][gc,stats    ]    Subphase: Concurrent Mark                               6.322 / 20.191        8.577 / 109.674       8.577 / 109.674       8.577 / 109.674     ms
[250.130s][info][gc,stats    ]    Subphase: Concurrent Mark Try Flush                     0.091 / 0.192         0.444 / 80.074        0.444 / 80.074        0.444 / 80.074      ms
[250.130s][info][gc,stats    ]    Subphase: Concurrent Mark Try Terminate                 2.454 / 10.577        2.329 / 15.651        2.329 / 15.651        2.329 / 15.651      ms
[250.130s][info][gc,stats    ]    Subphase: Concurrent References Enqueue                 0.000 / 0.001         0.001 / 0.007         0.001 / 0.007         0.001 / 0.007       ms
[250.130s][info][gc,stats    ]    Subphase: Concurrent References Process                 0.074 / 0.183         0.091 / 0.196         0.091 / 0.196         0.091 / 0.196       ms
[250.130s][info][gc,stats    ]    Subphase: Concurrent Roots ClassLoaderDataGraph         0.051 / 0.358         0.077 / 0.923         0.077 / 0.923         0.077 / 0.923       ms
[250.130s][info][gc,stats    ]    Subphase: Concurrent Roots CodeCache                    0.000 / 0.000         0.000 / 0.000         0.000 / 0.000         0.000 / 0.000       ms
[250.130s][info][gc,stats    ]    Subphase: Concurrent Roots JavaThreads                  0.127 / 0.712         0.738 / 473.279       0.738 / 473.279       0.738 / 473.279     ms
[250.130s][info][gc,stats    ]    Subphase: Concurrent Roots OopStorageSet                0.025 / 0.124         0.062 / 1.317         0.062 / 1.317         0.062 / 1.317       ms
[250.130s][info][gc,stats    ]    Subphase: Concurrent Weak Roots OopStorageSet           9.799 / 79.877       11.312 / 89.141       11.312 / 89.141       11.312 / 89.141      ms
[250.130s][info][gc,stats    ]    Subphase: Pause Mark Try Complete                       0.000 / 0.000         0.004 / 0.007         0.004 / 0.007         0.004 / 0.007       ms
[250.130s][info][gc,stats    ]      System: Java Threads                                     55 / 64               53 / 73               53 / 73               53 / 73          threads
[250.130s][info][gc,stats    ] =========================================================================================================================================================
[250.730s][info][gc,start    ] GC(178) Garbage Collection (Allocation Rate)
[250.730s][info][gc,task     ] GC(178) Using 1 workers
[250.730s][info][gc,phases   ] GC(178) Pause Mark Start 0.015ms
[250.758s][info][gc,phases   ] GC(178) Concurrent Mark 27.682ms
[250.758s][info][gc,phases   ] GC(178) Pause Mark End 0.016ms
[250.758s][info][gc,phases   ] GC(178) Concurrent Mark Free 0.002ms
[250.850s][info][gc,phases   ] GC(178) Concurrent Process Non-Strong References 92.181ms
[250.850s][info][gc,phases   ] GC(178) Concurrent Reset Relocation Set 0.004ms
[250.855s][info][gc,phases   ] GC(178) Concurrent Select Relocation Set 5.037ms
[250.856s][info][gc,phases   ] GC(178) Pause Relocate Start 0.008ms
[250.857s][info][gc,phases   ] GC(178) Concurrent Relocate 1.653ms
[250.857s][info][gc,load     ] GC(178) Load: 0.00/0.00/0.00
[250.857s][info][gc,mmu      ] GC(178) MMU: 2ms/97.7%, 5ms/99.1%, 10ms/99.5%, 20ms/99.8%, 50ms/99.9%, 100ms/99.9%
[250.857s][info][gc,marking  ] GC(178) Mark: 1 stripe(s), 2 proactive flush(es), 1 terminate flush(es), 0 completion(s), 0 continuation(s) 
[250.857s][info][gc,marking  ] GC(178) Mark Stack Usage: 32M
[250.858s][info][gc,nmethod  ] GC(178) NMethods: 2324 registered, 14 unregistered
[250.858s][info][gc,metaspace] GC(178) Metaspace: 13M used, 14M committed, 1088M reserved
[250.858s][info][gc,ref      ] GC(178) Soft: 211 encountered, 0 discovered, 0 enqueued
[250.858s][info][gc,ref      ] GC(178) Weak: 723 encountered, 439 discovered, 0 enqueued
[250.858s][info][gc,ref      ] GC(178) Final: 0 encountered, 0 discovered, 0 enqueued
[250.858s][info][gc,ref      ] GC(178) Phantom: 59 encountered, 46 discovered, 0 enqueued
[250.858s][info][gc,reloc    ] GC(178) Small Pages: 1445 / 2890M, Empty: 2642M, Relocated: 2M, In-Place: 0
[250.858s][info][gc,reloc    ] GC(178) Medium Pages: 0 / 0M, Empty: 0M, Relocated: 0M, In-Place: 0
[250.858s][info][gc,reloc    ] GC(178) Large Pages: 0 / 0M, Empty: 0M, Relocated: 0M, In-Place: 0
[250.858s][info][gc,reloc    ] GC(178) Forwarding Usage: 0M
[250.858s][info][gc,heap     ] GC(178) Min Capacity: 8M(0%)
[250.858s][info][gc,heap     ] GC(178) Max Capacity: 4096M(100%)
[250.858s][info][gc,heap     ] GC(178) Soft Max Capacity: 4096M(100%)
[250.858s][info][gc,heap     ] GC(178)                Mark Start          Mark End        Relocate Start      Relocate End           High               Low         
[250.858s][info][gc,heap     ] GC(178)  Capacity:     3862M (94%)        3862M (94%)        3862M (94%)        3862M (94%)        3862M (94%)        3862M (94%)    
[250.858s][info][gc,heap     ] GC(178)      Free:     1206M (29%)        1112M (27%)        3542M (86%)        3748M (92%)        3748M (92%)         916M (22%)    
[250.858s][info][gc,heap     ] GC(178)      Used:     2890M (71%)        2984M (73%)         554M (14%)         348M (8%)         3180M (78%)         348M (8%)     
[250.858s][info][gc,heap     ] GC(178)      Live:         -                 8M (0%)            8M (0%)            8M (0%)             -                  -          
[250.858s][info][gc,heap     ] GC(178) Allocated:         -                94M (2%)          306M (7%)          336M (8%)             -                  -          
[250.858s][info][gc,heap     ] GC(178)   Garbage:         -              2881M (70%)         239M (6%)            2M (0%)             -                  -          
[250.858s][info][gc,heap     ] GC(178) Reclaimed:         -                  -              2642M (65%)        2878M (70%)            -                  -          
[250.858s][info][gc          ] GC(178) Garbage Collection (Allocation Rate) 2890M(71%)->348M(8%)
[252.130s][info][gc,start    ] GC(179) Garbage Collection (Allocation Rate)
[252.130s][info][gc,task     ] GC(179) Using 1 workers
[252.130s][info][gc,phases   ] GC(179) Pause Mark Start 0.013ms
[252.151s][info][gc,phases   ] GC(179) Concurrent Mark 20.742ms
[252.151s][info][gc,phases   ] GC(179) Pause Mark End 0.016ms
[252.152s][info][gc,phases   ] GC(179) Concurrent Mark Free 0.001ms
[252.234s][info][gc,phases   ] GC(179) Concurrent Process Non-Strong References 82.652ms
[252.234s][info][gc,phases   ] GC(179) Concurrent Reset Relocation Set 0.013ms
[252.239s][info][gc,phases   ] GC(179) Concurrent Select Relocation Set 4.821ms
[252.239s][info][gc,phases   ] GC(179) Pause Relocate Start 0.007ms
[252.241s][info][gc,phases   ] GC(179) Concurrent Relocate 1.574ms
[252.241s][info][gc,load     ] GC(179) Load: 0.00/0.00/0.00
[252.241s][info][gc,mmu      ] GC(179) MMU: 2ms/97.7%, 5ms/99.1%, 10ms/99.5%, 20ms/99.8%, 50ms/99.9%, 100ms/99.9%
[252.241s][info][gc,marking  ] GC(179) Mark: 1 stripe(s), 2 proactive flush(es), 1 terminate flush(es), 0 completion(s), 0 continuation(s) 
[252.241s][info][gc,marking  ] GC(179) Mark Stack Usage: 32M
[252.241s][info][gc,nmethod  ] GC(179) NMethods: 2324 registered, 14 unregistered
[252.241s][info][gc,metaspace] GC(179) Metaspace: 13M used, 14M committed, 1088M reserved
[252.241s][info][gc,ref      ] GC(179) Soft: 211 encountered, 0 discovered, 0 enqueued
[252.241s][info][gc,ref      ] GC(179) Weak: 723 encountered, 439 discovered, 0 enqueued
[252.241s][info][gc,ref      ] GC(179) Final: 0 encountered, 0 discovered, 0 enqueued
[252.241s][info][gc,ref      ] GC(179) Phantom: 59 encountered, 46 discovered, 0 enqueued
[252.241s][info][gc,reloc    ] GC(179) Small Pages: 1459 / 2918M, Empty: 2656M, Relocated: 3M, In-Place: 0
[252.241s][info][gc,reloc    ] GC(179) Medium Pages: 0 / 0M, Empty: 0M, Relocated: 0M, In-Place: 0
[252.241s][info][gc,reloc    ] GC(179) Large Pages: 0 / 0M, Empty: 0M, Relocated: 0M, In-Place: 0
[252.241s][info][gc,reloc    ] GC(179) Forwarding Usage: 0M
[252.241s][info][gc,heap     ] GC(179) Min Capacity: 8M(0%)
[252.241s][info][gc,heap     ] GC(179) Max Capacity: 4096M(100%)
[252.241s][info][gc,heap     ] GC(179) Soft Max Capacity: 4096M(100%)
[252.241s][info][gc,heap     ] GC(179)                Mark Start          Mark End        Relocate Start      Relocate End           High               Low         
[252.241s][info][gc,heap     ] GC(179)  Capacity:     3862M (94%)        3862M (94%)        3862M (94%)        3862M (94%)        3862M (94%)        3862M (94%)    
[252.241s][info][gc,heap     ] GC(179)      Free:     1178M (29%)        1086M (27%)        3564M (87%)        3812M (93%)        3812M (93%)         918M (22%)    
[252.241s][info][gc,heap     ] GC(179)      Used:     2918M (71%)        3010M (73%)         532M (13%)         284M (7%)         3178M (78%)         284M (7%)     
[252.241s][info][gc,heap     ] GC(179)      Live:         -                 9M (0%)            9M (0%)            9M (0%)             -                  -          
[252.241s][info][gc,heap     ] GC(179) Allocated:         -                92M (2%)          270M (7%)          272M (7%)             -                  -          
[252.241s][info][gc,heap     ] GC(179)   Garbage:         -              2908M (71%)         252M (6%)            2M (0%)             -                  -          
[252.241s][info][gc,heap     ] GC(179) Reclaimed:         -                  -              2656M (65%)        2906M (71%)            -                  -          
[252.241s][info][gc          ] GC(179) Garbage Collection (Allocation Rate) 2918M(71%)->284M(7%)
[253.729s][info][gc,start    ] GC(180) Garbage Collection (Allocation Rate)
[253.730s][info][gc,task     ] GC(180) Using 1 workers
[253.730s][info][gc,phases   ] GC(180) Pause Mark Start 0.011ms
[253.750s][info][gc,phases   ] GC(180) Concurrent Mark 20.349ms
[253.750s][info][gc,phases   ] GC(180) Pause Mark End 0.016ms
[253.750s][info][gc,phases   ] GC(180) Concurrent Mark Free 0.001ms
[253.842s][info][gc,phases   ] GC(180) Concurrent Process Non-Strong References 91.307ms
[253.842s][info][gc,phases   ] GC(180) Concurrent Reset Relocation Set 0.019ms
[253.846s][info][gc,phases   ] GC(180) Concurrent Select Relocation Set 4.236ms
[253.846s][info][gc,phases   ] GC(180) Pause Relocate Start 0.008ms
[253.850s][info][gc,phases   ] GC(180) Concurrent Relocate 3.565ms
[253.850s][info][gc,load     ] GC(180) Load: 0.00/0.00/0.00
[253.850s][info][gc,mmu      ] GC(180) MMU: 2ms/97.7%, 5ms/99.1%, 10ms/99.5%, 20ms/99.8%, 50ms/99.9%, 100ms/99.9%
[253.850s][info][gc,marking  ] GC(180) Mark: 1 stripe(s), 2 proactive flush(es), 1 terminate flush(es), 0 completion(s), 0 continuation(s) 
[253.850s][info][gc,marking  ] GC(180) Mark Stack Usage: 32M
[253.850s][info][gc,nmethod  ] GC(180) NMethods: 2324 registered, 14 unregistered
[253.850s][info][gc,metaspace] GC(180) Metaspace: 13M used, 14M committed, 1088M reserved
[253.850s][info][gc,ref      ] GC(180) Soft: 211 encountered, 0 discovered, 0 enqueued
[253.850s][info][gc,ref      ] GC(180) Weak: 723 encountered, 439 discovered, 0 enqueued
[253.850s][info][gc,ref      ] GC(180) Final: 0 encountered, 0 discovered, 0 enqueued
[253.850s][info][gc,ref      ] GC(180) Phantom: 59 encountered, 46 discovered, 0 enqueued
[253.850s][info][gc,reloc    ] GC(180) Small Pages: 1612 / 3224M, Empty: 2950M, Relocated: 3M, In-Place: 0
[253.850s][info][gc,reloc    ] GC(180) Medium Pages: 0 / 0M, Empty: 0M, Relocated: 0M, In-Place: 0
[253.850s][info][gc,reloc    ] GC(180) Large Pages: 0 / 0M, Empty: 0M, Relocated: 0M, In-Place: 0
[253.850s][info][gc,reloc    ] GC(180) Forwarding Usage: 0M
[253.850s][info][gc,heap     ] GC(180) Min Capacity: 8M(0%)
[253.850s][info][gc,heap     ] GC(180) Max Capacity: 4096M(100%)
[253.850s][info][gc,heap     ] GC(180) Soft Max Capacity: 4096M(100%)
[253.850s][info][gc,heap     ] GC(180)                Mark Start          Mark End        Relocate Start      Relocate End           High               Low         
[253.850s][info][gc,heap     ] GC(180)  Capacity:     3862M (94%)        3862M (94%)        3862M (94%)        3862M (94%)        3862M (94%)        3862M (94%)    
[253.850s][info][gc,heap     ] GC(180)      Free:      872M (21%)         778M (19%)        3540M (86%)        3796M (93%)        3796M (93%)         592M (14%)    
[253.850s][info][gc,heap     ] GC(180)      Used:     3224M (79%)        3318M (81%)         556M (14%)         300M (7%)         3504M (86%)         300M (7%)     
[253.850s][info][gc,heap     ] GC(180)      Live:         -                 9M (0%)            9M (0%)            9M (0%)             -                  -          
[253.850s][info][gc,heap     ] GC(180) Allocated:         -                94M (2%)          282M (7%)          288M (7%)             -                  -          
[253.850s][info][gc,heap     ] GC(180)   Garbage:         -              3214M (78%)         264M (6%)            2M (0%)             -                  -          
[253.850s][info][gc,heap     ] GC(180) Reclaimed:         -                  -              2950M (72%)        3212M (78%)            -                  -          
[253.850s][info][gc          ] GC(180) Garbage Collection (Allocation Rate) 3224M(79%)->300M(7%)
[255.130s][info][gc,start    ] GC(181) Garbage Collection (Proactive)
[255.130s][info][gc,task     ] GC(181) Using 12 workers
[255.130s][info][gc,phases   ] GC(181) Pause Mark Start 0.013ms
[255.137s][info][gc,phases   ] GC(181) Concurrent Mark 6.666ms
[255.137s][info][gc,phases   ] GC(181) Pause Mark End 0.019ms
[255.137s][info][gc,phases   ] GC(181) Concurrent Mark Free 0.001ms
[255.146s][info][gc,phases   ] GC(181) Concurrent Process Non-Strong References 8.635ms
[255.146s][info][gc,phases   ] GC(181) Concurrent Reset Relocation Set 0.017ms
[255.150s][info][gc,phases   ] GC(181) Concurrent Select Relocation Set 3.457ms
[255.150s][info][gc,phases   ] GC(181) Pause Relocate Start 0.006ms
[255.151s][info][gc,phases   ] GC(181) Concurrent Relocate 1.594ms
[255.151s][info][gc,load     ] GC(181) Load: 0.00/0.00/0.00
[255.152s][info][gc,mmu      ] GC(181) MMU: 2ms/97.7%, 5ms/99.1%, 10ms/99.5%, 20ms/99.8%, 50ms/99.9%, 100ms/99.9%
[255.152s][info][gc,marking  ] GC(181) Mark: 8 stripe(s), 3 proactive flush(es), 1 terminate flush(es), 0 completion(s), 0 continuation(s) 
[255.152s][info][gc,marking  ] GC(181) Mark Stack Usage: 32M
[255.152s][info][gc,nmethod  ] GC(181) NMethods: 2324 registered, 14 unregistered
[255.152s][info][gc,metaspace] GC(181) Metaspace: 13M used, 14M committed, 1088M reserved
[255.152s][info][gc,ref      ] GC(181) Soft: 211 encountered, 0 discovered, 0 enqueued
[255.152s][info][gc,ref      ] GC(181) Weak: 723 encountered, 63 discovered, 0 enqueued
[255.152s][info][gc,ref      ] GC(181) Final: 0 encountered, 0 discovered, 0 enqueued
[255.152s][info][gc,ref      ] GC(181) Phantom: 59 encountered, 38 discovered, 0 enqueued
[255.152s][info][gc,reloc    ] GC(181) Small Pages: 1614 / 3228M, Empty: 2948M, Relocated: 3M, In-Place: 0
[255.152s][info][gc,reloc    ] GC(181) Medium Pages: 0 / 0M, Empty: 0M, Relocated: 0M, In-Place: 0
[255.152s][info][gc,reloc    ] GC(181) Large Pages: 0 / 0M, Empty: 0M, Relocated: 0M, In-Place: 0
[255.152s][info][gc,reloc    ] GC(181) Forwarding Usage: 0M
[255.152s][info][gc,heap     ] GC(181) Min Capacity: 8M(0%)
[255.152s][info][gc,heap     ] GC(181) Max Capacity: 4096M(100%)
[255.152s][info][gc,heap     ] GC(181) Soft Max Capacity: 4096M(100%)
[255.152s][info][gc,heap     ] GC(181)                Mark Start          Mark End        Relocate Start      Relocate End           High               Low         
[255.152s][info][gc,heap     ] GC(181)  Capacity:     3862M (94%)        3862M (94%)        3862M (94%)        3862M (94%)        3862M (94%)        3862M (94%)    
[255.152s][info][gc,heap     ] GC(181)      Free:      868M (21%)         782M (19%)        3722M (91%)        3968M (97%)        3968M (97%)         776M (19%)    
[255.152s][info][gc,heap     ] GC(181)      Used:     3228M (79%)        3314M (81%)         374M (9%)          128M (3%)         3320M (81%)         128M (3%)     
[255.152s][info][gc,heap     ] GC(181)      Live:         -                 9M (0%)            9M (0%)            9M (0%)             -                  -          
[255.152s][info][gc,heap     ] GC(181) Allocated:         -                86M (2%)           94M (2%)           94M (2%)             -                  -          
[255.152s][info][gc,heap     ] GC(181)   Garbage:         -              3218M (79%)         270M (7%)           23M (1%)             -                  -          
[255.152s][info][gc,heap     ] GC(181) Reclaimed:         -                  -              2948M (72%)        3194M (78%)            -                  -          
[255.152s][info][gc          ] GC(181) Garbage Collection (Proactive) 3228M(79%)->128M(3%)
[256.630s][info][gc,start    ] GC(182) Garbage Collection (Allocation Rate)
[256.630s][info][gc,task     ] GC(182) Using 1 workers
[256.630s][info][gc,phases   ] GC(182) Pause Mark Start 0.012ms
[256.652s][info][gc,phases   ] GC(182) Concurrent Mark 21.567ms
[256.652s][info][gc,phases   ] GC(182) Pause Mark End 0.018ms
[256.652s][info][gc,phases   ] GC(182) Concurrent Mark Free 0.001ms
[256.736s][info][gc,phases   ] GC(182) Concurrent Process Non-Strong References 83.533ms
[256.736s][info][gc,phases   ] GC(182) Concurrent Reset Relocation Set 0.017ms
[256.741s][info][gc,phases   ] GC(182) Concurrent Select Relocation Set 4.719ms
[256.741s][info][gc,phases   ] GC(182) Pause Relocate Start 0.009ms
[256.743s][info][gc,phases   ] GC(182) Concurrent Relocate 1.932ms
[256.743s][info][gc,load     ] GC(182) Load: 0.00/0.00/0.00
[256.743s][info][gc,mmu      ] GC(182) MMU: 2ms/97.7%, 5ms/99.1%, 10ms/99.5%, 20ms/99.8%, 50ms/99.9%, 100ms/99.9%
[256.743s][info][gc,marking  ] GC(182) Mark: 1 stripe(s), 2 proactive flush(es), 1 terminate flush(es), 0 completion(s), 0 continuation(s) 
[256.743s][info][gc,marking  ] GC(182) Mark Stack Usage: 32M
[256.743s][info][gc,nmethod  ] GC(182) NMethods: 2324 registered, 14 unregistered
[256.743s][info][gc,metaspace] GC(182) Metaspace: 13M used, 14M committed, 1088M reserved
[256.743s][info][gc,ref      ] GC(182) Soft: 211 encountered, 0 discovered, 0 enqueued
[256.743s][info][gc,ref      ] GC(182) Weak: 723 encountered, 439 discovered, 0 enqueued
[256.743s][info][gc,ref      ] GC(182) Final: 0 encountered, 0 discovered, 0 enqueued
[256.743s][info][gc,ref      ] GC(182) Phantom: 59 encountered, 46 discovered, 0 enqueued
[256.743s][info][gc,reloc    ] GC(182) Small Pages: 1556 / 3112M, Empty: 2816M, Relocated: 3M, In-Place: 0
[256.743s][info][gc,reloc    ] GC(182) Medium Pages: 0 / 0M, Empty: 0M, Relocated: 0M, In-Place: 0
[256.743s][info][gc,reloc    ] GC(182) Large Pages: 0 / 0M, Empty: 0M, Relocated: 0M, In-Place: 0
[256.743s][info][gc,reloc    ] GC(182) Forwarding Usage: 0M
[256.743s][info][gc,heap     ] GC(182) Min Capacity: 8M(0%)
[256.743s][info][gc,heap     ] GC(182) Max Capacity: 4096M(100%)
[256.743s][info][gc,heap     ] GC(182) Soft Max Capacity: 4096M(100%)
[256.743s][info][gc,heap     ] GC(182)                Mark Start          Mark End        Relocate Start      Relocate End           High               Low         
[256.743s][info][gc,heap     ] GC(182)  Capacity:     3862M (94%)        3862M (94%)        3862M (94%)        3862M (94%)        3862M (94%)        3862M (94%)    
[256.743s][info][gc,heap     ] GC(182)      Free:      984M (24%)         890M (22%)        3526M (86%)        3808M (93%)        3808M (93%)         712M (17%)    
[256.743s][info][gc,heap     ] GC(182)      Used:     3112M (76%)        3206M (78%)         570M (14%)         288M (7%)         3384M (83%)         288M (7%)     
[256.743s][info][gc,heap     ] GC(182)      Live:         -                 9M (0%)            9M (0%)            9M (0%)             -                  -          
[256.743s][info][gc,heap     ] GC(182) Allocated:         -                94M (2%)          274M (7%)          276M (7%)             -                  -          
[256.743s][info][gc,heap     ] GC(182)   Garbage:         -              3102M (76%)         286M (7%)            1M (0%)             -                  -          
[256.743s][info][gc,heap     ] GC(182) Reclaimed:         -                  -              2816M (69%)        3100M (76%)            -                  -          
[256.743s][info][gc          ] GC(182) Garbage Collection (Allocation Rate) 3112M(76%)->288M(7%)
[258.130s][info][gc,start    ] GC(183) Garbage Collection (Allocation Rate)
[258.130s][info][gc,task     ] GC(183) Using 1 workers
[258.131s][info][gc,phases   ] GC(183) Pause Mark Start 0.011ms
[258.151s][info][gc,phases   ] GC(183) Concurrent Mark 19.951ms
[258.151s][info][gc,phases   ] GC(183) Pause Mark End 0.019ms
[258.151s][info][gc,phases   ] GC(183) Concurrent Mark Free 0.001ms
[258.223s][info][gc,phases   ] GC(183) Concurrent Process Non-Strong References 72.120ms
[258.223s][info][gc,phases   ] GC(183) Concurrent Reset Relocation Set 0.015ms
[258.229s][info][gc,phases   ] GC(183) Concurrent Select Relocation Set 5.418ms
[258.229s][info][gc,phases   ] GC(183) Pause Relocate Start 0.009ms
[258.232s][info][gc,phases   ] GC(183) Concurrent Relocate 3.203ms
[258.232s][info][gc,load     ] GC(183) Load: 0.00/0.00/0.00
[258.232s][info][gc,mmu      ] GC(183) MMU: 2ms/97.7%, 5ms/99.1%, 10ms/99.5%, 20ms/99.8%, 50ms/99.9%, 100ms/99.9%
[258.232s][info][gc,marking  ] GC(183) Mark: 1 stripe(s), 2 proactive flush(es), 1 terminate flush(es), 0 completion(s), 0 continuation(s) 
[258.232s][info][gc,marking  ] GC(183) Mark Stack Usage: 32M
[258.232s][info][gc,nmethod  ] GC(183) NMethods: 2324 registered, 14 unregistered
[258.232s][info][gc,metaspace] GC(183) Metaspace: 13M used, 14M committed, 1088M reserved
[258.232s][info][gc,ref      ] GC(183) Soft: 211 encountered, 0 discovered, 0 enqueued
[258.232s][info][gc,ref      ] GC(183) Weak: 723 encountered, 439 discovered, 0 enqueued
[258.232s][info][gc,ref      ] GC(183) Final: 0 encountered, 0 discovered, 0 enqueued
[258.232s][info][gc,ref      ] GC(183) Phantom: 59 encountered, 46 discovered, 0 enqueued
[258.232s][info][gc,reloc    ] GC(183) Small Pages: 1641 / 3282M, Empty: 3012M, Relocated: 3M, In-Place: 0
[258.232s][info][gc,reloc    ] GC(183) Medium Pages: 0 / 0M, Empty: 0M, Relocated: 0M, In-Place: 0
[258.232s][info][gc,reloc    ] GC(183) Large Pages: 0 / 0M, Empty: 0M, Relocated: 0M, In-Place: 0
[258.232s][info][gc,reloc    ] GC(183) Forwarding Usage: 0M
[258.232s][info][gc,heap     ] GC(183) Min Capacity: 8M(0%)
[258.232s][info][gc,heap     ] GC(183) Max Capacity: 4096M(100%)
[258.232s][info][gc,heap     ] GC(183) Soft Max Capacity: 4096M(100%)
[258.232s][info][gc,heap     ] GC(183)                Mark Start          Mark End        Relocate Start      Relocate End           High               Low         
[258.232s][info][gc,heap     ] GC(183)  Capacity:     3862M (94%)        3862M (94%)        3862M (94%)        3862M (94%)        3862M (94%)        3862M (94%)    
[258.232s][info][gc,heap     ] GC(183)      Free:      814M (20%)         720M (18%)        3574M (87%)        3818M (93%)        3818M (93%)         584M (14%)    
[258.232s][info][gc,heap     ] GC(183)      Used:     3282M (80%)        3376M (82%)         522M (13%)         278M (7%)         3512M (86%)         278M (7%)     
[258.232s][info][gc,heap     ] GC(183)      Live:         -                 9M (0%)            9M (0%)            9M (0%)             -                  -          
[258.232s][info][gc,heap     ] GC(183) Allocated:         -                94M (2%)          252M (6%)          266M (7%)             -                  -          
[258.233s][info][gc,heap     ] GC(183)   Garbage:         -              3272M (80%)         260M (6%)            1M (0%)             -                  -          
[258.233s][info][gc,heap     ] GC(183) Reclaimed:         -                  -              3012M (74%)        3270M (80%)            -                  -          
[258.233s][info][gc          ] GC(183) Garbage Collection (Allocation Rate) 3282M(80%)->278M(7%)
[259.430s][info][gc,start    ] GC(184) Garbage Collection (Proactive)
[259.430s][info][gc,task     ] GC(184) Using 12 workers
[259.430s][info][gc,phases   ] GC(184) Pause Mark Start 0.012ms
[259.439s][info][gc,phases   ] GC(184) Concurrent Mark 8.597ms
[259.439s][info][gc,phases   ] GC(184) Pause Mark End 0.020ms
[259.439s][info][gc,phases   ] GC(184) Concurrent Mark Free 0.001ms
[259.448s][info][gc,phases   ] GC(184) Concurrent Process Non-Strong References 8.733ms
[259.448s][info][gc,phases   ] GC(184) Concurrent Reset Relocation Set 0.018ms
[259.453s][info][gc,phases   ] GC(184) Concurrent Select Relocation Set 5.127ms
[259.454s][info][gc,phases   ] GC(184) Pause Relocate Start 0.008ms
[259.454s][info][gc,phases   ] GC(184) Concurrent Relocate 0.358ms
[259.454s][info][gc,load     ] GC(184) Load: 0.00/0.00/0.00
[259.454s][info][gc,mmu      ] GC(184) MMU: 2ms/97.7%, 5ms/99.1%, 10ms/99.5%, 20ms/99.8%, 50ms/99.9%, 100ms/99.9%
[259.454s][info][gc,marking  ] GC(184) Mark: 8 stripe(s), 4 proactive flush(es), 1 terminate flush(es), 0 completion(s), 0 continuation(s) 
[259.454s][info][gc,marking  ] GC(184) Mark Stack Usage: 32M
[259.454s][info][gc,nmethod  ] GC(184) NMethods: 2324 registered, 14 unregistered
[259.454s][info][gc,metaspace] GC(184) Metaspace: 13M used, 14M committed, 1088M reserved
[259.454s][info][gc,ref      ] GC(184) Soft: 211 encountered, 0 discovered, 0 enqueued
[259.454s][info][gc,ref      ] GC(184) Weak: 715 encountered, 99 discovered, 0 enqueued
[259.454s][info][gc,ref      ] GC(184) Final: 0 encountered, 0 discovered, 0 enqueued
[259.454s][info][gc,ref      ] GC(184) Phantom: 59 encountered, 45 discovered, 0 enqueued
[259.454s][info][gc,reloc    ] GC(184) Small Pages: 1329 / 2658M, Empty: 2414M, Relocated: 1M, In-Place: 0
[259.454s][info][gc,reloc    ] GC(184) Medium Pages: 0 / 0M, Empty: 0M, Relocated: 0M, In-Place: 0
[259.454s][info][gc,reloc    ] GC(184) Large Pages: 0 / 0M, Empty: 0M, Relocated: 0M, In-Place: 0
[259.454s][info][gc,reloc    ] GC(184) Forwarding Usage: 0M
[259.454s][info][gc,heap     ] GC(184) Min Capacity: 8M(0%)
[259.454s][info][gc,heap     ] GC(184) Max Capacity: 4096M(100%)
[259.454s][info][gc,heap     ] GC(184) Soft Max Capacity: 4096M(100%)
[259.454s][info][gc,heap     ] GC(184)                Mark Start          Mark End        Relocate Start      Relocate End           High               Low         
[259.454s][info][gc,heap     ] GC(184)  Capacity:     3862M (94%)        3862M (94%)        3862M (94%)        3862M (94%)        3862M (94%)        3862M (94%)    
[259.454s][info][gc,heap     ] GC(184)      Free:     1438M (35%)        1352M (33%)        3760M (92%)        3970M (97%)        3970M (97%)        1346M (33%)    
[259.454s][info][gc,heap     ] GC(184)      Used:     2658M (65%)        2744M (67%)         336M (8%)          126M (3%)         2750M (67%)         126M (3%)     
[259.454s][info][gc,heap     ] GC(184)      Live:         -                 9M (0%)            9M (0%)            9M (0%)             -                  -          
[259.454s][info][gc,heap     ] GC(184) Allocated:         -                86M (2%)           92M (2%)           90M (2%)             -                  -          
[259.454s][info][gc,heap     ] GC(184)   Garbage:         -              2648M (65%)         234M (6%)           25M (1%)             -                  -          
[259.454s][info][gc,heap     ] GC(184) Reclaimed:         -                  -              2414M (59%)        2622M (64%)            -                  -          
[259.454s][info][gc          ] GC(184) Garbage Collection (Proactive) 2658M(65%)->126M(3%)
[260.130s][info][gc,stats    ] === Garbage Collection Statistics =======================================================================================================================
[260.130s][info][gc,stats    ]                                                              Last 10s              Last 10m              Last 10h                Total
[260.130s][info][gc,stats    ]                                                              Avg / Max             Avg / Max             Avg / Max             Avg / Max
[260.130s][info][gc,stats    ]   Collector: Garbage Collection Cycle                     88.430 / 127.705      73.705 / 587.803      73.705 / 587.803      73.705 / 587.803     ms
[260.130s][info][gc,stats    ]  Contention: Mark Segment Reset Contention                     0 / 4                 1 / 26                1 / 26                1 / 26          ops/s
[260.130s][info][gc,stats    ]  Contention: Mark SeqNum Reset Contention                      0 / 3                 0 / 3                 0 / 3                 0 / 3           ops/s
[260.130s][info][gc,stats    ]    Critical: Allocation Stall                                  0 / 0                 0 / 0                 0 / 0                 0 / 0           ops/s
[260.130s][info][gc,stats    ]    Critical: Allocation Stall                              0.000 / 0.000         0.000 / 0.000         0.000 / 0.000         0.000 / 0.000       ms
[260.130s][info][gc,stats    ]    Critical: GC Locker Stall                                   0 / 0                 0 / 0                 0 / 0                 0 / 0           ops/s
[260.130s][info][gc,stats    ]    Critical: GC Locker Stall                               0.000 / 0.000         0.000 / 0.000         0.000 / 0.000         0.000 / 0.000       ms
[260.130s][info][gc,stats    ]    Critical: Relocation Stall                                  0 / 0                 0 / 0                 0 / 0                 0 / 0           ops/s
[260.130s][info][gc,stats    ]    Critical: Relocation Stall                              0.000 / 0.000         0.000 / 0.000         0.000 / 0.000         0.000 / 0.000       ms
[260.130s][info][gc,stats    ]      Memory: Allocation Rate                                2112 / 2294           1972 / 2322           1972 / 2322           1972 / 2322        MB/s
[260.130s][info][gc,stats    ]      Memory: Defragment                                        0 / 0                 0 / 0                 0 / 0                 0 / 0           ops/s
[260.130s][info][gc,stats    ]      Memory: Out Of Memory                                     0 / 0                 0 / 0                 0 / 0                 0 / 0           ops/s
[260.130s][info][gc,stats    ]      Memory: Page Cache Flush                                  0 / 0                 0 / 0                 0 / 0                 0 / 0           MB/s
[260.130s][info][gc,stats    ]      Memory: Page Cache Hit L1                              1059 / 1147            983 / 1162            983 / 1162            983 / 1162        ops/s
[260.130s][info][gc,stats    ]      Memory: Page Cache Hit L2                                 0 / 0                 0 / 0                 0 / 0                 0 / 0           ops/s
[260.130s][info][gc,stats    ]      Memory: Page Cache Hit L3                                 0 / 0                 3 / 448               3 / 448               3 / 448         ops/s
[260.130s][info][gc,stats    ]      Memory: Page Cache Miss                                   0 / 0                 3 / 471               3 / 471               3 / 471         ops/s
[260.130s][info][gc,stats    ]      Memory: Uncommit                                          0 / 0                 0 / 0                 0 / 0                 0 / 0           MB/s
[260.131s][info][gc,stats    ]      Memory: Undo Object Allocation Failed                     0 / 1                 0 / 5                 0 / 5                 0 / 5           ops/s
[260.131s][info][gc,stats    ]      Memory: Undo Object Allocation Succeeded                 25 / 59               20 / 124              20 / 124              20 / 124         ops/s
[260.131s][info][gc,stats    ]      Memory: Undo Page Allocation                              1 / 4                 0 / 23                0 / 23                0 / 23          ops/s
[260.131s][info][gc,stats    ]       Phase: Concurrent Mark                              17.936 / 27.682       20.261 / 549.801      20.261 / 549.801      20.261 / 549.801     ms
[260.131s][info][gc,stats    ]       Phase: Concurrent Mark Continue                      0.000 / 0.000         0.000 / 0.000         0.000 / 0.000         0.000 / 0.000       ms
[260.131s][info][gc,stats    ]       Phase: Concurrent Mark Free                          0.001 / 0.002         0.001 / 0.008         0.001 / 0.008         0.001 / 0.008       ms
[260.131s][info][gc,stats    ]       Phase: Concurrent Process Non-Strong References     62.737 / 92.181       40.132 / 220.058      40.132 / 220.058      40.132 / 220.058     ms
[260.131s][info][gc,stats    ]       Phase: Concurrent Relocate                           1.983 / 3.565         2.623 / 10.088        2.623 / 10.088        2.623 / 10.088      ms
[260.131s][info][gc,stats    ]       Phase: Concurrent Reset Relocation Set               0.015 / 0.019         0.015 / 0.027         0.015 / 0.027         0.015 / 0.027       ms
[260.131s][info][gc,stats    ]       Phase: Concurrent Select Relocation Set              4.688 / 5.418         4.745 / 22.887        4.745 / 22.887        4.745 / 22.887      ms
[260.131s][info][gc,stats    ]       Phase: Pause Mark End                                0.018 / 0.020         0.019 / 0.046         0.019 / 0.046         0.019 / 0.046       ms
[260.131s][info][gc,stats    ]       Phase: Pause Mark Start                              0.012 / 0.015         0.013 / 0.021         0.013 / 0.021         0.013 / 0.021       ms
[260.131s][info][gc,stats    ]       Phase: Pause Relocate Start                          0.008 / 0.009         0.008 / 0.019         0.008 / 0.019         0.008 / 0.019       ms
[260.131s][info][gc,stats    ]    Subphase: Concurrent Classes Purge                      0.006 / 0.010         0.032 / 3.013         0.032 / 3.013         0.032 / 3.013       ms
[260.131s][info][gc,stats    ]    Subphase: Concurrent Classes Unlink                     4.097 / 6.115         3.144 / 7.490         3.144 / 7.490         3.144 / 7.490       ms
[260.131s][info][gc,stats    ]    Subphase: Concurrent Mark                               9.153 / 26.439        8.592 / 109.674       8.592 / 109.674       8.592 / 109.674     ms
[260.131s][info][gc,stats    ]    Subphase: Concurrent Mark Try Flush                     0.101 / 0.261         0.430 / 80.074        0.430 / 80.074        0.430 / 80.074      ms
[260.131s][info][gc,stats    ]    Subphase: Concurrent Mark Try Terminate                 1.438 / 2.008         2.292 / 15.651        2.292 / 15.651        2.292 / 15.651      ms
[260.131s][info][gc,stats    ]    Subphase: Concurrent References Enqueue                 0.001 / 0.001         0.001 / 0.007         0.001 / 0.007         0.001 / 0.007       ms
[260.131s][info][gc,stats    ]    Subphase: Concurrent References Process                 0.111 / 0.177         0.092 / 0.196         0.092 / 0.196         0.092 / 0.196       ms
[260.131s][info][gc,stats    ]    Subphase: Concurrent Roots ClassLoaderDataGraph         0.087 / 0.402         0.077 / 0.923         0.077 / 0.923         0.077 / 0.923       ms
[260.131s][info][gc,stats    ]    Subphase: Concurrent Roots CodeCache                    0.000 / 0.000         0.000 / 0.000         0.000 / 0.000         0.000 / 0.000       ms
[260.131s][info][gc,stats    ]    Subphase: Concurrent Roots JavaThreads                  0.204 / 0.696         0.723 / 473.279       0.723 / 473.279       0.723 / 473.279     ms
[260.131s][info][gc,stats    ]    Subphase: Concurrent Roots OopStorageSet                0.037 / 0.123         0.061 / 1.317         0.061 / 1.317         0.061 / 1.317       ms
[260.131s][info][gc,stats    ]    Subphase: Concurrent Weak Roots OopStorageSet          20.047 / 85.753       11.544 / 89.141       11.544 / 89.141       11.544 / 89.141      ms
[260.131s][info][gc,stats    ]    Subphase: Pause Mark Try Complete                       0.000 / 0.000         0.004 / 0.007         0.004 / 0.007         0.004 / 0.007       ms
[260.131s][info][gc,stats    ]      System: Java Threads                                     59 / 60               53 / 73               53 / 73               53 / 73          threads
[260.131s][info][gc,stats    ] =========================================================================================================================================================
[260.459s][info][gc,start    ] GC(185) Garbage Collection (System.gc())
[260.459s][info][gc,task     ] GC(185) Using 12 workers
[260.551s][info][gc,phases   ] GC(185) Pause Mark Start 0.017ms
[260.567s][info][gc,phases   ] GC(185) Concurrent Mark 15.443ms
[260.567s][info][gc,phases   ] GC(185) Pause Mark End 0.070ms
[260.567s][info][gc,phases   ] GC(185) Concurrent Mark Free 0.001ms
[260.581s][info][gc,phases   ] GC(185) Concurrent Process Non-Strong References 13.761ms
[260.581s][info][gc,phases   ] GC(185) Concurrent Reset Relocation Set 0.012ms
[260.586s][info][gc,phases   ] GC(185) Concurrent Select Relocation Set 4.756ms
[260.586s][info][gc,phases   ] GC(185) Pause Relocate Start 0.008ms
[260.590s][info][gc,phases   ] GC(185) Concurrent Relocate 3.578ms
[260.590s][info][gc,load     ] GC(185) Load: 0.00/0.00/0.00
[260.590s][info][gc,mmu      ] GC(185) MMU: 2ms/96.5%, 5ms/98.6%, 10ms/99.3%, 20ms/99.6%, 50ms/99.8%, 100ms/99.9%
[260.590s][info][gc,marking  ] GC(185) Mark: 8 stripe(s), 1 proactive flush(es), 1 terminate flush(es), 1 completion(s), 0 continuation(s) 
[260.590s][info][gc,marking  ] GC(185) Mark Stack Usage: 32M
[260.590s][info][gc,nmethod  ] GC(185) NMethods: 2324 registered, 14 unregistered
[260.590s][info][gc,metaspace] GC(185) Metaspace: 13M used, 14M committed, 1088M reserved
[260.590s][info][gc,ref      ] GC(185) Soft: 211 encountered, 0 discovered, 0 enqueued
[260.590s][info][gc,ref      ] GC(185) Weak: 623 encountered, 6 discovered, 0 enqueued
[260.590s][info][gc,ref      ] GC(185) Final: 0 encountered, 0 discovered, 0 enqueued
[260.590s][info][gc,ref      ] GC(185) Phantom: 59 encountered, 55 discovered, 0 enqueued
[260.590s][info][gc,reloc    ] GC(185) Small Pages: 1113 / 2226M, Empty: 2154M, Relocated: 3M, In-Place: 0
[260.590s][info][gc,reloc    ] GC(185) Medium Pages: 0 / 0M, Empty: 0M, Relocated: 0M, In-Place: 0
[260.590s][info][gc,reloc    ] GC(185) Large Pages: 0 / 0M, Empty: 0M, Relocated: 0M, In-Place: 0
[260.590s][info][gc,reloc    ] GC(185) Forwarding Usage: 1M
[260.590s][info][gc,heap     ] GC(185) Min Capacity: 8M(0%)
[260.590s][info][gc,heap     ] GC(185) Max Capacity: 4096M(100%)
[260.590s][info][gc,heap     ] GC(185) Soft Max Capacity: 4096M(100%)
[260.590s][info][gc,heap     ] GC(185)                Mark Start          Mark End        Relocate Start      Relocate End           High               Low         
[260.590s][info][gc,heap     ] GC(185)  Capacity:     3862M (94%)        3862M (94%)        3862M (94%)        3862M (94%)        3862M (94%)        3862M (94%)    
[260.590s][info][gc,heap     ] GC(185)      Free:     1870M (46%)        1870M (46%)        4024M (98%)        4068M (99%)        4068M (99%)        1870M (46%)    
[260.590s][info][gc,heap     ] GC(185)      Used:     2226M (54%)        2226M (54%)          72M (2%)           28M (1%)         2226M (54%)          28M (1%)     
[260.590s][info][gc,heap     ] GC(185)      Live:         -                 6M (0%)            6M (0%)            6M (0%)             -                  -          
[260.590s][info][gc,heap     ] GC(185) Allocated:         -                 0M (0%)            0M (0%)            0M (0%)             -                  -          
[260.590s][info][gc,heap     ] GC(185)   Garbage:         -              2219M (54%)          65M (2%)           21M (1%)             -                  -          
[260.590s][info][gc,heap     ] GC(185) Reclaimed:         -                  -              2154M (53%)        2198M (54%)            -                  -          
[260.590s][info][gc          ] GC(185) Garbage Collection (System.gc()) 2226M(54%)->28M(1%)
[262.031s][info][gc,start    ] GC(186) Garbage Collection (Allocation Rate)
[262.031s][info][gc,task     ] GC(186) Using 2 workers
[262.031s][info][gc,phases   ] GC(186) Pause Mark Start 0.011ms
[262.046s][info][gc,phases   ] GC(186) Concurrent Mark 15.328ms
[262.046s][info][gc,phases   ] GC(186) Pause Mark End 0.017ms
[262.046s][info][gc,phases   ] GC(186) Concurrent Mark Free 0.001ms
[262.087s][info][gc,phases   ] GC(186) Concurrent Process Non-Strong References 40.611ms
[262.087s][info][gc,phases   ] GC(186) Concurrent Reset Relocation Set 0.004ms
[262.091s][info][gc,phases   ] GC(186) Concurrent Select Relocation Set 3.491ms
[262.091s][info][gc,phases   ] GC(186) Pause Relocate Start 0.009ms
[262.092s][info][gc,phases   ] GC(186) Concurrent Relocate 1.072ms
[262.092s][info][gc,load     ] GC(186) Load: 0.00/0.00/0.00
[262.092s][info][gc,mmu      ] GC(186) MMU: 2ms/96.5%, 5ms/98.6%, 10ms/99.3%, 20ms/99.6%, 50ms/99.8%, 100ms/99.9%
[262.092s][info][gc,marking  ] GC(186) Mark: 2 stripe(s), 3 proactive flush(es), 1 terminate flush(es), 0 completion(s), 0 continuation(s) 
[262.092s][info][gc,marking  ] GC(186) Mark Stack Usage: 32M
[262.092s][info][gc,nmethod  ] GC(186) NMethods: 2324 registered, 14 unregistered
[262.092s][info][gc,metaspace] GC(186) Metaspace: 13M used, 14M committed, 1088M reserved
[262.092s][info][gc,ref      ] GC(186) Soft: 211 encountered, 0 discovered, 0 enqueued
[262.092s][info][gc,ref      ] GC(186) Weak: 729 encountered, 295 discovered, 2 enqueued
[262.092s][info][gc,ref      ] GC(186) Final: 0 encountered, 0 discovered, 0 enqueued
[262.092s][info][gc,ref      ] GC(186) Phantom: 59 encountered, 47 discovered, 0 enqueued
[262.092s][info][gc,reloc    ] GC(186) Small Pages: 1317 / 2634M, Empty: 2372M, Relocated: 2M, In-Place: 0
[262.092s][info][gc,reloc    ] GC(186) Medium Pages: 0 / 0M, Empty: 0M, Relocated: 0M, In-Place: 0
[262.092s][info][gc,reloc    ] GC(186) Large Pages: 0 / 0M, Empty: 0M, Relocated: 0M, In-Place: 0
[262.092s][info][gc,reloc    ] GC(186) Forwarding Usage: 0M
[262.092s][info][gc,heap     ] GC(186) Min Capacity: 8M(0%)
[262.092s][info][gc,heap     ] GC(186) Max Capacity: 4096M(100%)
[262.092s][info][gc,heap     ] GC(186) Soft Max Capacity: 4096M(100%)
[262.092s][info][gc,heap     ] GC(186)                Mark Start          Mark End        Relocate Start      Relocate End           High               Low         
[262.092s][info][gc,heap     ] GC(186)  Capacity:     3862M (94%)        3862M (94%)        3862M (94%)        3862M (94%)        3862M (94%)        3862M (94%)    
[262.092s][info][gc,heap     ] GC(186)      Free:     1462M (36%)        1368M (33%)        3656M (89%)        3900M (95%)        3900M (95%)        1296M (32%)    
[262.092s][info][gc,heap     ] GC(186)      Used:     2634M (64%)        2728M (67%)         440M (11%)         196M (5%)         2800M (68%)         196M (5%)     
[262.092s][info][gc,heap     ] GC(186)      Live:         -                 8M (0%)            8M (0%)            8M (0%)             -                  -          
[262.092s][info][gc,heap     ] GC(186) Allocated:         -                94M (2%)          178M (4%)          182M (4%)             -                  -          
[262.092s][info][gc,heap     ] GC(186)   Garbage:         -              2625M (64%)         253M (6%)            4M (0%)             -                  -          
[262.092s][info][gc,heap     ] GC(186) Reclaimed:         -                  -              2372M (58%)        2620M (64%)            -                  -          
[262.092s][info][gc          ] GC(186) Garbage Collection (Allocation Rate) 2634M(64%)->196M(5%)
[263.130s][info][gc,start    ] GC(187) Garbage Collection (Allocation Rate)
[263.130s][info][gc,task     ] GC(187) Using 1 workers
[263.130s][info][gc,phases   ] GC(187) Pause Mark Start 0.011ms
[263.151s][info][gc,phases   ] GC(187) Concurrent Mark 20.578ms
[263.151s][info][gc,phases   ] GC(187) Pause Mark End 0.017ms
[263.151s][info][gc,phases   ] GC(187) Concurrent Mark Free 0.001ms
[263.237s][info][gc,phases   ] GC(187) Concurrent Process Non-Strong References 85.653ms
[263.237s][info][gc,phases   ] GC(187) Concurrent Reset Relocation Set 0.015ms
[263.241s][info][gc,phases   ] GC(187) Concurrent Select Relocation Set 3.434ms
[263.241s][info][gc,phases   ] GC(187) Pause Relocate Start 0.008ms
[263.243s][info][gc,phases   ] GC(187) Concurrent Relocate 1.803ms
[263.243s][info][gc,load     ] GC(187) Load: 0.00/0.00/0.00
[263.243s][info][gc,mmu      ] GC(187) MMU: 2ms/96.5%, 5ms/98.6%, 10ms/99.3%, 20ms/99.6%, 50ms/99.8%, 100ms/99.9%
[263.243s][info][gc,marking  ] GC(187) Mark: 1 stripe(s), 2 proactive flush(es), 1 terminate flush(es), 0 completion(s), 0 continuation(s) 
[263.243s][info][gc,marking  ] GC(187) Mark Stack Usage: 32M
[263.243s][info][gc,nmethod  ] GC(187) NMethods: 2324 registered, 14 unregistered
[263.243s][info][gc,metaspace] GC(187) Metaspace: 13M used, 14M committed, 1088M reserved
[263.243s][info][gc,ref      ] GC(187) Soft: 211 encountered, 0 discovered, 0 enqueued
[263.243s][info][gc,ref      ] GC(187) Weak: 727 encountered, 441 discovered, 0 enqueued
[263.243s][info][gc,ref      ] GC(187) Final: 0 encountered, 0 discovered, 0 enqueued
[263.243s][info][gc,ref      ] GC(187) Phantom: 59 encountered, 46 discovered, 0 enqueued
[263.243s][info][gc,reloc    ] GC(187) Small Pages: 1133 / 2266M, Empty: 2020M, Relocated: 3M, In-Place: 0
[263.243s][info][gc,reloc    ] GC(187) Medium Pages: 0 / 0M, Empty: 0M, Relocated: 0M, In-Place: 0
[263.243s][info][gc,reloc    ] GC(187) Large Pages: 0 / 0M, Empty: 0M, Relocated: 0M, In-Place: 0
[263.243s][info][gc,reloc    ] GC(187) Forwarding Usage: 0M
[263.243s][info][gc,heap     ] GC(187) Min Capacity: 8M(0%)
[263.243s][info][gc,heap     ] GC(187) Max Capacity: 4096M(100%)
[263.243s][info][gc,heap     ] GC(187) Soft Max Capacity: 4096M(100%)
[263.243s][info][gc,heap     ] GC(187)                Mark Start          Mark End        Relocate Start      Relocate End           High               Low         
[263.243s][info][gc,heap     ] GC(187)  Capacity:     3862M (94%)        3862M (94%)        3862M (94%)        3862M (94%)        3862M (94%)        3862M (94%)    
[263.243s][info][gc,heap     ] GC(187)      Free:     1830M (45%)        1734M (42%)        3564M (87%)        3798M (93%)        3798M (93%)        1548M (38%)    
[263.243s][info][gc,heap     ] GC(187)      Used:     2266M (55%)        2362M (58%)         532M (13%)         298M (7%)         2548M (62%)         298M (7%)     
[263.243s][info][gc,heap     ] GC(187)      Live:         -                 9M (0%)            9M (0%)            9M (0%)             -                  -          
[263.243s][info][gc,heap     ] GC(187) Allocated:         -                96M (2%)          286M (7%)          286M (7%)             -                  -          
[263.243s][info][gc,heap     ] GC(187)   Garbage:         -              2256M (55%)         236M (6%)            2M (0%)             -                  -          
[263.243s][info][gc,heap     ] GC(187) Reclaimed:         -                  -              2020M (49%)        2254M (55%)            -                  -          
[263.243s][info][gc          ] GC(187) Garbage Collection (Allocation Rate) 2266M(55%)->298M(7%)
[264.529s][info][gc,start    ] GC(188) Garbage Collection (Allocation Rate)
[264.530s][info][gc,task     ] GC(188) Using 1 workers
[264.530s][info][gc,phases   ] GC(188) Pause Mark Start 0.017ms
[264.548s][info][gc,phases   ] GC(188) Concurrent Mark 18.067ms
[264.548s][info][gc,phases   ] GC(188) Pause Mark End 0.020ms
[264.548s][info][gc,phases   ] GC(188) Concurrent Mark Free 0.001ms
[264.624s][info][gc,phases   ] GC(188) Concurrent Process Non-Strong References 76.217ms
[264.624s][info][gc,phases   ] GC(188) Concurrent Reset Relocation Set 0.017ms
[264.630s][info][gc,phases   ] GC(188) Concurrent Select Relocation Set 5.128ms
[264.630s][info][gc,phases   ] GC(188) Pause Relocate Start 0.010ms
[264.633s][info][gc,phases   ] GC(188) Concurrent Relocate 3.580ms
[264.634s][info][gc,load     ] GC(188) Load: 0.00/0.00/0.00
[264.634s][info][gc,mmu      ] GC(188) MMU: 2ms/96.5%, 5ms/98.6%, 10ms/99.3%, 20ms/99.6%, 50ms/99.8%, 100ms/99.9%
[264.634s][info][gc,marking  ] GC(188) Mark: 1 stripe(s), 2 proactive flush(es), 1 terminate flush(es), 0 completion(s), 0 continuation(s) 
[264.634s][info][gc,marking  ] GC(188) Mark Stack Usage: 32M
[264.634s][info][gc,nmethod  ] GC(188) NMethods: 2324 registered, 14 unregistered
[264.634s][info][gc,metaspace] GC(188) Metaspace: 13M used, 14M committed, 1088M reserved
[264.634s][info][gc,ref      ] GC(188) Soft: 211 encountered, 0 discovered, 0 enqueued
[264.634s][info][gc,ref      ] GC(188) Weak: 727 encountered, 441 discovered, 0 enqueued
[264.634s][info][gc,ref      ] GC(188) Final: 0 encountered, 0 discovered, 0 enqueued
[264.634s][info][gc,ref      ] GC(188) Phantom: 59 encountered, 46 discovered, 0 enqueued
[264.634s][info][gc,reloc    ] GC(188) Small Pages: 1494 / 2988M, Empty: 2730M, Relocated: 3M, In-Place: 0
[264.634s][info][gc,reloc    ] GC(188) Medium Pages: 0 / 0M, Empty: 0M, Relocated: 0M, In-Place: 0
[264.634s][info][gc,reloc    ] GC(188) Large Pages: 0 / 0M, Empty: 0M, Relocated: 0M, In-Place: 0
[264.634s][info][gc,reloc    ] GC(188) Forwarding Usage: 0M
[264.634s][info][gc,heap     ] GC(188) Min Capacity: 8M(0%)
[264.634s][info][gc,heap     ] GC(188) Max Capacity: 4096M(100%)
[264.634s][info][gc,heap     ] GC(188) Soft Max Capacity: 4096M(100%)
[264.634s][info][gc,heap     ] GC(188)                Mark Start          Mark End        Relocate Start      Relocate End           High               Low         
[264.634s][info][gc,heap     ] GC(188)  Capacity:     3862M (94%)        3862M (94%)        3862M (94%)        3862M (94%)        3862M (94%)        3862M (94%)    
[264.634s][info][gc,heap     ] GC(188)      Free:     1108M (27%)        1014M (25%)        3570M (87%)        3812M (93%)        3812M (93%)         858M (21%)    
[264.634s][info][gc,heap     ] GC(188)      Used:     2988M (73%)        3082M (75%)         526M (13%)         284M (7%)         3238M (79%)         284M (7%)     
[264.634s][info][gc,heap     ] GC(188)      Live:         -                 9M (0%)            9M (0%)            9M (0%)             -                  -          
[264.634s][info][gc,heap     ] GC(188) Allocated:         -                94M (2%)          268M (7%)          272M (7%)             -                  -          
[264.634s][info][gc,heap     ] GC(188)   Garbage:         -              2978M (73%)         248M (6%)            2M (0%)             -                  -          
[264.634s][info][gc,heap     ] GC(188) Reclaimed:         -                  -              2730M (67%)        2976M (73%)            -                  -          
[264.634s][info][gc          ] GC(188) Garbage Collection (Allocation Rate) 2988M(73%)->284M(7%)
[266.030s][info][gc,start    ] GC(189) Garbage Collection (Allocation Rate)
[266.030s][info][gc,task     ] GC(189) Using 1 workers
[266.030s][info][gc,phases   ] GC(189) Pause Mark Start 0.012ms
[266.054s][info][gc,phases   ] GC(189) Concurrent Mark 24.440ms
[266.055s][info][gc,phases   ] GC(189) Pause Mark End 0.021ms
[266.055s][info][gc,phases   ] GC(189) Concurrent Mark Free 0.001ms
[266.153s][info][gc,phases   ] GC(189) Concurrent Process Non-Strong References 98.171ms
[266.159s][info][gc,phases   ] GC(189) Concurrent Reset Relocation Set 0.016ms
[266.164s][info][gc,phases   ] GC(189) Concurrent Select Relocation Set 5.137ms
[266.287s][info][gc,phases   ] GC(189) Pause Relocate Start 0.013ms
[266.289s][info][gc,phases   ] GC(189) Concurrent Relocate 2.509ms
[266.290s][info][gc,load     ] GC(189) Load: 0.00/0.00/0.00
[266.290s][info][gc,mmu      ] GC(189) MMU: 2ms/96.5%, 5ms/98.6%, 10ms/99.3%, 20ms/99.6%, 50ms/99.8%, 100ms/99.9%
[266.290s][info][gc,marking  ] GC(189) Mark: 1 stripe(s), 2 proactive flush(es), 1 terminate flush(es), 0 completion(s), 0 continuation(s) 
[266.290s][info][gc,marking  ] GC(189) Mark Stack Usage: 32M
[266.290s][info][gc,nmethod  ] GC(189) NMethods: 2324 registered, 14 unregistered
[266.290s][info][gc,metaspace] GC(189) Metaspace: 13M used, 14M committed, 1088M reserved
[266.290s][info][gc,ref      ] GC(189) Soft: 211 encountered, 0 discovered, 0 enqueued
[266.290s][info][gc,ref      ] GC(189) Weak: 727 encountered, 441 discovered, 0 enqueued
[266.290s][info][gc,ref      ] GC(189) Final: 0 encountered, 0 discovered, 0 enqueued
[266.290s][info][gc,ref      ] GC(189) Phantom: 59 encountered, 46 discovered, 0 enqueued
[266.290s][info][gc,reloc    ] GC(189) Small Pages: 1604 / 3208M, Empty: 2946M, Relocated: 3M, In-Place: 0
[266.290s][info][gc,reloc    ] GC(189) Medium Pages: 0 / 0M, Empty: 0M, Relocated: 0M, In-Place: 0
[266.290s][info][gc,reloc    ] GC(189) Large Pages: 0 / 0M, Empty: 0M, Relocated: 0M, In-Place: 0
[266.290s][info][gc,reloc    ] GC(189) Forwarding Usage: 0M
[266.290s][info][gc,heap     ] GC(189) Min Capacity: 8M(0%)
[266.290s][info][gc,heap     ] GC(189) Max Capacity: 4096M(100%)
[266.290s][info][gc,heap     ] GC(189) Soft Max Capacity: 4096M(100%)
[266.290s][info][gc,heap     ] GC(189)                Mark Start          Mark End        Relocate Start      Relocate End           High               Low         
[266.290s][info][gc,heap     ] GC(189)  Capacity:     3862M (94%)        3862M (94%)        3862M (94%)        3862M (94%)        3862M (94%)        3862M (94%)    
[266.290s][info][gc,heap     ] GC(189)      Free:      888M (22%)         794M (19%)        3490M (85%)        3726M (91%)        3726M (91%)         570M (14%)    
[266.290s][info][gc,heap     ] GC(189)      Used:     3208M (78%)        3302M (81%)         606M (15%)         370M (9%)         3526M (86%)         370M (9%)     
[266.290s][info][gc,heap     ] GC(189)      Live:         -                 9M (0%)            9M (0%)            9M (0%)             -                  -          
[266.291s][info][gc,heap     ] GC(189) Allocated:         -                94M (2%)          344M (8%)          358M (9%)             -                  -          
[266.291s][info][gc,heap     ] GC(189)   Garbage:         -              3198M (78%)         252M (6%)            2M (0%)             -                  -          
[266.291s][info][gc,heap     ] GC(189) Reclaimed:         -                  -              2946M (72%)        3196M (78%)            -                  -          
[266.291s][info][gc          ] GC(189) Garbage Collection (Allocation Rate) 3208M(78%)->370M(9%)
[267.331s][info][gc,start    ] GC(190) Garbage Collection (Allocation Rate)
[267.331s][info][gc,task     ] GC(190) Using 1 workers
[267.331s][info][gc,phases   ] GC(190) Pause Mark Start 0.011ms
[267.351s][info][gc,phases   ] GC(190) Concurrent Mark 20.032ms
[267.351s][info][gc,phases   ] GC(190) Pause Mark End 0.019ms
[267.351s][info][gc,phases   ] GC(190) Concurrent Mark Free 0.001ms
[267.435s][info][gc,phases   ] GC(190) Concurrent Process Non-Strong References 84.085ms
[267.436s][info][gc,phases   ] GC(190) Concurrent Reset Relocation Set 0.015ms
[267.439s][info][gc,phases   ] GC(190) Concurrent Select Relocation Set 3.853ms
[267.440s][info][gc,phases   ] GC(190) Pause Relocate Start 0.008ms
[267.443s][info][gc,phases   ] GC(190) Concurrent Relocate 3.063ms
[267.443s][info][gc,load     ] GC(190) Load: 0.00/0.00/0.00
[267.443s][info][gc,mmu      ] GC(190) MMU: 2ms/96.5%, 5ms/98.6%, 10ms/99.3%, 20ms/99.6%, 50ms/99.8%, 100ms/99.9%
[267.443s][info][gc,marking  ] GC(190) Mark: 1 stripe(s), 2 proactive flush(es), 1 terminate flush(es), 0 completion(s), 0 continuation(s) 
[267.443s][info][gc,marking  ] GC(190) Mark Stack Usage: 32M
[267.443s][info][gc,nmethod  ] GC(190) NMethods: 2324 registered, 14 unregistered
[267.443s][info][gc,metaspace] GC(190) Metaspace: 13M used, 14M committed, 1088M reserved
[267.443s][info][gc,ref      ] GC(190) Soft: 211 encountered, 0 discovered, 0 enqueued
[267.443s][info][gc,ref      ] GC(190) Weak: 727 encountered, 441 discovered, 0 enqueued
[267.443s][info][gc,ref      ] GC(190) Final: 0 encountered, 0 discovered, 0 enqueued
[267.443s][info][gc,ref      ] GC(190) Phantom: 59 encountered, 46 discovered, 0 enqueued
[267.443s][info][gc,reloc    ] GC(190) Small Pages: 1343 / 2686M, Empty: 2434M, Relocated: 3M, In-Place: 0
[267.443s][info][gc,reloc    ] GC(190) Medium Pages: 0 / 0M, Empty: 0M, Relocated: 0M, In-Place: 0
[267.443s][info][gc,reloc    ] GC(190) Large Pages: 0 / 0M, Empty: 0M, Relocated: 0M, In-Place: 0
[267.443s][info][gc,reloc    ] GC(190) Forwarding Usage: 0M
[267.443s][info][gc,heap     ] GC(190) Min Capacity: 8M(0%)
[267.443s][info][gc,heap     ] GC(190) Max Capacity: 4096M(100%)
[267.443s][info][gc,heap     ] GC(190) Soft Max Capacity: 4096M(100%)
[267.443s][info][gc,heap     ] GC(190)                Mark Start          Mark End        Relocate Start      Relocate End           High               Low         
[267.443s][info][gc,heap     ] GC(190)  Capacity:     3862M (94%)        3862M (94%)        3862M (94%)        3862M (94%)        3862M (94%)        3862M (94%)    
[267.443s][info][gc,heap     ] GC(190)      Free:     1410M (34%)        1316M (32%)        3562M (87%)        3802M (93%)        3802M (93%)        1128M (28%)    
[267.443s][info][gc,heap     ] GC(190)      Used:     2686M (66%)        2780M (68%)         534M (13%)         294M (7%)         2968M (72%)         294M (7%)     
[267.443s][info][gc,heap     ] GC(190)      Live:         -                 9M (0%)            9M (0%)            9M (0%)             -                  -          
[267.443s][info][gc,heap     ] GC(190) Allocated:         -                94M (2%)          282M (7%)          282M (7%)             -                  -          
[267.443s][info][gc,heap     ] GC(190)   Garbage:         -              2676M (65%)         242M (6%)            1M (0%)             -                  -          
[267.443s][info][gc,heap     ] GC(190) Reclaimed:         -                  -              2434M (59%)        2674M (65%)            -                  -          
[267.443s][info][gc          ] GC(190) Garbage Collection (Allocation Rate) 2686M(66%)->294M(7%)
[268.830s][info][gc,start    ] GC(191) Garbage Collection (Allocation Rate)
[268.830s][info][gc,task     ] GC(191) Using 1 workers
[268.830s][info][gc,phases   ] GC(191) Pause Mark Start 0.013ms
[268.854s][info][gc,phases   ] GC(191) Concurrent Mark 24.170ms
[268.855s][info][gc,phases   ] GC(191) Pause Mark End 0.018ms
[268.855s][info][gc,phases   ] GC(191) Concurrent Mark Free 0.001ms
[268.947s][info][gc,phases   ] GC(191) Concurrent Process Non-Strong References 91.759ms
[268.947s][info][gc,phases   ] GC(191) Concurrent Reset Relocation Set 0.022ms
[268.952s][info][gc,phases   ] GC(191) Concurrent Select Relocation Set 5.128ms
[268.952s][info][gc,phases   ] GC(191) Pause Relocate Start 0.008ms
[268.953s][info][gc,phases   ] GC(191) Concurrent Relocate 0.614ms
[268.953s][info][gc,load     ] GC(191) Load: 0.00/0.00/0.00
[268.953s][info][gc,mmu      ] GC(191) MMU: 2ms/96.5%, 5ms/98.6%, 10ms/99.3%, 20ms/99.6%, 50ms/99.8%, 100ms/99.9%
[268.953s][info][gc,marking  ] GC(191) Mark: 1 stripe(s), 2 proactive flush(es), 1 terminate flush(es), 0 completion(s), 0 continuation(s) 
[268.953s][info][gc,marking  ] GC(191) Mark Stack Usage: 32M
[268.953s][info][gc,nmethod  ] GC(191) NMethods: 2324 registered, 14 unregistered
[268.953s][info][gc,metaspace] GC(191) Metaspace: 13M used, 14M committed, 1088M reserved
[268.953s][info][gc,ref      ] GC(191) Soft: 211 encountered, 0 discovered, 0 enqueued
[268.953s][info][gc,ref      ] GC(191) Weak: 727 encountered, 441 discovered, 0 enqueued
[268.953s][info][gc,ref      ] GC(191) Final: 0 encountered, 0 discovered, 0 enqueued
[268.953s][info][gc,ref      ] GC(191) Phantom: 59 encountered, 46 discovered, 0 enqueued
[268.953s][info][gc,reloc    ] GC(191) Small Pages: 1515 / 3030M, Empty: 2772M, Relocated: 1M, In-Place: 0
[268.953s][info][gc,reloc    ] GC(191) Medium Pages: 0 / 0M, Empty: 0M, Relocated: 0M, In-Place: 0
[268.953s][info][gc,reloc    ] GC(191) Large Pages: 0 / 0M, Empty: 0M, Relocated: 0M, In-Place: 0
[268.953s][info][gc,reloc    ] GC(191) Forwarding Usage: 0M
[268.953s][info][gc,heap     ] GC(191) Min Capacity: 8M(0%)
[268.953s][info][gc,heap     ] GC(191) Max Capacity: 4096M(100%)
[268.953s][info][gc,heap     ] GC(191) Soft Max Capacity: 4096M(100%)
[268.953s][info][gc,heap     ] GC(191)                Mark Start          Mark End        Relocate Start      Relocate End           High               Low         
[268.953s][info][gc,heap     ] GC(191)  Capacity:     3862M (94%)        3862M (94%)        3862M (94%)        3862M (94%)        3862M (94%)        3862M (94%)    
[268.953s][info][gc,heap     ] GC(191)      Free:     1066M (26%)         972M (24%)        3556M (87%)        3800M (93%)        3800M (93%)         790M (19%)    
[268.953s][info][gc,heap     ] GC(191)      Used:     3030M (74%)        3124M (76%)         540M (13%)         296M (7%)         3306M (81%)         296M (7%)     
[268.953s][info][gc,heap     ] GC(191)      Live:         -                 9M (0%)            9M (0%)            9M (0%)             -                  -          
[268.953s][info][gc,heap     ] GC(191) Allocated:         -                94M (2%)          282M (7%)          280M (7%)             -                  -          
[268.953s][info][gc,heap     ] GC(191)   Garbage:         -              3020M (74%)         248M (6%)            5M (0%)             -                  -          
[268.953s][info][gc,heap     ] GC(191) Reclaimed:         -                  -              2772M (68%)        3014M (74%)            -                  -          
[268.953s][info][gc          ] GC(191) Garbage Collection (Allocation Rate) 3030M(74%)->296M(7%)
[270.130s][info][gc,stats    ] === Garbage Collection Statistics =======================================================================================================================
[270.130s][info][gc,stats    ]                                                              Last 10s              Last 10m              Last 10h                Total
[270.130s][info][gc,stats    ]                                                              Avg / Max             Avg / Max             Avg / Max             Avg / Max
[270.130s][info][gc,stats    ]   Collector: Garbage Collection Cycle                    129.089 / 259.926      75.725 / 587.803      75.725 / 587.803      75.725 / 587.803     ms
[270.130s][info][gc,stats    ]  Contention: Mark Segment Reset Contention                     0 / 0                 1 / 26                1 / 26                1 / 26          ops/s
[270.130s][info][gc,stats    ]  Contention: Mark SeqNum Reset Contention                      0 / 3                 0 / 3                 0 / 3                 0 / 3           ops/s
[270.130s][info][gc,stats    ]    Critical: Allocation Stall                                  0 / 0                 0 / 0                 0 / 0                 0 / 0           ops/s
[270.130s][info][gc,stats    ]    Critical: Allocation Stall                              0.000 / 0.000         0.000 / 0.000         0.000 / 0.000         0.000 / 0.000       ms
[270.130s][info][gc,stats    ]    Critical: GC Locker Stall                                   0 / 0                 0 / 0                 0 / 0                 0 / 0           ops/s
[270.130s][info][gc,stats    ]    Critical: GC Locker Stall                               0.000 / 0.000         0.000 / 0.000         0.000 / 0.000         0.000 / 0.000       ms
[270.130s][info][gc,stats    ]    Critical: Relocation Stall                                  0 / 0                 0 / 0                 0 / 0                 0 / 0           ops/s
[270.130s][info][gc,stats    ]    Critical: Relocation Stall                              0.000 / 0.000         0.000 / 0.000         0.000 / 0.000         0.000 / 0.000       ms
[270.130s][info][gc,stats    ]      Memory: Allocation Rate                                2032 / 2200           1974 / 2322           1974 / 2322           1974 / 2322        MB/s
[270.130s][info][gc,stats    ]      Memory: Defragment                                        0 / 0                 0 / 0                 0 / 0                 0 / 0           ops/s
[270.130s][info][gc,stats    ]      Memory: Out Of Memory                                     0 / 0                 0 / 0                 0 / 0                 0 / 0           ops/s
[270.130s][info][gc,stats    ]      Memory: Page Cache Flush                                  0 / 0                 0 / 0                 0 / 0                 0 / 0           MB/s
[270.130s][info][gc,stats    ]      Memory: Page Cache Hit L1                              1018 / 1100            984 / 1162            984 / 1162            984 / 1162        ops/s
[270.130s][info][gc,stats    ]      Memory: Page Cache Hit L2                                 0 / 0                 0 / 0                 0 / 0                 0 / 0           ops/s
[270.130s][info][gc,stats    ]      Memory: Page Cache Hit L3                                 0 / 0                 3 / 448               3 / 448               3 / 448         ops/s
[270.130s][info][gc,stats    ]      Memory: Page Cache Miss                                   0 / 0                 3 / 471               3 / 471               3 / 471         ops/s
[270.130s][info][gc,stats    ]      Memory: Uncommit                                          0 / 0                 0 / 0                 0 / 0                 0 / 0           MB/s
[270.130s][info][gc,stats    ]      Memory: Undo Object Allocation Failed                     0 / 1                 0 / 5                 0 / 5                 0 / 5           ops/s
[270.130s][info][gc,stats    ]      Memory: Undo Object Allocation Succeeded                 25 / 85               20 / 124              20 / 124              20 / 124         ops/s
[270.130s][info][gc,stats    ]      Memory: Undo Page Allocation                              0 / 2                 0 / 23                0 / 23                0 / 23          ops/s
[270.130s][info][gc,stats    ]       Phase: Concurrent Mark                              19.722 / 24.440       20.241 / 549.801      20.241 / 549.801      20.241 / 549.801     ms
[270.130s][info][gc,stats    ]       Phase: Concurrent Mark Continue                      0.000 / 0.000         0.000 / 0.000         0.000 / 0.000         0.000 / 0.000       ms
[270.130s][info][gc,stats    ]       Phase: Concurrent Mark Free                          0.001 / 0.001         0.001 / 0.008         0.001 / 0.008         0.001 / 0.008       ms
[270.130s][info][gc,stats    ]       Phase: Concurrent Process Non-Strong References     70.037 / 98.171       41.222 / 220.058      41.222 / 220.058      41.222 / 220.058     ms
[270.130s][info][gc,stats    ]       Phase: Concurrent Relocate                           2.317 / 3.580         2.612 / 10.088        2.612 / 10.088        2.612 / 10.088      ms
[270.131s][info][gc,stats    ]       Phase: Concurrent Reset Relocation Set               0.014 / 0.022         0.015 / 0.027         0.015 / 0.027         0.015 / 0.027       ms
[270.131s][info][gc,stats    ]       Phase: Concurrent Select Relocation Set              4.418 / 5.137         4.733 / 22.887        4.733 / 22.887        4.733 / 22.887      ms
[270.131s][info][gc,stats    ]       Phase: Pause Mark End                                0.026 / 0.070         0.019 / 0.070         0.019 / 0.070         0.019 / 0.070       ms
[270.131s][info][gc,stats    ]       Phase: Pause Mark Start                              0.013 / 0.017         0.013 / 0.021         0.013 / 0.021         0.013 / 0.021       ms
[270.131s][info][gc,stats    ]       Phase: Pause Relocate Start                          0.009 / 0.013         0.008 / 0.019         0.008 / 0.019         0.008 / 0.019       ms
[270.131s][info][gc,stats    ]    Subphase: Concurrent Classes Purge                      0.007 / 0.012         0.032 / 3.013         0.032 / 3.013         0.032 / 3.013       ms
[270.131s][info][gc,stats    ]    Subphase: Concurrent Classes Unlink                     4.548 / 6.019         3.195 / 7.490         3.195 / 7.490         3.195 / 7.490       ms
[270.131s][info][gc,stats    ]    Subphase: Concurrent Mark                              15.493 / 23.155        8.710 / 109.674       8.710 / 109.674       8.710 / 109.674     ms
[270.131s][info][gc,stats    ]    Subphase: Concurrent Mark Try Flush                     0.098 / 0.179         0.418 / 80.074        0.418 / 80.074        0.418 / 80.074      ms
[270.131s][info][gc,stats    ]    Subphase: Concurrent Mark Try Terminate                 5.180 / 12.838        2.336 / 15.651        2.336 / 15.651        2.336 / 15.651      ms
[270.131s][info][gc,stats    ]    Subphase: Concurrent References Enqueue                 0.001 / 0.004         0.001 / 0.007         0.001 / 0.007         0.001 / 0.007       ms
[270.131s][info][gc,stats    ]    Subphase: Concurrent References Process                 0.098 / 0.163         0.092 / 0.196         0.092 / 0.196         0.092 / 0.196       ms
[270.131s][info][gc,stats    ]    Subphase: Concurrent Roots ClassLoaderDataGraph         0.108 / 0.402         0.078 / 0.923         0.078 / 0.923         0.078 / 0.923       ms
[270.131s][info][gc,stats    ]    Subphase: Concurrent Roots CodeCache                    0.000 / 0.000         0.000 / 0.000         0.000 / 0.000         0.000 / 0.000       ms
[270.131s][info][gc,stats    ]    Subphase: Concurrent Roots JavaThreads                  0.315 / 0.737         0.716 / 473.279       0.716 / 473.279       0.716 / 473.279     ms
[270.131s][info][gc,stats    ]    Subphase: Concurrent Roots OopStorageSet                0.047 / 0.148         0.060 / 1.317         0.060 / 1.317         0.060 / 1.317       ms
[270.131s][info][gc,stats    ]    Subphase: Concurrent Weak Roots OopStorageSet          33.497 / 91.903       11.919 / 91.903       11.919 / 91.903       11.919 / 91.903      ms
[270.131s][info][gc,stats    ]    Subphase: Pause Mark Try Complete                       0.002 / 0.003         0.003 / 0.007         0.003 / 0.007         0.003 / 0.007       ms
[270.131s][info][gc,stats    ]      System: Java Threads                                     53 / 60               53 / 73               53 / 73               53 / 73          threads
[270.131s][info][gc,stats    ] =========================================================================================================================================================
[270.330s][info][gc,start    ] GC(192) Garbage Collection (Allocation Rate)
[270.330s][info][gc,task     ] GC(192) Using 1 workers
[270.331s][info][gc,phases   ] GC(192) Pause Mark Start 0.012ms
[270.349s][info][gc,phases   ] GC(192) Concurrent Mark 18.565ms
[270.349s][info][gc,phases   ] GC(192) Pause Mark End 0.018ms
[270.350s][info][gc,phases   ] GC(192) Concurrent Mark Free 0.002ms
[270.424s][info][gc,phases   ] GC(192) Concurrent Process Non-Strong References 74.179ms
[270.424s][info][gc,phases   ] GC(192) Concurrent Reset Relocation Set 0.018ms
[270.429s][info][gc,phases   ] GC(192) Concurrent Select Relocation Set 4.828ms
[270.429s][info][gc,phases   ] GC(192) Pause Relocate Start 0.008ms
[270.430s][info][gc,phases   ] GC(192) Concurrent Relocate 0.623ms
[270.430s][info][gc,load     ] GC(192) Load: 0.00/0.00/0.00
[270.430s][info][gc,mmu      ] GC(192) MMU: 2ms/96.5%, 5ms/98.6%, 10ms/99.3%, 20ms/99.6%, 50ms/99.8%, 100ms/99.9%
[270.430s][info][gc,marking  ] GC(192) Mark: 1 stripe(s), 2 proactive flush(es), 1 terminate flush(es), 0 completion(s), 0 continuation(s) 
[270.430s][info][gc,marking  ] GC(192) Mark Stack Usage: 32M
[270.430s][info][gc,nmethod  ] GC(192) NMethods: 2324 registered, 14 unregistered
[270.430s][info][gc,metaspace] GC(192) Metaspace: 13M used, 14M committed, 1088M reserved
[270.430s][info][gc,ref      ] GC(192) Soft: 211 encountered, 0 discovered, 0 enqueued
[270.430s][info][gc,ref      ] GC(192) Weak: 727 encountered, 441 discovered, 0 enqueued
[270.430s][info][gc,ref      ] GC(192) Final: 0 encountered, 0 discovered, 0 enqueued
[270.430s][info][gc,ref      ] GC(192) Phantom: 59 encountered, 46 discovered, 0 enqueued
[270.430s][info][gc,reloc    ] GC(192) Small Pages: 1654 / 3308M, Empty: 3054M, Relocated: 2M, In-Place: 0
[270.430s][info][gc,reloc    ] GC(192) Medium Pages: 0 / 0M, Empty: 0M, Relocated: 0M, In-Place: 0
[270.430s][info][gc,reloc    ] GC(192) Large Pages: 0 / 0M, Empty: 0M, Relocated: 0M, In-Place: 0
[270.430s][info][gc,reloc    ] GC(192) Forwarding Usage: 0M
[270.430s][info][gc,heap     ] GC(192) Min Capacity: 8M(0%)
[270.430s][info][gc,heap     ] GC(192) Max Capacity: 4096M(100%)
[270.430s][info][gc,heap     ] GC(192) Soft Max Capacity: 4096M(100%)
[270.430s][info][gc,heap     ] GC(192)                Mark Start          Mark End        Relocate Start      Relocate End           High               Low         
[270.430s][info][gc,heap     ] GC(192)  Capacity:     3862M (94%)        3862M (94%)        3862M (94%)        3862M (94%)        3862M (94%)        3862M (94%)    
[270.430s][info][gc,heap     ] GC(192)      Free:      788M (19%)         694M (17%)        3570M (87%)        3806M (93%)        3806M (93%)         516M (13%)    
[270.430s][info][gc,heap     ] GC(192)      Used:     3308M (81%)        3402M (83%)         526M (13%)         290M (7%)         3580M (87%)         290M (7%)     
[270.430s][info][gc,heap     ] GC(192)      Live:         -                10M (0%)           10M (0%)           10M (0%)             -                  -          
[270.430s][info][gc,heap     ] GC(192) Allocated:         -                94M (2%)          272M (7%)          276M (7%)             -                  -          
[270.430s][info][gc,heap     ] GC(192)   Garbage:         -              3297M (81%)         243M (6%)            3M (0%)             -                  -          
[270.430s][info][gc,heap     ] GC(192) Reclaimed:         -                  -              3054M (75%)        3294M (80%)            -                  -          
[270.430s][info][gc          ] GC(192) Garbage Collection (Allocation Rate) 3308M(81%)->290M(7%)
[271.930s][info][gc,start    ] GC(193) Garbage Collection (Allocation Rate)
[271.930s][info][gc,task     ] GC(193) Using 1 workers
[272.005s][info][gc,phases   ] GC(193) Pause Mark Start 0.017ms
[272.029s][info][gc,phases   ] GC(193) Concurrent Mark 23.799ms
[272.029s][info][gc,phases   ] GC(193) Pause Mark End 0.018ms
[272.029s][info][gc,phases   ] GC(193) Concurrent Mark Free 0.001ms
[272.104s][info][gc,phases   ] GC(193) Concurrent Process Non-Strong References 74.380ms
[272.104s][info][gc,phases   ] GC(193) Concurrent Reset Relocation Set 0.013ms
[272.108s][info][gc,phases   ] GC(193) Concurrent Select Relocation Set 3.881ms
[272.108s][info][gc,phases   ] GC(193) Pause Relocate Start 0.007ms
[272.108s][info][gc,phases   ] GC(193) Concurrent Relocate 0.593ms
[272.108s][info][gc,load     ] GC(193) Load: 0.00/0.00/0.00
[272.108s][info][gc,mmu      ] GC(193) MMU: 2ms/96.5%, 5ms/98.6%, 10ms/99.3%, 20ms/99.6%, 50ms/99.8%, 100ms/99.9%
[272.108s][info][gc,marking  ] GC(193) Mark: 1 stripe(s), 2 proactive flush(es), 1 terminate flush(es), 0 completion(s), 0 continuation(s) 
[272.108s][info][gc,marking  ] GC(193) Mark Stack Usage: 32M
[272.108s][info][gc,nmethod  ] GC(193) NMethods: 2324 registered, 14 unregistered
[272.109s][info][gc,metaspace] GC(193) Metaspace: 13M used, 14M committed, 1088M reserved
[272.109s][info][gc,ref      ] GC(193) Soft: 211 encountered, 0 discovered, 0 enqueued
[272.109s][info][gc,ref      ] GC(193) Weak: 633 encountered, 439 discovered, 0 enqueued
[272.109s][info][gc,ref      ] GC(193) Final: 0 encountered, 0 discovered, 0 enqueued
[272.109s][info][gc,ref      ] GC(193) Phantom: 59 encountered, 46 discovered, 0 enqueued
[272.109s][info][gc,reloc    ] GC(193) Small Pages: 1706 / 3412M, Empty: 3230M, Relocated: 0M, In-Place: 0
[272.109s][info][gc,reloc    ] GC(193) Medium Pages: 0 / 0M, Empty: 0M, Relocated: 0M, In-Place: 0
[272.109s][info][gc,reloc    ] GC(193) Large Pages: 0 / 0M, Empty: 0M, Relocated: 0M, In-Place: 0
[272.109s][info][gc,reloc    ] GC(193) Forwarding Usage: 0M
[272.109s][info][gc,heap     ] GC(193) Min Capacity: 8M(0%)
[272.109s][info][gc,heap     ] GC(193) Max Capacity: 4096M(100%)
[272.109s][info][gc,heap     ] GC(193) Soft Max Capacity: 4096M(100%)
[272.109s][info][gc,heap     ] GC(193)                Mark Start          Mark End        Relocate Start      Relocate End           High               Low         
[272.109s][info][gc,heap     ] GC(193)  Capacity:     3862M (94%)        3862M (94%)        3862M (94%)        3862M (94%)        3862M (94%)        3862M (94%)    
[272.109s][info][gc,heap     ] GC(193)      Free:      684M (17%)         678M (17%)        3908M (95%)        4078M (100%)       4078M (100%)        678M (17%)    
[272.109s][info][gc,heap     ] GC(193)      Used:     3412M (83%)        3418M (83%)         188M (5%)           18M (0%)         3418M (83%)          18M (0%)     
[272.109s][info][gc,heap     ] GC(193)      Live:         -                 8M (0%)            8M (0%)            8M (0%)             -                  -          
[272.109s][info][gc,heap     ] GC(193) Allocated:         -                 6M (0%)            6M (0%)            6M (0%)             -                  -          
[272.109s][info][gc,heap     ] GC(193)   Garbage:         -              3403M (83%)         173M (4%)            3M (0%)             -                  -          
[272.109s][info][gc,heap     ] GC(193) Reclaimed:         -                  -              3230M (79%)        3400M (83%)            -                  -          
[272.109s][info][gc          ] GC(193) Garbage Collection (Allocation Rate) 3412M(83%)->18M(0%)
[272.109s][info][gc,start    ] GC(194) Garbage Collection (System.gc())
[272.109s][info][gc,task     ] GC(194) Using 12 workers
[272.109s][info][gc,phases   ] GC(194) Pause Mark Start 0.005ms
[272.117s][info][gc,phases   ] GC(194) Concurrent Mark 7.332ms
[272.117s][info][gc,phases   ] GC(194) Pause Mark End 0.012ms
[272.117s][info][gc,phases   ] GC(194) Concurrent Mark Free 0.001ms
[272.127s][info][gc,phases   ] GC(194) Concurrent Process Non-Strong References 10.545ms
[272.127s][info][gc,phases   ] GC(194) Concurrent Reset Relocation Set 0.006ms
[272.131s][info][gc,phases   ] GC(194) Concurrent Select Relocation Set 4.001ms
[272.132s][info][gc,phases   ] GC(194) Pause Relocate Start 0.009ms
[272.135s][info][gc,phases   ] GC(194) Concurrent Relocate 3.507ms
[272.135s][info][gc,load     ] GC(194) Load: 0.00/0.00/0.00
[272.135s][info][gc,mmu      ] GC(194) MMU: 2ms/96.5%, 5ms/98.6%, 10ms/99.3%, 20ms/99.6%, 50ms/99.8%, 100ms/99.9%
[272.135s][info][gc,marking  ] GC(194) Mark: 8 stripe(s), 1 proactive flush(es), 1 terminate flush(es), 0 completion(s), 0 continuation(s) 
[272.135s][info][gc,marking  ] GC(194) Mark Stack Usage: 32M
[272.135s][info][gc,nmethod  ] GC(194) NMethods: 2324 registered, 14 unregistered
[272.135s][info][gc,metaspace] GC(194) Metaspace: 13M used, 14M committed, 1088M reserved
[272.135s][info][gc,ref      ] GC(194) Soft: 211 encountered, 0 discovered, 0 enqueued
[272.135s][info][gc,ref      ] GC(194) Weak: 627 encountered, 330 discovered, 0 enqueued
[272.135s][info][gc,ref      ] GC(194) Final: 0 encountered, 0 discovered, 0 enqueued
[272.136s][info][gc,ref      ] GC(194) Phantom: 59 encountered, 36 discovered, 0 enqueued
[272.136s][info][gc,reloc    ] GC(194) Small Pages: 9 / 18M, Empty: 4M, Relocated: 3M, In-Place: 0
[272.136s][info][gc,reloc    ] GC(194) Medium Pages: 0 / 0M, Empty: 0M, Relocated: 0M, In-Place: 0
[272.136s][info][gc,reloc    ] GC(194) Large Pages: 0 / 0M, Empty: 0M, Relocated: 0M, In-Place: 0
[272.136s][info][gc,reloc    ] GC(194) Forwarding Usage: 1M
[272.136s][info][gc,heap     ] GC(194) Min Capacity: 8M(0%)
[272.136s][info][gc,heap     ] GC(194) Max Capacity: 4096M(100%)
[272.136s][info][gc,heap     ] GC(194) Soft Max Capacity: 4096M(100%)
[272.136s][info][gc,heap     ] GC(194)                Mark Start          Mark End        Relocate Start      Relocate End           High               Low         
[272.136s][info][gc,heap     ] GC(194)  Capacity:     3862M (94%)        3862M (94%)        3862M (94%)        3862M (94%)        3862M (94%)        3862M (94%)    
[272.136s][info][gc,heap     ] GC(194)      Free:     4078M (100%)       4078M (100%)       4082M (100%)       4082M (100%)       4082M (100%)       4074M (99%)    
[272.136s][info][gc,heap     ] GC(194)      Used:       18M (0%)           18M (0%)           14M (0%)           14M (0%)           22M (1%)           14M (0%)     
[272.136s][info][gc,heap     ] GC(194)      Live:         -                 6M (0%)            6M (0%)            6M (0%)             -                  -          
[272.136s][info][gc,heap     ] GC(194) Allocated:         -                 0M (0%)            0M (0%)            0M (0%)             -                  -          
[272.136s][info][gc,heap     ] GC(194)   Garbage:         -                11M (0%)            7M (0%)            7M (0%)             -                  -          
[272.136s][info][gc,heap     ] GC(194) Reclaimed:         -                  -                 4M (0%)            4M (0%)             -                  -          
[272.136s][info][gc          ] GC(194) Garbage Collection (System.gc()) 18M(0%)->14M(0%)
[273.330s][info][gc,start    ] GC(195) Garbage Collection (Allocation Rate)
[273.330s][info][gc,task     ] GC(195) Using 1 workers
[273.330s][info][gc,phases   ] GC(195) Pause Mark Start 0.012ms
[273.356s][info][gc,phases   ] GC(195) Concurrent Mark 25.367ms
[273.356s][info][gc,phases   ] GC(195) Pause Mark End 0.018ms
[273.356s][info][gc,phases   ] GC(195) Concurrent Mark Free 0.001ms
[273.437s][info][gc,phases   ] GC(195) Concurrent Process Non-Strong References 81.358ms
[273.437s][info][gc,phases   ] GC(195) Concurrent Reset Relocation Set 0.001ms
[273.442s][info][gc,phases   ] GC(195) Concurrent Select Relocation Set 4.388ms
[273.442s][info][gc,phases   ] GC(195) Pause Relocate Start 0.008ms
[273.444s][info][gc,phases   ] GC(195) Concurrent Relocate 1.608ms
[273.444s][info][gc,load     ] GC(195) Load: 0.00/0.00/0.00
[273.444s][info][gc,mmu      ] GC(195) MMU: 2ms/96.5%, 5ms/98.6%, 10ms/99.3%, 20ms/99.6%, 50ms/99.8%, 100ms/99.9%
[273.444s][info][gc,marking  ] GC(195) Mark: 1 stripe(s), 2 proactive flush(es), 1 terminate flush(es), 0 completion(s), 0 continuation(s) 
[273.444s][info][gc,marking  ] GC(195) Mark Stack Usage: 32M
[273.444s][info][gc,nmethod  ] GC(195) NMethods: 2324 registered, 14 unregistered
[273.444s][info][gc,metaspace] GC(195) Metaspace: 13M used, 14M committed, 1088M reserved
[273.444s][info][gc,ref      ] GC(195) Soft: 211 encountered, 0 discovered, 0 enqueued
[273.444s][info][gc,ref      ] GC(195) Weak: 723 encountered, 439 discovered, 0 enqueued
[273.444s][info][gc,ref      ] GC(195) Final: 0 encountered, 0 discovered, 0 enqueued
[273.444s][info][gc,ref      ] GC(195) Phantom: 59 encountered, 46 discovered, 0 enqueued
[273.444s][info][gc,reloc    ] GC(195) Small Pages: 1191 / 2382M, Empty: 2170M, Relocated: 2M, In-Place: 0
[273.444s][info][gc,reloc    ] GC(195) Medium Pages: 0 / 0M, Empty: 0M, Relocated: 0M, In-Place: 0
[273.444s][info][gc,reloc    ] GC(195) Large Pages: 0 / 0M, Empty: 0M, Relocated: 0M, In-Place: 0
[273.444s][info][gc,reloc    ] GC(195) Forwarding Usage: 0M
[273.444s][info][gc,heap     ] GC(195) Min Capacity: 8M(0%)
[273.444s][info][gc,heap     ] GC(195) Max Capacity: 4096M(100%)
[273.444s][info][gc,heap     ] GC(195) Soft Max Capacity: 4096M(100%)
[273.444s][info][gc,heap     ] GC(195)                Mark Start          Mark End        Relocate Start      Relocate End           High               Low         
[273.444s][info][gc,heap     ] GC(195)  Capacity:     3862M (94%)        3862M (94%)        3862M (94%)        3862M (94%)        3862M (94%)        3862M (94%)    
[273.444s][info][gc,heap     ] GC(195)      Free:     1714M (42%)        1618M (40%)        3600M (88%)        3802M (93%)        3802M (93%)        1430M (35%)    
[273.444s][info][gc,heap     ] GC(195)      Used:     2382M (58%)        2478M (60%)         496M (12%)         294M (7%)         2666M (65%)         294M (7%)     
[273.444s][info][gc,heap     ] GC(195)      Live:         -                 8M (0%)            8M (0%)            8M (0%)             -                  -          
[273.444s][info][gc,heap     ] GC(195) Allocated:         -                96M (2%)          284M (7%)          282M (7%)             -                  -          
[273.444s][info][gc,heap     ] GC(195)   Garbage:         -              2373M (58%)         203M (5%)            2M (0%)             -                  -          
[273.444s][info][gc,heap     ] GC(195) Reclaimed:         -                  -              2170M (53%)        2370M (58%)            -                  -          
[273.444s][info][gc          ] GC(195) Garbage Collection (Allocation Rate) 2382M(58%)->294M(7%)
[274.730s][info][gc,start    ] GC(196) Garbage Collection (Allocation Rate)
[274.730s][info][gc,task     ] GC(196) Using 1 workers
[274.730s][info][gc,phases   ] GC(196) Pause Mark Start 0.015ms
[274.750s][info][gc,phases   ] GC(196) Concurrent Mark 18.976ms
[274.750s][info][gc,phases   ] GC(196) Pause Mark End 0.024ms
[274.750s][info][gc,phases   ] GC(196) Concurrent Mark Free 0.001ms
[274.838s][info][gc,phases   ] GC(196) Concurrent Process Non-Strong References 88.156ms
[274.838s][info][gc,phases   ] GC(196) Concurrent Reset Relocation Set 0.019ms
[274.843s][info][gc,phases   ] GC(196) Concurrent Select Relocation Set 4.412ms
[274.843s][info][gc,phases   ] GC(196) Pause Relocate Start 0.009ms
[274.844s][info][gc,phases   ] GC(196) Concurrent Relocate 1.371ms
[274.844s][info][gc,load     ] GC(196) Load: 0.00/0.00/0.00
[274.844s][info][gc,mmu      ] GC(196) MMU: 2ms/96.5%, 5ms/98.6%, 10ms/99.3%, 20ms/99.6%, 50ms/99.8%, 100ms/99.9%
[274.844s][info][gc,marking  ] GC(196) Mark: 1 stripe(s), 2 proactive flush(es), 1 terminate flush(es), 0 completion(s), 0 continuation(s) 
[274.844s][info][gc,marking  ] GC(196) Mark Stack Usage: 32M
[274.844s][info][gc,nmethod  ] GC(196) NMethods: 2324 registered, 14 unregistered
[274.844s][info][gc,metaspace] GC(196) Metaspace: 13M used, 14M committed, 1088M reserved
[274.844s][info][gc,ref      ] GC(196) Soft: 211 encountered, 0 discovered, 0 enqueued
[274.844s][info][gc,ref      ] GC(196) Weak: 723 encountered, 439 discovered, 0 enqueued
[274.844s][info][gc,ref      ] GC(196) Final: 0 encountered, 0 discovered, 0 enqueued
[274.844s][info][gc,ref      ] GC(196) Phantom: 59 encountered, 46 discovered, 0 enqueued
[274.844s][info][gc,reloc    ] GC(196) Small Pages: 1481 / 2962M, Empty: 2694M, Relocated: 3M, In-Place: 0
[274.844s][info][gc,reloc    ] GC(196) Medium Pages: 0 / 0M, Empty: 0M, Relocated: 0M, In-Place: 0
[274.844s][info][gc,reloc    ] GC(196) Large Pages: 0 / 0M, Empty: 0M, Relocated: 0M, In-Place: 0
[274.844s][info][gc,reloc    ] GC(196) Forwarding Usage: 0M
[274.845s][info][gc,heap     ] GC(196) Min Capacity: 8M(0%)
[274.845s][info][gc,heap     ] GC(196) Max Capacity: 4096M(100%)
[274.845s][info][gc,heap     ] GC(196) Soft Max Capacity: 4096M(100%)
[274.845s][info][gc,heap     ] GC(196)                Mark Start          Mark End        Relocate Start      Relocate End           High               Low         
[274.845s][info][gc,heap     ] GC(196)  Capacity:     3862M (94%)        3862M (94%)        3862M (94%)        3862M (94%)        3862M (94%)        3862M (94%)    
[274.845s][info][gc,heap     ] GC(196)      Free:     1134M (28%)        1040M (25%)        3548M (87%)        3806M (93%)        3806M (93%)         856M (21%)    
[274.845s][info][gc,heap     ] GC(196)      Used:     2962M (72%)        3056M (75%)         548M (13%)         290M (7%)         3240M (79%)         290M (7%)     
[274.845s][info][gc,heap     ] GC(196)      Live:         -                 9M (0%)            9M (0%)            9M (0%)             -                  -          
[274.845s][info][gc,heap     ] GC(196) Allocated:         -                94M (2%)          280M (7%)          278M (7%)             -                  -          
[274.845s][info][gc,heap     ] GC(196)   Garbage:         -              2952M (72%)         258M (6%)            2M (0%)             -                  -          
[274.845s][info][gc,heap     ] GC(196) Reclaimed:         -                  -              2694M (66%)        2950M (72%)            -                  -          
[274.845s][info][gc          ] GC(196) Garbage Collection (Allocation Rate) 2962M(72%)->290M(7%)
[276.430s][info][gc,start    ] GC(197) Garbage Collection (Allocation Rate)
[276.430s][info][gc,task     ] GC(197) Using 1 workers
[276.430s][info][gc,phases   ] GC(197) Pause Mark Start 0.013ms
[276.448s][info][gc,phases   ] GC(197) Concurrent Mark 18.142ms
[276.449s][info][gc,phases   ] GC(197) Pause Mark End 0.019ms
[276.449s][info][gc,phases   ] GC(197) Concurrent Mark Free 0.001ms
[276.525s][info][gc,phases   ] GC(197) Concurrent Process Non-Strong References 76.116ms
[276.525s][info][gc,phases   ] GC(197) Concurrent Reset Relocation Set 0.019ms
[276.530s][info][gc,phases   ] GC(197) Concurrent Select Relocation Set 4.639ms
[276.530s][info][gc,phases   ] GC(197) Pause Relocate Start 0.008ms
[276.532s][info][gc,phases   ] GC(197) Concurrent Relocate 1.843ms
[276.532s][info][gc,load     ] GC(197) Load: 0.00/0.00/0.00
[276.532s][info][gc,mmu      ] GC(197) MMU: 2ms/96.5%, 5ms/98.6%, 10ms/99.3%, 20ms/99.6%, 50ms/99.8%, 100ms/99.9%
[276.532s][info][gc,marking  ] GC(197) Mark: 1 stripe(s), 2 proactive flush(es), 1 terminate flush(es), 0 completion(s), 0 continuation(s) 
[276.532s][info][gc,marking  ] GC(197) Mark Stack Usage: 32M
[276.532s][info][gc,nmethod  ] GC(197) NMethods: 2324 registered, 14 unregistered
[276.532s][info][gc,metaspace] GC(197) Metaspace: 13M used, 14M committed, 1088M reserved
[276.532s][info][gc,ref      ] GC(197) Soft: 211 encountered, 0 discovered, 0 enqueued
[276.532s][info][gc,ref      ] GC(197) Weak: 723 encountered, 439 discovered, 0 enqueued
[276.532s][info][gc,ref      ] GC(197) Final: 0 encountered, 0 discovered, 0 enqueued
[276.532s][info][gc,ref      ] GC(197) Phantom: 59 encountered, 46 discovered, 0 enqueued
[276.532s][info][gc,reloc    ] GC(197) Small Pages: 1661 / 3322M, Empty: 3052M, Relocated: 3M, In-Place: 0
[276.532s][info][gc,reloc    ] GC(197) Medium Pages: 0 / 0M, Empty: 0M, Relocated: 0M, In-Place: 0
[276.532s][info][gc,reloc    ] GC(197) Large Pages: 0 / 0M, Empty: 0M, Relocated: 0M, In-Place: 0
[276.532s][info][gc,reloc    ] GC(197) Forwarding Usage: 0M
[276.532s][info][gc,heap     ] GC(197) Min Capacity: 8M(0%)
[276.532s][info][gc,heap     ] GC(197) Max Capacity: 4096M(100%)
[276.532s][info][gc,heap     ] GC(197) Soft Max Capacity: 4096M(100%)
[276.532s][info][gc,heap     ] GC(197)                Mark Start          Mark End        Relocate Start      Relocate End           High               Low         
[276.532s][info][gc,heap     ] GC(197)  Capacity:     3862M (94%)        3862M (94%)        3862M (94%)        3862M (94%)        3862M (94%)        3862M (94%)    
[276.532s][info][gc,heap     ] GC(197)      Free:      774M (19%)         680M (17%)        3598M (88%)        3820M (93%)        3820M (93%)         570M (14%)    
[276.532s][info][gc,heap     ] GC(197)      Used:     3322M (81%)        3416M (83%)         498M (12%)         276M (7%)         3526M (86%)         276M (7%)     
[276.532s][info][gc,heap     ] GC(197)      Live:         -                 9M (0%)            9M (0%)            9M (0%)             -                  -          
[276.532s][info][gc,heap     ] GC(197) Allocated:         -                94M (2%)          228M (6%)          264M (6%)             -                  -          
[276.532s][info][gc,heap     ] GC(197)   Garbage:         -              3312M (81%)         260M (6%)            2M (0%)             -                  -          
[276.532s][info][gc,heap     ] GC(197) Reclaimed:         -                  -              3052M (75%)        3310M (81%)            -                  -          
[276.532s][info][gc          ] GC(197) Garbage Collection (Allocation Rate) 3322M(81%)->276M(7%)
[278.031s][info][gc,start    ] GC(198) Garbage Collection (Allocation Rate)
[278.031s][info][gc,task     ] GC(198) Using 1 workers
[278.031s][info][gc,phases   ] GC(198) Pause Mark Start 0.011ms
[278.049s][info][gc,phases   ] GC(198) Concurrent Mark 17.915ms
[278.049s][info][gc,phases   ] GC(198) Pause Mark End 0.016ms
[278.049s][info][gc,phases   ] GC(198) Concurrent Mark Free 0.002ms
[278.140s][info][gc,phases   ] GC(198) Concurrent Process Non-Strong References 90.539ms
[278.140s][info][gc,phases   ] GC(198) Concurrent Reset Relocation Set 0.015ms
[278.144s][info][gc,phases   ] GC(198) Concurrent Select Relocation Set 4.234ms
[278.145s][info][gc,phases   ] GC(198) Pause Relocate Start 0.010ms
[278.150s][info][gc,phases   ] GC(198) Concurrent Relocate 5.546ms
[278.150s][info][gc,load     ] GC(198) Load: 0.00/0.00/0.00
[278.150s][info][gc,mmu      ] GC(198) MMU: 2ms/96.5%, 5ms/98.6%, 10ms/99.3%, 20ms/99.6%, 50ms/99.8%, 100ms/99.9%
[278.150s][info][gc,marking  ] GC(198) Mark: 1 stripe(s), 2 proactive flush(es), 1 terminate flush(es), 0 completion(s), 0 continuation(s) 
[278.150s][info][gc,marking  ] GC(198) Mark Stack Usage: 32M
[278.150s][info][gc,nmethod  ] GC(198) NMethods: 2324 registered, 14 unregistered
[278.150s][info][gc,metaspace] GC(198) Metaspace: 13M used, 14M committed, 1088M reserved
[278.150s][info][gc,ref      ] GC(198) Soft: 211 encountered, 0 discovered, 0 enqueued
[278.150s][info][gc,ref      ] GC(198) Weak: 723 encountered, 439 discovered, 0 enqueued
[278.150s][info][gc,ref      ] GC(198) Final: 0 encountered, 0 discovered, 0 enqueued
[278.150s][info][gc,ref      ] GC(198) Phantom: 59 encountered, 46 discovered, 0 enqueued
[278.150s][info][gc,reloc    ] GC(198) Small Pages: 1712 / 3424M, Empty: 3158M, Relocated: 3M, In-Place: 0
[278.150s][info][gc,reloc    ] GC(198) Medium Pages: 0 / 0M, Empty: 0M, Relocated: 0M, In-Place: 0
[278.150s][info][gc,reloc    ] GC(198) Large Pages: 0 / 0M, Empty: 0M, Relocated: 0M, In-Place: 0
[278.151s][info][gc,reloc    ] GC(198) Forwarding Usage: 0M
[278.151s][info][gc,heap     ] GC(198) Min Capacity: 8M(0%)
[278.151s][info][gc,heap     ] GC(198) Max Capacity: 4096M(100%)
[278.151s][info][gc,heap     ] GC(198) Soft Max Capacity: 4096M(100%)
[278.151s][info][gc,heap     ] GC(198)                Mark Start          Mark End        Relocate Start      Relocate End           High               Low         
[278.151s][info][gc,heap     ] GC(198)  Capacity:     3862M (94%)        3862M (94%)        3862M (94%)        3862M (94%)        3862M (94%)        3862M (94%)    
[278.151s][info][gc,heap     ] GC(198)      Free:      672M (16%)         578M (14%)        3550M (87%)        3800M (93%)        3800M (93%)         394M (10%)    
[278.151s][info][gc,heap     ] GC(198)      Used:     3424M (84%)        3518M (86%)         546M (13%)         296M (7%)         3702M (90%)         296M (7%)     
[278.151s][info][gc,heap     ] GC(198)      Live:         -                 9M (0%)            9M (0%)            9M (0%)             -                  -          
[278.151s][info][gc,heap     ] GC(198) Allocated:         -                94M (2%)          280M (7%)          284M (7%)             -                  -          
[278.151s][info][gc,heap     ] GC(198)   Garbage:         -              3414M (83%)         256M (6%)            2M (0%)             -                  -          
[278.151s][info][gc,heap     ] GC(198) Reclaimed:         -                  -              3158M (77%)        3412M (83%)            -                  -          
[278.151s][info][gc          ] GC(198) Garbage Collection (Allocation Rate) 3424M(84%)->296M(7%)
[279.630s][info][gc,start    ] GC(199) Garbage Collection (Allocation Rate)
[279.630s][info][gc,task     ] GC(199) Using 1 workers
[279.630s][info][gc,phases   ] GC(199) Pause Mark Start 0.010ms
[279.655s][info][gc,phases   ] GC(199) Concurrent Mark 24.393ms
[279.655s][info][gc,phases   ] GC(199) Pause Mark End 0.017ms
[279.655s][info][gc,phases   ] GC(199) Concurrent Mark Free 0.001ms
[279.742s][info][gc,phases   ] GC(199) Concurrent Process Non-Strong References 87.540ms
[279.743s][info][gc,phases   ] GC(199) Concurrent Reset Relocation Set 0.018ms
[279.747s][info][gc,phases   ] GC(199) Concurrent Select Relocation Set 4.189ms
[279.747s][info][gc,phases   ] GC(199) Pause Relocate Start 0.008ms
[279.750s][info][gc,phases   ] GC(199) Concurrent Relocate 3.161ms
[279.750s][info][gc,load     ] GC(199) Load: 0.00/0.00/0.00
[279.750s][info][gc,mmu      ] GC(199) MMU: 2ms/96.5%, 5ms/98.6%, 10ms/99.3%, 20ms/99.6%, 50ms/99.8%, 100ms/99.9%
[279.750s][info][gc,marking  ] GC(199) Mark: 1 stripe(s), 2 proactive flush(es), 1 terminate flush(es), 0 completion(s), 0 continuation(s) 
[279.750s][info][gc,marking  ] GC(199) Mark Stack Usage: 32M
[279.750s][info][gc,nmethod  ] GC(199) NMethods: 2324 registered, 14 unregistered
[279.750s][info][gc,metaspace] GC(199) Metaspace: 13M used, 14M committed, 1088M reserved
[279.750s][info][gc,ref      ] GC(199) Soft: 211 encountered, 0 discovered, 0 enqueued
[279.750s][info][gc,ref      ] GC(199) Weak: 723 encountered, 439 discovered, 0 enqueued
[279.750s][info][gc,ref      ] GC(199) Final: 0 encountered, 0 discovered, 0 enqueued
[279.750s][info][gc,ref      ] GC(199) Phantom: 59 encountered, 46 discovered, 0 enqueued
[279.750s][info][gc,reloc    ] GC(199) Small Pages: 1713 / 3426M, Empty: 3158M, Relocated: 3M, In-Place: 0
[279.750s][info][gc,reloc    ] GC(199) Medium Pages: 0 / 0M, Empty: 0M, Relocated: 0M, In-Place: 0
[279.750s][info][gc,reloc    ] GC(199) Large Pages: 0 / 0M, Empty: 0M, Relocated: 0M, In-Place: 0
[279.750s][info][gc,reloc    ] GC(199) Forwarding Usage: 0M
[279.750s][info][gc,heap     ] GC(199) Min Capacity: 8M(0%)
[279.751s][info][gc,heap     ] GC(199) Max Capacity: 4096M(100%)
[279.751s][info][gc,heap     ] GC(199) Soft Max Capacity: 4096M(100%)
[279.751s][info][gc,heap     ] GC(199)                Mark Start          Mark End        Relocate Start      Relocate End           High               Low         
[279.751s][info][gc,heap     ] GC(199)  Capacity:     3862M (94%)        3862M (94%)        3862M (94%)        3862M (94%)        3862M (94%)        3862M (94%)    
[279.751s][info][gc,heap     ] GC(199)      Free:      670M (16%)         576M (14%)        3550M (87%)        3802M (93%)        3802M (93%)         394M (10%)    
[279.751s][info][gc,heap     ] GC(199)      Used:     3426M (84%)        3520M (86%)         546M (13%)         294M (7%)         3702M (90%)         294M (7%)     
[279.751s][info][gc,heap     ] GC(199)      Live:         -                 9M (0%)            9M (0%)            9M (0%)             -                  -          
[279.751s][info][gc,heap     ] GC(199) Allocated:         -                94M (2%)          278M (7%)          282M (7%)             -                  -          
[279.751s][info][gc,heap     ] GC(199)   Garbage:         -              3416M (83%)         258M (6%)            1M (0%)             -                  -          
[279.751s][info][gc,heap     ] GC(199) Reclaimed:         -                  -              3158M (77%)        3414M (83%)            -                  -          
[279.751s][info][gc          ] GC(199) Garbage Collection (Allocation Rate) 3426M(84%)->294M(7%)
[280.130s][info][gc,stats    ] === Garbage Collection Statistics =======================================================================================================================
[280.130s][info][gc,stats    ]                                                              Last 10s              Last 10m              Last 10h                Total
[280.130s][info][gc,stats    ]                                                              Avg / Max             Avg / Max             Avg / Max             Avg / Max
[280.130s][info][gc,stats    ]   Collector: Garbage Collection Cycle                    109.102 / 177.995      77.060 / 587.803      77.060 / 587.803      77.060 / 587.803     ms
[280.130s][info][gc,stats    ]  Contention: Mark Segment Reset Contention                     0 / 1                 1 / 26                1 / 26                1 / 26          ops/s
[280.130s][info][gc,stats    ]  Contention: Mark SeqNum Reset Contention                      0 / 0                 0 / 3                 0 / 3                 0 / 3           ops/s
[280.130s][info][gc,stats    ]    Critical: Allocation Stall                                  0 / 0                 0 / 0                 0 / 0                 0 / 0           ops/s
[280.130s][info][gc,stats    ]    Critical: Allocation Stall                              0.000 / 0.000         0.000 / 0.000         0.000 / 0.000         0.000 / 0.000       ms
[280.130s][info][gc,stats    ]    Critical: GC Locker Stall                                   0 / 0                 0 / 0                 0 / 0                 0 / 0           ops/s
[280.130s][info][gc,stats    ]    Critical: GC Locker Stall                               0.000 / 0.000         0.000 / 0.000         0.000 / 0.000         0.000 / 0.000       ms
[280.130s][info][gc,stats    ]    Critical: Relocation Stall                                  0 / 0                 0 / 0                 0 / 0                 0 / 0           ops/s
[280.130s][info][gc,stats    ]    Critical: Relocation Stall                              0.000 / 0.000         0.000 / 0.000         0.000 / 0.000         0.000 / 0.000       ms
[280.130s][info][gc,stats    ]      Memory: Allocation Rate                                2034 / 2198           1977 / 2322           1977 / 2322           1977 / 2322        MB/s
[280.130s][info][gc,stats    ]      Memory: Defragment                                        0 / 0                 0 / 0                 0 / 0                 0 / 0           ops/s
[280.130s][info][gc,stats    ]      Memory: Out Of Memory                                     0 / 0                 0 / 0                 0 / 0                 0 / 0           ops/s
[280.130s][info][gc,stats    ]      Memory: Page Cache Flush                                  0 / 0                 0 / 0                 0 / 0                 0 / 0           MB/s
[280.130s][info][gc,stats    ]      Memory: Page Cache Hit L1                              1018 / 1099            985 / 1162            985 / 1162            985 / 1162        ops/s
[280.130s][info][gc,stats    ]      Memory: Page Cache Hit L2                                 0 / 0                 0 / 0                 0 / 0                 0 / 0           ops/s
[280.130s][info][gc,stats    ]      Memory: Page Cache Hit L3                                 0 / 0                 3 / 448               3 / 448               3 / 448         ops/s
[280.130s][info][gc,stats    ]      Memory: Page Cache Miss                                   0 / 0                 3 / 471               3 / 471               3 / 471         ops/s
[280.130s][info][gc,stats    ]      Memory: Uncommit                                          0 / 0                 0 / 0                 0 / 0                 0 / 0           MB/s
[280.130s][info][gc,stats    ]      Memory: Undo Object Allocation Failed                     0 / 1                 0 / 5                 0 / 5                 0 / 5           ops/s
[280.130s][info][gc,stats    ]      Memory: Undo Object Allocation Succeeded                 22 / 55               20 / 124              20 / 124              20 / 124         ops/s
[280.130s][info][gc,stats    ]      Memory: Undo Page Allocation                              0 / 2                 0 / 23                0 / 23                0 / 23          ops/s
[280.130s][info][gc,stats    ]       Phase: Concurrent Mark                              19.311 / 25.367       20.204 / 549.801      20.204 / 549.801      20.204 / 549.801     ms
[280.130s][info][gc,stats    ]       Phase: Concurrent Mark Continue                      0.000 / 0.000         0.000 / 0.000         0.000 / 0.000         0.000 / 0.000       ms
[280.131s][info][gc,stats    ]       Phase: Concurrent Mark Free                          0.001 / 0.002         0.001 / 0.008         0.001 / 0.008         0.001 / 0.008       ms
[280.131s][info][gc,stats    ]       Phase: Concurrent Process Non-Strong References     72.851 / 90.539       42.487 / 220.058      42.487 / 220.058      42.487 / 220.058     ms
[280.131s][info][gc,stats    ]       Phase: Concurrent Relocate                           2.282 / 5.546         2.599 / 10.088        2.599 / 10.088        2.599 / 10.088      ms
[280.131s][info][gc,stats    ]       Phase: Concurrent Reset Relocation Set               0.014 / 0.019         0.015 / 0.027         0.015 / 0.027         0.015 / 0.027       ms
[280.131s][info][gc,stats    ]       Phase: Concurrent Select Relocation Set              4.321 / 4.828         4.716 / 22.887        4.716 / 22.887        4.716 / 22.887      ms
[280.131s][info][gc,stats    ]       Phase: Pause Mark End                                0.018 / 0.024         0.019 / 0.070         0.019 / 0.070         0.019 / 0.070       ms
[280.131s][info][gc,stats    ]       Phase: Pause Mark Start                              0.012 / 0.017         0.013 / 0.021         0.013 / 0.021         0.013 / 0.021       ms
[280.131s][info][gc,stats    ]       Phase: Pause Relocate Start                          0.008 / 0.010         0.008 / 0.019         0.008 / 0.019         0.008 / 0.019       ms
[280.131s][info][gc,stats    ]    Subphase: Concurrent Classes Purge                      0.006 / 0.012         0.030 / 3.013         0.030 / 3.013         0.030 / 3.013       ms
[280.131s][info][gc,stats    ]    Subphase: Concurrent Classes Unlink                     5.160 / 7.029         3.274 / 7.490         3.274 / 7.490         3.274 / 7.490       ms
[280.131s][info][gc,stats    ]    Subphase: Concurrent Mark                              11.481 / 24.195        8.757 / 109.674       8.757 / 109.674       8.757 / 109.674     ms
[280.131s][info][gc,stats    ]    Subphase: Concurrent Mark Try Flush                     0.082 / 0.153         0.406 / 80.074        0.406 / 80.074        0.406 / 80.074      ms
[280.131s][info][gc,stats    ]    Subphase: Concurrent Mark Try Terminate                 2.041 / 5.039         2.332 / 15.651        2.332 / 15.651        2.332 / 15.651      ms
[280.131s][info][gc,stats    ]    Subphase: Concurrent References Enqueue                 0.000 / 0.001         0.001 / 0.007         0.001 / 0.007         0.001 / 0.007       ms
[280.131s][info][gc,stats    ]    Subphase: Concurrent References Process                 0.108 / 0.184         0.093 / 0.196         0.093 / 0.196         0.093 / 0.196       ms
[280.131s][info][gc,stats    ]    Subphase: Concurrent Roots ClassLoaderDataGraph         0.128 / 0.393         0.079 / 0.923         0.079 / 0.923         0.079 / 0.923       ms
[280.131s][info][gc,stats    ]    Subphase: Concurrent Roots CodeCache                    0.000 / 0.000         0.000 / 0.000         0.000 / 0.000         0.000 / 0.000       ms
[280.131s][info][gc,stats    ]    Subphase: Concurrent Roots JavaThreads                  0.324 / 1.065         0.709 / 473.279       0.709 / 473.279       0.709 / 473.279     ms
[280.131s][info][gc,stats    ]    Subphase: Concurrent Roots OopStorageSet                0.049 / 0.121         0.060 / 1.317         0.060 / 1.317         0.060 / 1.317       ms
[280.131s][info][gc,stats    ]    Subphase: Concurrent Weak Roots OopStorageSet          34.077 / 85.563       12.291 / 91.903       12.291 / 91.903       12.291 / 91.903      ms
[280.131s][info][gc,stats    ]    Subphase: Pause Mark Try Complete                       0.000 / 0.000         0.003 / 0.007         0.003 / 0.007         0.003 / 0.007       ms
[280.131s][info][gc,stats    ]      System: Java Threads                                     47 / 60               53 / 73               53 / 73               53 / 73          threads
[280.131s][info][gc,stats    ] =========================================================================================================================================================
[280.930s][info][gc,start    ] GC(200) Garbage Collection (Proactive)
[280.930s][info][gc,task     ] GC(200) Using 12 workers
[280.931s][info][gc,phases   ] GC(200) Pause Mark Start 0.011ms
[280.938s][info][gc,phases   ] GC(200) Concurrent Mark 7.633ms
[280.938s][info][gc,phases   ] GC(200) Pause Mark End 0.021ms
[280.939s][info][gc,phases   ] GC(200) Concurrent Mark Free 0.001ms
[280.948s][info][gc,phases   ] GC(200) Concurrent Process Non-Strong References 9.373ms
[280.948s][info][gc,phases   ] GC(200) Concurrent Reset Relocation Set 0.019ms
[280.953s][info][gc,phases   ] GC(200) Concurrent Select Relocation Set 4.735ms
[280.953s][info][gc,phases   ] GC(200) Pause Relocate Start 0.007ms
[280.953s][info][gc,phases   ] GC(200) Concurrent Relocate 0.414ms
[280.953s][info][gc,load     ] GC(200) Load: 0.00/0.00/0.00
[280.953s][info][gc,mmu      ] GC(200) MMU: 2ms/96.5%, 5ms/98.6%, 10ms/99.3%, 20ms/99.6%, 50ms/99.8%, 100ms/99.9%
[280.954s][info][gc,marking  ] GC(200) Mark: 8 stripe(s), 3 proactive flush(es), 1 terminate flush(es), 0 completion(s), 0 continuation(s) 
[280.954s][info][gc,marking  ] GC(200) Mark Stack Usage: 32M
[280.954s][info][gc,nmethod  ] GC(200) NMethods: 2324 registered, 14 unregistered
[280.954s][info][gc,metaspace] GC(200) Metaspace: 13M used, 14M committed, 1088M reserved
[280.954s][info][gc,ref      ] GC(200) Soft: 211 encountered, 0 discovered, 0 enqueued
[280.954s][info][gc,ref      ] GC(200) Weak: 723 encountered, 72 discovered, 0 enqueued
[280.954s][info][gc,ref      ] GC(200) Final: 0 encountered, 0 discovered, 0 enqueued
[280.954s][info][gc,ref      ] GC(200) Phantom: 59 encountered, 36 discovered, 0 enqueued
[280.954s][info][gc,reloc    ] GC(200) Small Pages: 1317 / 2634M, Empty: 2370M, Relocated: 1M, In-Place: 0
[280.954s][info][gc,reloc    ] GC(200) Medium Pages: 0 / 0M, Empty: 0M, Relocated: 0M, In-Place: 0
[280.954s][info][gc,reloc    ] GC(200) Large Pages: 0 / 0M, Empty: 0M, Relocated: 0M, In-Place: 0
[280.954s][info][gc,reloc    ] GC(200) Forwarding Usage: 0M
[280.954s][info][gc,heap     ] GC(200) Min Capacity: 8M(0%)
[280.954s][info][gc,heap     ] GC(200) Max Capacity: 4096M(100%)
[280.954s][info][gc,heap     ] GC(200) Soft Max Capacity: 4096M(100%)
[280.954s][info][gc,heap     ] GC(200)                Mark Start          Mark End        Relocate Start      Relocate End           High               Low         
[280.954s][info][gc,heap     ] GC(200)  Capacity:     3862M (94%)        3862M (94%)        3862M (94%)        3862M (94%)        3862M (94%)        3862M (94%)    
[280.954s][info][gc,heap     ] GC(200)      Free:     1462M (36%)        1368M (33%)        3736M (91%)        3964M (97%)        3964M (97%)        1366M (33%)    
[280.954s][info][gc,heap     ] GC(200)      Used:     2634M (64%)        2728M (67%)         360M (9%)          132M (3%)         2730M (67%)         132M (3%)     
[280.954s][info][gc,heap     ] GC(200)      Live:         -                 9M (0%)            9M (0%)            9M (0%)             -                  -          
[280.954s][info][gc,heap     ] GC(200) Allocated:         -                94M (2%)           96M (2%)           96M (2%)             -                  -          
[280.954s][info][gc,heap     ] GC(200)   Garbage:         -              2624M (64%)         254M (6%)           25M (1%)             -                  -          
[280.954s][info][gc,heap     ] GC(200) Reclaimed:         -                  -              2370M (58%)        2598M (63%)            -                  -          
[280.954s][info][gc          ] GC(200) Garbage Collection (Proactive) 2634M(64%)->132M(3%)
[282.530s][info][gc,start    ] GC(201) Garbage Collection (Allocation Rate)
[282.530s][info][gc,task     ] GC(201) Using 1 workers
[282.530s][info][gc,phases   ] GC(201) Pause Mark Start 0.012ms
[282.546s][info][gc,phases   ] GC(201) Concurrent Mark 16.304ms
[282.547s][info][gc,phases   ] GC(201) Pause Mark End 0.016ms
[282.547s][info][gc,phases   ] GC(201) Concurrent Mark Free 0.001ms
[282.623s][info][gc,phases   ] GC(201) Concurrent Process Non-Strong References 76.137ms
[282.623s][info][gc,phases   ] GC(201) Concurrent Reset Relocation Set 0.016ms
[282.628s][info][gc,phases   ] GC(201) Concurrent Select Relocation Set 4.905ms
[282.628s][info][gc,phases   ] GC(201) Pause Relocate Start 0.008ms
[282.629s][info][gc,phases   ] GC(201) Concurrent Relocate 0.663ms
[282.629s][info][gc,load     ] GC(201) Load: 0.00/0.00/0.00
[282.629s][info][gc,mmu      ] GC(201) MMU: 2ms/96.5%, 5ms/98.6%, 10ms/99.3%, 20ms/99.6%, 50ms/99.8%, 100ms/99.9%
[282.629s][info][gc,marking  ] GC(201) Mark: 1 stripe(s), 2 proactive flush(es), 1 terminate flush(es), 0 completion(s), 0 continuation(s) 
[282.629s][info][gc,marking  ] GC(201) Mark Stack Usage: 32M
[282.629s][info][gc,nmethod  ] GC(201) NMethods: 2324 registered, 14 unregistered
[282.629s][info][gc,metaspace] GC(201) Metaspace: 13M used, 14M committed, 1088M reserved
[282.629s][info][gc,ref      ] GC(201) Soft: 211 encountered, 0 discovered, 0 enqueued
[282.629s][info][gc,ref      ] GC(201) Weak: 699 encountered, 439 discovered, 0 enqueued
[282.629s][info][gc,ref      ] GC(201) Final: 0 encountered, 0 discovered, 0 enqueued
[282.629s][info][gc,ref      ] GC(201) Phantom: 59 encountered, 46 discovered, 0 enqueued
[282.629s][info][gc,reloc    ] GC(201) Small Pages: 1601 / 3202M, Empty: 2950M, Relocated: 1M, In-Place: 0
[282.629s][info][gc,reloc    ] GC(201) Medium Pages: 0 / 0M, Empty: 0M, Relocated: 0M, In-Place: 0
[282.629s][info][gc,reloc    ] GC(201) Large Pages: 0 / 0M, Empty: 0M, Relocated: 0M, In-Place: 0
[282.629s][info][gc,reloc    ] GC(201) Forwarding Usage: 0M
[282.629s][info][gc,heap     ] GC(201) Min Capacity: 8M(0%)
[282.629s][info][gc,heap     ] GC(201) Max Capacity: 4096M(100%)
[282.629s][info][gc,heap     ] GC(201) Soft Max Capacity: 4096M(100%)
[282.629s][info][gc,heap     ] GC(201)                Mark Start          Mark End        Relocate Start      Relocate End           High               Low         
[282.629s][info][gc,heap     ] GC(201)  Capacity:     3862M (94%)        3862M (94%)        3862M (94%)        3862M (94%)        3862M (94%)        3862M (94%)    
[282.629s][info][gc,heap     ] GC(201)      Free:      894M (22%)         820M (20%)        3618M (88%)        3846M (94%)        3846M (94%)         682M (17%)    
[282.629s][info][gc,heap     ] GC(201)      Used:     3202M (78%)        3276M (80%)         478M (12%)         250M (6%)         3414M (83%)         250M (6%)     
[282.629s][info][gc,heap     ] GC(201)      Live:         -                 9M (0%)            9M (0%)            9M (0%)             -                  -          
[282.629s][info][gc,heap     ] GC(201) Allocated:         -                74M (2%)          226M (6%)          237M (6%)             -                  -          
[282.629s][info][gc,heap     ] GC(201)   Garbage:         -              3192M (78%)         242M (6%)            3M (0%)             -                  -          
[282.629s][info][gc,heap     ] GC(201) Reclaimed:         -                  -              2950M (72%)        3189M (78%)            -                  -          
[282.629s][info][gc          ] GC(201) Garbage Collection (Allocation Rate) 3202M(78%)->250M(6%)
[283.057s][info][gc,start    ] GC(202) Garbage Collection (System.gc())
[283.058s][info][gc,task     ] GC(202) Using 12 workers
[283.058s][info][gc,phases   ] GC(202) Pause Mark Start 0.016ms
[283.072s][info][gc,phases   ] GC(202) Concurrent Mark 13.801ms
[283.072s][info][gc,phases   ] GC(202) Pause Mark End 0.017ms
[283.072s][info][gc,phases   ] GC(202) Concurrent Mark Free 0.001ms
[283.084s][info][gc,phases   ] GC(202) Concurrent Process Non-Strong References 12.026ms
[283.084s][info][gc,phases   ] GC(202) Concurrent Reset Relocation Set 0.011ms
[283.087s][info][gc,phases   ] GC(202) Concurrent Select Relocation Set 3.316ms
[283.087s][info][gc,phases   ] GC(202) Pause Relocate Start 0.009ms
[283.090s][info][gc,phases   ] GC(202) Concurrent Relocate 2.699ms
[283.090s][info][gc,load     ] GC(202) Load: 0.00/0.00/0.00
[283.090s][info][gc,mmu      ] GC(202) MMU: 2ms/96.5%, 5ms/98.6%, 10ms/99.3%, 20ms/99.6%, 50ms/99.8%, 100ms/99.9%
[283.090s][info][gc,marking  ] GC(202) Mark: 8 stripe(s), 1 proactive flush(es), 1 terminate flush(es), 0 completion(s), 0 continuation(s) 
[283.090s][info][gc,marking  ] GC(202) Mark Stack Usage: 32M
[283.090s][info][gc,nmethod  ] GC(202) NMethods: 2324 registered, 14 unregistered
[283.090s][info][gc,metaspace] GC(202) Metaspace: 13M used, 14M committed, 1088M reserved
[283.090s][info][gc,ref      ] GC(202) Soft: 211 encountered, 0 discovered, 0 enqueued
[283.090s][info][gc,ref      ] GC(202) Weak: 623 encountered, 108 discovered, 0 enqueued
[283.090s][info][gc,ref      ] GC(202) Final: 0 encountered, 0 discovered, 0 enqueued
[283.090s][info][gc,ref      ] GC(202) Phantom: 59 encountered, 42 discovered, 0 enqueued
[283.090s][info][gc,reloc    ] GC(202) Small Pages: 545 / 1090M, Empty: 1020M, Relocated: 3M, In-Place: 0
[283.090s][info][gc,reloc    ] GC(202) Medium Pages: 0 / 0M, Empty: 0M, Relocated: 0M, In-Place: 0
[283.090s][info][gc,reloc    ] GC(202) Large Pages: 0 / 0M, Empty: 0M, Relocated: 0M, In-Place: 0
[283.090s][info][gc,reloc    ] GC(202) Forwarding Usage: 1M
[283.090s][info][gc,heap     ] GC(202) Min Capacity: 8M(0%)
[283.090s][info][gc,heap     ] GC(202) Max Capacity: 4096M(100%)
[283.090s][info][gc,heap     ] GC(202) Soft Max Capacity: 4096M(100%)
[283.090s][info][gc,heap     ] GC(202)                Mark Start          Mark End        Relocate Start      Relocate End           High               Low         
[283.090s][info][gc,heap     ] GC(202)  Capacity:     3862M (94%)        3862M (94%)        3862M (94%)        3862M (94%)        3862M (94%)        3862M (94%)    
[283.090s][info][gc,heap     ] GC(202)      Free:     3006M (73%)        3006M (73%)        4026M (98%)        4068M (99%)        4068M (99%)        3006M (73%)    
[283.091s][info][gc,heap     ] GC(202)      Used:     1090M (27%)        1090M (27%)          70M (2%)           28M (1%)         1090M (27%)          28M (1%)     
[283.091s][info][gc,heap     ] GC(202)      Live:         -                 6M (0%)            6M (0%)            6M (0%)             -                  -          
[283.091s][info][gc,heap     ] GC(202) Allocated:         -                 0M (0%)            0M (0%)            0M (0%)             -                  -          
[283.091s][info][gc,heap     ] GC(202)   Garbage:         -              1083M (26%)          63M (2%)           21M (1%)             -                  -          
[283.091s][info][gc,heap     ] GC(202) Reclaimed:         -                  -              1020M (25%)        1062M (26%)            -                  -          
[283.091s][info][gc          ] GC(202) Garbage Collection (System.gc()) 1090M(27%)->28M(1%)
[284.430s][info][gc,start    ] GC(203) Garbage Collection (Allocation Rate)
[284.430s][info][gc,task     ] GC(203) Using 1 workers
[284.430s][info][gc,phases   ] GC(203) Pause Mark Start 0.013ms
[284.454s][info][gc,phases   ] GC(203) Concurrent Mark 23.797ms
[284.454s][info][gc,phases   ] GC(203) Pause Mark End 0.019ms
[284.454s][info][gc,phases   ] GC(203) Concurrent Mark Free 0.001ms
[284.538s][info][gc,phases   ] GC(203) Concurrent Process Non-Strong References 83.831ms
[284.538s][info][gc,phases   ] GC(203) Concurrent Reset Relocation Set 0.005ms
[284.543s][info][gc,phases   ] GC(203) Concurrent Select Relocation Set 4.478ms
[284.543s][info][gc,phases   ] GC(203) Pause Relocate Start 0.008ms
[284.544s][info][gc,phases   ] GC(203) Concurrent Relocate 1.342ms
[284.544s][info][gc,load     ] GC(203) Load: 0.00/0.00/0.00
[284.544s][info][gc,mmu      ] GC(203) MMU: 2ms/96.5%, 5ms/98.6%, 10ms/99.3%, 20ms/99.6%, 50ms/99.8%, 100ms/99.9%
[284.544s][info][gc,marking  ] GC(203) Mark: 1 stripe(s), 2 proactive flush(es), 1 terminate flush(es), 0 completion(s), 0 continuation(s) 
[284.544s][info][gc,marking  ] GC(203) Mark Stack Usage: 32M
[284.544s][info][gc,nmethod  ] GC(203) NMethods: 2324 registered, 14 unregistered
[284.544s][info][gc,metaspace] GC(203) Metaspace: 13M used, 14M committed, 1088M reserved
[284.544s][info][gc,ref      ] GC(203) Soft: 211 encountered, 0 discovered, 0 enqueued
[284.544s][info][gc,ref      ] GC(203) Weak: 729 encountered, 443 discovered, 2 enqueued
[284.544s][info][gc,ref      ] GC(203) Final: 0 encountered, 0 discovered, 0 enqueued
[284.545s][info][gc,ref      ] GC(203) Phantom: 59 encountered, 46 discovered, 0 enqueued
[284.545s][info][gc,reloc    ] GC(203) Small Pages: 1309 / 2618M, Empty: 2356M, Relocated: 2M, In-Place: 0
[284.545s][info][gc,reloc    ] GC(203) Medium Pages: 0 / 0M, Empty: 0M, Relocated: 0M, In-Place: 0
[284.545s][info][gc,reloc    ] GC(203) Large Pages: 0 / 0M, Empty: 0M, Relocated: 0M, In-Place: 0
[284.545s][info][gc,reloc    ] GC(203) Forwarding Usage: 0M
[284.545s][info][gc,heap     ] GC(203) Min Capacity: 8M(0%)
[284.545s][info][gc,heap     ] GC(203) Max Capacity: 4096M(100%)
[284.545s][info][gc,heap     ] GC(203) Soft Max Capacity: 4096M(100%)
[284.545s][info][gc,heap     ] GC(203)                Mark Start          Mark End        Relocate Start      Relocate End           High               Low         
[284.545s][info][gc,heap     ] GC(203)  Capacity:     3862M (94%)        3862M (94%)        3862M (94%)        3862M (94%)        3862M (94%)        3862M (94%)    
[284.545s][info][gc,heap     ] GC(203)      Free:     1478M (36%)        1382M (34%)        3560M (87%)        3808M (93%)        3808M (93%)        1224M (30%)    
[284.545s][info][gc,heap     ] GC(203)      Used:     2618M (64%)        2714M (66%)         536M (13%)         288M (7%)         2872M (70%)         288M (7%)     
[284.545s][info][gc,heap     ] GC(203)      Live:         -                 8M (0%)            8M (0%)            8M (0%)             -                  -          
[284.545s][info][gc,heap     ] GC(203) Allocated:         -                96M (2%)          274M (7%)          276M (7%)             -                  -          
[284.545s][info][gc,heap     ] GC(203)   Garbage:         -              2609M (64%)         253M (6%)            2M (0%)             -                  -          
[284.545s][info][gc,heap     ] GC(203) Reclaimed:         -                  -              2356M (58%)        2606M (64%)            -                  -          
[284.545s][info][gc          ] GC(203) Garbage Collection (Allocation Rate) 2618M(64%)->288M(7%)
[285.730s][info][gc,start    ] GC(204) Garbage Collection (Allocation Rate)
[285.730s][info][gc,task     ] GC(204) Using 1 workers
[285.730s][info][gc,phases   ] GC(204) Pause Mark Start 0.011ms
[285.751s][info][gc,phases   ] GC(204) Concurrent Mark 20.887ms
[285.751s][info][gc,phases   ] GC(204) Pause Mark End 0.018ms
[285.751s][info][gc,phases   ] GC(204) Concurrent Mark Free 0.001ms
[285.835s][info][gc,phases   ] GC(204) Concurrent Process Non-Strong References 83.653ms
[285.835s][info][gc,phases   ] GC(204) Concurrent Reset Relocation Set 0.016ms
[285.840s][info][gc,phases   ] GC(204) Concurrent Select Relocation Set 4.691ms
[285.840s][info][gc,phases   ] GC(204) Pause Relocate Start 0.008ms
[285.842s][info][gc,phases   ] GC(204) Concurrent Relocate 1.574ms
[285.842s][info][gc,load     ] GC(204) Load: 0.00/0.00/0.00
[285.842s][info][gc,mmu      ] GC(204) MMU: 2ms/96.5%, 5ms/98.6%, 10ms/99.3%, 20ms/99.6%, 50ms/99.8%, 100ms/99.9%
[285.842s][info][gc,marking  ] GC(204) Mark: 1 stripe(s), 2 proactive flush(es), 1 terminate flush(es), 0 completion(s), 0 continuation(s) 
[285.842s][info][gc,marking  ] GC(204) Mark Stack Usage: 32M
[285.842s][info][gc,nmethod  ] GC(204) NMethods: 2324 registered, 14 unregistered
[285.842s][info][gc,metaspace] GC(204) Metaspace: 13M used, 14M committed, 1088M reserved
[285.842s][info][gc,ref      ] GC(204) Soft: 211 encountered, 0 discovered, 0 enqueued
[285.842s][info][gc,ref      ] GC(204) Weak: 727 encountered, 441 discovered, 0 enqueued
[285.842s][info][gc,ref      ] GC(204) Final: 0 encountered, 0 discovered, 0 enqueued
[285.842s][info][gc,ref      ] GC(204) Phantom: 59 encountered, 46 discovered, 0 enqueued
[285.842s][info][gc,reloc    ] GC(204) Small Pages: 1374 / 2748M, Empty: 2500M, Relocated: 3M, In-Place: 0
[285.842s][info][gc,reloc    ] GC(204) Medium Pages: 0 / 0M, Empty: 0M, Relocated: 0M, In-Place: 0
[285.842s][info][gc,reloc    ] GC(204) Large Pages: 0 / 0M, Empty: 0M, Relocated: 0M, In-Place: 0
[285.842s][info][gc,reloc    ] GC(204) Forwarding Usage: 0M
[285.842s][info][gc,heap     ] GC(204) Min Capacity: 8M(0%)
[285.842s][info][gc,heap     ] GC(204) Max Capacity: 4096M(100%)
[285.842s][info][gc,heap     ] GC(204) Soft Max Capacity: 4096M(100%)
[285.842s][info][gc,heap     ] GC(204)                Mark Start          Mark End        Relocate Start      Relocate End           High               Low         
[285.842s][info][gc,heap     ] GC(204)  Capacity:     3862M (94%)        3862M (94%)        3862M (94%)        3862M (94%)        3862M (94%)        3862M (94%)    
[285.842s][info][gc,heap     ] GC(204)      Free:     1348M (33%)        1254M (31%)        3568M (87%)        3804M (93%)        3804M (93%)        1070M (26%)    
[285.842s][info][gc,heap     ] GC(204)      Used:     2748M (67%)        2842M (69%)         528M (13%)         292M (7%)         3026M (74%)         292M (7%)     
[285.842s][info][gc,heap     ] GC(204)      Live:         -                 9M (0%)            9M (0%)            9M (0%)             -                  -          
[285.842s][info][gc,heap     ] GC(204) Allocated:         -                94M (2%)          280M (7%)          280M (7%)             -                  -          
[285.842s][info][gc,heap     ] GC(204)   Garbage:         -              2738M (67%)         238M (6%)            2M (0%)             -                  -          
[285.842s][info][gc,heap     ] GC(204) Reclaimed:         -                  -              2500M (61%)        2736M (67%)            -                  -          
[285.842s][info][gc          ] GC(204) Garbage Collection (Allocation Rate) 2748M(67%)->292M(7%)
[287.130s][info][gc,start    ] GC(205) Garbage Collection (Allocation Rate)
[287.130s][info][gc,task     ] GC(205) Using 1 workers
[287.130s][info][gc,phases   ] GC(205) Pause Mark Start 0.011ms
[287.150s][info][gc,phases   ] GC(205) Concurrent Mark 19.678ms
[287.150s][info][gc,phases   ] GC(205) Pause Mark End 0.017ms
[287.150s][info][gc,phases   ] GC(205) Concurrent Mark Free 0.001ms
[287.370s][info][gc,phases   ] GC(205) Concurrent Process Non-Strong References 219.578ms
[287.370s][info][gc,phases   ] GC(205) Concurrent Reset Relocation Set 0.015ms
[287.374s][info][gc,phases   ] GC(205) Concurrent Select Relocation Set 4.017ms
[287.374s][info][gc,phases   ] GC(205) Pause Relocate Start 0.008ms
[287.378s][info][gc,phases   ] GC(205) Concurrent Relocate 3.327ms
[287.378s][info][gc,load     ] GC(205) Load: 0.00/0.00/0.00
[287.378s][info][gc,mmu      ] GC(205) MMU: 2ms/96.5%, 5ms/98.6%, 10ms/99.3%, 20ms/99.6%, 50ms/99.8%, 100ms/99.9%
[287.378s][info][gc,marking  ] GC(205) Mark: 1 stripe(s), 2 proactive flush(es), 1 terminate flush(es), 0 completion(s), 0 continuation(s) 
[287.378s][info][gc,marking  ] GC(205) Mark Stack Usage: 32M
[287.378s][info][gc,nmethod  ] GC(205) NMethods: 2324 registered, 14 unregistered
[287.378s][info][gc,metaspace] GC(205) Metaspace: 13M used, 14M committed, 1088M reserved
[287.378s][info][gc,ref      ] GC(205) Soft: 211 encountered, 0 discovered, 0 enqueued
[287.378s][info][gc,ref      ] GC(205) Weak: 727 encountered, 441 discovered, 0 enqueued
[287.378s][info][gc,ref      ] GC(205) Final: 0 encountered, 0 discovered, 0 enqueued
[287.378s][info][gc,ref      ] GC(205) Phantom: 59 encountered, 46 discovered, 0 enqueued
[287.378s][info][gc,reloc    ] GC(205) Small Pages: 1544 / 3088M, Empty: 2828M, Relocated: 3M, In-Place: 0
[287.378s][info][gc,reloc    ] GC(205) Medium Pages: 0 / 0M, Empty: 0M, Relocated: 0M, In-Place: 0
[287.378s][info][gc,reloc    ] GC(205) Large Pages: 0 / 0M, Empty: 0M, Relocated: 0M, In-Place: 0
[287.378s][info][gc,reloc    ] GC(205) Forwarding Usage: 0M
[287.378s][info][gc,heap     ] GC(205) Min Capacity: 8M(0%)
[287.378s][info][gc,heap     ] GC(205) Max Capacity: 4096M(100%)
[287.378s][info][gc,heap     ] GC(205) Soft Max Capacity: 4096M(100%)
[287.378s][info][gc,heap     ] GC(205)                Mark Start          Mark End        Relocate Start      Relocate End           High               Low         
[287.378s][info][gc,heap     ] GC(205)  Capacity:     3862M (94%)        3862M (94%)        3862M (94%)        3862M (94%)        3862M (94%)        3862M (94%)    
[287.378s][info][gc,heap     ] GC(205)      Free:     1008M (25%)         914M (22%)        3272M (80%)        3506M (86%)        3506M (86%)         446M (11%)    
[287.378s][info][gc,heap     ] GC(205)      Used:     3088M (75%)        3182M (78%)         824M (20%)         590M (14%)        3650M (89%)         590M (14%)    
[287.378s][info][gc,heap     ] GC(205)      Live:         -                 9M (0%)            9M (0%)            9M (0%)             -                  -          
[287.378s][info][gc,heap     ] GC(205) Allocated:         -                94M (2%)          564M (14%)         578M (14%)            -                  -          
[287.378s][info][gc,heap     ] GC(205)   Garbage:         -              3078M (75%)         250M (6%)            2M (0%)             -                  -          
[287.378s][info][gc,heap     ] GC(205) Reclaimed:         -                  -              2828M (69%)        3076M (75%)            -                  -          
[287.378s][info][gc          ] GC(205) Garbage Collection (Allocation Rate) 3088M(75%)->590M(14%)
[288.430s][info][gc,start    ] GC(206) Garbage Collection (Allocation Rate)
[288.430s][info][gc,task     ] GC(206) Using 1 workers
[288.430s][info][gc,phases   ] GC(206) Pause Mark Start 0.012ms
[288.450s][info][gc,phases   ] GC(206) Concurrent Mark 20.448ms
[288.451s][info][gc,phases   ] GC(206) Pause Mark End 0.016ms
[288.451s][info][gc,phases   ] GC(206) Concurrent Mark Free 0.001ms
[288.531s][info][gc,phases   ] GC(206) Concurrent Process Non-Strong References 80.104ms
[288.531s][info][gc,phases   ] GC(206) Concurrent Reset Relocation Set 0.013ms
[288.534s][info][gc,phases   ] GC(206) Concurrent Select Relocation Set 3.501ms
[288.535s][info][gc,phases   ] GC(206) Pause Relocate Start 0.008ms
[288.536s][info][gc,phases   ] GC(206) Concurrent Relocate 1.618ms
[288.536s][info][gc,load     ] GC(206) Load: 0.00/0.00/0.00
[288.536s][info][gc,mmu      ] GC(206) MMU: 2ms/96.5%, 5ms/98.6%, 10ms/99.3%, 20ms/99.6%, 50ms/99.8%, 100ms/99.9%
[288.536s][info][gc,marking  ] GC(206) Mark: 1 stripe(s), 2 proactive flush(es), 1 terminate flush(es), 0 completion(s), 0 continuation(s) 
[288.536s][info][gc,marking  ] GC(206) Mark Stack Usage: 32M
[288.536s][info][gc,nmethod  ] GC(206) NMethods: 2324 registered, 14 unregistered
[288.536s][info][gc,metaspace] GC(206) Metaspace: 13M used, 14M committed, 1088M reserved
[288.536s][info][gc,ref      ] GC(206) Soft: 211 encountered, 0 discovered, 0 enqueued
[288.536s][info][gc,ref      ] GC(206) Weak: 727 encountered, 441 discovered, 0 enqueued
[288.537s][info][gc,ref      ] GC(206) Final: 0 encountered, 0 discovered, 0 enqueued
[288.537s][info][gc,ref      ] GC(206) Phantom: 59 encountered, 46 discovered, 0 enqueued
[288.537s][info][gc,reloc    ] GC(206) Small Pages: 1343 / 2686M, Empty: 2426M, Relocated: 3M, In-Place: 0
[288.537s][info][gc,reloc    ] GC(206) Medium Pages: 0 / 0M, Empty: 0M, Relocated: 0M, In-Place: 0
[288.537s][info][gc,reloc    ] GC(206) Large Pages: 0 / 0M, Empty: 0M, Relocated: 0M, In-Place: 0
[288.537s][info][gc,reloc    ] GC(206) Forwarding Usage: 0M
[288.537s][info][gc,heap     ] GC(206) Min Capacity: 8M(0%)
[288.537s][info][gc,heap     ] GC(206) Max Capacity: 4096M(100%)
[288.537s][info][gc,heap     ] GC(206) Soft Max Capacity: 4096M(100%)
[288.537s][info][gc,heap     ] GC(206)                Mark Start          Mark End        Relocate Start      Relocate End           High               Low         
[288.537s][info][gc,heap     ] GC(206)  Capacity:     3862M (94%)        3862M (94%)        3862M (94%)        3862M (94%)        3862M (94%)        3862M (94%)    
[288.537s][info][gc,heap     ] GC(206)      Free:     1410M (34%)        1314M (32%)        3568M (87%)        3810M (93%)        3810M (93%)        1146M (28%)    
[288.537s][info][gc,heap     ] GC(206)      Used:     2686M (66%)        2782M (68%)         528M (13%)         286M (7%)         2950M (72%)         286M (7%)     
[288.537s][info][gc,heap     ] GC(206)      Live:         -                 9M (0%)            9M (0%)            9M (0%)             -                  -          
[288.537s][info][gc,heap     ] GC(206) Allocated:         -                96M (2%)          268M (7%)          274M (7%)             -                  -          
[288.537s][info][gc,heap     ] GC(206)   Garbage:         -              2676M (65%)         250M (6%)            2M (0%)             -                  -          
[288.537s][info][gc,heap     ] GC(206) Reclaimed:         -                  -              2426M (59%)        2674M (65%)            -                  -          
[288.537s][info][gc          ] GC(206) Garbage Collection (Allocation Rate) 2686M(66%)->286M(7%)
[290.030s][info][gc,start    ] GC(207) Garbage Collection (Allocation Rate)
[290.030s][info][gc,task     ] GC(207) Using 1 workers
[290.030s][info][gc,phases   ] GC(207) Pause Mark Start 0.011ms
[290.050s][info][gc,phases   ] GC(207) Concurrent Mark 19.958ms
[290.050s][info][gc,phases   ] GC(207) Pause Mark End 0.019ms
[290.050s][info][gc,phases   ] GC(207) Concurrent Mark Free 0.002ms
[290.130s][info][gc,stats    ] === Garbage Collection Statistics =======================================================================================================================
[290.130s][info][gc,stats    ]                                                              Last 10s              Last 10m              Last 10h                Total
[290.130s][info][gc,stats    ]                                                              Avg / Max             Avg / Max             Avg / Max             Avg / Max
[290.130s][info][gc,stats    ]   Collector: Garbage Collection Cycle                    105.121 / 247.800      78.009 / 587.803      78.009 / 587.803      78.009 / 587.803     ms
[290.130s][info][gc,stats    ]  Contention: Mark Segment Reset Contention                     0 / 2                 1 / 26                1 / 26                1 / 26          ops/s
[290.130s][info][gc,stats    ]  Contention: Mark SeqNum Reset Contention                      0 / 1                 0 / 3                 0 / 3                 0 / 3           ops/s
[290.130s][info][gc,stats    ]    Critical: Allocation Stall                                  0 / 0                 0 / 0                 0 / 0                 0 / 0           ops/s
[290.130s][info][gc,stats    ]    Critical: Allocation Stall                              0.000 / 0.000         0.000 / 0.000         0.000 / 0.000         0.000 / 0.000       ms
[290.130s][info][gc,stats    ]    Critical: GC Locker Stall                                   0 / 0                 0 / 0                 0 / 0                 0 / 0           ops/s
[290.130s][info][gc,stats    ]    Critical: GC Locker Stall                               0.000 / 0.000         0.000 / 0.000         0.000 / 0.000         0.000 / 0.000       ms
[290.130s][info][gc,stats    ]    Critical: Relocation Stall                                  0 / 0                 0 / 0                 0 / 0                 0 / 0           ops/s
[290.130s][info][gc,stats    ]    Critical: Relocation Stall                              0.000 / 0.000         0.000 / 0.000         0.000 / 0.000         0.000 / 0.000       ms
[290.130s][info][gc,stats    ]      Memory: Allocation Rate                                2035 / 2196           1979 / 2322           1979 / 2322           1979 / 2322        MB/s
[290.130s][info][gc,stats    ]      Memory: Defragment                                        0 / 0                 0 / 0                 0 / 0                 0 / 0           ops/s
[290.130s][info][gc,stats    ]      Memory: Out Of Memory                                     0 / 0                 0 / 0                 0 / 0                 0 / 0           ops/s
[290.130s][info][gc,stats    ]      Memory: Page Cache Flush                                  0 / 0                 0 / 0                 0 / 0                 0 / 0           MB/s
[290.130s][info][gc,stats    ]      Memory: Page Cache Hit L1                              1020 / 1099            986 / 1162            986 / 1162            986 / 1162        ops/s
[290.130s][info][gc,stats    ]      Memory: Page Cache Hit L2                                 0 / 0                 0 / 0                 0 / 0                 0 / 0           ops/s
[290.130s][info][gc,stats    ]      Memory: Page Cache Hit L3                                 0 / 0                 3 / 448               3 / 448               3 / 448         ops/s
[290.130s][info][gc,stats    ]      Memory: Page Cache Miss                                   0 / 0                 3 / 471               3 / 471               3 / 471         ops/s
[290.130s][info][gc,stats    ]      Memory: Uncommit                                          0 / 0                 0 / 0                 0 / 0                 0 / 0           MB/s
[290.130s][info][gc,stats    ]      Memory: Undo Object Allocation Failed                     0 / 3                 0 / 5                 0 / 5                 0 / 5           ops/s
[290.130s][info][gc,stats    ]      Memory: Undo Object Allocation Succeeded                 21 / 47               21 / 124              21 / 124              21 / 124         ops/s
[290.130s][info][gc,stats    ]      Memory: Undo Page Allocation                              0 / 3                 0 / 23                0 / 23                0 / 23          ops/s
[290.131s][info][gc,stats    ]       Phase: Concurrent Mark                              17.813 / 23.797       20.112 / 549.801      20.112 / 549.801      20.112 / 549.801     ms
[290.131s][info][gc,stats    ]       Phase: Concurrent Mark Continue                      0.000 / 0.000         0.000 / 0.000         0.000 / 0.000         0.000 / 0.000       ms
[290.131s][info][gc,stats    ]       Phase: Concurrent Mark Free                          0.001 / 0.002         0.001 / 0.008         0.001 / 0.008         0.001 / 0.008       ms
[290.131s][info][gc,stats    ]       Phase: Concurrent Process Non-Strong References     80.672 / 219.578      43.779 / 220.058      43.779 / 220.058      43.779 / 220.058     ms
[290.131s][info][gc,stats    ]       Phase: Concurrent Relocate                           1.662 / 3.327         2.567 / 10.088        2.567 / 10.088        2.567 / 10.088      ms
[290.131s][info][gc,stats    ]       Phase: Concurrent Reset Relocation Set               0.013 / 0.019         0.015 / 0.027         0.015 / 0.027         0.015 / 0.027       ms
[290.131s][info][gc,stats    ]       Phase: Concurrent Select Relocation Set              4.235 / 4.905         4.700 / 22.887        4.700 / 22.887        4.700 / 22.887      ms
[290.131s][info][gc,stats    ]       Phase: Pause Mark End                                0.018 / 0.021         0.019 / 0.070         0.019 / 0.070         0.019 / 0.070       ms
[290.131s][info][gc,stats    ]       Phase: Pause Mark Start                              0.012 / 0.016         0.013 / 0.021         0.013 / 0.021         0.013 / 0.021       ms
[290.131s][info][gc,stats    ]       Phase: Pause Relocate Start                          0.008 / 0.009         0.008 / 0.019         0.008 / 0.019         0.008 / 0.019       ms
[290.131s][info][gc,stats    ]    Subphase: Concurrent Classes Purge                      0.007 / 0.009         0.030 / 3.013         0.030 / 3.013         0.030 / 3.013       ms
[290.131s][info][gc,stats    ]    Subphase: Concurrent Classes Unlink                     3.926 / 6.131         3.296 / 7.490         3.296 / 7.490         3.296 / 7.490       ms
[290.131s][info][gc,stats    ]    Subphase: Concurrent Mark                              11.412 / 22.616        8.825 / 109.674       8.825 / 109.674       8.825 / 109.674     ms
[290.131s][info][gc,stats    ]    Subphase: Concurrent Mark Try Flush                     0.091 / 0.177         0.395 / 80.074        0.395 / 80.074        0.395 / 80.074      ms
[290.131s][info][gc,stats    ]    Subphase: Concurrent Mark Try Terminate                 3.152 / 11.619        2.357 / 15.651        2.357 / 15.651        2.357 / 15.651      ms
[290.131s][info][gc,stats    ]    Subphase: Concurrent References Enqueue                 0.001 / 0.005         0.001 / 0.007         0.001 / 0.007         0.001 / 0.007       ms
[290.131s][info][gc,stats    ]    Subphase: Concurrent References Process                 0.095 / 0.177         0.093 / 0.196         0.093 / 0.196         0.093 / 0.196       ms
[290.131s][info][gc,stats    ]    Subphase: Concurrent Roots ClassLoaderDataGraph         0.088 / 0.411         0.079 / 0.923         0.079 / 0.923         0.079 / 0.923       ms
[290.131s][info][gc,stats    ]    Subphase: Concurrent Roots CodeCache                    0.000 / 0.000         0.000 / 0.000         0.000 / 0.000         0.000 / 0.000       ms
[290.131s][info][gc,stats    ]    Subphase: Concurrent Roots JavaThreads                  0.208 / 0.739         0.697 / 473.279       0.697 / 473.279       0.697 / 473.279     ms
[290.131s][info][gc,stats    ]    Subphase: Concurrent Roots OopStorageSet                0.035 / 0.136         0.060 / 1.317         0.060 / 1.317         0.060 / 1.317       ms
[290.131s][info][gc,stats    ]    Subphase: Concurrent Weak Roots OopStorageSet          21.640 / 85.604       12.525 / 91.903       12.525 / 91.903       12.525 / 91.903      ms
[290.131s][info][gc,stats    ]    Subphase: Pause Mark Try Complete                       0.000 / 0.000         0.003 / 0.007         0.003 / 0.007         0.003 / 0.007       ms
[290.131s][info][gc,stats    ]      System: Java Threads                                     51 / 60               53 / 73               53 / 73               53 / 73          threads
[290.131s][info][gc,stats    ] =========================================================================================================================================================
[290.288s][info][gc,phases   ] GC(207) Concurrent Process Non-Strong References 237.767ms
[290.288s][info][gc,phases   ] GC(207) Concurrent Reset Relocation Set 0.016ms
[290.293s][info][gc,phases   ] GC(207) Concurrent Select Relocation Set 4.171ms
[290.293s][info][gc,phases   ] GC(207) Pause Relocate Start 0.008ms
[290.298s][info][gc,phases   ] GC(207) Concurrent Relocate 4.707ms
[290.298s][info][gc,load     ] GC(207) Load: 0.00/0.00/0.00
[290.298s][info][gc,mmu      ] GC(207) MMU: 2ms/96.5%, 5ms/98.6%, 10ms/99.3%, 20ms/99.6%, 50ms/99.8%, 100ms/99.9%
[290.298s][info][gc,marking  ] GC(207) Mark: 1 stripe(s), 2 proactive flush(es), 1 terminate flush(es), 0 completion(s), 0 continuation(s) 
[290.298s][info][gc,marking  ] GC(207) Mark Stack Usage: 32M
[290.298s][info][gc,nmethod  ] GC(207) NMethods: 2324 registered, 14 unregistered
[290.298s][info][gc,metaspace] GC(207) Metaspace: 13M used, 14M committed, 1088M reserved
[290.298s][info][gc,ref      ] GC(207) Soft: 211 encountered, 0 discovered, 0 enqueued
[290.298s][info][gc,ref      ] GC(207) Weak: 727 encountered, 441 discovered, 0 enqueued
[290.298s][info][gc,ref      ] GC(207) Final: 0 encountered, 0 discovered, 0 enqueued
[290.298s][info][gc,ref      ] GC(207) Phantom: 59 encountered, 46 discovered, 0 enqueued
[290.298s][info][gc,reloc    ] GC(207) Small Pages: 1588 / 3176M, Empty: 2916M, Relocated: 3M, In-Place: 0
[290.298s][info][gc,reloc    ] GC(207) Medium Pages: 0 / 0M, Empty: 0M, Relocated: 0M, In-Place: 0
[290.298s][info][gc,reloc    ] GC(207) Large Pages: 0 / 0M, Empty: 0M, Relocated: 0M, In-Place: 0
[290.298s][info][gc,reloc    ] GC(207) Forwarding Usage: 0M
[290.298s][info][gc,heap     ] GC(207) Min Capacity: 8M(0%)
[290.298s][info][gc,heap     ] GC(207) Max Capacity: 4096M(100%)
[290.298s][info][gc,heap     ] GC(207) Soft Max Capacity: 4096M(100%)
[290.298s][info][gc,heap     ] GC(207)                Mark Start          Mark End        Relocate Start      Relocate End           High               Low         
[290.298s][info][gc,heap     ] GC(207)  Capacity:     3862M (94%)        3862M (94%)        3862M (94%)        3862M (94%)        3862M (94%)        3862M (94%)    
[290.298s][info][gc,heap     ] GC(207)      Free:      920M (22%)         826M (20%)        3274M (80%)        3520M (86%)        3520M (86%)         364M (9%)     
[290.298s][info][gc,heap     ] GC(207)      Used:     3176M (78%)        3270M (80%)         822M (20%)         576M (14%)        3732M (91%)         576M (14%)    
[290.298s][info][gc,heap     ] GC(207)      Live:         -                 9M (0%)            9M (0%)            9M (0%)             -                  -          
[290.298s][info][gc,heap     ] GC(207) Allocated:         -                94M (2%)          562M (14%)         564M (14%)            -                  -          
[290.298s][info][gc,heap     ] GC(207)   Garbage:         -              3166M (77%)         250M (6%)            1M (0%)             -                  -          
[290.298s][info][gc,heap     ] GC(207) Reclaimed:         -                  -              2916M (71%)        3164M (77%)            -                  -          
[290.298s][info][gc          ] GC(207) Garbage Collection (Allocation Rate) 3176M(78%)->576M(14%)
[291.431s][info][gc,start    ] GC(208) Garbage Collection (Allocation Rate)
[291.431s][info][gc,task     ] GC(208) Using 1 workers
[291.431s][info][gc,phases   ] GC(208) Pause Mark Start 0.022ms
[291.454s][info][gc,phases   ] GC(208) Concurrent Mark 22.919ms
[291.454s][info][gc,phases   ] GC(208) Pause Mark End 0.016ms
[291.454s][info][gc,phases   ] GC(208) Concurrent Mark Free 0.001ms
[291.540s][info][gc,phases   ] GC(208) Concurrent Process Non-Strong References 86.214ms
[291.541s][info][gc,phases   ] GC(208) Concurrent Reset Relocation Set 0.016ms
[291.544s][info][gc,phases   ] GC(208) Concurrent Select Relocation Set 3.479ms
[291.544s][info][gc,phases   ] GC(208) Pause Relocate Start 0.010ms
[291.545s][info][gc,phases   ] GC(208) Concurrent Relocate 0.610ms
[291.545s][info][gc,load     ] GC(208) Load: 0.00/0.00/0.00
[291.545s][info][gc,mmu      ] GC(208) MMU: 2ms/96.5%, 5ms/98.6%, 10ms/99.3%, 20ms/99.6%, 50ms/99.8%, 100ms/99.9%
[291.545s][info][gc,marking  ] GC(208) Mark: 1 stripe(s), 2 proactive flush(es), 1 terminate flush(es), 0 completion(s), 0 continuation(s) 
[291.545s][info][gc,marking  ] GC(208) Mark Stack Usage: 32M
[291.545s][info][gc,nmethod  ] GC(208) NMethods: 2324 registered, 14 unregistered
[291.545s][info][gc,metaspace] GC(208) Metaspace: 13M used, 14M committed, 1088M reserved
[291.545s][info][gc,ref      ] GC(208) Soft: 211 encountered, 0 discovered, 0 enqueued
[291.545s][info][gc,ref      ] GC(208) Weak: 727 encountered, 441 discovered, 0 enqueued
[291.545s][info][gc,ref      ] GC(208) Final: 0 encountered, 0 discovered, 0 enqueued
[291.545s][info][gc,ref      ] GC(208) Phantom: 59 encountered, 46 discovered, 0 enqueued
[291.545s][info][gc,reloc    ] GC(208) Small Pages: 1457 / 2914M, Empty: 2652M, Relocated: 1M, In-Place: 0
[291.545s][info][gc,reloc    ] GC(208) Medium Pages: 0 / 0M, Empty: 0M, Relocated: 0M, In-Place: 0
[291.545s][info][gc,reloc    ] GC(208) Large Pages: 0 / 0M, Empty: 0M, Relocated: 0M, In-Place: 0
[291.545s][info][gc,reloc    ] GC(208) Forwarding Usage: 0M
[291.545s][info][gc,heap     ] GC(208) Min Capacity: 8M(0%)
[291.545s][info][gc,heap     ] GC(208) Max Capacity: 4096M(100%)
[291.545s][info][gc,heap     ] GC(208) Soft Max Capacity: 4096M(100%)
[291.545s][info][gc,heap     ] GC(208)                Mark Start          Mark End        Relocate Start      Relocate End           High               Low         
[291.545s][info][gc,heap     ] GC(208)  Capacity:     3862M (94%)        3862M (94%)        3862M (94%)        3862M (94%)        3862M (94%)        3862M (94%)    
[291.545s][info][gc,heap     ] GC(208)      Free:     1182M (29%)        1088M (27%)        3556M (87%)        3802M (93%)        3802M (93%)         904M (22%)    
[291.545s][info][gc,heap     ] GC(208)      Used:     2914M (71%)        3008M (73%)         540M (13%)         294M (7%)         3192M (78%)         294M (7%)     
[291.545s][info][gc,heap     ] GC(208)      Live:         -                 9M (0%)            9M (0%)            9M (0%)             -                  -          
[291.545s][info][gc,heap     ] GC(208) Allocated:         -                94M (2%)          278M (7%)          278M (7%)             -                  -          
[291.545s][info][gc,heap     ] GC(208)   Garbage:         -              2904M (71%)         252M (6%)            5M (0%)             -                  -          
[291.545s][info][gc,heap     ] GC(208) Reclaimed:         -                  -              2652M (65%)        2898M (71%)            -                  -          
[291.545s][info][gc          ] GC(208) Garbage Collection (Allocation Rate) 2914M(71%)->294M(7%)
[293.030s][info][gc,start    ] GC(209) Garbage Collection (Allocation Rate)
[293.031s][info][gc,task     ] GC(209) Using 1 workers
[293.031s][info][gc,phases   ] GC(209) Pause Mark Start 0.010ms
[293.053s][info][gc,phases   ] GC(209) Concurrent Mark 21.636ms
[293.053s][info][gc,phases   ] GC(209) Pause Mark End 0.017ms
[293.053s][info][gc,phases   ] GC(209) Concurrent Mark Free 0.001ms
[293.260s][info][gc,phases   ] GC(209) Concurrent Process Non-Strong References 207.636ms
[293.261s][info][gc,phases   ] GC(209) Concurrent Reset Relocation Set 0.016ms
[293.264s][info][gc,phases   ] GC(209) Concurrent Select Relocation Set 3.474ms
[293.264s][info][gc,phases   ] GC(209) Pause Relocate Start 0.008ms
[293.265s][info][gc,phases   ] GC(209) Concurrent Relocate 0.672ms
[293.265s][info][gc,load     ] GC(209) Load: 0.00/0.00/0.00
[293.265s][info][gc,mmu      ] GC(209) MMU: 2ms/96.5%, 5ms/98.6%, 10ms/99.3%, 20ms/99.6%, 50ms/99.8%, 100ms/99.9%
[293.265s][info][gc,marking  ] GC(209) Mark: 1 stripe(s), 2 proactive flush(es), 1 terminate flush(es), 0 completion(s), 0 continuation(s) 
[293.265s][info][gc,marking  ] GC(209) Mark Stack Usage: 32M
[293.265s][info][gc,nmethod  ] GC(209) NMethods: 2324 registered, 14 unregistered
[293.265s][info][gc,metaspace] GC(209) Metaspace: 13M used, 14M committed, 1088M reserved
[293.265s][info][gc,ref      ] GC(209) Soft: 211 encountered, 0 discovered, 0 enqueued
[293.265s][info][gc,ref      ] GC(209) Weak: 727 encountered, 441 discovered, 0 enqueued
[293.265s][info][gc,ref      ] GC(209) Final: 0 encountered, 0 discovered, 0 enqueued
[293.265s][info][gc,ref      ] GC(209) Phantom: 59 encountered, 46 discovered, 0 enqueued
[293.265s][info][gc,reloc    ] GC(209) Small Pages: 1555 / 3110M, Empty: 2834M, Relocated: 2M, In-Place: 0
[293.265s][info][gc,reloc    ] GC(209) Medium Pages: 0 / 0M, Empty: 0M, Relocated: 0M, In-Place: 0
[293.265s][info][gc,reloc    ] GC(209) Large Pages: 0 / 0M, Empty: 0M, Relocated: 0M, In-Place: 0
[293.265s][info][gc,reloc    ] GC(209) Forwarding Usage: 0M
[293.265s][info][gc,heap     ] GC(209) Min Capacity: 8M(0%)
[293.265s][info][gc,heap     ] GC(209) Max Capacity: 4096M(100%)
[293.265s][info][gc,heap     ] GC(209) Soft Max Capacity: 4096M(100%)
[293.265s][info][gc,heap     ] GC(209)                Mark Start          Mark End        Relocate Start      Relocate End           High               Low         
[293.265s][info][gc,heap     ] GC(209)  Capacity:     3862M (94%)        3862M (94%)        3862M (94%)        3862M (94%)        3862M (94%)        3862M (94%)    
[293.265s][info][gc,heap     ] GC(209)      Free:      986M (24%)         890M (22%)        3332M (81%)        3582M (87%)        3582M (87%)         512M (13%)    
[293.265s][info][gc,heap     ] GC(209)      Used:     3110M (76%)        3206M (78%)         764M (19%)         514M (13%)        3584M (88%)         514M (13%)    
[293.265s][info][gc,heap     ] GC(209)      Live:         -                10M (0%)           10M (0%)           10M (0%)             -                  -          
[293.265s][info][gc,heap     ] GC(209) Allocated:         -                96M (2%)          488M (12%)         500M (12%)            -                  -          
[293.265s][info][gc,heap     ] GC(209)   Garbage:         -              3099M (76%)         265M (6%)            3M (0%)             -                  -          
[293.265s][info][gc,heap     ] GC(209) Reclaimed:         -                  -              2834M (69%)        3096M (76%)            -                  -          
[293.265s][info][gc          ] GC(209) Garbage Collection (Allocation Rate) 3110M(76%)->514M(13%)
[294.430s][info][gc,start    ] GC(210) Garbage Collection (Allocation Rate)
[294.430s][info][gc,task     ] GC(210) Using 1 workers
[294.430s][info][gc,phases   ] GC(210) Pause Mark Start 0.011ms
[294.444s][info][gc,phases   ] GC(210) Concurrent Mark 13.256ms
[294.444s][info][gc,phases   ] GC(210) Pause Mark End 0.014ms
[294.444s][info][gc,phases   ] GC(210) Concurrent Mark Free 0.001ms
[294.514s][info][gc,phases   ] GC(210) Concurrent Process Non-Strong References 70.181ms
[294.514s][info][gc,phases   ] GC(210) Concurrent Reset Relocation Set 0.010ms
[294.517s][info][gc,phases   ] GC(210) Concurrent Select Relocation Set 3.153ms
[294.517s][info][gc,phases   ] GC(210) Pause Relocate Start 0.009ms
[294.518s][info][gc,phases   ] GC(210) Concurrent Relocate 0.540ms
[294.518s][info][gc,load     ] GC(210) Load: 0.00/0.00/0.00
[294.518s][info][gc,mmu      ] GC(210) MMU: 2ms/96.5%, 5ms/98.6%, 10ms/99.3%, 20ms/99.6%, 50ms/99.8%, 100ms/99.9%
[294.518s][info][gc,marking  ] GC(210) Mark: 1 stripe(s), 2 proactive flush(es), 1 terminate flush(es), 0 completion(s), 0 continuation(s) 
[294.518s][info][gc,marking  ] GC(210) Mark Stack Usage: 32M
[294.518s][info][gc,nmethod  ] GC(210) NMethods: 2324 registered, 14 unregistered
[294.518s][info][gc,metaspace] GC(210) Metaspace: 13M used, 14M committed, 1088M reserved
[294.518s][info][gc,ref      ] GC(210) Soft: 211 encountered, 0 discovered, 0 enqueued
[294.518s][info][gc,ref      ] GC(210) Weak: 653 encountered, 439 discovered, 0 enqueued
[294.518s][info][gc,ref      ] GC(210) Final: 0 encountered, 0 discovered, 0 enqueued
[294.518s][info][gc,ref      ] GC(210) Phantom: 59 encountered, 46 discovered, 0 enqueued
[294.518s][info][gc,reloc    ] GC(210) Small Pages: 1508 / 3016M, Empty: 2826M, Relocated: 1M, In-Place: 0
[294.518s][info][gc,reloc    ] GC(210) Medium Pages: 0 / 0M, Empty: 0M, Relocated: 0M, In-Place: 0
[294.518s][info][gc,reloc    ] GC(210) Large Pages: 0 / 0M, Empty: 0M, Relocated: 0M, In-Place: 0
[294.518s][info][gc,reloc    ] GC(210) Forwarding Usage: 0M
[294.518s][info][gc,heap     ] GC(210) Min Capacity: 8M(0%)
[294.518s][info][gc,heap     ] GC(210) Max Capacity: 4096M(100%)
[294.518s][info][gc,heap     ] GC(210) Soft Max Capacity: 4096M(100%)
[294.518s][info][gc,heap     ] GC(210)                Mark Start          Mark End        Relocate Start      Relocate End           High               Low         
[294.518s][info][gc,heap     ] GC(210)  Capacity:     3862M (94%)        3862M (94%)        3862M (94%)        3862M (94%)        3862M (94%)        3862M (94%)    
[294.519s][info][gc,heap     ] GC(210)      Free:     1080M (26%)        1038M (25%)        3774M (92%)        3952M (96%)        3952M (96%)         950M (23%)    
[294.519s][info][gc,heap     ] GC(210)      Used:     3016M (74%)        3058M (75%)         322M (8%)          144M (4%)         3146M (77%)         144M (4%)     
[294.519s][info][gc,heap     ] GC(210)      Live:         -                 8M (0%)            8M (0%)            8M (0%)             -                  -          
[294.519s][info][gc,heap     ] GC(210) Allocated:         -                42M (1%)          132M (3%)          132M (3%)             -                  -          
[294.519s][info][gc,heap     ] GC(210)   Garbage:         -              3007M (73%)         181M (4%)            3M (0%)             -                  -          
[294.519s][info][gc,heap     ] GC(210) Reclaimed:         -                  -              2826M (69%)        3004M (73%)            -                  -          
[294.519s][info][gc          ] GC(210) Garbage Collection (Allocation Rate) 3016M(74%)->144M(4%)
[294.524s][info][gc,start    ] GC(211) Garbage Collection (System.gc())
[294.524s][info][gc,task     ] GC(211) Using 12 workers
[294.524s][info][gc,phases   ] GC(211) Pause Mark Start 0.009ms
[294.538s][info][gc,phases   ] GC(211) Concurrent Mark 13.737ms
[294.538s][info][gc,phases   ] GC(211) Pause Mark End 0.018ms
[294.538s][info][gc,phases   ] GC(211) Concurrent Mark Free 0.001ms
[294.549s][info][gc,phases   ] GC(211) Concurrent Process Non-Strong References 11.286ms
[294.549s][info][gc,phases   ] GC(211) Concurrent Reset Relocation Set 0.007ms
[294.553s][info][gc,phases   ] GC(211) Concurrent Select Relocation Set 3.585ms
[294.553s][info][gc,phases   ] GC(211) Pause Relocate Start 0.006ms
[294.556s][info][gc,phases   ] GC(211) Concurrent Relocate 2.591ms
[294.556s][info][gc,load     ] GC(211) Load: 0.00/0.00/0.00
[294.556s][info][gc,mmu      ] GC(211) MMU: 2ms/96.5%, 5ms/98.6%, 10ms/99.3%, 20ms/99.6%, 50ms/99.8%, 100ms/99.9%
[294.556s][info][gc,marking  ] GC(211) Mark: 8 stripe(s), 1 proactive flush(es), 1 terminate flush(es), 0 completion(s), 0 continuation(s) 
[294.556s][info][gc,marking  ] GC(211) Mark Stack Usage: 32M
[294.556s][info][gc,nmethod  ] GC(211) NMethods: 2324 registered, 14 unregistered
[294.556s][info][gc,metaspace] GC(211) Metaspace: 13M used, 14M committed, 1088M reserved
[294.556s][info][gc,ref      ] GC(211) Soft: 211 encountered, 0 discovered, 0 enqueued
[294.556s][info][gc,ref      ] GC(211) Weak: 627 encountered, 202 discovered, 0 enqueued
[294.556s][info][gc,ref      ] GC(211) Final: 0 encountered, 0 discovered, 0 enqueued
[294.556s][info][gc,ref      ] GC(211) Phantom: 59 encountered, 37 discovered, 0 enqueued
[294.556s][info][gc,reloc    ] GC(211) Small Pages: 72 / 144M, Empty: 128M, Relocated: 3M, In-Place: 0
[294.556s][info][gc,reloc    ] GC(211) Medium Pages: 0 / 0M, Empty: 0M, Relocated: 0M, In-Place: 0
[294.556s][info][gc,reloc    ] GC(211) Large Pages: 0 / 0M, Empty: 0M, Relocated: 0M, In-Place: 0
[294.556s][info][gc,reloc    ] GC(211) Forwarding Usage: 1M
[294.556s][info][gc,heap     ] GC(211) Min Capacity: 8M(0%)
[294.556s][info][gc,heap     ] GC(211) Max Capacity: 4096M(100%)
[294.556s][info][gc,heap     ] GC(211) Soft Max Capacity: 4096M(100%)
[294.556s][info][gc,heap     ] GC(211)                Mark Start          Mark End        Relocate Start      Relocate End           High               Low         
[294.556s][info][gc,heap     ] GC(211)  Capacity:     3862M (94%)        3862M (94%)        3862M (94%)        3862M (94%)        3862M (94%)        3862M (94%)    
[294.556s][info][gc,heap     ] GC(211)      Free:     3952M (96%)        3952M (96%)        4080M (100%)       4080M (100%)       4080M (100%)       3952M (96%)    
[294.556s][info][gc,heap     ] GC(211)      Used:      144M (4%)          144M (4%)           16M (0%)           16M (0%)          144M (4%)           16M (0%)     
[294.556s][info][gc,heap     ] GC(211)      Live:         -                 6M (0%)            6M (0%)            6M (0%)             -                  -          
[294.556s][info][gc,heap     ] GC(211) Allocated:         -                 0M (0%)            0M (0%)            0M (0%)             -                  -          
[294.556s][info][gc,heap     ] GC(211)   Garbage:         -               137M (3%)            9M (0%)            9M (0%)             -                  -          
[294.556s][info][gc,heap     ] GC(211) Reclaimed:         -                  -               128M (3%)          128M (3%)             -                  -          
[294.556s][info][gc          ] GC(211) Garbage Collection (System.gc()) 144M(4%)->16M(0%)
[296.231s][info][gc,start    ] GC(212) Garbage Collection (Allocation Rate)
[296.231s][info][gc,task     ] GC(212) Using 2 workers
[296.231s][info][gc,phases   ] GC(212) Pause Mark Start 0.011ms
[296.246s][info][gc,phases   ] GC(212) Concurrent Mark 14.812ms
[296.246s][info][gc,phases   ] GC(212) Pause Mark End 0.018ms
[296.280s][info][gc,phases   ] GC(212) Concurrent Mark Free 0.002ms
[296.344s][info][gc,phases   ] GC(212) Concurrent Process Non-Strong References 63.855ms
[296.344s][info][gc,phases   ] GC(212) Concurrent Reset Relocation Set 0.002ms
[296.349s][info][gc,phases   ] GC(212) Concurrent Select Relocation Set 4.611ms
[296.349s][info][gc,phases   ] GC(212) Pause Relocate Start 0.009ms
[296.350s][info][gc,phases   ] GC(212) Concurrent Relocate 1.176ms
[296.350s][info][gc,load     ] GC(212) Load: 0.00/0.00/0.00
[296.350s][info][gc,mmu      ] GC(212) MMU: 2ms/96.5%, 5ms/98.6%, 10ms/99.3%, 20ms/99.6%, 50ms/99.8%, 100ms/99.9%
[296.350s][info][gc,marking  ] GC(212) Mark: 2 stripe(s), 2 proactive flush(es), 1 terminate flush(es), 0 completion(s), 0 continuation(s) 
[296.350s][info][gc,marking  ] GC(212) Mark Stack Usage: 32M
[296.350s][info][gc,nmethod  ] GC(212) NMethods: 717 registered, 1625 unregistered
[296.350s][info][gc,metaspace] GC(212) Metaspace: 13M used, 14M committed, 1088M reserved
[296.350s][info][gc,ref      ] GC(212) Soft: 211 encountered, 0 discovered, 0 enqueued
[296.350s][info][gc,ref      ] GC(212) Weak: 723 encountered, 366 discovered, 0 enqueued
[296.350s][info][gc,ref      ] GC(212) Final: 0 encountered, 0 discovered, 0 enqueued
[296.350s][info][gc,ref      ] GC(212) Phantom: 59 encountered, 30 discovered, 0 enqueued
[296.350s][info][gc,reloc    ] GC(212) Small Pages: 1573 / 3146M, Empty: 2896M, Relocated: 2M, In-Place: 0
[296.350s][info][gc,reloc    ] GC(212) Medium Pages: 0 / 0M, Empty: 0M, Relocated: 0M, In-Place: 0
[296.350s][info][gc,reloc    ] GC(212) Large Pages: 0 / 0M, Empty: 0M, Relocated: 0M, In-Place: 0
[296.350s][info][gc,reloc    ] GC(212) Forwarding Usage: 0M
[296.350s][info][gc,heap     ] GC(212) Min Capacity: 8M(0%)
[296.350s][info][gc,heap     ] GC(212) Max Capacity: 4096M(100%)
[296.350s][info][gc,heap     ] GC(212) Soft Max Capacity: 4096M(100%)
[296.350s][info][gc,heap     ] GC(212)                Mark Start          Mark End        Relocate Start      Relocate End           High               Low         
[296.350s][info][gc,heap     ] GC(212)  Capacity:     3862M (94%)        3862M (94%)        3862M (94%)        3862M (94%)        3862M (94%)        3862M (94%)    
[296.350s][info][gc,heap     ] GC(212)      Free:      950M (23%)         858M (21%)        3658M (89%)        3894M (95%)        3894M (95%)         764M (19%)    
[296.350s][info][gc,heap     ] GC(212)      Used:     3146M (77%)        3238M (79%)         438M (11%)         202M (5%)         3332M (81%)         202M (5%)     
[296.350s][info][gc,heap     ] GC(212)      Live:         -                 8M (0%)            8M (0%)            8M (0%)             -                  -          
[296.350s][info][gc,heap     ] GC(212) Allocated:         -                92M (2%)          188M (5%)          188M (5%)             -                  -          
[296.350s][info][gc,heap     ] GC(212)   Garbage:         -              3137M (77%)         241M (6%)            4M (0%)             -                  -          
[296.350s][info][gc,heap     ] GC(212) Reclaimed:         -                  -              2896M (71%)        3132M (76%)            -                  -          
[296.350s][info][gc          ] GC(212) Garbage Collection (Allocation Rate) 3146M(77%)->202M(5%)
[297.630s][info][gc,start    ] GC(213) Garbage Collection (Allocation Rate)
[297.630s][info][gc,task     ] GC(213) Using 1 workers
[297.630s][info][gc,phases   ] GC(213) Pause Mark Start 0.012ms
[297.649s][info][gc,phases   ] GC(213) Concurrent Mark 18.723ms
[297.649s][info][gc,phases   ] GC(213) Pause Mark End 0.018ms
[297.649s][info][gc,phases   ] GC(213) Concurrent Mark Free 0.001ms
[297.736s][info][gc,phases   ] GC(213) Concurrent Process Non-Strong References 86.832ms
[297.736s][info][gc,phases   ] GC(213) Concurrent Reset Relocation Set 0.015ms
[297.741s][info][gc,phases   ] GC(213) Concurrent Select Relocation Set 4.944ms
[297.741s][info][gc,phases   ] GC(213) Pause Relocate Start 0.009ms
[297.743s][info][gc,phases   ] GC(213) Concurrent Relocate 1.627ms
[297.743s][info][gc,load     ] GC(213) Load: 0.00/0.00/0.00
[297.743s][info][gc,mmu      ] GC(213) MMU: 2ms/96.5%, 5ms/98.6%, 10ms/99.3%, 20ms/99.6%, 50ms/99.8%, 100ms/99.9%
[297.743s][info][gc,marking  ] GC(213) Mark: 1 stripe(s), 2 proactive flush(es), 1 terminate flush(es), 0 completion(s), 0 continuation(s) 
[297.743s][info][gc,marking  ] GC(213) Mark Stack Usage: 32M
[297.743s][info][gc,nmethod  ] GC(213) NMethods: 717 registered, 1625 unregistered
[297.743s][info][gc,metaspace] GC(213) Metaspace: 13M used, 14M committed, 1088M reserved
[297.743s][info][gc,ref      ] GC(213) Soft: 211 encountered, 0 discovered, 0 enqueued
[297.743s][info][gc,ref      ] GC(213) Weak: 723 encountered, 439 discovered, 0 enqueued
[297.743s][info][gc,ref      ] GC(213) Final: 0 encountered, 0 discovered, 0 enqueued
[297.743s][info][gc,ref      ] GC(213) Phantom: 59 encountered, 46 discovered, 0 enqueued
[297.743s][info][gc,reloc    ] GC(213) Small Pages: 1342 / 2684M, Empty: 2428M, Relocated: 3M, In-Place: 0
[297.743s][info][gc,reloc    ] GC(213) Medium Pages: 0 / 0M, Empty: 0M, Relocated: 0M, In-Place: 0
[297.743s][info][gc,reloc    ] GC(213) Large Pages: 0 / 0M, Empty: 0M, Relocated: 0M, In-Place: 0
[297.743s][info][gc,reloc    ] GC(213) Forwarding Usage: 0M
[297.743s][info][gc,heap     ] GC(213) Min Capacity: 8M(0%)
[297.743s][info][gc,heap     ] GC(213) Max Capacity: 4096M(100%)
[297.743s][info][gc,heap     ] GC(213) Soft Max Capacity: 4096M(100%)
[297.743s][info][gc,heap     ] GC(213)                Mark Start          Mark End        Relocate Start      Relocate End           High               Low         
[297.743s][info][gc,heap     ] GC(213)  Capacity:     3862M (94%)        3862M (94%)        3862M (94%)        3862M (94%)        3862M (94%)        3862M (94%)    
[297.743s][info][gc,heap     ] GC(213)      Free:     1412M (34%)        1318M (32%)        3564M (87%)        3808M (93%)        3808M (93%)        1142M (28%)    
[297.743s][info][gc,heap     ] GC(213)      Used:     2684M (66%)        2778M (68%)         532M (13%)         288M (7%)         2954M (72%)         288M (7%)     
[297.743s][info][gc,heap     ] GC(213)      Live:         -                 9M (0%)            9M (0%)            9M (0%)             -                  -          
[297.743s][info][gc,heap     ] GC(213) Allocated:         -                94M (2%)          276M (7%)          276M (7%)             -                  -          
[297.743s][info][gc,heap     ] GC(213)   Garbage:         -              2674M (65%)         246M (6%)            2M (0%)             -                  -          
[297.743s][info][gc,heap     ] GC(213) Reclaimed:         -                  -              2428M (59%)        2672M (65%)            -                  -          
[297.743s][info][gc          ] GC(213) Garbage Collection (Allocation Rate) 2684M(66%)->288M(7%)
[299.230s][info][gc,start    ] GC(214) Garbage Collection (Allocation Rate)
[299.230s][info][gc,task     ] GC(214) Using 1 workers
[299.230s][info][gc,phases   ] GC(214) Pause Mark Start 0.011ms
[299.251s][info][gc,phases   ] GC(214) Concurrent Mark 20.437ms
[299.251s][info][gc,phases   ] GC(214) Pause Mark End 0.018ms
[299.251s][info][gc,phases   ] GC(214) Concurrent Mark Free 0.001ms
[299.339s][info][gc,phases   ] GC(214) Concurrent Process Non-Strong References 87.924ms
[299.339s][info][gc,phases   ] GC(214) Concurrent Reset Relocation Set 0.018ms
[299.343s][info][gc,phases   ] GC(214) Concurrent Select Relocation Set 3.982ms
[299.343s][info][gc,phases   ] GC(214) Pause Relocate Start 0.009ms
[299.348s][info][gc,phases   ] GC(214) Concurrent Relocate 4.791ms
[299.348s][info][gc,load     ] GC(214) Load: 0.00/0.00/0.00
[299.348s][info][gc,mmu      ] GC(214) MMU: 2ms/96.5%, 5ms/98.6%, 10ms/99.3%, 20ms/99.6%, 50ms/99.8%, 100ms/99.9%
[299.348s][info][gc,marking  ] GC(214) Mark: 1 stripe(s), 2 proactive flush(es), 1 terminate flush(es), 0 completion(s), 0 continuation(s) 
[299.348s][info][gc,marking  ] GC(214) Mark Stack Usage: 32M
[299.348s][info][gc,nmethod  ] GC(214) NMethods: 717 registered, 1625 unregistered
[299.348s][info][gc,metaspace] GC(214) Metaspace: 13M used, 14M committed, 1088M reserved
[299.348s][info][gc,ref      ] GC(214) Soft: 211 encountered, 0 discovered, 0 enqueued
[299.348s][info][gc,ref      ] GC(214) Weak: 723 encountered, 439 discovered, 0 enqueued
[299.348s][info][gc,ref      ] GC(214) Final: 0 encountered, 0 discovered, 0 enqueued
[299.348s][info][gc,ref      ] GC(214) Phantom: 59 encountered, 46 discovered, 0 enqueued
[299.348s][info][gc,reloc    ] GC(214) Small Pages: 1597 / 3194M, Empty: 2926M, Relocated: 3M, In-Place: 0
[299.348s][info][gc,reloc    ] GC(214) Medium Pages: 0 / 0M, Empty: 0M, Relocated: 0M, In-Place: 0
[299.348s][info][gc,reloc    ] GC(214) Large Pages: 0 / 0M, Empty: 0M, Relocated: 0M, In-Place: 0
[299.348s][info][gc,reloc    ] GC(214) Forwarding Usage: 0M
[299.348s][info][gc,heap     ] GC(214) Min Capacity: 8M(0%)
[299.348s][info][gc,heap     ] GC(214) Max Capacity: 4096M(100%)
[299.348s][info][gc,heap     ] GC(214) Soft Max Capacity: 4096M(100%)
[299.348s][info][gc,heap     ] GC(214)                Mark Start          Mark End        Relocate Start      Relocate End           High               Low         
[299.348s][info][gc,heap     ] GC(214)  Capacity:     3862M (94%)        3862M (94%)        3862M (94%)        3862M (94%)        3862M (94%)        3862M (94%)    
[299.348s][info][gc,heap     ] GC(214)      Free:      902M (22%)         806M (20%)        3552M (87%)        3806M (93%)        3806M (93%)         630M (15%)    
[299.348s][info][gc,heap     ] GC(214)      Used:     3194M (78%)        3290M (80%)         544M (13%)         290M (7%)         3466M (85%)         290M (7%)     
[299.348s][info][gc,heap     ] GC(214)      Live:         -                 9M (0%)            9M (0%)            9M (0%)             -                  -          
[299.349s][info][gc,heap     ] GC(214) Allocated:         -                96M (2%)          276M (7%)          278M (7%)             -                  -          
[299.349s][info][gc,heap     ] GC(214)   Garbage:         -              3184M (78%)         258M (6%)            2M (0%)             -                  -          
[299.349s][info][gc,heap     ] GC(214) Reclaimed:         -                  -              2926M (71%)        3182M (78%)            -                  -          
[299.349s][info][gc          ] GC(214) Garbage Collection (Allocation Rate) 3194M(78%)->290M(7%)
[300.129s][info][gc,stats    ] === Garbage Collection Statistics =======================================================================================================================
[300.130s][info][gc,stats    ]                                                              Last 10s              Last 10m              Last 10h                Total
[300.130s][info][gc,stats    ]                                                              Avg / Max             Avg / Max             Avg / Max             Avg / Max
[300.130s][info][gc,stats    ]   Collector: Garbage Collection Cycle                    135.915 / 267.798      80.163 / 587.803      80.163 / 587.803      80.163 / 587.803     ms
[300.130s][info][gc,stats    ]  Contention: Mark Segment Reset Contention                     0 / 1                 1 / 26                1 / 26                1 / 26          ops/s
[300.130s][info][gc,stats    ]  Contention: Mark SeqNum Reset Contention                      0 / 2                 0 / 3                 0 / 3                 0 / 3           ops/s
[300.130s][info][gc,stats    ]    Critical: Allocation Stall                                  0 / 0                 0 / 0                 0 / 0                 0 / 0           ops/s
[300.130s][info][gc,stats    ]    Critical: Allocation Stall                              0.000 / 0.000         0.000 / 0.000         0.000 / 0.000         0.000 / 0.000       ms
[300.130s][info][gc,stats    ]    Critical: GC Locker Stall                                   0 / 0                 0 / 0                 0 / 0                 0 / 0           ops/s
[300.130s][info][gc,stats    ]    Critical: GC Locker Stall                               0.000 / 0.000         0.000 / 0.000         0.000 / 0.000         0.000 / 0.000       ms
[300.130s][info][gc,stats    ]    Critical: Relocation Stall                                  0 / 0                 0 / 0                 0 / 0                 0 / 0           ops/s
[300.130s][info][gc,stats    ]    Critical: Relocation Stall                              0.000 / 0.000         0.000 / 0.000         0.000 / 0.000         0.000 / 0.000       ms
[300.130s][info][gc,stats    ]      Memory: Allocation Rate                                1970 / 2030           1978 / 2322           1978 / 2322           1978 / 2322        MB/s
[300.130s][info][gc,stats    ]      Memory: Defragment                                        0 / 0                 0 / 0                 0 / 0                 0 / 0           ops/s
[300.130s][info][gc,stats    ]      Memory: Out Of Memory                                     0 / 0                 0 / 0                 0 / 0                 0 / 0           ops/s
[300.130s][info][gc,stats    ]      Memory: Page Cache Flush                                  0 / 0                 0 / 0                 0 / 0                 0 / 0           MB/s
[300.130s][info][gc,stats    ]      Memory: Page Cache Hit L1                               986 / 1016            986 / 1162            986 / 1162            986 / 1162        ops/s
[300.130s][info][gc,stats    ]      Memory: Page Cache Hit L2                                 0 / 0                 0 / 0                 0 / 0                 0 / 0           ops/s
[300.130s][info][gc,stats    ]      Memory: Page Cache Hit L3                                 0 / 0                 3 / 448               3 / 448               3 / 448         ops/s
[300.130s][info][gc,stats    ]      Memory: Page Cache Miss                                   0 / 0                 3 / 471               3 / 471               3 / 471         ops/s
[300.130s][info][gc,stats    ]      Memory: Uncommit                                          0 / 0                 0 / 0                 0 / 0                 0 / 0           MB/s
[300.130s][info][gc,stats    ]      Memory: Undo Object Allocation Failed                     0 / 1                 0 / 5                 0 / 5                 0 / 5           ops/s
[300.130s][info][gc,stats    ]      Memory: Undo Object Allocation Succeeded                 23 / 63               21 / 124              21 / 124              21 / 124         ops/s
[300.130s][info][gc,stats    ]      Memory: Undo Page Allocation                              0 / 2                 0 / 23                0 / 23                0 / 23          ops/s
[300.130s][info][gc,stats    ]       Phase: Concurrent Mark                              17.931 / 22.919       20.041 / 549.801      20.041 / 549.801      20.041 / 549.801     ms
[300.130s][info][gc,stats    ]       Phase: Concurrent Mark Continue                      0.000 / 0.000         0.000 / 0.000         0.000 / 0.000         0.000 / 0.000       ms
[300.130s][info][gc,stats    ]       Phase: Concurrent Mark Free                          0.001 / 0.002         0.001 / 0.008         0.001 / 0.008         0.001 / 0.008       ms
[300.130s][info][gc,stats    ]       Phase: Concurrent Process Non-Strong References    106.462 / 237.767      46.111 / 237.767      46.111 / 237.767      46.111 / 237.767     ms
[300.130s][info][gc,stats    ]       Phase: Concurrent Relocate                           2.089 / 4.791         2.550 / 10.088        2.550 / 10.088        2.550 / 10.088      ms
[300.130s][info][gc,stats    ]       Phase: Concurrent Reset Relocation Set               0.013 / 0.018         0.015 / 0.027         0.015 / 0.027         0.015 / 0.027       ms
[300.130s][info][gc,stats    ]       Phase: Concurrent Select Relocation Set              3.925 / 4.944         4.671 / 22.887        4.671 / 22.887        4.671 / 22.887      ms
[300.130s][info][gc,stats    ]       Phase: Pause Mark End                                0.017 / 0.018         0.019 / 0.070         0.019 / 0.070         0.019 / 0.070       ms
[300.130s][info][gc,stats    ]       Phase: Pause Mark Start                              0.012 / 0.022         0.013 / 0.022         0.013 / 0.022         0.013 / 0.022       ms
[300.130s][info][gc,stats    ]       Phase: Pause Relocate Start                          0.008 / 0.010         0.008 / 0.019         0.008 / 0.019         0.008 / 0.019       ms
[300.130s][info][gc,stats    ]    Subphase: Concurrent Classes Purge                      0.644 / 5.118         0.053 / 5.118         0.053 / 5.118         0.053 / 5.118       ms
[300.130s][info][gc,stats    ]    Subphase: Concurrent Classes Unlink                     3.664 / 6.588         3.309 / 7.490         3.309 / 7.490         3.309 / 7.490       ms
[300.130s][info][gc,stats    ]    Subphase: Concurrent Mark                              14.055 / 21.852        8.909 / 109.674       8.909 / 109.674       8.909 / 109.674     ms
[300.130s][info][gc,stats    ]    Subphase: Concurrent Mark Try Flush                     0.223 / 2.639         0.389 / 80.074        0.389 / 80.074        0.389 / 80.074      ms
[300.131s][info][gc,stats    ]    Subphase: Concurrent Mark Try Terminate                 4.924 / 11.678        2.395 / 15.651        2.395 / 15.651        2.395 / 15.651      ms
[300.131s][info][gc,stats    ]    Subphase: Concurrent References Enqueue                 0.001 / 0.001         0.001 / 0.007         0.001 / 0.007         0.001 / 0.007       ms
[300.131s][info][gc,stats    ]    Subphase: Concurrent References Process                 0.099 / 0.168         0.093 / 0.196         0.093 / 0.196         0.093 / 0.196       ms
[300.131s][info][gc,stats    ]    Subphase: Concurrent Roots ClassLoaderDataGraph         0.086 / 0.330         0.079 / 0.923         0.079 / 0.923         0.079 / 0.923       ms
[300.131s][info][gc,stats    ]    Subphase: Concurrent Roots CodeCache                    0.000 / 0.000         0.000 / 0.000         0.000 / 0.000         0.000 / 0.000       ms
[300.131s][info][gc,stats    ]    Subphase: Concurrent Roots JavaThreads                  0.284 / 0.710         0.690 / 473.279       0.690 / 473.279       0.690 / 473.279     ms
[300.131s][info][gc,stats    ]    Subphase: Concurrent Roots OopStorageSet                0.039 / 0.114         0.059 / 1.317         0.059 / 1.317         0.059 / 1.317       ms
[300.131s][info][gc,stats    ]    Subphase: Concurrent Weak Roots OopStorageSet          36.810 / 95.255       12.936 / 95.255       12.936 / 95.255       12.936 / 95.255      ms
[300.131s][info][gc,stats    ]    Subphase: Pause Mark Try Complete                       0.000 / 0.000         0.003 / 0.007         0.003 / 0.007         0.003 / 0.007       ms
[300.131s][info][gc,stats    ]      System: Java Threads                                     47 / 60               53 / 73               53 / 73               53 / 73          threads
[300.131s][info][gc,stats    ] =========================================================================================================================================================
[300.830s][info][gc,start    ] GC(215) Garbage Collection (Allocation Rate)
[300.830s][info][gc,task     ] GC(215) Using 1 workers
[300.831s][info][gc,phases   ] GC(215) Pause Mark Start 0.014ms
[300.854s][info][gc,phases   ] GC(215) Concurrent Mark 23.258ms
[300.854s][info][gc,phases   ] GC(215) Pause Mark End 0.019ms
[300.854s][info][gc,phases   ] GC(215) Concurrent Mark Free 0.001ms
[300.942s][info][gc,phases   ] GC(215) Concurrent Process Non-Strong References 88.056ms
[300.942s][info][gc,phases   ] GC(215) Concurrent Reset Relocation Set 0.016ms
[300.946s][info][gc,phases   ] GC(215) Concurrent Select Relocation Set 3.422ms
[300.946s][info][gc,phases   ] GC(215) Pause Relocate Start 0.007ms
[300.949s][info][gc,phases   ] GC(215) Concurrent Relocate 3.147ms
[300.949s][info][gc,load     ] GC(215) Load: 0.00/0.00/0.00
[300.949s][info][gc,mmu      ] GC(215) MMU: 2ms/96.5%, 5ms/98.6%, 10ms/99.3%, 20ms/99.6%, 50ms/99.8%, 100ms/99.9%
[300.949s][info][gc,marking  ] GC(215) Mark: 1 stripe(s), 2 proactive flush(es), 1 terminate flush(es), 0 completion(s), 0 continuation(s) 
[300.949s][info][gc,marking  ] GC(215) Mark Stack Usage: 32M
[300.949s][info][gc,nmethod  ] GC(215) NMethods: 717 registered, 1625 unregistered
[300.949s][info][gc,metaspace] GC(215) Metaspace: 13M used, 14M committed, 1088M reserved
[300.949s][info][gc,ref      ] GC(215) Soft: 211 encountered, 0 discovered, 0 enqueued
[300.949s][info][gc,ref      ] GC(215) Weak: 723 encountered, 439 discovered, 0 enqueued
[300.949s][info][gc,ref      ] GC(215) Final: 0 encountered, 0 discovered, 0 enqueued
[300.949s][info][gc,ref      ] GC(215) Phantom: 59 encountered, 46 discovered, 0 enqueued
[300.949s][info][gc,reloc    ] GC(215) Small Pages: 1640 / 3280M, Empty: 3014M, Relocated: 3M, In-Place: 0
[300.949s][info][gc,reloc    ] GC(215) Medium Pages: 0 / 0M, Empty: 0M, Relocated: 0M, In-Place: 0
[300.949s][info][gc,reloc    ] GC(215) Large Pages: 0 / 0M, Empty: 0M, Relocated: 0M, In-Place: 0
[300.949s][info][gc,reloc    ] GC(215) Forwarding Usage: 0M
[300.949s][info][gc,heap     ] GC(215) Min Capacity: 8M(0%)
[300.950s][info][gc,heap     ] GC(215) Max Capacity: 4096M(100%)
[300.950s][info][gc,heap     ] GC(215) Soft Max Capacity: 4096M(100%)
[300.950s][info][gc,heap     ] GC(215)                Mark Start          Mark End        Relocate Start      Relocate End           High               Low         
[300.950s][info][gc,heap     ] GC(215)  Capacity:     3862M (94%)        3862M (94%)        3862M (94%)        3862M (94%)        3862M (94%)        3862M (94%)    
[300.950s][info][gc,heap     ] GC(215)      Free:      816M (20%)         720M (18%)        3550M (87%)        3804M (93%)        3804M (93%)         536M (13%)    
[300.950s][info][gc,heap     ] GC(215)      Used:     3280M (80%)        3376M (82%)         546M (13%)         292M (7%)         3560M (87%)         292M (7%)     
[300.950s][info][gc,heap     ] GC(215)      Live:         -                 9M (0%)            9M (0%)            9M (0%)             -                  -          
[300.950s][info][gc,heap     ] GC(215) Allocated:         -                96M (2%)          280M (7%)          280M (7%)             -                  -          
[300.950s][info][gc,heap     ] GC(215)   Garbage:         -              3270M (80%)         256M (6%)            1M (0%)             -                  -          
[300.950s][info][gc,heap     ] GC(215) Reclaimed:         -                  -              3014M (74%)        3268M (80%)            -                  -          
[300.950s][info][gc          ] GC(215) Garbage Collection (Allocation Rate) 3280M(80%)->292M(7%)
[302.830s][info][gc,start    ] GC(216) Garbage Collection (Allocation Rate)
[302.830s][info][gc,task     ] GC(216) Using 1 workers
[302.830s][info][gc,phases   ] GC(216) Pause Mark Start 0.011ms
[302.851s][info][gc,phases   ] GC(216) Concurrent Mark 20.423ms
[302.851s][info][gc,phases   ] GC(216) Pause Mark End 0.021ms
[302.851s][info][gc,phases   ] GC(216) Concurrent Mark Free 0.001ms
[302.936s][info][gc,phases   ] GC(216) Concurrent Process Non-Strong References 84.668ms
[302.936s][info][gc,phases   ] GC(216) Concurrent Reset Relocation Set 0.017ms
[302.941s][info][gc,phases   ] GC(216) Concurrent Select Relocation Set 4.919ms
[302.941s][info][gc,phases   ] GC(216) Pause Relocate Start 0.010ms
[302.943s][info][gc,phases   ] GC(216) Concurrent Relocate 2.045ms
[302.943s][info][gc,load     ] GC(216) Load: 0.00/0.00/0.00
[302.943s][info][gc,mmu      ] GC(216) MMU: 2ms/96.5%, 5ms/98.6%, 10ms/99.3%, 20ms/99.6%, 50ms/99.8%, 100ms/99.9%
[302.943s][info][gc,marking  ] GC(216) Mark: 1 stripe(s), 2 proactive flush(es), 1 terminate flush(es), 0 completion(s), 0 continuation(s) 
[302.943s][info][gc,marking  ] GC(216) Mark Stack Usage: 32M
[302.943s][info][gc,nmethod  ] GC(216) NMethods: 717 registered, 1625 unregistered
[302.943s][info][gc,metaspace] GC(216) Metaspace: 13M used, 14M committed, 1088M reserved
[302.943s][info][gc,ref      ] GC(216) Soft: 211 encountered, 0 discovered, 0 enqueued
[302.943s][info][gc,ref      ] GC(216) Weak: 723 encountered, 439 discovered, 0 enqueued
[302.943s][info][gc,ref      ] GC(216) Final: 0 encountered, 0 discovered, 0 enqueued
[302.944s][info][gc,ref      ] GC(216) Phantom: 59 encountered, 46 discovered, 0 enqueued
[302.944s][info][gc,reloc    ] GC(216) Small Pages: 1780 / 3560M, Empty: 3276M, Relocated: 3M, In-Place: 0
[302.944s][info][gc,reloc    ] GC(216) Medium Pages: 0 / 0M, Empty: 0M, Relocated: 0M, In-Place: 0
[302.944s][info][gc,reloc    ] GC(216) Large Pages: 0 / 0M, Empty: 0M, Relocated: 0M, In-Place: 0
[302.944s][info][gc,reloc    ] GC(216) Forwarding Usage: 0M
[302.944s][info][gc,heap     ] GC(216) Min Capacity: 8M(0%)
[302.944s][info][gc,heap     ] GC(216) Max Capacity: 4096M(100%)
[302.944s][info][gc,heap     ] GC(216) Soft Max Capacity: 4096M(100%)
[302.944s][info][gc,heap     ] GC(216)                Mark Start          Mark End        Relocate Start      Relocate End           High               Low         
[302.944s][info][gc,heap     ] GC(216)  Capacity:     3862M (94%)        3862M (94%)        3862M (94%)        3862M (94%)        3862M (94%)        3862M (94%)    
[302.944s][info][gc,heap     ] GC(216)      Free:      536M (13%)         442M (11%)        3574M (87%)        3830M (94%)        3830M (94%)         330M (8%)     
[302.944s][info][gc,heap     ] GC(216)      Used:     3560M (87%)        3654M (89%)         522M (13%)         266M (6%)         3766M (92%)         266M (6%)     
[302.944s][info][gc,heap     ] GC(216)      Live:         -                 9M (0%)            9M (0%)            9M (0%)             -                  -          
[302.944s][info][gc,heap     ] GC(216) Allocated:         -                94M (2%)          238M (6%)          254M (6%)             -                  -          
[302.944s][info][gc,heap     ] GC(216)   Garbage:         -              3550M (87%)         274M (7%)            1M (0%)             -                  -          
[302.944s][info][gc,heap     ] GC(216) Reclaimed:         -                  -              3276M (80%)        3548M (87%)            -                  -          
[302.944s][info][gc          ] GC(216) Garbage Collection (Allocation Rate) 3560M(87%)->266M(6%)
[304.431s][info][gc,start    ] GC(217) Garbage Collection (Proactive)
[304.431s][info][gc,task     ] GC(217) Using 12 workers
[304.431s][info][gc,phases   ] GC(217) Pause Mark Start 0.011ms
[304.436s][info][gc,phases   ] GC(217) Concurrent Mark 4.602ms
[304.436s][info][gc,phases   ] GC(217) Pause Mark End 0.018ms
[304.436s][info][gc,phases   ] GC(217) Concurrent Mark Free 0.001ms
[304.445s][info][gc,phases   ] GC(217) Concurrent Process Non-Strong References 9.402ms
[304.445s][info][gc,phases   ] GC(217) Concurrent Reset Relocation Set 0.017ms
[304.450s][info][gc,phases   ] GC(217) Concurrent Select Relocation Set 4.987ms
[304.451s][info][gc,phases   ] GC(217) Pause Relocate Start 0.007ms
[304.451s][info][gc,phases   ] GC(217) Concurrent Relocate 0.427ms
[304.451s][info][gc,load     ] GC(217) Load: 0.00/0.00/0.00
[304.451s][info][gc,mmu      ] GC(217) MMU: 2ms/96.5%, 5ms/98.6%, 10ms/99.3%, 20ms/99.6%, 50ms/99.8%, 100ms/99.9%
[304.451s][info][gc,marking  ] GC(217) Mark: 8 stripe(s), 3 proactive flush(es), 1 terminate flush(es), 0 completion(s), 0 continuation(s) 
[304.451s][info][gc,marking  ] GC(217) Mark Stack Usage: 32M
[304.451s][info][gc,nmethod  ] GC(217) NMethods: 717 registered, 1625 unregistered
[304.451s][info][gc,metaspace] GC(217) Metaspace: 13M used, 14M committed, 1088M reserved
[304.451s][info][gc,ref      ] GC(217) Soft: 211 encountered, 0 discovered, 0 enqueued
[304.451s][info][gc,ref      ] GC(217) Weak: 723 encountered, 107 discovered, 0 enqueued
[304.451s][info][gc,ref      ] GC(217) Final: 0 encountered, 0 discovered, 0 enqueued
[304.451s][info][gc,ref      ] GC(217) Phantom: 59 encountered, 36 discovered, 0 enqueued
[304.451s][info][gc,reloc    ] GC(217) Small Pages: 1587 / 3174M, Empty: 2908M, Relocated: 1M, In-Place: 0
[304.451s][info][gc,reloc    ] GC(217) Medium Pages: 0 / 0M, Empty: 0M, Relocated: 0M, In-Place: 0
[304.451s][info][gc,reloc    ] GC(217) Large Pages: 0 / 0M, Empty: 0M, Relocated: 0M, In-Place: 0
[304.451s][info][gc,reloc    ] GC(217) Forwarding Usage: 0M
[304.451s][info][gc,heap     ] GC(217) Min Capacity: 8M(0%)
[304.451s][info][gc,heap     ] GC(217) Max Capacity: 4096M(100%)
[304.451s][info][gc,heap     ] GC(217) Soft Max Capacity: 4096M(100%)
[304.451s][info][gc,heap     ] GC(217)                Mark Start          Mark End        Relocate Start      Relocate End           High               Low         
[304.451s][info][gc,heap     ] GC(217)  Capacity:     3862M (94%)        3862M (94%)        3862M (94%)        3862M (94%)        3862M (94%)        3862M (94%)    
[304.451s][info][gc,heap     ] GC(217)      Free:      922M (23%)         834M (20%)        3736M (91%)        3966M (97%)        3966M (97%)         826M (20%)    
[304.451s][info][gc,heap     ] GC(217)      Used:     3174M (77%)        3262M (80%)         360M (9%)          130M (3%)         3270M (80%)         130M (3%)     
[304.451s][info][gc,heap     ] GC(217)      Live:         -                10M (0%)           10M (0%)           10M (0%)             -                  -          
[304.451s][info][gc,heap     ] GC(217) Allocated:         -                88M (2%)           94M (2%)           94M (2%)             -                  -          
[304.451s][info][gc,heap     ] GC(217)   Garbage:         -              3163M (77%)         255M (6%)           25M (1%)             -                  -          
[304.451s][info][gc,heap     ] GC(217) Reclaimed:         -                  -              2908M (71%)        3138M (77%)            -                  -          
[304.452s][info][gc          ] GC(217) Garbage Collection (Proactive) 3174M(77%)->130M(3%)
[306.031s][info][gc,start    ] GC(218) Garbage Collection (Allocation Rate)
[306.031s][info][gc,task     ] GC(218) Using 1 workers
[306.031s][info][gc,phases   ] GC(218) Pause Mark Start 0.013ms
[306.049s][info][gc,phases   ] GC(218) Concurrent Mark 17.840ms
[306.049s][info][gc,phases   ] GC(218) Pause Mark End 0.016ms
[306.049s][info][gc,phases   ] GC(218) Concurrent Mark Free 0.001ms
[306.127s][info][gc,phases   ] GC(218) Concurrent Process Non-Strong References 77.884ms
[306.127s][info][gc,phases   ] GC(218) Concurrent Reset Relocation Set 0.010ms
[306.130s][info][gc,phases   ] GC(218) Concurrent Select Relocation Set 2.612ms
[306.130s][info][gc,phases   ] GC(218) Pause Relocate Start 0.008ms
[306.130s][info][gc,phases   ] GC(218) Concurrent Relocate 0.517ms
[306.131s][info][gc,load     ] GC(218) Load: 0.00/0.00/0.00
[306.131s][info][gc,mmu      ] GC(218) MMU: 2ms/96.5%, 5ms/98.6%, 10ms/99.3%, 20ms/99.6%, 50ms/99.8%, 100ms/99.9%
[306.131s][info][gc,marking  ] GC(218) Mark: 1 stripe(s), 2 proactive flush(es), 1 terminate flush(es), 0 completion(s), 0 continuation(s) 
[306.131s][info][gc,marking  ] GC(218) Mark Stack Usage: 32M
[306.131s][info][gc,nmethod  ] GC(218) NMethods: 717 registered, 1625 unregistered
[306.131s][info][gc,metaspace] GC(218) Metaspace: 13M used, 14M committed, 1088M reserved
[306.131s][info][gc,ref      ] GC(218) Soft: 211 encountered, 0 discovered, 0 enqueued
[306.131s][info][gc,ref      ] GC(218) Weak: 681 encountered, 439 discovered, 0 enqueued
[306.131s][info][gc,ref      ] GC(218) Final: 0 encountered, 0 discovered, 0 enqueued
[306.131s][info][gc,ref      ] GC(218) Phantom: 59 encountered, 46 discovered, 0 enqueued
[306.131s][info][gc,reloc    ] GC(218) Small Pages: 1700 / 3400M, Empty: 3166M, Relocated: 1M, In-Place: 0
[306.131s][info][gc,reloc    ] GC(218) Medium Pages: 0 / 0M, Empty: 0M, Relocated: 0M, In-Place: 0
[306.131s][info][gc,reloc    ] GC(218) Large Pages: 0 / 0M, Empty: 0M, Relocated: 0M, In-Place: 0
[306.131s][info][gc,reloc    ] GC(218) Forwarding Usage: 0M
[306.131s][info][gc,heap     ] GC(218) Min Capacity: 8M(0%)
[306.131s][info][gc,heap     ] GC(218) Max Capacity: 4096M(100%)
[306.131s][info][gc,heap     ] GC(218) Soft Max Capacity: 4096M(100%)
[306.131s][info][gc,heap     ] GC(218)                Mark Start          Mark End        Relocate Start      Relocate End           High               Low         
[306.131s][info][gc,heap     ] GC(218)  Capacity:     3862M (94%)        3862M (94%)        3862M (94%)        3862M (94%)        3862M (94%)        3862M (94%)    
[306.131s][info][gc,heap     ] GC(218)      Free:      696M (17%)         638M (16%)        3548M (87%)        3766M (92%)        3766M (92%)         388M (9%)     
[306.131s][info][gc,heap     ] GC(218)      Used:     3400M (83%)        3458M (84%)         548M (13%)         330M (8%)         3708M (91%)         330M (8%)     
[306.131s][info][gc,heap     ] GC(218)      Live:         -                 9M (0%)            9M (0%)            9M (0%)             -                  -          
[306.131s][info][gc,heap     ] GC(218) Allocated:         -                58M (1%)          314M (8%)          317M (8%)             -                  -          
[306.131s][info][gc,heap     ] GC(218)   Garbage:         -              3390M (83%)         224M (5%)            3M (0%)             -                  -          
[306.131s][info][gc,heap     ] GC(218) Reclaimed:         -                  -              3166M (77%)        3387M (83%)            -                  -          
[306.131s][info][gc          ] GC(218) Garbage Collection (Allocation Rate) 3400M(83%)->330M(8%)
[306.326s][info][gc,start    ] GC(219) Garbage Collection (System.gc())
[306.326s][info][gc,task     ] GC(219) Using 12 workers
[306.326s][info][gc,phases   ] GC(219) Pause Mark Start 0.016ms
[306.332s][info][gc,phases   ] GC(219) Concurrent Mark 5.763ms
[306.332s][info][gc,phases   ] GC(219) Pause Mark End 0.017ms
[306.332s][info][gc,phases   ] GC(219) Concurrent Mark Free 0.001ms
[306.343s][info][gc,phases   ] GC(219) Concurrent Process Non-Strong References 10.412ms
[306.343s][info][gc,phases   ] GC(219) Concurrent Reset Relocation Set 0.007ms
[306.346s][info][gc,phases   ] GC(219) Concurrent Select Relocation Set 2.979ms
[306.346s][info][gc,phases   ] GC(219) Pause Relocate Start 0.011ms
[306.349s][info][gc,phases   ] GC(219) Concurrent Relocate 3.432ms
[306.349s][info][gc,load     ] GC(219) Load: 0.00/0.00/0.00
[306.349s][info][gc,mmu      ] GC(219) MMU: 2ms/96.5%, 5ms/98.6%, 10ms/99.3%, 20ms/99.6%, 50ms/99.8%, 100ms/99.9%
[306.349s][info][gc,marking  ] GC(219) Mark: 8 stripe(s), 5 proactive flush(es), 1 terminate flush(es), 0 completion(s), 0 continuation(s) 
[306.349s][info][gc,marking  ] GC(219) Mark Stack Usage: 32M
[306.349s][info][gc,nmethod  ] GC(219) NMethods: 717 registered, 1625 unregistered
[306.349s][info][gc,metaspace] GC(219) Metaspace: 13M used, 14M committed, 1088M reserved
[306.350s][info][gc,ref      ] GC(219) Soft: 211 encountered, 0 discovered, 0 enqueued
[306.350s][info][gc,ref      ] GC(219) Weak: 623 encountered, 129 discovered, 0 enqueued
[306.350s][info][gc,ref      ] GC(219) Final: 0 encountered, 0 discovered, 0 enqueued
[306.350s][info][gc,ref      ] GC(219) Phantom: 59 encountered, 42 discovered, 0 enqueued
[306.350s][info][gc,reloc    ] GC(219) Small Pages: 328 / 656M, Empty: 600M, Relocated: 3M, In-Place: 0
[306.350s][info][gc,reloc    ] GC(219) Medium Pages: 0 / 0M, Empty: 0M, Relocated: 0M, In-Place: 0
[306.350s][info][gc,reloc    ] GC(219) Large Pages: 0 / 0M, Empty: 0M, Relocated: 0M, In-Place: 0
[306.350s][info][gc,reloc    ] GC(219) Forwarding Usage: 1M
[306.350s][info][gc,heap     ] GC(219) Min Capacity: 8M(0%)
[306.350s][info][gc,heap     ] GC(219) Max Capacity: 4096M(100%)
[306.350s][info][gc,heap     ] GC(219) Soft Max Capacity: 4096M(100%)
[306.350s][info][gc,heap     ] GC(219)                Mark Start          Mark End        Relocate Start      Relocate End           High               Low         
[306.350s][info][gc,heap     ] GC(219)  Capacity:     3862M (94%)        3862M (94%)        3862M (94%)        3862M (94%)        3862M (94%)        3862M (94%)    
[306.350s][info][gc,heap     ] GC(219)      Free:     3440M (84%)        3440M (84%)        4040M (99%)        4068M (99%)        4068M (99%)        3440M (84%)    
[306.350s][info][gc,heap     ] GC(219)      Used:      656M (16%)         656M (16%)          56M (1%)           28M (1%)          656M (16%)          28M (1%)     
[306.350s][info][gc,heap     ] GC(219)      Live:         -                 6M (0%)            6M (0%)            6M (0%)             -                  -          
[306.350s][info][gc,heap     ] GC(219) Allocated:         -                 0M (0%)            0M (0%)            0M (0%)             -                  -          
[306.350s][info][gc,heap     ] GC(219)   Garbage:         -               649M (16%)          49M (1%)           21M (1%)             -                  -          
[306.350s][info][gc,heap     ] GC(219) Reclaimed:         -                  -               600M (15%)         628M (15%)            -                  -          
[306.350s][info][gc          ] GC(219) Garbage Collection (System.gc()) 656M(16%)->28M(1%)
[307.831s][info][gc,start    ] GC(220) Garbage Collection (Allocation Rate)
[307.831s][info][gc,task     ] GC(220) Using 1 workers
[307.868s][info][gc,phases   ] GC(220) Pause Mark Start 0.014ms
[307.985s][info][gc,phases   ] GC(220) Concurrent Mark 117.032ms
[307.985s][info][gc,phases   ] GC(220) Pause Mark End 0.018ms
[307.985s][info][gc,phases   ] GC(220) Concurrent Mark Free 0.001ms
[308.071s][info][gc,phases   ] GC(220) Concurrent Process Non-Strong References 85.903ms
[308.071s][info][gc,phases   ] GC(220) Concurrent Reset Relocation Set 0.003ms
[308.075s][info][gc,phases   ] GC(220) Concurrent Select Relocation Set 3.492ms
[308.075s][info][gc,phases   ] GC(220) Pause Relocate Start 0.010ms
[308.077s][info][gc,phases   ] GC(220) Concurrent Relocate 1.835ms
[308.077s][info][gc,load     ] GC(220) Load: 0.00/0.00/0.00
[308.077s][info][gc,mmu      ] GC(220) MMU: 2ms/96.5%, 5ms/98.6%, 10ms/99.3%, 20ms/99.6%, 50ms/99.8%, 100ms/99.9%
[308.077s][info][gc,marking  ] GC(220) Mark: 1 stripe(s), 2 proactive flush(es), 1 terminate flush(es), 0 completion(s), 0 continuation(s) 
[308.077s][info][gc,marking  ] GC(220) Mark Stack Usage: 32M
[308.077s][info][gc,nmethod  ] GC(220) NMethods: 717 registered, 1625 unregistered
[308.077s][info][gc,metaspace] GC(220) Metaspace: 13M used, 14M committed, 1088M reserved
[308.077s][info][gc,ref      ] GC(220) Soft: 211 encountered, 0 discovered, 0 enqueued
[308.077s][info][gc,ref      ] GC(220) Weak: 729 encountered, 443 discovered, 2 enqueued
[308.077s][info][gc,ref      ] GC(220) Final: 0 encountered, 0 discovered, 0 enqueued
[308.077s][info][gc,ref      ] GC(220) Phantom: 59 encountered, 46 discovered, 0 enqueued
[308.077s][info][gc,reloc    ] GC(220) Small Pages: 1475 / 2950M, Empty: 2694M, Relocated: 2M, In-Place: 0
[308.077s][info][gc,reloc    ] GC(220) Medium Pages: 0 / 0M, Empty: 0M, Relocated: 0M, In-Place: 0
[308.077s][info][gc,reloc    ] GC(220) Large Pages: 0 / 0M, Empty: 0M, Relocated: 0M, In-Place: 0
[308.077s][info][gc,reloc    ] GC(220) Forwarding Usage: 0M
[308.077s][info][gc,heap     ] GC(220) Min Capacity: 8M(0%)
[308.077s][info][gc,heap     ] GC(220) Max Capacity: 4096M(100%)
[308.077s][info][gc,heap     ] GC(220) Soft Max Capacity: 4096M(100%)
[308.077s][info][gc,heap     ] GC(220)                Mark Start          Mark End        Relocate Start      Relocate End           High               Low         
[308.077s][info][gc,heap     ] GC(220)  Capacity:     3862M (94%)        3862M (94%)        3862M (94%)        3862M (94%)        3862M (94%)        3862M (94%)    
[308.077s][info][gc,heap     ] GC(220)      Free:     1146M (28%)         862M (21%)        3382M (83%)        3620M (88%)        3620M (88%)         702M (17%)    
[308.077s][info][gc,heap     ] GC(220)      Used:     2950M (72%)        3234M (79%)         714M (17%)         476M (12%)        3394M (83%)         476M (12%)    
[308.077s][info][gc,heap     ] GC(220)      Live:         -                 8M (0%)            8M (0%)            8M (0%)             -                  -          
[308.077s][info][gc,heap     ] GC(220) Allocated:         -               284M (7%)          458M (11%)         464M (11%)            -                  -          
[308.077s][info][gc,heap     ] GC(220)   Garbage:         -              2941M (72%)         247M (6%)            2M (0%)             -                  -          
[308.077s][info][gc,heap     ] GC(220) Reclaimed:         -                  -              2694M (66%)        2938M (72%)            -                  -          
[308.077s][info][gc          ] GC(220) Garbage Collection (Allocation Rate) 2950M(72%)->476M(12%)
[309.230s][info][gc,start    ] GC(221) Garbage Collection (Allocation Rate)
[309.230s][info][gc,task     ] GC(221) Using 1 workers
[309.230s][info][gc,phases   ] GC(221) Pause Mark Start 0.011ms
[309.249s][info][gc,phases   ] GC(221) Concurrent Mark 18.675ms
[309.249s][info][gc,phases   ] GC(221) Pause Mark End 0.019ms
[309.249s][info][gc,phases   ] GC(221) Concurrent Mark Free 0.001ms
[309.338s][info][gc,phases   ] GC(221) Concurrent Process Non-Strong References 89.320ms
[309.339s][info][gc,phases   ] GC(221) Concurrent Reset Relocation Set 0.017ms
[309.343s][info][gc,phases   ] GC(221) Concurrent Select Relocation Set 4.539ms
[309.343s][info][gc,phases   ] GC(221) Pause Relocate Start 0.008ms
[309.345s][info][gc,phases   ] GC(221) Concurrent Relocate 2.103ms
[309.346s][info][gc,load     ] GC(221) Load: 0.00/0.00/0.00
[309.346s][info][gc,mmu      ] GC(221) MMU: 2ms/96.5%, 5ms/98.6%, 10ms/99.3%, 20ms/99.6%, 50ms/99.8%, 100ms/99.9%
[309.346s][info][gc,marking  ] GC(221) Mark: 1 stripe(s), 2 proactive flush(es), 1 terminate flush(es), 0 completion(s), 0 continuation(s) 
[309.346s][info][gc,marking  ] GC(221) Mark Stack Usage: 32M
[309.346s][info][gc,nmethod  ] GC(221) NMethods: 717 registered, 1625 unregistered
[309.346s][info][gc,metaspace] GC(221) Metaspace: 13M used, 14M committed, 1088M reserved
[309.346s][info][gc,ref      ] GC(221) Soft: 211 encountered, 0 discovered, 0 enqueued
[309.346s][info][gc,ref      ] GC(221) Weak: 727 encountered, 441 discovered, 0 enqueued
[309.346s][info][gc,ref      ] GC(221) Final: 0 encountered, 0 discovered, 0 enqueued
[309.346s][info][gc,ref      ] GC(221) Phantom: 59 encountered, 46 discovered, 0 enqueued
[309.346s][info][gc,reloc    ] GC(221) Small Pages: 1471 / 2942M, Empty: 2692M, Relocated: 3M, In-Place: 0
[309.346s][info][gc,reloc    ] GC(221) Medium Pages: 0 / 0M, Empty: 0M, Relocated: 0M, In-Place: 0
[309.346s][info][gc,reloc    ] GC(221) Large Pages: 0 / 0M, Empty: 0M, Relocated: 0M, In-Place: 0
[309.346s][info][gc,reloc    ] GC(221) Forwarding Usage: 0M
[309.346s][info][gc,heap     ] GC(221) Min Capacity: 8M(0%)
[309.346s][info][gc,heap     ] GC(221) Max Capacity: 4096M(100%)
[309.346s][info][gc,heap     ] GC(221) Soft Max Capacity: 4096M(100%)
[309.346s][info][gc,heap     ] GC(221)                Mark Start          Mark End        Relocate Start      Relocate End           High               Low         
[309.346s][info][gc,heap     ] GC(221)  Capacity:     3862M (94%)        3862M (94%)        3862M (94%)        3862M (94%)        3862M (94%)        3862M (94%)    
[309.346s][info][gc,heap     ] GC(221)      Free:     1154M (28%)        1060M (26%)        3566M (87%)        3800M (93%)        3800M (93%)         876M (21%)    
[309.346s][info][gc,heap     ] GC(221)      Used:     2942M (72%)        3036M (74%)         530M (13%)         296M (7%)         3220M (79%)         296M (7%)     
[309.346s][info][gc,heap     ] GC(221)      Live:         -                 9M (0%)            9M (0%)            9M (0%)             -                  -          
[309.346s][info][gc,heap     ] GC(221) Allocated:         -                94M (2%)          280M (7%)          284M (7%)             -                  -          
[309.346s][info][gc,heap     ] GC(221)   Garbage:         -              2932M (72%)         240M (6%)            2M (0%)             -                  -          
[309.346s][info][gc,heap     ] GC(221) Reclaimed:         -                  -              2692M (66%)        2930M (72%)            -                  -          
[309.346s][info][gc          ] GC(221) Garbage Collection (Allocation Rate) 2942M(72%)->296M(7%)
[310.129s][info][gc,stats    ] === Garbage Collection Statistics =======================================================================================================================
[310.129s][info][gc,stats    ]                                                              Last 10s              Last 10m              Last 10h                Total
[310.129s][info][gc,stats    ]                                                              Avg / Max             Avg / Max             Avg / Max             Avg / Max
[310.129s][info][gc,stats    ]   Collector: Garbage Collection Cycle                    105.417 / 246.192      80.960 / 587.803      80.960 / 587.803      80.960 / 587.803     ms
[310.129s][info][gc,stats    ]  Contention: Mark Segment Reset Contention                     0 / 2                 1 / 26                1 / 26                1 / 26          ops/s
[310.129s][info][gc,stats    ]  Contention: Mark SeqNum Reset Contention                      0 / 1                 0 / 3                 0 / 3                 0 / 3           ops/s
[310.129s][info][gc,stats    ]    Critical: Allocation Stall                                  0 / 0                 0 / 0                 0 / 0                 0 / 0           ops/s
[310.129s][info][gc,stats    ]    Critical: Allocation Stall                              0.000 / 0.000         0.000 / 0.000         0.000 / 0.000         0.000 / 0.000       ms
[310.129s][info][gc,stats    ]    Critical: GC Locker Stall                                   0 / 0                 0 / 0                 0 / 0                 0 / 0           ops/s
[310.129s][info][gc,stats    ]    Critical: GC Locker Stall                               0.000 / 0.000         0.000 / 0.000         0.000 / 0.000         0.000 / 0.000       ms
[310.129s][info][gc,stats    ]    Critical: Relocation Stall                                  0 / 0                 0 / 0                 0 / 0                 0 / 0           ops/s
[310.129s][info][gc,stats    ]    Critical: Relocation Stall                              0.000 / 0.000         0.000 / 0.000         0.000 / 0.000         0.000 / 0.000       ms
[310.129s][info][gc,stats    ]      Memory: Allocation Rate                                1999 / 2182           1979 / 2322           1979 / 2322           1979 / 2322        MB/s
[310.130s][info][gc,stats    ]      Memory: Defragment                                        0 / 0                 0 / 0                 0 / 0                 0 / 0           ops/s
[310.130s][info][gc,stats    ]      Memory: Out Of Memory                                     0 / 0                 0 / 0                 0 / 0                 0 / 0           ops/s
[310.130s][info][gc,stats    ]      Memory: Page Cache Flush                                  0 / 0                 0 / 0                 0 / 0                 0 / 0           MB/s
[310.130s][info][gc,stats    ]      Memory: Page Cache Hit L1                              1002 / 1092            987 / 1162            987 / 1162            987 / 1162        ops/s
[310.130s][info][gc,stats    ]      Memory: Page Cache Hit L2                                 0 / 0                 0 / 0                 0 / 0                 0 / 0           ops/s
[310.130s][info][gc,stats    ]      Memory: Page Cache Hit L3                                 0 / 0                 3 / 448               3 / 448               3 / 448         ops/s
[310.130s][info][gc,stats    ]      Memory: Page Cache Miss                                   0 / 0                 2 / 471               2 / 471               2 / 471         ops/s
[310.130s][info][gc,stats    ]      Memory: Uncommit                                          0 / 0                 0 / 0                 0 / 0                 0 / 0           MB/s
[310.130s][info][gc,stats    ]      Memory: Undo Object Allocation Failed                     0 / 2                 0 / 5                 0 / 5                 0 / 5           ops/s
[310.130s][info][gc,stats    ]      Memory: Undo Object Allocation Succeeded                 21 / 58               21 / 124              21 / 124              21 / 124         ops/s
[310.130s][info][gc,stats    ]      Memory: Undo Page Allocation                              0 / 1                 0 / 23                0 / 23                0 / 23          ops/s
[310.130s][info][gc,stats    ]       Phase: Concurrent Mark                              29.656 / 117.032      20.344 / 549.801      20.344 / 549.801      20.344 / 549.801     ms
[310.130s][info][gc,stats    ]       Phase: Concurrent Mark Continue                      0.000 / 0.000         0.000 / 0.000         0.000 / 0.000         0.000 / 0.000       ms
[310.130s][info][gc,stats    ]       Phase: Concurrent Mark Free                          0.001 / 0.001         0.001 / 0.008         0.001 / 0.008         0.001 / 0.008       ms
[310.130s][info][gc,stats    ]       Phase: Concurrent Process Non-Strong References     63.663 / 89.320       46.665 / 237.767      46.665 / 237.767      46.665 / 237.767     ms
[310.130s][info][gc,stats    ]       Phase: Concurrent Relocate                           1.929 / 3.432         2.530 / 10.088        2.530 / 10.088        2.530 / 10.088      ms
[310.130s][info][gc,stats    ]       Phase: Concurrent Reset Relocation Set               0.012 / 0.017         0.015 / 0.027         0.015 / 0.027         0.015 / 0.027       ms
[310.130s][info][gc,stats    ]       Phase: Concurrent Select Relocation Set              3.850 / 4.987         4.645 / 22.887        4.645 / 22.887        4.645 / 22.887      ms
[310.130s][info][gc,stats    ]       Phase: Pause Mark End                                0.018 / 0.021         0.019 / 0.070         0.019 / 0.070         0.019 / 0.070       ms
[310.130s][info][gc,stats    ]       Phase: Pause Mark Start                              0.013 / 0.016         0.013 / 0.022         0.013 / 0.022         0.013 / 0.022       ms
[310.130s][info][gc,stats    ]       Phase: Pause Relocate Start                          0.009 / 0.011         0.008 / 0.019         0.008 / 0.019         0.008 / 0.019       ms
[310.130s][info][gc,stats    ]    Subphase: Concurrent Classes Purge                      0.005 / 0.007         0.051 / 5.118         0.051 / 5.118         0.051 / 5.118       ms
[310.130s][info][gc,stats    ]    Subphase: Concurrent Classes Unlink                     1.064 / 1.650         3.239 / 7.490         3.239 / 7.490         3.239 / 7.490       ms
[310.130s][info][gc,stats    ]    Subphase: Concurrent Mark                              10.389 / 114.854       8.945 / 114.854       8.945 / 114.854       8.945 / 114.854     ms
[310.130s][info][gc,stats    ]    Subphase: Concurrent Mark Try Flush                     3.326 / 80.795        0.495 / 80.795        0.495 / 80.795        0.495 / 80.795      ms
[310.130s][info][gc,stats    ]    Subphase: Concurrent Mark Try Terminate                 1.210 / 2.019         2.364 / 15.651        2.364 / 15.651        2.364 / 15.651      ms
[310.130s][info][gc,stats    ]    Subphase: Concurrent References Enqueue                 0.001 / 0.005         0.001 / 0.007         0.001 / 0.007         0.001 / 0.007       ms
[310.130s][info][gc,stats    ]    Subphase: Concurrent References Process                 0.113 / 0.189         0.094 / 0.196         0.094 / 0.196         0.094 / 0.196       ms
[310.130s][info][gc,stats    ]    Subphase: Concurrent Roots ClassLoaderDataGraph         0.087 / 0.545         0.080 / 0.923         0.080 / 0.923         0.080 / 0.923       ms
[310.130s][info][gc,stats    ]    Subphase: Concurrent Roots CodeCache                    0.000 / 0.000         0.000 / 0.000         0.000 / 0.000         0.000 / 0.000       ms
[310.130s][info][gc,stats    ]    Subphase: Concurrent Roots JavaThreads                  0.222 / 1.428         0.678 / 473.279       0.678 / 473.279       0.678 / 473.279     ms
[310.130s][info][gc,stats    ]    Subphase: Concurrent Roots OopStorageSet                0.033 / 0.128         0.059 / 1.317         0.059 / 1.317         0.059 / 1.317       ms
[310.130s][info][gc,stats    ]    Subphase: Concurrent Weak Roots OopStorageSet          22.285 / 87.427       13.161 / 95.255       13.161 / 95.255       13.161 / 95.255      ms
[310.130s][info][gc,stats    ]    Subphase: Pause Mark Try Complete                       0.000 / 0.000         0.003 / 0.007         0.003 / 0.007         0.003 / 0.007       ms
[310.130s][info][gc,stats    ]      System: Java Threads                                     49 / 60               52 / 73               52 / 73               52 / 73          threads
[310.130s][info][gc,stats    ] =========================================================================================================================================================
[310.630s][info][gc,start    ] GC(222) Garbage Collection (Allocation Rate)
[310.630s][info][gc,task     ] GC(222) Using 1 workers
[310.631s][info][gc,phases   ] GC(222) Pause Mark Start 0.012ms
[310.652s][info][gc,phases   ] GC(222) Concurrent Mark 20.942ms
[310.652s][info][gc,phases   ] GC(222) Pause Mark End 0.018ms
[310.652s][info][gc,phases   ] GC(222) Concurrent Mark Free 0.002ms
[310.745s][info][gc,phases   ] GC(222) Concurrent Process Non-Strong References 93.201ms
[310.745s][info][gc,phases   ] GC(222) Concurrent Reset Relocation Set 0.021ms
[310.750s][info][gc,phases   ] GC(222) Concurrent Select Relocation Set 4.533ms
[310.750s][info][gc,phases   ] GC(222) Pause Relocate Start 0.008ms
[310.752s][info][gc,phases   ] GC(222) Concurrent Relocate 1.966ms
[310.752s][info][gc,load     ] GC(222) Load: 0.00/0.00/0.00
[310.752s][info][gc,mmu      ] GC(222) MMU: 2ms/96.5%, 5ms/98.6%, 10ms/99.3%, 20ms/99.6%, 50ms/99.8%, 100ms/99.9%
[310.752s][info][gc,marking  ] GC(222) Mark: 1 stripe(s), 2 proactive flush(es), 1 terminate flush(es), 0 completion(s), 0 continuation(s) 
[310.752s][info][gc,marking  ] GC(222) Mark Stack Usage: 32M
[310.752s][info][gc,nmethod  ] GC(222) NMethods: 717 registered, 1625 unregistered
[310.752s][info][gc,metaspace] GC(222) Metaspace: 13M used, 14M committed, 1088M reserved
[310.752s][info][gc,ref      ] GC(222) Soft: 211 encountered, 0 discovered, 0 enqueued
[310.752s][info][gc,ref      ] GC(222) Weak: 727 encountered, 441 discovered, 0 enqueued
[310.752s][info][gc,ref      ] GC(222) Final: 0 encountered, 0 discovered, 0 enqueued
[310.752s][info][gc,ref      ] GC(222) Phantom: 59 encountered, 46 discovered, 0 enqueued
[310.752s][info][gc,reloc    ] GC(222) Small Pages: 1524 / 3048M, Empty: 2786M, Relocated: 3M, In-Place: 0
[310.752s][info][gc,reloc    ] GC(222) Medium Pages: 0 / 0M, Empty: 0M, Relocated: 0M, In-Place: 0
[310.752s][info][gc,reloc    ] GC(222) Large Pages: 0 / 0M, Empty: 0M, Relocated: 0M, In-Place: 0
[310.752s][info][gc,reloc    ] GC(222) Forwarding Usage: 0M
[310.752s][info][gc,heap     ] GC(222) Min Capacity: 8M(0%)
[310.753s][info][gc,heap     ] GC(222) Max Capacity: 4096M(100%)
[310.753s][info][gc,heap     ] GC(222) Soft Max Capacity: 4096M(100%)
[310.753s][info][gc,heap     ] GC(222)                Mark Start          Mark End        Relocate Start      Relocate End           High               Low         
[310.753s][info][gc,heap     ] GC(222)  Capacity:     3862M (94%)        3862M (94%)        3862M (94%)        3862M (94%)        3862M (94%)        3862M (94%)    
[310.753s][info][gc,heap     ] GC(222)      Free:     1048M (26%)         954M (23%)        3552M (87%)        3796M (93%)        3796M (93%)         768M (19%)    
[310.753s][info][gc,heap     ] GC(222)      Used:     3048M (74%)        3142M (77%)         544M (13%)         300M (7%)         3328M (81%)         300M (7%)     
[310.753s][info][gc,heap     ] GC(222)      Live:         -                 9M (0%)            9M (0%)            9M (0%)             -                  -          
[310.753s][info][gc,heap     ] GC(222) Allocated:         -                94M (2%)          282M (7%)          288M (7%)             -                  -          
[310.753s][info][gc,heap     ] GC(222)   Garbage:         -              3038M (74%)         252M (6%)            2M (0%)             -                  -          
[310.753s][info][gc,heap     ] GC(222) Reclaimed:         -                  -              2786M (68%)        3036M (74%)            -                  -          
[310.753s][info][gc          ] GC(222) Garbage Collection (Allocation Rate) 3048M(74%)->300M(7%)
[312.230s][info][gc,start    ] GC(223) Garbage Collection (Allocation Rate)
[312.230s][info][gc,task     ] GC(223) Using 1 workers
[312.230s][info][gc,phases   ] GC(223) Pause Mark Start 0.012ms
[312.249s][info][gc,phases   ] GC(223) Concurrent Mark 19.040ms
[312.249s][info][gc,phases   ] GC(223) Pause Mark End 0.017ms
[312.249s][info][gc,phases   ] GC(223) Concurrent Mark Free 0.001ms
[312.331s][info][gc,phases   ] GC(223) Concurrent Process Non-Strong References 81.475ms
[312.331s][info][gc,phases   ] GC(223) Concurrent Reset Relocation Set 0.011ms
[312.336s][info][gc,phases   ] GC(223) Concurrent Select Relocation Set 5.053ms
[312.336s][info][gc,phases   ] GC(223) Pause Relocate Start 0.009ms
[312.340s][info][gc,phases   ] GC(223) Concurrent Relocate 3.431ms
[312.340s][info][gc,load     ] GC(223) Load: 0.00/0.00/0.00
[312.340s][info][gc,mmu      ] GC(223) MMU: 2ms/96.5%, 5ms/98.6%, 10ms/99.3%, 20ms/99.6%, 50ms/99.8%, 100ms/99.9%
[312.340s][info][gc,marking  ] GC(223) Mark: 1 stripe(s), 2 proactive flush(es), 1 terminate flush(es), 0 completion(s), 0 continuation(s) 
[312.340s][info][gc,marking  ] GC(223) Mark Stack Usage: 32M
[312.340s][info][gc,nmethod  ] GC(223) NMethods: 717 registered, 1625 unregistered
[312.340s][info][gc,metaspace] GC(223) Metaspace: 13M used, 14M committed, 1088M reserved
[312.340s][info][gc,ref      ] GC(223) Soft: 211 encountered, 0 discovered, 0 enqueued
[312.340s][info][gc,ref      ] GC(223) Weak: 727 encountered, 441 discovered, 0 enqueued
[312.340s][info][gc,ref      ] GC(223) Final: 0 encountered, 0 discovered, 0 enqueued
[312.340s][info][gc,ref      ] GC(223) Phantom: 59 encountered, 46 discovered, 0 enqueued
[312.340s][info][gc,reloc    ] GC(223) Small Pages: 1644 / 3288M, Empty: 3032M, Relocated: 3M, In-Place: 0
[312.340s][info][gc,reloc    ] GC(223) Medium Pages: 0 / 0M, Empty: 0M, Relocated: 0M, In-Place: 0
[312.340s][info][gc,reloc    ] GC(223) Large Pages: 0 / 0M, Empty: 0M, Relocated: 0M, In-Place: 0
[312.340s][info][gc,reloc    ] GC(223) Forwarding Usage: 0M
[312.340s][info][gc,heap     ] GC(223) Min Capacity: 8M(0%)
[312.340s][info][gc,heap     ] GC(223) Max Capacity: 4096M(100%)
[312.340s][info][gc,heap     ] GC(223) Soft Max Capacity: 4096M(100%)
[312.340s][info][gc,heap     ] GC(223)                Mark Start          Mark End        Relocate Start      Relocate End           High               Low         
[312.340s][info][gc,heap     ] GC(223)  Capacity:     3862M (94%)        3862M (94%)        3862M (94%)        3862M (94%)        3862M (94%)        3862M (94%)    
[312.340s][info][gc,heap     ] GC(223)      Free:      808M (20%)         716M (17%)        3578M (87%)        3814M (93%)        3814M (93%)         556M (14%)    
[312.340s][info][gc,heap     ] GC(223)      Used:     3288M (80%)        3380M (83%)         518M (13%)         282M (7%)         3540M (86%)         282M (7%)     
[312.340s][info][gc,heap     ] GC(223)      Live:         -                 9M (0%)            9M (0%)            9M (0%)             -                  -          
[312.340s][info][gc,heap     ] GC(223) Allocated:         -                92M (2%)          262M (6%)          270M (7%)             -                  -          
[312.340s][info][gc,heap     ] GC(223)   Garbage:         -              3278M (80%)         246M (6%)            1M (0%)             -                  -          
[312.340s][info][gc,heap     ] GC(223) Reclaimed:         -                  -              3032M (74%)        3276M (80%)            -                  -          
[312.340s][info][gc          ] GC(223) Garbage Collection (Allocation Rate) 3288M(80%)->282M(7%)
[313.930s][info][gc,start    ] GC(224) Garbage Collection (Allocation Rate)
[313.930s][info][gc,task     ] GC(224) Using 1 workers
[313.930s][info][gc,phases   ] GC(224) Pause Mark Start 0.013ms
[313.951s][info][gc,phases   ] GC(224) Concurrent Mark 20.044ms
[313.951s][info][gc,phases   ] GC(224) Pause Mark End 0.018ms
[313.951s][info][gc,phases   ] GC(224) Concurrent Mark Free 0.001ms
[314.034s][info][gc,phases   ] GC(224) Concurrent Process Non-Strong References 83.536ms
[314.035s][info][gc,phases   ] GC(224) Concurrent Reset Relocation Set 0.013ms
[314.038s][info][gc,phases   ] GC(224) Concurrent Select Relocation Set 3.508ms
[314.038s][info][gc,phases   ] GC(224) Pause Relocate Start 0.009ms
[314.043s][info][gc,phases   ] GC(224) Concurrent Relocate 4.315ms
[314.043s][info][gc,load     ] GC(224) Load: 0.00/0.00/0.00
[314.043s][info][gc,mmu      ] GC(224) MMU: 2ms/96.5%, 5ms/98.6%, 10ms/99.3%, 20ms/99.6%, 50ms/99.8%, 100ms/99.9%
[314.043s][info][gc,marking  ] GC(224) Mark: 1 stripe(s), 2 proactive flush(es), 1 terminate flush(es), 0 completion(s), 0 continuation(s) 
[314.043s][info][gc,marking  ] GC(224) Mark Stack Usage: 32M
[314.043s][info][gc,nmethod  ] GC(224) NMethods: 717 registered, 1625 unregistered
[314.043s][info][gc,metaspace] GC(224) Metaspace: 13M used, 14M committed, 1088M reserved
[314.043s][info][gc,ref      ] GC(224) Soft: 211 encountered, 0 discovered, 0 enqueued
[314.043s][info][gc,ref      ] GC(224) Weak: 727 encountered, 441 discovered, 0 enqueued
[314.043s][info][gc,ref      ] GC(224) Final: 0 encountered, 0 discovered, 0 enqueued
[314.043s][info][gc,ref      ] GC(224) Phantom: 59 encountered, 46 discovered, 0 enqueued
[314.043s][info][gc,reloc    ] GC(224) Small Pages: 1756 / 3512M, Empty: 3240M, Relocated: 3M, In-Place: 0
[314.043s][info][gc,reloc    ] GC(224) Medium Pages: 0 / 0M, Empty: 0M, Relocated: 0M, In-Place: 0
[314.043s][info][gc,reloc    ] GC(224) Large Pages: 0 / 0M, Empty: 0M, Relocated: 0M, In-Place: 0
[314.043s][info][gc,reloc    ] GC(224) Forwarding Usage: 0M
[314.043s][info][gc,heap     ] GC(224) Min Capacity: 8M(0%)
[314.043s][info][gc,heap     ] GC(224) Max Capacity: 4096M(100%)
[314.043s][info][gc,heap     ] GC(224) Soft Max Capacity: 4096M(100%)
[314.043s][info][gc,heap     ] GC(224)                Mark Start          Mark End        Relocate Start      Relocate End           High               Low         
[314.043s][info][gc,heap     ] GC(224)  Capacity:     3862M (94%)        3862M (94%)        3862M (94%)        3862M (94%)        3862M (94%)        3862M (94%)    
[314.043s][info][gc,heap     ] GC(224)      Free:      584M (14%)         490M (12%)        3552M (87%)        3808M (93%)        3808M (93%)         314M (8%)     
[314.043s][info][gc,heap     ] GC(224)      Used:     3512M (86%)        3606M (88%)         544M (13%)         288M (7%)         3782M (92%)         288M (7%)     
[314.043s][info][gc,heap     ] GC(224)      Live:         -                 9M (0%)            9M (0%)            9M (0%)             -                  -          
[314.043s][info][gc,heap     ] GC(224) Allocated:         -                94M (2%)          272M (7%)          276M (7%)             -                  -          
[314.043s][info][gc,heap     ] GC(224)   Garbage:         -              3502M (86%)         262M (6%)            1M (0%)             -                  -          
[314.043s][info][gc,heap     ] GC(224) Reclaimed:         -                  -              3240M (79%)        3500M (85%)            -                  -          
[314.043s][info][gc          ] GC(224) Garbage Collection (Allocation Rate) 3512M(86%)->288M(7%)
[315.330s][info][gc,start    ] GC(225) Garbage Collection (Proactive)
[315.330s][info][gc,task     ] GC(225) Using 12 workers
[315.330s][info][gc,phases   ] GC(225) Pause Mark Start 0.013ms
[315.338s][info][gc,phases   ] GC(225) Concurrent Mark 7.633ms
[315.338s][info][gc,phases   ] GC(225) Pause Mark End 0.019ms
[315.338s][info][gc,phases   ] GC(225) Concurrent Mark Free 0.001ms
[315.347s][info][gc,phases   ] GC(225) Concurrent Process Non-Strong References 8.589ms
[315.347s][info][gc,phases   ] GC(225) Concurrent Reset Relocation Set 0.021ms
[315.351s][info][gc,phases   ] GC(225) Concurrent Select Relocation Set 3.663ms
[315.351s][info][gc,phases   ] GC(225) Pause Relocate Start 0.005ms
[315.351s][info][gc,phases   ] GC(225) Concurrent Relocate 0.305ms
[315.351s][info][gc,load     ] GC(225) Load: 0.00/0.00/0.00
[315.351s][info][gc,mmu      ] GC(225) MMU: 2ms/96.5%, 5ms/98.6%, 10ms/99.3%, 20ms/99.6%, 50ms/99.8%, 100ms/99.9%
[315.351s][info][gc,marking  ] GC(225) Mark: 8 stripe(s), 2 proactive flush(es), 1 terminate flush(es), 0 completion(s), 0 continuation(s) 
[315.351s][info][gc,marking  ] GC(225) Mark Stack Usage: 32M
[315.351s][info][gc,nmethod  ] GC(225) NMethods: 717 registered, 1625 unregistered
[315.351s][info][gc,metaspace] GC(225) Metaspace: 13M used, 14M committed, 1088M reserved
[315.351s][info][gc,ref      ] GC(225) Soft: 211 encountered, 0 discovered, 0 enqueued
[315.351s][info][gc,ref      ] GC(225) Weak: 727 encountered, 107 discovered, 0 enqueued
[315.352s][info][gc,ref      ] GC(225) Final: 0 encountered, 0 discovered, 0 enqueued
[315.352s][info][gc,ref      ] GC(225) Phantom: 59 encountered, 41 discovered, 0 enqueued
[315.352s][info][gc,reloc    ] GC(225) Small Pages: 1437 / 2874M, Empty: 2608M, Relocated: 1M, In-Place: 0
[315.352s][info][gc,reloc    ] GC(225) Medium Pages: 0 / 0M, Empty: 0M, Relocated: 0M, In-Place: 0
[315.352s][info][gc,reloc    ] GC(225) Large Pages: 0 / 0M, Empty: 0M, Relocated: 0M, In-Place: 0
[315.352s][info][gc,reloc    ] GC(225) Forwarding Usage: 0M
[315.352s][info][gc,heap     ] GC(225) Min Capacity: 8M(0%)
[315.352s][info][gc,heap     ] GC(225) Max Capacity: 4096M(100%)
[315.352s][info][gc,heap     ] GC(225) Soft Max Capacity: 4096M(100%)
[315.352s][info][gc,heap     ] GC(225)                Mark Start          Mark End        Relocate Start      Relocate End           High               Low         
[315.352s][info][gc,heap     ] GC(225)  Capacity:     3862M (94%)        3862M (94%)        3862M (94%)        3862M (94%)        3862M (94%)        3862M (94%)    
[315.352s][info][gc,heap     ] GC(225)      Free:     1222M (30%)        1128M (28%)        3736M (91%)        3964M (97%)        3964M (97%)        1128M (28%)    
[315.352s][info][gc,heap     ] GC(225)      Used:     2874M (70%)        2968M (72%)         360M (9%)          132M (3%)         2968M (72%)         132M (3%)     
[315.352s][info][gc,heap     ] GC(225)      Live:         -                10M (0%)           10M (0%)           10M (0%)             -                  -          
[315.352s][info][gc,heap     ] GC(225) Allocated:         -                94M (2%)           94M (2%)           94M (2%)             -                  -          
[315.352s][info][gc,heap     ] GC(225)   Garbage:         -              2863M (70%)         255M (6%)           27M (1%)             -                  -          
[315.352s][info][gc,heap     ] GC(225) Reclaimed:         -                  -              2608M (64%)        2836M (69%)            -                  -          
[315.352s][info][gc          ] GC(225) Garbage Collection (Proactive) 2874M(70%)->132M(3%)
[316.930s][info][gc,start    ] GC(226) Garbage Collection (Allocation Rate)
[316.930s][info][gc,task     ] GC(226) Using 1 workers
[316.931s][info][gc,phases   ] GC(226) Pause Mark Start 0.012ms
[316.949s][info][gc,phases   ] GC(226) Concurrent Mark 18.104ms
[316.949s][info][gc,phases   ] GC(226) Pause Mark End 0.016ms
[316.949s][info][gc,phases   ] GC(226) Concurrent Mark Free 0.001ms
[317.033s][info][gc,phases   ] GC(226) Concurrent Process Non-Strong References 84.394ms
[317.034s][info][gc,phases   ] GC(226) Concurrent Reset Relocation Set 0.016ms
[317.038s][info][gc,phases   ] GC(226) Concurrent Select Relocation Set 4.279ms
[317.046s][info][gc,phases   ] GC(226) Pause Relocate Start 0.008ms
[317.047s][info][gc,phases   ] GC(226) Concurrent Relocate 0.741ms
[317.047s][info][gc,load     ] GC(226) Load: 0.00/0.00/0.00
[317.047s][info][gc,mmu      ] GC(226) MMU: 2ms/96.5%, 5ms/98.6%, 10ms/99.3%, 20ms/99.6%, 50ms/99.8%, 100ms/99.9%
[317.047s][info][gc,marking  ] GC(226) Mark: 1 stripe(s), 2 proactive flush(es), 1 terminate flush(es), 0 completion(s), 0 continuation(s) 
[317.047s][info][gc,marking  ] GC(226) Mark Stack Usage: 32M
[317.047s][info][gc,nmethod  ] GC(226) NMethods: 717 registered, 1625 unregistered
[317.047s][info][gc,metaspace] GC(226) Metaspace: 13M used, 14M committed, 1088M reserved
[317.047s][info][gc,ref      ] GC(226) Soft: 211 encountered, 0 discovered, 0 enqueued
[317.047s][info][gc,ref      ] GC(226) Weak: 715 encountered, 441 discovered, 0 enqueued
[317.047s][info][gc,ref      ] GC(226) Final: 0 encountered, 0 discovered, 0 enqueued
[317.047s][info][gc,ref      ] GC(226) Phantom: 59 encountered, 46 discovered, 0 enqueued
[317.047s][info][gc,reloc    ] GC(226) Small Pages: 1632 / 3264M, Empty: 2974M, Relocated: 1M, In-Place: 0
[317.047s][info][gc,reloc    ] GC(226) Medium Pages: 0 / 0M, Empty: 0M, Relocated: 0M, In-Place: 0
[317.047s][info][gc,reloc    ] GC(226) Large Pages: 0 / 0M, Empty: 0M, Relocated: 0M, In-Place: 0
[317.047s][info][gc,reloc    ] GC(226) Forwarding Usage: 0M
[317.047s][info][gc,heap     ] GC(226) Min Capacity: 8M(0%)
[317.047s][info][gc,heap     ] GC(226) Max Capacity: 4096M(100%)
[317.047s][info][gc,heap     ] GC(226) Soft Max Capacity: 4096M(100%)
[317.047s][info][gc,heap     ] GC(226)                Mark Start          Mark End        Relocate Start      Relocate End           High               Low         
[317.047s][info][gc,heap     ] GC(226)  Capacity:     3862M (94%)        3862M (94%)        3862M (94%)        3862M (94%)        3862M (94%)        3862M (94%)    
[317.047s][info][gc,heap     ] GC(226)      Free:      832M (20%)         746M (18%)        3546M (87%)        3812M (93%)        3812M (93%)         584M (14%)    
[317.047s][info][gc,heap     ] GC(226)      Used:     3264M (80%)        3350M (82%)         550M (13%)         284M (7%)         3512M (86%)         284M (7%)     
[317.047s][info][gc,heap     ] GC(226)      Live:         -                10M (0%)           10M (0%)           10M (0%)             -                  -          
[317.047s][info][gc,heap     ] GC(226) Allocated:         -                86M (2%)          260M (6%)          270M (7%)             -                  -          
[317.047s][info][gc,heap     ] GC(226)   Garbage:         -              3253M (79%)         279M (7%)            3M (0%)             -                  -          
[317.047s][info][gc,heap     ] GC(226) Reclaimed:         -                  -              2974M (73%)        3250M (79%)            -                  -          
[317.047s][info][gc          ] GC(226) Garbage Collection (Allocation Rate) 3264M(80%)->284M(7%)
[317.463s][info][gc,start    ] GC(227) Garbage Collection (System.gc())
[317.463s][info][gc,task     ] GC(227) Using 12 workers
[317.463s][info][gc,phases   ] GC(227) Pause Mark Start 0.017ms
[317.477s][info][gc,phases   ] GC(227) Concurrent Mark 13.889ms
[317.478s][info][gc,phases   ] GC(227) Pause Mark End 0.019ms
[317.478s][info][gc,phases   ] GC(227) Concurrent Mark Free 0.001ms
[317.489s][info][gc,phases   ] GC(227) Concurrent Process Non-Strong References 11.193ms
[317.489s][info][gc,phases   ] GC(227) Concurrent Reset Relocation Set 0.014ms
[317.494s][info][gc,phases   ] GC(227) Concurrent Select Relocation Set 4.658ms
[317.494s][info][gc,phases   ] GC(227) Pause Relocate Start 0.006ms
[317.497s][info][gc,phases   ] GC(227) Concurrent Relocate 2.957ms
[317.497s][info][gc,load     ] GC(227) Load: 0.00/0.00/0.00
[317.497s][info][gc,mmu      ] GC(227) MMU: 2ms/96.5%, 5ms/98.6%, 10ms/99.3%, 20ms/99.6%, 50ms/99.8%, 100ms/99.9%
[317.497s][info][gc,marking  ] GC(227) Mark: 8 stripe(s), 2 proactive flush(es), 1 terminate flush(es), 0 completion(s), 0 continuation(s) 
[317.497s][info][gc,marking  ] GC(227) Mark Stack Usage: 32M
[317.497s][info][gc,nmethod  ] GC(227) NMethods: 718 registered, 0 unregistered
[317.497s][info][gc,metaspace] GC(227) Metaspace: 13M used, 14M committed, 1088M reserved
[317.497s][info][gc,ref      ] GC(227) Soft: 211 encountered, 0 discovered, 0 enqueued
[317.497s][info][gc,ref      ] GC(227) Weak: 627 encountered, 18 discovered, 0 enqueued
[317.497s][info][gc,ref      ] GC(227) Final: 0 encountered, 0 discovered, 0 enqueued
[317.497s][info][gc,ref      ] GC(227) Phantom: 59 encountered, 42 discovered, 0 enqueued
[317.497s][info][gc,reloc    ] GC(227) Small Pages: 570 / 1140M, Empty: 1080M, Relocated: 3M, In-Place: 0
[317.497s][info][gc,reloc    ] GC(227) Medium Pages: 0 / 0M, Empty: 0M, Relocated: 0M, In-Place: 0
[317.497s][info][gc,reloc    ] GC(227) Large Pages: 0 / 0M, Empty: 0M, Relocated: 0M, In-Place: 0
[317.497s][info][gc,reloc    ] GC(227) Forwarding Usage: 1M
[317.497s][info][gc,heap     ] GC(227) Min Capacity: 8M(0%)
[317.497s][info][gc,heap     ] GC(227) Max Capacity: 4096M(100%)
[317.497s][info][gc,heap     ] GC(227) Soft Max Capacity: 4096M(100%)
[317.497s][info][gc,heap     ] GC(227)                Mark Start          Mark End        Relocate Start      Relocate End           High               Low         
[317.497s][info][gc,heap     ] GC(227)  Capacity:     3862M (94%)        3862M (94%)        3862M (94%)        3862M (94%)        3862M (94%)        3862M (94%)    
[317.497s][info][gc,heap     ] GC(227)      Free:     2956M (72%)        2956M (72%)        4036M (99%)        4068M (99%)        4068M (99%)        2956M (72%)    
[317.497s][info][gc,heap     ] GC(227)      Used:     1140M (28%)        1140M (28%)          60M (1%)           28M (1%)         1140M (28%)          28M (1%)     
[317.497s][info][gc,heap     ] GC(227)      Live:         -                 6M (0%)            6M (0%)            6M (0%)             -                  -          
[317.497s][info][gc,heap     ] GC(227) Allocated:         -                 0M (0%)            0M (0%)            0M (0%)             -                  -          
[317.497s][info][gc,heap     ] GC(227)   Garbage:         -              1133M (28%)          53M (1%)           21M (1%)             -                  -          
[317.497s][info][gc,heap     ] GC(227) Reclaimed:         -                  -              1080M (26%)        1112M (27%)            -                  -          
[317.497s][info][gc          ] GC(227) Garbage Collection (System.gc()) 1140M(28%)->28M(1%)
[318.730s][info][gc,start    ] GC(228) Garbage Collection (Allocation Rate)
[318.730s][info][gc,task     ] GC(228) Using 1 workers
[318.730s][info][gc,phases   ] GC(228) Pause Mark Start 0.010ms
[318.756s][info][gc,phases   ] GC(228) Concurrent Mark 25.328ms
[318.756s][info][gc,phases   ] GC(228) Pause Mark End 0.018ms
[318.756s][info][gc,phases   ] GC(228) Concurrent Mark Free 0.001ms
[318.848s][info][gc,phases   ] GC(228) Concurrent Process Non-Strong References 92.636ms
[318.849s][info][gc,phases   ] GC(228) Concurrent Reset Relocation Set 0.004ms
[318.853s][info][gc,phases   ] GC(228) Concurrent Select Relocation Set 4.624ms
[318.853s][info][gc,phases   ] GC(228) Pause Relocate Start 0.009ms
[318.855s][info][gc,phases   ] GC(228) Concurrent Relocate 1.588ms
[318.855s][info][gc,load     ] GC(228) Load: 0.00/0.00/0.00
[318.855s][info][gc,mmu      ] GC(228) MMU: 2ms/96.5%, 5ms/98.6%, 10ms/99.3%, 20ms/99.6%, 50ms/99.8%, 100ms/99.9%
[318.855s][info][gc,marking  ] GC(228) Mark: 1 stripe(s), 2 proactive flush(es), 1 terminate flush(es), 0 completion(s), 0 continuation(s) 
[318.855s][info][gc,marking  ] GC(228) Mark Stack Usage: 32M
[318.855s][info][gc,nmethod  ] GC(228) NMethods: 718 registered, 0 unregistered
[318.855s][info][gc,metaspace] GC(228) Metaspace: 13M used, 14M committed, 1088M reserved
[318.855s][info][gc,ref      ] GC(228) Soft: 211 encountered, 0 discovered, 0 enqueued
[318.855s][info][gc,ref      ] GC(228) Weak: 723 encountered, 439 discovered, 0 enqueued
[318.855s][info][gc,ref      ] GC(228) Final: 0 encountered, 0 discovered, 0 enqueued
[318.855s][info][gc,ref      ] GC(228) Phantom: 59 encountered, 46 discovered, 0 enqueued
[318.855s][info][gc,reloc    ] GC(228) Small Pages: 1286 / 2572M, Empty: 2328M, Relocated: 2M, In-Place: 0
[318.855s][info][gc,reloc    ] GC(228) Medium Pages: 0 / 0M, Empty: 0M, Relocated: 0M, In-Place: 0
[318.855s][info][gc,reloc    ] GC(228) Large Pages: 0 / 0M, Empty: 0M, Relocated: 0M, In-Place: 0
[318.855s][info][gc,reloc    ] GC(228) Forwarding Usage: 0M
[318.855s][info][gc,heap     ] GC(228) Min Capacity: 8M(0%)
[318.855s][info][gc,heap     ] GC(228) Max Capacity: 4096M(100%)
[318.855s][info][gc,heap     ] GC(228) Soft Max Capacity: 4096M(100%)
[318.855s][info][gc,heap     ] GC(228)                Mark Start          Mark End        Relocate Start      Relocate End           High               Low         
[318.855s][info][gc,heap     ] GC(228)  Capacity:     3862M (94%)        3862M (94%)        3862M (94%)        3862M (94%)        3862M (94%)        3862M (94%)    
[318.855s][info][gc,heap     ] GC(228)      Free:     1524M (37%)        1430M (35%)        3566M (87%)        3790M (93%)        3790M (93%)        1244M (30%)    
[318.855s][info][gc,heap     ] GC(228)      Used:     2572M (63%)        2666M (65%)         530M (13%)         306M (7%)         2852M (70%)         306M (7%)     
[318.855s][info][gc,heap     ] GC(228)      Live:         -                 8M (0%)            8M (0%)            8M (0%)             -                  -          
[318.855s][info][gc,heap     ] GC(228) Allocated:         -                94M (2%)          286M (7%)          294M (7%)             -                  -          
[318.856s][info][gc,heap     ] GC(228)   Garbage:         -              2563M (63%)         235M (6%)            2M (0%)             -                  -          
[318.856s][info][gc,heap     ] GC(228) Reclaimed:         -                  -              2328M (57%)        2560M (63%)            -                  -          
[318.856s][info][gc          ] GC(228) Garbage Collection (Allocation Rate) 2572M(63%)->306M(7%)
[320.130s][info][gc,stats    ] === Garbage Collection Statistics =======================================================================================================================
[320.130s][info][gc,stats    ]                                                              Last 10s              Last 10m              Last 10h                Total
[320.130s][info][gc,stats    ]                                                              Avg / Max             Avg / Max             Avg / Max             Avg / Max
[320.130s][info][gc,stats    ]   Collector: Garbage Collection Cycle                     91.652 / 125.294      81.286 / 587.803      81.286 / 587.803      81.286 / 587.803     ms
[320.130s][info][gc,stats    ]  Contention: Mark Segment Reset Contention                     0 / 4                 1 / 26                1 / 26                1 / 26          ops/s
[320.130s][info][gc,stats    ]  Contention: Mark SeqNum Reset Contention                      0 / 3                 0 / 3                 0 / 3                 0 / 3           ops/s
[320.130s][info][gc,stats    ]    Critical: Allocation Stall                                  0 / 0                 0 / 0                 0 / 0                 0 / 0           ops/s
[320.130s][info][gc,stats    ]    Critical: Allocation Stall                              0.000 / 0.000         0.000 / 0.000         0.000 / 0.000         0.000 / 0.000       ms
[320.130s][info][gc,stats    ]    Critical: GC Locker Stall                                   0 / 0                 0 / 0                 0 / 0                 0 / 0           ops/s
[320.130s][info][gc,stats    ]    Critical: GC Locker Stall                               0.000 / 0.000         0.000 / 0.000         0.000 / 0.000         0.000 / 0.000       ms
[320.130s][info][gc,stats    ]    Critical: Relocation Stall                                  0 / 0                 0 / 0                 0 / 0                 0 / 0           ops/s
[320.130s][info][gc,stats    ]    Critical: Relocation Stall                              0.000 / 0.000         0.000 / 0.000         0.000 / 0.000         0.000 / 0.000       ms
[320.130s][info][gc,stats    ]      Memory: Allocation Rate                                2053 / 2128           1981 / 2322           1981 / 2322           1981 / 2322        MB/s
[320.130s][info][gc,stats    ]      Memory: Defragment                                        0 / 0                 0 / 0                 0 / 0                 0 / 0           ops/s
[320.130s][info][gc,stats    ]      Memory: Out Of Memory                                     0 / 0                 0 / 0                 0 / 0                 0 / 0           ops/s
[320.130s][info][gc,stats    ]      Memory: Page Cache Flush                                  0 / 0                 0 / 0                 0 / 0                 0 / 0           MB/s
[320.130s][info][gc,stats    ]      Memory: Page Cache Hit L1                              1029 / 1065            988 / 1162            988 / 1162            988 / 1162        ops/s
[320.130s][info][gc,stats    ]      Memory: Page Cache Hit L2                                 0 / 0                 0 / 0                 0 / 0                 0 / 0           ops/s
[320.130s][info][gc,stats    ]      Memory: Page Cache Hit L3                                 0 / 0                 3 / 448               3 / 448               3 / 448         ops/s
[320.130s][info][gc,stats    ]      Memory: Page Cache Miss                                   0 / 0                 2 / 471               2 / 471               2 / 471         ops/s
[320.130s][info][gc,stats    ]      Memory: Uncommit                                          0 / 0                 0 / 0                 0 / 0                 0 / 0           MB/s
[320.130s][info][gc,stats    ]      Memory: Undo Object Allocation Failed                     0 / 0                 0 / 5                 0 / 5                 0 / 5           ops/s
[320.130s][info][gc,stats    ]      Memory: Undo Object Allocation Succeeded                 22 / 57               21 / 124              21 / 124              21 / 124         ops/s
[320.130s][info][gc,stats    ]      Memory: Undo Page Allocation                              1 / 3                 0 / 23                0 / 23                0 / 23          ops/s
[320.130s][info][gc,stats    ]       Phase: Concurrent Mark                              17.854 / 25.328       20.268 / 549.801      20.268 / 549.801      20.268 / 549.801     ms
[320.130s][info][gc,stats    ]       Phase: Concurrent Mark Continue                      0.000 / 0.000         0.000 / 0.000         0.000 / 0.000         0.000 / 0.000       ms
[320.130s][info][gc,stats    ]       Phase: Concurrent Mark Free                          0.001 / 0.002         0.001 / 0.008         0.001 / 0.008         0.001 / 0.008       ms
[320.130s][info][gc,stats    ]       Phase: Concurrent Process Non-Strong References     65.003 / 93.201       47.225 / 237.767      47.225 / 237.767      47.225 / 237.767     ms
[320.130s][info][gc,stats    ]       Phase: Concurrent Relocate                           2.186 / 4.315         2.519 / 10.088        2.519 / 10.088        2.519 / 10.088      ms
[320.130s][info][gc,stats    ]       Phase: Concurrent Reset Relocation Set               0.014 / 0.021         0.015 / 0.027         0.015 / 0.027         0.015 / 0.027       ms
[320.130s][info][gc,stats    ]       Phase: Concurrent Select Relocation Set              4.331 / 5.053         4.636 / 22.887        4.636 / 22.887        4.636 / 22.887      ms
[320.130s][info][gc,stats    ]       Phase: Pause Mark End                                0.018 / 0.019         0.019 / 0.070         0.019 / 0.070         0.019 / 0.070       ms
[320.130s][info][gc,stats    ]       Phase: Pause Mark Start                              0.013 / 0.017         0.013 / 0.022         0.013 / 0.022         0.013 / 0.022       ms
[320.130s][info][gc,stats    ]       Phase: Pause Relocate Start                          0.008 / 0.009         0.008 / 0.019         0.008 / 0.019         0.008 / 0.019       ms
[320.130s][info][gc,stats    ]    Subphase: Concurrent Classes Purge                      0.006 / 0.008         0.050 / 5.118         0.050 / 5.118         0.050 / 5.118       ms
[320.130s][info][gc,stats    ]    Subphase: Concurrent Classes Unlink                     1.069 / 1.606         3.172 / 7.490         3.172 / 7.490         3.172 / 7.490       ms
[320.130s][info][gc,stats    ]    Subphase: Concurrent Mark                              11.489 / 24.233        9.005 / 114.854       9.005 / 114.854       9.005 / 114.854     ms
[320.130s][info][gc,stats    ]    Subphase: Concurrent Mark Try Flush                     0.091 / 0.180         0.483 / 80.795        0.483 / 80.795        0.483 / 80.795      ms
[320.130s][info][gc,stats    ]    Subphase: Concurrent Mark Try Terminate                 3.364 / 12.298        2.393 / 15.651        2.393 / 15.651        2.393 / 15.651      ms
[320.130s][info][gc,stats    ]    Subphase: Concurrent References Enqueue                 0.001 / 0.001         0.001 / 0.007         0.001 / 0.007         0.001 / 0.007       ms
[320.130s][info][gc,stats    ]    Subphase: Concurrent References Process                 0.095 / 0.144         0.094 / 0.196         0.094 / 0.196         0.094 / 0.196       ms
[320.130s][info][gc,stats    ]    Subphase: Concurrent Roots ClassLoaderDataGraph         0.077 / 0.317         0.080 / 0.923         0.080 / 0.923         0.080 / 0.923       ms
[320.130s][info][gc,stats    ]    Subphase: Concurrent Roots CodeCache                    0.000 / 0.000         0.000 / 0.000         0.000 / 0.000         0.000 / 0.000       ms
[320.130s][info][gc,stats    ]    Subphase: Concurrent Roots JavaThreads                  0.204 / 0.681         0.667 / 473.279       0.667 / 473.279       0.667 / 473.279     ms
[320.130s][info][gc,stats    ]    Subphase: Concurrent Roots OopStorageSet                0.031 / 0.115         0.058 / 1.317         0.058 / 1.317         0.058 / 1.317       ms
[320.131s][info][gc,stats    ]    Subphase: Concurrent Weak Roots OopStorageSet          22.573 / 91.290       13.381 / 95.255       13.381 / 95.255       13.381 / 95.255      ms
[320.131s][info][gc,stats    ]    Subphase: Pause Mark Try Complete                       0.000 / 0.000         0.003 / 0.007         0.003 / 0.007         0.003 / 0.007       ms
[320.131s][info][gc,stats    ]      System: Java Threads                                     51 / 60               52 / 73               52 / 73               52 / 73          threads
[320.131s][info][gc,stats    ] =========================================================================================================================================================
[320.131s][info][gc,start    ] GC(229) Garbage Collection (Allocation Rate)
[320.131s][info][gc,task     ] GC(229) Using 1 workers
[320.131s][info][gc,phases   ] GC(229) Pause Mark Start 0.011ms
[320.153s][info][gc,phases   ] GC(229) Concurrent Mark 22.287ms
[320.153s][info][gc,phases   ] GC(229) Pause Mark End 0.020ms
[320.153s][info][gc,phases   ] GC(229) Concurrent Mark Free 0.002ms
[320.235s][info][gc,phases   ] GC(229) Concurrent Process Non-Strong References 81.709ms
[320.235s][info][gc,phases   ] GC(229) Concurrent Reset Relocation Set 0.015ms
[320.239s][info][gc,phases   ] GC(229) Concurrent Select Relocation Set 4.180ms
[320.240s][info][gc,phases   ] GC(229) Pause Relocate Start 0.009ms
[320.241s][info][gc,phases   ] GC(229) Concurrent Relocate 1.639ms
[320.241s][info][gc,load     ] GC(229) Load: 0.00/0.00/0.00
[320.241s][info][gc,mmu      ] GC(229) MMU: 2ms/96.5%, 5ms/98.6%, 10ms/99.3%, 20ms/99.6%, 50ms/99.8%, 100ms/99.9%
[320.241s][info][gc,marking  ] GC(229) Mark: 1 stripe(s), 2 proactive flush(es), 1 terminate flush(es), 0 completion(s), 0 continuation(s) 
[320.241s][info][gc,marking  ] GC(229) Mark Stack Usage: 32M
[320.242s][info][gc,nmethod  ] GC(229) NMethods: 718 registered, 0 unregistered
[320.242s][info][gc,metaspace] GC(229) Metaspace: 13M used, 14M committed, 1088M reserved
[320.242s][info][gc,ref      ] GC(229) Soft: 211 encountered, 0 discovered, 0 enqueued
[320.242s][info][gc,ref      ] GC(229) Weak: 723 encountered, 439 discovered, 0 enqueued
[320.242s][info][gc,ref      ] GC(229) Final: 0 encountered, 0 discovered, 0 enqueued
[320.242s][info][gc,ref      ] GC(229) Phantom: 59 encountered, 46 discovered, 0 enqueued
[320.242s][info][gc,reloc    ] GC(229) Small Pages: 1457 / 2914M, Empty: 2652M, Relocated: 3M, In-Place: 0
[320.242s][info][gc,reloc    ] GC(229) Medium Pages: 0 / 0M, Empty: 0M, Relocated: 0M, In-Place: 0
[320.242s][info][gc,reloc    ] GC(229) Large Pages: 0 / 0M, Empty: 0M, Relocated: 0M, In-Place: 0
[320.242s][info][gc,reloc    ] GC(229) Forwarding Usage: 0M
[320.242s][info][gc,heap     ] GC(229) Min Capacity: 8M(0%)
[320.242s][info][gc,heap     ] GC(229) Max Capacity: 4096M(100%)
[320.242s][info][gc,heap     ] GC(229) Soft Max Capacity: 4096M(100%)
[320.242s][info][gc,heap     ] GC(229)                Mark Start          Mark End        Relocate Start      Relocate End           High               Low         
[320.242s][info][gc,heap     ] GC(229)  Capacity:     3862M (94%)        3862M (94%)        3862M (94%)        3862M (94%)        3862M (94%)        3862M (94%)    
[320.242s][info][gc,heap     ] GC(229)      Free:     1182M (29%)        1088M (27%)        3564M (87%)        3806M (93%)        3806M (93%)         918M (22%)    
[320.242s][info][gc,heap     ] GC(229)      Used:     2914M (71%)        3008M (73%)         532M (13%)         290M (7%)         3178M (78%)         290M (7%)     
[320.242s][info][gc,heap     ] GC(229)      Live:         -                 9M (0%)            9M (0%)            9M (0%)             -                  -          
[320.242s][info][gc,heap     ] GC(229) Allocated:         -                94M (2%)          270M (7%)          278M (7%)             -                  -          
[320.242s][info][gc,heap     ] GC(229)   Garbage:         -              2904M (71%)         252M (6%)            2M (0%)             -                  -          
[320.242s][info][gc,heap     ] GC(229) Reclaimed:         -                  -              2652M (65%)        2902M (71%)            -                  -          
[320.242s][info][gc          ] GC(229) Garbage Collection (Allocation Rate) 2914M(71%)->290M(7%)
[321.930s][info][gc,start    ] GC(230) Garbage Collection (Allocation Rate)
[321.930s][info][gc,task     ] GC(230) Using 1 workers
[321.930s][info][gc,phases   ] GC(230) Pause Mark Start 0.013ms
[321.950s][info][gc,phases   ] GC(230) Concurrent Mark 19.186ms
[321.950s][info][gc,phases   ] GC(230) Pause Mark End 0.018ms
[321.950s][info][gc,phases   ] GC(230) Concurrent Mark Free 0.001ms
[322.042s][info][gc,phases   ] GC(230) Concurrent Process Non-Strong References 91.917ms
[322.042s][info][gc,phases   ] GC(230) Concurrent Reset Relocation Set 0.013ms
[322.047s][info][gc,phases   ] GC(230) Concurrent Select Relocation Set 5.154ms
[322.047s][info][gc,phases   ] GC(230) Pause Relocate Start 0.009ms
[322.051s][info][gc,phases   ] GC(230) Concurrent Relocate 3.560ms
[322.051s][info][gc,load     ] GC(230) Load: 0.00/0.00/0.00
[322.051s][info][gc,mmu      ] GC(230) MMU: 2ms/96.5%, 5ms/98.6%, 10ms/99.3%, 20ms/99.6%, 50ms/99.8%, 100ms/99.9%
[322.051s][info][gc,marking  ] GC(230) Mark: 1 stripe(s), 2 proactive flush(es), 1 terminate flush(es), 0 completion(s), 0 continuation(s) 
[322.051s][info][gc,marking  ] GC(230) Mark Stack Usage: 32M
[322.051s][info][gc,nmethod  ] GC(230) NMethods: 718 registered, 0 unregistered
[322.051s][info][gc,metaspace] GC(230) Metaspace: 13M used, 14M committed, 1088M reserved
[322.051s][info][gc,ref      ] GC(230) Soft: 211 encountered, 0 discovered, 0 enqueued
[322.051s][info][gc,ref      ] GC(230) Weak: 723 encountered, 439 discovered, 0 enqueued
[322.051s][info][gc,ref      ] GC(230) Final: 0 encountered, 0 discovered, 0 enqueued
[322.051s][info][gc,ref      ] GC(230) Phantom: 59 encountered, 46 discovered, 0 enqueued
[322.051s][info][gc,reloc    ] GC(230) Small Pages: 1686 / 3372M, Empty: 3098M, Relocated: 3M, In-Place: 0
[322.051s][info][gc,reloc    ] GC(230) Medium Pages: 0 / 0M, Empty: 0M, Relocated: 0M, In-Place: 0
[322.051s][info][gc,reloc    ] GC(230) Large Pages: 0 / 0M, Empty: 0M, Relocated: 0M, In-Place: 0
[322.051s][info][gc,reloc    ] GC(230) Forwarding Usage: 0M
[322.051s][info][gc,heap     ] GC(230) Min Capacity: 8M(0%)
[322.051s][info][gc,heap     ] GC(230) Max Capacity: 4096M(100%)
[322.051s][info][gc,heap     ] GC(230) Soft Max Capacity: 4096M(100%)
[322.051s][info][gc,heap     ] GC(230)                Mark Start          Mark End        Relocate Start      Relocate End           High               Low         
[322.051s][info][gc,heap     ] GC(230)  Capacity:     3862M (94%)        3862M (94%)        3862M (94%)        3862M (94%)        3862M (94%)        3862M (94%)    
[322.051s][info][gc,heap     ] GC(230)      Free:      724M (18%)         630M (15%)        3552M (87%)        3810M (93%)        3810M (93%)         456M (11%)    
[322.051s][info][gc,heap     ] GC(230)      Used:     3372M (82%)        3466M (85%)         544M (13%)         286M (7%)         3640M (89%)         286M (7%)     
[322.051s][info][gc,heap     ] GC(230)      Live:         -                 9M (0%)            9M (0%)            9M (0%)             -                  -          
[322.051s][info][gc,heap     ] GC(230) Allocated:         -                94M (2%)          270M (7%)          274M (7%)             -                  -          
[322.051s][info][gc,heap     ] GC(230)   Garbage:         -              3362M (82%)         264M (6%)            2M (0%)             -                  -          
[322.051s][info][gc,heap     ] GC(230) Reclaimed:         -                  -              3098M (76%)        3360M (82%)            -                  -          
[322.051s][info][gc          ] GC(230) Garbage Collection (Allocation Rate) 3372M(82%)->286M(7%)
[323.431s][info][gc,start    ] GC(231) Garbage Collection (Proactive)
[323.431s][info][gc,task     ] GC(231) Using 12 workers
[323.431s][info][gc,phases   ] GC(231) Pause Mark Start 0.014ms
[323.436s][info][gc,phases   ] GC(231) Concurrent Mark 4.644ms
[323.436s][info][gc,phases   ] GC(231) Pause Mark End 0.019ms
[323.436s][info][gc,phases   ] GC(231) Concurrent Mark Free 0.001ms
[323.444s][info][gc,phases   ] GC(231) Concurrent Process Non-Strong References 8.279ms
[323.444s][info][gc,phases   ] GC(231) Concurrent Reset Relocation Set 0.019ms
[323.449s][info][gc,phases   ] GC(231) Concurrent Select Relocation Set 4.853ms
[323.449s][info][gc,phases   ] GC(231) Pause Relocate Start 0.005ms
[323.451s][info][gc,phases   ] GC(231) Concurrent Relocate 1.635ms
[323.451s][info][gc,load     ] GC(231) Load: 0.00/0.00/0.00
[323.451s][info][gc,mmu      ] GC(231) MMU: 2ms/96.5%, 5ms/98.6%, 10ms/99.3%, 20ms/99.6%, 50ms/99.8%, 100ms/99.9%
[323.451s][info][gc,marking  ] GC(231) Mark: 8 stripe(s), 2 proactive flush(es), 1 terminate flush(es), 0 completion(s), 0 continuation(s) 
[323.451s][info][gc,marking  ] GC(231) Mark Stack Usage: 32M
[323.451s][info][gc,nmethod  ] GC(231) NMethods: 718 registered, 0 unregistered
[323.451s][info][gc,metaspace] GC(231) Metaspace: 13M used, 14M committed, 1088M reserved
[323.451s][info][gc,ref      ] GC(231) Soft: 211 encountered, 0 discovered, 0 enqueued
[323.451s][info][gc,ref      ] GC(231) Weak: 723 encountered, 81 discovered, 0 enqueued
[323.451s][info][gc,ref      ] GC(231) Final: 0 encountered, 0 discovered, 0 enqueued
[323.451s][info][gc,ref      ] GC(231) Phantom: 59 encountered, 42 discovered, 0 enqueued
[323.451s][info][gc,reloc    ] GC(231) Small Pages: 1486 / 2972M, Empty: 2710M, Relocated: 3M, In-Place: 0
[323.451s][info][gc,reloc    ] GC(231) Medium Pages: 0 / 0M, Empty: 0M, Relocated: 0M, In-Place: 0
[323.451s][info][gc,reloc    ] GC(231) Large Pages: 0 / 0M, Empty: 0M, Relocated: 0M, In-Place: 0
[323.451s][info][gc,reloc    ] GC(231) Forwarding Usage: 0M
[323.451s][info][gc,heap     ] GC(231) Min Capacity: 8M(0%)
[323.451s][info][gc,heap     ] GC(231) Max Capacity: 4096M(100%)
[323.451s][info][gc,heap     ] GC(231) Soft Max Capacity: 4096M(100%)
[323.451s][info][gc,heap     ] GC(231)                Mark Start          Mark End        Relocate Start      Relocate End           High               Low         
[323.451s][info][gc,heap     ] GC(231)  Capacity:     3862M (94%)        3862M (94%)        3862M (94%)        3862M (94%)        3862M (94%)        3862M (94%)    
[323.451s][info][gc,heap     ] GC(231)      Free:     1124M (27%)        1052M (26%)        3752M (92%)        3968M (97%)        3968M (97%)        1044M (25%)    
[323.451s][info][gc,heap     ] GC(231)      Used:     2972M (73%)        3044M (74%)         344M (8%)          128M (3%)         3052M (75%)         128M (3%)     
[323.451s][info][gc,heap     ] GC(231)      Live:         -                 9M (0%)            9M (0%)            9M (0%)             -                  -          
[323.451s][info][gc,heap     ] GC(231) Allocated:         -                72M (2%)           82M (2%)           94M (2%)             -                  -          
[323.451s][info][gc,heap     ] GC(231)   Garbage:         -              2962M (72%)         252M (6%)           23M (1%)             -                  -          
[323.451s][info][gc,heap     ] GC(231) Reclaimed:         -                  -              2710M (66%)        2938M (72%)            -                  -          
[323.451s][info][gc          ] GC(231) Garbage Collection (Proactive) 2972M(73%)->128M(3%)
[324.929s][info][gc,start    ] GC(232) Garbage Collection (Proactive)
[324.930s][info][gc,task     ] GC(232) Using 12 workers
[324.930s][info][gc,phases   ] GC(232) Pause Mark Start 0.014ms
[324.934s][info][gc,phases   ] GC(232) Concurrent Mark 4.569ms
[324.935s][info][gc,phases   ] GC(232) Pause Mark End 0.017ms
[324.935s][info][gc,phases   ] GC(232) Concurrent Mark Free 0.001ms
[324.944s][info][gc,phases   ] GC(232) Concurrent Process Non-Strong References 9.318ms
[324.944s][info][gc,phases   ] GC(232) Concurrent Reset Relocation Set 0.016ms
[324.949s][info][gc,phases   ] GC(232) Concurrent Select Relocation Set 4.957ms
[324.949s][info][gc,phases   ] GC(232) Pause Relocate Start 0.007ms
[324.951s][info][gc,phases   ] GC(232) Concurrent Relocate 1.319ms
[324.951s][info][gc,load     ] GC(232) Load: 0.00/0.00/0.00
[324.951s][info][gc,mmu      ] GC(232) MMU: 2ms/96.5%, 5ms/98.6%, 10ms/99.3%, 20ms/99.6%, 50ms/99.8%, 100ms/99.9%
[324.951s][info][gc,marking  ] GC(232) Mark: 8 stripe(s), 3 proactive flush(es), 1 terminate flush(es), 0 completion(s), 0 continuation(s) 
[324.951s][info][gc,marking  ] GC(232) Mark Stack Usage: 32M
[324.951s][info][gc,nmethod  ] GC(232) NMethods: 718 registered, 0 unregistered
[324.951s][info][gc,metaspace] GC(232) Metaspace: 13M used, 14M committed, 1088M reserved
[324.951s][info][gc,ref      ] GC(232) Soft: 211 encountered, 0 discovered, 0 enqueued
[324.951s][info][gc,ref      ] GC(232) Weak: 723 encountered, 266 discovered, 0 enqueued
[324.951s][info][gc,ref      ] GC(232) Final: 0 encountered, 0 discovered, 0 enqueued
[324.951s][info][gc,ref      ] GC(232) Phantom: 59 encountered, 43 discovered, 0 enqueued
[324.951s][info][gc,reloc    ] GC(232) Small Pages: 1508 / 3016M, Empty: 2730M, Relocated: 3M, In-Place: 0
[324.951s][info][gc,reloc    ] GC(232) Medium Pages: 0 / 0M, Empty: 0M, Relocated: 0M, In-Place: 0
[324.951s][info][gc,reloc    ] GC(232) Large Pages: 0 / 0M, Empty: 0M, Relocated: 0M, In-Place: 0
[324.951s][info][gc,reloc    ] GC(232) Forwarding Usage: 0M
[324.951s][info][gc,heap     ] GC(232) Min Capacity: 8M(0%)
[324.951s][info][gc,heap     ] GC(232) Max Capacity: 4096M(100%)
[324.951s][info][gc,heap     ] GC(232) Soft Max Capacity: 4096M(100%)
[324.951s][info][gc,heap     ] GC(232)                Mark Start          Mark End        Relocate Start      Relocate End           High               Low         
[324.951s][info][gc,heap     ] GC(232)  Capacity:     3862M (94%)        3862M (94%)        3862M (94%)        3862M (94%)        3862M (94%)        3862M (94%)    
[324.951s][info][gc,heap     ] GC(232)      Free:     1080M (26%)         994M (24%)        3714M (91%)        3968M (97%)        3968M (97%)         986M (24%)    
[324.951s][info][gc,heap     ] GC(232)      Used:     3016M (74%)        3102M (76%)         382M (9%)          128M (3%)         3110M (76%)         128M (3%)     
[324.951s][info][gc,heap     ] GC(232)      Live:         -                 9M (0%)            9M (0%)            9M (0%)             -                  -          
[324.951s][info][gc,heap     ] GC(232) Allocated:         -                86M (2%)           96M (2%)           94M (2%)             -                  -          
[324.951s][info][gc,heap     ] GC(232)   Garbage:         -              3006M (73%)         276M (7%)           23M (1%)             -                  -          
[324.951s][info][gc,heap     ] GC(232) Reclaimed:         -                  -              2730M (67%)        2982M (73%)            -                  -          
[324.951s][info][gc          ] GC(232) Garbage Collection (Proactive) 3016M(74%)->128M(3%)
[326.330s][info][gc,start    ] GC(233) Garbage Collection (Proactive)
[326.330s][info][gc,task     ] GC(233) Using 12 workers
[326.330s][info][gc,phases   ] GC(233) Pause Mark Start 0.012ms
[326.335s][info][gc,phases   ] GC(233) Concurrent Mark 5.615ms
[326.336s][info][gc,phases   ] GC(233) Pause Mark End 0.018ms
[326.336s][info][gc,phases   ] GC(233) Concurrent Mark Free 0.001ms
[326.344s][info][gc,phases   ] GC(233) Concurrent Process Non-Strong References 7.920ms
[326.344s][info][gc,phases   ] GC(233) Concurrent Reset Relocation Set 0.019ms
[326.349s][info][gc,phases   ] GC(233) Concurrent Select Relocation Set 4.984ms
[326.349s][info][gc,phases   ] GC(233) Pause Relocate Start 0.006ms
[326.352s][info][gc,phases   ] GC(233) Concurrent Relocate 3.059ms
[326.352s][info][gc,load     ] GC(233) Load: 0.00/0.00/0.00
[326.352s][info][gc,mmu      ] GC(233) MMU: 2ms/96.5%, 5ms/98.6%, 10ms/99.3%, 20ms/99.6%, 50ms/99.8%, 100ms/99.9%
[326.352s][info][gc,marking  ] GC(233) Mark: 8 stripe(s), 3 proactive flush(es), 1 terminate flush(es), 0 completion(s), 0 continuation(s) 
[326.352s][info][gc,marking  ] GC(233) Mark Stack Usage: 32M
[326.352s][info][gc,nmethod  ] GC(233) NMethods: 718 registered, 0 unregistered
[326.352s][info][gc,metaspace] GC(233) Metaspace: 13M used, 14M committed, 1088M reserved
[326.352s][info][gc,ref      ] GC(233) Soft: 211 encountered, 0 discovered, 0 enqueued
[326.352s][info][gc,ref      ] GC(233) Weak: 723 encountered, 116 discovered, 0 enqueued
[326.352s][info][gc,ref      ] GC(233) Final: 0 encountered, 0 discovered, 0 enqueued
[326.352s][info][gc,ref      ] GC(233) Phantom: 59 encountered, 42 discovered, 0 enqueued
[326.352s][info][gc,reloc    ] GC(233) Small Pages: 1472 / 2944M, Empty: 2662M, Relocated: 5M, In-Place: 0
[326.352s][info][gc,reloc    ] GC(233) Medium Pages: 0 / 0M, Empty: 0M, Relocated: 0M, In-Place: 0
[326.352s][info][gc,reloc    ] GC(233) Large Pages: 0 / 0M, Empty: 0M, Relocated: 0M, In-Place: 0
[326.352s][info][gc,reloc    ] GC(233) Forwarding Usage: 0M
[326.352s][info][gc,heap     ] GC(233) Min Capacity: 8M(0%)
[326.352s][info][gc,heap     ] GC(233) Max Capacity: 4096M(100%)
[326.352s][info][gc,heap     ] GC(233) Soft Max Capacity: 4096M(100%)
[326.352s][info][gc,heap     ] GC(233)                Mark Start          Mark End        Relocate Start      Relocate End           High               Low         
[326.352s][info][gc,heap     ] GC(233)  Capacity:     3862M (94%)        3862M (94%)        3862M (94%)        3862M (94%)        3862M (94%)        3862M (94%)    
[326.352s][info][gc,heap     ] GC(233)      Free:     1152M (28%)        1058M (26%)        3718M (91%)        3966M (97%)        3966M (97%)        1058M (26%)    
[326.352s][info][gc,heap     ] GC(233)      Used:     2944M (72%)        3038M (74%)         378M (9%)          130M (3%)         3038M (74%)         130M (3%)     
[326.352s][info][gc,heap     ] GC(233)      Live:         -                 9M (0%)            9M (0%)            9M (0%)             -                  -          
[326.352s][info][gc,heap     ] GC(233) Allocated:         -                94M (2%)           96M (2%)           98M (2%)             -                  -          
[326.352s][info][gc,heap     ] GC(233)   Garbage:         -              2934M (72%)         272M (7%)           21M (1%)             -                  -          
[326.352s][info][gc,heap     ] GC(233) Reclaimed:         -                  -              2662M (65%)        2912M (71%)            -                  -          
[326.352s][info][gc          ] GC(233) Garbage Collection (Proactive) 2944M(72%)->130M(3%)
[327.730s][info][gc,start    ] GC(234) Garbage Collection (Proactive)
[327.730s][info][gc,task     ] GC(234) Using 12 workers
[327.730s][info][gc,phases   ] GC(234) Pause Mark Start 0.013ms
[327.737s][info][gc,phases   ] GC(234) Concurrent Mark 6.348ms
[327.737s][info][gc,phases   ] GC(234) Pause Mark End 0.019ms
[327.737s][info][gc,phases   ] GC(234) Concurrent Mark Free 0.001ms
[327.747s][info][gc,phases   ] GC(234) Concurrent Process Non-Strong References 9.945ms
[327.747s][info][gc,phases   ] GC(234) Concurrent Reset Relocation Set 0.022ms
[327.752s][info][gc,phases   ] GC(234) Concurrent Select Relocation Set 4.788ms
[327.752s][info][gc,phases   ] GC(234) Pause Relocate Start 0.007ms
[327.757s][info][gc,phases   ] GC(234) Concurrent Relocate 4.855ms
[327.757s][info][gc,load     ] GC(234) Load: 0.00/0.00/0.00
[327.757s][info][gc,mmu      ] GC(234) MMU: 2ms/96.5%, 5ms/98.6%, 10ms/99.3%, 20ms/99.6%, 50ms/99.8%, 100ms/99.9%
[327.757s][info][gc,marking  ] GC(234) Mark: 8 stripe(s), 4 proactive flush(es), 1 terminate flush(es), 0 completion(s), 0 continuation(s) 
[327.757s][info][gc,marking  ] GC(234) Mark Stack Usage: 32M
[327.757s][info][gc,nmethod  ] GC(234) NMethods: 718 registered, 0 unregistered
[327.757s][info][gc,metaspace] GC(234) Metaspace: 13M used, 14M committed, 1088M reserved
[327.757s][info][gc,ref      ] GC(234) Soft: 211 encountered, 0 discovered, 0 enqueued
[327.757s][info][gc,ref      ] GC(234) Weak: 717 encountered, 77 discovered, 0 enqueued
[327.757s][info][gc,ref      ] GC(234) Final: 0 encountered, 0 discovered, 0 enqueued
[327.757s][info][gc,ref      ] GC(234) Phantom: 59 encountered, 42 discovered, 0 enqueued
[327.757s][info][gc,reloc    ] GC(234) Small Pages: 1410 / 2820M, Empty: 2542M, Relocated: 5M, In-Place: 0
[327.757s][info][gc,reloc    ] GC(234) Medium Pages: 0 / 0M, Empty: 0M, Relocated: 0M, In-Place: 0
[327.757s][info][gc,reloc    ] GC(234) Large Pages: 0 / 0M, Empty: 0M, Relocated: 0M, In-Place: 0
[327.757s][info][gc,reloc    ] GC(234) Forwarding Usage: 0M
[327.757s][info][gc,heap     ] GC(234) Min Capacity: 8M(0%)
[327.757s][info][gc,heap     ] GC(234) Max Capacity: 4096M(100%)
[327.757s][info][gc,heap     ] GC(234) Soft Max Capacity: 4096M(100%)
[327.757s][info][gc,heap     ] GC(234)                Mark Start          Mark End        Relocate Start      Relocate End           High               Low         
[327.757s][info][gc,heap     ] GC(234)  Capacity:     3862M (94%)        3862M (94%)        3862M (94%)        3862M (94%)        3862M (94%)        3862M (94%)    
[327.757s][info][gc,heap     ] GC(234)      Free:     1276M (31%)        1184M (29%)        3724M (91%)        3970M (97%)        3970M (97%)        1182M (29%)    
[327.757s][info][gc,heap     ] GC(234)      Used:     2820M (69%)        2912M (71%)         372M (9%)          126M (3%)         2914M (71%)         126M (3%)     
[327.757s][info][gc,heap     ] GC(234)      Live:         -                10M (0%)           10M (0%)           10M (0%)             -                  -          
[327.757s][info][gc,heap     ] GC(234) Allocated:         -                92M (2%)           94M (2%)           94M (2%)             -                  -          
[327.757s][info][gc,heap     ] GC(234)   Garbage:         -              2809M (69%)         267M (7%)           21M (1%)             -                  -          
[327.757s][info][gc,heap     ] GC(234) Reclaimed:         -                  -              2542M (62%)        2788M (68%)            -                  -          
[327.757s][info][gc          ] GC(234) Garbage Collection (Proactive) 2820M(69%)->126M(3%)
[328.743s][info][gc,start    ] GC(235) Garbage Collection (System.gc())
[328.743s][info][gc,task     ] GC(235) Using 12 workers
[328.744s][info][gc,phases   ] GC(235) Pause Mark Start 0.012ms
[328.757s][info][gc,phases   ] GC(235) Concurrent Mark 13.886ms
[328.758s][info][gc,phases   ] GC(235) Pause Mark End 0.014ms
[328.758s][info][gc,phases   ] GC(235) Concurrent Mark Free 0.001ms
[328.768s][info][gc,phases   ] GC(235) Concurrent Process Non-Strong References 10.276ms
[328.768s][info][gc,phases   ] GC(235) Concurrent Reset Relocation Set 0.016ms
[328.774s][info][gc,phases   ] GC(235) Concurrent Select Relocation Set 5.819ms
[328.774s][info][gc,phases   ] GC(235) Pause Relocate Start 0.005ms
[328.777s][info][gc,phases   ] GC(235) Concurrent Relocate 3.255ms
[328.777s][info][gc,load     ] GC(235) Load: 0.00/0.00/0.00
[328.777s][info][gc,mmu      ] GC(235) MMU: 2ms/96.5%, 5ms/98.6%, 10ms/99.3%, 20ms/99.6%, 50ms/99.8%, 100ms/99.9%
[328.777s][info][gc,marking  ] GC(235) Mark: 8 stripe(s), 4 proactive flush(es), 1 terminate flush(es), 0 completion(s), 0 continuation(s) 
[328.777s][info][gc,marking  ] GC(235) Mark Stack Usage: 32M
[328.777s][info][gc,nmethod  ] GC(235) NMethods: 718 registered, 0 unregistered
[328.777s][info][gc,metaspace] GC(235) Metaspace: 13M used, 14M committed, 1088M reserved
[328.778s][info][gc,ref      ] GC(235) Soft: 211 encountered, 0 discovered, 0 enqueued
[328.778s][info][gc,ref      ] GC(235) Weak: 623 encountered, 58 discovered, 0 enqueued
[328.778s][info][gc,ref      ] GC(235) Final: 0 encountered, 0 discovered, 0 enqueued
[328.778s][info][gc,ref      ] GC(235) Phantom: 59 encountered, 37 discovered, 0 enqueued
[328.778s][info][gc,reloc    ] GC(235) Small Pages: 1116 / 2232M, Empty: 2172M, Relocated: 3M, In-Place: 0
[328.778s][info][gc,reloc    ] GC(235) Medium Pages: 0 / 0M, Empty: 0M, Relocated: 0M, In-Place: 0
[328.778s][info][gc,reloc    ] GC(235) Large Pages: 0 / 0M, Empty: 0M, Relocated: 0M, In-Place: 0
[328.778s][info][gc,reloc    ] GC(235) Forwarding Usage: 1M
[328.778s][info][gc,heap     ] GC(235) Min Capacity: 8M(0%)
[328.778s][info][gc,heap     ] GC(235) Max Capacity: 4096M(100%)
[328.778s][info][gc,heap     ] GC(235) Soft Max Capacity: 4096M(100%)
[328.778s][info][gc,heap     ] GC(235)                Mark Start          Mark End        Relocate Start      Relocate End           High               Low         
[328.778s][info][gc,heap     ] GC(235)  Capacity:     3862M (94%)        3862M (94%)        3862M (94%)        3862M (94%)        3862M (94%)        3862M (94%)    
[328.778s][info][gc,heap     ] GC(235)      Free:     1864M (46%)        1864M (46%)        4036M (99%)        4068M (99%)        4068M (99%)        1864M (46%)    
[328.778s][info][gc,heap     ] GC(235)      Used:     2232M (54%)        2232M (54%)          60M (1%)           28M (1%)         2232M (54%)          28M (1%)     
[328.778s][info][gc,heap     ] GC(235)      Live:         -                 6M (0%)            6M (0%)            6M (0%)             -                  -          
[328.778s][info][gc,heap     ] GC(235) Allocated:         -                 0M (0%)            0M (0%)            0M (0%)             -                  -          
[328.778s][info][gc,heap     ] GC(235)   Garbage:         -              2225M (54%)          53M (1%)           21M (1%)             -                  -          
[328.778s][info][gc,heap     ] GC(235) Reclaimed:         -                  -              2172M (53%)        2204M (54%)            -                  -          
[328.778s][info][gc          ] GC(235) Garbage Collection (System.gc()) 2232M(54%)->28M(1%)
[329.930s][info][gc,start    ] GC(236) Garbage Collection (Allocation Rate)
[329.930s][info][gc,task     ] GC(236) Using 1 workers
[329.930s][info][gc,phases   ] GC(236) Pause Mark Start 0.012ms
[329.954s][info][gc,phases   ] GC(236) Concurrent Mark 24.267ms
[329.955s][info][gc,phases   ] GC(236) Pause Mark End 0.019ms
[329.955s][info][gc,phases   ] GC(236) Concurrent Mark Free 0.001ms
[330.050s][info][gc,phases   ] GC(236) Concurrent Process Non-Strong References 95.305ms
[330.050s][info][gc,phases   ] GC(236) Concurrent Reset Relocation Set 0.005ms
[330.054s][info][gc,phases   ] GC(236) Concurrent Select Relocation Set 4.151ms
[330.054s][info][gc,phases   ] GC(236) Pause Relocate Start 0.009ms
[330.056s][info][gc,phases   ] GC(236) Concurrent Relocate 1.383ms
[330.056s][info][gc,load     ] GC(236) Load: 0.00/0.00/0.00
[330.056s][info][gc,mmu      ] GC(236) MMU: 2ms/96.5%, 5ms/98.6%, 10ms/99.3%, 20ms/99.6%, 50ms/99.8%, 100ms/99.9%
[330.056s][info][gc,marking  ] GC(236) Mark: 1 stripe(s), 2 proactive flush(es), 1 terminate flush(es), 0 completion(s), 0 continuation(s) 
[330.056s][info][gc,marking  ] GC(236) Mark Stack Usage: 32M
[330.056s][info][gc,nmethod  ] GC(236) NMethods: 696 registered, 23 unregistered
[330.056s][info][gc,metaspace] GC(236) Metaspace: 13M used, 14M committed, 1088M reserved
[330.056s][info][gc,ref      ] GC(236) Soft: 211 encountered, 0 discovered, 0 enqueued
[330.056s][info][gc,ref      ] GC(236) Weak: 729 encountered, 443 discovered, 2 enqueued
[330.056s][info][gc,ref      ] GC(236) Final: 0 encountered, 0 discovered, 0 enqueued
[330.056s][info][gc,ref      ] GC(236) Phantom: 59 encountered, 46 discovered, 0 enqueued
[330.056s][info][gc,reloc    ] GC(236) Small Pages: 1335 / 2670M, Empty: 2424M, Relocated: 2M, In-Place: 0
[330.056s][info][gc,reloc    ] GC(236) Medium Pages: 0 / 0M, Empty: 0M, Relocated: 0M, In-Place: 0
[330.056s][info][gc,reloc    ] GC(236) Large Pages: 0 / 0M, Empty: 0M, Relocated: 0M, In-Place: 0
[330.056s][info][gc,reloc    ] GC(236) Forwarding Usage: 0M
[330.056s][info][gc,heap     ] GC(236) Min Capacity: 8M(0%)
[330.056s][info][gc,heap     ] GC(236) Max Capacity: 4096M(100%)
[330.056s][info][gc,heap     ] GC(236) Soft Max Capacity: 4096M(100%)
[330.056s][info][gc,heap     ] GC(236)                Mark Start          Mark End        Relocate Start      Relocate End           High               Low         
[330.056s][info][gc,heap     ] GC(236)  Capacity:     3862M (94%)        3862M (94%)        3862M (94%)        3862M (94%)        3862M (94%)        3862M (94%)    
[330.056s][info][gc,heap     ] GC(236)      Free:     1426M (35%)        1334M (33%)        3524M (86%)        3726M (91%)        3726M (91%)        1122M (27%)    
[330.056s][info][gc,heap     ] GC(236)      Used:     2670M (65%)        2762M (67%)         572M (14%)         370M (9%)         2974M (73%)         370M (9%)     
[330.056s][info][gc,heap     ] GC(236)      Live:         -                 8M (0%)            8M (0%)            8M (0%)             -                  -          
[330.056s][info][gc,heap     ] GC(236) Allocated:         -                92M (2%)          326M (8%)          358M (9%)             -                  -          
[330.056s][info][gc,heap     ] GC(236)   Garbage:         -              2661M (65%)         237M (6%)            2M (0%)             -                  -          
[330.056s][info][gc,heap     ] GC(236) Reclaimed:         -                  -              2424M (59%)        2658M (65%)            -                  -          
[330.056s][info][gc          ] GC(236) Garbage Collection (Allocation Rate) 2670M(65%)->370M(9%)
[330.130s][info][gc,stats    ] === Garbage Collection Statistics =======================================================================================================================
[330.130s][info][gc,stats    ]                                                              Last 10s              Last 10m              Last 10h                Total
[330.130s][info][gc,stats    ]                                                              Avg / Max             Avg / Max             Avg / Max             Avg / Max
[330.130s][info][gc,stats    ]   Collector: Garbage Collection Cycle                     60.420 / 126.312      80.582 / 587.803      80.582 / 587.803      80.582 / 587.803     ms
[330.130s][info][gc,stats    ]  Contention: Mark Segment Reset Contention                     1 / 5                 1 / 26                1 / 26                1 / 26          ops/s
[330.130s][info][gc,stats    ]  Contention: Mark SeqNum Reset Contention                      0 / 2                 0 / 3                 0 / 3                 0 / 3           ops/s
[330.130s][info][gc,stats    ]    Critical: Allocation Stall                                  0 / 0                 0 / 0                 0 / 0                 0 / 0           ops/s
[330.130s][info][gc,stats    ]    Critical: Allocation Stall                              0.000 / 0.000         0.000 / 0.000         0.000 / 0.000         0.000 / 0.000       ms
[330.130s][info][gc,stats    ]    Critical: GC Locker Stall                                   0 / 0                 0 / 0                 0 / 0                 0 / 0           ops/s
[330.130s][info][gc,stats    ]    Critical: GC Locker Stall                               0.000 / 0.000         0.000 / 0.000         0.000 / 0.000         0.000 / 0.000       ms
[330.130s][info][gc,stats    ]    Critical: Relocation Stall                                  0 / 0                 0 / 0                 0 / 0                 0 / 0           ops/s
[330.130s][info][gc,stats    ]    Critical: Relocation Stall                              0.000 / 0.000         0.000 / 0.000         0.000 / 0.000         0.000 / 0.000       ms
[330.130s][info][gc,stats    ]      Memory: Allocation Rate                                2034 / 2284           1983 / 2322           1983 / 2322           1983 / 2322        MB/s
[330.131s][info][gc,stats    ]      Memory: Defragment                                        0 / 0                 0 / 0                 0 / 0                 0 / 0           ops/s
[330.131s][info][gc,stats    ]      Memory: Out Of Memory                                     0 / 0                 0 / 0                 0 / 0                 0 / 0           ops/s
[330.131s][info][gc,stats    ]      Memory: Page Cache Flush                                  0 / 0                 0 / 0                 0 / 0                 0 / 0           MB/s
[330.131s][info][gc,stats    ]      Memory: Page Cache Hit L1                              1023 / 1143            989 / 1162            989 / 1162            989 / 1162        ops/s
[330.131s][info][gc,stats    ]      Memory: Page Cache Hit L2                                 0 / 0                 0 / 0                 0 / 0                 0 / 0           ops/s
[330.131s][info][gc,stats    ]      Memory: Page Cache Hit L3                                 0 / 0                 3 / 448               3 / 448               3 / 448         ops/s
[330.131s][info][gc,stats    ]      Memory: Page Cache Miss                                   0 / 0                 2 / 471               2 / 471               2 / 471         ops/s
[330.131s][info][gc,stats    ]      Memory: Uncommit                                          0 / 0                 0 / 0                 0 / 0                 0 / 0           MB/s
[330.131s][info][gc,stats    ]      Memory: Undo Object Allocation Failed                     0 / 2                 0 / 5                 0 / 5                 0 / 5           ops/s
[330.131s][info][gc,stats    ]      Memory: Undo Object Allocation Succeeded                 21 / 59               21 / 124              21 / 124              21 / 124         ops/s
[330.131s][info][gc,stats    ]      Memory: Undo Page Allocation                              0 / 3                 0 / 23                0 / 23                0 / 23          ops/s
[330.131s][info][gc,stats    ]       Phase: Concurrent Mark                              12.600 / 24.267       20.009 / 549.801      20.009 / 549.801      20.009 / 549.801     ms
[330.131s][info][gc,stats    ]       Phase: Concurrent Mark Continue                      0.000 / 0.000         0.000 / 0.000         0.000 / 0.000         0.000 / 0.000       ms
[330.131s][info][gc,stats    ]       Phase: Concurrent Mark Free                          0.001 / 0.002         0.001 / 0.008         0.001 / 0.008         0.001 / 0.008       ms
[330.131s][info][gc,stats    ]       Phase: Concurrent Process Non-Strong References     39.334 / 95.305       46.959 / 237.767      46.959 / 237.767      46.959 / 237.767     ms
[330.131s][info][gc,stats    ]       Phase: Concurrent Relocate                           2.588 / 4.855         2.522 / 10.088        2.522 / 10.088        2.522 / 10.088      ms
[330.131s][info][gc,stats    ]       Phase: Concurrent Reset Relocation Set               0.015 / 0.022         0.015 / 0.027         0.015 / 0.027         0.015 / 0.027       ms
[330.131s][info][gc,stats    ]       Phase: Concurrent Select Relocation Set              4.861 / 5.819         4.643 / 22.887        4.643 / 22.887        4.643 / 22.887      ms
[330.131s][info][gc,stats    ]       Phase: Pause Mark End                                0.018 / 0.020         0.019 / 0.070         0.019 / 0.070         0.019 / 0.070       ms
[330.131s][info][gc,stats    ]       Phase: Pause Mark Start                              0.013 / 0.014         0.013 / 0.022         0.013 / 0.022         0.013 / 0.022       ms
[330.131s][info][gc,stats    ]       Phase: Pause Relocate Start                          0.007 / 0.009         0.008 / 0.019         0.008 / 0.019         0.008 / 0.019       ms
[330.131s][info][gc,stats    ]    Subphase: Concurrent Classes Purge                      0.029 / 0.193         0.049 / 5.118         0.049 / 5.118         0.049 / 5.118       ms
[330.131s][info][gc,stats    ]    Subphase: Concurrent Classes Unlink                     0.702 / 1.813         3.089 / 7.490         3.089 / 7.490         3.089 / 7.490       ms
[330.131s][info][gc,stats    ]    Subphase: Concurrent Mark                               6.915 / 22.977        8.903 / 114.854       8.903 / 114.854       8.903 / 114.854     ms
[330.131s][info][gc,stats    ]    Subphase: Concurrent Mark Try Flush                     0.089 / 0.191         0.467 / 80.795        0.467 / 80.795        0.467 / 80.795      ms
[330.131s][info][gc,stats    ]    Subphase: Concurrent Mark Try Terminate                 2.686 / 12.542        2.406 / 15.651        2.406 / 15.651        2.406 / 15.651      ms
[330.131s][info][gc,stats    ]    Subphase: Concurrent References Enqueue                 0.001 / 0.005         0.001 / 0.007         0.001 / 0.007         0.001 / 0.007       ms
[330.131s][info][gc,stats    ]    Subphase: Concurrent References Process                 0.063 / 0.151         0.093 / 0.196         0.093 / 0.196         0.093 / 0.196       ms
[330.131s][info][gc,stats    ]    Subphase: Concurrent Roots ClassLoaderDataGraph         0.063 / 0.434         0.079 / 0.923         0.079 / 0.923         0.079 / 0.923       ms
[330.131s][info][gc,stats    ]    Subphase: Concurrent Roots CodeCache                    0.000 / 0.000         0.000 / 0.000         0.000 / 0.000         0.000 / 0.000       ms
[330.131s][info][gc,stats    ]    Subphase: Concurrent Roots JavaThreads                  0.129 / 0.734         0.641 / 473.279       0.641 / 473.279       0.641 / 473.279     ms
[330.131s][info][gc,stats    ]    Subphase: Concurrent Roots OopStorageSet                0.024 / 0.137         0.056 / 1.317         0.056 / 1.317         0.056 / 1.317       ms
[330.131s][info][gc,stats    ]    Subphase: Concurrent Weak Roots OopStorageSet          12.496 / 93.019       13.338 / 95.255       13.338 / 95.255       13.338 / 95.255      ms
[330.131s][info][gc,stats    ]    Subphase: Pause Mark Try Complete                       0.000 / 0.000         0.003 / 0.007         0.003 / 0.007         0.003 / 0.007       ms
[330.131s][info][gc,stats    ]      System: Java Threads                                     53 / 60               52 / 73               52 / 73               52 / 73          threads
[330.131s][info][gc,stats    ] =========================================================================================================================================================
[331.231s][info][gc,start    ] GC(237) Garbage Collection (Allocation Rate)
[331.231s][info][gc,task     ] GC(237) Using 1 workers
[331.231s][info][gc,phases   ] GC(237) Pause Mark Start 0.011ms
[331.253s][info][gc,phases   ] GC(237) Concurrent Mark 22.000ms
[331.253s][info][gc,phases   ] GC(237) Pause Mark End 0.020ms
[331.253s][info][gc,phases   ] GC(237) Concurrent Mark Free 0.001ms
[331.340s][info][gc,phases   ] GC(237) Concurrent Process Non-Strong References 86.728ms
[331.340s][info][gc,phases   ] GC(237) Concurrent Reset Relocation Set 0.015ms
[331.344s][info][gc,phases   ] GC(237) Concurrent Select Relocation Set 3.375ms
[331.344s][info][gc,phases   ] GC(237) Pause Relocate Start 0.008ms
[331.345s][info][gc,phases   ] GC(237) Concurrent Relocate 1.483ms
[331.345s][info][gc,load     ] GC(237) Load: 0.00/0.00/0.00
[331.345s][info][gc,mmu      ] GC(237) MMU: 2ms/96.5%, 5ms/98.6%, 10ms/99.3%, 20ms/99.6%, 50ms/99.8%, 100ms/99.9%
[331.346s][info][gc,marking  ] GC(237) Mark: 1 stripe(s), 2 proactive flush(es), 1 terminate flush(es), 0 completion(s), 0 continuation(s) 
[331.346s][info][gc,marking  ] GC(237) Mark Stack Usage: 32M
[331.346s][info][gc,nmethod  ] GC(237) NMethods: 696 registered, 23 unregistered
[331.346s][info][gc,metaspace] GC(237) Metaspace: 13M used, 14M committed, 1088M reserved
[331.346s][info][gc,ref      ] GC(237) Soft: 211 encountered, 0 discovered, 0 enqueued
[331.346s][info][gc,ref      ] GC(237) Weak: 727 encountered, 441 discovered, 0 enqueued
[331.346s][info][gc,ref      ] GC(237) Final: 0 encountered, 0 discovered, 0 enqueued
[331.346s][info][gc,ref      ] GC(237) Phantom: 59 encountered, 46 discovered, 0 enqueued
[331.346s][info][gc,reloc    ] GC(237) Small Pages: 1393 / 2786M, Empty: 2544M, Relocated: 3M, In-Place: 0
[331.346s][info][gc,reloc    ] GC(237) Medium Pages: 0 / 0M, Empty: 0M, Relocated: 0M, In-Place: 0
[331.346s][info][gc,reloc    ] GC(237) Large Pages: 0 / 0M, Empty: 0M, Relocated: 0M, In-Place: 0
[331.346s][info][gc,reloc    ] GC(237) Forwarding Usage: 0M
[331.346s][info][gc,heap     ] GC(237) Min Capacity: 8M(0%)
[331.346s][info][gc,heap     ] GC(237) Max Capacity: 4096M(100%)
[331.346s][info][gc,heap     ] GC(237) Soft Max Capacity: 4096M(100%)
[331.346s][info][gc,heap     ] GC(237)                Mark Start          Mark End        Relocate Start      Relocate End           High               Low         
[331.346s][info][gc,heap     ] GC(237)  Capacity:     3862M (94%)        3862M (94%)        3862M (94%)        3862M (94%)        3862M (94%)        3862M (94%)    
[331.346s][info][gc,heap     ] GC(237)      Free:     1310M (32%)        1216M (30%)        3582M (87%)        3806M (93%)        3806M (93%)        1038M (25%)    
[331.346s][info][gc,heap     ] GC(237)      Used:     2786M (68%)        2880M (70%)         514M (13%)         290M (7%)         3058M (75%)         290M (7%)     
[331.346s][info][gc,heap     ] GC(237)      Live:         -                 8M (0%)            8M (0%)            8M (0%)             -                  -          
[331.346s][info][gc,heap     ] GC(237) Allocated:         -                94M (2%)          272M (7%)          278M (7%)             -                  -          
[331.346s][info][gc,heap     ] GC(237)   Garbage:         -              2777M (68%)         233M (6%)            2M (0%)             -                  -          
[331.346s][info][gc,heap     ] GC(237) Reclaimed:         -                  -              2544M (62%)        2774M (68%)            -                  -          
[331.346s][info][gc          ] GC(237) Garbage Collection (Allocation Rate) 2786M(68%)->290M(7%)
[332.630s][info][gc,start    ] GC(238) Garbage Collection (Allocation Rate)
[332.630s][info][gc,task     ] GC(238) Using 1 workers
[332.630s][info][gc,phases   ] GC(238) Pause Mark Start 0.012ms
[332.653s][info][gc,phases   ] GC(238) Concurrent Mark 22.583ms
[332.653s][info][gc,phases   ] GC(238) Pause Mark End 0.018ms
[332.653s][info][gc,phases   ] GC(238) Concurrent Mark Free 0.001ms
[332.738s][info][gc,phases   ] GC(238) Concurrent Process Non-Strong References 85.215ms
[332.738s][info][gc,phases   ] GC(238) Concurrent Reset Relocation Set 0.016ms
[332.742s][info][gc,phases   ] GC(238) Concurrent Select Relocation Set 3.725ms
[332.742s][info][gc,phases   ] GC(238) Pause Relocate Start 0.009ms
[332.744s][info][gc,phases   ] GC(238) Concurrent Relocate 1.530ms
[332.744s][info][gc,load     ] GC(238) Load: 0.00/0.00/0.00
[332.744s][info][gc,mmu      ] GC(238) MMU: 2ms/96.5%, 5ms/98.6%, 10ms/99.3%, 20ms/99.6%, 50ms/99.8%, 100ms/99.9%
[332.744s][info][gc,marking  ] GC(238) Mark: 1 stripe(s), 2 proactive flush(es), 1 terminate flush(es), 0 completion(s), 0 continuation(s) 
[332.744s][info][gc,marking  ] GC(238) Mark Stack Usage: 32M
[332.744s][info][gc,nmethod  ] GC(238) NMethods: 696 registered, 23 unregistered
[332.744s][info][gc,metaspace] GC(238) Metaspace: 13M used, 14M committed, 1088M reserved
[332.744s][info][gc,ref      ] GC(238) Soft: 211 encountered, 0 discovered, 0 enqueued
[332.744s][info][gc,ref      ] GC(238) Weak: 727 encountered, 441 discovered, 0 enqueued
[332.744s][info][gc,ref      ] GC(238) Final: 0 encountered, 0 discovered, 0 enqueued
[332.744s][info][gc,ref      ] GC(238) Phantom: 59 encountered, 46 discovered, 0 enqueued
[332.744s][info][gc,reloc    ] GC(238) Small Pages: 1558 / 3116M, Empty: 2854M, Relocated: 3M, In-Place: 0
[332.744s][info][gc,reloc    ] GC(238) Medium Pages: 0 / 0M, Empty: 0M, Relocated: 0M, In-Place: 0
[332.744s][info][gc,reloc    ] GC(238) Large Pages: 0 / 0M, Empty: 0M, Relocated: 0M, In-Place: 0
[332.744s][info][gc,reloc    ] GC(238) Forwarding Usage: 0M
[332.744s][info][gc,heap     ] GC(238) Min Capacity: 8M(0%)
[332.744s][info][gc,heap     ] GC(238) Max Capacity: 4096M(100%)
[332.744s][info][gc,heap     ] GC(238) Soft Max Capacity: 4096M(100%)
[332.744s][info][gc,heap     ] GC(238)                Mark Start          Mark End        Relocate Start      Relocate End           High               Low         
[332.744s][info][gc,heap     ] GC(238)  Capacity:     3862M (94%)        3862M (94%)        3862M (94%)        3862M (94%)        3862M (94%)        3862M (94%)    
[332.744s][info][gc,heap     ] GC(238)      Free:      980M (24%)         884M (22%)        3556M (87%)        3802M (93%)        3802M (93%)         704M (17%)    
[332.744s][info][gc,heap     ] GC(238)      Used:     3116M (76%)        3212M (78%)         540M (13%)         294M (7%)         3392M (83%)         294M (7%)     
[332.744s][info][gc,heap     ] GC(238)      Live:         -                 9M (0%)            9M (0%)            9M (0%)             -                  -          
[332.744s][info][gc,heap     ] GC(238) Allocated:         -                96M (2%)          278M (7%)          282M (7%)             -                  -          
[332.744s][info][gc,heap     ] GC(238)   Garbage:         -              3106M (76%)         252M (6%)            2M (0%)             -                  -          
[332.744s][info][gc,heap     ] GC(238) Reclaimed:         -                  -              2854M (70%)        3104M (76%)            -                  -          
[332.745s][info][gc          ] GC(238) Garbage Collection (Allocation Rate) 3116M(76%)->294M(7%)
[334.030s][info][gc,start    ] GC(239) Garbage Collection (Proactive)
[334.030s][info][gc,task     ] GC(239) Using 12 workers
[334.030s][info][gc,phases   ] GC(239) Pause Mark Start 0.011ms
[334.035s][info][gc,phases   ] GC(239) Concurrent Mark 4.571ms
[334.035s][info][gc,phases   ] GC(239) Pause Mark End 0.017ms
[334.035s][info][gc,phases   ] GC(239) Concurrent Mark Free 0.001ms
[334.043s][info][gc,phases   ] GC(239) Concurrent Process Non-Strong References 8.031ms
[334.043s][info][gc,phases   ] GC(239) Concurrent Reset Relocation Set 0.011ms
[334.047s][info][gc,phases   ] GC(239) Concurrent Select Relocation Set 4.043ms
[334.047s][info][gc,phases   ] GC(239) Pause Relocate Start 0.006ms
[334.051s][info][gc,phases   ] GC(239) Concurrent Relocate 3.137ms
[334.051s][info][gc,load     ] GC(239) Load: 0.00/0.00/0.00
[334.051s][info][gc,mmu      ] GC(239) MMU: 2ms/96.5%, 5ms/98.6%, 10ms/99.3%, 20ms/99.6%, 50ms/99.8%, 100ms/99.9%
[334.051s][info][gc,marking  ] GC(239) Mark: 8 stripe(s), 2 proactive flush(es), 1 terminate flush(es), 0 completion(s), 0 continuation(s) 
[334.051s][info][gc,marking  ] GC(239) Mark Stack Usage: 32M
[334.051s][info][gc,nmethod  ] GC(239) NMethods: 696 registered, 23 unregistered
[334.051s][info][gc,metaspace] GC(239) Metaspace: 13M used, 14M committed, 1088M reserved
[334.051s][info][gc,ref      ] GC(239) Soft: 211 encountered, 0 discovered, 0 enqueued
[334.051s][info][gc,ref      ] GC(239) Weak: 727 encountered, 101 discovered, 0 enqueued
[334.051s][info][gc,ref      ] GC(239) Final: 0 encountered, 0 discovered, 0 enqueued
[334.051s][info][gc,ref      ] GC(239) Phantom: 59 encountered, 45 discovered, 0 enqueued
[334.051s][info][gc,reloc    ] GC(239) Small Pages: 1444 / 2888M, Empty: 2636M, Relocated: 3M, In-Place: 0
[334.051s][info][gc,reloc    ] GC(239) Medium Pages: 0 / 0M, Empty: 0M, Relocated: 0M, In-Place: 0
[334.051s][info][gc,reloc    ] GC(239) Large Pages: 0 / 0M, Empty: 0M, Relocated: 0M, In-Place: 0
[334.051s][info][gc,reloc    ] GC(239) Forwarding Usage: 0M
[334.051s][info][gc,heap     ] GC(239) Min Capacity: 8M(0%)
[334.051s][info][gc,heap     ] GC(239) Max Capacity: 4096M(100%)
[334.051s][info][gc,heap     ] GC(239) Soft Max Capacity: 4096M(100%)
[334.051s][info][gc,heap     ] GC(239)                Mark Start          Mark End        Relocate Start      Relocate End           High               Low         
[334.051s][info][gc,heap     ] GC(239)  Capacity:     3862M (94%)        3862M (94%)        3862M (94%)        3862M (94%)        3862M (94%)        3862M (94%)    
[334.051s][info][gc,heap     ] GC(239)      Free:     1208M (29%)        1114M (27%)        3750M (92%)        3970M (97%)        3970M (97%)        1114M (27%)    
[334.051s][info][gc,heap     ] GC(239)      Used:     2888M (71%)        2982M (73%)         346M (8%)          126M (3%)         2982M (73%)         126M (3%)     
[334.051s][info][gc,heap     ] GC(239)      Live:         -                 9M (0%)            9M (0%)            9M (0%)             -                  -          
[334.051s][info][gc,heap     ] GC(239) Allocated:         -                94M (2%)           94M (2%)           92M (2%)             -                  -          
[334.051s][info][gc,heap     ] GC(239)   Garbage:         -              2878M (70%)         242M (6%)           24M (1%)             -                  -          
[334.051s][info][gc,heap     ] GC(239) Reclaimed:         -                  -              2636M (64%)        2854M (70%)            -                  -          
[334.051s][info][gc          ] GC(239) Garbage Collection (Proactive) 2888M(71%)->126M(3%)
[335.530s][info][gc,start    ] GC(240) Garbage Collection (Proactive)
[335.530s][info][gc,task     ] GC(240) Using 12 workers
[335.530s][info][gc,phases   ] GC(240) Pause Mark Start 0.013ms
[335.537s][info][gc,phases   ] GC(240) Concurrent Mark 6.585ms
[335.537s][info][gc,phases   ] GC(240) Pause Mark End 0.020ms
[335.537s][info][gc,phases   ] GC(240) Concurrent Mark Free 0.001ms
[335.547s][info][gc,phases   ] GC(240) Concurrent Process Non-Strong References 10.011ms
[335.547s][info][gc,phases   ] GC(240) Concurrent Reset Relocation Set 0.015ms
[335.551s][info][gc,phases   ] GC(240) Concurrent Select Relocation Set 3.759ms
[335.551s][info][gc,phases   ] GC(240) Pause Relocate Start 0.007ms
[335.555s][info][gc,phases   ] GC(240) Concurrent Relocate 3.483ms
[335.555s][info][gc,load     ] GC(240) Load: 0.00/0.00/0.00
[335.555s][info][gc,mmu      ] GC(240) MMU: 2ms/96.5%, 5ms/98.6%, 10ms/99.3%, 20ms/99.6%, 50ms/99.8%, 100ms/99.9%
[335.555s][info][gc,marking  ] GC(240) Mark: 8 stripe(s), 2 proactive flush(es), 1 terminate flush(es), 0 completion(s), 0 continuation(s) 
[335.555s][info][gc,marking  ] GC(240) Mark Stack Usage: 32M
[335.555s][info][gc,nmethod  ] GC(240) NMethods: 696 registered, 23 unregistered
[335.555s][info][gc,metaspace] GC(240) Metaspace: 13M used, 14M committed, 1088M reserved
[335.555s][info][gc,ref      ] GC(240) Soft: 211 encountered, 0 discovered, 0 enqueued
[335.555s][info][gc,ref      ] GC(240) Weak: 727 encountered, 53 discovered, 0 enqueued
[335.555s][info][gc,ref      ] GC(240) Final: 0 encountered, 0 discovered, 0 enqueued
[335.555s][info][gc,ref      ] GC(240) Phantom: 59 encountered, 35 discovered, 0 enqueued
[335.555s][info][gc,reloc    ] GC(240) Small Pages: 1509 / 3018M, Empty: 2734M, Relocated: 3M, In-Place: 0
[335.555s][info][gc,reloc    ] GC(240) Medium Pages: 0 / 0M, Empty: 0M, Relocated: 0M, In-Place: 0
[335.555s][info][gc,reloc    ] GC(240) Large Pages: 0 / 0M, Empty: 0M, Relocated: 0M, In-Place: 0
[335.555s][info][gc,reloc    ] GC(240) Forwarding Usage: 0M
[335.555s][info][gc,heap     ] GC(240) Min Capacity: 8M(0%)
[335.555s][info][gc,heap     ] GC(240) Max Capacity: 4096M(100%)
[335.555s][info][gc,heap     ] GC(240) Soft Max Capacity: 4096M(100%)
[335.555s][info][gc,heap     ] GC(240)                Mark Start          Mark End        Relocate Start      Relocate End           High               Low         
[335.555s][info][gc,heap     ] GC(240)  Capacity:     3862M (94%)        3862M (94%)        3862M (94%)        3862M (94%)        3862M (94%)        3862M (94%)    
[335.555s][info][gc,heap     ] GC(240)      Free:     1078M (26%)         986M (24%)        3716M (91%)        3968M (97%)        3968M (97%)         982M (24%)    
[335.555s][info][gc,heap     ] GC(240)      Used:     3018M (74%)        3110M (76%)         380M (9%)          128M (3%)         3114M (76%)         128M (3%)     
[335.555s][info][gc,heap     ] GC(240)      Live:         -                 9M (0%)            9M (0%)            9M (0%)             -                  -          
[335.555s][info][gc,heap     ] GC(240) Allocated:         -                92M (2%)           96M (2%)           94M (2%)             -                  -          
[335.555s][info][gc,heap     ] GC(240)   Garbage:         -              3008M (73%)         274M (7%)           23M (1%)             -                  -          
[335.555s][info][gc,heap     ] GC(240) Reclaimed:         -                  -              2734M (67%)        2984M (73%)            -                  -          
[335.555s][info][gc          ] GC(240) Garbage Collection (Proactive) 3018M(74%)->128M(3%)
[337.130s][info][gc,start    ] GC(241) Garbage Collection (Allocation Rate)
[337.130s][info][gc,task     ] GC(241) Using 1 workers
[337.131s][info][gc,phases   ] GC(241) Pause Mark Start 0.012ms
[337.156s][info][gc,phases   ] GC(241) Concurrent Mark 24.791ms
[337.156s][info][gc,phases   ] GC(241) Pause Mark End 0.021ms
[337.156s][info][gc,phases   ] GC(241) Concurrent Mark Free 0.001ms
[337.241s][info][gc,phases   ] GC(241) Concurrent Process Non-Strong References 85.245ms
[337.241s][info][gc,phases   ] GC(241) Concurrent Reset Relocation Set 0.018ms
[337.245s][info][gc,phases   ] GC(241) Concurrent Select Relocation Set 3.562ms
[337.245s][info][gc,phases   ] GC(241) Pause Relocate Start 0.009ms
[337.246s][info][gc,phases   ] GC(241) Concurrent Relocate 0.917ms
[337.246s][info][gc,load     ] GC(241) Load: 0.00/0.00/0.00
[337.246s][info][gc,mmu      ] GC(241) MMU: 2ms/96.5%, 5ms/98.6%, 10ms/99.3%, 20ms/99.6%, 50ms/99.8%, 100ms/99.9%
[337.246s][info][gc,marking  ] GC(241) Mark: 1 stripe(s), 2 proactive flush(es), 1 terminate flush(es), 0 completion(s), 0 continuation(s) 
[337.246s][info][gc,marking  ] GC(241) Mark Stack Usage: 32M
[337.246s][info][gc,nmethod  ] GC(241) NMethods: 651 registered, 119 unregistered
[337.246s][info][gc,metaspace] GC(241) Metaspace: 13M used, 14M committed, 1088M reserved
[337.246s][info][gc,ref      ] GC(241) Soft: 211 encountered, 0 discovered, 0 enqueued
[337.246s][info][gc,ref      ] GC(241) Weak: 727 encountered, 441 discovered, 0 enqueued
[337.246s][info][gc,ref      ] GC(241) Final: 0 encountered, 0 discovered, 0 enqueued
[337.246s][info][gc,ref      ] GC(241) Phantom: 59 encountered, 46 discovered, 0 enqueued
[337.246s][info][gc,reloc    ] GC(241) Small Pages: 1601 / 3202M, Empty: 2916M, Relocated: 2M, In-Place: 0
[337.246s][info][gc,reloc    ] GC(241) Medium Pages: 0 / 0M, Empty: 0M, Relocated: 0M, In-Place: 0
[337.246s][info][gc,reloc    ] GC(241) Large Pages: 0 / 0M, Empty: 0M, Relocated: 0M, In-Place: 0
[337.246s][info][gc,reloc    ] GC(241) Forwarding Usage: 0M
[337.246s][info][gc,heap     ] GC(241) Min Capacity: 8M(0%)
[337.246s][info][gc,heap     ] GC(241) Max Capacity: 4096M(100%)
[337.246s][info][gc,heap     ] GC(241) Soft Max Capacity: 4096M(100%)
[337.246s][info][gc,heap     ] GC(241)                Mark Start          Mark End        Relocate Start      Relocate End           High               Low         
[337.246s][info][gc,heap     ] GC(241)  Capacity:     3862M (94%)        3862M (94%)        3862M (94%)        3862M (94%)        3862M (94%)        3862M (94%)    
[337.246s][info][gc,heap     ] GC(241)      Free:      894M (22%)         800M (20%)        3528M (86%)        3798M (93%)        3798M (93%)         614M (15%)    
[337.246s][info][gc,heap     ] GC(241)      Used:     3202M (78%)        3296M (80%)         568M (14%)         298M (7%)         3482M (85%)         298M (7%)     
[337.246s][info][gc,heap     ] GC(241)      Live:         -                 9M (0%)            9M (0%)            9M (0%)             -                  -          
[337.246s][info][gc,heap     ] GC(241) Allocated:         -                94M (2%)          282M (7%)          284M (7%)             -                  -          
[337.246s][info][gc,heap     ] GC(241)   Garbage:         -              3192M (78%)         276M (7%)            3M (0%)             -                  -          
[337.246s][info][gc,heap     ] GC(241) Reclaimed:         -                  -              2916M (71%)        3188M (78%)            -                  -          
[337.246s][info][gc          ] GC(241) Garbage Collection (Allocation Rate) 3202M(78%)->298M(7%)
[338.730s][info][gc,start    ] GC(242) Garbage Collection (Allocation Rate)
[338.730s][info][gc,task     ] GC(242) Using 1 workers
[338.731s][info][gc,phases   ] GC(242) Pause Mark Start 0.010ms
[338.927s][info][gc,phases   ] GC(242) Concurrent Mark 195.873ms
[338.927s][info][gc,phases   ] GC(242) Pause Mark End 0.017ms
[338.927s][info][gc,phases   ] GC(242) Concurrent Mark Free 0.001ms
[339.016s][info][gc,phases   ] GC(242) Concurrent Process Non-Strong References 88.766ms
[339.016s][info][gc,phases   ] GC(242) Concurrent Reset Relocation Set 0.017ms
[339.019s][info][gc,phases   ] GC(242) Concurrent Select Relocation Set 3.546ms
[339.020s][info][gc,phases   ] GC(242) Pause Relocate Start 0.008ms
[339.021s][info][gc,phases   ] GC(242) Concurrent Relocate 0.982ms
[339.021s][info][gc,load     ] GC(242) Load: 0.00/0.00/0.00
[339.021s][info][gc,mmu      ] GC(242) MMU: 2ms/96.5%, 5ms/98.6%, 10ms/99.3%, 20ms/99.6%, 50ms/99.8%, 100ms/99.9%
[339.021s][info][gc,marking  ] GC(242) Mark: 1 stripe(s), 2 proactive flush(es), 1 terminate flush(es), 0 completion(s), 0 continuation(s) 
[339.021s][info][gc,marking  ] GC(242) Mark Stack Usage: 32M
[339.021s][info][gc,nmethod  ] GC(242) NMethods: 651 registered, 119 unregistered
[339.021s][info][gc,metaspace] GC(242) Metaspace: 13M used, 14M committed, 1088M reserved
[339.021s][info][gc,ref      ] GC(242) Soft: 211 encountered, 0 discovered, 0 enqueued
[339.021s][info][gc,ref      ] GC(242) Weak: 727 encountered, 441 discovered, 0 enqueued
[339.021s][info][gc,ref      ] GC(242) Final: 0 encountered, 0 discovered, 0 enqueued
[339.021s][info][gc,ref      ] GC(242) Phantom: 59 encountered, 46 discovered, 0 enqueued
[339.021s][info][gc,reloc    ] GC(242) Small Pages: 1591 / 3182M, Empty: 2912M, Relocated: 2M, In-Place: 0
[339.021s][info][gc,reloc    ] GC(242) Medium Pages: 0 / 0M, Empty: 0M, Relocated: 0M, In-Place: 0
[339.021s][info][gc,reloc    ] GC(242) Large Pages: 0 / 0M, Empty: 0M, Relocated: 0M, In-Place: 0
[339.021s][info][gc,reloc    ] GC(242) Forwarding Usage: 0M
[339.021s][info][gc,heap     ] GC(242) Min Capacity: 8M(0%)
[339.021s][info][gc,heap     ] GC(242) Max Capacity: 4096M(100%)
[339.021s][info][gc,heap     ] GC(242) Soft Max Capacity: 4096M(100%)
[339.021s][info][gc,heap     ] GC(242)                Mark Start          Mark End        Relocate Start      Relocate End           High               Low         
[339.021s][info][gc,heap     ] GC(242)  Capacity:     3862M (94%)        3862M (94%)        3862M (94%)        3862M (94%)        3862M (94%)        3862M (94%)    
[339.021s][info][gc,heap     ] GC(242)      Free:      914M (22%)         472M (12%)        3222M (79%)        3464M (85%)        3464M (85%)         318M (8%)     
[339.021s][info][gc,heap     ] GC(242)      Used:     3182M (78%)        3624M (88%)         874M (21%)         632M (15%)        3778M (92%)         632M (15%)    
[339.021s][info][gc,heap     ] GC(242)      Live:         -                10M (0%)           10M (0%)           10M (0%)             -                  -          
[339.021s][info][gc,heap     ] GC(242) Allocated:         -               442M (11%)         604M (15%)         618M (15%)            -                  -          
[339.021s][info][gc,heap     ] GC(242)   Garbage:         -              3171M (77%)         259M (6%)            3M (0%)             -                  -          
[339.021s][info][gc,heap     ] GC(242) Reclaimed:         -                  -              2912M (71%)        3168M (77%)            -                  -          
[339.021s][info][gc          ] GC(242) Garbage Collection (Allocation Rate) 3182M(78%)->632M(15%)
[340.129s][info][gc,stats    ] === Garbage Collection Statistics =======================================================================================================================
[340.129s][info][gc,stats    ]                                                              Last 10s              Last 10m              Last 10h                Total
[340.129s][info][gc,stats    ]                                                              Avg / Max             Avg / Max             Avg / Max             Avg / Max
[340.129s][info][gc,stats    ]   Collector: Garbage Collection Cycle                    113.514 / 290.253      81.395 / 587.803      81.395 / 587.803      81.395 / 587.803     ms
[340.129s][info][gc,stats    ]  Contention: Mark Segment Reset Contention                     0 / 5                 1 / 26                1 / 26                1 / 26          ops/s
[340.129s][info][gc,stats    ]  Contention: Mark SeqNum Reset Contention                      0 / 3                 0 / 3                 0 / 3                 0 / 3           ops/s
[340.129s][info][gc,stats    ]    Critical: Allocation Stall                                  0 / 0                 0 / 0                 0 / 0                 0 / 0           ops/s
[340.129s][info][gc,stats    ]    Critical: Allocation Stall                              0.000 / 0.000         0.000 / 0.000         0.000 / 0.000         0.000 / 0.000       ms
[340.129s][info][gc,stats    ]    Critical: GC Locker Stall                                   0 / 0                 0 / 0                 0 / 0                 0 / 0           ops/s
[340.129s][info][gc,stats    ]    Critical: GC Locker Stall                               0.000 / 0.000         0.000 / 0.000         0.000 / 0.000         0.000 / 0.000       ms
[340.129s][info][gc,stats    ]    Critical: Relocation Stall                                  0 / 0                 0 / 0                 0 / 0                 0 / 0           ops/s
[340.129s][info][gc,stats    ]    Critical: Relocation Stall                              0.000 / 0.000         0.000 / 0.000         0.000 / 0.000         0.000 / 0.000       ms
[340.130s][info][gc,stats    ]      Memory: Allocation Rate                                2048 / 2236           1985 / 2322           1985 / 2322           1985 / 2322        MB/s
[340.130s][info][gc,stats    ]      Memory: Defragment                                        0 / 0                 0 / 0                 0 / 0                 0 / 0           ops/s
[340.130s][info][gc,stats    ]      Memory: Out Of Memory                                     0 / 0                 0 / 0                 0 / 0                 0 / 0           ops/s
[340.130s][info][gc,stats    ]      Memory: Page Cache Flush                                  0 / 0                 0 / 0                 0 / 0                 0 / 0           MB/s
[340.130s][info][gc,stats    ]      Memory: Page Cache Hit L1                              1026 / 1119            990 / 1162            990 / 1162            990 / 1162        ops/s
[340.130s][info][gc,stats    ]      Memory: Page Cache Hit L2                                 0 / 0                 0 / 0                 0 / 0                 0 / 0           ops/s
[340.130s][info][gc,stats    ]      Memory: Page Cache Hit L3                                 0 / 0                 3 / 448               3 / 448               3 / 448         ops/s
[340.130s][info][gc,stats    ]      Memory: Page Cache Miss                                   0 / 0                 2 / 471               2 / 471               2 / 471         ops/s
[340.130s][info][gc,stats    ]      Memory: Uncommit                                          0 / 0                 0 / 0                 0 / 0                 0 / 0           MB/s
[340.130s][info][gc,stats    ]      Memory: Undo Object Allocation Failed                     0 / 3                 0 / 5                 0 / 5                 0 / 5           ops/s
[340.130s][info][gc,stats    ]      Memory: Undo Object Allocation Succeeded                 15 / 42               21 / 124              21 / 124              21 / 124         ops/s
[340.130s][info][gc,stats    ]      Memory: Undo Page Allocation                              0 / 2                 0 / 23                0 / 23                0 / 23          ops/s
[340.130s][info][gc,stats    ]       Phase: Concurrent Mark                              46.067 / 195.873      20.653 / 549.801      20.653 / 549.801      20.653 / 549.801     ms
[340.130s][info][gc,stats    ]       Phase: Concurrent Mark Continue                      0.000 / 0.000         0.000 / 0.000         0.000 / 0.000         0.000 / 0.000       ms
[340.130s][info][gc,stats    ]       Phase: Concurrent Mark Free                          0.001 / 0.001         0.001 / 0.008         0.001 / 0.008         0.001 / 0.008       ms
[340.130s][info][gc,stats    ]       Phase: Concurrent Process Non-Strong References     60.666 / 88.766       47.297 / 237.767      47.297 / 237.767      47.297 / 237.767     ms
[340.130s][info][gc,stats    ]       Phase: Concurrent Relocate                           1.922 / 3.483         2.507 / 10.088        2.507 / 10.088        2.507 / 10.088      ms
[340.130s][info][gc,stats    ]       Phase: Concurrent Reset Relocation Set               0.015 / 0.018         0.015 / 0.027         0.015 / 0.027         0.015 / 0.027       ms
[340.130s][info][gc,stats    ]       Phase: Concurrent Select Relocation Set              3.668 / 4.043         4.619 / 22.887        4.619 / 22.887        4.619 / 22.887      ms
[340.130s][info][gc,stats    ]       Phase: Pause Mark End                                0.019 / 0.021         0.019 / 0.070         0.019 / 0.070         0.019 / 0.070       ms
[340.130s][info][gc,stats    ]       Phase: Pause Mark Start                              0.011 / 0.013         0.013 / 0.022         0.013 / 0.022         0.013 / 0.022       ms
[340.130s][info][gc,stats    ]       Phase: Pause Relocate Start                          0.008 / 0.009         0.008 / 0.019         0.008 / 0.019         0.008 / 0.019       ms
[340.130s][info][gc,stats    ]    Subphase: Concurrent Classes Purge                      0.070 / 0.384         0.049 / 5.118         0.049 / 5.118         0.049 / 5.118       ms
[340.130s][info][gc,stats    ]    Subphase: Concurrent Classes Unlink                     1.016 / 1.502         3.038 / 7.490         3.038 / 7.490         3.038 / 7.490       ms
[340.130s][info][gc,stats    ]    Subphase: Concurrent Mark                              13.035 / 194.753       8.990 / 194.753       8.990 / 194.753       8.990 / 194.753     ms
[340.130s][info][gc,stats    ]    Subphase: Concurrent Mark Try Flush                     9.920 / 176.903       0.689 / 176.903       0.689 / 176.903       0.689 / 176.903     ms
[340.130s][info][gc,stats    ]    Subphase: Concurrent Mark Try Terminate                 1.238 / 2.008         2.380 / 15.651        2.380 / 15.651        2.380 / 15.651      ms
[340.130s][info][gc,stats    ]    Subphase: Concurrent References Enqueue                 0.000 / 0.001         0.001 / 0.007         0.001 / 0.007         0.001 / 0.007       ms
[340.130s][info][gc,stats    ]    Subphase: Concurrent References Process                 0.129 / 0.190         0.094 / 0.196         0.094 / 0.196         0.094 / 0.196       ms
[340.130s][info][gc,stats    ]    Subphase: Concurrent Roots ClassLoaderDataGraph         0.077 / 0.322         0.079 / 0.923         0.079 / 0.923         0.079 / 0.923       ms
[340.130s][info][gc,stats    ]    Subphase: Concurrent Roots CodeCache                    0.000 / 0.000         0.000 / 0.000         0.000 / 0.000         0.000 / 0.000       ms
[340.130s][info][gc,stats    ]    Subphase: Concurrent Roots JavaThreads                  0.176 / 0.755         0.631 / 473.279       0.631 / 473.279       0.631 / 473.279     ms
[340.130s][info][gc,stats    ]    Subphase: Concurrent Roots OopStorageSet                0.034 / 0.113         0.056 / 1.317         0.056 / 1.317         0.056 / 1.317       ms
[340.130s][info][gc,stats    ]    Subphase: Concurrent Weak Roots OopStorageSet          19.471 / 87.111       13.467 / 95.255       13.467 / 95.255       13.467 / 95.255      ms
[340.130s][info][gc,stats    ]    Subphase: Pause Mark Try Complete                       0.000 / 0.000         0.003 / 0.007         0.003 / 0.007         0.003 / 0.007       ms
[340.130s][info][gc,stats    ]      System: Java Threads                                     64 / 72               53 / 73               53 / 73               53 / 73          threads
[340.130s][info][gc,stats    ] =========================================================================================================================================================
[340.130s][info][gc,start    ] GC(243) Garbage Collection (Allocation Rate)
[340.130s][info][gc,task     ] GC(243) Using 1 workers
[340.130s][info][gc,phases   ] GC(243) Pause Mark Start 0.012ms
[340.149s][info][gc,phases   ] GC(243) Concurrent Mark 18.300ms
[340.149s][info][gc,phases   ] GC(243) Pause Mark End 0.020ms
[340.149s][info][gc,phases   ] GC(243) Concurrent Mark Free 0.001ms
[340.240s][info][gc,phases   ] GC(243) Concurrent Process Non-Strong References 91.132ms
[340.240s][info][gc,phases   ] GC(243) Concurrent Reset Relocation Set 0.014ms
[340.245s][info][gc,phases   ] GC(243) Concurrent Select Relocation Set 4.166ms
[340.245s][info][gc,phases   ] GC(243) Pause Relocate Start 0.008ms
[340.245s][info][gc,phases   ] GC(243) Concurrent Relocate 0.624ms
[340.246s][info][gc,load     ] GC(243) Load: 0.00/0.00/0.00
[340.246s][info][gc,mmu      ] GC(243) MMU: 2ms/96.5%, 5ms/98.6%, 10ms/99.3%, 20ms/99.6%, 50ms/99.8%, 100ms/99.9%
[340.246s][info][gc,marking  ] GC(243) Mark: 1 stripe(s), 2 proactive flush(es), 1 terminate flush(es), 0 completion(s), 0 continuation(s) 
[340.246s][info][gc,marking  ] GC(243) Mark Stack Usage: 32M
[340.246s][info][gc,nmethod  ] GC(243) NMethods: 651 registered, 119 unregistered
[340.246s][info][gc,metaspace] GC(243) Metaspace: 13M used, 14M committed, 1088M reserved
[340.246s][info][gc,ref      ] GC(243) Soft: 211 encountered, 0 discovered, 0 enqueued
[340.246s][info][gc,ref      ] GC(243) Weak: 727 encountered, 441 discovered, 0 enqueued
[340.246s][info][gc,ref      ] GC(243) Final: 0 encountered, 0 discovered, 0 enqueued
[340.246s][info][gc,ref      ] GC(243) Phantom: 59 encountered, 46 discovered, 0 enqueued
[340.246s][info][gc,reloc    ] GC(243) Small Pages: 1441 / 2882M, Empty: 2604M, Relocated: 1M, In-Place: 0
[340.246s][info][gc,reloc    ] GC(243) Medium Pages: 0 / 0M, Empty: 0M, Relocated: 0M, In-Place: 0
[340.246s][info][gc,reloc    ] GC(243) Large Pages: 0 / 0M, Empty: 0M, Relocated: 0M, In-Place: 0
[340.246s][info][gc,reloc    ] GC(243) Forwarding Usage: 0M
[340.246s][info][gc,heap     ] GC(243) Min Capacity: 8M(0%)
[340.246s][info][gc,heap     ] GC(243) Max Capacity: 4096M(100%)
[340.246s][info][gc,heap     ] GC(243) Soft Max Capacity: 4096M(100%)
[340.246s][info][gc,heap     ] GC(243)                Mark Start          Mark End        Relocate Start      Relocate End           High               Low         
[340.246s][info][gc,heap     ] GC(243)  Capacity:     3862M (94%)        3862M (94%)        3862M (94%)        3862M (94%)        3862M (94%)        3862M (94%)    
[340.246s][info][gc,heap     ] GC(243)      Free:     1214M (30%)        1122M (27%)        3542M (86%)        3802M (93%)        3802M (93%)         938M (23%)    
[340.246s][info][gc,heap     ] GC(243)      Used:     2882M (70%)        2974M (73%)         554M (14%)         294M (7%)         3158M (77%)         294M (7%)     
[340.246s][info][gc,heap     ] GC(243)      Live:         -                10M (0%)           10M (0%)           10M (0%)             -                  -          
[340.246s][info][gc,heap     ] GC(243) Allocated:         -                92M (2%)          276M (7%)          278M (7%)             -                  -          
[340.246s][info][gc,heap     ] GC(243)   Garbage:         -              2871M (70%)         267M (7%)            5M (0%)             -                  -          
[340.246s][info][gc,heap     ] GC(243) Reclaimed:         -                  -              2604M (64%)        2866M (70%)            -                  -          
[340.246s][info][gc          ] GC(243) Garbage Collection (Allocation Rate) 2882M(70%)->294M(7%)
[341.287s][info][gc,start    ] GC(244) Garbage Collection (System.gc())
[341.287s][info][gc,task     ] GC(244) Using 12 workers
[341.288s][info][gc,phases   ] GC(244) Pause Mark Start 0.017ms
[341.301s][info][gc,phases   ] GC(244) Concurrent Mark 13.301ms
[341.301s][info][gc,phases   ] GC(244) Pause Mark End 0.019ms
[341.301s][info][gc,phases   ] GC(244) Concurrent Mark Free 0.001ms
[341.316s][info][gc,phases   ] GC(244) Concurrent Process Non-Strong References 14.977ms
[341.316s][info][gc,phases   ] GC(244) Concurrent Reset Relocation Set 0.029ms
[341.321s][info][gc,phases   ] GC(244) Concurrent Select Relocation Set 4.679ms
[341.321s][info][gc,phases   ] GC(244) Pause Relocate Start 0.009ms
[341.324s][info][gc,phases   ] GC(244) Concurrent Relocate 2.796ms
[341.324s][info][gc,load     ] GC(244) Load: 0.00/0.00/0.00
[341.324s][info][gc,mmu      ] GC(244) MMU: 2ms/96.5%, 5ms/98.6%, 10ms/99.3%, 20ms/99.6%, 50ms/99.8%, 100ms/99.9%
[341.324s][info][gc,marking  ] GC(244) Mark: 8 stripe(s), 1 proactive flush(es), 1 terminate flush(es), 0 completion(s), 0 continuation(s) 
[341.324s][info][gc,marking  ] GC(244) Mark Stack Usage: 32M
[341.324s][info][gc,nmethod  ] GC(244) NMethods: 651 registered, 119 unregistered
[341.324s][info][gc,metaspace] GC(244) Metaspace: 13M used, 14M committed, 1088M reserved
[341.324s][info][gc,ref      ] GC(244) Soft: 211 encountered, 0 discovered, 0 enqueued
[341.324s][info][gc,ref      ] GC(244) Weak: 627 encountered, 51 discovered, 0 enqueued
[341.324s][info][gc,ref      ] GC(244) Final: 0 encountered, 0 discovered, 0 enqueued
[341.324s][info][gc,ref      ] GC(244) Phantom: 59 encountered, 54 discovered, 0 enqueued
[341.324s][info][gc,reloc    ] GC(244) Small Pages: 1238 / 2476M, Empty: 2418M, Relocated: 3M, In-Place: 0
[341.324s][info][gc,reloc    ] GC(244) Medium Pages: 0 / 0M, Empty: 0M, Relocated: 0M, In-Place: 0
[341.324s][info][gc,reloc    ] GC(244) Large Pages: 0 / 0M, Empty: 0M, Relocated: 0M, In-Place: 0
[341.324s][info][gc,reloc    ] GC(244) Forwarding Usage: 1M
[341.324s][info][gc,heap     ] GC(244) Min Capacity: 8M(0%)
[341.324s][info][gc,heap     ] GC(244) Max Capacity: 4096M(100%)
[341.324s][info][gc,heap     ] GC(244) Soft Max Capacity: 4096M(100%)
[341.324s][info][gc,heap     ] GC(244)                Mark Start          Mark End        Relocate Start      Relocate End           High               Low         
[341.324s][info][gc,heap     ] GC(244)  Capacity:     3862M (94%)        3862M (94%)        3862M (94%)        3862M (94%)        3862M (94%)        3862M (94%)    
[341.324s][info][gc,heap     ] GC(244)      Free:     1620M (40%)        1620M (40%)        4038M (99%)        4068M (99%)        4068M (99%)        1620M (40%)    
[341.324s][info][gc,heap     ] GC(244)      Used:     2476M (60%)        2476M (60%)          58M (1%)           28M (1%)         2476M (60%)          28M (1%)     
[341.324s][info][gc,heap     ] GC(244)      Live:         -                 6M (0%)            6M (0%)            6M (0%)             -                  -          
[341.324s][info][gc,heap     ] GC(244) Allocated:         -                 0M (0%)            0M (0%)            0M (0%)             -                  -          
[341.324s][info][gc,heap     ] GC(244)   Garbage:         -              2469M (60%)          51M (1%)           21M (1%)             -                  -          
[341.324s][info][gc,heap     ] GC(244) Reclaimed:         -                  -              2418M (59%)        2448M (60%)            -                  -          
[341.324s][info][gc          ] GC(244) Garbage Collection (System.gc()) 2476M(60%)->28M(1%)
[343.031s][info][gc,start    ] GC(245) Garbage Collection (Allocation Rate)
[343.031s][info][gc,task     ] GC(245) Using 2 workers
[343.031s][info][gc,phases   ] GC(245) Pause Mark Start 0.014ms
[343.044s][info][gc,phases   ] GC(245) Concurrent Mark 13.127ms
[343.045s][info][gc,phases   ] GC(245) Pause Mark End 0.017ms
[343.045s][info][gc,phases   ] GC(245) Concurrent Mark Free 0.001ms
[343.086s][info][gc,phases   ] GC(245) Concurrent Process Non-Strong References 41.443ms
[343.086s][info][gc,phases   ] GC(245) Concurrent Reset Relocation Set 0.004ms
[343.090s][info][gc,phases   ] GC(245) Concurrent Select Relocation Set 3.376ms
[343.090s][info][gc,phases   ] GC(245) Pause Relocate Start 0.008ms
[343.091s][info][gc,phases   ] GC(245) Concurrent Relocate 1.455ms
[343.091s][info][gc,load     ] GC(245) Load: 0.00/0.00/0.00
[343.091s][info][gc,mmu      ] GC(245) MMU: 2ms/96.5%, 5ms/98.6%, 10ms/99.3%, 20ms/99.6%, 50ms/99.8%, 100ms/99.9%
[343.091s][info][gc,marking  ] GC(245) Mark: 2 stripe(s), 2 proactive flush(es), 1 terminate flush(es), 0 completion(s), 0 continuation(s) 
[343.091s][info][gc,marking  ] GC(245) Mark Stack Usage: 32M
[343.091s][info][gc,nmethod  ] GC(245) NMethods: 651 registered, 120 unregistered
[343.091s][info][gc,metaspace] GC(245) Metaspace: 13M used, 14M committed, 1088M reserved
[343.091s][info][gc,ref      ] GC(245) Soft: 211 encountered, 0 discovered, 0 enqueued
[343.092s][info][gc,ref      ] GC(245) Weak: 723 encountered, 188 discovered, 0 enqueued
[343.092s][info][gc,ref      ] GC(245) Final: 0 encountered, 0 discovered, 0 enqueued
[343.092s][info][gc,ref      ] GC(245) Phantom: 59 encountered, 27 discovered, 0 enqueued
[343.092s][info][gc,reloc    ] GC(245) Small Pages: 1659 / 3318M, Empty: 3052M, Relocated: 2M, In-Place: 0
[343.092s][info][gc,reloc    ] GC(245) Medium Pages: 0 / 0M, Empty: 0M, Relocated: 0M, In-Place: 0
[343.092s][info][gc,reloc    ] GC(245) Large Pages: 0 / 0M, Empty: 0M, Relocated: 0M, In-Place: 0
[343.092s][info][gc,reloc    ] GC(245) Forwarding Usage: 0M
[343.092s][info][gc,heap     ] GC(245) Min Capacity: 8M(0%)
[343.092s][info][gc,heap     ] GC(245) Max Capacity: 4096M(100%)
[343.092s][info][gc,heap     ] GC(245) Soft Max Capacity: 4096M(100%)
[343.092s][info][gc,heap     ] GC(245)                Mark Start          Mark End        Relocate Start      Relocate End           High               Low         
[343.092s][info][gc,heap     ] GC(245)  Capacity:     3862M (94%)        3862M (94%)        3862M (94%)        3862M (94%)        3862M (94%)        3862M (94%)    
[343.092s][info][gc,heap     ] GC(245)      Free:      778M (19%)         682M (17%)        3652M (89%)        3902M (95%)        3902M (95%)         612M (15%)    
[343.092s][info][gc,heap     ] GC(245)      Used:     3318M (81%)        3414M (83%)         444M (11%)         194M (5%)         3484M (85%)         194M (5%)     
[343.092s][info][gc,heap     ] GC(245)      Live:         -                 8M (0%)            8M (0%)            8M (0%)             -                  -          
[343.092s][info][gc,heap     ] GC(245) Allocated:         -                96M (2%)          178M (4%)          180M (4%)             -                  -          
[343.092s][info][gc,heap     ] GC(245)   Garbage:         -              3309M (81%)         257M (6%)            4M (0%)             -                  -          
[343.092s][info][gc,heap     ] GC(245) Reclaimed:         -                  -              3052M (75%)        3304M (81%)            -                  -          
[343.092s][info][gc          ] GC(245) Garbage Collection (Allocation Rate) 3318M(81%)->194M(5%)
[344.530s][info][gc,start    ] GC(246) Garbage Collection (Allocation Rate)
[344.530s][info][gc,task     ] GC(246) Using 1 workers
[344.537s][info][gc,phases   ] GC(246) Pause Mark Start 0.013ms
[344.557s][info][gc,phases   ] GC(246) Concurrent Mark 20.155ms
[344.558s][info][gc,phases   ] GC(246) Pause Mark End 0.017ms
[344.558s][info][gc,phases   ] GC(246) Concurrent Mark Free 0.001ms
[344.745s][info][gc,phases   ] GC(246) Concurrent Process Non-Strong References 187.420ms
[344.745s][info][gc,phases   ] GC(246) Concurrent Reset Relocation Set 0.019ms
[344.750s][info][gc,phases   ] GC(246) Concurrent Select Relocation Set 4.615ms
[344.751s][info][gc,phases   ] GC(246) Pause Relocate Start 0.009ms
[344.752s][info][gc,phases   ] GC(246) Concurrent Relocate 1.613ms
[344.752s][info][gc,load     ] GC(246) Load: 0.00/0.00/0.00
[344.752s][info][gc,mmu      ] GC(246) MMU: 2ms/96.5%, 5ms/98.6%, 10ms/99.3%, 20ms/99.6%, 50ms/99.8%, 100ms/99.9%
[344.753s][info][gc,marking  ] GC(246) Mark: 1 stripe(s), 2 proactive flush(es), 1 terminate flush(es), 0 completion(s), 0 continuation(s) 
[344.753s][info][gc,marking  ] GC(246) Mark Stack Usage: 32M
[344.753s][info][gc,nmethod  ] GC(246) NMethods: 651 registered, 120 unregistered
[344.753s][info][gc,metaspace] GC(246) Metaspace: 13M used, 14M committed, 1088M reserved
[344.753s][info][gc,ref      ] GC(246) Soft: 211 encountered, 0 discovered, 0 enqueued
[344.753s][info][gc,ref      ] GC(246) Weak: 723 encountered, 439 discovered, 0 enqueued
[344.753s][info][gc,ref      ] GC(246) Final: 0 encountered, 0 discovered, 0 enqueued
[344.753s][info][gc,ref      ] GC(246) Phantom: 59 encountered, 46 discovered, 0 enqueued
[344.753s][info][gc,reloc    ] GC(246) Small Pages: 1458 / 2916M, Empty: 2658M, Relocated: 3M, In-Place: 0
[344.753s][info][gc,reloc    ] GC(246) Medium Pages: 0 / 0M, Empty: 0M, Relocated: 0M, In-Place: 0
[344.753s][info][gc,reloc    ] GC(246) Large Pages: 0 / 0M, Empty: 0M, Relocated: 0M, In-Place: 0
[344.753s][info][gc,reloc    ] GC(246) Forwarding Usage: 0M
[344.753s][info][gc,heap     ] GC(246) Min Capacity: 8M(0%)
[344.753s][info][gc,heap     ] GC(246) Max Capacity: 4096M(100%)
[344.753s][info][gc,heap     ] GC(246) Soft Max Capacity: 4096M(100%)
[344.753s][info][gc,heap     ] GC(246)                Mark Start          Mark End        Relocate Start      Relocate End           High               Low         
[344.753s][info][gc,heap     ] GC(246)  Capacity:     3862M (94%)        3862M (94%)        3862M (94%)        3862M (94%)        3862M (94%)        3862M (94%)    
[344.753s][info][gc,heap     ] GC(246)      Free:     1180M (29%)        1086M (27%)        3376M (82%)        3616M (88%)        3616M (88%)         720M (18%)    
[344.753s][info][gc,heap     ] GC(246)      Used:     2916M (71%)        3010M (73%)         720M (18%)         480M (12%)        3376M (82%)         480M (12%)    
[344.753s][info][gc,heap     ] GC(246)      Live:         -                 9M (0%)            9M (0%)            9M (0%)             -                  -          
[344.753s][info][gc,heap     ] GC(246) Allocated:         -                94M (2%)          462M (11%)         468M (11%)            -                  -          
[344.753s][info][gc,heap     ] GC(246)   Garbage:         -              2906M (71%)         248M (6%)            2M (0%)             -                  -          
[344.753s][info][gc,heap     ] GC(246) Reclaimed:         -                  -              2658M (65%)        2904M (71%)            -                  -          
[344.753s][info][gc          ] GC(246) Garbage Collection (Allocation Rate) 2916M(71%)->480M(12%)
[345.830s][info][gc,start    ] GC(247) Garbage Collection (Allocation Rate)
[345.830s][info][gc,task     ] GC(247) Using 1 workers
[345.830s][info][gc,phases   ] GC(247) Pause Mark Start 0.012ms
[345.848s][info][gc,phases   ] GC(247) Concurrent Mark 18.182ms
[345.848s][info][gc,phases   ] GC(247) Pause Mark End 0.019ms
[345.849s][info][gc,phases   ] GC(247) Concurrent Mark Free 0.001ms
[345.936s][info][gc,phases   ] GC(247) Concurrent Process Non-Strong References 87.610ms
[345.936s][info][gc,phases   ] GC(247) Concurrent Reset Relocation Set 0.017ms
[345.941s][info][gc,phases   ] GC(247) Concurrent Select Relocation Set 4.783ms
[345.941s][info][gc,phases   ] GC(247) Pause Relocate Start 0.009ms
[345.945s][info][gc,phases   ] GC(247) Concurrent Relocate 3.391ms
[345.945s][info][gc,load     ] GC(247) Load: 0.00/0.00/0.00
[345.945s][info][gc,mmu      ] GC(247) MMU: 2ms/96.5%, 5ms/98.6%, 10ms/99.3%, 20ms/99.6%, 50ms/99.8%, 100ms/99.9%
[345.945s][info][gc,marking  ] GC(247) Mark: 1 stripe(s), 2 proactive flush(es), 1 terminate flush(es), 0 completion(s), 0 continuation(s) 
[345.945s][info][gc,marking  ] GC(247) Mark Stack Usage: 32M
[345.945s][info][gc,nmethod  ] GC(247) NMethods: 651 registered, 120 unregistered
[345.945s][info][gc,metaspace] GC(247) Metaspace: 13M used, 14M committed, 1088M reserved
[345.945s][info][gc,ref      ] GC(247) Soft: 211 encountered, 0 discovered, 0 enqueued
[345.945s][info][gc,ref      ] GC(247) Weak: 723 encountered, 439 discovered, 0 enqueued
[345.945s][info][gc,ref      ] GC(247) Final: 0 encountered, 0 discovered, 0 enqueued
[345.945s][info][gc,ref      ] GC(247) Phantom: 59 encountered, 46 discovered, 0 enqueued
[345.945s][info][gc,reloc    ] GC(247) Small Pages: 1315 / 2630M, Empty: 2376M, Relocated: 3M, In-Place: 0
[345.945s][info][gc,reloc    ] GC(247) Medium Pages: 0 / 0M, Empty: 0M, Relocated: 0M, In-Place: 0
[345.945s][info][gc,reloc    ] GC(247) Large Pages: 0 / 0M, Empty: 0M, Relocated: 0M, In-Place: 0
[345.945s][info][gc,reloc    ] GC(247) Forwarding Usage: 0M
[345.945s][info][gc,heap     ] GC(247) Min Capacity: 8M(0%)
[345.945s][info][gc,heap     ] GC(247) Max Capacity: 4096M(100%)
[345.945s][info][gc,heap     ] GC(247) Soft Max Capacity: 4096M(100%)
[345.945s][info][gc,heap     ] GC(247)                Mark Start          Mark End        Relocate Start      Relocate End           High               Low         
[345.945s][info][gc,heap     ] GC(247)  Capacity:     3862M (94%)        3862M (94%)        3862M (94%)        3862M (94%)        3862M (94%)        3862M (94%)    
[345.945s][info][gc,heap     ] GC(247)      Free:     1466M (36%)        1372M (33%)        3566M (87%)        3806M (93%)        3806M (93%)        1198M (29%)    
[345.945s][info][gc,heap     ] GC(247)      Used:     2630M (64%)        2724M (67%)         530M (13%)         290M (7%)         2898M (71%)         290M (7%)     
[345.945s][info][gc,heap     ] GC(247)      Live:         -                 9M (0%)            9M (0%)            9M (0%)             -                  -          
[345.945s][info][gc,heap     ] GC(247) Allocated:         -                94M (2%)          276M (7%)          278M (7%)             -                  -          
[345.945s][info][gc,heap     ] GC(247)   Garbage:         -              2620M (64%)         244M (6%)            2M (0%)             -                  -          
[345.945s][info][gc,heap     ] GC(247) Reclaimed:         -                  -              2376M (58%)        2618M (64%)            -                  -          
[345.945s][info][gc          ] GC(247) Garbage Collection (Allocation Rate) 2630M(64%)->290M(7%)
[347.230s][info][gc,start    ] GC(248) Garbage Collection (Allocation Rate)
[347.230s][info][gc,task     ] GC(248) Using 1 workers
[347.230s][info][gc,phases   ] GC(248) Pause Mark Start 0.013ms
[347.254s][info][gc,phases   ] GC(248) Concurrent Mark 23.482ms
[347.254s][info][gc,phases   ] GC(248) Pause Mark End 0.018ms
[347.254s][info][gc,phases   ] GC(248) Concurrent Mark Free 0.002ms
[347.358s][info][gc,phases   ] GC(248) Concurrent Process Non-Strong References 103.582ms
[347.358s][info][gc,phases   ] GC(248) Concurrent Reset Relocation Set 0.019ms
[347.363s][info][gc,phases   ] GC(248) Concurrent Select Relocation Set 4.758ms
[347.363s][info][gc,phases   ] GC(248) Pause Relocate Start 0.008ms
[347.368s][info][gc,phases   ] GC(248) Concurrent Relocate 4.947ms
[347.368s][info][gc,load     ] GC(248) Load: 0.00/0.00/0.00
[347.368s][info][gc,mmu      ] GC(248) MMU: 2ms/96.5%, 5ms/98.6%, 10ms/99.3%, 20ms/99.6%, 50ms/99.8%, 100ms/99.9%
[347.368s][info][gc,marking  ] GC(248) Mark: 1 stripe(s), 2 proactive flush(es), 1 terminate flush(es), 0 completion(s), 0 continuation(s) 
[347.368s][info][gc,marking  ] GC(248) Mark Stack Usage: 32M
[347.368s][info][gc,nmethod  ] GC(248) NMethods: 651 registered, 120 unregistered
[347.368s][info][gc,metaspace] GC(248) Metaspace: 13M used, 14M committed, 1088M reserved
[347.368s][info][gc,ref      ] GC(248) Soft: 211 encountered, 0 discovered, 0 enqueued
[347.368s][info][gc,ref      ] GC(248) Weak: 723 encountered, 439 discovered, 0 enqueued
[347.368s][info][gc,ref      ] GC(248) Final: 0 encountered, 0 discovered, 0 enqueued
[347.368s][info][gc,ref      ] GC(248) Phantom: 59 encountered, 46 discovered, 0 enqueued
[347.368s][info][gc,reloc    ] GC(248) Small Pages: 1509 / 3018M, Empty: 2764M, Relocated: 3M, In-Place: 0
[347.368s][info][gc,reloc    ] GC(248) Medium Pages: 0 / 0M, Empty: 0M, Relocated: 0M, In-Place: 0
[347.368s][info][gc,reloc    ] GC(248) Large Pages: 0 / 0M, Empty: 0M, Relocated: 0M, In-Place: 0
[347.368s][info][gc,reloc    ] GC(248) Forwarding Usage: 0M
[347.368s][info][gc,heap     ] GC(248) Min Capacity: 8M(0%)
[347.368s][info][gc,heap     ] GC(248) Max Capacity: 4096M(100%)
[347.368s][info][gc,heap     ] GC(248) Soft Max Capacity: 4096M(100%)
[347.368s][info][gc,heap     ] GC(248)                Mark Start          Mark End        Relocate Start      Relocate End           High               Low         
[347.368s][info][gc,heap     ] GC(248)  Capacity:     3862M (94%)        3862M (94%)        3862M (94%)        3862M (94%)        3862M (94%)        3862M (94%)    
[347.368s][info][gc,heap     ] GC(248)      Free:     1078M (26%)         986M (24%)        3500M (85%)        3732M (91%)        3732M (91%)         748M (18%)    
[347.368s][info][gc,heap     ] GC(248)      Used:     3018M (74%)        3110M (76%)         596M (15%)         364M (9%)         3348M (82%)         364M (9%)     
[347.368s][info][gc,heap     ] GC(248)      Live:         -                 9M (0%)            9M (0%)            9M (0%)             -                  -          
[347.368s][info][gc,heap     ] GC(248) Allocated:         -                92M (2%)          342M (8%)          352M (9%)             -                  -          
[347.368s][info][gc,heap     ] GC(248)   Garbage:         -              3008M (73%)         244M (6%)            1M (0%)             -                  -          
[347.368s][info][gc,heap     ] GC(248) Reclaimed:         -                  -              2764M (67%)        3006M (73%)            -                  -          
[347.368s][info][gc          ] GC(248) Garbage Collection (Allocation Rate) 3018M(74%)->364M(9%)
[348.830s][info][gc,start    ] GC(249) Garbage Collection (Allocation Rate)
[348.830s][info][gc,task     ] GC(249) Using 1 workers
[348.830s][info][gc,phases   ] GC(249) Pause Mark Start 0.013ms
[348.853s][info][gc,phases   ] GC(249) Concurrent Mark 22.461ms
[348.853s][info][gc,phases   ] GC(249) Pause Mark End 0.017ms
[348.853s][info][gc,phases   ] GC(249) Concurrent Mark Free 0.001ms
[348.942s][info][gc,phases   ] GC(249) Concurrent Process Non-Strong References 89.572ms
[348.943s][info][gc,phases   ] GC(249) Concurrent Reset Relocation Set 0.017ms
[348.947s][info][gc,phases   ] GC(249) Concurrent Select Relocation Set 4.824ms
[348.948s][info][gc,phases   ] GC(249) Pause Relocate Start 0.009ms
[348.949s][info][gc,phases   ] GC(249) Concurrent Relocate 1.691ms
[348.949s][info][gc,load     ] GC(249) Load: 0.00/0.00/0.00
[348.949s][info][gc,mmu      ] GC(249) MMU: 2ms/96.5%, 5ms/98.6%, 10ms/99.3%, 20ms/99.6%, 50ms/99.8%, 100ms/99.9%
[348.949s][info][gc,marking  ] GC(249) Mark: 1 stripe(s), 2 proactive flush(es), 1 terminate flush(es), 0 completion(s), 0 continuation(s) 
[348.949s][info][gc,marking  ] GC(249) Mark Stack Usage: 32M
[348.949s][info][gc,nmethod  ] GC(249) NMethods: 651 registered, 120 unregistered
[348.949s][info][gc,metaspace] GC(249) Metaspace: 13M used, 14M committed, 1088M reserved
[348.950s][info][gc,ref      ] GC(249) Soft: 211 encountered, 0 discovered, 0 enqueued
[348.950s][info][gc,ref      ] GC(249) Weak: 723 encountered, 439 discovered, 0 enqueued
[348.950s][info][gc,ref      ] GC(249) Final: 0 encountered, 0 discovered, 0 enqueued
[348.950s][info][gc,ref      ] GC(249) Phantom: 59 encountered, 46 discovered, 0 enqueued
[348.950s][info][gc,reloc    ] GC(249) Small Pages: 1658 / 3316M, Empty: 3046M, Relocated: 3M, In-Place: 0
[348.950s][info][gc,reloc    ] GC(249) Medium Pages: 0 / 0M, Empty: 0M, Relocated: 0M, In-Place: 0
[348.950s][info][gc,reloc    ] GC(249) Large Pages: 0 / 0M, Empty: 0M, Relocated: 0M, In-Place: 0
[348.950s][info][gc,reloc    ] GC(249) Forwarding Usage: 0M
[348.950s][info][gc,heap     ] GC(249) Min Capacity: 8M(0%)
[348.950s][info][gc,heap     ] GC(249) Max Capacity: 4096M(100%)
[348.950s][info][gc,heap     ] GC(249) Soft Max Capacity: 4096M(100%)
[348.950s][info][gc,heap     ] GC(249)                Mark Start          Mark End        Relocate Start      Relocate End           High               Low         
[348.950s][info][gc,heap     ] GC(249)  Capacity:     3862M (94%)        3862M (94%)        3862M (94%)        3862M (94%)        3862M (94%)        3862M (94%)    
[348.950s][info][gc,heap     ] GC(249)      Free:      780M (19%)         686M (17%)        3550M (87%)        3806M (93%)        3806M (93%)         506M (12%)    
[348.950s][info][gc,heap     ] GC(249)      Used:     3316M (81%)        3410M (83%)         546M (13%)         290M (7%)         3590M (88%)         290M (7%)     
[348.950s][info][gc,heap     ] GC(249)      Live:         -                 9M (0%)            9M (0%)            9M (0%)             -                  -          
[348.950s][info][gc,heap     ] GC(249) Allocated:         -                94M (2%)          276M (7%)          278M (7%)             -                  -          
[348.950s][info][gc,heap     ] GC(249)   Garbage:         -              3306M (81%)         260M (6%)            1M (0%)             -                  -          
[348.950s][info][gc,heap     ] GC(249) Reclaimed:         -                  -              3046M (74%)        3304M (81%)            -                  -          
[348.950s][info][gc          ] GC(249) Garbage Collection (Allocation Rate) 3316M(81%)->290M(7%)
[350.130s][info][gc,stats    ] === Garbage Collection Statistics =======================================================================================================================
[350.130s][info][gc,stats    ]                                                              Last 10s              Last 10m              Last 10h                Total
[350.130s][info][gc,stats    ]                                                              Avg / Max             Avg / Max             Avg / Max             Avg / Max
[350.130s][info][gc,stats    ]   Collector: Garbage Collection Cycle                    115.352 / 222.332      82.346 / 587.803      82.346 / 587.803      82.346 / 587.803     ms
[350.130s][info][gc,stats    ]  Contention: Mark Segment Reset Contention                     0 / 2                 1 / 26                1 / 26                1 / 26          ops/s
[350.130s][info][gc,stats    ]  Contention: Mark SeqNum Reset Contention                      0 / 0                 0 / 3                 0 / 3                 0 / 3           ops/s
[350.130s][info][gc,stats    ]    Critical: Allocation Stall                                  0 / 0                 0 / 0                 0 / 0                 0 / 0           ops/s
[350.130s][info][gc,stats    ]    Critical: Allocation Stall                              0.000 / 0.000         0.000 / 0.000         0.000 / 0.000         0.000 / 0.000       ms
[350.130s][info][gc,stats    ]    Critical: GC Locker Stall                                   0 / 0                 0 / 0                 0 / 0                 0 / 0           ops/s
[350.130s][info][gc,stats    ]    Critical: GC Locker Stall                               0.000 / 0.000         0.000 / 0.000         0.000 / 0.000         0.000 / 0.000       ms
[350.130s][info][gc,stats    ]    Critical: Relocation Stall                                  0 / 0                 0 / 0                 0 / 0                 0 / 0           ops/s
[350.130s][info][gc,stats    ]    Critical: Relocation Stall                              0.000 / 0.000         0.000 / 0.000         0.000 / 0.000         0.000 / 0.000       ms
[350.130s][info][gc,stats    ]      Memory: Allocation Rate                                2023 / 2154           1986 / 2322           1986 / 2322           1986 / 2322        MB/s
[350.130s][info][gc,stats    ]      Memory: Defragment                                        0 / 0                 0 / 0                 0 / 0                 0 / 0           ops/s
[350.130s][info][gc,stats    ]      Memory: Out Of Memory                                     0 / 0                 0 / 0                 0 / 0                 0 / 0           ops/s
[350.130s][info][gc,stats    ]      Memory: Page Cache Flush                                  0 / 0                 0 / 0                 0 / 0                 0 / 0           MB/s
[350.130s][info][gc,stats    ]      Memory: Page Cache Hit L1                              1013 / 1078            991 / 1162            991 / 1162            991 / 1162        ops/s
[350.130s][info][gc,stats    ]      Memory: Page Cache Hit L2                                 0 / 0                 0 / 0                 0 / 0                 0 / 0           ops/s
[350.130s][info][gc,stats    ]      Memory: Page Cache Hit L3                                 0 / 0                 2 / 448               2 / 448               2 / 448         ops/s
[350.130s][info][gc,stats    ]      Memory: Page Cache Miss                                   0 / 0                 2 / 471               2 / 471               2 / 471         ops/s
[350.130s][info][gc,stats    ]      Memory: Uncommit                                          0 / 0                 0 / 0                 0 / 0                 0 / 0           MB/s
[350.130s][info][gc,stats    ]      Memory: Undo Object Allocation Failed                     0 / 2                 0 / 5                 0 / 5                 0 / 5           ops/s
[350.130s][info][gc,stats    ]      Memory: Undo Object Allocation Succeeded                 15 / 44               20 / 124              20 / 124              20 / 124         ops/s
[350.130s][info][gc,stats    ]      Memory: Undo Page Allocation                              0 / 2                 0 / 23                0 / 23                0 / 23          ops/s
[350.130s][info][gc,stats    ]       Phase: Concurrent Mark                              18.430 / 23.482       20.591 / 549.801      20.591 / 549.801      20.591 / 549.801     ms
[350.130s][info][gc,stats    ]       Phase: Concurrent Mark Continue                      0.000 / 0.000         0.000 / 0.000         0.000 / 0.000         0.000 / 0.000       ms
[350.130s][info][gc,stats    ]       Phase: Concurrent Mark Free                          0.001 / 0.002         0.001 / 0.008         0.001 / 0.008         0.001 / 0.008       ms
[350.130s][info][gc,stats    ]       Phase: Concurrent Process Non-Strong References     87.962 / 187.420      48.436 / 237.767      48.436 / 237.767      48.436 / 237.767     ms
[350.130s][info][gc,stats    ]       Phase: Concurrent Relocate                           2.360 / 4.947         2.503 / 10.088        2.503 / 10.088        2.503 / 10.088      ms
[350.130s][info][gc,stats    ]       Phase: Concurrent Reset Relocation Set               0.017 / 0.029         0.015 / 0.029         0.015 / 0.029         0.015 / 0.029       ms
[350.130s][info][gc,stats    ]       Phase: Concurrent Select Relocation Set              4.457 / 4.824         4.615 / 22.887        4.615 / 22.887        4.615 / 22.887      ms
[350.130s][info][gc,stats    ]       Phase: Pause Mark End                                0.018 / 0.020         0.019 / 0.070         0.019 / 0.070         0.019 / 0.070       ms
[350.130s][info][gc,stats    ]       Phase: Pause Mark Start                              0.013 / 0.017         0.013 / 0.022         0.013 / 0.022         0.013 / 0.022       ms
[350.130s][info][gc,stats    ]       Phase: Pause Relocate Start                          0.009 / 0.009         0.008 / 0.019         0.008 / 0.019         0.008 / 0.019       ms
[350.130s][info][gc,stats    ]    Subphase: Concurrent Classes Purge                      0.008 / 0.021         0.048 / 5.118         0.048 / 5.118         0.048 / 5.118       ms
[350.130s][info][gc,stats    ]    Subphase: Concurrent Classes Unlink                     1.029 / 1.463         2.982 / 7.490         2.982 / 7.490         2.982 / 7.490       ms
[350.130s][info][gc,stats    ]    Subphase: Concurrent Mark                              13.794 / 22.223        9.058 / 194.753       9.058 / 194.753       9.058 / 194.753     ms
[350.130s][info][gc,stats    ]    Subphase: Concurrent Mark Try Flush                     0.106 / 0.171         0.674 / 176.903       0.674 / 176.903       0.674 / 176.903     ms
[350.130s][info][gc,stats    ]    Subphase: Concurrent Mark Try Terminate                 4.557 / 10.705        2.408 / 15.651        2.408 / 15.651        2.408 / 15.651      ms
[350.130s][info][gc,stats    ]    Subphase: Concurrent References Enqueue                 0.001 / 0.001         0.001 / 0.007         0.001 / 0.007         0.001 / 0.007       ms
[350.131s][info][gc,stats    ]    Subphase: Concurrent References Process                 0.125 / 0.183         0.095 / 0.196         0.095 / 0.196         0.095 / 0.196       ms
[350.131s][info][gc,stats    ]    Subphase: Concurrent Roots ClassLoaderDataGraph         0.095 / 0.367         0.079 / 0.923         0.079 / 0.923         0.079 / 0.923       ms
[350.131s][info][gc,stats    ]    Subphase: Concurrent Roots CodeCache                    0.000 / 0.000         0.000 / 0.000         0.000 / 0.000         0.000 / 0.000       ms
[350.131s][info][gc,stats    ]    Subphase: Concurrent Roots JavaThreads                  0.289 / 0.712         0.626 / 473.279       0.626 / 473.279       0.626 / 473.279     ms
[350.131s][info][gc,stats    ]    Subphase: Concurrent Roots OopStorageSet                0.046 / 0.122         0.055 / 1.317         0.055 / 1.317         0.055 / 1.317       ms
[350.131s][info][gc,stats    ]    Subphase: Concurrent Weak Roots OopStorageSet          37.590 / 102.014      13.807 / 102.014      13.807 / 102.014      13.807 / 102.014     ms
[350.131s][info][gc,stats    ]    Subphase: Pause Mark Try Complete                       0.000 / 0.000         0.003 / 0.007         0.003 / 0.007         0.003 / 0.007       ms
[350.131s][info][gc,stats    ]      System: Java Threads                                     62 / 72               53 / 73               53 / 73               53 / 73          threads
[350.131s][info][gc,stats    ] =========================================================================================================================================================
[350.531s][info][gc,start    ] GC(250) Garbage Collection (Allocation Rate)
[350.531s][info][gc,task     ] GC(250) Using 1 workers
[350.562s][info][gc,phases   ] GC(250) Pause Mark Start 0.015ms
[350.592s][info][gc,phases   ] GC(250) Concurrent Mark 30.139ms
[350.592s][info][gc,phases   ] GC(250) Pause Mark End 0.039ms
[350.592s][info][gc,phases   ] GC(250) Concurrent Mark Free 0.002ms
[350.693s][info][gc,phases   ] GC(250) Concurrent Process Non-Strong References 100.977ms
[350.693s][info][gc,phases   ] GC(250) Concurrent Reset Relocation Set 0.015ms
[350.699s][info][gc,phases   ] GC(250) Concurrent Select Relocation Set 5.144ms
[350.699s][info][gc,phases   ] GC(250) Pause Relocate Start 0.009ms
[350.700s][info][gc,phases   ] GC(250) Concurrent Relocate 0.712ms
[350.700s][info][gc,load     ] GC(250) Load: 0.00/0.00/0.00
[350.700s][info][gc,mmu      ] GC(250) MMU: 2ms/96.5%, 5ms/98.6%, 10ms/99.3%, 20ms/99.6%, 50ms/99.8%, 100ms/99.9%
[350.700s][info][gc,marking  ] GC(250) Mark: 1 stripe(s), 2 proactive flush(es), 1 terminate flush(es), 1 completion(s), 0 continuation(s) 
[350.700s][info][gc,marking  ] GC(250) Mark Stack Usage: 32M
[350.700s][info][gc,nmethod  ] GC(250) NMethods: 651 registered, 120 unregistered
[350.700s][info][gc,metaspace] GC(250) Metaspace: 13M used, 14M committed, 1088M reserved
[350.700s][info][gc,ref      ] GC(250) Soft: 211 encountered, 0 discovered, 0 enqueued
[350.700s][info][gc,ref      ] GC(250) Weak: 723 encountered, 439 discovered, 0 enqueued
[350.700s][info][gc,ref      ] GC(250) Final: 0 encountered, 0 discovered, 0 enqueued
[350.700s][info][gc,ref      ] GC(250) Phantom: 59 encountered, 46 discovered, 0 enqueued
[350.700s][info][gc,reloc    ] GC(250) Small Pages: 1723 / 3446M, Empty: 3174M, Relocated: 1M, In-Place: 0
[350.700s][info][gc,reloc    ] GC(250) Medium Pages: 0 / 0M, Empty: 0M, Relocated: 0M, In-Place: 0
[350.700s][info][gc,reloc    ] GC(250) Large Pages: 0 / 0M, Empty: 0M, Relocated: 0M, In-Place: 0
[350.700s][info][gc,reloc    ] GC(250) Forwarding Usage: 0M
[350.700s][info][gc,heap     ] GC(250) Min Capacity: 8M(0%)
[350.700s][info][gc,heap     ] GC(250) Max Capacity: 4096M(100%)
[350.700s][info][gc,heap     ] GC(250) Soft Max Capacity: 4096M(100%)
[350.700s][info][gc,heap     ] GC(250)                Mark Start          Mark End        Relocate Start      Relocate End           High               Low         
[350.700s][info][gc,heap     ] GC(250)  Capacity:     3862M (94%)        3862M (94%)        3862M (94%)        3862M (94%)        3862M (94%)        3862M (94%)    
[350.700s][info][gc,heap     ] GC(250)      Free:      650M (16%)         556M (14%)        3540M (86%)        3788M (92%)        3788M (92%)         366M (9%)     
[350.700s][info][gc,heap     ] GC(250)      Used:     3446M (84%)        3540M (86%)         556M (14%)         308M (8%)         3730M (91%)         308M (8%)     
[350.700s][info][gc,heap     ] GC(250)      Live:         -                10M (0%)           10M (0%)           10M (0%)             -                  -          
[350.700s][info][gc,heap     ] GC(250) Allocated:         -                94M (2%)          284M (7%)          294M (7%)             -                  -          
[350.700s][info][gc,heap     ] GC(250)   Garbage:         -              3435M (84%)         261M (6%)            3M (0%)             -                  -          
[350.700s][info][gc,heap     ] GC(250) Reclaimed:         -                  -              3174M (77%)        3432M (84%)            -                  -          
[350.700s][info][gc          ] GC(250) Garbage Collection (Allocation Rate) 3446M(84%)->308M(8%)
[352.130s][info][gc,start    ] GC(251) Garbage Collection (Allocation Rate)
[352.130s][info][gc,task     ] GC(251) Using 1 workers
[352.131s][info][gc,phases   ] GC(251) Pause Mark Start 0.013ms
[352.154s][info][gc,phases   ] GC(251) Concurrent Mark 22.944ms
[352.154s][info][gc,phases   ] GC(251) Pause Mark End 0.019ms
[352.154s][info][gc,phases   ] GC(251) Concurrent Mark Free 0.001ms
[352.247s][info][gc,phases   ] GC(251) Concurrent Process Non-Strong References 93.241ms
[352.247s][info][gc,phases   ] GC(251) Concurrent Reset Relocation Set 0.016ms
[352.251s][info][gc,phases   ] GC(251) Concurrent Select Relocation Set 3.392ms
[352.251s][info][gc,phases   ] GC(251) Pause Relocate Start 0.009ms
[352.252s][info][gc,phases   ] GC(251) Concurrent Relocate 0.881ms
[352.252s][info][gc,load     ] GC(251) Load: 0.00/0.00/0.00
[352.252s][info][gc,mmu      ] GC(251) MMU: 2ms/96.5%, 5ms/98.6%, 10ms/99.3%, 20ms/99.6%, 50ms/99.8%, 100ms/99.9%
[352.252s][info][gc,marking  ] GC(251) Mark: 1 stripe(s), 2 proactive flush(es), 1 terminate flush(es), 0 completion(s), 0 continuation(s) 
[352.252s][info][gc,marking  ] GC(251) Mark Stack Usage: 32M
[352.252s][info][gc,nmethod  ] GC(251) NMethods: 651 registered, 120 unregistered
[352.252s][info][gc,metaspace] GC(251) Metaspace: 13M used, 14M committed, 1088M reserved
[352.252s][info][gc,ref      ] GC(251) Soft: 211 encountered, 0 discovered, 0 enqueued
[352.252s][info][gc,ref      ] GC(251) Weak: 695 encountered, 439 discovered, 0 enqueued
[352.252s][info][gc,ref      ] GC(251) Final: 0 encountered, 0 discovered, 0 enqueued
[352.252s][info][gc,ref      ] GC(251) Phantom: 59 encountered, 46 discovered, 0 enqueued
[352.252s][info][gc,reloc    ] GC(251) Small Pages: 1639 / 3278M, Empty: 3050M, Relocated: 1M, In-Place: 0
[352.252s][info][gc,reloc    ] GC(251) Medium Pages: 0 / 0M, Empty: 0M, Relocated: 0M, In-Place: 0
[352.252s][info][gc,reloc    ] GC(251) Large Pages: 0 / 0M, Empty: 0M, Relocated: 0M, In-Place: 0
[352.252s][info][gc,reloc    ] GC(251) Forwarding Usage: 0M
[352.252s][info][gc,heap     ] GC(251) Min Capacity: 8M(0%)
[352.252s][info][gc,heap     ] GC(251) Max Capacity: 4096M(100%)
[352.252s][info][gc,heap     ] GC(251) Soft Max Capacity: 4096M(100%)
[352.252s][info][gc,heap     ] GC(251)                Mark Start          Mark End        Relocate Start      Relocate End           High               Low         
[352.252s][info][gc,heap     ] GC(251)  Capacity:     3862M (94%)        3862M (94%)        3862M (94%)        3862M (94%)        3862M (94%)        3862M (94%)    
[352.252s][info][gc,heap     ] GC(251)      Free:      818M (20%)         744M (18%)        3562M (87%)        3770M (92%)        3770M (92%)         522M (13%)    
[352.252s][info][gc,heap     ] GC(251)      Used:     3278M (80%)        3352M (82%)         534M (13%)         326M (8%)         3574M (87%)         326M (8%)     
[352.252s][info][gc,heap     ] GC(251)      Live:         -                 9M (0%)            9M (0%)            9M (0%)             -                  -          
[352.252s][info][gc,heap     ] GC(251) Allocated:         -                74M (2%)          306M (7%)          313M (8%)             -                  -          
[352.252s][info][gc,heap     ] GC(251)   Garbage:         -              3268M (80%)         218M (5%)            3M (0%)             -                  -          
[352.252s][info][gc,heap     ] GC(251) Reclaimed:         -                  -              3050M (74%)        3265M (80%)            -                  -          
[352.252s][info][gc          ] GC(251) Garbage Collection (Allocation Rate) 3278M(80%)->326M(8%)
[352.941s][info][gc,start    ] GC(252) Garbage Collection (Allocation Rate)
[352.941s][info][gc,task     ] GC(252) Using 6 workers
[353.147s][info][gc,phases   ] GC(252) Pause Mark Start 0.019ms
[353.156s][info][gc,phases   ] GC(252) Concurrent Mark 8.780ms
[353.157s][info][gc,phases   ] GC(252) Pause Mark End 0.019ms
[353.157s][info][gc,phases   ] GC(252) Concurrent Mark Free 0.001ms
[353.180s][info][gc          ] GC(252) Garbage Collection (Allocation Rate) Aborted
[353.180s][info][gc,heap,exit] Heap
[353.181s][info][gc,heap,exit]  ZHeap           used 790M, capacity 3862M, max capacity 4096M
[353.181s][info][gc,heap,exit]  Metaspace       used 14366K, committed 15232K, reserved 1114112K
[353.181s][info][gc,heap,exit]   class space    used 1967K, committed 2368K, reserved 1048576K
