[0.017s][info][gc,init] CardTable entry size: 512
[0.018s][info][gc     ] Using G1
[0.040s][info][gc,init] Version: 20+36-2344 (release)
[0.040s][info][gc,init] CPUs: 48 total, 48 available
[0.040s][info][gc,init] Memory: 382G
[0.040s][info][gc,init] Large Page Support: Disabled
[0.040s][info][gc,init] NUMA Support: Disabled
[0.040s][info][gc,init] Compressed Oops: Enabled (32-bit)
[0.040s][info][gc,init] Heap Region Size: 1M
[0.040s][info][gc,init] Heap Min Capacity: 8M
[0.040s][info][gc,init] Heap Initial Capacity: 2G
[0.040s][info][gc,init] Heap Max Capacity: 2G
[0.055s][info][gc,init] Pre-touch: Disabled
[0.055s][info][gc,init] Parallel Workers: 33
[0.055s][info][gc,init] Concurrent Workers: 8
[0.055s][info][gc,init] Concurrent Refinement Workers: 33
[0.055s][info][gc,init] Periodic GC: Disabled
[0.056s][info][gc,metaspace] CDS archive(s) mapped at: [0x0000000800000000-0x0000000800c60000-0x0000000800c60000), size 12976128, SharedBaseAddress: 0x0000000800000000, ArchiveRelocationMode: 0.
[0.056s][info][gc,metaspace] Compressed class space mapped at: 0x0000000801000000-0x0000000841000000, reserved size: 1073741824
[0.056s][info][gc,metaspace] Narrow klass base: 0x0000000800000000, Narrow klass shift: 0, Narrow klass range: 0x100000000
[8.363s][info][gc,heap,exit] Heap
[8.363s][info][gc,heap,exit]  garbage-first heap   total 2097152K, used 44032K [0x0000000080000000, 0x0000000100000000)
[8.363s][info][gc,heap,exit]   region size 1024K, 43 young (44032K), 0 survivors (0K)
[8.363s][info][gc,heap,exit]  Metaspace       used 7283K, committed 7552K, reserved 1114112K
[8.363s][info][gc,heap,exit]   class space    used 806K, committed 960K, reserved 1048576K
