[0.016s][info][gc,init] CardTable entry size: 512
[0.017s][info][gc     ] Using Parallel
[0.020s][info][gc,init] Version: 20+36-2344 (release)
[0.020s][info][gc,init] CPUs: 48 total, 48 available
[0.020s][info][gc,init] Memory: 382G
[0.020s][info][gc,init] Large Page Support: Disabled
[0.020s][info][gc,init] NUMA Support: Disabled
[0.020s][info][gc,init] Compressed Oops: Enabled (32-bit)
[0.020s][info][gc,init] Alignments: Space 512K, Generation 512K, Heap 2M
[0.020s][info][gc,init] Heap Min Capacity: 8M
[0.020s][info][gc,init] Heap Initial Capacity: 512M
[0.132s][info][gc,init] Heap Max Capacity: 512M
[0.132s][info][gc,init] Pre-touch: Disabled
[0.132s][info][gc,init] Parallel Workers: 33
[0.133s][info][gc,metaspace] CDS archive(s) mapped at: [0x0000000800000000-0x0000000800c60000-0x0000000800c60000), size 12976128, SharedBaseAddress: 0x0000000800000000, ArchiveRelocationMode: 0.
[0.134s][info][gc,metaspace] Compressed class space mapped at: 0x0000000801000000-0x0000000841000000, reserved size: 1073741824
[0.134s][info][gc,metaspace] Narrow klass base: 0x0000000800000000, Narrow klass shift: 0, Narrow klass range: 0x100000000
[10.459s][info][gc,heap,exit] Heap
[10.459s][info][gc,heap,exit]  PSYoungGen      total 153088K, used 71109K [0x00000000f5580000, 0x0000000100000000, 0x0000000100000000)
[10.459s][info][gc,heap,exit]   eden space 131584K, 54% used [0x00000000f5580000,0x00000000f9af1610,0x00000000fd600000)
[10.459s][info][gc,heap,exit]   from space 21504K, 0% used [0x00000000feb00000,0x00000000feb00000,0x0000000100000000)
[10.459s][info][gc,heap,exit]   to   space 21504K, 0% used [0x00000000fd600000,0x00000000fd600000,0x00000000feb00000)
[10.459s][info][gc,heap,exit]  ParOldGen       total 349696K, used 0K [0x00000000e0000000, 0x00000000f5580000, 0x00000000f5580000)
[10.459s][info][gc,heap,exit]   object space 349696K, 0% used [0x00000000e0000000,0x00000000e0000000,0x00000000f5580000)
[10.459s][info][gc,heap,exit]  Metaspace       used 7279K, committed 7552K, reserved 1114112K
[10.459s][info][gc,heap,exit]   class space    used 804K, committed 960K, reserved 1048576K
