[0.016s][info][gc,init] CardTable entry size: 512
[0.016s][info][gc     ] Using Parallel
[0.027s][info][gc,init] Version: 20+36-2344 (release)
[0.027s][info][gc,init] CPUs: 48 total, 48 available
[0.027s][info][gc,init] Memory: 382G
[0.027s][info][gc,init] Large Page Support: Disabled
[0.027s][info][gc,init] NUMA Support: Disabled
[0.027s][info][gc,init] Compressed Oops: Enabled (Zero based)
[0.027s][info][gc,init] Alignments: Space 512K, Generation 512K, Heap 2M
[0.027s][info][gc,init] Heap Min Capacity: 8M
[0.027s][info][gc,init] Heap Initial Capacity: 2G
[0.035s][info][gc,init] Heap Max Capacity: 4G
[0.035s][info][gc,init] Pre-touch: Disabled
[0.035s][info][gc,init] Parallel Workers: 33
[0.036s][info][gc,metaspace] CDS archive(s) mapped at: [0x0000000800000000-0x0000000800c60000-0x0000000800c60000), size 12976128, SharedBaseAddress: 0x0000000800000000, ArchiveRelocationMode: 0.
[0.036s][info][gc,metaspace] Compressed class space mapped at: 0x0000000801000000-0x0000000841000000, reserved size: 1073741824
[0.036s][info][gc,metaspace] Narrow klass base: 0x0000000800000000, Narrow klass shift: 0, Narrow klass range: 0x100000000
[10.559s][info][gc,heap,exit] Heap
[10.559s][info][gc,heap,exit]  PSYoungGen      total 611840K, used 167973K [0x00000007aab00000, 0x00000007d5580000, 0x0000000800000000)
[10.559s][info][gc,heap,exit]   eden space 524800K, 32% used [0x00000007aab00000,0x00000007b4f09430,0x00000007cab80000)
[10.559s][info][gc,heap,exit]   from space 87040K, 0% used [0x00000007d0080000,0x00000007d0080000,0x00000007d5580000)
[10.559s][info][gc,heap,exit]   to   space 87040K, 0% used [0x00000007cab80000,0x00000007cab80000,0x00000007d0080000)
[10.559s][info][gc,heap,exit]  ParOldGen       total 1398272K, used 0K [0x0000000700000000, 0x0000000755580000, 0x00000007aab00000)
[10.559s][info][gc,heap,exit]   object space 1398272K, 0% used [0x0000000700000000,0x0000000700000000,0x0000000755580000)
[10.559s][info][gc,heap,exit]  Metaspace       used 7280K, committed 7552K, reserved 1114112K
[10.559s][info][gc,heap,exit]   class space    used 805K, committed 960K, reserved 1048576K
