[0.016s][info][gc,init] CardTable entry size: 512
[0.016s][info][gc     ] Using Serial
[0.021s][info][gc,init] Version: 20+36-2344 (release)
[0.021s][info][gc,init] CPUs: 48 total, 48 available
[0.021s][info][gc,init] Memory: 382G
[0.021s][info][gc,init] Large Page Support: Disabled
[0.021s][info][gc,init] NUMA Support: Disabled
[0.021s][info][gc,init] Compressed Oops: Enabled (32-bit)
[0.021s][info][gc,init] Heap Min Capacity: 8M
[0.021s][info][gc,init] Heap Initial Capacity: 1G
[0.021s][info][gc,init] Heap Max Capacity: 1G
[0.021s][info][gc,init] Pre-touch: Disabled
[0.060s][info][gc,metaspace] CDS archive(s) mapped at: [0x0000000800000000-0x0000000800c60000-0x0000000800c60000), size 12976128, SharedBaseAddress: 0x0000000800000000, ArchiveRelocationMode: 0.
[0.060s][info][gc,metaspace] Compressed class space mapped at: 0x0000000801000000-0x0000000841000000, reserved size: 1073741824
[0.060s][info][gc,metaspace] Narrow klass base: 0x0000000800000000, Narrow klass shift: 0, Narrow klass range: 0x100000000
[7.158s][info][gc,heap,exit] Heap
[7.158s][info][gc,heap,exit]  def new generation   total 314560K, used 106268K [0x00000000c0000000, 0x00000000d5550000, 0x00000000d5550000)
[7.158s][info][gc,heap,exit]   eden space 279616K,  38% used [0x00000000c0000000, 0x00000000c67c73b0, 0x00000000d1110000)
[7.158s][info][gc,heap,exit]   from space 34944K,   0% used [0x00000000d1110000, 0x00000000d1110000, 0x00000000d3330000)
[7.158s][info][gc,heap,exit]   to   space 34944K,   0% used [0x00000000d3330000, 0x00000000d3330000, 0x00000000d5550000)
[7.158s][info][gc,heap,exit]  tenured generation   total 699072K, used 0K [0x00000000d5550000, 0x0000000100000000, 0x0000000100000000)
[7.158s][info][gc,heap,exit]    the space 699072K,   0% used [0x00000000d5550000, 0x00000000d5550000, 0x00000000d5550200, 0x0000000100000000)
[7.158s][info][gc,heap,exit]  Metaspace       used 7282K, committed 7552K, reserved 1114112K
[7.158s][info][gc,heap,exit]   class space    used 805K, committed 960K, reserved 1048576K
