[0.018s][info][gc] Using Epsilon
[0.026s][info][gc,init] Version: 20+36-2344 (release)
[0.026s][info][gc,init] CPUs: 48 total, 48 available
[0.026s][info][gc,init] Memory: 382G
[0.026s][info][gc,init] Large Page Support: Disabled
[0.026s][info][gc,init] NUMA Support: Disabled
[0.026s][info][gc,init] Compressed Oops: Enabled (Zero based)
[0.026s][info][gc,init] Heap Min Capacity: 6656K
[0.026s][info][gc,init] Heap Initial Capacity: 2G
[0.026s][info][gc,init] Heap Max Capacity: 4G
[0.026s][info][gc,init] Pre-touch: Disabled
[0.026s][warning][gc,init] Consider setting -Xms equal to -Xmx to avoid resizing hiccups
[0.033s][warning][gc,init] Consider enabling -XX:+AlwaysPreTouch to avoid memory commit hiccups
[0.033s][info   ][gc,init] TLAB Size Max: 4M
[0.033s][info   ][gc,init] TLAB Size Elasticity: 1.10x
[0.033s][info   ][gc,init] TLAB Size Decay Time: 1000ms
[0.035s][info   ][gc,metaspace] CDS archive(s) mapped at: [0x0000000800000000-0x0000000800c60000-0x0000000800c60000), size 12976128, SharedBaseAddress: 0x0000000800000000, ArchiveRelocationMode: 0.
[0.035s][info   ][gc,metaspace] Compressed class space mapped at: 0x0000000801000000-0x0000000841000000, reserved size: 1073741824
[0.035s][info   ][gc,metaspace] Narrow klass base: 0x0000000800000000, Narrow klass shift: 0, Narrow klass range: 0x100000000
[9.915s][info   ][gc          ] GC request for "Metadata GC Threshold" is handled
[9.915s][info   ][gc,metaspace] Metaspace: 1088M reserved, 21504K (1.93%) committed, 21267K (1.91%) used
[10.808s][info   ][gc          ] GC request for "Metadata GC Threshold" is handled
[10.808s][info   ][gc,metaspace] Metaspace: 1088M reserved, 35840K (3.22%) committed, 35460K (3.18%) used
[11.245s][info   ][gc          ] Heap: 4096M reserved, 2048M (50.00%) committed, 206M (5.03%) used
[11.246s][info   ][gc,metaspace] Metaspace: 1088M reserved, 42944K (3.85%) committed, 42544K (3.82%) used
[11.473s][info   ][gc          ] Heap: 4096M reserved, 2048M (50.00%) committed, 414M (10.11%) used
[11.473s][info   ][gc,metaspace] Metaspace: 1088M reserved, 42944K (3.85%) committed, 42552K (3.82%) used
[11.700s][info   ][gc          ] Heap: 4096M reserved, 2048M (50.00%) committed, 622M (15.19%) used
[11.700s][info   ][gc,metaspace] Metaspace: 1088M reserved, 42944K (3.85%) committed, 42552K (3.82%) used
[11.942s][info   ][gc          ] Heap: 4096M reserved, 2048M (50.00%) committed, 830M (20.27%) used
[11.942s][info   ][gc,metaspace] Metaspace: 1088M reserved, 42944K (3.85%) committed, 42552K (3.82%) used
[12.172s][info   ][gc          ] Heap: 4096M reserved, 2048M (50.00%) committed, 1038M (25.35%) used
[12.172s][info   ][gc,metaspace] Metaspace: 1088M reserved, 42944K (3.85%) committed, 42552K (3.82%) used
[12.404s][info   ][gc          ] Heap: 4096M reserved, 2048M (50.00%) committed, 1246M (30.43%) used
[12.404s][info   ][gc,metaspace] Metaspace: 1088M reserved, 42944K (3.85%) committed, 42552K (3.82%) used
[13.105s][info   ][gc          ] GC request for "System.gc()" is ignored
[13.864s][info   ][gc          ] Heap: 4096M reserved, 2048M (50.00%) committed, 1452M (35.47%) used
[13.864s][info   ][gc,metaspace] Metaspace: 1088M reserved, 55040K (4.94%) committed, 54403K (4.88%) used
[14.110s][info   ][gc          ] Heap: 4096M reserved, 2048M (50.00%) committed, 1660M (40.55%) used
[14.110s][info   ][gc,metaspace] Metaspace: 1088M reserved, 55104K (4.95%) committed, 54433K (4.89%) used
[14.317s][info   ][gc          ] Heap: 4096M reserved, 2048M (50.00%) committed, 1868M (45.62%) used
[14.317s][info   ][gc,metaspace] Metaspace: 1088M reserved, 55104K (4.95%) committed, 54434K (4.89%) used
[14.520s][info   ][gc          ] Heap: 4096M reserved, 2176M (53.13%) committed, 2076M (50.70%) used
[14.520s][info   ][gc,metaspace] Metaspace: 1088M reserved, 55104K (4.95%) committed, 54435K (4.89%) used
[15.020s][info   ][gc          ] Heap: 4096M reserved, 2304M (56.25%) committed, 2283M (55.76%) used
[15.021s][info   ][gc,metaspace] Metaspace: 1088M reserved, 57152K (5.13%) committed, 56335K (5.06%) used
[15.152s][info   ][gc          ] Heap: 4096M reserved, 2560M (62.50%) committed, 2491M (60.84%) used
[15.152s][info   ][gc,metaspace] Metaspace: 1088M reserved, 57152K (5.13%) committed, 56342K (5.06%) used
[15.297s][info   ][gc          ] Heap: 4096M reserved, 2816M (68.75%) committed, 2699M (65.91%) used
[15.297s][info   ][gc,metaspace] Metaspace: 1088M reserved, 57152K (5.13%) committed, 56342K (5.06%) used
[15.440s][info   ][gc          ] Heap: 4096M reserved, 2944M (71.88%) committed, 2905M (70.94%) used
[15.440s][info   ][gc,metaspace] Metaspace: 1088M reserved, 57152K (5.13%) committed, 56351K (5.06%) used
[15.563s][info   ][gc          ] Heap: 4096M reserved, 3200M (78.13%) committed, 3113M (76.02%) used
[15.563s][info   ][gc,metaspace] Metaspace: 1088M reserved, 57152K (5.13%) committed, 56351K (5.06%) used
[15.689s][info   ][gc          ] Heap: 4096M reserved, 3328M (81.25%) committed, 3321M (81.10%) used
[15.689s][info   ][gc,metaspace] Metaspace: 1088M reserved, 57152K (5.13%) committed, 56351K (5.06%) used
[15.821s][info   ][gc          ] Heap: 4096M reserved, 3584M (87.50%) committed, 3529M (86.18%) used
[15.821s][info   ][gc,metaspace] Metaspace: 1088M reserved, 57152K (5.13%) committed, 56351K (5.06%) used
[15.951s][info   ][gc          ] Heap: 4096M reserved, 3840M (93.75%) committed, 3737M (91.26%) used
[15.951s][info   ][gc,metaspace] Metaspace: 1088M reserved, 57152K (5.13%) committed, 56351K (5.06%) used
[16.087s][info   ][gc          ] Heap: 4096M reserved, 3968M (96.88%) committed, 3945M (96.33%) used
[16.087s][info   ][gc,metaspace] Metaspace: 1088M reserved, 57152K (5.13%) committed, 56351K (5.06%) used
