[0.016s][info][gc] Using Epsilon
[0.022s][info][gc,init] Version: 20+36-2344 (release)
[0.022s][info][gc,init] CPUs: 48 total, 48 available
[0.022s][info][gc,init] Memory: 382G
[0.022s][info][gc,init] Large Page Support: Disabled
[0.022s][info][gc,init] NUMA Support: Disabled
[0.022s][info][gc,init] Compressed Oops: Enabled (32-bit)
[0.022s][info][gc,init] Heap Min Capacity: 6656K
[0.022s][info][gc,init] Heap Initial Capacity: 2G
[0.022s][info][gc,init] Heap Max Capacity: 2G
[0.022s][info][gc,init] Pre-touch: Disabled
[0.022s][warning][gc,init] Consider enabling -XX:+AlwaysPreTouch to avoid memory commit hiccups
[0.038s][info   ][gc,init] TLAB Size Max: 4M
[0.038s][info   ][gc,init] TLAB Size Elasticity: 1.10x
[0.038s][info   ][gc,init] TLAB Size Decay Time: 1000ms
[0.040s][info   ][gc,metaspace] CDS archive(s) mapped at: [0x0000000800000000-0x0000000800c60000-0x0000000800c60000), size 12976128, SharedBaseAddress: 0x0000000800000000, ArchiveRelocationMode: 0.
[0.040s][info   ][gc,metaspace] Compressed class space mapped at: 0x0000000801000000-0x0000000841000000, reserved size: 1073741824
[0.040s][info   ][gc,metaspace] Narrow klass base: 0x0000000800000000, Narrow klass shift: 0, Narrow klass range: 0x100000000
[10.340s][info   ][gc          ] GC request for "Metadata GC Threshold" is handled
[10.340s][info   ][gc,metaspace] Metaspace: 1088M reserved, 21504K (1.93%) committed, 21273K (1.91%) used
[10.785s][info   ][gc          ] Heap: 2048M reserved, 2048M (100.00%) committed, 102M (5.02%) used
[10.785s][info   ][gc,metaspace] Metaspace: 1088M reserved, 28928K (2.60%) committed, 28522K (2.56%) used
[11.222s][info   ][gc          ] GC request for "Metadata GC Threshold" is handled
[11.222s][info   ][gc,metaspace] Metaspace: 1088M reserved, 35840K (3.22%) committed, 35456K (3.18%) used
[11.703s][info   ][gc          ] Heap: 2048M reserved, 2048M (100.00%) committed, 206M (10.09%) used
[11.703s][info   ][gc,metaspace] Metaspace: 1088M reserved, 42944K (3.85%) committed, 42538K (3.82%) used
[11.819s][info   ][gc          ] Heap: 2048M reserved, 2048M (100.00%) committed, 310M (15.17%) used
[11.819s][info   ][gc,metaspace] Metaspace: 1088M reserved, 42944K (3.85%) committed, 42538K (3.82%) used
[11.932s][info   ][gc          ] Heap: 2048M reserved, 2048M (100.00%) committed, 414M (20.25%) used
[11.932s][info   ][gc,metaspace] Metaspace: 1088M reserved, 42944K (3.85%) committed, 42547K (3.82%) used
[12.045s][info   ][gc          ] Heap: 2048M reserved, 2048M (100.00%) committed, 518M (25.33%) used
[12.045s][info   ][gc,metaspace] Metaspace: 1088M reserved, 42944K (3.85%) committed, 42547K (3.82%) used
[12.157s][info   ][gc          ] Heap: 2048M reserved, 2048M (100.00%) committed, 622M (30.41%) used
[12.157s][info   ][gc,metaspace] Metaspace: 1088M reserved, 42944K (3.85%) committed, 42547K (3.82%) used
[12.303s][info   ][gc          ] Heap: 2048M reserved, 2048M (100.00%) committed, 726M (35.48%) used
[12.303s][info   ][gc,metaspace] Metaspace: 1088M reserved, 42944K (3.85%) committed, 42547K (3.82%) used
[12.416s][info   ][gc          ] Heap: 2048M reserved, 2048M (100.00%) committed, 830M (40.56%) used
[12.416s][info   ][gc,metaspace] Metaspace: 1088M reserved, 42944K (3.85%) committed, 42547K (3.82%) used
[12.528s][info   ][gc          ] Heap: 2048M reserved, 2048M (100.00%) committed, 934M (45.64%) used
[12.528s][info   ][gc,metaspace] Metaspace: 1088M reserved, 42944K (3.85%) committed, 42547K (3.82%) used
[12.641s][info   ][gc          ] Heap: 2048M reserved, 2048M (100.00%) committed, 1038M (50.72%) used
[12.641s][info   ][gc,metaspace] Metaspace: 1088M reserved, 42944K (3.85%) committed, 42547K (3.82%) used
[12.771s][info   ][gc          ] Heap: 2048M reserved, 2048M (100.00%) committed, 1142M (55.80%) used
[12.771s][info   ][gc,metaspace] Metaspace: 1088M reserved, 42944K (3.85%) committed, 42547K (3.82%) used
[12.884s][info   ][gc          ] Heap: 2048M reserved, 2048M (100.00%) committed, 1246M (60.87%) used
[12.884s][info   ][gc,metaspace] Metaspace: 1088M reserved, 42944K (3.85%) committed, 42547K (3.82%) used
[13.588s][info   ][gc          ] GC request for "System.gc()" is ignored
[14.161s][info   ][gc          ] Heap: 2048M reserved, 2048M (100.00%) committed, 1352M (66.05%) used
[14.161s][info   ][gc,metaspace] Metaspace: 1088M reserved, 55040K (4.94%) committed, 54366K (4.88%) used
[14.297s][info   ][gc          ] Heap: 2048M reserved, 2048M (100.00%) committed, 1456M (71.13%) used
[14.297s][info   ][gc,metaspace] Metaspace: 1088M reserved, 55040K (4.94%) committed, 54400K (4.88%) used
[14.405s][info   ][gc          ] Heap: 2048M reserved, 2048M (100.00%) committed, 1560M (76.20%) used
[14.405s][info   ][gc,metaspace] Metaspace: 1088M reserved, 55104K (4.95%) committed, 54407K (4.88%) used
[14.512s][info   ][gc          ] Heap: 2048M reserved, 2048M (100.00%) committed, 1666M (81.38%) used
[14.512s][info   ][gc,metaspace] Metaspace: 1088M reserved, 55104K (4.95%) committed, 54428K (4.89%) used
[14.609s][info   ][gc          ] Heap: 2048M reserved, 2048M (100.00%) committed, 1770M (86.46%) used
[14.609s][info   ][gc,metaspace] Metaspace: 1088M reserved, 55104K (4.95%) committed, 54429K (4.89%) used
[14.706s][info   ][gc          ] Heap: 2048M reserved, 2048M (100.00%) committed, 1874M (91.54%) used
[14.706s][info   ][gc,metaspace] Metaspace: 1088M reserved, 55104K (4.95%) committed, 54429K (4.89%) used
[14.805s][info   ][gc          ] Heap: 2048M reserved, 2048M (100.00%) committed, 1978M (96.61%) used
[14.805s][info   ][gc,metaspace] Metaspace: 1088M reserved, 55104K (4.95%) committed, 54429K (4.89%) used
