[0.018s][info][gc] Using Epsilon
[0.020s][info][gc,init] Version: 20+36-2344 (release)
[0.020s][info][gc,init] CPUs: 48 total, 48 available
[0.020s][info][gc,init] Memory: 382G
[0.020s][info][gc,init] Large Page Support: Disabled
[0.020s][info][gc,init] NUMA Support: Disabled
[0.020s][info][gc,init] Compressed Oops: Enabled (32-bit)
[0.020s][info][gc,init] Heap Min Capacity: 6656K
[0.020s][info][gc,init] Heap Initial Capacity: 512M
[0.020s][info][gc,init] Heap Max Capacity: 512M
[0.020s][info][gc,init] Pre-touch: Disabled
[0.020s][warning][gc,init] Consider enabling -XX:+AlwaysPreTouch to avoid memory commit hiccups
[0.026s][info   ][gc,init] TLAB Size Max: 4M
[0.026s][info   ][gc,init] TLAB Size Elasticity: 1.10x
[0.026s][info   ][gc,init] TLAB Size Decay Time: 1000ms
[0.027s][info   ][gc,metaspace] CDS archive(s) mapped at: [0x0000000800000000-0x0000000800c60000-0x0000000800c60000), size 12976128, SharedBaseAddress: 0x0000000800000000, ArchiveRelocationMode: 0.
[0.027s][info   ][gc,metaspace] Compressed class space mapped at: 0x0000000801000000-0x0000000841000000, reserved size: 1073741824
[0.027s][info   ][gc,metaspace] Narrow klass base: 0x0000000800000000, Narrow klass shift: 0, Narrow klass range: 0x100000000
[2.979s][info   ][gc          ] Heap: 512M reserved, 512M (100.00%) committed, 26470K (5.05%) used
[2.979s][info   ][gc,metaspace] Metaspace: 1088M reserved, 8512K (0.76%) committed, 8280K (0.74%) used
[10.376s][info   ][gc          ] Heap: 512M reserved, 512M (100.00%) committed, 52955K (10.10%) used
[10.377s][info   ][gc,metaspace] Metaspace: 1088M reserved, 12992K (1.17%) committed, 12672K (1.14%) used
[10.877s][info   ][gc          ] Heap: 512M reserved, 512M (100.00%) committed, 81041K (15.46%) used
[10.877s][info   ][gc,metaspace] Metaspace: 1088M reserved, 21440K (1.92%) committed, 21197K (1.90%) used
[10.882s][info   ][gc          ] GC request for "Metadata GC Threshold" is handled
[10.882s][info   ][gc,metaspace] Metaspace: 1088M reserved, 21504K (1.93%) committed, 21270K (1.91%) used
[11.449s][info   ][gc          ] Heap: 512M reserved, 512M (100.00%) committed, 106M (20.85%) used
[11.449s][info   ][gc,metaspace] Metaspace: 1088M reserved, 30080K (2.70%) committed, 29692K (2.67%) used
[11.799s][info   ][gc          ] GC request for "Metadata GC Threshold" is handled
[11.799s][info   ][gc,metaspace] Metaspace: 1088M reserved, 35840K (3.22%) committed, 35459K (3.18%) used
[11.974s][info   ][gc          ] Heap: 512M reserved, 512M (100.00%) committed, 136M (26.61%) used
[11.974s][info   ][gc,metaspace] Metaspace: 1088M reserved, 38976K (3.50%) committed, 38582K (3.46%) used
[12.197s][info   ][gc          ] Heap: 512M reserved, 512M (100.00%) committed, 162M (31.77%) used
[12.197s][info   ][gc,metaspace] Metaspace: 1088M reserved, 42944K (3.85%) committed, 42542K (3.82%) used
[12.240s][info   ][gc          ] Heap: 512M reserved, 512M (100.00%) committed, 190M (37.24%) used
[12.240s][info   ][gc,metaspace] Metaspace: 1088M reserved, 42944K (3.85%) committed, 42542K (3.82%) used
[12.274s][info   ][gc          ] Heap: 512M reserved, 512M (100.00%) committed, 218M (42.71%) used
[12.274s][info   ][gc,metaspace] Metaspace: 1088M reserved, 42944K (3.85%) committed, 42542K (3.82%) used
[12.304s][info   ][gc          ] Heap: 512M reserved, 512M (100.00%) committed, 246M (48.18%) used
[12.304s][info   ][gc,metaspace] Metaspace: 1088M reserved, 42944K (3.85%) committed, 42542K (3.82%) used
[12.334s][info   ][gc          ] Heap: 512M reserved, 512M (100.00%) committed, 274M (53.65%) used
[12.334s][info   ][gc,metaspace] Metaspace: 1088M reserved, 42944K (3.85%) committed, 42542K (3.82%) used
[12.364s][info   ][gc          ] Heap: 512M reserved, 512M (100.00%) committed, 302M (59.11%) used
[12.364s][info   ][gc,metaspace] Metaspace: 1088M reserved, 42944K (3.85%) committed, 42542K (3.82%) used
[12.393s][info   ][gc          ] Heap: 512M reserved, 512M (100.00%) committed, 330M (64.58%) used
[12.393s][info   ][gc,metaspace] Metaspace: 1088M reserved, 42944K (3.85%) committed, 42542K (3.82%) used
[12.423s][info   ][gc          ] Heap: 512M reserved, 512M (100.00%) committed, 358M (70.05%) used
[12.423s][info   ][gc,metaspace] Metaspace: 1088M reserved, 42944K (3.85%) committed, 42542K (3.82%) used
[12.453s][info   ][gc          ] Heap: 512M reserved, 512M (100.00%) committed, 386M (75.53%) used
[12.453s][info   ][gc,metaspace] Metaspace: 1088M reserved, 42944K (3.85%) committed, 42551K (3.82%) used
[12.483s][info   ][gc          ] Heap: 512M reserved, 512M (100.00%) committed, 414M (81.00%) used
[12.483s][info   ][gc,metaspace] Metaspace: 1088M reserved, 42944K (3.85%) committed, 42551K (3.82%) used
[12.512s][info   ][gc          ] Heap: 512M reserved, 512M (100.00%) committed, 442M (86.47%) used
[12.512s][info   ][gc,metaspace] Metaspace: 1088M reserved, 42944K (3.85%) committed, 42551K (3.82%) used
[12.542s][info   ][gc          ] Heap: 512M reserved, 512M (100.00%) committed, 470M (91.94%) used
[12.542s][info   ][gc,metaspace] Metaspace: 1088M reserved, 42944K (3.85%) committed, 42551K (3.82%) used
[12.572s][info   ][gc          ] Heap: 512M reserved, 512M (100.00%) committed, 498M (97.41%) used
[12.572s][info   ][gc,metaspace] Metaspace: 1088M reserved, 42944K (3.85%) committed, 42551K (3.82%) used
