[0.015s][info][gc] Using Epsilon
[0.018s][info][gc,init] Version: 20+36-2344 (release)
[0.018s][info][gc,init] CPUs: 48 total, 48 available
[0.018s][info][gc,init] Memory: 382G
[0.018s][info][gc,init] Large Page Support: Disabled
[0.018s][info][gc,init] NUMA Support: Disabled
[0.018s][info][gc,init] Compressed Oops: Enabled (32-bit)
[0.018s][info][gc,init] Heap Min Capacity: 6656K
[0.018s][info][gc,init] Heap Initial Capacity: 1G
[0.018s][info][gc,init] Heap Max Capacity: 1G
[0.018s][info][gc,init] Pre-touch: Disabled
[0.018s][warning][gc,init] Consider enabling -XX:+AlwaysPreTouch to avoid memory commit hiccups
[0.026s][info   ][gc,init] TLAB Size Max: 4M
[0.026s][info   ][gc,init] TLAB Size Elasticity: 1.10x
[0.026s][info   ][gc,init] TLAB Size Decay Time: 1000ms
[0.027s][info   ][gc,metaspace] CDS archive(s) mapped at: [0x0000000800000000-0x0000000800c60000-0x0000000800c60000), size 12976128, SharedBaseAddress: 0x0000000800000000, ArchiveRelocationMode: 0.
[0.027s][info   ][gc,metaspace] Compressed class space mapped at: 0x0000000801000000-0x0000000841000000, reserved size: 1073741824
[0.027s][info   ][gc,metaspace] Narrow klass base: 0x0000000800000000, Narrow klass shift: 0, Narrow klass range: 0x100000000
[9.674s][info   ][gc          ] Heap: 1024M reserved, 1024M (100.00%) committed, 52698K (5.03%) used
[9.674s][info   ][gc,metaspace] Metaspace: 1088M reserved, 12992K (1.17%) committed, 12673K (1.14%) used
[10.149s][info   ][gc          ] GC request for "Metadata GC Threshold" is handled
[10.149s][info   ][gc,metaspace] Metaspace: 1088M reserved, 21504K (1.93%) committed, 21273K (1.91%) used
[10.667s][info   ][gc          ] Heap: 1024M reserved, 1024M (100.00%) committed, 106M (10.38%) used
[10.667s][info   ][gc,metaspace] Metaspace: 1088M reserved, 29888K (2.68%) committed, 29590K (2.66%) used
[11.051s][info   ][gc          ] GC request for "Metadata GC Threshold" is handled
[11.051s][info   ][gc,metaspace] Metaspace: 1088M reserved, 35840K (3.22%) committed, 35455K (3.18%) used
[11.414s][info   ][gc          ] Heap: 1024M reserved, 1024M (100.00%) committed, 158M (15.45%) used
[11.415s][info   ][gc,metaspace] Metaspace: 1088M reserved, 42944K (3.85%) committed, 42533K (3.82%) used
[11.492s][info   ][gc          ] Heap: 1024M reserved, 1024M (100.00%) committed, 210M (20.53%) used
[11.493s][info   ][gc,metaspace] Metaspace: 1088M reserved, 42944K (3.85%) committed, 42537K (3.82%) used
[11.549s][info   ][gc          ] Heap: 1024M reserved, 1024M (100.00%) committed, 262M (25.61%) used
[11.549s][info   ][gc,metaspace] Metaspace: 1088M reserved, 42944K (3.85%) committed, 42537K (3.82%) used
[11.606s][info   ][gc          ] Heap: 1024M reserved, 1024M (100.00%) committed, 314M (30.68%) used
[11.606s][info   ][gc,metaspace] Metaspace: 1088M reserved, 42944K (3.85%) committed, 42537K (3.82%) used
[11.663s][info   ][gc          ] Heap: 1024M reserved, 1024M (100.00%) committed, 366M (35.76%) used
[11.663s][info   ][gc,metaspace] Metaspace: 1088M reserved, 42944K (3.85%) committed, 42537K (3.82%) used
[11.721s][info   ][gc          ] Heap: 1024M reserved, 1024M (100.00%) committed, 418M (40.85%) used
[11.721s][info   ][gc,metaspace] Metaspace: 1088M reserved, 42944K (3.85%) committed, 42546K (3.82%) used
[11.780s][info   ][gc          ] Heap: 1024M reserved, 1024M (100.00%) committed, 470M (45.93%) used
[11.780s][info   ][gc,metaspace] Metaspace: 1088M reserved, 42944K (3.85%) committed, 42546K (3.82%) used
[11.836s][info   ][gc          ] Heap: 1024M reserved, 1024M (100.00%) committed, 522M (51.00%) used
[11.836s][info   ][gc,metaspace] Metaspace: 1088M reserved, 42944K (3.85%) committed, 42546K (3.82%) used
[11.893s][info   ][gc          ] Heap: 1024M reserved, 1024M (100.00%) committed, 574M (56.08%) used
[11.893s][info   ][gc,metaspace] Metaspace: 1088M reserved, 42944K (3.85%) committed, 42546K (3.82%) used
[11.950s][info   ][gc          ] Heap: 1024M reserved, 1024M (100.00%) committed, 626M (61.16%) used
[11.950s][info   ][gc,metaspace] Metaspace: 1088M reserved, 42944K (3.85%) committed, 42546K (3.82%) used
[12.006s][info   ][gc          ] Heap: 1024M reserved, 1024M (100.00%) committed, 678M (66.24%) used
[12.006s][info   ][gc,metaspace] Metaspace: 1088M reserved, 42944K (3.85%) committed, 42546K (3.82%) used
[12.062s][info   ][gc          ] Heap: 1024M reserved, 1024M (100.00%) committed, 730M (71.32%) used
[12.062s][info   ][gc,metaspace] Metaspace: 1088M reserved, 42944K (3.85%) committed, 42546K (3.82%) used
[12.119s][info   ][gc          ] Heap: 1024M reserved, 1024M (100.00%) committed, 782M (76.39%) used
[12.119s][info   ][gc,metaspace] Metaspace: 1088M reserved, 42944K (3.85%) committed, 42546K (3.82%) used
[12.179s][info   ][gc          ] Heap: 1024M reserved, 1024M (100.00%) committed, 834M (81.47%) used
[12.179s][info   ][gc,metaspace] Metaspace: 1088M reserved, 42944K (3.85%) committed, 42546K (3.82%) used
[12.243s][info   ][gc          ] Heap: 1024M reserved, 1024M (100.00%) committed, 886M (86.55%) used
[12.243s][info   ][gc,metaspace] Metaspace: 1088M reserved, 42944K (3.85%) committed, 42546K (3.82%) used
[12.307s][info   ][gc          ] Heap: 1024M reserved, 1024M (100.00%) committed, 938M (91.63%) used
[12.307s][info   ][gc,metaspace] Metaspace: 1088M reserved, 42944K (3.85%) committed, 42546K (3.82%) used
[12.370s][info   ][gc          ] Heap: 1024M reserved, 1024M (100.00%) committed, 990M (96.71%) used
[12.370s][info   ][gc,metaspace] Metaspace: 1088M reserved, 42944K (3.85%) committed, 42546K (3.82%) used
