[0.016s][info][gc,init] CardTable entry size: 512
[0.017s][info][gc     ] Using G1
[0.026s][info][gc,init] Version: 20+36-2344 (release)
[0.026s][info][gc,init] CPUs: 48 total, 48 available
[0.026s][info][gc,init] Memory: 382G
[0.026s][info][gc,init] Large Page Support: Disabled
[0.026s][info][gc,init] NUMA Support: Disabled
[0.026s][info][gc,init] Compressed Oops: Enabled (32-bit)
[0.026s][info][gc,init] Heap Region Size: 1M
[0.026s][info][gc,init] Heap Min Capacity: 8M
[0.026s][info][gc,init] Heap Initial Capacity: 512M
[0.026s][info][gc,init] Heap Max Capacity: 512M
[0.070s][info][gc,init] Pre-touch: Disabled
[0.070s][info][gc,init] Parallel Workers: 33
[0.070s][info][gc,init] Concurrent Workers: 8
[0.070s][info][gc,init] Concurrent Refinement Workers: 33
[0.070s][info][gc,init] Periodic GC: Disabled
[0.071s][info][gc,metaspace] CDS archive(s) mapped at: [0x0000000800000000-0x0000000800c60000-0x0000000800c60000), size 12976128, SharedBaseAddress: 0x0000000800000000, ArchiveRelocationMode: 0.
[0.071s][info][gc,metaspace] Compressed class space mapped at: 0x0000000801000000-0x0000000841000000, reserved size: 1073741824
[0.071s][info][gc,metaspace] Narrow klass base: 0x0000000800000000, Narrow klass shift: 0, Narrow klass range: 0x100000000
[2.497s][info][gc,start    ] GC(0) Pause Young (Normal) (G1 Evacuation Pause)
[2.498s][info][gc,task     ] GC(0) Using 12 workers of 33 for evacuation
[2.504s][info][gc,phases   ] GC(0)   Pre Evacuate Collection Set: 0.2ms
[2.504s][info][gc,phases   ] GC(0)   Merge Heap Roots: 0.1ms
[2.504s][info][gc,phases   ] GC(0)   Evacuate Collection Set: 4.6ms
[2.504s][info][gc,phases   ] GC(0)   Post Evacuate Collection Set: 0.9ms
[2.504s][info][gc,phases   ] GC(0)   Other: 0.9ms
[2.504s][info][gc,heap     ] GC(0) Eden regions: 25->0(33)
[2.504s][info][gc,heap     ] GC(0) Survivor regions: 0->4(4)
[2.504s][info][gc,heap     ] GC(0) Old regions: 0->0
[2.504s][info][gc,heap     ] GC(0) Archive regions: 0->0
[2.504s][info][gc,heap     ] GC(0) Humongous regions: 0->0
[2.504s][info][gc,metaspace] GC(0) Metaspace: 8251K(8512K)->8251K(8512K) NonClass: 7148K(7296K)->7148K(7296K) Class: 1102K(1216K)->1102K(1216K)
[2.504s][info][gc          ] GC(0) Pause Young (Normal) (G1 Evacuation Pause) 25M->3M(512M) 7.340ms
[2.505s][info][gc,cpu      ] GC(0) User=0.00s Sys=0.00s Real=0.00s
[10.055s][info][gc,start    ] GC(1) Pause Young (Normal) (G1 Evacuation Pause)
[10.055s][info][gc,task     ] GC(1) Using 12 workers of 33 for evacuation
[10.063s][info][gc,phases   ] GC(1)   Pre Evacuate Collection Set: 0.1ms
[10.063s][info][gc,phases   ] GC(1)   Merge Heap Roots: 0.1ms
[10.063s][info][gc,phases   ] GC(1)   Evacuate Collection Set: 7.5ms
[10.063s][info][gc,phases   ] GC(1)   Post Evacuate Collection Set: 0.9ms
[10.064s][info][gc,phases   ] GC(1)   Other: 0.1ms
[10.064s][info][gc,heap     ] GC(1) Eden regions: 33->0(302)
[10.064s][info][gc,heap     ] GC(1) Survivor regions: 4->5(5)
[10.064s][info][gc,heap     ] GC(1) Old regions: 0->9
[10.064s][info][gc,heap     ] GC(1) Archive regions: 0->0
[10.064s][info][gc,heap     ] GC(1) Humongous regions: 6->6
[10.064s][info][gc,metaspace] GC(1) Metaspace: 15550K(15808K)->15550K(15808K) NonClass: 13522K(13696K)->13522K(13696K) Class: 2028K(2112K)->2028K(2112K)
[10.064s][info][gc          ] GC(1) Pause Young (Normal) (G1 Evacuation Pause) 42M->19M(512M) 9.240ms
[10.064s][info][gc,cpu      ] GC(1) User=0.09s Sys=0.09s Real=0.02s
[10.425s][info][gc,start    ] GC(2) Pause Young (Concurrent Start) (Metadata GC Threshold)
[10.425s][info][gc,task     ] GC(2) Using 12 workers of 33 for evacuation
[10.429s][info][gc,phases   ] GC(2)   Pre Evacuate Collection Set: 0.2ms
[10.429s][info][gc,phases   ] GC(2)   Merge Heap Roots: 0.1ms
[10.429s][info][gc,phases   ] GC(2)   Evacuate Collection Set: 2.1ms
[10.429s][info][gc,phases   ] GC(2)   Post Evacuate Collection Set: 1.0ms
[10.429s][info][gc,phases   ] GC(2)   Other: 0.2ms
[10.429s][info][gc,heap     ] GC(2) Eden regions: 19->0(300)
[10.429s][info][gc,heap     ] GC(2) Survivor regions: 5->7(39)
[10.429s][info][gc,heap     ] GC(2) Old regions: 9->9
[10.429s][info][gc,heap     ] GC(2) Archive regions: 0->0
[10.429s][info][gc,heap     ] GC(2) Humongous regions: 6->6
[10.429s][info][gc,metaspace] GC(2) Metaspace: 21275K(21504K)->21275K(21504K) NonClass: 18558K(18688K)->18558K(18688K) Class: 2717K(2816K)->2717K(2816K)
[10.429s][info][gc          ] GC(2) Pause Young (Concurrent Start) (Metadata GC Threshold) 37M->20M(512M) 4.166ms
[10.429s][info][gc          ] GC(3) Concurrent Mark Cycle
[10.429s][info][gc,cpu      ] GC(2) User=0.00s Sys=0.00s Real=0.00s
[10.429s][info][gc,marking  ] GC(3) Concurrent Scan Root Regions
[10.432s][info][gc,marking  ] GC(3) Concurrent Scan Root Regions 3.269ms
[10.433s][info][gc,marking  ] GC(3) Concurrent Mark
[10.433s][info][gc,marking  ] GC(3) Concurrent Mark From Roots
[10.433s][info][gc,task     ] GC(3) Using 8 workers of 8 for marking
[10.437s][info][gc,marking  ] GC(3) Concurrent Mark From Roots 4.626ms
[10.437s][info][gc,marking  ] GC(3) Concurrent Preclean
[10.437s][info][gc,marking  ] GC(3) Concurrent Preclean 0.043ms
[10.437s][info][gc,start    ] GC(3) Pause Remark
[10.441s][info][gc          ] GC(3) Pause Remark 22M->22M(80M) 3.125ms
[10.441s][info][gc,cpu      ] GC(3) User=0.02s Sys=0.00s Real=0.02s
[10.441s][info][gc,marking  ] GC(3) Concurrent Mark 8.122ms
[10.441s][info][gc,marking  ] GC(3) Concurrent Rebuild Remembered Sets and Scrub Regions
[10.443s][info][gc,marking  ] GC(3) Concurrent Rebuild Remembered Sets and Scrub Regions 2.132ms
[10.443s][info][gc,start    ] GC(3) Pause Cleanup
[10.443s][info][gc          ] GC(3) Pause Cleanup 22M->22M(80M) 0.121ms
[10.443s][info][gc,cpu      ] GC(3) User=0.00s Sys=0.00s Real=0.00s
[10.443s][info][gc,marking  ] GC(3) Concurrent Clear Claimed Marks
[10.443s][info][gc,marking  ] GC(3) Concurrent Clear Claimed Marks 0.039ms
[10.443s][info][gc,marking  ] GC(3) Concurrent Cleanup for Next Mark
[10.444s][info][gc,marking  ] GC(3) Concurrent Cleanup for Next Mark 0.670ms
[10.444s][info][gc          ] GC(3) Concurrent Mark Cycle 14.801ms
[11.392s][info][gc,start    ] GC(4) Pause Young (Prepare Mixed) (G1 Evacuation Pause)
[11.392s][info][gc,task     ] GC(4) Using 7 workers of 33 for evacuation
[11.403s][info][gc,phases   ] GC(4)   Pre Evacuate Collection Set: 0.1ms
[11.403s][info][gc,phases   ] GC(4)   Merge Heap Roots: 0.1ms
[11.403s][info][gc,phases   ] GC(4)   Evacuate Collection Set: 9.3ms
[11.403s][info][gc,phases   ] GC(4)   Post Evacuate Collection Set: 1.4ms
[11.403s][info][gc,phases   ] GC(4)   Other: 0.2ms
[11.403s][info][gc,heap     ] GC(4) Eden regions: 58->0(43)
[11.403s][info][gc,heap     ] GC(4) Survivor regions: 7->11(39)
[11.403s][info][gc,heap     ] GC(4) Old regions: 9->9
[11.403s][info][gc,heap     ] GC(4) Archive regions: 0->0
[11.403s][info][gc,heap     ] GC(4) Humongous regions: 6->6
[11.403s][info][gc,metaspace] GC(4) Metaspace: 35212K(35584K)->35212K(35584K) NonClass: 30760K(30976K)->30760K(30976K) Class: 4452K(4608K)->4452K(4608K)
[11.403s][info][gc          ] GC(4) Pause Young (Prepare Mixed) (G1 Evacuation Pause) 78M->25M(91M) 11.614ms
[11.404s][info][gc,cpu      ] GC(4) User=0.08s Sys=0.05s Real=0.02s
[11.463s][info][gc,start    ] GC(5) Pause Young (Mixed) (Metadata GC Threshold)
[11.463s][info][gc,task     ] GC(5) Using 4 workers of 33 for evacuation
[11.473s][info][gc,phases   ] GC(5)   Pre Evacuate Collection Set: 0.1ms
[11.473s][info][gc,phases   ] GC(5)   Merge Heap Roots: 0.0ms
[11.473s][info][gc,phases   ] GC(5)   Evacuate Collection Set: 8.5ms
[11.473s][info][gc,phases   ] GC(5)   Post Evacuate Collection Set: 0.8ms
[11.473s][info][gc,phases   ] GC(5)   Other: 0.1ms
[11.473s][info][gc,heap     ] GC(5) Eden regions: 5->0(45)
[11.473s][info][gc,heap     ] GC(5) Survivor regions: 11->1(7)
[11.473s][info][gc,heap     ] GC(5) Old regions: 9->19
[11.473s][info][gc,heap     ] GC(5) Archive regions: 0->0
[11.473s][info][gc,heap     ] GC(5) Humongous regions: 6->6
[11.473s][info][gc,metaspace] GC(5) Metaspace: 35800K(36160K)->35800K(36160K) NonClass: 31290K(31488K)->31290K(31488K) Class: 4510K(4672K)->4510K(4672K)
[11.473s][info][gc          ] GC(5) Pause Young (Mixed) (Metadata GC Threshold) 30M->25M(91M) 10.223ms
[11.473s][info][gc,cpu      ] GC(5) User=0.00s Sys=0.00s Real=0.00s
[11.507s][info][gc,start    ] GC(6) Pause Young (Concurrent Start) (Metadata GC Threshold)
[11.507s][info][gc,task     ] GC(6) Using 3 workers of 33 for evacuation
[11.509s][info][gc,phases   ] GC(6)   Pre Evacuate Collection Set: 0.2ms
[11.509s][info][gc,phases   ] GC(6)   Merge Heap Roots: 0.0ms
[11.509s][info][gc,phases   ] GC(6)   Evacuate Collection Set: 1.1ms
[11.509s][info][gc,phases   ] GC(6)   Post Evacuate Collection Set: 0.5ms
[11.509s][info][gc,phases   ] GC(6)   Other: 0.1ms
[11.509s][info][gc,heap     ] GC(6) Eden regions: 2->0(48)
[11.509s][info][gc,heap     ] GC(6) Survivor regions: 1->1(6)
[11.509s][info][gc,heap     ] GC(6) Old regions: 19->19
[11.509s][info][gc,heap     ] GC(6) Archive regions: 0->0
[11.509s][info][gc,heap     ] GC(6) Humongous regions: 6->6
[11.509s][info][gc,metaspace] GC(6) Metaspace: 36109K(36480K)->36109K(36480K) NonClass: 31557K(31744K)->31557K(31744K) Class: 4552K(4736K)->4552K(4736K)
[11.509s][info][gc          ] GC(6) Pause Young (Concurrent Start) (Metadata GC Threshold) 27M->25M(91M) 2.505ms
[11.509s][info][gc,cpu      ] GC(6) User=0.00s Sys=0.00s Real=0.00s
[11.509s][info][gc          ] GC(7) Concurrent Mark Cycle
[11.510s][info][gc,marking  ] GC(7) Concurrent Scan Root Regions
[11.511s][info][gc,marking  ] GC(7) Concurrent Scan Root Regions 1.227ms
[11.511s][info][gc,marking  ] GC(7) Concurrent Mark
[11.511s][info][gc,marking  ] GC(7) Concurrent Mark From Roots
[11.511s][info][gc,task     ] GC(7) Using 8 workers of 8 for marking
[11.519s][info][gc,marking  ] GC(7) Concurrent Mark From Roots 8.175ms
[11.519s][info][gc,marking  ] GC(7) Concurrent Preclean
[11.519s][info][gc,marking  ] GC(7) Concurrent Preclean 0.125ms
[11.519s][info][gc,start    ] GC(7) Pause Remark
[11.524s][info][gc          ] GC(7) Pause Remark 26M->26M(90M) 5.006ms
[11.524s][info][gc,cpu      ] GC(7) User=0.05s Sys=0.00s Real=0.02s
[11.525s][info][gc,marking  ] GC(7) Concurrent Mark 13.653ms
[11.525s][info][gc,marking  ] GC(7) Concurrent Rebuild Remembered Sets and Scrub Regions
[11.528s][info][gc,marking  ] GC(7) Concurrent Rebuild Remembered Sets and Scrub Regions 3.421ms
[11.528s][info][gc,start    ] GC(7) Pause Cleanup
[11.528s][info][gc          ] GC(7) Pause Cleanup 26M->26M(90M) 0.147ms
[11.528s][info][gc,cpu      ] GC(7) User=0.00s Sys=0.00s Real=0.00s
[11.528s][info][gc,marking  ] GC(7) Concurrent Clear Claimed Marks
[11.528s][info][gc,marking  ] GC(7) Concurrent Clear Claimed Marks 0.051ms
[11.528s][info][gc,marking  ] GC(7) Concurrent Cleanup for Next Mark
[11.529s][info][gc,marking  ] GC(7) Concurrent Cleanup for Next Mark 0.271ms
[11.529s][info][gc          ] GC(7) Concurrent Mark Cycle 19.222ms
[11.863s][info][gc,start    ] GC(8) Pause Young (Prepare Mixed) (G1 Evacuation Pause)
[11.864s][info][gc,task     ] GC(8) Using 2 workers of 33 for evacuation
[11.870s][info][gc,phases   ] GC(8)   Pre Evacuate Collection Set: 0.1ms
[11.870s][info][gc,phases   ] GC(8)   Merge Heap Roots: 0.1ms
[11.870s][info][gc,phases   ] GC(8)   Evacuate Collection Set: 5.7ms
[11.870s][info][gc,phases   ] GC(8)   Post Evacuate Collection Set: 0.9ms
[11.870s][info][gc,phases   ] GC(8)   Other: 0.1ms
[11.871s][info][gc,heap     ] GC(8) Eden regions: 48->0(47)
[11.871s][info][gc,heap     ] GC(8) Survivor regions: 1->4(7)
[11.871s][info][gc,heap     ] GC(8) Old regions: 19->19
[11.871s][info][gc,heap     ] GC(8) Archive regions: 0->0
[11.871s][info][gc,heap     ] GC(8) Humongous regions: 6->6
[11.871s][info][gc,metaspace] GC(8) Metaspace: 42050K(42432K)->42050K(42432K) NonClass: 36782K(36992K)->36782K(36992K) Class: 5268K(5440K)->5268K(5440K)
[11.871s][info][gc          ] GC(8) Pause Young (Prepare Mixed) (G1 Evacuation Pause) 73M->28M(90M) 7.313ms
[11.871s][info][gc,cpu      ] GC(8) User=0.00s Sys=0.00s Real=0.00s
[11.923s][info][gc,start    ] GC(9) Pause Young (Mixed) (G1 Evacuation Pause)
[11.923s][info][gc,task     ] GC(9) Using 2 workers of 33 for evacuation
[11.943s][info][gc,phases   ] GC(9)   Pre Evacuate Collection Set: 0.1ms
[11.943s][info][gc,phases   ] GC(9)   Merge Heap Roots: 0.1ms
[11.943s][info][gc,phases   ] GC(9)   Evacuate Collection Set: 19.0ms
[11.943s][info][gc,phases   ] GC(9)   Post Evacuate Collection Set: 0.6ms
[11.943s][info][gc,phases   ] GC(9)   Other: 0.1ms
[11.943s][info][gc,heap     ] GC(9) Eden regions: 47->0(45)
[11.943s][info][gc,heap     ] GC(9) Survivor regions: 4->7(7)
[11.943s][info][gc,heap     ] GC(9) Old regions: 19->19
[11.943s][info][gc,heap     ] GC(9) Archive regions: 0->0
[11.943s][info][gc,heap     ] GC(9) Humongous regions: 6->6
[11.943s][info][gc,metaspace] GC(9) Metaspace: 42050K(42432K)->42050K(42432K) NonClass: 36782K(36992K)->36782K(36992K) Class: 5268K(5440K)->5268K(5440K)
[11.943s][info][gc          ] GC(9) Pause Young (Mixed) (G1 Evacuation Pause) 75M->31M(90M) 20.438ms
[11.944s][info][gc,cpu      ] GC(9) User=0.05s Sys=0.00s Real=0.02s
[12.000s][info][gc,start    ] GC(10) Pause Young (Normal) (G1 Evacuation Pause)
[12.001s][info][gc,task     ] GC(10) Using 2 workers of 33 for evacuation
[12.018s][info][gc,phases   ] GC(10)   Pre Evacuate Collection Set: 0.1ms
[12.018s][info][gc,phases   ] GC(10)   Merge Heap Roots: 0.1ms
[12.018s][info][gc,phases   ] GC(10)   Evacuate Collection Set: 16.7ms
[12.018s][info][gc,phases   ] GC(10)   Post Evacuate Collection Set: 0.3ms
[12.018s][info][gc,phases   ] GC(10)   Other: 0.1ms
[12.018s][info][gc,heap     ] GC(10) Eden regions: 45->0(41)
[12.018s][info][gc,heap     ] GC(10) Survivor regions: 7->5(7)
[12.018s][info][gc,heap     ] GC(10) Old regions: 19->27
[12.018s][info][gc,heap     ] GC(10) Archive regions: 0->0
[12.018s][info][gc,heap     ] GC(10) Humongous regions: 6->6
[12.018s][info][gc,metaspace] GC(10) Metaspace: 42050K(42432K)->42050K(42432K) NonClass: 36782K(36992K)->36782K(36992K) Class: 5268K(5440K)->5268K(5440K)
[12.018s][info][gc          ] GC(10) Pause Young (Normal) (G1 Evacuation Pause) 76M->36M(90M) 17.771ms
[12.018s][info][gc,cpu      ] GC(10) User=0.03s Sys=0.00s Real=0.02s
[12.055s][info][gc,start    ] GC(11) Pause Young (Normal) (G1 Evacuation Pause)
[12.055s][info][gc,task     ] GC(11) Using 2 workers of 33 for evacuation
[12.075s][info][gc,phases   ] GC(11)   Pre Evacuate Collection Set: 0.1ms
[12.075s][info][gc,phases   ] GC(11)   Merge Heap Roots: 0.0ms
[12.075s][info][gc,phases   ] GC(11)   Evacuate Collection Set: 16.0ms
[12.075s][info][gc,phases   ] GC(11)   Post Evacuate Collection Set: 3.2ms
[12.075s][info][gc,phases   ] GC(11)   Other: 0.1ms
[12.075s][info][gc,heap     ] GC(11) Eden regions: 41->0(175)
[12.075s][info][gc,heap     ] GC(11) Survivor regions: 5->5(6)
[12.075s][info][gc,heap     ] GC(11) Old regions: 27->31
[12.075s][info][gc,heap     ] GC(11) Archive regions: 0->0
[12.075s][info][gc,heap     ] GC(11) Humongous regions: 6->6
[12.075s][info][gc,metaspace] GC(11) Metaspace: 42059K(42432K)->42059K(42432K) NonClass: 36788K(36992K)->36788K(36992K) Class: 5270K(5440K)->5270K(5440K)
[12.075s][info][gc          ] GC(11) Pause Young (Normal) (G1 Evacuation Pause) 77M->41M(301M) 19.861ms
[12.075s][info][gc,cpu      ] GC(11) User=0.03s Sys=0.00s Real=0.02s
[12.283s][info][gc,start    ] GC(12) Pause Young (Normal) (G1 Evacuation Pause)
[12.283s][info][gc,task     ] GC(12) Using 7 workers of 33 for evacuation
[12.298s][info][gc,phases   ] GC(12)   Pre Evacuate Collection Set: 0.1ms
[12.298s][info][gc,phases   ] GC(12)   Merge Heap Roots: 0.1ms
[12.298s][info][gc,phases   ] GC(12)   Evacuate Collection Set: 14.4ms
[12.298s][info][gc,phases   ] GC(12)   Post Evacuate Collection Set: 0.4ms
[12.298s][info][gc,phases   ] GC(12)   Other: 0.2ms
[12.298s][info][gc,heap     ] GC(12) Eden regions: 175->0(159)
[12.298s][info][gc,heap     ] GC(12) Survivor regions: 5->21(23)
[12.298s][info][gc,heap     ] GC(12) Old regions: 31->31
[12.298s][info][gc,heap     ] GC(12) Archive regions: 0->0
[12.298s][info][gc,heap     ] GC(12) Humongous regions: 6->6
[12.298s][info][gc,metaspace] GC(12) Metaspace: 42059K(42432K)->42059K(42432K) NonClass: 36788K(36992K)->36788K(36992K) Class: 5270K(5440K)->5270K(5440K)
[12.298s][info][gc          ] GC(12) Pause Young (Normal) (G1 Evacuation Pause) 216M->57M(301M) 15.719ms
[12.298s][info][gc,cpu      ] GC(12) User=0.08s Sys=0.03s Real=0.02s
[12.445s][info][gc,start    ] GC(13) Pause Young (Normal) (G1 Evacuation Pause)
[12.445s][info][gc,task     ] GC(13) Using 7 workers of 33 for evacuation
[12.464s][info][gc,phases   ] GC(13)   Pre Evacuate Collection Set: 0.1ms
[12.464s][info][gc,phases   ] GC(13)   Merge Heap Roots: 0.1ms
[12.464s][info][gc,phases   ] GC(13)   Evacuate Collection Set: 18.4ms
[12.464s][info][gc,phases   ] GC(13)   Post Evacuate Collection Set: 0.3ms
[12.464s][info][gc,phases   ] GC(13)   Other: 0.1ms
[12.464s][info][gc,heap     ] GC(13) Eden regions: 159->0(165)
[12.464s][info][gc,heap     ] GC(13) Survivor regions: 21->15(23)
[12.464s][info][gc,heap     ] GC(13) Old regions: 31->52
[12.464s][info][gc,heap     ] GC(13) Archive regions: 0->0
[12.464s][info][gc,heap     ] GC(13) Humongous regions: 6->6
[12.465s][info][gc,metaspace] GC(13) Metaspace: 42059K(42432K)->42059K(42432K) NonClass: 36788K(36992K)->36788K(36992K) Class: 5270K(5440K)->5270K(5440K)
[12.465s][info][gc          ] GC(13) Pause Young (Normal) (G1 Evacuation Pause) 216M->72M(301M) 19.519ms
[12.465s][info][gc,cpu      ] GC(13) User=0.22s Sys=0.00s Real=0.03s
[12.606s][info][gc,start    ] GC(14) Pause Young (Normal) (G1 Evacuation Pause)
[12.606s][info][gc,task     ] GC(14) Using 7 workers of 33 for evacuation
[12.625s][info][gc,phases   ] GC(14)   Pre Evacuate Collection Set: 0.1ms
[12.625s][info][gc,phases   ] GC(14)   Merge Heap Roots: 0.1ms
[12.625s][info][gc,phases   ] GC(14)   Evacuate Collection Set: 18.3ms
[12.625s][info][gc,phases   ] GC(14)   Post Evacuate Collection Set: 0.3ms
[12.625s][info][gc,phases   ] GC(14)   Other: 0.1ms
[12.625s][info][gc,heap     ] GC(14) Eden regions: 165->0(164)
[12.625s][info][gc,heap     ] GC(14) Survivor regions: 15->16(23)
[12.625s][info][gc,heap     ] GC(14) Old regions: 52->67
[12.625s][info][gc,heap     ] GC(14) Archive regions: 0->0
[12.625s][info][gc,heap     ] GC(14) Humongous regions: 6->6
[12.625s][info][gc,metaspace] GC(14) Metaspace: 42059K(42432K)->42059K(42432K) NonClass: 36788K(36992K)->36788K(36992K) Class: 5270K(5440K)->5270K(5440K)
[12.625s][info][gc          ] GC(14) Pause Young (Normal) (G1 Evacuation Pause) 237M->89M(301M) 19.371ms
[12.625s][info][gc,cpu      ] GC(14) User=0.11s Sys=0.00s Real=0.01s
[12.769s][info][gc,start    ] GC(15) Pause Young (Normal) (G1 Evacuation Pause)
[12.770s][info][gc,task     ] GC(15) Using 7 workers of 33 for evacuation
[12.788s][info][gc,phases   ] GC(15)   Pre Evacuate Collection Set: 0.1ms
[12.788s][info][gc,phases   ] GC(15)   Merge Heap Roots: 0.1ms
[12.788s][info][gc,phases   ] GC(15)   Evacuate Collection Set: 18.2ms
[12.788s][info][gc,phases   ] GC(15)   Post Evacuate Collection Set: 0.3ms
[12.788s][info][gc,phases   ] GC(15)   Other: 0.1ms
[12.788s][info][gc,heap     ] GC(15) Eden regions: 164->0(158)
[12.788s][info][gc,heap     ] GC(15) Survivor regions: 16->16(23)
[12.788s][info][gc,heap     ] GC(15) Old regions: 67->83
[12.789s][info][gc,heap     ] GC(15) Archive regions: 0->0
[12.789s][info][gc,heap     ] GC(15) Humongous regions: 6->6
[12.789s][info][gc,metaspace] GC(15) Metaspace: 42059K(42432K)->42059K(42432K) NonClass: 36788K(36992K)->36788K(36992K) Class: 5270K(5440K)->5270K(5440K)
[12.789s][info][gc          ] GC(15) Pause Young (Normal) (G1 Evacuation Pause) 253M->104M(301M) 19.201ms
[12.789s][info][gc,cpu      ] GC(15) User=0.11s Sys=0.00s Real=0.02s
[12.926s][info][gc,start    ] GC(16) Pause Young (Normal) (G1 Evacuation Pause)
[12.926s][info][gc,task     ] GC(16) Using 7 workers of 33 for evacuation
[12.947s][info][gc,phases   ] GC(16)   Pre Evacuate Collection Set: 0.1ms
[12.947s][info][gc,phases   ] GC(16)   Merge Heap Roots: 0.1ms
[12.947s][info][gc,phases   ] GC(16)   Evacuate Collection Set: 19.3ms
[12.947s][info][gc,phases   ] GC(16)   Post Evacuate Collection Set: 1.0ms
[12.947s][info][gc,phases   ] GC(16)   Other: 0.1ms
[12.947s][info][gc,heap     ] GC(16) Eden regions: 158->0(185)
[12.947s][info][gc,heap     ] GC(16) Survivor regions: 16->16(22)
[12.947s][info][gc,heap     ] GC(16) Old regions: 83->99
[12.947s][info][gc,heap     ] GC(16) Archive regions: 0->0
[12.947s][info][gc,heap     ] GC(16) Humongous regions: 6->6
[12.947s][info][gc,metaspace] GC(16) Metaspace: 42059K(42432K)->42059K(42432K) NonClass: 36788K(36992K)->36788K(36992K) Class: 5270K(5440K)->5270K(5440K)
[12.947s][info][gc          ] GC(16) Pause Young (Normal) (G1 Evacuation Pause) 262M->120M(344M) 21.087ms
[12.947s][info][gc,cpu      ] GC(16) User=0.11s Sys=0.00s Real=0.02s
[13.736s][info][gc,start    ] GC(17) Pause Full (System.gc())
[13.736s][info][gc,task     ] GC(17) Using 8 workers of 33 for full compaction
[13.736s][info][gc,phases,start] GC(17) Phase 1: Mark live objects
[13.748s][info][gc,phases      ] GC(17) Phase 1: Mark live objects 12.088ms
[13.748s][info][gc,phases,start] GC(17) Phase 2: Prepare compaction
[13.751s][info][gc,phases      ] GC(17) Phase 2: Prepare compaction 2.173ms
[13.751s][info][gc,phases,start] GC(17) Phase 3: Adjust pointers
[13.755s][info][gc,phases      ] GC(17) Phase 3: Adjust pointers 4.496ms
[13.755s][info][gc,phases,start] GC(17) Phase 4: Compact heap
[13.757s][info][gc,phases      ] GC(17) Phase 4: Compact heap 1.671ms
[13.763s][info][gc,heap        ] GC(17) Eden regions: 160->0(59)
[13.763s][info][gc,heap        ] GC(17) Survivor regions: 16->0(22)
[13.763s][info][gc,heap        ] GC(17) Old regions: 99->25
[13.763s][info][gc,heap        ] GC(17) Archive regions: 0->0
[13.763s][info][gc,heap        ] GC(17) Humongous regions: 11->6
[13.763s][info][gc,metaspace   ] GC(17) Metaspace: 47949K(48384K)->47949K(48384K) NonClass: 41857K(42112K)->41857K(42112K) Class: 6091K(6272K)->6091K(6272K)
[13.763s][info][gc             ] GC(17) Pause Full (System.gc()) 284M->26M(104M) 27.752ms
[13.763s][info][gc,cpu         ] GC(17) User=0.16s Sys=0.06s Real=0.03s
[14.338s][info][gc,start       ] GC(18) Pause Young (Normal) (G1 Evacuation Pause)
[14.338s][info][gc,task        ] GC(18) Using 5 workers of 33 for evacuation
[14.343s][info][gc,phases      ] GC(18)   Pre Evacuate Collection Set: 0.1ms
[14.343s][info][gc,phases      ] GC(18)   Merge Heap Roots: 0.1ms
[14.343s][info][gc,phases      ] GC(18)   Evacuate Collection Set: 3.2ms
[14.343s][info][gc,phases      ] GC(18)   Post Evacuate Collection Set: 1.0ms
[14.343s][info][gc,phases      ] GC(18)   Other: 0.1ms
[14.343s][info][gc,heap        ] GC(18) Eden regions: 59->0(56)
[14.343s][info][gc,heap        ] GC(18) Survivor regions: 0->5(8)
[14.343s][info][gc,heap        ] GC(18) Old regions: 25->25
[14.343s][info][gc,heap        ] GC(18) Archive regions: 0->0
[14.343s][info][gc,heap        ] GC(18) Humongous regions: 11->6
[14.343s][info][gc,metaspace   ] GC(18) Metaspace: 53793K(54464K)->53793K(54464K) NonClass: 46972K(47360K)->46972K(47360K) Class: 6820K(7104K)->6820K(7104K)
[14.343s][info][gc             ] GC(18) Pause Young (Normal) (G1 Evacuation Pause) 90M->31M(104M) 4.839ms
[14.343s][info][gc,cpu         ] GC(18) User=0.09s Sys=0.02s Real=0.02s
[14.424s][info][gc,start       ] GC(19) Pause Young (Normal) (G1 Evacuation Pause)
[14.424s][info][gc,task        ] GC(19) Using 3 workers of 33 for evacuation
[14.433s][info][gc,phases      ] GC(19)   Pre Evacuate Collection Set: 0.1ms
[14.434s][info][gc,phases      ] GC(19)   Merge Heap Roots: 0.1ms
[14.434s][info][gc,phases      ] GC(19)   Evacuate Collection Set: 8.0ms
[14.434s][info][gc,phases      ] GC(19)   Post Evacuate Collection Set: 0.8ms
[14.434s][info][gc,phases      ] GC(19)   Other: 0.1ms
[14.434s][info][gc,heap        ] GC(19) Eden regions: 56->0(50)
[14.434s][info][gc,heap        ] GC(19) Survivor regions: 5->8(8)
[14.434s][info][gc,heap        ] GC(19) Old regions: 25->26
[14.434s][info][gc,heap        ] GC(19) Archive regions: 0->0
[14.434s][info][gc,heap        ] GC(19) Humongous regions: 6->6
[14.434s][info][gc,metaspace   ] GC(19) Metaspace: 53795K(54464K)->53795K(54464K) NonClass: 46974K(47360K)->46974K(47360K) Class: 6820K(7104K)->6820K(7104K)
[14.434s][info][gc             ] GC(19) Pause Young (Normal) (G1 Evacuation Pause) 87M->34M(104M) 9.533ms
[14.434s][info][gc,cpu         ] GC(19) User=0.00s Sys=0.00s Real=0.00s
[14.474s][info][gc,start       ] GC(20) Pause Young (Normal) (G1 Evacuation Pause)
[14.474s][info][gc,task        ] GC(20) Using 2 workers of 33 for evacuation
[14.493s][info][gc,phases      ] GC(20)   Pre Evacuate Collection Set: 0.1ms
[14.493s][info][gc,phases      ] GC(20)   Merge Heap Roots: 0.1ms
[14.493s][info][gc,phases      ] GC(20)   Evacuate Collection Set: 17.9ms
[14.493s][info][gc,phases      ] GC(20)   Post Evacuate Collection Set: 0.4ms
[14.493s][info][gc,phases      ] GC(20)   Other: 0.1ms
[14.493s][info][gc,heap        ] GC(20) Eden regions: 50->0(48)
[14.493s][info][gc,heap        ] GC(20) Survivor regions: 8->5(8)
[14.493s][info][gc,heap        ] GC(20) Old regions: 26->33
[14.493s][info][gc,heap        ] GC(20) Archive regions: 0->0
[14.493s][info][gc,heap        ] GC(20) Humongous regions: 7->7
[14.493s][info][gc,metaspace   ] GC(20) Metaspace: 53827K(54528K)->53827K(54528K) NonClass: 47006K(47424K)->47006K(47424K) Class: 6820K(7104K)->6820K(7104K)
[14.493s][info][gc             ] GC(20) Pause Young (Normal) (G1 Evacuation Pause) 85M->39M(104M) 19.068ms
[14.493s][info][gc,cpu         ] GC(20) User=0.05s Sys=0.00s Real=0.01s
[14.528s][info][gc,start       ] GC(21) Pause Young (Normal) (G1 Evacuation Pause)
[14.528s][info][gc,task        ] GC(21) Using 2 workers of 33 for evacuation
[14.549s][info][gc,phases      ] GC(21)   Pre Evacuate Collection Set: 0.1ms
[14.549s][info][gc,phases      ] GC(21)   Merge Heap Roots: 0.1ms
[14.550s][info][gc,phases      ] GC(21)   Evacuate Collection Set: 20.6ms
[14.550s][info][gc,phases      ] GC(21)   Post Evacuate Collection Set: 0.3ms
[14.550s][info][gc,phases      ] GC(21)   Other: 0.1ms
[14.550s][info][gc,heap        ] GC(21) Eden regions: 48->0(44)
[14.550s][info][gc,heap        ] GC(21) Survivor regions: 5->4(7)
[14.550s][info][gc,heap        ] GC(21) Old regions: 33->37
[14.550s][info][gc,heap        ] GC(21) Archive regions: 0->0
[14.550s][info][gc,heap        ] GC(21) Humongous regions: 9->9
[14.550s][info][gc,metaspace   ] GC(21) Metaspace: 53830K(54528K)->53830K(54528K) NonClass: 47009K(47424K)->47009K(47424K) Class: 6820K(7104K)->6820K(7104K)
[14.550s][info][gc             ] GC(21) Pause Young (Normal) (G1 Evacuation Pause) 89M->45M(104M) 21.805ms
[14.550s][info][gc,cpu         ] GC(21) User=0.08s Sys=0.00s Real=0.03s
[14.588s][info][gc,start       ] GC(22) Pause Young (Normal) (G1 Evacuation Pause)
[14.588s][info][gc,task        ] GC(22) Using 2 workers of 33 for evacuation
[14.614s][info][gc,phases      ] GC(22)   Pre Evacuate Collection Set: 0.1ms
[14.614s][info][gc,phases      ] GC(22)   Merge Heap Roots: 0.1ms
[14.614s][info][gc,phases      ] GC(22)   Evacuate Collection Set: 22.6ms
[14.614s][info][gc,phases      ] GC(22)   Post Evacuate Collection Set: 2.8ms
[14.614s][info][gc,phases      ] GC(22)   Other: 0.1ms
[14.614s][info][gc,heap        ] GC(22) Eden regions: 44->0(180)
[14.614s][info][gc,heap        ] GC(22) Survivor regions: 4->4(6)
[14.614s][info][gc,heap        ] GC(22) Old regions: 37->41
[14.614s][info][gc,heap        ] GC(22) Archive regions: 0->0
[14.614s][info][gc,heap        ] GC(22) Humongous regions: 9->9
[14.614s][info][gc,metaspace   ] GC(22) Metaspace: 53831K(54528K)->53831K(54528K) NonClass: 47010K(47424K)->47010K(47424K) Class: 6820K(7104K)->6820K(7104K)
[14.614s][info][gc             ] GC(22) Pause Young (Normal) (G1 Evacuation Pause) 89M->48M(308M) 26.223ms
[14.614s][info][gc,cpu         ] GC(22) User=0.03s Sys=0.00s Real=0.01s
[14.798s][info][gc,start       ] GC(23) Pause Young (Normal) (G1 Evacuation Pause)
[14.798s][info][gc,task        ] GC(23) Using 7 workers of 33 for evacuation
[14.820s][info][gc,phases      ] GC(23)   Pre Evacuate Collection Set: 0.1ms
[14.820s][info][gc,phases      ] GC(23)   Merge Heap Roots: 0.1ms
[14.820s][info][gc,phases      ] GC(23)   Evacuate Collection Set: 20.8ms
[14.820s][info][gc,phases      ] GC(23)   Post Evacuate Collection Set: 0.4ms
[14.820s][info][gc,phases      ] GC(23)   Other: 0.2ms
[14.820s][info][gc,heap        ] GC(23) Eden regions: 180->0(163)
[14.820s][info][gc,heap        ] GC(23) Survivor regions: 4->21(23)
[14.820s][info][gc,heap        ] GC(23) Old regions: 41->41
[14.820s][info][gc,heap        ] GC(23) Archive regions: 0->0
[14.820s][info][gc,heap        ] GC(23) Humongous regions: 12->12
[14.820s][info][gc,metaspace   ] GC(23) Metaspace: 53856K(54528K)->53856K(54528K) NonClass: 47035K(47424K)->47035K(47424K) Class: 6820K(7104K)->6820K(7104K)
[14.820s][info][gc             ] GC(23) Pause Young (Normal) (G1 Evacuation Pause) 231M->68M(308M) 22.089ms
[14.820s][info][gc,cpu         ] GC(23) User=0.20s Sys=0.02s Real=0.03s
[14.923s][info][gc,start       ] GC(24) Pause Young (Normal) (G1 Evacuation Pause)
[14.923s][info][gc,task        ] GC(24) Using 7 workers of 33 for evacuation
[14.943s][info][gc,phases      ] GC(24)   Pre Evacuate Collection Set: 0.1ms
[14.943s][info][gc,phases      ] GC(24)   Merge Heap Roots: 0.1ms
[14.943s][info][gc,phases      ] GC(24)   Evacuate Collection Set: 19.5ms
[14.944s][info][gc,phases      ] GC(24)   Post Evacuate Collection Set: 0.3ms
[14.944s][info][gc,phases      ] GC(24)   Other: 0.1ms
[14.944s][info][gc,heap        ] GC(24) Eden regions: 163->0(169)
[14.944s][info][gc,heap        ] GC(24) Survivor regions: 21->15(23)
[14.944s][info][gc,heap        ] GC(24) Old regions: 41->61
[14.944s][info][gc,heap        ] GC(24) Archive regions: 0->0
[14.944s][info][gc,heap        ] GC(24) Humongous regions: 12->12
[14.944s][info][gc,metaspace   ] GC(24) Metaspace: 53856K(54528K)->53856K(54528K) NonClass: 47035K(47424K)->47035K(47424K) Class: 6820K(7104K)->6820K(7104K)
[14.944s][info][gc             ] GC(24) Pause Young (Normal) (G1 Evacuation Pause) 231M->82M(308M) 20.692ms
[14.944s][info][gc,cpu         ] GC(24) User=0.22s Sys=0.00s Real=0.03s
[15.051s][info][gc,start       ] GC(25) Pause Young (Normal) (G1 Evacuation Pause)
[15.051s][info][gc,task        ] GC(25) Using 7 workers of 33 for evacuation
[15.070s][info][gc,phases      ] GC(25)   Pre Evacuate Collection Set: 0.1ms
[15.070s][info][gc,phases      ] GC(25)   Merge Heap Roots: 0.1ms
[15.070s][info][gc,phases      ] GC(25)   Evacuate Collection Set: 18.7ms
[15.070s][info][gc,phases      ] GC(25)   Post Evacuate Collection Set: 0.3ms
[15.070s][info][gc,phases      ] GC(25)   Other: 0.1ms
[15.070s][info][gc,heap        ] GC(25) Eden regions: 169->0(166)
[15.070s][info][gc,heap        ] GC(25) Survivor regions: 15->15(23)
[15.070s][info][gc,heap        ] GC(25) Old regions: 61->77
[15.070s][info][gc,heap        ] GC(25) Archive regions: 0->0
[15.070s][info][gc,heap        ] GC(25) Humongous regions: 17->17
[15.070s][info][gc,metaspace   ] GC(25) Metaspace: 53857K(54528K)->53857K(54528K) NonClass: 47036K(47424K)->47036K(47424K) Class: 6820K(7104K)->6820K(7104K)
[15.070s][info][gc             ] GC(25) Pause Young (Normal) (G1 Evacuation Pause) 256M->103M(308M) 19.851ms
[15.071s][info][gc,cpu         ] GC(25) User=0.22s Sys=0.00s Real=0.03s
[15.468s][info][gc,start       ] GC(26) Pause Young (Normal) (G1 Evacuation Pause)
[15.468s][info][gc,task        ] GC(26) Using 7 workers of 33 for evacuation
[15.481s][info][gc,phases      ] GC(26)   Pre Evacuate Collection Set: 0.1ms
[15.481s][info][gc,phases      ] GC(26)   Merge Heap Roots: 0.1ms
[15.481s][info][gc,phases      ] GC(26)   Evacuate Collection Set: 11.5ms
[15.481s][info][gc,phases      ] GC(26)   Post Evacuate Collection Set: 1.0ms
[15.481s][info][gc,phases      ] GC(26)   Other: 0.1ms
[15.481s][info][gc,heap        ] GC(26) Eden regions: 166->0(192)
[15.481s][info][gc,heap        ] GC(26) Survivor regions: 15->13(23)
[15.481s][info][gc,heap        ] GC(26) Old regions: 77->93
[15.481s][info][gc,heap        ] GC(26) Archive regions: 0->0
[15.481s][info][gc,heap        ] GC(26) Humongous regions: 25->20
[15.481s][info][gc,metaspace   ] GC(26) Metaspace: 55772K(56576K)->55772K(56576K) NonClass: 48645K(49088K)->48645K(49088K) Class: 7127K(7488K)->7127K(7488K)
[15.481s][info][gc             ] GC(26) Pause Young (Normal) (G1 Evacuation Pause) 277M->120M(356M) 13.194ms
[15.481s][info][gc,cpu         ] GC(26) User=0.14s Sys=0.00s Real=0.02s
[15.579s][info][gc,start       ] GC(27) Pause Young (Normal) (G1 Evacuation Pause)
[15.579s][info][gc,task        ] GC(27) Using 8 workers of 33 for evacuation
[15.589s][info][gc,phases      ] GC(27)   Pre Evacuate Collection Set: 0.1ms
[15.589s][info][gc,phases      ] GC(27)   Merge Heap Roots: 0.1ms
[15.589s][info][gc,phases      ] GC(27)   Evacuate Collection Set: 9.1ms
[15.589s][info][gc,phases      ] GC(27)   Post Evacuate Collection Set: 0.8ms
[15.589s][info][gc,phases      ] GC(27)   Other: 0.2ms
[15.589s][info][gc,heap        ] GC(27) Eden regions: 192->0(183)
[15.589s][info][gc,heap        ] GC(27) Survivor regions: 13->20(26)
[15.589s][info][gc,heap        ] GC(27) Old regions: 93->93
[15.589s][info][gc,heap        ] GC(27) Archive regions: 0->0
[15.589s][info][gc,heap        ] GC(27) Humongous regions: 21->21
[15.589s][info][gc,metaspace   ] GC(27) Metaspace: 55782K(56640K)->55782K(56640K) NonClass: 48655K(49152K)->48655K(49152K) Class: 7127K(7488K)->7127K(7488K)
[15.589s][info][gc             ] GC(27) Pause Young (Normal) (G1 Evacuation Pause) 313M->128M(356M) 10.797ms
[15.589s][info][gc,cpu         ] GC(27) User=0.34s Sys=0.03s Real=0.02s
[15.644s][info][gc,start       ] GC(28) Pause Young (Normal) (G1 Evacuation Pause)
[15.644s][info][gc,task        ] GC(28) Using 8 workers of 33 for evacuation
[15.657s][info][gc,phases      ] GC(28)   Pre Evacuate Collection Set: 0.1ms
[15.657s][info][gc,phases      ] GC(28)   Merge Heap Roots: 0.1ms
[15.657s][info][gc,phases      ] GC(28)   Evacuate Collection Set: 12.5ms
[15.657s][info][gc,phases      ] GC(28)   Post Evacuate Collection Set: 0.4ms
[15.657s][info][gc,phases      ] GC(28)   Other: 0.2ms
[15.657s][info][gc,heap        ] GC(28) Eden regions: 183->0(179)
[15.657s][info][gc,heap        ] GC(28) Survivor regions: 20->15(26)
[15.657s][info][gc,heap        ] GC(28) Old regions: 93->105
[15.657s][info][gc,heap        ] GC(28) Archive regions: 0->0
[15.657s][info][gc,heap        ] GC(28) Humongous regions: 23->23
[15.657s][info][gc,metaspace   ] GC(28) Metaspace: 55782K(56640K)->55782K(56640K) NonClass: 48655K(49152K)->48655K(49152K) Class: 7127K(7488K)->7127K(7488K)
[15.657s][info][gc             ] GC(28) Pause Young (Normal) (G1 Evacuation Pause) 313M->137M(356M) 13.836ms
[15.657s][info][gc,cpu         ] GC(28) User=0.14s Sys=0.00s Real=0.01s
[15.710s][info][gc,start       ] GC(29) Pause Young (Normal) (G1 Evacuation Pause)
[15.710s][info][gc,task        ] GC(29) Using 8 workers of 33 for evacuation
[15.721s][info][gc,phases      ] GC(29)   Pre Evacuate Collection Set: 0.1ms
[15.721s][info][gc,phases      ] GC(29)   Merge Heap Roots: 0.1ms
[15.721s][info][gc,phases      ] GC(29)   Evacuate Collection Set: 10.9ms
[15.721s][info][gc,phases      ] GC(29)   Post Evacuate Collection Set: 0.4ms
[15.721s][info][gc,phases      ] GC(29)   Other: 0.1ms
[15.721s][info][gc,heap        ] GC(29) Eden regions: 179->0(173)
[15.721s][info][gc,heap        ] GC(29) Survivor regions: 15->14(25)
[15.721s][info][gc,heap        ] GC(29) Old regions: 105->113
[15.721s][info][gc,heap        ] GC(29) Archive regions: 0->0
[15.721s][info][gc,heap        ] GC(29) Humongous regions: 23->23
[15.721s][info][gc,metaspace   ] GC(29) Metaspace: 55784K(56640K)->55784K(56640K) NonClass: 48656K(49152K)->48656K(49152K) Class: 7127K(7488K)->7127K(7488K)
[15.721s][info][gc             ] GC(29) Pause Young (Normal) (G1 Evacuation Pause) 316M->144M(356M) 11.909ms
[15.721s][info][gc,cpu         ] GC(29) User=0.14s Sys=0.00s Real=0.02s
[15.779s][info][gc,start       ] GC(30) Pause Young (Normal) (G1 Evacuation Pause)
[15.779s][info][gc,task        ] GC(30) Using 8 workers of 33 for evacuation
[15.794s][info][gc,phases      ] GC(30)   Pre Evacuate Collection Set: 0.1ms
[15.794s][info][gc,phases      ] GC(30)   Merge Heap Roots: 0.1ms
[15.794s][info][gc,phases      ] GC(30)   Evacuate Collection Set: 13.8ms
[15.794s][info][gc,phases      ] GC(30)   Post Evacuate Collection Set: 0.4ms
[15.794s][info][gc,phases      ] GC(30)   Other: 0.1ms
[15.794s][info][gc,heap        ] GC(30) Eden regions: 173->0(167)
[15.794s][info][gc,heap        ] GC(30) Survivor regions: 14->12(24)
[15.794s][info][gc,heap        ] GC(30) Old regions: 113->120
[15.794s][info][gc,heap        ] GC(30) Archive regions: 0->0
[15.794s][info][gc,heap        ] GC(30) Humongous regions: 26->26
[15.794s][info][gc,metaspace   ] GC(30) Metaspace: 55792K(56640K)->55792K(56640K) NonClass: 48662K(49152K)->48662K(49152K) Class: 7129K(7488K)->7129K(7488K)
[15.794s][info][gc             ] GC(30) Pause Young (Normal) (G1 Evacuation Pause) 320M->152M(356M) 15.034ms
[15.794s][info][gc,cpu         ] GC(30) User=0.13s Sys=0.00s Real=0.02s
[15.848s][info][gc,start       ] GC(31) Pause Young (Normal) (G1 Evacuation Pause)
[15.848s][info][gc,task        ] GC(31) Using 8 workers of 33 for evacuation
[15.859s][info][gc,phases      ] GC(31)   Pre Evacuate Collection Set: 0.1ms
[15.859s][info][gc,phases      ] GC(31)   Merge Heap Roots: 0.1ms
[15.859s][info][gc,phases      ] GC(31)   Evacuate Collection Set: 9.5ms
[15.859s][info][gc,phases      ] GC(31)   Post Evacuate Collection Set: 0.9ms
[15.859s][info][gc,phases      ] GC(31)   Other: 0.1ms
[15.859s][info][gc,heap        ] GC(31) Eden regions: 167->0(182)
[15.859s][info][gc,heap        ] GC(31) Survivor regions: 12->20(23)
[15.859s][info][gc,heap        ] GC(31) Old regions: 120->120
[15.859s][info][gc,heap        ] GC(31) Archive regions: 0->0
[15.859s][info][gc,heap        ] GC(31) Humongous regions: 26->26
[15.859s][info][gc,metaspace   ] GC(31) Metaspace: 55792K(56640K)->55792K(56640K) NonClass: 48662K(49152K)->48662K(49152K) Class: 7129K(7488K)->7129K(7488K)
[15.859s][info][gc             ] GC(31) Pause Young (Normal) (G1 Evacuation Pause) 319M->159M(388M) 11.168ms
[15.859s][info][gc,cpu         ] GC(31) User=0.00s Sys=0.00s Real=0.00s
[15.919s][info][gc,start       ] GC(32) Pause Young (Normal) (G1 Evacuation Pause)
[15.919s][info][gc,task        ] GC(32) Using 9 workers of 33 for evacuation
[15.931s][info][gc,phases      ] GC(32)   Pre Evacuate Collection Set: 0.1ms
[15.931s][info][gc,phases      ] GC(32)   Merge Heap Roots: 0.1ms
[15.931s][info][gc,phases      ] GC(32)   Evacuate Collection Set: 11.2ms
[15.931s][info][gc,phases      ] GC(32)   Post Evacuate Collection Set: 0.5ms
[15.932s][info][gc,phases      ] GC(32)   Other: 0.2ms
[15.932s][info][gc,heap        ] GC(32) Eden regions: 182->0(176)
[15.932s][info][gc,heap        ] GC(32) Survivor regions: 20->20(26)
[15.932s][info][gc,heap        ] GC(32) Old regions: 120->126
[15.932s][info][gc,heap        ] GC(32) Archive regions: 0->0
[15.932s][info][gc,heap        ] GC(32) Humongous regions: 26->26
[15.932s][info][gc,metaspace   ] GC(32) Metaspace: 55871K(56640K)->55871K(56640K) NonClass: 48734K(49152K)->48734K(49152K) Class: 7137K(7488K)->7137K(7488K)
[15.932s][info][gc             ] GC(32) Pause Young (Normal) (G1 Evacuation Pause) 341M->166M(388M) 12.533ms
[15.932s][info][gc,cpu         ] GC(32) User=0.16s Sys=0.00s Real=0.02s
[16.006s][info][gc,start       ] GC(33) Pause Young (Normal) (G1 Evacuation Pause)
[16.006s][info][gc,task        ] GC(33) Using 9 workers of 33 for evacuation
[16.014s][info][gc,phases      ] GC(33)   Pre Evacuate Collection Set: 0.1ms
[16.014s][info][gc,phases      ] GC(33)   Merge Heap Roots: 0.1ms
[16.014s][info][gc,phases      ] GC(33)   Evacuate Collection Set: 6.3ms
[16.014s][info][gc,phases      ] GC(33)   Post Evacuate Collection Set: 0.6ms
[16.014s][info][gc,phases      ] GC(33)   Other: 0.1ms
[16.014s][info][gc,heap        ] GC(33) Eden regions: 176->0(187)
[16.014s][info][gc,heap        ] GC(33) Survivor regions: 20->8(25)
[16.014s][info][gc,heap        ] GC(33) Old regions: 126->139
[16.014s][info][gc,heap        ] GC(33) Archive regions: 0->0
[16.014s][info][gc,heap        ] GC(33) Humongous regions: 26->26
[16.014s][info][gc,metaspace   ] GC(33) Metaspace: 55965K(56704K)->55965K(56704K) NonClass: 48820K(49216K)->48820K(49216K) Class: 7145K(7488K)->7145K(7488K)
[16.014s][info][gc             ] GC(33) Pause Young (Normal) (G1 Evacuation Pause) 342M->167M(388M) 7.784ms
[16.014s][info][gc,cpu         ] GC(33) User=0.00s Sys=0.00s Real=0.00s
[16.071s][info][gc,start       ] GC(34) Pause Young (Normal) (G1 Evacuation Pause)
[16.071s][info][gc,task        ] GC(34) Using 9 workers of 33 for evacuation
[16.075s][info][gc,phases      ] GC(34)   Pre Evacuate Collection Set: 0.1ms
[16.075s][info][gc,phases      ] GC(34)   Merge Heap Roots: 0.1ms
[16.075s][info][gc,phases      ] GC(34)   Evacuate Collection Set: 3.4ms
[16.075s][info][gc,phases      ] GC(34)   Post Evacuate Collection Set: 0.5ms
[16.075s][info][gc,phases      ] GC(34)   Other: 0.2ms
[16.075s][info][gc,heap        ] GC(34) Eden regions: 187->0(187)
[16.075s][info][gc,heap        ] GC(34) Survivor regions: 8->8(25)
[16.075s][info][gc,heap        ] GC(34) Old regions: 139->139
[16.075s][info][gc,heap        ] GC(34) Archive regions: 0->0
[16.075s][info][gc,heap        ] GC(34) Humongous regions: 26->26
[16.075s][info][gc,metaspace   ] GC(34) Metaspace: 55965K(56704K)->55965K(56704K) NonClass: 48820K(49216K)->48820K(49216K) Class: 7145K(7488K)->7145K(7488K)
[16.075s][info][gc             ] GC(34) Pause Young (Normal) (G1 Evacuation Pause) 354M->166M(388M) 4.722ms
[16.075s][info][gc,cpu         ] GC(34) User=0.00s Sys=0.00s Real=0.00s
[16.133s][info][gc,start       ] GC(35) Pause Young (Normal) (G1 Evacuation Pause)
[16.133s][info][gc,task        ] GC(35) Using 9 workers of 33 for evacuation
[16.137s][info][gc,phases      ] GC(35)   Pre Evacuate Collection Set: 0.1ms
[16.137s][info][gc,phases      ] GC(35)   Merge Heap Roots: 0.1ms
[16.137s][info][gc,phases      ] GC(35)   Evacuate Collection Set: 3.2ms
[16.137s][info][gc,phases      ] GC(35)   Post Evacuate Collection Set: 0.5ms
[16.137s][info][gc,phases      ] GC(35)   Other: 0.1ms
[16.137s][info][gc,heap        ] GC(35) Eden regions: 187->0(187)
[16.137s][info][gc,heap        ] GC(35) Survivor regions: 8->8(25)
[16.137s][info][gc,heap        ] GC(35) Old regions: 139->139
[16.137s][info][gc,heap        ] GC(35) Archive regions: 0->0
[16.137s][info][gc,heap        ] GC(35) Humongous regions: 26->26
[16.137s][info][gc,metaspace   ] GC(35) Metaspace: 55965K(56704K)->55965K(56704K) NonClass: 48820K(49216K)->48820K(49216K) Class: 7145K(7488K)->7145K(7488K)
[16.137s][info][gc             ] GC(35) Pause Young (Normal) (G1 Evacuation Pause) 353M->166M(388M) 4.542ms
[16.137s][info][gc,cpu         ] GC(35) User=0.00s Sys=0.00s Real=0.00s
[16.188s][info][gc,start       ] GC(36) Pause Young (Normal) (G1 Evacuation Pause)
[16.188s][info][gc,task        ] GC(36) Using 9 workers of 33 for evacuation
[16.192s][info][gc,phases      ] GC(36)   Pre Evacuate Collection Set: 0.1ms
[16.192s][info][gc,phases      ] GC(36)   Merge Heap Roots: 0.1ms
[16.192s][info][gc,phases      ] GC(36)   Evacuate Collection Set: 3.2ms
[16.192s][info][gc,phases      ] GC(36)   Post Evacuate Collection Set: 0.5ms
[16.192s][info][gc,phases      ] GC(36)   Other: 0.1ms
[16.192s][info][gc,heap        ] GC(36) Eden regions: 187->0(189)
[16.192s][info][gc,heap        ] GC(36) Survivor regions: 8->7(25)
[16.192s][info][gc,heap        ] GC(36) Old regions: 139->139
[16.192s][info][gc,heap        ] GC(36) Archive regions: 0->0
[16.192s][info][gc,heap        ] GC(36) Humongous regions: 26->26
[16.192s][info][gc,metaspace   ] GC(36) Metaspace: 55965K(56704K)->55965K(56704K) NonClass: 48820K(49216K)->48820K(49216K) Class: 7145K(7488K)->7145K(7488K)
[16.192s][info][gc             ] GC(36) Pause Young (Normal) (G1 Evacuation Pause) 353M->166M(388M) 4.365ms
[16.192s][info][gc,cpu         ] GC(36) User=0.14s Sys=0.00s Real=0.02s
[16.243s][info][gc,start       ] GC(37) Pause Young (Normal) (G1 Evacuation Pause)
[16.243s][info][gc,task        ] GC(37) Using 9 workers of 33 for evacuation
[16.248s][info][gc,phases      ] GC(37)   Pre Evacuate Collection Set: 0.1ms
[16.248s][info][gc,phases      ] GC(37)   Merge Heap Roots: 0.1ms
[16.248s][info][gc,phases      ] GC(37)   Evacuate Collection Set: 3.3ms
[16.248s][info][gc,phases      ] GC(37)   Post Evacuate Collection Set: 0.7ms
[16.248s][info][gc,phases      ] GC(37)   Other: 0.1ms
[16.248s][info][gc,heap        ] GC(37) Eden regions: 189->0(189)
[16.248s][info][gc,heap        ] GC(37) Survivor regions: 7->7(25)
[16.248s][info][gc,heap        ] GC(37) Old regions: 139->139
[16.248s][info][gc,heap        ] GC(37) Archive regions: 0->0
[16.248s][info][gc,heap        ] GC(37) Humongous regions: 26->26
[16.248s][info][gc,metaspace   ] GC(37) Metaspace: 55983K(56768K)->55983K(56768K) NonClass: 48835K(49280K)->48835K(49280K) Class: 7147K(7488K)->7147K(7488K)
[16.248s][info][gc             ] GC(37) Pause Young (Normal) (G1 Evacuation Pause) 355M->166M(388M) 4.736ms
[16.248s][info][gc,cpu         ] GC(37) User=0.00s Sys=0.00s Real=0.00s
[16.346s][info][gc,start       ] GC(38) Pause Young (Normal) (G1 Evacuation Pause)
[16.346s][info][gc,task        ] GC(38) Using 9 workers of 33 for evacuation
[16.351s][info][gc,phases      ] GC(38)   Pre Evacuate Collection Set: 0.1ms
[16.351s][info][gc,phases      ] GC(38)   Merge Heap Roots: 0.1ms
[16.351s][info][gc,phases      ] GC(38)   Evacuate Collection Set: 3.5ms
[16.351s][info][gc,phases      ] GC(38)   Post Evacuate Collection Set: 0.7ms
[16.351s][info][gc,phases      ] GC(38)   Other: 0.1ms
[16.351s][info][gc,heap        ] GC(38) Eden regions: 189->0(189)
[16.351s][info][gc,heap        ] GC(38) Survivor regions: 7->7(25)
[16.351s][info][gc,heap        ] GC(38) Old regions: 139->139
[16.351s][info][gc,heap        ] GC(38) Archive regions: 0->0
[16.351s][info][gc,heap        ] GC(38) Humongous regions: 26->26
[16.351s][info][gc,metaspace   ] GC(38) Metaspace: 56292K(57152K)->56292K(57152K) NonClass: 49096K(49600K)->49096K(49600K) Class: 7196K(7552K)->7196K(7552K)
[16.351s][info][gc             ] GC(38) Pause Young (Normal) (G1 Evacuation Pause) 355M->166M(388M) 5.099ms
[16.351s][info][gc,cpu         ] GC(38) User=0.14s Sys=0.00s Real=0.02s
[16.474s][info][gc,start       ] GC(39) Pause Young (Normal) (G1 Evacuation Pause)
[16.474s][info][gc,task        ] GC(39) Using 9 workers of 33 for evacuation
[16.479s][info][gc,phases      ] GC(39)   Pre Evacuate Collection Set: 0.1ms
[16.479s][info][gc,phases      ] GC(39)   Merge Heap Roots: 0.1ms
[16.479s][info][gc,phases      ] GC(39)   Evacuate Collection Set: 3.5ms
[16.479s][info][gc,phases      ] GC(39)   Post Evacuate Collection Set: 0.6ms
[16.479s][info][gc,phases      ] GC(39)   Other: 0.1ms
[16.479s][info][gc,heap        ] GC(39) Eden regions: 189->0(189)
[16.479s][info][gc,heap        ] GC(39) Survivor regions: 7->7(25)
[16.479s][info][gc,heap        ] GC(39) Old regions: 139->139
[16.479s][info][gc,heap        ] GC(39) Archive regions: 0->0
[16.479s][info][gc,heap        ] GC(39) Humongous regions: 26->26
[16.479s][info][gc,metaspace   ] GC(39) Metaspace: 56292K(57152K)->56292K(57152K) NonClass: 49096K(49600K)->49096K(49600K) Class: 7196K(7552K)->7196K(7552K)
[16.479s][info][gc             ] GC(39) Pause Young (Normal) (G1 Evacuation Pause) 355M->166M(388M) 4.899ms
[16.479s][info][gc,cpu         ] GC(39) User=0.03s Sys=0.00s Real=0.01s
[16.590s][info][gc,start       ] GC(40) Pause Young (Normal) (G1 Evacuation Pause)
[16.590s][info][gc,task        ] GC(40) Using 9 workers of 33 for evacuation
[16.594s][info][gc,phases      ] GC(40)   Pre Evacuate Collection Set: 0.1ms
[16.594s][info][gc,phases      ] GC(40)   Merge Heap Roots: 0.1ms
[16.594s][info][gc,phases      ] GC(40)   Evacuate Collection Set: 3.4ms
[16.594s][info][gc,phases      ] GC(40)   Post Evacuate Collection Set: 0.6ms
[16.594s][info][gc,phases      ] GC(40)   Other: 0.1ms
[16.594s][info][gc,heap        ] GC(40) Eden regions: 189->0(189)
[16.594s][info][gc,heap        ] GC(40) Survivor regions: 7->7(25)
[16.594s][info][gc,heap        ] GC(40) Old regions: 139->139
[16.594s][info][gc,heap        ] GC(40) Archive regions: 0->0
[16.594s][info][gc,heap        ] GC(40) Humongous regions: 26->26
[16.594s][info][gc,metaspace   ] GC(40) Metaspace: 56292K(57152K)->56292K(57152K) NonClass: 49096K(49600K)->49096K(49600K) Class: 7196K(7552K)->7196K(7552K)
[16.594s][info][gc             ] GC(40) Pause Young (Normal) (G1 Evacuation Pause) 355M->166M(388M) 4.771ms
[16.594s][info][gc,cpu         ] GC(40) User=0.00s Sys=0.00s Real=0.00s
[16.701s][info][gc,start       ] GC(41) Pause Young (Normal) (G1 Evacuation Pause)
[16.701s][info][gc,task        ] GC(41) Using 9 workers of 33 for evacuation
[16.705s][info][gc,phases      ] GC(41)   Pre Evacuate Collection Set: 0.1ms
[16.705s][info][gc,phases      ] GC(41)   Merge Heap Roots: 0.1ms
[16.705s][info][gc,phases      ] GC(41)   Evacuate Collection Set: 3.4ms
[16.705s][info][gc,phases      ] GC(41)   Post Evacuate Collection Set: 0.6ms
[16.705s][info][gc,phases      ] GC(41)   Other: 0.1ms
[16.705s][info][gc,heap        ] GC(41) Eden regions: 189->0(187)
[16.705s][info][gc,heap        ] GC(41) Survivor regions: 7->8(25)
[16.705s][info][gc,heap        ] GC(41) Old regions: 139->139
[16.705s][info][gc,heap        ] GC(41) Archive regions: 0->0
[16.705s][info][gc,heap        ] GC(41) Humongous regions: 26->26
[16.706s][info][gc,metaspace   ] GC(41) Metaspace: 56292K(57152K)->56292K(57152K) NonClass: 49096K(49600K)->49096K(49600K) Class: 7196K(7552K)->7196K(7552K)
[16.706s][info][gc             ] GC(41) Pause Young (Normal) (G1 Evacuation Pause) 355M->166M(388M) 4.733ms
[16.706s][info][gc,cpu         ] GC(41) User=0.00s Sys=0.00s Real=0.00s
[16.810s][info][gc,start       ] GC(42) Pause Young (Normal) (G1 Evacuation Pause)
[16.810s][info][gc,task        ] GC(42) Using 9 workers of 33 for evacuation
[16.814s][info][gc,phases      ] GC(42)   Pre Evacuate Collection Set: 0.1ms
[16.814s][info][gc,phases      ] GC(42)   Merge Heap Roots: 0.1ms
[16.814s][info][gc,phases      ] GC(42)   Evacuate Collection Set: 3.2ms
[16.814s][info][gc,phases      ] GC(42)   Post Evacuate Collection Set: 0.6ms
[16.814s][info][gc,phases      ] GC(42)   Other: 0.1ms
[16.814s][info][gc,heap        ] GC(42) Eden regions: 187->0(187)
[16.814s][info][gc,heap        ] GC(42) Survivor regions: 8->8(25)
[16.814s][info][gc,heap        ] GC(42) Old regions: 139->139
[16.814s][info][gc,heap        ] GC(42) Archive regions: 0->0
[16.814s][info][gc,heap        ] GC(42) Humongous regions: 26->26
[16.814s][info][gc,metaspace   ] GC(42) Metaspace: 56292K(57152K)->56292K(57152K) NonClass: 49096K(49600K)->49096K(49600K) Class: 7196K(7552K)->7196K(7552K)
[16.814s][info][gc             ] GC(42) Pause Young (Normal) (G1 Evacuation Pause) 353M->166M(388M) 4.504ms
[16.814s][info][gc,cpu         ] GC(42) User=0.00s Sys=0.00s Real=0.00s
[16.918s][info][gc,start       ] GC(43) Pause Young (Normal) (G1 Evacuation Pause)
[16.918s][info][gc,task        ] GC(43) Using 9 workers of 33 for evacuation
[16.923s][info][gc,phases      ] GC(43)   Pre Evacuate Collection Set: 0.1ms
[16.923s][info][gc,phases      ] GC(43)   Merge Heap Roots: 0.1ms
[16.923s][info][gc,phases      ] GC(43)   Evacuate Collection Set: 3.4ms
[16.923s][info][gc,phases      ] GC(43)   Post Evacuate Collection Set: 0.6ms
[16.923s][info][gc,phases      ] GC(43)   Other: 0.1ms
[16.923s][info][gc,heap        ] GC(43) Eden regions: 187->0(187)
[16.923s][info][gc,heap        ] GC(43) Survivor regions: 8->8(25)
[16.923s][info][gc,heap        ] GC(43) Old regions: 139->139
[16.923s][info][gc,heap        ] GC(43) Archive regions: 0->0
[16.923s][info][gc,heap        ] GC(43) Humongous regions: 26->26
[16.923s][info][gc,metaspace   ] GC(43) Metaspace: 56292K(57152K)->56292K(57152K) NonClass: 49096K(49600K)->49096K(49600K) Class: 7196K(7552K)->7196K(7552K)
[16.923s][info][gc             ] GC(43) Pause Young (Normal) (G1 Evacuation Pause) 353M->166M(388M) 4.755ms
[16.923s][info][gc,cpu         ] GC(43) User=0.00s Sys=0.00s Real=0.00s
[17.086s][info][gc,start       ] GC(44) Pause Full (System.gc())
[17.146s][info][gc,task        ] GC(44) Using 9 workers of 33 for full compaction
[17.147s][info][gc,phases,start] GC(44) Phase 1: Mark live objects
[17.184s][info][gc,phases      ] GC(44) Phase 1: Mark live objects 37.581ms
[17.184s][info][gc,phases,start] GC(44) Phase 2: Prepare compaction
[17.189s][info][gc,phases      ] GC(44) Phase 2: Prepare compaction 4.792ms
[17.189s][info][gc,phases,start] GC(44) Phase 3: Adjust pointers
[17.196s][info][gc,phases      ] GC(44) Phase 3: Adjust pointers 7.338ms
[17.197s][info][gc,phases,start] GC(44) Phase 4: Compact heap
[17.198s][info][gc,phases      ] GC(44) Phase 4: Compact heap 1.701ms
[17.205s][info][gc,heap        ] GC(44) Eden regions: 11->0(212)
[17.205s][info][gc,heap        ] GC(44) Survivor regions: 8->0(25)
[17.205s][info][gc,heap        ] GC(44) Old regions: 139->97
[17.205s][info][gc,heap        ] GC(44) Archive regions: 0->0
[17.205s][info][gc,heap        ] GC(44) Humongous regions: 31->9
[17.205s][info][gc,metaspace   ] GC(44) Metaspace: 58116K(59008K)->58067K(59008K) NonClass: 50709K(51200K)->50675K(51200K) Class: 7406K(7808K)->7392K(7808K)
[17.206s][info][gc             ] GC(44) Pause Full (System.gc()) 182M->100M(354M) 119.710ms
[17.206s][info][gc,cpu         ] GC(44) User=0.50s Sys=0.00s Real=0.13s
[17.415s][info][gc,start       ] GC(45) Pause Young (Normal) (G1 Evacuation Pause)
[17.415s][info][gc,task        ] GC(45) Using 8 workers of 33 for evacuation
[17.419s][info][gc,phases      ] GC(45)   Pre Evacuate Collection Set: 0.1ms
[17.420s][info][gc,phases      ] GC(45)   Merge Heap Roots: 0.1ms
[17.420s][info][gc,phases      ] GC(45)   Evacuate Collection Set: 3.2ms
[17.420s][info][gc,phases      ] GC(45)   Post Evacuate Collection Set: 0.9ms
[17.420s][info][gc,phases      ] GC(45)   Other: 0.2ms
[17.420s][info][gc,heap        ] GC(45) Eden regions: 212->0(206)
[17.420s][info][gc,heap        ] GC(45) Survivor regions: 0->6(27)
[17.420s][info][gc,heap        ] GC(45) Old regions: 97->97
[17.420s][info][gc,heap        ] GC(45) Archive regions: 0->0
[17.420s][info][gc,heap        ] GC(45) Humongous regions: 19->9
[17.420s][info][gc,metaspace   ] GC(45) Metaspace: 58406K(59264K)->58406K(59264K) NonClass: 50946K(51392K)->50946K(51392K) Class: 7459K(7872K)->7459K(7872K)
[17.420s][info][gc             ] GC(45) Pause Young (Normal) (G1 Evacuation Pause) 322M->106M(354M) 4.968ms
[17.420s][info][gc,cpu         ] GC(45) User=0.00s Sys=0.00s Real=0.00s
[17.485s][info][gc,start       ] GC(46) Pause Young (Normal) (G1 Evacuation Pause)
[17.485s][info][gc,task        ] GC(46) Using 8 workers of 33 for evacuation
[17.494s][info][gc,phases      ] GC(46)   Pre Evacuate Collection Set: 0.1ms
[17.494s][info][gc,phases      ] GC(46)   Merge Heap Roots: 0.1ms
[17.494s][info][gc,phases      ] GC(46)   Evacuate Collection Set: 8.4ms
[17.494s][info][gc,phases      ] GC(46)   Post Evacuate Collection Set: 0.7ms
[17.495s][info][gc,phases      ] GC(46)   Other: 0.2ms
[17.495s][info][gc,heap        ] GC(46) Eden regions: 206->0(198)
[17.495s][info][gc,heap        ] GC(46) Survivor regions: 6->14(27)
[17.495s][info][gc,heap        ] GC(46) Old regions: 97->97
[17.495s][info][gc,heap        ] GC(46) Archive regions: 0->0
[17.495s][info][gc,heap        ] GC(46) Humongous regions: 12->12
[17.495s][info][gc,metaspace   ] GC(46) Metaspace: 58409K(59264K)->58409K(59264K) NonClass: 50950K(51392K)->50950K(51392K) Class: 7459K(7872K)->7459K(7872K)
[17.495s][info][gc             ] GC(46) Pause Young (Normal) (G1 Evacuation Pause) 315M->117M(354M) 9.989ms
[17.495s][info][gc,cpu         ] GC(46) User=0.03s Sys=0.00s Real=0.02s
[17.556s][info][gc,start       ] GC(47) Pause Young (Normal) (G1 Evacuation Pause)
[17.556s][info][gc,task        ] GC(47) Using 8 workers of 33 for evacuation
[17.569s][info][gc,phases      ] GC(47)   Pre Evacuate Collection Set: 0.1ms
[17.569s][info][gc,phases      ] GC(47)   Merge Heap Roots: 0.1ms
[17.569s][info][gc,phases      ] GC(47)   Evacuate Collection Set: 11.8ms
[17.569s][info][gc,phases      ] GC(47)   Post Evacuate Collection Set: 0.7ms
[17.569s][info][gc,phases      ] GC(47)   Other: 0.2ms
[17.569s][info][gc,heap        ] GC(47) Eden regions: 198->0(184)
[17.569s][info][gc,heap        ] GC(47) Survivor regions: 14->21(27)
[17.569s][info][gc,heap        ] GC(47) Old regions: 97->97
[17.569s][info][gc,heap        ] GC(47) Archive regions: 0->0
[17.569s][info][gc,heap        ] GC(47) Humongous regions: 12->12
[17.569s][info][gc,metaspace   ] GC(47) Metaspace: 58409K(59264K)->58409K(59264K) NonClass: 50950K(51392K)->50950K(51392K) Class: 7459K(7872K)->7459K(7872K)
[17.569s][info][gc             ] GC(47) Pause Young (Normal) (G1 Evacuation Pause) 315M->124M(354M) 13.334ms
[17.569s][info][gc,cpu         ] GC(47) User=0.14s Sys=0.00s Real=0.02s
[17.627s][info][gc,start       ] GC(48) Pause Young (Normal) (G1 Evacuation Pause)
[17.627s][info][gc,task        ] GC(48) Using 8 workers of 33 for evacuation
[17.645s][info][gc,phases      ] GC(48)   Pre Evacuate Collection Set: 0.1ms
[17.645s][info][gc,phases      ] GC(48)   Merge Heap Roots: 0.1ms
[17.645s][info][gc,phases      ] GC(48)   Evacuate Collection Set: 16.9ms
[17.645s][info][gc,phases      ] GC(48)   Post Evacuate Collection Set: 0.4ms
[17.645s][info][gc,phases      ] GC(48)   Other: 0.2ms
[17.645s][info][gc,heap        ] GC(48) Eden regions: 184->0(176)
[17.645s][info][gc,heap        ] GC(48) Survivor regions: 21->17(26)
[17.645s][info][gc,heap        ] GC(48) Old regions: 97->110
[17.645s][info][gc,heap        ] GC(48) Archive regions: 0->0
[17.645s][info][gc,heap        ] GC(48) Humongous regions: 15->15
[17.645s][info][gc,metaspace   ] GC(48) Metaspace: 58409K(59264K)->58409K(59264K) NonClass: 50950K(51392K)->50950K(51392K) Class: 7459K(7872K)->7459K(7872K)
[17.645s][info][gc             ] GC(48) Pause Young (Normal) (G1 Evacuation Pause) 311M->136M(354M) 18.166ms
[17.645s][info][gc,cpu         ] GC(48) User=0.14s Sys=0.00s Real=0.02s
[17.699s][info][gc,start       ] GC(49) Pause Young (Normal) (G1 Evacuation Pause)
[17.700s][info][gc,task        ] GC(49) Using 8 workers of 33 for evacuation
[17.712s][info][gc,phases      ] GC(49)   Pre Evacuate Collection Set: 0.1ms
[17.712s][info][gc,phases      ] GC(49)   Merge Heap Roots: 0.1ms
[17.712s][info][gc,phases      ] GC(49)   Evacuate Collection Set: 11.4ms
[17.712s][info][gc,phases      ] GC(49)   Post Evacuate Collection Set: 0.6ms
[17.712s][info][gc,phases      ] GC(49)   Other: 0.1ms
[17.712s][info][gc,heap        ] GC(49) Eden regions: 176->0(203)
[17.712s][info][gc,heap        ] GC(49) Survivor regions: 17->15(25)
[17.712s][info][gc,heap        ] GC(49) Old regions: 110->118
[17.712s][info][gc,heap        ] GC(49) Archive regions: 0->0
[17.712s][info][gc,heap        ] GC(49) Humongous regions: 15->15
[17.712s][info][gc,metaspace   ] GC(49) Metaspace: 58409K(59264K)->58409K(59264K) NonClass: 50950K(51392K)->50950K(51392K) Class: 7459K(7872K)->7459K(7872K)
[17.712s][info][gc             ] GC(49) Pause Young (Normal) (G1 Evacuation Pause) 312M->142M(386M) 12.612ms
[17.712s][info][gc,cpu         ] GC(49) User=0.42s Sys=0.05s Real=0.02s
[17.793s][info][gc,start       ] GC(50) Pause Young (Normal) (G1 Evacuation Pause)
[17.793s][info][gc,task        ] GC(50) Using 9 workers of 33 for evacuation
[17.803s][info][gc,phases      ] GC(50)   Pre Evacuate Collection Set: 0.1ms
[17.803s][info][gc,phases      ] GC(50)   Merge Heap Roots: 0.1ms
[17.803s][info][gc,phases      ] GC(50)   Evacuate Collection Set: 8.6ms
[17.803s][info][gc,phases      ] GC(50)   Post Evacuate Collection Set: 0.4ms
[17.803s][info][gc,phases      ] GC(50)   Other: 0.2ms
[17.803s][info][gc,heap        ] GC(50) Eden regions: 203->0(189)
[17.803s][info][gc,heap        ] GC(50) Survivor regions: 15->22(28)
[17.803s][info][gc,heap        ] GC(50) Old regions: 118->118
[17.803s][info][gc,heap        ] GC(50) Archive regions: 0->0
[17.803s][info][gc,heap        ] GC(50) Humongous regions: 15->15
[17.803s][info][gc,metaspace   ] GC(50) Metaspace: 58416K(59264K)->58416K(59264K) NonClass: 50956K(51392K)->50956K(51392K) Class: 7459K(7872K)->7459K(7872K)
[17.803s][info][gc             ] GC(50) Pause Young (Normal) (G1 Evacuation Pause) 345M->149M(386M) 9.909ms
[17.803s][info][gc,cpu         ] GC(50) User=0.00s Sys=0.00s Real=0.00s
[17.866s][info][gc,start       ] GC(51) Pause Young (Normal) (G1 Evacuation Pause)
[17.866s][info][gc,task        ] GC(51) Using 9 workers of 33 for evacuation
[17.875s][info][gc,phases      ] GC(51)   Pre Evacuate Collection Set: 0.1ms
[17.875s][info][gc,phases      ] GC(51)   Merge Heap Roots: 0.1ms
[17.875s][info][gc,phases      ] GC(51)   Evacuate Collection Set: 8.3ms
[17.875s][info][gc,phases      ] GC(51)   Post Evacuate Collection Set: 0.4ms
[17.875s][info][gc,phases      ] GC(51)   Other: 0.1ms
[17.875s][info][gc,heap        ] GC(51) Eden regions: 189->0(195)
[17.875s][info][gc,heap        ] GC(51) Survivor regions: 22->15(27)
[17.875s][info][gc,heap        ] GC(51) Old regions: 118->126
[17.875s][info][gc,heap        ] GC(51) Archive regions: 0->0
[17.875s][info][gc,heap        ] GC(51) Humongous regions: 15->15
[17.875s][info][gc,metaspace   ] GC(51) Metaspace: 58416K(59264K)->58416K(59264K) NonClass: 50956K(51392K)->50956K(51392K) Class: 7459K(7872K)->7459K(7872K)
[17.875s][info][gc             ] GC(51) Pause Young (Normal) (G1 Evacuation Pause) 338M->150M(386M) 9.448ms
[17.876s][info][gc,cpu         ] GC(51) User=0.14s Sys=0.00s Real=0.02s
[17.938s][info][gc,start       ] GC(52) Pause Young (Normal) (G1 Evacuation Pause)
[17.938s][info][gc,task        ] GC(52) Using 9 workers of 33 for evacuation
[17.944s][info][gc,phases      ] GC(52)   Pre Evacuate Collection Set: 0.1ms
[17.944s][info][gc,phases      ] GC(52)   Merge Heap Roots: 0.1ms
[17.944s][info][gc,phases      ] GC(52)   Evacuate Collection Set: 4.9ms
[17.944s][info][gc,phases      ] GC(52)   Post Evacuate Collection Set: 0.4ms
[17.944s][info][gc,phases      ] GC(52)   Other: 0.1ms
[17.944s][info][gc,heap        ] GC(52) Eden regions: 195->0(195)
[17.944s][info][gc,heap        ] GC(52) Survivor regions: 15->15(27)
[17.944s][info][gc,heap        ] GC(52) Old regions: 126->126
[17.944s][info][gc,heap        ] GC(52) Archive regions: 0->0
[17.944s][info][gc,heap        ] GC(52) Humongous regions: 15->15
[17.944s][info][gc,metaspace   ] GC(52) Metaspace: 58416K(59264K)->58416K(59264K) NonClass: 50956K(51392K)->50956K(51392K) Class: 7459K(7872K)->7459K(7872K)
[17.944s][info][gc             ] GC(52) Pause Young (Normal) (G1 Evacuation Pause) 345M->149M(386M) 6.056ms
[17.944s][info][gc,cpu         ] GC(52) User=0.00s Sys=0.00s Real=0.00s
[18.015s][info][gc,start       ] GC(53) Pause Young (Normal) (G1 Evacuation Pause)
[18.015s][info][gc,task        ] GC(53) Using 9 workers of 33 for evacuation
[18.021s][info][gc,phases      ] GC(53)   Pre Evacuate Collection Set: 0.1ms
[18.021s][info][gc,phases      ] GC(53)   Merge Heap Roots: 0.1ms
[18.021s][info][gc,phases      ] GC(53)   Evacuate Collection Set: 4.9ms
[18.021s][info][gc,phases      ] GC(53)   Post Evacuate Collection Set: 0.6ms
[18.021s][info][gc,phases      ] GC(53)   Other: 0.1ms
[18.021s][info][gc,heap        ] GC(53) Eden regions: 195->0(209)
[18.021s][info][gc,heap        ] GC(53) Survivor regions: 15->15(27)
[18.021s][info][gc,heap        ] GC(53) Old regions: 126->126
[18.021s][info][gc,heap        ] GC(53) Archive regions: 0->0
[18.021s][info][gc,heap        ] GC(53) Humongous regions: 15->15
[18.021s][info][gc,metaspace   ] GC(53) Metaspace: 58416K(59264K)->58416K(59264K) NonClass: 50956K(51392K)->50956K(51392K) Class: 7459K(7872K)->7459K(7872K)
[18.021s][info][gc             ] GC(53) Pause Young (Normal) (G1 Evacuation Pause) 344M->149M(401M) 6.307ms
[18.021s][info][gc,cpu         ] GC(53) User=0.00s Sys=0.00s Real=0.00s
[18.121s][info][gc,start       ] GC(54) Pause Young (Normal) (G1 Evacuation Pause)
[18.121s][info][gc,task        ] GC(54) Using 9 workers of 33 for evacuation
[18.127s][info][gc,phases      ] GC(54)   Pre Evacuate Collection Set: 0.1ms
[18.127s][info][gc,phases      ] GC(54)   Merge Heap Roots: 0.1ms
[18.127s][info][gc,phases      ] GC(54)   Evacuate Collection Set: 5.1ms
[18.127s][info][gc,phases      ] GC(54)   Post Evacuate Collection Set: 0.6ms
[18.127s][info][gc,phases      ] GC(54)   Other: 0.2ms
[18.127s][info][gc,heap        ] GC(54) Eden regions: 209->0(209)
[18.127s][info][gc,heap        ] GC(54) Survivor regions: 15->15(28)
[18.127s][info][gc,heap        ] GC(54) Old regions: 126->126
[18.127s][info][gc,heap        ] GC(54) Archive regions: 0->0
[18.127s][info][gc,heap        ] GC(54) Humongous regions: 15->15
[18.127s][info][gc,metaspace   ] GC(54) Metaspace: 58423K(59264K)->58423K(59264K) NonClass: 50963K(51392K)->50963K(51392K) Class: 7459K(7872K)->7459K(7872K)
[18.127s][info][gc             ] GC(54) Pause Young (Normal) (G1 Evacuation Pause) 358M->149M(401M) 6.625ms
[18.127s][info][gc,cpu         ] GC(54) User=0.00s Sys=0.00s Real=0.00s
[18.259s][info][gc,start       ] GC(55) Pause Young (Normal) (G1 Evacuation Pause)
[18.260s][info][gc,task        ] GC(55) Using 9 workers of 33 for evacuation
[18.267s][info][gc,phases      ] GC(55)   Pre Evacuate Collection Set: 0.1ms
[18.267s][info][gc,phases      ] GC(55)   Merge Heap Roots: 0.1ms
[18.267s][info][gc,phases      ] GC(55)   Evacuate Collection Set: 6.4ms
[18.267s][info][gc,phases      ] GC(55)   Post Evacuate Collection Set: 0.4ms
[18.267s][info][gc,phases      ] GC(55)   Other: 0.1ms
[18.267s][info][gc,heap        ] GC(55) Eden regions: 209->0(209)
[18.267s][info][gc,heap        ] GC(55) Survivor regions: 15->15(28)
[18.267s][info][gc,heap        ] GC(55) Old regions: 126->126
[18.267s][info][gc,heap        ] GC(55) Archive regions: 0->0
[18.267s][info][gc,heap        ] GC(55) Humongous regions: 15->15
[18.267s][info][gc,metaspace   ] GC(55) Metaspace: 58423K(59264K)->58423K(59264K) NonClass: 50963K(51392K)->50963K(51392K) Class: 7459K(7872K)->7459K(7872K)
[18.267s][info][gc             ] GC(55) Pause Young (Normal) (G1 Evacuation Pause) 358M->149M(401M) 7.646ms
[18.267s][info][gc,cpu         ] GC(55) User=0.14s Sys=0.00s Real=0.02s
[18.398s][info][gc,start       ] GC(56) Pause Young (Normal) (G1 Evacuation Pause)
[18.398s][info][gc,task        ] GC(56) Using 9 workers of 33 for evacuation
[18.406s][info][gc,phases      ] GC(56)   Pre Evacuate Collection Set: 0.1ms
[18.406s][info][gc,phases      ] GC(56)   Merge Heap Roots: 0.1ms
[18.406s][info][gc,phases      ] GC(56)   Evacuate Collection Set: 6.4ms
[18.406s][info][gc,phases      ] GC(56)   Post Evacuate Collection Set: 0.5ms
[18.406s][info][gc,phases      ] GC(56)   Other: 0.2ms
[18.406s][info][gc,heap        ] GC(56) Eden regions: 209->0(209)
[18.406s][info][gc,heap        ] GC(56) Survivor regions: 15->15(28)
[18.406s][info][gc,heap        ] GC(56) Old regions: 126->126
[18.406s][info][gc,heap        ] GC(56) Archive regions: 0->0
[18.406s][info][gc,heap        ] GC(56) Humongous regions: 15->15
[18.406s][info][gc,metaspace   ] GC(56) Metaspace: 58423K(59264K)->58423K(59264K) NonClass: 50963K(51392K)->50963K(51392K) Class: 7459K(7872K)->7459K(7872K)
[18.406s][info][gc             ] GC(56) Pause Young (Normal) (G1 Evacuation Pause) 358M->149M(401M) 7.745ms
[18.406s][info][gc,cpu         ] GC(56) User=0.02s Sys=0.00s Real=0.02s
[18.538s][info][gc,start       ] GC(57) Pause Young (Normal) (G1 Evacuation Pause)
[18.538s][info][gc,task        ] GC(57) Using 9 workers of 33 for evacuation
[18.545s][info][gc,phases      ] GC(57)   Pre Evacuate Collection Set: 0.1ms
[18.545s][info][gc,phases      ] GC(57)   Merge Heap Roots: 0.1ms
[18.545s][info][gc,phases      ] GC(57)   Evacuate Collection Set: 6.4ms
[18.545s][info][gc,phases      ] GC(57)   Post Evacuate Collection Set: 0.4ms
[18.545s][info][gc,phases      ] GC(57)   Other: 0.1ms
[18.545s][info][gc,heap        ] GC(57) Eden regions: 209->0(209)
[18.545s][info][gc,heap        ] GC(57) Survivor regions: 15->15(28)
[18.545s][info][gc,heap        ] GC(57) Old regions: 126->126
[18.545s][info][gc,heap        ] GC(57) Archive regions: 0->0
[18.545s][info][gc,heap        ] GC(57) Humongous regions: 15->15
[18.546s][info][gc,metaspace   ] GC(57) Metaspace: 58423K(59264K)->58423K(59264K) NonClass: 50963K(51392K)->50963K(51392K) Class: 7459K(7872K)->7459K(7872K)
[18.546s][info][gc             ] GC(57) Pause Young (Normal) (G1 Evacuation Pause) 358M->149M(401M) 7.582ms
[18.546s][info][gc,cpu         ] GC(57) User=0.00s Sys=0.00s Real=0.00s
[18.676s][info][gc,start       ] GC(58) Pause Young (Normal) (G1 Evacuation Pause)
[18.676s][info][gc,task        ] GC(58) Using 9 workers of 33 for evacuation
[18.683s][info][gc,phases      ] GC(58)   Pre Evacuate Collection Set: 0.1ms
[18.684s][info][gc,phases      ] GC(58)   Merge Heap Roots: 0.1ms
[18.684s][info][gc,phases      ] GC(58)   Evacuate Collection Set: 6.3ms
[18.684s][info][gc,phases      ] GC(58)   Post Evacuate Collection Set: 0.4ms
[18.684s][info][gc,phases      ] GC(58)   Other: 0.1ms
[18.684s][info][gc,heap        ] GC(58) Eden regions: 209->0(209)
[18.684s][info][gc,heap        ] GC(58) Survivor regions: 15->15(28)
[18.684s][info][gc,heap        ] GC(58) Old regions: 126->126
[18.684s][info][gc,heap        ] GC(58) Archive regions: 0->0
[18.684s][info][gc,heap        ] GC(58) Humongous regions: 15->15
[18.684s][info][gc,metaspace   ] GC(58) Metaspace: 58423K(59264K)->58423K(59264K) NonClass: 50963K(51392K)->50963K(51392K) Class: 7459K(7872K)->7459K(7872K)
[18.684s][info][gc             ] GC(58) Pause Young (Normal) (G1 Evacuation Pause) 358M->149M(401M) 7.474ms
[18.684s][info][gc,cpu         ] GC(58) User=0.00s Sys=0.00s Real=0.00s
[18.771s][info][gc,start       ] GC(59) Pause Full (System.gc())
[18.771s][info][gc,task        ] GC(59) Using 9 workers of 33 for full compaction
[18.772s][info][gc,phases,start] GC(59) Phase 1: Mark live objects
[18.804s][info][gc,phases      ] GC(59) Phase 1: Mark live objects 31.685ms
[18.804s][info][gc,phases,start] GC(59) Phase 2: Prepare compaction
[18.808s][info][gc,phases      ] GC(59) Phase 2: Prepare compaction 4.603ms
[18.808s][info][gc,phases,start] GC(59) Phase 3: Adjust pointers
[18.815s][info][gc,phases      ] GC(59) Phase 3: Adjust pointers 6.350ms
[18.815s][info][gc,phases,start] GC(59) Phase 4: Compact heap
[18.815s][info][gc,phases      ] GC(59) Phase 4: Compact heap 0.478ms
[18.824s][info][gc,heap        ] GC(59) Eden regions: 72->0(212)
[18.824s][info][gc,heap        ] GC(59) Survivor regions: 15->0(28)
[18.824s][info][gc,heap        ] GC(59) Old regions: 126->97
[18.824s][info][gc,heap        ] GC(59) Archive regions: 0->0
[18.824s][info][gc,heap        ] GC(59) Humongous regions: 20->9
[18.824s][info][gc,metaspace   ] GC(59) Metaspace: 58486K(59392K)->58486K(59392K) NonClass: 51027K(51520K)->51027K(51520K) Class: 7459K(7872K)->7459K(7872K)
[18.824s][info][gc             ] GC(59) Pause Full (System.gc()) 226M->101M(354M) 52.448ms
[18.824s][info][gc,cpu         ] GC(59) User=0.31s Sys=0.00s Real=0.05s
[18.986s][info][gc,start       ] GC(60) Pause Young (Normal) (G1 Evacuation Pause)
[18.986s][info][gc,task        ] GC(60) Using 8 workers of 33 for evacuation
[18.991s][info][gc,phases      ] GC(60)   Pre Evacuate Collection Set: 0.1ms
[18.991s][info][gc,phases      ] GC(60)   Merge Heap Roots: 0.1ms
[18.991s][info][gc,phases      ] GC(60)   Evacuate Collection Set: 3.3ms
[18.991s][info][gc,phases      ] GC(60)   Post Evacuate Collection Set: 0.7ms
[18.991s][info][gc,phases      ] GC(60)   Other: 0.2ms
[18.991s][info][gc,heap        ] GC(60) Eden regions: 212->0(205)
[18.991s][info][gc,heap        ] GC(60) Survivor regions: 0->7(27)
[18.991s][info][gc,heap        ] GC(60) Old regions: 97->97
[18.991s][info][gc,heap        ] GC(60) Archive regions: 0->0
[18.991s][info][gc,heap        ] GC(60) Humongous regions: 19->9
[18.991s][info][gc,metaspace   ] GC(60) Metaspace: 58549K(59456K)->58549K(59456K) NonClass: 51090K(51584K)->51090K(51584K) Class: 7459K(7872K)->7459K(7872K)
[18.991s][info][gc             ] GC(60) Pause Young (Normal) (G1 Evacuation Pause) 323M->108M(354M) 4.931ms
[18.991s][info][gc,cpu         ] GC(60) User=0.02s Sys=0.00s Real=0.02s
[19.059s][info][gc,start       ] GC(61) Pause Young (Normal) (G1 Evacuation Pause)
[19.059s][info][gc,task        ] GC(61) Using 8 workers of 33 for evacuation
[19.069s][info][gc,phases      ] GC(61)   Pre Evacuate Collection Set: 0.1ms
[19.069s][info][gc,phases      ] GC(61)   Merge Heap Roots: 0.1ms
[19.069s][info][gc,phases      ] GC(61)   Evacuate Collection Set: 9.1ms
[19.069s][info][gc,phases      ] GC(61)   Post Evacuate Collection Set: 0.7ms
[19.069s][info][gc,phases      ] GC(61)   Other: 0.2ms
[19.069s][info][gc,heap        ] GC(61) Eden regions: 205->0(196)
[19.069s][info][gc,heap        ] GC(61) Survivor regions: 7->15(27)
[19.069s][info][gc,heap        ] GC(61) Old regions: 97->97
[19.069s][info][gc,heap        ] GC(61) Archive regions: 0->0
[19.069s][info][gc,heap        ] GC(61) Humongous regions: 12->12
[19.070s][info][gc,metaspace   ] GC(61) Metaspace: 58550K(59456K)->58550K(59456K) NonClass: 51090K(51584K)->51090K(51584K) Class: 7459K(7872K)->7459K(7872K)
[19.070s][info][gc             ] GC(61) Pause Young (Normal) (G1 Evacuation Pause) 316M->118M(354M) 10.708ms
[19.070s][info][gc,cpu         ] GC(61) User=0.14s Sys=0.00s Real=0.01s
[19.135s][info][gc,start       ] GC(62) Pause Young (Normal) (G1 Evacuation Pause)
[19.135s][info][gc,task        ] GC(62) Using 8 workers of 33 for evacuation
[19.147s][info][gc,phases      ] GC(62)   Pre Evacuate Collection Set: 0.1ms
[19.147s][info][gc,phases      ] GC(62)   Merge Heap Roots: 0.1ms
[19.147s][info][gc,phases      ] GC(62)   Evacuate Collection Set: 10.5ms
[19.147s][info][gc,phases      ] GC(62)   Post Evacuate Collection Set: 0.7ms
[19.147s][info][gc,phases      ] GC(62)   Other: 0.1ms
[19.147s][info][gc,heap        ] GC(62) Eden regions: 196->0(182)
[19.147s][info][gc,heap        ] GC(62) Survivor regions: 15->22(27)
[19.147s][info][gc,heap        ] GC(62) Old regions: 97->97
[19.147s][info][gc,heap        ] GC(62) Archive regions: 0->0
[19.147s][info][gc,heap        ] GC(62) Humongous regions: 12->12
[19.147s][info][gc,metaspace   ] GC(62) Metaspace: 58550K(59456K)->58550K(59456K) NonClass: 51090K(51584K)->51090K(51584K) Class: 7459K(7872K)->7459K(7872K)
[19.147s][info][gc             ] GC(62) Pause Young (Normal) (G1 Evacuation Pause) 314M->125M(354M) 12.084ms
[19.147s][info][gc,cpu         ] GC(62) User=0.02s Sys=0.02s Real=0.02s
[19.206s][info][gc,start       ] GC(63) Pause Young (Normal) (G1 Evacuation Pause)
[19.206s][info][gc,task        ] GC(63) Using 8 workers of 33 for evacuation
[19.221s][info][gc,phases      ] GC(63)   Pre Evacuate Collection Set: 0.1ms
[19.221s][info][gc,phases      ] GC(63)   Merge Heap Roots: 0.1ms
[19.221s][info][gc,phases      ] GC(63)   Evacuate Collection Set: 14.0ms
[19.221s][info][gc,phases      ] GC(63)   Post Evacuate Collection Set: 0.4ms
[19.221s][info][gc,phases      ] GC(63)   Other: 0.1ms
[19.221s][info][gc,heap        ] GC(63) Eden regions: 182->0(177)
[19.221s][info][gc,heap        ] GC(63) Survivor regions: 22->16(26)
[19.221s][info][gc,heap        ] GC(63) Old regions: 97->111
[19.221s][info][gc,heap        ] GC(63) Archive regions: 0->0
[19.221s][info][gc,heap        ] GC(63) Humongous regions: 15->15
[19.221s][info][gc,metaspace   ] GC(63) Metaspace: 58550K(59456K)->58550K(59456K) NonClass: 51090K(51584K)->51090K(51584K) Class: 7459K(7872K)->7459K(7872K)
[19.221s][info][gc             ] GC(63) Pause Young (Normal) (G1 Evacuation Pause) 310M->136M(354M) 15.207ms
[19.221s][info][gc,cpu         ] GC(63) User=0.13s Sys=0.00s Real=0.02s
[19.276s][info][gc,start       ] GC(64) Pause Young (Normal) (G1 Evacuation Pause)
[19.276s][info][gc,task        ] GC(64) Using 8 workers of 33 for evacuation
[19.287s][info][gc,phases      ] GC(64)   Pre Evacuate Collection Set: 0.1ms
[19.287s][info][gc,phases      ] GC(64)   Merge Heap Roots: 0.1ms
[19.287s][info][gc,phases      ] GC(64)   Evacuate Collection Set: 9.4ms
[19.287s][info][gc,phases      ] GC(64)   Post Evacuate Collection Set: 0.9ms
[19.287s][info][gc,phases      ] GC(64)   Other: 0.1ms
[19.287s][info][gc,heap        ] GC(64) Eden regions: 177->0(206)
[19.287s][info][gc,heap        ] GC(64) Survivor regions: 16->15(25)
[19.287s][info][gc,heap        ] GC(64) Old regions: 111->119
[19.287s][info][gc,heap        ] GC(64) Archive regions: 0->0
[19.287s][info][gc,heap        ] GC(64) Humongous regions: 15->15
[19.287s][info][gc,metaspace   ] GC(64) Metaspace: 58550K(59456K)->58550K(59456K) NonClass: 51090K(51584K)->51090K(51584K) Class: 7459K(7872K)->7459K(7872K)
[19.287s][info][gc             ] GC(64) Pause Young (Normal) (G1 Evacuation Pause) 313M->143M(390M) 11.083ms
[19.287s][info][gc,cpu         ] GC(64) User=0.00s Sys=0.02s Real=0.02s
[19.362s][info][gc,start       ] GC(65) Pause Young (Normal) (G1 Evacuation Pause)
[19.362s][info][gc,task        ] GC(65) Using 9 workers of 33 for evacuation
[19.372s][info][gc,phases      ] GC(65)   Pre Evacuate Collection Set: 0.1ms
[19.372s][info][gc,phases      ] GC(65)   Merge Heap Roots: 0.1ms
[19.372s][info][gc,phases      ] GC(65)   Evacuate Collection Set: 8.8ms
[19.372s][info][gc,phases      ] GC(65)   Post Evacuate Collection Set: 0.4ms
[19.372s][info][gc,phases      ] GC(65)   Other: 0.2ms
[19.372s][info][gc,heap        ] GC(65) Eden regions: 206->0(192)
[19.372s][info][gc,heap        ] GC(65) Survivor regions: 15->22(28)
[19.372s][info][gc,heap        ] GC(65) Old regions: 119->119
[19.372s][info][gc,heap        ] GC(65) Archive regions: 0->0
[19.372s][info][gc,heap        ] GC(65) Humongous regions: 15->15
[19.372s][info][gc,metaspace   ] GC(65) Metaspace: 58550K(59456K)->58550K(59456K) NonClass: 51090K(51584K)->51090K(51584K) Class: 7459K(7872K)->7459K(7872K)
[19.372s][info][gc             ] GC(65) Pause Young (Normal) (G1 Evacuation Pause) 349M->150M(390M) 10.130ms
[19.372s][info][gc,cpu         ] GC(65) User=0.16s Sys=0.00s Real=0.02s
[19.440s][info][gc,start       ] GC(66) Pause Young (Normal) (G1 Evacuation Pause)
[19.440s][info][gc,task        ] GC(66) Using 9 workers of 33 for evacuation
[19.449s][info][gc,phases      ] GC(66)   Pre Evacuate Collection Set: 0.1ms
[19.449s][info][gc,phases      ] GC(66)   Merge Heap Roots: 0.1ms
[19.449s][info][gc,phases      ] GC(66)   Evacuate Collection Set: 8.0ms
[19.449s][info][gc,phases      ] GC(66)   Post Evacuate Collection Set: 0.4ms
[19.449s][info][gc,phases      ] GC(66)   Other: 0.1ms
[19.449s][info][gc,heap        ] GC(66) Eden regions: 192->0(197)
[19.449s][info][gc,heap        ] GC(66) Survivor regions: 22->16(27)
[19.449s][info][gc,heap        ] GC(66) Old regions: 119->126
[19.449s][info][gc,heap        ] GC(66) Archive regions: 0->0
[19.449s][info][gc,heap        ] GC(66) Humongous regions: 15->15
[19.449s][info][gc,metaspace   ] GC(66) Metaspace: 58550K(59456K)->58550K(59456K) NonClass: 51090K(51584K)->51090K(51584K) Class: 7459K(7872K)->7459K(7872K)
[19.449s][info][gc             ] GC(66) Pause Young (Normal) (G1 Evacuation Pause) 342M->151M(390M) 9.302ms
[19.449s][info][gc,cpu         ] GC(66) User=0.00s Sys=0.00s Real=0.00s
[19.522s][info][gc,start       ] GC(67) Pause Young (Normal) (G1 Evacuation Pause)
[19.522s][info][gc,task        ] GC(67) Using 9 workers of 33 for evacuation
[19.527s][info][gc,phases      ] GC(67)   Pre Evacuate Collection Set: 0.1ms
[19.527s][info][gc,phases      ] GC(67)   Merge Heap Roots: 0.1ms
[19.527s][info][gc,phases      ] GC(67)   Evacuate Collection Set: 5.0ms
[19.528s][info][gc,phases      ] GC(67)   Post Evacuate Collection Set: 0.4ms
[19.528s][info][gc,phases      ] GC(67)   Other: 0.1ms
[19.528s][info][gc,heap        ] GC(67) Eden regions: 197->0(199)
[19.528s][info][gc,heap        ] GC(67) Survivor regions: 16->15(27)
[19.528s][info][gc,heap        ] GC(67) Old regions: 126->126
[19.528s][info][gc,heap        ] GC(67) Archive regions: 0->0
[19.528s][info][gc,heap        ] GC(67) Humongous regions: 15->15
[19.528s][info][gc,metaspace   ] GC(67) Metaspace: 58550K(59456K)->58550K(59456K) NonClass: 51090K(51584K)->51090K(51584K) Class: 7459K(7872K)->7459K(7872K)
[19.528s][info][gc             ] GC(67) Pause Young (Normal) (G1 Evacuation Pause) 348M->150M(390M) 6.277ms
[19.528s][info][gc,cpu         ] GC(67) User=0.00s Sys=0.00s Real=0.00s
[19.592s][info][gc,start       ] GC(68) Pause Young (Normal) (G1 Evacuation Pause)
[19.592s][info][gc,task        ] GC(68) Using 9 workers of 33 for evacuation
[19.598s][info][gc,phases      ] GC(68)   Pre Evacuate Collection Set: 0.1ms
[19.598s][info][gc,phases      ] GC(68)   Merge Heap Roots: 0.1ms
[19.598s][info][gc,phases      ] GC(68)   Evacuate Collection Set: 5.0ms
[19.598s][info][gc,phases      ] GC(68)   Post Evacuate Collection Set: 0.4ms
[19.598s][info][gc,phases      ] GC(68)   Other: 0.1ms
[19.598s][info][gc,heap        ] GC(68) Eden regions: 199->0(199)
[19.598s][info][gc,heap        ] GC(68) Survivor regions: 15->15(27)
[19.598s][info][gc,heap        ] GC(68) Old regions: 126->126
[19.598s][info][gc,heap        ] GC(68) Archive regions: 0->0
[19.598s][info][gc,heap        ] GC(68) Humongous regions: 15->15
[19.598s][info][gc,metaspace   ] GC(68) Metaspace: 58550K(59456K)->58550K(59456K) NonClass: 51090K(51584K)->51090K(51584K) Class: 7459K(7872K)->7459K(7872K)
[19.599s][info][gc             ] GC(68) Pause Young (Normal) (G1 Evacuation Pause) 349M->150M(390M) 6.182ms
[19.599s][info][gc,cpu         ] GC(68) User=0.00s Sys=0.00s Real=0.00s
[19.687s][info][gc,start       ] GC(69) Pause Young (Normal) (G1 Evacuation Pause)
[19.687s][info][gc,task        ] GC(69) Using 9 workers of 33 for evacuation
[19.695s][info][gc,phases      ] GC(69)   Pre Evacuate Collection Set: 0.1ms
[19.695s][info][gc,phases      ] GC(69)   Merge Heap Roots: 0.1ms
[19.695s][info][gc,phases      ] GC(69)   Evacuate Collection Set: 6.2ms
[19.695s][info][gc,phases      ] GC(69)   Post Evacuate Collection Set: 0.8ms
[19.695s][info][gc,phases      ] GC(69)   Other: 0.1ms
[19.695s][info][gc,heap        ] GC(69) Eden regions: 199->0(211)
[19.695s][info][gc,heap        ] GC(69) Survivor regions: 15->15(27)
[19.695s][info][gc,heap        ] GC(69) Old regions: 126->126
[19.695s][info][gc,heap        ] GC(69) Archive regions: 0->0
[19.695s][info][gc,heap        ] GC(69) Humongous regions: 15->15
[19.695s][info][gc,metaspace   ] GC(69) Metaspace: 58551K(59456K)->58551K(59456K) NonClass: 51091K(51584K)->51091K(51584K) Class: 7459K(7872K)->7459K(7872K)
[19.695s][info][gc             ] GC(69) Pause Young (Normal) (G1 Evacuation Pause) 349M->150M(403M) 7.853ms
[19.695s][info][gc,cpu         ] GC(69) User=0.00s Sys=0.00s Real=0.00s
[19.835s][info][gc,start       ] GC(70) Pause Young (Normal) (G1 Evacuation Pause)
[19.835s][info][gc,task        ] GC(70) Using 9 workers of 33 for evacuation
[19.841s][info][gc,phases      ] GC(70)   Pre Evacuate Collection Set: 0.1ms
[19.841s][info][gc,phases      ] GC(70)   Merge Heap Roots: 0.1ms
[19.841s][info][gc,phases      ] GC(70)   Evacuate Collection Set: 5.1ms
[19.841s][info][gc,phases      ] GC(70)   Post Evacuate Collection Set: 0.4ms
[19.841s][info][gc,phases      ] GC(70)   Other: 0.1ms
[19.841s][info][gc,heap        ] GC(70) Eden regions: 211->0(213)
[19.841s][info][gc,heap        ] GC(70) Survivor regions: 15->14(29)
[19.841s][info][gc,heap        ] GC(70) Old regions: 126->126
[19.841s][info][gc,heap        ] GC(70) Archive regions: 0->0
[19.841s][info][gc,heap        ] GC(70) Humongous regions: 15->15
[19.841s][info][gc,metaspace   ] GC(70) Metaspace: 58551K(59456K)->58551K(59456K) NonClass: 51091K(51584K)->51091K(51584K) Class: 7459K(7872K)->7459K(7872K)
[19.841s][info][gc             ] GC(70) Pause Young (Normal) (G1 Evacuation Pause) 361M->149M(403M) 6.326ms
[19.841s][info][gc,cpu         ] GC(70) User=0.03s Sys=0.00s Real=0.02s
[19.975s][info][gc,start       ] GC(71) Pause Young (Normal) (G1 Evacuation Pause)
[19.975s][info][gc,task        ] GC(71) Using 9 workers of 33 for evacuation
[19.981s][info][gc,phases      ] GC(71)   Pre Evacuate Collection Set: 0.1ms
[19.981s][info][gc,phases      ] GC(71)   Merge Heap Roots: 0.1ms
[19.981s][info][gc,phases      ] GC(71)   Evacuate Collection Set: 5.1ms
[19.981s][info][gc,phases      ] GC(71)   Post Evacuate Collection Set: 0.4ms
[19.981s][info][gc,phases      ] GC(71)   Other: 0.2ms
[19.981s][info][gc,heap        ] GC(71) Eden regions: 213->0(211)
[19.981s][info][gc,heap        ] GC(71) Survivor regions: 14->15(29)
[19.981s][info][gc,heap        ] GC(71) Old regions: 126->126
[19.981s][info][gc,heap        ] GC(71) Archive regions: 0->0
[19.981s][info][gc,heap        ] GC(71) Humongous regions: 15->15
[19.981s][info][gc,metaspace   ] GC(71) Metaspace: 58551K(59456K)->58551K(59456K) NonClass: 51092K(51584K)->51092K(51584K) Class: 7459K(7872K)->7459K(7872K)
[19.982s][info][gc             ] GC(71) Pause Young (Normal) (G1 Evacuation Pause) 362M->150M(403M) 6.502ms
[19.982s][info][gc,cpu         ] GC(71) User=0.00s Sys=0.02s Real=0.02s
[20.114s][info][gc,start       ] GC(72) Pause Young (Normal) (G1 Evacuation Pause)
[20.114s][info][gc,task        ] GC(72) Using 9 workers of 33 for evacuation
[20.121s][info][gc,phases      ] GC(72)   Pre Evacuate Collection Set: 0.1ms
[20.121s][info][gc,phases      ] GC(72)   Merge Heap Roots: 0.1ms
[20.121s][info][gc,phases      ] GC(72)   Evacuate Collection Set: 6.5ms
[20.121s][info][gc,phases      ] GC(72)   Post Evacuate Collection Set: 0.4ms
[20.121s][info][gc,phases      ] GC(72)   Other: 0.1ms
[20.122s][info][gc,heap        ] GC(72) Eden regions: 211->0(211)
[20.122s][info][gc,heap        ] GC(72) Survivor regions: 15->15(29)
[20.122s][info][gc,heap        ] GC(72) Old regions: 126->126
[20.122s][info][gc,heap        ] GC(72) Archive regions: 0->0
[20.122s][info][gc,heap        ] GC(72) Humongous regions: 15->15
[20.122s][info][gc,metaspace   ] GC(72) Metaspace: 58551K(59456K)->58551K(59456K) NonClass: 51092K(51584K)->51092K(51584K) Class: 7459K(7872K)->7459K(7872K)
[20.122s][info][gc             ] GC(72) Pause Young (Normal) (G1 Evacuation Pause) 361M->150M(403M) 7.721ms
[20.122s][info][gc,cpu         ] GC(72) User=0.00s Sys=0.00s Real=0.00s
[20.254s][info][gc,start       ] GC(73) Pause Young (Normal) (G1 Evacuation Pause)
[20.254s][info][gc,task        ] GC(73) Using 9 workers of 33 for evacuation
[20.261s][info][gc,phases      ] GC(73)   Pre Evacuate Collection Set: 0.1ms
[20.261s][info][gc,phases      ] GC(73)   Merge Heap Roots: 0.1ms
[20.261s][info][gc,phases      ] GC(73)   Evacuate Collection Set: 6.6ms
[20.261s][info][gc,phases      ] GC(73)   Post Evacuate Collection Set: 0.4ms
[20.261s][info][gc,phases      ] GC(73)   Other: 0.1ms
[20.261s][info][gc,heap        ] GC(73) Eden regions: 211->0(211)
[20.261s][info][gc,heap        ] GC(73) Survivor regions: 15->15(29)
[20.261s][info][gc,heap        ] GC(73) Old regions: 126->126
[20.261s][info][gc,heap        ] GC(73) Archive regions: 0->0
[20.261s][info][gc,heap        ] GC(73) Humongous regions: 15->15
[20.261s][info][gc,metaspace   ] GC(73) Metaspace: 58551K(59456K)->58551K(59456K) NonClass: 51092K(51584K)->51092K(51584K) Class: 7459K(7872K)->7459K(7872K)
[20.261s][info][gc             ] GC(73) Pause Young (Normal) (G1 Evacuation Pause) 361M->150M(403M) 7.796ms
[20.262s][info][gc,cpu         ] GC(73) User=0.00s Sys=0.02s Real=0.02s
[20.337s][info][gc,start       ] GC(74) Pause Full (System.gc())
[20.337s][info][gc,task        ] GC(74) Using 9 workers of 33 for full compaction
[20.338s][info][gc,phases,start] GC(74) Phase 1: Mark live objects
[20.374s][info][gc,phases      ] GC(74) Phase 1: Mark live objects 35.697ms
[20.374s][info][gc,phases,start] GC(74) Phase 2: Prepare compaction
[20.378s][info][gc,phases      ] GC(74) Phase 2: Prepare compaction 4.570ms
[20.378s][info][gc,phases,start] GC(74) Phase 3: Adjust pointers
[20.386s][info][gc,phases      ] GC(74) Phase 3: Adjust pointers 7.741ms
[20.386s][info][gc,phases,start] GC(74) Phase 4: Compact heap
[20.387s][info][gc,phases      ] GC(74) Phase 4: Compact heap 0.573ms
[20.396s][info][gc,heap        ] GC(74) Eden regions: 58->0(212)
[20.396s][info][gc,heap        ] GC(74) Survivor regions: 15->0(29)
[20.396s][info][gc,heap        ] GC(74) Old regions: 126->97
[20.396s][info][gc,heap        ] GC(74) Archive regions: 0->0
[20.396s][info][gc,heap        ] GC(74) Humongous regions: 20->9
[20.396s][info][gc,metaspace   ] GC(74) Metaspace: 58650K(59520K)->58650K(59520K) NonClass: 51191K(51648K)->51191K(51648K) Class: 7459K(7872K)->7459K(7872K)
[20.396s][info][gc             ] GC(74) Pause Full (System.gc()) 212M->101M(354M) 58.696ms
[20.396s][info][gc,cpu         ] GC(74) User=0.39s Sys=0.02s Real=0.06s
[20.565s][info][gc,start       ] GC(75) Pause Young (Normal) (G1 Evacuation Pause)
[20.565s][info][gc,task        ] GC(75) Using 8 workers of 33 for evacuation
[20.570s][info][gc,phases      ] GC(75)   Pre Evacuate Collection Set: 0.1ms
[20.570s][info][gc,phases      ] GC(75)   Merge Heap Roots: 0.1ms
[20.570s][info][gc,phases      ] GC(75)   Evacuate Collection Set: 3.9ms
[20.570s][info][gc,phases      ] GC(75)   Post Evacuate Collection Set: 0.7ms
[20.570s][info][gc,phases      ] GC(75)   Other: 0.2ms
[20.570s][info][gc,heap        ] GC(75) Eden regions: 212->0(205)
[20.570s][info][gc,heap        ] GC(75) Survivor regions: 0->7(27)
[20.570s][info][gc,heap        ] GC(75) Old regions: 97->97
[20.570s][info][gc,heap        ] GC(75) Archive regions: 0->0
[20.570s][info][gc,heap        ] GC(75) Humongous regions: 19->9
[20.570s][info][gc,metaspace   ] GC(75) Metaspace: 58726K(59648K)->58726K(59648K) NonClass: 51266K(51776K)->51266K(51776K) Class: 7460K(7872K)->7460K(7872K)
[20.570s][info][gc             ] GC(75) Pause Young (Normal) (G1 Evacuation Pause) 323M->107M(354M) 5.554ms
[20.570s][info][gc,cpu         ] GC(75) User=0.53s Sys=0.00s Real=0.02s
[20.644s][info][gc,start       ] GC(76) Pause Young (Normal) (G1 Evacuation Pause)
[20.644s][info][gc,task        ] GC(76) Using 8 workers of 33 for evacuation
[20.655s][info][gc,phases      ] GC(76)   Pre Evacuate Collection Set: 0.1ms
[20.655s][info][gc,phases      ] GC(76)   Merge Heap Roots: 0.1ms
[20.655s][info][gc,phases      ] GC(76)   Evacuate Collection Set: 9.6ms
[20.655s][info][gc,phases      ] GC(76)   Post Evacuate Collection Set: 0.7ms
[20.655s][info][gc,phases      ] GC(76)   Other: 0.2ms
[20.655s][info][gc,heap        ] GC(76) Eden regions: 205->0(194)
[20.655s][info][gc,heap        ] GC(76) Survivor regions: 7->16(27)
[20.655s][info][gc,heap        ] GC(76) Old regions: 97->97
[20.655s][info][gc,heap        ] GC(76) Archive regions: 0->0
[20.655s][info][gc,heap        ] GC(76) Humongous regions: 12->12
[20.655s][info][gc,metaspace   ] GC(76) Metaspace: 58738K(59648K)->58738K(59648K) NonClass: 51278K(51776K)->51278K(51776K) Class: 7460K(7872K)->7460K(7872K)
[20.655s][info][gc             ] GC(76) Pause Young (Normal) (G1 Evacuation Pause) 315M->119M(354M) 11.261ms
[20.655s][info][gc,cpu         ] GC(76) User=0.14s Sys=0.00s Real=0.02s
[20.721s][info][gc,start       ] GC(77) Pause Young (Normal) (G1 Evacuation Pause)
[20.721s][info][gc,task        ] GC(77) Using 8 workers of 33 for evacuation
[20.736s][info][gc,phases      ] GC(77)   Pre Evacuate Collection Set: 0.1ms
[20.736s][info][gc,phases      ] GC(77)   Merge Heap Roots: 0.1ms
[20.736s][info][gc,phases      ] GC(77)   Evacuate Collection Set: 13.3ms
[20.736s][info][gc,phases      ] GC(77)   Post Evacuate Collection Set: 0.5ms
[20.736s][info][gc,phases      ] GC(77)   Other: 0.1ms
[20.736s][info][gc,heap        ] GC(77) Eden regions: 194->0(183)
[20.736s][info][gc,heap        ] GC(77) Survivor regions: 16->18(27)
[20.736s][info][gc,heap        ] GC(77) Old regions: 97->104
[20.736s][info][gc,heap        ] GC(77) Archive regions: 0->0
[20.736s][info][gc,heap        ] GC(77) Humongous regions: 12->12
[20.736s][info][gc,metaspace   ] GC(77) Metaspace: 58738K(59648K)->58738K(59648K) NonClass: 51278K(51776K)->51278K(51776K) Class: 7460K(7872K)->7460K(7872K)
[20.736s][info][gc             ] GC(77) Pause Young (Normal) (G1 Evacuation Pause) 313M->128M(354M) 14.648ms
[20.736s][info][gc,cpu         ] GC(77) User=0.13s Sys=0.00s Real=0.02s
[20.796s][info][gc,start       ] GC(78) Pause Young (Normal) (G1 Evacuation Pause)
[20.797s][info][gc,task        ] GC(78) Using 8 workers of 33 for evacuation
[20.811s][info][gc,phases      ] GC(78)   Pre Evacuate Collection Set: 0.1ms
[20.811s][info][gc,phases      ] GC(78)   Merge Heap Roots: 0.1ms
[20.811s][info][gc,phases      ] GC(78)   Evacuate Collection Set: 13.7ms
[20.811s][info][gc,phases      ] GC(78)   Post Evacuate Collection Set: 0.4ms
[20.811s][info][gc,phases      ] GC(78)   Other: 0.1ms
[20.811s][info][gc,heap        ] GC(78) Eden regions: 183->0(173)
[20.811s][info][gc,heap        ] GC(78) Survivor regions: 18->17(26)
[20.811s][info][gc,heap        ] GC(78) Old regions: 104->113
[20.811s][info][gc,heap        ] GC(78) Archive regions: 0->0
[20.811s][info][gc,heap        ] GC(78) Humongous regions: 15->15
[20.811s][info][gc,metaspace   ] GC(78) Metaspace: 58738K(59648K)->58738K(59648K) NonClass: 51278K(51776K)->51278K(51776K) Class: 7460K(7872K)->7460K(7872K)
[20.811s][info][gc             ] GC(78) Pause Young (Normal) (G1 Evacuation Pause) 314M->139M(354M) 14.875ms
[20.811s][info][gc,cpu         ] GC(78) User=0.13s Sys=0.00s Real=0.02s
[20.868s][info][gc,start       ] GC(79) Pause Young (Normal) (G1 Evacuation Pause)
[20.868s][info][gc,task        ] GC(79) Using 8 workers of 33 for evacuation
[20.883s][info][gc,phases      ] GC(79)   Pre Evacuate Collection Set: 0.1ms
[20.883s][info][gc,phases      ] GC(79)   Merge Heap Roots: 0.1ms
[20.883s][info][gc,phases      ] GC(79)   Evacuate Collection Set: 13.4ms
[20.883s][info][gc,phases      ] GC(79)   Post Evacuate Collection Set: 0.9ms
[20.883s][info][gc,phases      ] GC(79)   Other: 0.1ms
[20.883s][info][gc,heap        ] GC(79) Eden regions: 173->0(206)
[20.883s][info][gc,heap        ] GC(79) Survivor regions: 17->15(24)
[20.883s][info][gc,heap        ] GC(79) Old regions: 113->122
[20.883s][info][gc,heap        ] GC(79) Archive regions: 0->0
[20.883s][info][gc,heap        ] GC(79) Humongous regions: 15->15
[20.883s][info][gc,metaspace   ] GC(79) Metaspace: 58738K(59648K)->58738K(59648K) NonClass: 51278K(51776K)->51278K(51776K) Class: 7460K(7872K)->7460K(7872K)
[20.884s][info][gc             ] GC(79) Pause Young (Normal) (G1 Evacuation Pause) 312M->146M(394M) 15.101ms
[20.884s][info][gc,cpu         ] GC(79) User=0.13s Sys=0.00s Real=0.02s
[20.964s][info][gc,start       ] GC(80) Pause Young (Normal) (G1 Evacuation Pause)
[20.964s][info][gc,task        ] GC(80) Using 9 workers of 33 for evacuation
[20.974s][info][gc,phases      ] GC(80)   Pre Evacuate Collection Set: 0.1ms
[20.974s][info][gc,phases      ] GC(80)   Merge Heap Roots: 0.1ms
[20.974s][info][gc,phases      ] GC(80)   Evacuate Collection Set: 9.0ms
[20.974s][info][gc,phases      ] GC(80)   Post Evacuate Collection Set: 0.4ms
[20.974s][info][gc,phases      ] GC(80)   Other: 0.1ms
[20.974s][info][gc,heap        ] GC(80) Eden regions: 206->0(200)
[20.974s][info][gc,heap        ] GC(80) Survivor regions: 15->18(28)
[20.974s][info][gc,heap        ] GC(80) Old regions: 122->122
[20.974s][info][gc,heap        ] GC(80) Archive regions: 0->0
[20.974s][info][gc,heap        ] GC(80) Humongous regions: 15->15
[20.974s][info][gc,metaspace   ] GC(80) Metaspace: 58741K(59648K)->58741K(59648K) NonClass: 51281K(51776K)->51281K(51776K) Class: 7460K(7872K)->7460K(7872K)
[20.974s][info][gc             ] GC(80) Pause Young (Normal) (G1 Evacuation Pause) 352M->149M(394M) 10.231ms
[20.974s][info][gc,cpu         ] GC(80) User=0.00s Sys=0.02s Real=0.02s
[21.056s][info][gc,start       ] GC(81) Pause Young (Normal) (G1 Evacuation Pause)
[21.056s][info][gc,task        ] GC(81) Using 9 workers of 33 for evacuation
[21.067s][info][gc,phases      ] GC(81)   Pre Evacuate Collection Set: 0.1ms
[21.067s][info][gc,phases      ] GC(81)   Merge Heap Roots: 0.1ms
[21.067s][info][gc,phases      ] GC(81)   Evacuate Collection Set: 9.9ms
[21.067s][info][gc,phases      ] GC(81)   Post Evacuate Collection Set: 0.4ms
[21.067s][info][gc,phases      ] GC(81)   Other: 0.1ms
[21.067s][info][gc,heap        ] GC(81) Eden regions: 200->0(205)
[21.067s][info][gc,heap        ] GC(81) Survivor regions: 18->12(28)
[21.067s][info][gc,heap        ] GC(81) Old regions: 122->129
[21.067s][info][gc,heap        ] GC(81) Archive regions: 0->0
[21.067s][info][gc,heap        ] GC(81) Humongous regions: 15->15
[21.067s][info][gc,metaspace   ] GC(81) Metaspace: 58741K(59648K)->58741K(59648K) NonClass: 51281K(51776K)->51281K(51776K) Class: 7460K(7872K)->7460K(7872K)
[21.067s][info][gc             ] GC(81) Pause Young (Normal) (G1 Evacuation Pause) 349M->150M(394M) 11.104ms
[21.067s][info][gc,cpu         ] GC(81) User=0.14s Sys=0.00s Real=0.02s
[21.144s][info][gc,start       ] GC(82) Pause Young (Normal) (G1 Evacuation Pause)
[21.144s][info][gc,task        ] GC(82) Using 9 workers of 33 for evacuation
[21.149s][info][gc,phases      ] GC(82)   Pre Evacuate Collection Set: 0.1ms
[21.149s][info][gc,phases      ] GC(82)   Merge Heap Roots: 0.1ms
[21.149s][info][gc,phases      ] GC(82)   Evacuate Collection Set: 4.7ms
[21.149s][info][gc,phases      ] GC(82)   Post Evacuate Collection Set: 0.4ms
[21.149s][info][gc,phases      ] GC(82)   Other: 0.1ms
[21.149s][info][gc,heap        ] GC(82) Eden regions: 205->0(205)
[21.149s][info][gc,heap        ] GC(82) Survivor regions: 12->12(28)
[21.149s][info][gc,heap        ] GC(82) Old regions: 129->129
[21.149s][info][gc,heap        ] GC(82) Archive regions: 0->0
[21.149s][info][gc,heap        ] GC(82) Humongous regions: 15->15
[21.149s][info][gc,metaspace   ] GC(82) Metaspace: 58741K(59648K)->58741K(59648K) NonClass: 51281K(51776K)->51281K(51776K) Class: 7460K(7872K)->7460K(7872K)
[21.149s][info][gc             ] GC(82) Pause Young (Normal) (G1 Evacuation Pause) 355M->150M(394M) 5.815ms
[21.150s][info][gc,cpu         ] GC(82) User=0.00s Sys=0.00s Real=0.00s
[21.216s][info][gc,start       ] GC(83) Pause Young (Normal) (G1 Evacuation Pause)
[21.216s][info][gc,task        ] GC(83) Using 9 workers of 33 for evacuation
[21.222s][info][gc,phases      ] GC(83)   Pre Evacuate Collection Set: 0.1ms
[21.222s][info][gc,phases      ] GC(83)   Merge Heap Roots: 0.1ms
[21.222s][info][gc,phases      ] GC(83)   Evacuate Collection Set: 5.1ms
[21.222s][info][gc,phases      ] GC(83)   Post Evacuate Collection Set: 0.4ms
[21.222s][info][gc,phases      ] GC(83)   Other: 0.1ms
[21.222s][info][gc,heap        ] GC(83) Eden regions: 205->0(205)
[21.222s][info][gc,heap        ] GC(83) Survivor regions: 12->12(28)
[21.222s][info][gc,heap        ] GC(83) Old regions: 129->129
[21.222s][info][gc,heap        ] GC(83) Archive regions: 0->0
[21.222s][info][gc,heap        ] GC(83) Humongous regions: 15->15
[21.222s][info][gc,metaspace   ] GC(83) Metaspace: 58741K(59648K)->58741K(59648K) NonClass: 51281K(51776K)->51281K(51776K) Class: 7460K(7872K)->7460K(7872K)
[21.222s][info][gc             ] GC(83) Pause Young (Normal) (G1 Evacuation Pause) 355M->150M(394M) 6.233ms
[21.223s][info][gc,cpu         ] GC(83) User=0.14s Sys=0.00s Real=0.02s
[21.308s][info][gc,start       ] GC(84) Pause Young (Normal) (G1 Evacuation Pause)
[21.308s][info][gc,task        ] GC(84) Using 9 workers of 33 for evacuation
[21.314s][info][gc,phases      ] GC(84)   Pre Evacuate Collection Set: 0.1ms
[21.314s][info][gc,phases      ] GC(84)   Merge Heap Roots: 0.1ms
[21.314s][info][gc,phases      ] GC(84)   Evacuate Collection Set: 5.2ms
[21.314s][info][gc,phases      ] GC(84)   Post Evacuate Collection Set: 0.8ms
[21.315s][info][gc,phases      ] GC(84)   Other: 0.1ms
[21.315s][info][gc,heap        ] GC(84) Eden regions: 205->0(220)
[21.315s][info][gc,heap        ] GC(84) Survivor regions: 12->12(28)
[21.315s][info][gc,heap        ] GC(84) Old regions: 129->129
[21.315s][info][gc,heap        ] GC(84) Archive regions: 0->0
[21.315s][info][gc,heap        ] GC(84) Humongous regions: 15->15
[21.315s][info][gc,metaspace   ] GC(84) Metaspace: 58745K(59648K)->58745K(59648K) NonClass: 51285K(51776K)->51285K(51776K) Class: 7460K(7872K)->7460K(7872K)
[21.315s][info][gc             ] GC(84) Pause Young (Normal) (G1 Evacuation Pause) 355M->150M(409M) 6.819ms
[21.315s][info][gc,cpu         ] GC(84) User=0.03s Sys=0.00s Real=0.02s
[21.462s][info][gc,start       ] GC(85) Pause Young (Normal) (G1 Evacuation Pause)
[21.462s][info][gc,task        ] GC(85) Using 9 workers of 33 for evacuation
[21.468s][info][gc,phases      ] GC(85)   Pre Evacuate Collection Set: 0.1ms
[21.468s][info][gc,phases      ] GC(85)   Merge Heap Roots: 0.1ms
[21.468s][info][gc,phases      ] GC(85)   Evacuate Collection Set: 5.0ms
[21.468s][info][gc,phases      ] GC(85)   Post Evacuate Collection Set: 0.4ms
[21.468s][info][gc,phases      ] GC(85)   Other: 0.2ms
[21.468s][info][gc,heap        ] GC(85) Eden regions: 220->0(220)
[21.468s][info][gc,heap        ] GC(85) Survivor regions: 12->12(29)
[21.468s][info][gc,heap        ] GC(85) Old regions: 129->129
[21.468s][info][gc,heap        ] GC(85) Archive regions: 0->0
[21.468s][info][gc,heap        ] GC(85) Humongous regions: 15->15
[21.468s][info][gc,metaspace   ] GC(85) Metaspace: 58745K(59648K)->58745K(59648K) NonClass: 51285K(51776K)->51285K(51776K) Class: 7460K(7872K)->7460K(7872K)
[21.468s][info][gc             ] GC(85) Pause Young (Normal) (G1 Evacuation Pause) 370M->150M(409M) 6.294ms
[21.468s][info][gc,cpu         ] GC(85) User=0.00s Sys=0.00s Real=0.00s
[21.623s][info][gc,start       ] GC(86) Pause Young (Normal) (G1 Evacuation Pause)
[21.623s][info][gc,task        ] GC(86) Using 9 workers of 33 for evacuation
[21.629s][info][gc,phases      ] GC(86)   Pre Evacuate Collection Set: 0.1ms
[21.629s][info][gc,phases      ] GC(86)   Merge Heap Roots: 0.1ms
[21.629s][info][gc,phases      ] GC(86)   Evacuate Collection Set: 5.1ms
[21.629s][info][gc,phases      ] GC(86)   Post Evacuate Collection Set: 0.4ms
[21.629s][info][gc,phases      ] GC(86)   Other: 0.1ms
[21.629s][info][gc,heap        ] GC(86) Eden regions: 220->0(220)
[21.629s][info][gc,heap        ] GC(86) Survivor regions: 12->12(29)
[21.629s][info][gc,heap        ] GC(86) Old regions: 129->129
[21.629s][info][gc,heap        ] GC(86) Archive regions: 0->0
[21.629s][info][gc,heap        ] GC(86) Humongous regions: 15->15
[21.629s][info][gc,metaspace   ] GC(86) Metaspace: 58745K(59648K)->58745K(59648K) NonClass: 51285K(51776K)->51285K(51776K) Class: 7460K(7872K)->7460K(7872K)
[21.629s][info][gc             ] GC(86) Pause Young (Normal) (G1 Evacuation Pause) 370M->150M(409M) 6.260ms
[21.629s][info][gc,cpu         ] GC(86) User=0.14s Sys=0.00s Real=0.01s
[21.782s][info][gc,start       ] GC(87) Pause Young (Normal) (G1 Evacuation Pause)
[21.782s][info][gc,task        ] GC(87) Using 9 workers of 33 for evacuation
[21.789s][info][gc,phases      ] GC(87)   Pre Evacuate Collection Set: 0.1ms
[21.789s][info][gc,phases      ] GC(87)   Merge Heap Roots: 0.1ms
[21.789s][info][gc,phases      ] GC(87)   Evacuate Collection Set: 6.3ms
[21.789s][info][gc,phases      ] GC(87)   Post Evacuate Collection Set: 0.4ms
[21.789s][info][gc,phases      ] GC(87)   Other: 0.1ms
[21.789s][info][gc,heap        ] GC(87) Eden regions: 220->0(220)
[21.789s][info][gc,heap        ] GC(87) Survivor regions: 12->12(29)
[21.789s][info][gc,heap        ] GC(87) Old regions: 129->129
[21.789s][info][gc,heap        ] GC(87) Archive regions: 0->0
[21.789s][info][gc,heap        ] GC(87) Humongous regions: 15->15
[21.789s][info][gc,metaspace   ] GC(87) Metaspace: 58745K(59648K)->58745K(59648K) NonClass: 51285K(51776K)->51285K(51776K) Class: 7460K(7872K)->7460K(7872K)
[21.789s][info][gc             ] GC(87) Pause Young (Normal) (G1 Evacuation Pause) 370M->150M(409M) 7.536ms
[21.789s][info][gc,cpu         ] GC(87) User=0.28s Sys=0.00s Real=0.02s
[21.964s][info][gc,start       ] GC(88) Pause Full (System.gc())
[21.964s][info][gc,task        ] GC(88) Using 9 workers of 33 for full compaction
[21.965s][info][gc,phases,start] GC(88) Phase 1: Mark live objects
[21.995s][info][gc,phases      ] GC(88) Phase 1: Mark live objects 30.075ms
[21.995s][info][gc,phases,start] GC(88) Phase 2: Prepare compaction
[21.999s][info][gc,phases      ] GC(88) Phase 2: Prepare compaction 4.023ms
[21.999s][info][gc,phases,start] GC(88) Phase 3: Adjust pointers
[22.010s][info][gc,phases      ] GC(88) Phase 3: Adjust pointers 10.757ms
[22.010s][info][gc,phases,start] GC(88) Phase 4: Compact heap
[22.011s][info][gc,phases      ] GC(88) Phase 4: Compact heap 0.764ms
[22.019s][info][gc,heap        ] GC(88) Eden regions: 217->0(212)
[22.019s][info][gc,heap        ] GC(88) Survivor regions: 12->0(29)
[22.019s][info][gc,heap        ] GC(88) Old regions: 129->97
[22.019s][info][gc,heap        ] GC(88) Archive regions: 0->0
[22.019s][info][gc,heap        ] GC(88) Humongous regions: 20->9
[22.020s][info][gc,metaspace   ] GC(88) Metaspace: 58775K(59648K)->58775K(59648K) NonClass: 51315K(51776K)->51315K(51776K) Class: 7460K(7872K)->7460K(7872K)
[22.020s][info][gc             ] GC(88) Pause Full (System.gc()) 372M->101M(354M) 55.340ms
[22.020s][info][gc,cpu         ] GC(88) User=0.16s Sys=0.03s Real=0.05s
[22.178s][info][gc,start       ] GC(89) Pause Young (Normal) (G1 Evacuation Pause)
[22.178s][info][gc,task        ] GC(89) Using 8 workers of 33 for evacuation
[22.183s][info][gc,phases      ] GC(89)   Pre Evacuate Collection Set: 0.1ms
[22.183s][info][gc,phases      ] GC(89)   Merge Heap Roots: 0.1ms
[22.183s][info][gc,phases      ] GC(89)   Evacuate Collection Set: 3.4ms
[22.183s][info][gc,phases      ] GC(89)   Post Evacuate Collection Set: 0.7ms
[22.183s][info][gc,phases      ] GC(89)   Other: 0.2ms
[22.183s][info][gc,heap        ] GC(89) Eden regions: 212->0(205)
[22.183s][info][gc,heap        ] GC(89) Survivor regions: 0->7(27)
[22.183s][info][gc,heap        ] GC(89) Old regions: 97->97
[22.183s][info][gc,heap        ] GC(89) Archive regions: 0->0
[22.183s][info][gc,heap        ] GC(89) Humongous regions: 19->9
[22.183s][info][gc,metaspace   ] GC(89) Metaspace: 58816K(59712K)->58816K(59712K) NonClass: 51356K(51840K)->51356K(51840K) Class: 7460K(7872K)->7460K(7872K)
[22.183s][info][gc             ] GC(89) Pause Young (Normal) (G1 Evacuation Pause) 323M->107M(354M) 5.007ms
[22.183s][info][gc,cpu         ] GC(89) User=0.00s Sys=0.00s Real=0.00s
[22.249s][info][gc,start       ] GC(90) Pause Young (Normal) (G1 Evacuation Pause)
[22.249s][info][gc,task        ] GC(90) Using 8 workers of 33 for evacuation
[22.261s][info][gc,phases      ] GC(90)   Pre Evacuate Collection Set: 0.1ms
[22.261s][info][gc,phases      ] GC(90)   Merge Heap Roots: 0.1ms
[22.261s][info][gc,phases      ] GC(90)   Evacuate Collection Set: 10.4ms
[22.261s][info][gc,phases      ] GC(90)   Post Evacuate Collection Set: 0.7ms
[22.261s][info][gc,phases      ] GC(90)   Other: 0.2ms
[22.261s][info][gc,heap        ] GC(90) Eden regions: 205->0(198)
[22.261s][info][gc,heap        ] GC(90) Survivor regions: 7->14(27)
[22.261s][info][gc,heap        ] GC(90) Old regions: 97->97
[22.261s][info][gc,heap        ] GC(90) Archive regions: 0->0
[22.261s][info][gc,heap        ] GC(90) Humongous regions: 12->12
[22.261s][info][gc,metaspace   ] GC(90) Metaspace: 58816K(59712K)->58816K(59712K) NonClass: 51356K(51840K)->51356K(51840K) Class: 7460K(7872K)->7460K(7872K)
[22.261s][info][gc             ] GC(90) Pause Young (Normal) (G1 Evacuation Pause) 315M->117M(354M) 12.007ms
[22.261s][info][gc,cpu         ] GC(90) User=0.00s Sys=0.00s Real=0.00s
[22.324s][info][gc,start       ] GC(91) Pause Young (Normal) (G1 Evacuation Pause)
[22.324s][info][gc,task        ] GC(91) Using 8 workers of 33 for evacuation
[22.336s][info][gc,phases      ] GC(91)   Pre Evacuate Collection Set: 0.1ms
[22.336s][info][gc,phases      ] GC(91)   Merge Heap Roots: 0.1ms
[22.336s][info][gc,phases      ] GC(91)   Evacuate Collection Set: 10.7ms
[22.336s][info][gc,phases      ] GC(91)   Post Evacuate Collection Set: 0.7ms
[22.336s][info][gc,phases      ] GC(91)   Other: 0.2ms
[22.336s][info][gc,heap        ] GC(91) Eden regions: 198->0(182)
[22.336s][info][gc,heap        ] GC(91) Survivor regions: 14->22(27)
[22.336s][info][gc,heap        ] GC(91) Old regions: 97->97
[22.336s][info][gc,heap        ] GC(91) Archive regions: 0->0
[22.336s][info][gc,heap        ] GC(91) Humongous regions: 12->12
[22.336s][info][gc,metaspace   ] GC(91) Metaspace: 58816K(59712K)->58816K(59712K) NonClass: 51356K(51840K)->51356K(51840K) Class: 7460K(7872K)->7460K(7872K)
[22.336s][info][gc             ] GC(91) Pause Young (Normal) (G1 Evacuation Pause) 315M->126M(354M) 12.256ms
[22.336s][info][gc,cpu         ] GC(91) User=0.14s Sys=0.00s Real=0.02s
[22.396s][info][gc,start       ] GC(92) Pause Young (Normal) (G1 Evacuation Pause)
[22.396s][info][gc,task        ] GC(92) Using 8 workers of 33 for evacuation
[22.413s][info][gc,phases      ] GC(92)   Pre Evacuate Collection Set: 0.1ms
[22.413s][info][gc,phases      ] GC(92)   Merge Heap Roots: 0.1ms
[22.413s][info][gc,phases      ] GC(92)   Evacuate Collection Set: 16.2ms
[22.413s][info][gc,phases      ] GC(92)   Post Evacuate Collection Set: 0.4ms
[22.413s][info][gc,phases      ] GC(92)   Other: 0.2ms
[22.413s][info][gc,heap        ] GC(92) Eden regions: 182->0(175)
[22.413s][info][gc,heap        ] GC(92) Survivor regions: 22->17(26)
[22.413s][info][gc,heap        ] GC(92) Old regions: 97->111
[22.413s][info][gc,heap        ] GC(92) Archive regions: 0->0
[22.413s][info][gc,heap        ] GC(92) Humongous regions: 15->15
[22.413s][info][gc,metaspace   ] GC(92) Metaspace: 58816K(59712K)->58816K(59712K) NonClass: 51356K(51840K)->51356K(51840K) Class: 7460K(7872K)->7460K(7872K)
[22.413s][info][gc             ] GC(92) Pause Young (Normal) (G1 Evacuation Pause) 311M->137M(354M) 17.545ms
[22.413s][info][gc,cpu         ] GC(92) User=0.03s Sys=0.00s Real=0.01s
[22.468s][info][gc,start       ] GC(93) Pause Young (Normal) (G1 Evacuation Pause)
[22.468s][info][gc,task        ] GC(93) Using 8 workers of 33 for evacuation
[22.480s][info][gc,phases      ] GC(93)   Pre Evacuate Collection Set: 0.1ms
[22.480s][info][gc,phases      ] GC(93)   Merge Heap Roots: 0.1ms
[22.480s][info][gc,phases      ] GC(93)   Evacuate Collection Set: 10.6ms
[22.480s][info][gc,phases      ] GC(93)   Post Evacuate Collection Set: 0.8ms
[22.480s][info][gc,phases      ] GC(93)   Other: 0.1ms
[22.480s][info][gc,heap        ] GC(93) Eden regions: 175->0(200)
[22.480s][info][gc,heap        ] GC(93) Survivor regions: 17->16(24)
[22.480s][info][gc,heap        ] GC(93) Old regions: 111->119
[22.480s][info][gc,heap        ] GC(93) Archive regions: 0->0
[22.480s][info][gc,heap        ] GC(93) Humongous regions: 15->15
[22.480s][info][gc,metaspace   ] GC(93) Metaspace: 58816K(59712K)->58816K(59712K) NonClass: 51356K(51840K)->51356K(51840K) Class: 7460K(7872K)->7460K(7872K)
[22.480s][info][gc             ] GC(93) Pause Young (Normal) (G1 Evacuation Pause) 312M->144M(386M) 12.222ms
[22.480s][info][gc,cpu         ] GC(93) User=0.13s Sys=0.00s Real=0.02s
[22.568s][info][gc,start       ] GC(94) Pause Young (Normal) (G1 Evacuation Pause)
[22.568s][info][gc,task        ] GC(94) Using 9 workers of 33 for evacuation
[22.579s][info][gc,phases      ] GC(94)   Pre Evacuate Collection Set: 0.1ms
[22.580s][info][gc,phases      ] GC(94)   Merge Heap Roots: 0.1ms
[22.580s][info][gc,phases      ] GC(94)   Evacuate Collection Set: 10.6ms
[22.580s][info][gc,phases      ] GC(94)   Post Evacuate Collection Set: 0.7ms
[22.580s][info][gc,phases      ] GC(94)   Other: 0.2ms
[22.580s][info][gc,heap        ] GC(94) Eden regions: 200->0(196)
[22.580s][info][gc,heap        ] GC(94) Survivor regions: 16->14(27)
[22.580s][info][gc,heap        ] GC(94) Old regions: 119->127
[22.580s][info][gc,heap        ] GC(94) Archive regions: 0->0
[22.580s][info][gc,heap        ] GC(94) Humongous regions: 15->15
[22.580s][info][gc,metaspace   ] GC(94) Metaspace: 58833K(59712K)->58833K(59712K) NonClass: 51369K(51840K)->51369K(51840K) Class: 7463K(7872K)->7463K(7872K)
[22.580s][info][gc             ] GC(94) Pause Young (Normal) (G1 Evacuation Pause) 344M->150M(386M) 12.164ms
[22.580s][info][gc,cpu         ] GC(94) User=0.14s Sys=0.00s Real=0.01s
[22.649s][info][gc,start       ] GC(95) Pause Young (Normal) (G1 Evacuation Pause)
[22.649s][info][gc,task        ] GC(95) Using 9 workers of 33 for evacuation
[22.655s][info][gc,phases      ] GC(95)   Pre Evacuate Collection Set: 0.2ms
[22.655s][info][gc,phases      ] GC(95)   Merge Heap Roots: 0.1ms
[22.655s][info][gc,phases      ] GC(95)   Evacuate Collection Set: 5.1ms
[22.655s][info][gc,phases      ] GC(95)   Post Evacuate Collection Set: 0.7ms
[22.655s][info][gc,phases      ] GC(95)   Other: 0.2ms
[22.655s][info][gc,heap        ] GC(95) Eden regions: 196->0(196)
[22.655s][info][gc,heap        ] GC(95) Survivor regions: 14->14(27)
[22.655s][info][gc,heap        ] GC(95) Old regions: 127->127
[22.655s][info][gc,heap        ] GC(95) Archive regions: 0->0
[22.655s][info][gc,heap        ] GC(95) Humongous regions: 15->15
[22.655s][info][gc,metaspace   ] GC(95) Metaspace: 59130K(59904K)->59130K(59904K) NonClass: 51623K(52032K)->51623K(52032K) Class: 7506K(7872K)->7506K(7872K)
[22.655s][info][gc             ] GC(95) Pause Young (Normal) (G1 Evacuation Pause) 346M->150M(386M) 6.723ms
[22.655s][info][gc,cpu         ] GC(95) User=0.14s Sys=0.00s Real=0.02s
[22.731s][info][gc,start       ] GC(96) Pause Young (Normal) (G1 Evacuation Pause)
[22.732s][info][gc,task        ] GC(96) Using 9 workers of 33 for evacuation
[22.739s][info][gc,phases      ] GC(96)   Pre Evacuate Collection Set: 0.1ms
[22.739s][info][gc,phases      ] GC(96)   Merge Heap Roots: 0.1ms
[22.739s][info][gc,phases      ] GC(96)   Evacuate Collection Set: 6.6ms
[22.739s][info][gc,phases      ] GC(96)   Post Evacuate Collection Set: 0.7ms
[22.739s][info][gc,phases      ] GC(96)   Other: 0.2ms
[22.739s][info][gc,heap        ] GC(96) Eden regions: 196->0(196)
[22.739s][info][gc,heap        ] GC(96) Survivor regions: 14->14(27)
[22.740s][info][gc,heap        ] GC(96) Old regions: 127->127
[22.740s][info][gc,heap        ] GC(96) Archive regions: 0->0
[22.740s][info][gc,heap        ] GC(96) Humongous regions: 15->15
[22.740s][info][gc,metaspace   ] GC(96) Metaspace: 59188K(60096K)->59188K(60096K) NonClass: 51668K(52160K)->51668K(52160K) Class: 7520K(7936K)->7520K(7936K)
[22.740s][info][gc             ] GC(96) Pause Young (Normal) (G1 Evacuation Pause) 346M->150M(386M) 8.206ms
[22.740s][info][gc,cpu         ] GC(96) User=0.00s Sys=0.00s Real=0.00s
[22.811s][info][gc,start       ] GC(97) Pause Young (Normal) (G1 Evacuation Pause)
[22.811s][info][gc,task        ] GC(97) Using 9 workers of 33 for evacuation
[22.817s][info][gc,phases      ] GC(97)   Pre Evacuate Collection Set: 0.1ms
[22.817s][info][gc,phases      ] GC(97)   Merge Heap Roots: 0.1ms
[22.817s][info][gc,phases      ] GC(97)   Evacuate Collection Set: 5.1ms
[22.817s][info][gc,phases      ] GC(97)   Post Evacuate Collection Set: 0.9ms
[22.817s][info][gc,phases      ] GC(97)   Other: 0.1ms
[22.817s][info][gc,heap        ] GC(97) Eden regions: 196->0(208)
[22.817s][info][gc,heap        ] GC(97) Survivor regions: 14->14(27)
[22.817s][info][gc,heap        ] GC(97) Old regions: 127->127
[22.817s][info][gc,heap        ] GC(97) Archive regions: 0->0
[22.817s][info][gc,heap        ] GC(97) Humongous regions: 15->15
[22.818s][info][gc,metaspace   ] GC(97) Metaspace: 59188K(60096K)->59188K(60096K) NonClass: 51668K(52160K)->51668K(52160K) Class: 7520K(7936K)->7520K(7936K)
[22.818s][info][gc             ] GC(97) Pause Young (Normal) (G1 Evacuation Pause) 346M->150M(399M) 6.762ms
[22.818s][info][gc,cpu         ] GC(97) User=0.00s Sys=0.00s Real=0.00s
[22.893s][info][gc,start       ] GC(98) Pause Young (Normal) (G1 Evacuation Pause)
[22.893s][info][gc,task        ] GC(98) Using 9 workers of 33 for evacuation
[22.899s][info][gc,phases      ] GC(98)   Pre Evacuate Collection Set: 0.1ms
[22.899s][info][gc,phases      ] GC(98)   Merge Heap Roots: 0.1ms
[22.900s][info][gc,phases      ] GC(98)   Evacuate Collection Set: 5.0ms
[22.900s][info][gc,phases      ] GC(98)   Post Evacuate Collection Set: 0.7ms
[22.900s][info][gc,phases      ] GC(98)   Other: 0.1ms
[22.900s][info][gc,heap        ] GC(98) Eden regions: 208->0(208)
[22.900s][info][gc,heap        ] GC(98) Survivor regions: 14->14(28)
[22.900s][info][gc,heap        ] GC(98) Old regions: 127->127
[22.900s][info][gc,heap        ] GC(98) Archive regions: 0->0
[22.900s][info][gc,heap        ] GC(98) Humongous regions: 15->15
[22.900s][info][gc,metaspace   ] GC(98) Metaspace: 59204K(60096K)->59204K(60096K) NonClass: 51684K(52160K)->51684K(52160K) Class: 7520K(7936K)->7520K(7936K)
[22.900s][info][gc             ] GC(98) Pause Young (Normal) (G1 Evacuation Pause) 358M->150M(399M) 6.548ms
[22.900s][info][gc,cpu         ] GC(98) User=0.03s Sys=0.00s Real=0.02s
[23.041s][info][gc,start       ] GC(99) Pause Young (Normal) (G1 Evacuation Pause)
[23.041s][info][gc,task        ] GC(99) Using 9 workers of 33 for evacuation
[23.049s][info][gc,phases      ] GC(99)   Pre Evacuate Collection Set: 0.1ms
[23.049s][info][gc,phases      ] GC(99)   Merge Heap Roots: 0.1ms
[23.049s][info][gc,phases      ] GC(99)   Evacuate Collection Set: 6.6ms
[23.049s][info][gc,phases      ] GC(99)   Post Evacuate Collection Set: 0.7ms
[23.049s][info][gc,phases      ] GC(99)   Other: 0.1ms
[23.049s][info][gc,heap        ] GC(99) Eden regions: 208->0(208)
[23.049s][info][gc,heap        ] GC(99) Survivor regions: 14->14(28)
[23.049s][info][gc,heap        ] GC(99) Old regions: 127->127
[23.049s][info][gc,heap        ] GC(99) Archive regions: 0->0
[23.049s][info][gc,heap        ] GC(99) Humongous regions: 15->15
[23.049s][info][gc,metaspace   ] GC(99) Metaspace: 59205K(60096K)->59205K(60096K) NonClass: 51684K(52160K)->51684K(52160K) Class: 7520K(7936K)->7520K(7936K)
[23.049s][info][gc             ] GC(99) Pause Young (Normal) (G1 Evacuation Pause) 358M->150M(399M) 8.123ms
[23.049s][info][gc,cpu         ] GC(99) User=0.00s Sys=0.00s Real=0.00s
[23.184s][info][gc,start       ] GC(100) Pause Young (Normal) (G1 Evacuation Pause)
[23.184s][info][gc,task        ] GC(100) Using 9 workers of 33 for evacuation
[23.191s][info][gc,phases      ] GC(100)   Pre Evacuate Collection Set: 0.1ms
[23.191s][info][gc,phases      ] GC(100)   Merge Heap Roots: 0.1ms
[23.191s][info][gc,phases      ] GC(100)   Evacuate Collection Set: 5.6ms
[23.191s][info][gc,phases      ] GC(100)   Post Evacuate Collection Set: 0.7ms
[23.191s][info][gc,phases      ] GC(100)   Other: 0.1ms
[23.191s][info][gc,heap        ] GC(100) Eden regions: 208->0(208)
[23.191s][info][gc,heap        ] GC(100) Survivor regions: 14->14(28)
[23.191s][info][gc,heap        ] GC(100) Old regions: 127->127
[23.191s][info][gc,heap        ] GC(100) Archive regions: 0->0
[23.191s][info][gc,heap        ] GC(100) Humongous regions: 15->15
[23.191s][info][gc,metaspace   ] GC(100) Metaspace: 59205K(60096K)->59205K(60096K) NonClass: 51684K(52160K)->51684K(52160K) Class: 7520K(7936K)->7520K(7936K)
[23.191s][info][gc             ] GC(100) Pause Young (Normal) (G1 Evacuation Pause) 358M->150M(399M) 7.097ms
[23.191s][info][gc,cpu         ] GC(100) User=0.00s Sys=0.00s Real=0.00s
[23.326s][info][gc,start       ] GC(101) Pause Young (Normal) (G1 Evacuation Pause)
[23.326s][info][gc,task        ] GC(101) Using 9 workers of 33 for evacuation
[23.333s][info][gc,phases      ] GC(101)   Pre Evacuate Collection Set: 0.1ms
[23.333s][info][gc,phases      ] GC(101)   Merge Heap Roots: 0.1ms
[23.333s][info][gc,phases      ] GC(101)   Evacuate Collection Set: 5.9ms
[23.333s][info][gc,phases      ] GC(101)   Post Evacuate Collection Set: 0.7ms
[23.333s][info][gc,phases      ] GC(101)   Other: 0.1ms
[23.333s][info][gc,heap        ] GC(101) Eden regions: 208->0(208)
[23.333s][info][gc,heap        ] GC(101) Survivor regions: 14->14(28)
[23.333s][info][gc,heap        ] GC(101) Old regions: 127->127
[23.333s][info][gc,heap        ] GC(101) Archive regions: 0->0
[23.333s][info][gc,heap        ] GC(101) Humongous regions: 15->15
[23.333s][info][gc,metaspace   ] GC(101) Metaspace: 59205K(60096K)->59205K(60096K) NonClass: 51684K(52160K)->51684K(52160K) Class: 7520K(7936K)->7520K(7936K)
[23.333s][info][gc             ] GC(101) Pause Young (Normal) (G1 Evacuation Pause) 358M->150M(399M) 7.400ms
[23.333s][info][gc,cpu         ] GC(101) User=0.00s Sys=0.00s Real=0.00s
[23.482s][info][gc,start       ] GC(102) Pause Young (Normal) (G1 Evacuation Pause)
[23.482s][info][gc,task        ] GC(102) Using 9 workers of 33 for evacuation
[23.490s][info][gc,phases      ] GC(102)   Pre Evacuate Collection Set: 0.1ms
[23.490s][info][gc,phases      ] GC(102)   Merge Heap Roots: 0.1ms
[23.490s][info][gc,phases      ] GC(102)   Evacuate Collection Set: 6.8ms
[23.490s][info][gc,phases      ] GC(102)   Post Evacuate Collection Set: 0.7ms
[23.490s][info][gc,phases      ] GC(102)   Other: 0.1ms
[23.490s][info][gc,heap        ] GC(102) Eden regions: 208->0(208)
[23.490s][info][gc,heap        ] GC(102) Survivor regions: 14->14(28)
[23.490s][info][gc,heap        ] GC(102) Old regions: 127->127
[23.490s][info][gc,heap        ] GC(102) Archive regions: 0->0
[23.490s][info][gc,heap        ] GC(102) Humongous regions: 15->15
[23.490s][info][gc,metaspace   ] GC(102) Metaspace: 59205K(60096K)->59205K(60096K) NonClass: 51684K(52160K)->51684K(52160K) Class: 7520K(7936K)->7520K(7936K)
[23.490s][info][gc             ] GC(102) Pause Young (Normal) (G1 Evacuation Pause) 358M->150M(399M) 8.401ms
[23.490s][info][gc,cpu         ] GC(102) User=0.00s Sys=0.00s Real=0.00s
[23.580s][info][gc,start       ] GC(103) Pause Full (System.gc())
[23.580s][info][gc,task        ] GC(103) Using 9 workers of 33 for full compaction
[23.580s][info][gc,phases,start] GC(103) Phase 1: Mark live objects
[23.613s][info][gc,phases      ] GC(103) Phase 1: Mark live objects 32.852ms
[23.613s][info][gc,phases,start] GC(103) Phase 2: Prepare compaction
[23.617s][info][gc,phases      ] GC(103) Phase 2: Prepare compaction 4.001ms
[23.617s][info][gc,phases,start] GC(103) Phase 3: Adjust pointers
[23.623s][info][gc,phases      ] GC(103) Phase 3: Adjust pointers 5.541ms
[23.623s][info][gc,phases,start] GC(103) Phase 4: Compact heap
[23.623s][info][gc,phases      ] GC(103) Phase 4: Compact heap 0.525ms
[23.629s][info][gc,heap        ] GC(103) Eden regions: 69->0(214)
[23.629s][info][gc,heap        ] GC(103) Survivor regions: 14->0(28)
[23.629s][info][gc,heap        ] GC(103) Old regions: 127->98
[23.629s][info][gc,heap        ] GC(103) Archive regions: 0->0
[23.629s][info][gc,heap        ] GC(103) Humongous regions: 20->9
[23.629s][info][gc,metaspace   ] GC(103) Metaspace: 59221K(60160K)->59221K(60160K) NonClass: 51701K(52224K)->51701K(52224K) Class: 7520K(7936K)->7520K(7936K)
[23.629s][info][gc             ] GC(103) Pause Full (System.gc()) 223M->101M(357M) 49.595ms
[23.629s][info][gc,cpu         ] GC(103) User=0.39s Sys=0.00s Real=0.05s
[23.786s][info][gc,start       ] GC(104) Pause Young (Normal) (G1 Evacuation Pause)
[23.786s][info][gc,task        ] GC(104) Using 8 workers of 33 for evacuation
[23.791s][info][gc,phases      ] GC(104)   Pre Evacuate Collection Set: 0.1ms
[23.791s][info][gc,phases      ] GC(104)   Merge Heap Roots: 0.1ms
[23.791s][info][gc,phases      ] GC(104)   Evacuate Collection Set: 3.6ms
[23.791s][info][gc,phases      ] GC(104)   Post Evacuate Collection Set: 0.7ms
[23.791s][info][gc,phases      ] GC(104)   Other: 0.2ms
[23.791s][info][gc,heap        ] GC(104) Eden regions: 214->0(207)
[23.791s][info][gc,heap        ] GC(104) Survivor regions: 0->7(27)
[23.791s][info][gc,heap        ] GC(104) Old regions: 98->98
[23.791s][info][gc,heap        ] GC(104) Archive regions: 0->0
[23.791s][info][gc,heap        ] GC(104) Humongous regions: 19->9
[23.792s][info][gc,metaspace   ] GC(104) Metaspace: 59279K(60160K)->59279K(60160K) NonClass: 51759K(52224K)->51759K(52224K) Class: 7520K(7936K)->7520K(7936K)
[23.792s][info][gc             ] GC(104) Pause Young (Normal) (G1 Evacuation Pause) 325M->108M(357M) 5.250ms
[23.792s][info][gc,cpu         ] GC(104) User=0.00s Sys=0.00s Real=0.00s
[23.858s][info][gc,start       ] GC(105) Pause Young (Normal) (G1 Evacuation Pause)
[23.858s][info][gc,task        ] GC(105) Using 8 workers of 33 for evacuation
[23.869s][info][gc,phases      ] GC(105)   Pre Evacuate Collection Set: 0.1ms
[23.869s][info][gc,phases      ] GC(105)   Merge Heap Roots: 0.1ms
[23.869s][info][gc,phases      ] GC(105)   Evacuate Collection Set: 9.7ms
[23.869s][info][gc,phases      ] GC(105)   Post Evacuate Collection Set: 0.7ms
[23.869s][info][gc,phases      ] GC(105)   Other: 0.2ms
[23.869s][info][gc,heap        ] GC(105) Eden regions: 207->0(198)
[23.869s][info][gc,heap        ] GC(105) Survivor regions: 7->15(27)
[23.869s][info][gc,heap        ] GC(105) Old regions: 98->98
[23.869s][info][gc,heap        ] GC(105) Archive regions: 0->0
[23.869s][info][gc,heap        ] GC(105) Humongous regions: 12->12
[23.869s][info][gc,metaspace   ] GC(105) Metaspace: 59280K(60160K)->59280K(60160K) NonClass: 51760K(52224K)->51760K(52224K) Class: 7520K(7936K)->7520K(7936K)
[23.869s][info][gc             ] GC(105) Pause Young (Normal) (G1 Evacuation Pause) 318M->118M(357M) 11.227ms
[23.869s][info][gc,cpu         ] GC(105) User=0.00s Sys=0.00s Real=0.00s
[23.932s][info][gc,start       ] GC(106) Pause Young (Normal) (G1 Evacuation Pause)
[23.932s][info][gc,task        ] GC(106) Using 8 workers of 33 for evacuation
[23.944s][info][gc,phases      ] GC(106)   Pre Evacuate Collection Set: 0.1ms
[23.944s][info][gc,phases      ] GC(106)   Merge Heap Roots: 0.1ms
[23.944s][info][gc,phases      ] GC(106)   Evacuate Collection Set: 10.7ms
[23.944s][info][gc,phases      ] GC(106)   Post Evacuate Collection Set: 0.7ms
[23.944s][info][gc,phases      ] GC(106)   Other: 0.1ms
[23.944s][info][gc,heap        ] GC(106) Eden regions: 198->0(184)
[23.944s][info][gc,heap        ] GC(106) Survivor regions: 15->22(27)
[23.944s][info][gc,heap        ] GC(106) Old regions: 98->98
[23.944s][info][gc,heap        ] GC(106) Archive regions: 0->0
[23.944s][info][gc,heap        ] GC(106) Humongous regions: 12->12
[23.944s][info][gc,metaspace   ] GC(106) Metaspace: 59280K(60160K)->59280K(60160K) NonClass: 51760K(52224K)->51760K(52224K) Class: 7520K(7936K)->7520K(7936K)
[23.944s][info][gc             ] GC(106) Pause Young (Normal) (G1 Evacuation Pause) 316M->126M(357M) 12.130ms
[23.944s][info][gc,cpu         ] GC(106) User=0.13s Sys=0.00s Real=0.01s
[24.003s][info][gc,start       ] GC(107) Pause Young (Normal) (G1 Evacuation Pause)
[24.003s][info][gc,task        ] GC(107) Using 8 workers of 33 for evacuation
[24.021s][info][gc,phases      ] GC(107)   Pre Evacuate Collection Set: 0.1ms
[24.021s][info][gc,phases      ] GC(107)   Merge Heap Roots: 0.1ms
[24.021s][info][gc,phases      ] GC(107)   Evacuate Collection Set: 16.5ms
[24.021s][info][gc,phases      ] GC(107)   Post Evacuate Collection Set: 0.9ms
[24.021s][info][gc,phases      ] GC(107)   Other: 0.2ms
[24.021s][info][gc,heap        ] GC(107) Eden regions: 184->0(207)
[24.021s][info][gc,heap        ] GC(107) Survivor regions: 22->17(26)
[24.021s][info][gc,heap        ] GC(107) Old regions: 98->112
[24.021s][info][gc,heap        ] GC(107) Archive regions: 0->0
[24.021s][info][gc,heap        ] GC(107) Humongous regions: 15->15
[24.021s][info][gc,metaspace   ] GC(107) Metaspace: 59280K(60160K)->59280K(60160K) NonClass: 51760K(52224K)->51760K(52224K) Class: 7520K(7936K)->7520K(7936K)
[24.021s][info][gc             ] GC(107) Pause Young (Normal) (G1 Evacuation Pause) 313M->137M(388M) 18.259ms
[24.021s][info][gc,cpu         ] GC(107) User=0.13s Sys=0.00s Real=0.01s
[24.095s][info][gc,start       ] GC(108) Pause Young (Normal) (G1 Evacuation Pause)
[24.095s][info][gc,task        ] GC(108) Using 9 workers of 33 for evacuation
[24.108s][info][gc,phases      ] GC(108)   Pre Evacuate Collection Set: 0.1ms
[24.108s][info][gc,phases      ] GC(108)   Merge Heap Roots: 0.1ms
[24.108s][info][gc,phases      ] GC(108)   Evacuate Collection Set: 11.5ms
[24.108s][info][gc,phases      ] GC(108)   Post Evacuate Collection Set: 0.4ms
[24.108s][info][gc,phases      ] GC(108)   Other: 0.2ms
[24.108s][info][gc,heap        ] GC(108) Eden regions: 207->0(199)
[24.108s][info][gc,heap        ] GC(108) Survivor regions: 17->17(28)
[24.108s][info][gc,heap        ] GC(108) Old regions: 112->120
[24.108s][info][gc,heap        ] GC(108) Archive regions: 0->0
[24.108s][info][gc,heap        ] GC(108) Humongous regions: 15->15
[24.108s][info][gc,metaspace   ] GC(108) Metaspace: 59280K(60160K)->59280K(60160K) NonClass: 51760K(52224K)->51760K(52224K) Class: 7520K(7936K)->7520K(7936K)
[24.108s][info][gc             ] GC(108) Pause Young (Normal) (G1 Evacuation Pause) 344M->146M(388M) 12.844ms
[24.108s][info][gc,cpu         ] GC(108) User=0.14s Sys=0.00s Real=0.02s
[24.174s][info][gc,start       ] GC(109) Pause Young (Normal) (G1 Evacuation Pause)
[24.174s][info][gc,task        ] GC(109) Using 9 workers of 33 for evacuation
[24.185s][info][gc,phases      ] GC(109)   Pre Evacuate Collection Set: 0.1ms
[24.185s][info][gc,phases      ] GC(109)   Merge Heap Roots: 0.1ms
[24.185s][info][gc,phases      ] GC(109)   Evacuate Collection Set: 9.6ms
[24.185s][info][gc,phases      ] GC(109)   Post Evacuate Collection Set: 0.4ms
[24.185s][info][gc,phases      ] GC(109)   Other: 0.1ms
[24.185s][info][gc,heap        ] GC(109) Eden regions: 199->0(197)
[24.185s][info][gc,heap        ] GC(109) Survivor regions: 17->14(27)
[24.185s][info][gc,heap        ] GC(109) Old regions: 120->128
[24.185s][info][gc,heap        ] GC(109) Archive regions: 0->0
[24.185s][info][gc,heap        ] GC(109) Humongous regions: 15->15
[24.185s][info][gc,metaspace   ] GC(109) Metaspace: 59280K(60160K)->59280K(60160K) NonClass: 51760K(52224K)->51760K(52224K) Class: 7520K(7936K)->7520K(7936K)
[24.185s][info][gc             ] GC(109) Pause Young (Normal) (G1 Evacuation Pause) 345M->150M(388M) 10.770ms
[24.185s][info][gc,cpu         ] GC(109) User=0.14s Sys=0.00s Real=0.02s
[24.262s][info][gc,start       ] GC(110) Pause Young (Normal) (G1 Evacuation Pause)
[24.263s][info][gc,task        ] GC(110) Using 9 workers of 33 for evacuation
[24.268s][info][gc,phases      ] GC(110)   Pre Evacuate Collection Set: 0.1ms
[24.268s][info][gc,phases      ] GC(110)   Merge Heap Roots: 0.1ms
[24.268s][info][gc,phases      ] GC(110)   Evacuate Collection Set: 4.9ms
[24.268s][info][gc,phases      ] GC(110)   Post Evacuate Collection Set: 0.4ms
[24.268s][info][gc,phases      ] GC(110)   Other: 0.1ms
[24.268s][info][gc,heap        ] GC(110) Eden regions: 197->0(197)
[24.268s][info][gc,heap        ] GC(110) Survivor regions: 14->14(27)
[24.268s][info][gc,heap        ] GC(110) Old regions: 128->128
[24.268s][info][gc,heap        ] GC(110) Archive regions: 0->0
[24.268s][info][gc,heap        ] GC(110) Humongous regions: 15->15
[24.268s][info][gc,metaspace   ] GC(110) Metaspace: 59280K(60160K)->59280K(60160K) NonClass: 51760K(52224K)->51760K(52224K) Class: 7520K(7936K)->7520K(7936K)
[24.269s][info][gc             ] GC(110) Pause Young (Normal) (G1 Evacuation Pause) 347M->150M(388M) 6.053ms
[24.269s][info][gc,cpu         ] GC(110) User=0.00s Sys=0.00s Real=0.00s
[24.341s][info][gc,start       ] GC(111) Pause Young (Normal) (G1 Evacuation Pause)
[24.341s][info][gc,task        ] GC(111) Using 9 workers of 33 for evacuation
[24.348s][info][gc,phases      ] GC(111)   Pre Evacuate Collection Set: 0.1ms
[24.348s][info][gc,phases      ] GC(111)   Merge Heap Roots: 0.1ms
[24.348s][info][gc,phases      ] GC(111)   Evacuate Collection Set: 6.7ms
[24.348s][info][gc,phases      ] GC(111)   Post Evacuate Collection Set: 0.4ms
[24.348s][info][gc,phases      ] GC(111)   Other: 0.1ms
[24.348s][info][gc,heap        ] GC(111) Eden regions: 197->0(197)
[24.348s][info][gc,heap        ] GC(111) Survivor regions: 14->14(27)
[24.348s][info][gc,heap        ] GC(111) Old regions: 128->128
[24.348s][info][gc,heap        ] GC(111) Archive regions: 0->0
[24.348s][info][gc,heap        ] GC(111) Humongous regions: 15->15
[24.348s][info][gc,metaspace   ] GC(111) Metaspace: 59280K(60160K)->59280K(60160K) NonClass: 51760K(52224K)->51760K(52224K) Class: 7520K(7936K)->7520K(7936K)
[24.348s][info][gc             ] GC(111) Pause Young (Normal) (G1 Evacuation Pause) 347M->150M(388M) 7.868ms
[24.348s][info][gc,cpu         ] GC(111) User=0.00s Sys=0.00s Real=0.00s
[24.415s][info][gc,start       ] GC(112) Pause Young (Normal) (G1 Evacuation Pause)
[24.416s][info][gc,task        ] GC(112) Using 9 workers of 33 for evacuation
[24.422s][info][gc,phases      ] GC(112)   Pre Evacuate Collection Set: 0.1ms
[24.422s][info][gc,phases      ] GC(112)   Merge Heap Roots: 0.1ms
[24.422s][info][gc,phases      ] GC(112)   Evacuate Collection Set: 5.0ms
[24.422s][info][gc,phases      ] GC(112)   Post Evacuate Collection Set: 0.7ms
[24.422s][info][gc,phases      ] GC(112)   Other: 0.1ms
[24.422s][info][gc,heap        ] GC(112) Eden regions: 197->0(219)
[24.422s][info][gc,heap        ] GC(112) Survivor regions: 14->14(27)
[24.422s][info][gc,heap        ] GC(112) Old regions: 128->128
[24.422s][info][gc,heap        ] GC(112) Archive regions: 0->0
[24.422s][info][gc,heap        ] GC(112) Humongous regions: 15->15
[24.422s][info][gc,metaspace   ] GC(112) Metaspace: 59280K(60160K)->59280K(60160K) NonClass: 51760K(52224K)->51760K(52224K) Class: 7520K(7936K)->7520K(7936K)
[24.422s][info][gc             ] GC(112) Pause Young (Normal) (G1 Evacuation Pause) 347M->150M(412M) 6.494ms
[24.422s][info][gc,cpu         ] GC(112) User=0.14s Sys=0.00s Real=0.02s
[24.546s][info][gc,start       ] GC(113) Pause Young (Normal) (G1 Evacuation Pause)
[24.546s][info][gc,task        ] GC(113) Using 9 workers of 33 for evacuation
[24.553s][info][gc,phases      ] GC(113)   Pre Evacuate Collection Set: 0.1ms
[24.553s][info][gc,phases      ] GC(113)   Merge Heap Roots: 0.1ms
[24.553s][info][gc,phases      ] GC(113)   Evacuate Collection Set: 6.7ms
[24.553s][info][gc,phases      ] GC(113)   Post Evacuate Collection Set: 0.6ms
[24.553s][info][gc,phases      ] GC(113)   Other: 0.1ms
[24.553s][info][gc,heap        ] GC(113) Eden regions: 219->0(219)
[24.553s][info][gc,heap        ] GC(113) Survivor regions: 14->14(30)
[24.554s][info][gc,heap        ] GC(113) Old regions: 128->128
[24.554s][info][gc,heap        ] GC(113) Archive regions: 0->0
[24.554s][info][gc,heap        ] GC(113) Humongous regions: 15->15
[24.554s][info][gc,metaspace   ] GC(113) Metaspace: 59282K(60160K)->59282K(60160K) NonClass: 51762K(52224K)->51762K(52224K) Class: 7520K(7936K)->7520K(7936K)
[24.554s][info][gc             ] GC(113) Pause Young (Normal) (G1 Evacuation Pause) 369M->150M(412M) 8.143ms
[24.554s][info][gc,cpu         ] GC(113) User=0.00s Sys=0.00s Real=0.00s
[24.696s][info][gc,start       ] GC(114) Pause Young (Normal) (G1 Evacuation Pause)
[24.696s][info][gc,task        ] GC(114) Using 9 workers of 33 for evacuation
[24.703s][info][gc,phases      ] GC(114)   Pre Evacuate Collection Set: 0.1ms
[24.703s][info][gc,phases      ] GC(114)   Merge Heap Roots: 0.1ms
[24.703s][info][gc,phases      ] GC(114)   Evacuate Collection Set: 5.5ms
[24.703s][info][gc,phases      ] GC(114)   Post Evacuate Collection Set: 0.4ms
[24.703s][info][gc,phases      ] GC(114)   Other: 0.1ms
[24.703s][info][gc,heap        ] GC(114) Eden regions: 219->0(219)
[24.703s][info][gc,heap        ] GC(114) Survivor regions: 14->14(30)
[24.703s][info][gc,heap        ] GC(114) Old regions: 128->128
[24.703s][info][gc,heap        ] GC(114) Archive regions: 0->0
[24.703s][info][gc,heap        ] GC(114) Humongous regions: 15->15
[24.703s][info][gc,metaspace   ] GC(114) Metaspace: 59282K(60160K)->59282K(60160K) NonClass: 51762K(52224K)->51762K(52224K) Class: 7520K(7936K)->7520K(7936K)
[24.703s][info][gc             ] GC(114) Pause Young (Normal) (G1 Evacuation Pause) 369M->150M(412M) 6.670ms
[24.703s][info][gc,cpu         ] GC(114) User=0.14s Sys=0.00s Real=0.02s
[24.860s][info][gc,start       ] GC(115) Pause Young (Normal) (G1 Evacuation Pause)
[24.860s][info][gc,task        ] GC(115) Using 9 workers of 33 for evacuation
[24.866s][info][gc,phases      ] GC(115)   Pre Evacuate Collection Set: 0.1ms
[24.866s][info][gc,phases      ] GC(115)   Merge Heap Roots: 0.1ms
[24.866s][info][gc,phases      ] GC(115)   Evacuate Collection Set: 5.0ms
[24.866s][info][gc,phases      ] GC(115)   Post Evacuate Collection Set: 0.4ms
[24.866s][info][gc,phases      ] GC(115)   Other: 0.1ms
[24.866s][info][gc,heap        ] GC(115) Eden regions: 219->0(219)
[24.866s][info][gc,heap        ] GC(115) Survivor regions: 14->14(30)
[24.866s][info][gc,heap        ] GC(115) Old regions: 128->128
[24.866s][info][gc,heap        ] GC(115) Archive regions: 0->0
[24.866s][info][gc,heap        ] GC(115) Humongous regions: 15->15
[24.866s][info][gc,metaspace   ] GC(115) Metaspace: 59282K(60160K)->59282K(60160K) NonClass: 51762K(52224K)->51762K(52224K) Class: 7520K(7936K)->7520K(7936K)
[24.866s][info][gc             ] GC(115) Pause Young (Normal) (G1 Evacuation Pause) 369M->150M(412M) 6.172ms
[24.866s][info][gc,cpu         ] GC(115) User=0.00s Sys=0.00s Real=0.00s
[25.019s][info][gc,start       ] GC(116) Pause Young (Normal) (G1 Evacuation Pause)
[25.019s][info][gc,task        ] GC(116) Using 9 workers of 33 for evacuation
[25.025s][info][gc,phases      ] GC(116)   Pre Evacuate Collection Set: 0.1ms
[25.025s][info][gc,phases      ] GC(116)   Merge Heap Roots: 0.1ms
[25.025s][info][gc,phases      ] GC(116)   Evacuate Collection Set: 5.3ms
[25.025s][info][gc,phases      ] GC(116)   Post Evacuate Collection Set: 0.4ms
[25.025s][info][gc,phases      ] GC(116)   Other: 0.2ms
[25.025s][info][gc,heap        ] GC(116) Eden regions: 219->0(219)
[25.025s][info][gc,heap        ] GC(116) Survivor regions: 14->14(30)
[25.025s][info][gc,heap        ] GC(116) Old regions: 128->128
[25.025s][info][gc,heap        ] GC(116) Archive regions: 0->0
[25.025s][info][gc,heap        ] GC(116) Humongous regions: 15->15
[25.025s][info][gc,metaspace   ] GC(116) Metaspace: 59282K(60160K)->59282K(60160K) NonClass: 51762K(52224K)->51762K(52224K) Class: 7520K(7936K)->7520K(7936K)
[25.025s][info][gc             ] GC(116) Pause Young (Normal) (G1 Evacuation Pause) 369M->150M(412M) 6.635ms
[25.025s][info][gc,cpu         ] GC(116) User=0.00s Sys=0.00s Real=0.00s
[25.200s][info][gc,start       ] GC(117) Pause Full (System.gc())
[25.200s][info][gc,task        ] GC(117) Using 9 workers of 33 for full compaction
[25.200s][info][gc,phases,start] GC(117) Phase 1: Mark live objects
[25.237s][info][gc,phases      ] GC(117) Phase 1: Mark live objects 36.903ms
[25.237s][info][gc,phases,start] GC(117) Phase 2: Prepare compaction
[25.242s][info][gc,phases      ] GC(117) Phase 2: Prepare compaction 4.722ms
[25.242s][info][gc,phases,start] GC(117) Phase 3: Adjust pointers
[25.249s][info][gc,phases      ] GC(117) Phase 3: Adjust pointers 7.135ms
[25.249s][info][gc,phases,start] GC(117) Phase 4: Compact heap
[25.250s][info][gc,phases      ] GC(117) Phase 4: Compact heap 0.438ms
[25.255s][info][gc,heap        ] GC(117) Eden regions: 188->0(214)
[25.255s][info][gc,heap        ] GC(117) Survivor regions: 14->0(30)
[25.255s][info][gc,heap        ] GC(117) Old regions: 128->98
[25.255s][info][gc,heap        ] GC(117) Archive regions: 0->0
[25.255s][info][gc,heap        ] GC(117) Humongous regions: 20->9
[25.255s][info][gc,metaspace   ] GC(117) Metaspace: 59306K(60160K)->59306K(60160K) NonClass: 51785K(52224K)->51785K(52224K) Class: 7521K(7936K)->7521K(7936K)
[25.255s][info][gc             ] GC(117) Pause Full (System.gc()) 343M->101M(357M) 55.255ms
[25.255s][info][gc,cpu         ] GC(117) User=0.41s Sys=0.00s Real=0.05s
[25.392s][info][gc,start       ] GC(118) Pause Young (Normal) (G1 Evacuation Pause)
[25.392s][info][gc,task        ] GC(118) Using 8 workers of 33 for evacuation
[25.396s][info][gc,phases      ] GC(118)   Pre Evacuate Collection Set: 0.1ms
[25.396s][info][gc,phases      ] GC(118)   Merge Heap Roots: 0.1ms
[25.396s][info][gc,phases      ] GC(118)   Evacuate Collection Set: 3.4ms
[25.396s][info][gc,phases      ] GC(118)   Post Evacuate Collection Set: 0.7ms
[25.396s][info][gc,phases      ] GC(118)   Other: 0.2ms
[25.396s][info][gc,heap        ] GC(118) Eden regions: 214->0(207)
[25.396s][info][gc,heap        ] GC(118) Survivor regions: 0->7(27)
[25.397s][info][gc,heap        ] GC(118) Old regions: 98->98
[25.397s][info][gc,heap        ] GC(118) Archive regions: 0->0
[25.397s][info][gc,heap        ] GC(118) Humongous regions: 19->9
[25.397s][info][gc,metaspace   ] GC(118) Metaspace: 59352K(60288K)->59352K(60288K) NonClass: 51829K(52352K)->51829K(52352K) Class: 7523K(7936K)->7523K(7936K)
[25.397s][info][gc             ] GC(118) Pause Young (Normal) (G1 Evacuation Pause) 325M->107M(357M) 5.009ms
[25.397s][info][gc,cpu         ] GC(118) User=0.02s Sys=0.02s Real=0.00s
[25.470s][info][gc,start       ] GC(119) Pause Young (Normal) (G1 Evacuation Pause)
[25.470s][info][gc,task        ] GC(119) Using 8 workers of 33 for evacuation
[25.477s][info][gc,phases      ] GC(119)   Pre Evacuate Collection Set: 0.1ms
[25.477s][info][gc,phases      ] GC(119)   Merge Heap Roots: 0.1ms
[25.477s][info][gc,phases      ] GC(119)   Evacuate Collection Set: 6.6ms
[25.477s][info][gc,phases      ] GC(119)   Post Evacuate Collection Set: 0.7ms
[25.478s][info][gc,phases      ] GC(119)   Other: 0.2ms
[25.478s][info][gc,heap        ] GC(119) Eden regions: 207->0(201)
[25.478s][info][gc,heap        ] GC(119) Survivor regions: 7->13(27)
[25.478s][info][gc,heap        ] GC(119) Old regions: 98->98
[25.478s][info][gc,heap        ] GC(119) Archive regions: 0->0
[25.478s][info][gc,heap        ] GC(119) Humongous regions: 10->10
[25.478s][info][gc,metaspace   ] GC(119) Metaspace: 59353K(60288K)->59353K(60288K) NonClass: 51830K(52352K)->51830K(52352K) Class: 7523K(7936K)->7523K(7936K)
[25.478s][info][gc             ] GC(119) Pause Young (Normal) (G1 Evacuation Pause) 315M->115M(357M) 8.153ms
[25.478s][info][gc,cpu         ] GC(119) User=0.13s Sys=0.00s Real=0.02s
[25.548s][info][gc,start       ] GC(120) Pause Young (Normal) (G1 Evacuation Pause)
[25.548s][info][gc,task        ] GC(120) Using 8 workers of 33 for evacuation
[25.561s][info][gc,phases      ] GC(120)   Pre Evacuate Collection Set: 0.1ms
[25.561s][info][gc,phases      ] GC(120)   Merge Heap Roots: 0.1ms
[25.561s][info][gc,phases      ] GC(120)   Evacuate Collection Set: 11.1ms
[25.561s][info][gc,phases      ] GC(120)   Post Evacuate Collection Set: 0.7ms
[25.561s][info][gc,phases      ] GC(120)   Other: 0.2ms
[25.561s][info][gc,heap        ] GC(120) Eden regions: 201->0(184)
[25.561s][info][gc,heap        ] GC(120) Survivor regions: 13->22(27)
[25.561s][info][gc,heap        ] GC(120) Old regions: 98->98
[25.561s][info][gc,heap        ] GC(120) Archive regions: 0->0
[25.561s][info][gc,heap        ] GC(120) Humongous regions: 12->12
[25.561s][info][gc,metaspace   ] GC(120) Metaspace: 59353K(60288K)->59353K(60288K) NonClass: 51830K(52352K)->51830K(52352K) Class: 7523K(7936K)->7523K(7936K)
[25.561s][info][gc             ] GC(120) Pause Young (Normal) (G1 Evacuation Pause) 318M->125M(357M) 12.627ms
[25.561s][info][gc,cpu         ] GC(120) User=0.13s Sys=0.00s Real=0.02s
[25.620s][info][gc,start       ] GC(121) Pause Young (Normal) (G1 Evacuation Pause)
[25.620s][info][gc,task        ] GC(121) Using 8 workers of 33 for evacuation
[25.636s][info][gc,phases      ] GC(121)   Pre Evacuate Collection Set: 0.1ms
[25.636s][info][gc,phases      ] GC(121)   Merge Heap Roots: 0.1ms
[25.636s][info][gc,phases      ] GC(121)   Evacuate Collection Set: 14.7ms
[25.636s][info][gc,phases      ] GC(121)   Post Evacuate Collection Set: 0.8ms
[25.636s][info][gc,phases      ] GC(121)   Other: 0.2ms
[25.636s][info][gc,heap        ] GC(121) Eden regions: 184->0(202)
[25.636s][info][gc,heap        ] GC(121) Survivor regions: 22->17(26)
[25.636s][info][gc,heap        ] GC(121) Old regions: 98->111
[25.636s][info][gc,heap        ] GC(121) Archive regions: 0->0
[25.636s][info][gc,heap        ] GC(121) Humongous regions: 15->15
[25.636s][info][gc,metaspace   ] GC(121) Metaspace: 59353K(60288K)->59353K(60288K) NonClass: 51830K(52352K)->51830K(52352K) Class: 7523K(7936K)->7523K(7936K)
[25.636s][info][gc             ] GC(121) Pause Young (Normal) (G1 Evacuation Pause) 312M->137M(382M) 16.307ms
[25.636s][info][gc,cpu         ] GC(121) User=0.13s Sys=0.00s Real=0.02s
[25.704s][info][gc,start       ] GC(122) Pause Young (Normal) (G1 Evacuation Pause)
[25.704s][info][gc,task        ] GC(122) Using 9 workers of 33 for evacuation
[25.716s][info][gc,phases      ] GC(122)   Pre Evacuate Collection Set: 0.1ms
[25.716s][info][gc,phases      ] GC(122)   Merge Heap Roots: 0.1ms
[25.716s][info][gc,phases      ] GC(122)   Evacuate Collection Set: 11.3ms
[25.716s][info][gc,phases      ] GC(122)   Post Evacuate Collection Set: 0.4ms
[25.717s][info][gc,phases      ] GC(122)   Other: 0.2ms
[25.717s][info][gc,heap        ] GC(122) Eden regions: 202->0(192)
[25.717s][info][gc,heap        ] GC(122) Survivor regions: 17->17(28)
[25.717s][info][gc,heap        ] GC(122) Old regions: 111->121
[25.717s][info][gc,heap        ] GC(122) Archive regions: 0->0
[25.717s][info][gc,heap        ] GC(122) Humongous regions: 15->15
[25.717s][info][gc,metaspace   ] GC(122) Metaspace: 59353K(60288K)->59353K(60288K) NonClass: 51830K(52352K)->51830K(52352K) Class: 7523K(7936K)->7523K(7936K)
[25.717s][info][gc             ] GC(122) Pause Young (Normal) (G1 Evacuation Pause) 339M->146M(382M) 12.472ms
[25.717s][info][gc,cpu         ] GC(122) User=0.14s Sys=0.00s Real=0.02s
[25.789s][info][gc,start       ] GC(123) Pause Young (Normal) (G1 Evacuation Pause)
[25.789s][info][gc,task        ] GC(123) Using 9 workers of 33 for evacuation
[25.798s][info][gc,phases      ] GC(123)   Pre Evacuate Collection Set: 0.1ms
[25.798s][info][gc,phases      ] GC(123)   Merge Heap Roots: 0.1ms
[25.798s][info][gc,phases      ] GC(123)   Evacuate Collection Set: 8.3ms
[25.798s][info][gc,phases      ] GC(123)   Post Evacuate Collection Set: 0.4ms
[25.798s][info][gc,phases      ] GC(123)   Other: 0.1ms
[25.798s][info][gc,heap        ] GC(123) Eden regions: 192->0(192)
[25.798s][info][gc,heap        ] GC(123) Survivor regions: 17->13(27)
[25.798s][info][gc,heap        ] GC(123) Old regions: 121->129
[25.798s][info][gc,heap        ] GC(123) Archive regions: 0->0
[25.798s][info][gc,heap        ] GC(123) Humongous regions: 15->15
[25.798s][info][gc,metaspace   ] GC(123) Metaspace: 59359K(60288K)->59359K(60288K) NonClass: 51835K(52352K)->51835K(52352K) Class: 7524K(7936K)->7524K(7936K)
[25.798s][info][gc             ] GC(123) Pause Young (Normal) (G1 Evacuation Pause) 338M->150M(382M) 9.514ms
[25.798s][info][gc,cpu         ] GC(123) User=0.00s Sys=0.00s Real=0.00s
[25.866s][info][gc,start       ] GC(124) Pause Young (Normal) (G1 Evacuation Pause)
[25.866s][info][gc,task        ] GC(124) Using 9 workers of 33 for evacuation
[25.872s][info][gc,phases      ] GC(124)   Pre Evacuate Collection Set: 0.1ms
[25.872s][info][gc,phases      ] GC(124)   Merge Heap Roots: 0.1ms
[25.872s][info][gc,phases      ] GC(124)   Evacuate Collection Set: 4.9ms
[25.872s][info][gc,phases      ] GC(124)   Post Evacuate Collection Set: 0.4ms
[25.872s][info][gc,phases      ] GC(124)   Other: 0.1ms
[25.872s][info][gc,heap        ] GC(124) Eden regions: 192->0(192)
[25.872s][info][gc,heap        ] GC(124) Survivor regions: 13->13(26)
[25.872s][info][gc,heap        ] GC(124) Old regions: 129->129
[25.872s][info][gc,heap        ] GC(124) Archive regions: 0->0
[25.872s][info][gc,heap        ] GC(124) Humongous regions: 15->15
[25.872s][info][gc,metaspace   ] GC(124) Metaspace: 59359K(60288K)->59359K(60288K) NonClass: 51835K(52352K)->51835K(52352K) Class: 7524K(7936K)->7524K(7936K)
[25.872s][info][gc             ] GC(124) Pause Young (Normal) (G1 Evacuation Pause) 342M->150M(382M) 6.100ms
[25.872s][info][gc,cpu         ] GC(124) User=0.00s Sys=0.00s Real=0.00s
[25.952s][info][gc,start       ] GC(125) Pause Young (Normal) (G1 Evacuation Pause)
[25.952s][info][gc,task        ] GC(125) Using 9 workers of 33 for evacuation
[25.958s][info][gc,phases      ] GC(125)   Pre Evacuate Collection Set: 0.1ms
[25.958s][info][gc,phases      ] GC(125)   Merge Heap Roots: 0.1ms
[25.958s][info][gc,phases      ] GC(125)   Evacuate Collection Set: 4.9ms
[25.958s][info][gc,phases      ] GC(125)   Post Evacuate Collection Set: 0.4ms
[25.958s][info][gc,phases      ] GC(125)   Other: 0.1ms
[25.958s][info][gc,heap        ] GC(125) Eden regions: 192->0(192)
[25.958s][info][gc,heap        ] GC(125) Survivor regions: 13->13(26)
[25.958s][info][gc,heap        ] GC(125) Old regions: 129->129
[25.958s][info][gc,heap        ] GC(125) Archive regions: 0->0
[25.958s][info][gc,heap        ] GC(125) Humongous regions: 15->15
[25.958s][info][gc,metaspace   ] GC(125) Metaspace: 59359K(60288K)->59359K(60288K) NonClass: 51835K(52352K)->51835K(52352K) Class: 7524K(7936K)->7524K(7936K)
[25.958s][info][gc             ] GC(125) Pause Young (Normal) (G1 Evacuation Pause) 342M->150M(382M) 6.066ms
[25.958s][info][gc,cpu         ] GC(125) User=0.14s Sys=0.00s Real=0.02s
[26.021s][info][gc,start       ] GC(126) Pause Young (Normal) (G1 Evacuation Pause)
[26.021s][info][gc,task        ] GC(126) Using 9 workers of 33 for evacuation
[26.027s][info][gc,phases      ] GC(126)   Pre Evacuate Collection Set: 0.1ms
[26.027s][info][gc,phases      ] GC(126)   Merge Heap Roots: 0.1ms
[26.027s][info][gc,phases      ] GC(126)   Evacuate Collection Set: 4.9ms
[26.027s][info][gc,phases      ] GC(126)   Post Evacuate Collection Set: 0.4ms
[26.027s][info][gc,phases      ] GC(126)   Other: 0.1ms
[26.027s][info][gc,heap        ] GC(126) Eden regions: 192->0(192)
[26.027s][info][gc,heap        ] GC(126) Survivor regions: 13->13(26)
[26.027s][info][gc,heap        ] GC(126) Old regions: 129->129
[26.027s][info][gc,heap        ] GC(126) Archive regions: 0->0
[26.027s][info][gc,heap        ] GC(126) Humongous regions: 15->15
[26.027s][info][gc,metaspace   ] GC(126) Metaspace: 59359K(60288K)->59359K(60288K) NonClass: 51835K(52352K)->51835K(52352K) Class: 7524K(7936K)->7524K(7936K)
[26.027s][info][gc             ] GC(126) Pause Young (Normal) (G1 Evacuation Pause) 342M->150M(382M) 6.032ms
[26.027s][info][gc,cpu         ] GC(126) User=0.14s Sys=0.00s Real=0.02s
[26.108s][info][gc,start       ] GC(127) Pause Young (Normal) (G1 Evacuation Pause)
[26.108s][info][gc,task        ] GC(127) Using 9 workers of 33 for evacuation
[26.115s][info][gc,phases      ] GC(127)   Pre Evacuate Collection Set: 0.1ms
[26.115s][info][gc,phases      ] GC(127)   Merge Heap Roots: 0.1ms
[26.115s][info][gc,phases      ] GC(127)   Evacuate Collection Set: 5.1ms
[26.115s][info][gc,phases      ] GC(127)   Post Evacuate Collection Set: 0.9ms
[26.115s][info][gc,phases      ] GC(127)   Other: 0.2ms
[26.115s][info][gc,heap        ] GC(127) Eden regions: 192->0(210)
[26.115s][info][gc,heap        ] GC(127) Survivor regions: 13->14(26)
[26.115s][info][gc,heap        ] GC(127) Old regions: 129->129
[26.115s][info][gc,heap        ] GC(127) Archive regions: 0->0
[26.115s][info][gc,heap        ] GC(127) Humongous regions: 15->15
[26.115s][info][gc,metaspace   ] GC(127) Metaspace: 59366K(60288K)->59366K(60288K) NonClass: 51842K(52352K)->51842K(52352K) Class: 7524K(7936K)->7524K(7936K)
[26.115s][info][gc             ] GC(127) Pause Young (Normal) (G1 Evacuation Pause) 342M->150M(403M) 6.832ms
[26.115s][info][gc,cpu         ] GC(127) User=0.00s Sys=0.00s Real=0.00s
[26.257s][info][gc,start       ] GC(128) Pause Young (Normal) (G1 Evacuation Pause)
[26.257s][info][gc,task        ] GC(128) Using 9 workers of 33 for evacuation
[26.263s][info][gc,phases      ] GC(128)   Pre Evacuate Collection Set: 0.1ms
[26.264s][info][gc,phases      ] GC(128)   Merge Heap Roots: 0.1ms
[26.264s][info][gc,phases      ] GC(128)   Evacuate Collection Set: 5.3ms
[26.264s][info][gc,phases      ] GC(128)   Post Evacuate Collection Set: 0.4ms
[26.264s][info][gc,phases      ] GC(128)   Other: 0.2ms
[26.264s][info][gc,heap        ] GC(128) Eden regions: 210->0(210)
[26.264s][info][gc,heap        ] GC(128) Survivor regions: 14->14(28)
[26.264s][info][gc,heap        ] GC(128) Old regions: 129->129
[26.264s][info][gc,heap        ] GC(128) Archive regions: 0->0
[26.264s][info][gc,heap        ] GC(128) Humongous regions: 15->15
[26.264s][info][gc,metaspace   ] GC(128) Metaspace: 59366K(60288K)->59366K(60288K) NonClass: 51842K(52352K)->51842K(52352K) Class: 7524K(7936K)->7524K(7936K)
[26.264s][info][gc             ] GC(128) Pause Young (Normal) (G1 Evacuation Pause) 360M->150M(403M) 6.528ms
[26.264s][info][gc,cpu         ] GC(128) User=0.14s Sys=0.00s Real=0.02s
[26.396s][info][gc,start       ] GC(129) Pause Young (Normal) (G1 Evacuation Pause)
[26.396s][info][gc,task        ] GC(129) Using 9 workers of 33 for evacuation
[26.403s][info][gc,phases      ] GC(129)   Pre Evacuate Collection Set: 0.1ms
[26.403s][info][gc,phases      ] GC(129)   Merge Heap Roots: 0.1ms
[26.403s][info][gc,phases      ] GC(129)   Evacuate Collection Set: 5.4ms
[26.403s][info][gc,phases      ] GC(129)   Post Evacuate Collection Set: 0.4ms
[26.403s][info][gc,phases      ] GC(129)   Other: 0.1ms
[26.403s][info][gc,heap        ] GC(129) Eden regions: 210->0(210)
[26.403s][info][gc,heap        ] GC(129) Survivor regions: 14->14(28)
[26.403s][info][gc,heap        ] GC(129) Old regions: 129->129
[26.403s][info][gc,heap        ] GC(129) Archive regions: 0->0
[26.403s][info][gc,heap        ] GC(129) Humongous regions: 15->15
[26.403s][info][gc,metaspace   ] GC(129) Metaspace: 59366K(60288K)->59366K(60288K) NonClass: 51842K(52352K)->51842K(52352K) Class: 7524K(7936K)->7524K(7936K)
[26.403s][info][gc             ] GC(129) Pause Young (Normal) (G1 Evacuation Pause) 360M->150M(403M) 6.353ms
[26.403s][info][gc,cpu         ] GC(129) User=0.14s Sys=0.00s Real=0.02s
[26.549s][info][gc,start       ] GC(130) Pause Young (Normal) (G1 Evacuation Pause)
[26.549s][info][gc,task        ] GC(130) Using 9 workers of 33 for evacuation
[26.557s][info][gc,phases      ] GC(130)   Pre Evacuate Collection Set: 0.1ms
[26.557s][info][gc,phases      ] GC(130)   Merge Heap Roots: 0.1ms
[26.557s][info][gc,phases      ] GC(130)   Evacuate Collection Set: 6.7ms
[26.557s][info][gc,phases      ] GC(130)   Post Evacuate Collection Set: 0.5ms
[26.557s][info][gc,phases      ] GC(130)   Other: 0.1ms
[26.557s][info][gc,heap        ] GC(130) Eden regions: 210->0(210)
[26.557s][info][gc,heap        ] GC(130) Survivor regions: 14->14(28)
[26.557s][info][gc,heap        ] GC(130) Old regions: 129->129
[26.557s][info][gc,heap        ] GC(130) Archive regions: 0->0
[26.557s][info][gc,heap        ] GC(130) Humongous regions: 15->15
[26.557s][info][gc,metaspace   ] GC(130) Metaspace: 59366K(60288K)->59366K(60288K) NonClass: 51842K(52352K)->51842K(52352K) Class: 7524K(7936K)->7524K(7936K)
[26.557s][info][gc             ] GC(130) Pause Young (Normal) (G1 Evacuation Pause) 360M->150M(403M) 8.001ms
[26.557s][info][gc,cpu         ] GC(130) User=0.02s Sys=0.00s Real=0.02s
[26.694s][info][gc,start       ] GC(131) Pause Young (Normal) (G1 Evacuation Pause)
[26.694s][info][gc,task        ] GC(131) Using 9 workers of 33 for evacuation
[26.701s][info][gc,phases      ] GC(131)   Pre Evacuate Collection Set: 0.1ms
[26.701s][info][gc,phases      ] GC(131)   Merge Heap Roots: 0.1ms
[26.701s][info][gc,phases      ] GC(131)   Evacuate Collection Set: 6.7ms
[26.701s][info][gc,phases      ] GC(131)   Post Evacuate Collection Set: 0.4ms
[26.701s][info][gc,phases      ] GC(131)   Other: 0.1ms
[26.701s][info][gc,heap        ] GC(131) Eden regions: 210->0(212)
[26.701s][info][gc,heap        ] GC(131) Survivor regions: 14->13(28)
[26.701s][info][gc,heap        ] GC(131) Old regions: 129->129
[26.701s][info][gc,heap        ] GC(131) Archive regions: 0->0
[26.701s][info][gc,heap        ] GC(131) Humongous regions: 15->15
[26.701s][info][gc,metaspace   ] GC(131) Metaspace: 59366K(60288K)->59366K(60288K) NonClass: 51842K(52352K)->51842K(52352K) Class: 7524K(7936K)->7524K(7936K)
[26.701s][info][gc             ] GC(131) Pause Young (Normal) (G1 Evacuation Pause) 360M->150M(403M) 7.984ms
[26.702s][info][gc,cpu         ] GC(131) User=0.00s Sys=0.00s Real=0.00s
[26.779s][info][gc,start       ] GC(132) Pause Full (System.gc())
[26.779s][info][gc,task        ] GC(132) Using 9 workers of 33 for full compaction
[26.779s][info][gc,phases,start] GC(132) Phase 1: Mark live objects
[26.811s][info][gc,phases      ] GC(132) Phase 1: Mark live objects 31.142ms
[26.811s][info][gc,phases,start] GC(132) Phase 2: Prepare compaction
[26.815s][info][gc,phases      ] GC(132) Phase 2: Prepare compaction 4.661ms
[26.815s][info][gc,phases,start] GC(132) Phase 3: Adjust pointers
[26.822s][info][gc,phases      ] GC(132) Phase 3: Adjust pointers 6.683ms
[26.822s][info][gc,phases,start] GC(132) Phase 4: Compact heap
[26.823s][info][gc,phases      ] GC(132) Phase 4: Compact heap 0.652ms
[26.832s][info][gc,heap        ] GC(132) Eden regions: 56->0(214)
[26.832s][info][gc,heap        ] GC(132) Survivor regions: 13->0(28)
[26.832s][info][gc,heap        ] GC(132) Old regions: 129->98
[26.832s][info][gc,heap        ] GC(132) Archive regions: 0->0
[26.832s][info][gc,heap        ] GC(132) Humongous regions: 20->9
[26.832s][info][gc,metaspace   ] GC(132) Metaspace: 59395K(60288K)->59395K(60288K) NonClass: 51871K(52352K)->51871K(52352K) Class: 7524K(7936K)->7524K(7936K)
[26.832s][info][gc             ] GC(132) Pause Full (System.gc()) 210M->101M(357M) 53.486ms
[26.832s][info][gc,cpu         ] GC(132) User=0.44s Sys=0.00s Real=0.06s
[26.990s][info][gc,start       ] GC(133) Pause Young (Normal) (G1 Evacuation Pause)
[26.990s][info][gc,task        ] GC(133) Using 8 workers of 33 for evacuation
[26.995s][info][gc,phases      ] GC(133)   Pre Evacuate Collection Set: 0.2ms
[26.995s][info][gc,phases      ] GC(133)   Merge Heap Roots: 0.1ms
[26.995s][info][gc,phases      ] GC(133)   Evacuate Collection Set: 3.9ms
[26.995s][info][gc,phases      ] GC(133)   Post Evacuate Collection Set: 0.7ms
[26.995s][info][gc,phases      ] GC(133)   Other: 0.2ms
[26.995s][info][gc,heap        ] GC(133) Eden regions: 214->0(207)
[26.995s][info][gc,heap        ] GC(133) Survivor regions: 0->7(27)
[26.995s][info][gc,heap        ] GC(133) Old regions: 98->98
[26.995s][info][gc,heap        ] GC(133) Archive regions: 0->0
[26.995s][info][gc,heap        ] GC(133) Humongous regions: 19->9
[26.995s][info][gc,metaspace   ] GC(133) Metaspace: 59424K(60352K)->59424K(60352K) NonClass: 51900K(52416K)->51900K(52416K) Class: 7524K(7936K)->7524K(7936K)
[26.995s][info][gc             ] GC(133) Pause Young (Normal) (G1 Evacuation Pause) 325M->107M(357M) 5.525ms
[26.996s][info][gc,cpu         ] GC(133) User=0.00s Sys=0.00s Real=0.00s
[27.070s][info][gc,start       ] GC(134) Pause Young (Normal) (G1 Evacuation Pause)
[27.070s][info][gc,task        ] GC(134) Using 8 workers of 33 for evacuation
[27.080s][info][gc,phases      ] GC(134)   Pre Evacuate Collection Set: 0.1ms
[27.080s][info][gc,phases      ] GC(134)   Merge Heap Roots: 0.1ms
[27.080s][info][gc,phases      ] GC(134)   Evacuate Collection Set: 9.2ms
[27.080s][info][gc,phases      ] GC(134)   Post Evacuate Collection Set: 0.7ms
[27.080s][info][gc,phases      ] GC(134)   Other: 0.2ms
[27.080s][info][gc,heap        ] GC(134) Eden regions: 207->0(198)
[27.080s][info][gc,heap        ] GC(134) Survivor regions: 7->15(27)
[27.080s][info][gc,heap        ] GC(134) Old regions: 98->98
[27.080s][info][gc,heap        ] GC(134) Archive regions: 0->0
[27.080s][info][gc,heap        ] GC(134) Humongous regions: 12->12
[27.081s][info][gc,metaspace   ] GC(134) Metaspace: 59429K(60352K)->59429K(60352K) NonClass: 51905K(52416K)->51905K(52416K) Class: 7524K(7936K)->7524K(7936K)
[27.081s][info][gc             ] GC(134) Pause Young (Normal) (G1 Evacuation Pause) 317M->119M(357M) 10.773ms
[27.081s][info][gc,cpu         ] GC(134) User=0.13s Sys=0.00s Real=0.02s
[27.142s][info][gc,start       ] GC(135) Pause Young (Normal) (G1 Evacuation Pause)
[27.142s][info][gc,task        ] GC(135) Using 8 workers of 33 for evacuation
[27.154s][info][gc,phases      ] GC(135)   Pre Evacuate Collection Set: 0.1ms
[27.155s][info][gc,phases      ] GC(135)   Merge Heap Roots: 0.1ms
[27.155s][info][gc,phases      ] GC(135)   Evacuate Collection Set: 11.2ms
[27.155s][info][gc,phases      ] GC(135)   Post Evacuate Collection Set: 0.5ms
[27.155s][info][gc,phases      ] GC(135)   Other: 0.1ms
[27.155s][info][gc,heap        ] GC(135) Eden regions: 198->0(186)
[27.155s][info][gc,heap        ] GC(135) Survivor regions: 15->18(27)
[27.155s][info][gc,heap        ] GC(135) Old regions: 98->104
[27.155s][info][gc,heap        ] GC(135) Archive regions: 0->0
[27.155s][info][gc,heap        ] GC(135) Humongous regions: 12->12
[27.155s][info][gc,metaspace   ] GC(135) Metaspace: 59429K(60352K)->59429K(60352K) NonClass: 51905K(52416K)->51905K(52416K) Class: 7524K(7936K)->7524K(7936K)
[27.155s][info][gc             ] GC(135) Pause Young (Normal) (G1 Evacuation Pause) 317M->127M(357M) 12.524ms
[27.155s][info][gc,cpu         ] GC(135) User=0.13s Sys=0.00s Real=0.02s
[27.215s][info][gc,start       ] GC(136) Pause Young (Normal) (G1 Evacuation Pause)
[27.215s][info][gc,task        ] GC(136) Using 8 workers of 33 for evacuation
[27.229s][info][gc,phases      ] GC(136)   Pre Evacuate Collection Set: 0.1ms
[27.229s][info][gc,phases      ] GC(136)   Merge Heap Roots: 0.1ms
[27.229s][info][gc,phases      ] GC(136)   Evacuate Collection Set: 12.9ms
[27.229s][info][gc,phases      ] GC(136)   Post Evacuate Collection Set: 0.4ms
[27.229s][info][gc,phases      ] GC(136)   Other: 0.2ms
[27.229s][info][gc,heap        ] GC(136) Eden regions: 186->0(178)
[27.229s][info][gc,heap        ] GC(136) Survivor regions: 18->16(26)
[27.229s][info][gc,heap        ] GC(136) Old regions: 104->113
[27.229s][info][gc,heap        ] GC(136) Archive regions: 0->0
[27.229s][info][gc,heap        ] GC(136) Humongous regions: 15->15
[27.229s][info][gc,metaspace   ] GC(136) Metaspace: 59429K(60352K)->59429K(60352K) NonClass: 51905K(52416K)->51905K(52416K) Class: 7524K(7936K)->7524K(7936K)
[27.229s][info][gc             ] GC(136) Pause Young (Normal) (G1 Evacuation Pause) 316M->137M(357M) 14.061ms
[27.229s][info][gc,cpu         ] GC(136) User=0.13s Sys=0.00s Real=0.02s
[27.285s][info][gc,start       ] GC(137) Pause Young (Normal) (G1 Evacuation Pause)
[27.286s][info][gc,task        ] GC(137) Using 8 workers of 33 for evacuation
[27.300s][info][gc,phases      ] GC(137)   Pre Evacuate Collection Set: 0.1ms
[27.300s][info][gc,phases      ] GC(137)   Merge Heap Roots: 0.1ms
[27.300s][info][gc,phases      ] GC(137)   Evacuate Collection Set: 13.2ms
[27.300s][info][gc,phases      ] GC(137)   Post Evacuate Collection Set: 0.9ms
[27.300s][info][gc,phases      ] GC(137)   Other: 0.1ms
[27.300s][info][gc,heap        ] GC(137) Eden regions: 178->0(204)
[27.300s][info][gc,heap        ] GC(137) Survivor regions: 16->16(25)
[27.300s][info][gc,heap        ] GC(137) Old regions: 113->121
[27.300s][info][gc,heap        ] GC(137) Archive regions: 0->0
[27.300s][info][gc,heap        ] GC(137) Humongous regions: 15->15
[27.300s][info][gc,metaspace   ] GC(137) Metaspace: 59429K(60352K)->59429K(60352K) NonClass: 51905K(52416K)->51905K(52416K) Class: 7524K(7936K)->7524K(7936K)
[27.300s][info][gc             ] GC(137) Pause Young (Normal) (G1 Evacuation Pause) 315M->146M(393M) 14.953ms
[27.300s][info][gc,cpu         ] GC(137) User=0.13s Sys=0.00s Real=0.02s
[27.379s][info][gc,start       ] GC(138) Pause Young (Normal) (G1 Evacuation Pause)
[27.379s][info][gc,task        ] GC(138) Using 9 workers of 33 for evacuation
[27.388s][info][gc,phases      ] GC(138)   Pre Evacuate Collection Set: 0.1ms
[27.388s][info][gc,phases      ] GC(138)   Merge Heap Roots: 0.1ms
[27.388s][info][gc,phases      ] GC(138)   Evacuate Collection Set: 8.2ms
[27.388s][info][gc,phases      ] GC(138)   Post Evacuate Collection Set: 0.4ms
[27.388s][info][gc,phases      ] GC(138)   Other: 0.1ms
[27.388s][info][gc,heap        ] GC(138) Eden regions: 204->0(202)
[27.388s][info][gc,heap        ] GC(138) Survivor regions: 16->13(28)
[27.388s][info][gc,heap        ] GC(138) Old regions: 121->129
[27.388s][info][gc,heap        ] GC(138) Archive regions: 0->0
[27.388s][info][gc,heap        ] GC(138) Humongous regions: 15->15
[27.388s][info][gc,metaspace   ] GC(138) Metaspace: 59437K(60352K)->59437K(60352K) NonClass: 51913K(52416K)->51913K(52416K) Class: 7524K(7936K)->7524K(7936K)
[27.388s][info][gc             ] GC(138) Pause Young (Normal) (G1 Evacuation Pause) 350M->150M(393M) 9.143ms
[27.388s][info][gc,cpu         ] GC(138) User=0.14s Sys=0.00s Real=0.02s
[27.462s][info][gc,start       ] GC(139) Pause Young (Normal) (G1 Evacuation Pause)
[27.462s][info][gc,task        ] GC(139) Using 9 workers of 33 for evacuation
[27.468s][info][gc,phases      ] GC(139)   Pre Evacuate Collection Set: 0.1ms
[27.468s][info][gc,phases      ] GC(139)   Merge Heap Roots: 0.1ms
[27.468s][info][gc,phases      ] GC(139)   Evacuate Collection Set: 5.0ms
[27.468s][info][gc,phases      ] GC(139)   Post Evacuate Collection Set: 0.4ms
[27.468s][info][gc,phases      ] GC(139)   Other: 0.2ms
[27.468s][info][gc,heap        ] GC(139) Eden regions: 202->0(202)
[27.468s][info][gc,heap        ] GC(139) Survivor regions: 13->13(27)
[27.468s][info][gc,heap        ] GC(139) Old regions: 129->129
[27.468s][info][gc,heap        ] GC(139) Archive regions: 0->0
[27.468s][info][gc,heap        ] GC(139) Humongous regions: 15->15
[27.468s][info][gc,metaspace   ] GC(139) Metaspace: 59437K(60352K)->59437K(60352K) NonClass: 51913K(52416K)->51913K(52416K) Class: 7524K(7936K)->7524K(7936K)
[27.468s][info][gc             ] GC(139) Pause Young (Normal) (G1 Evacuation Pause) 352M->150M(393M) 6.295ms
[27.468s][info][gc,cpu         ] GC(139) User=0.00s Sys=0.00s Real=0.00s
[27.542s][info][gc,start       ] GC(140) Pause Young (Normal) (G1 Evacuation Pause)
[27.542s][info][gc,task        ] GC(140) Using 9 workers of 33 for evacuation
[27.548s][info][gc,phases      ] GC(140)   Pre Evacuate Collection Set: 0.1ms
[27.548s][info][gc,phases      ] GC(140)   Merge Heap Roots: 0.1ms
[27.548s][info][gc,phases      ] GC(140)   Evacuate Collection Set: 4.8ms
[27.548s][info][gc,phases      ] GC(140)   Post Evacuate Collection Set: 0.4ms
[27.548s][info][gc,phases      ] GC(140)   Other: 0.1ms
[27.548s][info][gc,heap        ] GC(140) Eden regions: 202->0(204)
[27.548s][info][gc,heap        ] GC(140) Survivor regions: 13->12(27)
[27.548s][info][gc,heap        ] GC(140) Old regions: 129->129
[27.548s][info][gc,heap        ] GC(140) Archive regions: 0->0
[27.548s][info][gc,heap        ] GC(140) Humongous regions: 15->15
[27.548s][info][gc,metaspace   ] GC(140) Metaspace: 59437K(60352K)->59437K(60352K) NonClass: 51913K(52416K)->51913K(52416K) Class: 7524K(7936K)->7524K(7936K)
[27.548s][info][gc             ] GC(140) Pause Young (Normal) (G1 Evacuation Pause) 352M->150M(393M) 6.038ms
[27.548s][info][gc,cpu         ] GC(140) User=0.00s Sys=0.00s Real=0.00s
[27.615s][info][gc,start       ] GC(141) Pause Young (Normal) (G1 Evacuation Pause)
[27.615s][info][gc,task        ] GC(141) Using 9 workers of 33 for evacuation
[27.621s][info][gc,phases      ] GC(141)   Pre Evacuate Collection Set: 0.1ms
[27.621s][info][gc,phases      ] GC(141)   Merge Heap Roots: 0.1ms
[27.621s][info][gc,phases      ] GC(141)   Evacuate Collection Set: 4.9ms
[27.621s][info][gc,phases      ] GC(141)   Post Evacuate Collection Set: 0.4ms
[27.621s][info][gc,phases      ] GC(141)   Other: 0.1ms
[27.621s][info][gc,heap        ] GC(141) Eden regions: 204->0(202)
[27.621s][info][gc,heap        ] GC(141) Survivor regions: 12->13(27)
[27.621s][info][gc,heap        ] GC(141) Old regions: 129->129
[27.621s][info][gc,heap        ] GC(141) Archive regions: 0->0
[27.621s][info][gc,heap        ] GC(141) Humongous regions: 15->15
[27.621s][info][gc,metaspace   ] GC(141) Metaspace: 59437K(60352K)->59437K(60352K) NonClass: 51913K(52416K)->51913K(52416K) Class: 7524K(7936K)->7524K(7936K)
[27.621s][info][gc             ] GC(141) Pause Young (Normal) (G1 Evacuation Pause) 354M->150M(393M) 6.070ms
[27.621s][info][gc,cpu         ] GC(141) User=0.14s Sys=0.00s Real=0.02s
[27.714s][info][gc,start       ] GC(142) Pause Young (Normal) (G1 Evacuation Pause)
[27.745s][info][gc,task        ] GC(142) Using 9 workers of 33 for evacuation
[27.780s][info][gc,phases      ] GC(142)   Pre Evacuate Collection Set: 0.1ms
[27.780s][info][gc,phases      ] GC(142)   Merge Heap Roots: 0.1ms
[27.780s][info][gc,phases      ] GC(142)   Evacuate Collection Set: 6.7ms
[27.780s][info][gc,phases      ] GC(142)   Post Evacuate Collection Set: 0.6ms
[27.780s][info][gc,phases      ] GC(142)   Other: 27.9ms
[27.780s][info][gc,heap        ] GC(142) Eden regions: 202->0(204)
[27.780s][info][gc,heap        ] GC(142) Survivor regions: 13->12(27)
[27.780s][info][gc,heap        ] GC(142) Old regions: 129->129
[27.780s][info][gc,heap        ] GC(142) Archive regions: 0->0
[27.780s][info][gc,heap        ] GC(142) Humongous regions: 15->15
[27.780s][info][gc,metaspace   ] GC(142) Metaspace: 59440K(60352K)->59440K(60352K) NonClass: 51916K(52416K)->51916K(52416K) Class: 7524K(7936K)->7524K(7936K)
[27.780s][info][gc             ] GC(142) Pause Young (Normal) (G1 Evacuation Pause) 352M->149M(393M) 66.587ms
[27.780s][info][gc,cpu         ] GC(142) User=0.14s Sys=0.00s Real=0.06s
[27.942s][info][gc,start       ] GC(143) Pause Young (Normal) (G1 Evacuation Pause)
[27.942s][info][gc,task        ] GC(143) Using 9 workers of 33 for evacuation
[27.948s][info][gc,phases      ] GC(143)   Pre Evacuate Collection Set: 0.1ms
[27.948s][info][gc,phases      ] GC(143)   Merge Heap Roots: 0.1ms
[27.948s][info][gc,phases      ] GC(143)   Evacuate Collection Set: 5.1ms
[27.948s][info][gc,phases      ] GC(143)   Post Evacuate Collection Set: 0.4ms
[27.948s][info][gc,phases      ] GC(143)   Other: 0.1ms
[27.948s][info][gc,heap        ] GC(143) Eden regions: 204->0(202)
[27.948s][info][gc,heap        ] GC(143) Survivor regions: 12->13(27)
[27.948s][info][gc,heap        ] GC(143) Old regions: 129->129
[27.948s][info][gc,heap        ] GC(143) Archive regions: 0->0
[27.948s][info][gc,heap        ] GC(143) Humongous regions: 15->15
[27.948s][info][gc,metaspace   ] GC(143) Metaspace: 59440K(60352K)->59440K(60352K) NonClass: 51916K(52416K)->51916K(52416K) Class: 7524K(7936K)->7524K(7936K)
[27.948s][info][gc             ] GC(143) Pause Young (Normal) (G1 Evacuation Pause) 353M->151M(393M) 6.362ms
[27.948s][info][gc,cpu         ] GC(143) User=0.00s Sys=0.00s Real=0.00s
[28.076s][info][gc,start       ] GC(144) Pause Young (Normal) (G1 Evacuation Pause)
[28.076s][info][gc,task        ] GC(144) Using 9 workers of 33 for evacuation
[28.082s][info][gc,phases      ] GC(144)   Pre Evacuate Collection Set: 0.1ms
[28.082s][info][gc,phases      ] GC(144)   Merge Heap Roots: 0.1ms
[28.082s][info][gc,phases      ] GC(144)   Evacuate Collection Set: 5.1ms
[28.082s][info][gc,phases      ] GC(144)   Post Evacuate Collection Set: 0.4ms
[28.082s][info][gc,phases      ] GC(144)   Other: 0.1ms
[28.082s][info][gc,heap        ] GC(144) Eden regions: 202->0(202)
[28.082s][info][gc,heap        ] GC(144) Survivor regions: 13->13(27)
[28.082s][info][gc,heap        ] GC(144) Old regions: 129->129
[28.082s][info][gc,heap        ] GC(144) Archive regions: 0->0
[28.082s][info][gc,heap        ] GC(144) Humongous regions: 15->15
[28.082s][info][gc,metaspace   ] GC(144) Metaspace: 59440K(60352K)->59440K(60352K) NonClass: 51916K(52416K)->51916K(52416K) Class: 7524K(7936K)->7524K(7936K)
[28.082s][info][gc             ] GC(144) Pause Young (Normal) (G1 Evacuation Pause) 353M->150M(393M) 6.280ms
[28.082s][info][gc,cpu         ] GC(144) User=0.14s Sys=0.00s Real=0.02s
[28.209s][info][gc,start       ] GC(145) Pause Young (Normal) (G1 Evacuation Pause)
[28.209s][info][gc,task        ] GC(145) Using 9 workers of 33 for evacuation
[28.215s][info][gc,phases      ] GC(145)   Pre Evacuate Collection Set: 0.1ms
[28.215s][info][gc,phases      ] GC(145)   Merge Heap Roots: 0.1ms
[28.215s][info][gc,phases      ] GC(145)   Evacuate Collection Set: 5.1ms
[28.215s][info][gc,phases      ] GC(145)   Post Evacuate Collection Set: 0.4ms
[28.215s][info][gc,phases      ] GC(145)   Other: 0.1ms
[28.215s][info][gc,heap        ] GC(145) Eden regions: 202->0(202)
[28.215s][info][gc,heap        ] GC(145) Survivor regions: 13->13(27)
[28.215s][info][gc,heap        ] GC(145) Old regions: 129->129
[28.215s][info][gc,heap        ] GC(145) Archive regions: 0->0
[28.215s][info][gc,heap        ] GC(145) Humongous regions: 15->15
[28.215s][info][gc,metaspace   ] GC(145) Metaspace: 59440K(60352K)->59440K(60352K) NonClass: 51916K(52416K)->51916K(52416K) Class: 7524K(7936K)->7524K(7936K)
[28.215s][info][gc             ] GC(145) Pause Young (Normal) (G1 Evacuation Pause) 352M->150M(393M) 6.356ms
[28.215s][info][gc,cpu         ] GC(145) User=0.00s Sys=0.00s Real=0.00s
[28.343s][info][gc,start       ] GC(146) Pause Young (Normal) (G1 Evacuation Pause)
[28.343s][info][gc,task        ] GC(146) Using 9 workers of 33 for evacuation
[28.350s][info][gc,phases      ] GC(146)   Pre Evacuate Collection Set: 0.1ms
[28.350s][info][gc,phases      ] GC(146)   Merge Heap Roots: 0.1ms
[28.350s][info][gc,phases      ] GC(146)   Evacuate Collection Set: 6.6ms
[28.350s][info][gc,phases      ] GC(146)   Post Evacuate Collection Set: 0.4ms
[28.350s][info][gc,phases      ] GC(146)   Other: 0.1ms
[28.350s][info][gc,heap        ] GC(146) Eden regions: 202->0(204)
[28.350s][info][gc,heap        ] GC(146) Survivor regions: 13->12(27)
[28.350s][info][gc,heap        ] GC(146) Old regions: 129->129
[28.350s][info][gc,heap        ] GC(146) Archive regions: 0->0
[28.350s][info][gc,heap        ] GC(146) Humongous regions: 15->15
[28.350s][info][gc,metaspace   ] GC(146) Metaspace: 59440K(60352K)->59440K(60352K) NonClass: 51916K(52416K)->51916K(52416K) Class: 7524K(7936K)->7524K(7936K)
[28.350s][info][gc             ] GC(146) Pause Young (Normal) (G1 Evacuation Pause) 352M->150M(393M) 7.745ms
[28.350s][info][gc,cpu         ] GC(146) User=0.00s Sys=0.02s Real=0.02s
[28.420s][info][gc,start       ] GC(147) Pause Full (System.gc())
[28.420s][info][gc,task        ] GC(147) Using 9 workers of 33 for full compaction
[28.420s][info][gc,phases,start] GC(147) Phase 1: Mark live objects
[28.450s][info][gc,phases      ] GC(147) Phase 1: Mark live objects 29.599ms
[28.450s][info][gc,phases,start] GC(147) Phase 2: Prepare compaction
[28.454s][info][gc,phases      ] GC(147) Phase 2: Prepare compaction 4.519ms
[28.454s][info][gc,phases,start] GC(147) Phase 3: Adjust pointers
[28.461s][info][gc,phases      ] GC(147) Phase 3: Adjust pointers 6.767ms
[28.461s][info][gc,phases,start] GC(147) Phase 4: Compact heap
[28.462s][info][gc,phases      ] GC(147) Phase 4: Compact heap 0.366ms
[28.468s][info][gc,heap        ] GC(147) Eden regions: 58->0(214)
[28.468s][info][gc,heap        ] GC(147) Survivor regions: 12->0(27)
[28.468s][info][gc,heap        ] GC(147) Old regions: 129->98
[28.468s][info][gc,heap        ] GC(147) Archive regions: 0->0
[28.468s][info][gc,heap        ] GC(147) Humongous regions: 20->9
[28.468s][info][gc,metaspace   ] GC(147) Metaspace: 59464K(60352K)->59464K(60352K) NonClass: 51939K(52416K)->51939K(52416K) Class: 7524K(7936K)->7524K(7936K)
[28.468s][info][gc             ] GC(147) Pause Full (System.gc()) 212M->101M(357M) 48.108ms
[28.468s][info][gc,cpu         ] GC(147) User=0.17s Sys=0.00s Real=0.05s
[28.622s][info][gc,start       ] GC(148) Pause Young (Normal) (G1 Evacuation Pause)
[28.623s][info][gc,task        ] GC(148) Using 8 workers of 33 for evacuation
[28.628s][info][gc,phases      ] GC(148)   Pre Evacuate Collection Set: 0.2ms
[28.628s][info][gc,phases      ] GC(148)   Merge Heap Roots: 0.1ms
[28.628s][info][gc,phases      ] GC(148)   Evacuate Collection Set: 4.1ms
[28.628s][info][gc,phases      ] GC(148)   Post Evacuate Collection Set: 0.7ms
[28.628s][info][gc,phases      ] GC(148)   Other: 0.2ms
[28.628s][info][gc,heap        ] GC(148) Eden regions: 214->0(207)
[28.628s][info][gc,heap        ] GC(148) Survivor regions: 0->7(27)
[28.628s][info][gc,heap        ] GC(148) Old regions: 98->98
[28.628s][info][gc,heap        ] GC(148) Archive regions: 0->0
[28.628s][info][gc,heap        ] GC(148) Humongous regions: 19->9
[28.628s][info][gc,metaspace   ] GC(148) Metaspace: 59528K(60416K)->59528K(60416K) NonClass: 52002K(52480K)->52002K(52480K) Class: 7525K(7936K)->7525K(7936K)
[28.628s][info][gc             ] GC(148) Pause Young (Normal) (G1 Evacuation Pause) 325M->108M(357M) 5.756ms
[28.628s][info][gc,cpu         ] GC(148) User=0.00s Sys=0.00s Real=0.00s
[28.695s][info][gc,start       ] GC(149) Pause Young (Normal) (G1 Evacuation Pause)
[28.696s][info][gc,task        ] GC(149) Using 8 workers of 33 for evacuation
[28.706s][info][gc,phases      ] GC(149)   Pre Evacuate Collection Set: 0.1ms
[28.706s][info][gc,phases      ] GC(149)   Merge Heap Roots: 0.1ms
[28.706s][info][gc,phases      ] GC(149)   Evacuate Collection Set: 9.2ms
[28.706s][info][gc,phases      ] GC(149)   Post Evacuate Collection Set: 0.8ms
[28.706s][info][gc,phases      ] GC(149)   Other: 0.2ms
[28.706s][info][gc,heap        ] GC(149) Eden regions: 207->0(203)
[28.706s][info][gc,heap        ] GC(149) Survivor regions: 7->15(27)
[28.706s][info][gc,heap        ] GC(149) Old regions: 98->98
[28.706s][info][gc,heap        ] GC(149) Archive regions: 0->0
[28.706s][info][gc,heap        ] GC(149) Humongous regions: 12->12
[28.706s][info][gc,metaspace   ] GC(149) Metaspace: 59534K(60416K)->59534K(60416K) NonClass: 52009K(52480K)->52009K(52480K) Class: 7525K(7936K)->7525K(7936K)
[28.706s][info][gc             ] GC(149) Pause Young (Normal) (G1 Evacuation Pause) 318M->119M(364M) 10.981ms
[28.706s][info][gc,cpu         ] GC(149) User=0.13s Sys=0.00s Real=0.02s
[28.771s][info][gc,start       ] GC(150) Pause Young (Normal) (G1 Evacuation Pause)
[28.771s][info][gc,task        ] GC(150) Using 8 workers of 33 for evacuation
[28.783s][info][gc,phases      ] GC(150)   Pre Evacuate Collection Set: 0.1ms
[28.783s][info][gc,phases      ] GC(150)   Merge Heap Roots: 0.1ms
[28.783s][info][gc,phases      ] GC(150)   Evacuate Collection Set: 11.1ms
[28.783s][info][gc,phases      ] GC(150)   Post Evacuate Collection Set: 0.7ms
[28.783s][info][gc,phases      ] GC(150)   Other: 0.2ms
[28.783s][info][gc,heap        ] GC(150) Eden regions: 203->0(189)
[28.783s][info][gc,heap        ] GC(150) Survivor regions: 15->23(28)
[28.783s][info][gc,heap        ] GC(150) Old regions: 98->98
[28.783s][info][gc,heap        ] GC(150) Archive regions: 0->0
[28.784s][info][gc,heap        ] GC(150) Humongous regions: 12->12
[28.784s][info][gc,metaspace   ] GC(150) Metaspace: 59534K(60416K)->59534K(60416K) NonClass: 52009K(52480K)->52009K(52480K) Class: 7525K(7936K)->7525K(7936K)
[28.784s][info][gc             ] GC(150) Pause Young (Normal) (G1 Evacuation Pause) 322M->127M(364M) 12.596ms
[28.784s][info][gc,cpu         ] GC(150) User=0.13s Sys=0.00s Real=0.01s
[28.843s][info][gc,start       ] GC(151) Pause Young (Normal) (G1 Evacuation Pause)
[28.843s][info][gc,task        ] GC(151) Using 8 workers of 33 for evacuation
[28.858s][info][gc,phases      ] GC(151)   Pre Evacuate Collection Set: 0.1ms
[28.858s][info][gc,phases      ] GC(151)   Merge Heap Roots: 0.1ms
[28.858s][info][gc,phases      ] GC(151)   Evacuate Collection Set: 14.2ms
[28.858s][info][gc,phases      ] GC(151)   Post Evacuate Collection Set: 0.3ms
[28.858s][info][gc,phases      ] GC(151)   Other: 0.2ms
[28.858s][info][gc,heap        ] GC(151) Eden regions: 189->0(182)
[28.858s][info][gc,heap        ] GC(151) Survivor regions: 23->18(27)
[28.858s][info][gc,heap        ] GC(151) Old regions: 98->112
[28.858s][info][gc,heap        ] GC(151) Archive regions: 0->0
[28.858s][info][gc,heap        ] GC(151) Humongous regions: 15->15
[28.858s][info][gc,metaspace   ] GC(151) Metaspace: 59534K(60416K)->59534K(60416K) NonClass: 52009K(52480K)->52009K(52480K) Class: 7525K(7936K)->7525K(7936K)
[28.859s][info][gc             ] GC(151) Pause Young (Normal) (G1 Evacuation Pause) 319M->138M(364M) 15.391ms
[28.859s][info][gc,cpu         ] GC(151) User=0.13s Sys=0.00s Real=0.01s
[28.916s][info][gc,start       ] GC(152) Pause Young (Normal) (G1 Evacuation Pause)
[28.916s][info][gc,task        ] GC(152) Using 8 workers of 33 for evacuation
[28.927s][info][gc,phases      ] GC(152)   Pre Evacuate Collection Set: 0.1ms
[28.927s][info][gc,phases      ] GC(152)   Merge Heap Roots: 0.1ms
[28.927s][info][gc,phases      ] GC(152)   Evacuate Collection Set: 10.9ms
[28.927s][info][gc,phases      ] GC(152)   Post Evacuate Collection Set: 0.4ms
[28.927s][info][gc,phases      ] GC(152)   Other: 0.1ms
[28.927s][info][gc,heap        ] GC(152) Eden regions: 182->0(177)
[28.927s][info][gc,heap        ] GC(152) Survivor regions: 18->16(25)
[28.928s][info][gc,heap        ] GC(152) Old regions: 112->121
[28.928s][info][gc,heap        ] GC(152) Archive regions: 0->0
[28.928s][info][gc,heap        ] GC(152) Humongous regions: 15->15
[28.928s][info][gc,metaspace   ] GC(152) Metaspace: 59534K(60416K)->59534K(60416K) NonClass: 52009K(52480K)->52009K(52480K) Class: 7525K(7936K)->7525K(7936K)
[28.928s][info][gc             ] GC(152) Pause Young (Normal) (G1 Evacuation Pause) 320M->145M(364M) 12.096ms
[28.928s][info][gc,cpu         ] GC(152) User=0.13s Sys=0.00s Real=0.02s
[28.995s][info][gc,start       ] GC(153) Pause Young (Normal) (G1 Evacuation Pause)
[28.995s][info][gc,task        ] GC(153) Using 8 workers of 33 for evacuation
[29.006s][info][gc,phases      ] GC(153)   Pre Evacuate Collection Set: 0.1ms
[29.006s][info][gc,phases      ] GC(153)   Merge Heap Roots: 0.1ms
[29.006s][info][gc,phases      ] GC(153)   Evacuate Collection Set: 9.9ms
[29.006s][info][gc,phases      ] GC(153)   Post Evacuate Collection Set: 0.8ms
[29.006s][info][gc,phases      ] GC(153)   Other: 0.2ms
[29.006s][info][gc,heap        ] GC(153) Eden regions: 177->0(203)
[29.006s][info][gc,heap        ] GC(153) Survivor regions: 16->13(25)
[29.006s][info][gc,heap        ] GC(153) Old regions: 121->129
[29.006s][info][gc,heap        ] GC(153) Archive regions: 0->0
[29.006s][info][gc,heap        ] GC(153) Humongous regions: 15->15
[29.006s][info][gc,metaspace   ] GC(153) Metaspace: 59542K(60480K)->59542K(60480K) NonClass: 52017K(52544K)->52017K(52544K) Class: 7525K(7936K)->7525K(7936K)
[29.007s][info][gc             ] GC(153) Pause Young (Normal) (G1 Evacuation Pause) 322M->150M(394M) 11.537ms
[29.007s][info][gc,cpu         ] GC(153) User=0.00s Sys=0.00s Real=0.00s
[29.085s][info][gc,start       ] GC(154) Pause Young (Normal) (G1 Evacuation Pause)
[29.110s][info][gc,task        ] GC(154) Using 9 workers of 33 for evacuation
[29.116s][info][gc,phases      ] GC(154)   Pre Evacuate Collection Set: 0.1ms
[29.116s][info][gc,phases      ] GC(154)   Merge Heap Roots: 0.1ms
[29.116s][info][gc,phases      ] GC(154)   Evacuate Collection Set: 5.5ms
[29.116s][info][gc,phases      ] GC(154)   Post Evacuate Collection Set: 0.4ms
[29.116s][info][gc,phases      ] GC(154)   Other: 0.2ms
[29.116s][info][gc,heap        ] GC(154) Eden regions: 203->0(203)
[29.116s][info][gc,heap        ] GC(154) Survivor regions: 13->13(27)
[29.116s][info][gc,heap        ] GC(154) Old regions: 129->129
[29.116s][info][gc,heap        ] GC(154) Archive regions: 0->0
[29.116s][info][gc,heap        ] GC(154) Humongous regions: 15->15
[29.116s][info][gc,metaspace   ] GC(154) Metaspace: 59542K(60480K)->59542K(60480K) NonClass: 52017K(52544K)->52017K(52544K) Class: 7525K(7936K)->7525K(7936K)
[29.116s][info][gc             ] GC(154) Pause Young (Normal) (G1 Evacuation Pause) 353M->150M(394M) 31.192ms
[29.116s][info][gc,cpu         ] GC(154) User=0.00s Sys=0.00s Real=0.03s
[29.196s][info][gc,start       ] GC(155) Pause Young (Normal) (G1 Evacuation Pause)
[29.196s][info][gc,task        ] GC(155) Using 9 workers of 33 for evacuation
[29.202s][info][gc,phases      ] GC(155)   Pre Evacuate Collection Set: 0.1ms
[29.202s][info][gc,phases      ] GC(155)   Merge Heap Roots: 0.1ms
[29.202s][info][gc,phases      ] GC(155)   Evacuate Collection Set: 4.9ms
[29.202s][info][gc,phases      ] GC(155)   Post Evacuate Collection Set: 0.4ms
[29.202s][info][gc,phases      ] GC(155)   Other: 0.1ms
[29.202s][info][gc,heap        ] GC(155) Eden regions: 203->0(203)
[29.202s][info][gc,heap        ] GC(155) Survivor regions: 13->13(27)
[29.202s][info][gc,heap        ] GC(155) Old regions: 129->129
[29.202s][info][gc,heap        ] GC(155) Archive regions: 0->0
[29.202s][info][gc,heap        ] GC(155) Humongous regions: 15->15
[29.202s][info][gc,metaspace   ] GC(155) Metaspace: 59542K(60480K)->59542K(60480K) NonClass: 52017K(52544K)->52017K(52544K) Class: 7525K(7936K)->7525K(7936K)
[29.202s][info][gc             ] GC(155) Pause Young (Normal) (G1 Evacuation Pause) 353M->150M(394M) 6.138ms
[29.202s][info][gc,cpu         ] GC(155) User=0.14s Sys=0.00s Real=0.02s
[29.271s][info][gc,start       ] GC(156) Pause Young (Normal) (G1 Evacuation Pause)
[29.271s][info][gc,task        ] GC(156) Using 9 workers of 33 for evacuation
[29.277s][info][gc,phases      ] GC(156)   Pre Evacuate Collection Set: 0.1ms
[29.277s][info][gc,phases      ] GC(156)   Merge Heap Roots: 0.1ms
[29.277s][info][gc,phases      ] GC(156)   Evacuate Collection Set: 5.3ms
[29.278s][info][gc,phases      ] GC(156)   Post Evacuate Collection Set: 0.7ms
[29.278s][info][gc,phases      ] GC(156)   Other: 0.2ms
[29.278s][info][gc,heap        ] GC(156) Eden regions: 203->0(203)
[29.278s][info][gc,heap        ] GC(156) Survivor regions: 13->13(27)
[29.278s][info][gc,heap        ] GC(156) Old regions: 129->129
[29.278s][info][gc,heap        ] GC(156) Archive regions: 0->0
[29.278s][info][gc,heap        ] GC(156) Humongous regions: 15->15
[29.278s][info][gc,metaspace   ] GC(156) Metaspace: 59647K(60544K)->59647K(60544K) NonClass: 52097K(52608K)->52097K(52608K) Class: 7549K(7936K)->7549K(7936K)
[29.278s][info][gc             ] GC(156) Pause Young (Normal) (G1 Evacuation Pause) 353M->151M(394M) 6.968ms
[29.278s][info][gc,cpu         ] GC(156) User=0.16s Sys=0.00s Real=0.02s
[29.355s][info][gc,start       ] GC(157) Pause Young (Normal) (G1 Evacuation Pause)
[29.355s][info][gc,task        ] GC(157) Using 9 workers of 33 for evacuation
[29.361s][info][gc,phases      ] GC(157)   Pre Evacuate Collection Set: 0.1ms
[29.361s][info][gc,phases      ] GC(157)   Merge Heap Roots: 0.1ms
[29.361s][info][gc,phases      ] GC(157)   Evacuate Collection Set: 5.0ms
[29.361s][info][gc,phases      ] GC(157)   Post Evacuate Collection Set: 0.6ms
[29.361s][info][gc,phases      ] GC(157)   Other: 0.2ms
[29.361s][info][gc,heap        ] GC(157) Eden regions: 203->0(203)
[29.361s][info][gc,heap        ] GC(157) Survivor regions: 13->13(27)
[29.361s][info][gc,heap        ] GC(157) Old regions: 129->129
[29.361s][info][gc,heap        ] GC(157) Archive regions: 0->0
[29.361s][info][gc,heap        ] GC(157) Humongous regions: 15->15
[29.361s][info][gc,metaspace   ] GC(157) Metaspace: 59648K(60544K)->59648K(60544K) NonClass: 52099K(52608K)->52099K(52608K) Class: 7549K(7936K)->7549K(7936K)
[29.361s][info][gc             ] GC(157) Pause Young (Normal) (G1 Evacuation Pause) 354M->150M(394M) 6.459ms
[29.361s][info][gc,cpu         ] GC(157) User=0.00s Sys=0.00s Real=0.00s
[29.492s][info][gc,start       ] GC(158) Pause Young (Normal) (G1 Evacuation Pause)
[29.492s][info][gc,task        ] GC(158) Using 9 workers of 33 for evacuation
[29.499s][info][gc,phases      ] GC(158)   Pre Evacuate Collection Set: 0.1ms
[29.499s][info][gc,phases      ] GC(158)   Merge Heap Roots: 0.1ms
[29.499s][info][gc,phases      ] GC(158)   Evacuate Collection Set: 5.3ms
[29.499s][info][gc,phases      ] GC(158)   Post Evacuate Collection Set: 0.6ms
[29.499s][info][gc,phases      ] GC(158)   Other: 0.1ms
[29.499s][info][gc,heap        ] GC(158) Eden regions: 203->0(203)
[29.499s][info][gc,heap        ] GC(158) Survivor regions: 13->13(27)
[29.499s][info][gc,heap        ] GC(158) Old regions: 129->129
[29.499s][info][gc,heap        ] GC(158) Archive regions: 0->0
[29.499s][info][gc,heap        ] GC(158) Humongous regions: 15->15
[29.499s][info][gc,metaspace   ] GC(158) Metaspace: 59648K(60544K)->59648K(60544K) NonClass: 52099K(52608K)->52099K(52608K) Class: 7549K(7936K)->7549K(7936K)
[29.499s][info][gc             ] GC(158) Pause Young (Normal) (G1 Evacuation Pause) 353M->151M(394M) 6.707ms
[29.499s][info][gc,cpu         ] GC(158) User=0.14s Sys=0.00s Real=0.02s
[29.642s][info][gc,start       ] GC(159) Pause Young (Normal) (G1 Evacuation Pause)
[29.642s][info][gc,task        ] GC(159) Using 9 workers of 33 for evacuation
[29.648s][info][gc,phases      ] GC(159)   Pre Evacuate Collection Set: 0.1ms
[29.648s][info][gc,phases      ] GC(159)   Merge Heap Roots: 0.1ms
[29.648s][info][gc,phases      ] GC(159)   Evacuate Collection Set: 5.2ms
[29.648s][info][gc,phases      ] GC(159)   Post Evacuate Collection Set: 0.6ms
[29.648s][info][gc,phases      ] GC(159)   Other: 0.2ms
[29.648s][info][gc,heap        ] GC(159) Eden regions: 203->0(203)
[29.648s][info][gc,heap        ] GC(159) Survivor regions: 13->13(27)
[29.648s][info][gc,heap        ] GC(159) Old regions: 129->129
[29.648s][info][gc,heap        ] GC(159) Archive regions: 0->0
[29.648s][info][gc,heap        ] GC(159) Humongous regions: 15->15
[29.648s][info][gc,metaspace   ] GC(159) Metaspace: 59648K(60544K)->59648K(60544K) NonClass: 52099K(52608K)->52099K(52608K) Class: 7549K(7936K)->7549K(7936K)
[29.649s][info][gc             ] GC(159) Pause Young (Normal) (G1 Evacuation Pause) 354M->151M(394M) 6.665ms
[29.649s][info][gc,cpu         ] GC(159) User=0.00s Sys=0.00s Real=0.00s
[29.791s][info][gc,start       ] GC(160) Pause Young (Normal) (G1 Evacuation Pause)
[29.791s][info][gc,task        ] GC(160) Using 9 workers of 33 for evacuation
[29.798s][info][gc,phases      ] GC(160)   Pre Evacuate Collection Set: 0.1ms
[29.798s][info][gc,phases      ] GC(160)   Merge Heap Roots: 0.1ms
[29.798s][info][gc,phases      ] GC(160)   Evacuate Collection Set: 5.3ms
[29.798s][info][gc,phases      ] GC(160)   Post Evacuate Collection Set: 0.6ms
[29.798s][info][gc,phases      ] GC(160)   Other: 0.1ms
[29.798s][info][gc,heap        ] GC(160) Eden regions: 203->0(203)
[29.798s][info][gc,heap        ] GC(160) Survivor regions: 13->13(27)
[29.798s][info][gc,heap        ] GC(160) Old regions: 129->129
[29.798s][info][gc,heap        ] GC(160) Archive regions: 0->0
[29.798s][info][gc,heap        ] GC(160) Humongous regions: 15->15
[29.798s][info][gc,metaspace   ] GC(160) Metaspace: 59648K(60544K)->59648K(60544K) NonClass: 52099K(52608K)->52099K(52608K) Class: 7549K(7936K)->7549K(7936K)
[29.798s][info][gc             ] GC(160) Pause Young (Normal) (G1 Evacuation Pause) 354M->151M(394M) 6.696ms
[29.798s][info][gc,cpu         ] GC(160) User=0.00s Sys=0.00s Real=0.00s
[29.926s][info][gc,start       ] GC(161) Pause Young (Normal) (G1 Evacuation Pause)
[29.926s][info][gc,task        ] GC(161) Using 9 workers of 33 for evacuation
[29.932s][info][gc,phases      ] GC(161)   Pre Evacuate Collection Set: 0.1ms
[29.932s][info][gc,phases      ] GC(161)   Merge Heap Roots: 0.1ms
[29.932s][info][gc,phases      ] GC(161)   Evacuate Collection Set: 5.2ms
[29.932s][info][gc,phases      ] GC(161)   Post Evacuate Collection Set: 0.6ms
[29.932s][info][gc,phases      ] GC(161)   Other: 0.1ms
[29.932s][info][gc,heap        ] GC(161) Eden regions: 203->0(203)
[29.932s][info][gc,heap        ] GC(161) Survivor regions: 13->13(27)
[29.932s][info][gc,heap        ] GC(161) Old regions: 129->129
[29.932s][info][gc,heap        ] GC(161) Archive regions: 0->0
[29.932s][info][gc,heap        ] GC(161) Humongous regions: 15->15
[29.932s][info][gc,metaspace   ] GC(161) Metaspace: 59648K(60544K)->59648K(60544K) NonClass: 52099K(52608K)->52099K(52608K) Class: 7549K(7936K)->7549K(7936K)
[29.933s][info][gc             ] GC(161) Pause Young (Normal) (G1 Evacuation Pause) 354M->151M(394M) 6.581ms
[29.933s][info][gc,cpu         ] GC(161) User=0.02s Sys=0.00s Real=0.02s
[30.005s][info][gc,start       ] GC(162) Pause Full (System.gc())
[30.005s][info][gc,task        ] GC(162) Using 9 workers of 33 for full compaction
[30.005s][info][gc,phases,start] GC(162) Phase 1: Mark live objects
[30.036s][info][gc,phases      ] GC(162) Phase 1: Mark live objects 30.798ms
[30.036s][info][gc,phases,start] GC(162) Phase 2: Prepare compaction
[30.041s][info][gc,phases      ] GC(162) Phase 2: Prepare compaction 4.606ms
[30.041s][info][gc,phases,start] GC(162) Phase 3: Adjust pointers
[30.047s][info][gc,phases      ] GC(162) Phase 3: Adjust pointers 6.256ms
[30.047s][info][gc,phases,start] GC(162) Phase 4: Compact heap
[30.048s][info][gc,phases      ] GC(162) Phase 4: Compact heap 0.717ms
[30.058s][info][gc,heap        ] GC(162) Eden regions: 69->0(214)
[30.058s][info][gc,heap        ] GC(162) Survivor regions: 13->0(27)
[30.058s][info][gc,heap        ] GC(162) Old regions: 129->98
[30.058s][info][gc,heap        ] GC(162) Archive regions: 0->0
[30.058s][info][gc,heap        ] GC(162) Humongous regions: 20->9
[30.058s][info][gc,metaspace   ] GC(162) Metaspace: 59661K(60544K)->59661K(60544K) NonClass: 52112K(52608K)->52112K(52608K) Class: 7549K(7936K)->7549K(7936K)
[30.058s][info][gc             ] GC(162) Pause Full (System.gc()) 224M->101M(357M) 53.296ms
[30.058s][info][gc,cpu         ] GC(162) User=0.30s Sys=0.00s Real=0.05s
[30.207s][info][gc,start       ] GC(163) Pause Young (Normal) (G1 Evacuation Pause)
[30.207s][info][gc,task        ] GC(163) Using 8 workers of 33 for evacuation
[30.212s][info][gc,phases      ] GC(163)   Pre Evacuate Collection Set: 0.2ms
[30.212s][info][gc,phases      ] GC(163)   Merge Heap Roots: 0.1ms
[30.212s][info][gc,phases      ] GC(163)   Evacuate Collection Set: 4.1ms
[30.212s][info][gc,phases      ] GC(163)   Post Evacuate Collection Set: 0.7ms
[30.212s][info][gc,phases      ] GC(163)   Other: 0.2ms
[30.213s][info][gc,heap        ] GC(163) Eden regions: 214->0(206)
[30.213s][info][gc,heap        ] GC(163) Survivor regions: 0->8(27)
[30.213s][info][gc,heap        ] GC(163) Old regions: 98->98
[30.213s][info][gc,heap        ] GC(163) Archive regions: 0->0
[30.213s][info][gc,heap        ] GC(163) Humongous regions: 19->9
[30.213s][info][gc,metaspace   ] GC(163) Metaspace: 59698K(60544K)->59698K(60544K) NonClass: 52147K(52608K)->52147K(52608K) Class: 7551K(7936K)->7551K(7936K)
[30.213s][info][gc             ] GC(163) Pause Young (Normal) (G1 Evacuation Pause) 325M->108M(357M) 5.767ms
[30.213s][info][gc,cpu         ] GC(163) User=0.00s Sys=0.00s Real=0.00s
[30.279s][info][gc,start       ] GC(164) Pause Young (Normal) (G1 Evacuation Pause)
[30.279s][info][gc,task        ] GC(164) Using 8 workers of 33 for evacuation
[30.289s][info][gc,phases      ] GC(164)   Pre Evacuate Collection Set: 0.1ms
[30.289s][info][gc,phases      ] GC(164)   Merge Heap Roots: 0.1ms
[30.289s][info][gc,phases      ] GC(164)   Evacuate Collection Set: 8.3ms
[30.289s][info][gc,phases      ] GC(164)   Post Evacuate Collection Set: 0.6ms
[30.289s][info][gc,phases      ] GC(164)   Other: 0.2ms
[30.289s][info][gc,heap        ] GC(164) Eden regions: 206->0(198)
[30.289s][info][gc,heap        ] GC(164) Survivor regions: 8->15(27)
[30.289s][info][gc,heap        ] GC(164) Old regions: 98->98
[30.289s][info][gc,heap        ] GC(164) Archive regions: 0->0
[30.289s][info][gc,heap        ] GC(164) Humongous regions: 12->12
[30.289s][info][gc,metaspace   ] GC(164) Metaspace: 59700K(60544K)->59700K(60544K) NonClass: 52149K(52608K)->52149K(52608K) Class: 7551K(7936K)->7551K(7936K)
[30.289s][info][gc             ] GC(164) Pause Young (Normal) (G1 Evacuation Pause) 317M->118M(357M) 9.764ms
[30.289s][info][gc,cpu         ] GC(164) User=0.13s Sys=0.00s Real=0.01s
[30.350s][info][gc,start       ] GC(165) Pause Young (Normal) (G1 Evacuation Pause)
[30.350s][info][gc,task        ] GC(165) Using 8 workers of 33 for evacuation
[30.363s][info][gc,phases      ] GC(165)   Pre Evacuate Collection Set: 0.1ms
[30.363s][info][gc,phases      ] GC(165)   Merge Heap Roots: 0.1ms
[30.363s][info][gc,phases      ] GC(165)   Evacuate Collection Set: 12.0ms
[30.363s][info][gc,phases      ] GC(165)   Post Evacuate Collection Set: 0.8ms
[30.363s][info][gc,phases      ] GC(165)   Other: 0.2ms
[30.364s][info][gc,heap        ] GC(165) Eden regions: 198->0(187)
[30.364s][info][gc,heap        ] GC(165) Survivor regions: 15->24(27)
[30.364s][info][gc,heap        ] GC(165) Old regions: 98->98
[30.364s][info][gc,heap        ] GC(165) Archive regions: 0->0
[30.364s][info][gc,heap        ] GC(165) Humongous regions: 12->12
[30.364s][info][gc,metaspace   ] GC(165) Metaspace: 59700K(60544K)->59700K(60544K) NonClass: 52149K(52608K)->52149K(52608K) Class: 7551K(7936K)->7551K(7936K)
[30.364s][info][gc             ] GC(165) Pause Young (Normal) (G1 Evacuation Pause) 316M->128M(364M) 13.679ms
[30.364s][info][gc,cpu         ] GC(165) User=0.13s Sys=0.00s Real=0.02s
[30.425s][info][gc,start       ] GC(166) Pause Young (Normal) (G1 Evacuation Pause)
[30.425s][info][gc,task        ] GC(166) Using 8 workers of 33 for evacuation
[30.445s][info][gc,phases      ] GC(166)   Pre Evacuate Collection Set: 0.1ms
[30.445s][info][gc,phases      ] GC(166)   Merge Heap Roots: 0.1ms
[30.445s][info][gc,phases      ] GC(166)   Evacuate Collection Set: 19.3ms
[30.445s][info][gc,phases      ] GC(166)   Post Evacuate Collection Set: 0.4ms
[30.445s][info][gc,phases      ] GC(166)   Other: 0.2ms
[30.445s][info][gc,heap        ] GC(166) Eden regions: 187->0(184)
[30.445s][info][gc,heap        ] GC(166) Survivor regions: 24->17(27)
[30.445s][info][gc,heap        ] GC(166) Old regions: 98->112
[30.445s][info][gc,heap        ] GC(166) Archive regions: 0->0
[30.445s][info][gc,heap        ] GC(166) Humongous regions: 15->15
[30.445s][info][gc,metaspace   ] GC(166) Metaspace: 59700K(60544K)->59700K(60544K) NonClass: 52149K(52608K)->52149K(52608K) Class: 7551K(7936K)->7551K(7936K)
[30.445s][info][gc             ] GC(166) Pause Young (Normal) (G1 Evacuation Pause) 318M->137M(364M) 20.507ms
[30.445s][info][gc,cpu         ] GC(166) User=0.13s Sys=0.00s Real=0.02s
[30.504s][info][gc,start       ] GC(167) Pause Young (Normal) (G1 Evacuation Pause)
[30.504s][info][gc,task        ] GC(167) Using 8 workers of 33 for evacuation
[30.519s][info][gc,phases      ] GC(167)   Pre Evacuate Collection Set: 0.1ms
[30.520s][info][gc,phases      ] GC(167)   Merge Heap Roots: 0.1ms
[30.520s][info][gc,phases      ] GC(167)   Evacuate Collection Set: 14.8ms
[30.520s][info][gc,phases      ] GC(167)   Post Evacuate Collection Set: 0.4ms
[30.520s][info][gc,phases      ] GC(167)   Other: 0.2ms
[30.520s][info][gc,heap        ] GC(167) Eden regions: 184->0(178)
[30.520s][info][gc,heap        ] GC(167) Survivor regions: 17->16(26)
[30.520s][info][gc,heap        ] GC(167) Old regions: 112->120
[30.520s][info][gc,heap        ] GC(167) Archive regions: 0->0
[30.520s][info][gc,heap        ] GC(167) Humongous regions: 15->15
[30.520s][info][gc,metaspace   ] GC(167) Metaspace: 59700K(60544K)->59700K(60544K) NonClass: 52149K(52608K)->52149K(52608K) Class: 7551K(7936K)->7551K(7936K)
[30.520s][info][gc             ] GC(167) Pause Young (Normal) (G1 Evacuation Pause) 321M->144M(364M) 16.050ms
[30.520s][info][gc,cpu         ] GC(167) User=0.13s Sys=0.00s Real=0.02s
[30.582s][info][gc,start       ] GC(168) Pause Young (Normal) (G1 Evacuation Pause)
[30.586s][info][gc,task        ] GC(168) Using 8 workers of 33 for evacuation
[30.598s][info][gc,phases      ] GC(168)   Pre Evacuate Collection Set: 0.1ms
[30.598s][info][gc,phases      ] GC(168)   Merge Heap Roots: 0.1ms
[30.598s][info][gc,phases      ] GC(168)   Evacuate Collection Set: 11.6ms
[30.598s][info][gc,phases      ] GC(168)   Post Evacuate Collection Set: 0.4ms
[30.598s][info][gc,phases      ] GC(168)   Other: 0.2ms
[30.598s][info][gc,heap        ] GC(168) Eden regions: 178->0(176)
[30.598s][info][gc,heap        ] GC(168) Survivor regions: 16->13(25)
[30.598s][info][gc,heap        ] GC(168) Old regions: 120->128
[30.598s][info][gc,heap        ] GC(168) Archive regions: 0->0
[30.598s][info][gc,heap        ] GC(168) Humongous regions: 15->15
[30.598s][info][gc,metaspace   ] GC(168) Metaspace: 59700K(60544K)->59700K(60544K) NonClass: 52149K(52608K)->52149K(52608K) Class: 7551K(7936K)->7551K(7936K)
[30.598s][info][gc             ] GC(168) Pause Young (Normal) (G1 Evacuation Pause) 322M->150M(364M) 16.761ms
[30.599s][info][gc,cpu         ] GC(168) User=0.13s Sys=0.00s Real=0.02s
[30.675s][info][gc,start       ] GC(169) Pause Young (Normal) (G1 Evacuation Pause)
[30.676s][info][gc,task        ] GC(169) Using 8 workers of 33 for evacuation
[30.684s][info][gc,phases      ] GC(169)   Pre Evacuate Collection Set: 0.1ms
[30.684s][info][gc,phases      ] GC(169)   Merge Heap Roots: 0.1ms
[30.684s][info][gc,phases      ] GC(169)   Evacuate Collection Set: 6.9ms
[30.684s][info][gc,phases      ] GC(169)   Post Evacuate Collection Set: 0.8ms
[30.684s][info][gc,phases      ] GC(169)   Other: 0.2ms
[30.684s][info][gc,heap        ] GC(169) Eden regions: 176->0(203)
[30.684s][info][gc,heap        ] GC(169) Survivor regions: 13->14(24)
[30.684s][info][gc,heap        ] GC(169) Old regions: 128->128
[30.684s][info][gc,heap        ] GC(169) Archive regions: 0->0
[30.684s][info][gc,heap        ] GC(169) Humongous regions: 15->15
[30.684s][info][gc,metaspace   ] GC(169) Metaspace: 59700K(60544K)->59700K(60544K) NonClass: 52149K(52608K)->52149K(52608K) Class: 7551K(7936K)->7551K(7936K)
[30.684s][info][gc             ] GC(169) Pause Young (Normal) (G1 Evacuation Pause) 326M->150M(395M) 8.532ms
[30.684s][info][gc,cpu         ] GC(169) User=0.00s Sys=0.00s Real=0.00s
[30.763s][info][gc,start       ] GC(170) Pause Young (Normal) (G1 Evacuation Pause)
[30.763s][info][gc,task        ] GC(170) Using 9 workers of 33 for evacuation
[30.769s][info][gc,phases      ] GC(170)   Pre Evacuate Collection Set: 0.1ms
[30.769s][info][gc,phases      ] GC(170)   Merge Heap Roots: 0.1ms
[30.769s][info][gc,phases      ] GC(170)   Evacuate Collection Set: 5.2ms
[30.769s][info][gc,phases      ] GC(170)   Post Evacuate Collection Set: 0.4ms
[30.769s][info][gc,phases      ] GC(170)   Other: 0.1ms
[30.769s][info][gc,heap        ] GC(170) Eden regions: 203->0(205)
[30.769s][info][gc,heap        ] GC(170) Survivor regions: 14->13(28)
[30.769s][info][gc,heap        ] GC(170) Old regions: 128->128
[30.769s][info][gc,heap        ] GC(170) Archive regions: 0->0
[30.769s][info][gc,heap        ] GC(170) Humongous regions: 15->15
[30.770s][info][gc,metaspace   ] GC(170) Metaspace: 59700K(60544K)->59700K(60544K) NonClass: 52149K(52608K)->52149K(52608K) Class: 7551K(7936K)->7551K(7936K)
[30.770s][info][gc             ] GC(170) Pause Young (Normal) (G1 Evacuation Pause) 353M->150M(395M) 6.359ms
[30.770s][info][gc,cpu         ] GC(170) User=0.14s Sys=0.00s Real=0.02s
[30.838s][info][gc,start       ] GC(171) Pause Young (Normal) (G1 Evacuation Pause)
[30.838s][info][gc,task        ] GC(171) Using 9 workers of 33 for evacuation
[30.844s][info][gc,phases      ] GC(171)   Pre Evacuate Collection Set: 0.1ms
[30.844s][info][gc,phases      ] GC(171)   Merge Heap Roots: 0.1ms
[30.844s][info][gc,phases      ] GC(171)   Evacuate Collection Set: 5.0ms
[30.844s][info][gc,phases      ] GC(171)   Post Evacuate Collection Set: 0.4ms
[30.844s][info][gc,phases      ] GC(171)   Other: 0.1ms
[30.844s][info][gc,heap        ] GC(171) Eden regions: 205->0(205)
[30.844s][info][gc,heap        ] GC(171) Survivor regions: 13->13(28)
[30.844s][info][gc,heap        ] GC(171) Old regions: 128->128
[30.844s][info][gc,heap        ] GC(171) Archive regions: 0->0
[30.844s][info][gc,heap        ] GC(171) Humongous regions: 15->15
[30.844s][info][gc,metaspace   ] GC(171) Metaspace: 59700K(60544K)->59700K(60544K) NonClass: 52149K(52608K)->52149K(52608K) Class: 7551K(7936K)->7551K(7936K)
[30.844s][info][gc             ] GC(171) Pause Young (Normal) (G1 Evacuation Pause) 355M->150M(395M) 6.102ms
[30.844s][info][gc,cpu         ] GC(171) User=0.00s Sys=0.00s Real=0.00s
[30.919s][info][gc,start       ] GC(172) Pause Young (Normal) (G1 Evacuation Pause)
[30.920s][info][gc,task        ] GC(172) Using 9 workers of 33 for evacuation
[30.926s][info][gc,phases      ] GC(172)   Pre Evacuate Collection Set: 0.1ms
[30.926s][info][gc,phases      ] GC(172)   Merge Heap Roots: 0.1ms
[30.926s][info][gc,phases      ] GC(172)   Evacuate Collection Set: 5.8ms
[30.926s][info][gc,phases      ] GC(172)   Post Evacuate Collection Set: 0.6ms
[30.926s][info][gc,phases      ] GC(172)   Other: 0.1ms
[30.926s][info][gc,heap        ] GC(172) Eden regions: 205->0(205)
[30.926s][info][gc,heap        ] GC(172) Survivor regions: 13->13(28)
[30.927s][info][gc,heap        ] GC(172) Old regions: 128->128
[30.927s][info][gc,heap        ] GC(172) Archive regions: 0->0
[30.927s][info][gc,heap        ] GC(172) Humongous regions: 15->15
[30.927s][info][gc,metaspace   ] GC(172) Metaspace: 59704K(60608K)->59704K(60608K) NonClass: 52153K(52672K)->52153K(52672K) Class: 7551K(7936K)->7551K(7936K)
[30.927s][info][gc             ] GC(172) Pause Young (Normal) (G1 Evacuation Pause) 355M->149M(395M) 7.207ms
[30.927s][info][gc,cpu         ] GC(172) User=0.14s Sys=0.00s Real=0.02s
[31.059s][info][gc,start       ] GC(173) Pause Young (Normal) (G1 Evacuation Pause)
[31.060s][info][gc,task        ] GC(173) Using 9 workers of 33 for evacuation
[31.066s][info][gc,phases      ] GC(173)   Pre Evacuate Collection Set: 0.1ms
[31.066s][info][gc,phases      ] GC(173)   Merge Heap Roots: 0.1ms
[31.066s][info][gc,phases      ] GC(173)   Evacuate Collection Set: 5.2ms
[31.066s][info][gc,phases      ] GC(173)   Post Evacuate Collection Set: 0.4ms
[31.066s][info][gc,phases      ] GC(173)   Other: 0.2ms
[31.066s][info][gc,heap        ] GC(173) Eden regions: 205->0(205)
[31.066s][info][gc,heap        ] GC(173) Survivor regions: 13->13(28)
[31.066s][info][gc,heap        ] GC(173) Old regions: 128->128
[31.066s][info][gc,heap        ] GC(173) Archive regions: 0->0
[31.066s][info][gc,heap        ] GC(173) Humongous regions: 15->15
[31.066s][info][gc,metaspace   ] GC(173) Metaspace: 59704K(60608K)->59704K(60608K) NonClass: 52153K(52672K)->52153K(52672K) Class: 7551K(7936K)->7551K(7936K)
[31.066s][info][gc             ] GC(173) Pause Young (Normal) (G1 Evacuation Pause) 354M->150M(395M) 6.491ms
[31.066s][info][gc,cpu         ] GC(173) User=0.14s Sys=0.00s Real=0.02s
[31.195s][info][gc,start       ] GC(174) Pause Young (Normal) (G1 Evacuation Pause)
[31.195s][info][gc,task        ] GC(174) Using 9 workers of 33 for evacuation
[31.201s][info][gc,phases      ] GC(174)   Pre Evacuate Collection Set: 0.1ms
[31.201s][info][gc,phases      ] GC(174)   Merge Heap Roots: 0.1ms
[31.201s][info][gc,phases      ] GC(174)   Evacuate Collection Set: 5.2ms
[31.201s][info][gc,phases      ] GC(174)   Post Evacuate Collection Set: 0.4ms
[31.201s][info][gc,phases      ] GC(174)   Other: 0.1ms
[31.202s][info][gc,heap        ] GC(174) Eden regions: 205->0(205)
[31.202s][info][gc,heap        ] GC(174) Survivor regions: 13->13(28)
[31.202s][info][gc,heap        ] GC(174) Old regions: 128->128
[31.202s][info][gc,heap        ] GC(174) Archive regions: 0->0
[31.202s][info][gc,heap        ] GC(174) Humongous regions: 15->15
[31.202s][info][gc,metaspace   ] GC(174) Metaspace: 59704K(60608K)->59704K(60608K) NonClass: 52153K(52672K)->52153K(52672K) Class: 7551K(7936K)->7551K(7936K)
[31.202s][info][gc             ] GC(174) Pause Young (Normal) (G1 Evacuation Pause) 355M->150M(395M) 6.421ms
[31.202s][info][gc,cpu         ] GC(174) User=0.00s Sys=0.00s Real=0.00s
[31.331s][info][gc,start       ] GC(175) Pause Young (Normal) (G1 Evacuation Pause)
[31.331s][info][gc,task        ] GC(175) Using 9 workers of 33 for evacuation
[31.337s][info][gc,phases      ] GC(175)   Pre Evacuate Collection Set: 0.1ms
[31.337s][info][gc,phases      ] GC(175)   Merge Heap Roots: 0.1ms
[31.337s][info][gc,phases      ] GC(175)   Evacuate Collection Set: 5.2ms
[31.338s][info][gc,phases      ] GC(175)   Post Evacuate Collection Set: 0.4ms
[31.338s][info][gc,phases      ] GC(175)   Other: 0.1ms
[31.338s][info][gc,heap        ] GC(175) Eden regions: 205->0(205)
[31.338s][info][gc,heap        ] GC(175) Survivor regions: 13->13(28)
[31.338s][info][gc,heap        ] GC(175) Old regions: 128->128
[31.338s][info][gc,heap        ] GC(175) Archive regions: 0->0
[31.338s][info][gc,heap        ] GC(175) Humongous regions: 15->15
[31.338s][info][gc,metaspace   ] GC(175) Metaspace: 59704K(60608K)->59704K(60608K) NonClass: 52153K(52672K)->52153K(52672K) Class: 7551K(7936K)->7551K(7936K)
[31.338s][info][gc             ] GC(175) Pause Young (Normal) (G1 Evacuation Pause) 355M->150M(395M) 6.410ms
[31.338s][info][gc,cpu         ] GC(175) User=0.00s Sys=0.00s Real=0.00s
[31.467s][info][gc,start       ] GC(176) Pause Young (Normal) (G1 Evacuation Pause)
[31.467s][info][gc,task        ] GC(176) Using 9 workers of 33 for evacuation
[31.473s][info][gc,phases      ] GC(176)   Pre Evacuate Collection Set: 0.1ms
[31.473s][info][gc,phases      ] GC(176)   Merge Heap Roots: 0.1ms
[31.473s][info][gc,phases      ] GC(176)   Evacuate Collection Set: 5.3ms
[31.473s][info][gc,phases      ] GC(176)   Post Evacuate Collection Set: 0.4ms
[31.473s][info][gc,phases      ] GC(176)   Other: 0.1ms
[31.473s][info][gc,heap        ] GC(176) Eden regions: 205->0(205)
[31.473s][info][gc,heap        ] GC(176) Survivor regions: 13->13(28)
[31.473s][info][gc,heap        ] GC(176) Old regions: 128->128
[31.473s][info][gc,heap        ] GC(176) Archive regions: 0->0
[31.473s][info][gc,heap        ] GC(176) Humongous regions: 15->15
[31.473s][info][gc,metaspace   ] GC(176) Metaspace: 59704K(60608K)->59704K(60608K) NonClass: 52153K(52672K)->52153K(52672K) Class: 7551K(7936K)->7551K(7936K)
[31.473s][info][gc             ] GC(176) Pause Young (Normal) (G1 Evacuation Pause) 355M->150M(395M) 6.481ms
[31.473s][info][gc,cpu         ] GC(176) User=0.14s Sys=0.00s Real=0.02s
[31.555s][info][gc,start       ] GC(177) Pause Full (System.gc())
[31.556s][info][gc,task        ] GC(177) Using 9 workers of 33 for full compaction
[31.556s][info][gc,phases,start] GC(177) Phase 1: Mark live objects
[31.588s][info][gc,phases      ] GC(177) Phase 1: Mark live objects 32.182ms
[31.588s][info][gc,phases,start] GC(177) Phase 2: Prepare compaction
[31.593s][info][gc,phases      ] GC(177) Phase 2: Prepare compaction 4.427ms
[31.593s][info][gc,phases,start] GC(177) Phase 3: Adjust pointers
[31.599s][info][gc,phases      ] GC(177) Phase 3: Adjust pointers 6.044ms
[31.599s][info][gc,phases,start] GC(177) Phase 4: Compact heap
[31.599s][info][gc,phases      ] GC(177) Phase 4: Compact heap 0.520ms
[31.605s][info][gc,heap        ] GC(177) Eden regions: 86->0(214)
[31.605s][info][gc,heap        ] GC(177) Survivor regions: 13->0(28)
[31.605s][info][gc,heap        ] GC(177) Old regions: 128->98
[31.605s][info][gc,heap        ] GC(177) Archive regions: 0->0
[31.605s][info][gc,heap        ] GC(177) Humongous regions: 20->9
[31.605s][info][gc,metaspace   ] GC(177) Metaspace: 59724K(60608K)->59724K(60608K) NonClass: 52173K(52672K)->52173K(52672K) Class: 7551K(7936K)->7551K(7936K)
[31.605s][info][gc             ] GC(177) Pause Full (System.gc()) 241M->101M(357M) 49.408ms
[31.605s][info][gc,cpu         ] GC(177) User=0.42s Sys=0.00s Real=0.05s
[31.745s][info][gc,start       ] GC(178) Pause Young (Normal) (G1 Evacuation Pause)
[31.745s][info][gc,task        ] GC(178) Using 8 workers of 33 for evacuation
[31.751s][info][gc,phases      ] GC(178)   Pre Evacuate Collection Set: 0.2ms
[31.751s][info][gc,phases      ] GC(178)   Merge Heap Roots: 0.1ms
[31.751s][info][gc,phases      ] GC(178)   Evacuate Collection Set: 4.1ms
[31.751s][info][gc,phases      ] GC(178)   Post Evacuate Collection Set: 0.7ms
[31.751s][info][gc,phases      ] GC(178)   Other: 0.2ms
[31.751s][info][gc,heap        ] GC(178) Eden regions: 214->0(206)
[31.751s][info][gc,heap        ] GC(178) Survivor regions: 0->8(27)
[31.751s][info][gc,heap        ] GC(178) Old regions: 98->98
[31.751s][info][gc,heap        ] GC(178) Archive regions: 0->0
[31.751s][info][gc,heap        ] GC(178) Humongous regions: 19->9
[31.751s][info][gc,metaspace   ] GC(178) Metaspace: 59785K(60608K)->59785K(60608K) NonClass: 52232K(52672K)->52232K(52672K) Class: 7553K(7936K)->7553K(7936K)
[31.751s][info][gc             ] GC(178) Pause Young (Normal) (G1 Evacuation Pause) 325M->109M(357M) 5.753ms
[31.751s][info][gc,cpu         ] GC(178) User=0.00s Sys=0.00s Real=0.00s
[31.818s][info][gc,start       ] GC(179) Pause Young (Normal) (G1 Evacuation Pause)
[31.818s][info][gc,task        ] GC(179) Using 8 workers of 33 for evacuation
[31.828s][info][gc,phases      ] GC(179)   Pre Evacuate Collection Set: 0.2ms
[31.828s][info][gc,phases      ] GC(179)   Merge Heap Roots: 0.1ms
[31.828s][info][gc,phases      ] GC(179)   Evacuate Collection Set: 9.1ms
[31.828s][info][gc,phases      ] GC(179)   Post Evacuate Collection Set: 0.7ms
[31.828s][info][gc,phases      ] GC(179)   Other: 0.2ms
[31.828s][info][gc,heap        ] GC(179) Eden regions: 206->0(198)
[31.828s][info][gc,heap        ] GC(179) Survivor regions: 8->15(27)
[31.828s][info][gc,heap        ] GC(179) Old regions: 98->98
[31.828s][info][gc,heap        ] GC(179) Archive regions: 0->0
[31.828s][info][gc,heap        ] GC(179) Humongous regions: 12->12
[31.828s][info][gc,metaspace   ] GC(179) Metaspace: 59792K(60608K)->59792K(60608K) NonClass: 52239K(52672K)->52239K(52672K) Class: 7553K(7936K)->7553K(7936K)
[31.828s][info][gc             ] GC(179) Pause Young (Normal) (G1 Evacuation Pause) 318M->118M(357M) 10.741ms
[31.828s][info][gc,cpu         ] GC(179) User=0.02s Sys=0.00s Real=0.01s
[31.890s][info][gc,start       ] GC(180) Pause Young (Normal) (G1 Evacuation Pause)
[31.890s][info][gc,task        ] GC(180) Using 8 workers of 33 for evacuation
[31.902s][info][gc,phases      ] GC(180)   Pre Evacuate Collection Set: 0.1ms
[31.902s][info][gc,phases      ] GC(180)   Merge Heap Roots: 0.1ms
[31.902s][info][gc,phases      ] GC(180)   Evacuate Collection Set: 10.9ms
[31.902s][info][gc,phases      ] GC(180)   Post Evacuate Collection Set: 1.2ms
[31.902s][info][gc,phases      ] GC(180)   Other: 0.2ms
[31.902s][info][gc,heap        ] GC(180) Eden regions: 198->0(209)
[31.902s][info][gc,heap        ] GC(180) Survivor regions: 15->23(27)
[31.902s][info][gc,heap        ] GC(180) Old regions: 98->98
[31.902s][info][gc,heap        ] GC(180) Archive regions: 0->0
[31.902s][info][gc,heap        ] GC(180) Humongous regions: 12->12
[31.903s][info][gc,metaspace   ] GC(180) Metaspace: 59792K(60608K)->59792K(60608K) NonClass: 52239K(52672K)->52239K(52672K) Class: 7553K(7936K)->7553K(7936K)
[31.903s][info][gc             ] GC(180) Pause Young (Normal) (G1 Evacuation Pause) 316M->127M(388M) 12.972ms
[31.903s][info][gc,cpu         ] GC(180) User=0.13s Sys=0.00s Real=0.02s
[31.976s][info][gc,start       ] GC(181) Pause Young (Normal) (G1 Evacuation Pause)
[31.976s][info][gc,task        ] GC(181) Using 9 workers of 33 for evacuation
[31.994s][info][gc,phases      ] GC(181)   Pre Evacuate Collection Set: 0.1ms
[31.994s][info][gc,phases      ] GC(181)   Merge Heap Roots: 0.1ms
[31.994s][info][gc,phases      ] GC(181)   Evacuate Collection Set: 17.4ms
[31.994s][info][gc,phases      ] GC(181)   Post Evacuate Collection Set: 0.4ms
[31.994s][info][gc,phases      ] GC(181)   Other: 0.2ms
[31.994s][info][gc,heap        ] GC(181) Eden regions: 209->0(205)
[31.994s][info][gc,heap        ] GC(181) Survivor regions: 23->18(29)
[31.994s][info][gc,heap        ] GC(181) Old regions: 98->112
[31.994s][info][gc,heap        ] GC(181) Archive regions: 0->0
[31.994s][info][gc,heap        ] GC(181) Humongous regions: 15->15
[31.994s][info][gc,metaspace   ] GC(181) Metaspace: 59792K(60608K)->59792K(60608K) NonClass: 52239K(52672K)->52239K(52672K) Class: 7553K(7936K)->7553K(7936K)
[31.994s][info][gc             ] GC(181) Pause Young (Normal) (G1 Evacuation Pause) 339M->138M(388M) 18.664ms
[31.994s][info][gc,cpu         ] GC(181) User=0.14s Sys=0.00s Real=0.02s
[32.059s][info][gc,start       ] GC(182) Pause Young (Normal) (G1 Evacuation Pause)
[32.059s][info][gc,task        ] GC(182) Using 9 workers of 33 for evacuation
[32.071s][info][gc,phases      ] GC(182)   Pre Evacuate Collection Set: 0.1ms
[32.071s][info][gc,phases      ] GC(182)   Merge Heap Roots: 0.1ms
[32.071s][info][gc,phases      ] GC(182)   Evacuate Collection Set: 11.2ms
[32.071s][info][gc,phases      ] GC(182)   Post Evacuate Collection Set: 0.4ms
[32.071s][info][gc,phases      ] GC(182)   Other: 0.2ms
[32.071s][info][gc,heap        ] GC(182) Eden regions: 205->0(196)
[32.071s][info][gc,heap        ] GC(182) Survivor regions: 18->18(28)
[32.071s][info][gc,heap        ] GC(182) Old regions: 112->121
[32.071s][info][gc,heap        ] GC(182) Archive regions: 0->0
[32.072s][info][gc,heap        ] GC(182) Humongous regions: 15->15
[32.072s][info][gc,metaspace   ] GC(182) Metaspace: 59792K(60608K)->59792K(60608K) NonClass: 52239K(52672K)->52239K(52672K) Class: 7553K(7936K)->7553K(7936K)
[32.072s][info][gc             ] GC(182) Pause Young (Normal) (G1 Evacuation Pause) 343M->148M(388M) 12.430ms
[32.072s][info][gc,cpu         ] GC(182) User=0.14s Sys=0.00s Real=0.02s
[32.138s][info][gc,start       ] GC(183) Pause Young (Normal) (G1 Evacuation Pause)
[32.138s][info][gc,task        ] GC(183) Using 9 workers of 33 for evacuation
[32.147s][info][gc,phases      ] GC(183)   Pre Evacuate Collection Set: 0.1ms
[32.147s][info][gc,phases      ] GC(183)   Merge Heap Roots: 0.1ms
[32.147s][info][gc,phases      ] GC(183)   Evacuate Collection Set: 8.0ms
[32.147s][info][gc,phases      ] GC(183)   Post Evacuate Collection Set: 0.4ms
[32.147s][info][gc,phases      ] GC(183)   Other: 0.2ms
[32.147s][info][gc,heap        ] GC(183) Eden regions: 196->0(197)
[32.147s][info][gc,heap        ] GC(183) Survivor regions: 18->13(27)
[32.147s][info][gc,heap        ] GC(183) Old regions: 121->130
[32.147s][info][gc,heap        ] GC(183) Archive regions: 0->0
[32.147s][info][gc,heap        ] GC(183) Humongous regions: 15->15
[32.147s][info][gc,metaspace   ] GC(183) Metaspace: 59792K(60608K)->59792K(60608K) NonClass: 52239K(52672K)->52239K(52672K) Class: 7553K(7936K)->7553K(7936K)
[32.147s][info][gc             ] GC(183) Pause Young (Normal) (G1 Evacuation Pause) 344M->151M(388M) 9.317ms
[32.147s][info][gc,cpu         ] GC(183) User=0.14s Sys=0.00s Real=0.02s
[32.221s][info][gc,start       ] GC(184) Pause Young (Normal) (G1 Evacuation Pause)
[32.221s][info][gc,task        ] GC(184) Using 9 workers of 33 for evacuation
[32.226s][info][gc,phases      ] GC(184)   Pre Evacuate Collection Set: 0.1ms
[32.226s][info][gc,phases      ] GC(184)   Merge Heap Roots: 0.1ms
[32.226s][info][gc,phases      ] GC(184)   Evacuate Collection Set: 4.2ms
[32.226s][info][gc,phases      ] GC(184)   Post Evacuate Collection Set: 0.7ms
[32.226s][info][gc,phases      ] GC(184)   Other: 0.2ms
[32.226s][info][gc,heap        ] GC(184) Eden regions: 197->0(222)
[32.226s][info][gc,heap        ] GC(184) Survivor regions: 13->12(27)
[32.226s][info][gc,heap        ] GC(184) Old regions: 130->130
[32.226s][info][gc,heap        ] GC(184) Archive regions: 0->0
[32.226s][info][gc,heap        ] GC(184) Humongous regions: 15->15
[32.226s][info][gc,metaspace   ] GC(184) Metaspace: 59792K(60608K)->59792K(60608K) NonClass: 52239K(52672K)->52239K(52672K) Class: 7553K(7936K)->7553K(7936K)
[32.226s][info][gc             ] GC(184) Pause Young (Normal) (G1 Evacuation Pause) 348M->150M(413M) 5.822ms
[32.226s][info][gc,cpu         ] GC(184) User=0.14s Sys=0.00s Real=0.02s
[32.314s][info][gc,start       ] GC(185) Pause Young (Normal) (G1 Evacuation Pause)
[32.314s][info][gc,task        ] GC(185) Using 9 workers of 33 for evacuation
[32.319s][info][gc,phases      ] GC(185)   Pre Evacuate Collection Set: 0.1ms
[32.319s][info][gc,phases      ] GC(185)   Merge Heap Roots: 0.1ms
[32.319s][info][gc,phases      ] GC(185)   Evacuate Collection Set: 4.8ms
[32.319s][info][gc,phases      ] GC(185)   Post Evacuate Collection Set: 0.4ms
[32.319s][info][gc,phases      ] GC(185)   Other: 0.2ms
[32.319s][info][gc,heap        ] GC(185) Eden regions: 222->0(220)
[32.319s][info][gc,heap        ] GC(185) Survivor regions: 12->13(30)
[32.319s][info][gc,heap        ] GC(185) Old regions: 130->130
[32.320s][info][gc,heap        ] GC(185) Archive regions: 0->0
[32.320s][info][gc,heap        ] GC(185) Humongous regions: 15->15
[32.320s][info][gc,metaspace   ] GC(185) Metaspace: 59792K(60608K)->59792K(60608K) NonClass: 52239K(52672K)->52239K(52672K) Class: 7553K(7936K)->7553K(7936K)
[32.320s][info][gc             ] GC(185) Pause Young (Normal) (G1 Evacuation Pause) 372M->150M(413M) 6.025ms
[32.320s][info][gc,cpu         ] GC(185) User=0.14s Sys=0.00s Real=0.02s
[32.392s][info][gc,start       ] GC(186) Pause Young (Normal) (G1 Evacuation Pause)
[32.392s][info][gc,task        ] GC(186) Using 9 workers of 33 for evacuation
[32.398s][info][gc,phases      ] GC(186)   Pre Evacuate Collection Set: 0.1ms
[32.398s][info][gc,phases      ] GC(186)   Merge Heap Roots: 0.1ms
[32.398s][info][gc,phases      ] GC(186)   Evacuate Collection Set: 4.8ms
[32.398s][info][gc,phases      ] GC(186)   Post Evacuate Collection Set: 0.4ms
[32.398s][info][gc,phases      ] GC(186)   Other: 0.1ms
[32.398s][info][gc,heap        ] GC(186) Eden regions: 220->0(220)
[32.398s][info][gc,heap        ] GC(186) Survivor regions: 13->13(30)
[32.398s][info][gc,heap        ] GC(186) Old regions: 130->130
[32.398s][info][gc,heap        ] GC(186) Archive regions: 0->0
[32.398s][info][gc,heap        ] GC(186) Humongous regions: 15->15
[32.398s][info][gc,metaspace   ] GC(186) Metaspace: 59792K(60608K)->59792K(60608K) NonClass: 52239K(52672K)->52239K(52672K) Class: 7553K(7936K)->7553K(7936K)
[32.398s][info][gc             ] GC(186) Pause Young (Normal) (G1 Evacuation Pause) 370M->150M(413M) 6.011ms
[32.398s][info][gc,cpu         ] GC(186) User=0.14s Sys=0.00s Real=0.02s
[32.525s][info][gc,start       ] GC(187) Pause Young (Normal) (G1 Evacuation Pause)
[32.525s][info][gc,task        ] GC(187) Using 9 workers of 33 for evacuation
[32.531s][info][gc,phases      ] GC(187)   Pre Evacuate Collection Set: 0.1ms
[32.531s][info][gc,phases      ] GC(187)   Merge Heap Roots: 0.1ms
[32.531s][info][gc,phases      ] GC(187)   Evacuate Collection Set: 5.1ms
[32.531s][info][gc,phases      ] GC(187)   Post Evacuate Collection Set: 0.6ms
[32.531s][info][gc,phases      ] GC(187)   Other: 0.2ms
[32.531s][info][gc,heap        ] GC(187) Eden regions: 220->0(222)
[32.531s][info][gc,heap        ] GC(187) Survivor regions: 13->12(30)
[32.531s][info][gc,heap        ] GC(187) Old regions: 130->130
[32.531s][info][gc,heap        ] GC(187) Archive regions: 0->0
[32.531s][info][gc,heap        ] GC(187) Humongous regions: 15->15
[32.531s][info][gc,metaspace   ] GC(187) Metaspace: 59792K(60608K)->59792K(60608K) NonClass: 52239K(52672K)->52239K(52672K) Class: 7553K(7936K)->7553K(7936K)
[32.531s][info][gc             ] GC(187) Pause Young (Normal) (G1 Evacuation Pause) 370M->150M(413M) 6.591ms
[32.531s][info][gc,cpu         ] GC(187) User=0.00s Sys=0.00s Real=0.00s
[32.684s][info][gc,start       ] GC(188) Pause Young (Normal) (G1 Evacuation Pause)
[32.685s][info][gc,task        ] GC(188) Using 9 workers of 33 for evacuation
[32.691s][info][gc,phases      ] GC(188)   Pre Evacuate Collection Set: 0.1ms
[32.691s][info][gc,phases      ] GC(188)   Merge Heap Roots: 0.1ms
[32.691s][info][gc,phases      ] GC(188)   Evacuate Collection Set: 5.2ms
[32.691s][info][gc,phases      ] GC(188)   Post Evacuate Collection Set: 0.5ms
[32.691s][info][gc,phases      ] GC(188)   Other: 0.1ms
[32.691s][info][gc,heap        ] GC(188) Eden regions: 222->0(222)
[32.691s][info][gc,heap        ] GC(188) Survivor regions: 12->12(30)
[32.691s][info][gc,heap        ] GC(188) Old regions: 130->130
[32.691s][info][gc,heap        ] GC(188) Archive regions: 0->0
[32.691s][info][gc,heap        ] GC(188) Humongous regions: 15->15
[32.691s][info][gc,metaspace   ] GC(188) Metaspace: 59794K(60608K)->59794K(60608K) NonClass: 52241K(52672K)->52241K(52672K) Class: 7553K(7936K)->7553K(7936K)
[32.691s][info][gc             ] GC(188) Pause Young (Normal) (G1 Evacuation Pause) 372M->150M(413M) 6.325ms
[32.691s][info][gc,cpu         ] GC(188) User=0.00s Sys=0.00s Real=0.00s
[32.845s][info][gc,start       ] GC(189) Pause Young (Normal) (G1 Evacuation Pause)
[32.845s][info][gc,task        ] GC(189) Using 9 workers of 33 for evacuation
[32.853s][info][gc,phases      ] GC(189)   Pre Evacuate Collection Set: 0.1ms
[32.853s][info][gc,phases      ] GC(189)   Merge Heap Roots: 0.1ms
[32.853s][info][gc,phases      ] GC(189)   Evacuate Collection Set: 6.8ms
[32.853s][info][gc,phases      ] GC(189)   Post Evacuate Collection Set: 0.4ms
[32.853s][info][gc,phases      ] GC(189)   Other: 0.2ms
[32.853s][info][gc,heap        ] GC(189) Eden regions: 222->0(222)
[32.853s][info][gc,heap        ] GC(189) Survivor regions: 12->12(30)
[32.853s][info][gc,heap        ] GC(189) Old regions: 130->130
[32.853s][info][gc,heap        ] GC(189) Archive regions: 0->0
[32.853s][info][gc,heap        ] GC(189) Humongous regions: 15->15
[32.853s][info][gc,metaspace   ] GC(189) Metaspace: 59794K(60608K)->59794K(60608K) NonClass: 52241K(52672K)->52241K(52672K) Class: 7553K(7936K)->7553K(7936K)
[32.854s][info][gc             ] GC(189) Pause Young (Normal) (G1 Evacuation Pause) 372M->150M(413M) 8.117ms
[32.854s][info][gc,cpu         ] GC(189) User=0.14s Sys=0.00s Real=0.02s
[33.007s][info][gc,start       ] GC(190) Pause Young (Normal) (G1 Evacuation Pause)
[33.007s][info][gc,task        ] GC(190) Using 9 workers of 33 for evacuation
[33.013s][info][gc,phases      ] GC(190)   Pre Evacuate Collection Set: 0.1ms
[33.013s][info][gc,phases      ] GC(190)   Merge Heap Roots: 0.1ms
[33.013s][info][gc,phases      ] GC(190)   Evacuate Collection Set: 5.1ms
[33.013s][info][gc,phases      ] GC(190)   Post Evacuate Collection Set: 0.4ms
[33.013s][info][gc,phases      ] GC(190)   Other: 0.1ms
[33.013s][info][gc,heap        ] GC(190) Eden regions: 222->0(222)
[33.013s][info][gc,heap        ] GC(190) Survivor regions: 12->12(30)
[33.013s][info][gc,heap        ] GC(190) Old regions: 130->130
[33.013s][info][gc,heap        ] GC(190) Archive regions: 0->0
[33.013s][info][gc,heap        ] GC(190) Humongous regions: 15->15
[33.013s][info][gc,metaspace   ] GC(190) Metaspace: 59794K(60608K)->59794K(60608K) NonClass: 52241K(52672K)->52241K(52672K) Class: 7553K(7936K)->7553K(7936K)
[33.013s][info][gc             ] GC(190) Pause Young (Normal) (G1 Evacuation Pause) 372M->150M(413M) 6.334ms
[33.013s][info][gc,cpu         ] GC(190) User=0.00s Sys=0.00s Real=0.00s
[33.109s][info][gc,start       ] GC(191) Pause Full (System.gc())
[33.109s][info][gc,task        ] GC(191) Using 9 workers of 33 for full compaction
[33.109s][info][gc,phases,start] GC(191) Phase 1: Mark live objects
[33.143s][info][gc,phases      ] GC(191) Phase 1: Mark live objects 33.802ms
[33.143s][info][gc,phases,start] GC(191) Phase 2: Prepare compaction
[33.147s][info][gc,phases      ] GC(191) Phase 2: Prepare compaction 4.180ms
[33.147s][info][gc,phases,start] GC(191) Phase 3: Adjust pointers
[33.153s][info][gc,phases      ] GC(191) Phase 3: Adjust pointers 6.261ms
[33.153s][info][gc,phases,start] GC(191) Phase 4: Compact heap
[33.154s][info][gc,phases      ] GC(191) Phase 4: Compact heap 0.357ms
[33.159s][info][gc,heap        ] GC(191) Eden regions: 110->0(214)
[33.159s][info][gc,heap        ] GC(191) Survivor regions: 12->0(30)
[33.159s][info][gc,heap        ] GC(191) Old regions: 130->98
[33.159s][info][gc,heap        ] GC(191) Archive regions: 0->0
[33.159s][info][gc,heap        ] GC(191) Humongous regions: 20->9
[33.159s][info][gc,metaspace   ] GC(191) Metaspace: 59811K(60672K)->59811K(60672K) NonClass: 52257K(52736K)->52257K(52736K) Class: 7553K(7936K)->7553K(7936K)
[33.159s][info][gc             ] GC(191) Pause Full (System.gc()) 265M->101M(357M) 50.722ms
[33.159s][info][gc,cpu         ] GC(191) User=0.42s Sys=0.00s Real=0.05s
[33.313s][info][gc,start       ] GC(192) Pause Young (Normal) (G1 Evacuation Pause)
[33.364s][info][gc,task        ] GC(192) Using 8 workers of 33 for evacuation
[33.370s][info][gc,phases      ] GC(192)   Pre Evacuate Collection Set: 0.2ms
[33.370s][info][gc,phases      ] GC(192)   Merge Heap Roots: 0.1ms
[33.370s][info][gc,phases      ] GC(192)   Evacuate Collection Set: 4.9ms
[33.370s][info][gc,phases      ] GC(192)   Post Evacuate Collection Set: 0.8ms
[33.370s][info][gc,phases      ] GC(192)   Other: 0.2ms
[33.370s][info][gc,heap        ] GC(192) Eden regions: 214->0(207)
[33.370s][info][gc,heap        ] GC(192) Survivor regions: 0->7(27)
[33.370s][info][gc,heap        ] GC(192) Old regions: 98->98
[33.370s][info][gc,heap        ] GC(192) Archive regions: 0->0
[33.370s][info][gc,heap        ] GC(192) Humongous regions: 19->9
[33.370s][info][gc,metaspace   ] GC(192) Metaspace: 59855K(60736K)->59855K(60736K) NonClass: 52301K(52800K)->52301K(52800K) Class: 7554K(7936K)->7554K(7936K)
[33.370s][info][gc             ] GC(192) Pause Young (Normal) (G1 Evacuation Pause) 325M->108M(357M) 57.281ms
[33.370s][info][gc,cpu         ] GC(192) User=0.02s Sys=0.00s Real=0.06s
[33.453s][info][gc,start       ] GC(193) Pause Young (Normal) (G1 Evacuation Pause)
[33.453s][info][gc,task        ] GC(193) Using 8 workers of 33 for evacuation
[33.464s][info][gc,phases      ] GC(193)   Pre Evacuate Collection Set: 0.1ms
[33.464s][info][gc,phases      ] GC(193)   Merge Heap Roots: 0.1ms
[33.464s][info][gc,phases      ] GC(193)   Evacuate Collection Set: 9.8ms
[33.464s][info][gc,phases      ] GC(193)   Post Evacuate Collection Set: 0.7ms
[33.464s][info][gc,phases      ] GC(193)   Other: 0.2ms
[33.464s][info][gc,heap        ] GC(193) Eden regions: 207->0(198)
[33.464s][info][gc,heap        ] GC(193) Survivor regions: 7->15(27)
[33.464s][info][gc,heap        ] GC(193) Old regions: 98->98
[33.464s][info][gc,heap        ] GC(193) Archive regions: 0->0
[33.464s][info][gc,heap        ] GC(193) Humongous regions: 12->12
[33.464s][info][gc,metaspace   ] GC(193) Metaspace: 59855K(60736K)->59855K(60736K) NonClass: 52301K(52800K)->52301K(52800K) Class: 7554K(7936K)->7554K(7936K)
[33.464s][info][gc             ] GC(193) Pause Young (Normal) (G1 Evacuation Pause) 318M->119M(357M) 11.413ms
[33.464s][info][gc,cpu         ] GC(193) User=0.13s Sys=0.00s Real=0.02s
[33.534s][info][gc,start       ] GC(194) Pause Young (Normal) (G1 Evacuation Pause)
[33.535s][info][gc,task        ] GC(194) Using 8 workers of 33 for evacuation
[33.547s][info][gc,phases      ] GC(194)   Pre Evacuate Collection Set: 0.1ms
[33.547s][info][gc,phases      ] GC(194)   Merge Heap Roots: 0.1ms
[33.547s][info][gc,phases      ] GC(194)   Evacuate Collection Set: 11.5ms
[33.547s][info][gc,phases      ] GC(194)   Post Evacuate Collection Set: 0.6ms
[33.547s][info][gc,phases      ] GC(194)   Other: 0.2ms
[33.547s][info][gc,heap        ] GC(194) Eden regions: 198->0(180)
[33.547s][info][gc,heap        ] GC(194) Survivor regions: 15->24(27)
[33.547s][info][gc,heap        ] GC(194) Old regions: 98->98
[33.547s][info][gc,heap        ] GC(194) Archive regions: 0->0
[33.547s][info][gc,heap        ] GC(194) Humongous regions: 12->12
[33.547s][info][gc,metaspace   ] GC(194) Metaspace: 59855K(60736K)->59855K(60736K) NonClass: 52301K(52800K)->52301K(52800K) Class: 7554K(7936K)->7554K(7936K)
[33.547s][info][gc             ] GC(194) Pause Young (Normal) (G1 Evacuation Pause) 317M->128M(357M) 12.872ms
[33.547s][info][gc,cpu         ] GC(194) User=0.13s Sys=0.00s Real=0.02s
[33.608s][info][gc,start       ] GC(195) Pause Young (Normal) (G1 Evacuation Pause)
[33.608s][info][gc,task        ] GC(195) Using 8 workers of 33 for evacuation
[33.624s][info][gc,phases      ] GC(195)   Pre Evacuate Collection Set: 0.1ms
[33.624s][info][gc,phases      ] GC(195)   Merge Heap Roots: 0.1ms
[33.624s][info][gc,phases      ] GC(195)   Evacuate Collection Set: 15.0ms
[33.624s][info][gc,phases      ] GC(195)   Post Evacuate Collection Set: 0.4ms
[33.624s][info][gc,phases      ] GC(195)   Other: 0.2ms
[33.624s][info][gc,heap        ] GC(195) Eden regions: 180->0(173)
[33.624s][info][gc,heap        ] GC(195) Survivor regions: 24->19(26)
[33.624s][info][gc,heap        ] GC(195) Old regions: 98->112
[33.624s][info][gc,heap        ] GC(195) Archive regions: 0->0
[33.624s][info][gc,heap        ] GC(195) Humongous regions: 15->15
[33.624s][info][gc,metaspace   ] GC(195) Metaspace: 59855K(60736K)->59855K(60736K) NonClass: 52301K(52800K)->52301K(52800K) Class: 7554K(7936K)->7554K(7936K)
[33.624s][info][gc             ] GC(195) Pause Young (Normal) (G1 Evacuation Pause) 311M->139M(357M) 16.303ms
[33.624s][info][gc,cpu         ] GC(195) User=0.13s Sys=0.00s Real=0.02s
[33.678s][info][gc,start       ] GC(196) Pause Young (Normal) (G1 Evacuation Pause)
[33.678s][info][gc,task        ] GC(196) Using 8 workers of 33 for evacuation
[33.692s][info][gc,phases      ] GC(196)   Pre Evacuate Collection Set: 0.1ms
[33.692s][info][gc,phases      ] GC(196)   Merge Heap Roots: 0.1ms
[33.692s][info][gc,phases      ] GC(196)   Evacuate Collection Set: 13.4ms
[33.692s][info][gc,phases      ] GC(196)   Post Evacuate Collection Set: 0.8ms
[33.693s][info][gc,phases      ] GC(196)   Other: 0.1ms
[33.693s][info][gc,heap        ] GC(196) Eden regions: 173->0(201)
[33.693s][info][gc,heap        ] GC(196) Survivor regions: 19->16(24)
[33.693s][info][gc,heap        ] GC(196) Old regions: 112->122
[33.693s][info][gc,heap        ] GC(196) Archive regions: 0->0
[33.693s][info][gc,heap        ] GC(196) Humongous regions: 15->15
[33.693s][info][gc,metaspace   ] GC(196) Metaspace: 59855K(60736K)->59855K(60736K) NonClass: 52301K(52800K)->52301K(52800K) Class: 7554K(7936K)->7554K(7936K)
[33.693s][info][gc             ] GC(196) Pause Young (Normal) (G1 Evacuation Pause) 312M->146M(391M) 14.784ms
[33.693s][info][gc,cpu         ] GC(196) User=0.00s Sys=0.02s Real=0.02s
[33.770s][info][gc,start       ] GC(197) Pause Young (Normal) (G1 Evacuation Pause)
[33.770s][info][gc,task        ] GC(197) Using 9 workers of 33 for evacuation
[33.779s][info][gc,phases      ] GC(197)   Pre Evacuate Collection Set: 0.2ms
[33.779s][info][gc,phases      ] GC(197)   Merge Heap Roots: 0.1ms
[33.779s][info][gc,phases      ] GC(197)   Evacuate Collection Set: 7.7ms
[33.779s][info][gc,phases      ] GC(197)   Post Evacuate Collection Set: 0.4ms
[33.779s][info][gc,phases      ] GC(197)   Other: 0.2ms
[33.779s][info][gc,heap        ] GC(197) Eden regions: 201->0(198)
[33.779s][info][gc,heap        ] GC(197) Survivor regions: 16->13(28)
[33.779s][info][gc,heap        ] GC(197) Old regions: 122->131
[33.779s][info][gc,heap        ] GC(197) Archive regions: 0->0
[33.779s][info][gc,heap        ] GC(197) Humongous regions: 15->15
[33.779s][info][gc,metaspace   ] GC(197) Metaspace: 59855K(60736K)->59855K(60736K) NonClass: 52301K(52800K)->52301K(52800K) Class: 7554K(7936K)->7554K(7936K)
[33.779s][info][gc             ] GC(197) Pause Young (Normal) (G1 Evacuation Pause) 347M->152M(391M) 8.970ms
[33.779s][info][gc,cpu         ] GC(197) User=0.14s Sys=0.00s Real=0.02s
[33.844s][info][gc,start       ] GC(198) Pause Young (Normal) (G1 Evacuation Pause)
[33.844s][info][gc,task        ] GC(198) Using 9 workers of 33 for evacuation
[33.850s][info][gc,phases      ] GC(198)   Pre Evacuate Collection Set: 0.1ms
[33.850s][info][gc,phases      ] GC(198)   Merge Heap Roots: 0.1ms
[33.850s][info][gc,phases      ] GC(198)   Evacuate Collection Set: 4.8ms
[33.850s][info][gc,phases      ] GC(198)   Post Evacuate Collection Set: 0.4ms
[33.850s][info][gc,phases      ] GC(198)   Other: 0.1ms
[33.850s][info][gc,heap        ] GC(198) Eden regions: 198->0(198)
[33.850s][info][gc,heap        ] GC(198) Survivor regions: 13->13(27)
[33.850s][info][gc,heap        ] GC(198) Old regions: 131->131
[33.850s][info][gc,heap        ] GC(198) Archive regions: 0->0
[33.850s][info][gc,heap        ] GC(198) Humongous regions: 15->15
[33.850s][info][gc,metaspace   ] GC(198) Metaspace: 59855K(60736K)->59855K(60736K) NonClass: 52301K(52800K)->52301K(52800K) Class: 7554K(7936K)->7554K(7936K)
[33.850s][info][gc             ] GC(198) Pause Young (Normal) (G1 Evacuation Pause) 350M->152M(391M) 6.006ms
[33.850s][info][gc,cpu         ] GC(198) User=0.14s Sys=0.00s Real=0.02s
[33.922s][info][gc,start       ] GC(199) Pause Young (Normal) (G1 Evacuation Pause)
[33.922s][info][gc,task        ] GC(199) Using 9 workers of 33 for evacuation
[33.928s][info][gc,phases      ] GC(199)   Pre Evacuate Collection Set: 0.1ms
[33.928s][info][gc,phases      ] GC(199)   Merge Heap Roots: 0.1ms
[33.928s][info][gc,phases      ] GC(199)   Evacuate Collection Set: 4.8ms
[33.928s][info][gc,phases      ] GC(199)   Post Evacuate Collection Set: 0.4ms
[33.928s][info][gc,phases      ] GC(199)   Other: 0.1ms
[33.928s][info][gc,heap        ] GC(199) Eden regions: 198->0(200)
[33.928s][info][gc,heap        ] GC(199) Survivor regions: 13->12(27)
[33.928s][info][gc,heap        ] GC(199) Old regions: 131->131
[33.928s][info][gc,heap        ] GC(199) Archive regions: 0->0
[33.928s][info][gc,heap        ] GC(199) Humongous regions: 15->15
[33.928s][info][gc,metaspace   ] GC(199) Metaspace: 59855K(60736K)->59855K(60736K) NonClass: 52301K(52800K)->52301K(52800K) Class: 7554K(7936K)->7554K(7936K)
[33.928s][info][gc             ] GC(199) Pause Young (Normal) (G1 Evacuation Pause) 350M->151M(391M) 5.938ms
[33.928s][info][gc,cpu         ] GC(199) User=0.14s Sys=0.00s Real=0.02s
[33.995s][info][gc,start       ] GC(200) Pause Young (Normal) (G1 Evacuation Pause)
[33.995s][info][gc,task        ] GC(200) Using 9 workers of 33 for evacuation
[34.000s][info][gc,phases      ] GC(200)   Pre Evacuate Collection Set: 0.1ms
[34.000s][info][gc,phases      ] GC(200)   Merge Heap Roots: 0.1ms
[34.000s][info][gc,phases      ] GC(200)   Evacuate Collection Set: 4.7ms
[34.000s][info][gc,phases      ] GC(200)   Post Evacuate Collection Set: 0.4ms
[34.000s][info][gc,phases      ] GC(200)   Other: 0.1ms
[34.000s][info][gc,heap        ] GC(200) Eden regions: 200->0(200)
[34.001s][info][gc,heap        ] GC(200) Survivor regions: 12->12(27)
[34.001s][info][gc,heap        ] GC(200) Old regions: 131->131
[34.001s][info][gc,heap        ] GC(200) Archive regions: 0->0
[34.001s][info][gc,heap        ] GC(200) Humongous regions: 15->15
[34.001s][info][gc,metaspace   ] GC(200) Metaspace: 59855K(60736K)->59855K(60736K) NonClass: 52301K(52800K)->52301K(52800K) Class: 7554K(7936K)->7554K(7936K)
[34.001s][info][gc             ] GC(200) Pause Young (Normal) (G1 Evacuation Pause) 351M->151M(391M) 5.860ms
[34.001s][info][gc,cpu         ] GC(200) User=0.00s Sys=0.00s Real=0.00s
[34.066s][info][gc,start       ] GC(201) Pause Young (Normal) (G1 Evacuation Pause)
[34.066s][info][gc,task        ] GC(201) Using 9 workers of 33 for evacuation
[34.071s][info][gc,phases      ] GC(201)   Pre Evacuate Collection Set: 0.1ms
[34.071s][info][gc,phases      ] GC(201)   Merge Heap Roots: 0.1ms
[34.071s][info][gc,phases      ] GC(201)   Evacuate Collection Set: 4.8ms
[34.071s][info][gc,phases      ] GC(201)   Post Evacuate Collection Set: 0.4ms
[34.071s][info][gc,phases      ] GC(201)   Other: 0.1ms
[34.071s][info][gc,heap        ] GC(201) Eden regions: 200->0(200)
[34.071s][info][gc,heap        ] GC(201) Survivor regions: 12->12(27)
[34.071s][info][gc,heap        ] GC(201) Old regions: 131->131
[34.071s][info][gc,heap        ] GC(201) Archive regions: 0->0
[34.071s][info][gc,heap        ] GC(201) Humongous regions: 15->15
[34.072s][info][gc,metaspace   ] GC(201) Metaspace: 59855K(60736K)->59855K(60736K) NonClass: 52301K(52800K)->52301K(52800K) Class: 7554K(7936K)->7554K(7936K)
[34.072s][info][gc             ] GC(201) Pause Young (Normal) (G1 Evacuation Pause) 351M->151M(391M) 5.975ms
[34.072s][info][gc,cpu         ] GC(201) User=0.14s Sys=0.00s Real=0.02s
[34.213s][info][gc,start       ] GC(202) Pause Young (Normal) (G1 Evacuation Pause)
[34.213s][info][gc,task        ] GC(202) Using 9 workers of 33 for evacuation
[34.220s][info][gc,phases      ] GC(202)   Pre Evacuate Collection Set: 0.1ms
[34.220s][info][gc,phases      ] GC(202)   Merge Heap Roots: 0.1ms
[34.220s][info][gc,phases      ] GC(202)   Evacuate Collection Set: 5.1ms
[34.220s][info][gc,phases      ] GC(202)   Post Evacuate Collection Set: 0.8ms
[34.220s][info][gc,phases      ] GC(202)   Other: 0.1ms
[34.220s][info][gc,heap        ] GC(202) Eden regions: 200->0(213)
[34.220s][info][gc,heap        ] GC(202) Survivor regions: 12->12(27)
[34.220s][info][gc,heap        ] GC(202) Old regions: 131->131
[34.220s][info][gc,heap        ] GC(202) Archive regions: 0->0
[34.220s][info][gc,heap        ] GC(202) Humongous regions: 15->15
[34.220s][info][gc,metaspace   ] GC(202) Metaspace: 59859K(60736K)->59859K(60736K) NonClass: 52305K(52800K)->52305K(52800K) Class: 7554K(7936K)->7554K(7936K)
[34.220s][info][gc             ] GC(202) Pause Young (Normal) (G1 Evacuation Pause) 351M->151M(404M) 6.748ms
[34.220s][info][gc,cpu         ] GC(202) User=0.00s Sys=0.00s Real=0.02s
[34.374s][info][gc,start       ] GC(203) Pause Young (Normal) (G1 Evacuation Pause)
[34.374s][info][gc,task        ] GC(203) Using 9 workers of 33 for evacuation
[34.380s][info][gc,phases      ] GC(203)   Pre Evacuate Collection Set: 0.1ms
[34.380s][info][gc,phases      ] GC(203)   Merge Heap Roots: 0.1ms
[34.380s][info][gc,phases      ] GC(203)   Evacuate Collection Set: 5.1ms
[34.380s][info][gc,phases      ] GC(203)   Post Evacuate Collection Set: 0.4ms
[34.380s][info][gc,phases      ] GC(203)   Other: 0.2ms
[34.380s][info][gc,heap        ] GC(203) Eden regions: 213->0(213)
[34.380s][info][gc,heap        ] GC(203) Survivor regions: 12->12(29)
[34.380s][info][gc,heap        ] GC(203) Old regions: 131->131
[34.380s][info][gc,heap        ] GC(203) Archive regions: 0->0
[34.380s][info][gc,heap        ] GC(203) Humongous regions: 15->15
[34.380s][info][gc,metaspace   ] GC(203) Metaspace: 59859K(60736K)->59859K(60736K) NonClass: 52305K(52800K)->52305K(52800K) Class: 7554K(7936K)->7554K(7936K)
[34.380s][info][gc             ] GC(203) Pause Young (Normal) (G1 Evacuation Pause) 364M->151M(404M) 6.343ms
[34.380s][info][gc,cpu         ] GC(203) User=0.14s Sys=0.00s Real=0.02s
[34.516s][info][gc,start       ] GC(204) Pause Young (Normal) (G1 Evacuation Pause)
[34.516s][info][gc,task        ] GC(204) Using 9 workers of 33 for evacuation
[34.522s][info][gc,phases      ] GC(204)   Pre Evacuate Collection Set: 0.1ms
[34.522s][info][gc,phases      ] GC(204)   Merge Heap Roots: 0.1ms
[34.522s][info][gc,phases      ] GC(204)   Evacuate Collection Set: 5.0ms
[34.522s][info][gc,phases      ] GC(204)   Post Evacuate Collection Set: 0.4ms
[34.522s][info][gc,phases      ] GC(204)   Other: 0.1ms
[34.522s][info][gc,heap        ] GC(204) Eden regions: 213->0(213)
[34.522s][info][gc,heap        ] GC(204) Survivor regions: 12->12(29)
[34.522s][info][gc,heap        ] GC(204) Old regions: 131->131
[34.522s][info][gc,heap        ] GC(204) Archive regions: 0->0
[34.522s][info][gc,heap        ] GC(204) Humongous regions: 15->15
[34.522s][info][gc,metaspace   ] GC(204) Metaspace: 59859K(60736K)->59859K(60736K) NonClass: 52305K(52800K)->52305K(52800K) Class: 7554K(7936K)->7554K(7936K)
[34.522s][info][gc             ] GC(204) Pause Young (Normal) (G1 Evacuation Pause) 364M->151M(404M) 6.263ms
[34.522s][info][gc,cpu         ] GC(204) User=0.14s Sys=0.00s Real=0.02s
[34.656s][info][gc,start       ] GC(205) Pause Young (Normal) (G1 Evacuation Pause)
[34.656s][info][gc,task        ] GC(205) Using 9 workers of 33 for evacuation
[34.662s][info][gc,phases      ] GC(205)   Pre Evacuate Collection Set: 0.1ms
[34.662s][info][gc,phases      ] GC(205)   Merge Heap Roots: 0.1ms
[34.662s][info][gc,phases      ] GC(205)   Evacuate Collection Set: 5.0ms
[34.662s][info][gc,phases      ] GC(205)   Post Evacuate Collection Set: 0.4ms
[34.662s][info][gc,phases      ] GC(205)   Other: 0.1ms
[34.662s][info][gc,heap        ] GC(205) Eden regions: 213->0(213)
[34.662s][info][gc,heap        ] GC(205) Survivor regions: 12->12(29)
[34.662s][info][gc,heap        ] GC(205) Old regions: 131->131
[34.662s][info][gc,heap        ] GC(205) Archive regions: 0->0
[34.662s][info][gc,heap        ] GC(205) Humongous regions: 15->15
[34.662s][info][gc,metaspace   ] GC(205) Metaspace: 59859K(60736K)->59859K(60736K) NonClass: 52305K(52800K)->52305K(52800K) Class: 7554K(7936K)->7554K(7936K)
[34.662s][info][gc             ] GC(205) Pause Young (Normal) (G1 Evacuation Pause) 364M->151M(404M) 6.240ms
[34.662s][info][gc,cpu         ] GC(205) User=0.14s Sys=0.00s Real=0.02s
[34.724s][info][gc,start       ] GC(206) Pause Full (System.gc())
[34.742s][info][gc,task        ] GC(206) Using 9 workers of 33 for full compaction
[34.742s][info][gc,phases,start] GC(206) Phase 1: Mark live objects
[34.776s][info][gc,phases      ] GC(206) Phase 1: Mark live objects 33.484ms
[34.776s][info][gc,phases,start] GC(206) Phase 2: Prepare compaction
[34.780s][info][gc,phases      ] GC(206) Phase 2: Prepare compaction 4.735ms
[34.780s][info][gc,phases,start] GC(206) Phase 3: Adjust pointers
[34.787s][info][gc,phases      ] GC(206) Phase 3: Adjust pointers 6.762ms
[34.787s][info][gc,phases,start] GC(206) Phase 4: Compact heap
[34.788s][info][gc,phases      ] GC(206) Phase 4: Compact heap 0.377ms
[34.795s][info][gc,heap        ] GC(206) Eden regions: 54->0(214)
[34.795s][info][gc,heap        ] GC(206) Survivor regions: 12->0(29)
[34.795s][info][gc,heap        ] GC(206) Old regions: 131->98
[34.796s][info][gc,heap        ] GC(206) Archive regions: 0->0
[34.796s][info][gc,heap        ] GC(206) Humongous regions: 20->9
[34.796s][info][gc,metaspace   ] GC(206) Metaspace: 59885K(60736K)->59885K(60736K) NonClass: 52331K(52800K)->52331K(52800K) Class: 7554K(7936K)->7554K(7936K)
[34.796s][info][gc             ] GC(206) Pause Full (System.gc()) 210M->101M(357M) 71.640ms
[34.796s][info][gc,cpu         ] GC(206) User=0.39s Sys=0.00s Real=0.06s
[34.949s][info][gc,start       ] GC(207) Pause Young (Normal) (G1 Evacuation Pause)
[34.949s][info][gc,task        ] GC(207) Using 8 workers of 33 for evacuation
[34.954s][info][gc,phases      ] GC(207)   Pre Evacuate Collection Set: 0.2ms
[34.954s][info][gc,phases      ] GC(207)   Merge Heap Roots: 0.1ms
[34.954s][info][gc,phases      ] GC(207)   Evacuate Collection Set: 3.9ms
[34.954s][info][gc,phases      ] GC(207)   Post Evacuate Collection Set: 0.7ms
[34.954s][info][gc,phases      ] GC(207)   Other: 0.2ms
[34.954s][info][gc,heap        ] GC(207) Eden regions: 214->0(206)
[34.954s][info][gc,heap        ] GC(207) Survivor regions: 0->8(27)
[34.954s][info][gc,heap        ] GC(207) Old regions: 98->98
[34.954s][info][gc,heap        ] GC(207) Archive regions: 0->0
[34.954s][info][gc,heap        ] GC(207) Humongous regions: 19->9
[34.954s][info][gc,metaspace   ] GC(207) Metaspace: 59902K(60736K)->59902K(60736K) NonClass: 52348K(52800K)->52348K(52800K) Class: 7554K(7936K)->7554K(7936K)
[34.954s][info][gc             ] GC(207) Pause Young (Normal) (G1 Evacuation Pause) 325M->108M(357M) 5.523ms
[34.954s][info][gc,cpu         ] GC(207) User=0.00s Sys=0.00s Real=0.00s
[35.021s][info][gc,start       ] GC(208) Pause Young (Normal) (G1 Evacuation Pause)
[35.021s][info][gc,task        ] GC(208) Using 8 workers of 33 for evacuation
[35.031s][info][gc,phases      ] GC(208)   Pre Evacuate Collection Set: 0.1ms
[35.031s][info][gc,phases      ] GC(208)   Merge Heap Roots: 0.1ms
[35.031s][info][gc,phases      ] GC(208)   Evacuate Collection Set: 8.8ms
[35.031s][info][gc,phases      ] GC(208)   Post Evacuate Collection Set: 0.7ms
[35.031s][info][gc,phases      ] GC(208)   Other: 0.2ms
[35.031s][info][gc,heap        ] GC(208) Eden regions: 206->0(198)
[35.031s][info][gc,heap        ] GC(208) Survivor regions: 8->15(27)
[35.031s][info][gc,heap        ] GC(208) Old regions: 98->98
[35.031s][info][gc,heap        ] GC(208) Archive regions: 0->0
[35.031s][info][gc,heap        ] GC(208) Humongous regions: 12->12
[35.031s][info][gc,metaspace   ] GC(208) Metaspace: 59905K(60800K)->59905K(60800K) NonClass: 52351K(52864K)->52351K(52864K) Class: 7554K(7936K)->7554K(7936K)
[35.031s][info][gc             ] GC(208) Pause Young (Normal) (G1 Evacuation Pause) 317M->118M(357M) 10.319ms
[35.031s][info][gc,cpu         ] GC(208) User=0.00s Sys=0.00s Real=0.00s
[35.092s][info][gc,start       ] GC(209) Pause Young (Normal) (G1 Evacuation Pause)
[35.092s][info][gc,task        ] GC(209) Using 8 workers of 33 for evacuation
[35.104s][info][gc,phases      ] GC(209)   Pre Evacuate Collection Set: 0.1ms
[35.104s][info][gc,phases      ] GC(209)   Merge Heap Roots: 0.1ms
[35.104s][info][gc,phases      ] GC(209)   Evacuate Collection Set: 11.0ms
[35.104s][info][gc,phases      ] GC(209)   Post Evacuate Collection Set: 0.7ms
[35.105s][info][gc,phases      ] GC(209)   Other: 0.2ms
[35.105s][info][gc,heap        ] GC(209) Eden regions: 198->0(182)
[35.105s][info][gc,heap        ] GC(209) Survivor regions: 15->23(27)
[35.105s][info][gc,heap        ] GC(209) Old regions: 98->98
[35.105s][info][gc,heap        ] GC(209) Archive regions: 0->0
[35.105s][info][gc,heap        ] GC(209) Humongous regions: 12->12
[35.105s][info][gc,metaspace   ] GC(209) Metaspace: 59905K(60800K)->59905K(60800K) NonClass: 52351K(52864K)->52351K(52864K) Class: 7554K(7936K)->7554K(7936K)
[35.105s][info][gc             ] GC(209) Pause Young (Normal) (G1 Evacuation Pause) 316M->127M(357M) 12.546ms
[35.105s][info][gc,cpu         ] GC(209) User=0.13s Sys=0.00s Real=0.01s
[35.162s][info][gc,start       ] GC(210) Pause Young (Normal) (G1 Evacuation Pause)
[35.162s][info][gc,task        ] GC(210) Using 8 workers of 33 for evacuation
[35.178s][info][gc,phases      ] GC(210)   Pre Evacuate Collection Set: 0.1ms
[35.178s][info][gc,phases      ] GC(210)   Merge Heap Roots: 0.1ms
[35.178s][info][gc,phases      ] GC(210)   Evacuate Collection Set: 14.6ms
[35.178s][info][gc,phases      ] GC(210)   Post Evacuate Collection Set: 0.4ms
[35.178s][info][gc,phases      ] GC(210)   Other: 0.2ms
[35.178s][info][gc,heap        ] GC(210) Eden regions: 182->0(177)
[35.178s][info][gc,heap        ] GC(210) Survivor regions: 23->17(26)
[35.178s][info][gc,heap        ] GC(210) Old regions: 98->112
[35.178s][info][gc,heap        ] GC(210) Archive regions: 0->0
[35.178s][info][gc,heap        ] GC(210) Humongous regions: 15->15
[35.178s][info][gc,metaspace   ] GC(210) Metaspace: 59905K(60800K)->59905K(60800K) NonClass: 52351K(52864K)->52351K(52864K) Class: 7554K(7936K)->7554K(7936K)
[35.178s][info][gc             ] GC(210) Pause Young (Normal) (G1 Evacuation Pause) 312M->137M(357M) 15.809ms
[35.178s][info][gc,cpu         ] GC(210) User=0.13s Sys=0.00s Real=0.02s
[35.233s][info][gc,start       ] GC(211) Pause Young (Normal) (G1 Evacuation Pause)
[35.233s][info][gc,task        ] GC(211) Using 8 workers of 33 for evacuation
[35.247s][info][gc,phases      ] GC(211)   Pre Evacuate Collection Set: 0.1ms
[35.247s][info][gc,phases      ] GC(211)   Merge Heap Roots: 0.1ms
[35.247s][info][gc,phases      ] GC(211)   Evacuate Collection Set: 12.6ms
[35.247s][info][gc,phases      ] GC(211)   Post Evacuate Collection Set: 0.9ms
[35.247s][info][gc,phases      ] GC(211)   Other: 0.2ms
[35.248s][info][gc,heap        ] GC(211) Eden regions: 177->0(206)
[35.248s][info][gc,heap        ] GC(211) Survivor regions: 17->16(25)
[35.248s][info][gc,heap        ] GC(211) Old regions: 112->121
[35.248s][info][gc,heap        ] GC(211) Archive regions: 0->0
[35.248s][info][gc,heap        ] GC(211) Humongous regions: 15->15
[35.248s][info][gc,metaspace   ] GC(211) Metaspace: 59905K(60800K)->59905K(60800K) NonClass: 52351K(52864K)->52351K(52864K) Class: 7554K(7936K)->7554K(7936K)
[35.248s][info][gc             ] GC(211) Pause Young (Normal) (G1 Evacuation Pause) 314M->145M(395M) 14.374ms
[35.248s][info][gc,cpu         ] GC(211) User=0.13s Sys=0.00s Real=0.02s
[35.336s][info][gc,start       ] GC(212) Pause Young (Normal) (G1 Evacuation Pause)
[35.336s][info][gc,task        ] GC(212) Using 9 workers of 33 for evacuation
[35.346s][info][gc,phases      ] GC(212)   Pre Evacuate Collection Set: 0.1ms
[35.346s][info][gc,phases      ] GC(212)   Merge Heap Roots: 0.1ms
[35.346s][info][gc,phases      ] GC(212)   Evacuate Collection Set: 8.8ms
[35.346s][info][gc,phases      ] GC(212)   Post Evacuate Collection Set: 0.4ms
[35.346s][info][gc,phases      ] GC(212)   Other: 0.2ms
[35.346s][info][gc,heap        ] GC(212) Eden regions: 206->0(198)
[35.346s][info][gc,heap        ] GC(212) Survivor regions: 16->20(28)
[35.346s][info][gc,heap        ] GC(212) Old regions: 121->121
[35.346s][info][gc,heap        ] GC(212) Archive regions: 0->0
[35.346s][info][gc,heap        ] GC(212) Humongous regions: 15->15
[35.346s][info][gc,metaspace   ] GC(212) Metaspace: 59913K(60800K)->59913K(60800K) NonClass: 52359K(52864K)->52359K(52864K) Class: 7554K(7936K)->7554K(7936K)
[35.346s][info][gc             ] GC(212) Pause Young (Normal) (G1 Evacuation Pause) 351M->150M(395M) 10.067ms
[35.346s][info][gc,cpu         ] GC(212) User=0.14s Sys=0.00s Real=0.01s
[35.417s][info][gc,start       ] GC(213) Pause Young (Normal) (G1 Evacuation Pause)
[35.417s][info][gc,task        ] GC(213) Using 9 workers of 33 for evacuation
[35.425s][info][gc,phases      ] GC(213)   Pre Evacuate Collection Set: 0.1ms
[35.425s][info][gc,phases      ] GC(213)   Merge Heap Roots: 0.1ms
[35.425s][info][gc,phases      ] GC(213)   Evacuate Collection Set: 7.5ms
[35.425s][info][gc,phases      ] GC(213)   Post Evacuate Collection Set: 0.4ms
[35.425s][info][gc,phases      ] GC(213)   Other: 0.1ms
[35.425s][info][gc,heap        ] GC(213) Eden regions: 198->0(205)
[35.425s][info][gc,heap        ] GC(213) Survivor regions: 20->13(28)
[35.426s][info][gc,heap        ] GC(213) Old regions: 121->128
[35.426s][info][gc,heap        ] GC(213) Archive regions: 0->0
[35.426s][info][gc,heap        ] GC(213) Humongous regions: 15->15
[35.426s][info][gc,metaspace   ] GC(213) Metaspace: 59913K(60800K)->59913K(60800K) NonClass: 52359K(52864K)->52359K(52864K) Class: 7554K(7936K)->7554K(7936K)
[35.426s][info][gc             ] GC(213) Pause Young (Normal) (G1 Evacuation Pause) 348M->150M(395M) 8.768ms
[35.426s][info][gc,cpu         ] GC(213) User=0.14s Sys=0.00s Real=0.01s
[35.512s][info][gc,start       ] GC(214) Pause Young (Normal) (G1 Evacuation Pause)
[35.512s][info][gc,task        ] GC(214) Using 9 workers of 33 for evacuation
[35.517s][info][gc,phases      ] GC(214)   Pre Evacuate Collection Set: 0.1ms
[35.518s][info][gc,phases      ] GC(214)   Merge Heap Roots: 0.1ms
[35.518s][info][gc,phases      ] GC(214)   Evacuate Collection Set: 4.9ms
[35.518s][info][gc,phases      ] GC(214)   Post Evacuate Collection Set: 0.4ms
[35.518s][info][gc,phases      ] GC(214)   Other: 0.1ms
[35.518s][info][gc,heap        ] GC(214) Eden regions: 205->0(205)
[35.518s][info][gc,heap        ] GC(214) Survivor regions: 13->13(28)
[35.518s][info][gc,heap        ] GC(214) Old regions: 128->128
[35.518s][info][gc,heap        ] GC(214) Archive regions: 0->0
[35.518s][info][gc,heap        ] GC(214) Humongous regions: 15->15
[35.518s][info][gc,metaspace   ] GC(214) Metaspace: 59913K(60800K)->59913K(60800K) NonClass: 52359K(52864K)->52359K(52864K) Class: 7554K(7936K)->7554K(7936K)
[35.518s][info][gc             ] GC(214) Pause Young (Normal) (G1 Evacuation Pause) 355M->150M(395M) 6.077ms
[35.518s][info][gc,cpu         ] GC(214) User=0.14s Sys=0.00s Real=0.02s
[35.585s][info][gc,start       ] GC(215) Pause Young (Normal) (G1 Evacuation Pause)
[35.585s][info][gc,task        ] GC(215) Using 9 workers of 33 for evacuation
[35.591s][info][gc,phases      ] GC(215)   Pre Evacuate Collection Set: 0.1ms
[35.591s][info][gc,phases      ] GC(215)   Merge Heap Roots: 0.1ms
[35.591s][info][gc,phases      ] GC(215)   Evacuate Collection Set: 4.9ms
[35.591s][info][gc,phases      ] GC(215)   Post Evacuate Collection Set: 0.4ms
[35.591s][info][gc,phases      ] GC(215)   Other: 0.1ms
[35.591s][info][gc,heap        ] GC(215) Eden regions: 205->0(205)
[35.591s][info][gc,heap        ] GC(215) Survivor regions: 13->13(28)
[35.591s][info][gc,heap        ] GC(215) Old regions: 128->128
[35.591s][info][gc,heap        ] GC(215) Archive regions: 0->0
[35.591s][info][gc,heap        ] GC(215) Humongous regions: 15->15
[35.591s][info][gc,metaspace   ] GC(215) Metaspace: 59913K(60800K)->59913K(60800K) NonClass: 52359K(52864K)->52359K(52864K) Class: 7554K(7936K)->7554K(7936K)
[35.591s][info][gc             ] GC(215) Pause Young (Normal) (G1 Evacuation Pause) 355M->150M(395M) 6.131ms
[35.591s][info][gc,cpu         ] GC(215) User=0.00s Sys=0.00s Real=0.00s
[35.681s][info][gc,start       ] GC(216) Pause Young (Normal) (G1 Evacuation Pause)
[35.681s][info][gc,task        ] GC(216) Using 9 workers of 33 for evacuation
[35.687s][info][gc,phases      ] GC(216)   Pre Evacuate Collection Set: 0.1ms
[35.687s][info][gc,phases      ] GC(216)   Merge Heap Roots: 0.1ms
[35.687s][info][gc,phases      ] GC(216)   Evacuate Collection Set: 5.1ms
[35.687s][info][gc,phases      ] GC(216)   Post Evacuate Collection Set: 0.6ms
[35.687s][info][gc,phases      ] GC(216)   Other: 0.1ms
[35.687s][info][gc,heap        ] GC(216) Eden regions: 205->0(203)
[35.687s][info][gc,heap        ] GC(216) Survivor regions: 13->14(28)
[35.687s][info][gc,heap        ] GC(216) Old regions: 128->128
[35.687s][info][gc,heap        ] GC(216) Archive regions: 0->0
[35.687s][info][gc,heap        ] GC(216) Humongous regions: 15->15
[35.688s][info][gc,metaspace   ] GC(216) Metaspace: 59915K(60800K)->59915K(60800K) NonClass: 52361K(52864K)->52361K(52864K) Class: 7554K(7936K)->7554K(7936K)
[35.688s][info][gc             ] GC(216) Pause Young (Normal) (G1 Evacuation Pause) 355M->150M(395M) 6.685ms
[35.688s][info][gc,cpu         ] GC(216) User=0.00s Sys=0.00s Real=0.00s
[35.818s][info][gc,start       ] GC(217) Pause Young (Normal) (G1 Evacuation Pause)
[35.818s][info][gc,task        ] GC(217) Using 9 workers of 33 for evacuation
[35.824s][info][gc,phases      ] GC(217)   Pre Evacuate Collection Set: 0.1ms
[35.824s][info][gc,phases      ] GC(217)   Merge Heap Roots: 0.1ms
[35.824s][info][gc,phases      ] GC(217)   Evacuate Collection Set: 5.3ms
[35.825s][info][gc,phases      ] GC(217)   Post Evacuate Collection Set: 0.4ms
[35.825s][info][gc,phases      ] GC(217)   Other: 0.2ms
[35.825s][info][gc,heap        ] GC(217) Eden regions: 203->0(203)
[35.825s][info][gc,heap        ] GC(217) Survivor regions: 14->14(28)
[35.825s][info][gc,heap        ] GC(217) Old regions: 128->128
[35.825s][info][gc,heap        ] GC(217) Archive regions: 0->0
[35.825s][info][gc,heap        ] GC(217) Humongous regions: 15->15
[35.825s][info][gc,metaspace   ] GC(217) Metaspace: 59915K(60800K)->59915K(60800K) NonClass: 52361K(52864K)->52361K(52864K) Class: 7554K(7936K)->7554K(7936K)
[35.825s][info][gc             ] GC(217) Pause Young (Normal) (G1 Evacuation Pause) 353M->150M(395M) 6.569ms
[35.825s][info][gc,cpu         ] GC(217) User=0.00s Sys=0.00s Real=0.00s
[35.954s][info][gc,start       ] GC(218) Pause Young (Normal) (G1 Evacuation Pause)
[35.954s][info][gc,task        ] GC(218) Using 9 workers of 33 for evacuation
[35.960s][info][gc,phases      ] GC(218)   Pre Evacuate Collection Set: 0.1ms
[35.960s][info][gc,phases      ] GC(218)   Merge Heap Roots: 0.1ms
[35.960s][info][gc,phases      ] GC(218)   Evacuate Collection Set: 5.2ms
[35.960s][info][gc,phases      ] GC(218)   Post Evacuate Collection Set: 0.4ms
[35.960s][info][gc,phases      ] GC(218)   Other: 0.2ms
[35.960s][info][gc,heap        ] GC(218) Eden regions: 203->0(203)
[35.960s][info][gc,heap        ] GC(218) Survivor regions: 14->14(28)
[35.960s][info][gc,heap        ] GC(218) Old regions: 128->128
[35.960s][info][gc,heap        ] GC(218) Archive regions: 0->0
[35.960s][info][gc,heap        ] GC(218) Humongous regions: 15->15
[35.960s][info][gc,metaspace   ] GC(218) Metaspace: 59915K(60800K)->59915K(60800K) NonClass: 52361K(52864K)->52361K(52864K) Class: 7554K(7936K)->7554K(7936K)
[35.960s][info][gc             ] GC(218) Pause Young (Normal) (G1 Evacuation Pause) 353M->151M(395M) 6.448ms
[35.961s][info][gc,cpu         ] GC(218) User=0.02s Sys=0.00s Real=0.02s
[36.089s][info][gc,start       ] GC(219) Pause Young (Normal) (G1 Evacuation Pause)
[36.089s][info][gc,task        ] GC(219) Using 9 workers of 33 for evacuation
[36.096s][info][gc,phases      ] GC(219)   Pre Evacuate Collection Set: 0.1ms
[36.097s][info][gc,phases      ] GC(219)   Merge Heap Roots: 0.1ms
[36.097s][info][gc,phases      ] GC(219)   Evacuate Collection Set: 6.8ms
[36.097s][info][gc,phases      ] GC(219)   Post Evacuate Collection Set: 0.4ms
[36.097s][info][gc,phases      ] GC(219)   Other: 0.2ms
[36.097s][info][gc,heap        ] GC(219) Eden regions: 203->0(203)
[36.097s][info][gc,heap        ] GC(219) Survivor regions: 14->14(28)
[36.097s][info][gc,heap        ] GC(219) Old regions: 128->128
[36.097s][info][gc,heap        ] GC(219) Archive regions: 0->0
[36.097s][info][gc,heap        ] GC(219) Humongous regions: 15->15
[36.097s][info][gc,metaspace   ] GC(219) Metaspace: 59915K(60800K)->59915K(60800K) NonClass: 52361K(52864K)->52361K(52864K) Class: 7554K(7936K)->7554K(7936K)
[36.097s][info][gc             ] GC(219) Pause Young (Normal) (G1 Evacuation Pause) 354M->150M(395M) 8.048ms
[36.097s][info][gc,cpu         ] GC(219) User=0.14s Sys=0.00s Real=0.01s
[36.227s][info][gc,start       ] GC(220) Pause Young (Normal) (G1 Evacuation Pause)
[36.228s][info][gc,task        ] GC(220) Using 9 workers of 33 for evacuation
[36.234s][info][gc,phases      ] GC(220)   Pre Evacuate Collection Set: 0.1ms
[36.234s][info][gc,phases      ] GC(220)   Merge Heap Roots: 0.1ms
[36.234s][info][gc,phases      ] GC(220)   Evacuate Collection Set: 5.3ms
[36.234s][info][gc,phases      ] GC(220)   Post Evacuate Collection Set: 0.4ms
[36.234s][info][gc,phases      ] GC(220)   Other: 0.2ms
[36.234s][info][gc,heap        ] GC(220) Eden regions: 203->0(203)
[36.234s][info][gc,heap        ] GC(220) Survivor regions: 14->14(28)
[36.234s][info][gc,heap        ] GC(220) Old regions: 128->128
[36.234s][info][gc,heap        ] GC(220) Archive regions: 0->0
[36.234s][info][gc,heap        ] GC(220) Humongous regions: 15->15
[36.234s][info][gc,metaspace   ] GC(220) Metaspace: 59915K(60800K)->59915K(60800K) NonClass: 52361K(52864K)->52361K(52864K) Class: 7554K(7936K)->7554K(7936K)
[36.234s][info][gc             ] GC(220) Pause Young (Normal) (G1 Evacuation Pause) 353M->150M(395M) 6.489ms
[36.234s][info][gc,cpu         ] GC(220) User=0.00s Sys=0.00s Real=0.00s
[36.294s][info][gc,start       ] GC(221) Pause Full (System.gc())
[36.294s][info][gc,task        ] GC(221) Using 9 workers of 33 for full compaction
[36.295s][info][gc,phases,start] GC(221) Phase 1: Mark live objects
[36.327s][info][gc,phases      ] GC(221) Phase 1: Mark live objects 31.737ms
[36.327s][info][gc,phases,start] GC(221) Phase 2: Prepare compaction
[36.331s][info][gc,phases      ] GC(221) Phase 2: Prepare compaction 4.282ms
[36.331s][info][gc,phases,start] GC(221) Phase 3: Adjust pointers
[36.343s][info][gc,phases      ] GC(221) Phase 3: Adjust pointers 11.953ms
[36.343s][info][gc,phases,start] GC(221) Phase 4: Compact heap
[36.344s][info][gc,phases      ] GC(221) Phase 4: Compact heap 0.624ms
[36.354s][info][gc,heap        ] GC(221) Eden regions: 54->0(214)
[36.354s][info][gc,heap        ] GC(221) Survivor regions: 14->0(28)
[36.354s][info][gc,heap        ] GC(221) Old regions: 128->98
[36.354s][info][gc,heap        ] GC(221) Archive regions: 0->0
[36.354s][info][gc,heap        ] GC(221) Humongous regions: 20->9
[36.354s][info][gc,metaspace   ] GC(221) Metaspace: 59937K(60800K)->59937K(60800K) NonClass: 52381K(52864K)->52381K(52864K) Class: 7555K(7936K)->7555K(7936K)
[36.354s][info][gc             ] GC(221) Pause Full (System.gc()) 209M->101M(357M) 60.169ms
[36.354s][info][gc,cpu         ] GC(221) User=0.44s Sys=0.00s Real=0.06s
[36.517s][info][gc,start       ] GC(222) Pause Young (Normal) (G1 Evacuation Pause)
[36.517s][info][gc,task        ] GC(222) Using 8 workers of 33 for evacuation
[36.522s][info][gc,phases      ] GC(222)   Pre Evacuate Collection Set: 0.2ms
[36.522s][info][gc,phases      ] GC(222)   Merge Heap Roots: 0.1ms
[36.522s][info][gc,phases      ] GC(222)   Evacuate Collection Set: 3.9ms
[36.522s][info][gc,phases      ] GC(222)   Post Evacuate Collection Set: 1.3ms
[36.523s][info][gc,phases      ] GC(222)   Other: 0.2ms
[36.523s][info][gc,heap        ] GC(222) Eden regions: 214->0(229)
[36.523s][info][gc,heap        ] GC(222) Survivor regions: 0->7(27)
[36.523s][info][gc,heap        ] GC(222) Old regions: 98->98
[36.523s][info][gc,heap        ] GC(222) Archive regions: 0->0
[36.523s][info][gc,heap        ] GC(222) Humongous regions: 19->9
[36.523s][info][gc,metaspace   ] GC(222) Metaspace: 59975K(60800K)->59975K(60800K) NonClass: 52419K(52864K)->52419K(52864K) Class: 7555K(7936K)->7555K(7936K)
[36.523s][info][gc             ] GC(222) Pause Young (Normal) (G1 Evacuation Pause) 325M->107M(394M) 6.110ms
[36.523s][info][gc,cpu         ] GC(222) User=0.00s Sys=0.00s Real=0.00s
[36.610s][info][gc,start       ] GC(223) Pause Young (Normal) (G1 Evacuation Pause)
[36.611s][info][gc,task        ] GC(223) Using 9 workers of 33 for evacuation
[36.619s][info][gc,phases      ] GC(223)   Pre Evacuate Collection Set: 0.1ms
[36.619s][info][gc,phases      ] GC(223)   Merge Heap Roots: 0.1ms
[36.620s][info][gc,phases      ] GC(223)   Evacuate Collection Set: 7.7ms
[36.620s][info][gc,phases      ] GC(223)   Post Evacuate Collection Set: 0.7ms
[36.620s][info][gc,phases      ] GC(223)   Other: 0.2ms
[36.620s][info][gc,heap        ] GC(223) Eden regions: 229->0(222)
[36.620s][info][gc,heap        ] GC(223) Survivor regions: 7->14(30)
[36.620s][info][gc,heap        ] GC(223) Old regions: 98->98
[36.620s][info][gc,heap        ] GC(223) Archive regions: 0->0
[36.620s][info][gc,heap        ] GC(223) Humongous regions: 12->12
[36.620s][info][gc,metaspace   ] GC(223) Metaspace: 59980K(60800K)->59980K(60800K) NonClass: 52425K(52864K)->52425K(52864K) Class: 7555K(7936K)->7555K(7936K)
[36.620s][info][gc             ] GC(223) Pause Young (Normal) (G1 Evacuation Pause) 339M->117M(394M) 9.349ms
[36.620s][info][gc,cpu         ] GC(223) User=0.00s Sys=0.00s Real=0.00s
[36.689s][info][gc,start       ] GC(224) Pause Young (Normal) (G1 Evacuation Pause)
[36.689s][info][gc,task        ] GC(224) Using 9 workers of 33 for evacuation
[36.700s][info][gc,phases      ] GC(224)   Pre Evacuate Collection Set: 0.1ms
[36.700s][info][gc,phases      ] GC(224)   Merge Heap Roots: 0.1ms
[36.700s][info][gc,phases      ] GC(224)   Evacuate Collection Set: 10.3ms
[36.700s][info][gc,phases      ] GC(224)   Post Evacuate Collection Set: 0.7ms
[36.700s][info][gc,phases      ] GC(224)   Other: 0.2ms
[36.700s][info][gc,heap        ] GC(224) Eden regions: 222->0(211)
[36.700s][info][gc,heap        ] GC(224) Survivor regions: 14->25(30)
[36.700s][info][gc,heap        ] GC(224) Old regions: 98->98
[36.701s][info][gc,heap        ] GC(224) Archive regions: 0->0
[36.701s][info][gc,heap        ] GC(224) Humongous regions: 12->12
[36.701s][info][gc,metaspace   ] GC(224) Metaspace: 59980K(60800K)->59980K(60800K) NonClass: 52425K(52864K)->52425K(52864K) Class: 7555K(7936K)->7555K(7936K)
[36.701s][info][gc             ] GC(224) Pause Young (Normal) (G1 Evacuation Pause) 339M->128M(394M) 11.916ms
[36.701s][info][gc,cpu         ] GC(224) User=0.00s Sys=0.00s Real=0.00s
[36.767s][info][gc,start       ] GC(225) Pause Young (Normal) (G1 Evacuation Pause)
[36.767s][info][gc,task        ] GC(225) Using 9 workers of 33 for evacuation
[36.783s][info][gc,phases      ] GC(225)   Pre Evacuate Collection Set: 0.1ms
[36.783s][info][gc,phases      ] GC(225)   Merge Heap Roots: 0.1ms
[36.783s][info][gc,phases      ] GC(225)   Evacuate Collection Set: 15.0ms
[36.783s][info][gc,phases      ] GC(225)   Post Evacuate Collection Set: 0.4ms
[36.783s][info][gc,phases      ] GC(225)   Other: 0.2ms
[36.783s][info][gc,heap        ] GC(225) Eden regions: 211->0(208)
[36.783s][info][gc,heap        ] GC(225) Survivor regions: 25->19(30)
[36.783s][info][gc,heap        ] GC(225) Old regions: 98->112
[36.783s][info][gc,heap        ] GC(225) Archive regions: 0->0
[36.783s][info][gc,heap        ] GC(225) Humongous regions: 15->15
[36.783s][info][gc,metaspace   ] GC(225) Metaspace: 59980K(60800K)->59980K(60800K) NonClass: 52425K(52864K)->52425K(52864K) Class: 7555K(7936K)->7555K(7936K)
[36.783s][info][gc             ] GC(225) Pause Young (Normal) (G1 Evacuation Pause) 342M->139M(394M) 16.270ms
[36.783s][info][gc,cpu         ] GC(225) User=0.14s Sys=0.00s Real=0.02s
[36.847s][info][gc,start       ] GC(226) Pause Young (Normal) (G1 Evacuation Pause)
[36.847s][info][gc,task        ] GC(226) Using 9 workers of 33 for evacuation
[36.861s][info][gc,phases      ] GC(226)   Pre Evacuate Collection Set: 0.1ms
[36.861s][info][gc,phases      ] GC(226)   Merge Heap Roots: 0.1ms
[36.861s][info][gc,phases      ] GC(226)   Evacuate Collection Set: 12.3ms
[36.861s][info][gc,phases      ] GC(226)   Post Evacuate Collection Set: 0.4ms
[36.861s][info][gc,phases      ] GC(226)   Other: 0.2ms
[36.861s][info][gc,heap        ] GC(226) Eden regions: 208->0(199)
[36.861s][info][gc,heap        ] GC(226) Survivor regions: 19->19(29)
[36.861s][info][gc,heap        ] GC(226) Old regions: 112->121
[36.861s][info][gc,heap        ] GC(226) Archive regions: 0->0
[36.861s][info][gc,heap        ] GC(226) Humongous regions: 15->15
[36.861s][info][gc,metaspace   ] GC(226) Metaspace: 59980K(60800K)->59980K(60800K) NonClass: 52425K(52864K)->52425K(52864K) Class: 7555K(7936K)->7555K(7936K)
[36.861s][info][gc             ] GC(226) Pause Young (Normal) (G1 Evacuation Pause) 347M->149M(394M) 13.571ms
[36.861s][info][gc,cpu         ] GC(226) User=0.52s Sys=0.00s Real=0.02s
[36.941s][info][gc,start       ] GC(227) Pause Young (Normal) (G1 Evacuation Pause)
[36.941s][info][gc,task        ] GC(227) Using 9 workers of 33 for evacuation
[36.949s][info][gc,phases      ] GC(227)   Pre Evacuate Collection Set: 0.1ms
[36.949s][info][gc,phases      ] GC(227)   Merge Heap Roots: 0.1ms
[36.949s][info][gc,phases      ] GC(227)   Evacuate Collection Set: 7.0ms
[36.949s][info][gc,phases      ] GC(227)   Post Evacuate Collection Set: 0.7ms
[36.949s][info][gc,phases      ] GC(227)   Other: 0.2ms
[36.949s][info][gc,heap        ] GC(227) Eden regions: 199->0(223)
[36.949s][info][gc,heap        ] GC(227) Survivor regions: 19->13(28)
[36.949s][info][gc,heap        ] GC(227) Old regions: 121->130
[36.949s][info][gc,heap        ] GC(227) Archive regions: 0->0
[36.949s][info][gc,heap        ] GC(227) Humongous regions: 15->15
[36.949s][info][gc,metaspace   ] GC(227) Metaspace: 59980K(60800K)->59980K(60800K) NonClass: 52425K(52864K)->52425K(52864K) Class: 7555K(7936K)->7555K(7936K)
[36.949s][info][gc             ] GC(227) Pause Young (Normal) (G1 Evacuation Pause) 348M->151M(416M) 8.550ms
[36.950s][info][gc,cpu         ] GC(227) User=0.00s Sys=0.00s Real=0.00s
[37.045s][info][gc,start       ] GC(228) Pause Young (Normal) (G1 Evacuation Pause)
[37.045s][info][gc,task        ] GC(228) Using 10 workers of 33 for evacuation
[37.050s][info][gc,phases      ] GC(228)   Pre Evacuate Collection Set: 0.1ms
[37.050s][info][gc,phases      ] GC(228)   Merge Heap Roots: 0.1ms
[37.050s][info][gc,phases      ] GC(228)   Evacuate Collection Set: 3.8ms
[37.050s][info][gc,phases      ] GC(228)   Post Evacuate Collection Set: 0.4ms
[37.050s][info][gc,phases      ] GC(228)   Other: 0.2ms
[37.050s][info][gc,heap        ] GC(228) Eden regions: 223->0(225)
[37.050s][info][gc,heap        ] GC(228) Survivor regions: 13->12(30)
[37.050s][info][gc,heap        ] GC(228) Old regions: 130->130
[37.050s][info][gc,heap        ] GC(228) Archive regions: 0->0
[37.050s][info][gc,heap        ] GC(228) Humongous regions: 15->15
[37.050s][info][gc,metaspace   ] GC(228) Metaspace: 59980K(60800K)->59980K(60800K) NonClass: 52425K(52864K)->52425K(52864K) Class: 7555K(7936K)->7555K(7936K)
[37.050s][info][gc             ] GC(228) Pause Young (Normal) (G1 Evacuation Pause) 374M->150M(416M) 5.045ms
[37.050s][info][gc,cpu         ] GC(228) User=0.16s Sys=0.00s Real=0.02s
[37.132s][info][gc,start       ] GC(229) Pause Young (Normal) (G1 Evacuation Pause)
[37.132s][info][gc,task        ] GC(229) Using 10 workers of 33 for evacuation
[37.136s][info][gc,phases      ] GC(229)   Pre Evacuate Collection Set: 0.1ms
[37.136s][info][gc,phases      ] GC(229)   Merge Heap Roots: 0.1ms
[37.136s][info][gc,phases      ] GC(229)   Evacuate Collection Set: 3.7ms
[37.136s][info][gc,phases      ] GC(229)   Post Evacuate Collection Set: 0.4ms
[37.136s][info][gc,phases      ] GC(229)   Other: 0.1ms
[37.136s][info][gc,heap        ] GC(229) Eden regions: 225->0(225)
[37.136s][info][gc,heap        ] GC(229) Survivor regions: 12->12(30)
[37.136s][info][gc,heap        ] GC(229) Old regions: 130->130
[37.136s][info][gc,heap        ] GC(229) Archive regions: 0->0
[37.136s][info][gc,heap        ] GC(229) Humongous regions: 15->15
[37.136s][info][gc,metaspace   ] GC(229) Metaspace: 59980K(60800K)->59980K(60800K) NonClass: 52425K(52864K)->52425K(52864K) Class: 7555K(7936K)->7555K(7936K)
[37.136s][info][gc             ] GC(229) Pause Young (Normal) (G1 Evacuation Pause) 375M->150M(416M) 4.833ms
[37.136s][info][gc,cpu         ] GC(229) User=0.00s Sys=0.00s Real=0.00s
[37.248s][info][gc,start       ] GC(230) Pause Young (Normal) (G1 Evacuation Pause)
[37.248s][info][gc,task        ] GC(230) Using 10 workers of 33 for evacuation
[37.254s][info][gc,phases      ] GC(230)   Pre Evacuate Collection Set: 0.1ms
[37.254s][info][gc,phases      ] GC(230)   Merge Heap Roots: 0.1ms
[37.254s][info][gc,phases      ] GC(230)   Evacuate Collection Set: 5.1ms
[37.254s][info][gc,phases      ] GC(230)   Post Evacuate Collection Set: 0.6ms
[37.254s][info][gc,phases      ] GC(230)   Other: 0.2ms
[37.254s][info][gc,heap        ] GC(230) Eden regions: 225->0(225)
[37.254s][info][gc,heap        ] GC(230) Survivor regions: 12->12(30)
[37.254s][info][gc,heap        ] GC(230) Old regions: 130->130
[37.254s][info][gc,heap        ] GC(230) Archive regions: 0->0
[37.254s][info][gc,heap        ] GC(230) Humongous regions: 15->15
[37.254s][info][gc,metaspace   ] GC(230) Metaspace: 59981K(60800K)->59981K(60800K) NonClass: 52426K(52864K)->52426K(52864K) Class: 7555K(7936K)->7555K(7936K)
[37.254s][info][gc             ] GC(230) Pause Young (Normal) (G1 Evacuation Pause) 375M->151M(416M) 6.594ms
[37.254s][info][gc,cpu         ] GC(230) User=0.16s Sys=0.00s Real=0.02s
[37.398s][info][gc,start       ] GC(231) Pause Young (Normal) (G1 Evacuation Pause)
[37.399s][info][gc,task        ] GC(231) Using 10 workers of 33 for evacuation
[37.404s][info][gc,phases      ] GC(231)   Pre Evacuate Collection Set: 0.1ms
[37.404s][info][gc,phases      ] GC(231)   Merge Heap Roots: 0.1ms
[37.404s][info][gc,phases      ] GC(231)   Evacuate Collection Set: 4.9ms
[37.404s][info][gc,phases      ] GC(231)   Post Evacuate Collection Set: 0.5ms
[37.404s][info][gc,phases      ] GC(231)   Other: 0.2ms
[37.405s][info][gc,heap        ] GC(231) Eden regions: 225->0(225)
[37.405s][info][gc,heap        ] GC(231) Survivor regions: 12->12(30)
[37.405s][info][gc,heap        ] GC(231) Old regions: 130->130
[37.405s][info][gc,heap        ] GC(231) Archive regions: 0->0
[37.405s][info][gc,heap        ] GC(231) Humongous regions: 15->15
[37.405s][info][gc,metaspace   ] GC(231) Metaspace: 59981K(60800K)->59981K(60800K) NonClass: 52426K(52864K)->52426K(52864K) Class: 7555K(7936K)->7555K(7936K)
[37.405s][info][gc             ] GC(231) Pause Young (Normal) (G1 Evacuation Pause) 376M->151M(416M) 6.219ms
[37.405s][info][gc,cpu         ] GC(231) User=0.00s Sys=0.00s Real=0.00s
[37.559s][info][gc,start       ] GC(232) Pause Young (Normal) (G1 Evacuation Pause)
[37.559s][info][gc,task        ] GC(232) Using 10 workers of 33 for evacuation
[37.565s][info][gc,phases      ] GC(232)   Pre Evacuate Collection Set: 0.1ms
[37.565s][info][gc,phases      ] GC(232)   Merge Heap Roots: 0.1ms
[37.565s][info][gc,phases      ] GC(232)   Evacuate Collection Set: 5.1ms
[37.565s][info][gc,phases      ] GC(232)   Post Evacuate Collection Set: 0.4ms
[37.565s][info][gc,phases      ] GC(232)   Other: 0.1ms
[37.565s][info][gc,heap        ] GC(232) Eden regions: 225->0(225)
[37.565s][info][gc,heap        ] GC(232) Survivor regions: 12->12(30)
[37.565s][info][gc,heap        ] GC(232) Old regions: 130->130
[37.565s][info][gc,heap        ] GC(232) Archive regions: 0->0
[37.565s][info][gc,heap        ] GC(232) Humongous regions: 15->15
[37.565s][info][gc,metaspace   ] GC(232) Metaspace: 59981K(60800K)->59981K(60800K) NonClass: 52426K(52864K)->52426K(52864K) Class: 7555K(7936K)->7555K(7936K)
[37.565s][info][gc             ] GC(232) Pause Young (Normal) (G1 Evacuation Pause) 376M->150M(416M) 6.109ms
[37.565s][info][gc,cpu         ] GC(232) User=0.00s Sys=0.00s Real=0.01s
[37.722s][info][gc,start       ] GC(233) Pause Young (Normal) (G1 Evacuation Pause)
[37.722s][info][gc,task        ] GC(233) Using 10 workers of 33 for evacuation
[37.728s][info][gc,phases      ] GC(233)   Pre Evacuate Collection Set: 0.1ms
[37.728s][info][gc,phases      ] GC(233)   Merge Heap Roots: 0.1ms
[37.728s][info][gc,phases      ] GC(233)   Evacuate Collection Set: 5.0ms
[37.728s][info][gc,phases      ] GC(233)   Post Evacuate Collection Set: 0.4ms
[37.728s][info][gc,phases      ] GC(233)   Other: 0.2ms
[37.728s][info][gc,heap        ] GC(233) Eden regions: 225->0(225)
[37.728s][info][gc,heap        ] GC(233) Survivor regions: 12->12(30)
[37.728s][info][gc,heap        ] GC(233) Old regions: 130->130
[37.728s][info][gc,heap        ] GC(233) Archive regions: 0->0
[37.728s][info][gc,heap        ] GC(233) Humongous regions: 15->15
[37.728s][info][gc,metaspace   ] GC(233) Metaspace: 59981K(60800K)->59981K(60800K) NonClass: 52426K(52864K)->52426K(52864K) Class: 7555K(7936K)->7555K(7936K)
[37.728s][info][gc             ] GC(233) Pause Young (Normal) (G1 Evacuation Pause) 375M->150M(416M) 6.325ms
[37.728s][info][gc,cpu         ] GC(233) User=0.00s Sys=0.00s Real=0.00s
[37.885s][info][gc,start       ] GC(234) Pause Young (Normal) (G1 Evacuation Pause)
[37.885s][info][gc,task        ] GC(234) Using 10 workers of 33 for evacuation
[37.891s][info][gc,phases      ] GC(234)   Pre Evacuate Collection Set: 0.1ms
[37.891s][info][gc,phases      ] GC(234)   Merge Heap Roots: 0.1ms
[37.891s][info][gc,phases      ] GC(234)   Evacuate Collection Set: 5.0ms
[37.891s][info][gc,phases      ] GC(234)   Post Evacuate Collection Set: 0.4ms
[37.891s][info][gc,phases      ] GC(234)   Other: 0.2ms
[37.891s][info][gc,heap        ] GC(234) Eden regions: 225->0(225)
[37.891s][info][gc,heap        ] GC(234) Survivor regions: 12->12(30)
[37.891s][info][gc,heap        ] GC(234) Old regions: 130->130
[37.891s][info][gc,heap        ] GC(234) Archive regions: 0->0
[37.891s][info][gc,heap        ] GC(234) Humongous regions: 15->15
[37.891s][info][gc,metaspace   ] GC(234) Metaspace: 59981K(60800K)->59981K(60800K) NonClass: 52426K(52864K)->52426K(52864K) Class: 7555K(7936K)->7555K(7936K)
[37.891s][info][gc             ] GC(234) Pause Young (Normal) (G1 Evacuation Pause) 375M->150M(416M) 6.319ms
[37.891s][info][gc,cpu         ] GC(234) User=0.16s Sys=0.00s Real=0.02s
[37.920s][info][gc,start       ] GC(235) Pause Full (System.gc())
[37.920s][info][gc,task        ] GC(235) Using 10 workers of 33 for full compaction
[37.921s][info][gc,phases,start] GC(235) Phase 1: Mark live objects
[37.952s][info][gc,phases      ] GC(235) Phase 1: Mark live objects 31.145ms
[37.952s][info][gc,phases,start] GC(235) Phase 2: Prepare compaction
[37.955s][info][gc,phases      ] GC(235) Phase 2: Prepare compaction 3.413ms
[37.955s][info][gc,phases,start] GC(235) Phase 3: Adjust pointers
[37.961s][info][gc,phases      ] GC(235) Phase 3: Adjust pointers 5.752ms
[37.961s][info][gc,phases,start] GC(235) Phase 4: Compact heap
[37.961s][info][gc,phases      ] GC(235) Phase 4: Compact heap 0.401ms
[37.972s][info][gc,heap        ] GC(235) Eden regions: 5->0(216)
[37.972s][info][gc,heap        ] GC(235) Survivor regions: 12->0(30)
[37.973s][info][gc,heap        ] GC(235) Old regions: 130->99
[37.973s][info][gc,heap        ] GC(235) Archive regions: 0->0
[37.973s][info][gc,heap        ] GC(235) Humongous regions: 20->9
[37.973s][info][gc,metaspace   ] GC(235) Metaspace: 60002K(60928K)->60002K(60928K) NonClass: 52446K(52992K)->52446K(52992K) Class: 7555K(7936K)->7555K(7936K)
[37.973s][info][gc             ] GC(235) Pause Full (System.gc()) 160M->101M(360M) 52.780ms
[37.973s][info][gc,cpu         ] GC(235) User=0.33s Sys=0.00s Real=0.05s
[38.128s][info][gc,start       ] GC(236) Pause Young (Normal) (G1 Evacuation Pause)
[38.128s][info][gc,task        ] GC(236) Using 9 workers of 33 for evacuation
[38.132s][info][gc,phases      ] GC(236)   Pre Evacuate Collection Set: 0.2ms
[38.132s][info][gc,phases      ] GC(236)   Merge Heap Roots: 0.1ms
[38.132s][info][gc,phases      ] GC(236)   Evacuate Collection Set: 3.3ms
[38.132s][info][gc,phases      ] GC(236)   Post Evacuate Collection Set: 0.7ms
[38.132s][info][gc,phases      ] GC(236)   Other: 0.2ms
[38.132s][info][gc,heap        ] GC(236) Eden regions: 216->0(208)
[38.132s][info][gc,heap        ] GC(236) Survivor regions: 0->8(27)
[38.132s][info][gc,heap        ] GC(236) Old regions: 99->99
[38.132s][info][gc,heap        ] GC(236) Archive regions: 0->0
[38.133s][info][gc,heap        ] GC(236) Humongous regions: 19->9
[38.133s][info][gc,metaspace   ] GC(236) Metaspace: 60051K(60928K)->60051K(60928K) NonClass: 52494K(52992K)->52494K(52992K) Class: 7556K(7936K)->7556K(7936K)
[38.133s][info][gc             ] GC(236) Pause Young (Normal) (G1 Evacuation Pause) 327M->108M(360M) 4.986ms
[38.133s][info][gc,cpu         ] GC(236) User=0.00s Sys=0.00s Real=0.00s
[38.200s][info][gc,start       ] GC(237) Pause Young (Normal) (G1 Evacuation Pause)
[38.200s][info][gc,task        ] GC(237) Using 8 workers of 33 for evacuation
[38.211s][info][gc,phases      ] GC(237)   Pre Evacuate Collection Set: 0.2ms
[38.211s][info][gc,phases      ] GC(237)   Merge Heap Roots: 0.1ms
[38.211s][info][gc,phases      ] GC(237)   Evacuate Collection Set: 9.2ms
[38.211s][info][gc,phases      ] GC(237)   Post Evacuate Collection Set: 0.7ms
[38.211s][info][gc,phases      ] GC(237)   Other: 0.2ms
[38.211s][info][gc,heap        ] GC(237) Eden regions: 208->0(201)
[38.211s][info][gc,heap        ] GC(237) Survivor regions: 8->15(27)
[38.211s][info][gc,heap        ] GC(237) Old regions: 99->99
[38.211s][info][gc,heap        ] GC(237) Archive regions: 0->0
[38.211s][info][gc,heap        ] GC(237) Humongous regions: 12->12
[38.211s][info][gc,metaspace   ] GC(237) Metaspace: 60070K(60928K)->60070K(60928K) NonClass: 52513K(52992K)->52513K(52992K) Class: 7556K(7936K)->7556K(7936K)
[38.211s][info][gc             ] GC(237) Pause Young (Normal) (G1 Evacuation Pause) 319M->119M(360M) 10.922ms
[38.211s][info][gc,cpu         ] GC(237) User=0.14s Sys=0.00s Real=0.01s
[38.274s][info][gc,start       ] GC(238) Pause Young (Normal) (G1 Evacuation Pause)
[38.274s][info][gc,task        ] GC(238) Using 8 workers of 33 for evacuation
[38.287s][info][gc,phases      ] GC(238)   Pre Evacuate Collection Set: 0.1ms
[38.288s][info][gc,phases      ] GC(238)   Merge Heap Roots: 0.1ms
[38.288s][info][gc,phases      ] GC(238)   Evacuate Collection Set: 12.5ms
[38.288s][info][gc,phases      ] GC(238)   Post Evacuate Collection Set: 0.8ms
[38.288s][info][gc,phases      ] GC(238)   Other: 0.2ms
[38.288s][info][gc,heap        ] GC(238) Eden regions: 201->0(185)
[38.288s][info][gc,heap        ] GC(238) Survivor regions: 15->23(27)
[38.288s][info][gc,heap        ] GC(238) Old regions: 99->99
[38.288s][info][gc,heap        ] GC(238) Archive regions: 0->0
[38.288s][info][gc,heap        ] GC(238) Humongous regions: 12->12
[38.288s][info][gc,metaspace   ] GC(238) Metaspace: 60070K(60928K)->60070K(60928K) NonClass: 52513K(52992K)->52513K(52992K) Class: 7556K(7936K)->7556K(7936K)
[38.288s][info][gc             ] GC(238) Pause Young (Normal) (G1 Evacuation Pause) 320M->126M(360M) 14.229ms
[38.288s][info][gc,cpu         ] GC(238) User=0.13s Sys=0.02s Real=0.01s
[38.346s][info][gc,start       ] GC(239) Pause Young (Normal) (G1 Evacuation Pause)
[38.346s][info][gc,task        ] GC(239) Using 8 workers of 33 for evacuation
[38.363s][info][gc,phases      ] GC(239)   Pre Evacuate Collection Set: 0.2ms
[38.363s][info][gc,phases      ] GC(239)   Merge Heap Roots: 0.1ms
[38.363s][info][gc,phases      ] GC(239)   Evacuate Collection Set: 15.3ms
[38.363s][info][gc,phases      ] GC(239)   Post Evacuate Collection Set: 0.5ms
[38.363s][info][gc,phases      ] GC(239)   Other: 0.2ms
[38.363s][info][gc,heap        ] GC(239) Eden regions: 185->0(185)
[38.363s][info][gc,heap        ] GC(239) Survivor regions: 23->17(26)
[38.363s][info][gc,heap        ] GC(239) Old regions: 99->114
[38.363s][info][gc,heap        ] GC(239) Archive regions: 0->0
[38.363s][info][gc,heap        ] GC(239) Humongous regions: 15->15
[38.363s][info][gc,metaspace   ] GC(239) Metaspace: 60070K(60928K)->60070K(60928K) NonClass: 52513K(52992K)->52513K(52992K) Class: 7556K(7936K)->7556K(7936K)
[38.363s][info][gc             ] GC(239) Pause Young (Normal) (G1 Evacuation Pause) 314M->138M(367M) 16.756ms
[38.363s][info][gc,cpu         ] GC(239) User=0.17s Sys=0.00s Real=0.03s
[38.423s][info][gc,start       ] GC(240) Pause Young (Normal) (G1 Evacuation Pause)
[38.424s][info][gc,task        ] GC(240) Using 8 workers of 33 for evacuation
[38.436s][info][gc,phases      ] GC(240)   Pre Evacuate Collection Set: 0.2ms
[38.436s][info][gc,phases      ] GC(240)   Merge Heap Roots: 0.1ms
[38.436s][info][gc,phases      ] GC(240)   Evacuate Collection Set: 11.4ms
[38.436s][info][gc,phases      ] GC(240)   Post Evacuate Collection Set: 0.4ms
[38.436s][info][gc,phases      ] GC(240)   Other: 0.2ms
[38.436s][info][gc,heap        ] GC(240) Eden regions: 185->0(178)
[38.436s][info][gc,heap        ] GC(240) Survivor regions: 17->16(26)
[38.436s][info][gc,heap        ] GC(240) Old regions: 114->123
[38.436s][info][gc,heap        ] GC(240) Archive regions: 0->0
[38.436s][info][gc,heap        ] GC(240) Humongous regions: 15->15
[38.436s][info][gc,metaspace   ] GC(240) Metaspace: 60070K(60928K)->60070K(60928K) NonClass: 52513K(52992K)->52513K(52992K) Class: 7556K(7936K)->7556K(7936K)
[38.436s][info][gc             ] GC(240) Pause Young (Normal) (G1 Evacuation Pause) 323M->146M(367M) 12.824ms
[38.436s][info][gc,cpu         ] GC(240) User=0.13s Sys=0.00s Real=0.02s
[38.496s][info][gc,start       ] GC(241) Pause Young (Normal) (G1 Evacuation Pause)
[38.496s][info][gc,task        ] GC(241) Using 8 workers of 33 for evacuation
[38.505s][info][gc,phases      ] GC(241)   Pre Evacuate Collection Set: 0.1ms
[38.505s][info][gc,phases      ] GC(241)   Merge Heap Roots: 0.1ms
[38.505s][info][gc,phases      ] GC(241)   Evacuate Collection Set: 8.8ms
[38.505s][info][gc,phases      ] GC(241)   Post Evacuate Collection Set: 0.4ms
[38.505s][info][gc,phases      ] GC(241)   Other: 0.2ms
[38.506s][info][gc,heap        ] GC(241) Eden regions: 178->0(176)
[38.506s][info][gc,heap        ] GC(241) Survivor regions: 16->13(25)
[38.506s][info][gc,heap        ] GC(241) Old regions: 123->131
[38.506s][info][gc,heap        ] GC(241) Archive regions: 0->0
[38.506s][info][gc,heap        ] GC(241) Humongous regions: 15->15
[38.506s][info][gc,metaspace   ] GC(241) Metaspace: 60071K(60928K)->60071K(60928K) NonClass: 52514K(52992K)->52514K(52992K) Class: 7556K(7936K)->7556K(7936K)
[38.506s][info][gc             ] GC(241) Pause Young (Normal) (G1 Evacuation Pause) 324M->151M(367M) 10.048ms
[38.506s][info][gc,cpu         ] GC(241) User=0.13s Sys=0.00s Real=0.02s
[38.570s][info][gc,start       ] GC(242) Pause Young (Normal) (G1 Evacuation Pause)
[38.570s][info][gc,task        ] GC(242) Using 8 workers of 33 for evacuation
[38.576s][info][gc,phases      ] GC(242)   Pre Evacuate Collection Set: 0.1ms
[38.576s][info][gc,phases      ] GC(242)   Merge Heap Roots: 0.1ms
[38.577s][info][gc,phases      ] GC(242)   Evacuate Collection Set: 6.1ms
[38.577s][info][gc,phases      ] GC(242)   Post Evacuate Collection Set: 0.4ms
[38.577s][info][gc,phases      ] GC(242)   Other: 0.1ms
[38.577s][info][gc,heap        ] GC(242) Eden regions: 176->0(176)
[38.577s][info][gc,heap        ] GC(242) Survivor regions: 13->13(24)
[38.577s][info][gc,heap        ] GC(242) Old regions: 131->131
[38.577s][info][gc,heap        ] GC(242) Archive regions: 0->0
[38.577s][info][gc,heap        ] GC(242) Humongous regions: 15->15
[38.577s][info][gc,metaspace   ] GC(242) Metaspace: 60071K(60928K)->60071K(60928K) NonClass: 52514K(52992K)->52514K(52992K) Class: 7556K(7936K)->7556K(7936K)
[38.577s][info][gc             ] GC(242) Pause Young (Normal) (G1 Evacuation Pause) 327M->151M(367M) 7.253ms
[38.577s][info][gc,cpu         ] GC(242) User=0.00s Sys=0.00s Real=0.00s
[38.650s][info][gc,start       ] GC(243) Pause Young (Normal) (G1 Evacuation Pause)
[38.650s][info][gc,task        ] GC(243) Using 8 workers of 33 for evacuation
[38.657s][info][gc,phases      ] GC(243)   Pre Evacuate Collection Set: 0.1ms
[38.657s][info][gc,phases      ] GC(243)   Merge Heap Roots: 0.1ms
[38.657s][info][gc,phases      ] GC(243)   Evacuate Collection Set: 6.1ms
[38.657s][info][gc,phases      ] GC(243)   Post Evacuate Collection Set: 0.9ms
[38.657s][info][gc,phases      ] GC(243)   Other: 0.2ms
[38.657s][info][gc,heap        ] GC(243) Eden regions: 176->0(203)
[38.657s][info][gc,heap        ] GC(243) Survivor regions: 13->13(24)
[38.657s][info][gc,heap        ] GC(243) Old regions: 131->131
[38.657s][info][gc,heap        ] GC(243) Archive regions: 0->0
[38.657s][info][gc,heap        ] GC(243) Humongous regions: 15->15
[38.657s][info][gc,metaspace   ] GC(243) Metaspace: 60071K(60928K)->60071K(60928K) NonClass: 52514K(52992K)->52514K(52992K) Class: 7556K(7936K)->7556K(7936K)
[38.657s][info][gc             ] GC(243) Pause Young (Normal) (G1 Evacuation Pause) 327M->151M(396M) 7.772ms
[38.657s][info][gc,cpu         ] GC(243) User=0.00s Sys=0.00s Real=0.00s
[38.736s][info][gc,start       ] GC(244) Pause Young (Normal) (G1 Evacuation Pause)
[38.736s][info][gc,task        ] GC(244) Using 9 workers of 33 for evacuation
[38.742s][info][gc,phases      ] GC(244)   Pre Evacuate Collection Set: 0.1ms
[38.742s][info][gc,phases      ] GC(244)   Merge Heap Roots: 0.1ms
[38.742s][info][gc,phases      ] GC(244)   Evacuate Collection Set: 4.9ms
[38.742s][info][gc,phases      ] GC(244)   Post Evacuate Collection Set: 0.4ms
[38.742s][info][gc,phases      ] GC(244)   Other: 0.2ms
[38.742s][info][gc,heap        ] GC(244) Eden regions: 203->0(203)
[38.742s][info][gc,heap        ] GC(244) Survivor regions: 13->13(27)
[38.742s][info][gc,heap        ] GC(244) Old regions: 131->131
[38.742s][info][gc,heap        ] GC(244) Archive regions: 0->0
[38.742s][info][gc,heap        ] GC(244) Humongous regions: 15->15
[38.742s][info][gc,metaspace   ] GC(244) Metaspace: 60071K(60928K)->60071K(60928K) NonClass: 52514K(52992K)->52514K(52992K) Class: 7556K(7936K)->7556K(7936K)
[38.742s][info][gc             ] GC(244) Pause Young (Normal) (G1 Evacuation Pause) 354M->151M(396M) 6.130ms
[38.742s][info][gc,cpu         ] GC(244) User=0.14s Sys=0.00s Real=0.02s
[38.811s][info][gc,start       ] GC(245) Pause Young (Normal) (G1 Evacuation Pause)
[38.811s][info][gc,task        ] GC(245) Using 9 workers of 33 for evacuation
[38.817s][info][gc,phases      ] GC(245)   Pre Evacuate Collection Set: 0.1ms
[38.817s][info][gc,phases      ] GC(245)   Merge Heap Roots: 0.1ms
[38.817s][info][gc,phases      ] GC(245)   Evacuate Collection Set: 5.0ms
[38.817s][info][gc,phases      ] GC(245)   Post Evacuate Collection Set: 0.4ms
[38.817s][info][gc,phases      ] GC(245)   Other: 0.1ms
[38.817s][info][gc,heap        ] GC(245) Eden regions: 203->0(203)
[38.817s][info][gc,heap        ] GC(245) Survivor regions: 13->13(27)
[38.817s][info][gc,heap        ] GC(245) Old regions: 131->131
[38.817s][info][gc,heap        ] GC(245) Archive regions: 0->0
[38.817s][info][gc,heap        ] GC(245) Humongous regions: 15->15
[38.817s][info][gc,metaspace   ] GC(245) Metaspace: 60071K(60928K)->60071K(60928K) NonClass: 52514K(52992K)->52514K(52992K) Class: 7556K(7936K)->7556K(7936K)
[38.817s][info][gc             ] GC(245) Pause Young (Normal) (G1 Evacuation Pause) 354M->151M(396M) 6.160ms
[38.818s][info][gc,cpu         ] GC(245) User=0.00s Sys=0.00s Real=0.00s
[38.944s][info][gc,start       ] GC(246) Pause Young (Normal) (G1 Evacuation Pause)
[38.944s][info][gc,task        ] GC(246) Using 9 workers of 33 for evacuation
[38.951s][info][gc,phases      ] GC(246)   Pre Evacuate Collection Set: 0.1ms
[38.951s][info][gc,phases      ] GC(246)   Merge Heap Roots: 0.1ms
[38.951s][info][gc,phases      ] GC(246)   Evacuate Collection Set: 5.3ms
[38.951s][info][gc,phases      ] GC(246)   Post Evacuate Collection Set: 0.6ms
[38.951s][info][gc,phases      ] GC(246)   Other: 0.2ms
[38.951s][info][gc,heap        ] GC(246) Eden regions: 203->0(203)
[38.951s][info][gc,heap        ] GC(246) Survivor regions: 13->13(27)
[38.951s][info][gc,heap        ] GC(246) Old regions: 131->131
[38.951s][info][gc,heap        ] GC(246) Archive regions: 0->0
[38.951s][info][gc,heap        ] GC(246) Humongous regions: 15->15
[38.951s][info][gc,metaspace   ] GC(246) Metaspace: 60073K(60928K)->60073K(60928K) NonClass: 52516K(52992K)->52516K(52992K) Class: 7556K(7936K)->7556K(7936K)
[38.951s][info][gc             ] GC(246) Pause Young (Normal) (G1 Evacuation Pause) 354M->151M(396M) 6.751ms
[38.951s][info][gc,cpu         ] GC(246) User=0.14s Sys=0.00s Real=0.02s
[39.095s][info][gc,start       ] GC(247) Pause Young (Normal) (G1 Evacuation Pause)
[39.095s][info][gc,task        ] GC(247) Using 9 workers of 33 for evacuation
[39.101s][info][gc,phases      ] GC(247)   Pre Evacuate Collection Set: 0.1ms
[39.101s][info][gc,phases      ] GC(247)   Merge Heap Roots: 0.1ms
[39.101s][info][gc,phases      ] GC(247)   Evacuate Collection Set: 5.2ms
[39.101s][info][gc,phases      ] GC(247)   Post Evacuate Collection Set: 0.4ms
[39.101s][info][gc,phases      ] GC(247)   Other: 0.2ms
[39.101s][info][gc,heap        ] GC(247) Eden regions: 203->0(203)
[39.101s][info][gc,heap        ] GC(247) Survivor regions: 13->13(27)
[39.101s][info][gc,heap        ] GC(247) Old regions: 131->131
[39.101s][info][gc,heap        ] GC(247) Archive regions: 0->0
[39.101s][info][gc,heap        ] GC(247) Humongous regions: 15->15
[39.101s][info][gc,metaspace   ] GC(247) Metaspace: 60073K(60928K)->60073K(60928K) NonClass: 52516K(52992K)->52516K(52992K) Class: 7556K(7936K)->7556K(7936K)
[39.101s][info][gc             ] GC(247) Pause Young (Normal) (G1 Evacuation Pause) 354M->151M(396M) 6.492ms
[39.101s][info][gc,cpu         ] GC(247) User=0.00s Sys=0.00s Real=0.00s
[39.244s][info][gc,start       ] GC(248) Pause Young (Normal) (G1 Evacuation Pause)
[39.244s][info][gc,task        ] GC(248) Using 9 workers of 33 for evacuation
[39.251s][info][gc,phases      ] GC(248)   Pre Evacuate Collection Set: 0.1ms
[39.251s][info][gc,phases      ] GC(248)   Merge Heap Roots: 0.1ms
[39.251s][info][gc,phases      ] GC(248)   Evacuate Collection Set: 5.2ms
[39.251s][info][gc,phases      ] GC(248)   Post Evacuate Collection Set: 0.5ms
[39.251s][info][gc,phases      ] GC(248)   Other: 0.2ms
[39.251s][info][gc,heap        ] GC(248) Eden regions: 203->0(203)
[39.251s][info][gc,heap        ] GC(248) Survivor regions: 13->13(27)
[39.251s][info][gc,heap        ] GC(248) Old regions: 131->131
[39.251s][info][gc,heap        ] GC(248) Archive regions: 0->0
[39.251s][info][gc,heap        ] GC(248) Humongous regions: 15->15
[39.251s][info][gc,metaspace   ] GC(248) Metaspace: 60076K(60928K)->60076K(60928K) NonClass: 52519K(52992K)->52519K(52992K) Class: 7556K(7936K)->7556K(7936K)
[39.251s][info][gc             ] GC(248) Pause Young (Normal) (G1 Evacuation Pause) 354M->151M(396M) 6.655ms
[39.251s][info][gc,cpu         ] GC(248) User=0.14s Sys=0.00s Real=0.02s
[39.380s][info][gc,start       ] GC(249) Pause Young (Normal) (G1 Evacuation Pause)
[39.380s][info][gc,task        ] GC(249) Using 9 workers of 33 for evacuation
[39.386s][info][gc,phases      ] GC(249)   Pre Evacuate Collection Set: 0.1ms
[39.386s][info][gc,phases      ] GC(249)   Merge Heap Roots: 0.1ms
[39.386s][info][gc,phases      ] GC(249)   Evacuate Collection Set: 5.2ms
[39.386s][info][gc,phases      ] GC(249)   Post Evacuate Collection Set: 0.4ms
[39.387s][info][gc,phases      ] GC(249)   Other: 0.2ms
[39.387s][info][gc,heap        ] GC(249) Eden regions: 203->0(203)
[39.387s][info][gc,heap        ] GC(249) Survivor regions: 13->13(27)
[39.387s][info][gc,heap        ] GC(249) Old regions: 131->131
[39.387s][info][gc,heap        ] GC(249) Archive regions: 0->0
[39.387s][info][gc,heap        ] GC(249) Humongous regions: 15->15
[39.387s][info][gc,metaspace   ] GC(249) Metaspace: 60076K(60928K)->60076K(60928K) NonClass: 52519K(52992K)->52519K(52992K) Class: 7556K(7936K)->7556K(7936K)
[39.387s][info][gc             ] GC(249) Pause Young (Normal) (G1 Evacuation Pause) 354M->151M(396M) 6.401ms
[39.387s][info][gc,cpu         ] GC(249) User=0.00s Sys=0.00s Real=0.00s
[39.486s][info][gc,start       ] GC(250) Pause Full (System.gc())
[39.486s][info][gc,task        ] GC(250) Using 9 workers of 33 for full compaction
[39.486s][info][gc,phases,start] GC(250) Phase 1: Mark live objects
[39.514s][info][gc,phases      ] GC(250) Phase 1: Mark live objects 27.684ms
[39.514s][info][gc,phases,start] GC(250) Phase 2: Prepare compaction
[39.519s][info][gc,phases      ] GC(250) Phase 2: Prepare compaction 4.579ms
[39.519s][info][gc,phases,start] GC(250) Phase 3: Adjust pointers
[39.525s][info][gc,phases      ] GC(250) Phase 3: Adjust pointers 6.606ms
[39.525s][info][gc,phases,start] GC(250) Phase 4: Compact heap
[39.526s][info][gc,phases      ] GC(250) Phase 4: Compact heap 0.707ms
[39.537s][info][gc,heap        ] GC(250) Eden regions: 119->0(214)
[39.537s][info][gc,heap        ] GC(250) Survivor regions: 13->0(27)
[39.537s][info][gc,heap        ] GC(250) Old regions: 131->98
[39.537s][info][gc,heap        ] GC(250) Archive regions: 0->0
[39.537s][info][gc,heap        ] GC(250) Humongous regions: 20->9
[39.537s][info][gc,metaspace   ] GC(250) Metaspace: 60098K(60992K)->60098K(60992K) NonClass: 52541K(53056K)->52541K(53056K) Class: 7556K(7936K)->7556K(7936K)
[39.537s][info][gc             ] GC(250) Pause Full (System.gc()) 275M->101M(357M) 51.392ms
[39.537s][info][gc,cpu         ] GC(250) User=0.30s Sys=0.00s Real=0.05s
[39.691s][info][gc,start       ] GC(251) Pause Young (Normal) (G1 Evacuation Pause)
[39.691s][info][gc,task        ] GC(251) Using 8 workers of 33 for evacuation
[39.696s][info][gc,phases      ] GC(251)   Pre Evacuate Collection Set: 0.2ms
[39.696s][info][gc,phases      ] GC(251)   Merge Heap Roots: 0.1ms
[39.696s][info][gc,phases      ] GC(251)   Evacuate Collection Set: 3.7ms
[39.696s][info][gc,phases      ] GC(251)   Post Evacuate Collection Set: 0.7ms
[39.696s][info][gc,phases      ] GC(251)   Other: 0.2ms
[39.696s][info][gc,heap        ] GC(251) Eden regions: 214->0(207)
[39.696s][info][gc,heap        ] GC(251) Survivor regions: 0->7(27)
[39.696s][info][gc,heap        ] GC(251) Old regions: 98->98
[39.696s][info][gc,heap        ] GC(251) Archive regions: 0->0
[39.696s][info][gc,heap        ] GC(251) Humongous regions: 19->9
[39.696s][info][gc,metaspace   ] GC(251) Metaspace: 60124K(60992K)->60124K(60992K) NonClass: 52567K(53056K)->52567K(53056K) Class: 7556K(7936K)->7556K(7936K)
[39.696s][info][gc             ] GC(251) Pause Young (Normal) (G1 Evacuation Pause) 325M->107M(357M) 5.300ms
[39.696s][info][gc,cpu         ] GC(251) User=0.00s Sys=0.00s Real=0.00s
[39.768s][info][gc,start       ] GC(252) Pause Young (Normal) (G1 Evacuation Pause)
[39.768s][info][gc,task        ] GC(252) Using 8 workers of 33 for evacuation
[39.776s][info][gc,phases      ] GC(252)   Pre Evacuate Collection Set: 0.1ms
[39.776s][info][gc,phases      ] GC(252)   Merge Heap Roots: 0.1ms
[39.776s][info][gc,phases      ] GC(252)   Evacuate Collection Set: 6.3ms
[39.776s][info][gc,phases      ] GC(252)   Post Evacuate Collection Set: 0.7ms
[39.776s][info][gc,phases      ] GC(252)   Other: 0.2ms
[39.776s][info][gc,heap        ] GC(252) Eden regions: 207->0(201)
[39.776s][info][gc,heap        ] GC(252) Survivor regions: 7->13(27)
[39.776s][info][gc,heap        ] GC(252) Old regions: 98->98
[39.776s][info][gc,heap        ] GC(252) Archive regions: 0->0
[39.776s][info][gc,heap        ] GC(252) Humongous regions: 10->10
[39.776s][info][gc,metaspace   ] GC(252) Metaspace: 60129K(60992K)->60129K(60992K) NonClass: 52572K(53056K)->52572K(53056K) Class: 7556K(7936K)->7556K(7936K)
[39.776s][info][gc             ] GC(252) Pause Young (Normal) (G1 Evacuation Pause) 315M->115M(357M) 7.852ms
[39.776s][info][gc,cpu         ] GC(252) User=0.00s Sys=0.00s Real=0.00s
[39.840s][info][gc,start       ] GC(253) Pause Young (Normal) (G1 Evacuation Pause)
[39.840s][info][gc,task        ] GC(253) Using 8 workers of 33 for evacuation
[39.856s][info][gc,phases      ] GC(253)   Pre Evacuate Collection Set: 0.1ms
[39.856s][info][gc,phases      ] GC(253)   Merge Heap Roots: 0.1ms
[39.856s][info][gc,phases      ] GC(253)   Evacuate Collection Set: 14.6ms
[39.856s][info][gc,phases      ] GC(253)   Post Evacuate Collection Set: 0.7ms
[39.856s][info][gc,phases      ] GC(253)   Other: 0.2ms
[39.856s][info][gc,heap        ] GC(253) Eden regions: 201->0(186)
[39.856s][info][gc,heap        ] GC(253) Survivor regions: 13->21(27)
[39.856s][info][gc,heap        ] GC(253) Old regions: 98->98
[39.856s][info][gc,heap        ] GC(253) Archive regions: 0->0
[39.856s][info][gc,heap        ] GC(253) Humongous regions: 12->12
[39.856s][info][gc,metaspace   ] GC(253) Metaspace: 60129K(60992K)->60129K(60992K) NonClass: 52572K(53056K)->52572K(53056K) Class: 7556K(7936K)->7556K(7936K)
[39.856s][info][gc             ] GC(253) Pause Young (Normal) (G1 Evacuation Pause) 318M->125M(357M) 16.184ms
[39.856s][info][gc,cpu         ] GC(253) User=0.13s Sys=0.00s Real=0.02s
[39.915s][info][gc,start       ] GC(254) Pause Young (Normal) (G1 Evacuation Pause)
[39.915s][info][gc,task        ] GC(254) Using 8 workers of 33 for evacuation
[39.932s][info][gc,phases      ] GC(254)   Pre Evacuate Collection Set: 0.1ms
[39.932s][info][gc,phases      ] GC(254)   Merge Heap Roots: 0.1ms
[39.932s][info][gc,phases      ] GC(254)   Evacuate Collection Set: 15.6ms
[39.932s][info][gc,phases      ] GC(254)   Post Evacuate Collection Set: 0.9ms
[39.932s][info][gc,phases      ] GC(254)   Other: 0.2ms
[39.932s][info][gc,heap        ] GC(254) Eden regions: 186->0(208)
[39.932s][info][gc,heap        ] GC(254) Survivor regions: 21->17(26)
[39.932s][info][gc,heap        ] GC(254) Old regions: 98->111
[39.932s][info][gc,heap        ] GC(254) Archive regions: 0->0
[39.932s][info][gc,heap        ] GC(254) Humongous regions: 15->15
[39.932s][info][gc,metaspace   ] GC(254) Metaspace: 60129K(60992K)->60129K(60992K) NonClass: 52572K(53056K)->52572K(53056K) Class: 7556K(7936K)->7556K(7936K)
[39.932s][info][gc             ] GC(254) Pause Young (Normal) (G1 Evacuation Pause) 314M->136M(388M) 17.352ms
[39.932s][info][gc,cpu         ] GC(254) User=0.13s Sys=0.00s Real=0.02s
[40.004s][info][gc,start       ] GC(255) Pause Young (Normal) (G1 Evacuation Pause)
[40.004s][info][gc,task        ] GC(255) Using 9 workers of 33 for evacuation
[40.018s][info][gc,phases      ] GC(255)   Pre Evacuate Collection Set: 0.1ms
[40.018s][info][gc,phases      ] GC(255)   Merge Heap Roots: 0.1ms
[40.018s][info][gc,phases      ] GC(255)   Evacuate Collection Set: 12.7ms
[40.018s][info][gc,phases      ] GC(255)   Post Evacuate Collection Set: 0.4ms
[40.018s][info][gc,phases      ] GC(255)   Other: 0.2ms
[40.018s][info][gc,heap        ] GC(255) Eden regions: 208->0(198)
[40.018s][info][gc,heap        ] GC(255) Survivor regions: 17->18(29)
[40.018s][info][gc,heap        ] GC(255) Old regions: 111->119
[40.018s][info][gc,heap        ] GC(255) Archive regions: 0->0
[40.018s][info][gc,heap        ] GC(255) Humongous regions: 15->15
[40.018s][info][gc,metaspace   ] GC(255) Metaspace: 60129K(60992K)->60129K(60992K) NonClass: 52572K(53056K)->52572K(53056K) Class: 7556K(7936K)->7556K(7936K)
[40.018s][info][gc             ] GC(255) Pause Young (Normal) (G1 Evacuation Pause) 344M->145M(388M) 13.949ms
[40.018s][info][gc,cpu         ] GC(255) User=0.14s Sys=0.00s Real=0.02s
[40.083s][info][gc,start       ] GC(256) Pause Young (Normal) (G1 Evacuation Pause)
[40.083s][info][gc,task        ] GC(256) Using 9 workers of 33 for evacuation
[40.093s][info][gc,phases      ] GC(256)   Pre Evacuate Collection Set: 0.1ms
[40.093s][info][gc,phases      ] GC(256)   Merge Heap Roots: 0.1ms
[40.093s][info][gc,phases      ] GC(256)   Evacuate Collection Set: 9.7ms
[40.093s][info][gc,phases      ] GC(256)   Post Evacuate Collection Set: 0.4ms
[40.093s][info][gc,phases      ] GC(256)   Other: 0.2ms
[40.094s][info][gc,heap        ] GC(256) Eden regions: 198->0(196)
[40.094s][info][gc,heap        ] GC(256) Survivor regions: 18->15(27)
[40.094s][info][gc,heap        ] GC(256) Old regions: 119->127
[40.094s][info][gc,heap        ] GC(256) Archive regions: 0->0
[40.094s][info][gc,heap        ] GC(256) Humongous regions: 15->15
[40.094s][info][gc,metaspace   ] GC(256) Metaspace: 60130K(60992K)->60130K(60992K) NonClass: 52573K(53056K)->52573K(53056K) Class: 7556K(7936K)->7556K(7936K)
[40.094s][info][gc             ] GC(256) Pause Young (Normal) (G1 Evacuation Pause) 343M->150M(388M) 10.851ms
[40.094s][info][gc,cpu         ] GC(256) User=0.14s Sys=0.00s Real=0.02s
[40.166s][info][gc,start       ] GC(257) Pause Young (Normal) (G1 Evacuation Pause)
[40.166s][info][gc,task        ] GC(257) Using 9 workers of 33 for evacuation
[40.173s][info][gc,phases      ] GC(257)   Pre Evacuate Collection Set: 0.1ms
[40.173s][info][gc,phases      ] GC(257)   Merge Heap Roots: 0.1ms
[40.173s][info][gc,phases      ] GC(257)   Evacuate Collection Set: 6.5ms
[40.173s][info][gc,phases      ] GC(257)   Post Evacuate Collection Set: 0.4ms
[40.173s][info][gc,phases      ] GC(257)   Other: 0.1ms
[40.173s][info][gc,heap        ] GC(257) Eden regions: 196->0(198)
[40.173s][info][gc,heap        ] GC(257) Survivor regions: 15->14(27)
[40.173s][info][gc,heap        ] GC(257) Old regions: 127->127
[40.173s][info][gc,heap        ] GC(257) Archive regions: 0->0
[40.173s][info][gc,heap        ] GC(257) Humongous regions: 15->15
[40.173s][info][gc,metaspace   ] GC(257) Metaspace: 60130K(60992K)->60130K(60992K) NonClass: 52573K(53056K)->52573K(53056K) Class: 7556K(7936K)->7556K(7936K)
[40.173s][info][gc             ] GC(257) Pause Young (Normal) (G1 Evacuation Pause) 346M->150M(388M) 7.704ms
[40.173s][info][gc,cpu         ] GC(257) User=0.00s Sys=0.00s Real=0.00s
[40.245s][info][gc,start       ] GC(258) Pause Young (Normal) (G1 Evacuation Pause)
[40.245s][info][gc,task        ] GC(258) Using 9 workers of 33 for evacuation
[40.251s][info][gc,phases      ] GC(258)   Pre Evacuate Collection Set: 0.1ms
[40.251s][info][gc,phases      ] GC(258)   Merge Heap Roots: 0.1ms
[40.251s][info][gc,phases      ] GC(258)   Evacuate Collection Set: 5.1ms
[40.251s][info][gc,phases      ] GC(258)   Post Evacuate Collection Set: 0.7ms
[40.251s][info][gc,phases      ] GC(258)   Other: 0.2ms
[40.251s][info][gc,heap        ] GC(258) Eden regions: 198->0(218)
[40.251s][info][gc,heap        ] GC(258) Survivor regions: 14->15(27)
[40.251s][info][gc,heap        ] GC(258) Old regions: 127->127
[40.251s][info][gc,heap        ] GC(258) Archive regions: 0->0
[40.251s][info][gc,heap        ] GC(258) Humongous regions: 15->15
[40.251s][info][gc,metaspace   ] GC(258) Metaspace: 60130K(60992K)->60130K(60992K) NonClass: 52573K(53056K)->52573K(53056K) Class: 7556K(7936K)->7556K(7936K)
[40.251s][info][gc             ] GC(258) Pause Young (Normal) (G1 Evacuation Pause) 348M->150M(412M) 6.638ms
[40.252s][info][gc,cpu         ] GC(258) User=0.00s Sys=0.00s Real=0.00s
[40.336s][info][gc,start       ] GC(259) Pause Young (Normal) (G1 Evacuation Pause)
[40.336s][info][gc,task        ] GC(259) Using 9 workers of 33 for evacuation
[40.342s][info][gc,phases      ] GC(259)   Pre Evacuate Collection Set: 0.1ms
[40.342s][info][gc,phases      ] GC(259)   Merge Heap Roots: 0.1ms
[40.342s][info][gc,phases      ] GC(259)   Evacuate Collection Set: 5.1ms
[40.342s][info][gc,phases      ] GC(259)   Post Evacuate Collection Set: 0.4ms
[40.342s][info][gc,phases      ] GC(259)   Other: 0.1ms
[40.342s][info][gc,heap        ] GC(259) Eden regions: 218->0(220)
[40.342s][info][gc,heap        ] GC(259) Survivor regions: 15->14(30)
[40.342s][info][gc,heap        ] GC(259) Old regions: 127->127
[40.342s][info][gc,heap        ] GC(259) Archive regions: 0->0
[40.342s][info][gc,heap        ] GC(259) Humongous regions: 15->15
[40.342s][info][gc,metaspace   ] GC(259) Metaspace: 60130K(60992K)->60130K(60992K) NonClass: 52573K(53056K)->52573K(53056K) Class: 7556K(7936K)->7556K(7936K)
[40.342s][info][gc             ] GC(259) Pause Young (Normal) (G1 Evacuation Pause) 368M->150M(412M) 6.277ms
[40.342s][info][gc,cpu         ] GC(259) User=0.00s Sys=0.00s Real=0.00s
[40.447s][info][gc,start       ] GC(260) Pause Young (Normal) (G1 Evacuation Pause)
[40.471s][info][gc,task        ] GC(260) Using 9 workers of 33 for evacuation
[40.479s][info][gc,phases      ] GC(260)   Pre Evacuate Collection Set: 0.2ms
[40.479s][info][gc,phases      ] GC(260)   Merge Heap Roots: 0.1ms
[40.479s][info][gc,phases      ] GC(260)   Evacuate Collection Set: 6.9ms
[40.479s][info][gc,phases      ] GC(260)   Post Evacuate Collection Set: 0.6ms
[40.479s][info][gc,phases      ] GC(260)   Other: 0.2ms
[40.479s][info][gc,heap        ] GC(260) Eden regions: 220->0(220)
[40.479s][info][gc,heap        ] GC(260) Survivor regions: 14->14(30)
[40.479s][info][gc,heap        ] GC(260) Old regions: 127->127
[40.479s][info][gc,heap        ] GC(260) Archive regions: 0->0
[40.479s][info][gc,heap        ] GC(260) Humongous regions: 15->15
[40.479s][info][gc,metaspace   ] GC(260) Metaspace: 60132K(60992K)->60132K(60992K) NonClass: 52574K(53056K)->52574K(53056K) Class: 7557K(7936K)->7557K(7936K)
[40.479s][info][gc             ] GC(260) Pause Young (Normal) (G1 Evacuation Pause) 370M->150M(412M) 32.187ms
[40.479s][info][gc,cpu         ] GC(260) User=0.14s Sys=0.00s Real=0.03s
[40.643s][info][gc,start       ] GC(261) Pause Young (Normal) (G1 Evacuation Pause)
[40.643s][info][gc,task        ] GC(261) Using 9 workers of 33 for evacuation
[40.650s][info][gc,phases      ] GC(261)   Pre Evacuate Collection Set: 0.1ms
[40.651s][info][gc,phases      ] GC(261)   Merge Heap Roots: 0.1ms
[40.651s][info][gc,phases      ] GC(261)   Evacuate Collection Set: 6.6ms
[40.651s][info][gc,phases      ] GC(261)   Post Evacuate Collection Set: 0.4ms
[40.651s][info][gc,phases      ] GC(261)   Other: 0.2ms
[40.651s][info][gc,heap        ] GC(261) Eden regions: 220->0(218)
[40.651s][info][gc,heap        ] GC(261) Survivor regions: 14->15(30)
[40.651s][info][gc,heap        ] GC(261) Old regions: 127->127
[40.651s][info][gc,heap        ] GC(261) Archive regions: 0->0
[40.651s][info][gc,heap        ] GC(261) Humongous regions: 15->15
[40.651s][info][gc,metaspace   ] GC(261) Metaspace: 60132K(60992K)->60132K(60992K) NonClass: 52574K(53056K)->52574K(53056K) Class: 7557K(7936K)->7557K(7936K)
[40.651s][info][gc             ] GC(261) Pause Young (Normal) (G1 Evacuation Pause) 370M->150M(412M) 7.889ms
[40.651s][info][gc,cpu         ] GC(261) User=0.14s Sys=0.00s Real=0.01s
[40.799s][info][gc,start       ] GC(262) Pause Young (Normal) (G1 Evacuation Pause)
[40.799s][info][gc,task        ] GC(262) Using 9 workers of 33 for evacuation
[40.806s][info][gc,phases      ] GC(262)   Pre Evacuate Collection Set: 0.1ms
[40.806s][info][gc,phases      ] GC(262)   Merge Heap Roots: 0.1ms
[40.806s][info][gc,phases      ] GC(262)   Evacuate Collection Set: 6.5ms
[40.806s][info][gc,phases      ] GC(262)   Post Evacuate Collection Set: 0.4ms
[40.806s][info][gc,phases      ] GC(262)   Other: 0.2ms
[40.806s][info][gc,heap        ] GC(262) Eden regions: 218->0(218)
[40.806s][info][gc,heap        ] GC(262) Survivor regions: 15->15(30)
[40.806s][info][gc,heap        ] GC(262) Old regions: 127->127
[40.807s][info][gc,heap        ] GC(262) Archive regions: 0->0
[40.807s][info][gc,heap        ] GC(262) Humongous regions: 15->15
[40.807s][info][gc,metaspace   ] GC(262) Metaspace: 60132K(60992K)->60132K(60992K) NonClass: 52574K(53056K)->52574K(53056K) Class: 7557K(7936K)->7557K(7936K)
[40.807s][info][gc             ] GC(262) Pause Young (Normal) (G1 Evacuation Pause) 368M->150M(412M) 7.727ms
[40.807s][info][gc,cpu         ] GC(262) User=0.14s Sys=0.00s Real=0.02s
[40.945s][info][gc,start       ] GC(263) Pause Young (Normal) (G1 Evacuation Pause)
[40.945s][info][gc,task        ] GC(263) Using 9 workers of 33 for evacuation
[40.952s][info][gc,phases      ] GC(263)   Pre Evacuate Collection Set: 0.1ms
[40.952s][info][gc,phases      ] GC(263)   Merge Heap Roots: 0.1ms
[40.952s][info][gc,phases      ] GC(263)   Evacuate Collection Set: 6.4ms
[40.952s][info][gc,phases      ] GC(263)   Post Evacuate Collection Set: 0.4ms
[40.952s][info][gc,phases      ] GC(263)   Other: 0.2ms
[40.952s][info][gc,heap        ] GC(263) Eden regions: 218->0(218)
[40.952s][info][gc,heap        ] GC(263) Survivor regions: 15->15(30)
[40.952s][info][gc,heap        ] GC(263) Old regions: 127->127
[40.952s][info][gc,heap        ] GC(263) Archive regions: 0->0
[40.952s][info][gc,heap        ] GC(263) Humongous regions: 15->15
[40.952s][info][gc,metaspace   ] GC(263) Metaspace: 60132K(60992K)->60132K(60992K) NonClass: 52574K(53056K)->52574K(53056K) Class: 7557K(7936K)->7557K(7936K)
[40.952s][info][gc             ] GC(263) Pause Young (Normal) (G1 Evacuation Pause) 368M->151M(412M) 7.699ms
[40.952s][info][gc,cpu         ] GC(263) User=0.00s Sys=0.00s Real=0.00s
[41.079s][info][gc,start       ] GC(264) Pause Full (System.gc())
[41.079s][info][gc,task        ] GC(264) Using 9 workers of 33 for full compaction
[41.079s][info][gc,phases,start] GC(264) Phase 1: Mark live objects
[41.111s][info][gc,phases      ] GC(264) Phase 1: Mark live objects 32.461ms
[41.112s][info][gc,phases,start] GC(264) Phase 2: Prepare compaction
[41.116s][info][gc,phases      ] GC(264) Phase 2: Prepare compaction 4.887ms
[41.116s][info][gc,phases,start] GC(264) Phase 3: Adjust pointers
[41.123s][info][gc,phases      ] GC(264) Phase 3: Adjust pointers 7.058ms
[41.124s][info][gc,phases,start] GC(264) Phase 4: Compact heap
[41.124s][info][gc,phases      ] GC(264) Phase 4: Compact heap 0.435ms
[41.130s][info][gc,heap        ] GC(264) Eden regions: 160->0(214)
[41.131s][info][gc,heap        ] GC(264) Survivor regions: 15->0(30)
[41.131s][info][gc,heap        ] GC(264) Old regions: 127->98
[41.131s][info][gc,heap        ] GC(264) Archive regions: 0->0
[41.131s][info][gc,heap        ] GC(264) Humongous regions: 20->9
[41.131s][info][gc,metaspace   ] GC(264) Metaspace: 60168K(60992K)->60168K(60992K) NonClass: 52609K(53056K)->52609K(53056K) Class: 7558K(7936K)->7558K(7936K)
[41.131s][info][gc             ] GC(264) Pause Full (System.gc()) 316M->101M(357M) 51.974ms
[41.131s][info][gc,cpu         ] GC(264) User=0.42s Sys=0.00s Real=0.05s
[41.297s][info][gc,start       ] GC(265) Pause Young (Normal) (G1 Evacuation Pause)
[41.297s][info][gc,task        ] GC(265) Using 8 workers of 33 for evacuation
[41.303s][info][gc,phases      ] GC(265)   Pre Evacuate Collection Set: 0.2ms
[41.303s][info][gc,phases      ] GC(265)   Merge Heap Roots: 0.1ms
[41.303s][info][gc,phases      ] GC(265)   Evacuate Collection Set: 4.5ms
[41.303s][info][gc,phases      ] GC(265)   Post Evacuate Collection Set: 0.7ms
[41.303s][info][gc,phases      ] GC(265)   Other: 0.2ms
[41.303s][info][gc,heap        ] GC(265) Eden regions: 214->0(206)
[41.303s][info][gc,heap        ] GC(265) Survivor regions: 0->8(27)
[41.303s][info][gc,heap        ] GC(265) Old regions: 98->98
[41.303s][info][gc,heap        ] GC(265) Archive regions: 0->0
[41.303s][info][gc,heap        ] GC(265) Humongous regions: 19->9
[41.303s][info][gc,metaspace   ] GC(265) Metaspace: 60195K(61056K)->60195K(61056K) NonClass: 52635K(53120K)->52635K(53120K) Class: 7559K(7936K)->7559K(7936K)
[41.303s][info][gc             ] GC(265) Pause Young (Normal) (G1 Evacuation Pause) 325M->109M(357M) 6.205ms
[41.303s][info][gc,cpu         ] GC(265) User=0.00s Sys=0.00s Real=0.00s
[41.383s][info][gc,start       ] GC(266) Pause Young (Normal) (G1 Evacuation Pause)
[41.383s][info][gc,task        ] GC(266) Using 8 workers of 33 for evacuation
[41.393s][info][gc,phases      ] GC(266)   Pre Evacuate Collection Set: 0.1ms
[41.393s][info][gc,phases      ] GC(266)   Merge Heap Roots: 0.1ms
[41.393s][info][gc,phases      ] GC(266)   Evacuate Collection Set: 9.1ms
[41.393s][info][gc,phases      ] GC(266)   Post Evacuate Collection Set: 0.7ms
[41.393s][info][gc,phases      ] GC(266)   Other: 0.2ms
[41.393s][info][gc,heap        ] GC(266) Eden regions: 206->0(198)
[41.393s][info][gc,heap        ] GC(266) Survivor regions: 8->15(27)
[41.393s][info][gc,heap        ] GC(266) Old regions: 98->98
[41.393s][info][gc,heap        ] GC(266) Archive regions: 0->0
[41.394s][info][gc,heap        ] GC(266) Humongous regions: 12->12
[41.394s][info][gc,metaspace   ] GC(266) Metaspace: 60195K(61056K)->60195K(61056K) NonClass: 52635K(53120K)->52635K(53120K) Class: 7559K(7936K)->7559K(7936K)
[41.394s][info][gc             ] GC(266) Pause Young (Normal) (G1 Evacuation Pause) 318M->119M(357M) 10.666ms
[41.394s][info][gc,cpu         ] GC(266) User=0.13s Sys=0.00s Real=0.02s
[41.455s][info][gc,start       ] GC(267) Pause Young (Normal) (G1 Evacuation Pause)
[41.455s][info][gc,task        ] GC(267) Using 8 workers of 33 for evacuation
[41.468s][info][gc,phases      ] GC(267)   Pre Evacuate Collection Set: 0.1ms
[41.468s][info][gc,phases      ] GC(267)   Merge Heap Roots: 0.1ms
[41.468s][info][gc,phases      ] GC(267)   Evacuate Collection Set: 12.2ms
[41.468s][info][gc,phases      ] GC(267)   Post Evacuate Collection Set: 0.7ms
[41.468s][info][gc,phases      ] GC(267)   Other: 0.2ms
[41.468s][info][gc,heap        ] GC(267) Eden regions: 198->0(182)
[41.468s][info][gc,heap        ] GC(267) Survivor regions: 15->23(27)
[41.468s][info][gc,heap        ] GC(267) Old regions: 98->98
[41.468s][info][gc,heap        ] GC(267) Archive regions: 0->0
[41.468s][info][gc,heap        ] GC(267) Humongous regions: 12->12
[41.468s][info][gc,metaspace   ] GC(267) Metaspace: 60195K(61056K)->60195K(61056K) NonClass: 52635K(53120K)->52635K(53120K) Class: 7559K(7936K)->7559K(7936K)
[41.469s][info][gc             ] GC(267) Pause Young (Normal) (G1 Evacuation Pause) 317M->127M(357M) 13.748ms
[41.469s][info][gc,cpu         ] GC(267) User=0.13s Sys=0.00s Real=0.02s
[41.528s][info][gc,start       ] GC(268) Pause Young (Normal) (G1 Evacuation Pause)
[41.528s][info][gc,task        ] GC(268) Using 8 workers of 33 for evacuation
[41.545s][info][gc,phases      ] GC(268)   Pre Evacuate Collection Set: 0.1ms
[41.545s][info][gc,phases      ] GC(268)   Merge Heap Roots: 0.1ms
[41.545s][info][gc,phases      ] GC(268)   Evacuate Collection Set: 15.0ms
[41.545s][info][gc,phases      ] GC(268)   Post Evacuate Collection Set: 0.9ms
[41.545s][info][gc,phases      ] GC(268)   Other: 0.2ms
[41.545s][info][gc,heap        ] GC(268) Eden regions: 182->0(207)
[41.545s][info][gc,heap        ] GC(268) Survivor regions: 23->17(26)
[41.545s][info][gc,heap        ] GC(268) Old regions: 98->112
[41.545s][info][gc,heap        ] GC(268) Archive regions: 0->0
[41.545s][info][gc,heap        ] GC(268) Humongous regions: 15->15
[41.545s][info][gc,metaspace   ] GC(268) Metaspace: 60195K(61056K)->60195K(61056K) NonClass: 52635K(53120K)->52635K(53120K) Class: 7559K(7936K)->7559K(7936K)
[41.545s][info][gc             ] GC(268) Pause Young (Normal) (G1 Evacuation Pause) 312M->137M(388M) 16.742ms
[41.545s][info][gc,cpu         ] GC(268) User=0.13s Sys=0.02s Real=0.03s
[41.616s][info][gc,start       ] GC(269) Pause Young (Normal) (G1 Evacuation Pause)
[41.616s][info][gc,task        ] GC(269) Using 9 workers of 33 for evacuation
[41.628s][info][gc,phases      ] GC(269)   Pre Evacuate Collection Set: 0.1ms
[41.628s][info][gc,phases      ] GC(269)   Merge Heap Roots: 0.1ms
[41.628s][info][gc,phases      ] GC(269)   Evacuate Collection Set: 10.9ms
[41.628s][info][gc,phases      ] GC(269)   Post Evacuate Collection Set: 0.4ms
[41.628s][info][gc,phases      ] GC(269)   Other: 0.2ms
[41.628s][info][gc,heap        ] GC(269) Eden regions: 207->0(198)
[41.628s][info][gc,heap        ] GC(269) Survivor regions: 17->17(28)
[41.628s][info][gc,heap        ] GC(269) Old regions: 112->121
[41.628s][info][gc,heap        ] GC(269) Archive regions: 0->0
[41.628s][info][gc,heap        ] GC(269) Humongous regions: 15->15
[41.628s][info][gc,metaspace   ] GC(269) Metaspace: 60195K(61056K)->60195K(61056K) NonClass: 52635K(53120K)->52635K(53120K) Class: 7559K(7936K)->7559K(7936K)
[41.628s][info][gc             ] GC(269) Pause Young (Normal) (G1 Evacuation Pause) 344M->146M(388M) 12.186ms
[41.628s][info][gc,cpu         ] GC(269) User=0.14s Sys=0.00s Real=0.02s
[41.693s][info][gc,start       ] GC(270) Pause Young (Normal) (G1 Evacuation Pause)
[41.693s][info][gc,task        ] GC(270) Using 9 workers of 33 for evacuation
[41.703s][info][gc,phases      ] GC(270)   Pre Evacuate Collection Set: 0.1ms
[41.703s][info][gc,phases      ] GC(270)   Merge Heap Roots: 0.1ms
[41.703s][info][gc,phases      ] GC(270)   Evacuate Collection Set: 8.5ms
[41.703s][info][gc,phases      ] GC(270)   Post Evacuate Collection Set: 0.4ms
[41.703s][info][gc,phases      ] GC(270)   Other: 0.2ms
[41.703s][info][gc,heap        ] GC(270) Eden regions: 198->0(196)
[41.703s][info][gc,heap        ] GC(270) Survivor regions: 17->14(27)
[41.703s][info][gc,heap        ] GC(270) Old regions: 121->129
[41.703s][info][gc,heap        ] GC(270) Archive regions: 0->0
[41.703s][info][gc,heap        ] GC(270) Humongous regions: 15->15
[41.703s][info][gc,metaspace   ] GC(270) Metaspace: 60195K(61056K)->60195K(61056K) NonClass: 52635K(53120K)->52635K(53120K) Class: 7559K(7936K)->7559K(7936K)
[41.703s][info][gc             ] GC(270) Pause Young (Normal) (G1 Evacuation Pause) 344M->151M(388M) 9.946ms
[41.703s][info][gc,cpu         ] GC(270) User=0.14s Sys=0.00s Real=0.02s
[41.767s][info][gc,start       ] GC(271) Pause Young (Normal) (G1 Evacuation Pause)
[41.767s][info][gc,task        ] GC(271) Using 9 workers of 33 for evacuation
[41.773s][info][gc,phases      ] GC(271)   Pre Evacuate Collection Set: 0.1ms
[41.773s][info][gc,phases      ] GC(271)   Merge Heap Roots: 0.1ms
[41.773s][info][gc,phases      ] GC(271)   Evacuate Collection Set: 4.9ms
[41.773s][info][gc,phases      ] GC(271)   Post Evacuate Collection Set: 0.4ms
[41.773s][info][gc,phases      ] GC(271)   Other: 0.2ms
[41.773s][info][gc,heap        ] GC(271) Eden regions: 196->0(198)
[41.773s][info][gc,heap        ] GC(271) Survivor regions: 14->13(27)
[41.773s][info][gc,heap        ] GC(271) Old regions: 129->129
[41.773s][info][gc,heap        ] GC(271) Archive regions: 0->0
[41.773s][info][gc,heap        ] GC(271) Humongous regions: 15->15
[41.773s][info][gc,metaspace   ] GC(271) Metaspace: 60195K(61056K)->60195K(61056K) NonClass: 52635K(53120K)->52635K(53120K) Class: 7559K(7936K)->7559K(7936K)
[41.774s][info][gc             ] GC(271) Pause Young (Normal) (G1 Evacuation Pause) 347M->150M(388M) 6.180ms
[41.774s][info][gc,cpu         ] GC(271) User=0.00s Sys=0.00s Real=0.00s
[41.839s][info][gc,start       ] GC(272) Pause Young (Normal) (G1 Evacuation Pause)
[41.839s][info][gc,task        ] GC(272) Using 9 workers of 33 for evacuation
[41.845s][info][gc,phases      ] GC(272)   Pre Evacuate Collection Set: 0.1ms
[41.845s][info][gc,phases      ] GC(272)   Merge Heap Roots: 0.1ms
[41.845s][info][gc,phases      ] GC(272)   Evacuate Collection Set: 4.9ms
[41.845s][info][gc,phases      ] GC(272)   Post Evacuate Collection Set: 0.7ms
[41.845s][info][gc,phases      ] GC(272)   Other: 0.2ms
[41.845s][info][gc,heap        ] GC(272) Eden regions: 198->0(215)
[41.845s][info][gc,heap        ] GC(272) Survivor regions: 13->14(27)
[41.845s][info][gc,heap        ] GC(272) Old regions: 129->129
[41.845s][info][gc,heap        ] GC(272) Archive regions: 0->0
[41.845s][info][gc,heap        ] GC(272) Humongous regions: 15->15
[41.845s][info][gc,metaspace   ] GC(272) Metaspace: 60195K(61056K)->60195K(61056K) NonClass: 52635K(53120K)->52635K(53120K) Class: 7559K(7936K)->7559K(7936K)
[41.845s][info][gc             ] GC(272) Pause Young (Normal) (G1 Evacuation Pause) 348M->151M(408M) 6.391ms
[41.845s][info][gc,cpu         ] GC(272) User=0.00s Sys=0.00s Real=0.00s
[41.920s][info][gc,start       ] GC(273) Pause Young (Normal) (G1 Evacuation Pause)
[41.921s][info][gc,task        ] GC(273) Using 9 workers of 33 for evacuation
[41.926s][info][gc,phases      ] GC(273)   Pre Evacuate Collection Set: 0.1ms
[41.926s][info][gc,phases      ] GC(273)   Merge Heap Roots: 0.1ms
[41.926s][info][gc,phases      ] GC(273)   Evacuate Collection Set: 4.9ms
[41.926s][info][gc,phases      ] GC(273)   Post Evacuate Collection Set: 0.4ms
[41.926s][info][gc,phases      ] GC(273)   Other: 0.1ms
[41.926s][info][gc,heap        ] GC(273) Eden regions: 215->0(217)
[41.926s][info][gc,heap        ] GC(273) Survivor regions: 14->13(29)
[41.926s][info][gc,heap        ] GC(273) Old regions: 129->129
[41.926s][info][gc,heap        ] GC(273) Archive regions: 0->0
[41.926s][info][gc,heap        ] GC(273) Humongous regions: 15->15
[41.926s][info][gc,metaspace   ] GC(273) Metaspace: 60195K(61056K)->60195K(61056K) NonClass: 52635K(53120K)->52635K(53120K) Class: 7559K(7936K)->7559K(7936K)
[41.926s][info][gc             ] GC(273) Pause Young (Normal) (G1 Evacuation Pause) 366M->150M(408M) 5.833ms
[41.926s][info][gc,cpu         ] GC(273) User=0.00s Sys=0.00s Real=0.00s
[42.035s][info][gc,start       ] GC(274) Pause Young (Normal) (G1 Evacuation Pause)
[42.035s][info][gc,task        ] GC(274) Using 9 workers of 33 for evacuation
[42.041s][info][gc,phases      ] GC(274)   Pre Evacuate Collection Set: 0.1ms
[42.041s][info][gc,phases      ] GC(274)   Merge Heap Roots: 0.1ms
[42.041s][info][gc,phases      ] GC(274)   Evacuate Collection Set: 5.2ms
[42.041s][info][gc,phases      ] GC(274)   Post Evacuate Collection Set: 0.6ms
[42.041s][info][gc,phases      ] GC(274)   Other: 0.2ms
[42.041s][info][gc,heap        ] GC(274) Eden regions: 217->0(215)
[42.041s][info][gc,heap        ] GC(274) Survivor regions: 13->14(29)
[42.041s][info][gc,heap        ] GC(274) Old regions: 129->129
[42.041s][info][gc,heap        ] GC(274) Archive regions: 0->0
[42.041s][info][gc,heap        ] GC(274) Humongous regions: 15->15
[42.041s][info][gc,metaspace   ] GC(274) Metaspace: 60196K(61056K)->60196K(61056K) NonClass: 52636K(53120K)->52636K(53120K) Class: 7559K(7936K)->7559K(7936K)
[42.042s][info][gc             ] GC(274) Pause Young (Normal) (G1 Evacuation Pause) 367M->151M(408M) 6.738ms
[42.042s][info][gc,cpu         ] GC(274) User=0.14s Sys=0.00s Real=0.02s
[42.196s][info][gc,start       ] GC(275) Pause Young (Normal) (G1 Evacuation Pause)
[42.196s][info][gc,task        ] GC(275) Using 9 workers of 33 for evacuation
[42.202s][info][gc,phases      ] GC(275)   Pre Evacuate Collection Set: 0.1ms
[42.202s][info][gc,phases      ] GC(275)   Merge Heap Roots: 0.1ms
[42.202s][info][gc,phases      ] GC(275)   Evacuate Collection Set: 5.2ms
[42.202s][info][gc,phases      ] GC(275)   Post Evacuate Collection Set: 0.4ms
[42.202s][info][gc,phases      ] GC(275)   Other: 0.2ms
[42.202s][info][gc,heap        ] GC(275) Eden regions: 215->0(217)
[42.202s][info][gc,heap        ] GC(275) Survivor regions: 14->13(29)
[42.202s][info][gc,heap        ] GC(275) Old regions: 129->129
[42.202s][info][gc,heap        ] GC(275) Archive regions: 0->0
[42.202s][info][gc,heap        ] GC(275) Humongous regions: 15->15
[42.202s][info][gc,metaspace   ] GC(275) Metaspace: 60196K(61056K)->60196K(61056K) NonClass: 52636K(53120K)->52636K(53120K) Class: 7559K(7936K)->7559K(7936K)
[42.202s][info][gc             ] GC(275) Pause Young (Normal) (G1 Evacuation Pause) 366M->150M(408M) 6.503ms
[42.202s][info][gc,cpu         ] GC(275) User=0.00s Sys=0.00s Real=0.00s
[42.339s][info][gc,start       ] GC(276) Pause Young (Normal) (G1 Evacuation Pause)
[42.339s][info][gc,task        ] GC(276) Using 9 workers of 33 for evacuation
[42.345s][info][gc,phases      ] GC(276)   Pre Evacuate Collection Set: 0.1ms
[42.345s][info][gc,phases      ] GC(276)   Merge Heap Roots: 0.1ms
[42.345s][info][gc,phases      ] GC(276)   Evacuate Collection Set: 5.2ms
[42.345s][info][gc,phases      ] GC(276)   Post Evacuate Collection Set: 0.4ms
[42.345s][info][gc,phases      ] GC(276)   Other: 0.1ms
[42.345s][info][gc,heap        ] GC(276) Eden regions: 217->0(217)
[42.345s][info][gc,heap        ] GC(276) Survivor regions: 13->13(29)
[42.345s][info][gc,heap        ] GC(276) Old regions: 129->129
[42.345s][info][gc,heap        ] GC(276) Archive regions: 0->0
[42.345s][info][gc,heap        ] GC(276) Humongous regions: 15->15
[42.345s][info][gc,metaspace   ] GC(276) Metaspace: 60196K(61056K)->60196K(61056K) NonClass: 52636K(53120K)->52636K(53120K) Class: 7559K(7936K)->7559K(7936K)
[42.345s][info][gc             ] GC(276) Pause Young (Normal) (G1 Evacuation Pause) 367M->150M(408M) 6.443ms
[42.346s][info][gc,cpu         ] GC(276) User=0.00s Sys=0.00s Real=0.00s
[42.483s][info][gc,start       ] GC(277) Pause Young (Normal) (G1 Evacuation Pause)
[42.484s][info][gc,task        ] GC(277) Using 9 workers of 33 for evacuation
[42.490s][info][gc,phases      ] GC(277)   Pre Evacuate Collection Set: 0.1ms
[42.490s][info][gc,phases      ] GC(277)   Merge Heap Roots: 0.1ms
[42.490s][info][gc,phases      ] GC(277)   Evacuate Collection Set: 5.2ms
[42.490s][info][gc,phases      ] GC(277)   Post Evacuate Collection Set: 0.4ms
[42.490s][info][gc,phases      ] GC(277)   Other: 0.1ms
[42.490s][info][gc,heap        ] GC(277) Eden regions: 217->0(217)
[42.490s][info][gc,heap        ] GC(277) Survivor regions: 13->13(29)
[42.490s][info][gc,heap        ] GC(277) Old regions: 129->129
[42.490s][info][gc,heap        ] GC(277) Archive regions: 0->0
[42.490s][info][gc,heap        ] GC(277) Humongous regions: 15->15
[42.490s][info][gc,metaspace   ] GC(277) Metaspace: 60196K(61056K)->60196K(61056K) NonClass: 52636K(53120K)->52636K(53120K) Class: 7559K(7936K)->7559K(7936K)
[42.490s][info][gc             ] GC(277) Pause Young (Normal) (G1 Evacuation Pause) 367M->150M(408M) 6.443ms
[42.490s][info][gc,cpu         ] GC(277) User=0.00s Sys=0.00s Real=0.00s
[42.629s][info][gc,start       ] GC(278) Pause Full (System.gc())
[42.629s][info][gc,task        ] GC(278) Using 9 workers of 33 for full compaction
[42.630s][info][gc,phases,start] GC(278) Phase 1: Mark live objects
[42.661s][info][gc,phases      ] GC(278) Phase 1: Mark live objects 30.965ms
[42.661s][info][gc,phases,start] GC(278) Phase 2: Prepare compaction
[42.665s][info][gc,phases      ] GC(278) Phase 2: Prepare compaction 4.739ms
[42.665s][info][gc,phases,start] GC(278) Phase 3: Adjust pointers
[42.672s][info][gc,phases      ] GC(278) Phase 3: Adjust pointers 6.845ms
[42.672s][info][gc,phases,start] GC(278) Phase 4: Compact heap
[42.673s][info][gc,phases      ] GC(278) Phase 4: Compact heap 0.758ms
[42.679s][info][gc,heap        ] GC(278) Eden regions: 181->0(214)
[42.679s][info][gc,heap        ] GC(278) Survivor regions: 13->0(29)
[42.679s][info][gc,heap        ] GC(278) Old regions: 129->98
[42.679s][info][gc,heap        ] GC(278) Archive regions: 0->0
[42.679s][info][gc,heap        ] GC(278) Humongous regions: 20->9
[42.679s][info][gc,metaspace   ] GC(278) Metaspace: 60208K(61056K)->60208K(61056K) NonClass: 52648K(53120K)->52648K(53120K) Class: 7559K(7936K)->7559K(7936K)
[42.679s][info][gc             ] GC(278) Pause Full (System.gc()) 336M->101M(357M) 50.208ms
[42.679s][info][gc,cpu         ] GC(278) User=0.42s Sys=0.00s Real=0.05s
[42.830s][info][gc,start       ] GC(279) Pause Young (Normal) (G1 Evacuation Pause)
[42.830s][info][gc,task        ] GC(279) Using 8 workers of 33 for evacuation
[42.835s][info][gc,phases      ] GC(279)   Pre Evacuate Collection Set: 0.2ms
[42.835s][info][gc,phases      ] GC(279)   Merge Heap Roots: 0.1ms
[42.835s][info][gc,phases      ] GC(279)   Evacuate Collection Set: 4.0ms
[42.835s][info][gc,phases      ] GC(279)   Post Evacuate Collection Set: 0.7ms
[42.835s][info][gc,phases      ] GC(279)   Other: 0.2ms
[42.835s][info][gc,heap        ] GC(279) Eden regions: 214->0(207)
[42.836s][info][gc,heap        ] GC(279) Survivor regions: 0->7(27)
[42.836s][info][gc,heap        ] GC(279) Old regions: 98->98
[42.836s][info][gc,heap        ] GC(279) Archive regions: 0->0
[42.836s][info][gc,heap        ] GC(279) Humongous regions: 19->9
[42.836s][info][gc,metaspace   ] GC(279) Metaspace: 60235K(61056K)->60235K(61056K) NonClass: 52675K(53120K)->52675K(53120K) Class: 7559K(7936K)->7559K(7936K)
[42.836s][info][gc             ] GC(279) Pause Young (Normal) (G1 Evacuation Pause) 325M->108M(357M) 5.674ms
[42.836s][info][gc,cpu         ] GC(279) User=0.00s Sys=0.00s Real=0.00s
[42.902s][info][gc,start       ] GC(280) Pause Young (Normal) (G1 Evacuation Pause)
[42.902s][info][gc,task        ] GC(280) Using 8 workers of 33 for evacuation
[42.912s][info][gc,phases      ] GC(280)   Pre Evacuate Collection Set: 0.1ms
[42.912s][info][gc,phases      ] GC(280)   Merge Heap Roots: 0.1ms
[42.912s][info][gc,phases      ] GC(280)   Evacuate Collection Set: 9.1ms
[42.912s][info][gc,phases      ] GC(280)   Post Evacuate Collection Set: 0.7ms
[42.912s][info][gc,phases      ] GC(280)   Other: 0.2ms
[42.912s][info][gc,heap        ] GC(280) Eden regions: 207->0(198)
[42.912s][info][gc,heap        ] GC(280) Survivor regions: 7->15(27)
[42.912s][info][gc,heap        ] GC(280) Old regions: 98->98
[42.912s][info][gc,heap        ] GC(280) Archive regions: 0->0
[42.912s][info][gc,heap        ] GC(280) Humongous regions: 12->12
[42.912s][info][gc,metaspace   ] GC(280) Metaspace: 60235K(61056K)->60235K(61056K) NonClass: 52675K(53120K)->52675K(53120K) Class: 7559K(7936K)->7559K(7936K)
[42.912s][info][gc             ] GC(280) Pause Young (Normal) (G1 Evacuation Pause) 318M->118M(357M) 10.626ms
[42.912s][info][gc,cpu         ] GC(280) User=0.13s Sys=0.00s Real=0.02s
[42.974s][info][gc,start       ] GC(281) Pause Young (Normal) (G1 Evacuation Pause)
[42.974s][info][gc,task        ] GC(281) Using 8 workers of 33 for evacuation
[42.987s][info][gc,phases      ] GC(281)   Pre Evacuate Collection Set: 0.1ms
[42.987s][info][gc,phases      ] GC(281)   Merge Heap Roots: 0.1ms
[42.987s][info][gc,phases      ] GC(281)   Evacuate Collection Set: 11.9ms
[42.987s][info][gc,phases      ] GC(281)   Post Evacuate Collection Set: 0.7ms
[42.987s][info][gc,phases      ] GC(281)   Other: 0.2ms
[42.987s][info][gc,heap        ] GC(281) Eden regions: 198->0(182)
[42.987s][info][gc,heap        ] GC(281) Survivor regions: 15->23(27)
[42.987s][info][gc,heap        ] GC(281) Old regions: 98->98
[42.987s][info][gc,heap        ] GC(281) Archive regions: 0->0
[42.987s][info][gc,heap        ] GC(281) Humongous regions: 12->12
[42.987s][info][gc,metaspace   ] GC(281) Metaspace: 60235K(61056K)->60235K(61056K) NonClass: 52675K(53120K)->52675K(53120K) Class: 7559K(7936K)->7559K(7936K)
[42.987s][info][gc             ] GC(281) Pause Young (Normal) (G1 Evacuation Pause) 316M->127M(357M) 13.447ms
[42.987s][info][gc,cpu         ] GC(281) User=0.13s Sys=0.00s Real=0.02s
[43.044s][info][gc,start       ] GC(282) Pause Young (Normal) (G1 Evacuation Pause)
[43.044s][info][gc,task        ] GC(282) Using 8 workers of 33 for evacuation
[43.063s][info][gc,phases      ] GC(282)   Pre Evacuate Collection Set: 0.1ms
[43.063s][info][gc,phases      ] GC(282)   Merge Heap Roots: 0.1ms
[43.064s][info][gc,phases      ] GC(282)   Evacuate Collection Set: 17.7ms
[43.064s][info][gc,phases      ] GC(282)   Post Evacuate Collection Set: 0.9ms
[43.064s][info][gc,phases      ] GC(282)   Other: 0.2ms
[43.064s][info][gc,heap        ] GC(282) Eden regions: 182->0(207)
[43.064s][info][gc,heap        ] GC(282) Survivor regions: 23->17(26)
[43.064s][info][gc,heap        ] GC(282) Old regions: 98->112
[43.064s][info][gc,heap        ] GC(282) Archive regions: 0->0
[43.064s][info][gc,heap        ] GC(282) Humongous regions: 15->15
[43.064s][info][gc,metaspace   ] GC(282) Metaspace: 60235K(61056K)->60235K(61056K) NonClass: 52675K(53120K)->52675K(53120K) Class: 7559K(7936K)->7559K(7936K)
[43.064s][info][gc             ] GC(282) Pause Young (Normal) (G1 Evacuation Pause) 312M->138M(388M) 19.440ms
[43.064s][info][gc,cpu         ] GC(282) User=0.13s Sys=0.00s Real=0.01s
[43.137s][info][gc,start       ] GC(283) Pause Young (Normal) (G1 Evacuation Pause)
[43.137s][info][gc,task        ] GC(283) Using 9 workers of 33 for evacuation
[43.150s][info][gc,phases      ] GC(283)   Pre Evacuate Collection Set: 0.1ms
[43.150s][info][gc,phases      ] GC(283)   Merge Heap Roots: 0.1ms
[43.150s][info][gc,phases      ] GC(283)   Evacuate Collection Set: 11.4ms
[43.150s][info][gc,phases      ] GC(283)   Post Evacuate Collection Set: 0.4ms
[43.150s][info][gc,phases      ] GC(283)   Other: 0.2ms
[43.150s][info][gc,heap        ] GC(283) Eden regions: 207->0(196)
[43.150s][info][gc,heap        ] GC(283) Survivor regions: 17->18(28)
[43.150s][info][gc,heap        ] GC(283) Old regions: 112->121
[43.150s][info][gc,heap        ] GC(283) Archive regions: 0->0
[43.150s][info][gc,heap        ] GC(283) Humongous regions: 15->15
[43.150s][info][gc,metaspace   ] GC(283) Metaspace: 60235K(61056K)->60235K(61056K) NonClass: 52675K(53120K)->52675K(53120K) Class: 7559K(7936K)->7559K(7936K)
[43.150s][info][gc             ] GC(283) Pause Young (Normal) (G1 Evacuation Pause) 345M->148M(388M) 12.689ms
[43.150s][info][gc,cpu         ] GC(283) User=0.14s Sys=0.00s Real=0.02s
[43.215s][info][gc,start       ] GC(284) Pause Young (Normal) (G1 Evacuation Pause)
[43.221s][info][gc,task        ] GC(284) Using 9 workers of 33 for evacuation
[43.231s][info][gc,phases      ] GC(284)   Pre Evacuate Collection Set: 0.1ms
[43.231s][info][gc,phases      ] GC(284)   Merge Heap Roots: 0.1ms
[43.231s][info][gc,phases      ] GC(284)   Evacuate Collection Set: 8.5ms
[43.231s][info][gc,phases      ] GC(284)   Post Evacuate Collection Set: 0.4ms
[43.231s][info][gc,phases      ] GC(284)   Other: 0.2ms
[43.231s][info][gc,heap        ] GC(284) Eden regions: 196->0(196)
[43.231s][info][gc,heap        ] GC(284) Survivor regions: 18->14(27)
[43.231s][info][gc,heap        ] GC(284) Old regions: 121->129
[43.231s][info][gc,heap        ] GC(284) Archive regions: 0->0
[43.231s][info][gc,heap        ] GC(284) Humongous regions: 15->15
[43.231s][info][gc,metaspace   ] GC(284) Metaspace: 60235K(61056K)->60235K(61056K) NonClass: 52676K(53120K)->52676K(53120K) Class: 7559K(7936K)->7559K(7936K)
[43.231s][info][gc             ] GC(284) Pause Young (Normal) (G1 Evacuation Pause) 344M->152M(388M) 15.835ms
[43.231s][info][gc,cpu         ] GC(284) User=0.14s Sys=0.00s Real=0.02s
[43.305s][info][gc,start       ] GC(285) Pause Young (Normal) (G1 Evacuation Pause)
[43.305s][info][gc,task        ] GC(285) Using 9 workers of 33 for evacuation
[43.311s][info][gc,phases      ] GC(285)   Pre Evacuate Collection Set: 0.1ms
[43.311s][info][gc,phases      ] GC(285)   Merge Heap Roots: 0.1ms
[43.311s][info][gc,phases      ] GC(285)   Evacuate Collection Set: 5.0ms
[43.311s][info][gc,phases      ] GC(285)   Post Evacuate Collection Set: 0.4ms
[43.311s][info][gc,phases      ] GC(285)   Other: 0.2ms
[43.311s][info][gc,heap        ] GC(285) Eden regions: 196->0(196)
[43.311s][info][gc,heap        ] GC(285) Survivor regions: 14->14(27)
[43.311s][info][gc,heap        ] GC(285) Old regions: 129->129
[43.311s][info][gc,heap        ] GC(285) Archive regions: 0->0
[43.311s][info][gc,heap        ] GC(285) Humongous regions: 15->15
[43.311s][info][gc,metaspace   ] GC(285) Metaspace: 60235K(61056K)->60235K(61056K) NonClass: 52676K(53120K)->52676K(53120K) Class: 7559K(7936K)->7559K(7936K)
[43.311s][info][gc             ] GC(285) Pause Young (Normal) (G1 Evacuation Pause) 348M->151M(388M) 6.249ms
[43.311s][info][gc,cpu         ] GC(285) User=0.00s Sys=0.00s Real=0.00s
[43.382s][info][gc,start       ] GC(286) Pause Young (Normal) (G1 Evacuation Pause)
[43.382s][info][gc,task        ] GC(286) Using 9 workers of 33 for evacuation
[43.388s][info][gc,phases      ] GC(286)   Pre Evacuate Collection Set: 0.1ms
[43.388s][info][gc,phases      ] GC(286)   Merge Heap Roots: 0.1ms
[43.388s][info][gc,phases      ] GC(286)   Evacuate Collection Set: 5.2ms
[43.388s][info][gc,phases      ] GC(286)   Post Evacuate Collection Set: 0.4ms
[43.388s][info][gc,phases      ] GC(286)   Other: 0.1ms
[43.388s][info][gc,heap        ] GC(286) Eden regions: 196->0(196)
[43.388s][info][gc,heap        ] GC(286) Survivor regions: 14->14(27)
[43.389s][info][gc,heap        ] GC(286) Old regions: 129->129
[43.389s][info][gc,heap        ] GC(286) Archive regions: 0->0
[43.389s][info][gc,heap        ] GC(286) Humongous regions: 15->15
[43.389s][info][gc,metaspace   ] GC(286) Metaspace: 60235K(61056K)->60235K(61056K) NonClass: 52676K(53120K)->52676K(53120K) Class: 7559K(7936K)->7559K(7936K)
[43.389s][info][gc             ] GC(286) Pause Young (Normal) (G1 Evacuation Pause) 347M->151M(388M) 6.405ms
[43.389s][info][gc,cpu         ] GC(286) User=0.00s Sys=0.00s Real=0.00s
[43.452s][info][gc,start       ] GC(287) Pause Young (Normal) (G1 Evacuation Pause)
[43.452s][info][gc,task        ] GC(287) Using 9 workers of 33 for evacuation
[43.458s][info][gc,phases      ] GC(287)   Pre Evacuate Collection Set: 0.1ms
[43.458s][info][gc,phases      ] GC(287)   Merge Heap Roots: 0.1ms
[43.458s][info][gc,phases      ] GC(287)   Evacuate Collection Set: 4.9ms
[43.458s][info][gc,phases      ] GC(287)   Post Evacuate Collection Set: 0.4ms
[43.458s][info][gc,phases      ] GC(287)   Other: 0.1ms
[43.458s][info][gc,heap        ] GC(287) Eden regions: 196->0(198)
[43.458s][info][gc,heap        ] GC(287) Survivor regions: 14->13(27)
[43.458s][info][gc,heap        ] GC(287) Old regions: 129->129
[43.458s][info][gc,heap        ] GC(287) Archive regions: 0->0
[43.458s][info][gc,heap        ] GC(287) Humongous regions: 15->15
[43.458s][info][gc,metaspace   ] GC(287) Metaspace: 60235K(61056K)->60235K(61056K) NonClass: 52676K(53120K)->52676K(53120K) Class: 7559K(7936K)->7559K(7936K)
[43.458s][info][gc             ] GC(287) Pause Young (Normal) (G1 Evacuation Pause) 347M->151M(388M) 6.059ms
[43.458s][info][gc,cpu         ] GC(287) User=0.02s Sys=0.00s Real=0.02s
[43.542s][info][gc,start       ] GC(288) Pause Young (Normal) (G1 Evacuation Pause)
[43.542s][info][gc,task        ] GC(288) Using 9 workers of 33 for evacuation
[43.548s][info][gc,phases      ] GC(288)   Pre Evacuate Collection Set: 0.1ms
[43.548s][info][gc,phases      ] GC(288)   Merge Heap Roots: 0.1ms
[43.548s][info][gc,phases      ] GC(288)   Evacuate Collection Set: 5.2ms
[43.548s][info][gc,phases      ] GC(288)   Post Evacuate Collection Set: 0.9ms
[43.548s][info][gc,phases      ] GC(288)   Other: 0.1ms
[43.548s][info][gc,heap        ] GC(288) Eden regions: 198->0(217)
[43.548s][info][gc,heap        ] GC(288) Survivor regions: 13->14(27)
[43.548s][info][gc,heap        ] GC(288) Old regions: 129->129
[43.548s][info][gc,heap        ] GC(288) Archive regions: 0->0
[43.548s][info][gc,heap        ] GC(288) Humongous regions: 15->15
[43.548s][info][gc,metaspace   ] GC(288) Metaspace: 60236K(61056K)->60236K(61056K) NonClass: 52676K(53120K)->52676K(53120K) Class: 7559K(7936K)->7559K(7936K)
[43.549s][info][gc             ] GC(288) Pause Young (Normal) (G1 Evacuation Pause) 349M->151M(411M) 6.915ms
[43.549s][info][gc,cpu         ] GC(288) User=0.00s Sys=0.00s Real=0.00s
[43.702s][info][gc,start       ] GC(289) Pause Young (Normal) (G1 Evacuation Pause)
[43.702s][info][gc,task        ] GC(289) Using 9 workers of 33 for evacuation
[43.708s][info][gc,phases      ] GC(289)   Pre Evacuate Collection Set: 0.1ms
[43.708s][info][gc,phases      ] GC(289)   Merge Heap Roots: 0.1ms
[43.708s][info][gc,phases      ] GC(289)   Evacuate Collection Set: 5.2ms
[43.708s][info][gc,phases      ] GC(289)   Post Evacuate Collection Set: 0.4ms
[43.708s][info][gc,phases      ] GC(289)   Other: 0.2ms
[43.708s][info][gc,heap        ] GC(289) Eden regions: 217->0(217)
[43.708s][info][gc,heap        ] GC(289) Survivor regions: 14->14(29)
[43.708s][info][gc,heap        ] GC(289) Old regions: 129->129
[43.708s][info][gc,heap        ] GC(289) Archive regions: 0->0
[43.708s][info][gc,heap        ] GC(289) Humongous regions: 15->15
[43.708s][info][gc,metaspace   ] GC(289) Metaspace: 60236K(61056K)->60236K(61056K) NonClass: 52676K(53120K)->52676K(53120K) Class: 7559K(7936K)->7559K(7936K)
[43.708s][info][gc             ] GC(289) Pause Young (Normal) (G1 Evacuation Pause) 368M->151M(411M) 6.493ms
[43.708s][info][gc,cpu         ] GC(289) User=0.00s Sys=0.00s Real=0.00s
[43.845s][info][gc,start       ] GC(290) Pause Young (Normal) (G1 Evacuation Pause)
[43.845s][info][gc,task        ] GC(290) Using 9 workers of 33 for evacuation
[43.851s][info][gc,phases      ] GC(290)   Pre Evacuate Collection Set: 0.1ms
[43.851s][info][gc,phases      ] GC(290)   Merge Heap Roots: 0.1ms
[43.851s][info][gc,phases      ] GC(290)   Evacuate Collection Set: 5.2ms
[43.851s][info][gc,phases      ] GC(290)   Post Evacuate Collection Set: 0.4ms
[43.851s][info][gc,phases      ] GC(290)   Other: 0.2ms
[43.851s][info][gc,heap        ] GC(290) Eden regions: 217->0(217)
[43.851s][info][gc,heap        ] GC(290) Survivor regions: 14->14(29)
[43.851s][info][gc,heap        ] GC(290) Old regions: 129->129
[43.851s][info][gc,heap        ] GC(290) Archive regions: 0->0
[43.851s][info][gc,heap        ] GC(290) Humongous regions: 15->15
[43.851s][info][gc,metaspace   ] GC(290) Metaspace: 60236K(61056K)->60236K(61056K) NonClass: 52676K(53120K)->52676K(53120K) Class: 7559K(7936K)->7559K(7936K)
[43.851s][info][gc             ] GC(290) Pause Young (Normal) (G1 Evacuation Pause) 368M->151M(411M) 6.491ms
[43.851s][info][gc,cpu         ] GC(290) User=0.00s Sys=0.00s Real=0.00s
[43.989s][info][gc,start       ] GC(291) Pause Young (Normal) (G1 Evacuation Pause)
[43.989s][info][gc,task        ] GC(291) Using 9 workers of 33 for evacuation
[43.995s][info][gc,phases      ] GC(291)   Pre Evacuate Collection Set: 0.1ms
[43.995s][info][gc,phases      ] GC(291)   Merge Heap Roots: 0.1ms
[43.995s][info][gc,phases      ] GC(291)   Evacuate Collection Set: 5.2ms
[43.995s][info][gc,phases      ] GC(291)   Post Evacuate Collection Set: 0.4ms
[43.995s][info][gc,phases      ] GC(291)   Other: 0.2ms
[43.995s][info][gc,heap        ] GC(291) Eden regions: 217->0(217)
[43.995s][info][gc,heap        ] GC(291) Survivor regions: 14->14(29)
[43.995s][info][gc,heap        ] GC(291) Old regions: 129->129
[43.995s][info][gc,heap        ] GC(291) Archive regions: 0->0
[43.995s][info][gc,heap        ] GC(291) Humongous regions: 15->15
[43.995s][info][gc,metaspace   ] GC(291) Metaspace: 60236K(61056K)->60236K(61056K) NonClass: 52676K(53120K)->52676K(53120K) Class: 7559K(7936K)->7559K(7936K)
[43.995s][info][gc             ] GC(291) Pause Young (Normal) (G1 Evacuation Pause) 368M->151M(411M) 6.519ms
[43.996s][info][gc,cpu         ] GC(291) User=0.00s Sys=0.00s Real=0.00s
[44.135s][info][gc,start       ] GC(292) Pause Young (Normal) (G1 Evacuation Pause)
[44.135s][info][gc,task        ] GC(292) Using 9 workers of 33 for evacuation
[44.141s][info][gc,phases      ] GC(292)   Pre Evacuate Collection Set: 0.1ms
[44.141s][info][gc,phases      ] GC(292)   Merge Heap Roots: 0.1ms
[44.141s][info][gc,phases      ] GC(292)   Evacuate Collection Set: 5.3ms
[44.141s][info][gc,phases      ] GC(292)   Post Evacuate Collection Set: 0.6ms
[44.141s][info][gc,phases      ] GC(292)   Other: 0.1ms
[44.141s][info][gc,heap        ] GC(292) Eden regions: 217->0(217)
[44.141s][info][gc,heap        ] GC(292) Survivor regions: 14->14(29)
[44.141s][info][gc,heap        ] GC(292) Old regions: 129->129
[44.141s][info][gc,heap        ] GC(292) Archive regions: 0->0
[44.141s][info][gc,heap        ] GC(292) Humongous regions: 15->15
[44.141s][info][gc,metaspace   ] GC(292) Metaspace: 60236K(61056K)->60236K(61056K) NonClass: 52676K(53120K)->52676K(53120K) Class: 7559K(7936K)->7559K(7936K)
[44.141s][info][gc             ] GC(292) Pause Young (Normal) (G1 Evacuation Pause) 368M->151M(411M) 6.719ms
[44.141s][info][gc,cpu         ] GC(292) User=0.14s Sys=0.00s Real=0.02s
[44.167s][info][gc,start       ] GC(293) Pause Full (System.gc())
[44.167s][info][gc,task        ] GC(293) Using 9 workers of 33 for full compaction
[44.168s][info][gc,phases,start] GC(293) Phase 1: Mark live objects
[44.198s][info][gc,phases      ] GC(293) Phase 1: Mark live objects 30.030ms
[44.198s][info][gc,phases,start] GC(293) Phase 2: Prepare compaction
[44.202s][info][gc,phases      ] GC(293) Phase 2: Prepare compaction 4.015ms
[44.202s][info][gc,phases,start] GC(293) Phase 3: Adjust pointers
[44.208s][info][gc,phases      ] GC(293) Phase 3: Adjust pointers 6.178ms
[44.208s][info][gc,phases,start] GC(293) Phase 4: Compact heap
[44.208s][info][gc,phases      ] GC(293) Phase 4: Compact heap 0.372ms
[44.220s][info][gc,heap        ] GC(293) Eden regions: 3->0(214)
[44.220s][info][gc,heap        ] GC(293) Survivor regions: 14->0(29)
[44.220s][info][gc,heap        ] GC(293) Old regions: 129->98
[44.220s][info][gc,heap        ] GC(293) Archive regions: 0->0
[44.220s][info][gc,heap        ] GC(293) Humongous regions: 20->9
[44.220s][info][gc,metaspace   ] GC(293) Metaspace: 60248K(61056K)->60248K(61056K) NonClass: 52688K(53120K)->52688K(53120K) Class: 7559K(7936K)->7559K(7936K)
[44.220s][info][gc             ] GC(293) Pause Full (System.gc()) 159M->101M(357M) 52.947ms
[44.220s][info][gc,cpu         ] GC(293) User=0.33s Sys=0.00s Real=0.06s
[44.372s][info][gc,start       ] GC(294) Pause Young (Normal) (G1 Evacuation Pause)
[44.372s][info][gc,task        ] GC(294) Using 8 workers of 33 for evacuation
[44.376s][info][gc,phases      ] GC(294)   Pre Evacuate Collection Set: 0.1ms
[44.376s][info][gc,phases      ] GC(294)   Merge Heap Roots: 0.1ms
[44.376s][info][gc,phases      ] GC(294)   Evacuate Collection Set: 3.9ms
[44.377s][info][gc,phases      ] GC(294)   Post Evacuate Collection Set: 0.5ms
[44.377s][info][gc,phases      ] GC(294)   Other: 0.1ms
[44.377s][info][gc,heap        ] GC(294) Eden regions: 214->0(207)
[44.377s][info][gc,heap        ] GC(294) Survivor regions: 0->7(27)
[44.377s][info][gc,heap        ] GC(294) Old regions: 98->98
[44.377s][info][gc,heap        ] GC(294) Archive regions: 0->0
[44.377s][info][gc,heap        ] GC(294) Humongous regions: 19->9
[44.377s][info][gc,metaspace   ] GC(294) Metaspace: 60276K(61120K)->60276K(61120K) NonClass: 52716K(53184K)->52716K(53184K) Class: 7560K(7936K)->7560K(7936K)
[44.377s][info][gc             ] GC(294) Pause Young (Normal) (G1 Evacuation Pause) 325M->108M(357M) 4.958ms
[44.377s][info][gc,cpu         ] GC(294) User=0.00s Sys=0.00s Real=0.00s
[44.449s][info][gc,start       ] GC(295) Pause Young (Normal) (G1 Evacuation Pause)
[44.450s][info][gc,task        ] GC(295) Using 8 workers of 33 for evacuation
[44.458s][info][gc,phases      ] GC(295)   Pre Evacuate Collection Set: 0.1ms
[44.458s][info][gc,phases      ] GC(295)   Merge Heap Roots: 0.1ms
[44.458s][info][gc,phases      ] GC(295)   Evacuate Collection Set: 7.5ms
[44.458s][info][gc,phases      ] GC(295)   Post Evacuate Collection Set: 0.7ms
[44.458s][info][gc,phases      ] GC(295)   Other: 0.2ms
[44.458s][info][gc,heap        ] GC(295) Eden regions: 207->0(200)
[44.458s][info][gc,heap        ] GC(295) Survivor regions: 7->14(27)
[44.458s][info][gc,heap        ] GC(295) Old regions: 98->98
[44.458s][info][gc,heap        ] GC(295) Archive regions: 0->0
[44.458s][info][gc,heap        ] GC(295) Humongous regions: 10->10
[44.458s][info][gc,metaspace   ] GC(295) Metaspace: 60276K(61120K)->60276K(61120K) NonClass: 52716K(53184K)->52716K(53184K) Class: 7560K(7936K)->7560K(7936K)
[44.459s][info][gc             ] GC(295) Pause Young (Normal) (G1 Evacuation Pause) 316M->116M(357M) 9.085ms
[44.459s][info][gc,cpu         ] GC(295) User=0.13s Sys=0.00s Real=0.02s
[44.523s][info][gc,start       ] GC(296) Pause Young (Normal) (G1 Evacuation Pause)
[44.524s][info][gc,task        ] GC(296) Using 8 workers of 33 for evacuation
[44.535s][info][gc,phases      ] GC(296)   Pre Evacuate Collection Set: 0.1ms
[44.536s][info][gc,phases      ] GC(296)   Merge Heap Roots: 0.1ms
[44.536s][info][gc,phases      ] GC(296)   Evacuate Collection Set: 10.7ms
[44.536s][info][gc,phases      ] GC(296)   Post Evacuate Collection Set: 0.8ms
[44.536s][info][gc,phases      ] GC(296)   Other: 0.2ms
[44.536s][info][gc,heap        ] GC(296) Eden regions: 200->0(186)
[44.536s][info][gc,heap        ] GC(296) Survivor regions: 14->21(27)
[44.536s][info][gc,heap        ] GC(296) Old regions: 98->98
[44.536s][info][gc,heap        ] GC(296) Archive regions: 0->0
[44.536s][info][gc,heap        ] GC(296) Humongous regions: 12->12
[44.536s][info][gc,metaspace   ] GC(296) Metaspace: 60276K(61120K)->60276K(61120K) NonClass: 52716K(53184K)->52716K(53184K) Class: 7560K(7936K)->7560K(7936K)
[44.536s][info][gc             ] GC(296) Pause Young (Normal) (G1 Evacuation Pause) 318M->125M(357M) 12.394ms
[44.536s][info][gc,cpu         ] GC(296) User=0.02s Sys=0.00s Real=0.02s
[44.595s][info][gc,start       ] GC(297) Pause Young (Normal) (G1 Evacuation Pause)
[44.595s][info][gc,task        ] GC(297) Using 8 workers of 33 for evacuation
[44.612s][info][gc,phases      ] GC(297)   Pre Evacuate Collection Set: 0.1ms
[44.612s][info][gc,phases      ] GC(297)   Merge Heap Roots: 0.1ms
[44.612s][info][gc,phases      ] GC(297)   Evacuate Collection Set: 15.6ms
[44.612s][info][gc,phases      ] GC(297)   Post Evacuate Collection Set: 0.4ms
[44.612s][info][gc,phases      ] GC(297)   Other: 0.2ms
[44.612s][info][gc,heap        ] GC(297) Eden regions: 186->0(180)
[44.612s][info][gc,heap        ] GC(297) Survivor regions: 21->16(26)
[44.612s][info][gc,heap        ] GC(297) Old regions: 98->111
[44.612s][info][gc,heap        ] GC(297) Archive regions: 0->0
[44.612s][info][gc,heap        ] GC(297) Humongous regions: 15->15
[44.612s][info][gc,metaspace   ] GC(297) Metaspace: 60276K(61120K)->60276K(61120K) NonClass: 52716K(53184K)->52716K(53184K) Class: 7560K(7936K)->7560K(7936K)
[44.612s][info][gc             ] GC(297) Pause Young (Normal) (G1 Evacuation Pause) 314M->136M(357M) 16.894ms
[44.612s][info][gc,cpu         ] GC(297) User=0.13s Sys=0.00s Real=0.01s
[44.669s][info][gc,start       ] GC(298) Pause Young (Normal) (G1 Evacuation Pause)
[44.669s][info][gc,task        ] GC(298) Using 8 workers of 33 for evacuation
[44.683s][info][gc,phases      ] GC(298)   Pre Evacuate Collection Set: 0.1ms
[44.683s][info][gc,phases      ] GC(298)   Merge Heap Roots: 0.1ms
[44.683s][info][gc,phases      ] GC(298)   Evacuate Collection Set: 12.3ms
[44.683s][info][gc,phases      ] GC(298)   Post Evacuate Collection Set: 1.1ms
[44.683s][info][gc,phases      ] GC(298)   Other: 0.2ms
[44.683s][info][gc,heap        ] GC(298) Eden regions: 180->0(220)
[44.683s][info][gc,heap        ] GC(298) Survivor regions: 16->16(25)
[44.683s][info][gc,heap        ] GC(298) Old regions: 111->119
[44.683s][info][gc,heap        ] GC(298) Archive regions: 0->0
[44.683s][info][gc,heap        ] GC(298) Humongous regions: 15->15
[44.683s][info][gc,metaspace   ] GC(298) Metaspace: 60276K(61120K)->60276K(61120K) NonClass: 52716K(53184K)->52716K(53184K) Class: 7560K(7936K)->7560K(7936K)
[44.683s][info][gc             ] GC(298) Pause Young (Normal) (G1 Evacuation Pause) 316M->143M(407M) 14.277ms
[44.683s][info][gc,cpu         ] GC(298) User=0.13s Sys=0.00s Real=0.01s
[44.767s][info][gc,start       ] GC(299) Pause Young (Normal) (G1 Evacuation Pause)
[44.767s][info][gc,task        ] GC(299) Using 9 workers of 33 for evacuation
[44.778s][info][gc,phases      ] GC(299)   Pre Evacuate Collection Set: 0.1ms
[44.778s][info][gc,phases      ] GC(299)   Merge Heap Roots: 0.1ms
[44.778s][info][gc,phases      ] GC(299)   Evacuate Collection Set: 10.3ms
[44.778s][info][gc,phases      ] GC(299)   Post Evacuate Collection Set: 0.4ms
[44.778s][info][gc,phases      ] GC(299)   Other: 0.2ms
[44.778s][info][gc,heap        ] GC(299) Eden regions: 220->0(208)
[44.778s][info][gc,heap        ] GC(299) Survivor regions: 16->22(30)
[44.778s][info][gc,heap        ] GC(299) Old regions: 119->119
[44.778s][info][gc,heap        ] GC(299) Archive regions: 0->0
[44.778s][info][gc,heap        ] GC(299) Humongous regions: 15->15
[44.778s][info][gc,metaspace   ] GC(299) Metaspace: 60290K(61184K)->60290K(61184K) NonClass: 52729K(53248K)->52729K(53248K) Class: 7560K(7936K)->7560K(7936K)
[44.778s][info][gc             ] GC(299) Pause Young (Normal) (G1 Evacuation Pause) 363M->149M(407M) 11.622ms
[44.778s][info][gc,cpu         ] GC(299) User=0.14s Sys=0.00s Real=0.02s
[44.854s][info][gc,start       ] GC(300) Pause Young (Normal) (G1 Evacuation Pause)
[44.855s][info][gc,task        ] GC(300) Using 9 workers of 33 for evacuation
[44.864s][info][gc,phases      ] GC(300)   Pre Evacuate Collection Set: 0.1ms
[44.864s][info][gc,phases      ] GC(300)   Merge Heap Roots: 0.1ms
[44.864s][info][gc,phases      ] GC(300)   Evacuate Collection Set: 8.3ms
[44.864s][info][gc,phases      ] GC(300)   Post Evacuate Collection Set: 0.4ms
[44.864s][info][gc,phases      ] GC(300)   Other: 0.2ms
[44.864s][info][gc,heap        ] GC(300) Eden regions: 208->0(214)
[44.864s][info][gc,heap        ] GC(300) Survivor regions: 22->15(29)
[44.864s][info][gc,heap        ] GC(300) Old regions: 119->127
[44.864s][info][gc,heap        ] GC(300) Archive regions: 0->0
[44.864s][info][gc,heap        ] GC(300) Humongous regions: 15->15
[44.864s][info][gc,metaspace   ] GC(300) Metaspace: 60290K(61184K)->60290K(61184K) NonClass: 52729K(53248K)->52729K(53248K) Class: 7560K(7936K)->7560K(7936K)
[44.864s][info][gc             ] GC(300) Pause Young (Normal) (G1 Evacuation Pause) 357M->150M(407M) 9.506ms
[44.864s][info][gc,cpu         ] GC(300) User=0.14s Sys=0.00s Real=0.02s
[44.935s][info][gc,start       ] GC(301) Pause Young (Normal) (G1 Evacuation Pause)
[44.935s][info][gc,task        ] GC(301) Using 9 workers of 33 for evacuation
[44.941s][info][gc,phases      ] GC(301)   Pre Evacuate Collection Set: 0.1ms
[44.941s][info][gc,phases      ] GC(301)   Merge Heap Roots: 0.1ms
[44.941s][info][gc,phases      ] GC(301)   Evacuate Collection Set: 5.2ms
[44.941s][info][gc,phases      ] GC(301)   Post Evacuate Collection Set: 0.4ms
[44.941s][info][gc,phases      ] GC(301)   Other: 0.2ms
[44.941s][info][gc,heap        ] GC(301) Eden regions: 214->0(212)
[44.941s][info][gc,heap        ] GC(301) Survivor regions: 15->16(29)
[44.941s][info][gc,heap        ] GC(301) Old regions: 127->127
[44.941s][info][gc,heap        ] GC(301) Archive regions: 0->0
[44.941s][info][gc,heap        ] GC(301) Humongous regions: 15->15
[44.941s][info][gc,metaspace   ] GC(301) Metaspace: 60290K(61184K)->60290K(61184K) NonClass: 52729K(53248K)->52729K(53248K) Class: 7560K(7936K)->7560K(7936K)
[44.941s][info][gc             ] GC(301) Pause Young (Normal) (G1 Evacuation Pause) 364M->151M(407M) 6.335ms
[44.941s][info][gc,cpu         ] GC(301) User=0.00s Sys=0.00s Real=0.00s
[45.011s][info][gc,start       ] GC(302) Pause Young (Normal) (G1 Evacuation Pause)
[45.012s][info][gc,task        ] GC(302) Using 9 workers of 33 for evacuation
[45.019s][info][gc,phases      ] GC(302)   Pre Evacuate Collection Set: 0.1ms
[45.019s][info][gc,phases      ] GC(302)   Merge Heap Roots: 0.1ms
[45.019s][info][gc,phases      ] GC(302)   Evacuate Collection Set: 6.6ms
[45.019s][info][gc,phases      ] GC(302)   Post Evacuate Collection Set: 0.4ms
[45.019s][info][gc,phases      ] GC(302)   Other: 0.1ms
[45.019s][info][gc,heap        ] GC(302) Eden regions: 212->0(216)
[45.019s][info][gc,heap        ] GC(302) Survivor regions: 16->14(29)
[45.019s][info][gc,heap        ] GC(302) Old regions: 127->127
[45.019s][info][gc,heap        ] GC(302) Archive regions: 0->0
[45.019s][info][gc,heap        ] GC(302) Humongous regions: 15->15
[45.019s][info][gc,metaspace   ] GC(302) Metaspace: 60290K(61184K)->60290K(61184K) NonClass: 52729K(53248K)->52729K(53248K) Class: 7560K(7936K)->7560K(7936K)
[45.019s][info][gc             ] GC(302) Pause Young (Normal) (G1 Evacuation Pause) 363M->150M(407M) 7.721ms
[45.019s][info][gc,cpu         ] GC(302) User=0.00s Sys=0.00s Real=0.00s
[45.155s][info][gc,start       ] GC(303) Pause Young (Normal) (G1 Evacuation Pause)
[45.155s][info][gc,task        ] GC(303) Using 9 workers of 33 for evacuation
[45.163s][info][gc,phases      ] GC(303)   Pre Evacuate Collection Set: 0.2ms
[45.163s][info][gc,phases      ] GC(303)   Merge Heap Roots: 0.1ms
[45.163s][info][gc,phases      ] GC(303)   Evacuate Collection Set: 6.5ms
[45.163s][info][gc,phases      ] GC(303)   Post Evacuate Collection Set: 0.8ms
[45.163s][info][gc,phases      ] GC(303)   Other: 0.2ms
[45.163s][info][gc,heap        ] GC(303) Eden regions: 216->0(227)
[45.163s][info][gc,heap        ] GC(303) Survivor regions: 14->15(29)
[45.163s][info][gc,heap        ] GC(303) Old regions: 127->127
[45.163s][info][gc,heap        ] GC(303) Archive regions: 0->0
[45.163s][info][gc,heap        ] GC(303) Humongous regions: 15->15
[45.163s][info][gc,metaspace   ] GC(303) Metaspace: 60291K(61184K)->60291K(61184K) NonClass: 52731K(53248K)->52731K(53248K) Class: 7560K(7936K)->7560K(7936K)
[45.163s][info][gc             ] GC(303) Pause Young (Normal) (G1 Evacuation Pause) 366M->150M(421M) 8.245ms
[45.163s][info][gc,cpu         ] GC(303) User=0.00s Sys=0.00s Real=0.00s
[45.311s][info][gc,start       ] GC(304) Pause Young (Normal) (G1 Evacuation Pause)
[45.311s][info][gc,task        ] GC(304) Using 10 workers of 33 for evacuation
[45.317s][info][gc,phases      ] GC(304)   Pre Evacuate Collection Set: 0.1ms
[45.317s][info][gc,phases      ] GC(304)   Merge Heap Roots: 0.1ms
[45.317s][info][gc,phases      ] GC(304)   Evacuate Collection Set: 5.3ms
[45.317s][info][gc,phases      ] GC(304)   Post Evacuate Collection Set: 0.4ms
[45.317s][info][gc,phases      ] GC(304)   Other: 0.2ms
[45.317s][info][gc,heap        ] GC(304) Eden regions: 227->0(227)
[45.317s][info][gc,heap        ] GC(304) Survivor regions: 15->15(31)
[45.317s][info][gc,heap        ] GC(304) Old regions: 127->127
[45.317s][info][gc,heap        ] GC(304) Archive regions: 0->0
[45.317s][info][gc,heap        ] GC(304) Humongous regions: 15->15
[45.317s][info][gc,metaspace   ] GC(304) Metaspace: 60291K(61184K)->60291K(61184K) NonClass: 52731K(53248K)->52731K(53248K) Class: 7560K(7936K)->7560K(7936K)
[45.317s][info][gc             ] GC(304) Pause Young (Normal) (G1 Evacuation Pause) 377M->150M(421M) 6.575ms
[45.317s][info][gc,cpu         ] GC(304) User=0.00s Sys=0.00s Real=0.00s
[45.461s][info][gc,start       ] GC(305) Pause Young (Normal) (G1 Evacuation Pause)
[45.461s][info][gc,task        ] GC(305) Using 10 workers of 33 for evacuation
[45.467s][info][gc,phases      ] GC(305)   Pre Evacuate Collection Set: 0.1ms
[45.467s][info][gc,phases      ] GC(305)   Merge Heap Roots: 0.1ms
[45.467s][info][gc,phases      ] GC(305)   Evacuate Collection Set: 5.3ms
[45.467s][info][gc,phases      ] GC(305)   Post Evacuate Collection Set: 0.4ms
[45.467s][info][gc,phases      ] GC(305)   Other: 0.2ms
[45.467s][info][gc,heap        ] GC(305) Eden regions: 227->0(227)
[45.467s][info][gc,heap        ] GC(305) Survivor regions: 15->15(31)
[45.468s][info][gc,heap        ] GC(305) Old regions: 127->127
[45.468s][info][gc,heap        ] GC(305) Archive regions: 0->0
[45.468s][info][gc,heap        ] GC(305) Humongous regions: 15->15
[45.468s][info][gc,metaspace   ] GC(305) Metaspace: 60291K(61184K)->60291K(61184K) NonClass: 52731K(53248K)->52731K(53248K) Class: 7560K(7936K)->7560K(7936K)
[45.468s][info][gc             ] GC(305) Pause Young (Normal) (G1 Evacuation Pause) 377M->150M(421M) 6.574ms
[45.468s][info][gc,cpu         ] GC(305) User=0.00s Sys=0.00s Real=0.00s
[45.628s][info][gc,start       ] GC(306) Pause Young (Normal) (G1 Evacuation Pause)
[45.628s][info][gc,task        ] GC(306) Using 10 workers of 33 for evacuation
[45.634s][info][gc,phases      ] GC(306)   Pre Evacuate Collection Set: 0.2ms
[45.634s][info][gc,phases      ] GC(306)   Merge Heap Roots: 0.1ms
[45.634s][info][gc,phases      ] GC(306)   Evacuate Collection Set: 5.2ms
[45.634s][info][gc,phases      ] GC(306)   Post Evacuate Collection Set: 0.4ms
[45.634s][info][gc,phases      ] GC(306)   Other: 0.2ms
[45.634s][info][gc,heap        ] GC(306) Eden regions: 227->0(227)
[45.634s][info][gc,heap        ] GC(306) Survivor regions: 15->15(31)
[45.634s][info][gc,heap        ] GC(306) Old regions: 127->127
[45.634s][info][gc,heap        ] GC(306) Archive regions: 0->0
[45.634s][info][gc,heap        ] GC(306) Humongous regions: 15->15
[45.635s][info][gc,metaspace   ] GC(306) Metaspace: 60291K(61184K)->60291K(61184K) NonClass: 52731K(53248K)->52731K(53248K) Class: 7560K(7936K)->7560K(7936K)
[45.635s][info][gc             ] GC(306) Pause Young (Normal) (G1 Evacuation Pause) 377M->150M(421M) 6.539ms
[45.635s][info][gc,cpu         ] GC(306) User=0.02s Sys=0.00s Real=0.02s
[45.752s][info][gc,start       ] GC(307) Pause Full (System.gc())
[45.752s][info][gc,task        ] GC(307) Using 10 workers of 33 for full compaction
[45.752s][info][gc,phases,start] GC(307) Phase 1: Mark live objects
[45.782s][info][gc,phases      ] GC(307) Phase 1: Mark live objects 30.306ms
[45.783s][info][gc,phases,start] GC(307) Phase 2: Prepare compaction
[45.787s][info][gc,phases      ] GC(307) Phase 2: Prepare compaction 4.030ms
[45.787s][info][gc,phases,start] GC(307) Phase 3: Adjust pointers
[45.800s][info][gc,phases      ] GC(307) Phase 3: Adjust pointers 13.475ms
[45.800s][info][gc,phases,start] GC(307) Phase 4: Compact heap
[45.801s][info][gc,phases      ] GC(307) Phase 4: Compact heap 0.638ms
[45.809s][info][gc,heap        ] GC(307) Eden regions: 123->0(216)
[45.809s][info][gc,heap        ] GC(307) Survivor regions: 15->0(31)
[45.809s][info][gc,heap        ] GC(307) Old regions: 127->99
[45.809s][info][gc,heap        ] GC(307) Archive regions: 0->0
[45.809s][info][gc,heap        ] GC(307) Humongous regions: 20->9
[45.809s][info][gc,metaspace   ] GC(307) Metaspace: 60303K(61184K)->60303K(61184K) NonClass: 52743K(53248K)->52743K(53248K) Class: 7560K(7936K)->7560K(7936K)
[45.809s][info][gc             ] GC(307) Pause Full (System.gc()) 278M->101M(360M) 57.206ms
[45.809s][info][gc,cpu         ] GC(307) User=0.48s Sys=0.00s Real=0.06s
[45.941s][info][gc,start       ] GC(308) Pause Young (Normal) (G1 Evacuation Pause)
[45.980s][info][gc,task        ] GC(308) Using 9 workers of 33 for evacuation
[45.985s][info][gc,phases      ] GC(308)   Pre Evacuate Collection Set: 0.2ms
[45.985s][info][gc,phases      ] GC(308)   Merge Heap Roots: 0.1ms
[45.985s][info][gc,phases      ] GC(308)   Evacuate Collection Set: 4.6ms
[45.985s][info][gc,phases      ] GC(308)   Post Evacuate Collection Set: 0.8ms
[45.986s][info][gc,phases      ] GC(308)   Other: 0.2ms
[45.986s][info][gc,heap        ] GC(308) Eden regions: 216->0(208)
[45.986s][info][gc,heap        ] GC(308) Survivor regions: 0->8(27)
[45.986s][info][gc,heap        ] GC(308) Old regions: 99->99
[45.986s][info][gc,heap        ] GC(308) Archive regions: 0->0
[45.986s][info][gc,heap        ] GC(308) Humongous regions: 20->10
[45.986s][info][gc,metaspace   ] GC(308) Metaspace: 60378K(61248K)->60378K(61248K) NonClass: 52818K(53312K)->52818K(53312K) Class: 7560K(7936K)->7560K(7936K)
[45.986s][info][gc             ] GC(308) Pause Young (Normal) (G1 Evacuation Pause) 328M->110M(360M) 44.440ms
[45.986s][info][gc,cpu         ] GC(308) User=0.00s Sys=0.00s Real=0.03s
[46.068s][info][gc,start       ] GC(309) Pause Young (Normal) (G1 Evacuation Pause)
[46.068s][info][gc,task        ] GC(309) Using 8 workers of 33 for evacuation
[46.082s][info][gc,phases      ] GC(309)   Pre Evacuate Collection Set: 0.2ms
[46.082s][info][gc,phases      ] GC(309)   Merge Heap Roots: 0.1ms
[46.082s][info][gc,phases      ] GC(309)   Evacuate Collection Set: 12.4ms
[46.082s][info][gc,phases      ] GC(309)   Post Evacuate Collection Set: 0.7ms
[46.082s][info][gc,phases      ] GC(309)   Other: 0.2ms
[46.082s][info][gc,heap        ] GC(309) Eden regions: 208->0(199)
[46.082s][info][gc,heap        ] GC(309) Survivor regions: 8->16(27)
[46.082s][info][gc,heap        ] GC(309) Old regions: 99->99
[46.082s][info][gc,heap        ] GC(309) Archive regions: 0->0
[46.082s][info][gc,heap        ] GC(309) Humongous regions: 12->12
[46.082s][info][gc,metaspace   ] GC(309) Metaspace: 60379K(61248K)->60379K(61248K) NonClass: 52819K(53312K)->52819K(53312K) Class: 7560K(7936K)->7560K(7936K)
[46.082s][info][gc             ] GC(309) Pause Young (Normal) (G1 Evacuation Pause) 320M->120M(360M) 14.110ms
[46.082s][info][gc,cpu         ] GC(309) User=0.14s Sys=0.00s Real=0.02s
[46.145s][info][gc,start       ] GC(310) Pause Young (Normal) (G1 Evacuation Pause)
[46.145s][info][gc,task        ] GC(310) Using 8 workers of 33 for evacuation
[46.157s][info][gc,phases      ] GC(310)   Pre Evacuate Collection Set: 0.1ms
[46.157s][info][gc,phases      ] GC(310)   Merge Heap Roots: 0.1ms
[46.157s][info][gc,phases      ] GC(310)   Evacuate Collection Set: 11.3ms
[46.157s][info][gc,phases      ] GC(310)   Post Evacuate Collection Set: 0.5ms
[46.157s][info][gc,phases      ] GC(310)   Other: 0.2ms
[46.157s][info][gc,heap        ] GC(310) Eden regions: 199->0(190)
[46.157s][info][gc,heap        ] GC(310) Survivor regions: 16->17(27)
[46.157s][info][gc,heap        ] GC(310) Old regions: 99->106
[46.157s][info][gc,heap        ] GC(310) Archive regions: 0->0
[46.157s][info][gc,heap        ] GC(310) Humongous regions: 12->12
[46.157s][info][gc,metaspace   ] GC(310) Metaspace: 60379K(61248K)->60379K(61248K) NonClass: 52819K(53312K)->52819K(53312K) Class: 7560K(7936K)->7560K(7936K)
[46.157s][info][gc             ] GC(310) Pause Young (Normal) (G1 Evacuation Pause) 319M->128M(360M) 12.705ms
[46.157s][info][gc,cpu         ] GC(310) User=0.13s Sys=0.00s Real=0.02s
[46.218s][info][gc,start       ] GC(311) Pause Young (Normal) (G1 Evacuation Pause)
[46.218s][info][gc,task        ] GC(311) Using 8 workers of 33 for evacuation
[46.235s][info][gc,phases      ] GC(311)   Pre Evacuate Collection Set: 0.1ms
[46.235s][info][gc,phases      ] GC(311)   Merge Heap Roots: 0.1ms
[46.235s][info][gc,phases      ] GC(311)   Evacuate Collection Set: 15.9ms
[46.235s][info][gc,phases      ] GC(311)   Post Evacuate Collection Set: 0.4ms
[46.235s][info][gc,phases      ] GC(311)   Other: 0.2ms
[46.235s][info][gc,heap        ] GC(311) Eden regions: 190->0(178)
[46.235s][info][gc,heap        ] GC(311) Survivor regions: 17->17(26)
[46.235s][info][gc,heap        ] GC(311) Old regions: 106->115
[46.235s][info][gc,heap        ] GC(311) Archive regions: 0->0
[46.235s][info][gc,heap        ] GC(311) Humongous regions: 15->15
[46.235s][info][gc,metaspace   ] GC(311) Metaspace: 60379K(61248K)->60379K(61248K) NonClass: 52819K(53312K)->52819K(53312K) Class: 7560K(7936K)->7560K(7936K)
[46.235s][info][gc             ] GC(311) Pause Young (Normal) (G1 Evacuation Pause) 321M->139M(360M) 17.152ms
[46.235s][info][gc,cpu         ] GC(311) User=0.13s Sys=0.00s Real=0.02s
[46.294s][info][gc,start       ] GC(312) Pause Young (Normal) (G1 Evacuation Pause)
[46.294s][info][gc,task        ] GC(312) Using 8 workers of 33 for evacuation
[46.307s][info][gc,phases      ] GC(312)   Pre Evacuate Collection Set: 0.1ms
[46.307s][info][gc,phases      ] GC(312)   Merge Heap Roots: 0.1ms
[46.307s][info][gc,phases      ] GC(312)   Evacuate Collection Set: 11.8ms
[46.307s][info][gc,phases      ] GC(312)   Post Evacuate Collection Set: 0.9ms
[46.307s][info][gc,phases      ] GC(312)   Other: 0.2ms
[46.308s][info][gc,heap        ] GC(312) Eden regions: 178->0(203)
[46.308s][info][gc,heap        ] GC(312) Survivor regions: 17->16(25)
[46.308s][info][gc,heap        ] GC(312) Old regions: 115->123
[46.308s][info][gc,heap        ] GC(312) Archive regions: 0->0
[46.308s][info][gc,heap        ] GC(312) Humongous regions: 15->15
[46.308s][info][gc,metaspace   ] GC(312) Metaspace: 60379K(61248K)->60379K(61248K) NonClass: 52819K(53312K)->52819K(53312K) Class: 7560K(7936K)->7560K(7936K)
[46.308s][info][gc             ] GC(312) Pause Young (Normal) (G1 Evacuation Pause) 317M->147M(394M) 13.513ms
[46.308s][info][gc,cpu         ] GC(312) User=0.00s Sys=0.02s Real=0.02s
[46.383s][info][gc,start       ] GC(313) Pause Young (Normal) (G1 Evacuation Pause)
[46.383s][info][gc,task        ] GC(313) Using 9 workers of 33 for evacuation
[46.392s][info][gc,phases      ] GC(313)   Pre Evacuate Collection Set: 0.1ms
[46.392s][info][gc,phases      ] GC(313)   Merge Heap Roots: 0.1ms
[46.392s][info][gc,phases      ] GC(313)   Evacuate Collection Set: 8.7ms
[46.392s][info][gc,phases      ] GC(313)   Post Evacuate Collection Set: 0.4ms
[46.392s][info][gc,phases      ] GC(313)   Other: 0.2ms
[46.392s][info][gc,heap        ] GC(313) Eden regions: 203->0(201)
[46.393s][info][gc,heap        ] GC(313) Survivor regions: 16->13(28)
[46.393s][info][gc,heap        ] GC(313) Old regions: 123->131
[46.393s][info][gc,heap        ] GC(313) Archive regions: 0->0
[46.393s][info][gc,heap        ] GC(313) Humongous regions: 15->15
[46.393s][info][gc,metaspace   ] GC(313) Metaspace: 60382K(61248K)->60382K(61248K) NonClass: 52821K(53312K)->52821K(53312K) Class: 7560K(7936K)->7560K(7936K)
[46.393s][info][gc             ] GC(313) Pause Young (Normal) (G1 Evacuation Pause) 350M->152M(394M) 9.968ms
[46.393s][info][gc,cpu         ] GC(313) User=0.14s Sys=0.00s Real=0.02s
[46.467s][info][gc,start       ] GC(314) Pause Young (Normal) (G1 Evacuation Pause)
[46.467s][info][gc,task        ] GC(314) Using 9 workers of 33 for evacuation
[46.473s][info][gc,phases      ] GC(314)   Pre Evacuate Collection Set: 0.1ms
[46.473s][info][gc,phases      ] GC(314)   Merge Heap Roots: 0.1ms
[46.473s][info][gc,phases      ] GC(314)   Evacuate Collection Set: 4.9ms
[46.473s][info][gc,phases      ] GC(314)   Post Evacuate Collection Set: 0.4ms
[46.473s][info][gc,phases      ] GC(314)   Other: 0.1ms
[46.473s][info][gc,heap        ] GC(314) Eden regions: 201->0(203)
[46.473s][info][gc,heap        ] GC(314) Survivor regions: 13->12(27)
[46.473s][info][gc,heap        ] GC(314) Old regions: 131->131
[46.473s][info][gc,heap        ] GC(314) Archive regions: 0->0
[46.473s][info][gc,heap        ] GC(314) Humongous regions: 15->15
[46.473s][info][gc,metaspace   ] GC(314) Metaspace: 60382K(61248K)->60382K(61248K) NonClass: 52821K(53312K)->52821K(53312K) Class: 7560K(7936K)->7560K(7936K)
[46.473s][info][gc             ] GC(314) Pause Young (Normal) (G1 Evacuation Pause) 353M->151M(394M) 6.093ms
[46.473s][info][gc,cpu         ] GC(314) User=0.00s Sys=0.00s Real=0.00s
[46.546s][info][gc,start       ] GC(315) Pause Young (Normal) (G1 Evacuation Pause)
[46.546s][info][gc,task        ] GC(315) Using 9 workers of 33 for evacuation
[46.552s][info][gc,phases      ] GC(315)   Pre Evacuate Collection Set: 0.1ms
[46.552s][info][gc,phases      ] GC(315)   Merge Heap Roots: 0.1ms
[46.552s][info][gc,phases      ] GC(315)   Evacuate Collection Set: 4.7ms
[46.552s][info][gc,phases      ] GC(315)   Post Evacuate Collection Set: 0.4ms
[46.552s][info][gc,phases      ] GC(315)   Other: 0.1ms
[46.552s][info][gc,heap        ] GC(315) Eden regions: 203->0(203)
[46.552s][info][gc,heap        ] GC(315) Survivor regions: 12->12(27)
[46.552s][info][gc,heap        ] GC(315) Old regions: 131->131
[46.552s][info][gc,heap        ] GC(315) Archive regions: 0->0
[46.552s][info][gc,heap        ] GC(315) Humongous regions: 15->15
[46.552s][info][gc,metaspace   ] GC(315) Metaspace: 60382K(61248K)->60382K(61248K) NonClass: 52821K(53312K)->52821K(53312K) Class: 7560K(7936K)->7560K(7936K)
[46.552s][info][gc             ] GC(315) Pause Young (Normal) (G1 Evacuation Pause) 354M->151M(394M) 5.944ms
[46.552s][info][gc,cpu         ] GC(315) User=0.00s Sys=0.00s Real=0.00s
[46.621s][info][gc,start       ] GC(316) Pause Young (Normal) (G1 Evacuation Pause)
[46.621s][info][gc,task        ] GC(316) Using 9 workers of 33 for evacuation
[46.626s][info][gc,phases      ] GC(316)   Pre Evacuate Collection Set: 0.1ms
[46.626s][info][gc,phases      ] GC(316)   Merge Heap Roots: 0.1ms
[46.626s][info][gc,phases      ] GC(316)   Evacuate Collection Set: 4.8ms
[46.626s][info][gc,phases      ] GC(316)   Post Evacuate Collection Set: 0.4ms
[46.626s][info][gc,phases      ] GC(316)   Other: 0.1ms
[46.626s][info][gc,heap        ] GC(316) Eden regions: 203->0(203)
[46.627s][info][gc,heap        ] GC(316) Survivor regions: 12->12(27)
[46.627s][info][gc,heap        ] GC(316) Old regions: 131->131
[46.627s][info][gc,heap        ] GC(316) Archive regions: 0->0
[46.627s][info][gc,heap        ] GC(316) Humongous regions: 15->15
[46.627s][info][gc,metaspace   ] GC(316) Metaspace: 60382K(61248K)->60382K(61248K) NonClass: 52821K(53312K)->52821K(53312K) Class: 7560K(7936K)->7560K(7936K)
[46.627s][info][gc             ] GC(316) Pause Young (Normal) (G1 Evacuation Pause) 354M->151M(394M) 5.933ms
[46.627s][info][gc,cpu         ] GC(316) User=0.00s Sys=0.00s Real=0.00s
[46.728s][info][gc,start       ] GC(317) Pause Young (Normal) (G1 Evacuation Pause)
[46.728s][info][gc,task        ] GC(317) Using 9 workers of 33 for evacuation
[46.734s][info][gc,phases      ] GC(317)   Pre Evacuate Collection Set: 0.1ms
[46.734s][info][gc,phases      ] GC(317)   Merge Heap Roots: 0.1ms
[46.734s][info][gc,phases      ] GC(317)   Evacuate Collection Set: 5.1ms
[46.734s][info][gc,phases      ] GC(317)   Post Evacuate Collection Set: 0.6ms
[46.734s][info][gc,phases      ] GC(317)   Other: 0.1ms
[46.734s][info][gc,heap        ] GC(317) Eden regions: 203->0(203)
[46.734s][info][gc,heap        ] GC(317) Survivor regions: 12->12(27)
[46.734s][info][gc,heap        ] GC(317) Old regions: 131->131
[46.734s][info][gc,heap        ] GC(317) Archive regions: 0->0
[46.734s][info][gc,heap        ] GC(317) Humongous regions: 15->15
[46.734s][info][gc,metaspace   ] GC(317) Metaspace: 60384K(61248K)->60384K(61248K) NonClass: 52824K(53312K)->52824K(53312K) Class: 7560K(7936K)->7560K(7936K)
[46.734s][info][gc             ] GC(317) Pause Young (Normal) (G1 Evacuation Pause) 354M->151M(394M) 6.487ms
[46.734s][info][gc,cpu         ] GC(317) User=0.00s Sys=0.00s Real=0.00s
[46.863s][info][gc,start       ] GC(318) Pause Young (Normal) (G1 Evacuation Pause)
[46.863s][info][gc,task        ] GC(318) Using 9 workers of 33 for evacuation
[46.869s][info][gc,phases      ] GC(318)   Pre Evacuate Collection Set: 0.1ms
[46.869s][info][gc,phases      ] GC(318)   Merge Heap Roots: 0.1ms
[46.869s][info][gc,phases      ] GC(318)   Evacuate Collection Set: 5.1ms
[46.869s][info][gc,phases      ] GC(318)   Post Evacuate Collection Set: 0.4ms
[46.869s][info][gc,phases      ] GC(318)   Other: 0.2ms
[46.869s][info][gc,heap        ] GC(318) Eden regions: 203->0(203)
[46.869s][info][gc,heap        ] GC(318) Survivor regions: 12->12(27)
[46.869s][info][gc,heap        ] GC(318) Old regions: 131->131
[46.869s][info][gc,heap        ] GC(318) Archive regions: 0->0
[46.869s][info][gc,heap        ] GC(318) Humongous regions: 15->15
[46.869s][info][gc,metaspace   ] GC(318) Metaspace: 60384K(61248K)->60384K(61248K) NonClass: 52824K(53312K)->52824K(53312K) Class: 7560K(7936K)->7560K(7936K)
[46.869s][info][gc             ] GC(318) Pause Young (Normal) (G1 Evacuation Pause) 354M->151M(394M) 6.366ms
[46.869s][info][gc,cpu         ] GC(318) User=0.14s Sys=0.00s Real=0.01s
[47.013s][info][gc,start       ] GC(319) Pause Young (Normal) (G1 Evacuation Pause)
[47.014s][info][gc,task        ] GC(319) Using 9 workers of 33 for evacuation
[47.019s][info][gc,phases      ] GC(319)   Pre Evacuate Collection Set: 0.1ms
[47.019s][info][gc,phases      ] GC(319)   Merge Heap Roots: 0.1ms
[47.020s][info][gc,phases      ] GC(319)   Evacuate Collection Set: 5.1ms
[47.020s][info][gc,phases      ] GC(319)   Post Evacuate Collection Set: 0.4ms
[47.020s][info][gc,phases      ] GC(319)   Other: 0.1ms
[47.020s][info][gc,heap        ] GC(319) Eden regions: 203->0(203)
[47.020s][info][gc,heap        ] GC(319) Survivor regions: 12->12(27)
[47.020s][info][gc,heap        ] GC(319) Old regions: 131->131
[47.020s][info][gc,heap        ] GC(319) Archive regions: 0->0
[47.020s][info][gc,heap        ] GC(319) Humongous regions: 15->15
[47.020s][info][gc,metaspace   ] GC(319) Metaspace: 60384K(61248K)->60384K(61248K) NonClass: 52824K(53312K)->52824K(53312K) Class: 7560K(7936K)->7560K(7936K)
[47.020s][info][gc             ] GC(319) Pause Young (Normal) (G1 Evacuation Pause) 354M->151M(394M) 6.306ms
[47.020s][info][gc,cpu         ] GC(319) User=0.00s Sys=0.00s Real=0.00s
[47.163s][info][gc,start       ] GC(320) Pause Young (Normal) (G1 Evacuation Pause)
[47.163s][info][gc,task        ] GC(320) Using 9 workers of 33 for evacuation
[47.169s][info][gc,phases      ] GC(320)   Pre Evacuate Collection Set: 0.1ms
[47.169s][info][gc,phases      ] GC(320)   Merge Heap Roots: 0.1ms
[47.169s][info][gc,phases      ] GC(320)   Evacuate Collection Set: 5.0ms
[47.169s][info][gc,phases      ] GC(320)   Post Evacuate Collection Set: 0.4ms
[47.169s][info][gc,phases      ] GC(320)   Other: 0.1ms
[47.169s][info][gc,heap        ] GC(320) Eden regions: 203->0(203)
[47.169s][info][gc,heap        ] GC(320) Survivor regions: 12->12(27)
[47.169s][info][gc,heap        ] GC(320) Old regions: 131->131
[47.169s][info][gc,heap        ] GC(320) Archive regions: 0->0
[47.169s][info][gc,heap        ] GC(320) Humongous regions: 15->15
[47.169s][info][gc,metaspace   ] GC(320) Metaspace: 60384K(61248K)->60384K(61248K) NonClass: 52824K(53312K)->52824K(53312K) Class: 7560K(7936K)->7560K(7936K)
[47.169s][info][gc             ] GC(320) Pause Young (Normal) (G1 Evacuation Pause) 354M->151M(394M) 6.282ms
[47.170s][info][gc,cpu         ] GC(320) User=0.14s Sys=0.00s Real=0.01s
[47.300s][info][gc,start       ] GC(321) Pause Young (Normal) (G1 Evacuation Pause)
[47.300s][info][gc,task        ] GC(321) Using 9 workers of 33 for evacuation
[47.306s][info][gc,phases      ] GC(321)   Pre Evacuate Collection Set: 0.1ms
[47.306s][info][gc,phases      ] GC(321)   Merge Heap Roots: 0.1ms
[47.306s][info][gc,phases      ] GC(321)   Evacuate Collection Set: 5.1ms
[47.306s][info][gc,phases      ] GC(321)   Post Evacuate Collection Set: 0.4ms
[47.306s][info][gc,phases      ] GC(321)   Other: 0.2ms
[47.306s][info][gc,heap        ] GC(321) Eden regions: 203->0(203)
[47.306s][info][gc,heap        ] GC(321) Survivor regions: 12->12(27)
[47.306s][info][gc,heap        ] GC(321) Old regions: 131->131
[47.306s][info][gc,heap        ] GC(321) Archive regions: 0->0
[47.306s][info][gc,heap        ] GC(321) Humongous regions: 15->15
[47.306s][info][gc,metaspace   ] GC(321) Metaspace: 60384K(61248K)->60384K(61248K) NonClass: 52824K(53312K)->52824K(53312K) Class: 7560K(7936K)->7560K(7936K)
[47.306s][info][gc             ] GC(321) Pause Young (Normal) (G1 Evacuation Pause) 354M->151M(394M) 6.317ms
[47.306s][info][gc,cpu         ] GC(321) User=0.02s Sys=0.00s Real=0.02s
[47.359s][info][gc,start       ] GC(322) Pause Full (System.gc())
[47.359s][info][gc,task        ] GC(322) Using 9 workers of 33 for full compaction
[47.359s][info][gc,phases,start] GC(322) Phase 1: Mark live objects
[47.393s][info][gc,phases      ] GC(322) Phase 1: Mark live objects 33.219ms
[47.393s][info][gc,phases,start] GC(322) Phase 2: Prepare compaction
[47.397s][info][gc,phases      ] GC(322) Phase 2: Prepare compaction 4.545ms
[47.397s][info][gc,phases,start] GC(322) Phase 3: Adjust pointers
[47.404s][info][gc,phases      ] GC(322) Phase 3: Adjust pointers 7.125ms
[47.404s][info][gc,phases,start] GC(322) Phase 4: Compact heap
[47.405s][info][gc,phases      ] GC(322) Phase 4: Compact heap 0.684ms
[47.417s][info][gc,heap        ] GC(322) Eden regions: 44->0(214)
[47.417s][info][gc,heap        ] GC(322) Survivor regions: 12->0(27)
[47.417s][info][gc,heap        ] GC(322) Old regions: 131->98
[47.417s][info][gc,heap        ] GC(322) Archive regions: 0->0
[47.417s][info][gc,heap        ] GC(322) Humongous regions: 20->9
[47.417s][info][gc,metaspace   ] GC(322) Metaspace: 60403K(61312K)->60403K(61312K) NonClass: 52843K(53376K)->52843K(53376K) Class: 7560K(7936K)->7560K(7936K)
[47.417s][info][gc             ] GC(322) Pause Full (System.gc()) 200M->101M(357M) 58.172ms
[47.417s][info][gc,cpu         ] GC(322) User=0.44s Sys=0.00s Real=0.06s
[47.566s][info][gc,start       ] GC(323) Pause Young (Normal) (G1 Evacuation Pause)
[47.567s][info][gc,task        ] GC(323) Using 8 workers of 33 for evacuation
[47.572s][info][gc,phases      ] GC(323)   Pre Evacuate Collection Set: 0.2ms
[47.572s][info][gc,phases      ] GC(323)   Merge Heap Roots: 0.1ms
[47.572s][info][gc,phases      ] GC(323)   Evacuate Collection Set: 4.0ms
[47.572s][info][gc,phases      ] GC(323)   Post Evacuate Collection Set: 0.7ms
[47.572s][info][gc,phases      ] GC(323)   Other: 0.2ms
[47.572s][info][gc,heap        ] GC(323) Eden regions: 214->0(206)
[47.572s][info][gc,heap        ] GC(323) Survivor regions: 0->8(27)
[47.572s][info][gc,heap        ] GC(323) Old regions: 98->98
[47.572s][info][gc,heap        ] GC(323) Archive regions: 0->0
[47.572s][info][gc,heap        ] GC(323) Humongous regions: 19->9
[47.572s][info][gc,metaspace   ] GC(323) Metaspace: 60428K(61312K)->60428K(61312K) NonClass: 52867K(53376K)->52867K(53376K) Class: 7560K(7936K)->7560K(7936K)
[47.572s][info][gc             ] GC(323) Pause Young (Normal) (G1 Evacuation Pause) 325M->109M(357M) 5.697ms
[47.572s][info][gc,cpu         ] GC(323) User=0.06s Sys=0.05s Real=0.01s
[47.639s][info][gc,start       ] GC(324) Pause Young (Normal) (G1 Evacuation Pause)
[47.639s][info][gc,task        ] GC(324) Using 8 workers of 33 for evacuation
[47.649s][info][gc,phases      ] GC(324)   Pre Evacuate Collection Set: 0.1ms
[47.649s][info][gc,phases      ] GC(324)   Merge Heap Roots: 0.1ms
[47.649s][info][gc,phases      ] GC(324)   Evacuate Collection Set: 8.9ms
[47.649s][info][gc,phases      ] GC(324)   Post Evacuate Collection Set: 0.8ms
[47.650s][info][gc,phases      ] GC(324)   Other: 0.2ms
[47.650s][info][gc,heap        ] GC(324) Eden regions: 206->0(203)
[47.650s][info][gc,heap        ] GC(324) Survivor regions: 8->15(27)
[47.650s][info][gc,heap        ] GC(324) Old regions: 98->98
[47.650s][info][gc,heap        ] GC(324) Archive regions: 0->0
[47.650s][info][gc,heap        ] GC(324) Humongous regions: 12->12
[47.650s][info][gc,metaspace   ] GC(324) Metaspace: 60429K(61312K)->60429K(61312K) NonClass: 52868K(53376K)->52868K(53376K) Class: 7560K(7936K)->7560K(7936K)
[47.650s][info][gc             ] GC(324) Pause Young (Normal) (G1 Evacuation Pause) 318M->119M(364M) 10.775ms
[47.650s][info][gc,cpu         ] GC(324) User=0.02s Sys=0.00s Real=0.01s
[47.720s][info][gc,start       ] GC(325) Pause Young (Normal) (G1 Evacuation Pause)
[47.720s][info][gc,task        ] GC(325) Using 8 workers of 33 for evacuation
[47.732s][info][gc,phases      ] GC(325)   Pre Evacuate Collection Set: 0.1ms
[47.733s][info][gc,phases      ] GC(325)   Merge Heap Roots: 0.1ms
[47.733s][info][gc,phases      ] GC(325)   Evacuate Collection Set: 11.5ms
[47.733s][info][gc,phases      ] GC(325)   Post Evacuate Collection Set: 0.7ms
[47.733s][info][gc,phases      ] GC(325)   Other: 0.2ms
[47.733s][info][gc,heap        ] GC(325) Eden regions: 203->0(189)
[47.733s][info][gc,heap        ] GC(325) Survivor regions: 15->23(28)
[47.733s][info][gc,heap        ] GC(325) Old regions: 98->98
[47.733s][info][gc,heap        ] GC(325) Archive regions: 0->0
[47.733s][info][gc,heap        ] GC(325) Humongous regions: 12->12
[47.733s][info][gc,metaspace   ] GC(325) Metaspace: 60429K(61312K)->60429K(61312K) NonClass: 52868K(53376K)->52868K(53376K) Class: 7560K(7936K)->7560K(7936K)
[47.733s][info][gc             ] GC(325) Pause Young (Normal) (G1 Evacuation Pause) 322M->127M(364M) 13.012ms
[47.733s][info][gc,cpu         ] GC(325) User=0.13s Sys=0.00s Real=0.02s
[47.802s][info][gc,start       ] GC(326) Pause Young (Normal) (G1 Evacuation Pause)
[47.802s][info][gc,task        ] GC(326) Using 8 workers of 33 for evacuation
[47.819s][info][gc,phases      ] GC(326)   Pre Evacuate Collection Set: 0.1ms
[47.819s][info][gc,phases      ] GC(326)   Merge Heap Roots: 0.1ms
[47.819s][info][gc,phases      ] GC(326)   Evacuate Collection Set: 16.2ms
[47.819s][info][gc,phases      ] GC(326)   Post Evacuate Collection Set: 0.4ms
[47.819s][info][gc,phases      ] GC(326)   Other: 0.2ms
[47.819s][info][gc,heap        ] GC(326) Eden regions: 189->0(185)
[47.819s][info][gc,heap        ] GC(326) Survivor regions: 23->16(27)
[47.819s][info][gc,heap        ] GC(326) Old regions: 98->113
[47.819s][info][gc,heap        ] GC(326) Archive regions: 0->0
[47.819s][info][gc,heap        ] GC(326) Humongous regions: 15->15
[47.819s][info][gc,metaspace   ] GC(326) Metaspace: 60429K(61312K)->60429K(61312K) NonClass: 52868K(53376K)->52868K(53376K) Class: 7560K(7936K)->7560K(7936K)
[47.819s][info][gc             ] GC(326) Pause Young (Normal) (G1 Evacuation Pause) 319M->138M(364M) 17.525ms
[47.819s][info][gc,cpu         ] GC(326) User=0.13s Sys=0.00s Real=0.02s
[47.877s][info][gc,start       ] GC(327) Pause Young (Normal) (G1 Evacuation Pause)
[47.877s][info][gc,task        ] GC(327) Using 8 workers of 33 for evacuation
[47.889s][info][gc,phases      ] GC(327)   Pre Evacuate Collection Set: 0.1ms
[47.889s][info][gc,phases      ] GC(327)   Merge Heap Roots: 0.1ms
[47.889s][info][gc,phases      ] GC(327)   Evacuate Collection Set: 10.7ms
[47.889s][info][gc,phases      ] GC(327)   Post Evacuate Collection Set: 0.4ms
[47.889s][info][gc,phases      ] GC(327)   Other: 0.2ms
[47.889s][info][gc,heap        ] GC(327) Eden regions: 185->0(179)
[47.889s][info][gc,heap        ] GC(327) Survivor regions: 16->15(26)
[47.889s][info][gc,heap        ] GC(327) Old regions: 113->121
[47.889s][info][gc,heap        ] GC(327) Archive regions: 0->0
[47.889s][info][gc,heap        ] GC(327) Humongous regions: 15->15
[47.889s][info][gc,metaspace   ] GC(327) Metaspace: 60429K(61312K)->60429K(61312K) NonClass: 52868K(53376K)->52868K(53376K) Class: 7560K(7936K)->7560K(7936K)
[47.889s][info][gc             ] GC(327) Pause Young (Normal) (G1 Evacuation Pause) 323M->145M(364M) 11.971ms
[47.889s][info][gc,cpu         ] GC(327) User=0.00s Sys=0.00s Real=0.00s
[47.956s][info][gc,start       ] GC(328) Pause Young (Normal) (G1 Evacuation Pause)
[47.956s][info][gc,task        ] GC(328) Using 8 workers of 33 for evacuation
[47.967s][info][gc,phases      ] GC(328)   Pre Evacuate Collection Set: 0.1ms
[47.967s][info][gc,phases      ] GC(328)   Merge Heap Roots: 0.1ms
[47.967s][info][gc,phases      ] GC(328)   Evacuate Collection Set: 9.1ms
[47.967s][info][gc,phases      ] GC(328)   Post Evacuate Collection Set: 0.8ms
[47.967s][info][gc,phases      ] GC(328)   Other: 0.2ms
[47.967s][info][gc,heap        ] GC(328) Eden regions: 179->0(200)
[47.967s][info][gc,heap        ] GC(328) Survivor regions: 15->15(25)
[47.967s][info][gc,heap        ] GC(328) Old regions: 121->128
[47.967s][info][gc,heap        ] GC(328) Archive regions: 0->0
[47.967s][info][gc,heap        ] GC(328) Humongous regions: 15->15
[47.967s][info][gc,metaspace   ] GC(328) Metaspace: 60432K(61312K)->60432K(61312K) NonClass: 52871K(53376K)->52871K(53376K) Class: 7560K(7936K)->7560K(7936K)
[47.967s][info][gc             ] GC(328) Pause Young (Normal) (G1 Evacuation Pause) 324M->151M(394M) 10.868ms
[47.967s][info][gc,cpu         ] GC(328) User=0.00s Sys=0.00s Real=0.00s
[48.044s][info][gc,start       ] GC(329) Pause Young (Normal) (G1 Evacuation Pause)
[48.044s][info][gc,task        ] GC(329) Using 9 workers of 33 for evacuation
[48.050s][info][gc,phases      ] GC(329)   Pre Evacuate Collection Set: 0.1ms
[48.050s][info][gc,phases      ] GC(329)   Merge Heap Roots: 0.1ms
[48.050s][info][gc,phases      ] GC(329)   Evacuate Collection Set: 5.1ms
[48.050s][info][gc,phases      ] GC(329)   Post Evacuate Collection Set: 0.4ms
[48.050s][info][gc,phases      ] GC(329)   Other: 0.2ms
[48.050s][info][gc,heap        ] GC(329) Eden regions: 200->0(202)
[48.050s][info][gc,heap        ] GC(329) Survivor regions: 15->14(27)
[48.050s][info][gc,heap        ] GC(329) Old regions: 128->128
[48.050s][info][gc,heap        ] GC(329) Archive regions: 0->0
[48.050s][info][gc,heap        ] GC(329) Humongous regions: 15->15
[48.050s][info][gc,metaspace   ] GC(329) Metaspace: 60432K(61312K)->60432K(61312K) NonClass: 52871K(53376K)->52871K(53376K) Class: 7560K(7936K)->7560K(7936K)
[48.050s][info][gc             ] GC(329) Pause Young (Normal) (G1 Evacuation Pause) 351M->151M(394M) 6.298ms
[48.050s][info][gc,cpu         ] GC(329) User=0.14s Sys=0.00s Real=0.01s
[48.116s][info][gc,start       ] GC(330) Pause Young (Normal) (G1 Evacuation Pause)
[48.116s][info][gc,task        ] GC(330) Using 9 workers of 33 for evacuation
[48.122s][info][gc,phases      ] GC(330)   Pre Evacuate Collection Set: 0.1ms
[48.122s][info][gc,phases      ] GC(330)   Merge Heap Roots: 0.1ms
[48.122s][info][gc,phases      ] GC(330)   Evacuate Collection Set: 5.0ms
[48.122s][info][gc,phases      ] GC(330)   Post Evacuate Collection Set: 0.4ms
[48.122s][info][gc,phases      ] GC(330)   Other: 0.1ms
[48.122s][info][gc,heap        ] GC(330) Eden regions: 202->0(202)
[48.122s][info][gc,heap        ] GC(330) Survivor regions: 14->14(27)
[48.122s][info][gc,heap        ] GC(330) Old regions: 128->128
[48.122s][info][gc,heap        ] GC(330) Archive regions: 0->0
[48.122s][info][gc,heap        ] GC(330) Humongous regions: 15->15
[48.122s][info][gc,metaspace   ] GC(330) Metaspace: 60432K(61312K)->60432K(61312K) NonClass: 52871K(53376K)->52871K(53376K) Class: 7560K(7936K)->7560K(7936K)
[48.123s][info][gc             ] GC(330) Pause Young (Normal) (G1 Evacuation Pause) 353M->151M(394M) 6.124ms
[48.123s][info][gc,cpu         ] GC(330) User=0.00s Sys=0.00s Real=0.00s
[48.189s][info][gc,start       ] GC(331) Pause Young (Normal) (G1 Evacuation Pause)
[48.189s][info][gc,task        ] GC(331) Using 9 workers of 33 for evacuation
[48.195s][info][gc,phases      ] GC(331)   Pre Evacuate Collection Set: 0.1ms
[48.195s][info][gc,phases      ] GC(331)   Merge Heap Roots: 0.1ms
[48.195s][info][gc,phases      ] GC(331)   Evacuate Collection Set: 5.0ms
[48.195s][info][gc,phases      ] GC(331)   Post Evacuate Collection Set: 0.4ms
[48.195s][info][gc,phases      ] GC(331)   Other: 0.1ms
[48.195s][info][gc,heap        ] GC(331) Eden regions: 202->0(202)
[48.195s][info][gc,heap        ] GC(331) Survivor regions: 14->14(27)
[48.195s][info][gc,heap        ] GC(331) Old regions: 128->128
[48.195s][info][gc,heap        ] GC(331) Archive regions: 0->0
[48.195s][info][gc,heap        ] GC(331) Humongous regions: 15->15
[48.195s][info][gc,metaspace   ] GC(331) Metaspace: 60432K(61312K)->60432K(61312K) NonClass: 52871K(53376K)->52871K(53376K) Class: 7560K(7936K)->7560K(7936K)
[48.195s][info][gc             ] GC(331) Pause Young (Normal) (G1 Evacuation Pause) 353M->151M(394M) 6.234ms
[48.195s][info][gc,cpu         ] GC(331) User=0.00s Sys=0.00s Real=0.00s
[48.298s][info][gc,start       ] GC(332) Pause Young (Normal) (G1 Evacuation Pause)
[48.298s][info][gc,task        ] GC(332) Using 9 workers of 33 for evacuation
[48.305s][info][gc,phases      ] GC(332)   Pre Evacuate Collection Set: 0.1ms
[48.305s][info][gc,phases      ] GC(332)   Merge Heap Roots: 0.1ms
[48.305s][info][gc,phases      ] GC(332)   Evacuate Collection Set: 6.0ms
[48.305s][info][gc,phases      ] GC(332)   Post Evacuate Collection Set: 0.6ms
[48.305s][info][gc,phases      ] GC(332)   Other: 0.1ms
[48.305s][info][gc,heap        ] GC(332) Eden regions: 202->0(202)
[48.305s][info][gc,heap        ] GC(332) Survivor regions: 14->14(27)
[48.305s][info][gc,heap        ] GC(332) Old regions: 128->128
[48.305s][info][gc,heap        ] GC(332) Archive regions: 0->0
[48.305s][info][gc,heap        ] GC(332) Humongous regions: 15->15
[48.305s][info][gc,metaspace   ] GC(332) Metaspace: 60433K(61312K)->60433K(61312K) NonClass: 52872K(53376K)->52872K(53376K) Class: 7560K(7936K)->7560K(7936K)
[48.305s][info][gc             ] GC(332) Pause Young (Normal) (G1 Evacuation Pause) 353M->151M(394M) 7.390ms
[48.305s][info][gc,cpu         ] GC(332) User=0.00s Sys=0.02s Real=0.01s
[48.434s][info][gc,start       ] GC(333) Pause Young (Normal) (G1 Evacuation Pause)
[48.434s][info][gc,task        ] GC(333) Using 9 workers of 33 for evacuation
[48.442s][info][gc,phases      ] GC(333)   Pre Evacuate Collection Set: 0.1ms
[48.442s][info][gc,phases      ] GC(333)   Merge Heap Roots: 0.1ms
[48.442s][info][gc,phases      ] GC(333)   Evacuate Collection Set: 6.9ms
[48.442s][info][gc,phases      ] GC(333)   Post Evacuate Collection Set: 0.4ms
[48.442s][info][gc,phases      ] GC(333)   Other: 0.1ms
[48.442s][info][gc,heap        ] GC(333) Eden regions: 202->0(202)
[48.442s][info][gc,heap        ] GC(333) Survivor regions: 14->14(27)
[48.442s][info][gc,heap        ] GC(333) Old regions: 128->128
[48.442s][info][gc,heap        ] GC(333) Archive regions: 0->0
[48.442s][info][gc,heap        ] GC(333) Humongous regions: 15->15
[48.442s][info][gc,metaspace   ] GC(333) Metaspace: 60433K(61312K)->60433K(61312K) NonClass: 52872K(53376K)->52872K(53376K) Class: 7560K(7936K)->7560K(7936K)
[48.442s][info][gc             ] GC(333) Pause Young (Normal) (G1 Evacuation Pause) 353M->151M(394M) 8.131ms
[48.442s][info][gc,cpu         ] GC(333) User=0.00s Sys=0.00s Real=0.00s
[48.575s][info][gc,start       ] GC(334) Pause Young (Normal) (G1 Evacuation Pause)
[48.575s][info][gc,task        ] GC(334) Using 9 workers of 33 for evacuation
[48.581s][info][gc,phases      ] GC(334)   Pre Evacuate Collection Set: 0.1ms
[48.581s][info][gc,phases      ] GC(334)   Merge Heap Roots: 0.1ms
[48.581s][info][gc,phases      ] GC(334)   Evacuate Collection Set: 5.7ms
[48.581s][info][gc,phases      ] GC(334)   Post Evacuate Collection Set: 0.4ms
[48.581s][info][gc,phases      ] GC(334)   Other: 0.1ms
[48.581s][info][gc,heap        ] GC(334) Eden regions: 202->0(202)
[48.581s][info][gc,heap        ] GC(334) Survivor regions: 14->14(27)
[48.582s][info][gc,heap        ] GC(334) Old regions: 128->128
[48.582s][info][gc,heap        ] GC(334) Archive regions: 0->0
[48.582s][info][gc,heap        ] GC(334) Humongous regions: 15->15
[48.582s][info][gc,metaspace   ] GC(334) Metaspace: 60433K(61312K)->60433K(61312K) NonClass: 52872K(53376K)->52872K(53376K) Class: 7560K(7936K)->7560K(7936K)
[48.582s][info][gc             ] GC(334) Pause Young (Normal) (G1 Evacuation Pause) 353M->151M(394M) 6.929ms
[48.582s][info][gc,cpu         ] GC(334) User=0.00s Sys=0.00s Real=0.00s
[48.710s][info][gc,start       ] GC(335) Pause Young (Normal) (G1 Evacuation Pause)
[48.716s][info][gc,task        ] GC(335) Using 9 workers of 33 for evacuation
[48.724s][info][gc,phases      ] GC(335)   Pre Evacuate Collection Set: 0.1ms
[48.724s][info][gc,phases      ] GC(335)   Merge Heap Roots: 0.1ms
[48.724s][info][gc,phases      ] GC(335)   Evacuate Collection Set: 6.9ms
[48.724s][info][gc,phases      ] GC(335)   Post Evacuate Collection Set: 0.4ms
[48.724s][info][gc,phases      ] GC(335)   Other: 0.1ms
[48.724s][info][gc,heap        ] GC(335) Eden regions: 202->0(202)
[48.724s][info][gc,heap        ] GC(335) Survivor regions: 14->14(27)
[48.724s][info][gc,heap        ] GC(335) Old regions: 128->128
[48.724s][info][gc,heap        ] GC(335) Archive regions: 0->0
[48.724s][info][gc,heap        ] GC(335) Humongous regions: 15->15
[48.724s][info][gc,metaspace   ] GC(335) Metaspace: 60433K(61312K)->60433K(61312K) NonClass: 52872K(53376K)->52872K(53376K) Class: 7560K(7936K)->7560K(7936K)
[48.724s][info][gc             ] GC(335) Pause Young (Normal) (G1 Evacuation Pause) 353M->151M(394M) 14.636ms
[48.724s][info][gc,cpu         ] GC(335) User=0.00s Sys=0.00s Real=0.02s
[48.855s][info][gc,start       ] GC(336) Pause Young (Normal) (G1 Evacuation Pause)
[48.855s][info][gc,task        ] GC(336) Using 9 workers of 33 for evacuation
[48.861s][info][gc,phases      ] GC(336)   Pre Evacuate Collection Set: 0.1ms
[48.862s][info][gc,phases      ] GC(336)   Merge Heap Roots: 0.1ms
[48.862s][info][gc,phases      ] GC(336)   Evacuate Collection Set: 5.5ms
[48.862s][info][gc,phases      ] GC(336)   Post Evacuate Collection Set: 0.4ms
[48.862s][info][gc,phases      ] GC(336)   Other: 0.2ms
[48.862s][info][gc,heap        ] GC(336) Eden regions: 202->0(202)
[48.862s][info][gc,heap        ] GC(336) Survivor regions: 14->14(27)
[48.862s][info][gc,heap        ] GC(336) Old regions: 128->128
[48.862s][info][gc,heap        ] GC(336) Archive regions: 0->0
[48.862s][info][gc,heap        ] GC(336) Humongous regions: 15->15
[48.862s][info][gc,metaspace   ] GC(336) Metaspace: 60433K(61312K)->60433K(61312K) NonClass: 52872K(53376K)->52872K(53376K) Class: 7560K(7936K)->7560K(7936K)
[48.862s][info][gc             ] GC(336) Pause Young (Normal) (G1 Evacuation Pause) 353M->151M(394M) 6.773ms
[48.862s][info][gc,cpu         ] GC(336) User=0.00s Sys=0.00s Real=0.00s
[48.930s][info][gc,start       ] GC(337) Pause Full (System.gc())
[48.930s][info][gc,task        ] GC(337) Using 9 workers of 33 for full compaction
[48.931s][info][gc,phases,start] GC(337) Phase 1: Mark live objects
[48.963s][info][gc,phases      ] GC(337) Phase 1: Mark live objects 31.796ms
[48.963s][info][gc,phases,start] GC(337) Phase 2: Prepare compaction
[48.967s][info][gc,phases      ] GC(337) Phase 2: Prepare compaction 4.637ms
[48.967s][info][gc,phases,start] GC(337) Phase 3: Adjust pointers
[48.974s][info][gc,phases      ] GC(337) Phase 3: Adjust pointers 6.811ms
[48.974s][info][gc,phases,start] GC(337) Phase 4: Compact heap
[48.975s][info][gc,phases      ] GC(337) Phase 4: Compact heap 0.531ms
[48.982s][info][gc,heap        ] GC(337) Eden regions: 71->0(214)
[48.982s][info][gc,heap        ] GC(337) Survivor regions: 14->0(27)
[48.982s][info][gc,heap        ] GC(337) Old regions: 128->98
[48.982s][info][gc,heap        ] GC(337) Archive regions: 0->0
[48.982s][info][gc,heap        ] GC(337) Humongous regions: 20->9
[48.982s][info][gc,metaspace   ] GC(337) Metaspace: 60457K(61312K)->60457K(61312K) NonClass: 52896K(53376K)->52896K(53376K) Class: 7560K(7936K)->7560K(7936K)
[48.982s][info][gc             ] GC(337) Pause Full (System.gc()) 226M->101M(357M) 51.596ms
[48.982s][info][gc,cpu         ] GC(337) User=0.56s Sys=0.03s Real=0.05s
[49.121s][info][gc,start       ] GC(338) Pause Young (Normal) (G1 Evacuation Pause)
[49.121s][info][gc,task        ] GC(338) Using 8 workers of 33 for evacuation
[49.127s][info][gc,phases      ] GC(338)   Pre Evacuate Collection Set: 0.2ms
[49.127s][info][gc,phases      ] GC(338)   Merge Heap Roots: 0.1ms
[49.127s][info][gc,phases      ] GC(338)   Evacuate Collection Set: 3.8ms
[49.127s][info][gc,phases      ] GC(338)   Post Evacuate Collection Set: 1.2ms
[49.127s][info][gc,phases      ] GC(338)   Other: 0.2ms
[49.127s][info][gc,heap        ] GC(338) Eden regions: 214->0(225)
[49.127s][info][gc,heap        ] GC(338) Survivor regions: 0->7(27)
[49.127s][info][gc,heap        ] GC(338) Old regions: 98->98
[49.127s][info][gc,heap        ] GC(338) Archive regions: 0->0
[49.127s][info][gc,heap        ] GC(338) Humongous regions: 19->9
[49.127s][info][gc,metaspace   ] GC(338) Metaspace: 60548K(61440K)->60548K(61440K) NonClass: 52985K(53504K)->52985K(53504K) Class: 7562K(7936K)->7562K(7936K)
[49.127s][info][gc             ] GC(338) Pause Young (Normal) (G1 Evacuation Pause) 325M->108M(388M) 5.965ms
[49.127s][info][gc,cpu         ] GC(338) User=0.13s Sys=0.00s Real=0.01s
[49.213s][info][gc,start       ] GC(339) Pause Young (Normal) (G1 Evacuation Pause)
[49.214s][info][gc,task        ] GC(339) Using 9 workers of 33 for evacuation
[49.223s][info][gc,phases      ] GC(339)   Pre Evacuate Collection Set: 0.2ms
[49.223s][info][gc,phases      ] GC(339)   Merge Heap Roots: 0.1ms
[49.223s][info][gc,phases      ] GC(339)   Evacuate Collection Set: 8.7ms
[49.223s][info][gc,phases      ] GC(339)   Post Evacuate Collection Set: 0.6ms
[49.223s][info][gc,phases      ] GC(339)   Other: 0.2ms
[49.224s][info][gc,heap        ] GC(339) Eden regions: 225->0(216)
[49.224s][info][gc,heap        ] GC(339) Survivor regions: 7->16(29)
[49.224s][info][gc,heap        ] GC(339) Old regions: 98->98
[49.224s][info][gc,heap        ] GC(339) Archive regions: 0->0
[49.224s][info][gc,heap        ] GC(339) Humongous regions: 12->12
[49.224s][info][gc,metaspace   ] GC(339) Metaspace: 60551K(61440K)->60551K(61440K) NonClass: 52988K(53504K)->52988K(53504K) Class: 7562K(7936K)->7562K(7936K)
[49.224s][info][gc             ] GC(339) Pause Young (Normal) (G1 Evacuation Pause) 336M->120M(388M) 10.238ms
[49.224s][info][gc,cpu         ] GC(339) User=0.14s Sys=0.00s Real=0.02s
[49.290s][info][gc,start       ] GC(340) Pause Young (Normal) (G1 Evacuation Pause)
[49.291s][info][gc,task        ] GC(340) Using 9 workers of 33 for evacuation
[49.303s][info][gc,phases      ] GC(340)   Pre Evacuate Collection Set: 0.1ms
[49.303s][info][gc,phases      ] GC(340)   Merge Heap Roots: 0.1ms
[49.303s][info][gc,phases      ] GC(340)   Evacuate Collection Set: 11.2ms
[49.303s][info][gc,phases      ] GC(340)   Post Evacuate Collection Set: 0.6ms
[49.303s][info][gc,phases      ] GC(340)   Other: 0.2ms
[49.303s][info][gc,heap        ] GC(340) Eden regions: 216->0(213)
[49.303s][info][gc,heap        ] GC(340) Survivor regions: 16->19(29)
[49.303s][info][gc,heap        ] GC(340) Old regions: 98->104
[49.303s][info][gc,heap        ] GC(340) Archive regions: 0->0
[49.303s][info][gc,heap        ] GC(340) Humongous regions: 12->12
[49.303s][info][gc,metaspace   ] GC(340) Metaspace: 60552K(61440K)->60552K(61440K) NonClass: 52989K(53504K)->52989K(53504K) Class: 7562K(7936K)->7562K(7936K)
[49.303s][info][gc             ] GC(340) Pause Young (Normal) (G1 Evacuation Pause) 336M->129M(388M) 12.727ms
[49.303s][info][gc,cpu         ] GC(340) User=0.14s Sys=0.00s Real=0.02s
[49.377s][info][gc,start       ] GC(341) Pause Young (Normal) (G1 Evacuation Pause)
[49.377s][info][gc,task        ] GC(341) Using 9 workers of 33 for evacuation
[49.395s][info][gc,phases      ] GC(341)   Pre Evacuate Collection Set: 0.1ms
[49.395s][info][gc,phases      ] GC(341)   Merge Heap Roots: 0.1ms
[49.395s][info][gc,phases      ] GC(341)   Evacuate Collection Set: 17.1ms
[49.395s][info][gc,phases      ] GC(341)   Post Evacuate Collection Set: 0.4ms
[49.395s][info][gc,phases      ] GC(341)   Other: 0.2ms
[49.395s][info][gc,heap        ] GC(341) Eden regions: 213->0(205)
[49.395s][info][gc,heap        ] GC(341) Survivor regions: 19->17(29)
[49.395s][info][gc,heap        ] GC(341) Old regions: 104->114
[49.395s][info][gc,heap        ] GC(341) Archive regions: 0->0
[49.395s][info][gc,heap        ] GC(341) Humongous regions: 15->15
[49.395s][info][gc,metaspace   ] GC(341) Metaspace: 60552K(61440K)->60552K(61440K) NonClass: 52989K(53504K)->52989K(53504K) Class: 7562K(7936K)->7562K(7936K)
[49.395s][info][gc             ] GC(341) Pause Young (Normal) (G1 Evacuation Pause) 345M->140M(388M) 18.397ms
[49.395s][info][gc,cpu         ] GC(341) User=0.14s Sys=0.00s Real=0.02s
[49.462s][info][gc,start       ] GC(342) Pause Young (Normal) (G1 Evacuation Pause)
[49.462s][info][gc,task        ] GC(342) Using 9 workers of 33 for evacuation
[49.475s][info][gc,phases      ] GC(342)   Pre Evacuate Collection Set: 0.1ms
[49.475s][info][gc,phases      ] GC(342)   Merge Heap Roots: 0.1ms
[49.475s][info][gc,phases      ] GC(342)   Evacuate Collection Set: 11.5ms
[49.475s][info][gc,phases      ] GC(342)   Post Evacuate Collection Set: 0.4ms
[49.475s][info][gc,phases      ] GC(342)   Other: 0.2ms
[49.475s][info][gc,heap        ] GC(342) Eden regions: 205->0(194)
[49.475s][info][gc,heap        ] GC(342) Survivor regions: 17->18(28)
[49.475s][info][gc,heap        ] GC(342) Old regions: 114->123
[49.475s][info][gc,heap        ] GC(342) Archive regions: 0->0
[49.475s][info][gc,heap        ] GC(342) Humongous regions: 15->15
[49.475s][info][gc,metaspace   ] GC(342) Metaspace: 60552K(61440K)->60552K(61440K) NonClass: 52989K(53504K)->52989K(53504K) Class: 7562K(7936K)->7562K(7936K)
[49.475s][info][gc             ] GC(342) Pause Young (Normal) (G1 Evacuation Pause) 345M->150M(388M) 12.750ms
[49.475s][info][gc,cpu         ] GC(342) User=0.14s Sys=0.00s Real=0.02s
[49.542s][info][gc,start       ] GC(343) Pause Young (Normal) (G1 Evacuation Pause)
[49.542s][info][gc,task        ] GC(343) Using 9 workers of 33 for evacuation
[49.552s][info][gc,phases      ] GC(343)   Pre Evacuate Collection Set: 0.1ms
[49.552s][info][gc,phases      ] GC(343)   Merge Heap Roots: 0.1ms
[49.552s][info][gc,phases      ] GC(343)   Evacuate Collection Set: 8.1ms
[49.552s][info][gc,phases      ] GC(343)   Post Evacuate Collection Set: 0.7ms
[49.552s][info][gc,phases      ] GC(343)   Other: 0.2ms
[49.552s][info][gc,heap        ] GC(343) Eden regions: 194->0(223)
[49.552s][info][gc,heap        ] GC(343) Survivor regions: 18->10(27)
[49.552s][info][gc,heap        ] GC(343) Old regions: 123->132
[49.552s][info][gc,heap        ] GC(343) Archive regions: 0->0
[49.552s][info][gc,heap        ] GC(343) Humongous regions: 15->15
[49.552s][info][gc,metaspace   ] GC(343) Metaspace: 60553K(61440K)->60553K(61440K) NonClass: 52990K(53504K)->52990K(53504K) Class: 7562K(7936K)->7562K(7936K)
[49.552s][info][gc             ] GC(343) Pause Young (Normal) (G1 Evacuation Pause) 344M->151M(412M) 9.715ms
[49.552s][info][gc,cpu         ] GC(343) User=0.14s Sys=0.00s Real=0.02s
[49.645s][info][gc,start       ] GC(344) Pause Young (Normal) (G1 Evacuation Pause)
[49.645s][info][gc,task        ] GC(344) Using 9 workers of 33 for evacuation
[49.651s][info][gc,phases      ] GC(344)   Pre Evacuate Collection Set: 0.1ms
[49.651s][info][gc,phases      ] GC(344)   Merge Heap Roots: 0.1ms
[49.651s][info][gc,phases      ] GC(344)   Evacuate Collection Set: 5.0ms
[49.651s][info][gc,phases      ] GC(344)   Post Evacuate Collection Set: 0.4ms
[49.651s][info][gc,phases      ] GC(344)   Other: 0.2ms
[49.651s][info][gc,heap        ] GC(344) Eden regions: 223->0(221)
[49.651s][info][gc,heap        ] GC(344) Survivor regions: 10->11(30)
[49.651s][info][gc,heap        ] GC(344) Old regions: 132->132
[49.651s][info][gc,heap        ] GC(344) Archive regions: 0->0
[49.651s][info][gc,heap        ] GC(344) Humongous regions: 15->15
[49.651s][info][gc,metaspace   ] GC(344) Metaspace: 60553K(61440K)->60553K(61440K) NonClass: 52990K(53504K)->52990K(53504K) Class: 7562K(7936K)->7562K(7936K)
[49.651s][info][gc             ] GC(344) Pause Young (Normal) (G1 Evacuation Pause) 374M->151M(412M) 6.303ms
[49.651s][info][gc,cpu         ] GC(344) User=0.14s Sys=0.00s Real=0.02s
[49.730s][info][gc,start       ] GC(345) Pause Young (Normal) (G1 Evacuation Pause)
[49.730s][info][gc,task        ] GC(345) Using 9 workers of 33 for evacuation
[49.734s][info][gc,phases      ] GC(345)   Pre Evacuate Collection Set: 0.1ms
[49.734s][info][gc,phases      ] GC(345)   Merge Heap Roots: 0.1ms
[49.734s][info][gc,phases      ] GC(345)   Evacuate Collection Set: 3.6ms
[49.734s][info][gc,phases      ] GC(345)   Post Evacuate Collection Set: 0.4ms
[49.734s][info][gc,phases      ] GC(345)   Other: 0.1ms
[49.734s][info][gc,heap        ] GC(345) Eden regions: 221->0(223)
[49.734s][info][gc,heap        ] GC(345) Survivor regions: 11->10(29)
[49.734s][info][gc,heap        ] GC(345) Old regions: 132->132
[49.734s][info][gc,heap        ] GC(345) Archive regions: 0->0
[49.734s][info][gc,heap        ] GC(345) Humongous regions: 15->15
[49.734s][info][gc,metaspace   ] GC(345) Metaspace: 60553K(61440K)->60553K(61440K) NonClass: 52990K(53504K)->52990K(53504K) Class: 7562K(7936K)->7562K(7936K)
[49.735s][info][gc             ] GC(345) Pause Young (Normal) (G1 Evacuation Pause) 372M->151M(412M) 4.781ms
[49.735s][info][gc,cpu         ] GC(345) User=0.00s Sys=0.00s Real=0.00s
[49.808s][info][gc,start       ] GC(346) Pause Young (Normal) (G1 Evacuation Pause)
[49.808s][info][gc,task        ] GC(346) Using 9 workers of 33 for evacuation
[49.813s][info][gc,phases      ] GC(346)   Pre Evacuate Collection Set: 0.1ms
[49.814s][info][gc,phases      ] GC(346)   Merge Heap Roots: 0.1ms
[49.814s][info][gc,phases      ] GC(346)   Evacuate Collection Set: 5.0ms
[49.814s][info][gc,phases      ] GC(346)   Post Evacuate Collection Set: 0.4ms
[49.814s][info][gc,phases      ] GC(346)   Other: 0.1ms
[49.814s][info][gc,heap        ] GC(346) Eden regions: 223->0(221)
[49.814s][info][gc,heap        ] GC(346) Survivor regions: 10->11(30)
[49.814s][info][gc,heap        ] GC(346) Old regions: 132->132
[49.814s][info][gc,heap        ] GC(346) Archive regions: 0->0
[49.814s][info][gc,heap        ] GC(346) Humongous regions: 15->15
[49.814s][info][gc,metaspace   ] GC(346) Metaspace: 60553K(61440K)->60553K(61440K) NonClass: 52990K(53504K)->52990K(53504K) Class: 7562K(7936K)->7562K(7936K)
[49.814s][info][gc             ] GC(346) Pause Young (Normal) (G1 Evacuation Pause) 374M->151M(412M) 6.129ms
[49.814s][info][gc,cpu         ] GC(346) User=0.00s Sys=0.00s Real=0.00s
[49.949s][info][gc,start       ] GC(347) Pause Young (Normal) (G1 Evacuation Pause)
[49.949s][info][gc,task        ] GC(347) Using 9 workers of 33 for evacuation
[49.955s][info][gc,phases      ] GC(347)   Pre Evacuate Collection Set: 0.1ms
[49.955s][info][gc,phases      ] GC(347)   Merge Heap Roots: 0.1ms
[49.955s][info][gc,phases      ] GC(347)   Evacuate Collection Set: 5.0ms
[49.955s][info][gc,phases      ] GC(347)   Post Evacuate Collection Set: 0.6ms
[49.955s][info][gc,phases      ] GC(347)   Other: 0.1ms
[49.955s][info][gc,heap        ] GC(347) Eden regions: 221->0(221)
[49.955s][info][gc,heap        ] GC(347) Survivor regions: 11->11(29)
[49.955s][info][gc,heap        ] GC(347) Old regions: 132->132
[49.955s][info][gc,heap        ] GC(347) Archive regions: 0->0
[49.955s][info][gc,heap        ] GC(347) Humongous regions: 15->15
[49.955s][info][gc,metaspace   ] GC(347) Metaspace: 60554K(61440K)->60554K(61440K) NonClass: 52991K(53504K)->52991K(53504K) Class: 7562K(7936K)->7562K(7936K)
[49.955s][info][gc             ] GC(347) Pause Young (Normal) (G1 Evacuation Pause) 372M->151M(412M) 6.434ms
[49.955s][info][gc,cpu         ] GC(347) User=0.00s Sys=0.00s Real=0.00s
[50.110s][info][gc,start       ] GC(348) Pause Young (Normal) (G1 Evacuation Pause)
[50.110s][info][gc,task        ] GC(348) Using 9 workers of 33 for evacuation
[50.116s][info][gc,phases      ] GC(348)   Pre Evacuate Collection Set: 0.1ms
[50.116s][info][gc,phases      ] GC(348)   Merge Heap Roots: 0.1ms
[50.116s][info][gc,phases      ] GC(348)   Evacuate Collection Set: 5.0ms
[50.116s][info][gc,phases      ] GC(348)   Post Evacuate Collection Set: 0.4ms
[50.116s][info][gc,phases      ] GC(348)   Other: 0.2ms
[50.116s][info][gc,heap        ] GC(348) Eden regions: 221->0(221)
[50.116s][info][gc,heap        ] GC(348) Survivor regions: 11->11(29)
[50.116s][info][gc,heap        ] GC(348) Old regions: 132->132
[50.116s][info][gc,heap        ] GC(348) Archive regions: 0->0
[50.116s][info][gc,heap        ] GC(348) Humongous regions: 15->15
[50.116s][info][gc,metaspace   ] GC(348) Metaspace: 60554K(61440K)->60554K(61440K) NonClass: 52991K(53504K)->52991K(53504K) Class: 7562K(7936K)->7562K(7936K)
[50.116s][info][gc             ] GC(348) Pause Young (Normal) (G1 Evacuation Pause) 372M->151M(412M) 6.336ms
[50.116s][info][gc,cpu         ] GC(348) User=0.14s Sys=0.00s Real=0.02s
[50.271s][info][gc,start       ] GC(349) Pause Young (Normal) (G1 Evacuation Pause)
[50.271s][info][gc,task        ] GC(349) Using 9 workers of 33 for evacuation
[50.277s][info][gc,phases      ] GC(349)   Pre Evacuate Collection Set: 0.1ms
[50.277s][info][gc,phases      ] GC(349)   Merge Heap Roots: 0.1ms
[50.277s][info][gc,phases      ] GC(349)   Evacuate Collection Set: 4.9ms
[50.277s][info][gc,phases      ] GC(349)   Post Evacuate Collection Set: 0.4ms
[50.277s][info][gc,phases      ] GC(349)   Other: 0.1ms
[50.277s][info][gc,heap        ] GC(349) Eden regions: 221->0(221)
[50.277s][info][gc,heap        ] GC(349) Survivor regions: 11->11(29)
[50.277s][info][gc,heap        ] GC(349) Old regions: 132->132
[50.277s][info][gc,heap        ] GC(349) Archive regions: 0->0
[50.277s][info][gc,heap        ] GC(349) Humongous regions: 15->15
[50.277s][info][gc,metaspace   ] GC(349) Metaspace: 60554K(61440K)->60554K(61440K) NonClass: 52991K(53504K)->52991K(53504K) Class: 7562K(7936K)->7562K(7936K)
[50.277s][info][gc             ] GC(349) Pause Young (Normal) (G1 Evacuation Pause) 372M->151M(412M) 6.174ms
[50.277s][info][gc,cpu         ] GC(349) User=0.00s Sys=0.00s Real=0.00s
[50.418s][info][gc,start       ] GC(350) Pause Young (Normal) (G1 Evacuation Pause)
[50.418s][info][gc,task        ] GC(350) Using 9 workers of 33 for evacuation
[50.424s][info][gc,phases      ] GC(350)   Pre Evacuate Collection Set: 0.1ms
[50.424s][info][gc,phases      ] GC(350)   Merge Heap Roots: 0.1ms
[50.424s][info][gc,phases      ] GC(350)   Evacuate Collection Set: 4.9ms
[50.424s][info][gc,phases      ] GC(350)   Post Evacuate Collection Set: 0.4ms
[50.424s][info][gc,phases      ] GC(350)   Other: 0.1ms
[50.424s][info][gc,heap        ] GC(350) Eden regions: 221->0(221)
[50.424s][info][gc,heap        ] GC(350) Survivor regions: 11->11(29)
[50.424s][info][gc,heap        ] GC(350) Old regions: 132->132
[50.424s][info][gc,heap        ] GC(350) Archive regions: 0->0
[50.424s][info][gc,heap        ] GC(350) Humongous regions: 15->15
[50.424s][info][gc,metaspace   ] GC(350) Metaspace: 60554K(61440K)->60554K(61440K) NonClass: 52991K(53504K)->52991K(53504K) Class: 7562K(7936K)->7562K(7936K)
[50.424s][info][gc             ] GC(350) Pause Young (Normal) (G1 Evacuation Pause) 372M->151M(412M) 6.148ms
[50.424s][info][gc,cpu         ] GC(350) User=0.14s Sys=0.00s Real=0.02s
[50.476s][info][gc,start       ] GC(351) Pause Full (System.gc())
[50.476s][info][gc,task        ] GC(351) Using 9 workers of 33 for full compaction
[50.476s][info][gc,phases,start] GC(351) Phase 1: Mark live objects
[50.509s][info][gc,phases      ] GC(351) Phase 1: Mark live objects 32.643ms
[50.509s][info][gc,phases,start] GC(351) Phase 2: Prepare compaction
[50.514s][info][gc,phases      ] GC(351) Phase 2: Prepare compaction 4.531ms
[50.514s][info][gc,phases,start] GC(351) Phase 3: Adjust pointers
[50.527s][info][gc,phases      ] GC(351) Phase 3: Adjust pointers 13.101ms
[50.527s][info][gc,phases,start] GC(351) Phase 4: Compact heap
[50.527s][info][gc,phases      ] GC(351) Phase 4: Compact heap 0.510ms
[50.538s][info][gc,heap        ] GC(351) Eden regions: 45->0(214)
[50.538s][info][gc,heap        ] GC(351) Survivor regions: 11->0(29)
[50.538s][info][gc,heap        ] GC(351) Old regions: 132->98
[50.538s][info][gc,heap        ] GC(351) Archive regions: 0->0
[50.538s][info][gc,heap        ] GC(351) Humongous regions: 20->9
[50.538s][info][gc,metaspace   ] GC(351) Metaspace: 60574K(61440K)->60574K(61440K) NonClass: 53011K(53504K)->53011K(53504K) Class: 7562K(7936K)->7562K(7936K)
[50.538s][info][gc             ] GC(351) Pause Full (System.gc()) 201M->101M(357M) 62.675ms
[50.538s][info][gc,cpu         ] GC(351) User=0.33s Sys=0.00s Real=0.06s
[50.689s][info][gc,start       ] GC(352) Pause Young (Normal) (G1 Evacuation Pause)
[50.689s][info][gc,task        ] GC(352) Using 8 workers of 33 for evacuation
[50.697s][info][gc,phases      ] GC(352)   Pre Evacuate Collection Set: 0.2ms
[50.697s][info][gc,phases      ] GC(352)   Merge Heap Roots: 0.1ms
[50.697s][info][gc,phases      ] GC(352)   Evacuate Collection Set: 3.6ms
[50.697s][info][gc,phases      ] GC(352)   Post Evacuate Collection Set: 0.5ms
[50.697s][info][gc,phases      ] GC(352)   Other: 4.1ms
[50.697s][info][gc,heap        ] GC(352) Eden regions: 214->0(207)
[50.698s][info][gc,heap        ] GC(352) Survivor regions: 0->7(27)
[50.698s][info][gc,heap        ] GC(352) Old regions: 98->98
[50.698s][info][gc,heap        ] GC(352) Archive regions: 0->0
[50.698s][info][gc,heap        ] GC(352) Humongous regions: 19->9
[50.698s][info][gc,metaspace   ] GC(352) Metaspace: 60627K(61504K)->60627K(61504K) NonClass: 53064K(53568K)->53064K(53568K) Class: 7562K(7936K)->7562K(7936K)
[50.698s][info][gc             ] GC(352) Pause Young (Normal) (G1 Evacuation Pause) 325M->108M(357M) 8.719ms
[50.698s][info][gc,cpu         ] GC(352) User=0.13s Sys=0.00s Real=0.02s
[50.775s][info][gc,start       ] GC(353) Pause Young (Normal) (G1 Evacuation Pause)
[50.776s][info][gc,task        ] GC(353) Using 8 workers of 33 for evacuation
[50.783s][info][gc,phases      ] GC(353)   Pre Evacuate Collection Set: 0.2ms
[50.783s][info][gc,phases      ] GC(353)   Merge Heap Roots: 0.1ms
[50.783s][info][gc,phases      ] GC(353)   Evacuate Collection Set: 6.7ms
[50.783s][info][gc,phases      ] GC(353)   Post Evacuate Collection Set: 0.7ms
[50.783s][info][gc,phases      ] GC(353)   Other: 0.1ms
[50.783s][info][gc,heap        ] GC(353) Eden regions: 207->0(201)
[50.783s][info][gc,heap        ] GC(353) Survivor regions: 7->13(27)
[50.783s][info][gc,heap        ] GC(353) Old regions: 98->98
[50.783s][info][gc,heap        ] GC(353) Archive regions: 0->0
[50.783s][info][gc,heap        ] GC(353) Humongous regions: 10->10
[50.783s][info][gc,metaspace   ] GC(353) Metaspace: 60627K(61504K)->60627K(61504K) NonClass: 53064K(53568K)->53064K(53568K) Class: 7562K(7936K)->7562K(7936K)
[50.783s][info][gc             ] GC(353) Pause Young (Normal) (G1 Evacuation Pause) 316M->115M(357M) 8.009ms
[50.783s][info][gc,cpu         ] GC(353) User=0.00s Sys=0.00s Real=0.00s
[50.852s][info][gc,start       ] GC(354) Pause Young (Normal) (G1 Evacuation Pause)
[50.852s][info][gc,task        ] GC(354) Using 8 workers of 33 for evacuation
[50.865s][info][gc,phases      ] GC(354)   Pre Evacuate Collection Set: 0.1ms
[50.865s][info][gc,phases      ] GC(354)   Merge Heap Roots: 0.1ms
[50.865s][info][gc,phases      ] GC(354)   Evacuate Collection Set: 12.3ms
[50.865s][info][gc,phases      ] GC(354)   Post Evacuate Collection Set: 0.7ms
[50.865s][info][gc,phases      ] GC(354)   Other: 0.2ms
[50.865s][info][gc,heap        ] GC(354) Eden regions: 201->0(186)
[50.865s][info][gc,heap        ] GC(354) Survivor regions: 13->21(27)
[50.865s][info][gc,heap        ] GC(354) Old regions: 98->98
[50.866s][info][gc,heap        ] GC(354) Archive regions: 0->0
[50.866s][info][gc,heap        ] GC(354) Humongous regions: 12->12
[50.866s][info][gc,metaspace   ] GC(354) Metaspace: 60627K(61504K)->60627K(61504K) NonClass: 53064K(53568K)->53064K(53568K) Class: 7562K(7936K)->7562K(7936K)
[50.866s][info][gc             ] GC(354) Pause Young (Normal) (G1 Evacuation Pause) 318M->125M(357M) 13.884ms
[50.866s][info][gc,cpu         ] GC(354) User=0.13s Sys=0.00s Real=0.02s
[50.933s][info][gc,start       ] GC(355) Pause Young (Normal) (G1 Evacuation Pause)
[50.933s][info][gc,task        ] GC(355) Using 8 workers of 33 for evacuation
[50.950s][info][gc,phases      ] GC(355)   Pre Evacuate Collection Set: 0.1ms
[50.950s][info][gc,phases      ] GC(355)   Merge Heap Roots: 0.1ms
[50.950s][info][gc,phases      ] GC(355)   Evacuate Collection Set: 15.9ms
[50.950s][info][gc,phases      ] GC(355)   Post Evacuate Collection Set: 0.5ms
[50.950s][info][gc,phases      ] GC(355)   Other: 0.2ms
[50.950s][info][gc,heap        ] GC(355) Eden regions: 186->0(187)
[50.950s][info][gc,heap        ] GC(355) Survivor regions: 21->17(26)
[50.950s][info][gc,heap        ] GC(355) Old regions: 98->111
[50.950s][info][gc,heap        ] GC(355) Archive regions: 0->0
[50.950s][info][gc,heap        ] GC(355) Humongous regions: 15->15
[50.950s][info][gc,metaspace   ] GC(355) Metaspace: 60627K(61504K)->60627K(61504K) NonClass: 53064K(53568K)->53064K(53568K) Class: 7562K(7936K)->7562K(7936K)
[50.950s][info][gc             ] GC(355) Pause Young (Normal) (G1 Evacuation Pause) 314M->137M(366M) 17.360ms
[50.950s][info][gc,cpu         ] GC(355) User=0.13s Sys=0.00s Real=0.02s
[51.015s][info][gc,start       ] GC(356) Pause Young (Normal) (G1 Evacuation Pause)
[51.015s][info][gc,task        ] GC(356) Using 8 workers of 33 for evacuation
[51.028s][info][gc,phases      ] GC(356)   Pre Evacuate Collection Set: 0.1ms
[51.028s][info][gc,phases      ] GC(356)   Merge Heap Roots: 0.1ms
[51.028s][info][gc,phases      ] GC(356)   Evacuate Collection Set: 12.3ms
[51.028s][info][gc,phases      ] GC(356)   Post Evacuate Collection Set: 0.4ms
[51.028s][info][gc,phases      ] GC(356)   Other: 0.2ms
[51.028s][info][gc,heap        ] GC(356) Eden regions: 187->0(179)
[51.028s][info][gc,heap        ] GC(356) Survivor regions: 17->17(26)
[51.028s][info][gc,heap        ] GC(356) Old regions: 111->119
[51.028s][info][gc,heap        ] GC(356) Archive regions: 0->0
[51.028s][info][gc,heap        ] GC(356) Humongous regions: 15->15
[51.028s][info][gc,metaspace   ] GC(356) Metaspace: 60627K(61504K)->60627K(61504K) NonClass: 53064K(53568K)->53064K(53568K) Class: 7562K(7936K)->7562K(7936K)
[51.028s][info][gc             ] GC(356) Pause Young (Normal) (G1 Evacuation Pause) 324M->145M(366M) 13.546ms
[51.028s][info][gc,cpu         ] GC(356) User=0.13s Sys=0.00s Real=0.02s
[51.088s][info][gc,start       ] GC(357) Pause Young (Normal) (G1 Evacuation Pause)
[51.088s][info][gc,task        ] GC(357) Using 8 workers of 33 for evacuation
[51.101s][info][gc,phases      ] GC(357)   Pre Evacuate Collection Set: 0.1ms
[51.101s][info][gc,phases      ] GC(357)   Merge Heap Roots: 0.1ms
[51.101s][info][gc,phases      ] GC(357)   Evacuate Collection Set: 12.0ms
[51.101s][info][gc,phases      ] GC(357)   Post Evacuate Collection Set: 0.4ms
[51.101s][info][gc,phases      ] GC(357)   Other: 0.2ms
[51.101s][info][gc,heap        ] GC(357) Eden regions: 179->0(174)
[51.101s][info][gc,heap        ] GC(357) Survivor regions: 17->15(25)
[51.101s][info][gc,heap        ] GC(357) Old regions: 119->128
[51.101s][info][gc,heap        ] GC(357) Archive regions: 0->0
[51.101s][info][gc,heap        ] GC(357) Humongous regions: 15->15
[51.101s][info][gc,metaspace   ] GC(357) Metaspace: 60628K(61504K)->60628K(61504K) NonClass: 53065K(53568K)->53065K(53568K) Class: 7562K(7936K)->7562K(7936K)
[51.101s][info][gc             ] GC(357) Pause Young (Normal) (G1 Evacuation Pause) 324M->151M(366M) 13.282ms
[51.101s][info][gc,cpu         ] GC(357) User=0.13s Sys=0.00s Real=0.02s
[51.169s][info][gc,start       ] GC(358) Pause Young (Normal) (G1 Evacuation Pause)
[51.169s][info][gc,task        ] GC(358) Using 8 workers of 33 for evacuation
[51.177s][info][gc,phases      ] GC(358)   Pre Evacuate Collection Set: 0.1ms
[51.177s][info][gc,phases      ] GC(358)   Merge Heap Roots: 0.1ms
[51.177s][info][gc,phases      ] GC(358)   Evacuate Collection Set: 6.6ms
[51.177s][info][gc,phases      ] GC(358)   Post Evacuate Collection Set: 0.4ms
[51.177s][info][gc,phases      ] GC(358)   Other: 0.2ms
[51.177s][info][gc,heap        ] GC(358) Eden regions: 174->0(183)
[51.177s][info][gc,heap        ] GC(358) Survivor regions: 15->6(24)
[51.177s][info][gc,heap        ] GC(358) Old regions: 128->137
[51.177s][info][gc,heap        ] GC(358) Archive regions: 0->0
[51.177s][info][gc,heap        ] GC(358) Humongous regions: 15->15
[51.177s][info][gc,metaspace   ] GC(358) Metaspace: 60628K(61504K)->60628K(61504K) NonClass: 53065K(53568K)->53065K(53568K) Class: 7562K(7936K)->7562K(7936K)
[51.177s][info][gc             ] GC(358) Pause Young (Normal) (G1 Evacuation Pause) 325M->152M(366M) 7.814ms
[51.177s][info][gc,cpu         ] GC(358) User=0.13s Sys=0.00s Real=0.02s
[51.244s][info][gc,start       ] GC(359) Pause Young (Normal) (G1 Evacuation Pause)
[51.244s][info][gc,task        ] GC(359) Using 8 workers of 33 for evacuation
[51.248s][info][gc,phases      ] GC(359)   Pre Evacuate Collection Set: 0.1ms
[51.248s][info][gc,phases      ] GC(359)   Merge Heap Roots: 0.1ms
[51.248s][info][gc,phases      ] GC(359)   Evacuate Collection Set: 2.6ms
[51.248s][info][gc,phases      ] GC(359)   Post Evacuate Collection Set: 0.8ms
[51.248s][info][gc,phases      ] GC(359)   Other: 0.1ms
[51.248s][info][gc,heap        ] GC(359) Eden regions: 183->0(211)
[51.248s][info][gc,heap        ] GC(359) Survivor regions: 6->6(24)
[51.248s][info][gc,heap        ] GC(359) Old regions: 137->137
[51.248s][info][gc,heap        ] GC(359) Archive regions: 0->0
[51.248s][info][gc,heap        ] GC(359) Humongous regions: 15->15
[51.248s][info][gc,metaspace   ] GC(359) Metaspace: 60628K(61504K)->60628K(61504K) NonClass: 53065K(53568K)->53065K(53568K) Class: 7562K(7936K)->7562K(7936K)
[51.248s][info][gc             ] GC(359) Pause Young (Normal) (G1 Evacuation Pause) 335M->151M(396M) 4.086ms
[51.248s][info][gc,cpu         ] GC(359) User=0.00s Sys=0.00s Real=0.00s
[51.325s][info][gc,start       ] GC(360) Pause Young (Normal) (G1 Evacuation Pause)
[51.325s][info][gc,task        ] GC(360) Using 9 workers of 33 for evacuation
[51.327s][info][gc,phases      ] GC(360)   Pre Evacuate Collection Set: 0.1ms
[51.327s][info][gc,phases      ] GC(360)   Merge Heap Roots: 0.1ms
[51.328s][info][gc,phases      ] GC(360)   Evacuate Collection Set: 1.9ms
[51.328s][info][gc,phases      ] GC(360)   Post Evacuate Collection Set: 0.4ms
[51.328s][info][gc,phases      ] GC(360)   Other: 0.1ms
[51.328s][info][gc,heap        ] GC(360) Eden regions: 211->0(211)
[51.328s][info][gc,heap        ] GC(360) Survivor regions: 6->6(28)
[51.328s][info][gc,heap        ] GC(360) Old regions: 137->137
[51.328s][info][gc,heap        ] GC(360) Archive regions: 0->0
[51.328s][info][gc,heap        ] GC(360) Humongous regions: 15->15
[51.328s][info][gc,metaspace   ] GC(360) Metaspace: 60628K(61504K)->60628K(61504K) NonClass: 53065K(53568K)->53065K(53568K) Class: 7562K(7936K)->7562K(7936K)
[51.328s][info][gc             ] GC(360) Pause Young (Normal) (G1 Evacuation Pause) 362M->151M(396M) 3.089ms
[51.328s][info][gc,cpu         ] GC(360) User=0.00s Sys=0.00s Real=0.00s
[51.399s][info][gc,start       ] GC(361) Pause Young (Normal) (G1 Evacuation Pause)
[51.399s][info][gc,task        ] GC(361) Using 9 workers of 33 for evacuation
[51.402s][info][gc,phases      ] GC(361)   Pre Evacuate Collection Set: 0.1ms
[51.402s][info][gc,phases      ] GC(361)   Merge Heap Roots: 0.1ms
[51.402s][info][gc,phases      ] GC(361)   Evacuate Collection Set: 2.0ms
[51.402s][info][gc,phases      ] GC(361)   Post Evacuate Collection Set: 0.4ms
[51.402s][info][gc,phases      ] GC(361)   Other: 0.1ms
[51.402s][info][gc,heap        ] GC(361) Eden regions: 211->0(211)
[51.402s][info][gc,heap        ] GC(361) Survivor regions: 6->6(28)
[51.402s][info][gc,heap        ] GC(361) Old regions: 137->137
[51.402s][info][gc,heap        ] GC(361) Archive regions: 0->0
[51.402s][info][gc,heap        ] GC(361) Humongous regions: 15->15
[51.402s][info][gc,metaspace   ] GC(361) Metaspace: 60628K(61504K)->60628K(61504K) NonClass: 53065K(53568K)->53065K(53568K) Class: 7562K(7936K)->7562K(7936K)
[51.403s][info][gc             ] GC(361) Pause Young (Normal) (G1 Evacuation Pause) 362M->151M(396M) 3.155ms
[51.403s][info][gc,cpu         ] GC(361) User=0.00s Sys=0.00s Real=0.00s
[51.537s][info][gc,start       ] GC(362) Pause Young (Normal) (G1 Evacuation Pause)
[51.537s][info][gc,task        ] GC(362) Using 9 workers of 33 for evacuation
[51.541s][info][gc,phases      ] GC(362)   Pre Evacuate Collection Set: 0.2ms
[51.541s][info][gc,phases      ] GC(362)   Merge Heap Roots: 0.1ms
[51.541s][info][gc,phases      ] GC(362)   Evacuate Collection Set: 3.0ms
[51.541s][info][gc,phases      ] GC(362)   Post Evacuate Collection Set: 0.6ms
[51.541s][info][gc,phases      ] GC(362)   Other: 0.2ms
[51.541s][info][gc,heap        ] GC(362) Eden regions: 211->0(213)
[51.541s][info][gc,heap        ] GC(362) Survivor regions: 6->5(28)
[51.541s][info][gc,heap        ] GC(362) Old regions: 137->137
[51.541s][info][gc,heap        ] GC(362) Archive regions: 0->0
[51.541s][info][gc,heap        ] GC(362) Humongous regions: 15->15
[51.541s][info][gc,metaspace   ] GC(362) Metaspace: 60628K(61504K)->60628K(61504K) NonClass: 53065K(53568K)->53065K(53568K) Class: 7562K(7936K)->7562K(7936K)
[51.541s][info][gc             ] GC(362) Pause Young (Normal) (G1 Evacuation Pause) 362M->151M(396M) 4.558ms
[51.541s][info][gc,cpu         ] GC(362) User=0.13s Sys=0.02s Real=0.00s
[51.695s][info][gc,start       ] GC(363) Pause Young (Normal) (G1 Evacuation Pause)
[51.695s][info][gc,task        ] GC(363) Using 9 workers of 33 for evacuation
[51.699s][info][gc,phases      ] GC(363)   Pre Evacuate Collection Set: 0.1ms
[51.699s][info][gc,phases      ] GC(363)   Merge Heap Roots: 0.1ms
[51.699s][info][gc,phases      ] GC(363)   Evacuate Collection Set: 3.0ms
[51.699s][info][gc,phases      ] GC(363)   Post Evacuate Collection Set: 0.4ms
[51.699s][info][gc,phases      ] GC(363)   Other: 0.2ms
[51.699s][info][gc,heap        ] GC(363) Eden regions: 213->0(211)
[51.699s][info][gc,heap        ] GC(363) Survivor regions: 5->6(28)
[51.699s][info][gc,heap        ] GC(363) Old regions: 137->137
[51.699s][info][gc,heap        ] GC(363) Archive regions: 0->0
[51.699s][info][gc,heap        ] GC(363) Humongous regions: 15->15
[51.699s][info][gc,metaspace   ] GC(363) Metaspace: 60628K(61504K)->60628K(61504K) NonClass: 53065K(53568K)->53065K(53568K) Class: 7562K(7936K)->7562K(7936K)
[51.699s][info][gc             ] GC(363) Pause Young (Normal) (G1 Evacuation Pause) 364M->151M(396M) 4.217ms
[51.699s][info][gc,cpu         ] GC(363) User=0.00s Sys=0.00s Real=0.00s
[51.850s][info][gc,start       ] GC(364) Pause Young (Normal) (G1 Evacuation Pause)
[51.850s][info][gc,task        ] GC(364) Using 9 workers of 33 for evacuation
[51.854s][info][gc,phases      ] GC(364)   Pre Evacuate Collection Set: 0.1ms
[51.854s][info][gc,phases      ] GC(364)   Merge Heap Roots: 0.1ms
[51.854s][info][gc,phases      ] GC(364)   Evacuate Collection Set: 3.1ms
[51.854s][info][gc,phases      ] GC(364)   Post Evacuate Collection Set: 0.4ms
[51.854s][info][gc,phases      ] GC(364)   Other: 0.1ms
[51.854s][info][gc,heap        ] GC(364) Eden regions: 211->0(211)
[51.854s][info][gc,heap        ] GC(364) Survivor regions: 6->6(28)
[51.854s][info][gc,heap        ] GC(364) Old regions: 137->137
[51.854s][info][gc,heap        ] GC(364) Archive regions: 0->0
[51.854s][info][gc,heap        ] GC(364) Humongous regions: 15->15
[51.854s][info][gc,metaspace   ] GC(364) Metaspace: 60628K(61504K)->60628K(61504K) NonClass: 53065K(53568K)->53065K(53568K) Class: 7562K(7936K)->7562K(7936K)
[51.854s][info][gc             ] GC(364) Pause Young (Normal) (G1 Evacuation Pause) 362M->151M(396M) 4.246ms
[51.855s][info][gc,cpu         ] GC(364) User=0.00s Sys=0.00s Real=0.00s
[51.988s][info][gc,start       ] GC(365) Pause Young (Normal) (G1 Evacuation Pause)
[51.988s][info][gc,task        ] GC(365) Using 9 workers of 33 for evacuation
[51.991s][info][gc,phases      ] GC(365)   Pre Evacuate Collection Set: 0.1ms
[51.991s][info][gc,phases      ] GC(365)   Merge Heap Roots: 0.1ms
[51.991s][info][gc,phases      ] GC(365)   Evacuate Collection Set: 2.9ms
[51.991s][info][gc,phases      ] GC(365)   Post Evacuate Collection Set: 0.4ms
[51.991s][info][gc,phases      ] GC(365)   Other: 0.1ms
[51.992s][info][gc,heap        ] GC(365) Eden regions: 211->0(211)
[51.992s][info][gc,heap        ] GC(365) Survivor regions: 6->6(28)
[51.992s][info][gc,heap        ] GC(365) Old regions: 137->137
[51.992s][info][gc,heap        ] GC(365) Archive regions: 0->0
[51.992s][info][gc,heap        ] GC(365) Humongous regions: 15->15
[51.992s][info][gc,metaspace   ] GC(365) Metaspace: 60628K(61504K)->60628K(61504K) NonClass: 53065K(53568K)->53065K(53568K) Class: 7562K(7936K)->7562K(7936K)
[51.992s][info][gc             ] GC(365) Pause Young (Normal) (G1 Evacuation Pause) 362M->151M(396M) 4.095ms
[51.992s][info][gc,cpu         ] GC(365) User=0.14s Sys=0.00s Real=0.00s
[52.054s][info][gc,start       ] GC(366) Pause Full (System.gc())
[52.054s][info][gc,task        ] GC(366) Using 9 workers of 33 for full compaction
[52.054s][info][gc,phases,start] GC(366) Phase 1: Mark live objects
[52.087s][info][gc,phases      ] GC(366) Phase 1: Mark live objects 32.693ms
[52.087s][info][gc,phases,start] GC(366) Phase 2: Prepare compaction
[52.091s][info][gc,phases      ] GC(366) Phase 2: Prepare compaction 4.082ms
[52.091s][info][gc,phases,start] GC(366) Phase 3: Adjust pointers
[52.098s][info][gc,phases      ] GC(366) Phase 3: Adjust pointers 6.567ms
[52.098s][info][gc,phases,start] GC(366) Phase 4: Compact heap
[52.098s][info][gc,phases      ] GC(366) Phase 4: Compact heap 0.426ms
[52.110s][info][gc,heap        ] GC(366) Eden regions: 62->0(214)
[52.110s][info][gc,heap        ] GC(366) Survivor regions: 6->0(28)
[52.110s][info][gc,heap        ] GC(366) Old regions: 137->98
[52.110s][info][gc,heap        ] GC(366) Archive regions: 0->0
[52.110s][info][gc,heap        ] GC(366) Humongous regions: 20->9
[52.110s][info][gc,metaspace   ] GC(366) Metaspace: 60646K(61504K)->60646K(61504K) NonClass: 53082K(53568K)->53082K(53568K) Class: 7563K(7936K)->7563K(7936K)
[52.110s][info][gc             ] GC(366) Pause Full (System.gc()) 217M->101M(357M) 56.576ms
[52.110s][info][gc,cpu         ] GC(366) User=0.42s Sys=0.00s Real=0.05s
[52.248s][info][gc,start       ] GC(367) Pause Young (Normal) (G1 Evacuation Pause)
[52.248s][info][gc,task        ] GC(367) Using 8 workers of 33 for evacuation
[52.253s][info][gc,phases      ] GC(367)   Pre Evacuate Collection Set: 0.2ms
[52.253s][info][gc,phases      ] GC(367)   Merge Heap Roots: 0.1ms
[52.253s][info][gc,phases      ] GC(367)   Evacuate Collection Set: 3.6ms
[52.253s][info][gc,phases      ] GC(367)   Post Evacuate Collection Set: 0.7ms
[52.253s][info][gc,phases      ] GC(367)   Other: 0.2ms
[52.253s][info][gc,heap        ] GC(367) Eden regions: 214->0(207)
[52.253s][info][gc,heap        ] GC(367) Survivor regions: 0->7(27)
[52.253s][info][gc,heap        ] GC(367) Old regions: 98->98
[52.253s][info][gc,heap        ] GC(367) Archive regions: 0->0
[52.254s][info][gc,heap        ] GC(367) Humongous regions: 19->9
[52.254s][info][gc,metaspace   ] GC(367) Metaspace: 60694K(61568K)->60694K(61568K) NonClass: 53130K(53632K)->53130K(53632K) Class: 7563K(7936K)->7563K(7936K)
[52.254s][info][gc             ] GC(367) Pause Young (Normal) (G1 Evacuation Pause) 325M->108M(357M) 5.275ms
[52.254s][info][gc,cpu         ] GC(367) User=0.13s Sys=0.00s Real=0.01s
[52.328s][info][gc,start       ] GC(368) Pause Young (Normal) (G1 Evacuation Pause)
[52.328s][info][gc,task        ] GC(368) Using 8 workers of 33 for evacuation
[52.335s][info][gc,phases      ] GC(368)   Pre Evacuate Collection Set: 0.1ms
[52.335s][info][gc,phases      ] GC(368)   Merge Heap Roots: 0.1ms
[52.335s][info][gc,phases      ] GC(368)   Evacuate Collection Set: 6.3ms
[52.335s][info][gc,phases      ] GC(368)   Post Evacuate Collection Set: 0.7ms
[52.335s][info][gc,phases      ] GC(368)   Other: 0.2ms
[52.335s][info][gc,heap        ] GC(368) Eden regions: 207->0(201)
[52.335s][info][gc,heap        ] GC(368) Survivor regions: 7->13(27)
[52.335s][info][gc,heap        ] GC(368) Old regions: 98->98
[52.336s][info][gc,heap        ] GC(368) Archive regions: 0->0
[52.336s][info][gc,heap        ] GC(368) Humongous regions: 10->10
[52.336s][info][gc,metaspace   ] GC(368) Metaspace: 60694K(61568K)->60694K(61568K) NonClass: 53130K(53632K)->53130K(53632K) Class: 7563K(7936K)->7563K(7936K)
[52.336s][info][gc             ] GC(368) Pause Young (Normal) (G1 Evacuation Pause) 316M->115M(357M) 7.885ms
[52.336s][info][gc,cpu         ] GC(368) User=0.13s Sys=0.00s Real=0.02s
[52.399s][info][gc,start       ] GC(369) Pause Young (Normal) (G1 Evacuation Pause)
[52.399s][info][gc,task        ] GC(369) Using 8 workers of 33 for evacuation
[52.415s][info][gc,phases      ] GC(369)   Pre Evacuate Collection Set: 0.1ms
[52.415s][info][gc,phases      ] GC(369)   Merge Heap Roots: 0.1ms
[52.415s][info][gc,phases      ] GC(369)   Evacuate Collection Set: 14.6ms
[52.415s][info][gc,phases      ] GC(369)   Post Evacuate Collection Set: 0.7ms
[52.415s][info][gc,phases      ] GC(369)   Other: 0.2ms
[52.415s][info][gc,heap        ] GC(369) Eden regions: 201->0(186)
[52.415s][info][gc,heap        ] GC(369) Survivor regions: 13->21(27)
[52.415s][info][gc,heap        ] GC(369) Old regions: 98->98
[52.415s][info][gc,heap        ] GC(369) Archive regions: 0->0
[52.415s][info][gc,heap        ] GC(369) Humongous regions: 12->12
[52.415s][info][gc,metaspace   ] GC(369) Metaspace: 60694K(61568K)->60694K(61568K) NonClass: 53130K(53632K)->53130K(53632K) Class: 7563K(7936K)->7563K(7936K)
[52.415s][info][gc             ] GC(369) Pause Young (Normal) (G1 Evacuation Pause) 318M->125M(357M) 16.152ms
[52.415s][info][gc,cpu         ] GC(369) User=0.13s Sys=0.00s Real=0.02s
[52.474s][info][gc,start       ] GC(370) Pause Young (Normal) (G1 Evacuation Pause)
[52.474s][info][gc,task        ] GC(370) Using 8 workers of 33 for evacuation
[52.489s][info][gc,phases      ] GC(370)   Pre Evacuate Collection Set: 0.1ms
[52.489s][info][gc,phases      ] GC(370)   Merge Heap Roots: 0.1ms
[52.489s][info][gc,phases      ] GC(370)   Evacuate Collection Set: 14.7ms
[52.489s][info][gc,phases      ] GC(370)   Post Evacuate Collection Set: 0.4ms
[52.489s][info][gc,phases      ] GC(370)   Other: 0.2ms
[52.489s][info][gc,heap        ] GC(370) Eden regions: 186->0(178)
[52.489s][info][gc,heap        ] GC(370) Survivor regions: 21->17(26)
[52.490s][info][gc,heap        ] GC(370) Old regions: 98->111
[52.490s][info][gc,heap        ] GC(370) Archive regions: 0->0
[52.490s][info][gc,heap        ] GC(370) Humongous regions: 15->15
[52.490s][info][gc,metaspace   ] GC(370) Metaspace: 60694K(61568K)->60694K(61568K) NonClass: 53130K(53632K)->53130K(53632K) Class: 7563K(7936K)->7563K(7936K)
[52.490s][info][gc             ] GC(370) Pause Young (Normal) (G1 Evacuation Pause) 314M->136M(357M) 15.917ms
[52.490s][info][gc,cpu         ] GC(370) User=0.13s Sys=0.00s Real=0.02s
[52.545s][info][gc,start       ] GC(371) Pause Young (Normal) (G1 Evacuation Pause)
[52.546s][info][gc,task        ] GC(371) Using 8 workers of 33 for evacuation
[52.558s][info][gc,phases      ] GC(371)   Pre Evacuate Collection Set: 0.1ms
[52.558s][info][gc,phases      ] GC(371)   Merge Heap Roots: 0.1ms
[52.558s][info][gc,phases      ] GC(371)   Evacuate Collection Set: 11.2ms
[52.558s][info][gc,phases      ] GC(371)   Post Evacuate Collection Set: 1.0ms
[52.558s][info][gc,phases      ] GC(371)   Other: 0.2ms
[52.558s][info][gc,heap        ] GC(371) Eden regions: 178->0(211)
[52.558s][info][gc,heap        ] GC(371) Survivor regions: 17->16(25)
[52.558s][info][gc,heap        ] GC(371) Old regions: 111->119
[52.558s][info][gc,heap        ] GC(371) Archive regions: 0->0
[52.558s][info][gc,heap        ] GC(371) Humongous regions: 15->15
[52.558s][info][gc,metaspace   ] GC(371) Metaspace: 60694K(61568K)->60694K(61568K) NonClass: 53130K(53632K)->53130K(53632K) Class: 7563K(7936K)->7563K(7936K)
[52.559s][info][gc             ] GC(371) Pause Young (Normal) (G1 Evacuation Pause) 314M->144M(398M) 13.059ms
[52.559s][info][gc,cpu         ] GC(371) User=0.13s Sys=0.00s Real=0.02s
[52.653s][info][gc,start       ] GC(372) Pause Young (Normal) (G1 Evacuation Pause)
[52.653s][info][gc,task        ] GC(372) Using 9 workers of 33 for evacuation
[52.664s][info][gc,phases      ] GC(372)   Pre Evacuate Collection Set: 0.2ms
[52.664s][info][gc,phases      ] GC(372)   Merge Heap Roots: 0.1ms
[52.664s][info][gc,phases      ] GC(372)   Evacuate Collection Set: 10.4ms
[52.664s][info][gc,phases      ] GC(372)   Post Evacuate Collection Set: 0.5ms
[52.664s][info][gc,phases      ] GC(372)   Other: 0.2ms
[52.665s][info][gc,heap        ] GC(372) Eden regions: 211->0(197)
[52.665s][info][gc,heap        ] GC(372) Survivor regions: 16->23(29)
[52.665s][info][gc,heap        ] GC(372) Old regions: 119->119
[52.665s][info][gc,heap        ] GC(372) Archive regions: 0->0
[52.665s][info][gc,heap        ] GC(372) Humongous regions: 15->15
[52.665s][info][gc,metaspace   ] GC(372) Metaspace: 60699K(61568K)->60699K(61568K) NonClass: 53136K(53632K)->53136K(53632K) Class: 7563K(7936K)->7563K(7936K)
[52.665s][info][gc             ] GC(372) Pause Young (Normal) (G1 Evacuation Pause) 355M->151M(398M) 11.940ms
[52.665s][info][gc,cpu         ] GC(372) User=0.00s Sys=0.00s Real=0.00s
[52.742s][info][gc,start       ] GC(373) Pause Young (Normal) (G1 Evacuation Pause)
[52.742s][info][gc,task        ] GC(373) Using 9 workers of 33 for evacuation
[52.751s][info][gc,phases      ] GC(373)   Pre Evacuate Collection Set: 0.1ms
[52.751s][info][gc,phases      ] GC(373)   Merge Heap Roots: 0.1ms
[52.751s][info][gc,phases      ] GC(373)   Evacuate Collection Set: 8.1ms
[52.751s][info][gc,phases      ] GC(373)   Post Evacuate Collection Set: 0.4ms
[52.751s][info][gc,phases      ] GC(373)   Other: 0.2ms
[52.751s][info][gc,heap        ] GC(373) Eden regions: 197->0(205)
[52.751s][info][gc,heap        ] GC(373) Survivor regions: 23->15(28)
[52.751s][info][gc,heap        ] GC(373) Old regions: 119->127
[52.751s][info][gc,heap        ] GC(373) Archive regions: 0->0
[52.751s][info][gc,heap        ] GC(373) Humongous regions: 15->15
[52.751s][info][gc,metaspace   ] GC(373) Metaspace: 60699K(61568K)->60699K(61568K) NonClass: 53136K(53632K)->53136K(53632K) Class: 7563K(7936K)->7563K(7936K)
[52.751s][info][gc             ] GC(373) Pause Young (Normal) (G1 Evacuation Pause) 348M->151M(398M) 9.356ms
[52.752s][info][gc,cpu         ] GC(373) User=0.14s Sys=0.00s Real=0.02s
[52.818s][info][gc,start       ] GC(374) Pause Young (Normal) (G1 Evacuation Pause)
[52.818s][info][gc,task        ] GC(374) Using 9 workers of 33 for evacuation
[52.824s][info][gc,phases      ] GC(374)   Pre Evacuate Collection Set: 0.1ms
[52.824s][info][gc,phases      ] GC(374)   Merge Heap Roots: 0.1ms
[52.824s][info][gc,phases      ] GC(374)   Evacuate Collection Set: 5.1ms
[52.824s][info][gc,phases      ] GC(374)   Post Evacuate Collection Set: 0.4ms
[52.825s][info][gc,phases      ] GC(374)   Other: 0.2ms
[52.825s][info][gc,heap        ] GC(374) Eden regions: 205->0(205)
[52.825s][info][gc,heap        ] GC(374) Survivor regions: 15->15(28)
[52.825s][info][gc,heap        ] GC(374) Old regions: 127->127
[52.825s][info][gc,heap        ] GC(374) Archive regions: 0->0
[52.825s][info][gc,heap        ] GC(374) Humongous regions: 15->15
[52.825s][info][gc,metaspace   ] GC(374) Metaspace: 60699K(61568K)->60699K(61568K) NonClass: 53136K(53632K)->53136K(53632K) Class: 7563K(7936K)->7563K(7936K)
[52.825s][info][gc             ] GC(374) Pause Young (Normal) (G1 Evacuation Pause) 356M->151M(398M) 6.407ms
[52.825s][info][gc,cpu         ] GC(374) User=0.14s Sys=0.00s Real=0.02s
[52.892s][info][gc,start       ] GC(375) Pause Young (Normal) (G1 Evacuation Pause)
[52.892s][info][gc,task        ] GC(375) Using 9 workers of 33 for evacuation
[52.898s][info][gc,phases      ] GC(375)   Pre Evacuate Collection Set: 0.1ms
[52.899s][info][gc,phases      ] GC(375)   Merge Heap Roots: 0.1ms
[52.899s][info][gc,phases      ] GC(375)   Evacuate Collection Set: 5.2ms
[52.899s][info][gc,phases      ] GC(375)   Post Evacuate Collection Set: 0.6ms
[52.899s][info][gc,phases      ] GC(375)   Other: 0.1ms
[52.899s][info][gc,heap        ] GC(375) Eden regions: 205->0(217)
[52.899s][info][gc,heap        ] GC(375) Survivor regions: 15->15(28)
[52.899s][info][gc,heap        ] GC(375) Old regions: 127->127
[52.899s][info][gc,heap        ] GC(375) Archive regions: 0->0
[52.899s][info][gc,heap        ] GC(375) Humongous regions: 15->15
[52.899s][info][gc,metaspace   ] GC(375) Metaspace: 60699K(61568K)->60699K(61568K) NonClass: 53136K(53632K)->53136K(53632K) Class: 7563K(7936K)->7563K(7936K)
[52.899s][info][gc             ] GC(375) Pause Young (Normal) (G1 Evacuation Pause) 356M->151M(411M) 6.625ms
[52.899s][info][gc,cpu         ] GC(375) User=0.00s Sys=0.00s Real=0.00s
[53.038s][info][gc,start       ] GC(376) Pause Young (Normal) (G1 Evacuation Pause)
[53.038s][info][gc,task        ] GC(376) Using 9 workers of 33 for evacuation
[53.046s][info][gc,phases      ] GC(376)   Pre Evacuate Collection Set: 0.1ms
[53.046s][info][gc,phases      ] GC(376)   Merge Heap Roots: 0.1ms
[53.046s][info][gc,phases      ] GC(376)   Evacuate Collection Set: 6.6ms
[53.046s][info][gc,phases      ] GC(376)   Post Evacuate Collection Set: 0.6ms
[53.046s][info][gc,phases      ] GC(376)   Other: 0.2ms
[53.046s][info][gc,heap        ] GC(376) Eden regions: 217->0(217)
[53.046s][info][gc,heap        ] GC(376) Survivor regions: 15->15(29)
[53.046s][info][gc,heap        ] GC(376) Old regions: 127->127
[53.046s][info][gc,heap        ] GC(376) Archive regions: 0->0
[53.046s][info][gc,heap        ] GC(376) Humongous regions: 15->15
[53.046s][info][gc,metaspace   ] GC(376) Metaspace: 60699K(61568K)->60699K(61568K) NonClass: 53136K(53632K)->53136K(53632K) Class: 7563K(7936K)->7563K(7936K)
[53.046s][info][gc             ] GC(376) Pause Young (Normal) (G1 Evacuation Pause) 368M->151M(411M) 8.111ms
[53.046s][info][gc,cpu         ] GC(376) User=0.00s Sys=0.00s Real=0.00s
[53.201s][info][gc,start       ] GC(377) Pause Young (Normal) (G1 Evacuation Pause)
[53.201s][info][gc,task        ] GC(377) Using 9 workers of 33 for evacuation
[53.208s][info][gc,phases      ] GC(377)   Pre Evacuate Collection Set: 0.1ms
[53.208s][info][gc,phases      ] GC(377)   Merge Heap Roots: 0.1ms
[53.208s][info][gc,phases      ] GC(377)   Evacuate Collection Set: 6.5ms
[53.208s][info][gc,phases      ] GC(377)   Post Evacuate Collection Set: 0.4ms
[53.208s][info][gc,phases      ] GC(377)   Other: 0.2ms
[53.208s][info][gc,heap        ] GC(377) Eden regions: 217->0(217)
[53.208s][info][gc,heap        ] GC(377) Survivor regions: 15->15(29)
[53.208s][info][gc,heap        ] GC(377) Old regions: 127->127
[53.208s][info][gc,heap        ] GC(377) Archive regions: 0->0
[53.208s][info][gc,heap        ] GC(377) Humongous regions: 15->15
[53.208s][info][gc,metaspace   ] GC(377) Metaspace: 60699K(61568K)->60699K(61568K) NonClass: 53136K(53632K)->53136K(53632K) Class: 7563K(7936K)->7563K(7936K)
[53.208s][info][gc             ] GC(377) Pause Young (Normal) (G1 Evacuation Pause) 368M->150M(411M) 7.830ms
[53.208s][info][gc,cpu         ] GC(377) User=0.00s Sys=0.00s Real=0.00s
[53.345s][info][gc,start       ] GC(378) Pause Young (Normal) (G1 Evacuation Pause)
[53.345s][info][gc,task        ] GC(378) Using 9 workers of 33 for evacuation
[53.352s][info][gc,phases      ] GC(378)   Pre Evacuate Collection Set: 0.1ms
[53.352s][info][gc,phases      ] GC(378)   Merge Heap Roots: 0.1ms
[53.353s][info][gc,phases      ] GC(378)   Evacuate Collection Set: 6.6ms
[53.353s][info][gc,phases      ] GC(378)   Post Evacuate Collection Set: 0.4ms
[53.353s][info][gc,phases      ] GC(378)   Other: 0.2ms
[53.353s][info][gc,heap        ] GC(378) Eden regions: 217->0(217)
[53.353s][info][gc,heap        ] GC(378) Survivor regions: 15->15(29)
[53.353s][info][gc,heap        ] GC(378) Old regions: 127->127
[53.353s][info][gc,heap        ] GC(378) Archive regions: 0->0
[53.353s][info][gc,heap        ] GC(378) Humongous regions: 15->15
[53.353s][info][gc,metaspace   ] GC(378) Metaspace: 60699K(61568K)->60699K(61568K) NonClass: 53136K(53632K)->53136K(53632K) Class: 7563K(7936K)->7563K(7936K)
[53.353s][info][gc             ] GC(378) Pause Young (Normal) (G1 Evacuation Pause) 367M->151M(411M) 7.843ms
[53.353s][info][gc,cpu         ] GC(378) User=0.00s Sys=0.00s Real=0.00s
[53.490s][info][gc,start       ] GC(379) Pause Young (Normal) (G1 Evacuation Pause)
[53.490s][info][gc,task        ] GC(379) Using 9 workers of 33 for evacuation
[53.497s][info][gc,phases      ] GC(379)   Pre Evacuate Collection Set: 0.1ms
[53.497s][info][gc,phases      ] GC(379)   Merge Heap Roots: 0.1ms
[53.497s][info][gc,phases      ] GC(379)   Evacuate Collection Set: 6.5ms
[53.497s][info][gc,phases      ] GC(379)   Post Evacuate Collection Set: 0.4ms
[53.497s][info][gc,phases      ] GC(379)   Other: 0.1ms
[53.497s][info][gc,heap        ] GC(379) Eden regions: 217->0(217)
[53.497s][info][gc,heap        ] GC(379) Survivor regions: 15->15(29)
[53.497s][info][gc,heap        ] GC(379) Old regions: 127->127
[53.497s][info][gc,heap        ] GC(379) Archive regions: 0->0
[53.497s][info][gc,heap        ] GC(379) Humongous regions: 15->15
[53.497s][info][gc,metaspace   ] GC(379) Metaspace: 60699K(61568K)->60699K(61568K) NonClass: 53136K(53632K)->53136K(53632K) Class: 7563K(7936K)->7563K(7936K)
[53.497s][info][gc             ] GC(379) Pause Young (Normal) (G1 Evacuation Pause) 368M->151M(411M) 7.721ms
[53.498s][info][gc,cpu         ] GC(379) User=0.00s Sys=0.00s Real=0.00s
[53.638s][info][gc,start       ] GC(380) Pause Full (System.gc())
[53.638s][info][gc,task        ] GC(380) Using 9 workers of 33 for full compaction
[53.638s][info][gc,phases,start] GC(380) Phase 1: Mark live objects
[53.670s][info][gc,phases      ] GC(380) Phase 1: Mark live objects 31.397ms
[53.670s][info][gc,phases,start] GC(380) Phase 2: Prepare compaction
[53.674s][info][gc,phases      ] GC(380) Phase 2: Prepare compaction 4.571ms
[53.674s][info][gc,phases,start] GC(380) Phase 3: Adjust pointers
[53.681s][info][gc,phases      ] GC(380) Phase 3: Adjust pointers 6.825ms
[53.681s][info][gc,phases,start] GC(380) Phase 4: Compact heap
[53.682s][info][gc,phases      ] GC(380) Phase 4: Compact heap 0.540ms
[53.694s][info][gc,heap        ] GC(380) Eden regions: 188->0(214)
[53.694s][info][gc,heap        ] GC(380) Survivor regions: 15->0(29)
[53.694s][info][gc,heap        ] GC(380) Old regions: 127->98
[53.694s][info][gc,heap        ] GC(380) Archive regions: 0->0
[53.694s][info][gc,heap        ] GC(380) Humongous regions: 20->9
[53.694s][info][gc,metaspace   ] GC(380) Metaspace: 60708K(61568K)->60708K(61568K) NonClass: 53145K(53632K)->53145K(53632K) Class: 7563K(7936K)->7563K(7936K)
[53.694s][info][gc             ] GC(380) Pause Full (System.gc()) 344M->101M(357M) 56.596ms
[53.694s][info][gc,cpu         ] GC(380) User=0.44s Sys=0.00s Real=0.06s
[53.837s][info][gc,start       ] GC(381) Pause Young (Normal) (G1 Evacuation Pause)
[53.837s][info][gc,task        ] GC(381) Using 8 workers of 33 for evacuation
[53.842s][info][gc,phases      ] GC(381)   Pre Evacuate Collection Set: 0.2ms
[53.842s][info][gc,phases      ] GC(381)   Merge Heap Roots: 0.1ms
[53.842s][info][gc,phases      ] GC(381)   Evacuate Collection Set: 3.9ms
[53.842s][info][gc,phases      ] GC(381)   Post Evacuate Collection Set: 0.7ms
[53.843s][info][gc,phases      ] GC(381)   Other: 0.2ms
[53.843s][info][gc,heap        ] GC(381) Eden regions: 214->0(207)
[53.843s][info][gc,heap        ] GC(381) Survivor regions: 0->7(27)
[53.843s][info][gc,heap        ] GC(381) Old regions: 98->98
[53.843s][info][gc,heap        ] GC(381) Archive regions: 0->0
[53.843s][info][gc,heap        ] GC(381) Humongous regions: 19->9
[53.843s][info][gc,metaspace   ] GC(381) Metaspace: 60718K(61568K)->60718K(61568K) NonClass: 53155K(53632K)->53155K(53632K) Class: 7563K(7936K)->7563K(7936K)
[53.843s][info][gc             ] GC(381) Pause Young (Normal) (G1 Evacuation Pause) 325M->108M(357M) 5.575ms
[53.843s][info][gc,cpu         ] GC(381) User=0.00s Sys=0.00s Real=0.00s
[53.910s][info][gc,start       ] GC(382) Pause Young (Normal) (G1 Evacuation Pause)
[53.910s][info][gc,task        ] GC(382) Using 8 workers of 33 for evacuation
[53.920s][info][gc,phases      ] GC(382)   Pre Evacuate Collection Set: 0.1ms
[53.920s][info][gc,phases      ] GC(382)   Merge Heap Roots: 0.1ms
[53.920s][info][gc,phases      ] GC(382)   Evacuate Collection Set: 9.3ms
[53.920s][info][gc,phases      ] GC(382)   Post Evacuate Collection Set: 0.7ms
[53.920s][info][gc,phases      ] GC(382)   Other: 0.2ms
[53.920s][info][gc,heap        ] GC(382) Eden regions: 207->0(198)
[53.920s][info][gc,heap        ] GC(382) Survivor regions: 7->15(27)
[53.920s][info][gc,heap        ] GC(382) Old regions: 98->98
[53.921s][info][gc,heap        ] GC(382) Archive regions: 0->0
[53.921s][info][gc,heap        ] GC(382) Humongous regions: 12->12
[53.921s][info][gc,metaspace   ] GC(382) Metaspace: 60718K(61568K)->60718K(61568K) NonClass: 53155K(53632K)->53155K(53632K) Class: 7563K(7936K)->7563K(7936K)
[53.921s][info][gc             ] GC(382) Pause Young (Normal) (G1 Evacuation Pause) 318M->119M(357M) 10.987ms
[53.921s][info][gc,cpu         ] GC(382) User=0.14s Sys=0.00s Real=0.01s
[53.982s][info][gc,start       ] GC(383) Pause Young (Normal) (G1 Evacuation Pause)
[53.982s][info][gc,task        ] GC(383) Using 8 workers of 33 for evacuation
[53.995s][info][gc,phases      ] GC(383)   Pre Evacuate Collection Set: 0.1ms
[53.995s][info][gc,phases      ] GC(383)   Merge Heap Roots: 0.1ms
[53.995s][info][gc,phases      ] GC(383)   Evacuate Collection Set: 12.5ms
[53.995s][info][gc,phases      ] GC(383)   Post Evacuate Collection Set: 0.6ms
[53.995s][info][gc,phases      ] GC(383)   Other: 0.2ms
[53.995s][info][gc,heap        ] GC(383) Eden regions: 198->0(182)
[53.995s][info][gc,heap        ] GC(383) Survivor regions: 15->23(27)
[53.995s][info][gc,heap        ] GC(383) Old regions: 98->98
[53.996s][info][gc,heap        ] GC(383) Archive regions: 0->0
[53.996s][info][gc,heap        ] GC(383) Humongous regions: 12->12
[53.996s][info][gc,metaspace   ] GC(383) Metaspace: 60718K(61568K)->60718K(61568K) NonClass: 53155K(53632K)->53155K(53632K) Class: 7563K(7936K)->7563K(7936K)
[53.996s][info][gc             ] GC(383) Pause Young (Normal) (G1 Evacuation Pause) 317M->127M(357M) 13.935ms
[53.996s][info][gc,cpu         ] GC(383) User=0.13s Sys=0.00s Real=0.02s
[54.065s][info][gc,start       ] GC(384) Pause Young (Normal) (G1 Evacuation Pause)
[54.065s][info][gc,task        ] GC(384) Using 8 workers of 33 for evacuation
[54.084s][info][gc,phases      ] GC(384)   Pre Evacuate Collection Set: 0.1ms
[54.084s][info][gc,phases      ] GC(384)   Merge Heap Roots: 0.1ms
[54.084s][info][gc,phases      ] GC(384)   Evacuate Collection Set: 17.2ms
[54.084s][info][gc,phases      ] GC(384)   Post Evacuate Collection Set: 0.9ms
[54.084s][info][gc,phases      ] GC(384)   Other: 0.2ms
[54.084s][info][gc,heap        ] GC(384) Eden regions: 182->0(205)
[54.084s][info][gc,heap        ] GC(384) Survivor regions: 23->18(26)
[54.084s][info][gc,heap        ] GC(384) Old regions: 98->112
[54.084s][info][gc,heap        ] GC(384) Archive regions: 0->0
[54.084s][info][gc,heap        ] GC(384) Humongous regions: 15->15
[54.084s][info][gc,metaspace   ] GC(384) Metaspace: 60718K(61568K)->60718K(61568K) NonClass: 53155K(53632K)->53155K(53632K) Class: 7563K(7936K)->7563K(7936K)
[54.084s][info][gc             ] GC(384) Pause Young (Normal) (G1 Evacuation Pause) 312M->139M(388M) 18.989ms
[54.084s][info][gc,cpu         ] GC(384) User=0.13s Sys=0.00s Real=0.02s
[54.160s][info][gc,start       ] GC(385) Pause Young (Normal) (G1 Evacuation Pause)
[54.160s][info][gc,task        ] GC(385) Using 9 workers of 33 for evacuation
[54.174s][info][gc,phases      ] GC(385)   Pre Evacuate Collection Set: 0.1ms
[54.174s][info][gc,phases      ] GC(385)   Merge Heap Roots: 0.1ms
[54.174s][info][gc,phases      ] GC(385)   Evacuate Collection Set: 12.9ms
[54.174s][info][gc,phases      ] GC(385)   Post Evacuate Collection Set: 0.4ms
[54.174s][info][gc,phases      ] GC(385)   Other: 0.2ms
[54.174s][info][gc,heap        ] GC(385) Eden regions: 205->0(194)
[54.174s][info][gc,heap        ] GC(385) Survivor regions: 18->19(28)
[54.174s][info][gc,heap        ] GC(385) Old regions: 112->121
[54.174s][info][gc,heap        ] GC(385) Archive regions: 0->0
[54.174s][info][gc,heap        ] GC(385) Humongous regions: 15->15
[54.174s][info][gc,metaspace   ] GC(385) Metaspace: 60718K(61568K)->60718K(61568K) NonClass: 53155K(53632K)->53155K(53632K) Class: 7563K(7936K)->7563K(7936K)
[54.174s][info][gc             ] GC(385) Pause Young (Normal) (G1 Evacuation Pause) 344M->149M(388M) 14.152ms
[54.174s][info][gc,cpu         ] GC(385) User=0.14s Sys=0.00s Real=0.01s
[54.240s][info][gc,start       ] GC(386) Pause Young (Normal) (G1 Evacuation Pause)
[54.240s][info][gc,task        ] GC(386) Using 9 workers of 33 for evacuation
[54.249s][info][gc,phases      ] GC(386)   Pre Evacuate Collection Set: 0.1ms
[54.249s][info][gc,phases      ] GC(386)   Merge Heap Roots: 0.1ms
[54.249s][info][gc,phases      ] GC(386)   Evacuate Collection Set: 8.1ms
[54.249s][info][gc,phases      ] GC(386)   Post Evacuate Collection Set: 0.4ms
[54.249s][info][gc,phases      ] GC(386)   Other: 0.2ms
[54.249s][info][gc,heap        ] GC(386) Eden regions: 194->0(199)
[54.249s][info][gc,heap        ] GC(386) Survivor regions: 19->12(27)
[54.249s][info][gc,heap        ] GC(386) Old regions: 121->130
[54.249s][info][gc,heap        ] GC(386) Archive regions: 0->0
[54.249s][info][gc,heap        ] GC(386) Humongous regions: 15->15
[54.249s][info][gc,metaspace   ] GC(386) Metaspace: 60720K(61568K)->60720K(61568K) NonClass: 53156K(53632K)->53156K(53632K) Class: 7563K(7936K)->7563K(7936K)
[54.249s][info][gc             ] GC(386) Pause Young (Normal) (G1 Evacuation Pause) 343M->151M(388M) 9.341ms
[54.249s][info][gc,cpu         ] GC(386) User=0.14s Sys=0.00s Real=0.02s
[54.317s][info][gc,start       ] GC(387) Pause Young (Normal) (G1 Evacuation Pause)
[54.317s][info][gc,task        ] GC(387) Using 9 workers of 33 for evacuation
[54.323s][info][gc,phases      ] GC(387)   Pre Evacuate Collection Set: 0.1ms
[54.323s][info][gc,phases      ] GC(387)   Merge Heap Roots: 0.1ms
[54.323s][info][gc,phases      ] GC(387)   Evacuate Collection Set: 5.1ms
[54.323s][info][gc,phases      ] GC(387)   Post Evacuate Collection Set: 0.4ms
[54.323s][info][gc,phases      ] GC(387)   Other: 0.2ms
[54.323s][info][gc,heap        ] GC(387) Eden regions: 199->0(199)
[54.323s][info][gc,heap        ] GC(387) Survivor regions: 12->12(27)
[54.323s][info][gc,heap        ] GC(387) Old regions: 130->130
[54.323s][info][gc,heap        ] GC(387) Archive regions: 0->0
[54.323s][info][gc,heap        ] GC(387) Humongous regions: 15->15
[54.323s][info][gc,metaspace   ] GC(387) Metaspace: 60720K(61568K)->60720K(61568K) NonClass: 53156K(53632K)->53156K(53632K) Class: 7563K(7936K)->7563K(7936K)
[54.323s][info][gc             ] GC(387) Pause Young (Normal) (G1 Evacuation Pause) 350M->151M(388M) 6.335ms
[54.323s][info][gc,cpu         ] GC(387) User=0.14s Sys=0.00s Real=0.02s
[54.389s][info][gc,start       ] GC(388) Pause Young (Normal) (G1 Evacuation Pause)
[54.389s][info][gc,task        ] GC(388) Using 9 workers of 33 for evacuation
[54.395s][info][gc,phases      ] GC(388)   Pre Evacuate Collection Set: 0.1ms
[54.395s][info][gc,phases      ] GC(388)   Merge Heap Roots: 0.1ms
[54.395s][info][gc,phases      ] GC(388)   Evacuate Collection Set: 5.1ms
[54.395s][info][gc,phases      ] GC(388)   Post Evacuate Collection Set: 0.7ms
[54.395s][info][gc,phases      ] GC(388)   Other: 0.1ms
[54.395s][info][gc,heap        ] GC(388) Eden regions: 199->0(219)
[54.396s][info][gc,heap        ] GC(388) Survivor regions: 12->12(27)
[54.396s][info][gc,heap        ] GC(388) Old regions: 130->130
[54.396s][info][gc,heap        ] GC(388) Archive regions: 0->0
[54.396s][info][gc,heap        ] GC(388) Humongous regions: 15->15
[54.396s][info][gc,metaspace   ] GC(388) Metaspace: 60720K(61568K)->60720K(61568K) NonClass: 53156K(53632K)->53156K(53632K) Class: 7563K(7936K)->7563K(7936K)
[54.396s][info][gc             ] GC(388) Pause Young (Normal) (G1 Evacuation Pause) 350M->151M(409M) 6.635ms
[54.396s][info][gc,cpu         ] GC(388) User=0.00s Sys=0.00s Real=0.01s
[54.473s][info][gc,start       ] GC(389) Pause Young (Normal) (G1 Evacuation Pause)
[54.473s][info][gc,task        ] GC(389) Using 9 workers of 33 for evacuation
[54.478s][info][gc,phases      ] GC(389)   Pre Evacuate Collection Set: 0.1ms
[54.478s][info][gc,phases      ] GC(389)   Merge Heap Roots: 0.1ms
[54.478s][info][gc,phases      ] GC(389)   Evacuate Collection Set: 4.6ms
[54.478s][info][gc,phases      ] GC(389)   Post Evacuate Collection Set: 0.4ms
[54.478s][info][gc,phases      ] GC(389)   Other: 0.2ms
[54.478s][info][gc,heap        ] GC(389) Eden regions: 219->0(219)
[54.478s][info][gc,heap        ] GC(389) Survivor regions: 12->12(29)
[54.478s][info][gc,heap        ] GC(389) Old regions: 130->130
[54.478s][info][gc,heap        ] GC(389) Archive regions: 0->0
[54.478s][info][gc,heap        ] GC(389) Humongous regions: 15->15
[54.478s][info][gc,metaspace   ] GC(389) Metaspace: 60720K(61568K)->60720K(61568K) NonClass: 53156K(53632K)->53156K(53632K) Class: 7563K(7936K)->7563K(7936K)
[54.478s][info][gc             ] GC(389) Pause Young (Normal) (G1 Evacuation Pause) 370M->151M(409M) 5.779ms
[54.479s][info][gc,cpu         ] GC(389) User=0.00s Sys=0.00s Real=0.00s
[54.570s][info][gc,start       ] GC(390) Pause Young (Normal) (G1 Evacuation Pause)
[54.570s][info][gc,task        ] GC(390) Using 9 workers of 33 for evacuation
[54.576s][info][gc,phases      ] GC(390)   Pre Evacuate Collection Set: 0.1ms
[54.576s][info][gc,phases      ] GC(390)   Merge Heap Roots: 0.1ms
[54.576s][info][gc,phases      ] GC(390)   Evacuate Collection Set: 5.0ms
[54.576s][info][gc,phases      ] GC(390)   Post Evacuate Collection Set: 0.6ms
[54.576s][info][gc,phases      ] GC(390)   Other: 0.1ms
[54.576s][info][gc,heap        ] GC(390) Eden regions: 219->0(219)
[54.576s][info][gc,heap        ] GC(390) Survivor regions: 12->12(29)
[54.576s][info][gc,heap        ] GC(390) Old regions: 130->130
[54.576s][info][gc,heap        ] GC(390) Archive regions: 0->0
[54.576s][info][gc,heap        ] GC(390) Humongous regions: 15->15
[54.576s][info][gc,metaspace   ] GC(390) Metaspace: 60734K(61568K)->60734K(61568K) NonClass: 53171K(53632K)->53171K(53632K) Class: 7563K(7936K)->7563K(7936K)
[54.576s][info][gc             ] GC(390) Pause Young (Normal) (G1 Evacuation Pause) 370M->151M(409M) 6.416ms
[54.576s][info][gc,cpu         ] GC(390) User=0.02s Sys=0.00s Real=0.02s
[54.714s][info][gc,start       ] GC(391) Pause Young (Normal) (G1 Evacuation Pause)
[54.714s][info][gc,task        ] GC(391) Using 9 workers of 33 for evacuation
[54.720s][info][gc,phases      ] GC(391)   Pre Evacuate Collection Set: 0.1ms
[54.720s][info][gc,phases      ] GC(391)   Merge Heap Roots: 0.1ms
[54.720s][info][gc,phases      ] GC(391)   Evacuate Collection Set: 5.1ms
[54.720s][info][gc,phases      ] GC(391)   Post Evacuate Collection Set: 0.4ms
[54.720s][info][gc,phases      ] GC(391)   Other: 0.2ms
[54.720s][info][gc,heap        ] GC(391) Eden regions: 219->0(219)
[54.720s][info][gc,heap        ] GC(391) Survivor regions: 12->12(29)
[54.720s][info][gc,heap        ] GC(391) Old regions: 130->130
[54.720s][info][gc,heap        ] GC(391) Archive regions: 0->0
[54.720s][info][gc,heap        ] GC(391) Humongous regions: 15->15
[54.720s][info][gc,metaspace   ] GC(391) Metaspace: 60734K(61568K)->60734K(61568K) NonClass: 53171K(53632K)->53171K(53632K) Class: 7563K(7936K)->7563K(7936K)
[54.720s][info][gc             ] GC(391) Pause Young (Normal) (G1 Evacuation Pause) 370M->151M(409M) 6.354ms
[54.720s][info][gc,cpu         ] GC(391) User=0.14s Sys=0.00s Real=0.02s
[54.860s][info][gc,start       ] GC(392) Pause Young (Normal) (G1 Evacuation Pause)
[54.860s][info][gc,task        ] GC(392) Using 9 workers of 33 for evacuation
[54.866s][info][gc,phases      ] GC(392)   Pre Evacuate Collection Set: 0.1ms
[54.866s][info][gc,phases      ] GC(392)   Merge Heap Roots: 0.1ms
[54.866s][info][gc,phases      ] GC(392)   Evacuate Collection Set: 5.0ms
[54.866s][info][gc,phases      ] GC(392)   Post Evacuate Collection Set: 0.4ms
[54.866s][info][gc,phases      ] GC(392)   Other: 0.2ms
[54.866s][info][gc,heap        ] GC(392) Eden regions: 219->0(221)
[54.866s][info][gc,heap        ] GC(392) Survivor regions: 12->11(29)
[54.866s][info][gc,heap        ] GC(392) Old regions: 130->130
[54.866s][info][gc,heap        ] GC(392) Archive regions: 0->0
[54.866s][info][gc,heap        ] GC(392) Humongous regions: 15->15
[54.866s][info][gc,metaspace   ] GC(392) Metaspace: 60734K(61568K)->60734K(61568K) NonClass: 53171K(53632K)->53171K(53632K) Class: 7563K(7936K)->7563K(7936K)
[54.866s][info][gc             ] GC(392) Pause Young (Normal) (G1 Evacuation Pause) 370M->150M(409M) 6.274ms
[54.866s][info][gc,cpu         ] GC(392) User=0.00s Sys=0.00s Real=0.00s
[55.021s][info][gc,start       ] GC(393) Pause Young (Normal) (G1 Evacuation Pause)
[55.021s][info][gc,task        ] GC(393) Using 9 workers of 33 for evacuation
[55.027s][info][gc,phases      ] GC(393)   Pre Evacuate Collection Set: 0.1ms
[55.027s][info][gc,phases      ] GC(393)   Merge Heap Roots: 0.1ms
[55.027s][info][gc,phases      ] GC(393)   Evacuate Collection Set: 5.0ms
[55.027s][info][gc,phases      ] GC(393)   Post Evacuate Collection Set: 0.4ms
[55.027s][info][gc,phases      ] GC(393)   Other: 0.1ms
[55.027s][info][gc,heap        ] GC(393) Eden regions: 221->0(219)
[55.027s][info][gc,heap        ] GC(393) Survivor regions: 11->12(29)
[55.027s][info][gc,heap        ] GC(393) Old regions: 130->130
[55.027s][info][gc,heap        ] GC(393) Archive regions: 0->0
[55.027s][info][gc,heap        ] GC(393) Humongous regions: 15->15
[55.027s][info][gc,metaspace   ] GC(393) Metaspace: 60734K(61568K)->60734K(61568K) NonClass: 53171K(53632K)->53171K(53632K) Class: 7563K(7936K)->7563K(7936K)
[55.027s][info][gc             ] GC(393) Pause Young (Normal) (G1 Evacuation Pause) 371M->151M(409M) 6.235ms
[55.027s][info][gc,cpu         ] GC(393) User=0.00s Sys=0.00s Real=0.00s
[55.171s][info][gc,start       ] GC(394) Pause Full (System.gc())
[55.172s][info][gc,task        ] GC(394) Using 9 workers of 33 for full compaction
[55.172s][info][gc,phases,start] GC(394) Phase 1: Mark live objects
[55.204s][info][gc,phases      ] GC(394) Phase 1: Mark live objects 32.171ms
[55.204s][info][gc,phases,start] GC(394) Phase 2: Prepare compaction
[55.209s][info][gc,phases      ] GC(394) Phase 2: Prepare compaction 4.816ms
[55.209s][info][gc,phases,start] GC(394) Phase 3: Adjust pointers
[55.216s][info][gc,phases      ] GC(394) Phase 3: Adjust pointers 6.794ms
[55.216s][info][gc,phases,start] GC(394) Phase 4: Compact heap
[55.217s][info][gc,phases      ] GC(394) Phase 4: Compact heap 0.579ms
[55.228s][info][gc,heap        ] GC(394) Eden regions: 166->0(214)
[55.229s][info][gc,heap        ] GC(394) Survivor regions: 12->0(29)
[55.229s][info][gc,heap        ] GC(394) Old regions: 130->98
[55.229s][info][gc,heap        ] GC(394) Archive regions: 0->0
[55.229s][info][gc,heap        ] GC(394) Humongous regions: 20->9
[55.229s][info][gc,metaspace   ] GC(394) Metaspace: 60742K(61632K)->60742K(61632K) NonClass: 53178K(53696K)->53178K(53696K) Class: 7563K(7936K)->7563K(7936K)
[55.229s][info][gc             ] GC(394) Pause Full (System.gc()) 321M->102M(357M) 57.249ms
[55.229s][info][gc,cpu         ] GC(394) User=0.44s Sys=0.00s Real=0.06s
[55.373s][info][gc,start       ] GC(395) Pause Young (Normal) (G1 Evacuation Pause)
[55.373s][info][gc,task        ] GC(395) Using 8 workers of 33 for evacuation
[55.378s][info][gc,phases      ] GC(395)   Pre Evacuate Collection Set: 0.2ms
[55.378s][info][gc,phases      ] GC(395)   Merge Heap Roots: 0.1ms
[55.378s][info][gc,phases      ] GC(395)   Evacuate Collection Set: 3.7ms
[55.378s][info][gc,phases      ] GC(395)   Post Evacuate Collection Set: 0.7ms
[55.378s][info][gc,phases      ] GC(395)   Other: 0.2ms
[55.378s][info][gc,heap        ] GC(395) Eden regions: 214->0(206)
[55.378s][info][gc,heap        ] GC(395) Survivor regions: 0->8(27)
[55.378s][info][gc,heap        ] GC(395) Old regions: 98->98
[55.378s][info][gc,heap        ] GC(395) Archive regions: 0->0
[55.378s][info][gc,heap        ] GC(395) Humongous regions: 19->9
[55.378s][info][gc,metaspace   ] GC(395) Metaspace: 60779K(61696K)->60779K(61696K) NonClass: 53213K(53696K)->53213K(53696K) Class: 7566K(8000K)->7566K(8000K)
[55.378s][info][gc             ] GC(395) Pause Young (Normal) (G1 Evacuation Pause) 326M->109M(357M) 5.328ms
[55.378s][info][gc,cpu         ] GC(395) User=0.00s Sys=0.00s Real=0.00s
[55.452s][info][gc,start       ] GC(396) Pause Young (Normal) (G1 Evacuation Pause)
[55.452s][info][gc,task        ] GC(396) Using 8 workers of 33 for evacuation
[55.461s][info][gc,phases      ] GC(396)   Pre Evacuate Collection Set: 0.1ms
[55.461s][info][gc,phases      ] GC(396)   Merge Heap Roots: 0.1ms
[55.461s][info][gc,phases      ] GC(396)   Evacuate Collection Set: 7.9ms
[55.461s][info][gc,phases      ] GC(396)   Post Evacuate Collection Set: 0.7ms
[55.461s][info][gc,phases      ] GC(396)   Other: 0.2ms
[55.461s][info][gc,heap        ] GC(396) Eden regions: 206->0(200)
[55.461s][info][gc,heap        ] GC(396) Survivor regions: 8->14(27)
[55.461s][info][gc,heap        ] GC(396) Old regions: 98->98
[55.461s][info][gc,heap        ] GC(396) Archive regions: 0->0
[55.461s][info][gc,heap        ] GC(396) Humongous regions: 12->12
[55.461s][info][gc,metaspace   ] GC(396) Metaspace: 60783K(61696K)->60783K(61696K) NonClass: 53217K(53696K)->53217K(53696K) Class: 7566K(8000K)->7566K(8000K)
[55.461s][info][gc             ] GC(396) Pause Young (Normal) (G1 Evacuation Pause) 318M->118M(357M) 9.421ms
[55.461s][info][gc,cpu         ] GC(396) User=0.13s Sys=0.00s Real=0.02s
[55.532s][info][gc,start       ] GC(397) Pause Young (Normal) (G1 Evacuation Pause)
[55.532s][info][gc,task        ] GC(397) Using 8 workers of 33 for evacuation
[55.543s][info][gc,phases      ] GC(397)   Pre Evacuate Collection Set: 0.1ms
[55.543s][info][gc,phases      ] GC(397)   Merge Heap Roots: 0.1ms
[55.543s][info][gc,phases      ] GC(397)   Evacuate Collection Set: 10.2ms
[55.543s][info][gc,phases      ] GC(397)   Post Evacuate Collection Set: 0.6ms
[55.543s][info][gc,phases      ] GC(397)   Other: 0.2ms
[55.543s][info][gc,heap        ] GC(397) Eden regions: 200->0(186)
[55.543s][info][gc,heap        ] GC(397) Survivor regions: 14->21(27)
[55.543s][info][gc,heap        ] GC(397) Old regions: 98->98
[55.543s][info][gc,heap        ] GC(397) Archive regions: 0->0
[55.544s][info][gc,heap        ] GC(397) Humongous regions: 12->12
[55.544s][info][gc,metaspace   ] GC(397) Metaspace: 60783K(61696K)->60783K(61696K) NonClass: 53217K(53696K)->53217K(53696K) Class: 7566K(8000K)->7566K(8000K)
[55.544s][info][gc             ] GC(397) Pause Young (Normal) (G1 Evacuation Pause) 318M->125M(357M) 11.565ms
[55.544s][info][gc,cpu         ] GC(397) User=0.13s Sys=0.00s Real=0.02s
[55.604s][info][gc,start       ] GC(398) Pause Young (Normal) (G1 Evacuation Pause)
[55.604s][info][gc,task        ] GC(398) Using 8 workers of 33 for evacuation
[55.620s][info][gc,phases      ] GC(398)   Pre Evacuate Collection Set: 0.1ms
[55.620s][info][gc,phases      ] GC(398)   Merge Heap Roots: 0.1ms
[55.620s][info][gc,phases      ] GC(398)   Evacuate Collection Set: 14.5ms
[55.620s][info][gc,phases      ] GC(398)   Post Evacuate Collection Set: 0.7ms
[55.620s][info][gc,phases      ] GC(398)   Other: 0.1ms
[55.620s][info][gc,heap        ] GC(398) Eden regions: 186->0(208)
[55.620s][info][gc,heap        ] GC(398) Survivor regions: 21->16(26)
[55.620s][info][gc,heap        ] GC(398) Old regions: 98->112
[55.620s][info][gc,heap        ] GC(398) Archive regions: 0->0
[55.620s][info][gc,heap        ] GC(398) Humongous regions: 15->15
[55.620s][info][gc,metaspace   ] GC(398) Metaspace: 60783K(61696K)->60783K(61696K) NonClass: 53217K(53696K)->53217K(53696K) Class: 7566K(8000K)->7566K(8000K)
[55.620s][info][gc             ] GC(398) Pause Young (Normal) (G1 Evacuation Pause) 314M->136M(387M) 15.899ms
[55.620s][info][gc,cpu         ] GC(398) User=0.00s Sys=0.00s Real=0.00s
[55.691s][info][gc,start       ] GC(399) Pause Young (Normal) (G1 Evacuation Pause)
[55.708s][info][gc,task        ] GC(399) Using 9 workers of 33 for evacuation
[55.721s][info][gc,phases      ] GC(399)   Pre Evacuate Collection Set: 0.1ms
[55.721s][info][gc,phases      ] GC(399)   Merge Heap Roots: 0.1ms
[55.721s][info][gc,phases      ] GC(399)   Evacuate Collection Set: 12.0ms
[55.721s][info][gc,phases      ] GC(399)   Post Evacuate Collection Set: 0.4ms
[55.721s][info][gc,phases      ] GC(399)   Other: 0.2ms
[55.721s][info][gc,heap        ] GC(399) Eden regions: 208->0(192)
[55.721s][info][gc,heap        ] GC(399) Survivor regions: 16->24(28)
[55.721s][info][gc,heap        ] GC(399) Old regions: 112->112
[55.722s][info][gc,heap        ] GC(399) Archive regions: 0->0
[55.722s][info][gc,heap        ] GC(399) Humongous regions: 15->15
[55.722s][info][gc,metaspace   ] GC(399) Metaspace: 60783K(61696K)->60783K(61696K) NonClass: 53217K(53696K)->53217K(53696K) Class: 7566K(8000K)->7566K(8000K)
[55.722s][info][gc             ] GC(399) Pause Young (Normal) (G1 Evacuation Pause) 344M->145M(387M) 30.471ms
[55.722s][info][gc,cpu         ] GC(399) User=0.14s Sys=0.00s Real=0.03s
[55.788s][info][gc,start       ] GC(400) Pause Young (Normal) (G1 Evacuation Pause)
[55.788s][info][gc,task        ] GC(400) Using 9 workers of 33 for evacuation
[55.801s][info][gc,phases      ] GC(400)   Pre Evacuate Collection Set: 0.1ms
[55.801s][info][gc,phases      ] GC(400)   Merge Heap Roots: 0.1ms
[55.801s][info][gc,phases      ] GC(400)   Evacuate Collection Set: 12.0ms
[55.801s][info][gc,phases      ] GC(400)   Post Evacuate Collection Set: 0.4ms
[55.801s][info][gc,phases      ] GC(400)   Other: 0.2ms
[55.801s][info][gc,heap        ] GC(400) Eden regions: 192->0(196)
[55.801s][info][gc,heap        ] GC(400) Survivor regions: 24->15(27)
[55.801s][info][gc,heap        ] GC(400) Old regions: 112->126
[55.801s][info][gc,heap        ] GC(400) Archive regions: 0->0
[55.801s][info][gc,heap        ] GC(400) Humongous regions: 15->15
[55.801s][info][gc,metaspace   ] GC(400) Metaspace: 60786K(61760K)->60786K(61760K) NonClass: 53220K(53760K)->53220K(53760K) Class: 7566K(8000K)->7566K(8000K)
[55.802s][info][gc             ] GC(400) Pause Young (Normal) (G1 Evacuation Pause) 337M->150M(387M) 13.248ms
[55.802s][info][gc,cpu         ] GC(400) User=0.14s Sys=0.00s Real=0.02s
[55.872s][info][gc,start       ] GC(401) Pause Young (Normal) (G1 Evacuation Pause)
[55.872s][info][gc,task        ] GC(401) Using 9 workers of 33 for evacuation
[55.879s][info][gc,phases      ] GC(401)   Pre Evacuate Collection Set: 0.1ms
[55.879s][info][gc,phases      ] GC(401)   Merge Heap Roots: 0.1ms
[55.879s][info][gc,phases      ] GC(401)   Evacuate Collection Set: 6.3ms
[55.879s][info][gc,phases      ] GC(401)   Post Evacuate Collection Set: 0.4ms
[55.879s][info][gc,phases      ] GC(401)   Other: 0.2ms
[55.879s][info][gc,heap        ] GC(401) Eden regions: 196->0(196)
[55.879s][info][gc,heap        ] GC(401) Survivor regions: 15->15(27)
[55.879s][info][gc,heap        ] GC(401) Old regions: 126->126
[55.879s][info][gc,heap        ] GC(401) Archive regions: 0->0
[55.879s][info][gc,heap        ] GC(401) Humongous regions: 15->15
[55.879s][info][gc,metaspace   ] GC(401) Metaspace: 60786K(61760K)->60786K(61760K) NonClass: 53220K(53760K)->53220K(53760K) Class: 7566K(8000K)->7566K(8000K)
[55.879s][info][gc             ] GC(401) Pause Young (Normal) (G1 Evacuation Pause) 346M->150M(387M) 7.513ms
[55.879s][info][gc,cpu         ] GC(401) User=0.00s Sys=0.00s Real=0.00s
[55.951s][info][gc,start       ] GC(402) Pause Young (Normal) (G1 Evacuation Pause)
[55.952s][info][gc,task        ] GC(402) Using 9 workers of 33 for evacuation
[55.958s][info][gc,phases      ] GC(402)   Pre Evacuate Collection Set: 0.1ms
[55.958s][info][gc,phases      ] GC(402)   Merge Heap Roots: 0.1ms
[55.958s][info][gc,phases      ] GC(402)   Evacuate Collection Set: 5.1ms
[55.958s][info][gc,phases      ] GC(402)   Post Evacuate Collection Set: 0.7ms
[55.958s][info][gc,phases      ] GC(402)   Other: 0.1ms
[55.958s][info][gc,heap        ] GC(402) Eden regions: 196->0(217)
[55.958s][info][gc,heap        ] GC(402) Survivor regions: 15->15(27)
[55.958s][info][gc,heap        ] GC(402) Old regions: 126->126
[55.958s][info][gc,heap        ] GC(402) Archive regions: 0->0
[55.958s][info][gc,heap        ] GC(402) Humongous regions: 15->15
[55.958s][info][gc,metaspace   ] GC(402) Metaspace: 60786K(61760K)->60786K(61760K) NonClass: 53220K(53760K)->53220K(53760K) Class: 7566K(8000K)->7566K(8000K)
[55.958s][info][gc             ] GC(402) Pause Young (Normal) (G1 Evacuation Pause) 346M->150M(409M) 6.672ms
[55.958s][info][gc,cpu         ] GC(402) User=0.00s Sys=0.00s Real=0.00s
[56.034s][info][gc,start       ] GC(403) Pause Young (Normal) (G1 Evacuation Pause)
[56.034s][info][gc,task        ] GC(403) Using 9 workers of 33 for evacuation
[56.040s][info][gc,phases      ] GC(403)   Pre Evacuate Collection Set: 0.1ms
[56.040s][info][gc,phases      ] GC(403)   Merge Heap Roots: 0.1ms
[56.040s][info][gc,phases      ] GC(403)   Evacuate Collection Set: 5.1ms
[56.040s][info][gc,phases      ] GC(403)   Post Evacuate Collection Set: 0.4ms
[56.040s][info][gc,phases      ] GC(403)   Other: 0.1ms
[56.040s][info][gc,heap        ] GC(403) Eden regions: 217->0(217)
[56.040s][info][gc,heap        ] GC(403) Survivor regions: 15->15(29)
[56.040s][info][gc,heap        ] GC(403) Old regions: 126->126
[56.040s][info][gc,heap        ] GC(403) Archive regions: 0->0
[56.040s][info][gc,heap        ] GC(403) Humongous regions: 15->15
[56.040s][info][gc,metaspace   ] GC(403) Metaspace: 60786K(61760K)->60786K(61760K) NonClass: 53220K(53760K)->53220K(53760K) Class: 7566K(8000K)->7566K(8000K)
[56.040s][info][gc             ] GC(403) Pause Young (Normal) (G1 Evacuation Pause) 367M->150M(409M) 6.255ms
[56.040s][info][gc,cpu         ] GC(403) User=0.00s Sys=0.00s Real=0.00s
[56.174s][info][gc,start       ] GC(404) Pause Young (Normal) (G1 Evacuation Pause)
[56.174s][info][gc,task        ] GC(404) Using 9 workers of 33 for evacuation
[56.181s][info][gc,phases      ] GC(404)   Pre Evacuate Collection Set: 0.1ms
[56.181s][info][gc,phases      ] GC(404)   Merge Heap Roots: 0.1ms
[56.181s][info][gc,phases      ] GC(404)   Evacuate Collection Set: 6.6ms
[56.182s][info][gc,phases      ] GC(404)   Post Evacuate Collection Set: 0.6ms
[56.182s][info][gc,phases      ] GC(404)   Other: 0.2ms
[56.182s][info][gc,heap        ] GC(404) Eden regions: 217->0(217)
[56.182s][info][gc,heap        ] GC(404) Survivor regions: 15->15(29)
[56.182s][info][gc,heap        ] GC(404) Old regions: 126->126
[56.182s][info][gc,heap        ] GC(404) Archive regions: 0->0
[56.182s][info][gc,heap        ] GC(404) Humongous regions: 15->15
[56.182s][info][gc,metaspace   ] GC(404) Metaspace: 60786K(61760K)->60786K(61760K) NonClass: 53220K(53760K)->53220K(53760K) Class: 7566K(8000K)->7566K(8000K)
[56.182s][info][gc             ] GC(404) Pause Young (Normal) (G1 Evacuation Pause) 367M->150M(409M) 8.004ms
[56.182s][info][gc,cpu         ] GC(404) User=0.00s Sys=0.00s Real=0.00s
[56.320s][info][gc,start       ] GC(405) Pause Young (Normal) (G1 Evacuation Pause)
[56.320s][info][gc,task        ] GC(405) Using 9 workers of 33 for evacuation
[56.328s][info][gc,phases      ] GC(405)   Pre Evacuate Collection Set: 0.1ms
[56.328s][info][gc,phases      ] GC(405)   Merge Heap Roots: 0.1ms
[56.328s][info][gc,phases      ] GC(405)   Evacuate Collection Set: 6.6ms
[56.328s][info][gc,phases      ] GC(405)   Post Evacuate Collection Set: 0.4ms
[56.328s][info][gc,phases      ] GC(405)   Other: 0.2ms
[56.328s][info][gc,heap        ] GC(405) Eden regions: 217->0(217)
[56.328s][info][gc,heap        ] GC(405) Survivor regions: 15->15(29)
[56.328s][info][gc,heap        ] GC(405) Old regions: 126->126
[56.328s][info][gc,heap        ] GC(405) Archive regions: 0->0
[56.328s][info][gc,heap        ] GC(405) Humongous regions: 15->15
[56.328s][info][gc,metaspace   ] GC(405) Metaspace: 60786K(61760K)->60786K(61760K) NonClass: 53220K(53760K)->53220K(53760K) Class: 7566K(8000K)->7566K(8000K)
[56.328s][info][gc             ] GC(405) Pause Young (Normal) (G1 Evacuation Pause) 367M->150M(409M) 7.893ms
[56.328s][info][gc,cpu         ] GC(405) User=0.00s Sys=0.00s Real=0.00s
[56.465s][info][gc,start       ] GC(406) Pause Young (Normal) (G1 Evacuation Pause)
[56.465s][info][gc,task        ] GC(406) Using 9 workers of 33 for evacuation
[56.473s][info][gc,phases      ] GC(406)   Pre Evacuate Collection Set: 0.1ms
[56.473s][info][gc,phases      ] GC(406)   Merge Heap Roots: 0.1ms
[56.473s][info][gc,phases      ] GC(406)   Evacuate Collection Set: 6.5ms
[56.473s][info][gc,phases      ] GC(406)   Post Evacuate Collection Set: 0.4ms
[56.473s][info][gc,phases      ] GC(406)   Other: 0.2ms
[56.473s][info][gc,heap        ] GC(406) Eden regions: 217->0(217)
[56.473s][info][gc,heap        ] GC(406) Survivor regions: 15->15(29)
[56.473s][info][gc,heap        ] GC(406) Old regions: 126->126
[56.473s][info][gc,heap        ] GC(406) Archive regions: 0->0
[56.473s][info][gc,heap        ] GC(406) Humongous regions: 15->15
[56.473s][info][gc,metaspace   ] GC(406) Metaspace: 60786K(61760K)->60786K(61760K) NonClass: 53220K(53760K)->53220K(53760K) Class: 7566K(8000K)->7566K(8000K)
[56.473s][info][gc             ] GC(406) Pause Young (Normal) (G1 Evacuation Pause) 367M->150M(409M) 7.747ms
[56.473s][info][gc,cpu         ] GC(406) User=0.14s Sys=0.00s Real=0.02s
[56.629s][info][gc,start       ] GC(407) Pause Young (Normal) (G1 Evacuation Pause)
[56.630s][info][gc,task        ] GC(407) Using 9 workers of 33 for evacuation
[56.637s][info][gc,phases      ] GC(407)   Pre Evacuate Collection Set: 0.1ms
[56.637s][info][gc,phases      ] GC(407)   Merge Heap Roots: 0.1ms
[56.637s][info][gc,phases      ] GC(407)   Evacuate Collection Set: 6.5ms
[56.637s][info][gc,phases      ] GC(407)   Post Evacuate Collection Set: 0.4ms
[56.637s][info][gc,phases      ] GC(407)   Other: 0.2ms
[56.637s][info][gc,heap        ] GC(407) Eden regions: 217->0(217)
[56.637s][info][gc,heap        ] GC(407) Survivor regions: 15->15(29)
[56.637s][info][gc,heap        ] GC(407) Old regions: 126->126
[56.637s][info][gc,heap        ] GC(407) Archive regions: 0->0
[56.637s][info][gc,heap        ] GC(407) Humongous regions: 15->15
[56.637s][info][gc,metaspace   ] GC(407) Metaspace: 60786K(61760K)->60786K(61760K) NonClass: 53220K(53760K)->53220K(53760K) Class: 7566K(8000K)->7566K(8000K)
[56.637s][info][gc             ] GC(407) Pause Young (Normal) (G1 Evacuation Pause) 367M->150M(409M) 7.748ms
[56.637s][info][gc,cpu         ] GC(407) User=0.00s Sys=0.00s Real=0.00s
[56.791s][info][gc,start       ] GC(408) Pause Full (System.gc())
[56.791s][info][gc,task        ] GC(408) Using 9 workers of 33 for full compaction
[56.791s][info][gc,phases,start] GC(408) Phase 1: Mark live objects
[56.822s][info][gc,phases      ] GC(408) Phase 1: Mark live objects 30.989ms
[56.822s][info][gc,phases,start] GC(408) Phase 2: Prepare compaction
[56.827s][info][gc,phases      ] GC(408) Phase 2: Prepare compaction 4.739ms
[56.827s][info][gc,phases,start] GC(408) Phase 3: Adjust pointers
[56.834s][info][gc,phases      ] GC(408) Phase 3: Adjust pointers 6.850ms
[56.834s][info][gc,phases,start] GC(408) Phase 4: Compact heap
[56.835s][info][gc,phases      ] GC(408) Phase 4: Compact heap 0.761ms
[56.843s][info][gc,heap        ] GC(408) Eden regions: 179->0(214)
[56.843s][info][gc,heap        ] GC(408) Survivor regions: 15->0(29)
[56.843s][info][gc,heap        ] GC(408) Old regions: 126->98
[56.843s][info][gc,heap        ] GC(408) Archive regions: 0->0
[56.843s][info][gc,heap        ] GC(408) Humongous regions: 20->9
[56.843s][info][gc,metaspace   ] GC(408) Metaspace: 60830K(61760K)->60830K(61760K) NonClass: 53263K(53760K)->53263K(53760K) Class: 7567K(8000K)->7567K(8000K)
[56.843s][info][gc             ] GC(408) Pause Full (System.gc()) 334M->102M(357M) 52.823ms
[56.843s][info][gc,cpu         ] GC(408) User=0.30s Sys=0.00s Real=0.05s
[56.981s][info][gc,start       ] GC(409) Pause Young (Normal) (G1 Evacuation Pause)
[56.981s][info][gc,task        ] GC(409) Using 8 workers of 33 for evacuation
[56.986s][info][gc,phases      ] GC(409)   Pre Evacuate Collection Set: 0.2ms
[56.986s][info][gc,phases      ] GC(409)   Merge Heap Roots: 0.1ms
[56.986s][info][gc,phases      ] GC(409)   Evacuate Collection Set: 3.8ms
[56.986s][info][gc,phases      ] GC(409)   Post Evacuate Collection Set: 0.7ms
[56.986s][info][gc,phases      ] GC(409)   Other: 0.2ms
[56.986s][info][gc,heap        ] GC(409) Eden regions: 214->0(207)
[56.986s][info][gc,heap        ] GC(409) Survivor regions: 0->7(27)
[56.986s][info][gc,heap        ] GC(409) Old regions: 98->98
[56.986s][info][gc,heap        ] GC(409) Archive regions: 0->0
[56.986s][info][gc,heap        ] GC(409) Humongous regions: 19->9
[56.986s][info][gc,metaspace   ] GC(409) Metaspace: 60833K(61760K)->60833K(61760K) NonClass: 53266K(53760K)->53266K(53760K) Class: 7567K(8000K)->7567K(8000K)
[56.987s][info][gc             ] GC(409) Pause Young (Normal) (G1 Evacuation Pause) 326M->108M(357M) 5.451ms
[56.987s][info][gc,cpu         ] GC(409) User=0.00s Sys=0.00s Real=0.00s
[57.054s][info][gc,start       ] GC(410) Pause Young (Normal) (G1 Evacuation Pause)
[57.054s][info][gc,task        ] GC(410) Using 8 workers of 33 for evacuation
[57.064s][info][gc,phases      ] GC(410)   Pre Evacuate Collection Set: 0.1ms
[57.064s][info][gc,phases      ] GC(410)   Merge Heap Roots: 0.1ms
[57.064s][info][gc,phases      ] GC(410)   Evacuate Collection Set: 9.2ms
[57.064s][info][gc,phases      ] GC(410)   Post Evacuate Collection Set: 0.7ms
[57.064s][info][gc,phases      ] GC(410)   Other: 0.2ms
[57.064s][info][gc,heap        ] GC(410) Eden regions: 207->0(200)
[57.064s][info][gc,heap        ] GC(410) Survivor regions: 7->14(27)
[57.064s][info][gc,heap        ] GC(410) Old regions: 98->98
[57.064s][info][gc,heap        ] GC(410) Archive regions: 0->0
[57.064s][info][gc,heap        ] GC(410) Humongous regions: 12->12
[57.064s][info][gc,metaspace   ] GC(410) Metaspace: 60833K(61760K)->60833K(61760K) NonClass: 53266K(53760K)->53266K(53760K) Class: 7567K(8000K)->7567K(8000K)
[57.064s][info][gc             ] GC(410) Pause Young (Normal) (G1 Evacuation Pause) 318M->119M(357M) 10.738ms
[57.064s][info][gc,cpu         ] GC(410) User=0.13s Sys=0.00s Real=0.02s
[57.127s][info][gc,start       ] GC(411) Pause Young (Normal) (G1 Evacuation Pause)
[57.127s][info][gc,task        ] GC(411) Using 8 workers of 33 for evacuation
[57.139s][info][gc,phases      ] GC(411)   Pre Evacuate Collection Set: 0.1ms
[57.139s][info][gc,phases      ] GC(411)   Merge Heap Roots: 0.1ms
[57.139s][info][gc,phases      ] GC(411)   Evacuate Collection Set: 11.6ms
[57.139s][info][gc,phases      ] GC(411)   Post Evacuate Collection Set: 0.6ms
[57.139s][info][gc,phases      ] GC(411)   Other: 0.2ms
[57.139s][info][gc,heap        ] GC(411) Eden regions: 200->0(182)
[57.139s][info][gc,heap        ] GC(411) Survivor regions: 14->23(27)
[57.139s][info][gc,heap        ] GC(411) Old regions: 98->98
[57.139s][info][gc,heap        ] GC(411) Archive regions: 0->0
[57.140s][info][gc,heap        ] GC(411) Humongous regions: 12->12
[57.140s][info][gc,metaspace   ] GC(411) Metaspace: 60833K(61760K)->60833K(61760K) NonClass: 53266K(53760K)->53266K(53760K) Class: 7567K(8000K)->7567K(8000K)
[57.140s][info][gc             ] GC(411) Pause Young (Normal) (G1 Evacuation Pause) 319M->128M(357M) 13.060ms
[57.140s][info][gc,cpu         ] GC(411) User=0.13s Sys=0.00s Real=0.01s
[57.198s][info][gc,start       ] GC(412) Pause Young (Normal) (G1 Evacuation Pause)
[57.198s][info][gc,task        ] GC(412) Using 8 workers of 33 for evacuation
[57.217s][info][gc,phases      ] GC(412)   Pre Evacuate Collection Set: 0.1ms
[57.217s][info][gc,phases      ] GC(412)   Merge Heap Roots: 0.1ms
[57.217s][info][gc,phases      ] GC(412)   Evacuate Collection Set: 18.4ms
[57.217s][info][gc,phases      ] GC(412)   Post Evacuate Collection Set: 0.9ms
[57.217s][info][gc,phases      ] GC(412)   Other: 0.2ms
[57.218s][info][gc,heap        ] GC(412) Eden regions: 182->0(207)
[57.218s][info][gc,heap        ] GC(412) Survivor regions: 23->17(26)
[57.218s][info][gc,heap        ] GC(412) Old regions: 98->112
[57.218s][info][gc,heap        ] GC(412) Archive regions: 0->0
[57.218s][info][gc,heap        ] GC(412) Humongous regions: 15->15
[57.218s][info][gc,metaspace   ] GC(412) Metaspace: 60833K(61760K)->60833K(61760K) NonClass: 53266K(53760K)->53266K(53760K) Class: 7567K(8000K)->7567K(8000K)
[57.218s][info][gc             ] GC(412) Pause Young (Normal) (G1 Evacuation Pause) 313M->138M(388M) 20.157ms
[57.218s][info][gc,cpu         ] GC(412) User=0.13s Sys=0.00s Real=0.02s
[57.289s][info][gc,start       ] GC(413) Pause Young (Normal) (G1 Evacuation Pause)
[57.289s][info][gc,task        ] GC(413) Using 9 workers of 33 for evacuation
[57.303s][info][gc,phases      ] GC(413)   Pre Evacuate Collection Set: 0.1ms
[57.303s][info][gc,phases      ] GC(413)   Merge Heap Roots: 0.1ms
[57.303s][info][gc,phases      ] GC(413)   Evacuate Collection Set: 12.4ms
[57.303s][info][gc,phases      ] GC(413)   Post Evacuate Collection Set: 0.4ms
[57.303s][info][gc,phases      ] GC(413)   Other: 0.2ms
[57.303s][info][gc,heap        ] GC(413) Eden regions: 207->0(200)
[57.303s][info][gc,heap        ] GC(413) Survivor regions: 17->16(28)
[57.303s][info][gc,heap        ] GC(413) Old regions: 112->121
[57.303s][info][gc,heap        ] GC(413) Archive regions: 0->0
[57.303s][info][gc,heap        ] GC(413) Humongous regions: 15->15
[57.303s][info][gc,metaspace   ] GC(413) Metaspace: 60833K(61760K)->60833K(61760K) NonClass: 53266K(53760K)->53266K(53760K) Class: 7567K(8000K)->7567K(8000K)
[57.303s][info][gc             ] GC(413) Pause Young (Normal) (G1 Evacuation Pause) 345M->146M(388M) 13.653ms
[57.303s][info][gc,cpu         ] GC(413) User=0.14s Sys=0.00s Real=0.02s
[57.373s][info][gc,start       ] GC(414) Pause Young (Normal) (G1 Evacuation Pause)
[57.373s][info][gc,task        ] GC(414) Using 9 workers of 33 for evacuation
[57.383s][info][gc,phases      ] GC(414)   Pre Evacuate Collection Set: 0.1ms
[57.383s][info][gc,phases      ] GC(414)   Merge Heap Roots: 0.1ms
[57.383s][info][gc,phases      ] GC(414)   Evacuate Collection Set: 8.7ms
[57.383s][info][gc,phases      ] GC(414)   Post Evacuate Collection Set: 0.4ms
[57.383s][info][gc,phases      ] GC(414)   Other: 0.2ms
[57.383s][info][gc,heap        ] GC(414) Eden regions: 200->0(196)
[57.383s][info][gc,heap        ] GC(414) Survivor regions: 16->14(27)
[57.383s][info][gc,heap        ] GC(414) Old regions: 121->129
[57.383s][info][gc,heap        ] GC(414) Archive regions: 0->0
[57.383s][info][gc,heap        ] GC(414) Humongous regions: 15->15
[57.383s][info][gc,metaspace   ] GC(414) Metaspace: 60833K(61760K)->60833K(61760K) NonClass: 53266K(53760K)->53266K(53760K) Class: 7567K(8000K)->7567K(8000K)
[57.383s][info][gc             ] GC(414) Pause Young (Normal) (G1 Evacuation Pause) 346M->152M(388M) 9.942ms
[57.383s][info][gc,cpu         ] GC(414) User=0.00s Sys=0.00s Real=0.00s
[57.448s][info][gc,start       ] GC(415) Pause Young (Normal) (G1 Evacuation Pause)
[57.448s][info][gc,task        ] GC(415) Using 9 workers of 33 for evacuation
[57.454s][info][gc,phases      ] GC(415)   Pre Evacuate Collection Set: 0.1ms
[57.454s][info][gc,phases      ] GC(415)   Merge Heap Roots: 0.1ms
[57.454s][info][gc,phases      ] GC(415)   Evacuate Collection Set: 5.3ms
[57.454s][info][gc,phases      ] GC(415)   Post Evacuate Collection Set: 0.4ms
[57.454s][info][gc,phases      ] GC(415)   Other: 0.2ms
[57.454s][info][gc,heap        ] GC(415) Eden regions: 196->0(198)
[57.454s][info][gc,heap        ] GC(415) Survivor regions: 14->13(27)
[57.454s][info][gc,heap        ] GC(415) Old regions: 129->129
[57.454s][info][gc,heap        ] GC(415) Archive regions: 0->0
[57.454s][info][gc,heap        ] GC(415) Humongous regions: 15->15
[57.454s][info][gc,metaspace   ] GC(415) Metaspace: 60833K(61760K)->60833K(61760K) NonClass: 53266K(53760K)->53266K(53760K) Class: 7567K(8000K)->7567K(8000K)
[57.454s][info][gc             ] GC(415) Pause Young (Normal) (G1 Evacuation Pause) 348M->151M(388M) 6.480ms
[57.454s][info][gc,cpu         ] GC(415) User=0.14s Sys=0.00s Real=0.02s
[57.521s][info][gc,start       ] GC(416) Pause Young (Normal) (G1 Evacuation Pause)
[57.521s][info][gc,task        ] GC(416) Using 9 workers of 33 for evacuation
[57.527s][info][gc,phases      ] GC(416)   Pre Evacuate Collection Set: 0.1ms
[57.527s][info][gc,phases      ] GC(416)   Merge Heap Roots: 0.1ms
[57.527s][info][gc,phases      ] GC(416)   Evacuate Collection Set: 4.9ms
[57.527s][info][gc,phases      ] GC(416)   Post Evacuate Collection Set: 0.7ms
[57.527s][info][gc,phases      ] GC(416)   Other: 0.1ms
[57.527s][info][gc,heap        ] GC(416) Eden regions: 198->0(219)
[57.527s][info][gc,heap        ] GC(416) Survivor regions: 13->14(27)
[57.527s][info][gc,heap        ] GC(416) Old regions: 129->129
[57.527s][info][gc,heap        ] GC(416) Archive regions: 0->0
[57.527s][info][gc,heap        ] GC(416) Humongous regions: 15->15
[57.527s][info][gc,metaspace   ] GC(416) Metaspace: 60833K(61760K)->60833K(61760K) NonClass: 53266K(53760K)->53266K(53760K) Class: 7567K(8000K)->7567K(8000K)
[57.527s][info][gc             ] GC(416) Pause Young (Normal) (G1 Evacuation Pause) 349M->152M(413M) 6.440ms
[57.527s][info][gc,cpu         ] GC(416) User=0.00s Sys=0.00s Real=0.00s
[57.620s][info][gc,start       ] GC(417) Pause Young (Normal) (G1 Evacuation Pause)
[57.620s][info][gc,task        ] GC(417) Using 9 workers of 33 for evacuation
[57.626s][info][gc,phases      ] GC(417)   Pre Evacuate Collection Set: 0.1ms
[57.626s][info][gc,phases      ] GC(417)   Merge Heap Roots: 0.1ms
[57.626s][info][gc,phases      ] GC(417)   Evacuate Collection Set: 4.9ms
[57.626s][info][gc,phases      ] GC(417)   Post Evacuate Collection Set: 0.4ms
[57.626s][info][gc,phases      ] GC(417)   Other: 0.2ms
[57.626s][info][gc,heap        ] GC(417) Eden regions: 219->0(221)
[57.626s][info][gc,heap        ] GC(417) Survivor regions: 14->13(30)
[57.626s][info][gc,heap        ] GC(417) Old regions: 129->129
[57.626s][info][gc,heap        ] GC(417) Archive regions: 0->0
[57.626s][info][gc,heap        ] GC(417) Humongous regions: 15->15
[57.626s][info][gc,metaspace   ] GC(417) Metaspace: 60833K(61760K)->60833K(61760K) NonClass: 53266K(53760K)->53266K(53760K) Class: 7567K(8000K)->7567K(8000K)
[57.626s][info][gc             ] GC(417) Pause Young (Normal) (G1 Evacuation Pause) 371M->151M(413M) 6.150ms
[57.626s][info][gc,cpu         ] GC(417) User=0.14s Sys=0.00s Real=0.02s
[57.743s][info][gc,start       ] GC(418) Pause Young (Normal) (G1 Evacuation Pause)
[57.743s][info][gc,task        ] GC(418) Using 9 workers of 33 for evacuation
[57.749s][info][gc,phases      ] GC(418)   Pre Evacuate Collection Set: 0.1ms
[57.749s][info][gc,phases      ] GC(418)   Merge Heap Roots: 0.1ms
[57.749s][info][gc,phases      ] GC(418)   Evacuate Collection Set: 5.2ms
[57.749s][info][gc,phases      ] GC(418)   Post Evacuate Collection Set: 0.6ms
[57.749s][info][gc,phases      ] GC(418)   Other: 0.2ms
[57.749s][info][gc,heap        ] GC(418) Eden regions: 221->0(221)
[57.749s][info][gc,heap        ] GC(418) Survivor regions: 13->13(30)
[57.750s][info][gc,heap        ] GC(418) Old regions: 129->129
[57.750s][info][gc,heap        ] GC(418) Archive regions: 0->0
[57.750s][info][gc,heap        ] GC(418) Humongous regions: 15->15
[57.750s][info][gc,metaspace   ] GC(418) Metaspace: 60833K(61760K)->60833K(61760K) NonClass: 53266K(53760K)->53266K(53760K) Class: 7567K(8000K)->7567K(8000K)
[57.750s][info][gc             ] GC(418) Pause Young (Normal) (G1 Evacuation Pause) 372M->151M(413M) 6.664ms
[57.750s][info][gc,cpu         ] GC(418) User=0.00s Sys=0.00s Real=0.00s
[57.905s][info][gc,start       ] GC(419) Pause Young (Normal) (G1 Evacuation Pause)
[57.905s][info][gc,task        ] GC(419) Using 9 workers of 33 for evacuation
[57.911s][info][gc,phases      ] GC(419)   Pre Evacuate Collection Set: 0.1ms
[57.911s][info][gc,phases      ] GC(419)   Merge Heap Roots: 0.1ms
[57.911s][info][gc,phases      ] GC(419)   Evacuate Collection Set: 5.3ms
[57.911s][info][gc,phases      ] GC(419)   Post Evacuate Collection Set: 0.4ms
[57.911s][info][gc,phases      ] GC(419)   Other: 0.1ms
[57.911s][info][gc,heap        ] GC(419) Eden regions: 221->0(221)
[57.911s][info][gc,heap        ] GC(419) Survivor regions: 13->13(30)
[57.911s][info][gc,heap        ] GC(419) Old regions: 129->129
[57.911s][info][gc,heap        ] GC(419) Archive regions: 0->0
[57.912s][info][gc,heap        ] GC(419) Humongous regions: 15->15
[57.912s][info][gc,metaspace   ] GC(419) Metaspace: 60833K(61760K)->60833K(61760K) NonClass: 53266K(53760K)->53266K(53760K) Class: 7567K(8000K)->7567K(8000K)
[57.912s][info][gc             ] GC(419) Pause Young (Normal) (G1 Evacuation Pause) 372M->151M(413M) 6.495ms
[57.912s][info][gc,cpu         ] GC(419) User=0.14s Sys=0.00s Real=0.02s
[58.067s][info][gc,start       ] GC(420) Pause Young (Normal) (G1 Evacuation Pause)
[58.067s][info][gc,task        ] GC(420) Using 9 workers of 33 for evacuation
[58.073s][info][gc,phases      ] GC(420)   Pre Evacuate Collection Set: 0.1ms
[58.073s][info][gc,phases      ] GC(420)   Merge Heap Roots: 0.1ms
[58.073s][info][gc,phases      ] GC(420)   Evacuate Collection Set: 5.2ms
[58.073s][info][gc,phases      ] GC(420)   Post Evacuate Collection Set: 0.4ms
[58.073s][info][gc,phases      ] GC(420)   Other: 0.2ms
[58.073s][info][gc,heap        ] GC(420) Eden regions: 221->0(221)
[58.073s][info][gc,heap        ] GC(420) Survivor regions: 13->13(30)
[58.073s][info][gc,heap        ] GC(420) Old regions: 129->129
[58.073s][info][gc,heap        ] GC(420) Archive regions: 0->0
[58.073s][info][gc,heap        ] GC(420) Humongous regions: 15->15
[58.073s][info][gc,metaspace   ] GC(420) Metaspace: 60833K(61760K)->60833K(61760K) NonClass: 53266K(53760K)->53266K(53760K) Class: 7567K(8000K)->7567K(8000K)
[58.073s][info][gc             ] GC(420) Pause Young (Normal) (G1 Evacuation Pause) 372M->151M(413M) 6.532ms
[58.073s][info][gc,cpu         ] GC(420) User=0.14s Sys=0.00s Real=0.02s
[58.213s][info][gc,start       ] GC(421) Pause Young (Normal) (G1 Evacuation Pause)
[58.213s][info][gc,task        ] GC(421) Using 9 workers of 33 for evacuation
[58.219s][info][gc,phases      ] GC(421)   Pre Evacuate Collection Set: 0.1ms
[58.219s][info][gc,phases      ] GC(421)   Merge Heap Roots: 0.1ms
[58.219s][info][gc,phases      ] GC(421)   Evacuate Collection Set: 5.2ms
[58.219s][info][gc,phases      ] GC(421)   Post Evacuate Collection Set: 0.4ms
[58.219s][info][gc,phases      ] GC(421)   Other: 0.2ms
[58.219s][info][gc,heap        ] GC(421) Eden regions: 221->0(221)
[58.219s][info][gc,heap        ] GC(421) Survivor regions: 13->13(30)
[58.219s][info][gc,heap        ] GC(421) Old regions: 129->129
[58.219s][info][gc,heap        ] GC(421) Archive regions: 0->0
[58.219s][info][gc,heap        ] GC(421) Humongous regions: 15->15
[58.219s][info][gc,metaspace   ] GC(421) Metaspace: 60833K(61760K)->60833K(61760K) NonClass: 53266K(53760K)->53266K(53760K) Class: 7567K(8000K)->7567K(8000K)
[58.219s][info][gc             ] GC(421) Pause Young (Normal) (G1 Evacuation Pause) 372M->151M(413M) 6.448ms
[58.219s][info][gc,cpu         ] GC(421) User=0.00s Sys=0.00s Real=0.00s
[58.337s][info][gc,start       ] GC(422) Pause Full (System.gc())
[58.338s][info][gc,task        ] GC(422) Using 9 workers of 33 for full compaction
[58.338s][info][gc,phases,start] GC(422) Phase 1: Mark live objects
[58.370s][info][gc,phases      ] GC(422) Phase 1: Mark live objects 31.889ms
[58.370s][info][gc,phases,start] GC(422) Phase 2: Prepare compaction
[58.374s][info][gc,phases      ] GC(422) Phase 2: Prepare compaction 4.462ms
[58.375s][info][gc,phases,start] GC(422) Phase 3: Adjust pointers
[58.382s][info][gc,phases      ] GC(422) Phase 3: Adjust pointers 7.063ms
[58.382s][info][gc,phases,start] GC(422) Phase 4: Compact heap
[58.382s][info][gc,phases      ] GC(422) Phase 4: Compact heap 0.738ms
[58.395s][info][gc,heap        ] GC(422) Eden regions: 153->0(214)
[58.395s][info][gc,heap        ] GC(422) Survivor regions: 13->0(30)
[58.395s][info][gc,heap        ] GC(422) Old regions: 129->98
[58.395s][info][gc,heap        ] GC(422) Archive regions: 0->0
[58.395s][info][gc,heap        ] GC(422) Humongous regions: 20->9
[58.395s][info][gc,metaspace   ] GC(422) Metaspace: 60836K(61760K)->60836K(61760K) NonClass: 53268K(53760K)->53268K(53760K) Class: 7567K(8000K)->7567K(8000K)
[58.395s][info][gc             ] GC(422) Pause Full (System.gc()) 309M->102M(357M) 57.299ms
[58.395s][info][gc,cpu         ] GC(422) User=0.30s Sys=0.00s Real=0.05s
[58.539s][info][gc,start       ] GC(423) Pause Young (Normal) (G1 Evacuation Pause)
[58.539s][info][gc,task        ] GC(423) Using 8 workers of 33 for evacuation
[58.544s][info][gc,phases      ] GC(423)   Pre Evacuate Collection Set: 0.2ms
[58.544s][info][gc,phases      ] GC(423)   Merge Heap Roots: 0.1ms
[58.544s][info][gc,phases      ] GC(423)   Evacuate Collection Set: 3.4ms
[58.544s][info][gc,phases      ] GC(423)   Post Evacuate Collection Set: 0.8ms
[58.544s][info][gc,phases      ] GC(423)   Other: 0.2ms
[58.544s][info][gc,heap        ] GC(423) Eden regions: 214->0(208)
[58.544s][info][gc,heap        ] GC(423) Survivor regions: 0->6(27)
[58.544s][info][gc,heap        ] GC(423) Old regions: 98->98
[58.544s][info][gc,heap        ] GC(423) Archive regions: 0->0
[58.544s][info][gc,heap        ] GC(423) Humongous regions: 19->9
[58.544s][info][gc,metaspace   ] GC(423) Metaspace: 60855K(61824K)->60855K(61824K) NonClass: 53288K(53824K)->53288K(53824K) Class: 7567K(8000K)->7567K(8000K)
[58.544s][info][gc             ] GC(423) Pause Young (Normal) (G1 Evacuation Pause) 326M->108M(357M) 5.051ms
[58.544s][info][gc,cpu         ] GC(423) User=0.00s Sys=0.00s Real=0.00s
[58.623s][info][gc,start       ] GC(424) Pause Young (Normal) (G1 Evacuation Pause)
[58.623s][info][gc,task        ] GC(424) Using 8 workers of 33 for evacuation
[58.630s][info][gc,phases      ] GC(424)   Pre Evacuate Collection Set: 0.1ms
[58.630s][info][gc,phases      ] GC(424)   Merge Heap Roots: 0.1ms
[58.630s][info][gc,phases      ] GC(424)   Evacuate Collection Set: 6.4ms
[58.630s][info][gc,phases      ] GC(424)   Post Evacuate Collection Set: 0.7ms
[58.630s][info][gc,phases      ] GC(424)   Other: 0.2ms
[58.630s][info][gc,heap        ] GC(424) Eden regions: 208->0(201)
[58.630s][info][gc,heap        ] GC(424) Survivor regions: 6->13(27)
[58.631s][info][gc,heap        ] GC(424) Old regions: 98->98
[58.631s][info][gc,heap        ] GC(424) Archive regions: 0->0
[58.631s][info][gc,heap        ] GC(424) Humongous regions: 10->10
[58.631s][info][gc,metaspace   ] GC(424) Metaspace: 60855K(61824K)->60855K(61824K) NonClass: 53288K(53824K)->53288K(53824K) Class: 7567K(8000K)->7567K(8000K)
[58.631s][info][gc             ] GC(424) Pause Young (Normal) (G1 Evacuation Pause) 317M->115M(357M) 7.931ms
[58.631s][info][gc,cpu         ] GC(424) User=0.00s Sys=0.00s Real=0.00s
[58.702s][info][gc,start       ] GC(425) Pause Young (Normal) (G1 Evacuation Pause)
[58.702s][info][gc,task        ] GC(425) Using 8 workers of 33 for evacuation
[58.717s][info][gc,phases      ] GC(425)   Pre Evacuate Collection Set: 0.1ms
[58.717s][info][gc,phases      ] GC(425)   Merge Heap Roots: 0.1ms
[58.717s][info][gc,phases      ] GC(425)   Evacuate Collection Set: 14.0ms
[58.717s][info][gc,phases      ] GC(425)   Post Evacuate Collection Set: 0.4ms
[58.717s][info][gc,phases      ] GC(425)   Other: 0.2ms
[58.717s][info][gc,heap        ] GC(425) Eden regions: 201->0(184)
[58.717s][info][gc,heap        ] GC(425) Survivor regions: 13->22(27)
[58.717s][info][gc,heap        ] GC(425) Old regions: 98->98
[58.717s][info][gc,heap        ] GC(425) Archive regions: 0->0
[58.717s][info][gc,heap        ] GC(425) Humongous regions: 12->12
[58.717s][info][gc,metaspace   ] GC(425) Metaspace: 60855K(61824K)->60855K(61824K) NonClass: 53288K(53824K)->53288K(53824K) Class: 7567K(8000K)->7567K(8000K)
[58.717s][info][gc             ] GC(425) Pause Young (Normal) (G1 Evacuation Pause) 318M->127M(357M) 15.274ms
[58.718s][info][gc,cpu         ] GC(425) User=0.13s Sys=0.00s Real=0.02s
[58.780s][info][gc,start       ] GC(426) Pause Young (Normal) (G1 Evacuation Pause)
[58.780s][info][gc,task        ] GC(426) Using 8 workers of 33 for evacuation
[58.797s][info][gc,phases      ] GC(426)   Pre Evacuate Collection Set: 0.1ms
[58.797s][info][gc,phases      ] GC(426)   Merge Heap Roots: 0.1ms
[58.797s][info][gc,phases      ] GC(426)   Evacuate Collection Set: 15.4ms
[58.797s][info][gc,phases      ] GC(426)   Post Evacuate Collection Set: 0.8ms
[58.797s][info][gc,phases      ] GC(426)   Other: 0.2ms
[58.797s][info][gc,heap        ] GC(426) Eden regions: 184->0(206)
[58.797s][info][gc,heap        ] GC(426) Survivor regions: 22->18(26)
[58.797s][info][gc,heap        ] GC(426) Old regions: 98->111
[58.797s][info][gc,heap        ] GC(426) Archive regions: 0->0
[58.797s][info][gc,heap        ] GC(426) Humongous regions: 15->15
[58.797s][info][gc,metaspace   ] GC(426) Metaspace: 60855K(61824K)->60855K(61824K) NonClass: 53288K(53824K)->53288K(53824K) Class: 7567K(8000K)->7567K(8000K)
[58.797s][info][gc             ] GC(426) Pause Young (Normal) (G1 Evacuation Pause) 314M->138M(388M) 17.071ms
[58.798s][info][gc,cpu         ] GC(426) User=0.13s Sys=0.00s Real=0.01s
[58.868s][info][gc,start       ] GC(427) Pause Young (Normal) (G1 Evacuation Pause)
[58.868s][info][gc,task        ] GC(427) Using 9 workers of 33 for evacuation
[58.881s][info][gc,phases      ] GC(427)   Pre Evacuate Collection Set: 0.1ms
[58.881s][info][gc,phases      ] GC(427)   Merge Heap Roots: 0.1ms
[58.881s][info][gc,phases      ] GC(427)   Evacuate Collection Set: 12.2ms
[58.881s][info][gc,phases      ] GC(427)   Post Evacuate Collection Set: 0.4ms
[58.881s][info][gc,phases      ] GC(427)   Other: 0.2ms
[58.881s][info][gc,heap        ] GC(427) Eden regions: 206->0(198)
[58.882s][info][gc,heap        ] GC(427) Survivor regions: 18->17(28)
[58.882s][info][gc,heap        ] GC(427) Old regions: 111->121
[58.882s][info][gc,heap        ] GC(427) Archive regions: 0->0
[58.882s][info][gc,heap        ] GC(427) Humongous regions: 15->15
[58.882s][info][gc,metaspace   ] GC(427) Metaspace: 60855K(61824K)->60855K(61824K) NonClass: 53288K(53824K)->53288K(53824K) Class: 7567K(8000K)->7567K(8000K)
[58.882s][info][gc             ] GC(427) Pause Young (Normal) (G1 Evacuation Pause) 344M->147M(388M) 13.405ms
[58.882s][info][gc,cpu         ] GC(427) User=0.14s Sys=0.00s Real=0.02s
[58.947s][info][gc,start       ] GC(428) Pause Young (Normal) (G1 Evacuation Pause)
[58.947s][info][gc,task        ] GC(428) Using 9 workers of 33 for evacuation
[58.956s][info][gc,phases      ] GC(428)   Pre Evacuate Collection Set: 0.1ms
[58.956s][info][gc,phases      ] GC(428)   Merge Heap Roots: 0.1ms
[58.956s][info][gc,phases      ] GC(428)   Evacuate Collection Set: 8.2ms
[58.956s][info][gc,phases      ] GC(428)   Post Evacuate Collection Set: 0.4ms
[58.956s][info][gc,phases      ] GC(428)   Other: 0.2ms
[58.956s][info][gc,heap        ] GC(428) Eden regions: 198->0(198)
[58.956s][info][gc,heap        ] GC(428) Survivor regions: 17->13(27)
[58.956s][info][gc,heap        ] GC(428) Old regions: 121->129
[58.956s][info][gc,heap        ] GC(428) Archive regions: 0->0
[58.956s][info][gc,heap        ] GC(428) Humongous regions: 15->15
[58.956s][info][gc,metaspace   ] GC(428) Metaspace: 60855K(61824K)->60855K(61824K) NonClass: 53288K(53824K)->53288K(53824K) Class: 7567K(8000K)->7567K(8000K)
[58.956s][info][gc             ] GC(428) Pause Young (Normal) (G1 Evacuation Pause) 345M->151M(388M) 9.440ms
[58.956s][info][gc,cpu         ] GC(428) User=0.14s Sys=0.00s Real=0.02s
[59.021s][info][gc,start       ] GC(429) Pause Young (Normal) (G1 Evacuation Pause)
[59.021s][info][gc,task        ] GC(429) Using 9 workers of 33 for evacuation
[59.027s][info][gc,phases      ] GC(429)   Pre Evacuate Collection Set: 0.1ms
[59.027s][info][gc,phases      ] GC(429)   Merge Heap Roots: 0.1ms
[59.027s][info][gc,phases      ] GC(429)   Evacuate Collection Set: 5.2ms
[59.027s][info][gc,phases      ] GC(429)   Post Evacuate Collection Set: 0.4ms
[59.027s][info][gc,phases      ] GC(429)   Other: 0.1ms
[59.027s][info][gc,heap        ] GC(429) Eden regions: 198->0(198)
[59.027s][info][gc,heap        ] GC(429) Survivor regions: 13->13(27)
[59.028s][info][gc,heap        ] GC(429) Old regions: 129->129
[59.028s][info][gc,heap        ] GC(429) Archive regions: 0->0
[59.028s][info][gc,heap        ] GC(429) Humongous regions: 15->15
[59.028s][info][gc,metaspace   ] GC(429) Metaspace: 60855K(61824K)->60855K(61824K) NonClass: 53288K(53824K)->53288K(53824K) Class: 7567K(8000K)->7567K(8000K)
[59.028s][info][gc             ] GC(429) Pause Young (Normal) (G1 Evacuation Pause) 349M->151M(388M) 6.410ms
[59.028s][info][gc,cpu         ] GC(429) User=0.00s Sys=0.00s Real=0.00s
[59.092s][info][gc,start       ] GC(430) Pause Young (Normal) (G1 Evacuation Pause)
[59.092s][info][gc,task        ] GC(430) Using 9 workers of 33 for evacuation
[59.098s][info][gc,phases      ] GC(430)   Pre Evacuate Collection Set: 0.1ms
[59.098s][info][gc,phases      ] GC(430)   Merge Heap Roots: 0.1ms
[59.098s][info][gc,phases      ] GC(430)   Evacuate Collection Set: 4.9ms
[59.098s][info][gc,phases      ] GC(430)   Post Evacuate Collection Set: 0.7ms
[59.098s][info][gc,phases      ] GC(430)   Other: 0.1ms
[59.098s][info][gc,heap        ] GC(430) Eden regions: 198->0(218)
[59.098s][info][gc,heap        ] GC(430) Survivor regions: 13->13(27)
[59.098s][info][gc,heap        ] GC(430) Old regions: 129->129
[59.098s][info][gc,heap        ] GC(430) Archive regions: 0->0
[59.098s][info][gc,heap        ] GC(430) Humongous regions: 15->15
[59.098s][info][gc,metaspace   ] GC(430) Metaspace: 60855K(61824K)->60855K(61824K) NonClass: 53288K(53824K)->53288K(53824K) Class: 7567K(8000K)->7567K(8000K)
[59.098s][info][gc             ] GC(430) Pause Young (Normal) (G1 Evacuation Pause) 349M->151M(409M) 6.364ms
[59.098s][info][gc,cpu         ] GC(430) User=0.00s Sys=0.00s Real=0.00s
[59.173s][info][gc,start       ] GC(431) Pause Young (Normal) (G1 Evacuation Pause)
[59.173s][info][gc,task        ] GC(431) Using 9 workers of 33 for evacuation
[59.179s][info][gc,phases      ] GC(431)   Pre Evacuate Collection Set: 0.1ms
[59.179s][info][gc,phases      ] GC(431)   Merge Heap Roots: 0.1ms
[59.179s][info][gc,phases      ] GC(431)   Evacuate Collection Set: 4.9ms
[59.179s][info][gc,phases      ] GC(431)   Post Evacuate Collection Set: 0.4ms
[59.179s][info][gc,phases      ] GC(431)   Other: 0.1ms
[59.179s][info][gc,heap        ] GC(431) Eden regions: 218->0(218)
[59.179s][info][gc,heap        ] GC(431) Survivor regions: 13->13(29)
[59.179s][info][gc,heap        ] GC(431) Old regions: 129->129
[59.179s][info][gc,heap        ] GC(431) Archive regions: 0->0
[59.179s][info][gc,heap        ] GC(431) Humongous regions: 15->15
[59.179s][info][gc,metaspace   ] GC(431) Metaspace: 60855K(61824K)->60855K(61824K) NonClass: 53288K(53824K)->53288K(53824K) Class: 7567K(8000K)->7567K(8000K)
[59.179s][info][gc             ] GC(431) Pause Young (Normal) (G1 Evacuation Pause) 369M->151M(409M) 6.072ms
[59.179s][info][gc,cpu         ] GC(431) User=0.00s Sys=0.00s Real=0.00s
[59.292s][info][gc,start       ] GC(432) Pause Young (Normal) (G1 Evacuation Pause)
[59.292s][info][gc,task        ] GC(432) Using 9 workers of 33 for evacuation
[59.298s][info][gc,phases      ] GC(432)   Pre Evacuate Collection Set: 0.1ms
[59.298s][info][gc,phases      ] GC(432)   Merge Heap Roots: 0.1ms
[59.298s][info][gc,phases      ] GC(432)   Evacuate Collection Set: 5.2ms
[59.298s][info][gc,phases      ] GC(432)   Post Evacuate Collection Set: 0.6ms
[59.299s][info][gc,phases      ] GC(432)   Other: 0.2ms
[59.299s][info][gc,heap        ] GC(432) Eden regions: 218->0(218)
[59.299s][info][gc,heap        ] GC(432) Survivor regions: 13->13(29)
[59.299s][info][gc,heap        ] GC(432) Old regions: 129->129
[59.299s][info][gc,heap        ] GC(432) Archive regions: 0->0
[59.299s][info][gc,heap        ] GC(432) Humongous regions: 15->15
[59.299s][info][gc,metaspace   ] GC(432) Metaspace: 60855K(61824K)->60855K(61824K) NonClass: 53288K(53824K)->53288K(53824K) Class: 7567K(8000K)->7567K(8000K)
[59.299s][info][gc             ] GC(432) Pause Young (Normal) (G1 Evacuation Pause) 369M->151M(409M) 6.802ms
[59.299s][info][gc,cpu         ] GC(432) User=0.00s Sys=0.00s Real=0.00s
[59.444s][info][gc,start       ] GC(433) Pause Young (Normal) (G1 Evacuation Pause)
[59.444s][info][gc,task        ] GC(433) Using 9 workers of 33 for evacuation
[59.450s][info][gc,phases      ] GC(433)   Pre Evacuate Collection Set: 0.1ms
[59.450s][info][gc,phases      ] GC(433)   Merge Heap Roots: 0.1ms
[59.450s][info][gc,phases      ] GC(433)   Evacuate Collection Set: 5.3ms
[59.450s][info][gc,phases      ] GC(433)   Post Evacuate Collection Set: 0.4ms
[59.450s][info][gc,phases      ] GC(433)   Other: 0.2ms
[59.450s][info][gc,heap        ] GC(433) Eden regions: 218->0(218)
[59.450s][info][gc,heap        ] GC(433) Survivor regions: 13->13(29)
[59.450s][info][gc,heap        ] GC(433) Old regions: 129->129
[59.450s][info][gc,heap        ] GC(433) Archive regions: 0->0
[59.451s][info][gc,heap        ] GC(433) Humongous regions: 15->15
[59.451s][info][gc,metaspace   ] GC(433) Metaspace: 60855K(61824K)->60855K(61824K) NonClass: 53288K(53824K)->53288K(53824K) Class: 7567K(8000K)->7567K(8000K)
[59.451s][info][gc             ] GC(433) Pause Young (Normal) (G1 Evacuation Pause) 369M->151M(409M) 6.585ms
[59.451s][info][gc,cpu         ] GC(433) User=0.14s Sys=0.00s Real=0.02s
[59.591s][info][gc,start       ] GC(434) Pause Young (Normal) (G1 Evacuation Pause)
[59.591s][info][gc,task        ] GC(434) Using 9 workers of 33 for evacuation
[59.597s][info][gc,phases      ] GC(434)   Pre Evacuate Collection Set: 0.1ms
[59.597s][info][gc,phases      ] GC(434)   Merge Heap Roots: 0.1ms
[59.597s][info][gc,phases      ] GC(434)   Evacuate Collection Set: 5.3ms
[59.597s][info][gc,phases      ] GC(434)   Post Evacuate Collection Set: 0.4ms
[59.597s][info][gc,phases      ] GC(434)   Other: 0.2ms
[59.597s][info][gc,heap        ] GC(434) Eden regions: 218->0(218)
[59.597s][info][gc,heap        ] GC(434) Survivor regions: 13->13(29)
[59.597s][info][gc,heap        ] GC(434) Old regions: 129->129
[59.597s][info][gc,heap        ] GC(434) Archive regions: 0->0
[59.597s][info][gc,heap        ] GC(434) Humongous regions: 15->15
[59.597s][info][gc,metaspace   ] GC(434) Metaspace: 60855K(61824K)->60855K(61824K) NonClass: 53288K(53824K)->53288K(53824K) Class: 7567K(8000K)->7567K(8000K)
[59.597s][info][gc             ] GC(434) Pause Young (Normal) (G1 Evacuation Pause) 369M->151M(409M) 6.531ms
[59.597s][info][gc,cpu         ] GC(434) User=0.00s Sys=0.00s Real=0.00s
[59.734s][info][gc,start       ] GC(435) Pause Young (Normal) (G1 Evacuation Pause)
[59.735s][info][gc,task        ] GC(435) Using 9 workers of 33 for evacuation
[59.742s][info][gc,phases      ] GC(435)   Pre Evacuate Collection Set: 0.1ms
[59.742s][info][gc,phases      ] GC(435)   Merge Heap Roots: 0.1ms
[59.742s][info][gc,phases      ] GC(435)   Evacuate Collection Set: 6.7ms
[59.742s][info][gc,phases      ] GC(435)   Post Evacuate Collection Set: 0.4ms
[59.742s][info][gc,phases      ] GC(435)   Other: 0.2ms
[59.742s][info][gc,heap        ] GC(435) Eden regions: 218->0(218)
[59.742s][info][gc,heap        ] GC(435) Survivor regions: 13->13(29)
[59.742s][info][gc,heap        ] GC(435) Old regions: 129->129
[59.742s][info][gc,heap        ] GC(435) Archive regions: 0->0
[59.742s][info][gc,heap        ] GC(435) Humongous regions: 15->15
[59.742s][info][gc,metaspace   ] GC(435) Metaspace: 60855K(61824K)->60855K(61824K) NonClass: 53288K(53824K)->53288K(53824K) Class: 7567K(8000K)->7567K(8000K)
[59.742s][info][gc             ] GC(435) Pause Young (Normal) (G1 Evacuation Pause) 369M->151M(409M) 7.978ms
[59.742s][info][gc,cpu         ] GC(435) User=0.00s Sys=0.00s Real=0.00s
[59.928s][info][gc,start       ] GC(436) Pause Full (System.gc())
[59.928s][info][gc,task        ] GC(436) Using 9 workers of 33 for full compaction
[59.928s][info][gc,phases,start] GC(436) Phase 1: Mark live objects
[59.959s][info][gc,phases      ] GC(436) Phase 1: Mark live objects 30.350ms
[59.959s][info][gc,phases,start] GC(436) Phase 2: Prepare compaction
[59.963s][info][gc,phases      ] GC(436) Phase 2: Prepare compaction 4.187ms
[59.963s][info][gc,phases,start] GC(436) Phase 3: Adjust pointers
[59.970s][info][gc,phases      ] GC(436) Phase 3: Adjust pointers 7.146ms
[59.970s][info][gc,phases,start] GC(436) Phase 4: Compact heap
[59.971s][info][gc,phases      ] GC(436) Phase 4: Compact heap 0.447ms
[59.978s][info][gc,heap        ] GC(436) Eden regions: 164->0(216)
[59.978s][info][gc,heap        ] GC(436) Survivor regions: 13->0(29)
[59.978s][info][gc,heap        ] GC(436) Old regions: 129->99
[59.978s][info][gc,heap        ] GC(436) Archive regions: 0->0
[59.978s][info][gc,heap        ] GC(436) Humongous regions: 20->9
[59.978s][info][gc,metaspace   ] GC(436) Metaspace: 60860K(61824K)->60860K(61824K) NonClass: 53293K(53824K)->53293K(53824K) Class: 7567K(8000K)->7567K(8000K)
[59.978s][info][gc             ] GC(436) Pause Full (System.gc()) 319M->102M(360M) 50.364ms
[59.978s][info][gc,cpu         ] GC(436) User=0.20s Sys=0.00s Real=0.05s
[60.119s][info][gc,start       ] GC(437) Pause Young (Normal) (G1 Evacuation Pause)
[60.119s][info][gc,task        ] GC(437) Using 8 workers of 33 for evacuation
[60.124s][info][gc,phases      ] GC(437)   Pre Evacuate Collection Set: 0.2ms
[60.124s][info][gc,phases      ] GC(437)   Merge Heap Roots: 0.1ms
[60.124s][info][gc,phases      ] GC(437)   Evacuate Collection Set: 3.7ms
[60.124s][info][gc,phases      ] GC(437)   Post Evacuate Collection Set: 0.7ms
[60.124s][info][gc,phases      ] GC(437)   Other: 0.2ms
[60.124s][info][gc,heap        ] GC(437) Eden regions: 216->0(209)
[60.124s][info][gc,heap        ] GC(437) Survivor regions: 0->7(27)
[60.124s][info][gc,heap        ] GC(437) Old regions: 99->99
[60.124s][info][gc,heap        ] GC(437) Archive regions: 0->0
[60.124s][info][gc,heap        ] GC(437) Humongous regions: 19->9
[60.124s][info][gc,metaspace   ] GC(437) Metaspace: 60886K(61824K)->60886K(61824K) NonClass: 53319K(53824K)->53319K(53824K) Class: 7567K(8000K)->7567K(8000K)
[60.124s][info][gc             ] GC(437) Pause Young (Normal) (G1 Evacuation Pause) 328M->109M(360M) 5.311ms
[60.124s][info][gc,cpu         ] GC(437) User=0.00s Sys=0.00s Real=0.00s
[60.191s][info][gc,start       ] GC(438) Pause Young (Normal) (G1 Evacuation Pause)
[60.191s][info][gc,task        ] GC(438) Using 8 workers of 33 for evacuation
[60.201s][info][gc,phases      ] GC(438)   Pre Evacuate Collection Set: 0.1ms
[60.201s][info][gc,phases      ] GC(438)   Merge Heap Roots: 0.1ms
[60.201s][info][gc,phases      ] GC(438)   Evacuate Collection Set: 9.0ms
[60.201s][info][gc,phases      ] GC(438)   Post Evacuate Collection Set: 0.7ms
[60.202s][info][gc,phases      ] GC(438)   Other: 0.2ms
[60.202s][info][gc,heap        ] GC(438) Eden regions: 209->0(201)
[60.202s][info][gc,heap        ] GC(438) Survivor regions: 7->15(27)
[60.202s][info][gc,heap        ] GC(438) Old regions: 99->99
[60.202s][info][gc,heap        ] GC(438) Archive regions: 0->0
[60.202s][info][gc,heap        ] GC(438) Humongous regions: 12->12
[60.202s][info][gc,metaspace   ] GC(438) Metaspace: 60886K(61824K)->60886K(61824K) NonClass: 53319K(53824K)->53319K(53824K) Class: 7567K(8000K)->7567K(8000K)
[60.202s][info][gc             ] GC(438) Pause Young (Normal) (G1 Evacuation Pause) 321M->119M(360M) 10.504ms
[60.202s][info][gc,cpu         ] GC(438) User=0.00s Sys=0.00s Real=0.00s
[60.264s][info][gc,start       ] GC(439) Pause Young (Normal) (G1 Evacuation Pause)
[60.264s][info][gc,task        ] GC(439) Using 8 workers of 33 for evacuation
[60.276s][info][gc,phases      ] GC(439)   Pre Evacuate Collection Set: 0.1ms
[60.276s][info][gc,phases      ] GC(439)   Merge Heap Roots: 0.1ms
[60.276s][info][gc,phases      ] GC(439)   Evacuate Collection Set: 11.0ms
[60.276s][info][gc,phases      ] GC(439)   Post Evacuate Collection Set: 0.7ms
[60.276s][info][gc,phases      ] GC(439)   Other: 0.1ms
[60.276s][info][gc,heap        ] GC(439) Eden regions: 201->0(185)
[60.276s][info][gc,heap        ] GC(439) Survivor regions: 15->23(27)
[60.276s][info][gc,heap        ] GC(439) Old regions: 99->99
[60.276s][info][gc,heap        ] GC(439) Archive regions: 0->0
[60.276s][info][gc,heap        ] GC(439) Humongous regions: 12->12
[60.277s][info][gc,metaspace   ] GC(439) Metaspace: 60886K(61824K)->60886K(61824K) NonClass: 53319K(53824K)->53319K(53824K) Class: 7567K(8000K)->7567K(8000K)
[60.277s][info][gc             ] GC(439) Pause Young (Normal) (G1 Evacuation Pause) 320M->127M(360M) 12.572ms
[60.277s][info][gc,cpu         ] GC(439) User=0.13s Sys=0.00s Real=0.02s
[60.337s][info][gc,start       ] GC(440) Pause Young (Normal) (G1 Evacuation Pause)
[60.337s][info][gc,task        ] GC(440) Using 8 workers of 33 for evacuation
[60.357s][info][gc,phases      ] GC(440)   Pre Evacuate Collection Set: 0.1ms
[60.357s][info][gc,phases      ] GC(440)   Merge Heap Roots: 0.1ms
[60.357s][info][gc,phases      ] GC(440)   Evacuate Collection Set: 19.3ms
[60.357s][info][gc,phases      ] GC(440)   Post Evacuate Collection Set: 0.8ms
[60.357s][info][gc,phases      ] GC(440)   Other: 0.2ms
[60.357s][info][gc,heap        ] GC(440) Eden regions: 185->0(205)
[60.357s][info][gc,heap        ] GC(440) Survivor regions: 23->17(26)
[60.357s][info][gc,heap        ] GC(440) Old regions: 99->114
[60.357s][info][gc,heap        ] GC(440) Archive regions: 0->0
[60.357s][info][gc,heap        ] GC(440) Humongous regions: 15->15
[60.357s][info][gc,metaspace   ] GC(440) Metaspace: 60886K(61824K)->60886K(61824K) NonClass: 53319K(53824K)->53319K(53824K) Class: 7567K(8000K)->7567K(8000K)
[60.358s][info][gc             ] GC(440) Pause Young (Normal) (G1 Evacuation Pause) 315M->138M(388M) 21.042ms
[60.358s][info][gc,cpu         ] GC(440) User=0.13s Sys=0.00s Real=0.02s
[60.438s][info][gc,start       ] GC(441) Pause Young (Normal) (G1 Evacuation Pause)
[60.438s][info][gc,task        ] GC(441) Using 9 workers of 33 for evacuation
[60.450s][info][gc,phases      ] GC(441)   Pre Evacuate Collection Set: 0.1ms
[60.450s][info][gc,phases      ] GC(441)   Merge Heap Roots: 0.1ms
[60.450s][info][gc,phases      ] GC(441)   Evacuate Collection Set: 11.4ms
[60.450s][info][gc,phases      ] GC(441)   Post Evacuate Collection Set: 0.4ms
[60.450s][info][gc,phases      ] GC(441)   Other: 0.2ms
[60.450s][info][gc,heap        ] GC(441) Eden regions: 205->0(196)
[60.450s][info][gc,heap        ] GC(441) Survivor regions: 17->17(28)
[60.450s][info][gc,heap        ] GC(441) Old regions: 114->123
[60.450s][info][gc,heap        ] GC(441) Archive regions: 0->0
[60.450s][info][gc,heap        ] GC(441) Humongous regions: 15->15
[60.450s][info][gc,metaspace   ] GC(441) Metaspace: 60886K(61824K)->60886K(61824K) NonClass: 53319K(53824K)->53319K(53824K) Class: 7567K(8000K)->7567K(8000K)
[60.450s][info][gc             ] GC(441) Pause Young (Normal) (G1 Evacuation Pause) 343M->148M(388M) 12.737ms
[60.450s][info][gc,cpu         ] GC(441) User=0.14s Sys=0.00s Real=0.02s
[60.515s][info][gc,start       ] GC(442) Pause Young (Normal) (G1 Evacuation Pause)
[60.515s][info][gc,task        ] GC(442) Using 9 workers of 33 for evacuation
[60.524s][info][gc,phases      ] GC(442)   Pre Evacuate Collection Set: 0.1ms
[60.524s][info][gc,phases      ] GC(442)   Merge Heap Roots: 0.1ms
[60.524s][info][gc,phases      ] GC(442)   Evacuate Collection Set: 8.1ms
[60.524s][info][gc,phases      ] GC(442)   Post Evacuate Collection Set: 0.4ms
[60.524s][info][gc,phases      ] GC(442)   Other: 0.1ms
[60.524s][info][gc,heap        ] GC(442) Eden regions: 196->0(196)
[60.524s][info][gc,heap        ] GC(442) Survivor regions: 17->13(27)
[60.524s][info][gc,heap        ] GC(442) Old regions: 123->131
[60.524s][info][gc,heap        ] GC(442) Archive regions: 0->0
[60.524s][info][gc,heap        ] GC(442) Humongous regions: 15->15
[60.524s][info][gc,metaspace   ] GC(442) Metaspace: 60888K(61824K)->60888K(61824K) NonClass: 53320K(53824K)->53320K(53824K) Class: 7567K(8000K)->7567K(8000K)
[60.525s][info][gc             ] GC(442) Pause Young (Normal) (G1 Evacuation Pause) 344M->152M(388M) 9.333ms
[60.525s][info][gc,cpu         ] GC(442) User=0.14s Sys=0.00s Real=0.02s
[60.589s][info][gc,start       ] GC(443) Pause Young (Normal) (G1 Evacuation Pause)
[60.589s][info][gc,task        ] GC(443) Using 9 workers of 33 for evacuation
[60.595s][info][gc,phases      ] GC(443)   Pre Evacuate Collection Set: 0.1ms
[60.595s][info][gc,phases      ] GC(443)   Merge Heap Roots: 0.1ms
[60.595s][info][gc,phases      ] GC(443)   Evacuate Collection Set: 4.8ms
[60.595s][info][gc,phases      ] GC(443)   Post Evacuate Collection Set: 0.4ms
[60.595s][info][gc,phases      ] GC(443)   Other: 0.2ms
[60.595s][info][gc,heap        ] GC(443) Eden regions: 196->0(196)
[60.595s][info][gc,heap        ] GC(443) Survivor regions: 13->13(27)
[60.595s][info][gc,heap        ] GC(443) Old regions: 131->131
[60.595s][info][gc,heap        ] GC(443) Archive regions: 0->0
[60.595s][info][gc,heap        ] GC(443) Humongous regions: 15->15
[60.595s][info][gc,metaspace   ] GC(443) Metaspace: 60888K(61824K)->60888K(61824K) NonClass: 53320K(53824K)->53320K(53824K) Class: 7567K(8000K)->7567K(8000K)
[60.595s][info][gc             ] GC(443) Pause Young (Normal) (G1 Evacuation Pause) 348M->151M(388M) 6.021ms
[60.595s][info][gc,cpu         ] GC(443) User=0.00s Sys=0.00s Real=0.00s
[60.659s][info][gc,start       ] GC(444) Pause Young (Normal) (G1 Evacuation Pause)
[60.659s][info][gc,task        ] GC(444) Using 9 workers of 33 for evacuation
[60.665s][info][gc,phases      ] GC(444)   Pre Evacuate Collection Set: 0.1ms
[60.665s][info][gc,phases      ] GC(444)   Merge Heap Roots: 0.1ms
[60.665s][info][gc,phases      ] GC(444)   Evacuate Collection Set: 4.9ms
[60.665s][info][gc,phases      ] GC(444)   Post Evacuate Collection Set: 0.7ms
[60.665s][info][gc,phases      ] GC(444)   Other: 0.1ms
[60.665s][info][gc,heap        ] GC(444) Eden regions: 196->0(217)
[60.665s][info][gc,heap        ] GC(444) Survivor regions: 13->13(27)
[60.665s][info][gc,heap        ] GC(444) Old regions: 131->131
[60.665s][info][gc,heap        ] GC(444) Archive regions: 0->0
[60.665s][info][gc,heap        ] GC(444) Humongous regions: 15->15
[60.665s][info][gc,metaspace   ] GC(444) Metaspace: 60888K(61824K)->60888K(61824K) NonClass: 53320K(53824K)->53320K(53824K) Class: 7567K(8000K)->7567K(8000K)
[60.665s][info][gc             ] GC(444) Pause Young (Normal) (G1 Evacuation Pause) 347M->152M(410M) 6.431ms
[60.665s][info][gc,cpu         ] GC(444) User=0.00s Sys=0.00s Real=0.00s
[60.741s][info][gc,start       ] GC(445) Pause Young (Normal) (G1 Evacuation Pause)
[60.741s][info][gc,task        ] GC(445) Using 9 workers of 33 for evacuation
[60.747s][info][gc,phases      ] GC(445)   Pre Evacuate Collection Set: 0.1ms
[60.747s][info][gc,phases      ] GC(445)   Merge Heap Roots: 0.1ms
[60.747s][info][gc,phases      ] GC(445)   Evacuate Collection Set: 4.8ms
[60.747s][info][gc,phases      ] GC(445)   Post Evacuate Collection Set: 0.4ms
[60.747s][info][gc,phases      ] GC(445)   Other: 0.2ms
[60.747s][info][gc,heap        ] GC(445) Eden regions: 217->0(217)
[60.747s][info][gc,heap        ] GC(445) Survivor regions: 13->13(29)
[60.747s][info][gc,heap        ] GC(445) Old regions: 131->131
[60.747s][info][gc,heap        ] GC(445) Archive regions: 0->0
[60.747s][info][gc,heap        ] GC(445) Humongous regions: 15->15
[60.747s][info][gc,metaspace   ] GC(445) Metaspace: 60888K(61824K)->60888K(61824K) NonClass: 53320K(53824K)->53320K(53824K) Class: 7567K(8000K)->7567K(8000K)
[60.747s][info][gc             ] GC(445) Pause Young (Normal) (G1 Evacuation Pause) 369M->152M(410M) 6.027ms
[60.747s][info][gc,cpu         ] GC(445) User=0.00s Sys=0.00s Real=0.00s
[60.856s][info][gc,start       ] GC(446) Pause Young (Normal) (G1 Evacuation Pause)
[60.856s][info][gc,task        ] GC(446) Using 9 workers of 33 for evacuation
[60.863s][info][gc,phases      ] GC(446)   Pre Evacuate Collection Set: 0.1ms
[60.863s][info][gc,phases      ] GC(446)   Merge Heap Roots: 0.1ms
[60.863s][info][gc,phases      ] GC(446)   Evacuate Collection Set: 5.2ms
[60.863s][info][gc,phases      ] GC(446)   Post Evacuate Collection Set: 0.6ms
[60.863s][info][gc,phases      ] GC(446)   Other: 0.2ms
[60.863s][info][gc,heap        ] GC(446) Eden regions: 217->0(217)
[60.863s][info][gc,heap        ] GC(446) Survivor regions: 13->13(29)
[60.863s][info][gc,heap        ] GC(446) Old regions: 131->131
[60.863s][info][gc,heap        ] GC(446) Archive regions: 0->0
[60.863s][info][gc,heap        ] GC(446) Humongous regions: 15->15
[60.863s][info][gc,metaspace   ] GC(446) Metaspace: 60888K(61824K)->60888K(61824K) NonClass: 53320K(53824K)->53320K(53824K) Class: 7567K(8000K)->7567K(8000K)
[60.863s][info][gc             ] GC(446) Pause Young (Normal) (G1 Evacuation Pause) 369M->152M(410M) 6.686ms
[60.863s][info][gc,cpu         ] GC(446) User=0.14s Sys=0.00s Real=0.02s
[61.018s][info][gc,start       ] GC(447) Pause Young (Normal) (G1 Evacuation Pause)
[61.018s][info][gc,task        ] GC(447) Using 9 workers of 33 for evacuation
[61.026s][info][gc,phases      ] GC(447)   Pre Evacuate Collection Set: 0.1ms
[61.026s][info][gc,phases      ] GC(447)   Merge Heap Roots: 0.1ms
[61.026s][info][gc,phases      ] GC(447)   Evacuate Collection Set: 6.6ms
[61.026s][info][gc,phases      ] GC(447)   Post Evacuate Collection Set: 0.5ms
[61.026s][info][gc,phases      ] GC(447)   Other: 0.1ms
[61.026s][info][gc,heap        ] GC(447) Eden regions: 217->0(217)
[61.026s][info][gc,heap        ] GC(447) Survivor regions: 13->13(29)
[61.026s][info][gc,heap        ] GC(447) Old regions: 131->131
[61.026s][info][gc,heap        ] GC(447) Archive regions: 0->0
[61.026s][info][gc,heap        ] GC(447) Humongous regions: 15->15
[61.026s][info][gc,metaspace   ] GC(447) Metaspace: 60888K(61824K)->60888K(61824K) NonClass: 53320K(53824K)->53320K(53824K) Class: 7567K(8000K)->7567K(8000K)
[61.026s][info][gc             ] GC(447) Pause Young (Normal) (G1 Evacuation Pause) 369M->151M(410M) 7.854ms
[61.026s][info][gc,cpu         ] GC(447) User=0.14s Sys=0.00s Real=0.02s
[61.176s][info][gc,start       ] GC(448) Pause Young (Normal) (G1 Evacuation Pause)
[61.176s][info][gc,task        ] GC(448) Using 9 workers of 33 for evacuation
[61.182s][info][gc,phases      ] GC(448)   Pre Evacuate Collection Set: 0.1ms
[61.182s][info][gc,phases      ] GC(448)   Merge Heap Roots: 0.1ms
[61.182s][info][gc,phases      ] GC(448)   Evacuate Collection Set: 5.2ms
[61.182s][info][gc,phases      ] GC(448)   Post Evacuate Collection Set: 0.4ms
[61.182s][info][gc,phases      ] GC(448)   Other: 0.1ms
[61.182s][info][gc,heap        ] GC(448) Eden regions: 217->0(217)
[61.182s][info][gc,heap        ] GC(448) Survivor regions: 13->13(29)
[61.182s][info][gc,heap        ] GC(448) Old regions: 131->131
[61.182s][info][gc,heap        ] GC(448) Archive regions: 0->0
[61.182s][info][gc,heap        ] GC(448) Humongous regions: 15->15
[61.182s][info][gc,metaspace   ] GC(448) Metaspace: 60888K(61824K)->60888K(61824K) NonClass: 53320K(53824K)->53320K(53824K) Class: 7567K(8000K)->7567K(8000K)
[61.182s][info][gc             ] GC(448) Pause Young (Normal) (G1 Evacuation Pause) 368M->152M(410M) 6.479ms
[61.182s][info][gc,cpu         ] GC(448) User=0.00s Sys=0.02s Real=0.02s
[61.320s][info][gc,start       ] GC(449) Pause Young (Normal) (G1 Evacuation Pause)
[61.387s][info][gc,task        ] GC(449) Using 9 workers of 33 for evacuation
[61.394s][info][gc,phases      ] GC(449)   Pre Evacuate Collection Set: 0.1ms
[61.394s][info][gc,phases      ] GC(449)   Merge Heap Roots: 0.1ms
[61.394s][info][gc,phases      ] GC(449)   Evacuate Collection Set: 6.8ms
[61.394s][info][gc,phases      ] GC(449)   Post Evacuate Collection Set: 0.4ms
[61.394s][info][gc,phases      ] GC(449)   Other: 0.2ms
[61.394s][info][gc,heap        ] GC(449) Eden regions: 217->0(217)
[61.394s][info][gc,heap        ] GC(449) Survivor regions: 13->13(29)
[61.394s][info][gc,heap        ] GC(449) Old regions: 131->131
[61.394s][info][gc,heap        ] GC(449) Archive regions: 0->0
[61.395s][info][gc,heap        ] GC(449) Humongous regions: 15->15
[61.395s][info][gc,metaspace   ] GC(449) Metaspace: 60888K(61824K)->60888K(61824K) NonClass: 53320K(53824K)->53320K(53824K) Class: 7567K(8000K)->7567K(8000K)
[61.395s][info][gc             ] GC(449) Pause Young (Normal) (G1 Evacuation Pause) 369M->151M(410M) 74.387ms
[61.395s][info][gc,cpu         ] GC(449) User=0.00s Sys=0.00s Real=0.08s
[61.535s][info][gc,start       ] GC(450) Pause Full (System.gc())
[61.535s][info][gc,task        ] GC(450) Using 9 workers of 33 for full compaction
[61.535s][info][gc,phases,start] GC(450) Phase 1: Mark live objects
[61.567s][info][gc,phases      ] GC(450) Phase 1: Mark live objects 31.694ms
[61.567s][info][gc,phases,start] GC(450) Phase 2: Prepare compaction
[61.571s][info][gc,phases      ] GC(450) Phase 2: Prepare compaction 4.626ms
[61.572s][info][gc,phases,start] GC(450) Phase 3: Adjust pointers
[61.578s][info][gc,phases      ] GC(450) Phase 3: Adjust pointers 6.983ms
[61.579s][info][gc,phases,start] GC(450) Phase 4: Compact heap
[61.579s][info][gc,phases      ] GC(450) Phase 4: Compact heap 0.477ms
[61.589s][info][gc,heap        ] GC(450) Eden regions: 170->0(216)
[61.589s][info][gc,heap        ] GC(450) Survivor regions: 13->0(29)
[61.589s][info][gc,heap        ] GC(450) Old regions: 131->99
[61.589s][info][gc,heap        ] GC(450) Archive regions: 0->0
[61.589s][info][gc,heap        ] GC(450) Humongous regions: 20->9
[61.589s][info][gc,metaspace   ] GC(450) Metaspace: 60909K(61824K)->60909K(61824K) NonClass: 53342K(53824K)->53342K(53824K) Class: 7567K(8000K)->7567K(8000K)
[61.589s][info][gc             ] GC(450) Pause Full (System.gc()) 326M->102M(360M) 54.194ms
[61.589s][info][gc,cpu         ] GC(450) User=0.38s Sys=0.00s Real=0.06s
[61.740s][info][gc,start       ] GC(451) Pause Young (Normal) (G1 Evacuation Pause)
[61.740s][info][gc,task        ] GC(451) Using 8 workers of 33 for evacuation
[61.745s][info][gc,phases      ] GC(451)   Pre Evacuate Collection Set: 0.2ms
[61.745s][info][gc,phases      ] GC(451)   Merge Heap Roots: 0.1ms
[61.745s][info][gc,phases      ] GC(451)   Evacuate Collection Set: 4.2ms
[61.745s][info][gc,phases      ] GC(451)   Post Evacuate Collection Set: 0.7ms
[61.745s][info][gc,phases      ] GC(451)   Other: 0.2ms
[61.745s][info][gc,heap        ] GC(451) Eden regions: 216->0(209)
[61.745s][info][gc,heap        ] GC(451) Survivor regions: 0->7(27)
[61.746s][info][gc,heap        ] GC(451) Old regions: 99->99
[61.746s][info][gc,heap        ] GC(451) Archive regions: 0->0
[61.746s][info][gc,heap        ] GC(451) Humongous regions: 19->9
[61.746s][info][gc,metaspace   ] GC(451) Metaspace: 60945K(61888K)->60945K(61888K) NonClass: 53378K(53888K)->53378K(53888K) Class: 7567K(8000K)->7567K(8000K)
[61.746s][info][gc             ] GC(451) Pause Young (Normal) (G1 Evacuation Pause) 328M->109M(360M) 5.821ms
[61.746s][info][gc,cpu         ] GC(451) User=0.00s Sys=0.00s Real=0.00s
[61.815s][info][gc,start       ] GC(452) Pause Young (Normal) (G1 Evacuation Pause)
[61.815s][info][gc,task        ] GC(452) Using 8 workers of 33 for evacuation
[61.825s][info][gc,phases      ] GC(452)   Pre Evacuate Collection Set: 0.1ms
[61.826s][info][gc,phases      ] GC(452)   Merge Heap Roots: 0.1ms
[61.826s][info][gc,phases      ] GC(452)   Evacuate Collection Set: 9.3ms
[61.826s][info][gc,phases      ] GC(452)   Post Evacuate Collection Set: 0.7ms
[61.826s][info][gc,phases      ] GC(452)   Other: 0.2ms
[61.826s][info][gc,heap        ] GC(452) Eden regions: 209->0(201)
[61.826s][info][gc,heap        ] GC(452) Survivor regions: 7->15(27)
[61.826s][info][gc,heap        ] GC(452) Old regions: 99->99
[61.826s][info][gc,heap        ] GC(452) Archive regions: 0->0
[61.826s][info][gc,heap        ] GC(452) Humongous regions: 12->12
[61.826s][info][gc,metaspace   ] GC(452) Metaspace: 60945K(61888K)->60945K(61888K) NonClass: 53378K(53888K)->53378K(53888K) Class: 7567K(8000K)->7567K(8000K)
[61.826s][info][gc             ] GC(452) Pause Young (Normal) (G1 Evacuation Pause) 321M->119M(360M) 10.928ms
[61.826s][info][gc,cpu         ] GC(452) User=0.00s Sys=0.00s Real=0.00s
[61.888s][info][gc,start       ] GC(453) Pause Young (Normal) (G1 Evacuation Pause)
[61.888s][info][gc,task        ] GC(453) Using 8 workers of 33 for evacuation
[61.901s][info][gc,phases      ] GC(453)   Pre Evacuate Collection Set: 0.1ms
[61.901s][info][gc,phases      ] GC(453)   Merge Heap Roots: 0.1ms
[61.901s][info][gc,phases      ] GC(453)   Evacuate Collection Set: 11.5ms
[61.901s][info][gc,phases      ] GC(453)   Post Evacuate Collection Set: 0.7ms
[61.901s][info][gc,phases      ] GC(453)   Other: 0.2ms
[61.901s][info][gc,heap        ] GC(453) Eden regions: 201->0(185)
[61.901s][info][gc,heap        ] GC(453) Survivor regions: 15->23(27)
[61.901s][info][gc,heap        ] GC(453) Old regions: 99->99
[61.901s][info][gc,heap        ] GC(453) Archive regions: 0->0
[61.901s][info][gc,heap        ] GC(453) Humongous regions: 12->12
[61.901s][info][gc,metaspace   ] GC(453) Metaspace: 60945K(61888K)->60945K(61888K) NonClass: 53378K(53888K)->53378K(53888K) Class: 7567K(8000K)->7567K(8000K)
[61.901s][info][gc             ] GC(453) Pause Young (Normal) (G1 Evacuation Pause) 320M->127M(360M) 13.067ms
[61.901s][info][gc,cpu         ] GC(453) User=0.13s Sys=0.00s Real=0.02s
[61.960s][info][gc,start       ] GC(454) Pause Young (Normal) (G1 Evacuation Pause)
[61.960s][info][gc,task        ] GC(454) Using 8 workers of 33 for evacuation
[61.977s][info][gc,phases      ] GC(454)   Pre Evacuate Collection Set: 0.1ms
[61.977s][info][gc,phases      ] GC(454)   Merge Heap Roots: 0.1ms
[61.977s][info][gc,phases      ] GC(454)   Evacuate Collection Set: 16.5ms
[61.977s][info][gc,phases      ] GC(454)   Post Evacuate Collection Set: 0.8ms
[61.978s][info][gc,phases      ] GC(454)   Other: 0.2ms
[61.978s][info][gc,heap        ] GC(454) Eden regions: 185->0(208)
[61.978s][info][gc,heap        ] GC(454) Survivor regions: 23->17(26)
[61.978s][info][gc,heap        ] GC(454) Old regions: 99->113
[61.978s][info][gc,heap        ] GC(454) Archive regions: 0->0
[61.978s][info][gc,heap        ] GC(454) Humongous regions: 15->15
[61.978s][info][gc,metaspace   ] GC(454) Metaspace: 60945K(61888K)->60945K(61888K) NonClass: 53378K(53888K)->53378K(53888K) Class: 7567K(8000K)->7567K(8000K)
[61.978s][info][gc             ] GC(454) Pause Young (Normal) (G1 Evacuation Pause) 315M->138M(391M) 18.152ms
[61.978s][info][gc,cpu         ] GC(454) User=0.13s Sys=0.00s Real=0.01s
[62.049s][info][gc,start       ] GC(455) Pause Young (Normal) (G1 Evacuation Pause)
[62.049s][info][gc,task        ] GC(455) Using 9 workers of 33 for evacuation
[62.062s][info][gc,phases      ] GC(455)   Pre Evacuate Collection Set: 0.1ms
[62.062s][info][gc,phases      ] GC(455)   Merge Heap Roots: 0.1ms
[62.062s][info][gc,phases      ] GC(455)   Evacuate Collection Set: 11.5ms
[62.062s][info][gc,phases      ] GC(455)   Post Evacuate Collection Set: 0.4ms
[62.062s][info][gc,phases      ] GC(455)   Other: 0.1ms
[62.062s][info][gc,heap        ] GC(455) Eden regions: 208->0(199)
[62.062s][info][gc,heap        ] GC(455) Survivor regions: 17->17(29)
[62.062s][info][gc,heap        ] GC(455) Old regions: 113->122
[62.062s][info][gc,heap        ] GC(455) Archive regions: 0->0
[62.062s][info][gc,heap        ] GC(455) Humongous regions: 15->15
[62.062s][info][gc,metaspace   ] GC(455) Metaspace: 60945K(61888K)->60945K(61888K) NonClass: 53378K(53888K)->53378K(53888K) Class: 7567K(8000K)->7567K(8000K)
[62.062s][info][gc             ] GC(455) Pause Young (Normal) (G1 Evacuation Pause) 346M->148M(391M) 12.622ms
[62.062s][info][gc,cpu         ] GC(455) User=0.00s Sys=0.00s Real=0.00s
[62.136s][info][gc,start       ] GC(456) Pause Young (Normal) (G1 Evacuation Pause)
[62.136s][info][gc,task        ] GC(456) Using 9 workers of 33 for evacuation
[62.145s][info][gc,phases      ] GC(456)   Pre Evacuate Collection Set: 0.1ms
[62.145s][info][gc,phases      ] GC(456)   Merge Heap Roots: 0.1ms
[62.145s][info][gc,phases      ] GC(456)   Evacuate Collection Set: 8.1ms
[62.145s][info][gc,phases      ] GC(456)   Post Evacuate Collection Set: 0.4ms
[62.145s][info][gc,phases      ] GC(456)   Other: 0.2ms
[62.145s][info][gc,heap        ] GC(456) Eden regions: 199->0(199)
[62.145s][info][gc,heap        ] GC(456) Survivor regions: 17->13(27)
[62.145s][info][gc,heap        ] GC(456) Old regions: 122->130
[62.145s][info][gc,heap        ] GC(456) Archive regions: 0->0
[62.145s][info][gc,heap        ] GC(456) Humongous regions: 15->15
[62.145s][info][gc,metaspace   ] GC(456) Metaspace: 60945K(61888K)->60945K(61888K) NonClass: 53378K(53888K)->53378K(53888K) Class: 7567K(8000K)->7567K(8000K)
[62.145s][info][gc             ] GC(456) Pause Young (Normal) (G1 Evacuation Pause) 347M->151M(391M) 9.357ms
[62.146s][info][gc,cpu         ] GC(456) User=0.14s Sys=0.00s Real=0.02s
[62.217s][info][gc,start       ] GC(457) Pause Young (Normal) (G1 Evacuation Pause)
[62.217s][info][gc,task        ] GC(457) Using 9 workers of 33 for evacuation
[62.223s][info][gc,phases      ] GC(457)   Pre Evacuate Collection Set: 0.1ms
[62.223s][info][gc,phases      ] GC(457)   Merge Heap Roots: 0.1ms
[62.223s][info][gc,phases      ] GC(457)   Evacuate Collection Set: 4.9ms
[62.223s][info][gc,phases      ] GC(457)   Post Evacuate Collection Set: 0.4ms
[62.223s][info][gc,phases      ] GC(457)   Other: 0.1ms
[62.223s][info][gc,heap        ] GC(457) Eden regions: 199->0(199)
[62.223s][info][gc,heap        ] GC(457) Survivor regions: 13->13(27)
[62.223s][info][gc,heap        ] GC(457) Old regions: 130->130
[62.223s][info][gc,heap        ] GC(457) Archive regions: 0->0
[62.223s][info][gc,heap        ] GC(457) Humongous regions: 15->15
[62.223s][info][gc,metaspace   ] GC(457) Metaspace: 60945K(61888K)->60945K(61888K) NonClass: 53378K(53888K)->53378K(53888K) Class: 7567K(8000K)->7567K(8000K)
[62.223s][info][gc             ] GC(457) Pause Young (Normal) (G1 Evacuation Pause) 350M->151M(391M) 6.071ms
[62.223s][info][gc,cpu         ] GC(457) User=0.00s Sys=0.00s Real=0.00s
[62.288s][info][gc,start       ] GC(458) Pause Young (Normal) (G1 Evacuation Pause)
[62.288s][info][gc,task        ] GC(458) Using 9 workers of 33 for evacuation
[62.294s][info][gc,phases      ] GC(458)   Pre Evacuate Collection Set: 0.1ms
[62.294s][info][gc,phases      ] GC(458)   Merge Heap Roots: 0.1ms
[62.294s][info][gc,phases      ] GC(458)   Evacuate Collection Set: 4.9ms
[62.294s][info][gc,phases      ] GC(458)   Post Evacuate Collection Set: 0.4ms
[62.294s][info][gc,phases      ] GC(458)   Other: 0.1ms
[62.294s][info][gc,heap        ] GC(458) Eden regions: 199->0(199)
[62.294s][info][gc,heap        ] GC(458) Survivor regions: 13->13(27)
[62.294s][info][gc,heap        ] GC(458) Old regions: 130->130
[62.294s][info][gc,heap        ] GC(458) Archive regions: 0->0
[62.294s][info][gc,heap        ] GC(458) Humongous regions: 15->15
[62.294s][info][gc,metaspace   ] GC(458) Metaspace: 60945K(61888K)->60945K(61888K) NonClass: 53378K(53888K)->53378K(53888K) Class: 7567K(8000K)->7567K(8000K)
[62.294s][info][gc             ] GC(458) Pause Young (Normal) (G1 Evacuation Pause) 350M->151M(391M) 6.056ms
[62.294s][info][gc,cpu         ] GC(458) User=0.14s Sys=0.00s Real=0.02s
[62.359s][info][gc,start       ] GC(459) Pause Young (Normal) (G1 Evacuation Pause)
[62.359s][info][gc,task        ] GC(459) Using 9 workers of 33 for evacuation
[62.365s][info][gc,phases      ] GC(459)   Pre Evacuate Collection Set: 0.1ms
[62.365s][info][gc,phases      ] GC(459)   Merge Heap Roots: 0.1ms
[62.365s][info][gc,phases      ] GC(459)   Evacuate Collection Set: 4.9ms
[62.365s][info][gc,phases      ] GC(459)   Post Evacuate Collection Set: 0.7ms
[62.365s][info][gc,phases      ] GC(459)   Other: 0.1ms
[62.365s][info][gc,heap        ] GC(459) Eden regions: 199->0(218)
[62.365s][info][gc,heap        ] GC(459) Survivor regions: 13->13(27)
[62.365s][info][gc,heap        ] GC(459) Old regions: 130->130
[62.365s][info][gc,heap        ] GC(459) Archive regions: 0->0
[62.365s][info][gc,heap        ] GC(459) Humongous regions: 15->15
[62.365s][info][gc,metaspace   ] GC(459) Metaspace: 60945K(61888K)->60945K(61888K) NonClass: 53378K(53888K)->53378K(53888K) Class: 7567K(8000K)->7567K(8000K)
[62.365s][info][gc             ] GC(459) Pause Young (Normal) (G1 Evacuation Pause) 350M->151M(411M) 6.435ms
[62.365s][info][gc,cpu         ] GC(459) User=0.00s Sys=0.00s Real=0.00s
[62.493s][info][gc,start       ] GC(460) Pause Young (Normal) (G1 Evacuation Pause)
[62.493s][info][gc,task        ] GC(460) Using 9 workers of 33 for evacuation
[62.500s][info][gc,phases      ] GC(460)   Pre Evacuate Collection Set: 0.1ms
[62.500s][info][gc,phases      ] GC(460)   Merge Heap Roots: 0.1ms
[62.500s][info][gc,phases      ] GC(460)   Evacuate Collection Set: 5.2ms
[62.500s][info][gc,phases      ] GC(460)   Post Evacuate Collection Set: 0.6ms
[62.500s][info][gc,phases      ] GC(460)   Other: 0.2ms
[62.500s][info][gc,heap        ] GC(460) Eden regions: 218->0(218)
[62.500s][info][gc,heap        ] GC(460) Survivor regions: 13->13(29)
[62.500s][info][gc,heap        ] GC(460) Old regions: 130->130
[62.500s][info][gc,heap        ] GC(460) Archive regions: 0->0
[62.500s][info][gc,heap        ] GC(460) Humongous regions: 15->15
[62.500s][info][gc,metaspace   ] GC(460) Metaspace: 60945K(61888K)->60945K(61888K) NonClass: 53378K(53888K)->53378K(53888K) Class: 7567K(8000K)->7567K(8000K)
[62.500s][info][gc             ] GC(460) Pause Young (Normal) (G1 Evacuation Pause) 369M->151M(411M) 6.669ms
[62.500s][info][gc,cpu         ] GC(460) User=0.00s Sys=0.00s Real=0.00s
[62.638s][info][gc,start       ] GC(461) Pause Young (Normal) (G1 Evacuation Pause)
[62.657s][info][gc,task        ] GC(461) Using 9 workers of 33 for evacuation
[62.664s][info][gc,phases      ] GC(461)   Pre Evacuate Collection Set: 0.1ms
[62.664s][info][gc,phases      ] GC(461)   Merge Heap Roots: 0.1ms
[62.664s][info][gc,phases      ] GC(461)   Evacuate Collection Set: 5.9ms
[62.664s][info][gc,phases      ] GC(461)   Post Evacuate Collection Set: 0.6ms
[62.664s][info][gc,phases      ] GC(461)   Other: 0.2ms
[62.665s][info][gc,heap        ] GC(461) Eden regions: 218->0(218)
[62.665s][info][gc,heap        ] GC(461) Survivor regions: 13->13(29)
[62.665s][info][gc,heap        ] GC(461) Old regions: 130->130
[62.665s][info][gc,heap        ] GC(461) Archive regions: 0->0
[62.665s][info][gc,heap        ] GC(461) Humongous regions: 15->15
[62.665s][info][gc,metaspace   ] GC(461) Metaspace: 60945K(61888K)->60945K(61888K) NonClass: 53378K(53888K)->53378K(53888K) Class: 7567K(8000K)->7567K(8000K)
[62.665s][info][gc             ] GC(461) Pause Young (Normal) (G1 Evacuation Pause) 369M->151M(411M) 26.373ms
[62.665s][info][gc,cpu         ] GC(461) User=0.00s Sys=0.02s Real=0.03s
[62.809s][info][gc,start       ] GC(462) Pause Young (Normal) (G1 Evacuation Pause)
[62.809s][info][gc,task        ] GC(462) Using 9 workers of 33 for evacuation
[62.815s][info][gc,phases      ] GC(462)   Pre Evacuate Collection Set: 0.1ms
[62.815s][info][gc,phases      ] GC(462)   Merge Heap Roots: 0.1ms
[62.815s][info][gc,phases      ] GC(462)   Evacuate Collection Set: 5.0ms
[62.815s][info][gc,phases      ] GC(462)   Post Evacuate Collection Set: 0.4ms
[62.815s][info][gc,phases      ] GC(462)   Other: 0.1ms
[62.815s][info][gc,heap        ] GC(462) Eden regions: 218->0(218)
[62.815s][info][gc,heap        ] GC(462) Survivor regions: 13->13(29)
[62.815s][info][gc,heap        ] GC(462) Old regions: 130->130
[62.815s][info][gc,heap        ] GC(462) Archive regions: 0->0
[62.815s][info][gc,heap        ] GC(462) Humongous regions: 15->15
[62.815s][info][gc,metaspace   ] GC(462) Metaspace: 60945K(61888K)->60945K(61888K) NonClass: 53378K(53888K)->53378K(53888K) Class: 7567K(8000K)->7567K(8000K)
[62.815s][info][gc             ] GC(462) Pause Young (Normal) (G1 Evacuation Pause) 369M->151M(411M) 6.210ms
[62.815s][info][gc,cpu         ] GC(462) User=0.00s Sys=0.00s Real=0.00s
[62.952s][info][gc,start       ] GC(463) Pause Young (Normal) (G1 Evacuation Pause)
[62.952s][info][gc,task        ] GC(463) Using 9 workers of 33 for evacuation
[62.960s][info][gc,phases      ] GC(463)   Pre Evacuate Collection Set: 0.1ms
[62.960s][info][gc,phases      ] GC(463)   Merge Heap Roots: 0.1ms
[62.960s][info][gc,phases      ] GC(463)   Evacuate Collection Set: 6.9ms
[62.960s][info][gc,phases      ] GC(463)   Post Evacuate Collection Set: 0.4ms
[62.960s][info][gc,phases      ] GC(463)   Other: 0.2ms
[62.960s][info][gc,heap        ] GC(463) Eden regions: 218->0(218)
[62.960s][info][gc,heap        ] GC(463) Survivor regions: 13->13(29)
[62.960s][info][gc,heap        ] GC(463) Old regions: 130->130
[62.960s][info][gc,heap        ] GC(463) Archive regions: 0->0
[62.960s][info][gc,heap        ] GC(463) Humongous regions: 15->15
[62.960s][info][gc,metaspace   ] GC(463) Metaspace: 60945K(61888K)->60945K(61888K) NonClass: 53378K(53888K)->53378K(53888K) Class: 7567K(8000K)->7567K(8000K)
[62.960s][info][gc             ] GC(463) Pause Young (Normal) (G1 Evacuation Pause) 369M->151M(411M) 8.136ms
[62.960s][info][gc,cpu         ] GC(463) User=0.00s Sys=0.00s Real=0.00s
[63.093s][info][gc,start       ] GC(464) Pause Full (System.gc())
[63.093s][info][gc,task        ] GC(464) Using 9 workers of 33 for full compaction
[63.094s][info][gc,phases,start] GC(464) Phase 1: Mark live objects
[63.124s][info][gc,phases      ] GC(464) Phase 1: Mark live objects 30.934ms
[63.125s][info][gc,phases,start] GC(464) Phase 2: Prepare compaction
[63.129s][info][gc,phases      ] GC(464) Phase 2: Prepare compaction 4.599ms
[63.129s][info][gc,phases,start] GC(464) Phase 3: Adjust pointers
[63.137s][info][gc,phases      ] GC(464) Phase 3: Adjust pointers 7.545ms
[63.137s][info][gc,phases,start] GC(464) Phase 4: Compact heap
[63.137s][info][gc,phases      ] GC(464) Phase 4: Compact heap 0.431ms
[63.145s][info][gc,heap        ] GC(464) Eden regions: 173->0(216)
[63.145s][info][gc,heap        ] GC(464) Survivor regions: 13->0(29)
[63.145s][info][gc,heap        ] GC(464) Old regions: 130->99
[63.145s][info][gc,heap        ] GC(464) Archive regions: 0->0
[63.145s][info][gc,heap        ] GC(464) Humongous regions: 20->9
[63.145s][info][gc,metaspace   ] GC(464) Metaspace: 60951K(61888K)->60951K(61888K) NonClass: 53383K(53888K)->53383K(53888K) Class: 7567K(8000K)->7567K(8000K)
[63.145s][info][gc             ] GC(464) Pause Full (System.gc()) 328M->102M(360M) 51.934ms
[63.145s][info][gc,cpu         ] GC(464) User=0.38s Sys=0.00s Real=0.05s
[63.284s][info][gc,start       ] GC(465) Pause Young (Normal) (G1 Evacuation Pause)
[63.285s][info][gc,task        ] GC(465) Using 8 workers of 33 for evacuation
[63.289s][info][gc,phases      ] GC(465)   Pre Evacuate Collection Set: 0.2ms
[63.289s][info][gc,phases      ] GC(465)   Merge Heap Roots: 0.1ms
[63.289s][info][gc,phases      ] GC(465)   Evacuate Collection Set: 3.6ms
[63.289s][info][gc,phases      ] GC(465)   Post Evacuate Collection Set: 0.7ms
[63.289s][info][gc,phases      ] GC(465)   Other: 0.2ms
[63.289s][info][gc,heap        ] GC(465) Eden regions: 216->0(209)
[63.289s][info][gc,heap        ] GC(465) Survivor regions: 0->7(27)
[63.289s][info][gc,heap        ] GC(465) Old regions: 99->99
[63.289s][info][gc,heap        ] GC(465) Archive regions: 0->0
[63.290s][info][gc,heap        ] GC(465) Humongous regions: 19->9
[63.290s][info][gc,metaspace   ] GC(465) Metaspace: 60960K(61888K)->60960K(61888K) NonClass: 53393K(53888K)->53393K(53888K) Class: 7567K(8000K)->7567K(8000K)
[63.290s][info][gc             ] GC(465) Pause Young (Normal) (G1 Evacuation Pause) 328M->109M(360M) 5.234ms
[63.290s][info][gc,cpu         ] GC(465) User=0.00s Sys=0.00s Real=0.00s
[63.357s][info][gc,start       ] GC(466) Pause Young (Normal) (G1 Evacuation Pause)
[63.357s][info][gc,task        ] GC(466) Using 8 workers of 33 for evacuation
[63.367s][info][gc,phases      ] GC(466)   Pre Evacuate Collection Set: 0.1ms
[63.367s][info][gc,phases      ] GC(466)   Merge Heap Roots: 0.1ms
[63.368s][info][gc,phases      ] GC(466)   Evacuate Collection Set: 9.3ms
[63.368s][info][gc,phases      ] GC(466)   Post Evacuate Collection Set: 0.7ms
[63.368s][info][gc,phases      ] GC(466)   Other: 0.2ms
[63.368s][info][gc,heap        ] GC(466) Eden regions: 209->0(201)
[63.368s][info][gc,heap        ] GC(466) Survivor regions: 7->15(27)
[63.368s][info][gc,heap        ] GC(466) Old regions: 99->99
[63.368s][info][gc,heap        ] GC(466) Archive regions: 0->0
[63.368s][info][gc,heap        ] GC(466) Humongous regions: 12->12
[63.368s][info][gc,metaspace   ] GC(466) Metaspace: 60961K(61888K)->60961K(61888K) NonClass: 53393K(53888K)->53393K(53888K) Class: 7567K(8000K)->7567K(8000K)
[63.368s][info][gc             ] GC(466) Pause Young (Normal) (G1 Evacuation Pause) 321M->119M(360M) 10.949ms
[63.368s][info][gc,cpu         ] GC(466) User=0.00s Sys=0.00s Real=0.00s
[63.430s][info][gc,start       ] GC(467) Pause Young (Normal) (G1 Evacuation Pause)
[63.430s][info][gc,task        ] GC(467) Using 8 workers of 33 for evacuation
[63.445s][info][gc,phases      ] GC(467)   Pre Evacuate Collection Set: 0.1ms
[63.445s][info][gc,phases      ] GC(467)   Merge Heap Roots: 0.1ms
[63.445s][info][gc,phases      ] GC(467)   Evacuate Collection Set: 13.4ms
[63.445s][info][gc,phases      ] GC(467)   Post Evacuate Collection Set: 0.6ms
[63.445s][info][gc,phases      ] GC(467)   Other: 0.2ms
[63.445s][info][gc,heap        ] GC(467) Eden regions: 201->0(185)
[63.445s][info][gc,heap        ] GC(467) Survivor regions: 15->23(27)
[63.445s][info][gc,heap        ] GC(467) Old regions: 99->99
[63.445s][info][gc,heap        ] GC(467) Archive regions: 0->0
[63.445s][info][gc,heap        ] GC(467) Humongous regions: 12->12
[63.445s][info][gc,metaspace   ] GC(467) Metaspace: 60961K(61888K)->60961K(61888K) NonClass: 53393K(53888K)->53393K(53888K) Class: 7567K(8000K)->7567K(8000K)
[63.445s][info][gc             ] GC(467) Pause Young (Normal) (G1 Evacuation Pause) 320M->128M(360M) 14.873ms
[63.445s][info][gc,cpu         ] GC(467) User=0.13s Sys=0.00s Real=0.01s
[63.503s][info][gc,start       ] GC(468) Pause Young (Normal) (G1 Evacuation Pause)
[63.503s][info][gc,task        ] GC(468) Using 8 workers of 33 for evacuation
[63.520s][info][gc,phases      ] GC(468)   Pre Evacuate Collection Set: 0.1ms
[63.520s][info][gc,phases      ] GC(468)   Merge Heap Roots: 0.1ms
[63.520s][info][gc,phases      ] GC(468)   Evacuate Collection Set: 15.3ms
[63.520s][info][gc,phases      ] GC(468)   Post Evacuate Collection Set: 0.8ms
[63.520s][info][gc,phases      ] GC(468)   Other: 0.2ms
[63.520s][info][gc,heap        ] GC(468) Eden regions: 185->0(207)
[63.520s][info][gc,heap        ] GC(468) Survivor regions: 23->17(26)
[63.520s][info][gc,heap        ] GC(468) Old regions: 99->114
[63.520s][info][gc,heap        ] GC(468) Archive regions: 0->0
[63.520s][info][gc,heap        ] GC(468) Humongous regions: 15->15
[63.520s][info][gc,metaspace   ] GC(468) Metaspace: 60961K(61888K)->60961K(61888K) NonClass: 53393K(53888K)->53393K(53888K) Class: 7567K(8000K)->7567K(8000K)
[63.520s][info][gc             ] GC(468) Pause Young (Normal) (G1 Evacuation Pause) 316M->139M(391M) 16.971ms
[63.520s][info][gc,cpu         ] GC(468) User=0.13s Sys=0.00s Real=0.02s
[63.591s][info][gc,start       ] GC(469) Pause Young (Normal) (G1 Evacuation Pause)
[63.591s][info][gc,task        ] GC(469) Using 9 workers of 33 for evacuation
[63.603s][info][gc,phases      ] GC(469)   Pre Evacuate Collection Set: 0.1ms
[63.603s][info][gc,phases      ] GC(469)   Merge Heap Roots: 0.1ms
[63.603s][info][gc,phases      ] GC(469)   Evacuate Collection Set: 10.9ms
[63.603s][info][gc,phases      ] GC(469)   Post Evacuate Collection Set: 0.4ms
[63.603s][info][gc,phases      ] GC(469)   Other: 0.2ms
[63.603s][info][gc,heap        ] GC(469) Eden regions: 207->0(199)
[63.603s][info][gc,heap        ] GC(469) Survivor regions: 17->17(28)
[63.603s][info][gc,heap        ] GC(469) Old regions: 114->122
[63.603s][info][gc,heap        ] GC(469) Archive regions: 0->0
[63.603s][info][gc,heap        ] GC(469) Humongous regions: 15->15
[63.603s][info][gc,metaspace   ] GC(469) Metaspace: 60961K(61888K)->60961K(61888K) NonClass: 53393K(53888K)->53393K(53888K) Class: 7567K(8000K)->7567K(8000K)
[63.603s][info][gc             ] GC(469) Pause Young (Normal) (G1 Evacuation Pause) 346M->147M(391M) 12.153ms
[63.603s][info][gc,cpu         ] GC(469) User=0.14s Sys=0.00s Real=0.02s
[63.670s][info][gc,start       ] GC(470) Pause Young (Normal) (G1 Evacuation Pause)
[63.670s][info][gc,task        ] GC(470) Using 9 workers of 33 for evacuation
[63.678s][info][gc,phases      ] GC(470)   Pre Evacuate Collection Set: 0.1ms
[63.679s][info][gc,phases      ] GC(470)   Merge Heap Roots: 0.1ms
[63.679s][info][gc,phases      ] GC(470)   Evacuate Collection Set: 7.8ms
[63.679s][info][gc,phases      ] GC(470)   Post Evacuate Collection Set: 0.4ms
[63.679s][info][gc,phases      ] GC(470)   Other: 0.2ms
[63.679s][info][gc,heap        ] GC(470) Eden regions: 199->0(199)
[63.679s][info][gc,heap        ] GC(470) Survivor regions: 17->13(27)
[63.679s][info][gc,heap        ] GC(470) Old regions: 122->130
[63.679s][info][gc,heap        ] GC(470) Archive regions: 0->0
[63.679s][info][gc,heap        ] GC(470) Humongous regions: 15->15
[63.679s][info][gc,metaspace   ] GC(470) Metaspace: 60961K(61888K)->60961K(61888K) NonClass: 53394K(53888K)->53394K(53888K) Class: 7567K(8000K)->7567K(8000K)
[63.679s][info][gc             ] GC(470) Pause Young (Normal) (G1 Evacuation Pause) 346M->151M(391M) 9.100ms
[63.679s][info][gc,cpu         ] GC(470) User=0.14s Sys=0.00s Real=0.02s
[63.744s][info][gc,start       ] GC(471) Pause Young (Normal) (G1 Evacuation Pause)
[63.744s][info][gc,task        ] GC(471) Using 9 workers of 33 for evacuation
[63.749s][info][gc,phases      ] GC(471)   Pre Evacuate Collection Set: 0.1ms
[63.749s][info][gc,phases      ] GC(471)   Merge Heap Roots: 0.1ms
[63.749s][info][gc,phases      ] GC(471)   Evacuate Collection Set: 4.8ms
[63.749s][info][gc,phases      ] GC(471)   Post Evacuate Collection Set: 0.4ms
[63.749s][info][gc,phases      ] GC(471)   Other: 0.1ms
[63.749s][info][gc,heap        ] GC(471) Eden regions: 199->0(199)
[63.749s][info][gc,heap        ] GC(471) Survivor regions: 13->13(27)
[63.749s][info][gc,heap        ] GC(471) Old regions: 130->130
[63.749s][info][gc,heap        ] GC(471) Archive regions: 0->0
[63.749s][info][gc,heap        ] GC(471) Humongous regions: 15->15
[63.750s][info][gc,metaspace   ] GC(471) Metaspace: 60961K(61888K)->60961K(61888K) NonClass: 53394K(53888K)->53394K(53888K) Class: 7567K(8000K)->7567K(8000K)
[63.750s][info][gc             ] GC(471) Pause Young (Normal) (G1 Evacuation Pause) 350M->151M(391M) 6.025ms
[63.750s][info][gc,cpu         ] GC(471) User=0.00s Sys=0.00s Real=0.00s
[63.814s][info][gc,start       ] GC(472) Pause Young (Normal) (G1 Evacuation Pause)
[63.814s][info][gc,task        ] GC(472) Using 9 workers of 33 for evacuation
[63.820s][info][gc,phases      ] GC(472)   Pre Evacuate Collection Set: 0.1ms
[63.820s][info][gc,phases      ] GC(472)   Merge Heap Roots: 0.1ms
[63.820s][info][gc,phases      ] GC(472)   Evacuate Collection Set: 4.9ms
[63.820s][info][gc,phases      ] GC(472)   Post Evacuate Collection Set: 0.7ms
[63.820s][info][gc,phases      ] GC(472)   Other: 0.1ms
[63.820s][info][gc,heap        ] GC(472) Eden regions: 199->0(218)
[63.820s][info][gc,heap        ] GC(472) Survivor regions: 13->13(27)
[63.820s][info][gc,heap        ] GC(472) Old regions: 130->130
[63.820s][info][gc,heap        ] GC(472) Archive regions: 0->0
[63.820s][info][gc,heap        ] GC(472) Humongous regions: 15->15
[63.820s][info][gc,metaspace   ] GC(472) Metaspace: 60961K(61888K)->60961K(61888K) NonClass: 53394K(53888K)->53394K(53888K) Class: 7567K(8000K)->7567K(8000K)
[63.820s][info][gc             ] GC(472) Pause Young (Normal) (G1 Evacuation Pause) 350M->151M(411M) 6.421ms
[63.821s][info][gc,cpu         ] GC(472) User=0.14s Sys=0.00s Real=0.01s
[63.896s][info][gc,start       ] GC(473) Pause Young (Normal) (G1 Evacuation Pause)
[63.896s][info][gc,task        ] GC(473) Using 9 workers of 33 for evacuation
[63.901s][info][gc,phases      ] GC(473)   Pre Evacuate Collection Set: 0.1ms
[63.901s][info][gc,phases      ] GC(473)   Merge Heap Roots: 0.1ms
[63.901s][info][gc,phases      ] GC(473)   Evacuate Collection Set: 4.8ms
[63.902s][info][gc,phases      ] GC(473)   Post Evacuate Collection Set: 0.4ms
[63.902s][info][gc,phases      ] GC(473)   Other: 0.1ms
[63.902s][info][gc,heap        ] GC(473) Eden regions: 218->0(218)
[63.902s][info][gc,heap        ] GC(473) Survivor regions: 13->13(29)
[63.902s][info][gc,heap        ] GC(473) Old regions: 130->130
[63.902s][info][gc,heap        ] GC(473) Archive regions: 0->0
[63.902s][info][gc,heap        ] GC(473) Humongous regions: 15->15
[63.902s][info][gc,metaspace   ] GC(473) Metaspace: 60961K(61888K)->60961K(61888K) NonClass: 53394K(53888K)->53394K(53888K) Class: 7567K(8000K)->7567K(8000K)
[63.902s][info][gc             ] GC(473) Pause Young (Normal) (G1 Evacuation Pause) 369M->151M(411M) 6.042ms
[63.902s][info][gc,cpu         ] GC(473) User=0.00s Sys=0.00s Real=0.00s
[64.017s][info][gc,start       ] GC(474) Pause Young (Normal) (G1 Evacuation Pause)
[64.029s][info][gc,task        ] GC(474) Using 9 workers of 33 for evacuation
[64.054s][info][gc,phases      ] GC(474)   Pre Evacuate Collection Set: 0.1ms
[64.054s][info][gc,phases      ] GC(474)   Merge Heap Roots: 0.1ms
[64.054s][info][gc,phases      ] GC(474)   Evacuate Collection Set: 6.3ms
[64.054s][info][gc,phases      ] GC(474)   Post Evacuate Collection Set: 0.6ms
[64.054s][info][gc,phases      ] GC(474)   Other: 17.4ms
[64.054s][info][gc,heap        ] GC(474) Eden regions: 218->0(220)
[64.054s][info][gc,heap        ] GC(474) Survivor regions: 13->12(29)
[64.054s][info][gc,heap        ] GC(474) Old regions: 130->130
[64.054s][info][gc,heap        ] GC(474) Archive regions: 0->0
[64.054s][info][gc,heap        ] GC(474) Humongous regions: 15->15
[64.054s][info][gc,metaspace   ] GC(474) Metaspace: 60963K(61888K)->60963K(61888K) NonClass: 53396K(53888K)->53396K(53888K) Class: 7567K(8000K)->7567K(8000K)
[64.054s][info][gc             ] GC(474) Pause Young (Normal) (G1 Evacuation Pause) 369M->150M(411M) 37.635ms
[64.054s][info][gc,cpu         ] GC(474) User=0.00s Sys=0.00s Real=0.03s
[64.211s][info][gc,start       ] GC(475) Pause Young (Normal) (G1 Evacuation Pause)
[64.211s][info][gc,task        ] GC(475) Using 9 workers of 33 for evacuation
[64.218s][info][gc,phases      ] GC(475)   Pre Evacuate Collection Set: 0.1ms
[64.218s][info][gc,phases      ] GC(475)   Merge Heap Roots: 0.1ms
[64.218s][info][gc,phases      ] GC(475)   Evacuate Collection Set: 5.2ms
[64.218s][info][gc,phases      ] GC(475)   Post Evacuate Collection Set: 0.4ms
[64.218s][info][gc,phases      ] GC(475)   Other: 0.2ms
[64.218s][info][gc,heap        ] GC(475) Eden regions: 220->0(218)
[64.218s][info][gc,heap        ] GC(475) Survivor regions: 12->13(29)
[64.218s][info][gc,heap        ] GC(475) Old regions: 130->130
[64.218s][info][gc,heap        ] GC(475) Archive regions: 0->0
[64.218s][info][gc,heap        ] GC(475) Humongous regions: 15->15
[64.218s][info][gc,metaspace   ] GC(475) Metaspace: 60963K(61888K)->60963K(61888K) NonClass: 53396K(53888K)->53396K(53888K) Class: 7567K(8000K)->7567K(8000K)
[64.218s][info][gc             ] GC(475) Pause Young (Normal) (G1 Evacuation Pause) 370M->151M(411M) 6.527ms
[64.218s][info][gc,cpu         ] GC(475) User=0.14s Sys=0.00s Real=0.02s
[64.357s][info][gc,start       ] GC(476) Pause Young (Normal) (G1 Evacuation Pause)
[64.357s][info][gc,task        ] GC(476) Using 9 workers of 33 for evacuation
[64.363s][info][gc,phases      ] GC(476)   Pre Evacuate Collection Set: 0.1ms
[64.363s][info][gc,phases      ] GC(476)   Merge Heap Roots: 0.1ms
[64.364s][info][gc,phases      ] GC(476)   Evacuate Collection Set: 5.2ms
[64.364s][info][gc,phases      ] GC(476)   Post Evacuate Collection Set: 0.4ms
[64.364s][info][gc,phases      ] GC(476)   Other: 0.2ms
[64.364s][info][gc,heap        ] GC(476) Eden regions: 218->0(218)
[64.364s][info][gc,heap        ] GC(476) Survivor regions: 13->13(29)
[64.364s][info][gc,heap        ] GC(476) Old regions: 130->130
[64.364s][info][gc,heap        ] GC(476) Archive regions: 0->0
[64.364s][info][gc,heap        ] GC(476) Humongous regions: 15->15
[64.364s][info][gc,metaspace   ] GC(476) Metaspace: 60963K(61888K)->60963K(61888K) NonClass: 53396K(53888K)->53396K(53888K) Class: 7567K(8000K)->7567K(8000K)
[64.364s][info][gc             ] GC(476) Pause Young (Normal) (G1 Evacuation Pause) 369M->151M(411M) 6.476ms
[64.364s][info][gc,cpu         ] GC(476) User=0.00s Sys=0.00s Real=0.00s
[64.501s][info][gc,start       ] GC(477) Pause Young (Normal) (G1 Evacuation Pause)
[64.501s][info][gc,task        ] GC(477) Using 9 workers of 33 for evacuation
[64.507s][info][gc,phases      ] GC(477)   Pre Evacuate Collection Set: 0.1ms
[64.507s][info][gc,phases      ] GC(477)   Merge Heap Roots: 0.1ms
[64.507s][info][gc,phases      ] GC(477)   Evacuate Collection Set: 5.2ms
[64.507s][info][gc,phases      ] GC(477)   Post Evacuate Collection Set: 0.4ms
[64.507s][info][gc,phases      ] GC(477)   Other: 0.2ms
[64.507s][info][gc,heap        ] GC(477) Eden regions: 218->0(218)
[64.507s][info][gc,heap        ] GC(477) Survivor regions: 13->13(29)
[64.507s][info][gc,heap        ] GC(477) Old regions: 130->130
[64.507s][info][gc,heap        ] GC(477) Archive regions: 0->0
[64.507s][info][gc,heap        ] GC(477) Humongous regions: 15->15
[64.507s][info][gc,metaspace   ] GC(477) Metaspace: 60963K(61888K)->60963K(61888K) NonClass: 53396K(53888K)->53396K(53888K) Class: 7567K(8000K)->7567K(8000K)
[64.508s][info][gc             ] GC(477) Pause Young (Normal) (G1 Evacuation Pause) 369M->151M(411M) 6.455ms
[64.508s][info][gc,cpu         ] GC(477) User=0.00s Sys=0.00s Real=0.00s
[64.644s][info][gc,start       ] GC(478) Pause Full (System.gc())
[64.644s][info][gc,task        ] GC(478) Using 9 workers of 33 for full compaction
[64.644s][info][gc,phases,start] GC(478) Phase 1: Mark live objects
[64.673s][info][gc,phases      ] GC(478) Phase 1: Mark live objects 28.980ms
[64.673s][info][gc,phases,start] GC(478) Phase 2: Prepare compaction
[64.678s][info][gc,phases      ] GC(478) Phase 2: Prepare compaction 4.716ms
[64.678s][info][gc,phases,start] GC(478) Phase 3: Adjust pointers
[64.685s][info][gc,phases      ] GC(478) Phase 3: Adjust pointers 7.389ms
[64.686s][info][gc,phases,start] GC(478) Phase 4: Compact heap
[64.686s][info][gc,phases      ] GC(478) Phase 4: Compact heap 0.458ms
[64.694s][info][gc,heap        ] GC(478) Eden regions: 153->0(216)
[64.694s][info][gc,heap        ] GC(478) Survivor regions: 13->0(29)
[64.694s][info][gc,heap        ] GC(478) Old regions: 130->99
[64.694s][info][gc,heap        ] GC(478) Archive regions: 0->0
[64.694s][info][gc,heap        ] GC(478) Humongous regions: 20->9
[64.694s][info][gc,metaspace   ] GC(478) Metaspace: 60982K(61888K)->60982K(61888K) NonClass: 53414K(53888K)->53414K(53888K) Class: 7567K(8000K)->7567K(8000K)
[64.694s][info][gc             ] GC(478) Pause Full (System.gc()) 309M->102M(360M) 50.745ms
[64.694s][info][gc,cpu         ] GC(478) User=0.30s Sys=0.00s Real=0.05s
[64.838s][info][gc,start       ] GC(479) Pause Young (Normal) (G1 Evacuation Pause)
[64.839s][info][gc,task        ] GC(479) Using 8 workers of 33 for evacuation
[64.844s][info][gc,phases      ] GC(479)   Pre Evacuate Collection Set: 0.2ms
[64.844s][info][gc,phases      ] GC(479)   Merge Heap Roots: 0.1ms
[64.844s][info][gc,phases      ] GC(479)   Evacuate Collection Set: 4.2ms
[64.844s][info][gc,phases      ] GC(479)   Post Evacuate Collection Set: 0.7ms
[64.844s][info][gc,phases      ] GC(479)   Other: 0.2ms
[64.844s][info][gc,heap        ] GC(479) Eden regions: 216->0(208)
[64.844s][info][gc,heap        ] GC(479) Survivor regions: 0->8(27)
[64.844s][info][gc,heap        ] GC(479) Old regions: 99->99
[64.844s][info][gc,heap        ] GC(479) Archive regions: 0->0
[64.844s][info][gc,heap        ] GC(479) Humongous regions: 19->9
[64.844s][info][gc,metaspace   ] GC(479) Metaspace: 61041K(61952K)->61041K(61952K) NonClass: 53471K(53952K)->53471K(53952K) Class: 7569K(8000K)->7569K(8000K)
[64.844s][info][gc             ] GC(479) Pause Young (Normal) (G1 Evacuation Pause) 328M->109M(360M) 5.878ms
[64.844s][info][gc,cpu         ] GC(479) User=0.00s Sys=0.00s Real=0.00s
[64.912s][info][gc,start       ] GC(480) Pause Young (Normal) (G1 Evacuation Pause)
[64.912s][info][gc,task        ] GC(480) Using 8 workers of 33 for evacuation
[64.923s][info][gc,phases      ] GC(480)   Pre Evacuate Collection Set: 0.1ms
[64.923s][info][gc,phases      ] GC(480)   Merge Heap Roots: 0.1ms
[64.923s][info][gc,phases      ] GC(480)   Evacuate Collection Set: 9.2ms
[64.923s][info][gc,phases      ] GC(480)   Post Evacuate Collection Set: 0.7ms
[64.923s][info][gc,phases      ] GC(480)   Other: 0.2ms
[64.923s][info][gc,heap        ] GC(480) Eden regions: 208->0(201)
[64.923s][info][gc,heap        ] GC(480) Survivor regions: 8->15(27)
[64.923s][info][gc,heap        ] GC(480) Old regions: 99->99
[64.923s][info][gc,heap        ] GC(480) Archive regions: 0->0
[64.923s][info][gc,heap        ] GC(480) Humongous regions: 12->12
[64.923s][info][gc,metaspace   ] GC(480) Metaspace: 61041K(61952K)->61041K(61952K) NonClass: 53471K(53952K)->53471K(53952K) Class: 7569K(8000K)->7569K(8000K)
[64.923s][info][gc             ] GC(480) Pause Young (Normal) (G1 Evacuation Pause) 320M->120M(360M) 10.744ms
[64.923s][info][gc,cpu         ] GC(480) User=0.03s Sys=0.00s Real=0.01s
[64.985s][info][gc,start       ] GC(481) Pause Young (Normal) (G1 Evacuation Pause)
[64.985s][info][gc,task        ] GC(481) Using 8 workers of 33 for evacuation
[64.997s][info][gc,phases      ] GC(481)   Pre Evacuate Collection Set: 0.2ms
[64.997s][info][gc,phases      ] GC(481)   Merge Heap Roots: 0.1ms
[64.997s][info][gc,phases      ] GC(481)   Evacuate Collection Set: 11.2ms
[64.997s][info][gc,phases      ] GC(481)   Post Evacuate Collection Set: 0.5ms
[64.997s][info][gc,phases      ] GC(481)   Other: 0.1ms
[64.997s][info][gc,heap        ] GC(481) Eden regions: 201->0(188)
[64.997s][info][gc,heap        ] GC(481) Survivor regions: 15->18(27)
[64.997s][info][gc,heap        ] GC(481) Old regions: 99->106
[64.997s][info][gc,heap        ] GC(481) Archive regions: 0->0
[64.997s][info][gc,heap        ] GC(481) Humongous regions: 12->12
[64.997s][info][gc,metaspace   ] GC(481) Metaspace: 61041K(61952K)->61041K(61952K) NonClass: 53471K(53952K)->53471K(53952K) Class: 7569K(8000K)->7569K(8000K)
[64.997s][info][gc             ] GC(481) Pause Young (Normal) (G1 Evacuation Pause) 321M->128M(360M) 12.602ms
[64.998s][info][gc,cpu         ] GC(481) User=0.00s Sys=0.02s Real=0.02s
[65.058s][info][gc,start       ] GC(482) Pause Young (Normal) (G1 Evacuation Pause)
[65.058s][info][gc,task        ] GC(482) Using 8 workers of 33 for evacuation
[65.073s][info][gc,phases      ] GC(482)   Pre Evacuate Collection Set: 0.1ms
[65.073s][info][gc,phases      ] GC(482)   Merge Heap Roots: 0.1ms
[65.073s][info][gc,phases      ] GC(482)   Evacuate Collection Set: 14.2ms
[65.073s][info][gc,phases      ] GC(482)   Post Evacuate Collection Set: 0.9ms
[65.073s][info][gc,phases      ] GC(482)   Other: 0.2ms
[65.073s][info][gc,heap        ] GC(482) Eden regions: 188->0(207)
[65.074s][info][gc,heap        ] GC(482) Survivor regions: 18->17(26)
[65.074s][info][gc,heap        ] GC(482) Old regions: 106->114
[65.074s][info][gc,heap        ] GC(482) Archive regions: 0->0
[65.074s][info][gc,heap        ] GC(482) Humongous regions: 15->15
[65.074s][info][gc,metaspace   ] GC(482) Metaspace: 61041K(61952K)->61041K(61952K) NonClass: 53471K(53952K)->53471K(53952K) Class: 7569K(8000K)->7569K(8000K)
[65.074s][info][gc             ] GC(482) Pause Young (Normal) (G1 Evacuation Pause) 319M->139M(391M) 16.028ms
[65.074s][info][gc,cpu         ] GC(482) User=0.13s Sys=0.00s Real=0.02s
[65.145s][info][gc,start       ] GC(483) Pause Young (Normal) (G1 Evacuation Pause)
[65.145s][info][gc,task        ] GC(483) Using 9 workers of 33 for evacuation
[65.158s][info][gc,phases      ] GC(483)   Pre Evacuate Collection Set: 0.1ms
[65.158s][info][gc,phases      ] GC(483)   Merge Heap Roots: 0.1ms
[65.158s][info][gc,phases      ] GC(483)   Evacuate Collection Set: 11.8ms
[65.158s][info][gc,phases      ] GC(483)   Post Evacuate Collection Set: 0.4ms
[65.158s][info][gc,phases      ] GC(483)   Other: 0.2ms
[65.158s][info][gc,heap        ] GC(483) Eden regions: 207->0(198)
[65.158s][info][gc,heap        ] GC(483) Survivor regions: 17->17(28)
[65.158s][info][gc,heap        ] GC(483) Old regions: 114->123
[65.158s][info][gc,heap        ] GC(483) Archive regions: 0->0
[65.158s][info][gc,heap        ] GC(483) Humongous regions: 15->15
[65.158s][info][gc,metaspace   ] GC(483) Metaspace: 61041K(61952K)->61041K(61952K) NonClass: 53471K(53952K)->53471K(53952K) Class: 7569K(8000K)->7569K(8000K)
[65.158s][info][gc             ] GC(483) Pause Young (Normal) (G1 Evacuation Pause) 346M->149M(391M) 12.995ms
[65.158s][info][gc,cpu         ] GC(483) User=0.14s Sys=0.00s Real=0.02s
[65.225s][info][gc,start       ] GC(484) Pause Young (Normal) (G1 Evacuation Pause)
[65.225s][info][gc,task        ] GC(484) Using 9 workers of 33 for evacuation
[65.234s][info][gc,phases      ] GC(484)   Pre Evacuate Collection Set: 0.1ms
[65.234s][info][gc,phases      ] GC(484)   Merge Heap Roots: 0.1ms
[65.234s][info][gc,phases      ] GC(484)   Evacuate Collection Set: 8.0ms
[65.234s][info][gc,phases      ] GC(484)   Post Evacuate Collection Set: 0.4ms
[65.234s][info][gc,phases      ] GC(484)   Other: 0.2ms
[65.234s][info][gc,heap        ] GC(484) Eden regions: 198->0(198)
[65.234s][info][gc,heap        ] GC(484) Survivor regions: 17->13(27)
[65.234s][info][gc,heap        ] GC(484) Old regions: 123->131
[65.234s][info][gc,heap        ] GC(484) Archive regions: 0->0
[65.234s][info][gc,heap        ] GC(484) Humongous regions: 15->15
[65.234s][info][gc,metaspace   ] GC(484) Metaspace: 61042K(61952K)->61042K(61952K) NonClass: 53472K(53952K)->53472K(53952K) Class: 7569K(8000K)->7569K(8000K)
[65.234s][info][gc             ] GC(484) Pause Young (Normal) (G1 Evacuation Pause) 347M->152M(391M) 9.332ms
[65.234s][info][gc,cpu         ] GC(484) User=0.14s Sys=0.00s Real=0.02s
[65.300s][info][gc,start       ] GC(485) Pause Young (Normal) (G1 Evacuation Pause)
[65.300s][info][gc,task        ] GC(485) Using 9 workers of 33 for evacuation
[65.306s][info][gc,phases      ] GC(485)   Pre Evacuate Collection Set: 0.1ms
[65.306s][info][gc,phases      ] GC(485)   Merge Heap Roots: 0.1ms
[65.306s][info][gc,phases      ] GC(485)   Evacuate Collection Set: 5.1ms
[65.306s][info][gc,phases      ] GC(485)   Post Evacuate Collection Set: 0.4ms
[65.306s][info][gc,phases      ] GC(485)   Other: 0.1ms
[65.306s][info][gc,heap        ] GC(485) Eden regions: 198->0(200)
[65.306s][info][gc,heap        ] GC(485) Survivor regions: 13->12(27)
[65.306s][info][gc,heap        ] GC(485) Old regions: 131->131
[65.306s][info][gc,heap        ] GC(485) Archive regions: 0->0
[65.306s][info][gc,heap        ] GC(485) Humongous regions: 15->15
[65.306s][info][gc,metaspace   ] GC(485) Metaspace: 61042K(61952K)->61042K(61952K) NonClass: 53472K(53952K)->53472K(53952K) Class: 7569K(8000K)->7569K(8000K)
[65.306s][info][gc             ] GC(485) Pause Young (Normal) (G1 Evacuation Pause) 350M->151M(391M) 6.286ms
[65.306s][info][gc,cpu         ] GC(485) User=0.00s Sys=0.00s Real=0.00s
[65.373s][info][gc,start       ] GC(486) Pause Young (Normal) (G1 Evacuation Pause)
[65.410s][info][gc,task        ] GC(486) Using 9 workers of 33 for evacuation
[65.417s][info][gc,phases      ] GC(486)   Pre Evacuate Collection Set: 0.1ms
[65.417s][info][gc,phases      ] GC(486)   Merge Heap Roots: 0.1ms
[65.417s][info][gc,phases      ] GC(486)   Evacuate Collection Set: 5.8ms
[65.417s][info][gc,phases      ] GC(486)   Post Evacuate Collection Set: 0.7ms
[65.417s][info][gc,phases      ] GC(486)   Other: 0.2ms
[65.417s][info][gc,heap        ] GC(486) Eden regions: 200->0(219)
[65.417s][info][gc,heap        ] GC(486) Survivor regions: 12->12(27)
[65.417s][info][gc,heap        ] GC(486) Old regions: 131->131
[65.417s][info][gc,heap        ] GC(486) Archive regions: 0->0
[65.417s][info][gc,heap        ] GC(486) Humongous regions: 15->15
[65.417s][info][gc,metaspace   ] GC(486) Metaspace: 61042K(61952K)->61042K(61952K) NonClass: 53472K(53952K)->53472K(53952K) Class: 7569K(8000K)->7569K(8000K)
[65.417s][info][gc             ] GC(486) Pause Young (Normal) (G1 Evacuation Pause) 351M->151M(410M) 44.172ms
[65.417s][info][gc,cpu         ] GC(486) User=0.02s Sys=0.02s Real=0.05s
[65.507s][info][gc,start       ] GC(487) Pause Young (Normal) (G1 Evacuation Pause)
[65.507s][info][gc,task        ] GC(487) Using 9 workers of 33 for evacuation
[65.512s][info][gc,phases      ] GC(487)   Pre Evacuate Collection Set: 0.1ms
[65.512s][info][gc,phases      ] GC(487)   Merge Heap Roots: 0.1ms
[65.512s][info][gc,phases      ] GC(487)   Evacuate Collection Set: 4.8ms
[65.512s][info][gc,phases      ] GC(487)   Post Evacuate Collection Set: 0.4ms
[65.512s][info][gc,phases      ] GC(487)   Other: 0.1ms
[65.512s][info][gc,heap        ] GC(487) Eden regions: 219->0(217)
[65.512s][info][gc,heap        ] GC(487) Survivor regions: 12->13(29)
[65.512s][info][gc,heap        ] GC(487) Old regions: 131->131
[65.513s][info][gc,heap        ] GC(487) Archive regions: 0->0
[65.513s][info][gc,heap        ] GC(487) Humongous regions: 15->15
[65.513s][info][gc,metaspace   ] GC(487) Metaspace: 61042K(61952K)->61042K(61952K) NonClass: 53472K(53952K)->53472K(53952K) Class: 7569K(8000K)->7569K(8000K)
[65.513s][info][gc             ] GC(487) Pause Young (Normal) (G1 Evacuation Pause) 370M->152M(410M) 5.929ms
[65.513s][info][gc,cpu         ] GC(487) User=0.14s Sys=0.00s Real=0.02s
[65.624s][info][gc,start       ] GC(488) Pause Young (Normal) (G1 Evacuation Pause)
[65.624s][info][gc,task        ] GC(488) Using 9 workers of 33 for evacuation
[65.630s][info][gc,phases      ] GC(488)   Pre Evacuate Collection Set: 0.1ms
[65.630s][info][gc,phases      ] GC(488)   Merge Heap Roots: 0.1ms
[65.630s][info][gc,phases      ] GC(488)   Evacuate Collection Set: 5.1ms
[65.630s][info][gc,phases      ] GC(488)   Post Evacuate Collection Set: 0.6ms
[65.630s][info][gc,phases      ] GC(488)   Other: 0.2ms
[65.630s][info][gc,heap        ] GC(488) Eden regions: 217->0(219)
[65.630s][info][gc,heap        ] GC(488) Survivor regions: 13->12(29)
[65.630s][info][gc,heap        ] GC(488) Old regions: 131->131
[65.630s][info][gc,heap        ] GC(488) Archive regions: 0->0
[65.630s][info][gc,heap        ] GC(488) Humongous regions: 15->15
[65.630s][info][gc,metaspace   ] GC(488) Metaspace: 61043K(61952K)->61043K(61952K) NonClass: 53473K(53952K)->53473K(53952K) Class: 7569K(8000K)->7569K(8000K)
[65.630s][info][gc             ] GC(488) Pause Young (Normal) (G1 Evacuation Pause) 369M->152M(410M) 6.546ms
[65.631s][info][gc,cpu         ] GC(488) User=0.00s Sys=0.00s Real=0.00s
[65.769s][info][gc,start       ] GC(489) Pause Young (Normal) (G1 Evacuation Pause)
[65.769s][info][gc,task        ] GC(489) Using 9 workers of 33 for evacuation
[65.775s][info][gc,phases      ] GC(489)   Pre Evacuate Collection Set: 0.1ms
[65.775s][info][gc,phases      ] GC(489)   Merge Heap Roots: 0.1ms
[65.775s][info][gc,phases      ] GC(489)   Evacuate Collection Set: 5.2ms
[65.775s][info][gc,phases      ] GC(489)   Post Evacuate Collection Set: 0.4ms
[65.775s][info][gc,phases      ] GC(489)   Other: 0.2ms
[65.775s][info][gc,heap        ] GC(489) Eden regions: 219->0(219)
[65.775s][info][gc,heap        ] GC(489) Survivor regions: 12->12(29)
[65.775s][info][gc,heap        ] GC(489) Old regions: 131->131
[65.775s][info][gc,heap        ] GC(489) Archive regions: 0->0
[65.775s][info][gc,heap        ] GC(489) Humongous regions: 15->15
[65.775s][info][gc,metaspace   ] GC(489) Metaspace: 61043K(61952K)->61043K(61952K) NonClass: 53473K(53952K)->53473K(53952K) Class: 7569K(8000K)->7569K(8000K)
[65.775s][info][gc             ] GC(489) Pause Young (Normal) (G1 Evacuation Pause) 371M->152M(410M) 6.519ms
[65.775s][info][gc,cpu         ] GC(489) User=0.00s Sys=0.00s Real=0.00s
[65.913s][info][gc,start       ] GC(490) Pause Young (Normal) (G1 Evacuation Pause)
[65.913s][info][gc,task        ] GC(490) Using 9 workers of 33 for evacuation
[65.919s][info][gc,phases      ] GC(490)   Pre Evacuate Collection Set: 0.1ms
[65.919s][info][gc,phases      ] GC(490)   Merge Heap Roots: 0.1ms
[65.919s][info][gc,phases      ] GC(490)   Evacuate Collection Set: 5.2ms
[65.919s][info][gc,phases      ] GC(490)   Post Evacuate Collection Set: 0.4ms
[65.919s][info][gc,phases      ] GC(490)   Other: 0.2ms
[65.919s][info][gc,heap        ] GC(490) Eden regions: 219->0(217)
[65.919s][info][gc,heap        ] GC(490) Survivor regions: 12->13(29)
[65.919s][info][gc,heap        ] GC(490) Old regions: 131->131
[65.919s][info][gc,heap        ] GC(490) Archive regions: 0->0
[65.919s][info][gc,heap        ] GC(490) Humongous regions: 15->15
[65.919s][info][gc,metaspace   ] GC(490) Metaspace: 61043K(61952K)->61043K(61952K) NonClass: 53473K(53952K)->53473K(53952K) Class: 7569K(8000K)->7569K(8000K)
[65.919s][info][gc             ] GC(490) Pause Young (Normal) (G1 Evacuation Pause) 371M->152M(410M) 6.420ms
[65.919s][info][gc,cpu         ] GC(490) User=0.14s Sys=0.00s Real=0.01s
[66.056s][info][gc,start       ] GC(491) Pause Young (Normal) (G1 Evacuation Pause)
[66.056s][info][gc,task        ] GC(491) Using 9 workers of 33 for evacuation
[66.062s][info][gc,phases      ] GC(491)   Pre Evacuate Collection Set: 0.1ms
[66.062s][info][gc,phases      ] GC(491)   Merge Heap Roots: 0.1ms
[66.062s][info][gc,phases      ] GC(491)   Evacuate Collection Set: 5.1ms
[66.062s][info][gc,phases      ] GC(491)   Post Evacuate Collection Set: 0.4ms
[66.062s][info][gc,phases      ] GC(491)   Other: 0.2ms
[66.062s][info][gc,heap        ] GC(491) Eden regions: 217->0(217)
[66.062s][info][gc,heap        ] GC(491) Survivor regions: 13->13(29)
[66.062s][info][gc,heap        ] GC(491) Old regions: 131->131
[66.062s][info][gc,heap        ] GC(491) Archive regions: 0->0
[66.062s][info][gc,heap        ] GC(491) Humongous regions: 15->15
[66.062s][info][gc,metaspace   ] GC(491) Metaspace: 61043K(61952K)->61043K(61952K) NonClass: 53473K(53952K)->53473K(53952K) Class: 7569K(8000K)->7569K(8000K)
[66.062s][info][gc             ] GC(491) Pause Young (Normal) (G1 Evacuation Pause) 369M->152M(410M) 6.378ms
[66.062s][info][gc,cpu         ] GC(491) User=0.14s Sys=0.00s Real=0.02s
[66.183s][info][gc,start       ] GC(492) Pause Full (System.gc())
[66.183s][info][gc,task        ] GC(492) Using 9 workers of 33 for full compaction
[66.183s][info][gc,phases,start] GC(492) Phase 1: Mark live objects
[66.215s][info][gc,phases      ] GC(492) Phase 1: Mark live objects 31.534ms
[66.215s][info][gc,phases,start] GC(492) Phase 2: Prepare compaction
[66.219s][info][gc,phases      ] GC(492) Phase 2: Prepare compaction 4.201ms
[66.219s][info][gc,phases,start] GC(492) Phase 3: Adjust pointers
[66.226s][info][gc,phases      ] GC(492) Phase 3: Adjust pointers 7.393ms
[66.226s][info][gc,phases,start] GC(492) Phase 4: Compact heap
[66.227s][info][gc,phases      ] GC(492) Phase 4: Compact heap 0.507ms
[66.240s][info][gc,heap        ] GC(492) Eden regions: 155->0(216)
[66.240s][info][gc,heap        ] GC(492) Survivor regions: 13->0(29)
[66.240s][info][gc,heap        ] GC(492) Old regions: 131->99
[66.240s][info][gc,heap        ] GC(492) Archive regions: 0->0
[66.240s][info][gc,heap        ] GC(492) Humongous regions: 20->9
[66.240s][info][gc,metaspace   ] GC(492) Metaspace: 61091K(62016K)->61091K(62016K) NonClass: 53519K(54016K)->53519K(54016K) Class: 7571K(8000K)->7571K(8000K)
[66.240s][info][gc             ] GC(492) Pause Full (System.gc()) 311M->102M(360M) 57.854ms
[66.240s][info][gc,cpu         ] GC(492) User=0.30s Sys=0.00s Real=0.05s
[66.395s][info][gc,start       ] GC(493) Pause Young (Normal) (G1 Evacuation Pause)
[66.395s][info][gc,task        ] GC(493) Using 8 workers of 33 for evacuation
[66.400s][info][gc,phases      ] GC(493)   Pre Evacuate Collection Set: 0.2ms
[66.400s][info][gc,phases      ] GC(493)   Merge Heap Roots: 0.1ms
[66.400s][info][gc,phases      ] GC(493)   Evacuate Collection Set: 3.4ms
[66.400s][info][gc,phases      ] GC(493)   Post Evacuate Collection Set: 0.7ms
[66.400s][info][gc,phases      ] GC(493)   Other: 0.2ms
[66.400s][info][gc,heap        ] GC(493) Eden regions: 216->0(209)
[66.400s][info][gc,heap        ] GC(493) Survivor regions: 0->7(27)
[66.400s][info][gc,heap        ] GC(493) Old regions: 99->99
[66.400s][info][gc,heap        ] GC(493) Archive regions: 0->0
[66.400s][info][gc,heap        ] GC(493) Humongous regions: 19->9
[66.400s][info][gc,metaspace   ] GC(493) Metaspace: 61114K(62016K)->61114K(62016K) NonClass: 53541K(54016K)->53541K(54016K) Class: 7572K(8000K)->7572K(8000K)
[66.400s][info][gc             ] GC(493) Pause Young (Normal) (G1 Evacuation Pause) 328M->108M(360M) 5.107ms
[66.400s][info][gc,cpu         ] GC(493) User=0.00s Sys=0.00s Real=0.00s
[66.473s][info][gc,start       ] GC(494) Pause Young (Normal) (G1 Evacuation Pause)
[66.473s][info][gc,task        ] GC(494) Using 8 workers of 33 for evacuation
[66.482s][info][gc,phases      ] GC(494)   Pre Evacuate Collection Set: 0.1ms
[66.482s][info][gc,phases      ] GC(494)   Merge Heap Roots: 0.1ms
[66.482s][info][gc,phases      ] GC(494)   Evacuate Collection Set: 8.3ms
[66.482s][info][gc,phases      ] GC(494)   Post Evacuate Collection Set: 0.7ms
[66.482s][info][gc,phases      ] GC(494)   Other: 0.2ms
[66.482s][info][gc,heap        ] GC(494) Eden regions: 209->0(202)
[66.482s][info][gc,heap        ] GC(494) Survivor regions: 7->14(27)
[66.482s][info][gc,heap        ] GC(494) Old regions: 99->99
[66.482s][info][gc,heap        ] GC(494) Archive regions: 0->0
[66.482s][info][gc,heap        ] GC(494) Humongous regions: 12->12
[66.483s][info][gc,metaspace   ] GC(494) Metaspace: 61114K(62016K)->61114K(62016K) NonClass: 53541K(54016K)->53541K(54016K) Class: 7572K(8000K)->7572K(8000K)
[66.483s][info][gc             ] GC(494) Pause Young (Normal) (G1 Evacuation Pause) 320M->118M(360M) 9.856ms
[66.483s][info][gc,cpu         ] GC(494) User=0.13s Sys=0.00s Real=0.02s
[66.546s][info][gc,start       ] GC(495) Pause Young (Normal) (G1 Evacuation Pause)
[66.546s][info][gc,task        ] GC(495) Using 8 workers of 33 for evacuation
[66.559s][info][gc,phases      ] GC(495)   Pre Evacuate Collection Set: 0.1ms
[66.559s][info][gc,phases      ] GC(495)   Merge Heap Roots: 0.1ms
[66.559s][info][gc,phases      ] GC(495)   Evacuate Collection Set: 12.3ms
[66.559s][info][gc,phases      ] GC(495)   Post Evacuate Collection Set: 0.7ms
[66.559s][info][gc,phases      ] GC(495)   Other: 0.2ms
[66.560s][info][gc,heap        ] GC(495) Eden regions: 202->0(185)
[66.560s][info][gc,heap        ] GC(495) Survivor regions: 14->23(27)
[66.560s][info][gc,heap        ] GC(495) Old regions: 99->99
[66.560s][info][gc,heap        ] GC(495) Archive regions: 0->0
[66.560s][info][gc,heap        ] GC(495) Humongous regions: 12->12
[66.560s][info][gc,metaspace   ] GC(495) Metaspace: 61114K(62016K)->61114K(62016K) NonClass: 53541K(54016K)->53541K(54016K) Class: 7572K(8000K)->7572K(8000K)
[66.560s][info][gc             ] GC(495) Pause Young (Normal) (G1 Evacuation Pause) 320M->127M(360M) 13.792ms
[66.560s][info][gc,cpu         ] GC(495) User=0.13s Sys=0.00s Real=0.02s
[66.621s][info][gc,start       ] GC(496) Pause Young (Normal) (G1 Evacuation Pause)
[66.621s][info][gc,task        ] GC(496) Using 8 workers of 33 for evacuation
[66.641s][info][gc,phases      ] GC(496)   Pre Evacuate Collection Set: 0.1ms
[66.641s][info][gc,phases      ] GC(496)   Merge Heap Roots: 0.1ms
[66.641s][info][gc,phases      ] GC(496)   Evacuate Collection Set: 18.5ms
[66.641s][info][gc,phases      ] GC(496)   Post Evacuate Collection Set: 0.4ms
[66.641s][info][gc,phases      ] GC(496)   Other: 0.2ms
[66.641s][info][gc,heap        ] GC(496) Eden regions: 185->0(181)
[66.641s][info][gc,heap        ] GC(496) Survivor regions: 23->17(26)
[66.641s][info][gc,heap        ] GC(496) Old regions: 99->112
[66.641s][info][gc,heap        ] GC(496) Archive regions: 0->0
[66.641s][info][gc,heap        ] GC(496) Humongous regions: 15->15
[66.641s][info][gc,metaspace   ] GC(496) Metaspace: 61114K(62016K)->61114K(62016K) NonClass: 53541K(54016K)->53541K(54016K) Class: 7572K(8000K)->7572K(8000K)
[66.641s][info][gc             ] GC(496) Pause Young (Normal) (G1 Evacuation Pause) 315M->137M(360M) 19.812ms
[66.641s][info][gc,cpu         ] GC(496) User=0.13s Sys=0.00s Real=0.02s
[66.698s][info][gc,start       ] GC(497) Pause Young (Normal) (G1 Evacuation Pause)
[66.698s][info][gc,task        ] GC(497) Using 8 workers of 33 for evacuation
[66.711s][info][gc,phases      ] GC(497)   Pre Evacuate Collection Set: 0.2ms
[66.711s][info][gc,phases      ] GC(497)   Merge Heap Roots: 0.1ms
[66.711s][info][gc,phases      ] GC(497)   Evacuate Collection Set: 12.4ms
[66.711s][info][gc,phases      ] GC(497)   Post Evacuate Collection Set: 0.8ms
[66.711s][info][gc,phases      ] GC(497)   Other: 0.2ms
[66.711s][info][gc,heap        ] GC(497) Eden regions: 181->0(205)
[66.711s][info][gc,heap        ] GC(497) Survivor regions: 17->16(25)
[66.711s][info][gc,heap        ] GC(497) Old regions: 112->121
[66.712s][info][gc,heap        ] GC(497) Archive regions: 0->0
[66.712s][info][gc,heap        ] GC(497) Humongous regions: 15->15
[66.712s][info][gc,metaspace   ] GC(497) Metaspace: 61114K(62016K)->61114K(62016K) NonClass: 53541K(54016K)->53541K(54016K) Class: 7572K(8000K)->7572K(8000K)
[66.712s][info][gc             ] GC(497) Pause Young (Normal) (G1 Evacuation Pause) 318M->146M(394M) 14.065ms
[66.712s][info][gc,cpu         ] GC(497) User=0.00s Sys=0.02s Real=0.02s
[66.786s][info][gc,start       ] GC(498) Pause Young (Normal) (G1 Evacuation Pause)
[66.786s][info][gc,task        ] GC(498) Using 9 workers of 33 for evacuation
[66.796s][info][gc,phases      ] GC(498)   Pre Evacuate Collection Set: 0.1ms
[66.796s][info][gc,phases      ] GC(498)   Merge Heap Roots: 0.1ms
[66.796s][info][gc,phases      ] GC(498)   Evacuate Collection Set: 8.9ms
[66.796s][info][gc,phases      ] GC(498)   Post Evacuate Collection Set: 0.4ms
[66.796s][info][gc,phases      ] GC(498)   Other: 0.2ms
[66.796s][info][gc,heap        ] GC(498) Eden regions: 205->0(200)
[66.796s][info][gc,heap        ] GC(498) Survivor regions: 16->14(28)
[66.796s][info][gc,heap        ] GC(498) Old regions: 121->130
[66.796s][info][gc,heap        ] GC(498) Archive regions: 0->0
[66.796s][info][gc,heap        ] GC(498) Humongous regions: 15->15
[66.796s][info][gc,metaspace   ] GC(498) Metaspace: 61114K(62016K)->61114K(62016K) NonClass: 53541K(54016K)->53541K(54016K) Class: 7572K(8000K)->7572K(8000K)
[66.796s][info][gc             ] GC(498) Pause Young (Normal) (G1 Evacuation Pause) 351M->152M(394M) 10.204ms
[66.796s][info][gc,cpu         ] GC(498) User=0.14s Sys=0.00s Real=0.01s
[66.862s][info][gc,start       ] GC(499) Pause Young (Normal) (G1 Evacuation Pause)
[66.862s][info][gc,task        ] GC(499) Using 9 workers of 33 for evacuation
[66.868s][info][gc,phases      ] GC(499)   Pre Evacuate Collection Set: 0.1ms
[66.868s][info][gc,phases      ] GC(499)   Merge Heap Roots: 0.1ms
[66.868s][info][gc,phases      ] GC(499)   Evacuate Collection Set: 5.4ms
[66.868s][info][gc,phases      ] GC(499)   Post Evacuate Collection Set: 0.4ms
[66.868s][info][gc,phases      ] GC(499)   Other: 0.1ms
[66.868s][info][gc,heap        ] GC(499) Eden regions: 200->0(202)
[66.868s][info][gc,heap        ] GC(499) Survivor regions: 14->13(27)
[66.868s][info][gc,heap        ] GC(499) Old regions: 130->130
[66.868s][info][gc,heap        ] GC(499) Archive regions: 0->0
[66.868s][info][gc,heap        ] GC(499) Humongous regions: 15->15
[66.868s][info][gc,metaspace   ] GC(499) Metaspace: 61114K(62016K)->61114K(62016K) NonClass: 53541K(54016K)->53541K(54016K) Class: 7572K(8000K)->7572K(8000K)
[66.868s][info][gc             ] GC(499) Pause Young (Normal) (G1 Evacuation Pause) 352M->151M(394M) 6.559ms
[66.868s][info][gc,cpu         ] GC(499) User=0.00s Sys=0.00s Real=0.00s
[66.935s][info][gc,start       ] GC(500) Pause Young (Normal) (G1 Evacuation Pause)
[66.935s][info][gc,task        ] GC(500) Using 9 workers of 33 for evacuation
[66.941s][info][gc,phases      ] GC(500)   Pre Evacuate Collection Set: 0.1ms
[66.941s][info][gc,phases      ] GC(500)   Merge Heap Roots: 0.1ms
[66.941s][info][gc,phases      ] GC(500)   Evacuate Collection Set: 5.0ms
[66.941s][info][gc,phases      ] GC(500)   Post Evacuate Collection Set: 0.4ms
[66.941s][info][gc,phases      ] GC(500)   Other: 0.1ms
[66.941s][info][gc,heap        ] GC(500) Eden regions: 202->0(202)
[66.941s][info][gc,heap        ] GC(500) Survivor regions: 13->13(27)
[66.941s][info][gc,heap        ] GC(500) Old regions: 130->130
[66.941s][info][gc,heap        ] GC(500) Archive regions: 0->0
[66.942s][info][gc,heap        ] GC(500) Humongous regions: 15->15
[66.942s][info][gc,metaspace   ] GC(500) Metaspace: 61114K(62016K)->61114K(62016K) NonClass: 53541K(54016K)->53541K(54016K) Class: 7572K(8000K)->7572K(8000K)
[66.942s][info][gc             ] GC(500) Pause Young (Normal) (G1 Evacuation Pause) 353M->151M(394M) 6.222ms
[66.942s][info][gc,cpu         ] GC(500) User=0.00s Sys=0.00s Real=0.00s
[67.016s][info][gc,start       ] GC(501) Pause Young (Normal) (G1 Evacuation Pause)
[67.016s][info][gc,task        ] GC(501) Using 9 workers of 33 for evacuation
[67.022s][info][gc,phases      ] GC(501)   Pre Evacuate Collection Set: 0.1ms
[67.022s][info][gc,phases      ] GC(501)   Merge Heap Roots: 0.1ms
[67.022s][info][gc,phases      ] GC(501)   Evacuate Collection Set: 5.3ms
[67.022s][info][gc,phases      ] GC(501)   Post Evacuate Collection Set: 0.6ms
[67.022s][info][gc,phases      ] GC(501)   Other: 0.2ms
[67.022s][info][gc,heap        ] GC(501) Eden regions: 202->0(213)
[67.022s][info][gc,heap        ] GC(501) Survivor regions: 13->14(27)
[67.022s][info][gc,heap        ] GC(501) Old regions: 130->130
[67.022s][info][gc,heap        ] GC(501) Archive regions: 0->0
[67.022s][info][gc,heap        ] GC(501) Humongous regions: 15->15
[67.023s][info][gc,metaspace   ] GC(501) Metaspace: 61114K(62016K)->61114K(62016K) NonClass: 53541K(54016K)->53541K(54016K) Class: 7572K(8000K)->7572K(8000K)
[67.023s][info][gc             ] GC(501) Pause Young (Normal) (G1 Evacuation Pause) 353M->151M(407M) 6.783ms
[67.023s][info][gc,cpu         ] GC(501) User=0.00s Sys=0.00s Real=0.00s
[67.153s][info][gc,start       ] GC(502) Pause Young (Normal) (G1 Evacuation Pause)
[67.153s][info][gc,task        ] GC(502) Using 9 workers of 33 for evacuation
[67.159s][info][gc,phases      ] GC(502)   Pre Evacuate Collection Set: 0.1ms
[67.159s][info][gc,phases      ] GC(502)   Merge Heap Roots: 0.1ms
[67.159s][info][gc,phases      ] GC(502)   Evacuate Collection Set: 5.4ms
[67.159s][info][gc,phases      ] GC(502)   Post Evacuate Collection Set: 0.6ms
[67.159s][info][gc,phases      ] GC(502)   Other: 0.2ms
[67.159s][info][gc,heap        ] GC(502) Eden regions: 213->0(213)
[67.159s][info][gc,heap        ] GC(502) Survivor regions: 14->14(29)
[67.159s][info][gc,heap        ] GC(502) Old regions: 130->130
[67.159s][info][gc,heap        ] GC(502) Archive regions: 0->0
[67.159s][info][gc,heap        ] GC(502) Humongous regions: 15->15
[67.159s][info][gc,metaspace   ] GC(502) Metaspace: 61114K(62016K)->61114K(62016K) NonClass: 53541K(54016K)->53541K(54016K) Class: 7572K(8000K)->7572K(8000K)
[67.159s][info][gc             ] GC(502) Pause Young (Normal) (G1 Evacuation Pause) 364M->151M(407M) 6.796ms
[67.159s][info][gc,cpu         ] GC(502) User=0.00s Sys=0.00s Real=0.00s
[67.295s][info][gc,start       ] GC(503) Pause Young (Normal) (G1 Evacuation Pause)
[67.295s][info][gc,task        ] GC(503) Using 9 workers of 33 for evacuation
[67.301s][info][gc,phases      ] GC(503)   Pre Evacuate Collection Set: 0.1ms
[67.301s][info][gc,phases      ] GC(503)   Merge Heap Roots: 0.1ms
[67.301s][info][gc,phases      ] GC(503)   Evacuate Collection Set: 5.3ms
[67.301s][info][gc,phases      ] GC(503)   Post Evacuate Collection Set: 0.4ms
[67.301s][info][gc,phases      ] GC(503)   Other: 0.2ms
[67.301s][info][gc,heap        ] GC(503) Eden regions: 213->0(213)
[67.301s][info][gc,heap        ] GC(503) Survivor regions: 14->14(29)
[67.301s][info][gc,heap        ] GC(503) Old regions: 130->130
[67.301s][info][gc,heap        ] GC(503) Archive regions: 0->0
[67.301s][info][gc,heap        ] GC(503) Humongous regions: 15->15
[67.302s][info][gc,metaspace   ] GC(503) Metaspace: 61114K(62016K)->61114K(62016K) NonClass: 53541K(54016K)->53541K(54016K) Class: 7572K(8000K)->7572K(8000K)
[67.302s][info][gc             ] GC(503) Pause Young (Normal) (G1 Evacuation Pause) 364M->151M(407M) 6.593ms
[67.302s][info][gc,cpu         ] GC(503) User=0.00s Sys=0.00s Real=0.00s
[67.436s][info][gc,start       ] GC(504) Pause Young (Normal) (G1 Evacuation Pause)
[67.436s][info][gc,task        ] GC(504) Using 9 workers of 33 for evacuation
[67.444s][info][gc,phases      ] GC(504)   Pre Evacuate Collection Set: 0.1ms
[67.444s][info][gc,phases      ] GC(504)   Merge Heap Roots: 0.1ms
[67.444s][info][gc,phases      ] GC(504)   Evacuate Collection Set: 6.8ms
[67.444s][info][gc,phases      ] GC(504)   Post Evacuate Collection Set: 0.4ms
[67.444s][info][gc,phases      ] GC(504)   Other: 0.2ms
[67.444s][info][gc,heap        ] GC(504) Eden regions: 213->0(215)
[67.444s][info][gc,heap        ] GC(504) Survivor regions: 14->13(29)
[67.444s][info][gc,heap        ] GC(504) Old regions: 130->130
[67.444s][info][gc,heap        ] GC(504) Archive regions: 0->0
[67.444s][info][gc,heap        ] GC(504) Humongous regions: 15->15
[67.444s][info][gc,metaspace   ] GC(504) Metaspace: 61114K(62016K)->61114K(62016K) NonClass: 53541K(54016K)->53541K(54016K) Class: 7572K(8000K)->7572K(8000K)
[67.444s][info][gc             ] GC(504) Pause Young (Normal) (G1 Evacuation Pause) 364M->151M(407M) 8.105ms
[67.444s][info][gc,cpu         ] GC(504) User=0.00s Sys=0.00s Real=0.00s
[67.583s][info][gc,start       ] GC(505) Pause Young (Normal) (G1 Evacuation Pause)
[67.583s][info][gc,task        ] GC(505) Using 9 workers of 33 for evacuation
[67.589s][info][gc,phases      ] GC(505)   Pre Evacuate Collection Set: 0.1ms
[67.589s][info][gc,phases      ] GC(505)   Merge Heap Roots: 0.1ms
[67.589s][info][gc,phases      ] GC(505)   Evacuate Collection Set: 5.4ms
[67.589s][info][gc,phases      ] GC(505)   Post Evacuate Collection Set: 0.4ms
[67.589s][info][gc,phases      ] GC(505)   Other: 0.2ms
[67.589s][info][gc,heap        ] GC(505) Eden regions: 215->0(213)
[67.589s][info][gc,heap        ] GC(505) Survivor regions: 13->14(29)
[67.589s][info][gc,heap        ] GC(505) Old regions: 130->130
[67.589s][info][gc,heap        ] GC(505) Archive regions: 0->0
[67.589s][info][gc,heap        ] GC(505) Humongous regions: 15->15
[67.589s][info][gc,metaspace   ] GC(505) Metaspace: 61114K(62016K)->61114K(62016K) NonClass: 53541K(54016K)->53541K(54016K) Class: 7572K(8000K)->7572K(8000K)
[67.589s][info][gc             ] GC(505) Pause Young (Normal) (G1 Evacuation Pause) 366M->151M(407M) 6.696ms
[67.589s][info][gc,cpu         ] GC(505) User=0.14s Sys=0.00s Real=0.02s
[67.741s][info][gc,start       ] GC(506) Pause Full (System.gc())
[67.741s][info][gc,task        ] GC(506) Using 9 workers of 33 for full compaction
[67.741s][info][gc,phases,start] GC(506) Phase 1: Mark live objects
[67.775s][info][gc,phases      ] GC(506) Phase 1: Mark live objects 33.409ms
[67.775s][info][gc,phases,start] GC(506) Phase 2: Prepare compaction
[67.780s][info][gc,phases      ] GC(506) Phase 2: Prepare compaction 4.842ms
[67.780s][info][gc,phases,start] GC(506) Phase 3: Adjust pointers
[67.788s][info][gc,phases      ] GC(506) Phase 3: Adjust pointers 7.993ms
[67.788s][info][gc,phases,start] GC(506) Phase 4: Compact heap
[67.788s][info][gc,phases      ] GC(506) Phase 4: Compact heap 0.387ms
[67.797s][info][gc,heap        ] GC(506) Eden regions: 205->0(216)
[67.797s][info][gc,heap        ] GC(506) Survivor regions: 14->0(29)
[67.797s][info][gc,heap        ] GC(506) Old regions: 130->99
[67.797s][info][gc,heap        ] GC(506) Archive regions: 0->0
[67.797s][info][gc,heap        ] GC(506) Humongous regions: 20->9
[67.797s][info][gc,metaspace   ] GC(506) Metaspace: 61121K(62016K)->61121K(62016K) NonClass: 53548K(54016K)->53548K(54016K) Class: 7572K(8000K)->7572K(8000K)
[67.797s][info][gc             ] GC(506) Pause Full (System.gc()) 361M->102M(360M) 55.820ms
[67.797s][info][gc,cpu         ] GC(506) User=0.44s Sys=0.00s Real=0.06s
[67.927s][info][gc,start       ] GC(507) Pause Young (Normal) (G1 Evacuation Pause)
[67.927s][info][gc,task        ] GC(507) Using 8 workers of 33 for evacuation
[67.932s][info][gc,phases      ] GC(507)   Pre Evacuate Collection Set: 0.2ms
[67.932s][info][gc,phases      ] GC(507)   Merge Heap Roots: 0.1ms
[67.932s][info][gc,phases      ] GC(507)   Evacuate Collection Set: 4.2ms
[67.932s][info][gc,phases      ] GC(507)   Post Evacuate Collection Set: 0.8ms
[67.932s][info][gc,phases      ] GC(507)   Other: 0.2ms
[67.932s][info][gc,heap        ] GC(507) Eden regions: 216->0(208)
[67.932s][info][gc,heap        ] GC(507) Survivor regions: 0->8(27)
[67.932s][info][gc,heap        ] GC(507) Old regions: 99->99
[67.932s][info][gc,heap        ] GC(507) Archive regions: 0->0
[67.932s][info][gc,heap        ] GC(507) Humongous regions: 19->9
[67.933s][info][gc,metaspace   ] GC(507) Metaspace: 61124K(62016K)->61124K(62016K) NonClass: 53551K(54016K)->53551K(54016K) Class: 7572K(8000K)->7572K(8000K)
[67.933s][info][gc             ] GC(507) Pause Young (Normal) (G1 Evacuation Pause) 328M->109M(360M) 5.931ms
[67.933s][info][gc,cpu         ] GC(507) User=0.52s Sys=0.00s Real=0.02s
[68.006s][info][gc,start       ] GC(508) Pause Young (Normal) (G1 Evacuation Pause)
[68.006s][info][gc,task        ] GC(508) Using 8 workers of 33 for evacuation
[68.016s][info][gc,phases      ] GC(508)   Pre Evacuate Collection Set: 0.1ms
[68.016s][info][gc,phases      ] GC(508)   Merge Heap Roots: 0.1ms
[68.016s][info][gc,phases      ] GC(508)   Evacuate Collection Set: 8.7ms
[68.016s][info][gc,phases      ] GC(508)   Post Evacuate Collection Set: 0.7ms
[68.016s][info][gc,phases      ] GC(508)   Other: 0.2ms
[68.016s][info][gc,heap        ] GC(508) Eden regions: 208->0(202)
[68.016s][info][gc,heap        ] GC(508) Survivor regions: 8->14(27)
[68.016s][info][gc,heap        ] GC(508) Old regions: 99->99
[68.016s][info][gc,heap        ] GC(508) Archive regions: 0->0
[68.016s][info][gc,heap        ] GC(508) Humongous regions: 12->12
[68.016s][info][gc,metaspace   ] GC(508) Metaspace: 61124K(62016K)->61124K(62016K) NonClass: 53551K(54016K)->53551K(54016K) Class: 7572K(8000K)->7572K(8000K)
[68.016s][info][gc             ] GC(508) Pause Young (Normal) (G1 Evacuation Pause) 320M->119M(360M) 10.205ms
[68.016s][info][gc,cpu         ] GC(508) User=0.13s Sys=0.00s Real=0.02s
[68.079s][info][gc,start       ] GC(509) Pause Young (Normal) (G1 Evacuation Pause)
[68.079s][info][gc,task        ] GC(509) Using 8 workers of 33 for evacuation
[68.091s][info][gc,phases      ] GC(509)   Pre Evacuate Collection Set: 0.1ms
[68.091s][info][gc,phases      ] GC(509)   Merge Heap Roots: 0.1ms
[68.091s][info][gc,phases      ] GC(509)   Evacuate Collection Set: 10.7ms
[68.091s][info][gc,phases      ] GC(509)   Post Evacuate Collection Set: 0.7ms
[68.091s][info][gc,phases      ] GC(509)   Other: 0.2ms
[68.091s][info][gc,heap        ] GC(509) Eden regions: 202->0(187)
[68.091s][info][gc,heap        ] GC(509) Survivor regions: 14->22(27)
[68.091s][info][gc,heap        ] GC(509) Old regions: 99->99
[68.091s][info][gc,heap        ] GC(509) Archive regions: 0->0
[68.091s][info][gc,heap        ] GC(509) Humongous regions: 12->12
[68.091s][info][gc,metaspace   ] GC(509) Metaspace: 61124K(62016K)->61124K(62016K) NonClass: 53551K(54016K)->53551K(54016K) Class: 7572K(8000K)->7572K(8000K)
[68.091s][info][gc             ] GC(509) Pause Young (Normal) (G1 Evacuation Pause) 321M->127M(360M) 12.314ms
[68.091s][info][gc,cpu         ] GC(509) User=0.13s Sys=0.00s Real=0.02s
[68.150s][info][gc,start       ] GC(510) Pause Young (Normal) (G1 Evacuation Pause)
[68.150s][info][gc,task        ] GC(510) Using 8 workers of 33 for evacuation
[68.167s][info][gc,phases      ] GC(510)   Pre Evacuate Collection Set: 0.1ms
[68.167s][info][gc,phases      ] GC(510)   Merge Heap Roots: 0.1ms
[68.167s][info][gc,phases      ] GC(510)   Evacuate Collection Set: 16.1ms
[68.167s][info][gc,phases      ] GC(510)   Post Evacuate Collection Set: 0.8ms
[68.167s][info][gc,phases      ] GC(510)   Other: 0.2ms
[68.167s][info][gc,heap        ] GC(510) Eden regions: 187->0(209)
[68.167s][info][gc,heap        ] GC(510) Survivor regions: 22->17(27)
[68.167s][info][gc,heap        ] GC(510) Old regions: 99->112
[68.168s][info][gc,heap        ] GC(510) Archive regions: 0->0
[68.168s][info][gc,heap        ] GC(510) Humongous regions: 15->15
[68.168s][info][gc,metaspace   ] GC(510) Metaspace: 61124K(62016K)->61124K(62016K) NonClass: 53551K(54016K)->53551K(54016K) Class: 7572K(8000K)->7572K(8000K)
[68.168s][info][gc             ] GC(510) Pause Young (Normal) (G1 Evacuation Pause) 317M->138M(391M) 17.871ms
[68.168s][info][gc,cpu         ] GC(510) User=0.25s Sys=0.00s Real=0.03s
[68.242s][info][gc,start       ] GC(511) Pause Young (Normal) (G1 Evacuation Pause)
[68.376s][info][gc,task        ] GC(511) Using 9 workers of 33 for evacuation
[68.393s][info][gc,phases      ] GC(511)   Pre Evacuate Collection Set: 0.2ms
[68.393s][info][gc,phases      ] GC(511)   Merge Heap Roots: 0.1ms
[68.393s][info][gc,phases      ] GC(511)   Evacuate Collection Set: 15.6ms
[68.393s][info][gc,phases      ] GC(511)   Post Evacuate Collection Set: 0.4ms
[68.393s][info][gc,phases      ] GC(511)   Other: 0.2ms
[68.393s][info][gc,heap        ] GC(511) Eden regions: 209->0(200)
[68.393s][info][gc,heap        ] GC(511) Survivor regions: 17->17(29)
[68.393s][info][gc,heap        ] GC(511) Old regions: 112->121
[68.393s][info][gc,heap        ] GC(511) Archive regions: 0->0
[68.393s][info][gc,heap        ] GC(511) Humongous regions: 15->15
[68.393s][info][gc,metaspace   ] GC(511) Metaspace: 61124K(62016K)->61124K(62016K) NonClass: 53551K(54016K)->53551K(54016K) Class: 7572K(8000K)->7572K(8000K)
[68.393s][info][gc             ] GC(511) Pause Young (Normal) (G1 Evacuation Pause) 347M->146M(391M) 150.883ms
[68.393s][info][gc,cpu         ] GC(511) User=0.14s Sys=0.00s Real=0.16s
[68.467s][info][gc,start       ] GC(512) Pause Young (Normal) (G1 Evacuation Pause)
[68.467s][info][gc,task        ] GC(512) Using 9 workers of 33 for evacuation
[68.476s][info][gc,phases      ] GC(512)   Pre Evacuate Collection Set: 0.1ms
[68.476s][info][gc,phases      ] GC(512)   Merge Heap Roots: 0.1ms
[68.476s][info][gc,phases      ] GC(512)   Evacuate Collection Set: 8.6ms
[68.476s][info][gc,phases      ] GC(512)   Post Evacuate Collection Set: 0.5ms
[68.476s][info][gc,phases      ] GC(512)   Other: 0.2ms
[68.477s][info][gc,heap        ] GC(512) Eden regions: 200->0(198)
[68.477s][info][gc,heap        ] GC(512) Survivor regions: 17->14(28)
[68.477s][info][gc,heap        ] GC(512) Old regions: 121->129
[68.477s][info][gc,heap        ] GC(512) Archive regions: 0->0
[68.477s][info][gc,heap        ] GC(512) Humongous regions: 15->15
[68.477s][info][gc,metaspace   ] GC(512) Metaspace: 61124K(62016K)->61124K(62016K) NonClass: 53551K(54016K)->53551K(54016K) Class: 7572K(8000K)->7572K(8000K)
[68.477s][info][gc             ] GC(512) Pause Young (Normal) (G1 Evacuation Pause) 346M->151M(391M) 9.958ms
[68.477s][info][gc,cpu         ] GC(512) User=0.00s Sys=0.00s Real=0.00s
[68.541s][info][gc,start       ] GC(513) Pause Young (Normal) (G1 Evacuation Pause)
[68.541s][info][gc,task        ] GC(513) Using 9 workers of 33 for evacuation
[68.547s][info][gc,phases      ] GC(513)   Pre Evacuate Collection Set: 0.1ms
[68.547s][info][gc,phases      ] GC(513)   Merge Heap Roots: 0.1ms
[68.547s][info][gc,phases      ] GC(513)   Evacuate Collection Set: 5.0ms
[68.547s][info][gc,phases      ] GC(513)   Post Evacuate Collection Set: 0.4ms
[68.547s][info][gc,phases      ] GC(513)   Other: 0.2ms
[68.547s][info][gc,heap        ] GC(513) Eden regions: 198->0(198)
[68.547s][info][gc,heap        ] GC(513) Survivor regions: 14->14(27)
[68.547s][info][gc,heap        ] GC(513) Old regions: 129->129
[68.547s][info][gc,heap        ] GC(513) Archive regions: 0->0
[68.547s][info][gc,heap        ] GC(513) Humongous regions: 15->15
[68.547s][info][gc,metaspace   ] GC(513) Metaspace: 61124K(62016K)->61124K(62016K) NonClass: 53551K(54016K)->53551K(54016K) Class: 7572K(8000K)->7572K(8000K)
[68.547s][info][gc             ] GC(513) Pause Young (Normal) (G1 Evacuation Pause) 349M->151M(391M) 6.270ms
[68.547s][info][gc,cpu         ] GC(513) User=0.00s Sys=0.00s Real=0.00s
[68.612s][info][gc,start       ] GC(514) Pause Young (Normal) (G1 Evacuation Pause)
[68.612s][info][gc,task        ] GC(514) Using 9 workers of 33 for evacuation
[68.618s][info][gc,phases      ] GC(514)   Pre Evacuate Collection Set: 0.1ms
[68.618s][info][gc,phases      ] GC(514)   Merge Heap Roots: 0.1ms
[68.618s][info][gc,phases      ] GC(514)   Evacuate Collection Set: 5.4ms
[68.618s][info][gc,phases      ] GC(514)   Post Evacuate Collection Set: 0.4ms
[68.618s][info][gc,phases      ] GC(514)   Other: 0.1ms
[68.618s][info][gc,heap        ] GC(514) Eden regions: 198->0(198)
[68.618s][info][gc,heap        ] GC(514) Survivor regions: 14->14(27)
[68.618s][info][gc,heap        ] GC(514) Old regions: 129->129
[68.618s][info][gc,heap        ] GC(514) Archive regions: 0->0
[68.618s][info][gc,heap        ] GC(514) Humongous regions: 15->15
[68.618s][info][gc,metaspace   ] GC(514) Metaspace: 61124K(62016K)->61124K(62016K) NonClass: 53551K(54016K)->53551K(54016K) Class: 7572K(8000K)->7572K(8000K)
[68.618s][info][gc             ] GC(514) Pause Young (Normal) (G1 Evacuation Pause) 349M->151M(391M) 6.574ms
[68.618s][info][gc,cpu         ] GC(514) User=0.00s Sys=0.00s Real=0.00s
[68.684s][info][gc,start       ] GC(515) Pause Young (Normal) (G1 Evacuation Pause)
[68.684s][info][gc,task        ] GC(515) Using 9 workers of 33 for evacuation
[68.690s][info][gc,phases      ] GC(515)   Pre Evacuate Collection Set: 0.1ms
[68.690s][info][gc,phases      ] GC(515)   Merge Heap Roots: 0.1ms
[68.690s][info][gc,phases      ] GC(515)   Evacuate Collection Set: 5.0ms
[68.690s][info][gc,phases      ] GC(515)   Post Evacuate Collection Set: 0.7ms
[68.690s][info][gc,phases      ] GC(515)   Other: 0.1ms
[68.691s][info][gc,heap        ] GC(515) Eden regions: 198->0(214)
[68.691s][info][gc,heap        ] GC(515) Survivor regions: 14->14(27)
[68.691s][info][gc,heap        ] GC(515) Old regions: 129->129
[68.691s][info][gc,heap        ] GC(515) Archive regions: 0->0
[68.691s][info][gc,heap        ] GC(515) Humongous regions: 15->15
[68.691s][info][gc,metaspace   ] GC(515) Metaspace: 61124K(62016K)->61124K(62016K) NonClass: 53551K(54016K)->53551K(54016K) Class: 7572K(8000K)->7572K(8000K)
[68.691s][info][gc             ] GC(515) Pause Young (Normal) (G1 Evacuation Pause) 349M->150M(407M) 6.431ms
[68.691s][info][gc,cpu         ] GC(515) User=0.00s Sys=0.00s Real=0.00s
[68.805s][info][gc,start       ] GC(516) Pause Young (Normal) (G1 Evacuation Pause)
[68.805s][info][gc,task        ] GC(516) Using 9 workers of 33 for evacuation
[68.812s][info][gc,phases      ] GC(516)   Pre Evacuate Collection Set: 0.1ms
[68.812s][info][gc,phases      ] GC(516)   Merge Heap Roots: 0.1ms
[68.812s][info][gc,phases      ] GC(516)   Evacuate Collection Set: 5.5ms
[68.812s][info][gc,phases      ] GC(516)   Post Evacuate Collection Set: 0.6ms
[68.812s][info][gc,phases      ] GC(516)   Other: 0.2ms
[68.812s][info][gc,heap        ] GC(516) Eden regions: 214->0(214)
[68.812s][info][gc,heap        ] GC(516) Survivor regions: 14->14(29)
[68.812s][info][gc,heap        ] GC(516) Old regions: 129->129
[68.812s][info][gc,heap        ] GC(516) Archive regions: 0->0
[68.812s][info][gc,heap        ] GC(516) Humongous regions: 15->15
[68.812s][info][gc,metaspace   ] GC(516) Metaspace: 61124K(62016K)->61124K(62016K) NonClass: 53551K(54016K)->53551K(54016K) Class: 7572K(8000K)->7572K(8000K)
[68.812s][info][gc             ] GC(516) Pause Young (Normal) (G1 Evacuation Pause) 364M->151M(407M) 6.981ms
[68.812s][info][gc,cpu         ] GC(516) User=0.14s Sys=0.00s Real=0.02s
[68.965s][info][gc,start       ] GC(517) Pause Young (Normal) (G1 Evacuation Pause)
[68.966s][info][gc,task        ] GC(517) Using 9 workers of 33 for evacuation
[68.972s][info][gc,phases      ] GC(517)   Pre Evacuate Collection Set: 0.1ms
[68.972s][info][gc,phases      ] GC(517)   Merge Heap Roots: 0.1ms
[68.972s][info][gc,phases      ] GC(517)   Evacuate Collection Set: 5.4ms
[68.972s][info][gc,phases      ] GC(517)   Post Evacuate Collection Set: 0.4ms
[68.972s][info][gc,phases      ] GC(517)   Other: 0.2ms
[68.972s][info][gc,heap        ] GC(517) Eden regions: 214->0(214)
[68.972s][info][gc,heap        ] GC(517) Survivor regions: 14->14(29)
[68.972s][info][gc,heap        ] GC(517) Old regions: 129->129
[68.972s][info][gc,heap        ] GC(517) Archive regions: 0->0
[68.972s][info][gc,heap        ] GC(517) Humongous regions: 15->15
[68.972s][info][gc,metaspace   ] GC(517) Metaspace: 61124K(62016K)->61124K(62016K) NonClass: 53551K(54016K)->53551K(54016K) Class: 7572K(8000K)->7572K(8000K)
[68.972s][info][gc             ] GC(517) Pause Young (Normal) (G1 Evacuation Pause) 365M->151M(407M) 6.678ms
[68.972s][info][gc,cpu         ] GC(517) User=0.00s Sys=0.00s Real=0.00s
[69.106s][info][gc,start       ] GC(518) Pause Young (Normal) (G1 Evacuation Pause)
[69.106s][info][gc,task        ] GC(518) Using 9 workers of 33 for evacuation
[69.114s][info][gc,phases      ] GC(518)   Pre Evacuate Collection Set: 0.1ms
[69.114s][info][gc,phases      ] GC(518)   Merge Heap Roots: 0.1ms
[69.114s][info][gc,phases      ] GC(518)   Evacuate Collection Set: 6.8ms
[69.114s][info][gc,phases      ] GC(518)   Post Evacuate Collection Set: 0.4ms
[69.114s][info][gc,phases      ] GC(518)   Other: 0.2ms
[69.114s][info][gc,heap        ] GC(518) Eden regions: 214->0(214)
[69.114s][info][gc,heap        ] GC(518) Survivor regions: 14->14(29)
[69.114s][info][gc,heap        ] GC(518) Old regions: 129->129
[69.114s][info][gc,heap        ] GC(518) Archive regions: 0->0
[69.114s][info][gc,heap        ] GC(518) Humongous regions: 15->15
[69.114s][info][gc,metaspace   ] GC(518) Metaspace: 61124K(62016K)->61124K(62016K) NonClass: 53551K(54016K)->53551K(54016K) Class: 7572K(8000K)->7572K(8000K)
[69.114s][info][gc             ] GC(518) Pause Young (Normal) (G1 Evacuation Pause) 365M->150M(407M) 8.032ms
[69.114s][info][gc,cpu         ] GC(518) User=0.00s Sys=0.00s Real=0.00s
[69.251s][info][gc,start       ] GC(519) Pause Young (Normal) (G1 Evacuation Pause)
[69.251s][info][gc,task        ] GC(519) Using 9 workers of 33 for evacuation
[69.258s][info][gc,phases      ] GC(519)   Pre Evacuate Collection Set: 0.1ms
[69.258s][info][gc,phases      ] GC(519)   Merge Heap Roots: 0.1ms
[69.258s][info][gc,phases      ] GC(519)   Evacuate Collection Set: 5.4ms
[69.258s][info][gc,phases      ] GC(519)   Post Evacuate Collection Set: 0.6ms
[69.258s][info][gc,phases      ] GC(519)   Other: 0.2ms
[69.258s][info][gc,heap        ] GC(519) Eden regions: 214->0(214)
[69.258s][info][gc,heap        ] GC(519) Survivor regions: 14->14(29)
[69.258s][info][gc,heap        ] GC(519) Old regions: 129->129
[69.258s][info][gc,heap        ] GC(519) Archive regions: 0->0
[69.258s][info][gc,heap        ] GC(519) Humongous regions: 15->15
[69.258s][info][gc,metaspace   ] GC(519) Metaspace: 61124K(62016K)->61124K(62016K) NonClass: 53552K(54016K)->53552K(54016K) Class: 7572K(8000K)->7572K(8000K)
[69.258s][info][gc             ] GC(519) Pause Young (Normal) (G1 Evacuation Pause) 364M->151M(407M) 6.997ms
[69.258s][info][gc,cpu         ] GC(519) User=0.00s Sys=0.00s Real=0.00s
[69.397s][info][gc,start       ] GC(520) Pause Full (System.gc())
[69.397s][info][gc,task        ] GC(520) Using 9 workers of 33 for full compaction
[69.398s][info][gc,phases,start] GC(520) Phase 1: Mark live objects
[69.432s][info][gc,phases      ] GC(520) Phase 1: Mark live objects 34.788ms
[69.432s][info][gc,phases,start] GC(520) Phase 2: Prepare compaction
[69.437s][info][gc,phases      ] GC(520) Phase 2: Prepare compaction 4.596ms
[69.437s][info][gc,phases,start] GC(520) Phase 3: Adjust pointers
[69.444s][info][gc,phases      ] GC(520) Phase 3: Adjust pointers 7.223ms
[69.444s][info][gc,phases,start] GC(520) Phase 4: Compact heap
[69.445s][info][gc,phases      ] GC(520) Phase 4: Compact heap 0.404ms
[69.458s][info][gc,heap        ] GC(520) Eden regions: 188->0(216)
[69.458s][info][gc,heap        ] GC(520) Survivor regions: 14->0(29)
[69.458s][info][gc,heap        ] GC(520) Old regions: 129->99
[69.458s][info][gc,heap        ] GC(520) Archive regions: 0->0
[69.458s][info][gc,heap        ] GC(520) Humongous regions: 20->9
[69.458s][info][gc,metaspace   ] GC(520) Metaspace: 61124K(62016K)->61124K(62016K) NonClass: 53552K(54016K)->53552K(54016K) Class: 7572K(8000K)->7572K(8000K)
[69.458s][info][gc             ] GC(520) Pause Full (System.gc()) 343M->102M(360M) 60.771ms
[69.458s][info][gc,cpu         ] GC(520) User=0.44s Sys=0.00s Real=0.06s
[69.591s][info][gc,start       ] GC(521) Pause Young (Normal) (G1 Evacuation Pause)
[69.591s][info][gc,task        ] GC(521) Using 8 workers of 33 for evacuation
[69.597s][info][gc,phases      ] GC(521)   Pre Evacuate Collection Set: 0.2ms
[69.597s][info][gc,phases      ] GC(521)   Merge Heap Roots: 0.1ms
[69.597s][info][gc,phases      ] GC(521)   Evacuate Collection Set: 5.0ms
[69.597s][info][gc,phases      ] GC(521)   Post Evacuate Collection Set: 0.7ms
[69.597s][info][gc,phases      ] GC(521)   Other: 0.2ms
[69.597s][info][gc,heap        ] GC(521) Eden regions: 216->0(208)
[69.597s][info][gc,heap        ] GC(521) Survivor regions: 0->8(27)
[69.597s][info][gc,heap        ] GC(521) Old regions: 99->99
[69.597s][info][gc,heap        ] GC(521) Archive regions: 0->0
[69.597s][info][gc,heap        ] GC(521) Humongous regions: 19->9
[69.597s][info][gc,metaspace   ] GC(521) Metaspace: 61143K(62016K)->61143K(62016K) NonClass: 53571K(54016K)->53571K(54016K) Class: 7572K(8000K)->7572K(8000K)
[69.597s][info][gc             ] GC(521) Pause Young (Normal) (G1 Evacuation Pause) 328M->109M(360M) 6.683ms
[69.597s][info][gc,cpu         ] GC(521) User=0.08s Sys=0.00s Real=0.01s
[69.671s][info][gc,start       ] GC(522) Pause Young (Normal) (G1 Evacuation Pause)
[69.671s][info][gc,task        ] GC(522) Using 8 workers of 33 for evacuation
[69.682s][info][gc,phases      ] GC(522)   Pre Evacuate Collection Set: 0.2ms
[69.682s][info][gc,phases      ] GC(522)   Merge Heap Roots: 0.1ms
[69.682s][info][gc,phases      ] GC(522)   Evacuate Collection Set: 9.8ms
[69.682s][info][gc,phases      ] GC(522)   Post Evacuate Collection Set: 0.7ms
[69.682s][info][gc,phases      ] GC(522)   Other: 0.2ms
[69.682s][info][gc,heap        ] GC(522) Eden regions: 208->0(201)
[69.682s][info][gc,heap        ] GC(522) Survivor regions: 8->15(27)
[69.683s][info][gc,heap        ] GC(522) Old regions: 99->99
[69.683s][info][gc,heap        ] GC(522) Archive regions: 0->0
[69.683s][info][gc,heap        ] GC(522) Humongous regions: 12->12
[69.683s][info][gc,metaspace   ] GC(522) Metaspace: 61143K(62016K)->61143K(62016K) NonClass: 53571K(54016K)->53571K(54016K) Class: 7572K(8000K)->7572K(8000K)
[69.683s][info][gc             ] GC(522) Pause Young (Normal) (G1 Evacuation Pause) 320M->119M(360M) 11.373ms
[69.683s][info][gc,cpu         ] GC(522) User=0.13s Sys=0.00s Real=0.01s
[69.753s][info][gc,start       ] GC(523) Pause Young (Normal) (G1 Evacuation Pause)
[69.753s][info][gc,task        ] GC(523) Using 8 workers of 33 for evacuation
[69.766s][info][gc,phases      ] GC(523)   Pre Evacuate Collection Set: 0.1ms
[69.766s][info][gc,phases      ] GC(523)   Merge Heap Roots: 0.1ms
[69.766s][info][gc,phases      ] GC(523)   Evacuate Collection Set: 11.8ms
[69.766s][info][gc,phases      ] GC(523)   Post Evacuate Collection Set: 0.7ms
[69.766s][info][gc,phases      ] GC(523)   Other: 0.2ms
[69.766s][info][gc,heap        ] GC(523) Eden regions: 201->0(183)
[69.766s][info][gc,heap        ] GC(523) Survivor regions: 15->24(27)
[69.766s][info][gc,heap        ] GC(523) Old regions: 99->99
[69.766s][info][gc,heap        ] GC(523) Archive regions: 0->0
[69.766s][info][gc,heap        ] GC(523) Humongous regions: 12->12
[69.766s][info][gc,metaspace   ] GC(523) Metaspace: 61143K(62016K)->61143K(62016K) NonClass: 53571K(54016K)->53571K(54016K) Class: 7572K(8000K)->7572K(8000K)
[69.766s][info][gc             ] GC(523) Pause Young (Normal) (G1 Evacuation Pause) 320M->128M(360M) 13.339ms
[69.766s][info][gc,cpu         ] GC(523) User=0.02s Sys=0.00s Real=0.02s
[69.825s][info][gc,start       ] GC(524) Pause Young (Normal) (G1 Evacuation Pause)
[69.825s][info][gc,task        ] GC(524) Using 8 workers of 33 for evacuation
[69.842s][info][gc,phases      ] GC(524)   Pre Evacuate Collection Set: 0.1ms
[69.842s][info][gc,phases      ] GC(524)   Merge Heap Roots: 0.1ms
[69.842s][info][gc,phases      ] GC(524)   Evacuate Collection Set: 16.6ms
[69.843s][info][gc,phases      ] GC(524)   Post Evacuate Collection Set: 0.8ms
[69.843s][info][gc,phases      ] GC(524)   Other: 0.2ms
[69.843s][info][gc,heap        ] GC(524) Eden regions: 183->0(206)
[69.843s][info][gc,heap        ] GC(524) Survivor regions: 24->18(26)
[69.843s][info][gc,heap        ] GC(524) Old regions: 99->113
[69.843s][info][gc,heap        ] GC(524) Archive regions: 0->0
[69.843s][info][gc,heap        ] GC(524) Humongous regions: 15->15
[69.843s][info][gc,metaspace   ] GC(524) Metaspace: 61143K(62016K)->61143K(62016K) NonClass: 53571K(54016K)->53571K(54016K) Class: 7572K(8000K)->7572K(8000K)
[69.843s][info][gc             ] GC(524) Pause Young (Normal) (G1 Evacuation Pause) 314M->139M(391M) 18.232ms
[69.843s][info][gc,cpu         ] GC(524) User=0.13s Sys=0.00s Real=0.02s
[69.917s][info][gc,start       ] GC(525) Pause Young (Normal) (G1 Evacuation Pause)
[69.917s][info][gc,task        ] GC(525) Using 9 workers of 33 for evacuation
[69.929s][info][gc,phases      ] GC(525)   Pre Evacuate Collection Set: 0.1ms
[69.929s][info][gc,phases      ] GC(525)   Merge Heap Roots: 0.1ms
[69.929s][info][gc,phases      ] GC(525)   Evacuate Collection Set: 10.9ms
[69.929s][info][gc,phases      ] GC(525)   Post Evacuate Collection Set: 0.4ms
[69.929s][info][gc,phases      ] GC(525)   Other: 0.2ms
[69.929s][info][gc,heap        ] GC(525) Eden regions: 206->0(200)
[69.929s][info][gc,heap        ] GC(525) Survivor regions: 18->16(28)
[69.929s][info][gc,heap        ] GC(525) Old regions: 113->123
[69.929s][info][gc,heap        ] GC(525) Archive regions: 0->0
[69.929s][info][gc,heap        ] GC(525) Humongous regions: 15->15
[69.929s][info][gc,metaspace   ] GC(525) Metaspace: 61143K(62016K)->61143K(62016K) NonClass: 53571K(54016K)->53571K(54016K) Class: 7572K(8000K)->7572K(8000K)
[69.929s][info][gc             ] GC(525) Pause Young (Normal) (G1 Evacuation Pause) 345M->147M(391M) 12.143ms
[69.929s][info][gc,cpu         ] GC(525) User=0.14s Sys=0.00s Real=0.01s
[69.995s][info][gc,start       ] GC(526) Pause Young (Normal) (G1 Evacuation Pause)
[69.995s][info][gc,task        ] GC(526) Using 9 workers of 33 for evacuation
[70.004s][info][gc,phases      ] GC(526)   Pre Evacuate Collection Set: 0.1ms
[70.004s][info][gc,phases      ] GC(526)   Merge Heap Roots: 0.1ms
[70.004s][info][gc,phases      ] GC(526)   Evacuate Collection Set: 8.2ms
[70.004s][info][gc,phases      ] GC(526)   Post Evacuate Collection Set: 0.4ms
[70.005s][info][gc,phases      ] GC(526)   Other: 0.2ms
[70.005s][info][gc,heap        ] GC(526) Eden regions: 200->0(199)
[70.005s][info][gc,heap        ] GC(526) Survivor regions: 16->13(27)
[70.005s][info][gc,heap        ] GC(526) Old regions: 123->130
[70.005s][info][gc,heap        ] GC(526) Archive regions: 0->0
[70.005s][info][gc,heap        ] GC(526) Humongous regions: 15->15
[70.005s][info][gc,metaspace   ] GC(526) Metaspace: 61144K(62016K)->61144K(62016K) NonClass: 53571K(54016K)->53571K(54016K) Class: 7572K(8000K)->7572K(8000K)
[70.005s][info][gc             ] GC(526) Pause Young (Normal) (G1 Evacuation Pause) 347M->152M(391M) 9.506ms
[70.005s][info][gc,cpu         ] GC(526) User=0.14s Sys=0.00s Real=0.02s
[70.070s][info][gc,start       ] GC(527) Pause Young (Normal) (G1 Evacuation Pause)
[70.070s][info][gc,task        ] GC(527) Using 9 workers of 33 for evacuation
[70.075s][info][gc,phases      ] GC(527)   Pre Evacuate Collection Set: 0.1ms
[70.075s][info][gc,phases      ] GC(527)   Merge Heap Roots: 0.1ms
[70.075s][info][gc,phases      ] GC(527)   Evacuate Collection Set: 4.9ms
[70.075s][info][gc,phases      ] GC(527)   Post Evacuate Collection Set: 0.4ms
[70.075s][info][gc,phases      ] GC(527)   Other: 0.1ms
[70.076s][info][gc,heap        ] GC(527) Eden regions: 199->0(199)
[70.076s][info][gc,heap        ] GC(527) Survivor regions: 13->13(27)
[70.076s][info][gc,heap        ] GC(527) Old regions: 130->130
[70.076s][info][gc,heap        ] GC(527) Archive regions: 0->0
[70.076s][info][gc,heap        ] GC(527) Humongous regions: 15->15
[70.076s][info][gc,metaspace   ] GC(527) Metaspace: 61144K(62016K)->61144K(62016K) NonClass: 53571K(54016K)->53571K(54016K) Class: 7572K(8000K)->7572K(8000K)
[70.076s][info][gc             ] GC(527) Pause Young (Normal) (G1 Evacuation Pause) 351M->151M(391M) 6.049ms
[70.076s][info][gc,cpu         ] GC(527) User=0.00s Sys=0.00s Real=0.00s
[70.141s][info][gc,start       ] GC(528) Pause Young (Normal) (G1 Evacuation Pause)
[70.141s][info][gc,task        ] GC(528) Using 9 workers of 33 for evacuation
[70.147s][info][gc,phases      ] GC(528)   Pre Evacuate Collection Set: 0.1ms
[70.147s][info][gc,phases      ] GC(528)   Merge Heap Roots: 0.1ms
[70.147s][info][gc,phases      ] GC(528)   Evacuate Collection Set: 4.8ms
[70.147s][info][gc,phases      ] GC(528)   Post Evacuate Collection Set: 0.8ms
[70.147s][info][gc,phases      ] GC(528)   Other: 0.1ms
[70.147s][info][gc,heap        ] GC(528) Eden regions: 199->0(219)
[70.147s][info][gc,heap        ] GC(528) Survivor regions: 13->13(27)
[70.147s][info][gc,heap        ] GC(528) Old regions: 130->130
[70.147s][info][gc,heap        ] GC(528) Archive regions: 0->0
[70.147s][info][gc,heap        ] GC(528) Humongous regions: 15->15
[70.147s][info][gc,metaspace   ] GC(528) Metaspace: 61144K(62016K)->61144K(62016K) NonClass: 53571K(54016K)->53571K(54016K) Class: 7572K(8000K)->7572K(8000K)
[70.147s][info][gc             ] GC(528) Pause Young (Normal) (G1 Evacuation Pause) 350M->151M(412M) 6.377ms
[70.147s][info][gc,cpu         ] GC(528) User=0.14s Sys=0.00s Real=0.02s
[70.224s][info][gc,start       ] GC(529) Pause Young (Normal) (G1 Evacuation Pause)
[70.224s][info][gc,task        ] GC(529) Using 9 workers of 33 for evacuation
[70.230s][info][gc,phases      ] GC(529)   Pre Evacuate Collection Set: 0.1ms
[70.230s][info][gc,phases      ] GC(529)   Merge Heap Roots: 0.1ms
[70.230s][info][gc,phases      ] GC(529)   Evacuate Collection Set: 4.8ms
[70.230s][info][gc,phases      ] GC(529)   Post Evacuate Collection Set: 0.4ms
[70.230s][info][gc,phases      ] GC(529)   Other: 0.2ms
[70.230s][info][gc,heap        ] GC(529) Eden regions: 219->0(219)
[70.230s][info][gc,heap        ] GC(529) Survivor regions: 13->13(29)
[70.230s][info][gc,heap        ] GC(529) Old regions: 130->130
[70.230s][info][gc,heap        ] GC(529) Archive regions: 0->0
[70.230s][info][gc,heap        ] GC(529) Humongous regions: 15->15
[70.230s][info][gc,metaspace   ] GC(529) Metaspace: 61144K(62016K)->61144K(62016K) NonClass: 53571K(54016K)->53571K(54016K) Class: 7572K(8000K)->7572K(8000K)
[70.230s][info][gc             ] GC(529) Pause Young (Normal) (G1 Evacuation Pause) 370M->151M(412M) 6.028ms
[70.230s][info][gc,cpu         ] GC(529) User=0.00s Sys=0.00s Real=0.00s
[70.346s][info][gc,start       ] GC(530) Pause Young (Normal) (G1 Evacuation Pause)
[70.346s][info][gc,task        ] GC(530) Using 9 workers of 33 for evacuation
[70.352s][info][gc,phases      ] GC(530)   Pre Evacuate Collection Set: 0.1ms
[70.352s][info][gc,phases      ] GC(530)   Merge Heap Roots: 0.1ms
[70.352s][info][gc,phases      ] GC(530)   Evacuate Collection Set: 5.1ms
[70.353s][info][gc,phases      ] GC(530)   Post Evacuate Collection Set: 0.6ms
[70.353s][info][gc,phases      ] GC(530)   Other: 0.2ms
[70.353s][info][gc,heap        ] GC(530) Eden regions: 219->0(219)
[70.353s][info][gc,heap        ] GC(530) Survivor regions: 13->13(29)
[70.353s][info][gc,heap        ] GC(530) Old regions: 130->130
[70.353s][info][gc,heap        ] GC(530) Archive regions: 0->0
[70.353s][info][gc,heap        ] GC(530) Humongous regions: 15->15
[70.353s][info][gc,metaspace   ] GC(530) Metaspace: 61144K(62016K)->61144K(62016K) NonClass: 53571K(54016K)->53571K(54016K) Class: 7572K(8000K)->7572K(8000K)
[70.353s][info][gc             ] GC(530) Pause Young (Normal) (G1 Evacuation Pause) 370M->152M(412M) 6.578ms
[70.353s][info][gc,cpu         ] GC(530) User=0.00s Sys=0.00s Real=0.00s
[70.491s][info][gc,start       ] GC(531) Pause Young (Normal) (G1 Evacuation Pause)
[70.491s][info][gc,task        ] GC(531) Using 9 workers of 33 for evacuation
[70.497s][info][gc,phases      ] GC(531)   Pre Evacuate Collection Set: 0.1ms
[70.497s][info][gc,phases      ] GC(531)   Merge Heap Roots: 0.1ms
[70.497s][info][gc,phases      ] GC(531)   Evacuate Collection Set: 5.1ms
[70.497s][info][gc,phases      ] GC(531)   Post Evacuate Collection Set: 0.4ms
[70.497s][info][gc,phases      ] GC(531)   Other: 0.2ms
[70.497s][info][gc,heap        ] GC(531) Eden regions: 219->0(219)
[70.498s][info][gc,heap        ] GC(531) Survivor regions: 13->13(29)
[70.498s][info][gc,heap        ] GC(531) Old regions: 130->130
[70.498s][info][gc,heap        ] GC(531) Archive regions: 0->0
[70.498s][info][gc,heap        ] GC(531) Humongous regions: 15->15
[70.498s][info][gc,metaspace   ] GC(531) Metaspace: 61144K(62016K)->61144K(62016K) NonClass: 53571K(54016K)->53571K(54016K) Class: 7572K(8000K)->7572K(8000K)
[70.498s][info][gc             ] GC(531) Pause Young (Normal) (G1 Evacuation Pause) 371M->152M(412M) 6.402ms
[70.498s][info][gc,cpu         ] GC(531) User=0.00s Sys=0.00s Real=0.00s
[70.636s][info][gc,start       ] GC(532) Pause Young (Normal) (G1 Evacuation Pause)
[70.636s][info][gc,task        ] GC(532) Using 9 workers of 33 for evacuation
[70.642s][info][gc,phases      ] GC(532)   Pre Evacuate Collection Set: 0.1ms
[70.642s][info][gc,phases      ] GC(532)   Merge Heap Roots: 0.1ms
[70.642s][info][gc,phases      ] GC(532)   Evacuate Collection Set: 5.1ms
[70.642s][info][gc,phases      ] GC(532)   Post Evacuate Collection Set: 0.4ms
[70.642s][info][gc,phases      ] GC(532)   Other: 0.2ms
[70.642s][info][gc,heap        ] GC(532) Eden regions: 219->0(219)
[70.642s][info][gc,heap        ] GC(532) Survivor regions: 13->13(29)
[70.642s][info][gc,heap        ] GC(532) Old regions: 130->130
[70.642s][info][gc,heap        ] GC(532) Archive regions: 0->0
[70.642s][info][gc,heap        ] GC(532) Humongous regions: 15->15
[70.642s][info][gc,metaspace   ] GC(532) Metaspace: 61144K(62016K)->61144K(62016K) NonClass: 53571K(54016K)->53571K(54016K) Class: 7572K(8000K)->7572K(8000K)
[70.642s][info][gc             ] GC(532) Pause Young (Normal) (G1 Evacuation Pause) 371M->152M(412M) 6.381ms
[70.642s][info][gc,cpu         ] GC(532) User=0.52s Sys=0.00s Real=0.02s
[70.780s][info][gc,start       ] GC(533) Pause Young (Normal) (G1 Evacuation Pause)
[70.780s][info][gc,task        ] GC(533) Using 9 workers of 33 for evacuation
[70.786s][info][gc,phases      ] GC(533)   Pre Evacuate Collection Set: 0.1ms
[70.786s][info][gc,phases      ] GC(533)   Merge Heap Roots: 0.1ms
[70.786s][info][gc,phases      ] GC(533)   Evacuate Collection Set: 5.1ms
[70.786s][info][gc,phases      ] GC(533)   Post Evacuate Collection Set: 0.4ms
[70.786s][info][gc,phases      ] GC(533)   Other: 0.1ms
[70.786s][info][gc,heap        ] GC(533) Eden regions: 219->0(219)
[70.786s][info][gc,heap        ] GC(533) Survivor regions: 13->13(29)
[70.786s][info][gc,heap        ] GC(533) Old regions: 130->130
[70.786s][info][gc,heap        ] GC(533) Archive regions: 0->0
[70.786s][info][gc,heap        ] GC(533) Humongous regions: 15->15
[70.786s][info][gc,metaspace   ] GC(533) Metaspace: 61144K(62016K)->61144K(62016K) NonClass: 53571K(54016K)->53571K(54016K) Class: 7572K(8000K)->7572K(8000K)
[70.786s][info][gc             ] GC(533) Pause Young (Normal) (G1 Evacuation Pause) 371M->152M(412M) 6.359ms
[70.786s][info][gc,cpu         ] GC(533) User=0.14s Sys=0.00s Real=0.02s
[70.903s][info][gc,start       ] GC(534) Pause Full (System.gc())
[70.903s][info][gc,task        ] GC(534) Using 9 workers of 33 for full compaction
[70.904s][info][gc,phases,start] GC(534) Phase 1: Mark live objects
[70.937s][info][gc,phases      ] GC(534) Phase 1: Mark live objects 33.376ms
[70.937s][info][gc,phases,start] GC(534) Phase 2: Prepare compaction
[70.941s][info][gc,phases      ] GC(534) Phase 2: Prepare compaction 4.162ms
[70.941s][info][gc,phases,start] GC(534) Phase 3: Adjust pointers
[70.949s][info][gc,phases      ] GC(534) Phase 3: Adjust pointers 7.276ms
[70.949s][info][gc,phases,start] GC(534) Phase 4: Compact heap
[70.949s][info][gc,phases      ] GC(534) Phase 4: Compact heap 0.606ms
[70.963s][info][gc,heap        ] GC(534) Eden regions: 153->0(216)
[70.963s][info][gc,heap        ] GC(534) Survivor regions: 13->0(29)
[70.963s][info][gc,heap        ] GC(534) Old regions: 130->99
[70.963s][info][gc,heap        ] GC(534) Archive regions: 0->0
[70.963s][info][gc,heap        ] GC(534) Humongous regions: 20->9
[70.963s][info][gc,metaspace   ] GC(534) Metaspace: 61157K(62016K)->61157K(62016K) NonClass: 53585K(54016K)->53585K(54016K) Class: 7572K(8000K)->7572K(8000K)
[70.963s][info][gc             ] GC(534) Pause Full (System.gc()) 309M->102M(360M) 60.045ms
[70.963s][info][gc,cpu         ] GC(534) User=0.31s Sys=0.00s Real=0.05s
[71.117s][info][gc,start       ] GC(535) Pause Young (Normal) (G1 Evacuation Pause)
[71.117s][info][gc,task        ] GC(535) Using 8 workers of 33 for evacuation
[71.123s][info][gc,phases      ] GC(535)   Pre Evacuate Collection Set: 0.2ms
[71.123s][info][gc,phases      ] GC(535)   Merge Heap Roots: 0.1ms
[71.123s][info][gc,phases      ] GC(535)   Evacuate Collection Set: 4.6ms
[71.123s][info][gc,phases      ] GC(535)   Post Evacuate Collection Set: 0.7ms
[71.123s][info][gc,phases      ] GC(535)   Other: 0.2ms
[71.123s][info][gc,heap        ] GC(535) Eden regions: 216->0(208)
[71.123s][info][gc,heap        ] GC(535) Survivor regions: 0->8(27)
[71.123s][info][gc,heap        ] GC(535) Old regions: 99->99
[71.123s][info][gc,heap        ] GC(535) Archive regions: 0->0
[71.123s][info][gc,heap        ] GC(535) Humongous regions: 20->10
[71.123s][info][gc,metaspace   ] GC(535) Metaspace: 61158K(62016K)->61158K(62016K) NonClass: 53585K(54016K)->53585K(54016K) Class: 7572K(8000K)->7572K(8000K)
[71.123s][info][gc             ] GC(535) Pause Young (Normal) (G1 Evacuation Pause) 329M->110M(360M) 6.219ms
[71.124s][info][gc,cpu         ] GC(535) User=0.13s Sys=0.00s Real=0.02s
[71.192s][info][gc,start       ] GC(536) Pause Young (Normal) (G1 Evacuation Pause)
[71.192s][info][gc,task        ] GC(536) Using 8 workers of 33 for evacuation
[71.202s][info][gc,phases      ] GC(536)   Pre Evacuate Collection Set: 0.1ms
[71.202s][info][gc,phases      ] GC(536)   Merge Heap Roots: 0.1ms
[71.202s][info][gc,phases      ] GC(536)   Evacuate Collection Set: 9.1ms
[71.202s][info][gc,phases      ] GC(536)   Post Evacuate Collection Set: 0.7ms
[71.203s][info][gc,phases      ] GC(536)   Other: 0.2ms
[71.203s][info][gc,heap        ] GC(536) Eden regions: 208->0(199)
[71.203s][info][gc,heap        ] GC(536) Survivor regions: 8->16(27)
[71.203s][info][gc,heap        ] GC(536) Old regions: 99->99
[71.203s][info][gc,heap        ] GC(536) Archive regions: 0->0
[71.203s][info][gc,heap        ] GC(536) Humongous regions: 12->12
[71.203s][info][gc,metaspace   ] GC(536) Metaspace: 61158K(62016K)->61158K(62016K) NonClass: 53585K(54016K)->53585K(54016K) Class: 7572K(8000K)->7572K(8000K)
[71.203s][info][gc             ] GC(536) Pause Young (Normal) (G1 Evacuation Pause) 320M->120M(360M) 10.643ms
[71.203s][info][gc,cpu         ] GC(536) User=0.13s Sys=0.00s Real=0.02s
[71.264s][info][gc,start       ] GC(537) Pause Young (Normal) (G1 Evacuation Pause)
[71.264s][info][gc,task        ] GC(537) Using 8 workers of 33 for evacuation
[71.278s][info][gc,phases      ] GC(537)   Pre Evacuate Collection Set: 0.1ms
[71.278s][info][gc,phases      ] GC(537)   Merge Heap Roots: 0.1ms
[71.278s][info][gc,phases      ] GC(537)   Evacuate Collection Set: 12.5ms
[71.278s][info][gc,phases      ] GC(537)   Post Evacuate Collection Set: 0.5ms
[71.278s][info][gc,phases      ] GC(537)   Other: 0.2ms
[71.278s][info][gc,heap        ] GC(537) Eden regions: 199->0(188)
[71.278s][info][gc,heap        ] GC(537) Survivor regions: 16->18(27)
[71.278s][info][gc,heap        ] GC(537) Old regions: 99->106
[71.278s][info][gc,heap        ] GC(537) Archive regions: 0->0
[71.278s][info][gc,heap        ] GC(537) Humongous regions: 12->12
[71.278s][info][gc,metaspace   ] GC(537) Metaspace: 61158K(62016K)->61158K(62016K) NonClass: 53585K(54016K)->53585K(54016K) Class: 7572K(8000K)->7572K(8000K)
[71.278s][info][gc             ] GC(537) Pause Young (Normal) (G1 Evacuation Pause) 319M->129M(360M) 13.877ms
[71.278s][info][gc,cpu         ] GC(537) User=0.13s Sys=0.00s Real=0.02s
[71.340s][info][gc,start       ] GC(538) Pause Young (Normal) (G1 Evacuation Pause)
[71.340s][info][gc,task        ] GC(538) Using 8 workers of 33 for evacuation
[71.356s][info][gc,phases      ] GC(538)   Pre Evacuate Collection Set: 0.1ms
[71.356s][info][gc,phases      ] GC(538)   Merge Heap Roots: 0.1ms
[71.356s][info][gc,phases      ] GC(538)   Evacuate Collection Set: 14.7ms
[71.356s][info][gc,phases      ] GC(538)   Post Evacuate Collection Set: 0.8ms
[71.356s][info][gc,phases      ] GC(538)   Other: 0.2ms
[71.356s][info][gc,heap        ] GC(538) Eden regions: 188->0(206)
[71.356s][info][gc,heap        ] GC(538) Survivor regions: 18->17(26)
[71.356s][info][gc,heap        ] GC(538) Old regions: 106->115
[71.356s][info][gc,heap        ] GC(538) Archive regions: 0->0
[71.356s][info][gc,heap        ] GC(538) Humongous regions: 15->15
[71.356s][info][gc,metaspace   ] GC(538) Metaspace: 61158K(62016K)->61158K(62016K) NonClass: 53585K(54016K)->53585K(54016K) Class: 7572K(8000K)->7572K(8000K)
[71.356s][info][gc             ] GC(538) Pause Young (Normal) (G1 Evacuation Pause) 320M->140M(391M) 16.439ms
[71.356s][info][gc,cpu         ] GC(538) User=0.13s Sys=0.00s Real=0.02s
[71.427s][info][gc,start       ] GC(539) Pause Young (Normal) (G1 Evacuation Pause)
[71.427s][info][gc,task        ] GC(539) Using 9 workers of 33 for evacuation
[71.439s][info][gc,phases      ] GC(539)   Pre Evacuate Collection Set: 0.1ms
[71.439s][info][gc,phases      ] GC(539)   Merge Heap Roots: 0.1ms
[71.439s][info][gc,phases      ] GC(539)   Evacuate Collection Set: 11.2ms
[71.439s][info][gc,phases      ] GC(539)   Post Evacuate Collection Set: 0.4ms
[71.439s][info][gc,phases      ] GC(539)   Other: 0.2ms
[71.439s][info][gc,heap        ] GC(539) Eden regions: 206->0(197)
[71.439s][info][gc,heap        ] GC(539) Survivor regions: 17->17(28)
[71.439s][info][gc,heap        ] GC(539) Old regions: 115->124
[71.439s][info][gc,heap        ] GC(539) Archive regions: 0->0
[71.439s][info][gc,heap        ] GC(539) Humongous regions: 15->15
[71.439s][info][gc,metaspace   ] GC(539) Metaspace: 61158K(62016K)->61158K(62016K) NonClass: 53585K(54016K)->53585K(54016K) Class: 7572K(8000K)->7572K(8000K)
[71.439s][info][gc             ] GC(539) Pause Young (Normal) (G1 Evacuation Pause) 346M->149M(391M) 12.445ms
[71.439s][info][gc,cpu         ] GC(539) User=0.14s Sys=0.00s Real=0.02s
[71.505s][info][gc,start       ] GC(540) Pause Young (Normal) (G1 Evacuation Pause)
[71.505s][info][gc,task        ] GC(540) Using 9 workers of 33 for evacuation
[71.514s][info][gc,phases      ] GC(540)   Pre Evacuate Collection Set: 0.1ms
[71.514s][info][gc,phases      ] GC(540)   Merge Heap Roots: 0.1ms
[71.514s][info][gc,phases      ] GC(540)   Evacuate Collection Set: 7.9ms
[71.514s][info][gc,phases      ] GC(540)   Post Evacuate Collection Set: 0.4ms
[71.514s][info][gc,phases      ] GC(540)   Other: 0.2ms
[71.514s][info][gc,heap        ] GC(540) Eden regions: 197->0(199)
[71.514s][info][gc,heap        ] GC(540) Survivor regions: 17->12(27)
[71.514s][info][gc,heap        ] GC(540) Old regions: 124->132
[71.514s][info][gc,heap        ] GC(540) Archive regions: 0->0
[71.514s][info][gc,heap        ] GC(540) Humongous regions: 15->15
[71.514s][info][gc,metaspace   ] GC(540) Metaspace: 61158K(62016K)->61158K(62016K) NonClass: 53585K(54016K)->53585K(54016K) Class: 7572K(8000K)->7572K(8000K)
[71.514s][info][gc             ] GC(540) Pause Young (Normal) (G1 Evacuation Pause) 346M->152M(391M) 9.285ms
[71.514s][info][gc,cpu         ] GC(540) User=0.14s Sys=0.00s Real=0.02s
[71.579s][info][gc,start       ] GC(541) Pause Young (Normal) (G1 Evacuation Pause)
[71.580s][info][gc,task        ] GC(541) Using 9 workers of 33 for evacuation
[71.585s][info][gc,phases      ] GC(541)   Pre Evacuate Collection Set: 0.1ms
[71.585s][info][gc,phases      ] GC(541)   Merge Heap Roots: 0.1ms
[71.585s][info][gc,phases      ] GC(541)   Evacuate Collection Set: 4.5ms
[71.585s][info][gc,phases      ] GC(541)   Post Evacuate Collection Set: 0.4ms
[71.585s][info][gc,phases      ] GC(541)   Other: 0.2ms
[71.585s][info][gc,heap        ] GC(541) Eden regions: 199->0(199)
[71.585s][info][gc,heap        ] GC(541) Survivor regions: 12->12(27)
[71.585s][info][gc,heap        ] GC(541) Old regions: 132->132
[71.585s][info][gc,heap        ] GC(541) Archive regions: 0->0
[71.585s][info][gc,heap        ] GC(541) Humongous regions: 15->15
[71.585s][info][gc,metaspace   ] GC(541) Metaspace: 61158K(62016K)->61158K(62016K) NonClass: 53585K(54016K)->53585K(54016K) Class: 7572K(8000K)->7572K(8000K)
[71.585s][info][gc             ] GC(541) Pause Young (Normal) (G1 Evacuation Pause) 351M->153M(391M) 5.691ms
[71.585s][info][gc,cpu         ] GC(541) User=0.00s Sys=0.00s Real=0.00s
[71.651s][info][gc,start       ] GC(542) Pause Young (Normal) (G1 Evacuation Pause)
[71.651s][info][gc,task        ] GC(542) Using 9 workers of 33 for evacuation
[71.656s][info][gc,phases      ] GC(542)   Pre Evacuate Collection Set: 0.1ms
[71.656s][info][gc,phases      ] GC(542)   Merge Heap Roots: 0.1ms
[71.656s][info][gc,phases      ] GC(542)   Evacuate Collection Set: 4.5ms
[71.656s][info][gc,phases      ] GC(542)   Post Evacuate Collection Set: 0.4ms
[71.656s][info][gc,phases      ] GC(542)   Other: 0.1ms
[71.656s][info][gc,heap        ] GC(542) Eden regions: 199->0(199)
[71.657s][info][gc,heap        ] GC(542) Survivor regions: 12->12(27)
[71.657s][info][gc,heap        ] GC(542) Old regions: 132->132
[71.657s][info][gc,heap        ] GC(542) Archive regions: 0->0
[71.657s][info][gc,heap        ] GC(542) Humongous regions: 15->15
[71.657s][info][gc,metaspace   ] GC(542) Metaspace: 61158K(62016K)->61158K(62016K) NonClass: 53585K(54016K)->53585K(54016K) Class: 7572K(8000K)->7572K(8000K)
[71.657s][info][gc             ] GC(542) Pause Young (Normal) (G1 Evacuation Pause) 352M->152M(391M) 5.694ms
[71.657s][info][gc,cpu         ] GC(542) User=0.00s Sys=0.00s Real=0.00s
[71.723s][info][gc,start       ] GC(543) Pause Young (Normal) (G1 Evacuation Pause)
[71.723s][info][gc,task        ] GC(543) Using 9 workers of 33 for evacuation
[71.728s][info][gc,phases      ] GC(543)   Pre Evacuate Collection Set: 0.1ms
[71.728s][info][gc,phases      ] GC(543)   Merge Heap Roots: 0.1ms
[71.728s][info][gc,phases      ] GC(543)   Evacuate Collection Set: 4.6ms
[71.728s][info][gc,phases      ] GC(543)   Post Evacuate Collection Set: 0.4ms
[71.728s][info][gc,phases      ] GC(543)   Other: 0.1ms
[71.728s][info][gc,heap        ] GC(543) Eden regions: 199->0(199)
[71.728s][info][gc,heap        ] GC(543) Survivor regions: 12->12(27)
[71.728s][info][gc,heap        ] GC(543) Old regions: 132->132
[71.728s][info][gc,heap        ] GC(543) Archive regions: 0->0
[71.728s][info][gc,heap        ] GC(543) Humongous regions: 15->15
[71.728s][info][gc,metaspace   ] GC(543) Metaspace: 61158K(62016K)->61158K(62016K) NonClass: 53585K(54016K)->53585K(54016K) Class: 7572K(8000K)->7572K(8000K)
[71.728s][info][gc             ] GC(543) Pause Young (Normal) (G1 Evacuation Pause) 351M->152M(391M) 5.711ms
[71.728s][info][gc,cpu         ] GC(543) User=0.00s Sys=0.00s Real=0.00s
[71.818s][info][gc,start       ] GC(544) Pause Young (Normal) (G1 Evacuation Pause)
[71.818s][info][gc,task        ] GC(544) Using 9 workers of 33 for evacuation
[71.824s][info][gc,phases      ] GC(544)   Pre Evacuate Collection Set: 0.1ms
[71.824s][info][gc,phases      ] GC(544)   Merge Heap Roots: 0.1ms
[71.824s][info][gc,phases      ] GC(544)   Evacuate Collection Set: 5.1ms
[71.824s][info][gc,phases      ] GC(544)   Post Evacuate Collection Set: 0.6ms
[71.824s][info][gc,phases      ] GC(544)   Other: 0.2ms
[71.824s][info][gc,heap        ] GC(544) Eden regions: 199->0(199)
[71.824s][info][gc,heap        ] GC(544) Survivor regions: 12->12(27)
[71.824s][info][gc,heap        ] GC(544) Old regions: 132->132
[71.824s][info][gc,heap        ] GC(544) Archive regions: 0->0
[71.824s][info][gc,heap        ] GC(544) Humongous regions: 15->15
[71.825s][info][gc,metaspace   ] GC(544) Metaspace: 61158K(62016K)->61158K(62016K) NonClass: 53585K(54016K)->53585K(54016K) Class: 7572K(8000K)->7572K(8000K)
[71.825s][info][gc             ] GC(544) Pause Young (Normal) (G1 Evacuation Pause) 351M->152M(391M) 6.455ms
[71.825s][info][gc,cpu         ] GC(544) User=0.14s Sys=0.00s Real=0.01s
[71.951s][info][gc,start       ] GC(545) Pause Young (Normal) (G1 Evacuation Pause)
[71.951s][info][gc,task        ] GC(545) Using 9 workers of 33 for evacuation
[71.957s][info][gc,phases      ] GC(545)   Pre Evacuate Collection Set: 0.1ms
[71.957s][info][gc,phases      ] GC(545)   Merge Heap Roots: 0.1ms
[71.957s][info][gc,phases      ] GC(545)   Evacuate Collection Set: 5.0ms
[71.957s][info][gc,phases      ] GC(545)   Post Evacuate Collection Set: 0.4ms
[71.957s][info][gc,phases      ] GC(545)   Other: 0.1ms
[71.957s][info][gc,heap        ] GC(545) Eden regions: 199->0(199)
[71.957s][info][gc,heap        ] GC(545) Survivor regions: 12->12(27)
[71.957s][info][gc,heap        ] GC(545) Old regions: 132->132
[71.957s][info][gc,heap        ] GC(545) Archive regions: 0->0
[71.957s][info][gc,heap        ] GC(545) Humongous regions: 15->15
[71.957s][info][gc,metaspace   ] GC(545) Metaspace: 61158K(62016K)->61158K(62016K) NonClass: 53585K(54016K)->53585K(54016K) Class: 7572K(8000K)->7572K(8000K)
[71.958s][info][gc             ] GC(545) Pause Young (Normal) (G1 Evacuation Pause) 351M->152M(391M) 6.222ms
[71.958s][info][gc,cpu         ] GC(545) User=0.00s Sys=0.00s Real=0.00s
[72.101s][info][gc,start       ] GC(546) Pause Young (Normal) (G1 Evacuation Pause)
[72.101s][info][gc,task        ] GC(546) Using 9 workers of 33 for evacuation
[72.107s][info][gc,phases      ] GC(546)   Pre Evacuate Collection Set: 0.1ms
[72.107s][info][gc,phases      ] GC(546)   Merge Heap Roots: 0.1ms
[72.107s][info][gc,phases      ] GC(546)   Evacuate Collection Set: 5.1ms
[72.107s][info][gc,phases      ] GC(546)   Post Evacuate Collection Set: 0.4ms
[72.107s][info][gc,phases      ] GC(546)   Other: 0.2ms
[72.107s][info][gc,heap        ] GC(546) Eden regions: 199->0(201)
[72.107s][info][gc,heap        ] GC(546) Survivor regions: 12->11(27)
[72.107s][info][gc,heap        ] GC(546) Old regions: 132->132
[72.107s][info][gc,heap        ] GC(546) Archive regions: 0->0
[72.107s][info][gc,heap        ] GC(546) Humongous regions: 15->15
[72.107s][info][gc,metaspace   ] GC(546) Metaspace: 61158K(62016K)->61158K(62016K) NonClass: 53585K(54016K)->53585K(54016K) Class: 7572K(8000K)->7572K(8000K)
[72.107s][info][gc             ] GC(546) Pause Young (Normal) (G1 Evacuation Pause) 351M->151M(391M) 6.333ms
[72.107s][info][gc,cpu         ] GC(546) User=0.14s Sys=0.00s Real=0.02s
[72.247s][info][gc,start       ] GC(547) Pause Young (Normal) (G1 Evacuation Pause)
[72.248s][info][gc,task        ] GC(547) Using 9 workers of 33 for evacuation
[72.254s][info][gc,phases      ] GC(547)   Pre Evacuate Collection Set: 0.1ms
[72.254s][info][gc,phases      ] GC(547)   Merge Heap Roots: 0.1ms
[72.254s][info][gc,phases      ] GC(547)   Evacuate Collection Set: 5.6ms
[72.254s][info][gc,phases      ] GC(547)   Post Evacuate Collection Set: 0.4ms
[72.254s][info][gc,phases      ] GC(547)   Other: 0.2ms
[72.254s][info][gc,heap        ] GC(547) Eden regions: 201->0(199)
[72.254s][info][gc,heap        ] GC(547) Survivor regions: 11->12(27)
[72.254s][info][gc,heap        ] GC(547) Old regions: 132->132
[72.254s][info][gc,heap        ] GC(547) Archive regions: 0->0
[72.254s][info][gc,heap        ] GC(547) Humongous regions: 15->15
[72.254s][info][gc,metaspace   ] GC(547) Metaspace: 61158K(62016K)->61158K(62016K) NonClass: 53585K(54016K)->53585K(54016K) Class: 7572K(8000K)->7572K(8000K)
[72.254s][info][gc             ] GC(547) Pause Young (Normal) (G1 Evacuation Pause) 352M->152M(391M) 6.792ms
[72.254s][info][gc,cpu         ] GC(547) User=0.00s Sys=0.00s Real=0.00s
[72.381s][info][gc,start       ] GC(548) Pause Young (Normal) (G1 Evacuation Pause)
[72.545s][info][gc,task        ] GC(548) Using 9 workers of 33 for evacuation
[72.568s][info][gc,phases      ] GC(548)   Pre Evacuate Collection Set: 0.2ms
[72.568s][info][gc,phases      ] GC(548)   Merge Heap Roots: 0.1ms
[72.568s][info][gc,phases      ] GC(548)   Evacuate Collection Set: 5.7ms
[72.568s][info][gc,phases      ] GC(548)   Post Evacuate Collection Set: 0.5ms
[72.568s][info][gc,phases      ] GC(548)   Other: 16.8ms
[72.568s][info][gc,heap        ] GC(548) Eden regions: 199->0(201)
[72.568s][info][gc,heap        ] GC(548) Survivor regions: 12->11(27)
[72.568s][info][gc,heap        ] GC(548) Old regions: 132->132
[72.568s][info][gc,heap        ] GC(548) Archive regions: 0->0
[72.568s][info][gc,heap        ] GC(548) Humongous regions: 15->15
[72.568s][info][gc,metaspace   ] GC(548) Metaspace: 61158K(62016K)->61158K(62016K) NonClass: 53585K(54016K)->53585K(54016K) Class: 7572K(8000K)->7572K(8000K)
[72.568s][info][gc             ] GC(548) Pause Young (Normal) (G1 Evacuation Pause) 351M->152M(391M) 186.998ms
[72.569s][info][gc,cpu         ] GC(548) User=0.00s Sys=0.00s Real=0.19s
[72.637s][info][gc,start       ] GC(549) Pause Full (System.gc())
[72.637s][info][gc,task        ] GC(549) Using 9 workers of 33 for full compaction
[72.638s][info][gc,phases,start] GC(549) Phase 1: Mark live objects
[72.672s][info][gc,phases      ] GC(549) Phase 1: Mark live objects 34.446ms
[72.672s][info][gc,phases,start] GC(549) Phase 2: Prepare compaction
[72.677s][info][gc,phases      ] GC(549) Phase 2: Prepare compaction 4.785ms
[72.677s][info][gc,phases,start] GC(549) Phase 3: Adjust pointers
[72.686s][info][gc,phases      ] GC(549) Phase 3: Adjust pointers 8.732ms
[72.686s][info][gc,phases,start] GC(549) Phase 4: Compact heap
[72.686s][info][gc,phases      ] GC(549) Phase 4: Compact heap 0.377ms
[72.695s][info][gc,heap        ] GC(549) Eden regions: 51->0(216)
[72.695s][info][gc,heap        ] GC(549) Survivor regions: 11->0(27)
[72.695s][info][gc,heap        ] GC(549) Old regions: 132->99
[72.695s][info][gc,heap        ] GC(549) Archive regions: 0->0
[72.695s][info][gc,heap        ] GC(549) Humongous regions: 20->9
[72.695s][info][gc,metaspace   ] GC(549) Metaspace: 61166K(62080K)->61166K(62080K) NonClass: 53593K(54080K)->53593K(54080K) Class: 7572K(8000K)->7572K(8000K)
[72.695s][info][gc             ] GC(549) Pause Full (System.gc()) 208M->102M(360M) 57.813ms
[72.695s][info][gc,cpu         ] GC(549) User=0.44s Sys=0.00s Real=0.06s
[72.840s][info][gc,start       ] GC(550) Pause Young (Normal) (G1 Evacuation Pause)
[72.840s][info][gc,task        ] GC(550) Using 8 workers of 33 for evacuation
[72.845s][info][gc,phases      ] GC(550)   Pre Evacuate Collection Set: 0.2ms
[72.846s][info][gc,phases      ] GC(550)   Merge Heap Roots: 0.1ms
[72.846s][info][gc,phases      ] GC(550)   Evacuate Collection Set: 4.0ms
[72.846s][info][gc,phases      ] GC(550)   Post Evacuate Collection Set: 0.9ms
[72.846s][info][gc,phases      ] GC(550)   Other: 0.2ms
[72.846s][info][gc,heap        ] GC(550) Eden regions: 216->0(212)
[72.846s][info][gc,heap        ] GC(550) Survivor regions: 0->8(27)
[72.846s][info][gc,heap        ] GC(550) Old regions: 99->99
[72.846s][info][gc,heap        ] GC(550) Archive regions: 0->0
[72.846s][info][gc,heap        ] GC(550) Humongous regions: 19->9
[72.846s][info][gc,metaspace   ] GC(550) Metaspace: 61220K(62144K)->61220K(62144K) NonClass: 53647K(54144K)->53647K(54144K) Class: 7572K(8000K)->7572K(8000K)
[72.846s][info][gc             ] GC(550) Pause Young (Normal) (G1 Evacuation Pause) 328M->109M(367M) 5.809ms
[72.846s][info][gc,cpu         ] GC(550) User=0.00s Sys=0.00s Real=0.00s
[72.924s][info][gc,start       ] GC(551) Pause Young (Normal) (G1 Evacuation Pause)
[72.924s][info][gc,task        ] GC(551) Using 8 workers of 33 for evacuation
[72.935s][info][gc,phases      ] GC(551)   Pre Evacuate Collection Set: 0.1ms
[72.935s][info][gc,phases      ] GC(551)   Merge Heap Roots: 0.1ms
[72.935s][info][gc,phases      ] GC(551)   Evacuate Collection Set: 9.6ms
[72.935s][info][gc,phases      ] GC(551)   Post Evacuate Collection Set: 0.7ms
[72.935s][info][gc,phases      ] GC(551)   Other: 0.2ms
[72.935s][info][gc,heap        ] GC(551) Eden regions: 212->0(206)
[72.935s][info][gc,heap        ] GC(551) Survivor regions: 8->14(28)
[72.935s][info][gc,heap        ] GC(551) Old regions: 99->99
[72.935s][info][gc,heap        ] GC(551) Archive regions: 0->0
[72.935s][info][gc,heap        ] GC(551) Humongous regions: 12->12
[72.935s][info][gc,metaspace   ] GC(551) Metaspace: 61220K(62144K)->61220K(62144K) NonClass: 53647K(54144K)->53647K(54144K) Class: 7572K(8000K)->7572K(8000K)
[72.935s][info][gc             ] GC(551) Pause Young (Normal) (G1 Evacuation Pause) 324M->119M(367M) 11.206ms
[72.935s][info][gc,cpu         ] GC(551) User=0.13s Sys=0.00s Real=0.01s
[73.007s][info][gc,start       ] GC(552) Pause Young (Normal) (G1 Evacuation Pause)
[73.007s][info][gc,task        ] GC(552) Using 8 workers of 33 for evacuation
[73.019s][info][gc,phases      ] GC(552)   Pre Evacuate Collection Set: 0.1ms
[73.019s][info][gc,phases      ] GC(552)   Merge Heap Roots: 0.1ms
[73.019s][info][gc,phases      ] GC(552)   Evacuate Collection Set: 11.4ms
[73.019s][info][gc,phases      ] GC(552)   Post Evacuate Collection Set: 0.7ms
[73.019s][info][gc,phases      ] GC(552)   Other: 0.2ms
[73.019s][info][gc,heap        ] GC(552) Eden regions: 206->0(189)
[73.019s][info][gc,heap        ] GC(552) Survivor regions: 14->24(28)
[73.019s][info][gc,heap        ] GC(552) Old regions: 99->99
[73.019s][info][gc,heap        ] GC(552) Archive regions: 0->0
[73.020s][info][gc,heap        ] GC(552) Humongous regions: 12->12
[73.020s][info][gc,metaspace   ] GC(552) Metaspace: 61220K(62144K)->61220K(62144K) NonClass: 53647K(54144K)->53647K(54144K) Class: 7572K(8000K)->7572K(8000K)
[73.020s][info][gc             ] GC(552) Pause Young (Normal) (G1 Evacuation Pause) 325M->128M(367M) 13.012ms
[73.020s][info][gc,cpu         ] GC(552) User=0.13s Sys=0.00s Real=0.02s
[73.087s][info][gc,start       ] GC(553) Pause Young (Normal) (G1 Evacuation Pause)
[73.087s][info][gc,task        ] GC(553) Using 8 workers of 33 for evacuation
[73.104s][info][gc,phases      ] GC(553)   Pre Evacuate Collection Set: 0.1ms
[73.104s][info][gc,phases      ] GC(553)   Merge Heap Roots: 0.1ms
[73.104s][info][gc,phases      ] GC(553)   Evacuate Collection Set: 16.7ms
[73.104s][info][gc,phases      ] GC(553)   Post Evacuate Collection Set: 0.4ms
[73.105s][info][gc,phases      ] GC(553)   Other: 0.2ms
[73.105s][info][gc,heap        ] GC(553) Eden regions: 189->0(184)
[73.105s][info][gc,heap        ] GC(553) Survivor regions: 24->18(27)
[73.105s][info][gc,heap        ] GC(553) Old regions: 99->113
[73.105s][info][gc,heap        ] GC(553) Archive regions: 0->0
[73.105s][info][gc,heap        ] GC(553) Humongous regions: 15->15
[73.105s][info][gc,metaspace   ] GC(553) Metaspace: 61220K(62144K)->61220K(62144K) NonClass: 53647K(54144K)->53647K(54144K) Class: 7572K(8000K)->7572K(8000K)
[73.105s][info][gc             ] GC(553) Pause Young (Normal) (G1 Evacuation Pause) 320M->139M(367M) 17.912ms
[73.105s][info][gc,cpu         ] GC(553) User=0.13s Sys=0.00s Real=0.02s
[73.165s][info][gc,start       ] GC(554) Pause Young (Normal) (G1 Evacuation Pause)
[73.166s][info][gc,task        ] GC(554) Using 8 workers of 33 for evacuation
[73.178s][info][gc,phases      ] GC(554)   Pre Evacuate Collection Set: 0.1ms
[73.178s][info][gc,phases      ] GC(554)   Merge Heap Roots: 0.1ms
[73.178s][info][gc,phases      ] GC(554)   Evacuate Collection Set: 11.7ms
[73.178s][info][gc,phases      ] GC(554)   Post Evacuate Collection Set: 0.4ms
[73.178s][info][gc,phases      ] GC(554)   Other: 0.2ms
[73.178s][info][gc,heap        ] GC(554) Eden regions: 184->0(180)
[73.178s][info][gc,heap        ] GC(554) Survivor regions: 18->15(26)
[73.178s][info][gc,heap        ] GC(554) Old regions: 113->123
[73.178s][info][gc,heap        ] GC(554) Archive regions: 0->0
[73.178s][info][gc,heap        ] GC(554) Humongous regions: 15->15
[73.178s][info][gc,metaspace   ] GC(554) Metaspace: 61220K(62144K)->61220K(62144K) NonClass: 53647K(54144K)->53647K(54144K) Class: 7572K(8000K)->7572K(8000K)
[73.178s][info][gc             ] GC(554) Pause Young (Normal) (G1 Evacuation Pause) 323M->146M(367M) 12.985ms
[73.179s][info][gc,cpu         ] GC(554) User=0.00s Sys=0.00s Real=0.00s
[73.239s][info][gc,start       ] GC(555) Pause Young (Normal) (G1 Evacuation Pause)
[73.239s][info][gc,task        ] GC(555) Using 8 workers of 33 for evacuation
[73.249s][info][gc,phases      ] GC(555)   Pre Evacuate Collection Set: 0.1ms
[73.249s][info][gc,phases      ] GC(555)   Merge Heap Roots: 0.1ms
[73.249s][info][gc,phases      ] GC(555)   Evacuate Collection Set: 8.6ms
[73.249s][info][gc,phases      ] GC(555)   Post Evacuate Collection Set: 0.8ms
[73.249s][info][gc,phases      ] GC(555)   Other: 0.2ms
[73.249s][info][gc,heap        ] GC(555) Eden regions: 180->0(204)
[73.249s][info][gc,heap        ] GC(555) Survivor regions: 15->13(25)
[73.249s][info][gc,heap        ] GC(555) Old regions: 123->130
[73.249s][info][gc,heap        ] GC(555) Archive regions: 0->0
[73.249s][info][gc,heap        ] GC(555) Humongous regions: 15->15
[73.249s][info][gc,metaspace   ] GC(555) Metaspace: 61220K(62144K)->61220K(62144K) NonClass: 53648K(54144K)->53648K(54144K) Class: 7572K(8000K)->7572K(8000K)
[73.249s][info][gc             ] GC(555) Pause Young (Normal) (G1 Evacuation Pause) 326M->152M(396M) 10.343ms
[73.249s][info][gc,cpu         ] GC(555) User=0.13s Sys=0.00s Real=0.02s
[73.323s][info][gc,start       ] GC(556) Pause Young (Normal) (G1 Evacuation Pause)
[73.323s][info][gc,task        ] GC(556) Using 9 workers of 33 for evacuation
[73.329s][info][gc,phases      ] GC(556)   Pre Evacuate Collection Set: 0.1ms
[73.329s][info][gc,phases      ] GC(556)   Merge Heap Roots: 0.1ms
[73.329s][info][gc,phases      ] GC(556)   Evacuate Collection Set: 4.9ms
[73.329s][info][gc,phases      ] GC(556)   Post Evacuate Collection Set: 0.4ms
[73.329s][info][gc,phases      ] GC(556)   Other: 0.2ms
[73.329s][info][gc,heap        ] GC(556) Eden regions: 204->0(204)
[73.329s][info][gc,heap        ] GC(556) Survivor regions: 13->13(28)
[73.329s][info][gc,heap        ] GC(556) Old regions: 130->130
[73.329s][info][gc,heap        ] GC(556) Archive regions: 0->0
[73.329s][info][gc,heap        ] GC(556) Humongous regions: 15->15
[73.329s][info][gc,metaspace   ] GC(556) Metaspace: 61220K(62144K)->61220K(62144K) NonClass: 53648K(54144K)->53648K(54144K) Class: 7572K(8000K)->7572K(8000K)
[73.329s][info][gc             ] GC(556) Pause Young (Normal) (G1 Evacuation Pause) 356M->151M(396M) 6.070ms
[73.330s][info][gc,cpu         ] GC(556) User=0.00s Sys=0.00s Real=0.00s
[73.397s][info][gc,start       ] GC(557) Pause Young (Normal) (G1 Evacuation Pause)
[73.397s][info][gc,task        ] GC(557) Using 9 workers of 33 for evacuation
[73.403s][info][gc,phases      ] GC(557)   Pre Evacuate Collection Set: 0.1ms
[73.403s][info][gc,phases      ] GC(557)   Merge Heap Roots: 0.1ms
[73.403s][info][gc,phases      ] GC(557)   Evacuate Collection Set: 4.9ms
[73.403s][info][gc,phases      ] GC(557)   Post Evacuate Collection Set: 0.4ms
[73.403s][info][gc,phases      ] GC(557)   Other: 0.1ms
[73.403s][info][gc,heap        ] GC(557) Eden regions: 204->0(204)
[73.403s][info][gc,heap        ] GC(557) Survivor regions: 13->13(28)
[73.403s][info][gc,heap        ] GC(557) Old regions: 130->130
[73.403s][info][gc,heap        ] GC(557) Archive regions: 0->0
[73.403s][info][gc,heap        ] GC(557) Humongous regions: 15->15
[73.403s][info][gc,metaspace   ] GC(557) Metaspace: 61220K(62144K)->61220K(62144K) NonClass: 53648K(54144K)->53648K(54144K) Class: 7572K(8000K)->7572K(8000K)
[73.403s][info][gc             ] GC(557) Pause Young (Normal) (G1 Evacuation Pause) 355M->152M(396M) 6.132ms
[73.403s][info][gc,cpu         ] GC(557) User=0.14s Sys=0.00s Real=0.02s
[73.471s][info][gc,start       ] GC(558) Pause Young (Normal) (G1 Evacuation Pause)
[73.471s][info][gc,task        ] GC(558) Using 9 workers of 33 for evacuation
[73.477s][info][gc,phases      ] GC(558)   Pre Evacuate Collection Set: 0.1ms
[73.477s][info][gc,phases      ] GC(558)   Merge Heap Roots: 0.1ms
[73.477s][info][gc,phases      ] GC(558)   Evacuate Collection Set: 5.2ms
[73.477s][info][gc,phases      ] GC(558)   Post Evacuate Collection Set: 0.4ms
[73.478s][info][gc,phases      ] GC(558)   Other: 0.1ms
[73.478s][info][gc,heap        ] GC(558) Eden regions: 204->0(204)
[73.478s][info][gc,heap        ] GC(558) Survivor regions: 13->13(28)
[73.478s][info][gc,heap        ] GC(558) Old regions: 130->130
[73.478s][info][gc,heap        ] GC(558) Archive regions: 0->0
[73.478s][info][gc,heap        ] GC(558) Humongous regions: 15->15
[73.478s][info][gc,metaspace   ] GC(558) Metaspace: 61220K(62144K)->61220K(62144K) NonClass: 53648K(54144K)->53648K(54144K) Class: 7572K(8000K)->7572K(8000K)
[73.478s][info][gc             ] GC(558) Pause Young (Normal) (G1 Evacuation Pause) 356M->152M(396M) 6.360ms
[73.478s][info][gc,cpu         ] GC(558) User=0.14s Sys=0.00s Real=0.02s
[73.579s][info][gc,start       ] GC(559) Pause Young (Normal) (G1 Evacuation Pause)
[73.579s][info][gc,task        ] GC(559) Using 9 workers of 33 for evacuation
[73.585s][info][gc,phases      ] GC(559)   Pre Evacuate Collection Set: 0.1ms
[73.585s][info][gc,phases      ] GC(559)   Merge Heap Roots: 0.1ms
[73.585s][info][gc,phases      ] GC(559)   Evacuate Collection Set: 5.2ms
[73.585s][info][gc,phases      ] GC(559)   Post Evacuate Collection Set: 0.6ms
[73.585s][info][gc,phases      ] GC(559)   Other: 0.2ms
[73.585s][info][gc,heap        ] GC(559) Eden regions: 204->0(204)
[73.585s][info][gc,heap        ] GC(559) Survivor regions: 13->13(28)
[73.585s][info][gc,heap        ] GC(559) Old regions: 130->130
[73.585s][info][gc,heap        ] GC(559) Archive regions: 0->0
[73.585s][info][gc,heap        ] GC(559) Humongous regions: 15->15
[73.585s][info][gc,metaspace   ] GC(559) Metaspace: 61231K(62144K)->61231K(62144K) NonClass: 53658K(54144K)->53658K(54144K) Class: 7572K(8000K)->7572K(8000K)
[73.585s][info][gc             ] GC(559) Pause Young (Normal) (G1 Evacuation Pause) 356M->152M(396M) 6.682ms
[73.585s][info][gc,cpu         ] GC(559) User=0.00s Sys=0.00s Real=0.00s
[73.715s][info][gc,start       ] GC(560) Pause Young (Normal) (G1 Evacuation Pause)
[73.715s][info][gc,task        ] GC(560) Using 9 workers of 33 for evacuation
[73.721s][info][gc,phases      ] GC(560)   Pre Evacuate Collection Set: 0.1ms
[73.722s][info][gc,phases      ] GC(560)   Merge Heap Roots: 0.1ms
[73.722s][info][gc,phases      ] GC(560)   Evacuate Collection Set: 5.2ms
[73.722s][info][gc,phases      ] GC(560)   Post Evacuate Collection Set: 0.4ms
[73.722s][info][gc,phases      ] GC(560)   Other: 0.2ms
[73.722s][info][gc,heap        ] GC(560) Eden regions: 204->0(204)
[73.722s][info][gc,heap        ] GC(560) Survivor regions: 13->13(28)
[73.722s][info][gc,heap        ] GC(560) Old regions: 130->130
[73.722s][info][gc,heap        ] GC(560) Archive regions: 0->0
[73.722s][info][gc,heap        ] GC(560) Humongous regions: 15->15
[73.722s][info][gc,metaspace   ] GC(560) Metaspace: 61231K(62144K)->61231K(62144K) NonClass: 53658K(54144K)->53658K(54144K) Class: 7572K(8000K)->7572K(8000K)
[73.722s][info][gc             ] GC(560) Pause Young (Normal) (G1 Evacuation Pause) 356M->152M(396M) 6.500ms
[73.722s][info][gc,cpu         ] GC(560) User=0.00s Sys=0.00s Real=0.00s
[73.865s][info][gc,start       ] GC(561) Pause Young (Normal) (G1 Evacuation Pause)
[73.865s][info][gc,task        ] GC(561) Using 9 workers of 33 for evacuation
[73.871s][info][gc,phases      ] GC(561)   Pre Evacuate Collection Set: 0.1ms
[73.871s][info][gc,phases      ] GC(561)   Merge Heap Roots: 0.1ms
[73.871s][info][gc,phases      ] GC(561)   Evacuate Collection Set: 5.1ms
[73.871s][info][gc,phases      ] GC(561)   Post Evacuate Collection Set: 0.4ms
[73.871s][info][gc,phases      ] GC(561)   Other: 0.2ms
[73.871s][info][gc,heap        ] GC(561) Eden regions: 204->0(204)
[73.871s][info][gc,heap        ] GC(561) Survivor regions: 13->13(28)
[73.871s][info][gc,heap        ] GC(561) Old regions: 130->130
[73.871s][info][gc,heap        ] GC(561) Archive regions: 0->0
[73.871s][info][gc,heap        ] GC(561) Humongous regions: 15->15
[73.871s][info][gc,metaspace   ] GC(561) Metaspace: 61231K(62144K)->61231K(62144K) NonClass: 53658K(54144K)->53658K(54144K) Class: 7572K(8000K)->7572K(8000K)
[73.872s][info][gc             ] GC(561) Pause Young (Normal) (G1 Evacuation Pause) 356M->152M(396M) 6.361ms
[73.872s][info][gc,cpu         ] GC(561) User=0.14s Sys=0.00s Real=0.02s
[74.017s][info][gc,start       ] GC(562) Pause Young (Normal) (G1 Evacuation Pause)
[74.017s][info][gc,task        ] GC(562) Using 9 workers of 33 for evacuation
[74.023s][info][gc,phases      ] GC(562)   Pre Evacuate Collection Set: 0.1ms
[74.023s][info][gc,phases      ] GC(562)   Merge Heap Roots: 0.1ms
[74.023s][info][gc,phases      ] GC(562)   Evacuate Collection Set: 5.2ms
[74.023s][info][gc,phases      ] GC(562)   Post Evacuate Collection Set: 0.4ms
[74.023s][info][gc,phases      ] GC(562)   Other: 0.1ms
[74.023s][info][gc,heap        ] GC(562) Eden regions: 204->0(204)
[74.023s][info][gc,heap        ] GC(562) Survivor regions: 13->13(28)
[74.023s][info][gc,heap        ] GC(562) Old regions: 130->130
[74.023s][info][gc,heap        ] GC(562) Archive regions: 0->0
[74.024s][info][gc,heap        ] GC(562) Humongous regions: 15->15
[74.024s][info][gc,metaspace   ] GC(562) Metaspace: 61231K(62144K)->61231K(62144K) NonClass: 53658K(54144K)->53658K(54144K) Class: 7572K(8000K)->7572K(8000K)
[74.024s][info][gc             ] GC(562) Pause Young (Normal) (G1 Evacuation Pause) 356M->152M(396M) 6.450ms
[74.024s][info][gc,cpu         ] GC(562) User=0.02s Sys=0.00s Real=0.02s
[74.152s][info][gc,start       ] GC(563) Pause Young (Normal) (G1 Evacuation Pause)
[74.152s][info][gc,task        ] GC(563) Using 9 workers of 33 for evacuation
[74.158s][info][gc,phases      ] GC(563)   Pre Evacuate Collection Set: 0.1ms
[74.158s][info][gc,phases      ] GC(563)   Merge Heap Roots: 0.1ms
[74.158s][info][gc,phases      ] GC(563)   Evacuate Collection Set: 5.2ms
[74.158s][info][gc,phases      ] GC(563)   Post Evacuate Collection Set: 0.4ms
[74.158s][info][gc,phases      ] GC(563)   Other: 0.1ms
[74.158s][info][gc,heap        ] GC(563) Eden regions: 204->0(204)
[74.158s][info][gc,heap        ] GC(563) Survivor regions: 13->13(28)
[74.158s][info][gc,heap        ] GC(563) Old regions: 130->130
[74.158s][info][gc,heap        ] GC(563) Archive regions: 0->0
[74.158s][info][gc,heap        ] GC(563) Humongous regions: 15->15
[74.158s][info][gc,metaspace   ] GC(563) Metaspace: 61231K(62144K)->61231K(62144K) NonClass: 53658K(54144K)->53658K(54144K) Class: 7572K(8000K)->7572K(8000K)
[74.158s][info][gc             ] GC(563) Pause Young (Normal) (G1 Evacuation Pause) 356M->152M(396M) 6.371ms
[74.158s][info][gc,cpu         ] GC(563) User=0.00s Sys=0.00s Real=0.00s
[74.205s][info][gc,start       ] GC(564) Pause Full (System.gc())
[74.205s][info][gc,task        ] GC(564) Using 9 workers of 33 for full compaction
[74.206s][info][gc,phases,start] GC(564) Phase 1: Mark live objects
[74.238s][info][gc,phases      ] GC(564) Phase 1: Mark live objects 32.102ms
[74.238s][info][gc,phases,start] GC(564) Phase 2: Prepare compaction
[74.242s][info][gc,phases      ] GC(564) Phase 2: Prepare compaction 4.482ms
[74.242s][info][gc,phases,start] GC(564) Phase 3: Adjust pointers
[74.250s][info][gc,phases      ] GC(564) Phase 3: Adjust pointers 7.902ms
[74.250s][info][gc,phases,start] GC(564) Phase 4: Compact heap
[74.251s][info][gc,phases      ] GC(564) Phase 4: Compact heap 0.417ms
[74.264s][info][gc,heap        ] GC(564) Eden regions: 41->0(216)
[74.264s][info][gc,heap        ] GC(564) Survivor regions: 13->0(28)
[74.264s][info][gc,heap        ] GC(564) Old regions: 130->99
[74.264s][info][gc,heap        ] GC(564) Archive regions: 0->0
[74.264s][info][gc,heap        ] GC(564) Humongous regions: 20->9
[74.264s][info][gc,metaspace   ] GC(564) Metaspace: 61245K(62144K)->61245K(62144K) NonClass: 53673K(54144K)->53673K(54144K) Class: 7572K(8000K)->7572K(8000K)
[74.264s][info][gc             ] GC(564) Pause Full (System.gc()) 197M->102M(360M) 59.403ms
[74.264s][info][gc,cpu         ] GC(564) User=0.44s Sys=0.00s Real=0.06s
[74.410s][info][gc,start       ] GC(565) Pause Young (Normal) (G1 Evacuation Pause)
[74.410s][info][gc,task        ] GC(565) Using 8 workers of 33 for evacuation
[74.415s][info][gc,phases      ] GC(565)   Pre Evacuate Collection Set: 0.2ms
[74.415s][info][gc,phases      ] GC(565)   Merge Heap Roots: 0.1ms
[74.415s][info][gc,phases      ] GC(565)   Evacuate Collection Set: 4.3ms
[74.415s][info][gc,phases      ] GC(565)   Post Evacuate Collection Set: 0.7ms
[74.415s][info][gc,phases      ] GC(565)   Other: 0.2ms
[74.415s][info][gc,heap        ] GC(565) Eden regions: 216->0(208)
[74.415s][info][gc,heap        ] GC(565) Survivor regions: 0->8(27)
[74.415s][info][gc,heap        ] GC(565) Old regions: 99->99
[74.416s][info][gc,heap        ] GC(565) Archive regions: 0->0
[74.416s][info][gc,heap        ] GC(565) Humongous regions: 19->9
[74.416s][info][gc,metaspace   ] GC(565) Metaspace: 61254K(62144K)->61254K(62144K) NonClass: 53682K(54144K)->53682K(54144K) Class: 7572K(8000K)->7572K(8000K)
[74.416s][info][gc             ] GC(565) Pause Young (Normal) (G1 Evacuation Pause) 328M->110M(360M) 5.973ms
[74.416s][info][gc,cpu         ] GC(565) User=0.13s Sys=0.00s Real=0.01s
[74.492s][info][gc,start       ] GC(566) Pause Young (Normal) (G1 Evacuation Pause)
[74.492s][info][gc,task        ] GC(566) Using 8 workers of 33 for evacuation
[74.503s][info][gc,phases      ] GC(566)   Pre Evacuate Collection Set: 0.1ms
[74.503s][info][gc,phases      ] GC(566)   Merge Heap Roots: 0.1ms
[74.503s][info][gc,phases      ] GC(566)   Evacuate Collection Set: 10.1ms
[74.503s][info][gc,phases      ] GC(566)   Post Evacuate Collection Set: 0.7ms
[74.503s][info][gc,phases      ] GC(566)   Other: 0.2ms
[74.503s][info][gc,heap        ] GC(566) Eden regions: 208->0(199)
[74.503s][info][gc,heap        ] GC(566) Survivor regions: 8->16(27)
[74.503s][info][gc,heap        ] GC(566) Old regions: 99->99
[74.503s][info][gc,heap        ] GC(566) Archive regions: 0->0
[74.503s][info][gc,heap        ] GC(566) Humongous regions: 12->12
[74.503s][info][gc,metaspace   ] GC(566) Metaspace: 61254K(62144K)->61254K(62144K) NonClass: 53682K(54144K)->53682K(54144K) Class: 7572K(8000K)->7572K(8000K)
[74.503s][info][gc             ] GC(566) Pause Young (Normal) (G1 Evacuation Pause) 321M->120M(360M) 11.691ms
[74.503s][info][gc,cpu         ] GC(566) User=0.00s Sys=0.00s Real=0.00s
[74.567s][info][gc,start       ] GC(567) Pause Young (Normal) (G1 Evacuation Pause)
[74.567s][info][gc,task        ] GC(567) Using 8 workers of 33 for evacuation
[74.579s][info][gc,phases      ] GC(567)   Pre Evacuate Collection Set: 0.1ms
[74.579s][info][gc,phases      ] GC(567)   Merge Heap Roots: 0.1ms
[74.579s][info][gc,phases      ] GC(567)   Evacuate Collection Set: 11.5ms
[74.579s][info][gc,phases      ] GC(567)   Post Evacuate Collection Set: 0.7ms
[74.579s][info][gc,phases      ] GC(567)   Other: 0.2ms
[74.580s][info][gc,heap        ] GC(567) Eden regions: 199->0(196)
[74.580s][info][gc,heap        ] GC(567) Survivor regions: 16->18(27)
[74.580s][info][gc,heap        ] GC(567) Old regions: 99->106
[74.580s][info][gc,heap        ] GC(567) Archive regions: 0->0
[74.580s][info][gc,heap        ] GC(567) Humongous regions: 12->12
[74.580s][info][gc,metaspace   ] GC(567) Metaspace: 61254K(62144K)->61254K(62144K) NonClass: 53682K(54144K)->53682K(54144K) Class: 7572K(8000K)->7572K(8000K)
[74.580s][info][gc             ] GC(567) Pause Young (Normal) (G1 Evacuation Pause) 319M->129M(369M) 13.050ms
[74.580s][info][gc,cpu         ] GC(567) User=0.13s Sys=0.00s Real=0.02s
[74.644s][info][gc,start       ] GC(568) Pause Young (Normal) (G1 Evacuation Pause)
[74.644s][info][gc,task        ] GC(568) Using 8 workers of 33 for evacuation
[74.657s][info][gc,phases      ] GC(568)   Pre Evacuate Collection Set: 0.1ms
[74.658s][info][gc,phases      ] GC(568)   Merge Heap Roots: 0.1ms
[74.658s][info][gc,phases      ] GC(568)   Evacuate Collection Set: 12.6ms
[74.658s][info][gc,phases      ] GC(568)   Post Evacuate Collection Set: 0.4ms
[74.658s][info][gc,phases      ] GC(568)   Other: 0.2ms
[74.658s][info][gc,heap        ] GC(568) Eden regions: 196->0(184)
[74.658s][info][gc,heap        ] GC(568) Survivor regions: 18->18(27)
[74.658s][info][gc,heap        ] GC(568) Old regions: 106->115
[74.658s][info][gc,heap        ] GC(568) Archive regions: 0->0
[74.658s][info][gc,heap        ] GC(568) Humongous regions: 15->15
[74.658s][info][gc,metaspace   ] GC(568) Metaspace: 61254K(62144K)->61254K(62144K) NonClass: 53682K(54144K)->53682K(54144K) Class: 7572K(8000K)->7572K(8000K)
[74.658s][info][gc             ] GC(568) Pause Young (Normal) (G1 Evacuation Pause) 328M->141M(369M) 13.968ms
[74.658s][info][gc,cpu         ] GC(568) User=0.13s Sys=0.00s Real=0.02s
[74.715s][info][gc,start       ] GC(569) Pause Young (Normal) (G1 Evacuation Pause)
[74.715s][info][gc,task        ] GC(569) Using 8 workers of 33 for evacuation
[74.727s][info][gc,phases      ] GC(569)   Pre Evacuate Collection Set: 0.1ms
[74.727s][info][gc,phases      ] GC(569)   Merge Heap Roots: 0.1ms
[74.727s][info][gc,phases      ] GC(569)   Evacuate Collection Set: 11.8ms
[74.727s][info][gc,phases      ] GC(569)   Post Evacuate Collection Set: 0.4ms
[74.727s][info][gc,phases      ] GC(569)   Other: 0.2ms
[74.728s][info][gc,heap        ] GC(569) Eden regions: 184->0(177)
[74.728s][info][gc,heap        ] GC(569) Survivor regions: 18->17(26)
[74.728s][info][gc,heap        ] GC(569) Old regions: 115->124
[74.728s][info][gc,heap        ] GC(569) Archive regions: 0->0
[74.728s][info][gc,heap        ] GC(569) Humongous regions: 15->15
[74.728s][info][gc,metaspace   ] GC(569) Metaspace: 61254K(62144K)->61254K(62144K) NonClass: 53682K(54144K)->53682K(54144K) Class: 7572K(8000K)->7572K(8000K)
[74.728s][info][gc             ] GC(569) Pause Young (Normal) (G1 Evacuation Pause) 325M->149M(369M) 13.031ms
[74.728s][info][gc,cpu         ] GC(569) User=0.13s Sys=0.00s Real=0.02s
[74.787s][info][gc,start       ] GC(570) Pause Young (Normal) (G1 Evacuation Pause)
[74.787s][info][gc,task        ] GC(570) Using 8 workers of 33 for evacuation
[74.795s][info][gc,phases      ] GC(570)   Pre Evacuate Collection Set: 0.1ms
[74.795s][info][gc,phases      ] GC(570)   Merge Heap Roots: 0.1ms
[74.795s][info][gc,phases      ] GC(570)   Evacuate Collection Set: 7.8ms
[74.795s][info][gc,phases      ] GC(570)   Post Evacuate Collection Set: 0.4ms
[74.795s][info][gc,phases      ] GC(570)   Other: 0.2ms
[74.795s][info][gc,heap        ] GC(570) Eden regions: 177->0(179)
[74.795s][info][gc,heap        ] GC(570) Survivor regions: 17->12(25)
[74.795s][info][gc,heap        ] GC(570) Old regions: 124->132
[74.795s][info][gc,heap        ] GC(570) Archive regions: 0->0
[74.796s][info][gc,heap        ] GC(570) Humongous regions: 15->15
[74.796s][info][gc,metaspace   ] GC(570) Metaspace: 61254K(62144K)->61254K(62144K) NonClass: 53682K(54144K)->53682K(54144K) Class: 7572K(8000K)->7572K(8000K)
[74.796s][info][gc             ] GC(570) Pause Young (Normal) (G1 Evacuation Pause) 326M->152M(369M) 9.036ms
[74.796s][info][gc,cpu         ] GC(570) User=0.13s Sys=0.00s Real=0.01s
[74.855s][info][gc,start       ] GC(571) Pause Young (Normal) (G1 Evacuation Pause)
[74.855s][info][gc,task        ] GC(571) Using 8 workers of 33 for evacuation
[74.861s][info][gc,phases      ] GC(571)   Pre Evacuate Collection Set: 0.1ms
[74.861s][info][gc,phases      ] GC(571)   Merge Heap Roots: 0.1ms
[74.861s][info][gc,phases      ] GC(571)   Evacuate Collection Set: 4.8ms
[74.861s][info][gc,phases      ] GC(571)   Post Evacuate Collection Set: 0.8ms
[74.861s][info][gc,phases      ] GC(571)   Other: 0.2ms
[74.861s][info][gc,heap        ] GC(571) Eden regions: 179->0(208)
[74.861s][info][gc,heap        ] GC(571) Survivor regions: 12->11(24)
[74.861s][info][gc,heap        ] GC(571) Old regions: 132->132
[74.861s][info][gc,heap        ] GC(571) Archive regions: 0->0
[74.861s][info][gc,heap        ] GC(571) Humongous regions: 15->15
[74.861s][info][gc,metaspace   ] GC(571) Metaspace: 61254K(62144K)->61254K(62144K) NonClass: 53682K(54144K)->53682K(54144K) Class: 7572K(8000K)->7572K(8000K)
[74.861s][info][gc             ] GC(571) Pause Young (Normal) (G1 Evacuation Pause) 331M->152M(398M) 6.401ms
[74.861s][info][gc,cpu         ] GC(571) User=0.00s Sys=0.00s Real=0.00s
[74.936s][info][gc,start       ] GC(572) Pause Young (Normal) (G1 Evacuation Pause)
[74.936s][info][gc,task        ] GC(572) Using 9 workers of 33 for evacuation
[74.941s][info][gc,phases      ] GC(572)   Pre Evacuate Collection Set: 0.1ms
[74.941s][info][gc,phases      ] GC(572)   Merge Heap Roots: 0.1ms
[74.941s][info][gc,phases      ] GC(572)   Evacuate Collection Set: 3.8ms
[74.941s][info][gc,phases      ] GC(572)   Post Evacuate Collection Set: 0.4ms
[74.941s][info][gc,phases      ] GC(572)   Other: 0.1ms
[74.941s][info][gc,heap        ] GC(572) Eden regions: 208->0(208)
[74.941s][info][gc,heap        ] GC(572) Survivor regions: 11->11(28)
[74.941s][info][gc,heap        ] GC(572) Old regions: 132->132
[74.941s][info][gc,heap        ] GC(572) Archive regions: 0->0
[74.941s][info][gc,heap        ] GC(572) Humongous regions: 15->15
[74.941s][info][gc,metaspace   ] GC(572) Metaspace: 61254K(62144K)->61254K(62144K) NonClass: 53682K(54144K)->53682K(54144K) Class: 7572K(8000K)->7572K(8000K)
[74.941s][info][gc             ] GC(572) Pause Young (Normal) (G1 Evacuation Pause) 360M->152M(398M) 4.966ms
[74.941s][info][gc,cpu         ] GC(572) User=0.00s Sys=0.00s Real=0.00s
[75.010s][info][gc,start       ] GC(573) Pause Young (Normal) (G1 Evacuation Pause)
[75.010s][info][gc,task        ] GC(573) Using 9 workers of 33 for evacuation
[75.016s][info][gc,phases      ] GC(573)   Pre Evacuate Collection Set: 0.1ms
[75.016s][info][gc,phases      ] GC(573)   Merge Heap Roots: 0.1ms
[75.016s][info][gc,phases      ] GC(573)   Evacuate Collection Set: 4.9ms
[75.016s][info][gc,phases      ] GC(573)   Post Evacuate Collection Set: 0.4ms
[75.016s][info][gc,phases      ] GC(573)   Other: 0.1ms
[75.016s][info][gc,heap        ] GC(573) Eden regions: 208->0(208)
[75.016s][info][gc,heap        ] GC(573) Survivor regions: 11->11(28)
[75.016s][info][gc,heap        ] GC(573) Old regions: 132->132
[75.016s][info][gc,heap        ] GC(573) Archive regions: 0->0
[75.016s][info][gc,heap        ] GC(573) Humongous regions: 15->15
[75.016s][info][gc,metaspace   ] GC(573) Metaspace: 61254K(62144K)->61254K(62144K) NonClass: 53682K(54144K)->53682K(54144K) Class: 7572K(8000K)->7572K(8000K)
[75.016s][info][gc             ] GC(573) Pause Young (Normal) (G1 Evacuation Pause) 360M->151M(398M) 6.078ms
[75.016s][info][gc,cpu         ] GC(573) User=0.00s Sys=0.00s Real=0.00s
[75.095s][info][gc,start       ] GC(574) Pause Young (Normal) (G1 Evacuation Pause)
[75.095s][info][gc,task        ] GC(574) Using 9 workers of 33 for evacuation
[75.101s][info][gc,phases      ] GC(574)   Pre Evacuate Collection Set: 0.1ms
[75.101s][info][gc,phases      ] GC(574)   Merge Heap Roots: 0.1ms
[75.101s][info][gc,phases      ] GC(574)   Evacuate Collection Set: 4.9ms
[75.101s][info][gc,phases      ] GC(574)   Post Evacuate Collection Set: 0.6ms
[75.101s][info][gc,phases      ] GC(574)   Other: 0.1ms
[75.101s][info][gc,heap        ] GC(574) Eden regions: 208->0(208)
[75.101s][info][gc,heap        ] GC(574) Survivor regions: 11->11(28)
[75.101s][info][gc,heap        ] GC(574) Old regions: 132->132
[75.101s][info][gc,heap        ] GC(574) Archive regions: 0->0
[75.101s][info][gc,heap        ] GC(574) Humongous regions: 15->15
[75.101s][info][gc,metaspace   ] GC(574) Metaspace: 61254K(62144K)->61254K(62144K) NonClass: 53682K(54144K)->53682K(54144K) Class: 7572K(8000K)->7572K(8000K)
[75.101s][info][gc             ] GC(574) Pause Young (Normal) (G1 Evacuation Pause) 359M->152M(398M) 6.291ms
[75.101s][info][gc,cpu         ] GC(574) User=0.00s Sys=0.00s Real=0.02s
[75.234s][info][gc,start       ] GC(575) Pause Young (Normal) (G1 Evacuation Pause)
[75.234s][info][gc,task        ] GC(575) Using 9 workers of 33 for evacuation
[75.240s][info][gc,phases      ] GC(575)   Pre Evacuate Collection Set: 0.1ms
[75.240s][info][gc,phases      ] GC(575)   Merge Heap Roots: 0.1ms
[75.240s][info][gc,phases      ] GC(575)   Evacuate Collection Set: 5.0ms
[75.240s][info][gc,phases      ] GC(575)   Post Evacuate Collection Set: 0.4ms
[75.240s][info][gc,phases      ] GC(575)   Other: 0.2ms
[75.240s][info][gc,heap        ] GC(575) Eden regions: 208->0(208)
[75.240s][info][gc,heap        ] GC(575) Survivor regions: 11->11(28)
[75.240s][info][gc,heap        ] GC(575) Old regions: 132->132
[75.240s][info][gc,heap        ] GC(575) Archive regions: 0->0
[75.240s][info][gc,heap        ] GC(575) Humongous regions: 15->15
[75.240s][info][gc,metaspace   ] GC(575) Metaspace: 61254K(62144K)->61254K(62144K) NonClass: 53682K(54144K)->53682K(54144K) Class: 7572K(8000K)->7572K(8000K)
[75.240s][info][gc             ] GC(575) Pause Young (Normal) (G1 Evacuation Pause) 360M->152M(398M) 6.236ms
[75.240s][info][gc,cpu         ] GC(575) User=0.00s Sys=0.00s Real=0.00s
[75.371s][info][gc,start       ] GC(576) Pause Young (Normal) (G1 Evacuation Pause)
[75.371s][info][gc,task        ] GC(576) Using 9 workers of 33 for evacuation
[75.377s][info][gc,phases      ] GC(576)   Pre Evacuate Collection Set: 0.1ms
[75.377s][info][gc,phases      ] GC(576)   Merge Heap Roots: 0.1ms
[75.377s][info][gc,phases      ] GC(576)   Evacuate Collection Set: 5.0ms
[75.377s][info][gc,phases      ] GC(576)   Post Evacuate Collection Set: 0.4ms
[75.377s][info][gc,phases      ] GC(576)   Other: 0.1ms
[75.377s][info][gc,heap        ] GC(576) Eden regions: 208->0(208)
[75.377s][info][gc,heap        ] GC(576) Survivor regions: 11->11(28)
[75.377s][info][gc,heap        ] GC(576) Old regions: 132->132
[75.377s][info][gc,heap        ] GC(576) Archive regions: 0->0
[75.377s][info][gc,heap        ] GC(576) Humongous regions: 15->15
[75.377s][info][gc,metaspace   ] GC(576) Metaspace: 61254K(62144K)->61254K(62144K) NonClass: 53682K(54144K)->53682K(54144K) Class: 7572K(8000K)->7572K(8000K)
[75.378s][info][gc             ] GC(576) Pause Young (Normal) (G1 Evacuation Pause) 360M->151M(398M) 6.202ms
[75.378s][info][gc,cpu         ] GC(576) User=0.00s Sys=0.00s Real=0.00s
[75.509s][info][gc,start       ] GC(577) Pause Young (Normal) (G1 Evacuation Pause)
[75.509s][info][gc,task        ] GC(577) Using 9 workers of 33 for evacuation
[75.515s][info][gc,phases      ] GC(577)   Pre Evacuate Collection Set: 0.1ms
[75.515s][info][gc,phases      ] GC(577)   Merge Heap Roots: 0.1ms
[75.515s][info][gc,phases      ] GC(577)   Evacuate Collection Set: 4.9ms
[75.515s][info][gc,phases      ] GC(577)   Post Evacuate Collection Set: 0.4ms
[75.515s][info][gc,phases      ] GC(577)   Other: 0.1ms
[75.515s][info][gc,heap        ] GC(577) Eden regions: 208->0(208)
[75.515s][info][gc,heap        ] GC(577) Survivor regions: 11->11(28)
[75.515s][info][gc,heap        ] GC(577) Old regions: 132->132
[75.515s][info][gc,heap        ] GC(577) Archive regions: 0->0
[75.515s][info][gc,heap        ] GC(577) Humongous regions: 15->15
[75.515s][info][gc,metaspace   ] GC(577) Metaspace: 61254K(62144K)->61254K(62144K) NonClass: 53682K(54144K)->53682K(54144K) Class: 7572K(8000K)->7572K(8000K)
[75.515s][info][gc             ] GC(577) Pause Young (Normal) (G1 Evacuation Pause) 359M->152M(398M) 6.133ms
[75.515s][info][gc,cpu         ] GC(577) User=0.00s Sys=0.00s Real=0.00s
[75.646s][info][gc,start       ] GC(578) Pause Young (Normal) (G1 Evacuation Pause)
[75.646s][info][gc,task        ] GC(578) Using 9 workers of 33 for evacuation
[75.651s][info][gc,phases      ] GC(578)   Pre Evacuate Collection Set: 0.1ms
[75.651s][info][gc,phases      ] GC(578)   Merge Heap Roots: 0.1ms
[75.652s][info][gc,phases      ] GC(578)   Evacuate Collection Set: 5.1ms
[75.652s][info][gc,phases      ] GC(578)   Post Evacuate Collection Set: 0.4ms
[75.652s][info][gc,phases      ] GC(578)   Other: 0.2ms
[75.652s][info][gc,heap        ] GC(578) Eden regions: 208->0(208)
[75.652s][info][gc,heap        ] GC(578) Survivor regions: 11->11(28)
[75.652s][info][gc,heap        ] GC(578) Old regions: 132->132
[75.652s][info][gc,heap        ] GC(578) Archive regions: 0->0
[75.652s][info][gc,heap        ] GC(578) Humongous regions: 15->15
[75.652s][info][gc,metaspace   ] GC(578) Metaspace: 61254K(62144K)->61254K(62144K) NonClass: 53682K(54144K)->53682K(54144K) Class: 7572K(8000K)->7572K(8000K)
[75.652s][info][gc             ] GC(578) Pause Young (Normal) (G1 Evacuation Pause) 360M->152M(398M) 6.307ms
[75.652s][info][gc,cpu         ] GC(578) User=0.00s Sys=0.00s Real=0.00s
[75.700s][info][gc,start       ] GC(579) Pause Full (System.gc())
[75.700s][info][gc,task        ] GC(579) Using 9 workers of 33 for full compaction
[75.701s][info][gc,phases,start] GC(579) Phase 1: Mark live objects
[75.734s][info][gc,phases      ] GC(579) Phase 1: Mark live objects 33.620ms
[75.734s][info][gc,phases,start] GC(579) Phase 2: Prepare compaction
[75.739s][info][gc,phases      ] GC(579) Phase 2: Prepare compaction 4.544ms
[75.739s][info][gc,phases,start] GC(579) Phase 3: Adjust pointers
[75.748s][info][gc,phases      ] GC(579) Phase 3: Adjust pointers 8.811ms
[75.748s][info][gc,phases,start] GC(579) Phase 4: Compact heap
[75.748s][info][gc,phases      ] GC(579) Phase 4: Compact heap 0.408ms
[75.762s][info][gc,heap        ] GC(579) Eden regions: 45->0(216)
[75.762s][info][gc,heap        ] GC(579) Survivor regions: 11->0(28)
[75.762s][info][gc,heap        ] GC(579) Old regions: 132->99
[75.762s][info][gc,heap        ] GC(579) Archive regions: 0->0
[75.762s][info][gc,heap        ] GC(579) Humongous regions: 20->9
[75.762s][info][gc,metaspace   ] GC(579) Metaspace: 61260K(62144K)->61260K(62144K) NonClass: 53688K(54144K)->53688K(54144K) Class: 7572K(8000K)->7572K(8000K)
[75.762s][info][gc             ] GC(579) Pause Full (System.gc()) 202M->102M(360M) 61.955ms
[75.762s][info][gc,cpu         ] GC(579) User=0.17s Sys=0.02s Real=0.06s
[75.898s][info][gc,start       ] GC(580) Pause Young (Normal) (G1 Evacuation Pause)
[75.898s][info][gc,task        ] GC(580) Using 8 workers of 33 for evacuation
[75.902s][info][gc,phases      ] GC(580)   Pre Evacuate Collection Set: 0.2ms
[75.903s][info][gc,phases      ] GC(580)   Merge Heap Roots: 0.1ms
[75.903s][info][gc,phases      ] GC(580)   Evacuate Collection Set: 3.6ms
[75.903s][info][gc,phases      ] GC(580)   Post Evacuate Collection Set: 0.5ms
[75.903s][info][gc,phases      ] GC(580)   Other: 0.1ms
[75.903s][info][gc,heap        ] GC(580) Eden regions: 216->0(209)
[75.903s][info][gc,heap        ] GC(580) Survivor regions: 0->7(27)
[75.903s][info][gc,heap        ] GC(580) Old regions: 99->99
[75.903s][info][gc,heap        ] GC(580) Archive regions: 0->0
[75.903s][info][gc,heap        ] GC(580) Humongous regions: 19->9
[75.903s][info][gc,metaspace   ] GC(580) Metaspace: 61291K(62208K)->61291K(62208K) NonClass: 53718K(54208K)->53718K(54208K) Class: 7573K(8000K)->7573K(8000K)
[75.903s][info][gc             ] GC(580) Pause Young (Normal) (G1 Evacuation Pause) 328M->109M(360M) 4.819ms
[75.903s][info][gc,cpu         ] GC(580) User=0.00s Sys=0.00s Real=0.00s
[75.978s][info][gc,start       ] GC(581) Pause Young (Normal) (G1 Evacuation Pause)
[75.978s][info][gc,task        ] GC(581) Using 8 workers of 33 for evacuation
[75.990s][info][gc,phases      ] GC(581)   Pre Evacuate Collection Set: 0.1ms
[75.990s][info][gc,phases      ] GC(581)   Merge Heap Roots: 0.1ms
[75.990s][info][gc,phases      ] GC(581)   Evacuate Collection Set: 10.0ms
[75.990s][info][gc,phases      ] GC(581)   Post Evacuate Collection Set: 0.7ms
[75.990s][info][gc,phases      ] GC(581)   Other: 0.2ms
[75.990s][info][gc,heap        ] GC(581) Eden regions: 209->0(201)
[75.990s][info][gc,heap        ] GC(581) Survivor regions: 7->15(27)
[75.990s][info][gc,heap        ] GC(581) Old regions: 99->99
[75.990s][info][gc,heap        ] GC(581) Archive regions: 0->0
[75.990s][info][gc,heap        ] GC(581) Humongous regions: 12->12
[75.990s][info][gc,metaspace   ] GC(581) Metaspace: 61291K(62208K)->61291K(62208K) NonClass: 53718K(54208K)->53718K(54208K) Class: 7573K(8000K)->7573K(8000K)
[75.990s][info][gc             ] GC(581) Pause Young (Normal) (G1 Evacuation Pause) 321M->120M(360M) 11.587ms
[75.990s][info][gc,cpu         ] GC(581) User=0.13s Sys=0.00s Real=0.02s
[76.058s][info][gc,start       ] GC(582) Pause Young (Normal) (G1 Evacuation Pause)
[76.058s][info][gc,task        ] GC(582) Using 8 workers of 33 for evacuation
[76.073s][info][gc,phases      ] GC(582)   Pre Evacuate Collection Set: 0.1ms
[76.073s][info][gc,phases      ] GC(582)   Merge Heap Roots: 0.1ms
[76.073s][info][gc,phases      ] GC(582)   Evacuate Collection Set: 13.5ms
[76.073s][info][gc,phases      ] GC(582)   Post Evacuate Collection Set: 0.6ms
[76.073s][info][gc,phases      ] GC(582)   Other: 0.2ms
[76.073s][info][gc,heap        ] GC(582) Eden regions: 201->0(189)
[76.073s][info][gc,heap        ] GC(582) Survivor regions: 15->18(27)
[76.073s][info][gc,heap        ] GC(582) Old regions: 99->105
[76.073s][info][gc,heap        ] GC(582) Archive regions: 0->0
[76.073s][info][gc,heap        ] GC(582) Humongous regions: 12->12
[76.073s][info][gc,metaspace   ] GC(582) Metaspace: 61291K(62208K)->61291K(62208K) NonClass: 53718K(54208K)->53718K(54208K) Class: 7573K(8000K)->7573K(8000K)
[76.073s][info][gc             ] GC(582) Pause Young (Normal) (G1 Evacuation Pause) 321M->129M(360M) 14.941ms
[76.073s][info][gc,cpu         ] GC(582) User=0.13s Sys=0.00s Real=0.02s
[76.138s][info][gc,start       ] GC(583) Pause Young (Normal) (G1 Evacuation Pause)
[76.139s][info][gc,task        ] GC(583) Using 8 workers of 33 for evacuation
[76.154s][info][gc,phases      ] GC(583)   Pre Evacuate Collection Set: 0.1ms
[76.154s][info][gc,phases      ] GC(583)   Merge Heap Roots: 0.1ms
[76.154s][info][gc,phases      ] GC(583)   Evacuate Collection Set: 14.7ms
[76.154s][info][gc,phases      ] GC(583)   Post Evacuate Collection Set: 0.6ms
[76.154s][info][gc,phases      ] GC(583)   Other: 0.2ms
[76.154s][info][gc,heap        ] GC(583) Eden regions: 189->0(190)
[76.154s][info][gc,heap        ] GC(583) Survivor regions: 18->17(26)
[76.155s][info][gc,heap        ] GC(583) Old regions: 105->114
[76.155s][info][gc,heap        ] GC(583) Archive regions: 0->0
[76.155s][info][gc,heap        ] GC(583) Humongous regions: 15->15
[76.155s][info][gc,metaspace   ] GC(583) Metaspace: 61291K(62208K)->61291K(62208K) NonClass: 53718K(54208K)->53718K(54208K) Class: 7573K(8000K)->7573K(8000K)
[76.155s][info][gc             ] GC(583) Pause Young (Normal) (G1 Evacuation Pause) 321M->140M(373M) 16.165ms
[76.155s][info][gc,cpu         ] GC(583) User=0.13s Sys=0.00s Real=0.01s
[76.217s][info][gc,start       ] GC(584) Pause Young (Normal) (G1 Evacuation Pause)
[76.217s][info][gc,task        ] GC(584) Using 8 workers of 33 for evacuation
[76.229s][info][gc,phases      ] GC(584)   Pre Evacuate Collection Set: 0.1ms
[76.229s][info][gc,phases      ] GC(584)   Merge Heap Roots: 0.1ms
[76.229s][info][gc,phases      ] GC(584)   Evacuate Collection Set: 11.5ms
[76.229s][info][gc,phases      ] GC(584)   Post Evacuate Collection Set: 0.4ms
[76.229s][info][gc,phases      ] GC(584)   Other: 0.2ms
[76.229s][info][gc,heap        ] GC(584) Eden regions: 190->0(182)
[76.229s][info][gc,heap        ] GC(584) Survivor regions: 17->16(26)
[76.229s][info][gc,heap        ] GC(584) Old regions: 114->124
[76.229s][info][gc,heap        ] GC(584) Archive regions: 0->0
[76.229s][info][gc,heap        ] GC(584) Humongous regions: 15->15
[76.229s][info][gc,metaspace   ] GC(584) Metaspace: 61291K(62208K)->61291K(62208K) NonClass: 53718K(54208K)->53718K(54208K) Class: 7573K(8000K)->7573K(8000K)
[76.229s][info][gc             ] GC(584) Pause Young (Normal) (G1 Evacuation Pause) 330M->149M(373M) 12.769ms
[76.230s][info][gc,cpu         ] GC(584) User=0.13s Sys=0.00s Real=0.01s
[76.290s][info][gc,start       ] GC(585) Pause Young (Normal) (G1 Evacuation Pause)
[76.290s][info][gc,task        ] GC(585) Using 8 workers of 33 for evacuation
[76.299s][info][gc,phases      ] GC(585)   Pre Evacuate Collection Set: 0.1ms
[76.300s][info][gc,phases      ] GC(585)   Merge Heap Roots: 0.1ms
[76.300s][info][gc,phases      ] GC(585)   Evacuate Collection Set: 8.5ms
[76.300s][info][gc,phases      ] GC(585)   Post Evacuate Collection Set: 0.4ms
[76.300s][info][gc,phases      ] GC(585)   Other: 0.2ms
[76.300s][info][gc,heap        ] GC(585) Eden regions: 182->0(182)
[76.300s][info][gc,heap        ] GC(585) Survivor regions: 16->12(25)
[76.300s][info][gc,heap        ] GC(585) Old regions: 124->132
[76.300s][info][gc,heap        ] GC(585) Archive regions: 0->0
[76.300s][info][gc,heap        ] GC(585) Humongous regions: 15->15
[76.300s][info][gc,metaspace   ] GC(585) Metaspace: 61291K(62208K)->61291K(62208K) NonClass: 53718K(54208K)->53718K(54208K) Class: 7573K(8000K)->7573K(8000K)
[76.300s][info][gc             ] GC(585) Pause Young (Normal) (G1 Evacuation Pause) 331M->152M(373M) 9.703ms
[76.300s][info][gc,cpu         ] GC(585) User=0.00s Sys=0.00s Real=0.00s
[76.360s][info][gc,start       ] GC(586) Pause Young (Normal) (G1 Evacuation Pause)
[76.360s][info][gc,task        ] GC(586) Using 8 workers of 33 for evacuation
[76.366s][info][gc,phases      ] GC(586)   Pre Evacuate Collection Set: 0.1ms
[76.366s][info][gc,phases      ] GC(586)   Merge Heap Roots: 0.1ms
[76.366s][info][gc,phases      ] GC(586)   Evacuate Collection Set: 4.9ms
[76.366s][info][gc,phases      ] GC(586)   Post Evacuate Collection Set: 0.4ms
[76.366s][info][gc,phases      ] GC(586)   Other: 0.2ms
[76.366s][info][gc,heap        ] GC(586) Eden regions: 182->0(182)
[76.366s][info][gc,heap        ] GC(586) Survivor regions: 12->12(25)
[76.366s][info][gc,heap        ] GC(586) Old regions: 132->132
[76.366s][info][gc,heap        ] GC(586) Archive regions: 0->0
[76.366s][info][gc,heap        ] GC(586) Humongous regions: 15->15
[76.366s][info][gc,metaspace   ] GC(586) Metaspace: 61291K(62208K)->61291K(62208K) NonClass: 53718K(54208K)->53718K(54208K) Class: 7573K(8000K)->7573K(8000K)
[76.366s][info][gc             ] GC(586) Pause Young (Normal) (G1 Evacuation Pause) 334M->152M(373M) 6.122ms
[76.366s][info][gc,cpu         ] GC(586) User=0.13s Sys=0.00s Real=0.02s
[76.428s][info][gc,start       ] GC(587) Pause Young (Normal) (G1 Evacuation Pause)
[76.428s][info][gc,task        ] GC(587) Using 8 workers of 33 for evacuation
[76.435s][info][gc,phases      ] GC(587)   Pre Evacuate Collection Set: 0.1ms
[76.435s][info][gc,phases      ] GC(587)   Merge Heap Roots: 0.1ms
[76.435s][info][gc,phases      ] GC(587)   Evacuate Collection Set: 5.1ms
[76.435s][info][gc,phases      ] GC(587)   Post Evacuate Collection Set: 0.8ms
[76.435s][info][gc,phases      ] GC(587)   Other: 0.1ms
[76.435s][info][gc,heap        ] GC(587) Eden regions: 182->0(205)
[76.435s][info][gc,heap        ] GC(587) Survivor regions: 12->12(25)
[76.435s][info][gc,heap        ] GC(587) Old regions: 132->132
[76.435s][info][gc,heap        ] GC(587) Archive regions: 0->0
[76.435s][info][gc,heap        ] GC(587) Humongous regions: 15->15
[76.435s][info][gc,metaspace   ] GC(587) Metaspace: 61291K(62208K)->61291K(62208K) NonClass: 53718K(54208K)->53718K(54208K) Class: 7573K(8000K)->7573K(8000K)
[76.435s][info][gc             ] GC(587) Pause Young (Normal) (G1 Evacuation Pause) 334M->152M(397M) 6.679ms
[76.435s][info][gc,cpu         ] GC(587) User=0.00s Sys=0.00s Real=0.00s
[76.509s][info][gc,start       ] GC(588) Pause Young (Normal) (G1 Evacuation Pause)
[76.510s][info][gc,task        ] GC(588) Using 9 workers of 33 for evacuation
[76.515s][info][gc,phases      ] GC(588)   Pre Evacuate Collection Set: 0.1ms
[76.515s][info][gc,phases      ] GC(588)   Merge Heap Roots: 0.1ms
[76.515s][info][gc,phases      ] GC(588)   Evacuate Collection Set: 5.0ms
[76.515s][info][gc,phases      ] GC(588)   Post Evacuate Collection Set: 0.4ms
[76.515s][info][gc,phases      ] GC(588)   Other: 0.2ms
[76.515s][info][gc,heap        ] GC(588) Eden regions: 205->0(205)
[76.515s][info][gc,heap        ] GC(588) Survivor regions: 12->12(28)
[76.515s][info][gc,heap        ] GC(588) Old regions: 132->132
[76.515s][info][gc,heap        ] GC(588) Archive regions: 0->0
[76.515s][info][gc,heap        ] GC(588) Humongous regions: 15->15
[76.516s][info][gc,metaspace   ] GC(588) Metaspace: 61291K(62208K)->61291K(62208K) NonClass: 53718K(54208K)->53718K(54208K) Class: 7573K(8000K)->7573K(8000K)
[76.516s][info][gc             ] GC(588) Pause Young (Normal) (G1 Evacuation Pause) 357M->153M(397M) 6.132ms
[76.516s][info][gc,cpu         ] GC(588) User=0.00s Sys=0.00s Real=0.00s
[76.592s][info][gc,start       ] GC(589) Pause Young (Normal) (G1 Evacuation Pause)
[76.592s][info][gc,task        ] GC(589) Using 9 workers of 33 for evacuation
[76.598s][info][gc,phases      ] GC(589)   Pre Evacuate Collection Set: 0.1ms
[76.598s][info][gc,phases      ] GC(589)   Merge Heap Roots: 0.1ms
[76.598s][info][gc,phases      ] GC(589)   Evacuate Collection Set: 4.9ms
[76.598s][info][gc,phases      ] GC(589)   Post Evacuate Collection Set: 0.5ms
[76.598s][info][gc,phases      ] GC(589)   Other: 0.1ms
[76.598s][info][gc,heap        ] GC(589) Eden regions: 205->0(205)
[76.598s][info][gc,heap        ] GC(589) Survivor regions: 12->12(28)
[76.598s][info][gc,heap        ] GC(589) Old regions: 132->132
[76.598s][info][gc,heap        ] GC(589) Archive regions: 0->0
[76.598s][info][gc,heap        ] GC(589) Humongous regions: 15->15
[76.598s][info][gc,metaspace   ] GC(589) Metaspace: 61297K(62208K)->61297K(62208K) NonClass: 53723K(54208K)->53723K(54208K) Class: 7573K(8000K)->7573K(8000K)
[76.598s][info][gc             ] GC(589) Pause Young (Normal) (G1 Evacuation Pause) 358M->152M(397M) 5.972ms
[76.598s][info][gc,cpu         ] GC(589) User=0.14s Sys=0.00s Real=0.01s
[76.747s][info][gc,start       ] GC(590) Pause Young (Normal) (G1 Evacuation Pause)
[76.747s][info][gc,task        ] GC(590) Using 9 workers of 33 for evacuation
[76.754s][info][gc,phases      ] GC(590)   Pre Evacuate Collection Set: 0.1ms
[76.754s][info][gc,phases      ] GC(590)   Merge Heap Roots: 0.1ms
[76.951s][info][gc,phases      ] GC(590)   Evacuate Collection Set: 6.0ms
[76.956s][info][gc,phases      ] GC(590)   Post Evacuate Collection Set: 0.4ms
[76.956s][info][gc,phases      ] GC(590)   Other: 0.2ms
[76.956s][info][gc,heap        ] GC(590) Eden regions: 205->0(205)
[76.956s][info][gc,heap        ] GC(590) Survivor regions: 12->12(28)
[76.956s][info][gc,heap        ] GC(590) Old regions: 132->132
[76.956s][info][gc,heap        ] GC(590) Archive regions: 0->0
[76.956s][info][gc,heap        ] GC(590) Humongous regions: 15->15
[76.956s][info][gc,metaspace   ] GC(590) Metaspace: 61297K(62208K)->61297K(62208K) NonClass: 53723K(54208K)->53723K(54208K) Class: 7573K(8000K)->7573K(8000K)
[76.956s][info][gc             ] GC(590) Pause Young (Normal) (G1 Evacuation Pause) 357M->152M(397M) 209.513ms
[76.956s][info][gc,cpu         ] GC(590) User=0.02s Sys=0.00s Real=0.20s
[77.104s][info][gc,start       ] GC(591) Pause Young (Normal) (G1 Evacuation Pause)
[77.104s][info][gc,task        ] GC(591) Using 9 workers of 33 for evacuation
[77.110s][info][gc,phases      ] GC(591)   Pre Evacuate Collection Set: 0.1ms
[77.110s][info][gc,phases      ] GC(591)   Merge Heap Roots: 0.1ms
[77.110s][info][gc,phases      ] GC(591)   Evacuate Collection Set: 5.1ms
[77.110s][info][gc,phases      ] GC(591)   Post Evacuate Collection Set: 0.4ms
[77.110s][info][gc,phases      ] GC(591)   Other: 0.2ms
[77.110s][info][gc,heap        ] GC(591) Eden regions: 205->0(205)
[77.110s][info][gc,heap        ] GC(591) Survivor regions: 12->12(28)
[77.110s][info][gc,heap        ] GC(591) Old regions: 132->132
[77.110s][info][gc,heap        ] GC(591) Archive regions: 0->0
[77.110s][info][gc,heap        ] GC(591) Humongous regions: 15->15
[77.110s][info][gc,metaspace   ] GC(591) Metaspace: 61297K(62208K)->61297K(62208K) NonClass: 53723K(54208K)->53723K(54208K) Class: 7573K(8000K)->7573K(8000K)
[77.110s][info][gc             ] GC(591) Pause Young (Normal) (G1 Evacuation Pause) 357M->152M(397M) 6.392ms
[77.110s][info][gc,cpu         ] GC(591) User=0.00s Sys=0.00s Real=0.00s
[77.240s][info][gc,start       ] GC(592) Pause Young (Normal) (G1 Evacuation Pause)
[77.240s][info][gc,task        ] GC(592) Using 9 workers of 33 for evacuation
[77.245s][info][gc,phases      ] GC(592)   Pre Evacuate Collection Set: 0.1ms
[77.246s][info][gc,phases      ] GC(592)   Merge Heap Roots: 0.1ms
[77.246s][info][gc,phases      ] GC(592)   Evacuate Collection Set: 5.0ms
[77.246s][info][gc,phases      ] GC(592)   Post Evacuate Collection Set: 0.4ms
[77.246s][info][gc,phases      ] GC(592)   Other: 0.2ms
[77.246s][info][gc,heap        ] GC(592) Eden regions: 205->0(205)
[77.246s][info][gc,heap        ] GC(592) Survivor regions: 12->12(28)
[77.246s][info][gc,heap        ] GC(592) Old regions: 132->132
[77.246s][info][gc,heap        ] GC(592) Archive regions: 0->0
[77.246s][info][gc,heap        ] GC(592) Humongous regions: 15->15
[77.246s][info][gc,metaspace   ] GC(592) Metaspace: 61297K(62208K)->61297K(62208K) NonClass: 53724K(54208K)->53724K(54208K) Class: 7573K(8000K)->7573K(8000K)
[77.246s][info][gc             ] GC(592) Pause Young (Normal) (G1 Evacuation Pause) 357M->152M(397M) 6.283ms
[77.246s][info][gc,cpu         ] GC(592) User=0.00s Sys=0.00s Real=0.00s
[77.375s][info][gc,start       ] GC(593) Pause Young (Normal) (G1 Evacuation Pause)
[77.375s][info][gc,task        ] GC(593) Using 9 workers of 33 for evacuation
[77.381s][info][gc,phases      ] GC(593)   Pre Evacuate Collection Set: 0.1ms
[77.381s][info][gc,phases      ] GC(593)   Merge Heap Roots: 0.1ms
[77.381s][info][gc,phases      ] GC(593)   Evacuate Collection Set: 5.1ms
[77.381s][info][gc,phases      ] GC(593)   Post Evacuate Collection Set: 0.4ms
[77.381s][info][gc,phases      ] GC(593)   Other: 0.1ms
[77.381s][info][gc,heap        ] GC(593) Eden regions: 205->0(205)
[77.381s][info][gc,heap        ] GC(593) Survivor regions: 12->12(28)
[77.382s][info][gc,heap        ] GC(593) Old regions: 132->132
[77.382s][info][gc,heap        ] GC(593) Archive regions: 0->0
[77.382s][info][gc,heap        ] GC(593) Humongous regions: 15->15
[77.382s][info][gc,metaspace   ] GC(593) Metaspace: 61297K(62208K)->61297K(62208K) NonClass: 53724K(54208K)->53724K(54208K) Class: 7573K(8000K)->7573K(8000K)
[77.382s][info][gc             ] GC(593) Pause Young (Normal) (G1 Evacuation Pause) 357M->152M(397M) 6.343ms
[77.382s][info][gc,cpu         ] GC(593) User=0.28s Sys=0.00s Real=0.02s
[77.452s][info][gc,start       ] GC(594) Pause Full (System.gc())
[77.452s][info][gc,task        ] GC(594) Using 9 workers of 33 for full compaction
[77.453s][info][gc,phases,start] GC(594) Phase 1: Mark live objects
[77.484s][info][gc,phases      ] GC(594) Phase 1: Mark live objects 31.138ms
[77.484s][info][gc,phases,start] GC(594) Phase 2: Prepare compaction
[77.489s][info][gc,phases      ] GC(594) Phase 2: Prepare compaction 4.594ms
[77.489s][info][gc,phases,start] GC(594) Phase 3: Adjust pointers
[77.497s][info][gc,phases      ] GC(594) Phase 3: Adjust pointers 8.194ms
[77.497s][info][gc,phases,start] GC(594) Phase 4: Compact heap
[77.497s][info][gc,phases      ] GC(594) Phase 4: Compact heap 0.362ms
[77.511s][info][gc,heap        ] GC(594) Eden regions: 78->0(216)
[77.511s][info][gc,heap        ] GC(594) Survivor regions: 12->0(28)
[77.511s][info][gc,heap        ] GC(594) Old regions: 132->99
[77.511s][info][gc,heap        ] GC(594) Archive regions: 0->0
[77.511s][info][gc,heap        ] GC(594) Humongous regions: 20->9
[77.511s][info][gc,metaspace   ] GC(594) Metaspace: 61311K(62208K)->61311K(62208K) NonClass: 53738K(54208K)->53738K(54208K) Class: 7573K(8000K)->7573K(8000K)
[77.511s][info][gc             ] GC(594) Pause Full (System.gc()) 235M->102M(360M) 58.991ms
[77.511s][info][gc,cpu         ] GC(594) User=0.22s Sys=0.00s Real=0.05s
[77.653s][info][gc,start       ] GC(595) Pause Young (Normal) (G1 Evacuation Pause)
[77.653s][info][gc,task        ] GC(595) Using 8 workers of 33 for evacuation
[77.659s][info][gc,phases      ] GC(595)   Pre Evacuate Collection Set: 0.2ms
[77.659s][info][gc,phases      ] GC(595)   Merge Heap Roots: 0.1ms
[77.659s][info][gc,phases      ] GC(595)   Evacuate Collection Set: 4.3ms
[77.659s][info][gc,phases      ] GC(595)   Post Evacuate Collection Set: 0.7ms
[77.659s][info][gc,phases      ] GC(595)   Other: 0.2ms
[77.659s][info][gc,heap        ] GC(595) Eden regions: 216->0(209)
[77.659s][info][gc,heap        ] GC(595) Survivor regions: 0->7(27)
[77.659s][info][gc,heap        ] GC(595) Old regions: 99->99
[77.659s][info][gc,heap        ] GC(595) Archive regions: 0->0
[77.659s][info][gc,heap        ] GC(595) Humongous regions: 19->9
[77.659s][info][gc,metaspace   ] GC(595) Metaspace: 61334K(62208K)->61334K(62208K) NonClass: 53760K(54208K)->53760K(54208K) Class: 7573K(8000K)->7573K(8000K)
[77.659s][info][gc             ] GC(595) Pause Young (Normal) (G1 Evacuation Pause) 328M->109M(360M) 6.027ms
[77.659s][info][gc,cpu         ] GC(595) User=0.00s Sys=0.02s Real=0.01s
[77.735s][info][gc,start       ] GC(596) Pause Young (Normal) (G1 Evacuation Pause)
[77.735s][info][gc,task        ] GC(596) Using 8 workers of 33 for evacuation
[77.745s][info][gc,phases      ] GC(596)   Pre Evacuate Collection Set: 0.2ms
[77.745s][info][gc,phases      ] GC(596)   Merge Heap Roots: 0.1ms
[77.745s][info][gc,phases      ] GC(596)   Evacuate Collection Set: 8.8ms
[77.745s][info][gc,phases      ] GC(596)   Post Evacuate Collection Set: 0.7ms
[77.745s][info][gc,phases      ] GC(596)   Other: 0.2ms
[77.745s][info][gc,heap        ] GC(596) Eden regions: 209->0(202)
[77.745s][info][gc,heap        ] GC(596) Survivor regions: 7->14(27)
[77.745s][info][gc,heap        ] GC(596) Old regions: 99->99
[77.745s][info][gc,heap        ] GC(596) Archive regions: 0->0
[77.745s][info][gc,heap        ] GC(596) Humongous regions: 12->12
[77.745s][info][gc,metaspace   ] GC(596) Metaspace: 61334K(62208K)->61334K(62208K) NonClass: 53760K(54208K)->53760K(54208K) Class: 7573K(8000K)->7573K(8000K)
[77.746s][info][gc             ] GC(596) Pause Young (Normal) (G1 Evacuation Pause) 321M->119M(360M) 10.443ms
[77.746s][info][gc,cpu         ] GC(596) User=0.00s Sys=0.00s Real=0.00s
[77.814s][info][gc,start       ] GC(597) Pause Young (Normal) (G1 Evacuation Pause)
[77.814s][info][gc,task        ] GC(597) Using 8 workers of 33 for evacuation
[77.825s][info][gc,phases      ] GC(597)   Pre Evacuate Collection Set: 0.1ms
[77.826s][info][gc,phases      ] GC(597)   Merge Heap Roots: 0.1ms
[77.826s][info][gc,phases      ] GC(597)   Evacuate Collection Set: 10.3ms
[77.826s][info][gc,phases      ] GC(597)   Post Evacuate Collection Set: 0.8ms
[77.826s][info][gc,phases      ] GC(597)   Other: 0.2ms
[77.826s][info][gc,heap        ] GC(597) Eden regions: 202->0(189)
[77.826s][info][gc,heap        ] GC(597) Survivor regions: 14->21(27)
[77.826s][info][gc,heap        ] GC(597) Old regions: 99->99
[77.826s][info][gc,heap        ] GC(597) Archive regions: 0->0
[77.826s][info][gc,heap        ] GC(597) Humongous regions: 12->12
[77.826s][info][gc,metaspace   ] GC(597) Metaspace: 61334K(62208K)->61334K(62208K) NonClass: 53760K(54208K)->53760K(54208K) Class: 7573K(8000K)->7573K(8000K)
[77.826s][info][gc             ] GC(597) Pause Young (Normal) (G1 Evacuation Pause) 321M->126M(360M) 11.928ms
[77.826s][info][gc,cpu         ] GC(597) User=0.02s Sys=0.00s Real=0.02s
[77.885s][info][gc,start       ] GC(598) Pause Young (Normal) (G1 Evacuation Pause)
[77.885s][info][gc,task        ] GC(598) Using 8 workers of 33 for evacuation
[77.902s][info][gc,phases      ] GC(598)   Pre Evacuate Collection Set: 0.1ms
[77.902s][info][gc,phases      ] GC(598)   Merge Heap Roots: 0.1ms
[77.902s][info][gc,phases      ] GC(598)   Evacuate Collection Set: 15.4ms
[77.902s][info][gc,phases      ] GC(598)   Post Evacuate Collection Set: 0.8ms
[77.902s][info][gc,phases      ] GC(598)   Other: 0.2ms
[77.902s][info][gc,heap        ] GC(598) Eden regions: 189->0(211)
[77.902s][info][gc,heap        ] GC(598) Survivor regions: 21->16(27)
[77.902s][info][gc,heap        ] GC(598) Old regions: 99->113
[77.902s][info][gc,heap        ] GC(598) Archive regions: 0->0
[77.902s][info][gc,heap        ] GC(598) Humongous regions: 15->15
[77.902s][info][gc,metaspace   ] GC(598) Metaspace: 61334K(62208K)->61334K(62208K) NonClass: 53760K(54208K)->53760K(54208K) Class: 7573K(8000K)->7573K(8000K)
[77.902s][info][gc             ] GC(598) Pause Young (Normal) (G1 Evacuation Pause) 318M->137M(392M) 17.096ms
[77.903s][info][gc,cpu         ] GC(598) User=0.13s Sys=0.00s Real=0.02s
[77.976s][info][gc,start       ] GC(599) Pause Young (Normal) (G1 Evacuation Pause)
[77.976s][info][gc,task        ] GC(599) Using 9 workers of 33 for evacuation
[77.988s][info][gc,phases      ] GC(599)   Pre Evacuate Collection Set: 0.2ms
[77.989s][info][gc,phases      ] GC(599)   Merge Heap Roots: 0.1ms
[77.989s][info][gc,phases      ] GC(599)   Evacuate Collection Set: 11.8ms
[77.989s][info][gc,phases      ] GC(599)   Post Evacuate Collection Set: 0.4ms
[77.989s][info][gc,phases      ] GC(599)   Other: 0.2ms
[77.989s][info][gc,heap        ] GC(599) Eden regions: 211->0(195)
[77.989s][info][gc,heap        ] GC(599) Survivor regions: 16->24(29)
[77.989s][info][gc,heap        ] GC(599) Old regions: 113->113
[77.989s][info][gc,heap        ] GC(599) Archive regions: 0->0
[77.989s][info][gc,heap        ] GC(599) Humongous regions: 15->15
[77.989s][info][gc,metaspace   ] GC(599) Metaspace: 61334K(62208K)->61334K(62208K) NonClass: 53760K(54208K)->53760K(54208K) Class: 7573K(8000K)->7573K(8000K)
[77.989s][info][gc             ] GC(599) Pause Young (Normal) (G1 Evacuation Pause) 348M->145M(392M) 13.141ms
[77.989s][info][gc,cpu         ] GC(599) User=0.14s Sys=0.00s Real=0.02s
[78.053s][info][gc,start       ] GC(600) Pause Young (Normal) (G1 Evacuation Pause)
[78.053s][info][gc,task        ] GC(600) Using 9 workers of 33 for evacuation
[78.065s][info][gc,phases      ] GC(600)   Pre Evacuate Collection Set: 0.1ms
[78.065s][info][gc,phases      ] GC(600)   Merge Heap Roots: 0.1ms
[78.065s][info][gc,phases      ] GC(600)   Evacuate Collection Set: 11.6ms
[78.065s][info][gc,phases      ] GC(600)   Post Evacuate Collection Set: 0.4ms
[78.066s][info][gc,phases      ] GC(600)   Other: 0.2ms
[78.066s][info][gc,heap        ] GC(600) Eden regions: 195->0(198)
[78.066s][info][gc,heap        ] GC(600) Survivor regions: 24->15(28)
[78.066s][info][gc,heap        ] GC(600) Old regions: 113->128
[78.066s][info][gc,heap        ] GC(600) Archive regions: 0->0
[78.066s][info][gc,heap        ] GC(600) Humongous regions: 15->15
[78.066s][info][gc,metaspace   ] GC(600) Metaspace: 61334K(62208K)->61334K(62208K) NonClass: 53760K(54208K)->53760K(54208K) Class: 7573K(8000K)->7573K(8000K)
[78.066s][info][gc             ] GC(600) Pause Young (Normal) (G1 Evacuation Pause) 340M->151M(392M) 12.897ms
[78.066s][info][gc,cpu         ] GC(600) User=0.00s Sys=0.02s Real=0.02s
[78.140s][info][gc,start       ] GC(601) Pause Young (Normal) (G1 Evacuation Pause)
[78.155s][info][gc,task        ] GC(601) Using 9 workers of 33 for evacuation
[78.162s][info][gc,phases      ] GC(601)   Pre Evacuate Collection Set: 0.1ms
[78.162s][info][gc,phases      ] GC(601)   Merge Heap Roots: 0.1ms
[78.162s][info][gc,phases      ] GC(601)   Evacuate Collection Set: 6.2ms
[78.162s][info][gc,phases      ] GC(601)   Post Evacuate Collection Set: 0.4ms
[78.162s][info][gc,phases      ] GC(601)   Other: 0.2ms
[78.163s][info][gc,heap        ] GC(601) Eden regions: 198->0(200)
[78.163s][info][gc,heap        ] GC(601) Survivor regions: 15->14(27)
[78.163s][info][gc,heap        ] GC(601) Old regions: 128->128
[78.163s][info][gc,heap        ] GC(601) Archive regions: 0->0
[78.163s][info][gc,heap        ] GC(601) Humongous regions: 15->15
[78.163s][info][gc,metaspace   ] GC(601) Metaspace: 61334K(62208K)->61334K(62208K) NonClass: 53760K(54208K)->53760K(54208K) Class: 7573K(8000K)->7573K(8000K)
[78.163s][info][gc             ] GC(601) Pause Young (Normal) (G1 Evacuation Pause) 349M->150M(392M) 23.206ms
[78.163s][info][gc,cpu         ] GC(601) User=0.14s Sys=0.00s Real=0.03s
[78.241s][info][gc,start       ] GC(602) Pause Young (Normal) (G1 Evacuation Pause)
[78.241s][info][gc,task        ] GC(602) Using 9 workers of 33 for evacuation
[78.247s][info][gc,phases      ] GC(602)   Pre Evacuate Collection Set: 0.1ms
[78.247s][info][gc,phases      ] GC(602)   Merge Heap Roots: 0.1ms
[78.247s][info][gc,phases      ] GC(602)   Evacuate Collection Set: 5.1ms
[78.247s][info][gc,phases      ] GC(602)   Post Evacuate Collection Set: 0.4ms
[78.247s][info][gc,phases      ] GC(602)   Other: 0.1ms
[78.247s][info][gc,heap        ] GC(602) Eden regions: 200->0(198)
[78.247s][info][gc,heap        ] GC(602) Survivor regions: 14->15(27)
[78.247s][info][gc,heap        ] GC(602) Old regions: 128->128
[78.247s][info][gc,heap        ] GC(602) Archive regions: 0->0
[78.247s][info][gc,heap        ] GC(602) Humongous regions: 15->15
[78.247s][info][gc,metaspace   ] GC(602) Metaspace: 61334K(62208K)->61334K(62208K) NonClass: 53760K(54208K)->53760K(54208K) Class: 7573K(8000K)->7573K(8000K)
[78.247s][info][gc             ] GC(602) Pause Young (Normal) (G1 Evacuation Pause) 350M->151M(392M) 6.321ms
[78.247s][info][gc,cpu         ] GC(602) User=0.00s Sys=0.00s Real=0.00s
[78.312s][info][gc,start       ] GC(603) Pause Young (Normal) (G1 Evacuation Pause)
[78.312s][info][gc,task        ] GC(603) Using 9 workers of 33 for evacuation
[78.318s][info][gc,phases      ] GC(603)   Pre Evacuate Collection Set: 0.1ms
[78.318s][info][gc,phases      ] GC(603)   Merge Heap Roots: 0.1ms
[78.318s][info][gc,phases      ] GC(603)   Evacuate Collection Set: 5.1ms
[78.318s][info][gc,phases      ] GC(603)   Post Evacuate Collection Set: 0.4ms
[78.318s][info][gc,phases      ] GC(603)   Other: 0.2ms
[78.318s][info][gc,heap        ] GC(603) Eden regions: 198->0(198)
[78.318s][info][gc,heap        ] GC(603) Survivor regions: 15->15(27)
[78.318s][info][gc,heap        ] GC(603) Old regions: 128->128
[78.318s][info][gc,heap        ] GC(603) Archive regions: 0->0
[78.318s][info][gc,heap        ] GC(603) Humongous regions: 15->15
[78.318s][info][gc,metaspace   ] GC(603) Metaspace: 61334K(62208K)->61334K(62208K) NonClass: 53760K(54208K)->53760K(54208K) Class: 7573K(8000K)->7573K(8000K)
[78.318s][info][gc             ] GC(603) Pause Young (Normal) (G1 Evacuation Pause) 349M->151M(392M) 6.269ms
[78.318s][info][gc,cpu         ] GC(603) User=0.14s Sys=0.00s Real=0.02s
[78.436s][info][gc,start       ] GC(604) Pause Young (Normal) (G1 Evacuation Pause)
[78.436s][info][gc,task        ] GC(604) Using 9 workers of 33 for evacuation
[78.443s][info][gc,phases      ] GC(604)   Pre Evacuate Collection Set: 0.1ms
[78.443s][info][gc,phases      ] GC(604)   Merge Heap Roots: 0.1ms
[78.443s][info][gc,phases      ] GC(604)   Evacuate Collection Set: 5.2ms
[78.443s][info][gc,phases      ] GC(604)   Post Evacuate Collection Set: 0.8ms
[78.443s][info][gc,phases      ] GC(604)   Other: 0.2ms
[78.443s][info][gc,heap        ] GC(604) Eden regions: 198->0(222)
[78.443s][info][gc,heap        ] GC(604) Survivor regions: 15->14(27)
[78.443s][info][gc,heap        ] GC(604) Old regions: 128->128
[78.443s][info][gc,heap        ] GC(604) Archive regions: 0->0
[78.443s][info][gc,heap        ] GC(604) Humongous regions: 15->15
[78.443s][info][gc,metaspace   ] GC(604) Metaspace: 61334K(62208K)->61334K(62208K) NonClass: 53760K(54208K)->53760K(54208K) Class: 7573K(8000K)->7573K(8000K)
[78.443s][info][gc             ] GC(604) Pause Young (Normal) (G1 Evacuation Pause) 349M->150M(415M) 6.848ms
[78.443s][info][gc,cpu         ] GC(604) User=0.14s Sys=0.00s Real=0.02s
[78.607s][info][gc,start       ] GC(605) Pause Young (Normal) (G1 Evacuation Pause)
[78.607s][info][gc,task        ] GC(605) Using 9 workers of 33 for evacuation
[78.614s][info][gc,phases      ] GC(605)   Pre Evacuate Collection Set: 0.1ms
[78.614s][info][gc,phases      ] GC(605)   Merge Heap Roots: 0.1ms
[78.614s][info][gc,phases      ] GC(605)   Evacuate Collection Set: 6.5ms
[78.614s][info][gc,phases      ] GC(605)   Post Evacuate Collection Set: 0.4ms
[78.614s][info][gc,phases      ] GC(605)   Other: 0.2ms
[78.614s][info][gc,heap        ] GC(605) Eden regions: 222->0(222)
[78.614s][info][gc,heap        ] GC(605) Survivor regions: 14->14(30)
[78.614s][info][gc,heap        ] GC(605) Old regions: 128->128
[78.614s][info][gc,heap        ] GC(605) Archive regions: 0->0
[78.614s][info][gc,heap        ] GC(605) Humongous regions: 15->15
[78.614s][info][gc,metaspace   ] GC(605) Metaspace: 61334K(62208K)->61334K(62208K) NonClass: 53760K(54208K)->53760K(54208K) Class: 7573K(8000K)->7573K(8000K)
[78.614s][info][gc             ] GC(605) Pause Young (Normal) (G1 Evacuation Pause) 372M->150M(415M) 7.847ms
[78.614s][info][gc,cpu         ] GC(605) User=0.00s Sys=0.00s Real=0.00s
[78.769s][info][gc,start       ] GC(606) Pause Young (Normal) (G1 Evacuation Pause)
[78.769s][info][gc,task        ] GC(606) Using 9 workers of 33 for evacuation
[78.776s][info][gc,phases      ] GC(606)   Pre Evacuate Collection Set: 0.1ms
[78.776s][info][gc,phases      ] GC(606)   Merge Heap Roots: 0.1ms
[78.776s][info][gc,phases      ] GC(606)   Evacuate Collection Set: 6.2ms
[78.776s][info][gc,phases      ] GC(606)   Post Evacuate Collection Set: 0.4ms
[78.776s][info][gc,phases      ] GC(606)   Other: 0.2ms
[78.776s][info][gc,heap        ] GC(606) Eden regions: 222->0(220)
[78.776s][info][gc,heap        ] GC(606) Survivor regions: 14->15(30)
[78.776s][info][gc,heap        ] GC(606) Old regions: 128->128
[78.777s][info][gc,heap        ] GC(606) Archive regions: 0->0
[78.777s][info][gc,heap        ] GC(606) Humongous regions: 15->15
[78.777s][info][gc,metaspace   ] GC(606) Metaspace: 61334K(62208K)->61334K(62208K) NonClass: 53760K(54208K)->53760K(54208K) Class: 7573K(8000K)->7573K(8000K)
[78.777s][info][gc             ] GC(606) Pause Young (Normal) (G1 Evacuation Pause) 372M->151M(415M) 7.479ms
[78.777s][info][gc,cpu         ] GC(606) User=0.14s Sys=0.00s Real=0.02s
[78.917s][info][gc,start       ] GC(607) Pause Young (Normal) (G1 Evacuation Pause)
[78.917s][info][gc,task        ] GC(607) Using 9 workers of 33 for evacuation
[78.924s][info][gc,phases      ] GC(607)   Pre Evacuate Collection Set: 0.1ms
[78.924s][info][gc,phases      ] GC(607)   Merge Heap Roots: 0.1ms
[78.924s][info][gc,phases      ] GC(607)   Evacuate Collection Set: 6.2ms
[78.924s][info][gc,phases      ] GC(607)   Post Evacuate Collection Set: 0.4ms
[78.924s][info][gc,phases      ] GC(607)   Other: 0.2ms
[78.924s][info][gc,heap        ] GC(607) Eden regions: 220->0(220)
[78.925s][info][gc,heap        ] GC(607) Survivor regions: 15->15(30)
[78.925s][info][gc,heap        ] GC(607) Old regions: 128->128
[78.925s][info][gc,heap        ] GC(607) Archive regions: 0->0
[78.925s][info][gc,heap        ] GC(607) Humongous regions: 15->15
[78.925s][info][gc,metaspace   ] GC(607) Metaspace: 61334K(62208K)->61334K(62208K) NonClass: 53760K(54208K)->53760K(54208K) Class: 7573K(8000K)->7573K(8000K)
[78.925s][info][gc             ] GC(607) Pause Young (Normal) (G1 Evacuation Pause) 371M->151M(415M) 7.424ms
[78.925s][info][gc,cpu         ] GC(607) User=0.00s Sys=0.00s Real=0.00s
[79.058s][info][gc,start       ] GC(608) Pause Full (System.gc())
[79.058s][info][gc,task        ] GC(608) Using 9 workers of 33 for full compaction
[79.059s][info][gc,phases,start] GC(608) Phase 1: Mark live objects
[79.091s][info][gc,phases      ] GC(608) Phase 1: Mark live objects 32.371ms
[79.091s][info][gc,phases,start] GC(608) Phase 2: Prepare compaction
[79.096s][info][gc,phases      ] GC(608) Phase 2: Prepare compaction 4.798ms
[79.096s][info][gc,phases,start] GC(608) Phase 3: Adjust pointers
[79.103s][info][gc,phases      ] GC(608) Phase 3: Adjust pointers 7.505ms
[79.104s][info][gc,phases,start] GC(608) Phase 4: Compact heap
[79.104s][info][gc,phases      ] GC(608) Phase 4: Compact heap 0.618ms
[79.114s][info][gc,heap        ] GC(608) Eden regions: 181->0(214)
[79.114s][info][gc,heap        ] GC(608) Survivor regions: 15->0(30)
[79.114s][info][gc,heap        ] GC(608) Old regions: 128->98
[79.114s][info][gc,heap        ] GC(608) Archive regions: 0->0
[79.114s][info][gc,heap        ] GC(608) Humongous regions: 20->9
[79.114s][info][gc,metaspace   ] GC(608) Metaspace: 61334K(62208K)->61334K(62208K) NonClass: 53761K(54208K)->53761K(54208K) Class: 7573K(8000K)->7573K(8000K)
[79.114s][info][gc             ] GC(608) Pause Full (System.gc()) 336M->102M(357M) 56.039ms
[79.114s][info][gc,cpu         ] GC(608) User=0.38s Sys=0.00s Real=0.05s
[79.252s][info][gc,start       ] GC(609) Pause Young (Normal) (G1 Evacuation Pause)
[79.252s][info][gc,task        ] GC(609) Using 8 workers of 33 for evacuation
[79.257s][info][gc,phases      ] GC(609)   Pre Evacuate Collection Set: 0.2ms
[79.257s][info][gc,phases      ] GC(609)   Merge Heap Roots: 0.1ms
[79.257s][info][gc,phases      ] GC(609)   Evacuate Collection Set: 4.0ms
[79.257s][info][gc,phases      ] GC(609)   Post Evacuate Collection Set: 0.7ms
[79.257s][info][gc,phases      ] GC(609)   Other: 0.2ms
[79.257s][info][gc,heap        ] GC(609) Eden regions: 214->0(207)
[79.257s][info][gc,heap        ] GC(609) Survivor regions: 0->7(27)
[79.257s][info][gc,heap        ] GC(609) Old regions: 98->98
[79.257s][info][gc,heap        ] GC(609) Archive regions: 0->0
[79.257s][info][gc,heap        ] GC(609) Humongous regions: 19->9
[79.257s][info][gc,metaspace   ] GC(609) Metaspace: 61334K(62208K)->61334K(62208K) NonClass: 53761K(54208K)->53761K(54208K) Class: 7573K(8000K)->7573K(8000K)
[79.257s][info][gc             ] GC(609) Pause Young (Normal) (G1 Evacuation Pause) 326M->109M(357M) 5.618ms
[79.257s][info][gc,cpu         ] GC(609) User=0.02s Sys=0.00s Real=0.02s
[79.324s][info][gc,start       ] GC(610) Pause Young (Normal) (G1 Evacuation Pause)
[79.324s][info][gc,task        ] GC(610) Using 8 workers of 33 for evacuation
[79.334s][info][gc,phases      ] GC(610)   Pre Evacuate Collection Set: 0.1ms
[79.334s][info][gc,phases      ] GC(610)   Merge Heap Roots: 0.1ms
[79.334s][info][gc,phases      ] GC(610)   Evacuate Collection Set: 9.1ms
[79.334s][info][gc,phases      ] GC(610)   Post Evacuate Collection Set: 0.7ms
[79.334s][info][gc,phases      ] GC(610)   Other: 0.2ms
[79.334s][info][gc,heap        ] GC(610) Eden regions: 207->0(198)
[79.334s][info][gc,heap        ] GC(610) Survivor regions: 7->15(27)
[79.334s][info][gc,heap        ] GC(610) Old regions: 98->98
[79.334s][info][gc,heap        ] GC(610) Archive regions: 0->0
[79.334s][info][gc,heap        ] GC(610) Humongous regions: 12->12
[79.334s][info][gc,metaspace   ] GC(610) Metaspace: 61335K(62208K)->61335K(62208K) NonClass: 53761K(54208K)->53761K(54208K) Class: 7573K(8000K)->7573K(8000K)
[79.334s][info][gc             ] GC(610) Pause Young (Normal) (G1 Evacuation Pause) 319M->120M(357M) 10.670ms
[79.334s][info][gc,cpu         ] GC(610) User=0.13s Sys=0.00s Real=0.02s
[79.395s][info][gc,start       ] GC(611) Pause Young (Normal) (G1 Evacuation Pause)
[79.395s][info][gc,task        ] GC(611) Using 8 workers of 33 for evacuation
[79.409s][info][gc,phases      ] GC(611)   Pre Evacuate Collection Set: 0.1ms
[79.409s][info][gc,phases      ] GC(611)   Merge Heap Roots: 0.1ms
[79.409s][info][gc,phases      ] GC(611)   Evacuate Collection Set: 12.6ms
[79.409s][info][gc,phases      ] GC(611)   Post Evacuate Collection Set: 0.7ms
[79.409s][info][gc,phases      ] GC(611)   Other: 0.2ms
[79.409s][info][gc,heap        ] GC(611) Eden regions: 198->0(182)
[79.409s][info][gc,heap        ] GC(611) Survivor regions: 15->23(27)
[79.409s][info][gc,heap        ] GC(611) Old regions: 98->98
[79.409s][info][gc,heap        ] GC(611) Archive regions: 0->0
[79.409s][info][gc,heap        ] GC(611) Humongous regions: 12->12
[79.410s][info][gc,metaspace   ] GC(611) Metaspace: 61335K(62208K)->61335K(62208K) NonClass: 53761K(54208K)->53761K(54208K) Class: 7573K(8000K)->7573K(8000K)
[79.410s][info][gc             ] GC(611) Pause Young (Normal) (G1 Evacuation Pause) 318M->127M(357M) 14.196ms
[79.410s][info][gc,cpu         ] GC(611) User=0.13s Sys=0.00s Real=0.02s
[79.471s][info][gc,start       ] GC(612) Pause Young (Normal) (G1 Evacuation Pause)
[79.500s][info][gc,task        ] GC(612) Using 8 workers of 33 for evacuation
[79.521s][info][gc,phases      ] GC(612)   Pre Evacuate Collection Set: 0.1ms
[79.521s][info][gc,phases      ] GC(612)   Merge Heap Roots: 0.1ms
[79.521s][info][gc,phases      ] GC(612)   Evacuate Collection Set: 20.1ms
[79.521s][info][gc,phases      ] GC(612)   Post Evacuate Collection Set: 0.4ms
[79.521s][info][gc,phases      ] GC(612)   Other: 0.2ms
[79.521s][info][gc,heap        ] GC(612) Eden regions: 182->0(179)
[79.521s][info][gc,heap        ] GC(612) Survivor regions: 23->16(26)
[79.521s][info][gc,heap        ] GC(612) Old regions: 98->112
[79.521s][info][gc,heap        ] GC(612) Archive regions: 0->0
[79.522s][info][gc,heap        ] GC(612) Humongous regions: 15->15
[79.522s][info][gc,metaspace   ] GC(612) Metaspace: 61335K(62208K)->61335K(62208K) NonClass: 53761K(54208K)->53761K(54208K) Class: 7573K(8000K)->7573K(8000K)
[79.522s][info][gc             ] GC(612) Pause Young (Normal) (G1 Evacuation Pause) 312M->138M(357M) 50.476ms
[79.522s][info][gc,cpu         ] GC(612) User=0.25s Sys=0.00s Real=0.05s
[79.587s][info][gc,start       ] GC(613) Pause Young (Normal) (G1 Evacuation Pause)
[79.587s][info][gc,task        ] GC(613) Using 8 workers of 33 for evacuation
[79.599s][info][gc,phases      ] GC(613)   Pre Evacuate Collection Set: 0.1ms
[79.599s][info][gc,phases      ] GC(613)   Merge Heap Roots: 0.1ms
[79.599s][info][gc,phases      ] GC(613)   Evacuate Collection Set: 10.3ms
[79.599s][info][gc,phases      ] GC(613)   Post Evacuate Collection Set: 0.9ms
[79.599s][info][gc,phases      ] GC(613)   Other: 0.2ms
[79.599s][info][gc,heap        ] GC(613) Eden regions: 179->0(203)
[79.599s][info][gc,heap        ] GC(613) Survivor regions: 16->15(25)
[79.599s][info][gc,heap        ] GC(613) Old regions: 112->121
[79.599s][info][gc,heap        ] GC(613) Archive regions: 0->0
[79.599s][info][gc,heap        ] GC(613) Humongous regions: 15->15
[79.599s][info][gc,metaspace   ] GC(613) Metaspace: 61335K(62208K)->61335K(62208K) NonClass: 53761K(54208K)->53761K(54208K) Class: 7573K(8000K)->7573K(8000K)
[79.599s][info][gc             ] GC(613) Pause Young (Normal) (G1 Evacuation Pause) 317M->145M(389M) 11.999ms
[79.599s][info][gc,cpu         ] GC(613) User=0.13s Sys=0.00s Real=0.02s
[79.678s][info][gc,start       ] GC(614) Pause Young (Normal) (G1 Evacuation Pause)
[79.679s][info][gc,task        ] GC(614) Using 9 workers of 33 for evacuation
[79.688s][info][gc,phases      ] GC(614)   Pre Evacuate Collection Set: 0.1ms
[79.688s][info][gc,phases      ] GC(614)   Merge Heap Roots: 0.1ms
[79.688s][info][gc,phases      ] GC(614)   Evacuate Collection Set: 8.9ms
[79.688s][info][gc,phases      ] GC(614)   Post Evacuate Collection Set: 0.4ms
[79.688s][info][gc,phases      ] GC(614)   Other: 0.2ms
[79.688s][info][gc,heap        ] GC(614) Eden regions: 203->0(193)
[79.688s][info][gc,heap        ] GC(614) Survivor regions: 15->20(28)
[79.688s][info][gc,heap        ] GC(614) Old regions: 121->121
[79.688s][info][gc,heap        ] GC(614) Archive regions: 0->0
[79.689s][info][gc,heap        ] GC(614) Humongous regions: 15->15
[79.689s][info][gc,metaspace   ] GC(614) Metaspace: 61335K(62208K)->61335K(62208K) NonClass: 53761K(54208K)->53761K(54208K) Class: 7573K(8000K)->7573K(8000K)
[79.689s][info][gc             ] GC(614) Pause Young (Normal) (G1 Evacuation Pause) 348M->150M(389M) 10.156ms
[79.689s][info][gc,cpu         ] GC(614) User=0.00s Sys=0.00s Real=0.00s
[79.759s][info][gc,start       ] GC(615) Pause Young (Normal) (G1 Evacuation Pause)
[79.759s][info][gc,task        ] GC(615) Using 9 workers of 33 for evacuation
[79.768s][info][gc,phases      ] GC(615)   Pre Evacuate Collection Set: 0.1ms
[79.768s][info][gc,phases      ] GC(615)   Merge Heap Roots: 0.1ms
[79.768s][info][gc,phases      ] GC(615)   Evacuate Collection Set: 8.3ms
[79.768s][info][gc,phases      ] GC(615)   Post Evacuate Collection Set: 0.4ms
[79.768s][info][gc,phases      ] GC(615)   Other: 0.2ms
[79.768s][info][gc,heap        ] GC(615) Eden regions: 193->0(198)
[79.768s][info][gc,heap        ] GC(615) Survivor regions: 20->14(27)
[79.768s][info][gc,heap        ] GC(615) Old regions: 121->128
[79.768s][info][gc,heap        ] GC(615) Archive regions: 0->0
[79.768s][info][gc,heap        ] GC(615) Humongous regions: 15->15
[79.768s][info][gc,metaspace   ] GC(615) Metaspace: 61335K(62208K)->61335K(62208K) NonClass: 53761K(54208K)->53761K(54208K) Class: 7573K(8000K)->7573K(8000K)
[79.768s][info][gc             ] GC(615) Pause Young (Normal) (G1 Evacuation Pause) 343M->152M(389M) 9.590ms
[79.768s][info][gc,cpu         ] GC(615) User=0.14s Sys=0.00s Real=0.02s
[79.833s][info][gc,start       ] GC(616) Pause Young (Normal) (G1 Evacuation Pause)
[79.833s][info][gc,task        ] GC(616) Using 9 workers of 33 for evacuation
[79.839s][info][gc,phases      ] GC(616)   Pre Evacuate Collection Set: 0.1ms
[79.839s][info][gc,phases      ] GC(616)   Merge Heap Roots: 0.1ms
[79.839s][info][gc,phases      ] GC(616)   Evacuate Collection Set: 5.0ms
[79.839s][info][gc,phases      ] GC(616)   Post Evacuate Collection Set: 0.4ms
[79.839s][info][gc,phases      ] GC(616)   Other: 0.2ms
[79.839s][info][gc,heap        ] GC(616) Eden regions: 198->0(198)
[79.839s][info][gc,heap        ] GC(616) Survivor regions: 14->14(27)
[79.839s][info][gc,heap        ] GC(616) Old regions: 128->128
[79.839s][info][gc,heap        ] GC(616) Archive regions: 0->0
[79.839s][info][gc,heap        ] GC(616) Humongous regions: 15->15
[79.839s][info][gc,metaspace   ] GC(616) Metaspace: 61335K(62208K)->61335K(62208K) NonClass: 53761K(54208K)->53761K(54208K) Class: 7573K(8000K)->7573K(8000K)
[79.840s][info][gc             ] GC(616) Pause Young (Normal) (G1 Evacuation Pause) 350M->152M(389M) 6.187ms
[79.840s][info][gc,cpu         ] GC(616) User=0.14s Sys=0.00s Real=0.01s
[79.904s][info][gc,start       ] GC(617) Pause Young (Normal) (G1 Evacuation Pause)
[79.904s][info][gc,task        ] GC(617) Using 9 workers of 33 for evacuation
[79.910s][info][gc,phases      ] GC(617)   Pre Evacuate Collection Set: 0.1ms
[79.910s][info][gc,phases      ] GC(617)   Merge Heap Roots: 0.1ms
[79.911s][info][gc,phases      ] GC(617)   Evacuate Collection Set: 5.2ms
[79.911s][info][gc,phases      ] GC(617)   Post Evacuate Collection Set: 0.6ms
[79.911s][info][gc,phases      ] GC(617)   Other: 0.1ms
[79.911s][info][gc,heap        ] GC(617) Eden regions: 198->0(209)
[79.911s][info][gc,heap        ] GC(617) Survivor regions: 14->14(27)
[79.911s][info][gc,heap        ] GC(617) Old regions: 128->128
[79.911s][info][gc,heap        ] GC(617) Archive regions: 0->0
[79.911s][info][gc,heap        ] GC(617) Humongous regions: 15->15
[79.911s][info][gc,metaspace   ] GC(617) Metaspace: 61335K(62208K)->61335K(62208K) NonClass: 53761K(54208K)->53761K(54208K) Class: 7573K(8000K)->7573K(8000K)
[79.911s][info][gc             ] GC(617) Pause Young (Normal) (G1 Evacuation Pause) 350M->151M(401M) 6.599ms
[79.911s][info][gc,cpu         ] GC(617) User=0.00s Sys=0.00s Real=0.00s
[80.026s][info][gc,start       ] GC(618) Pause Young (Normal) (G1 Evacuation Pause)
[80.026s][info][gc,task        ] GC(618) Using 9 workers of 33 for evacuation
[80.032s][info][gc,phases      ] GC(618)   Pre Evacuate Collection Set: 0.1ms
[80.032s][info][gc,phases      ] GC(618)   Merge Heap Roots: 0.1ms
[80.032s][info][gc,phases      ] GC(618)   Evacuate Collection Set: 5.3ms
[80.032s][info][gc,phases      ] GC(618)   Post Evacuate Collection Set: 0.6ms
[80.032s][info][gc,phases      ] GC(618)   Other: 0.2ms
[80.032s][info][gc,heap        ] GC(618) Eden regions: 209->0(209)
[80.032s][info][gc,heap        ] GC(618) Survivor regions: 14->14(28)
[80.032s][info][gc,heap        ] GC(618) Old regions: 128->128
[80.032s][info][gc,heap        ] GC(618) Archive regions: 0->0
[80.032s][info][gc,heap        ] GC(618) Humongous regions: 15->15
[80.032s][info][gc,metaspace   ] GC(618) Metaspace: 61336K(62208K)->61336K(62208K) NonClass: 53762K(54208K)->53762K(54208K) Class: 7573K(8000K)->7573K(8000K)
[80.033s][info][gc             ] GC(618) Pause Young (Normal) (G1 Evacuation Pause) 360M->152M(401M) 6.820ms
[80.033s][info][gc,cpu         ] GC(618) User=0.00s Sys=0.00s Real=0.00s
[80.165s][info][gc,start       ] GC(619) Pause Young (Normal) (G1 Evacuation Pause)
[80.165s][info][gc,task        ] GC(619) Using 9 workers of 33 for evacuation
[80.172s][info][gc,phases      ] GC(619)   Pre Evacuate Collection Set: 0.1ms
[80.172s][info][gc,phases      ] GC(619)   Merge Heap Roots: 0.1ms
[80.172s][info][gc,phases      ] GC(619)   Evacuate Collection Set: 6.2ms
[80.172s][info][gc,phases      ] GC(619)   Post Evacuate Collection Set: 0.4ms
[80.172s][info][gc,phases      ] GC(619)   Other: 0.2ms
[80.172s][info][gc,heap        ] GC(619) Eden regions: 209->0(209)
[80.172s][info][gc,heap        ] GC(619) Survivor regions: 14->14(28)
[80.172s][info][gc,heap        ] GC(619) Old regions: 128->128
[80.172s][info][gc,heap        ] GC(619) Archive regions: 0->0
[80.172s][info][gc,heap        ] GC(619) Humongous regions: 15->15
[80.172s][info][gc,metaspace   ] GC(619) Metaspace: 61336K(62208K)->61336K(62208K) NonClass: 53762K(54208K)->53762K(54208K) Class: 7573K(8000K)->7573K(8000K)
[80.173s][info][gc             ] GC(619) Pause Young (Normal) (G1 Evacuation Pause) 361M->151M(401M) 7.464ms
[80.173s][info][gc,cpu         ] GC(619) User=0.02s Sys=0.00s Real=0.02s
[80.304s][info][gc,start       ] GC(620) Pause Young (Normal) (G1 Evacuation Pause)
[80.304s][info][gc,task        ] GC(620) Using 9 workers of 33 for evacuation
[80.310s][info][gc,phases      ] GC(620)   Pre Evacuate Collection Set: 0.1ms
[80.310s][info][gc,phases      ] GC(620)   Merge Heap Roots: 0.1ms
[80.310s][info][gc,phases      ] GC(620)   Evacuate Collection Set: 5.3ms
[80.310s][info][gc,phases      ] GC(620)   Post Evacuate Collection Set: 0.4ms
[80.310s][info][gc,phases      ] GC(620)   Other: 0.2ms
[80.310s][info][gc,heap        ] GC(620) Eden regions: 209->0(209)
[80.310s][info][gc,heap        ] GC(620) Survivor regions: 14->14(28)
[80.310s][info][gc,heap        ] GC(620) Old regions: 128->128
[80.310s][info][gc,heap        ] GC(620) Archive regions: 0->0
[80.310s][info][gc,heap        ] GC(620) Humongous regions: 15->15
[80.310s][info][gc,metaspace   ] GC(620) Metaspace: 61336K(62208K)->61336K(62208K) NonClass: 53762K(54208K)->53762K(54208K) Class: 7573K(8000K)->7573K(8000K)
[80.310s][info][gc             ] GC(620) Pause Young (Normal) (G1 Evacuation Pause) 360M->151M(401M) 6.559ms
[80.310s][info][gc,cpu         ] GC(620) User=0.14s Sys=0.00s Real=0.02s
[80.442s][info][gc,start       ] GC(621) Pause Young (Normal) (G1 Evacuation Pause)
[80.442s][info][gc,task        ] GC(621) Using 9 workers of 33 for evacuation
[80.448s][info][gc,phases      ] GC(621)   Pre Evacuate Collection Set: 0.1ms
[80.448s][info][gc,phases      ] GC(621)   Merge Heap Roots: 0.1ms
[80.448s][info][gc,phases      ] GC(621)   Evacuate Collection Set: 5.3ms
[80.448s][info][gc,phases      ] GC(621)   Post Evacuate Collection Set: 0.4ms
[80.448s][info][gc,phases      ] GC(621)   Other: 0.2ms
[80.448s][info][gc,heap        ] GC(621) Eden regions: 209->0(209)
[80.448s][info][gc,heap        ] GC(621) Survivor regions: 14->14(28)
[80.448s][info][gc,heap        ] GC(621) Old regions: 128->128
[80.448s][info][gc,heap        ] GC(621) Archive regions: 0->0
[80.448s][info][gc,heap        ] GC(621) Humongous regions: 15->15
[80.448s][info][gc,metaspace   ] GC(621) Metaspace: 61336K(62208K)->61336K(62208K) NonClass: 53762K(54208K)->53762K(54208K) Class: 7573K(8000K)->7573K(8000K)
[80.448s][info][gc             ] GC(621) Pause Young (Normal) (G1 Evacuation Pause) 360M->151M(401M) 6.536ms
[80.448s][info][gc,cpu         ] GC(621) User=0.00s Sys=0.00s Real=0.00s
[80.580s][info][gc,start       ] GC(622) Pause Young (Normal) (G1 Evacuation Pause)
[80.580s][info][gc,task        ] GC(622) Using 9 workers of 33 for evacuation
[80.586s][info][gc,phases      ] GC(622)   Pre Evacuate Collection Set: 0.1ms
[80.586s][info][gc,phases      ] GC(622)   Merge Heap Roots: 0.1ms
[80.586s][info][gc,phases      ] GC(622)   Evacuate Collection Set: 5.3ms
[80.586s][info][gc,phases      ] GC(622)   Post Evacuate Collection Set: 0.5ms
[80.586s][info][gc,phases      ] GC(622)   Other: 0.2ms
[80.586s][info][gc,heap        ] GC(622) Eden regions: 209->0(209)
[80.586s][info][gc,heap        ] GC(622) Survivor regions: 14->14(28)
[80.586s][info][gc,heap        ] GC(622) Old regions: 128->128
[80.586s][info][gc,heap        ] GC(622) Archive regions: 0->0
[80.586s][info][gc,heap        ] GC(622) Humongous regions: 15->15
[80.586s][info][gc,metaspace   ] GC(622) Metaspace: 61336K(62208K)->61336K(62208K) NonClass: 53762K(54208K)->53762K(54208K) Class: 7573K(8000K)->7573K(8000K)
[80.586s][info][gc             ] GC(622) Pause Young (Normal) (G1 Evacuation Pause) 360M->151M(401M) 6.549ms
[80.586s][info][gc,cpu         ] GC(622) User=0.00s Sys=0.00s Real=0.00s
[80.634s][info][gc,start       ] GC(623) Pause Full (System.gc())
[80.634s][info][gc,task        ] GC(623) Using 9 workers of 33 for full compaction
[80.635s][info][gc,phases,start] GC(623) Phase 1: Mark live objects
[80.667s][info][gc,phases      ] GC(623) Phase 1: Mark live objects 31.634ms
[80.667s][info][gc,phases,start] GC(623) Phase 2: Prepare compaction
[80.671s][info][gc,phases      ] GC(623) Phase 2: Prepare compaction 4.584ms
[80.671s][info][gc,phases,start] GC(623) Phase 3: Adjust pointers
[80.680s][info][gc,phases      ] GC(623) Phase 3: Adjust pointers 8.940ms
[80.680s][info][gc,phases,start] GC(623) Phase 4: Compact heap
[80.681s][info][gc,phases      ] GC(623) Phase 4: Compact heap 0.598ms
[80.688s][info][gc,heap        ] GC(623) Eden regions: 42->0(216)
[80.688s][info][gc,heap        ] GC(623) Survivor regions: 14->0(28)
[80.688s][info][gc,heap        ] GC(623) Old regions: 128->99
[80.688s][info][gc,heap        ] GC(623) Archive regions: 0->0
[80.688s][info][gc,heap        ] GC(623) Humongous regions: 20->9
[80.688s][info][gc,metaspace   ] GC(623) Metaspace: 61343K(62208K)->61343K(62208K) NonClass: 53770K(54208K)->53770K(54208K) Class: 7573K(8000K)->7573K(8000K)
[80.688s][info][gc             ] GC(623) Pause Full (System.gc()) 198M->102M(360M) 53.766ms
[80.688s][info][gc,cpu         ] GC(623) User=0.30s Sys=0.00s Real=0.05s
[80.830s][info][gc,start       ] GC(624) Pause Young (Normal) (G1 Evacuation Pause)
[80.830s][info][gc,task        ] GC(624) Using 8 workers of 33 for evacuation
[80.835s][info][gc,phases      ] GC(624)   Pre Evacuate Collection Set: 0.2ms
[80.835s][info][gc,phases      ] GC(624)   Merge Heap Roots: 0.1ms
[80.835s][info][gc,phases      ] GC(624)   Evacuate Collection Set: 3.8ms
[80.835s][info][gc,phases      ] GC(624)   Post Evacuate Collection Set: 0.8ms
[80.835s][info][gc,phases      ] GC(624)   Other: 0.2ms
[80.835s][info][gc,heap        ] GC(624) Eden regions: 216->0(208)
[80.835s][info][gc,heap        ] GC(624) Survivor regions: 0->8(27)
[80.835s][info][gc,heap        ] GC(624) Old regions: 99->99
[80.835s][info][gc,heap        ] GC(624) Archive regions: 0->0
[80.835s][info][gc,heap        ] GC(624) Humongous regions: 19->9
[80.835s][info][gc,metaspace   ] GC(624) Metaspace: 61357K(62272K)->61357K(62272K) NonClass: 53783K(54272K)->53783K(54272K) Class: 7573K(8000K)->7573K(8000K)
[80.835s][info][gc             ] GC(624) Pause Young (Normal) (G1 Evacuation Pause) 328M->109M(360M) 5.512ms
[80.835s][info][gc,cpu         ] GC(624) User=0.00s Sys=0.00s Real=0.00s
[80.902s][info][gc,start       ] GC(625) Pause Young (Normal) (G1 Evacuation Pause)
[80.902s][info][gc,task        ] GC(625) Using 8 workers of 33 for evacuation
[80.912s][info][gc,phases      ] GC(625)   Pre Evacuate Collection Set: 0.1ms
[80.912s][info][gc,phases      ] GC(625)   Merge Heap Roots: 0.1ms
[80.913s][info][gc,phases      ] GC(625)   Evacuate Collection Set: 9.1ms
[80.913s][info][gc,phases      ] GC(625)   Post Evacuate Collection Set: 0.7ms
[80.913s][info][gc,phases      ] GC(625)   Other: 0.2ms
[80.913s][info][gc,heap        ] GC(625) Eden regions: 208->0(201)
[80.913s][info][gc,heap        ] GC(625) Survivor regions: 8->15(27)
[80.913s][info][gc,heap        ] GC(625) Old regions: 99->99
[80.913s][info][gc,heap        ] GC(625) Archive regions: 0->0
[80.913s][info][gc,heap        ] GC(625) Humongous regions: 12->12
[80.913s][info][gc,metaspace   ] GC(625) Metaspace: 61358K(62272K)->61358K(62272K) NonClass: 53785K(54272K)->53785K(54272K) Class: 7573K(8000K)->7573K(8000K)
[80.913s][info][gc             ] GC(625) Pause Young (Normal) (G1 Evacuation Pause) 320M->119M(360M) 10.774ms
[80.913s][info][gc,cpu         ] GC(625) User=0.00s Sys=0.00s Real=0.00s
[80.980s][info][gc,start       ] GC(626) Pause Young (Normal) (G1 Evacuation Pause)
[80.980s][info][gc,task        ] GC(626) Using 8 workers of 33 for evacuation
[80.992s][info][gc,phases      ] GC(626)   Pre Evacuate Collection Set: 0.1ms
[80.992s][info][gc,phases      ] GC(626)   Merge Heap Roots: 0.1ms
[80.992s][info][gc,phases      ] GC(626)   Evacuate Collection Set: 11.4ms
[80.992s][info][gc,phases      ] GC(626)   Post Evacuate Collection Set: 0.8ms
[80.992s][info][gc,phases      ] GC(626)   Other: 0.1ms
[80.992s][info][gc,heap        ] GC(626) Eden regions: 201->0(183)
[80.992s][info][gc,heap        ] GC(626) Survivor regions: 15->24(27)
[80.992s][info][gc,heap        ] GC(626) Old regions: 99->99
[80.993s][info][gc,heap        ] GC(626) Archive regions: 0->0
[80.993s][info][gc,heap        ] GC(626) Humongous regions: 12->12
[80.993s][info][gc,metaspace   ] GC(626) Metaspace: 61358K(62272K)->61358K(62272K) NonClass: 53785K(54272K)->53785K(54272K) Class: 7573K(8000K)->7573K(8000K)
[80.993s][info][gc             ] GC(626) Pause Young (Normal) (G1 Evacuation Pause) 320M->128M(360M) 13.007ms
[80.993s][info][gc,cpu         ] GC(626) User=0.13s Sys=0.00s Real=0.01s
[81.052s][info][gc,start       ] GC(627) Pause Young (Normal) (G1 Evacuation Pause)
[81.052s][info][gc,task        ] GC(627) Using 8 workers of 33 for evacuation
[81.068s][info][gc,phases      ] GC(627)   Pre Evacuate Collection Set: 0.1ms
[81.068s][info][gc,phases      ] GC(627)   Merge Heap Roots: 0.1ms
[81.068s][info][gc,phases      ] GC(627)   Evacuate Collection Set: 14.8ms
[81.068s][info][gc,phases      ] GC(627)   Post Evacuate Collection Set: 0.9ms
[81.068s][info][gc,phases      ] GC(627)   Other: 0.2ms
[81.068s][info][gc,heap        ] GC(627) Eden regions: 183->0(214)
[81.068s][info][gc,heap        ] GC(627) Survivor regions: 24->17(26)
[81.068s][info][gc,heap        ] GC(627) Old regions: 99->113
[81.068s][info][gc,heap        ] GC(627) Archive regions: 0->0
[81.068s][info][gc,heap        ] GC(627) Humongous regions: 15->15
[81.068s][info][gc,metaspace   ] GC(627) Metaspace: 61358K(62272K)->61358K(62272K) NonClass: 53785K(54272K)->53785K(54272K) Class: 7573K(8000K)->7573K(8000K)
[81.068s][info][gc             ] GC(627) Pause Young (Normal) (G1 Evacuation Pause) 314M->139M(397M) 16.574ms
[81.068s][info][gc,cpu         ] GC(627) User=0.13s Sys=0.00s Real=0.02s
[81.144s][info][gc,start       ] GC(628) Pause Young (Normal) (G1 Evacuation Pause)
[81.144s][info][gc,task        ] GC(628) Using 9 workers of 33 for evacuation
[81.156s][info][gc,phases      ] GC(628)   Pre Evacuate Collection Set: 0.1ms
[81.156s][info][gc,phases      ] GC(628)   Merge Heap Roots: 0.1ms
[81.156s][info][gc,phases      ] GC(628)   Evacuate Collection Set: 11.5ms
[81.156s][info][gc,phases      ] GC(628)   Post Evacuate Collection Set: 0.4ms
[81.156s][info][gc,phases      ] GC(628)   Other: 0.2ms
[81.156s][info][gc,heap        ] GC(628) Eden regions: 214->0(205)
[81.156s][info][gc,heap        ] GC(628) Survivor regions: 17->17(29)
[81.156s][info][gc,heap        ] GC(628) Old regions: 113->122
[81.156s][info][gc,heap        ] GC(628) Archive regions: 0->0
[81.156s][info][gc,heap        ] GC(628) Humongous regions: 15->15
[81.156s][info][gc,metaspace   ] GC(628) Metaspace: 61358K(62272K)->61358K(62272K) NonClass: 53785K(54272K)->53785K(54272K) Class: 7573K(8000K)->7573K(8000K)
[81.157s][info][gc             ] GC(628) Pause Young (Normal) (G1 Evacuation Pause) 353M->147M(397M) 12.727ms
[81.157s][info][gc,cpu         ] GC(628) User=0.14s Sys=0.00s Real=0.02s
[81.225s][info][gc,start       ] GC(629) Pause Young (Normal) (G1 Evacuation Pause)
[81.225s][info][gc,task        ] GC(629) Using 9 workers of 33 for evacuation
[81.234s][info][gc,phases      ] GC(629)   Pre Evacuate Collection Set: 0.1ms
[81.234s][info][gc,phases      ] GC(629)   Merge Heap Roots: 0.1ms
[81.234s][info][gc,phases      ] GC(629)   Evacuate Collection Set: 8.5ms
[81.234s][info][gc,phases      ] GC(629)   Post Evacuate Collection Set: 0.4ms
[81.234s][info][gc,phases      ] GC(629)   Other: 0.2ms
[81.234s][info][gc,heap        ] GC(629) Eden regions: 205->0(205)
[81.234s][info][gc,heap        ] GC(629) Survivor regions: 17->13(28)
[81.234s][info][gc,heap        ] GC(629) Old regions: 122->130
[81.234s][info][gc,heap        ] GC(629) Archive regions: 0->0
[81.234s][info][gc,heap        ] GC(629) Humongous regions: 15->15
[81.234s][info][gc,metaspace   ] GC(629) Metaspace: 61358K(62272K)->61358K(62272K) NonClass: 53785K(54272K)->53785K(54272K) Class: 7573K(8000K)->7573K(8000K)
[81.234s][info][gc             ] GC(629) Pause Young (Normal) (G1 Evacuation Pause) 352M->151M(397M) 9.755ms
[81.235s][info][gc,cpu         ] GC(629) User=0.14s Sys=0.00s Real=0.02s
[81.311s][info][gc,start       ] GC(630) Pause Young (Normal) (G1 Evacuation Pause)
[81.311s][info][gc,task        ] GC(630) Using 9 workers of 33 for evacuation
[81.317s][info][gc,phases      ] GC(630)   Pre Evacuate Collection Set: 0.1ms
[81.317s][info][gc,phases      ] GC(630)   Merge Heap Roots: 0.1ms
[81.317s][info][gc,phases      ] GC(630)   Evacuate Collection Set: 5.1ms
[81.317s][info][gc,phases      ] GC(630)   Post Evacuate Collection Set: 0.4ms
[81.317s][info][gc,phases      ] GC(630)   Other: 0.2ms
[81.317s][info][gc,heap        ] GC(630) Eden regions: 205->0(205)
[81.317s][info][gc,heap        ] GC(630) Survivor regions: 13->13(28)
[81.317s][info][gc,heap        ] GC(630) Old regions: 130->130
[81.317s][info][gc,heap        ] GC(630) Archive regions: 0->0
[81.318s][info][gc,heap        ] GC(630) Humongous regions: 15->15
[81.318s][info][gc,metaspace   ] GC(630) Metaspace: 61358K(62272K)->61358K(62272K) NonClass: 53785K(54272K)->53785K(54272K) Class: 7573K(8000K)->7573K(8000K)
[81.318s][info][gc             ] GC(630) Pause Young (Normal) (G1 Evacuation Pause) 356M->151M(397M) 6.390ms
[81.318s][info][gc,cpu         ] GC(630) User=0.00s Sys=0.00s Real=0.00s
[81.392s][info][gc,start       ] GC(631) Pause Young (Normal) (G1 Evacuation Pause)
[81.392s][info][gc,task        ] GC(631) Using 9 workers of 33 for evacuation
[81.397s][info][gc,phases      ] GC(631)   Pre Evacuate Collection Set: 0.1ms
[81.397s][info][gc,phases      ] GC(631)   Merge Heap Roots: 0.1ms
[81.397s][info][gc,phases      ] GC(631)   Evacuate Collection Set: 4.8ms
[81.397s][info][gc,phases      ] GC(631)   Post Evacuate Collection Set: 0.4ms
[81.397s][info][gc,phases      ] GC(631)   Other: 0.1ms
[81.397s][info][gc,heap        ] GC(631) Eden regions: 205->0(205)
[81.397s][info][gc,heap        ] GC(631) Survivor regions: 13->13(28)
[81.397s][info][gc,heap        ] GC(631) Old regions: 130->130
[81.397s][info][gc,heap        ] GC(631) Archive regions: 0->0
[81.397s][info][gc,heap        ] GC(631) Humongous regions: 15->15
[81.397s][info][gc,metaspace   ] GC(631) Metaspace: 61358K(62272K)->61358K(62272K) NonClass: 53785K(54272K)->53785K(54272K) Class: 7573K(8000K)->7573K(8000K)
[81.398s][info][gc             ] GC(631) Pause Young (Normal) (G1 Evacuation Pause) 356M->151M(397M) 5.957ms
[81.398s][info][gc,cpu         ] GC(631) User=0.00s Sys=0.00s Real=0.00s
[81.465s][info][gc,start       ] GC(632) Pause Young (Normal) (G1 Evacuation Pause)
[81.465s][info][gc,task        ] GC(632) Using 9 workers of 33 for evacuation
[81.470s][info][gc,phases      ] GC(632)   Pre Evacuate Collection Set: 0.1ms
[81.470s][info][gc,phases      ] GC(632)   Merge Heap Roots: 0.1ms
[81.471s][info][gc,phases      ] GC(632)   Evacuate Collection Set: 4.8ms
[81.471s][info][gc,phases      ] GC(632)   Post Evacuate Collection Set: 0.4ms
[81.471s][info][gc,phases      ] GC(632)   Other: 0.1ms
[81.471s][info][gc,heap        ] GC(632) Eden regions: 205->0(205)
[81.471s][info][gc,heap        ] GC(632) Survivor regions: 13->13(28)
[81.471s][info][gc,heap        ] GC(632) Old regions: 130->130
[81.471s][info][gc,heap        ] GC(632) Archive regions: 0->0
[81.471s][info][gc,heap        ] GC(632) Humongous regions: 15->15
[81.471s][info][gc,metaspace   ] GC(632) Metaspace: 61358K(62272K)->61358K(62272K) NonClass: 53785K(54272K)->53785K(54272K) Class: 7573K(8000K)->7573K(8000K)
[81.471s][info][gc             ] GC(632) Pause Young (Normal) (G1 Evacuation Pause) 356M->151M(397M) 5.897ms
[81.471s][info][gc,cpu         ] GC(632) User=0.00s Sys=0.00s Real=0.00s
[81.594s][info][gc,start       ] GC(633) Pause Young (Normal) (G1 Evacuation Pause)
[81.594s][info][gc,task        ] GC(633) Using 9 workers of 33 for evacuation
[81.600s][info][gc,phases      ] GC(633)   Pre Evacuate Collection Set: 0.1ms
[81.600s][info][gc,phases      ] GC(633)   Merge Heap Roots: 0.1ms
[81.600s][info][gc,phases      ] GC(633)   Evacuate Collection Set: 5.1ms
[81.600s][info][gc,phases      ] GC(633)   Post Evacuate Collection Set: 0.6ms
[81.600s][info][gc,phases      ] GC(633)   Other: 0.2ms
[81.600s][info][gc,heap        ] GC(633) Eden regions: 205->0(205)
[81.600s][info][gc,heap        ] GC(633) Survivor regions: 13->13(28)
[81.600s][info][gc,heap        ] GC(633) Old regions: 130->130
[81.600s][info][gc,heap        ] GC(633) Archive regions: 0->0
[81.600s][info][gc,heap        ] GC(633) Humongous regions: 15->15
[81.600s][info][gc,metaspace   ] GC(633) Metaspace: 61359K(62272K)->61359K(62272K) NonClass: 53785K(54272K)->53785K(54272K) Class: 7573K(8000K)->7573K(8000K)
[81.600s][info][gc             ] GC(633) Pause Young (Normal) (G1 Evacuation Pause) 356M->151M(397M) 6.572ms
[81.600s][info][gc,cpu         ] GC(633) User=0.00s Sys=0.00s Real=0.00s
[81.730s][info][gc,start       ] GC(634) Pause Young (Normal) (G1 Evacuation Pause)
[81.730s][info][gc,task        ] GC(634) Using 9 workers of 33 for evacuation
[81.738s][info][gc,phases      ] GC(634)   Pre Evacuate Collection Set: 0.1ms
[81.738s][info][gc,phases      ] GC(634)   Merge Heap Roots: 0.1ms
[81.738s][info][gc,phases      ] GC(634)   Evacuate Collection Set: 6.8ms
[81.738s][info][gc,phases      ] GC(634)   Post Evacuate Collection Set: 0.4ms
[81.738s][info][gc,phases      ] GC(634)   Other: 0.2ms
[81.738s][info][gc,heap        ] GC(634) Eden regions: 205->0(205)
[81.738s][info][gc,heap        ] GC(634) Survivor regions: 13->13(28)
[81.738s][info][gc,heap        ] GC(634) Old regions: 130->130
[81.738s][info][gc,heap        ] GC(634) Archive regions: 0->0
[81.738s][info][gc,heap        ] GC(634) Humongous regions: 15->15
[81.738s][info][gc,metaspace   ] GC(634) Metaspace: 61359K(62272K)->61359K(62272K) NonClass: 53785K(54272K)->53785K(54272K) Class: 7573K(8000K)->7573K(8000K)
[81.738s][info][gc             ] GC(634) Pause Young (Normal) (G1 Evacuation Pause) 356M->150M(397M) 8.050ms
[81.738s][info][gc,cpu         ] GC(634) User=0.14s Sys=0.00s Real=0.02s
[81.887s][info][gc,start       ] GC(635) Pause Young (Normal) (G1 Evacuation Pause)
[81.887s][info][gc,task        ] GC(635) Using 9 workers of 33 for evacuation
[81.893s][info][gc,phases      ] GC(635)   Pre Evacuate Collection Set: 0.1ms
[81.893s][info][gc,phases      ] GC(635)   Merge Heap Roots: 0.1ms
[81.893s][info][gc,phases      ] GC(635)   Evacuate Collection Set: 5.2ms
[81.893s][info][gc,phases      ] GC(635)   Post Evacuate Collection Set: 0.4ms
[81.893s][info][gc,phases      ] GC(635)   Other: 0.1ms
[81.893s][info][gc,heap        ] GC(635) Eden regions: 205->0(205)
[81.893s][info][gc,heap        ] GC(635) Survivor regions: 13->13(28)
[81.893s][info][gc,heap        ] GC(635) Old regions: 130->130
[81.893s][info][gc,heap        ] GC(635) Archive regions: 0->0
[81.893s][info][gc,heap        ] GC(635) Humongous regions: 15->15
[81.893s][info][gc,metaspace   ] GC(635) Metaspace: 61359K(62272K)->61359K(62272K) NonClass: 53785K(54272K)->53785K(54272K) Class: 7573K(8000K)->7573K(8000K)
[81.893s][info][gc             ] GC(635) Pause Young (Normal) (G1 Evacuation Pause) 355M->151M(397M) 6.469ms
[81.894s][info][gc,cpu         ] GC(635) User=0.14s Sys=0.00s Real=0.02s
[82.034s][info][gc,start       ] GC(636) Pause Young (Normal) (G1 Evacuation Pause)
[82.034s][info][gc,task        ] GC(636) Using 9 workers of 33 for evacuation
[82.040s][info][gc,phases      ] GC(636)   Pre Evacuate Collection Set: 0.1ms
[82.040s][info][gc,phases      ] GC(636)   Merge Heap Roots: 0.1ms
[82.040s][info][gc,phases      ] GC(636)   Evacuate Collection Set: 5.2ms
[82.040s][info][gc,phases      ] GC(636)   Post Evacuate Collection Set: 0.4ms
[82.041s][info][gc,phases      ] GC(636)   Other: 0.1ms
[82.041s][info][gc,heap        ] GC(636) Eden regions: 205->0(205)
[82.041s][info][gc,heap        ] GC(636) Survivor regions: 13->13(28)
[82.041s][info][gc,heap        ] GC(636) Old regions: 130->130
[82.041s][info][gc,heap        ] GC(636) Archive regions: 0->0
[82.041s][info][gc,heap        ] GC(636) Humongous regions: 15->15
[82.041s][info][gc,metaspace   ] GC(636) Metaspace: 61359K(62272K)->61359K(62272K) NonClass: 53785K(54272K)->53785K(54272K) Class: 7573K(8000K)->7573K(8000K)
[82.041s][info][gc             ] GC(636) Pause Young (Normal) (G1 Evacuation Pause) 356M->151M(397M) 6.478ms
[82.041s][info][gc,cpu         ] GC(636) User=0.00s Sys=0.00s Real=0.00s
[82.185s][info][gc,start       ] GC(637) Pause Full (System.gc())
[82.185s][info][gc,task        ] GC(637) Using 9 workers of 33 for full compaction
[82.186s][info][gc,phases,start] GC(637) Phase 1: Mark live objects
[82.218s][info][gc,phases      ] GC(637) Phase 1: Mark live objects 31.616ms
[82.218s][info][gc,phases,start] GC(637) Phase 2: Prepare compaction
[82.222s][info][gc,phases      ] GC(637) Phase 2: Prepare compaction 4.816ms
[82.222s][info][gc,phases,start] GC(637) Phase 3: Adjust pointers
[82.231s][info][gc,phases      ] GC(637) Phase 3: Adjust pointers 8.960ms
[82.231s][info][gc,phases,start] GC(637) Phase 4: Compact heap
[82.232s][info][gc,phases      ] GC(637) Phase 4: Compact heap 0.475ms
[82.246s][info][gc,heap        ] GC(637) Eden regions: 197->0(216)
[82.246s][info][gc,heap        ] GC(637) Survivor regions: 13->0(28)
[82.246s][info][gc,heap        ] GC(637) Old regions: 130->99
[82.246s][info][gc,heap        ] GC(637) Archive regions: 0->0
[82.246s][info][gc,heap        ] GC(637) Humongous regions: 20->9
[82.246s][info][gc,metaspace   ] GC(637) Metaspace: 61368K(62336K)->61368K(62336K) NonClass: 53795K(54336K)->53795K(54336K) Class: 7573K(8000K)->7573K(8000K)
[82.246s][info][gc             ] GC(637) Pause Full (System.gc()) 353M->102M(360M) 60.542ms
[82.246s][info][gc,cpu         ] GC(637) User=0.58s Sys=0.00s Real=0.07s
[82.395s][info][gc,start       ] GC(638) Pause Young (Normal) (G1 Evacuation Pause)
[82.395s][info][gc,task        ] GC(638) Using 8 workers of 33 for evacuation
[82.400s][info][gc,phases      ] GC(638)   Pre Evacuate Collection Set: 0.2ms
[82.401s][info][gc,phases      ] GC(638)   Merge Heap Roots: 0.1ms
[82.401s][info][gc,phases      ] GC(638)   Evacuate Collection Set: 4.1ms
[82.401s][info][gc,phases      ] GC(638)   Post Evacuate Collection Set: 1.2ms
[82.401s][info][gc,phases      ] GC(638)   Other: 0.2ms
[82.401s][info][gc,heap        ] GC(638) Eden regions: 216->0(226)
[82.401s][info][gc,heap        ] GC(638) Survivor regions: 0->8(27)
[82.401s][info][gc,heap        ] GC(638) Old regions: 99->99
[82.401s][info][gc,heap        ] GC(638) Archive regions: 0->0
[82.401s][info][gc,heap        ] GC(638) Humongous regions: 19->9
[82.401s][info][gc,metaspace   ] GC(638) Metaspace: 61476K(62400K)->61476K(62400K) NonClass: 53897K(54400K)->53897K(54400K) Class: 7579K(8000K)->7579K(8000K)
[82.401s][info][gc             ] GC(638) Pause Young (Normal) (G1 Evacuation Pause) 328M->110M(391M) 6.248ms
[82.401s][info][gc,cpu         ] GC(638) User=0.13s Sys=0.00s Real=0.02s
[82.480s][info][gc,start       ] GC(639) Pause Young (Normal) (G1 Evacuation Pause)
[82.480s][info][gc,task        ] GC(639) Using 9 workers of 33 for evacuation
[82.491s][info][gc,phases      ] GC(639)   Pre Evacuate Collection Set: 0.1ms
[82.491s][info][gc,phases      ] GC(639)   Merge Heap Roots: 0.1ms
[82.491s][info][gc,phases      ] GC(639)   Evacuate Collection Set: 9.4ms
[82.491s][info][gc,phases      ] GC(639)   Post Evacuate Collection Set: 0.7ms
[82.491s][info][gc,phases      ] GC(639)   Other: 0.2ms
[82.491s][info][gc,heap        ] GC(639) Eden regions: 226->0(218)
[82.491s][info][gc,heap        ] GC(639) Survivor regions: 8->16(30)
[82.491s][info][gc,heap        ] GC(639) Old regions: 99->99
[82.491s][info][gc,heap        ] GC(639) Archive regions: 0->0
[82.491s][info][gc,heap        ] GC(639) Humongous regions: 12->12
[82.491s][info][gc,metaspace   ] GC(639) Metaspace: 61481K(62400K)->61481K(62400K) NonClass: 53902K(54400K)->53902K(54400K) Class: 7579K(8000K)->7579K(8000K)
[82.491s][info][gc             ] GC(639) Pause Young (Normal) (G1 Evacuation Pause) 339M->121M(391M) 11.075ms
[82.491s][info][gc,cpu         ] GC(639) User=0.00s Sys=0.00s Real=0.00s
[82.560s][info][gc,start       ] GC(640) Pause Young (Normal) (G1 Evacuation Pause)
[82.560s][info][gc,task        ] GC(640) Using 9 workers of 33 for evacuation
[82.572s][info][gc,phases      ] GC(640)   Pre Evacuate Collection Set: 0.1ms
[82.572s][info][gc,phases      ] GC(640)   Merge Heap Roots: 0.1ms
[82.572s][info][gc,phases      ] GC(640)   Evacuate Collection Set: 11.1ms
[82.572s][info][gc,phases      ] GC(640)   Post Evacuate Collection Set: 0.7ms
[82.572s][info][gc,phases      ] GC(640)   Other: 0.2ms
[82.572s][info][gc,heap        ] GC(640) Eden regions: 218->0(209)
[82.572s][info][gc,heap        ] GC(640) Survivor regions: 16->25(30)
[82.572s][info][gc,heap        ] GC(640) Old regions: 99->99
[82.572s][info][gc,heap        ] GC(640) Archive regions: 0->0
[82.572s][info][gc,heap        ] GC(640) Humongous regions: 12->12
[82.573s][info][gc,metaspace   ] GC(640) Metaspace: 61481K(62400K)->61481K(62400K) NonClass: 53902K(54400K)->53902K(54400K) Class: 7579K(8000K)->7579K(8000K)
[82.573s][info][gc             ] GC(640) Pause Young (Normal) (G1 Evacuation Pause) 339M->130M(391M) 12.672ms
[82.573s][info][gc,cpu         ] GC(640) User=0.14s Sys=0.00s Real=0.02s
[82.639s][info][gc,start       ] GC(641) Pause Young (Normal) (G1 Evacuation Pause)
[82.639s][info][gc,task        ] GC(641) Using 9 workers of 33 for evacuation
[82.656s][info][gc,phases      ] GC(641)   Pre Evacuate Collection Set: 0.1ms
[82.656s][info][gc,phases      ] GC(641)   Merge Heap Roots: 0.1ms
[82.656s][info][gc,phases      ] GC(641)   Evacuate Collection Set: 15.7ms
[82.656s][info][gc,phases      ] GC(641)   Post Evacuate Collection Set: 0.4ms
[82.656s][info][gc,phases      ] GC(641)   Other: 0.2ms
[82.656s][info][gc,heap        ] GC(641) Eden regions: 209->0(203)
[82.656s][info][gc,heap        ] GC(641) Survivor regions: 25->19(30)
[82.656s][info][gc,heap        ] GC(641) Old regions: 99->114
[82.656s][info][gc,heap        ] GC(641) Archive regions: 0->0
[82.656s][info][gc,heap        ] GC(641) Humongous regions: 15->15
[82.656s][info][gc,metaspace   ] GC(641) Metaspace: 61481K(62400K)->61481K(62400K) NonClass: 53902K(54400K)->53902K(54400K) Class: 7579K(8000K)->7579K(8000K)
[82.656s][info][gc             ] GC(641) Pause Young (Normal) (G1 Evacuation Pause) 342M->141M(391M) 16.999ms
[82.656s][info][gc,cpu         ] GC(641) User=0.14s Sys=0.00s Real=0.02s
[82.728s][info][gc,start       ] GC(642) Pause Young (Normal) (G1 Evacuation Pause)
[82.728s][info][gc,task        ] GC(642) Using 9 workers of 33 for evacuation
[82.740s][info][gc,phases      ] GC(642)   Pre Evacuate Collection Set: 0.1ms
[82.740s][info][gc,phases      ] GC(642)   Merge Heap Roots: 0.1ms
[82.741s][info][gc,phases      ] GC(642)   Evacuate Collection Set: 11.6ms
[82.741s][info][gc,phases      ] GC(642)   Post Evacuate Collection Set: 0.4ms
[82.741s][info][gc,phases      ] GC(642)   Other: 0.2ms
[82.741s][info][gc,heap        ] GC(642) Eden regions: 203->0(197)
[82.741s][info][gc,heap        ] GC(642) Survivor regions: 19->17(28)
[82.741s][info][gc,heap        ] GC(642) Old regions: 114->124
[82.741s][info][gc,heap        ] GC(642) Archive regions: 0->0
[82.741s][info][gc,heap        ] GC(642) Humongous regions: 15->15
[82.741s][info][gc,metaspace   ] GC(642) Metaspace: 61481K(62400K)->61481K(62400K) NonClass: 53902K(54400K)->53902K(54400K) Class: 7579K(8000K)->7579K(8000K)
[82.741s][info][gc             ] GC(642) Pause Young (Normal) (G1 Evacuation Pause) 344M->149M(391M) 12.863ms
[82.741s][info][gc,cpu         ] GC(642) User=0.00s Sys=0.00s Real=0.00s
[82.811s][info][gc,start       ] GC(643) Pause Young (Normal) (G1 Evacuation Pause)
[82.811s][info][gc,task        ] GC(643) Using 9 workers of 33 for evacuation
[82.819s][info][gc,phases      ] GC(643)   Pre Evacuate Collection Set: 0.1ms
[82.819s][info][gc,phases      ] GC(643)   Merge Heap Roots: 0.1ms
[82.819s][info][gc,phases      ] GC(643)   Evacuate Collection Set: 7.0ms
[82.820s][info][gc,phases      ] GC(643)   Post Evacuate Collection Set: 0.8ms
[82.820s][info][gc,phases      ] GC(643)   Other: 0.2ms
[82.820s][info][gc,heap        ] GC(643) Eden regions: 197->0(223)
[82.820s][info][gc,heap        ] GC(643) Survivor regions: 17->11(27)
[82.820s][info][gc,heap        ] GC(643) Old regions: 124->133
[82.820s][info][gc,heap        ] GC(643) Archive regions: 0->0
[82.820s][info][gc,heap        ] GC(643) Humongous regions: 15->15
[82.820s][info][gc,metaspace   ] GC(643) Metaspace: 61486K(62400K)->61486K(62400K) NonClass: 53907K(54400K)->53907K(54400K) Class: 7579K(8000K)->7579K(8000K)
[82.820s][info][gc             ] GC(643) Pause Young (Normal) (G1 Evacuation Pause) 346M->152M(415M) 8.694ms
[82.820s][info][gc,cpu         ] GC(643) User=0.14s Sys=0.00s Real=0.02s
[82.899s][info][gc,start       ] GC(644) Pause Young (Normal) (G1 Evacuation Pause)
[82.900s][info][gc,task        ] GC(644) Using 9 workers of 33 for evacuation
[82.904s][info][gc,phases      ] GC(644)   Pre Evacuate Collection Set: 0.1ms
[82.904s][info][gc,phases      ] GC(644)   Merge Heap Roots: 0.1ms
[82.904s][info][gc,phases      ] GC(644)   Evacuate Collection Set: 3.5ms
[82.904s][info][gc,phases      ] GC(644)   Post Evacuate Collection Set: 0.4ms
[82.904s][info][gc,phases      ] GC(644)   Other: 0.2ms
[82.904s][info][gc,heap        ] GC(644) Eden regions: 223->0(225)
[82.904s][info][gc,heap        ] GC(644) Survivor regions: 11->10(30)
[82.904s][info][gc,heap        ] GC(644) Old regions: 133->133
[82.904s][info][gc,heap        ] GC(644) Archive regions: 0->0
[82.904s][info][gc,heap        ] GC(644) Humongous regions: 15->15
[82.904s][info][gc,metaspace   ] GC(644) Metaspace: 61486K(62400K)->61486K(62400K) NonClass: 53907K(54400K)->53907K(54400K) Class: 7579K(8000K)->7579K(8000K)
[82.904s][info][gc             ] GC(644) Pause Young (Normal) (G1 Evacuation Pause) 375M->151M(415M) 4.750ms
[82.904s][info][gc,cpu         ] GC(644) User=0.00s Sys=0.00s Real=0.00s
[82.977s][info][gc,start       ] GC(645) Pause Young (Normal) (G1 Evacuation Pause)
[82.977s][info][gc,task        ] GC(645) Using 9 workers of 33 for evacuation
[82.982s][info][gc,phases      ] GC(645)   Pre Evacuate Collection Set: 0.1ms
[82.982s][info][gc,phases      ] GC(645)   Merge Heap Roots: 0.1ms
[82.982s][info][gc,phases      ] GC(645)   Evacuate Collection Set: 3.5ms
[82.982s][info][gc,phases      ] GC(645)   Post Evacuate Collection Set: 0.4ms
[82.982s][info][gc,phases      ] GC(645)   Other: 0.1ms
[82.982s][info][gc,heap        ] GC(645) Eden regions: 225->0(225)
[82.982s][info][gc,heap        ] GC(645) Survivor regions: 10->10(30)
[82.982s][info][gc,heap        ] GC(645) Old regions: 133->133
[82.982s][info][gc,heap        ] GC(645) Archive regions: 0->0
[82.982s][info][gc,heap        ] GC(645) Humongous regions: 15->15
[82.982s][info][gc,metaspace   ] GC(645) Metaspace: 61486K(62400K)->61486K(62400K) NonClass: 53907K(54400K)->53907K(54400K) Class: 7579K(8000K)->7579K(8000K)
[82.982s][info][gc             ] GC(645) Pause Young (Normal) (G1 Evacuation Pause) 376M->151M(415M) 4.619ms
[82.982s][info][gc,cpu         ] GC(645) User=0.00s Sys=0.00s Real=0.00s
[83.073s][info][gc,start       ] GC(646) Pause Young (Normal) (G1 Evacuation Pause)
[83.073s][info][gc,task        ] GC(646) Using 9 workers of 33 for evacuation
[83.079s][info][gc,phases      ] GC(646)   Pre Evacuate Collection Set: 0.1ms
[83.079s][info][gc,phases      ] GC(646)   Merge Heap Roots: 0.1ms
[83.079s][info][gc,phases      ] GC(646)   Evacuate Collection Set: 4.4ms
[83.079s][info][gc,phases      ] GC(646)   Post Evacuate Collection Set: 0.6ms
[83.079s][info][gc,phases      ] GC(646)   Other: 0.2ms
[83.079s][info][gc,heap        ] GC(646) Eden regions: 225->0(225)
[83.079s][info][gc,heap        ] GC(646) Survivor regions: 10->10(30)
[83.079s][info][gc,heap        ] GC(646) Old regions: 133->133
[83.079s][info][gc,heap        ] GC(646) Archive regions: 0->0
[83.079s][info][gc,heap        ] GC(646) Humongous regions: 15->15
[83.079s][info][gc,metaspace   ] GC(646) Metaspace: 61486K(62400K)->61486K(62400K) NonClass: 53907K(54400K)->53907K(54400K) Class: 7579K(8000K)->7579K(8000K)
[83.079s][info][gc             ] GC(646) Pause Young (Normal) (G1 Evacuation Pause) 376M->151M(415M) 5.840ms
[83.079s][info][gc,cpu         ] GC(646) User=0.14s Sys=0.00s Real=0.01s
[83.222s][info][gc,start       ] GC(647) Pause Young (Normal) (G1 Evacuation Pause)
[83.222s][info][gc,task        ] GC(647) Using 9 workers of 33 for evacuation
[83.227s][info][gc,phases      ] GC(647)   Pre Evacuate Collection Set: 0.1ms
[83.227s][info][gc,phases      ] GC(647)   Merge Heap Roots: 0.1ms
[83.227s][info][gc,phases      ] GC(647)   Evacuate Collection Set: 4.6ms
[83.227s][info][gc,phases      ] GC(647)   Post Evacuate Collection Set: 0.4ms
[83.227s][info][gc,phases      ] GC(647)   Other: 0.2ms
[83.227s][info][gc,heap        ] GC(647) Eden regions: 225->0(225)
[83.228s][info][gc,heap        ] GC(647) Survivor regions: 10->10(30)
[83.228s][info][gc,heap        ] GC(647) Old regions: 133->133
[83.228s][info][gc,heap        ] GC(647) Archive regions: 0->0
[83.228s][info][gc,heap        ] GC(647) Humongous regions: 15->15
[83.228s][info][gc,metaspace   ] GC(647) Metaspace: 61486K(62400K)->61486K(62400K) NonClass: 53907K(54400K)->53907K(54400K) Class: 7579K(8000K)->7579K(8000K)
[83.228s][info][gc             ] GC(647) Pause Young (Normal) (G1 Evacuation Pause) 376M->151M(415M) 5.891ms
[83.228s][info][gc,cpu         ] GC(647) User=0.00s Sys=0.00s Real=0.00s
[83.384s][info][gc,start       ] GC(648) Pause Young (Normal) (G1 Evacuation Pause)
[83.384s][info][gc,task        ] GC(648) Using 9 workers of 33 for evacuation
[83.390s][info][gc,phases      ] GC(648)   Pre Evacuate Collection Set: 0.1ms
[83.390s][info][gc,phases      ] GC(648)   Merge Heap Roots: 0.1ms
[83.390s][info][gc,phases      ] GC(648)   Evacuate Collection Set: 4.5ms
[83.390s][info][gc,phases      ] GC(648)   Post Evacuate Collection Set: 0.4ms
[83.390s][info][gc,phases      ] GC(648)   Other: 0.2ms
[83.390s][info][gc,heap        ] GC(648) Eden regions: 225->0(225)
[83.390s][info][gc,heap        ] GC(648) Survivor regions: 10->10(30)
[83.390s][info][gc,heap        ] GC(648) Old regions: 133->133
[83.390s][info][gc,heap        ] GC(648) Archive regions: 0->0
[83.390s][info][gc,heap        ] GC(648) Humongous regions: 15->15
[83.390s][info][gc,metaspace   ] GC(648) Metaspace: 61486K(62400K)->61486K(62400K) NonClass: 53907K(54400K)->53907K(54400K) Class: 7579K(8000K)->7579K(8000K)
[83.390s][info][gc             ] GC(648) Pause Young (Normal) (G1 Evacuation Pause) 376M->151M(415M) 6.032ms
[83.390s][info][gc,cpu         ] GC(648) User=0.00s Sys=0.02s Real=0.02s
[83.539s][info][gc,start       ] GC(649) Pause Young (Normal) (G1 Evacuation Pause)
[83.539s][info][gc,task        ] GC(649) Using 9 workers of 33 for evacuation
[83.545s][info][gc,phases      ] GC(649)   Pre Evacuate Collection Set: 0.1ms
[83.545s][info][gc,phases      ] GC(649)   Merge Heap Roots: 0.1ms
[83.545s][info][gc,phases      ] GC(649)   Evacuate Collection Set: 4.5ms
[83.545s][info][gc,phases      ] GC(649)   Post Evacuate Collection Set: 0.4ms
[83.545s][info][gc,phases      ] GC(649)   Other: 0.2ms
[83.545s][info][gc,heap        ] GC(649) Eden regions: 225->0(225)
[83.545s][info][gc,heap        ] GC(649) Survivor regions: 10->10(30)
[83.545s][info][gc,heap        ] GC(649) Old regions: 133->133
[83.545s][info][gc,heap        ] GC(649) Archive regions: 0->0
[83.545s][info][gc,heap        ] GC(649) Humongous regions: 15->15
[83.545s][info][gc,metaspace   ] GC(649) Metaspace: 61486K(62400K)->61486K(62400K) NonClass: 53907K(54400K)->53907K(54400K) Class: 7579K(8000K)->7579K(8000K)
[83.545s][info][gc             ] GC(649) Pause Young (Normal) (G1 Evacuation Pause) 376M->151M(415M) 5.728ms
[83.545s][info][gc,cpu         ] GC(649) User=0.00s Sys=0.00s Real=0.00s
[83.687s][info][gc,start       ] GC(650) Pause Young (Normal) (G1 Evacuation Pause)
[83.687s][info][gc,task        ] GC(650) Using 9 workers of 33 for evacuation
[83.693s][info][gc,phases      ] GC(650)   Pre Evacuate Collection Set: 0.1ms
[83.693s][info][gc,phases      ] GC(650)   Merge Heap Roots: 0.1ms
[83.693s][info][gc,phases      ] GC(650)   Evacuate Collection Set: 4.5ms
[83.693s][info][gc,phases      ] GC(650)   Post Evacuate Collection Set: 0.4ms
[83.693s][info][gc,phases      ] GC(650)   Other: 0.1ms
[83.693s][info][gc,heap        ] GC(650) Eden regions: 225->0(225)
[83.693s][info][gc,heap        ] GC(650) Survivor regions: 10->10(30)
[83.693s][info][gc,heap        ] GC(650) Old regions: 133->133
[83.693s][info][gc,heap        ] GC(650) Archive regions: 0->0
[83.693s][info][gc,heap        ] GC(650) Humongous regions: 15->15
[83.693s][info][gc,metaspace   ] GC(650) Metaspace: 61486K(62400K)->61486K(62400K) NonClass: 53907K(54400K)->53907K(54400K) Class: 7579K(8000K)->7579K(8000K)
[83.693s][info][gc             ] GC(650) Pause Young (Normal) (G1 Evacuation Pause) 376M->151M(415M) 5.741ms
[83.693s][info][gc,cpu         ] GC(650) User=0.00s Sys=0.00s Real=0.00s
[83.727s][info][gc,start       ] GC(651) Pause Full (System.gc())
[83.727s][info][gc,task        ] GC(651) Using 9 workers of 33 for full compaction
[83.727s][info][gc,phases,start] GC(651) Phase 1: Mark live objects
[83.759s][info][gc,phases      ] GC(651) Phase 1: Mark live objects 31.703ms
[83.759s][info][gc,phases,start] GC(651) Phase 2: Prepare compaction
[83.763s][info][gc,phases      ] GC(651) Phase 2: Prepare compaction 4.066ms
[83.763s][info][gc,phases,start] GC(651) Phase 3: Adjust pointers
[83.780s][info][gc,phases      ] GC(651) Phase 3: Adjust pointers 16.641ms
[83.780s][info][gc,phases,start] GC(651) Phase 4: Compact heap
[83.781s][info][gc,phases      ] GC(651) Phase 4: Compact heap 0.648ms
[83.791s][info][gc,heap        ] GC(651) Eden regions: 18->0(214)
[83.791s][info][gc,heap        ] GC(651) Survivor regions: 10->0(30)
[83.791s][info][gc,heap        ] GC(651) Old regions: 133->98
[83.791s][info][gc,heap        ] GC(651) Archive regions: 0->0
[83.791s][info][gc,heap        ] GC(651) Humongous regions: 20->9
[83.791s][info][gc,metaspace   ] GC(651) Metaspace: 61520K(62464K)->61520K(62464K) NonClass: 53940K(54464K)->53940K(54464K) Class: 7579K(8000K)->7579K(8000K)
[83.791s][info][gc             ] GC(651) Pause Full (System.gc()) 174M->102M(357M) 64.692ms
[83.792s][info][gc,cpu         ] GC(651) User=0.31s Sys=0.00s Real=0.06s
[83.935s][info][gc,start       ] GC(652) Pause Young (Normal) (G1 Evacuation Pause)
[83.935s][info][gc,task        ] GC(652) Using 8 workers of 33 for evacuation
[83.940s][info][gc,phases      ] GC(652)   Pre Evacuate Collection Set: 0.2ms
[83.940s][info][gc,phases      ] GC(652)   Merge Heap Roots: 0.1ms
[83.940s][info][gc,phases      ] GC(652)   Evacuate Collection Set: 3.7ms
[83.940s][info][gc,phases      ] GC(652)   Post Evacuate Collection Set: 0.8ms
[83.940s][info][gc,phases      ] GC(652)   Other: 0.2ms
[83.940s][info][gc,heap        ] GC(652) Eden regions: 214->0(207)
[83.940s][info][gc,heap        ] GC(652) Survivor regions: 0->7(27)
[83.940s][info][gc,heap        ] GC(652) Old regions: 98->98
[83.940s][info][gc,heap        ] GC(652) Archive regions: 0->0
[83.940s][info][gc,heap        ] GC(652) Humongous regions: 19->9
[83.940s][info][gc,metaspace   ] GC(652) Metaspace: 61527K(62464K)->61527K(62464K) NonClass: 53947K(54464K)->53947K(54464K) Class: 7579K(8000K)->7579K(8000K)
[83.940s][info][gc             ] GC(652) Pause Young (Normal) (G1 Evacuation Pause) 326M->109M(357M) 5.346ms
[83.940s][info][gc,cpu         ] GC(652) User=0.00s Sys=0.00s Real=0.00s
[84.006s][info][gc,start       ] GC(653) Pause Young (Normal) (G1 Evacuation Pause)
[84.007s][info][gc,task        ] GC(653) Using 8 workers of 33 for evacuation
[84.017s][info][gc,phases      ] GC(653)   Pre Evacuate Collection Set: 0.1ms
[84.017s][info][gc,phases      ] GC(653)   Merge Heap Roots: 0.1ms
[84.017s][info][gc,phases      ] GC(653)   Evacuate Collection Set: 9.1ms
[84.017s][info][gc,phases      ] GC(653)   Post Evacuate Collection Set: 0.7ms
[84.017s][info][gc,phases      ] GC(653)   Other: 0.2ms
[84.017s][info][gc,heap        ] GC(653) Eden regions: 207->0(198)
[84.017s][info][gc,heap        ] GC(653) Survivor regions: 7->15(27)
[84.017s][info][gc,heap        ] GC(653) Old regions: 98->98
[84.017s][info][gc,heap        ] GC(653) Archive regions: 0->0
[84.017s][info][gc,heap        ] GC(653) Humongous regions: 12->12
[84.017s][info][gc,metaspace   ] GC(653) Metaspace: 61527K(62464K)->61527K(62464K) NonClass: 53947K(54464K)->53947K(54464K) Class: 7579K(8000K)->7579K(8000K)
[84.017s][info][gc             ] GC(653) Pause Young (Normal) (G1 Evacuation Pause) 319M->120M(357M) 10.702ms
[84.017s][info][gc,cpu         ] GC(653) User=0.13s Sys=0.00s Real=0.01s
[84.079s][info][gc,start       ] GC(654) Pause Young (Normal) (G1 Evacuation Pause)
[84.079s][info][gc,task        ] GC(654) Using 8 workers of 33 for evacuation
[84.091s][info][gc,phases      ] GC(654)   Pre Evacuate Collection Set: 0.1ms
[84.091s][info][gc,phases      ] GC(654)   Merge Heap Roots: 0.1ms
[84.091s][info][gc,phases      ] GC(654)   Evacuate Collection Set: 11.1ms
[84.091s][info][gc,phases      ] GC(654)   Post Evacuate Collection Set: 0.7ms
[84.091s][info][gc,phases      ] GC(654)   Other: 0.2ms
[84.091s][info][gc,heap        ] GC(654) Eden regions: 198->0(180)
[84.091s][info][gc,heap        ] GC(654) Survivor regions: 15->24(27)
[84.091s][info][gc,heap        ] GC(654) Old regions: 98->98
[84.091s][info][gc,heap        ] GC(654) Archive regions: 0->0
[84.091s][info][gc,heap        ] GC(654) Humongous regions: 12->12
[84.091s][info][gc,metaspace   ] GC(654) Metaspace: 61527K(62464K)->61527K(62464K) NonClass: 53947K(54464K)->53947K(54464K) Class: 7579K(8000K)->7579K(8000K)
[84.091s][info][gc             ] GC(654) Pause Young (Normal) (G1 Evacuation Pause) 318M->128M(357M) 12.663ms
[84.091s][info][gc,cpu         ] GC(654) User=0.00s Sys=0.00s Real=0.00s
[84.149s][info][gc,start       ] GC(655) Pause Young (Normal) (G1 Evacuation Pause)
[84.149s][info][gc,task        ] GC(655) Using 8 workers of 33 for evacuation
[84.168s][info][gc,phases      ] GC(655)   Pre Evacuate Collection Set: 0.1ms
[84.168s][info][gc,phases      ] GC(655)   Merge Heap Roots: 0.1ms
[84.168s][info][gc,phases      ] GC(655)   Evacuate Collection Set: 18.2ms
[84.168s][info][gc,phases      ] GC(655)   Post Evacuate Collection Set: 0.6ms
[84.168s][info][gc,phases      ] GC(655)   Other: 0.2ms
[84.168s][info][gc,heap        ] GC(655) Eden regions: 180->0(187)
[84.168s][info][gc,heap        ] GC(655) Survivor regions: 24->17(26)
[84.168s][info][gc,heap        ] GC(655) Old regions: 98->112
[84.168s][info][gc,heap        ] GC(655) Archive regions: 0->0
[84.168s][info][gc,heap        ] GC(655) Humongous regions: 15->15
[84.168s][info][gc,metaspace   ] GC(655) Metaspace: 61527K(62464K)->61527K(62464K) NonClass: 53947K(54464K)->53947K(54464K) Class: 7579K(8000K)->7579K(8000K)
[84.168s][info][gc             ] GC(655) Pause Young (Normal) (G1 Evacuation Pause) 311M->139M(367M) 19.682ms
[84.168s][info][gc,cpu         ] GC(655) User=0.13s Sys=0.00s Real=0.02s
[84.229s][info][gc,start       ] GC(656) Pause Young (Normal) (G1 Evacuation Pause)
[84.229s][info][gc,task        ] GC(656) Using 8 workers of 33 for evacuation
[84.241s][info][gc,phases      ] GC(656)   Pre Evacuate Collection Set: 0.1ms
[84.241s][info][gc,phases      ] GC(656)   Merge Heap Roots: 0.1ms
[84.241s][info][gc,phases      ] GC(656)   Evacuate Collection Set: 11.5ms
[84.241s][info][gc,phases      ] GC(656)   Post Evacuate Collection Set: 0.4ms
[84.241s][info][gc,phases      ] GC(656)   Other: 0.2ms
[84.241s][info][gc,heap        ] GC(656) Eden regions: 187->0(180)
[84.241s][info][gc,heap        ] GC(656) Survivor regions: 17->16(26)
[84.241s][info][gc,heap        ] GC(656) Old regions: 112->121
[84.241s][info][gc,heap        ] GC(656) Archive regions: 0->0
[84.241s][info][gc,heap        ] GC(656) Humongous regions: 15->15
[84.241s][info][gc,metaspace   ] GC(656) Metaspace: 61527K(62464K)->61527K(62464K) NonClass: 53947K(54464K)->53947K(54464K) Class: 7579K(8000K)->7579K(8000K)
[84.242s][info][gc             ] GC(656) Pause Young (Normal) (G1 Evacuation Pause) 326M->147M(367M) 12.690ms
[84.242s][info][gc,cpu         ] GC(656) User=0.13s Sys=0.00s Real=0.02s
[84.301s][info][gc,start       ] GC(657) Pause Young (Normal) (G1 Evacuation Pause)
[84.301s][info][gc,task        ] GC(657) Using 8 workers of 33 for evacuation
[84.312s][info][gc,phases      ] GC(657)   Pre Evacuate Collection Set: 0.1ms
[84.312s][info][gc,phases      ] GC(657)   Merge Heap Roots: 0.1ms
[84.312s][info][gc,phases      ] GC(657)   Evacuate Collection Set: 10.1ms
[84.312s][info][gc,phases      ] GC(657)   Post Evacuate Collection Set: 0.4ms
[84.312s][info][gc,phases      ] GC(657)   Other: 0.2ms
[84.312s][info][gc,heap        ] GC(657) Eden regions: 180->0(179)
[84.312s][info][gc,heap        ] GC(657) Survivor regions: 16->13(25)
[84.312s][info][gc,heap        ] GC(657) Old regions: 121->128
[84.312s][info][gc,heap        ] GC(657) Archive regions: 0->0
[84.312s][info][gc,heap        ] GC(657) Humongous regions: 15->15
[84.312s][info][gc,metaspace   ] GC(657) Metaspace: 61527K(62464K)->61527K(62464K) NonClass: 53947K(54464K)->53947K(54464K) Class: 7579K(8000K)->7579K(8000K)
[84.312s][info][gc             ] GC(657) Pause Young (Normal) (G1 Evacuation Pause) 327M->151M(367M) 11.355ms
[84.312s][info][gc,cpu         ] GC(657) User=0.13s Sys=0.00s Real=0.02s
[84.380s][info][gc,start       ] GC(658) Pause Young (Normal) (G1 Evacuation Pause)
[84.380s][info][gc,task        ] GC(658) Using 8 workers of 33 for evacuation
[84.386s][info][gc,phases      ] GC(658)   Pre Evacuate Collection Set: 0.1ms
[84.386s][info][gc,phases      ] GC(658)   Merge Heap Roots: 0.1ms
[84.386s][info][gc,phases      ] GC(658)   Evacuate Collection Set: 5.0ms
[84.386s][info][gc,phases      ] GC(658)   Post Evacuate Collection Set: 0.4ms
[84.386s][info][gc,phases      ] GC(658)   Other: 0.1ms
[84.386s][info][gc,heap        ] GC(658) Eden regions: 179->0(179)
[84.386s][info][gc,heap        ] GC(658) Survivor regions: 13->13(24)
[84.386s][info][gc,heap        ] GC(658) Old regions: 128->128
[84.386s][info][gc,heap        ] GC(658) Archive regions: 0->0
[84.386s][info][gc,heap        ] GC(658) Humongous regions: 15->15
[84.386s][info][gc,metaspace   ] GC(658) Metaspace: 61527K(62464K)->61527K(62464K) NonClass: 53947K(54464K)->53947K(54464K) Class: 7579K(8000K)->7579K(8000K)
[84.386s][info][gc             ] GC(658) Pause Young (Normal) (G1 Evacuation Pause) 330M->151M(367M) 6.172ms
[84.386s][info][gc,cpu         ] GC(658) User=0.00s Sys=0.00s Real=0.00s
[84.453s][info][gc,start       ] GC(659) Pause Young (Normal) (G1 Evacuation Pause)
[84.454s][info][gc,task        ] GC(659) Using 8 workers of 33 for evacuation
[84.459s][info][gc,phases      ] GC(659)   Pre Evacuate Collection Set: 0.1ms
[84.459s][info][gc,phases      ] GC(659)   Merge Heap Roots: 0.1ms
[84.459s][info][gc,phases      ] GC(659)   Evacuate Collection Set: 5.1ms
[84.459s][info][gc,phases      ] GC(659)   Post Evacuate Collection Set: 0.4ms
[84.459s][info][gc,phases      ] GC(659)   Other: 0.1ms
[84.460s][info][gc,heap        ] GC(659) Eden regions: 179->0(179)
[84.460s][info][gc,heap        ] GC(659) Survivor regions: 13->13(24)
[84.460s][info][gc,heap        ] GC(659) Old regions: 128->128
[84.460s][info][gc,heap        ] GC(659) Archive regions: 0->0
[84.460s][info][gc,heap        ] GC(659) Humongous regions: 15->15
[84.460s][info][gc,metaspace   ] GC(659) Metaspace: 61527K(62464K)->61527K(62464K) NonClass: 53947K(54464K)->53947K(54464K) Class: 7579K(8000K)->7579K(8000K)
[84.460s][info][gc             ] GC(659) Pause Young (Normal) (G1 Evacuation Pause) 330M->151M(367M) 6.229ms
[84.460s][info][gc,cpu         ] GC(659) User=0.00s Sys=0.00s Real=0.00s
[84.519s][info][gc,start       ] GC(660) Pause Young (Normal) (G1 Evacuation Pause)
[84.519s][info][gc,task        ] GC(660) Using 8 workers of 33 for evacuation
[84.525s][info][gc,phases      ] GC(660)   Pre Evacuate Collection Set: 0.1ms
[84.525s][info][gc,phases      ] GC(660)   Merge Heap Roots: 0.1ms
[84.525s][info][gc,phases      ] GC(660)   Evacuate Collection Set: 5.0ms
[84.525s][info][gc,phases      ] GC(660)   Post Evacuate Collection Set: 0.8ms
[84.525s][info][gc,phases      ] GC(660)   Other: 0.1ms
[84.525s][info][gc,heap        ] GC(660) Eden regions: 179->0(206)
[84.525s][info][gc,heap        ] GC(660) Survivor regions: 13->13(24)
[84.525s][info][gc,heap        ] GC(660) Old regions: 128->128
[84.525s][info][gc,heap        ] GC(660) Archive regions: 0->0
[84.525s][info][gc,heap        ] GC(660) Humongous regions: 15->15
[84.525s][info][gc,metaspace   ] GC(660) Metaspace: 61527K(62464K)->61527K(62464K) NonClass: 53947K(54464K)->53947K(54464K) Class: 7579K(8000K)->7579K(8000K)
[84.525s][info][gc             ] GC(660) Pause Young (Normal) (G1 Evacuation Pause) 330M->151M(396M) 6.649ms
[84.526s][info][gc,cpu         ] GC(660) User=0.00s Sys=0.00s Real=0.00s
[84.604s][info][gc,start       ] GC(661) Pause Young (Normal) (G1 Evacuation Pause)
[84.604s][info][gc,task        ] GC(661) Using 9 workers of 33 for evacuation
[84.610s][info][gc,phases      ] GC(661)   Pre Evacuate Collection Set: 0.1ms
[84.610s][info][gc,phases      ] GC(661)   Merge Heap Roots: 0.1ms
[84.610s][info][gc,phases      ] GC(661)   Evacuate Collection Set: 4.9ms
[84.610s][info][gc,phases      ] GC(661)   Post Evacuate Collection Set: 0.6ms
[84.610s][info][gc,phases      ] GC(661)   Other: 0.2ms
[84.610s][info][gc,heap        ] GC(661) Eden regions: 206->0(204)
[84.610s][info][gc,heap        ] GC(661) Survivor regions: 13->14(28)
[84.610s][info][gc,heap        ] GC(661) Old regions: 128->128
[84.610s][info][gc,heap        ] GC(661) Archive regions: 0->0
[84.610s][info][gc,heap        ] GC(661) Humongous regions: 15->15
[84.610s][info][gc,metaspace   ] GC(661) Metaspace: 61527K(62464K)->61527K(62464K) NonClass: 53947K(54464K)->53947K(54464K) Class: 7579K(8000K)->7579K(8000K)
[84.611s][info][gc             ] GC(661) Pause Young (Normal) (G1 Evacuation Pause) 357M->151M(396M) 6.311ms
[84.611s][info][gc,cpu         ] GC(661) User=0.00s Sys=0.00s Real=0.00s
[84.761s][info][gc,start       ] GC(662) Pause Young (Normal) (G1 Evacuation Pause)
[84.761s][info][gc,task        ] GC(662) Using 9 workers of 33 for evacuation
[84.767s][info][gc,phases      ] GC(662)   Pre Evacuate Collection Set: 0.1ms
[84.767s][info][gc,phases      ] GC(662)   Merge Heap Roots: 0.1ms
[84.767s][info][gc,phases      ] GC(662)   Evacuate Collection Set: 5.3ms
[84.767s][info][gc,phases      ] GC(662)   Post Evacuate Collection Set: 0.4ms
[84.767s][info][gc,phases      ] GC(662)   Other: 0.2ms
[84.767s][info][gc,heap        ] GC(662) Eden regions: 204->0(206)
[84.767s][info][gc,heap        ] GC(662) Survivor regions: 14->13(28)
[84.767s][info][gc,heap        ] GC(662) Old regions: 128->128
[84.767s][info][gc,heap        ] GC(662) Archive regions: 0->0
[84.767s][info][gc,heap        ] GC(662) Humongous regions: 15->15
[84.768s][info][gc,metaspace   ] GC(662) Metaspace: 61527K(62464K)->61527K(62464K) NonClass: 53947K(54464K)->53947K(54464K) Class: 7579K(8000K)->7579K(8000K)
[84.768s][info][gc             ] GC(662) Pause Young (Normal) (G1 Evacuation Pause) 355M->151M(396M) 6.539ms
[84.768s][info][gc,cpu         ] GC(662) User=0.00s Sys=0.00s Real=0.00s
[84.926s][info][gc,start       ] GC(663) Pause Young (Normal) (G1 Evacuation Pause)
[84.927s][info][gc,task        ] GC(663) Using 9 workers of 33 for evacuation
[84.933s][info][gc,phases      ] GC(663)   Pre Evacuate Collection Set: 0.1ms
[84.933s][info][gc,phases      ] GC(663)   Merge Heap Roots: 0.1ms
[84.933s][info][gc,phases      ] GC(663)   Evacuate Collection Set: 5.2ms
[84.933s][info][gc,phases      ] GC(663)   Post Evacuate Collection Set: 0.4ms
[84.933s][info][gc,phases      ] GC(663)   Other: 0.2ms
[84.933s][info][gc,heap        ] GC(663) Eden regions: 206->0(204)
[84.933s][info][gc,heap        ] GC(663) Survivor regions: 13->14(28)
[84.933s][info][gc,heap        ] GC(663) Old regions: 128->128
[84.933s][info][gc,heap        ] GC(663) Archive regions: 0->0
[84.933s][info][gc,heap        ] GC(663) Humongous regions: 15->15
[84.933s][info][gc,metaspace   ] GC(663) Metaspace: 61527K(62464K)->61527K(62464K) NonClass: 53947K(54464K)->53947K(54464K) Class: 7579K(8000K)->7579K(8000K)
[84.933s][info][gc             ] GC(663) Pause Young (Normal) (G1 Evacuation Pause) 357M->152M(396M) 6.517ms
[84.933s][info][gc,cpu         ] GC(663) User=0.14s Sys=0.00s Real=0.02s
[85.075s][info][gc,start       ] GC(664) Pause Young (Normal) (G1 Evacuation Pause)
[85.075s][info][gc,task        ] GC(664) Using 9 workers of 33 for evacuation
[85.081s][info][gc,phases      ] GC(664)   Pre Evacuate Collection Set: 0.1ms
[85.081s][info][gc,phases      ] GC(664)   Merge Heap Roots: 0.1ms
[85.081s][info][gc,phases      ] GC(664)   Evacuate Collection Set: 5.2ms
[85.081s][info][gc,phases      ] GC(664)   Post Evacuate Collection Set: 0.4ms
[85.082s][info][gc,phases      ] GC(664)   Other: 0.2ms
[85.082s][info][gc,heap        ] GC(664) Eden regions: 204->0(206)
[85.082s][info][gc,heap        ] GC(664) Survivor regions: 14->13(28)
[85.082s][info][gc,heap        ] GC(664) Old regions: 128->128
[85.082s][info][gc,heap        ] GC(664) Archive regions: 0->0
[85.082s][info][gc,heap        ] GC(664) Humongous regions: 15->15
[85.082s][info][gc,metaspace   ] GC(664) Metaspace: 61527K(62464K)->61527K(62464K) NonClass: 53947K(54464K)->53947K(54464K) Class: 7579K(8000K)->7579K(8000K)
[85.082s][info][gc             ] GC(664) Pause Young (Normal) (G1 Evacuation Pause) 356M->151M(396M) 6.497ms
[85.082s][info][gc,cpu         ] GC(664) User=0.00s Sys=0.00s Real=0.00s
[85.211s][info][gc,start       ] GC(665) Pause Young (Normal) (G1 Evacuation Pause)
[85.211s][info][gc,task        ] GC(665) Using 9 workers of 33 for evacuation
[85.217s][info][gc,phases      ] GC(665)   Pre Evacuate Collection Set: 0.1ms
[85.217s][info][gc,phases      ] GC(665)   Merge Heap Roots: 0.1ms
[85.217s][info][gc,phases      ] GC(665)   Evacuate Collection Set: 5.3ms
[85.217s][info][gc,phases      ] GC(665)   Post Evacuate Collection Set: 0.4ms
[85.217s][info][gc,phases      ] GC(665)   Other: 0.1ms
[85.217s][info][gc,heap        ] GC(665) Eden regions: 206->0(204)
[85.217s][info][gc,heap        ] GC(665) Survivor regions: 13->14(28)
[85.217s][info][gc,heap        ] GC(665) Old regions: 128->128
[85.217s][info][gc,heap        ] GC(665) Archive regions: 0->0
[85.217s][info][gc,heap        ] GC(665) Humongous regions: 15->15
[85.217s][info][gc,metaspace   ] GC(665) Metaspace: 61527K(62464K)->61527K(62464K) NonClass: 53947K(54464K)->53947K(54464K) Class: 7579K(8000K)->7579K(8000K)
[85.218s][info][gc             ] GC(665) Pause Young (Normal) (G1 Evacuation Pause) 357M->151M(396M) 6.465ms
[85.218s][info][gc,cpu         ] GC(665) User=0.14s Sys=0.00s Real=0.01s
[85.489s][info][gc,start       ] GC(666) Pause Full (System.gc())
[85.489s][info][gc,task        ] GC(666) Using 9 workers of 33 for full compaction
[85.490s][info][gc,phases,start] GC(666) Phase 1: Mark live objects
[85.525s][info][gc,phases      ] GC(666) Phase 1: Mark live objects 34.905ms
[85.525s][info][gc,phases,start] GC(666) Phase 2: Prepare compaction
[85.530s][info][gc,phases      ] GC(666) Phase 2: Prepare compaction 5.320ms
[85.530s][info][gc,phases,start] GC(666) Phase 3: Adjust pointers
[85.539s][info][gc,phases      ] GC(666) Phase 3: Adjust pointers 8.814ms
[85.539s][info][gc,phases,start] GC(666) Phase 4: Compact heap
[85.540s][info][gc,phases      ] GC(666) Phase 4: Compact heap 0.617ms
[85.555s][info][gc,heap        ] GC(666) Eden regions: 131->0(214)
[85.555s][info][gc,heap        ] GC(666) Survivor regions: 14->0(28)
[85.555s][info][gc,heap        ] GC(666) Old regions: 128->98
[85.555s][info][gc,heap        ] GC(666) Archive regions: 0->0
[85.555s][info][gc,heap        ] GC(666) Humongous regions: 20->9
[85.555s][info][gc,metaspace   ] GC(666) Metaspace: 61532K(62464K)->61532K(62464K) NonClass: 53953K(54464K)->53953K(54464K) Class: 7579K(8000K)->7579K(8000K)
[85.555s][info][gc             ] GC(666) Pause Full (System.gc()) 287M->102M(357M) 65.725ms
[85.555s][info][gc,cpu         ] GC(666) User=0.44s Sys=0.00s Real=0.06s
[85.704s][info][gc,start       ] GC(667) Pause Young (Normal) (G1 Evacuation Pause)
[85.704s][info][gc,task        ] GC(667) Using 8 workers of 33 for evacuation
[85.710s][info][gc,phases      ] GC(667)   Pre Evacuate Collection Set: 0.2ms
[85.710s][info][gc,phases      ] GC(667)   Merge Heap Roots: 0.1ms
[85.710s][info][gc,phases      ] GC(667)   Evacuate Collection Set: 4.7ms
[85.710s][info][gc,phases      ] GC(667)   Post Evacuate Collection Set: 0.8ms
[85.710s][info][gc,phases      ] GC(667)   Other: 0.2ms
[85.710s][info][gc,heap        ] GC(667) Eden regions: 214->0(206)
[85.710s][info][gc,heap        ] GC(667) Survivor regions: 0->8(27)
[85.710s][info][gc,heap        ] GC(667) Old regions: 98->98
[85.710s][info][gc,heap        ] GC(667) Archive regions: 0->0
[85.710s][info][gc,heap        ] GC(667) Humongous regions: 19->9
[85.710s][info][gc,metaspace   ] GC(667) Metaspace: 61533K(62464K)->61533K(62464K) NonClass: 53953K(54464K)->53953K(54464K) Class: 7579K(8000K)->7579K(8000K)
[85.710s][info][gc             ] GC(667) Pause Young (Normal) (G1 Evacuation Pause) 326M->109M(357M) 6.376ms
[85.710s][info][gc,cpu         ] GC(667) User=0.00s Sys=0.00s Real=0.00s
[85.780s][info][gc,start       ] GC(668) Pause Young (Normal) (G1 Evacuation Pause)
[85.780s][info][gc,task        ] GC(668) Using 8 workers of 33 for evacuation
[85.791s][info][gc,phases      ] GC(668)   Pre Evacuate Collection Set: 0.2ms
[85.791s][info][gc,phases      ] GC(668)   Merge Heap Roots: 0.1ms
[85.791s][info][gc,phases      ] GC(668)   Evacuate Collection Set: 9.5ms
[85.791s][info][gc,phases      ] GC(668)   Post Evacuate Collection Set: 0.6ms
[85.791s][info][gc,phases      ] GC(668)   Other: 0.2ms
[85.791s][info][gc,heap        ] GC(668) Eden regions: 206->0(198)
[85.791s][info][gc,heap        ] GC(668) Survivor regions: 8->15(27)
[85.791s][info][gc,heap        ] GC(668) Old regions: 98->98
[85.791s][info][gc,heap        ] GC(668) Archive regions: 0->0
[85.791s][info][gc,heap        ] GC(668) Humongous regions: 12->12
[85.791s][info][gc,metaspace   ] GC(668) Metaspace: 61533K(62464K)->61533K(62464K) NonClass: 53953K(54464K)->53953K(54464K) Class: 7579K(8000K)->7579K(8000K)
[85.791s][info][gc             ] GC(668) Pause Young (Normal) (G1 Evacuation Pause) 318M->120M(357M) 10.959ms
[85.791s][info][gc,cpu         ] GC(668) User=0.13s Sys=0.00s Real=0.01s
[85.852s][info][gc,start       ] GC(669) Pause Young (Normal) (G1 Evacuation Pause)
[85.852s][info][gc,task        ] GC(669) Using 8 workers of 33 for evacuation
[85.864s][info][gc,phases      ] GC(669)   Pre Evacuate Collection Set: 0.1ms
[85.864s][info][gc,phases      ] GC(669)   Merge Heap Roots: 0.1ms
[85.864s][info][gc,phases      ] GC(669)   Evacuate Collection Set: 11.1ms
[85.864s][info][gc,phases      ] GC(669)   Post Evacuate Collection Set: 0.6ms
[85.864s][info][gc,phases      ] GC(669)   Other: 0.2ms
[85.864s][info][gc,heap        ] GC(669) Eden regions: 198->0(187)
[85.864s][info][gc,heap        ] GC(669) Survivor regions: 15->17(27)
[85.864s][info][gc,heap        ] GC(669) Old regions: 98->105
[85.864s][info][gc,heap        ] GC(669) Archive regions: 0->0
[85.864s][info][gc,heap        ] GC(669) Humongous regions: 12->12
[85.864s][info][gc,metaspace   ] GC(669) Metaspace: 61533K(62464K)->61533K(62464K) NonClass: 53953K(54464K)->53953K(54464K) Class: 7579K(8000K)->7579K(8000K)
[85.864s][info][gc             ] GC(669) Pause Young (Normal) (G1 Evacuation Pause) 318M->128M(357M) 12.443ms
[85.864s][info][gc,cpu         ] GC(669) User=0.13s Sys=0.00s Real=0.02s
[85.931s][info][gc,start       ] GC(670) Pause Young (Normal) (G1 Evacuation Pause)
[85.931s][info][gc,task        ] GC(670) Using 8 workers of 33 for evacuation
[85.945s][info][gc,phases      ] GC(670)   Pre Evacuate Collection Set: 0.1ms
[85.945s][info][gc,phases      ] GC(670)   Merge Heap Roots: 0.1ms
[85.945s][info][gc,phases      ] GC(670)   Evacuate Collection Set: 12.8ms
[85.945s][info][gc,phases      ] GC(670)   Post Evacuate Collection Set: 0.8ms
[85.945s][info][gc,phases      ] GC(670)   Other: 0.2ms
[85.945s][info][gc,heap        ] GC(670) Eden regions: 187->0(202)
[85.945s][info][gc,heap        ] GC(670) Survivor regions: 17->17(26)
[85.945s][info][gc,heap        ] GC(670) Old regions: 105->113
[85.945s][info][gc,heap        ] GC(670) Archive regions: 0->0
[85.945s][info][gc,heap        ] GC(670) Humongous regions: 15->15
[85.945s][info][gc,metaspace   ] GC(670) Metaspace: 61533K(62464K)->61533K(62464K) NonClass: 53953K(54464K)->53953K(54464K) Class: 7579K(8000K)->7579K(8000K)
[85.945s][info][gc             ] GC(670) Pause Young (Normal) (G1 Evacuation Pause) 318M->140M(384M) 14.469ms
[85.945s][info][gc,cpu         ] GC(670) User=0.13s Sys=0.00s Real=0.02s
[86.020s][info][gc,start       ] GC(671) Pause Young (Normal) (G1 Evacuation Pause)
[86.020s][info][gc,task        ] GC(671) Using 9 workers of 33 for evacuation
[86.032s][info][gc,phases      ] GC(671)   Pre Evacuate Collection Set: 0.1ms
[86.032s][info][gc,phases      ] GC(671)   Merge Heap Roots: 0.1ms
[86.032s][info][gc,phases      ] GC(671)   Evacuate Collection Set: 11.3ms
[86.032s][info][gc,phases      ] GC(671)   Post Evacuate Collection Set: 0.4ms
[86.032s][info][gc,phases      ] GC(671)   Other: 0.2ms
[86.032s][info][gc,heap        ] GC(671) Eden regions: 202->0(189)
[86.032s][info][gc,heap        ] GC(671) Survivor regions: 17->19(28)
[86.032s][info][gc,heap        ] GC(671) Old regions: 113->122
[86.032s][info][gc,heap        ] GC(671) Archive regions: 0->0
[86.032s][info][gc,heap        ] GC(671) Humongous regions: 15->15
[86.032s][info][gc,metaspace   ] GC(671) Metaspace: 61533K(62464K)->61533K(62464K) NonClass: 53953K(54464K)->53953K(54464K) Class: 7579K(8000K)->7579K(8000K)
[86.033s][info][gc             ] GC(671) Pause Young (Normal) (G1 Evacuation Pause) 342M->150M(384M) 12.492ms
[86.033s][info][gc,cpu         ] GC(671) User=0.00s Sys=0.00s Real=0.00s
[86.095s][info][gc,start       ] GC(672) Pause Young (Normal) (G1 Evacuation Pause)
[86.096s][info][gc,task        ] GC(672) Using 9 workers of 33 for evacuation
[86.104s][info][gc,phases      ] GC(672)   Pre Evacuate Collection Set: 0.1ms
[86.104s][info][gc,phases      ] GC(672)   Merge Heap Roots: 0.1ms
[86.104s][info][gc,phases      ] GC(672)   Evacuate Collection Set: 7.6ms
[86.104s][info][gc,phases      ] GC(672)   Post Evacuate Collection Set: 0.4ms
[86.104s][info][gc,phases      ] GC(672)   Other: 0.2ms
[86.104s][info][gc,heap        ] GC(672) Eden regions: 189->0(194)
[86.104s][info][gc,heap        ] GC(672) Survivor regions: 19->12(26)
[86.104s][info][gc,heap        ] GC(672) Old regions: 122->131
[86.104s][info][gc,heap        ] GC(672) Archive regions: 0->0
[86.104s][info][gc,heap        ] GC(672) Humongous regions: 15->15
[86.104s][info][gc,metaspace   ] GC(672) Metaspace: 61533K(62464K)->61533K(62464K) NonClass: 53954K(54464K)->53954K(54464K) Class: 7579K(8000K)->7579K(8000K)
[86.104s][info][gc             ] GC(672) Pause Young (Normal) (G1 Evacuation Pause) 339M->153M(384M) 8.893ms
[86.104s][info][gc,cpu         ] GC(672) User=0.14s Sys=0.00s Real=0.02s
[86.168s][info][gc,start       ] GC(673) Pause Young (Normal) (G1 Evacuation Pause)
[86.168s][info][gc,task        ] GC(673) Using 9 workers of 33 for evacuation
[86.174s][info][gc,phases      ] GC(673)   Pre Evacuate Collection Set: 0.1ms
[86.174s][info][gc,phases      ] GC(673)   Merge Heap Roots: 0.1ms
[86.174s][info][gc,phases      ] GC(673)   Evacuate Collection Set: 4.5ms
[86.174s][info][gc,phases      ] GC(673)   Post Evacuate Collection Set: 0.4ms
[86.174s][info][gc,phases      ] GC(673)   Other: 0.1ms
[86.174s][info][gc,heap        ] GC(673) Eden regions: 194->0(194)
[86.174s][info][gc,heap        ] GC(673) Survivor regions: 12->12(26)
[86.174s][info][gc,heap        ] GC(673) Old regions: 131->131
[86.174s][info][gc,heap        ] GC(673) Archive regions: 0->0
[86.174s][info][gc,heap        ] GC(673) Humongous regions: 15->15
[86.174s][info][gc,metaspace   ] GC(673) Metaspace: 61533K(62464K)->61533K(62464K) NonClass: 53954K(54464K)->53954K(54464K) Class: 7579K(8000K)->7579K(8000K)
[86.174s][info][gc             ] GC(673) Pause Young (Normal) (G1 Evacuation Pause) 347M->153M(384M) 5.681ms
[86.174s][info][gc,cpu         ] GC(673) User=0.00s Sys=0.00s Real=0.00s
[86.237s][info][gc,start       ] GC(674) Pause Young (Normal) (G1 Evacuation Pause)
[86.237s][info][gc,task        ] GC(674) Using 9 workers of 33 for evacuation
[86.243s][info][gc,phases      ] GC(674)   Pre Evacuate Collection Set: 0.2ms
[86.243s][info][gc,phases      ] GC(674)   Merge Heap Roots: 0.1ms
[86.243s][info][gc,phases      ] GC(674)   Evacuate Collection Set: 4.4ms
[86.243s][info][gc,phases      ] GC(674)   Post Evacuate Collection Set: 0.4ms
[86.243s][info][gc,phases      ] GC(674)   Other: 0.1ms
[86.243s][info][gc,heap        ] GC(674) Eden regions: 194->0(194)
[86.243s][info][gc,heap        ] GC(674) Survivor regions: 12->12(26)
[86.243s][info][gc,heap        ] GC(674) Old regions: 131->131
[86.243s][info][gc,heap        ] GC(674) Archive regions: 0->0
[86.243s][info][gc,heap        ] GC(674) Humongous regions: 15->15
[86.243s][info][gc,metaspace   ] GC(674) Metaspace: 61533K(62464K)->61533K(62464K) NonClass: 53954K(54464K)->53954K(54464K) Class: 7579K(8000K)->7579K(8000K)
[86.243s][info][gc             ] GC(674) Pause Young (Normal) (G1 Evacuation Pause) 347M->152M(384M) 5.672ms
[86.243s][info][gc,cpu         ] GC(674) User=0.14s Sys=0.00s Real=0.02s
[86.307s][info][gc,start       ] GC(675) Pause Young (Normal) (G1 Evacuation Pause)
[86.307s][info][gc,task        ] GC(675) Using 9 workers of 33 for evacuation
[86.312s][info][gc,phases      ] GC(675)   Pre Evacuate Collection Set: 0.1ms
[86.312s][info][gc,phases      ] GC(675)   Merge Heap Roots: 0.1ms
[86.312s][info][gc,phases      ] GC(675)   Evacuate Collection Set: 4.4ms
[86.312s][info][gc,phases      ] GC(675)   Post Evacuate Collection Set: 0.4ms
[86.312s][info][gc,phases      ] GC(675)   Other: 0.1ms
[86.312s][info][gc,heap        ] GC(675) Eden regions: 194->0(194)
[86.312s][info][gc,heap        ] GC(675) Survivor regions: 12->12(26)
[86.312s][info][gc,heap        ] GC(675) Old regions: 131->131
[86.312s][info][gc,heap        ] GC(675) Archive regions: 0->0
[86.312s][info][gc,heap        ] GC(675) Humongous regions: 15->15
[86.312s][info][gc,metaspace   ] GC(675) Metaspace: 61533K(62464K)->61533K(62464K) NonClass: 53954K(54464K)->53954K(54464K) Class: 7579K(8000K)->7579K(8000K)
[86.312s][info][gc             ] GC(675) Pause Young (Normal) (G1 Evacuation Pause) 346M->152M(384M) 5.618ms
[86.312s][info][gc,cpu         ] GC(675) User=0.00s Sys=0.00s Real=0.00s
[86.380s][info][gc,start       ] GC(676) Pause Young (Normal) (G1 Evacuation Pause)
[86.380s][info][gc,task        ] GC(676) Using 9 workers of 33 for evacuation
[86.385s][info][gc,phases      ] GC(676)   Pre Evacuate Collection Set: 0.1ms
[86.385s][info][gc,phases      ] GC(676)   Merge Heap Roots: 0.1ms
[86.385s][info][gc,phases      ] GC(676)   Evacuate Collection Set: 4.6ms
[86.385s][info][gc,phases      ] GC(676)   Post Evacuate Collection Set: 0.6ms
[86.385s][info][gc,phases      ] GC(676)   Other: 0.1ms
[86.385s][info][gc,heap        ] GC(676) Eden regions: 194->0(194)
[86.385s][info][gc,heap        ] GC(676) Survivor regions: 12->12(26)
[86.385s][info][gc,heap        ] GC(676) Old regions: 131->131
[86.385s][info][gc,heap        ] GC(676) Archive regions: 0->0
[86.385s][info][gc,heap        ] GC(676) Humongous regions: 15->15
[86.385s][info][gc,metaspace   ] GC(676) Metaspace: 61533K(62464K)->61533K(62464K) NonClass: 53954K(54464K)->53954K(54464K) Class: 7579K(8000K)->7579K(8000K)
[86.386s][info][gc             ] GC(676) Pause Young (Normal) (G1 Evacuation Pause) 346M->152M(384M) 5.932ms
[86.386s][info][gc,cpu         ] GC(676) User=0.14s Sys=0.00s Real=0.01s
[86.512s][info][gc,start       ] GC(677) Pause Young (Normal) (G1 Evacuation Pause)
[86.512s][info][gc,task        ] GC(677) Using 9 workers of 33 for evacuation
[86.518s][info][gc,phases      ] GC(677)   Pre Evacuate Collection Set: 0.1ms
[86.518s][info][gc,phases      ] GC(677)   Merge Heap Roots: 0.1ms
[86.518s][info][gc,phases      ] GC(677)   Evacuate Collection Set: 5.1ms
[86.518s][info][gc,phases      ] GC(677)   Post Evacuate Collection Set: 0.4ms
[86.518s][info][gc,phases      ] GC(677)   Other: 0.1ms
[86.518s][info][gc,heap        ] GC(677) Eden regions: 194->0(194)
[86.518s][info][gc,heap        ] GC(677) Survivor regions: 12->12(26)
[86.518s][info][gc,heap        ] GC(677) Old regions: 131->131
[86.518s][info][gc,heap        ] GC(677) Archive regions: 0->0
[86.518s][info][gc,heap        ] GC(677) Humongous regions: 15->15
[86.519s][info][gc,metaspace   ] GC(677) Metaspace: 61533K(62464K)->61533K(62464K) NonClass: 53954K(54464K)->53954K(54464K) Class: 7579K(8000K)->7579K(8000K)
[86.519s][info][gc             ] GC(677) Pause Young (Normal) (G1 Evacuation Pause) 346M->152M(384M) 6.311ms
[86.519s][info][gc,cpu         ] GC(677) User=0.00s Sys=0.00s Real=0.00s
[86.642s][info][gc,start       ] GC(678) Pause Young (Normal) (G1 Evacuation Pause)
[86.642s][info][gc,task        ] GC(678) Using 9 workers of 33 for evacuation
[86.648s][info][gc,phases      ] GC(678)   Pre Evacuate Collection Set: 0.1ms
[86.648s][info][gc,phases      ] GC(678)   Merge Heap Roots: 0.1ms
[86.648s][info][gc,phases      ] GC(678)   Evacuate Collection Set: 5.0ms
[86.648s][info][gc,phases      ] GC(678)   Post Evacuate Collection Set: 0.4ms
[86.648s][info][gc,phases      ] GC(678)   Other: 0.1ms
[86.648s][info][gc,heap        ] GC(678) Eden regions: 194->0(194)
[86.648s][info][gc,heap        ] GC(678) Survivor regions: 12->12(26)
[86.648s][info][gc,heap        ] GC(678) Old regions: 131->131
[86.648s][info][gc,heap        ] GC(678) Archive regions: 0->0
[86.648s][info][gc,heap        ] GC(678) Humongous regions: 15->15
[86.648s][info][gc,metaspace   ] GC(678) Metaspace: 61533K(62464K)->61533K(62464K) NonClass: 53954K(54464K)->53954K(54464K) Class: 7579K(8000K)->7579K(8000K)
[86.648s][info][gc             ] GC(678) Pause Young (Normal) (G1 Evacuation Pause) 346M->152M(384M) 6.228ms
[86.648s][info][gc,cpu         ] GC(678) User=0.00s Sys=0.00s Real=0.00s
[86.772s][info][gc,start       ] GC(679) Pause Young (Normal) (G1 Evacuation Pause)
[86.896s][info][gc,task        ] GC(679) Using 9 workers of 33 for evacuation
[86.928s][info][gc,phases      ] GC(679)   Pre Evacuate Collection Set: 0.2ms
[86.928s][info][gc,phases      ] GC(679)   Merge Heap Roots: 0.1ms
[86.928s][info][gc,phases      ] GC(679)   Evacuate Collection Set: 5.6ms
[86.928s][info][gc,phases      ] GC(679)   Post Evacuate Collection Set: 0.5ms
[86.928s][info][gc,phases      ] GC(679)   Other: 25.3ms
[86.928s][info][gc,heap        ] GC(679) Eden regions: 194->0(194)
[86.928s][info][gc,heap        ] GC(679) Survivor regions: 12->12(26)
[86.928s][info][gc,heap        ] GC(679) Old regions: 131->131
[86.928s][info][gc,heap        ] GC(679) Archive regions: 0->0
[86.928s][info][gc,heap        ] GC(679) Humongous regions: 15->15
[86.928s][info][gc,metaspace   ] GC(679) Metaspace: 61533K(62464K)->61533K(62464K) NonClass: 53954K(54464K)->53954K(54464K) Class: 7579K(8000K)->7579K(8000K)
[86.928s][info][gc             ] GC(679) Pause Young (Normal) (G1 Evacuation Pause) 346M->152M(384M) 156.655ms
[86.928s][info][gc,cpu         ] GC(679) User=0.00s Sys=0.00s Real=0.16s
[87.068s][info][gc,start       ] GC(680) Pause Young (Normal) (G1 Evacuation Pause)
[87.068s][info][gc,task        ] GC(680) Using 9 workers of 33 for evacuation
[87.074s][info][gc,phases      ] GC(680)   Pre Evacuate Collection Set: 0.1ms
[87.074s][info][gc,phases      ] GC(680)   Merge Heap Roots: 0.1ms
[87.074s][info][gc,phases      ] GC(680)   Evacuate Collection Set: 5.1ms
[87.074s][info][gc,phases      ] GC(680)   Post Evacuate Collection Set: 0.4ms
[87.074s][info][gc,phases      ] GC(680)   Other: 0.1ms
[87.074s][info][gc,heap        ] GC(680) Eden regions: 194->0(194)
[87.074s][info][gc,heap        ] GC(680) Survivor regions: 12->12(26)
[87.074s][info][gc,heap        ] GC(680) Old regions: 131->131
[87.075s][info][gc,heap        ] GC(680) Archive regions: 0->0
[87.075s][info][gc,heap        ] GC(680) Humongous regions: 15->15
[87.075s][info][gc,metaspace   ] GC(680) Metaspace: 61533K(62464K)->61533K(62464K) NonClass: 53954K(54464K)->53954K(54464K) Class: 7579K(8000K)->7579K(8000K)
[87.075s][info][gc             ] GC(680) Pause Young (Normal) (G1 Evacuation Pause) 346M->152M(384M) 6.339ms
[87.075s][info][gc,cpu         ] GC(680) User=0.00s Sys=0.00s Real=0.00s
[87.165s][info][gc,start       ] GC(681) Pause Full (System.gc())
[87.165s][info][gc,task        ] GC(681) Using 9 workers of 33 for full compaction
[87.165s][info][gc,phases,start] GC(681) Phase 1: Mark live objects
[87.197s][info][gc,phases      ] GC(681) Phase 1: Mark live objects 32.255ms
[87.198s][info][gc,phases,start] GC(681) Phase 2: Prepare compaction
[87.201s][info][gc,phases      ] GC(681) Phase 2: Prepare compaction 3.861ms
[87.201s][info][gc,phases,start] GC(681) Phase 3: Adjust pointers
[87.209s][info][gc,phases      ] GC(681) Phase 3: Adjust pointers 7.777ms
[87.209s][info][gc,phases,start] GC(681) Phase 4: Compact heap
[87.210s][info][gc,phases      ] GC(681) Phase 4: Compact heap 0.498ms
[87.224s][info][gc,heap        ] GC(681) Eden regions: 112->0(214)
[87.225s][info][gc,heap        ] GC(681) Survivor regions: 12->0(26)
[87.225s][info][gc,heap        ] GC(681) Old regions: 131->98
[87.225s][info][gc,heap        ] GC(681) Archive regions: 0->0
[87.225s][info][gc,heap        ] GC(681) Humongous regions: 20->9
[87.225s][info][gc,metaspace   ] GC(681) Metaspace: 61534K(62464K)->61534K(62464K) NonClass: 53955K(54464K)->53955K(54464K) Class: 7579K(8000K)->7579K(8000K)
[87.225s][info][gc             ] GC(681) Pause Full (System.gc()) 268M->102M(357M) 60.077ms
[87.225s][info][gc,cpu         ] GC(681) User=0.44s Sys=0.00s Real=0.06s
[87.367s][info][gc,start       ] GC(682) Pause Young (Normal) (G1 Evacuation Pause)
[87.367s][info][gc,task        ] GC(682) Using 8 workers of 33 for evacuation
[87.372s][info][gc,phases      ] GC(682)   Pre Evacuate Collection Set: 0.2ms
[87.372s][info][gc,phases      ] GC(682)   Merge Heap Roots: 0.1ms
[87.372s][info][gc,phases      ] GC(682)   Evacuate Collection Set: 3.6ms
[87.372s][info][gc,phases      ] GC(682)   Post Evacuate Collection Set: 0.9ms
[87.372s][info][gc,phases      ] GC(682)   Other: 0.2ms
[87.372s][info][gc,heap        ] GC(682) Eden regions: 214->0(211)
[87.372s][info][gc,heap        ] GC(682) Survivor regions: 0->7(27)
[87.372s][info][gc,heap        ] GC(682) Old regions: 98->98
[87.372s][info][gc,heap        ] GC(682) Archive regions: 0->0
[87.372s][info][gc,heap        ] GC(682) Humongous regions: 19->9
[87.372s][info][gc,metaspace   ] GC(682) Metaspace: 61541K(62464K)->61541K(62464K) NonClass: 53961K(54464K)->53961K(54464K) Class: 7579K(8000K)->7579K(8000K)
[87.372s][info][gc             ] GC(682) Pause Young (Normal) (G1 Evacuation Pause) 326M->109M(364M) 5.431ms
[87.373s][info][gc,cpu         ] GC(682) User=0.00s Sys=0.00s Real=0.00s
[87.442s][info][gc,start       ] GC(683) Pause Young (Normal) (G1 Evacuation Pause)
[87.442s][info][gc,task        ] GC(683) Using 8 workers of 33 for evacuation
[87.452s][info][gc,phases      ] GC(683)   Pre Evacuate Collection Set: 0.1ms
[87.452s][info][gc,phases      ] GC(683)   Merge Heap Roots: 0.1ms
[87.452s][info][gc,phases      ] GC(683)   Evacuate Collection Set: 8.7ms
[87.452s][info][gc,phases      ] GC(683)   Post Evacuate Collection Set: 0.7ms
[87.452s][info][gc,phases      ] GC(683)   Other: 0.2ms
[87.452s][info][gc,heap        ] GC(683) Eden regions: 211->0(203)
[87.452s][info][gc,heap        ] GC(683) Survivor regions: 7->15(28)
[87.452s][info][gc,heap        ] GC(683) Old regions: 98->98
[87.452s][info][gc,heap        ] GC(683) Archive regions: 0->0
[87.452s][info][gc,heap        ] GC(683) Humongous regions: 12->12
[87.452s][info][gc,metaspace   ] GC(683) Metaspace: 61541K(62464K)->61541K(62464K) NonClass: 53961K(54464K)->53961K(54464K) Class: 7579K(8000K)->7579K(8000K)
[87.453s][info][gc             ] GC(683) Pause Young (Normal) (G1 Evacuation Pause) 323M->119M(364M) 10.306ms
[87.453s][info][gc,cpu         ] GC(683) User=0.00s Sys=0.00s Real=0.00s
[87.516s][info][gc,start       ] GC(684) Pause Young (Normal) (G1 Evacuation Pause)
[87.516s][info][gc,task        ] GC(684) Using 8 workers of 33 for evacuation
[87.528s][info][gc,phases      ] GC(684)   Pre Evacuate Collection Set: 0.1ms
[87.528s][info][gc,phases      ] GC(684)   Merge Heap Roots: 0.1ms
[87.528s][info][gc,phases      ] GC(684)   Evacuate Collection Set: 10.9ms
[87.528s][info][gc,phases      ] GC(684)   Post Evacuate Collection Set: 0.7ms
[87.528s][info][gc,phases      ] GC(684)   Other: 0.2ms
[87.528s][info][gc,heap        ] GC(684) Eden regions: 203->0(191)
[87.528s][info][gc,heap        ] GC(684) Survivor regions: 15->22(28)
[87.528s][info][gc,heap        ] GC(684) Old regions: 98->98
[87.528s][info][gc,heap        ] GC(684) Archive regions: 0->0
[87.528s][info][gc,heap        ] GC(684) Humongous regions: 12->12
[87.528s][info][gc,metaspace   ] GC(684) Metaspace: 61541K(62464K)->61541K(62464K) NonClass: 53961K(54464K)->53961K(54464K) Class: 7579K(8000K)->7579K(8000K)
[87.529s][info][gc             ] GC(684) Pause Young (Normal) (G1 Evacuation Pause) 322M->127M(364M) 12.459ms
[87.529s][info][gc,cpu         ] GC(684) User=0.13s Sys=0.00s Real=0.02s
[87.588s][info][gc,start       ] GC(685) Pause Young (Normal) (G1 Evacuation Pause)
[87.589s][info][gc,task        ] GC(685) Using 8 workers of 33 for evacuation
[87.604s][info][gc,phases      ] GC(685)   Pre Evacuate Collection Set: 0.1ms
[87.604s][info][gc,phases      ] GC(685)   Merge Heap Roots: 0.1ms
[87.605s][info][gc,phases      ] GC(685)   Evacuate Collection Set: 15.1ms
[87.605s][info][gc,phases      ] GC(685)   Post Evacuate Collection Set: 0.4ms
[87.605s][info][gc,phases      ] GC(685)   Other: 0.2ms
[87.605s][info][gc,heap        ] GC(685) Eden regions: 191->0(182)
[87.605s][info][gc,heap        ] GC(685) Survivor regions: 22->18(27)
[87.605s][info][gc,heap        ] GC(685) Old regions: 98->112
[87.605s][info][gc,heap        ] GC(685) Archive regions: 0->0
[87.605s][info][gc,heap        ] GC(685) Humongous regions: 15->15
[87.605s][info][gc,metaspace   ] GC(685) Metaspace: 61541K(62464K)->61541K(62464K) NonClass: 53961K(54464K)->53961K(54464K) Class: 7579K(8000K)->7579K(8000K)
[87.605s][info][gc             ] GC(685) Pause Young (Normal) (G1 Evacuation Pause) 321M->139M(364M) 16.367ms
[87.605s][info][gc,cpu         ] GC(685) User=0.13s Sys=0.00s Real=0.01s
[87.661s][info][gc,start       ] GC(686) Pause Young (Normal) (G1 Evacuation Pause)
[87.661s][info][gc,task        ] GC(686) Using 8 workers of 33 for evacuation
[87.677s][info][gc,phases      ] GC(686)   Pre Evacuate Collection Set: 0.1ms
[87.677s][info][gc,phases      ] GC(686)   Merge Heap Roots: 0.1ms
[87.677s][info][gc,phases      ] GC(686)   Evacuate Collection Set: 14.8ms
[87.677s][info][gc,phases      ] GC(686)   Post Evacuate Collection Set: 0.4ms
[87.677s][info][gc,phases      ] GC(686)   Other: 0.2ms
[87.677s][info][gc,heap        ] GC(686) Eden regions: 182->0(175)
[87.677s][info][gc,heap        ] GC(686) Survivor regions: 18->17(25)
[87.677s][info][gc,heap        ] GC(686) Old regions: 112->121
[87.677s][info][gc,heap        ] GC(686) Archive regions: 0->0
[87.677s][info][gc,heap        ] GC(686) Humongous regions: 15->15
[87.677s][info][gc,metaspace   ] GC(686) Metaspace: 61541K(62464K)->61541K(62464K) NonClass: 53961K(54464K)->53961K(54464K) Class: 7579K(8000K)->7579K(8000K)
[87.677s][info][gc             ] GC(686) Pause Young (Normal) (G1 Evacuation Pause) 321M->147M(364M) 16.009ms
[87.677s][info][gc,cpu         ] GC(686) User=0.13s Sys=0.00s Real=0.02s
[87.746s][info][gc,start       ] GC(687) Pause Young (Normal) (G1 Evacuation Pause)
[87.746s][info][gc,task        ] GC(687) Using 8 workers of 33 for evacuation
[87.756s][info][gc,phases      ] GC(687)   Pre Evacuate Collection Set: 0.1ms
[87.756s][info][gc,phases      ] GC(687)   Merge Heap Roots: 0.1ms
[87.756s][info][gc,phases      ] GC(687)   Evacuate Collection Set: 9.0ms
[87.756s][info][gc,phases      ] GC(687)   Post Evacuate Collection Set: 0.8ms
[87.756s][info][gc,phases      ] GC(687)   Other: 0.2ms
[87.756s][info][gc,heap        ] GC(687) Eden regions: 175->0(203)
[87.756s][info][gc,heap        ] GC(687) Survivor regions: 17->13(24)
[87.756s][info][gc,heap        ] GC(687) Old regions: 121->129
[87.756s][info][gc,heap        ] GC(687) Archive regions: 0->0
[87.756s][info][gc,heap        ] GC(687) Humongous regions: 15->15
[87.756s][info][gc,metaspace   ] GC(687) Metaspace: 61541K(62464K)->61541K(62464K) NonClass: 53961K(54464K)->53961K(54464K) Class: 7579K(8000K)->7579K(8000K)
[87.756s][info][gc             ] GC(687) Pause Young (Normal) (G1 Evacuation Pause) 322M->151M(394M) 10.594ms
[87.756s][info][gc,cpu         ] GC(687) User=0.00s Sys=0.00s Real=0.00s
[87.834s][info][gc,start       ] GC(688) Pause Young (Normal) (G1 Evacuation Pause)
[87.834s][info][gc,task        ] GC(688) Using 9 workers of 33 for evacuation
[87.840s][info][gc,phases      ] GC(688)   Pre Evacuate Collection Set: 0.1ms
[87.840s][info][gc,phases      ] GC(688)   Merge Heap Roots: 0.1ms
[87.840s][info][gc,phases      ] GC(688)   Evacuate Collection Set: 4.9ms
[87.840s][info][gc,phases      ] GC(688)   Post Evacuate Collection Set: 0.4ms
[87.840s][info][gc,phases      ] GC(688)   Other: 0.2ms
[87.840s][info][gc,heap        ] GC(688) Eden regions: 203->0(203)
[87.840s][info][gc,heap        ] GC(688) Survivor regions: 13->13(27)
[87.840s][info][gc,heap        ] GC(688) Old regions: 129->129
[87.840s][info][gc,heap        ] GC(688) Archive regions: 0->0
[87.840s][info][gc,heap        ] GC(688) Humongous regions: 15->15
[87.840s][info][gc,metaspace   ] GC(688) Metaspace: 61541K(62464K)->61541K(62464K) NonClass: 53961K(54464K)->53961K(54464K) Class: 7579K(8000K)->7579K(8000K)
[87.840s][info][gc             ] GC(688) Pause Young (Normal) (G1 Evacuation Pause) 354M->151M(394M) 6.075ms
[87.840s][info][gc,cpu         ] GC(688) User=0.14s Sys=0.00s Real=0.02s
[87.907s][info][gc,start       ] GC(689) Pause Young (Normal) (G1 Evacuation Pause)
[87.907s][info][gc,task        ] GC(689) Using 9 workers of 33 for evacuation
[87.912s][info][gc,phases      ] GC(689)   Pre Evacuate Collection Set: 0.1ms
[87.913s][info][gc,phases      ] GC(689)   Merge Heap Roots: 0.1ms
[87.913s][info][gc,phases      ] GC(689)   Evacuate Collection Set: 4.9ms
[87.913s][info][gc,phases      ] GC(689)   Post Evacuate Collection Set: 0.4ms
[87.913s][info][gc,phases      ] GC(689)   Other: 0.1ms
[87.913s][info][gc,heap        ] GC(689) Eden regions: 203->0(203)
[87.913s][info][gc,heap        ] GC(689) Survivor regions: 13->13(27)
[87.913s][info][gc,heap        ] GC(689) Old regions: 129->129
[87.913s][info][gc,heap        ] GC(689) Archive regions: 0->0
[87.913s][info][gc,heap        ] GC(689) Humongous regions: 15->15
[87.913s][info][gc,metaspace   ] GC(689) Metaspace: 61541K(62464K)->61541K(62464K) NonClass: 53961K(54464K)->53961K(54464K) Class: 7579K(8000K)->7579K(8000K)
[87.913s][info][gc             ] GC(689) Pause Young (Normal) (G1 Evacuation Pause) 354M->151M(394M) 6.062ms
[87.913s][info][gc,cpu         ] GC(689) User=0.00s Sys=0.00s Real=0.00s
[87.979s][info][gc,start       ] GC(690) Pause Young (Normal) (G1 Evacuation Pause)
[87.979s][info][gc,task        ] GC(690) Using 9 workers of 33 for evacuation
[87.985s][info][gc,phases      ] GC(690)   Pre Evacuate Collection Set: 0.1ms
[87.985s][info][gc,phases      ] GC(690)   Merge Heap Roots: 0.1ms
[87.985s][info][gc,phases      ] GC(690)   Evacuate Collection Set: 4.9ms
[87.985s][info][gc,phases      ] GC(690)   Post Evacuate Collection Set: 0.4ms
[87.985s][info][gc,phases      ] GC(690)   Other: 0.1ms
[87.985s][info][gc,heap        ] GC(690) Eden regions: 203->0(201)
[87.985s][info][gc,heap        ] GC(690) Survivor regions: 13->14(27)
[87.985s][info][gc,heap        ] GC(690) Old regions: 129->129
[87.985s][info][gc,heap        ] GC(690) Archive regions: 0->0
[87.985s][info][gc,heap        ] GC(690) Humongous regions: 15->15
[87.985s][info][gc,metaspace   ] GC(690) Metaspace: 61541K(62464K)->61541K(62464K) NonClass: 53961K(54464K)->53961K(54464K) Class: 7579K(8000K)->7579K(8000K)
[87.986s][info][gc             ] GC(690) Pause Young (Normal) (G1 Evacuation Pause) 354M->152M(394M) 6.080ms
[87.986s][info][gc,cpu         ] GC(690) User=0.00s Sys=0.00s Real=0.00s
[88.085s][info][gc,start       ] GC(691) Pause Young (Normal) (G1 Evacuation Pause)
[88.085s][info][gc,task        ] GC(691) Using 9 workers of 33 for evacuation
[88.091s][info][gc,phases      ] GC(691)   Pre Evacuate Collection Set: 0.1ms
[88.092s][info][gc,phases      ] GC(691)   Merge Heap Roots: 0.1ms
[88.092s][info][gc,phases      ] GC(691)   Evacuate Collection Set: 5.3ms
[88.092s][info][gc,phases      ] GC(691)   Post Evacuate Collection Set: 0.6ms
[88.092s][info][gc,phases      ] GC(691)   Other: 0.1ms
[88.092s][info][gc,heap        ] GC(691) Eden regions: 201->0(203)
[88.092s][info][gc,heap        ] GC(691) Survivor regions: 14->13(27)
[88.092s][info][gc,heap        ] GC(691) Old regions: 129->129
[88.092s][info][gc,heap        ] GC(691) Archive regions: 0->0
[88.092s][info][gc,heap        ] GC(691) Humongous regions: 15->15
[88.092s][info][gc,metaspace   ] GC(691) Metaspace: 61541K(62464K)->61541K(62464K) NonClass: 53961K(54464K)->53961K(54464K) Class: 7579K(8000K)->7579K(8000K)
[88.092s][info][gc             ] GC(691) Pause Young (Normal) (G1 Evacuation Pause) 353M->151M(394M) 6.664ms
[88.092s][info][gc,cpu         ] GC(691) User=0.14s Sys=0.00s Real=0.02s
[88.221s][info][gc,start       ] GC(692) Pause Young (Normal) (G1 Evacuation Pause)
[88.221s][info][gc,task        ] GC(692) Using 9 workers of 33 for evacuation
[88.227s][info][gc,phases      ] GC(692)   Pre Evacuate Collection Set: 0.1ms
[88.227s][info][gc,phases      ] GC(692)   Merge Heap Roots: 0.1ms
[88.227s][info][gc,phases      ] GC(692)   Evacuate Collection Set: 5.2ms
[88.227s][info][gc,phases      ] GC(692)   Post Evacuate Collection Set: 0.4ms
[88.227s][info][gc,phases      ] GC(692)   Other: 0.2ms
[88.227s][info][gc,heap        ] GC(692) Eden regions: 203->0(201)
[88.227s][info][gc,heap        ] GC(692) Survivor regions: 13->14(27)
[88.227s][info][gc,heap        ] GC(692) Old regions: 129->129
[88.227s][info][gc,heap        ] GC(692) Archive regions: 0->0
[88.227s][info][gc,heap        ] GC(692) Humongous regions: 15->15
[88.227s][info][gc,metaspace   ] GC(692) Metaspace: 61541K(62464K)->61541K(62464K) NonClass: 53961K(54464K)->53961K(54464K) Class: 7579K(8000K)->7579K(8000K)
[88.227s][info][gc             ] GC(692) Pause Young (Normal) (G1 Evacuation Pause) 354M->152M(394M) 6.484ms
[88.227s][info][gc,cpu         ] GC(692) User=0.00s Sys=0.00s Real=0.00s
[88.354s][info][gc,start       ] GC(693) Pause Young (Normal) (G1 Evacuation Pause)
[88.354s][info][gc,task        ] GC(693) Using 9 workers of 33 for evacuation
[88.360s][info][gc,phases      ] GC(693)   Pre Evacuate Collection Set: 0.1ms
[88.360s][info][gc,phases      ] GC(693)   Merge Heap Roots: 0.1ms
[88.360s][info][gc,phases      ] GC(693)   Evacuate Collection Set: 5.2ms
[88.360s][info][gc,phases      ] GC(693)   Post Evacuate Collection Set: 0.4ms
[88.360s][info][gc,phases      ] GC(693)   Other: 0.1ms
[88.360s][info][gc,heap        ] GC(693) Eden regions: 201->0(201)
[88.360s][info][gc,heap        ] GC(693) Survivor regions: 14->14(27)
[88.360s][info][gc,heap        ] GC(693) Old regions: 129->129
[88.360s][info][gc,heap        ] GC(693) Archive regions: 0->0
[88.360s][info][gc,heap        ] GC(693) Humongous regions: 15->15
[88.360s][info][gc,metaspace   ] GC(693) Metaspace: 61541K(62464K)->61541K(62464K) NonClass: 53961K(54464K)->53961K(54464K) Class: 7579K(8000K)->7579K(8000K)
[88.360s][info][gc             ] GC(693) Pause Young (Normal) (G1 Evacuation Pause) 353M->152M(394M) 6.485ms
[88.360s][info][gc,cpu         ] GC(693) User=0.14s Sys=0.00s Real=0.02s
[88.487s][info][gc,start       ] GC(694) Pause Young (Normal) (G1 Evacuation Pause)
[88.487s][info][gc,task        ] GC(694) Using 9 workers of 33 for evacuation
[88.493s][info][gc,phases      ] GC(694)   Pre Evacuate Collection Set: 0.1ms
[88.493s][info][gc,phases      ] GC(694)   Merge Heap Roots: 0.1ms
[88.493s][info][gc,phases      ] GC(694)   Evacuate Collection Set: 5.2ms
[88.493s][info][gc,phases      ] GC(694)   Post Evacuate Collection Set: 0.4ms
[88.493s][info][gc,phases      ] GC(694)   Other: 0.1ms
[88.493s][info][gc,heap        ] GC(694) Eden regions: 201->0(201)
[88.494s][info][gc,heap        ] GC(694) Survivor regions: 14->14(27)
[88.494s][info][gc,heap        ] GC(694) Old regions: 129->129
[88.494s][info][gc,heap        ] GC(694) Archive regions: 0->0
[88.494s][info][gc,heap        ] GC(694) Humongous regions: 15->15
[88.494s][info][gc,metaspace   ] GC(694) Metaspace: 61541K(62464K)->61541K(62464K) NonClass: 53961K(54464K)->53961K(54464K) Class: 7579K(8000K)->7579K(8000K)
[88.494s][info][gc             ] GC(694) Pause Young (Normal) (G1 Evacuation Pause) 353M->152M(394M) 6.416ms
[88.494s][info][gc,cpu         ] GC(694) User=0.00s Sys=0.00s Real=0.00s
[88.620s][info][gc,start       ] GC(695) Pause Young (Normal) (G1 Evacuation Pause)
[88.620s][info][gc,task        ] GC(695) Using 9 workers of 33 for evacuation
[88.626s][info][gc,phases      ] GC(695)   Pre Evacuate Collection Set: 0.1ms
[88.626s][info][gc,phases      ] GC(695)   Merge Heap Roots: 0.1ms
[88.626s][info][gc,phases      ] GC(695)   Evacuate Collection Set: 5.3ms
[88.626s][info][gc,phases      ] GC(695)   Post Evacuate Collection Set: 0.4ms
[88.626s][info][gc,phases      ] GC(695)   Other: 0.1ms
[88.626s][info][gc,heap        ] GC(695) Eden regions: 201->0(201)
[88.626s][info][gc,heap        ] GC(695) Survivor regions: 14->14(27)
[88.626s][info][gc,heap        ] GC(695) Old regions: 129->129
[88.626s][info][gc,heap        ] GC(695) Archive regions: 0->0
[88.626s][info][gc,heap        ] GC(695) Humongous regions: 15->15
[88.626s][info][gc,metaspace   ] GC(695) Metaspace: 61541K(62464K)->61541K(62464K) NonClass: 53961K(54464K)->53961K(54464K) Class: 7579K(8000K)->7579K(8000K)
[88.626s][info][gc             ] GC(695) Pause Young (Normal) (G1 Evacuation Pause) 353M->152M(394M) 6.525ms
[88.626s][info][gc,cpu         ] GC(695) User=0.14s Sys=0.00s Real=0.02s
[88.689s][info][gc,start       ] GC(696) Pause Full (System.gc())
[88.689s][info][gc,task        ] GC(696) Using 9 workers of 33 for full compaction
[88.690s][info][gc,phases,start] GC(696) Phase 1: Mark live objects
[88.722s][info][gc,phases      ] GC(696) Phase 1: Mark live objects 32.278ms
[88.722s][info][gc,phases,start] GC(696) Phase 2: Prepare compaction
[88.727s][info][gc,phases      ] GC(696) Phase 2: Prepare compaction 4.499ms
[88.727s][info][gc,phases,start] GC(696) Phase 3: Adjust pointers
[88.735s][info][gc,phases      ] GC(696) Phase 3: Adjust pointers 8.587ms
[88.735s][info][gc,phases,start] GC(696) Phase 4: Compact heap
[88.736s][info][gc,phases      ] GC(696) Phase 4: Compact heap 0.509ms
[88.744s][info][gc,heap        ] GC(696) Eden regions: 68->0(214)
[88.744s][info][gc,heap        ] GC(696) Survivor regions: 14->0(27)
[88.744s][info][gc,heap        ] GC(696) Old regions: 129->98
[88.744s][info][gc,heap        ] GC(696) Archive regions: 0->0
[88.744s][info][gc,heap        ] GC(696) Humongous regions: 20->9
[88.744s][info][gc,metaspace   ] GC(696) Metaspace: 61543K(62464K)->61543K(62464K) NonClass: 53963K(54464K)->53963K(54464K) Class: 7579K(8000K)->7579K(8000K)
[88.744s][info][gc             ] GC(696) Pause Full (System.gc()) 224M->102M(357M) 54.923ms
[88.744s][info][gc,cpu         ] GC(696) User=0.34s Sys=0.00s Real=0.05s
[88.888s][info][gc,start       ] GC(697) Pause Young (Normal) (G1 Evacuation Pause)
[88.888s][info][gc,task        ] GC(697) Using 8 workers of 33 for evacuation
[88.893s][info][gc,phases      ] GC(697)   Pre Evacuate Collection Set: 0.2ms
[88.893s][info][gc,phases      ] GC(697)   Merge Heap Roots: 0.1ms
[88.893s][info][gc,phases      ] GC(697)   Evacuate Collection Set: 4.0ms
[88.893s][info][gc,phases      ] GC(697)   Post Evacuate Collection Set: 0.7ms
[88.893s][info][gc,phases      ] GC(697)   Other: 0.2ms
[88.893s][info][gc,heap        ] GC(697) Eden regions: 214->0(206)
[88.893s][info][gc,heap        ] GC(697) Survivor regions: 0->8(27)
[88.893s][info][gc,heap        ] GC(697) Old regions: 98->98
[88.893s][info][gc,heap        ] GC(697) Archive regions: 0->0
[88.893s][info][gc,heap        ] GC(697) Humongous regions: 19->9
[88.894s][info][gc,metaspace   ] GC(697) Metaspace: 61553K(62464K)->61553K(62464K) NonClass: 53974K(54464K)->53974K(54464K) Class: 7579K(8000K)->7579K(8000K)
[88.894s][info][gc             ] GC(697) Pause Young (Normal) (G1 Evacuation Pause) 326M->109M(357M) 5.687ms
[88.894s][info][gc,cpu         ] GC(697) User=0.00s Sys=0.00s Real=0.00s
[88.960s][info][gc,start       ] GC(698) Pause Young (Normal) (G1 Evacuation Pause)
[88.961s][info][gc,task        ] GC(698) Using 8 workers of 33 for evacuation
[88.971s][info][gc,phases      ] GC(698)   Pre Evacuate Collection Set: 0.1ms
[88.971s][info][gc,phases      ] GC(698)   Merge Heap Roots: 0.1ms
[88.971s][info][gc,phases      ] GC(698)   Evacuate Collection Set: 9.2ms
[88.971s][info][gc,phases      ] GC(698)   Post Evacuate Collection Set: 0.7ms
[88.971s][info][gc,phases      ] GC(698)   Other: 0.2ms
[88.971s][info][gc,heap        ] GC(698) Eden regions: 206->0(198)
[88.971s][info][gc,heap        ] GC(698) Survivor regions: 8->15(27)
[88.971s][info][gc,heap        ] GC(698) Old regions: 98->98
[88.971s][info][gc,heap        ] GC(698) Archive regions: 0->0
[88.971s][info][gc,heap        ] GC(698) Humongous regions: 12->12
[88.971s][info][gc,metaspace   ] GC(698) Metaspace: 61553K(62464K)->61553K(62464K) NonClass: 53974K(54464K)->53974K(54464K) Class: 7579K(8000K)->7579K(8000K)
[88.971s][info][gc             ] GC(698) Pause Young (Normal) (G1 Evacuation Pause) 318M->119M(357M) 10.683ms
[88.971s][info][gc,cpu         ] GC(698) User=0.00s Sys=0.00s Real=0.00s
[89.032s][info][gc,start       ] GC(699) Pause Young (Normal) (G1 Evacuation Pause)
[89.032s][info][gc,task        ] GC(699) Using 8 workers of 33 for evacuation
[89.045s][info][gc,phases      ] GC(699)   Pre Evacuate Collection Set: 0.1ms
[89.045s][info][gc,phases      ] GC(699)   Merge Heap Roots: 0.1ms
[89.045s][info][gc,phases      ] GC(699)   Evacuate Collection Set: 11.1ms
[89.045s][info][gc,phases      ] GC(699)   Post Evacuate Collection Set: 0.9ms
[89.045s][info][gc,phases      ] GC(699)   Other: 0.1ms
[89.045s][info][gc,heap        ] GC(699) Eden regions: 198->0(191)
[89.045s][info][gc,heap        ] GC(699) Survivor regions: 15->23(27)
[89.045s][info][gc,heap        ] GC(699) Old regions: 98->98
[89.045s][info][gc,heap        ] GC(699) Archive regions: 0->0
[89.045s][info][gc,heap        ] GC(699) Humongous regions: 12->12
[89.045s][info][gc,metaspace   ] GC(699) Metaspace: 61553K(62464K)->61553K(62464K) NonClass: 53974K(54464K)->53974K(54464K) Class: 7579K(8000K)->7579K(8000K)
[89.045s][info][gc             ] GC(699) Pause Young (Normal) (G1 Evacuation Pause) 317M->128M(366M) 12.858ms
[89.045s][info][gc,cpu         ] GC(699) User=0.13s Sys=0.00s Real=0.02s
[89.107s][info][gc,start       ] GC(700) Pause Young (Normal) (G1 Evacuation Pause)
[89.107s][info][gc,task        ] GC(700) Using 8 workers of 33 for evacuation
[89.127s][info][gc,phases      ] GC(700)   Pre Evacuate Collection Set: 0.1ms
[89.127s][info][gc,phases      ] GC(700)   Merge Heap Roots: 0.1ms
[89.127s][info][gc,phases      ] GC(700)   Evacuate Collection Set: 18.8ms
[89.127s][info][gc,phases      ] GC(700)   Post Evacuate Collection Set: 0.4ms
[89.127s][info][gc,phases      ] GC(700)   Other: 0.2ms
[89.127s][info][gc,heap        ] GC(700) Eden regions: 191->0(186)
[89.127s][info][gc,heap        ] GC(700) Survivor regions: 23->17(27)
[89.127s][info][gc,heap        ] GC(700) Old regions: 98->112
[89.127s][info][gc,heap        ] GC(700) Archive regions: 0->0
[89.127s][info][gc,heap        ] GC(700) Humongous regions: 15->15
[89.127s][info][gc,metaspace   ] GC(700) Metaspace: 61553K(62464K)->61553K(62464K) NonClass: 53974K(54464K)->53974K(54464K) Class: 7579K(8000K)->7579K(8000K)
[89.127s][info][gc             ] GC(700) Pause Young (Normal) (G1 Evacuation Pause) 322M->139M(366M) 20.056ms
[89.127s][info][gc,cpu         ] GC(700) User=0.13s Sys=0.00s Real=0.02s
[89.185s][info][gc,start       ] GC(701) Pause Young (Normal) (G1 Evacuation Pause)
[89.185s][info][gc,task        ] GC(701) Using 8 workers of 33 for evacuation
[89.197s][info][gc,phases      ] GC(701)   Pre Evacuate Collection Set: 0.1ms
[89.197s][info][gc,phases      ] GC(701)   Merge Heap Roots: 0.1ms
[89.197s][info][gc,phases      ] GC(701)   Evacuate Collection Set: 11.2ms
[89.197s][info][gc,phases      ] GC(701)   Post Evacuate Collection Set: 0.4ms
[89.197s][info][gc,phases      ] GC(701)   Other: 0.2ms
[89.197s][info][gc,heap        ] GC(701) Eden regions: 186->0(178)
[89.197s][info][gc,heap        ] GC(701) Survivor regions: 17->17(26)
[89.197s][info][gc,heap        ] GC(701) Old regions: 112->120
[89.197s][info][gc,heap        ] GC(701) Archive regions: 0->0
[89.197s][info][gc,heap        ] GC(701) Humongous regions: 15->15
[89.197s][info][gc,metaspace   ] GC(701) Metaspace: 61553K(62464K)->61553K(62464K) NonClass: 53974K(54464K)->53974K(54464K) Class: 7579K(8000K)->7579K(8000K)
[89.197s][info][gc             ] GC(701) Pause Young (Normal) (G1 Evacuation Pause) 325M->146M(366M) 12.421ms
[89.197s][info][gc,cpu         ] GC(701) User=0.13s Sys=0.00s Real=0.02s
[89.255s][info][gc,start       ] GC(702) Pause Young (Normal) (G1 Evacuation Pause)
[89.255s][info][gc,task        ] GC(702) Using 8 workers of 33 for evacuation
[89.268s][info][gc,phases      ] GC(702)   Pre Evacuate Collection Set: 0.1ms
[89.268s][info][gc,phases      ] GC(702)   Merge Heap Roots: 0.1ms
[89.268s][info][gc,phases      ] GC(702)   Evacuate Collection Set: 11.7ms
[89.268s][info][gc,phases      ] GC(702)   Post Evacuate Collection Set: 0.6ms
[89.268s][info][gc,phases      ] GC(702)   Other: 0.2ms
[89.268s][info][gc,heap        ] GC(702) Eden regions: 178->0(178)
[89.268s][info][gc,heap        ] GC(702) Survivor regions: 17->13(25)
[89.268s][info][gc,heap        ] GC(702) Old regions: 120->128
[89.268s][info][gc,heap        ] GC(702) Archive regions: 0->0
[89.268s][info][gc,heap        ] GC(702) Humongous regions: 15->15
[89.268s][info][gc,metaspace   ] GC(702) Metaspace: 61555K(62464K)->61555K(62464K) NonClass: 53976K(54464K)->53976K(54464K) Class: 7579K(8000K)->7579K(8000K)
[89.268s][info][gc             ] GC(702) Pause Young (Normal) (G1 Evacuation Pause) 324M->151M(366M) 13.288ms
[89.268s][info][gc,cpu         ] GC(702) User=0.13s Sys=0.00s Real=0.02s
[89.334s][info][gc,start       ] GC(703) Pause Young (Normal) (G1 Evacuation Pause)
[89.334s][info][gc,task        ] GC(703) Using 8 workers of 33 for evacuation
[89.340s][info][gc,phases      ] GC(703)   Pre Evacuate Collection Set: 0.1ms
[89.340s][info][gc,phases      ] GC(703)   Merge Heap Roots: 0.1ms
[89.340s][info][gc,phases      ] GC(703)   Evacuate Collection Set: 5.2ms
[89.340s][info][gc,phases      ] GC(703)   Post Evacuate Collection Set: 0.8ms
[89.340s][info][gc,phases      ] GC(703)   Other: 0.2ms
[89.340s][info][gc,heap        ] GC(703) Eden regions: 178->0(206)
[89.340s][info][gc,heap        ] GC(703) Survivor regions: 13->13(24)
[89.340s][info][gc,heap        ] GC(703) Old regions: 128->128
[89.340s][info][gc,heap        ] GC(703) Archive regions: 0->0
[89.340s][info][gc,heap        ] GC(703) Humongous regions: 15->15
[89.340s][info][gc,metaspace   ] GC(703) Metaspace: 61555K(62464K)->61555K(62464K) NonClass: 53976K(54464K)->53976K(54464K) Class: 7579K(8000K)->7579K(8000K)
[89.341s][info][gc             ] GC(703) Pause Young (Normal) (G1 Evacuation Pause) 329M->151M(396M) 6.872ms
[89.341s][info][gc,cpu         ] GC(703) User=0.02s Sys=0.00s Real=0.02s
[89.420s][info][gc,start       ] GC(704) Pause Young (Normal) (G1 Evacuation Pause)
[89.420s][info][gc,task        ] GC(704) Using 9 workers of 33 for evacuation
[89.426s][info][gc,phases      ] GC(704)   Pre Evacuate Collection Set: 0.1ms
[89.426s][info][gc,phases      ] GC(704)   Merge Heap Roots: 0.1ms
[89.426s][info][gc,phases      ] GC(704)   Evacuate Collection Set: 4.9ms
[89.426s][info][gc,phases      ] GC(704)   Post Evacuate Collection Set: 0.4ms
[89.426s][info][gc,phases      ] GC(704)   Other: 0.1ms
[89.426s][info][gc,heap        ] GC(704) Eden regions: 206->0(206)
[89.426s][info][gc,heap        ] GC(704) Survivor regions: 13->13(28)
[89.426s][info][gc,heap        ] GC(704) Old regions: 128->128
[89.426s][info][gc,heap        ] GC(704) Archive regions: 0->0
[89.426s][info][gc,heap        ] GC(704) Humongous regions: 15->15
[89.426s][info][gc,metaspace   ] GC(704) Metaspace: 61555K(62464K)->61555K(62464K) NonClass: 53976K(54464K)->53976K(54464K) Class: 7579K(8000K)->7579K(8000K)
[89.426s][info][gc             ] GC(704) Pause Young (Normal) (G1 Evacuation Pause) 357M->151M(396M) 6.050ms
[89.426s][info][gc,cpu         ] GC(704) User=0.00s Sys=0.00s Real=0.00s
[89.493s][info][gc,start       ] GC(705) Pause Young (Normal) (G1 Evacuation Pause)
[89.493s][info][gc,task        ] GC(705) Using 9 workers of 33 for evacuation
[89.499s][info][gc,phases      ] GC(705)   Pre Evacuate Collection Set: 0.1ms
[89.499s][info][gc,phases      ] GC(705)   Merge Heap Roots: 0.1ms
[89.499s][info][gc,phases      ] GC(705)   Evacuate Collection Set: 4.9ms
[89.499s][info][gc,phases      ] GC(705)   Post Evacuate Collection Set: 0.4ms
[89.499s][info][gc,phases      ] GC(705)   Other: 0.1ms
[89.499s][info][gc,heap        ] GC(705) Eden regions: 206->0(206)
[89.499s][info][gc,heap        ] GC(705) Survivor regions: 13->13(28)
[89.499s][info][gc,heap        ] GC(705) Old regions: 128->128
[89.499s][info][gc,heap        ] GC(705) Archive regions: 0->0
[89.499s][info][gc,heap        ] GC(705) Humongous regions: 15->15
[89.499s][info][gc,metaspace   ] GC(705) Metaspace: 61555K(62464K)->61555K(62464K) NonClass: 53976K(54464K)->53976K(54464K) Class: 7579K(8000K)->7579K(8000K)
[89.499s][info][gc             ] GC(705) Pause Young (Normal) (G1 Evacuation Pause) 357M->151M(396M) 6.142ms
[89.499s][info][gc,cpu         ] GC(705) User=0.00s Sys=0.00s Real=0.00s
[89.595s][info][gc,start       ] GC(706) Pause Young (Normal) (G1 Evacuation Pause)
[89.619s][info][gc,task        ] GC(706) Using 9 workers of 33 for evacuation
[89.626s][info][gc,phases      ] GC(706)   Pre Evacuate Collection Set: 0.1ms
[89.627s][info][gc,phases      ] GC(706)   Merge Heap Roots: 0.1ms
[89.627s][info][gc,phases      ] GC(706)   Evacuate Collection Set: 6.3ms
[89.627s][info][gc,phases      ] GC(706)   Post Evacuate Collection Set: 0.6ms
[89.627s][info][gc,phases      ] GC(706)   Other: 0.2ms
[89.627s][info][gc,heap        ] GC(706) Eden regions: 206->0(208)
[89.627s][info][gc,heap        ] GC(706) Survivor regions: 13->12(28)
[89.627s][info][gc,heap        ] GC(706) Old regions: 128->128
[89.627s][info][gc,heap        ] GC(706) Archive regions: 0->0
[89.627s][info][gc,heap        ] GC(706) Humongous regions: 15->15
[89.627s][info][gc,metaspace   ] GC(706) Metaspace: 61555K(62464K)->61555K(62464K) NonClass: 53976K(54464K)->53976K(54464K) Class: 7579K(8000K)->7579K(8000K)
[89.627s][info][gc             ] GC(706) Pause Young (Normal) (G1 Evacuation Pause) 357M->150M(396M) 32.138ms
[89.627s][info][gc,cpu         ] GC(706) User=0.00s Sys=0.00s Real=0.03s
[89.768s][info][gc,start       ] GC(707) Pause Young (Normal) (G1 Evacuation Pause)
[89.768s][info][gc,task        ] GC(707) Using 9 workers of 33 for evacuation
[89.774s][info][gc,phases      ] GC(707)   Pre Evacuate Collection Set: 0.1ms
[89.774s][info][gc,phases      ] GC(707)   Merge Heap Roots: 0.1ms
[89.774s][info][gc,phases      ] GC(707)   Evacuate Collection Set: 5.2ms
[89.774s][info][gc,phases      ] GC(707)   Post Evacuate Collection Set: 0.4ms
[89.774s][info][gc,phases      ] GC(707)   Other: 0.2ms
[89.774s][info][gc,heap        ] GC(707) Eden regions: 208->0(206)
[89.774s][info][gc,heap        ] GC(707) Survivor regions: 12->13(28)
[89.774s][info][gc,heap        ] GC(707) Old regions: 128->128
[89.774s][info][gc,heap        ] GC(707) Archive regions: 0->0
[89.774s][info][gc,heap        ] GC(707) Humongous regions: 15->15
[89.774s][info][gc,metaspace   ] GC(707) Metaspace: 61555K(62464K)->61555K(62464K) NonClass: 53976K(54464K)->53976K(54464K) Class: 7579K(8000K)->7579K(8000K)
[89.775s][info][gc             ] GC(707) Pause Young (Normal) (G1 Evacuation Pause) 358M->151M(396M) 6.487ms
[89.775s][info][gc,cpu         ] GC(707) User=0.14s Sys=0.00s Real=0.02s
[89.922s][info][gc,start       ] GC(708) Pause Young (Normal) (G1 Evacuation Pause)
[89.923s][info][gc,task        ] GC(708) Using 9 workers of 33 for evacuation
[89.929s][info][gc,phases      ] GC(708)   Pre Evacuate Collection Set: 0.1ms
[89.929s][info][gc,phases      ] GC(708)   Merge Heap Roots: 0.1ms
[89.929s][info][gc,phases      ] GC(708)   Evacuate Collection Set: 5.2ms
[89.929s][info][gc,phases      ] GC(708)   Post Evacuate Collection Set: 0.4ms
[89.929s][info][gc,phases      ] GC(708)   Other: 0.2ms
[89.929s][info][gc,heap        ] GC(708) Eden regions: 206->0(206)
[89.929s][info][gc,heap        ] GC(708) Survivor regions: 13->13(28)
[89.929s][info][gc,heap        ] GC(708) Old regions: 128->128
[89.929s][info][gc,heap        ] GC(708) Archive regions: 0->0
[89.929s][info][gc,heap        ] GC(708) Humongous regions: 15->15
[89.929s][info][gc,metaspace   ] GC(708) Metaspace: 61555K(62464K)->61555K(62464K) NonClass: 53976K(54464K)->53976K(54464K) Class: 7579K(8000K)->7579K(8000K)
[89.929s][info][gc             ] GC(708) Pause Young (Normal) (G1 Evacuation Pause) 357M->151M(396M) 6.505ms
[89.929s][info][gc,cpu         ] GC(708) User=0.14s Sys=0.00s Real=0.02s
[90.074s][info][gc,start       ] GC(709) Pause Young (Normal) (G1 Evacuation Pause)
[90.074s][info][gc,task        ] GC(709) Using 9 workers of 33 for evacuation
[90.080s][info][gc,phases      ] GC(709)   Pre Evacuate Collection Set: 0.1ms
[90.080s][info][gc,phases      ] GC(709)   Merge Heap Roots: 0.1ms
[90.080s][info][gc,phases      ] GC(709)   Evacuate Collection Set: 5.2ms
[90.080s][info][gc,phases      ] GC(709)   Post Evacuate Collection Set: 0.4ms
[90.080s][info][gc,phases      ] GC(709)   Other: 0.1ms
[90.080s][info][gc,heap        ] GC(709) Eden regions: 206->0(206)
[90.080s][info][gc,heap        ] GC(709) Survivor regions: 13->13(28)
[90.080s][info][gc,heap        ] GC(709) Old regions: 128->128
[90.080s][info][gc,heap        ] GC(709) Archive regions: 0->0
[90.080s][info][gc,heap        ] GC(709) Humongous regions: 15->15
[90.080s][info][gc,metaspace   ] GC(709) Metaspace: 61555K(62464K)->61555K(62464K) NonClass: 53976K(54464K)->53976K(54464K) Class: 7579K(8000K)->7579K(8000K)
[90.080s][info][gc             ] GC(709) Pause Young (Normal) (G1 Evacuation Pause) 357M->151M(396M) 6.399ms
[90.080s][info][gc,cpu         ] GC(709) User=0.00s Sys=0.00s Real=0.00s
[90.209s][info][gc,start       ] GC(710) Pause Young (Normal) (G1 Evacuation Pause)
[90.209s][info][gc,task        ] GC(710) Using 9 workers of 33 for evacuation
[90.217s][info][gc,phases      ] GC(710)   Pre Evacuate Collection Set: 0.1ms
[90.217s][info][gc,phases      ] GC(710)   Merge Heap Roots: 0.1ms
[90.217s][info][gc,phases      ] GC(710)   Evacuate Collection Set: 6.7ms
[90.217s][info][gc,phases      ] GC(710)   Post Evacuate Collection Set: 0.4ms
[90.217s][info][gc,phases      ] GC(710)   Other: 0.1ms
[90.217s][info][gc,heap        ] GC(710) Eden regions: 206->0(206)
[90.217s][info][gc,heap        ] GC(710) Survivor regions: 13->13(28)
[90.217s][info][gc,heap        ] GC(710) Old regions: 128->128
[90.217s][info][gc,heap        ] GC(710) Archive regions: 0->0
[90.217s][info][gc,heap        ] GC(710) Humongous regions: 15->15
[90.217s][info][gc,metaspace   ] GC(710) Metaspace: 61555K(62464K)->61555K(62464K) NonClass: 53976K(54464K)->53976K(54464K) Class: 7579K(8000K)->7579K(8000K)
[90.217s][info][gc             ] GC(710) Pause Young (Normal) (G1 Evacuation Pause) 357M->151M(396M) 7.840ms
[90.217s][info][gc,cpu         ] GC(710) User=0.00s Sys=0.00s Real=0.00s
[90.279s][info][gc,start       ] GC(711) Pause Full (System.gc())
[90.279s][info][gc,task        ] GC(711) Using 9 workers of 33 for full compaction
[90.279s][info][gc,phases,start] GC(711) Phase 1: Mark live objects
[90.310s][info][gc,phases      ] GC(711) Phase 1: Mark live objects 30.587ms
[90.310s][info][gc,phases,start] GC(711) Phase 2: Prepare compaction
[90.314s][info][gc,phases      ] GC(711) Phase 2: Prepare compaction 4.463ms
[90.315s][info][gc,phases,start] GC(711) Phase 3: Adjust pointers
[90.322s][info][gc,phases      ] GC(711) Phase 3: Adjust pointers 7.802ms
[90.322s][info][gc,phases,start] GC(711) Phase 4: Compact heap
[90.323s][info][gc,phases      ] GC(711) Phase 4: Compact heap 0.438ms
[90.333s][info][gc,heap        ] GC(711) Eden regions: 63->0(216)
[90.333s][info][gc,heap        ] GC(711) Survivor regions: 13->0(28)
[90.333s][info][gc,heap        ] GC(711) Old regions: 128->99
[90.333s][info][gc,heap        ] GC(711) Archive regions: 0->0
[90.333s][info][gc,heap        ] GC(711) Humongous regions: 20->9
[90.333s][info][gc,metaspace   ] GC(711) Metaspace: 61568K(62464K)->61568K(62464K) NonClass: 53989K(54464K)->53989K(54464K) Class: 7579K(8000K)->7579K(8000K)
[90.333s][info][gc             ] GC(711) Pause Full (System.gc()) 218M->102M(360M) 54.633ms
[90.334s][info][gc,cpu         ] GC(711) User=0.44s Sys=0.00s Real=0.06s
[90.469s][info][gc,start       ] GC(712) Pause Young (Normal) (G1 Evacuation Pause)
[90.469s][info][gc,task        ] GC(712) Using 8 workers of 33 for evacuation
[90.474s][info][gc,phases      ] GC(712)   Pre Evacuate Collection Set: 0.2ms
[90.474s][info][gc,phases      ] GC(712)   Merge Heap Roots: 0.1ms
[90.474s][info][gc,phases      ] GC(712)   Evacuate Collection Set: 4.3ms
[90.474s][info][gc,phases      ] GC(712)   Post Evacuate Collection Set: 0.7ms
[90.474s][info][gc,phases      ] GC(712)   Other: 0.2ms
[90.474s][info][gc,heap        ] GC(712) Eden regions: 216->0(208)
[90.474s][info][gc,heap        ] GC(712) Survivor regions: 0->8(27)
[90.474s][info][gc,heap        ] GC(712) Old regions: 99->99
[90.474s][info][gc,heap        ] GC(712) Archive regions: 0->0
[90.474s][info][gc,heap        ] GC(712) Humongous regions: 19->9
[90.474s][info][gc,metaspace   ] GC(712) Metaspace: 61612K(62528K)->61612K(62528K) NonClass: 54032K(54528K)->54032K(54528K) Class: 7579K(8000K)->7579K(8000K)
[90.475s][info][gc             ] GC(712) Pause Young (Normal) (G1 Evacuation Pause) 328M->110M(360M) 5.957ms
[90.475s][info][gc,cpu         ] GC(712) User=0.13s Sys=0.00s Real=0.02s
[90.541s][info][gc,start       ] GC(713) Pause Young (Normal) (G1 Evacuation Pause)
[90.541s][info][gc,task        ] GC(713) Using 8 workers of 33 for evacuation
[90.551s][info][gc,phases      ] GC(713)   Pre Evacuate Collection Set: 0.1ms
[90.551s][info][gc,phases      ] GC(713)   Merge Heap Roots: 0.1ms
[90.551s][info][gc,phases      ] GC(713)   Evacuate Collection Set: 8.9ms
[90.551s][info][gc,phases      ] GC(713)   Post Evacuate Collection Set: 0.8ms
[90.552s][info][gc,phases      ] GC(713)   Other: 0.2ms
[90.552s][info][gc,heap        ] GC(713) Eden regions: 208->0(201)
[90.552s][info][gc,heap        ] GC(713) Survivor regions: 8->15(27)
[90.552s][info][gc,heap        ] GC(713) Old regions: 99->99
[90.552s][info][gc,heap        ] GC(713) Archive regions: 0->0
[90.552s][info][gc,heap        ] GC(713) Humongous regions: 12->12
[90.552s][info][gc,metaspace   ] GC(713) Metaspace: 61612K(62528K)->61612K(62528K) NonClass: 54032K(54528K)->54032K(54528K) Class: 7579K(8000K)->7579K(8000K)
[90.552s][info][gc             ] GC(713) Pause Young (Normal) (G1 Evacuation Pause) 321M->120M(360M) 10.508ms
[90.552s][info][gc,cpu         ] GC(713) User=0.02s Sys=0.00s Real=0.02s
[90.614s][info][gc,start       ] GC(714) Pause Young (Normal) (G1 Evacuation Pause)
[90.614s][info][gc,task        ] GC(714) Using 8 workers of 33 for evacuation
[90.631s][info][gc,phases      ] GC(714)   Pre Evacuate Collection Set: 0.1ms
[90.631s][info][gc,phases      ] GC(714)   Merge Heap Roots: 0.1ms
[90.631s][info][gc,phases      ] GC(714)   Evacuate Collection Set: 14.8ms
[90.631s][info][gc,phases      ] GC(714)   Post Evacuate Collection Set: 1.1ms
[90.631s][info][gc,phases      ] GC(714)   Other: 0.2ms
[90.631s][info][gc,heap        ] GC(714) Eden regions: 201->0(211)
[90.631s][info][gc,heap        ] GC(714) Survivor regions: 15->23(27)
[90.631s][info][gc,heap        ] GC(714) Old regions: 99->99
[90.631s][info][gc,heap        ] GC(714) Archive regions: 0->0
[90.631s][info][gc,heap        ] GC(714) Humongous regions: 12->12
[90.631s][info][gc,metaspace   ] GC(714) Metaspace: 61612K(62528K)->61612K(62528K) NonClass: 54032K(54528K)->54032K(54528K) Class: 7579K(8000K)->7579K(8000K)
[90.631s][info][gc             ] GC(714) Pause Young (Normal) (G1 Evacuation Pause) 321M->128M(391M) 16.775ms
[90.631s][info][gc,cpu         ] GC(714) User=0.13s Sys=0.00s Real=0.02s
[90.710s][info][gc,start       ] GC(715) Pause Young (Normal) (G1 Evacuation Pause)
[90.710s][info][gc,task        ] GC(715) Using 9 workers of 33 for evacuation
[90.725s][info][gc,phases      ] GC(715)   Pre Evacuate Collection Set: 0.1ms
[90.725s][info][gc,phases      ] GC(715)   Merge Heap Roots: 0.1ms
[90.725s][info][gc,phases      ] GC(715)   Evacuate Collection Set: 14.5ms
[90.725s][info][gc,phases      ] GC(715)   Post Evacuate Collection Set: 0.4ms
[90.726s][info][gc,phases      ] GC(715)   Other: 0.2ms
[90.726s][info][gc,heap        ] GC(715) Eden regions: 211->0(206)
[90.726s][info][gc,heap        ] GC(715) Survivor regions: 23->18(30)
[90.726s][info][gc,heap        ] GC(715) Old regions: 99->113
[90.726s][info][gc,heap        ] GC(715) Archive regions: 0->0
[90.726s][info][gc,heap        ] GC(715) Humongous regions: 15->15
[90.726s][info][gc,metaspace   ] GC(715) Metaspace: 61612K(62528K)->61612K(62528K) NonClass: 54032K(54528K)->54032K(54528K) Class: 7579K(8000K)->7579K(8000K)
[90.726s][info][gc             ] GC(715) Pause Young (Normal) (G1 Evacuation Pause) 342M->140M(391M) 15.760ms
[90.726s][info][gc,cpu         ] GC(715) User=0.14s Sys=0.00s Real=0.02s
[90.790s][info][gc,start       ] GC(716) Pause Young (Normal) (G1 Evacuation Pause)
[90.790s][info][gc,task        ] GC(716) Using 9 workers of 33 for evacuation
[90.804s][info][gc,phases      ] GC(716)   Pre Evacuate Collection Set: 0.1ms
[90.804s][info][gc,phases      ] GC(716)   Merge Heap Roots: 0.1ms
[90.805s][info][gc,phases      ] GC(716)   Evacuate Collection Set: 13.3ms
[90.805s][info][gc,phases      ] GC(716)   Post Evacuate Collection Set: 0.4ms
[90.805s][info][gc,phases      ] GC(716)   Other: 0.2ms
[90.805s][info][gc,heap        ] GC(716) Eden regions: 206->0(197)
[90.805s][info][gc,heap        ] GC(716) Survivor regions: 18->18(28)
[90.805s][info][gc,heap        ] GC(716) Old regions: 113->122
[90.805s][info][gc,heap        ] GC(716) Archive regions: 0->0
[90.805s][info][gc,heap        ] GC(716) Humongous regions: 15->15
[90.805s][info][gc,metaspace   ] GC(716) Metaspace: 61612K(62528K)->61612K(62528K) NonClass: 54032K(54528K)->54032K(54528K) Class: 7579K(8000K)->7579K(8000K)
[90.805s][info][gc             ] GC(716) Pause Young (Normal) (G1 Evacuation Pause) 346M->149M(391M) 14.589ms
[90.805s][info][gc,cpu         ] GC(716) User=0.14s Sys=0.00s Real=0.02s
[90.873s][info][gc,start       ] GC(717) Pause Young (Normal) (G1 Evacuation Pause)
[90.873s][info][gc,task        ] GC(717) Using 9 workers of 33 for evacuation
[90.883s][info][gc,phases      ] GC(717)   Pre Evacuate Collection Set: 0.1ms
[90.883s][info][gc,phases      ] GC(717)   Merge Heap Roots: 0.1ms
[90.883s][info][gc,phases      ] GC(717)   Evacuate Collection Set: 8.3ms
[90.883s][info][gc,phases      ] GC(717)   Post Evacuate Collection Set: 0.4ms
[90.883s][info][gc,phases      ] GC(717)   Other: 0.2ms
[90.883s][info][gc,heap        ] GC(717) Eden regions: 197->0(200)
[90.883s][info][gc,heap        ] GC(717) Survivor regions: 18->12(27)
[90.883s][info][gc,heap        ] GC(717) Old regions: 122->131
[90.883s][info][gc,heap        ] GC(717) Archive regions: 0->0
[90.883s][info][gc,heap        ] GC(717) Humongous regions: 15->15
[90.883s][info][gc,metaspace   ] GC(717) Metaspace: 61617K(62528K)->61617K(62528K) NonClass: 54037K(54528K)->54037K(54528K) Class: 7579K(8000K)->7579K(8000K)
[90.883s][info][gc             ] GC(717) Pause Young (Normal) (G1 Evacuation Pause) 346M->151M(391M) 9.641ms
[90.883s][info][gc,cpu         ] GC(717) User=0.00s Sys=0.00s Real=0.00s
[90.950s][info][gc,start       ] GC(718) Pause Young (Normal) (G1 Evacuation Pause)
[90.951s][info][gc,task        ] GC(718) Using 9 workers of 33 for evacuation
[90.957s][info][gc,phases      ] GC(718)   Pre Evacuate Collection Set: 0.1ms
[90.957s][info][gc,phases      ] GC(718)   Merge Heap Roots: 0.1ms
[90.957s][info][gc,phases      ] GC(718)   Evacuate Collection Set: 4.6ms
[90.957s][info][gc,phases      ] GC(718)   Post Evacuate Collection Set: 0.8ms
[90.957s][info][gc,phases      ] GC(718)   Other: 0.2ms
[90.957s][info][gc,heap        ] GC(718) Eden regions: 200->0(224)
[90.957s][info][gc,heap        ] GC(718) Survivor regions: 12->12(27)
[90.957s][info][gc,heap        ] GC(718) Old regions: 131->131
[90.957s][info][gc,heap        ] GC(718) Archive regions: 0->0
[90.957s][info][gc,heap        ] GC(718) Humongous regions: 15->15
[90.957s][info][gc,metaspace   ] GC(718) Metaspace: 61617K(62528K)->61617K(62528K) NonClass: 54037K(54528K)->54037K(54528K) Class: 7579K(8000K)->7579K(8000K)
[90.957s][info][gc             ] GC(718) Pause Young (Normal) (G1 Evacuation Pause) 351M->152M(416M) 7.303ms
[90.957s][info][gc,cpu         ] GC(718) User=0.00s Sys=0.00s Real=0.00s
[91.037s][info][gc,start       ] GC(719) Pause Young (Normal) (G1 Evacuation Pause)
[91.037s][info][gc,task        ] GC(719) Using 10 workers of 33 for evacuation
[91.042s][info][gc,phases      ] GC(719)   Pre Evacuate Collection Set: 0.1ms
[91.042s][info][gc,phases      ] GC(719)   Merge Heap Roots: 0.1ms
[91.042s][info][gc,phases      ] GC(719)   Evacuate Collection Set: 3.6ms
[91.042s][info][gc,phases      ] GC(719)   Post Evacuate Collection Set: 0.4ms
[91.042s][info][gc,phases      ] GC(719)   Other: 0.2ms
[91.042s][info][gc,heap        ] GC(719) Eden regions: 224->0(224)
[91.042s][info][gc,heap        ] GC(719) Survivor regions: 12->12(30)
[91.042s][info][gc,heap        ] GC(719) Old regions: 131->131
[91.042s][info][gc,heap        ] GC(719) Archive regions: 0->0
[91.042s][info][gc,heap        ] GC(719) Humongous regions: 15->15
[91.042s][info][gc,metaspace   ] GC(719) Metaspace: 61617K(62528K)->61617K(62528K) NonClass: 54037K(54528K)->54037K(54528K) Class: 7579K(8000K)->7579K(8000K)
[91.042s][info][gc             ] GC(719) Pause Young (Normal) (G1 Evacuation Pause) 376M->151M(416M) 4.864ms
[91.042s][info][gc,cpu         ] GC(719) User=0.00s Sys=0.02s Real=0.02s
[91.116s][info][gc,start       ] GC(720) Pause Young (Normal) (G1 Evacuation Pause)
[91.116s][info][gc,task        ] GC(720) Using 10 workers of 33 for evacuation
[91.123s][info][gc,phases      ] GC(720)   Pre Evacuate Collection Set: 0.1ms
[91.123s][info][gc,phases      ] GC(720)   Merge Heap Roots: 0.1ms
[91.123s][info][gc,phases      ] GC(720)   Evacuate Collection Set: 3.6ms
[91.123s][info][gc,phases      ] GC(720)   Post Evacuate Collection Set: 0.5ms
[91.123s][info][gc,phases      ] GC(720)   Other: 2.1ms
[91.123s][info][gc,heap        ] GC(720) Eden regions: 224->0(224)
[91.123s][info][gc,heap        ] GC(720) Survivor regions: 12->12(30)
[91.123s][info][gc,heap        ] GC(720) Old regions: 131->131
[91.123s][info][gc,heap        ] GC(720) Archive regions: 0->0
[91.123s][info][gc,heap        ] GC(720) Humongous regions: 15->15
[91.123s][info][gc,metaspace   ] GC(720) Metaspace: 61617K(62528K)->61617K(62528K) NonClass: 54037K(54528K)->54037K(54528K) Class: 7579K(8000K)->7579K(8000K)
[91.123s][info][gc             ] GC(720) Pause Young (Normal) (G1 Evacuation Pause) 375M->151M(416M) 6.961ms
[91.123s][info][gc,cpu         ] GC(720) User=0.16s Sys=0.00s Real=0.02s
[91.267s][info][gc,start       ] GC(721) Pause Young (Normal) (G1 Evacuation Pause)
[91.267s][info][gc,task        ] GC(721) Using 10 workers of 33 for evacuation
[91.273s][info][gc,phases      ] GC(721)   Pre Evacuate Collection Set: 0.1ms
[91.273s][info][gc,phases      ] GC(721)   Merge Heap Roots: 0.1ms
[91.273s][info][gc,phases      ] GC(721)   Evacuate Collection Set: 5.1ms
[91.273s][info][gc,phases      ] GC(721)   Post Evacuate Collection Set: 0.6ms
[91.273s][info][gc,phases      ] GC(721)   Other: 0.2ms
[91.273s][info][gc,heap        ] GC(721) Eden regions: 224->0(224)
[91.273s][info][gc,heap        ] GC(721) Survivor regions: 12->12(30)
[91.273s][info][gc,heap        ] GC(721) Old regions: 131->131
[91.274s][info][gc,heap        ] GC(721) Archive regions: 0->0
[91.274s][info][gc,heap        ] GC(721) Humongous regions: 15->15
[91.274s][info][gc,metaspace   ] GC(721) Metaspace: 61625K(62528K)->61625K(62528K) NonClass: 54045K(54528K)->54045K(54528K) Class: 7579K(8000K)->7579K(8000K)
[91.274s][info][gc             ] GC(721) Pause Young (Normal) (G1 Evacuation Pause) 375M->151M(416M) 6.568ms
[91.274s][info][gc,cpu         ] GC(721) User=0.16s Sys=0.00s Real=0.02s
[91.429s][info][gc,start       ] GC(722) Pause Young (Normal) (G1 Evacuation Pause)
[91.429s][info][gc,task        ] GC(722) Using 10 workers of 33 for evacuation
[91.435s][info][gc,phases      ] GC(722)   Pre Evacuate Collection Set: 0.1ms
[91.435s][info][gc,phases      ] GC(722)   Merge Heap Roots: 0.1ms
[91.435s][info][gc,phases      ] GC(722)   Evacuate Collection Set: 5.0ms
[91.435s][info][gc,phases      ] GC(722)   Post Evacuate Collection Set: 0.4ms
[91.435s][info][gc,phases      ] GC(722)   Other: 0.2ms
[91.435s][info][gc,heap        ] GC(722) Eden regions: 224->0(224)
[91.435s][info][gc,heap        ] GC(722) Survivor regions: 12->12(30)
[91.435s][info][gc,heap        ] GC(722) Old regions: 131->131
[91.435s][info][gc,heap        ] GC(722) Archive regions: 0->0
[91.435s][info][gc,heap        ] GC(722) Humongous regions: 15->15
[91.435s][info][gc,metaspace   ] GC(722) Metaspace: 61625K(62528K)->61625K(62528K) NonClass: 54045K(54528K)->54045K(54528K) Class: 7579K(8000K)->7579K(8000K)
[91.435s][info][gc             ] GC(722) Pause Young (Normal) (G1 Evacuation Pause) 375M->152M(416M) 6.358ms
[91.435s][info][gc,cpu         ] GC(722) User=0.00s Sys=0.00s Real=0.00s
[91.577s][info][gc,start       ] GC(723) Pause Young (Normal) (G1 Evacuation Pause)
[91.577s][info][gc,task        ] GC(723) Using 10 workers of 33 for evacuation
[91.583s][info][gc,phases      ] GC(723)   Pre Evacuate Collection Set: 0.1ms
[91.583s][info][gc,phases      ] GC(723)   Merge Heap Roots: 0.1ms
[91.583s][info][gc,phases      ] GC(723)   Evacuate Collection Set: 5.1ms
[91.583s][info][gc,phases      ] GC(723)   Post Evacuate Collection Set: 0.4ms
[91.583s][info][gc,phases      ] GC(723)   Other: 0.2ms
[91.583s][info][gc,heap        ] GC(723) Eden regions: 224->0(224)
[91.583s][info][gc,heap        ] GC(723) Survivor regions: 12->12(30)
[91.583s][info][gc,heap        ] GC(723) Old regions: 131->131
[91.583s][info][gc,heap        ] GC(723) Archive regions: 0->0
[91.583s][info][gc,heap        ] GC(723) Humongous regions: 15->15
[91.583s][info][gc,metaspace   ] GC(723) Metaspace: 61625K(62528K)->61625K(62528K) NonClass: 54045K(54528K)->54045K(54528K) Class: 7579K(8000K)->7579K(8000K)
[91.583s][info][gc             ] GC(723) Pause Young (Normal) (G1 Evacuation Pause) 376M->152M(416M) 6.370ms
[91.583s][info][gc,cpu         ] GC(723) User=0.16s Sys=0.00s Real=0.01s
[91.725s][info][gc,start       ] GC(724) Pause Young (Normal) (G1 Evacuation Pause)
[91.725s][info][gc,task        ] GC(724) Using 10 workers of 33 for evacuation
[91.731s][info][gc,phases      ] GC(724)   Pre Evacuate Collection Set: 0.1ms
[91.731s][info][gc,phases      ] GC(724)   Merge Heap Roots: 0.1ms
[91.731s][info][gc,phases      ] GC(724)   Evacuate Collection Set: 5.0ms
[91.731s][info][gc,phases      ] GC(724)   Post Evacuate Collection Set: 0.4ms
[91.731s][info][gc,phases      ] GC(724)   Other: 0.1ms
[91.731s][info][gc,heap        ] GC(724) Eden regions: 224->0(224)
[91.731s][info][gc,heap        ] GC(724) Survivor regions: 12->12(30)
[91.731s][info][gc,heap        ] GC(724) Old regions: 131->131
[91.731s][info][gc,heap        ] GC(724) Archive regions: 0->0
[91.731s][info][gc,heap        ] GC(724) Humongous regions: 15->15
[91.731s][info][gc,metaspace   ] GC(724) Metaspace: 61625K(62528K)->61625K(62528K) NonClass: 54045K(54528K)->54045K(54528K) Class: 7579K(8000K)->7579K(8000K)
[91.732s][info][gc             ] GC(724) Pause Young (Normal) (G1 Evacuation Pause) 376M->151M(416M) 6.295ms
[91.732s][info][gc,cpu         ] GC(724) User=0.00s Sys=0.00s Real=0.00s
[91.801s][info][gc,start       ] GC(725) Pause Full (System.gc())
[91.801s][info][gc,task        ] GC(725) Using 10 workers of 33 for full compaction
[91.802s][info][gc,phases,start] GC(725) Phase 1: Mark live objects
[91.832s][info][gc,phases      ] GC(725) Phase 1: Mark live objects 30.302ms
[91.832s][info][gc,phases,start] GC(725) Phase 2: Prepare compaction
[91.836s][info][gc,phases      ] GC(725) Phase 2: Prepare compaction 3.782ms
[91.836s][info][gc,phases,start] GC(725) Phase 3: Adjust pointers
[91.845s][info][gc,phases      ] GC(725) Phase 3: Adjust pointers 9.394ms
[91.845s][info][gc,phases,start] GC(725) Phase 4: Compact heap
[91.846s][info][gc,phases      ] GC(725) Phase 4: Compact heap 0.442ms
[91.857s][info][gc,heap        ] GC(725) Eden regions: 76->0(218)
[91.857s][info][gc,heap        ] GC(725) Survivor regions: 12->0(30)
[91.857s][info][gc,heap        ] GC(725) Old regions: 131->100
[91.857s][info][gc,heap        ] GC(725) Archive regions: 0->0
[91.857s][info][gc,heap        ] GC(725) Humongous regions: 20->9
[91.858s][info][gc,metaspace   ] GC(725) Metaspace: 61632K(62528K)->61632K(62528K) NonClass: 54053K(54528K)->54053K(54528K) Class: 7579K(8000K)->7579K(8000K)
[91.858s][info][gc             ] GC(725) Pause Full (System.gc()) 232M->102M(364M) 56.656ms
[91.858s][info][gc,cpu         ] GC(725) User=0.48s Sys=0.00s Real=0.05s
[91.996s][info][gc,start       ] GC(726) Pause Young (Normal) (G1 Evacuation Pause)
[91.996s][info][gc,task        ] GC(726) Using 9 workers of 33 for evacuation
[92.001s][info][gc,phases      ] GC(726)   Pre Evacuate Collection Set: 0.2ms
[92.001s][info][gc,phases      ] GC(726)   Merge Heap Roots: 0.1ms
[92.001s][info][gc,phases      ] GC(726)   Evacuate Collection Set: 3.4ms
[92.001s][info][gc,phases      ] GC(726)   Post Evacuate Collection Set: 0.5ms
[92.001s][info][gc,phases      ] GC(726)   Other: 0.1ms
[92.001s][info][gc,heap        ] GC(726) Eden regions: 218->0(210)
[92.001s][info][gc,heap        ] GC(726) Survivor regions: 0->8(28)
[92.001s][info][gc,heap        ] GC(726) Old regions: 100->100
[92.001s][info][gc,heap        ] GC(726) Archive regions: 0->0
[92.001s][info][gc,heap        ] GC(726) Humongous regions: 19->9
[92.001s][info][gc,metaspace   ] GC(726) Metaspace: 61663K(62528K)->61663K(62528K) NonClass: 54083K(54528K)->54083K(54528K) Class: 7579K(8000K)->7579K(8000K)
[92.001s][info][gc             ] GC(726) Pause Young (Normal) (G1 Evacuation Pause) 330M->110M(364M) 4.577ms
[92.001s][info][gc,cpu         ] GC(726) User=0.00s Sys=0.00s Real=0.00s
[92.076s][info][gc,start       ] GC(727) Pause Young (Normal) (G1 Evacuation Pause)
[92.076s][info][gc,task        ] GC(727) Using 8 workers of 33 for evacuation
[92.088s][info][gc,phases      ] GC(727)   Pre Evacuate Collection Set: 0.1ms
[92.088s][info][gc,phases      ] GC(727)   Merge Heap Roots: 0.1ms
[92.088s][info][gc,phases      ] GC(727)   Evacuate Collection Set: 10.6ms
[92.088s][info][gc,phases      ] GC(727)   Post Evacuate Collection Set: 0.7ms
[92.088s][info][gc,phases      ] GC(727)   Other: 0.2ms
[92.088s][info][gc,heap        ] GC(727) Eden regions: 210->0(204)
[92.088s][info][gc,heap        ] GC(727) Survivor regions: 8->14(28)
[92.088s][info][gc,heap        ] GC(727) Old regions: 100->100
[92.088s][info][gc,heap        ] GC(727) Archive regions: 0->0
[92.088s][info][gc,heap        ] GC(727) Humongous regions: 12->12
[92.088s][info][gc,metaspace   ] GC(727) Metaspace: 61663K(62528K)->61663K(62528K) NonClass: 54083K(54528K)->54083K(54528K) Class: 7579K(8000K)->7579K(8000K)
[92.089s][info][gc             ] GC(727) Pause Young (Normal) (G1 Evacuation Pause) 323M->119M(364M) 12.261ms
[92.089s][info][gc,cpu         ] GC(727) User=0.13s Sys=0.00s Real=0.01s
[92.158s][info][gc,start       ] GC(728) Pause Young (Normal) (G1 Evacuation Pause)
[92.158s][info][gc,task        ] GC(728) Using 8 workers of 33 for evacuation
[92.171s][info][gc,phases      ] GC(728)   Pre Evacuate Collection Set: 0.1ms
[92.171s][info][gc,phases      ] GC(728)   Merge Heap Roots: 0.1ms
[92.171s][info][gc,phases      ] GC(728)   Evacuate Collection Set: 11.3ms
[92.171s][info][gc,phases      ] GC(728)   Post Evacuate Collection Set: 0.7ms
[92.171s][info][gc,phases      ] GC(728)   Other: 0.2ms
[92.171s][info][gc,heap        ] GC(728) Eden regions: 204->0(185)
[92.171s][info][gc,heap        ] GC(728) Survivor regions: 14->24(28)
[92.171s][info][gc,heap        ] GC(728) Old regions: 100->100
[92.171s][info][gc,heap        ] GC(728) Archive regions: 0->0
[92.171s][info][gc,heap        ] GC(728) Humongous regions: 12->12
[92.171s][info][gc,metaspace   ] GC(728) Metaspace: 61663K(62528K)->61663K(62528K) NonClass: 54083K(54528K)->54083K(54528K) Class: 7579K(8000K)->7579K(8000K)
[92.171s][info][gc             ] GC(728) Pause Young (Normal) (G1 Evacuation Pause) 323M->129M(364M) 12.954ms
[92.171s][info][gc,cpu         ] GC(728) User=0.13s Sys=0.00s Real=0.02s
[92.229s][info][gc,start       ] GC(729) Pause Young (Normal) (G1 Evacuation Pause)
[92.229s][info][gc,task        ] GC(729) Using 8 workers of 33 for evacuation
[92.245s][info][gc,phases      ] GC(729)   Pre Evacuate Collection Set: 0.1ms
[92.245s][info][gc,phases      ] GC(729)   Merge Heap Roots: 0.1ms
[92.245s][info][gc,phases      ] GC(729)   Evacuate Collection Set: 14.8ms
[92.245s][info][gc,phases      ] GC(729)   Post Evacuate Collection Set: 0.4ms
[92.245s][info][gc,phases      ] GC(729)   Other: 0.2ms
[92.245s][info][gc,heap        ] GC(729) Eden regions: 185->0(181)
[92.245s][info][gc,heap        ] GC(729) Survivor regions: 24->18(27)
[92.245s][info][gc,heap        ] GC(729) Old regions: 100->113
[92.245s][info][gc,heap        ] GC(729) Archive regions: 0->0
[92.245s][info][gc,heap        ] GC(729) Humongous regions: 15->15
[92.245s][info][gc,metaspace   ] GC(729) Metaspace: 61663K(62528K)->61663K(62528K) NonClass: 54083K(54528K)->54083K(54528K) Class: 7579K(8000K)->7579K(8000K)
[92.245s][info][gc             ] GC(729) Pause Young (Normal) (G1 Evacuation Pause) 317M->139M(364M) 16.142ms
[92.246s][info][gc,cpu         ] GC(729) User=0.13s Sys=0.00s Real=0.02s
[92.303s][info][gc,start       ] GC(730) Pause Young (Normal) (G1 Evacuation Pause)
[92.312s][info][gc,task        ] GC(730) Using 8 workers of 33 for evacuation
[92.329s][info][gc,phases      ] GC(730)   Pre Evacuate Collection Set: 0.1ms
[92.329s][info][gc,phases      ] GC(730)   Merge Heap Roots: 0.1ms
[92.329s][info][gc,phases      ] GC(730)   Evacuate Collection Set: 15.4ms
[92.329s][info][gc,phases      ] GC(730)   Post Evacuate Collection Set: 0.9ms
[92.329s][info][gc,phases      ] GC(730)   Other: 0.2ms
[92.329s][info][gc,heap        ] GC(730) Eden regions: 181->0(211)
[92.329s][info][gc,heap        ] GC(730) Survivor regions: 18->16(25)
[92.329s][info][gc,heap        ] GC(730) Old regions: 113->123
[92.329s][info][gc,heap        ] GC(730) Archive regions: 0->0
[92.329s][info][gc,heap        ] GC(730) Humongous regions: 15->15
[92.329s][info][gc,metaspace   ] GC(730) Metaspace: 61663K(62528K)->61663K(62528K) NonClass: 54083K(54528K)->54083K(54528K) Class: 7579K(8000K)->7579K(8000K)
[92.329s][info][gc             ] GC(730) Pause Young (Normal) (G1 Evacuation Pause) 320M->146M(402M) 26.384ms
[92.329s][info][gc,cpu         ] GC(730) User=0.13s Sys=0.00s Real=0.02s
[92.413s][info][gc,start       ] GC(731) Pause Young (Normal) (G1 Evacuation Pause)
[92.413s][info][gc,task        ] GC(731) Using 9 workers of 33 for evacuation
[92.422s][info][gc,phases      ] GC(731)   Pre Evacuate Collection Set: 0.1ms
[92.422s][info][gc,phases      ] GC(731)   Merge Heap Roots: 0.1ms
[92.422s][info][gc,phases      ] GC(731)   Evacuate Collection Set: 8.3ms
[92.422s][info][gc,phases      ] GC(731)   Post Evacuate Collection Set: 0.4ms
[92.422s][info][gc,phases      ] GC(731)   Other: 0.2ms
[92.422s][info][gc,heap        ] GC(731) Eden regions: 211->0(203)
[92.422s][info][gc,heap        ] GC(731) Survivor regions: 16->20(29)
[92.422s][info][gc,heap        ] GC(731) Old regions: 123->123
[92.422s][info][gc,heap        ] GC(731) Archive regions: 0->0
[92.422s][info][gc,heap        ] GC(731) Humongous regions: 15->15
[92.422s][info][gc,metaspace   ] GC(731) Metaspace: 61663K(62528K)->61663K(62528K) NonClass: 54083K(54528K)->54083K(54528K) Class: 7579K(8000K)->7579K(8000K)
[92.422s][info][gc             ] GC(731) Pause Young (Normal) (G1 Evacuation Pause) 357M->150M(402M) 9.533ms
[92.422s][info][gc,cpu         ] GC(731) User=0.02s Sys=0.00s Real=0.01s
[92.497s][info][gc,start       ] GC(732) Pause Young (Normal) (G1 Evacuation Pause)
[92.497s][info][gc,task        ] GC(732) Using 9 workers of 33 for evacuation
[92.507s][info][gc,phases      ] GC(732)   Pre Evacuate Collection Set: 0.1ms
[92.507s][info][gc,phases      ] GC(732)   Merge Heap Roots: 0.1ms
[92.507s][info][gc,phases      ] GC(732)   Evacuate Collection Set: 8.2ms
[92.507s][info][gc,phases      ] GC(732)   Post Evacuate Collection Set: 0.4ms
[92.507s][info][gc,phases      ] GC(732)   Other: 0.2ms
[92.507s][info][gc,heap        ] GC(732) Eden regions: 203->0(210)
[92.507s][info][gc,heap        ] GC(732) Survivor regions: 20->13(28)
[92.507s][info][gc,heap        ] GC(732) Old regions: 123->130
[92.507s][info][gc,heap        ] GC(732) Archive regions: 0->0
[92.507s][info][gc,heap        ] GC(732) Humongous regions: 15->15
[92.507s][info][gc,metaspace   ] GC(732) Metaspace: 61663K(62528K)->61663K(62528K) NonClass: 54083K(54528K)->54083K(54528K) Class: 7579K(8000K)->7579K(8000K)
[92.507s][info][gc             ] GC(732) Pause Young (Normal) (G1 Evacuation Pause) 353M->151M(402M) 9.584ms
[92.507s][info][gc,cpu         ] GC(732) User=0.14s Sys=0.00s Real=0.02s
[92.577s][info][gc,start       ] GC(733) Pause Young (Normal) (G1 Evacuation Pause)
[92.577s][info][gc,task        ] GC(733) Using 9 workers of 33 for evacuation
[92.583s][info][gc,phases      ] GC(733)   Pre Evacuate Collection Set: 0.1ms
[92.583s][info][gc,phases      ] GC(733)   Merge Heap Roots: 0.1ms
[92.583s][info][gc,phases      ] GC(733)   Evacuate Collection Set: 5.3ms
[92.583s][info][gc,phases      ] GC(733)   Post Evacuate Collection Set: 0.6ms
[92.583s][info][gc,phases      ] GC(733)   Other: 0.2ms
[92.583s][info][gc,heap        ] GC(733) Eden regions: 210->0(210)
[92.583s][info][gc,heap        ] GC(733) Survivor regions: 13->13(28)
[92.583s][info][gc,heap        ] GC(733) Old regions: 130->130
[92.583s][info][gc,heap        ] GC(733) Archive regions: 0->0
[92.583s][info][gc,heap        ] GC(733) Humongous regions: 15->15
[92.583s][info][gc,metaspace   ] GC(733) Metaspace: 61664K(62528K)->61664K(62528K) NonClass: 54084K(54528K)->54084K(54528K) Class: 7579K(8000K)->7579K(8000K)
[92.583s][info][gc             ] GC(733) Pause Young (Normal) (G1 Evacuation Pause) 361M->151M(402M) 6.712ms
[92.583s][info][gc,cpu         ] GC(733) User=0.14s Sys=0.00s Real=0.02s
[92.652s][info][gc,start       ] GC(734) Pause Young (Normal) (G1 Evacuation Pause)
[92.652s][info][gc,task        ] GC(734) Using 9 workers of 33 for evacuation
[92.658s][info][gc,phases      ] GC(734)   Pre Evacuate Collection Set: 0.1ms
[92.658s][info][gc,phases      ] GC(734)   Merge Heap Roots: 0.1ms
[92.658s][info][gc,phases      ] GC(734)   Evacuate Collection Set: 4.9ms
[92.658s][info][gc,phases      ] GC(734)   Post Evacuate Collection Set: 0.6ms
[92.658s][info][gc,phases      ] GC(734)   Other: 0.1ms
[92.659s][info][gc,heap        ] GC(734) Eden regions: 210->0(222)
[92.659s][info][gc,heap        ] GC(734) Survivor regions: 13->13(28)
[92.659s][info][gc,heap        ] GC(734) Old regions: 130->130
[92.659s][info][gc,heap        ] GC(734) Archive regions: 0->0
[92.659s][info][gc,heap        ] GC(734) Humongous regions: 15->15
[92.659s][info][gc,metaspace   ] GC(734) Metaspace: 61664K(62528K)->61664K(62528K) NonClass: 54084K(54528K)->54084K(54528K) Class: 7579K(8000K)->7579K(8000K)
[92.659s][info][gc             ] GC(734) Pause Young (Normal) (G1 Evacuation Pause) 361M->151M(415M) 6.380ms
[92.659s][info][gc,cpu         ] GC(734) User=0.14s Sys=0.00s Real=0.02s
[92.785s][info][gc,start       ] GC(735) Pause Young (Normal) (G1 Evacuation Pause)
[92.785s][info][gc,task        ] GC(735) Using 9 workers of 33 for evacuation
[92.791s][info][gc,phases      ] GC(735)   Pre Evacuate Collection Set: 0.1ms
[92.791s][info][gc,phases      ] GC(735)   Merge Heap Roots: 0.1ms
[92.791s][info][gc,phases      ] GC(735)   Evacuate Collection Set: 5.2ms
[92.791s][info][gc,phases      ] GC(735)   Post Evacuate Collection Set: 0.6ms
[92.791s][info][gc,phases      ] GC(735)   Other: 0.2ms
[92.791s][info][gc,heap        ] GC(735) Eden regions: 222->0(222)
[92.791s][info][gc,heap        ] GC(735) Survivor regions: 13->13(30)
[92.791s][info][gc,heap        ] GC(735) Old regions: 130->130
[92.791s][info][gc,heap        ] GC(735) Archive regions: 0->0
[92.791s][info][gc,heap        ] GC(735) Humongous regions: 15->15
[92.791s][info][gc,metaspace   ] GC(735) Metaspace: 61664K(62528K)->61664K(62528K) NonClass: 54084K(54528K)->54084K(54528K) Class: 7579K(8000K)->7579K(8000K)
[92.791s][info][gc             ] GC(735) Pause Young (Normal) (G1 Evacuation Pause) 373M->151M(415M) 6.664ms
[92.791s][info][gc,cpu         ] GC(735) User=0.00s Sys=0.00s Real=0.00s
[92.945s][info][gc,start       ] GC(736) Pause Young (Normal) (G1 Evacuation Pause)
[92.945s][info][gc,task        ] GC(736) Using 9 workers of 33 for evacuation
[92.952s][info][gc,phases      ] GC(736)   Pre Evacuate Collection Set: 0.1ms
[92.952s][info][gc,phases      ] GC(736)   Merge Heap Roots: 0.1ms
[92.952s][info][gc,phases      ] GC(736)   Evacuate Collection Set: 6.7ms
[92.952s][info][gc,phases      ] GC(736)   Post Evacuate Collection Set: 0.4ms
[92.952s][info][gc,phases      ] GC(736)   Other: 0.2ms
[92.953s][info][gc,heap        ] GC(736) Eden regions: 222->0(222)
[92.953s][info][gc,heap        ] GC(736) Survivor regions: 13->13(30)
[92.953s][info][gc,heap        ] GC(736) Old regions: 130->130
[92.953s][info][gc,heap        ] GC(736) Archive regions: 0->0
[92.953s][info][gc,heap        ] GC(736) Humongous regions: 15->15
[92.953s][info][gc,metaspace   ] GC(736) Metaspace: 61664K(62528K)->61664K(62528K) NonClass: 54084K(54528K)->54084K(54528K) Class: 7579K(8000K)->7579K(8000K)
[92.953s][info][gc             ] GC(736) Pause Young (Normal) (G1 Evacuation Pause) 373M->150M(415M) 8.008ms
[92.953s][info][gc,cpu         ] GC(736) User=0.00s Sys=0.00s Real=0.00s
[93.100s][info][gc,start       ] GC(737) Pause Young (Normal) (G1 Evacuation Pause)
[93.100s][info][gc,task        ] GC(737) Using 9 workers of 33 for evacuation
[93.106s][info][gc,phases      ] GC(737)   Pre Evacuate Collection Set: 0.1ms
[93.106s][info][gc,phases      ] GC(737)   Merge Heap Roots: 0.1ms
[93.106s][info][gc,phases      ] GC(737)   Evacuate Collection Set: 5.2ms
[93.106s][info][gc,phases      ] GC(737)   Post Evacuate Collection Set: 0.4ms
[93.106s][info][gc,phases      ] GC(737)   Other: 0.1ms
[93.106s][info][gc,heap        ] GC(737) Eden regions: 222->0(222)
[93.106s][info][gc,heap        ] GC(737) Survivor regions: 13->13(30)
[93.106s][info][gc,heap        ] GC(737) Old regions: 130->130
[93.106s][info][gc,heap        ] GC(737) Archive regions: 0->0
[93.106s][info][gc,heap        ] GC(737) Humongous regions: 15->15
[93.107s][info][gc,metaspace   ] GC(737) Metaspace: 61664K(62528K)->61664K(62528K) NonClass: 54084K(54528K)->54084K(54528K) Class: 7579K(8000K)->7579K(8000K)
[93.107s][info][gc             ] GC(737) Pause Young (Normal) (G1 Evacuation Pause) 372M->151M(415M) 6.446ms
[93.107s][info][gc,cpu         ] GC(737) User=0.14s Sys=0.00s Real=0.02s
[93.246s][info][gc,start       ] GC(738) Pause Young (Normal) (G1 Evacuation Pause)
[93.246s][info][gc,task        ] GC(738) Using 9 workers of 33 for evacuation
[93.252s][info][gc,phases      ] GC(738)   Pre Evacuate Collection Set: 0.1ms
[93.252s][info][gc,phases      ] GC(738)   Merge Heap Roots: 0.1ms
[93.252s][info][gc,phases      ] GC(738)   Evacuate Collection Set: 5.2ms
[93.252s][info][gc,phases      ] GC(738)   Post Evacuate Collection Set: 0.4ms
[93.252s][info][gc,phases      ] GC(738)   Other: 0.1ms
[93.252s][info][gc,heap        ] GC(738) Eden regions: 222->0(222)
[93.252s][info][gc,heap        ] GC(738) Survivor regions: 13->13(30)
[93.252s][info][gc,heap        ] GC(738) Old regions: 130->130
[93.252s][info][gc,heap        ] GC(738) Archive regions: 0->0
[93.252s][info][gc,heap        ] GC(738) Humongous regions: 15->15
[93.252s][info][gc,metaspace   ] GC(738) Metaspace: 61664K(62528K)->61664K(62528K) NonClass: 54084K(54528K)->54084K(54528K) Class: 7579K(8000K)->7579K(8000K)
[93.252s][info][gc             ] GC(738) Pause Young (Normal) (G1 Evacuation Pause) 373M->151M(415M) 6.444ms
[93.252s][info][gc,cpu         ] GC(738) User=0.00s Sys=0.00s Real=0.00s
[93.359s][info][gc,start       ] GC(739) Pause Full (System.gc())
[93.359s][info][gc,task        ] GC(739) Using 9 workers of 33 for full compaction
[93.360s][info][gc,phases,start] GC(739) Phase 1: Mark live objects
[93.395s][info][gc,phases      ] GC(739) Phase 1: Mark live objects 34.810ms
[93.395s][info][gc,phases,start] GC(739) Phase 2: Prepare compaction
[93.400s][info][gc,phases      ] GC(739) Phase 2: Prepare compaction 4.786ms
[93.400s][info][gc,phases,start] GC(739) Phase 3: Adjust pointers
[93.408s][info][gc,phases      ] GC(739) Phase 3: Adjust pointers 8.250ms
[93.408s][info][gc,phases,start] GC(739) Phase 4: Compact heap
[93.409s][info][gc,phases      ] GC(739) Phase 4: Compact heap 0.681ms
[93.423s][info][gc,heap        ] GC(739) Eden regions: 139->0(214)
[93.424s][info][gc,heap        ] GC(739) Survivor regions: 13->0(30)
[93.424s][info][gc,heap        ] GC(739) Old regions: 130->98
[93.424s][info][gc,heap        ] GC(739) Archive regions: 0->0
[93.424s][info][gc,heap        ] GC(739) Humongous regions: 20->9
[93.424s][info][gc,metaspace   ] GC(739) Metaspace: 61672K(62592K)->61672K(62592K) NonClass: 54092K(54592K)->54092K(54592K) Class: 7579K(8000K)->7579K(8000K)
[93.424s][info][gc             ] GC(739) Pause Full (System.gc()) 295M->102M(357M) 64.485ms
[93.424s][info][gc,cpu         ] GC(739) User=0.41s Sys=0.00s Real=0.06s
[93.567s][info][gc,start       ] GC(740) Pause Young (Normal) (G1 Evacuation Pause)
[93.567s][info][gc,task        ] GC(740) Using 8 workers of 33 for evacuation
[93.572s][info][gc,phases      ] GC(740)   Pre Evacuate Collection Set: 0.2ms
[93.572s][info][gc,phases      ] GC(740)   Merge Heap Roots: 0.1ms
[93.572s][info][gc,phases      ] GC(740)   Evacuate Collection Set: 3.7ms
[93.572s][info][gc,phases      ] GC(740)   Post Evacuate Collection Set: 0.7ms
[93.572s][info][gc,phases      ] GC(740)   Other: 0.2ms
[93.572s][info][gc,heap        ] GC(740) Eden regions: 214->0(206)
[93.572s][info][gc,heap        ] GC(740) Survivor regions: 0->8(27)
[93.572s][info][gc,heap        ] GC(740) Old regions: 98->98
[93.572s][info][gc,heap        ] GC(740) Archive regions: 0->0
[93.572s][info][gc,heap        ] GC(740) Humongous regions: 19->9
[93.572s][info][gc,metaspace   ] GC(740) Metaspace: 61672K(62592K)->61672K(62592K) NonClass: 54092K(54592K)->54092K(54592K) Class: 7579K(8000K)->7579K(8000K)
[93.572s][info][gc             ] GC(740) Pause Young (Normal) (G1 Evacuation Pause) 326M->109M(357M) 5.351ms
[93.572s][info][gc,cpu         ] GC(740) User=0.13s Sys=0.00s Real=0.02s
[93.647s][info][gc,start       ] GC(741) Pause Young (Normal) (G1 Evacuation Pause)
[93.648s][info][gc,task        ] GC(741) Using 8 workers of 33 for evacuation
[93.657s][info][gc,phases      ] GC(741)   Pre Evacuate Collection Set: 0.1ms
[93.657s][info][gc,phases      ] GC(741)   Merge Heap Roots: 0.1ms
[93.657s][info][gc,phases      ] GC(741)   Evacuate Collection Set: 7.8ms
[93.657s][info][gc,phases      ] GC(741)   Post Evacuate Collection Set: 0.7ms
[93.657s][info][gc,phases      ] GC(741)   Other: 0.2ms
[93.657s][info][gc,heap        ] GC(741) Eden regions: 206->0(200)
[93.657s][info][gc,heap        ] GC(741) Survivor regions: 8->14(27)
[93.657s][info][gc,heap        ] GC(741) Old regions: 98->98
[93.657s][info][gc,heap        ] GC(741) Archive regions: 0->0
[93.657s][info][gc,heap        ] GC(741) Humongous regions: 12->12
[93.657s][info][gc,metaspace   ] GC(741) Metaspace: 61672K(62592K)->61672K(62592K) NonClass: 54092K(54592K)->54092K(54592K) Class: 7579K(8000K)->7579K(8000K)
[93.657s][info][gc             ] GC(741) Pause Young (Normal) (G1 Evacuation Pause) 318M->118M(357M) 9.405ms
[93.657s][info][gc,cpu         ] GC(741) User=0.13s Sys=0.00s Real=0.02s
[93.726s][info][gc,start       ] GC(742) Pause Young (Normal) (G1 Evacuation Pause)
[93.726s][info][gc,task        ] GC(742) Using 8 workers of 33 for evacuation
[93.738s][info][gc,phases      ] GC(742)   Pre Evacuate Collection Set: 0.1ms
[93.738s][info][gc,phases      ] GC(742)   Merge Heap Roots: 0.1ms
[93.738s][info][gc,phases      ] GC(742)   Evacuate Collection Set: 11.3ms
[93.738s][info][gc,phases      ] GC(742)   Post Evacuate Collection Set: 0.4ms
[93.738s][info][gc,phases      ] GC(742)   Other: 0.1ms
[93.738s][info][gc,heap        ] GC(742) Eden regions: 200->0(184)
[93.738s][info][gc,heap        ] GC(742) Survivor regions: 14->22(27)
[93.738s][info][gc,heap        ] GC(742) Old regions: 98->98
[93.738s][info][gc,heap        ] GC(742) Archive regions: 0->0
[93.738s][info][gc,heap        ] GC(742) Humongous regions: 12->12
[93.738s][info][gc,metaspace   ] GC(742) Metaspace: 61672K(62592K)->61672K(62592K) NonClass: 54092K(54592K)->54092K(54592K) Class: 7579K(8000K)->7579K(8000K)
[93.738s][info][gc             ] GC(742) Pause Young (Normal) (G1 Evacuation Pause) 318M->127M(357M) 12.366ms
[93.738s][info][gc,cpu         ] GC(742) User=0.13s Sys=0.00s Real=0.02s
[93.799s][info][gc,start       ] GC(743) Pause Young (Normal) (G1 Evacuation Pause)
[93.800s][info][gc,task        ] GC(743) Using 8 workers of 33 for evacuation
[93.824s][info][gc,phases      ] GC(743)   Pre Evacuate Collection Set: 0.1ms
[93.824s][info][gc,phases      ] GC(743)   Merge Heap Roots: 0.1ms
[93.824s][info][gc,phases      ] GC(743)   Evacuate Collection Set: 23.4ms
[93.824s][info][gc,phases      ] GC(743)   Post Evacuate Collection Set: 0.9ms
[93.824s][info][gc,phases      ] GC(743)   Other: 0.2ms
[93.824s][info][gc,heap        ] GC(743) Eden regions: 184->0(208)
[93.825s][info][gc,heap        ] GC(743) Survivor regions: 22->17(26)
[93.825s][info][gc,heap        ] GC(743) Old regions: 98->111
[93.825s][info][gc,heap        ] GC(743) Archive regions: 0->0
[93.825s][info][gc,heap        ] GC(743) Humongous regions: 15->15
[93.825s][info][gc,metaspace   ] GC(743) Metaspace: 61672K(62592K)->61672K(62592K) NonClass: 54092K(54592K)->54092K(54592K) Class: 7579K(8000K)->7579K(8000K)
[93.825s][info][gc             ] GC(743) Pause Young (Normal) (G1 Evacuation Pause) 314M->137M(388M) 25.220ms
[93.825s][info][gc,cpu         ] GC(743) User=0.13s Sys=0.00s Real=0.02s
[93.897s][info][gc,start       ] GC(744) Pause Young (Normal) (G1 Evacuation Pause)
[93.897s][info][gc,task        ] GC(744) Using 9 workers of 33 for evacuation
[93.910s][info][gc,phases      ] GC(744)   Pre Evacuate Collection Set: 0.1ms
[93.910s][info][gc,phases      ] GC(744)   Merge Heap Roots: 0.1ms
[93.910s][info][gc,phases      ] GC(744)   Evacuate Collection Set: 11.7ms
[93.910s][info][gc,phases      ] GC(744)   Post Evacuate Collection Set: 0.4ms
[93.910s][info][gc,phases      ] GC(744)   Other: 0.2ms
[93.910s][info][gc,heap        ] GC(744) Eden regions: 208->0(192)
[93.910s][info][gc,heap        ] GC(744) Survivor regions: 17->25(29)
[93.910s][info][gc,heap        ] GC(744) Old regions: 111->111
[93.910s][info][gc,heap        ] GC(744) Archive regions: 0->0
[93.910s][info][gc,heap        ] GC(744) Humongous regions: 15->15
[93.910s][info][gc,metaspace   ] GC(744) Metaspace: 61672K(62592K)->61672K(62592K) NonClass: 54092K(54592K)->54092K(54592K) Class: 7579K(8000K)->7579K(8000K)
[93.910s][info][gc             ] GC(744) Pause Young (Normal) (G1 Evacuation Pause) 345M->145M(388M) 12.923ms
[93.910s][info][gc,cpu         ] GC(744) User=0.14s Sys=0.00s Real=0.02s
[93.972s][info][gc,start       ] GC(745) Pause Young (Normal) (G1 Evacuation Pause)
[93.972s][info][gc,task        ] GC(745) Using 9 workers of 33 for evacuation
[93.985s][info][gc,phases      ] GC(745)   Pre Evacuate Collection Set: 0.1ms
[93.985s][info][gc,phases      ] GC(745)   Merge Heap Roots: 0.1ms
[93.985s][info][gc,phases      ] GC(745)   Evacuate Collection Set: 12.0ms
[93.985s][info][gc,phases      ] GC(745)   Post Evacuate Collection Set: 0.4ms
[93.985s][info][gc,phases      ] GC(745)   Other: 0.2ms
[93.985s][info][gc,heap        ] GC(745) Eden regions: 192->0(196)
[93.985s][info][gc,heap        ] GC(745) Survivor regions: 25->15(28)
[93.985s][info][gc,heap        ] GC(745) Old regions: 111->127
[93.986s][info][gc,heap        ] GC(745) Archive regions: 0->0
[93.986s][info][gc,heap        ] GC(745) Humongous regions: 15->15
[93.986s][info][gc,metaspace   ] GC(745) Metaspace: 61672K(62592K)->61672K(62592K) NonClass: 54093K(54592K)->54093K(54592K) Class: 7579K(8000K)->7579K(8000K)
[93.986s][info][gc             ] GC(745) Pause Young (Normal) (G1 Evacuation Pause) 337M->152M(388M) 13.270ms
[93.986s][info][gc,cpu         ] GC(745) User=0.14s Sys=0.00s Real=0.02s
[94.058s][info][gc,start       ] GC(746) Pause Young (Normal) (G1 Evacuation Pause)
[94.058s][info][gc,task        ] GC(746) Using 9 workers of 33 for evacuation
[94.064s][info][gc,phases      ] GC(746)   Pre Evacuate Collection Set: 0.1ms
[94.064s][info][gc,phases      ] GC(746)   Merge Heap Roots: 0.1ms
[94.064s][info][gc,phases      ] GC(746)   Evacuate Collection Set: 5.1ms
[94.064s][info][gc,phases      ] GC(746)   Post Evacuate Collection Set: 0.4ms
[94.064s][info][gc,phases      ] GC(746)   Other: 0.1ms
[94.064s][info][gc,heap        ] GC(746) Eden regions: 196->0(196)
[94.064s][info][gc,heap        ] GC(746) Survivor regions: 15->15(27)
[94.064s][info][gc,heap        ] GC(746) Old regions: 127->127
[94.064s][info][gc,heap        ] GC(746) Archive regions: 0->0
[94.064s][info][gc,heap        ] GC(746) Humongous regions: 15->15
[94.064s][info][gc,metaspace   ] GC(746) Metaspace: 61672K(62592K)->61672K(62592K) NonClass: 54093K(54592K)->54093K(54592K) Class: 7579K(8000K)->7579K(8000K)
[94.064s][info][gc             ] GC(746) Pause Young (Normal) (G1 Evacuation Pause) 348M->151M(388M) 6.347ms
[94.064s][info][gc,cpu         ] GC(746) User=0.14s Sys=0.00s Real=0.02s
[94.135s][info][gc,start       ] GC(747) Pause Young (Normal) (G1 Evacuation Pause)
[94.135s][info][gc,task        ] GC(747) Using 9 workers of 33 for evacuation
[94.141s][info][gc,phases      ] GC(747)   Pre Evacuate Collection Set: 0.1ms
[94.141s][info][gc,phases      ] GC(747)   Merge Heap Roots: 0.1ms
[94.141s][info][gc,phases      ] GC(747)   Evacuate Collection Set: 5.1ms
[94.141s][info][gc,phases      ] GC(747)   Post Evacuate Collection Set: 0.4ms
[94.141s][info][gc,phases      ] GC(747)   Other: 0.2ms
[94.141s][info][gc,heap        ] GC(747) Eden regions: 196->0(196)
[94.141s][info][gc,heap        ] GC(747) Survivor regions: 15->15(27)
[94.141s][info][gc,heap        ] GC(747) Old regions: 127->127
[94.141s][info][gc,heap        ] GC(747) Archive regions: 0->0
[94.141s][info][gc,heap        ] GC(747) Humongous regions: 15->15
[94.141s][info][gc,metaspace   ] GC(747) Metaspace: 61672K(62592K)->61672K(62592K) NonClass: 54093K(54592K)->54093K(54592K) Class: 7579K(8000K)->7579K(8000K)
[94.141s][info][gc             ] GC(747) Pause Young (Normal) (G1 Evacuation Pause) 347M->151M(388M) 6.353ms
[94.141s][info][gc,cpu         ] GC(747) User=0.14s Sys=0.00s Real=0.02s
[94.205s][info][gc,start       ] GC(748) Pause Young (Normal) (G1 Evacuation Pause)
[94.205s][info][gc,task        ] GC(748) Using 9 workers of 33 for evacuation
[94.211s][info][gc,phases      ] GC(748)   Pre Evacuate Collection Set: 0.1ms
[94.211s][info][gc,phases      ] GC(748)   Merge Heap Roots: 0.1ms
[94.211s][info][gc,phases      ] GC(748)   Evacuate Collection Set: 5.1ms
[94.211s][info][gc,phases      ] GC(748)   Post Evacuate Collection Set: 0.4ms
[94.211s][info][gc,phases      ] GC(748)   Other: 0.2ms
[94.211s][info][gc,heap        ] GC(748) Eden regions: 196->0(196)
[94.211s][info][gc,heap        ] GC(748) Survivor regions: 15->15(27)
[94.211s][info][gc,heap        ] GC(748) Old regions: 127->127
[94.211s][info][gc,heap        ] GC(748) Archive regions: 0->0
[94.212s][info][gc,heap        ] GC(748) Humongous regions: 15->15
[94.212s][info][gc,metaspace   ] GC(748) Metaspace: 61672K(62592K)->61672K(62592K) NonClass: 54093K(54592K)->54093K(54592K) Class: 7579K(8000K)->7579K(8000K)
[94.212s][info][gc             ] GC(748) Pause Young (Normal) (G1 Evacuation Pause) 347M->151M(388M) 6.310ms
[94.212s][info][gc,cpu         ] GC(748) User=0.00s Sys=0.00s Real=0.00s
[94.295s][info][gc,start       ] GC(749) Pause Young (Normal) (G1 Evacuation Pause)
[94.295s][info][gc,task        ] GC(749) Using 9 workers of 33 for evacuation
[94.302s][info][gc,phases      ] GC(749)   Pre Evacuate Collection Set: 0.1ms
[94.302s][info][gc,phases      ] GC(749)   Merge Heap Roots: 0.1ms
[94.302s][info][gc,phases      ] GC(749)   Evacuate Collection Set: 5.7ms
[94.302s][info][gc,phases      ] GC(749)   Post Evacuate Collection Set: 0.8ms
[94.302s][info][gc,phases      ] GC(749)   Other: 0.1ms
[94.302s][info][gc,heap        ] GC(749) Eden regions: 196->0(221)
[94.302s][info][gc,heap        ] GC(749) Survivor regions: 15->14(27)
[94.302s][info][gc,heap        ] GC(749) Old regions: 127->127
[94.302s][info][gc,heap        ] GC(749) Archive regions: 0->0
[94.302s][info][gc,heap        ] GC(749) Humongous regions: 15->15
[94.302s][info][gc,metaspace   ] GC(749) Metaspace: 61673K(62592K)->61673K(62592K) NonClass: 54094K(54592K)->54094K(54592K) Class: 7579K(8000K)->7579K(8000K)
[94.302s][info][gc             ] GC(749) Pause Young (Normal) (G1 Evacuation Pause) 347M->151M(413M) 7.073ms
[94.302s][info][gc,cpu         ] GC(749) User=0.00s Sys=0.02s Real=0.02s
[94.466s][info][gc,start       ] GC(750) Pause Young (Normal) (G1 Evacuation Pause)
[94.466s][info][gc,task        ] GC(750) Using 9 workers of 33 for evacuation
[94.473s][info][gc,phases      ] GC(750)   Pre Evacuate Collection Set: 0.1ms
[94.473s][info][gc,phases      ] GC(750)   Merge Heap Roots: 0.1ms
[94.473s][info][gc,phases      ] GC(750)   Evacuate Collection Set: 6.3ms
[94.473s][info][gc,phases      ] GC(750)   Post Evacuate Collection Set: 0.4ms
[94.473s][info][gc,phases      ] GC(750)   Other: 0.2ms
[94.473s][info][gc,heap        ] GC(750) Eden regions: 221->0(219)
[94.473s][info][gc,heap        ] GC(750) Survivor regions: 14->15(30)
[94.473s][info][gc,heap        ] GC(750) Old regions: 127->127
[94.473s][info][gc,heap        ] GC(750) Archive regions: 0->0
[94.473s][info][gc,heap        ] GC(750) Humongous regions: 15->15
[94.473s][info][gc,metaspace   ] GC(750) Metaspace: 61673K(62592K)->61673K(62592K) NonClass: 54094K(54592K)->54094K(54592K) Class: 7579K(8000K)->7579K(8000K)
[94.473s][info][gc             ] GC(750) Pause Young (Normal) (G1 Evacuation Pause) 372M->151M(413M) 7.681ms
[94.473s][info][gc,cpu         ] GC(750) User=0.00s Sys=0.00s Real=0.00s
[94.625s][info][gc,start       ] GC(751) Pause Young (Normal) (G1 Evacuation Pause)
[94.625s][info][gc,task        ] GC(751) Using 9 workers of 33 for evacuation
[94.632s][info][gc,phases      ] GC(751)   Pre Evacuate Collection Set: 0.1ms
[94.632s][info][gc,phases      ] GC(751)   Merge Heap Roots: 0.1ms
[94.632s][info][gc,phases      ] GC(751)   Evacuate Collection Set: 6.2ms
[94.632s][info][gc,phases      ] GC(751)   Post Evacuate Collection Set: 0.4ms
[94.632s][info][gc,phases      ] GC(751)   Other: 0.2ms
[94.632s][info][gc,heap        ] GC(751) Eden regions: 219->0(219)
[94.632s][info][gc,heap        ] GC(751) Survivor regions: 15->15(30)
[94.632s][info][gc,heap        ] GC(751) Old regions: 127->127
[94.632s][info][gc,heap        ] GC(751) Archive regions: 0->0
[94.633s][info][gc,heap        ] GC(751) Humongous regions: 15->15
[94.633s][info][gc,metaspace   ] GC(751) Metaspace: 61673K(62592K)->61673K(62592K) NonClass: 54094K(54592K)->54094K(54592K) Class: 7579K(8000K)->7579K(8000K)
[94.633s][info][gc             ] GC(751) Pause Young (Normal) (G1 Evacuation Pause) 370M->151M(413M) 7.476ms
[94.633s][info][gc,cpu         ] GC(751) User=0.14s Sys=0.00s Real=0.02s
[94.787s][info][gc,start       ] GC(752) Pause Young (Normal) (G1 Evacuation Pause)
[94.787s][info][gc,task        ] GC(752) Using 9 workers of 33 for evacuation
[94.794s][info][gc,phases      ] GC(752)   Pre Evacuate Collection Set: 0.1ms
[94.794s][info][gc,phases      ] GC(752)   Merge Heap Roots: 0.1ms
[94.794s][info][gc,phases      ] GC(752)   Evacuate Collection Set: 6.3ms
[94.794s][info][gc,phases      ] GC(752)   Post Evacuate Collection Set: 0.4ms
[94.794s][info][gc,phases      ] GC(752)   Other: 0.2ms
[94.794s][info][gc,heap        ] GC(752) Eden regions: 219->0(219)
[94.794s][info][gc,heap        ] GC(752) Survivor regions: 15->15(30)
[94.794s][info][gc,heap        ] GC(752) Old regions: 127->127
[94.794s][info][gc,heap        ] GC(752) Archive regions: 0->0
[94.794s][info][gc,heap        ] GC(752) Humongous regions: 15->15
[94.794s][info][gc,metaspace   ] GC(752) Metaspace: 61673K(62592K)->61673K(62592K) NonClass: 54094K(54592K)->54094K(54592K) Class: 7579K(8000K)->7579K(8000K)
[94.794s][info][gc             ] GC(752) Pause Young (Normal) (G1 Evacuation Pause) 370M->151M(413M) 7.651ms
[94.794s][info][gc,cpu         ] GC(752) User=0.14s Sys=0.00s Real=0.01s
[94.947s][info][gc,start       ] GC(753) Pause Full (System.gc())
[94.948s][info][gc,task        ] GC(753) Using 9 workers of 33 for full compaction
[94.948s][info][gc,phases,start] GC(753) Phase 1: Mark live objects
[94.981s][info][gc,phases      ] GC(753) Phase 1: Mark live objects 32.967ms
[94.981s][info][gc,phases,start] GC(753) Phase 2: Prepare compaction
[94.986s][info][gc,phases      ] GC(753) Phase 2: Prepare compaction 4.656ms
[94.986s][info][gc,phases,start] GC(753) Phase 3: Adjust pointers
[94.994s][info][gc,phases      ] GC(753) Phase 3: Adjust pointers 8.524ms
[94.994s][info][gc,phases,start] GC(753) Phase 4: Compact heap
[94.995s][info][gc,phases      ] GC(753) Phase 4: Compact heap 0.748ms
[95.009s][info][gc,heap        ] GC(753) Eden regions: 213->0(214)
[95.009s][info][gc,heap        ] GC(753) Survivor regions: 15->0(30)
[95.009s][info][gc,heap        ] GC(753) Old regions: 127->98
[95.009s][info][gc,heap        ] GC(753) Archive regions: 0->0
[95.009s][info][gc,heap        ] GC(753) Humongous regions: 20->9
[95.009s][info][gc,metaspace   ] GC(753) Metaspace: 61679K(62592K)->61679K(62592K) NonClass: 54100K(54592K)->54100K(54592K) Class: 7579K(8000K)->7579K(8000K)
[95.009s][info][gc             ] GC(753) Pause Full (System.gc()) 368M->102M(357M) 62.067ms
[95.010s][info][gc,cpu         ] GC(753) User=0.45s Sys=0.00s Real=0.06s
[95.152s][info][gc,start       ] GC(754) Pause Young (Normal) (G1 Evacuation Pause)
[95.236s][info][gc,task        ] GC(754) Using 8 workers of 33 for evacuation
[95.256s][info][gc,phases      ] GC(754)   Pre Evacuate Collection Set: 0.2ms
[95.256s][info][gc,phases      ] GC(754)   Merge Heap Roots: 0.1ms
[95.256s][info][gc,phases      ] GC(754)   Evacuate Collection Set: 4.8ms
[95.256s][info][gc,phases      ] GC(754)   Post Evacuate Collection Set: 0.8ms
[95.256s][info][gc,phases      ] GC(754)   Other: 14.5ms
[95.256s][info][gc,heap        ] GC(754) Eden regions: 214->0(206)
[95.256s][info][gc,heap        ] GC(754) Survivor regions: 0->8(27)
[95.256s][info][gc,heap        ] GC(754) Old regions: 98->98
[95.256s][info][gc,heap        ] GC(754) Archive regions: 0->0
[95.256s][info][gc,heap        ] GC(754) Humongous regions: 19->9
[95.256s][info][gc,metaspace   ] GC(754) Metaspace: 61714K(62656K)->61714K(62656K) NonClass: 54135K(54656K)->54135K(54656K) Class: 7579K(8000K)->7579K(8000K)
[95.257s][info][gc             ] GC(754) Pause Young (Normal) (G1 Evacuation Pause) 326M->110M(357M) 104.992ms
[95.257s][info][gc,cpu         ] GC(754) User=0.00s Sys=0.00s Real=0.11s
[95.339s][info][gc,start       ] GC(755) Pause Young (Normal) (G1 Evacuation Pause)
[95.339s][info][gc,task        ] GC(755) Using 8 workers of 33 for evacuation
[95.350s][info][gc,phases      ] GC(755)   Pre Evacuate Collection Set: 0.1ms
[95.350s][info][gc,phases      ] GC(755)   Merge Heap Roots: 0.1ms
[95.350s][info][gc,phases      ] GC(755)   Evacuate Collection Set: 10.1ms
[95.350s][info][gc,phases      ] GC(755)   Post Evacuate Collection Set: 0.7ms
[95.350s][info][gc,phases      ] GC(755)   Other: 0.2ms
[95.350s][info][gc,heap        ] GC(755) Eden regions: 206->0(198)
[95.350s][info][gc,heap        ] GC(755) Survivor regions: 8->15(27)
[95.350s][info][gc,heap        ] GC(755) Old regions: 98->98
[95.350s][info][gc,heap        ] GC(755) Archive regions: 0->0
[95.350s][info][gc,heap        ] GC(755) Humongous regions: 12->12
[95.350s][info][gc,metaspace   ] GC(755) Metaspace: 61714K(62656K)->61714K(62656K) NonClass: 54135K(54656K)->54135K(54656K) Class: 7579K(8000K)->7579K(8000K)
[95.350s][info][gc             ] GC(755) Pause Young (Normal) (G1 Evacuation Pause) 319M->119M(357M) 11.647ms
[95.350s][info][gc,cpu         ] GC(755) User=0.13s Sys=0.00s Real=0.02s
[95.415s][info][gc,start       ] GC(756) Pause Young (Normal) (G1 Evacuation Pause)
[95.415s][info][gc,task        ] GC(756) Using 8 workers of 33 for evacuation
[95.428s][info][gc,phases      ] GC(756)   Pre Evacuate Collection Set: 0.1ms
[95.429s][info][gc,phases      ] GC(756)   Merge Heap Roots: 0.1ms
[95.429s][info][gc,phases      ] GC(756)   Evacuate Collection Set: 12.1ms
[95.429s][info][gc,phases      ] GC(756)   Post Evacuate Collection Set: 0.7ms
[95.429s][info][gc,phases      ] GC(756)   Other: 0.2ms
[95.429s][info][gc,heap        ] GC(756) Eden regions: 198->0(182)
[95.429s][info][gc,heap        ] GC(756) Survivor regions: 15->23(27)
[95.429s][info][gc,heap        ] GC(756) Old regions: 98->98
[95.429s][info][gc,heap        ] GC(756) Archive regions: 0->0
[95.429s][info][gc,heap        ] GC(756) Humongous regions: 12->12
[95.429s][info][gc,metaspace   ] GC(756) Metaspace: 61714K(62656K)->61714K(62656K) NonClass: 54135K(54656K)->54135K(54656K) Class: 7579K(8000K)->7579K(8000K)
[95.429s][info][gc             ] GC(756) Pause Young (Normal) (G1 Evacuation Pause) 317M->128M(357M) 13.887ms
[95.429s][info][gc,cpu         ] GC(756) User=0.13s Sys=0.00s Real=0.02s
[95.487s][info][gc,start       ] GC(757) Pause Young (Normal) (G1 Evacuation Pause)
[95.487s][info][gc,task        ] GC(757) Using 8 workers of 33 for evacuation
[95.504s][info][gc,phases      ] GC(757)   Pre Evacuate Collection Set: 0.1ms
[95.504s][info][gc,phases      ] GC(757)   Merge Heap Roots: 0.1ms
[95.504s][info][gc,phases      ] GC(757)   Evacuate Collection Set: 16.5ms
[95.504s][info][gc,phases      ] GC(757)   Post Evacuate Collection Set: 0.4ms
[95.504s][info][gc,phases      ] GC(757)   Other: 0.2ms
[95.504s][info][gc,heap        ] GC(757) Eden regions: 182->0(177)
[95.504s][info][gc,heap        ] GC(757) Survivor regions: 23->17(26)
[95.504s][info][gc,heap        ] GC(757) Old regions: 98->112
[95.504s][info][gc,heap        ] GC(757) Archive regions: 0->0
[95.504s][info][gc,heap        ] GC(757) Humongous regions: 15->15
[95.504s][info][gc,metaspace   ] GC(757) Metaspace: 61714K(62656K)->61714K(62656K) NonClass: 54135K(54656K)->54135K(54656K) Class: 7579K(8000K)->7579K(8000K)
[95.504s][info][gc             ] GC(757) Pause Young (Normal) (G1 Evacuation Pause) 313M->139M(357M) 17.758ms
[95.504s][info][gc,cpu         ] GC(757) User=0.25s Sys=0.00s Real=0.03s
[95.559s][info][gc,start       ] GC(758) Pause Young (Normal) (G1 Evacuation Pause)
[95.559s][info][gc,task        ] GC(758) Using 8 workers of 33 for evacuation
[95.576s][info][gc,phases      ] GC(758)   Pre Evacuate Collection Set: 0.1ms
[95.576s][info][gc,phases      ] GC(758)   Merge Heap Roots: 0.1ms
[95.576s][info][gc,phases      ] GC(758)   Evacuate Collection Set: 15.7ms
[95.576s][info][gc,phases      ] GC(758)   Post Evacuate Collection Set: 0.9ms
[95.576s][info][gc,phases      ] GC(758)   Other: 0.2ms
[95.576s][info][gc,heap        ] GC(758) Eden regions: 177->0(204)
[95.576s][info][gc,heap        ] GC(758) Survivor regions: 17->15(25)
[95.577s][info][gc,heap        ] GC(758) Old regions: 112->121
[95.577s][info][gc,heap        ] GC(758) Archive regions: 0->0
[95.577s][info][gc,heap        ] GC(758) Humongous regions: 15->15
[95.577s][info][gc,metaspace   ] GC(758) Metaspace: 61714K(62656K)->61714K(62656K) NonClass: 54135K(54656K)->54135K(54656K) Class: 7579K(8000K)->7579K(8000K)
[95.577s][info][gc             ] GC(758) Pause Young (Normal) (G1 Evacuation Pause) 316M->146M(390M) 17.458ms
[95.577s][info][gc,cpu         ] GC(758) User=0.13s Sys=0.00s Real=0.02s
[95.658s][info][gc,start       ] GC(759) Pause Young (Normal) (G1 Evacuation Pause)
[95.659s][info][gc,task        ] GC(759) Using 9 workers of 33 for evacuation
[95.667s][info][gc,phases      ] GC(759)   Pre Evacuate Collection Set: 0.1ms
[95.667s][info][gc,phases      ] GC(759)   Merge Heap Roots: 0.1ms
[95.667s][info][gc,phases      ] GC(759)   Evacuate Collection Set: 8.1ms
[95.667s][info][gc,phases      ] GC(759)   Post Evacuate Collection Set: 0.4ms
[95.667s][info][gc,phases      ] GC(759)   Other: 0.1ms
[95.667s][info][gc,heap        ] GC(759) Eden regions: 204->0(196)
[95.667s][info][gc,heap        ] GC(759) Survivor regions: 15->19(28)
[95.668s][info][gc,heap        ] GC(759) Old regions: 121->121
[95.668s][info][gc,heap        ] GC(759) Archive regions: 0->0
[95.668s][info][gc,heap        ] GC(759) Humongous regions: 15->15
[95.668s][info][gc,metaspace   ] GC(759) Metaspace: 61716K(62656K)->61716K(62656K) NonClass: 54136K(54656K)->54136K(54656K) Class: 7579K(8000K)->7579K(8000K)
[95.668s][info][gc             ] GC(759) Pause Young (Normal) (G1 Evacuation Pause) 350M->150M(390M) 9.104ms
[95.668s][info][gc,cpu         ] GC(759) User=0.14s Sys=0.00s Real=0.02s
[95.738s][info][gc,start       ] GC(760) Pause Young (Normal) (G1 Evacuation Pause)
[95.738s][info][gc,task        ] GC(760) Using 9 workers of 33 for evacuation
[95.747s][info][gc,phases      ] GC(760)   Pre Evacuate Collection Set: 0.1ms
[95.747s][info][gc,phases      ] GC(760)   Merge Heap Roots: 0.1ms
[95.747s][info][gc,phases      ] GC(760)   Evacuate Collection Set: 7.9ms
[95.747s][info][gc,phases      ] GC(760)   Post Evacuate Collection Set: 0.4ms
[95.747s][info][gc,phases      ] GC(760)   Other: 0.2ms
[95.747s][info][gc,heap        ] GC(760) Eden regions: 196->0(200)
[95.747s][info][gc,heap        ] GC(760) Survivor regions: 19->13(27)
[95.747s][info][gc,heap        ] GC(760) Old regions: 121->129
[95.747s][info][gc,heap        ] GC(760) Archive regions: 0->0
[95.747s][info][gc,heap        ] GC(760) Humongous regions: 15->15
[95.747s][info][gc,metaspace   ] GC(760) Metaspace: 61716K(62656K)->61716K(62656K) NonClass: 54136K(54656K)->54136K(54656K) Class: 7579K(8000K)->7579K(8000K)
[95.747s][info][gc             ] GC(760) Pause Young (Normal) (G1 Evacuation Pause) 346M->151M(390M) 9.182ms
[95.747s][info][gc,cpu         ] GC(760) User=0.00s Sys=0.00s Real=0.00s
[95.818s][info][gc,start       ] GC(761) Pause Young (Normal) (G1 Evacuation Pause)
[95.818s][info][gc,task        ] GC(761) Using 9 workers of 33 for evacuation
[95.823s][info][gc,phases      ] GC(761)   Pre Evacuate Collection Set: 0.1ms
[95.823s][info][gc,phases      ] GC(761)   Merge Heap Roots: 0.1ms
[95.823s][info][gc,phases      ] GC(761)   Evacuate Collection Set: 4.9ms
[95.823s][info][gc,phases      ] GC(761)   Post Evacuate Collection Set: 0.4ms
[95.824s][info][gc,phases      ] GC(761)   Other: 0.1ms
[95.824s][info][gc,heap        ] GC(761) Eden regions: 200->0(200)
[95.824s][info][gc,heap        ] GC(761) Survivor regions: 13->13(27)
[95.824s][info][gc,heap        ] GC(761) Old regions: 129->129
[95.824s][info][gc,heap        ] GC(761) Archive regions: 0->0
[95.824s][info][gc,heap        ] GC(761) Humongous regions: 15->15
[95.824s][info][gc,metaspace   ] GC(761) Metaspace: 61716K(62656K)->61716K(62656K) NonClass: 54136K(54656K)->54136K(54656K) Class: 7579K(8000K)->7579K(8000K)
[95.824s][info][gc             ] GC(761) Pause Young (Normal) (G1 Evacuation Pause) 351M->151M(390M) 6.111ms
[95.824s][info][gc,cpu         ] GC(761) User=0.00s Sys=0.00s Real=0.00s
[95.889s][info][gc,start       ] GC(762) Pause Young (Normal) (G1 Evacuation Pause)
[95.889s][info][gc,task        ] GC(762) Using 9 workers of 33 for evacuation
[95.895s][info][gc,phases      ] GC(762)   Pre Evacuate Collection Set: 0.1ms
[95.895s][info][gc,phases      ] GC(762)   Merge Heap Roots: 0.1ms
[95.895s][info][gc,phases      ] GC(762)   Evacuate Collection Set: 4.8ms
[95.895s][info][gc,phases      ] GC(762)   Post Evacuate Collection Set: 0.4ms
[95.895s][info][gc,phases      ] GC(762)   Other: 0.1ms
[95.895s][info][gc,heap        ] GC(762) Eden regions: 200->0(200)
[95.895s][info][gc,heap        ] GC(762) Survivor regions: 13->13(27)
[95.895s][info][gc,heap        ] GC(762) Old regions: 129->129
[95.895s][info][gc,heap        ] GC(762) Archive regions: 0->0
[95.895s][info][gc,heap        ] GC(762) Humongous regions: 15->15
[95.895s][info][gc,metaspace   ] GC(762) Metaspace: 61716K(62656K)->61716K(62656K) NonClass: 54136K(54656K)->54136K(54656K) Class: 7579K(8000K)->7579K(8000K)
[95.895s][info][gc             ] GC(762) Pause Young (Normal) (G1 Evacuation Pause) 351M->151M(390M) 6.048ms
[95.895s][info][gc,cpu         ] GC(762) User=0.14s Sys=0.00s Real=0.01s
[95.981s][info][gc,start       ] GC(763) Pause Young (Normal) (G1 Evacuation Pause)
[95.981s][info][gc,task        ] GC(763) Using 9 workers of 33 for evacuation
[95.987s][info][gc,phases      ] GC(763)   Pre Evacuate Collection Set: 0.1ms
[95.987s][info][gc,phases      ] GC(763)   Merge Heap Roots: 0.1ms
[95.987s][info][gc,phases      ] GC(763)   Evacuate Collection Set: 5.2ms
[95.987s][info][gc,phases      ] GC(763)   Post Evacuate Collection Set: 0.9ms
[95.987s][info][gc,phases      ] GC(763)   Other: 0.2ms
[95.987s][info][gc,heap        ] GC(763) Eden regions: 200->0(216)
[95.987s][info][gc,heap        ] GC(763) Survivor regions: 13->13(27)
[95.987s][info][gc,heap        ] GC(763) Old regions: 129->129
[95.987s][info][gc,heap        ] GC(763) Archive regions: 0->0
[95.987s][info][gc,heap        ] GC(763) Humongous regions: 15->15
[95.987s][info][gc,metaspace   ] GC(763) Metaspace: 61716K(62656K)->61716K(62656K) NonClass: 54136K(54656K)->54136K(54656K) Class: 7579K(8000K)->7579K(8000K)
[95.987s][info][gc             ] GC(763) Pause Young (Normal) (G1 Evacuation Pause) 351M->151M(407M) 6.940ms
[95.988s][info][gc,cpu         ] GC(763) User=0.02s Sys=0.00s Real=0.02s
[96.131s][info][gc,start       ] GC(764) Pause Young (Normal) (G1 Evacuation Pause)
[96.131s][info][gc,task        ] GC(764) Using 9 workers of 33 for evacuation
[96.137s][info][gc,phases      ] GC(764)   Pre Evacuate Collection Set: 0.1ms
[96.137s][info][gc,phases      ] GC(764)   Merge Heap Roots: 0.1ms
[96.137s][info][gc,phases      ] GC(764)   Evacuate Collection Set: 5.2ms
[96.137s][info][gc,phases      ] GC(764)   Post Evacuate Collection Set: 0.4ms
[96.137s][info][gc,phases      ] GC(764)   Other: 0.2ms
[96.137s][info][gc,heap        ] GC(764) Eden regions: 216->0(216)
[96.137s][info][gc,heap        ] GC(764) Survivor regions: 13->13(29)
[96.137s][info][gc,heap        ] GC(764) Old regions: 129->129
[96.137s][info][gc,heap        ] GC(764) Archive regions: 0->0
[96.137s][info][gc,heap        ] GC(764) Humongous regions: 15->15
[96.137s][info][gc,metaspace   ] GC(764) Metaspace: 61716K(62656K)->61716K(62656K) NonClass: 54136K(54656K)->54136K(54656K) Class: 7579K(8000K)->7579K(8000K)
[96.137s][info][gc             ] GC(764) Pause Young (Normal) (G1 Evacuation Pause) 367M->151M(407M) 6.461ms
[96.137s][info][gc,cpu         ] GC(764) User=0.14s Sys=0.00s Real=0.02s
[96.274s][info][gc,start       ] GC(765) Pause Young (Normal) (G1 Evacuation Pause)
[96.274s][info][gc,task        ] GC(765) Using 9 workers of 33 for evacuation
[96.280s][info][gc,phases      ] GC(765)   Pre Evacuate Collection Set: 0.1ms
[96.280s][info][gc,phases      ] GC(765)   Merge Heap Roots: 0.1ms
[96.280s][info][gc,phases      ] GC(765)   Evacuate Collection Set: 5.2ms
[96.280s][info][gc,phases      ] GC(765)   Post Evacuate Collection Set: 0.4ms
[96.280s][info][gc,phases      ] GC(765)   Other: 0.2ms
[96.280s][info][gc,heap        ] GC(765) Eden regions: 216->0(216)
[96.280s][info][gc,heap        ] GC(765) Survivor regions: 13->13(29)
[96.280s][info][gc,heap        ] GC(765) Old regions: 129->129
[96.280s][info][gc,heap        ] GC(765) Archive regions: 0->0
[96.280s][info][gc,heap        ] GC(765) Humongous regions: 15->15
[96.280s][info][gc,metaspace   ] GC(765) Metaspace: 61716K(62656K)->61716K(62656K) NonClass: 54136K(54656K)->54136K(54656K) Class: 7579K(8000K)->7579K(8000K)
[96.280s][info][gc             ] GC(765) Pause Young (Normal) (G1 Evacuation Pause) 367M->151M(407M) 6.478ms
[96.280s][info][gc,cpu         ] GC(765) User=0.14s Sys=0.00s Real=0.01s
[96.416s][info][gc,start       ] GC(766) Pause Young (Normal) (G1 Evacuation Pause)
[96.456s][info][gc,task        ] GC(766) Using 9 workers of 33 for evacuation
[96.464s][info][gc,phases      ] GC(766)   Pre Evacuate Collection Set: 0.1ms
[96.464s][info][gc,phases      ] GC(766)   Merge Heap Roots: 0.1ms
[96.464s][info][gc,phases      ] GC(766)   Evacuate Collection Set: 6.6ms
[96.464s][info][gc,phases      ] GC(766)   Post Evacuate Collection Set: 0.4ms
[96.464s][info][gc,phases      ] GC(766)   Other: 0.2ms
[96.464s][info][gc,heap        ] GC(766) Eden regions: 216->0(218)
[96.464s][info][gc,heap        ] GC(766) Survivor regions: 13->12(29)
[96.464s][info][gc,heap        ] GC(766) Old regions: 129->129
[96.464s][info][gc,heap        ] GC(766) Archive regions: 0->0
[96.464s][info][gc,heap        ] GC(766) Humongous regions: 15->15
[96.464s][info][gc,metaspace   ] GC(766) Metaspace: 61716K(62656K)->61716K(62656K) NonClass: 54136K(54656K)->54136K(54656K) Class: 7579K(8000K)->7579K(8000K)
[96.464s][info][gc             ] GC(766) Pause Young (Normal) (G1 Evacuation Pause) 367M->150M(407M) 47.777ms
[96.464s][info][gc,cpu         ] GC(766) User=0.14s Sys=0.00s Real=0.05s
[96.619s][info][gc,start       ] GC(767) Pause Young (Normal) (G1 Evacuation Pause)
[96.619s][info][gc,task        ] GC(767) Using 9 workers of 33 for evacuation
[96.625s][info][gc,phases      ] GC(767)   Pre Evacuate Collection Set: 0.1ms
[96.625s][info][gc,phases      ] GC(767)   Merge Heap Roots: 0.1ms
[96.625s][info][gc,phases      ] GC(767)   Evacuate Collection Set: 5.2ms
[96.625s][info][gc,phases      ] GC(767)   Post Evacuate Collection Set: 0.4ms
[96.625s][info][gc,phases      ] GC(767)   Other: 0.1ms
[96.625s][info][gc,heap        ] GC(767) Eden regions: 218->0(216)
[96.625s][info][gc,heap        ] GC(767) Survivor regions: 12->13(29)
[96.625s][info][gc,heap        ] GC(767) Old regions: 129->129
[96.626s][info][gc,heap        ] GC(767) Archive regions: 0->0
[96.626s][info][gc,heap        ] GC(767) Humongous regions: 15->15
[96.626s][info][gc,metaspace   ] GC(767) Metaspace: 61716K(62656K)->61716K(62656K) NonClass: 54136K(54656K)->54136K(54656K) Class: 7579K(8000K)->7579K(8000K)
[96.626s][info][gc             ] GC(767) Pause Young (Normal) (G1 Evacuation Pause) 368M->151M(407M) 6.397ms
[96.626s][info][gc,cpu         ] GC(767) User=0.02s Sys=0.00s Real=0.02s
[96.657s][info][gc,start       ] GC(768) Pause Full (System.gc())
[96.657s][info][gc,task        ] GC(768) Using 9 workers of 33 for full compaction
[96.657s][info][gc,phases,start] GC(768) Phase 1: Mark live objects
[96.690s][info][gc,phases      ] GC(768) Phase 1: Mark live objects 32.534ms
[96.690s][info][gc,phases,start] GC(768) Phase 2: Prepare compaction
[96.695s][info][gc,phases      ] GC(768) Phase 2: Prepare compaction 4.813ms
[96.695s][info][gc,phases,start] GC(768) Phase 3: Adjust pointers
[96.704s][info][gc,phases      ] GC(768) Phase 3: Adjust pointers 9.188ms
[96.704s][info][gc,phases,start] GC(768) Phase 4: Compact heap
[96.705s][info][gc,phases      ] GC(768) Phase 4: Compact heap 0.718ms
[96.715s][info][gc,heap        ] GC(768) Eden regions: 18->0(214)
[96.715s][info][gc,heap        ] GC(768) Survivor regions: 13->0(29)
[96.715s][info][gc,heap        ] GC(768) Old regions: 129->98
[96.715s][info][gc,heap        ] GC(768) Archive regions: 0->0
[96.715s][info][gc,heap        ] GC(768) Humongous regions: 20->9
[96.715s][info][gc,metaspace   ] GC(768) Metaspace: 61727K(62656K)->61727K(62656K) NonClass: 54147K(54656K)->54147K(54656K) Class: 7579K(8000K)->7579K(8000K)
[96.715s][info][gc             ] GC(768) Pause Full (System.gc()) 174M->102M(357M) 58.103ms
[96.715s][info][gc,cpu         ] GC(768) User=0.31s Sys=0.03s Real=0.06s
[96.867s][info][gc,start       ] GC(769) Pause Young (Normal) (G1 Evacuation Pause)
[96.867s][info][gc,task        ] GC(769) Using 8 workers of 33 for evacuation
[96.873s][info][gc,phases      ] GC(769)   Pre Evacuate Collection Set: 0.2ms
[96.873s][info][gc,phases      ] GC(769)   Merge Heap Roots: 0.1ms
[96.873s][info][gc,phases      ] GC(769)   Evacuate Collection Set: 4.6ms
[96.873s][info][gc,phases      ] GC(769)   Post Evacuate Collection Set: 0.7ms
[96.873s][info][gc,phases      ] GC(769)   Other: 0.2ms
[96.873s][info][gc,heap        ] GC(769) Eden regions: 214->0(206)
[96.873s][info][gc,heap        ] GC(769) Survivor regions: 0->8(27)
[96.873s][info][gc,heap        ] GC(769) Old regions: 98->98
[96.873s][info][gc,heap        ] GC(769) Archive regions: 0->0
[96.873s][info][gc,heap        ] GC(769) Humongous regions: 20->10
[96.873s][info][gc,metaspace   ] GC(769) Metaspace: 61773K(62720K)->61773K(62720K) NonClass: 54194K(54720K)->54194K(54720K) Class: 7579K(8000K)->7579K(8000K)
[96.873s][info][gc             ] GC(769) Pause Young (Normal) (G1 Evacuation Pause) 327M->111M(357M) 6.236ms
[96.873s][info][gc,cpu         ] GC(769) User=0.00s Sys=0.00s Real=0.00s
[96.947s][info][gc,start       ] GC(770) Pause Young (Normal) (G1 Evacuation Pause)
[96.947s][info][gc,task        ] GC(770) Using 8 workers of 33 for evacuation
[96.963s][info][gc,phases      ] GC(770)   Pre Evacuate Collection Set: 0.1ms
[96.963s][info][gc,phases      ] GC(770)   Merge Heap Roots: 0.1ms
[96.963s][info][gc,phases      ] GC(770)   Evacuate Collection Set: 14.3ms
[96.963s][info][gc,phases      ] GC(770)   Post Evacuate Collection Set: 0.7ms
[96.963s][info][gc,phases      ] GC(770)   Other: 0.2ms
[96.963s][info][gc,heap        ] GC(770) Eden regions: 206->0(194)
[96.963s][info][gc,heap        ] GC(770) Survivor regions: 8->17(27)
[96.963s][info][gc,heap        ] GC(770) Old regions: 98->98
[96.963s][info][gc,heap        ] GC(770) Archive regions: 0->0
[96.963s][info][gc,heap        ] GC(770) Humongous regions: 12->12
[96.963s][info][gc,metaspace   ] GC(770) Metaspace: 61773K(62720K)->61773K(62720K) NonClass: 54194K(54720K)->54194K(54720K) Class: 7579K(8000K)->7579K(8000K)
[96.963s][info][gc             ] GC(770) Pause Young (Normal) (G1 Evacuation Pause) 319M->122M(357M) 15.941ms
[96.963s][info][gc,cpu         ] GC(770) User=0.13s Sys=0.00s Real=0.02s
[97.029s][info][gc,start       ] GC(771) Pause Young (Normal) (G1 Evacuation Pause)
[97.029s][info][gc,task        ] GC(771) Using 8 workers of 33 for evacuation
[97.042s][info][gc,phases      ] GC(771)   Pre Evacuate Collection Set: 0.1ms
[97.042s][info][gc,phases      ] GC(771)   Merge Heap Roots: 0.1ms
[97.042s][info][gc,phases      ] GC(771)   Evacuate Collection Set: 11.7ms
[97.042s][info][gc,phases      ] GC(771)   Post Evacuate Collection Set: 0.6ms
[97.042s][info][gc,phases      ] GC(771)   Other: 0.2ms
[97.042s][info][gc,heap        ] GC(771) Eden regions: 194->0(185)
[97.042s][info][gc,heap        ] GC(771) Survivor regions: 17->18(27)
[97.042s][info][gc,heap        ] GC(771) Old regions: 98->105
[97.042s][info][gc,heap        ] GC(771) Archive regions: 0->0
[97.042s][info][gc,heap        ] GC(771) Humongous regions: 12->12
[97.042s][info][gc,metaspace   ] GC(771) Metaspace: 61773K(62720K)->61773K(62720K) NonClass: 54194K(54720K)->54194K(54720K) Class: 7579K(8000K)->7579K(8000K)
[97.042s][info][gc             ] GC(771) Pause Young (Normal) (G1 Evacuation Pause) 316M->130M(357M) 13.102ms
[97.042s][info][gc,cpu         ] GC(771) User=0.13s Sys=0.00s Real=0.02s
[97.102s][info][gc,start       ] GC(772) Pause Young (Normal) (G1 Evacuation Pause)
[97.102s][info][gc,task        ] GC(772) Using 8 workers of 33 for evacuation
[97.120s][info][gc,phases      ] GC(772)   Pre Evacuate Collection Set: 0.1ms
[97.120s][info][gc,phases      ] GC(772)   Merge Heap Roots: 0.1ms
[97.120s][info][gc,phases      ] GC(772)   Evacuate Collection Set: 16.8ms
[97.120s][info][gc,phases      ] GC(772)   Post Evacuate Collection Set: 0.4ms
[97.120s][info][gc,phases      ] GC(772)   Other: 0.2ms
[97.120s][info][gc,heap        ] GC(772) Eden regions: 185->0(175)
[97.120s][info][gc,heap        ] GC(772) Survivor regions: 18->17(26)
[97.120s][info][gc,heap        ] GC(772) Old regions: 105->114
[97.120s][info][gc,heap        ] GC(772) Archive regions: 0->0
[97.120s][info][gc,heap        ] GC(772) Humongous regions: 15->15
[97.120s][info][gc,metaspace   ] GC(772) Metaspace: 61773K(62720K)->61773K(62720K) NonClass: 54194K(54720K)->54194K(54720K) Class: 7579K(8000K)->7579K(8000K)
[97.120s][info][gc             ] GC(772) Pause Young (Normal) (G1 Evacuation Pause) 318M->141M(357M) 18.048ms
[97.120s][info][gc,cpu         ] GC(772) User=0.13s Sys=0.00s Real=0.02s
[97.175s][info][gc,start       ] GC(773) Pause Young (Normal) (G1 Evacuation Pause)
[97.175s][info][gc,task        ] GC(773) Using 8 workers of 33 for evacuation
[97.188s][info][gc,phases      ] GC(773)   Pre Evacuate Collection Set: 0.1ms
[97.188s][info][gc,phases      ] GC(773)   Merge Heap Roots: 0.1ms
[97.188s][info][gc,phases      ] GC(773)   Evacuate Collection Set: 11.3ms
[97.188s][info][gc,phases      ] GC(773)   Post Evacuate Collection Set: 1.2ms
[97.188s][info][gc,phases      ] GC(773)   Other: 0.2ms
[97.188s][info][gc,heap        ] GC(773) Eden regions: 175->0(219)
[97.189s][info][gc,heap        ] GC(773) Survivor regions: 17->16(24)
[97.189s][info][gc,heap        ] GC(773) Old regions: 114->123
[97.189s][info][gc,heap        ] GC(773) Archive regions: 0->0
[97.189s][info][gc,heap        ] GC(773) Humongous regions: 15->15
[97.189s][info][gc,metaspace   ] GC(773) Metaspace: 61773K(62720K)->61773K(62720K) NonClass: 54194K(54720K)->54194K(54720K) Class: 7579K(8000K)->7579K(8000K)
[97.189s][info][gc             ] GC(773) Pause Young (Normal) (G1 Evacuation Pause) 316M->148M(410M) 13.327ms
[97.189s][info][gc,cpu         ] GC(773) User=0.00s Sys=0.02s Real=0.02s
[97.283s][info][gc,start       ] GC(774) Pause Young (Normal) (G1 Evacuation Pause)
[97.283s][info][gc,task        ] GC(774) Using 9 workers of 33 for evacuation
[97.292s][info][gc,phases      ] GC(774)   Pre Evacuate Collection Set: 0.1ms
[97.292s][info][gc,phases      ] GC(774)   Merge Heap Roots: 0.1ms
[97.292s][info][gc,phases      ] GC(774)   Evacuate Collection Set: 8.0ms
[97.292s][info][gc,phases      ] GC(774)   Post Evacuate Collection Set: 0.4ms
[97.292s][info][gc,phases      ] GC(774)   Other: 0.2ms
[97.292s][info][gc,heap        ] GC(774) Eden regions: 219->0(213)
[97.292s][info][gc,heap        ] GC(774) Survivor regions: 16->19(30)
[97.292s][info][gc,heap        ] GC(774) Old regions: 123->123
[97.292s][info][gc,heap        ] GC(774) Archive regions: 0->0
[97.293s][info][gc,heap        ] GC(774) Humongous regions: 15->15
[97.293s][info][gc,metaspace   ] GC(774) Metaspace: 61779K(62720K)->61779K(62720K) NonClass: 54200K(54720K)->54200K(54720K) Class: 7579K(8000K)->7579K(8000K)
[97.293s][info][gc             ] GC(774) Pause Young (Normal) (G1 Evacuation Pause) 367M->151M(410M) 9.334ms
[97.293s][info][gc,cpu         ] GC(774) User=0.14s Sys=0.00s Real=0.02s
[97.370s][info][gc,start       ] GC(775) Pause Young (Normal) (G1 Evacuation Pause)
[97.371s][info][gc,task        ] GC(775) Using 9 workers of 33 for evacuation
[97.378s][info][gc,phases      ] GC(775)   Pre Evacuate Collection Set: 0.1ms
[97.378s][info][gc,phases      ] GC(775)   Merge Heap Roots: 0.1ms
[97.378s][info][gc,phases      ] GC(775)   Evacuate Collection Set: 6.6ms
[97.378s][info][gc,phases      ] GC(775)   Post Evacuate Collection Set: 0.4ms
[97.378s][info][gc,phases      ] GC(775)   Other: 0.2ms
[97.378s][info][gc,heap        ] GC(775) Eden regions: 213->0(222)
[97.378s][info][gc,heap        ] GC(775) Survivor regions: 19->11(29)
[97.378s][info][gc,heap        ] GC(775) Old regions: 123->130
[97.378s][info][gc,heap        ] GC(775) Archive regions: 0->0
[97.378s][info][gc,heap        ] GC(775) Humongous regions: 15->15
[97.378s][info][gc,metaspace   ] GC(775) Metaspace: 61779K(62720K)->61779K(62720K) NonClass: 54200K(54720K)->54200K(54720K) Class: 7579K(8000K)->7579K(8000K)
[97.378s][info][gc             ] GC(775) Pause Young (Normal) (G1 Evacuation Pause) 364M->151M(410M) 7.823ms
[97.378s][info][gc,cpu         ] GC(775) User=0.00s Sys=0.00s Real=0.00s
[97.451s][info][gc,start       ] GC(776) Pause Young (Normal) (G1 Evacuation Pause)
[97.451s][info][gc,task        ] GC(776) Using 9 workers of 33 for evacuation
[97.456s][info][gc,phases      ] GC(776)   Pre Evacuate Collection Set: 0.1ms
[97.456s][info][gc,phases      ] GC(776)   Merge Heap Roots: 0.1ms
[97.456s][info][gc,phases      ] GC(776)   Evacuate Collection Set: 4.1ms
[97.456s][info][gc,phases      ] GC(776)   Post Evacuate Collection Set: 0.4ms
[97.456s][info][gc,phases      ] GC(776)   Other: 0.2ms
[97.456s][info][gc,heap        ] GC(776) Eden regions: 222->0(220)
[97.456s][info][gc,heap        ] GC(776) Survivor regions: 11->12(30)
[97.456s][info][gc,heap        ] GC(776) Old regions: 130->130
[97.457s][info][gc,heap        ] GC(776) Archive regions: 0->0
[97.457s][info][gc,heap        ] GC(776) Humongous regions: 15->15
[97.457s][info][gc,metaspace   ] GC(776) Metaspace: 61779K(62720K)->61779K(62720K) NonClass: 54200K(54720K)->54200K(54720K) Class: 7579K(8000K)->7579K(8000K)
[97.457s][info][gc             ] GC(776) Pause Young (Normal) (G1 Evacuation Pause) 373M->152M(410M) 5.313ms
[97.457s][info][gc,cpu         ] GC(776) User=0.00s Sys=0.00s Real=0.00s
[97.530s][info][gc,start       ] GC(777) Pause Young (Normal) (G1 Evacuation Pause)
[97.531s][info][gc,task        ] GC(777) Using 9 workers of 33 for evacuation
[97.536s][info][gc,phases      ] GC(777)   Pre Evacuate Collection Set: 0.1ms
[97.536s][info][gc,phases      ] GC(777)   Merge Heap Roots: 0.1ms
[97.536s][info][gc,phases      ] GC(777)   Evacuate Collection Set: 4.9ms
[97.536s][info][gc,phases      ] GC(777)   Post Evacuate Collection Set: 0.4ms
[97.536s][info][gc,phases      ] GC(777)   Other: 0.2ms
[97.536s][info][gc,heap        ] GC(777) Eden regions: 220->0(222)
[97.536s][info][gc,heap        ] GC(777) Survivor regions: 12->11(29)
[97.536s][info][gc,heap        ] GC(777) Old regions: 130->130
[97.536s][info][gc,heap        ] GC(777) Archive regions: 0->0
[97.537s][info][gc,heap        ] GC(777) Humongous regions: 15->15
[97.537s][info][gc,metaspace   ] GC(777) Metaspace: 61779K(62720K)->61779K(62720K) NonClass: 54200K(54720K)->54200K(54720K) Class: 7579K(8000K)->7579K(8000K)
[97.537s][info][gc             ] GC(777) Pause Young (Normal) (G1 Evacuation Pause) 372M->151M(410M) 6.126ms
[97.537s][info][gc,cpu         ] GC(777) User=0.00s Sys=0.00s Real=0.00s
[97.653s][info][gc,start       ] GC(778) Pause Young (Normal) (G1 Evacuation Pause)
[97.653s][info][gc,task        ] GC(778) Using 9 workers of 33 for evacuation
[97.659s][info][gc,phases      ] GC(778)   Pre Evacuate Collection Set: 0.1ms
[97.659s][info][gc,phases      ] GC(778)   Merge Heap Roots: 0.1ms
[97.659s][info][gc,phases      ] GC(778)   Evacuate Collection Set: 5.0ms
[97.659s][info][gc,phases      ] GC(778)   Post Evacuate Collection Set: 0.6ms
[97.659s][info][gc,phases      ] GC(778)   Other: 0.1ms
[97.660s][info][gc,heap        ] GC(778) Eden regions: 222->0(222)
[97.660s][info][gc,heap        ] GC(778) Survivor regions: 11->11(30)
[97.660s][info][gc,heap        ] GC(778) Old regions: 130->130
[97.660s][info][gc,heap        ] GC(778) Archive regions: 0->0
[97.660s][info][gc,heap        ] GC(778) Humongous regions: 15->15
[97.660s][info][gc,metaspace   ] GC(778) Metaspace: 61779K(62720K)->61779K(62720K) NonClass: 54200K(54720K)->54200K(54720K) Class: 7579K(8000K)->7579K(8000K)
[97.660s][info][gc             ] GC(778) Pause Young (Normal) (G1 Evacuation Pause) 373M->151M(410M) 6.394ms
[97.660s][info][gc,cpu         ] GC(778) User=0.00s Sys=0.00s Real=0.00s
[97.827s][info][gc,start       ] GC(779) Pause Young (Normal) (G1 Evacuation Pause)
[97.827s][info][gc,task        ] GC(779) Using 9 workers of 33 for evacuation
[97.833s][info][gc,phases      ] GC(779)   Pre Evacuate Collection Set: 0.1ms
[97.833s][info][gc,phases      ] GC(779)   Merge Heap Roots: 0.1ms
[97.833s][info][gc,phases      ] GC(779)   Evacuate Collection Set: 5.3ms
[97.833s][info][gc,phases      ] GC(779)   Post Evacuate Collection Set: 0.4ms
[97.833s][info][gc,phases      ] GC(779)   Other: 0.2ms
[97.833s][info][gc,heap        ] GC(779) Eden regions: 222->0(222)
[97.833s][info][gc,heap        ] GC(779) Survivor regions: 11->11(30)
[97.833s][info][gc,heap        ] GC(779) Old regions: 130->130
[97.833s][info][gc,heap        ] GC(779) Archive regions: 0->0
[97.833s][info][gc,heap        ] GC(779) Humongous regions: 15->15
[97.833s][info][gc,metaspace   ] GC(779) Metaspace: 61779K(62720K)->61779K(62720K) NonClass: 54200K(54720K)->54200K(54720K) Class: 7579K(8000K)->7579K(8000K)
[97.833s][info][gc             ] GC(779) Pause Young (Normal) (G1 Evacuation Pause) 373M->151M(410M) 6.653ms
[97.833s][info][gc,cpu         ] GC(779) User=0.02s Sys=0.00s Real=0.02s
[97.989s][info][gc,start       ] GC(780) Pause Young (Normal) (G1 Evacuation Pause)
[97.989s][info][gc,task        ] GC(780) Using 9 workers of 33 for evacuation
[97.994s][info][gc,phases      ] GC(780)   Pre Evacuate Collection Set: 0.1ms
[97.994s][info][gc,phases      ] GC(780)   Merge Heap Roots: 0.1ms
[97.994s][info][gc,phases      ] GC(780)   Evacuate Collection Set: 5.0ms
[97.995s][info][gc,phases      ] GC(780)   Post Evacuate Collection Set: 0.4ms
[97.995s][info][gc,phases      ] GC(780)   Other: 0.1ms
[97.995s][info][gc,heap        ] GC(780) Eden regions: 222->0(222)
[97.995s][info][gc,heap        ] GC(780) Survivor regions: 11->11(30)
[97.995s][info][gc,heap        ] GC(780) Old regions: 130->130
[97.995s][info][gc,heap        ] GC(780) Archive regions: 0->0
[97.995s][info][gc,heap        ] GC(780) Humongous regions: 15->15
[97.995s][info][gc,metaspace   ] GC(780) Metaspace: 61779K(62720K)->61779K(62720K) NonClass: 54200K(54720K)->54200K(54720K) Class: 7579K(8000K)->7579K(8000K)
[97.995s][info][gc             ] GC(780) Pause Young (Normal) (G1 Evacuation Pause) 373M->151M(410M) 6.208ms
[97.995s][info][gc,cpu         ] GC(780) User=0.00s Sys=0.00s Real=0.00s
[98.136s][info][gc,start       ] GC(781) Pause Young (Normal) (G1 Evacuation Pause)
[98.136s][info][gc,task        ] GC(781) Using 9 workers of 33 for evacuation
[98.141s][info][gc,phases      ] GC(781)   Pre Evacuate Collection Set: 0.1ms
[98.141s][info][gc,phases      ] GC(781)   Merge Heap Roots: 0.1ms
[98.141s][info][gc,phases      ] GC(781)   Evacuate Collection Set: 5.0ms
[98.141s][info][gc,phases      ] GC(781)   Post Evacuate Collection Set: 0.4ms
[98.142s][info][gc,phases      ] GC(781)   Other: 0.1ms
[98.142s][info][gc,heap        ] GC(781) Eden regions: 222->0(222)
[98.142s][info][gc,heap        ] GC(781) Survivor regions: 11->11(30)
[98.142s][info][gc,heap        ] GC(781) Old regions: 130->130
[98.142s][info][gc,heap        ] GC(781) Archive regions: 0->0
[98.142s][info][gc,heap        ] GC(781) Humongous regions: 15->15
[98.142s][info][gc,metaspace   ] GC(781) Metaspace: 61779K(62720K)->61779K(62720K) NonClass: 54200K(54720K)->54200K(54720K) Class: 7579K(8000K)->7579K(8000K)
[98.142s][info][gc             ] GC(781) Pause Young (Normal) (G1 Evacuation Pause) 373M->151M(410M) 6.241ms
[98.142s][info][gc,cpu         ] GC(781) User=0.14s Sys=0.00s Real=0.01s
[98.239s][info][gc,start       ] GC(782) Pause Full (System.gc())
[98.240s][info][gc,task        ] GC(782) Using 9 workers of 33 for full compaction
[98.240s][info][gc,phases,start] GC(782) Phase 1: Mark live objects
[98.275s][info][gc,phases      ] GC(782) Phase 1: Mark live objects 34.838ms
[98.275s][info][gc,phases,start] GC(782) Phase 2: Prepare compaction
[98.280s][info][gc,phases      ] GC(782) Phase 2: Prepare compaction 4.625ms
[98.280s][info][gc,phases,start] GC(782) Phase 3: Adjust pointers
[98.288s][info][gc,phases      ] GC(782) Phase 3: Adjust pointers 8.190ms
[98.288s][info][gc,phases,start] GC(782) Phase 4: Compact heap
[98.289s][info][gc,phases      ] GC(782) Phase 4: Compact heap 0.764ms
[98.303s][info][gc,heap        ] GC(782) Eden regions: 124->0(216)
[98.303s][info][gc,heap        ] GC(782) Survivor regions: 11->0(30)
[98.303s][info][gc,heap        ] GC(782) Old regions: 130->99
[98.303s][info][gc,heap        ] GC(782) Archive regions: 0->0
[98.303s][info][gc,heap        ] GC(782) Humongous regions: 20->9
[98.303s][info][gc,metaspace   ] GC(782) Metaspace: 61791K(62720K)->61791K(62720K) NonClass: 54212K(54720K)->54212K(54720K) Class: 7579K(8000K)->7579K(8000K)
[98.303s][info][gc             ] GC(782) Pause Full (System.gc()) 279M->102M(360M) 63.243ms
[98.303s][info][gc,cpu         ] GC(782) User=0.44s Sys=0.00s Real=0.06s
[98.448s][info][gc,start       ] GC(783) Pause Young (Normal) (G1 Evacuation Pause)
[98.448s][info][gc,task        ] GC(783) Using 8 workers of 33 for evacuation
[98.454s][info][gc,phases      ] GC(783)   Pre Evacuate Collection Set: 0.2ms
[98.454s][info][gc,phases      ] GC(783)   Merge Heap Roots: 0.1ms
[98.454s][info][gc,phases      ] GC(783)   Evacuate Collection Set: 4.0ms
[98.454s][info][gc,phases      ] GC(783)   Post Evacuate Collection Set: 1.1ms
[98.454s][info][gc,phases      ] GC(783)   Other: 0.2ms
[98.454s][info][gc,heap        ] GC(783) Eden regions: 216->0(226)
[98.454s][info][gc,heap        ] GC(783) Survivor regions: 0->8(27)
[98.454s][info][gc,heap        ] GC(783) Old regions: 99->99
[98.454s][info][gc,heap        ] GC(783) Archive regions: 0->0
[98.454s][info][gc,heap        ] GC(783) Humongous regions: 19->9
[98.454s][info][gc,metaspace   ] GC(783) Metaspace: 61794K(62720K)->61794K(62720K) NonClass: 54215K(54720K)->54215K(54720K) Class: 7579K(8000K)->7579K(8000K)
[98.454s][info][gc             ] GC(783) Pause Young (Normal) (G1 Evacuation Pause) 328M->109M(391M) 6.034ms
[98.454s][info][gc,cpu         ] GC(783) User=0.00s Sys=0.00s Real=0.00s
[98.541s][info][gc,start       ] GC(784) Pause Young (Normal) (G1 Evacuation Pause)
[98.541s][info][gc,task        ] GC(784) Using 9 workers of 33 for evacuation
[98.552s][info][gc,phases      ] GC(784)   Pre Evacuate Collection Set: 0.1ms
[98.552s][info][gc,phases      ] GC(784)   Merge Heap Roots: 0.1ms
[98.552s][info][gc,phases      ] GC(784)   Evacuate Collection Set: 9.5ms
[98.552s][info][gc,phases      ] GC(784)   Post Evacuate Collection Set: 0.7ms
[98.552s][info][gc,phases      ] GC(784)   Other: 0.2ms
[98.552s][info][gc,heap        ] GC(784) Eden regions: 226->0(218)
[98.552s][info][gc,heap        ] GC(784) Survivor regions: 8->16(30)
[98.552s][info][gc,heap        ] GC(784) Old regions: 99->99
[98.552s][info][gc,heap        ] GC(784) Archive regions: 0->0
[98.552s][info][gc,heap        ] GC(784) Humongous regions: 12->12
[98.552s][info][gc,metaspace   ] GC(784) Metaspace: 61794K(62720K)->61794K(62720K) NonClass: 54215K(54720K)->54215K(54720K) Class: 7579K(8000K)->7579K(8000K)
[98.553s][info][gc             ] GC(784) Pause Young (Normal) (G1 Evacuation Pause) 338M->121M(391M) 11.114ms
[98.553s][info][gc,cpu         ] GC(784) User=0.14s Sys=0.00s Real=0.02s
[98.622s][info][gc,start       ] GC(785) Pause Young (Normal) (G1 Evacuation Pause)
[98.622s][info][gc,task        ] GC(785) Using 9 workers of 33 for evacuation
[98.633s][info][gc,phases      ] GC(785)   Pre Evacuate Collection Set: 0.1ms
[98.633s][info][gc,phases      ] GC(785)   Merge Heap Roots: 0.1ms
[98.633s][info][gc,phases      ] GC(785)   Evacuate Collection Set: 10.5ms
[98.633s][info][gc,phases      ] GC(785)   Post Evacuate Collection Set: 0.7ms
[98.633s][info][gc,phases      ] GC(785)   Other: 0.2ms
[98.633s][info][gc,heap        ] GC(785) Eden regions: 218->0(207)
[98.634s][info][gc,heap        ] GC(785) Survivor regions: 16->26(30)
[98.634s][info][gc,heap        ] GC(785) Old regions: 99->99
[98.634s][info][gc,heap        ] GC(785) Archive regions: 0->0
[98.634s][info][gc,heap        ] GC(785) Humongous regions: 12->12
[98.634s][info][gc,metaspace   ] GC(785) Metaspace: 61794K(62720K)->61794K(62720K) NonClass: 54215K(54720K)->54215K(54720K) Class: 7579K(8000K)->7579K(8000K)
[98.634s][info][gc             ] GC(785) Pause Young (Normal) (G1 Evacuation Pause) 339M->130M(391M) 12.011ms
[98.634s][info][gc,cpu         ] GC(785) User=0.14s Sys=0.00s Real=0.02s
[98.699s][info][gc,start       ] GC(786) Pause Young (Normal) (G1 Evacuation Pause)
[98.699s][info][gc,task        ] GC(786) Using 9 workers of 33 for evacuation
[98.714s][info][gc,phases      ] GC(786)   Pre Evacuate Collection Set: 0.1ms
[98.715s][info][gc,phases      ] GC(786)   Merge Heap Roots: 0.2ms
[98.715s][info][gc,phases      ] GC(786)   Evacuate Collection Set: 14.8ms
[98.715s][info][gc,phases      ] GC(786)   Post Evacuate Collection Set: 0.4ms
[98.715s][info][gc,phases      ] GC(786)   Other: 0.2ms
[98.715s][info][gc,heap        ] GC(786) Eden regions: 207->0(202)
[98.715s][info][gc,heap        ] GC(786) Survivor regions: 26->19(30)
[98.715s][info][gc,heap        ] GC(786) Old regions: 99->115
[98.715s][info][gc,heap        ] GC(786) Archive regions: 0->0
[98.715s][info][gc,heap        ] GC(786) Humongous regions: 15->15
[98.715s][info][gc,metaspace   ] GC(786) Metaspace: 61794K(62720K)->61794K(62720K) NonClass: 54215K(54720K)->54215K(54720K) Class: 7579K(8000K)->7579K(8000K)
[98.715s][info][gc             ] GC(786) Pause Young (Normal) (G1 Evacuation Pause) 340M->143M(391M) 16.061ms
[98.715s][info][gc,cpu         ] GC(786) User=0.14s Sys=0.00s Real=0.01s
[98.779s][info][gc,start       ] GC(787) Pause Young (Normal) (G1 Evacuation Pause)
[98.779s][info][gc,task        ] GC(787) Using 9 workers of 33 for evacuation
[98.792s][info][gc,phases      ] GC(787)   Pre Evacuate Collection Set: 0.1ms
[98.792s][info][gc,phases      ] GC(787)   Merge Heap Roots: 0.1ms
[98.792s][info][gc,phases      ] GC(787)   Evacuate Collection Set: 12.7ms
[98.792s][info][gc,phases      ] GC(787)   Post Evacuate Collection Set: 0.4ms
[98.792s][info][gc,phases      ] GC(787)   Other: 0.2ms
[98.793s][info][gc,heap        ] GC(787) Eden regions: 202->0(195)
[98.793s][info][gc,heap        ] GC(787) Survivor regions: 19->18(28)
[98.793s][info][gc,heap        ] GC(787) Old regions: 115->124
[98.793s][info][gc,heap        ] GC(787) Archive regions: 0->0
[98.793s][info][gc,heap        ] GC(787) Humongous regions: 15->15
[98.793s][info][gc,metaspace   ] GC(787) Metaspace: 61794K(62720K)->61794K(62720K) NonClass: 54215K(54720K)->54215K(54720K) Class: 7579K(8000K)->7579K(8000K)
[98.793s][info][gc             ] GC(787) Pause Young (Normal) (G1 Evacuation Pause) 345M->151M(391M) 14.021ms
[98.793s][info][gc,cpu         ] GC(787) User=0.14s Sys=0.00s Real=0.01s
[98.870s][info][gc,start       ] GC(788) Pause Young (Normal) (G1 Evacuation Pause)
[98.871s][info][gc,task        ] GC(788) Using 9 workers of 33 for evacuation
[98.878s][info][gc,phases      ] GC(788)   Pre Evacuate Collection Set: 0.1ms
[98.878s][info][gc,phases      ] GC(788)   Merge Heap Roots: 0.1ms
[98.878s][info][gc,phases      ] GC(788)   Evacuate Collection Set: 6.5ms
[98.878s][info][gc,phases      ] GC(788)   Post Evacuate Collection Set: 0.8ms
[98.878s][info][gc,phases      ] GC(788)   Other: 0.2ms
[98.878s][info][gc,heap        ] GC(788) Eden regions: 195->0(226)
[98.878s][info][gc,heap        ] GC(788) Survivor regions: 18->10(27)
[98.878s][info][gc,heap        ] GC(788) Old regions: 124->133
[98.878s][info][gc,heap        ] GC(788) Archive regions: 0->0
[98.879s][info][gc,heap        ] GC(788) Humongous regions: 15->15
[98.879s][info][gc,metaspace   ] GC(788) Metaspace: 61794K(62720K)->61794K(62720K) NonClass: 54215K(54720K)->54215K(54720K) Class: 7579K(8000K)->7579K(8000K)
[98.879s][info][gc             ] GC(788) Pause Young (Normal) (G1 Evacuation Pause) 346M->152M(416M) 8.134ms
[98.879s][info][gc,cpu         ] GC(788) User=0.02s Sys=0.00s Real=0.02s
[98.968s][info][gc,start       ] GC(789) Pause Young (Normal) (G1 Evacuation Pause)
[98.969s][info][gc,task        ] GC(789) Using 10 workers of 33 for evacuation
[98.973s][info][gc,phases      ] GC(789)   Pre Evacuate Collection Set: 0.1ms
[98.973s][info][gc,phases      ] GC(789)   Merge Heap Roots: 0.1ms
[98.973s][info][gc,phases      ] GC(789)   Evacuate Collection Set: 3.4ms
[98.973s][info][gc,phases      ] GC(789)   Post Evacuate Collection Set: 0.4ms
[98.973s][info][gc,phases      ] GC(789)   Other: 0.2ms
[98.973s][info][gc,heap        ] GC(789) Eden regions: 226->0(226)
[98.973s][info][gc,heap        ] GC(789) Survivor regions: 10->10(30)
[98.973s][info][gc,heap        ] GC(789) Old regions: 133->133
[98.973s][info][gc,heap        ] GC(789) Archive regions: 0->0
[98.973s][info][gc,heap        ] GC(789) Humongous regions: 15->15
[98.973s][info][gc,metaspace   ] GC(789) Metaspace: 61794K(62720K)->61794K(62720K) NonClass: 54215K(54720K)->54215K(54720K) Class: 7579K(8000K)->7579K(8000K)
[98.973s][info][gc             ] GC(789) Pause Young (Normal) (G1 Evacuation Pause) 378M->151M(416M) 4.666ms
[98.973s][info][gc,cpu         ] GC(789) User=0.16s Sys=0.00s Real=0.02s
[99.059s][info][gc,start       ] GC(790) Pause Young (Normal) (G1 Evacuation Pause)
[99.059s][info][gc,task        ] GC(790) Using 10 workers of 33 for evacuation
[99.063s][info][gc,phases      ] GC(790)   Pre Evacuate Collection Set: 0.1ms
[99.064s][info][gc,phases      ] GC(790)   Merge Heap Roots: 0.1ms
[99.064s][info][gc,phases      ] GC(790)   Evacuate Collection Set: 3.4ms
[99.064s][info][gc,phases      ] GC(790)   Post Evacuate Collection Set: 0.4ms
[99.064s][info][gc,phases      ] GC(790)   Other: 0.1ms
[99.064s][info][gc,heap        ] GC(790) Eden regions: 226->0(228)
[99.064s][info][gc,heap        ] GC(790) Survivor regions: 10->9(30)
[99.064s][info][gc,heap        ] GC(790) Old regions: 133->133
[99.064s][info][gc,heap        ] GC(790) Archive regions: 0->0
[99.064s][info][gc,heap        ] GC(790) Humongous regions: 15->15
[99.064s][info][gc,metaspace   ] GC(790) Metaspace: 61794K(62720K)->61794K(62720K) NonClass: 54215K(54720K)->54215K(54720K) Class: 7579K(8000K)->7579K(8000K)
[99.064s][info][gc             ] GC(790) Pause Young (Normal) (G1 Evacuation Pause) 377M->151M(416M) 4.577ms
[99.064s][info][gc,cpu         ] GC(790) User=0.00s Sys=0.00s Real=0.00s
[99.139s][info][gc,start       ] GC(791) Pause Young (Normal) (G1 Evacuation Pause)
[99.139s][info][gc,task        ] GC(791) Using 10 workers of 33 for evacuation
[99.143s][info][gc,phases      ] GC(791)   Pre Evacuate Collection Set: 0.1ms
[99.143s][info][gc,phases      ] GC(791)   Merge Heap Roots: 0.1ms
[99.143s][info][gc,phases      ] GC(791)   Evacuate Collection Set: 3.3ms
[99.143s][info][gc,phases      ] GC(791)   Post Evacuate Collection Set: 0.4ms
[99.143s][info][gc,phases      ] GC(791)   Other: 0.1ms
[99.143s][info][gc,heap        ] GC(791) Eden regions: 228->0(228)
[99.143s][info][gc,heap        ] GC(791) Survivor regions: 9->9(30)
[99.143s][info][gc,heap        ] GC(791) Old regions: 133->133
[99.143s][info][gc,heap        ] GC(791) Archive regions: 0->0
[99.143s][info][gc,heap        ] GC(791) Humongous regions: 15->15
[99.143s][info][gc,metaspace   ] GC(791) Metaspace: 61794K(62720K)->61794K(62720K) NonClass: 54215K(54720K)->54215K(54720K) Class: 7579K(8000K)->7579K(8000K)
[99.143s][info][gc             ] GC(791) Pause Young (Normal) (G1 Evacuation Pause) 379M->150M(416M) 4.513ms
[99.143s][info][gc,cpu         ] GC(791) User=0.00s Sys=0.00s Real=0.00s
[99.282s][info][gc,start       ] GC(792) Pause Young (Normal) (G1 Evacuation Pause)
[99.282s][info][gc,task        ] GC(792) Using 10 workers of 33 for evacuation
[99.286s][info][gc,phases      ] GC(792)   Pre Evacuate Collection Set: 0.1ms
[99.286s][info][gc,phases      ] GC(792)   Merge Heap Roots: 0.1ms
[99.286s][info][gc,phases      ] GC(792)   Evacuate Collection Set: 3.6ms
[99.287s][info][gc,phases      ] GC(792)   Post Evacuate Collection Set: 0.6ms
[99.287s][info][gc,phases      ] GC(792)   Other: 0.2ms
[99.287s][info][gc,heap        ] GC(792) Eden regions: 228->0(226)
[99.287s][info][gc,heap        ] GC(792) Survivor regions: 9->10(30)
[99.287s][info][gc,heap        ] GC(792) Old regions: 133->133
[99.287s][info][gc,heap        ] GC(792) Archive regions: 0->0
[99.287s][info][gc,heap        ] GC(792) Humongous regions: 15->15
[99.287s][info][gc,metaspace   ] GC(792) Metaspace: 61797K(62720K)->61797K(62720K) NonClass: 54217K(54720K)->54217K(54720K) Class: 7579K(8000K)->7579K(8000K)
[99.287s][info][gc             ] GC(792) Pause Young (Normal) (G1 Evacuation Pause) 378M->151M(416M) 5.062ms
[99.287s][info][gc,cpu         ] GC(792) User=0.16s Sys=0.00s Real=0.01s
[99.429s][info][gc,start       ] GC(793) Pause Young (Normal) (G1 Evacuation Pause)
[99.429s][info][gc,task        ] GC(793) Using 10 workers of 33 for evacuation
[99.434s][info][gc,phases      ] GC(793)   Pre Evacuate Collection Set: 0.1ms
[99.434s][info][gc,phases      ] GC(793)   Merge Heap Roots: 0.1ms
[99.434s][info][gc,phases      ] GC(793)   Evacuate Collection Set: 3.6ms
[99.434s][info][gc,phases      ] GC(793)   Post Evacuate Collection Set: 0.4ms
[99.434s][info][gc,phases      ] GC(793)   Other: 0.2ms
[99.434s][info][gc,heap        ] GC(793) Eden regions: 226->0(226)
[99.434s][info][gc,heap        ] GC(793) Survivor regions: 10->10(30)
[99.434s][info][gc,heap        ] GC(793) Old regions: 133->133
[99.434s][info][gc,heap        ] GC(793) Archive regions: 0->0
[99.434s][info][gc,heap        ] GC(793) Humongous regions: 15->15
[99.434s][info][gc,metaspace   ] GC(793) Metaspace: 61797K(62720K)->61797K(62720K) NonClass: 54217K(54720K)->54217K(54720K) Class: 7579K(8000K)->7579K(8000K)
[99.434s][info][gc             ] GC(793) Pause Young (Normal) (G1 Evacuation Pause) 377M->151M(416M) 4.829ms
[99.434s][info][gc,cpu         ] GC(793) User=0.00s Sys=0.00s Real=0.00s
[99.577s][info][gc,start       ] GC(794) Pause Young (Normal) (G1 Evacuation Pause)
[99.577s][info][gc,task        ] GC(794) Using 10 workers of 33 for evacuation
[99.582s][info][gc,phases      ] GC(794)   Pre Evacuate Collection Set: 0.1ms
[99.582s][info][gc,phases      ] GC(794)   Merge Heap Roots: 0.1ms
[99.582s][info][gc,phases      ] GC(794)   Evacuate Collection Set: 3.6ms
[99.582s][info][gc,phases      ] GC(794)   Post Evacuate Collection Set: 0.4ms
[99.582s][info][gc,phases      ] GC(794)   Other: 0.1ms
[99.582s][info][gc,heap        ] GC(794) Eden regions: 226->0(226)
[99.582s][info][gc,heap        ] GC(794) Survivor regions: 10->10(30)
[99.582s][info][gc,heap        ] GC(794) Old regions: 133->133
[99.582s][info][gc,heap        ] GC(794) Archive regions: 0->0
[99.582s][info][gc,heap        ] GC(794) Humongous regions: 15->15
[99.582s][info][gc,metaspace   ] GC(794) Metaspace: 61797K(62720K)->61797K(62720K) NonClass: 54217K(54720K)->54217K(54720K) Class: 7579K(8000K)->7579K(8000K)
[99.582s][info][gc             ] GC(794) Pause Young (Normal) (G1 Evacuation Pause) 377M->151M(416M) 4.808ms
[99.582s][info][gc,cpu         ] GC(794) User=0.16s Sys=0.00s Real=0.02s
[99.725s][info][gc,start       ] GC(795) Pause Young (Normal) (G1 Evacuation Pause)
[99.725s][info][gc,task        ] GC(795) Using 10 workers of 33 for evacuation
[99.729s][info][gc,phases      ] GC(795)   Pre Evacuate Collection Set: 0.1ms
[99.729s][info][gc,phases      ] GC(795)   Merge Heap Roots: 0.1ms
[99.729s][info][gc,phases      ] GC(795)   Evacuate Collection Set: 3.5ms
[99.729s][info][gc,phases      ] GC(795)   Post Evacuate Collection Set: 0.4ms
[99.729s][info][gc,phases      ] GC(795)   Other: 0.1ms
[99.729s][info][gc,heap        ] GC(795) Eden regions: 226->0(226)
[99.729s][info][gc,heap        ] GC(795) Survivor regions: 10->10(30)
[99.729s][info][gc,heap        ] GC(795) Old regions: 133->133
[99.729s][info][gc,heap        ] GC(795) Archive regions: 0->0
[99.729s][info][gc,heap        ] GC(795) Humongous regions: 15->15
[99.729s][info][gc,metaspace   ] GC(795) Metaspace: 61797K(62720K)->61797K(62720K) NonClass: 54217K(54720K)->54217K(54720K) Class: 7579K(8000K)->7579K(8000K)
[99.729s][info][gc             ] GC(795) Pause Young (Normal) (G1 Evacuation Pause) 377M->151M(416M) 4.754ms
[99.729s][info][gc,cpu         ] GC(795) User=0.00s Sys=0.00s Real=0.00s
[99.754s][info][gc,start       ] GC(796) Pause Full (System.gc())
[99.754s][info][gc,task        ] GC(796) Using 10 workers of 33 for full compaction
[99.755s][info][gc,phases,start] GC(796) Phase 1: Mark live objects
[99.784s][info][gc,phases      ] GC(796) Phase 1: Mark live objects 28.705ms
[99.784s][info][gc,phases,start] GC(796) Phase 2: Prepare compaction
[99.788s][info][gc,phases      ] GC(796) Phase 2: Prepare compaction 3.789ms
[99.788s][info][gc,phases,start] GC(796) Phase 3: Adjust pointers
[99.796s][info][gc,phases      ] GC(796) Phase 3: Adjust pointers 8.299ms
[99.796s][info][gc,phases,start] GC(796) Phase 4: Compact heap
[99.796s][info][gc,phases      ] GC(796) Phase 4: Compact heap 0.407ms
[99.811s][info][gc,heap        ] GC(796) Eden regions: 9->0(218)
[99.811s][info][gc,heap        ] GC(796) Survivor regions: 10->0(30)
[99.811s][info][gc,heap        ] GC(796) Old regions: 133->100
[99.811s][info][gc,heap        ] GC(796) Archive regions: 0->0
[99.811s][info][gc,heap        ] GC(796) Humongous regions: 20->9
[99.811s][info][gc,metaspace   ] GC(796) Metaspace: 61803K(62720K)->61803K(62720K) NonClass: 54224K(54720K)->54224K(54720K) Class: 7579K(8000K)->7579K(8000K)
[99.811s][info][gc             ] GC(796) Pause Full (System.gc()) 165M->102M(364M) 56.662ms
[99.811s][info][gc,cpu         ] GC(796) User=0.19s Sys=0.00s Real=0.05s
[99.953s][info][gc,start       ] GC(797) Pause Young (Normal) (G1 Evacuation Pause)
[99.953s][info][gc,task        ] GC(797) Using 9 workers of 33 for evacuation
[99.958s][info][gc,phases      ] GC(797)   Pre Evacuate Collection Set: 0.2ms
[99.958s][info][gc,phases      ] GC(797)   Merge Heap Roots: 0.1ms
[99.958s][info][gc,phases      ] GC(797)   Evacuate Collection Set: 3.7ms
[99.958s][info][gc,phases      ] GC(797)   Post Evacuate Collection Set: 0.7ms
[99.958s][info][gc,phases      ] GC(797)   Other: 0.2ms
[99.958s][info][gc,heap        ] GC(797) Eden regions: 218->0(210)
[99.958s][info][gc,heap        ] GC(797) Survivor regions: 0->8(28)
[99.958s][info][gc,heap        ] GC(797) Old regions: 100->100
[99.959s][info][gc,heap        ] GC(797) Archive regions: 0->0
[99.959s][info][gc,heap        ] GC(797) Humongous regions: 19->9
[99.959s][info][gc,metaspace   ] GC(797) Metaspace: 61803K(62720K)->61803K(62720K) NonClass: 54224K(54720K)->54224K(54720K) Class: 7579K(8000K)->7579K(8000K)
[99.959s][info][gc             ] GC(797) Pause Young (Normal) (G1 Evacuation Pause) 330M->110M(364M) 5.337ms
[99.959s][info][gc,cpu         ] GC(797) User=0.14s Sys=0.00s Real=0.02s
[100.027s][info][gc,start       ] GC(798) Pause Young (Normal) (G1 Evacuation Pause)
[100.027s][info][gc,task        ] GC(798) Using 8 workers of 33 for evacuation
[100.038s][info][gc,phases      ] GC(798)   Pre Evacuate Collection Set: 0.1ms
[100.038s][info][gc,phases      ] GC(798)   Merge Heap Roots: 0.1ms
[100.038s][info][gc,phases      ] GC(798)   Evacuate Collection Set: 10.1ms
[100.038s][info][gc,phases      ] GC(798)   Post Evacuate Collection Set: 0.7ms
[100.038s][info][gc,phases      ] GC(798)   Other: 0.2ms
[100.038s][info][gc,heap        ] GC(798) Eden regions: 210->0(203)
[100.039s][info][gc,heap        ] GC(798) Survivor regions: 8->15(28)
[100.039s][info][gc,heap        ] GC(798) Old regions: 100->100
[100.039s][info][gc,heap        ] GC(798) Archive regions: 0->0
[100.039s][info][gc,heap        ] GC(798) Humongous regions: 12->12
[100.039s][info][gc,metaspace   ] GC(798) Metaspace: 61803K(62720K)->61803K(62720K) NonClass: 54224K(54720K)->54224K(54720K) Class: 7579K(8000K)->7579K(8000K)
[100.039s][info][gc             ] GC(798) Pause Young (Normal) (G1 Evacuation Pause) 323M->120M(364M) 11.689ms
[100.039s][info][gc,cpu         ] GC(798) User=0.13s Sys=0.00s Real=0.02s
[100.102s][info][gc,start       ] GC(799) Pause Young (Normal) (G1 Evacuation Pause)
[100.102s][info][gc,task        ] GC(799) Using 8 workers of 33 for evacuation
[100.115s][info][gc,phases      ] GC(799)   Pre Evacuate Collection Set: 0.1ms
[100.115s][info][gc,phases      ] GC(799)   Merge Heap Roots: 0.1ms
[100.115s][info][gc,phases      ] GC(799)   Evacuate Collection Set: 11.3ms
[100.115s][info][gc,phases      ] GC(799)   Post Evacuate Collection Set: 0.7ms
[100.115s][info][gc,phases      ] GC(799)   Other: 0.2ms
[100.115s][info][gc,heap        ] GC(799) Eden regions: 203->0(187)
[100.115s][info][gc,heap        ] GC(799) Survivor regions: 15->23(28)
[100.115s][info][gc,heap        ] GC(799) Old regions: 100->100
[100.115s][info][gc,heap        ] GC(799) Archive regions: 0->0
[100.115s][info][gc,heap        ] GC(799) Humongous regions: 12->12
[100.115s][info][gc,metaspace   ] GC(799) Metaspace: 61803K(62720K)->61803K(62720K) NonClass: 54224K(54720K)->54224K(54720K) Class: 7579K(8000K)->7579K(8000K)
[100.115s][info][gc             ] GC(799) Pause Young (Normal) (G1 Evacuation Pause) 323M->128M(364M) 12.852ms
[100.115s][info][gc,cpu         ] GC(799) User=0.13s Sys=0.00s Real=0.02s
[100.174s][info][gc,start       ] GC(800) Pause Young (Normal) (G1 Evacuation Pause)
[100.174s][info][gc,task        ] GC(800) Using 8 workers of 33 for evacuation
[100.190s][info][gc,phases      ] GC(800)   Pre Evacuate Collection Set: 0.2ms
[100.190s][info][gc,phases      ] GC(800)   Merge Heap Roots: 0.1ms
[100.190s][info][gc,phases      ] GC(800)   Evacuate Collection Set: 15.3ms
[100.190s][info][gc,phases      ] GC(800)   Post Evacuate Collection Set: 0.5ms
[100.191s][info][gc,phases      ] GC(800)   Other: 0.2ms
[100.191s][info][gc,heap        ] GC(800) Eden regions: 187->0(186)
[100.191s][info][gc,heap        ] GC(800) Survivor regions: 23->18(27)
[100.191s][info][gc,heap        ] GC(800) Old regions: 100->115
[100.191s][info][gc,heap        ] GC(800) Archive regions: 0->0
[100.191s][info][gc,heap        ] GC(800) Humongous regions: 15->15
[100.191s][info][gc,metaspace   ] GC(800) Metaspace: 61803K(62720K)->61803K(62720K) NonClass: 54224K(54720K)->54224K(54720K) Class: 7579K(8000K)->7579K(8000K)
[100.191s][info][gc             ] GC(800) Pause Young (Normal) (G1 Evacuation Pause) 318M->140M(372M) 16.798ms
[100.191s][info][gc,cpu         ] GC(800) User=0.45s Sys=0.02s Real=0.03s
[100.250s][info][gc,start       ] GC(801) Pause Young (Normal) (G1 Evacuation Pause)
[100.250s][info][gc,task        ] GC(801) Using 8 workers of 33 for evacuation
[100.263s][info][gc,phases      ] GC(801)   Pre Evacuate Collection Set: 0.1ms
[100.263s][info][gc,phases      ] GC(801)   Merge Heap Roots: 0.1ms
[100.263s][info][gc,phases      ] GC(801)   Evacuate Collection Set: 11.9ms
[100.263s][info][gc,phases      ] GC(801)   Post Evacuate Collection Set: 0.4ms
[100.263s][info][gc,phases      ] GC(801)   Other: 0.2ms
[100.263s][info][gc,heap        ] GC(801) Eden regions: 186->0(182)
[100.263s][info][gc,heap        ] GC(801) Survivor regions: 18->16(26)
[100.263s][info][gc,heap        ] GC(801) Old regions: 115->123
[100.263s][info][gc,heap        ] GC(801) Archive regions: 0->0
[100.263s][info][gc,heap        ] GC(801) Humongous regions: 15->15
[100.263s][info][gc,metaspace   ] GC(801) Metaspace: 61803K(62720K)->61803K(62720K) NonClass: 54224K(54720K)->54224K(54720K) Class: 7579K(8000K)->7579K(8000K)
[100.263s][info][gc             ] GC(801) Pause Young (Normal) (G1 Evacuation Pause) 326M->147M(372M) 13.115ms
[100.263s][info][gc,cpu         ] GC(801) User=0.13s Sys=0.00s Real=0.02s
[100.324s][info][gc,start       ] GC(802) Pause Young (Normal) (G1 Evacuation Pause)
[100.324s][info][gc,task        ] GC(802) Using 8 workers of 33 for evacuation
[100.335s][info][gc,phases      ] GC(802)   Pre Evacuate Collection Set: 0.1ms
[100.335s][info][gc,phases      ] GC(802)   Merge Heap Roots: 0.1ms
[100.335s][info][gc,phases      ] GC(802)   Evacuate Collection Set: 9.9ms
[100.335s][info][gc,phases      ] GC(802)   Post Evacuate Collection Set: 0.4ms
[100.335s][info][gc,phases      ] GC(802)   Other: 0.1ms
[100.335s][info][gc,heap        ] GC(802) Eden regions: 182->0(180)
[100.335s][info][gc,heap        ] GC(802) Survivor regions: 16->13(25)
[100.335s][info][gc,heap        ] GC(802) Old regions: 123->131
[100.335s][info][gc,heap        ] GC(802) Archive regions: 0->0
[100.335s][info][gc,heap        ] GC(802) Humongous regions: 15->15
[100.335s][info][gc,metaspace   ] GC(802) Metaspace: 61803K(62720K)->61803K(62720K) NonClass: 54224K(54720K)->54224K(54720K) Class: 7579K(8000K)->7579K(8000K)
[100.335s][info][gc             ] GC(802) Pause Young (Normal) (G1 Evacuation Pause) 329M->151M(372M) 10.905ms
[100.335s][info][gc,cpu         ] GC(802) User=0.13s Sys=0.00s Real=0.02s
[100.405s][info][gc,start       ] GC(803) Pause Young (Normal) (G1 Evacuation Pause)
[100.405s][info][gc,task        ] GC(803) Using 8 workers of 33 for evacuation
[100.411s][info][gc,phases      ] GC(803)   Pre Evacuate Collection Set: 0.1ms
[100.411s][info][gc,phases      ] GC(803)   Merge Heap Roots: 0.1ms
[100.411s][info][gc,phases      ] GC(803)   Evacuate Collection Set: 4.9ms
[100.411s][info][gc,phases      ] GC(803)   Post Evacuate Collection Set: 0.4ms
[100.411s][info][gc,phases      ] GC(803)   Other: 0.2ms
[100.411s][info][gc,heap        ] GC(803) Eden regions: 180->0(180)
[100.411s][info][gc,heap        ] GC(803) Survivor regions: 13->13(25)
[100.411s][info][gc,heap        ] GC(803) Old regions: 131->131
[100.411s][info][gc,heap        ] GC(803) Archive regions: 0->0
[100.411s][info][gc,heap        ] GC(803) Humongous regions: 15->15
[100.411s][info][gc,metaspace   ] GC(803) Metaspace: 61803K(62720K)->61803K(62720K) NonClass: 54224K(54720K)->54224K(54720K) Class: 7579K(8000K)->7579K(8000K)
[100.411s][info][gc             ] GC(803) Pause Young (Normal) (G1 Evacuation Pause) 331M->151M(372M) 6.152ms
[100.412s][info][gc,cpu         ] GC(803) User=0.13s Sys=0.00s Real=0.02s
[100.479s][info][gc,start       ] GC(804) Pause Young (Normal) (G1 Evacuation Pause)
[100.479s][info][gc,task        ] GC(804) Using 8 workers of 33 for evacuation
[100.485s][info][gc,phases      ] GC(804)   Pre Evacuate Collection Set: 0.1ms
[100.485s][info][gc,phases      ] GC(804)   Merge Heap Roots: 0.1ms
[100.485s][info][gc,phases      ] GC(804)   Evacuate Collection Set: 4.9ms
[100.485s][info][gc,phases      ] GC(804)   Post Evacuate Collection Set: 0.4ms
[100.485s][info][gc,phases      ] GC(804)   Other: 0.2ms
[100.485s][info][gc,heap        ] GC(804) Eden regions: 180->0(180)
[100.485s][info][gc,heap        ] GC(804) Survivor regions: 13->13(25)
[100.485s][info][gc,heap        ] GC(804) Old regions: 131->131
[100.485s][info][gc,heap        ] GC(804) Archive regions: 0->0
[100.485s][info][gc,heap        ] GC(804) Humongous regions: 15->15
[100.485s][info][gc,metaspace   ] GC(804) Metaspace: 61803K(62720K)->61803K(62720K) NonClass: 54224K(54720K)->54224K(54720K) Class: 7579K(8000K)->7579K(8000K)
[100.485s][info][gc             ] GC(804) Pause Young (Normal) (G1 Evacuation Pause) 331M->151M(372M) 6.144ms
[100.485s][info][gc,cpu         ] GC(804) User=0.00s Sys=0.00s Real=0.00s
[100.544s][info][gc,start       ] GC(805) Pause Young (Normal) (G1 Evacuation Pause)
[100.544s][info][gc,task        ] GC(805) Using 8 workers of 33 for evacuation
[100.550s][info][gc,phases      ] GC(805)   Pre Evacuate Collection Set: 0.1ms
[100.550s][info][gc,phases      ] GC(805)   Merge Heap Roots: 0.1ms
[100.550s][info][gc,phases      ] GC(805)   Evacuate Collection Set: 4.9ms
[100.550s][info][gc,phases      ] GC(805)   Post Evacuate Collection Set: 0.4ms
[100.550s][info][gc,phases      ] GC(805)   Other: 0.2ms
[100.550s][info][gc,heap        ] GC(805) Eden regions: 180->0(180)
[100.550s][info][gc,heap        ] GC(805) Survivor regions: 13->13(25)
[100.550s][info][gc,heap        ] GC(805) Old regions: 131->131
[100.550s][info][gc,heap        ] GC(805) Archive regions: 0->0
[100.550s][info][gc,heap        ] GC(805) Humongous regions: 15->15
[100.550s][info][gc,metaspace   ] GC(805) Metaspace: 61803K(62720K)->61803K(62720K) NonClass: 54224K(54720K)->54224K(54720K) Class: 7579K(8000K)->7579K(8000K)
[100.550s][info][gc             ] GC(805) Pause Young (Normal) (G1 Evacuation Pause) 331M->151M(372M) 6.242ms
[100.550s][info][gc,cpu         ] GC(805) User=0.13s Sys=0.00s Real=0.02s
[100.619s][info][gc,start       ] GC(806) Pause Young (Normal) (G1 Evacuation Pause)
[100.619s][info][gc,task        ] GC(806) Using 8 workers of 33 for evacuation
[100.626s][info][gc,phases      ] GC(806)   Pre Evacuate Collection Set: 0.1ms
[100.626s][info][gc,phases      ] GC(806)   Merge Heap Roots: 0.1ms
[100.626s][info][gc,phases      ] GC(806)   Evacuate Collection Set: 5.2ms
[100.626s][info][gc,phases      ] GC(806)   Post Evacuate Collection Set: 0.9ms
[100.626s][info][gc,phases      ] GC(806)   Other: 0.2ms
[100.626s][info][gc,heap        ] GC(806) Eden regions: 180->0(208)
[100.626s][info][gc,heap        ] GC(806) Survivor regions: 13->13(25)
[100.626s][info][gc,heap        ] GC(806) Old regions: 131->131
[100.626s][info][gc,heap        ] GC(806) Archive regions: 0->0
[100.626s][info][gc,heap        ] GC(806) Humongous regions: 15->15
[100.626s][info][gc,metaspace   ] GC(806) Metaspace: 61803K(62720K)->61803K(62720K) NonClass: 54224K(54720K)->54224K(54720K) Class: 7579K(8000K)->7579K(8000K)
[100.626s][info][gc             ] GC(806) Pause Young (Normal) (G1 Evacuation Pause) 331M->151M(400M) 6.948ms
[100.626s][info][gc,cpu         ] GC(806) User=0.00s Sys=0.00s Real=0.00s
[100.770s][info][gc,start       ] GC(807) Pause Young (Normal) (G1 Evacuation Pause)
[100.770s][info][gc,task        ] GC(807) Using 9 workers of 33 for evacuation
[100.777s][info][gc,phases      ] GC(807)   Pre Evacuate Collection Set: 0.1ms
[100.777s][info][gc,phases      ] GC(807)   Merge Heap Roots: 0.1ms
[100.777s][info][gc,phases      ] GC(807)   Evacuate Collection Set: 6.6ms
[100.777s][info][gc,phases      ] GC(807)   Post Evacuate Collection Set: 0.4ms
[100.777s][info][gc,phases      ] GC(807)   Other: 0.2ms
[100.777s][info][gc,heap        ] GC(807) Eden regions: 208->0(210)
[100.777s][info][gc,heap        ] GC(807) Survivor regions: 13->12(28)
[100.777s][info][gc,heap        ] GC(807) Old regions: 131->131
[100.777s][info][gc,heap        ] GC(807) Archive regions: 0->0
[100.778s][info][gc,heap        ] GC(807) Humongous regions: 15->15
[100.778s][info][gc,metaspace   ] GC(807) Metaspace: 61803K(62720K)->61803K(62720K) NonClass: 54224K(54720K)->54224K(54720K) Class: 7579K(8000K)->7579K(8000K)
[100.778s][info][gc             ] GC(807) Pause Young (Normal) (G1 Evacuation Pause) 359M->151M(400M) 7.896ms
[100.778s][info][gc,cpu         ] GC(807) User=0.00s Sys=0.00s Real=0.00s
[100.944s][info][gc,start       ] GC(808) Pause Young (Normal) (G1 Evacuation Pause)
[100.944s][info][gc,task        ] GC(808) Using 9 workers of 33 for evacuation
[100.950s][info][gc,phases      ] GC(808)   Pre Evacuate Collection Set: 0.1ms
[100.950s][info][gc,phases      ] GC(808)   Merge Heap Roots: 0.1ms
[100.950s][info][gc,phases      ] GC(808)   Evacuate Collection Set: 5.2ms
[100.950s][info][gc,phases      ] GC(808)   Post Evacuate Collection Set: 0.4ms
[100.950s][info][gc,phases      ] GC(808)   Other: 0.1ms
[100.950s][info][gc,heap        ] GC(808) Eden regions: 210->0(208)
[100.950s][info][gc,heap        ] GC(808) Survivor regions: 12->13(28)
[100.950s][info][gc,heap        ] GC(808) Old regions: 131->131
[100.950s][info][gc,heap        ] GC(808) Archive regions: 0->0
[100.950s][info][gc,heap        ] GC(808) Humongous regions: 15->15
[100.950s][info][gc,metaspace   ] GC(808) Metaspace: 61803K(62720K)->61803K(62720K) NonClass: 54224K(54720K)->54224K(54720K) Class: 7579K(8000K)->7579K(8000K)
[100.951s][info][gc             ] GC(808) Pause Young (Normal) (G1 Evacuation Pause) 361M->151M(400M) 6.449ms
[100.951s][info][gc,cpu         ] GC(808) User=0.00s Sys=0.00s Real=0.00s
[101.082s][info][gc,start       ] GC(809) Pause Young (Normal) (G1 Evacuation Pause)
[101.082s][info][gc,task        ] GC(809) Using 9 workers of 33 for evacuation
[101.088s][info][gc,phases      ] GC(809)   Pre Evacuate Collection Set: 0.1ms
[101.088s][info][gc,phases      ] GC(809)   Merge Heap Roots: 0.1ms
[101.089s][info][gc,phases      ] GC(809)   Evacuate Collection Set: 5.3ms
[101.089s][info][gc,phases      ] GC(809)   Post Evacuate Collection Set: 0.4ms
[101.089s][info][gc,phases      ] GC(809)   Other: 0.1ms
[101.089s][info][gc,heap        ] GC(809) Eden regions: 208->0(208)
[101.089s][info][gc,heap        ] GC(809) Survivor regions: 13->13(28)
[101.089s][info][gc,heap        ] GC(809) Old regions: 131->131
[101.089s][info][gc,heap        ] GC(809) Archive regions: 0->0
[101.089s][info][gc,heap        ] GC(809) Humongous regions: 15->15
[101.089s][info][gc,metaspace   ] GC(809) Metaspace: 61803K(62720K)->61803K(62720K) NonClass: 54224K(54720K)->54224K(54720K) Class: 7579K(8000K)->7579K(8000K)
[101.089s][info][gc             ] GC(809) Pause Young (Normal) (G1 Evacuation Pause) 359M->151M(400M) 6.513ms
[101.089s][info][gc,cpu         ] GC(809) User=0.00s Sys=0.00s Real=0.00s
[101.223s][info][gc,start       ] GC(810) Pause Young (Normal) (G1 Evacuation Pause)
[101.223s][info][gc,task        ] GC(810) Using 9 workers of 33 for evacuation
[101.229s][info][gc,phases      ] GC(810)   Pre Evacuate Collection Set: 0.1ms
[101.229s][info][gc,phases      ] GC(810)   Merge Heap Roots: 0.1ms
[101.229s][info][gc,phases      ] GC(810)   Evacuate Collection Set: 5.1ms
[101.229s][info][gc,phases      ] GC(810)   Post Evacuate Collection Set: 0.4ms
[101.229s][info][gc,phases      ] GC(810)   Other: 0.2ms
[101.229s][info][gc,heap        ] GC(810) Eden regions: 208->0(208)
[101.229s][info][gc,heap        ] GC(810) Survivor regions: 13->13(28)
[101.229s][info][gc,heap        ] GC(810) Old regions: 131->131
[101.229s][info][gc,heap        ] GC(810) Archive regions: 0->0
[101.229s][info][gc,heap        ] GC(810) Humongous regions: 15->15
[101.230s][info][gc,metaspace   ] GC(810) Metaspace: 61803K(62720K)->61803K(62720K) NonClass: 54224K(54720K)->54224K(54720K) Class: 7579K(8000K)->7579K(8000K)
[101.230s][info][gc             ] GC(810) Pause Young (Normal) (G1 Evacuation Pause) 359M->151M(400M) 6.581ms
[101.230s][info][gc,cpu         ] GC(810) User=0.00s Sys=0.00s Real=0.00s
[101.326s][info][gc,start       ] GC(811) Pause Full (System.gc())
[101.326s][info][gc,task        ] GC(811) Using 9 workers of 33 for full compaction
[101.326s][info][gc,phases,start] GC(811) Phase 1: Mark live objects
[101.361s][info][gc,phases      ] GC(811) Phase 1: Mark live objects 34.715ms
[101.361s][info][gc,phases,start] GC(811) Phase 2: Prepare compaction
[101.365s][info][gc,phases      ] GC(811) Phase 2: Prepare compaction 3.871ms
[101.365s][info][gc,phases,start] GC(811) Phase 3: Adjust pointers
[101.375s][info][gc,phases      ] GC(811) Phase 3: Adjust pointers 10.364ms
[101.375s][info][gc,phases,start] GC(811) Phase 4: Compact heap
[101.376s][info][gc,phases      ] GC(811) Phase 4: Compact heap 0.513ms
[101.383s][info][gc,heap        ] GC(811) Eden regions: 119->0(216)
[101.383s][info][gc,heap        ] GC(811) Survivor regions: 13->0(28)
[101.383s][info][gc,heap        ] GC(811) Old regions: 131->99
[101.383s][info][gc,heap        ] GC(811) Archive regions: 0->0
[101.383s][info][gc,heap        ] GC(811) Humongous regions: 20->9
[101.383s][info][gc,metaspace   ] GC(811) Metaspace: 61803K(62720K)->61803K(62720K) NonClass: 54224K(54720K)->54224K(54720K) Class: 7579K(8000K)->7579K(8000K)
[101.383s][info][gc             ] GC(811) Pause Full (System.gc()) 275M->102M(360M) 57.691ms
[101.383s][info][gc,cpu         ] GC(811) User=0.42s Sys=0.02s Real=0.06s
[101.522s][info][gc,start       ] GC(812) Pause Young (Normal) (G1 Evacuation Pause)
[101.522s][info][gc,task        ] GC(812) Using 8 workers of 33 for evacuation
[101.527s][info][gc,phases      ] GC(812)   Pre Evacuate Collection Set: 0.2ms
[101.527s][info][gc,phases      ] GC(812)   Merge Heap Roots: 0.1ms
[101.527s][info][gc,phases      ] GC(812)   Evacuate Collection Set: 3.8ms
[101.527s][info][gc,phases      ] GC(812)   Post Evacuate Collection Set: 0.8ms
[101.527s][info][gc,phases      ] GC(812)   Other: 0.2ms
[101.527s][info][gc,heap        ] GC(812) Eden regions: 216->0(208)
[101.527s][info][gc,heap        ] GC(812) Survivor regions: 0->8(27)
[101.527s][info][gc,heap        ] GC(812) Old regions: 99->99
[101.528s][info][gc,heap        ] GC(812) Archive regions: 0->0
[101.528s][info][gc,heap        ] GC(812) Humongous regions: 19->9
[101.528s][info][gc,metaspace   ] GC(812) Metaspace: 61806K(62720K)->61806K(62720K) NonClass: 54226K(54720K)->54226K(54720K) Class: 7579K(8000K)->7579K(8000K)
[101.528s][info][gc             ] GC(812) Pause Young (Normal) (G1 Evacuation Pause) 328M->110M(360M) 5.465ms
[101.528s][info][gc,cpu         ] GC(812) User=0.00s Sys=0.00s Real=0.00s
[101.595s][info][gc,start       ] GC(813) Pause Young (Normal) (G1 Evacuation Pause)
[101.595s][info][gc,task        ] GC(813) Using 8 workers of 33 for evacuation
[101.605s][info][gc,phases      ] GC(813)   Pre Evacuate Collection Set: 0.1ms
[101.605s][info][gc,phases      ] GC(813)   Merge Heap Roots: 0.1ms
[101.605s][info][gc,phases      ] GC(813)   Evacuate Collection Set: 9.0ms
[101.605s][info][gc,phases      ] GC(813)   Post Evacuate Collection Set: 0.7ms
[101.605s][info][gc,phases      ] GC(813)   Other: 0.2ms
[101.605s][info][gc,heap        ] GC(813) Eden regions: 208->0(201)
[101.605s][info][gc,heap        ] GC(813) Survivor regions: 8->15(27)
[101.605s][info][gc,heap        ] GC(813) Old regions: 99->99
[101.605s][info][gc,heap        ] GC(813) Archive regions: 0->0
[101.605s][info][gc,heap        ] GC(813) Humongous regions: 12->12
[101.606s][info][gc,metaspace   ] GC(813) Metaspace: 61810K(62720K)->61810K(62720K) NonClass: 54230K(54720K)->54230K(54720K) Class: 7579K(8000K)->7579K(8000K)
[101.606s][info][gc             ] GC(813) Pause Young (Normal) (G1 Evacuation Pause) 321M->120M(360M) 10.665ms
[101.606s][info][gc,cpu         ] GC(813) User=0.13s Sys=0.00s Real=0.02s
[101.667s][info][gc,start       ] GC(814) Pause Young (Normal) (G1 Evacuation Pause)
[101.667s][info][gc,task        ] GC(814) Using 8 workers of 33 for evacuation
[101.679s][info][gc,phases      ] GC(814)   Pre Evacuate Collection Set: 0.1ms
[101.679s][info][gc,phases      ] GC(814)   Merge Heap Roots: 0.1ms
[101.679s][info][gc,phases      ] GC(814)   Evacuate Collection Set: 10.9ms
[101.679s][info][gc,phases      ] GC(814)   Post Evacuate Collection Set: 0.6ms
[101.679s][info][gc,phases      ] GC(814)   Other: 0.2ms
[101.680s][info][gc,heap        ] GC(814) Eden regions: 201->0(183)
[101.680s][info][gc,heap        ] GC(814) Survivor regions: 15->24(27)
[101.680s][info][gc,heap        ] GC(814) Old regions: 99->99
[101.680s][info][gc,heap        ] GC(814) Archive regions: 0->0
[101.680s][info][gc,heap        ] GC(814) Humongous regions: 12->12
[101.680s][info][gc,metaspace   ] GC(814) Metaspace: 61810K(62720K)->61810K(62720K) NonClass: 54230K(54720K)->54230K(54720K) Class: 7579K(8000K)->7579K(8000K)
[101.680s][info][gc             ] GC(814) Pause Young (Normal) (G1 Evacuation Pause) 321M->129M(360M) 12.407ms
[101.680s][info][gc,cpu         ] GC(814) User=0.13s Sys=0.00s Real=0.02s
[101.737s][info][gc,start       ] GC(815) Pause Young (Normal) (G1 Evacuation Pause)
[101.738s][info][gc,task        ] GC(815) Using 8 workers of 33 for evacuation
[101.755s][info][gc,phases      ] GC(815)   Pre Evacuate Collection Set: 0.1ms
[101.755s][info][gc,phases      ] GC(815)   Merge Heap Roots: 0.1ms
[101.755s][info][gc,phases      ] GC(815)   Evacuate Collection Set: 16.5ms
[101.755s][info][gc,phases      ] GC(815)   Post Evacuate Collection Set: 0.8ms
[101.755s][info][gc,phases      ] GC(815)   Other: 0.2ms
[101.755s][info][gc,heap        ] GC(815) Eden regions: 183->0(207)
[101.755s][info][gc,heap        ] GC(815) Survivor regions: 24->17(26)
[101.755s][info][gc,heap        ] GC(815) Old regions: 99->114
[101.756s][info][gc,heap        ] GC(815) Archive regions: 0->0
[101.756s][info][gc,heap        ] GC(815) Humongous regions: 15->15
[101.756s][info][gc,metaspace   ] GC(815) Metaspace: 61810K(62720K)->61810K(62720K) NonClass: 54230K(54720K)->54230K(54720K) Class: 7579K(8000K)->7579K(8000K)
[101.756s][info][gc             ] GC(815) Pause Young (Normal) (G1 Evacuation Pause) 315M->139M(391M) 18.184ms
[101.756s][info][gc,cpu         ] GC(815) User=0.13s Sys=0.00s Real=0.01s
[101.830s][info][gc,start       ] GC(816) Pause Young (Normal) (G1 Evacuation Pause)
[101.830s][info][gc,task        ] GC(816) Using 9 workers of 33 for evacuation
[101.849s][info][gc,phases      ] GC(816)   Pre Evacuate Collection Set: 0.1ms
[101.849s][info][gc,phases      ] GC(816)   Merge Heap Roots: 0.1ms
[101.849s][info][gc,phases      ] GC(816)   Evacuate Collection Set: 18.1ms
[101.849s][info][gc,phases      ] GC(816)   Post Evacuate Collection Set: 0.4ms
[101.849s][info][gc,phases      ] GC(816)   Other: 0.1ms
[101.849s][info][gc,heap        ] GC(816) Eden regions: 207->0(198)
[101.849s][info][gc,heap        ] GC(816) Survivor regions: 17->17(28)
[101.849s][info][gc,heap        ] GC(816) Old regions: 114->123
[101.849s][info][gc,heap        ] GC(816) Archive regions: 0->0
[101.849s][info][gc,heap        ] GC(816) Humongous regions: 15->15
[101.849s][info][gc,metaspace   ] GC(816) Metaspace: 61810K(62720K)->61810K(62720K) NonClass: 54230K(54720K)->54230K(54720K) Class: 7579K(8000K)->7579K(8000K)
[101.849s][info][gc             ] GC(816) Pause Young (Normal) (G1 Evacuation Pause) 346M->148M(391M) 19.239ms
[101.849s][info][gc,cpu         ] GC(816) User=0.22s Sys=0.00s Real=0.03s
[101.923s][info][gc,start       ] GC(817) Pause Young (Normal) (G1 Evacuation Pause)
[101.924s][info][gc,task        ] GC(817) Using 9 workers of 33 for evacuation
[101.933s][info][gc,phases      ] GC(817)   Pre Evacuate Collection Set: 0.1ms
[101.934s][info][gc,phases      ] GC(817)   Merge Heap Roots: 0.1ms
[101.934s][info][gc,phases      ] GC(817)   Evacuate Collection Set: 9.1ms
[101.934s][info][gc,phases      ] GC(817)   Post Evacuate Collection Set: 0.4ms
[101.934s][info][gc,phases      ] GC(817)   Other: 0.2ms
[101.934s][info][gc,heap        ] GC(817) Eden regions: 198->0(197)
[101.934s][info][gc,heap        ] GC(817) Survivor regions: 17->14(27)
[101.934s][info][gc,heap        ] GC(817) Old regions: 123->130
[101.934s][info][gc,heap        ] GC(817) Archive regions: 0->0
[101.934s][info][gc,heap        ] GC(817) Humongous regions: 15->15
[101.934s][info][gc,metaspace   ] GC(817) Metaspace: 61810K(62720K)->61810K(62720K) NonClass: 54230K(54720K)->54230K(54720K) Class: 7579K(8000K)->7579K(8000K)
[101.934s][info][gc             ] GC(817) Pause Young (Normal) (G1 Evacuation Pause) 346M->153M(391M) 10.419ms
[101.934s][info][gc,cpu         ] GC(817) User=0.14s Sys=0.00s Real=0.02s
[102.009s][info][gc,start       ] GC(818) Pause Young (Normal) (G1 Evacuation Pause)
[102.009s][info][gc,task        ] GC(818) Using 9 workers of 33 for evacuation
[102.015s][info][gc,phases      ] GC(818)   Pre Evacuate Collection Set: 0.1ms
[102.015s][info][gc,phases      ] GC(818)   Merge Heap Roots: 0.1ms
[102.015s][info][gc,phases      ] GC(818)   Evacuate Collection Set: 5.2ms
[102.015s][info][gc,phases      ] GC(818)   Post Evacuate Collection Set: 0.4ms
[102.015s][info][gc,phases      ] GC(818)   Other: 0.2ms
[102.015s][info][gc,heap        ] GC(818) Eden regions: 197->0(199)
[102.015s][info][gc,heap        ] GC(818) Survivor regions: 14->13(27)
[102.015s][info][gc,heap        ] GC(818) Old regions: 130->130
[102.015s][info][gc,heap        ] GC(818) Archive regions: 0->0
[102.015s][info][gc,heap        ] GC(818) Humongous regions: 15->15
[102.015s][info][gc,metaspace   ] GC(818) Metaspace: 61810K(62720K)->61810K(62720K) NonClass: 54230K(54720K)->54230K(54720K) Class: 7579K(8000K)->7579K(8000K)
[102.015s][info][gc             ] GC(818) Pause Young (Normal) (G1 Evacuation Pause) 350M->152M(391M) 6.379ms
[102.015s][info][gc,cpu         ] GC(818) User=0.00s Sys=0.00s Real=0.00s
[102.090s][info][gc,start       ] GC(819) Pause Young (Normal) (G1 Evacuation Pause)
[102.090s][info][gc,task        ] GC(819) Using 9 workers of 33 for evacuation
[102.095s][info][gc,phases      ] GC(819)   Pre Evacuate Collection Set: 0.1ms
[102.095s][info][gc,phases      ] GC(819)   Merge Heap Roots: 0.1ms
[102.095s][info][gc,phases      ] GC(819)   Evacuate Collection Set: 4.9ms
[102.095s][info][gc,phases      ] GC(819)   Post Evacuate Collection Set: 0.4ms
[102.096s][info][gc,phases      ] GC(819)   Other: 0.2ms
[102.096s][info][gc,heap        ] GC(819) Eden regions: 199->0(199)
[102.096s][info][gc,heap        ] GC(819) Survivor regions: 13->13(27)
[102.096s][info][gc,heap        ] GC(819) Old regions: 130->130
[102.096s][info][gc,heap        ] GC(819) Archive regions: 0->0
[102.096s][info][gc,heap        ] GC(819) Humongous regions: 15->15
[102.096s][info][gc,metaspace   ] GC(819) Metaspace: 61810K(62720K)->61810K(62720K) NonClass: 54230K(54720K)->54230K(54720K) Class: 7579K(8000K)->7579K(8000K)
[102.096s][info][gc             ] GC(819) Pause Young (Normal) (G1 Evacuation Pause) 351M->152M(391M) 6.218ms
[102.096s][info][gc,cpu         ] GC(819) User=0.02s Sys=0.00s Real=0.02s
[102.162s][info][gc,start       ] GC(820) Pause Young (Normal) (G1 Evacuation Pause)
[102.162s][info][gc,task        ] GC(820) Using 9 workers of 33 for evacuation
[102.168s][info][gc,phases      ] GC(820)   Pre Evacuate Collection Set: 0.1ms
[102.168s][info][gc,phases      ] GC(820)   Merge Heap Roots: 0.1ms
[102.168s][info][gc,phases      ] GC(820)   Evacuate Collection Set: 5.2ms
[102.168s][info][gc,phases      ] GC(820)   Post Evacuate Collection Set: 0.4ms
[102.168s][info][gc,phases      ] GC(820)   Other: 0.1ms
[102.168s][info][gc,heap        ] GC(820) Eden regions: 199->0(199)
[102.168s][info][gc,heap        ] GC(820) Survivor regions: 13->13(27)
[102.168s][info][gc,heap        ] GC(820) Old regions: 130->130
[102.168s][info][gc,heap        ] GC(820) Archive regions: 0->0
[102.168s][info][gc,heap        ] GC(820) Humongous regions: 15->15
[102.168s][info][gc,metaspace   ] GC(820) Metaspace: 61810K(62720K)->61810K(62720K) NonClass: 54230K(54720K)->54230K(54720K) Class: 7579K(8000K)->7579K(8000K)
[102.168s][info][gc             ] GC(820) Pause Young (Normal) (G1 Evacuation Pause) 351M->152M(391M) 6.392ms
[102.168s][info][gc,cpu         ] GC(820) User=0.00s Sys=0.00s Real=0.00s
[102.277s][info][gc,start       ] GC(821) Pause Young (Normal) (G1 Evacuation Pause)
[102.297s][info][gc,task        ] GC(821) Using 9 workers of 33 for evacuation
[102.304s][info][gc,phases      ] GC(821)   Pre Evacuate Collection Set: 0.1ms
[102.304s][info][gc,phases      ] GC(821)   Merge Heap Roots: 0.1ms
[102.304s][info][gc,phases      ] GC(821)   Evacuate Collection Set: 6.0ms
[102.304s][info][gc,phases      ] GC(821)   Post Evacuate Collection Set: 1.0ms
[102.304s][info][gc,phases      ] GC(821)   Other: 0.2ms
[102.304s][info][gc,heap        ] GC(821) Eden regions: 199->0(223)
[102.304s][info][gc,heap        ] GC(821) Survivor regions: 13->13(27)
[102.304s][info][gc,heap        ] GC(821) Old regions: 130->130
[102.304s][info][gc,heap        ] GC(821) Archive regions: 0->0
[102.304s][info][gc,heap        ] GC(821) Humongous regions: 15->15
[102.304s][info][gc,metaspace   ] GC(821) Metaspace: 61810K(62720K)->61810K(62720K) NonClass: 54230K(54720K)->54230K(54720K) Class: 7579K(8000K)->7579K(8000K)
[102.304s][info][gc             ] GC(821) Pause Young (Normal) (G1 Evacuation Pause) 351M->151M(416M) 27.028ms
[102.304s][info][gc,cpu         ] GC(821) User=0.14s Sys=0.00s Real=0.03s
[102.466s][info][gc,start       ] GC(822) Pause Young (Normal) (G1 Evacuation Pause)
[102.466s][info][gc,task        ] GC(822) Using 10 workers of 33 for evacuation
[102.472s][info][gc,phases      ] GC(822)   Pre Evacuate Collection Set: 0.1ms
[102.472s][info][gc,phases      ] GC(822)   Merge Heap Roots: 0.1ms
[102.472s][info][gc,phases      ] GC(822)   Evacuate Collection Set: 5.1ms
[102.472s][info][gc,phases      ] GC(822)   Post Evacuate Collection Set: 0.4ms
[102.472s][info][gc,phases      ] GC(822)   Other: 0.2ms
[102.472s][info][gc,heap        ] GC(822) Eden regions: 223->0(223)
[102.472s][info][gc,heap        ] GC(822) Survivor regions: 13->13(30)
[102.472s][info][gc,heap        ] GC(822) Old regions: 130->130
[102.472s][info][gc,heap        ] GC(822) Archive regions: 0->0
[102.472s][info][gc,heap        ] GC(822) Humongous regions: 15->15
[102.472s][info][gc,metaspace   ] GC(822) Metaspace: 61810K(62720K)->61810K(62720K) NonClass: 54230K(54720K)->54230K(54720K) Class: 7579K(8000K)->7579K(8000K)
[102.472s][info][gc             ] GC(822) Pause Young (Normal) (G1 Evacuation Pause) 374M->152M(416M) 6.359ms
[102.473s][info][gc,cpu         ] GC(822) User=0.16s Sys=0.00s Real=0.02s
[102.613s][info][gc,start       ] GC(823) Pause Young (Normal) (G1 Evacuation Pause)
[102.614s][info][gc,task        ] GC(823) Using 10 workers of 33 for evacuation
[102.620s][info][gc,phases      ] GC(823)   Pre Evacuate Collection Set: 0.1ms
[102.620s][info][gc,phases      ] GC(823)   Merge Heap Roots: 0.1ms
[102.620s][info][gc,phases      ] GC(823)   Evacuate Collection Set: 5.1ms
[102.620s][info][gc,phases      ] GC(823)   Post Evacuate Collection Set: 0.6ms
[102.620s][info][gc,phases      ] GC(823)   Other: 0.2ms
[102.620s][info][gc,heap        ] GC(823) Eden regions: 223->0(223)
[102.620s][info][gc,heap        ] GC(823) Survivor regions: 13->13(30)
[102.620s][info][gc,heap        ] GC(823) Old regions: 130->130
[102.620s][info][gc,heap        ] GC(823) Archive regions: 0->0
[102.620s][info][gc,heap        ] GC(823) Humongous regions: 15->15
[102.620s][info][gc,metaspace   ] GC(823) Metaspace: 61810K(62720K)->61810K(62720K) NonClass: 54230K(54720K)->54230K(54720K) Class: 7579K(8000K)->7579K(8000K)
[102.620s][info][gc             ] GC(823) Pause Young (Normal) (G1 Evacuation Pause) 375M->152M(416M) 6.578ms
[102.620s][info][gc,cpu         ] GC(823) User=0.00s Sys=0.00s Real=0.00s
[102.761s][info][gc,start       ] GC(824) Pause Young (Normal) (G1 Evacuation Pause)
[102.761s][info][gc,task        ] GC(824) Using 10 workers of 33 for evacuation
[102.768s][info][gc,phases      ] GC(824)   Pre Evacuate Collection Set: 0.1ms
[102.768s][info][gc,phases      ] GC(824)   Merge Heap Roots: 0.1ms
[102.768s][info][gc,phases      ] GC(824)   Evacuate Collection Set: 6.1ms
[102.768s][info][gc,phases      ] GC(824)   Post Evacuate Collection Set: 0.4ms
[102.768s][info][gc,phases      ] GC(824)   Other: 0.2ms
[102.768s][info][gc,heap        ] GC(824) Eden regions: 223->0(223)
[102.768s][info][gc,heap        ] GC(824) Survivor regions: 13->13(30)
[102.769s][info][gc,heap        ] GC(824) Old regions: 130->130
[102.769s][info][gc,heap        ] GC(824) Archive regions: 0->0
[102.769s][info][gc,heap        ] GC(824) Humongous regions: 15->15
[102.769s][info][gc,metaspace   ] GC(824) Metaspace: 61810K(62720K)->61810K(62720K) NonClass: 54230K(54720K)->54230K(54720K) Class: 7579K(8000K)->7579K(8000K)
[102.769s][info][gc             ] GC(824) Pause Young (Normal) (G1 Evacuation Pause) 375M->152M(416M) 7.406ms
[102.769s][info][gc,cpu         ] GC(824) User=0.16s Sys=0.00s Real=0.02s
[102.907s][info][gc,start       ] GC(825) Pause Full (System.gc())
[102.907s][info][gc,task        ] GC(825) Using 10 workers of 33 for full compaction
[102.907s][info][gc,phases,start] GC(825) Phase 1: Mark live objects
[102.938s][info][gc,phases      ] GC(825) Phase 1: Mark live objects 30.887ms
[102.938s][info][gc,phases,start] GC(825) Phase 2: Prepare compaction
[102.942s][info][gc,phases      ] GC(825) Phase 2: Prepare compaction 4.213ms
[102.942s][info][gc,phases,start] GC(825) Phase 3: Adjust pointers
[102.951s][info][gc,phases      ] GC(825) Phase 3: Adjust pointers 8.493ms
[102.951s][info][gc,phases,start] GC(825) Phase 4: Compact heap
[102.951s][info][gc,phases      ] GC(825) Phase 4: Compact heap 0.412ms
[102.966s][info][gc,heap        ] GC(825) Eden regions: 184->0(218)
[102.966s][info][gc,heap        ] GC(825) Survivor regions: 13->0(30)
[102.966s][info][gc,heap        ] GC(825) Old regions: 130->100
[102.966s][info][gc,heap        ] GC(825) Archive regions: 0->0
[102.966s][info][gc,heap        ] GC(825) Humongous regions: 20->9
[102.966s][info][gc,metaspace   ] GC(825) Metaspace: 61813K(62720K)->61813K(62720K) NonClass: 54233K(54720K)->54233K(54720K) Class: 7579K(8000K)->7579K(8000K)
[102.966s][info][gc             ] GC(825) Pause Full (System.gc()) 340M->102M(364M) 59.464ms
[102.966s][info][gc,cpu         ] GC(825) User=0.50s Sys=0.00s Real=0.06s
[103.107s][info][gc,start       ] GC(826) Pause Young (Normal) (G1 Evacuation Pause)
[103.107s][info][gc,task        ] GC(826) Using 9 workers of 33 for evacuation
[103.111s][info][gc,phases      ] GC(826)   Pre Evacuate Collection Set: 0.2ms
[103.111s][info][gc,phases      ] GC(826)   Merge Heap Roots: 0.1ms
[103.111s][info][gc,phases      ] GC(826)   Evacuate Collection Set: 3.5ms
[103.112s][info][gc,phases      ] GC(826)   Post Evacuate Collection Set: 0.7ms
[103.112s][info][gc,phases      ] GC(826)   Other: 0.2ms
[103.112s][info][gc,heap        ] GC(826) Eden regions: 218->0(210)
[103.112s][info][gc,heap        ] GC(826) Survivor regions: 0->8(28)
[103.112s][info][gc,heap        ] GC(826) Old regions: 100->100
[103.112s][info][gc,heap        ] GC(826) Archive regions: 0->0
[103.112s][info][gc,heap        ] GC(826) Humongous regions: 19->9
[103.112s][info][gc,metaspace   ] GC(826) Metaspace: 61816K(62720K)->61816K(62720K) NonClass: 54236K(54720K)->54236K(54720K) Class: 7580K(8000K)->7580K(8000K)
[103.112s][info][gc             ] GC(826) Pause Young (Normal) (G1 Evacuation Pause) 330M->110M(364M) 5.107ms
[103.112s][info][gc,cpu         ] GC(826) User=0.06s Sys=0.06s Real=0.02s
[103.181s][info][gc,start       ] GC(827) Pause Young (Normal) (G1 Evacuation Pause)
[103.181s][info][gc,task        ] GC(827) Using 8 workers of 33 for evacuation
[103.192s][info][gc,phases      ] GC(827)   Pre Evacuate Collection Set: 0.1ms
[103.192s][info][gc,phases      ] GC(827)   Merge Heap Roots: 0.1ms
[103.192s][info][gc,phases      ] GC(827)   Evacuate Collection Set: 10.1ms
[103.192s][info][gc,phases      ] GC(827)   Post Evacuate Collection Set: 0.6ms
[103.192s][info][gc,phases      ] GC(827)   Other: 0.2ms
[103.192s][info][gc,heap        ] GC(827) Eden regions: 210->0(203)
[103.192s][info][gc,heap        ] GC(827) Survivor regions: 8->15(28)
[103.192s][info][gc,heap        ] GC(827) Old regions: 100->100
[103.192s][info][gc,heap        ] GC(827) Archive regions: 0->0
[103.192s][info][gc,heap        ] GC(827) Humongous regions: 12->12
[103.192s][info][gc,metaspace   ] GC(827) Metaspace: 61816K(62720K)->61816K(62720K) NonClass: 54236K(54720K)->54236K(54720K) Class: 7580K(8000K)->7580K(8000K)
[103.192s][info][gc             ] GC(827) Pause Young (Normal) (G1 Evacuation Pause) 323M->120M(364M) 11.566ms
[103.193s][info][gc,cpu         ] GC(827) User=0.13s Sys=0.00s Real=0.01s
[103.256s][info][gc,start       ] GC(828) Pause Young (Normal) (G1 Evacuation Pause)
[103.257s][info][gc,task        ] GC(828) Using 8 workers of 33 for evacuation
[103.270s][info][gc,phases      ] GC(828)   Pre Evacuate Collection Set: 0.1ms
[103.270s][info][gc,phases      ] GC(828)   Merge Heap Roots: 0.1ms
[103.270s][info][gc,phases      ] GC(828)   Evacuate Collection Set: 12.7ms
[103.270s][info][gc,phases      ] GC(828)   Post Evacuate Collection Set: 0.7ms
[103.270s][info][gc,phases      ] GC(828)   Other: 0.2ms
[103.271s][info][gc,heap        ] GC(828) Eden regions: 203->0(185)
[103.271s][info][gc,heap        ] GC(828) Survivor regions: 15->24(28)
[103.271s][info][gc,heap        ] GC(828) Old regions: 100->100
[103.271s][info][gc,heap        ] GC(828) Archive regions: 0->0
[103.271s][info][gc,heap        ] GC(828) Humongous regions: 12->12
[103.271s][info][gc,metaspace   ] GC(828) Metaspace: 61816K(62720K)->61816K(62720K) NonClass: 54236K(54720K)->54236K(54720K) Class: 7580K(8000K)->7580K(8000K)
[103.271s][info][gc             ] GC(828) Pause Young (Normal) (G1 Evacuation Pause) 323M->128M(364M) 14.249ms
[103.271s][info][gc,cpu         ] GC(828) User=0.13s Sys=0.00s Real=0.02s
[103.333s][info][gc,start       ] GC(829) Pause Young (Normal) (G1 Evacuation Pause)
[103.333s][info][gc,task        ] GC(829) Using 8 workers of 33 for evacuation
[103.349s][info][gc,phases      ] GC(829)   Pre Evacuate Collection Set: 0.1ms
[103.349s][info][gc,phases      ] GC(829)   Merge Heap Roots: 0.1ms
[103.349s][info][gc,phases      ] GC(829)   Evacuate Collection Set: 15.3ms
[103.349s][info][gc,phases      ] GC(829)   Post Evacuate Collection Set: 0.4ms
[103.349s][info][gc,phases      ] GC(829)   Other: 0.2ms
[103.349s][info][gc,heap        ] GC(829) Eden regions: 185->0(179)
[103.349s][info][gc,heap        ] GC(829) Survivor regions: 24->18(27)
[103.349s][info][gc,heap        ] GC(829) Old regions: 100->115
[103.349s][info][gc,heap        ] GC(829) Archive regions: 0->0
[103.349s][info][gc,heap        ] GC(829) Humongous regions: 15->15
[103.349s][info][gc,metaspace   ] GC(829) Metaspace: 61816K(62720K)->61816K(62720K) NonClass: 54236K(54720K)->54236K(54720K) Class: 7580K(8000K)->7580K(8000K)
[103.349s][info][gc             ] GC(829) Pause Young (Normal) (G1 Evacuation Pause) 316M->141M(364M) 16.518ms
[103.349s][info][gc,cpu         ] GC(829) User=0.13s Sys=0.00s Real=0.02s
[103.405s][info][gc,start       ] GC(830) Pause Young (Normal) (G1 Evacuation Pause)
[103.405s][info][gc,task        ] GC(830) Using 8 workers of 33 for evacuation
[103.418s][info][gc,phases      ] GC(830)   Pre Evacuate Collection Set: 0.1ms
[103.418s][info][gc,phases      ] GC(830)   Merge Heap Roots: 0.1ms
[103.418s][info][gc,phases      ] GC(830)   Evacuate Collection Set: 12.1ms
[103.418s][info][gc,phases      ] GC(830)   Post Evacuate Collection Set: 0.8ms
[103.418s][info][gc,phases      ] GC(830)   Other: 0.1ms
[103.418s][info][gc,heap        ] GC(830) Eden regions: 179->0(204)
[103.418s][info][gc,heap        ] GC(830) Survivor regions: 18->16(25)
[103.419s][info][gc,heap        ] GC(830) Old regions: 115->124
[103.419s][info][gc,heap        ] GC(830) Archive regions: 0->0
[103.419s][info][gc,heap        ] GC(830) Humongous regions: 15->15
[103.419s][info][gc,metaspace   ] GC(830) Metaspace: 61816K(62720K)->61816K(62720K) NonClass: 54236K(54720K)->54236K(54720K) Class: 7580K(8000K)->7580K(8000K)
[103.419s][info][gc             ] GC(830) Pause Young (Normal) (G1 Evacuation Pause) 320M->148M(396M) 13.721ms
[103.419s][info][gc,cpu         ] GC(830) User=0.13s Sys=0.00s Real=0.02s
[103.493s][info][gc,start       ] GC(831) Pause Young (Normal) (G1 Evacuation Pause)
[103.493s][info][gc,task        ] GC(831) Using 9 workers of 33 for evacuation
[103.502s][info][gc,phases      ] GC(831)   Pre Evacuate Collection Set: 0.1ms
[103.502s][info][gc,phases      ] GC(831)   Merge Heap Roots: 0.1ms
[103.502s][info][gc,phases      ] GC(831)   Evacuate Collection Set: 8.0ms
[103.502s][info][gc,phases      ] GC(831)   Post Evacuate Collection Set: 0.4ms
[103.502s][info][gc,phases      ] GC(831)   Other: 0.1ms
[103.502s][info][gc,heap        ] GC(831) Eden regions: 204->0(204)
[103.502s][info][gc,heap        ] GC(831) Survivor regions: 16->12(28)
[103.502s][info][gc,heap        ] GC(831) Old regions: 124->132
[103.502s][info][gc,heap        ] GC(831) Archive regions: 0->0
[103.502s][info][gc,heap        ] GC(831) Humongous regions: 15->15
[103.502s][info][gc,metaspace   ] GC(831) Metaspace: 61816K(62720K)->61816K(62720K) NonClass: 54236K(54720K)->54236K(54720K) Class: 7580K(8000K)->7580K(8000K)
[103.502s][info][gc             ] GC(831) Pause Young (Normal) (G1 Evacuation Pause) 352M->151M(396M) 9.209ms
[103.502s][info][gc,cpu         ] GC(831) User=0.02s Sys=0.00s Real=0.02s
[103.572s][info][gc,start       ] GC(832) Pause Young (Normal) (G1 Evacuation Pause)
[103.573s][info][gc,task        ] GC(832) Using 9 workers of 33 for evacuation
[103.578s][info][gc,phases      ] GC(832)   Pre Evacuate Collection Set: 0.1ms
[103.578s][info][gc,phases      ] GC(832)   Merge Heap Roots: 0.1ms
[103.578s][info][gc,phases      ] GC(832)   Evacuate Collection Set: 5.1ms
[103.578s][info][gc,phases      ] GC(832)   Post Evacuate Collection Set: 0.4ms
[103.578s][info][gc,phases      ] GC(832)   Other: 0.1ms
[103.578s][info][gc,heap        ] GC(832) Eden regions: 204->0(204)
[103.579s][info][gc,heap        ] GC(832) Survivor regions: 12->12(27)
[103.579s][info][gc,heap        ] GC(832) Old regions: 132->132
[103.579s][info][gc,heap        ] GC(832) Archive regions: 0->0
[103.579s][info][gc,heap        ] GC(832) Humongous regions: 15->15
[103.579s][info][gc,metaspace   ] GC(832) Metaspace: 61816K(62720K)->61816K(62720K) NonClass: 54236K(54720K)->54236K(54720K) Class: 7580K(8000K)->7580K(8000K)
[103.579s][info][gc             ] GC(832) Pause Young (Normal) (G1 Evacuation Pause) 355M->152M(396M) 6.253ms
[103.579s][info][gc,cpu         ] GC(832) User=0.00s Sys=0.00s Real=0.00s
[103.654s][info][gc,start       ] GC(833) Pause Young (Normal) (G1 Evacuation Pause)
[103.654s][info][gc,task        ] GC(833) Using 9 workers of 33 for evacuation
[103.660s][info][gc,phases      ] GC(833)   Pre Evacuate Collection Set: 0.1ms
[103.660s][info][gc,phases      ] GC(833)   Merge Heap Roots: 0.1ms
[103.660s][info][gc,phases      ] GC(833)   Evacuate Collection Set: 4.8ms
[103.660s][info][gc,phases      ] GC(833)   Post Evacuate Collection Set: 0.4ms
[103.660s][info][gc,phases      ] GC(833)   Other: 0.2ms
[103.660s][info][gc,heap        ] GC(833) Eden regions: 204->0(204)
[103.660s][info][gc,heap        ] GC(833) Survivor regions: 12->12(27)
[103.660s][info][gc,heap        ] GC(833) Old regions: 132->132
[103.660s][info][gc,heap        ] GC(833) Archive regions: 0->0
[103.660s][info][gc,heap        ] GC(833) Humongous regions: 15->15
[103.660s][info][gc,metaspace   ] GC(833) Metaspace: 61816K(62720K)->61816K(62720K) NonClass: 54236K(54720K)->54236K(54720K) Class: 7580K(8000K)->7580K(8000K)
[103.660s][info][gc             ] GC(833) Pause Young (Normal) (G1 Evacuation Pause) 356M->152M(396M) 6.034ms
[103.660s][info][gc,cpu         ] GC(833) User=0.14s Sys=0.00s Real=0.02s
[103.726s][info][gc,start       ] GC(834) Pause Young (Normal) (G1 Evacuation Pause)
[103.727s][info][gc,task        ] GC(834) Using 9 workers of 33 for evacuation
[103.732s][info][gc,phases      ] GC(834)   Pre Evacuate Collection Set: 0.1ms
[103.732s][info][gc,phases      ] GC(834)   Merge Heap Roots: 0.1ms
[103.732s][info][gc,phases      ] GC(834)   Evacuate Collection Set: 4.7ms
[103.732s][info][gc,phases      ] GC(834)   Post Evacuate Collection Set: 0.4ms
[103.732s][info][gc,phases      ] GC(834)   Other: 0.2ms
[103.732s][info][gc,heap        ] GC(834) Eden regions: 204->0(204)
[103.732s][info][gc,heap        ] GC(834) Survivor regions: 12->12(27)
[103.732s][info][gc,heap        ] GC(834) Old regions: 132->132
[103.732s][info][gc,heap        ] GC(834) Archive regions: 0->0
[103.732s][info][gc,heap        ] GC(834) Humongous regions: 15->15
[103.732s][info][gc,metaspace   ] GC(834) Metaspace: 61816K(62720K)->61816K(62720K) NonClass: 54236K(54720K)->54236K(54720K) Class: 7580K(8000K)->7580K(8000K)
[103.732s][info][gc             ] GC(834) Pause Young (Normal) (G1 Evacuation Pause) 356M->152M(396M) 5.946ms
[103.732s][info][gc,cpu         ] GC(834) User=0.00s Sys=0.00s Real=0.00s
[103.841s][info][gc,start       ] GC(835) Pause Young (Normal) (G1 Evacuation Pause)
[103.841s][info][gc,task        ] GC(835) Using 9 workers of 33 for evacuation
[103.847s][info][gc,phases      ] GC(835)   Pre Evacuate Collection Set: 0.2ms
[103.847s][info][gc,phases      ] GC(835)   Merge Heap Roots: 0.1ms
[103.847s][info][gc,phases      ] GC(835)   Evacuate Collection Set: 5.2ms
[103.847s][info][gc,phases      ] GC(835)   Post Evacuate Collection Set: 0.6ms
[103.847s][info][gc,phases      ] GC(835)   Other: 0.2ms
[103.848s][info][gc,heap        ] GC(835) Eden regions: 204->0(204)
[103.848s][info][gc,heap        ] GC(835) Survivor regions: 12->12(27)
[103.848s][info][gc,heap        ] GC(835) Old regions: 132->132
[103.848s][info][gc,heap        ] GC(835) Archive regions: 0->0
[103.848s][info][gc,heap        ] GC(835) Humongous regions: 15->15
[103.848s][info][gc,metaspace   ] GC(835) Metaspace: 61816K(62720K)->61816K(62720K) NonClass: 54236K(54720K)->54236K(54720K) Class: 7580K(8000K)->7580K(8000K)
[103.848s][info][gc             ] GC(835) Pause Young (Normal) (G1 Evacuation Pause) 356M->152M(396M) 6.666ms
[103.848s][info][gc,cpu         ] GC(835) User=0.14s Sys=0.00s Real=0.02s
[103.992s][info][gc,start       ] GC(836) Pause Young (Normal) (G1 Evacuation Pause)
[103.992s][info][gc,task        ] GC(836) Using 9 workers of 33 for evacuation
[103.998s][info][gc,phases      ] GC(836)   Pre Evacuate Collection Set: 0.1ms
[103.998s][info][gc,phases      ] GC(836)   Merge Heap Roots: 0.1ms
[103.998s][info][gc,phases      ] GC(836)   Evacuate Collection Set: 5.3ms
[103.998s][info][gc,phases      ] GC(836)   Post Evacuate Collection Set: 0.4ms
[103.998s][info][gc,phases      ] GC(836)   Other: 0.1ms
[103.998s][info][gc,heap        ] GC(836) Eden regions: 204->0(204)
[103.998s][info][gc,heap        ] GC(836) Survivor regions: 12->12(27)
[103.998s][info][gc,heap        ] GC(836) Old regions: 132->132
[103.998s][info][gc,heap        ] GC(836) Archive regions: 0->0
[103.998s][info][gc,heap        ] GC(836) Humongous regions: 15->15
[103.998s][info][gc,metaspace   ] GC(836) Metaspace: 61816K(62720K)->61816K(62720K) NonClass: 54236K(54720K)->54236K(54720K) Class: 7580K(8000K)->7580K(8000K)
[103.999s][info][gc             ] GC(836) Pause Young (Normal) (G1 Evacuation Pause) 356M->151M(396M) 6.466ms
[103.999s][info][gc,cpu         ] GC(836) User=0.00s Sys=0.00s Real=0.00s
[104.156s][info][gc,start       ] GC(837) Pause Young (Normal) (G1 Evacuation Pause)
[104.156s][info][gc,task        ] GC(837) Using 9 workers of 33 for evacuation
[104.162s][info][gc,phases      ] GC(837)   Pre Evacuate Collection Set: 0.1ms
[104.162s][info][gc,phases      ] GC(837)   Merge Heap Roots: 0.1ms
[104.162s][info][gc,phases      ] GC(837)   Evacuate Collection Set: 5.1ms
[104.162s][info][gc,phases      ] GC(837)   Post Evacuate Collection Set: 0.4ms
[104.162s][info][gc,phases      ] GC(837)   Other: 0.2ms
[104.162s][info][gc,heap        ] GC(837) Eden regions: 204->0(204)
[104.162s][info][gc,heap        ] GC(837) Survivor regions: 12->12(27)
[104.162s][info][gc,heap        ] GC(837) Old regions: 132->132
[104.162s][info][gc,heap        ] GC(837) Archive regions: 0->0
[104.162s][info][gc,heap        ] GC(837) Humongous regions: 15->15
[104.162s][info][gc,metaspace   ] GC(837) Metaspace: 61816K(62720K)->61816K(62720K) NonClass: 54236K(54720K)->54236K(54720K) Class: 7580K(8000K)->7580K(8000K)
[104.162s][info][gc             ] GC(837) Pause Young (Normal) (G1 Evacuation Pause) 355M->151M(396M) 6.360ms
[104.162s][info][gc,cpu         ] GC(837) User=0.14s Sys=0.00s Real=0.02s
[104.308s][info][gc,start       ] GC(838) Pause Young (Normal) (G1 Evacuation Pause)
[104.308s][info][gc,task        ] GC(838) Using 9 workers of 33 for evacuation
[104.314s][info][gc,phases      ] GC(838)   Pre Evacuate Collection Set: 0.1ms
[104.314s][info][gc,phases      ] GC(838)   Merge Heap Roots: 0.1ms
[104.314s][info][gc,phases      ] GC(838)   Evacuate Collection Set: 5.0ms
[104.314s][info][gc,phases      ] GC(838)   Post Evacuate Collection Set: 0.4ms
[104.314s][info][gc,phases      ] GC(838)   Other: 0.1ms
[104.314s][info][gc,heap        ] GC(838) Eden regions: 204->0(204)
[104.314s][info][gc,heap        ] GC(838) Survivor regions: 12->12(27)
[104.314s][info][gc,heap        ] GC(838) Old regions: 132->132
[104.314s][info][gc,heap        ] GC(838) Archive regions: 0->0
[104.314s][info][gc,heap        ] GC(838) Humongous regions: 15->15
[104.314s][info][gc,metaspace   ] GC(838) Metaspace: 61816K(62720K)->61816K(62720K) NonClass: 54236K(54720K)->54236K(54720K) Class: 7580K(8000K)->7580K(8000K)
[104.314s][info][gc             ] GC(838) Pause Young (Normal) (G1 Evacuation Pause) 355M->152M(396M) 6.275ms
[104.314s][info][gc,cpu         ] GC(838) User=0.05s Sys=0.00s Real=0.01s
[104.444s][info][gc,start       ] GC(839) Pause Young (Normal) (G1 Evacuation Pause)
[104.444s][info][gc,task        ] GC(839) Using 9 workers of 33 for evacuation
[104.450s][info][gc,phases      ] GC(839)   Pre Evacuate Collection Set: 0.1ms
[104.450s][info][gc,phases      ] GC(839)   Merge Heap Roots: 0.1ms
[104.450s][info][gc,phases      ] GC(839)   Evacuate Collection Set: 5.1ms
[104.450s][info][gc,phases      ] GC(839)   Post Evacuate Collection Set: 0.4ms
[104.450s][info][gc,phases      ] GC(839)   Other: 0.1ms
[104.450s][info][gc,heap        ] GC(839) Eden regions: 204->0(204)
[104.450s][info][gc,heap        ] GC(839) Survivor regions: 12->12(27)
[104.450s][info][gc,heap        ] GC(839) Old regions: 132->132
[104.450s][info][gc,heap        ] GC(839) Archive regions: 0->0
[104.450s][info][gc,heap        ] GC(839) Humongous regions: 15->15
[104.450s][info][gc,metaspace   ] GC(839) Metaspace: 61816K(62720K)->61816K(62720K) NonClass: 54236K(54720K)->54236K(54720K) Class: 7580K(8000K)->7580K(8000K)
[104.450s][info][gc             ] GC(839) Pause Young (Normal) (G1 Evacuation Pause) 356M->152M(396M) 6.318ms
[104.450s][info][gc,cpu         ] GC(839) User=0.00s Sys=0.00s Real=0.00s
[104.487s][info][gc,start       ] GC(840) Pause Full (System.gc())
[104.487s][info][gc,task        ] GC(840) Using 9 workers of 33 for full compaction
[104.488s][info][gc,phases,start] GC(840) Phase 1: Mark live objects
[104.519s][info][gc,phases      ] GC(840) Phase 1: Mark live objects 31.151ms
[104.519s][info][gc,phases,start] GC(840) Phase 2: Prepare compaction
[104.523s][info][gc,phases      ] GC(840) Phase 2: Prepare compaction 4.163ms
[104.523s][info][gc,phases,start] GC(840) Phase 3: Adjust pointers
[104.531s][info][gc,phases      ] GC(840) Phase 3: Adjust pointers 8.173ms
[104.531s][info][gc,phases,start] GC(840) Phase 4: Compact heap
[104.532s][info][gc,phases      ] GC(840) Phase 4: Compact heap 0.529ms
[104.547s][info][gc,heap        ] GC(840) Eden regions: 28->0(216)
[104.547s][info][gc,heap        ] GC(840) Survivor regions: 12->0(27)
[104.547s][info][gc,heap        ] GC(840) Old regions: 132->99
[104.547s][info][gc,heap        ] GC(840) Archive regions: 0->0
[104.547s][info][gc,heap        ] GC(840) Humongous regions: 20->9
[104.547s][info][gc,metaspace   ] GC(840) Metaspace: 61826K(62720K)->61826K(62720K) NonClass: 54246K(54720K)->54246K(54720K) Class: 7580K(8000K)->7580K(8000K)
[104.547s][info][gc             ] GC(840) Pause Full (System.gc()) 184M->102M(360M) 59.777ms
[104.547s][info][gc,cpu         ] GC(840) User=0.14s Sys=0.02s Real=0.05s
[104.688s][info][gc,start       ] GC(841) Pause Young (Normal) (G1 Evacuation Pause)
[104.688s][info][gc,task        ] GC(841) Using 8 workers of 33 for evacuation
[104.693s][info][gc,phases      ] GC(841)   Pre Evacuate Collection Set: 0.2ms
[104.693s][info][gc,phases      ] GC(841)   Merge Heap Roots: 0.1ms
[104.693s][info][gc,phases      ] GC(841)   Evacuate Collection Set: 4.0ms
[104.693s][info][gc,phases      ] GC(841)   Post Evacuate Collection Set: 0.7ms
[104.693s][info][gc,phases      ] GC(841)   Other: 0.2ms
[104.693s][info][gc,heap        ] GC(841) Eden regions: 216->0(208)
[104.693s][info][gc,heap        ] GC(841) Survivor regions: 0->8(27)
[104.693s][info][gc,heap        ] GC(841) Old regions: 99->99
[104.693s][info][gc,heap        ] GC(841) Archive regions: 0->0
[104.693s][info][gc,heap        ] GC(841) Humongous regions: 19->9
[104.693s][info][gc,metaspace   ] GC(841) Metaspace: 61827K(62720K)->61827K(62720K) NonClass: 54247K(54720K)->54247K(54720K) Class: 7580K(8000K)->7580K(8000K)
[104.693s][info][gc             ] GC(841) Pause Young (Normal) (G1 Evacuation Pause) 328M->110M(360M) 5.561ms
[104.693s][info][gc,cpu         ] GC(841) User=0.13s Sys=0.00s Real=0.02s
[104.768s][info][gc,start       ] GC(842) Pause Young (Normal) (G1 Evacuation Pause)
[104.768s][info][gc,task        ] GC(842) Using 8 workers of 33 for evacuation
[104.779s][info][gc,phases      ] GC(842)   Pre Evacuate Collection Set: 0.1ms
[104.779s][info][gc,phases      ] GC(842)   Merge Heap Roots: 0.1ms
[104.779s][info][gc,phases      ] GC(842)   Evacuate Collection Set: 9.4ms
[104.779s][info][gc,phases      ] GC(842)   Post Evacuate Collection Set: 0.8ms
[104.779s][info][gc,phases      ] GC(842)   Other: 0.2ms
[104.779s][info][gc,heap        ] GC(842) Eden regions: 208->0(204)
[104.779s][info][gc,heap        ] GC(842) Survivor regions: 8->16(27)
[104.779s][info][gc,heap        ] GC(842) Old regions: 99->99
[104.779s][info][gc,heap        ] GC(842) Archive regions: 0->0
[104.779s][info][gc,heap        ] GC(842) Humongous regions: 12->12
[104.779s][info][gc,metaspace   ] GC(842) Metaspace: 61827K(62720K)->61827K(62720K) NonClass: 54247K(54720K)->54247K(54720K) Class: 7580K(8000K)->7580K(8000K)
[104.779s][info][gc             ] GC(842) Pause Young (Normal) (G1 Evacuation Pause) 321M->121M(367M) 11.027ms
[104.779s][info][gc,cpu         ] GC(842) User=0.00s Sys=0.00s Real=0.00s
[104.843s][info][gc,start       ] GC(843) Pause Young (Normal) (G1 Evacuation Pause)
[104.843s][info][gc,task        ] GC(843) Using 8 workers of 33 for evacuation
[104.859s][info][gc,phases      ] GC(843)   Pre Evacuate Collection Set: 0.1ms
[104.859s][info][gc,phases      ] GC(843)   Merge Heap Roots: 0.1ms
[104.859s][info][gc,phases      ] GC(843)   Evacuate Collection Set: 14.9ms
[104.859s][info][gc,phases      ] GC(843)   Post Evacuate Collection Set: 0.5ms
[104.859s][info][gc,phases      ] GC(843)   Other: 0.2ms
[104.859s][info][gc,heap        ] GC(843) Eden regions: 204->0(192)
[104.860s][info][gc,heap        ] GC(843) Survivor regions: 16->19(28)
[104.860s][info][gc,heap        ] GC(843) Old regions: 99->106
[104.860s][info][gc,heap        ] GC(843) Archive regions: 0->0
[104.860s][info][gc,heap        ] GC(843) Humongous regions: 12->12
[104.860s][info][gc,metaspace   ] GC(843) Metaspace: 61827K(62720K)->61827K(62720K) NonClass: 54247K(54720K)->54247K(54720K) Class: 7580K(8000K)->7580K(8000K)
[104.860s][info][gc             ] GC(843) Pause Young (Normal) (G1 Evacuation Pause) 325M->130M(367M) 16.291ms
[104.860s][info][gc,cpu         ] GC(843) User=0.13s Sys=0.00s Real=0.02s
[104.928s][info][gc,start       ] GC(844) Pause Young (Normal) (G1 Evacuation Pause)
[104.928s][info][gc,task        ] GC(844) Using 8 workers of 33 for evacuation
[104.947s][info][gc,phases      ] GC(844)   Pre Evacuate Collection Set: 0.1ms
[104.947s][info][gc,phases      ] GC(844)   Merge Heap Roots: 0.1ms
[104.947s][info][gc,phases      ] GC(844)   Evacuate Collection Set: 17.7ms
[104.947s][info][gc,phases      ] GC(844)   Post Evacuate Collection Set: 0.4ms
[104.947s][info][gc,phases      ] GC(844)   Other: 0.2ms
[104.947s][info][gc,heap        ] GC(844) Eden regions: 192->0(182)
[104.947s][info][gc,heap        ] GC(844) Survivor regions: 19->18(27)
[104.947s][info][gc,heap        ] GC(844) Old regions: 106->115
[104.947s][info][gc,heap        ] GC(844) Archive regions: 0->0
[104.947s][info][gc,heap        ] GC(844) Humongous regions: 15->15
[104.947s][info][gc,metaspace   ] GC(844) Metaspace: 61827K(62720K)->61827K(62720K) NonClass: 54247K(54720K)->54247K(54720K) Class: 7580K(8000K)->7580K(8000K)
[104.947s][info][gc             ] GC(844) Pause Young (Normal) (G1 Evacuation Pause) 325M->142M(367M) 18.980ms
[104.947s][info][gc,cpu         ] GC(844) User=0.13s Sys=0.00s Real=0.02s
[105.011s][info][gc,start       ] GC(845) Pause Young (Normal) (G1 Evacuation Pause)
[105.011s][info][gc,task        ] GC(845) Using 8 workers of 33 for evacuation
[105.024s][info][gc,phases      ] GC(845)   Pre Evacuate Collection Set: 0.1ms
[105.030s][info][gc,phases      ] GC(845)   Merge Heap Roots: 0.1ms
[105.030s][info][gc,phases      ] GC(845)   Evacuate Collection Set: 12.0ms
[105.030s][info][gc,phases      ] GC(845)   Post Evacuate Collection Set: 0.4ms
[105.030s][info][gc,phases      ] GC(845)   Other: 0.2ms
[105.030s][info][gc,heap        ] GC(845) Eden regions: 182->0(174)
[105.030s][info][gc,heap        ] GC(845) Survivor regions: 18->17(25)
[105.031s][info][gc,heap        ] GC(845) Old regions: 115->125
[105.031s][info][gc,heap        ] GC(845) Archive regions: 0->0
[105.031s][info][gc,heap        ] GC(845) Humongous regions: 15->15
[105.031s][info][gc,metaspace   ] GC(845) Metaspace: 61827K(62720K)->61827K(62720K) NonClass: 54247K(54720K)->54247K(54720K) Class: 7580K(8000K)->7580K(8000K)
[105.031s][info][gc             ] GC(845) Pause Young (Normal) (G1 Evacuation Pause) 324M->150M(367M) 19.357ms
[105.031s][info][gc,cpu         ] GC(845) User=0.13s Sys=0.00s Real=0.02s
[105.092s][info][gc,start       ] GC(846) Pause Young (Normal) (G1 Evacuation Pause)
[105.092s][info][gc,task        ] GC(846) Using 8 workers of 33 for evacuation
[105.100s][info][gc,phases      ] GC(846)   Pre Evacuate Collection Set: 0.1ms
[105.100s][info][gc,phases      ] GC(846)   Merge Heap Roots: 0.1ms
[105.100s][info][gc,phases      ] GC(846)   Evacuate Collection Set: 7.3ms
[105.100s][info][gc,phases      ] GC(846)   Post Evacuate Collection Set: 0.8ms
[105.100s][info][gc,phases      ] GC(846)   Other: 0.2ms
[105.100s][info][gc,heap        ] GC(846) Eden regions: 174->0(205)
[105.100s][info][gc,heap        ] GC(846) Survivor regions: 17->11(24)
[105.101s][info][gc,heap        ] GC(846) Old regions: 125->133
[105.101s][info][gc,heap        ] GC(846) Archive regions: 0->0
[105.101s][info][gc,heap        ] GC(846) Humongous regions: 15->15
[105.101s][info][gc,metaspace   ] GC(846) Metaspace: 61827K(62720K)->61827K(62720K) NonClass: 54247K(54720K)->54247K(54720K) Class: 7580K(8000K)->7580K(8000K)
[105.101s][info][gc             ] GC(846) Pause Young (Normal) (G1 Evacuation Pause) 324M->152M(396M) 8.934ms
[105.101s][info][gc,cpu         ] GC(846) User=0.13s Sys=0.00s Real=0.02s
[105.173s][info][gc,start       ] GC(847) Pause Young (Normal) (G1 Evacuation Pause)
[105.174s][info][gc,task        ] GC(847) Using 9 workers of 33 for evacuation
[105.178s][info][gc,phases      ] GC(847)   Pre Evacuate Collection Set: 0.1ms
[105.178s][info][gc,phases      ] GC(847)   Merge Heap Roots: 0.1ms
[105.178s][info][gc,phases      ] GC(847)   Evacuate Collection Set: 3.7ms
[105.178s][info][gc,phases      ] GC(847)   Post Evacuate Collection Set: 0.4ms
[105.178s][info][gc,phases      ] GC(847)   Other: 0.2ms
[105.178s][info][gc,heap        ] GC(847) Eden regions: 205->0(205)
[105.178s][info][gc,heap        ] GC(847) Survivor regions: 11->11(27)
[105.178s][info][gc,heap        ] GC(847) Old regions: 133->133
[105.178s][info][gc,heap        ] GC(847) Archive regions: 0->0
[105.178s][info][gc,heap        ] GC(847) Humongous regions: 15->15
[105.178s][info][gc,metaspace   ] GC(847) Metaspace: 61827K(62720K)->61827K(62720K) NonClass: 54247K(54720K)->54247K(54720K) Class: 7580K(8000K)->7580K(8000K)
[105.178s][info][gc             ] GC(847) Pause Young (Normal) (G1 Evacuation Pause) 357M->152M(396M) 4.929ms
[105.178s][info][gc,cpu         ] GC(847) User=0.00s Sys=0.00s Real=0.00s
[105.246s][info][gc,start       ] GC(848) Pause Young (Normal) (G1 Evacuation Pause)
[105.246s][info][gc,task        ] GC(848) Using 9 workers of 33 for evacuation
[105.251s][info][gc,phases      ] GC(848)   Pre Evacuate Collection Set: 0.1ms
[105.251s][info][gc,phases      ] GC(848)   Merge Heap Roots: 0.1ms
[105.251s][info][gc,phases      ] GC(848)   Evacuate Collection Set: 4.9ms
[105.251s][info][gc,phases      ] GC(848)   Post Evacuate Collection Set: 0.4ms
[105.252s][info][gc,phases      ] GC(848)   Other: 0.1ms
[105.252s][info][gc,heap        ] GC(848) Eden regions: 205->0(205)
[105.252s][info][gc,heap        ] GC(848) Survivor regions: 11->11(27)
[105.252s][info][gc,heap        ] GC(848) Old regions: 133->133
[105.252s][info][gc,heap        ] GC(848) Archive regions: 0->0
[105.252s][info][gc,heap        ] GC(848) Humongous regions: 15->15
[105.252s][info][gc,metaspace   ] GC(848) Metaspace: 61827K(62720K)->61827K(62720K) NonClass: 54247K(54720K)->54247K(54720K) Class: 7580K(8000K)->7580K(8000K)
[105.252s][info][gc             ] GC(848) Pause Young (Normal) (G1 Evacuation Pause) 357M->152M(396M) 6.002ms
[105.252s][info][gc,cpu         ] GC(848) User=0.14s Sys=0.00s Real=0.02s
[105.321s][info][gc,start       ] GC(849) Pause Young (Normal) (G1 Evacuation Pause)
[105.321s][info][gc,task        ] GC(849) Using 9 workers of 33 for evacuation
[105.325s][info][gc,phases      ] GC(849)   Pre Evacuate Collection Set: 0.1ms
[105.325s][info][gc,phases      ] GC(849)   Merge Heap Roots: 0.1ms
[105.325s][info][gc,phases      ] GC(849)   Evacuate Collection Set: 3.7ms
[105.325s][info][gc,phases      ] GC(849)   Post Evacuate Collection Set: 0.4ms
[105.325s][info][gc,phases      ] GC(849)   Other: 0.1ms
[105.325s][info][gc,heap        ] GC(849) Eden regions: 205->0(205)
[105.325s][info][gc,heap        ] GC(849) Survivor regions: 11->11(27)
[105.325s][info][gc,heap        ] GC(849) Old regions: 133->133
[105.325s][info][gc,heap        ] GC(849) Archive regions: 0->0
[105.325s][info][gc,heap        ] GC(849) Humongous regions: 15->15
[105.325s][info][gc,metaspace   ] GC(849) Metaspace: 61827K(62720K)->61827K(62720K) NonClass: 54247K(54720K)->54247K(54720K) Class: 7580K(8000K)->7580K(8000K)
[105.325s][info][gc             ] GC(849) Pause Young (Normal) (G1 Evacuation Pause) 357M->152M(396M) 4.835ms
[105.325s][info][gc,cpu         ] GC(849) User=0.00s Sys=0.00s Real=0.00s
[105.402s][info][gc,start       ] GC(850) Pause Young (Normal) (G1 Evacuation Pause)
[105.402s][info][gc,task        ] GC(850) Using 9 workers of 33 for evacuation
[105.407s][info][gc,phases      ] GC(850)   Pre Evacuate Collection Set: 0.1ms
[105.407s][info][gc,phases      ] GC(850)   Merge Heap Roots: 0.1ms
[105.407s][info][gc,phases      ] GC(850)   Evacuate Collection Set: 4.6ms
[105.407s][info][gc,phases      ] GC(850)   Post Evacuate Collection Set: 0.6ms
[105.407s][info][gc,phases      ] GC(850)   Other: 0.1ms
[105.407s][info][gc,heap        ] GC(850) Eden regions: 205->0(207)
[105.407s][info][gc,heap        ] GC(850) Survivor regions: 11->10(27)
[105.407s][info][gc,heap        ] GC(850) Old regions: 133->133
[105.407s][info][gc,heap        ] GC(850) Archive regions: 0->0
[105.407s][info][gc,heap        ] GC(850) Humongous regions: 15->15
[105.407s][info][gc,metaspace   ] GC(850) Metaspace: 61827K(62720K)->61827K(62720K) NonClass: 54247K(54720K)->54247K(54720K) Class: 7580K(8000K)->7580K(8000K)
[105.407s][info][gc             ] GC(850) Pause Young (Normal) (G1 Evacuation Pause) 357M->151M(396M) 5.982ms
[105.408s][info][gc,cpu         ] GC(850) User=0.02s Sys=0.27s Real=0.02s
[105.541s][info][gc,start       ] GC(851) Pause Young (Normal) (G1 Evacuation Pause)
[105.541s][info][gc,task        ] GC(851) Using 9 workers of 33 for evacuation
[105.547s][info][gc,phases      ] GC(851)   Pre Evacuate Collection Set: 0.1ms
[105.547s][info][gc,phases      ] GC(851)   Merge Heap Roots: 0.1ms
[105.547s][info][gc,phases      ] GC(851)   Evacuate Collection Set: 4.9ms
[105.547s][info][gc,phases      ] GC(851)   Post Evacuate Collection Set: 0.4ms
[105.547s][info][gc,phases      ] GC(851)   Other: 0.1ms
[105.547s][info][gc,heap        ] GC(851) Eden regions: 207->0(205)
[105.547s][info][gc,heap        ] GC(851) Survivor regions: 10->11(28)
[105.547s][info][gc,heap        ] GC(851) Old regions: 133->133
[105.547s][info][gc,heap        ] GC(851) Archive regions: 0->0
[105.547s][info][gc,heap        ] GC(851) Humongous regions: 15->15
[105.547s][info][gc,metaspace   ] GC(851) Metaspace: 61827K(62720K)->61827K(62720K) NonClass: 54247K(54720K)->54247K(54720K) Class: 7580K(8000K)->7580K(8000K)
[105.547s][info][gc             ] GC(851) Pause Young (Normal) (G1 Evacuation Pause) 358M->152M(396M) 6.120ms
[105.547s][info][gc,cpu         ] GC(851) User=0.00s Sys=0.00s Real=0.00s
[105.692s][info][gc,start       ] GC(852) Pause Young (Normal) (G1 Evacuation Pause)
[105.692s][info][gc,task        ] GC(852) Using 9 workers of 33 for evacuation
[105.698s][info][gc,phases      ] GC(852)   Pre Evacuate Collection Set: 0.1ms
[105.698s][info][gc,phases      ] GC(852)   Merge Heap Roots: 0.1ms
[105.698s][info][gc,phases      ] GC(852)   Evacuate Collection Set: 4.9ms
[105.698s][info][gc,phases      ] GC(852)   Post Evacuate Collection Set: 0.4ms
[105.698s][info][gc,phases      ] GC(852)   Other: 0.1ms
[105.698s][info][gc,heap        ] GC(852) Eden regions: 205->0(205)
[105.698s][info][gc,heap        ] GC(852) Survivor regions: 11->11(27)
[105.698s][info][gc,heap        ] GC(852) Old regions: 133->133
[105.698s][info][gc,heap        ] GC(852) Archive regions: 0->0
[105.698s][info][gc,heap        ] GC(852) Humongous regions: 15->15
[105.698s][info][gc,metaspace   ] GC(852) Metaspace: 61827K(62720K)->61827K(62720K) NonClass: 54247K(54720K)->54247K(54720K) Class: 7580K(8000K)->7580K(8000K)
[105.698s][info][gc             ] GC(852) Pause Young (Normal) (G1 Evacuation Pause) 357M->152M(396M) 6.117ms
[105.698s][info][gc,cpu         ] GC(852) User=0.00s Sys=0.00s Real=0.00s
[105.845s][info][gc,start       ] GC(853) Pause Young (Normal) (G1 Evacuation Pause)
[105.845s][info][gc,task        ] GC(853) Using 9 workers of 33 for evacuation
[105.850s][info][gc,phases      ] GC(853)   Pre Evacuate Collection Set: 0.1ms
[105.850s][info][gc,phases      ] GC(853)   Merge Heap Roots: 0.1ms
[105.850s][info][gc,phases      ] GC(853)   Evacuate Collection Set: 4.9ms
[105.850s][info][gc,phases      ] GC(853)   Post Evacuate Collection Set: 0.4ms
[105.850s][info][gc,phases      ] GC(853)   Other: 0.2ms
[105.851s][info][gc,heap        ] GC(853) Eden regions: 205->0(205)
[105.851s][info][gc,heap        ] GC(853) Survivor regions: 11->11(27)
[105.851s][info][gc,heap        ] GC(853) Old regions: 133->133
[105.851s][info][gc,heap        ] GC(853) Archive regions: 0->0
[105.851s][info][gc,heap        ] GC(853) Humongous regions: 15->15
[105.851s][info][gc,metaspace   ] GC(853) Metaspace: 61827K(62720K)->61827K(62720K) NonClass: 54247K(54720K)->54247K(54720K) Class: 7580K(8000K)->7580K(8000K)
[105.851s][info][gc             ] GC(853) Pause Young (Normal) (G1 Evacuation Pause) 357M->152M(396M) 6.100ms
[105.851s][info][gc,cpu         ] GC(853) User=0.00s Sys=0.00s Real=0.00s
[105.980s][info][gc,start       ] GC(854) Pause Young (Normal) (G1 Evacuation Pause)
[105.981s][info][gc,task        ] GC(854) Using 9 workers of 33 for evacuation
[105.986s][info][gc,phases      ] GC(854)   Pre Evacuate Collection Set: 0.1ms
[105.986s][info][gc,phases      ] GC(854)   Merge Heap Roots: 0.1ms
[105.986s][info][gc,phases      ] GC(854)   Evacuate Collection Set: 4.8ms
[105.986s][info][gc,phases      ] GC(854)   Post Evacuate Collection Set: 0.4ms
[105.986s][info][gc,phases      ] GC(854)   Other: 0.2ms
[105.986s][info][gc,heap        ] GC(854) Eden regions: 205->0(205)
[105.986s][info][gc,heap        ] GC(854) Survivor regions: 11->11(27)
[105.986s][info][gc,heap        ] GC(854) Old regions: 133->133
[105.986s][info][gc,heap        ] GC(854) Archive regions: 0->0
[105.986s][info][gc,heap        ] GC(854) Humongous regions: 15->15
[105.986s][info][gc,metaspace   ] GC(854) Metaspace: 61827K(62720K)->61827K(62720K) NonClass: 54247K(54720K)->54247K(54720K) Class: 7580K(8000K)->7580K(8000K)
[105.987s][info][gc             ] GC(854) Pause Young (Normal) (G1 Evacuation Pause) 357M->152M(396M) 6.099ms
[105.987s][info][gc,cpu         ] GC(854) User=0.14s Sys=0.00s Real=0.01s
[106.046s][info][gc,start       ] GC(855) Pause Full (System.gc())
[106.046s][info][gc,task        ] GC(855) Using 9 workers of 33 for full compaction
[106.046s][info][gc,phases,start] GC(855) Phase 1: Mark live objects
[106.077s][info][gc,phases      ] GC(855) Phase 1: Mark live objects 30.920ms
[106.077s][info][gc,phases,start] GC(855) Phase 2: Prepare compaction
[106.081s][info][gc,phases      ] GC(855) Phase 2: Prepare compaction 3.857ms
[106.081s][info][gc,phases,start] GC(855) Phase 3: Adjust pointers
[106.090s][info][gc,phases      ] GC(855) Phase 3: Adjust pointers 8.806ms
[106.090s][info][gc,phases,start] GC(855) Phase 4: Compact heap
[106.091s][info][gc,phases      ] GC(855) Phase 4: Compact heap 0.635ms
[106.106s][info][gc,heap        ] GC(855) Eden regions: 41->0(214)
[106.106s][info][gc,heap        ] GC(855) Survivor regions: 11->0(27)
[106.106s][info][gc,heap        ] GC(855) Old regions: 133->98
[106.106s][info][gc,heap        ] GC(855) Archive regions: 0->0
[106.106s][info][gc,heap        ] GC(855) Humongous regions: 20->9
[106.106s][info][gc,metaspace   ] GC(855) Metaspace: 61828K(62720K)->61828K(62720K) NonClass: 54248K(54720K)->54248K(54720K) Class: 7580K(8000K)->7580K(8000K)
[106.107s][info][gc             ] GC(855) Pause Full (System.gc()) 198M->102M(357M) 60.624ms
[106.107s][info][gc,cpu         ] GC(855) User=0.45s Sys=0.00s Real=0.06s
[106.245s][info][gc,start       ] GC(856) Pause Young (Normal) (G1 Evacuation Pause)
[106.245s][info][gc,task        ] GC(856) Using 8 workers of 33 for evacuation
[106.250s][info][gc,phases      ] GC(856)   Pre Evacuate Collection Set: 0.2ms
[106.250s][info][gc,phases      ] GC(856)   Merge Heap Roots: 0.1ms
[106.250s][info][gc,phases      ] GC(856)   Evacuate Collection Set: 3.7ms
[106.250s][info][gc,phases      ] GC(856)   Post Evacuate Collection Set: 0.7ms
[106.250s][info][gc,phases      ] GC(856)   Other: 0.2ms
[106.250s][info][gc,heap        ] GC(856) Eden regions: 214->0(206)
[106.250s][info][gc,heap        ] GC(856) Survivor regions: 0->8(27)
[106.250s][info][gc,heap        ] GC(856) Old regions: 98->98
[106.250s][info][gc,heap        ] GC(856) Archive regions: 0->0
[106.250s][info][gc,heap        ] GC(856) Humongous regions: 19->9
[106.250s][info][gc,metaspace   ] GC(856) Metaspace: 61829K(62720K)->61829K(62720K) NonClass: 54248K(54720K)->54248K(54720K) Class: 7580K(8000K)->7580K(8000K)
[106.251s][info][gc             ] GC(856) Pause Young (Normal) (G1 Evacuation Pause) 326M->109M(357M) 5.359ms
[106.251s][info][gc,cpu         ] GC(856) User=0.02s Sys=0.00s Real=0.02s
[106.317s][info][gc,start       ] GC(857) Pause Young (Normal) (G1 Evacuation Pause)
[106.317s][info][gc,task        ] GC(857) Using 8 workers of 33 for evacuation
[106.327s][info][gc,phases      ] GC(857)   Pre Evacuate Collection Set: 0.2ms
[106.327s][info][gc,phases      ] GC(857)   Merge Heap Roots: 0.1ms
[106.327s][info][gc,phases      ] GC(857)   Evacuate Collection Set: 9.1ms
[106.327s][info][gc,phases      ] GC(857)   Post Evacuate Collection Set: 0.7ms
[106.327s][info][gc,phases      ] GC(857)   Other: 0.2ms
[106.327s][info][gc,heap        ] GC(857) Eden regions: 206->0(198)
[106.327s][info][gc,heap        ] GC(857) Survivor regions: 8->15(27)
[106.327s][info][gc,heap        ] GC(857) Old regions: 98->98
[106.327s][info][gc,heap        ] GC(857) Archive regions: 0->0
[106.327s][info][gc,heap        ] GC(857) Humongous regions: 12->12
[106.327s][info][gc,metaspace   ] GC(857) Metaspace: 61829K(62720K)->61829K(62720K) NonClass: 54248K(54720K)->54248K(54720K) Class: 7580K(8000K)->7580K(8000K)
[106.327s][info][gc             ] GC(857) Pause Young (Normal) (G1 Evacuation Pause) 318M->120M(357M) 10.793ms
[106.327s][info][gc,cpu         ] GC(857) User=0.00s Sys=0.00s Real=0.00s
[106.389s][info][gc,start       ] GC(858) Pause Young (Normal) (G1 Evacuation Pause)
[106.398s][info][gc,task        ] GC(858) Using 8 workers of 33 for evacuation
[106.411s][info][gc,phases      ] GC(858)   Pre Evacuate Collection Set: 0.1ms
[106.411s][info][gc,phases      ] GC(858)   Merge Heap Roots: 0.1ms
[106.411s][info][gc,phases      ] GC(858)   Evacuate Collection Set: 11.9ms
[106.411s][info][gc,phases      ] GC(858)   Post Evacuate Collection Set: 0.8ms
[106.411s][info][gc,phases      ] GC(858)   Other: 0.2ms
[106.411s][info][gc,heap        ] GC(858) Eden regions: 198->0(191)
[106.411s][info][gc,heap        ] GC(858) Survivor regions: 15->23(27)
[106.411s][info][gc,heap        ] GC(858) Old regions: 98->98
[106.411s][info][gc,heap        ] GC(858) Archive regions: 0->0
[106.411s][info][gc,heap        ] GC(858) Humongous regions: 12->12
[106.411s][info][gc,metaspace   ] GC(858) Metaspace: 61829K(62720K)->61829K(62720K) NonClass: 54248K(54720K)->54248K(54720K) Class: 7580K(8000K)->7580K(8000K)
[106.411s][info][gc             ] GC(858) Pause Young (Normal) (G1 Evacuation Pause) 318M->128M(366M) 22.057ms
[106.411s][info][gc,cpu         ] GC(858) User=0.13s Sys=0.00s Real=0.03s
[106.474s][info][gc,start       ] GC(859) Pause Young (Normal) (G1 Evacuation Pause)
[106.474s][info][gc,task        ] GC(859) Using 8 workers of 33 for evacuation
[106.489s][info][gc,phases      ] GC(859)   Pre Evacuate Collection Set: 0.1ms
[106.489s][info][gc,phases      ] GC(859)   Merge Heap Roots: 0.1ms
[106.489s][info][gc,phases      ] GC(859)   Evacuate Collection Set: 14.9ms
[106.489s][info][gc,phases      ] GC(859)   Post Evacuate Collection Set: 0.4ms
[106.490s][info][gc,phases      ] GC(859)   Other: 0.2ms
[106.490s][info][gc,heap        ] GC(859) Eden regions: 191->0(186)
[106.490s][info][gc,heap        ] GC(859) Survivor regions: 23->17(27)
[106.490s][info][gc,heap        ] GC(859) Old regions: 98->112
[106.490s][info][gc,heap        ] GC(859) Archive regions: 0->0
[106.490s][info][gc,heap        ] GC(859) Humongous regions: 15->15
[106.490s][info][gc,metaspace   ] GC(859) Metaspace: 61829K(62720K)->61829K(62720K) NonClass: 54248K(54720K)->54248K(54720K) Class: 7580K(8000K)->7580K(8000K)
[106.490s][info][gc             ] GC(859) Pause Young (Normal) (G1 Evacuation Pause) 322M->139M(366M) 16.223ms
[106.490s][info][gc,cpu         ] GC(859) User=0.13s Sys=0.00s Real=0.01s
[106.547s][info][gc,start       ] GC(860) Pause Young (Normal) (G1 Evacuation Pause)
[106.547s][info][gc,task        ] GC(860) Using 8 workers of 33 for evacuation
[106.559s][info][gc,phases      ] GC(860)   Pre Evacuate Collection Set: 0.1ms
[106.559s][info][gc,phases      ] GC(860)   Merge Heap Roots: 0.1ms
[106.559s][info][gc,phases      ] GC(860)   Evacuate Collection Set: 11.1ms
[106.559s][info][gc,phases      ] GC(860)   Post Evacuate Collection Set: 0.4ms
[106.559s][info][gc,phases      ] GC(860)   Other: 0.1ms
[106.559s][info][gc,heap        ] GC(860) Eden regions: 186->0(177)
[106.559s][info][gc,heap        ] GC(860) Survivor regions: 17->17(26)
[106.559s][info][gc,heap        ] GC(860) Old regions: 112->121
[106.559s][info][gc,heap        ] GC(860) Archive regions: 0->0
[106.559s][info][gc,heap        ] GC(860) Humongous regions: 15->15
[106.559s][info][gc,metaspace   ] GC(860) Metaspace: 61829K(62720K)->61829K(62720K) NonClass: 54248K(54720K)->54248K(54720K) Class: 7580K(8000K)->7580K(8000K)
[106.559s][info][gc             ] GC(860) Pause Young (Normal) (G1 Evacuation Pause) 325M->147M(366M) 12.266ms
[106.559s][info][gc,cpu         ] GC(860) User=0.13s Sys=0.00s Real=0.02s
[106.617s][info][gc,start       ] GC(861) Pause Young (Normal) (G1 Evacuation Pause)
[106.617s][info][gc,task        ] GC(861) Using 8 workers of 33 for evacuation
[106.627s][info][gc,phases      ] GC(861)   Pre Evacuate Collection Set: 0.1ms
[106.627s][info][gc,phases      ] GC(861)   Merge Heap Roots: 0.1ms
[106.627s][info][gc,phases      ] GC(861)   Evacuate Collection Set: 8.7ms
[106.627s][info][gc,phases      ] GC(861)   Post Evacuate Collection Set: 0.4ms
[106.627s][info][gc,phases      ] GC(861)   Other: 0.2ms
[106.627s][info][gc,heap        ] GC(861) Eden regions: 177->0(177)
[106.627s][info][gc,heap        ] GC(861) Survivor regions: 17->13(25)
[106.627s][info][gc,heap        ] GC(861) Old regions: 121->129
[106.627s][info][gc,heap        ] GC(861) Archive regions: 0->0
[106.627s][info][gc,heap        ] GC(861) Humongous regions: 15->15
[106.627s][info][gc,metaspace   ] GC(861) Metaspace: 61829K(62720K)->61829K(62720K) NonClass: 54248K(54720K)->54248K(54720K) Class: 7580K(8000K)->7580K(8000K)
[106.627s][info][gc             ] GC(861) Pause Young (Normal) (G1 Evacuation Pause) 324M->152M(366M) 9.940ms
[106.627s][info][gc,cpu         ] GC(861) User=0.13s Sys=0.00s Real=0.02s
[106.685s][info][gc,start       ] GC(862) Pause Young (Normal) (G1 Evacuation Pause)
[106.685s][info][gc,task        ] GC(862) Using 8 workers of 33 for evacuation
[106.691s][info][gc,phases      ] GC(862)   Pre Evacuate Collection Set: 0.1ms
[106.691s][info][gc,phases      ] GC(862)   Merge Heap Roots: 0.1ms
[106.691s][info][gc,phases      ] GC(862)   Evacuate Collection Set: 5.0ms
[106.691s][info][gc,phases      ] GC(862)   Post Evacuate Collection Set: 0.8ms
[106.691s][info][gc,phases      ] GC(862)   Other: 0.1ms
[106.691s][info][gc,heap        ] GC(862) Eden regions: 177->0(205)
[106.691s][info][gc,heap        ] GC(862) Survivor regions: 13->13(24)
[106.691s][info][gc,heap        ] GC(862) Old regions: 129->129
[106.691s][info][gc,heap        ] GC(862) Archive regions: 0->0
[106.691s][info][gc,heap        ] GC(862) Humongous regions: 15->15
[106.691s][info][gc,metaspace   ] GC(862) Metaspace: 61829K(62720K)->61829K(62720K) NonClass: 54248K(54720K)->54248K(54720K) Class: 7580K(8000K)->7580K(8000K)
[106.691s][info][gc             ] GC(862) Pause Young (Normal) (G1 Evacuation Pause) 329M->152M(396M) 6.611ms
[106.691s][info][gc,cpu         ] GC(862) User=0.13s Sys=0.00s Real=0.02s
[106.765s][info][gc,start       ] GC(863) Pause Young (Normal) (G1 Evacuation Pause)
[106.766s][info][gc,task        ] GC(863) Using 9 workers of 33 for evacuation
[106.771s][info][gc,phases      ] GC(863)   Pre Evacuate Collection Set: 0.1ms
[106.771s][info][gc,phases      ] GC(863)   Merge Heap Roots: 0.1ms
[106.771s][info][gc,phases      ] GC(863)   Evacuate Collection Set: 4.8ms
[106.771s][info][gc,phases      ] GC(863)   Post Evacuate Collection Set: 0.4ms
[106.771s][info][gc,phases      ] GC(863)   Other: 0.1ms
[106.771s][info][gc,heap        ] GC(863) Eden regions: 205->0(205)
[106.771s][info][gc,heap        ] GC(863) Survivor regions: 13->13(28)
[106.771s][info][gc,heap        ] GC(863) Old regions: 129->129
[106.771s][info][gc,heap        ] GC(863) Archive regions: 0->0
[106.771s][info][gc,heap        ] GC(863) Humongous regions: 15->15
[106.771s][info][gc,metaspace   ] GC(863) Metaspace: 61829K(62720K)->61829K(62720K) NonClass: 54248K(54720K)->54248K(54720K) Class: 7580K(8000K)->7580K(8000K)
[106.771s][info][gc             ] GC(863) Pause Young (Normal) (G1 Evacuation Pause) 357M->152M(396M) 6.024ms
[106.772s][info][gc,cpu         ] GC(863) User=0.14s Sys=0.00s Real=0.02s
[106.839s][info][gc,start       ] GC(864) Pause Young (Normal) (G1 Evacuation Pause)
[106.839s][info][gc,task        ] GC(864) Using 9 workers of 33 for evacuation
[106.844s][info][gc,phases      ] GC(864)   Pre Evacuate Collection Set: 0.1ms
[106.845s][info][gc,phases      ] GC(864)   Merge Heap Roots: 0.1ms
[106.845s][info][gc,phases      ] GC(864)   Evacuate Collection Set: 4.8ms
[106.845s][info][gc,phases      ] GC(864)   Post Evacuate Collection Set: 0.5ms
[106.845s][info][gc,phases      ] GC(864)   Other: 0.2ms
[106.845s][info][gc,heap        ] GC(864) Eden regions: 205->0(205)
[106.845s][info][gc,heap        ] GC(864) Survivor regions: 13->13(28)
[106.845s][info][gc,heap        ] GC(864) Old regions: 129->129
[106.845s][info][gc,heap        ] GC(864) Archive regions: 0->0
[106.845s][info][gc,heap        ] GC(864) Humongous regions: 15->15
[106.845s][info][gc,metaspace   ] GC(864) Metaspace: 61829K(62720K)->61829K(62720K) NonClass: 54248K(54720K)->54248K(54720K) Class: 7580K(8000K)->7580K(8000K)
[106.845s][info][gc             ] GC(864) Pause Young (Normal) (G1 Evacuation Pause) 357M->152M(396M) 6.046ms
[106.845s][info][gc,cpu         ] GC(864) User=0.03s Sys=0.08s Real=0.02s
[106.930s][info][gc,start       ] GC(865) Pause Young (Normal) (G1 Evacuation Pause)
[106.930s][info][gc,task        ] GC(865) Using 9 workers of 33 for evacuation
[106.936s][info][gc,phases      ] GC(865)   Pre Evacuate Collection Set: 0.1ms
[106.936s][info][gc,phases      ] GC(865)   Merge Heap Roots: 0.1ms
[106.936s][info][gc,phases      ] GC(865)   Evacuate Collection Set: 5.0ms
[106.936s][info][gc,phases      ] GC(865)   Post Evacuate Collection Set: 0.5ms
[106.936s][info][gc,phases      ] GC(865)   Other: 0.2ms
[106.936s][info][gc,heap        ] GC(865) Eden regions: 205->0(203)
[106.936s][info][gc,heap        ] GC(865) Survivor regions: 13->14(28)
[106.936s][info][gc,heap        ] GC(865) Old regions: 129->129
[106.936s][info][gc,heap        ] GC(865) Archive regions: 0->0
[106.936s][info][gc,heap        ] GC(865) Humongous regions: 15->15
[106.936s][info][gc,metaspace   ] GC(865) Metaspace: 61829K(62720K)->61829K(62720K) NonClass: 54248K(54720K)->54248K(54720K) Class: 7580K(8000K)->7580K(8000K)
[106.936s][info][gc             ] GC(865) Pause Young (Normal) (G1 Evacuation Pause) 357M->153M(396M) 6.435ms
[106.936s][info][gc,cpu         ] GC(865) User=0.00s Sys=0.00s Real=0.00s
[107.066s][info][gc,start       ] GC(866) Pause Young (Normal) (G1 Evacuation Pause)
[107.066s][info][gc,task        ] GC(866) Using 9 workers of 33 for evacuation
[107.074s][info][gc,phases      ] GC(866)   Pre Evacuate Collection Set: 0.1ms
[107.074s][info][gc,phases      ] GC(866)   Merge Heap Roots: 0.1ms
[107.074s][info][gc,phases      ] GC(866)   Evacuate Collection Set: 6.8ms
[107.074s][info][gc,phases      ] GC(866)   Post Evacuate Collection Set: 0.4ms
[107.074s][info][gc,phases      ] GC(866)   Other: 0.2ms
[107.074s][info][gc,heap        ] GC(866) Eden regions: 203->0(205)
[107.074s][info][gc,heap        ] GC(866) Survivor regions: 14->13(28)
[107.074s][info][gc,heap        ] GC(866) Old regions: 129->129
[107.074s][info][gc,heap        ] GC(866) Archive regions: 0->0
[107.074s][info][gc,heap        ] GC(866) Humongous regions: 15->15
[107.074s][info][gc,metaspace   ] GC(866) Metaspace: 61829K(62720K)->61829K(62720K) NonClass: 54248K(54720K)->54248K(54720K) Class: 7580K(8000K)->7580K(8000K)
[107.074s][info][gc             ] GC(866) Pause Young (Normal) (G1 Evacuation Pause) 356M->152M(396M) 8.115ms
[107.074s][info][gc,cpu         ] GC(866) User=0.14s Sys=0.00s Real=0.01s
[107.207s][info][gc,start       ] GC(867) Pause Young (Normal) (G1 Evacuation Pause)
[107.207s][info][gc,task        ] GC(867) Using 9 workers of 33 for evacuation
[107.213s][info][gc,phases      ] GC(867)   Pre Evacuate Collection Set: 0.1ms
[107.213s][info][gc,phases      ] GC(867)   Merge Heap Roots: 0.1ms
[107.213s][info][gc,phases      ] GC(867)   Evacuate Collection Set: 5.3ms
[107.213s][info][gc,phases      ] GC(867)   Post Evacuate Collection Set: 0.4ms
[107.213s][info][gc,phases      ] GC(867)   Other: 0.2ms
[107.214s][info][gc,heap        ] GC(867) Eden regions: 205->0(205)
[107.214s][info][gc,heap        ] GC(867) Survivor regions: 13->13(28)
[107.214s][info][gc,heap        ] GC(867) Old regions: 129->129
[107.214s][info][gc,heap        ] GC(867) Archive regions: 0->0
[107.214s][info][gc,heap        ] GC(867) Humongous regions: 15->15
[107.214s][info][gc,metaspace   ] GC(867) Metaspace: 61829K(62720K)->61829K(62720K) NonClass: 54248K(54720K)->54248K(54720K) Class: 7580K(8000K)->7580K(8000K)
[107.214s][info][gc             ] GC(867) Pause Young (Normal) (G1 Evacuation Pause) 357M->152M(396M) 6.543ms
[107.214s][info][gc,cpu         ] GC(867) User=0.14s Sys=0.00s Real=0.02s
[107.343s][info][gc,start       ] GC(868) Pause Young (Normal) (G1 Evacuation Pause)
[107.343s][info][gc,task        ] GC(868) Using 9 workers of 33 for evacuation
[107.349s][info][gc,phases      ] GC(868)   Pre Evacuate Collection Set: 0.1ms
[107.349s][info][gc,phases      ] GC(868)   Merge Heap Roots: 0.1ms
[107.349s][info][gc,phases      ] GC(868)   Evacuate Collection Set: 5.2ms
[107.349s][info][gc,phases      ] GC(868)   Post Evacuate Collection Set: 0.4ms
[107.349s][info][gc,phases      ] GC(868)   Other: 0.1ms
[107.349s][info][gc,heap        ] GC(868) Eden regions: 205->0(205)
[107.349s][info][gc,heap        ] GC(868) Survivor regions: 13->13(28)
[107.349s][info][gc,heap        ] GC(868) Old regions: 129->129
[107.349s][info][gc,heap        ] GC(868) Archive regions: 0->0
[107.349s][info][gc,heap        ] GC(868) Humongous regions: 15->15
[107.349s][info][gc,metaspace   ] GC(868) Metaspace: 61829K(62720K)->61829K(62720K) NonClass: 54248K(54720K)->54248K(54720K) Class: 7580K(8000K)->7580K(8000K)
[107.349s][info][gc             ] GC(868) Pause Young (Normal) (G1 Evacuation Pause) 357M->152M(396M) 6.404ms
[107.349s][info][gc,cpu         ] GC(868) User=0.00s Sys=0.00s Real=0.00s
[107.479s][info][gc,start       ] GC(869) Pause Young (Normal) (G1 Evacuation Pause)
[107.479s][info][gc,task        ] GC(869) Using 9 workers of 33 for evacuation
[107.485s][info][gc,phases      ] GC(869)   Pre Evacuate Collection Set: 0.1ms
[107.485s][info][gc,phases      ] GC(869)   Merge Heap Roots: 0.1ms
[107.485s][info][gc,phases      ] GC(869)   Evacuate Collection Set: 5.2ms
[107.485s][info][gc,phases      ] GC(869)   Post Evacuate Collection Set: 0.4ms
[107.485s][info][gc,phases      ] GC(869)   Other: 0.1ms
[107.485s][info][gc,heap        ] GC(869) Eden regions: 205->0(205)
[107.485s][info][gc,heap        ] GC(869) Survivor regions: 13->13(28)
[107.485s][info][gc,heap        ] GC(869) Old regions: 129->129
[107.485s][info][gc,heap        ] GC(869) Archive regions: 0->0
[107.485s][info][gc,heap        ] GC(869) Humongous regions: 15->15
[107.485s][info][gc,metaspace   ] GC(869) Metaspace: 61829K(62720K)->61829K(62720K) NonClass: 54248K(54720K)->54248K(54720K) Class: 7580K(8000K)->7580K(8000K)
[107.485s][info][gc             ] GC(869) Pause Young (Normal) (G1 Evacuation Pause) 357M->152M(396M) 6.436ms
[107.485s][info][gc,cpu         ] GC(869) User=0.00s Sys=0.00s Real=0.00s
[107.552s][info][gc,start       ] GC(870) Pause Full (System.gc())
[107.552s][info][gc,task        ] GC(870) Using 9 workers of 33 for full compaction
[107.553s][info][gc,phases,start] GC(870) Phase 1: Mark live objects
[107.584s][info][gc,phases      ] GC(870) Phase 1: Mark live objects 31.457ms
[107.584s][info][gc,phases,start] GC(870) Phase 2: Prepare compaction
[107.589s][info][gc,phases      ] GC(870) Phase 2: Prepare compaction 4.359ms
[107.589s][info][gc,phases,start] GC(870) Phase 3: Adjust pointers
[107.597s][info][gc,phases      ] GC(870) Phase 3: Adjust pointers 8.800ms
[107.598s][info][gc,phases,start] GC(870) Phase 4: Compact heap
[107.598s][info][gc,phases      ] GC(870) Phase 4: Compact heap 0.412ms
[107.608s][info][gc,heap        ] GC(870) Eden regions: 77->0(214)
[107.608s][info][gc,heap        ] GC(870) Survivor regions: 13->0(28)
[107.608s][info][gc,heap        ] GC(870) Old regions: 129->98
[107.608s][info][gc,heap        ] GC(870) Archive regions: 0->0
[107.608s][info][gc,heap        ] GC(870) Humongous regions: 20->9
[107.608s][info][gc,metaspace   ] GC(870) Metaspace: 61835K(62720K)->61835K(62720K) NonClass: 54254K(54720K)->54254K(54720K) Class: 7580K(8000K)->7580K(8000K)
[107.609s][info][gc             ] GC(870) Pause Full (System.gc()) 234M->102M(357M) 56.319ms
[107.609s][info][gc,cpu         ] GC(870) User=0.45s Sys=0.00s Real=0.07s
[107.743s][info][gc,start       ] GC(871) Pause Young (Normal) (G1 Evacuation Pause)
[107.743s][info][gc,task        ] GC(871) Using 8 workers of 33 for evacuation
[107.749s][info][gc,phases      ] GC(871)   Pre Evacuate Collection Set: 0.2ms
[107.749s][info][gc,phases      ] GC(871)   Merge Heap Roots: 0.1ms
[107.749s][info][gc,phases      ] GC(871)   Evacuate Collection Set: 4.3ms
[107.749s][info][gc,phases      ] GC(871)   Post Evacuate Collection Set: 0.7ms
[107.749s][info][gc,phases      ] GC(871)   Other: 0.2ms
[107.749s][info][gc,heap        ] GC(871) Eden regions: 214->0(206)
[107.749s][info][gc,heap        ] GC(871) Survivor regions: 0->8(27)
[107.749s][info][gc,heap        ] GC(871) Old regions: 98->98
[107.749s][info][gc,heap        ] GC(871) Archive regions: 0->0
[107.749s][info][gc,heap        ] GC(871) Humongous regions: 19->9
[107.749s][info][gc,metaspace   ] GC(871) Metaspace: 61836K(62720K)->61836K(62720K) NonClass: 54256K(54720K)->54256K(54720K) Class: 7580K(8000K)->7580K(8000K)
[107.749s][info][gc             ] GC(871) Pause Young (Normal) (G1 Evacuation Pause) 326M->110M(357M) 5.976ms
[107.749s][info][gc,cpu         ] GC(871) User=0.13s Sys=0.00s Real=0.02s
[107.815s][info][gc,start       ] GC(872) Pause Young (Normal) (G1 Evacuation Pause)
[107.815s][info][gc,task        ] GC(872) Using 8 workers of 33 for evacuation
[107.825s][info][gc,phases      ] GC(872)   Pre Evacuate Collection Set: 0.1ms
[107.825s][info][gc,phases      ] GC(872)   Merge Heap Roots: 0.1ms
[107.825s][info][gc,phases      ] GC(872)   Evacuate Collection Set: 9.0ms
[107.825s][info][gc,phases      ] GC(872)   Post Evacuate Collection Set: 0.7ms
[107.825s][info][gc,phases      ] GC(872)   Other: 0.2ms
[107.825s][info][gc,heap        ] GC(872) Eden regions: 206->0(198)
[107.825s][info][gc,heap        ] GC(872) Survivor regions: 8->15(27)
[107.825s][info][gc,heap        ] GC(872) Old regions: 98->98
[107.825s][info][gc,heap        ] GC(872) Archive regions: 0->0
[107.825s][info][gc,heap        ] GC(872) Humongous regions: 12->12
[107.825s][info][gc,metaspace   ] GC(872) Metaspace: 61836K(62720K)->61836K(62720K) NonClass: 54256K(54720K)->54256K(54720K) Class: 7580K(8000K)->7580K(8000K)
[107.825s][info][gc             ] GC(872) Pause Young (Normal) (G1 Evacuation Pause) 319M->120M(357M) 10.514ms
[107.825s][info][gc,cpu         ] GC(872) User=0.00s Sys=0.02s Real=0.02s
[107.892s][info][gc,start       ] GC(873) Pause Young (Normal) (G1 Evacuation Pause)
[107.892s][info][gc,task        ] GC(873) Using 8 workers of 33 for evacuation
[107.904s][info][gc,phases      ] GC(873)   Pre Evacuate Collection Set: 0.1ms
[107.904s][info][gc,phases      ] GC(873)   Merge Heap Roots: 0.1ms
[107.904s][info][gc,phases      ] GC(873)   Evacuate Collection Set: 10.8ms
[107.904s][info][gc,phases      ] GC(873)   Post Evacuate Collection Set: 0.7ms
[107.904s][info][gc,phases      ] GC(873)   Other: 0.2ms
[107.904s][info][gc,heap        ] GC(873) Eden regions: 198->0(184)
[107.904s][info][gc,heap        ] GC(873) Survivor regions: 15->22(27)
[107.904s][info][gc,heap        ] GC(873) Old regions: 98->98
[107.904s][info][gc,heap        ] GC(873) Archive regions: 0->0
[107.904s][info][gc,heap        ] GC(873) Humongous regions: 12->12
[107.904s][info][gc,metaspace   ] GC(873) Metaspace: 61836K(62720K)->61836K(62720K) NonClass: 54256K(54720K)->54256K(54720K) Class: 7580K(8000K)->7580K(8000K)
[107.904s][info][gc             ] GC(873) Pause Young (Normal) (G1 Evacuation Pause) 318M->127M(357M) 12.395ms
[107.904s][info][gc,cpu         ] GC(873) User=0.17s Sys=0.05s Real=0.02s
[107.969s][info][gc,start       ] GC(874) Pause Young (Normal) (G1 Evacuation Pause)
[107.969s][info][gc,task        ] GC(874) Using 8 workers of 33 for evacuation
[107.990s][info][gc,phases      ] GC(874)   Pre Evacuate Collection Set: 0.1ms
[107.990s][info][gc,phases      ] GC(874)   Merge Heap Roots: 0.1ms
[107.990s][info][gc,phases      ] GC(874)   Evacuate Collection Set: 19.5ms
[107.990s][info][gc,phases      ] GC(874)   Post Evacuate Collection Set: 0.6ms
[107.990s][info][gc,phases      ] GC(874)   Other: 0.2ms
[107.990s][info][gc,heap        ] GC(874) Eden regions: 184->0(188)
[107.990s][info][gc,heap        ] GC(874) Survivor regions: 22->17(26)
[107.990s][info][gc,heap        ] GC(874) Old regions: 98->113
[107.990s][info][gc,heap        ] GC(874) Archive regions: 0->0
[107.990s][info][gc,heap        ] GC(874) Humongous regions: 15->15
[107.990s][info][gc,metaspace   ] GC(874) Metaspace: 61836K(62720K)->61836K(62720K) NonClass: 54256K(54720K)->54256K(54720K) Class: 7580K(8000K)->7580K(8000K)
[107.990s][info][gc             ] GC(874) Pause Young (Normal) (G1 Evacuation Pause) 314M->139M(369M) 20.985ms
[107.990s][info][gc,cpu         ] GC(874) User=0.13s Sys=0.00s Real=0.01s
[108.051s][info][gc,start       ] GC(875) Pause Young (Normal) (G1 Evacuation Pause)
[108.051s][info][gc,task        ] GC(875) Using 8 workers of 33 for evacuation
[108.064s][info][gc,phases      ] GC(875)   Pre Evacuate Collection Set: 0.1ms
[108.064s][info][gc,phases      ] GC(875)   Merge Heap Roots: 0.1ms
[108.064s][info][gc,phases      ] GC(875)   Evacuate Collection Set: 11.5ms
[108.064s][info][gc,phases      ] GC(875)   Post Evacuate Collection Set: 0.4ms
[108.064s][info][gc,phases      ] GC(875)   Other: 0.2ms
[108.064s][info][gc,heap        ] GC(875) Eden regions: 188->0(181)
[108.064s][info][gc,heap        ] GC(875) Survivor regions: 17->17(26)
[108.064s][info][gc,heap        ] GC(875) Old regions: 113->120
[108.064s][info][gc,heap        ] GC(875) Archive regions: 0->0
[108.064s][info][gc,heap        ] GC(875) Humongous regions: 15->15
[108.064s][info][gc,metaspace   ] GC(875) Metaspace: 61836K(62720K)->61836K(62720K) NonClass: 54256K(54720K)->54256K(54720K) Class: 7580K(8000K)->7580K(8000K)
[108.064s][info][gc             ] GC(875) Pause Young (Normal) (G1 Evacuation Pause) 327M->147M(369M) 12.772ms
[108.064s][info][gc,cpu         ] GC(875) User=0.13s Sys=0.00s Real=0.01s
[108.123s][info][gc,start       ] GC(876) Pause Young (Normal) (G1 Evacuation Pause)
[108.123s][info][gc,task        ] GC(876) Using 8 workers of 33 for evacuation
[108.133s][info][gc,phases      ] GC(876)   Pre Evacuate Collection Set: 0.1ms
[108.133s][info][gc,phases      ] GC(876)   Merge Heap Roots: 0.1ms
[108.133s][info][gc,phases      ] GC(876)   Evacuate Collection Set: 8.9ms
[108.133s][info][gc,phases      ] GC(876)   Post Evacuate Collection Set: 0.4ms
[108.133s][info][gc,phases      ] GC(876)   Other: 0.1ms
[108.133s][info][gc,heap        ] GC(876) Eden regions: 181->0(180)
[108.133s][info][gc,heap        ] GC(876) Survivor regions: 17->13(25)
[108.133s][info][gc,heap        ] GC(876) Old regions: 120->129
[108.133s][info][gc,heap        ] GC(876) Archive regions: 0->0
[108.133s][info][gc,heap        ] GC(876) Humongous regions: 15->15
[108.133s][info][gc,metaspace   ] GC(876) Metaspace: 61836K(62720K)->61836K(62720K) NonClass: 54256K(54720K)->54256K(54720K) Class: 7580K(8000K)->7580K(8000K)
[108.133s][info][gc             ] GC(876) Pause Young (Normal) (G1 Evacuation Pause) 328M->151M(369M) 10.047ms
[108.134s][info][gc,cpu         ] GC(876) User=0.00s Sys=0.00s Real=0.00s
[108.193s][info][gc,start       ] GC(877) Pause Young (Normal) (G1 Evacuation Pause)
[108.193s][info][gc,task        ] GC(877) Using 8 workers of 33 for evacuation
[108.199s][info][gc,phases      ] GC(877)   Pre Evacuate Collection Set: 0.1ms
[108.199s][info][gc,phases      ] GC(877)   Merge Heap Roots: 0.1ms
[108.199s][info][gc,phases      ] GC(877)   Evacuate Collection Set: 5.1ms
[108.199s][info][gc,phases      ] GC(877)   Post Evacuate Collection Set: 0.4ms
[108.199s][info][gc,phases      ] GC(877)   Other: 0.2ms
[108.199s][info][gc,heap        ] GC(877) Eden regions: 180->0(180)
[108.199s][info][gc,heap        ] GC(877) Survivor regions: 13->13(25)
[108.199s][info][gc,heap        ] GC(877) Old regions: 129->129
[108.199s][info][gc,heap        ] GC(877) Archive regions: 0->0
[108.199s][info][gc,heap        ] GC(877) Humongous regions: 15->15
[108.199s][info][gc,metaspace   ] GC(877) Metaspace: 61836K(62720K)->61836K(62720K) NonClass: 54256K(54720K)->54256K(54720K) Class: 7580K(8000K)->7580K(8000K)
[108.199s][info][gc             ] GC(877) Pause Young (Normal) (G1 Evacuation Pause) 331M->151M(369M) 6.282ms
[108.199s][info][gc,cpu         ] GC(877) User=0.00s Sys=0.00s Real=0.00s
[108.258s][info][gc,start       ] GC(878) Pause Young (Normal) (G1 Evacuation Pause)
[108.258s][info][gc,task        ] GC(878) Using 8 workers of 33 for evacuation
[108.264s][info][gc,phases      ] GC(878)   Pre Evacuate Collection Set: 0.1ms
[108.264s][info][gc,phases      ] GC(878)   Merge Heap Roots: 0.1ms
[108.264s][info][gc,phases      ] GC(878)   Evacuate Collection Set: 5.0ms
[108.264s][info][gc,phases      ] GC(878)   Post Evacuate Collection Set: 0.9ms
[108.264s][info][gc,phases      ] GC(878)   Other: 0.1ms
[108.264s][info][gc,heap        ] GC(878) Eden regions: 180->0(207)
[108.264s][info][gc,heap        ] GC(878) Survivor regions: 13->13(25)
[108.264s][info][gc,heap        ] GC(878) Old regions: 129->129
[108.264s][info][gc,heap        ] GC(878) Archive regions: 0->0
[108.264s][info][gc,heap        ] GC(878) Humongous regions: 15->15
[108.264s][info][gc,metaspace   ] GC(878) Metaspace: 61836K(62720K)->61836K(62720K) NonClass: 54256K(54720K)->54256K(54720K) Class: 7580K(8000K)->7580K(8000K)
[108.265s][info][gc             ] GC(878) Pause Young (Normal) (G1 Evacuation Pause) 331M->151M(398M) 6.639ms
[108.265s][info][gc,cpu         ] GC(878) User=0.00s Sys=0.00s Real=0.00s
[108.339s][info][gc,start       ] GC(879) Pause Young (Normal) (G1 Evacuation Pause)
[108.340s][info][gc,task        ] GC(879) Using 9 workers of 33 for evacuation
[108.345s][info][gc,phases      ] GC(879)   Pre Evacuate Collection Set: 0.1ms
[108.346s][info][gc,phases      ] GC(879)   Merge Heap Roots: 0.1ms
[108.346s][info][gc,phases      ] GC(879)   Evacuate Collection Set: 5.2ms
[108.346s][info][gc,phases      ] GC(879)   Post Evacuate Collection Set: 0.4ms
[108.346s][info][gc,phases      ] GC(879)   Other: 0.1ms
[108.346s][info][gc,heap        ] GC(879) Eden regions: 207->0(207)
[108.346s][info][gc,heap        ] GC(879) Survivor regions: 13->13(28)
[108.346s][info][gc,heap        ] GC(879) Old regions: 129->129
[108.346s][info][gc,heap        ] GC(879) Archive regions: 0->0
[108.346s][info][gc,heap        ] GC(879) Humongous regions: 15->15
[108.346s][info][gc,metaspace   ] GC(879) Metaspace: 61836K(62720K)->61836K(62720K) NonClass: 54256K(54720K)->54256K(54720K) Class: 7580K(8000K)->7580K(8000K)
[108.346s][info][gc             ] GC(879) Pause Young (Normal) (G1 Evacuation Pause) 358M->151M(398M) 6.390ms
[108.346s][info][gc,cpu         ] GC(879) User=0.00s Sys=0.00s Real=0.00s
[108.422s][info][gc,start       ] GC(880) Pause Young (Normal) (G1 Evacuation Pause)
[108.422s][info][gc,task        ] GC(880) Using 9 workers of 33 for evacuation
[108.429s][info][gc,phases      ] GC(880)   Pre Evacuate Collection Set: 0.1ms
[108.429s][info][gc,phases      ] GC(880)   Merge Heap Roots: 0.1ms
[108.429s][info][gc,phases      ] GC(880)   Evacuate Collection Set: 5.1ms
[108.429s][info][gc,phases      ] GC(880)   Post Evacuate Collection Set: 0.5ms
[108.429s][info][gc,phases      ] GC(880)   Other: 0.2ms
[108.429s][info][gc,heap        ] GC(880) Eden regions: 207->0(209)
[108.429s][info][gc,heap        ] GC(880) Survivor regions: 13->12(28)
[108.429s][info][gc,heap        ] GC(880) Old regions: 129->129
[108.429s][info][gc,heap        ] GC(880) Archive regions: 0->0
[108.429s][info][gc,heap        ] GC(880) Humongous regions: 15->15
[108.429s][info][gc,metaspace   ] GC(880) Metaspace: 61836K(62720K)->61836K(62720K) NonClass: 54256K(54720K)->54256K(54720K) Class: 7580K(8000K)->7580K(8000K)
[108.429s][info][gc             ] GC(880) Pause Young (Normal) (G1 Evacuation Pause) 358M->150M(398M) 6.517ms
[108.429s][info][gc,cpu         ] GC(880) User=0.14s Sys=0.00s Real=0.02s
[108.562s][info][gc,start       ] GC(881) Pause Young (Normal) (G1 Evacuation Pause)
[108.562s][info][gc,task        ] GC(881) Using 9 workers of 33 for evacuation
[108.568s][info][gc,phases      ] GC(881)   Pre Evacuate Collection Set: 0.1ms
[108.568s][info][gc,phases      ] GC(881)   Merge Heap Roots: 0.1ms
[108.568s][info][gc,phases      ] GC(881)   Evacuate Collection Set: 5.3ms
[108.568s][info][gc,phases      ] GC(881)   Post Evacuate Collection Set: 0.4ms
[108.568s][info][gc,phases      ] GC(881)   Other: 0.2ms
[108.568s][info][gc,heap        ] GC(881) Eden regions: 209->0(207)
[108.568s][info][gc,heap        ] GC(881) Survivor regions: 12->13(28)
[108.568s][info][gc,heap        ] GC(881) Old regions: 129->129
[108.568s][info][gc,heap        ] GC(881) Archive regions: 0->0
[108.568s][info][gc,heap        ] GC(881) Humongous regions: 15->15
[108.568s][info][gc,metaspace   ] GC(881) Metaspace: 61836K(62720K)->61836K(62720K) NonClass: 54256K(54720K)->54256K(54720K) Class: 7580K(8000K)->7580K(8000K)
[108.568s][info][gc             ] GC(881) Pause Young (Normal) (G1 Evacuation Pause) 359M->151M(398M) 6.603ms
[108.568s][info][gc,cpu         ] GC(881) User=0.14s Sys=0.00s Real=0.02s
[108.699s][info][gc,start       ] GC(882) Pause Young (Normal) (G1 Evacuation Pause)
[108.699s][info][gc,task        ] GC(882) Using 9 workers of 33 for evacuation
[108.705s][info][gc,phases      ] GC(882)   Pre Evacuate Collection Set: 0.1ms
[108.705s][info][gc,phases      ] GC(882)   Merge Heap Roots: 0.1ms
[108.705s][info][gc,phases      ] GC(882)   Evacuate Collection Set: 5.2ms
[108.705s][info][gc,phases      ] GC(882)   Post Evacuate Collection Set: 0.4ms
[108.705s][info][gc,phases      ] GC(882)   Other: 0.2ms
[108.705s][info][gc,heap        ] GC(882) Eden regions: 207->0(207)
[108.705s][info][gc,heap        ] GC(882) Survivor regions: 13->13(28)
[108.705s][info][gc,heap        ] GC(882) Old regions: 129->129
[108.705s][info][gc,heap        ] GC(882) Archive regions: 0->0
[108.705s][info][gc,heap        ] GC(882) Humongous regions: 15->15
[108.705s][info][gc,metaspace   ] GC(882) Metaspace: 61836K(62720K)->61836K(62720K) NonClass: 54256K(54720K)->54256K(54720K) Class: 7580K(8000K)->7580K(8000K)
[108.706s][info][gc             ] GC(882) Pause Young (Normal) (G1 Evacuation Pause) 358M->151M(398M) 6.445ms
[108.706s][info][gc,cpu         ] GC(882) User=0.00s Sys=0.00s Real=0.00s
[108.836s][info][gc,start       ] GC(883) Pause Young (Normal) (G1 Evacuation Pause)
[108.836s][info][gc,task        ] GC(883) Using 9 workers of 33 for evacuation
[108.841s][info][gc,phases      ] GC(883)   Pre Evacuate Collection Set: 0.1ms
[108.841s][info][gc,phases      ] GC(883)   Merge Heap Roots: 0.1ms
[108.841s][info][gc,phases      ] GC(883)   Evacuate Collection Set: 4.9ms
[108.841s][info][gc,phases      ] GC(883)   Post Evacuate Collection Set: 0.4ms
[108.841s][info][gc,phases      ] GC(883)   Other: 0.1ms
[108.841s][info][gc,heap        ] GC(883) Eden regions: 207->0(207)
[108.842s][info][gc,heap        ] GC(883) Survivor regions: 13->13(28)
[108.842s][info][gc,heap        ] GC(883) Old regions: 129->129
[108.842s][info][gc,heap        ] GC(883) Archive regions: 0->0
[108.842s][info][gc,heap        ] GC(883) Humongous regions: 15->15
[108.842s][info][gc,metaspace   ] GC(883) Metaspace: 61836K(62720K)->61836K(62720K) NonClass: 54256K(54720K)->54256K(54720K) Class: 7580K(8000K)->7580K(8000K)
[108.842s][info][gc             ] GC(883) Pause Young (Normal) (G1 Evacuation Pause) 358M->151M(398M) 6.137ms
[108.842s][info][gc,cpu         ] GC(883) User=0.00s Sys=0.00s Real=0.00s
[108.990s][info][gc,start       ] GC(884) Pause Young (Normal) (G1 Evacuation Pause)
[108.990s][info][gc,task        ] GC(884) Using 9 workers of 33 for evacuation
[108.996s][info][gc,phases      ] GC(884)   Pre Evacuate Collection Set: 0.1ms
[108.996s][info][gc,phases      ] GC(884)   Merge Heap Roots: 0.1ms
[108.996s][info][gc,phases      ] GC(884)   Evacuate Collection Set: 5.2ms
[108.996s][info][gc,phases      ] GC(884)   Post Evacuate Collection Set: 0.4ms
[108.996s][info][gc,phases      ] GC(884)   Other: 0.1ms
[108.996s][info][gc,heap        ] GC(884) Eden regions: 207->0(207)
[108.996s][info][gc,heap        ] GC(884) Survivor regions: 13->13(28)
[108.996s][info][gc,heap        ] GC(884) Old regions: 129->129
[108.996s][info][gc,heap        ] GC(884) Archive regions: 0->0
[108.996s][info][gc,heap        ] GC(884) Humongous regions: 15->15
[108.996s][info][gc,metaspace   ] GC(884) Metaspace: 61836K(62720K)->61836K(62720K) NonClass: 54256K(54720K)->54256K(54720K) Class: 7580K(8000K)->7580K(8000K)
[108.996s][info][gc             ] GC(884) Pause Young (Normal) (G1 Evacuation Pause) 358M->151M(398M) 6.453ms
[108.996s][info][gc,cpu         ] GC(884) User=0.00s Sys=0.00s Real=0.00s
[109.085s][info][gc,start       ] GC(885) Pause Full (System.gc())
[109.085s][info][gc,task        ] GC(885) Using 9 workers of 33 for full compaction
[109.085s][info][gc,phases,start] GC(885) Phase 1: Mark live objects
[109.118s][info][gc,phases      ] GC(885) Phase 1: Mark live objects 32.533ms
[109.124s][info][gc,phases,start] GC(885) Phase 2: Prepare compaction
[109.130s][info][gc,phases      ] GC(885) Phase 2: Prepare compaction 5.227ms
[109.130s][info][gc,phases,start] GC(885) Phase 3: Adjust pointers
[109.143s][info][gc,phases      ] GC(885) Phase 3: Adjust pointers 12.953ms
[109.143s][info][gc,phases,start] GC(885) Phase 4: Compact heap
[109.143s][info][gc,phases      ] GC(885) Phase 4: Compact heap 0.690ms
[109.158s][info][gc,heap        ] GC(885) Eden regions: 84->0(214)
[109.158s][info][gc,heap        ] GC(885) Survivor regions: 13->0(28)
[109.158s][info][gc,heap        ] GC(885) Old regions: 129->98
[109.158s][info][gc,heap        ] GC(885) Archive regions: 0->0
[109.158s][info][gc,heap        ] GC(885) Humongous regions: 20->9
[109.158s][info][gc,metaspace   ] GC(885) Metaspace: 61837K(62720K)->61837K(62720K) NonClass: 54257K(54720K)->54257K(54720K) Class: 7580K(8000K)->7580K(8000K)
[109.158s][info][gc             ] GC(885) Pause Full (System.gc()) 240M->102M(357M) 73.342ms
[109.158s][info][gc,cpu         ] GC(885) User=0.44s Sys=0.00s Real=0.06s
[109.307s][info][gc,start       ] GC(886) Pause Young (Normal) (G1 Evacuation Pause)
[109.307s][info][gc,task        ] GC(886) Using 8 workers of 33 for evacuation
[109.312s][info][gc,phases      ] GC(886)   Pre Evacuate Collection Set: 0.2ms
[109.312s][info][gc,phases      ] GC(886)   Merge Heap Roots: 0.1ms
[109.312s][info][gc,phases      ] GC(886)   Evacuate Collection Set: 3.9ms
[109.312s][info][gc,phases      ] GC(886)   Post Evacuate Collection Set: 0.7ms
[109.312s][info][gc,phases      ] GC(886)   Other: 0.2ms
[109.312s][info][gc,heap        ] GC(886) Eden regions: 214->0(206)
[109.312s][info][gc,heap        ] GC(886) Survivor regions: 0->8(27)
[109.312s][info][gc,heap        ] GC(886) Old regions: 98->98
[109.313s][info][gc,heap        ] GC(886) Archive regions: 0->0
[109.313s][info][gc,heap        ] GC(886) Humongous regions: 19->9
[109.313s][info][gc,metaspace   ] GC(886) Metaspace: 61838K(62720K)->61838K(62720K) NonClass: 54258K(54720K)->54258K(54720K) Class: 7580K(8000K)->7580K(8000K)
[109.313s][info][gc             ] GC(886) Pause Young (Normal) (G1 Evacuation Pause) 326M->110M(357M) 5.626ms
[109.313s][info][gc,cpu         ] GC(886) User=0.00s Sys=0.00s Real=0.00s
[109.380s][info][gc,start       ] GC(887) Pause Young (Normal) (G1 Evacuation Pause)
[109.380s][info][gc,task        ] GC(887) Using 8 workers of 33 for evacuation
[109.390s][info][gc,phases      ] GC(887)   Pre Evacuate Collection Set: 0.1ms
[109.390s][info][gc,phases      ] GC(887)   Merge Heap Roots: 0.1ms
[109.390s][info][gc,phases      ] GC(887)   Evacuate Collection Set: 9.1ms
[109.390s][info][gc,phases      ] GC(887)   Post Evacuate Collection Set: 0.6ms
[109.391s][info][gc,phases      ] GC(887)   Other: 0.2ms
[109.391s][info][gc,heap        ] GC(887) Eden regions: 206->0(198)
[109.391s][info][gc,heap        ] GC(887) Survivor regions: 8->15(27)
[109.391s][info][gc,heap        ] GC(887) Old regions: 98->98
[109.391s][info][gc,heap        ] GC(887) Archive regions: 0->0
[109.391s][info][gc,heap        ] GC(887) Humongous regions: 12->12
[109.391s][info][gc,metaspace   ] GC(887) Metaspace: 61838K(62720K)->61838K(62720K) NonClass: 54258K(54720K)->54258K(54720K) Class: 7580K(8000K)->7580K(8000K)
[109.391s][info][gc             ] GC(887) Pause Young (Normal) (G1 Evacuation Pause) 319M->120M(357M) 10.597ms
[109.391s][info][gc,cpu         ] GC(887) User=0.14s Sys=0.00s Real=0.01s
[109.452s][info][gc,start       ] GC(888) Pause Young (Normal) (G1 Evacuation Pause)
[109.452s][info][gc,task        ] GC(888) Using 8 workers of 33 for evacuation
[109.466s][info][gc,phases      ] GC(888)   Pre Evacuate Collection Set: 0.2ms
[109.466s][info][gc,phases      ] GC(888)   Merge Heap Roots: 0.1ms
[109.466s][info][gc,phases      ] GC(888)   Evacuate Collection Set: 12.6ms
[109.466s][info][gc,phases      ] GC(888)   Post Evacuate Collection Set: 0.5ms
[109.466s][info][gc,phases      ] GC(888)   Other: 0.2ms
[109.466s][info][gc,heap        ] GC(888) Eden regions: 198->0(187)
[109.466s][info][gc,heap        ] GC(888) Survivor regions: 15->17(27)
[109.466s][info][gc,heap        ] GC(888) Old regions: 98->105
[109.466s][info][gc,heap        ] GC(888) Archive regions: 0->0
[109.466s][info][gc,heap        ] GC(888) Humongous regions: 12->12
[109.466s][info][gc,metaspace   ] GC(888) Metaspace: 61838K(62720K)->61838K(62720K) NonClass: 54258K(54720K)->54258K(54720K) Class: 7580K(8000K)->7580K(8000K)
[109.466s][info][gc             ] GC(888) Pause Young (Normal) (G1 Evacuation Pause) 318M->128M(357M) 14.036ms
[109.466s][info][gc,cpu         ] GC(888) User=0.13s Sys=0.00s Real=0.02s
[109.527s][info][gc,start       ] GC(889) Pause Young (Normal) (G1 Evacuation Pause)
[109.527s][info][gc,task        ] GC(889) Using 8 workers of 33 for evacuation
[109.543s][info][gc,phases      ] GC(889)   Pre Evacuate Collection Set: 0.1ms
[109.543s][info][gc,phases      ] GC(889)   Merge Heap Roots: 0.1ms
[109.543s][info][gc,phases      ] GC(889)   Evacuate Collection Set: 14.3ms
[109.543s][info][gc,phases      ] GC(889)   Post Evacuate Collection Set: 1.0ms
[109.543s][info][gc,phases      ] GC(889)   Other: 0.2ms
[109.543s][info][gc,heap        ] GC(889) Eden regions: 187->0(209)
[109.543s][info][gc,heap        ] GC(889) Survivor regions: 17->17(26)
[109.543s][info][gc,heap        ] GC(889) Old regions: 105->113
[109.543s][info][gc,heap        ] GC(889) Archive regions: 0->0
[109.543s][info][gc,heap        ] GC(889) Humongous regions: 15->15
[109.543s][info][gc,metaspace   ] GC(889) Metaspace: 61838K(62720K)->61838K(62720K) NonClass: 54258K(54720K)->54258K(54720K) Class: 7580K(8000K)->7580K(8000K)
[109.543s][info][gc             ] GC(889) Pause Young (Normal) (G1 Evacuation Pause) 318M->140M(392M) 16.149ms
[109.543s][info][gc,cpu         ] GC(889) User=0.02s Sys=0.00s Real=0.02s
[109.616s][info][gc,start       ] GC(890) Pause Young (Normal) (G1 Evacuation Pause)
[109.616s][info][gc,task        ] GC(890) Using 9 workers of 33 for evacuation
[109.628s][info][gc,phases      ] GC(890)   Pre Evacuate Collection Set: 0.1ms
[109.628s][info][gc,phases      ] GC(890)   Merge Heap Roots: 0.1ms
[109.628s][info][gc,phases      ] GC(890)   Evacuate Collection Set: 10.7ms
[109.628s][info][gc,phases      ] GC(890)   Post Evacuate Collection Set: 0.4ms
[109.628s][info][gc,phases      ] GC(890)   Other: 0.2ms
[109.628s][info][gc,heap        ] GC(890) Eden regions: 209->0(200)
[109.628s][info][gc,heap        ] GC(890) Survivor regions: 17->17(29)
[109.628s][info][gc,heap        ] GC(890) Old regions: 113->122
[109.628s][info][gc,heap        ] GC(890) Archive regions: 0->0
[109.628s][info][gc,heap        ] GC(890) Humongous regions: 15->15
[109.628s][info][gc,metaspace   ] GC(890) Metaspace: 61838K(62720K)->61838K(62720K) NonClass: 54258K(54720K)->54258K(54720K) Class: 7580K(8000K)->7580K(8000K)
[109.628s][info][gc             ] GC(890) Pause Young (Normal) (G1 Evacuation Pause) 349M->149M(392M) 11.956ms
[109.628s][info][gc,cpu         ] GC(890) User=0.14s Sys=0.00s Real=0.02s
[109.694s][info][gc,start       ] GC(891) Pause Young (Normal) (G1 Evacuation Pause)
[109.694s][info][gc,task        ] GC(891) Using 9 workers of 33 for evacuation
[109.704s][info][gc,phases      ] GC(891)   Pre Evacuate Collection Set: 0.1ms
[109.704s][info][gc,phases      ] GC(891)   Merge Heap Roots: 0.1ms
[109.704s][info][gc,phases      ] GC(891)   Evacuate Collection Set: 8.8ms
[109.704s][info][gc,phases      ] GC(891)   Post Evacuate Collection Set: 0.4ms
[109.704s][info][gc,phases      ] GC(891)   Other: 0.2ms
[109.704s][info][gc,heap        ] GC(891) Eden regions: 200->0(198)
[109.704s][info][gc,heap        ] GC(891) Survivor regions: 17->14(28)
[109.704s][info][gc,heap        ] GC(891) Old regions: 122->130
[109.704s][info][gc,heap        ] GC(891) Archive regions: 0->0
[109.704s][info][gc,heap        ] GC(891) Humongous regions: 15->15
[109.704s][info][gc,metaspace   ] GC(891) Metaspace: 61838K(62720K)->61838K(62720K) NonClass: 54258K(54720K)->54258K(54720K) Class: 7580K(8000K)->7580K(8000K)
[109.704s][info][gc             ] GC(891) Pause Young (Normal) (G1 Evacuation Pause) 349M->153M(392M) 10.040ms
[109.704s][info][gc,cpu         ] GC(891) User=0.14s Sys=0.00s Real=0.02s
[109.770s][info][gc,start       ] GC(892) Pause Young (Normal) (G1 Evacuation Pause)
[109.770s][info][gc,task        ] GC(892) Using 9 workers of 33 for evacuation
[109.776s][info][gc,phases      ] GC(892)   Pre Evacuate Collection Set: 0.1ms
[109.776s][info][gc,phases      ] GC(892)   Merge Heap Roots: 0.1ms
[109.776s][info][gc,phases      ] GC(892)   Evacuate Collection Set: 4.9ms
[109.776s][info][gc,phases      ] GC(892)   Post Evacuate Collection Set: 0.4ms
[109.776s][info][gc,phases      ] GC(892)   Other: 0.2ms
[109.776s][info][gc,heap        ] GC(892) Eden regions: 198->0(200)
[109.776s][info][gc,heap        ] GC(892) Survivor regions: 14->13(27)
[109.776s][info][gc,heap        ] GC(892) Old regions: 130->130
[109.776s][info][gc,heap        ] GC(892) Archive regions: 0->0
[109.776s][info][gc,heap        ] GC(892) Humongous regions: 15->15
[109.776s][info][gc,metaspace   ] GC(892) Metaspace: 61838K(62720K)->61838K(62720K) NonClass: 54258K(54720K)->54258K(54720K) Class: 7580K(8000K)->7580K(8000K)
[109.776s][info][gc             ] GC(892) Pause Young (Normal) (G1 Evacuation Pause) 351M->153M(392M) 6.087ms
[109.776s][info][gc,cpu         ] GC(892) User=0.00s Sys=0.00s Real=0.00s
[109.842s][info][gc,start       ] GC(893) Pause Young (Normal) (G1 Evacuation Pause)
[109.842s][info][gc,task        ] GC(893) Using 9 workers of 33 for evacuation
[109.848s][info][gc,phases      ] GC(893)   Pre Evacuate Collection Set: 0.1ms
[109.848s][info][gc,phases      ] GC(893)   Merge Heap Roots: 0.1ms
[109.848s][info][gc,phases      ] GC(893)   Evacuate Collection Set: 4.8ms
[109.848s][info][gc,phases      ] GC(893)   Post Evacuate Collection Set: 0.7ms
[109.848s][info][gc,phases      ] GC(893)   Other: 0.1ms
[109.848s][info][gc,heap        ] GC(893) Eden regions: 200->0(218)
[109.848s][info][gc,heap        ] GC(893) Survivor regions: 13->13(27)
[109.848s][info][gc,heap        ] GC(893) Old regions: 130->130
[109.848s][info][gc,heap        ] GC(893) Archive regions: 0->0
[109.848s][info][gc,heap        ] GC(893) Humongous regions: 15->15
[109.848s][info][gc,metaspace   ] GC(893) Metaspace: 61838K(62720K)->61838K(62720K) NonClass: 54258K(54720K)->54258K(54720K) Class: 7580K(8000K)->7580K(8000K)
[109.849s][info][gc             ] GC(893) Pause Young (Normal) (G1 Evacuation Pause) 353M->153M(411M) 6.300ms
[109.849s][info][gc,cpu         ] GC(893) User=0.00s Sys=0.00s Real=0.00s
[109.925s][info][gc,start       ] GC(894) Pause Young (Normal) (G1 Evacuation Pause)
[109.925s][info][gc,task        ] GC(894) Using 9 workers of 33 for evacuation
[109.930s][info][gc,phases      ] GC(894)   Pre Evacuate Collection Set: 0.1ms
[109.930s][info][gc,phases      ] GC(894)   Merge Heap Roots: 0.1ms
[109.930s][info][gc,phases      ] GC(894)   Evacuate Collection Set: 4.8ms
[109.930s][info][gc,phases      ] GC(894)   Post Evacuate Collection Set: 0.4ms
[109.930s][info][gc,phases      ] GC(894)   Other: 0.1ms
[109.930s][info][gc,heap        ] GC(894) Eden regions: 218->0(218)
[109.930s][info][gc,heap        ] GC(894) Survivor regions: 13->13(29)
[109.930s][info][gc,heap        ] GC(894) Old regions: 130->130
[109.930s][info][gc,heap        ] GC(894) Archive regions: 0->0
[109.930s][info][gc,heap        ] GC(894) Humongous regions: 15->15
[109.930s][info][gc,metaspace   ] GC(894) Metaspace: 61838K(62720K)->61838K(62720K) NonClass: 54258K(54720K)->54258K(54720K) Class: 7580K(8000K)->7580K(8000K)
[109.931s][info][gc             ] GC(894) Pause Young (Normal) (G1 Evacuation Pause) 371M->152M(411M) 6.001ms
[109.931s][info][gc,cpu         ] GC(894) User=0.00s Sys=0.00s Real=0.00s
[110.043s][info][gc,start       ] GC(895) Pause Young (Normal) (G1 Evacuation Pause)
[110.043s][info][gc,task        ] GC(895) Using 9 workers of 33 for evacuation
[110.050s][info][gc,phases      ] GC(895)   Pre Evacuate Collection Set: 0.1ms
[110.050s][info][gc,phases      ] GC(895)   Merge Heap Roots: 0.1ms
[110.050s][info][gc,phases      ] GC(895)   Evacuate Collection Set: 5.2ms
[110.050s][info][gc,phases      ] GC(895)   Post Evacuate Collection Set: 0.6ms
[110.050s][info][gc,phases      ] GC(895)   Other: 0.2ms
[110.050s][info][gc,heap        ] GC(895) Eden regions: 218->0(218)
[110.050s][info][gc,heap        ] GC(895) Survivor regions: 13->13(29)
[110.050s][info][gc,heap        ] GC(895) Old regions: 130->130
[110.050s][info][gc,heap        ] GC(895) Archive regions: 0->0
[110.050s][info][gc,heap        ] GC(895) Humongous regions: 15->15
[110.050s][info][gc,metaspace   ] GC(895) Metaspace: 61838K(62720K)->61838K(62720K) NonClass: 54258K(54720K)->54258K(54720K) Class: 7580K(8000K)->7580K(8000K)
[110.050s][info][gc             ] GC(895) Pause Young (Normal) (G1 Evacuation Pause) 370M->153M(411M) 6.610ms
[110.050s][info][gc,cpu         ] GC(895) User=0.00s Sys=0.02s Real=0.01s
[110.189s][info][gc,start       ] GC(896) Pause Young (Normal) (G1 Evacuation Pause)
[110.189s][info][gc,task        ] GC(896) Using 9 workers of 33 for evacuation
[110.195s][info][gc,phases      ] GC(896)   Pre Evacuate Collection Set: 0.1ms
[110.195s][info][gc,phases      ] GC(896)   Merge Heap Roots: 0.1ms
[110.195s][info][gc,phases      ] GC(896)   Evacuate Collection Set: 5.2ms
[110.195s][info][gc,phases      ] GC(896)   Post Evacuate Collection Set: 0.4ms
[110.195s][info][gc,phases      ] GC(896)   Other: 0.2ms
[110.195s][info][gc,heap        ] GC(896) Eden regions: 218->0(218)
[110.195s][info][gc,heap        ] GC(896) Survivor regions: 13->13(29)
[110.195s][info][gc,heap        ] GC(896) Old regions: 130->130
[110.195s][info][gc,heap        ] GC(896) Archive regions: 0->0
[110.195s][info][gc,heap        ] GC(896) Humongous regions: 15->15
[110.195s][info][gc,metaspace   ] GC(896) Metaspace: 61838K(62720K)->61838K(62720K) NonClass: 54258K(54720K)->54258K(54720K) Class: 7580K(8000K)->7580K(8000K)
[110.195s][info][gc             ] GC(896) Pause Young (Normal) (G1 Evacuation Pause) 371M->153M(411M) 6.414ms
[110.195s][info][gc,cpu         ] GC(896) User=0.14s Sys=0.00s Real=0.02s
[110.333s][info][gc,start       ] GC(897) Pause Young (Normal) (G1 Evacuation Pause)
[110.333s][info][gc,task        ] GC(897) Using 9 workers of 33 for evacuation
[110.341s][info][gc,phases      ] GC(897)   Pre Evacuate Collection Set: 0.1ms
[110.341s][info][gc,phases      ] GC(897)   Merge Heap Roots: 0.1ms
[110.341s][info][gc,phases      ] GC(897)   Evacuate Collection Set: 6.8ms
[110.341s][info][gc,phases      ] GC(897)   Post Evacuate Collection Set: 0.4ms
[110.341s][info][gc,phases      ] GC(897)   Other: 0.2ms
[110.341s][info][gc,heap        ] GC(897) Eden regions: 218->0(220)
[110.341s][info][gc,heap        ] GC(897) Survivor regions: 13->12(29)
[110.341s][info][gc,heap        ] GC(897) Old regions: 130->130
[110.341s][info][gc,heap        ] GC(897) Archive regions: 0->0
[110.341s][info][gc,heap        ] GC(897) Humongous regions: 15->15
[110.341s][info][gc,metaspace   ] GC(897) Metaspace: 61838K(62720K)->61838K(62720K) NonClass: 54258K(54720K)->54258K(54720K) Class: 7580K(8000K)->7580K(8000K)
[110.341s][info][gc             ] GC(897) Pause Young (Normal) (G1 Evacuation Pause) 371M->152M(411M) 8.001ms
[110.341s][info][gc,cpu         ] GC(897) User=0.00s Sys=0.00s Real=0.00s
[110.482s][info][gc,start       ] GC(898) Pause Young (Normal) (G1 Evacuation Pause)
[110.482s][info][gc,task        ] GC(898) Using 9 workers of 33 for evacuation
[110.488s][info][gc,phases      ] GC(898)   Pre Evacuate Collection Set: 0.1ms
[110.488s][info][gc,phases      ] GC(898)   Merge Heap Roots: 0.1ms
[110.488s][info][gc,phases      ] GC(898)   Evacuate Collection Set: 5.2ms
[110.488s][info][gc,phases      ] GC(898)   Post Evacuate Collection Set: 0.4ms
[110.488s][info][gc,phases      ] GC(898)   Other: 0.1ms
[110.488s][info][gc,heap        ] GC(898) Eden regions: 220->0(218)
[110.488s][info][gc,heap        ] GC(898) Survivor regions: 12->13(29)
[110.488s][info][gc,heap        ] GC(898) Old regions: 130->130
[110.488s][info][gc,heap        ] GC(898) Archive regions: 0->0
[110.489s][info][gc,heap        ] GC(898) Humongous regions: 15->15
[110.489s][info][gc,metaspace   ] GC(898) Metaspace: 61838K(62720K)->61838K(62720K) NonClass: 54258K(54720K)->54258K(54720K) Class: 7580K(8000K)->7580K(8000K)
[110.489s][info][gc             ] GC(898) Pause Young (Normal) (G1 Evacuation Pause) 372M->153M(411M) 6.421ms
[110.489s][info][gc,cpu         ] GC(898) User=0.14s Sys=0.00s Real=0.02s
[110.766s][info][gc,heap,exit   ] Heap
[110.766s][info][gc,heap,exit   ]  garbage-first heap   total 420864K, used 345209K [0x00000000e0000000, 0x0000000100000000)
[110.766s][info][gc,heap,exit   ]   region size 1024K, 192 young (196608K), 13 survivors (13312K)
[110.766s][info][gc,heap,exit   ]  Metaspace       used 62230K, committed 63104K, reserved 1114112K
[110.767s][info][gc,heap,exit   ]   class space    used 7658K, committed 8064K, reserved 1048576K
