[0.016s][info][gc,init] CardTable entry size: 512
[0.017s][info][gc     ] Using G1
[0.040s][info][gc,init] Version: 20+36-2344 (release)
[0.040s][info][gc,init] CPUs: 48 total, 48 available
[0.040s][info][gc,init] Memory: 382G
[0.040s][info][gc,init] Large Page Support: Disabled
[0.040s][info][gc,init] NUMA Support: Disabled
[0.040s][info][gc,init] Compressed Oops: Enabled (32-bit)
[0.040s][info][gc,init] Heap Region Size: 1M
[0.040s][info][gc,init] Heap Min Capacity: 8M
[0.040s][info][gc,init] Heap Initial Capacity: 2G
[0.040s][info][gc,init] Heap Max Capacity: 2G
[0.041s][info][gc,init] Pre-touch: Disabled
[0.041s][info][gc,init] Parallel Workers: 33
[0.041s][info][gc,init] Concurrent Workers: 8
[0.041s][info][gc,init] Concurrent Refinement Workers: 33
[0.041s][info][gc,init] Periodic GC: Disabled
[0.042s][info][gc,metaspace] CDS archive(s) mapped at: [0x0000000800000000-0x0000000800c60000-0x0000000800c60000), size 12976128, SharedBaseAddress: 0x0000000800000000, ArchiveRelocationMode: 0.
[0.042s][info][gc,metaspace] Compressed class space mapped at: 0x0000000801000000-0x0000000841000000, reserved size: 1073741824
[0.042s][info][gc,metaspace] Narrow klass base: 0x0000000800000000, Narrow klass shift: 0, Narrow klass range: 0x100000000
[9.907s][info][gc,start    ] GC(0) Pause Young (Concurrent Start) (Metadata GC Threshold)
[9.910s][info][gc,task     ] GC(0) Using 33 workers of 33 for evacuation
[9.930s][info][gc,phases   ] GC(0)   Pre Evacuate Collection Set: 0.8ms
[9.930s][info][gc,phases   ] GC(0)   Merge Heap Roots: 0.3ms
[9.930s][info][gc,phases   ] GC(0)   Evacuate Collection Set: 17.5ms
[9.930s][info][gc,phases   ] GC(0)   Post Evacuate Collection Set: 1.1ms
[9.930s][info][gc,phases   ] GC(0)   Other: 2.3ms
[9.930s][info][gc,heap     ] GC(0) Eden regions: 76->0(89)
[9.930s][info][gc,heap     ] GC(0) Survivor regions: 0->13(13)
[9.930s][info][gc,heap     ] GC(0) Old regions: 0->2
[9.930s][info][gc,heap     ] GC(0) Archive regions: 0->0
[9.930s][info][gc,heap     ] GC(0) Humongous regions: 6->6
[9.930s][info][gc,metaspace] GC(0) Metaspace: 21271K(21504K)->21271K(21504K) NonClass: 18553K(18688K)->18553K(18688K) Class: 2718K(2816K)->2718K(2816K)
[9.930s][info][gc          ] GC(0) Pause Young (Concurrent Start) (Metadata GC Threshold) 82M->20M(2048M) 22.684ms
[9.930s][info][gc          ] GC(1) Concurrent Mark Cycle
[9.930s][info][gc,cpu      ] GC(0) User=0.05s Sys=0.47s Real=0.02s
[9.930s][info][gc,marking  ] GC(1) Concurrent Scan Root Regions
[9.932s][info][gc,marking  ] GC(1) Concurrent Scan Root Regions 2.409ms
[9.932s][info][gc,marking  ] GC(1) Concurrent Mark
[9.932s][info][gc,marking  ] GC(1) Concurrent Mark From Roots
[9.932s][info][gc,task     ] GC(1) Using 8 workers of 8 for marking
[9.933s][info][gc,marking  ] GC(1) Concurrent Mark From Roots 0.848ms
[9.933s][info][gc,marking  ] GC(1) Concurrent Preclean
[9.933s][info][gc,marking  ] GC(1) Concurrent Preclean 0.023ms
[9.933s][info][gc,start    ] GC(1) Pause Remark
[9.936s][info][gc          ] GC(1) Pause Remark 21M->21M(74M) 2.656ms
[9.936s][info][gc,cpu      ] GC(1) User=0.00s Sys=0.00s Real=0.00s
[9.936s][info][gc,marking  ] GC(1) Concurrent Mark 3.778ms
[9.936s][info][gc,marking  ] GC(1) Concurrent Rebuild Remembered Sets and Scrub Regions
[9.938s][info][gc,marking  ] GC(1) Concurrent Rebuild Remembered Sets and Scrub Regions 2.107ms
[9.938s][info][gc,start    ] GC(1) Pause Cleanup
[9.939s][info][gc          ] GC(1) Pause Cleanup 21M->21M(74M) 0.136ms
[9.939s][info][gc,cpu      ] GC(1) User=0.00s Sys=0.00s Real=0.00s
[9.939s][info][gc,marking  ] GC(1) Concurrent Clear Claimed Marks
[9.939s][info][gc,marking  ] GC(1) Concurrent Clear Claimed Marks 0.023ms
[9.939s][info][gc,marking  ] GC(1) Concurrent Cleanup for Next Mark
[9.939s][info][gc,marking  ] GC(1) Concurrent Cleanup for Next Mark 0.452ms
[9.939s][info][gc          ] GC(1) Concurrent Mark Cycle 9.266ms
[10.847s][info][gc,start    ] GC(2) Pause Young (Prepare Mixed) (G1 Evacuation Pause)
[10.847s][info][gc,task     ] GC(2) Using 17 workers of 33 for evacuation
[10.859s][info][gc,phases   ] GC(2)   Pre Evacuate Collection Set: 0.1ms
[10.859s][info][gc,phases   ] GC(2)   Merge Heap Roots: 0.2ms
[10.859s][info][gc,phases   ] GC(2)   Evacuate Collection Set: 10.5ms
[10.859s][info][gc,phases   ] GC(2)   Post Evacuate Collection Set: 1.4ms
[10.859s][info][gc,phases   ] GC(2)   Other: 0.3ms
[10.859s][info][gc,heap     ] GC(2) Eden regions: 53->0(38)
[10.859s][info][gc,heap     ] GC(2) Survivor regions: 13->6(13)
[10.859s][info][gc,heap     ] GC(2) Old regions: 2->16
[10.859s][info][gc,heap     ] GC(2) Archive regions: 0->0
[10.859s][info][gc,heap     ] GC(2) Humongous regions: 6->6
[10.859s][info][gc,metaspace] GC(2) Metaspace: 33876K(34240K)->33876K(34240K) NonClass: 29562K(29760K)->29562K(29760K) Class: 4313K(4480K)->4313K(4480K)
[10.859s][info][gc          ] GC(2) Pause Young (Prepare Mixed) (G1 Evacuation Pause) 73M->25M(94M) 12.910ms
[10.860s][info][gc,cpu      ] GC(2) User=0.03s Sys=0.00s Real=0.02s
[10.937s][info][gc,start    ] GC(3) Pause Young (Mixed) (Metadata GC Threshold)
[10.937s][info][gc,task     ] GC(3) Using 9 workers of 33 for evacuation
[10.942s][info][gc,phases   ] GC(3)   Pre Evacuate Collection Set: 0.1ms
[10.942s][info][gc,phases   ] GC(3)   Merge Heap Roots: 0.1ms
[10.942s][info][gc,phases   ] GC(3)   Evacuate Collection Set: 4.2ms
[10.942s][info][gc,phases   ] GC(3)   Post Evacuate Collection Set: 0.6ms
[10.942s][info][gc,phases   ] GC(3)   Other: 0.2ms
[10.942s][info][gc,heap     ] GC(3) Eden regions: 4->0(38)
[10.942s][info][gc,heap     ] GC(3) Survivor regions: 6->2(6)
[10.942s][info][gc,heap     ] GC(3) Old regions: 16->20
[10.942s][info][gc,heap     ] GC(3) Archive regions: 0->0
[10.942s][info][gc,heap     ] GC(3) Humongous regions: 6->6
[10.942s][info][gc,metaspace] GC(3) Metaspace: 35589K(35968K)->35589K(35968K) NonClass: 31099K(31296K)->31099K(31296K) Class: 4489K(4672K)->4489K(4672K)
[10.943s][info][gc          ] GC(3) Pause Young (Mixed) (Metadata GC Threshold) 29M->26M(94M) 5.536ms
[10.943s][info][gc,cpu      ] GC(3) User=0.03s Sys=0.00s Real=0.02s
[10.982s][info][gc,start    ] GC(4) Pause Young (Concurrent Start) (Metadata GC Threshold)
[10.983s][info][gc,task     ] GC(4) Using 5 workers of 33 for evacuation
[10.985s][info][gc,phases   ] GC(4)   Pre Evacuate Collection Set: 0.2ms
[10.985s][info][gc,phases   ] GC(4)   Merge Heap Roots: 0.1ms
[10.985s][info][gc,phases   ] GC(4)   Evacuate Collection Set: 1.2ms
[10.985s][info][gc,phases   ] GC(4)   Post Evacuate Collection Set: 0.5ms
[10.985s][info][gc,phases   ] GC(4)   Other: 0.1ms
[10.985s][info][gc,heap     ] GC(4) Eden regions: 3->0(46)
[10.985s][info][gc,heap     ] GC(4) Survivor regions: 2->1(5)
[10.985s][info][gc,heap     ] GC(4) Old regions: 20->20
[10.985s][info][gc,heap     ] GC(4) Archive regions: 0->0
[10.985s][info][gc,heap     ] GC(4) Humongous regions: 6->6
[10.985s][info][gc,metaspace] GC(4) Metaspace: 35940K(36288K)->35940K(36288K) NonClass: 31408K(31616K)->31408K(31616K) Class: 4532K(4672K)->4532K(4672K)
[10.985s][info][gc          ] GC(4) Pause Young (Concurrent Start) (Metadata GC Threshold) 29M->26M(94M) 2.647ms
[10.985s][info][gc,cpu      ] GC(4) User=0.00s Sys=0.00s Real=0.00s
[10.985s][info][gc          ] GC(5) Concurrent Mark Cycle
[10.985s][info][gc,marking  ] GC(5) Concurrent Scan Root Regions
[10.987s][info][gc,marking  ] GC(5) Concurrent Scan Root Regions 1.929ms
[10.987s][info][gc,marking  ] GC(5) Concurrent Mark
[10.987s][info][gc,marking  ] GC(5) Concurrent Mark From Roots
[10.987s][info][gc,task     ] GC(5) Using 8 workers of 8 for marking
[10.996s][info][gc,marking  ] GC(5) Concurrent Mark From Roots 9.040ms
[10.996s][info][gc,marking  ] GC(5) Concurrent Preclean
[10.996s][info][gc,marking  ] GC(5) Concurrent Preclean 0.059ms
[10.996s][info][gc,start    ] GC(5) Pause Remark
[11.001s][info][gc          ] GC(5) Pause Remark 26M->26M(94M) 4.680ms
[11.001s][info][gc,cpu      ] GC(5) User=0.00s Sys=0.00s Real=0.00s
[11.001s][info][gc,marking  ] GC(5) Concurrent Mark 14.135ms
[11.001s][info][gc,marking  ] GC(5) Concurrent Rebuild Remembered Sets and Scrub Regions
[11.005s][info][gc,marking  ] GC(5) Concurrent Rebuild Remembered Sets and Scrub Regions 3.487ms
[11.005s][info][gc,start    ] GC(5) Pause Cleanup
[11.005s][info][gc          ] GC(5) Pause Cleanup 27M->27M(94M) 0.152ms
[11.005s][info][gc,cpu      ] GC(5) User=0.00s Sys=0.00s Real=0.00s
[11.005s][info][gc,marking  ] GC(5) Concurrent Clear Claimed Marks
[11.005s][info][gc,marking  ] GC(5) Concurrent Clear Claimed Marks 0.038ms
[11.005s][info][gc,marking  ] GC(5) Concurrent Cleanup for Next Mark
[11.005s][info][gc,marking  ] GC(5) Concurrent Cleanup for Next Mark 0.256ms
[11.006s][info][gc          ] GC(5) Concurrent Mark Cycle 20.430ms
[11.368s][info][gc,start    ] GC(6) Pause Young (Prepare Mixed) (G1 Evacuation Pause)
[11.368s][info][gc,task     ] GC(6) Using 3 workers of 33 for evacuation
[11.387s][info][gc,phases   ] GC(6)   Pre Evacuate Collection Set: 0.1ms
[11.388s][info][gc,phases   ] GC(6)   Merge Heap Roots: 0.1ms
[11.388s][info][gc,phases   ] GC(6)   Evacuate Collection Set: 6.0ms
[11.388s][info][gc,phases   ] GC(6)   Post Evacuate Collection Set: 12.9ms
[11.388s][info][gc,phases   ] GC(6)   Other: 0.1ms
[11.388s][info][gc,heap     ] GC(6) Eden regions: 46->0(159)
[11.388s][info][gc,heap     ] GC(6) Survivor regions: 1->4(6)
[11.388s][info][gc,heap     ] GC(6) Old regions: 20->20
[11.388s][info][gc,heap     ] GC(6) Archive regions: 0->0
[11.388s][info][gc,heap     ] GC(6) Humongous regions: 6->6
[11.388s][info][gc,metaspace] GC(6) Metaspace: 42064K(42496K)->42064K(42496K) NonClass: 36795K(37056K)->36795K(37056K) Class: 5269K(5440K)->5269K(5440K)
[11.388s][info][gc          ] GC(6) Pause Young (Prepare Mixed) (G1 Evacuation Pause) 72M->28M(1071M) 19.794ms
[11.388s][info][gc,cpu      ] GC(6) User=0.05s Sys=0.00s Real=0.02s
[11.615s][info][gc,start    ] GC(7) Pause Young (Mixed) (G1 Evacuation Pause)
[11.615s][info][gc,task     ] GC(7) Using 25 workers of 33 for evacuation
[11.630s][info][gc,phases   ] GC(7)   Pre Evacuate Collection Set: 0.2ms
[11.630s][info][gc,phases   ] GC(7)   Merge Heap Roots: 0.1ms
[11.630s][info][gc,phases   ] GC(7)   Evacuate Collection Set: 13.5ms
[11.630s][info][gc,phases   ] GC(7)   Post Evacuate Collection Set: 0.9ms
[11.630s][info][gc,phases   ] GC(7)   Other: 0.2ms
[11.630s][info][gc,heap     ] GC(7) Eden regions: 159->0(158)
[11.630s][info][gc,heap     ] GC(7) Survivor regions: 4->19(21)
[11.630s][info][gc,heap     ] GC(7) Old regions: 20->20
[11.630s][info][gc,heap     ] GC(7) Archive regions: 0->0
[11.630s][info][gc,heap     ] GC(7) Humongous regions: 6->6
[11.630s][info][gc,metaspace] GC(7) Metaspace: 42073K(42496K)->42073K(42496K) NonClass: 36802K(37056K)->36802K(37056K) Class: 5271K(5440K)->5271K(5440K)
[11.630s][info][gc          ] GC(7) Pause Young (Mixed) (G1 Evacuation Pause) 187M->43M(1071M) 15.581ms
[11.631s][info][gc,cpu      ] GC(7) User=0.19s Sys=0.22s Real=0.02s
[11.760s][info][gc,start    ] GC(8) Pause Young (Normal) (G1 Evacuation Pause)
[11.761s][info][gc,task     ] GC(8) Using 25 workers of 33 for evacuation
[11.774s][info][gc,phases   ] GC(8)   Pre Evacuate Collection Set: 0.2ms
[11.774s][info][gc,phases   ] GC(8)   Merge Heap Roots: 0.1ms
[11.774s][info][gc,phases   ] GC(8)   Evacuate Collection Set: 12.2ms
[11.774s][info][gc,phases   ] GC(8)   Post Evacuate Collection Set: 0.5ms
[11.774s][info][gc,phases   ] GC(8)   Other: 0.2ms
[11.774s][info][gc,heap     ] GC(8) Eden regions: 158->0(231)
[11.774s][info][gc,heap     ] GC(8) Survivor regions: 19->16(23)
[11.774s][info][gc,heap     ] GC(8) Old regions: 20->38
[11.774s][info][gc,heap     ] GC(8) Archive regions: 0->0
[11.774s][info][gc,heap     ] GC(8) Humongous regions: 6->6
[11.774s][info][gc,metaspace] GC(8) Metaspace: 42073K(42496K)->42073K(42496K) NonClass: 36802K(37056K)->36802K(37056K) Class: 5271K(5440K)->5271K(5440K)
[11.774s][info][gc          ] GC(8) Pause Young (Normal) (G1 Evacuation Pause) 201M->59M(1071M) 13.563ms
[11.774s][info][gc,cpu      ] GC(8) User=0.28s Sys=0.11s Real=0.02s
[11.980s][info][gc,start    ] GC(9) Pause Young (Normal) (G1 Evacuation Pause)
[11.980s][info][gc,task     ] GC(9) Using 25 workers of 33 for evacuation
[11.998s][info][gc,phases   ] GC(9)   Pre Evacuate Collection Set: 0.2ms
[11.998s][info][gc,phases   ] GC(9)   Merge Heap Roots: 0.2ms
[11.998s][info][gc,phases   ] GC(9)   Evacuate Collection Set: 16.5ms
[11.998s][info][gc,phases   ] GC(9)   Post Evacuate Collection Set: 0.4ms
[11.998s][info][gc,phases   ] GC(9)   Other: 0.2ms
[11.998s][info][gc,heap     ] GC(9) Eden regions: 231->0(276)
[11.998s][info][gc,heap     ] GC(9) Survivor regions: 16->31(31)
[11.998s][info][gc,heap     ] GC(9) Old regions: 38->43
[11.998s][info][gc,heap     ] GC(9) Archive regions: 0->0
[11.998s][info][gc,heap     ] GC(9) Humongous regions: 6->6
[11.998s][info][gc,metaspace] GC(9) Metaspace: 42073K(42496K)->42073K(42496K) NonClass: 36802K(37056K)->36802K(37056K) Class: 5271K(5440K)->5271K(5440K)
[11.998s][info][gc          ] GC(9) Pause Young (Normal) (G1 Evacuation Pause) 290M->79M(1071M) 17.843ms
[11.998s][info][gc,cpu      ] GC(9) User=0.17s Sys=0.22s Real=0.02s
[12.243s][info][gc,start    ] GC(10) Pause Young (Normal) (G1 Evacuation Pause)
[12.243s][info][gc,task     ] GC(10) Using 25 workers of 33 for evacuation
[12.264s][info][gc,phases   ] GC(10)   Pre Evacuate Collection Set: 0.2ms
[12.264s][info][gc,phases   ] GC(10)   Merge Heap Roots: 0.2ms
[12.264s][info][gc,phases   ] GC(10)   Evacuate Collection Set: 19.7ms
[12.264s][info][gc,phases   ] GC(10)   Post Evacuate Collection Set: 0.5ms
[12.264s][info][gc,phases   ] GC(10)   Other: 0.2ms
[12.264s][info][gc,heap     ] GC(10) Eden regions: 276->0(310)
[12.264s][info][gc,heap     ] GC(10) Survivor regions: 31->39(39)
[12.264s][info][gc,heap     ] GC(10) Old regions: 43->62
[12.264s][info][gc,heap     ] GC(10) Archive regions: 0->0
[12.264s][info][gc,heap     ] GC(10) Humongous regions: 6->6
[12.264s][info][gc,metaspace] GC(10) Metaspace: 42073K(42496K)->42073K(42496K) NonClass: 36802K(37056K)->36802K(37056K) Class: 5271K(5440K)->5271K(5440K)
[12.264s][info][gc          ] GC(10) Pause Young (Normal) (G1 Evacuation Pause) 355M->106M(1071M) 21.048ms
[12.264s][info][gc,cpu      ] GC(10) User=0.23s Sys=0.17s Real=0.03s
[13.141s][info][gc,start    ] GC(11) Pause Full (System.gc())
[13.141s][info][gc,task     ] GC(11) Using 25 workers of 33 for full compaction
[13.142s][info][gc,phases,start] GC(11) Phase 1: Mark live objects
[13.159s][info][gc,phases      ] GC(11) Phase 1: Mark live objects 16.418ms
[13.159s][info][gc,phases,start] GC(11) Phase 2: Prepare compaction
[13.163s][info][gc,phases      ] GC(11) Phase 2: Prepare compaction 4.546ms
[13.163s][info][gc,phases,start] GC(11) Phase 3: Adjust pointers
[13.169s][info][gc,phases      ] GC(11) Phase 3: Adjust pointers 5.749ms
[13.169s][info][gc,phases,start] GC(11) Phase 4: Compact heap
[13.170s][info][gc,phases      ] GC(11) Phase 4: Compact heap 1.152ms
[13.180s][info][gc,heap        ] GC(11) Eden regions: 292->0(83)
[13.180s][info][gc,heap        ] GC(11) Survivor regions: 39->0(39)
[13.180s][info][gc,heap        ] GC(11) Old regions: 62->39
[13.180s][info][gc,heap        ] GC(11) Archive regions: 0->0
[13.180s][info][gc,heap        ] GC(11) Humongous regions: 11->6
[13.180s][info][gc,metaspace   ] GC(11) Metaspace: 47960K(48448K)->47960K(48448K) NonClass: 41867K(42176K)->41867K(42176K) Class: 6093K(6272K)->6093K(6272K)
[13.180s][info][gc             ] GC(11) Pause Full (System.gc()) 402M->26M(150M) 39.540ms
[13.180s][info][gc,cpu         ] GC(11) User=0.39s Sys=0.28s Real=0.05s
[13.855s][info][gc,start       ] GC(12) Pause Young (Normal) (G1 Evacuation Pause)
[13.855s][info][gc,task        ] GC(12) Using 14 workers of 33 for evacuation
[13.858s][info][gc,phases      ] GC(12)   Pre Evacuate Collection Set: 0.1ms
[13.858s][info][gc,phases      ] GC(12)   Merge Heap Roots: 0.1ms
[13.858s][info][gc,phases      ] GC(12)   Evacuate Collection Set: 2.5ms
[13.858s][info][gc,phases      ] GC(12)   Post Evacuate Collection Set: 0.5ms
[13.858s][info][gc,phases      ] GC(12)   Other: 0.1ms
[13.858s][info][gc,heap        ] GC(12) Eden regions: 83->0(77)
[13.858s][info][gc,heap        ] GC(12) Survivor regions: 0->9(11)
[13.858s][info][gc,heap        ] GC(12) Old regions: 39->39
[13.858s][info][gc,heap        ] GC(12) Archive regions: 0->0
[13.858s][info][gc,heap        ] GC(12) Humongous regions: 11->6
[13.858s][info][gc,metaspace   ] GC(12) Metaspace: 53802K(54464K)->53802K(54464K) NonClass: 46980K(47360K)->46980K(47360K) Class: 6821K(7104K)->6821K(7104K)
[13.858s][info][gc             ] GC(12) Pause Young (Normal) (G1 Evacuation Pause) 114M->34M(150M) 3.715ms
[13.858s][info][gc,cpu         ] GC(12) User=0.00s Sys=0.00s Real=0.00s
[13.936s][info][gc,start       ] GC(13) Pause Young (Normal) (G1 Evacuation Pause)
[13.936s][info][gc,task        ] GC(13) Using 8 workers of 33 for evacuation
[13.944s][info][gc,phases      ] GC(13)   Pre Evacuate Collection Set: 0.1ms
[13.944s][info][gc,phases      ] GC(13)   Merge Heap Roots: 0.1ms
[13.944s][info][gc,phases      ] GC(13)   Evacuate Collection Set: 7.3ms
[13.944s][info][gc,phases      ] GC(13)   Post Evacuate Collection Set: 0.7ms
[13.944s][info][gc,phases      ] GC(13)   Other: 0.1ms
[13.944s][info][gc,heap        ] GC(13) Eden regions: 77->0(73)
[13.944s][info][gc,heap        ] GC(13) Survivor regions: 9->11(11)
[13.945s][info][gc,heap        ] GC(13) Old regions: 39->40
[13.945s][info][gc,heap        ] GC(13) Archive regions: 0->0
[13.945s][info][gc,heap        ] GC(13) Humongous regions: 7->7
[13.945s][info][gc,metaspace   ] GC(13) Metaspace: 53834K(54528K)->53834K(54528K) NonClass: 47013K(47424K)->47013K(47424K) Class: 6821K(7104K)->6821K(7104K)
[13.945s][info][gc             ] GC(13) Pause Young (Normal) (G1 Evacuation Pause) 112M->38M(150M) 8.892ms
[13.945s][info][gc,cpu         ] GC(13) User=0.00s Sys=0.00s Real=0.00s
[14.001s][info][gc,start       ] GC(14) Pause Young (Normal) (G1 Evacuation Pause)
[14.001s][info][gc,task        ] GC(14) Using 5 workers of 33 for evacuation
[14.030s][info][gc,phases      ] GC(14)   Pre Evacuate Collection Set: 0.1ms
[14.030s][info][gc,phases      ] GC(14)   Merge Heap Roots: 0.1ms
[14.030s][info][gc,phases      ] GC(14)   Evacuate Collection Set: 15.1ms
[14.031s][info][gc,phases      ] GC(14)   Post Evacuate Collection Set: 14.2ms
[14.031s][info][gc,phases      ] GC(14)   Other: 0.1ms
[14.031s][info][gc,heap        ] GC(14) Eden regions: 73->0(653)
[14.031s][info][gc,heap        ] GC(14) Survivor regions: 11->7(11)
[14.031s][info][gc,heap        ] GC(14) Old regions: 40->51
[14.031s][info][gc,heap        ] GC(14) Archive regions: 0->0
[14.031s][info][gc,heap        ] GC(14) Humongous regions: 9->9
[14.031s][info][gc,metaspace   ] GC(14) Metaspace: 53840K(54528K)->53840K(54528K) NonClass: 47018K(47424K)->47018K(47424K) Class: 6821K(7104K)->6821K(7104K)
[14.031s][info][gc             ] GC(14) Pause Young (Normal) (G1 Evacuation Pause) 113M->47M(1100M) 30.203ms
[14.031s][info][gc,cpu         ] GC(14) User=0.06s Sys=0.02s Real=0.02s
[14.862s][info][gc,start       ] GC(15) Pause Young (Normal) (G1 Evacuation Pause)
[14.862s][info][gc,task        ] GC(15) Using 26 workers of 33 for evacuation
[14.896s][info][gc,phases      ] GC(15)   Pre Evacuate Collection Set: 0.2ms
[14.896s][info][gc,phases      ] GC(15)   Merge Heap Roots: 0.4ms
[14.896s][info][gc,phases      ] GC(15)   Evacuate Collection Set: 31.4ms
[14.896s][info][gc,phases      ] GC(15)   Post Evacuate Collection Set: 0.8ms
[14.896s][info][gc,phases      ] GC(15)   Other: 0.5ms
[14.896s][info][gc,heap        ] GC(15) Eden regions: 653->0(595)
[14.896s][info][gc,heap        ] GC(15) Survivor regions: 7->65(83)
[14.896s][info][gc,heap        ] GC(15) Old regions: 51->51
[14.896s][info][gc,heap        ] GC(15) Archive regions: 0->0
[14.896s][info][gc,heap        ] GC(15) Humongous regions: 25->20
[14.896s][info][gc,metaspace   ] GC(15) Metaspace: 55370K(56128K)->55370K(56128K) NonClass: 48298K(48704K)->48298K(48704K) Class: 7072K(7424K)->7072K(7424K)
[14.896s][info][gc             ] GC(15) Pause Young (Normal) (G1 Evacuation Pause) 716M->116M(1100M) 33.537ms
[14.896s][info][gc,cpu         ] GC(15) User=0.52s Sys=0.30s Real=0.03s
[15.205s][info][gc,start       ] GC(16) Pause Young (Normal) (G1 Evacuation Pause)
[15.205s][info][gc,task        ] GC(16) Using 26 workers of 33 for evacuation
[15.228s][info][gc,phases      ] GC(16)   Pre Evacuate Collection Set: 0.2ms
[15.228s][info][gc,phases      ] GC(16)   Merge Heap Roots: 0.4ms
[15.228s][info][gc,phases      ] GC(16)   Evacuate Collection Set: 21.7ms
[15.228s][info][gc,phases      ] GC(16)   Post Evacuate Collection Set: 0.9ms
[15.228s][info][gc,phases      ] GC(16)   Other: 0.2ms
[15.228s][info][gc,heap        ] GC(16) Eden regions: 595->0(632)
[15.228s][info][gc,heap        ] GC(16) Survivor regions: 65->28(83)
[15.228s][info][gc,heap        ] GC(16) Old regions: 51->115
[15.228s][info][gc,heap        ] GC(16) Archive regions: 0->0
[15.228s][info][gc,heap        ] GC(16) Humongous regions: 23->23
[15.228s][info][gc,metaspace   ] GC(16) Metaspace: 55790K(56640K)->55790K(56640K) NonClass: 48661K(49152K)->48661K(49152K) Class: 7128K(7488K)->7128K(7488K)
[15.228s][info][gc             ] GC(16) Pause Young (Normal) (G1 Evacuation Pause) 714M->146M(1100M) 23.687ms
[15.228s][info][gc,cpu         ] GC(16) User=0.41s Sys=0.02s Real=0.01s
[15.416s][info][gc,start       ] GC(17) Pause Young (Normal) (G1 Evacuation Pause)
[15.416s][info][gc,task        ] GC(17) Using 26 workers of 33 for evacuation
[15.432s][info][gc,phases      ] GC(17)   Pre Evacuate Collection Set: 0.2ms
[15.432s][info][gc,phases      ] GC(17)   Merge Heap Roots: 0.4ms
[15.432s][info][gc,phases      ] GC(17)   Evacuate Collection Set: 14.2ms
[15.432s][info][gc,phases      ] GC(17)   Post Evacuate Collection Set: 0.9ms
[15.432s][info][gc,phases      ] GC(17)   Other: 0.2ms
[15.432s][info][gc,heap        ] GC(17) Eden regions: 632->0(612)
[15.432s][info][gc,heap        ] GC(17) Survivor regions: 28->48(83)
[15.432s][info][gc,heap        ] GC(17) Old regions: 115->115
[15.432s][info][gc,heap        ] GC(17) Archive regions: 0->0
[15.432s][info][gc,heap        ] GC(17) Humongous regions: 26->26
[15.432s][info][gc,metaspace   ] GC(17) Metaspace: 55797K(56640K)->55797K(56640K) NonClass: 48666K(49152K)->48666K(49152K) Class: 7130K(7488K)->7130K(7488K)
[15.432s][info][gc             ] GC(17) Pause Young (Normal) (G1 Evacuation Pause) 781M->170M(1100M) 16.313ms
[15.432s][info][gc,cpu         ] GC(17) User=0.42s Sys=0.00s Real=0.02s
[15.620s][info][gc,start       ] GC(18) Pause Young (Normal) (G1 Evacuation Pause)
[15.620s][info][gc,task        ] GC(18) Using 26 workers of 33 for evacuation
[15.641s][info][gc,phases      ] GC(18)   Pre Evacuate Collection Set: 0.2ms
[15.641s][info][gc,phases      ] GC(18)   Merge Heap Roots: 0.4ms
[15.641s][info][gc,phases      ] GC(18)   Evacuate Collection Set: 19.8ms
[15.641s][info][gc,phases      ] GC(18)   Post Evacuate Collection Set: 0.7ms
[15.641s][info][gc,phases      ] GC(18)   Other: 0.2ms
[15.641s][info][gc,heap        ] GC(18) Eden regions: 612->0(614)
[15.641s][info][gc,heap        ] GC(18) Survivor regions: 48->46(83)
[15.641s][info][gc,heap        ] GC(18) Old regions: 115->139
[15.641s][info][gc,heap        ] GC(18) Archive regions: 0->0
[15.641s][info][gc,heap        ] GC(18) Humongous regions: 31->31
[15.641s][info][gc,metaspace   ] GC(18) Metaspace: 55797K(56640K)->55797K(56640K) NonClass: 48666K(49152K)->48666K(49152K) Class: 7130K(7488K)->7130K(7488K)
[15.641s][info][gc             ] GC(18) Pause Young (Normal) (G1 Evacuation Pause) 787M->197M(1100M) 21.658ms
[15.641s][info][gc,cpu         ] GC(18) User=0.70s Sys=0.11s Real=0.03s
[15.915s][info][gc,start       ] GC(19) Pause Young (Normal) (GCLocker Initiated GC)
[15.915s][info][gc,task        ] GC(19) Using 26 workers of 33 for evacuation
[15.937s][info][gc,phases      ] GC(19)   Pre Evacuate Collection Set: 0.2ms
[15.937s][info][gc,phases      ] GC(19)   Merge Heap Roots: 0.4ms
[15.937s][info][gc,phases      ] GC(19)   Evacuate Collection Set: 20.2ms
[15.937s][info][gc,phases      ] GC(19)   Post Evacuate Collection Set: 0.8ms
[15.937s][info][gc,phases      ] GC(19)   Other: 0.2ms
[15.937s][info][gc,heap        ] GC(19) Eden regions: 614->0(629)
[15.937s][info][gc,heap        ] GC(19) Survivor regions: 46->31(83)
[15.937s][info][gc,heap        ] GC(19) Old regions: 139->164
[15.937s][info][gc,heap        ] GC(19) Archive regions: 0->0
[15.937s][info][gc,heap        ] GC(19) Humongous regions: 34->34
[15.937s][info][gc,metaspace   ] GC(19) Metaspace: 56022K(56896K)->56022K(56896K) NonClass: 48864K(49344K)->48864K(49344K) Class: 7158K(7552K)->7158K(7552K)
[15.937s][info][gc             ] GC(19) Pause Young (Normal) (GCLocker Initiated GC) 814M->208M(1100M) 22.166ms
[15.937s][info][gc,cpu         ] GC(19) User=0.38s Sys=0.03s Real=0.02s
[16.265s][info][gc,start       ] GC(20) Pause Young (Normal) (G1 Evacuation Pause)
[16.265s][info][gc,task        ] GC(20) Using 26 workers of 33 for evacuation
[16.276s][info][gc,phases      ] GC(20)   Pre Evacuate Collection Set: 0.2ms
[16.276s][info][gc,phases      ] GC(20)   Merge Heap Roots: 0.4ms
[16.276s][info][gc,phases      ] GC(20)   Evacuate Collection Set: 9.0ms
[16.276s][info][gc,phases      ] GC(20)   Post Evacuate Collection Set: 1.0ms
[16.276s][info][gc,phases      ] GC(20)   Other: 0.2ms
[16.277s][info][gc,heap        ] GC(20) Eden regions: 629->0(632)
[16.277s][info][gc,heap        ] GC(20) Survivor regions: 31->28(83)
[16.277s][info][gc,heap        ] GC(20) Old regions: 164->164
[16.277s][info][gc,heap        ] GC(20) Archive regions: 0->0
[16.277s][info][gc,heap        ] GC(20) Humongous regions: 34->34
[16.277s][info][gc,metaspace   ] GC(20) Metaspace: 56206K(57024K)->56206K(57024K) NonClass: 49009K(49472K)->49009K(49472K) Class: 7196K(7552K)->7196K(7552K)
[16.277s][info][gc             ] GC(20) Pause Young (Normal) (G1 Evacuation Pause) 837M->206M(1100M) 11.323ms
[16.277s][info][gc,cpu         ] GC(20) User=0.41s Sys=0.00s Real=0.02s
[16.506s][info][gc,start       ] GC(21) Pause Full (System.gc())
[16.506s][info][gc,task        ] GC(21) Using 26 workers of 33 for full compaction
[16.507s][info][gc,phases,start] GC(21) Phase 1: Mark live objects
[16.547s][info][gc,phases      ] GC(21) Phase 1: Mark live objects 39.255ms
[16.547s][info][gc,phases,start] GC(21) Phase 2: Prepare compaction
[16.553s][info][gc,phases      ] GC(21) Phase 2: Prepare compaction 5.957ms
[16.553s][info][gc,phases,start] GC(21) Phase 3: Adjust pointers
[16.560s][info][gc,phases      ] GC(21) Phase 3: Adjust pointers 7.671ms
[16.560s][info][gc,phases,start] GC(21) Phase 4: Compact heap
[16.562s][info][gc,phases      ] GC(21) Phase 4: Compact heap 2.071ms
[16.570s][info][gc,heap        ] GC(21) Eden regions: 118->0(374)
[16.570s][info][gc,heap        ] GC(21) Survivor regions: 28->0(83)
[16.570s][info][gc,heap        ] GC(21) Old regions: 164->175
[16.570s][info][gc,heap        ] GC(21) Archive regions: 0->0
[16.570s][info][gc,heap        ] GC(21) Humongous regions: 39->12
[16.570s][info][gc,metaspace   ] GC(21) Metaspace: 58031K(58880K)->57984K(58880K) NonClass: 50624K(51072K)->50591K(51072K) Class: 7406K(7808K)->7392K(7808K)
[16.570s][info][gc             ] GC(21) Pause Full (System.gc()) 329M->173M(624M) 64.233ms
[16.570s][info][gc,cpu         ] GC(21) User=1.23s Sys=0.02s Real=0.06s
[16.877s][info][gc,start       ] GC(22) Pause Young (Normal) (G1 Evacuation Pause)
[16.878s][info][gc,task        ] GC(22) Using 20 workers of 33 for evacuation
[16.881s][info][gc,phases      ] GC(22)   Pre Evacuate Collection Set: 0.2ms
[16.881s][info][gc,phases      ] GC(22)   Merge Heap Roots: 0.2ms
[16.881s][info][gc,phases      ] GC(22)   Evacuate Collection Set: 0.7ms
[16.881s][info][gc,phases      ] GC(22)   Post Evacuate Collection Set: 2.2ms
[16.881s][info][gc,phases      ] GC(22)   Other: 0.2ms
[16.881s][info][gc,heap        ] GC(22) Eden regions: 374->0(563)
[16.881s][info][gc,heap        ] GC(22) Survivor regions: 0->5(47)
[16.881s][info][gc,heap        ] GC(22) Old regions: 175->175
[16.881s][info][gc,heap        ] GC(22) Archive regions: 0->0
[16.881s][info][gc,heap        ] GC(22) Humongous regions: 22->12
[16.881s][info][gc,metaspace   ] GC(22) Metaspace: 58323K(59200K)->58323K(59200K) NonClass: 50862K(51328K)->50862K(51328K) Class: 7461K(7872K)->7461K(7872K)
[16.881s][info][gc             ] GC(22) Pause Young (Normal) (G1 Evacuation Pause) 557M->178M(948M) 3.716ms
[16.881s][info][gc,cpu         ] GC(22) User=0.00s Sys=0.00s Real=0.00s
[17.133s][info][gc,start       ] GC(23) Pause Young (Normal) (G1 Evacuation Pause)
[17.133s][info][gc,task        ] GC(23) Using 22 workers of 33 for evacuation
[17.135s][info][gc,phases      ] GC(23)   Pre Evacuate Collection Set: 0.2ms
[17.135s][info][gc,phases      ] GC(23)   Merge Heap Roots: 0.2ms
[17.135s][info][gc,phases      ] GC(23)   Evacuate Collection Set: 0.6ms
[17.135s][info][gc,phases      ] GC(23)   Post Evacuate Collection Set: 0.7ms
[17.135s][info][gc,phases      ] GC(23)   Other: 0.1ms
[17.135s][info][gc,heap        ] GC(23) Eden regions: 563->0(566)
[17.135s][info][gc,heap        ] GC(23) Survivor regions: 5->2(71)
[17.135s][info][gc,heap        ] GC(23) Old regions: 175->175
[17.135s][info][gc,heap        ] GC(23) Archive regions: 0->0
[17.135s][info][gc,heap        ] GC(23) Humongous regions: 12->12
[17.135s][info][gc,metaspace   ] GC(23) Metaspace: 58326K(59200K)->58326K(59200K) NonClass: 50865K(51328K)->50865K(51328K) Class: 7461K(7872K)->7461K(7872K)
[17.135s][info][gc             ] GC(23) Pause Young (Normal) (G1 Evacuation Pause) 741M->174M(948M) 2.071ms
[17.135s][info][gc,cpu         ] GC(23) User=0.00s Sys=0.00s Real=0.00s
[17.333s][info][gc,start       ] GC(24) Pause Young (Normal) (G1 Evacuation Pause)
[17.333s][info][gc,task        ] GC(24) Using 22 workers of 33 for evacuation
[17.335s][info][gc,phases      ] GC(24)   Pre Evacuate Collection Set: 0.2ms
[17.335s][info][gc,phases      ] GC(24)   Merge Heap Roots: 0.2ms
[17.335s][info][gc,phases      ] GC(24)   Evacuate Collection Set: 0.5ms
[17.335s][info][gc,phases      ] GC(24)   Post Evacuate Collection Set: 0.8ms
[17.335s][info][gc,phases      ] GC(24)   Other: 0.2ms
[17.335s][info][gc,heap        ] GC(24) Eden regions: 566->0(567)
[17.335s][info][gc,heap        ] GC(24) Survivor regions: 2->1(71)
[17.335s][info][gc,heap        ] GC(24) Old regions: 175->175
[17.335s][info][gc,heap        ] GC(24) Archive regions: 0->0
[17.335s][info][gc,heap        ] GC(24) Humongous regions: 12->12
[17.335s][info][gc,metaspace   ] GC(24) Metaspace: 58326K(59200K)->58326K(59200K) NonClass: 50865K(51328K)->50865K(51328K) Class: 7461K(7872K)->7461K(7872K)
[17.335s][info][gc             ] GC(24) Pause Young (Normal) (G1 Evacuation Pause) 740M->173M(948M) 2.316ms
[17.335s][info][gc,cpu         ] GC(24) User=0.00s Sys=0.00s Real=0.00s
[17.557s][info][gc,start       ] GC(25) Pause Full (System.gc())
[17.557s][info][gc,task        ] GC(25) Using 22 workers of 33 for full compaction
[17.558s][info][gc,phases,start] GC(25) Phase 1: Mark live objects
[17.591s][info][gc,phases      ] GC(25) Phase 1: Mark live objects 32.723ms
[17.591s][info][gc,phases,start] GC(25) Phase 2: Prepare compaction
[17.596s][info][gc,phases      ] GC(25) Phase 2: Prepare compaction 5.525ms
[17.596s][info][gc,phases,start] GC(25) Phase 3: Adjust pointers
[17.603s][info][gc,phases      ] GC(25) Phase 3: Adjust pointers 6.266ms
[17.603s][info][gc,phases,start] GC(25) Phase 4: Compact heap
[17.604s][info][gc,phases      ] GC(25) Phase 4: Compact heap 1.030ms
[17.609s][info][gc,heap        ] GC(25) Eden regions: 438->0(372)
[17.609s][info][gc,heap        ] GC(25) Survivor regions: 1->0(71)
[17.609s][info][gc,heap        ] GC(25) Old regions: 175->174
[17.609s][info][gc,heap        ] GC(25) Archive regions: 0->0
[17.609s][info][gc,heap        ] GC(25) Humongous regions: 17->12
[17.609s][info][gc,metaspace   ] GC(25) Metaspace: 58402K(59328K)->58402K(59328K) NonClass: 50941K(51456K)->50941K(51456K) Class: 7461K(7872K)->7461K(7872K)
[17.609s][info][gc             ] GC(25) Pause Full (System.gc()) 616M->173M(620M) 52.134ms
[17.609s][info][gc,cpu         ] GC(25) User=0.70s Sys=0.00s Real=0.05s
[17.827s][info][gc,start       ] GC(26) Pause Young (Normal) (G1 Evacuation Pause)
[17.827s][info][gc,task        ] GC(26) Using 18 workers of 33 for evacuation
[17.829s][info][gc,phases      ] GC(26)   Pre Evacuate Collection Set: 0.2ms
[17.829s][info][gc,phases      ] GC(26)   Merge Heap Roots: 0.2ms
[17.829s][info][gc,phases      ] GC(26)   Evacuate Collection Set: 0.6ms
[17.829s][info][gc,phases      ] GC(26)   Post Evacuate Collection Set: 0.6ms
[17.829s][info][gc,phases      ] GC(26)   Other: 0.1ms
[17.829s][info][gc,heap        ] GC(26) Eden regions: 372->0(371)
[17.829s][info][gc,heap        ] GC(26) Survivor regions: 0->1(47)
[17.829s][info][gc,heap        ] GC(26) Old regions: 174->174
[17.829s][info][gc,heap        ] GC(26) Archive regions: 0->0
[17.829s][info][gc,heap        ] GC(26) Humongous regions: 22->12
[17.829s][info][gc,metaspace   ] GC(26) Metaspace: 58470K(59328K)->58470K(59328K) NonClass: 51009K(51456K)->51009K(51456K) Class: 7461K(7872K)->7461K(7872K)
[17.829s][info][gc             ] GC(26) Pause Young (Normal) (G1 Evacuation Pause) 555M->173M(620M) 2.009ms
[17.829s][info][gc,cpu         ] GC(26) User=0.00s Sys=0.00s Real=0.00s
[17.949s][info][gc,start       ] GC(27) Pause Young (Normal) (G1 Evacuation Pause)
[17.949s][info][gc,task        ] GC(27) Using 16 workers of 33 for evacuation
[17.951s][info][gc,phases      ] GC(27)   Pre Evacuate Collection Set: 0.2ms
[17.951s][info][gc,phases      ] GC(27)   Merge Heap Roots: 0.2ms
[17.951s][info][gc,phases      ] GC(27)   Evacuate Collection Set: 0.4ms
[17.951s][info][gc,phases      ] GC(27)   Post Evacuate Collection Set: 0.7ms
[17.951s][info][gc,phases      ] GC(27)   Other: 0.2ms
[17.951s][info][gc,heap        ] GC(27) Eden regions: 371->0(371)
[17.951s][info][gc,heap        ] GC(27) Survivor regions: 1->1(47)
[17.951s][info][gc,heap        ] GC(27) Old regions: 174->174
[17.951s][info][gc,heap        ] GC(27) Archive regions: 0->0
[17.951s][info][gc,heap        ] GC(27) Humongous regions: 12->12
[17.951s][info][gc,metaspace   ] GC(27) Metaspace: 58470K(59328K)->58470K(59328K) NonClass: 51009K(51456K)->51009K(51456K) Class: 7461K(7872K)->7461K(7872K)
[17.951s][info][gc             ] GC(27) Pause Young (Normal) (G1 Evacuation Pause) 544M->173M(620M) 2.055ms
[17.951s][info][gc,cpu         ] GC(27) User=0.00s Sys=0.00s Real=0.00s
[18.079s][info][gc,start       ] GC(28) Pause Young (Normal) (G1 Evacuation Pause)
[18.079s][info][gc,task        ] GC(28) Using 15 workers of 33 for evacuation
[18.080s][info][gc,phases      ] GC(28)   Pre Evacuate Collection Set: 0.1ms
[18.080s][info][gc,phases      ] GC(28)   Merge Heap Roots: 0.1ms
[18.080s][info][gc,phases      ] GC(28)   Evacuate Collection Set: 0.4ms
[18.080s][info][gc,phases      ] GC(28)   Post Evacuate Collection Set: 0.7ms
[18.080s][info][gc,phases      ] GC(28)   Other: 0.1ms
[18.080s][info][gc,heap        ] GC(28) Eden regions: 371->0(371)
[18.080s][info][gc,heap        ] GC(28) Survivor regions: 1->1(47)
[18.081s][info][gc,heap        ] GC(28) Old regions: 174->174
[18.081s][info][gc,heap        ] GC(28) Archive regions: 0->0
[18.081s][info][gc,heap        ] GC(28) Humongous regions: 12->12
[18.081s][info][gc,metaspace   ] GC(28) Metaspace: 58470K(59328K)->58470K(59328K) NonClass: 51009K(51456K)->51009K(51456K) Class: 7461K(7872K)->7461K(7872K)
[18.081s][info][gc             ] GC(28) Pause Young (Normal) (G1 Evacuation Pause) 544M->173M(620M) 1.924ms
[18.081s][info][gc,cpu         ] GC(28) User=0.00s Sys=0.00s Real=0.00s
[18.198s][info][gc,start       ] GC(29) Pause Young (Normal) (G1 Evacuation Pause)
[18.199s][info][gc,task        ] GC(29) Using 14 workers of 33 for evacuation
[18.200s][info][gc,phases      ] GC(29)   Pre Evacuate Collection Set: 0.2ms
[18.200s][info][gc,phases      ] GC(29)   Merge Heap Roots: 0.1ms
[18.200s][info][gc,phases      ] GC(29)   Evacuate Collection Set: 0.4ms
[18.200s][info][gc,phases      ] GC(29)   Post Evacuate Collection Set: 0.7ms
[18.200s][info][gc,phases      ] GC(29)   Other: 0.1ms
[18.200s][info][gc,heap        ] GC(29) Eden regions: 371->0(371)
[18.200s][info][gc,heap        ] GC(29) Survivor regions: 1->1(47)
[18.200s][info][gc,heap        ] GC(29) Old regions: 174->174
[18.200s][info][gc,heap        ] GC(29) Archive regions: 0->0
[18.200s][info][gc,heap        ] GC(29) Humongous regions: 12->12
[18.200s][info][gc,metaspace   ] GC(29) Metaspace: 58470K(59328K)->58470K(59328K) NonClass: 51009K(51456K)->51009K(51456K) Class: 7461K(7872K)->7461K(7872K)
[18.200s][info][gc             ] GC(29) Pause Young (Normal) (G1 Evacuation Pause) 544M->173M(620M) 1.924ms
[18.200s][info][gc,cpu         ] GC(29) User=0.00s Sys=0.00s Real=0.00s
[18.319s][info][gc,start       ] GC(30) Pause Young (Normal) (G1 Evacuation Pause)
[18.319s][info][gc,task        ] GC(30) Using 14 workers of 33 for evacuation
[18.320s][info][gc,phases      ] GC(30)   Pre Evacuate Collection Set: 0.1ms
[18.320s][info][gc,phases      ] GC(30)   Merge Heap Roots: 0.2ms
[18.320s][info][gc,phases      ] GC(30)   Evacuate Collection Set: 0.4ms
[18.321s][info][gc,phases      ] GC(30)   Post Evacuate Collection Set: 0.7ms
[18.321s][info][gc,phases      ] GC(30)   Other: 0.1ms
[18.321s][info][gc,heap        ] GC(30) Eden regions: 371->0(371)
[18.321s][info][gc,heap        ] GC(30) Survivor regions: 1->1(47)
[18.321s][info][gc,heap        ] GC(30) Old regions: 174->174
[18.321s][info][gc,heap        ] GC(30) Archive regions: 0->0
[18.321s][info][gc,heap        ] GC(30) Humongous regions: 12->12
[18.321s][info][gc,metaspace   ] GC(30) Metaspace: 58470K(59328K)->58470K(59328K) NonClass: 51009K(51456K)->51009K(51456K) Class: 7461K(7872K)->7461K(7872K)
[18.321s][info][gc             ] GC(30) Pause Young (Normal) (G1 Evacuation Pause) 544M->173M(620M) 1.688ms
[18.321s][info][gc,cpu         ] GC(30) User=0.00s Sys=0.00s Real=0.00s
[18.408s][info][gc,start       ] GC(31) Pause Full (System.gc())
[18.409s][info][gc,task        ] GC(31) Using 14 workers of 33 for full compaction
[18.409s][info][gc,phases,start] GC(31) Phase 1: Mark live objects
[18.446s][info][gc,phases      ] GC(31) Phase 1: Mark live objects 37.037ms
[18.446s][info][gc,phases,start] GC(31) Phase 2: Prepare compaction
[18.452s][info][gc,phases      ] GC(31) Phase 2: Prepare compaction 5.252ms
[18.452s][info][gc,phases,start] GC(31) Phase 3: Adjust pointers
[18.458s][info][gc,phases      ] GC(31) Phase 3: Adjust pointers 6.834ms
[18.458s][info][gc,phases,start] GC(31) Phase 4: Compact heap
[18.459s][info][gc,phases      ] GC(31) Phase 4: Compact heap 0.451ms
[18.464s][info][gc,heap        ] GC(31) Eden regions: 77->0(362)
[18.464s][info][gc,heap        ] GC(31) Survivor regions: 1->0(47)
[18.464s][info][gc,heap        ] GC(31) Old regions: 174->169
[18.464s][info][gc,heap        ] GC(31) Archive regions: 0->0
[18.464s][info][gc,heap        ] GC(31) Humongous regions: 17->12
[18.464s][info][gc,metaspace   ] GC(31) Metaspace: 58555K(59456K)->58555K(59456K) NonClass: 51094K(51584K)->51094K(51584K) Class: 7461K(7872K)->7461K(7872K)
[18.464s][info][gc             ] GC(31) Pause Full (System.gc()) 255M->173M(604M) 55.370ms
[18.464s][info][gc,cpu         ] GC(31) User=0.66s Sys=0.00s Real=0.06s
[18.657s][info][gc,start       ] GC(32) Pause Young (Normal) (G1 Evacuation Pause)
[18.657s][info][gc,task        ] GC(32) Using 14 workers of 33 for evacuation
[18.659s][info][gc,phases      ] GC(32)   Pre Evacuate Collection Set: 0.2ms
[18.659s][info][gc,phases      ] GC(32)   Merge Heap Roots: 0.1ms
[18.659s][info][gc,phases      ] GC(32)   Evacuate Collection Set: 0.6ms
[18.659s][info][gc,phases      ] GC(32)   Post Evacuate Collection Set: 0.7ms
[18.659s][info][gc,phases      ] GC(32)   Other: 0.2ms
[18.659s][info][gc,heap        ] GC(32) Eden regions: 362->0(361)
[18.659s][info][gc,heap        ] GC(32) Survivor regions: 0->1(46)
[18.659s][info][gc,heap        ] GC(32) Old regions: 169->169
[18.659s][info][gc,heap        ] GC(32) Archive regions: 0->0
[18.659s][info][gc,heap        ] GC(32) Humongous regions: 22->12
[18.659s][info][gc,metaspace   ] GC(32) Metaspace: 58629K(59520K)->58629K(59520K) NonClass: 51168K(51648K)->51168K(51648K) Class: 7461K(7872K)->7461K(7872K)
[18.659s][info][gc             ] GC(32) Pause Young (Normal) (G1 Evacuation Pause) 545M->173M(604M) 2.415ms
[18.659s][info][gc,cpu         ] GC(32) User=0.00s Sys=0.00s Real=0.00s
[18.791s][info][gc,start       ] GC(33) Pause Young (Normal) (G1 Evacuation Pause)
[18.791s][info][gc,task        ] GC(33) Using 14 workers of 33 for evacuation
[18.793s][info][gc,phases      ] GC(33)   Pre Evacuate Collection Set: 0.2ms
[18.793s][info][gc,phases      ] GC(33)   Merge Heap Roots: 0.2ms
[18.793s][info][gc,phases      ] GC(33)   Evacuate Collection Set: 0.6ms
[18.793s][info][gc,phases      ] GC(33)   Post Evacuate Collection Set: 0.6ms
[18.793s][info][gc,phases      ] GC(33)   Other: 0.2ms
[18.793s][info][gc,heap        ] GC(33) Eden regions: 361->0(361)
[18.793s][info][gc,heap        ] GC(33) Survivor regions: 1->1(46)
[18.793s][info][gc,heap        ] GC(33) Old regions: 169->169
[18.793s][info][gc,heap        ] GC(33) Archive regions: 0->0
[18.793s][info][gc,heap        ] GC(33) Humongous regions: 12->12
[18.793s][info][gc,metaspace   ] GC(33) Metaspace: 58641K(59520K)->58641K(59520K) NonClass: 51179K(51648K)->51179K(51648K) Class: 7461K(7872K)->7461K(7872K)
[18.793s][info][gc             ] GC(33) Pause Young (Normal) (G1 Evacuation Pause) 534M->173M(604M) 2.261ms
[18.793s][info][gc,cpu         ] GC(33) User=0.00s Sys=0.00s Real=0.00s
[18.916s][info][gc,start       ] GC(34) Pause Young (Normal) (G1 Evacuation Pause)
[18.916s][info][gc,task        ] GC(34) Using 14 workers of 33 for evacuation
[18.918s][info][gc,phases      ] GC(34)   Pre Evacuate Collection Set: 0.2ms
[18.918s][info][gc,phases      ] GC(34)   Merge Heap Roots: 0.1ms
[18.918s][info][gc,phases      ] GC(34)   Evacuate Collection Set: 0.4ms
[18.918s][info][gc,phases      ] GC(34)   Post Evacuate Collection Set: 0.7ms
[18.918s][info][gc,phases      ] GC(34)   Other: 0.2ms
[18.918s][info][gc,heap        ] GC(34) Eden regions: 361->0(361)
[18.918s][info][gc,heap        ] GC(34) Survivor regions: 1->1(46)
[18.918s][info][gc,heap        ] GC(34) Old regions: 169->169
[18.918s][info][gc,heap        ] GC(34) Archive regions: 0->0
[18.918s][info][gc,heap        ] GC(34) Humongous regions: 12->12
[18.918s][info][gc,metaspace   ] GC(34) Metaspace: 58641K(59520K)->58641K(59520K) NonClass: 51179K(51648K)->51179K(51648K) Class: 7461K(7872K)->7461K(7872K)
[18.918s][info][gc             ] GC(34) Pause Young (Normal) (G1 Evacuation Pause) 534M->173M(604M) 2.061ms
[18.918s][info][gc,cpu         ] GC(34) User=0.00s Sys=0.00s Real=0.00s
[19.033s][info][gc,start       ] GC(35) Pause Young (Normal) (G1 Evacuation Pause)
[19.033s][info][gc,task        ] GC(35) Using 14 workers of 33 for evacuation
[19.034s][info][gc,phases      ] GC(35)   Pre Evacuate Collection Set: 0.2ms
[19.034s][info][gc,phases      ] GC(35)   Merge Heap Roots: 0.1ms
[19.035s][info][gc,phases      ] GC(35)   Evacuate Collection Set: 0.4ms
[19.035s][info][gc,phases      ] GC(35)   Post Evacuate Collection Set: 0.5ms
[19.035s][info][gc,phases      ] GC(35)   Other: 0.2ms
[19.035s][info][gc,heap        ] GC(35) Eden regions: 361->0(361)
[19.035s][info][gc,heap        ] GC(35) Survivor regions: 1->1(46)
[19.035s][info][gc,heap        ] GC(35) Old regions: 169->169
[19.035s][info][gc,heap        ] GC(35) Archive regions: 0->0
[19.035s][info][gc,heap        ] GC(35) Humongous regions: 12->12
[19.035s][info][gc,metaspace   ] GC(35) Metaspace: 58641K(59520K)->58641K(59520K) NonClass: 51179K(51648K)->51179K(51648K) Class: 7461K(7872K)->7461K(7872K)
[19.035s][info][gc             ] GC(35) Pause Young (Normal) (G1 Evacuation Pause) 534M->173M(604M) 1.910ms
[19.035s][info][gc,cpu         ] GC(35) User=0.00s Sys=0.00s Real=0.00s
[19.151s][info][gc,start       ] GC(36) Pause Young (Normal) (G1 Evacuation Pause)
[19.151s][info][gc,task        ] GC(36) Using 14 workers of 33 for evacuation
[19.152s][info][gc,phases      ] GC(36)   Pre Evacuate Collection Set: 0.2ms
[19.152s][info][gc,phases      ] GC(36)   Merge Heap Roots: 0.2ms
[19.152s][info][gc,phases      ] GC(36)   Evacuate Collection Set: 0.4ms
[19.153s][info][gc,phases      ] GC(36)   Post Evacuate Collection Set: 0.7ms
[19.153s][info][gc,phases      ] GC(36)   Other: 0.3ms
[19.153s][info][gc,heap        ] GC(36) Eden regions: 361->0(361)
[19.153s][info][gc,heap        ] GC(36) Survivor regions: 1->1(46)
[19.153s][info][gc,heap        ] GC(36) Old regions: 169->169
[19.153s][info][gc,heap        ] GC(36) Archive regions: 0->0
[19.153s][info][gc,heap        ] GC(36) Humongous regions: 12->12
[19.153s][info][gc,metaspace   ] GC(36) Metaspace: 58641K(59520K)->58641K(59520K) NonClass: 51179K(51648K)->51179K(51648K) Class: 7461K(7872K)->7461K(7872K)
[19.153s][info][gc             ] GC(36) Pause Young (Normal) (G1 Evacuation Pause) 534M->173M(604M) 2.145ms
[19.153s][info][gc,cpu         ] GC(36) User=0.00s Sys=0.00s Real=0.00s
[19.242s][info][gc,start       ] GC(37) Pause Full (System.gc())
[19.242s][info][gc,task        ] GC(37) Using 14 workers of 33 for full compaction
[19.243s][info][gc,phases,start] GC(37) Phase 1: Mark live objects
[19.280s][info][gc,phases      ] GC(37) Phase 1: Mark live objects 37.845ms
[19.280s][info][gc,phases,start] GC(37) Phase 2: Prepare compaction
[19.285s][info][gc,phases      ] GC(37) Phase 2: Prepare compaction 4.920ms
[19.285s][info][gc,phases,start] GC(37) Phase 3: Adjust pointers
[19.292s][info][gc,phases      ] GC(37) Phase 3: Adjust pointers 6.917ms
[19.292s][info][gc,phases,start] GC(37) Phase 4: Compact heap
[19.293s][info][gc,phases      ] GC(37) Phase 4: Compact heap 0.399ms
[19.297s][info][gc,heap        ] GC(37) Eden regions: 127->0(362)
[19.297s][info][gc,heap        ] GC(37) Survivor regions: 1->0(46)
[19.297s][info][gc,heap        ] GC(37) Old regions: 169->169
[19.297s][info][gc,heap        ] GC(37) Archive regions: 0->0
[19.297s][info][gc,heap        ] GC(37) Humongous regions: 17->12
[19.297s][info][gc,metaspace   ] GC(37) Metaspace: 58672K(59584K)->58672K(59584K) NonClass: 51210K(51712K)->51210K(51712K) Class: 7462K(7872K)->7462K(7872K)
[19.297s][info][gc             ] GC(37) Pause Full (System.gc()) 305M->173M(604M) 55.736ms
[19.297s][info][gc,cpu         ] GC(37) User=0.66s Sys=0.00s Real=0.05s
[19.481s][info][gc,start       ] GC(38) Pause Young (Normal) (G1 Evacuation Pause)
[19.481s][info][gc,task        ] GC(38) Using 14 workers of 33 for evacuation
[19.485s][info][gc,phases      ] GC(38)   Pre Evacuate Collection Set: 0.2ms
[19.485s][info][gc,phases      ] GC(38)   Merge Heap Roots: 0.2ms
[19.485s][info][gc,phases      ] GC(38)   Evacuate Collection Set: 0.4ms
[19.485s][info][gc,phases      ] GC(38)   Post Evacuate Collection Set: 2.8ms
[19.485s][info][gc,phases      ] GC(38)   Other: 0.2ms
[19.485s][info][gc,heap        ] GC(38) Eden regions: 362->0(460)
[19.485s][info][gc,heap        ] GC(38) Survivor regions: 0->1(46)
[19.485s][info][gc,heap        ] GC(38) Old regions: 169->169
[19.485s][info][gc,heap        ] GC(38) Archive regions: 0->0
[19.485s][info][gc,heap        ] GC(38) Humongous regions: 22->12
[19.485s][info][gc,metaspace   ] GC(38) Metaspace: 58717K(59584K)->58717K(59584K) NonClass: 51255K(51712K)->51255K(51712K) Class: 7462K(7872K)->7462K(7872K)
[19.485s][info][gc             ] GC(38) Pause Young (Normal) (G1 Evacuation Pause) 545M->173M(769M) 4.345ms
[19.485s][info][gc,cpu         ] GC(38) User=0.00s Sys=0.00s Real=0.00s
[19.688s][info][gc,start       ] GC(39) Pause Young (Normal) (G1 Evacuation Pause)
[19.689s][info][gc,task        ] GC(39) Using 18 workers of 33 for evacuation
[19.690s][info][gc,phases      ] GC(39)   Pre Evacuate Collection Set: 0.2ms
[19.690s][info][gc,phases      ] GC(39)   Merge Heap Roots: 0.2ms
[19.690s][info][gc,phases      ] GC(39)   Evacuate Collection Set: 0.5ms
[19.690s][info][gc,phases      ] GC(39)   Post Evacuate Collection Set: 0.8ms
[19.691s][info][gc,phases      ] GC(39)   Other: 0.2ms
[19.691s][info][gc,heap        ] GC(39) Eden regions: 460->0(460)
[19.691s][info][gc,heap        ] GC(39) Survivor regions: 1->1(58)
[19.691s][info][gc,heap        ] GC(39) Old regions: 169->169
[19.691s][info][gc,heap        ] GC(39) Archive regions: 0->0
[19.691s][info][gc,heap        ] GC(39) Humongous regions: 12->12
[19.691s][info][gc,metaspace   ] GC(39) Metaspace: 58724K(59584K)->58724K(59584K) NonClass: 51261K(51712K)->51261K(51712K) Class: 7462K(7872K)->7462K(7872K)
[19.691s][info][gc             ] GC(39) Pause Young (Normal) (G1 Evacuation Pause) 633M->173M(769M) 2.312ms
[19.691s][info][gc,cpu         ] GC(39) User=0.02s Sys=0.00s Real=0.01s
[19.851s][info][gc,start       ] GC(40) Pause Young (Normal) (G1 Evacuation Pause)
[19.851s][info][gc,task        ] GC(40) Using 18 workers of 33 for evacuation
[19.853s][info][gc,phases      ] GC(40)   Pre Evacuate Collection Set: 0.2ms
[19.853s][info][gc,phases      ] GC(40)   Merge Heap Roots: 0.2ms
[19.853s][info][gc,phases      ] GC(40)   Evacuate Collection Set: 0.4ms
[19.853s][info][gc,phases      ] GC(40)   Post Evacuate Collection Set: 0.7ms
[19.853s][info][gc,phases      ] GC(40)   Other: 0.2ms
[19.853s][info][gc,heap        ] GC(40) Eden regions: 460->0(460)
[19.853s][info][gc,heap        ] GC(40) Survivor regions: 1->1(58)
[19.853s][info][gc,heap        ] GC(40) Old regions: 169->169
[19.853s][info][gc,heap        ] GC(40) Archive regions: 0->0
[19.853s][info][gc,heap        ] GC(40) Humongous regions: 12->12
[19.853s][info][gc,metaspace   ] GC(40) Metaspace: 58724K(59584K)->58724K(59584K) NonClass: 51261K(51712K)->51261K(51712K) Class: 7462K(7872K)->7462K(7872K)
[19.853s][info][gc             ] GC(40) Pause Young (Normal) (G1 Evacuation Pause) 633M->173M(769M) 2.129ms
[19.853s][info][gc,cpu         ] GC(40) User=0.00s Sys=0.00s Real=0.00s
[20.008s][info][gc,start       ] GC(41) Pause Young (Normal) (G1 Evacuation Pause)
[20.008s][info][gc,task        ] GC(41) Using 18 workers of 33 for evacuation
[20.010s][info][gc,phases      ] GC(41)   Pre Evacuate Collection Set: 0.2ms
[20.010s][info][gc,phases      ] GC(41)   Merge Heap Roots: 0.2ms
[20.010s][info][gc,phases      ] GC(41)   Evacuate Collection Set: 0.5ms
[20.010s][info][gc,phases      ] GC(41)   Post Evacuate Collection Set: 0.8ms
[20.010s][info][gc,phases      ] GC(41)   Other: 0.2ms
[20.010s][info][gc,heap        ] GC(41) Eden regions: 460->0(460)
[20.010s][info][gc,heap        ] GC(41) Survivor regions: 1->1(58)
[20.010s][info][gc,heap        ] GC(41) Old regions: 169->169
[20.010s][info][gc,heap        ] GC(41) Archive regions: 0->0
[20.010s][info][gc,heap        ] GC(41) Humongous regions: 12->12
[20.010s][info][gc,metaspace   ] GC(41) Metaspace: 58724K(59584K)->58724K(59584K) NonClass: 51261K(51712K)->51261K(51712K) Class: 7462K(7872K)->7462K(7872K)
[20.010s][info][gc             ] GC(41) Pause Young (Normal) (G1 Evacuation Pause) 633M->173M(769M) 2.141ms
[20.010s][info][gc,cpu         ] GC(41) User=0.00s Sys=0.00s Real=0.00s
[20.109s][info][gc,start       ] GC(42) Pause Full (System.gc())
[20.109s][info][gc,task        ] GC(42) Using 18 workers of 33 for full compaction
[20.110s][info][gc,phases,start] GC(42) Phase 1: Mark live objects
[20.149s][info][gc,phases      ] GC(42) Phase 1: Mark live objects 39.504ms
[20.149s][info][gc,phases,start] GC(42) Phase 2: Prepare compaction
[20.155s][info][gc,phases      ] GC(42) Phase 2: Prepare compaction 5.196ms
[20.155s][info][gc,phases,start] GC(42) Phase 3: Adjust pointers
[20.162s][info][gc,phases      ] GC(42) Phase 3: Adjust pointers 6.940ms
[20.162s][info][gc,phases,start] GC(42) Phase 4: Compact heap
[20.162s][info][gc,phases      ] GC(42) Phase 4: Compact heap 0.394ms
[20.167s][info][gc,heap        ] GC(42) Eden regions: 191->0(368)
[20.167s][info][gc,heap        ] GC(42) Survivor regions: 1->0(58)
[20.167s][info][gc,heap        ] GC(42) Old regions: 169->172
[20.167s][info][gc,heap        ] GC(42) Archive regions: 0->0
[20.167s][info][gc,heap        ] GC(42) Humongous regions: 17->12
[20.167s][info][gc,metaspace   ] GC(42) Metaspace: 58757K(59648K)->58757K(59648K) NonClass: 51295K(51776K)->51295K(51776K) Class: 7462K(7872K)->7462K(7872K)
[20.167s][info][gc             ] GC(42) Pause Full (System.gc()) 369M->173M(614M) 58.293ms
[20.167s][info][gc,cpu         ] GC(42) User=0.84s Sys=0.00s Real=0.05s
[20.353s][info][gc,start       ] GC(43) Pause Young (Normal) (G1 Evacuation Pause)
[20.353s][info][gc,task        ] GC(43) Using 16 workers of 33 for evacuation
[20.354s][info][gc,phases      ] GC(43)   Pre Evacuate Collection Set: 0.2ms
[20.354s][info][gc,phases      ] GC(43)   Merge Heap Roots: 0.2ms
[20.355s][info][gc,phases      ] GC(43)   Evacuate Collection Set: 0.4ms
[20.355s][info][gc,phases      ] GC(43)   Post Evacuate Collection Set: 0.7ms
[20.355s][info][gc,phases      ] GC(43)   Other: 0.2ms
[20.355s][info][gc,heap        ] GC(43) Eden regions: 368->0(367)
[20.355s][info][gc,heap        ] GC(43) Survivor regions: 0->1(46)
[20.355s][info][gc,heap        ] GC(43) Old regions: 172->172
[20.355s][info][gc,heap        ] GC(43) Archive regions: 0->0
[20.355s][info][gc,heap        ] GC(43) Humongous regions: 22->12
[20.355s][info][gc,metaspace   ] GC(43) Metaspace: 58796K(59712K)->58796K(59712K) NonClass: 51333K(51840K)->51333K(51840K) Class: 7462K(7872K)->7462K(7872K)
[20.355s][info][gc             ] GC(43) Pause Young (Normal) (G1 Evacuation Pause) 551M->173M(614M) 2.200ms
[20.355s][info][gc,cpu         ] GC(43) User=0.00s Sys=0.00s Real=0.00s
[20.477s][info][gc,start       ] GC(44) Pause Young (Normal) (G1 Evacuation Pause)
[20.478s][info][gc,task        ] GC(44) Using 15 workers of 33 for evacuation
[20.479s][info][gc,phases      ] GC(44)   Pre Evacuate Collection Set: 0.2ms
[20.479s][info][gc,phases      ] GC(44)   Merge Heap Roots: 0.1ms
[20.479s][info][gc,phases      ] GC(44)   Evacuate Collection Set: 0.4ms
[20.479s][info][gc,phases      ] GC(44)   Post Evacuate Collection Set: 0.7ms
[20.479s][info][gc,phases      ] GC(44)   Other: 0.2ms
[20.479s][info][gc,heap        ] GC(44) Eden regions: 367->0(367)
[20.479s][info][gc,heap        ] GC(44) Survivor regions: 1->1(46)
[20.479s][info][gc,heap        ] GC(44) Old regions: 172->172
[20.479s][info][gc,heap        ] GC(44) Archive regions: 0->0
[20.479s][info][gc,heap        ] GC(44) Humongous regions: 12->12
[20.479s][info][gc,metaspace   ] GC(44) Metaspace: 58812K(59712K)->58812K(59712K) NonClass: 51350K(51840K)->51350K(51840K) Class: 7462K(7872K)->7462K(7872K)
[20.480s][info][gc             ] GC(44) Pause Young (Normal) (G1 Evacuation Pause) 540M->173M(614M) 2.126ms
[20.480s][info][gc,cpu         ] GC(44) User=0.00s Sys=0.00s Real=0.00s
[20.607s][info][gc,start       ] GC(45) Pause Young (Normal) (G1 Evacuation Pause)
[20.607s][info][gc,task        ] GC(45) Using 14 workers of 33 for evacuation
[20.609s][info][gc,phases      ] GC(45)   Pre Evacuate Collection Set: 0.2ms
[20.609s][info][gc,phases      ] GC(45)   Merge Heap Roots: 0.1ms
[20.609s][info][gc,phases      ] GC(45)   Evacuate Collection Set: 0.4ms
[20.609s][info][gc,phases      ] GC(45)   Post Evacuate Collection Set: 0.7ms
[20.609s][info][gc,phases      ] GC(45)   Other: 0.2ms
[20.609s][info][gc,heap        ] GC(45) Eden regions: 367->0(367)
[20.609s][info][gc,heap        ] GC(45) Survivor regions: 1->1(46)
[20.609s][info][gc,heap        ] GC(45) Old regions: 172->172
[20.609s][info][gc,heap        ] GC(45) Archive regions: 0->0
[20.609s][info][gc,heap        ] GC(45) Humongous regions: 12->12
[20.609s][info][gc,metaspace   ] GC(45) Metaspace: 58812K(59712K)->58812K(59712K) NonClass: 51350K(51840K)->51350K(51840K) Class: 7462K(7872K)->7462K(7872K)
[20.609s][info][gc             ] GC(45) Pause Young (Normal) (G1 Evacuation Pause) 540M->173M(614M) 2.000ms
[20.609s][info][gc,cpu         ] GC(45) User=0.00s Sys=0.00s Real=0.00s
[20.744s][info][gc,start       ] GC(46) Pause Young (Normal) (G1 Evacuation Pause)
[20.744s][info][gc,task        ] GC(46) Using 14 workers of 33 for evacuation
[20.746s][info][gc,phases      ] GC(46)   Pre Evacuate Collection Set: 0.2ms
[20.746s][info][gc,phases      ] GC(46)   Merge Heap Roots: 0.2ms
[20.746s][info][gc,phases      ] GC(46)   Evacuate Collection Set: 0.4ms
[20.746s][info][gc,phases      ] GC(46)   Post Evacuate Collection Set: 0.6ms
[20.746s][info][gc,phases      ] GC(46)   Other: 0.1ms
[20.746s][info][gc,heap        ] GC(46) Eden regions: 367->0(367)
[20.746s][info][gc,heap        ] GC(46) Survivor regions: 1->1(46)
[20.746s][info][gc,heap        ] GC(46) Old regions: 172->172
[20.746s][info][gc,heap        ] GC(46) Archive regions: 0->0
[20.746s][info][gc,heap        ] GC(46) Humongous regions: 12->12
[20.746s][info][gc,metaspace   ] GC(46) Metaspace: 58812K(59712K)->58812K(59712K) NonClass: 51350K(51840K)->51350K(51840K) Class: 7462K(7872K)->7462K(7872K)
[20.746s][info][gc             ] GC(46) Pause Young (Normal) (G1 Evacuation Pause) 540M->173M(614M) 1.973ms
[20.746s][info][gc,cpu         ] GC(46) User=0.00s Sys=0.00s Real=0.00s
[20.869s][info][gc,start       ] GC(47) Pause Young (Normal) (G1 Evacuation Pause)
[20.869s][info][gc,task        ] GC(47) Using 14 workers of 33 for evacuation
[20.870s][info][gc,phases      ] GC(47)   Pre Evacuate Collection Set: 0.1ms
[20.870s][info][gc,phases      ] GC(47)   Merge Heap Roots: 0.1ms
[20.870s][info][gc,phases      ] GC(47)   Evacuate Collection Set: 0.4ms
[20.870s][info][gc,phases      ] GC(47)   Post Evacuate Collection Set: 0.7ms
[20.870s][info][gc,phases      ] GC(47)   Other: 0.1ms
[20.870s][info][gc,heap        ] GC(47) Eden regions: 367->0(367)
[20.870s][info][gc,heap        ] GC(47) Survivor regions: 1->1(46)
[20.870s][info][gc,heap        ] GC(47) Old regions: 172->172
[20.870s][info][gc,heap        ] GC(47) Archive regions: 0->0
[20.870s][info][gc,heap        ] GC(47) Humongous regions: 12->12
[20.871s][info][gc,metaspace   ] GC(47) Metaspace: 58812K(59712K)->58812K(59712K) NonClass: 51350K(51840K)->51350K(51840K) Class: 7462K(7872K)->7462K(7872K)
[20.871s][info][gc             ] GC(47) Pause Young (Normal) (G1 Evacuation Pause) 540M->173M(614M) 1.943ms
[20.871s][info][gc,cpu         ] GC(47) User=0.00s Sys=0.00s Real=0.00s
[21.054s][info][gc,start       ] GC(48) Pause Full (System.gc())
[21.055s][info][gc,task        ] GC(48) Using 14 workers of 33 for full compaction
[21.055s][info][gc,phases,start] GC(48) Phase 1: Mark live objects
[21.097s][info][gc,phases      ] GC(48) Phase 1: Mark live objects 42.015ms
[21.097s][info][gc,phases,start] GC(48) Phase 2: Prepare compaction
[21.102s][info][gc,phases      ] GC(48) Phase 2: Prepare compaction 5.157ms
[21.102s][info][gc,phases,start] GC(48) Phase 3: Adjust pointers
[21.109s][info][gc,phases      ] GC(48) Phase 3: Adjust pointers 6.959ms
[21.110s][info][gc,phases,start] GC(48) Phase 4: Compact heap
[21.110s][info][gc,phases      ] GC(48) Phase 4: Compact heap 0.420ms
[21.116s][info][gc,heap        ] GC(48) Eden regions: 96->0(362)
[21.116s][info][gc,heap        ] GC(48) Survivor regions: 1->0(46)
[21.116s][info][gc,heap        ] GC(48) Old regions: 172->169
[21.116s][info][gc,heap        ] GC(48) Archive regions: 0->0
[21.116s][info][gc,heap        ] GC(48) Humongous regions: 17->12
[21.116s][info][gc,metaspace   ] GC(48) Metaspace: 58832K(59712K)->58832K(59712K) NonClass: 51369K(51840K)->51369K(51840K) Class: 7463K(7872K)->7463K(7872K)
[21.116s][info][gc             ] GC(48) Pause Full (System.gc()) 274M->173M(604M) 61.578ms
[21.116s][info][gc,cpu         ] GC(48) User=0.70s Sys=0.00s Real=0.06s
[21.304s][info][gc,start       ] GC(49) Pause Young (Normal) (G1 Evacuation Pause)
[21.304s][info][gc,task        ] GC(49) Using 14 workers of 33 for evacuation
[21.305s][info][gc,phases      ] GC(49)   Pre Evacuate Collection Set: 0.2ms
[21.306s][info][gc,phases      ] GC(49)   Merge Heap Roots: 0.2ms
[21.306s][info][gc,phases      ] GC(49)   Evacuate Collection Set: 0.5ms
[21.306s][info][gc,phases      ] GC(49)   Post Evacuate Collection Set: 0.7ms
[21.306s][info][gc,phases      ] GC(49)   Other: 0.2ms
[21.306s][info][gc,heap        ] GC(49) Eden regions: 362->0(361)
[21.306s][info][gc,heap        ] GC(49) Survivor regions: 0->1(46)
[21.306s][info][gc,heap        ] GC(49) Old regions: 169->169
[21.306s][info][gc,heap        ] GC(49) Archive regions: 0->0
[21.306s][info][gc,heap        ] GC(49) Humongous regions: 22->12
[21.306s][info][gc,metaspace   ] GC(49) Metaspace: 58887K(59776K)->58887K(59776K) NonClass: 51421K(51904K)->51421K(51904K) Class: 7466K(7872K)->7466K(7872K)
[21.306s][info][gc             ] GC(49) Pause Young (Normal) (G1 Evacuation Pause) 545M->173M(604M) 2.182ms
[21.306s][info][gc,cpu         ] GC(49) User=0.00s Sys=0.00s Real=0.00s
[21.428s][info][gc,start       ] GC(50) Pause Young (Normal) (G1 Evacuation Pause)
[21.428s][info][gc,task        ] GC(50) Using 14 workers of 33 for evacuation
[21.430s][info][gc,phases      ] GC(50)   Pre Evacuate Collection Set: 0.2ms
[21.430s][info][gc,phases      ] GC(50)   Merge Heap Roots: 0.1ms
[21.430s][info][gc,phases      ] GC(50)   Evacuate Collection Set: 0.4ms
[21.430s][info][gc,phases      ] GC(50)   Post Evacuate Collection Set: 0.7ms
[21.430s][info][gc,phases      ] GC(50)   Other: 0.2ms
[21.430s][info][gc,heap        ] GC(50) Eden regions: 361->0(361)
[21.430s][info][gc,heap        ] GC(50) Survivor regions: 1->1(46)
[21.430s][info][gc,heap        ] GC(50) Old regions: 169->169
[21.430s][info][gc,heap        ] GC(50) Archive regions: 0->0
[21.430s][info][gc,heap        ] GC(50) Humongous regions: 12->12
[21.430s][info][gc,metaspace   ] GC(50) Metaspace: 58887K(59776K)->58887K(59776K) NonClass: 51421K(51904K)->51421K(51904K) Class: 7466K(7872K)->7466K(7872K)
[21.430s][info][gc             ] GC(50) Pause Young (Normal) (G1 Evacuation Pause) 534M->173M(604M) 2.111ms
[21.430s][info][gc,cpu         ] GC(50) User=0.02s Sys=0.00s Real=0.02s
[21.544s][info][gc,start       ] GC(51) Pause Young (Normal) (G1 Evacuation Pause)
[21.545s][info][gc,task        ] GC(51) Using 14 workers of 33 for evacuation
[21.546s][info][gc,phases      ] GC(51)   Pre Evacuate Collection Set: 0.2ms
[21.546s][info][gc,phases      ] GC(51)   Merge Heap Roots: 0.2ms
[21.546s][info][gc,phases      ] GC(51)   Evacuate Collection Set: 0.4ms
[21.546s][info][gc,phases      ] GC(51)   Post Evacuate Collection Set: 0.7ms
[21.546s][info][gc,phases      ] GC(51)   Other: 0.2ms
[21.546s][info][gc,heap        ] GC(51) Eden regions: 361->0(361)
[21.546s][info][gc,heap        ] GC(51) Survivor regions: 1->1(46)
[21.546s][info][gc,heap        ] GC(51) Old regions: 169->169
[21.546s][info][gc,heap        ] GC(51) Archive regions: 0->0
[21.546s][info][gc,heap        ] GC(51) Humongous regions: 12->12
[21.546s][info][gc,metaspace   ] GC(51) Metaspace: 58887K(59776K)->58887K(59776K) NonClass: 51421K(51904K)->51421K(51904K) Class: 7466K(7872K)->7466K(7872K)
[21.546s][info][gc             ] GC(51) Pause Young (Normal) (G1 Evacuation Pause) 534M->173M(604M) 1.996ms
[21.546s][info][gc,cpu         ] GC(51) User=0.00s Sys=0.00s Real=0.00s
[21.661s][info][gc,start       ] GC(52) Pause Young (Normal) (G1 Evacuation Pause)
[21.661s][info][gc,task        ] GC(52) Using 14 workers of 33 for evacuation
[21.663s][info][gc,phases      ] GC(52)   Pre Evacuate Collection Set: 0.2ms
[21.663s][info][gc,phases      ] GC(52)   Merge Heap Roots: 0.1ms
[21.663s][info][gc,phases      ] GC(52)   Evacuate Collection Set: 0.4ms
[21.663s][info][gc,phases      ] GC(52)   Post Evacuate Collection Set: 0.7ms
[21.663s][info][gc,phases      ] GC(52)   Other: 0.1ms
[21.663s][info][gc,heap        ] GC(52) Eden regions: 361->0(361)
[21.663s][info][gc,heap        ] GC(52) Survivor regions: 1->1(46)
[21.663s][info][gc,heap        ] GC(52) Old regions: 169->169
[21.663s][info][gc,heap        ] GC(52) Archive regions: 0->0
[21.663s][info][gc,heap        ] GC(52) Humongous regions: 12->12
[21.663s][info][gc,metaspace   ] GC(52) Metaspace: 58887K(59776K)->58887K(59776K) NonClass: 51421K(51904K)->51421K(51904K) Class: 7466K(7872K)->7466K(7872K)
[21.663s][info][gc             ] GC(52) Pause Young (Normal) (G1 Evacuation Pause) 534M->173M(604M) 2.010ms
[21.663s][info][gc,cpu         ] GC(52) User=0.02s Sys=0.00s Real=0.01s
[21.786s][info][gc,start       ] GC(53) Pause Young (Normal) (G1 Evacuation Pause)
[21.786s][info][gc,task        ] GC(53) Using 14 workers of 33 for evacuation
[21.788s][info][gc,phases      ] GC(53)   Pre Evacuate Collection Set: 0.2ms
[21.788s][info][gc,phases      ] GC(53)   Merge Heap Roots: 0.2ms
[21.788s][info][gc,phases      ] GC(53)   Evacuate Collection Set: 0.4ms
[21.788s][info][gc,phases      ] GC(53)   Post Evacuate Collection Set: 0.7ms
[21.788s][info][gc,phases      ] GC(53)   Other: 0.2ms
[21.788s][info][gc,heap        ] GC(53) Eden regions: 361->0(361)
[21.788s][info][gc,heap        ] GC(53) Survivor regions: 1->1(46)
[21.788s][info][gc,heap        ] GC(53) Old regions: 169->169
[21.788s][info][gc,heap        ] GC(53) Archive regions: 0->0
[21.788s][info][gc,heap        ] GC(53) Humongous regions: 12->12
[21.788s][info][gc,metaspace   ] GC(53) Metaspace: 58887K(59776K)->58887K(59776K) NonClass: 51421K(51904K)->51421K(51904K) Class: 7466K(7872K)->7466K(7872K)
[21.788s][info][gc             ] GC(53) Pause Young (Normal) (G1 Evacuation Pause) 534M->173M(604M) 2.043ms
[21.788s][info][gc,cpu         ] GC(53) User=0.00s Sys=0.00s Real=0.00s
[21.870s][info][gc,start       ] GC(54) Pause Full (System.gc())
[21.870s][info][gc,task        ] GC(54) Using 14 workers of 33 for full compaction
[21.871s][info][gc,phases,start] GC(54) Phase 1: Mark live objects
[21.909s][info][gc,phases      ] GC(54) Phase 1: Mark live objects 37.896ms
[21.909s][info][gc,phases,start] GC(54) Phase 2: Prepare compaction
[21.914s][info][gc,phases      ] GC(54) Phase 2: Prepare compaction 4.936ms
[21.914s][info][gc,phases,start] GC(54) Phase 3: Adjust pointers
[21.920s][info][gc,phases      ] GC(54) Phase 3: Adjust pointers 6.575ms
[21.920s][info][gc,phases,start] GC(54) Phase 4: Compact heap
[21.921s][info][gc,phases      ] GC(54) Phase 4: Compact heap 0.410ms
[21.926s][info][gc,heap        ] GC(54) Eden regions: 126->0(362)
[21.926s][info][gc,heap        ] GC(54) Survivor regions: 1->0(46)
[21.926s][info][gc,heap        ] GC(54) Old regions: 169->169
[21.926s][info][gc,heap        ] GC(54) Archive regions: 0->0
[21.926s][info][gc,heap        ] GC(54) Humongous regions: 17->12
[21.926s][info][gc,metaspace   ] GC(54) Metaspace: 58910K(59776K)->58910K(59776K) NonClass: 51444K(51904K)->51444K(51904K) Class: 7466K(7872K)->7466K(7872K)
[21.926s][info][gc             ] GC(54) Pause Full (System.gc()) 304M->173M(604M) 55.848ms
[21.926s][info][gc,cpu         ] GC(54) User=0.66s Sys=0.00s Real=0.05s
[22.108s][info][gc,start       ] GC(55) Pause Young (Normal) (G1 Evacuation Pause)
[22.108s][info][gc,task        ] GC(55) Using 14 workers of 33 for evacuation
[22.112s][info][gc,phases      ] GC(55)   Pre Evacuate Collection Set: 0.2ms
[22.112s][info][gc,phases      ] GC(55)   Merge Heap Roots: 0.1ms
[22.112s][info][gc,phases      ] GC(55)   Evacuate Collection Set: 0.5ms
[22.112s][info][gc,phases      ] GC(55)   Post Evacuate Collection Set: 2.8ms
[22.112s][info][gc,phases      ] GC(55)   Other: 0.2ms
[22.112s][info][gc,heap        ] GC(55) Eden regions: 362->0(456)
[22.112s][info][gc,heap        ] GC(55) Survivor regions: 0->1(46)
[22.112s][info][gc,heap        ] GC(55) Old regions: 169->169
[22.112s][info][gc,heap        ] GC(55) Archive regions: 0->0
[22.112s][info][gc,heap        ] GC(55) Humongous regions: 22->12
[22.112s][info][gc,metaspace   ] GC(55) Metaspace: 58946K(59840K)->58946K(59840K) NonClass: 51480K(51968K)->51480K(51968K) Class: 7466K(7872K)->7466K(7872K)
[22.112s][info][gc             ] GC(55) Pause Young (Normal) (G1 Evacuation Pause) 545M->173M(762M) 4.288ms
[22.112s][info][gc,cpu         ] GC(55) User=0.00s Sys=0.00s Real=0.00s
[22.302s][info][gc,start       ] GC(56) Pause Young (Normal) (G1 Evacuation Pause)
[22.302s][info][gc,task        ] GC(56) Using 18 workers of 33 for evacuation
[22.304s][info][gc,phases      ] GC(56)   Pre Evacuate Collection Set: 0.2ms
[22.304s][info][gc,phases      ] GC(56)   Merge Heap Roots: 0.2ms
[22.304s][info][gc,phases      ] GC(56)   Evacuate Collection Set: 0.5ms
[22.304s][info][gc,phases      ] GC(56)   Post Evacuate Collection Set: 0.8ms
[22.304s][info][gc,phases      ] GC(56)   Other: 0.2ms
[22.304s][info][gc,heap        ] GC(56) Eden regions: 456->0(456)
[22.304s][info][gc,heap        ] GC(56) Survivor regions: 1->1(58)
[22.304s][info][gc,heap        ] GC(56) Old regions: 169->169
[22.304s][info][gc,heap        ] GC(56) Archive regions: 0->0
[22.304s][info][gc,heap        ] GC(56) Humongous regions: 12->12
[22.304s][info][gc,metaspace   ] GC(56) Metaspace: 58952K(59840K)->58952K(59840K) NonClass: 51486K(51968K)->51486K(51968K) Class: 7466K(7872K)->7466K(7872K)
[22.304s][info][gc             ] GC(56) Pause Young (Normal) (G1 Evacuation Pause) 629M->173M(762M) 2.339ms
[22.304s][info][gc,cpu         ] GC(56) User=0.00s Sys=0.02s Real=0.01s
[22.450s][info][gc,start       ] GC(57) Pause Young (Normal) (G1 Evacuation Pause)
[22.450s][info][gc,task        ] GC(57) Using 18 workers of 33 for evacuation
[22.452s][info][gc,phases      ] GC(57)   Pre Evacuate Collection Set: 0.2ms
[22.452s][info][gc,phases      ] GC(57)   Merge Heap Roots: 0.2ms
[22.452s][info][gc,phases      ] GC(57)   Evacuate Collection Set: 0.7ms
[22.452s][info][gc,phases      ] GC(57)   Post Evacuate Collection Set: 0.7ms
[22.452s][info][gc,phases      ] GC(57)   Other: 0.2ms
[22.452s][info][gc,heap        ] GC(57) Eden regions: 456->0(456)
[22.452s][info][gc,heap        ] GC(57) Survivor regions: 1->1(58)
[22.452s][info][gc,heap        ] GC(57) Old regions: 169->169
[22.452s][info][gc,heap        ] GC(57) Archive regions: 0->0
[22.452s][info][gc,heap        ] GC(57) Humongous regions: 12->12
[22.452s][info][gc,metaspace   ] GC(57) Metaspace: 59226K(60096K)->59226K(60096K) NonClass: 51729K(52224K)->51729K(52224K) Class: 7496K(7872K)->7496K(7872K)
[22.452s][info][gc             ] GC(57) Pause Young (Normal) (G1 Evacuation Pause) 629M->173M(762M) 2.455ms
[22.452s][info][gc,cpu         ] GC(57) User=0.00s Sys=0.00s Real=0.00s
[22.610s][info][gc,start       ] GC(58) Pause Young (Normal) (G1 Evacuation Pause)
[22.610s][info][gc,task        ] GC(58) Using 18 workers of 33 for evacuation
[22.612s][info][gc,phases      ] GC(58)   Pre Evacuate Collection Set: 0.2ms
[22.612s][info][gc,phases      ] GC(58)   Merge Heap Roots: 0.2ms
[22.612s][info][gc,phases      ] GC(58)   Evacuate Collection Set: 0.6ms
[22.612s][info][gc,phases      ] GC(58)   Post Evacuate Collection Set: 0.9ms
[22.612s][info][gc,phases      ] GC(58)   Other: 0.2ms
[22.612s][info][gc,heap        ] GC(58) Eden regions: 456->0(456)
[22.612s][info][gc,heap        ] GC(58) Survivor regions: 1->1(58)
[22.612s][info][gc,heap        ] GC(58) Old regions: 169->169
[22.612s][info][gc,heap        ] GC(58) Archive regions: 0->0
[22.612s][info][gc,heap        ] GC(58) Humongous regions: 12->12
[22.612s][info][gc,metaspace   ] GC(58) Metaspace: 59429K(60288K)->59429K(60288K) NonClass: 51880K(52352K)->51880K(52352K) Class: 7549K(7936K)->7549K(7936K)
[22.613s][info][gc             ] GC(58) Pause Young (Normal) (G1 Evacuation Pause) 629M->174M(762M) 2.620ms
[22.613s][info][gc,cpu         ] GC(58) User=0.00s Sys=0.00s Real=0.00s
[22.734s][info][gc,start       ] GC(59) Pause Full (System.gc())
[22.735s][info][gc,task        ] GC(59) Using 18 workers of 33 for full compaction
[22.735s][info][gc,phases,start] GC(59) Phase 1: Mark live objects
[22.770s][info][gc,phases      ] GC(59) Phase 1: Mark live objects 34.963ms
[22.770s][info][gc,phases,start] GC(59) Phase 2: Prepare compaction
[22.775s][info][gc,phases      ] GC(59) Phase 2: Prepare compaction 4.994ms
[22.775s][info][gc,phases,start] GC(59) Phase 3: Adjust pointers
[22.782s][info][gc,phases      ] GC(59) Phase 3: Adjust pointers 6.915ms
[22.782s][info][gc,phases,start] GC(59) Phase 4: Compact heap
[22.783s][info][gc,phases      ] GC(59) Phase 4: Compact heap 0.427ms
[22.788s][info][gc,heap        ] GC(59) Eden regions: 205->0(370)
[22.789s][info][gc,heap        ] GC(59) Survivor regions: 1->0(58)
[22.789s][info][gc,heap        ] GC(59) Old regions: 169->173
[22.789s][info][gc,heap        ] GC(59) Archive regions: 0->0
[22.789s][info][gc,heap        ] GC(59) Humongous regions: 17->12
[22.789s][info][gc,metaspace   ] GC(59) Metaspace: 59451K(60288K)->59451K(60288K) NonClass: 51902K(52352K)->51902K(52352K) Class: 7549K(7936K)->7549K(7936K)
[22.789s][info][gc             ] GC(59) Pause Full (System.gc()) 383M->173M(617M) 54.171ms
[22.789s][info][gc,cpu         ] GC(59) User=0.84s Sys=0.00s Real=0.05s
[22.968s][info][gc,start       ] GC(60) Pause Young (Normal) (G1 Evacuation Pause)
[22.968s][info][gc,task        ] GC(60) Using 16 workers of 33 for evacuation
[22.970s][info][gc,phases      ] GC(60)   Pre Evacuate Collection Set: 0.2ms
[22.970s][info][gc,phases      ] GC(60)   Merge Heap Roots: 0.2ms
[22.970s][info][gc,phases      ] GC(60)   Evacuate Collection Set: 0.5ms
[22.970s][info][gc,phases      ] GC(60)   Post Evacuate Collection Set: 0.8ms
[22.970s][info][gc,phases      ] GC(60)   Other: 0.2ms
[22.970s][info][gc,heap        ] GC(60) Eden regions: 370->0(369)
[22.970s][info][gc,heap        ] GC(60) Survivor regions: 0->1(47)
[22.970s][info][gc,heap        ] GC(60) Old regions: 173->173
[22.970s][info][gc,heap        ] GC(60) Archive regions: 0->0
[22.970s][info][gc,heap        ] GC(60) Humongous regions: 22->12
[22.970s][info][gc,metaspace   ] GC(60) Metaspace: 59500K(60352K)->59500K(60352K) NonClass: 51949K(52416K)->51949K(52416K) Class: 7550K(7936K)->7550K(7936K)
[22.970s][info][gc             ] GC(60) Pause Young (Normal) (G1 Evacuation Pause) 553M->174M(617M) 2.347ms
[22.970s][info][gc,cpu         ] GC(60) User=0.00s Sys=0.00s Real=0.00s
[23.088s][info][gc,start       ] GC(61) Pause Young (Normal) (G1 Evacuation Pause)
[23.088s][info][gc,task        ] GC(61) Using 15 workers of 33 for evacuation
[23.089s][info][gc,phases      ] GC(61)   Pre Evacuate Collection Set: 0.2ms
[23.089s][info][gc,phases      ] GC(61)   Merge Heap Roots: 0.2ms
[23.089s][info][gc,phases      ] GC(61)   Evacuate Collection Set: 0.5ms
[23.089s][info][gc,phases      ] GC(61)   Post Evacuate Collection Set: 0.7ms
[23.089s][info][gc,phases      ] GC(61)   Other: 0.2ms
[23.089s][info][gc,heap        ] GC(61) Eden regions: 369->0(369)
[23.090s][info][gc,heap        ] GC(61) Survivor regions: 1->1(47)
[23.090s][info][gc,heap        ] GC(61) Old regions: 173->173
[23.090s][info][gc,heap        ] GC(61) Archive regions: 0->0
[23.090s][info][gc,heap        ] GC(61) Humongous regions: 12->12
[23.090s][info][gc,metaspace   ] GC(61) Metaspace: 59513K(60416K)->59513K(60416K) NonClass: 51962K(52480K)->51962K(52480K) Class: 7550K(7936K)->7550K(7936K)
[23.090s][info][gc             ] GC(61) Pause Young (Normal) (G1 Evacuation Pause) 543M->174M(617M) 2.196ms
[23.090s][info][gc,cpu         ] GC(61) User=0.00s Sys=0.02s Real=0.02s
[23.224s][info][gc,start       ] GC(62) Pause Young (Normal) (G1 Evacuation Pause)
[23.224s][info][gc,task        ] GC(62) Using 14 workers of 33 for evacuation
[23.225s][info][gc,phases      ] GC(62)   Pre Evacuate Collection Set: 0.2ms
[23.225s][info][gc,phases      ] GC(62)   Merge Heap Roots: 0.2ms
[23.225s][info][gc,phases      ] GC(62)   Evacuate Collection Set: 0.4ms
[23.225s][info][gc,phases      ] GC(62)   Post Evacuate Collection Set: 0.6ms
[23.225s][info][gc,phases      ] GC(62)   Other: 0.1ms
[23.225s][info][gc,heap        ] GC(62) Eden regions: 369->0(369)
[23.225s][info][gc,heap        ] GC(62) Survivor regions: 1->1(47)
[23.225s][info][gc,heap        ] GC(62) Old regions: 173->173
[23.225s][info][gc,heap        ] GC(62) Archive regions: 0->0
[23.225s][info][gc,heap        ] GC(62) Humongous regions: 12->12
[23.225s][info][gc,metaspace   ] GC(62) Metaspace: 59513K(60416K)->59513K(60416K) NonClass: 51962K(52480K)->51962K(52480K) Class: 7550K(7936K)->7550K(7936K)
[23.226s][info][gc             ] GC(62) Pause Young (Normal) (G1 Evacuation Pause) 543M->174M(617M) 1.988ms
[23.226s][info][gc,cpu         ] GC(62) User=0.00s Sys=0.00s Real=0.00s
[23.344s][info][gc,start       ] GC(63) Pause Young (Normal) (G1 Evacuation Pause)
[23.344s][info][gc,task        ] GC(63) Using 14 workers of 33 for evacuation
[23.346s][info][gc,phases      ] GC(63)   Pre Evacuate Collection Set: 0.2ms
[23.346s][info][gc,phases      ] GC(63)   Merge Heap Roots: 0.1ms
[23.346s][info][gc,phases      ] GC(63)   Evacuate Collection Set: 0.4ms
[23.346s][info][gc,phases      ] GC(63)   Post Evacuate Collection Set: 0.7ms
[23.346s][info][gc,phases      ] GC(63)   Other: 0.2ms
[23.346s][info][gc,heap        ] GC(63) Eden regions: 369->0(369)
[23.346s][info][gc,heap        ] GC(63) Survivor regions: 1->1(47)
[23.346s][info][gc,heap        ] GC(63) Old regions: 173->173
[23.346s][info][gc,heap        ] GC(63) Archive regions: 0->0
[23.346s][info][gc,heap        ] GC(63) Humongous regions: 12->12
[23.346s][info][gc,metaspace   ] GC(63) Metaspace: 59513K(60416K)->59513K(60416K) NonClass: 51962K(52480K)->51962K(52480K) Class: 7550K(7936K)->7550K(7936K)
[23.346s][info][gc             ] GC(63) Pause Young (Normal) (G1 Evacuation Pause) 543M->174M(617M) 2.073ms
[23.346s][info][gc,cpu         ] GC(63) User=0.00s Sys=0.00s Real=0.00s
[23.463s][info][gc,start       ] GC(64) Pause Young (Normal) (G1 Evacuation Pause)
[23.463s][info][gc,task        ] GC(64) Using 14 workers of 33 for evacuation
[23.465s][info][gc,phases      ] GC(64)   Pre Evacuate Collection Set: 0.2ms
[23.465s][info][gc,phases      ] GC(64)   Merge Heap Roots: 0.1ms
[23.465s][info][gc,phases      ] GC(64)   Evacuate Collection Set: 0.4ms
[23.465s][info][gc,phases      ] GC(64)   Post Evacuate Collection Set: 0.7ms
[23.465s][info][gc,phases      ] GC(64)   Other: 0.2ms
[23.465s][info][gc,heap        ] GC(64) Eden regions: 369->0(369)
[23.465s][info][gc,heap        ] GC(64) Survivor regions: 1->1(47)
[23.465s][info][gc,heap        ] GC(64) Old regions: 173->173
[23.465s][info][gc,heap        ] GC(64) Archive regions: 0->0
[23.465s][info][gc,heap        ] GC(64) Humongous regions: 12->12
[23.465s][info][gc,metaspace   ] GC(64) Metaspace: 59513K(60416K)->59513K(60416K) NonClass: 51962K(52480K)->51962K(52480K) Class: 7550K(7936K)->7550K(7936K)
[23.465s][info][gc             ] GC(64) Pause Young (Normal) (G1 Evacuation Pause) 543M->174M(617M) 2.035ms
[23.465s][info][gc,cpu         ] GC(64) User=0.05s Sys=0.05s Real=0.01s
[23.549s][info][gc,start       ] GC(65) Pause Full (System.gc())
[23.549s][info][gc,task        ] GC(65) Using 14 workers of 33 for full compaction
[23.549s][info][gc,phases,start] GC(65) Phase 1: Mark live objects
[23.588s][info][gc,phases      ] GC(65) Phase 1: Mark live objects 38.716ms
[23.588s][info][gc,phases,start] GC(65) Phase 2: Prepare compaction
[23.593s][info][gc,phases      ] GC(65) Phase 2: Prepare compaction 4.996ms
[23.593s][info][gc,phases,start] GC(65) Phase 3: Adjust pointers
[23.600s][info][gc,phases      ] GC(65) Phase 3: Adjust pointers 7.091ms
[23.600s][info][gc,phases,start] GC(65) Phase 4: Compact heap
[23.601s][info][gc,phases      ] GC(65) Phase 4: Compact heap 0.436ms
[23.606s][info][gc,heap        ] GC(65) Eden regions: 84->0(362)
[23.606s][info][gc,heap        ] GC(65) Survivor regions: 1->0(47)
[23.606s][info][gc,heap        ] GC(65) Old regions: 173->169
[23.606s][info][gc,heap        ] GC(65) Archive regions: 0->0
[23.606s][info][gc,heap        ] GC(65) Humongous regions: 17->12
[23.606s][info][gc,metaspace   ] GC(65) Metaspace: 59526K(60416K)->59526K(60416K) NonClass: 51976K(52480K)->51976K(52480K) Class: 7550K(7936K)->7550K(7936K)
[23.606s][info][gc             ] GC(65) Pause Full (System.gc()) 262M->173M(604M) 57.511ms
[23.606s][info][gc,cpu         ] GC(65) User=0.67s Sys=0.00s Real=0.05s
[23.791s][info][gc,start       ] GC(66) Pause Young (Normal) (G1 Evacuation Pause)
[23.791s][info][gc,task        ] GC(66) Using 14 workers of 33 for evacuation
[23.792s][info][gc,phases      ] GC(66)   Pre Evacuate Collection Set: 0.2ms
[23.792s][info][gc,phases      ] GC(66)   Merge Heap Roots: 0.2ms
[23.793s][info][gc,phases      ] GC(66)   Evacuate Collection Set: 0.5ms
[23.793s][info][gc,phases      ] GC(66)   Post Evacuate Collection Set: 0.7ms
[23.793s][info][gc,phases      ] GC(66)   Other: 0.2ms
[23.793s][info][gc,heap        ] GC(66) Eden regions: 362->0(361)
[23.793s][info][gc,heap        ] GC(66) Survivor regions: 0->1(46)
[23.793s][info][gc,heap        ] GC(66) Old regions: 169->169
[23.793s][info][gc,heap        ] GC(66) Archive regions: 0->0
[23.793s][info][gc,heap        ] GC(66) Humongous regions: 22->12
[23.793s][info][gc,metaspace   ] GC(66) Metaspace: 59556K(60480K)->59556K(60480K) NonClass: 52003K(52544K)->52003K(52544K) Class: 7552K(7936K)->7552K(7936K)
[23.793s][info][gc             ] GC(66) Pause Young (Normal) (G1 Evacuation Pause) 545M->174M(604M) 2.269ms
[23.793s][info][gc,cpu         ] GC(66) User=0.00s Sys=0.00s Real=0.00s
[23.907s][info][gc,start       ] GC(67) Pause Young (Normal) (G1 Evacuation Pause)
[23.908s][info][gc,task        ] GC(67) Using 14 workers of 33 for evacuation
[23.909s][info][gc,phases      ] GC(67)   Pre Evacuate Collection Set: 0.2ms
[23.909s][info][gc,phases      ] GC(67)   Merge Heap Roots: 0.1ms
[23.909s][info][gc,phases      ] GC(67)   Evacuate Collection Set: 0.4ms
[23.909s][info][gc,phases      ] GC(67)   Post Evacuate Collection Set: 0.7ms
[23.909s][info][gc,phases      ] GC(67)   Other: 0.2ms
[23.909s][info][gc,heap        ] GC(67) Eden regions: 361->0(361)
[23.909s][info][gc,heap        ] GC(67) Survivor regions: 1->1(46)
[23.909s][info][gc,heap        ] GC(67) Old regions: 169->169
[23.909s][info][gc,heap        ] GC(67) Archive regions: 0->0
[23.910s][info][gc,heap        ] GC(67) Humongous regions: 12->12
[23.910s][info][gc,metaspace   ] GC(67) Metaspace: 59557K(60480K)->59557K(60480K) NonClass: 52005K(52544K)->52005K(52544K) Class: 7552K(7936K)->7552K(7936K)
[23.910s][info][gc             ] GC(67) Pause Young (Normal) (G1 Evacuation Pause) 535M->174M(604M) 2.133ms
[23.910s][info][gc,cpu         ] GC(67) User=0.22s Sys=0.00s Real=0.02s
[24.025s][info][gc,start       ] GC(68) Pause Young (Normal) (G1 Evacuation Pause)
[24.025s][info][gc,task        ] GC(68) Using 14 workers of 33 for evacuation
[24.026s][info][gc,phases      ] GC(68)   Pre Evacuate Collection Set: 0.2ms
[24.026s][info][gc,phases      ] GC(68)   Merge Heap Roots: 0.1ms
[24.026s][info][gc,phases      ] GC(68)   Evacuate Collection Set: 0.4ms
[24.026s][info][gc,phases      ] GC(68)   Post Evacuate Collection Set: 0.7ms
[24.026s][info][gc,phases      ] GC(68)   Other: 0.2ms
[24.026s][info][gc,heap        ] GC(68) Eden regions: 361->0(361)
[24.026s][info][gc,heap        ] GC(68) Survivor regions: 1->1(46)
[24.026s][info][gc,heap        ] GC(68) Old regions: 169->169
[24.026s][info][gc,heap        ] GC(68) Archive regions: 0->0
[24.026s][info][gc,heap        ] GC(68) Humongous regions: 12->12
[24.026s][info][gc,metaspace   ] GC(68) Metaspace: 59557K(60480K)->59557K(60480K) NonClass: 52005K(52544K)->52005K(52544K) Class: 7552K(7936K)->7552K(7936K)
[24.027s][info][gc             ] GC(68) Pause Young (Normal) (G1 Evacuation Pause) 535M->174M(604M) 1.976ms
[24.027s][info][gc,cpu         ] GC(68) User=0.00s Sys=0.00s Real=0.00s
[24.142s][info][gc,start       ] GC(69) Pause Young (Normal) (G1 Evacuation Pause)
[24.142s][info][gc,task        ] GC(69) Using 14 workers of 33 for evacuation
[24.144s][info][gc,phases      ] GC(69)   Pre Evacuate Collection Set: 0.2ms
[24.144s][info][gc,phases      ] GC(69)   Merge Heap Roots: 0.2ms
[24.144s][info][gc,phases      ] GC(69)   Evacuate Collection Set: 0.4ms
[24.144s][info][gc,phases      ] GC(69)   Post Evacuate Collection Set: 0.7ms
[24.144s][info][gc,phases      ] GC(69)   Other: 0.1ms
[24.144s][info][gc,heap        ] GC(69) Eden regions: 361->0(361)
[24.144s][info][gc,heap        ] GC(69) Survivor regions: 1->1(46)
[24.144s][info][gc,heap        ] GC(69) Old regions: 169->169
[24.144s][info][gc,heap        ] GC(69) Archive regions: 0->0
[24.144s][info][gc,heap        ] GC(69) Humongous regions: 12->12
[24.144s][info][gc,metaspace   ] GC(69) Metaspace: 59557K(60480K)->59557K(60480K) NonClass: 52005K(52544K)->52005K(52544K) Class: 7552K(7936K)->7552K(7936K)
[24.144s][info][gc             ] GC(69) Pause Young (Normal) (G1 Evacuation Pause) 535M->174M(604M) 1.916ms
[24.144s][info][gc,cpu         ] GC(69) User=0.02s Sys=0.00s Real=0.02s
[24.270s][info][gc,start       ] GC(70) Pause Young (Normal) (G1 Evacuation Pause)
[24.270s][info][gc,task        ] GC(70) Using 14 workers of 33 for evacuation
[24.271s][info][gc,phases      ] GC(70)   Pre Evacuate Collection Set: 0.2ms
[24.271s][info][gc,phases      ] GC(70)   Merge Heap Roots: 0.1ms
[24.271s][info][gc,phases      ] GC(70)   Evacuate Collection Set: 0.4ms
[24.271s][info][gc,phases      ] GC(70)   Post Evacuate Collection Set: 0.7ms
[24.271s][info][gc,phases      ] GC(70)   Other: 0.2ms
[24.271s][info][gc,heap        ] GC(70) Eden regions: 361->0(361)
[24.271s][info][gc,heap        ] GC(70) Survivor regions: 1->1(46)
[24.271s][info][gc,heap        ] GC(70) Old regions: 169->169
[24.272s][info][gc,heap        ] GC(70) Archive regions: 0->0
[24.272s][info][gc,heap        ] GC(70) Humongous regions: 12->12
[24.272s][info][gc,metaspace   ] GC(70) Metaspace: 59557K(60480K)->59557K(60480K) NonClass: 52005K(52544K)->52005K(52544K) Class: 7552K(7936K)->7552K(7936K)
[24.272s][info][gc             ] GC(70) Pause Young (Normal) (G1 Evacuation Pause) 535M->174M(604M) 1.997ms
[24.272s][info][gc,cpu         ] GC(70) User=0.00s Sys=0.00s Real=0.00s
[24.357s][info][gc,start       ] GC(71) Pause Full (System.gc())
[24.357s][info][gc,task        ] GC(71) Using 14 workers of 33 for full compaction
[24.357s][info][gc,phases,start] GC(71) Phase 1: Mark live objects
[24.397s][info][gc,phases      ] GC(71) Phase 1: Mark live objects 39.979ms
[24.398s][info][gc,phases,start] GC(71) Phase 2: Prepare compaction
[24.403s][info][gc,phases      ] GC(71) Phase 2: Prepare compaction 5.181ms
[24.403s][info][gc,phases,start] GC(71) Phase 3: Adjust pointers
[24.410s][info][gc,phases      ] GC(71) Phase 3: Adjust pointers 7.227ms
[24.410s][info][gc,phases,start] GC(71) Phase 4: Compact heap
[24.411s][info][gc,phases      ] GC(71) Phase 4: Compact heap 0.661ms
[24.416s][info][gc,heap        ] GC(71) Eden regions: 124->0(362)
[24.416s][info][gc,heap        ] GC(71) Survivor regions: 1->0(46)
[24.416s][info][gc,heap        ] GC(71) Old regions: 169->169
[24.416s][info][gc,heap        ] GC(71) Archive regions: 0->0
[24.416s][info][gc,heap        ] GC(71) Humongous regions: 17->12
[24.416s][info][gc,metaspace   ] GC(71) Metaspace: 59594K(60480K)->59594K(60480K) NonClass: 52042K(52544K)->52042K(52544K) Class: 7552K(7936K)->7552K(7936K)
[24.416s][info][gc             ] GC(71) Pause Full (System.gc()) 302M->173M(604M) 59.863ms
[24.417s][info][gc,cpu         ] GC(71) User=0.66s Sys=0.02s Real=0.06s
[24.599s][info][gc,start       ] GC(72) Pause Young (Normal) (G1 Evacuation Pause)
[24.599s][info][gc,task        ] GC(72) Using 14 workers of 33 for evacuation
[24.604s][info][gc,phases      ] GC(72)   Pre Evacuate Collection Set: 0.2ms
[24.604s][info][gc,phases      ] GC(72)   Merge Heap Roots: 0.1ms
[24.604s][info][gc,phases      ] GC(72)   Evacuate Collection Set: 0.5ms
[24.604s][info][gc,phases      ] GC(72)   Post Evacuate Collection Set: 3.2ms
[24.604s][info][gc,phases      ] GC(72)   Other: 0.2ms
[24.604s][info][gc,heap        ] GC(72) Eden regions: 362->0(473)
[24.604s][info][gc,heap        ] GC(72) Survivor regions: 0->1(46)
[24.604s][info][gc,heap        ] GC(72) Old regions: 169->169
[24.604s][info][gc,heap        ] GC(72) Archive regions: 0->0
[24.604s][info][gc,heap        ] GC(72) Humongous regions: 22->12
[24.604s][info][gc,metaspace   ] GC(72) Metaspace: 59626K(60480K)->59626K(60480K) NonClass: 52072K(52544K)->52072K(52544K) Class: 7553K(7936K)->7553K(7936K)
[24.604s][info][gc             ] GC(72) Pause Young (Normal) (G1 Evacuation Pause) 545M->174M(791M) 4.839ms
[24.604s][info][gc,cpu         ] GC(72) User=0.00s Sys=0.02s Real=0.02s
[24.800s][info][gc,start       ] GC(73) Pause Young (Normal) (G1 Evacuation Pause)
[24.801s][info][gc,task        ] GC(73) Using 19 workers of 33 for evacuation
[24.802s][info][gc,phases      ] GC(73)   Pre Evacuate Collection Set: 0.2ms
[24.802s][info][gc,phases      ] GC(73)   Merge Heap Roots: 0.2ms
[24.802s][info][gc,phases      ] GC(73)   Evacuate Collection Set: 0.5ms
[24.802s][info][gc,phases      ] GC(73)   Post Evacuate Collection Set: 0.8ms
[24.802s][info][gc,phases      ] GC(73)   Other: 0.1ms
[24.802s][info][gc,heap        ] GC(73) Eden regions: 473->0(473)
[24.803s][info][gc,heap        ] GC(73) Survivor regions: 1->1(60)
[24.803s][info][gc,heap        ] GC(73) Old regions: 169->169
[24.803s][info][gc,heap        ] GC(73) Archive regions: 0->0
[24.803s][info][gc,heap        ] GC(73) Humongous regions: 12->12
[24.803s][info][gc,metaspace   ] GC(73) Metaspace: 59633K(60480K)->59633K(60480K) NonClass: 52079K(52544K)->52079K(52544K) Class: 7553K(7936K)->7553K(7936K)
[24.803s][info][gc             ] GC(73) Pause Young (Normal) (G1 Evacuation Pause) 647M->174M(791M) 2.190ms
[24.803s][info][gc,cpu         ] GC(73) User=0.00s Sys=0.00s Real=0.00s
[24.961s][info][gc,start       ] GC(74) Pause Young (Normal) (G1 Evacuation Pause)
[24.961s][info][gc,task        ] GC(74) Using 19 workers of 33 for evacuation
[24.963s][info][gc,phases      ] GC(74)   Pre Evacuate Collection Set: 0.2ms
[24.963s][info][gc,phases      ] GC(74)   Merge Heap Roots: 0.2ms
[24.963s][info][gc,phases      ] GC(74)   Evacuate Collection Set: 0.5ms
[24.963s][info][gc,phases      ] GC(74)   Post Evacuate Collection Set: 0.8ms
[24.963s][info][gc,phases      ] GC(74)   Other: 0.2ms
[24.963s][info][gc,heap        ] GC(74) Eden regions: 473->0(473)
[24.963s][info][gc,heap        ] GC(74) Survivor regions: 1->1(60)
[24.963s][info][gc,heap        ] GC(74) Old regions: 169->169
[24.963s][info][gc,heap        ] GC(74) Archive regions: 0->0
[24.963s][info][gc,heap        ] GC(74) Humongous regions: 12->12
[24.963s][info][gc,metaspace   ] GC(74) Metaspace: 59633K(60480K)->59633K(60480K) NonClass: 52079K(52544K)->52079K(52544K) Class: 7553K(7936K)->7553K(7936K)
[24.963s][info][gc             ] GC(74) Pause Young (Normal) (G1 Evacuation Pause) 647M->174M(791M) 2.174ms
[24.963s][info][gc,cpu         ] GC(74) User=0.00s Sys=0.00s Real=0.00s
[25.132s][info][gc,start       ] GC(75) Pause Young (Normal) (G1 Evacuation Pause)
[25.132s][info][gc,task        ] GC(75) Using 19 workers of 33 for evacuation
[25.134s][info][gc,phases      ] GC(75)   Pre Evacuate Collection Set: 0.2ms
[25.134s][info][gc,phases      ] GC(75)   Merge Heap Roots: 0.2ms
[25.134s][info][gc,phases      ] GC(75)   Evacuate Collection Set: 0.5ms
[25.134s][info][gc,phases      ] GC(75)   Post Evacuate Collection Set: 0.7ms
[25.134s][info][gc,phases      ] GC(75)   Other: 0.2ms
[25.134s][info][gc,heap        ] GC(75) Eden regions: 473->0(473)
[25.134s][info][gc,heap        ] GC(75) Survivor regions: 1->1(60)
[25.134s][info][gc,heap        ] GC(75) Old regions: 169->169
[25.134s][info][gc,heap        ] GC(75) Archive regions: 0->0
[25.134s][info][gc,heap        ] GC(75) Humongous regions: 12->12
[25.134s][info][gc,metaspace   ] GC(75) Metaspace: 59633K(60480K)->59633K(60480K) NonClass: 52079K(52544K)->52079K(52544K) Class: 7553K(7936K)->7553K(7936K)
[25.134s][info][gc             ] GC(75) Pause Young (Normal) (G1 Evacuation Pause) 647M->174M(791M) 2.169ms
[25.134s][info][gc,cpu         ] GC(75) User=0.00s Sys=0.00s Real=0.00s
[25.551s][info][gc,start       ] GC(76) Pause Full (System.gc())
[25.551s][info][gc,task        ] GC(76) Using 19 workers of 33 for full compaction
[25.552s][info][gc,phases,start] GC(76) Phase 1: Mark live objects
[25.590s][info][gc,phases      ] GC(76) Phase 1: Mark live objects 37.759ms
[25.590s][info][gc,phases,start] GC(76) Phase 2: Prepare compaction
[25.595s][info][gc,phases      ] GC(76) Phase 2: Prepare compaction 4.855ms
[25.595s][info][gc,phases,start] GC(76) Phase 3: Adjust pointers
[25.601s][info][gc,phases      ] GC(76) Phase 3: Adjust pointers 6.166ms
[25.601s][info][gc,phases,start] GC(76) Phase 4: Compact heap
[25.601s][info][gc,phases      ] GC(76) Phase 4: Compact heap 0.421ms
[25.607s][info][gc,heap        ] GC(76) Eden regions: 149->0(364)
[25.607s][info][gc,heap        ] GC(76) Survivor regions: 1->0(60)
[25.607s][info][gc,heap        ] GC(76) Old regions: 169->170
[25.607s][info][gc,heap        ] GC(76) Archive regions: 0->0
[25.607s][info][gc,heap        ] GC(76) Humongous regions: 17->12
[25.607s][info][gc,metaspace   ] GC(76) Metaspace: 59639K(60544K)->59639K(60544K) NonClass: 52085K(52608K)->52085K(52608K) Class: 7553K(7936K)->7553K(7936K)
[25.607s][info][gc             ] GC(76) Pause Full (System.gc()) 327M->173M(607M) 56.328ms
[25.607s][info][gc,cpu         ] GC(76) User=0.59s Sys=0.02s Real=0.05s
[25.786s][info][gc,start       ] GC(77) Pause Young (Normal) (G1 Evacuation Pause)
[25.786s][info][gc,task        ] GC(77) Using 16 workers of 33 for evacuation
[25.788s][info][gc,phases      ] GC(77)   Pre Evacuate Collection Set: 0.2ms
[25.788s][info][gc,phases      ] GC(77)   Merge Heap Roots: 0.1ms
[25.788s][info][gc,phases      ] GC(77)   Evacuate Collection Set: 0.5ms
[25.788s][info][gc,phases      ] GC(77)   Post Evacuate Collection Set: 0.8ms
[25.788s][info][gc,phases      ] GC(77)   Other: 0.2ms
[25.788s][info][gc,heap        ] GC(77) Eden regions: 364->0(363)
[25.788s][info][gc,heap        ] GC(77) Survivor regions: 0->1(46)
[25.788s][info][gc,heap        ] GC(77) Old regions: 170->170
[25.788s][info][gc,heap        ] GC(77) Archive regions: 0->0
[25.788s][info][gc,heap        ] GC(77) Humongous regions: 22->12
[25.788s][info][gc,metaspace   ] GC(77) Metaspace: 59665K(60544K)->59665K(60544K) NonClass: 52109K(52608K)->52109K(52608K) Class: 7555K(7936K)->7555K(7936K)
[25.788s][info][gc             ] GC(77) Pause Young (Normal) (G1 Evacuation Pause) 547M->174M(607M) 2.407ms
[25.789s][info][gc,cpu         ] GC(77) User=0.00s Sys=0.00s Real=0.00s
[25.908s][info][gc,start       ] GC(78) Pause Young (Normal) (G1 Evacuation Pause)
[25.908s][info][gc,task        ] GC(78) Using 15 workers of 33 for evacuation
[25.910s][info][gc,phases      ] GC(78)   Pre Evacuate Collection Set: 0.2ms
[25.910s][info][gc,phases      ] GC(78)   Merge Heap Roots: 0.2ms
[25.910s][info][gc,phases      ] GC(78)   Evacuate Collection Set: 0.6ms
[25.910s][info][gc,phases      ] GC(78)   Post Evacuate Collection Set: 0.7ms
[25.910s][info][gc,phases      ] GC(78)   Other: 0.2ms
[25.910s][info][gc,heap        ] GC(78) Eden regions: 363->0(363)
[25.910s][info][gc,heap        ] GC(78) Survivor regions: 1->1(46)
[25.910s][info][gc,heap        ] GC(78) Old regions: 170->170
[25.910s][info][gc,heap        ] GC(78) Archive regions: 0->0
[25.910s][info][gc,heap        ] GC(78) Humongous regions: 12->12
[25.910s][info][gc,metaspace   ] GC(78) Metaspace: 59667K(60544K)->59667K(60544K) NonClass: 52111K(52608K)->52111K(52608K) Class: 7555K(7936K)->7555K(7936K)
[25.910s][info][gc             ] GC(78) Pause Young (Normal) (G1 Evacuation Pause) 537M->174M(607M) 2.225ms
[25.910s][info][gc,cpu         ] GC(78) User=0.00s Sys=0.00s Real=0.00s
[26.034s][info][gc,start       ] GC(79) Pause Young (Normal) (G1 Evacuation Pause)
[26.034s][info][gc,task        ] GC(79) Using 14 workers of 33 for evacuation
[26.036s][info][gc,phases      ] GC(79)   Pre Evacuate Collection Set: 0.2ms
[26.036s][info][gc,phases      ] GC(79)   Merge Heap Roots: 0.1ms
[26.036s][info][gc,phases      ] GC(79)   Evacuate Collection Set: 0.5ms
[26.036s][info][gc,phases      ] GC(79)   Post Evacuate Collection Set: 0.6ms
[26.036s][info][gc,phases      ] GC(79)   Other: 0.2ms
[26.036s][info][gc,heap        ] GC(79) Eden regions: 363->0(363)
[26.036s][info][gc,heap        ] GC(79) Survivor regions: 1->1(46)
[26.036s][info][gc,heap        ] GC(79) Old regions: 170->170
[26.036s][info][gc,heap        ] GC(79) Archive regions: 0->0
[26.036s][info][gc,heap        ] GC(79) Humongous regions: 12->12
[26.036s][info][gc,metaspace   ] GC(79) Metaspace: 59667K(60544K)->59667K(60544K) NonClass: 52111K(52608K)->52111K(52608K) Class: 7555K(7936K)->7555K(7936K)
[26.036s][info][gc             ] GC(79) Pause Young (Normal) (G1 Evacuation Pause) 537M->174M(607M) 2.102ms
[26.036s][info][gc,cpu         ] GC(79) User=0.00s Sys=0.00s Real=0.00s
[26.160s][info][gc,start       ] GC(80) Pause Young (Normal) (G1 Evacuation Pause)
[26.160s][info][gc,task        ] GC(80) Using 14 workers of 33 for evacuation
[26.162s][info][gc,phases      ] GC(80)   Pre Evacuate Collection Set: 0.2ms
[26.162s][info][gc,phases      ] GC(80)   Merge Heap Roots: 0.1ms
[26.162s][info][gc,phases      ] GC(80)   Evacuate Collection Set: 0.5ms
[26.162s][info][gc,phases      ] GC(80)   Post Evacuate Collection Set: 0.7ms
[26.162s][info][gc,phases      ] GC(80)   Other: 0.2ms
[26.162s][info][gc,heap        ] GC(80) Eden regions: 363->0(363)
[26.162s][info][gc,heap        ] GC(80) Survivor regions: 1->1(46)
[26.162s][info][gc,heap        ] GC(80) Old regions: 170->170
[26.162s][info][gc,heap        ] GC(80) Archive regions: 0->0
[26.162s][info][gc,heap        ] GC(80) Humongous regions: 12->12
[26.162s][info][gc,metaspace   ] GC(80) Metaspace: 59667K(60544K)->59667K(60544K) NonClass: 52111K(52608K)->52111K(52608K) Class: 7555K(7936K)->7555K(7936K)
[26.162s][info][gc             ] GC(80) Pause Young (Normal) (G1 Evacuation Pause) 537M->174M(607M) 2.076ms
[26.162s][info][gc,cpu         ] GC(80) User=0.00s Sys=0.00s Real=0.00s
[26.296s][info][gc,start       ] GC(81) Pause Young (Normal) (G1 Evacuation Pause)
[26.296s][info][gc,task        ] GC(81) Using 14 workers of 33 for evacuation
[26.297s][info][gc,phases      ] GC(81)   Pre Evacuate Collection Set: 0.2ms
[26.297s][info][gc,phases      ] GC(81)   Merge Heap Roots: 0.1ms
[26.297s][info][gc,phases      ] GC(81)   Evacuate Collection Set: 0.5ms
[26.297s][info][gc,phases      ] GC(81)   Post Evacuate Collection Set: 0.7ms
[26.297s][info][gc,phases      ] GC(81)   Other: 0.2ms
[26.297s][info][gc,heap        ] GC(81) Eden regions: 363->0(363)
[26.297s][info][gc,heap        ] GC(81) Survivor regions: 1->1(46)
[26.297s][info][gc,heap        ] GC(81) Old regions: 170->170
[26.297s][info][gc,heap        ] GC(81) Archive regions: 0->0
[26.298s][info][gc,heap        ] GC(81) Humongous regions: 12->12
[26.298s][info][gc,metaspace   ] GC(81) Metaspace: 59667K(60544K)->59667K(60544K) NonClass: 52111K(52608K)->52111K(52608K) Class: 7555K(7936K)->7555K(7936K)
[26.298s][info][gc             ] GC(81) Pause Young (Normal) (G1 Evacuation Pause) 537M->174M(607M) 2.100ms
[26.298s][info][gc,cpu         ] GC(81) User=0.20s Sys=0.00s Real=0.02s
[26.394s][info][gc,start       ] GC(82) Pause Full (System.gc())
[26.394s][info][gc,task        ] GC(82) Using 14 workers of 33 for full compaction
[26.394s][info][gc,phases,start] GC(82) Phase 1: Mark live objects
[26.433s][info][gc,phases      ] GC(82) Phase 1: Mark live objects 38.154ms
[26.433s][info][gc,phases,start] GC(82) Phase 2: Prepare compaction
[26.438s][info][gc,phases      ] GC(82) Phase 2: Prepare compaction 5.396ms
[26.438s][info][gc,phases,start] GC(82) Phase 3: Adjust pointers
[26.446s][info][gc,phases      ] GC(82) Phase 3: Adjust pointers 7.537ms
[26.446s][info][gc,phases,start] GC(82) Phase 4: Compact heap
[26.446s][info][gc,phases      ] GC(82) Phase 4: Compact heap 0.487ms
[26.452s][info][gc,heap        ] GC(82) Eden regions: 115->0(362)
[26.452s][info][gc,heap        ] GC(82) Survivor regions: 1->0(46)
[26.452s][info][gc,heap        ] GC(82) Old regions: 170->169
[26.452s][info][gc,heap        ] GC(82) Archive regions: 0->0
[26.452s][info][gc,heap        ] GC(82) Humongous regions: 17->12
[26.452s][info][gc,metaspace   ] GC(82) Metaspace: 59693K(60544K)->59693K(60544K) NonClass: 52138K(52608K)->52138K(52608K) Class: 7555K(7936K)->7555K(7936K)
[26.452s][info][gc             ] GC(82) Pause Full (System.gc()) 293M->173M(604M) 58.364ms
[26.452s][info][gc,cpu         ] GC(82) User=0.66s Sys=0.00s Real=0.06s
[26.627s][info][gc,start       ] GC(83) Pause Young (Normal) (G1 Evacuation Pause)
[26.627s][info][gc,task        ] GC(83) Using 14 workers of 33 for evacuation
[26.629s][info][gc,phases      ] GC(83)   Pre Evacuate Collection Set: 0.2ms
[26.629s][info][gc,phases      ] GC(83)   Merge Heap Roots: 0.2ms
[26.629s][info][gc,phases      ] GC(83)   Evacuate Collection Set: 0.5ms
[26.629s][info][gc,phases      ] GC(83)   Post Evacuate Collection Set: 0.7ms
[26.629s][info][gc,phases      ] GC(83)   Other: 0.2ms
[26.629s][info][gc,heap        ] GC(83) Eden regions: 362->0(361)
[26.629s][info][gc,heap        ] GC(83) Survivor regions: 0->1(46)
[26.629s][info][gc,heap        ] GC(83) Old regions: 169->169
[26.629s][info][gc,heap        ] GC(83) Archive regions: 0->0
[26.629s][info][gc,heap        ] GC(83) Humongous regions: 22->12
[26.629s][info][gc,metaspace   ] GC(83) Metaspace: 59710K(60544K)->59710K(60544K) NonClass: 52154K(52608K)->52154K(52608K) Class: 7556K(7936K)->7556K(7936K)
[26.629s][info][gc             ] GC(83) Pause Young (Normal) (G1 Evacuation Pause) 545M->174M(604M) 2.324ms
[26.629s][info][gc,cpu         ] GC(83) User=0.00s Sys=0.00s Real=0.00s
[26.751s][info][gc,start       ] GC(84) Pause Young (Normal) (G1 Evacuation Pause)
[26.751s][info][gc,task        ] GC(84) Using 14 workers of 33 for evacuation
[26.753s][info][gc,phases      ] GC(84)   Pre Evacuate Collection Set: 0.2ms
[26.753s][info][gc,phases      ] GC(84)   Merge Heap Roots: 0.2ms
[26.753s][info][gc,phases      ] GC(84)   Evacuate Collection Set: 0.5ms
[26.753s][info][gc,phases      ] GC(84)   Post Evacuate Collection Set: 0.7ms
[26.753s][info][gc,phases      ] GC(84)   Other: 0.2ms
[26.753s][info][gc,heap        ] GC(84) Eden regions: 361->0(361)
[26.753s][info][gc,heap        ] GC(84) Survivor regions: 1->1(46)
[26.753s][info][gc,heap        ] GC(84) Old regions: 169->169
[26.753s][info][gc,heap        ] GC(84) Archive regions: 0->0
[26.753s][info][gc,heap        ] GC(84) Humongous regions: 12->12
[26.753s][info][gc,metaspace   ] GC(84) Metaspace: 59712K(60544K)->59712K(60544K) NonClass: 52156K(52608K)->52156K(52608K) Class: 7556K(7936K)->7556K(7936K)
[26.753s][info][gc             ] GC(84) Pause Young (Normal) (G1 Evacuation Pause) 535M->174M(604M) 2.147ms
[26.753s][info][gc,cpu         ] GC(84) User=0.00s Sys=0.00s Real=0.00s
[26.875s][info][gc,start       ] GC(85) Pause Young (Normal) (G1 Evacuation Pause)
[26.875s][info][gc,task        ] GC(85) Using 14 workers of 33 for evacuation
[26.877s][info][gc,phases      ] GC(85)   Pre Evacuate Collection Set: 0.2ms
[26.877s][info][gc,phases      ] GC(85)   Merge Heap Roots: 0.1ms
[26.877s][info][gc,phases      ] GC(85)   Evacuate Collection Set: 0.5ms
[26.877s][info][gc,phases      ] GC(85)   Post Evacuate Collection Set: 0.7ms
[26.877s][info][gc,phases      ] GC(85)   Other: 0.2ms
[26.877s][info][gc,heap        ] GC(85) Eden regions: 361->0(361)
[26.877s][info][gc,heap        ] GC(85) Survivor regions: 1->1(46)
[26.877s][info][gc,heap        ] GC(85) Old regions: 169->169
[26.877s][info][gc,heap        ] GC(85) Archive regions: 0->0
[26.877s][info][gc,heap        ] GC(85) Humongous regions: 12->12
[26.877s][info][gc,metaspace   ] GC(85) Metaspace: 59712K(60544K)->59712K(60544K) NonClass: 52156K(52608K)->52156K(52608K) Class: 7556K(7936K)->7556K(7936K)
[26.877s][info][gc             ] GC(85) Pause Young (Normal) (G1 Evacuation Pause) 535M->174M(604M) 2.139ms
[26.877s][info][gc,cpu         ] GC(85) User=0.00s Sys=0.00s Real=0.00s
[26.999s][info][gc,start       ] GC(86) Pause Young (Normal) (G1 Evacuation Pause)
[26.999s][info][gc,task        ] GC(86) Using 14 workers of 33 for evacuation
[27.001s][info][gc,phases      ] GC(86)   Pre Evacuate Collection Set: 0.2ms
[27.001s][info][gc,phases      ] GC(86)   Merge Heap Roots: 0.1ms
[27.001s][info][gc,phases      ] GC(86)   Evacuate Collection Set: 0.5ms
[27.001s][info][gc,phases      ] GC(86)   Post Evacuate Collection Set: 0.7ms
[27.001s][info][gc,phases      ] GC(86)   Other: 0.2ms
[27.001s][info][gc,heap        ] GC(86) Eden regions: 361->0(361)
[27.001s][info][gc,heap        ] GC(86) Survivor regions: 1->1(46)
[27.001s][info][gc,heap        ] GC(86) Old regions: 169->169
[27.001s][info][gc,heap        ] GC(86) Archive regions: 0->0
[27.001s][info][gc,heap        ] GC(86) Humongous regions: 12->12
[27.001s][info][gc,metaspace   ] GC(86) Metaspace: 59712K(60544K)->59712K(60544K) NonClass: 52156K(52608K)->52156K(52608K) Class: 7556K(7936K)->7556K(7936K)
[27.001s][info][gc             ] GC(86) Pause Young (Normal) (G1 Evacuation Pause) 535M->174M(604M) 2.108ms
[27.001s][info][gc,cpu         ] GC(86) User=0.00s Sys=0.00s Real=0.00s
[27.131s][info][gc,start       ] GC(87) Pause Young (Normal) (G1 Evacuation Pause)
[27.131s][info][gc,task        ] GC(87) Using 14 workers of 33 for evacuation
[27.133s][info][gc,phases      ] GC(87)   Pre Evacuate Collection Set: 0.2ms
[27.133s][info][gc,phases      ] GC(87)   Merge Heap Roots: 0.1ms
[27.133s][info][gc,phases      ] GC(87)   Evacuate Collection Set: 0.5ms
[27.133s][info][gc,phases      ] GC(87)   Post Evacuate Collection Set: 0.7ms
[27.133s][info][gc,phases      ] GC(87)   Other: 0.1ms
[27.133s][info][gc,heap        ] GC(87) Eden regions: 361->0(361)
[27.133s][info][gc,heap        ] GC(87) Survivor regions: 1->1(46)
[27.133s][info][gc,heap        ] GC(87) Old regions: 169->169
[27.133s][info][gc,heap        ] GC(87) Archive regions: 0->0
[27.133s][info][gc,heap        ] GC(87) Humongous regions: 12->12
[27.133s][info][gc,metaspace   ] GC(87) Metaspace: 59712K(60544K)->59712K(60544K) NonClass: 52156K(52608K)->52156K(52608K) Class: 7556K(7936K)->7556K(7936K)
[27.133s][info][gc             ] GC(87) Pause Young (Normal) (G1 Evacuation Pause) 535M->174M(604M) 2.054ms
[27.133s][info][gc,cpu         ] GC(87) User=0.00s Sys=0.00s Real=0.00s
[27.225s][info][gc,start       ] GC(88) Pause Full (System.gc())
[27.225s][info][gc,task        ] GC(88) Using 14 workers of 33 for full compaction
[27.226s][info][gc,phases,start] GC(88) Phase 1: Mark live objects
[27.262s][info][gc,phases      ] GC(88) Phase 1: Mark live objects 36.081ms
[27.262s][info][gc,phases,start] GC(88) Phase 2: Prepare compaction
[27.268s][info][gc,phases      ] GC(88) Phase 2: Prepare compaction 5.180ms
[27.268s][info][gc,phases,start] GC(88) Phase 3: Adjust pointers
[27.274s][info][gc,phases      ] GC(88) Phase 3: Adjust pointers 6.748ms
[27.274s][info][gc,phases,start] GC(88) Phase 4: Compact heap
[27.275s][info][gc,phases      ] GC(88) Phase 4: Compact heap 0.427ms
[27.280s][info][gc,heap        ] GC(88) Eden regions: 123->0(362)
[27.280s][info][gc,heap        ] GC(88) Survivor regions: 1->0(46)
[27.280s][info][gc,heap        ] GC(88) Old regions: 169->169
[27.280s][info][gc,heap        ] GC(88) Archive regions: 0->0
[27.280s][info][gc,heap        ] GC(88) Humongous regions: 17->12
[27.280s][info][gc,metaspace   ] GC(88) Metaspace: 59739K(60608K)->59739K(60608K) NonClass: 52182K(52672K)->52182K(52672K) Class: 7557K(7936K)->7557K(7936K)
[27.280s][info][gc             ] GC(88) Pause Full (System.gc()) 301M->173M(604M) 54.942ms
[27.280s][info][gc,cpu         ] GC(88) User=0.69s Sys=0.00s Real=0.06s
[27.453s][info][gc,start       ] GC(89) Pause Young (Normal) (G1 Evacuation Pause)
[27.453s][info][gc,task        ] GC(89) Using 14 workers of 33 for evacuation
[27.457s][info][gc,phases      ] GC(89)   Pre Evacuate Collection Set: 0.2ms
[27.457s][info][gc,phases      ] GC(89)   Merge Heap Roots: 0.2ms
[27.457s][info][gc,phases      ] GC(89)   Evacuate Collection Set: 0.5ms
[27.457s][info][gc,phases      ] GC(89)   Post Evacuate Collection Set: 2.9ms
[27.457s][info][gc,phases      ] GC(89)   Other: 0.2ms
[27.457s][info][gc,heap        ] GC(89) Eden regions: 362->0(461)
[27.457s][info][gc,heap        ] GC(89) Survivor regions: 0->1(46)
[27.457s][info][gc,heap        ] GC(89) Old regions: 169->169
[27.457s][info][gc,heap        ] GC(89) Archive regions: 0->0
[27.457s][info][gc,heap        ] GC(89) Humongous regions: 22->12
[27.457s][info][gc,metaspace   ] GC(89) Metaspace: 59780K(60608K)->59780K(60608K) NonClass: 52222K(52672K)->52222K(52672K) Class: 7557K(7936K)->7557K(7936K)
[27.457s][info][gc             ] GC(89) Pause Young (Normal) (G1 Evacuation Pause) 545M->174M(771M) 4.474ms
[27.457s][info][gc,cpu         ] GC(89) User=0.00s Sys=0.00s Real=0.00s
[27.645s][info][gc,start       ] GC(90) Pause Young (Normal) (G1 Evacuation Pause)
[27.646s][info][gc,task        ] GC(90) Using 18 workers of 33 for evacuation
[27.647s][info][gc,phases      ] GC(90)   Pre Evacuate Collection Set: 0.2ms
[27.647s][info][gc,phases      ] GC(90)   Merge Heap Roots: 0.2ms
[27.647s][info][gc,phases      ] GC(90)   Evacuate Collection Set: 0.4ms
[27.647s][info][gc,phases      ] GC(90)   Post Evacuate Collection Set: 0.7ms
[27.647s][info][gc,phases      ] GC(90)   Other: 0.2ms
[27.647s][info][gc,heap        ] GC(90) Eden regions: 461->0(461)
[27.647s][info][gc,heap        ] GC(90) Survivor regions: 1->1(58)
[27.647s][info][gc,heap        ] GC(90) Old regions: 169->169
[27.647s][info][gc,heap        ] GC(90) Archive regions: 0->0
[27.648s][info][gc,heap        ] GC(90) Humongous regions: 12->12
[27.648s][info][gc,metaspace   ] GC(90) Metaspace: 59780K(60608K)->59780K(60608K) NonClass: 52222K(52672K)->52222K(52672K) Class: 7557K(7936K)->7557K(7936K)
[27.648s][info][gc             ] GC(90) Pause Young (Normal) (G1 Evacuation Pause) 635M->174M(771M) 2.153ms
[27.648s][info][gc,cpu         ] GC(90) User=0.00s Sys=0.00s Real=0.00s
[27.800s][info][gc,start       ] GC(91) Pause Young (Normal) (G1 Evacuation Pause)
[27.800s][info][gc,task        ] GC(91) Using 18 workers of 33 for evacuation
[27.802s][info][gc,phases      ] GC(91)   Pre Evacuate Collection Set: 0.2ms
[27.802s][info][gc,phases      ] GC(91)   Merge Heap Roots: 0.2ms
[27.802s][info][gc,phases      ] GC(91)   Evacuate Collection Set: 0.5ms
[27.802s][info][gc,phases      ] GC(91)   Post Evacuate Collection Set: 0.8ms
[27.802s][info][gc,phases      ] GC(91)   Other: 0.2ms
[27.802s][info][gc,heap        ] GC(91) Eden regions: 461->0(461)
[27.802s][info][gc,heap        ] GC(91) Survivor regions: 1->1(58)
[27.802s][info][gc,heap        ] GC(91) Old regions: 169->169
[27.802s][info][gc,heap        ] GC(91) Archive regions: 0->0
[27.802s][info][gc,heap        ] GC(91) Humongous regions: 12->12
[27.802s][info][gc,metaspace   ] GC(91) Metaspace: 59780K(60608K)->59780K(60608K) NonClass: 52222K(52672K)->52222K(52672K) Class: 7557K(7936K)->7557K(7936K)
[27.802s][info][gc             ] GC(91) Pause Young (Normal) (G1 Evacuation Pause) 635M->174M(771M) 2.216ms
[27.802s][info][gc,cpu         ] GC(91) User=0.02s Sys=0.00s Real=0.02s
[27.949s][info][gc,start       ] GC(92) Pause Young (Normal) (G1 Evacuation Pause)
[27.950s][info][gc,task        ] GC(92) Using 18 workers of 33 for evacuation
[27.951s][info][gc,phases      ] GC(92)   Pre Evacuate Collection Set: 0.2ms
[27.951s][info][gc,phases      ] GC(92)   Merge Heap Roots: 0.2ms
[27.951s][info][gc,phases      ] GC(92)   Evacuate Collection Set: 0.4ms
[27.951s][info][gc,phases      ] GC(92)   Post Evacuate Collection Set: 0.8ms
[27.951s][info][gc,phases      ] GC(92)   Other: 0.2ms
[27.951s][info][gc,heap        ] GC(92) Eden regions: 461->0(461)
[27.951s][info][gc,heap        ] GC(92) Survivor regions: 1->1(58)
[27.951s][info][gc,heap        ] GC(92) Old regions: 169->169
[27.951s][info][gc,heap        ] GC(92) Archive regions: 0->0
[27.952s][info][gc,heap        ] GC(92) Humongous regions: 12->12
[27.952s][info][gc,metaspace   ] GC(92) Metaspace: 59780K(60608K)->59780K(60608K) NonClass: 52222K(52672K)->52222K(52672K) Class: 7557K(7936K)->7557K(7936K)
[27.952s][info][gc             ] GC(92) Pause Young (Normal) (G1 Evacuation Pause) 635M->174M(771M) 2.165ms
[27.952s][info][gc,cpu         ] GC(92) User=0.00s Sys=0.00s Real=0.00s
[28.041s][info][gc,start       ] GC(93) Pause Full (System.gc())
[28.041s][info][gc,task        ] GC(93) Using 18 workers of 33 for full compaction
[28.042s][info][gc,phases,start] GC(93) Phase 1: Mark live objects
[28.078s][info][gc,phases      ] GC(93) Phase 1: Mark live objects 36.203ms
[28.078s][info][gc,phases,start] GC(93) Phase 2: Prepare compaction
[28.083s][info][gc,phases      ] GC(93) Phase 2: Prepare compaction 4.933ms
[28.083s][info][gc,phases,start] GC(93) Phase 3: Adjust pointers
[28.089s][info][gc,phases      ] GC(93) Phase 3: Adjust pointers 6.270ms
[28.090s][info][gc,phases,start] GC(93) Phase 4: Compact heap
[28.090s][info][gc,phases      ] GC(93) Phase 4: Compact heap 0.363ms
[28.096s][info][gc,heap        ] GC(93) Eden regions: 185->0(368)
[28.096s][info][gc,heap        ] GC(93) Survivor regions: 1->0(58)
[28.096s][info][gc,heap        ] GC(93) Old regions: 169->172
[28.096s][info][gc,heap        ] GC(93) Archive regions: 0->0
[28.096s][info][gc,heap        ] GC(93) Humongous regions: 17->12
[28.096s][info][gc,metaspace   ] GC(93) Metaspace: 59801K(60672K)->59801K(60672K) NonClass: 52243K(52736K)->52243K(52736K) Class: 7557K(7936K)->7557K(7936K)
[28.096s][info][gc             ] GC(93) Pause Full (System.gc()) 363M->173M(614M) 54.800ms
[28.096s][info][gc,cpu         ] GC(93) User=0.84s Sys=0.00s Real=0.05s
[28.264s][info][gc,start       ] GC(94) Pause Young (Normal) (G1 Evacuation Pause)
[28.264s][info][gc,task        ] GC(94) Using 16 workers of 33 for evacuation
[28.266s][info][gc,phases      ] GC(94)   Pre Evacuate Collection Set: 0.2ms
[28.266s][info][gc,phases      ] GC(94)   Merge Heap Roots: 0.1ms
[28.266s][info][gc,phases      ] GC(94)   Evacuate Collection Set: 0.5ms
[28.266s][info][gc,phases      ] GC(94)   Post Evacuate Collection Set: 0.7ms
[28.266s][info][gc,phases      ] GC(94)   Other: 0.2ms
[28.266s][info][gc,heap        ] GC(94) Eden regions: 368->0(367)
[28.266s][info][gc,heap        ] GC(94) Survivor regions: 0->1(46)
[28.266s][info][gc,heap        ] GC(94) Old regions: 172->172
[28.266s][info][gc,heap        ] GC(94) Archive regions: 0->0
[28.266s][info][gc,heap        ] GC(94) Humongous regions: 22->12
[28.266s][info][gc,metaspace   ] GC(94) Metaspace: 59840K(60736K)->59840K(60736K) NonClass: 52281K(52800K)->52281K(52800K) Class: 7558K(7936K)->7558K(7936K)
[28.266s][info][gc             ] GC(94) Pause Young (Normal) (G1 Evacuation Pause) 551M->174M(614M) 2.199ms
[28.266s][info][gc,cpu         ] GC(94) User=0.00s Sys=0.00s Real=0.00s
[28.401s][info][gc,start       ] GC(95) Pause Young (Normal) (G1 Evacuation Pause)
[28.401s][info][gc,task        ] GC(95) Using 15 workers of 33 for evacuation
[28.403s][info][gc,phases      ] GC(95)   Pre Evacuate Collection Set: 0.2ms
[28.403s][info][gc,phases      ] GC(95)   Merge Heap Roots: 0.1ms
[28.403s][info][gc,phases      ] GC(95)   Evacuate Collection Set: 0.5ms
[28.403s][info][gc,phases      ] GC(95)   Post Evacuate Collection Set: 0.8ms
[28.403s][info][gc,phases      ] GC(95)   Other: 0.2ms
[28.403s][info][gc,heap        ] GC(95) Eden regions: 367->0(367)
[28.403s][info][gc,heap        ] GC(95) Survivor regions: 1->1(46)
[28.403s][info][gc,heap        ] GC(95) Old regions: 172->172
[28.403s][info][gc,heap        ] GC(95) Archive regions: 0->0
[28.403s][info][gc,heap        ] GC(95) Humongous regions: 12->12
[28.403s][info][gc,metaspace   ] GC(95) Metaspace: 59850K(60736K)->59850K(60736K) NonClass: 52291K(52800K)->52291K(52800K) Class: 7558K(7936K)->7558K(7936K)
[28.403s][info][gc             ] GC(95) Pause Young (Normal) (G1 Evacuation Pause) 541M->174M(614M) 2.286ms
[28.403s][info][gc,cpu         ] GC(95) User=0.00s Sys=0.00s Real=0.00s
[28.537s][info][gc,start       ] GC(96) Pause Young (Normal) (G1 Evacuation Pause)
[28.537s][info][gc,task        ] GC(96) Using 14 workers of 33 for evacuation
[28.539s][info][gc,phases      ] GC(96)   Pre Evacuate Collection Set: 0.2ms
[28.539s][info][gc,phases      ] GC(96)   Merge Heap Roots: 0.2ms
[28.539s][info][gc,phases      ] GC(96)   Evacuate Collection Set: 0.5ms
[28.539s][info][gc,phases      ] GC(96)   Post Evacuate Collection Set: 0.7ms
[28.539s][info][gc,phases      ] GC(96)   Other: 0.2ms
[28.539s][info][gc,heap        ] GC(96) Eden regions: 367->0(367)
[28.539s][info][gc,heap        ] GC(96) Survivor regions: 1->1(46)
[28.539s][info][gc,heap        ] GC(96) Old regions: 172->172
[28.539s][info][gc,heap        ] GC(96) Archive regions: 0->0
[28.539s][info][gc,heap        ] GC(96) Humongous regions: 12->12
[28.539s][info][gc,metaspace   ] GC(96) Metaspace: 59850K(60736K)->59850K(60736K) NonClass: 52291K(52800K)->52291K(52800K) Class: 7558K(7936K)->7558K(7936K)
[28.539s][info][gc             ] GC(96) Pause Young (Normal) (G1 Evacuation Pause) 541M->174M(614M) 2.352ms
[28.539s][info][gc,cpu         ] GC(96) User=0.03s Sys=0.00s Real=0.02s
[28.665s][info][gc,start       ] GC(97) Pause Young (Normal) (G1 Evacuation Pause)
[28.665s][info][gc,task        ] GC(97) Using 14 workers of 33 for evacuation
[28.667s][info][gc,phases      ] GC(97)   Pre Evacuate Collection Set: 0.2ms
[28.667s][info][gc,phases      ] GC(97)   Merge Heap Roots: 0.1ms
[28.667s][info][gc,phases      ] GC(97)   Evacuate Collection Set: 0.5ms
[28.667s][info][gc,phases      ] GC(97)   Post Evacuate Collection Set: 0.7ms
[28.667s][info][gc,phases      ] GC(97)   Other: 0.2ms
[28.667s][info][gc,heap        ] GC(97) Eden regions: 367->0(367)
[28.667s][info][gc,heap        ] GC(97) Survivor regions: 1->1(46)
[28.667s][info][gc,heap        ] GC(97) Old regions: 172->172
[28.667s][info][gc,heap        ] GC(97) Archive regions: 0->0
[28.667s][info][gc,heap        ] GC(97) Humongous regions: 12->12
[28.667s][info][gc,metaspace   ] GC(97) Metaspace: 59850K(60736K)->59850K(60736K) NonClass: 52291K(52800K)->52291K(52800K) Class: 7558K(7936K)->7558K(7936K)
[28.667s][info][gc             ] GC(97) Pause Young (Normal) (G1 Evacuation Pause) 541M->174M(614M) 2.185ms
[28.667s][info][gc,cpu         ] GC(97) User=0.00s Sys=0.00s Real=0.00s
[28.784s][info][gc,start       ] GC(98) Pause Young (Normal) (G1 Evacuation Pause)
[28.784s][info][gc,task        ] GC(98) Using 14 workers of 33 for evacuation
[28.786s][info][gc,phases      ] GC(98)   Pre Evacuate Collection Set: 0.2ms
[28.786s][info][gc,phases      ] GC(98)   Merge Heap Roots: 0.1ms
[28.786s][info][gc,phases      ] GC(98)   Evacuate Collection Set: 0.5ms
[28.786s][info][gc,phases      ] GC(98)   Post Evacuate Collection Set: 0.7ms
[28.786s][info][gc,phases      ] GC(98)   Other: 0.1ms
[28.786s][info][gc,heap        ] GC(98) Eden regions: 367->0(367)
[28.786s][info][gc,heap        ] GC(98) Survivor regions: 1->1(46)
[28.786s][info][gc,heap        ] GC(98) Old regions: 172->172
[28.786s][info][gc,heap        ] GC(98) Archive regions: 0->0
[28.786s][info][gc,heap        ] GC(98) Humongous regions: 12->12
[28.786s][info][gc,metaspace   ] GC(98) Metaspace: 59850K(60736K)->59850K(60736K) NonClass: 52291K(52800K)->52291K(52800K) Class: 7558K(7936K)->7558K(7936K)
[28.786s][info][gc             ] GC(98) Pause Young (Normal) (G1 Evacuation Pause) 541M->174M(614M) 1.959ms
[28.786s][info][gc,cpu         ] GC(98) User=0.00s Sys=0.00s Real=0.00s
[28.844s][info][gc,start       ] GC(99) Pause Full (System.gc())
[28.844s][info][gc,task        ] GC(99) Using 14 workers of 33 for full compaction
[28.845s][info][gc,phases,start] GC(99) Phase 1: Mark live objects
[28.883s][info][gc,phases      ] GC(99) Phase 1: Mark live objects 38.090ms
[28.883s][info][gc,phases,start] GC(99) Phase 2: Prepare compaction
[28.888s][info][gc,phases      ] GC(99) Phase 2: Prepare compaction 5.170ms
[28.888s][info][gc,phases,start] GC(99) Phase 3: Adjust pointers
[28.896s][info][gc,phases      ] GC(99) Phase 3: Adjust pointers 7.909ms
[28.896s][info][gc,phases,start] GC(99) Phase 4: Compact heap
[28.896s][info][gc,phases      ] GC(99) Phase 4: Compact heap 0.374ms
[28.903s][info][gc,heap        ] GC(99) Eden regions: 93->0(362)
[28.903s][info][gc,heap        ] GC(99) Survivor regions: 1->0(46)
[28.903s][info][gc,heap        ] GC(99) Old regions: 172->169
[28.903s][info][gc,heap        ] GC(99) Archive regions: 0->0
[28.903s][info][gc,heap        ] GC(99) Humongous regions: 17->12
[28.903s][info][gc,metaspace   ] GC(99) Metaspace: 59877K(60736K)->59877K(60736K) NonClass: 52318K(52800K)->52318K(52800K) Class: 7558K(7936K)->7558K(7936K)
[28.903s][info][gc             ] GC(99) Pause Full (System.gc()) 271M->174M(604M) 59.280ms
[28.903s][info][gc,cpu         ] GC(99) User=0.66s Sys=0.02s Real=0.06s
[29.075s][info][gc,start       ] GC(100) Pause Young (Normal) (G1 Evacuation Pause)
[29.076s][info][gc,task        ] GC(100) Using 14 workers of 33 for evacuation
[29.077s][info][gc,phases      ] GC(100)   Pre Evacuate Collection Set: 0.2ms
[29.077s][info][gc,phases      ] GC(100)   Merge Heap Roots: 0.2ms
[29.077s][info][gc,phases      ] GC(100)   Evacuate Collection Set: 0.5ms
[29.078s][info][gc,phases      ] GC(100)   Post Evacuate Collection Set: 0.7ms
[29.078s][info][gc,phases      ] GC(100)   Other: 0.2ms
[29.078s][info][gc,heap        ] GC(100) Eden regions: 362->0(361)
[29.078s][info][gc,heap        ] GC(100) Survivor regions: 0->1(46)
[29.078s][info][gc,heap        ] GC(100) Old regions: 169->169
[29.078s][info][gc,heap        ] GC(100) Archive regions: 0->0
[29.078s][info][gc,heap        ] GC(100) Humongous regions: 22->12
[29.078s][info][gc,metaspace   ] GC(100) Metaspace: 59918K(60800K)->59918K(60800K) NonClass: 52359K(52864K)->52359K(52864K) Class: 7558K(7936K)->7558K(7936K)
[29.078s][info][gc             ] GC(100) Pause Young (Normal) (G1 Evacuation Pause) 546M->174M(604M) 2.340ms
[29.078s][info][gc,cpu         ] GC(100) User=0.00s Sys=0.00s Real=0.00s
[29.208s][info][gc,start       ] GC(101) Pause Young (Normal) (G1 Evacuation Pause)
[29.209s][info][gc,task        ] GC(101) Using 14 workers of 33 for evacuation
[29.210s][info][gc,phases      ] GC(101)   Pre Evacuate Collection Set: 0.2ms
[29.210s][info][gc,phases      ] GC(101)   Merge Heap Roots: 0.1ms
[29.210s][info][gc,phases      ] GC(101)   Evacuate Collection Set: 0.4ms
[29.210s][info][gc,phases      ] GC(101)   Post Evacuate Collection Set: 0.7ms
[29.210s][info][gc,phases      ] GC(101)   Other: 0.2ms
[29.210s][info][gc,heap        ] GC(101) Eden regions: 361->0(361)
[29.210s][info][gc,heap        ] GC(101) Survivor regions: 1->1(46)
[29.210s][info][gc,heap        ] GC(101) Old regions: 169->169
[29.210s][info][gc,heap        ] GC(101) Archive regions: 0->0
[29.210s][info][gc,heap        ] GC(101) Humongous regions: 12->12
[29.210s][info][gc,metaspace   ] GC(101) Metaspace: 59919K(60800K)->59919K(60800K) NonClass: 52360K(52864K)->52360K(52864K) Class: 7558K(7936K)->7558K(7936K)
[29.211s][info][gc             ] GC(101) Pause Young (Normal) (G1 Evacuation Pause) 535M->174M(604M) 2.070ms
[29.211s][info][gc,cpu         ] GC(101) User=0.00s Sys=0.00s Real=0.00s
[29.337s][info][gc,start       ] GC(102) Pause Young (Normal) (G1 Evacuation Pause)
[29.337s][info][gc,task        ] GC(102) Using 14 workers of 33 for evacuation
[29.339s][info][gc,phases      ] GC(102)   Pre Evacuate Collection Set: 0.2ms
[29.339s][info][gc,phases      ] GC(102)   Merge Heap Roots: 0.1ms
[29.339s][info][gc,phases      ] GC(102)   Evacuate Collection Set: 0.4ms
[29.339s][info][gc,phases      ] GC(102)   Post Evacuate Collection Set: 0.7ms
[29.339s][info][gc,phases      ] GC(102)   Other: 0.2ms
[29.339s][info][gc,heap        ] GC(102) Eden regions: 361->0(361)
[29.339s][info][gc,heap        ] GC(102) Survivor regions: 1->1(46)
[29.339s][info][gc,heap        ] GC(102) Old regions: 169->169
[29.339s][info][gc,heap        ] GC(102) Archive regions: 0->0
[29.339s][info][gc,heap        ] GC(102) Humongous regions: 12->12
[29.339s][info][gc,metaspace   ] GC(102) Metaspace: 59919K(60800K)->59919K(60800K) NonClass: 52360K(52864K)->52360K(52864K) Class: 7558K(7936K)->7558K(7936K)
[29.339s][info][gc             ] GC(102) Pause Young (Normal) (G1 Evacuation Pause) 535M->174M(604M) 2.006ms
[29.339s][info][gc,cpu         ] GC(102) User=0.00s Sys=0.00s Real=0.00s
[29.462s][info][gc,start       ] GC(103) Pause Young (Normal) (G1 Evacuation Pause)
[29.462s][info][gc,task        ] GC(103) Using 14 workers of 33 for evacuation
[29.463s][info][gc,phases      ] GC(103)   Pre Evacuate Collection Set: 0.2ms
[29.463s][info][gc,phases      ] GC(103)   Merge Heap Roots: 0.1ms
[29.463s][info][gc,phases      ] GC(103)   Evacuate Collection Set: 0.4ms
[29.463s][info][gc,phases      ] GC(103)   Post Evacuate Collection Set: 0.7ms
[29.463s][info][gc,phases      ] GC(103)   Other: 0.2ms
[29.463s][info][gc,heap        ] GC(103) Eden regions: 361->0(361)
[29.464s][info][gc,heap        ] GC(103) Survivor regions: 1->1(46)
[29.464s][info][gc,heap        ] GC(103) Old regions: 169->169
[29.464s][info][gc,heap        ] GC(103) Archive regions: 0->0
[29.464s][info][gc,heap        ] GC(103) Humongous regions: 12->12
[29.464s][info][gc,metaspace   ] GC(103) Metaspace: 59919K(60800K)->59919K(60800K) NonClass: 52360K(52864K)->52360K(52864K) Class: 7558K(7936K)->7558K(7936K)
[29.464s][info][gc             ] GC(103) Pause Young (Normal) (G1 Evacuation Pause) 535M->174M(604M) 2.028ms
[29.464s][info][gc,cpu         ] GC(103) User=0.00s Sys=0.00s Real=0.00s
[29.578s][info][gc,start       ] GC(104) Pause Young (Normal) (G1 Evacuation Pause)
[29.578s][info][gc,task        ] GC(104) Using 14 workers of 33 for evacuation
[29.580s][info][gc,phases      ] GC(104)   Pre Evacuate Collection Set: 0.2ms
[29.580s][info][gc,phases      ] GC(104)   Merge Heap Roots: 0.1ms
[29.580s][info][gc,phases      ] GC(104)   Evacuate Collection Set: 0.4ms
[29.580s][info][gc,phases      ] GC(104)   Post Evacuate Collection Set: 0.7ms
[29.580s][info][gc,phases      ] GC(104)   Other: 0.2ms
[29.580s][info][gc,heap        ] GC(104) Eden regions: 361->0(361)
[29.580s][info][gc,heap        ] GC(104) Survivor regions: 1->1(46)
[29.580s][info][gc,heap        ] GC(104) Old regions: 169->169
[29.580s][info][gc,heap        ] GC(104) Archive regions: 0->0
[29.580s][info][gc,heap        ] GC(104) Humongous regions: 12->12
[29.580s][info][gc,metaspace   ] GC(104) Metaspace: 59919K(60800K)->59919K(60800K) NonClass: 52360K(52864K)->52360K(52864K) Class: 7558K(7936K)->7558K(7936K)
[29.580s][info][gc             ] GC(104) Pause Young (Normal) (G1 Evacuation Pause) 535M->174M(604M) 2.045ms
[29.580s][info][gc,cpu         ] GC(104) User=0.00s Sys=0.00s Real=0.00s
[29.655s][info][gc,start       ] GC(105) Pause Full (System.gc())
[29.655s][info][gc,task        ] GC(105) Using 14 workers of 33 for full compaction
[29.656s][info][gc,phases,start] GC(105) Phase 1: Mark live objects
[29.697s][info][gc,phases      ] GC(105) Phase 1: Mark live objects 40.664ms
[29.697s][info][gc,phases,start] GC(105) Phase 2: Prepare compaction
[29.702s][info][gc,phases      ] GC(105) Phase 2: Prepare compaction 5.518ms
[29.702s][info][gc,phases,start] GC(105) Phase 3: Adjust pointers
[29.710s][info][gc,phases      ] GC(105) Phase 3: Adjust pointers 8.118ms
[29.710s][info][gc,phases,start] GC(105) Phase 4: Compact heap
[29.711s][info][gc,phases      ] GC(105) Phase 4: Compact heap 0.399ms
[29.718s][info][gc,heap        ] GC(105) Eden regions: 122->0(362)
[29.718s][info][gc,heap        ] GC(105) Survivor regions: 1->0(46)
[29.718s][info][gc,heap        ] GC(105) Old regions: 169->169
[29.718s][info][gc,heap        ] GC(105) Archive regions: 0->0
[29.718s][info][gc,heap        ] GC(105) Humongous regions: 17->12
[29.718s][info][gc,metaspace   ] GC(105) Metaspace: 59956K(60800K)->59956K(60800K) NonClass: 52395K(52864K)->52395K(52864K) Class: 7560K(7936K)->7560K(7936K)
[29.718s][info][gc             ] GC(105) Pause Full (System.gc()) 300M->174M(604M) 62.573ms
[29.718s][info][gc,cpu         ] GC(105) User=0.73s Sys=0.00s Real=0.06s
[29.892s][info][gc,start       ] GC(106) Pause Young (Normal) (G1 Evacuation Pause)
[29.892s][info][gc,task        ] GC(106) Using 14 workers of 33 for evacuation
[29.896s][info][gc,phases      ] GC(106)   Pre Evacuate Collection Set: 0.2ms
[29.896s][info][gc,phases      ] GC(106)   Merge Heap Roots: 0.2ms
[29.896s][info][gc,phases      ] GC(106)   Evacuate Collection Set: 0.5ms
[29.896s][info][gc,phases      ] GC(106)   Post Evacuate Collection Set: 3.3ms
[29.896s][info][gc,phases      ] GC(106)   Other: 0.2ms
[29.896s][info][gc,heap        ] GC(106) Eden regions: 362->0(484)
[29.896s][info][gc,heap        ] GC(106) Survivor regions: 0->1(46)
[29.897s][info][gc,heap        ] GC(106) Old regions: 169->169
[29.897s][info][gc,heap        ] GC(106) Archive regions: 0->0
[29.897s][info][gc,heap        ] GC(106) Humongous regions: 22->12
[29.897s][info][gc,metaspace   ] GC(106) Metaspace: 59969K(60864K)->59969K(60864K) NonClass: 52407K(52928K)->52407K(52928K) Class: 7561K(7936K)->7561K(7936K)
[29.897s][info][gc             ] GC(106) Pause Young (Normal) (G1 Evacuation Pause) 546M->174M(809M) 5.026ms
[29.897s][info][gc,cpu         ] GC(106) User=0.00s Sys=0.00s Real=0.00s
[30.115s][info][gc,start       ] GC(107) Pause Young (Normal) (G1 Evacuation Pause)
[30.115s][info][gc,task        ] GC(107) Using 19 workers of 33 for evacuation
[30.117s][info][gc,phases      ] GC(107)   Pre Evacuate Collection Set: 0.2ms
[30.117s][info][gc,phases      ] GC(107)   Merge Heap Roots: 0.2ms
[30.117s][info][gc,phases      ] GC(107)   Evacuate Collection Set: 0.5ms
[30.117s][info][gc,phases      ] GC(107)   Post Evacuate Collection Set: 0.8ms
[30.117s][info][gc,phases      ] GC(107)   Other: 0.2ms
[30.117s][info][gc,heap        ] GC(107) Eden regions: 484->0(484)
[30.117s][info][gc,heap        ] GC(107) Survivor regions: 1->1(61)
[30.117s][info][gc,heap        ] GC(107) Old regions: 169->169
[30.118s][info][gc,heap        ] GC(107) Archive regions: 0->0
[30.118s][info][gc,heap        ] GC(107) Humongous regions: 12->12
[30.118s][info][gc,metaspace   ] GC(107) Metaspace: 59974K(60864K)->59974K(60864K) NonClass: 52413K(52928K)->52413K(52928K) Class: 7561K(7936K)->7561K(7936K)
[30.118s][info][gc             ] GC(107) Pause Young (Normal) (G1 Evacuation Pause) 658M->174M(809M) 2.373ms
[30.118s][info][gc,cpu         ] GC(107) User=0.00s Sys=0.00s Real=0.00s
[30.288s][info][gc,start       ] GC(108) Pause Young (Normal) (G1 Evacuation Pause)
[30.288s][info][gc,task        ] GC(108) Using 19 workers of 33 for evacuation
[30.290s][info][gc,phases      ] GC(108)   Pre Evacuate Collection Set: 0.2ms
[30.290s][info][gc,phases      ] GC(108)   Merge Heap Roots: 0.2ms
[30.290s][info][gc,phases      ] GC(108)   Evacuate Collection Set: 0.5ms
[30.290s][info][gc,phases      ] GC(108)   Post Evacuate Collection Set: 0.8ms
[30.290s][info][gc,phases      ] GC(108)   Other: 0.2ms
[30.290s][info][gc,heap        ] GC(108) Eden regions: 484->0(484)
[30.290s][info][gc,heap        ] GC(108) Survivor regions: 1->1(61)
[30.290s][info][gc,heap        ] GC(108) Old regions: 169->169
[30.290s][info][gc,heap        ] GC(108) Archive regions: 0->0
[30.290s][info][gc,heap        ] GC(108) Humongous regions: 12->12
[30.290s][info][gc,metaspace   ] GC(108) Metaspace: 59974K(60864K)->59974K(60864K) NonClass: 52413K(52928K)->52413K(52928K) Class: 7561K(7936K)->7561K(7936K)
[30.290s][info][gc             ] GC(108) Pause Young (Normal) (G1 Evacuation Pause) 658M->174M(809M) 2.230ms
[30.290s][info][gc,cpu         ] GC(108) User=0.00s Sys=0.00s Real=0.00s
[30.445s][info][gc,start       ] GC(109) Pause Young (Normal) (G1 Evacuation Pause)
[30.445s][info][gc,task        ] GC(109) Using 19 workers of 33 for evacuation
[30.448s][info][gc,phases      ] GC(109)   Pre Evacuate Collection Set: 0.2ms
[30.448s][info][gc,phases      ] GC(109)   Merge Heap Roots: 0.2ms
[30.448s][info][gc,phases      ] GC(109)   Evacuate Collection Set: 0.5ms
[30.448s][info][gc,phases      ] GC(109)   Post Evacuate Collection Set: 0.8ms
[30.448s][info][gc,phases      ] GC(109)   Other: 1.4ms
[30.448s][info][gc,heap        ] GC(109) Eden regions: 484->0(484)
[30.448s][info][gc,heap        ] GC(109) Survivor regions: 1->1(61)
[30.448s][info][gc,heap        ] GC(109) Old regions: 169->169
[30.448s][info][gc,heap        ] GC(109) Archive regions: 0->0
[30.448s][info][gc,heap        ] GC(109) Humongous regions: 12->12
[30.448s][info][gc,metaspace   ] GC(109) Metaspace: 59974K(60864K)->59974K(60864K) NonClass: 52413K(52928K)->52413K(52928K) Class: 7561K(7936K)->7561K(7936K)
[30.448s][info][gc             ] GC(109) Pause Young (Normal) (G1 Evacuation Pause) 658M->174M(809M) 3.486ms
[30.448s][info][gc,cpu         ] GC(109) User=0.00s Sys=0.00s Real=0.00s
[30.519s][info][gc,start       ] GC(110) Pause Full (System.gc())
[30.519s][info][gc,task        ] GC(110) Using 19 workers of 33 for full compaction
[30.520s][info][gc,phases,start] GC(110) Phase 1: Mark live objects
[30.555s][info][gc,phases      ] GC(110) Phase 1: Mark live objects 35.249ms
[30.555s][info][gc,phases,start] GC(110) Phase 2: Prepare compaction
[30.560s][info][gc,phases      ] GC(110) Phase 2: Prepare compaction 4.895ms
[30.560s][info][gc,phases,start] GC(110) Phase 3: Adjust pointers
[30.567s][info][gc,phases      ] GC(110) Phase 3: Adjust pointers 6.369ms
[30.567s][info][gc,phases,start] GC(110) Phase 4: Compact heap
[30.567s][info][gc,phases      ] GC(110) Phase 4: Compact heap 0.373ms
[30.574s][info][gc,heap        ] GC(110) Eden regions: 115->0(370)
[30.574s][info][gc,heap        ] GC(110) Survivor regions: 1->0(61)
[30.574s][info][gc,heap        ] GC(110) Old regions: 169->173
[30.574s][info][gc,heap        ] GC(110) Archive regions: 0->0
[30.574s][info][gc,heap        ] GC(110) Humongous regions: 17->12
[30.574s][info][gc,metaspace   ] GC(110) Metaspace: 60002K(60864K)->60002K(60864K) NonClass: 52440K(52928K)->52440K(52928K) Class: 7561K(7936K)->7561K(7936K)
[30.574s][info][gc             ] GC(110) Pause Full (System.gc()) 293M->174M(617M) 54.555ms
[30.574s][info][gc,cpu         ] GC(110) User=1.09s Sys=0.00s Real=0.06s
[30.753s][info][gc,start       ] GC(111) Pause Young (Normal) (G1 Evacuation Pause)
[30.753s][info][gc,task        ] GC(111) Using 16 workers of 33 for evacuation
[30.755s][info][gc,phases      ] GC(111)   Pre Evacuate Collection Set: 0.2ms
[30.755s][info][gc,phases      ] GC(111)   Merge Heap Roots: 0.1ms
[30.755s][info][gc,phases      ] GC(111)   Evacuate Collection Set: 0.5ms
[30.755s][info][gc,phases      ] GC(111)   Post Evacuate Collection Set: 0.7ms
[30.755s][info][gc,phases      ] GC(111)   Other: 0.2ms
[30.755s][info][gc,heap        ] GC(111) Eden regions: 370->0(369)
[30.755s][info][gc,heap        ] GC(111) Survivor regions: 0->1(47)
[30.755s][info][gc,heap        ] GC(111) Old regions: 173->173
[30.755s][info][gc,heap        ] GC(111) Archive regions: 0->0
[30.755s][info][gc,heap        ] GC(111) Humongous regions: 22->12
[30.755s][info][gc,metaspace   ] GC(111) Metaspace: 60027K(60864K)->60027K(60864K) NonClass: 52465K(52928K)->52465K(52928K) Class: 7561K(7936K)->7561K(7936K)
[30.755s][info][gc             ] GC(111) Pause Young (Normal) (G1 Evacuation Pause) 554M->174M(617M) 2.216ms
[30.756s][info][gc,cpu         ] GC(111) User=0.02s Sys=0.00s Real=0.02s
[30.883s][info][gc,start       ] GC(112) Pause Young (Normal) (G1 Evacuation Pause)
[30.883s][info][gc,task        ] GC(112) Using 15 workers of 33 for evacuation
[30.885s][info][gc,phases      ] GC(112)   Pre Evacuate Collection Set: 0.2ms
[30.885s][info][gc,phases      ] GC(112)   Merge Heap Roots: 0.1ms
[30.885s][info][gc,phases      ] GC(112)   Evacuate Collection Set: 0.5ms
[30.885s][info][gc,phases      ] GC(112)   Post Evacuate Collection Set: 0.7ms
[30.885s][info][gc,phases      ] GC(112)   Other: 0.2ms
[30.885s][info][gc,heap        ] GC(112) Eden regions: 369->0(369)
[30.885s][info][gc,heap        ] GC(112) Survivor regions: 1->1(47)
[30.885s][info][gc,heap        ] GC(112) Old regions: 173->173
[30.885s][info][gc,heap        ] GC(112) Archive regions: 0->0
[30.885s][info][gc,heap        ] GC(112) Humongous regions: 12->12
[30.885s][info][gc,metaspace   ] GC(112) Metaspace: 60027K(60864K)->60027K(60864K) NonClass: 52465K(52928K)->52465K(52928K) Class: 7561K(7936K)->7561K(7936K)
[30.885s][info][gc             ] GC(112) Pause Young (Normal) (G1 Evacuation Pause) 543M->174M(617M) 2.167ms
[30.886s][info][gc,cpu         ] GC(112) User=0.00s Sys=0.00s Real=0.00s
[31.011s][info][gc,start       ] GC(113) Pause Young (Normal) (G1 Evacuation Pause)
[31.011s][info][gc,task        ] GC(113) Using 14 workers of 33 for evacuation
[31.013s][info][gc,phases      ] GC(113)   Pre Evacuate Collection Set: 0.2ms
[31.013s][info][gc,phases      ] GC(113)   Merge Heap Roots: 0.2ms
[31.013s][info][gc,phases      ] GC(113)   Evacuate Collection Set: 0.4ms
[31.013s][info][gc,phases      ] GC(113)   Post Evacuate Collection Set: 0.5ms
[31.013s][info][gc,phases      ] GC(113)   Other: 0.2ms
[31.013s][info][gc,heap        ] GC(113) Eden regions: 369->0(369)
[31.013s][info][gc,heap        ] GC(113) Survivor regions: 1->1(47)
[31.013s][info][gc,heap        ] GC(113) Old regions: 173->173
[31.013s][info][gc,heap        ] GC(113) Archive regions: 0->0
[31.013s][info][gc,heap        ] GC(113) Humongous regions: 12->12
[31.013s][info][gc,metaspace   ] GC(113) Metaspace: 60027K(60864K)->60027K(60864K) NonClass: 52465K(52928K)->52465K(52928K) Class: 7561K(7936K)->7561K(7936K)
[31.013s][info][gc             ] GC(113) Pause Young (Normal) (G1 Evacuation Pause) 543M->174M(617M) 1.963ms
[31.013s][info][gc,cpu         ] GC(113) User=0.00s Sys=0.00s Real=0.00s
[31.131s][info][gc,start       ] GC(114) Pause Young (Normal) (G1 Evacuation Pause)
[31.131s][info][gc,task        ] GC(114) Using 14 workers of 33 for evacuation
[31.133s][info][gc,phases      ] GC(114)   Pre Evacuate Collection Set: 0.2ms
[31.133s][info][gc,phases      ] GC(114)   Merge Heap Roots: 0.1ms
[31.133s][info][gc,phases      ] GC(114)   Evacuate Collection Set: 0.5ms
[31.133s][info][gc,phases      ] GC(114)   Post Evacuate Collection Set: 0.7ms
[31.133s][info][gc,phases      ] GC(114)   Other: 0.2ms
[31.133s][info][gc,heap        ] GC(114) Eden regions: 369->0(369)
[31.133s][info][gc,heap        ] GC(114) Survivor regions: 1->1(47)
[31.133s][info][gc,heap        ] GC(114) Old regions: 173->173
[31.133s][info][gc,heap        ] GC(114) Archive regions: 0->0
[31.133s][info][gc,heap        ] GC(114) Humongous regions: 12->12
[31.133s][info][gc,metaspace   ] GC(114) Metaspace: 60027K(60864K)->60027K(60864K) NonClass: 52465K(52928K)->52465K(52928K) Class: 7561K(7936K)->7561K(7936K)
[31.133s][info][gc             ] GC(114) Pause Young (Normal) (G1 Evacuation Pause) 543M->174M(617M) 2.054ms
[31.133s][info][gc,cpu         ] GC(114) User=0.00s Sys=0.00s Real=0.00s
[31.251s][info][gc,start       ] GC(115) Pause Young (Normal) (G1 Evacuation Pause)
[31.251s][info][gc,task        ] GC(115) Using 14 workers of 33 for evacuation
[31.252s][info][gc,phases      ] GC(115)   Pre Evacuate Collection Set: 0.2ms
[31.252s][info][gc,phases      ] GC(115)   Merge Heap Roots: 0.1ms
[31.252s][info][gc,phases      ] GC(115)   Evacuate Collection Set: 0.5ms
[31.252s][info][gc,phases      ] GC(115)   Post Evacuate Collection Set: 0.7ms
[31.252s][info][gc,phases      ] GC(115)   Other: 0.1ms
[31.252s][info][gc,heap        ] GC(115) Eden regions: 369->0(369)
[31.252s][info][gc,heap        ] GC(115) Survivor regions: 1->1(47)
[31.252s][info][gc,heap        ] GC(115) Old regions: 173->173
[31.252s][info][gc,heap        ] GC(115) Archive regions: 0->0
[31.252s][info][gc,heap        ] GC(115) Humongous regions: 12->12
[31.252s][info][gc,metaspace   ] GC(115) Metaspace: 60027K(60864K)->60027K(60864K) NonClass: 52465K(52928K)->52465K(52928K) Class: 7561K(7936K)->7561K(7936K)
[31.253s][info][gc             ] GC(115) Pause Young (Normal) (G1 Evacuation Pause) 543M->174M(617M) 1.979ms
[31.253s][info][gc,cpu         ] GC(115) User=0.00s Sys=0.00s Real=0.00s
[31.319s][info][gc,start       ] GC(116) Pause Full (System.gc())
[31.319s][info][gc,task        ] GC(116) Using 14 workers of 33 for full compaction
[31.320s][info][gc,phases,start] GC(116) Phase 1: Mark live objects
[31.360s][info][gc,phases      ] GC(116) Phase 1: Mark live objects 40.184ms
[31.360s][info][gc,phases,start] GC(116) Phase 2: Prepare compaction
[31.365s][info][gc,phases      ] GC(116) Phase 2: Prepare compaction 5.030ms
[31.365s][info][gc,phases,start] GC(116) Phase 3: Adjust pointers
[31.372s][info][gc,phases      ] GC(116) Phase 3: Adjust pointers 7.229ms
[31.372s][info][gc,phases,start] GC(116) Phase 4: Compact heap
[31.373s][info][gc,phases      ] GC(116) Phase 4: Compact heap 0.405ms
[31.380s][info][gc,heap        ] GC(116) Eden regions: 84->0(364)
[31.380s][info][gc,heap        ] GC(116) Survivor regions: 1->0(47)
[31.380s][info][gc,heap        ] GC(116) Old regions: 173->170
[31.380s][info][gc,heap        ] GC(116) Archive regions: 0->0
[31.380s][info][gc,heap        ] GC(116) Humongous regions: 17->12
[31.380s][info][gc,metaspace   ] GC(116) Metaspace: 60038K(60864K)->60038K(60864K) NonClass: 52477K(52928K)->52477K(52928K) Class: 7561K(7936K)->7561K(7936K)
[31.380s][info][gc             ] GC(116) Pause Full (System.gc()) 262M->174M(607M) 60.622ms
[31.380s][info][gc,cpu         ] GC(116) User=0.48s Sys=0.00s Real=0.05s
[31.562s][info][gc,start       ] GC(117) Pause Young (Normal) (G1 Evacuation Pause)
[31.562s][info][gc,task        ] GC(117) Using 14 workers of 33 for evacuation
[31.564s][info][gc,phases      ] GC(117)   Pre Evacuate Collection Set: 0.3ms
[31.564s][info][gc,phases      ] GC(117)   Merge Heap Roots: 0.2ms
[31.564s][info][gc,phases      ] GC(117)   Evacuate Collection Set: 0.5ms
[31.564s][info][gc,phases      ] GC(117)   Post Evacuate Collection Set: 0.7ms
[31.564s][info][gc,phases      ] GC(117)   Other: 0.2ms
[31.564s][info][gc,heap        ] GC(117) Eden regions: 364->0(363)
[31.564s][info][gc,heap        ] GC(117) Survivor regions: 0->1(46)
[31.564s][info][gc,heap        ] GC(117) Old regions: 170->170
[31.564s][info][gc,heap        ] GC(117) Archive regions: 0->0
[31.564s][info][gc,heap        ] GC(117) Humongous regions: 22->12
[31.564s][info][gc,metaspace   ] GC(117) Metaspace: 60060K(60992K)->60060K(60992K) NonClass: 52498K(53056K)->52498K(53056K) Class: 7562K(7936K)->7562K(7936K)
[31.564s][info][gc             ] GC(117) Pause Young (Normal) (G1 Evacuation Pause) 548M->174M(607M) 2.350ms
[31.564s][info][gc,cpu         ] GC(117) User=0.00s Sys=0.00s Real=0.00s
[31.696s][info][gc,start       ] GC(118) Pause Young (Normal) (G1 Evacuation Pause)
[31.696s][info][gc,task        ] GC(118) Using 14 workers of 33 for evacuation
[31.698s][info][gc,phases      ] GC(118)   Pre Evacuate Collection Set: 0.2ms
[31.698s][info][gc,phases      ] GC(118)   Merge Heap Roots: 0.2ms
[31.698s][info][gc,phases      ] GC(118)   Evacuate Collection Set: 0.5ms
[31.698s][info][gc,phases      ] GC(118)   Post Evacuate Collection Set: 0.7ms
[31.698s][info][gc,phases      ] GC(118)   Other: 0.2ms
[31.698s][info][gc,heap        ] GC(118) Eden regions: 363->0(363)
[31.698s][info][gc,heap        ] GC(118) Survivor regions: 1->1(46)
[31.698s][info][gc,heap        ] GC(118) Old regions: 170->170
[31.698s][info][gc,heap        ] GC(118) Archive regions: 0->0
[31.698s][info][gc,heap        ] GC(118) Humongous regions: 12->12
[31.698s][info][gc,metaspace   ] GC(118) Metaspace: 60060K(60992K)->60060K(60992K) NonClass: 52498K(53056K)->52498K(53056K) Class: 7562K(7936K)->7562K(7936K)
[31.698s][info][gc             ] GC(118) Pause Young (Normal) (G1 Evacuation Pause) 537M->174M(607M) 2.167ms
[31.699s][info][gc,cpu         ] GC(118) User=0.00s Sys=0.00s Real=0.00s
[31.822s][info][gc,start       ] GC(119) Pause Young (Normal) (G1 Evacuation Pause)
[31.822s][info][gc,task        ] GC(119) Using 14 workers of 33 for evacuation
[31.823s][info][gc,phases      ] GC(119)   Pre Evacuate Collection Set: 0.2ms
[31.823s][info][gc,phases      ] GC(119)   Merge Heap Roots: 0.1ms
[31.823s][info][gc,phases      ] GC(119)   Evacuate Collection Set: 0.5ms
[31.823s][info][gc,phases      ] GC(119)   Post Evacuate Collection Set: 0.7ms
[31.823s][info][gc,phases      ] GC(119)   Other: 0.2ms
[31.823s][info][gc,heap        ] GC(119) Eden regions: 363->0(363)
[31.824s][info][gc,heap        ] GC(119) Survivor regions: 1->1(46)
[31.824s][info][gc,heap        ] GC(119) Old regions: 170->170
[31.824s][info][gc,heap        ] GC(119) Archive regions: 0->0
[31.824s][info][gc,heap        ] GC(119) Humongous regions: 12->12
[31.824s][info][gc,metaspace   ] GC(119) Metaspace: 60060K(60992K)->60060K(60992K) NonClass: 52498K(53056K)->52498K(53056K) Class: 7562K(7936K)->7562K(7936K)
[31.824s][info][gc             ] GC(119) Pause Young (Normal) (G1 Evacuation Pause) 537M->174M(607M) 2.034ms
[31.824s][info][gc,cpu         ] GC(119) User=0.00s Sys=0.00s Real=0.00s
[31.939s][info][gc,start       ] GC(120) Pause Young (Normal) (G1 Evacuation Pause)
[31.939s][info][gc,task        ] GC(120) Using 14 workers of 33 for evacuation
[31.941s][info][gc,phases      ] GC(120)   Pre Evacuate Collection Set: 0.2ms
[31.941s][info][gc,phases      ] GC(120)   Merge Heap Roots: 0.2ms
[31.941s][info][gc,phases      ] GC(120)   Evacuate Collection Set: 0.4ms
[31.941s][info][gc,phases      ] GC(120)   Post Evacuate Collection Set: 0.5ms
[31.941s][info][gc,phases      ] GC(120)   Other: 0.2ms
[31.941s][info][gc,heap        ] GC(120) Eden regions: 363->0(363)
[31.941s][info][gc,heap        ] GC(120) Survivor regions: 1->1(46)
[31.941s][info][gc,heap        ] GC(120) Old regions: 170->170
[31.941s][info][gc,heap        ] GC(120) Archive regions: 0->0
[31.941s][info][gc,heap        ] GC(120) Humongous regions: 12->12
[31.941s][info][gc,metaspace   ] GC(120) Metaspace: 60060K(60992K)->60060K(60992K) NonClass: 52498K(53056K)->52498K(53056K) Class: 7562K(7936K)->7562K(7936K)
[31.941s][info][gc             ] GC(120) Pause Young (Normal) (G1 Evacuation Pause) 537M->174M(607M) 1.914ms
[31.941s][info][gc,cpu         ] GC(120) User=0.00s Sys=0.00s Real=0.00s
[32.057s][info][gc,start       ] GC(121) Pause Young (Normal) (G1 Evacuation Pause)
[32.057s][info][gc,task        ] GC(121) Using 14 workers of 33 for evacuation
[32.059s][info][gc,phases      ] GC(121)   Pre Evacuate Collection Set: 0.2ms
[32.059s][info][gc,phases      ] GC(121)   Merge Heap Roots: 0.1ms
[32.059s][info][gc,phases      ] GC(121)   Evacuate Collection Set: 0.4ms
[32.059s][info][gc,phases      ] GC(121)   Post Evacuate Collection Set: 0.7ms
[32.059s][info][gc,phases      ] GC(121)   Other: 0.2ms
[32.059s][info][gc,heap        ] GC(121) Eden regions: 363->0(363)
[32.059s][info][gc,heap        ] GC(121) Survivor regions: 1->1(46)
[32.059s][info][gc,heap        ] GC(121) Old regions: 170->170
[32.059s][info][gc,heap        ] GC(121) Archive regions: 0->0
[32.059s][info][gc,heap        ] GC(121) Humongous regions: 12->12
[32.059s][info][gc,metaspace   ] GC(121) Metaspace: 60060K(60992K)->60060K(60992K) NonClass: 52498K(53056K)->52498K(53056K) Class: 7562K(7936K)->7562K(7936K)
[32.059s][info][gc             ] GC(121) Pause Young (Normal) (G1 Evacuation Pause) 537M->174M(607M) 2.012ms
[32.059s][info][gc,cpu         ] GC(121) User=0.00s Sys=0.00s Real=0.00s
[32.122s][info][gc,start       ] GC(122) Pause Full (System.gc())
[32.122s][info][gc,task        ] GC(122) Using 14 workers of 33 for full compaction
[32.122s][info][gc,phases,start] GC(122) Phase 1: Mark live objects
[32.162s][info][gc,phases      ] GC(122) Phase 1: Mark live objects 39.586ms
[32.162s][info][gc,phases,start] GC(122) Phase 2: Prepare compaction
[32.167s][info][gc,phases      ] GC(122) Phase 2: Prepare compaction 5.042ms
[32.167s][info][gc,phases,start] GC(122) Phase 3: Adjust pointers
[32.174s][info][gc,phases      ] GC(122) Phase 3: Adjust pointers 6.629ms
[32.174s][info][gc,phases,start] GC(122) Phase 4: Compact heap
[32.174s][info][gc,phases      ] GC(122) Phase 4: Compact heap 0.391ms
[32.180s][info][gc,heap        ] GC(122) Eden regions: 111->0(364)
[32.180s][info][gc,heap        ] GC(122) Survivor regions: 1->0(46)
[32.180s][info][gc,heap        ] GC(122) Old regions: 170->170
[32.180s][info][gc,heap        ] GC(122) Archive regions: 0->0
[32.180s][info][gc,heap        ] GC(122) Humongous regions: 17->12
[32.180s][info][gc,metaspace   ] GC(122) Metaspace: 60074K(60992K)->60074K(60992K) NonClass: 52512K(53056K)->52512K(53056K) Class: 7562K(7936K)->7562K(7936K)
[32.180s][info][gc             ] GC(122) Pause Full (System.gc()) 290M->174M(607M) 58.671ms
[32.180s][info][gc,cpu         ] GC(122) User=0.67s Sys=0.00s Real=0.06s
[32.353s][info][gc,start       ] GC(123) Pause Young (Normal) (G1 Evacuation Pause)
[32.353s][info][gc,task        ] GC(123) Using 14 workers of 33 for evacuation
[32.359s][info][gc,phases      ] GC(123)   Pre Evacuate Collection Set: 0.2ms
[32.359s][info][gc,phases      ] GC(123)   Merge Heap Roots: 0.2ms
[32.359s][info][gc,phases      ] GC(123)   Evacuate Collection Set: 0.5ms
[32.359s][info][gc,phases      ] GC(123)   Post Evacuate Collection Set: 4.0ms
[32.359s][info][gc,phases      ] GC(123)   Other: 0.2ms
[32.359s][info][gc,heap        ] GC(123) Eden regions: 364->0(483)
[32.359s][info][gc,heap        ] GC(123) Survivor regions: 0->1(46)
[32.359s][info][gc,heap        ] GC(123) Old regions: 170->170
[32.359s][info][gc,heap        ] GC(123) Archive regions: 0->0
[32.359s][info][gc,heap        ] GC(123) Humongous regions: 22->12
[32.359s][info][gc,metaspace   ] GC(123) Metaspace: 60100K(60992K)->60100K(60992K) NonClass: 52538K(53056K)->52538K(53056K) Class: 7562K(7936K)->7562K(7936K)
[32.359s][info][gc             ] GC(123) Pause Young (Normal) (G1 Evacuation Pause) 548M->174M(808M) 5.702ms
[32.359s][info][gc,cpu         ] GC(123) User=0.00s Sys=0.00s Real=0.00s
[32.563s][info][gc,start       ] GC(124) Pause Young (Normal) (G1 Evacuation Pause)
[32.563s][info][gc,task        ] GC(124) Using 19 workers of 33 for evacuation
[32.565s][info][gc,phases      ] GC(124)   Pre Evacuate Collection Set: 0.2ms
[32.565s][info][gc,phases      ] GC(124)   Merge Heap Roots: 0.2ms
[32.565s][info][gc,phases      ] GC(124)   Evacuate Collection Set: 0.5ms
[32.565s][info][gc,phases      ] GC(124)   Post Evacuate Collection Set: 0.8ms
[32.565s][info][gc,phases      ] GC(124)   Other: 0.2ms
[32.565s][info][gc,heap        ] GC(124) Eden regions: 483->0(483)
[32.565s][info][gc,heap        ] GC(124) Survivor regions: 1->1(61)
[32.565s][info][gc,heap        ] GC(124) Old regions: 170->170
[32.565s][info][gc,heap        ] GC(124) Archive regions: 0->0
[32.565s][info][gc,heap        ] GC(124) Humongous regions: 12->12
[32.565s][info][gc,metaspace   ] GC(124) Metaspace: 60102K(60992K)->60102K(60992K) NonClass: 52540K(53056K)->52540K(53056K) Class: 7562K(7936K)->7562K(7936K)
[32.565s][info][gc             ] GC(124) Pause Young (Normal) (G1 Evacuation Pause) 657M->174M(808M) 2.418ms
[32.565s][info][gc,cpu         ] GC(124) User=0.00s Sys=0.00s Real=0.00s
[32.728s][info][gc,start       ] GC(125) Pause Young (Normal) (G1 Evacuation Pause)
[32.728s][info][gc,task        ] GC(125) Using 19 workers of 33 for evacuation
[32.730s][info][gc,phases      ] GC(125)   Pre Evacuate Collection Set: 0.2ms
[32.730s][info][gc,phases      ] GC(125)   Merge Heap Roots: 0.2ms
[32.730s][info][gc,phases      ] GC(125)   Evacuate Collection Set: 0.5ms
[32.730s][info][gc,phases      ] GC(125)   Post Evacuate Collection Set: 0.8ms
[32.730s][info][gc,phases      ] GC(125)   Other: 0.2ms
[32.730s][info][gc,heap        ] GC(125) Eden regions: 483->0(483)
[32.730s][info][gc,heap        ] GC(125) Survivor regions: 1->1(61)
[32.730s][info][gc,heap        ] GC(125) Old regions: 170->170
[32.730s][info][gc,heap        ] GC(125) Archive regions: 0->0
[32.730s][info][gc,heap        ] GC(125) Humongous regions: 12->12
[32.730s][info][gc,metaspace   ] GC(125) Metaspace: 60102K(60992K)->60102K(60992K) NonClass: 52540K(53056K)->52540K(53056K) Class: 7562K(7936K)->7562K(7936K)
[32.730s][info][gc             ] GC(125) Pause Young (Normal) (G1 Evacuation Pause) 657M->174M(808M) 2.224ms
[32.730s][info][gc,cpu         ] GC(125) User=0.00s Sys=0.00s Real=0.00s
[32.888s][info][gc,start       ] GC(126) Pause Young (Normal) (G1 Evacuation Pause)
[32.888s][info][gc,task        ] GC(126) Using 19 workers of 33 for evacuation
[32.890s][info][gc,phases      ] GC(126)   Pre Evacuate Collection Set: 0.2ms
[32.890s][info][gc,phases      ] GC(126)   Merge Heap Roots: 0.2ms
[32.890s][info][gc,phases      ] GC(126)   Evacuate Collection Set: 0.4ms
[32.890s][info][gc,phases      ] GC(126)   Post Evacuate Collection Set: 0.8ms
[32.890s][info][gc,phases      ] GC(126)   Other: 0.2ms
[32.890s][info][gc,heap        ] GC(126) Eden regions: 483->0(483)
[32.890s][info][gc,heap        ] GC(126) Survivor regions: 1->1(61)
[32.890s][info][gc,heap        ] GC(126) Old regions: 170->170
[32.890s][info][gc,heap        ] GC(126) Archive regions: 0->0
[32.890s][info][gc,heap        ] GC(126) Humongous regions: 12->12
[32.890s][info][gc,metaspace   ] GC(126) Metaspace: 60102K(60992K)->60102K(60992K) NonClass: 52540K(53056K)->52540K(53056K) Class: 7562K(7936K)->7562K(7936K)
[32.890s][info][gc             ] GC(126) Pause Young (Normal) (G1 Evacuation Pause) 657M->174M(808M) 2.251ms
[32.890s][info][gc,cpu         ] GC(126) User=0.00s Sys=0.00s Real=0.00s
[32.974s][info][gc,start       ] GC(127) Pause Full (System.gc())
[32.974s][info][gc,task        ] GC(127) Using 19 workers of 33 for full compaction
[32.975s][info][gc,phases,start] GC(127) Phase 1: Mark live objects
[33.011s][info][gc,phases      ] GC(127) Phase 1: Mark live objects 36.430ms
[33.011s][info][gc,phases,start] GC(127) Phase 2: Prepare compaction
[33.016s][info][gc,phases      ] GC(127) Phase 2: Prepare compaction 4.720ms
[33.016s][info][gc,phases,start] GC(127) Phase 3: Adjust pointers
[33.022s][info][gc,phases      ] GC(127) Phase 3: Adjust pointers 6.602ms
[33.022s][info][gc,phases,start] GC(127) Phase 4: Compact heap
[33.023s][info][gc,phases      ] GC(127) Phase 4: Compact heap 0.406ms
[33.030s][info][gc,heap        ] GC(127) Eden regions: 115->0(368)
[33.030s][info][gc,heap        ] GC(127) Survivor regions: 1->0(61)
[33.030s][info][gc,heap        ] GC(127) Old regions: 170->172
[33.030s][info][gc,heap        ] GC(127) Archive regions: 0->0
[33.030s][info][gc,heap        ] GC(127) Humongous regions: 17->12
[33.031s][info][gc,metaspace   ] GC(127) Metaspace: 60125K(60992K)->60125K(60992K) NonClass: 52562K(53056K)->52562K(53056K) Class: 7562K(7936K)->7562K(7936K)
[33.031s][info][gc             ] GC(127) Pause Full (System.gc()) 293M->174M(614M) 57.043ms
[33.031s][info][gc,cpu         ] GC(127) User=0.94s Sys=0.00s Real=0.06s
[33.208s][info][gc,start       ] GC(128) Pause Young (Normal) (G1 Evacuation Pause)
[33.208s][info][gc,task        ] GC(128) Using 16 workers of 33 for evacuation
[33.210s][info][gc,phases      ] GC(128)   Pre Evacuate Collection Set: 0.2ms
[33.210s][info][gc,phases      ] GC(128)   Merge Heap Roots: 0.1ms
[33.210s][info][gc,phases      ] GC(128)   Evacuate Collection Set: 0.5ms
[33.210s][info][gc,phases      ] GC(128)   Post Evacuate Collection Set: 0.6ms
[33.210s][info][gc,phases      ] GC(128)   Other: 0.2ms
[33.210s][info][gc,heap        ] GC(128) Eden regions: 368->0(367)
[33.210s][info][gc,heap        ] GC(128) Survivor regions: 0->1(46)
[33.210s][info][gc,heap        ] GC(128) Old regions: 172->172
[33.210s][info][gc,heap        ] GC(128) Archive regions: 0->0
[33.210s][info][gc,heap        ] GC(128) Humongous regions: 22->12
[33.210s][info][gc,metaspace   ] GC(128) Metaspace: 60143K(61056K)->60143K(61056K) NonClass: 52580K(53120K)->52580K(53120K) Class: 7562K(7936K)->7562K(7936K)
[33.210s][info][gc             ] GC(128) Pause Young (Normal) (G1 Evacuation Pause) 552M->174M(614M) 2.006ms
[33.210s][info][gc,cpu         ] GC(128) User=0.02s Sys=0.00s Real=0.02s
[33.335s][info][gc,start       ] GC(129) Pause Young (Normal) (G1 Evacuation Pause)
[33.335s][info][gc,task        ] GC(129) Using 15 workers of 33 for evacuation
[33.336s][info][gc,phases      ] GC(129)   Pre Evacuate Collection Set: 0.2ms
[33.336s][info][gc,phases      ] GC(129)   Merge Heap Roots: 0.2ms
[33.336s][info][gc,phases      ] GC(129)   Evacuate Collection Set: 0.5ms
[33.336s][info][gc,phases      ] GC(129)   Post Evacuate Collection Set: 0.7ms
[33.337s][info][gc,phases      ] GC(129)   Other: 0.2ms
[33.337s][info][gc,heap        ] GC(129) Eden regions: 367->0(367)
[33.337s][info][gc,heap        ] GC(129) Survivor regions: 1->1(46)
[33.337s][info][gc,heap        ] GC(129) Old regions: 172->172
[33.337s][info][gc,heap        ] GC(129) Archive regions: 0->0
[33.337s][info][gc,heap        ] GC(129) Humongous regions: 12->12
[33.337s][info][gc,metaspace   ] GC(129) Metaspace: 60150K(61056K)->60150K(61056K) NonClass: 52587K(53120K)->52587K(53120K) Class: 7562K(7936K)->7562K(7936K)
[33.337s][info][gc             ] GC(129) Pause Young (Normal) (G1 Evacuation Pause) 541M->174M(614M) 2.146ms
[33.337s][info][gc,cpu         ] GC(129) User=0.00s Sys=0.00s Real=0.00s
[33.454s][info][gc,start       ] GC(130) Pause Young (Normal) (G1 Evacuation Pause)
[33.454s][info][gc,task        ] GC(130) Using 14 workers of 33 for evacuation
[33.456s][info][gc,phases      ] GC(130)   Pre Evacuate Collection Set: 0.2ms
[33.456s][info][gc,phases      ] GC(130)   Merge Heap Roots: 0.1ms
[33.456s][info][gc,phases      ] GC(130)   Evacuate Collection Set: 0.5ms
[33.456s][info][gc,phases      ] GC(130)   Post Evacuate Collection Set: 0.7ms
[33.456s][info][gc,phases      ] GC(130)   Other: 0.2ms
[33.456s][info][gc,heap        ] GC(130) Eden regions: 367->0(367)
[33.456s][info][gc,heap        ] GC(130) Survivor regions: 1->1(46)
[33.456s][info][gc,heap        ] GC(130) Old regions: 172->172
[33.456s][info][gc,heap        ] GC(130) Archive regions: 0->0
[33.456s][info][gc,heap        ] GC(130) Humongous regions: 12->12
[33.456s][info][gc,metaspace   ] GC(130) Metaspace: 60152K(61056K)->60152K(61056K) NonClass: 52589K(53120K)->52589K(53120K) Class: 7562K(7936K)->7562K(7936K)
[33.456s][info][gc             ] GC(130) Pause Young (Normal) (G1 Evacuation Pause) 541M->174M(614M) 2.064ms
[33.456s][info][gc,cpu         ] GC(130) User=0.00s Sys=0.00s Real=0.00s
[33.573s][info][gc,start       ] GC(131) Pause Young (Normal) (G1 Evacuation Pause)
[33.574s][info][gc,task        ] GC(131) Using 14 workers of 33 for evacuation
[33.575s][info][gc,phases      ] GC(131)   Pre Evacuate Collection Set: 0.2ms
[33.575s][info][gc,phases      ] GC(131)   Merge Heap Roots: 0.1ms
[33.575s][info][gc,phases      ] GC(131)   Evacuate Collection Set: 0.4ms
[33.575s][info][gc,phases      ] GC(131)   Post Evacuate Collection Set: 0.7ms
[33.575s][info][gc,phases      ] GC(131)   Other: 0.2ms
[33.575s][info][gc,heap        ] GC(131) Eden regions: 367->0(367)
[33.575s][info][gc,heap        ] GC(131) Survivor regions: 1->1(46)
[33.575s][info][gc,heap        ] GC(131) Old regions: 172->172
[33.575s][info][gc,heap        ] GC(131) Archive regions: 0->0
[33.575s][info][gc,heap        ] GC(131) Humongous regions: 12->12
[33.575s][info][gc,metaspace   ] GC(131) Metaspace: 60152K(61056K)->60152K(61056K) NonClass: 52589K(53120K)->52589K(53120K) Class: 7562K(7936K)->7562K(7936K)
[33.576s][info][gc             ] GC(131) Pause Young (Normal) (G1 Evacuation Pause) 541M->174M(614M) 2.033ms
[33.576s][info][gc,cpu         ] GC(131) User=0.00s Sys=0.00s Real=0.00s
[33.692s][info][gc,start       ] GC(132) Pause Young (Normal) (G1 Evacuation Pause)
[33.692s][info][gc,task        ] GC(132) Using 14 workers of 33 for evacuation
[33.694s][info][gc,phases      ] GC(132)   Pre Evacuate Collection Set: 0.2ms
[33.694s][info][gc,phases      ] GC(132)   Merge Heap Roots: 0.1ms
[33.694s][info][gc,phases      ] GC(132)   Evacuate Collection Set: 0.4ms
[33.694s][info][gc,phases      ] GC(132)   Post Evacuate Collection Set: 0.7ms
[33.694s][info][gc,phases      ] GC(132)   Other: 0.2ms
[33.694s][info][gc,heap        ] GC(132) Eden regions: 367->0(367)
[33.694s][info][gc,heap        ] GC(132) Survivor regions: 1->1(46)
[33.694s][info][gc,heap        ] GC(132) Old regions: 172->172
[33.694s][info][gc,heap        ] GC(132) Archive regions: 0->0
[33.694s][info][gc,heap        ] GC(132) Humongous regions: 12->12
[33.694s][info][gc,metaspace   ] GC(132) Metaspace: 60152K(61056K)->60152K(61056K) NonClass: 52589K(53120K)->52589K(53120K) Class: 7562K(7936K)->7562K(7936K)
[33.694s][info][gc             ] GC(132) Pause Young (Normal) (G1 Evacuation Pause) 541M->174M(614M) 2.044ms
[33.694s][info][gc,cpu         ] GC(132) User=0.00s Sys=0.00s Real=0.00s
[33.757s][info][gc,start       ] GC(133) Pause Full (System.gc())
[33.757s][info][gc,task        ] GC(133) Using 14 workers of 33 for full compaction
[33.758s][info][gc,phases,start] GC(133) Phase 1: Mark live objects
[33.793s][info][gc,phases      ] GC(133) Phase 1: Mark live objects 34.831ms
[33.793s][info][gc,phases,start] GC(133) Phase 2: Prepare compaction
[33.798s][info][gc,phases      ] GC(133) Phase 2: Prepare compaction 5.074ms
[33.798s][info][gc,phases,start] GC(133) Phase 3: Adjust pointers
[33.806s][info][gc,phases      ] GC(133) Phase 3: Adjust pointers 7.961ms
[33.806s][info][gc,phases,start] GC(133) Phase 4: Compact heap
[33.807s][info][gc,phases      ] GC(133) Phase 4: Compact heap 0.386ms
[33.813s][info][gc,heap        ] GC(133) Eden regions: 92->0(364)
[33.813s][info][gc,heap        ] GC(133) Survivor regions: 1->0(46)
[33.813s][info][gc,heap        ] GC(133) Old regions: 172->170
[33.813s][info][gc,heap        ] GC(133) Archive regions: 0->0
[33.813s][info][gc,heap        ] GC(133) Humongous regions: 17->12
[33.813s][info][gc,metaspace   ] GC(133) Metaspace: 60174K(61056K)->60174K(61056K) NonClass: 52611K(53120K)->52611K(53120K) Class: 7562K(7936K)->7562K(7936K)
[33.813s][info][gc             ] GC(133) Pause Full (System.gc()) 270M->174M(607M) 55.276ms
[33.813s][info][gc,cpu         ] GC(133) User=0.66s Sys=0.00s Real=0.05s
[33.989s][info][gc,start       ] GC(134) Pause Young (Normal) (G1 Evacuation Pause)
[33.989s][info][gc,task        ] GC(134) Using 14 workers of 33 for evacuation
[33.991s][info][gc,phases      ] GC(134)   Pre Evacuate Collection Set: 0.2ms
[33.991s][info][gc,phases      ] GC(134)   Merge Heap Roots: 0.2ms
[33.991s][info][gc,phases      ] GC(134)   Evacuate Collection Set: 0.5ms
[33.991s][info][gc,phases      ] GC(134)   Post Evacuate Collection Set: 0.7ms
[33.991s][info][gc,phases      ] GC(134)   Other: 0.2ms
[33.991s][info][gc,heap        ] GC(134) Eden regions: 364->0(363)
[33.991s][info][gc,heap        ] GC(134) Survivor regions: 0->1(46)
[33.991s][info][gc,heap        ] GC(134) Old regions: 170->170
[33.991s][info][gc,heap        ] GC(134) Archive regions: 0->0
[33.991s][info][gc,heap        ] GC(134) Humongous regions: 22->12
[33.991s][info][gc,metaspace   ] GC(134) Metaspace: 60298K(61184K)->60298K(61184K) NonClass: 52733K(53248K)->52733K(53248K) Class: 7564K(7936K)->7564K(7936K)
[33.991s][info][gc             ] GC(134) Pause Young (Normal) (G1 Evacuation Pause) 548M->174M(607M) 2.075ms
[33.991s][info][gc,cpu         ] GC(134) User=0.00s Sys=0.00s Real=0.00s
[34.115s][info][gc,start       ] GC(135) Pause Young (Normal) (G1 Evacuation Pause)
[34.115s][info][gc,task        ] GC(135) Using 14 workers of 33 for evacuation
[34.116s][info][gc,phases      ] GC(135)   Pre Evacuate Collection Set: 0.2ms
[34.116s][info][gc,phases      ] GC(135)   Merge Heap Roots: 0.2ms
[34.116s][info][gc,phases      ] GC(135)   Evacuate Collection Set: 0.5ms
[34.117s][info][gc,phases      ] GC(135)   Post Evacuate Collection Set: 0.7ms
[34.117s][info][gc,phases      ] GC(135)   Other: 0.2ms
[34.117s][info][gc,heap        ] GC(135) Eden regions: 363->0(363)
[34.117s][info][gc,heap        ] GC(135) Survivor regions: 1->1(46)
[34.117s][info][gc,heap        ] GC(135) Old regions: 170->170
[34.117s][info][gc,heap        ] GC(135) Archive regions: 0->0
[34.117s][info][gc,heap        ] GC(135) Humongous regions: 12->12
[34.117s][info][gc,metaspace   ] GC(135) Metaspace: 60301K(61184K)->60301K(61184K) NonClass: 52736K(53248K)->52736K(53248K) Class: 7564K(7936K)->7564K(7936K)
[34.117s][info][gc             ] GC(135) Pause Young (Normal) (G1 Evacuation Pause) 537M->174M(607M) 2.167ms
[34.117s][info][gc,cpu         ] GC(135) User=0.00s Sys=0.00s Real=0.00s
[34.240s][info][gc,start       ] GC(136) Pause Young (Normal) (G1 Evacuation Pause)
[34.240s][info][gc,task        ] GC(136) Using 14 workers of 33 for evacuation
[34.242s][info][gc,phases      ] GC(136)   Pre Evacuate Collection Set: 0.2ms
[34.242s][info][gc,phases      ] GC(136)   Merge Heap Roots: 0.1ms
[34.242s][info][gc,phases      ] GC(136)   Evacuate Collection Set: 0.4ms
[34.242s][info][gc,phases      ] GC(136)   Post Evacuate Collection Set: 0.7ms
[34.242s][info][gc,phases      ] GC(136)   Other: 0.2ms
[34.242s][info][gc,heap        ] GC(136) Eden regions: 363->0(363)
[34.242s][info][gc,heap        ] GC(136) Survivor regions: 1->1(46)
[34.242s][info][gc,heap        ] GC(136) Old regions: 170->170
[34.242s][info][gc,heap        ] GC(136) Archive regions: 0->0
[34.242s][info][gc,heap        ] GC(136) Humongous regions: 12->12
[34.242s][info][gc,metaspace   ] GC(136) Metaspace: 60301K(61184K)->60301K(61184K) NonClass: 52736K(53248K)->52736K(53248K) Class: 7564K(7936K)->7564K(7936K)
[34.242s][info][gc             ] GC(136) Pause Young (Normal) (G1 Evacuation Pause) 537M->174M(607M) 2.083ms
[34.242s][info][gc,cpu         ] GC(136) User=0.00s Sys=0.00s Real=0.00s
[34.357s][info][gc,start       ] GC(137) Pause Young (Normal) (G1 Evacuation Pause)
[34.357s][info][gc,task        ] GC(137) Using 14 workers of 33 for evacuation
[34.359s][info][gc,phases      ] GC(137)   Pre Evacuate Collection Set: 0.2ms
[34.359s][info][gc,phases      ] GC(137)   Merge Heap Roots: 0.1ms
[34.359s][info][gc,phases      ] GC(137)   Evacuate Collection Set: 0.4ms
[34.359s][info][gc,phases      ] GC(137)   Post Evacuate Collection Set: 0.7ms
[34.359s][info][gc,phases      ] GC(137)   Other: 0.2ms
[34.359s][info][gc,heap        ] GC(137) Eden regions: 363->0(363)
[34.359s][info][gc,heap        ] GC(137) Survivor regions: 1->1(46)
[34.359s][info][gc,heap        ] GC(137) Old regions: 170->170
[34.359s][info][gc,heap        ] GC(137) Archive regions: 0->0
[34.359s][info][gc,heap        ] GC(137) Humongous regions: 12->12
[34.359s][info][gc,metaspace   ] GC(137) Metaspace: 60301K(61184K)->60301K(61184K) NonClass: 52736K(53248K)->52736K(53248K) Class: 7564K(7936K)->7564K(7936K)
[34.359s][info][gc             ] GC(137) Pause Young (Normal) (G1 Evacuation Pause) 537M->174M(607M) 2.012ms
[34.359s][info][gc,cpu         ] GC(137) User=0.00s Sys=0.00s Real=0.00s
[34.474s][info][gc,start       ] GC(138) Pause Young (Normal) (G1 Evacuation Pause)
[34.474s][info][gc,task        ] GC(138) Using 14 workers of 33 for evacuation
[34.476s][info][gc,phases      ] GC(138)   Pre Evacuate Collection Set: 0.2ms
[34.476s][info][gc,phases      ] GC(138)   Merge Heap Roots: 0.2ms
[34.476s][info][gc,phases      ] GC(138)   Evacuate Collection Set: 0.5ms
[34.476s][info][gc,phases      ] GC(138)   Post Evacuate Collection Set: 0.7ms
[34.476s][info][gc,phases      ] GC(138)   Other: 0.2ms
[34.476s][info][gc,heap        ] GC(138) Eden regions: 363->0(363)
[34.476s][info][gc,heap        ] GC(138) Survivor regions: 1->1(46)
[34.476s][info][gc,heap        ] GC(138) Old regions: 170->170
[34.476s][info][gc,heap        ] GC(138) Archive regions: 0->0
[34.476s][info][gc,heap        ] GC(138) Humongous regions: 12->12
[34.476s][info][gc,metaspace   ] GC(138) Metaspace: 60301K(61184K)->60301K(61184K) NonClass: 52736K(53248K)->52736K(53248K) Class: 7564K(7936K)->7564K(7936K)
[34.476s][info][gc             ] GC(138) Pause Young (Normal) (G1 Evacuation Pause) 537M->174M(607M) 2.107ms
[34.476s][info][gc,cpu         ] GC(138) User=0.00s Sys=0.00s Real=0.00s
[34.553s][info][gc,start       ] GC(139) Pause Full (System.gc())
[34.553s][info][gc,task        ] GC(139) Using 14 workers of 33 for full compaction
[34.553s][info][gc,phases,start] GC(139) Phase 1: Mark live objects
[34.592s][info][gc,phases      ] GC(139) Phase 1: Mark live objects 38.877ms
[34.592s][info][gc,phases,start] GC(139) Phase 2: Prepare compaction
[34.598s][info][gc,phases      ] GC(139) Phase 2: Prepare compaction 5.411ms
[34.598s][info][gc,phases,start] GC(139) Phase 3: Adjust pointers
[34.605s][info][gc,phases      ] GC(139) Phase 3: Adjust pointers 6.782ms
[34.605s][info][gc,phases,start] GC(139) Phase 4: Compact heap
[34.605s][info][gc,phases      ] GC(139) Phase 4: Compact heap 0.509ms
[34.612s][info][gc,heap        ] GC(139) Eden regions: 112->0(364)
[34.612s][info][gc,heap        ] GC(139) Survivor regions: 1->0(46)
[34.612s][info][gc,heap        ] GC(139) Old regions: 170->170
[34.612s][info][gc,heap        ] GC(139) Archive regions: 0->0
[34.612s][info][gc,heap        ] GC(139) Humongous regions: 17->12
[34.612s][info][gc,metaspace   ] GC(139) Metaspace: 60319K(61184K)->60319K(61184K) NonClass: 52755K(53248K)->52755K(53248K) Class: 7564K(7936K)->7564K(7936K)
[34.612s][info][gc             ] GC(139) Pause Full (System.gc()) 291M->174M(607M) 59.910ms
[34.613s][info][gc,cpu         ] GC(139) User=0.66s Sys=0.00s Real=0.05s
[34.792s][info][gc,start       ] GC(140) Pause Young (Normal) (G1 Evacuation Pause)
[34.792s][info][gc,task        ] GC(140) Using 14 workers of 33 for evacuation
[34.796s][info][gc,phases      ] GC(140)   Pre Evacuate Collection Set: 0.2ms
[34.796s][info][gc,phases      ] GC(140)   Merge Heap Roots: 0.1ms
[34.796s][info][gc,phases      ] GC(140)   Evacuate Collection Set: 0.5ms
[34.797s][info][gc,phases      ] GC(140)   Post Evacuate Collection Set: 3.6ms
[34.797s][info][gc,phases      ] GC(140)   Other: 0.2ms
[34.797s][info][gc,heap        ] GC(140) Eden regions: 364->0(480)
[34.797s][info][gc,heap        ] GC(140) Survivor regions: 0->1(46)
[34.797s][info][gc,heap        ] GC(140) Old regions: 170->170
[34.797s][info][gc,heap        ] GC(140) Archive regions: 0->0
[34.797s][info][gc,heap        ] GC(140) Humongous regions: 22->12
[34.797s][info][gc,metaspace   ] GC(140) Metaspace: 60365K(61248K)->60365K(61248K) NonClass: 52800K(53312K)->52800K(53312K) Class: 7564K(7936K)->7564K(7936K)
[34.797s][info][gc             ] GC(140) Pause Young (Normal) (G1 Evacuation Pause) 548M->174M(802M) 5.159ms
[34.797s][info][gc,cpu         ] GC(140) User=0.00s Sys=0.00s Real=0.00s
[34.990s][info][gc,start       ] GC(141) Pause Young (Normal) (G1 Evacuation Pause)
[34.990s][info][gc,task        ] GC(141) Using 19 workers of 33 for evacuation
[34.992s][info][gc,phases      ] GC(141)   Pre Evacuate Collection Set: 0.2ms
[34.992s][info][gc,phases      ] GC(141)   Merge Heap Roots: 0.2ms
[34.992s][info][gc,phases      ] GC(141)   Evacuate Collection Set: 0.4ms
[34.992s][info][gc,phases      ] GC(141)   Post Evacuate Collection Set: 0.8ms
[34.992s][info][gc,phases      ] GC(141)   Other: 0.2ms
[34.992s][info][gc,heap        ] GC(141) Eden regions: 480->0(480)
[34.992s][info][gc,heap        ] GC(141) Survivor regions: 1->1(61)
[34.992s][info][gc,heap        ] GC(141) Old regions: 170->170
[34.992s][info][gc,heap        ] GC(141) Archive regions: 0->0
[34.992s][info][gc,heap        ] GC(141) Humongous regions: 12->12
[34.992s][info][gc,metaspace   ] GC(141) Metaspace: 60365K(61248K)->60365K(61248K) NonClass: 52800K(53312K)->52800K(53312K) Class: 7564K(7936K)->7564K(7936K)
[34.992s][info][gc             ] GC(141) Pause Young (Normal) (G1 Evacuation Pause) 654M->174M(802M) 2.284ms
[34.992s][info][gc,cpu         ] GC(141) User=0.00s Sys=0.00s Real=0.00s
[35.145s][info][gc,start       ] GC(142) Pause Young (Normal) (G1 Evacuation Pause)
[35.146s][info][gc,task        ] GC(142) Using 19 workers of 33 for evacuation
[35.147s][info][gc,phases      ] GC(142)   Pre Evacuate Collection Set: 0.2ms
[35.147s][info][gc,phases      ] GC(142)   Merge Heap Roots: 0.2ms
[35.147s][info][gc,phases      ] GC(142)   Evacuate Collection Set: 0.5ms
[35.147s][info][gc,phases      ] GC(142)   Post Evacuate Collection Set: 0.7ms
[35.147s][info][gc,phases      ] GC(142)   Other: 0.2ms
[35.147s][info][gc,heap        ] GC(142) Eden regions: 480->0(480)
[35.147s][info][gc,heap        ] GC(142) Survivor regions: 1->1(61)
[35.147s][info][gc,heap        ] GC(142) Old regions: 170->170
[35.147s][info][gc,heap        ] GC(142) Archive regions: 0->0
[35.148s][info][gc,heap        ] GC(142) Humongous regions: 12->12
[35.148s][info][gc,metaspace   ] GC(142) Metaspace: 60365K(61248K)->60365K(61248K) NonClass: 52800K(53312K)->52800K(53312K) Class: 7564K(7936K)->7564K(7936K)
[35.148s][info][gc             ] GC(142) Pause Young (Normal) (G1 Evacuation Pause) 654M->174M(802M) 2.155ms
[35.148s][info][gc,cpu         ] GC(142) User=0.00s Sys=0.00s Real=0.00s
[35.300s][info][gc,start       ] GC(143) Pause Young (Normal) (G1 Evacuation Pause)
[35.300s][info][gc,task        ] GC(143) Using 19 workers of 33 for evacuation
[35.302s][info][gc,phases      ] GC(143)   Pre Evacuate Collection Set: 0.2ms
[35.302s][info][gc,phases      ] GC(143)   Merge Heap Roots: 0.2ms
[35.302s][info][gc,phases      ] GC(143)   Evacuate Collection Set: 0.4ms
[35.302s][info][gc,phases      ] GC(143)   Post Evacuate Collection Set: 0.8ms
[35.302s][info][gc,phases      ] GC(143)   Other: 0.2ms
[35.302s][info][gc,heap        ] GC(143) Eden regions: 480->0(480)
[35.302s][info][gc,heap        ] GC(143) Survivor regions: 1->1(61)
[35.302s][info][gc,heap        ] GC(143) Old regions: 170->170
[35.302s][info][gc,heap        ] GC(143) Archive regions: 0->0
[35.302s][info][gc,heap        ] GC(143) Humongous regions: 12->12
[35.302s][info][gc,metaspace   ] GC(143) Metaspace: 60365K(61248K)->60365K(61248K) NonClass: 52800K(53312K)->52800K(53312K) Class: 7564K(7936K)->7564K(7936K)
[35.302s][info][gc             ] GC(143) Pause Young (Normal) (G1 Evacuation Pause) 654M->174M(802M) 2.195ms
[35.302s][info][gc,cpu         ] GC(143) User=0.02s Sys=0.00s Real=0.02s
[35.369s][info][gc,start       ] GC(144) Pause Full (System.gc())
[35.369s][info][gc,task        ] GC(144) Using 19 workers of 33 for full compaction
[35.369s][info][gc,phases,start] GC(144) Phase 1: Mark live objects
[35.407s][info][gc,phases      ] GC(144) Phase 1: Mark live objects 37.282ms
[35.407s][info][gc,phases,start] GC(144) Phase 2: Prepare compaction
[35.412s][info][gc,phases      ] GC(144) Phase 2: Prepare compaction 4.881ms
[35.412s][info][gc,phases,start] GC(144) Phase 3: Adjust pointers
[35.420s][info][gc,phases      ] GC(144) Phase 3: Adjust pointers 8.123ms
[35.420s][info][gc,phases,start] GC(144) Phase 4: Compact heap
[35.420s][info][gc,phases      ] GC(144) Phase 4: Compact heap 0.389ms
[35.427s][info][gc,heap        ] GC(144) Eden regions: 124->0(370)
[35.427s][info][gc,heap        ] GC(144) Survivor regions: 1->0(61)
[35.427s][info][gc,heap        ] GC(144) Old regions: 170->173
[35.427s][info][gc,heap        ] GC(144) Archive regions: 0->0
[35.427s][info][gc,heap        ] GC(144) Humongous regions: 17->12
[35.427s][info][gc,metaspace   ] GC(144) Metaspace: 60394K(61248K)->60394K(61248K) NonClass: 52829K(53312K)->52829K(53312K) Class: 7564K(7936K)->7564K(7936K)
[35.427s][info][gc             ] GC(144) Pause Full (System.gc()) 302M->174M(617M) 58.221ms
[35.427s][info][gc,cpu         ] GC(144) User=0.91s Sys=0.02s Real=0.06s
[35.611s][info][gc,start       ] GC(145) Pause Young (Normal) (G1 Evacuation Pause)
[35.611s][info][gc,task        ] GC(145) Using 16 workers of 33 for evacuation
[35.612s][info][gc,phases      ] GC(145)   Pre Evacuate Collection Set: 0.2ms
[35.613s][info][gc,phases      ] GC(145)   Merge Heap Roots: 0.2ms
[35.613s][info][gc,phases      ] GC(145)   Evacuate Collection Set: 0.4ms
[35.613s][info][gc,phases      ] GC(145)   Post Evacuate Collection Set: 0.6ms
[35.613s][info][gc,phases      ] GC(145)   Other: 0.2ms
[35.613s][info][gc,heap        ] GC(145) Eden regions: 370->0(369)
[35.613s][info][gc,heap        ] GC(145) Survivor regions: 0->1(47)
[35.613s][info][gc,heap        ] GC(145) Old regions: 173->173
[35.613s][info][gc,heap        ] GC(145) Archive regions: 0->0
[35.613s][info][gc,heap        ] GC(145) Humongous regions: 22->12
[35.613s][info][gc,metaspace   ] GC(145) Metaspace: 60441K(61312K)->60441K(61312K) NonClass: 52875K(53376K)->52875K(53376K) Class: 7565K(7936K)->7565K(7936K)
[35.613s][info][gc             ] GC(145) Pause Young (Normal) (G1 Evacuation Pause) 554M->174M(617M) 2.135ms
[35.613s][info][gc,cpu         ] GC(145) User=0.00s Sys=0.00s Real=0.00s
[35.738s][info][gc,start       ] GC(146) Pause Young (Normal) (G1 Evacuation Pause)
[35.738s][info][gc,task        ] GC(146) Using 15 workers of 33 for evacuation
[35.740s][info][gc,phases      ] GC(146)   Pre Evacuate Collection Set: 0.2ms
[35.740s][info][gc,phases      ] GC(146)   Merge Heap Roots: 0.1ms
[35.740s][info][gc,phases      ] GC(146)   Evacuate Collection Set: 0.5ms
[35.740s][info][gc,phases      ] GC(146)   Post Evacuate Collection Set: 0.7ms
[35.740s][info][gc,phases      ] GC(146)   Other: 0.2ms
[35.740s][info][gc,heap        ] GC(146) Eden regions: 369->0(369)
[35.740s][info][gc,heap        ] GC(146) Survivor regions: 1->1(47)
[35.740s][info][gc,heap        ] GC(146) Old regions: 173->173
[35.740s][info][gc,heap        ] GC(146) Archive regions: 0->0
[35.740s][info][gc,heap        ] GC(146) Humongous regions: 12->12
[35.740s][info][gc,metaspace   ] GC(146) Metaspace: 60441K(61312K)->60441K(61312K) NonClass: 52875K(53376K)->52875K(53376K) Class: 7565K(7936K)->7565K(7936K)
[35.740s][info][gc             ] GC(146) Pause Young (Normal) (G1 Evacuation Pause) 543M->174M(617M) 2.171ms
[35.740s][info][gc,cpu         ] GC(146) User=0.23s Sys=0.00s Real=0.02s
[35.861s][info][gc,start       ] GC(147) Pause Young (Normal) (G1 Evacuation Pause)
[35.861s][info][gc,task        ] GC(147) Using 14 workers of 33 for evacuation
[35.863s][info][gc,phases      ] GC(147)   Pre Evacuate Collection Set: 0.2ms
[35.863s][info][gc,phases      ] GC(147)   Merge Heap Roots: 0.2ms
[35.863s][info][gc,phases      ] GC(147)   Evacuate Collection Set: 0.4ms
[35.863s][info][gc,phases      ] GC(147)   Post Evacuate Collection Set: 0.7ms
[35.863s][info][gc,phases      ] GC(147)   Other: 0.1ms
[35.863s][info][gc,heap        ] GC(147) Eden regions: 369->0(369)
[35.863s][info][gc,heap        ] GC(147) Survivor regions: 1->1(47)
[35.863s][info][gc,heap        ] GC(147) Old regions: 173->173
[35.863s][info][gc,heap        ] GC(147) Archive regions: 0->0
[35.863s][info][gc,heap        ] GC(147) Humongous regions: 12->12
[35.863s][info][gc,metaspace   ] GC(147) Metaspace: 60441K(61312K)->60441K(61312K) NonClass: 52875K(53376K)->52875K(53376K) Class: 7565K(7936K)->7565K(7936K)
[35.863s][info][gc             ] GC(147) Pause Young (Normal) (G1 Evacuation Pause) 543M->174M(617M) 1.802ms
[35.863s][info][gc,cpu         ] GC(147) User=0.00s Sys=0.00s Real=0.00s
[35.989s][info][gc,start       ] GC(148) Pause Young (Normal) (G1 Evacuation Pause)
[35.989s][info][gc,task        ] GC(148) Using 14 workers of 33 for evacuation
[35.991s][info][gc,phases      ] GC(148)   Pre Evacuate Collection Set: 0.2ms
[35.991s][info][gc,phases      ] GC(148)   Merge Heap Roots: 0.1ms
[35.991s][info][gc,phases      ] GC(148)   Evacuate Collection Set: 0.5ms
[35.991s][info][gc,phases      ] GC(148)   Post Evacuate Collection Set: 0.7ms
[35.991s][info][gc,phases      ] GC(148)   Other: 0.2ms
[35.991s][info][gc,heap        ] GC(148) Eden regions: 369->0(369)
[35.991s][info][gc,heap        ] GC(148) Survivor regions: 1->1(47)
[35.991s][info][gc,heap        ] GC(148) Old regions: 173->173
[35.991s][info][gc,heap        ] GC(148) Archive regions: 0->0
[35.991s][info][gc,heap        ] GC(148) Humongous regions: 12->12
[35.991s][info][gc,metaspace   ] GC(148) Metaspace: 60441K(61312K)->60441K(61312K) NonClass: 52875K(53376K)->52875K(53376K) Class: 7565K(7936K)->7565K(7936K)
[35.991s][info][gc             ] GC(148) Pause Young (Normal) (G1 Evacuation Pause) 543M->174M(617M) 2.106ms
[35.991s][info][gc,cpu         ] GC(148) User=0.00s Sys=0.00s Real=0.00s
[36.117s][info][gc,start       ] GC(149) Pause Young (Normal) (G1 Evacuation Pause)
[36.117s][info][gc,task        ] GC(149) Using 14 workers of 33 for evacuation
[36.119s][info][gc,phases      ] GC(149)   Pre Evacuate Collection Set: 0.2ms
[36.119s][info][gc,phases      ] GC(149)   Merge Heap Roots: 0.1ms
[36.119s][info][gc,phases      ] GC(149)   Evacuate Collection Set: 0.5ms
[36.119s][info][gc,phases      ] GC(149)   Post Evacuate Collection Set: 0.8ms
[36.119s][info][gc,phases      ] GC(149)   Other: 0.2ms
[36.119s][info][gc,heap        ] GC(149) Eden regions: 369->0(369)
[36.119s][info][gc,heap        ] GC(149) Survivor regions: 1->1(47)
[36.119s][info][gc,heap        ] GC(149) Old regions: 173->173
[36.119s][info][gc,heap        ] GC(149) Archive regions: 0->0
[36.119s][info][gc,heap        ] GC(149) Humongous regions: 12->12
[36.119s][info][gc,metaspace   ] GC(149) Metaspace: 60441K(61312K)->60441K(61312K) NonClass: 52875K(53376K)->52875K(53376K) Class: 7565K(7936K)->7565K(7936K)
[36.119s][info][gc             ] GC(149) Pause Young (Normal) (G1 Evacuation Pause) 543M->174M(617M) 2.199ms
[36.119s][info][gc,cpu         ] GC(149) User=0.00s Sys=0.00s Real=0.00s
[36.195s][info][gc,start       ] GC(150) Pause Full (System.gc())
[36.195s][info][gc,task        ] GC(150) Using 14 workers of 33 for full compaction
[36.196s][info][gc,phases,start] GC(150) Phase 1: Mark live objects
[36.237s][info][gc,phases      ] GC(150) Phase 1: Mark live objects 40.733ms
[36.237s][info][gc,phases,start] GC(150) Phase 2: Prepare compaction
[36.242s][info][gc,phases      ] GC(150) Phase 2: Prepare compaction 5.108ms
[36.242s][info][gc,phases,start] GC(150) Phase 3: Adjust pointers
[36.249s][info][gc,phases      ] GC(150) Phase 3: Adjust pointers 7.622ms
[36.249s][info][gc,phases,start] GC(150) Phase 4: Compact heap
[36.250s][info][gc,phases      ] GC(150) Phase 4: Compact heap 0.388ms
[36.257s][info][gc,heap        ] GC(150) Eden regions: 83->0(364)
[36.257s][info][gc,heap        ] GC(150) Survivor regions: 1->0(47)
[36.257s][info][gc,heap        ] GC(150) Old regions: 173->170
[36.257s][info][gc,heap        ] GC(150) Archive regions: 0->0
[36.257s][info][gc,heap        ] GC(150) Humongous regions: 17->12
[36.257s][info][gc,metaspace   ] GC(150) Metaspace: 60447K(61312K)->60447K(61312K) NonClass: 52882K(53376K)->52882K(53376K) Class: 7565K(7936K)->7565K(7936K)
[36.257s][info][gc             ] GC(150) Pause Full (System.gc()) 261M->174M(607M) 62.307ms
[36.257s][info][gc,cpu         ] GC(150) User=0.67s Sys=0.00s Real=0.06s
[36.434s][info][gc,start       ] GC(151) Pause Young (Normal) (G1 Evacuation Pause)
[36.434s][info][gc,task        ] GC(151) Using 14 workers of 33 for evacuation
[36.436s][info][gc,phases      ] GC(151)   Pre Evacuate Collection Set: 0.2ms
[36.436s][info][gc,phases      ] GC(151)   Merge Heap Roots: 0.1ms
[36.436s][info][gc,phases      ] GC(151)   Evacuate Collection Set: 0.5ms
[36.436s][info][gc,phases      ] GC(151)   Post Evacuate Collection Set: 0.7ms
[36.436s][info][gc,phases      ] GC(151)   Other: 0.2ms
[36.436s][info][gc,heap        ] GC(151) Eden regions: 364->0(363)
[36.436s][info][gc,heap        ] GC(151) Survivor regions: 0->1(46)
[36.436s][info][gc,heap        ] GC(151) Old regions: 170->170
[36.436s][info][gc,heap        ] GC(151) Archive regions: 0->0
[36.436s][info][gc,heap        ] GC(151) Humongous regions: 22->12
[36.436s][info][gc,metaspace   ] GC(151) Metaspace: 60474K(61312K)->60474K(61312K) NonClass: 52909K(53376K)->52909K(53376K) Class: 7565K(7936K)->7565K(7936K)
[36.436s][info][gc             ] GC(151) Pause Young (Normal) (G1 Evacuation Pause) 548M->174M(607M) 2.295ms
[36.437s][info][gc,cpu         ] GC(151) User=0.00s Sys=0.00s Real=0.00s
[36.560s][info][gc,start       ] GC(152) Pause Young (Normal) (G1 Evacuation Pause)
[36.560s][info][gc,task        ] GC(152) Using 14 workers of 33 for evacuation
[36.562s][info][gc,phases      ] GC(152)   Pre Evacuate Collection Set: 0.2ms
[36.562s][info][gc,phases      ] GC(152)   Merge Heap Roots: 0.2ms
[36.562s][info][gc,phases      ] GC(152)   Evacuate Collection Set: 0.5ms
[36.562s][info][gc,phases      ] GC(152)   Post Evacuate Collection Set: 0.7ms
[36.562s][info][gc,phases      ] GC(152)   Other: 0.2ms
[36.562s][info][gc,heap        ] GC(152) Eden regions: 363->0(363)
[36.562s][info][gc,heap        ] GC(152) Survivor regions: 1->1(46)
[36.562s][info][gc,heap        ] GC(152) Old regions: 170->170
[36.562s][info][gc,heap        ] GC(152) Archive regions: 0->0
[36.562s][info][gc,heap        ] GC(152) Humongous regions: 12->12
[36.562s][info][gc,metaspace   ] GC(152) Metaspace: 60474K(61312K)->60474K(61312K) NonClass: 52909K(53376K)->52909K(53376K) Class: 7565K(7936K)->7565K(7936K)
[36.562s][info][gc             ] GC(152) Pause Young (Normal) (G1 Evacuation Pause) 537M->174M(607M) 2.153ms
[36.562s][info][gc,cpu         ] GC(152) User=0.00s Sys=0.00s Real=0.00s
[36.689s][info][gc,start       ] GC(153) Pause Young (Normal) (G1 Evacuation Pause)
[36.689s][info][gc,task        ] GC(153) Using 14 workers of 33 for evacuation
[36.691s][info][gc,phases      ] GC(153)   Pre Evacuate Collection Set: 0.2ms
[36.691s][info][gc,phases      ] GC(153)   Merge Heap Roots: 0.1ms
[36.691s][info][gc,phases      ] GC(153)   Evacuate Collection Set: 0.4ms
[36.691s][info][gc,phases      ] GC(153)   Post Evacuate Collection Set: 0.5ms
[36.691s][info][gc,phases      ] GC(153)   Other: 0.2ms
[36.691s][info][gc,heap        ] GC(153) Eden regions: 363->0(363)
[36.691s][info][gc,heap        ] GC(153) Survivor regions: 1->1(46)
[36.691s][info][gc,heap        ] GC(153) Old regions: 170->170
[36.691s][info][gc,heap        ] GC(153) Archive regions: 0->0
[36.691s][info][gc,heap        ] GC(153) Humongous regions: 12->12
[36.691s][info][gc,metaspace   ] GC(153) Metaspace: 60474K(61312K)->60474K(61312K) NonClass: 52909K(53376K)->52909K(53376K) Class: 7565K(7936K)->7565K(7936K)
[36.691s][info][gc             ] GC(153) Pause Young (Normal) (G1 Evacuation Pause) 537M->174M(607M) 1.856ms
[36.691s][info][gc,cpu         ] GC(153) User=0.00s Sys=0.00s Real=0.00s
[36.824s][info][gc,start       ] GC(154) Pause Young (Normal) (G1 Evacuation Pause)
[36.824s][info][gc,task        ] GC(154) Using 14 workers of 33 for evacuation
[36.826s][info][gc,phases      ] GC(154)   Pre Evacuate Collection Set: 0.2ms
[36.826s][info][gc,phases      ] GC(154)   Merge Heap Roots: 0.1ms
[36.826s][info][gc,phases      ] GC(154)   Evacuate Collection Set: 0.4ms
[36.826s][info][gc,phases      ] GC(154)   Post Evacuate Collection Set: 0.7ms
[36.826s][info][gc,phases      ] GC(154)   Other: 0.2ms
[36.826s][info][gc,heap        ] GC(154) Eden regions: 363->0(363)
[36.826s][info][gc,heap        ] GC(154) Survivor regions: 1->1(46)
[36.826s][info][gc,heap        ] GC(154) Old regions: 170->170
[36.826s][info][gc,heap        ] GC(154) Archive regions: 0->0
[36.826s][info][gc,heap        ] GC(154) Humongous regions: 12->12
[36.826s][info][gc,metaspace   ] GC(154) Metaspace: 60474K(61312K)->60474K(61312K) NonClass: 52909K(53376K)->52909K(53376K) Class: 7565K(7936K)->7565K(7936K)
[36.826s][info][gc             ] GC(154) Pause Young (Normal) (G1 Evacuation Pause) 537M->174M(607M) 2.049ms
[36.826s][info][gc,cpu         ] GC(154) User=0.00s Sys=0.00s Real=0.00s
[36.977s][info][gc,start       ] GC(155) Pause Young (Normal) (G1 Evacuation Pause)
[36.977s][info][gc,task        ] GC(155) Using 14 workers of 33 for evacuation
[36.979s][info][gc,phases      ] GC(155)   Pre Evacuate Collection Set: 0.2ms
[36.979s][info][gc,phases      ] GC(155)   Merge Heap Roots: 0.1ms
[36.979s][info][gc,phases      ] GC(155)   Evacuate Collection Set: 0.5ms
[36.979s][info][gc,phases      ] GC(155)   Post Evacuate Collection Set: 0.6ms
[36.979s][info][gc,phases      ] GC(155)   Other: 0.2ms
[36.979s][info][gc,heap        ] GC(155) Eden regions: 363->0(363)
[36.979s][info][gc,heap        ] GC(155) Survivor regions: 1->1(46)
[36.979s][info][gc,heap        ] GC(155) Old regions: 170->170
[36.979s][info][gc,heap        ] GC(155) Archive regions: 0->0
[36.979s][info][gc,heap        ] GC(155) Humongous regions: 12->12
[36.979s][info][gc,metaspace   ] GC(155) Metaspace: 60474K(61312K)->60474K(61312K) NonClass: 52909K(53376K)->52909K(53376K) Class: 7565K(7936K)->7565K(7936K)
[36.979s][info][gc             ] GC(155) Pause Young (Normal) (G1 Evacuation Pause) 537M->174M(607M) 2.003ms
[36.979s][info][gc,cpu         ] GC(155) User=0.00s Sys=0.00s Real=0.00s
[37.061s][info][gc,start       ] GC(156) Pause Full (System.gc())
[37.061s][info][gc,task        ] GC(156) Using 14 workers of 33 for full compaction
[37.062s][info][gc,phases,start] GC(156) Phase 1: Mark live objects
[37.099s][info][gc,phases      ] GC(156) Phase 1: Mark live objects 36.956ms
[37.099s][info][gc,phases,start] GC(156) Phase 2: Prepare compaction
[37.104s][info][gc,phases      ] GC(156) Phase 2: Prepare compaction 5.028ms
[37.104s][info][gc,phases,start] GC(156) Phase 3: Adjust pointers
[37.111s][info][gc,phases      ] GC(156) Phase 3: Adjust pointers 7.242ms
[37.111s][info][gc,phases,start] GC(156) Phase 4: Compact heap
[37.112s][info][gc,phases      ] GC(156) Phase 4: Compact heap 0.397ms
[37.118s][info][gc,heap        ] GC(156) Eden regions: 112->0(364)
[37.118s][info][gc,heap        ] GC(156) Survivor regions: 1->0(46)
[37.118s][info][gc,heap        ] GC(156) Old regions: 170->170
[37.118s][info][gc,heap        ] GC(156) Archive regions: 0->0
[37.118s][info][gc,heap        ] GC(156) Humongous regions: 17->12
[37.118s][info][gc,metaspace   ] GC(156) Metaspace: 60490K(61312K)->60490K(61312K) NonClass: 52925K(53376K)->52925K(53376K) Class: 7565K(7936K)->7565K(7936K)
[37.118s][info][gc             ] GC(156) Pause Full (System.gc()) 290M->174M(607M) 56.923ms
[37.118s][info][gc,cpu         ] GC(156) User=0.66s Sys=0.00s Real=0.05s
[37.294s][info][gc,start       ] GC(157) Pause Young (Normal) (G1 Evacuation Pause)
[37.294s][info][gc,task        ] GC(157) Using 14 workers of 33 for evacuation
[37.298s][info][gc,phases      ] GC(157)   Pre Evacuate Collection Set: 0.2ms
[37.298s][info][gc,phases      ] GC(157)   Merge Heap Roots: 0.2ms
[37.298s][info][gc,phases      ] GC(157)   Evacuate Collection Set: 0.5ms
[37.298s][info][gc,phases      ] GC(157)   Post Evacuate Collection Set: 3.4ms
[37.298s][info][gc,phases      ] GC(157)   Other: 0.2ms
[37.299s][info][gc,heap        ] GC(157) Eden regions: 364->0(470)
[37.299s][info][gc,heap        ] GC(157) Survivor regions: 0->1(46)
[37.299s][info][gc,heap        ] GC(157) Old regions: 170->170
[37.299s][info][gc,heap        ] GC(157) Archive regions: 0->0
[37.299s][info][gc,heap        ] GC(157) Humongous regions: 22->12
[37.299s][info][gc,metaspace   ] GC(157) Metaspace: 60547K(61504K)->60547K(61504K) NonClass: 52979K(53504K)->52979K(53504K) Class: 7568K(8000K)->7568K(8000K)
[37.299s][info][gc             ] GC(157) Pause Young (Normal) (G1 Evacuation Pause) 548M->174M(786M) 4.963ms
[37.299s][info][gc,cpu         ] GC(157) User=0.00s Sys=0.02s Real=0.01s
[37.487s][info][gc,start       ] GC(158) Pause Young (Normal) (G1 Evacuation Pause)
[37.487s][info][gc,task        ] GC(158) Using 18 workers of 33 for evacuation
[37.489s][info][gc,phases      ] GC(158)   Pre Evacuate Collection Set: 0.2ms
[37.489s][info][gc,phases      ] GC(158)   Merge Heap Roots: 0.2ms
[37.489s][info][gc,phases      ] GC(158)   Evacuate Collection Set: 0.5ms
[37.489s][info][gc,phases      ] GC(158)   Post Evacuate Collection Set: 0.8ms
[37.489s][info][gc,phases      ] GC(158)   Other: 0.2ms
[37.489s][info][gc,heap        ] GC(158) Eden regions: 470->0(470)
[37.489s][info][gc,heap        ] GC(158) Survivor regions: 1->1(59)
[37.490s][info][gc,heap        ] GC(158) Old regions: 170->170
[37.490s][info][gc,heap        ] GC(158) Archive regions: 0->0
[37.490s][info][gc,heap        ] GC(158) Humongous regions: 12->12
[37.490s][info][gc,metaspace   ] GC(158) Metaspace: 60547K(61504K)->60547K(61504K) NonClass: 52979K(53504K)->52979K(53504K) Class: 7568K(8000K)->7568K(8000K)
[37.490s][info][gc             ] GC(158) Pause Young (Normal) (G1 Evacuation Pause) 644M->174M(786M) 2.296ms
[37.490s][info][gc,cpu         ] GC(158) User=0.00s Sys=0.00s Real=0.00s
[37.656s][info][gc,start       ] GC(159) Pause Young (Normal) (G1 Evacuation Pause)
[37.656s][info][gc,task        ] GC(159) Using 18 workers of 33 for evacuation
[37.658s][info][gc,phases      ] GC(159)   Pre Evacuate Collection Set: 0.2ms
[37.658s][info][gc,phases      ] GC(159)   Merge Heap Roots: 0.2ms
[37.658s][info][gc,phases      ] GC(159)   Evacuate Collection Set: 0.4ms
[37.658s][info][gc,phases      ] GC(159)   Post Evacuate Collection Set: 0.8ms
[37.658s][info][gc,phases      ] GC(159)   Other: 0.2ms
[37.658s][info][gc,heap        ] GC(159) Eden regions: 470->0(470)
[37.658s][info][gc,heap        ] GC(159) Survivor regions: 1->1(59)
[37.658s][info][gc,heap        ] GC(159) Old regions: 170->170
[37.658s][info][gc,heap        ] GC(159) Archive regions: 0->0
[37.658s][info][gc,heap        ] GC(159) Humongous regions: 12->12
[37.658s][info][gc,metaspace   ] GC(159) Metaspace: 60547K(61504K)->60547K(61504K) NonClass: 52979K(53504K)->52979K(53504K) Class: 7568K(8000K)->7568K(8000K)
[37.658s][info][gc             ] GC(159) Pause Young (Normal) (G1 Evacuation Pause) 644M->174M(786M) 2.212ms
[37.658s][info][gc,cpu         ] GC(159) User=0.00s Sys=0.00s Real=0.00s
[37.832s][info][gc,start       ] GC(160) Pause Young (Normal) (G1 Evacuation Pause)
[37.833s][info][gc,task        ] GC(160) Using 18 workers of 33 for evacuation
[37.834s][info][gc,phases      ] GC(160)   Pre Evacuate Collection Set: 0.2ms
[37.834s][info][gc,phases      ] GC(160)   Merge Heap Roots: 0.2ms
[37.834s][info][gc,phases      ] GC(160)   Evacuate Collection Set: 0.5ms
[37.834s][info][gc,phases      ] GC(160)   Post Evacuate Collection Set: 0.8ms
[37.834s][info][gc,phases      ] GC(160)   Other: 0.2ms
[37.834s][info][gc,heap        ] GC(160) Eden regions: 470->0(470)
[37.835s][info][gc,heap        ] GC(160) Survivor regions: 1->1(59)
[37.835s][info][gc,heap        ] GC(160) Old regions: 170->170
[37.835s][info][gc,heap        ] GC(160) Archive regions: 0->0
[37.835s][info][gc,heap        ] GC(160) Humongous regions: 12->12
[37.835s][info][gc,metaspace   ] GC(160) Metaspace: 60547K(61504K)->60547K(61504K) NonClass: 52979K(53504K)->52979K(53504K) Class: 7568K(8000K)->7568K(8000K)
[37.835s][info][gc             ] GC(160) Pause Young (Normal) (G1 Evacuation Pause) 644M->174M(786M) 2.281ms
[37.835s][info][gc,cpu         ] GC(160) User=0.00s Sys=0.00s Real=0.00s
[37.936s][info][gc,start       ] GC(161) Pause Full (System.gc())
[37.936s][info][gc,task        ] GC(161) Using 18 workers of 33 for full compaction
[37.937s][info][gc,phases,start] GC(161) Phase 1: Mark live objects
[37.975s][info][gc,phases      ] GC(161) Phase 1: Mark live objects 37.936ms
[37.975s][info][gc,phases,start] GC(161) Phase 2: Prepare compaction
[37.980s][info][gc,phases      ] GC(161) Phase 2: Prepare compaction 5.027ms
[37.980s][info][gc,phases,start] GC(161) Phase 3: Adjust pointers
[37.988s][info][gc,phases      ] GC(161) Phase 3: Adjust pointers 8.402ms
[37.988s][info][gc,phases,start] GC(161) Phase 4: Compact heap
[37.988s][info][gc,phases      ] GC(161) Phase 4: Compact heap 0.385ms
[37.995s][info][gc,heap        ] GC(161) Eden regions: 153->0(370)
[37.995s][info][gc,heap        ] GC(161) Survivor regions: 1->0(59)
[37.996s][info][gc,heap        ] GC(161) Old regions: 170->173
[37.996s][info][gc,heap        ] GC(161) Archive regions: 0->0
[37.996s][info][gc,heap        ] GC(161) Humongous regions: 17->12
[37.996s][info][gc,metaspace   ] GC(161) Metaspace: 60597K(61568K)->60597K(61568K) NonClass: 53028K(53568K)->53028K(53568K) Class: 7569K(8000K)->7569K(8000K)
[37.996s][info][gc             ] GC(161) Pause Full (System.gc()) 332M->174M(617M) 59.971ms
[37.996s][info][gc,cpu         ] GC(161) User=0.84s Sys=0.02s Real=0.06s
[38.172s][info][gc,start       ] GC(162) Pause Young (Normal) (G1 Evacuation Pause)
[38.172s][info][gc,task        ] GC(162) Using 16 workers of 33 for evacuation
[38.174s][info][gc,phases      ] GC(162)   Pre Evacuate Collection Set: 0.2ms
[38.174s][info][gc,phases      ] GC(162)   Merge Heap Roots: 0.2ms
[38.174s][info][gc,phases      ] GC(162)   Evacuate Collection Set: 0.5ms
[38.174s][info][gc,phases      ] GC(162)   Post Evacuate Collection Set: 0.7ms
[38.174s][info][gc,phases      ] GC(162)   Other: 0.2ms
[38.174s][info][gc,heap        ] GC(162) Eden regions: 370->0(369)
[38.174s][info][gc,heap        ] GC(162) Survivor regions: 0->1(47)
[38.174s][info][gc,heap        ] GC(162) Old regions: 173->173
[38.174s][info][gc,heap        ] GC(162) Archive regions: 0->0
[38.174s][info][gc,heap        ] GC(162) Humongous regions: 22->12
[38.174s][info][gc,metaspace   ] GC(162) Metaspace: 60604K(61568K)->60604K(61568K) NonClass: 53035K(53568K)->53035K(53568K) Class: 7569K(8000K)->7569K(8000K)
[38.174s][info][gc             ] GC(162) Pause Young (Normal) (G1 Evacuation Pause) 554M->174M(617M) 2.278ms
[38.174s][info][gc,cpu         ] GC(162) User=0.00s Sys=0.00s Real=0.00s
[38.318s][info][gc,start       ] GC(163) Pause Young (Normal) (G1 Evacuation Pause)
[38.318s][info][gc,task        ] GC(163) Using 15 workers of 33 for evacuation
[38.320s][info][gc,phases      ] GC(163)   Pre Evacuate Collection Set: 0.2ms
[38.320s][info][gc,phases      ] GC(163)   Merge Heap Roots: 0.2ms
[38.320s][info][gc,phases      ] GC(163)   Evacuate Collection Set: 0.5ms
[38.320s][info][gc,phases      ] GC(163)   Post Evacuate Collection Set: 0.7ms
[38.320s][info][gc,phases      ] GC(163)   Other: 0.2ms
[38.320s][info][gc,heap        ] GC(163) Eden regions: 369->0(369)
[38.320s][info][gc,heap        ] GC(163) Survivor regions: 1->1(47)
[38.320s][info][gc,heap        ] GC(163) Old regions: 173->173
[38.320s][info][gc,heap        ] GC(163) Archive regions: 0->0
[38.320s][info][gc,heap        ] GC(163) Humongous regions: 12->12
[38.320s][info][gc,metaspace   ] GC(163) Metaspace: 60604K(61568K)->60604K(61568K) NonClass: 53035K(53568K)->53035K(53568K) Class: 7569K(8000K)->7569K(8000K)
[38.320s][info][gc             ] GC(163) Pause Young (Normal) (G1 Evacuation Pause) 543M->174M(617M) 2.314ms
[38.320s][info][gc,cpu         ] GC(163) User=0.00s Sys=0.00s Real=0.00s
[38.453s][info][gc,start       ] GC(164) Pause Young (Normal) (G1 Evacuation Pause)
[38.453s][info][gc,task        ] GC(164) Using 14 workers of 33 for evacuation
[38.454s][info][gc,phases      ] GC(164)   Pre Evacuate Collection Set: 0.2ms
[38.454s][info][gc,phases      ] GC(164)   Merge Heap Roots: 0.2ms
[38.454s][info][gc,phases      ] GC(164)   Evacuate Collection Set: 0.4ms
[38.454s][info][gc,phases      ] GC(164)   Post Evacuate Collection Set: 0.7ms
[38.454s][info][gc,phases      ] GC(164)   Other: 0.2ms
[38.454s][info][gc,heap        ] GC(164) Eden regions: 369->0(369)
[38.454s][info][gc,heap        ] GC(164) Survivor regions: 1->1(47)
[38.455s][info][gc,heap        ] GC(164) Old regions: 173->173
[38.455s][info][gc,heap        ] GC(164) Archive regions: 0->0
[38.455s][info][gc,heap        ] GC(164) Humongous regions: 12->12
[38.455s][info][gc,metaspace   ] GC(164) Metaspace: 60604K(61568K)->60604K(61568K) NonClass: 53035K(53568K)->53035K(53568K) Class: 7569K(8000K)->7569K(8000K)
[38.455s][info][gc             ] GC(164) Pause Young (Normal) (G1 Evacuation Pause) 543M->174M(617M) 2.095ms
[38.455s][info][gc,cpu         ] GC(164) User=0.00s Sys=0.00s Real=0.00s
[38.577s][info][gc,start       ] GC(165) Pause Young (Normal) (G1 Evacuation Pause)
[38.577s][info][gc,task        ] GC(165) Using 14 workers of 33 for evacuation
[38.578s][info][gc,phases      ] GC(165)   Pre Evacuate Collection Set: 0.2ms
[38.578s][info][gc,phases      ] GC(165)   Merge Heap Roots: 0.1ms
[38.578s][info][gc,phases      ] GC(165)   Evacuate Collection Set: 0.5ms
[38.579s][info][gc,phases      ] GC(165)   Post Evacuate Collection Set: 0.7ms
[38.579s][info][gc,phases      ] GC(165)   Other: 0.2ms
[38.579s][info][gc,heap        ] GC(165) Eden regions: 369->0(369)
[38.579s][info][gc,heap        ] GC(165) Survivor regions: 1->1(47)
[38.579s][info][gc,heap        ] GC(165) Old regions: 173->173
[38.579s][info][gc,heap        ] GC(165) Archive regions: 0->0
[38.579s][info][gc,heap        ] GC(165) Humongous regions: 12->12
[38.579s][info][gc,metaspace   ] GC(165) Metaspace: 60604K(61568K)->60604K(61568K) NonClass: 53035K(53568K)->53035K(53568K) Class: 7569K(8000K)->7569K(8000K)
[38.579s][info][gc             ] GC(165) Pause Young (Normal) (G1 Evacuation Pause) 543M->174M(617M) 2.116ms
[38.579s][info][gc,cpu         ] GC(165) User=0.00s Sys=0.00s Real=0.00s
[38.697s][info][gc,start       ] GC(166) Pause Young (Normal) (G1 Evacuation Pause)
[38.698s][info][gc,task        ] GC(166) Using 14 workers of 33 for evacuation
[38.699s][info][gc,phases      ] GC(166)   Pre Evacuate Collection Set: 0.2ms
[38.699s][info][gc,phases      ] GC(166)   Merge Heap Roots: 0.1ms
[38.699s][info][gc,phases      ] GC(166)   Evacuate Collection Set: 0.4ms
[38.699s][info][gc,phases      ] GC(166)   Post Evacuate Collection Set: 0.7ms
[38.699s][info][gc,phases      ] GC(166)   Other: 0.2ms
[38.699s][info][gc,heap        ] GC(166) Eden regions: 369->0(369)
[38.699s][info][gc,heap        ] GC(166) Survivor regions: 1->1(47)
[38.699s][info][gc,heap        ] GC(166) Old regions: 173->173
[38.699s][info][gc,heap        ] GC(166) Archive regions: 0->0
[38.699s][info][gc,heap        ] GC(166) Humongous regions: 12->12
[38.699s][info][gc,metaspace   ] GC(166) Metaspace: 60604K(61568K)->60604K(61568K) NonClass: 53035K(53568K)->53035K(53568K) Class: 7569K(8000K)->7569K(8000K)
[38.699s][info][gc             ] GC(166) Pause Young (Normal) (G1 Evacuation Pause) 543M->174M(617M) 2.023ms
[38.700s][info][gc,cpu         ] GC(166) User=0.00s Sys=0.00s Real=0.00s
[38.754s][info][gc,start       ] GC(167) Pause Full (System.gc())
[38.754s][info][gc,task        ] GC(167) Using 14 workers of 33 for full compaction
[38.755s][info][gc,phases,start] GC(167) Phase 1: Mark live objects
[38.796s][info][gc,phases      ] GC(167) Phase 1: Mark live objects 41.589ms
[38.796s][info][gc,phases,start] GC(167) Phase 2: Prepare compaction
[38.802s][info][gc,phases      ] GC(167) Phase 2: Prepare compaction 5.142ms
[38.802s][info][gc,phases,start] GC(167) Phase 3: Adjust pointers
[38.810s][info][gc,phases      ] GC(167) Phase 3: Adjust pointers 8.541ms
[38.810s][info][gc,phases,start] GC(167) Phase 4: Compact heap
[38.811s][info][gc,phases      ] GC(167) Phase 4: Compact heap 0.387ms
[38.818s][info][gc,heap        ] GC(167) Eden regions: 81->0(364)
[38.818s][info][gc,heap        ] GC(167) Survivor regions: 1->0(47)
[38.818s][info][gc,heap        ] GC(167) Old regions: 173->170
[38.818s][info][gc,heap        ] GC(167) Archive regions: 0->0
[38.818s][info][gc,heap        ] GC(167) Humongous regions: 17->12
[38.818s][info][gc,metaspace   ] GC(167) Metaspace: 60607K(61568K)->60607K(61568K) NonClass: 53038K(53568K)->53038K(53568K) Class: 7569K(8000K)->7569K(8000K)
[38.818s][info][gc             ] GC(167) Pause Full (System.gc()) 259M->174M(607M) 63.997ms
[38.818s][info][gc,cpu         ] GC(167) User=0.88s Sys=0.00s Real=0.06s
[38.993s][info][gc,start       ] GC(168) Pause Young (Normal) (G1 Evacuation Pause)
[38.993s][info][gc,task        ] GC(168) Using 14 workers of 33 for evacuation
[38.995s][info][gc,phases      ] GC(168)   Pre Evacuate Collection Set: 0.2ms
[38.995s][info][gc,phases      ] GC(168)   Merge Heap Roots: 0.2ms
[38.995s][info][gc,phases      ] GC(168)   Evacuate Collection Set: 0.5ms
[38.995s][info][gc,phases      ] GC(168)   Post Evacuate Collection Set: 0.7ms
[38.995s][info][gc,phases      ] GC(168)   Other: 0.2ms
[38.995s][info][gc,heap        ] GC(168) Eden regions: 364->0(363)
[38.995s][info][gc,heap        ] GC(168) Survivor regions: 0->1(46)
[38.995s][info][gc,heap        ] GC(168) Old regions: 170->170
[38.995s][info][gc,heap        ] GC(168) Archive regions: 0->0
[38.995s][info][gc,heap        ] GC(168) Humongous regions: 22->12
[38.995s][info][gc,metaspace   ] GC(168) Metaspace: 60620K(61568K)->60620K(61568K) NonClass: 53051K(53568K)->53051K(53568K) Class: 7569K(8000K)->7569K(8000K)
[38.996s][info][gc             ] GC(168) Pause Young (Normal) (G1 Evacuation Pause) 548M->174M(607M) 2.333ms
[38.996s][info][gc,cpu         ] GC(168) User=0.00s Sys=0.00s Real=0.00s
[39.111s][info][gc,start       ] GC(169) Pause Young (Normal) (G1 Evacuation Pause)
[39.112s][info][gc,task        ] GC(169) Using 14 workers of 33 for evacuation
[39.113s][info][gc,phases      ] GC(169)   Pre Evacuate Collection Set: 0.2ms
[39.113s][info][gc,phases      ] GC(169)   Merge Heap Roots: 0.2ms
[39.113s][info][gc,phases      ] GC(169)   Evacuate Collection Set: 0.4ms
[39.113s][info][gc,phases      ] GC(169)   Post Evacuate Collection Set: 0.6ms
[39.113s][info][gc,phases      ] GC(169)   Other: 0.2ms
[39.113s][info][gc,heap        ] GC(169) Eden regions: 363->0(363)
[39.113s][info][gc,heap        ] GC(169) Survivor regions: 1->1(46)
[39.113s][info][gc,heap        ] GC(169) Old regions: 170->170
[39.113s][info][gc,heap        ] GC(169) Archive regions: 0->0
[39.113s][info][gc,heap        ] GC(169) Humongous regions: 12->12
[39.113s][info][gc,metaspace   ] GC(169) Metaspace: 60621K(61568K)->60621K(61568K) NonClass: 53051K(53568K)->53051K(53568K) Class: 7569K(8000K)->7569K(8000K)
[39.113s][info][gc             ] GC(169) Pause Young (Normal) (G1 Evacuation Pause) 537M->174M(607M) 1.993ms
[39.114s][info][gc,cpu         ] GC(169) User=0.00s Sys=0.00s Real=0.00s
[39.230s][info][gc,start       ] GC(170) Pause Young (Normal) (G1 Evacuation Pause)
[39.230s][info][gc,task        ] GC(170) Using 14 workers of 33 for evacuation
[39.231s][info][gc,phases      ] GC(170)   Pre Evacuate Collection Set: 0.2ms
[39.231s][info][gc,phases      ] GC(170)   Merge Heap Roots: 0.1ms
[39.231s][info][gc,phases      ] GC(170)   Evacuate Collection Set: 0.4ms
[39.231s][info][gc,phases      ] GC(170)   Post Evacuate Collection Set: 0.6ms
[39.231s][info][gc,phases      ] GC(170)   Other: 0.2ms
[39.231s][info][gc,heap        ] GC(170) Eden regions: 363->0(363)
[39.231s][info][gc,heap        ] GC(170) Survivor regions: 1->1(46)
[39.231s][info][gc,heap        ] GC(170) Old regions: 170->170
[39.232s][info][gc,heap        ] GC(170) Archive regions: 0->0
[39.232s][info][gc,heap        ] GC(170) Humongous regions: 12->12
[39.232s][info][gc,metaspace   ] GC(170) Metaspace: 60621K(61568K)->60621K(61568K) NonClass: 53051K(53568K)->53051K(53568K) Class: 7569K(8000K)->7569K(8000K)
[39.232s][info][gc             ] GC(170) Pause Young (Normal) (G1 Evacuation Pause) 537M->174M(607M) 1.976ms
[39.232s][info][gc,cpu         ] GC(170) User=0.00s Sys=0.00s Real=0.00s
[39.347s][info][gc,start       ] GC(171) Pause Young (Normal) (G1 Evacuation Pause)
[39.347s][info][gc,task        ] GC(171) Using 14 workers of 33 for evacuation
[39.349s][info][gc,phases      ] GC(171)   Pre Evacuate Collection Set: 0.2ms
[39.349s][info][gc,phases      ] GC(171)   Merge Heap Roots: 0.1ms
[39.349s][info][gc,phases      ] GC(171)   Evacuate Collection Set: 0.4ms
[39.349s][info][gc,phases      ] GC(171)   Post Evacuate Collection Set: 0.7ms
[39.349s][info][gc,phases      ] GC(171)   Other: 0.2ms
[39.349s][info][gc,heap        ] GC(171) Eden regions: 363->0(363)
[39.349s][info][gc,heap        ] GC(171) Survivor regions: 1->1(46)
[39.349s][info][gc,heap        ] GC(171) Old regions: 170->170
[39.349s][info][gc,heap        ] GC(171) Archive regions: 0->0
[39.349s][info][gc,heap        ] GC(171) Humongous regions: 12->12
[39.349s][info][gc,metaspace   ] GC(171) Metaspace: 60621K(61568K)->60621K(61568K) NonClass: 53051K(53568K)->53051K(53568K) Class: 7569K(8000K)->7569K(8000K)
[39.349s][info][gc             ] GC(171) Pause Young (Normal) (G1 Evacuation Pause) 537M->174M(607M) 2.037ms
[39.349s][info][gc,cpu         ] GC(171) User=0.00s Sys=0.00s Real=0.00s
[39.466s][info][gc,start       ] GC(172) Pause Young (Normal) (G1 Evacuation Pause)
[39.466s][info][gc,task        ] GC(172) Using 14 workers of 33 for evacuation
[39.467s][info][gc,phases      ] GC(172)   Pre Evacuate Collection Set: 0.2ms
[39.467s][info][gc,phases      ] GC(172)   Merge Heap Roots: 0.1ms
[39.467s][info][gc,phases      ] GC(172)   Evacuate Collection Set: 0.4ms
[39.467s][info][gc,phases      ] GC(172)   Post Evacuate Collection Set: 0.5ms
[39.467s][info][gc,phases      ] GC(172)   Other: 0.2ms
[39.468s][info][gc,heap        ] GC(172) Eden regions: 363->0(363)
[39.468s][info][gc,heap        ] GC(172) Survivor regions: 1->1(46)
[39.468s][info][gc,heap        ] GC(172) Old regions: 170->170
[39.468s][info][gc,heap        ] GC(172) Archive regions: 0->0
[39.468s][info][gc,heap        ] GC(172) Humongous regions: 12->12
[39.468s][info][gc,metaspace   ] GC(172) Metaspace: 60621K(61568K)->60621K(61568K) NonClass: 53051K(53568K)->53051K(53568K) Class: 7569K(8000K)->7569K(8000K)
[39.468s][info][gc             ] GC(172) Pause Young (Normal) (G1 Evacuation Pause) 537M->174M(607M) 1.859ms
[39.468s][info][gc,cpu         ] GC(172) User=0.00s Sys=0.00s Real=0.00s
[39.528s][info][gc,start       ] GC(173) Pause Full (System.gc())
[39.528s][info][gc,task        ] GC(173) Using 14 workers of 33 for full compaction
[39.528s][info][gc,phases,start] GC(173) Phase 1: Mark live objects
[39.570s][info][gc,phases      ] GC(173) Phase 1: Mark live objects 41.948ms
[39.570s][info][gc,phases,start] GC(173) Phase 2: Prepare compaction
[39.575s][info][gc,phases      ] GC(173) Phase 2: Prepare compaction 5.123ms
[39.575s][info][gc,phases,start] GC(173) Phase 3: Adjust pointers
[39.583s][info][gc,phases      ] GC(173) Phase 3: Adjust pointers 7.514ms
[39.583s][info][gc,phases,start] GC(173) Phase 4: Compact heap
[39.583s][info][gc,phases      ] GC(173) Phase 4: Compact heap 0.538ms
[39.590s][info][gc,heap        ] GC(173) Eden regions: 111->0(364)
[39.590s][info][gc,heap        ] GC(173) Survivor regions: 1->0(46)
[39.590s][info][gc,heap        ] GC(173) Old regions: 170->170
[39.590s][info][gc,heap        ] GC(173) Archive regions: 0->0
[39.590s][info][gc,heap        ] GC(173) Humongous regions: 17->12
[39.590s][info][gc,metaspace   ] GC(173) Metaspace: 60630K(61568K)->60630K(61568K) NonClass: 53061K(53568K)->53061K(53568K) Class: 7569K(8000K)->7569K(8000K)
[39.591s][info][gc             ] GC(173) Pause Full (System.gc()) 290M->174M(607M) 63.015ms
[39.591s][info][gc,cpu         ] GC(173) User=0.89s Sys=0.00s Real=0.06s
[39.762s][info][gc,start       ] GC(174) Pause Young (Normal) (G1 Evacuation Pause)
[39.762s][info][gc,task        ] GC(174) Using 14 workers of 33 for evacuation
[39.767s][info][gc,phases      ] GC(174)   Pre Evacuate Collection Set: 0.2ms
[39.767s][info][gc,phases      ] GC(174)   Merge Heap Roots: 0.2ms
[39.767s][info][gc,phases      ] GC(174)   Evacuate Collection Set: 0.5ms
[39.767s][info][gc,phases      ] GC(174)   Post Evacuate Collection Set: 4.1ms
[39.767s][info][gc,phases      ] GC(174)   Other: 0.2ms
[39.767s][info][gc,heap        ] GC(174) Eden regions: 364->0(501)
[39.767s][info][gc,heap        ] GC(174) Survivor regions: 0->1(46)
[39.768s][info][gc,heap        ] GC(174) Old regions: 170->170
[39.768s][info][gc,heap        ] GC(174) Archive regions: 0->0
[39.768s][info][gc,heap        ] GC(174) Humongous regions: 22->12
[39.768s][info][gc,metaspace   ] GC(174) Metaspace: 60653K(61632K)->60653K(61632K) NonClass: 53083K(53632K)->53083K(53632K) Class: 7569K(8000K)->7569K(8000K)
[39.768s][info][gc             ] GC(174) Pause Young (Normal) (G1 Evacuation Pause) 548M->174M(838M) 5.770ms
[39.768s][info][gc,cpu         ] GC(174) User=0.00s Sys=0.02s Real=0.02s
[39.982s][info][gc,start       ] GC(175) Pause Young (Normal) (G1 Evacuation Pause)
[39.982s][info][gc,task        ] GC(175) Using 20 workers of 33 for evacuation
[39.984s][info][gc,phases      ] GC(175)   Pre Evacuate Collection Set: 0.2ms
[39.984s][info][gc,phases      ] GC(175)   Merge Heap Roots: 0.2ms
[39.984s][info][gc,phases      ] GC(175)   Evacuate Collection Set: 0.5ms
[39.984s][info][gc,phases      ] GC(175)   Post Evacuate Collection Set: 0.8ms
[39.984s][info][gc,phases      ] GC(175)   Other: 0.2ms
[39.984s][info][gc,heap        ] GC(175) Eden regions: 501->0(501)
[39.984s][info][gc,heap        ] GC(175) Survivor regions: 1->1(63)
[39.984s][info][gc,heap        ] GC(175) Old regions: 170->170
[39.984s][info][gc,heap        ] GC(175) Archive regions: 0->0
[39.984s][info][gc,heap        ] GC(175) Humongous regions: 12->12
[39.984s][info][gc,metaspace   ] GC(175) Metaspace: 60653K(61632K)->60653K(61632K) NonClass: 53084K(53632K)->53084K(53632K) Class: 7569K(8000K)->7569K(8000K)
[39.985s][info][gc             ] GC(175) Pause Young (Normal) (G1 Evacuation Pause) 675M->174M(838M) 2.401ms
[39.985s][info][gc,cpu         ] GC(175) User=0.00s Sys=0.00s Real=0.00s
[40.144s][info][gc,start       ] GC(176) Pause Young (Normal) (G1 Evacuation Pause)
[40.144s][info][gc,task        ] GC(176) Using 20 workers of 33 for evacuation
[40.146s][info][gc,phases      ] GC(176)   Pre Evacuate Collection Set: 0.2ms
[40.146s][info][gc,phases      ] GC(176)   Merge Heap Roots: 0.2ms
[40.146s][info][gc,phases      ] GC(176)   Evacuate Collection Set: 0.5ms
[40.146s][info][gc,phases      ] GC(176)   Post Evacuate Collection Set: 0.8ms
[40.146s][info][gc,phases      ] GC(176)   Other: 0.2ms
[40.146s][info][gc,heap        ] GC(176) Eden regions: 501->0(501)
[40.146s][info][gc,heap        ] GC(176) Survivor regions: 1->1(63)
[40.146s][info][gc,heap        ] GC(176) Old regions: 170->170
[40.146s][info][gc,heap        ] GC(176) Archive regions: 0->0
[40.146s][info][gc,heap        ] GC(176) Humongous regions: 12->12
[40.146s][info][gc,metaspace   ] GC(176) Metaspace: 60653K(61632K)->60653K(61632K) NonClass: 53084K(53632K)->53084K(53632K) Class: 7569K(8000K)->7569K(8000K)
[40.146s][info][gc             ] GC(176) Pause Young (Normal) (G1 Evacuation Pause) 675M->174M(838M) 2.229ms
[40.146s][info][gc,cpu         ] GC(176) User=0.00s Sys=0.00s Real=0.00s
[40.313s][info][gc,start       ] GC(177) Pause Young (Normal) (G1 Evacuation Pause)
[40.313s][info][gc,task        ] GC(177) Using 20 workers of 33 for evacuation
[40.315s][info][gc,phases      ] GC(177)   Pre Evacuate Collection Set: 0.2ms
[40.315s][info][gc,phases      ] GC(177)   Merge Heap Roots: 0.2ms
[40.315s][info][gc,phases      ] GC(177)   Evacuate Collection Set: 0.5ms
[40.315s][info][gc,phases      ] GC(177)   Post Evacuate Collection Set: 0.8ms
[40.315s][info][gc,phases      ] GC(177)   Other: 0.2ms
[40.315s][info][gc,heap        ] GC(177) Eden regions: 501->0(501)
[40.315s][info][gc,heap        ] GC(177) Survivor regions: 1->1(63)
[40.315s][info][gc,heap        ] GC(177) Old regions: 170->170
[40.315s][info][gc,heap        ] GC(177) Archive regions: 0->0
[40.315s][info][gc,heap        ] GC(177) Humongous regions: 12->12
[40.315s][info][gc,metaspace   ] GC(177) Metaspace: 60653K(61632K)->60653K(61632K) NonClass: 53084K(53632K)->53084K(53632K) Class: 7569K(8000K)->7569K(8000K)
[40.315s][info][gc             ] GC(177) Pause Young (Normal) (G1 Evacuation Pause) 675M->174M(838M) 2.215ms
[40.315s][info][gc,cpu         ] GC(177) User=0.00s Sys=0.00s Real=0.00s
[40.360s][info][gc,start       ] GC(178) Pause Full (System.gc())
[40.360s][info][gc,task        ] GC(178) Using 20 workers of 33 for full compaction
[40.361s][info][gc,phases,start] GC(178) Phase 1: Mark live objects
[40.397s][info][gc,phases      ] GC(178) Phase 1: Mark live objects 36.024ms
[40.397s][info][gc,phases,start] GC(178) Phase 2: Prepare compaction
[40.402s][info][gc,phases      ] GC(178) Phase 2: Prepare compaction 4.892ms
[40.402s][info][gc,phases,start] GC(178) Phase 3: Adjust pointers
[40.410s][info][gc,phases      ] GC(178) Phase 3: Adjust pointers 7.290ms
[40.410s][info][gc,phases,start] GC(178) Phase 4: Compact heap
[40.410s][info][gc,phases      ] GC(178) Phase 4: Compact heap 0.391ms
[40.418s][info][gc,heap        ] GC(178) Eden regions: 60->0(370)
[40.418s][info][gc,heap        ] GC(178) Survivor regions: 1->0(63)
[40.418s][info][gc,heap        ] GC(178) Old regions: 170->173
[40.418s][info][gc,heap        ] GC(178) Archive regions: 0->0
[40.418s][info][gc,heap        ] GC(178) Humongous regions: 17->12
[40.418s][info][gc,metaspace   ] GC(178) Metaspace: 60666K(61632K)->60666K(61632K) NonClass: 53097K(53632K)->53097K(53632K) Class: 7569K(8000K)->7569K(8000K)
[40.418s][info][gc             ] GC(178) Pause Full (System.gc()) 239M->174M(617M) 57.340ms
[40.418s][info][gc,cpu         ] GC(178) User=0.94s Sys=0.00s Real=0.05s
[40.598s][info][gc,start       ] GC(179) Pause Young (Normal) (G1 Evacuation Pause)
[40.598s][info][gc,task        ] GC(179) Using 17 workers of 33 for evacuation
[40.600s][info][gc,phases      ] GC(179)   Pre Evacuate Collection Set: 0.2ms
[40.600s][info][gc,phases      ] GC(179)   Merge Heap Roots: 0.1ms
[40.600s][info][gc,phases      ] GC(179)   Evacuate Collection Set: 0.5ms
[40.600s][info][gc,phases      ] GC(179)   Post Evacuate Collection Set: 0.6ms
[40.600s][info][gc,phases      ] GC(179)   Other: 0.2ms
[40.600s][info][gc,heap        ] GC(179) Eden regions: 370->0(369)
[40.600s][info][gc,heap        ] GC(179) Survivor regions: 0->1(47)
[40.600s][info][gc,heap        ] GC(179) Old regions: 173->173
[40.600s][info][gc,heap        ] GC(179) Archive regions: 0->0
[40.600s][info][gc,heap        ] GC(179) Humongous regions: 22->12
[40.600s][info][gc,metaspace   ] GC(179) Metaspace: 60679K(61632K)->60679K(61632K) NonClass: 53110K(53632K)->53110K(53632K) Class: 7569K(8000K)->7569K(8000K)
[40.600s][info][gc             ] GC(179) Pause Young (Normal) (G1 Evacuation Pause) 554M->174M(617M) 2.165ms
[40.601s][info][gc,cpu         ] GC(179) User=0.00s Sys=0.00s Real=0.00s
[40.720s][info][gc,start       ] GC(180) Pause Young (Normal) (G1 Evacuation Pause)
[40.720s][info][gc,task        ] GC(180) Using 15 workers of 33 for evacuation
[40.722s][info][gc,phases      ] GC(180)   Pre Evacuate Collection Set: 0.2ms
[40.722s][info][gc,phases      ] GC(180)   Merge Heap Roots: 0.2ms
[40.722s][info][gc,phases      ] GC(180)   Evacuate Collection Set: 0.4ms
[40.722s][info][gc,phases      ] GC(180)   Post Evacuate Collection Set: 0.7ms
[40.722s][info][gc,phases      ] GC(180)   Other: 0.2ms
[40.722s][info][gc,heap        ] GC(180) Eden regions: 369->0(369)
[40.722s][info][gc,heap        ] GC(180) Survivor regions: 1->1(47)
[40.722s][info][gc,heap        ] GC(180) Old regions: 173->173
[40.722s][info][gc,heap        ] GC(180) Archive regions: 0->0
[40.722s][info][gc,heap        ] GC(180) Humongous regions: 12->12
[40.722s][info][gc,metaspace   ] GC(180) Metaspace: 60679K(61632K)->60679K(61632K) NonClass: 53110K(53632K)->53110K(53632K) Class: 7569K(8000K)->7569K(8000K)
[40.722s][info][gc             ] GC(180) Pause Young (Normal) (G1 Evacuation Pause) 543M->174M(617M) 2.107ms
[40.723s][info][gc,cpu         ] GC(180) User=0.00s Sys=0.00s Real=0.00s
[40.840s][info][gc,start       ] GC(181) Pause Young (Normal) (G1 Evacuation Pause)
[40.840s][info][gc,task        ] GC(181) Using 14 workers of 33 for evacuation
[40.841s][info][gc,phases      ] GC(181)   Pre Evacuate Collection Set: 0.2ms
[40.841s][info][gc,phases      ] GC(181)   Merge Heap Roots: 0.1ms
[40.841s][info][gc,phases      ] GC(181)   Evacuate Collection Set: 0.4ms
[40.842s][info][gc,phases      ] GC(181)   Post Evacuate Collection Set: 0.7ms
[40.842s][info][gc,phases      ] GC(181)   Other: 0.2ms
[40.842s][info][gc,heap        ] GC(181) Eden regions: 369->0(369)
[40.842s][info][gc,heap        ] GC(181) Survivor regions: 1->1(47)
[40.842s][info][gc,heap        ] GC(181) Old regions: 173->173
[40.842s][info][gc,heap        ] GC(181) Archive regions: 0->0
[40.842s][info][gc,heap        ] GC(181) Humongous regions: 12->12
[40.842s][info][gc,metaspace   ] GC(181) Metaspace: 60679K(61632K)->60679K(61632K) NonClass: 53110K(53632K)->53110K(53632K) Class: 7569K(8000K)->7569K(8000K)
[40.842s][info][gc             ] GC(181) Pause Young (Normal) (G1 Evacuation Pause) 543M->174M(617M) 2.036ms
[40.842s][info][gc,cpu         ] GC(181) User=0.00s Sys=0.00s Real=0.00s
[40.960s][info][gc,start       ] GC(182) Pause Young (Normal) (G1 Evacuation Pause)
[40.960s][info][gc,task        ] GC(182) Using 14 workers of 33 for evacuation
[40.961s][info][gc,phases      ] GC(182)   Pre Evacuate Collection Set: 0.2ms
[40.961s][info][gc,phases      ] GC(182)   Merge Heap Roots: 0.1ms
[40.962s][info][gc,phases      ] GC(182)   Evacuate Collection Set: 0.4ms
[40.962s][info][gc,phases      ] GC(182)   Post Evacuate Collection Set: 0.7ms
[40.962s][info][gc,phases      ] GC(182)   Other: 0.1ms
[40.962s][info][gc,heap        ] GC(182) Eden regions: 369->0(369)
[40.962s][info][gc,heap        ] GC(182) Survivor regions: 1->1(47)
[40.962s][info][gc,heap        ] GC(182) Old regions: 173->173
[40.962s][info][gc,heap        ] GC(182) Archive regions: 0->0
[40.962s][info][gc,heap        ] GC(182) Humongous regions: 12->12
[40.962s][info][gc,metaspace   ] GC(182) Metaspace: 60679K(61632K)->60679K(61632K) NonClass: 53110K(53632K)->53110K(53632K) Class: 7569K(8000K)->7569K(8000K)
[40.962s][info][gc             ] GC(182) Pause Young (Normal) (G1 Evacuation Pause) 543M->174M(617M) 1.924ms
[40.962s][info][gc,cpu         ] GC(182) User=0.00s Sys=0.00s Real=0.00s
[41.081s][info][gc,start       ] GC(183) Pause Young (Normal) (G1 Evacuation Pause)
[41.081s][info][gc,task        ] GC(183) Using 14 workers of 33 for evacuation
[41.082s][info][gc,phases      ] GC(183)   Pre Evacuate Collection Set: 0.2ms
[41.082s][info][gc,phases      ] GC(183)   Merge Heap Roots: 0.2ms
[41.082s][info][gc,phases      ] GC(183)   Evacuate Collection Set: 0.4ms
[41.082s][info][gc,phases      ] GC(183)   Post Evacuate Collection Set: 0.6ms
[41.082s][info][gc,phases      ] GC(183)   Other: 0.2ms
[41.082s][info][gc,heap        ] GC(183) Eden regions: 369->0(369)
[41.082s][info][gc,heap        ] GC(183) Survivor regions: 1->1(47)
[41.082s][info][gc,heap        ] GC(183) Old regions: 173->173
[41.083s][info][gc,heap        ] GC(183) Archive regions: 0->0
[41.083s][info][gc,heap        ] GC(183) Humongous regions: 12->12
[41.083s][info][gc,metaspace   ] GC(183) Metaspace: 60679K(61632K)->60679K(61632K) NonClass: 53110K(53632K)->53110K(53632K) Class: 7569K(8000K)->7569K(8000K)
[41.083s][info][gc             ] GC(183) Pause Young (Normal) (G1 Evacuation Pause) 543M->174M(617M) 2.103ms
[41.083s][info][gc,cpu         ] GC(183) User=0.00s Sys=0.00s Real=0.00s
[41.135s][info][gc,start       ] GC(184) Pause Full (System.gc())
[41.136s][info][gc,task        ] GC(184) Using 14 workers of 33 for full compaction
[41.136s][info][gc,phases,start] GC(184) Phase 1: Mark live objects
[41.173s][info][gc,phases      ] GC(184) Phase 1: Mark live objects 37.020ms
[41.173s][info][gc,phases,start] GC(184) Phase 2: Prepare compaction
[41.179s][info][gc,phases      ] GC(184) Phase 2: Prepare compaction 5.295ms
[41.179s][info][gc,phases,start] GC(184) Phase 3: Adjust pointers
[41.186s][info][gc,phases      ] GC(184) Phase 3: Adjust pointers 7.325ms
[41.186s][info][gc,phases,start] GC(184) Phase 4: Compact heap
[41.186s][info][gc,phases      ] GC(184) Phase 4: Compact heap 0.397ms
[41.193s][info][gc,heap        ] GC(184) Eden regions: 82->0(364)
[41.193s][info][gc,heap        ] GC(184) Survivor regions: 1->0(47)
[41.193s][info][gc,heap        ] GC(184) Old regions: 173->170
[41.193s][info][gc,heap        ] GC(184) Archive regions: 0->0
[41.193s][info][gc,heap        ] GC(184) Humongous regions: 17->12
[41.193s][info][gc,metaspace   ] GC(184) Metaspace: 60685K(61632K)->60685K(61632K) NonClass: 53116K(53632K)->53116K(53632K) Class: 7569K(8000K)->7569K(8000K)
[41.193s][info][gc             ] GC(184) Pause Full (System.gc()) 261M->174M(607M) 57.621ms
[41.193s][info][gc,cpu         ] GC(184) User=0.66s Sys=0.00s Real=0.05s
[41.373s][info][gc,start       ] GC(185) Pause Young (Normal) (G1 Evacuation Pause)
[41.373s][info][gc,task        ] GC(185) Using 14 workers of 33 for evacuation
[41.375s][info][gc,phases      ] GC(185)   Pre Evacuate Collection Set: 0.2ms
[41.375s][info][gc,phases      ] GC(185)   Merge Heap Roots: 0.2ms
[41.375s][info][gc,phases      ] GC(185)   Evacuate Collection Set: 0.5ms
[41.375s][info][gc,phases      ] GC(185)   Post Evacuate Collection Set: 0.7ms
[41.375s][info][gc,phases      ] GC(185)   Other: 0.2ms
[41.375s][info][gc,heap        ] GC(185) Eden regions: 364->0(363)
[41.375s][info][gc,heap        ] GC(185) Survivor regions: 0->1(46)
[41.375s][info][gc,heap        ] GC(185) Old regions: 170->170
[41.375s][info][gc,heap        ] GC(185) Archive regions: 0->0
[41.376s][info][gc,heap        ] GC(185) Humongous regions: 22->12
[41.376s][info][gc,metaspace   ] GC(185) Metaspace: 60701K(61632K)->60701K(61632K) NonClass: 53132K(53632K)->53132K(53632K) Class: 7569K(8000K)->7569K(8000K)
[41.376s][info][gc             ] GC(185) Pause Young (Normal) (G1 Evacuation Pause) 548M->174M(607M) 2.291ms
[41.376s][info][gc,cpu         ] GC(185) User=0.00s Sys=0.00s Real=0.00s
[41.491s][info][gc,start       ] GC(186) Pause Young (Normal) (G1 Evacuation Pause)
[41.491s][info][gc,task        ] GC(186) Using 14 workers of 33 for evacuation
[41.492s][info][gc,phases      ] GC(186)   Pre Evacuate Collection Set: 0.2ms
[41.492s][info][gc,phases      ] GC(186)   Merge Heap Roots: 0.1ms
[41.493s][info][gc,phases      ] GC(186)   Evacuate Collection Set: 0.5ms
[41.493s][info][gc,phases      ] GC(186)   Post Evacuate Collection Set: 0.6ms
[41.493s][info][gc,phases      ] GC(186)   Other: 0.2ms
[41.493s][info][gc,heap        ] GC(186) Eden regions: 363->0(363)
[41.493s][info][gc,heap        ] GC(186) Survivor regions: 1->1(46)
[41.493s][info][gc,heap        ] GC(186) Old regions: 170->170
[41.493s][info][gc,heap        ] GC(186) Archive regions: 0->0
[41.493s][info][gc,heap        ] GC(186) Humongous regions: 12->12
[41.493s][info][gc,metaspace   ] GC(186) Metaspace: 60702K(61632K)->60702K(61632K) NonClass: 53132K(53632K)->53132K(53632K) Class: 7569K(8000K)->7569K(8000K)
[41.493s][info][gc             ] GC(186) Pause Young (Normal) (G1 Evacuation Pause) 537M->174M(607M) 1.996ms
[41.493s][info][gc,cpu         ] GC(186) User=0.22s Sys=0.00s Real=0.02s
[41.630s][info][gc,start       ] GC(187) Pause Young (Normal) (G1 Evacuation Pause)
[41.630s][info][gc,task        ] GC(187) Using 14 workers of 33 for evacuation
[41.632s][info][gc,phases      ] GC(187)   Pre Evacuate Collection Set: 0.2ms
[41.632s][info][gc,phases      ] GC(187)   Merge Heap Roots: 0.1ms
[41.632s][info][gc,phases      ] GC(187)   Evacuate Collection Set: 0.5ms
[41.632s][info][gc,phases      ] GC(187)   Post Evacuate Collection Set: 0.7ms
[41.632s][info][gc,phases      ] GC(187)   Other: 0.2ms
[41.632s][info][gc,heap        ] GC(187) Eden regions: 363->0(363)
[41.632s][info][gc,heap        ] GC(187) Survivor regions: 1->1(46)
[41.632s][info][gc,heap        ] GC(187) Old regions: 170->170
[41.632s][info][gc,heap        ] GC(187) Archive regions: 0->0
[41.632s][info][gc,heap        ] GC(187) Humongous regions: 12->12
[41.632s][info][gc,metaspace   ] GC(187) Metaspace: 60702K(61632K)->60702K(61632K) NonClass: 53132K(53632K)->53132K(53632K) Class: 7569K(8000K)->7569K(8000K)
[41.632s][info][gc             ] GC(187) Pause Young (Normal) (G1 Evacuation Pause) 537M->174M(607M) 2.065ms
[41.633s][info][gc,cpu         ] GC(187) User=0.02s Sys=0.00s Real=0.01s
[41.753s][info][gc,start       ] GC(188) Pause Young (Normal) (G1 Evacuation Pause)
[41.753s][info][gc,task        ] GC(188) Using 14 workers of 33 for evacuation
[41.754s][info][gc,phases      ] GC(188)   Pre Evacuate Collection Set: 0.2ms
[41.754s][info][gc,phases      ] GC(188)   Merge Heap Roots: 0.1ms
[41.754s][info][gc,phases      ] GC(188)   Evacuate Collection Set: 0.4ms
[41.754s][info][gc,phases      ] GC(188)   Post Evacuate Collection Set: 0.7ms
[41.754s][info][gc,phases      ] GC(188)   Other: 0.2ms
[41.754s][info][gc,heap        ] GC(188) Eden regions: 363->0(363)
[41.754s][info][gc,heap        ] GC(188) Survivor regions: 1->1(46)
[41.755s][info][gc,heap        ] GC(188) Old regions: 170->170
[41.755s][info][gc,heap        ] GC(188) Archive regions: 0->0
[41.755s][info][gc,heap        ] GC(188) Humongous regions: 12->12
[41.755s][info][gc,metaspace   ] GC(188) Metaspace: 60702K(61632K)->60702K(61632K) NonClass: 53132K(53632K)->53132K(53632K) Class: 7569K(8000K)->7569K(8000K)
[41.755s][info][gc             ] GC(188) Pause Young (Normal) (G1 Evacuation Pause) 537M->174M(607M) 2.028ms
[41.755s][info][gc,cpu         ] GC(188) User=0.00s Sys=0.00s Real=0.00s
[41.871s][info][gc,start       ] GC(189) Pause Young (Normal) (G1 Evacuation Pause)
[41.871s][info][gc,task        ] GC(189) Using 14 workers of 33 for evacuation
[41.872s][info][gc,phases      ] GC(189)   Pre Evacuate Collection Set: 0.2ms
[41.872s][info][gc,phases      ] GC(189)   Merge Heap Roots: 0.1ms
[41.872s][info][gc,phases      ] GC(189)   Evacuate Collection Set: 0.4ms
[41.872s][info][gc,phases      ] GC(189)   Post Evacuate Collection Set: 0.6ms
[41.872s][info][gc,phases      ] GC(189)   Other: 0.2ms
[41.872s][info][gc,heap        ] GC(189) Eden regions: 363->0(363)
[41.872s][info][gc,heap        ] GC(189) Survivor regions: 1->1(46)
[41.872s][info][gc,heap        ] GC(189) Old regions: 170->170
[41.872s][info][gc,heap        ] GC(189) Archive regions: 0->0
[41.872s][info][gc,heap        ] GC(189) Humongous regions: 12->12
[41.872s][info][gc,metaspace   ] GC(189) Metaspace: 60702K(61632K)->60702K(61632K) NonClass: 53132K(53632K)->53132K(53632K) Class: 7569K(8000K)->7569K(8000K)
[41.872s][info][gc             ] GC(189) Pause Young (Normal) (G1 Evacuation Pause) 537M->174M(607M) 1.958ms
[41.873s][info][gc,cpu         ] GC(189) User=0.00s Sys=0.00s Real=0.00s
[41.935s][info][gc,start       ] GC(190) Pause Full (System.gc())
[41.935s][info][gc,task        ] GC(190) Using 14 workers of 33 for full compaction
[41.936s][info][gc,phases,start] GC(190) Phase 1: Mark live objects
[41.976s][info][gc,phases      ] GC(190) Phase 1: Mark live objects 39.976ms
[41.976s][info][gc,phases,start] GC(190) Phase 2: Prepare compaction
[41.981s][info][gc,phases      ] GC(190) Phase 2: Prepare compaction 5.330ms
[41.981s][info][gc,phases,start] GC(190) Phase 3: Adjust pointers
[41.989s][info][gc,phases      ] GC(190) Phase 3: Adjust pointers 8.149ms
[41.989s][info][gc,phases,start] GC(190) Phase 4: Compact heap
[41.990s][info][gc,phases      ] GC(190) Phase 4: Compact heap 0.484ms
[41.998s][info][gc,heap        ] GC(190) Eden regions: 112->0(364)
[41.998s][info][gc,heap        ] GC(190) Survivor regions: 1->0(46)
[41.998s][info][gc,heap        ] GC(190) Old regions: 170->170
[41.998s][info][gc,heap        ] GC(190) Archive regions: 0->0
[41.998s][info][gc,heap        ] GC(190) Humongous regions: 17->12
[41.998s][info][gc,metaspace   ] GC(190) Metaspace: 60713K(61632K)->60713K(61632K) NonClass: 53144K(53632K)->53144K(53632K) Class: 7569K(8000K)->7569K(8000K)
[41.998s][info][gc             ] GC(190) Pause Full (System.gc()) 291M->174M(607M) 62.905ms
[41.998s][info][gc,cpu         ] GC(190) User=0.88s Sys=0.00s Real=0.06s
[42.171s][info][gc,start       ] GC(191) Pause Young (Normal) (G1 Evacuation Pause)
[42.171s][info][gc,task        ] GC(191) Using 14 workers of 33 for evacuation
[42.176s][info][gc,phases      ] GC(191)   Pre Evacuate Collection Set: 0.2ms
[42.176s][info][gc,phases      ] GC(191)   Merge Heap Roots: 0.2ms
[42.176s][info][gc,phases      ] GC(191)   Evacuate Collection Set: 0.5ms
[42.176s][info][gc,phases      ] GC(191)   Post Evacuate Collection Set: 3.8ms
[42.176s][info][gc,phases      ] GC(191)   Other: 0.2ms
[42.176s][info][gc,heap        ] GC(191) Eden regions: 364->0(489)
[42.176s][info][gc,heap        ] GC(191) Survivor regions: 0->1(46)
[42.176s][info][gc,heap        ] GC(191) Old regions: 170->170
[42.176s][info][gc,heap        ] GC(191) Archive regions: 0->0
[42.176s][info][gc,heap        ] GC(191) Humongous regions: 22->12
[42.176s][info][gc,metaspace   ] GC(191) Metaspace: 60773K(61696K)->60773K(61696K) NonClass: 53201K(53696K)->53201K(53696K) Class: 7571K(8000K)->7571K(8000K)
[42.176s][info][gc             ] GC(191) Pause Young (Normal) (G1 Evacuation Pause) 548M->174M(817M) 5.408ms
[42.176s][info][gc,cpu         ] GC(191) User=0.22s Sys=0.00s Real=0.02s
[42.387s][info][gc,start       ] GC(192) Pause Young (Normal) (G1 Evacuation Pause)
[42.387s][info][gc,task        ] GC(192) Using 19 workers of 33 for evacuation
[42.389s][info][gc,phases      ] GC(192)   Pre Evacuate Collection Set: 0.2ms
[42.389s][info][gc,phases      ] GC(192)   Merge Heap Roots: 0.2ms
[42.389s][info][gc,phases      ] GC(192)   Evacuate Collection Set: 0.5ms
[42.389s][info][gc,phases      ] GC(192)   Post Evacuate Collection Set: 0.8ms
[42.389s][info][gc,phases      ] GC(192)   Other: 0.2ms
[42.389s][info][gc,heap        ] GC(192) Eden regions: 489->0(489)
[42.389s][info][gc,heap        ] GC(192) Survivor regions: 1->1(62)
[42.389s][info][gc,heap        ] GC(192) Old regions: 170->170
[42.389s][info][gc,heap        ] GC(192) Archive regions: 0->0
[42.389s][info][gc,heap        ] GC(192) Humongous regions: 12->12
[42.390s][info][gc,metaspace   ] GC(192) Metaspace: 60773K(61696K)->60773K(61696K) NonClass: 53201K(53696K)->53201K(53696K) Class: 7571K(8000K)->7571K(8000K)
[42.390s][info][gc             ] GC(192) Pause Young (Normal) (G1 Evacuation Pause) 663M->174M(817M) 2.363ms
[42.390s][info][gc,cpu         ] GC(192) User=0.00s Sys=0.00s Real=0.00s
[42.558s][info][gc,start       ] GC(193) Pause Young (Normal) (G1 Evacuation Pause)
[42.558s][info][gc,task        ] GC(193) Using 19 workers of 33 for evacuation
[42.560s][info][gc,phases      ] GC(193)   Pre Evacuate Collection Set: 0.2ms
[42.560s][info][gc,phases      ] GC(193)   Merge Heap Roots: 0.2ms
[42.560s][info][gc,phases      ] GC(193)   Evacuate Collection Set: 0.5ms
[42.560s][info][gc,phases      ] GC(193)   Post Evacuate Collection Set: 0.8ms
[42.560s][info][gc,phases      ] GC(193)   Other: 0.1ms
[42.560s][info][gc,heap        ] GC(193) Eden regions: 489->0(489)
[42.560s][info][gc,heap        ] GC(193) Survivor regions: 1->1(62)
[42.560s][info][gc,heap        ] GC(193) Old regions: 170->170
[42.560s][info][gc,heap        ] GC(193) Archive regions: 0->0
[42.560s][info][gc,heap        ] GC(193) Humongous regions: 12->12
[42.560s][info][gc,metaspace   ] GC(193) Metaspace: 60786K(61696K)->60786K(61696K) NonClass: 53214K(53696K)->53214K(53696K) Class: 7571K(8000K)->7571K(8000K)
[42.560s][info][gc             ] GC(193) Pause Young (Normal) (G1 Evacuation Pause) 663M->174M(817M) 2.231ms
[42.560s][info][gc,cpu         ] GC(193) User=0.00s Sys=0.00s Real=0.00s
[42.716s][info][gc,start       ] GC(194) Pause Young (Normal) (G1 Evacuation Pause)
[42.716s][info][gc,task        ] GC(194) Using 19 workers of 33 for evacuation
[42.718s][info][gc,phases      ] GC(194)   Pre Evacuate Collection Set: 0.2ms
[42.718s][info][gc,phases      ] GC(194)   Merge Heap Roots: 0.2ms
[42.718s][info][gc,phases      ] GC(194)   Evacuate Collection Set: 0.4ms
[42.718s][info][gc,phases      ] GC(194)   Post Evacuate Collection Set: 0.8ms
[42.718s][info][gc,phases      ] GC(194)   Other: 0.2ms
[42.718s][info][gc,heap        ] GC(194) Eden regions: 489->0(489)
[42.718s][info][gc,heap        ] GC(194) Survivor regions: 1->1(62)
[42.718s][info][gc,heap        ] GC(194) Old regions: 170->170
[42.718s][info][gc,heap        ] GC(194) Archive regions: 0->0
[42.718s][info][gc,heap        ] GC(194) Humongous regions: 12->12
[42.718s][info][gc,metaspace   ] GC(194) Metaspace: 60786K(61696K)->60786K(61696K) NonClass: 53214K(53696K)->53214K(53696K) Class: 7571K(8000K)->7571K(8000K)
[42.718s][info][gc             ] GC(194) Pause Young (Normal) (G1 Evacuation Pause) 663M->174M(817M) 2.207ms
[42.718s][info][gc,cpu         ] GC(194) User=0.00s Sys=0.00s Real=0.00s
[42.773s][info][gc,start       ] GC(195) Pause Full (System.gc())
[42.773s][info][gc,task        ] GC(195) Using 19 workers of 33 for full compaction
[42.774s][info][gc,phases,start] GC(195) Phase 1: Mark live objects
[42.809s][info][gc,phases      ] GC(195) Phase 1: Mark live objects 35.013ms
[42.809s][info][gc,phases,start] GC(195) Phase 2: Prepare compaction
[42.814s][info][gc,phases      ] GC(195) Phase 2: Prepare compaction 4.788ms
[42.814s][info][gc,phases,start] GC(195) Phase 3: Adjust pointers
[42.823s][info][gc,phases      ] GC(195) Phase 3: Adjust pointers 8.580ms
[42.823s][info][gc,phases,start] GC(195) Phase 4: Compact heap
[42.823s][info][gc,phases      ] GC(195) Phase 4: Compact heap 0.455ms
[42.831s][info][gc,heap        ] GC(195) Eden regions: 96->0(364)
[42.831s][info][gc,heap        ] GC(195) Survivor regions: 1->0(62)
[42.831s][info][gc,heap        ] GC(195) Old regions: 170->170
[42.831s][info][gc,heap        ] GC(195) Archive regions: 0->0
[42.831s][info][gc,heap        ] GC(195) Humongous regions: 17->12
[42.831s][info][gc,metaspace   ] GC(195) Metaspace: 60831K(61760K)->60831K(61760K) NonClass: 53258K(53760K)->53258K(53760K) Class: 7572K(8000K)->7572K(8000K)
[42.831s][info][gc             ] GC(195) Pause Full (System.gc()) 275M->174M(607M) 57.571ms
[42.831s][info][gc,cpu         ] GC(195) User=0.89s Sys=0.00s Real=0.05s
[43.017s][info][gc,start       ] GC(196) Pause Young (Normal) (G1 Evacuation Pause)
[43.017s][info][gc,task        ] GC(196) Using 16 workers of 33 for evacuation
[43.019s][info][gc,phases      ] GC(196)   Pre Evacuate Collection Set: 0.2ms
[43.019s][info][gc,phases      ] GC(196)   Merge Heap Roots: 0.2ms
[43.019s][info][gc,phases      ] GC(196)   Evacuate Collection Set: 0.5ms
[43.019s][info][gc,phases      ] GC(196)   Post Evacuate Collection Set: 0.7ms
[43.019s][info][gc,phases      ] GC(196)   Other: 0.2ms
[43.019s][info][gc,heap        ] GC(196) Eden regions: 364->0(363)
[43.019s][info][gc,heap        ] GC(196) Survivor regions: 0->1(46)
[43.019s][info][gc,heap        ] GC(196) Old regions: 170->170
[43.019s][info][gc,heap        ] GC(196) Archive regions: 0->0
[43.019s][info][gc,heap        ] GC(196) Humongous regions: 22->12
[43.019s][info][gc,metaspace   ] GC(196) Metaspace: 60856K(61760K)->60856K(61760K) NonClass: 53282K(53760K)->53282K(53760K) Class: 7574K(8000K)->7574K(8000K)
[43.019s][info][gc             ] GC(196) Pause Young (Normal) (G1 Evacuation Pause) 548M->174M(607M) 2.311ms
[43.020s][info][gc,cpu         ] GC(196) User=0.00s Sys=0.00s Real=0.00s
[43.143s][info][gc,start       ] GC(197) Pause Young (Normal) (G1 Evacuation Pause)
[43.143s][info][gc,task        ] GC(197) Using 15 workers of 33 for evacuation
[43.144s][info][gc,phases      ] GC(197)   Pre Evacuate Collection Set: 0.2ms
[43.144s][info][gc,phases      ] GC(197)   Merge Heap Roots: 0.1ms
[43.145s][info][gc,phases      ] GC(197)   Evacuate Collection Set: 0.5ms
[43.145s][info][gc,phases      ] GC(197)   Post Evacuate Collection Set: 0.7ms
[43.145s][info][gc,phases      ] GC(197)   Other: 0.2ms
[43.145s][info][gc,heap        ] GC(197) Eden regions: 363->0(363)
[43.145s][info][gc,heap        ] GC(197) Survivor regions: 1->1(46)
[43.145s][info][gc,heap        ] GC(197) Old regions: 170->170
[43.145s][info][gc,heap        ] GC(197) Archive regions: 0->0
[43.145s][info][gc,heap        ] GC(197) Humongous regions: 12->12
[43.145s][info][gc,metaspace   ] GC(197) Metaspace: 60856K(61760K)->60856K(61760K) NonClass: 53282K(53760K)->53282K(53760K) Class: 7574K(8000K)->7574K(8000K)
[43.145s][info][gc             ] GC(197) Pause Young (Normal) (G1 Evacuation Pause) 537M->174M(607M) 2.094ms
[43.145s][info][gc,cpu         ] GC(197) User=0.00s Sys=0.00s Real=0.00s
[43.269s][info][gc,start       ] GC(198) Pause Young (Normal) (G1 Evacuation Pause)
[43.269s][info][gc,task        ] GC(198) Using 14 workers of 33 for evacuation
[43.270s][info][gc,phases      ] GC(198)   Pre Evacuate Collection Set: 0.2ms
[43.270s][info][gc,phases      ] GC(198)   Merge Heap Roots: 0.1ms
[43.270s][info][gc,phases      ] GC(198)   Evacuate Collection Set: 0.4ms
[43.271s][info][gc,phases      ] GC(198)   Post Evacuate Collection Set: 0.7ms
[43.271s][info][gc,phases      ] GC(198)   Other: 0.2ms
[43.271s][info][gc,heap        ] GC(198) Eden regions: 363->0(363)
[43.271s][info][gc,heap        ] GC(198) Survivor regions: 1->1(46)
[43.271s][info][gc,heap        ] GC(198) Old regions: 170->170
[43.271s][info][gc,heap        ] GC(198) Archive regions: 0->0
[43.271s][info][gc,heap        ] GC(198) Humongous regions: 12->12
[43.271s][info][gc,metaspace   ] GC(198) Metaspace: 60856K(61760K)->60856K(61760K) NonClass: 53282K(53760K)->53282K(53760K) Class: 7574K(8000K)->7574K(8000K)
[43.271s][info][gc             ] GC(198) Pause Young (Normal) (G1 Evacuation Pause) 537M->174M(607M) 2.035ms
[43.271s][info][gc,cpu         ] GC(198) User=0.00s Sys=0.00s Real=0.00s
[43.395s][info][gc,start       ] GC(199) Pause Young (Normal) (G1 Evacuation Pause)
[43.395s][info][gc,task        ] GC(199) Using 14 workers of 33 for evacuation
[43.397s][info][gc,phases      ] GC(199)   Pre Evacuate Collection Set: 0.2ms
[43.397s][info][gc,phases      ] GC(199)   Merge Heap Roots: 0.1ms
[43.397s][info][gc,phases      ] GC(199)   Evacuate Collection Set: 0.4ms
[43.397s][info][gc,phases      ] GC(199)   Post Evacuate Collection Set: 0.7ms
[43.397s][info][gc,phases      ] GC(199)   Other: 0.2ms
[43.397s][info][gc,heap        ] GC(199) Eden regions: 363->0(363)
[43.397s][info][gc,heap        ] GC(199) Survivor regions: 1->1(46)
[43.397s][info][gc,heap        ] GC(199) Old regions: 170->170
[43.397s][info][gc,heap        ] GC(199) Archive regions: 0->0
[43.397s][info][gc,heap        ] GC(199) Humongous regions: 12->12
[43.397s][info][gc,metaspace   ] GC(199) Metaspace: 60856K(61760K)->60856K(61760K) NonClass: 53282K(53760K)->53282K(53760K) Class: 7574K(8000K)->7574K(8000K)
[43.397s][info][gc             ] GC(199) Pause Young (Normal) (G1 Evacuation Pause) 537M->174M(607M) 2.049ms
[43.397s][info][gc,cpu         ] GC(199) User=0.00s Sys=0.00s Real=0.00s
[43.513s][info][gc,start       ] GC(200) Pause Young (Normal) (G1 Evacuation Pause)
[43.513s][info][gc,task        ] GC(200) Using 14 workers of 33 for evacuation
[43.515s][info][gc,phases      ] GC(200)   Pre Evacuate Collection Set: 0.2ms
[43.515s][info][gc,phases      ] GC(200)   Merge Heap Roots: 0.1ms
[43.515s][info][gc,phases      ] GC(200)   Evacuate Collection Set: 0.4ms
[43.515s][info][gc,phases      ] GC(200)   Post Evacuate Collection Set: 0.7ms
[43.515s][info][gc,phases      ] GC(200)   Other: 0.2ms
[43.515s][info][gc,heap        ] GC(200) Eden regions: 363->0(363)
[43.515s][info][gc,heap        ] GC(200) Survivor regions: 1->1(46)
[43.515s][info][gc,heap        ] GC(200) Old regions: 170->170
[43.515s][info][gc,heap        ] GC(200) Archive regions: 0->0
[43.515s][info][gc,heap        ] GC(200) Humongous regions: 12->12
[43.515s][info][gc,metaspace   ] GC(200) Metaspace: 60856K(61760K)->60856K(61760K) NonClass: 53282K(53760K)->53282K(53760K) Class: 7574K(8000K)->7574K(8000K)
[43.515s][info][gc             ] GC(200) Pause Young (Normal) (G1 Evacuation Pause) 537M->174M(607M) 1.977ms
[43.515s][info][gc,cpu         ] GC(200) User=0.00s Sys=0.00s Real=0.00s
[43.584s][info][gc,start       ] GC(201) Pause Full (System.gc())
[43.584s][info][gc,task        ] GC(201) Using 14 workers of 33 for full compaction
[43.585s][info][gc,phases,start] GC(201) Phase 1: Mark live objects
[43.625s][info][gc,phases      ] GC(201) Phase 1: Mark live objects 40.007ms
[43.625s][info][gc,phases,start] GC(201) Phase 2: Prepare compaction
[43.630s][info][gc,phases      ] GC(201) Phase 2: Prepare compaction 5.111ms
[43.630s][info][gc,phases,start] GC(201) Phase 3: Adjust pointers
[43.637s][info][gc,phases      ] GC(201) Phase 3: Adjust pointers 7.692ms
[43.638s][info][gc,phases,start] GC(201) Phase 4: Compact heap
[43.638s][info][gc,phases      ] GC(201) Phase 4: Compact heap 0.420ms
[43.645s][info][gc,heap        ] GC(201) Eden regions: 111->0(364)
[43.645s][info][gc,heap        ] GC(201) Survivor regions: 1->0(46)
[43.645s][info][gc,heap        ] GC(201) Old regions: 170->170
[43.645s][info][gc,heap        ] GC(201) Archive regions: 0->0
[43.645s][info][gc,heap        ] GC(201) Humongous regions: 17->12
[43.645s][info][gc,metaspace   ] GC(201) Metaspace: 60866K(61760K)->60866K(61760K) NonClass: 53291K(53760K)->53291K(53760K) Class: 7574K(8000K)->7574K(8000K)
[43.645s][info][gc             ] GC(201) Pause Full (System.gc()) 290M->174M(607M) 61.002ms
[43.645s][info][gc,cpu         ] GC(201) User=0.67s Sys=0.00s Real=0.06s
[43.817s][info][gc,start       ] GC(202) Pause Young (Normal) (G1 Evacuation Pause)
[43.817s][info][gc,task        ] GC(202) Using 14 workers of 33 for evacuation
[43.819s][info][gc,phases      ] GC(202)   Pre Evacuate Collection Set: 0.2ms
[43.819s][info][gc,phases      ] GC(202)   Merge Heap Roots: 0.1ms
[43.819s][info][gc,phases      ] GC(202)   Evacuate Collection Set: 0.5ms
[43.819s][info][gc,phases      ] GC(202)   Post Evacuate Collection Set: 0.6ms
[43.819s][info][gc,phases      ] GC(202)   Other: 0.2ms
[43.819s][info][gc,heap        ] GC(202) Eden regions: 364->0(363)
[43.819s][info][gc,heap        ] GC(202) Survivor regions: 0->1(46)
[43.819s][info][gc,heap        ] GC(202) Old regions: 170->170
[43.819s][info][gc,heap        ] GC(202) Archive regions: 0->0
[43.819s][info][gc,heap        ] GC(202) Humongous regions: 22->12
[43.819s][info][gc,metaspace   ] GC(202) Metaspace: 60867K(61760K)->60867K(61760K) NonClass: 53292K(53760K)->53292K(53760K) Class: 7574K(8000K)->7574K(8000K)
[43.819s][info][gc             ] GC(202) Pause Young (Normal) (G1 Evacuation Pause) 548M->174M(607M) 1.953ms
[43.819s][info][gc,cpu         ] GC(202) User=0.00s Sys=0.00s Real=0.00s
[43.951s][info][gc,start       ] GC(203) Pause Young (Normal) (G1 Evacuation Pause)
[43.951s][info][gc,task        ] GC(203) Using 14 workers of 33 for evacuation
[43.952s][info][gc,phases      ] GC(203)   Pre Evacuate Collection Set: 0.2ms
[43.953s][info][gc,phases      ] GC(203)   Merge Heap Roots: 0.2ms
[43.953s][info][gc,phases      ] GC(203)   Evacuate Collection Set: 0.4ms
[43.953s][info][gc,phases      ] GC(203)   Post Evacuate Collection Set: 0.7ms
[43.953s][info][gc,phases      ] GC(203)   Other: 0.2ms
[43.953s][info][gc,heap        ] GC(203) Eden regions: 363->0(363)
[43.953s][info][gc,heap        ] GC(203) Survivor regions: 1->1(46)
[43.953s][info][gc,heap        ] GC(203) Old regions: 170->170
[43.953s][info][gc,heap        ] GC(203) Archive regions: 0->0
[43.953s][info][gc,heap        ] GC(203) Humongous regions: 12->12
[43.953s][info][gc,metaspace   ] GC(203) Metaspace: 60867K(61760K)->60867K(61760K) NonClass: 53292K(53760K)->53292K(53760K) Class: 7574K(8000K)->7574K(8000K)
[43.953s][info][gc             ] GC(203) Pause Young (Normal) (G1 Evacuation Pause) 537M->174M(607M) 2.125ms
[43.953s][info][gc,cpu         ] GC(203) User=0.00s Sys=0.00s Real=0.00s
[44.077s][info][gc,start       ] GC(204) Pause Young (Normal) (G1 Evacuation Pause)
[44.077s][info][gc,task        ] GC(204) Using 14 workers of 33 for evacuation
[44.079s][info][gc,phases      ] GC(204)   Pre Evacuate Collection Set: 0.2ms
[44.079s][info][gc,phases      ] GC(204)   Merge Heap Roots: 0.1ms
[44.079s][info][gc,phases      ] GC(204)   Evacuate Collection Set: 0.5ms
[44.079s][info][gc,phases      ] GC(204)   Post Evacuate Collection Set: 0.7ms
[44.079s][info][gc,phases      ] GC(204)   Other: 0.2ms
[44.079s][info][gc,heap        ] GC(204) Eden regions: 363->0(363)
[44.079s][info][gc,heap        ] GC(204) Survivor regions: 1->1(46)
[44.079s][info][gc,heap        ] GC(204) Old regions: 170->170
[44.079s][info][gc,heap        ] GC(204) Archive regions: 0->0
[44.079s][info][gc,heap        ] GC(204) Humongous regions: 12->12
[44.079s][info][gc,metaspace   ] GC(204) Metaspace: 60867K(61760K)->60867K(61760K) NonClass: 53292K(53760K)->53292K(53760K) Class: 7574K(8000K)->7574K(8000K)
[44.079s][info][gc             ] GC(204) Pause Young (Normal) (G1 Evacuation Pause) 537M->174M(607M) 2.084ms
[44.079s][info][gc,cpu         ] GC(204) User=0.00s Sys=0.00s Real=0.00s
[44.202s][info][gc,start       ] GC(205) Pause Young (Normal) (G1 Evacuation Pause)
[44.202s][info][gc,task        ] GC(205) Using 14 workers of 33 for evacuation
[44.204s][info][gc,phases      ] GC(205)   Pre Evacuate Collection Set: 0.2ms
[44.204s][info][gc,phases      ] GC(205)   Merge Heap Roots: 0.1ms
[44.204s][info][gc,phases      ] GC(205)   Evacuate Collection Set: 0.4ms
[44.204s][info][gc,phases      ] GC(205)   Post Evacuate Collection Set: 0.7ms
[44.204s][info][gc,phases      ] GC(205)   Other: 0.1ms
[44.204s][info][gc,heap        ] GC(205) Eden regions: 363->0(363)
[44.204s][info][gc,heap        ] GC(205) Survivor regions: 1->1(46)
[44.204s][info][gc,heap        ] GC(205) Old regions: 170->170
[44.204s][info][gc,heap        ] GC(205) Archive regions: 0->0
[44.204s][info][gc,heap        ] GC(205) Humongous regions: 12->12
[44.204s][info][gc,metaspace   ] GC(205) Metaspace: 60867K(61760K)->60867K(61760K) NonClass: 53292K(53760K)->53292K(53760K) Class: 7574K(8000K)->7574K(8000K)
[44.204s][info][gc             ] GC(205) Pause Young (Normal) (G1 Evacuation Pause) 537M->174M(607M) 2.008ms
[44.204s][info][gc,cpu         ] GC(205) User=0.00s Sys=0.00s Real=0.00s
[44.319s][info][gc,start       ] GC(206) Pause Young (Normal) (G1 Evacuation Pause)
[44.320s][info][gc,task        ] GC(206) Using 14 workers of 33 for evacuation
[44.321s][info][gc,phases      ] GC(206)   Pre Evacuate Collection Set: 0.2ms
[44.321s][info][gc,phases      ] GC(206)   Merge Heap Roots: 0.1ms
[44.321s][info][gc,phases      ] GC(206)   Evacuate Collection Set: 0.4ms
[44.321s][info][gc,phases      ] GC(206)   Post Evacuate Collection Set: 0.7ms
[44.321s][info][gc,phases      ] GC(206)   Other: 0.2ms
[44.321s][info][gc,heap        ] GC(206) Eden regions: 363->0(363)
[44.321s][info][gc,heap        ] GC(206) Survivor regions: 1->1(46)
[44.321s][info][gc,heap        ] GC(206) Old regions: 170->170
[44.321s][info][gc,heap        ] GC(206) Archive regions: 0->0
[44.321s][info][gc,heap        ] GC(206) Humongous regions: 12->12
[44.321s][info][gc,metaspace   ] GC(206) Metaspace: 60867K(61760K)->60867K(61760K) NonClass: 53292K(53760K)->53292K(53760K) Class: 7574K(8000K)->7574K(8000K)
[44.321s][info][gc             ] GC(206) Pause Young (Normal) (G1 Evacuation Pause) 537M->174M(607M) 2.002ms
[44.321s][info][gc,cpu         ] GC(206) User=0.00s Sys=0.00s Real=0.00s
[44.403s][info][gc,start       ] GC(207) Pause Full (System.gc())
[44.403s][info][gc,task        ] GC(207) Using 14 workers of 33 for full compaction
[44.403s][info][gc,phases,start] GC(207) Phase 1: Mark live objects
[44.443s][info][gc,phases      ] GC(207) Phase 1: Mark live objects 39.926ms
[44.443s][info][gc,phases,start] GC(207) Phase 2: Prepare compaction
[44.449s][info][gc,phases      ] GC(207) Phase 2: Prepare compaction 5.200ms
[44.449s][info][gc,phases,start] GC(207) Phase 3: Adjust pointers
[44.456s][info][gc,phases      ] GC(207) Phase 3: Adjust pointers 7.493ms
[44.456s][info][gc,phases,start] GC(207) Phase 4: Compact heap
[44.457s][info][gc,phases      ] GC(207) Phase 4: Compact heap 0.477ms
[44.463s][info][gc,heap        ] GC(207) Eden regions: 110->0(364)
[44.463s][info][gc,heap        ] GC(207) Survivor regions: 1->0(46)
[44.463s][info][gc,heap        ] GC(207) Old regions: 170->170
[44.463s][info][gc,heap        ] GC(207) Archive regions: 0->0
[44.463s][info][gc,heap        ] GC(207) Humongous regions: 17->12
[44.463s][info][gc,metaspace   ] GC(207) Metaspace: 60867K(61760K)->60867K(61760K) NonClass: 53292K(53760K)->53292K(53760K) Class: 7574K(8000K)->7574K(8000K)
[44.463s][info][gc             ] GC(207) Pause Full (System.gc()) 289M->174M(607M) 60.626ms
[44.463s][info][gc,cpu         ] GC(207) User=0.66s Sys=0.02s Real=0.06s
[44.641s][info][gc,start       ] GC(208) Pause Young (Normal) (G1 Evacuation Pause)
[44.641s][info][gc,task        ] GC(208) Using 14 workers of 33 for evacuation
[44.646s][info][gc,phases      ] GC(208)   Pre Evacuate Collection Set: 0.3ms
[44.646s][info][gc,phases      ] GC(208)   Merge Heap Roots: 0.2ms
[44.646s][info][gc,phases      ] GC(208)   Evacuate Collection Set: 0.5ms
[44.646s][info][gc,phases      ] GC(208)   Post Evacuate Collection Set: 3.7ms
[44.646s][info][gc,phases      ] GC(208)   Other: 0.2ms
[44.646s][info][gc,heap        ] GC(208) Eden regions: 364->0(484)
[44.646s][info][gc,heap        ] GC(208) Survivor regions: 0->1(46)
[44.646s][info][gc,heap        ] GC(208) Old regions: 170->170
[44.646s][info][gc,heap        ] GC(208) Archive regions: 0->0
[44.646s][info][gc,heap        ] GC(208) Humongous regions: 22->12
[44.646s][info][gc,metaspace   ] GC(208) Metaspace: 60894K(61824K)->60894K(61824K) NonClass: 53320K(53824K)->53320K(53824K) Class: 7574K(8000K)->7574K(8000K)
[44.646s][info][gc             ] GC(208) Pause Young (Normal) (G1 Evacuation Pause) 548M->174M(809M) 5.339ms
[44.646s][info][gc,cpu         ] GC(208) User=0.00s Sys=0.00s Real=0.00s
[44.859s][info][gc,start       ] GC(209) Pause Young (Normal) (G1 Evacuation Pause)
[44.859s][info][gc,task        ] GC(209) Using 19 workers of 33 for evacuation
[44.861s][info][gc,phases      ] GC(209)   Pre Evacuate Collection Set: 0.2ms
[44.861s][info][gc,phases      ] GC(209)   Merge Heap Roots: 0.2ms
[44.861s][info][gc,phases      ] GC(209)   Evacuate Collection Set: 0.5ms
[44.861s][info][gc,phases      ] GC(209)   Post Evacuate Collection Set: 0.8ms
[44.861s][info][gc,phases      ] GC(209)   Other: 0.2ms
[44.861s][info][gc,heap        ] GC(209) Eden regions: 484->0(484)
[44.861s][info][gc,heap        ] GC(209) Survivor regions: 1->1(61)
[44.861s][info][gc,heap        ] GC(209) Old regions: 170->170
[44.861s][info][gc,heap        ] GC(209) Archive regions: 0->0
[44.861s][info][gc,heap        ] GC(209) Humongous regions: 12->12
[44.861s][info][gc,metaspace   ] GC(209) Metaspace: 60894K(61824K)->60894K(61824K) NonClass: 53320K(53824K)->53320K(53824K) Class: 7574K(8000K)->7574K(8000K)
[44.861s][info][gc             ] GC(209) Pause Young (Normal) (G1 Evacuation Pause) 658M->174M(809M) 2.288ms
[44.861s][info][gc,cpu         ] GC(209) User=0.00s Sys=0.00s Real=0.00s
[45.017s][info][gc,start       ] GC(210) Pause Young (Normal) (G1 Evacuation Pause)
[45.018s][info][gc,task        ] GC(210) Using 19 workers of 33 for evacuation
[45.019s][info][gc,phases      ] GC(210)   Pre Evacuate Collection Set: 0.2ms
[45.019s][info][gc,phases      ] GC(210)   Merge Heap Roots: 0.2ms
[45.019s][info][gc,phases      ] GC(210)   Evacuate Collection Set: 0.4ms
[45.019s][info][gc,phases      ] GC(210)   Post Evacuate Collection Set: 0.8ms
[45.019s][info][gc,phases      ] GC(210)   Other: 0.2ms
[45.019s][info][gc,heap        ] GC(210) Eden regions: 484->0(484)
[45.019s][info][gc,heap        ] GC(210) Survivor regions: 1->1(61)
[45.020s][info][gc,heap        ] GC(210) Old regions: 170->170
[45.020s][info][gc,heap        ] GC(210) Archive regions: 0->0
[45.020s][info][gc,heap        ] GC(210) Humongous regions: 12->12
[45.020s][info][gc,metaspace   ] GC(210) Metaspace: 60894K(61824K)->60894K(61824K) NonClass: 53320K(53824K)->53320K(53824K) Class: 7574K(8000K)->7574K(8000K)
[45.020s][info][gc             ] GC(210) Pause Young (Normal) (G1 Evacuation Pause) 658M->174M(809M) 2.239ms
[45.020s][info][gc,cpu         ] GC(210) User=0.02s Sys=0.00s Real=0.02s
[45.174s][info][gc,start       ] GC(211) Pause Young (Normal) (G1 Evacuation Pause)
[45.175s][info][gc,task        ] GC(211) Using 19 workers of 33 for evacuation
[45.176s][info][gc,phases      ] GC(211)   Pre Evacuate Collection Set: 0.2ms
[45.176s][info][gc,phases      ] GC(211)   Merge Heap Roots: 0.1ms
[45.176s][info][gc,phases      ] GC(211)   Evacuate Collection Set: 0.4ms
[45.176s][info][gc,phases      ] GC(211)   Post Evacuate Collection Set: 0.8ms
[45.176s][info][gc,phases      ] GC(211)   Other: 0.2ms
[45.176s][info][gc,heap        ] GC(211) Eden regions: 484->0(484)
[45.176s][info][gc,heap        ] GC(211) Survivor regions: 1->1(61)
[45.176s][info][gc,heap        ] GC(211) Old regions: 170->170
[45.177s][info][gc,heap        ] GC(211) Archive regions: 0->0
[45.177s][info][gc,heap        ] GC(211) Humongous regions: 12->12
[45.177s][info][gc,metaspace   ] GC(211) Metaspace: 60894K(61824K)->60894K(61824K) NonClass: 53320K(53824K)->53320K(53824K) Class: 7574K(8000K)->7574K(8000K)
[45.177s][info][gc             ] GC(211) Pause Young (Normal) (G1 Evacuation Pause) 658M->174M(809M) 2.173ms
[45.177s][info][gc,cpu         ] GC(211) User=0.02s Sys=0.00s Real=0.02s
[45.234s][info][gc,start       ] GC(212) Pause Full (System.gc())
[45.235s][info][gc,task        ] GC(212) Using 19 workers of 33 for full compaction
[45.235s][info][gc,phases,start] GC(212) Phase 1: Mark live objects
[45.269s][info][gc,phases      ] GC(212) Phase 1: Mark live objects 33.339ms
[45.269s][info][gc,phases,start] GC(212) Phase 2: Prepare compaction
[45.274s][info][gc,phases      ] GC(212) Phase 2: Prepare compaction 4.891ms
[45.274s][info][gc,phases,start] GC(212) Phase 3: Adjust pointers
[45.283s][info][gc,phases      ] GC(212) Phase 3: Adjust pointers 8.852ms
[45.283s][info][gc,phases,start] GC(212) Phase 4: Compact heap
[45.283s][info][gc,phases      ] GC(212) Phase 4: Compact heap 0.454ms
[45.291s][info][gc,heap        ] GC(212) Eden regions: 111->0(368)
[45.291s][info][gc,heap        ] GC(212) Survivor regions: 1->0(61)
[45.291s][info][gc,heap        ] GC(212) Old regions: 170->172
[45.291s][info][gc,heap        ] GC(212) Archive regions: 0->0
[45.291s][info][gc,heap        ] GC(212) Humongous regions: 17->12
[45.291s][info][gc,metaspace   ] GC(212) Metaspace: 60900K(61824K)->60900K(61824K) NonClass: 53325K(53824K)->53325K(53824K) Class: 7574K(8000K)->7574K(8000K)
[45.292s][info][gc             ] GC(212) Pause Full (System.gc()) 290M->174M(614M) 57.079ms
[45.292s][info][gc,cpu         ] GC(212) User=0.89s Sys=0.00s Real=0.05s
[45.477s][info][gc,start       ] GC(213) Pause Young (Normal) (G1 Evacuation Pause)
[45.477s][info][gc,task        ] GC(213) Using 16 workers of 33 for evacuation
[45.479s][info][gc,phases      ] GC(213)   Pre Evacuate Collection Set: 0.2ms
[45.479s][info][gc,phases      ] GC(213)   Merge Heap Roots: 0.1ms
[45.479s][info][gc,phases      ] GC(213)   Evacuate Collection Set: 0.5ms
[45.479s][info][gc,phases      ] GC(213)   Post Evacuate Collection Set: 0.7ms
[45.479s][info][gc,phases      ] GC(213)   Other: 0.2ms
[45.479s][info][gc,heap        ] GC(213) Eden regions: 368->0(367)
[45.479s][info][gc,heap        ] GC(213) Survivor regions: 0->1(46)
[45.479s][info][gc,heap        ] GC(213) Old regions: 172->172
[45.479s][info][gc,heap        ] GC(213) Archive regions: 0->0
[45.479s][info][gc,heap        ] GC(213) Humongous regions: 22->12
[45.479s][info][gc,metaspace   ] GC(213) Metaspace: 60904K(61824K)->60904K(61824K) NonClass: 53329K(53824K)->53329K(53824K) Class: 7574K(8000K)->7574K(8000K)
[45.479s][info][gc             ] GC(213) Pause Young (Normal) (G1 Evacuation Pause) 552M->174M(614M) 2.309ms
[45.479s][info][gc,cpu         ] GC(213) User=0.00s Sys=0.02s Real=0.02s
[45.610s][info][gc,start       ] GC(214) Pause Young (Normal) (G1 Evacuation Pause)
[45.610s][info][gc,task        ] GC(214) Using 15 workers of 33 for evacuation
[45.613s][info][gc,phases      ] GC(214)   Pre Evacuate Collection Set: 0.2ms
[45.613s][info][gc,phases      ] GC(214)   Merge Heap Roots: 0.1ms
[45.613s][info][gc,phases      ] GC(214)   Evacuate Collection Set: 0.5ms
[45.613s][info][gc,phases      ] GC(214)   Post Evacuate Collection Set: 0.7ms
[45.613s][info][gc,phases      ] GC(214)   Other: 1.2ms
[45.613s][info][gc,heap        ] GC(214) Eden regions: 367->0(367)
[45.613s][info][gc,heap        ] GC(214) Survivor regions: 1->1(46)
[45.613s][info][gc,heap        ] GC(214) Old regions: 172->172
[45.613s][info][gc,heap        ] GC(214) Archive regions: 0->0
[45.613s][info][gc,heap        ] GC(214) Humongous regions: 12->12
[45.613s][info][gc,metaspace   ] GC(214) Metaspace: 60904K(61824K)->60904K(61824K) NonClass: 53329K(53824K)->53329K(53824K) Class: 7574K(8000K)->7574K(8000K)
[45.613s][info][gc             ] GC(214) Pause Young (Normal) (G1 Evacuation Pause) 541M->174M(614M) 3.205ms
[45.613s][info][gc,cpu         ] GC(214) User=0.00s Sys=0.00s Real=0.00s
[45.738s][info][gc,start       ] GC(215) Pause Young (Normal) (G1 Evacuation Pause)
[45.738s][info][gc,task        ] GC(215) Using 14 workers of 33 for evacuation
[45.740s][info][gc,phases      ] GC(215)   Pre Evacuate Collection Set: 0.2ms
[45.740s][info][gc,phases      ] GC(215)   Merge Heap Roots: 0.1ms
[45.740s][info][gc,phases      ] GC(215)   Evacuate Collection Set: 0.4ms
[45.740s][info][gc,phases      ] GC(215)   Post Evacuate Collection Set: 0.7ms
[45.740s][info][gc,phases      ] GC(215)   Other: 0.2ms
[45.740s][info][gc,heap        ] GC(215) Eden regions: 367->0(367)
[45.740s][info][gc,heap        ] GC(215) Survivor regions: 1->1(46)
[45.740s][info][gc,heap        ] GC(215) Old regions: 172->172
[45.740s][info][gc,heap        ] GC(215) Archive regions: 0->0
[45.740s][info][gc,heap        ] GC(215) Humongous regions: 12->12
[45.740s][info][gc,metaspace   ] GC(215) Metaspace: 60904K(61824K)->60904K(61824K) NonClass: 53329K(53824K)->53329K(53824K) Class: 7574K(8000K)->7574K(8000K)
[45.740s][info][gc             ] GC(215) Pause Young (Normal) (G1 Evacuation Pause) 541M->174M(614M) 2.078ms
[45.740s][info][gc,cpu         ] GC(215) User=0.00s Sys=0.00s Real=0.00s
[45.877s][info][gc,start       ] GC(216) Pause Young (Normal) (G1 Evacuation Pause)
[45.877s][info][gc,task        ] GC(216) Using 14 workers of 33 for evacuation
[45.879s][info][gc,phases      ] GC(216)   Pre Evacuate Collection Set: 0.2ms
[45.879s][info][gc,phases      ] GC(216)   Merge Heap Roots: 0.1ms
[45.879s][info][gc,phases      ] GC(216)   Evacuate Collection Set: 0.4ms
[45.879s][info][gc,phases      ] GC(216)   Post Evacuate Collection Set: 0.7ms
[45.879s][info][gc,phases      ] GC(216)   Other: 0.2ms
[45.879s][info][gc,heap        ] GC(216) Eden regions: 367->0(367)
[45.879s][info][gc,heap        ] GC(216) Survivor regions: 1->1(46)
[45.879s][info][gc,heap        ] GC(216) Old regions: 172->172
[45.879s][info][gc,heap        ] GC(216) Archive regions: 0->0
[45.879s][info][gc,heap        ] GC(216) Humongous regions: 12->12
[45.879s][info][gc,metaspace   ] GC(216) Metaspace: 60904K(61824K)->60904K(61824K) NonClass: 53329K(53824K)->53329K(53824K) Class: 7574K(8000K)->7574K(8000K)
[45.879s][info][gc             ] GC(216) Pause Young (Normal) (G1 Evacuation Pause) 541M->174M(614M) 2.044ms
[45.879s][info][gc,cpu         ] GC(216) User=0.00s Sys=0.00s Real=0.00s
[46.002s][info][gc,start       ] GC(217) Pause Young (Normal) (G1 Evacuation Pause)
[46.002s][info][gc,task        ] GC(217) Using 14 workers of 33 for evacuation
[46.004s][info][gc,phases      ] GC(217)   Pre Evacuate Collection Set: 0.2ms
[46.004s][info][gc,phases      ] GC(217)   Merge Heap Roots: 0.1ms
[46.004s][info][gc,phases      ] GC(217)   Evacuate Collection Set: 0.4ms
[46.004s][info][gc,phases      ] GC(217)   Post Evacuate Collection Set: 0.6ms
[46.004s][info][gc,phases      ] GC(217)   Other: 0.2ms
[46.004s][info][gc,heap        ] GC(217) Eden regions: 367->0(367)
[46.004s][info][gc,heap        ] GC(217) Survivor regions: 1->1(46)
[46.004s][info][gc,heap        ] GC(217) Old regions: 172->172
[46.004s][info][gc,heap        ] GC(217) Archive regions: 0->0
[46.004s][info][gc,heap        ] GC(217) Humongous regions: 12->12
[46.004s][info][gc,metaspace   ] GC(217) Metaspace: 60904K(61824K)->60904K(61824K) NonClass: 53329K(53824K)->53329K(53824K) Class: 7574K(8000K)->7574K(8000K)
[46.004s][info][gc             ] GC(217) Pause Young (Normal) (G1 Evacuation Pause) 541M->174M(614M) 1.906ms
[46.004s][info][gc,cpu         ] GC(217) User=0.00s Sys=0.00s Real=0.00s
[46.077s][info][gc,start       ] GC(218) Pause Full (System.gc())
[46.077s][info][gc,task        ] GC(218) Using 14 workers of 33 for full compaction
[46.077s][info][gc,phases,start] GC(218) Phase 1: Mark live objects
[46.115s][info][gc,phases      ] GC(218) Phase 1: Mark live objects 37.824ms
[46.115s][info][gc,phases,start] GC(218) Phase 2: Prepare compaction
[46.120s][info][gc,phases      ] GC(218) Phase 2: Prepare compaction 5.064ms
[46.120s][info][gc,phases,start] GC(218) Phase 3: Adjust pointers
[46.128s][info][gc,phases      ] GC(218) Phase 3: Adjust pointers 7.570ms
[46.128s][info][gc,phases,start] GC(218) Phase 4: Compact heap
[46.129s][info][gc,phases      ] GC(218) Phase 4: Compact heap 0.467ms
[46.135s][info][gc,heap        ] GC(218) Eden regions: 91->0(364)
[46.135s][info][gc,heap        ] GC(218) Survivor regions: 1->0(46)
[46.135s][info][gc,heap        ] GC(218) Old regions: 172->170
[46.135s][info][gc,heap        ] GC(218) Archive regions: 0->0
[46.135s][info][gc,heap        ] GC(218) Humongous regions: 17->12
[46.135s][info][gc,metaspace   ] GC(218) Metaspace: 60918K(61824K)->60918K(61824K) NonClass: 53343K(53824K)->53343K(53824K) Class: 7574K(8000K)->7574K(8000K)
[46.135s][info][gc             ] GC(218) Pause Full (System.gc()) 270M->174M(607M) 58.846ms
[46.136s][info][gc,cpu         ] GC(218) User=0.66s Sys=0.00s Real=0.05s
[46.311s][info][gc,start       ] GC(219) Pause Young (Normal) (G1 Evacuation Pause)
[46.311s][info][gc,task        ] GC(219) Using 14 workers of 33 for evacuation
[46.313s][info][gc,phases      ] GC(219)   Pre Evacuate Collection Set: 0.2ms
[46.313s][info][gc,phases      ] GC(219)   Merge Heap Roots: 0.1ms
[46.313s][info][gc,phases      ] GC(219)   Evacuate Collection Set: 0.5ms
[46.313s][info][gc,phases      ] GC(219)   Post Evacuate Collection Set: 0.6ms
[46.313s][info][gc,phases      ] GC(219)   Other: 0.2ms
[46.313s][info][gc,heap        ] GC(219) Eden regions: 364->0(363)
[46.313s][info][gc,heap        ] GC(219) Survivor regions: 0->1(46)
[46.313s][info][gc,heap        ] GC(219) Old regions: 170->170
[46.313s][info][gc,heap        ] GC(219) Archive regions: 0->0
[46.313s][info][gc,heap        ] GC(219) Humongous regions: 22->12
[46.313s][info][gc,metaspace   ] GC(219) Metaspace: 60957K(61888K)->60957K(61888K) NonClass: 53382K(53888K)->53382K(53888K) Class: 7574K(8000K)->7574K(8000K)
[46.313s][info][gc             ] GC(219) Pause Young (Normal) (G1 Evacuation Pause) 548M->174M(607M) 2.115ms
[46.313s][info][gc,cpu         ] GC(219) User=0.00s Sys=0.00s Real=0.00s
[46.428s][info][gc,start       ] GC(220) Pause Young (Normal) (G1 Evacuation Pause)
[46.429s][info][gc,task        ] GC(220) Using 14 workers of 33 for evacuation
[46.430s][info][gc,phases      ] GC(220)   Pre Evacuate Collection Set: 0.2ms
[46.430s][info][gc,phases      ] GC(220)   Merge Heap Roots: 0.2ms
[46.430s][info][gc,phases      ] GC(220)   Evacuate Collection Set: 0.5ms
[46.430s][info][gc,phases      ] GC(220)   Post Evacuate Collection Set: 0.7ms
[46.430s][info][gc,phases      ] GC(220)   Other: 0.2ms
[46.430s][info][gc,heap        ] GC(220) Eden regions: 363->0(363)
[46.430s][info][gc,heap        ] GC(220) Survivor regions: 1->1(46)
[46.430s][info][gc,heap        ] GC(220) Old regions: 170->170
[46.430s][info][gc,heap        ] GC(220) Archive regions: 0->0
[46.430s][info][gc,heap        ] GC(220) Humongous regions: 12->12
[46.431s][info][gc,metaspace   ] GC(220) Metaspace: 60957K(61888K)->60957K(61888K) NonClass: 53382K(53888K)->53382K(53888K) Class: 7574K(8000K)->7574K(8000K)
[46.431s][info][gc             ] GC(220) Pause Young (Normal) (G1 Evacuation Pause) 537M->174M(607M) 2.110ms
[46.431s][info][gc,cpu         ] GC(220) User=0.00s Sys=0.00s Real=0.00s
[46.547s][info][gc,start       ] GC(221) Pause Young (Normal) (G1 Evacuation Pause)
[46.547s][info][gc,task        ] GC(221) Using 14 workers of 33 for evacuation
[46.548s][info][gc,phases      ] GC(221)   Pre Evacuate Collection Set: 0.2ms
[46.548s][info][gc,phases      ] GC(221)   Merge Heap Roots: 0.1ms
[46.548s][info][gc,phases      ] GC(221)   Evacuate Collection Set: 0.4ms
[46.548s][info][gc,phases      ] GC(221)   Post Evacuate Collection Set: 0.6ms
[46.548s][info][gc,phases      ] GC(221)   Other: 0.1ms
[46.548s][info][gc,heap        ] GC(221) Eden regions: 363->0(363)
[46.548s][info][gc,heap        ] GC(221) Survivor regions: 1->1(46)
[46.548s][info][gc,heap        ] GC(221) Old regions: 170->170
[46.548s][info][gc,heap        ] GC(221) Archive regions: 0->0
[46.548s][info][gc,heap        ] GC(221) Humongous regions: 12->12
[46.548s][info][gc,metaspace   ] GC(221) Metaspace: 60957K(61888K)->60957K(61888K) NonClass: 53382K(53888K)->53382K(53888K) Class: 7574K(8000K)->7574K(8000K)
[46.549s][info][gc             ] GC(221) Pause Young (Normal) (G1 Evacuation Pause) 537M->174M(607M) 1.660ms
[46.549s][info][gc,cpu         ] GC(221) User=0.00s Sys=0.00s Real=0.00s
[46.672s][info][gc,start       ] GC(222) Pause Young (Normal) (G1 Evacuation Pause)
[46.672s][info][gc,task        ] GC(222) Using 14 workers of 33 for evacuation
[46.674s][info][gc,phases      ] GC(222)   Pre Evacuate Collection Set: 0.2ms
[46.674s][info][gc,phases      ] GC(222)   Merge Heap Roots: 0.1ms
[46.674s][info][gc,phases      ] GC(222)   Evacuate Collection Set: 0.4ms
[46.674s][info][gc,phases      ] GC(222)   Post Evacuate Collection Set: 0.7ms
[46.674s][info][gc,phases      ] GC(222)   Other: 0.2ms
[46.674s][info][gc,heap        ] GC(222) Eden regions: 363->0(363)
[46.674s][info][gc,heap        ] GC(222) Survivor regions: 1->1(46)
[46.674s][info][gc,heap        ] GC(222) Old regions: 170->170
[46.674s][info][gc,heap        ] GC(222) Archive regions: 0->0
[46.674s][info][gc,heap        ] GC(222) Humongous regions: 12->12
[46.674s][info][gc,metaspace   ] GC(222) Metaspace: 60957K(61888K)->60957K(61888K) NonClass: 53382K(53888K)->53382K(53888K) Class: 7574K(8000K)->7574K(8000K)
[46.674s][info][gc             ] GC(222) Pause Young (Normal) (G1 Evacuation Pause) 537M->174M(607M) 2.074ms
[46.674s][info][gc,cpu         ] GC(222) User=0.00s Sys=0.00s Real=0.00s
[46.810s][info][gc,start       ] GC(223) Pause Young (Normal) (G1 Evacuation Pause)
[46.810s][info][gc,task        ] GC(223) Using 14 workers of 33 for evacuation
[46.812s][info][gc,phases      ] GC(223)   Pre Evacuate Collection Set: 0.2ms
[46.812s][info][gc,phases      ] GC(223)   Merge Heap Roots: 0.2ms
[46.812s][info][gc,phases      ] GC(223)   Evacuate Collection Set: 0.4ms
[46.812s][info][gc,phases      ] GC(223)   Post Evacuate Collection Set: 0.7ms
[46.812s][info][gc,phases      ] GC(223)   Other: 0.2ms
[46.812s][info][gc,heap        ] GC(223) Eden regions: 363->0(363)
[46.812s][info][gc,heap        ] GC(223) Survivor regions: 1->1(46)
[46.812s][info][gc,heap        ] GC(223) Old regions: 170->170
[46.812s][info][gc,heap        ] GC(223) Archive regions: 0->0
[46.812s][info][gc,heap        ] GC(223) Humongous regions: 12->12
[46.812s][info][gc,metaspace   ] GC(223) Metaspace: 60957K(61888K)->60957K(61888K) NonClass: 53382K(53888K)->53382K(53888K) Class: 7574K(8000K)->7574K(8000K)
[46.812s][info][gc             ] GC(223) Pause Young (Normal) (G1 Evacuation Pause) 537M->174M(607M) 2.063ms
[46.812s][info][gc,cpu         ] GC(223) User=0.00s Sys=0.00s Real=0.00s
[46.899s][info][gc,start       ] GC(224) Pause Full (System.gc())
[46.899s][info][gc,task        ] GC(224) Using 14 workers of 33 for full compaction
[46.900s][info][gc,phases,start] GC(224) Phase 1: Mark live objects
[46.944s][info][gc,phases      ] GC(224) Phase 1: Mark live objects 44.691ms
[46.945s][info][gc,phases,start] GC(224) Phase 2: Prepare compaction
[46.950s][info][gc,phases      ] GC(224) Phase 2: Prepare compaction 5.159ms
[46.950s][info][gc,phases,start] GC(224) Phase 3: Adjust pointers
[46.959s][info][gc,phases      ] GC(224) Phase 3: Adjust pointers 9.043ms
[46.959s][info][gc,phases,start] GC(224) Phase 4: Compact heap
[46.959s][info][gc,phases      ] GC(224) Phase 4: Compact heap 0.412ms
[46.968s][info][gc,heap        ] GC(224) Eden regions: 110->0(364)
[46.968s][info][gc,heap        ] GC(224) Survivor regions: 1->0(46)
[46.968s][info][gc,heap        ] GC(224) Old regions: 170->170
[46.968s][info][gc,heap        ] GC(224) Archive regions: 0->0
[46.968s][info][gc,heap        ] GC(224) Humongous regions: 17->12
[46.968s][info][gc,metaspace   ] GC(224) Metaspace: 60979K(61888K)->60979K(61888K) NonClass: 53404K(53888K)->53404K(53888K) Class: 7574K(8000K)->7574K(8000K)
[46.968s][info][gc             ] GC(224) Pause Full (System.gc()) 289M->174M(607M) 69.068ms
[46.968s][info][gc,cpu         ] GC(224) User=0.69s Sys=0.02s Real=0.08s
[47.144s][info][gc,start       ] GC(225) Pause Young (Normal) (G1 Evacuation Pause)
[47.144s][info][gc,task        ] GC(225) Using 14 workers of 33 for evacuation
[47.147s][info][gc,phases      ] GC(225)   Pre Evacuate Collection Set: 0.2ms
[47.147s][info][gc,phases      ] GC(225)   Merge Heap Roots: 0.1ms
[47.147s][info][gc,phases      ] GC(225)   Evacuate Collection Set: 0.5ms
[47.147s][info][gc,phases      ] GC(225)   Post Evacuate Collection Set: 2.0ms
[47.147s][info][gc,phases      ] GC(225)   Other: 0.2ms
[47.147s][info][gc,heap        ] GC(225) Eden regions: 364->0(487)
[47.147s][info][gc,heap        ] GC(225) Survivor regions: 0->1(46)
[47.147s][info][gc,heap        ] GC(225) Old regions: 170->170
[47.147s][info][gc,heap        ] GC(225) Archive regions: 0->0
[47.147s][info][gc,heap        ] GC(225) Humongous regions: 22->12
[47.147s][info][gc,metaspace   ] GC(225) Metaspace: 60992K(61952K)->60992K(61952K) NonClass: 53417K(53952K)->53417K(53952K) Class: 7574K(8000K)->7574K(8000K)
[47.147s][info][gc             ] GC(225) Pause Young (Normal) (G1 Evacuation Pause) 548M->174M(814M) 3.268ms
[47.147s][info][gc,cpu         ] GC(225) User=0.00s Sys=0.00s Real=0.00s
[47.361s][info][gc,start       ] GC(226) Pause Young (Normal) (G1 Evacuation Pause)
[47.361s][info][gc,task        ] GC(226) Using 19 workers of 33 for evacuation
[47.363s][info][gc,phases      ] GC(226)   Pre Evacuate Collection Set: 0.2ms
[47.363s][info][gc,phases      ] GC(226)   Merge Heap Roots: 0.2ms
[47.363s][info][gc,phases      ] GC(226)   Evacuate Collection Set: 0.5ms
[47.363s][info][gc,phases      ] GC(226)   Post Evacuate Collection Set: 0.8ms
[47.363s][info][gc,phases      ] GC(226)   Other: 0.1ms
[47.363s][info][gc,heap        ] GC(226) Eden regions: 487->0(487)
[47.363s][info][gc,heap        ] GC(226) Survivor regions: 1->1(61)
[47.363s][info][gc,heap        ] GC(226) Old regions: 170->170
[47.363s][info][gc,heap        ] GC(226) Archive regions: 0->0
[47.363s][info][gc,heap        ] GC(226) Humongous regions: 12->12
[47.363s][info][gc,metaspace   ] GC(226) Metaspace: 60992K(61952K)->60992K(61952K) NonClass: 53417K(53952K)->53417K(53952K) Class: 7574K(8000K)->7574K(8000K)
[47.364s][info][gc             ] GC(226) Pause Young (Normal) (G1 Evacuation Pause) 661M->174M(814M) 2.167ms
[47.364s][info][gc,cpu         ] GC(226) User=0.00s Sys=0.00s Real=0.00s
[47.520s][info][gc,start       ] GC(227) Pause Young (Normal) (G1 Evacuation Pause)
[47.520s][info][gc,task        ] GC(227) Using 19 workers of 33 for evacuation
[47.521s][info][gc,phases      ] GC(227)   Pre Evacuate Collection Set: 0.2ms
[47.522s][info][gc,phases      ] GC(227)   Merge Heap Roots: 0.2ms
[47.522s][info][gc,phases      ] GC(227)   Evacuate Collection Set: 0.4ms
[47.522s][info][gc,phases      ] GC(227)   Post Evacuate Collection Set: 0.7ms
[47.522s][info][gc,phases      ] GC(227)   Other: 0.2ms
[47.522s][info][gc,heap        ] GC(227) Eden regions: 487->0(487)
[47.522s][info][gc,heap        ] GC(227) Survivor regions: 1->1(61)
[47.522s][info][gc,heap        ] GC(227) Old regions: 170->170
[47.522s][info][gc,heap        ] GC(227) Archive regions: 0->0
[47.522s][info][gc,heap        ] GC(227) Humongous regions: 12->12
[47.522s][info][gc,metaspace   ] GC(227) Metaspace: 60992K(61952K)->60992K(61952K) NonClass: 53417K(53952K)->53417K(53952K) Class: 7574K(8000K)->7574K(8000K)
[47.522s][info][gc             ] GC(227) Pause Young (Normal) (G1 Evacuation Pause) 661M->174M(814M) 2.137ms
[47.522s][info][gc,cpu         ] GC(227) User=0.00s Sys=0.00s Real=0.00s
[47.702s][info][gc,start       ] GC(228) Pause Young (Normal) (G1 Evacuation Pause)
[47.702s][info][gc,task        ] GC(228) Using 19 workers of 33 for evacuation
[47.704s][info][gc,phases      ] GC(228)   Pre Evacuate Collection Set: 0.2ms
[47.704s][info][gc,phases      ] GC(228)   Merge Heap Roots: 0.2ms
[47.704s][info][gc,phases      ] GC(228)   Evacuate Collection Set: 0.5ms
[47.704s][info][gc,phases      ] GC(228)   Post Evacuate Collection Set: 0.7ms
[47.704s][info][gc,phases      ] GC(228)   Other: 0.2ms
[47.704s][info][gc,heap        ] GC(228) Eden regions: 487->0(487)
[47.704s][info][gc,heap        ] GC(228) Survivor regions: 1->1(61)
[47.704s][info][gc,heap        ] GC(228) Old regions: 170->170
[47.704s][info][gc,heap        ] GC(228) Archive regions: 0->0
[47.704s][info][gc,heap        ] GC(228) Humongous regions: 12->12
[47.704s][info][gc,metaspace   ] GC(228) Metaspace: 60992K(61952K)->60992K(61952K) NonClass: 53417K(53952K)->53417K(53952K) Class: 7574K(8000K)->7574K(8000K)
[47.704s][info][gc             ] GC(228) Pause Young (Normal) (G1 Evacuation Pause) 661M->174M(814M) 2.159ms
[47.704s][info][gc,cpu         ] GC(228) User=0.30s Sys=0.00s Real=0.02s
[47.777s][info][gc,start       ] GC(229) Pause Full (System.gc())
[47.778s][info][gc,task        ] GC(229) Using 19 workers of 33 for full compaction
[47.778s][info][gc,phases,start] GC(229) Phase 1: Mark live objects
[47.814s][info][gc,phases      ] GC(229) Phase 1: Mark live objects 35.312ms
[47.814s][info][gc,phases,start] GC(229) Phase 2: Prepare compaction
[47.819s][info][gc,phases      ] GC(229) Phase 2: Prepare compaction 4.834ms
[47.819s][info][gc,phases,start] GC(229) Phase 3: Adjust pointers
[47.828s][info][gc,phases      ] GC(229) Phase 3: Adjust pointers 9.426ms
[47.828s][info][gc,phases,start] GC(229) Phase 4: Compact heap
[47.829s][info][gc,phases      ] GC(229) Phase 4: Compact heap 0.413ms
[47.837s][info][gc,heap        ] GC(229) Eden regions: 102->0(368)
[47.837s][info][gc,heap        ] GC(229) Survivor regions: 1->0(61)
[47.837s][info][gc,heap        ] GC(229) Old regions: 170->172
[47.837s][info][gc,heap        ] GC(229) Archive regions: 0->0
[47.837s][info][gc,heap        ] GC(229) Humongous regions: 17->12
[47.837s][info][gc,metaspace   ] GC(229) Metaspace: 60996K(61952K)->60996K(61952K) NonClass: 53422K(53952K)->53422K(53952K) Class: 7574K(8000K)->7574K(8000K)
[47.837s][info][gc             ] GC(229) Pause Full (System.gc()) 281M->174M(614M) 59.866ms
[47.837s][info][gc,cpu         ] GC(229) User=0.91s Sys=0.00s Real=0.06s
[48.020s][info][gc,start       ] GC(230) Pause Young (Normal) (G1 Evacuation Pause)
[48.020s][info][gc,task        ] GC(230) Using 16 workers of 33 for evacuation
[48.022s][info][gc,phases      ] GC(230)   Pre Evacuate Collection Set: 0.2ms
[48.022s][info][gc,phases      ] GC(230)   Merge Heap Roots: 0.2ms
[48.022s][info][gc,phases      ] GC(230)   Evacuate Collection Set: 0.5ms
[48.022s][info][gc,phases      ] GC(230)   Post Evacuate Collection Set: 0.8ms
[48.022s][info][gc,phases      ] GC(230)   Other: 0.2ms
[48.022s][info][gc,heap        ] GC(230) Eden regions: 368->0(367)
[48.022s][info][gc,heap        ] GC(230) Survivor regions: 0->1(46)
[48.022s][info][gc,heap        ] GC(230) Old regions: 172->172
[48.023s][info][gc,heap        ] GC(230) Archive regions: 0->0
[48.023s][info][gc,heap        ] GC(230) Humongous regions: 22->12
[48.023s][info][gc,metaspace   ] GC(230) Metaspace: 61030K(61952K)->61030K(61952K) NonClass: 53454K(53952K)->53454K(53952K) Class: 7575K(8000K)->7575K(8000K)
[48.023s][info][gc             ] GC(230) Pause Young (Normal) (G1 Evacuation Pause) 552M->175M(614M) 2.391ms
[48.023s][info][gc,cpu         ] GC(230) User=0.02s Sys=0.00s Real=0.02s
[48.149s][info][gc,start       ] GC(231) Pause Young (Normal) (G1 Evacuation Pause)
[48.149s][info][gc,task        ] GC(231) Using 15 workers of 33 for evacuation
[48.150s][info][gc,phases      ] GC(231)   Pre Evacuate Collection Set: 0.2ms
[48.150s][info][gc,phases      ] GC(231)   Merge Heap Roots: 0.1ms
[48.150s][info][gc,phases      ] GC(231)   Evacuate Collection Set: 0.5ms
[48.150s][info][gc,phases      ] GC(231)   Post Evacuate Collection Set: 0.7ms
[48.150s][info][gc,phases      ] GC(231)   Other: 0.2ms
[48.150s][info][gc,heap        ] GC(231) Eden regions: 367->0(367)
[48.150s][info][gc,heap        ] GC(231) Survivor regions: 1->1(46)
[48.151s][info][gc,heap        ] GC(231) Old regions: 172->172
[48.151s][info][gc,heap        ] GC(231) Archive regions: 0->0
[48.151s][info][gc,heap        ] GC(231) Humongous regions: 12->12
[48.151s][info][gc,metaspace   ] GC(231) Metaspace: 61030K(61952K)->61030K(61952K) NonClass: 53454K(53952K)->53454K(53952K) Class: 7575K(8000K)->7575K(8000K)
[48.151s][info][gc             ] GC(231) Pause Young (Normal) (G1 Evacuation Pause) 542M->175M(614M) 2.139ms
[48.151s][info][gc,cpu         ] GC(231) User=0.00s Sys=0.00s Real=0.00s
[48.267s][info][gc,start       ] GC(232) Pause Young (Normal) (G1 Evacuation Pause)
[48.267s][info][gc,task        ] GC(232) Using 14 workers of 33 for evacuation
[48.269s][info][gc,phases      ] GC(232)   Pre Evacuate Collection Set: 0.2ms
[48.269s][info][gc,phases      ] GC(232)   Merge Heap Roots: 0.1ms
[48.269s][info][gc,phases      ] GC(232)   Evacuate Collection Set: 0.5ms
[48.269s][info][gc,phases      ] GC(232)   Post Evacuate Collection Set: 0.6ms
[48.269s][info][gc,phases      ] GC(232)   Other: 0.2ms
[48.269s][info][gc,heap        ] GC(232) Eden regions: 367->0(367)
[48.269s][info][gc,heap        ] GC(232) Survivor regions: 1->1(46)
[48.269s][info][gc,heap        ] GC(232) Old regions: 172->172
[48.269s][info][gc,heap        ] GC(232) Archive regions: 0->0
[48.269s][info][gc,heap        ] GC(232) Humongous regions: 12->12
[48.269s][info][gc,metaspace   ] GC(232) Metaspace: 61030K(61952K)->61030K(61952K) NonClass: 53454K(53952K)->53454K(53952K) Class: 7575K(8000K)->7575K(8000K)
[48.269s][info][gc             ] GC(232) Pause Young (Normal) (G1 Evacuation Pause) 542M->175M(614M) 2.046ms
[48.269s][info][gc,cpu         ] GC(232) User=0.00s Sys=0.00s Real=0.00s
[48.389s][info][gc,start       ] GC(233) Pause Young (Normal) (G1 Evacuation Pause)
[48.389s][info][gc,task        ] GC(233) Using 14 workers of 33 for evacuation
[48.391s][info][gc,phases      ] GC(233)   Pre Evacuate Collection Set: 0.2ms
[48.391s][info][gc,phases      ] GC(233)   Merge Heap Roots: 0.1ms
[48.391s][info][gc,phases      ] GC(233)   Evacuate Collection Set: 0.5ms
[48.391s][info][gc,phases      ] GC(233)   Post Evacuate Collection Set: 0.6ms
[48.391s][info][gc,phases      ] GC(233)   Other: 0.1ms
[48.391s][info][gc,heap        ] GC(233) Eden regions: 367->0(367)
[48.391s][info][gc,heap        ] GC(233) Survivor regions: 1->1(46)
[48.391s][info][gc,heap        ] GC(233) Old regions: 172->172
[48.391s][info][gc,heap        ] GC(233) Archive regions: 0->0
[48.391s][info][gc,heap        ] GC(233) Humongous regions: 12->12
[48.391s][info][gc,metaspace   ] GC(233) Metaspace: 61030K(61952K)->61030K(61952K) NonClass: 53454K(53952K)->53454K(53952K) Class: 7575K(8000K)->7575K(8000K)
[48.391s][info][gc             ] GC(233) Pause Young (Normal) (G1 Evacuation Pause) 542M->175M(614M) 2.027ms
[48.391s][info][gc,cpu         ] GC(233) User=0.00s Sys=0.00s Real=0.00s
[48.537s][info][gc,start       ] GC(234) Pause Young (Normal) (G1 Evacuation Pause)
[48.537s][info][gc,task        ] GC(234) Using 14 workers of 33 for evacuation
[48.538s][info][gc,phases      ] GC(234)   Pre Evacuate Collection Set: 0.2ms
[48.538s][info][gc,phases      ] GC(234)   Merge Heap Roots: 0.1ms
[48.538s][info][gc,phases      ] GC(234)   Evacuate Collection Set: 0.5ms
[48.538s][info][gc,phases      ] GC(234)   Post Evacuate Collection Set: 0.7ms
[48.538s][info][gc,phases      ] GC(234)   Other: 0.2ms
[48.538s][info][gc,heap        ] GC(234) Eden regions: 367->0(367)
[48.538s][info][gc,heap        ] GC(234) Survivor regions: 1->1(46)
[48.539s][info][gc,heap        ] GC(234) Old regions: 172->172
[48.539s][info][gc,heap        ] GC(234) Archive regions: 0->0
[48.539s][info][gc,heap        ] GC(234) Humongous regions: 12->12
[48.539s][info][gc,metaspace   ] GC(234) Metaspace: 61030K(61952K)->61030K(61952K) NonClass: 53454K(53952K)->53454K(53952K) Class: 7575K(8000K)->7575K(8000K)
[48.539s][info][gc             ] GC(234) Pause Young (Normal) (G1 Evacuation Pause) 542M->175M(614M) 2.137ms
[48.539s][info][gc,cpu         ] GC(234) User=0.00s Sys=0.00s Real=0.00s
[48.605s][info][gc,start       ] GC(235) Pause Full (System.gc())
[48.605s][info][gc,task        ] GC(235) Using 14 workers of 33 for full compaction
[48.606s][info][gc,phases,start] GC(235) Phase 1: Mark live objects
[48.646s][info][gc,phases      ] GC(235) Phase 1: Mark live objects 40.392ms
[48.646s][info][gc,phases,start] GC(235) Phase 2: Prepare compaction
[48.652s][info][gc,phases      ] GC(235) Phase 2: Prepare compaction 5.159ms
[48.652s][info][gc,phases,start] GC(235) Phase 3: Adjust pointers
[48.661s][info][gc,phases      ] GC(235) Phase 3: Adjust pointers 9.075ms
[48.661s][info][gc,phases,start] GC(235) Phase 4: Compact heap
[48.661s][info][gc,phases      ] GC(235) Phase 4: Compact heap 0.415ms
[48.669s][info][gc,heap        ] GC(235) Eden regions: 90->0(364)
[48.669s][info][gc,heap        ] GC(235) Survivor regions: 1->0(46)
[48.669s][info][gc,heap        ] GC(235) Old regions: 172->170
[48.669s][info][gc,heap        ] GC(235) Archive regions: 0->0
[48.669s][info][gc,heap        ] GC(235) Humongous regions: 17->12
[48.669s][info][gc,metaspace   ] GC(235) Metaspace: 61058K(61952K)->61058K(61952K) NonClass: 53483K(53952K)->53483K(53952K) Class: 7575K(8000K)->7575K(8000K)
[48.670s][info][gc             ] GC(235) Pause Full (System.gc()) 269M->174M(607M) 64.397ms
[48.670s][info][gc,cpu         ] GC(235) User=0.86s Sys=0.02s Real=0.06s
[48.860s][info][gc,start       ] GC(236) Pause Young (Normal) (G1 Evacuation Pause)
[48.860s][info][gc,task        ] GC(236) Using 14 workers of 33 for evacuation
[48.862s][info][gc,phases      ] GC(236)   Pre Evacuate Collection Set: 0.3ms
[48.862s][info][gc,phases      ] GC(236)   Merge Heap Roots: 0.2ms
[48.862s][info][gc,phases      ] GC(236)   Evacuate Collection Set: 0.5ms
[48.862s][info][gc,phases      ] GC(236)   Post Evacuate Collection Set: 0.6ms
[48.862s][info][gc,phases      ] GC(236)   Other: 0.2ms
[48.862s][info][gc,heap        ] GC(236) Eden regions: 364->0(363)
[48.862s][info][gc,heap        ] GC(236) Survivor regions: 0->1(46)
[48.862s][info][gc,heap        ] GC(236) Old regions: 170->170
[48.862s][info][gc,heap        ] GC(236) Archive regions: 0->0
[48.862s][info][gc,heap        ] GC(236) Humongous regions: 22->12
[48.862s][info][gc,metaspace   ] GC(236) Metaspace: 61094K(62016K)->61094K(62016K) NonClass: 53519K(54016K)->53519K(54016K) Class: 7575K(8000K)->7575K(8000K)
[48.862s][info][gc             ] GC(236) Pause Young (Normal) (G1 Evacuation Pause) 548M->175M(607M) 2.217ms
[48.863s][info][gc,cpu         ] GC(236) User=0.00s Sys=0.00s Real=0.00s
[48.986s][info][gc,start       ] GC(237) Pause Young (Normal) (G1 Evacuation Pause)
[48.994s][info][gc,task        ] GC(237) Using 14 workers of 33 for evacuation
[48.995s][info][gc,phases      ] GC(237)   Pre Evacuate Collection Set: 0.2ms
[48.995s][info][gc,phases      ] GC(237)   Merge Heap Roots: 0.1ms
[48.995s][info][gc,phases      ] GC(237)   Evacuate Collection Set: 0.5ms
[48.995s][info][gc,phases      ] GC(237)   Post Evacuate Collection Set: 0.7ms
[48.995s][info][gc,phases      ] GC(237)   Other: 0.1ms
[48.995s][info][gc,heap        ] GC(237) Eden regions: 363->0(363)
[48.995s][info][gc,heap        ] GC(237) Survivor regions: 1->1(46)
[48.995s][info][gc,heap        ] GC(237) Old regions: 170->170
[48.996s][info][gc,heap        ] GC(237) Archive regions: 0->0
[48.996s][info][gc,heap        ] GC(237) Humongous regions: 12->12
[48.996s][info][gc,metaspace   ] GC(237) Metaspace: 61094K(62016K)->61094K(62016K) NonClass: 53519K(54016K)->53519K(54016K) Class: 7575K(8000K)->7575K(8000K)
[48.996s][info][gc             ] GC(237) Pause Young (Normal) (G1 Evacuation Pause) 538M->175M(607M) 9.664ms
[48.996s][info][gc,cpu         ] GC(237) User=0.00s Sys=0.00s Real=0.02s
[49.121s][info][gc,start       ] GC(238) Pause Young (Normal) (G1 Evacuation Pause)
[49.121s][info][gc,task        ] GC(238) Using 14 workers of 33 for evacuation
[49.122s][info][gc,phases      ] GC(238)   Pre Evacuate Collection Set: 0.2ms
[49.122s][info][gc,phases      ] GC(238)   Merge Heap Roots: 0.1ms
[49.122s][info][gc,phases      ] GC(238)   Evacuate Collection Set: 0.5ms
[49.122s][info][gc,phases      ] GC(238)   Post Evacuate Collection Set: 0.6ms
[49.122s][info][gc,phases      ] GC(238)   Other: 0.2ms
[49.122s][info][gc,heap        ] GC(238) Eden regions: 363->0(363)
[49.122s][info][gc,heap        ] GC(238) Survivor regions: 1->1(46)
[49.122s][info][gc,heap        ] GC(238) Old regions: 170->170
[49.123s][info][gc,heap        ] GC(238) Archive regions: 0->0
[49.123s][info][gc,heap        ] GC(238) Humongous regions: 12->12
[49.123s][info][gc,metaspace   ] GC(238) Metaspace: 61094K(62016K)->61094K(62016K) NonClass: 53519K(54016K)->53519K(54016K) Class: 7575K(8000K)->7575K(8000K)
[49.123s][info][gc             ] GC(238) Pause Young (Normal) (G1 Evacuation Pause) 538M->175M(607M) 2.044ms
[49.123s][info][gc,cpu         ] GC(238) User=0.00s Sys=0.00s Real=0.00s
[49.246s][info][gc,start       ] GC(239) Pause Young (Normal) (G1 Evacuation Pause)
[49.246s][info][gc,task        ] GC(239) Using 14 workers of 33 for evacuation
[49.247s][info][gc,phases      ] GC(239)   Pre Evacuate Collection Set: 0.2ms
[49.247s][info][gc,phases      ] GC(239)   Merge Heap Roots: 0.1ms
[49.247s][info][gc,phases      ] GC(239)   Evacuate Collection Set: 0.4ms
[49.247s][info][gc,phases      ] GC(239)   Post Evacuate Collection Set: 0.7ms
[49.247s][info][gc,phases      ] GC(239)   Other: 0.2ms
[49.247s][info][gc,heap        ] GC(239) Eden regions: 363->0(363)
[49.248s][info][gc,heap        ] GC(239) Survivor regions: 1->1(46)
[49.248s][info][gc,heap        ] GC(239) Old regions: 170->170
[49.248s][info][gc,heap        ] GC(239) Archive regions: 0->0
[49.248s][info][gc,heap        ] GC(239) Humongous regions: 12->12
[49.248s][info][gc,metaspace   ] GC(239) Metaspace: 61094K(62016K)->61094K(62016K) NonClass: 53519K(54016K)->53519K(54016K) Class: 7575K(8000K)->7575K(8000K)
[49.248s][info][gc             ] GC(239) Pause Young (Normal) (G1 Evacuation Pause) 538M->175M(607M) 2.032ms
[49.248s][info][gc,cpu         ] GC(239) User=0.00s Sys=0.00s Real=0.00s
[49.378s][info][gc,start       ] GC(240) Pause Young (Normal) (G1 Evacuation Pause)
[49.378s][info][gc,task        ] GC(240) Using 14 workers of 33 for evacuation
[49.380s][info][gc,phases      ] GC(240)   Pre Evacuate Collection Set: 0.2ms
[49.380s][info][gc,phases      ] GC(240)   Merge Heap Roots: 0.1ms
[49.380s][info][gc,phases      ] GC(240)   Evacuate Collection Set: 0.4ms
[49.380s][info][gc,phases      ] GC(240)   Post Evacuate Collection Set: 0.7ms
[49.380s][info][gc,phases      ] GC(240)   Other: 0.2ms
[49.380s][info][gc,heap        ] GC(240) Eden regions: 363->0(363)
[49.380s][info][gc,heap        ] GC(240) Survivor regions: 1->1(46)
[49.380s][info][gc,heap        ] GC(240) Old regions: 170->170
[49.380s][info][gc,heap        ] GC(240) Archive regions: 0->0
[49.380s][info][gc,heap        ] GC(240) Humongous regions: 12->12
[49.380s][info][gc,metaspace   ] GC(240) Metaspace: 61094K(62016K)->61094K(62016K) NonClass: 53519K(54016K)->53519K(54016K) Class: 7575K(8000K)->7575K(8000K)
[49.380s][info][gc             ] GC(240) Pause Young (Normal) (G1 Evacuation Pause) 538M->175M(607M) 2.087ms
[49.380s][info][gc,cpu         ] GC(240) User=0.22s Sys=0.00s Real=0.02s
[49.455s][info][gc,start       ] GC(241) Pause Full (System.gc())
[49.455s][info][gc,task        ] GC(241) Using 14 workers of 33 for full compaction
[49.456s][info][gc,phases,start] GC(241) Phase 1: Mark live objects
[49.493s][info][gc,phases      ] GC(241) Phase 1: Mark live objects 37.456ms
[49.493s][info][gc,phases,start] GC(241) Phase 2: Prepare compaction
[49.499s][info][gc,phases      ] GC(241) Phase 2: Prepare compaction 5.150ms
[49.499s][info][gc,phases,start] GC(241) Phase 3: Adjust pointers
[49.506s][info][gc,phases      ] GC(241) Phase 3: Adjust pointers 7.783ms
[49.506s][info][gc,phases,start] GC(241) Phase 4: Compact heap
[49.507s][info][gc,phases      ] GC(241) Phase 4: Compact heap 0.456ms
[49.514s][info][gc,heap        ] GC(241) Eden regions: 111->0(364)
[49.514s][info][gc,heap        ] GC(241) Survivor regions: 1->0(46)
[49.514s][info][gc,heap        ] GC(241) Old regions: 170->170
[49.514s][info][gc,heap        ] GC(241) Archive regions: 0->0
[49.514s][info][gc,heap        ] GC(241) Humongous regions: 17->12
[49.514s][info][gc,metaspace   ] GC(241) Metaspace: 61095K(62016K)->61095K(62016K) NonClass: 53520K(54016K)->53520K(54016K) Class: 7575K(8000K)->7575K(8000K)
[49.514s][info][gc             ] GC(241) Pause Full (System.gc()) 290M->174M(607M) 58.979ms
[49.514s][info][gc,cpu         ] GC(241) User=0.66s Sys=0.00s Real=0.05s
[49.687s][info][gc,start       ] GC(242) Pause Young (Normal) (G1 Evacuation Pause)
[49.687s][info][gc,task        ] GC(242) Using 14 workers of 33 for evacuation
[49.692s][info][gc,phases      ] GC(242)   Pre Evacuate Collection Set: 0.2ms
[49.692s][info][gc,phases      ] GC(242)   Merge Heap Roots: 0.1ms
[49.692s][info][gc,phases      ] GC(242)   Evacuate Collection Set: 0.5ms
[49.692s][info][gc,phases      ] GC(242)   Post Evacuate Collection Set: 3.6ms
[49.692s][info][gc,phases      ] GC(242)   Other: 0.2ms
[49.692s][info][gc,heap        ] GC(242) Eden regions: 364->0(479)
[49.692s][info][gc,heap        ] GC(242) Survivor regions: 0->1(46)
[49.692s][info][gc,heap        ] GC(242) Old regions: 170->170
[49.692s][info][gc,heap        ] GC(242) Archive regions: 0->0
[49.692s][info][gc,heap        ] GC(242) Humongous regions: 22->12
[49.692s][info][gc,metaspace   ] GC(242) Metaspace: 61095K(62016K)->61095K(62016K) NonClass: 53520K(54016K)->53520K(54016K) Class: 7575K(8000K)->7575K(8000K)
[49.692s][info][gc             ] GC(242) Pause Young (Normal) (G1 Evacuation Pause) 548M->175M(801M) 5.180ms
[49.692s][info][gc,cpu         ] GC(242) User=0.00s Sys=0.00s Real=0.00s
[49.901s][info][gc,start       ] GC(243) Pause Young (Normal) (G1 Evacuation Pause)
[49.901s][info][gc,task        ] GC(243) Using 19 workers of 33 for evacuation
[49.903s][info][gc,phases      ] GC(243)   Pre Evacuate Collection Set: 0.2ms
[49.903s][info][gc,phases      ] GC(243)   Merge Heap Roots: 0.2ms
[49.903s][info][gc,phases      ] GC(243)   Evacuate Collection Set: 0.5ms
[49.903s][info][gc,phases      ] GC(243)   Post Evacuate Collection Set: 0.8ms
[49.903s][info][gc,phases      ] GC(243)   Other: 0.2ms
[49.903s][info][gc,heap        ] GC(243) Eden regions: 479->0(479)
[49.903s][info][gc,heap        ] GC(243) Survivor regions: 1->1(60)
[49.903s][info][gc,heap        ] GC(243) Old regions: 170->170
[49.903s][info][gc,heap        ] GC(243) Archive regions: 0->0
[49.903s][info][gc,heap        ] GC(243) Humongous regions: 12->12
[49.903s][info][gc,metaspace   ] GC(243) Metaspace: 61095K(62016K)->61095K(62016K) NonClass: 53520K(54016K)->53520K(54016K) Class: 7575K(8000K)->7575K(8000K)
[49.903s][info][gc             ] GC(243) Pause Young (Normal) (G1 Evacuation Pause) 654M->175M(801M) 2.404ms
[49.903s][info][gc,cpu         ] GC(243) User=0.30s Sys=0.00s Real=0.02s
[50.057s][info][gc,start       ] GC(244) Pause Young (Normal) (G1 Evacuation Pause)
[50.057s][info][gc,task        ] GC(244) Using 19 workers of 33 for evacuation
[50.059s][info][gc,phases      ] GC(244)   Pre Evacuate Collection Set: 0.2ms
[50.059s][info][gc,phases      ] GC(244)   Merge Heap Roots: 0.2ms
[50.059s][info][gc,phases      ] GC(244)   Evacuate Collection Set: 0.5ms
[50.059s][info][gc,phases      ] GC(244)   Post Evacuate Collection Set: 0.6ms
[50.059s][info][gc,phases      ] GC(244)   Other: 0.2ms
[50.059s][info][gc,heap        ] GC(244) Eden regions: 479->0(479)
[50.059s][info][gc,heap        ] GC(244) Survivor regions: 1->1(60)
[50.059s][info][gc,heap        ] GC(244) Old regions: 170->170
[50.059s][info][gc,heap        ] GC(244) Archive regions: 0->0
[50.059s][info][gc,heap        ] GC(244) Humongous regions: 12->12
[50.059s][info][gc,metaspace   ] GC(244) Metaspace: 61095K(62016K)->61095K(62016K) NonClass: 53520K(54016K)->53520K(54016K) Class: 7575K(8000K)->7575K(8000K)
[50.059s][info][gc             ] GC(244) Pause Young (Normal) (G1 Evacuation Pause) 654M->175M(801M) 2.112ms
[50.059s][info][gc,cpu         ] GC(244) User=0.30s Sys=0.00s Real=0.02s
[50.227s][info][gc,start       ] GC(245) Pause Young (Normal) (G1 Evacuation Pause)
[50.227s][info][gc,task        ] GC(245) Using 19 workers of 33 for evacuation
[50.229s][info][gc,phases      ] GC(245)   Pre Evacuate Collection Set: 0.2ms
[50.229s][info][gc,phases      ] GC(245)   Merge Heap Roots: 0.2ms
[50.229s][info][gc,phases      ] GC(245)   Evacuate Collection Set: 0.5ms
[50.229s][info][gc,phases      ] GC(245)   Post Evacuate Collection Set: 0.8ms
[50.229s][info][gc,phases      ] GC(245)   Other: 0.2ms
[50.229s][info][gc,heap        ] GC(245) Eden regions: 479->0(479)
[50.229s][info][gc,heap        ] GC(245) Survivor regions: 1->1(60)
[50.229s][info][gc,heap        ] GC(245) Old regions: 170->170
[50.229s][info][gc,heap        ] GC(245) Archive regions: 0->0
[50.229s][info][gc,heap        ] GC(245) Humongous regions: 12->12
[50.229s][info][gc,metaspace   ] GC(245) Metaspace: 61095K(62016K)->61095K(62016K) NonClass: 53520K(54016K)->53520K(54016K) Class: 7575K(8000K)->7575K(8000K)
[50.229s][info][gc             ] GC(245) Pause Young (Normal) (G1 Evacuation Pause) 654M->175M(801M) 2.216ms
[50.229s][info][gc,cpu         ] GC(245) User=0.00s Sys=0.00s Real=0.00s
[50.307s][info][gc,start       ] GC(246) Pause Full (System.gc())
[50.307s][info][gc,task        ] GC(246) Using 19 workers of 33 for full compaction
[50.308s][info][gc,phases,start] GC(246) Phase 1: Mark live objects
[50.345s][info][gc,phases      ] GC(246) Phase 1: Mark live objects 37.253ms
[50.345s][info][gc,phases,start] GC(246) Phase 2: Prepare compaction
[50.350s][info][gc,phases      ] GC(246) Phase 2: Prepare compaction 4.830ms
[50.350s][info][gc,phases,start] GC(246) Phase 3: Adjust pointers
[50.359s][info][gc,phases      ] GC(246) Phase 3: Adjust pointers 9.141ms
[50.359s][info][gc,phases,start] GC(246) Phase 4: Compact heap
[50.360s][info][gc,phases      ] GC(246) Phase 4: Compact heap 0.498ms
[50.368s][info][gc,heap        ] GC(246) Eden regions: 125->0(370)
[50.368s][info][gc,heap        ] GC(246) Survivor regions: 1->0(60)
[50.368s][info][gc,heap        ] GC(246) Old regions: 170->173
[50.368s][info][gc,heap        ] GC(246) Archive regions: 0->0
[50.368s][info][gc,heap        ] GC(246) Humongous regions: 17->12
[50.368s][info][gc,metaspace   ] GC(246) Metaspace: 61096K(62016K)->61096K(62016K) NonClass: 53521K(54016K)->53521K(54016K) Class: 7575K(8000K)->7575K(8000K)
[50.368s][info][gc             ] GC(246) Pause Full (System.gc()) 304M->174M(617M) 61.117ms
[50.368s][info][gc,cpu         ] GC(246) User=0.89s Sys=0.02s Real=0.06s
[50.543s][info][gc,start       ] GC(247) Pause Young (Normal) (G1 Evacuation Pause)
[50.544s][info][gc,task        ] GC(247) Using 16 workers of 33 for evacuation
[50.545s][info][gc,phases      ] GC(247)   Pre Evacuate Collection Set: 0.2ms
[50.545s][info][gc,phases      ] GC(247)   Merge Heap Roots: 0.1ms
[50.545s][info][gc,phases      ] GC(247)   Evacuate Collection Set: 0.5ms
[50.546s][info][gc,phases      ] GC(247)   Post Evacuate Collection Set: 0.7ms
[50.546s][info][gc,phases      ] GC(247)   Other: 0.2ms
[50.546s][info][gc,heap        ] GC(247) Eden regions: 370->0(369)
[50.546s][info][gc,heap        ] GC(247) Survivor regions: 0->1(47)
[50.546s][info][gc,heap        ] GC(247) Old regions: 173->173
[50.546s][info][gc,heap        ] GC(247) Archive regions: 0->0
[50.546s][info][gc,heap        ] GC(247) Humongous regions: 22->12
[50.546s][info][gc,metaspace   ] GC(247) Metaspace: 61101K(62016K)->61101K(62016K) NonClass: 53525K(54016K)->53525K(54016K) Class: 7575K(8000K)->7575K(8000K)
[50.546s][info][gc             ] GC(247) Pause Young (Normal) (G1 Evacuation Pause) 554M->175M(617M) 2.295ms
[50.546s][info][gc,cpu         ] GC(247) User=0.00s Sys=0.00s Real=0.00s
[50.680s][info][gc,start       ] GC(248) Pause Young (Normal) (G1 Evacuation Pause)
[50.680s][info][gc,task        ] GC(248) Using 15 workers of 33 for evacuation
[50.682s][info][gc,phases      ] GC(248)   Pre Evacuate Collection Set: 0.2ms
[50.682s][info][gc,phases      ] GC(248)   Merge Heap Roots: 0.1ms
[50.682s][info][gc,phases      ] GC(248)   Evacuate Collection Set: 0.5ms
[50.682s][info][gc,phases      ] GC(248)   Post Evacuate Collection Set: 0.7ms
[50.682s][info][gc,phases      ] GC(248)   Other: 0.2ms
[50.682s][info][gc,heap        ] GC(248) Eden regions: 369->0(369)
[50.682s][info][gc,heap        ] GC(248) Survivor regions: 1->1(47)
[50.682s][info][gc,heap        ] GC(248) Old regions: 173->173
[50.682s][info][gc,heap        ] GC(248) Archive regions: 0->0
[50.682s][info][gc,heap        ] GC(248) Humongous regions: 12->12
[50.682s][info][gc,metaspace   ] GC(248) Metaspace: 61102K(62016K)->61102K(62016K) NonClass: 53527K(54016K)->53527K(54016K) Class: 7575K(8000K)->7575K(8000K)
[50.682s][info][gc             ] GC(248) Pause Young (Normal) (G1 Evacuation Pause) 544M->175M(617M) 2.115ms
[50.683s][info][gc,cpu         ] GC(248) User=0.00s Sys=0.00s Real=0.00s
[50.813s][info][gc,start       ] GC(249) Pause Young (Normal) (G1 Evacuation Pause)
[50.814s][info][gc,task        ] GC(249) Using 14 workers of 33 for evacuation
[50.815s][info][gc,phases      ] GC(249)   Pre Evacuate Collection Set: 0.2ms
[50.815s][info][gc,phases      ] GC(249)   Merge Heap Roots: 0.1ms
[50.815s][info][gc,phases      ] GC(249)   Evacuate Collection Set: 0.5ms
[50.815s][info][gc,phases      ] GC(249)   Post Evacuate Collection Set: 0.7ms
[50.815s][info][gc,phases      ] GC(249)   Other: 0.2ms
[50.815s][info][gc,heap        ] GC(249) Eden regions: 369->0(369)
[50.815s][info][gc,heap        ] GC(249) Survivor regions: 1->1(47)
[50.815s][info][gc,heap        ] GC(249) Old regions: 173->173
[50.815s][info][gc,heap        ] GC(249) Archive regions: 0->0
[50.815s][info][gc,heap        ] GC(249) Humongous regions: 12->12
[50.815s][info][gc,metaspace   ] GC(249) Metaspace: 61102K(62016K)->61102K(62016K) NonClass: 53527K(54016K)->53527K(54016K) Class: 7575K(8000K)->7575K(8000K)
[50.816s][info][gc             ] GC(249) Pause Young (Normal) (G1 Evacuation Pause) 544M->175M(617M) 2.035ms
[50.816s][info][gc,cpu         ] GC(249) User=0.00s Sys=0.00s Real=0.00s
[50.944s][info][gc,start       ] GC(250) Pause Young (Normal) (G1 Evacuation Pause)
[50.944s][info][gc,task        ] GC(250) Using 14 workers of 33 for evacuation
[50.946s][info][gc,phases      ] GC(250)   Pre Evacuate Collection Set: 0.2ms
[50.946s][info][gc,phases      ] GC(250)   Merge Heap Roots: 0.1ms
[50.946s][info][gc,phases      ] GC(250)   Evacuate Collection Set: 0.5ms
[50.946s][info][gc,phases      ] GC(250)   Post Evacuate Collection Set: 0.7ms
[50.946s][info][gc,phases      ] GC(250)   Other: 0.2ms
[50.946s][info][gc,heap        ] GC(250) Eden regions: 369->0(369)
[50.946s][info][gc,heap        ] GC(250) Survivor regions: 1->1(47)
[50.946s][info][gc,heap        ] GC(250) Old regions: 173->173
[50.946s][info][gc,heap        ] GC(250) Archive regions: 0->0
[50.946s][info][gc,heap        ] GC(250) Humongous regions: 12->12
[50.946s][info][gc,metaspace   ] GC(250) Metaspace: 61102K(62016K)->61102K(62016K) NonClass: 53527K(54016K)->53527K(54016K) Class: 7575K(8000K)->7575K(8000K)
[50.946s][info][gc             ] GC(250) Pause Young (Normal) (G1 Evacuation Pause) 544M->175M(617M) 2.109ms
[50.946s][info][gc,cpu         ] GC(250) User=0.00s Sys=0.00s Real=0.00s
[51.074s][info][gc,start       ] GC(251) Pause Young (Normal) (G1 Evacuation Pause)
[51.074s][info][gc,task        ] GC(251) Using 14 workers of 33 for evacuation
[51.075s][info][gc,phases      ] GC(251)   Pre Evacuate Collection Set: 0.2ms
[51.075s][info][gc,phases      ] GC(251)   Merge Heap Roots: 0.1ms
[51.075s][info][gc,phases      ] GC(251)   Evacuate Collection Set: 0.5ms
[51.075s][info][gc,phases      ] GC(251)   Post Evacuate Collection Set: 0.7ms
[51.076s][info][gc,phases      ] GC(251)   Other: 0.2ms
[51.076s][info][gc,heap        ] GC(251) Eden regions: 369->0(369)
[51.076s][info][gc,heap        ] GC(251) Survivor regions: 1->1(47)
[51.076s][info][gc,heap        ] GC(251) Old regions: 173->173
[51.076s][info][gc,heap        ] GC(251) Archive regions: 0->0
[51.076s][info][gc,heap        ] GC(251) Humongous regions: 12->12
[51.076s][info][gc,metaspace   ] GC(251) Metaspace: 61102K(62016K)->61102K(62016K) NonClass: 53527K(54016K)->53527K(54016K) Class: 7575K(8000K)->7575K(8000K)
[51.076s][info][gc             ] GC(251) Pause Young (Normal) (G1 Evacuation Pause) 544M->175M(617M) 2.032ms
[51.076s][info][gc,cpu         ] GC(251) User=0.00s Sys=0.00s Real=0.00s
[51.133s][info][gc,start       ] GC(252) Pause Full (System.gc())
[51.133s][info][gc,task        ] GC(252) Using 14 workers of 33 for full compaction
[51.134s][info][gc,phases,start] GC(252) Phase 1: Mark live objects
[51.175s][info][gc,phases      ] GC(252) Phase 1: Mark live objects 41.199ms
[51.175s][info][gc,phases,start] GC(252) Phase 2: Prepare compaction
[51.180s][info][gc,phases      ] GC(252) Phase 2: Prepare compaction 5.139ms
[51.180s][info][gc,phases,start] GC(252) Phase 3: Adjust pointers
[51.189s][info][gc,phases      ] GC(252) Phase 3: Adjust pointers 8.372ms
[51.189s][info][gc,phases,start] GC(252) Phase 4: Compact heap
[51.189s][info][gc,phases      ] GC(252) Phase 4: Compact heap 0.498ms
[51.198s][info][gc,heap        ] GC(252) Eden regions: 81->0(362)
[51.198s][info][gc,heap        ] GC(252) Survivor regions: 1->0(47)
[51.198s][info][gc,heap        ] GC(252) Old regions: 173->169
[51.198s][info][gc,heap        ] GC(252) Archive regions: 0->0
[51.198s][info][gc,heap        ] GC(252) Humongous regions: 17->12
[51.198s][info][gc,metaspace   ] GC(252) Metaspace: 61122K(62016K)->61122K(62016K) NonClass: 53547K(54016K)->53547K(54016K) Class: 7575K(8000K)->7575K(8000K)
[51.198s][info][gc             ] GC(252) Pause Full (System.gc()) 260M->174M(604M) 65.010ms
[51.198s][info][gc,cpu         ] GC(252) User=0.67s Sys=0.02s Real=0.08s
[51.388s][info][gc,start       ] GC(253) Pause Young (Normal) (G1 Evacuation Pause)
[51.388s][info][gc,task        ] GC(253) Using 14 workers of 33 for evacuation
[51.390s][info][gc,phases      ] GC(253)   Pre Evacuate Collection Set: 0.2ms
[51.390s][info][gc,phases      ] GC(253)   Merge Heap Roots: 0.2ms
[51.390s][info][gc,phases      ] GC(253)   Evacuate Collection Set: 0.5ms
[51.390s][info][gc,phases      ] GC(253)   Post Evacuate Collection Set: 0.7ms
[51.390s][info][gc,phases      ] GC(253)   Other: 0.2ms
[51.390s][info][gc,heap        ] GC(253) Eden regions: 362->0(361)
[51.390s][info][gc,heap        ] GC(253) Survivor regions: 0->1(46)
[51.390s][info][gc,heap        ] GC(253) Old regions: 169->169
[51.390s][info][gc,heap        ] GC(253) Archive regions: 0->0
[51.390s][info][gc,heap        ] GC(253) Humongous regions: 22->12
[51.390s][info][gc,metaspace   ] GC(253) Metaspace: 61198K(62144K)->61198K(62144K) NonClass: 53617K(54144K)->53617K(54144K) Class: 7581K(8000K)->7581K(8000K)
[51.390s][info][gc             ] GC(253) Pause Young (Normal) (G1 Evacuation Pause) 546M->175M(604M) 2.347ms
[51.390s][info][gc,cpu         ] GC(253) User=0.00s Sys=0.00s Real=0.00s
[51.517s][info][gc,start       ] GC(254) Pause Young (Normal) (G1 Evacuation Pause)
[51.517s][info][gc,task        ] GC(254) Using 14 workers of 33 for evacuation
[51.519s][info][gc,phases      ] GC(254)   Pre Evacuate Collection Set: 0.2ms
[51.519s][info][gc,phases      ] GC(254)   Merge Heap Roots: 0.2ms
[51.519s][info][gc,phases      ] GC(254)   Evacuate Collection Set: 0.5ms
[51.519s][info][gc,phases      ] GC(254)   Post Evacuate Collection Set: 0.7ms
[51.519s][info][gc,phases      ] GC(254)   Other: 0.1ms
[51.519s][info][gc,heap        ] GC(254) Eden regions: 361->0(361)
[51.519s][info][gc,heap        ] GC(254) Survivor regions: 1->1(46)
[51.519s][info][gc,heap        ] GC(254) Old regions: 169->169
[51.519s][info][gc,heap        ] GC(254) Archive regions: 0->0
[51.519s][info][gc,heap        ] GC(254) Humongous regions: 12->12
[51.519s][info][gc,metaspace   ] GC(254) Metaspace: 61205K(62144K)->61205K(62144K) NonClass: 53624K(54144K)->53624K(54144K) Class: 7581K(8000K)->7581K(8000K)
[51.519s][info][gc             ] GC(254) Pause Young (Normal) (G1 Evacuation Pause) 536M->175M(604M) 2.051ms
[51.519s][info][gc,cpu         ] GC(254) User=0.00s Sys=0.00s Real=0.00s
[51.647s][info][gc,start       ] GC(255) Pause Young (Normal) (G1 Evacuation Pause)
[51.647s][info][gc,task        ] GC(255) Using 14 workers of 33 for evacuation
[51.649s][info][gc,phases      ] GC(255)   Pre Evacuate Collection Set: 0.2ms
[51.649s][info][gc,phases      ] GC(255)   Merge Heap Roots: 0.1ms
[51.649s][info][gc,phases      ] GC(255)   Evacuate Collection Set: 0.5ms
[51.649s][info][gc,phases      ] GC(255)   Post Evacuate Collection Set: 0.7ms
[51.649s][info][gc,phases      ] GC(255)   Other: 0.2ms
[51.649s][info][gc,heap        ] GC(255) Eden regions: 361->0(361)
[51.649s][info][gc,heap        ] GC(255) Survivor regions: 1->1(46)
[51.649s][info][gc,heap        ] GC(255) Old regions: 169->169
[51.649s][info][gc,heap        ] GC(255) Archive regions: 0->0
[51.649s][info][gc,heap        ] GC(255) Humongous regions: 12->12
[51.649s][info][gc,metaspace   ] GC(255) Metaspace: 61205K(62144K)->61205K(62144K) NonClass: 53624K(54144K)->53624K(54144K) Class: 7581K(8000K)->7581K(8000K)
[51.650s][info][gc             ] GC(255) Pause Young (Normal) (G1 Evacuation Pause) 536M->175M(604M) 2.205ms
[51.650s][info][gc,cpu         ] GC(255) User=0.00s Sys=0.00s Real=0.00s
[51.773s][info][gc,start       ] GC(256) Pause Young (Normal) (G1 Evacuation Pause)
[51.773s][info][gc,task        ] GC(256) Using 14 workers of 33 for evacuation
[51.775s][info][gc,phases      ] GC(256)   Pre Evacuate Collection Set: 0.2ms
[51.775s][info][gc,phases      ] GC(256)   Merge Heap Roots: 0.1ms
[51.775s][info][gc,phases      ] GC(256)   Evacuate Collection Set: 0.4ms
[51.775s][info][gc,phases      ] GC(256)   Post Evacuate Collection Set: 0.7ms
[51.775s][info][gc,phases      ] GC(256)   Other: 0.2ms
[51.775s][info][gc,heap        ] GC(256) Eden regions: 361->0(361)
[51.775s][info][gc,heap        ] GC(256) Survivor regions: 1->1(46)
[51.775s][info][gc,heap        ] GC(256) Old regions: 169->169
[51.775s][info][gc,heap        ] GC(256) Archive regions: 0->0
[51.775s][info][gc,heap        ] GC(256) Humongous regions: 12->12
[51.775s][info][gc,metaspace   ] GC(256) Metaspace: 61205K(62144K)->61205K(62144K) NonClass: 53624K(54144K)->53624K(54144K) Class: 7581K(8000K)->7581K(8000K)
[51.775s][info][gc             ] GC(256) Pause Young (Normal) (G1 Evacuation Pause) 536M->175M(604M) 2.056ms
[51.775s][info][gc,cpu         ] GC(256) User=0.00s Sys=0.00s Real=0.00s
[51.890s][info][gc,start       ] GC(257) Pause Young (Normal) (G1 Evacuation Pause)
[51.891s][info][gc,task        ] GC(257) Using 14 workers of 33 for evacuation
[51.892s][info][gc,phases      ] GC(257)   Pre Evacuate Collection Set: 0.2ms
[51.892s][info][gc,phases      ] GC(257)   Merge Heap Roots: 0.1ms
[51.892s][info][gc,phases      ] GC(257)   Evacuate Collection Set: 0.5ms
[51.892s][info][gc,phases      ] GC(257)   Post Evacuate Collection Set: 0.7ms
[51.892s][info][gc,phases      ] GC(257)   Other: 0.2ms
[51.892s][info][gc,heap        ] GC(257) Eden regions: 361->0(361)
[51.892s][info][gc,heap        ] GC(257) Survivor regions: 1->1(46)
[51.892s][info][gc,heap        ] GC(257) Old regions: 169->169
[51.892s][info][gc,heap        ] GC(257) Archive regions: 0->0
[51.892s][info][gc,heap        ] GC(257) Humongous regions: 12->12
[51.893s][info][gc,metaspace   ] GC(257) Metaspace: 61205K(62144K)->61205K(62144K) NonClass: 53624K(54144K)->53624K(54144K) Class: 7581K(8000K)->7581K(8000K)
[51.893s][info][gc             ] GC(257) Pause Young (Normal) (G1 Evacuation Pause) 536M->175M(604M) 2.137ms
[51.893s][info][gc,cpu         ] GC(257) User=0.00s Sys=0.02s Real=0.02s
[51.971s][info][gc,start       ] GC(258) Pause Full (System.gc())
[51.971s][info][gc,task        ] GC(258) Using 14 workers of 33 for full compaction
[51.972s][info][gc,phases,start] GC(258) Phase 1: Mark live objects
[52.014s][info][gc,phases      ] GC(258) Phase 1: Mark live objects 42.113ms
[52.014s][info][gc,phases,start] GC(258) Phase 2: Prepare compaction
[52.019s][info][gc,phases      ] GC(258) Phase 2: Prepare compaction 5.107ms
[52.019s][info][gc,phases,start] GC(258) Phase 3: Adjust pointers
[52.028s][info][gc,phases      ] GC(258) Phase 3: Adjust pointers 8.817ms
[52.028s][info][gc,phases,start] GC(258) Phase 4: Compact heap
[52.029s][info][gc,phases      ] GC(258) Phase 4: Compact heap 0.460ms
[52.036s][info][gc,heap        ] GC(258) Eden regions: 120->0(362)
[52.036s][info][gc,heap        ] GC(258) Survivor regions: 1->0(46)
[52.036s][info][gc,heap        ] GC(258) Old regions: 169->169
[52.036s][info][gc,heap        ] GC(258) Archive regions: 0->0
[52.036s][info][gc,heap        ] GC(258) Humongous regions: 17->12
[52.036s][info][gc,metaspace   ] GC(258) Metaspace: 61233K(62144K)->61233K(62144K) NonClass: 53651K(54144K)->53651K(54144K) Class: 7581K(8000K)->7581K(8000K)
[52.036s][info][gc             ] GC(258) Pause Full (System.gc()) 299M->174M(604M) 65.000ms
[52.036s][info][gc,cpu         ] GC(258) User=0.88s Sys=0.00s Real=0.05s
[52.211s][info][gc,start       ] GC(259) Pause Young (Normal) (G1 Evacuation Pause)
[52.211s][info][gc,task        ] GC(259) Using 14 workers of 33 for evacuation
[52.215s][info][gc,phases      ] GC(259)   Pre Evacuate Collection Set: 0.2ms
[52.216s][info][gc,phases      ] GC(259)   Merge Heap Roots: 0.1ms
[52.216s][info][gc,phases      ] GC(259)   Evacuate Collection Set: 0.5ms
[52.216s][info][gc,phases      ] GC(259)   Post Evacuate Collection Set: 3.4ms
[52.216s][info][gc,phases      ] GC(259)   Other: 0.1ms
[52.216s][info][gc,heap        ] GC(259) Eden regions: 362->0(491)
[52.216s][info][gc,heap        ] GC(259) Survivor regions: 0->1(46)
[52.216s][info][gc,heap        ] GC(259) Old regions: 169->169
[52.216s][info][gc,heap        ] GC(259) Archive regions: 0->0
[52.216s][info][gc,heap        ] GC(259) Humongous regions: 22->12
[52.216s][info][gc,metaspace   ] GC(259) Metaspace: 61248K(62144K)->61248K(62144K) NonClass: 53666K(54144K)->53666K(54144K) Class: 7581K(8000K)->7581K(8000K)
[52.216s][info][gc             ] GC(259) Pause Young (Normal) (G1 Evacuation Pause) 546M->175M(820M) 4.894ms
[52.216s][info][gc,cpu         ] GC(259) User=0.00s Sys=0.00s Real=0.00s
[52.433s][info][gc,start       ] GC(260) Pause Young (Normal) (G1 Evacuation Pause)
[52.433s][info][gc,task        ] GC(260) Using 19 workers of 33 for evacuation
[52.435s][info][gc,phases      ] GC(260)   Pre Evacuate Collection Set: 0.2ms
[52.435s][info][gc,phases      ] GC(260)   Merge Heap Roots: 0.2ms
[52.435s][info][gc,phases      ] GC(260)   Evacuate Collection Set: 0.5ms
[52.435s][info][gc,phases      ] GC(260)   Post Evacuate Collection Set: 0.8ms
[52.435s][info][gc,phases      ] GC(260)   Other: 0.2ms
[52.435s][info][gc,heap        ] GC(260) Eden regions: 491->0(491)
[52.435s][info][gc,heap        ] GC(260) Survivor regions: 1->1(62)
[52.435s][info][gc,heap        ] GC(260) Old regions: 169->169
[52.435s][info][gc,heap        ] GC(260) Archive regions: 0->0
[52.435s][info][gc,heap        ] GC(260) Humongous regions: 12->12
[52.435s][info][gc,metaspace   ] GC(260) Metaspace: 61249K(62144K)->61249K(62144K) NonClass: 53667K(54144K)->53667K(54144K) Class: 7581K(8000K)->7581K(8000K)
[52.435s][info][gc             ] GC(260) Pause Young (Normal) (G1 Evacuation Pause) 666M->175M(820M) 2.424ms
[52.435s][info][gc,cpu         ] GC(260) User=0.00s Sys=0.00s Real=0.00s
[52.610s][info][gc,start       ] GC(261) Pause Young (Normal) (G1 Evacuation Pause)
[52.610s][info][gc,task        ] GC(261) Using 19 workers of 33 for evacuation
[52.612s][info][gc,phases      ] GC(261)   Pre Evacuate Collection Set: 0.2ms
[52.612s][info][gc,phases      ] GC(261)   Merge Heap Roots: 0.2ms
[52.612s][info][gc,phases      ] GC(261)   Evacuate Collection Set: 0.5ms
[52.612s][info][gc,phases      ] GC(261)   Post Evacuate Collection Set: 0.8ms
[52.612s][info][gc,phases      ] GC(261)   Other: 0.2ms
[52.612s][info][gc,heap        ] GC(261) Eden regions: 491->0(491)
[52.612s][info][gc,heap        ] GC(261) Survivor regions: 1->1(62)
[52.612s][info][gc,heap        ] GC(261) Old regions: 169->169
[52.613s][info][gc,heap        ] GC(261) Archive regions: 0->0
[52.613s][info][gc,heap        ] GC(261) Humongous regions: 12->12
[52.613s][info][gc,metaspace   ] GC(261) Metaspace: 61249K(62144K)->61249K(62144K) NonClass: 53667K(54144K)->53667K(54144K) Class: 7581K(8000K)->7581K(8000K)
[52.613s][info][gc             ] GC(261) Pause Young (Normal) (G1 Evacuation Pause) 666M->175M(820M) 2.293ms
[52.613s][info][gc,cpu         ] GC(261) User=0.00s Sys=0.00s Real=0.00s
[52.772s][info][gc,start       ] GC(262) Pause Young (Normal) (G1 Evacuation Pause)
[52.772s][info][gc,task        ] GC(262) Using 19 workers of 33 for evacuation
[52.773s][info][gc,phases      ] GC(262)   Pre Evacuate Collection Set: 0.2ms
[52.773s][info][gc,phases      ] GC(262)   Merge Heap Roots: 0.2ms
[52.774s][info][gc,phases      ] GC(262)   Evacuate Collection Set: 0.5ms
[52.774s][info][gc,phases      ] GC(262)   Post Evacuate Collection Set: 0.7ms
[52.774s][info][gc,phases      ] GC(262)   Other: 0.2ms
[52.774s][info][gc,heap        ] GC(262) Eden regions: 491->0(491)
[52.774s][info][gc,heap        ] GC(262) Survivor regions: 1->1(62)
[52.774s][info][gc,heap        ] GC(262) Old regions: 169->169
[52.774s][info][gc,heap        ] GC(262) Archive regions: 0->0
[52.774s][info][gc,heap        ] GC(262) Humongous regions: 12->12
[52.774s][info][gc,metaspace   ] GC(262) Metaspace: 61249K(62144K)->61249K(62144K) NonClass: 53667K(54144K)->53667K(54144K) Class: 7581K(8000K)->7581K(8000K)
[52.774s][info][gc             ] GC(262) Pause Young (Normal) (G1 Evacuation Pause) 666M->175M(820M) 2.149ms
[52.774s][info][gc,cpu         ] GC(262) User=0.00s Sys=0.00s Real=0.00s
[52.830s][info][gc,start       ] GC(263) Pause Full (System.gc())
[52.830s][info][gc,task        ] GC(263) Using 19 workers of 33 for full compaction
[52.831s][info][gc,phases,start] GC(263) Phase 1: Mark live objects
[52.867s][info][gc,phases      ] GC(263) Phase 1: Mark live objects 36.718ms
[52.867s][info][gc,phases,start] GC(263) Phase 2: Prepare compaction
[52.872s][info][gc,phases      ] GC(263) Phase 2: Prepare compaction 5.001ms
[52.873s][info][gc,phases,start] GC(263) Phase 3: Adjust pointers
[52.882s][info][gc,phases      ] GC(263) Phase 3: Adjust pointers 9.382ms
[52.882s][info][gc,phases,start] GC(263) Phase 4: Compact heap
[52.882s][info][gc,phases      ] GC(263) Phase 4: Compact heap 0.423ms
[52.891s][info][gc,heap        ] GC(263) Eden regions: 91->0(364)
[52.891s][info][gc,heap        ] GC(263) Survivor regions: 1->0(62)
[52.891s][info][gc,heap        ] GC(263) Old regions: 169->170
[52.891s][info][gc,heap        ] GC(263) Archive regions: 0->0
[52.891s][info][gc,heap        ] GC(263) Humongous regions: 17->12
[52.891s][info][gc,metaspace   ] GC(263) Metaspace: 61252K(62144K)->61252K(62144K) NonClass: 53670K(54144K)->53670K(54144K) Class: 7581K(8000K)->7581K(8000K)
[52.891s][info][gc             ] GC(263) Pause Full (System.gc()) 270M->174M(607M) 61.217ms
[52.891s][info][gc,cpu         ] GC(263) User=0.91s Sys=0.00s Real=0.06s
[53.071s][info][gc,start       ] GC(264) Pause Young (Normal) (G1 Evacuation Pause)
[53.071s][info][gc,task        ] GC(264) Using 16 workers of 33 for evacuation
[53.073s][info][gc,phases      ] GC(264)   Pre Evacuate Collection Set: 0.2ms
[53.073s][info][gc,phases      ] GC(264)   Merge Heap Roots: 0.1ms
[53.073s][info][gc,phases      ] GC(264)   Evacuate Collection Set: 0.5ms
[53.073s][info][gc,phases      ] GC(264)   Post Evacuate Collection Set: 0.7ms
[53.073s][info][gc,phases      ] GC(264)   Other: 0.2ms
[53.073s][info][gc,heap        ] GC(264) Eden regions: 364->0(363)
[53.073s][info][gc,heap        ] GC(264) Survivor regions: 0->1(46)
[53.073s][info][gc,heap        ] GC(264) Old regions: 170->170
[53.073s][info][gc,heap        ] GC(264) Archive regions: 0->0
[53.073s][info][gc,heap        ] GC(264) Humongous regions: 22->12
[53.073s][info][gc,metaspace   ] GC(264) Metaspace: 61252K(62144K)->61252K(62144K) NonClass: 53671K(54144K)->53671K(54144K) Class: 7581K(8000K)->7581K(8000K)
[53.073s][info][gc             ] GC(264) Pause Young (Normal) (G1 Evacuation Pause) 548M->175M(607M) 2.271ms
[53.073s][info][gc,cpu         ] GC(264) User=0.00s Sys=0.00s Real=0.00s
[53.198s][info][gc,start       ] GC(265) Pause Young (Normal) (G1 Evacuation Pause)
[53.198s][info][gc,task        ] GC(265) Using 15 workers of 33 for evacuation
[53.200s][info][gc,phases      ] GC(265)   Pre Evacuate Collection Set: 0.2ms
[53.200s][info][gc,phases      ] GC(265)   Merge Heap Roots: 0.1ms
[53.200s][info][gc,phases      ] GC(265)   Evacuate Collection Set: 0.5ms
[53.200s][info][gc,phases      ] GC(265)   Post Evacuate Collection Set: 0.7ms
[53.200s][info][gc,phases      ] GC(265)   Other: 0.2ms
[53.200s][info][gc,heap        ] GC(265) Eden regions: 363->0(363)
[53.200s][info][gc,heap        ] GC(265) Survivor regions: 1->1(46)
[53.200s][info][gc,heap        ] GC(265) Old regions: 170->170
[53.200s][info][gc,heap        ] GC(265) Archive regions: 0->0
[53.200s][info][gc,heap        ] GC(265) Humongous regions: 12->12
[53.200s][info][gc,metaspace   ] GC(265) Metaspace: 61252K(62144K)->61252K(62144K) NonClass: 53671K(54144K)->53671K(54144K) Class: 7581K(8000K)->7581K(8000K)
[53.200s][info][gc             ] GC(265) Pause Young (Normal) (G1 Evacuation Pause) 538M->175M(607M) 2.169ms
[53.200s][info][gc,cpu         ] GC(265) User=0.00s Sys=0.00s Real=0.00s
[53.316s][info][gc,start       ] GC(266) Pause Young (Normal) (G1 Evacuation Pause)
[53.316s][info][gc,task        ] GC(266) Using 14 workers of 33 for evacuation
[53.317s][info][gc,phases      ] GC(266)   Pre Evacuate Collection Set: 0.2ms
[53.318s][info][gc,phases      ] GC(266)   Merge Heap Roots: 0.2ms
[53.318s][info][gc,phases      ] GC(266)   Evacuate Collection Set: 0.4ms
[53.318s][info][gc,phases      ] GC(266)   Post Evacuate Collection Set: 0.7ms
[53.318s][info][gc,phases      ] GC(266)   Other: 0.2ms
[53.318s][info][gc,heap        ] GC(266) Eden regions: 363->0(363)
[53.318s][info][gc,heap        ] GC(266) Survivor regions: 1->1(46)
[53.318s][info][gc,heap        ] GC(266) Old regions: 170->170
[53.318s][info][gc,heap        ] GC(266) Archive regions: 0->0
[53.318s][info][gc,heap        ] GC(266) Humongous regions: 12->12
[53.318s][info][gc,metaspace   ] GC(266) Metaspace: 61252K(62144K)->61252K(62144K) NonClass: 53671K(54144K)->53671K(54144K) Class: 7581K(8000K)->7581K(8000K)
[53.318s][info][gc             ] GC(266) Pause Young (Normal) (G1 Evacuation Pause) 538M->175M(607M) 2.198ms
[53.318s][info][gc,cpu         ] GC(266) User=0.13s Sys=0.02s Real=0.02s
[53.434s][info][gc,start       ] GC(267) Pause Young (Normal) (G1 Evacuation Pause)
[53.434s][info][gc,task        ] GC(267) Using 14 workers of 33 for evacuation
[53.435s][info][gc,phases      ] GC(267)   Pre Evacuate Collection Set: 0.2ms
[53.435s][info][gc,phases      ] GC(267)   Merge Heap Roots: 0.1ms
[53.435s][info][gc,phases      ] GC(267)   Evacuate Collection Set: 0.5ms
[53.435s][info][gc,phases      ] GC(267)   Post Evacuate Collection Set: 0.7ms
[53.435s][info][gc,phases      ] GC(267)   Other: 0.2ms
[53.435s][info][gc,heap        ] GC(267) Eden regions: 363->0(363)
[53.436s][info][gc,heap        ] GC(267) Survivor regions: 1->1(46)
[53.436s][info][gc,heap        ] GC(267) Old regions: 170->170
[53.436s][info][gc,heap        ] GC(267) Archive regions: 0->0
[53.436s][info][gc,heap        ] GC(267) Humongous regions: 12->12
[53.436s][info][gc,metaspace   ] GC(267) Metaspace: 61252K(62144K)->61252K(62144K) NonClass: 53671K(54144K)->53671K(54144K) Class: 7581K(8000K)->7581K(8000K)
[53.436s][info][gc             ] GC(267) Pause Young (Normal) (G1 Evacuation Pause) 538M->175M(607M) 2.050ms
[53.436s][info][gc,cpu         ] GC(267) User=0.00s Sys=0.00s Real=0.00s
[53.551s][info][gc,start       ] GC(268) Pause Young (Normal) (G1 Evacuation Pause)
[53.551s][info][gc,task        ] GC(268) Using 14 workers of 33 for evacuation
[53.552s][info][gc,phases      ] GC(268)   Pre Evacuate Collection Set: 0.2ms
[53.552s][info][gc,phases      ] GC(268)   Merge Heap Roots: 0.1ms
[53.552s][info][gc,phases      ] GC(268)   Evacuate Collection Set: 0.4ms
[53.552s][info][gc,phases      ] GC(268)   Post Evacuate Collection Set: 0.7ms
[53.552s][info][gc,phases      ] GC(268)   Other: 0.2ms
[53.552s][info][gc,heap        ] GC(268) Eden regions: 363->0(363)
[53.552s][info][gc,heap        ] GC(268) Survivor regions: 1->1(46)
[53.552s][info][gc,heap        ] GC(268) Old regions: 170->170
[53.552s][info][gc,heap        ] GC(268) Archive regions: 0->0
[53.552s][info][gc,heap        ] GC(268) Humongous regions: 12->12
[53.552s][info][gc,metaspace   ] GC(268) Metaspace: 61252K(62144K)->61252K(62144K) NonClass: 53671K(54144K)->53671K(54144K) Class: 7581K(8000K)->7581K(8000K)
[53.553s][info][gc             ] GC(268) Pause Young (Normal) (G1 Evacuation Pause) 538M->175M(607M) 1.999ms
[53.553s][info][gc,cpu         ] GC(268) User=0.02s Sys=0.00s Real=0.02s
[53.610s][info][gc,start       ] GC(269) Pause Full (System.gc())
[53.610s][info][gc,task        ] GC(269) Using 14 workers of 33 for full compaction
[53.610s][info][gc,phases,start] GC(269) Phase 1: Mark live objects
[53.652s][info][gc,phases      ] GC(269) Phase 1: Mark live objects 41.762ms
[53.652s][info][gc,phases,start] GC(269) Phase 2: Prepare compaction
[53.657s][info][gc,phases      ] GC(269) Phase 2: Prepare compaction 5.322ms
[53.657s][info][gc,phases,start] GC(269) Phase 3: Adjust pointers
[53.666s][info][gc,phases      ] GC(269) Phase 3: Adjust pointers 8.085ms
[53.666s][info][gc,phases,start] GC(269) Phase 4: Compact heap
[53.666s][info][gc,phases      ] GC(269) Phase 4: Compact heap 0.447ms
[53.673s][info][gc,heap        ] GC(269) Eden regions: 110->0(364)
[53.673s][info][gc,heap        ] GC(269) Survivor regions: 1->0(46)
[53.673s][info][gc,heap        ] GC(269) Old regions: 170->170
[53.673s][info][gc,heap        ] GC(269) Archive regions: 0->0
[53.673s][info][gc,heap        ] GC(269) Humongous regions: 17->12
[53.673s][info][gc,metaspace   ] GC(269) Metaspace: 61254K(62144K)->61254K(62144K) NonClass: 53672K(54144K)->53672K(54144K) Class: 7581K(8000K)->7581K(8000K)
[53.673s][info][gc             ] GC(269) Pause Full (System.gc()) 289M->174M(607M) 63.658ms
[53.673s][info][gc,cpu         ] GC(269) User=0.89s Sys=0.00s Real=0.06s
[53.854s][info][gc,start       ] GC(270) Pause Young (Normal) (G1 Evacuation Pause)
[53.854s][info][gc,task        ] GC(270) Using 14 workers of 33 for evacuation
[53.856s][info][gc,phases      ] GC(270)   Pre Evacuate Collection Set: 0.2ms
[53.856s][info][gc,phases      ] GC(270)   Merge Heap Roots: 0.2ms
[53.856s][info][gc,phases      ] GC(270)   Evacuate Collection Set: 0.6ms
[53.856s][info][gc,phases      ] GC(270)   Post Evacuate Collection Set: 0.6ms
[53.856s][info][gc,phases      ] GC(270)   Other: 0.1ms
[53.856s][info][gc,heap        ] GC(270) Eden regions: 364->0(363)
[53.856s][info][gc,heap        ] GC(270) Survivor regions: 0->1(46)
[53.856s][info][gc,heap        ] GC(270) Old regions: 170->170
[53.856s][info][gc,heap        ] GC(270) Archive regions: 0->0
[53.856s][info][gc,heap        ] GC(270) Humongous regions: 22->12
[53.856s][info][gc,metaspace   ] GC(270) Metaspace: 61260K(62144K)->61260K(62144K) NonClass: 53679K(54144K)->53679K(54144K) Class: 7581K(8000K)->7581K(8000K)
[53.856s][info][gc             ] GC(270) Pause Young (Normal) (G1 Evacuation Pause) 548M->175M(607M) 1.794ms
[53.856s][info][gc,cpu         ] GC(270) User=0.02s Sys=0.00s Real=0.02s
[53.986s][info][gc,start       ] GC(271) Pause Young (Normal) (G1 Evacuation Pause)
[53.986s][info][gc,task        ] GC(271) Using 14 workers of 33 for evacuation
[53.987s][info][gc,phases      ] GC(271)   Pre Evacuate Collection Set: 0.2ms
[53.988s][info][gc,phases      ] GC(271)   Merge Heap Roots: 0.1ms
[53.988s][info][gc,phases      ] GC(271)   Evacuate Collection Set: 0.5ms
[53.988s][info][gc,phases      ] GC(271)   Post Evacuate Collection Set: 0.7ms
[53.988s][info][gc,phases      ] GC(271)   Other: 0.2ms
[53.988s][info][gc,heap        ] GC(271) Eden regions: 363->0(363)
[53.988s][info][gc,heap        ] GC(271) Survivor regions: 1->1(46)
[53.988s][info][gc,heap        ] GC(271) Old regions: 170->170
[53.988s][info][gc,heap        ] GC(271) Archive regions: 0->0
[53.988s][info][gc,heap        ] GC(271) Humongous regions: 12->12
[53.988s][info][gc,metaspace   ] GC(271) Metaspace: 61260K(62144K)->61260K(62144K) NonClass: 53679K(54144K)->53679K(54144K) Class: 7581K(8000K)->7581K(8000K)
[53.988s][info][gc             ] GC(271) Pause Young (Normal) (G1 Evacuation Pause) 538M->175M(607M) 2.121ms
[53.988s][info][gc,cpu         ] GC(271) User=0.00s Sys=0.00s Real=0.00s
[54.114s][info][gc,start       ] GC(272) Pause Young (Normal) (G1 Evacuation Pause)
[54.114s][info][gc,task        ] GC(272) Using 14 workers of 33 for evacuation
[54.115s][info][gc,phases      ] GC(272)   Pre Evacuate Collection Set: 0.2ms
[54.115s][info][gc,phases      ] GC(272)   Merge Heap Roots: 0.2ms
[54.115s][info][gc,phases      ] GC(272)   Evacuate Collection Set: 0.4ms
[54.115s][info][gc,phases      ] GC(272)   Post Evacuate Collection Set: 0.7ms
[54.115s][info][gc,phases      ] GC(272)   Other: 0.2ms
[54.115s][info][gc,heap        ] GC(272) Eden regions: 363->0(363)
[54.115s][info][gc,heap        ] GC(272) Survivor regions: 1->1(46)
[54.115s][info][gc,heap        ] GC(272) Old regions: 170->170
[54.115s][info][gc,heap        ] GC(272) Archive regions: 0->0
[54.115s][info][gc,heap        ] GC(272) Humongous regions: 12->12
[54.116s][info][gc,metaspace   ] GC(272) Metaspace: 61260K(62144K)->61260K(62144K) NonClass: 53679K(54144K)->53679K(54144K) Class: 7581K(8000K)->7581K(8000K)
[54.116s][info][gc             ] GC(272) Pause Young (Normal) (G1 Evacuation Pause) 538M->175M(607M) 2.013ms
[54.116s][info][gc,cpu         ] GC(272) User=0.00s Sys=0.00s Real=0.00s
[54.231s][info][gc,start       ] GC(273) Pause Young (Normal) (G1 Evacuation Pause)
[54.231s][info][gc,task        ] GC(273) Using 14 workers of 33 for evacuation
[54.233s][info][gc,phases      ] GC(273)   Pre Evacuate Collection Set: 0.2ms
[54.233s][info][gc,phases      ] GC(273)   Merge Heap Roots: 0.1ms
[54.233s][info][gc,phases      ] GC(273)   Evacuate Collection Set: 0.4ms
[54.233s][info][gc,phases      ] GC(273)   Post Evacuate Collection Set: 0.7ms
[54.233s][info][gc,phases      ] GC(273)   Other: 0.2ms
[54.233s][info][gc,heap        ] GC(273) Eden regions: 363->0(363)
[54.233s][info][gc,heap        ] GC(273) Survivor regions: 1->1(46)
[54.233s][info][gc,heap        ] GC(273) Old regions: 170->170
[54.233s][info][gc,heap        ] GC(273) Archive regions: 0->0
[54.233s][info][gc,heap        ] GC(273) Humongous regions: 12->12
[54.233s][info][gc,metaspace   ] GC(273) Metaspace: 61260K(62144K)->61260K(62144K) NonClass: 53679K(54144K)->53679K(54144K) Class: 7581K(8000K)->7581K(8000K)
[54.233s][info][gc             ] GC(273) Pause Young (Normal) (G1 Evacuation Pause) 538M->175M(607M) 2.028ms
[54.233s][info][gc,cpu         ] GC(273) User=0.00s Sys=0.00s Real=0.00s
[54.350s][info][gc,start       ] GC(274) Pause Young (Normal) (G1 Evacuation Pause)
[54.350s][info][gc,task        ] GC(274) Using 14 workers of 33 for evacuation
[54.351s][info][gc,phases      ] GC(274)   Pre Evacuate Collection Set: 0.2ms
[54.351s][info][gc,phases      ] GC(274)   Merge Heap Roots: 0.2ms
[54.351s][info][gc,phases      ] GC(274)   Evacuate Collection Set: 0.5ms
[54.351s][info][gc,phases      ] GC(274)   Post Evacuate Collection Set: 0.6ms
[54.352s][info][gc,phases      ] GC(274)   Other: 0.2ms
[54.352s][info][gc,heap        ] GC(274) Eden regions: 363->0(363)
[54.352s][info][gc,heap        ] GC(274) Survivor regions: 1->1(46)
[54.352s][info][gc,heap        ] GC(274) Old regions: 170->170
[54.352s][info][gc,heap        ] GC(274) Archive regions: 0->0
[54.352s][info][gc,heap        ] GC(274) Humongous regions: 12->12
[54.352s][info][gc,metaspace   ] GC(274) Metaspace: 61260K(62144K)->61260K(62144K) NonClass: 53679K(54144K)->53679K(54144K) Class: 7581K(8000K)->7581K(8000K)
[54.352s][info][gc             ] GC(274) Pause Young (Normal) (G1 Evacuation Pause) 538M->175M(607M) 2.050ms
[54.352s][info][gc,cpu         ] GC(274) User=0.00s Sys=0.00s Real=0.00s
[54.409s][info][gc,start       ] GC(275) Pause Full (System.gc())
[54.409s][info][gc,task        ] GC(275) Using 14 workers of 33 for full compaction
[54.410s][info][gc,phases,start] GC(275) Phase 1: Mark live objects
[54.452s][info][gc,phases      ] GC(275) Phase 1: Mark live objects 42.379ms
[54.452s][info][gc,phases,start] GC(275) Phase 2: Prepare compaction
[54.457s][info][gc,phases      ] GC(275) Phase 2: Prepare compaction 5.157ms
[54.457s][info][gc,phases,start] GC(275) Phase 3: Adjust pointers
[54.467s][info][gc,phases      ] GC(275) Phase 3: Adjust pointers 9.568ms
[54.467s][info][gc,phases,start] GC(275) Phase 4: Compact heap
[54.468s][info][gc,phases      ] GC(275) Phase 4: Compact heap 0.520ms
[54.476s][info][gc,heap        ] GC(275) Eden regions: 110->0(362)
[54.476s][info][gc,heap        ] GC(275) Survivor regions: 1->0(46)
[54.476s][info][gc,heap        ] GC(275) Old regions: 170->169
[54.476s][info][gc,heap        ] GC(275) Archive regions: 0->0
[54.476s][info][gc,heap        ] GC(275) Humongous regions: 17->12
[54.476s][info][gc,metaspace   ] GC(275) Metaspace: 61261K(62144K)->61261K(62144K) NonClass: 53680K(54144K)->53680K(54144K) Class: 7581K(8000K)->7581K(8000K)
[54.476s][info][gc             ] GC(275) Pause Full (System.gc()) 289M->174M(604M) 67.333ms
[54.476s][info][gc,cpu         ] GC(275) User=0.69s Sys=0.02s Real=0.08s
[54.658s][info][gc,start       ] GC(276) Pause Young (Normal) (G1 Evacuation Pause)
[54.658s][info][gc,task        ] GC(276) Using 14 workers of 33 for evacuation
[54.661s][info][gc,phases      ] GC(276)   Pre Evacuate Collection Set: 0.2ms
[54.661s][info][gc,phases      ] GC(276)   Merge Heap Roots: 0.2ms
[54.661s][info][gc,phases      ] GC(276)   Evacuate Collection Set: 0.5ms
[54.661s][info][gc,phases      ] GC(276)   Post Evacuate Collection Set: 1.8ms
[54.661s][info][gc,phases      ] GC(276)   Other: 0.2ms
[54.661s][info][gc,heap        ] GC(276) Eden regions: 362->0(507)
[54.661s][info][gc,heap        ] GC(276) Survivor regions: 0->1(46)
[54.661s][info][gc,heap        ] GC(276) Old regions: 169->169
[54.661s][info][gc,heap        ] GC(276) Archive regions: 0->0
[54.661s][info][gc,heap        ] GC(276) Humongous regions: 22->12
[54.661s][info][gc,metaspace   ] GC(276) Metaspace: 61272K(62144K)->61272K(62144K) NonClass: 53691K(54144K)->53691K(54144K) Class: 7581K(8000K)->7581K(8000K)
[54.661s][info][gc             ] GC(276) Pause Young (Normal) (G1 Evacuation Pause) 546M->175M(847M) 3.147ms
[54.661s][info][gc,cpu         ] GC(276) User=0.22s Sys=0.00s Real=0.02s
[54.899s][info][gc,start       ] GC(277) Pause Young (Normal) (G1 Evacuation Pause)
[54.899s][info][gc,task        ] GC(277) Using 20 workers of 33 for evacuation
[54.901s][info][gc,phases      ] GC(277)   Pre Evacuate Collection Set: 0.2ms
[54.901s][info][gc,phases      ] GC(277)   Merge Heap Roots: 0.2ms
[54.901s][info][gc,phases      ] GC(277)   Evacuate Collection Set: 0.5ms
[54.901s][info][gc,phases      ] GC(277)   Post Evacuate Collection Set: 0.8ms
[54.901s][info][gc,phases      ] GC(277)   Other: 0.2ms
[54.901s][info][gc,heap        ] GC(277) Eden regions: 507->0(507)
[54.901s][info][gc,heap        ] GC(277) Survivor regions: 1->1(64)
[54.901s][info][gc,heap        ] GC(277) Old regions: 169->169
[54.901s][info][gc,heap        ] GC(277) Archive regions: 0->0
[54.901s][info][gc,heap        ] GC(277) Humongous regions: 12->12
[54.901s][info][gc,metaspace   ] GC(277) Metaspace: 61272K(62144K)->61272K(62144K) NonClass: 53691K(54144K)->53691K(54144K) Class: 7581K(8000K)->7581K(8000K)
[54.901s][info][gc             ] GC(277) Pause Young (Normal) (G1 Evacuation Pause) 682M->175M(847M) 2.468ms
[54.901s][info][gc,cpu         ] GC(277) User=0.00s Sys=0.00s Real=0.00s
[55.070s][info][gc,start       ] GC(278) Pause Young (Normal) (G1 Evacuation Pause)
[55.070s][info][gc,task        ] GC(278) Using 20 workers of 33 for evacuation
[55.072s][info][gc,phases      ] GC(278)   Pre Evacuate Collection Set: 0.2ms
[55.072s][info][gc,phases      ] GC(278)   Merge Heap Roots: 0.2ms
[55.072s][info][gc,phases      ] GC(278)   Evacuate Collection Set: 0.5ms
[55.072s][info][gc,phases      ] GC(278)   Post Evacuate Collection Set: 0.8ms
[55.072s][info][gc,phases      ] GC(278)   Other: 0.2ms
[55.072s][info][gc,heap        ] GC(278) Eden regions: 507->0(507)
[55.072s][info][gc,heap        ] GC(278) Survivor regions: 1->1(64)
[55.072s][info][gc,heap        ] GC(278) Old regions: 169->169
[55.072s][info][gc,heap        ] GC(278) Archive regions: 0->0
[55.072s][info][gc,heap        ] GC(278) Humongous regions: 12->12
[55.072s][info][gc,metaspace   ] GC(278) Metaspace: 61272K(62144K)->61272K(62144K) NonClass: 53691K(54144K)->53691K(54144K) Class: 7581K(8000K)->7581K(8000K)
[55.072s][info][gc             ] GC(278) Pause Young (Normal) (G1 Evacuation Pause) 682M->175M(847M) 2.278ms
[55.072s][info][gc,cpu         ] GC(278) User=0.02s Sys=0.00s Real=0.01s
[55.249s][info][gc,start       ] GC(279) Pause Young (Normal) (G1 Evacuation Pause)
[55.249s][info][gc,task        ] GC(279) Using 20 workers of 33 for evacuation
[55.251s][info][gc,phases      ] GC(279)   Pre Evacuate Collection Set: 0.2ms
[55.251s][info][gc,phases      ] GC(279)   Merge Heap Roots: 0.2ms
[55.251s][info][gc,phases      ] GC(279)   Evacuate Collection Set: 0.5ms
[55.251s][info][gc,phases      ] GC(279)   Post Evacuate Collection Set: 0.8ms
[55.251s][info][gc,phases      ] GC(279)   Other: 0.2ms
[55.251s][info][gc,heap        ] GC(279) Eden regions: 507->0(507)
[55.251s][info][gc,heap        ] GC(279) Survivor regions: 1->1(64)
[55.251s][info][gc,heap        ] GC(279) Old regions: 169->169
[55.251s][info][gc,heap        ] GC(279) Archive regions: 0->0
[55.251s][info][gc,heap        ] GC(279) Humongous regions: 12->12
[55.251s][info][gc,metaspace   ] GC(279) Metaspace: 61272K(62144K)->61272K(62144K) NonClass: 53691K(54144K)->53691K(54144K) Class: 7581K(8000K)->7581K(8000K)
[55.251s][info][gc             ] GC(279) Pause Young (Normal) (G1 Evacuation Pause) 682M->175M(847M) 2.392ms
[55.251s][info][gc,cpu         ] GC(279) User=0.00s Sys=0.00s Real=0.00s
[55.297s][info][gc,start       ] GC(280) Pause Full (System.gc())
[55.297s][info][gc,task        ] GC(280) Using 20 workers of 33 for full compaction
[55.298s][info][gc,phases,start] GC(280) Phase 1: Mark live objects
[55.335s][info][gc,phases      ] GC(280) Phase 1: Mark live objects 37.631ms
[55.335s][info][gc,phases,start] GC(280) Phase 2: Prepare compaction
[55.340s][info][gc,phases      ] GC(280) Phase 2: Prepare compaction 4.928ms
[55.340s][info][gc,phases,start] GC(280) Phase 3: Adjust pointers
[55.349s][info][gc,phases      ] GC(280) Phase 3: Adjust pointers 9.149ms
[55.350s][info][gc,phases,start] GC(280) Phase 4: Compact heap
[55.350s][info][gc,phases      ] GC(280) Phase 4: Compact heap 0.365ms
[55.359s][info][gc,heap        ] GC(280) Eden regions: 43->0(370)
[55.359s][info][gc,heap        ] GC(280) Survivor regions: 1->0(64)
[55.359s][info][gc,heap        ] GC(280) Old regions: 169->173
[55.359s][info][gc,heap        ] GC(280) Archive regions: 0->0
[55.359s][info][gc,heap        ] GC(280) Humongous regions: 17->12
[55.359s][info][gc,metaspace   ] GC(280) Metaspace: 61280K(62208K)->61280K(62208K) NonClass: 53698K(54208K)->53698K(54208K) Class: 7581K(8000K)->7581K(8000K)
[55.359s][info][gc             ] GC(280) Pause Full (System.gc()) 222M->174M(617M) 62.188ms
[55.359s][info][gc,cpu         ] GC(280) User=0.97s Sys=0.00s Real=0.06s
[55.534s][info][gc,start       ] GC(281) Pause Young (Normal) (G1 Evacuation Pause)
[55.534s][info][gc,task        ] GC(281) Using 17 workers of 33 for evacuation
[55.536s][info][gc,phases      ] GC(281)   Pre Evacuate Collection Set: 0.2ms
[55.536s][info][gc,phases      ] GC(281)   Merge Heap Roots: 0.1ms
[55.536s][info][gc,phases      ] GC(281)   Evacuate Collection Set: 0.5ms
[55.536s][info][gc,phases      ] GC(281)   Post Evacuate Collection Set: 0.6ms
[55.536s][info][gc,phases      ] GC(281)   Other: 0.1ms
[55.536s][info][gc,heap        ] GC(281) Eden regions: 370->0(369)
[55.536s][info][gc,heap        ] GC(281) Survivor regions: 0->1(47)
[55.536s][info][gc,heap        ] GC(281) Old regions: 173->173
[55.536s][info][gc,heap        ] GC(281) Archive regions: 0->0
[55.536s][info][gc,heap        ] GC(281) Humongous regions: 22->12
[55.536s][info][gc,metaspace   ] GC(281) Metaspace: 61312K(62208K)->61312K(62208K) NonClass: 53730K(54208K)->53730K(54208K) Class: 7581K(8000K)->7581K(8000K)
[55.536s][info][gc             ] GC(281) Pause Young (Normal) (G1 Evacuation Pause) 554M->175M(617M) 1.748ms
[55.536s][info][gc,cpu         ] GC(281) User=0.27s Sys=0.00s Real=0.02s
[55.653s][info][gc,start       ] GC(282) Pause Young (Normal) (G1 Evacuation Pause)
[55.654s][info][gc,task        ] GC(282) Using 15 workers of 33 for evacuation
[55.655s][info][gc,phases      ] GC(282)   Pre Evacuate Collection Set: 0.2ms
[55.655s][info][gc,phases      ] GC(282)   Merge Heap Roots: 0.2ms
[55.655s][info][gc,phases      ] GC(282)   Evacuate Collection Set: 0.5ms
[55.655s][info][gc,phases      ] GC(282)   Post Evacuate Collection Set: 0.7ms
[55.655s][info][gc,phases      ] GC(282)   Other: 0.2ms
[55.655s][info][gc,heap        ] GC(282) Eden regions: 369->0(369)
[55.655s][info][gc,heap        ] GC(282) Survivor regions: 1->1(47)
[55.655s][info][gc,heap        ] GC(282) Old regions: 173->173
[55.655s][info][gc,heap        ] GC(282) Archive regions: 0->0
[55.655s][info][gc,heap        ] GC(282) Humongous regions: 12->12
[55.655s][info][gc,metaspace   ] GC(282) Metaspace: 61312K(62208K)->61312K(62208K) NonClass: 53730K(54208K)->53730K(54208K) Class: 7581K(8000K)->7581K(8000K)
[55.656s][info][gc             ] GC(282) Pause Young (Normal) (G1 Evacuation Pause) 544M->175M(617M) 2.125ms
[55.656s][info][gc,cpu         ] GC(282) User=0.00s Sys=0.00s Real=0.00s
[55.788s][info][gc,start       ] GC(283) Pause Young (Normal) (G1 Evacuation Pause)
[55.788s][info][gc,task        ] GC(283) Using 14 workers of 33 for evacuation
[55.790s][info][gc,phases      ] GC(283)   Pre Evacuate Collection Set: 0.2ms
[55.790s][info][gc,phases      ] GC(283)   Merge Heap Roots: 0.2ms
[55.790s][info][gc,phases      ] GC(283)   Evacuate Collection Set: 0.5ms
[55.790s][info][gc,phases      ] GC(283)   Post Evacuate Collection Set: 0.7ms
[55.790s][info][gc,phases      ] GC(283)   Other: 0.2ms
[55.790s][info][gc,heap        ] GC(283) Eden regions: 369->0(369)
[55.790s][info][gc,heap        ] GC(283) Survivor regions: 1->1(47)
[55.790s][info][gc,heap        ] GC(283) Old regions: 173->173
[55.790s][info][gc,heap        ] GC(283) Archive regions: 0->0
[55.790s][info][gc,heap        ] GC(283) Humongous regions: 12->12
[55.790s][info][gc,metaspace   ] GC(283) Metaspace: 61312K(62208K)->61312K(62208K) NonClass: 53730K(54208K)->53730K(54208K) Class: 7581K(8000K)->7581K(8000K)
[55.790s][info][gc             ] GC(283) Pause Young (Normal) (G1 Evacuation Pause) 544M->175M(617M) 2.166ms
[55.790s][info][gc,cpu         ] GC(283) User=0.00s Sys=0.00s Real=0.00s
[55.907s][info][gc,start       ] GC(284) Pause Young (Normal) (G1 Evacuation Pause)
[55.907s][info][gc,task        ] GC(284) Using 14 workers of 33 for evacuation
[55.909s][info][gc,phases      ] GC(284)   Pre Evacuate Collection Set: 0.2ms
[55.909s][info][gc,phases      ] GC(284)   Merge Heap Roots: 0.1ms
[55.909s][info][gc,phases      ] GC(284)   Evacuate Collection Set: 0.5ms
[55.909s][info][gc,phases      ] GC(284)   Post Evacuate Collection Set: 0.7ms
[55.909s][info][gc,phases      ] GC(284)   Other: 0.2ms
[55.909s][info][gc,heap        ] GC(284) Eden regions: 369->0(369)
[55.909s][info][gc,heap        ] GC(284) Survivor regions: 1->1(47)
[55.909s][info][gc,heap        ] GC(284) Old regions: 173->173
[55.909s][info][gc,heap        ] GC(284) Archive regions: 0->0
[55.909s][info][gc,heap        ] GC(284) Humongous regions: 12->12
[55.909s][info][gc,metaspace   ] GC(284) Metaspace: 61312K(62208K)->61312K(62208K) NonClass: 53730K(54208K)->53730K(54208K) Class: 7581K(8000K)->7581K(8000K)
[55.909s][info][gc             ] GC(284) Pause Young (Normal) (G1 Evacuation Pause) 544M->175M(617M) 2.131ms
[55.910s][info][gc,cpu         ] GC(284) User=0.00s Sys=0.00s Real=0.00s
[56.034s][info][gc,start       ] GC(285) Pause Young (Normal) (G1 Evacuation Pause)
[56.034s][info][gc,task        ] GC(285) Using 14 workers of 33 for evacuation
[56.036s][info][gc,phases      ] GC(285)   Pre Evacuate Collection Set: 0.2ms
[56.036s][info][gc,phases      ] GC(285)   Merge Heap Roots: 0.1ms
[56.036s][info][gc,phases      ] GC(285)   Evacuate Collection Set: 0.5ms
[56.036s][info][gc,phases      ] GC(285)   Post Evacuate Collection Set: 0.7ms
[56.036s][info][gc,phases      ] GC(285)   Other: 0.2ms
[56.036s][info][gc,heap        ] GC(285) Eden regions: 369->0(369)
[56.036s][info][gc,heap        ] GC(285) Survivor regions: 1->1(47)
[56.036s][info][gc,heap        ] GC(285) Old regions: 173->173
[56.036s][info][gc,heap        ] GC(285) Archive regions: 0->0
[56.036s][info][gc,heap        ] GC(285) Humongous regions: 12->12
[56.036s][info][gc,metaspace   ] GC(285) Metaspace: 61312K(62208K)->61312K(62208K) NonClass: 53730K(54208K)->53730K(54208K) Class: 7581K(8000K)->7581K(8000K)
[56.036s][info][gc             ] GC(285) Pause Young (Normal) (G1 Evacuation Pause) 544M->175M(617M) 2.051ms
[56.036s][info][gc,cpu         ] GC(285) User=0.00s Sys=0.00s Real=0.00s
[56.085s][info][gc,start       ] GC(286) Pause Full (System.gc())
[56.085s][info][gc,task        ] GC(286) Using 14 workers of 33 for full compaction
[56.086s][info][gc,phases,start] GC(286) Phase 1: Mark live objects
[56.125s][info][gc,phases      ] GC(286) Phase 1: Mark live objects 38.953ms
[56.125s][info][gc,phases,start] GC(286) Phase 2: Prepare compaction
[56.130s][info][gc,phases      ] GC(286) Phase 2: Prepare compaction 5.229ms
[56.130s][info][gc,phases,start] GC(286) Phase 3: Adjust pointers
[56.139s][info][gc,phases      ] GC(286) Phase 3: Adjust pointers 8.625ms
[56.139s][info][gc,phases,start] GC(286) Phase 4: Compact heap
[56.139s][info][gc,phases      ] GC(286) Phase 4: Compact heap 0.387ms
[56.147s][info][gc,heap        ] GC(286) Eden regions: 80->0(362)
[56.147s][info][gc,heap        ] GC(286) Survivor regions: 1->0(47)
[56.147s][info][gc,heap        ] GC(286) Old regions: 173->169
[56.147s][info][gc,heap        ] GC(286) Archive regions: 0->0
[56.147s][info][gc,heap        ] GC(286) Humongous regions: 17->12
[56.147s][info][gc,metaspace   ] GC(286) Metaspace: 61334K(62208K)->61334K(62208K) NonClass: 53752K(54208K)->53752K(54208K) Class: 7581K(8000K)->7581K(8000K)
[56.147s][info][gc             ] GC(286) Pause Full (System.gc()) 260M->174M(604M) 61.705ms
[56.147s][info][gc,cpu         ] GC(286) User=0.67s Sys=0.00s Real=0.06s
[56.320s][info][gc,start       ] GC(287) Pause Young (Normal) (G1 Evacuation Pause)
[56.320s][info][gc,task        ] GC(287) Using 14 workers of 33 for evacuation
[56.321s][info][gc,phases      ] GC(287)   Pre Evacuate Collection Set: 0.2ms
[56.322s][info][gc,phases      ] GC(287)   Merge Heap Roots: 0.2ms
[56.322s][info][gc,phases      ] GC(287)   Evacuate Collection Set: 0.5ms
[56.322s][info][gc,phases      ] GC(287)   Post Evacuate Collection Set: 0.7ms
[56.322s][info][gc,phases      ] GC(287)   Other: 0.2ms
[56.322s][info][gc,heap        ] GC(287) Eden regions: 362->0(361)
[56.322s][info][gc,heap        ] GC(287) Survivor regions: 0->1(46)
[56.322s][info][gc,heap        ] GC(287) Old regions: 169->169
[56.322s][info][gc,heap        ] GC(287) Archive regions: 0->0
[56.322s][info][gc,heap        ] GC(287) Humongous regions: 22->12
[56.322s][info][gc,metaspace   ] GC(287) Metaspace: 61343K(62208K)->61343K(62208K) NonClass: 53762K(54208K)->53762K(54208K) Class: 7581K(8000K)->7581K(8000K)
[56.322s][info][gc             ] GC(287) Pause Young (Normal) (G1 Evacuation Pause) 546M->175M(604M) 2.317ms
[56.322s][info][gc,cpu         ] GC(287) User=0.22s Sys=0.00s Real=0.01s
[56.438s][info][gc,start       ] GC(288) Pause Young (Normal) (G1 Evacuation Pause)
[56.438s][info][gc,task        ] GC(288) Using 14 workers of 33 for evacuation
[56.440s][info][gc,phases      ] GC(288)   Pre Evacuate Collection Set: 0.2ms
[56.440s][info][gc,phases      ] GC(288)   Merge Heap Roots: 0.1ms
[56.440s][info][gc,phases      ] GC(288)   Evacuate Collection Set: 0.5ms
[56.440s][info][gc,phases      ] GC(288)   Post Evacuate Collection Set: 0.7ms
[56.440s][info][gc,phases      ] GC(288)   Other: 0.2ms
[56.440s][info][gc,heap        ] GC(288) Eden regions: 361->0(361)
[56.440s][info][gc,heap        ] GC(288) Survivor regions: 1->1(46)
[56.440s][info][gc,heap        ] GC(288) Old regions: 169->169
[56.440s][info][gc,heap        ] GC(288) Archive regions: 0->0
[56.440s][info][gc,heap        ] GC(288) Humongous regions: 12->12
[56.440s][info][gc,metaspace   ] GC(288) Metaspace: 61343K(62208K)->61343K(62208K) NonClass: 53762K(54208K)->53762K(54208K) Class: 7581K(8000K)->7581K(8000K)
[56.440s][info][gc             ] GC(288) Pause Young (Normal) (G1 Evacuation Pause) 536M->175M(604M) 2.115ms
[56.440s][info][gc,cpu         ] GC(288) User=0.00s Sys=0.00s Real=0.00s
[56.556s][info][gc,start       ] GC(289) Pause Young (Normal) (G1 Evacuation Pause)
[56.556s][info][gc,task        ] GC(289) Using 14 workers of 33 for evacuation
[56.557s][info][gc,phases      ] GC(289)   Pre Evacuate Collection Set: 0.2ms
[56.557s][info][gc,phases      ] GC(289)   Merge Heap Roots: 0.1ms
[56.557s][info][gc,phases      ] GC(289)   Evacuate Collection Set: 0.4ms
[56.557s][info][gc,phases      ] GC(289)   Post Evacuate Collection Set: 0.5ms
[56.557s][info][gc,phases      ] GC(289)   Other: 0.2ms
[56.557s][info][gc,heap        ] GC(289) Eden regions: 361->0(361)
[56.557s][info][gc,heap        ] GC(289) Survivor regions: 1->1(46)
[56.558s][info][gc,heap        ] GC(289) Old regions: 169->169
[56.558s][info][gc,heap        ] GC(289) Archive regions: 0->0
[56.558s][info][gc,heap        ] GC(289) Humongous regions: 12->12
[56.558s][info][gc,metaspace   ] GC(289) Metaspace: 61343K(62208K)->61343K(62208K) NonClass: 53762K(54208K)->53762K(54208K) Class: 7581K(8000K)->7581K(8000K)
[56.558s][info][gc             ] GC(289) Pause Young (Normal) (G1 Evacuation Pause) 536M->175M(604M) 1.918ms
[56.558s][info][gc,cpu         ] GC(289) User=0.00s Sys=0.00s Real=0.00s
[56.673s][info][gc,start       ] GC(290) Pause Young (Normal) (G1 Evacuation Pause)
[56.673s][info][gc,task        ] GC(290) Using 14 workers of 33 for evacuation
[56.674s][info][gc,phases      ] GC(290)   Pre Evacuate Collection Set: 0.2ms
[56.674s][info][gc,phases      ] GC(290)   Merge Heap Roots: 0.1ms
[56.674s][info][gc,phases      ] GC(290)   Evacuate Collection Set: 0.4ms
[56.674s][info][gc,phases      ] GC(290)   Post Evacuate Collection Set: 0.7ms
[56.674s][info][gc,phases      ] GC(290)   Other: 0.2ms
[56.674s][info][gc,heap        ] GC(290) Eden regions: 361->0(361)
[56.674s][info][gc,heap        ] GC(290) Survivor regions: 1->1(46)
[56.674s][info][gc,heap        ] GC(290) Old regions: 169->169
[56.674s][info][gc,heap        ] GC(290) Archive regions: 0->0
[56.674s][info][gc,heap        ] GC(290) Humongous regions: 12->12
[56.674s][info][gc,metaspace   ] GC(290) Metaspace: 61343K(62208K)->61343K(62208K) NonClass: 53762K(54208K)->53762K(54208K) Class: 7581K(8000K)->7581K(8000K)
[56.675s][info][gc             ] GC(290) Pause Young (Normal) (G1 Evacuation Pause) 536M->175M(604M) 2.017ms
[56.675s][info][gc,cpu         ] GC(290) User=0.00s Sys=0.00s Real=0.00s
[56.805s][info][gc,start       ] GC(291) Pause Young (Normal) (G1 Evacuation Pause)
[56.805s][info][gc,task        ] GC(291) Using 14 workers of 33 for evacuation
[56.807s][info][gc,phases      ] GC(291)   Pre Evacuate Collection Set: 0.2ms
[56.807s][info][gc,phases      ] GC(291)   Merge Heap Roots: 0.2ms
[56.807s][info][gc,phases      ] GC(291)   Evacuate Collection Set: 0.4ms
[56.807s][info][gc,phases      ] GC(291)   Post Evacuate Collection Set: 0.6ms
[56.807s][info][gc,phases      ] GC(291)   Other: 0.2ms
[56.807s][info][gc,heap        ] GC(291) Eden regions: 361->0(361)
[56.807s][info][gc,heap        ] GC(291) Survivor regions: 1->1(46)
[56.807s][info][gc,heap        ] GC(291) Old regions: 169->169
[56.807s][info][gc,heap        ] GC(291) Archive regions: 0->0
[56.807s][info][gc,heap        ] GC(291) Humongous regions: 12->12
[56.807s][info][gc,metaspace   ] GC(291) Metaspace: 61343K(62208K)->61343K(62208K) NonClass: 53762K(54208K)->53762K(54208K) Class: 7581K(8000K)->7581K(8000K)
[56.807s][info][gc             ] GC(291) Pause Young (Normal) (G1 Evacuation Pause) 536M->175M(604M) 1.981ms
[56.807s][info][gc,cpu         ] GC(291) User=0.00s Sys=0.00s Real=0.00s
[56.899s][info][gc,start       ] GC(292) Pause Full (System.gc())
[56.899s][info][gc,task        ] GC(292) Using 14 workers of 33 for full compaction
[56.899s][info][gc,phases,start] GC(292) Phase 1: Mark live objects
[56.939s][info][gc,phases      ] GC(292) Phase 1: Mark live objects 39.605ms
[56.939s][info][gc,phases,start] GC(292) Phase 2: Prepare compaction
[56.944s][info][gc,phases      ] GC(292) Phase 2: Prepare compaction 5.211ms
[56.944s][info][gc,phases,start] GC(292) Phase 3: Adjust pointers
[56.953s][info][gc,phases      ] GC(292) Phase 3: Adjust pointers 9.016ms
[56.953s][info][gc,phases,start] GC(292) Phase 4: Compact heap
[56.954s][info][gc,phases      ] GC(292) Phase 4: Compact heap 0.505ms
[56.963s][info][gc,heap        ] GC(292) Eden regions: 120->0(362)
[56.963s][info][gc,heap        ] GC(292) Survivor regions: 1->0(46)
[56.963s][info][gc,heap        ] GC(292) Old regions: 169->170
[56.963s][info][gc,heap        ] GC(292) Archive regions: 0->0
[56.963s][info][gc,heap        ] GC(292) Humongous regions: 17->12
[56.963s][info][gc,metaspace   ] GC(292) Metaspace: 61346K(62272K)->61346K(62272K) NonClass: 53765K(54272K)->53765K(54272K) Class: 7581K(8000K)->7581K(8000K)
[56.963s][info][gc             ] GC(292) Pause Full (System.gc()) 299M->174M(604M) 64.199ms
[56.963s][info][gc,cpu         ] GC(292) User=0.67s Sys=0.00s Real=0.06s
[57.132s][info][gc,start       ] GC(293) Pause Young (Normal) (G1 Evacuation Pause)
[57.133s][info][gc,task        ] GC(293) Using 14 workers of 33 for evacuation
[57.137s][info][gc,phases      ] GC(293)   Pre Evacuate Collection Set: 0.3ms
[57.137s][info][gc,phases      ] GC(293)   Merge Heap Roots: 0.2ms
[57.137s][info][gc,phases      ] GC(293)   Evacuate Collection Set: 0.5ms
[57.137s][info][gc,phases      ] GC(293)   Post Evacuate Collection Set: 3.5ms
[57.137s][info][gc,phases      ] GC(293)   Other: 0.2ms
[57.137s][info][gc,heap        ] GC(293) Eden regions: 362->0(492)
[57.137s][info][gc,heap        ] GC(293) Survivor regions: 0->1(46)
[57.137s][info][gc,heap        ] GC(293) Old regions: 170->170
[57.137s][info][gc,heap        ] GC(293) Archive regions: 0->0
[57.137s][info][gc,heap        ] GC(293) Humongous regions: 22->12
[57.137s][info][gc,metaspace   ] GC(293) Metaspace: 61348K(62272K)->61348K(62272K) NonClass: 53767K(54272K)->53767K(54272K) Class: 7581K(8000K)->7581K(8000K)
[57.138s][info][gc             ] GC(293) Pause Young (Normal) (G1 Evacuation Pause) 546M->175M(822M) 5.123ms
[57.138s][info][gc,cpu         ] GC(293) User=0.00s Sys=0.00s Real=0.00s
[57.349s][info][gc,start       ] GC(294) Pause Young (Normal) (G1 Evacuation Pause)
[57.349s][info][gc,task        ] GC(294) Using 19 workers of 33 for evacuation
[57.351s][info][gc,phases      ] GC(294)   Pre Evacuate Collection Set: 0.2ms
[57.351s][info][gc,phases      ] GC(294)   Merge Heap Roots: 0.2ms
[57.351s][info][gc,phases      ] GC(294)   Evacuate Collection Set: 0.5ms
[57.351s][info][gc,phases      ] GC(294)   Post Evacuate Collection Set: 0.8ms
[57.351s][info][gc,phases      ] GC(294)   Other: 0.2ms
[57.351s][info][gc,heap        ] GC(294) Eden regions: 492->0(492)
[57.351s][info][gc,heap        ] GC(294) Survivor regions: 1->1(62)
[57.351s][info][gc,heap        ] GC(294) Old regions: 170->170
[57.351s][info][gc,heap        ] GC(294) Archive regions: 0->0
[57.351s][info][gc,heap        ] GC(294) Humongous regions: 12->12
[57.351s][info][gc,metaspace   ] GC(294) Metaspace: 61348K(62272K)->61348K(62272K) NonClass: 53767K(54272K)->53767K(54272K) Class: 7581K(8000K)->7581K(8000K)
[57.351s][info][gc             ] GC(294) Pause Young (Normal) (G1 Evacuation Pause) 667M->175M(822M) 2.324ms
[57.351s][info][gc,cpu         ] GC(294) User=0.00s Sys=0.00s Real=0.00s
[57.517s][info][gc,start       ] GC(295) Pause Young (Normal) (G1 Evacuation Pause)
[57.518s][info][gc,task        ] GC(295) Using 19 workers of 33 for evacuation
[57.519s][info][gc,phases      ] GC(295)   Pre Evacuate Collection Set: 0.2ms
[57.519s][info][gc,phases      ] GC(295)   Merge Heap Roots: 0.2ms
[57.519s][info][gc,phases      ] GC(295)   Evacuate Collection Set: 0.4ms
[57.519s][info][gc,phases      ] GC(295)   Post Evacuate Collection Set: 0.8ms
[57.519s][info][gc,phases      ] GC(295)   Other: 0.2ms
[57.519s][info][gc,heap        ] GC(295) Eden regions: 492->0(492)
[57.520s][info][gc,heap        ] GC(295) Survivor regions: 1->1(62)
[57.520s][info][gc,heap        ] GC(295) Old regions: 170->170
[57.520s][info][gc,heap        ] GC(295) Archive regions: 0->0
[57.520s][info][gc,heap        ] GC(295) Humongous regions: 12->12
[57.520s][info][gc,metaspace   ] GC(295) Metaspace: 61348K(62272K)->61348K(62272K) NonClass: 53767K(54272K)->53767K(54272K) Class: 7581K(8000K)->7581K(8000K)
[57.520s][info][gc             ] GC(295) Pause Young (Normal) (G1 Evacuation Pause) 667M->175M(822M) 2.187ms
[57.520s][info][gc,cpu         ] GC(295) User=0.00s Sys=0.00s Real=0.00s
[57.676s][info][gc,start       ] GC(296) Pause Young (Normal) (G1 Evacuation Pause)
[57.676s][info][gc,task        ] GC(296) Using 19 workers of 33 for evacuation
[57.678s][info][gc,phases      ] GC(296)   Pre Evacuate Collection Set: 0.2ms
[57.678s][info][gc,phases      ] GC(296)   Merge Heap Roots: 0.2ms
[57.678s][info][gc,phases      ] GC(296)   Evacuate Collection Set: 0.4ms
[57.678s][info][gc,phases      ] GC(296)   Post Evacuate Collection Set: 0.8ms
[57.678s][info][gc,phases      ] GC(296)   Other: 0.2ms
[57.678s][info][gc,heap        ] GC(296) Eden regions: 492->0(492)
[57.678s][info][gc,heap        ] GC(296) Survivor regions: 1->1(62)
[57.678s][info][gc,heap        ] GC(296) Old regions: 170->170
[57.678s][info][gc,heap        ] GC(296) Archive regions: 0->0
[57.678s][info][gc,heap        ] GC(296) Humongous regions: 12->12
[57.678s][info][gc,metaspace   ] GC(296) Metaspace: 61348K(62272K)->61348K(62272K) NonClass: 53767K(54272K)->53767K(54272K) Class: 7581K(8000K)->7581K(8000K)
[57.678s][info][gc             ] GC(296) Pause Young (Normal) (G1 Evacuation Pause) 667M->175M(822M) 2.265ms
[57.678s][info][gc,cpu         ] GC(296) User=0.03s Sys=0.00s Real=0.02s
[57.743s][info][gc,start       ] GC(297) Pause Full (System.gc())
[57.743s][info][gc,task        ] GC(297) Using 19 workers of 33 for full compaction
[57.744s][info][gc,phases,start] GC(297) Phase 1: Mark live objects
[57.782s][info][gc,phases      ] GC(297) Phase 1: Mark live objects 38.264ms
[57.782s][info][gc,phases,start] GC(297) Phase 2: Prepare compaction
[57.787s][info][gc,phases      ] GC(297) Phase 2: Prepare compaction 4.932ms
[57.787s][info][gc,phases,start] GC(297) Phase 3: Adjust pointers
[57.797s][info][gc,phases      ] GC(297) Phase 3: Adjust pointers 9.622ms
[57.797s][info][gc,phases,start] GC(297) Phase 4: Compact heap
[57.797s][info][gc,phases      ] GC(297) Phase 4: Compact heap 0.432ms
[57.806s][info][gc,heap        ] GC(297) Eden regions: 88->0(370)
[57.806s][info][gc,heap        ] GC(297) Survivor regions: 1->0(62)
[57.806s][info][gc,heap        ] GC(297) Old regions: 170->173
[57.806s][info][gc,heap        ] GC(297) Archive regions: 0->0
[57.806s][info][gc,heap        ] GC(297) Humongous regions: 17->12
[57.806s][info][gc,metaspace   ] GC(297) Metaspace: 61358K(62272K)->61358K(62272K) NonClass: 53776K(54272K)->53776K(54272K) Class: 7581K(8000K)->7581K(8000K)
[57.806s][info][gc             ] GC(297) Pause Full (System.gc()) 268M->174M(617M) 62.921ms
[57.806s][info][gc,cpu         ] GC(297) User=0.63s Sys=0.00s Real=0.06s
[57.984s][info][gc,start       ] GC(298) Pause Young (Normal) (G1 Evacuation Pause)
[57.984s][info][gc,task        ] GC(298) Using 16 workers of 33 for evacuation
[57.986s][info][gc,phases      ] GC(298)   Pre Evacuate Collection Set: 0.2ms
[57.986s][info][gc,phases      ] GC(298)   Merge Heap Roots: 0.1ms
[57.986s][info][gc,phases      ] GC(298)   Evacuate Collection Set: 0.5ms
[57.986s][info][gc,phases      ] GC(298)   Post Evacuate Collection Set: 0.7ms
[57.986s][info][gc,phases      ] GC(298)   Other: 0.2ms
[57.986s][info][gc,heap        ] GC(298) Eden regions: 370->0(369)
[57.986s][info][gc,heap        ] GC(298) Survivor regions: 0->1(47)
[57.986s][info][gc,heap        ] GC(298) Old regions: 173->173
[57.986s][info][gc,heap        ] GC(298) Archive regions: 0->0
[57.986s][info][gc,heap        ] GC(298) Humongous regions: 22->12
[57.986s][info][gc,metaspace   ] GC(298) Metaspace: 61378K(62272K)->61378K(62272K) NonClass: 53797K(54272K)->53797K(54272K) Class: 7581K(8000K)->7581K(8000K)
[57.986s][info][gc             ] GC(298) Pause Young (Normal) (G1 Evacuation Pause) 554M->175M(617M) 2.356ms
[57.986s][info][gc,cpu         ] GC(298) User=0.00s Sys=0.00s Real=0.00s
[58.112s][info][gc,start       ] GC(299) Pause Young (Normal) (G1 Evacuation Pause)
[58.113s][info][gc,task        ] GC(299) Using 15 workers of 33 for evacuation
[58.115s][info][gc,phases      ] GC(299)   Pre Evacuate Collection Set: 0.2ms
[58.115s][info][gc,phases      ] GC(299)   Merge Heap Roots: 0.1ms
[58.115s][info][gc,phases      ] GC(299)   Evacuate Collection Set: 0.5ms
[58.115s][info][gc,phases      ] GC(299)   Post Evacuate Collection Set: 0.7ms
[58.115s][info][gc,phases      ] GC(299)   Other: 0.2ms
[58.115s][info][gc,heap        ] GC(299) Eden regions: 369->0(369)
[58.115s][info][gc,heap        ] GC(299) Survivor regions: 1->1(47)
[58.115s][info][gc,heap        ] GC(299) Old regions: 173->173
[58.115s][info][gc,heap        ] GC(299) Archive regions: 0->0
[58.115s][info][gc,heap        ] GC(299) Humongous regions: 12->12
[58.115s][info][gc,metaspace   ] GC(299) Metaspace: 61378K(62272K)->61378K(62272K) NonClass: 53797K(54272K)->53797K(54272K) Class: 7581K(8000K)->7581K(8000K)
[58.115s][info][gc             ] GC(299) Pause Young (Normal) (G1 Evacuation Pause) 544M->175M(617M) 3.185ms
[58.115s][info][gc,cpu         ] GC(299) User=0.00s Sys=0.00s Real=0.00s
[58.233s][info][gc,start       ] GC(300) Pause Young (Normal) (G1 Evacuation Pause)
[58.233s][info][gc,task        ] GC(300) Using 14 workers of 33 for evacuation
[58.235s][info][gc,phases      ] GC(300)   Pre Evacuate Collection Set: 0.2ms
[58.235s][info][gc,phases      ] GC(300)   Merge Heap Roots: 0.1ms
[58.235s][info][gc,phases      ] GC(300)   Evacuate Collection Set: 0.5ms
[58.235s][info][gc,phases      ] GC(300)   Post Evacuate Collection Set: 0.5ms
[58.235s][info][gc,phases      ] GC(300)   Other: 0.2ms
[58.235s][info][gc,heap        ] GC(300) Eden regions: 369->0(369)
[58.235s][info][gc,heap        ] GC(300) Survivor regions: 1->1(47)
[58.235s][info][gc,heap        ] GC(300) Old regions: 173->173
[58.235s][info][gc,heap        ] GC(300) Archive regions: 0->0
[58.235s][info][gc,heap        ] GC(300) Humongous regions: 12->12
[58.235s][info][gc,metaspace   ] GC(300) Metaspace: 61378K(62272K)->61378K(62272K) NonClass: 53797K(54272K)->53797K(54272K) Class: 7581K(8000K)->7581K(8000K)
[58.235s][info][gc             ] GC(300) Pause Young (Normal) (G1 Evacuation Pause) 544M->175M(617M) 1.889ms
[58.235s][info][gc,cpu         ] GC(300) User=0.00s Sys=0.00s Real=0.00s
[58.353s][info][gc,start       ] GC(301) Pause Young (Normal) (G1 Evacuation Pause)
[58.354s][info][gc,task        ] GC(301) Using 14 workers of 33 for evacuation
[58.355s][info][gc,phases      ] GC(301)   Pre Evacuate Collection Set: 0.2ms
[58.355s][info][gc,phases      ] GC(301)   Merge Heap Roots: 0.1ms
[58.355s][info][gc,phases      ] GC(301)   Evacuate Collection Set: 0.4ms
[58.355s][info][gc,phases      ] GC(301)   Post Evacuate Collection Set: 0.6ms
[58.355s][info][gc,phases      ] GC(301)   Other: 0.2ms
[58.355s][info][gc,heap        ] GC(301) Eden regions: 369->0(369)
[58.355s][info][gc,heap        ] GC(301) Survivor regions: 1->1(47)
[58.355s][info][gc,heap        ] GC(301) Old regions: 173->173
[58.355s][info][gc,heap        ] GC(301) Archive regions: 0->0
[58.355s][info][gc,heap        ] GC(301) Humongous regions: 12->12
[58.355s][info][gc,metaspace   ] GC(301) Metaspace: 61378K(62272K)->61378K(62272K) NonClass: 53797K(54272K)->53797K(54272K) Class: 7581K(8000K)->7581K(8000K)
[58.355s][info][gc             ] GC(301) Pause Young (Normal) (G1 Evacuation Pause) 544M->175M(617M) 1.867ms
[58.355s][info][gc,cpu         ] GC(301) User=0.00s Sys=0.00s Real=0.00s
[58.473s][info][gc,start       ] GC(302) Pause Young (Normal) (G1 Evacuation Pause)
[58.473s][info][gc,task        ] GC(302) Using 14 workers of 33 for evacuation
[58.474s][info][gc,phases      ] GC(302)   Pre Evacuate Collection Set: 0.2ms
[58.474s][info][gc,phases      ] GC(302)   Merge Heap Roots: 0.1ms
[58.474s][info][gc,phases      ] GC(302)   Evacuate Collection Set: 0.5ms
[58.474s][info][gc,phases      ] GC(302)   Post Evacuate Collection Set: 0.7ms
[58.474s][info][gc,phases      ] GC(302)   Other: 0.2ms
[58.474s][info][gc,heap        ] GC(302) Eden regions: 369->0(369)
[58.474s][info][gc,heap        ] GC(302) Survivor regions: 1->1(47)
[58.474s][info][gc,heap        ] GC(302) Old regions: 173->173
[58.474s][info][gc,heap        ] GC(302) Archive regions: 0->0
[58.474s][info][gc,heap        ] GC(302) Humongous regions: 12->12
[58.475s][info][gc,metaspace   ] GC(302) Metaspace: 61378K(62272K)->61378K(62272K) NonClass: 53797K(54272K)->53797K(54272K) Class: 7581K(8000K)->7581K(8000K)
[58.475s][info][gc             ] GC(302) Pause Young (Normal) (G1 Evacuation Pause) 544M->175M(617M) 2.048ms
[58.475s][info][gc,cpu         ] GC(302) User=0.00s Sys=0.00s Real=0.00s
[58.534s][info][gc,start       ] GC(303) Pause Full (System.gc())
[58.534s][info][gc,task        ] GC(303) Using 14 workers of 33 for full compaction
[58.535s][info][gc,phases,start] GC(303) Phase 1: Mark live objects
[58.578s][info][gc,phases      ] GC(303) Phase 1: Mark live objects 43.793ms
[58.578s][info][gc,phases,start] GC(303) Phase 2: Prepare compaction
[58.584s][info][gc,phases      ] GC(303) Phase 2: Prepare compaction 5.373ms
[58.584s][info][gc,phases,start] GC(303) Phase 3: Adjust pointers
[58.594s][info][gc,phases      ] GC(303) Phase 3: Adjust pointers 9.667ms
[58.594s][info][gc,phases,start] GC(303) Phase 4: Compact heap
[58.594s][info][gc,phases      ] GC(303) Phase 4: Compact heap 0.445ms
[58.603s][info][gc,heap        ] GC(303) Eden regions: 80->0(364)
[58.603s][info][gc,heap        ] GC(303) Survivor regions: 1->0(47)
[58.603s][info][gc,heap        ] GC(303) Old regions: 173->170
[58.603s][info][gc,heap        ] GC(303) Archive regions: 0->0
[58.603s][info][gc,heap        ] GC(303) Humongous regions: 17->12
[58.603s][info][gc,metaspace   ] GC(303) Metaspace: 61394K(62272K)->61394K(62272K) NonClass: 53812K(54272K)->53812K(54272K) Class: 7581K(8000K)->7581K(8000K)
[58.603s][info][gc             ] GC(303) Pause Full (System.gc()) 260M->174M(607M) 69.393ms
[58.603s][info][gc,cpu         ] GC(303) User=0.89s Sys=0.00s Real=0.07s
[58.782s][info][gc,start       ] GC(304) Pause Young (Normal) (G1 Evacuation Pause)
[58.782s][info][gc,task        ] GC(304) Using 14 workers of 33 for evacuation
[58.784s][info][gc,phases      ] GC(304)   Pre Evacuate Collection Set: 0.3ms
[58.784s][info][gc,phases      ] GC(304)   Merge Heap Roots: 0.2ms
[58.784s][info][gc,phases      ] GC(304)   Evacuate Collection Set: 0.5ms
[58.784s][info][gc,phases      ] GC(304)   Post Evacuate Collection Set: 0.7ms
[58.784s][info][gc,phases      ] GC(304)   Other: 0.2ms
[58.784s][info][gc,heap        ] GC(304) Eden regions: 364->0(363)
[58.784s][info][gc,heap        ] GC(304) Survivor regions: 0->1(46)
[58.784s][info][gc,heap        ] GC(304) Old regions: 170->170
[58.784s][info][gc,heap        ] GC(304) Archive regions: 0->0
[58.784s][info][gc,heap        ] GC(304) Humongous regions: 22->12
[58.784s][info][gc,metaspace   ] GC(304) Metaspace: 61446K(62336K)->61446K(62336K) NonClass: 53864K(54336K)->53864K(54336K) Class: 7581K(8000K)->7581K(8000K)
[58.784s][info][gc             ] GC(304) Pause Young (Normal) (G1 Evacuation Pause) 548M->175M(607M) 2.352ms
[58.784s][info][gc,cpu         ] GC(304) User=0.00s Sys=0.00s Real=0.00s
[58.907s][info][gc,start       ] GC(305) Pause Young (Normal) (G1 Evacuation Pause)
[58.907s][info][gc,task        ] GC(305) Using 14 workers of 33 for evacuation
[58.908s][info][gc,phases      ] GC(305)   Pre Evacuate Collection Set: 0.2ms
[58.908s][info][gc,phases      ] GC(305)   Merge Heap Roots: 0.2ms
[58.908s][info][gc,phases      ] GC(305)   Evacuate Collection Set: 0.5ms
[58.908s][info][gc,phases      ] GC(305)   Post Evacuate Collection Set: 0.7ms
[58.908s][info][gc,phases      ] GC(305)   Other: 0.2ms
[58.908s][info][gc,heap        ] GC(305) Eden regions: 363->0(363)
[58.909s][info][gc,heap        ] GC(305) Survivor regions: 1->1(46)
[58.909s][info][gc,heap        ] GC(305) Old regions: 170->170
[58.909s][info][gc,heap        ] GC(305) Archive regions: 0->0
[58.909s][info][gc,heap        ] GC(305) Humongous regions: 12->12
[58.909s][info][gc,metaspace   ] GC(305) Metaspace: 61446K(62336K)->61446K(62336K) NonClass: 53864K(54336K)->53864K(54336K) Class: 7581K(8000K)->7581K(8000K)
[58.909s][info][gc             ] GC(305) Pause Young (Normal) (G1 Evacuation Pause) 538M->175M(607M) 2.152ms
[58.909s][info][gc,cpu         ] GC(305) User=0.00s Sys=0.00s Real=0.00s
[59.031s][info][gc,start       ] GC(306) Pause Young (Normal) (G1 Evacuation Pause)
[59.031s][info][gc,task        ] GC(306) Using 14 workers of 33 for evacuation
[59.032s][info][gc,phases      ] GC(306)   Pre Evacuate Collection Set: 0.2ms
[59.032s][info][gc,phases      ] GC(306)   Merge Heap Roots: 0.1ms
[59.033s][info][gc,phases      ] GC(306)   Evacuate Collection Set: 0.4ms
[59.033s][info][gc,phases      ] GC(306)   Post Evacuate Collection Set: 0.7ms
[59.033s][info][gc,phases      ] GC(306)   Other: 0.2ms
[59.033s][info][gc,heap        ] GC(306) Eden regions: 363->0(363)
[59.033s][info][gc,heap        ] GC(306) Survivor regions: 1->1(46)
[59.033s][info][gc,heap        ] GC(306) Old regions: 170->170
[59.033s][info][gc,heap        ] GC(306) Archive regions: 0->0
[59.033s][info][gc,heap        ] GC(306) Humongous regions: 12->12
[59.033s][info][gc,metaspace   ] GC(306) Metaspace: 61446K(62336K)->61446K(62336K) NonClass: 53864K(54336K)->53864K(54336K) Class: 7581K(8000K)->7581K(8000K)
[59.033s][info][gc             ] GC(306) Pause Young (Normal) (G1 Evacuation Pause) 538M->175M(607M) 2.094ms
[59.033s][info][gc,cpu         ] GC(306) User=0.00s Sys=0.00s Real=0.00s
[59.153s][info][gc,start       ] GC(307) Pause Young (Normal) (G1 Evacuation Pause)
[59.153s][info][gc,task        ] GC(307) Using 14 workers of 33 for evacuation
[59.155s][info][gc,phases      ] GC(307)   Pre Evacuate Collection Set: 0.2ms
[59.155s][info][gc,phases      ] GC(307)   Merge Heap Roots: 0.2ms
[59.155s][info][gc,phases      ] GC(307)   Evacuate Collection Set: 0.4ms
[59.155s][info][gc,phases      ] GC(307)   Post Evacuate Collection Set: 0.7ms
[59.155s][info][gc,phases      ] GC(307)   Other: 0.2ms
[59.155s][info][gc,heap        ] GC(307) Eden regions: 363->0(363)
[59.155s][info][gc,heap        ] GC(307) Survivor regions: 1->1(46)
[59.155s][info][gc,heap        ] GC(307) Old regions: 170->170
[59.155s][info][gc,heap        ] GC(307) Archive regions: 0->0
[59.155s][info][gc,heap        ] GC(307) Humongous regions: 12->12
[59.155s][info][gc,metaspace   ] GC(307) Metaspace: 61446K(62336K)->61446K(62336K) NonClass: 53864K(54336K)->53864K(54336K) Class: 7581K(8000K)->7581K(8000K)
[59.155s][info][gc             ] GC(307) Pause Young (Normal) (G1 Evacuation Pause) 538M->175M(607M) 2.024ms
[59.155s][info][gc,cpu         ] GC(307) User=0.00s Sys=0.00s Real=0.00s
[59.279s][info][gc,start       ] GC(308) Pause Young (Normal) (G1 Evacuation Pause)
[59.279s][info][gc,task        ] GC(308) Using 14 workers of 33 for evacuation
[59.281s][info][gc,phases      ] GC(308)   Pre Evacuate Collection Set: 0.2ms
[59.281s][info][gc,phases      ] GC(308)   Merge Heap Roots: 0.2ms
[59.281s][info][gc,phases      ] GC(308)   Evacuate Collection Set: 0.5ms
[59.281s][info][gc,phases      ] GC(308)   Post Evacuate Collection Set: 0.6ms
[59.281s][info][gc,phases      ] GC(308)   Other: 0.2ms
[59.281s][info][gc,heap        ] GC(308) Eden regions: 363->0(363)
[59.281s][info][gc,heap        ] GC(308) Survivor regions: 1->1(46)
[59.281s][info][gc,heap        ] GC(308) Old regions: 170->170
[59.281s][info][gc,heap        ] GC(308) Archive regions: 0->0
[59.281s][info][gc,heap        ] GC(308) Humongous regions: 12->12
[59.281s][info][gc,metaspace   ] GC(308) Metaspace: 61446K(62336K)->61446K(62336K) NonClass: 53864K(54336K)->53864K(54336K) Class: 7581K(8000K)->7581K(8000K)
[59.281s][info][gc             ] GC(308) Pause Young (Normal) (G1 Evacuation Pause) 538M->175M(607M) 2.059ms
[59.281s][info][gc,cpu         ] GC(308) User=0.00s Sys=0.00s Real=0.00s
[59.345s][info][gc,start       ] GC(309) Pause Full (System.gc())
[59.345s][info][gc,task        ] GC(309) Using 14 workers of 33 for full compaction
[59.346s][info][gc,phases,start] GC(309) Phase 1: Mark live objects
[59.386s][info][gc,phases      ] GC(309) Phase 1: Mark live objects 40.429ms
[59.386s][info][gc,phases,start] GC(309) Phase 2: Prepare compaction
[59.392s][info][gc,phases      ] GC(309) Phase 2: Prepare compaction 5.494ms
[59.392s][info][gc,phases,start] GC(309) Phase 3: Adjust pointers
[59.402s][info][gc,phases      ] GC(309) Phase 3: Adjust pointers 9.792ms
[59.402s][info][gc,phases,start] GC(309) Phase 4: Compact heap
[59.402s][info][gc,phases      ] GC(309) Phase 4: Compact heap 0.556ms
[59.411s][info][gc,heap        ] GC(309) Eden regions: 110->0(364)
[59.412s][info][gc,heap        ] GC(309) Survivor regions: 1->0(46)
[59.412s][info][gc,heap        ] GC(309) Old regions: 170->170
[59.412s][info][gc,heap        ] GC(309) Archive regions: 0->0
[59.412s][info][gc,heap        ] GC(309) Humongous regions: 17->12
[59.412s][info][gc,metaspace   ] GC(309) Metaspace: 61463K(62336K)->61463K(62336K) NonClass: 53881K(54336K)->53881K(54336K) Class: 7581K(8000K)->7581K(8000K)
[59.412s][info][gc             ] GC(309) Pause Full (System.gc()) 289M->174M(607M) 66.680ms
[59.412s][info][gc,cpu         ] GC(309) User=0.67s Sys=0.00s Real=0.06s
[59.588s][info][gc,start       ] GC(310) Pause Young (Normal) (G1 Evacuation Pause)
[59.588s][info][gc,task        ] GC(310) Using 14 workers of 33 for evacuation
[59.593s][info][gc,phases      ] GC(310)   Pre Evacuate Collection Set: 0.2ms
[59.593s][info][gc,phases      ] GC(310)   Merge Heap Roots: 0.1ms
[59.593s][info][gc,phases      ] GC(310)   Evacuate Collection Set: 0.5ms
[59.593s][info][gc,phases      ] GC(310)   Post Evacuate Collection Set: 4.3ms
[59.593s][info][gc,phases      ] GC(310)   Other: 0.2ms
[59.593s][info][gc,heap        ] GC(310) Eden regions: 364->0(512)
[59.593s][info][gc,heap        ] GC(310) Survivor regions: 0->1(46)
[59.593s][info][gc,heap        ] GC(310) Old regions: 170->170
[59.593s][info][gc,heap        ] GC(310) Archive regions: 0->0
[59.593s][info][gc,heap        ] GC(310) Humongous regions: 22->12
[59.594s][info][gc,metaspace   ] GC(310) Metaspace: 61465K(62336K)->61465K(62336K) NonClass: 53884K(54336K)->53884K(54336K) Class: 7581K(8000K)->7581K(8000K)
[59.594s][info][gc             ] GC(310) Pause Young (Normal) (G1 Evacuation Pause) 548M->175M(855M) 5.965ms
[59.594s][info][gc,cpu         ] GC(310) User=0.22s Sys=0.00s Real=0.02s
[59.817s][info][gc,start       ] GC(311) Pause Young (Normal) (G1 Evacuation Pause)
[59.818s][info][gc,task        ] GC(311) Using 20 workers of 33 for evacuation
[59.819s][info][gc,phases      ] GC(311)   Pre Evacuate Collection Set: 0.2ms
[59.819s][info][gc,phases      ] GC(311)   Merge Heap Roots: 0.2ms
[59.819s][info][gc,phases      ] GC(311)   Evacuate Collection Set: 0.5ms
[59.820s][info][gc,phases      ] GC(311)   Post Evacuate Collection Set: 0.8ms
[59.820s][info][gc,phases      ] GC(311)   Other: 0.2ms
[59.820s][info][gc,heap        ] GC(311) Eden regions: 512->0(512)
[59.820s][info][gc,heap        ] GC(311) Survivor regions: 1->1(65)
[59.820s][info][gc,heap        ] GC(311) Old regions: 170->170
[59.820s][info][gc,heap        ] GC(311) Archive regions: 0->0
[59.820s][info][gc,heap        ] GC(311) Humongous regions: 12->12
[59.820s][info][gc,metaspace   ] GC(311) Metaspace: 61465K(62336K)->61465K(62336K) NonClass: 53884K(54336K)->53884K(54336K) Class: 7581K(8000K)->7581K(8000K)
[59.820s][info][gc             ] GC(311) Pause Young (Normal) (G1 Evacuation Pause) 687M->175M(855M) 2.369ms
[59.820s][info][gc,cpu         ] GC(311) User=0.00s Sys=0.00s Real=0.00s
[59.991s][info][gc,start       ] GC(312) Pause Young (Normal) (G1 Evacuation Pause)
[59.991s][info][gc,task        ] GC(312) Using 20 workers of 33 for evacuation
[59.993s][info][gc,phases      ] GC(312)   Pre Evacuate Collection Set: 0.2ms
[59.993s][info][gc,phases      ] GC(312)   Merge Heap Roots: 0.2ms
[59.993s][info][gc,phases      ] GC(312)   Evacuate Collection Set: 0.5ms
[59.993s][info][gc,phases      ] GC(312)   Post Evacuate Collection Set: 0.8ms
[59.993s][info][gc,phases      ] GC(312)   Other: 0.2ms
[59.993s][info][gc,heap        ] GC(312) Eden regions: 512->0(512)
[59.993s][info][gc,heap        ] GC(312) Survivor regions: 1->1(65)
[59.993s][info][gc,heap        ] GC(312) Old regions: 170->170
[59.993s][info][gc,heap        ] GC(312) Archive regions: 0->0
[59.993s][info][gc,heap        ] GC(312) Humongous regions: 12->12
[59.993s][info][gc,metaspace   ] GC(312) Metaspace: 61465K(62336K)->61465K(62336K) NonClass: 53884K(54336K)->53884K(54336K) Class: 7581K(8000K)->7581K(8000K)
[59.993s][info][gc             ] GC(312) Pause Young (Normal) (G1 Evacuation Pause) 687M->175M(855M) 2.325ms
[59.993s][info][gc,cpu         ] GC(312) User=0.00s Sys=0.00s Real=0.00s
[60.180s][info][gc,start       ] GC(313) Pause Young (Normal) (G1 Evacuation Pause)
[60.180s][info][gc,task        ] GC(313) Using 20 workers of 33 for evacuation
[60.182s][info][gc,phases      ] GC(313)   Pre Evacuate Collection Set: 0.2ms
[60.182s][info][gc,phases      ] GC(313)   Merge Heap Roots: 0.2ms
[60.182s][info][gc,phases      ] GC(313)   Evacuate Collection Set: 0.5ms
[60.182s][info][gc,phases      ] GC(313)   Post Evacuate Collection Set: 0.7ms
[60.182s][info][gc,phases      ] GC(313)   Other: 0.2ms
[60.182s][info][gc,heap        ] GC(313) Eden regions: 512->0(512)
[60.182s][info][gc,heap        ] GC(313) Survivor regions: 1->1(65)
[60.182s][info][gc,heap        ] GC(313) Old regions: 170->170
[60.182s][info][gc,heap        ] GC(313) Archive regions: 0->0
[60.182s][info][gc,heap        ] GC(313) Humongous regions: 12->12
[60.182s][info][gc,metaspace   ] GC(313) Metaspace: 61465K(62336K)->61465K(62336K) NonClass: 53884K(54336K)->53884K(54336K) Class: 7581K(8000K)->7581K(8000K)
[60.183s][info][gc             ] GC(313) Pause Young (Normal) (G1 Evacuation Pause) 687M->175M(855M) 2.232ms
[60.183s][info][gc,cpu         ] GC(313) User=0.00s Sys=0.00s Real=0.00s
[60.233s][info][gc,start       ] GC(314) Pause Full (System.gc())
[60.233s][info][gc,task        ] GC(314) Using 20 workers of 33 for full compaction
[60.234s][info][gc,phases,start] GC(314) Phase 1: Mark live objects
[60.272s][info][gc,phases      ] GC(314) Phase 1: Mark live objects 38.233ms
[60.272s][info][gc,phases,start] GC(314) Phase 2: Prepare compaction
[60.277s][info][gc,phases      ] GC(314) Phase 2: Prepare compaction 4.805ms
[60.277s][info][gc,phases,start] GC(314) Phase 3: Adjust pointers
[60.286s][info][gc,phases      ] GC(314) Phase 3: Adjust pointers 9.542ms
[60.286s][info][gc,phases,start] GC(314) Phase 4: Compact heap
[60.287s][info][gc,phases      ] GC(314) Phase 4: Compact heap 0.362ms
[60.297s][info][gc,heap        ] GC(314) Eden regions: 26->0(366)
[60.297s][info][gc,heap        ] GC(314) Survivor regions: 1->0(65)
[60.297s][info][gc,heap        ] GC(314) Old regions: 170->171
[60.297s][info][gc,heap        ] GC(314) Archive regions: 0->0
[60.297s][info][gc,heap        ] GC(314) Humongous regions: 17->12
[60.297s][info][gc,metaspace   ] GC(314) Metaspace: 61466K(62336K)->61466K(62336K) NonClass: 53884K(54336K)->53884K(54336K) Class: 7581K(8000K)->7581K(8000K)
[60.297s][info][gc             ] GC(314) Pause Full (System.gc()) 205M->175M(610M) 64.002ms
[60.297s][info][gc,cpu         ] GC(314) User=0.95s Sys=0.00s Real=0.06s
[60.480s][info][gc,start       ] GC(315) Pause Young (Normal) (G1 Evacuation Pause)
[60.480s][info][gc,task        ] GC(315) Using 17 workers of 33 for evacuation
[60.482s][info][gc,phases      ] GC(315)   Pre Evacuate Collection Set: 0.2ms
[60.482s][info][gc,phases      ] GC(315)   Merge Heap Roots: 0.1ms
[60.482s][info][gc,phases      ] GC(315)   Evacuate Collection Set: 0.5ms
[60.482s][info][gc,phases      ] GC(315)   Post Evacuate Collection Set: 0.6ms
[60.482s][info][gc,phases      ] GC(315)   Other: 0.2ms
[60.482s][info][gc,heap        ] GC(315) Eden regions: 366->0(365)
[60.482s][info][gc,heap        ] GC(315) Survivor regions: 0->1(46)
[60.482s][info][gc,heap        ] GC(315) Old regions: 171->171
[60.482s][info][gc,heap        ] GC(315) Archive regions: 0->0
[60.482s][info][gc,heap        ] GC(315) Humongous regions: 22->12
[60.482s][info][gc,metaspace   ] GC(315) Metaspace: 61466K(62336K)->61466K(62336K) NonClass: 53884K(54336K)->53884K(54336K) Class: 7581K(8000K)->7581K(8000K)
[60.483s][info][gc             ] GC(315) Pause Young (Normal) (G1 Evacuation Pause) 551M->175M(610M) 2.242ms
[60.483s][info][gc,cpu         ] GC(315) User=0.00s Sys=0.00s Real=0.00s
[60.604s][info][gc,start       ] GC(316) Pause Young (Normal) (G1 Evacuation Pause)
[60.604s][info][gc,task        ] GC(316) Using 15 workers of 33 for evacuation
[60.606s][info][gc,phases      ] GC(316)   Pre Evacuate Collection Set: 0.2ms
[60.606s][info][gc,phases      ] GC(316)   Merge Heap Roots: 0.1ms
[60.606s][info][gc,phases      ] GC(316)   Evacuate Collection Set: 0.5ms
[60.606s][info][gc,phases      ] GC(316)   Post Evacuate Collection Set: 0.7ms
[60.606s][info][gc,phases      ] GC(316)   Other: 0.2ms
[60.606s][info][gc,heap        ] GC(316) Eden regions: 365->0(365)
[60.606s][info][gc,heap        ] GC(316) Survivor regions: 1->1(46)
[60.606s][info][gc,heap        ] GC(316) Old regions: 171->171
[60.606s][info][gc,heap        ] GC(316) Archive regions: 0->0
[60.606s][info][gc,heap        ] GC(316) Humongous regions: 12->12
[60.606s][info][gc,metaspace   ] GC(316) Metaspace: 61466K(62336K)->61466K(62336K) NonClass: 53884K(54336K)->53884K(54336K) Class: 7581K(8000K)->7581K(8000K)
[60.606s][info][gc             ] GC(316) Pause Young (Normal) (G1 Evacuation Pause) 540M->175M(610M) 2.171ms
[60.606s][info][gc,cpu         ] GC(316) User=0.00s Sys=0.00s Real=0.00s
[60.733s][info][gc,start       ] GC(317) Pause Young (Normal) (G1 Evacuation Pause)
[60.733s][info][gc,task        ] GC(317) Using 14 workers of 33 for evacuation
[60.735s][info][gc,phases      ] GC(317)   Pre Evacuate Collection Set: 0.2ms
[60.735s][info][gc,phases      ] GC(317)   Merge Heap Roots: 0.1ms
[60.735s][info][gc,phases      ] GC(317)   Evacuate Collection Set: 0.4ms
[60.735s][info][gc,phases      ] GC(317)   Post Evacuate Collection Set: 0.7ms
[60.735s][info][gc,phases      ] GC(317)   Other: 0.2ms
[60.735s][info][gc,heap        ] GC(317) Eden regions: 365->0(365)
[60.735s][info][gc,heap        ] GC(317) Survivor regions: 1->1(46)
[60.735s][info][gc,heap        ] GC(317) Old regions: 171->171
[60.735s][info][gc,heap        ] GC(317) Archive regions: 0->0
[60.735s][info][gc,heap        ] GC(317) Humongous regions: 12->12
[60.735s][info][gc,metaspace   ] GC(317) Metaspace: 61466K(62336K)->61466K(62336K) NonClass: 53884K(54336K)->53884K(54336K) Class: 7581K(8000K)->7581K(8000K)
[60.735s][info][gc             ] GC(317) Pause Young (Normal) (G1 Evacuation Pause) 540M->175M(610M) 2.062ms
[60.735s][info][gc,cpu         ] GC(317) User=0.00s Sys=0.00s Real=0.00s
[60.857s][info][gc,start       ] GC(318) Pause Young (Normal) (G1 Evacuation Pause)
[60.858s][info][gc,task        ] GC(318) Using 14 workers of 33 for evacuation
[60.859s][info][gc,phases      ] GC(318)   Pre Evacuate Collection Set: 0.2ms
[60.859s][info][gc,phases      ] GC(318)   Merge Heap Roots: 0.1ms
[60.859s][info][gc,phases      ] GC(318)   Evacuate Collection Set: 0.4ms
[60.859s][info][gc,phases      ] GC(318)   Post Evacuate Collection Set: 0.7ms
[60.859s][info][gc,phases      ] GC(318)   Other: 0.2ms
[60.859s][info][gc,heap        ] GC(318) Eden regions: 365->0(365)
[60.859s][info][gc,heap        ] GC(318) Survivor regions: 1->1(46)
[60.859s][info][gc,heap        ] GC(318) Old regions: 171->171
[60.859s][info][gc,heap        ] GC(318) Archive regions: 0->0
[60.859s][info][gc,heap        ] GC(318) Humongous regions: 12->12
[60.859s][info][gc,metaspace   ] GC(318) Metaspace: 61466K(62336K)->61466K(62336K) NonClass: 53884K(54336K)->53884K(54336K) Class: 7581K(8000K)->7581K(8000K)
[60.860s][info][gc             ] GC(318) Pause Young (Normal) (G1 Evacuation Pause) 540M->175M(610M) 2.045ms
[60.860s][info][gc,cpu         ] GC(318) User=0.00s Sys=0.00s Real=0.00s
[60.978s][info][gc,start       ] GC(319) Pause Young (Normal) (G1 Evacuation Pause)
[60.978s][info][gc,task        ] GC(319) Using 14 workers of 33 for evacuation
[60.980s][info][gc,phases      ] GC(319)   Pre Evacuate Collection Set: 0.2ms
[60.980s][info][gc,phases      ] GC(319)   Merge Heap Roots: 0.1ms
[60.980s][info][gc,phases      ] GC(319)   Evacuate Collection Set: 0.4ms
[60.980s][info][gc,phases      ] GC(319)   Post Evacuate Collection Set: 0.7ms
[60.980s][info][gc,phases      ] GC(319)   Other: 0.2ms
[60.980s][info][gc,heap        ] GC(319) Eden regions: 365->0(365)
[60.980s][info][gc,heap        ] GC(319) Survivor regions: 1->1(46)
[60.980s][info][gc,heap        ] GC(319) Old regions: 171->171
[60.980s][info][gc,heap        ] GC(319) Archive regions: 0->0
[60.980s][info][gc,heap        ] GC(319) Humongous regions: 12->12
[60.980s][info][gc,metaspace   ] GC(319) Metaspace: 61466K(62336K)->61466K(62336K) NonClass: 53884K(54336K)->53884K(54336K) Class: 7581K(8000K)->7581K(8000K)
[60.980s][info][gc             ] GC(319) Pause Young (Normal) (G1 Evacuation Pause) 540M->175M(610M) 2.200ms
[60.980s][info][gc,cpu         ] GC(319) User=0.00s Sys=0.00s Real=0.00s
[61.034s][info][gc,start       ] GC(320) Pause Full (System.gc())
[61.034s][info][gc,task        ] GC(320) Using 14 workers of 33 for full compaction
[61.035s][info][gc,phases,start] GC(320) Phase 1: Mark live objects
[61.078s][info][gc,phases      ] GC(320) Phase 1: Mark live objects 43.160ms
[61.078s][info][gc,phases,start] GC(320) Phase 2: Prepare compaction
[61.084s][info][gc,phases      ] GC(320) Phase 2: Prepare compaction 5.379ms
[61.084s][info][gc,phases,start] GC(320) Phase 3: Adjust pointers
[61.093s][info][gc,phases      ] GC(320) Phase 3: Adjust pointers 9.741ms
[61.093s][info][gc,phases,start] GC(320) Phase 4: Compact heap
[61.094s][info][gc,phases      ] GC(320) Phase 4: Compact heap 0.402ms
[61.101s][info][gc,heap        ] GC(320) Eden regions: 100->0(366)
[61.102s][info][gc,heap        ] GC(320) Survivor regions: 1->0(46)
[61.102s][info][gc,heap        ] GC(320) Old regions: 171->171
[61.102s][info][gc,heap        ] GC(320) Archive regions: 0->0
[61.102s][info][gc,heap        ] GC(320) Humongous regions: 17->12
[61.102s][info][gc,metaspace   ] GC(320) Metaspace: 61466K(62336K)->61466K(62336K) NonClass: 53885K(54336K)->53885K(54336K) Class: 7581K(8000K)->7581K(8000K)
[61.102s][info][gc             ] GC(320) Pause Full (System.gc()) 279M->175M(610M) 67.480ms
[61.102s][info][gc,cpu         ] GC(320) User=0.67s Sys=0.00s Real=0.06s
[61.274s][info][gc,start       ] GC(321) Pause Young (Normal) (G1 Evacuation Pause)
[61.274s][info][gc,task        ] GC(321) Using 14 workers of 33 for evacuation
[61.276s][info][gc,phases      ] GC(321)   Pre Evacuate Collection Set: 0.2ms
[61.276s][info][gc,phases      ] GC(321)   Merge Heap Roots: 0.1ms
[61.276s][info][gc,phases      ] GC(321)   Evacuate Collection Set: 0.5ms
[61.276s][info][gc,phases      ] GC(321)   Post Evacuate Collection Set: 0.5ms
[61.276s][info][gc,phases      ] GC(321)   Other: 0.1ms
[61.276s][info][gc,heap        ] GC(321) Eden regions: 366->0(365)
[61.276s][info][gc,heap        ] GC(321) Survivor regions: 0->1(46)
[61.276s][info][gc,heap        ] GC(321) Old regions: 171->171
[61.276s][info][gc,heap        ] GC(321) Archive regions: 0->0
[61.276s][info][gc,heap        ] GC(321) Humongous regions: 22->12
[61.276s][info][gc,metaspace   ] GC(321) Metaspace: 61470K(62336K)->61470K(62336K) NonClass: 53889K(54336K)->53889K(54336K) Class: 7581K(8000K)->7581K(8000K)
[61.276s][info][gc             ] GC(321) Pause Young (Normal) (G1 Evacuation Pause) 551M->175M(610M) 1.714ms
[61.276s][info][gc,cpu         ] GC(321) User=0.00s Sys=0.00s Real=0.00s
[61.415s][info][gc,start       ] GC(322) Pause Young (Normal) (G1 Evacuation Pause)
[61.415s][info][gc,task        ] GC(322) Using 14 workers of 33 for evacuation
[61.417s][info][gc,phases      ] GC(322)   Pre Evacuate Collection Set: 0.2ms
[61.417s][info][gc,phases      ] GC(322)   Merge Heap Roots: 0.1ms
[61.417s][info][gc,phases      ] GC(322)   Evacuate Collection Set: 0.5ms
[61.417s][info][gc,phases      ] GC(322)   Post Evacuate Collection Set: 0.7ms
[61.417s][info][gc,phases      ] GC(322)   Other: 0.2ms
[61.417s][info][gc,heap        ] GC(322) Eden regions: 365->0(365)
[61.417s][info][gc,heap        ] GC(322) Survivor regions: 1->1(46)
[61.417s][info][gc,heap        ] GC(322) Old regions: 171->171
[61.417s][info][gc,heap        ] GC(322) Archive regions: 0->0
[61.417s][info][gc,heap        ] GC(322) Humongous regions: 12->12
[61.417s][info][gc,metaspace   ] GC(322) Metaspace: 61470K(62336K)->61470K(62336K) NonClass: 53889K(54336K)->53889K(54336K) Class: 7581K(8000K)->7581K(8000K)
[61.417s][info][gc             ] GC(322) Pause Young (Normal) (G1 Evacuation Pause) 540M->175M(610M) 2.127ms
[61.417s][info][gc,cpu         ] GC(322) User=0.00s Sys=0.00s Real=0.00s
[61.545s][info][gc,start       ] GC(323) Pause Young (Normal) (G1 Evacuation Pause)
[61.546s][info][gc,task        ] GC(323) Using 14 workers of 33 for evacuation
[61.547s][info][gc,phases      ] GC(323)   Pre Evacuate Collection Set: 0.2ms
[61.547s][info][gc,phases      ] GC(323)   Merge Heap Roots: 0.1ms
[61.547s][info][gc,phases      ] GC(323)   Evacuate Collection Set: 0.5ms
[61.547s][info][gc,phases      ] GC(323)   Post Evacuate Collection Set: 0.7ms
[61.547s][info][gc,phases      ] GC(323)   Other: 0.2ms
[61.547s][info][gc,heap        ] GC(323) Eden regions: 365->0(365)
[61.547s][info][gc,heap        ] GC(323) Survivor regions: 1->1(46)
[61.547s][info][gc,heap        ] GC(323) Old regions: 171->171
[61.547s][info][gc,heap        ] GC(323) Archive regions: 0->0
[61.547s][info][gc,heap        ] GC(323) Humongous regions: 12->12
[61.548s][info][gc,metaspace   ] GC(323) Metaspace: 61470K(62336K)->61470K(62336K) NonClass: 53889K(54336K)->53889K(54336K) Class: 7581K(8000K)->7581K(8000K)
[61.548s][info][gc             ] GC(323) Pause Young (Normal) (G1 Evacuation Pause) 540M->175M(610M) 2.090ms
[61.548s][info][gc,cpu         ] GC(323) User=0.22s Sys=0.00s Real=0.02s
[61.664s][info][gc,start       ] GC(324) Pause Young (Normal) (G1 Evacuation Pause)
[61.664s][info][gc,task        ] GC(324) Using 14 workers of 33 for evacuation
[61.666s][info][gc,phases      ] GC(324)   Pre Evacuate Collection Set: 0.2ms
[61.666s][info][gc,phases      ] GC(324)   Merge Heap Roots: 0.1ms
[61.666s][info][gc,phases      ] GC(324)   Evacuate Collection Set: 0.5ms
[61.666s][info][gc,phases      ] GC(324)   Post Evacuate Collection Set: 0.7ms
[61.666s][info][gc,phases      ] GC(324)   Other: 0.2ms
[61.666s][info][gc,heap        ] GC(324) Eden regions: 365->0(365)
[61.666s][info][gc,heap        ] GC(324) Survivor regions: 1->1(46)
[61.666s][info][gc,heap        ] GC(324) Old regions: 171->171
[61.666s][info][gc,heap        ] GC(324) Archive regions: 0->0
[61.666s][info][gc,heap        ] GC(324) Humongous regions: 12->12
[61.666s][info][gc,metaspace   ] GC(324) Metaspace: 61470K(62336K)->61470K(62336K) NonClass: 53889K(54336K)->53889K(54336K) Class: 7581K(8000K)->7581K(8000K)
[61.666s][info][gc             ] GC(324) Pause Young (Normal) (G1 Evacuation Pause) 540M->175M(610M) 2.099ms
[61.666s][info][gc,cpu         ] GC(324) User=0.00s Sys=0.00s Real=0.00s
[61.791s][info][gc,start       ] GC(325) Pause Young (Normal) (G1 Evacuation Pause)
[61.791s][info][gc,task        ] GC(325) Using 14 workers of 33 for evacuation
[61.793s][info][gc,phases      ] GC(325)   Pre Evacuate Collection Set: 0.2ms
[61.793s][info][gc,phases      ] GC(325)   Merge Heap Roots: 0.2ms
[61.793s][info][gc,phases      ] GC(325)   Evacuate Collection Set: 0.5ms
[61.793s][info][gc,phases      ] GC(325)   Post Evacuate Collection Set: 0.6ms
[61.793s][info][gc,phases      ] GC(325)   Other: 0.2ms
[61.793s][info][gc,heap        ] GC(325) Eden regions: 365->0(365)
[61.793s][info][gc,heap        ] GC(325) Survivor regions: 1->1(46)
[61.793s][info][gc,heap        ] GC(325) Old regions: 171->171
[61.793s][info][gc,heap        ] GC(325) Archive regions: 0->0
[61.793s][info][gc,heap        ] GC(325) Humongous regions: 12->12
[61.793s][info][gc,metaspace   ] GC(325) Metaspace: 61470K(62336K)->61470K(62336K) NonClass: 53889K(54336K)->53889K(54336K) Class: 7581K(8000K)->7581K(8000K)
[61.793s][info][gc             ] GC(325) Pause Young (Normal) (G1 Evacuation Pause) 540M->175M(610M) 2.148ms
[61.793s][info][gc,cpu         ] GC(325) User=0.00s Sys=0.00s Real=0.00s
[61.867s][info][gc,start       ] GC(326) Pause Full (System.gc())
[61.867s][info][gc,task        ] GC(326) Using 14 workers of 33 for full compaction
[61.868s][info][gc,phases,start] GC(326) Phase 1: Mark live objects
[61.907s][info][gc,phases      ] GC(326) Phase 1: Mark live objects 39.482ms
[61.907s][info][gc,phases,start] GC(326) Phase 2: Prepare compaction
[61.913s][info][gc,phases      ] GC(326) Phase 2: Prepare compaction 5.283ms
[61.913s][info][gc,phases,start] GC(326) Phase 3: Adjust pointers
[61.922s][info][gc,phases      ] GC(326) Phase 3: Adjust pointers 9.781ms
[61.922s][info][gc,phases,start] GC(326) Phase 4: Compact heap
[61.923s][info][gc,phases      ] GC(326) Phase 4: Compact heap 0.602ms
[61.931s][info][gc,heap        ] GC(326) Eden regions: 99->0(364)
[61.931s][info][gc,heap        ] GC(326) Survivor regions: 1->0(46)
[61.931s][info][gc,heap        ] GC(326) Old regions: 171->170
[61.931s][info][gc,heap        ] GC(326) Archive regions: 0->0
[61.931s][info][gc,heap        ] GC(326) Humongous regions: 17->12
[61.931s][info][gc,metaspace   ] GC(326) Metaspace: 61475K(62336K)->61475K(62336K) NonClass: 53894K(54336K)->53894K(54336K) Class: 7581K(8000K)->7581K(8000K)
[61.931s][info][gc             ] GC(326) Pause Full (System.gc()) 279M->175M(607M) 64.439ms
[61.931s][info][gc,cpu         ] GC(326) User=0.47s Sys=0.00s Real=0.06s
[62.115s][info][gc,start       ] GC(327) Pause Young (Normal) (G1 Evacuation Pause)
[62.115s][info][gc,task        ] GC(327) Using 14 workers of 33 for evacuation
[62.120s][info][gc,phases      ] GC(327)   Pre Evacuate Collection Set: 0.2ms
[62.120s][info][gc,phases      ] GC(327)   Merge Heap Roots: 0.2ms
[62.120s][info][gc,phases      ] GC(327)   Evacuate Collection Set: 0.5ms
[62.120s][info][gc,phases      ] GC(327)   Post Evacuate Collection Set: 4.0ms
[62.120s][info][gc,phases      ] GC(327)   Other: 0.2ms
[62.120s][info][gc,heap        ] GC(327) Eden regions: 364->0(500)
[62.120s][info][gc,heap        ] GC(327) Survivor regions: 0->1(46)
[62.120s][info][gc,heap        ] GC(327) Old regions: 170->170
[62.120s][info][gc,heap        ] GC(327) Archive regions: 0->0
[62.120s][info][gc,heap        ] GC(327) Humongous regions: 22->12
[62.120s][info][gc,metaspace   ] GC(327) Metaspace: 61478K(62336K)->61478K(62336K) NonClass: 53896K(54336K)->53896K(54336K) Class: 7581K(8000K)->7581K(8000K)
[62.120s][info][gc             ] GC(327) Pause Young (Normal) (G1 Evacuation Pause) 549M->175M(835M) 5.636ms
[62.121s][info][gc,cpu         ] GC(327) User=0.00s Sys=0.06s Real=0.02s
[62.340s][info][gc,start       ] GC(328) Pause Young (Normal) (G1 Evacuation Pause)
[62.340s][info][gc,task        ] GC(328) Using 20 workers of 33 for evacuation
[62.342s][info][gc,phases      ] GC(328)   Pre Evacuate Collection Set: 0.2ms
[62.342s][info][gc,phases      ] GC(328)   Merge Heap Roots: 0.2ms
[62.342s][info][gc,phases      ] GC(328)   Evacuate Collection Set: 0.5ms
[62.342s][info][gc,phases      ] GC(328)   Post Evacuate Collection Set: 0.9ms
[62.342s][info][gc,phases      ] GC(328)   Other: 0.2ms
[62.342s][info][gc,heap        ] GC(328) Eden regions: 500->0(500)
[62.342s][info][gc,heap        ] GC(328) Survivor regions: 1->1(63)
[62.342s][info][gc,heap        ] GC(328) Old regions: 170->170
[62.342s][info][gc,heap        ] GC(328) Archive regions: 0->0
[62.342s][info][gc,heap        ] GC(328) Humongous regions: 12->12
[62.342s][info][gc,metaspace   ] GC(328) Metaspace: 61478K(62336K)->61478K(62336K) NonClass: 53896K(54336K)->53896K(54336K) Class: 7581K(8000K)->7581K(8000K)
[62.342s][info][gc             ] GC(328) Pause Young (Normal) (G1 Evacuation Pause) 675M->175M(835M) 2.421ms
[62.342s][info][gc,cpu         ] GC(328) User=0.03s Sys=0.00s Real=0.02s
[62.517s][info][gc,start       ] GC(329) Pause Young (Normal) (G1 Evacuation Pause)
[62.517s][info][gc,task        ] GC(329) Using 20 workers of 33 for evacuation
[62.519s][info][gc,phases      ] GC(329)   Pre Evacuate Collection Set: 0.2ms
[62.519s][info][gc,phases      ] GC(329)   Merge Heap Roots: 0.2ms
[62.519s][info][gc,phases      ] GC(329)   Evacuate Collection Set: 0.5ms
[62.519s][info][gc,phases      ] GC(329)   Post Evacuate Collection Set: 0.8ms
[62.519s][info][gc,phases      ] GC(329)   Other: 0.2ms
[62.519s][info][gc,heap        ] GC(329) Eden regions: 500->0(500)
[62.519s][info][gc,heap        ] GC(329) Survivor regions: 1->1(63)
[62.519s][info][gc,heap        ] GC(329) Old regions: 170->170
[62.519s][info][gc,heap        ] GC(329) Archive regions: 0->0
[62.519s][info][gc,heap        ] GC(329) Humongous regions: 12->12
[62.519s][info][gc,metaspace   ] GC(329) Metaspace: 61478K(62336K)->61478K(62336K) NonClass: 53896K(54336K)->53896K(54336K) Class: 7581K(8000K)->7581K(8000K)
[62.519s][info][gc             ] GC(329) Pause Young (Normal) (G1 Evacuation Pause) 675M->175M(835M) 2.277ms
[62.519s][info][gc,cpu         ] GC(329) User=0.00s Sys=0.00s Real=0.00s
[62.686s][info][gc,start       ] GC(330) Pause Young (Normal) (G1 Evacuation Pause)
[62.686s][info][gc,task        ] GC(330) Using 20 workers of 33 for evacuation
[62.687s][info][gc,phases      ] GC(330)   Pre Evacuate Collection Set: 0.2ms
[62.688s][info][gc,phases      ] GC(330)   Merge Heap Roots: 0.2ms
[62.688s][info][gc,phases      ] GC(330)   Evacuate Collection Set: 0.5ms
[62.688s][info][gc,phases      ] GC(330)   Post Evacuate Collection Set: 0.8ms
[62.688s][info][gc,phases      ] GC(330)   Other: 0.2ms
[62.688s][info][gc,heap        ] GC(330) Eden regions: 500->0(500)
[62.688s][info][gc,heap        ] GC(330) Survivor regions: 1->1(63)
[62.688s][info][gc,heap        ] GC(330) Old regions: 170->170
[62.688s][info][gc,heap        ] GC(330) Archive regions: 0->0
[62.688s][info][gc,heap        ] GC(330) Humongous regions: 12->12
[62.688s][info][gc,metaspace   ] GC(330) Metaspace: 61478K(62336K)->61478K(62336K) NonClass: 53896K(54336K)->53896K(54336K) Class: 7581K(8000K)->7581K(8000K)
[62.688s][info][gc             ] GC(330) Pause Young (Normal) (G1 Evacuation Pause) 675M->175M(835M) 2.232ms
[62.688s][info][gc,cpu         ] GC(330) User=0.00s Sys=0.00s Real=0.00s
[62.756s][info][gc,start       ] GC(331) Pause Full (System.gc())
[62.756s][info][gc,task        ] GC(331) Using 20 workers of 33 for full compaction
[62.757s][info][gc,phases,start] GC(331) Phase 1: Mark live objects
[62.794s][info][gc,phases      ] GC(331) Phase 1: Mark live objects 37.457ms
[62.794s][info][gc,phases,start] GC(331) Phase 2: Prepare compaction
[62.799s][info][gc,phases      ] GC(331) Phase 2: Prepare compaction 4.789ms
[62.799s][info][gc,phases,start] GC(331) Phase 3: Adjust pointers
[62.809s][info][gc,phases      ] GC(331) Phase 3: Adjust pointers 9.527ms
[62.809s][info][gc,phases,start] GC(331) Phase 4: Compact heap
[62.809s][info][gc,phases      ] GC(331) Phase 4: Compact heap 0.427ms
[62.819s][info][gc,heap        ] GC(331) Eden regions: 62->0(366)
[62.819s][info][gc,heap        ] GC(331) Survivor regions: 1->0(63)
[62.819s][info][gc,heap        ] GC(331) Old regions: 170->171
[62.819s][info][gc,heap        ] GC(331) Archive regions: 0->0
[62.819s][info][gc,heap        ] GC(331) Humongous regions: 17->12
[62.819s][info][gc,metaspace   ] GC(331) Metaspace: 61487K(62400K)->61487K(62400K) NonClass: 53905K(54400K)->53905K(54400K) Class: 7581K(8000K)->7581K(8000K)
[62.819s][info][gc             ] GC(331) Pause Full (System.gc()) 241M->175M(610M) 63.394ms
[62.819s][info][gc,cpu         ] GC(331) User=1.30s Sys=0.00s Real=0.07s
[62.994s][info][gc,start       ] GC(332) Pause Young (Normal) (G1 Evacuation Pause)
[62.995s][info][gc,task        ] GC(332) Using 17 workers of 33 for evacuation
[62.996s][info][gc,phases      ] GC(332)   Pre Evacuate Collection Set: 0.2ms
[62.996s][info][gc,phases      ] GC(332)   Merge Heap Roots: 0.1ms
[62.996s][info][gc,phases      ] GC(332)   Evacuate Collection Set: 0.5ms
[62.996s][info][gc,phases      ] GC(332)   Post Evacuate Collection Set: 0.6ms
[62.996s][info][gc,phases      ] GC(332)   Other: 0.2ms
[62.996s][info][gc,heap        ] GC(332) Eden regions: 366->0(365)
[62.996s][info][gc,heap        ] GC(332) Survivor regions: 0->1(46)
[62.996s][info][gc,heap        ] GC(332) Old regions: 171->171
[62.996s][info][gc,heap        ] GC(332) Archive regions: 0->0
[62.996s][info][gc,heap        ] GC(332) Humongous regions: 22->12
[62.996s][info][gc,metaspace   ] GC(332) Metaspace: 61494K(62464K)->61494K(62464K) NonClass: 53913K(54464K)->53913K(54464K) Class: 7581K(8000K)->7581K(8000K)
[62.997s][info][gc             ] GC(332) Pause Young (Normal) (G1 Evacuation Pause) 551M->175M(610M) 2.117ms
[62.997s][info][gc,cpu         ] GC(332) User=0.00s Sys=0.00s Real=0.00s
[63.120s][info][gc,start       ] GC(333) Pause Young (Normal) (G1 Evacuation Pause)
[63.120s][info][gc,task        ] GC(333) Using 15 workers of 33 for evacuation
[63.122s][info][gc,phases      ] GC(333)   Pre Evacuate Collection Set: 0.2ms
[63.122s][info][gc,phases      ] GC(333)   Merge Heap Roots: 0.1ms
[63.122s][info][gc,phases      ] GC(333)   Evacuate Collection Set: 0.5ms
[63.122s][info][gc,phases      ] GC(333)   Post Evacuate Collection Set: 0.7ms
[63.122s][info][gc,phases      ] GC(333)   Other: 0.2ms
[63.122s][info][gc,heap        ] GC(333) Eden regions: 365->0(365)
[63.122s][info][gc,heap        ] GC(333) Survivor regions: 1->1(46)
[63.122s][info][gc,heap        ] GC(333) Old regions: 171->171
[63.122s][info][gc,heap        ] GC(333) Archive regions: 0->0
[63.122s][info][gc,heap        ] GC(333) Humongous regions: 12->12
[63.122s][info][gc,metaspace   ] GC(333) Metaspace: 61494K(62464K)->61494K(62464K) NonClass: 53913K(54464K)->53913K(54464K) Class: 7581K(8000K)->7581K(8000K)
[63.122s][info][gc             ] GC(333) Pause Young (Normal) (G1 Evacuation Pause) 540M->175M(610M) 2.110ms
[63.122s][info][gc,cpu         ] GC(333) User=0.00s Sys=0.00s Real=0.00s
[63.245s][info][gc,start       ] GC(334) Pause Young (Normal) (G1 Evacuation Pause)
[63.245s][info][gc,task        ] GC(334) Using 14 workers of 33 for evacuation
[63.247s][info][gc,phases      ] GC(334)   Pre Evacuate Collection Set: 0.2ms
[63.247s][info][gc,phases      ] GC(334)   Merge Heap Roots: 0.1ms
[63.247s][info][gc,phases      ] GC(334)   Evacuate Collection Set: 0.4ms
[63.247s][info][gc,phases      ] GC(334)   Post Evacuate Collection Set: 0.7ms
[63.247s][info][gc,phases      ] GC(334)   Other: 0.2ms
[63.247s][info][gc,heap        ] GC(334) Eden regions: 365->0(365)
[63.247s][info][gc,heap        ] GC(334) Survivor regions: 1->1(46)
[63.247s][info][gc,heap        ] GC(334) Old regions: 171->171
[63.247s][info][gc,heap        ] GC(334) Archive regions: 0->0
[63.247s][info][gc,heap        ] GC(334) Humongous regions: 12->12
[63.247s][info][gc,metaspace   ] GC(334) Metaspace: 61494K(62464K)->61494K(62464K) NonClass: 53913K(54464K)->53913K(54464K) Class: 7581K(8000K)->7581K(8000K)
[63.247s][info][gc             ] GC(334) Pause Young (Normal) (G1 Evacuation Pause) 540M->175M(610M) 2.050ms
[63.247s][info][gc,cpu         ] GC(334) User=0.00s Sys=0.00s Real=0.00s
[63.364s][info][gc,start       ] GC(335) Pause Young (Normal) (G1 Evacuation Pause)
[63.364s][info][gc,task        ] GC(335) Using 14 workers of 33 for evacuation
[63.365s][info][gc,phases      ] GC(335)   Pre Evacuate Collection Set: 0.2ms
[63.365s][info][gc,phases      ] GC(335)   Merge Heap Roots: 0.1ms
[63.365s][info][gc,phases      ] GC(335)   Evacuate Collection Set: 0.4ms
[63.365s][info][gc,phases      ] GC(335)   Post Evacuate Collection Set: 0.7ms
[63.365s][info][gc,phases      ] GC(335)   Other: 0.2ms
[63.365s][info][gc,heap        ] GC(335) Eden regions: 365->0(365)
[63.365s][info][gc,heap        ] GC(335) Survivor regions: 1->1(46)
[63.365s][info][gc,heap        ] GC(335) Old regions: 171->171
[63.365s][info][gc,heap        ] GC(335) Archive regions: 0->0
[63.365s][info][gc,heap        ] GC(335) Humongous regions: 12->12
[63.366s][info][gc,metaspace   ] GC(335) Metaspace: 61494K(62464K)->61494K(62464K) NonClass: 53913K(54464K)->53913K(54464K) Class: 7581K(8000K)->7581K(8000K)
[63.366s][info][gc             ] GC(335) Pause Young (Normal) (G1 Evacuation Pause) 540M->175M(610M) 2.062ms
[63.366s][info][gc,cpu         ] GC(335) User=0.00s Sys=0.02s Real=0.00s
[63.482s][info][gc,start       ] GC(336) Pause Young (Normal) (G1 Evacuation Pause)
[63.482s][info][gc,task        ] GC(336) Using 14 workers of 33 for evacuation
[63.484s][info][gc,phases      ] GC(336)   Pre Evacuate Collection Set: 0.2ms
[63.484s][info][gc,phases      ] GC(336)   Merge Heap Roots: 0.1ms
[63.484s][info][gc,phases      ] GC(336)   Evacuate Collection Set: 0.4ms
[63.484s][info][gc,phases      ] GC(336)   Post Evacuate Collection Set: 0.7ms
[63.484s][info][gc,phases      ] GC(336)   Other: 0.2ms
[63.484s][info][gc,heap        ] GC(336) Eden regions: 365->0(365)
[63.484s][info][gc,heap        ] GC(336) Survivor regions: 1->1(46)
[63.484s][info][gc,heap        ] GC(336) Old regions: 171->171
[63.484s][info][gc,heap        ] GC(336) Archive regions: 0->0
[63.484s][info][gc,heap        ] GC(336) Humongous regions: 12->12
[63.484s][info][gc,metaspace   ] GC(336) Metaspace: 61494K(62464K)->61494K(62464K) NonClass: 53913K(54464K)->53913K(54464K) Class: 7581K(8000K)->7581K(8000K)
[63.484s][info][gc             ] GC(336) Pause Young (Normal) (G1 Evacuation Pause) 540M->175M(610M) 2.043ms
[63.484s][info][gc,cpu         ] GC(336) User=0.00s Sys=0.00s Real=0.00s
[63.554s][info][gc,start       ] GC(337) Pause Full (System.gc())
[63.554s][info][gc,task        ] GC(337) Using 14 workers of 33 for full compaction
[63.555s][info][gc,phases,start] GC(337) Phase 1: Mark live objects
[63.593s][info][gc,phases      ] GC(337) Phase 1: Mark live objects 38.117ms
[63.593s][info][gc,phases,start] GC(337) Phase 2: Prepare compaction
[63.598s][info][gc,phases      ] GC(337) Phase 2: Prepare compaction 5.267ms
[63.598s][info][gc,phases,start] GC(337) Phase 3: Adjust pointers
[63.608s][info][gc,phases      ] GC(337) Phase 3: Adjust pointers 9.770ms
[63.608s][info][gc,phases,start] GC(337) Phase 4: Compact heap
[63.609s][info][gc,phases      ] GC(337) Phase 4: Compact heap 0.536ms
[63.618s][info][gc,heap        ] GC(337) Eden regions: 99->0(364)
[63.618s][info][gc,heap        ] GC(337) Survivor regions: 1->0(46)
[63.618s][info][gc,heap        ] GC(337) Old regions: 171->170
[63.618s][info][gc,heap        ] GC(337) Archive regions: 0->0
[63.618s][info][gc,heap        ] GC(337) Humongous regions: 17->12
[63.618s][info][gc,metaspace   ] GC(337) Metaspace: 61497K(62464K)->61497K(62464K) NonClass: 53915K(54464K)->53915K(54464K) Class: 7581K(8000K)->7581K(8000K)
[63.618s][info][gc             ] GC(337) Pause Full (System.gc()) 279M->175M(607M) 63.911ms
[63.618s][info][gc,cpu         ] GC(337) User=0.67s Sys=0.00s Real=0.06s
[63.787s][info][gc,start       ] GC(338) Pause Young (Normal) (G1 Evacuation Pause)
[63.787s][info][gc,task        ] GC(338) Using 14 workers of 33 for evacuation
[63.789s][info][gc,phases      ] GC(338)   Pre Evacuate Collection Set: 0.2ms
[63.789s][info][gc,phases      ] GC(338)   Merge Heap Roots: 0.2ms
[63.789s][info][gc,phases      ] GC(338)   Evacuate Collection Set: 0.5ms
[63.789s][info][gc,phases      ] GC(338)   Post Evacuate Collection Set: 0.6ms
[63.789s][info][gc,phases      ] GC(338)   Other: 0.1ms
[63.789s][info][gc,heap        ] GC(338) Eden regions: 364->0(363)
[63.789s][info][gc,heap        ] GC(338) Survivor regions: 0->1(46)
[63.789s][info][gc,heap        ] GC(338) Old regions: 170->170
[63.789s][info][gc,heap        ] GC(338) Archive regions: 0->0
[63.789s][info][gc,heap        ] GC(338) Humongous regions: 22->12
[63.789s][info][gc,metaspace   ] GC(338) Metaspace: 61497K(62464K)->61497K(62464K) NonClass: 53915K(54464K)->53915K(54464K) Class: 7581K(8000K)->7581K(8000K)
[63.789s][info][gc             ] GC(338) Pause Young (Normal) (G1 Evacuation Pause) 549M->175M(607M) 2.086ms
[63.789s][info][gc,cpu         ] GC(338) User=0.00s Sys=0.00s Real=0.00s
[63.913s][info][gc,start       ] GC(339) Pause Young (Normal) (G1 Evacuation Pause)
[63.913s][info][gc,task        ] GC(339) Using 14 workers of 33 for evacuation
[63.915s][info][gc,phases      ] GC(339)   Pre Evacuate Collection Set: 0.2ms
[63.915s][info][gc,phases      ] GC(339)   Merge Heap Roots: 0.1ms
[63.915s][info][gc,phases      ] GC(339)   Evacuate Collection Set: 0.5ms
[63.915s][info][gc,phases      ] GC(339)   Post Evacuate Collection Set: 0.7ms
[63.915s][info][gc,phases      ] GC(339)   Other: 0.2ms
[63.915s][info][gc,heap        ] GC(339) Eden regions: 363->0(363)
[63.915s][info][gc,heap        ] GC(339) Survivor regions: 1->1(46)
[63.915s][info][gc,heap        ] GC(339) Old regions: 170->170
[63.915s][info][gc,heap        ] GC(339) Archive regions: 0->0
[63.915s][info][gc,heap        ] GC(339) Humongous regions: 12->12
[63.915s][info][gc,metaspace   ] GC(339) Metaspace: 61497K(62464K)->61497K(62464K) NonClass: 53915K(54464K)->53915K(54464K) Class: 7581K(8000K)->7581K(8000K)
[63.915s][info][gc             ] GC(339) Pause Young (Normal) (G1 Evacuation Pause) 538M->175M(607M) 2.142ms
[63.915s][info][gc,cpu         ] GC(339) User=0.00s Sys=0.00s Real=0.00s
[64.039s][info][gc,start       ] GC(340) Pause Young (Normal) (G1 Evacuation Pause)
[64.039s][info][gc,task        ] GC(340) Using 14 workers of 33 for evacuation
[64.040s][info][gc,phases      ] GC(340)   Pre Evacuate Collection Set: 0.2ms
[64.041s][info][gc,phases      ] GC(340)   Merge Heap Roots: 0.1ms
[64.041s][info][gc,phases      ] GC(340)   Evacuate Collection Set: 0.4ms
[64.041s][info][gc,phases      ] GC(340)   Post Evacuate Collection Set: 0.6ms
[64.041s][info][gc,phases      ] GC(340)   Other: 0.2ms
[64.041s][info][gc,heap        ] GC(340) Eden regions: 363->0(363)
[64.041s][info][gc,heap        ] GC(340) Survivor regions: 1->1(46)
[64.041s][info][gc,heap        ] GC(340) Old regions: 170->170
[64.041s][info][gc,heap        ] GC(340) Archive regions: 0->0
[64.041s][info][gc,heap        ] GC(340) Humongous regions: 12->12
[64.041s][info][gc,metaspace   ] GC(340) Metaspace: 61497K(62464K)->61497K(62464K) NonClass: 53915K(54464K)->53915K(54464K) Class: 7581K(8000K)->7581K(8000K)
[64.041s][info][gc             ] GC(340) Pause Young (Normal) (G1 Evacuation Pause) 538M->175M(607M) 1.919ms
[64.041s][info][gc,cpu         ] GC(340) User=0.00s Sys=0.00s Real=0.00s
[64.156s][info][gc,start       ] GC(341) Pause Young (Normal) (G1 Evacuation Pause)
[64.156s][info][gc,task        ] GC(341) Using 14 workers of 33 for evacuation
[64.158s][info][gc,phases      ] GC(341)   Pre Evacuate Collection Set: 0.2ms
[64.158s][info][gc,phases      ] GC(341)   Merge Heap Roots: 0.1ms
[64.158s][info][gc,phases      ] GC(341)   Evacuate Collection Set: 0.5ms
[64.158s][info][gc,phases      ] GC(341)   Post Evacuate Collection Set: 0.6ms
[64.158s][info][gc,phases      ] GC(341)   Other: 0.2ms
[64.158s][info][gc,heap        ] GC(341) Eden regions: 363->0(363)
[64.158s][info][gc,heap        ] GC(341) Survivor regions: 1->1(46)
[64.158s][info][gc,heap        ] GC(341) Old regions: 170->170
[64.158s][info][gc,heap        ] GC(341) Archive regions: 0->0
[64.158s][info][gc,heap        ] GC(341) Humongous regions: 12->12
[64.158s][info][gc,metaspace   ] GC(341) Metaspace: 61497K(62464K)->61497K(62464K) NonClass: 53915K(54464K)->53915K(54464K) Class: 7581K(8000K)->7581K(8000K)
[64.158s][info][gc             ] GC(341) Pause Young (Normal) (G1 Evacuation Pause) 538M->175M(607M) 1.981ms
[64.158s][info][gc,cpu         ] GC(341) User=0.00s Sys=0.00s Real=0.00s
[64.274s][info][gc,start       ] GC(342) Pause Young (Normal) (G1 Evacuation Pause)
[64.274s][info][gc,task        ] GC(342) Using 14 workers of 33 for evacuation
[64.275s][info][gc,phases      ] GC(342)   Pre Evacuate Collection Set: 0.2ms
[64.275s][info][gc,phases      ] GC(342)   Merge Heap Roots: 0.1ms
[64.276s][info][gc,phases      ] GC(342)   Evacuate Collection Set: 0.4ms
[64.276s][info][gc,phases      ] GC(342)   Post Evacuate Collection Set: 0.6ms
[64.276s][info][gc,phases      ] GC(342)   Other: 0.2ms
[64.276s][info][gc,heap        ] GC(342) Eden regions: 363->0(363)
[64.276s][info][gc,heap        ] GC(342) Survivor regions: 1->1(46)
[64.276s][info][gc,heap        ] GC(342) Old regions: 170->170
[64.276s][info][gc,heap        ] GC(342) Archive regions: 0->0
[64.276s][info][gc,heap        ] GC(342) Humongous regions: 12->12
[64.276s][info][gc,metaspace   ] GC(342) Metaspace: 61497K(62464K)->61497K(62464K) NonClass: 53915K(54464K)->53915K(54464K) Class: 7581K(8000K)->7581K(8000K)
[64.276s][info][gc             ] GC(342) Pause Young (Normal) (G1 Evacuation Pause) 538M->175M(607M) 1.927ms
[64.276s][info][gc,cpu         ] GC(342) User=0.00s Sys=0.00s Real=0.00s
[64.349s][info][gc,start       ] GC(343) Pause Full (System.gc())
[64.349s][info][gc,task        ] GC(343) Using 14 workers of 33 for full compaction
[64.350s][info][gc,phases,start] GC(343) Phase 1: Mark live objects
[64.388s][info][gc,phases      ] GC(343) Phase 1: Mark live objects 38.305ms
[64.388s][info][gc,phases,start] GC(343) Phase 2: Prepare compaction
[64.394s][info][gc,phases      ] GC(343) Phase 2: Prepare compaction 5.355ms
[64.394s][info][gc,phases,start] GC(343) Phase 3: Adjust pointers
[64.402s][info][gc,phases      ] GC(343) Phase 3: Adjust pointers 8.329ms
[64.402s][info][gc,phases,start] GC(343) Phase 4: Compact heap
[64.403s][info][gc,phases      ] GC(343) Phase 4: Compact heap 0.459ms
[64.412s][info][gc,heap        ] GC(343) Eden regions: 109->0(364)
[64.412s][info][gc,heap        ] GC(343) Survivor regions: 1->0(46)
[64.412s][info][gc,heap        ] GC(343) Old regions: 170->170
[64.412s][info][gc,heap        ] GC(343) Archive regions: 0->0
[64.412s][info][gc,heap        ] GC(343) Humongous regions: 17->12
[64.412s][info][gc,metaspace   ] GC(343) Metaspace: 61506K(62464K)->61506K(62464K) NonClass: 53924K(54464K)->53924K(54464K) Class: 7581K(8000K)->7581K(8000K)
[64.412s][info][gc             ] GC(343) Pause Full (System.gc()) 288M->175M(607M) 62.519ms
[64.412s][info][gc,cpu         ] GC(343) User=0.67s Sys=0.00s Real=0.06s
[64.580s][info][gc,start       ] GC(344) Pause Young (Normal) (G1 Evacuation Pause)
[64.580s][info][gc,task        ] GC(344) Using 14 workers of 33 for evacuation
[64.585s][info][gc,phases      ] GC(344)   Pre Evacuate Collection Set: 0.3ms
[64.585s][info][gc,phases      ] GC(344)   Merge Heap Roots: 0.2ms
[64.585s][info][gc,phases      ] GC(344)   Evacuate Collection Set: 0.5ms
[64.585s][info][gc,phases      ] GC(344)   Post Evacuate Collection Set: 3.9ms
[64.585s][info][gc,phases      ] GC(344)   Other: 0.2ms
[64.585s][info][gc,heap        ] GC(344) Eden regions: 364->0(496)
[64.585s][info][gc,heap        ] GC(344) Survivor regions: 0->1(46)
[64.585s][info][gc,heap        ] GC(344) Old regions: 170->170
[64.585s][info][gc,heap        ] GC(344) Archive regions: 0->0
[64.585s][info][gc,heap        ] GC(344) Humongous regions: 22->12
[64.585s][info][gc,metaspace   ] GC(344) Metaspace: 61508K(62464K)->61508K(62464K) NonClass: 53926K(54464K)->53926K(54464K) Class: 7582K(8000K)->7582K(8000K)
[64.586s][info][gc             ] GC(344) Pause Young (Normal) (G1 Evacuation Pause) 549M->175M(829M) 5.539ms
[64.586s][info][gc,cpu         ] GC(344) User=0.00s Sys=0.00s Real=0.00s
[64.798s][info][gc,start       ] GC(345) Pause Young (Normal) (G1 Evacuation Pause)
[64.798s][info][gc,task        ] GC(345) Using 19 workers of 33 for evacuation
[64.800s][info][gc,phases      ] GC(345)   Pre Evacuate Collection Set: 0.2ms
[64.800s][info][gc,phases      ] GC(345)   Merge Heap Roots: 0.2ms
[64.800s][info][gc,phases      ] GC(345)   Evacuate Collection Set: 0.5ms
[64.800s][info][gc,phases      ] GC(345)   Post Evacuate Collection Set: 0.8ms
[64.800s][info][gc,phases      ] GC(345)   Other: 0.2ms
[64.800s][info][gc,heap        ] GC(345) Eden regions: 496->0(496)
[64.800s][info][gc,heap        ] GC(345) Survivor regions: 1->1(63)
[64.800s][info][gc,heap        ] GC(345) Old regions: 170->170
[64.800s][info][gc,heap        ] GC(345) Archive regions: 0->0
[64.800s][info][gc,heap        ] GC(345) Humongous regions: 12->12
[64.800s][info][gc,metaspace   ] GC(345) Metaspace: 61508K(62464K)->61508K(62464K) NonClass: 53926K(54464K)->53926K(54464K) Class: 7582K(8000K)->7582K(8000K)
[64.800s][info][gc             ] GC(345) Pause Young (Normal) (G1 Evacuation Pause) 671M->175M(829M) 2.311ms
[64.800s][info][gc,cpu         ] GC(345) User=0.00s Sys=0.00s Real=0.00s
[64.959s][info][gc,start       ] GC(346) Pause Young (Normal) (G1 Evacuation Pause)
[64.959s][info][gc,task        ] GC(346) Using 19 workers of 33 for evacuation
[64.961s][info][gc,phases      ] GC(346)   Pre Evacuate Collection Set: 0.2ms
[64.961s][info][gc,phases      ] GC(346)   Merge Heap Roots: 0.2ms
[64.961s][info][gc,phases      ] GC(346)   Evacuate Collection Set: 0.5ms
[64.961s][info][gc,phases      ] GC(346)   Post Evacuate Collection Set: 0.7ms
[64.961s][info][gc,phases      ] GC(346)   Other: 0.2ms
[64.961s][info][gc,heap        ] GC(346) Eden regions: 496->0(496)
[64.961s][info][gc,heap        ] GC(346) Survivor regions: 1->1(63)
[64.961s][info][gc,heap        ] GC(346) Old regions: 170->170
[64.961s][info][gc,heap        ] GC(346) Archive regions: 0->0
[64.961s][info][gc,heap        ] GC(346) Humongous regions: 12->12
[64.961s][info][gc,metaspace   ] GC(346) Metaspace: 61508K(62464K)->61508K(62464K) NonClass: 53926K(54464K)->53926K(54464K) Class: 7582K(8000K)->7582K(8000K)
[64.961s][info][gc             ] GC(346) Pause Young (Normal) (G1 Evacuation Pause) 671M->175M(829M) 2.249ms
[64.961s][info][gc,cpu         ] GC(346) User=0.00s Sys=0.00s Real=0.00s
[65.134s][info][gc,start       ] GC(347) Pause Young (Normal) (G1 Evacuation Pause)
[65.134s][info][gc,task        ] GC(347) Using 19 workers of 33 for evacuation
[65.136s][info][gc,phases      ] GC(347)   Pre Evacuate Collection Set: 0.2ms
[65.136s][info][gc,phases      ] GC(347)   Merge Heap Roots: 0.2ms
[65.136s][info][gc,phases      ] GC(347)   Evacuate Collection Set: 0.5ms
[65.136s][info][gc,phases      ] GC(347)   Post Evacuate Collection Set: 0.8ms
[65.136s][info][gc,phases      ] GC(347)   Other: 0.2ms
[65.136s][info][gc,heap        ] GC(347) Eden regions: 496->0(496)
[65.136s][info][gc,heap        ] GC(347) Survivor regions: 1->1(63)
[65.136s][info][gc,heap        ] GC(347) Old regions: 170->170
[65.136s][info][gc,heap        ] GC(347) Archive regions: 0->0
[65.136s][info][gc,heap        ] GC(347) Humongous regions: 12->12
[65.136s][info][gc,metaspace   ] GC(347) Metaspace: 61508K(62464K)->61508K(62464K) NonClass: 53926K(54464K)->53926K(54464K) Class: 7582K(8000K)->7582K(8000K)
[65.136s][info][gc             ] GC(347) Pause Young (Normal) (G1 Evacuation Pause) 671M->175M(829M) 2.196ms
[65.136s][info][gc,cpu         ] GC(347) User=0.02s Sys=0.00s Real=0.02s
[65.187s][info][gc,start       ] GC(348) Pause Full (System.gc())
[65.188s][info][gc,task        ] GC(348) Using 19 workers of 33 for full compaction
[65.188s][info][gc,phases,start] GC(348) Phase 1: Mark live objects
[65.225s][info][gc,phases      ] GC(348) Phase 1: Mark live objects 36.985ms
[65.225s][info][gc,phases,start] GC(348) Phase 2: Prepare compaction
[65.230s][info][gc,phases      ] GC(348) Phase 2: Prepare compaction 4.871ms
[65.230s][info][gc,phases,start] GC(348) Phase 3: Adjust pointers
[65.240s][info][gc,phases      ] GC(348) Phase 3: Adjust pointers 9.677ms
[65.240s][info][gc,phases,start] GC(348) Phase 4: Compact heap
[65.240s][info][gc,phases      ] GC(348) Phase 4: Compact heap 0.371ms
[65.250s][info][gc,heap        ] GC(348) Eden regions: 73->0(370)
[65.250s][info][gc,heap        ] GC(348) Survivor regions: 1->0(63)
[65.250s][info][gc,heap        ] GC(348) Old regions: 170->173
[65.250s][info][gc,heap        ] GC(348) Archive regions: 0->0
[65.250s][info][gc,heap        ] GC(348) Humongous regions: 17->12
[65.250s][info][gc,metaspace   ] GC(348) Metaspace: 61509K(62464K)->61509K(62464K) NonClass: 53927K(54464K)->53927K(54464K) Class: 7582K(8000K)->7582K(8000K)
[65.250s][info][gc             ] GC(348) Pause Full (System.gc()) 252M->175M(617M) 62.410ms
[65.250s][info][gc,cpu         ] GC(348) User=0.70s Sys=0.00s Real=0.06s
[65.428s][info][gc,start       ] GC(349) Pause Young (Normal) (G1 Evacuation Pause)
[65.428s][info][gc,task        ] GC(349) Using 16 workers of 33 for evacuation
[65.430s][info][gc,phases      ] GC(349)   Pre Evacuate Collection Set: 0.2ms
[65.430s][info][gc,phases      ] GC(349)   Merge Heap Roots: 0.1ms
[65.430s][info][gc,phases      ] GC(349)   Evacuate Collection Set: 0.5ms
[65.430s][info][gc,phases      ] GC(349)   Post Evacuate Collection Set: 0.7ms
[65.430s][info][gc,phases      ] GC(349)   Other: 0.2ms
[65.430s][info][gc,heap        ] GC(349) Eden regions: 370->0(369)
[65.430s][info][gc,heap        ] GC(349) Survivor regions: 0->1(47)
[65.430s][info][gc,heap        ] GC(349) Old regions: 173->173
[65.430s][info][gc,heap        ] GC(349) Archive regions: 0->0
[65.430s][info][gc,heap        ] GC(349) Humongous regions: 22->12
[65.430s][info][gc,metaspace   ] GC(349) Metaspace: 61509K(62464K)->61509K(62464K) NonClass: 53927K(54464K)->53927K(54464K) Class: 7582K(8000K)->7582K(8000K)
[65.430s][info][gc             ] GC(349) Pause Young (Normal) (G1 Evacuation Pause) 555M->175M(617M) 2.299ms
[65.430s][info][gc,cpu         ] GC(349) User=0.00s Sys=0.00s Real=0.00s
[65.562s][info][gc,start       ] GC(350) Pause Young (Normal) (G1 Evacuation Pause)
[65.562s][info][gc,task        ] GC(350) Using 15 workers of 33 for evacuation
[65.564s][info][gc,phases      ] GC(350)   Pre Evacuate Collection Set: 0.2ms
[65.564s][info][gc,phases      ] GC(350)   Merge Heap Roots: 0.1ms
[65.564s][info][gc,phases      ] GC(350)   Evacuate Collection Set: 0.5ms
[65.564s][info][gc,phases      ] GC(350)   Post Evacuate Collection Set: 0.7ms
[65.564s][info][gc,phases      ] GC(350)   Other: 0.2ms
[65.564s][info][gc,heap        ] GC(350) Eden regions: 369->0(369)
[65.564s][info][gc,heap        ] GC(350) Survivor regions: 1->1(47)
[65.564s][info][gc,heap        ] GC(350) Old regions: 173->173
[65.564s][info][gc,heap        ] GC(350) Archive regions: 0->0
[65.564s][info][gc,heap        ] GC(350) Humongous regions: 12->12
[65.564s][info][gc,metaspace   ] GC(350) Metaspace: 61509K(62464K)->61509K(62464K) NonClass: 53927K(54464K)->53927K(54464K) Class: 7582K(8000K)->7582K(8000K)
[65.564s][info][gc             ] GC(350) Pause Young (Normal) (G1 Evacuation Pause) 544M->175M(617M) 2.183ms
[65.564s][info][gc,cpu         ] GC(350) User=0.00s Sys=0.00s Real=0.00s
[65.689s][info][gc,start       ] GC(351) Pause Young (Normal) (G1 Evacuation Pause)
[65.689s][info][gc,task        ] GC(351) Using 14 workers of 33 for evacuation
[65.691s][info][gc,phases      ] GC(351)   Pre Evacuate Collection Set: 0.2ms
[65.691s][info][gc,phases      ] GC(351)   Merge Heap Roots: 0.1ms
[65.691s][info][gc,phases      ] GC(351)   Evacuate Collection Set: 0.5ms
[65.691s][info][gc,phases      ] GC(351)   Post Evacuate Collection Set: 0.7ms
[65.691s][info][gc,phases      ] GC(351)   Other: 0.1ms
[65.691s][info][gc,heap        ] GC(351) Eden regions: 369->0(369)
[65.691s][info][gc,heap        ] GC(351) Survivor regions: 1->1(47)
[65.691s][info][gc,heap        ] GC(351) Old regions: 173->173
[65.691s][info][gc,heap        ] GC(351) Archive regions: 0->0
[65.691s][info][gc,heap        ] GC(351) Humongous regions: 12->12
[65.691s][info][gc,metaspace   ] GC(351) Metaspace: 61509K(62464K)->61509K(62464K) NonClass: 53927K(54464K)->53927K(54464K) Class: 7582K(8000K)->7582K(8000K)
[65.691s][info][gc             ] GC(351) Pause Young (Normal) (G1 Evacuation Pause) 544M->175M(617M) 2.033ms
[65.691s][info][gc,cpu         ] GC(351) User=0.00s Sys=0.00s Real=0.00s
[65.837s][info][gc,start       ] GC(352) Pause Young (Normal) (G1 Evacuation Pause)
[65.837s][info][gc,task        ] GC(352) Using 14 workers of 33 for evacuation
[65.839s][info][gc,phases      ] GC(352)   Pre Evacuate Collection Set: 0.2ms
[65.839s][info][gc,phases      ] GC(352)   Merge Heap Roots: 0.2ms
[65.839s][info][gc,phases      ] GC(352)   Evacuate Collection Set: 0.5ms
[65.839s][info][gc,phases      ] GC(352)   Post Evacuate Collection Set: 0.7ms
[65.839s][info][gc,phases      ] GC(352)   Other: 0.2ms
[65.839s][info][gc,heap        ] GC(352) Eden regions: 369->0(369)
[65.839s][info][gc,heap        ] GC(352) Survivor regions: 1->1(47)
[65.839s][info][gc,heap        ] GC(352) Old regions: 173->173
[65.839s][info][gc,heap        ] GC(352) Archive regions: 0->0
[65.839s][info][gc,heap        ] GC(352) Humongous regions: 12->12
[65.839s][info][gc,metaspace   ] GC(352) Metaspace: 61509K(62464K)->61509K(62464K) NonClass: 53927K(54464K)->53927K(54464K) Class: 7582K(8000K)->7582K(8000K)
[65.839s][info][gc             ] GC(352) Pause Young (Normal) (G1 Evacuation Pause) 544M->175M(617M) 2.162ms
[65.839s][info][gc,cpu         ] GC(352) User=0.03s Sys=0.00s Real=0.02s
[65.968s][info][gc,start       ] GC(353) Pause Young (Normal) (G1 Evacuation Pause)
[65.968s][info][gc,task        ] GC(353) Using 14 workers of 33 for evacuation
[65.969s][info][gc,phases      ] GC(353)   Pre Evacuate Collection Set: 0.2ms
[65.969s][info][gc,phases      ] GC(353)   Merge Heap Roots: 0.1ms
[65.969s][info][gc,phases      ] GC(353)   Evacuate Collection Set: 0.4ms
[65.969s][info][gc,phases      ] GC(353)   Post Evacuate Collection Set: 0.7ms
[65.969s][info][gc,phases      ] GC(353)   Other: 0.2ms
[65.969s][info][gc,heap        ] GC(353) Eden regions: 369->0(369)
[65.969s][info][gc,heap        ] GC(353) Survivor regions: 1->1(47)
[65.969s][info][gc,heap        ] GC(353) Old regions: 173->173
[65.970s][info][gc,heap        ] GC(353) Archive regions: 0->0
[65.970s][info][gc,heap        ] GC(353) Humongous regions: 12->12
[65.970s][info][gc,metaspace   ] GC(353) Metaspace: 61509K(62464K)->61509K(62464K) NonClass: 53927K(54464K)->53927K(54464K) Class: 7582K(8000K)->7582K(8000K)
[65.970s][info][gc             ] GC(353) Pause Young (Normal) (G1 Evacuation Pause) 544M->175M(617M) 2.023ms
[65.970s][info][gc,cpu         ] GC(353) User=0.00s Sys=0.00s Real=0.00s
[66.222s][info][gc,heap,exit   ] Heap
[66.222s][info][gc,heap,exit   ]  garbage-first heap   total 631808K, used 291738K [0x0000000080000000, 0x0000000100000000)
[66.222s][info][gc,heap,exit   ]   region size 1024K, 106 young (108544K), 1 survivors (1024K)
[66.222s][info][gc,heap,exit   ]  Metaspace       used 61912K, committed 62848K, reserved 1114112K
[66.222s][info][gc,heap,exit   ]   class space    used 7659K, committed 8064K, reserved 1048576K
