[0.018s][info][gc,init] CardTable entry size: 512
[0.019s][info][gc     ] Using G1
[0.032s][info][gc,init] Version: 20+36-2344 (release)
[0.032s][info][gc,init] CPUs: 48 total, 48 available
[0.032s][info][gc,init] Memory: 382G
[0.032s][info][gc,init] Large Page Support: Disabled
[0.032s][info][gc,init] NUMA Support: Disabled
[0.032s][info][gc,init] Compressed Oops: Enabled (32-bit)
[0.032s][info][gc,init] Heap Region Size: 1M
[0.032s][info][gc,init] Heap Min Capacity: 8M
[0.033s][info][gc,init] Heap Initial Capacity: 1G
[0.033s][info][gc,init] Heap Max Capacity: 1G
[0.039s][info][gc,init] Pre-touch: Disabled
[0.039s][info][gc,init] Parallel Workers: 33
[0.039s][info][gc,init] Concurrent Workers: 8
[0.039s][info][gc,init] Concurrent Refinement Workers: 33
[0.039s][info][gc,init] Periodic GC: Disabled
[0.040s][info][gc,metaspace] CDS archive(s) mapped at: [0x0000000800000000-0x0000000800c60000-0x0000000800c60000), size 12976128, SharedBaseAddress: 0x0000000800000000, ArchiveRelocationMode: 0.
[0.040s][info][gc,metaspace] Compressed class space mapped at: 0x0000000801000000-0x0000000841000000, reserved size: 1073741824
[0.040s][info][gc,metaspace] Narrow klass base: 0x0000000800000000, Narrow klass shift: 0, Narrow klass range: 0x100000000
[9.438s][info][gc,start    ] GC(0) Pause Young (Normal) (G1 Evacuation Pause)
[9.440s][info][gc,task     ] GC(0) Using 24 workers of 33 for evacuation
[9.455s][info][gc,phases   ] GC(0)   Pre Evacuate Collection Set: 0.3ms
[9.455s][info][gc,phases   ] GC(0)   Merge Heap Roots: 0.2ms
[9.455s][info][gc,phases   ] GC(0)   Evacuate Collection Set: 13.5ms
[9.455s][info][gc,phases   ] GC(0)   Post Evacuate Collection Set: 1.2ms
[9.455s][info][gc,phases   ] GC(0)   Other: 1.8ms
[9.455s][info][gc,heap     ] GC(0) Eden regions: 51->0(44)
[9.455s][info][gc,heap     ] GC(0) Survivor regions: 0->7(7)
[9.455s][info][gc,heap     ] GC(0) Old regions: 0->6
[9.456s][info][gc,heap     ] GC(0) Archive regions: 0->0
[9.456s][info][gc,heap     ] GC(0) Humongous regions: 6->6
[9.456s][info][gc,metaspace] GC(0) Metaspace: 12747K(12992K)->12747K(12992K) NonClass: 11027K(11136K)->11027K(11136K) Class: 1720K(1856K)->1720K(1856K)
[9.456s][info][gc          ] GC(0) Pause Young (Normal) (G1 Evacuation Pause) 57M->18M(1024M) 17.788ms
[9.456s][info][gc,cpu      ] GC(0) User=0.14s Sys=0.23s Real=0.01s
[9.918s][info][gc,start    ] GC(1) Pause Young (Concurrent Start) (Metadata GC Threshold)
[9.918s][info][gc,task     ] GC(1) Using 24 workers of 33 for evacuation
[9.926s][info][gc,phases   ] GC(1)   Pre Evacuate Collection Set: 0.3ms
[9.926s][info][gc,phases   ] GC(1)   Merge Heap Roots: 0.1ms
[9.926s][info][gc,phases   ] GC(1)   Evacuate Collection Set: 7.0ms
[9.926s][info][gc,phases   ] GC(1)   Post Evacuate Collection Set: 1.0ms
[9.927s][info][gc,phases   ] GC(1)   Other: 0.1ms
[9.927s][info][gc,heap     ] GC(1) Eden regions: 26->0(60)
[9.927s][info][gc,heap     ] GC(1) Survivor regions: 7->2(7)
[9.927s][info][gc,heap     ] GC(1) Old regions: 6->13
[9.927s][info][gc,heap     ] GC(1) Archive regions: 0->0
[9.927s][info][gc,heap     ] GC(1) Humongous regions: 6->6
[9.927s][info][gc,metaspace] GC(1) Metaspace: 21273K(21504K)->21273K(21504K) NonClass: 18555K(18688K)->18555K(18688K) Class: 2718K(2816K)->2718K(2816K)
[9.927s][info][gc          ] GC(1) Pause Young (Concurrent Start) (Metadata GC Threshold) 44M->20M(1024M) 9.081ms
[9.927s][info][gc          ] GC(2) Concurrent Mark Cycle
[9.927s][info][gc,cpu      ] GC(1) User=0.31s Sys=0.06s Real=0.02s
[9.927s][info][gc,marking  ] GC(2) Concurrent Scan Root Regions
[9.930s][info][gc,marking  ] GC(2) Concurrent Scan Root Regions 3.102ms
[9.930s][info][gc,marking  ] GC(2) Concurrent Mark
[9.930s][info][gc,marking  ] GC(2) Concurrent Mark From Roots
[9.930s][info][gc,task     ] GC(2) Using 8 workers of 8 for marking
[9.934s][info][gc,marking  ] GC(2) Concurrent Mark From Roots 4.044ms
[9.934s][info][gc,marking  ] GC(2) Concurrent Preclean
[9.934s][info][gc,marking  ] GC(2) Concurrent Preclean 0.035ms
[9.934s][info][gc,start    ] GC(2) Pause Remark
[9.938s][info][gc          ] GC(2) Pause Remark 21M->21M(74M) 3.731ms
[9.938s][info][gc,cpu      ] GC(2) User=0.02s Sys=0.00s Real=0.02s
[9.938s][info][gc,marking  ] GC(2) Concurrent Mark 8.204ms
[9.938s][info][gc,marking  ] GC(2) Concurrent Rebuild Remembered Sets and Scrub Regions
[9.941s][info][gc,marking  ] GC(2) Concurrent Rebuild Remembered Sets and Scrub Regions 2.274ms
[9.941s][info][gc,start    ] GC(2) Pause Cleanup
[9.941s][info][gc          ] GC(2) Pause Cleanup 21M->21M(74M) 0.145ms
[9.941s][info][gc,cpu      ] GC(2) User=0.00s Sys=0.00s Real=0.00s
[9.941s][info][gc,marking  ] GC(2) Concurrent Clear Claimed Marks
[9.941s][info][gc,marking  ] GC(2) Concurrent Clear Claimed Marks 0.036ms
[9.941s][info][gc,marking  ] GC(2) Concurrent Cleanup for Next Mark
[9.942s][info][gc,marking  ] GC(2) Concurrent Cleanup for Next Mark 0.664ms
[9.942s][info][gc          ] GC(2) Concurrent Mark Cycle 14.922ms
[10.886s][info][gc,start    ] GC(3) Pause Young (Prepare Mixed) (Metadata GC Threshold)
[10.886s][info][gc,task     ] GC(3) Using 13 workers of 33 for evacuation
[10.893s][info][gc,phases   ] GC(3)   Pre Evacuate Collection Set: 0.1ms
[10.893s][info][gc,phases   ] GC(3)   Merge Heap Roots: 0.1ms
[10.893s][info][gc,phases   ] GC(3)   Evacuate Collection Set: 6.2ms
[10.893s][info][gc,phases   ] GC(3)   Post Evacuate Collection Set: 0.8ms
[10.893s][info][gc,phases   ] GC(3)   Other: 0.1ms
[10.893s][info][gc,heap     ] GC(3) Eden regions: 52->0(34)
[10.893s][info][gc,heap     ] GC(3) Survivor regions: 2->7(8)
[10.893s][info][gc,heap     ] GC(3) Old regions: 13->13
[10.893s][info][gc,heap     ] GC(3) Archive regions: 0->0
[10.893s][info][gc,heap     ] GC(3) Humongous regions: 6->6
[10.893s][info][gc,metaspace] GC(3) Metaspace: 35585K(35968K)->35585K(35968K) NonClass: 31099K(31296K)->31099K(31296K) Class: 4486K(4672K)->4486K(4672K)
[10.894s][info][gc          ] GC(3) Pause Young (Prepare Mixed) (Metadata GC Threshold) 72M->25M(80M) 7.895ms
[10.894s][info][gc,cpu      ] GC(3) User=0.00s Sys=0.00s Real=0.00s
[10.943s][info][gc,start    ] GC(4) Pause Young (Mixed) (Metadata GC Threshold)
[10.943s][info][gc,task     ] GC(4) Using 7 workers of 33 for evacuation
[10.950s][info][gc,phases   ] GC(4)   Pre Evacuate Collection Set: 0.1ms
[10.950s][info][gc,phases   ] GC(4)   Merge Heap Roots: 0.1ms
[10.950s][info][gc,phases   ] GC(4)   Evacuate Collection Set: 5.9ms
[10.950s][info][gc,phases   ] GC(4)   Post Evacuate Collection Set: 0.6ms
[10.950s][info][gc,phases   ] GC(4)   Other: 0.1ms
[10.950s][info][gc,heap     ] GC(4) Eden regions: 4->0(34)
[10.950s][info][gc,heap     ] GC(4) Survivor regions: 7->1(6)
[10.950s][info][gc,heap     ] GC(4) Old regions: 13->19
[10.950s][info][gc,heap     ] GC(4) Archive regions: 0->0
[10.950s][info][gc,heap     ] GC(4) Humongous regions: 6->6
[10.950s][info][gc,metaspace] GC(4) Metaspace: 35941K(36288K)->35941K(36288K) NonClass: 31410K(31616K)->31410K(31616K) Class: 4530K(4672K)->4530K(4672K)
[10.950s][info][gc          ] GC(4) Pause Young (Mixed) (Metadata GC Threshold) 28M->25M(80M) 7.137ms
[10.950s][info][gc,cpu      ] GC(4) User=0.00s Sys=0.00s Real=0.00s
[10.967s][info][gc,start    ] GC(5) Pause Young (Concurrent Start) (Metadata GC Threshold)
[10.967s][info][gc,task     ] GC(5) Using 4 workers of 33 for evacuation
[10.969s][info][gc,phases   ] GC(5)   Pre Evacuate Collection Set: 0.2ms
[10.969s][info][gc,phases   ] GC(5)   Merge Heap Roots: 0.1ms
[10.969s][info][gc,phases   ] GC(5)   Evacuate Collection Set: 1.0ms
[10.969s][info][gc,phases   ] GC(5)   Post Evacuate Collection Set: 0.5ms
[10.969s][info][gc,phases   ] GC(5)   Other: 0.1ms
[10.969s][info][gc,heap     ] GC(5) Eden regions: 2->0(37)
[10.969s][info][gc,heap     ] GC(5) Survivor regions: 1->1(5)
[10.969s][info][gc,heap     ] GC(5) Old regions: 19->19
[10.969s][info][gc,heap     ] GC(5) Archive regions: 0->0
[10.969s][info][gc,heap     ] GC(5) Humongous regions: 6->6
[10.969s][info][gc,metaspace] GC(5) Metaspace: 36261K(36608K)->36261K(36608K) NonClass: 31688K(31872K)->31688K(31872K) Class: 4573K(4736K)->4573K(4736K)
[10.969s][info][gc          ] GC(5) Pause Young (Concurrent Start) (Metadata GC Threshold) 26M->24M(80M) 2.453ms
[10.969s][info][gc          ] GC(6) Concurrent Mark Cycle
[10.969s][info][gc,cpu      ] GC(5) User=0.06s Sys=0.00s Real=0.02s
[10.970s][info][gc,marking  ] GC(6) Concurrent Scan Root Regions
[10.971s][info][gc,marking  ] GC(6) Concurrent Scan Root Regions 1.154ms
[10.971s][info][gc,marking  ] GC(6) Concurrent Mark
[10.971s][info][gc,marking  ] GC(6) Concurrent Mark From Roots
[10.971s][info][gc,task     ] GC(6) Using 8 workers of 8 for marking
[10.978s][info][gc,marking  ] GC(6) Concurrent Mark From Roots 6.862ms
[10.978s][info][gc,marking  ] GC(6) Concurrent Preclean
[10.978s][info][gc,marking  ] GC(6) Concurrent Preclean 0.139ms
[10.978s][info][gc,start    ] GC(6) Pause Remark
[10.983s][info][gc          ] GC(6) Pause Remark 25M->25M(80M) 4.842ms
[10.983s][info][gc,cpu      ] GC(6) User=0.00s Sys=0.00s Real=0.00s
[10.983s][info][gc,marking  ] GC(6) Concurrent Mark 12.207ms
[10.983s][info][gc,marking  ] GC(6) Concurrent Rebuild Remembered Sets and Scrub Regions
[10.987s][info][gc,marking  ] GC(6) Concurrent Rebuild Remembered Sets and Scrub Regions 4.121ms
[10.987s][info][gc,start    ] GC(6) Pause Cleanup
[10.987s][info][gc          ] GC(6) Pause Cleanup 25M->25M(80M) 0.131ms
[10.987s][info][gc,cpu      ] GC(6) User=0.00s Sys=0.00s Real=0.00s
[10.988s][info][gc,marking  ] GC(6) Concurrent Clear Claimed Marks
[10.988s][info][gc,marking  ] GC(6) Concurrent Clear Claimed Marks 0.050ms
[10.988s][info][gc,marking  ] GC(6) Concurrent Cleanup for Next Mark
[10.988s][info][gc,marking  ] GC(6) Concurrent Cleanup for Next Mark 0.217ms
[10.988s][info][gc          ] GC(6) Concurrent Mark Cycle 18.382ms
[11.287s][info][gc,start    ] GC(7) Pause Young (Prepare Mixed) (G1 Evacuation Pause)
[11.287s][info][gc,task     ] GC(7) Using 3 workers of 33 for evacuation
[11.293s][info][gc,phases   ] GC(7)   Pre Evacuate Collection Set: 0.1ms
[11.293s][info][gc,phases   ] GC(7)   Merge Heap Roots: 0.1ms
[11.293s][info][gc,phases   ] GC(7)   Evacuate Collection Set: 4.6ms
[11.293s][info][gc,phases   ] GC(7)   Post Evacuate Collection Set: 0.6ms
[11.293s][info][gc,phases   ] GC(7)   Other: 0.1ms
[11.293s][info][gc,heap     ] GC(7) Eden regions: 37->0(37)
[11.293s][info][gc,heap     ] GC(7) Survivor regions: 1->3(5)
[11.293s][info][gc,heap     ] GC(7) Old regions: 19->19
[11.293s][info][gc,heap     ] GC(7) Archive regions: 0->0
[11.293s][info][gc,heap     ] GC(7) Humongous regions: 6->6
[11.293s][info][gc,metaspace] GC(7) Metaspace: 42054K(42432K)->42054K(42432K) NonClass: 36786K(36992K)->36786K(36992K) Class: 5267K(5440K)->5267K(5440K)
[11.293s][info][gc          ] GC(7) Pause Young (Prepare Mixed) (G1 Evacuation Pause) 61M->27M(80M) 6.075ms
[11.293s][info][gc,cpu      ] GC(7) User=0.00s Sys=0.00s Real=0.00s
[11.347s][info][gc,start    ] GC(8) Pause Young (Mixed) (G1 Evacuation Pause)
[11.348s][info][gc,task     ] GC(8) Using 2 workers of 33 for evacuation
[11.367s][info][gc,phases   ] GC(8)   Pre Evacuate Collection Set: 0.1ms
[11.367s][info][gc,phases   ] GC(8)   Merge Heap Roots: 0.1ms
[11.367s][info][gc,phases   ] GC(8)   Evacuate Collection Set: 11.4ms
[11.367s][info][gc,phases   ] GC(8)   Post Evacuate Collection Set: 7.7ms
[11.367s][info][gc,phases   ] GC(8)   Other: 0.1ms
[11.367s][info][gc,heap     ] GC(8) Eden regions: 37->0(326)
[11.367s][info][gc,heap     ] GC(8) Survivor regions: 3->5(5)
[11.367s][info][gc,heap     ] GC(8) Old regions: 19->19
[11.367s][info][gc,heap     ] GC(8) Archive regions: 0->0
[11.367s][info][gc,heap     ] GC(8) Humongous regions: 6->6
[11.367s][info][gc,metaspace] GC(8) Metaspace: 42054K(42432K)->42054K(42432K) NonClass: 36786K(36992K)->36786K(36992K) Class: 5267K(5440K)->5267K(5440K)
[11.367s][info][gc          ] GC(8) Pause Young (Mixed) (G1 Evacuation Pause) 64M->29M(552M) 19.879ms
[11.367s][info][gc,cpu      ] GC(8) User=0.03s Sys=0.02s Real=0.03s
[11.738s][info][gc,start    ] GC(9) Pause Young (Normal) (G1 Evacuation Pause)
[11.738s][info][gc,task     ] GC(9) Using 13 workers of 33 for evacuation
[11.756s][info][gc,phases   ] GC(9)   Pre Evacuate Collection Set: 0.1ms
[11.756s][info][gc,phases   ] GC(9)   Merge Heap Roots: 0.1ms
[11.756s][info][gc,phases   ] GC(9)   Evacuate Collection Set: 17.0ms
[11.756s][info][gc,phases   ] GC(9)   Post Evacuate Collection Set: 0.8ms
[11.756s][info][gc,phases   ] GC(9)   Other: 0.4ms
[11.757s][info][gc,heap     ] GC(9) Eden regions: 326->0(283)
[11.757s][info][gc,heap     ] GC(9) Survivor regions: 5->36(42)
[11.757s][info][gc,heap     ] GC(9) Old regions: 19->19
[11.757s][info][gc,heap     ] GC(9) Archive regions: 0->0
[11.757s][info][gc,heap     ] GC(9) Humongous regions: 6->6
[11.757s][info][gc,metaspace] GC(9) Metaspace: 42063K(42496K)->42063K(42496K) NonClass: 36792K(37056K)->36792K(37056K) Class: 5270K(5440K)->5270K(5440K)
[11.757s][info][gc          ] GC(9) Pause Young (Normal) (G1 Evacuation Pause) 355M->60M(552M) 18.906ms
[11.757s][info][gc,cpu      ] GC(9) User=0.16s Sys=0.06s Real=0.03s
[11.987s][info][gc,start    ] GC(10) Pause Young (Normal) (G1 Evacuation Pause)
[11.987s][info][gc,task     ] GC(10) Using 13 workers of 33 for evacuation
[12.008s][info][gc,phases   ] GC(10)   Pre Evacuate Collection Set: 0.1ms
[12.008s][info][gc,phases   ] GC(10)   Merge Heap Roots: 0.1ms
[12.008s][info][gc,phases   ] GC(10)   Evacuate Collection Set: 19.9ms
[12.008s][info][gc,phases   ] GC(10)   Post Evacuate Collection Set: 0.4ms
[12.008s][info][gc,phases   ] GC(10)   Other: 0.2ms
[12.008s][info][gc,heap     ] GC(10) Eden regions: 283->0(281)
[12.008s][info][gc,heap     ] GC(10) Survivor regions: 36->28(40)
[12.008s][info][gc,heap     ] GC(10) Old regions: 19->56
[12.008s][info][gc,heap     ] GC(10) Archive regions: 0->0
[12.008s][info][gc,heap     ] GC(10) Humongous regions: 6->6
[12.008s][info][gc,metaspace] GC(10) Metaspace: 42063K(42496K)->42063K(42496K) NonClass: 36792K(37056K)->36792K(37056K) Class: 5270K(5440K)->5270K(5440K)
[12.008s][info][gc          ] GC(10) Pause Young (Normal) (G1 Evacuation Pause) 343M->88M(552M) 21.186ms
[12.008s][info][gc,cpu      ] GC(10) User=0.41s Sys=0.00s Real=0.03s
[12.231s][info][gc,start    ] GC(11) Pause Young (Normal) (G1 Evacuation Pause)
[12.231s][info][gc,task     ] GC(11) Using 13 workers of 33 for evacuation
[12.249s][info][gc,phases   ] GC(11)   Pre Evacuate Collection Set: 0.1ms
[12.249s][info][gc,phases   ] GC(11)   Merge Heap Roots: 0.1ms
[12.249s][info][gc,phases   ] GC(11)   Evacuate Collection Set: 17.0ms
[12.249s][info][gc,phases   ] GC(11)   Post Evacuate Collection Set: 0.4ms
[12.249s][info][gc,phases   ] GC(11)   Other: 0.1ms
[12.249s][info][gc,heap     ] GC(11) Eden regions: 281->0(303)
[12.249s][info][gc,heap     ] GC(11) Survivor regions: 28->28(39)
[12.249s][info][gc,heap     ] GC(11) Old regions: 56->83
[12.249s][info][gc,heap     ] GC(11) Archive regions: 0->0
[12.249s][info][gc,heap     ] GC(11) Humongous regions: 6->6
[12.249s][info][gc,metaspace] GC(11) Metaspace: 42063K(42496K)->42063K(42496K) NonClass: 36792K(37056K)->36792K(37056K) Class: 5270K(5440K)->5270K(5440K)
[12.249s][info][gc          ] GC(11) Pause Young (Normal) (G1 Evacuation Pause) 369M->116M(552M) 18.280ms
[12.249s][info][gc,cpu      ] GC(11) User=0.39s Sys=0.02s Real=0.03s
[13.098s][info][gc,start    ] GC(12) Pause Full (System.gc())
[13.098s][info][gc,task     ] GC(12) Using 13 workers of 33 for full compaction
[13.098s][info][gc,phases,start] GC(12) Phase 1: Mark live objects
[13.109s][info][gc,phases      ] GC(12) Phase 1: Mark live objects 10.609ms
[13.109s][info][gc,phases,start] GC(12) Phase 2: Prepare compaction
[13.111s][info][gc,phases      ] GC(12) Phase 2: Prepare compaction 1.954ms
[13.111s][info][gc,phases,start] GC(12) Phase 3: Adjust pointers
[13.118s][info][gc,phases      ] GC(12) Phase 3: Adjust pointers 6.520ms
[13.118s][info][gc,phases,start] GC(12) Phase 4: Compact heap
[13.119s][info][gc,phases      ] GC(12) Phase 4: Compact heap 1.374ms
[13.127s][info][gc,heap        ] GC(12) Eden regions: 197->0(65)
[13.127s][info][gc,heap        ] GC(12) Survivor regions: 28->0(39)
[13.127s][info][gc,heap        ] GC(12) Old regions: 83->30
[13.128s][info][gc,heap        ] GC(12) Archive regions: 0->0
[13.128s][info][gc,heap        ] GC(12) Humongous regions: 11->6
[13.128s][info][gc,metaspace   ] GC(12) Metaspace: 47949K(48448K)->47949K(48448K) NonClass: 41859K(42176K)->41859K(42176K) Class: 6090K(6272K)->6090K(6272K)
[13.128s][info][gc             ] GC(12) Pause Full (System.gc()) 318M->26M(120M) 30.062ms
[13.128s][info][gc,cpu         ] GC(12) User=0.11s Sys=0.00s Real=0.02s
[13.810s][info][gc,start       ] GC(13) Pause Young (Normal) (G1 Evacuation Pause)
[13.810s][info][gc,task        ] GC(13) Using 7 workers of 33 for evacuation
[13.813s][info][gc,phases      ] GC(13)   Pre Evacuate Collection Set: 0.1ms
[13.813s][info][gc,phases      ] GC(13)   Merge Heap Roots: 0.1ms
[13.813s][info][gc,phases      ] GC(13)   Evacuate Collection Set: 2.5ms
[13.813s][info][gc,phases      ] GC(13)   Post Evacuate Collection Set: 0.7ms
[13.813s][info][gc,phases      ] GC(13)   Other: 0.1ms
[13.813s][info][gc,heap        ] GC(13) Eden regions: 65->0(61)
[13.813s][info][gc,heap        ] GC(13) Survivor regions: 0->7(9)
[13.813s][info][gc,heap        ] GC(13) Old regions: 30->30
[13.813s][info][gc,heap        ] GC(13) Archive regions: 0->0
[13.813s][info][gc,heap        ] GC(13) Humongous regions: 11->6
[13.813s][info][gc,metaspace   ] GC(13) Metaspace: 53798K(54464K)->53798K(54464K) NonClass: 46980K(47360K)->46980K(47360K) Class: 6818K(7104K)->6818K(7104K)
[13.814s][info][gc             ] GC(13) Pause Young (Normal) (G1 Evacuation Pause) 96M->32M(120M) 3.961ms
[13.814s][info][gc,cpu         ] GC(13) User=0.00s Sys=0.00s Real=0.00s
[13.895s][info][gc,start       ] GC(14) Pause Young (Normal) (G1 Evacuation Pause)
[13.896s][info][gc,task        ] GC(14) Using 4 workers of 33 for evacuation
[13.906s][info][gc,phases      ] GC(14)   Pre Evacuate Collection Set: 0.1ms
[13.906s][info][gc,phases      ] GC(14)   Merge Heap Roots: 0.1ms
[13.906s][info][gc,phases      ] GC(14)   Evacuate Collection Set: 9.6ms
[13.906s][info][gc,phases      ] GC(14)   Post Evacuate Collection Set: 0.6ms
[13.906s][info][gc,phases      ] GC(14)   Other: 0.1ms
[13.906s][info][gc,heap        ] GC(14) Eden regions: 61->0(58)
[13.906s][info][gc,heap        ] GC(14) Survivor regions: 7->9(9)
[13.906s][info][gc,heap        ] GC(14) Old regions: 30->31
[13.906s][info][gc,heap        ] GC(14) Archive regions: 0->0
[13.906s][info][gc,heap        ] GC(14) Humongous regions: 7->7
[13.906s][info][gc,metaspace   ] GC(14) Metaspace: 53826K(54528K)->53826K(54528K) NonClass: 47007K(47424K)->47007K(47424K) Class: 6818K(7104K)->6818K(7104K)
[13.906s][info][gc             ] GC(14) Pause Young (Normal) (G1 Evacuation Pause) 94M->36M(120M) 11.027ms
[13.907s][info][gc,cpu         ] GC(14) User=0.08s Sys=0.00s Real=0.01s
[13.965s][info][gc,start       ] GC(15) Pause Young (Normal) (G1 Evacuation Pause)
[13.965s][info][gc,task        ] GC(15) Using 3 workers of 33 for evacuation
[13.986s][info][gc,phases      ] GC(15)   Pre Evacuate Collection Set: 0.1ms
[13.987s][info][gc,phases      ] GC(15)   Merge Heap Roots: 0.1ms
[13.987s][info][gc,phases      ] GC(15)   Evacuate Collection Set: 15.4ms
[13.987s][info][gc,phases      ] GC(15)   Post Evacuate Collection Set: 6.0ms
[13.987s][info][gc,phases      ] GC(15)   Other: 0.1ms
[13.987s][info][gc,heap        ] GC(15) Eden regions: 58->0(334)
[13.987s][info][gc,heap        ] GC(15) Survivor regions: 9->9(9)
[13.987s][info][gc,heap        ] GC(15) Old regions: 31->35
[13.987s][info][gc,heap        ] GC(15) Archive regions: 0->0
[13.987s][info][gc,heap        ] GC(15) Humongous regions: 7->7
[13.987s][info][gc,metaspace   ] GC(15) Metaspace: 53840K(54528K)->53840K(54528K) NonClass: 47022K(47424K)->47022K(47424K) Class: 6818K(7104K)->6818K(7104K)
[13.987s][info][gc             ] GC(15) Pause Young (Normal) (G1 Evacuation Pause) 94M->41M(572M) 22.185ms
[13.987s][info][gc,cpu         ] GC(15) User=0.06s Sys=0.00s Real=0.03s
[14.341s][info][gc,start       ] GC(16) Pause Young (Normal) (G1 Evacuation Pause)
[14.342s][info][gc,task        ] GC(16) Using 13 workers of 33 for evacuation
[14.363s][info][gc,phases      ] GC(16)   Pre Evacuate Collection Set: 0.1ms
[14.363s][info][gc,phases      ] GC(16)   Merge Heap Roots: 0.2ms
[14.363s][info][gc,phases      ] GC(16)   Evacuate Collection Set: 20.8ms
[14.363s][info][gc,phases      ] GC(16)   Post Evacuate Collection Set: 0.4ms
[14.363s][info][gc,phases      ] GC(16)   Other: 0.2ms
[14.363s][info][gc,heap        ] GC(16) Eden regions: 334->0(303)
[14.363s][info][gc,heap        ] GC(16) Survivor regions: 9->40(43)
[14.363s][info][gc,heap        ] GC(16) Old regions: 35->35
[14.363s][info][gc,heap        ] GC(16) Archive regions: 0->0
[14.363s][info][gc,heap        ] GC(16) Humongous regions: 12->12
[14.363s][info][gc,metaspace   ] GC(16) Metaspace: 53867K(54528K)->53867K(54528K) NonClass: 47049K(47424K)->47049K(47424K) Class: 6818K(7104K)->6818K(7104K)
[14.363s][info][gc             ] GC(16) Pause Young (Normal) (G1 Evacuation Pause) 380M->77M(572M) 22.016ms
[14.364s][info][gc,cpu         ] GC(16) User=0.34s Sys=0.06s Real=0.03s
[14.546s][info][gc,start       ] GC(17) Pause Young (Normal) (G1 Evacuation Pause)
[14.546s][info][gc,task        ] GC(17) Using 13 workers of 33 for evacuation
[14.574s][info][gc,phases      ] GC(17)   Pre Evacuate Collection Set: 0.1ms
[14.574s][info][gc,phases      ] GC(17)   Merge Heap Roots: 0.2ms
[14.574s][info][gc,phases      ] GC(17)   Evacuate Collection Set: 26.4ms
[14.574s][info][gc,phases      ] GC(17)   Post Evacuate Collection Set: 0.4ms
[14.574s][info][gc,phases      ] GC(17)   Other: 0.2ms
[14.574s][info][gc,heap        ] GC(17) Eden regions: 303->0(314)
[14.574s][info][gc,heap        ] GC(17) Survivor regions: 40->29(43)
[14.574s][info][gc,heap        ] GC(17) Old regions: 35->73
[14.574s][info][gc,heap        ] GC(17) Archive regions: 0->0
[14.574s][info][gc,heap        ] GC(17) Humongous regions: 17->17
[14.574s][info][gc,metaspace   ] GC(17) Metaspace: 53868K(54528K)->53868K(54528K) NonClass: 47050K(47424K)->47050K(47424K) Class: 6818K(7104K)->6818K(7104K)
[14.574s][info][gc             ] GC(17) Pause Young (Normal) (G1 Evacuation Pause) 385M->108M(572M) 27.896ms
[14.574s][info][gc,cpu         ] GC(17) User=0.41s Sys=0.00s Real=0.03s
[15.032s][info][gc,start       ] GC(18) Pause Young (Normal) (G1 Evacuation Pause)
[15.033s][info][gc,task        ] GC(18) Using 13 workers of 33 for evacuation
[15.049s][info][gc,phases      ] GC(18)   Pre Evacuate Collection Set: 0.1ms
[15.049s][info][gc,phases      ] GC(18)   Merge Heap Roots: 0.1ms
[15.049s][info][gc,phases      ] GC(18)   Evacuate Collection Set: 15.4ms
[15.049s][info][gc,phases      ] GC(18)   Post Evacuate Collection Set: 0.7ms
[15.049s][info][gc,phases      ] GC(18)   Other: 0.1ms
[15.049s][info][gc,heap        ] GC(18) Eden regions: 314->0(324)
[15.049s][info][gc,heap        ] GC(18) Survivor regions: 29->19(43)
[15.049s][info][gc,heap        ] GC(18) Old regions: 73->102
[15.049s][info][gc,heap        ] GC(18) Archive regions: 0->0
[15.049s][info][gc,heap        ] GC(18) Humongous regions: 26->21
[15.049s][info][gc,metaspace   ] GC(18) Metaspace: 55790K(56640K)->55790K(56640K) NonClass: 48662K(49152K)->48662K(49152K) Class: 7127K(7488K)->7127K(7488K)
[15.049s][info][gc             ] GC(18) Pause Young (Normal) (G1 Evacuation Pause) 431M->131M(572M) 16.783ms
[15.049s][info][gc,cpu         ] GC(18) User=0.23s Sys=0.02s Real=0.02s
[15.142s][info][gc,start       ] GC(19) Pause Young (Normal) (G1 Evacuation Pause)
[15.143s][info][gc,task        ] GC(19) Using 13 workers of 33 for evacuation
[15.158s][info][gc,phases      ] GC(19)   Pre Evacuate Collection Set: 0.1ms
[15.158s][info][gc,phases      ] GC(19)   Merge Heap Roots: 0.2ms
[15.158s][info][gc,phases      ] GC(19)   Evacuate Collection Set: 13.6ms
[15.158s][info][gc,phases      ] GC(19)   Post Evacuate Collection Set: 0.9ms
[15.158s][info][gc,phases      ] GC(19)   Other: 0.2ms
[15.158s][info][gc,heap        ] GC(19) Eden regions: 324->0(313)
[15.158s][info][gc,heap        ] GC(19) Survivor regions: 19->30(43)
[15.158s][info][gc,heap        ] GC(19) Old regions: 102->102
[15.158s][info][gc,heap        ] GC(19) Archive regions: 0->0
[15.158s][info][gc,heap        ] GC(19) Humongous regions: 23->23
[15.158s][info][gc,metaspace   ] GC(19) Metaspace: 55790K(56640K)->55790K(56640K) NonClass: 48662K(49152K)->48662K(49152K) Class: 7127K(7488K)->7127K(7488K)
[15.158s][info][gc             ] GC(19) Pause Young (Normal) (G1 Evacuation Pause) 457M->144M(572M) 15.447ms
[15.158s][info][gc,cpu         ] GC(19) User=0.05s Sys=0.00s Real=0.01s
[15.255s][info][gc,start       ] GC(20) Pause Young (Normal) (G1 Evacuation Pause)
[15.255s][info][gc,task        ] GC(20) Using 13 workers of 33 for evacuation
[15.270s][info][gc,phases      ] GC(20)   Pre Evacuate Collection Set: 0.1ms
[15.270s][info][gc,phases      ] GC(20)   Merge Heap Roots: 0.2ms
[15.271s][info][gc,phases      ] GC(20)   Evacuate Collection Set: 14.6ms
[15.271s][info][gc,phases      ] GC(20)   Post Evacuate Collection Set: 0.4ms
[15.271s][info][gc,phases      ] GC(20)   Other: 0.2ms
[15.271s][info][gc,heap        ] GC(20) Eden regions: 313->0(319)
[15.271s][info][gc,heap        ] GC(20) Survivor regions: 30->24(43)
[15.271s][info][gc,heap        ] GC(20) Old regions: 102->120
[15.271s][info][gc,heap        ] GC(20) Archive regions: 0->0
[15.271s][info][gc,heap        ] GC(20) Humongous regions: 26->26
[15.271s][info][gc,metaspace   ] GC(20) Metaspace: 55799K(56640K)->55799K(56640K) NonClass: 48669K(49152K)->48669K(49152K) Class: 7129K(7488K)->7129K(7488K)
[15.271s][info][gc             ] GC(20) Pause Young (Normal) (G1 Evacuation Pause) 460M->159M(572M) 15.941ms
[15.271s][info][gc,cpu         ] GC(20) User=0.20s Sys=0.00s Real=0.02s
[15.359s][info][gc,start       ] GC(21) Pause Young (Normal) (G1 Evacuation Pause)
[15.359s][info][gc,task        ] GC(21) Using 13 workers of 33 for evacuation
[15.376s][info][gc,phases      ] GC(21)   Pre Evacuate Collection Set: 0.1ms
[15.376s][info][gc,phases      ] GC(21)   Merge Heap Roots: 0.2ms
[15.376s][info][gc,phases      ] GC(21)   Evacuate Collection Set: 14.7ms
[15.376s][info][gc,phases      ] GC(21)   Post Evacuate Collection Set: 1.6ms
[15.376s][info][gc,phases      ] GC(21)   Other: 0.2ms
[15.376s][info][gc,heap        ] GC(21) Eden regions: 319->0(361)
[15.376s][info][gc,heap        ] GC(21) Survivor regions: 24->36(43)
[15.376s][info][gc,heap        ] GC(21) Old regions: 120->120
[15.376s][info][gc,heap        ] GC(21) Archive regions: 0->0
[15.376s][info][gc,heap        ] GC(21) Humongous regions: 26->26
[15.376s][info][gc,metaspace   ] GC(21) Metaspace: 55799K(56640K)->55799K(56640K) NonClass: 48669K(49152K)->48669K(49152K) Class: 7129K(7488K)->7129K(7488K)
[15.376s][info][gc             ] GC(21) Pause Young (Normal) (G1 Evacuation Pause) 478M->171M(663M) 17.284ms
[15.376s][info][gc,cpu         ] GC(21) User=0.20s Sys=0.03s Real=0.03s
[15.504s][info][gc,start       ] GC(22) Pause Young (Normal) (G1 Evacuation Pause)
[15.504s][info][gc,task        ] GC(22) Using 15 workers of 33 for evacuation
[15.523s][info][gc,phases      ] GC(22)   Pre Evacuate Collection Set: 0.1ms
[15.523s][info][gc,phases      ] GC(22)   Merge Heap Roots: 0.2ms
[15.523s][info][gc,phases      ] GC(22)   Evacuate Collection Set: 17.9ms
[15.523s][info][gc,phases      ] GC(22)   Post Evacuate Collection Set: 0.5ms
[15.523s][info][gc,phases      ] GC(22)   Other: 0.2ms
[15.523s][info][gc,heap        ] GC(22) Eden regions: 361->0(359)
[15.523s][info][gc,heap        ] GC(22) Survivor regions: 36->38(50)
[15.523s][info][gc,heap        ] GC(22) Old regions: 120->131
[15.523s][info][gc,heap        ] GC(22) Archive regions: 0->0
[15.523s][info][gc,heap        ] GC(22) Humongous regions: 31->31
[15.523s][info][gc,metaspace   ] GC(22) Metaspace: 55800K(56640K)->55800K(56640K) NonClass: 48670K(49152K)->48670K(49152K) Class: 7129K(7488K)->7129K(7488K)
[15.524s][info][gc             ] GC(22) Pause Young (Normal) (G1 Evacuation Pause) 537M->190M(663M) 19.487ms
[15.524s][info][gc,cpu         ] GC(22) User=0.25s Sys=0.00s Real=0.02s
[15.633s][info][gc,start       ] GC(23) Pause Young (Normal) (G1 Evacuation Pause)
[15.633s][info][gc,task        ] GC(23) Using 15 workers of 33 for evacuation
[15.653s][info][gc,phases      ] GC(23)   Pre Evacuate Collection Set: 0.1ms
[15.653s][info][gc,phases      ] GC(23)   Merge Heap Roots: 0.2ms
[15.653s][info][gc,phases      ] GC(23)   Evacuate Collection Set: 18.9ms
[15.653s][info][gc,phases      ] GC(23)   Post Evacuate Collection Set: 0.7ms
[15.653s][info][gc,phases      ] GC(23)   Other: 0.2ms
[15.653s][info][gc,heap        ] GC(23) Eden regions: 359->0(357)
[15.653s][info][gc,heap        ] GC(23) Survivor regions: 38->40(50)
[15.653s][info][gc,heap        ] GC(23) Old regions: 131->142
[15.653s][info][gc,heap        ] GC(23) Archive regions: 0->0
[15.653s][info][gc,heap        ] GC(23) Humongous regions: 34->34
[15.653s][info][gc,metaspace   ] GC(23) Metaspace: 55866K(56704K)->55866K(56704K) NonClass: 48724K(49216K)->48724K(49216K) Class: 7142K(7488K)->7142K(7488K)
[15.653s][info][gc             ] GC(23) Pause Young (Normal) (G1 Evacuation Pause) 552M->206M(663M) 20.527ms
[15.653s][info][gc,cpu         ] GC(23) User=0.23s Sys=0.00s Real=0.01s
[15.792s][info][gc,start       ] GC(24) Pause Young (Normal) (G1 Evacuation Pause)
[15.792s][info][gc,task        ] GC(24) Using 15 workers of 33 for evacuation
[15.808s][info][gc,phases      ] GC(24)   Pre Evacuate Collection Set: 0.2ms
[15.808s][info][gc,phases      ] GC(24)   Merge Heap Roots: 0.2ms
[15.808s][info][gc,phases      ] GC(24)   Evacuate Collection Set: 14.6ms
[15.808s][info][gc,phases      ] GC(24)   Post Evacuate Collection Set: 0.8ms
[15.808s][info][gc,phases      ] GC(24)   Other: 0.2ms
[15.808s][info][gc,heap        ] GC(24) Eden regions: 357->0(368)
[15.808s][info][gc,heap        ] GC(24) Survivor regions: 40->29(50)
[15.808s][info][gc,heap        ] GC(24) Old regions: 142->155
[15.808s][info][gc,heap        ] GC(24) Archive regions: 0->0
[15.808s][info][gc,heap        ] GC(24) Humongous regions: 34->34
[15.808s][info][gc,metaspace   ] GC(24) Metaspace: 56211K(57024K)->56211K(57024K) NonClass: 49014K(49472K)->49014K(49472K) Class: 7196K(7552K)->7196K(7552K)
[15.808s][info][gc             ] GC(24) Pause Young (Normal) (G1 Evacuation Pause) 563M->207M(663M) 16.504ms
[15.808s][info][gc,cpu         ] GC(24) User=0.23s Sys=0.00s Real=0.02s
[15.996s][info][gc,start       ] GC(25) Pause Young (Normal) (G1 Evacuation Pause)
[15.996s][info][gc,task        ] GC(25) Using 15 workers of 33 for evacuation
[16.009s][info][gc,phases      ] GC(25)   Pre Evacuate Collection Set: 0.1ms
[16.010s][info][gc,phases      ] GC(25)   Merge Heap Roots: 0.2ms
[16.010s][info][gc,phases      ] GC(25)   Evacuate Collection Set: 11.0ms
[16.010s][info][gc,phases      ] GC(25)   Post Evacuate Collection Set: 1.6ms
[16.010s][info][gc,phases      ] GC(25)   Other: 0.2ms
[16.010s][info][gc,heap        ] GC(25) Eden regions: 368->0(404)
[16.010s][info][gc,heap        ] GC(25) Survivor regions: 29->27(50)
[16.010s][info][gc,heap        ] GC(25) Old regions: 155->155
[16.010s][info][gc,heap        ] GC(25) Archive regions: 0->0
[16.010s][info][gc,heap        ] GC(25) Humongous regions: 34->34
[16.010s][info][gc,metaspace   ] GC(25) Metaspace: 56211K(57024K)->56211K(57024K) NonClass: 49014K(49472K)->49014K(49472K) Class: 7196K(7552K)->7196K(7552K)
[16.010s][info][gc             ] GC(25) Pause Young (Normal) (G1 Evacuation Pause) 575M->205M(719M) 13.636ms
[16.010s][info][gc,cpu         ] GC(25) User=0.23s Sys=0.00s Real=0.02s
[16.234s][info][gc,start       ] GC(26) Pause Young (Normal) (G1 Evacuation Pause)
[16.234s][info][gc,task        ] GC(26) Using 17 workers of 33 for evacuation
[16.246s][info][gc,phases      ] GC(26)   Pre Evacuate Collection Set: 0.1ms
[16.246s][info][gc,phases      ] GC(26)   Merge Heap Roots: 0.2ms
[16.246s][info][gc,phases      ] GC(26)   Evacuate Collection Set: 10.3ms
[16.246s][info][gc,phases      ] GC(26)   Post Evacuate Collection Set: 0.7ms
[16.246s][info][gc,phases      ] GC(26)   Other: 0.2ms
[16.246s][info][gc,heap        ] GC(26) Eden regions: 404->0(404)
[16.246s][info][gc,heap        ] GC(26) Survivor regions: 27->27(54)
[16.246s][info][gc,heap        ] GC(26) Old regions: 155->155
[16.246s][info][gc,heap        ] GC(26) Archive regions: 0->0
[16.246s][info][gc,heap        ] GC(26) Humongous regions: 34->34
[16.246s][info][gc,metaspace   ] GC(26) Metaspace: 56211K(57024K)->56211K(57024K) NonClass: 49014K(49472K)->49014K(49472K) Class: 7196K(7552K)->7196K(7552K)
[16.246s][info][gc             ] GC(26) Pause Young (Normal) (G1 Evacuation Pause) 609M->206M(719M) 12.192ms
[16.246s][info][gc,cpu         ] GC(26) User=0.27s Sys=0.00s Real=0.02s
[16.479s][info][gc,start       ] GC(27) Pause Full (System.gc())
[16.480s][info][gc,task        ] GC(27) Using 17 workers of 33 for full compaction
[16.480s][info][gc,phases,start] GC(27) Phase 1: Mark live objects
[16.520s][info][gc,phases      ] GC(27) Phase 1: Mark live objects 39.773ms
[16.520s][info][gc,phases,start] GC(27) Phase 2: Prepare compaction
[16.525s][info][gc,phases      ] GC(27) Phase 2: Prepare compaction 4.874ms
[16.525s][info][gc,phases,start] GC(27) Phase 3: Adjust pointers
[16.532s][info][gc,phases      ] GC(27) Phase 3: Adjust pointers 6.962ms
[16.532s][info][gc,phases,start] GC(27) Phase 4: Compact heap
[16.534s][info][gc,phases      ] GC(27) Phase 4: Compact heap 2.043ms
[16.540s][info][gc,heap        ] GC(27) Eden regions: 149->0(360)
[16.540s][info][gc,heap        ] GC(27) Survivor regions: 27->0(54)
[16.540s][info][gc,heap        ] GC(27) Old regions: 155->168
[16.540s][info][gc,heap        ] GC(27) Archive regions: 0->0
[16.540s][info][gc,heap        ] GC(27) Humongous regions: 39->12
[16.540s][info][gc,metaspace   ] GC(27) Metaspace: 58022K(58880K)->57970K(58880K) NonClass: 50618K(51072K)->50581K(51072K) Class: 7403K(7808K)->7388K(7808K)
[16.540s][info][gc             ] GC(27) Pause Full (System.gc()) 359M->173M(600M) 60.860ms
[16.540s][info][gc,cpu         ] GC(27) User=0.80s Sys=0.02s Real=0.06s
[16.776s][info][gc,start       ] GC(28) Pause Young (Normal) (G1 Evacuation Pause)
[16.776s][info][gc,task        ] GC(28) Using 15 workers of 33 for evacuation
[16.778s][info][gc,phases      ] GC(28)   Pre Evacuate Collection Set: 0.2ms
[16.778s][info][gc,phases      ] GC(28)   Merge Heap Roots: 0.1ms
[16.778s][info][gc,phases      ] GC(28)   Evacuate Collection Set: 0.7ms
[16.778s][info][gc,phases      ] GC(28)   Post Evacuate Collection Set: 0.9ms
[16.778s][info][gc,phases      ] GC(28)   Other: 0.2ms
[16.778s][info][gc,heap        ] GC(28) Eden regions: 360->0(355)
[16.779s][info][gc,heap        ] GC(28) Survivor regions: 0->5(45)
[16.779s][info][gc,heap        ] GC(28) Old regions: 168->168
[16.779s][info][gc,heap        ] GC(28) Archive regions: 0->0
[16.779s][info][gc,heap        ] GC(28) Humongous regions: 22->12
[16.779s][info][gc,metaspace   ] GC(28) Metaspace: 58316K(59200K)->58316K(59200K) NonClass: 50859K(51328K)->50859K(51328K) Class: 7457K(7872K)->7457K(7872K)
[16.779s][info][gc             ] GC(28) Pause Young (Normal) (G1 Evacuation Pause) 543M->177M(600M) 2.616ms
[16.779s][info][gc,cpu         ] GC(28) User=0.00s Sys=0.00s Real=0.00s
[16.892s][info][gc,start       ] GC(29) Pause Young (Normal) (G1 Evacuation Pause)
[16.892s][info][gc,task        ] GC(29) Using 14 workers of 33 for evacuation
[16.894s][info][gc,phases      ] GC(29)   Pre Evacuate Collection Set: 0.2ms
[16.894s][info][gc,phases      ] GC(29)   Merge Heap Roots: 0.1ms
[16.894s][info][gc,phases      ] GC(29)   Evacuate Collection Set: 0.5ms
[16.894s][info][gc,phases      ] GC(29)   Post Evacuate Collection Set: 0.7ms
[16.894s][info][gc,phases      ] GC(29)   Other: 0.2ms
[16.894s][info][gc,heap        ] GC(29) Eden regions: 355->0(358)
[16.894s][info][gc,heap        ] GC(29) Survivor regions: 5->2(45)
[16.894s][info][gc,heap        ] GC(29) Old regions: 168->168
[16.894s][info][gc,heap        ] GC(29) Archive regions: 0->0
[16.894s][info][gc,heap        ] GC(29) Humongous regions: 12->12
[16.894s][info][gc,metaspace   ] GC(29) Metaspace: 58319K(59200K)->58319K(59200K) NonClass: 50862K(51328K)->50862K(51328K) Class: 7457K(7872K)->7457K(7872K)
[16.894s][info][gc             ] GC(29) Pause Young (Normal) (G1 Evacuation Pause) 532M->174M(600M) 2.183ms
[16.894s][info][gc,cpu         ] GC(29) User=0.05s Sys=0.00s Real=0.02s
[17.008s][info][gc,start       ] GC(30) Pause Young (Normal) (G1 Evacuation Pause)
[17.008s][info][gc,task        ] GC(30) Using 14 workers of 33 for evacuation
[17.009s][info][gc,phases      ] GC(30)   Pre Evacuate Collection Set: 0.2ms
[17.009s][info][gc,phases      ] GC(30)   Merge Heap Roots: 0.1ms
[17.009s][info][gc,phases      ] GC(30)   Evacuate Collection Set: 0.4ms
[17.009s][info][gc,phases      ] GC(30)   Post Evacuate Collection Set: 0.7ms
[17.010s][info][gc,phases      ] GC(30)   Other: 0.2ms
[17.010s][info][gc,heap        ] GC(30) Eden regions: 358->0(359)
[17.010s][info][gc,heap        ] GC(30) Survivor regions: 2->1(45)
[17.010s][info][gc,heap        ] GC(30) Old regions: 168->168
[17.010s][info][gc,heap        ] GC(30) Archive regions: 0->0
[17.010s][info][gc,heap        ] GC(30) Humongous regions: 12->12
[17.010s][info][gc,metaspace   ] GC(30) Metaspace: 58319K(59200K)->58319K(59200K) NonClass: 50862K(51328K)->50862K(51328K) Class: 7457K(7872K)->7457K(7872K)
[17.010s][info][gc             ] GC(30) Pause Young (Normal) (G1 Evacuation Pause) 532M->173M(600M) 2.143ms
[17.010s][info][gc,cpu         ] GC(30) User=0.00s Sys=0.00s Real=0.00s
[17.127s][info][gc,start       ] GC(31) Pause Young (Normal) (G1 Evacuation Pause)
[17.127s][info][gc,task        ] GC(31) Using 14 workers of 33 for evacuation
[17.129s][info][gc,phases      ] GC(31)   Pre Evacuate Collection Set: 0.1ms
[17.129s][info][gc,phases      ] GC(31)   Merge Heap Roots: 0.2ms
[17.129s][info][gc,phases      ] GC(31)   Evacuate Collection Set: 0.4ms
[17.129s][info][gc,phases      ] GC(31)   Post Evacuate Collection Set: 0.7ms
[17.129s][info][gc,phases      ] GC(31)   Other: 0.2ms
[17.129s][info][gc,heap        ] GC(31) Eden regions: 359->0(359)
[17.129s][info][gc,heap        ] GC(31) Survivor regions: 1->1(45)
[17.129s][info][gc,heap        ] GC(31) Old regions: 168->168
[17.129s][info][gc,heap        ] GC(31) Archive regions: 0->0
[17.129s][info][gc,heap        ] GC(31) Humongous regions: 12->12
[17.129s][info][gc,metaspace   ] GC(31) Metaspace: 58319K(59200K)->58319K(59200K) NonClass: 50862K(51328K)->50862K(51328K) Class: 7457K(7872K)->7457K(7872K)
[17.129s][info][gc             ] GC(31) Pause Young (Normal) (G1 Evacuation Pause) 532M->173M(600M) 2.043ms
[17.129s][info][gc,cpu         ] GC(31) User=0.20s Sys=0.02s Real=0.01s
[17.245s][info][gc,start       ] GC(32) Pause Young (Normal) (G1 Evacuation Pause)
[17.245s][info][gc,task        ] GC(32) Using 14 workers of 33 for evacuation
[17.246s][info][gc,phases      ] GC(32)   Pre Evacuate Collection Set: 0.1ms
[17.246s][info][gc,phases      ] GC(32)   Merge Heap Roots: 0.1ms
[17.246s][info][gc,phases      ] GC(32)   Evacuate Collection Set: 0.4ms
[17.246s][info][gc,phases      ] GC(32)   Post Evacuate Collection Set: 0.6ms
[17.246s][info][gc,phases      ] GC(32)   Other: 0.1ms
[17.246s][info][gc,heap        ] GC(32) Eden regions: 359->0(359)
[17.246s][info][gc,heap        ] GC(32) Survivor regions: 1->1(45)
[17.246s][info][gc,heap        ] GC(32) Old regions: 168->168
[17.246s][info][gc,heap        ] GC(32) Archive regions: 0->0
[17.246s][info][gc,heap        ] GC(32) Humongous regions: 12->12
[17.246s][info][gc,metaspace   ] GC(32) Metaspace: 58319K(59200K)->58319K(59200K) NonClass: 50862K(51328K)->50862K(51328K) Class: 7457K(7872K)->7457K(7872K)
[17.247s][info][gc             ] GC(32) Pause Young (Normal) (G1 Evacuation Pause) 532M->173M(600M) 1.916ms
[17.247s][info][gc,cpu         ] GC(32) User=0.00s Sys=0.00s Real=0.00s
[17.340s][info][gc,start       ] GC(33) Pause Full (System.gc())
[17.340s][info][gc,task        ] GC(33) Using 14 workers of 33 for full compaction
[17.341s][info][gc,phases,start] GC(33) Phase 1: Mark live objects
[17.376s][info][gc,phases      ] GC(33) Phase 1: Mark live objects 34.799ms
[17.376s][info][gc,phases,start] GC(33) Phase 2: Prepare compaction
[17.381s][info][gc,phases      ] GC(33) Phase 2: Prepare compaction 4.863ms
[17.381s][info][gc,phases,start] GC(33) Phase 3: Adjust pointers
[17.387s][info][gc,phases      ] GC(33) Phase 3: Adjust pointers 6.689ms
[17.387s][info][gc,phases,start] GC(33) Phase 4: Compact heap
[17.388s][info][gc,phases      ] GC(33) Phase 4: Compact heap 0.916ms
[17.393s][info][gc,heap        ] GC(33) Eden regions: 149->0(360)
[17.393s][info][gc,heap        ] GC(33) Survivor regions: 1->0(45)
[17.393s][info][gc,heap        ] GC(33) Old regions: 168->170
[17.393s][info][gc,heap        ] GC(33) Archive regions: 0->0
[17.393s][info][gc,heap        ] GC(33) Humongous regions: 17->12
[17.393s][info][gc,metaspace   ] GC(33) Metaspace: 58409K(59264K)->58409K(59264K) NonClass: 50951K(51392K)->50951K(51392K) Class: 7457K(7872K)->7457K(7872K)
[17.393s][info][gc             ] GC(33) Pause Full (System.gc()) 326M->173M(600M) 52.941ms
[17.393s][info][gc,cpu         ] GC(33) User=0.70s Sys=0.00s Real=0.06s
[17.617s][info][gc,start       ] GC(34) Pause Young (Normal) (G1 Evacuation Pause)
[17.617s][info][gc,task        ] GC(34) Using 14 workers of 33 for evacuation
[17.618s][info][gc,phases      ] GC(34)   Pre Evacuate Collection Set: 0.2ms
[17.618s][info][gc,phases      ] GC(34)   Merge Heap Roots: 0.1ms
[17.618s][info][gc,phases      ] GC(34)   Evacuate Collection Set: 0.4ms
[17.618s][info][gc,phases      ] GC(34)   Post Evacuate Collection Set: 0.6ms
[17.618s][info][gc,phases      ] GC(34)   Other: 0.2ms
[17.618s][info][gc,heap        ] GC(34) Eden regions: 360->0(359)
[17.618s][info][gc,heap        ] GC(34) Survivor regions: 0->1(45)
[17.618s][info][gc,heap        ] GC(34) Old regions: 170->170
[17.618s][info][gc,heap        ] GC(34) Archive regions: 0->0
[17.618s][info][gc,heap        ] GC(34) Humongous regions: 22->12
[17.619s][info][gc,metaspace   ] GC(34) Metaspace: 58479K(59328K)->58479K(59328K) NonClass: 51021K(51456K)->51021K(51456K) Class: 7457K(7872K)->7457K(7872K)
[17.619s][info][gc             ] GC(34) Pause Young (Normal) (G1 Evacuation Pause) 543M->173M(600M) 1.957ms
[17.619s][info][gc,cpu         ] GC(34) User=0.00s Sys=0.00s Real=0.00s
[17.738s][info][gc,start       ] GC(35) Pause Young (Normal) (G1 Evacuation Pause)
[17.738s][info][gc,task        ] GC(35) Using 14 workers of 33 for evacuation
[17.740s][info][gc,phases      ] GC(35)   Pre Evacuate Collection Set: 0.1ms
[17.740s][info][gc,phases      ] GC(35)   Merge Heap Roots: 0.1ms
[17.740s][info][gc,phases      ] GC(35)   Evacuate Collection Set: 0.3ms
[17.740s][info][gc,phases      ] GC(35)   Post Evacuate Collection Set: 0.6ms
[17.740s][info][gc,phases      ] GC(35)   Other: 0.2ms
[17.740s][info][gc,heap        ] GC(35) Eden regions: 359->0(359)
[17.740s][info][gc,heap        ] GC(35) Survivor regions: 1->1(45)
[17.740s][info][gc,heap        ] GC(35) Old regions: 170->170
[17.740s][info][gc,heap        ] GC(35) Archive regions: 0->0
[17.740s][info][gc,heap        ] GC(35) Humongous regions: 12->12
[17.740s][info][gc,metaspace   ] GC(35) Metaspace: 58479K(59328K)->58479K(59328K) NonClass: 51021K(51456K)->51021K(51456K) Class: 7457K(7872K)->7457K(7872K)
[17.740s][info][gc             ] GC(35) Pause Young (Normal) (G1 Evacuation Pause) 532M->173M(600M) 1.912ms
[17.740s][info][gc,cpu         ] GC(35) User=0.00s Sys=0.00s Real=0.00s
[17.854s][info][gc,start       ] GC(36) Pause Young (Normal) (G1 Evacuation Pause)
[17.854s][info][gc,task        ] GC(36) Using 14 workers of 33 for evacuation
[17.855s][info][gc,phases      ] GC(36)   Pre Evacuate Collection Set: 0.1ms
[17.855s][info][gc,phases      ] GC(36)   Merge Heap Roots: 0.1ms
[17.855s][info][gc,phases      ] GC(36)   Evacuate Collection Set: 0.3ms
[17.855s][info][gc,phases      ] GC(36)   Post Evacuate Collection Set: 0.6ms
[17.856s][info][gc,phases      ] GC(36)   Other: 0.2ms
[17.856s][info][gc,heap        ] GC(36) Eden regions: 359->0(359)
[17.856s][info][gc,heap        ] GC(36) Survivor regions: 1->1(45)
[17.856s][info][gc,heap        ] GC(36) Old regions: 170->170
[17.856s][info][gc,heap        ] GC(36) Archive regions: 0->0
[17.856s][info][gc,heap        ] GC(36) Humongous regions: 12->12
[17.856s][info][gc,metaspace   ] GC(36) Metaspace: 58479K(59328K)->58479K(59328K) NonClass: 51021K(51456K)->51021K(51456K) Class: 7457K(7872K)->7457K(7872K)
[17.856s][info][gc             ] GC(36) Pause Young (Normal) (G1 Evacuation Pause) 532M->173M(600M) 1.748ms
[17.856s][info][gc,cpu         ] GC(36) User=0.00s Sys=0.00s Real=0.00s
[17.975s][info][gc,start       ] GC(37) Pause Young (Normal) (G1 Evacuation Pause)
[17.975s][info][gc,task        ] GC(37) Using 14 workers of 33 for evacuation
[17.976s][info][gc,phases      ] GC(37)   Pre Evacuate Collection Set: 0.1ms
[17.976s][info][gc,phases      ] GC(37)   Merge Heap Roots: 0.1ms
[17.976s][info][gc,phases      ] GC(37)   Evacuate Collection Set: 0.3ms
[17.976s][info][gc,phases      ] GC(37)   Post Evacuate Collection Set: 0.6ms
[17.976s][info][gc,phases      ] GC(37)   Other: 0.1ms
[17.976s][info][gc,heap        ] GC(37) Eden regions: 359->0(359)
[17.976s][info][gc,heap        ] GC(37) Survivor regions: 1->1(45)
[17.976s][info][gc,heap        ] GC(37) Old regions: 170->170
[17.976s][info][gc,heap        ] GC(37) Archive regions: 0->0
[17.976s][info][gc,heap        ] GC(37) Humongous regions: 12->12
[17.976s][info][gc,metaspace   ] GC(37) Metaspace: 58479K(59328K)->58479K(59328K) NonClass: 51021K(51456K)->51021K(51456K) Class: 7457K(7872K)->7457K(7872K)
[17.976s][info][gc             ] GC(37) Pause Young (Normal) (G1 Evacuation Pause) 532M->173M(600M) 1.762ms
[17.976s][info][gc,cpu         ] GC(37) User=0.00s Sys=0.00s Real=0.00s
[18.097s][info][gc,start       ] GC(38) Pause Young (Normal) (G1 Evacuation Pause)
[18.097s][info][gc,task        ] GC(38) Using 14 workers of 33 for evacuation
[18.099s][info][gc,phases      ] GC(38)   Pre Evacuate Collection Set: 0.1ms
[18.099s][info][gc,phases      ] GC(38)   Merge Heap Roots: 0.1ms
[18.099s][info][gc,phases      ] GC(38)   Evacuate Collection Set: 0.3ms
[18.099s][info][gc,phases      ] GC(38)   Post Evacuate Collection Set: 0.6ms
[18.099s][info][gc,phases      ] GC(38)   Other: 0.1ms
[18.099s][info][gc,heap        ] GC(38) Eden regions: 359->0(359)
[18.099s][info][gc,heap        ] GC(38) Survivor regions: 1->1(45)
[18.099s][info][gc,heap        ] GC(38) Old regions: 170->170
[18.099s][info][gc,heap        ] GC(38) Archive regions: 0->0
[18.099s][info][gc,heap        ] GC(38) Humongous regions: 12->12
[18.099s][info][gc,metaspace   ] GC(38) Metaspace: 58479K(59328K)->58479K(59328K) NonClass: 51021K(51456K)->51021K(51456K) Class: 7457K(7872K)->7457K(7872K)
[18.099s][info][gc             ] GC(38) Pause Young (Normal) (G1 Evacuation Pause) 532M->173M(600M) 1.742ms
[18.099s][info][gc,cpu         ] GC(38) User=0.00s Sys=0.00s Real=0.00s
[18.188s][info][gc,start       ] GC(39) Pause Full (System.gc())
[18.188s][info][gc,task        ] GC(39) Using 14 workers of 33 for full compaction
[18.189s][info][gc,phases,start] GC(39) Phase 1: Mark live objects
[18.225s][info][gc,phases      ] GC(39) Phase 1: Mark live objects 36.538ms
[18.225s][info][gc,phases,start] GC(39) Phase 2: Prepare compaction
[18.230s][info][gc,phases      ] GC(39) Phase 2: Prepare compaction 4.797ms
[18.230s][info][gc,phases,start] GC(39) Phase 3: Adjust pointers
[18.237s][info][gc,phases      ] GC(39) Phase 3: Adjust pointers 7.258ms
[18.237s][info][gc,phases,start] GC(39) Phase 4: Compact heap
[18.238s][info][gc,phases      ] GC(39) Phase 4: Compact heap 0.539ms
[18.243s][info][gc,heap        ] GC(39) Eden regions: 138->0(360)
[18.243s][info][gc,heap        ] GC(39) Survivor regions: 1->0(45)
[18.243s][info][gc,heap        ] GC(39) Old regions: 170->169
[18.243s][info][gc,heap        ] GC(39) Archive regions: 0->0
[18.243s][info][gc,heap        ] GC(39) Humongous regions: 17->12
[18.243s][info][gc,metaspace   ] GC(39) Metaspace: 58554K(59456K)->58554K(59456K) NonClass: 51096K(51584K)->51096K(51584K) Class: 7457K(7872K)->7457K(7872K)
[18.243s][info][gc             ] GC(39) Pause Full (System.gc()) 316M->173M(600M) 55.059ms
[18.243s][info][gc,cpu         ] GC(39) User=0.67s Sys=0.00s Real=0.05s
[18.417s][info][gc,start       ] GC(40) Pause Young (Normal) (G1 Evacuation Pause)
[18.417s][info][gc,task        ] GC(40) Using 14 workers of 33 for evacuation
[18.419s][info][gc,phases      ] GC(40)   Pre Evacuate Collection Set: 0.2ms
[18.419s][info][gc,phases      ] GC(40)   Merge Heap Roots: 0.1ms
[18.419s][info][gc,phases      ] GC(40)   Evacuate Collection Set: 0.4ms
[18.419s][info][gc,phases      ] GC(40)   Post Evacuate Collection Set: 0.9ms
[18.419s][info][gc,phases      ] GC(40)   Other: 0.2ms
[18.419s][info][gc,heap        ] GC(40) Eden regions: 360->0(369)
[18.419s][info][gc,heap        ] GC(40) Survivor regions: 0->1(45)
[18.419s][info][gc,heap        ] GC(40) Old regions: 169->169
[18.419s][info][gc,heap        ] GC(40) Archive regions: 0->0
[18.419s][info][gc,heap        ] GC(40) Humongous regions: 22->12
[18.419s][info][gc,metaspace   ] GC(40) Metaspace: 58620K(59520K)->58620K(59520K) NonClass: 51162K(51648K)->51162K(51648K) Class: 7458K(7872K)->7458K(7872K)
[18.419s][info][gc             ] GC(40) Pause Young (Normal) (G1 Evacuation Pause) 543M->173M(617M) 2.299ms
[18.419s][info][gc,cpu         ] GC(40) User=0.05s Sys=0.02s Real=0.02s
[18.550s][info][gc,start       ] GC(41) Pause Young (Normal) (G1 Evacuation Pause)
[18.550s][info][gc,task        ] GC(41) Using 14 workers of 33 for evacuation
[18.552s][info][gc,phases      ] GC(41)   Pre Evacuate Collection Set: 0.2ms
[18.552s][info][gc,phases      ] GC(41)   Merge Heap Roots: 0.1ms
[18.552s][info][gc,phases      ] GC(41)   Evacuate Collection Set: 0.4ms
[18.552s][info][gc,phases      ] GC(41)   Post Evacuate Collection Set: 0.6ms
[18.552s][info][gc,phases      ] GC(41)   Other: 0.1ms
[18.552s][info][gc,heap        ] GC(41) Eden regions: 369->0(369)
[18.552s][info][gc,heap        ] GC(41) Survivor regions: 1->1(47)
[18.552s][info][gc,heap        ] GC(41) Old regions: 169->169
[18.552s][info][gc,heap        ] GC(41) Archive regions: 0->0
[18.552s][info][gc,heap        ] GC(41) Humongous regions: 12->12
[18.552s][info][gc,metaspace   ] GC(41) Metaspace: 58632K(59520K)->58632K(59520K) NonClass: 51173K(51648K)->51173K(51648K) Class: 7458K(7872K)->7458K(7872K)
[18.552s][info][gc             ] GC(41) Pause Young (Normal) (G1 Evacuation Pause) 542M->173M(617M) 1.750ms
[18.552s][info][gc,cpu         ] GC(41) User=0.00s Sys=0.00s Real=0.00s
[18.672s][info][gc,start       ] GC(42) Pause Young (Normal) (G1 Evacuation Pause)
[18.672s][info][gc,task        ] GC(42) Using 14 workers of 33 for evacuation
[18.674s][info][gc,phases      ] GC(42)   Pre Evacuate Collection Set: 0.1ms
[18.674s][info][gc,phases      ] GC(42)   Merge Heap Roots: 0.1ms
[18.674s][info][gc,phases      ] GC(42)   Evacuate Collection Set: 0.3ms
[18.674s][info][gc,phases      ] GC(42)   Post Evacuate Collection Set: 0.7ms
[18.674s][info][gc,phases      ] GC(42)   Other: 0.2ms
[18.674s][info][gc,heap        ] GC(42) Eden regions: 369->0(369)
[18.674s][info][gc,heap        ] GC(42) Survivor regions: 1->1(47)
[18.674s][info][gc,heap        ] GC(42) Old regions: 169->169
[18.674s][info][gc,heap        ] GC(42) Archive regions: 0->0
[18.674s][info][gc,heap        ] GC(42) Humongous regions: 12->12
[18.674s][info][gc,metaspace   ] GC(42) Metaspace: 58632K(59520K)->58632K(59520K) NonClass: 51173K(51648K)->51173K(51648K) Class: 7458K(7872K)->7458K(7872K)
[18.674s][info][gc             ] GC(42) Pause Young (Normal) (G1 Evacuation Pause) 542M->173M(617M) 1.931ms
[18.674s][info][gc,cpu         ] GC(42) User=0.00s Sys=0.00s Real=0.00s
[18.794s][info][gc,start       ] GC(43) Pause Young (Normal) (G1 Evacuation Pause)
[18.795s][info][gc,task        ] GC(43) Using 14 workers of 33 for evacuation
[18.796s][info][gc,phases      ] GC(43)   Pre Evacuate Collection Set: 0.1ms
[18.796s][info][gc,phases      ] GC(43)   Merge Heap Roots: 0.1ms
[18.796s][info][gc,phases      ] GC(43)   Evacuate Collection Set: 0.4ms
[18.796s][info][gc,phases      ] GC(43)   Post Evacuate Collection Set: 0.6ms
[18.796s][info][gc,phases      ] GC(43)   Other: 0.2ms
[18.796s][info][gc,heap        ] GC(43) Eden regions: 369->0(369)
[18.796s][info][gc,heap        ] GC(43) Survivor regions: 1->1(47)
[18.796s][info][gc,heap        ] GC(43) Old regions: 169->169
[18.796s][info][gc,heap        ] GC(43) Archive regions: 0->0
[18.796s][info][gc,heap        ] GC(43) Humongous regions: 12->12
[18.796s][info][gc,metaspace   ] GC(43) Metaspace: 58632K(59520K)->58632K(59520K) NonClass: 51173K(51648K)->51173K(51648K) Class: 7458K(7872K)->7458K(7872K)
[18.796s][info][gc             ] GC(43) Pause Young (Normal) (G1 Evacuation Pause) 542M->173M(617M) 2.013ms
[18.796s][info][gc,cpu         ] GC(43) User=0.00s Sys=0.00s Real=0.00s
[18.922s][info][gc,start       ] GC(44) Pause Young (Normal) (G1 Evacuation Pause)
[18.922s][info][gc,task        ] GC(44) Using 14 workers of 33 for evacuation
[18.923s][info][gc,phases      ] GC(44)   Pre Evacuate Collection Set: 0.1ms
[18.923s][info][gc,phases      ] GC(44)   Merge Heap Roots: 0.1ms
[18.923s][info][gc,phases      ] GC(44)   Evacuate Collection Set: 0.4ms
[18.923s][info][gc,phases      ] GC(44)   Post Evacuate Collection Set: 0.6ms
[18.923s][info][gc,phases      ] GC(44)   Other: 0.2ms
[18.923s][info][gc,heap        ] GC(44) Eden regions: 369->0(369)
[18.923s][info][gc,heap        ] GC(44) Survivor regions: 1->1(47)
[18.924s][info][gc,heap        ] GC(44) Old regions: 169->169
[18.924s][info][gc,heap        ] GC(44) Archive regions: 0->0
[18.924s][info][gc,heap        ] GC(44) Humongous regions: 12->12
[18.924s][info][gc,metaspace   ] GC(44) Metaspace: 58632K(59520K)->58632K(59520K) NonClass: 51173K(51648K)->51173K(51648K) Class: 7458K(7872K)->7458K(7872K)
[18.924s][info][gc             ] GC(44) Pause Young (Normal) (G1 Evacuation Pause) 542M->173M(617M) 1.938ms
[18.924s][info][gc,cpu         ] GC(44) User=0.00s Sys=0.00s Real=0.00s
[19.017s][info][gc,start       ] GC(45) Pause Full (System.gc())
[19.017s][info][gc,task        ] GC(45) Using 14 workers of 33 for full compaction
[19.018s][info][gc,phases,start] GC(45) Phase 1: Mark live objects
[19.057s][info][gc,phases      ] GC(45) Phase 1: Mark live objects 38.744ms
[19.057s][info][gc,phases,start] GC(45) Phase 2: Prepare compaction
[19.062s][info][gc,phases      ] GC(45) Phase 2: Prepare compaction 4.892ms
[19.062s][info][gc,phases,start] GC(45) Phase 3: Adjust pointers
[19.069s][info][gc,phases      ] GC(45) Phase 3: Adjust pointers 6.763ms
[19.069s][info][gc,phases,start] GC(45) Phase 4: Compact heap
[19.069s][info][gc,phases      ] GC(45) Phase 4: Compact heap 0.508ms
[19.074s][info][gc,heap        ] GC(45) Eden regions: 97->0(360)
[19.074s][info][gc,heap        ] GC(45) Survivor regions: 1->0(47)
[19.074s][info][gc,heap        ] GC(45) Old regions: 169->168
[19.074s][info][gc,heap        ] GC(45) Archive regions: 0->0
[19.074s][info][gc,heap        ] GC(45) Humongous regions: 17->12
[19.074s][info][gc,metaspace   ] GC(45) Metaspace: 58661K(59520K)->58661K(59520K) NonClass: 51203K(51648K)->51203K(51648K) Class: 7458K(7872K)->7458K(7872K)
[19.074s][info][gc             ] GC(45) Pause Full (System.gc()) 275M->173M(600M) 56.956ms
[19.074s][info][gc,cpu         ] GC(45) User=0.66s Sys=0.00s Real=0.05s
[19.265s][info][gc,start       ] GC(46) Pause Young (Normal) (G1 Evacuation Pause)
[19.266s][info][gc,task        ] GC(46) Using 14 workers of 33 for evacuation
[19.267s][info][gc,phases      ] GC(46)   Pre Evacuate Collection Set: 0.2ms
[19.267s][info][gc,phases      ] GC(46)   Merge Heap Roots: 0.1ms
[19.267s][info][gc,phases      ] GC(46)   Evacuate Collection Set: 0.4ms
[19.267s][info][gc,phases      ] GC(46)   Post Evacuate Collection Set: 0.7ms
[19.267s][info][gc,phases      ] GC(46)   Other: 0.2ms
[19.267s][info][gc,heap        ] GC(46) Eden regions: 360->0(359)
[19.267s][info][gc,heap        ] GC(46) Survivor regions: 0->1(45)
[19.267s][info][gc,heap        ] GC(46) Old regions: 168->168
[19.267s][info][gc,heap        ] GC(46) Archive regions: 0->0
[19.267s][info][gc,heap        ] GC(46) Humongous regions: 22->12
[19.267s][info][gc,metaspace   ] GC(46) Metaspace: 58706K(59584K)->58706K(59584K) NonClass: 51248K(51712K)->51248K(51712K) Class: 7458K(7872K)->7458K(7872K)
[19.268s][info][gc             ] GC(46) Pause Young (Normal) (G1 Evacuation Pause) 543M->173M(600M) 2.096ms
[19.268s][info][gc,cpu         ] GC(46) User=0.00s Sys=0.00s Real=0.00s
[19.394s][info][gc,start       ] GC(47) Pause Young (Normal) (G1 Evacuation Pause)
[19.394s][info][gc,task        ] GC(47) Using 14 workers of 33 for evacuation
[19.395s][info][gc,phases      ] GC(47)   Pre Evacuate Collection Set: 0.2ms
[19.395s][info][gc,phases      ] GC(47)   Merge Heap Roots: 0.1ms
[19.395s][info][gc,phases      ] GC(47)   Evacuate Collection Set: 0.3ms
[19.395s][info][gc,phases      ] GC(47)   Post Evacuate Collection Set: 0.6ms
[19.395s][info][gc,phases      ] GC(47)   Other: 0.2ms
[19.395s][info][gc,heap        ] GC(47) Eden regions: 359->0(359)
[19.395s][info][gc,heap        ] GC(47) Survivor regions: 1->1(45)
[19.395s][info][gc,heap        ] GC(47) Old regions: 168->168
[19.395s][info][gc,heap        ] GC(47) Archive regions: 0->0
[19.395s][info][gc,heap        ] GC(47) Humongous regions: 12->12
[19.395s][info][gc,metaspace   ] GC(47) Metaspace: 58713K(59584K)->58713K(59584K) NonClass: 51254K(51712K)->51254K(51712K) Class: 7458K(7872K)->7458K(7872K)
[19.395s][info][gc             ] GC(47) Pause Young (Normal) (G1 Evacuation Pause) 532M->173M(600M) 1.885ms
[19.396s][info][gc,cpu         ] GC(47) User=0.00s Sys=0.00s Real=0.00s
[19.512s][info][gc,start       ] GC(48) Pause Young (Normal) (G1 Evacuation Pause)
[19.512s][info][gc,task        ] GC(48) Using 14 workers of 33 for evacuation
[19.513s][info][gc,phases      ] GC(48)   Pre Evacuate Collection Set: 0.1ms
[19.513s][info][gc,phases      ] GC(48)   Merge Heap Roots: 0.1ms
[19.513s][info][gc,phases      ] GC(48)   Evacuate Collection Set: 0.4ms
[19.513s][info][gc,phases      ] GC(48)   Post Evacuate Collection Set: 0.6ms
[19.513s][info][gc,phases      ] GC(48)   Other: 0.2ms
[19.513s][info][gc,heap        ] GC(48) Eden regions: 359->0(359)
[19.513s][info][gc,heap        ] GC(48) Survivor regions: 1->1(45)
[19.513s][info][gc,heap        ] GC(48) Old regions: 168->168
[19.513s][info][gc,heap        ] GC(48) Archive regions: 0->0
[19.513s][info][gc,heap        ] GC(48) Humongous regions: 12->12
[19.513s][info][gc,metaspace   ] GC(48) Metaspace: 58713K(59584K)->58713K(59584K) NonClass: 51254K(51712K)->51254K(51712K) Class: 7458K(7872K)->7458K(7872K)
[19.513s][info][gc             ] GC(48) Pause Young (Normal) (G1 Evacuation Pause) 532M->173M(600M) 1.836ms
[19.514s][info][gc,cpu         ] GC(48) User=0.00s Sys=0.00s Real=0.00s
[19.630s][info][gc,start       ] GC(49) Pause Young (Normal) (G1 Evacuation Pause)
[19.630s][info][gc,task        ] GC(49) Using 14 workers of 33 for evacuation
[19.631s][info][gc,phases      ] GC(49)   Pre Evacuate Collection Set: 0.1ms
[19.631s][info][gc,phases      ] GC(49)   Merge Heap Roots: 0.1ms
[19.631s][info][gc,phases      ] GC(49)   Evacuate Collection Set: 0.3ms
[19.632s][info][gc,phases      ] GC(49)   Post Evacuate Collection Set: 0.6ms
[19.632s][info][gc,phases      ] GC(49)   Other: 0.2ms
[19.632s][info][gc,heap        ] GC(49) Eden regions: 359->0(359)
[19.632s][info][gc,heap        ] GC(49) Survivor regions: 1->1(45)
[19.632s][info][gc,heap        ] GC(49) Old regions: 168->168
[19.632s][info][gc,heap        ] GC(49) Archive regions: 0->0
[19.632s][info][gc,heap        ] GC(49) Humongous regions: 12->12
[19.632s][info][gc,metaspace   ] GC(49) Metaspace: 58713K(59584K)->58713K(59584K) NonClass: 51254K(51712K)->51254K(51712K) Class: 7458K(7872K)->7458K(7872K)
[19.632s][info][gc             ] GC(49) Pause Young (Normal) (G1 Evacuation Pause) 532M->173M(600M) 1.868ms
[19.632s][info][gc,cpu         ] GC(49) User=0.00s Sys=0.00s Real=0.00s
[19.753s][info][gc,start       ] GC(50) Pause Young (Normal) (G1 Evacuation Pause)
[19.753s][info][gc,task        ] GC(50) Using 14 workers of 33 for evacuation
[19.755s][info][gc,phases      ] GC(50)   Pre Evacuate Collection Set: 0.1ms
[19.755s][info][gc,phases      ] GC(50)   Merge Heap Roots: 0.1ms
[19.755s][info][gc,phases      ] GC(50)   Evacuate Collection Set: 0.3ms
[19.755s][info][gc,phases      ] GC(50)   Post Evacuate Collection Set: 0.6ms
[19.755s][info][gc,phases      ] GC(50)   Other: 0.2ms
[19.755s][info][gc,heap        ] GC(50) Eden regions: 359->0(359)
[19.755s][info][gc,heap        ] GC(50) Survivor regions: 1->1(45)
[19.755s][info][gc,heap        ] GC(50) Old regions: 168->168
[19.755s][info][gc,heap        ] GC(50) Archive regions: 0->0
[19.755s][info][gc,heap        ] GC(50) Humongous regions: 12->12
[19.755s][info][gc,metaspace   ] GC(50) Metaspace: 58713K(59584K)->58713K(59584K) NonClass: 51254K(51712K)->51254K(51712K) Class: 7458K(7872K)->7458K(7872K)
[19.755s][info][gc             ] GC(50) Pause Young (Normal) (G1 Evacuation Pause) 532M->173M(600M) 1.865ms
[19.755s][info][gc,cpu         ] GC(50) User=0.00s Sys=0.00s Real=0.00s
[19.854s][info][gc,start       ] GC(51) Pause Full (System.gc())
[19.854s][info][gc,task        ] GC(51) Using 14 workers of 33 for full compaction
[19.855s][info][gc,phases,start] GC(51) Phase 1: Mark live objects
[19.896s][info][gc,phases      ] GC(51) Phase 1: Mark live objects 41.007ms
[19.896s][info][gc,phases,start] GC(51) Phase 2: Prepare compaction
[19.900s][info][gc,phases      ] GC(51) Phase 2: Prepare compaction 4.681ms
[19.900s][info][gc,phases,start] GC(51) Phase 3: Adjust pointers
[19.907s][info][gc,phases      ] GC(51) Phase 3: Adjust pointers 6.712ms
[19.907s][info][gc,phases,start] GC(51) Phase 4: Compact heap
[19.908s][info][gc,phases      ] GC(51) Phase 4: Compact heap 0.377ms
[19.913s][info][gc,heap        ] GC(51) Eden regions: 137->0(360)
[19.913s][info][gc,heap        ] GC(51) Survivor regions: 1->0(45)
[19.913s][info][gc,heap        ] GC(51) Old regions: 168->168
[19.913s][info][gc,heap        ] GC(51) Archive regions: 0->0
[19.913s][info][gc,heap        ] GC(51) Humongous regions: 17->12
[19.913s][info][gc,metaspace   ] GC(51) Metaspace: 58748K(59584K)->58748K(59584K) NonClass: 51289K(51712K)->51289K(51712K) Class: 7458K(7872K)->7458K(7872K)
[19.913s][info][gc             ] GC(51) Pause Full (System.gc()) 315M->173M(600M) 59.604ms
[19.913s][info][gc,cpu         ] GC(51) User=0.66s Sys=0.00s Real=0.05s
[20.084s][info][gc,start       ] GC(52) Pause Young (Normal) (G1 Evacuation Pause)
[20.084s][info][gc,task        ] GC(52) Using 14 workers of 33 for evacuation
[20.085s][info][gc,phases      ] GC(52)   Pre Evacuate Collection Set: 0.2ms
[20.085s][info][gc,phases      ] GC(52)   Merge Heap Roots: 0.1ms
[20.085s][info][gc,phases      ] GC(52)   Evacuate Collection Set: 0.4ms
[20.085s][info][gc,phases      ] GC(52)   Post Evacuate Collection Set: 0.6ms
[20.085s][info][gc,phases      ] GC(52)   Other: 0.2ms
[20.085s][info][gc,heap        ] GC(52) Eden regions: 360->0(359)
[20.085s][info][gc,heap        ] GC(52) Survivor regions: 0->1(45)
[20.085s][info][gc,heap        ] GC(52) Old regions: 168->168
[20.085s][info][gc,heap        ] GC(52) Archive regions: 0->0
[20.085s][info][gc,heap        ] GC(52) Humongous regions: 22->12
[20.086s][info][gc,metaspace   ] GC(52) Metaspace: 58783K(59712K)->58783K(59712K) NonClass: 51324K(51840K)->51324K(51840K) Class: 7458K(7872K)->7458K(7872K)
[20.086s][info][gc             ] GC(52) Pause Young (Normal) (G1 Evacuation Pause) 543M->173M(600M) 2.081ms
[20.086s][info][gc,cpu         ] GC(52) User=0.00s Sys=0.00s Real=0.00s
[20.211s][info][gc,start       ] GC(53) Pause Young (Normal) (G1 Evacuation Pause)
[20.211s][info][gc,task        ] GC(53) Using 14 workers of 33 for evacuation
[20.213s][info][gc,phases      ] GC(53)   Pre Evacuate Collection Set: 0.2ms
[20.213s][info][gc,phases      ] GC(53)   Merge Heap Roots: 0.1ms
[20.213s][info][gc,phases      ] GC(53)   Evacuate Collection Set: 0.4ms
[20.213s][info][gc,phases      ] GC(53)   Post Evacuate Collection Set: 0.6ms
[20.213s][info][gc,phases      ] GC(53)   Other: 0.2ms
[20.213s][info][gc,heap        ] GC(53) Eden regions: 359->0(359)
[20.213s][info][gc,heap        ] GC(53) Survivor regions: 1->1(45)
[20.213s][info][gc,heap        ] GC(53) Old regions: 168->168
[20.213s][info][gc,heap        ] GC(53) Archive regions: 0->0
[20.213s][info][gc,heap        ] GC(53) Humongous regions: 12->12
[20.213s][info][gc,metaspace   ] GC(53) Metaspace: 58799K(59712K)->58799K(59712K) NonClass: 51340K(51840K)->51340K(51840K) Class: 7458K(7872K)->7458K(7872K)
[20.213s][info][gc             ] GC(53) Pause Young (Normal) (G1 Evacuation Pause) 532M->173M(600M) 2.129ms
[20.213s][info][gc,cpu         ] GC(53) User=0.00s Sys=0.00s Real=0.00s
[20.330s][info][gc,start       ] GC(54) Pause Young (Normal) (G1 Evacuation Pause)
[20.330s][info][gc,task        ] GC(54) Using 14 workers of 33 for evacuation
[20.332s][info][gc,phases      ] GC(54)   Pre Evacuate Collection Set: 0.1ms
[20.332s][info][gc,phases      ] GC(54)   Merge Heap Roots: 0.1ms
[20.332s][info][gc,phases      ] GC(54)   Evacuate Collection Set: 0.3ms
[20.332s][info][gc,phases      ] GC(54)   Post Evacuate Collection Set: 0.6ms
[20.332s][info][gc,phases      ] GC(54)   Other: 0.2ms
[20.332s][info][gc,heap        ] GC(54) Eden regions: 359->0(359)
[20.332s][info][gc,heap        ] GC(54) Survivor regions: 1->1(45)
[20.332s][info][gc,heap        ] GC(54) Old regions: 168->168
[20.332s][info][gc,heap        ] GC(54) Archive regions: 0->0
[20.332s][info][gc,heap        ] GC(54) Humongous regions: 12->12
[20.332s][info][gc,metaspace   ] GC(54) Metaspace: 58799K(59712K)->58799K(59712K) NonClass: 51340K(51840K)->51340K(51840K) Class: 7458K(7872K)->7458K(7872K)
[20.332s][info][gc             ] GC(54) Pause Young (Normal) (G1 Evacuation Pause) 532M->173M(600M) 1.806ms
[20.332s][info][gc,cpu         ] GC(54) User=0.00s Sys=0.00s Real=0.00s
[20.447s][info][gc,start       ] GC(55) Pause Young (Normal) (G1 Evacuation Pause)
[20.447s][info][gc,task        ] GC(55) Using 14 workers of 33 for evacuation
[20.449s][info][gc,phases      ] GC(55)   Pre Evacuate Collection Set: 0.1ms
[20.449s][info][gc,phases      ] GC(55)   Merge Heap Roots: 0.1ms
[20.449s][info][gc,phases      ] GC(55)   Evacuate Collection Set: 0.3ms
[20.449s][info][gc,phases      ] GC(55)   Post Evacuate Collection Set: 0.6ms
[20.449s][info][gc,phases      ] GC(55)   Other: 0.2ms
[20.449s][info][gc,heap        ] GC(55) Eden regions: 359->0(359)
[20.449s][info][gc,heap        ] GC(55) Survivor regions: 1->1(45)
[20.449s][info][gc,heap        ] GC(55) Old regions: 168->168
[20.449s][info][gc,heap        ] GC(55) Archive regions: 0->0
[20.449s][info][gc,heap        ] GC(55) Humongous regions: 12->12
[20.449s][info][gc,metaspace   ] GC(55) Metaspace: 58799K(59712K)->58799K(59712K) NonClass: 51340K(51840K)->51340K(51840K) Class: 7458K(7872K)->7458K(7872K)
[20.449s][info][gc             ] GC(55) Pause Young (Normal) (G1 Evacuation Pause) 532M->173M(600M) 1.835ms
[20.449s][info][gc,cpu         ] GC(55) User=0.00s Sys=0.00s Real=0.00s
[20.576s][info][gc,start       ] GC(56) Pause Young (Normal) (G1 Evacuation Pause)
[20.576s][info][gc,task        ] GC(56) Using 14 workers of 33 for evacuation
[20.577s][info][gc,phases      ] GC(56)   Pre Evacuate Collection Set: 0.1ms
[20.577s][info][gc,phases      ] GC(56)   Merge Heap Roots: 0.1ms
[20.577s][info][gc,phases      ] GC(56)   Evacuate Collection Set: 0.3ms
[20.577s][info][gc,phases      ] GC(56)   Post Evacuate Collection Set: 0.6ms
[20.577s][info][gc,phases      ] GC(56)   Other: 0.2ms
[20.578s][info][gc,heap        ] GC(56) Eden regions: 359->0(359)
[20.578s][info][gc,heap        ] GC(56) Survivor regions: 1->1(45)
[20.578s][info][gc,heap        ] GC(56) Old regions: 168->168
[20.578s][info][gc,heap        ] GC(56) Archive regions: 0->0
[20.578s][info][gc,heap        ] GC(56) Humongous regions: 12->12
[20.578s][info][gc,metaspace   ] GC(56) Metaspace: 58799K(59712K)->58799K(59712K) NonClass: 51340K(51840K)->51340K(51840K) Class: 7458K(7872K)->7458K(7872K)
[20.578s][info][gc             ] GC(56) Pause Young (Normal) (G1 Evacuation Pause) 532M->173M(600M) 1.824ms
[20.578s][info][gc,cpu         ] GC(56) User=0.00s Sys=0.00s Real=0.00s
[20.683s][info][gc,start       ] GC(57) Pause Full (System.gc())
[20.683s][info][gc,task        ] GC(57) Using 14 workers of 33 for full compaction
[20.684s][info][gc,phases,start] GC(57) Phase 1: Mark live objects
[20.721s][info][gc,phases      ] GC(57) Phase 1: Mark live objects 36.880ms
[20.721s][info][gc,phases,start] GC(57) Phase 2: Prepare compaction
[20.726s][info][gc,phases      ] GC(57) Phase 2: Prepare compaction 4.903ms
[20.726s][info][gc,phases,start] GC(57) Phase 3: Adjust pointers
[20.733s][info][gc,phases      ] GC(57) Phase 3: Adjust pointers 6.880ms
[20.733s][info][gc,phases,start] GC(57) Phase 4: Compact heap
[20.733s][info][gc,phases      ] GC(57) Phase 4: Compact heap 0.481ms
[20.738s][info][gc,heap        ] GC(57) Eden regions: 136->0(360)
[20.738s][info][gc,heap        ] GC(57) Survivor regions: 1->0(45)
[20.738s][info][gc,heap        ] GC(57) Old regions: 168->170
[20.738s][info][gc,heap        ] GC(57) Archive regions: 0->0
[20.738s][info][gc,heap        ] GC(57) Humongous regions: 17->12
[20.738s][info][gc,metaspace   ] GC(57) Metaspace: 58819K(59712K)->58819K(59712K) NonClass: 51359K(51840K)->51359K(51840K) Class: 7459K(7872K)->7459K(7872K)
[20.738s][info][gc             ] GC(57) Pause Full (System.gc()) 314M->173M(600M) 55.038ms
[20.738s][info][gc,cpu         ] GC(57) User=0.67s Sys=0.00s Real=0.05s
[20.905s][info][gc,start       ] GC(58) Pause Young (Normal) (G1 Evacuation Pause)
[20.905s][info][gc,task        ] GC(58) Using 14 workers of 33 for evacuation
[20.906s][info][gc,phases      ] GC(58)   Pre Evacuate Collection Set: 0.2ms
[20.907s][info][gc,phases      ] GC(58)   Merge Heap Roots: 0.1ms
[20.907s][info][gc,phases      ] GC(58)   Evacuate Collection Set: 0.4ms
[20.907s][info][gc,phases      ] GC(58)   Post Evacuate Collection Set: 0.9ms
[20.907s][info][gc,phases      ] GC(58)   Other: 0.2ms
[20.907s][info][gc,heap        ] GC(58) Eden regions: 360->0(369)
[20.907s][info][gc,heap        ] GC(58) Survivor regions: 0->1(45)
[20.907s][info][gc,heap        ] GC(58) Old regions: 170->170
[20.907s][info][gc,heap        ] GC(58) Archive regions: 0->0
[20.907s][info][gc,heap        ] GC(58) Humongous regions: 22->12
[20.907s][info][gc,metaspace   ] GC(58) Metaspace: 58872K(59712K)->58872K(59712K) NonClass: 51409K(51840K)->51409K(51840K) Class: 7462K(7872K)->7462K(7872K)
[20.907s][info][gc             ] GC(58) Pause Young (Normal) (G1 Evacuation Pause) 543M->173M(617M) 2.343ms
[20.907s][info][gc,cpu         ] GC(58) User=0.00s Sys=0.00s Real=0.00s
[21.039s][info][gc,start       ] GC(59) Pause Young (Normal) (G1 Evacuation Pause)
[21.039s][info][gc,task        ] GC(59) Using 14 workers of 33 for evacuation
[21.040s][info][gc,phases      ] GC(59)   Pre Evacuate Collection Set: 0.2ms
[21.041s][info][gc,phases      ] GC(59)   Merge Heap Roots: 0.1ms
[21.041s][info][gc,phases      ] GC(59)   Evacuate Collection Set: 0.4ms
[21.041s][info][gc,phases      ] GC(59)   Post Evacuate Collection Set: 0.6ms
[21.041s][info][gc,phases      ] GC(59)   Other: 0.2ms
[21.041s][info][gc,heap        ] GC(59) Eden regions: 369->0(369)
[21.041s][info][gc,heap        ] GC(59) Survivor regions: 1->1(47)
[21.041s][info][gc,heap        ] GC(59) Old regions: 170->170
[21.041s][info][gc,heap        ] GC(59) Archive regions: 0->0
[21.041s][info][gc,heap        ] GC(59) Humongous regions: 12->12
[21.041s][info][gc,metaspace   ] GC(59) Metaspace: 58872K(59712K)->58872K(59712K) NonClass: 51410K(51840K)->51410K(51840K) Class: 7462K(7872K)->7462K(7872K)
[21.041s][info][gc             ] GC(59) Pause Young (Normal) (G1 Evacuation Pause) 542M->173M(617M) 1.747ms
[21.041s][info][gc,cpu         ] GC(59) User=0.00s Sys=0.00s Real=0.00s
[21.160s][info][gc,start       ] GC(60) Pause Young (Normal) (G1 Evacuation Pause)
[21.161s][info][gc,task        ] GC(60) Using 14 workers of 33 for evacuation
[21.162s][info][gc,phases      ] GC(60)   Pre Evacuate Collection Set: 0.1ms
[21.162s][info][gc,phases      ] GC(60)   Merge Heap Roots: 0.1ms
[21.162s][info][gc,phases      ] GC(60)   Evacuate Collection Set: 0.4ms
[21.162s][info][gc,phases      ] GC(60)   Post Evacuate Collection Set: 0.6ms
[21.162s][info][gc,phases      ] GC(60)   Other: 0.2ms
[21.162s][info][gc,heap        ] GC(60) Eden regions: 369->0(369)
[21.162s][info][gc,heap        ] GC(60) Survivor regions: 1->1(47)
[21.162s][info][gc,heap        ] GC(60) Old regions: 170->170
[21.162s][info][gc,heap        ] GC(60) Archive regions: 0->0
[21.162s][info][gc,heap        ] GC(60) Humongous regions: 12->12
[21.162s][info][gc,metaspace   ] GC(60) Metaspace: 58872K(59712K)->58872K(59712K) NonClass: 51410K(51840K)->51410K(51840K) Class: 7462K(7872K)->7462K(7872K)
[21.162s][info][gc             ] GC(60) Pause Young (Normal) (G1 Evacuation Pause) 542M->173M(617M) 1.959ms
[21.162s][info][gc,cpu         ] GC(60) User=0.00s Sys=0.00s Real=0.00s
[21.282s][info][gc,start       ] GC(61) Pause Young (Normal) (G1 Evacuation Pause)
[21.282s][info][gc,task        ] GC(61) Using 14 workers of 33 for evacuation
[21.283s][info][gc,phases      ] GC(61)   Pre Evacuate Collection Set: 0.1ms
[21.283s][info][gc,phases      ] GC(61)   Merge Heap Roots: 0.1ms
[21.283s][info][gc,phases      ] GC(61)   Evacuate Collection Set: 0.3ms
[21.283s][info][gc,phases      ] GC(61)   Post Evacuate Collection Set: 0.6ms
[21.284s][info][gc,phases      ] GC(61)   Other: 0.2ms
[21.284s][info][gc,heap        ] GC(61) Eden regions: 369->0(369)
[21.284s][info][gc,heap        ] GC(61) Survivor regions: 1->1(47)
[21.284s][info][gc,heap        ] GC(61) Old regions: 170->170
[21.284s][info][gc,heap        ] GC(61) Archive regions: 0->0
[21.284s][info][gc,heap        ] GC(61) Humongous regions: 12->12
[21.284s][info][gc,metaspace   ] GC(61) Metaspace: 58872K(59712K)->58872K(59712K) NonClass: 51410K(51840K)->51410K(51840K) Class: 7462K(7872K)->7462K(7872K)
[21.284s][info][gc             ] GC(61) Pause Young (Normal) (G1 Evacuation Pause) 542M->173M(617M) 1.840ms
[21.284s][info][gc,cpu         ] GC(61) User=0.00s Sys=0.00s Real=0.00s
[21.411s][info][gc,start       ] GC(62) Pause Young (Normal) (G1 Evacuation Pause)
[21.411s][info][gc,task        ] GC(62) Using 14 workers of 33 for evacuation
[21.412s][info][gc,phases      ] GC(62)   Pre Evacuate Collection Set: 0.1ms
[21.412s][info][gc,phases      ] GC(62)   Merge Heap Roots: 0.1ms
[21.412s][info][gc,phases      ] GC(62)   Evacuate Collection Set: 0.3ms
[21.412s][info][gc,phases      ] GC(62)   Post Evacuate Collection Set: 0.6ms
[21.412s][info][gc,phases      ] GC(62)   Other: 0.2ms
[21.412s][info][gc,heap        ] GC(62) Eden regions: 369->0(369)
[21.412s][info][gc,heap        ] GC(62) Survivor regions: 1->1(47)
[21.413s][info][gc,heap        ] GC(62) Old regions: 170->170
[21.413s][info][gc,heap        ] GC(62) Archive regions: 0->0
[21.413s][info][gc,heap        ] GC(62) Humongous regions: 12->12
[21.413s][info][gc,metaspace   ] GC(62) Metaspace: 58872K(59712K)->58872K(59712K) NonClass: 51410K(51840K)->51410K(51840K) Class: 7462K(7872K)->7462K(7872K)
[21.413s][info][gc             ] GC(62) Pause Young (Normal) (G1 Evacuation Pause) 542M->173M(617M) 1.830ms
[21.413s][info][gc,cpu         ] GC(62) User=0.00s Sys=0.00s Real=0.00s
[21.497s][info][gc,start       ] GC(63) Pause Full (System.gc())
[21.497s][info][gc,task        ] GC(63) Using 14 workers of 33 for full compaction
[21.498s][info][gc,phases,start] GC(63) Phase 1: Mark live objects
[21.531s][info][gc,phases      ] GC(63) Phase 1: Mark live objects 33.678ms
[21.531s][info][gc,phases,start] GC(63) Phase 2: Prepare compaction
[21.536s][info][gc,phases      ] GC(63) Phase 2: Prepare compaction 4.757ms
[21.536s][info][gc,phases,start] GC(63) Phase 3: Adjust pointers
[21.543s][info][gc,phases      ] GC(63) Phase 3: Adjust pointers 6.770ms
[21.543s][info][gc,phases,start] GC(63) Phase 4: Compact heap
[21.544s][info][gc,phases      ] GC(63) Phase 4: Compact heap 0.407ms
[21.549s][info][gc,heap        ] GC(63) Eden regions: 97->0(364)
[21.549s][info][gc,heap        ] GC(63) Survivor regions: 1->0(47)
[21.549s][info][gc,heap        ] GC(63) Old regions: 170->170
[21.549s][info][gc,heap        ] GC(63) Archive regions: 0->0
[21.549s][info][gc,heap        ] GC(63) Humongous regions: 17->12
[21.549s][info][gc,metaspace   ] GC(63) Metaspace: 58900K(59776K)->58900K(59776K) NonClass: 51438K(51904K)->51438K(51904K) Class: 7462K(7872K)->7462K(7872K)
[21.549s][info][gc             ] GC(63) Pause Full (System.gc()) 275M->173M(607M) 51.681ms
[21.549s][info][gc,cpu         ] GC(63) User=0.66s Sys=0.00s Real=0.05s
[21.714s][info][gc,start       ] GC(64) Pause Young (Normal) (G1 Evacuation Pause)
[21.714s][info][gc,task        ] GC(64) Using 14 workers of 33 for evacuation
[21.715s][info][gc,phases      ] GC(64)   Pre Evacuate Collection Set: 0.2ms
[21.716s][info][gc,phases      ] GC(64)   Merge Heap Roots: 0.1ms
[21.716s][info][gc,phases      ] GC(64)   Evacuate Collection Set: 0.4ms
[21.716s][info][gc,phases      ] GC(64)   Post Evacuate Collection Set: 0.6ms
[21.716s][info][gc,phases      ] GC(64)   Other: 0.2ms
[21.716s][info][gc,heap        ] GC(64) Eden regions: 364->0(363)
[21.716s][info][gc,heap        ] GC(64) Survivor regions: 0->1(46)
[21.716s][info][gc,heap        ] GC(64) Old regions: 170->170
[21.716s][info][gc,heap        ] GC(64) Archive regions: 0->0
[21.716s][info][gc,heap        ] GC(64) Humongous regions: 22->12
[21.716s][info][gc,metaspace   ] GC(64) Metaspace: 58944K(59840K)->58944K(59840K) NonClass: 51481K(51968K)->51481K(51968K) Class: 7462K(7872K)->7462K(7872K)
[21.716s][info][gc             ] GC(64) Pause Young (Normal) (G1 Evacuation Pause) 547M->173M(607M) 2.029ms
[21.716s][info][gc,cpu         ] GC(64) User=0.00s Sys=0.00s Real=0.00s
[21.834s][info][gc,start       ] GC(65) Pause Young (Normal) (G1 Evacuation Pause)
[21.834s][info][gc,task        ] GC(65) Using 14 workers of 33 for evacuation
[21.836s][info][gc,phases      ] GC(65)   Pre Evacuate Collection Set: 0.2ms
[21.836s][info][gc,phases      ] GC(65)   Merge Heap Roots: 0.1ms
[21.836s][info][gc,phases      ] GC(65)   Evacuate Collection Set: 0.4ms
[21.836s][info][gc,phases      ] GC(65)   Post Evacuate Collection Set: 0.6ms
[21.836s][info][gc,phases      ] GC(65)   Other: 0.2ms
[21.836s][info][gc,heap        ] GC(65) Eden regions: 363->0(363)
[21.836s][info][gc,heap        ] GC(65) Survivor regions: 1->1(46)
[21.836s][info][gc,heap        ] GC(65) Old regions: 170->170
[21.836s][info][gc,heap        ] GC(65) Archive regions: 0->0
[21.836s][info][gc,heap        ] GC(65) Humongous regions: 12->12
[21.836s][info][gc,metaspace   ] GC(65) Metaspace: 58944K(59840K)->58944K(59840K) NonClass: 51481K(51968K)->51481K(51968K) Class: 7462K(7872K)->7462K(7872K)
[21.836s][info][gc             ] GC(65) Pause Young (Normal) (G1 Evacuation Pause) 536M->173M(607M) 1.927ms
[21.836s][info][gc,cpu         ] GC(65) User=0.08s Sys=0.03s Real=0.02s
[21.954s][info][gc,start       ] GC(66) Pause Young (Normal) (G1 Evacuation Pause)
[21.954s][info][gc,task        ] GC(66) Using 14 workers of 33 for evacuation
[21.956s][info][gc,phases      ] GC(66)   Pre Evacuate Collection Set: 0.1ms
[21.956s][info][gc,phases      ] GC(66)   Merge Heap Roots: 0.1ms
[21.956s][info][gc,phases      ] GC(66)   Evacuate Collection Set: 0.4ms
[21.956s][info][gc,phases      ] GC(66)   Post Evacuate Collection Set: 0.7ms
[21.956s][info][gc,phases      ] GC(66)   Other: 0.2ms
[21.956s][info][gc,heap        ] GC(66) Eden regions: 363->0(363)
[21.956s][info][gc,heap        ] GC(66) Survivor regions: 1->1(46)
[21.956s][info][gc,heap        ] GC(66) Old regions: 170->170
[21.956s][info][gc,heap        ] GC(66) Archive regions: 0->0
[21.956s][info][gc,heap        ] GC(66) Humongous regions: 12->12
[21.956s][info][gc,metaspace   ] GC(66) Metaspace: 58944K(59840K)->58944K(59840K) NonClass: 51481K(51968K)->51481K(51968K) Class: 7462K(7872K)->7462K(7872K)
[21.956s][info][gc             ] GC(66) Pause Young (Normal) (G1 Evacuation Pause) 536M->173M(607M) 1.939ms
[21.956s][info][gc,cpu         ] GC(66) User=0.00s Sys=0.00s Real=0.00s
[22.079s][info][gc,start       ] GC(67) Pause Young (Normal) (G1 Evacuation Pause)
[22.079s][info][gc,task        ] GC(67) Using 14 workers of 33 for evacuation
[22.080s][info][gc,phases      ] GC(67)   Pre Evacuate Collection Set: 0.1ms
[22.080s][info][gc,phases      ] GC(67)   Merge Heap Roots: 0.1ms
[22.080s][info][gc,phases      ] GC(67)   Evacuate Collection Set: 0.4ms
[22.081s][info][gc,phases      ] GC(67)   Post Evacuate Collection Set: 0.6ms
[22.081s][info][gc,phases      ] GC(67)   Other: 0.2ms
[22.081s][info][gc,heap        ] GC(67) Eden regions: 363->0(363)
[22.081s][info][gc,heap        ] GC(67) Survivor regions: 1->1(46)
[22.081s][info][gc,heap        ] GC(67) Old regions: 170->170
[22.081s][info][gc,heap        ] GC(67) Archive regions: 0->0
[22.081s][info][gc,heap        ] GC(67) Humongous regions: 12->12
[22.081s][info][gc,metaspace   ] GC(67) Metaspace: 58944K(59840K)->58944K(59840K) NonClass: 51481K(51968K)->51481K(51968K) Class: 7462K(7872K)->7462K(7872K)
[22.081s][info][gc             ] GC(67) Pause Young (Normal) (G1 Evacuation Pause) 536M->173M(607M) 1.876ms
[22.081s][info][gc,cpu         ] GC(67) User=0.00s Sys=0.00s Real=0.00s
[22.204s][info][gc,start       ] GC(68) Pause Young (Normal) (G1 Evacuation Pause)
[22.204s][info][gc,task        ] GC(68) Using 14 workers of 33 for evacuation
[22.205s][info][gc,phases      ] GC(68)   Pre Evacuate Collection Set: 0.1ms
[22.205s][info][gc,phases      ] GC(68)   Merge Heap Roots: 0.1ms
[22.205s][info][gc,phases      ] GC(68)   Evacuate Collection Set: 0.4ms
[22.205s][info][gc,phases      ] GC(68)   Post Evacuate Collection Set: 0.6ms
[22.205s][info][gc,phases      ] GC(68)   Other: 0.2ms
[22.205s][info][gc,heap        ] GC(68) Eden regions: 363->0(363)
[22.205s][info][gc,heap        ] GC(68) Survivor regions: 1->1(46)
[22.205s][info][gc,heap        ] GC(68) Old regions: 170->170
[22.205s][info][gc,heap        ] GC(68) Archive regions: 0->0
[22.206s][info][gc,heap        ] GC(68) Humongous regions: 12->12
[22.206s][info][gc,metaspace   ] GC(68) Metaspace: 58944K(59840K)->58944K(59840K) NonClass: 51481K(51968K)->51481K(51968K) Class: 7462K(7872K)->7462K(7872K)
[22.206s][info][gc             ] GC(68) Pause Young (Normal) (G1 Evacuation Pause) 536M->173M(607M) 1.909ms
[22.206s][info][gc,cpu         ] GC(68) User=0.00s Sys=0.00s Real=0.00s
[22.278s][info][gc,start       ] GC(69) Pause Full (System.gc())
[22.278s][info][gc,task        ] GC(69) Using 14 workers of 33 for full compaction
[22.279s][info][gc,phases,start] GC(69) Phase 1: Mark live objects
[22.310s][info][gc,phases      ] GC(69) Phase 1: Mark live objects 31.269ms
[22.310s][info][gc,phases,start] GC(69) Phase 2: Prepare compaction
[22.315s][info][gc,phases      ] GC(69) Phase 2: Prepare compaction 4.878ms
[22.315s][info][gc,phases,start] GC(69) Phase 3: Adjust pointers
[22.321s][info][gc,phases      ] GC(69) Phase 3: Adjust pointers 6.447ms
[22.321s][info][gc,phases,start] GC(69) Phase 4: Compact heap
[22.322s][info][gc,phases      ] GC(69) Phase 4: Compact heap 0.372ms
[22.327s][info][gc,heap        ] GC(69) Eden regions: 116->0(364)
[22.327s][info][gc,heap        ] GC(69) Survivor regions: 1->0(46)
[22.327s][info][gc,heap        ] GC(69) Old regions: 170->171
[22.327s][info][gc,heap        ] GC(69) Archive regions: 0->0
[22.327s][info][gc,heap        ] GC(69) Humongous regions: 17->12
[22.327s][info][gc,metaspace   ] GC(69) Metaspace: 58960K(59840K)->58960K(59840K) NonClass: 51497K(51968K)->51497K(51968K) Class: 7463K(7872K)->7463K(7872K)
[22.327s][info][gc             ] GC(69) Pause Full (System.gc()) 294M->173M(607M) 49.043ms
[22.327s][info][gc,cpu         ] GC(69) User=0.53s Sys=0.00s Real=0.05s
[22.494s][info][gc,start       ] GC(70) Pause Young (Normal) (G1 Evacuation Pause)
[22.495s][info][gc,task        ] GC(70) Using 14 workers of 33 for evacuation
[22.496s][info][gc,phases      ] GC(70)   Pre Evacuate Collection Set: 0.2ms
[22.496s][info][gc,phases      ] GC(70)   Merge Heap Roots: 0.1ms
[22.496s][info][gc,phases      ] GC(70)   Evacuate Collection Set: 0.4ms
[22.496s][info][gc,phases      ] GC(70)   Post Evacuate Collection Set: 0.7ms
[22.496s][info][gc,phases      ] GC(70)   Other: 0.2ms
[22.496s][info][gc,heap        ] GC(70) Eden regions: 364->0(363)
[22.496s][info][gc,heap        ] GC(70) Survivor regions: 0->1(46)
[22.496s][info][gc,heap        ] GC(70) Old regions: 171->171
[22.496s][info][gc,heap        ] GC(70) Archive regions: 0->0
[22.496s][info][gc,heap        ] GC(70) Humongous regions: 22->12
[22.496s][info][gc,metaspace   ] GC(70) Metaspace: 59011K(59904K)->59011K(59904K) NonClass: 51547K(52032K)->51547K(52032K) Class: 7464K(7872K)->7464K(7872K)
[22.496s][info][gc             ] GC(70) Pause Young (Normal) (G1 Evacuation Pause) 547M->173M(607M) 2.094ms
[22.497s][info][gc,cpu         ] GC(70) User=0.00s Sys=0.00s Real=0.00s
[22.612s][info][gc,start       ] GC(71) Pause Young (Normal) (G1 Evacuation Pause)
[22.612s][info][gc,task        ] GC(71) Using 14 workers of 33 for evacuation
[22.614s][info][gc,phases      ] GC(71)   Pre Evacuate Collection Set: 0.2ms
[22.614s][info][gc,phases      ] GC(71)   Merge Heap Roots: 0.1ms
[22.614s][info][gc,phases      ] GC(71)   Evacuate Collection Set: 0.4ms
[22.614s][info][gc,phases      ] GC(71)   Post Evacuate Collection Set: 0.6ms
[22.614s][info][gc,phases      ] GC(71)   Other: 0.2ms
[22.614s][info][gc,heap        ] GC(71) Eden regions: 363->0(363)
[22.614s][info][gc,heap        ] GC(71) Survivor regions: 1->1(46)
[22.614s][info][gc,heap        ] GC(71) Old regions: 171->171
[22.614s][info][gc,heap        ] GC(71) Archive regions: 0->0
[22.614s][info][gc,heap        ] GC(71) Humongous regions: 12->12
[22.614s][info][gc,metaspace   ] GC(71) Metaspace: 59012K(59904K)->59012K(59904K) NonClass: 51548K(52032K)->51548K(52032K) Class: 7464K(7872K)->7464K(7872K)
[22.614s][info][gc             ] GC(71) Pause Young (Normal) (G1 Evacuation Pause) 536M->173M(607M) 1.865ms
[22.614s][info][gc,cpu         ] GC(71) User=0.00s Sys=0.00s Real=0.00s
[22.730s][info][gc,start       ] GC(72) Pause Young (Normal) (G1 Evacuation Pause)
[22.731s][info][gc,task        ] GC(72) Using 14 workers of 33 for evacuation
[22.732s][info][gc,phases      ] GC(72)   Pre Evacuate Collection Set: 0.1ms
[22.732s][info][gc,phases      ] GC(72)   Merge Heap Roots: 0.1ms
[22.732s][info][gc,phases      ] GC(72)   Evacuate Collection Set: 0.4ms
[22.732s][info][gc,phases      ] GC(72)   Post Evacuate Collection Set: 0.7ms
[22.732s][info][gc,phases      ] GC(72)   Other: 0.2ms
[22.732s][info][gc,heap        ] GC(72) Eden regions: 363->0(363)
[22.732s][info][gc,heap        ] GC(72) Survivor regions: 1->1(46)
[22.732s][info][gc,heap        ] GC(72) Old regions: 171->171
[22.732s][info][gc,heap        ] GC(72) Archive regions: 0->0
[22.732s][info][gc,heap        ] GC(72) Humongous regions: 12->12
[22.732s][info][gc,metaspace   ] GC(72) Metaspace: 59012K(59904K)->59012K(59904K) NonClass: 51548K(52032K)->51548K(52032K) Class: 7464K(7872K)->7464K(7872K)
[22.733s][info][gc             ] GC(72) Pause Young (Normal) (G1 Evacuation Pause) 536M->173M(607M) 2.005ms
[22.733s][info][gc,cpu         ] GC(72) User=0.00s Sys=0.00s Real=0.00s
[22.849s][info][gc,start       ] GC(73) Pause Young (Normal) (G1 Evacuation Pause)
[22.849s][info][gc,task        ] GC(73) Using 14 workers of 33 for evacuation
[22.850s][info][gc,phases      ] GC(73)   Pre Evacuate Collection Set: 0.1ms
[22.850s][info][gc,phases      ] GC(73)   Merge Heap Roots: 0.1ms
[22.850s][info][gc,phases      ] GC(73)   Evacuate Collection Set: 0.4ms
[22.850s][info][gc,phases      ] GC(73)   Post Evacuate Collection Set: 0.6ms
[22.850s][info][gc,phases      ] GC(73)   Other: 0.2ms
[22.850s][info][gc,heap        ] GC(73) Eden regions: 363->0(363)
[22.850s][info][gc,heap        ] GC(73) Survivor regions: 1->1(46)
[22.851s][info][gc,heap        ] GC(73) Old regions: 171->171
[22.851s][info][gc,heap        ] GC(73) Archive regions: 0->0
[22.851s][info][gc,heap        ] GC(73) Humongous regions: 12->12
[22.851s][info][gc,metaspace   ] GC(73) Metaspace: 59012K(59904K)->59012K(59904K) NonClass: 51548K(52032K)->51548K(52032K) Class: 7464K(7872K)->7464K(7872K)
[22.851s][info][gc             ] GC(73) Pause Young (Normal) (G1 Evacuation Pause) 536M->173M(607M) 1.901ms
[22.851s][info][gc,cpu         ] GC(73) User=0.00s Sys=0.00s Real=0.00s
[22.976s][info][gc,start       ] GC(74) Pause Young (Normal) (G1 Evacuation Pause)
[22.977s][info][gc,task        ] GC(74) Using 14 workers of 33 for evacuation
[22.978s][info][gc,phases      ] GC(74)   Pre Evacuate Collection Set: 0.1ms
[22.978s][info][gc,phases      ] GC(74)   Merge Heap Roots: 0.1ms
[22.978s][info][gc,phases      ] GC(74)   Evacuate Collection Set: 0.4ms
[22.978s][info][gc,phases      ] GC(74)   Post Evacuate Collection Set: 0.6ms
[22.978s][info][gc,phases      ] GC(74)   Other: 0.2ms
[22.978s][info][gc,heap        ] GC(74) Eden regions: 363->0(363)
[22.978s][info][gc,heap        ] GC(74) Survivor regions: 1->1(46)
[22.978s][info][gc,heap        ] GC(74) Old regions: 171->171
[22.978s][info][gc,heap        ] GC(74) Archive regions: 0->0
[22.978s][info][gc,heap        ] GC(74) Humongous regions: 12->12
[22.978s][info][gc,metaspace   ] GC(74) Metaspace: 59012K(59904K)->59012K(59904K) NonClass: 51548K(52032K)->51548K(52032K) Class: 7464K(7872K)->7464K(7872K)
[22.978s][info][gc             ] GC(74) Pause Young (Normal) (G1 Evacuation Pause) 536M->173M(607M) 1.895ms
[22.978s][info][gc,cpu         ] GC(74) User=0.00s Sys=0.00s Real=0.00s
[23.063s][info][gc,start       ] GC(75) Pause Full (System.gc())
[23.063s][info][gc,task        ] GC(75) Using 14 workers of 33 for full compaction
[23.063s][info][gc,phases,start] GC(75) Phase 1: Mark live objects
[23.099s][info][gc,phases      ] GC(75) Phase 1: Mark live objects 35.180ms
[23.099s][info][gc,phases,start] GC(75) Phase 2: Prepare compaction
[23.103s][info][gc,phases      ] GC(75) Phase 2: Prepare compaction 4.611ms
[23.103s][info][gc,phases,start] GC(75) Phase 3: Adjust pointers
[23.111s][info][gc,phases      ] GC(75) Phase 3: Adjust pointers 7.280ms
[23.111s][info][gc,phases,start] GC(75) Phase 4: Compact heap
[23.111s][info][gc,phases      ] GC(75) Phase 4: Compact heap 0.386ms
[23.116s][info][gc,heap        ] GC(75) Eden regions: 115->0(364)
[23.116s][info][gc,heap        ] GC(75) Survivor regions: 1->0(46)
[23.116s][info][gc,heap        ] GC(75) Old regions: 171->171
[23.116s][info][gc,heap        ] GC(75) Archive regions: 0->0
[23.116s][info][gc,heap        ] GC(75) Humongous regions: 17->12
[23.116s][info][gc,metaspace   ] GC(75) Metaspace: 59034K(59904K)->59034K(59904K) NonClass: 51570K(52032K)->51570K(52032K) Class: 7464K(7872K)->7464K(7872K)
[23.116s][info][gc             ] GC(75) Pause Full (System.gc()) 293M->173M(607M) 53.658ms
[23.116s][info][gc,cpu         ] GC(75) User=0.69s Sys=0.00s Real=0.06s
[23.289s][info][gc,start       ] GC(76) Pause Young (Normal) (G1 Evacuation Pause)
[23.289s][info][gc,task        ] GC(76) Using 14 workers of 33 for evacuation
[23.291s][info][gc,phases      ] GC(76)   Pre Evacuate Collection Set: 0.2ms
[23.291s][info][gc,phases      ] GC(76)   Merge Heap Roots: 0.1ms
[23.291s][info][gc,phases      ] GC(76)   Evacuate Collection Set: 0.4ms
[23.291s][info][gc,phases      ] GC(76)   Post Evacuate Collection Set: 0.9ms
[23.291s][info][gc,phases      ] GC(76)   Other: 0.2ms
[23.291s][info][gc,heap        ] GC(76) Eden regions: 364->0(373)
[23.291s][info][gc,heap        ] GC(76) Survivor regions: 0->1(46)
[23.291s][info][gc,heap        ] GC(76) Old regions: 171->171
[23.291s][info][gc,heap        ] GC(76) Archive regions: 0->0
[23.291s][info][gc,heap        ] GC(76) Humongous regions: 22->12
[23.291s][info][gc,metaspace   ] GC(76) Metaspace: 59071K(59968K)->59071K(59968K) NonClass: 51606K(52096K)->51606K(52096K) Class: 7465K(7872K)->7465K(7872K)
[23.291s][info][gc             ] GC(76) Pause Young (Normal) (G1 Evacuation Pause) 547M->173M(624M) 2.352ms
[23.292s][info][gc,cpu         ] GC(76) User=0.00s Sys=0.00s Real=0.00s
[23.416s][info][gc,start       ] GC(77) Pause Young (Normal) (G1 Evacuation Pause)
[23.417s][info][gc,task        ] GC(77) Using 15 workers of 33 for evacuation
[23.418s][info][gc,phases      ] GC(77)   Pre Evacuate Collection Set: 0.2ms
[23.418s][info][gc,phases      ] GC(77)   Merge Heap Roots: 0.1ms
[23.418s][info][gc,phases      ] GC(77)   Evacuate Collection Set: 0.4ms
[23.418s][info][gc,phases      ] GC(77)   Post Evacuate Collection Set: 0.6ms
[23.418s][info][gc,phases      ] GC(77)   Other: 0.2ms
[23.418s][info][gc,heap        ] GC(77) Eden regions: 373->0(373)
[23.418s][info][gc,heap        ] GC(77) Survivor regions: 1->1(47)
[23.418s][info][gc,heap        ] GC(77) Old regions: 171->171
[23.418s][info][gc,heap        ] GC(77) Archive regions: 0->0
[23.418s][info][gc,heap        ] GC(77) Humongous regions: 12->12
[23.418s][info][gc,metaspace   ] GC(77) Metaspace: 59071K(59968K)->59071K(59968K) NonClass: 51606K(52096K)->51606K(52096K) Class: 7465K(7872K)->7465K(7872K)
[23.418s][info][gc             ] GC(77) Pause Young (Normal) (G1 Evacuation Pause) 546M->173M(624M) 1.891ms
[23.418s][info][gc,cpu         ] GC(77) User=0.00s Sys=0.00s Real=0.00s
[23.541s][info][gc,start       ] GC(78) Pause Young (Normal) (G1 Evacuation Pause)
[23.541s][info][gc,task        ] GC(78) Using 15 workers of 33 for evacuation
[23.542s][info][gc,phases      ] GC(78)   Pre Evacuate Collection Set: 0.1ms
[23.543s][info][gc,phases      ] GC(78)   Merge Heap Roots: 0.1ms
[23.543s][info][gc,phases      ] GC(78)   Evacuate Collection Set: 0.4ms
[23.543s][info][gc,phases      ] GC(78)   Post Evacuate Collection Set: 0.6ms
[23.543s][info][gc,phases      ] GC(78)   Other: 0.2ms
[23.543s][info][gc,heap        ] GC(78) Eden regions: 373->0(373)
[23.543s][info][gc,heap        ] GC(78) Survivor regions: 1->1(47)
[23.543s][info][gc,heap        ] GC(78) Old regions: 171->171
[23.543s][info][gc,heap        ] GC(78) Archive regions: 0->0
[23.543s][info][gc,heap        ] GC(78) Humongous regions: 12->12
[23.543s][info][gc,metaspace   ] GC(78) Metaspace: 59071K(59968K)->59071K(59968K) NonClass: 51606K(52096K)->51606K(52096K) Class: 7465K(7872K)->7465K(7872K)
[23.543s][info][gc             ] GC(78) Pause Young (Normal) (G1 Evacuation Pause) 546M->173M(624M) 1.847ms
[23.543s][info][gc,cpu         ] GC(78) User=0.00s Sys=0.00s Real=0.00s
[23.663s][info][gc,start       ] GC(79) Pause Young (Normal) (G1 Evacuation Pause)
[23.663s][info][gc,task        ] GC(79) Using 15 workers of 33 for evacuation
[23.665s][info][gc,phases      ] GC(79)   Pre Evacuate Collection Set: 0.1ms
[23.665s][info][gc,phases      ] GC(79)   Merge Heap Roots: 0.1ms
[23.665s][info][gc,phases      ] GC(79)   Evacuate Collection Set: 0.4ms
[23.665s][info][gc,phases      ] GC(79)   Post Evacuate Collection Set: 0.6ms
[23.665s][info][gc,phases      ] GC(79)   Other: 0.2ms
[23.665s][info][gc,heap        ] GC(79) Eden regions: 373->0(373)
[23.665s][info][gc,heap        ] GC(79) Survivor regions: 1->1(47)
[23.665s][info][gc,heap        ] GC(79) Old regions: 171->171
[23.665s][info][gc,heap        ] GC(79) Archive regions: 0->0
[23.665s][info][gc,heap        ] GC(79) Humongous regions: 12->12
[23.665s][info][gc,metaspace   ] GC(79) Metaspace: 59071K(59968K)->59071K(59968K) NonClass: 51606K(52096K)->51606K(52096K) Class: 7465K(7872K)->7465K(7872K)
[23.665s][info][gc             ] GC(79) Pause Young (Normal) (G1 Evacuation Pause) 546M->173M(624M) 1.881ms
[23.665s][info][gc,cpu         ] GC(79) User=0.00s Sys=0.00s Real=0.00s
[23.793s][info][gc,start       ] GC(80) Pause Young (Normal) (G1 Evacuation Pause)
[23.793s][info][gc,task        ] GC(80) Using 15 workers of 33 for evacuation
[23.795s][info][gc,phases      ] GC(80)   Pre Evacuate Collection Set: 0.1ms
[23.795s][info][gc,phases      ] GC(80)   Merge Heap Roots: 0.1ms
[23.795s][info][gc,phases      ] GC(80)   Evacuate Collection Set: 0.4ms
[23.795s][info][gc,phases      ] GC(80)   Post Evacuate Collection Set: 0.6ms
[23.795s][info][gc,phases      ] GC(80)   Other: 0.2ms
[23.795s][info][gc,heap        ] GC(80) Eden regions: 373->0(373)
[23.795s][info][gc,heap        ] GC(80) Survivor regions: 1->1(47)
[23.795s][info][gc,heap        ] GC(80) Old regions: 171->171
[23.795s][info][gc,heap        ] GC(80) Archive regions: 0->0
[23.795s][info][gc,heap        ] GC(80) Humongous regions: 12->12
[23.795s][info][gc,metaspace   ] GC(80) Metaspace: 59071K(59968K)->59071K(59968K) NonClass: 51606K(52096K)->51606K(52096K) Class: 7465K(7872K)->7465K(7872K)
[23.795s][info][gc             ] GC(80) Pause Young (Normal) (G1 Evacuation Pause) 546M->173M(624M) 1.942ms
[23.795s][info][gc,cpu         ] GC(80) User=0.00s Sys=0.00s Real=0.00s
[23.865s][info][gc,start       ] GC(81) Pause Full (System.gc())
[23.865s][info][gc,task        ] GC(81) Using 15 workers of 33 for full compaction
[23.865s][info][gc,phases,start] GC(81) Phase 1: Mark live objects
[23.901s][info][gc,phases      ] GC(81) Phase 1: Mark live objects 35.498ms
[23.901s][info][gc,phases,start] GC(81) Phase 2: Prepare compaction
[23.906s][info][gc,phases      ] GC(81) Phase 2: Prepare compaction 4.635ms
[23.906s][info][gc,phases,start] GC(81) Phase 3: Adjust pointers
[23.913s][info][gc,phases      ] GC(81) Phase 3: Adjust pointers 7.247ms
[23.913s][info][gc,phases,start] GC(81) Phase 4: Compact heap
[23.913s][info][gc,phases      ] GC(81) Phase 4: Compact heap 0.389ms
[23.919s][info][gc,heap        ] GC(81) Eden regions: 75->0(366)
[23.919s][info][gc,heap        ] GC(81) Survivor regions: 1->0(47)
[23.919s][info][gc,heap        ] GC(81) Old regions: 171->171
[23.919s][info][gc,heap        ] GC(81) Archive regions: 0->0
[23.919s][info][gc,heap        ] GC(81) Humongous regions: 17->12
[23.919s][info][gc,metaspace   ] GC(81) Metaspace: 59103K(59968K)->59103K(59968K) NonClass: 51638K(52096K)->51638K(52096K) Class: 7465K(7872K)->7465K(7872K)
[23.919s][info][gc             ] GC(81) Pause Full (System.gc()) 253M->173M(610M) 54.547ms
[23.919s][info][gc,cpu         ] GC(81) User=0.70s Sys=0.00s Real=0.05s
[24.084s][info][gc,start       ] GC(82) Pause Young (Normal) (G1 Evacuation Pause)
[24.084s][info][gc,task        ] GC(82) Using 14 workers of 33 for evacuation
[24.086s][info][gc,phases      ] GC(82)   Pre Evacuate Collection Set: 0.2ms
[24.086s][info][gc,phases      ] GC(82)   Merge Heap Roots: 0.1ms
[24.086s][info][gc,phases      ] GC(82)   Evacuate Collection Set: 0.5ms
[24.086s][info][gc,phases      ] GC(82)   Post Evacuate Collection Set: 0.7ms
[24.086s][info][gc,phases      ] GC(82)   Other: 0.2ms
[24.086s][info][gc,heap        ] GC(82) Eden regions: 366->0(365)
[24.086s][info][gc,heap        ] GC(82) Survivor regions: 0->1(46)
[24.086s][info][gc,heap        ] GC(82) Old regions: 171->171
[24.086s][info][gc,heap        ] GC(82) Archive regions: 0->0
[24.086s][info][gc,heap        ] GC(82) Humongous regions: 22->12
[24.086s][info][gc,metaspace   ] GC(82) Metaspace: 59140K(59968K)->59140K(59968K) NonClass: 51673K(52096K)->51673K(52096K) Class: 7467K(7872K)->7467K(7872K)
[24.086s][info][gc             ] GC(82) Pause Young (Normal) (G1 Evacuation Pause) 549M->173M(610M) 2.131ms
[24.086s][info][gc,cpu         ] GC(82) User=0.00s Sys=0.00s Real=0.00s
[24.207s][info][gc,start       ] GC(83) Pause Young (Normal) (G1 Evacuation Pause)
[24.207s][info][gc,task        ] GC(83) Using 14 workers of 33 for evacuation
[24.209s][info][gc,phases      ] GC(83)   Pre Evacuate Collection Set: 0.2ms
[24.209s][info][gc,phases      ] GC(83)   Merge Heap Roots: 0.1ms
[24.209s][info][gc,phases      ] GC(83)   Evacuate Collection Set: 0.4ms
[24.209s][info][gc,phases      ] GC(83)   Post Evacuate Collection Set: 0.6ms
[24.209s][info][gc,phases      ] GC(83)   Other: 0.2ms
[24.209s][info][gc,heap        ] GC(83) Eden regions: 365->0(365)
[24.209s][info][gc,heap        ] GC(83) Survivor regions: 1->1(46)
[24.209s][info][gc,heap        ] GC(83) Old regions: 171->171
[24.209s][info][gc,heap        ] GC(83) Archive regions: 0->0
[24.209s][info][gc,heap        ] GC(83) Humongous regions: 12->12
[24.209s][info][gc,metaspace   ] GC(83) Metaspace: 59146K(59968K)->59146K(59968K) NonClass: 51679K(52096K)->51679K(52096K) Class: 7467K(7872K)->7467K(7872K)
[24.209s][info][gc             ] GC(83) Pause Young (Normal) (G1 Evacuation Pause) 538M->173M(610M) 1.983ms
[24.209s][info][gc,cpu         ] GC(83) User=0.00s Sys=0.00s Real=0.00s
[24.326s][info][gc,start       ] GC(84) Pause Young (Normal) (G1 Evacuation Pause)
[24.326s][info][gc,task        ] GC(84) Using 14 workers of 33 for evacuation
[24.327s][info][gc,phases      ] GC(84)   Pre Evacuate Collection Set: 0.1ms
[24.327s][info][gc,phases      ] GC(84)   Merge Heap Roots: 0.1ms
[24.327s][info][gc,phases      ] GC(84)   Evacuate Collection Set: 0.4ms
[24.327s][info][gc,phases      ] GC(84)   Post Evacuate Collection Set: 0.6ms
[24.328s][info][gc,phases      ] GC(84)   Other: 0.2ms
[24.328s][info][gc,heap        ] GC(84) Eden regions: 365->0(365)
[24.328s][info][gc,heap        ] GC(84) Survivor regions: 1->1(46)
[24.328s][info][gc,heap        ] GC(84) Old regions: 171->171
[24.328s][info][gc,heap        ] GC(84) Archive regions: 0->0
[24.328s][info][gc,heap        ] GC(84) Humongous regions: 12->12
[24.328s][info][gc,metaspace   ] GC(84) Metaspace: 59146K(59968K)->59146K(59968K) NonClass: 51679K(52096K)->51679K(52096K) Class: 7467K(7872K)->7467K(7872K)
[24.328s][info][gc             ] GC(84) Pause Young (Normal) (G1 Evacuation Pause) 538M->173M(610M) 1.828ms
[24.328s][info][gc,cpu         ] GC(84) User=0.00s Sys=0.00s Real=0.00s
[24.444s][info][gc,start       ] GC(85) Pause Young (Normal) (G1 Evacuation Pause)
[24.444s][info][gc,task        ] GC(85) Using 14 workers of 33 for evacuation
[24.446s][info][gc,phases      ] GC(85)   Pre Evacuate Collection Set: 0.1ms
[24.446s][info][gc,phases      ] GC(85)   Merge Heap Roots: 0.1ms
[24.446s][info][gc,phases      ] GC(85)   Evacuate Collection Set: 0.4ms
[24.446s][info][gc,phases      ] GC(85)   Post Evacuate Collection Set: 0.6ms
[24.446s][info][gc,phases      ] GC(85)   Other: 0.2ms
[24.446s][info][gc,heap        ] GC(85) Eden regions: 365->0(365)
[24.446s][info][gc,heap        ] GC(85) Survivor regions: 1->1(46)
[24.446s][info][gc,heap        ] GC(85) Old regions: 171->171
[24.446s][info][gc,heap        ] GC(85) Archive regions: 0->0
[24.446s][info][gc,heap        ] GC(85) Humongous regions: 12->12
[24.446s][info][gc,metaspace   ] GC(85) Metaspace: 59146K(59968K)->59146K(59968K) NonClass: 51679K(52096K)->51679K(52096K) Class: 7467K(7872K)->7467K(7872K)
[24.446s][info][gc             ] GC(85) Pause Young (Normal) (G1 Evacuation Pause) 538M->173M(610M) 1.845ms
[24.446s][info][gc,cpu         ] GC(85) User=0.00s Sys=0.00s Real=0.00s
[24.563s][info][gc,start       ] GC(86) Pause Young (Normal) (G1 Evacuation Pause)
[24.563s][info][gc,task        ] GC(86) Using 14 workers of 33 for evacuation
[24.565s][info][gc,phases      ] GC(86)   Pre Evacuate Collection Set: 0.1ms
[24.565s][info][gc,phases      ] GC(86)   Merge Heap Roots: 0.1ms
[24.565s][info][gc,phases      ] GC(86)   Evacuate Collection Set: 0.4ms
[24.565s][info][gc,phases      ] GC(86)   Post Evacuate Collection Set: 0.6ms
[24.565s][info][gc,phases      ] GC(86)   Other: 0.2ms
[24.565s][info][gc,heap        ] GC(86) Eden regions: 365->0(365)
[24.565s][info][gc,heap        ] GC(86) Survivor regions: 1->1(46)
[24.565s][info][gc,heap        ] GC(86) Old regions: 171->171
[24.565s][info][gc,heap        ] GC(86) Archive regions: 0->0
[24.565s][info][gc,heap        ] GC(86) Humongous regions: 12->12
[24.565s][info][gc,metaspace   ] GC(86) Metaspace: 59146K(59968K)->59146K(59968K) NonClass: 51679K(52096K)->51679K(52096K) Class: 7467K(7872K)->7467K(7872K)
[24.565s][info][gc             ] GC(86) Pause Young (Normal) (G1 Evacuation Pause) 538M->173M(610M) 1.888ms
[24.565s][info][gc,cpu         ] GC(86) User=0.02s Sys=0.00s Real=0.02s
[24.631s][info][gc,start       ] GC(87) Pause Full (System.gc())
[24.631s][info][gc,task        ] GC(87) Using 14 workers of 33 for full compaction
[24.632s][info][gc,phases,start] GC(87) Phase 1: Mark live objects
[24.668s][info][gc,phases      ] GC(87) Phase 1: Mark live objects 36.730ms
[24.668s][info][gc,phases,start] GC(87) Phase 2: Prepare compaction
[24.673s][info][gc,phases      ] GC(87) Phase 2: Prepare compaction 4.640ms
[24.673s][info][gc,phases,start] GC(87) Phase 3: Adjust pointers
[24.680s][info][gc,phases      ] GC(87) Phase 3: Adjust pointers 6.674ms
[24.680s][info][gc,phases,start] GC(87) Phase 4: Compact heap
[24.680s][info][gc,phases      ] GC(87) Phase 4: Compact heap 0.362ms
[24.686s][info][gc,heap        ] GC(87) Eden regions: 103->0(366)
[24.686s][info][gc,heap        ] GC(87) Survivor regions: 1->0(46)
[24.686s][info][gc,heap        ] GC(87) Old regions: 171->171
[24.686s][info][gc,heap        ] GC(87) Archive regions: 0->0
[24.686s][info][gc,heap        ] GC(87) Humongous regions: 17->12
[24.686s][info][gc,metaspace   ] GC(87) Metaspace: 59154K(60032K)->59154K(60032K) NonClass: 51687K(52160K)->51687K(52160K) Class: 7467K(7872K)->7467K(7872K)
[24.686s][info][gc             ] GC(87) Pause Full (System.gc()) 281M->173M(610M) 55.080ms
[24.686s][info][gc,cpu         ] GC(87) User=0.66s Sys=0.00s Real=0.05s
[24.864s][info][gc,start       ] GC(88) Pause Young (Normal) (G1 Evacuation Pause)
[24.864s][info][gc,task        ] GC(88) Using 14 workers of 33 for evacuation
[24.865s][info][gc,phases      ] GC(88)   Pre Evacuate Collection Set: 0.2ms
[24.865s][info][gc,phases      ] GC(88)   Merge Heap Roots: 0.1ms
[24.865s][info][gc,phases      ] GC(88)   Evacuate Collection Set: 0.5ms
[24.865s][info][gc,phases      ] GC(88)   Post Evacuate Collection Set: 0.5ms
[24.865s][info][gc,phases      ] GC(88)   Other: 0.1ms
[24.865s][info][gc,heap        ] GC(88) Eden regions: 366->0(365)
[24.865s][info][gc,heap        ] GC(88) Survivor regions: 0->1(46)
[24.865s][info][gc,heap        ] GC(88) Old regions: 171->171
[24.865s][info][gc,heap        ] GC(88) Archive regions: 0->0
[24.865s][info][gc,heap        ] GC(88) Humongous regions: 22->12
[24.865s][info][gc,metaspace   ] GC(88) Metaspace: 59178K(60032K)->59178K(60032K) NonClass: 51710K(52160K)->51710K(52160K) Class: 7468K(7872K)->7468K(7872K)
[24.865s][info][gc             ] GC(88) Pause Young (Normal) (G1 Evacuation Pause) 549M->173M(610M) 1.616ms
[24.866s][info][gc,cpu         ] GC(88) User=0.00s Sys=0.00s Real=0.00s
[25.008s][info][gc,start       ] GC(89) Pause Young (Normal) (G1 Evacuation Pause)
[25.008s][info][gc,task        ] GC(89) Using 14 workers of 33 for evacuation
[25.010s][info][gc,phases      ] GC(89)   Pre Evacuate Collection Set: 0.2ms
[25.010s][info][gc,phases      ] GC(89)   Merge Heap Roots: 0.1ms
[25.010s][info][gc,phases      ] GC(89)   Evacuate Collection Set: 0.5ms
[25.010s][info][gc,phases      ] GC(89)   Post Evacuate Collection Set: 0.7ms
[25.010s][info][gc,phases      ] GC(89)   Other: 0.2ms
[25.010s][info][gc,heap        ] GC(89) Eden regions: 365->0(365)
[25.010s][info][gc,heap        ] GC(89) Survivor regions: 1->1(46)
[25.010s][info][gc,heap        ] GC(89) Old regions: 171->171
[25.010s][info][gc,heap        ] GC(89) Archive regions: 0->0
[25.010s][info][gc,heap        ] GC(89) Humongous regions: 12->12
[25.010s][info][gc,metaspace   ] GC(89) Metaspace: 59178K(60032K)->59178K(60032K) NonClass: 51710K(52160K)->51710K(52160K) Class: 7468K(7872K)->7468K(7872K)
[25.010s][info][gc             ] GC(89) Pause Young (Normal) (G1 Evacuation Pause) 538M->173M(610M) 2.015ms
[25.010s][info][gc,cpu         ] GC(89) User=0.00s Sys=0.00s Real=0.00s
[25.135s][info][gc,start       ] GC(90) Pause Young (Normal) (G1 Evacuation Pause)
[25.135s][info][gc,task        ] GC(90) Using 14 workers of 33 for evacuation
[25.137s][info][gc,phases      ] GC(90)   Pre Evacuate Collection Set: 0.1ms
[25.137s][info][gc,phases      ] GC(90)   Merge Heap Roots: 0.1ms
[25.137s][info][gc,phases      ] GC(90)   Evacuate Collection Set: 0.4ms
[25.137s][info][gc,phases      ] GC(90)   Post Evacuate Collection Set: 0.6ms
[25.137s][info][gc,phases      ] GC(90)   Other: 0.2ms
[25.137s][info][gc,heap        ] GC(90) Eden regions: 365->0(365)
[25.137s][info][gc,heap        ] GC(90) Survivor regions: 1->1(46)
[25.137s][info][gc,heap        ] GC(90) Old regions: 171->171
[25.137s][info][gc,heap        ] GC(90) Archive regions: 0->0
[25.137s][info][gc,heap        ] GC(90) Humongous regions: 12->12
[25.137s][info][gc,metaspace   ] GC(90) Metaspace: 59178K(60032K)->59178K(60032K) NonClass: 51710K(52160K)->51710K(52160K) Class: 7468K(7872K)->7468K(7872K)
[25.137s][info][gc             ] GC(90) Pause Young (Normal) (G1 Evacuation Pause) 538M->173M(610M) 1.930ms
[25.137s][info][gc,cpu         ] GC(90) User=0.00s Sys=0.00s Real=0.00s
[25.254s][info][gc,start       ] GC(91) Pause Young (Normal) (G1 Evacuation Pause)
[25.254s][info][gc,task        ] GC(91) Using 14 workers of 33 for evacuation
[25.256s][info][gc,phases      ] GC(91)   Pre Evacuate Collection Set: 0.1ms
[25.256s][info][gc,phases      ] GC(91)   Merge Heap Roots: 0.1ms
[25.256s][info][gc,phases      ] GC(91)   Evacuate Collection Set: 0.4ms
[25.256s][info][gc,phases      ] GC(91)   Post Evacuate Collection Set: 0.7ms
[25.256s][info][gc,phases      ] GC(91)   Other: 0.2ms
[25.256s][info][gc,heap        ] GC(91) Eden regions: 365->0(365)
[25.256s][info][gc,heap        ] GC(91) Survivor regions: 1->1(46)
[25.256s][info][gc,heap        ] GC(91) Old regions: 171->171
[25.256s][info][gc,heap        ] GC(91) Archive regions: 0->0
[25.256s][info][gc,heap        ] GC(91) Humongous regions: 12->12
[25.256s][info][gc,metaspace   ] GC(91) Metaspace: 59178K(60032K)->59178K(60032K) NonClass: 51710K(52160K)->51710K(52160K) Class: 7468K(7872K)->7468K(7872K)
[25.256s][info][gc             ] GC(91) Pause Young (Normal) (G1 Evacuation Pause) 538M->173M(610M) 1.981ms
[25.256s][info][gc,cpu         ] GC(91) User=0.00s Sys=0.00s Real=0.00s
[25.373s][info][gc,start       ] GC(92) Pause Young (Normal) (G1 Evacuation Pause)
[25.374s][info][gc,task        ] GC(92) Using 14 workers of 33 for evacuation
[25.375s][info][gc,phases      ] GC(92)   Pre Evacuate Collection Set: 0.2ms
[25.375s][info][gc,phases      ] GC(92)   Merge Heap Roots: 0.1ms
[25.375s][info][gc,phases      ] GC(92)   Evacuate Collection Set: 0.5ms
[25.375s][info][gc,phases      ] GC(92)   Post Evacuate Collection Set: 0.8ms
[25.376s][info][gc,phases      ] GC(92)   Other: 0.2ms
[25.376s][info][gc,heap        ] GC(92) Eden regions: 365->0(365)
[25.376s][info][gc,heap        ] GC(92) Survivor regions: 1->1(46)
[25.376s][info][gc,heap        ] GC(92) Old regions: 171->171
[25.376s][info][gc,heap        ] GC(92) Archive regions: 0->0
[25.376s][info][gc,heap        ] GC(92) Humongous regions: 12->12
[25.376s][info][gc,metaspace   ] GC(92) Metaspace: 59513K(60352K)->59513K(60352K) NonClass: 51995K(52480K)->51995K(52480K) Class: 7517K(7872K)->7517K(7872K)
[25.376s][info][gc             ] GC(92) Pause Young (Normal) (G1 Evacuation Pause) 538M->173M(610M) 2.369ms
[25.376s][info][gc,cpu         ] GC(92) User=0.22s Sys=0.00s Real=0.02s
[25.454s][info][gc,start       ] GC(93) Pause Full (System.gc())
[25.454s][info][gc,task        ] GC(93) Using 14 workers of 33 for full compaction
[25.455s][info][gc,phases,start] GC(93) Phase 1: Mark live objects
[25.495s][info][gc,phases      ] GC(93) Phase 1: Mark live objects 40.150ms
[25.495s][info][gc,phases,start] GC(93) Phase 2: Prepare compaction
[25.500s][info][gc,phases      ] GC(93) Phase 2: Prepare compaction 4.818ms
[25.500s][info][gc,phases,start] GC(93) Phase 3: Adjust pointers
[25.507s][info][gc,phases      ] GC(93) Phase 3: Adjust pointers 7.360ms
[25.507s][info][gc,phases,start] GC(93) Phase 4: Compact heap
[25.508s][info][gc,phases      ] GC(93) Phase 4: Compact heap 0.409ms
[25.514s][info][gc,heap        ] GC(93) Eden regions: 106->0(366)
[25.514s][info][gc,heap        ] GC(93) Survivor regions: 1->0(46)
[25.514s][info][gc,heap        ] GC(93) Old regions: 171->171
[25.514s][info][gc,heap        ] GC(93) Archive regions: 0->0
[25.514s][info][gc,heap        ] GC(93) Humongous regions: 17->12
[25.514s][info][gc,metaspace   ] GC(93) Metaspace: 59580K(60480K)->59580K(60480K) NonClass: 52052K(52544K)->52052K(52544K) Class: 7527K(7936K)->7527K(7936K)
[25.514s][info][gc             ] GC(93) Pause Full (System.gc()) 284M->173M(610M) 60.538ms
[25.514s][info][gc,cpu         ] GC(93) User=0.66s Sys=0.02s Real=0.06s
[25.699s][info][gc,start       ] GC(94) Pause Young (Normal) (G1 Evacuation Pause)
[25.700s][info][gc,task        ] GC(94) Using 14 workers of 33 for evacuation
[25.702s][info][gc,phases      ] GC(94)   Pre Evacuate Collection Set: 0.2ms
[25.702s][info][gc,phases      ] GC(94)   Merge Heap Roots: 0.2ms
[25.702s][info][gc,phases      ] GC(94)   Evacuate Collection Set: 0.5ms
[25.702s][info][gc,phases      ] GC(94)   Post Evacuate Collection Set: 1.0ms
[25.702s][info][gc,phases      ] GC(94)   Other: 0.2ms
[25.702s][info][gc,heap        ] GC(94) Eden regions: 366->0(376)
[25.702s][info][gc,heap        ] GC(94) Survivor regions: 0->1(46)
[25.702s][info][gc,heap        ] GC(94) Old regions: 171->171
[25.702s][info][gc,heap        ] GC(94) Archive regions: 0->0
[25.702s][info][gc,heap        ] GC(94) Humongous regions: 22->12
[25.702s][info][gc,metaspace   ] GC(94) Metaspace: 59595K(60480K)->59595K(60480K) NonClass: 52067K(52544K)->52067K(52544K) Class: 7528K(7936K)->7528K(7936K)
[25.702s][info][gc             ] GC(94) Pause Young (Normal) (G1 Evacuation Pause) 549M->173M(629M) 2.600ms
[25.702s][info][gc,cpu         ] GC(94) User=0.00s Sys=0.02s Real=0.02s
[25.828s][info][gc,start       ] GC(95) Pause Young (Normal) (G1 Evacuation Pause)
[25.828s][info][gc,task        ] GC(95) Using 15 workers of 33 for evacuation
[25.830s][info][gc,phases      ] GC(95)   Pre Evacuate Collection Set: 0.2ms
[25.830s][info][gc,phases      ] GC(95)   Merge Heap Roots: 0.1ms
[25.830s][info][gc,phases      ] GC(95)   Evacuate Collection Set: 0.5ms
[25.830s][info][gc,phases      ] GC(95)   Post Evacuate Collection Set: 0.6ms
[25.830s][info][gc,phases      ] GC(95)   Other: 0.2ms
[25.830s][info][gc,heap        ] GC(95) Eden regions: 376->0(376)
[25.830s][info][gc,heap        ] GC(95) Survivor regions: 1->1(48)
[25.830s][info][gc,heap        ] GC(95) Old regions: 171->171
[25.830s][info][gc,heap        ] GC(95) Archive regions: 0->0
[25.830s][info][gc,heap        ] GC(95) Humongous regions: 12->12
[25.830s][info][gc,metaspace   ] GC(95) Metaspace: 59597K(60480K)->59597K(60480K) NonClass: 52069K(52544K)->52069K(52544K) Class: 7528K(7936K)->7528K(7936K)
[25.830s][info][gc             ] GC(95) Pause Young (Normal) (G1 Evacuation Pause) 549M->173M(629M) 2.045ms
[25.830s][info][gc,cpu         ] GC(95) User=0.00s Sys=0.00s Real=0.00s
[25.951s][info][gc,start       ] GC(96) Pause Young (Normal) (G1 Evacuation Pause)
[25.951s][info][gc,task        ] GC(96) Using 15 workers of 33 for evacuation
[25.953s][info][gc,phases      ] GC(96)   Pre Evacuate Collection Set: 0.1ms
[25.953s][info][gc,phases      ] GC(96)   Merge Heap Roots: 0.1ms
[25.953s][info][gc,phases      ] GC(96)   Evacuate Collection Set: 0.4ms
[25.953s][info][gc,phases      ] GC(96)   Post Evacuate Collection Set: 0.7ms
[25.953s][info][gc,phases      ] GC(96)   Other: 0.2ms
[25.953s][info][gc,heap        ] GC(96) Eden regions: 376->0(376)
[25.953s][info][gc,heap        ] GC(96) Survivor regions: 1->1(48)
[25.953s][info][gc,heap        ] GC(96) Old regions: 171->171
[25.953s][info][gc,heap        ] GC(96) Archive regions: 0->0
[25.953s][info][gc,heap        ] GC(96) Humongous regions: 12->12
[25.953s][info][gc,metaspace   ] GC(96) Metaspace: 59597K(60480K)->59597K(60480K) NonClass: 52069K(52544K)->52069K(52544K) Class: 7528K(7936K)->7528K(7936K)
[25.953s][info][gc             ] GC(96) Pause Young (Normal) (G1 Evacuation Pause) 549M->173M(629M) 2.012ms
[25.953s][info][gc,cpu         ] GC(96) User=0.00s Sys=0.00s Real=0.00s
[26.073s][info][gc,start       ] GC(97) Pause Young (Normal) (G1 Evacuation Pause)
[26.073s][info][gc,task        ] GC(97) Using 15 workers of 33 for evacuation
[26.075s][info][gc,phases      ] GC(97)   Pre Evacuate Collection Set: 0.2ms
[26.075s][info][gc,phases      ] GC(97)   Merge Heap Roots: 0.1ms
[26.075s][info][gc,phases      ] GC(97)   Evacuate Collection Set: 0.4ms
[26.075s][info][gc,phases      ] GC(97)   Post Evacuate Collection Set: 0.7ms
[26.075s][info][gc,phases      ] GC(97)   Other: 0.2ms
[26.075s][info][gc,heap        ] GC(97) Eden regions: 376->0(376)
[26.075s][info][gc,heap        ] GC(97) Survivor regions: 1->1(48)
[26.075s][info][gc,heap        ] GC(97) Old regions: 171->171
[26.075s][info][gc,heap        ] GC(97) Archive regions: 0->0
[26.075s][info][gc,heap        ] GC(97) Humongous regions: 12->12
[26.075s][info][gc,metaspace   ] GC(97) Metaspace: 59597K(60480K)->59597K(60480K) NonClass: 52069K(52544K)->52069K(52544K) Class: 7528K(7936K)->7528K(7936K)
[26.075s][info][gc             ] GC(97) Pause Young (Normal) (G1 Evacuation Pause) 549M->173M(629M) 2.041ms
[26.075s][info][gc,cpu         ] GC(97) User=0.00s Sys=0.00s Real=0.00s
[26.204s][info][gc,start       ] GC(98) Pause Young (Normal) (G1 Evacuation Pause)
[26.205s][info][gc,task        ] GC(98) Using 15 workers of 33 for evacuation
[26.206s][info][gc,phases      ] GC(98)   Pre Evacuate Collection Set: 0.2ms
[26.206s][info][gc,phases      ] GC(98)   Merge Heap Roots: 0.1ms
[26.206s][info][gc,phases      ] GC(98)   Evacuate Collection Set: 0.4ms
[26.206s][info][gc,phases      ] GC(98)   Post Evacuate Collection Set: 0.7ms
[26.206s][info][gc,phases      ] GC(98)   Other: 0.2ms
[26.206s][info][gc,heap        ] GC(98) Eden regions: 376->0(376)
[26.206s][info][gc,heap        ] GC(98) Survivor regions: 1->1(48)
[26.206s][info][gc,heap        ] GC(98) Old regions: 171->171
[26.206s][info][gc,heap        ] GC(98) Archive regions: 0->0
[26.206s][info][gc,heap        ] GC(98) Humongous regions: 12->12
[26.206s][info][gc,metaspace   ] GC(98) Metaspace: 59597K(60480K)->59597K(60480K) NonClass: 52069K(52544K)->52069K(52544K) Class: 7528K(7936K)->7528K(7936K)
[26.206s][info][gc             ] GC(98) Pause Young (Normal) (G1 Evacuation Pause) 549M->173M(629M) 2.026ms
[26.207s][info][gc,cpu         ] GC(98) User=0.00s Sys=0.00s Real=0.00s
[26.272s][info][gc,start       ] GC(99) Pause Full (System.gc())
[26.272s][info][gc,task        ] GC(99) Using 15 workers of 33 for full compaction
[26.273s][info][gc,phases,start] GC(99) Phase 1: Mark live objects
[26.308s][info][gc,phases      ] GC(99) Phase 1: Mark live objects 35.204ms
[26.309s][info][gc,phases,start] GC(99) Phase 2: Prepare compaction
[26.313s][info][gc,phases      ] GC(99) Phase 2: Prepare compaction 4.512ms
[26.313s][info][gc,phases,start] GC(99) Phase 3: Adjust pointers
[26.320s][info][gc,phases      ] GC(99) Phase 3: Adjust pointers 7.312ms
[26.320s][info][gc,phases,start] GC(99) Phase 4: Compact heap
[26.321s][info][gc,phases      ] GC(99) Phase 4: Compact heap 0.377ms
[26.327s][info][gc,heap        ] GC(99) Eden regions: 59->0(366)
[26.327s][info][gc,heap        ] GC(99) Survivor regions: 1->0(48)
[26.327s][info][gc,heap        ] GC(99) Old regions: 171->171
[26.327s][info][gc,heap        ] GC(99) Archive regions: 0->0
[26.327s][info][gc,heap        ] GC(99) Humongous regions: 17->12
[26.327s][info][gc,metaspace   ] GC(99) Metaspace: 59622K(60480K)->59622K(60480K) NonClass: 52092K(52544K)->52092K(52544K) Class: 7529K(7936K)->7529K(7936K)
[26.327s][info][gc             ] GC(99) Pause Full (System.gc()) 237M->173M(610M) 54.876ms
[26.327s][info][gc,cpu         ] GC(99) User=0.72s Sys=0.00s Real=0.06s
[26.501s][info][gc,start       ] GC(100) Pause Young (Normal) (G1 Evacuation Pause)
[26.501s][info][gc,task        ] GC(100) Using 14 workers of 33 for evacuation
[26.502s][info][gc,phases      ] GC(100)   Pre Evacuate Collection Set: 0.2ms
[26.503s][info][gc,phases      ] GC(100)   Merge Heap Roots: 0.2ms
[26.503s][info][gc,phases      ] GC(100)   Evacuate Collection Set: 0.5ms
[26.503s][info][gc,phases      ] GC(100)   Post Evacuate Collection Set: 0.7ms
[26.503s][info][gc,phases      ] GC(100)   Other: 0.2ms
[26.503s][info][gc,heap        ] GC(100) Eden regions: 366->0(365)
[26.503s][info][gc,heap        ] GC(100) Survivor regions: 0->1(46)
[26.503s][info][gc,heap        ] GC(100) Old regions: 171->171
[26.503s][info][gc,heap        ] GC(100) Archive regions: 0->0
[26.503s][info][gc,heap        ] GC(100) Humongous regions: 22->12
[26.503s][info][gc,metaspace   ] GC(100) Metaspace: 59661K(60544K)->59661K(60544K) NonClass: 52131K(52608K)->52131K(52608K) Class: 7529K(7936K)->7529K(7936K)
[26.503s][info][gc             ] GC(100) Pause Young (Normal) (G1 Evacuation Pause) 549M->173M(610M) 2.302ms
[26.503s][info][gc,cpu         ] GC(100) User=0.00s Sys=0.00s Real=0.00s
[26.631s][info][gc,start       ] GC(101) Pause Young (Normal) (G1 Evacuation Pause)
[26.631s][info][gc,task        ] GC(101) Using 14 workers of 33 for evacuation
[26.633s][info][gc,phases      ] GC(101)   Pre Evacuate Collection Set: 0.2ms
[26.633s][info][gc,phases      ] GC(101)   Merge Heap Roots: 0.1ms
[26.633s][info][gc,phases      ] GC(101)   Evacuate Collection Set: 0.5ms
[26.633s][info][gc,phases      ] GC(101)   Post Evacuate Collection Set: 0.7ms
[26.633s][info][gc,phases      ] GC(101)   Other: 0.2ms
[26.633s][info][gc,heap        ] GC(101) Eden regions: 365->0(365)
[26.633s][info][gc,heap        ] GC(101) Survivor regions: 1->1(46)
[26.633s][info][gc,heap        ] GC(101) Old regions: 171->171
[26.633s][info][gc,heap        ] GC(101) Archive regions: 0->0
[26.633s][info][gc,heap        ] GC(101) Humongous regions: 12->12
[26.633s][info][gc,metaspace   ] GC(101) Metaspace: 59661K(60544K)->59661K(60544K) NonClass: 52131K(52608K)->52131K(52608K) Class: 7529K(7936K)->7529K(7936K)
[26.633s][info][gc             ] GC(101) Pause Young (Normal) (G1 Evacuation Pause) 538M->173M(610M) 2.036ms
[26.633s][info][gc,cpu         ] GC(101) User=0.00s Sys=0.00s Real=0.00s
[26.751s][info][gc,start       ] GC(102) Pause Young (Normal) (G1 Evacuation Pause)
[26.751s][info][gc,task        ] GC(102) Using 14 workers of 33 for evacuation
[26.753s][info][gc,phases      ] GC(102)   Pre Evacuate Collection Set: 0.1ms
[26.753s][info][gc,phases      ] GC(102)   Merge Heap Roots: 0.1ms
[26.753s][info][gc,phases      ] GC(102)   Evacuate Collection Set: 0.4ms
[26.753s][info][gc,phases      ] GC(102)   Post Evacuate Collection Set: 0.6ms
[26.753s][info][gc,phases      ] GC(102)   Other: 0.2ms
[26.753s][info][gc,heap        ] GC(102) Eden regions: 365->0(365)
[26.753s][info][gc,heap        ] GC(102) Survivor regions: 1->1(46)
[26.753s][info][gc,heap        ] GC(102) Old regions: 171->171
[26.753s][info][gc,heap        ] GC(102) Archive regions: 0->0
[26.753s][info][gc,heap        ] GC(102) Humongous regions: 12->12
[26.753s][info][gc,metaspace   ] GC(102) Metaspace: 59661K(60544K)->59661K(60544K) NonClass: 52131K(52608K)->52131K(52608K) Class: 7529K(7936K)->7529K(7936K)
[26.753s][info][gc             ] GC(102) Pause Young (Normal) (G1 Evacuation Pause) 538M->173M(610M) 1.940ms
[26.753s][info][gc,cpu         ] GC(102) User=0.00s Sys=0.00s Real=0.00s
[26.872s][info][gc,start       ] GC(103) Pause Young (Normal) (G1 Evacuation Pause)
[26.873s][info][gc,task        ] GC(103) Using 14 workers of 33 for evacuation
[26.874s][info][gc,phases      ] GC(103)   Pre Evacuate Collection Set: 0.1ms
[26.874s][info][gc,phases      ] GC(103)   Merge Heap Roots: 0.1ms
[26.874s][info][gc,phases      ] GC(103)   Evacuate Collection Set: 0.4ms
[26.874s][info][gc,phases      ] GC(103)   Post Evacuate Collection Set: 0.6ms
[26.874s][info][gc,phases      ] GC(103)   Other: 0.2ms
[26.874s][info][gc,heap        ] GC(103) Eden regions: 365->0(365)
[26.874s][info][gc,heap        ] GC(103) Survivor regions: 1->1(46)
[26.874s][info][gc,heap        ] GC(103) Old regions: 171->171
[26.874s][info][gc,heap        ] GC(103) Archive regions: 0->0
[26.874s][info][gc,heap        ] GC(103) Humongous regions: 12->12
[26.874s][info][gc,metaspace   ] GC(103) Metaspace: 59661K(60544K)->59661K(60544K) NonClass: 52131K(52608K)->52131K(52608K) Class: 7529K(7936K)->7529K(7936K)
[26.874s][info][gc             ] GC(103) Pause Young (Normal) (G1 Evacuation Pause) 538M->173M(610M) 1.946ms
[26.874s][info][gc,cpu         ] GC(103) User=0.00s Sys=0.00s Real=0.00s
[27.000s][info][gc,start       ] GC(104) Pause Young (Normal) (G1 Evacuation Pause)
[27.000s][info][gc,task        ] GC(104) Using 14 workers of 33 for evacuation
[27.001s][info][gc,phases      ] GC(104)   Pre Evacuate Collection Set: 0.2ms
[27.002s][info][gc,phases      ] GC(104)   Merge Heap Roots: 0.1ms
[27.002s][info][gc,phases      ] GC(104)   Evacuate Collection Set: 0.4ms
[27.002s][info][gc,phases      ] GC(104)   Post Evacuate Collection Set: 0.6ms
[27.002s][info][gc,phases      ] GC(104)   Other: 0.2ms
[27.002s][info][gc,heap        ] GC(104) Eden regions: 365->0(365)
[27.002s][info][gc,heap        ] GC(104) Survivor regions: 1->1(46)
[27.002s][info][gc,heap        ] GC(104) Old regions: 171->171
[27.002s][info][gc,heap        ] GC(104) Archive regions: 0->0
[27.002s][info][gc,heap        ] GC(104) Humongous regions: 12->12
[27.002s][info][gc,metaspace   ] GC(104) Metaspace: 59661K(60544K)->59661K(60544K) NonClass: 52131K(52608K)->52131K(52608K) Class: 7529K(7936K)->7529K(7936K)
[27.002s][info][gc             ] GC(104) Pause Young (Normal) (G1 Evacuation Pause) 538M->173M(610M) 2.012ms
[27.002s][info][gc,cpu         ] GC(104) User=0.00s Sys=0.00s Real=0.00s
[27.176s][info][gc,start       ] GC(105) Pause Full (System.gc())
[27.176s][info][gc,task        ] GC(105) Using 14 workers of 33 for full compaction
[27.177s][info][gc,phases,start] GC(105) Phase 1: Mark live objects
[27.222s][info][gc,phases      ] GC(105) Phase 1: Mark live objects 44.842ms
[27.222s][info][gc,phases,start] GC(105) Phase 2: Prepare compaction
[27.227s][info][gc,phases      ] GC(105) Phase 2: Prepare compaction 4.770ms
[27.227s][info][gc,phases,start] GC(105) Phase 3: Adjust pointers
[27.234s][info][gc,phases      ] GC(105) Phase 3: Adjust pointers 7.634ms
[27.234s][info][gc,phases,start] GC(105) Phase 4: Compact heap
[27.235s][info][gc,phases      ] GC(105) Phase 4: Compact heap 0.384ms
[27.241s][info][gc,heap        ] GC(105) Eden regions: 104->0(366)
[27.241s][info][gc,heap        ] GC(105) Survivor regions: 1->0(46)
[27.241s][info][gc,heap        ] GC(105) Old regions: 171->171
[27.241s][info][gc,heap        ] GC(105) Archive regions: 0->0
[27.241s][info][gc,heap        ] GC(105) Humongous regions: 17->12
[27.241s][info][gc,metaspace   ] GC(105) Metaspace: 59683K(60544K)->59683K(60544K) NonClass: 52153K(52608K)->52153K(52608K) Class: 7529K(7936K)->7529K(7936K)
[27.241s][info][gc             ] GC(105) Pause Full (System.gc()) 281M->173M(610M) 64.818ms
[27.241s][info][gc,cpu         ] GC(105) User=0.88s Sys=0.00s Real=0.06s
[27.415s][info][gc,start       ] GC(106) Pause Young (Normal) (G1 Evacuation Pause)
[27.416s][info][gc,task        ] GC(106) Using 14 workers of 33 for evacuation
[27.417s][info][gc,phases      ] GC(106)   Pre Evacuate Collection Set: 0.2ms
[27.417s][info][gc,phases      ] GC(106)   Merge Heap Roots: 0.1ms
[27.417s][info][gc,phases      ] GC(106)   Evacuate Collection Set: 0.5ms
[27.417s][info][gc,phases      ] GC(106)   Post Evacuate Collection Set: 0.6ms
[27.417s][info][gc,phases      ] GC(106)   Other: 0.2ms
[27.417s][info][gc,heap        ] GC(106) Eden regions: 366->0(365)
[27.417s][info][gc,heap        ] GC(106) Survivor regions: 0->1(46)
[27.417s][info][gc,heap        ] GC(106) Old regions: 171->171
[27.417s][info][gc,heap        ] GC(106) Archive regions: 0->0
[27.417s][info][gc,heap        ] GC(106) Humongous regions: 22->12
[27.417s][info][gc,metaspace   ] GC(106) Metaspace: 59722K(60608K)->59722K(60608K) NonClass: 52191K(52672K)->52191K(52672K) Class: 7531K(7936K)->7531K(7936K)
[27.418s][info][gc             ] GC(106) Pause Young (Normal) (G1 Evacuation Pause) 549M->173M(610M) 2.123ms
[27.418s][info][gc,cpu         ] GC(106) User=0.22s Sys=0.00s Real=0.02s
[27.534s][info][gc,start       ] GC(107) Pause Young (Normal) (G1 Evacuation Pause)
[27.534s][info][gc,task        ] GC(107) Using 14 workers of 33 for evacuation
[27.536s][info][gc,phases      ] GC(107)   Pre Evacuate Collection Set: 0.2ms
[27.536s][info][gc,phases      ] GC(107)   Merge Heap Roots: 0.1ms
[27.536s][info][gc,phases      ] GC(107)   Evacuate Collection Set: 0.5ms
[27.536s][info][gc,phases      ] GC(107)   Post Evacuate Collection Set: 0.7ms
[27.536s][info][gc,phases      ] GC(107)   Other: 0.2ms
[27.536s][info][gc,heap        ] GC(107) Eden regions: 365->0(365)
[27.536s][info][gc,heap        ] GC(107) Survivor regions: 1->1(46)
[27.536s][info][gc,heap        ] GC(107) Old regions: 171->171
[27.536s][info][gc,heap        ] GC(107) Archive regions: 0->0
[27.536s][info][gc,heap        ] GC(107) Humongous regions: 12->12
[27.536s][info][gc,metaspace   ] GC(107) Metaspace: 59723K(60608K)->59723K(60608K) NonClass: 52191K(52672K)->52191K(52672K) Class: 7531K(7936K)->7531K(7936K)
[27.536s][info][gc             ] GC(107) Pause Young (Normal) (G1 Evacuation Pause) 538M->173M(610M) 2.136ms
[27.536s][info][gc,cpu         ] GC(107) User=0.00s Sys=0.00s Real=0.00s
[27.655s][info][gc,start       ] GC(108) Pause Young (Normal) (G1 Evacuation Pause)
[27.655s][info][gc,task        ] GC(108) Using 14 workers of 33 for evacuation
[27.656s][info][gc,phases      ] GC(108)   Pre Evacuate Collection Set: 0.1ms
[27.656s][info][gc,phases      ] GC(108)   Merge Heap Roots: 0.1ms
[27.656s][info][gc,phases      ] GC(108)   Evacuate Collection Set: 0.4ms
[27.656s][info][gc,phases      ] GC(108)   Post Evacuate Collection Set: 0.7ms
[27.656s][info][gc,phases      ] GC(108)   Other: 0.2ms
[27.656s][info][gc,heap        ] GC(108) Eden regions: 365->0(365)
[27.656s][info][gc,heap        ] GC(108) Survivor regions: 1->1(46)
[27.656s][info][gc,heap        ] GC(108) Old regions: 171->171
[27.656s][info][gc,heap        ] GC(108) Archive regions: 0->0
[27.656s][info][gc,heap        ] GC(108) Humongous regions: 12->12
[27.657s][info][gc,metaspace   ] GC(108) Metaspace: 59723K(60608K)->59723K(60608K) NonClass: 52191K(52672K)->52191K(52672K) Class: 7531K(7936K)->7531K(7936K)
[27.657s][info][gc             ] GC(108) Pause Young (Normal) (G1 Evacuation Pause) 538M->173M(610M) 1.954ms
[27.657s][info][gc,cpu         ] GC(108) User=0.00s Sys=0.00s Real=0.00s
[27.775s][info][gc,start       ] GC(109) Pause Young (Normal) (G1 Evacuation Pause)
[27.775s][info][gc,task        ] GC(109) Using 14 workers of 33 for evacuation
[27.777s][info][gc,phases      ] GC(109)   Pre Evacuate Collection Set: 0.1ms
[27.777s][info][gc,phases      ] GC(109)   Merge Heap Roots: 0.1ms
[27.777s][info][gc,phases      ] GC(109)   Evacuate Collection Set: 0.4ms
[27.777s][info][gc,phases      ] GC(109)   Post Evacuate Collection Set: 0.7ms
[27.777s][info][gc,phases      ] GC(109)   Other: 0.2ms
[27.777s][info][gc,heap        ] GC(109) Eden regions: 365->0(365)
[27.777s][info][gc,heap        ] GC(109) Survivor regions: 1->1(46)
[27.777s][info][gc,heap        ] GC(109) Old regions: 171->171
[27.777s][info][gc,heap        ] GC(109) Archive regions: 0->0
[27.777s][info][gc,heap        ] GC(109) Humongous regions: 12->12
[27.777s][info][gc,metaspace   ] GC(109) Metaspace: 59723K(60608K)->59723K(60608K) NonClass: 52191K(52672K)->52191K(52672K) Class: 7531K(7936K)->7531K(7936K)
[27.777s][info][gc             ] GC(109) Pause Young (Normal) (G1 Evacuation Pause) 538M->173M(610M) 2.000ms
[27.777s][info][gc,cpu         ] GC(109) User=0.03s Sys=0.03s Real=0.01s
[27.894s][info][gc,start       ] GC(110) Pause Young (Normal) (G1 Evacuation Pause)
[27.894s][info][gc,task        ] GC(110) Using 14 workers of 33 for evacuation
[27.895s][info][gc,phases      ] GC(110)   Pre Evacuate Collection Set: 0.2ms
[27.895s][info][gc,phases      ] GC(110)   Merge Heap Roots: 0.1ms
[27.895s][info][gc,phases      ] GC(110)   Evacuate Collection Set: 0.4ms
[27.895s][info][gc,phases      ] GC(110)   Post Evacuate Collection Set: 0.6ms
[27.895s][info][gc,phases      ] GC(110)   Other: 0.2ms
[27.895s][info][gc,heap        ] GC(110) Eden regions: 365->0(365)
[27.895s][info][gc,heap        ] GC(110) Survivor regions: 1->1(46)
[27.895s][info][gc,heap        ] GC(110) Old regions: 171->171
[27.895s][info][gc,heap        ] GC(110) Archive regions: 0->0
[27.896s][info][gc,heap        ] GC(110) Humongous regions: 12->12
[27.896s][info][gc,metaspace   ] GC(110) Metaspace: 59723K(60608K)->59723K(60608K) NonClass: 52191K(52672K)->52191K(52672K) Class: 7531K(7936K)->7531K(7936K)
[27.896s][info][gc             ] GC(110) Pause Young (Normal) (G1 Evacuation Pause) 538M->173M(610M) 1.953ms
[27.896s][info][gc,cpu         ] GC(110) User=0.00s Sys=0.00s Real=0.00s
[27.953s][info][gc,start       ] GC(111) Pause Full (System.gc())
[27.953s][info][gc,task        ] GC(111) Using 14 workers of 33 for full compaction
[27.954s][info][gc,phases,start] GC(111) Phase 1: Mark live objects
[27.991s][info][gc,phases      ] GC(111) Phase 1: Mark live objects 36.555ms
[27.991s][info][gc,phases,start] GC(111) Phase 2: Prepare compaction
[27.995s][info][gc,phases      ] GC(111) Phase 2: Prepare compaction 4.877ms
[27.995s][info][gc,phases,start] GC(111) Phase 3: Adjust pointers
[28.003s][info][gc,phases      ] GC(111) Phase 3: Adjust pointers 7.577ms
[28.003s][info][gc,phases,start] GC(111) Phase 4: Compact heap
[28.003s][info][gc,phases      ] GC(111) Phase 4: Compact heap 0.379ms
[28.010s][info][gc,heap        ] GC(111) Eden regions: 103->0(366)
[28.010s][info][gc,heap        ] GC(111) Survivor regions: 1->0(46)
[28.010s][info][gc,heap        ] GC(111) Old regions: 171->171
[28.010s][info][gc,heap        ] GC(111) Archive regions: 0->0
[28.010s][info][gc,heap        ] GC(111) Humongous regions: 17->12
[28.010s][info][gc,metaspace   ] GC(111) Metaspace: 59750K(60672K)->59750K(60672K) NonClass: 52218K(52736K)->52218K(52736K) Class: 7531K(7936K)->7531K(7936K)
[28.010s][info][gc             ] GC(111) Pause Full (System.gc()) 281M->173M(610M) 56.742ms
[28.010s][info][gc,cpu         ] GC(111) User=0.66s Sys=0.00s Real=0.05s
[28.176s][info][gc,start       ] GC(112) Pause Young (Normal) (G1 Evacuation Pause)
[28.176s][info][gc,task        ] GC(112) Using 14 workers of 33 for evacuation
[28.178s][info][gc,phases      ] GC(112)   Pre Evacuate Collection Set: 0.2ms
[28.178s][info][gc,phases      ] GC(112)   Merge Heap Roots: 0.1ms
[28.178s][info][gc,phases      ] GC(112)   Evacuate Collection Set: 0.5ms
[28.178s][info][gc,phases      ] GC(112)   Post Evacuate Collection Set: 1.0ms
[28.178s][info][gc,phases      ] GC(112)   Other: 0.2ms
[28.178s][info][gc,heap        ] GC(112) Eden regions: 366->0(376)
[28.178s][info][gc,heap        ] GC(112) Survivor regions: 0->1(46)
[28.178s][info][gc,heap        ] GC(112) Old regions: 171->171
[28.178s][info][gc,heap        ] GC(112) Archive regions: 0->0
[28.178s][info][gc,heap        ] GC(112) Humongous regions: 22->12
[28.178s][info][gc,metaspace   ] GC(112) Metaspace: 59782K(60672K)->59782K(60672K) NonClass: 52250K(52736K)->52250K(52736K) Class: 7531K(7936K)->7531K(7936K)
[28.178s][info][gc             ] GC(112) Pause Young (Normal) (G1 Evacuation Pause) 549M->174M(629M) 2.463ms
[28.178s][info][gc,cpu         ] GC(112) User=0.00s Sys=0.00s Real=0.00s
[28.308s][info][gc,start       ] GC(113) Pause Young (Normal) (G1 Evacuation Pause)
[28.308s][info][gc,task        ] GC(113) Using 15 workers of 33 for evacuation
[28.309s][info][gc,phases      ] GC(113)   Pre Evacuate Collection Set: 0.2ms
[28.309s][info][gc,phases      ] GC(113)   Merge Heap Roots: 0.1ms
[28.309s][info][gc,phases      ] GC(113)   Evacuate Collection Set: 0.4ms
[28.309s][info][gc,phases      ] GC(113)   Post Evacuate Collection Set: 0.7ms
[28.309s][info][gc,phases      ] GC(113)   Other: 0.2ms
[28.309s][info][gc,heap        ] GC(113) Eden regions: 376->0(376)
[28.309s][info][gc,heap        ] GC(113) Survivor regions: 1->1(48)
[28.310s][info][gc,heap        ] GC(113) Old regions: 171->171
[28.310s][info][gc,heap        ] GC(113) Archive regions: 0->0
[28.310s][info][gc,heap        ] GC(113) Humongous regions: 12->12
[28.310s][info][gc,metaspace   ] GC(113) Metaspace: 59800K(60672K)->59800K(60672K) NonClass: 52268K(52736K)->52268K(52736K) Class: 7531K(7936K)->7531K(7936K)
[28.310s][info][gc             ] GC(113) Pause Young (Normal) (G1 Evacuation Pause) 550M->174M(629M) 2.030ms
[28.310s][info][gc,cpu         ] GC(113) User=0.00s Sys=0.00s Real=0.00s
[28.430s][info][gc,start       ] GC(114) Pause Young (Normal) (G1 Evacuation Pause)
[28.430s][info][gc,task        ] GC(114) Using 15 workers of 33 for evacuation
[28.431s][info][gc,phases      ] GC(114)   Pre Evacuate Collection Set: 0.2ms
[28.431s][info][gc,phases      ] GC(114)   Merge Heap Roots: 0.1ms
[28.431s][info][gc,phases      ] GC(114)   Evacuate Collection Set: 0.4ms
[28.431s][info][gc,phases      ] GC(114)   Post Evacuate Collection Set: 0.7ms
[28.431s][info][gc,phases      ] GC(114)   Other: 0.2ms
[28.431s][info][gc,heap        ] GC(114) Eden regions: 376->0(376)
[28.432s][info][gc,heap        ] GC(114) Survivor regions: 1->1(48)
[28.432s][info][gc,heap        ] GC(114) Old regions: 171->171
[28.432s][info][gc,heap        ] GC(114) Archive regions: 0->0
[28.432s][info][gc,heap        ] GC(114) Humongous regions: 12->12
[28.432s][info][gc,metaspace   ] GC(114) Metaspace: 59800K(60672K)->59800K(60672K) NonClass: 52268K(52736K)->52268K(52736K) Class: 7531K(7936K)->7531K(7936K)
[28.432s][info][gc             ] GC(114) Pause Young (Normal) (G1 Evacuation Pause) 550M->174M(629M) 2.007ms
[28.432s][info][gc,cpu         ] GC(114) User=0.00s Sys=0.00s Real=0.00s
[28.552s][info][gc,start       ] GC(115) Pause Young (Normal) (G1 Evacuation Pause)
[28.552s][info][gc,task        ] GC(115) Using 15 workers of 33 for evacuation
[28.553s][info][gc,phases      ] GC(115)   Pre Evacuate Collection Set: 0.1ms
[28.553s][info][gc,phases      ] GC(115)   Merge Heap Roots: 0.1ms
[28.553s][info][gc,phases      ] GC(115)   Evacuate Collection Set: 0.4ms
[28.553s][info][gc,phases      ] GC(115)   Post Evacuate Collection Set: 0.6ms
[28.553s][info][gc,phases      ] GC(115)   Other: 0.2ms
[28.553s][info][gc,heap        ] GC(115) Eden regions: 376->0(376)
[28.553s][info][gc,heap        ] GC(115) Survivor regions: 1->1(48)
[28.553s][info][gc,heap        ] GC(115) Old regions: 171->171
[28.553s][info][gc,heap        ] GC(115) Archive regions: 0->0
[28.553s][info][gc,heap        ] GC(115) Humongous regions: 12->12
[28.553s][info][gc,metaspace   ] GC(115) Metaspace: 59800K(60672K)->59800K(60672K) NonClass: 52268K(52736K)->52268K(52736K) Class: 7531K(7936K)->7531K(7936K)
[28.554s][info][gc             ] GC(115) Pause Young (Normal) (G1 Evacuation Pause) 550M->174M(629M) 1.887ms
[28.554s][info][gc,cpu         ] GC(115) User=0.00s Sys=0.00s Real=0.00s
[28.674s][info][gc,start       ] GC(116) Pause Young (Normal) (G1 Evacuation Pause)
[28.674s][info][gc,task        ] GC(116) Using 15 workers of 33 for evacuation
[28.676s][info][gc,phases      ] GC(116)   Pre Evacuate Collection Set: 0.2ms
[28.676s][info][gc,phases      ] GC(116)   Merge Heap Roots: 0.1ms
[28.676s][info][gc,phases      ] GC(116)   Evacuate Collection Set: 0.4ms
[28.676s][info][gc,phases      ] GC(116)   Post Evacuate Collection Set: 0.6ms
[28.676s][info][gc,phases      ] GC(116)   Other: 0.2ms
[28.676s][info][gc,heap        ] GC(116) Eden regions: 376->0(376)
[28.676s][info][gc,heap        ] GC(116) Survivor regions: 1->1(48)
[28.676s][info][gc,heap        ] GC(116) Old regions: 171->171
[28.676s][info][gc,heap        ] GC(116) Archive regions: 0->0
[28.676s][info][gc,heap        ] GC(116) Humongous regions: 12->12
[28.676s][info][gc,metaspace   ] GC(116) Metaspace: 59800K(60672K)->59800K(60672K) NonClass: 52268K(52736K)->52268K(52736K) Class: 7531K(7936K)->7531K(7936K)
[28.676s][info][gc             ] GC(116) Pause Young (Normal) (G1 Evacuation Pause) 550M->174M(629M) 1.903ms
[28.676s][info][gc,cpu         ] GC(116) User=0.00s Sys=0.00s Real=0.00s
[28.721s][info][gc,start       ] GC(117) Pause Full (System.gc())
[28.721s][info][gc,task        ] GC(117) Using 15 workers of 33 for full compaction
[28.722s][info][gc,phases,start] GC(117) Phase 1: Mark live objects
[28.755s][info][gc,phases      ] GC(117) Phase 1: Mark live objects 33.076ms
[28.755s][info][gc,phases,start] GC(117) Phase 2: Prepare compaction
[28.760s][info][gc,phases      ] GC(117) Phase 2: Prepare compaction 4.528ms
[28.760s][info][gc,phases,start] GC(117) Phase 3: Adjust pointers
[28.767s][info][gc,phases      ] GC(117) Phase 3: Adjust pointers 7.508ms
[28.767s][info][gc,phases,start] GC(117) Phase 4: Compact heap
[28.768s][info][gc,phases      ] GC(117) Phase 4: Compact heap 0.359ms
[28.774s][info][gc,heap        ] GC(117) Eden regions: 59->0(366)
[28.774s][info][gc,heap        ] GC(117) Survivor regions: 1->0(48)
[28.774s][info][gc,heap        ] GC(117) Old regions: 171->171
[28.774s][info][gc,heap        ] GC(117) Archive regions: 0->0
[28.774s][info][gc,heap        ] GC(117) Humongous regions: 17->12
[28.774s][info][gc,metaspace   ] GC(117) Metaspace: 59837K(60736K)->59837K(60736K) NonClass: 52304K(52800K)->52304K(52800K) Class: 7533K(7936K)->7533K(7936K)
[28.774s][info][gc             ] GC(117) Pause Full (System.gc()) 237M->173M(610M) 52.355ms
[28.774s][info][gc,cpu         ] GC(117) User=0.70s Sys=0.00s Real=0.05s
[28.947s][info][gc,start       ] GC(118) Pause Young (Normal) (G1 Evacuation Pause)
[28.947s][info][gc,task        ] GC(118) Using 14 workers of 33 for evacuation
[28.949s][info][gc,phases      ] GC(118)   Pre Evacuate Collection Set: 0.2ms
[28.949s][info][gc,phases      ] GC(118)   Merge Heap Roots: 0.1ms
[28.949s][info][gc,phases      ] GC(118)   Evacuate Collection Set: 0.5ms
[28.949s][info][gc,phases      ] GC(118)   Post Evacuate Collection Set: 0.8ms
[28.949s][info][gc,phases      ] GC(118)   Other: 0.2ms
[28.949s][info][gc,heap        ] GC(118) Eden regions: 366->0(365)
[28.949s][info][gc,heap        ] GC(118) Survivor regions: 0->1(46)
[28.949s][info][gc,heap        ] GC(118) Old regions: 171->171
[28.949s][info][gc,heap        ] GC(118) Archive regions: 0->0
[28.949s][info][gc,heap        ] GC(118) Humongous regions: 22->12
[28.949s][info][gc,metaspace   ] GC(118) Metaspace: 59929K(60800K)->59929K(60800K) NonClass: 52379K(52864K)->52379K(52864K) Class: 7549K(7936K)->7549K(7936K)
[28.950s][info][gc             ] GC(118) Pause Young (Normal) (G1 Evacuation Pause) 549M->174M(610M) 2.308ms
[28.950s][info][gc,cpu         ] GC(118) User=0.00s Sys=0.05s Real=0.02s
[29.078s][info][gc,start       ] GC(119) Pause Young (Normal) (G1 Evacuation Pause)
[29.078s][info][gc,task        ] GC(119) Using 14 workers of 33 for evacuation
[29.080s][info][gc,phases      ] GC(119)   Pre Evacuate Collection Set: 0.2ms
[29.080s][info][gc,phases      ] GC(119)   Merge Heap Roots: 0.1ms
[29.080s][info][gc,phases      ] GC(119)   Evacuate Collection Set: 0.5ms
[29.080s][info][gc,phases      ] GC(119)   Post Evacuate Collection Set: 0.6ms
[29.080s][info][gc,phases      ] GC(119)   Other: 0.2ms
[29.080s][info][gc,heap        ] GC(119) Eden regions: 365->0(365)
[29.080s][info][gc,heap        ] GC(119) Survivor regions: 1->1(46)
[29.080s][info][gc,heap        ] GC(119) Old regions: 171->171
[29.080s][info][gc,heap        ] GC(119) Archive regions: 0->0
[29.080s][info][gc,heap        ] GC(119) Humongous regions: 12->12
[29.080s][info][gc,metaspace   ] GC(119) Metaspace: 59933K(60800K)->59933K(60800K) NonClass: 52384K(52864K)->52384K(52864K) Class: 7549K(7936K)->7549K(7936K)
[29.080s][info][gc             ] GC(119) Pause Young (Normal) (G1 Evacuation Pause) 539M->174M(610M) 2.053ms
[29.080s][info][gc,cpu         ] GC(119) User=0.00s Sys=0.00s Real=0.00s
[29.198s][info][gc,start       ] GC(120) Pause Young (Normal) (G1 Evacuation Pause)
[29.198s][info][gc,task        ] GC(120) Using 14 workers of 33 for evacuation
[29.200s][info][gc,phases      ] GC(120)   Pre Evacuate Collection Set: 0.2ms
[29.200s][info][gc,phases      ] GC(120)   Merge Heap Roots: 0.1ms
[29.200s][info][gc,phases      ] GC(120)   Evacuate Collection Set: 0.4ms
[29.200s][info][gc,phases      ] GC(120)   Post Evacuate Collection Set: 0.6ms
[29.200s][info][gc,phases      ] GC(120)   Other: 0.2ms
[29.200s][info][gc,heap        ] GC(120) Eden regions: 365->0(365)
[29.200s][info][gc,heap        ] GC(120) Survivor regions: 1->1(46)
[29.200s][info][gc,heap        ] GC(120) Old regions: 171->171
[29.200s][info][gc,heap        ] GC(120) Archive regions: 0->0
[29.200s][info][gc,heap        ] GC(120) Humongous regions: 12->12
[29.200s][info][gc,metaspace   ] GC(120) Metaspace: 59933K(60800K)->59933K(60800K) NonClass: 52384K(52864K)->52384K(52864K) Class: 7549K(7936K)->7549K(7936K)
[29.200s][info][gc             ] GC(120) Pause Young (Normal) (G1 Evacuation Pause) 539M->174M(610M) 1.923ms
[29.200s][info][gc,cpu         ] GC(120) User=0.00s Sys=0.00s Real=0.00s
[29.317s][info][gc,start       ] GC(121) Pause Young (Normal) (G1 Evacuation Pause)
[29.317s][info][gc,task        ] GC(121) Using 14 workers of 33 for evacuation
[29.319s][info][gc,phases      ] GC(121)   Pre Evacuate Collection Set: 0.1ms
[29.319s][info][gc,phases      ] GC(121)   Merge Heap Roots: 0.1ms
[29.319s][info][gc,phases      ] GC(121)   Evacuate Collection Set: 0.4ms
[29.319s][info][gc,phases      ] GC(121)   Post Evacuate Collection Set: 0.6ms
[29.319s][info][gc,phases      ] GC(121)   Other: 0.2ms
[29.319s][info][gc,heap        ] GC(121) Eden regions: 365->0(365)
[29.319s][info][gc,heap        ] GC(121) Survivor regions: 1->1(46)
[29.319s][info][gc,heap        ] GC(121) Old regions: 171->171
[29.319s][info][gc,heap        ] GC(121) Archive regions: 0->0
[29.319s][info][gc,heap        ] GC(121) Humongous regions: 12->12
[29.319s][info][gc,metaspace   ] GC(121) Metaspace: 59933K(60800K)->59933K(60800K) NonClass: 52384K(52864K)->52384K(52864K) Class: 7549K(7936K)->7549K(7936K)
[29.319s][info][gc             ] GC(121) Pause Young (Normal) (G1 Evacuation Pause) 539M->174M(610M) 1.946ms
[29.319s][info][gc,cpu         ] GC(121) User=0.00s Sys=0.00s Real=0.00s
[29.439s][info][gc,start       ] GC(122) Pause Young (Normal) (G1 Evacuation Pause)
[29.439s][info][gc,task        ] GC(122) Using 14 workers of 33 for evacuation
[29.441s][info][gc,phases      ] GC(122)   Pre Evacuate Collection Set: 0.2ms
[29.441s][info][gc,phases      ] GC(122)   Merge Heap Roots: 0.1ms
[29.441s][info][gc,phases      ] GC(122)   Evacuate Collection Set: 0.5ms
[29.441s][info][gc,phases      ] GC(122)   Post Evacuate Collection Set: 0.7ms
[29.441s][info][gc,phases      ] GC(122)   Other: 0.2ms
[29.441s][info][gc,heap        ] GC(122) Eden regions: 365->0(365)
[29.441s][info][gc,heap        ] GC(122) Survivor regions: 1->1(46)
[29.441s][info][gc,heap        ] GC(122) Old regions: 171->171
[29.441s][info][gc,heap        ] GC(122) Archive regions: 0->0
[29.441s][info][gc,heap        ] GC(122) Humongous regions: 12->12
[29.441s][info][gc,metaspace   ] GC(122) Metaspace: 59933K(60800K)->59933K(60800K) NonClass: 52384K(52864K)->52384K(52864K) Class: 7549K(7936K)->7549K(7936K)
[29.441s][info][gc             ] GC(122) Pause Young (Normal) (G1 Evacuation Pause) 539M->174M(610M) 2.053ms
[29.441s][info][gc,cpu         ] GC(122) User=0.00s Sys=0.00s Real=0.00s
[29.509s][info][gc,start       ] GC(123) Pause Full (System.gc())
[29.509s][info][gc,task        ] GC(123) Using 14 workers of 33 for full compaction
[29.509s][info][gc,phases,start] GC(123) Phase 1: Mark live objects
[29.543s][info][gc,phases      ] GC(123) Phase 1: Mark live objects 33.977ms
[29.543s][info][gc,phases,start] GC(123) Phase 2: Prepare compaction
[29.548s][info][gc,phases      ] GC(123) Phase 2: Prepare compaction 4.753ms
[29.548s][info][gc,phases,start] GC(123) Phase 3: Adjust pointers
[29.555s][info][gc,phases      ] GC(123) Phase 3: Adjust pointers 6.748ms
[29.555s][info][gc,phases,start] GC(123) Phase 4: Compact heap
[29.555s][info][gc,phases      ] GC(123) Phase 4: Compact heap 0.395ms
[29.561s][info][gc,heap        ] GC(123) Eden regions: 104->0(366)
[29.561s][info][gc,heap        ] GC(123) Survivor regions: 1->0(46)
[29.561s][info][gc,heap        ] GC(123) Old regions: 171->171
[29.561s][info][gc,heap        ] GC(123) Archive regions: 0->0
[29.561s][info][gc,heap        ] GC(123) Humongous regions: 17->12
[29.561s][info][gc,metaspace   ] GC(123) Metaspace: 59956K(60800K)->59956K(60800K) NonClass: 52407K(52864K)->52407K(52864K) Class: 7549K(7936K)->7549K(7936K)
[29.561s][info][gc             ] GC(123) Pause Full (System.gc()) 282M->173M(610M) 52.895ms
[29.562s][info][gc,cpu         ] GC(123) User=0.66s Sys=0.00s Real=0.05s
[29.734s][info][gc,start       ] GC(124) Pause Young (Normal) (G1 Evacuation Pause)
[29.734s][info][gc,task        ] GC(124) Using 14 workers of 33 for evacuation
[29.735s][info][gc,phases      ] GC(124)   Pre Evacuate Collection Set: 0.2ms
[29.736s][info][gc,phases      ] GC(124)   Merge Heap Roots: 0.1ms
[29.736s][info][gc,phases      ] GC(124)   Evacuate Collection Set: 0.4ms
[29.736s][info][gc,phases      ] GC(124)   Post Evacuate Collection Set: 0.7ms
[29.736s][info][gc,phases      ] GC(124)   Other: 0.2ms
[29.736s][info][gc,heap        ] GC(124) Eden regions: 366->0(365)
[29.736s][info][gc,heap        ] GC(124) Survivor regions: 0->1(46)
[29.736s][info][gc,heap        ] GC(124) Old regions: 171->171
[29.736s][info][gc,heap        ] GC(124) Archive regions: 0->0
[29.736s][info][gc,heap        ] GC(124) Humongous regions: 22->12
[29.736s][info][gc,metaspace   ] GC(124) Metaspace: 59984K(60800K)->59984K(60800K) NonClass: 52434K(52864K)->52434K(52864K) Class: 7549K(7936K)->7549K(7936K)
[29.736s][info][gc             ] GC(124) Pause Young (Normal) (G1 Evacuation Pause) 549M->174M(610M) 2.159ms
[29.736s][info][gc,cpu         ] GC(124) User=0.00s Sys=0.00s Real=0.00s
[29.861s][info][gc,start       ] GC(125) Pause Young (Normal) (G1 Evacuation Pause)
[29.862s][info][gc,task        ] GC(125) Using 14 workers of 33 for evacuation
[29.863s][info][gc,phases      ] GC(125)   Pre Evacuate Collection Set: 0.2ms
[29.863s][info][gc,phases      ] GC(125)   Merge Heap Roots: 0.1ms
[29.863s][info][gc,phases      ] GC(125)   Evacuate Collection Set: 0.4ms
[29.863s][info][gc,phases      ] GC(125)   Post Evacuate Collection Set: 0.7ms
[29.863s][info][gc,phases      ] GC(125)   Other: 0.2ms
[29.863s][info][gc,heap        ] GC(125) Eden regions: 365->0(365)
[29.863s][info][gc,heap        ] GC(125) Survivor regions: 1->1(46)
[29.863s][info][gc,heap        ] GC(125) Old regions: 171->171
[29.863s][info][gc,heap        ] GC(125) Archive regions: 0->0
[29.863s][info][gc,heap        ] GC(125) Humongous regions: 12->12
[29.863s][info][gc,metaspace   ] GC(125) Metaspace: 59984K(60800K)->59984K(60800K) NonClass: 52434K(52864K)->52434K(52864K) Class: 7549K(7936K)->7549K(7936K)
[29.864s][info][gc             ] GC(125) Pause Young (Normal) (G1 Evacuation Pause) 539M->174M(610M) 2.043ms
[29.864s][info][gc,cpu         ] GC(125) User=0.00s Sys=0.02s Real=0.02s
[29.982s][info][gc,start       ] GC(126) Pause Young (Normal) (G1 Evacuation Pause)
[29.983s][info][gc,task        ] GC(126) Using 14 workers of 33 for evacuation
[29.984s][info][gc,phases      ] GC(126)   Pre Evacuate Collection Set: 0.2ms
[29.984s][info][gc,phases      ] GC(126)   Merge Heap Roots: 0.1ms
[29.984s][info][gc,phases      ] GC(126)   Evacuate Collection Set: 0.4ms
[29.984s][info][gc,phases      ] GC(126)   Post Evacuate Collection Set: 0.7ms
[29.984s][info][gc,phases      ] GC(126)   Other: 0.2ms
[29.984s][info][gc,heap        ] GC(126) Eden regions: 365->0(365)
[29.984s][info][gc,heap        ] GC(126) Survivor regions: 1->1(46)
[29.984s][info][gc,heap        ] GC(126) Old regions: 171->171
[29.984s][info][gc,heap        ] GC(126) Archive regions: 0->0
[29.984s][info][gc,heap        ] GC(126) Humongous regions: 12->12
[29.984s][info][gc,metaspace   ] GC(126) Metaspace: 59984K(60800K)->59984K(60800K) NonClass: 52434K(52864K)->52434K(52864K) Class: 7549K(7936K)->7549K(7936K)
[29.984s][info][gc             ] GC(126) Pause Young (Normal) (G1 Evacuation Pause) 539M->174M(610M) 1.974ms
[29.984s][info][gc,cpu         ] GC(126) User=0.00s Sys=0.00s Real=0.00s
[30.104s][info][gc,start       ] GC(127) Pause Young (Normal) (G1 Evacuation Pause)
[30.104s][info][gc,task        ] GC(127) Using 14 workers of 33 for evacuation
[30.105s][info][gc,phases      ] GC(127)   Pre Evacuate Collection Set: 0.1ms
[30.106s][info][gc,phases      ] GC(127)   Merge Heap Roots: 0.1ms
[30.106s][info][gc,phases      ] GC(127)   Evacuate Collection Set: 0.4ms
[30.106s][info][gc,phases      ] GC(127)   Post Evacuate Collection Set: 0.6ms
[30.106s][info][gc,phases      ] GC(127)   Other: 0.2ms
[30.106s][info][gc,heap        ] GC(127) Eden regions: 365->0(365)
[30.106s][info][gc,heap        ] GC(127) Survivor regions: 1->1(46)
[30.106s][info][gc,heap        ] GC(127) Old regions: 171->171
[30.106s][info][gc,heap        ] GC(127) Archive regions: 0->0
[30.106s][info][gc,heap        ] GC(127) Humongous regions: 12->12
[30.106s][info][gc,metaspace   ] GC(127) Metaspace: 59984K(60800K)->59984K(60800K) NonClass: 52434K(52864K)->52434K(52864K) Class: 7549K(7936K)->7549K(7936K)
[30.106s][info][gc             ] GC(127) Pause Young (Normal) (G1 Evacuation Pause) 539M->174M(610M) 1.913ms
[30.106s][info][gc,cpu         ] GC(127) User=0.00s Sys=0.00s Real=0.00s
[30.225s][info][gc,start       ] GC(128) Pause Young (Normal) (G1 Evacuation Pause)
[30.225s][info][gc,task        ] GC(128) Using 14 workers of 33 for evacuation
[30.227s][info][gc,phases      ] GC(128)   Pre Evacuate Collection Set: 0.2ms
[30.227s][info][gc,phases      ] GC(128)   Merge Heap Roots: 0.1ms
[30.227s][info][gc,phases      ] GC(128)   Evacuate Collection Set: 0.4ms
[30.227s][info][gc,phases      ] GC(128)   Post Evacuate Collection Set: 0.6ms
[30.227s][info][gc,phases      ] GC(128)   Other: 0.2ms
[30.227s][info][gc,heap        ] GC(128) Eden regions: 365->0(365)
[30.227s][info][gc,heap        ] GC(128) Survivor regions: 1->1(46)
[30.227s][info][gc,heap        ] GC(128) Old regions: 171->171
[30.227s][info][gc,heap        ] GC(128) Archive regions: 0->0
[30.227s][info][gc,heap        ] GC(128) Humongous regions: 12->12
[30.227s][info][gc,metaspace   ] GC(128) Metaspace: 59984K(60800K)->59984K(60800K) NonClass: 52434K(52864K)->52434K(52864K) Class: 7549K(7936K)->7549K(7936K)
[30.227s][info][gc             ] GC(128) Pause Young (Normal) (G1 Evacuation Pause) 539M->174M(610M) 1.944ms
[30.227s][info][gc,cpu         ] GC(128) User=0.00s Sys=0.00s Real=0.00s
[30.293s][info][gc,start       ] GC(129) Pause Full (System.gc())
[30.293s][info][gc,task        ] GC(129) Using 14 workers of 33 for full compaction
[30.294s][info][gc,phases,start] GC(129) Phase 1: Mark live objects
[30.326s][info][gc,phases      ] GC(129) Phase 1: Mark live objects 31.796ms
[30.326s][info][gc,phases,start] GC(129) Phase 2: Prepare compaction
[30.330s][info][gc,phases      ] GC(129) Phase 2: Prepare compaction 4.561ms
[30.330s][info][gc,phases,start] GC(129) Phase 3: Adjust pointers
[30.338s][info][gc,phases      ] GC(129) Phase 3: Adjust pointers 7.915ms
[30.338s][info][gc,phases,start] GC(129) Phase 4: Compact heap
[30.339s][info][gc,phases      ] GC(129) Phase 4: Compact heap 0.395ms
[30.345s][info][gc,heap        ] GC(129) Eden regions: 102->0(366)
[30.345s][info][gc,heap        ] GC(129) Survivor regions: 1->0(46)
[30.345s][info][gc,heap        ] GC(129) Old regions: 171->171
[30.345s][info][gc,heap        ] GC(129) Archive regions: 0->0
[30.345s][info][gc,heap        ] GC(129) Humongous regions: 17->12
[30.345s][info][gc,metaspace   ] GC(129) Metaspace: 59997K(60864K)->59997K(60864K) NonClass: 52447K(52928K)->52447K(52928K) Class: 7549K(7936K)->7549K(7936K)
[30.345s][info][gc             ] GC(129) Pause Full (System.gc()) 280M->173M(610M) 52.462ms
[30.345s][info][gc,cpu         ] GC(129) User=0.67s Sys=0.00s Real=0.06s
[30.511s][info][gc,start       ] GC(130) Pause Young (Normal) (G1 Evacuation Pause)
[30.511s][info][gc,task        ] GC(130) Using 14 workers of 33 for evacuation
[30.513s][info][gc,phases      ] GC(130)   Pre Evacuate Collection Set: 0.2ms
[30.513s][info][gc,phases      ] GC(130)   Merge Heap Roots: 0.1ms
[30.513s][info][gc,phases      ] GC(130)   Evacuate Collection Set: 0.4ms
[30.513s][info][gc,phases      ] GC(130)   Post Evacuate Collection Set: 0.9ms
[30.513s][info][gc,phases      ] GC(130)   Other: 0.2ms
[30.513s][info][gc,heap        ] GC(130) Eden regions: 366->0(375)
[30.513s][info][gc,heap        ] GC(130) Survivor regions: 0->1(46)
[30.513s][info][gc,heap        ] GC(130) Old regions: 171->171
[30.513s][info][gc,heap        ] GC(130) Archive regions: 0->0
[30.513s][info][gc,heap        ] GC(130) Humongous regions: 22->12
[30.513s][info][gc,metaspace   ] GC(130) Metaspace: 60018K(60928K)->60018K(60928K) NonClass: 52468K(52992K)->52468K(52992K) Class: 7550K(7936K)->7550K(7936K)
[30.513s][info][gc             ] GC(130) Pause Young (Normal) (G1 Evacuation Pause) 549M->174M(627M) 2.391ms
[30.513s][info][gc,cpu         ] GC(130) User=0.00s Sys=0.00s Real=0.00s
[30.637s][info][gc,start       ] GC(131) Pause Young (Normal) (G1 Evacuation Pause)
[30.637s][info][gc,task        ] GC(131) Using 15 workers of 33 for evacuation
[30.639s][info][gc,phases      ] GC(131)   Pre Evacuate Collection Set: 0.2ms
[30.639s][info][gc,phases      ] GC(131)   Merge Heap Roots: 0.1ms
[30.639s][info][gc,phases      ] GC(131)   Evacuate Collection Set: 0.4ms
[30.639s][info][gc,phases      ] GC(131)   Post Evacuate Collection Set: 0.6ms
[30.639s][info][gc,phases      ] GC(131)   Other: 0.2ms
[30.639s][info][gc,heap        ] GC(131) Eden regions: 375->0(375)
[30.639s][info][gc,heap        ] GC(131) Survivor regions: 1->1(47)
[30.639s][info][gc,heap        ] GC(131) Old regions: 171->171
[30.639s][info][gc,heap        ] GC(131) Archive regions: 0->0
[30.639s][info][gc,heap        ] GC(131) Humongous regions: 12->12
[30.639s][info][gc,metaspace   ] GC(131) Metaspace: 60018K(60928K)->60018K(60928K) NonClass: 52468K(52992K)->52468K(52992K) Class: 7550K(7936K)->7550K(7936K)
[30.639s][info][gc             ] GC(131) Pause Young (Normal) (G1 Evacuation Pause) 549M->174M(627M) 1.913ms
[30.639s][info][gc,cpu         ] GC(131) User=0.00s Sys=0.00s Real=0.00s
[30.760s][info][gc,start       ] GC(132) Pause Young (Normal) (G1 Evacuation Pause)
[30.760s][info][gc,task        ] GC(132) Using 15 workers of 33 for evacuation
[30.762s][info][gc,phases      ] GC(132)   Pre Evacuate Collection Set: 0.1ms
[30.762s][info][gc,phases      ] GC(132)   Merge Heap Roots: 0.1ms
[30.762s][info][gc,phases      ] GC(132)   Evacuate Collection Set: 0.4ms
[30.762s][info][gc,phases      ] GC(132)   Post Evacuate Collection Set: 0.6ms
[30.762s][info][gc,phases      ] GC(132)   Other: 0.2ms
[30.762s][info][gc,heap        ] GC(132) Eden regions: 375->0(375)
[30.762s][info][gc,heap        ] GC(132) Survivor regions: 1->1(47)
[30.762s][info][gc,heap        ] GC(132) Old regions: 171->171
[30.762s][info][gc,heap        ] GC(132) Archive regions: 0->0
[30.762s][info][gc,heap        ] GC(132) Humongous regions: 12->12
[30.762s][info][gc,metaspace   ] GC(132) Metaspace: 60018K(60928K)->60018K(60928K) NonClass: 52468K(52992K)->52468K(52992K) Class: 7550K(7936K)->7550K(7936K)
[30.762s][info][gc             ] GC(132) Pause Young (Normal) (G1 Evacuation Pause) 549M->174M(627M) 1.950ms
[30.762s][info][gc,cpu         ] GC(132) User=0.00s Sys=0.00s Real=0.00s
[30.881s][info][gc,start       ] GC(133) Pause Young (Normal) (G1 Evacuation Pause)
[30.881s][info][gc,task        ] GC(133) Using 15 workers of 33 for evacuation
[30.883s][info][gc,phases      ] GC(133)   Pre Evacuate Collection Set: 0.2ms
[30.883s][info][gc,phases      ] GC(133)   Merge Heap Roots: 0.1ms
[30.883s][info][gc,phases      ] GC(133)   Evacuate Collection Set: 0.4ms
[30.883s][info][gc,phases      ] GC(133)   Post Evacuate Collection Set: 0.6ms
[30.883s][info][gc,phases      ] GC(133)   Other: 0.2ms
[30.883s][info][gc,heap        ] GC(133) Eden regions: 375->0(375)
[30.883s][info][gc,heap        ] GC(133) Survivor regions: 1->1(47)
[30.883s][info][gc,heap        ] GC(133) Old regions: 171->171
[30.883s][info][gc,heap        ] GC(133) Archive regions: 0->0
[30.883s][info][gc,heap        ] GC(133) Humongous regions: 12->12
[30.883s][info][gc,metaspace   ] GC(133) Metaspace: 60018K(60928K)->60018K(60928K) NonClass: 52468K(52992K)->52468K(52992K) Class: 7550K(7936K)->7550K(7936K)
[30.883s][info][gc             ] GC(133) Pause Young (Normal) (G1 Evacuation Pause) 549M->174M(627M) 1.930ms
[30.883s][info][gc,cpu         ] GC(133) User=0.00s Sys=0.00s Real=0.00s
[31.004s][info][gc,start       ] GC(134) Pause Young (Normal) (G1 Evacuation Pause)
[31.004s][info][gc,task        ] GC(134) Using 15 workers of 33 for evacuation
[31.005s][info][gc,phases      ] GC(134)   Pre Evacuate Collection Set: 0.2ms
[31.005s][info][gc,phases      ] GC(134)   Merge Heap Roots: 0.1ms
[31.006s][info][gc,phases      ] GC(134)   Evacuate Collection Set: 0.4ms
[31.006s][info][gc,phases      ] GC(134)   Post Evacuate Collection Set: 0.6ms
[31.006s][info][gc,phases      ] GC(134)   Other: 0.2ms
[31.006s][info][gc,heap        ] GC(134) Eden regions: 375->0(375)
[31.006s][info][gc,heap        ] GC(134) Survivor regions: 1->1(47)
[31.006s][info][gc,heap        ] GC(134) Old regions: 171->171
[31.006s][info][gc,heap        ] GC(134) Archive regions: 0->0
[31.006s][info][gc,heap        ] GC(134) Humongous regions: 12->12
[31.006s][info][gc,metaspace   ] GC(134) Metaspace: 60018K(60928K)->60018K(60928K) NonClass: 52468K(52992K)->52468K(52992K) Class: 7550K(7936K)->7550K(7936K)
[31.006s][info][gc             ] GC(134) Pause Young (Normal) (G1 Evacuation Pause) 549M->174M(627M) 1.911ms
[31.006s][info][gc,cpu         ] GC(134) User=0.00s Sys=0.00s Real=0.00s
[31.052s][info][gc,start       ] GC(135) Pause Full (System.gc())
[31.052s][info][gc,task        ] GC(135) Using 15 workers of 33 for full compaction
[31.053s][info][gc,phases,start] GC(135) Phase 1: Mark live objects
[31.090s][info][gc,phases      ] GC(135) Phase 1: Mark live objects 37.011ms
[31.090s][info][gc,phases,start] GC(135) Phase 2: Prepare compaction
[31.094s][info][gc,phases      ] GC(135) Phase 2: Prepare compaction 4.622ms
[31.094s][info][gc,phases,start] GC(135) Phase 3: Adjust pointers
[31.102s][info][gc,phases      ] GC(135) Phase 3: Adjust pointers 7.662ms
[31.102s][info][gc,phases,start] GC(135) Phase 4: Compact heap
[31.103s][info][gc,phases      ] GC(135) Phase 4: Compact heap 0.385ms
[31.109s][info][gc,heap        ] GC(135) Eden regions: 62->0(366)
[31.109s][info][gc,heap        ] GC(135) Survivor regions: 1->0(47)
[31.109s][info][gc,heap        ] GC(135) Old regions: 171->171
[31.109s][info][gc,heap        ] GC(135) Archive regions: 0->0
[31.109s][info][gc,heap        ] GC(135) Humongous regions: 17->12
[31.109s][info][gc,metaspace   ] GC(135) Metaspace: 60033K(60928K)->60033K(60928K) NonClass: 52483K(52992K)->52483K(52992K) Class: 7550K(7936K)->7550K(7936K)
[31.109s][info][gc             ] GC(135) Pause Full (System.gc()) 240M->173M(610M) 57.053ms
[31.109s][info][gc,cpu         ] GC(135) User=0.70s Sys=0.00s Real=0.05s
[31.272s][info][gc,start       ] GC(136) Pause Young (Normal) (G1 Evacuation Pause)
[31.273s][info][gc,task        ] GC(136) Using 14 workers of 33 for evacuation
[31.274s][info][gc,phases      ] GC(136)   Pre Evacuate Collection Set: 0.2ms
[31.274s][info][gc,phases      ] GC(136)   Merge Heap Roots: 0.1ms
[31.274s][info][gc,phases      ] GC(136)   Evacuate Collection Set: 0.4ms
[31.274s][info][gc,phases      ] GC(136)   Post Evacuate Collection Set: 0.6ms
[31.274s][info][gc,phases      ] GC(136)   Other: 0.2ms
[31.274s][info][gc,heap        ] GC(136) Eden regions: 366->0(365)
[31.274s][info][gc,heap        ] GC(136) Survivor regions: 0->1(46)
[31.274s][info][gc,heap        ] GC(136) Old regions: 171->171
[31.274s][info][gc,heap        ] GC(136) Archive regions: 0->0
[31.274s][info][gc,heap        ] GC(136) Humongous regions: 22->12
[31.274s][info][gc,metaspace   ] GC(136) Metaspace: 60057K(60928K)->60057K(60928K) NonClass: 52506K(52992K)->52506K(52992K) Class: 7550K(7936K)->7550K(7936K)
[31.275s][info][gc             ] GC(136) Pause Young (Normal) (G1 Evacuation Pause) 549M->174M(610M) 2.078ms
[31.275s][info][gc,cpu         ] GC(136) User=0.00s Sys=0.00s Real=0.00s
[31.414s][info][gc,start       ] GC(137) Pause Young (Normal) (G1 Evacuation Pause)
[31.414s][info][gc,task        ] GC(137) Using 14 workers of 33 for evacuation
[31.416s][info][gc,phases      ] GC(137)   Pre Evacuate Collection Set: 0.2ms
[31.416s][info][gc,phases      ] GC(137)   Merge Heap Roots: 0.1ms
[31.416s][info][gc,phases      ] GC(137)   Evacuate Collection Set: 0.4ms
[31.416s][info][gc,phases      ] GC(137)   Post Evacuate Collection Set: 0.6ms
[31.416s][info][gc,phases      ] GC(137)   Other: 0.2ms
[31.416s][info][gc,heap        ] GC(137) Eden regions: 365->0(365)
[31.416s][info][gc,heap        ] GC(137) Survivor regions: 1->1(46)
[31.416s][info][gc,heap        ] GC(137) Old regions: 171->171
[31.416s][info][gc,heap        ] GC(137) Archive regions: 0->0
[31.416s][info][gc,heap        ] GC(137) Humongous regions: 12->12
[31.416s][info][gc,metaspace   ] GC(137) Metaspace: 60057K(60928K)->60057K(60928K) NonClass: 52506K(52992K)->52506K(52992K) Class: 7550K(7936K)->7550K(7936K)
[31.416s][info][gc             ] GC(137) Pause Young (Normal) (G1 Evacuation Pause) 539M->174M(610M) 2.008ms
[31.416s][info][gc,cpu         ] GC(137) User=0.00s Sys=0.00s Real=0.00s
[31.538s][info][gc,start       ] GC(138) Pause Young (Normal) (G1 Evacuation Pause)
[31.538s][info][gc,task        ] GC(138) Using 14 workers of 33 for evacuation
[31.539s][info][gc,phases      ] GC(138)   Pre Evacuate Collection Set: 0.2ms
[31.539s][info][gc,phases      ] GC(138)   Merge Heap Roots: 0.1ms
[31.539s][info][gc,phases      ] GC(138)   Evacuate Collection Set: 0.4ms
[31.539s][info][gc,phases      ] GC(138)   Post Evacuate Collection Set: 0.6ms
[31.539s][info][gc,phases      ] GC(138)   Other: 0.2ms
[31.539s][info][gc,heap        ] GC(138) Eden regions: 365->0(365)
[31.539s][info][gc,heap        ] GC(138) Survivor regions: 1->1(46)
[31.539s][info][gc,heap        ] GC(138) Old regions: 171->171
[31.539s][info][gc,heap        ] GC(138) Archive regions: 0->0
[31.539s][info][gc,heap        ] GC(138) Humongous regions: 12->12
[31.539s][info][gc,metaspace   ] GC(138) Metaspace: 60057K(60928K)->60057K(60928K) NonClass: 52506K(52992K)->52506K(52992K) Class: 7550K(7936K)->7550K(7936K)
[31.539s][info][gc             ] GC(138) Pause Young (Normal) (G1 Evacuation Pause) 539M->174M(610M) 1.769ms
[31.539s][info][gc,cpu         ] GC(138) User=0.00s Sys=0.00s Real=0.00s
[31.658s][info][gc,start       ] GC(139) Pause Young (Normal) (G1 Evacuation Pause)
[31.658s][info][gc,task        ] GC(139) Using 14 workers of 33 for evacuation
[31.659s][info][gc,phases      ] GC(139)   Pre Evacuate Collection Set: 0.2ms
[31.659s][info][gc,phases      ] GC(139)   Merge Heap Roots: 0.1ms
[31.659s][info][gc,phases      ] GC(139)   Evacuate Collection Set: 0.4ms
[31.659s][info][gc,phases      ] GC(139)   Post Evacuate Collection Set: 0.6ms
[31.660s][info][gc,phases      ] GC(139)   Other: 0.2ms
[31.660s][info][gc,heap        ] GC(139) Eden regions: 365->0(365)
[31.660s][info][gc,heap        ] GC(139) Survivor regions: 1->1(46)
[31.660s][info][gc,heap        ] GC(139) Old regions: 171->171
[31.660s][info][gc,heap        ] GC(139) Archive regions: 0->0
[31.660s][info][gc,heap        ] GC(139) Humongous regions: 12->12
[31.660s][info][gc,metaspace   ] GC(139) Metaspace: 60057K(60928K)->60057K(60928K) NonClass: 52506K(52992K)->52506K(52992K) Class: 7550K(7936K)->7550K(7936K)
[31.660s][info][gc             ] GC(139) Pause Young (Normal) (G1 Evacuation Pause) 539M->174M(610M) 1.972ms
[31.660s][info][gc,cpu         ] GC(139) User=0.00s Sys=0.00s Real=0.00s
[31.778s][info][gc,start       ] GC(140) Pause Young (Normal) (G1 Evacuation Pause)
[31.778s][info][gc,task        ] GC(140) Using 14 workers of 33 for evacuation
[31.780s][info][gc,phases      ] GC(140)   Pre Evacuate Collection Set: 0.2ms
[31.780s][info][gc,phases      ] GC(140)   Merge Heap Roots: 0.1ms
[31.780s][info][gc,phases      ] GC(140)   Evacuate Collection Set: 0.4ms
[31.780s][info][gc,phases      ] GC(140)   Post Evacuate Collection Set: 0.6ms
[31.780s][info][gc,phases      ] GC(140)   Other: 0.2ms
[31.780s][info][gc,heap        ] GC(140) Eden regions: 365->0(365)
[31.780s][info][gc,heap        ] GC(140) Survivor regions: 1->1(46)
[31.780s][info][gc,heap        ] GC(140) Old regions: 171->171
[31.780s][info][gc,heap        ] GC(140) Archive regions: 0->0
[31.780s][info][gc,heap        ] GC(140) Humongous regions: 12->12
[31.780s][info][gc,metaspace   ] GC(140) Metaspace: 60057K(60928K)->60057K(60928K) NonClass: 52506K(52992K)->52506K(52992K) Class: 7550K(7936K)->7550K(7936K)
[31.780s][info][gc             ] GC(140) Pause Young (Normal) (G1 Evacuation Pause) 539M->174M(610M) 2.008ms
[31.780s][info][gc,cpu         ] GC(140) User=0.00s Sys=0.00s Real=0.00s
[31.862s][info][gc,start       ] GC(141) Pause Full (System.gc())
[31.862s][info][gc,task        ] GC(141) Using 14 workers of 33 for full compaction
[31.863s][info][gc,phases,start] GC(141) Phase 1: Mark live objects
[31.897s][info][gc,phases      ] GC(141) Phase 1: Mark live objects 34.642ms
[31.897s][info][gc,phases,start] GC(141) Phase 2: Prepare compaction
[31.902s][info][gc,phases      ] GC(141) Phase 2: Prepare compaction 4.614ms
[31.902s][info][gc,phases,start] GC(141) Phase 3: Adjust pointers
[31.909s][info][gc,phases      ] GC(141) Phase 3: Adjust pointers 7.138ms
[31.909s][info][gc,phases,start] GC(141) Phase 4: Compact heap
[31.910s][info][gc,phases      ] GC(141) Phase 4: Compact heap 0.447ms
[31.917s][info][gc,heap        ] GC(141) Eden regions: 102->0(366)
[31.917s][info][gc,heap        ] GC(141) Survivor regions: 1->0(46)
[31.917s][info][gc,heap        ] GC(141) Old regions: 171->171
[31.917s][info][gc,heap        ] GC(141) Archive regions: 0->0
[31.917s][info][gc,heap        ] GC(141) Humongous regions: 17->12
[31.917s][info][gc,metaspace   ] GC(141) Metaspace: 60077K(60992K)->60077K(60992K) NonClass: 52527K(53056K)->52527K(53056K) Class: 7550K(7936K)->7550K(7936K)
[31.917s][info][gc             ] GC(141) Pause Full (System.gc()) 280M->173M(610M) 54.756ms
[31.917s][info][gc,cpu         ] GC(141) User=0.66s Sys=0.00s Real=0.05s
[32.088s][info][gc,start       ] GC(142) Pause Young (Normal) (G1 Evacuation Pause)
[32.088s][info][gc,task        ] GC(142) Using 14 workers of 33 for evacuation
[32.089s][info][gc,phases      ] GC(142)   Pre Evacuate Collection Set: 0.2ms
[32.090s][info][gc,phases      ] GC(142)   Merge Heap Roots: 0.1ms
[32.090s][info][gc,phases      ] GC(142)   Evacuate Collection Set: 0.4ms
[32.090s][info][gc,phases      ] GC(142)   Post Evacuate Collection Set: 0.7ms
[32.090s][info][gc,phases      ] GC(142)   Other: 0.2ms
[32.090s][info][gc,heap        ] GC(142) Eden regions: 366->0(365)
[32.090s][info][gc,heap        ] GC(142) Survivor regions: 0->1(46)
[32.090s][info][gc,heap        ] GC(142) Old regions: 171->171
[32.090s][info][gc,heap        ] GC(142) Archive regions: 0->0
[32.090s][info][gc,heap        ] GC(142) Humongous regions: 22->12
[32.090s][info][gc,metaspace   ] GC(142) Metaspace: 60097K(60992K)->60097K(60992K) NonClass: 52546K(53056K)->52546K(53056K) Class: 7550K(7936K)->7550K(7936K)
[32.090s][info][gc             ] GC(142) Pause Young (Normal) (G1 Evacuation Pause) 549M->174M(610M) 2.081ms
[32.090s][info][gc,cpu         ] GC(142) User=0.00s Sys=0.00s Real=0.00s
[32.217s][info][gc,start       ] GC(143) Pause Young (Normal) (G1 Evacuation Pause)
[32.217s][info][gc,task        ] GC(143) Using 14 workers of 33 for evacuation
[32.219s][info][gc,phases      ] GC(143)   Pre Evacuate Collection Set: 0.2ms
[32.219s][info][gc,phases      ] GC(143)   Merge Heap Roots: 0.1ms
[32.219s][info][gc,phases      ] GC(143)   Evacuate Collection Set: 0.4ms
[32.219s][info][gc,phases      ] GC(143)   Post Evacuate Collection Set: 0.7ms
[32.219s][info][gc,phases      ] GC(143)   Other: 0.2ms
[32.219s][info][gc,heap        ] GC(143) Eden regions: 365->0(365)
[32.219s][info][gc,heap        ] GC(143) Survivor regions: 1->1(46)
[32.219s][info][gc,heap        ] GC(143) Old regions: 171->171
[32.219s][info][gc,heap        ] GC(143) Archive regions: 0->0
[32.219s][info][gc,heap        ] GC(143) Humongous regions: 12->12
[32.219s][info][gc,metaspace   ] GC(143) Metaspace: 60098K(60992K)->60098K(60992K) NonClass: 52547K(53056K)->52547K(53056K) Class: 7550K(7936K)->7550K(7936K)
[32.219s][info][gc             ] GC(143) Pause Young (Normal) (G1 Evacuation Pause) 539M->174M(610M) 2.082ms
[32.219s][info][gc,cpu         ] GC(143) User=0.00s Sys=0.00s Real=0.00s
[32.337s][info][gc,start       ] GC(144) Pause Young (Normal) (G1 Evacuation Pause)
[32.338s][info][gc,task        ] GC(144) Using 14 workers of 33 for evacuation
[32.339s][info][gc,phases      ] GC(144)   Pre Evacuate Collection Set: 0.2ms
[32.339s][info][gc,phases      ] GC(144)   Merge Heap Roots: 0.1ms
[32.339s][info][gc,phases      ] GC(144)   Evacuate Collection Set: 0.4ms
[32.339s][info][gc,phases      ] GC(144)   Post Evacuate Collection Set: 0.6ms
[32.339s][info][gc,phases      ] GC(144)   Other: 0.2ms
[32.339s][info][gc,heap        ] GC(144) Eden regions: 365->0(365)
[32.339s][info][gc,heap        ] GC(144) Survivor regions: 1->1(46)
[32.339s][info][gc,heap        ] GC(144) Old regions: 171->171
[32.339s][info][gc,heap        ] GC(144) Archive regions: 0->0
[32.339s][info][gc,heap        ] GC(144) Humongous regions: 12->12
[32.339s][info][gc,metaspace   ] GC(144) Metaspace: 60098K(60992K)->60098K(60992K) NonClass: 52547K(53056K)->52547K(53056K) Class: 7550K(7936K)->7550K(7936K)
[32.339s][info][gc             ] GC(144) Pause Young (Normal) (G1 Evacuation Pause) 539M->174M(610M) 1.958ms
[32.339s][info][gc,cpu         ] GC(144) User=0.00s Sys=0.00s Real=0.00s
[32.455s][info][gc,start       ] GC(145) Pause Young (Normal) (G1 Evacuation Pause)
[32.455s][info][gc,task        ] GC(145) Using 14 workers of 33 for evacuation
[32.457s][info][gc,phases      ] GC(145)   Pre Evacuate Collection Set: 0.1ms
[32.457s][info][gc,phases      ] GC(145)   Merge Heap Roots: 0.1ms
[32.457s][info][gc,phases      ] GC(145)   Evacuate Collection Set: 0.4ms
[32.457s][info][gc,phases      ] GC(145)   Post Evacuate Collection Set: 0.6ms
[32.457s][info][gc,phases      ] GC(145)   Other: 0.2ms
[32.457s][info][gc,heap        ] GC(145) Eden regions: 365->0(365)
[32.457s][info][gc,heap        ] GC(145) Survivor regions: 1->1(46)
[32.457s][info][gc,heap        ] GC(145) Old regions: 171->171
[32.457s][info][gc,heap        ] GC(145) Archive regions: 0->0
[32.457s][info][gc,heap        ] GC(145) Humongous regions: 12->12
[32.457s][info][gc,metaspace   ] GC(145) Metaspace: 60098K(60992K)->60098K(60992K) NonClass: 52547K(53056K)->52547K(53056K) Class: 7550K(7936K)->7550K(7936K)
[32.457s][info][gc             ] GC(145) Pause Young (Normal) (G1 Evacuation Pause) 539M->174M(610M) 1.887ms
[32.457s][info][gc,cpu         ] GC(145) User=0.00s Sys=0.00s Real=0.00s
[32.575s][info][gc,start       ] GC(146) Pause Young (Normal) (G1 Evacuation Pause)
[32.575s][info][gc,task        ] GC(146) Using 14 workers of 33 for evacuation
[32.576s][info][gc,phases      ] GC(146)   Pre Evacuate Collection Set: 0.2ms
[32.576s][info][gc,phases      ] GC(146)   Merge Heap Roots: 0.1ms
[32.576s][info][gc,phases      ] GC(146)   Evacuate Collection Set: 0.4ms
[32.576s][info][gc,phases      ] GC(146)   Post Evacuate Collection Set: 0.6ms
[32.576s][info][gc,phases      ] GC(146)   Other: 0.2ms
[32.576s][info][gc,heap        ] GC(146) Eden regions: 365->0(365)
[32.576s][info][gc,heap        ] GC(146) Survivor regions: 1->1(46)
[32.576s][info][gc,heap        ] GC(146) Old regions: 171->171
[32.576s][info][gc,heap        ] GC(146) Archive regions: 0->0
[32.576s][info][gc,heap        ] GC(146) Humongous regions: 12->12
[32.576s][info][gc,metaspace   ] GC(146) Metaspace: 60098K(60992K)->60098K(60992K) NonClass: 52547K(53056K)->52547K(53056K) Class: 7550K(7936K)->7550K(7936K)
[32.576s][info][gc             ] GC(146) Pause Young (Normal) (G1 Evacuation Pause) 539M->174M(610M) 1.853ms
[32.576s][info][gc,cpu         ] GC(146) User=0.00s Sys=0.00s Real=0.00s
[32.644s][info][gc,start       ] GC(147) Pause Full (System.gc())
[32.644s][info][gc,task        ] GC(147) Using 14 workers of 33 for full compaction
[32.644s][info][gc,phases,start] GC(147) Phase 1: Mark live objects
[32.677s][info][gc,phases      ] GC(147) Phase 1: Mark live objects 32.425ms
[32.677s][info][gc,phases,start] GC(147) Phase 2: Prepare compaction
[32.682s][info][gc,phases      ] GC(147) Phase 2: Prepare compaction 4.736ms
[32.682s][info][gc,phases,start] GC(147) Phase 3: Adjust pointers
[32.690s][info][gc,phases      ] GC(147) Phase 3: Adjust pointers 8.320ms
[32.690s][info][gc,phases,start] GC(147) Phase 4: Compact heap
[32.690s][info][gc,phases      ] GC(147) Phase 4: Compact heap 0.431ms
[32.696s][info][gc,heap        ] GC(147) Eden regions: 101->0(366)
[32.696s][info][gc,heap        ] GC(147) Survivor regions: 1->0(46)
[32.696s][info][gc,heap        ] GC(147) Old regions: 171->171
[32.696s][info][gc,heap        ] GC(147) Archive regions: 0->0
[32.697s][info][gc,heap        ] GC(147) Humongous regions: 17->12
[32.697s][info][gc,metaspace   ] GC(147) Metaspace: 60129K(60992K)->60129K(60992K) NonClass: 52579K(53056K)->52579K(53056K) Class: 7550K(7936K)->7550K(7936K)
[32.697s][info][gc             ] GC(147) Pause Full (System.gc()) 279M->173M(610M) 52.937ms
[32.697s][info][gc,cpu         ] GC(147) User=0.66s Sys=0.00s Real=0.05s
[32.870s][info][gc,start       ] GC(148) Pause Young (Normal) (G1 Evacuation Pause)
[32.870s][info][gc,task        ] GC(148) Using 14 workers of 33 for evacuation
[32.872s][info][gc,phases      ] GC(148)   Pre Evacuate Collection Set: 0.2ms
[32.872s][info][gc,phases      ] GC(148)   Merge Heap Roots: 0.1ms
[32.872s][info][gc,phases      ] GC(148)   Evacuate Collection Set: 0.5ms
[32.872s][info][gc,phases      ] GC(148)   Post Evacuate Collection Set: 1.0ms
[32.872s][info][gc,phases      ] GC(148)   Other: 0.2ms
[32.872s][info][gc,heap        ] GC(148) Eden regions: 366->0(375)
[32.872s][info][gc,heap        ] GC(148) Survivor regions: 0->1(46)
[32.872s][info][gc,heap        ] GC(148) Old regions: 171->171
[32.872s][info][gc,heap        ] GC(148) Archive regions: 0->0
[32.872s][info][gc,heap        ] GC(148) Humongous regions: 22->12
[32.872s][info][gc,metaspace   ] GC(148) Metaspace: 60259K(61120K)->60259K(61120K) NonClass: 52706K(53184K)->52706K(53184K) Class: 7552K(7936K)->7552K(7936K)
[32.873s][info][gc             ] GC(148) Pause Young (Normal) (G1 Evacuation Pause) 549M->174M(627M) 2.498ms
[32.873s][info][gc,cpu         ] GC(148) User=0.00s Sys=0.00s Real=0.00s
[33.004s][info][gc,start       ] GC(149) Pause Young (Normal) (G1 Evacuation Pause)
[33.005s][info][gc,task        ] GC(149) Using 15 workers of 33 for evacuation
[33.006s][info][gc,phases      ] GC(149)   Pre Evacuate Collection Set: 0.2ms
[33.006s][info][gc,phases      ] GC(149)   Merge Heap Roots: 0.1ms
[33.006s][info][gc,phases      ] GC(149)   Evacuate Collection Set: 0.4ms
[33.006s][info][gc,phases      ] GC(149)   Post Evacuate Collection Set: 0.7ms
[33.006s][info][gc,phases      ] GC(149)   Other: 0.2ms
[33.006s][info][gc,heap        ] GC(149) Eden regions: 375->0(375)
[33.006s][info][gc,heap        ] GC(149) Survivor regions: 1->1(47)
[33.006s][info][gc,heap        ] GC(149) Old regions: 171->171
[33.006s][info][gc,heap        ] GC(149) Archive regions: 0->0
[33.006s][info][gc,heap        ] GC(149) Humongous regions: 12->12
[33.006s][info][gc,metaspace   ] GC(149) Metaspace: 60261K(61120K)->60261K(61120K) NonClass: 52708K(53184K)->52708K(53184K) Class: 7552K(7936K)->7552K(7936K)
[33.007s][info][gc             ] GC(149) Pause Young (Normal) (G1 Evacuation Pause) 549M->174M(627M) 2.073ms
[33.007s][info][gc,cpu         ] GC(149) User=0.00s Sys=0.00s Real=0.00s
[33.133s][info][gc,start       ] GC(150) Pause Young (Normal) (G1 Evacuation Pause)
[33.133s][info][gc,task        ] GC(150) Using 15 workers of 33 for evacuation
[33.135s][info][gc,phases      ] GC(150)   Pre Evacuate Collection Set: 0.2ms
[33.135s][info][gc,phases      ] GC(150)   Merge Heap Roots: 0.1ms
[33.135s][info][gc,phases      ] GC(150)   Evacuate Collection Set: 0.4ms
[33.135s][info][gc,phases      ] GC(150)   Post Evacuate Collection Set: 0.7ms
[33.135s][info][gc,phases      ] GC(150)   Other: 0.2ms
[33.135s][info][gc,heap        ] GC(150) Eden regions: 375->0(375)
[33.135s][info][gc,heap        ] GC(150) Survivor regions: 1->1(47)
[33.135s][info][gc,heap        ] GC(150) Old regions: 171->171
[33.135s][info][gc,heap        ] GC(150) Archive regions: 0->0
[33.135s][info][gc,heap        ] GC(150) Humongous regions: 12->12
[33.135s][info][gc,metaspace   ] GC(150) Metaspace: 60261K(61120K)->60261K(61120K) NonClass: 52708K(53184K)->52708K(53184K) Class: 7552K(7936K)->7552K(7936K)
[33.135s][info][gc             ] GC(150) Pause Young (Normal) (G1 Evacuation Pause) 549M->174M(627M) 1.986ms
[33.135s][info][gc,cpu         ] GC(150) User=0.02s Sys=0.00s Real=0.01s
[33.258s][info][gc,start       ] GC(151) Pause Young (Normal) (G1 Evacuation Pause)
[33.258s][info][gc,task        ] GC(151) Using 15 workers of 33 for evacuation
[33.260s][info][gc,phases      ] GC(151)   Pre Evacuate Collection Set: 0.2ms
[33.260s][info][gc,phases      ] GC(151)   Merge Heap Roots: 0.1ms
[33.260s][info][gc,phases      ] GC(151)   Evacuate Collection Set: 0.5ms
[33.260s][info][gc,phases      ] GC(151)   Post Evacuate Collection Set: 0.6ms
[33.260s][info][gc,phases      ] GC(151)   Other: 0.2ms
[33.260s][info][gc,heap        ] GC(151) Eden regions: 375->0(375)
[33.260s][info][gc,heap        ] GC(151) Survivor regions: 1->1(47)
[33.260s][info][gc,heap        ] GC(151) Old regions: 171->171
[33.260s][info][gc,heap        ] GC(151) Archive regions: 0->0
[33.260s][info][gc,heap        ] GC(151) Humongous regions: 12->12
[33.260s][info][gc,metaspace   ] GC(151) Metaspace: 60261K(61120K)->60261K(61120K) NonClass: 52708K(53184K)->52708K(53184K) Class: 7552K(7936K)->7552K(7936K)
[33.260s][info][gc             ] GC(151) Pause Young (Normal) (G1 Evacuation Pause) 549M->174M(627M) 2.030ms
[33.260s][info][gc,cpu         ] GC(151) User=0.09s Sys=0.02s Real=0.02s
[33.385s][info][gc,start       ] GC(152) Pause Young (Normal) (G1 Evacuation Pause)
[33.385s][info][gc,task        ] GC(152) Using 15 workers of 33 for evacuation
[33.386s][info][gc,phases      ] GC(152)   Pre Evacuate Collection Set: 0.2ms
[33.386s][info][gc,phases      ] GC(152)   Merge Heap Roots: 0.1ms
[33.386s][info][gc,phases      ] GC(152)   Evacuate Collection Set: 0.4ms
[33.386s][info][gc,phases      ] GC(152)   Post Evacuate Collection Set: 0.6ms
[33.386s][info][gc,phases      ] GC(152)   Other: 0.2ms
[33.386s][info][gc,heap        ] GC(152) Eden regions: 375->0(375)
[33.386s][info][gc,heap        ] GC(152) Survivor regions: 1->1(47)
[33.386s][info][gc,heap        ] GC(152) Old regions: 171->171
[33.386s][info][gc,heap        ] GC(152) Archive regions: 0->0
[33.386s][info][gc,heap        ] GC(152) Humongous regions: 12->12
[33.386s][info][gc,metaspace   ] GC(152) Metaspace: 60263K(61120K)->60263K(61120K) NonClass: 52710K(53184K)->52710K(53184K) Class: 7552K(7936K)->7552K(7936K)
[33.386s][info][gc             ] GC(152) Pause Young (Normal) (G1 Evacuation Pause) 549M->174M(627M) 1.803ms
[33.386s][info][gc,cpu         ] GC(152) User=0.00s Sys=0.00s Real=0.00s
[33.443s][info][gc,start       ] GC(153) Pause Full (System.gc())
[33.443s][info][gc,task        ] GC(153) Using 15 workers of 33 for full compaction
[33.444s][info][gc,phases,start] GC(153) Phase 1: Mark live objects
[33.478s][info][gc,phases      ] GC(153) Phase 1: Mark live objects 34.214ms
[33.478s][info][gc,phases,start] GC(153) Phase 2: Prepare compaction
[33.483s][info][gc,phases      ] GC(153) Phase 2: Prepare compaction 4.665ms
[33.483s][info][gc,phases,start] GC(153) Phase 3: Adjust pointers
[33.490s][info][gc,phases      ] GC(153) Phase 3: Adjust pointers 6.847ms
[33.490s][info][gc,phases,start] GC(153) Phase 4: Compact heap
[33.490s][info][gc,phases      ] GC(153) Phase 4: Compact heap 0.375ms
[33.496s][info][gc,heap        ] GC(153) Eden regions: 62->0(368)
[33.496s][info][gc,heap        ] GC(153) Survivor regions: 1->0(47)
[33.496s][info][gc,heap        ] GC(153) Old regions: 171->172
[33.496s][info][gc,heap        ] GC(153) Archive regions: 0->0
[33.496s][info][gc,heap        ] GC(153) Humongous regions: 17->12
[33.496s][info][gc,metaspace   ] GC(153) Metaspace: 60282K(61184K)->60282K(61184K) NonClass: 52729K(53248K)->52729K(53248K) Class: 7552K(7936K)->7552K(7936K)
[33.496s][info][gc             ] GC(153) Pause Full (System.gc()) 241M->173M(614M) 53.469ms
[33.496s][info][gc,cpu         ] GC(153) User=0.70s Sys=0.00s Real=0.05s
[33.658s][info][gc,start       ] GC(154) Pause Young (Normal) (G1 Evacuation Pause)
[33.659s][info][gc,task        ] GC(154) Using 14 workers of 33 for evacuation
[33.660s][info][gc,phases      ] GC(154)   Pre Evacuate Collection Set: 0.2ms
[33.660s][info][gc,phases      ] GC(154)   Merge Heap Roots: 0.1ms
[33.660s][info][gc,phases      ] GC(154)   Evacuate Collection Set: 0.4ms
[33.660s][info][gc,phases      ] GC(154)   Post Evacuate Collection Set: 0.4ms
[33.660s][info][gc,phases      ] GC(154)   Other: 0.2ms
[33.660s][info][gc,heap        ] GC(154) Eden regions: 368->0(367)
[33.660s][info][gc,heap        ] GC(154) Survivor regions: 0->1(46)
[33.660s][info][gc,heap        ] GC(154) Old regions: 172->172
[33.660s][info][gc,heap        ] GC(154) Archive regions: 0->0
[33.660s][info][gc,heap        ] GC(154) Humongous regions: 22->12
[33.660s][info][gc,metaspace   ] GC(154) Metaspace: 60329K(61184K)->60329K(61184K) NonClass: 52776K(53248K)->52776K(53248K) Class: 7552K(7936K)->7552K(7936K)
[33.660s][info][gc             ] GC(154) Pause Young (Normal) (G1 Evacuation Pause) 551M->174M(614M) 1.641ms
[33.660s][info][gc,cpu         ] GC(154) User=0.00s Sys=0.00s Real=0.00s
[33.786s][info][gc,start       ] GC(155) Pause Young (Normal) (G1 Evacuation Pause)
[33.786s][info][gc,task        ] GC(155) Using 14 workers of 33 for evacuation
[33.788s][info][gc,phases      ] GC(155)   Pre Evacuate Collection Set: 0.2ms
[33.788s][info][gc,phases      ] GC(155)   Merge Heap Roots: 0.1ms
[33.788s][info][gc,phases      ] GC(155)   Evacuate Collection Set: 0.4ms
[33.788s][info][gc,phases      ] GC(155)   Post Evacuate Collection Set: 0.6ms
[33.788s][info][gc,phases      ] GC(155)   Other: 0.2ms
[33.788s][info][gc,heap        ] GC(155) Eden regions: 367->0(367)
[33.788s][info][gc,heap        ] GC(155) Survivor regions: 1->1(46)
[33.788s][info][gc,heap        ] GC(155) Old regions: 172->172
[33.788s][info][gc,heap        ] GC(155) Archive regions: 0->0
[33.788s][info][gc,heap        ] GC(155) Humongous regions: 12->12
[33.788s][info][gc,metaspace   ] GC(155) Metaspace: 60329K(61184K)->60329K(61184K) NonClass: 52776K(53248K)->52776K(53248K) Class: 7552K(7936K)->7552K(7936K)
[33.788s][info][gc             ] GC(155) Pause Young (Normal) (G1 Evacuation Pause) 541M->174M(614M) 1.964ms
[33.788s][info][gc,cpu         ] GC(155) User=0.00s Sys=0.00s Real=0.00s
[33.906s][info][gc,start       ] GC(156) Pause Young (Normal) (G1 Evacuation Pause)
[33.906s][info][gc,task        ] GC(156) Using 14 workers of 33 for evacuation
[33.908s][info][gc,phases      ] GC(156)   Pre Evacuate Collection Set: 0.2ms
[33.908s][info][gc,phases      ] GC(156)   Merge Heap Roots: 0.1ms
[33.908s][info][gc,phases      ] GC(156)   Evacuate Collection Set: 0.4ms
[33.908s][info][gc,phases      ] GC(156)   Post Evacuate Collection Set: 0.6ms
[33.908s][info][gc,phases      ] GC(156)   Other: 0.2ms
[33.908s][info][gc,heap        ] GC(156) Eden regions: 367->0(367)
[33.908s][info][gc,heap        ] GC(156) Survivor regions: 1->1(46)
[33.908s][info][gc,heap        ] GC(156) Old regions: 172->172
[33.908s][info][gc,heap        ] GC(156) Archive regions: 0->0
[33.908s][info][gc,heap        ] GC(156) Humongous regions: 12->12
[33.908s][info][gc,metaspace   ] GC(156) Metaspace: 60329K(61184K)->60329K(61184K) NonClass: 52776K(53248K)->52776K(53248K) Class: 7552K(7936K)->7552K(7936K)
[33.908s][info][gc             ] GC(156) Pause Young (Normal) (G1 Evacuation Pause) 541M->174M(614M) 1.866ms
[33.908s][info][gc,cpu         ] GC(156) User=0.02s Sys=0.00s Real=0.02s
[34.029s][info][gc,start       ] GC(157) Pause Young (Normal) (G1 Evacuation Pause)
[34.029s][info][gc,task        ] GC(157) Using 14 workers of 33 for evacuation
[34.030s][info][gc,phases      ] GC(157)   Pre Evacuate Collection Set: 0.1ms
[34.031s][info][gc,phases      ] GC(157)   Merge Heap Roots: 0.1ms
[34.031s][info][gc,phases      ] GC(157)   Evacuate Collection Set: 0.4ms
[34.031s][info][gc,phases      ] GC(157)   Post Evacuate Collection Set: 0.6ms
[34.031s][info][gc,phases      ] GC(157)   Other: 0.2ms
[34.031s][info][gc,heap        ] GC(157) Eden regions: 367->0(367)
[34.031s][info][gc,heap        ] GC(157) Survivor regions: 1->1(46)
[34.031s][info][gc,heap        ] GC(157) Old regions: 172->172
[34.031s][info][gc,heap        ] GC(157) Archive regions: 0->0
[34.031s][info][gc,heap        ] GC(157) Humongous regions: 12->12
[34.031s][info][gc,metaspace   ] GC(157) Metaspace: 60329K(61184K)->60329K(61184K) NonClass: 52776K(53248K)->52776K(53248K) Class: 7552K(7936K)->7552K(7936K)
[34.031s][info][gc             ] GC(157) Pause Young (Normal) (G1 Evacuation Pause) 541M->174M(614M) 1.976ms
[34.031s][info][gc,cpu         ] GC(157) User=0.00s Sys=0.00s Real=0.00s
[34.149s][info][gc,start       ] GC(158) Pause Young (Normal) (G1 Evacuation Pause)
[34.149s][info][gc,task        ] GC(158) Using 14 workers of 33 for evacuation
[34.150s][info][gc,phases      ] GC(158)   Pre Evacuate Collection Set: 0.2ms
[34.150s][info][gc,phases      ] GC(158)   Merge Heap Roots: 0.1ms
[34.150s][info][gc,phases      ] GC(158)   Evacuate Collection Set: 0.4ms
[34.150s][info][gc,phases      ] GC(158)   Post Evacuate Collection Set: 0.6ms
[34.150s][info][gc,phases      ] GC(158)   Other: 0.2ms
[34.150s][info][gc,heap        ] GC(158) Eden regions: 367->0(367)
[34.150s][info][gc,heap        ] GC(158) Survivor regions: 1->1(46)
[34.150s][info][gc,heap        ] GC(158) Old regions: 172->172
[34.151s][info][gc,heap        ] GC(158) Archive regions: 0->0
[34.151s][info][gc,heap        ] GC(158) Humongous regions: 12->12
[34.151s][info][gc,metaspace   ] GC(158) Metaspace: 60329K(61184K)->60329K(61184K) NonClass: 52776K(53248K)->52776K(53248K) Class: 7552K(7936K)->7552K(7936K)
[34.151s][info][gc             ] GC(158) Pause Young (Normal) (G1 Evacuation Pause) 541M->174M(614M) 1.921ms
[34.151s][info][gc,cpu         ] GC(158) User=0.00s Sys=0.00s Real=0.00s
[34.212s][info][gc,start       ] GC(159) Pause Full (System.gc())
[34.212s][info][gc,task        ] GC(159) Using 14 workers of 33 for full compaction
[34.213s][info][gc,phases,start] GC(159) Phase 1: Mark live objects
[34.248s][info][gc,phases      ] GC(159) Phase 1: Mark live objects 35.751ms
[34.248s][info][gc,phases,start] GC(159) Phase 2: Prepare compaction
[34.253s][info][gc,phases      ] GC(159) Phase 2: Prepare compaction 4.589ms
[34.253s][info][gc,phases,start] GC(159) Phase 3: Adjust pointers
[34.261s][info][gc,phases      ] GC(159) Phase 3: Adjust pointers 8.414ms
[34.261s][info][gc,phases,start] GC(159) Phase 4: Compact heap
[34.262s][info][gc,phases      ] GC(159) Phase 4: Compact heap 0.422ms
[34.269s][info][gc,heap        ] GC(159) Eden regions: 91->0(366)
[34.269s][info][gc,heap        ] GC(159) Survivor regions: 1->0(46)
[34.269s][info][gc,heap        ] GC(159) Old regions: 172->171
[34.269s][info][gc,heap        ] GC(159) Archive regions: 0->0
[34.269s][info][gc,heap        ] GC(159) Humongous regions: 17->12
[34.269s][info][gc,metaspace   ] GC(159) Metaspace: 60352K(61248K)->60352K(61248K) NonClass: 52799K(53312K)->52799K(53312K) Class: 7552K(7936K)->7552K(7936K)
[34.269s][info][gc             ] GC(159) Pause Full (System.gc()) 270M->174M(610M) 57.358ms
[34.269s][info][gc,cpu         ] GC(159) User=0.66s Sys=0.00s Real=0.05s
[34.439s][info][gc,start       ] GC(160) Pause Young (Normal) (G1 Evacuation Pause)
[34.439s][info][gc,task        ] GC(160) Using 14 workers of 33 for evacuation
[34.441s][info][gc,phases      ] GC(160)   Pre Evacuate Collection Set: 0.2ms
[34.441s][info][gc,phases      ] GC(160)   Merge Heap Roots: 0.1ms
[34.441s][info][gc,phases      ] GC(160)   Evacuate Collection Set: 0.4ms
[34.441s][info][gc,phases      ] GC(160)   Post Evacuate Collection Set: 0.7ms
[34.441s][info][gc,phases      ] GC(160)   Other: 0.2ms
[34.441s][info][gc,heap        ] GC(160) Eden regions: 366->0(365)
[34.441s][info][gc,heap        ] GC(160) Survivor regions: 0->1(46)
[34.441s][info][gc,heap        ] GC(160) Old regions: 171->171
[34.441s][info][gc,heap        ] GC(160) Archive regions: 0->0
[34.441s][info][gc,heap        ] GC(160) Humongous regions: 22->12
[34.441s][info][gc,metaspace   ] GC(160) Metaspace: 60401K(61248K)->60401K(61248K) NonClass: 52849K(53312K)->52849K(53312K) Class: 7552K(7936K)->7552K(7936K)
[34.441s][info][gc             ] GC(160) Pause Young (Normal) (G1 Evacuation Pause) 550M->174M(610M) 2.270ms
[34.441s][info][gc,cpu         ] GC(160) User=0.00s Sys=0.00s Real=0.00s
[34.567s][info][gc,start       ] GC(161) Pause Young (Normal) (G1 Evacuation Pause)
[34.567s][info][gc,task        ] GC(161) Using 14 workers of 33 for evacuation
[34.569s][info][gc,phases      ] GC(161)   Pre Evacuate Collection Set: 0.2ms
[34.569s][info][gc,phases      ] GC(161)   Merge Heap Roots: 0.1ms
[34.569s][info][gc,phases      ] GC(161)   Evacuate Collection Set: 0.4ms
[34.569s][info][gc,phases      ] GC(161)   Post Evacuate Collection Set: 0.6ms
[34.569s][info][gc,phases      ] GC(161)   Other: 0.2ms
[34.569s][info][gc,heap        ] GC(161) Eden regions: 365->0(365)
[34.569s][info][gc,heap        ] GC(161) Survivor regions: 1->1(46)
[34.569s][info][gc,heap        ] GC(161) Old regions: 171->171
[34.569s][info][gc,heap        ] GC(161) Archive regions: 0->0
[34.569s][info][gc,heap        ] GC(161) Humongous regions: 12->12
[34.569s][info][gc,metaspace   ] GC(161) Metaspace: 60402K(61248K)->60402K(61248K) NonClass: 52849K(53312K)->52849K(53312K) Class: 7552K(7936K)->7552K(7936K)
[34.569s][info][gc             ] GC(161) Pause Young (Normal) (G1 Evacuation Pause) 539M->174M(610M) 1.892ms
[34.569s][info][gc,cpu         ] GC(161) User=0.00s Sys=0.00s Real=0.00s
[34.687s][info][gc,start       ] GC(162) Pause Young (Normal) (G1 Evacuation Pause)
[34.687s][info][gc,task        ] GC(162) Using 14 workers of 33 for evacuation
[34.689s][info][gc,phases      ] GC(162)   Pre Evacuate Collection Set: 0.1ms
[34.689s][info][gc,phases      ] GC(162)   Merge Heap Roots: 0.1ms
[34.689s][info][gc,phases      ] GC(162)   Evacuate Collection Set: 0.4ms
[34.689s][info][gc,phases      ] GC(162)   Post Evacuate Collection Set: 0.6ms
[34.689s][info][gc,phases      ] GC(162)   Other: 0.2ms
[34.689s][info][gc,heap        ] GC(162) Eden regions: 365->0(365)
[34.689s][info][gc,heap        ] GC(162) Survivor regions: 1->1(46)
[34.689s][info][gc,heap        ] GC(162) Old regions: 171->171
[34.689s][info][gc,heap        ] GC(162) Archive regions: 0->0
[34.689s][info][gc,heap        ] GC(162) Humongous regions: 12->12
[34.689s][info][gc,metaspace   ] GC(162) Metaspace: 60402K(61248K)->60402K(61248K) NonClass: 52849K(53312K)->52849K(53312K) Class: 7552K(7936K)->7552K(7936K)
[34.689s][info][gc             ] GC(162) Pause Young (Normal) (G1 Evacuation Pause) 539M->174M(610M) 1.803ms
[34.689s][info][gc,cpu         ] GC(162) User=0.00s Sys=0.00s Real=0.00s
[34.807s][info][gc,start       ] GC(163) Pause Young (Normal) (G1 Evacuation Pause)
[34.807s][info][gc,task        ] GC(163) Using 14 workers of 33 for evacuation
[34.808s][info][gc,phases      ] GC(163)   Pre Evacuate Collection Set: 0.1ms
[34.808s][info][gc,phases      ] GC(163)   Merge Heap Roots: 0.1ms
[34.808s][info][gc,phases      ] GC(163)   Evacuate Collection Set: 0.4ms
[34.808s][info][gc,phases      ] GC(163)   Post Evacuate Collection Set: 0.6ms
[34.808s][info][gc,phases      ] GC(163)   Other: 0.2ms
[34.808s][info][gc,heap        ] GC(163) Eden regions: 365->0(365)
[34.808s][info][gc,heap        ] GC(163) Survivor regions: 1->1(46)
[34.808s][info][gc,heap        ] GC(163) Old regions: 171->171
[34.808s][info][gc,heap        ] GC(163) Archive regions: 0->0
[34.808s][info][gc,heap        ] GC(163) Humongous regions: 12->12
[34.808s][info][gc,metaspace   ] GC(163) Metaspace: 60402K(61248K)->60402K(61248K) NonClass: 52849K(53312K)->52849K(53312K) Class: 7552K(7936K)->7552K(7936K)
[34.808s][info][gc             ] GC(163) Pause Young (Normal) (G1 Evacuation Pause) 539M->174M(610M) 1.914ms
[34.809s][info][gc,cpu         ] GC(163) User=0.00s Sys=0.00s Real=0.00s
[34.926s][info][gc,start       ] GC(164) Pause Young (Normal) (G1 Evacuation Pause)
[34.926s][info][gc,task        ] GC(164) Using 14 workers of 33 for evacuation
[34.927s][info][gc,phases      ] GC(164)   Pre Evacuate Collection Set: 0.1ms
[34.927s][info][gc,phases      ] GC(164)   Merge Heap Roots: 0.1ms
[34.927s][info][gc,phases      ] GC(164)   Evacuate Collection Set: 0.4ms
[34.927s][info][gc,phases      ] GC(164)   Post Evacuate Collection Set: 0.6ms
[34.927s][info][gc,phases      ] GC(164)   Other: 0.2ms
[34.927s][info][gc,heap        ] GC(164) Eden regions: 365->0(365)
[34.927s][info][gc,heap        ] GC(164) Survivor regions: 1->1(46)
[34.928s][info][gc,heap        ] GC(164) Old regions: 171->171
[34.928s][info][gc,heap        ] GC(164) Archive regions: 0->0
[34.928s][info][gc,heap        ] GC(164) Humongous regions: 12->12
[34.928s][info][gc,metaspace   ] GC(164) Metaspace: 60402K(61248K)->60402K(61248K) NonClass: 52849K(53312K)->52849K(53312K) Class: 7552K(7936K)->7552K(7936K)
[34.928s][info][gc             ] GC(164) Pause Young (Normal) (G1 Evacuation Pause) 539M->174M(610M) 1.828ms
[34.928s][info][gc,cpu         ] GC(164) User=0.00s Sys=0.00s Real=0.00s
[34.984s][info][gc,start       ] GC(165) Pause Full (System.gc())
[34.984s][info][gc,task        ] GC(165) Using 14 workers of 33 for full compaction
[34.985s][info][gc,phases,start] GC(165) Phase 1: Mark live objects
[35.020s][info][gc,phases      ] GC(165) Phase 1: Mark live objects 35.725ms
[35.020s][info][gc,phases,start] GC(165) Phase 2: Prepare compaction
[35.025s][info][gc,phases      ] GC(165) Phase 2: Prepare compaction 4.635ms
[35.025s][info][gc,phases,start] GC(165) Phase 3: Adjust pointers
[35.033s][info][gc,phases      ] GC(165) Phase 3: Adjust pointers 8.525ms
[35.034s][info][gc,phases,start] GC(165) Phase 4: Compact heap
[35.034s][info][gc,phases      ] GC(165) Phase 4: Compact heap 0.456ms
[35.041s][info][gc,heap        ] GC(165) Eden regions: 102->0(366)
[35.041s][info][gc,heap        ] GC(165) Survivor regions: 1->0(46)
[35.041s][info][gc,heap        ] GC(165) Old regions: 171->171
[35.041s][info][gc,heap        ] GC(165) Archive regions: 0->0
[35.041s][info][gc,heap        ] GC(165) Humongous regions: 17->12
[35.041s][info][gc,metaspace   ] GC(165) Metaspace: 60414K(61248K)->60414K(61248K) NonClass: 52861K(53312K)->52861K(53312K) Class: 7553K(7936K)->7553K(7936K)
[35.041s][info][gc             ] GC(165) Pause Full (System.gc()) 280M->174M(610M) 57.613ms
[35.041s][info][gc,cpu         ] GC(165) User=0.66s Sys=0.00s Real=0.05s
[35.205s][info][gc,start       ] GC(166) Pause Young (Normal) (G1 Evacuation Pause)
[35.205s][info][gc,task        ] GC(166) Using 14 workers of 33 for evacuation
[35.207s][info][gc,phases      ] GC(166)   Pre Evacuate Collection Set: 0.2ms
[35.207s][info][gc,phases      ] GC(166)   Merge Heap Roots: 0.1ms
[35.207s][info][gc,phases      ] GC(166)   Evacuate Collection Set: 0.4ms
[35.207s][info][gc,phases      ] GC(166)   Post Evacuate Collection Set: 1.0ms
[35.207s][info][gc,phases      ] GC(166)   Other: 0.2ms
[35.207s][info][gc,heap        ] GC(166) Eden regions: 366->0(378)
[35.207s][info][gc,heap        ] GC(166) Survivor regions: 0->1(46)
[35.207s][info][gc,heap        ] GC(166) Old regions: 171->171
[35.207s][info][gc,heap        ] GC(166) Archive regions: 0->0
[35.207s][info][gc,heap        ] GC(166) Humongous regions: 22->12
[35.208s][info][gc,metaspace   ] GC(166) Metaspace: 60423K(61248K)->60423K(61248K) NonClass: 52869K(53312K)->52869K(53312K) Class: 7553K(7936K)->7553K(7936K)
[35.208s][info][gc             ] GC(166) Pause Young (Normal) (G1 Evacuation Pause) 550M->174M(633M) 2.366ms
[35.208s][info][gc,cpu         ] GC(166) User=0.00s Sys=0.00s Real=0.00s
[35.340s][info][gc,start       ] GC(167) Pause Young (Normal) (G1 Evacuation Pause)
[35.340s][info][gc,task        ] GC(167) Using 15 workers of 33 for evacuation
[35.342s][info][gc,phases      ] GC(167)   Pre Evacuate Collection Set: 0.2ms
[35.342s][info][gc,phases      ] GC(167)   Merge Heap Roots: 0.1ms
[35.342s][info][gc,phases      ] GC(167)   Evacuate Collection Set: 0.4ms
[35.342s][info][gc,phases      ] GC(167)   Post Evacuate Collection Set: 0.6ms
[35.342s][info][gc,phases      ] GC(167)   Other: 0.2ms
[35.342s][info][gc,heap        ] GC(167) Eden regions: 378->0(378)
[35.342s][info][gc,heap        ] GC(167) Survivor regions: 1->1(48)
[35.342s][info][gc,heap        ] GC(167) Old regions: 171->171
[35.342s][info][gc,heap        ] GC(167) Archive regions: 0->0
[35.342s][info][gc,heap        ] GC(167) Humongous regions: 12->12
[35.342s][info][gc,metaspace   ] GC(167) Metaspace: 60424K(61248K)->60424K(61248K) NonClass: 52871K(53312K)->52871K(53312K) Class: 7553K(7936K)->7553K(7936K)
[35.342s][info][gc             ] GC(167) Pause Young (Normal) (G1 Evacuation Pause) 552M->174M(633M) 1.995ms
[35.342s][info][gc,cpu         ] GC(167) User=0.00s Sys=0.00s Real=0.00s
[35.463s][info][gc,start       ] GC(168) Pause Young (Normal) (G1 Evacuation Pause)
[35.463s][info][gc,task        ] GC(168) Using 15 workers of 33 for evacuation
[35.469s][info][gc,phases      ] GC(168)   Pre Evacuate Collection Set: 0.2ms
[35.469s][info][gc,phases      ] GC(168)   Merge Heap Roots: 0.1ms
[35.469s][info][gc,phases      ] GC(168)   Evacuate Collection Set: 0.4ms
[35.469s][info][gc,phases      ] GC(168)   Post Evacuate Collection Set: 1.3ms
[35.469s][info][gc,phases      ] GC(168)   Other: 4.2ms
[35.469s][info][gc,heap        ] GC(168) Eden regions: 378->0(378)
[35.469s][info][gc,heap        ] GC(168) Survivor regions: 1->1(48)
[35.469s][info][gc,heap        ] GC(168) Old regions: 171->171
[35.469s][info][gc,heap        ] GC(168) Archive regions: 0->0
[35.470s][info][gc,heap        ] GC(168) Humongous regions: 12->12
[35.470s][info][gc,metaspace   ] GC(168) Metaspace: 60424K(61248K)->60424K(61248K) NonClass: 52871K(53312K)->52871K(53312K) Class: 7553K(7936K)->7553K(7936K)
[35.470s][info][gc             ] GC(168) Pause Young (Normal) (G1 Evacuation Pause) 552M->174M(633M) 6.801ms
[35.470s][info][gc,cpu         ] GC(168) User=0.00s Sys=0.00s Real=0.00s
[35.593s][info][gc,start       ] GC(169) Pause Young (Normal) (G1 Evacuation Pause)
[35.593s][info][gc,task        ] GC(169) Using 15 workers of 33 for evacuation
[35.595s][info][gc,phases      ] GC(169)   Pre Evacuate Collection Set: 0.2ms
[35.595s][info][gc,phases      ] GC(169)   Merge Heap Roots: 0.1ms
[35.595s][info][gc,phases      ] GC(169)   Evacuate Collection Set: 0.4ms
[35.595s][info][gc,phases      ] GC(169)   Post Evacuate Collection Set: 0.6ms
[35.595s][info][gc,phases      ] GC(169)   Other: 0.2ms
[35.595s][info][gc,heap        ] GC(169) Eden regions: 378->0(378)
[35.595s][info][gc,heap        ] GC(169) Survivor regions: 1->1(48)
[35.595s][info][gc,heap        ] GC(169) Old regions: 171->171
[35.595s][info][gc,heap        ] GC(169) Archive regions: 0->0
[35.595s][info][gc,heap        ] GC(169) Humongous regions: 12->12
[35.595s][info][gc,metaspace   ] GC(169) Metaspace: 60424K(61248K)->60424K(61248K) NonClass: 52871K(53312K)->52871K(53312K) Class: 7553K(7936K)->7553K(7936K)
[35.595s][info][gc             ] GC(169) Pause Young (Normal) (G1 Evacuation Pause) 552M->174M(633M) 1.941ms
[35.595s][info][gc,cpu         ] GC(169) User=0.00s Sys=0.00s Real=0.00s
[35.717s][info][gc,start       ] GC(170) Pause Young (Normal) (G1 Evacuation Pause)
[35.717s][info][gc,task        ] GC(170) Using 15 workers of 33 for evacuation
[35.718s][info][gc,phases      ] GC(170)   Pre Evacuate Collection Set: 0.2ms
[35.718s][info][gc,phases      ] GC(170)   Merge Heap Roots: 0.1ms
[35.718s][info][gc,phases      ] GC(170)   Evacuate Collection Set: 0.4ms
[35.718s][info][gc,phases      ] GC(170)   Post Evacuate Collection Set: 0.7ms
[35.719s][info][gc,phases      ] GC(170)   Other: 0.2ms
[35.719s][info][gc,heap        ] GC(170) Eden regions: 378->0(378)
[35.719s][info][gc,heap        ] GC(170) Survivor regions: 1->1(48)
[35.719s][info][gc,heap        ] GC(170) Old regions: 171->171
[35.719s][info][gc,heap        ] GC(170) Archive regions: 0->0
[35.719s][info][gc,heap        ] GC(170) Humongous regions: 12->12
[35.719s][info][gc,metaspace   ] GC(170) Metaspace: 60424K(61248K)->60424K(61248K) NonClass: 52871K(53312K)->52871K(53312K) Class: 7553K(7936K)->7553K(7936K)
[35.719s][info][gc             ] GC(170) Pause Young (Normal) (G1 Evacuation Pause) 552M->174M(633M) 1.974ms
[35.719s][info][gc,cpu         ] GC(170) User=0.00s Sys=0.00s Real=0.00s
[35.762s][info][gc,start       ] GC(171) Pause Full (System.gc())
[35.762s][info][gc,task        ] GC(171) Using 15 workers of 33 for full compaction
[35.763s][info][gc,phases,start] GC(171) Phase 1: Mark live objects
[35.799s][info][gc,phases      ] GC(171) Phase 1: Mark live objects 35.695ms
[35.799s][info][gc,phases,start] GC(171) Phase 2: Prepare compaction
[35.804s][info][gc,phases      ] GC(171) Phase 2: Prepare compaction 4.671ms
[35.804s][info][gc,phases,start] GC(171) Phase 3: Adjust pointers
[35.812s][info][gc,phases      ] GC(171) Phase 3: Adjust pointers 8.264ms
[35.812s][info][gc,phases,start] GC(171) Phase 4: Compact heap
[35.812s][info][gc,phases      ] GC(171) Phase 4: Compact heap 0.394ms
[35.819s][info][gc,heap        ] GC(171) Eden regions: 49->0(368)
[35.819s][info][gc,heap        ] GC(171) Survivor regions: 1->0(48)
[35.819s][info][gc,heap        ] GC(171) Old regions: 171->172
[35.819s][info][gc,heap        ] GC(171) Archive regions: 0->0
[35.819s][info][gc,heap        ] GC(171) Humongous regions: 17->12
[35.819s][info][gc,metaspace   ] GC(171) Metaspace: 60456K(61312K)->60456K(61312K) NonClass: 52903K(53376K)->52903K(53376K) Class: 7553K(7936K)->7553K(7936K)
[35.819s][info][gc             ] GC(171) Pause Full (System.gc()) 228M->174M(614M) 56.574ms
[35.819s][info][gc,cpu         ] GC(171) User=0.50s Sys=0.00s Real=0.06s
[35.986s][info][gc,start       ] GC(172) Pause Young (Normal) (G1 Evacuation Pause)
[35.986s][info][gc,task        ] GC(172) Using 14 workers of 33 for evacuation
[35.988s][info][gc,phases      ] GC(172)   Pre Evacuate Collection Set: 0.2ms
[35.988s][info][gc,phases      ] GC(172)   Merge Heap Roots: 0.1ms
[35.988s][info][gc,phases      ] GC(172)   Evacuate Collection Set: 0.4ms
[35.988s][info][gc,phases      ] GC(172)   Post Evacuate Collection Set: 0.6ms
[35.988s][info][gc,phases      ] GC(172)   Other: 0.2ms
[35.988s][info][gc,heap        ] GC(172) Eden regions: 368->0(367)
[35.988s][info][gc,heap        ] GC(172) Survivor regions: 0->1(46)
[35.988s][info][gc,heap        ] GC(172) Old regions: 172->172
[35.988s][info][gc,heap        ] GC(172) Archive regions: 0->0
[35.988s][info][gc,heap        ] GC(172) Humongous regions: 22->12
[35.988s][info][gc,metaspace   ] GC(172) Metaspace: 60521K(61440K)->60521K(61440K) NonClass: 52965K(53504K)->52965K(53504K) Class: 7556K(7936K)->7556K(7936K)
[35.988s][info][gc             ] GC(172) Pause Young (Normal) (G1 Evacuation Pause) 552M->174M(614M) 2.057ms
[35.988s][info][gc,cpu         ] GC(172) User=0.00s Sys=0.00s Real=0.00s
[36.116s][info][gc,start       ] GC(173) Pause Young (Normal) (G1 Evacuation Pause)
[36.116s][info][gc,task        ] GC(173) Using 14 workers of 33 for evacuation
[36.118s][info][gc,phases      ] GC(173)   Pre Evacuate Collection Set: 0.2ms
[36.118s][info][gc,phases      ] GC(173)   Merge Heap Roots: 0.1ms
[36.118s][info][gc,phases      ] GC(173)   Evacuate Collection Set: 0.4ms
[36.118s][info][gc,phases      ] GC(173)   Post Evacuate Collection Set: 0.6ms
[36.118s][info][gc,phases      ] GC(173)   Other: 0.2ms
[36.118s][info][gc,heap        ] GC(173) Eden regions: 367->0(367)
[36.118s][info][gc,heap        ] GC(173) Survivor regions: 1->1(46)
[36.118s][info][gc,heap        ] GC(173) Old regions: 172->172
[36.118s][info][gc,heap        ] GC(173) Archive regions: 0->0
[36.118s][info][gc,heap        ] GC(173) Humongous regions: 12->12
[36.118s][info][gc,metaspace   ] GC(173) Metaspace: 60521K(61440K)->60521K(61440K) NonClass: 52965K(53504K)->52965K(53504K) Class: 7556K(7936K)->7556K(7936K)
[36.118s][info][gc             ] GC(173) Pause Young (Normal) (G1 Evacuation Pause) 541M->174M(614M) 2.022ms
[36.118s][info][gc,cpu         ] GC(173) User=0.00s Sys=0.00s Real=0.00s
[36.237s][info][gc,start       ] GC(174) Pause Young (Normal) (G1 Evacuation Pause)
[36.237s][info][gc,task        ] GC(174) Using 14 workers of 33 for evacuation
[36.238s][info][gc,phases      ] GC(174)   Pre Evacuate Collection Set: 0.1ms
[36.238s][info][gc,phases      ] GC(174)   Merge Heap Roots: 0.1ms
[36.238s][info][gc,phases      ] GC(174)   Evacuate Collection Set: 0.4ms
[36.238s][info][gc,phases      ] GC(174)   Post Evacuate Collection Set: 0.6ms
[36.239s][info][gc,phases      ] GC(174)   Other: 0.2ms
[36.239s][info][gc,heap        ] GC(174) Eden regions: 367->0(367)
[36.239s][info][gc,heap        ] GC(174) Survivor regions: 1->1(46)
[36.239s][info][gc,heap        ] GC(174) Old regions: 172->172
[36.239s][info][gc,heap        ] GC(174) Archive regions: 0->0
[36.239s][info][gc,heap        ] GC(174) Humongous regions: 12->12
[36.239s][info][gc,metaspace   ] GC(174) Metaspace: 60521K(61440K)->60521K(61440K) NonClass: 52965K(53504K)->52965K(53504K) Class: 7556K(7936K)->7556K(7936K)
[36.239s][info][gc             ] GC(174) Pause Young (Normal) (G1 Evacuation Pause) 541M->174M(614M) 1.911ms
[36.239s][info][gc,cpu         ] GC(174) User=0.00s Sys=0.00s Real=0.00s
[36.357s][info][gc,start       ] GC(175) Pause Young (Normal) (G1 Evacuation Pause)
[36.357s][info][gc,task        ] GC(175) Using 14 workers of 33 for evacuation
[36.359s][info][gc,phases      ] GC(175)   Pre Evacuate Collection Set: 0.2ms
[36.359s][info][gc,phases      ] GC(175)   Merge Heap Roots: 0.1ms
[36.359s][info][gc,phases      ] GC(175)   Evacuate Collection Set: 0.4ms
[36.359s][info][gc,phases      ] GC(175)   Post Evacuate Collection Set: 0.6ms
[36.359s][info][gc,phases      ] GC(175)   Other: 0.2ms
[36.359s][info][gc,heap        ] GC(175) Eden regions: 367->0(367)
[36.359s][info][gc,heap        ] GC(175) Survivor regions: 1->1(46)
[36.359s][info][gc,heap        ] GC(175) Old regions: 172->172
[36.359s][info][gc,heap        ] GC(175) Archive regions: 0->0
[36.359s][info][gc,heap        ] GC(175) Humongous regions: 12->12
[36.359s][info][gc,metaspace   ] GC(175) Metaspace: 60521K(61440K)->60521K(61440K) NonClass: 52965K(53504K)->52965K(53504K) Class: 7556K(7936K)->7556K(7936K)
[36.359s][info][gc             ] GC(175) Pause Young (Normal) (G1 Evacuation Pause) 541M->174M(614M) 1.994ms
[36.359s][info][gc,cpu         ] GC(175) User=0.00s Sys=0.00s Real=0.00s
[36.477s][info][gc,start       ] GC(176) Pause Young (Normal) (G1 Evacuation Pause)
[36.477s][info][gc,task        ] GC(176) Using 14 workers of 33 for evacuation
[36.479s][info][gc,phases      ] GC(176)   Pre Evacuate Collection Set: 0.2ms
[36.479s][info][gc,phases      ] GC(176)   Merge Heap Roots: 0.1ms
[36.479s][info][gc,phases      ] GC(176)   Evacuate Collection Set: 0.5ms
[36.479s][info][gc,phases      ] GC(176)   Post Evacuate Collection Set: 0.7ms
[36.479s][info][gc,phases      ] GC(176)   Other: 0.2ms
[36.479s][info][gc,heap        ] GC(176) Eden regions: 367->0(367)
[36.479s][info][gc,heap        ] GC(176) Survivor regions: 1->1(46)
[36.479s][info][gc,heap        ] GC(176) Old regions: 172->172
[36.479s][info][gc,heap        ] GC(176) Archive regions: 0->0
[36.479s][info][gc,heap        ] GC(176) Humongous regions: 12->12
[36.479s][info][gc,metaspace   ] GC(176) Metaspace: 60521K(61440K)->60521K(61440K) NonClass: 52965K(53504K)->52965K(53504K) Class: 7556K(7936K)->7556K(7936K)
[36.479s][info][gc             ] GC(176) Pause Young (Normal) (G1 Evacuation Pause) 541M->174M(614M) 2.037ms
[36.479s][info][gc,cpu         ] GC(176) User=0.00s Sys=0.00s Real=0.00s
[36.537s][info][gc,start       ] GC(177) Pause Full (System.gc())
[36.537s][info][gc,task        ] GC(177) Using 14 workers of 33 for full compaction
[36.538s][info][gc,phases,start] GC(177) Phase 1: Mark live objects
[36.576s][info][gc,phases      ] GC(177) Phase 1: Mark live objects 38.249ms
[36.576s][info][gc,phases,start] GC(177) Phase 2: Prepare compaction
[36.581s][info][gc,phases      ] GC(177) Phase 2: Prepare compaction 4.647ms
[36.581s][info][gc,phases,start] GC(177) Phase 3: Adjust pointers
[36.588s][info][gc,phases      ] GC(177) Phase 3: Adjust pointers 7.060ms
[36.588s][info][gc,phases,start] GC(177) Phase 4: Compact heap
[36.589s][info][gc,phases      ] GC(177) Phase 4: Compact heap 0.402ms
[36.595s][info][gc,heap        ] GC(177) Eden regions: 91->0(366)
[36.595s][info][gc,heap        ] GC(177) Survivor regions: 1->0(46)
[36.595s][info][gc,heap        ] GC(177) Old regions: 172->171
[36.595s][info][gc,heap        ] GC(177) Archive regions: 0->0
[36.595s][info][gc,heap        ] GC(177) Humongous regions: 17->12
[36.595s][info][gc,metaspace   ] GC(177) Metaspace: 60572K(61504K)->60572K(61504K) NonClass: 53015K(53504K)->53015K(53504K) Class: 7557K(8000K)->7557K(8000K)
[36.595s][info][gc             ] GC(177) Pause Full (System.gc()) 270M->174M(610M) 57.903ms
[36.595s][info][gc,cpu         ] GC(177) User=0.66s Sys=0.00s Real=0.05s
[36.780s][info][gc,start       ] GC(178) Pause Young (Normal) (G1 Evacuation Pause)
[36.780s][info][gc,task        ] GC(178) Using 14 workers of 33 for evacuation
[36.781s][info][gc,phases      ] GC(178)   Pre Evacuate Collection Set: 0.2ms
[36.782s][info][gc,phases      ] GC(178)   Merge Heap Roots: 0.1ms
[36.782s][info][gc,phases      ] GC(178)   Evacuate Collection Set: 0.5ms
[36.782s][info][gc,phases      ] GC(178)   Post Evacuate Collection Set: 0.7ms
[36.782s][info][gc,phases      ] GC(178)   Other: 0.2ms
[36.782s][info][gc,heap        ] GC(178) Eden regions: 366->0(365)
[36.782s][info][gc,heap        ] GC(178) Survivor regions: 0->1(46)
[36.782s][info][gc,heap        ] GC(178) Old regions: 171->171
[36.782s][info][gc,heap        ] GC(178) Archive regions: 0->0
[36.782s][info][gc,heap        ] GC(178) Humongous regions: 22->12
[36.782s][info][gc,metaspace   ] GC(178) Metaspace: 60575K(61504K)->60575K(61504K) NonClass: 53018K(53504K)->53018K(53504K) Class: 7557K(8000K)->7557K(8000K)
[36.782s][info][gc             ] GC(178) Pause Young (Normal) (G1 Evacuation Pause) 550M->174M(610M) 2.216ms
[36.782s][info][gc,cpu         ] GC(178) User=0.00s Sys=0.00s Real=0.00s
[36.911s][info][gc,start       ] GC(179) Pause Young (Normal) (G1 Evacuation Pause)
[36.911s][info][gc,task        ] GC(179) Using 14 workers of 33 for evacuation
[36.913s][info][gc,phases      ] GC(179)   Pre Evacuate Collection Set: 0.2ms
[36.913s][info][gc,phases      ] GC(179)   Merge Heap Roots: 0.1ms
[36.913s][info][gc,phases      ] GC(179)   Evacuate Collection Set: 0.5ms
[36.913s][info][gc,phases      ] GC(179)   Post Evacuate Collection Set: 0.6ms
[36.913s][info][gc,phases      ] GC(179)   Other: 0.2ms
[36.913s][info][gc,heap        ] GC(179) Eden regions: 365->0(365)
[36.913s][info][gc,heap        ] GC(179) Survivor regions: 1->1(46)
[36.913s][info][gc,heap        ] GC(179) Old regions: 171->171
[36.913s][info][gc,heap        ] GC(179) Archive regions: 0->0
[36.913s][info][gc,heap        ] GC(179) Humongous regions: 12->12
[36.913s][info][gc,metaspace   ] GC(179) Metaspace: 60575K(61504K)->60575K(61504K) NonClass: 53018K(53504K)->53018K(53504K) Class: 7557K(8000K)->7557K(8000K)
[36.913s][info][gc             ] GC(179) Pause Young (Normal) (G1 Evacuation Pause) 539M->174M(610M) 2.113ms
[36.913s][info][gc,cpu         ] GC(179) User=0.02s Sys=0.00s Real=0.00s
[37.033s][info][gc,start       ] GC(180) Pause Young (Normal) (G1 Evacuation Pause)
[37.033s][info][gc,task        ] GC(180) Using 14 workers of 33 for evacuation
[37.035s][info][gc,phases      ] GC(180)   Pre Evacuate Collection Set: 0.2ms
[37.035s][info][gc,phases      ] GC(180)   Merge Heap Roots: 0.1ms
[37.035s][info][gc,phases      ] GC(180)   Evacuate Collection Set: 0.5ms
[37.035s][info][gc,phases      ] GC(180)   Post Evacuate Collection Set: 0.7ms
[37.035s][info][gc,phases      ] GC(180)   Other: 0.2ms
[37.035s][info][gc,heap        ] GC(180) Eden regions: 365->0(365)
[37.035s][info][gc,heap        ] GC(180) Survivor regions: 1->1(46)
[37.035s][info][gc,heap        ] GC(180) Old regions: 171->171
[37.035s][info][gc,heap        ] GC(180) Archive regions: 0->0
[37.035s][info][gc,heap        ] GC(180) Humongous regions: 12->12
[37.035s][info][gc,metaspace   ] GC(180) Metaspace: 60575K(61504K)->60575K(61504K) NonClass: 53018K(53504K)->53018K(53504K) Class: 7557K(8000K)->7557K(8000K)
[37.035s][info][gc             ] GC(180) Pause Young (Normal) (G1 Evacuation Pause) 539M->174M(610M) 2.040ms
[37.035s][info][gc,cpu         ] GC(180) User=0.00s Sys=0.00s Real=0.00s
[37.154s][info][gc,start       ] GC(181) Pause Young (Normal) (G1 Evacuation Pause)
[37.154s][info][gc,task        ] GC(181) Using 14 workers of 33 for evacuation
[37.156s][info][gc,phases      ] GC(181)   Pre Evacuate Collection Set: 0.1ms
[37.156s][info][gc,phases      ] GC(181)   Merge Heap Roots: 0.1ms
[37.156s][info][gc,phases      ] GC(181)   Evacuate Collection Set: 0.4ms
[37.156s][info][gc,phases      ] GC(181)   Post Evacuate Collection Set: 0.7ms
[37.156s][info][gc,phases      ] GC(181)   Other: 0.2ms
[37.156s][info][gc,heap        ] GC(181) Eden regions: 365->0(365)
[37.156s][info][gc,heap        ] GC(181) Survivor regions: 1->1(46)
[37.156s][info][gc,heap        ] GC(181) Old regions: 171->171
[37.156s][info][gc,heap        ] GC(181) Archive regions: 0->0
[37.156s][info][gc,heap        ] GC(181) Humongous regions: 12->12
[37.156s][info][gc,metaspace   ] GC(181) Metaspace: 60575K(61504K)->60575K(61504K) NonClass: 53018K(53504K)->53018K(53504K) Class: 7557K(8000K)->7557K(8000K)
[37.156s][info][gc             ] GC(181) Pause Young (Normal) (G1 Evacuation Pause) 539M->174M(610M) 1.976ms
[37.156s][info][gc,cpu         ] GC(181) User=0.00s Sys=0.00s Real=0.00s
[37.274s][info][gc,start       ] GC(182) Pause Young (Normal) (G1 Evacuation Pause)
[37.274s][info][gc,task        ] GC(182) Using 14 workers of 33 for evacuation
[37.275s][info][gc,phases      ] GC(182)   Pre Evacuate Collection Set: 0.1ms
[37.275s][info][gc,phases      ] GC(182)   Merge Heap Roots: 0.1ms
[37.275s][info][gc,phases      ] GC(182)   Evacuate Collection Set: 0.4ms
[37.275s][info][gc,phases      ] GC(182)   Post Evacuate Collection Set: 0.6ms
[37.276s][info][gc,phases      ] GC(182)   Other: 0.1ms
[37.276s][info][gc,heap        ] GC(182) Eden regions: 365->0(365)
[37.276s][info][gc,heap        ] GC(182) Survivor regions: 1->1(46)
[37.276s][info][gc,heap        ] GC(182) Old regions: 171->171
[37.276s][info][gc,heap        ] GC(182) Archive regions: 0->0
[37.276s][info][gc,heap        ] GC(182) Humongous regions: 12->12
[37.276s][info][gc,metaspace   ] GC(182) Metaspace: 60575K(61504K)->60575K(61504K) NonClass: 53018K(53504K)->53018K(53504K) Class: 7557K(8000K)->7557K(8000K)
[37.276s][info][gc             ] GC(182) Pause Young (Normal) (G1 Evacuation Pause) 539M->174M(610M) 1.887ms
[37.276s][info][gc,cpu         ] GC(182) User=0.00s Sys=0.00s Real=0.00s
[37.339s][info][gc,start       ] GC(183) Pause Full (System.gc())
[37.339s][info][gc,task        ] GC(183) Using 14 workers of 33 for full compaction
[37.340s][info][gc,phases,start] GC(183) Phase 1: Mark live objects
[37.380s][info][gc,phases      ] GC(183) Phase 1: Mark live objects 40.017ms
[37.380s][info][gc,phases,start] GC(183) Phase 2: Prepare compaction
[37.385s][info][gc,phases      ] GC(183) Phase 2: Prepare compaction 4.587ms
[37.385s][info][gc,phases,start] GC(183) Phase 3: Adjust pointers
[37.392s][info][gc,phases      ] GC(183) Phase 3: Adjust pointers 7.068ms
[37.392s][info][gc,phases,start] GC(183) Phase 4: Compact heap
[37.392s][info][gc,phases      ] GC(183) Phase 4: Compact heap 0.430ms
[37.400s][info][gc,heap        ] GC(183) Eden regions: 102->0(366)
[37.400s][info][gc,heap        ] GC(183) Survivor regions: 1->0(46)
[37.400s][info][gc,heap        ] GC(183) Old regions: 171->171
[37.400s][info][gc,heap        ] GC(183) Archive regions: 0->0
[37.400s][info][gc,heap        ] GC(183) Humongous regions: 17->12
[37.400s][info][gc,metaspace   ] GC(183) Metaspace: 60580K(61504K)->60580K(61504K) NonClass: 53023K(53504K)->53023K(53504K) Class: 7557K(8000K)->7557K(8000K)
[37.400s][info][gc             ] GC(183) Pause Full (System.gc()) 280M->174M(610M) 60.363ms
[37.400s][info][gc,cpu         ] GC(183) User=0.67s Sys=0.00s Real=0.06s
[37.573s][info][gc,start       ] GC(184) Pause Young (Normal) (G1 Evacuation Pause)
[37.573s][info][gc,task        ] GC(184) Using 14 workers of 33 for evacuation
[37.575s][info][gc,phases      ] GC(184)   Pre Evacuate Collection Set: 0.2ms
[37.575s][info][gc,phases      ] GC(184)   Merge Heap Roots: 0.1ms
[37.575s][info][gc,phases      ] GC(184)   Evacuate Collection Set: 0.5ms
[37.575s][info][gc,phases      ] GC(184)   Post Evacuate Collection Set: 1.0ms
[37.575s][info][gc,phases      ] GC(184)   Other: 0.2ms
[37.575s][info][gc,heap        ] GC(184) Eden regions: 366->0(379)
[37.575s][info][gc,heap        ] GC(184) Survivor regions: 0->1(46)
[37.575s][info][gc,heap        ] GC(184) Old regions: 171->171
[37.576s][info][gc,heap        ] GC(184) Archive regions: 0->0
[37.576s][info][gc,heap        ] GC(184) Humongous regions: 22->12
[37.576s][info][gc,metaspace   ] GC(184) Metaspace: 60594K(61568K)->60594K(61568K) NonClass: 53037K(53568K)->53037K(53568K) Class: 7557K(8000K)->7557K(8000K)
[37.576s][info][gc             ] GC(184) Pause Young (Normal) (G1 Evacuation Pause) 550M->174M(634M) 2.555ms
[37.576s][info][gc,cpu         ] GC(184) User=0.00s Sys=0.00s Real=0.00s
[37.711s][info][gc,start       ] GC(185) Pause Young (Normal) (G1 Evacuation Pause)
[37.711s][info][gc,task        ] GC(185) Using 15 workers of 33 for evacuation
[37.712s][info][gc,phases      ] GC(185)   Pre Evacuate Collection Set: 0.2ms
[37.712s][info][gc,phases      ] GC(185)   Merge Heap Roots: 0.1ms
[37.712s][info][gc,phases      ] GC(185)   Evacuate Collection Set: 0.5ms
[37.712s][info][gc,phases      ] GC(185)   Post Evacuate Collection Set: 0.7ms
[37.712s][info][gc,phases      ] GC(185)   Other: 0.2ms
[37.712s][info][gc,heap        ] GC(185) Eden regions: 379->0(379)
[37.712s][info][gc,heap        ] GC(185) Survivor regions: 1->1(48)
[37.712s][info][gc,heap        ] GC(185) Old regions: 171->171
[37.713s][info][gc,heap        ] GC(185) Archive regions: 0->0
[37.713s][info][gc,heap        ] GC(185) Humongous regions: 12->12
[37.713s][info][gc,metaspace   ] GC(185) Metaspace: 60595K(61568K)->60595K(61568K) NonClass: 53038K(53568K)->53038K(53568K) Class: 7557K(8000K)->7557K(8000K)
[37.713s][info][gc             ] GC(185) Pause Young (Normal) (G1 Evacuation Pause) 553M->174M(634M) 2.047ms
[37.713s][info][gc,cpu         ] GC(185) User=0.00s Sys=0.00s Real=0.00s
[37.833s][info][gc,start       ] GC(186) Pause Young (Normal) (G1 Evacuation Pause)
[37.833s][info][gc,task        ] GC(186) Using 15 workers of 33 for evacuation
[37.835s][info][gc,phases      ] GC(186)   Pre Evacuate Collection Set: 0.1ms
[37.835s][info][gc,phases      ] GC(186)   Merge Heap Roots: 0.1ms
[37.835s][info][gc,phases      ] GC(186)   Evacuate Collection Set: 0.4ms
[37.835s][info][gc,phases      ] GC(186)   Post Evacuate Collection Set: 0.6ms
[37.835s][info][gc,phases      ] GC(186)   Other: 0.2ms
[37.835s][info][gc,heap        ] GC(186) Eden regions: 379->0(379)
[37.835s][info][gc,heap        ] GC(186) Survivor regions: 1->1(48)
[37.835s][info][gc,heap        ] GC(186) Old regions: 171->171
[37.835s][info][gc,heap        ] GC(186) Archive regions: 0->0
[37.835s][info][gc,heap        ] GC(186) Humongous regions: 12->12
[37.835s][info][gc,metaspace   ] GC(186) Metaspace: 60595K(61568K)->60595K(61568K) NonClass: 53038K(53568K)->53038K(53568K) Class: 7557K(8000K)->7557K(8000K)
[37.835s][info][gc             ] GC(186) Pause Young (Normal) (G1 Evacuation Pause) 553M->174M(634M) 1.902ms
[37.835s][info][gc,cpu         ] GC(186) User=0.00s Sys=0.00s Real=0.00s
[37.957s][info][gc,start       ] GC(187) Pause Young (Normal) (G1 Evacuation Pause)
[37.957s][info][gc,task        ] GC(187) Using 15 workers of 33 for evacuation
[37.958s][info][gc,phases      ] GC(187)   Pre Evacuate Collection Set: 0.1ms
[37.959s][info][gc,phases      ] GC(187)   Merge Heap Roots: 0.1ms
[37.959s][info][gc,phases      ] GC(187)   Evacuate Collection Set: 0.4ms
[37.959s][info][gc,phases      ] GC(187)   Post Evacuate Collection Set: 0.7ms
[37.959s][info][gc,phases      ] GC(187)   Other: 0.2ms
[37.959s][info][gc,heap        ] GC(187) Eden regions: 379->0(379)
[37.959s][info][gc,heap        ] GC(187) Survivor regions: 1->1(48)
[37.959s][info][gc,heap        ] GC(187) Old regions: 171->171
[37.959s][info][gc,heap        ] GC(187) Archive regions: 0->0
[37.959s][info][gc,heap        ] GC(187) Humongous regions: 12->12
[37.959s][info][gc,metaspace   ] GC(187) Metaspace: 60595K(61568K)->60595K(61568K) NonClass: 53038K(53568K)->53038K(53568K) Class: 7557K(8000K)->7557K(8000K)
[37.959s][info][gc             ] GC(187) Pause Young (Normal) (G1 Evacuation Pause) 553M->174M(634M) 1.948ms
[37.959s][info][gc,cpu         ] GC(187) User=0.00s Sys=0.00s Real=0.00s
[38.088s][info][gc,start       ] GC(188) Pause Young (Normal) (G1 Evacuation Pause)
[38.089s][info][gc,task        ] GC(188) Using 15 workers of 33 for evacuation
[38.090s][info][gc,phases      ] GC(188)   Pre Evacuate Collection Set: 0.1ms
[38.090s][info][gc,phases      ] GC(188)   Merge Heap Roots: 0.1ms
[38.090s][info][gc,phases      ] GC(188)   Evacuate Collection Set: 0.4ms
[38.090s][info][gc,phases      ] GC(188)   Post Evacuate Collection Set: 0.7ms
[38.090s][info][gc,phases      ] GC(188)   Other: 0.2ms
[38.090s][info][gc,heap        ] GC(188) Eden regions: 379->0(379)
[38.090s][info][gc,heap        ] GC(188) Survivor regions: 1->1(48)
[38.090s][info][gc,heap        ] GC(188) Old regions: 171->171
[38.090s][info][gc,heap        ] GC(188) Archive regions: 0->0
[38.090s][info][gc,heap        ] GC(188) Humongous regions: 12->12
[38.090s][info][gc,metaspace   ] GC(188) Metaspace: 60595K(61568K)->60595K(61568K) NonClass: 53038K(53568K)->53038K(53568K) Class: 7557K(8000K)->7557K(8000K)
[38.090s][info][gc             ] GC(188) Pause Young (Normal) (G1 Evacuation Pause) 553M->174M(634M) 1.997ms
[38.090s][info][gc,cpu         ] GC(188) User=0.00s Sys=0.00s Real=0.00s
[38.147s][info][gc,start       ] GC(189) Pause Full (System.gc())
[38.147s][info][gc,task        ] GC(189) Using 15 workers of 33 for full compaction
[38.148s][info][gc,phases,start] GC(189) Phase 1: Mark live objects
[38.189s][info][gc,phases      ] GC(189) Phase 1: Mark live objects 40.630ms
[38.189s][info][gc,phases,start] GC(189) Phase 2: Prepare compaction
[38.193s][info][gc,phases      ] GC(189) Phase 2: Prepare compaction 4.478ms
[38.193s][info][gc,phases,start] GC(189) Phase 3: Adjust pointers
[38.200s][info][gc,phases      ] GC(189) Phase 3: Adjust pointers 7.224ms
[38.200s][info][gc,phases,start] GC(189) Phase 4: Compact heap
[38.201s][info][gc,phases      ] GC(189) Phase 4: Compact heap 0.444ms
[38.208s][info][gc,heap        ] GC(189) Eden regions: 45->0(366)
[38.208s][info][gc,heap        ] GC(189) Survivor regions: 1->0(48)
[38.208s][info][gc,heap        ] GC(189) Old regions: 171->171
[38.208s][info][gc,heap        ] GC(189) Archive regions: 0->0
[38.208s][info][gc,heap        ] GC(189) Humongous regions: 17->12
[38.208s][info][gc,metaspace   ] GC(189) Metaspace: 60602K(61568K)->60602K(61568K) NonClass: 53045K(53568K)->53045K(53568K) Class: 7557K(8000K)->7557K(8000K)
[38.208s][info][gc             ] GC(189) Pause Full (System.gc()) 223M->174M(610M) 60.584ms
[38.208s][info][gc,cpu         ] GC(189) User=0.94s Sys=0.00s Real=0.06s
[38.372s][info][gc,start       ] GC(190) Pause Young (Normal) (G1 Evacuation Pause)
[38.372s][info][gc,task        ] GC(190) Using 14 workers of 33 for evacuation
[38.374s][info][gc,phases      ] GC(190)   Pre Evacuate Collection Set: 0.2ms
[38.374s][info][gc,phases      ] GC(190)   Merge Heap Roots: 0.1ms
[38.374s][info][gc,phases      ] GC(190)   Evacuate Collection Set: 0.5ms
[38.374s][info][gc,phases      ] GC(190)   Post Evacuate Collection Set: 0.7ms
[38.374s][info][gc,phases      ] GC(190)   Other: 0.2ms
[38.374s][info][gc,heap        ] GC(190) Eden regions: 366->0(365)
[38.374s][info][gc,heap        ] GC(190) Survivor regions: 0->1(46)
[38.374s][info][gc,heap        ] GC(190) Old regions: 171->171
[38.374s][info][gc,heap        ] GC(190) Archive regions: 0->0
[38.374s][info][gc,heap        ] GC(190) Humongous regions: 22->12
[38.374s][info][gc,metaspace   ] GC(190) Metaspace: 60626K(61568K)->60626K(61568K) NonClass: 53069K(53568K)->53069K(53568K) Class: 7557K(8000K)->7557K(8000K)
[38.374s][info][gc             ] GC(190) Pause Young (Normal) (G1 Evacuation Pause) 550M->174M(610M) 2.188ms
[38.374s][info][gc,cpu         ] GC(190) User=0.00s Sys=0.00s Real=0.00s
[38.490s][info][gc,start       ] GC(191) Pause Young (Normal) (G1 Evacuation Pause)
[38.490s][info][gc,task        ] GC(191) Using 14 workers of 33 for evacuation
[38.491s][info][gc,phases      ] GC(191)   Pre Evacuate Collection Set: 0.2ms
[38.491s][info][gc,phases      ] GC(191)   Merge Heap Roots: 0.1ms
[38.491s][info][gc,phases      ] GC(191)   Evacuate Collection Set: 0.5ms
[38.492s][info][gc,phases      ] GC(191)   Post Evacuate Collection Set: 0.7ms
[38.492s][info][gc,phases      ] GC(191)   Other: 0.2ms
[38.492s][info][gc,heap        ] GC(191) Eden regions: 365->0(365)
[38.492s][info][gc,heap        ] GC(191) Survivor regions: 1->1(46)
[38.492s][info][gc,heap        ] GC(191) Old regions: 171->171
[38.492s][info][gc,heap        ] GC(191) Archive regions: 0->0
[38.492s][info][gc,heap        ] GC(191) Humongous regions: 12->12
[38.492s][info][gc,metaspace   ] GC(191) Metaspace: 60626K(61568K)->60626K(61568K) NonClass: 53069K(53568K)->53069K(53568K) Class: 7557K(8000K)->7557K(8000K)
[38.492s][info][gc             ] GC(191) Pause Young (Normal) (G1 Evacuation Pause) 539M->174M(610M) 2.025ms
[38.492s][info][gc,cpu         ] GC(191) User=0.00s Sys=0.00s Real=0.00s
[38.609s][info][gc,start       ] GC(192) Pause Young (Normal) (G1 Evacuation Pause)
[38.610s][info][gc,task        ] GC(192) Using 14 workers of 33 for evacuation
[38.611s][info][gc,phases      ] GC(192)   Pre Evacuate Collection Set: 0.2ms
[38.611s][info][gc,phases      ] GC(192)   Merge Heap Roots: 0.1ms
[38.611s][info][gc,phases      ] GC(192)   Evacuate Collection Set: 0.5ms
[38.611s][info][gc,phases      ] GC(192)   Post Evacuate Collection Set: 0.6ms
[38.611s][info][gc,phases      ] GC(192)   Other: 0.2ms
[38.611s][info][gc,heap        ] GC(192) Eden regions: 365->0(365)
[38.611s][info][gc,heap        ] GC(192) Survivor regions: 1->1(46)
[38.611s][info][gc,heap        ] GC(192) Old regions: 171->171
[38.611s][info][gc,heap        ] GC(192) Archive regions: 0->0
[38.611s][info][gc,heap        ] GC(192) Humongous regions: 12->12
[38.611s][info][gc,metaspace   ] GC(192) Metaspace: 60626K(61568K)->60626K(61568K) NonClass: 53069K(53568K)->53069K(53568K) Class: 7557K(8000K)->7557K(8000K)
[38.611s][info][gc             ] GC(192) Pause Young (Normal) (G1 Evacuation Pause) 539M->174M(610M) 2.039ms
[38.612s][info][gc,cpu         ] GC(192) User=0.00s Sys=0.00s Real=0.00s
[38.729s][info][gc,start       ] GC(193) Pause Young (Normal) (G1 Evacuation Pause)
[38.729s][info][gc,task        ] GC(193) Using 14 workers of 33 for evacuation
[38.731s][info][gc,phases      ] GC(193)   Pre Evacuate Collection Set: 0.1ms
[38.731s][info][gc,phases      ] GC(193)   Merge Heap Roots: 0.1ms
[38.731s][info][gc,phases      ] GC(193)   Evacuate Collection Set: 0.4ms
[38.731s][info][gc,phases      ] GC(193)   Post Evacuate Collection Set: 0.7ms
[38.731s][info][gc,phases      ] GC(193)   Other: 0.2ms
[38.731s][info][gc,heap        ] GC(193) Eden regions: 365->0(365)
[38.731s][info][gc,heap        ] GC(193) Survivor regions: 1->1(46)
[38.731s][info][gc,heap        ] GC(193) Old regions: 171->171
[38.731s][info][gc,heap        ] GC(193) Archive regions: 0->0
[38.731s][info][gc,heap        ] GC(193) Humongous regions: 12->12
[38.731s][info][gc,metaspace   ] GC(193) Metaspace: 60626K(61568K)->60626K(61568K) NonClass: 53069K(53568K)->53069K(53568K) Class: 7557K(8000K)->7557K(8000K)
[38.731s][info][gc             ] GC(193) Pause Young (Normal) (G1 Evacuation Pause) 539M->174M(610M) 1.944ms
[38.731s][info][gc,cpu         ] GC(193) User=0.00s Sys=0.00s Real=0.00s
[38.857s][info][gc,start       ] GC(194) Pause Young (Normal) (G1 Evacuation Pause)
[38.857s][info][gc,task        ] GC(194) Using 14 workers of 33 for evacuation
[38.859s][info][gc,phases      ] GC(194)   Pre Evacuate Collection Set: 0.2ms
[38.859s][info][gc,phases      ] GC(194)   Merge Heap Roots: 0.1ms
[38.859s][info][gc,phases      ] GC(194)   Evacuate Collection Set: 0.5ms
[38.859s][info][gc,phases      ] GC(194)   Post Evacuate Collection Set: 0.8ms
[38.859s][info][gc,phases      ] GC(194)   Other: 0.2ms
[38.859s][info][gc,heap        ] GC(194) Eden regions: 365->0(365)
[38.859s][info][gc,heap        ] GC(194) Survivor regions: 1->1(46)
[38.859s][info][gc,heap        ] GC(194) Old regions: 171->171
[38.859s][info][gc,heap        ] GC(194) Archive regions: 0->0
[38.859s][info][gc,heap        ] GC(194) Humongous regions: 12->12
[38.859s][info][gc,metaspace   ] GC(194) Metaspace: 60651K(61568K)->60651K(61568K) NonClass: 53085K(53568K)->53085K(53568K) Class: 7565K(8000K)->7565K(8000K)
[38.859s][info][gc             ] GC(194) Pause Young (Normal) (G1 Evacuation Pause) 539M->174M(610M) 2.314ms
[38.859s][info][gc,cpu         ] GC(194) User=0.00s Sys=0.00s Real=0.00s
[38.945s][info][gc,start       ] GC(195) Pause Full (System.gc())
[38.945s][info][gc,task        ] GC(195) Using 14 workers of 33 for full compaction
[38.946s][info][gc,phases,start] GC(195) Phase 1: Mark live objects
[38.985s][info][gc,phases      ] GC(195) Phase 1: Mark live objects 39.261ms
[38.985s][info][gc,phases,start] GC(195) Phase 2: Prepare compaction
[38.990s][info][gc,phases      ] GC(195) Phase 2: Prepare compaction 4.597ms
[38.990s][info][gc,phases,start] GC(195) Phase 3: Adjust pointers
[38.997s][info][gc,phases      ] GC(195) Phase 3: Adjust pointers 7.186ms
[38.997s][info][gc,phases,start] GC(195) Phase 4: Compact heap
[38.997s][info][gc,phases      ] GC(195) Phase 4: Compact heap 0.465ms
[39.004s][info][gc,heap        ] GC(195) Eden regions: 103->0(366)
[39.004s][info][gc,heap        ] GC(195) Survivor regions: 1->0(46)
[39.004s][info][gc,heap        ] GC(195) Old regions: 171->171
[39.004s][info][gc,heap        ] GC(195) Archive regions: 0->0
[39.004s][info][gc,heap        ] GC(195) Humongous regions: 17->12
[39.004s][info][gc,metaspace   ] GC(195) Metaspace: 60669K(61632K)->60669K(61632K) NonClass: 53103K(53632K)->53103K(53632K) Class: 7565K(8000K)->7565K(8000K)
[39.004s][info][gc             ] GC(195) Pause Full (System.gc()) 281M->174M(610M) 59.153ms
[39.004s][info][gc,cpu         ] GC(195) User=0.67s Sys=0.00s Real=0.06s
[39.174s][info][gc,start       ] GC(196) Pause Young (Normal) (G1 Evacuation Pause)
[39.174s][info][gc,task        ] GC(196) Using 14 workers of 33 for evacuation
[39.176s][info][gc,phases      ] GC(196)   Pre Evacuate Collection Set: 0.2ms
[39.176s][info][gc,phases      ] GC(196)   Merge Heap Roots: 0.2ms
[39.176s][info][gc,phases      ] GC(196)   Evacuate Collection Set: 0.5ms
[39.176s][info][gc,phases      ] GC(196)   Post Evacuate Collection Set: 0.7ms
[39.176s][info][gc,phases      ] GC(196)   Other: 0.2ms
[39.176s][info][gc,heap        ] GC(196) Eden regions: 366->0(365)
[39.176s][info][gc,heap        ] GC(196) Survivor regions: 0->1(46)
[39.176s][info][gc,heap        ] GC(196) Old regions: 171->171
[39.176s][info][gc,heap        ] GC(196) Archive regions: 0->0
[39.176s][info][gc,heap        ] GC(196) Humongous regions: 22->12
[39.176s][info][gc,metaspace   ] GC(196) Metaspace: 60702K(61632K)->60702K(61632K) NonClass: 53136K(53632K)->53136K(53632K) Class: 7565K(8000K)->7565K(8000K)
[39.176s][info][gc             ] GC(196) Pause Young (Normal) (G1 Evacuation Pause) 550M->174M(610M) 2.214ms
[39.176s][info][gc,cpu         ] GC(196) User=0.00s Sys=0.00s Real=0.00s
[39.294s][info][gc,start       ] GC(197) Pause Young (Normal) (G1 Evacuation Pause)
[39.294s][info][gc,task        ] GC(197) Using 14 workers of 33 for evacuation
[39.295s][info][gc,phases      ] GC(197)   Pre Evacuate Collection Set: 0.2ms
[39.295s][info][gc,phases      ] GC(197)   Merge Heap Roots: 0.1ms
[39.295s][info][gc,phases      ] GC(197)   Evacuate Collection Set: 0.5ms
[39.295s][info][gc,phases      ] GC(197)   Post Evacuate Collection Set: 0.7ms
[39.295s][info][gc,phases      ] GC(197)   Other: 0.2ms
[39.295s][info][gc,heap        ] GC(197) Eden regions: 365->0(365)
[39.295s][info][gc,heap        ] GC(197) Survivor regions: 1->1(46)
[39.295s][info][gc,heap        ] GC(197) Old regions: 171->171
[39.295s][info][gc,heap        ] GC(197) Archive regions: 0->0
[39.295s][info][gc,heap        ] GC(197) Humongous regions: 12->12
[39.296s][info][gc,metaspace   ] GC(197) Metaspace: 60702K(61632K)->60702K(61632K) NonClass: 53136K(53632K)->53136K(53632K) Class: 7565K(8000K)->7565K(8000K)
[39.296s][info][gc             ] GC(197) Pause Young (Normal) (G1 Evacuation Pause) 539M->174M(610M) 2.069ms
[39.296s][info][gc,cpu         ] GC(197) User=0.00s Sys=0.00s Real=0.00s
[39.413s][info][gc,start       ] GC(198) Pause Young (Normal) (G1 Evacuation Pause)
[39.413s][info][gc,task        ] GC(198) Using 14 workers of 33 for evacuation
[39.415s][info][gc,phases      ] GC(198)   Pre Evacuate Collection Set: 0.1ms
[39.415s][info][gc,phases      ] GC(198)   Merge Heap Roots: 0.1ms
[39.415s][info][gc,phases      ] GC(198)   Evacuate Collection Set: 0.4ms
[39.415s][info][gc,phases      ] GC(198)   Post Evacuate Collection Set: 0.7ms
[39.415s][info][gc,phases      ] GC(198)   Other: 0.2ms
[39.415s][info][gc,heap        ] GC(198) Eden regions: 365->0(365)
[39.415s][info][gc,heap        ] GC(198) Survivor regions: 1->1(46)
[39.415s][info][gc,heap        ] GC(198) Old regions: 171->171
[39.415s][info][gc,heap        ] GC(198) Archive regions: 0->0
[39.415s][info][gc,heap        ] GC(198) Humongous regions: 12->12
[39.415s][info][gc,metaspace   ] GC(198) Metaspace: 60702K(61632K)->60702K(61632K) NonClass: 53136K(53632K)->53136K(53632K) Class: 7565K(8000K)->7565K(8000K)
[39.415s][info][gc             ] GC(198) Pause Young (Normal) (G1 Evacuation Pause) 539M->174M(610M) 1.951ms
[39.415s][info][gc,cpu         ] GC(198) User=0.22s Sys=0.00s Real=0.02s
[39.532s][info][gc,start       ] GC(199) Pause Young (Normal) (G1 Evacuation Pause)
[39.532s][info][gc,task        ] GC(199) Using 14 workers of 33 for evacuation
[39.533s][info][gc,phases      ] GC(199)   Pre Evacuate Collection Set: 0.1ms
[39.533s][info][gc,phases      ] GC(199)   Merge Heap Roots: 0.1ms
[39.533s][info][gc,phases      ] GC(199)   Evacuate Collection Set: 0.4ms
[39.533s][info][gc,phases      ] GC(199)   Post Evacuate Collection Set: 0.7ms
[39.533s][info][gc,phases      ] GC(199)   Other: 0.2ms
[39.534s][info][gc,heap        ] GC(199) Eden regions: 365->0(365)
[39.534s][info][gc,heap        ] GC(199) Survivor regions: 1->1(46)
[39.534s][info][gc,heap        ] GC(199) Old regions: 171->171
[39.534s][info][gc,heap        ] GC(199) Archive regions: 0->0
[39.534s][info][gc,heap        ] GC(199) Humongous regions: 12->12
[39.534s][info][gc,metaspace   ] GC(199) Metaspace: 60702K(61632K)->60702K(61632K) NonClass: 53136K(53632K)->53136K(53632K) Class: 7565K(8000K)->7565K(8000K)
[39.534s][info][gc             ] GC(199) Pause Young (Normal) (G1 Evacuation Pause) 539M->174M(610M) 1.948ms
[39.534s][info][gc,cpu         ] GC(199) User=0.00s Sys=0.00s Real=0.00s
[39.659s][info][gc,start       ] GC(200) Pause Young (Normal) (G1 Evacuation Pause)
[39.659s][info][gc,task        ] GC(200) Using 14 workers of 33 for evacuation
[39.661s][info][gc,phases      ] GC(200)   Pre Evacuate Collection Set: 0.1ms
[39.661s][info][gc,phases      ] GC(200)   Merge Heap Roots: 0.1ms
[39.661s][info][gc,phases      ] GC(200)   Evacuate Collection Set: 0.4ms
[39.661s][info][gc,phases      ] GC(200)   Post Evacuate Collection Set: 0.7ms
[39.661s][info][gc,phases      ] GC(200)   Other: 0.2ms
[39.661s][info][gc,heap        ] GC(200) Eden regions: 365->0(365)
[39.661s][info][gc,heap        ] GC(200) Survivor regions: 1->1(46)
[39.661s][info][gc,heap        ] GC(200) Old regions: 171->171
[39.661s][info][gc,heap        ] GC(200) Archive regions: 0->0
[39.661s][info][gc,heap        ] GC(200) Humongous regions: 12->12
[39.661s][info][gc,metaspace   ] GC(200) Metaspace: 60702K(61632K)->60702K(61632K) NonClass: 53136K(53632K)->53136K(53632K) Class: 7565K(8000K)->7565K(8000K)
[39.661s][info][gc             ] GC(200) Pause Young (Normal) (G1 Evacuation Pause) 539M->174M(610M) 2.050ms
[39.661s][info][gc,cpu         ] GC(200) User=0.00s Sys=0.00s Real=0.00s
[39.743s][info][gc,start       ] GC(201) Pause Full (System.gc())
[39.743s][info][gc,task        ] GC(201) Using 14 workers of 33 for full compaction
[39.744s][info][gc,phases,start] GC(201) Phase 1: Mark live objects
[39.783s][info][gc,phases      ] GC(201) Phase 1: Mark live objects 39.334ms
[39.783s][info][gc,phases,start] GC(201) Phase 2: Prepare compaction
[39.788s][info][gc,phases      ] GC(201) Phase 2: Prepare compaction 4.629ms
[39.788s][info][gc,phases,start] GC(201) Phase 3: Adjust pointers
[39.795s][info][gc,phases      ] GC(201) Phase 3: Adjust pointers 7.202ms
[39.795s][info][gc,phases,start] GC(201) Phase 4: Compact heap
[39.795s][info][gc,phases      ] GC(201) Phase 4: Compact heap 0.418ms
[39.802s][info][gc,heap        ] GC(201) Eden regions: 101->0(366)
[39.802s][info][gc,heap        ] GC(201) Survivor regions: 1->0(46)
[39.802s][info][gc,heap        ] GC(201) Old regions: 171->171
[39.802s][info][gc,heap        ] GC(201) Archive regions: 0->0
[39.802s][info][gc,heap        ] GC(201) Humongous regions: 17->12
[39.802s][info][gc,metaspace   ] GC(201) Metaspace: 60708K(61632K)->60708K(61632K) NonClass: 53142K(53632K)->53142K(53632K) Class: 7565K(8000K)->7565K(8000K)
[39.802s][info][gc             ] GC(201) Pause Full (System.gc()) 280M->174M(610M) 59.529ms
[39.802s][info][gc,cpu         ] GC(201) User=0.66s Sys=0.00s Real=0.05s
[39.974s][info][gc,start       ] GC(202) Pause Young (Normal) (G1 Evacuation Pause)
[39.975s][info][gc,task        ] GC(202) Using 14 workers of 33 for evacuation
[39.977s][info][gc,phases      ] GC(202)   Pre Evacuate Collection Set: 0.2ms
[39.977s][info][gc,phases      ] GC(202)   Merge Heap Roots: 0.1ms
[39.977s][info][gc,phases      ] GC(202)   Evacuate Collection Set: 0.5ms
[39.977s][info][gc,phases      ] GC(202)   Post Evacuate Collection Set: 1.0ms
[39.977s][info][gc,phases      ] GC(202)   Other: 0.2ms
[39.977s][info][gc,heap        ] GC(202) Eden regions: 366->0(378)
[39.977s][info][gc,heap        ] GC(202) Survivor regions: 0->1(46)
[39.977s][info][gc,heap        ] GC(202) Old regions: 171->171
[39.977s][info][gc,heap        ] GC(202) Archive regions: 0->0
[39.977s][info][gc,heap        ] GC(202) Humongous regions: 22->12
[39.977s][info][gc,metaspace   ] GC(202) Metaspace: 60724K(61632K)->60724K(61632K) NonClass: 53158K(53632K)->53158K(53632K) Class: 7565K(8000K)->7565K(8000K)
[39.977s][info][gc             ] GC(202) Pause Young (Normal) (G1 Evacuation Pause) 550M->174M(633M) 2.599ms
[39.977s][info][gc,cpu         ] GC(202) User=0.00s Sys=0.00s Real=0.00s
[40.104s][info][gc,start       ] GC(203) Pause Young (Normal) (G1 Evacuation Pause)
[40.104s][info][gc,task        ] GC(203) Using 15 workers of 33 for evacuation
[40.106s][info][gc,phases      ] GC(203)   Pre Evacuate Collection Set: 0.2ms
[40.106s][info][gc,phases      ] GC(203)   Merge Heap Roots: 0.1ms
[40.106s][info][gc,phases      ] GC(203)   Evacuate Collection Set: 0.5ms
[40.106s][info][gc,phases      ] GC(203)   Post Evacuate Collection Set: 0.6ms
[40.106s][info][gc,phases      ] GC(203)   Other: 0.1ms
[40.106s][info][gc,heap        ] GC(203) Eden regions: 378->0(378)
[40.106s][info][gc,heap        ] GC(203) Survivor regions: 1->1(48)
[40.106s][info][gc,heap        ] GC(203) Old regions: 171->171
[40.106s][info][gc,heap        ] GC(203) Archive regions: 0->0
[40.106s][info][gc,heap        ] GC(203) Humongous regions: 12->12
[40.106s][info][gc,metaspace   ] GC(203) Metaspace: 60724K(61632K)->60724K(61632K) NonClass: 53158K(53632K)->53158K(53632K) Class: 7565K(8000K)->7565K(8000K)
[40.106s][info][gc             ] GC(203) Pause Young (Normal) (G1 Evacuation Pause) 552M->174M(633M) 1.814ms
[40.106s][info][gc,cpu         ] GC(203) User=0.00s Sys=0.00s Real=0.00s
[40.235s][info][gc,start       ] GC(204) Pause Young (Normal) (G1 Evacuation Pause)
[40.235s][info][gc,task        ] GC(204) Using 15 workers of 33 for evacuation
[40.237s][info][gc,phases      ] GC(204)   Pre Evacuate Collection Set: 0.2ms
[40.237s][info][gc,phases      ] GC(204)   Merge Heap Roots: 0.1ms
[40.237s][info][gc,phases      ] GC(204)   Evacuate Collection Set: 0.5ms
[40.237s][info][gc,phases      ] GC(204)   Post Evacuate Collection Set: 0.7ms
[40.237s][info][gc,phases      ] GC(204)   Other: 0.2ms
[40.237s][info][gc,heap        ] GC(204) Eden regions: 378->0(378)
[40.237s][info][gc,heap        ] GC(204) Survivor regions: 1->1(48)
[40.237s][info][gc,heap        ] GC(204) Old regions: 171->171
[40.237s][info][gc,heap        ] GC(204) Archive regions: 0->0
[40.237s][info][gc,heap        ] GC(204) Humongous regions: 12->12
[40.237s][info][gc,metaspace   ] GC(204) Metaspace: 60724K(61632K)->60724K(61632K) NonClass: 53158K(53632K)->53158K(53632K) Class: 7565K(8000K)->7565K(8000K)
[40.237s][info][gc             ] GC(204) Pause Young (Normal) (G1 Evacuation Pause) 552M->174M(633M) 2.137ms
[40.237s][info][gc,cpu         ] GC(204) User=0.00s Sys=0.00s Real=0.00s
[40.366s][info][gc,start       ] GC(205) Pause Young (Normal) (G1 Evacuation Pause)
[40.366s][info][gc,task        ] GC(205) Using 15 workers of 33 for evacuation
[40.368s][info][gc,phases      ] GC(205)   Pre Evacuate Collection Set: 0.1ms
[40.368s][info][gc,phases      ] GC(205)   Merge Heap Roots: 0.1ms
[40.368s][info][gc,phases      ] GC(205)   Evacuate Collection Set: 0.4ms
[40.368s][info][gc,phases      ] GC(205)   Post Evacuate Collection Set: 0.7ms
[40.368s][info][gc,phases      ] GC(205)   Other: 0.2ms
[40.368s][info][gc,heap        ] GC(205) Eden regions: 378->0(378)
[40.368s][info][gc,heap        ] GC(205) Survivor regions: 1->1(48)
[40.368s][info][gc,heap        ] GC(205) Old regions: 171->171
[40.368s][info][gc,heap        ] GC(205) Archive regions: 0->0
[40.368s][info][gc,heap        ] GC(205) Humongous regions: 12->12
[40.368s][info][gc,metaspace   ] GC(205) Metaspace: 60724K(61632K)->60724K(61632K) NonClass: 53158K(53632K)->53158K(53632K) Class: 7565K(8000K)->7565K(8000K)
[40.368s][info][gc             ] GC(205) Pause Young (Normal) (G1 Evacuation Pause) 552M->174M(633M) 1.964ms
[40.368s][info][gc,cpu         ] GC(205) User=0.00s Sys=0.00s Real=0.00s
[40.499s][info][gc,start       ] GC(206) Pause Young (Normal) (G1 Evacuation Pause)
[40.499s][info][gc,task        ] GC(206) Using 15 workers of 33 for evacuation
[40.501s][info][gc,phases      ] GC(206)   Pre Evacuate Collection Set: 0.2ms
[40.501s][info][gc,phases      ] GC(206)   Merge Heap Roots: 0.1ms
[40.501s][info][gc,phases      ] GC(206)   Evacuate Collection Set: 0.4ms
[40.501s][info][gc,phases      ] GC(206)   Post Evacuate Collection Set: 0.7ms
[40.501s][info][gc,phases      ] GC(206)   Other: 0.2ms
[40.501s][info][gc,heap        ] GC(206) Eden regions: 378->0(378)
[40.501s][info][gc,heap        ] GC(206) Survivor regions: 1->1(48)
[40.501s][info][gc,heap        ] GC(206) Old regions: 171->171
[40.501s][info][gc,heap        ] GC(206) Archive regions: 0->0
[40.501s][info][gc,heap        ] GC(206) Humongous regions: 12->12
[40.501s][info][gc,metaspace   ] GC(206) Metaspace: 60724K(61632K)->60724K(61632K) NonClass: 53158K(53632K)->53158K(53632K) Class: 7565K(8000K)->7565K(8000K)
[40.501s][info][gc             ] GC(206) Pause Young (Normal) (G1 Evacuation Pause) 552M->174M(633M) 2.008ms
[40.501s][info][gc,cpu         ] GC(206) User=0.06s Sys=0.02s Real=0.02s
[40.547s][info][gc,start       ] GC(207) Pause Full (System.gc())
[40.547s][info][gc,task        ] GC(207) Using 15 workers of 33 for full compaction
[40.548s][info][gc,phases,start] GC(207) Phase 1: Mark live objects
[40.585s][info][gc,phases      ] GC(207) Phase 1: Mark live objects 37.342ms
[40.585s][info][gc,phases,start] GC(207) Phase 2: Prepare compaction
[40.590s][info][gc,phases      ] GC(207) Phase 2: Prepare compaction 4.595ms
[40.590s][info][gc,phases,start] GC(207) Phase 3: Adjust pointers
[40.599s][info][gc,phases      ] GC(207) Phase 3: Adjust pointers 8.610ms
[40.599s][info][gc,phases,start] GC(207) Phase 4: Compact heap
[40.599s][info][gc,phases      ] GC(207) Phase 4: Compact heap 0.373ms
[40.606s][info][gc,heap        ] GC(207) Eden regions: 49->0(368)
[40.606s][info][gc,heap        ] GC(207) Survivor regions: 1->0(48)
[40.606s][info][gc,heap        ] GC(207) Old regions: 171->172
[40.606s][info][gc,heap        ] GC(207) Archive regions: 0->0
[40.606s][info][gc,heap        ] GC(207) Humongous regions: 17->12
[40.606s][info][gc,metaspace   ] GC(207) Metaspace: 60738K(61632K)->60738K(61632K) NonClass: 53172K(53632K)->53172K(53632K) Class: 7565K(8000K)->7565K(8000K)
[40.606s][info][gc             ] GC(207) Pause Full (System.gc()) 228M->174M(614M) 58.867ms
[40.606s][info][gc,cpu         ] GC(207) User=0.72s Sys=0.00s Real=0.06s
[40.777s][info][gc,start       ] GC(208) Pause Young (Normal) (G1 Evacuation Pause)
[40.777s][info][gc,task        ] GC(208) Using 14 workers of 33 for evacuation
[40.779s][info][gc,phases      ] GC(208)   Pre Evacuate Collection Set: 0.2ms
[40.779s][info][gc,phases      ] GC(208)   Merge Heap Roots: 0.1ms
[40.779s][info][gc,phases      ] GC(208)   Evacuate Collection Set: 0.5ms
[40.779s][info][gc,phases      ] GC(208)   Post Evacuate Collection Set: 0.5ms
[40.779s][info][gc,phases      ] GC(208)   Other: 0.1ms
[40.779s][info][gc,heap        ] GC(208) Eden regions: 368->0(367)
[40.779s][info][gc,heap        ] GC(208) Survivor regions: 0->1(46)
[40.779s][info][gc,heap        ] GC(208) Old regions: 172->172
[40.779s][info][gc,heap        ] GC(208) Archive regions: 0->0
[40.779s][info][gc,heap        ] GC(208) Humongous regions: 22->12
[40.779s][info][gc,metaspace   ] GC(208) Metaspace: 60791K(61696K)->60791K(61696K) NonClass: 53223K(53696K)->53223K(53696K) Class: 7568K(8000K)->7568K(8000K)
[40.779s][info][gc             ] GC(208) Pause Young (Normal) (G1 Evacuation Pause) 552M->174M(614M) 1.645ms
[40.779s][info][gc,cpu         ] GC(208) User=0.00s Sys=0.00s Real=0.00s
[40.924s][info][gc,start       ] GC(209) Pause Young (Normal) (G1 Evacuation Pause)
[40.924s][info][gc,task        ] GC(209) Using 14 workers of 33 for evacuation
[40.925s][info][gc,phases      ] GC(209)   Pre Evacuate Collection Set: 0.1ms
[40.925s][info][gc,phases      ] GC(209)   Merge Heap Roots: 0.1ms
[40.925s][info][gc,phases      ] GC(209)   Evacuate Collection Set: 0.5ms
[40.925s][info][gc,phases      ] GC(209)   Post Evacuate Collection Set: 0.5ms
[40.925s][info][gc,phases      ] GC(209)   Other: 0.1ms
[40.925s][info][gc,heap        ] GC(209) Eden regions: 367->0(367)
[40.925s][info][gc,heap        ] GC(209) Survivor regions: 1->1(46)
[40.926s][info][gc,heap        ] GC(209) Old regions: 172->172
[40.926s][info][gc,heap        ] GC(209) Archive regions: 0->0
[40.926s][info][gc,heap        ] GC(209) Humongous regions: 12->12
[40.926s][info][gc,metaspace   ] GC(209) Metaspace: 60791K(61696K)->60791K(61696K) NonClass: 53223K(53696K)->53223K(53696K) Class: 7568K(8000K)->7568K(8000K)
[40.926s][info][gc             ] GC(209) Pause Young (Normal) (G1 Evacuation Pause) 541M->174M(614M) 1.565ms
[40.926s][info][gc,cpu         ] GC(209) User=0.00s Sys=0.00s Real=0.00s
[41.051s][info][gc,start       ] GC(210) Pause Young (Normal) (G1 Evacuation Pause)
[41.051s][info][gc,task        ] GC(210) Using 14 workers of 33 for evacuation
[41.052s][info][gc,phases      ] GC(210)   Pre Evacuate Collection Set: 0.1ms
[41.052s][info][gc,phases      ] GC(210)   Merge Heap Roots: 0.1ms
[41.053s][info][gc,phases      ] GC(210)   Evacuate Collection Set: 0.5ms
[41.053s][info][gc,phases      ] GC(210)   Post Evacuate Collection Set: 0.7ms
[41.053s][info][gc,phases      ] GC(210)   Other: 0.2ms
[41.053s][info][gc,heap        ] GC(210) Eden regions: 367->0(367)
[41.053s][info][gc,heap        ] GC(210) Survivor regions: 1->1(46)
[41.053s][info][gc,heap        ] GC(210) Old regions: 172->172
[41.053s][info][gc,heap        ] GC(210) Archive regions: 0->0
[41.053s][info][gc,heap        ] GC(210) Humongous regions: 12->12
[41.053s][info][gc,metaspace   ] GC(210) Metaspace: 60791K(61696K)->60791K(61696K) NonClass: 53223K(53696K)->53223K(53696K) Class: 7568K(8000K)->7568K(8000K)
[41.053s][info][gc             ] GC(210) Pause Young (Normal) (G1 Evacuation Pause) 541M->174M(614M) 2.001ms
[41.053s][info][gc,cpu         ] GC(210) User=0.00s Sys=0.00s Real=0.00s
[41.180s][info][gc,start       ] GC(211) Pause Young (Normal) (G1 Evacuation Pause)
[41.180s][info][gc,task        ] GC(211) Using 14 workers of 33 for evacuation
[41.181s][info][gc,phases      ] GC(211)   Pre Evacuate Collection Set: 0.1ms
[41.181s][info][gc,phases      ] GC(211)   Merge Heap Roots: 0.1ms
[41.181s][info][gc,phases      ] GC(211)   Evacuate Collection Set: 0.4ms
[41.181s][info][gc,phases      ] GC(211)   Post Evacuate Collection Set: 0.7ms
[41.181s][info][gc,phases      ] GC(211)   Other: 0.2ms
[41.182s][info][gc,heap        ] GC(211) Eden regions: 367->0(367)
[41.182s][info][gc,heap        ] GC(211) Survivor regions: 1->1(46)
[41.182s][info][gc,heap        ] GC(211) Old regions: 172->172
[41.182s][info][gc,heap        ] GC(211) Archive regions: 0->0
[41.182s][info][gc,heap        ] GC(211) Humongous regions: 12->12
[41.182s][info][gc,metaspace   ] GC(211) Metaspace: 60791K(61696K)->60791K(61696K) NonClass: 53223K(53696K)->53223K(53696K) Class: 7568K(8000K)->7568K(8000K)
[41.182s][info][gc             ] GC(211) Pause Young (Normal) (G1 Evacuation Pause) 541M->174M(614M) 2.010ms
[41.182s][info][gc,cpu         ] GC(211) User=0.00s Sys=0.00s Real=0.00s
[41.305s][info][gc,start       ] GC(212) Pause Young (Normal) (G1 Evacuation Pause)
[41.306s][info][gc,task        ] GC(212) Using 14 workers of 33 for evacuation
[41.307s][info][gc,phases      ] GC(212)   Pre Evacuate Collection Set: 0.2ms
[41.307s][info][gc,phases      ] GC(212)   Merge Heap Roots: 0.1ms
[41.307s][info][gc,phases      ] GC(212)   Evacuate Collection Set: 0.4ms
[41.307s][info][gc,phases      ] GC(212)   Post Evacuate Collection Set: 0.7ms
[41.307s][info][gc,phases      ] GC(212)   Other: 0.2ms
[41.307s][info][gc,heap        ] GC(212) Eden regions: 367->0(367)
[41.307s][info][gc,heap        ] GC(212) Survivor regions: 1->1(46)
[41.307s][info][gc,heap        ] GC(212) Old regions: 172->172
[41.307s][info][gc,heap        ] GC(212) Archive regions: 0->0
[41.307s][info][gc,heap        ] GC(212) Humongous regions: 12->12
[41.307s][info][gc,metaspace   ] GC(212) Metaspace: 60791K(61696K)->60791K(61696K) NonClass: 53223K(53696K)->53223K(53696K) Class: 7568K(8000K)->7568K(8000K)
[41.307s][info][gc             ] GC(212) Pause Young (Normal) (G1 Evacuation Pause) 541M->174M(614M) 2.001ms
[41.307s][info][gc,cpu         ] GC(212) User=0.00s Sys=0.00s Real=0.00s
[41.378s][info][gc,start       ] GC(213) Pause Full (System.gc())
[41.378s][info][gc,task        ] GC(213) Using 14 workers of 33 for full compaction
[41.379s][info][gc,phases,start] GC(213) Phase 1: Mark live objects
[41.414s][info][gc,phases      ] GC(213) Phase 1: Mark live objects 35.498ms
[41.414s][info][gc,phases,start] GC(213) Phase 2: Prepare compaction
[41.419s][info][gc,phases      ] GC(213) Phase 2: Prepare compaction 4.637ms
[41.419s][info][gc,phases,start] GC(213) Phase 3: Adjust pointers
[41.428s][info][gc,phases      ] GC(213) Phase 3: Adjust pointers 8.858ms
[41.428s][info][gc,phases,start] GC(213) Phase 4: Compact heap
[41.428s][info][gc,phases      ] GC(213) Phase 4: Compact heap 0.393ms
[41.436s][info][gc,heap        ] GC(213) Eden regions: 91->0(366)
[41.436s][info][gc,heap        ] GC(213) Survivor regions: 1->0(46)
[41.436s][info][gc,heap        ] GC(213) Old regions: 172->171
[41.436s][info][gc,heap        ] GC(213) Archive regions: 0->0
[41.436s][info][gc,heap        ] GC(213) Humongous regions: 17->12
[41.436s][info][gc,metaspace   ] GC(213) Metaspace: 60849K(61760K)->60849K(61760K) NonClass: 53280K(53760K)->53280K(53760K) Class: 7569K(8000K)->7569K(8000K)
[41.436s][info][gc             ] GC(213) Pause Full (System.gc()) 269M->174M(610M) 58.487ms
[41.437s][info][gc,cpu         ] GC(213) User=0.66s Sys=0.02s Real=0.06s
[41.615s][info][gc,start       ] GC(214) Pause Young (Normal) (G1 Evacuation Pause)
[41.615s][info][gc,task        ] GC(214) Using 14 workers of 33 for evacuation
[41.617s][info][gc,phases      ] GC(214)   Pre Evacuate Collection Set: 0.2ms
[41.617s][info][gc,phases      ] GC(214)   Merge Heap Roots: 0.1ms
[41.617s][info][gc,phases      ] GC(214)   Evacuate Collection Set: 0.5ms
[41.617s][info][gc,phases      ] GC(214)   Post Evacuate Collection Set: 0.7ms
[41.617s][info][gc,phases      ] GC(214)   Other: 0.2ms
[41.617s][info][gc,heap        ] GC(214) Eden regions: 366->0(365)
[41.617s][info][gc,heap        ] GC(214) Survivor regions: 0->1(46)
[41.617s][info][gc,heap        ] GC(214) Old regions: 171->171
[41.617s][info][gc,heap        ] GC(214) Archive regions: 0->0
[41.617s][info][gc,heap        ] GC(214) Humongous regions: 22->12
[41.617s][info][gc,metaspace   ] GC(214) Metaspace: 60878K(61760K)->60878K(61760K) NonClass: 53307K(53760K)->53307K(53760K) Class: 7571K(8000K)->7571K(8000K)
[41.617s][info][gc             ] GC(214) Pause Young (Normal) (G1 Evacuation Pause) 550M->174M(610M) 2.235ms
[41.618s][info][gc,cpu         ] GC(214) User=0.00s Sys=0.00s Real=0.00s
[41.735s][info][gc,start       ] GC(215) Pause Young (Normal) (G1 Evacuation Pause)
[41.735s][info][gc,task        ] GC(215) Using 14 workers of 33 for evacuation
[41.737s][info][gc,phases      ] GC(215)   Pre Evacuate Collection Set: 0.2ms
[41.737s][info][gc,phases      ] GC(215)   Merge Heap Roots: 0.1ms
[41.737s][info][gc,phases      ] GC(215)   Evacuate Collection Set: 0.4ms
[41.737s][info][gc,phases      ] GC(215)   Post Evacuate Collection Set: 0.7ms
[41.737s][info][gc,phases      ] GC(215)   Other: 0.2ms
[41.737s][info][gc,heap        ] GC(215) Eden regions: 365->0(365)
[41.737s][info][gc,heap        ] GC(215) Survivor regions: 1->1(46)
[41.737s][info][gc,heap        ] GC(215) Old regions: 171->171
[41.737s][info][gc,heap        ] GC(215) Archive regions: 0->0
[41.737s][info][gc,heap        ] GC(215) Humongous regions: 12->12
[41.737s][info][gc,metaspace   ] GC(215) Metaspace: 60878K(61760K)->60878K(61760K) NonClass: 53307K(53760K)->53307K(53760K) Class: 7571K(8000K)->7571K(8000K)
[41.737s][info][gc             ] GC(215) Pause Young (Normal) (G1 Evacuation Pause) 539M->174M(610M) 2.091ms
[41.737s][info][gc,cpu         ] GC(215) User=0.00s Sys=0.00s Real=0.00s
[41.856s][info][gc,start       ] GC(216) Pause Young (Normal) (G1 Evacuation Pause)
[41.856s][info][gc,task        ] GC(216) Using 14 workers of 33 for evacuation
[41.858s][info][gc,phases      ] GC(216)   Pre Evacuate Collection Set: 0.1ms
[41.858s][info][gc,phases      ] GC(216)   Merge Heap Roots: 0.1ms
[41.858s][info][gc,phases      ] GC(216)   Evacuate Collection Set: 0.4ms
[41.858s][info][gc,phases      ] GC(216)   Post Evacuate Collection Set: 0.7ms
[41.858s][info][gc,phases      ] GC(216)   Other: 0.2ms
[41.858s][info][gc,heap        ] GC(216) Eden regions: 365->0(365)
[41.858s][info][gc,heap        ] GC(216) Survivor regions: 1->1(46)
[41.858s][info][gc,heap        ] GC(216) Old regions: 171->171
[41.858s][info][gc,heap        ] GC(216) Archive regions: 0->0
[41.858s][info][gc,heap        ] GC(216) Humongous regions: 12->12
[41.858s][info][gc,metaspace   ] GC(216) Metaspace: 60878K(61760K)->60878K(61760K) NonClass: 53307K(53760K)->53307K(53760K) Class: 7571K(8000K)->7571K(8000K)
[41.858s][info][gc             ] GC(216) Pause Young (Normal) (G1 Evacuation Pause) 539M->174M(610M) 1.928ms
[41.858s][info][gc,cpu         ] GC(216) User=0.00s Sys=0.00s Real=0.00s
[41.976s][info][gc,start       ] GC(217) Pause Young (Normal) (G1 Evacuation Pause)
[41.976s][info][gc,task        ] GC(217) Using 14 workers of 33 for evacuation
[41.978s][info][gc,phases      ] GC(217)   Pre Evacuate Collection Set: 0.1ms
[41.978s][info][gc,phases      ] GC(217)   Merge Heap Roots: 0.1ms
[41.978s][info][gc,phases      ] GC(217)   Evacuate Collection Set: 0.4ms
[41.978s][info][gc,phases      ] GC(217)   Post Evacuate Collection Set: 0.7ms
[41.978s][info][gc,phases      ] GC(217)   Other: 0.2ms
[41.978s][info][gc,heap        ] GC(217) Eden regions: 365->0(365)
[41.978s][info][gc,heap        ] GC(217) Survivor regions: 1->1(46)
[41.978s][info][gc,heap        ] GC(217) Old regions: 171->171
[41.978s][info][gc,heap        ] GC(217) Archive regions: 0->0
[41.978s][info][gc,heap        ] GC(217) Humongous regions: 12->12
[41.978s][info][gc,metaspace   ] GC(217) Metaspace: 60878K(61760K)->60878K(61760K) NonClass: 53307K(53760K)->53307K(53760K) Class: 7571K(8000K)->7571K(8000K)
[41.978s][info][gc             ] GC(217) Pause Young (Normal) (G1 Evacuation Pause) 539M->174M(610M) 1.969ms
[41.978s][info][gc,cpu         ] GC(217) User=0.00s Sys=0.00s Real=0.00s
[42.104s][info][gc,start       ] GC(218) Pause Young (Normal) (G1 Evacuation Pause)
[42.105s][info][gc,task        ] GC(218) Using 14 workers of 33 for evacuation
[42.106s][info][gc,phases      ] GC(218)   Pre Evacuate Collection Set: 0.1ms
[42.106s][info][gc,phases      ] GC(218)   Merge Heap Roots: 0.1ms
[42.106s][info][gc,phases      ] GC(218)   Evacuate Collection Set: 0.4ms
[42.106s][info][gc,phases      ] GC(218)   Post Evacuate Collection Set: 0.7ms
[42.106s][info][gc,phases      ] GC(218)   Other: 0.2ms
[42.106s][info][gc,heap        ] GC(218) Eden regions: 365->0(365)
[42.106s][info][gc,heap        ] GC(218) Survivor regions: 1->1(46)
[42.106s][info][gc,heap        ] GC(218) Old regions: 171->171
[42.106s][info][gc,heap        ] GC(218) Archive regions: 0->0
[42.106s][info][gc,heap        ] GC(218) Humongous regions: 12->12
[42.106s][info][gc,metaspace   ] GC(218) Metaspace: 60878K(61760K)->60878K(61760K) NonClass: 53307K(53760K)->53307K(53760K) Class: 7571K(8000K)->7571K(8000K)
[42.106s][info][gc             ] GC(218) Pause Young (Normal) (G1 Evacuation Pause) 539M->174M(610M) 1.939ms
[42.106s][info][gc,cpu         ] GC(218) User=0.00s Sys=0.00s Real=0.00s
[42.188s][info][gc,start       ] GC(219) Pause Full (System.gc())
[42.188s][info][gc,task        ] GC(219) Using 14 workers of 33 for full compaction
[42.189s][info][gc,phases,start] GC(219) Phase 1: Mark live objects
[42.229s][info][gc,phases      ] GC(219) Phase 1: Mark live objects 40.162ms
[42.229s][info][gc,phases,start] GC(219) Phase 2: Prepare compaction
[42.234s][info][gc,phases      ] GC(219) Phase 2: Prepare compaction 4.603ms
[42.234s][info][gc,phases,start] GC(219) Phase 3: Adjust pointers
[42.243s][info][gc,phases      ] GC(219) Phase 3: Adjust pointers 8.894ms
[42.243s][info][gc,phases,start] GC(219) Phase 4: Compact heap
[42.243s][info][gc,phases      ] GC(219) Phase 4: Compact heap 0.397ms
[42.250s][info][gc,heap        ] GC(219) Eden regions: 101->0(366)
[42.250s][info][gc,heap        ] GC(219) Survivor regions: 1->0(46)
[42.250s][info][gc,heap        ] GC(219) Old regions: 171->171
[42.250s][info][gc,heap        ] GC(219) Archive regions: 0->0
[42.250s][info][gc,heap        ] GC(219) Humongous regions: 17->12
[42.250s][info][gc,metaspace   ] GC(219) Metaspace: 60886K(61760K)->60886K(61760K) NonClass: 53315K(53760K)->53315K(53760K) Class: 7571K(8000K)->7571K(8000K)
[42.250s][info][gc             ] GC(219) Pause Full (System.gc()) 279M->174M(610M) 61.933ms
[42.250s][info][gc,cpu         ] GC(219) User=0.88s Sys=0.00s Real=0.06s
[42.429s][info][gc,start       ] GC(220) Pause Young (Normal) (G1 Evacuation Pause)
[42.430s][info][gc,task        ] GC(220) Using 14 workers of 33 for evacuation
[42.432s][info][gc,phases      ] GC(220)   Pre Evacuate Collection Set: 0.2ms
[42.432s][info][gc,phases      ] GC(220)   Merge Heap Roots: 0.1ms
[42.432s][info][gc,phases      ] GC(220)   Evacuate Collection Set: 0.5ms
[42.432s][info][gc,phases      ] GC(220)   Post Evacuate Collection Set: 1.0ms
[42.432s][info][gc,phases      ] GC(220)   Other: 0.2ms
[42.432s][info][gc,heap        ] GC(220) Eden regions: 366->0(378)
[42.432s][info][gc,heap        ] GC(220) Survivor regions: 0->1(46)
[42.432s][info][gc,heap        ] GC(220) Old regions: 171->171
[42.432s][info][gc,heap        ] GC(220) Archive regions: 0->0
[42.432s][info][gc,heap        ] GC(220) Humongous regions: 22->12
[42.432s][info][gc,metaspace   ] GC(220) Metaspace: 60886K(61760K)->60886K(61760K) NonClass: 53315K(53760K)->53315K(53760K) Class: 7571K(8000K)->7571K(8000K)
[42.432s][info][gc             ] GC(220) Pause Young (Normal) (G1 Evacuation Pause) 550M->174M(632M) 2.492ms
[42.432s][info][gc,cpu         ] GC(220) User=0.00s Sys=0.00s Real=0.00s
[42.563s][info][gc,start       ] GC(221) Pause Young (Normal) (G1 Evacuation Pause)
[42.563s][info][gc,task        ] GC(221) Using 15 workers of 33 for evacuation
[42.565s][info][gc,phases      ] GC(221)   Pre Evacuate Collection Set: 0.2ms
[42.565s][info][gc,phases      ] GC(221)   Merge Heap Roots: 0.1ms
[42.565s][info][gc,phases      ] GC(221)   Evacuate Collection Set: 0.4ms
[42.565s][info][gc,phases      ] GC(221)   Post Evacuate Collection Set: 0.7ms
[42.565s][info][gc,phases      ] GC(221)   Other: 0.2ms
[42.565s][info][gc,heap        ] GC(221) Eden regions: 378->0(378)
[42.565s][info][gc,heap        ] GC(221) Survivor regions: 1->1(48)
[42.565s][info][gc,heap        ] GC(221) Old regions: 171->171
[42.565s][info][gc,heap        ] GC(221) Archive regions: 0->0
[42.565s][info][gc,heap        ] GC(221) Humongous regions: 12->12
[42.565s][info][gc,metaspace   ] GC(221) Metaspace: 60886K(61760K)->60886K(61760K) NonClass: 53315K(53760K)->53315K(53760K) Class: 7571K(8000K)->7571K(8000K)
[42.565s][info][gc             ] GC(221) Pause Young (Normal) (G1 Evacuation Pause) 552M->174M(632M) 1.998ms
[42.565s][info][gc,cpu         ] GC(221) User=0.00s Sys=0.00s Real=0.00s
[42.692s][info][gc,start       ] GC(222) Pause Young (Normal) (G1 Evacuation Pause)
[42.692s][info][gc,task        ] GC(222) Using 15 workers of 33 for evacuation
[42.694s][info][gc,phases      ] GC(222)   Pre Evacuate Collection Set: 0.1ms
[42.694s][info][gc,phases      ] GC(222)   Merge Heap Roots: 0.1ms
[42.694s][info][gc,phases      ] GC(222)   Evacuate Collection Set: 0.4ms
[42.694s][info][gc,phases      ] GC(222)   Post Evacuate Collection Set: 0.7ms
[42.694s][info][gc,phases      ] GC(222)   Other: 0.2ms
[42.694s][info][gc,heap        ] GC(222) Eden regions: 378->0(378)
[42.694s][info][gc,heap        ] GC(222) Survivor regions: 1->1(48)
[42.694s][info][gc,heap        ] GC(222) Old regions: 171->171
[42.694s][info][gc,heap        ] GC(222) Archive regions: 0->0
[42.694s][info][gc,heap        ] GC(222) Humongous regions: 12->12
[42.694s][info][gc,metaspace   ] GC(222) Metaspace: 60886K(61760K)->60886K(61760K) NonClass: 53315K(53760K)->53315K(53760K) Class: 7571K(8000K)->7571K(8000K)
[42.694s][info][gc             ] GC(222) Pause Young (Normal) (G1 Evacuation Pause) 552M->174M(632M) 1.997ms
[42.694s][info][gc,cpu         ] GC(222) User=0.00s Sys=0.00s Real=0.00s
[42.832s][info][gc,start       ] GC(223) Pause Young (Normal) (G1 Evacuation Pause)
[42.832s][info][gc,task        ] GC(223) Using 15 workers of 33 for evacuation
[42.834s][info][gc,phases      ] GC(223)   Pre Evacuate Collection Set: 0.1ms
[42.834s][info][gc,phases      ] GC(223)   Merge Heap Roots: 0.1ms
[42.834s][info][gc,phases      ] GC(223)   Evacuate Collection Set: 0.4ms
[42.834s][info][gc,phases      ] GC(223)   Post Evacuate Collection Set: 0.6ms
[42.834s][info][gc,phases      ] GC(223)   Other: 0.2ms
[42.834s][info][gc,heap        ] GC(223) Eden regions: 378->0(378)
[42.834s][info][gc,heap        ] GC(223) Survivor regions: 1->1(48)
[42.834s][info][gc,heap        ] GC(223) Old regions: 171->171
[42.834s][info][gc,heap        ] GC(223) Archive regions: 0->0
[42.834s][info][gc,heap        ] GC(223) Humongous regions: 12->12
[42.834s][info][gc,metaspace   ] GC(223) Metaspace: 60886K(61760K)->60886K(61760K) NonClass: 53315K(53760K)->53315K(53760K) Class: 7571K(8000K)->7571K(8000K)
[42.834s][info][gc             ] GC(223) Pause Young (Normal) (G1 Evacuation Pause) 552M->174M(632M) 1.939ms
[42.834s][info][gc,cpu         ] GC(223) User=0.00s Sys=0.00s Real=0.00s
[42.985s][info][gc,start       ] GC(224) Pause Young (Normal) (G1 Evacuation Pause)
[42.985s][info][gc,task        ] GC(224) Using 15 workers of 33 for evacuation
[42.987s][info][gc,phases      ] GC(224)   Pre Evacuate Collection Set: 0.1ms
[42.987s][info][gc,phases      ] GC(224)   Merge Heap Roots: 0.1ms
[42.987s][info][gc,phases      ] GC(224)   Evacuate Collection Set: 0.5ms
[42.987s][info][gc,phases      ] GC(224)   Post Evacuate Collection Set: 0.7ms
[42.987s][info][gc,phases      ] GC(224)   Other: 0.2ms
[42.987s][info][gc,heap        ] GC(224) Eden regions: 378->0(378)
[42.987s][info][gc,heap        ] GC(224) Survivor regions: 1->1(48)
[42.987s][info][gc,heap        ] GC(224) Old regions: 171->171
[42.987s][info][gc,heap        ] GC(224) Archive regions: 0->0
[42.987s][info][gc,heap        ] GC(224) Humongous regions: 12->12
[42.987s][info][gc,metaspace   ] GC(224) Metaspace: 60886K(61760K)->60886K(61760K) NonClass: 53315K(53760K)->53315K(53760K) Class: 7571K(8000K)->7571K(8000K)
[42.987s][info][gc             ] GC(224) Pause Young (Normal) (G1 Evacuation Pause) 552M->174M(632M) 2.055ms
[42.987s][info][gc,cpu         ] GC(224) User=0.00s Sys=0.00s Real=0.00s
[43.038s][info][gc,start       ] GC(225) Pause Full (System.gc())
[43.038s][info][gc,task        ] GC(225) Using 15 workers of 33 for full compaction
[43.039s][info][gc,phases,start] GC(225) Phase 1: Mark live objects
[43.078s][info][gc,phases      ] GC(225) Phase 1: Mark live objects 39.018ms
[43.078s][info][gc,phases,start] GC(225) Phase 2: Prepare compaction
[43.083s][info][gc,phases      ] GC(225) Phase 2: Prepare compaction 4.582ms
[43.083s][info][gc,phases,start] GC(225) Phase 3: Adjust pointers
[43.090s][info][gc,phases      ] GC(225) Phase 3: Adjust pointers 7.405ms
[43.090s][info][gc,phases,start] GC(225) Phase 4: Compact heap
[43.091s][info][gc,phases      ] GC(225) Phase 4: Compact heap 0.386ms
[43.099s][info][gc,heap        ] GC(225) Eden regions: 49->0(366)
[43.099s][info][gc,heap        ] GC(225) Survivor regions: 1->0(48)
[43.099s][info][gc,heap        ] GC(225) Old regions: 171->171
[43.099s][info][gc,heap        ] GC(225) Archive regions: 0->0
[43.099s][info][gc,heap        ] GC(225) Humongous regions: 17->12
[43.099s][info][gc,metaspace   ] GC(225) Metaspace: 60888K(61760K)->60888K(61760K) NonClass: 53317K(53760K)->53317K(53760K) Class: 7571K(8000K)->7571K(8000K)
[43.099s][info][gc             ] GC(225) Pause Full (System.gc()) 227M->174M(610M) 60.507ms
[43.099s][info][gc,cpu         ] GC(225) User=0.72s Sys=0.00s Real=0.06s
[43.275s][info][gc,start       ] GC(226) Pause Young (Normal) (G1 Evacuation Pause)
[43.275s][info][gc,task        ] GC(226) Using 14 workers of 33 for evacuation
[43.277s][info][gc,phases      ] GC(226)   Pre Evacuate Collection Set: 0.2ms
[43.277s][info][gc,phases      ] GC(226)   Merge Heap Roots: 0.1ms
[43.277s][info][gc,phases      ] GC(226)   Evacuate Collection Set: 0.5ms
[43.277s][info][gc,phases      ] GC(226)   Post Evacuate Collection Set: 0.7ms
[43.277s][info][gc,phases      ] GC(226)   Other: 0.2ms
[43.277s][info][gc,heap        ] GC(226) Eden regions: 366->0(365)
[43.277s][info][gc,heap        ] GC(226) Survivor regions: 0->1(46)
[43.277s][info][gc,heap        ] GC(226) Old regions: 171->171
[43.277s][info][gc,heap        ] GC(226) Archive regions: 0->0
[43.277s][info][gc,heap        ] GC(226) Humongous regions: 22->12
[43.277s][info][gc,metaspace   ] GC(226) Metaspace: 60906K(61824K)->60906K(61824K) NonClass: 53335K(53824K)->53335K(53824K) Class: 7571K(8000K)->7571K(8000K)
[43.277s][info][gc             ] GC(226) Pause Young (Normal) (G1 Evacuation Pause) 550M->174M(610M) 2.207ms
[43.278s][info][gc,cpu         ] GC(226) User=0.00s Sys=0.00s Real=0.00s
[43.395s][info][gc,start       ] GC(227) Pause Young (Normal) (G1 Evacuation Pause)
[43.395s][info][gc,task        ] GC(227) Using 14 workers of 33 for evacuation
[43.396s][info][gc,phases      ] GC(227)   Pre Evacuate Collection Set: 0.2ms
[43.396s][info][gc,phases      ] GC(227)   Merge Heap Roots: 0.1ms
[43.396s][info][gc,phases      ] GC(227)   Evacuate Collection Set: 0.4ms
[43.396s][info][gc,phases      ] GC(227)   Post Evacuate Collection Set: 0.6ms
[43.396s][info][gc,phases      ] GC(227)   Other: 0.2ms
[43.396s][info][gc,heap        ] GC(227) Eden regions: 365->0(365)
[43.396s][info][gc,heap        ] GC(227) Survivor regions: 1->1(46)
[43.396s][info][gc,heap        ] GC(227) Old regions: 171->171
[43.396s][info][gc,heap        ] GC(227) Archive regions: 0->0
[43.397s][info][gc,heap        ] GC(227) Humongous regions: 12->12
[43.397s][info][gc,metaspace   ] GC(227) Metaspace: 60906K(61824K)->60906K(61824K) NonClass: 53335K(53824K)->53335K(53824K) Class: 7571K(8000K)->7571K(8000K)
[43.397s][info][gc             ] GC(227) Pause Young (Normal) (G1 Evacuation Pause) 539M->174M(610M) 1.927ms
[43.397s][info][gc,cpu         ] GC(227) User=0.00s Sys=0.00s Real=0.00s
[43.514s][info][gc,start       ] GC(228) Pause Young (Normal) (G1 Evacuation Pause)
[43.514s][info][gc,task        ] GC(228) Using 14 workers of 33 for evacuation
[43.516s][info][gc,phases      ] GC(228)   Pre Evacuate Collection Set: 0.1ms
[43.516s][info][gc,phases      ] GC(228)   Merge Heap Roots: 0.1ms
[43.516s][info][gc,phases      ] GC(228)   Evacuate Collection Set: 0.4ms
[43.516s][info][gc,phases      ] GC(228)   Post Evacuate Collection Set: 0.6ms
[43.516s][info][gc,phases      ] GC(228)   Other: 0.2ms
[43.516s][info][gc,heap        ] GC(228) Eden regions: 365->0(365)
[43.516s][info][gc,heap        ] GC(228) Survivor regions: 1->1(46)
[43.516s][info][gc,heap        ] GC(228) Old regions: 171->171
[43.516s][info][gc,heap        ] GC(228) Archive regions: 0->0
[43.516s][info][gc,heap        ] GC(228) Humongous regions: 12->12
[43.516s][info][gc,metaspace   ] GC(228) Metaspace: 60906K(61824K)->60906K(61824K) NonClass: 53335K(53824K)->53335K(53824K) Class: 7571K(8000K)->7571K(8000K)
[43.516s][info][gc             ] GC(228) Pause Young (Normal) (G1 Evacuation Pause) 539M->174M(610M) 1.921ms
[43.516s][info][gc,cpu         ] GC(228) User=0.00s Sys=0.00s Real=0.00s
[43.634s][info][gc,start       ] GC(229) Pause Young (Normal) (G1 Evacuation Pause)
[43.634s][info][gc,task        ] GC(229) Using 14 workers of 33 for evacuation
[43.636s][info][gc,phases      ] GC(229)   Pre Evacuate Collection Set: 0.1ms
[43.636s][info][gc,phases      ] GC(229)   Merge Heap Roots: 0.1ms
[43.636s][info][gc,phases      ] GC(229)   Evacuate Collection Set: 0.4ms
[43.636s][info][gc,phases      ] GC(229)   Post Evacuate Collection Set: 0.6ms
[43.636s][info][gc,phases      ] GC(229)   Other: 0.2ms
[43.636s][info][gc,heap        ] GC(229) Eden regions: 365->0(365)
[43.636s][info][gc,heap        ] GC(229) Survivor regions: 1->1(46)
[43.636s][info][gc,heap        ] GC(229) Old regions: 171->171
[43.636s][info][gc,heap        ] GC(229) Archive regions: 0->0
[43.636s][info][gc,heap        ] GC(229) Humongous regions: 12->12
[43.636s][info][gc,metaspace   ] GC(229) Metaspace: 60906K(61824K)->60906K(61824K) NonClass: 53335K(53824K)->53335K(53824K) Class: 7571K(8000K)->7571K(8000K)
[43.636s][info][gc             ] GC(229) Pause Young (Normal) (G1 Evacuation Pause) 539M->174M(610M) 1.936ms
[43.636s][info][gc,cpu         ] GC(229) User=0.02s Sys=0.00s Real=0.02s
[43.761s][info][gc,start       ] GC(230) Pause Young (Normal) (G1 Evacuation Pause)
[43.761s][info][gc,task        ] GC(230) Using 14 workers of 33 for evacuation
[43.763s][info][gc,phases      ] GC(230)   Pre Evacuate Collection Set: 0.1ms
[43.763s][info][gc,phases      ] GC(230)   Merge Heap Roots: 0.1ms
[43.763s][info][gc,phases      ] GC(230)   Evacuate Collection Set: 0.4ms
[43.763s][info][gc,phases      ] GC(230)   Post Evacuate Collection Set: 0.7ms
[43.763s][info][gc,phases      ] GC(230)   Other: 0.2ms
[43.763s][info][gc,heap        ] GC(230) Eden regions: 365->0(365)
[43.763s][info][gc,heap        ] GC(230) Survivor regions: 1->1(46)
[43.763s][info][gc,heap        ] GC(230) Old regions: 171->171
[43.763s][info][gc,heap        ] GC(230) Archive regions: 0->0
[43.763s][info][gc,heap        ] GC(230) Humongous regions: 12->12
[43.763s][info][gc,metaspace   ] GC(230) Metaspace: 60906K(61824K)->60906K(61824K) NonClass: 53335K(53824K)->53335K(53824K) Class: 7571K(8000K)->7571K(8000K)
[43.763s][info][gc             ] GC(230) Pause Young (Normal) (G1 Evacuation Pause) 539M->174M(610M) 1.940ms
[43.763s][info][gc,cpu         ] GC(230) User=0.00s Sys=0.00s Real=0.00s
[43.841s][info][gc,start       ] GC(231) Pause Full (System.gc())
[43.841s][info][gc,task        ] GC(231) Using 14 workers of 33 for full compaction
[43.842s][info][gc,phases,start] GC(231) Phase 1: Mark live objects
[43.877s][info][gc,phases      ] GC(231) Phase 1: Mark live objects 35.722ms
[43.877s][info][gc,phases,start] GC(231) Phase 2: Prepare compaction
[43.882s][info][gc,phases      ] GC(231) Phase 2: Prepare compaction 4.625ms
[43.882s][info][gc,phases,start] GC(231) Phase 3: Adjust pointers
[43.890s][info][gc,phases      ] GC(231) Phase 3: Adjust pointers 7.871ms
[43.890s][info][gc,phases,start] GC(231) Phase 4: Compact heap
[43.890s][info][gc,phases      ] GC(231) Phase 4: Compact heap 0.451ms
[43.898s][info][gc,heap        ] GC(231) Eden regions: 101->0(366)
[43.898s][info][gc,heap        ] GC(231) Survivor regions: 1->0(46)
[43.898s][info][gc,heap        ] GC(231) Old regions: 171->172
[43.898s][info][gc,heap        ] GC(231) Archive regions: 0->0
[43.898s][info][gc,heap        ] GC(231) Humongous regions: 17->12
[43.898s][info][gc,metaspace   ] GC(231) Metaspace: 60910K(61824K)->60910K(61824K) NonClass: 53338K(53824K)->53338K(53824K) Class: 7571K(8000K)->7571K(8000K)
[43.898s][info][gc             ] GC(231) Pause Full (System.gc()) 279M->174M(610M) 57.595ms
[43.898s][info][gc,cpu         ] GC(231) User=0.66s Sys=0.00s Real=0.05s
[44.070s][info][gc,start       ] GC(232) Pause Young (Normal) (G1 Evacuation Pause)
[44.070s][info][gc,task        ] GC(232) Using 14 workers of 33 for evacuation
[44.072s][info][gc,phases      ] GC(232)   Pre Evacuate Collection Set: 0.2ms
[44.072s][info][gc,phases      ] GC(232)   Merge Heap Roots: 0.1ms
[44.072s][info][gc,phases      ] GC(232)   Evacuate Collection Set: 0.5ms
[44.072s][info][gc,phases      ] GC(232)   Post Evacuate Collection Set: 0.7ms
[44.072s][info][gc,phases      ] GC(232)   Other: 0.2ms
[44.072s][info][gc,heap        ] GC(232) Eden regions: 366->0(365)
[44.072s][info][gc,heap        ] GC(232) Survivor regions: 0->1(46)
[44.072s][info][gc,heap        ] GC(232) Old regions: 172->172
[44.072s][info][gc,heap        ] GC(232) Archive regions: 0->0
[44.072s][info][gc,heap        ] GC(232) Humongous regions: 22->12
[44.072s][info][gc,metaspace   ] GC(232) Metaspace: 60913K(61824K)->60913K(61824K) NonClass: 53342K(53824K)->53342K(53824K) Class: 7571K(8000K)->7571K(8000K)
[44.072s][info][gc             ] GC(232) Pause Young (Normal) (G1 Evacuation Pause) 550M->174M(610M) 2.268ms
[44.072s][info][gc,cpu         ] GC(232) User=0.00s Sys=0.00s Real=0.00s
[44.212s][info][gc,start       ] GC(233) Pause Young (Normal) (G1 Evacuation Pause)
[44.213s][info][gc,task        ] GC(233) Using 14 workers of 33 for evacuation
[44.214s][info][gc,phases      ] GC(233)   Pre Evacuate Collection Set: 0.2ms
[44.214s][info][gc,phases      ] GC(233)   Merge Heap Roots: 0.1ms
[44.214s][info][gc,phases      ] GC(233)   Evacuate Collection Set: 0.4ms
[44.214s][info][gc,phases      ] GC(233)   Post Evacuate Collection Set: 0.7ms
[44.214s][info][gc,phases      ] GC(233)   Other: 0.2ms
[44.214s][info][gc,heap        ] GC(233) Eden regions: 365->0(365)
[44.214s][info][gc,heap        ] GC(233) Survivor regions: 1->1(46)
[44.214s][info][gc,heap        ] GC(233) Old regions: 172->172
[44.214s][info][gc,heap        ] GC(233) Archive regions: 0->0
[44.214s][info][gc,heap        ] GC(233) Humongous regions: 12->12
[44.214s][info][gc,metaspace   ] GC(233) Metaspace: 60913K(61824K)->60913K(61824K) NonClass: 53342K(53824K)->53342K(53824K) Class: 7571K(8000K)->7571K(8000K)
[44.215s][info][gc             ] GC(233) Pause Young (Normal) (G1 Evacuation Pause) 539M->174M(610M) 2.070ms
[44.215s][info][gc,cpu         ] GC(233) User=0.00s Sys=0.00s Real=0.00s
[44.334s][info][gc,start       ] GC(234) Pause Young (Normal) (G1 Evacuation Pause)
[44.334s][info][gc,task        ] GC(234) Using 14 workers of 33 for evacuation
[44.335s][info][gc,phases      ] GC(234)   Pre Evacuate Collection Set: 0.1ms
[44.335s][info][gc,phases      ] GC(234)   Merge Heap Roots: 0.1ms
[44.335s][info][gc,phases      ] GC(234)   Evacuate Collection Set: 0.4ms
[44.335s][info][gc,phases      ] GC(234)   Post Evacuate Collection Set: 0.7ms
[44.335s][info][gc,phases      ] GC(234)   Other: 0.2ms
[44.335s][info][gc,heap        ] GC(234) Eden regions: 365->0(365)
[44.335s][info][gc,heap        ] GC(234) Survivor regions: 1->1(46)
[44.335s][info][gc,heap        ] GC(234) Old regions: 172->172
[44.335s][info][gc,heap        ] GC(234) Archive regions: 0->0
[44.335s][info][gc,heap        ] GC(234) Humongous regions: 12->12
[44.335s][info][gc,metaspace   ] GC(234) Metaspace: 60913K(61824K)->60913K(61824K) NonClass: 53342K(53824K)->53342K(53824K) Class: 7571K(8000K)->7571K(8000K)
[44.335s][info][gc             ] GC(234) Pause Young (Normal) (G1 Evacuation Pause) 539M->174M(610M) 1.944ms
[44.336s][info][gc,cpu         ] GC(234) User=0.00s Sys=0.00s Real=0.00s
[44.457s][info][gc,start       ] GC(235) Pause Young (Normal) (G1 Evacuation Pause)
[44.457s][info][gc,task        ] GC(235) Using 14 workers of 33 for evacuation
[44.459s][info][gc,phases      ] GC(235)   Pre Evacuate Collection Set: 0.1ms
[44.459s][info][gc,phases      ] GC(235)   Merge Heap Roots: 0.1ms
[44.459s][info][gc,phases      ] GC(235)   Evacuate Collection Set: 0.4ms
[44.459s][info][gc,phases      ] GC(235)   Post Evacuate Collection Set: 0.6ms
[44.459s][info][gc,phases      ] GC(235)   Other: 0.2ms
[44.459s][info][gc,heap        ] GC(235) Eden regions: 365->0(365)
[44.459s][info][gc,heap        ] GC(235) Survivor regions: 1->1(46)
[44.459s][info][gc,heap        ] GC(235) Old regions: 172->172
[44.459s][info][gc,heap        ] GC(235) Archive regions: 0->0
[44.459s][info][gc,heap        ] GC(235) Humongous regions: 12->12
[44.459s][info][gc,metaspace   ] GC(235) Metaspace: 60913K(61824K)->60913K(61824K) NonClass: 53342K(53824K)->53342K(53824K) Class: 7571K(8000K)->7571K(8000K)
[44.459s][info][gc             ] GC(235) Pause Young (Normal) (G1 Evacuation Pause) 539M->174M(610M) 1.888ms
[44.459s][info][gc,cpu         ] GC(235) User=0.00s Sys=0.00s Real=0.00s
[44.586s][info][gc,start       ] GC(236) Pause Young (Normal) (G1 Evacuation Pause)
[44.586s][info][gc,task        ] GC(236) Using 14 workers of 33 for evacuation
[44.587s][info][gc,phases      ] GC(236)   Pre Evacuate Collection Set: 0.1ms
[44.587s][info][gc,phases      ] GC(236)   Merge Heap Roots: 0.1ms
[44.587s][info][gc,phases      ] GC(236)   Evacuate Collection Set: 0.4ms
[44.587s][info][gc,phases      ] GC(236)   Post Evacuate Collection Set: 0.6ms
[44.587s][info][gc,phases      ] GC(236)   Other: 0.2ms
[44.588s][info][gc,heap        ] GC(236) Eden regions: 365->0(365)
[44.588s][info][gc,heap        ] GC(236) Survivor regions: 1->1(46)
[44.588s][info][gc,heap        ] GC(236) Old regions: 172->172
[44.588s][info][gc,heap        ] GC(236) Archive regions: 0->0
[44.588s][info][gc,heap        ] GC(236) Humongous regions: 12->12
[44.588s][info][gc,metaspace   ] GC(236) Metaspace: 60913K(61824K)->60913K(61824K) NonClass: 53342K(53824K)->53342K(53824K) Class: 7571K(8000K)->7571K(8000K)
[44.588s][info][gc             ] GC(236) Pause Young (Normal) (G1 Evacuation Pause) 539M->174M(610M) 1.932ms
[44.588s][info][gc,cpu         ] GC(236) User=0.00s Sys=0.00s Real=0.00s
[44.669s][info][gc,start       ] GC(237) Pause Full (System.gc())
[44.669s][info][gc,task        ] GC(237) Using 14 workers of 33 for full compaction
[44.669s][info][gc,phases,start] GC(237) Phase 1: Mark live objects
[44.707s][info][gc,phases      ] GC(237) Phase 1: Mark live objects 37.341ms
[44.707s][info][gc,phases,start] GC(237) Phase 2: Prepare compaction
[44.712s][info][gc,phases      ] GC(237) Phase 2: Prepare compaction 4.760ms
[44.712s][info][gc,phases,start] GC(237) Phase 3: Adjust pointers
[44.719s][info][gc,phases      ] GC(237) Phase 3: Adjust pointers 7.633ms
[44.719s][info][gc,phases,start] GC(237) Phase 4: Compact heap
[44.720s][info][gc,phases      ] GC(237) Phase 4: Compact heap 0.414ms
[44.727s][info][gc,heap        ] GC(237) Eden regions: 100->0(366)
[44.727s][info][gc,heap        ] GC(237) Survivor regions: 1->0(46)
[44.727s][info][gc,heap        ] GC(237) Old regions: 172->172
[44.727s][info][gc,heap        ] GC(237) Archive regions: 0->0
[44.727s][info][gc,heap        ] GC(237) Humongous regions: 17->12
[44.727s][info][gc,metaspace   ] GC(237) Metaspace: 60925K(61824K)->60925K(61824K) NonClass: 53354K(53824K)->53354K(53824K) Class: 7571K(8000K)->7571K(8000K)
[44.727s][info][gc             ] GC(237) Pause Full (System.gc()) 279M->174M(610M) 58.275ms
[44.727s][info][gc,cpu         ] GC(237) User=0.89s Sys=0.00s Real=0.07s
[44.902s][info][gc,start       ] GC(238) Pause Young (Normal) (G1 Evacuation Pause)
[44.902s][info][gc,task        ] GC(238) Using 14 workers of 33 for evacuation
[44.904s][info][gc,phases      ] GC(238)   Pre Evacuate Collection Set: 0.2ms
[44.904s][info][gc,phases      ] GC(238)   Merge Heap Roots: 0.1ms
[44.904s][info][gc,phases      ] GC(238)   Evacuate Collection Set: 0.5ms
[44.904s][info][gc,phases      ] GC(238)   Post Evacuate Collection Set: 0.9ms
[44.904s][info][gc,phases      ] GC(238)   Other: 0.2ms
[44.904s][info][gc,heap        ] GC(238) Eden regions: 366->0(375)
[44.904s][info][gc,heap        ] GC(238) Survivor regions: 0->1(46)
[44.904s][info][gc,heap        ] GC(238) Old regions: 172->172
[44.904s][info][gc,heap        ] GC(238) Archive regions: 0->0
[44.904s][info][gc,heap        ] GC(238) Humongous regions: 22->12
[44.904s][info][gc,metaspace   ] GC(238) Metaspace: 60960K(61888K)->60960K(61888K) NonClass: 53389K(53888K)->53389K(53888K) Class: 7571K(8000K)->7571K(8000K)
[44.904s][info][gc             ] GC(238) Pause Young (Normal) (G1 Evacuation Pause) 550M->174M(628M) 2.384ms
[44.904s][info][gc,cpu         ] GC(238) User=0.00s Sys=0.00s Real=0.00s
[45.044s][info][gc,start       ] GC(239) Pause Young (Normal) (G1 Evacuation Pause)
[45.044s][info][gc,task        ] GC(239) Using 15 workers of 33 for evacuation
[45.046s][info][gc,phases      ] GC(239)   Pre Evacuate Collection Set: 0.2ms
[45.046s][info][gc,phases      ] GC(239)   Merge Heap Roots: 0.1ms
[45.046s][info][gc,phases      ] GC(239)   Evacuate Collection Set: 0.5ms
[45.046s][info][gc,phases      ] GC(239)   Post Evacuate Collection Set: 0.7ms
[45.046s][info][gc,phases      ] GC(239)   Other: 0.2ms
[45.046s][info][gc,heap        ] GC(239) Eden regions: 375->0(375)
[45.046s][info][gc,heap        ] GC(239) Survivor regions: 1->1(47)
[45.046s][info][gc,heap        ] GC(239) Old regions: 172->172
[45.046s][info][gc,heap        ] GC(239) Archive regions: 0->0
[45.046s][info][gc,heap        ] GC(239) Humongous regions: 12->12
[45.046s][info][gc,metaspace   ] GC(239) Metaspace: 60960K(61888K)->60960K(61888K) NonClass: 53389K(53888K)->53389K(53888K) Class: 7571K(8000K)->7571K(8000K)
[45.046s][info][gc             ] GC(239) Pause Young (Normal) (G1 Evacuation Pause) 549M->174M(628M) 2.079ms
[45.046s][info][gc,cpu         ] GC(239) User=0.00s Sys=0.00s Real=0.00s
[45.167s][info][gc,start       ] GC(240) Pause Young (Normal) (G1 Evacuation Pause)
[45.167s][info][gc,task        ] GC(240) Using 15 workers of 33 for evacuation
[45.168s][info][gc,phases      ] GC(240)   Pre Evacuate Collection Set: 0.2ms
[45.168s][info][gc,phases      ] GC(240)   Merge Heap Roots: 0.1ms
[45.168s][info][gc,phases      ] GC(240)   Evacuate Collection Set: 0.4ms
[45.169s][info][gc,phases      ] GC(240)   Post Evacuate Collection Set: 0.7ms
[45.169s][info][gc,phases      ] GC(240)   Other: 0.2ms
[45.169s][info][gc,heap        ] GC(240) Eden regions: 375->0(375)
[45.169s][info][gc,heap        ] GC(240) Survivor regions: 1->1(47)
[45.169s][info][gc,heap        ] GC(240) Old regions: 172->172
[45.169s][info][gc,heap        ] GC(240) Archive regions: 0->0
[45.169s][info][gc,heap        ] GC(240) Humongous regions: 12->12
[45.169s][info][gc,metaspace   ] GC(240) Metaspace: 60960K(61888K)->60960K(61888K) NonClass: 53389K(53888K)->53389K(53888K) Class: 7571K(8000K)->7571K(8000K)
[45.169s][info][gc             ] GC(240) Pause Young (Normal) (G1 Evacuation Pause) 549M->174M(628M) 2.022ms
[45.169s][info][gc,cpu         ] GC(240) User=0.00s Sys=0.00s Real=0.00s
[45.289s][info][gc,start       ] GC(241) Pause Young (Normal) (G1 Evacuation Pause)
[45.290s][info][gc,task        ] GC(241) Using 15 workers of 33 for evacuation
[45.291s][info][gc,phases      ] GC(241)   Pre Evacuate Collection Set: 0.1ms
[45.291s][info][gc,phases      ] GC(241)   Merge Heap Roots: 0.1ms
[45.291s][info][gc,phases      ] GC(241)   Evacuate Collection Set: 0.5ms
[45.291s][info][gc,phases      ] GC(241)   Post Evacuate Collection Set: 0.7ms
[45.291s][info][gc,phases      ] GC(241)   Other: 0.2ms
[45.291s][info][gc,heap        ] GC(241) Eden regions: 375->0(375)
[45.291s][info][gc,heap        ] GC(241) Survivor regions: 1->1(47)
[45.291s][info][gc,heap        ] GC(241) Old regions: 172->172
[45.291s][info][gc,heap        ] GC(241) Archive regions: 0->0
[45.291s][info][gc,heap        ] GC(241) Humongous regions: 12->12
[45.292s][info][gc,metaspace   ] GC(241) Metaspace: 60960K(61888K)->60960K(61888K) NonClass: 53389K(53888K)->53389K(53888K) Class: 7571K(8000K)->7571K(8000K)
[45.292s][info][gc             ] GC(241) Pause Young (Normal) (G1 Evacuation Pause) 549M->174M(628M) 2.082ms
[45.292s][info][gc,cpu         ] GC(241) User=0.00s Sys=0.00s Real=0.00s
[45.420s][info][gc,start       ] GC(242) Pause Young (Normal) (G1 Evacuation Pause)
[45.420s][info][gc,task        ] GC(242) Using 15 workers of 33 for evacuation
[45.421s][info][gc,phases      ] GC(242)   Pre Evacuate Collection Set: 0.2ms
[45.421s][info][gc,phases      ] GC(242)   Merge Heap Roots: 0.1ms
[45.421s][info][gc,phases      ] GC(242)   Evacuate Collection Set: 0.4ms
[45.421s][info][gc,phases      ] GC(242)   Post Evacuate Collection Set: 0.7ms
[45.422s][info][gc,phases      ] GC(242)   Other: 0.2ms
[45.422s][info][gc,heap        ] GC(242) Eden regions: 375->0(375)
[45.422s][info][gc,heap        ] GC(242) Survivor regions: 1->1(47)
[45.422s][info][gc,heap        ] GC(242) Old regions: 172->172
[45.422s][info][gc,heap        ] GC(242) Archive regions: 0->0
[45.422s][info][gc,heap        ] GC(242) Humongous regions: 12->12
[45.422s][info][gc,metaspace   ] GC(242) Metaspace: 60960K(61888K)->60960K(61888K) NonClass: 53389K(53888K)->53389K(53888K) Class: 7571K(8000K)->7571K(8000K)
[45.422s][info][gc             ] GC(242) Pause Young (Normal) (G1 Evacuation Pause) 549M->174M(628M) 2.016ms
[45.422s][info][gc,cpu         ] GC(242) User=0.14s Sys=0.00s Real=0.02s
[45.487s][info][gc,start       ] GC(243) Pause Full (System.gc())
[45.487s][info][gc,task        ] GC(243) Using 15 workers of 33 for full compaction
[45.488s][info][gc,phases,start] GC(243) Phase 1: Mark live objects
[45.529s][info][gc,phases      ] GC(243) Phase 1: Mark live objects 41.647ms
[45.529s][info][gc,phases,start] GC(243) Phase 2: Prepare compaction
[45.534s][info][gc,phases      ] GC(243) Phase 2: Prepare compaction 4.587ms
[45.534s][info][gc,phases,start] GC(243) Phase 3: Adjust pointers
[45.542s][info][gc,phases      ] GC(243) Phase 3: Adjust pointers 7.631ms
[45.542s][info][gc,phases,start] GC(243) Phase 4: Compact heap
[45.542s][info][gc,phases      ] GC(243) Phase 4: Compact heap 0.368ms
[45.550s][info][gc,heap        ] GC(243) Eden regions: 61->0(370)
[45.551s][info][gc,heap        ] GC(243) Survivor regions: 1->0(47)
[45.551s][info][gc,heap        ] GC(243) Old regions: 172->173
[45.551s][info][gc,heap        ] GC(243) Archive regions: 0->0
[45.551s][info][gc,heap        ] GC(243) Humongous regions: 17->12
[45.551s][info][gc,metaspace   ] GC(243) Metaspace: 60983K(61888K)->60983K(61888K) NonClass: 53412K(53888K)->53412K(53888K) Class: 7571K(8000K)->7571K(8000K)
[45.551s][info][gc             ] GC(243) Pause Full (System.gc()) 240M->174M(617M) 63.723ms
[45.551s][info][gc,cpu         ] GC(243) User=0.72s Sys=0.00s Real=0.06s
[45.727s][info][gc,start       ] GC(244) Pause Young (Normal) (G1 Evacuation Pause)
[45.727s][info][gc,task        ] GC(244) Using 14 workers of 33 for evacuation
[45.729s][info][gc,phases      ] GC(244)   Pre Evacuate Collection Set: 0.2ms
[45.729s][info][gc,phases      ] GC(244)   Merge Heap Roots: 0.1ms
[45.729s][info][gc,phases      ] GC(244)   Evacuate Collection Set: 0.5ms
[45.729s][info][gc,phases      ] GC(244)   Post Evacuate Collection Set: 0.7ms
[45.729s][info][gc,phases      ] GC(244)   Other: 0.2ms
[45.729s][info][gc,heap        ] GC(244) Eden regions: 370->0(369)
[45.729s][info][gc,heap        ] GC(244) Survivor regions: 0->1(47)
[45.729s][info][gc,heap        ] GC(244) Old regions: 173->173
[45.729s][info][gc,heap        ] GC(244) Archive regions: 0->0
[45.729s][info][gc,heap        ] GC(244) Humongous regions: 22->12
[45.729s][info][gc,metaspace   ] GC(244) Metaspace: 60985K(61952K)->60985K(61952K) NonClass: 53414K(53952K)->53414K(53952K) Class: 7571K(8000K)->7571K(8000K)
[45.729s][info][gc             ] GC(244) Pause Young (Normal) (G1 Evacuation Pause) 554M->174M(617M) 2.191ms
[45.729s][info][gc,cpu         ] GC(244) User=0.00s Sys=0.00s Real=0.00s
[45.857s][info][gc,start       ] GC(245) Pause Young (Normal) (G1 Evacuation Pause)
[45.857s][info][gc,task        ] GC(245) Using 14 workers of 33 for evacuation
[45.858s][info][gc,phases      ] GC(245)   Pre Evacuate Collection Set: 0.2ms
[45.858s][info][gc,phases      ] GC(245)   Merge Heap Roots: 0.1ms
[45.859s][info][gc,phases      ] GC(245)   Evacuate Collection Set: 0.5ms
[45.859s][info][gc,phases      ] GC(245)   Post Evacuate Collection Set: 0.7ms
[45.859s][info][gc,phases      ] GC(245)   Other: 0.2ms
[45.859s][info][gc,heap        ] GC(245) Eden regions: 369->0(369)
[45.859s][info][gc,heap        ] GC(245) Survivor regions: 1->1(47)
[45.859s][info][gc,heap        ] GC(245) Old regions: 173->173
[45.859s][info][gc,heap        ] GC(245) Archive regions: 0->0
[45.859s][info][gc,heap        ] GC(245) Humongous regions: 12->12
[45.859s][info][gc,metaspace   ] GC(245) Metaspace: 60985K(61952K)->60985K(61952K) NonClass: 53414K(53952K)->53414K(53952K) Class: 7571K(8000K)->7571K(8000K)
[45.859s][info][gc             ] GC(245) Pause Young (Normal) (G1 Evacuation Pause) 543M->174M(617M) 2.046ms
[45.859s][info][gc,cpu         ] GC(245) User=0.02s Sys=0.00s Real=0.02s
[45.985s][info][gc,start       ] GC(246) Pause Young (Normal) (G1 Evacuation Pause)
[45.985s][info][gc,task        ] GC(246) Using 14 workers of 33 for evacuation
[45.987s][info][gc,phases      ] GC(246)   Pre Evacuate Collection Set: 0.1ms
[45.987s][info][gc,phases      ] GC(246)   Merge Heap Roots: 0.1ms
[45.987s][info][gc,phases      ] GC(246)   Evacuate Collection Set: 0.4ms
[45.987s][info][gc,phases      ] GC(246)   Post Evacuate Collection Set: 0.6ms
[45.987s][info][gc,phases      ] GC(246)   Other: 0.2ms
[45.987s][info][gc,heap        ] GC(246) Eden regions: 369->0(369)
[45.987s][info][gc,heap        ] GC(246) Survivor regions: 1->1(47)
[45.987s][info][gc,heap        ] GC(246) Old regions: 173->173
[45.987s][info][gc,heap        ] GC(246) Archive regions: 0->0
[45.987s][info][gc,heap        ] GC(246) Humongous regions: 12->12
[45.987s][info][gc,metaspace   ] GC(246) Metaspace: 60985K(61952K)->60985K(61952K) NonClass: 53414K(53952K)->53414K(53952K) Class: 7571K(8000K)->7571K(8000K)
[45.987s][info][gc             ] GC(246) Pause Young (Normal) (G1 Evacuation Pause) 543M->174M(617M) 1.921ms
[45.987s][info][gc,cpu         ] GC(246) User=0.00s Sys=0.00s Real=0.00s
[46.107s][info][gc,start       ] GC(247) Pause Young (Normal) (G1 Evacuation Pause)
[46.107s][info][gc,task        ] GC(247) Using 14 workers of 33 for evacuation
[46.109s][info][gc,phases      ] GC(247)   Pre Evacuate Collection Set: 0.1ms
[46.109s][info][gc,phases      ] GC(247)   Merge Heap Roots: 0.1ms
[46.109s][info][gc,phases      ] GC(247)   Evacuate Collection Set: 0.4ms
[46.109s][info][gc,phases      ] GC(247)   Post Evacuate Collection Set: 0.7ms
[46.109s][info][gc,phases      ] GC(247)   Other: 0.2ms
[46.109s][info][gc,heap        ] GC(247) Eden regions: 369->0(369)
[46.109s][info][gc,heap        ] GC(247) Survivor regions: 1->1(47)
[46.109s][info][gc,heap        ] GC(247) Old regions: 173->173
[46.109s][info][gc,heap        ] GC(247) Archive regions: 0->0
[46.109s][info][gc,heap        ] GC(247) Humongous regions: 12->12
[46.109s][info][gc,metaspace   ] GC(247) Metaspace: 60985K(61952K)->60985K(61952K) NonClass: 53414K(53952K)->53414K(53952K) Class: 7571K(8000K)->7571K(8000K)
[46.109s][info][gc             ] GC(247) Pause Young (Normal) (G1 Evacuation Pause) 543M->174M(617M) 1.992ms
[46.109s][info][gc,cpu         ] GC(247) User=0.00s Sys=0.00s Real=0.00s
[46.236s][info][gc,start       ] GC(248) Pause Young (Normal) (G1 Evacuation Pause)
[46.237s][info][gc,task        ] GC(248) Using 14 workers of 33 for evacuation
[46.238s][info][gc,phases      ] GC(248)   Pre Evacuate Collection Set: 0.1ms
[46.238s][info][gc,phases      ] GC(248)   Merge Heap Roots: 0.1ms
[46.238s][info][gc,phases      ] GC(248)   Evacuate Collection Set: 0.4ms
[46.238s][info][gc,phases      ] GC(248)   Post Evacuate Collection Set: 0.7ms
[46.238s][info][gc,phases      ] GC(248)   Other: 0.2ms
[46.238s][info][gc,heap        ] GC(248) Eden regions: 369->0(369)
[46.238s][info][gc,heap        ] GC(248) Survivor regions: 1->1(47)
[46.238s][info][gc,heap        ] GC(248) Old regions: 173->173
[46.238s][info][gc,heap        ] GC(248) Archive regions: 0->0
[46.238s][info][gc,heap        ] GC(248) Humongous regions: 12->12
[46.238s][info][gc,metaspace   ] GC(248) Metaspace: 60985K(61952K)->60985K(61952K) NonClass: 53414K(53952K)->53414K(53952K) Class: 7571K(8000K)->7571K(8000K)
[46.238s][info][gc             ] GC(248) Pause Young (Normal) (G1 Evacuation Pause) 543M->174M(617M) 1.998ms
[46.238s][info][gc,cpu         ] GC(248) User=0.00s Sys=0.00s Real=0.00s
[46.299s][info][gc,start       ] GC(249) Pause Full (System.gc())
[46.299s][info][gc,task        ] GC(249) Using 14 workers of 33 for full compaction
[46.300s][info][gc,phases,start] GC(249) Phase 1: Mark live objects
[46.340s][info][gc,phases      ] GC(249) Phase 1: Mark live objects 40.402ms
[46.340s][info][gc,phases,start] GC(249) Phase 2: Prepare compaction
[46.345s][info][gc,phases      ] GC(249) Phase 2: Prepare compaction 4.628ms
[46.345s][info][gc,phases,start] GC(249) Phase 3: Adjust pointers
[46.354s][info][gc,phases      ] GC(249) Phase 3: Adjust pointers 9.143ms
[46.354s][info][gc,phases,start] GC(249) Phase 4: Compact heap
[46.354s][info][gc,phases      ] GC(249) Phase 4: Compact heap 0.417ms
[46.364s][info][gc,heap        ] GC(249) Eden regions: 80->0(368)
[46.364s][info][gc,heap        ] GC(249) Survivor regions: 1->0(47)
[46.364s][info][gc,heap        ] GC(249) Old regions: 173->172
[46.364s][info][gc,heap        ] GC(249) Archive regions: 0->0
[46.364s][info][gc,heap        ] GC(249) Humongous regions: 17->12
[46.364s][info][gc,metaspace   ] GC(249) Metaspace: 60996K(61952K)->60996K(61952K) NonClass: 53424K(53952K)->53424K(53952K) Class: 7571K(8000K)->7571K(8000K)
[46.364s][info][gc             ] GC(249) Pause Full (System.gc()) 259M->174M(614M) 64.923ms
[46.364s][info][gc,cpu         ] GC(249) User=0.67s Sys=0.00s Real=0.06s
[46.541s][info][gc,start       ] GC(250) Pause Young (Normal) (G1 Evacuation Pause)
[46.541s][info][gc,task        ] GC(250) Using 14 workers of 33 for evacuation
[46.542s][info][gc,phases      ] GC(250)   Pre Evacuate Collection Set: 0.2ms
[46.543s][info][gc,phases      ] GC(250)   Merge Heap Roots: 0.2ms
[46.543s][info][gc,phases      ] GC(250)   Evacuate Collection Set: 0.5ms
[46.543s][info][gc,phases      ] GC(250)   Post Evacuate Collection Set: 0.7ms
[46.543s][info][gc,phases      ] GC(250)   Other: 0.2ms
[46.543s][info][gc,heap        ] GC(250) Eden regions: 368->0(367)
[46.543s][info][gc,heap        ] GC(250) Survivor regions: 0->1(46)
[46.543s][info][gc,heap        ] GC(250) Old regions: 172->172
[46.543s][info][gc,heap        ] GC(250) Archive regions: 0->0
[46.543s][info][gc,heap        ] GC(250) Humongous regions: 22->12
[46.543s][info][gc,metaspace   ] GC(250) Metaspace: 61034K(61952K)->61034K(61952K) NonClass: 53462K(53952K)->53462K(53952K) Class: 7572K(8000K)->7572K(8000K)
[46.543s][info][gc             ] GC(250) Pause Young (Normal) (G1 Evacuation Pause) 552M->174M(614M) 2.254ms
[46.543s][info][gc,cpu         ] GC(250) User=0.00s Sys=0.00s Real=0.00s
[46.670s][info][gc,start       ] GC(251) Pause Young (Normal) (G1 Evacuation Pause)
[46.670s][info][gc,task        ] GC(251) Using 14 workers of 33 for evacuation
[46.672s][info][gc,phases      ] GC(251)   Pre Evacuate Collection Set: 0.2ms
[46.672s][info][gc,phases      ] GC(251)   Merge Heap Roots: 0.1ms
[46.672s][info][gc,phases      ] GC(251)   Evacuate Collection Set: 0.5ms
[46.672s][info][gc,phases      ] GC(251)   Post Evacuate Collection Set: 0.7ms
[46.672s][info][gc,phases      ] GC(251)   Other: 0.2ms
[46.672s][info][gc,heap        ] GC(251) Eden regions: 367->0(367)
[46.672s][info][gc,heap        ] GC(251) Survivor regions: 1->1(46)
[46.672s][info][gc,heap        ] GC(251) Old regions: 172->172
[46.672s][info][gc,heap        ] GC(251) Archive regions: 0->0
[46.672s][info][gc,heap        ] GC(251) Humongous regions: 12->12
[46.672s][info][gc,metaspace   ] GC(251) Metaspace: 61034K(61952K)->61034K(61952K) NonClass: 53462K(53952K)->53462K(53952K) Class: 7572K(8000K)->7572K(8000K)
[46.672s][info][gc             ] GC(251) Pause Young (Normal) (G1 Evacuation Pause) 541M->174M(614M) 2.111ms
[46.672s][info][gc,cpu         ] GC(251) User=0.00s Sys=0.00s Real=0.00s
[46.788s][info][gc,start       ] GC(252) Pause Young (Normal) (G1 Evacuation Pause)
[46.788s][info][gc,task        ] GC(252) Using 14 workers of 33 for evacuation
[46.790s][info][gc,phases      ] GC(252)   Pre Evacuate Collection Set: 0.1ms
[46.790s][info][gc,phases      ] GC(252)   Merge Heap Roots: 0.1ms
[46.790s][info][gc,phases      ] GC(252)   Evacuate Collection Set: 0.4ms
[46.790s][info][gc,phases      ] GC(252)   Post Evacuate Collection Set: 0.6ms
[46.790s][info][gc,phases      ] GC(252)   Other: 0.2ms
[46.790s][info][gc,heap        ] GC(252) Eden regions: 367->0(367)
[46.790s][info][gc,heap        ] GC(252) Survivor regions: 1->1(46)
[46.790s][info][gc,heap        ] GC(252) Old regions: 172->172
[46.790s][info][gc,heap        ] GC(252) Archive regions: 0->0
[46.790s][info][gc,heap        ] GC(252) Humongous regions: 12->12
[46.790s][info][gc,metaspace   ] GC(252) Metaspace: 61034K(61952K)->61034K(61952K) NonClass: 53462K(53952K)->53462K(53952K) Class: 7572K(8000K)->7572K(8000K)
[46.790s][info][gc             ] GC(252) Pause Young (Normal) (G1 Evacuation Pause) 541M->174M(614M) 1.919ms
[46.790s][info][gc,cpu         ] GC(252) User=0.00s Sys=0.00s Real=0.00s
[46.909s][info][gc,start       ] GC(253) Pause Young (Normal) (G1 Evacuation Pause)
[46.909s][info][gc,task        ] GC(253) Using 14 workers of 33 for evacuation
[46.910s][info][gc,phases      ] GC(253)   Pre Evacuate Collection Set: 0.1ms
[46.910s][info][gc,phases      ] GC(253)   Merge Heap Roots: 0.1ms
[46.910s][info][gc,phases      ] GC(253)   Evacuate Collection Set: 0.4ms
[46.910s][info][gc,phases      ] GC(253)   Post Evacuate Collection Set: 0.7ms
[46.910s][info][gc,phases      ] GC(253)   Other: 0.2ms
[46.910s][info][gc,heap        ] GC(253) Eden regions: 367->0(367)
[46.910s][info][gc,heap        ] GC(253) Survivor regions: 1->1(46)
[46.910s][info][gc,heap        ] GC(253) Old regions: 172->172
[46.910s][info][gc,heap        ] GC(253) Archive regions: 0->0
[46.910s][info][gc,heap        ] GC(253) Humongous regions: 12->12
[46.910s][info][gc,metaspace   ] GC(253) Metaspace: 61034K(61952K)->61034K(61952K) NonClass: 53462K(53952K)->53462K(53952K) Class: 7572K(8000K)->7572K(8000K)
[46.910s][info][gc             ] GC(253) Pause Young (Normal) (G1 Evacuation Pause) 541M->174M(614M) 1.960ms
[46.911s][info][gc,cpu         ] GC(253) User=0.00s Sys=0.00s Real=0.00s
[47.027s][info][gc,start       ] GC(254) Pause Young (Normal) (G1 Evacuation Pause)
[47.027s][info][gc,task        ] GC(254) Using 14 workers of 33 for evacuation
[47.029s][info][gc,phases      ] GC(254)   Pre Evacuate Collection Set: 0.1ms
[47.029s][info][gc,phases      ] GC(254)   Merge Heap Roots: 0.1ms
[47.029s][info][gc,phases      ] GC(254)   Evacuate Collection Set: 0.4ms
[47.029s][info][gc,phases      ] GC(254)   Post Evacuate Collection Set: 0.7ms
[47.029s][info][gc,phases      ] GC(254)   Other: 0.2ms
[47.029s][info][gc,heap        ] GC(254) Eden regions: 367->0(367)
[47.029s][info][gc,heap        ] GC(254) Survivor regions: 1->1(46)
[47.029s][info][gc,heap        ] GC(254) Old regions: 172->172
[47.029s][info][gc,heap        ] GC(254) Archive regions: 0->0
[47.029s][info][gc,heap        ] GC(254) Humongous regions: 12->12
[47.029s][info][gc,metaspace   ] GC(254) Metaspace: 61034K(61952K)->61034K(61952K) NonClass: 53462K(53952K)->53462K(53952K) Class: 7572K(8000K)->7572K(8000K)
[47.029s][info][gc             ] GC(254) Pause Young (Normal) (G1 Evacuation Pause) 541M->174M(614M) 1.948ms
[47.029s][info][gc,cpu         ] GC(254) User=0.00s Sys=0.00s Real=0.00s
[47.089s][info][gc,start       ] GC(255) Pause Full (System.gc())
[47.089s][info][gc,task        ] GC(255) Using 14 workers of 33 for full compaction
[47.090s][info][gc,phases,start] GC(255) Phase 1: Mark live objects
[47.130s][info][gc,phases      ] GC(255) Phase 1: Mark live objects 40.072ms
[47.130s][info][gc,phases,start] GC(255) Phase 2: Prepare compaction
[47.135s][info][gc,phases      ] GC(255) Phase 2: Prepare compaction 4.643ms
[47.135s][info][gc,phases,start] GC(255) Phase 3: Adjust pointers
[47.143s][info][gc,phases      ] GC(255) Phase 3: Adjust pointers 7.653ms
[47.143s][info][gc,phases,start] GC(255) Phase 4: Compact heap
[47.143s][info][gc,phases      ] GC(255) Phase 4: Compact heap 0.388ms
[47.151s][info][gc,heap        ] GC(255) Eden regions: 90->0(368)
[47.151s][info][gc,heap        ] GC(255) Survivor regions: 1->0(46)
[47.151s][info][gc,heap        ] GC(255) Old regions: 172->172
[47.151s][info][gc,heap        ] GC(255) Archive regions: 0->0
[47.151s][info][gc,heap        ] GC(255) Humongous regions: 17->12
[47.151s][info][gc,metaspace   ] GC(255) Metaspace: 61061K(61952K)->61061K(61952K) NonClass: 53489K(53952K)->53489K(53952K) Class: 7572K(8000K)->7572K(8000K)
[47.151s][info][gc             ] GC(255) Pause Full (System.gc()) 269M->174M(614M) 61.579ms
[47.151s][info][gc,cpu         ] GC(255) User=0.45s Sys=0.00s Real=0.06s
[47.323s][info][gc,start       ] GC(256) Pause Young (Normal) (G1 Evacuation Pause)
[47.323s][info][gc,task        ] GC(256) Using 14 workers of 33 for evacuation
[47.325s][info][gc,phases      ] GC(256)   Pre Evacuate Collection Set: 0.2ms
[47.325s][info][gc,phases      ] GC(256)   Merge Heap Roots: 0.1ms
[47.325s][info][gc,phases      ] GC(256)   Evacuate Collection Set: 0.5ms
[47.325s][info][gc,phases      ] GC(256)   Post Evacuate Collection Set: 1.1ms
[47.325s][info][gc,phases      ] GC(256)   Other: 0.2ms
[47.325s][info][gc,heap        ] GC(256) Eden regions: 368->0(385)
[47.325s][info][gc,heap        ] GC(256) Survivor regions: 0->1(46)
[47.325s][info][gc,heap        ] GC(256) Old regions: 172->172
[47.325s][info][gc,heap        ] GC(256) Archive regions: 0->0
[47.325s][info][gc,heap        ] GC(256) Humongous regions: 22->12
[47.325s][info][gc,metaspace   ] GC(256) Metaspace: 61076K(61952K)->61076K(61952K) NonClass: 53504K(53952K)->53504K(53952K) Class: 7572K(8000K)->7572K(8000K)
[47.325s][info][gc             ] GC(256) Pause Young (Normal) (G1 Evacuation Pause) 552M->174M(644M) 2.689ms
[47.326s][info][gc,cpu         ] GC(256) User=0.00s Sys=0.00s Real=0.00s
[47.457s][info][gc,start       ] GC(257) Pause Young (Normal) (G1 Evacuation Pause)
[47.457s][info][gc,task        ] GC(257) Using 15 workers of 33 for evacuation
[47.459s][info][gc,phases      ] GC(257)   Pre Evacuate Collection Set: 0.2ms
[47.459s][info][gc,phases      ] GC(257)   Merge Heap Roots: 0.1ms
[47.459s][info][gc,phases      ] GC(257)   Evacuate Collection Set: 0.5ms
[47.459s][info][gc,phases      ] GC(257)   Post Evacuate Collection Set: 0.7ms
[47.459s][info][gc,phases      ] GC(257)   Other: 0.2ms
[47.459s][info][gc,heap        ] GC(257) Eden regions: 385->0(385)
[47.459s][info][gc,heap        ] GC(257) Survivor regions: 1->1(49)
[47.459s][info][gc,heap        ] GC(257) Old regions: 172->172
[47.459s][info][gc,heap        ] GC(257) Archive regions: 0->0
[47.459s][info][gc,heap        ] GC(257) Humongous regions: 12->12
[47.459s][info][gc,metaspace   ] GC(257) Metaspace: 61076K(61952K)->61076K(61952K) NonClass: 53504K(53952K)->53504K(53952K) Class: 7572K(8000K)->7572K(8000K)
[47.459s][info][gc             ] GC(257) Pause Young (Normal) (G1 Evacuation Pause) 559M->174M(644M) 2.040ms
[47.459s][info][gc,cpu         ] GC(257) User=0.23s Sys=0.00s Real=0.02s
[47.583s][info][gc,start       ] GC(258) Pause Young (Normal) (G1 Evacuation Pause)
[47.583s][info][gc,task        ] GC(258) Using 15 workers of 33 for evacuation
[47.584s][info][gc,phases      ] GC(258)   Pre Evacuate Collection Set: 0.2ms
[47.584s][info][gc,phases      ] GC(258)   Merge Heap Roots: 0.1ms
[47.584s][info][gc,phases      ] GC(258)   Evacuate Collection Set: 0.4ms
[47.584s][info][gc,phases      ] GC(258)   Post Evacuate Collection Set: 0.7ms
[47.584s][info][gc,phases      ] GC(258)   Other: 0.2ms
[47.584s][info][gc,heap        ] GC(258) Eden regions: 385->0(385)
[47.584s][info][gc,heap        ] GC(258) Survivor regions: 1->1(49)
[47.584s][info][gc,heap        ] GC(258) Old regions: 172->172
[47.584s][info][gc,heap        ] GC(258) Archive regions: 0->0
[47.584s][info][gc,heap        ] GC(258) Humongous regions: 12->12
[47.585s][info][gc,metaspace   ] GC(258) Metaspace: 61076K(61952K)->61076K(61952K) NonClass: 53504K(53952K)->53504K(53952K) Class: 7572K(8000K)->7572K(8000K)
[47.585s][info][gc             ] GC(258) Pause Young (Normal) (G1 Evacuation Pause) 559M->174M(644M) 2.041ms
[47.585s][info][gc,cpu         ] GC(258) User=0.23s Sys=0.00s Real=0.02s
[47.708s][info][gc,start       ] GC(259) Pause Young (Normal) (G1 Evacuation Pause)
[47.708s][info][gc,task        ] GC(259) Using 15 workers of 33 for evacuation
[47.710s][info][gc,phases      ] GC(259)   Pre Evacuate Collection Set: 0.2ms
[47.710s][info][gc,phases      ] GC(259)   Merge Heap Roots: 0.1ms
[47.710s][info][gc,phases      ] GC(259)   Evacuate Collection Set: 0.4ms
[47.710s][info][gc,phases      ] GC(259)   Post Evacuate Collection Set: 0.7ms
[47.710s][info][gc,phases      ] GC(259)   Other: 0.2ms
[47.710s][info][gc,heap        ] GC(259) Eden regions: 385->0(385)
[47.710s][info][gc,heap        ] GC(259) Survivor regions: 1->1(49)
[47.710s][info][gc,heap        ] GC(259) Old regions: 172->172
[47.710s][info][gc,heap        ] GC(259) Archive regions: 0->0
[47.710s][info][gc,heap        ] GC(259) Humongous regions: 12->12
[47.710s][info][gc,metaspace   ] GC(259) Metaspace: 61076K(61952K)->61076K(61952K) NonClass: 53504K(53952K)->53504K(53952K) Class: 7572K(8000K)->7572K(8000K)
[47.710s][info][gc             ] GC(259) Pause Young (Normal) (G1 Evacuation Pause) 559M->174M(644M) 2.007ms
[47.710s][info][gc,cpu         ] GC(259) User=0.00s Sys=0.00s Real=0.00s
[47.833s][info][gc,start       ] GC(260) Pause Young (Normal) (G1 Evacuation Pause)
[47.833s][info][gc,task        ] GC(260) Using 15 workers of 33 for evacuation
[47.835s][info][gc,phases      ] GC(260)   Pre Evacuate Collection Set: 0.2ms
[47.835s][info][gc,phases      ] GC(260)   Merge Heap Roots: 0.1ms
[47.835s][info][gc,phases      ] GC(260)   Evacuate Collection Set: 0.4ms
[47.835s][info][gc,phases      ] GC(260)   Post Evacuate Collection Set: 0.7ms
[47.835s][info][gc,phases      ] GC(260)   Other: 0.2ms
[47.835s][info][gc,heap        ] GC(260) Eden regions: 385->0(385)
[47.835s][info][gc,heap        ] GC(260) Survivor regions: 1->1(49)
[47.835s][info][gc,heap        ] GC(260) Old regions: 172->172
[47.835s][info][gc,heap        ] GC(260) Archive regions: 0->0
[47.835s][info][gc,heap        ] GC(260) Humongous regions: 12->12
[47.835s][info][gc,metaspace   ] GC(260) Metaspace: 61076K(61952K)->61076K(61952K) NonClass: 53504K(53952K)->53504K(53952K) Class: 7572K(8000K)->7572K(8000K)
[47.835s][info][gc             ] GC(260) Pause Young (Normal) (G1 Evacuation Pause) 559M->174M(644M) 2.031ms
[47.835s][info][gc,cpu         ] GC(260) User=0.00s Sys=0.00s Real=0.00s
[47.863s][info][gc,start       ] GC(261) Pause Full (System.gc())
[47.863s][info][gc,task        ] GC(261) Using 15 workers of 33 for full compaction
[47.864s][info][gc,phases,start] GC(261) Phase 1: Mark live objects
[47.901s][info][gc,phases      ] GC(261) Phase 1: Mark live objects 37.812ms
[47.901s][info][gc,phases,start] GC(261) Phase 2: Prepare compaction
[47.906s][info][gc,phases      ] GC(261) Phase 2: Prepare compaction 4.917ms
[47.906s][info][gc,phases,start] GC(261) Phase 3: Adjust pointers
[47.916s][info][gc,phases      ] GC(261) Phase 3: Adjust pointers 9.108ms
[47.916s][info][gc,phases,start] GC(261) Phase 4: Compact heap
[47.916s][info][gc,phases      ] GC(261) Phase 4: Compact heap 0.387ms
[47.925s][info][gc,heap        ] GC(261) Eden regions: 18->0(370)
[47.925s][info][gc,heap        ] GC(261) Survivor regions: 1->0(49)
[47.925s][info][gc,heap        ] GC(261) Old regions: 172->173
[47.925s][info][gc,heap        ] GC(261) Archive regions: 0->0
[47.925s][info][gc,heap        ] GC(261) Humongous regions: 17->12
[47.925s][info][gc,metaspace   ] GC(261) Metaspace: 61076K(61952K)->61076K(61952K) NonClass: 53504K(53952K)->53504K(53952K) Class: 7572K(8000K)->7572K(8000K)
[47.925s][info][gc             ] GC(261) Pause Full (System.gc()) 197M->174M(617M) 62.083ms
[47.925s][info][gc,cpu         ] GC(261) User=0.72s Sys=0.00s Real=0.06s
[48.105s][info][gc,start       ] GC(262) Pause Young (Normal) (G1 Evacuation Pause)
[48.105s][info][gc,task        ] GC(262) Using 14 workers of 33 for evacuation
[48.107s][info][gc,phases      ] GC(262)   Pre Evacuate Collection Set: 0.2ms
[48.107s][info][gc,phases      ] GC(262)   Merge Heap Roots: 0.1ms
[48.107s][info][gc,phases      ] GC(262)   Evacuate Collection Set: 0.5ms
[48.107s][info][gc,phases      ] GC(262)   Post Evacuate Collection Set: 0.6ms
[48.107s][info][gc,phases      ] GC(262)   Other: 0.2ms
[48.107s][info][gc,heap        ] GC(262) Eden regions: 370->0(369)
[48.107s][info][gc,heap        ] GC(262) Survivor regions: 0->1(47)
[48.107s][info][gc,heap        ] GC(262) Old regions: 173->173
[48.107s][info][gc,heap        ] GC(262) Archive regions: 0->0
[48.107s][info][gc,heap        ] GC(262) Humongous regions: 22->12
[48.107s][info][gc,metaspace   ] GC(262) Metaspace: 61077K(61952K)->61077K(61952K) NonClass: 53505K(53952K)->53505K(53952K) Class: 7572K(8000K)->7572K(8000K)
[48.107s][info][gc             ] GC(262) Pause Young (Normal) (G1 Evacuation Pause) 554M->174M(617M) 2.174ms
[48.107s][info][gc,cpu         ] GC(262) User=0.00s Sys=0.00s Real=0.00s
[48.234s][info][gc,start       ] GC(263) Pause Young (Normal) (G1 Evacuation Pause)
[48.234s][info][gc,task        ] GC(263) Using 14 workers of 33 for evacuation
[48.235s][info][gc,phases      ] GC(263)   Pre Evacuate Collection Set: 0.2ms
[48.235s][info][gc,phases      ] GC(263)   Merge Heap Roots: 0.1ms
[48.235s][info][gc,phases      ] GC(263)   Evacuate Collection Set: 0.5ms
[48.235s][info][gc,phases      ] GC(263)   Post Evacuate Collection Set: 0.7ms
[48.235s][info][gc,phases      ] GC(263)   Other: 0.2ms
[48.235s][info][gc,heap        ] GC(263) Eden regions: 369->0(369)
[48.236s][info][gc,heap        ] GC(263) Survivor regions: 1->1(47)
[48.236s][info][gc,heap        ] GC(263) Old regions: 173->173
[48.236s][info][gc,heap        ] GC(263) Archive regions: 0->0
[48.236s][info][gc,heap        ] GC(263) Humongous regions: 12->12
[48.236s][info][gc,metaspace   ] GC(263) Metaspace: 61077K(61952K)->61077K(61952K) NonClass: 53505K(53952K)->53505K(53952K) Class: 7572K(8000K)->7572K(8000K)
[48.236s][info][gc             ] GC(263) Pause Young (Normal) (G1 Evacuation Pause) 543M->174M(617M) 2.151ms
[48.236s][info][gc,cpu         ] GC(263) User=0.02s Sys=0.00s Real=0.02s
[48.353s][info][gc,start       ] GC(264) Pause Young (Normal) (G1 Evacuation Pause)
[48.353s][info][gc,task        ] GC(264) Using 14 workers of 33 for evacuation
[48.355s][info][gc,phases      ] GC(264)   Pre Evacuate Collection Set: 0.1ms
[48.355s][info][gc,phases      ] GC(264)   Merge Heap Roots: 0.1ms
[48.355s][info][gc,phases      ] GC(264)   Evacuate Collection Set: 0.4ms
[48.355s][info][gc,phases      ] GC(264)   Post Evacuate Collection Set: 0.7ms
[48.355s][info][gc,phases      ] GC(264)   Other: 0.2ms
[48.355s][info][gc,heap        ] GC(264) Eden regions: 369->0(369)
[48.355s][info][gc,heap        ] GC(264) Survivor regions: 1->1(47)
[48.355s][info][gc,heap        ] GC(264) Old regions: 173->173
[48.355s][info][gc,heap        ] GC(264) Archive regions: 0->0
[48.355s][info][gc,heap        ] GC(264) Humongous regions: 12->12
[48.355s][info][gc,metaspace   ] GC(264) Metaspace: 61077K(61952K)->61077K(61952K) NonClass: 53505K(53952K)->53505K(53952K) Class: 7572K(8000K)->7572K(8000K)
[48.355s][info][gc             ] GC(264) Pause Young (Normal) (G1 Evacuation Pause) 543M->174M(617M) 1.925ms
[48.355s][info][gc,cpu         ] GC(264) User=0.00s Sys=0.00s Real=0.00s
[48.481s][info][gc,start       ] GC(265) Pause Young (Normal) (G1 Evacuation Pause)
[48.481s][info][gc,task        ] GC(265) Using 14 workers of 33 for evacuation
[48.482s][info][gc,phases      ] GC(265)   Pre Evacuate Collection Set: 0.1ms
[48.482s][info][gc,phases      ] GC(265)   Merge Heap Roots: 0.1ms
[48.483s][info][gc,phases      ] GC(265)   Evacuate Collection Set: 0.4ms
[48.483s][info][gc,phases      ] GC(265)   Post Evacuate Collection Set: 0.7ms
[48.483s][info][gc,phases      ] GC(265)   Other: 0.2ms
[48.483s][info][gc,heap        ] GC(265) Eden regions: 369->0(369)
[48.483s][info][gc,heap        ] GC(265) Survivor regions: 1->1(47)
[48.483s][info][gc,heap        ] GC(265) Old regions: 173->173
[48.483s][info][gc,heap        ] GC(265) Archive regions: 0->0
[48.483s][info][gc,heap        ] GC(265) Humongous regions: 12->12
[48.483s][info][gc,metaspace   ] GC(265) Metaspace: 61077K(61952K)->61077K(61952K) NonClass: 53505K(53952K)->53505K(53952K) Class: 7572K(8000K)->7572K(8000K)
[48.483s][info][gc             ] GC(265) Pause Young (Normal) (G1 Evacuation Pause) 543M->174M(617M) 1.936ms
[48.483s][info][gc,cpu         ] GC(265) User=0.00s Sys=0.00s Real=0.00s
[48.600s][info][gc,start       ] GC(266) Pause Young (Normal) (G1 Evacuation Pause)
[48.601s][info][gc,task        ] GC(266) Using 14 workers of 33 for evacuation
[48.602s][info][gc,phases      ] GC(266)   Pre Evacuate Collection Set: 0.1ms
[48.602s][info][gc,phases      ] GC(266)   Merge Heap Roots: 0.1ms
[48.602s][info][gc,phases      ] GC(266)   Evacuate Collection Set: 0.4ms
[48.602s][info][gc,phases      ] GC(266)   Post Evacuate Collection Set: 0.7ms
[48.602s][info][gc,phases      ] GC(266)   Other: 0.2ms
[48.602s][info][gc,heap        ] GC(266) Eden regions: 369->0(369)
[48.602s][info][gc,heap        ] GC(266) Survivor regions: 1->1(47)
[48.602s][info][gc,heap        ] GC(266) Old regions: 173->173
[48.602s][info][gc,heap        ] GC(266) Archive regions: 0->0
[48.602s][info][gc,heap        ] GC(266) Humongous regions: 12->12
[48.602s][info][gc,metaspace   ] GC(266) Metaspace: 61077K(61952K)->61077K(61952K) NonClass: 53505K(53952K)->53505K(53952K) Class: 7572K(8000K)->7572K(8000K)
[48.602s][info][gc             ] GC(266) Pause Young (Normal) (G1 Evacuation Pause) 543M->174M(617M) 1.951ms
[48.603s][info][gc,cpu         ] GC(266) User=0.00s Sys=0.00s Real=0.00s
[48.660s][info][gc,start       ] GC(267) Pause Full (System.gc())
[48.660s][info][gc,task        ] GC(267) Using 14 workers of 33 for full compaction
[48.661s][info][gc,phases,start] GC(267) Phase 1: Mark live objects
[48.704s][info][gc,phases      ] GC(267) Phase 1: Mark live objects 43.164ms
[48.704s][info][gc,phases,start] GC(267) Phase 2: Prepare compaction
[48.709s][info][gc,phases      ] GC(267) Phase 2: Prepare compaction 4.730ms
[48.709s][info][gc,phases,start] GC(267) Phase 3: Adjust pointers
[48.717s][info][gc,phases      ] GC(267) Phase 3: Adjust pointers 7.630ms
[48.717s][info][gc,phases,start] GC(267) Phase 4: Compact heap
[48.717s][info][gc,phases      ] GC(267) Phase 4: Compact heap 0.485ms
[48.726s][info][gc,heap        ] GC(267) Eden regions: 80->0(370)
[48.726s][info][gc,heap        ] GC(267) Survivor regions: 1->0(47)
[48.726s][info][gc,heap        ] GC(267) Old regions: 173->173
[48.726s][info][gc,heap        ] GC(267) Archive regions: 0->0
[48.726s][info][gc,heap        ] GC(267) Humongous regions: 17->12
[48.726s][info][gc,metaspace   ] GC(267) Metaspace: 61078K(61952K)->61078K(61952K) NonClass: 53506K(53952K)->53506K(53952K) Class: 7572K(8000K)->7572K(8000K)
[48.726s][info][gc             ] GC(267) Pause Full (System.gc()) 259M->174M(617M) 65.511ms
[48.726s][info][gc,cpu         ] GC(267) User=0.47s Sys=0.00s Real=0.06s
[48.906s][info][gc,start       ] GC(268) Pause Young (Normal) (G1 Evacuation Pause)
[48.907s][info][gc,task        ] GC(268) Using 14 workers of 33 for evacuation
[48.908s][info][gc,phases      ] GC(268)   Pre Evacuate Collection Set: 0.2ms
[48.908s][info][gc,phases      ] GC(268)   Merge Heap Roots: 0.1ms
[48.908s][info][gc,phases      ] GC(268)   Evacuate Collection Set: 0.5ms
[48.908s][info][gc,phases      ] GC(268)   Post Evacuate Collection Set: 0.7ms
[48.908s][info][gc,phases      ] GC(268)   Other: 0.2ms
[48.908s][info][gc,heap        ] GC(268) Eden regions: 370->0(369)
[48.908s][info][gc,heap        ] GC(268) Survivor regions: 0->1(47)
[48.908s][info][gc,heap        ] GC(268) Old regions: 173->173
[48.909s][info][gc,heap        ] GC(268) Archive regions: 0->0
[48.909s][info][gc,heap        ] GC(268) Humongous regions: 22->12
[48.909s][info][gc,metaspace   ] GC(268) Metaspace: 61081K(61952K)->61081K(61952K) NonClass: 53509K(53952K)->53509K(53952K) Class: 7572K(8000K)->7572K(8000K)
[48.909s][info][gc             ] GC(268) Pause Young (Normal) (G1 Evacuation Pause) 554M->174M(617M) 2.214ms
[48.909s][info][gc,cpu         ] GC(268) User=0.22s Sys=0.00s Real=0.02s
[49.026s][info][gc,start       ] GC(269) Pause Young (Normal) (G1 Evacuation Pause)
[49.026s][info][gc,task        ] GC(269) Using 14 workers of 33 for evacuation
[49.028s][info][gc,phases      ] GC(269)   Pre Evacuate Collection Set: 0.2ms
[49.028s][info][gc,phases      ] GC(269)   Merge Heap Roots: 0.1ms
[49.028s][info][gc,phases      ] GC(269)   Evacuate Collection Set: 0.5ms
[49.028s][info][gc,phases      ] GC(269)   Post Evacuate Collection Set: 0.6ms
[49.028s][info][gc,phases      ] GC(269)   Other: 0.2ms
[49.028s][info][gc,heap        ] GC(269) Eden regions: 369->0(369)
[49.028s][info][gc,heap        ] GC(269) Survivor regions: 1->1(47)
[49.028s][info][gc,heap        ] GC(269) Old regions: 173->173
[49.028s][info][gc,heap        ] GC(269) Archive regions: 0->0
[49.028s][info][gc,heap        ] GC(269) Humongous regions: 12->12
[49.028s][info][gc,metaspace   ] GC(269) Metaspace: 61082K(62016K)->61082K(62016K) NonClass: 53510K(54016K)->53510K(54016K) Class: 7572K(8000K)->7572K(8000K)
[49.028s][info][gc             ] GC(269) Pause Young (Normal) (G1 Evacuation Pause) 543M->174M(617M) 2.033ms
[49.028s][info][gc,cpu         ] GC(269) User=0.00s Sys=0.00s Real=0.00s
[49.155s][info][gc,start       ] GC(270) Pause Young (Normal) (G1 Evacuation Pause)
[49.155s][info][gc,task        ] GC(270) Using 14 workers of 33 for evacuation
[49.156s][info][gc,phases      ] GC(270)   Pre Evacuate Collection Set: 0.2ms
[49.156s][info][gc,phases      ] GC(270)   Merge Heap Roots: 0.1ms
[49.156s][info][gc,phases      ] GC(270)   Evacuate Collection Set: 0.4ms
[49.156s][info][gc,phases      ] GC(270)   Post Evacuate Collection Set: 0.7ms
[49.157s][info][gc,phases      ] GC(270)   Other: 0.2ms
[49.157s][info][gc,heap        ] GC(270) Eden regions: 369->0(369)
[49.157s][info][gc,heap        ] GC(270) Survivor regions: 1->1(47)
[49.157s][info][gc,heap        ] GC(270) Old regions: 173->173
[49.157s][info][gc,heap        ] GC(270) Archive regions: 0->0
[49.157s][info][gc,heap        ] GC(270) Humongous regions: 12->12
[49.157s][info][gc,metaspace   ] GC(270) Metaspace: 61082K(62016K)->61082K(62016K) NonClass: 53510K(54016K)->53510K(54016K) Class: 7572K(8000K)->7572K(8000K)
[49.157s][info][gc             ] GC(270) Pause Young (Normal) (G1 Evacuation Pause) 543M->174M(617M) 2.110ms
[49.157s][info][gc,cpu         ] GC(270) User=0.00s Sys=0.00s Real=0.00s
[49.282s][info][gc,start       ] GC(271) Pause Young (Normal) (G1 Evacuation Pause)
[49.282s][info][gc,task        ] GC(271) Using 14 workers of 33 for evacuation
[49.284s][info][gc,phases      ] GC(271)   Pre Evacuate Collection Set: 0.2ms
[49.284s][info][gc,phases      ] GC(271)   Merge Heap Roots: 0.1ms
[49.284s][info][gc,phases      ] GC(271)   Evacuate Collection Set: 0.4ms
[49.284s][info][gc,phases      ] GC(271)   Post Evacuate Collection Set: 0.6ms
[49.284s][info][gc,phases      ] GC(271)   Other: 0.2ms
[49.284s][info][gc,heap        ] GC(271) Eden regions: 369->0(369)
[49.284s][info][gc,heap        ] GC(271) Survivor regions: 1->1(47)
[49.284s][info][gc,heap        ] GC(271) Old regions: 173->173
[49.284s][info][gc,heap        ] GC(271) Archive regions: 0->0
[49.284s][info][gc,heap        ] GC(271) Humongous regions: 12->12
[49.284s][info][gc,metaspace   ] GC(271) Metaspace: 61082K(62016K)->61082K(62016K) NonClass: 53510K(54016K)->53510K(54016K) Class: 7572K(8000K)->7572K(8000K)
[49.284s][info][gc             ] GC(271) Pause Young (Normal) (G1 Evacuation Pause) 543M->174M(617M) 1.969ms
[49.284s][info][gc,cpu         ] GC(271) User=0.00s Sys=0.00s Real=0.00s
[49.401s][info][gc,start       ] GC(272) Pause Young (Normal) (G1 Evacuation Pause)
[49.401s][info][gc,task        ] GC(272) Using 14 workers of 33 for evacuation
[49.403s][info][gc,phases      ] GC(272)   Pre Evacuate Collection Set: 0.1ms
[49.403s][info][gc,phases      ] GC(272)   Merge Heap Roots: 0.1ms
[49.403s][info][gc,phases      ] GC(272)   Evacuate Collection Set: 0.5ms
[49.403s][info][gc,phases      ] GC(272)   Post Evacuate Collection Set: 0.6ms
[49.403s][info][gc,phases      ] GC(272)   Other: 0.2ms
[49.403s][info][gc,heap        ] GC(272) Eden regions: 369->0(369)
[49.403s][info][gc,heap        ] GC(272) Survivor regions: 1->1(47)
[49.403s][info][gc,heap        ] GC(272) Old regions: 173->173
[49.403s][info][gc,heap        ] GC(272) Archive regions: 0->0
[49.403s][info][gc,heap        ] GC(272) Humongous regions: 12->12
[49.403s][info][gc,metaspace   ] GC(272) Metaspace: 61082K(62016K)->61082K(62016K) NonClass: 53510K(54016K)->53510K(54016K) Class: 7572K(8000K)->7572K(8000K)
[49.403s][info][gc             ] GC(272) Pause Young (Normal) (G1 Evacuation Pause) 543M->174M(617M) 2.002ms
[49.403s][info][gc,cpu         ] GC(272) User=0.00s Sys=0.00s Real=0.00s
[49.468s][info][gc,start       ] GC(273) Pause Full (System.gc())
[49.468s][info][gc,task        ] GC(273) Using 14 workers of 33 for full compaction
[49.468s][info][gc,phases,start] GC(273) Phase 1: Mark live objects
[49.505s][info][gc,phases      ] GC(273) Phase 1: Mark live objects 36.836ms
[49.505s][info][gc,phases,start] GC(273) Phase 2: Prepare compaction
[49.510s][info][gc,phases      ] GC(273) Phase 2: Prepare compaction 4.679ms
[49.510s][info][gc,phases,start] GC(273) Phase 3: Adjust pointers
[49.519s][info][gc,phases      ] GC(273) Phase 3: Adjust pointers 9.250ms
[49.519s][info][gc,phases,start] GC(273) Phase 4: Compact heap
[49.520s][info][gc,phases      ] GC(273) Phase 4: Compact heap 0.426ms
[49.528s][info][gc,heap        ] GC(273) Eden regions: 80->0(370)
[49.528s][info][gc,heap        ] GC(273) Survivor regions: 1->0(47)
[49.528s][info][gc,heap        ] GC(273) Old regions: 173->173
[49.528s][info][gc,heap        ] GC(273) Archive regions: 0->0
[49.528s][info][gc,heap        ] GC(273) Humongous regions: 17->12
[49.528s][info][gc,metaspace   ] GC(273) Metaspace: 61104K(62016K)->61104K(62016K) NonClass: 53532K(54016K)->53532K(54016K) Class: 7572K(8000K)->7572K(8000K)
[49.528s][info][gc             ] GC(273) Pause Full (System.gc()) 259M->174M(617M) 60.237ms
[49.528s][info][gc,cpu         ] GC(273) User=0.67s Sys=0.00s Real=0.06s
[49.713s][info][gc,start       ] GC(274) Pause Young (Normal) (G1 Evacuation Pause)
[49.713s][info][gc,task        ] GC(274) Using 14 workers of 33 for evacuation
[49.715s][info][gc,phases      ] GC(274)   Pre Evacuate Collection Set: 0.2ms
[49.715s][info][gc,phases      ] GC(274)   Merge Heap Roots: 0.1ms
[49.715s][info][gc,phases      ] GC(274)   Evacuate Collection Set: 0.5ms
[49.715s][info][gc,phases      ] GC(274)   Post Evacuate Collection Set: 1.2ms
[49.715s][info][gc,phases      ] GC(274)   Other: 0.2ms
[49.715s][info][gc,heap        ] GC(274) Eden regions: 370->0(386)
[49.715s][info][gc,heap        ] GC(274) Survivor regions: 0->1(47)
[49.715s][info][gc,heap        ] GC(274) Old regions: 173->173
[49.715s][info][gc,heap        ] GC(274) Archive regions: 0->0
[49.715s][info][gc,heap        ] GC(274) Humongous regions: 22->12
[49.715s][info][gc,metaspace   ] GC(274) Metaspace: 61180K(62080K)->61180K(62080K) NonClass: 53602K(54080K)->53602K(54080K) Class: 7578K(8000K)->7578K(8000K)
[49.715s][info][gc             ] GC(274) Pause Young (Normal) (G1 Evacuation Pause) 554M->174M(646M) 2.717ms
[49.715s][info][gc,cpu         ] GC(274) User=0.00s Sys=0.00s Real=0.00s
[49.861s][info][gc,start       ] GC(275) Pause Young (Normal) (G1 Evacuation Pause)
[49.861s][info][gc,task        ] GC(275) Using 15 workers of 33 for evacuation
[49.863s][info][gc,phases      ] GC(275)   Pre Evacuate Collection Set: 0.2ms
[49.863s][info][gc,phases      ] GC(275)   Merge Heap Roots: 0.1ms
[49.863s][info][gc,phases      ] GC(275)   Evacuate Collection Set: 0.5ms
[49.863s][info][gc,phases      ] GC(275)   Post Evacuate Collection Set: 0.7ms
[49.863s][info][gc,phases      ] GC(275)   Other: 0.2ms
[49.863s][info][gc,heap        ] GC(275) Eden regions: 386->0(386)
[49.863s][info][gc,heap        ] GC(275) Survivor regions: 1->1(49)
[49.863s][info][gc,heap        ] GC(275) Old regions: 173->173
[49.863s][info][gc,heap        ] GC(275) Archive regions: 0->0
[49.863s][info][gc,heap        ] GC(275) Humongous regions: 12->12
[49.863s][info][gc,metaspace   ] GC(275) Metaspace: 61187K(62080K)->61187K(62080K) NonClass: 53609K(54080K)->53609K(54080K) Class: 7578K(8000K)->7578K(8000K)
[49.863s][info][gc             ] GC(275) Pause Young (Normal) (G1 Evacuation Pause) 560M->174M(646M) 2.200ms
[49.863s][info][gc,cpu         ] GC(275) User=0.00s Sys=0.00s Real=0.00s
[49.989s][info][gc,start       ] GC(276) Pause Young (Normal) (G1 Evacuation Pause)
[49.989s][info][gc,task        ] GC(276) Using 15 workers of 33 for evacuation
[49.991s][info][gc,phases      ] GC(276)   Pre Evacuate Collection Set: 0.1ms
[49.991s][info][gc,phases      ] GC(276)   Merge Heap Roots: 0.1ms
[49.991s][info][gc,phases      ] GC(276)   Evacuate Collection Set: 0.4ms
[49.991s][info][gc,phases      ] GC(276)   Post Evacuate Collection Set: 0.7ms
[49.991s][info][gc,phases      ] GC(276)   Other: 0.2ms
[49.991s][info][gc,heap        ] GC(276) Eden regions: 386->0(386)
[49.991s][info][gc,heap        ] GC(276) Survivor regions: 1->1(49)
[49.991s][info][gc,heap        ] GC(276) Old regions: 173->173
[49.991s][info][gc,heap        ] GC(276) Archive regions: 0->0
[49.991s][info][gc,heap        ] GC(276) Humongous regions: 12->12
[49.991s][info][gc,metaspace   ] GC(276) Metaspace: 61187K(62080K)->61187K(62080K) NonClass: 53609K(54080K)->53609K(54080K) Class: 7578K(8000K)->7578K(8000K)
[49.991s][info][gc             ] GC(276) Pause Young (Normal) (G1 Evacuation Pause) 560M->174M(646M) 2.028ms
[49.991s][info][gc,cpu         ] GC(276) User=0.00s Sys=0.00s Real=0.00s
[50.115s][info][gc,start       ] GC(277) Pause Young (Normal) (G1 Evacuation Pause)
[50.115s][info][gc,task        ] GC(277) Using 15 workers of 33 for evacuation
[50.117s][info][gc,phases      ] GC(277)   Pre Evacuate Collection Set: 0.1ms
[50.117s][info][gc,phases      ] GC(277)   Merge Heap Roots: 0.1ms
[50.117s][info][gc,phases      ] GC(277)   Evacuate Collection Set: 0.5ms
[50.117s][info][gc,phases      ] GC(277)   Post Evacuate Collection Set: 0.7ms
[50.117s][info][gc,phases      ] GC(277)   Other: 0.2ms
[50.117s][info][gc,heap        ] GC(277) Eden regions: 386->0(386)
[50.117s][info][gc,heap        ] GC(277) Survivor regions: 1->1(49)
[50.117s][info][gc,heap        ] GC(277) Old regions: 173->173
[50.117s][info][gc,heap        ] GC(277) Archive regions: 0->0
[50.117s][info][gc,heap        ] GC(277) Humongous regions: 12->12
[50.117s][info][gc,metaspace   ] GC(277) Metaspace: 61187K(62080K)->61187K(62080K) NonClass: 53609K(54080K)->53609K(54080K) Class: 7578K(8000K)->7578K(8000K)
[50.117s][info][gc             ] GC(277) Pause Young (Normal) (G1 Evacuation Pause) 560M->174M(646M) 1.965ms
[50.117s][info][gc,cpu         ] GC(277) User=0.00s Sys=0.00s Real=0.00s
[50.241s][info][gc,start       ] GC(278) Pause Young (Normal) (G1 Evacuation Pause)
[50.241s][info][gc,task        ] GC(278) Using 15 workers of 33 for evacuation
[50.243s][info][gc,phases      ] GC(278)   Pre Evacuate Collection Set: 0.1ms
[50.243s][info][gc,phases      ] GC(278)   Merge Heap Roots: 0.1ms
[50.243s][info][gc,phases      ] GC(278)   Evacuate Collection Set: 0.4ms
[50.243s][info][gc,phases      ] GC(278)   Post Evacuate Collection Set: 0.7ms
[50.243s][info][gc,phases      ] GC(278)   Other: 0.2ms
[50.243s][info][gc,heap        ] GC(278) Eden regions: 386->0(386)
[50.243s][info][gc,heap        ] GC(278) Survivor regions: 1->1(49)
[50.243s][info][gc,heap        ] GC(278) Old regions: 173->173
[50.243s][info][gc,heap        ] GC(278) Archive regions: 0->0
[50.243s][info][gc,heap        ] GC(278) Humongous regions: 12->12
[50.243s][info][gc,metaspace   ] GC(278) Metaspace: 61187K(62080K)->61187K(62080K) NonClass: 53609K(54080K)->53609K(54080K) Class: 7578K(8000K)->7578K(8000K)
[50.243s][info][gc             ] GC(278) Pause Young (Normal) (G1 Evacuation Pause) 560M->174M(646M) 1.979ms
[50.243s][info][gc,cpu         ] GC(278) User=0.00s Sys=0.00s Real=0.00s
[50.266s][info][gc,start       ] GC(279) Pause Full (System.gc())
[50.266s][info][gc,task        ] GC(279) Using 15 workers of 33 for full compaction
[50.267s][info][gc,phases,start] GC(279) Phase 1: Mark live objects
[50.307s][info][gc,phases      ] GC(279) Phase 1: Mark live objects 39.424ms
[50.307s][info][gc,phases,start] GC(279) Phase 2: Prepare compaction
[50.311s][info][gc,phases      ] GC(279) Phase 2: Prepare compaction 4.593ms
[50.311s][info][gc,phases,start] GC(279) Phase 3: Adjust pointers
[50.319s][info][gc,phases      ] GC(279) Phase 3: Adjust pointers 7.927ms
[50.319s][info][gc,phases,start] GC(279) Phase 4: Compact heap
[50.320s][info][gc,phases      ] GC(279) Phase 4: Compact heap 0.394ms
[50.327s][info][gc,heap        ] GC(279) Eden regions: 12->0(370)
[50.327s][info][gc,heap        ] GC(279) Survivor regions: 1->0(49)
[50.327s][info][gc,heap        ] GC(279) Old regions: 173->173
[50.327s][info][gc,heap        ] GC(279) Archive regions: 0->0
[50.327s][info][gc,heap        ] GC(279) Humongous regions: 17->12
[50.327s][info][gc,metaspace   ] GC(279) Metaspace: 61207K(62080K)->61207K(62080K) NonClass: 53628K(54080K)->53628K(54080K) Class: 7578K(8000K)->7578K(8000K)
[50.327s][info][gc             ] GC(279) Pause Full (System.gc()) 191M->174M(617M) 60.983ms
[50.327s][info][gc,cpu         ] GC(279) User=0.72s Sys=0.00s Real=0.06s
[50.501s][info][gc,start       ] GC(280) Pause Young (Normal) (G1 Evacuation Pause)
[50.502s][info][gc,task        ] GC(280) Using 14 workers of 33 for evacuation
[50.503s][info][gc,phases      ] GC(280)   Pre Evacuate Collection Set: 0.2ms
[50.503s][info][gc,phases      ] GC(280)   Merge Heap Roots: 0.1ms
[50.503s][info][gc,phases      ] GC(280)   Evacuate Collection Set: 0.5ms
[50.503s][info][gc,phases      ] GC(280)   Post Evacuate Collection Set: 0.7ms
[50.503s][info][gc,phases      ] GC(280)   Other: 0.2ms
[50.503s][info][gc,heap        ] GC(280) Eden regions: 370->0(369)
[50.503s][info][gc,heap        ] GC(280) Survivor regions: 0->1(47)
[50.503s][info][gc,heap        ] GC(280) Old regions: 173->173
[50.504s][info][gc,heap        ] GC(280) Archive regions: 0->0
[50.504s][info][gc,heap        ] GC(280) Humongous regions: 22->12
[50.504s][info][gc,metaspace   ] GC(280) Metaspace: 61222K(62080K)->61222K(62080K) NonClass: 53643K(54080K)->53643K(54080K) Class: 7578K(8000K)->7578K(8000K)
[50.504s][info][gc             ] GC(280) Pause Young (Normal) (G1 Evacuation Pause) 554M->174M(617M) 2.248ms
[50.504s][info][gc,cpu         ] GC(280) User=0.00s Sys=0.00s Real=0.00s
[50.622s][info][gc,start       ] GC(281) Pause Young (Normal) (G1 Evacuation Pause)
[50.622s][info][gc,task        ] GC(281) Using 14 workers of 33 for evacuation
[50.628s][info][gc,phases      ] GC(281)   Pre Evacuate Collection Set: 0.2ms
[50.629s][info][gc,phases      ] GC(281)   Merge Heap Roots: 0.1ms
[50.629s][info][gc,phases      ] GC(281)   Evacuate Collection Set: 0.4ms
[50.629s][info][gc,phases      ] GC(281)   Post Evacuate Collection Set: 0.7ms
[50.629s][info][gc,phases      ] GC(281)   Other: 4.7ms
[50.629s][info][gc,heap        ] GC(281) Eden regions: 369->0(369)
[50.629s][info][gc,heap        ] GC(281) Survivor regions: 1->1(47)
[50.629s][info][gc,heap        ] GC(281) Old regions: 173->173
[50.629s][info][gc,heap        ] GC(281) Archive regions: 0->0
[50.629s][info][gc,heap        ] GC(281) Humongous regions: 12->12
[50.629s][info][gc,metaspace   ] GC(281) Metaspace: 61222K(62080K)->61222K(62080K) NonClass: 53643K(54080K)->53643K(54080K) Class: 7578K(8000K)->7578K(8000K)
[50.629s][info][gc             ] GC(281) Pause Young (Normal) (G1 Evacuation Pause) 543M->174M(617M) 6.558ms
[50.629s][info][gc,cpu         ] GC(281) User=0.22s Sys=0.00s Real=0.01s
[50.749s][info][gc,start       ] GC(282) Pause Young (Normal) (G1 Evacuation Pause)
[50.749s][info][gc,task        ] GC(282) Using 14 workers of 33 for evacuation
[50.750s][info][gc,phases      ] GC(282)   Pre Evacuate Collection Set: 0.1ms
[50.750s][info][gc,phases      ] GC(282)   Merge Heap Roots: 0.1ms
[50.750s][info][gc,phases      ] GC(282)   Evacuate Collection Set: 0.4ms
[50.750s][info][gc,phases      ] GC(282)   Post Evacuate Collection Set: 0.6ms
[50.750s][info][gc,phases      ] GC(282)   Other: 0.2ms
[50.751s][info][gc,heap        ] GC(282) Eden regions: 369->0(369)
[50.751s][info][gc,heap        ] GC(282) Survivor regions: 1->1(47)
[50.751s][info][gc,heap        ] GC(282) Old regions: 173->173
[50.751s][info][gc,heap        ] GC(282) Archive regions: 0->0
[50.751s][info][gc,heap        ] GC(282) Humongous regions: 12->12
[50.751s][info][gc,metaspace   ] GC(282) Metaspace: 61222K(62080K)->61222K(62080K) NonClass: 53643K(54080K)->53643K(54080K) Class: 7578K(8000K)->7578K(8000K)
[50.751s][info][gc             ] GC(282) Pause Young (Normal) (G1 Evacuation Pause) 543M->174M(617M) 1.986ms
[50.751s][info][gc,cpu         ] GC(282) User=0.00s Sys=0.00s Real=0.00s
[50.869s][info][gc,start       ] GC(283) Pause Young (Normal) (G1 Evacuation Pause)
[50.869s][info][gc,task        ] GC(283) Using 14 workers of 33 for evacuation
[50.870s][info][gc,phases      ] GC(283)   Pre Evacuate Collection Set: 0.1ms
[50.870s][info][gc,phases      ] GC(283)   Merge Heap Roots: 0.1ms
[50.870s][info][gc,phases      ] GC(283)   Evacuate Collection Set: 0.5ms
[50.870s][info][gc,phases      ] GC(283)   Post Evacuate Collection Set: 0.7ms
[50.870s][info][gc,phases      ] GC(283)   Other: 0.2ms
[50.871s][info][gc,heap        ] GC(283) Eden regions: 369->0(369)
[50.871s][info][gc,heap        ] GC(283) Survivor regions: 1->1(47)
[50.871s][info][gc,heap        ] GC(283) Old regions: 173->173
[50.871s][info][gc,heap        ] GC(283) Archive regions: 0->0
[50.871s][info][gc,heap        ] GC(283) Humongous regions: 12->12
[50.871s][info][gc,metaspace   ] GC(283) Metaspace: 61222K(62080K)->61222K(62080K) NonClass: 53643K(54080K)->53643K(54080K) Class: 7578K(8000K)->7578K(8000K)
[50.871s][info][gc             ] GC(283) Pause Young (Normal) (G1 Evacuation Pause) 543M->174M(617M) 1.999ms
[50.871s][info][gc,cpu         ] GC(283) User=0.00s Sys=0.00s Real=0.00s
[51.019s][info][gc,start       ] GC(284) Pause Young (Normal) (G1 Evacuation Pause)
[51.019s][info][gc,task        ] GC(284) Using 14 workers of 33 for evacuation
[51.021s][info][gc,phases      ] GC(284)   Pre Evacuate Collection Set: 0.1ms
[51.021s][info][gc,phases      ] GC(284)   Merge Heap Roots: 0.1ms
[51.021s][info][gc,phases      ] GC(284)   Evacuate Collection Set: 0.4ms
[51.021s][info][gc,phases      ] GC(284)   Post Evacuate Collection Set: 0.6ms
[51.021s][info][gc,phases      ] GC(284)   Other: 0.2ms
[51.021s][info][gc,heap        ] GC(284) Eden regions: 369->0(369)
[51.021s][info][gc,heap        ] GC(284) Survivor regions: 1->1(47)
[51.021s][info][gc,heap        ] GC(284) Old regions: 173->173
[51.021s][info][gc,heap        ] GC(284) Archive regions: 0->0
[51.021s][info][gc,heap        ] GC(284) Humongous regions: 12->12
[51.021s][info][gc,metaspace   ] GC(284) Metaspace: 61222K(62080K)->61222K(62080K) NonClass: 53643K(54080K)->53643K(54080K) Class: 7578K(8000K)->7578K(8000K)
[51.021s][info][gc             ] GC(284) Pause Young (Normal) (G1 Evacuation Pause) 543M->174M(617M) 2.014ms
[51.021s][info][gc,cpu         ] GC(284) User=0.00s Sys=0.00s Real=0.00s
[51.078s][info][gc,start       ] GC(285) Pause Full (System.gc())
[51.078s][info][gc,task        ] GC(285) Using 14 workers of 33 for full compaction
[51.079s][info][gc,phases,start] GC(285) Phase 1: Mark live objects
[51.120s][info][gc,phases      ] GC(285) Phase 1: Mark live objects 41.248ms
[51.120s][info][gc,phases,start] GC(285) Phase 2: Prepare compaction
[51.125s][info][gc,phases      ] GC(285) Phase 2: Prepare compaction 4.670ms
[51.125s][info][gc,phases,start] GC(285) Phase 3: Adjust pointers
[51.134s][info][gc,phases      ] GC(285) Phase 3: Adjust pointers 9.324ms
[51.134s][info][gc,phases,start] GC(285) Phase 4: Compact heap
[51.135s][info][gc,phases      ] GC(285) Phase 4: Compact heap 0.433ms
[51.142s][info][gc,heap        ] GC(285) Eden regions: 81->0(368)
[51.142s][info][gc,heap        ] GC(285) Survivor regions: 1->0(47)
[51.142s][info][gc,heap        ] GC(285) Old regions: 173->172
[51.142s][info][gc,heap        ] GC(285) Archive regions: 0->0
[51.142s][info][gc,heap        ] GC(285) Humongous regions: 17->12
[51.142s][info][gc,metaspace   ] GC(285) Metaspace: 61235K(62144K)->61235K(62144K) NonClass: 53657K(54144K)->53657K(54144K) Class: 7578K(8000K)->7578K(8000K)
[51.142s][info][gc             ] GC(285) Pause Full (System.gc()) 260M->174M(614M) 64.282ms
[51.142s][info][gc,cpu         ] GC(285) User=0.67s Sys=0.00s Real=0.06s
[51.314s][info][gc,start       ] GC(286) Pause Young (Normal) (G1 Evacuation Pause)
[51.314s][info][gc,task        ] GC(286) Using 14 workers of 33 for evacuation
[51.316s][info][gc,phases      ] GC(286)   Pre Evacuate Collection Set: 0.2ms
[51.316s][info][gc,phases      ] GC(286)   Merge Heap Roots: 0.1ms
[51.316s][info][gc,phases      ] GC(286)   Evacuate Collection Set: 0.5ms
[51.316s][info][gc,phases      ] GC(286)   Post Evacuate Collection Set: 0.7ms
[51.316s][info][gc,phases      ] GC(286)   Other: 0.2ms
[51.316s][info][gc,heap        ] GC(286) Eden regions: 368->0(367)
[51.316s][info][gc,heap        ] GC(286) Survivor regions: 0->1(46)
[51.316s][info][gc,heap        ] GC(286) Old regions: 172->172
[51.316s][info][gc,heap        ] GC(286) Archive regions: 0->0
[51.316s][info][gc,heap        ] GC(286) Humongous regions: 22->12
[51.316s][info][gc,metaspace   ] GC(286) Metaspace: 61237K(62144K)->61237K(62144K) NonClass: 53658K(54144K)->53658K(54144K) Class: 7578K(8000K)->7578K(8000K)
[51.316s][info][gc             ] GC(286) Pause Young (Normal) (G1 Evacuation Pause) 552M->174M(614M) 2.252ms
[51.316s][info][gc,cpu         ] GC(286) User=0.00s Sys=0.00s Real=0.00s
[51.443s][info][gc,start       ] GC(287) Pause Young (Normal) (G1 Evacuation Pause)
[51.444s][info][gc,task        ] GC(287) Using 14 workers of 33 for evacuation
[51.445s][info][gc,phases      ] GC(287)   Pre Evacuate Collection Set: 0.2ms
[51.445s][info][gc,phases      ] GC(287)   Merge Heap Roots: 0.1ms
[51.445s][info][gc,phases      ] GC(287)   Evacuate Collection Set: 0.4ms
[51.445s][info][gc,phases      ] GC(287)   Post Evacuate Collection Set: 0.7ms
[51.445s][info][gc,phases      ] GC(287)   Other: 0.2ms
[51.445s][info][gc,heap        ] GC(287) Eden regions: 367->0(367)
[51.445s][info][gc,heap        ] GC(287) Survivor regions: 1->1(46)
[51.445s][info][gc,heap        ] GC(287) Old regions: 172->172
[51.445s][info][gc,heap        ] GC(287) Archive regions: 0->0
[51.445s][info][gc,heap        ] GC(287) Humongous regions: 12->12
[51.445s][info][gc,metaspace   ] GC(287) Metaspace: 61237K(62144K)->61237K(62144K) NonClass: 53658K(54144K)->53658K(54144K) Class: 7578K(8000K)->7578K(8000K)
[51.445s][info][gc             ] GC(287) Pause Young (Normal) (G1 Evacuation Pause) 541M->174M(614M) 2.011ms
[51.445s][info][gc,cpu         ] GC(287) User=0.00s Sys=0.00s Real=0.00s
[51.572s][info][gc,start       ] GC(288) Pause Young (Normal) (G1 Evacuation Pause)
[51.572s][info][gc,task        ] GC(288) Using 14 workers of 33 for evacuation
[51.573s][info][gc,phases      ] GC(288)   Pre Evacuate Collection Set: 0.1ms
[51.573s][info][gc,phases      ] GC(288)   Merge Heap Roots: 0.1ms
[51.573s][info][gc,phases      ] GC(288)   Evacuate Collection Set: 0.5ms
[51.573s][info][gc,phases      ] GC(288)   Post Evacuate Collection Set: 0.6ms
[51.573s][info][gc,phases      ] GC(288)   Other: 0.2ms
[51.573s][info][gc,heap        ] GC(288) Eden regions: 367->0(367)
[51.573s][info][gc,heap        ] GC(288) Survivor regions: 1->1(46)
[51.573s][info][gc,heap        ] GC(288) Old regions: 172->172
[51.574s][info][gc,heap        ] GC(288) Archive regions: 0->0
[51.574s][info][gc,heap        ] GC(288) Humongous regions: 12->12
[51.574s][info][gc,metaspace   ] GC(288) Metaspace: 61237K(62144K)->61237K(62144K) NonClass: 53658K(54144K)->53658K(54144K) Class: 7578K(8000K)->7578K(8000K)
[51.574s][info][gc             ] GC(288) Pause Young (Normal) (G1 Evacuation Pause) 541M->174M(614M) 1.959ms
[51.574s][info][gc,cpu         ] GC(288) User=0.00s Sys=0.00s Real=0.00s
[51.697s][info][gc,start       ] GC(289) Pause Young (Normal) (G1 Evacuation Pause)
[51.697s][info][gc,task        ] GC(289) Using 14 workers of 33 for evacuation
[51.699s][info][gc,phases      ] GC(289)   Pre Evacuate Collection Set: 0.1ms
[51.699s][info][gc,phases      ] GC(289)   Merge Heap Roots: 0.1ms
[51.699s][info][gc,phases      ] GC(289)   Evacuate Collection Set: 0.4ms
[51.699s][info][gc,phases      ] GC(289)   Post Evacuate Collection Set: 0.7ms
[51.699s][info][gc,phases      ] GC(289)   Other: 0.1ms
[51.699s][info][gc,heap        ] GC(289) Eden regions: 367->0(367)
[51.699s][info][gc,heap        ] GC(289) Survivor regions: 1->1(46)
[51.699s][info][gc,heap        ] GC(289) Old regions: 172->172
[51.699s][info][gc,heap        ] GC(289) Archive regions: 0->0
[51.699s][info][gc,heap        ] GC(289) Humongous regions: 12->12
[51.699s][info][gc,metaspace   ] GC(289) Metaspace: 61237K(62144K)->61237K(62144K) NonClass: 53658K(54144K)->53658K(54144K) Class: 7578K(8000K)->7578K(8000K)
[51.699s][info][gc             ] GC(289) Pause Young (Normal) (G1 Evacuation Pause) 541M->174M(614M) 1.905ms
[51.699s][info][gc,cpu         ] GC(289) User=0.00s Sys=0.00s Real=0.00s
[51.818s][info][gc,start       ] GC(290) Pause Young (Normal) (G1 Evacuation Pause)
[51.821s][info][gc,task        ] GC(290) Using 14 workers of 33 for evacuation
[51.822s][info][gc,phases      ] GC(290)   Pre Evacuate Collection Set: 0.1ms
[51.822s][info][gc,phases      ] GC(290)   Merge Heap Roots: 0.1ms
[51.822s][info][gc,phases      ] GC(290)   Evacuate Collection Set: 0.4ms
[51.823s][info][gc,phases      ] GC(290)   Post Evacuate Collection Set: 0.7ms
[51.823s][info][gc,phases      ] GC(290)   Other: 0.2ms
[51.823s][info][gc,heap        ] GC(290) Eden regions: 367->0(367)
[51.823s][info][gc,heap        ] GC(290) Survivor regions: 1->1(46)
[51.823s][info][gc,heap        ] GC(290) Old regions: 172->172
[51.823s][info][gc,heap        ] GC(290) Archive regions: 0->0
[51.823s][info][gc,heap        ] GC(290) Humongous regions: 12->12
[51.823s][info][gc,metaspace   ] GC(290) Metaspace: 61237K(62144K)->61237K(62144K) NonClass: 53658K(54144K)->53658K(54144K) Class: 7578K(8000K)->7578K(8000K)
[51.823s][info][gc             ] GC(290) Pause Young (Normal) (G1 Evacuation Pause) 541M->174M(614M) 5.090ms
[51.823s][info][gc,cpu         ] GC(290) User=0.00s Sys=0.00s Real=0.00s
[51.883s][info][gc,start       ] GC(291) Pause Full (System.gc())
[51.884s][info][gc,task        ] GC(291) Using 14 workers of 33 for full compaction
[51.884s][info][gc,phases,start] GC(291) Phase 1: Mark live objects
[51.924s][info][gc,phases      ] GC(291) Phase 1: Mark live objects 39.825ms
[51.924s][info][gc,phases,start] GC(291) Phase 2: Prepare compaction
[51.929s][info][gc,phases      ] GC(291) Phase 2: Prepare compaction 4.663ms
[51.929s][info][gc,phases,start] GC(291) Phase 3: Adjust pointers
[51.937s][info][gc,phases      ] GC(291) Phase 3: Adjust pointers 7.908ms
[51.937s][info][gc,phases,start] GC(291) Phase 4: Compact heap
[51.937s][info][gc,phases      ] GC(291) Phase 4: Compact heap 0.459ms
[51.946s][info][gc,heap        ] GC(291) Eden regions: 90->0(366)
[51.946s][info][gc,heap        ] GC(291) Survivor regions: 1->0(46)
[51.946s][info][gc,heap        ] GC(291) Old regions: 172->171
[51.946s][info][gc,heap        ] GC(291) Archive regions: 0->0
[51.946s][info][gc,heap        ] GC(291) Humongous regions: 17->12
[51.946s][info][gc,metaspace   ] GC(291) Metaspace: 61237K(62144K)->61237K(62144K) NonClass: 53658K(54144K)->53658K(54144K) Class: 7578K(8000K)->7578K(8000K)
[51.946s][info][gc             ] GC(291) Pause Full (System.gc()) 269M->174M(610M) 62.549ms
[51.946s][info][gc,cpu         ] GC(291) User=0.70s Sys=0.00s Real=0.06s
[52.115s][info][gc,start       ] GC(292) Pause Young (Normal) (G1 Evacuation Pause)
[52.115s][info][gc,task        ] GC(292) Using 14 workers of 33 for evacuation
[52.117s][info][gc,phases      ] GC(292)   Pre Evacuate Collection Set: 0.2ms
[52.117s][info][gc,phases      ] GC(292)   Merge Heap Roots: 0.1ms
[52.117s][info][gc,phases      ] GC(292)   Evacuate Collection Set: 0.5ms
[52.117s][info][gc,phases      ] GC(292)   Post Evacuate Collection Set: 1.1ms
[52.117s][info][gc,phases      ] GC(292)   Other: 0.2ms
[52.117s][info][gc,heap        ] GC(292) Eden regions: 366->0(381)
[52.117s][info][gc,heap        ] GC(292) Survivor regions: 0->1(46)
[52.117s][info][gc,heap        ] GC(292) Old regions: 171->171
[52.117s][info][gc,heap        ] GC(292) Archive regions: 0->0
[52.117s][info][gc,heap        ] GC(292) Humongous regions: 22->12
[52.117s][info][gc,metaspace   ] GC(292) Metaspace: 61243K(62144K)->61243K(62144K) NonClass: 53665K(54144K)->53665K(54144K) Class: 7578K(8000K)->7578K(8000K)
[52.117s][info][gc             ] GC(292) Pause Young (Normal) (G1 Evacuation Pause) 550M->174M(638M) 2.647ms
[52.117s][info][gc,cpu         ] GC(292) User=0.00s Sys=0.00s Real=0.00s
[52.262s][info][gc,start       ] GC(293) Pause Young (Normal) (G1 Evacuation Pause)
[52.262s][info][gc,task        ] GC(293) Using 15 workers of 33 for evacuation
[52.264s][info][gc,phases      ] GC(293)   Pre Evacuate Collection Set: 0.2ms
[52.264s][info][gc,phases      ] GC(293)   Merge Heap Roots: 0.1ms
[52.264s][info][gc,phases      ] GC(293)   Evacuate Collection Set: 0.5ms
[52.264s][info][gc,phases      ] GC(293)   Post Evacuate Collection Set: 0.7ms
[52.264s][info][gc,phases      ] GC(293)   Other: 0.2ms
[52.264s][info][gc,heap        ] GC(293) Eden regions: 381->0(381)
[52.264s][info][gc,heap        ] GC(293) Survivor regions: 1->1(48)
[52.264s][info][gc,heap        ] GC(293) Old regions: 171->171
[52.264s][info][gc,heap        ] GC(293) Archive regions: 0->0
[52.264s][info][gc,heap        ] GC(293) Humongous regions: 12->12
[52.264s][info][gc,metaspace   ] GC(293) Metaspace: 61243K(62144K)->61243K(62144K) NonClass: 53665K(54144K)->53665K(54144K) Class: 7578K(8000K)->7578K(8000K)
[52.264s][info][gc             ] GC(293) Pause Young (Normal) (G1 Evacuation Pause) 555M->174M(638M) 2.155ms
[52.264s][info][gc,cpu         ] GC(293) User=0.00s Sys=0.00s Real=0.00s
[52.394s][info][gc,start       ] GC(294) Pause Young (Normal) (G1 Evacuation Pause)
[52.394s][info][gc,task        ] GC(294) Using 15 workers of 33 for evacuation
[52.396s][info][gc,phases      ] GC(294)   Pre Evacuate Collection Set: 0.2ms
[52.396s][info][gc,phases      ] GC(294)   Merge Heap Roots: 0.1ms
[52.396s][info][gc,phases      ] GC(294)   Evacuate Collection Set: 0.5ms
[52.396s][info][gc,phases      ] GC(294)   Post Evacuate Collection Set: 0.7ms
[52.396s][info][gc,phases      ] GC(294)   Other: 0.2ms
[52.396s][info][gc,heap        ] GC(294) Eden regions: 381->0(381)
[52.396s][info][gc,heap        ] GC(294) Survivor regions: 1->1(48)
[52.396s][info][gc,heap        ] GC(294) Old regions: 171->171
[52.396s][info][gc,heap        ] GC(294) Archive regions: 0->0
[52.396s][info][gc,heap        ] GC(294) Humongous regions: 12->12
[52.396s][info][gc,metaspace   ] GC(294) Metaspace: 61243K(62144K)->61243K(62144K) NonClass: 53665K(54144K)->53665K(54144K) Class: 7578K(8000K)->7578K(8000K)
[52.396s][info][gc             ] GC(294) Pause Young (Normal) (G1 Evacuation Pause) 555M->174M(638M) 2.060ms
[52.396s][info][gc,cpu         ] GC(294) User=0.00s Sys=0.00s Real=0.00s
[52.518s][info][gc,start       ] GC(295) Pause Young (Normal) (G1 Evacuation Pause)
[52.518s][info][gc,task        ] GC(295) Using 15 workers of 33 for evacuation
[52.519s][info][gc,phases      ] GC(295)   Pre Evacuate Collection Set: 0.1ms
[52.519s][info][gc,phases      ] GC(295)   Merge Heap Roots: 0.1ms
[52.519s][info][gc,phases      ] GC(295)   Evacuate Collection Set: 0.4ms
[52.519s][info][gc,phases      ] GC(295)   Post Evacuate Collection Set: 0.6ms
[52.519s][info][gc,phases      ] GC(295)   Other: 0.2ms
[52.519s][info][gc,heap        ] GC(295) Eden regions: 381->0(381)
[52.519s][info][gc,heap        ] GC(295) Survivor regions: 1->1(48)
[52.519s][info][gc,heap        ] GC(295) Old regions: 171->171
[52.519s][info][gc,heap        ] GC(295) Archive regions: 0->0
[52.519s][info][gc,heap        ] GC(295) Humongous regions: 12->12
[52.519s][info][gc,metaspace   ] GC(295) Metaspace: 61243K(62144K)->61243K(62144K) NonClass: 53665K(54144K)->53665K(54144K) Class: 7578K(8000K)->7578K(8000K)
[52.520s][info][gc             ] GC(295) Pause Young (Normal) (G1 Evacuation Pause) 555M->174M(638M) 1.987ms
[52.520s][info][gc,cpu         ] GC(295) User=0.00s Sys=0.00s Real=0.00s
[52.647s][info][gc,start       ] GC(296) Pause Young (Normal) (G1 Evacuation Pause)
[52.647s][info][gc,task        ] GC(296) Using 15 workers of 33 for evacuation
[52.649s][info][gc,phases      ] GC(296)   Pre Evacuate Collection Set: 0.2ms
[52.649s][info][gc,phases      ] GC(296)   Merge Heap Roots: 0.1ms
[52.649s][info][gc,phases      ] GC(296)   Evacuate Collection Set: 0.5ms
[52.649s][info][gc,phases      ] GC(296)   Post Evacuate Collection Set: 0.7ms
[52.649s][info][gc,phases      ] GC(296)   Other: 0.2ms
[52.649s][info][gc,heap        ] GC(296) Eden regions: 381->0(381)
[52.649s][info][gc,heap        ] GC(296) Survivor regions: 1->1(48)
[52.649s][info][gc,heap        ] GC(296) Old regions: 171->171
[52.649s][info][gc,heap        ] GC(296) Archive regions: 0->0
[52.649s][info][gc,heap        ] GC(296) Humongous regions: 12->12
[52.649s][info][gc,metaspace   ] GC(296) Metaspace: 61243K(62144K)->61243K(62144K) NonClass: 53665K(54144K)->53665K(54144K) Class: 7578K(8000K)->7578K(8000K)
[52.649s][info][gc             ] GC(296) Pause Young (Normal) (G1 Evacuation Pause) 555M->174M(638M) 2.055ms
[52.649s][info][gc,cpu         ] GC(296) User=0.00s Sys=0.00s Real=0.00s
[52.690s][info][gc,start       ] GC(297) Pause Full (System.gc())
[52.691s][info][gc,task        ] GC(297) Using 15 workers of 33 for full compaction
[52.691s][info][gc,phases,start] GC(297) Phase 1: Mark live objects
[52.732s][info][gc,phases      ] GC(297) Phase 1: Mark live objects 40.725ms
[52.732s][info][gc,phases,start] GC(297) Phase 2: Prepare compaction
[52.737s][info][gc,phases      ] GC(297) Phase 2: Prepare compaction 4.525ms
[52.737s][info][gc,phases,start] GC(297) Phase 3: Adjust pointers
[52.745s][info][gc,phases      ] GC(297) Phase 3: Adjust pointers 7.981ms
[52.745s][info][gc,phases,start] GC(297) Phase 4: Compact heap
[52.745s][info][gc,phases      ] GC(297) Phase 4: Compact heap 0.409ms
[52.753s][info][gc,heap        ] GC(297) Eden regions: 35->0(368)
[52.753s][info][gc,heap        ] GC(297) Survivor regions: 1->0(48)
[52.753s][info][gc,heap        ] GC(297) Old regions: 171->172
[52.753s][info][gc,heap        ] GC(297) Archive regions: 0->0
[52.753s][info][gc,heap        ] GC(297) Humongous regions: 17->12
[52.753s][info][gc,metaspace   ] GC(297) Metaspace: 61244K(62144K)->61244K(62144K) NonClass: 53665K(54144K)->53665K(54144K) Class: 7578K(8000K)->7578K(8000K)
[52.753s][info][gc             ] GC(297) Pause Full (System.gc()) 214M->174M(614M) 62.841ms
[52.753s][info][gc,cpu         ] GC(297) User=0.72s Sys=0.00s Real=0.06s
[52.924s][info][gc,start       ] GC(298) Pause Young (Normal) (G1 Evacuation Pause)
[52.924s][info][gc,task        ] GC(298) Using 14 workers of 33 for evacuation
[52.926s][info][gc,phases      ] GC(298)   Pre Evacuate Collection Set: 0.2ms
[52.926s][info][gc,phases      ] GC(298)   Merge Heap Roots: 0.1ms
[52.926s][info][gc,phases      ] GC(298)   Evacuate Collection Set: 0.5ms
[52.926s][info][gc,phases      ] GC(298)   Post Evacuate Collection Set: 0.7ms
[52.926s][info][gc,phases      ] GC(298)   Other: 0.2ms
[52.926s][info][gc,heap        ] GC(298) Eden regions: 368->0(367)
[52.926s][info][gc,heap        ] GC(298) Survivor regions: 0->1(46)
[52.926s][info][gc,heap        ] GC(298) Old regions: 172->172
[52.926s][info][gc,heap        ] GC(298) Archive regions: 0->0
[52.926s][info][gc,heap        ] GC(298) Humongous regions: 22->12
[52.926s][info][gc,metaspace   ] GC(298) Metaspace: 61253K(62144K)->61253K(62144K) NonClass: 53674K(54144K)->53674K(54144K) Class: 7578K(8000K)->7578K(8000K)
[52.927s][info][gc             ] GC(298) Pause Young (Normal) (G1 Evacuation Pause) 552M->174M(614M) 2.251ms
[52.927s][info][gc,cpu         ] GC(298) User=0.00s Sys=0.00s Real=0.00s
[53.052s][info][gc,start       ] GC(299) Pause Young (Normal) (G1 Evacuation Pause)
[53.052s][info][gc,task        ] GC(299) Using 14 workers of 33 for evacuation
[53.054s][info][gc,phases      ] GC(299)   Pre Evacuate Collection Set: 0.2ms
[53.054s][info][gc,phases      ] GC(299)   Merge Heap Roots: 0.1ms
[53.054s][info][gc,phases      ] GC(299)   Evacuate Collection Set: 0.5ms
[53.054s][info][gc,phases      ] GC(299)   Post Evacuate Collection Set: 0.7ms
[53.054s][info][gc,phases      ] GC(299)   Other: 0.2ms
[53.054s][info][gc,heap        ] GC(299) Eden regions: 367->0(367)
[53.054s][info][gc,heap        ] GC(299) Survivor regions: 1->1(46)
[53.054s][info][gc,heap        ] GC(299) Old regions: 172->172
[53.054s][info][gc,heap        ] GC(299) Archive regions: 0->0
[53.054s][info][gc,heap        ] GC(299) Humongous regions: 12->12
[53.054s][info][gc,metaspace   ] GC(299) Metaspace: 61253K(62144K)->61253K(62144K) NonClass: 53674K(54144K)->53674K(54144K) Class: 7578K(8000K)->7578K(8000K)
[53.054s][info][gc             ] GC(299) Pause Young (Normal) (G1 Evacuation Pause) 541M->174M(614M) 2.081ms
[53.054s][info][gc,cpu         ] GC(299) User=0.00s Sys=0.00s Real=0.00s
[53.187s][info][gc,start       ] GC(300) Pause Young (Normal) (G1 Evacuation Pause)
[53.187s][info][gc,task        ] GC(300) Using 14 workers of 33 for evacuation
[53.189s][info][gc,phases      ] GC(300)   Pre Evacuate Collection Set: 0.2ms
[53.189s][info][gc,phases      ] GC(300)   Merge Heap Roots: 0.1ms
[53.189s][info][gc,phases      ] GC(300)   Evacuate Collection Set: 0.4ms
[53.189s][info][gc,phases      ] GC(300)   Post Evacuate Collection Set: 0.7ms
[53.189s][info][gc,phases      ] GC(300)   Other: 0.2ms
[53.189s][info][gc,heap        ] GC(300) Eden regions: 367->0(367)
[53.189s][info][gc,heap        ] GC(300) Survivor regions: 1->1(46)
[53.189s][info][gc,heap        ] GC(300) Old regions: 172->172
[53.189s][info][gc,heap        ] GC(300) Archive regions: 0->0
[53.189s][info][gc,heap        ] GC(300) Humongous regions: 12->12
[53.189s][info][gc,metaspace   ] GC(300) Metaspace: 61253K(62144K)->61253K(62144K) NonClass: 53674K(54144K)->53674K(54144K) Class: 7578K(8000K)->7578K(8000K)
[53.189s][info][gc             ] GC(300) Pause Young (Normal) (G1 Evacuation Pause) 541M->174M(614M) 2.026ms
[53.189s][info][gc,cpu         ] GC(300) User=0.00s Sys=0.00s Real=0.00s
[53.316s][info][gc,start       ] GC(301) Pause Young (Normal) (G1 Evacuation Pause)
[53.316s][info][gc,task        ] GC(301) Using 14 workers of 33 for evacuation
[53.317s][info][gc,phases      ] GC(301)   Pre Evacuate Collection Set: 0.2ms
[53.317s][info][gc,phases      ] GC(301)   Merge Heap Roots: 0.1ms
[53.317s][info][gc,phases      ] GC(301)   Evacuate Collection Set: 0.5ms
[53.317s][info][gc,phases      ] GC(301)   Post Evacuate Collection Set: 0.6ms
[53.318s][info][gc,phases      ] GC(301)   Other: 0.2ms
[53.318s][info][gc,heap        ] GC(301) Eden regions: 367->0(367)
[53.318s][info][gc,heap        ] GC(301) Survivor regions: 1->1(46)
[53.318s][info][gc,heap        ] GC(301) Old regions: 172->172
[53.318s][info][gc,heap        ] GC(301) Archive regions: 0->0
[53.318s][info][gc,heap        ] GC(301) Humongous regions: 12->12
[53.318s][info][gc,metaspace   ] GC(301) Metaspace: 61253K(62144K)->61253K(62144K) NonClass: 53674K(54144K)->53674K(54144K) Class: 7578K(8000K)->7578K(8000K)
[53.318s][info][gc             ] GC(301) Pause Young (Normal) (G1 Evacuation Pause) 541M->174M(614M) 1.985ms
[53.318s][info][gc,cpu         ] GC(301) User=0.00s Sys=0.00s Real=0.00s
[53.435s][info][gc,start       ] GC(302) Pause Young (Normal) (G1 Evacuation Pause)
[53.435s][info][gc,task        ] GC(302) Using 14 workers of 33 for evacuation
[53.437s][info][gc,phases      ] GC(302)   Pre Evacuate Collection Set: 0.1ms
[53.437s][info][gc,phases      ] GC(302)   Merge Heap Roots: 0.1ms
[53.437s][info][gc,phases      ] GC(302)   Evacuate Collection Set: 0.4ms
[53.437s][info][gc,phases      ] GC(302)   Post Evacuate Collection Set: 0.7ms
[53.437s][info][gc,phases      ] GC(302)   Other: 0.2ms
[53.437s][info][gc,heap        ] GC(302) Eden regions: 367->0(367)
[53.437s][info][gc,heap        ] GC(302) Survivor regions: 1->1(46)
[53.437s][info][gc,heap        ] GC(302) Old regions: 172->172
[53.437s][info][gc,heap        ] GC(302) Archive regions: 0->0
[53.437s][info][gc,heap        ] GC(302) Humongous regions: 12->12
[53.437s][info][gc,metaspace   ] GC(302) Metaspace: 61253K(62144K)->61253K(62144K) NonClass: 53674K(54144K)->53674K(54144K) Class: 7578K(8000K)->7578K(8000K)
[53.437s][info][gc             ] GC(302) Pause Young (Normal) (G1 Evacuation Pause) 541M->174M(614M) 1.949ms
[53.437s][info][gc,cpu         ] GC(302) User=0.22s Sys=0.00s Real=0.02s
[53.489s][info][gc,start       ] GC(303) Pause Full (System.gc())
[53.490s][info][gc,task        ] GC(303) Using 14 workers of 33 for full compaction
[53.490s][info][gc,phases,start] GC(303) Phase 1: Mark live objects
[53.528s][info][gc,phases      ] GC(303) Phase 1: Mark live objects 37.537ms
[53.528s][info][gc,phases,start] GC(303) Phase 2: Prepare compaction
[53.532s][info][gc,phases      ] GC(303) Phase 2: Prepare compaction 4.682ms
[53.533s][info][gc,phases,start] GC(303) Phase 3: Adjust pointers
[53.541s][info][gc,phases      ] GC(303) Phase 3: Adjust pointers 8.270ms
[53.541s][info][gc,phases,start] GC(303) Phase 4: Compact heap
[53.541s][info][gc,phases      ] GC(303) Phase 4: Compact heap 0.486ms
[53.549s][info][gc,heap        ] GC(303) Eden regions: 90->0(366)
[53.549s][info][gc,heap        ] GC(303) Survivor regions: 1->0(46)
[53.549s][info][gc,heap        ] GC(303) Old regions: 172->171
[53.549s][info][gc,heap        ] GC(303) Archive regions: 0->0
[53.549s][info][gc,heap        ] GC(303) Humongous regions: 17->12
[53.549s][info][gc,metaspace   ] GC(303) Metaspace: 61260K(62144K)->61260K(62144K) NonClass: 53682K(54144K)->53682K(54144K) Class: 7578K(8000K)->7578K(8000K)
[53.549s][info][gc             ] GC(303) Pause Full (System.gc()) 269M->174M(610M) 59.556ms
[53.549s][info][gc,cpu         ] GC(303) User=0.66s Sys=0.00s Real=0.05s
[53.725s][info][gc,start       ] GC(304) Pause Young (Normal) (G1 Evacuation Pause)
[53.725s][info][gc,task        ] GC(304) Using 14 workers of 33 for evacuation
[53.726s][info][gc,phases      ] GC(304)   Pre Evacuate Collection Set: 0.2ms
[53.726s][info][gc,phases      ] GC(304)   Merge Heap Roots: 0.1ms
[53.726s][info][gc,phases      ] GC(304)   Evacuate Collection Set: 0.5ms
[53.727s][info][gc,phases      ] GC(304)   Post Evacuate Collection Set: 0.7ms
[53.727s][info][gc,phases      ] GC(304)   Other: 0.2ms
[53.727s][info][gc,heap        ] GC(304) Eden regions: 366->0(365)
[53.727s][info][gc,heap        ] GC(304) Survivor regions: 0->1(46)
[53.727s][info][gc,heap        ] GC(304) Old regions: 171->171
[53.727s][info][gc,heap        ] GC(304) Archive regions: 0->0
[53.727s][info][gc,heap        ] GC(304) Humongous regions: 22->12
[53.727s][info][gc,metaspace   ] GC(304) Metaspace: 61292K(62208K)->61292K(62208K) NonClass: 53713K(54208K)->53713K(54208K) Class: 7578K(8000K)->7578K(8000K)
[53.727s][info][gc             ] GC(304) Pause Young (Normal) (G1 Evacuation Pause) 550M->174M(610M) 2.271ms
[53.727s][info][gc,cpu         ] GC(304) User=0.00s Sys=0.00s Real=0.00s
[53.845s][info][gc,start       ] GC(305) Pause Young (Normal) (G1 Evacuation Pause)
[53.845s][info][gc,task        ] GC(305) Using 14 workers of 33 for evacuation
[53.847s][info][gc,phases      ] GC(305)   Pre Evacuate Collection Set: 0.2ms
[53.847s][info][gc,phases      ] GC(305)   Merge Heap Roots: 0.1ms
[53.847s][info][gc,phases      ] GC(305)   Evacuate Collection Set: 0.5ms
[53.847s][info][gc,phases      ] GC(305)   Post Evacuate Collection Set: 0.7ms
[53.847s][info][gc,phases      ] GC(305)   Other: 0.2ms
[53.847s][info][gc,heap        ] GC(305) Eden regions: 365->0(365)
[53.847s][info][gc,heap        ] GC(305) Survivor regions: 1->1(46)
[53.847s][info][gc,heap        ] GC(305) Old regions: 171->171
[53.847s][info][gc,heap        ] GC(305) Archive regions: 0->0
[53.847s][info][gc,heap        ] GC(305) Humongous regions: 12->12
[53.847s][info][gc,metaspace   ] GC(305) Metaspace: 61292K(62208K)->61292K(62208K) NonClass: 53713K(54208K)->53713K(54208K) Class: 7578K(8000K)->7578K(8000K)
[53.847s][info][gc             ] GC(305) Pause Young (Normal) (G1 Evacuation Pause) 539M->174M(610M) 2.050ms
[53.847s][info][gc,cpu         ] GC(305) User=0.03s Sys=0.00s Real=0.02s
[53.964s][info][gc,start       ] GC(306) Pause Young (Normal) (G1 Evacuation Pause)
[53.965s][info][gc,task        ] GC(306) Using 14 workers of 33 for evacuation
[53.966s][info][gc,phases      ] GC(306)   Pre Evacuate Collection Set: 0.1ms
[53.966s][info][gc,phases      ] GC(306)   Merge Heap Roots: 0.1ms
[53.966s][info][gc,phases      ] GC(306)   Evacuate Collection Set: 0.4ms
[53.966s][info][gc,phases      ] GC(306)   Post Evacuate Collection Set: 0.7ms
[53.966s][info][gc,phases      ] GC(306)   Other: 0.2ms
[53.966s][info][gc,heap        ] GC(306) Eden regions: 365->0(365)
[53.966s][info][gc,heap        ] GC(306) Survivor regions: 1->1(46)
[53.966s][info][gc,heap        ] GC(306) Old regions: 171->171
[53.966s][info][gc,heap        ] GC(306) Archive regions: 0->0
[53.966s][info][gc,heap        ] GC(306) Humongous regions: 12->12
[53.966s][info][gc,metaspace   ] GC(306) Metaspace: 61292K(62208K)->61292K(62208K) NonClass: 53713K(54208K)->53713K(54208K) Class: 7578K(8000K)->7578K(8000K)
[53.966s][info][gc             ] GC(306) Pause Young (Normal) (G1 Evacuation Pause) 539M->174M(610M) 2.044ms
[53.966s][info][gc,cpu         ] GC(306) User=0.00s Sys=0.00s Real=0.00s
[54.084s][info][gc,start       ] GC(307) Pause Young (Normal) (G1 Evacuation Pause)
[54.084s][info][gc,task        ] GC(307) Using 14 workers of 33 for evacuation
[54.086s][info][gc,phases      ] GC(307)   Pre Evacuate Collection Set: 0.1ms
[54.086s][info][gc,phases      ] GC(307)   Merge Heap Roots: 0.1ms
[54.086s][info][gc,phases      ] GC(307)   Evacuate Collection Set: 0.5ms
[54.086s][info][gc,phases      ] GC(307)   Post Evacuate Collection Set: 0.6ms
[54.086s][info][gc,phases      ] GC(307)   Other: 0.1ms
[54.086s][info][gc,heap        ] GC(307) Eden regions: 365->0(365)
[54.086s][info][gc,heap        ] GC(307) Survivor regions: 1->1(46)
[54.086s][info][gc,heap        ] GC(307) Old regions: 171->171
[54.086s][info][gc,heap        ] GC(307) Archive regions: 0->0
[54.086s][info][gc,heap        ] GC(307) Humongous regions: 12->12
[54.086s][info][gc,metaspace   ] GC(307) Metaspace: 61292K(62208K)->61292K(62208K) NonClass: 53713K(54208K)->53713K(54208K) Class: 7578K(8000K)->7578K(8000K)
[54.086s][info][gc             ] GC(307) Pause Young (Normal) (G1 Evacuation Pause) 539M->174M(610M) 1.929ms
[54.086s][info][gc,cpu         ] GC(307) User=0.00s Sys=0.00s Real=0.00s
[54.225s][info][gc,start       ] GC(308) Pause Young (Normal) (G1 Evacuation Pause)
[54.225s][info][gc,task        ] GC(308) Using 14 workers of 33 for evacuation
[54.226s][info][gc,phases      ] GC(308)   Pre Evacuate Collection Set: 0.1ms
[54.226s][info][gc,phases      ] GC(308)   Merge Heap Roots: 0.1ms
[54.226s][info][gc,phases      ] GC(308)   Evacuate Collection Set: 0.5ms
[54.226s][info][gc,phases      ] GC(308)   Post Evacuate Collection Set: 0.7ms
[54.227s][info][gc,phases      ] GC(308)   Other: 0.2ms
[54.227s][info][gc,heap        ] GC(308) Eden regions: 365->0(365)
[54.227s][info][gc,heap        ] GC(308) Survivor regions: 1->1(46)
[54.227s][info][gc,heap        ] GC(308) Old regions: 171->171
[54.227s][info][gc,heap        ] GC(308) Archive regions: 0->0
[54.227s][info][gc,heap        ] GC(308) Humongous regions: 12->12
[54.227s][info][gc,metaspace   ] GC(308) Metaspace: 61292K(62208K)->61292K(62208K) NonClass: 53713K(54208K)->53713K(54208K) Class: 7578K(8000K)->7578K(8000K)
[54.227s][info][gc             ] GC(308) Pause Young (Normal) (G1 Evacuation Pause) 539M->174M(610M) 2.060ms
[54.227s][info][gc,cpu         ] GC(308) User=0.00s Sys=0.00s Real=0.00s
[54.289s][info][gc,start       ] GC(309) Pause Full (System.gc())
[54.289s][info][gc,task        ] GC(309) Using 14 workers of 33 for full compaction
[54.290s][info][gc,phases,start] GC(309) Phase 1: Mark live objects
[54.331s][info][gc,phases      ] GC(309) Phase 1: Mark live objects 40.662ms
[54.331s][info][gc,phases,start] GC(309) Phase 2: Prepare compaction
[54.335s][info][gc,phases      ] GC(309) Phase 2: Prepare compaction 4.711ms
[54.335s][info][gc,phases,start] GC(309) Phase 3: Adjust pointers
[54.343s][info][gc,phases      ] GC(309) Phase 3: Adjust pointers 8.093ms
[54.344s][info][gc,phases,start] GC(309) Phase 4: Compact heap
[54.344s][info][gc,phases      ] GC(309) Phase 4: Compact heap 0.467ms
[54.352s][info][gc,heap        ] GC(309) Eden regions: 100->0(366)
[54.352s][info][gc,heap        ] GC(309) Survivor regions: 1->0(46)
[54.352s][info][gc,heap        ] GC(309) Old regions: 171->171
[54.352s][info][gc,heap        ] GC(309) Archive regions: 0->0
[54.352s][info][gc,heap        ] GC(309) Humongous regions: 17->12
[54.352s][info][gc,metaspace   ] GC(309) Metaspace: 61301K(62208K)->61301K(62208K) NonClass: 53723K(54208K)->53723K(54208K) Class: 7578K(8000K)->7578K(8000K)
[54.352s][info][gc             ] GC(309) Pause Full (System.gc()) 279M->174M(610M) 62.956ms
[54.352s][info][gc,cpu         ] GC(309) User=0.67s Sys=0.00s Real=0.06s
[54.528s][info][gc,start       ] GC(310) Pause Young (Normal) (G1 Evacuation Pause)
[54.528s][info][gc,task        ] GC(310) Using 14 workers of 33 for evacuation
[54.530s][info][gc,phases      ] GC(310)   Pre Evacuate Collection Set: 0.2ms
[54.530s][info][gc,phases      ] GC(310)   Merge Heap Roots: 0.1ms
[54.530s][info][gc,phases      ] GC(310)   Evacuate Collection Set: 0.5ms
[54.530s][info][gc,phases      ] GC(310)   Post Evacuate Collection Set: 1.0ms
[54.530s][info][gc,phases      ] GC(310)   Other: 0.2ms
[54.530s][info][gc,heap        ] GC(310) Eden regions: 366->0(381)
[54.530s][info][gc,heap        ] GC(310) Survivor regions: 0->1(46)
[54.530s][info][gc,heap        ] GC(310) Old regions: 171->171
[54.530s][info][gc,heap        ] GC(310) Archive regions: 0->0
[54.530s][info][gc,heap        ] GC(310) Humongous regions: 22->12
[54.530s][info][gc,metaspace   ] GC(310) Metaspace: 61311K(62208K)->61311K(62208K) NonClass: 53733K(54208K)->53733K(54208K) Class: 7578K(8000K)->7578K(8000K)
[54.530s][info][gc             ] GC(310) Pause Young (Normal) (G1 Evacuation Pause) 550M->174M(637M) 2.582ms
[54.530s][info][gc,cpu         ] GC(310) User=0.00s Sys=0.00s Real=0.00s
[54.677s][info][gc,start       ] GC(311) Pause Young (Normal) (G1 Evacuation Pause)
[54.677s][info][gc,task        ] GC(311) Using 15 workers of 33 for evacuation
[54.679s][info][gc,phases      ] GC(311)   Pre Evacuate Collection Set: 0.2ms
[54.679s][info][gc,phases      ] GC(311)   Merge Heap Roots: 0.1ms
[54.679s][info][gc,phases      ] GC(311)   Evacuate Collection Set: 0.4ms
[54.679s][info][gc,phases      ] GC(311)   Post Evacuate Collection Set: 0.6ms
[54.679s][info][gc,phases      ] GC(311)   Other: 0.2ms
[54.679s][info][gc,heap        ] GC(311) Eden regions: 381->0(381)
[54.679s][info][gc,heap        ] GC(311) Survivor regions: 1->1(48)
[54.679s][info][gc,heap        ] GC(311) Old regions: 171->171
[54.679s][info][gc,heap        ] GC(311) Archive regions: 0->0
[54.679s][info][gc,heap        ] GC(311) Humongous regions: 12->12
[54.679s][info][gc,metaspace   ] GC(311) Metaspace: 61311K(62208K)->61311K(62208K) NonClass: 53733K(54208K)->53733K(54208K) Class: 7578K(8000K)->7578K(8000K)
[54.679s][info][gc             ] GC(311) Pause Young (Normal) (G1 Evacuation Pause) 555M->174M(637M) 2.016ms
[54.679s][info][gc,cpu         ] GC(311) User=0.23s Sys=0.00s Real=0.02s
[54.808s][info][gc,start       ] GC(312) Pause Young (Normal) (G1 Evacuation Pause)
[54.808s][info][gc,task        ] GC(312) Using 15 workers of 33 for evacuation
[54.810s][info][gc,phases      ] GC(312)   Pre Evacuate Collection Set: 0.1ms
[54.810s][info][gc,phases      ] GC(312)   Merge Heap Roots: 0.1ms
[54.810s][info][gc,phases      ] GC(312)   Evacuate Collection Set: 0.4ms
[54.810s][info][gc,phases      ] GC(312)   Post Evacuate Collection Set: 0.7ms
[54.810s][info][gc,phases      ] GC(312)   Other: 0.2ms
[54.810s][info][gc,heap        ] GC(312) Eden regions: 381->0(381)
[54.810s][info][gc,heap        ] GC(312) Survivor regions: 1->1(48)
[54.810s][info][gc,heap        ] GC(312) Old regions: 171->171
[54.810s][info][gc,heap        ] GC(312) Archive regions: 0->0
[54.810s][info][gc,heap        ] GC(312) Humongous regions: 12->12
[54.810s][info][gc,metaspace   ] GC(312) Metaspace: 61311K(62208K)->61311K(62208K) NonClass: 53733K(54208K)->53733K(54208K) Class: 7578K(8000K)->7578K(8000K)
[54.810s][info][gc             ] GC(312) Pause Young (Normal) (G1 Evacuation Pause) 555M->174M(637M) 1.979ms
[54.810s][info][gc,cpu         ] GC(312) User=0.00s Sys=0.00s Real=0.00s
[54.934s][info][gc,start       ] GC(313) Pause Young (Normal) (G1 Evacuation Pause)
[54.934s][info][gc,task        ] GC(313) Using 15 workers of 33 for evacuation
[54.935s][info][gc,phases      ] GC(313)   Pre Evacuate Collection Set: 0.1ms
[54.935s][info][gc,phases      ] GC(313)   Merge Heap Roots: 0.1ms
[54.936s][info][gc,phases      ] GC(313)   Evacuate Collection Set: 0.4ms
[54.936s][info][gc,phases      ] GC(313)   Post Evacuate Collection Set: 0.7ms
[54.936s][info][gc,phases      ] GC(313)   Other: 0.2ms
[54.936s][info][gc,heap        ] GC(313) Eden regions: 381->0(381)
[54.936s][info][gc,heap        ] GC(313) Survivor regions: 1->1(48)
[54.936s][info][gc,heap        ] GC(313) Old regions: 171->171
[54.936s][info][gc,heap        ] GC(313) Archive regions: 0->0
[54.936s][info][gc,heap        ] GC(313) Humongous regions: 12->12
[54.936s][info][gc,metaspace   ] GC(313) Metaspace: 61311K(62208K)->61311K(62208K) NonClass: 53733K(54208K)->53733K(54208K) Class: 7578K(8000K)->7578K(8000K)
[54.936s][info][gc             ] GC(313) Pause Young (Normal) (G1 Evacuation Pause) 555M->174M(637M) 1.978ms
[54.936s][info][gc,cpu         ] GC(313) User=0.00s Sys=0.00s Real=0.00s
[55.066s][info][gc,start       ] GC(314) Pause Young (Normal) (G1 Evacuation Pause)
[55.066s][info][gc,task        ] GC(314) Using 15 workers of 33 for evacuation
[55.068s][info][gc,phases      ] GC(314)   Pre Evacuate Collection Set: 0.2ms
[55.068s][info][gc,phases      ] GC(314)   Merge Heap Roots: 0.1ms
[55.068s][info][gc,phases      ] GC(314)   Evacuate Collection Set: 0.5ms
[55.068s][info][gc,phases      ] GC(314)   Post Evacuate Collection Set: 0.7ms
[55.068s][info][gc,phases      ] GC(314)   Other: 0.2ms
[55.068s][info][gc,heap        ] GC(314) Eden regions: 381->0(381)
[55.068s][info][gc,heap        ] GC(314) Survivor regions: 1->1(48)
[55.068s][info][gc,heap        ] GC(314) Old regions: 171->171
[55.068s][info][gc,heap        ] GC(314) Archive regions: 0->0
[55.068s][info][gc,heap        ] GC(314) Humongous regions: 12->12
[55.068s][info][gc,metaspace   ] GC(314) Metaspace: 61311K(62208K)->61311K(62208K) NonClass: 53733K(54208K)->53733K(54208K) Class: 7578K(8000K)->7578K(8000K)
[55.068s][info][gc             ] GC(314) Pause Young (Normal) (G1 Evacuation Pause) 555M->174M(637M) 2.110ms
[55.068s][info][gc,cpu         ] GC(314) User=0.00s Sys=0.00s Real=0.00s
[55.110s][info][gc,start       ] GC(315) Pause Full (System.gc())
[55.110s][info][gc,task        ] GC(315) Using 15 workers of 33 for full compaction
[55.111s][info][gc,phases,start] GC(315) Phase 1: Mark live objects
[55.156s][info][gc,phases      ] GC(315) Phase 1: Mark live objects 45.409ms
[55.156s][info][gc,phases,start] GC(315) Phase 2: Prepare compaction
[55.162s][info][gc,phases      ] GC(315) Phase 2: Prepare compaction 5.796ms
[55.162s][info][gc,phases,start] GC(315) Phase 3: Adjust pointers
[55.171s][info][gc,phases      ] GC(315) Phase 3: Adjust pointers 9.230ms
[55.171s][info][gc,phases,start] GC(315) Phase 4: Compact heap
[55.172s][info][gc,phases      ] GC(315) Phase 4: Compact heap 0.583ms
[55.181s][info][gc,heap        ] GC(315) Eden regions: 36->0(368)
[55.181s][info][gc,heap        ] GC(315) Survivor regions: 1->0(48)
[55.181s][info][gc,heap        ] GC(315) Old regions: 171->172
[55.181s][info][gc,heap        ] GC(315) Archive regions: 0->0
[55.181s][info][gc,heap        ] GC(315) Humongous regions: 17->12
[55.181s][info][gc,metaspace   ] GC(315) Metaspace: 61322K(62208K)->61322K(62208K) NonClass: 53743K(54208K)->53743K(54208K) Class: 7578K(8000K)->7578K(8000K)
[55.181s][info][gc             ] GC(315) Pause Full (System.gc()) 215M->174M(614M) 71.238ms
[55.181s][info][gc,cpu         ] GC(315) User=0.72s Sys=0.00s Real=0.06s
[55.354s][info][gc,start       ] GC(316) Pause Young (Normal) (G1 Evacuation Pause)
[55.355s][info][gc,task        ] GC(316) Using 14 workers of 33 for evacuation
[55.356s][info][gc,phases      ] GC(316)   Pre Evacuate Collection Set: 0.2ms
[55.356s][info][gc,phases      ] GC(316)   Merge Heap Roots: 0.2ms
[55.356s][info][gc,phases      ] GC(316)   Evacuate Collection Set: 0.5ms
[55.357s][info][gc,phases      ] GC(316)   Post Evacuate Collection Set: 0.7ms
[55.357s][info][gc,phases      ] GC(316)   Other: 0.2ms
[55.357s][info][gc,heap        ] GC(316) Eden regions: 368->0(367)
[55.357s][info][gc,heap        ] GC(316) Survivor regions: 0->1(46)
[55.357s][info][gc,heap        ] GC(316) Old regions: 172->172
[55.357s][info][gc,heap        ] GC(316) Archive regions: 0->0
[55.357s][info][gc,heap        ] GC(316) Humongous regions: 22->12
[55.357s][info][gc,metaspace   ] GC(316) Metaspace: 61327K(62208K)->61327K(62208K) NonClass: 53749K(54208K)->53749K(54208K) Class: 7578K(8000K)->7578K(8000K)
[55.357s][info][gc             ] GC(316) Pause Young (Normal) (G1 Evacuation Pause) 552M->174M(614M) 2.300ms
[55.357s][info][gc,cpu         ] GC(316) User=0.00s Sys=0.00s Real=0.00s
[55.482s][info][gc,start       ] GC(317) Pause Young (Normal) (G1 Evacuation Pause)
[55.482s][info][gc,task        ] GC(317) Using 14 workers of 33 for evacuation
[55.484s][info][gc,phases      ] GC(317)   Pre Evacuate Collection Set: 0.2ms
[55.484s][info][gc,phases      ] GC(317)   Merge Heap Roots: 0.1ms
[55.484s][info][gc,phases      ] GC(317)   Evacuate Collection Set: 0.5ms
[55.484s][info][gc,phases      ] GC(317)   Post Evacuate Collection Set: 0.7ms
[55.484s][info][gc,phases      ] GC(317)   Other: 0.2ms
[55.484s][info][gc,heap        ] GC(317) Eden regions: 367->0(367)
[55.484s][info][gc,heap        ] GC(317) Survivor regions: 1->1(46)
[55.484s][info][gc,heap        ] GC(317) Old regions: 172->172
[55.484s][info][gc,heap        ] GC(317) Archive regions: 0->0
[55.484s][info][gc,heap        ] GC(317) Humongous regions: 12->12
[55.484s][info][gc,metaspace   ] GC(317) Metaspace: 61327K(62208K)->61327K(62208K) NonClass: 53749K(54208K)->53749K(54208K) Class: 7578K(8000K)->7578K(8000K)
[55.484s][info][gc             ] GC(317) Pause Young (Normal) (G1 Evacuation Pause) 541M->174M(614M) 2.143ms
[55.484s][info][gc,cpu         ] GC(317) User=0.16s Sys=0.03s Real=0.02s
[55.602s][info][gc,start       ] GC(318) Pause Young (Normal) (G1 Evacuation Pause)
[55.602s][info][gc,task        ] GC(318) Using 14 workers of 33 for evacuation
[55.603s][info][gc,phases      ] GC(318)   Pre Evacuate Collection Set: 0.1ms
[55.604s][info][gc,phases      ] GC(318)   Merge Heap Roots: 0.1ms
[55.604s][info][gc,phases      ] GC(318)   Evacuate Collection Set: 0.4ms
[55.604s][info][gc,phases      ] GC(318)   Post Evacuate Collection Set: 0.6ms
[55.604s][info][gc,phases      ] GC(318)   Other: 0.2ms
[55.604s][info][gc,heap        ] GC(318) Eden regions: 367->0(367)
[55.604s][info][gc,heap        ] GC(318) Survivor regions: 1->1(46)
[55.604s][info][gc,heap        ] GC(318) Old regions: 172->172
[55.604s][info][gc,heap        ] GC(318) Archive regions: 0->0
[55.604s][info][gc,heap        ] GC(318) Humongous regions: 12->12
[55.604s][info][gc,metaspace   ] GC(318) Metaspace: 61327K(62208K)->61327K(62208K) NonClass: 53749K(54208K)->53749K(54208K) Class: 7578K(8000K)->7578K(8000K)
[55.604s][info][gc             ] GC(318) Pause Young (Normal) (G1 Evacuation Pause) 541M->174M(614M) 1.979ms
[55.604s][info][gc,cpu         ] GC(318) User=0.00s Sys=0.00s Real=0.00s
[55.722s][info][gc,start       ] GC(319) Pause Young (Normal) (G1 Evacuation Pause)
[55.722s][info][gc,task        ] GC(319) Using 14 workers of 33 for evacuation
[55.724s][info][gc,phases      ] GC(319)   Pre Evacuate Collection Set: 0.1ms
[55.724s][info][gc,phases      ] GC(319)   Merge Heap Roots: 0.1ms
[55.724s][info][gc,phases      ] GC(319)   Evacuate Collection Set: 0.4ms
[55.724s][info][gc,phases      ] GC(319)   Post Evacuate Collection Set: 0.7ms
[55.724s][info][gc,phases      ] GC(319)   Other: 0.2ms
[55.724s][info][gc,heap        ] GC(319) Eden regions: 367->0(367)
[55.724s][info][gc,heap        ] GC(319) Survivor regions: 1->1(46)
[55.724s][info][gc,heap        ] GC(319) Old regions: 172->172
[55.724s][info][gc,heap        ] GC(319) Archive regions: 0->0
[55.724s][info][gc,heap        ] GC(319) Humongous regions: 12->12
[55.724s][info][gc,metaspace   ] GC(319) Metaspace: 61327K(62208K)->61327K(62208K) NonClass: 53749K(54208K)->53749K(54208K) Class: 7578K(8000K)->7578K(8000K)
[55.724s][info][gc             ] GC(319) Pause Young (Normal) (G1 Evacuation Pause) 541M->174M(614M) 1.968ms
[55.724s][info][gc,cpu         ] GC(319) User=0.00s Sys=0.00s Real=0.00s
[55.851s][info][gc,start       ] GC(320) Pause Young (Normal) (G1 Evacuation Pause)
[55.851s][info][gc,task        ] GC(320) Using 14 workers of 33 for evacuation
[55.853s][info][gc,phases      ] GC(320)   Pre Evacuate Collection Set: 0.1ms
[55.853s][info][gc,phases      ] GC(320)   Merge Heap Roots: 0.1ms
[55.853s][info][gc,phases      ] GC(320)   Evacuate Collection Set: 0.4ms
[55.853s][info][gc,phases      ] GC(320)   Post Evacuate Collection Set: 0.7ms
[55.853s][info][gc,phases      ] GC(320)   Other: 0.2ms
[55.853s][info][gc,heap        ] GC(320) Eden regions: 367->0(367)
[55.853s][info][gc,heap        ] GC(320) Survivor regions: 1->1(46)
[55.853s][info][gc,heap        ] GC(320) Old regions: 172->172
[55.853s][info][gc,heap        ] GC(320) Archive regions: 0->0
[55.853s][info][gc,heap        ] GC(320) Humongous regions: 12->12
[55.853s][info][gc,metaspace   ] GC(320) Metaspace: 61327K(62208K)->61327K(62208K) NonClass: 53749K(54208K)->53749K(54208K) Class: 7578K(8000K)->7578K(8000K)
[55.853s][info][gc             ] GC(320) Pause Young (Normal) (G1 Evacuation Pause) 541M->174M(614M) 2.002ms
[55.853s][info][gc,cpu         ] GC(320) User=0.00s Sys=0.00s Real=0.00s
[55.910s][info][gc,start       ] GC(321) Pause Full (System.gc())
[55.910s][info][gc,task        ] GC(321) Using 14 workers of 33 for full compaction
[55.910s][info][gc,phases,start] GC(321) Phase 1: Mark live objects
[55.951s][info][gc,phases      ] GC(321) Phase 1: Mark live objects 40.367ms
[55.951s][info][gc,phases,start] GC(321) Phase 2: Prepare compaction
[55.956s][info][gc,phases      ] GC(321) Phase 2: Prepare compaction 4.986ms
[55.956s][info][gc,phases,start] GC(321) Phase 3: Adjust pointers
[55.964s][info][gc,phases      ] GC(321) Phase 3: Adjust pointers 8.075ms
[55.964s][info][gc,phases,start] GC(321) Phase 4: Compact heap
[55.965s][info][gc,phases      ] GC(321) Phase 4: Compact heap 0.677ms
[55.974s][info][gc,heap        ] GC(321) Eden regions: 90->0(368)
[55.974s][info][gc,heap        ] GC(321) Survivor regions: 1->0(46)
[55.974s][info][gc,heap        ] GC(321) Old regions: 172->172
[55.974s][info][gc,heap        ] GC(321) Archive regions: 0->0
[55.974s][info][gc,heap        ] GC(321) Humongous regions: 17->12
[55.974s][info][gc,metaspace   ] GC(321) Metaspace: 61330K(62208K)->61330K(62208K) NonClass: 53752K(54208K)->53752K(54208K) Class: 7578K(8000K)->7578K(8000K)
[55.974s][info][gc             ] GC(321) Pause Full (System.gc()) 269M->174M(614M) 64.633ms
[55.974s][info][gc,cpu         ] GC(321) User=0.67s Sys=0.00s Real=0.06s
[56.145s][info][gc,start       ] GC(322) Pause Young (Normal) (G1 Evacuation Pause)
[56.145s][info][gc,task        ] GC(322) Using 14 workers of 33 for evacuation
[56.147s][info][gc,phases      ] GC(322)   Pre Evacuate Collection Set: 0.2ms
[56.147s][info][gc,phases      ] GC(322)   Merge Heap Roots: 0.1ms
[56.147s][info][gc,phases      ] GC(322)   Evacuate Collection Set: 0.5ms
[56.147s][info][gc,phases      ] GC(322)   Post Evacuate Collection Set: 0.6ms
[56.147s][info][gc,phases      ] GC(322)   Other: 0.2ms
[56.147s][info][gc,heap        ] GC(322) Eden regions: 368->0(367)
[56.147s][info][gc,heap        ] GC(322) Survivor regions: 0->1(46)
[56.147s][info][gc,heap        ] GC(322) Old regions: 172->172
[56.147s][info][gc,heap        ] GC(322) Archive regions: 0->0
[56.147s][info][gc,heap        ] GC(322) Humongous regions: 22->12
[56.147s][info][gc,metaspace   ] GC(322) Metaspace: 61349K(62208K)->61349K(62208K) NonClass: 53771K(54208K)->53771K(54208K) Class: 7578K(8000K)->7578K(8000K)
[56.147s][info][gc             ] GC(322) Pause Young (Normal) (G1 Evacuation Pause) 552M->175M(614M) 2.174ms
[56.147s][info][gc,cpu         ] GC(322) User=0.00s Sys=0.00s Real=0.00s
[56.281s][info][gc,start       ] GC(323) Pause Young (Normal) (G1 Evacuation Pause)
[56.282s][info][gc,task        ] GC(323) Using 14 workers of 33 for evacuation
[56.283s][info][gc,phases      ] GC(323)   Pre Evacuate Collection Set: 0.2ms
[56.283s][info][gc,phases      ] GC(323)   Merge Heap Roots: 0.1ms
[56.283s][info][gc,phases      ] GC(323)   Evacuate Collection Set: 0.4ms
[56.283s][info][gc,phases      ] GC(323)   Post Evacuate Collection Set: 0.7ms
[56.283s][info][gc,phases      ] GC(323)   Other: 0.2ms
[56.283s][info][gc,heap        ] GC(323) Eden regions: 367->0(367)
[56.283s][info][gc,heap        ] GC(323) Survivor regions: 1->1(46)
[56.283s][info][gc,heap        ] GC(323) Old regions: 172->172
[56.283s][info][gc,heap        ] GC(323) Archive regions: 0->0
[56.283s][info][gc,heap        ] GC(323) Humongous regions: 12->12
[56.283s][info][gc,metaspace   ] GC(323) Metaspace: 61349K(62208K)->61349K(62208K) NonClass: 53771K(54208K)->53771K(54208K) Class: 7578K(8000K)->7578K(8000K)
[56.283s][info][gc             ] GC(323) Pause Young (Normal) (G1 Evacuation Pause) 542M->175M(614M) 2.015ms
[56.284s][info][gc,cpu         ] GC(323) User=0.00s Sys=0.00s Real=0.00s
[56.417s][info][gc,start       ] GC(324) Pause Young (Normal) (G1 Evacuation Pause)
[56.417s][info][gc,task        ] GC(324) Using 14 workers of 33 for evacuation
[56.418s][info][gc,phases      ] GC(324)   Pre Evacuate Collection Set: 0.2ms
[56.418s][info][gc,phases      ] GC(324)   Merge Heap Roots: 0.1ms
[56.418s][info][gc,phases      ] GC(324)   Evacuate Collection Set: 0.5ms
[56.418s][info][gc,phases      ] GC(324)   Post Evacuate Collection Set: 0.7ms
[56.418s][info][gc,phases      ] GC(324)   Other: 0.2ms
[56.419s][info][gc,heap        ] GC(324) Eden regions: 367->0(367)
[56.419s][info][gc,heap        ] GC(324) Survivor regions: 1->1(46)
[56.419s][info][gc,heap        ] GC(324) Old regions: 172->172
[56.419s][info][gc,heap        ] GC(324) Archive regions: 0->0
[56.419s][info][gc,heap        ] GC(324) Humongous regions: 12->12
[56.419s][info][gc,metaspace   ] GC(324) Metaspace: 61349K(62208K)->61349K(62208K) NonClass: 53771K(54208K)->53771K(54208K) Class: 7578K(8000K)->7578K(8000K)
[56.419s][info][gc             ] GC(324) Pause Young (Normal) (G1 Evacuation Pause) 542M->175M(614M) 2.062ms
[56.419s][info][gc,cpu         ] GC(324) User=0.02s Sys=0.00s Real=0.02s
[56.538s][info][gc,start       ] GC(325) Pause Young (Normal) (G1 Evacuation Pause)
[56.538s][info][gc,task        ] GC(325) Using 14 workers of 33 for evacuation
[56.539s][info][gc,phases      ] GC(325)   Pre Evacuate Collection Set: 0.1ms
[56.539s][info][gc,phases      ] GC(325)   Merge Heap Roots: 0.1ms
[56.539s][info][gc,phases      ] GC(325)   Evacuate Collection Set: 0.4ms
[56.539s][info][gc,phases      ] GC(325)   Post Evacuate Collection Set: 0.6ms
[56.539s][info][gc,phases      ] GC(325)   Other: 0.2ms
[56.539s][info][gc,heap        ] GC(325) Eden regions: 367->0(367)
[56.539s][info][gc,heap        ] GC(325) Survivor regions: 1->1(46)
[56.539s][info][gc,heap        ] GC(325) Old regions: 172->172
[56.539s][info][gc,heap        ] GC(325) Archive regions: 0->0
[56.539s][info][gc,heap        ] GC(325) Humongous regions: 12->12
[56.539s][info][gc,metaspace   ] GC(325) Metaspace: 61349K(62208K)->61349K(62208K) NonClass: 53771K(54208K)->53771K(54208K) Class: 7578K(8000K)->7578K(8000K)
[56.540s][info][gc             ] GC(325) Pause Young (Normal) (G1 Evacuation Pause) 542M->175M(614M) 1.904ms
[56.540s][info][gc,cpu         ] GC(325) User=0.00s Sys=0.00s Real=0.00s
[56.657s][info][gc,start       ] GC(326) Pause Young (Normal) (G1 Evacuation Pause)
[56.657s][info][gc,task        ] GC(326) Using 14 workers of 33 for evacuation
[56.658s][info][gc,phases      ] GC(326)   Pre Evacuate Collection Set: 0.1ms
[56.658s][info][gc,phases      ] GC(326)   Merge Heap Roots: 0.1ms
[56.658s][info][gc,phases      ] GC(326)   Evacuate Collection Set: 0.4ms
[56.658s][info][gc,phases      ] GC(326)   Post Evacuate Collection Set: 0.6ms
[56.658s][info][gc,phases      ] GC(326)   Other: 0.2ms
[56.658s][info][gc,heap        ] GC(326) Eden regions: 367->0(367)
[56.658s][info][gc,heap        ] GC(326) Survivor regions: 1->1(46)
[56.658s][info][gc,heap        ] GC(326) Old regions: 172->172
[56.658s][info][gc,heap        ] GC(326) Archive regions: 0->0
[56.658s][info][gc,heap        ] GC(326) Humongous regions: 12->12
[56.658s][info][gc,metaspace   ] GC(326) Metaspace: 61349K(62208K)->61349K(62208K) NonClass: 53771K(54208K)->53771K(54208K) Class: 7578K(8000K)->7578K(8000K)
[56.659s][info][gc             ] GC(326) Pause Young (Normal) (G1 Evacuation Pause) 542M->175M(614M) 1.899ms
[56.659s][info][gc,cpu         ] GC(326) User=0.00s Sys=0.00s Real=0.00s
[56.709s][info][gc,start       ] GC(327) Pause Full (System.gc())
[56.709s][info][gc,task        ] GC(327) Using 14 workers of 33 for full compaction
[56.709s][info][gc,phases,start] GC(327) Phase 1: Mark live objects
[56.748s][info][gc,phases      ] GC(327) Phase 1: Mark live objects 38.817ms
[56.748s][info][gc,phases,start] GC(327) Phase 2: Prepare compaction
[56.753s][info][gc,phases      ] GC(327) Phase 2: Prepare compaction 4.633ms
[56.753s][info][gc,phases,start] GC(327) Phase 3: Adjust pointers
[56.761s][info][gc,phases      ] GC(327) Phase 3: Adjust pointers 8.202ms
[56.761s][info][gc,phases,start] GC(327) Phase 4: Compact heap
[56.761s][info][gc,phases      ] GC(327) Phase 4: Compact heap 0.428ms
[56.769s][info][gc,heap        ] GC(327) Eden regions: 90->0(368)
[56.769s][info][gc,heap        ] GC(327) Survivor regions: 1->0(46)
[56.769s][info][gc,heap        ] GC(327) Old regions: 172->172
[56.769s][info][gc,heap        ] GC(327) Archive regions: 0->0
[56.769s][info][gc,heap        ] GC(327) Humongous regions: 17->12
[56.769s][info][gc,metaspace   ] GC(327) Metaspace: 61376K(62272K)->61376K(62272K) NonClass: 53798K(54272K)->53798K(54272K) Class: 7578K(8000K)->7578K(8000K)
[56.769s][info][gc             ] GC(327) Pause Full (System.gc()) 269M->174M(614M) 60.628ms
[56.769s][info][gc,cpu         ] GC(327) User=0.66s Sys=0.02s Real=0.06s
[56.940s][info][gc,start       ] GC(328) Pause Young (Normal) (G1 Evacuation Pause)
[56.940s][info][gc,task        ] GC(328) Using 14 workers of 33 for evacuation
[56.942s][info][gc,phases      ] GC(328)   Pre Evacuate Collection Set: 0.2ms
[56.942s][info][gc,phases      ] GC(328)   Merge Heap Roots: 0.1ms
[56.943s][info][gc,phases      ] GC(328)   Evacuate Collection Set: 0.6ms
[56.943s][info][gc,phases      ] GC(328)   Post Evacuate Collection Set: 1.1ms
[56.943s][info][gc,phases      ] GC(328)   Other: 0.2ms
[56.943s][info][gc,heap        ] GC(328) Eden regions: 368->0(384)
[56.943s][info][gc,heap        ] GC(328) Survivor regions: 0->1(46)
[56.943s][info][gc,heap        ] GC(328) Old regions: 172->172
[56.943s][info][gc,heap        ] GC(328) Archive regions: 0->0
[56.943s][info][gc,heap        ] GC(328) Humongous regions: 22->12
[56.943s][info][gc,metaspace   ] GC(328) Metaspace: 61481K(62400K)->61481K(62400K) NonClass: 53902K(54400K)->53902K(54400K) Class: 7578K(8000K)->7578K(8000K)
[56.943s][info][gc             ] GC(328) Pause Young (Normal) (G1 Evacuation Pause) 552M->175M(643M) 2.813ms
[56.943s][info][gc,cpu         ] GC(328) User=0.00s Sys=0.00s Real=0.00s
[57.078s][info][gc,start       ] GC(329) Pause Young (Normal) (G1 Evacuation Pause)
[57.078s][info][gc,task        ] GC(329) Using 15 workers of 33 for evacuation
[57.080s][info][gc,phases      ] GC(329)   Pre Evacuate Collection Set: 0.2ms
[57.080s][info][gc,phases      ] GC(329)   Merge Heap Roots: 0.1ms
[57.080s][info][gc,phases      ] GC(329)   Evacuate Collection Set: 0.5ms
[57.080s][info][gc,phases      ] GC(329)   Post Evacuate Collection Set: 0.7ms
[57.080s][info][gc,phases      ] GC(329)   Other: 0.2ms
[57.080s][info][gc,heap        ] GC(329) Eden regions: 384->0(384)
[57.080s][info][gc,heap        ] GC(329) Survivor regions: 1->1(49)
[57.080s][info][gc,heap        ] GC(329) Old regions: 172->172
[57.080s][info][gc,heap        ] GC(329) Archive regions: 0->0
[57.080s][info][gc,heap        ] GC(329) Humongous regions: 12->12
[57.080s][info][gc,metaspace   ] GC(329) Metaspace: 61481K(62400K)->61481K(62400K) NonClass: 53902K(54400K)->53902K(54400K) Class: 7578K(8000K)->7578K(8000K)
[57.080s][info][gc             ] GC(329) Pause Young (Normal) (G1 Evacuation Pause) 559M->175M(643M) 2.083ms
[57.080s][info][gc,cpu         ] GC(329) User=0.23s Sys=0.00s Real=0.02s
[57.224s][info][gc,start       ] GC(330) Pause Young (Normal) (G1 Evacuation Pause)
[57.224s][info][gc,task        ] GC(330) Using 15 workers of 33 for evacuation
[57.226s][info][gc,phases      ] GC(330)   Pre Evacuate Collection Set: 0.1ms
[57.226s][info][gc,phases      ] GC(330)   Merge Heap Roots: 0.1ms
[57.226s][info][gc,phases      ] GC(330)   Evacuate Collection Set: 0.6ms
[57.226s][info][gc,phases      ] GC(330)   Post Evacuate Collection Set: 0.7ms
[57.226s][info][gc,phases      ] GC(330)   Other: 0.2ms
[57.226s][info][gc,heap        ] GC(330) Eden regions: 384->0(384)
[57.226s][info][gc,heap        ] GC(330) Survivor regions: 1->1(49)
[57.226s][info][gc,heap        ] GC(330) Old regions: 172->172
[57.226s][info][gc,heap        ] GC(330) Archive regions: 0->0
[57.226s][info][gc,heap        ] GC(330) Humongous regions: 12->12
[57.226s][info][gc,metaspace   ] GC(330) Metaspace: 61481K(62400K)->61481K(62400K) NonClass: 53902K(54400K)->53902K(54400K) Class: 7578K(8000K)->7578K(8000K)
[57.227s][info][gc             ] GC(330) Pause Young (Normal) (G1 Evacuation Pause) 559M->175M(643M) 2.130ms
[57.227s][info][gc,cpu         ] GC(330) User=0.00s Sys=0.00s Real=0.00s
[57.359s][info][gc,start       ] GC(331) Pause Young (Normal) (G1 Evacuation Pause)
[57.359s][info][gc,task        ] GC(331) Using 15 workers of 33 for evacuation
[57.361s][info][gc,phases      ] GC(331)   Pre Evacuate Collection Set: 0.2ms
[57.361s][info][gc,phases      ] GC(331)   Merge Heap Roots: 0.1ms
[57.361s][info][gc,phases      ] GC(331)   Evacuate Collection Set: 0.6ms
[57.361s][info][gc,phases      ] GC(331)   Post Evacuate Collection Set: 0.7ms
[57.361s][info][gc,phases      ] GC(331)   Other: 0.2ms
[57.361s][info][gc,heap        ] GC(331) Eden regions: 384->0(384)
[57.361s][info][gc,heap        ] GC(331) Survivor regions: 1->1(49)
[57.361s][info][gc,heap        ] GC(331) Old regions: 172->172
[57.361s][info][gc,heap        ] GC(331) Archive regions: 0->0
[57.361s][info][gc,heap        ] GC(331) Humongous regions: 12->12
[57.361s][info][gc,metaspace   ] GC(331) Metaspace: 61481K(62400K)->61481K(62400K) NonClass: 53902K(54400K)->53902K(54400K) Class: 7578K(8000K)->7578K(8000K)
[57.361s][info][gc             ] GC(331) Pause Young (Normal) (G1 Evacuation Pause) 559M->175M(643M) 2.267ms
[57.361s][info][gc,cpu         ] GC(331) User=0.23s Sys=0.00s Real=0.02s
[57.488s][info][gc,start       ] GC(332) Pause Young (Normal) (G1 Evacuation Pause)
[57.488s][info][gc,task        ] GC(332) Using 15 workers of 33 for evacuation
[57.490s][info][gc,phases      ] GC(332)   Pre Evacuate Collection Set: 0.2ms
[57.490s][info][gc,phases      ] GC(332)   Merge Heap Roots: 0.1ms
[57.490s][info][gc,phases      ] GC(332)   Evacuate Collection Set: 0.7ms
[57.490s][info][gc,phases      ] GC(332)   Post Evacuate Collection Set: 0.7ms
[57.490s][info][gc,phases      ] GC(332)   Other: 0.2ms
[57.490s][info][gc,heap        ] GC(332) Eden regions: 384->0(384)
[57.490s][info][gc,heap        ] GC(332) Survivor regions: 1->1(49)
[57.490s][info][gc,heap        ] GC(332) Old regions: 172->172
[57.490s][info][gc,heap        ] GC(332) Archive regions: 0->0
[57.490s][info][gc,heap        ] GC(332) Humongous regions: 12->12
[57.490s][info][gc,metaspace   ] GC(332) Metaspace: 61481K(62400K)->61481K(62400K) NonClass: 53902K(54400K)->53902K(54400K) Class: 7578K(8000K)->7578K(8000K)
[57.490s][info][gc             ] GC(332) Pause Young (Normal) (G1 Evacuation Pause) 559M->175M(643M) 2.380ms
[57.490s][info][gc,cpu         ] GC(332) User=0.00s Sys=0.00s Real=0.00s
[57.654s][info][gc,start       ] GC(333) Pause Full (System.gc())
[57.655s][info][gc,task        ] GC(333) Using 15 workers of 33 for full compaction
[57.655s][info][gc,phases,start] GC(333) Phase 1: Mark live objects
[57.694s][info][gc,phases      ] GC(333) Phase 1: Mark live objects 38.512ms
[57.694s][info][gc,phases,start] GC(333) Phase 2: Prepare compaction
[57.699s][info][gc,phases      ] GC(333) Phase 2: Prepare compaction 5.148ms
[57.699s][info][gc,phases,start] GC(333) Phase 3: Adjust pointers
[57.708s][info][gc,phases      ] GC(333) Phase 3: Adjust pointers 8.830ms
[57.708s][info][gc,phases,start] GC(333) Phase 4: Compact heap
[57.708s][info][gc,phases      ] GC(333) Phase 4: Compact heap 0.399ms
[57.717s][info][gc,heap        ] GC(333) Eden regions: 23->0(368)
[57.717s][info][gc,heap        ] GC(333) Survivor regions: 1->0(49)
[57.717s][info][gc,heap        ] GC(333) Old regions: 172->172
[57.718s][info][gc,heap        ] GC(333) Archive regions: 0->0
[57.718s][info][gc,heap        ] GC(333) Humongous regions: 17->12
[57.718s][info][gc,metaspace   ] GC(333) Metaspace: 61505K(62464K)->61505K(62464K) NonClass: 53926K(54464K)->53926K(54464K) Class: 7578K(8000K)->7578K(8000K)
[57.718s][info][gc             ] GC(333) Pause Full (System.gc()) 202M->174M(614M) 63.167ms
[57.718s][info][gc,cpu         ] GC(333) User=0.72s Sys=0.00s Real=0.06s
[57.921s][info][gc,start       ] GC(334) Pause Young (Normal) (G1 Evacuation Pause)
[57.921s][info][gc,task        ] GC(334) Using 14 workers of 33 for evacuation
[57.922s][info][gc,phases      ] GC(334)   Pre Evacuate Collection Set: 0.2ms
[57.922s][info][gc,phases      ] GC(334)   Merge Heap Roots: 0.2ms
[57.923s][info][gc,phases      ] GC(334)   Evacuate Collection Set: 0.5ms
[57.923s][info][gc,phases      ] GC(334)   Post Evacuate Collection Set: 0.7ms
[57.923s][info][gc,phases      ] GC(334)   Other: 0.2ms
[57.923s][info][gc,heap        ] GC(334) Eden regions: 368->0(367)
[57.923s][info][gc,heap        ] GC(334) Survivor regions: 0->1(46)
[57.923s][info][gc,heap        ] GC(334) Old regions: 172->172
[57.923s][info][gc,heap        ] GC(334) Archive regions: 0->0
[57.923s][info][gc,heap        ] GC(334) Humongous regions: 22->12
[57.923s][info][gc,metaspace   ] GC(334) Metaspace: 61507K(62464K)->61507K(62464K) NonClass: 53928K(54464K)->53928K(54464K) Class: 7578K(8000K)->7578K(8000K)
[57.923s][info][gc             ] GC(334) Pause Young (Normal) (G1 Evacuation Pause) 552M->175M(614M) 2.281ms
[57.923s][info][gc,cpu         ] GC(334) User=0.00s Sys=0.00s Real=0.00s
[58.064s][info][gc,start       ] GC(335) Pause Young (Normal) (G1 Evacuation Pause)
[58.064s][info][gc,task        ] GC(335) Using 14 workers of 33 for evacuation
[58.066s][info][gc,phases      ] GC(335)   Pre Evacuate Collection Set: 0.2ms
[58.066s][info][gc,phases      ] GC(335)   Merge Heap Roots: 0.1ms
[58.066s][info][gc,phases      ] GC(335)   Evacuate Collection Set: 0.5ms
[58.066s][info][gc,phases      ] GC(335)   Post Evacuate Collection Set: 0.7ms
[58.066s][info][gc,phases      ] GC(335)   Other: 0.2ms
[58.066s][info][gc,heap        ] GC(335) Eden regions: 367->0(367)
[58.066s][info][gc,heap        ] GC(335) Survivor regions: 1->1(46)
[58.066s][info][gc,heap        ] GC(335) Old regions: 172->172
[58.066s][info][gc,heap        ] GC(335) Archive regions: 0->0
[58.066s][info][gc,heap        ] GC(335) Humongous regions: 12->12
[58.066s][info][gc,metaspace   ] GC(335) Metaspace: 61507K(62464K)->61507K(62464K) NonClass: 53928K(54464K)->53928K(54464K) Class: 7578K(8000K)->7578K(8000K)
[58.066s][info][gc             ] GC(335) Pause Young (Normal) (G1 Evacuation Pause) 542M->175M(614M) 2.141ms
[58.066s][info][gc,cpu         ] GC(335) User=0.00s Sys=0.00s Real=0.00s
[58.190s][info][gc,start       ] GC(336) Pause Young (Normal) (G1 Evacuation Pause)
[58.190s][info][gc,task        ] GC(336) Using 14 workers of 33 for evacuation
[58.191s][info][gc,phases      ] GC(336)   Pre Evacuate Collection Set: 0.2ms
[58.191s][info][gc,phases      ] GC(336)   Merge Heap Roots: 0.1ms
[58.191s][info][gc,phases      ] GC(336)   Evacuate Collection Set: 0.4ms
[58.191s][info][gc,phases      ] GC(336)   Post Evacuate Collection Set: 0.6ms
[58.191s][info][gc,phases      ] GC(336)   Other: 0.2ms
[58.191s][info][gc,heap        ] GC(336) Eden regions: 367->0(367)
[58.191s][info][gc,heap        ] GC(336) Survivor regions: 1->1(46)
[58.192s][info][gc,heap        ] GC(336) Old regions: 172->172
[58.192s][info][gc,heap        ] GC(336) Archive regions: 0->0
[58.192s][info][gc,heap        ] GC(336) Humongous regions: 12->12
[58.192s][info][gc,metaspace   ] GC(336) Metaspace: 61507K(62464K)->61507K(62464K) NonClass: 53928K(54464K)->53928K(54464K) Class: 7578K(8000K)->7578K(8000K)
[58.192s][info][gc             ] GC(336) Pause Young (Normal) (G1 Evacuation Pause) 542M->175M(614M) 2.020ms
[58.192s][info][gc,cpu         ] GC(336) User=0.00s Sys=0.00s Real=0.00s
[58.309s][info][gc,start       ] GC(337) Pause Young (Normal) (G1 Evacuation Pause)
[58.309s][info][gc,task        ] GC(337) Using 14 workers of 33 for evacuation
[58.311s][info][gc,phases      ] GC(337)   Pre Evacuate Collection Set: 0.2ms
[58.311s][info][gc,phases      ] GC(337)   Merge Heap Roots: 0.1ms
[58.311s][info][gc,phases      ] GC(337)   Evacuate Collection Set: 0.4ms
[58.311s][info][gc,phases      ] GC(337)   Post Evacuate Collection Set: 0.6ms
[58.311s][info][gc,phases      ] GC(337)   Other: 0.2ms
[58.311s][info][gc,heap        ] GC(337) Eden regions: 367->0(367)
[58.311s][info][gc,heap        ] GC(337) Survivor regions: 1->1(46)
[58.311s][info][gc,heap        ] GC(337) Old regions: 172->172
[58.311s][info][gc,heap        ] GC(337) Archive regions: 0->0
[58.311s][info][gc,heap        ] GC(337) Humongous regions: 12->12
[58.311s][info][gc,metaspace   ] GC(337) Metaspace: 61507K(62464K)->61507K(62464K) NonClass: 53928K(54464K)->53928K(54464K) Class: 7578K(8000K)->7578K(8000K)
[58.311s][info][gc             ] GC(337) Pause Young (Normal) (G1 Evacuation Pause) 542M->175M(614M) 2.008ms
[58.311s][info][gc,cpu         ] GC(337) User=0.00s Sys=0.00s Real=0.00s
[58.433s][info][gc,start       ] GC(338) Pause Young (Normal) (G1 Evacuation Pause)
[58.433s][info][gc,task        ] GC(338) Using 14 workers of 33 for evacuation
[58.434s][info][gc,phases      ] GC(338)   Pre Evacuate Collection Set: 0.1ms
[58.434s][info][gc,phases      ] GC(338)   Merge Heap Roots: 0.1ms
[58.434s][info][gc,phases      ] GC(338)   Evacuate Collection Set: 0.4ms
[58.434s][info][gc,phases      ] GC(338)   Post Evacuate Collection Set: 0.7ms
[58.434s][info][gc,phases      ] GC(338)   Other: 0.2ms
[58.434s][info][gc,heap        ] GC(338) Eden regions: 367->0(367)
[58.434s][info][gc,heap        ] GC(338) Survivor regions: 1->1(46)
[58.434s][info][gc,heap        ] GC(338) Old regions: 172->172
[58.434s][info][gc,heap        ] GC(338) Archive regions: 0->0
[58.434s][info][gc,heap        ] GC(338) Humongous regions: 12->12
[58.434s][info][gc,metaspace   ] GC(338) Metaspace: 61507K(62464K)->61507K(62464K) NonClass: 53928K(54464K)->53928K(54464K) Class: 7578K(8000K)->7578K(8000K)
[58.435s][info][gc             ] GC(338) Pause Young (Normal) (G1 Evacuation Pause) 542M->175M(614M) 1.985ms
[58.435s][info][gc,cpu         ] GC(338) User=0.00s Sys=0.00s Real=0.00s
[58.498s][info][gc,start       ] GC(339) Pause Full (System.gc())
[58.498s][info][gc,task        ] GC(339) Using 14 workers of 33 for full compaction
[58.498s][info][gc,phases,start] GC(339) Phase 1: Mark live objects
[58.536s][info][gc,phases      ] GC(339) Phase 1: Mark live objects 37.939ms
[58.536s][info][gc,phases,start] GC(339) Phase 2: Prepare compaction
[58.541s][info][gc,phases      ] GC(339) Phase 2: Prepare compaction 4.666ms
[58.541s][info][gc,phases,start] GC(339) Phase 3: Adjust pointers
[58.550s][info][gc,phases      ] GC(339) Phase 3: Adjust pointers 8.365ms
[58.550s][info][gc,phases,start] GC(339) Phase 4: Compact heap
[58.550s][info][gc,phases      ] GC(339) Phase 4: Compact heap 0.469ms
[58.558s][info][gc,heap        ] GC(339) Eden regions: 90->0(366)
[58.558s][info][gc,heap        ] GC(339) Survivor regions: 1->0(46)
[58.558s][info][gc,heap        ] GC(339) Old regions: 172->171
[58.558s][info][gc,heap        ] GC(339) Archive regions: 0->0
[58.558s][info][gc,heap        ] GC(339) Humongous regions: 17->12
[58.558s][info][gc,metaspace   ] GC(339) Metaspace: 61509K(62464K)->61509K(62464K) NonClass: 53931K(54464K)->53931K(54464K) Class: 7578K(8000K)->7578K(8000K)
[58.558s][info][gc             ] GC(339) Pause Full (System.gc()) 269M->174M(610M) 60.231ms
[58.558s][info][gc,cpu         ] GC(339) User=0.67s Sys=0.00s Real=0.06s
[58.728s][info][gc,start       ] GC(340) Pause Young (Normal) (G1 Evacuation Pause)
[58.728s][info][gc,task        ] GC(340) Using 14 workers of 33 for evacuation
[58.730s][info][gc,phases      ] GC(340)   Pre Evacuate Collection Set: 0.2ms
[58.730s][info][gc,phases      ] GC(340)   Merge Heap Roots: 0.1ms
[58.730s][info][gc,phases      ] GC(340)   Evacuate Collection Set: 0.5ms
[58.730s][info][gc,phases      ] GC(340)   Post Evacuate Collection Set: 0.7ms
[58.730s][info][gc,phases      ] GC(340)   Other: 0.2ms
[58.730s][info][gc,heap        ] GC(340) Eden regions: 366->0(365)
[58.730s][info][gc,heap        ] GC(340) Survivor regions: 0->1(46)
[58.730s][info][gc,heap        ] GC(340) Old regions: 171->171
[58.730s][info][gc,heap        ] GC(340) Archive regions: 0->0
[58.730s][info][gc,heap        ] GC(340) Humongous regions: 22->12
[58.730s][info][gc,metaspace   ] GC(340) Metaspace: 61510K(62464K)->61510K(62464K) NonClass: 53932K(54464K)->53932K(54464K) Class: 7578K(8000K)->7578K(8000K)
[58.731s][info][gc             ] GC(340) Pause Young (Normal) (G1 Evacuation Pause) 550M->175M(610M) 2.259ms
[58.731s][info][gc,cpu         ] GC(340) User=0.00s Sys=0.00s Real=0.00s
[58.849s][info][gc,start       ] GC(341) Pause Young (Normal) (G1 Evacuation Pause)
[58.850s][info][gc,task        ] GC(341) Using 14 workers of 33 for evacuation
[58.851s][info][gc,phases      ] GC(341)   Pre Evacuate Collection Set: 0.2ms
[58.851s][info][gc,phases      ] GC(341)   Merge Heap Roots: 0.1ms
[58.851s][info][gc,phases      ] GC(341)   Evacuate Collection Set: 0.5ms
[58.851s][info][gc,phases      ] GC(341)   Post Evacuate Collection Set: 0.7ms
[58.851s][info][gc,phases      ] GC(341)   Other: 0.2ms
[58.851s][info][gc,heap        ] GC(341) Eden regions: 365->0(365)
[58.851s][info][gc,heap        ] GC(341) Survivor regions: 1->1(46)
[58.851s][info][gc,heap        ] GC(341) Old regions: 171->171
[58.851s][info][gc,heap        ] GC(341) Archive regions: 0->0
[58.851s][info][gc,heap        ] GC(341) Humongous regions: 12->12
[58.851s][info][gc,metaspace   ] GC(341) Metaspace: 61510K(62464K)->61510K(62464K) NonClass: 53932K(54464K)->53932K(54464K) Class: 7578K(8000K)->7578K(8000K)
[58.852s][info][gc             ] GC(341) Pause Young (Normal) (G1 Evacuation Pause) 540M->175M(610M) 2.109ms
[58.852s][info][gc,cpu         ] GC(341) User=0.00s Sys=0.00s Real=0.00s
[58.969s][info][gc,start       ] GC(342) Pause Young (Normal) (G1 Evacuation Pause)
[58.970s][info][gc,task        ] GC(342) Using 14 workers of 33 for evacuation
[58.971s][info][gc,phases      ] GC(342)   Pre Evacuate Collection Set: 0.1ms
[58.971s][info][gc,phases      ] GC(342)   Merge Heap Roots: 0.1ms
[58.971s][info][gc,phases      ] GC(342)   Evacuate Collection Set: 0.5ms
[58.971s][info][gc,phases      ] GC(342)   Post Evacuate Collection Set: 0.7ms
[58.971s][info][gc,phases      ] GC(342)   Other: 0.2ms
[58.971s][info][gc,heap        ] GC(342) Eden regions: 365->0(365)
[58.971s][info][gc,heap        ] GC(342) Survivor regions: 1->1(46)
[58.971s][info][gc,heap        ] GC(342) Old regions: 171->171
[58.971s][info][gc,heap        ] GC(342) Archive regions: 0->0
[58.971s][info][gc,heap        ] GC(342) Humongous regions: 12->12
[58.971s][info][gc,metaspace   ] GC(342) Metaspace: 61510K(62464K)->61510K(62464K) NonClass: 53932K(54464K)->53932K(54464K) Class: 7578K(8000K)->7578K(8000K)
[58.972s][info][gc             ] GC(342) Pause Young (Normal) (G1 Evacuation Pause) 540M->175M(610M) 2.010ms
[58.972s][info][gc,cpu         ] GC(342) User=0.00s Sys=0.00s Real=0.00s
[59.087s][info][gc,start       ] GC(343) Pause Young (Normal) (G1 Evacuation Pause)
[59.088s][info][gc,task        ] GC(343) Using 14 workers of 33 for evacuation
[59.089s][info][gc,phases      ] GC(343)   Pre Evacuate Collection Set: 0.1ms
[59.089s][info][gc,phases      ] GC(343)   Merge Heap Roots: 0.1ms
[59.089s][info][gc,phases      ] GC(343)   Evacuate Collection Set: 0.5ms
[59.089s][info][gc,phases      ] GC(343)   Post Evacuate Collection Set: 0.7ms
[59.089s][info][gc,phases      ] GC(343)   Other: 0.2ms
[59.089s][info][gc,heap        ] GC(343) Eden regions: 365->0(365)
[59.089s][info][gc,heap        ] GC(343) Survivor regions: 1->1(46)
[59.089s][info][gc,heap        ] GC(343) Old regions: 171->171
[59.089s][info][gc,heap        ] GC(343) Archive regions: 0->0
[59.089s][info][gc,heap        ] GC(343) Humongous regions: 12->12
[59.089s][info][gc,metaspace   ] GC(343) Metaspace: 61510K(62464K)->61510K(62464K) NonClass: 53932K(54464K)->53932K(54464K) Class: 7578K(8000K)->7578K(8000K)
[59.089s][info][gc             ] GC(343) Pause Young (Normal) (G1 Evacuation Pause) 540M->175M(610M) 2.000ms
[59.090s][info][gc,cpu         ] GC(343) User=0.00s Sys=0.00s Real=0.00s
[59.215s][info][gc,start       ] GC(344) Pause Young (Normal) (G1 Evacuation Pause)
[59.215s][info][gc,task        ] GC(344) Using 14 workers of 33 for evacuation
[59.216s][info][gc,phases      ] GC(344)   Pre Evacuate Collection Set: 0.1ms
[59.216s][info][gc,phases      ] GC(344)   Merge Heap Roots: 0.1ms
[59.216s][info][gc,phases      ] GC(344)   Evacuate Collection Set: 0.5ms
[59.216s][info][gc,phases      ] GC(344)   Post Evacuate Collection Set: 0.6ms
[59.216s][info][gc,phases      ] GC(344)   Other: 0.2ms
[59.216s][info][gc,heap        ] GC(344) Eden regions: 365->0(365)
[59.216s][info][gc,heap        ] GC(344) Survivor regions: 1->1(46)
[59.216s][info][gc,heap        ] GC(344) Old regions: 171->171
[59.216s][info][gc,heap        ] GC(344) Archive regions: 0->0
[59.216s][info][gc,heap        ] GC(344) Humongous regions: 12->12
[59.216s][info][gc,metaspace   ] GC(344) Metaspace: 61510K(62464K)->61510K(62464K) NonClass: 53932K(54464K)->53932K(54464K) Class: 7578K(8000K)->7578K(8000K)
[59.217s][info][gc             ] GC(344) Pause Young (Normal) (G1 Evacuation Pause) 540M->175M(610M) 1.970ms
[59.217s][info][gc,cpu         ] GC(344) User=0.00s Sys=0.00s Real=0.00s
[59.285s][info][gc,start       ] GC(345) Pause Full (System.gc())
[59.286s][info][gc,task        ] GC(345) Using 14 workers of 33 for full compaction
[59.286s][info][gc,phases,start] GC(345) Phase 1: Mark live objects
[59.327s][info][gc,phases      ] GC(345) Phase 1: Mark live objects 41.147ms
[59.327s][info][gc,phases,start] GC(345) Phase 2: Prepare compaction
[59.332s][info][gc,phases      ] GC(345) Phase 2: Prepare compaction 4.906ms
[59.332s][info][gc,phases,start] GC(345) Phase 3: Adjust pointers
[59.342s][info][gc,phases      ] GC(345) Phase 3: Adjust pointers 9.333ms
[59.342s][info][gc,phases,start] GC(345) Phase 4: Compact heap
[59.342s][info][gc,phases      ] GC(345) Phase 4: Compact heap 0.447ms
[59.350s][info][gc,heap        ] GC(345) Eden regions: 99->0(366)
[59.350s][info][gc,heap        ] GC(345) Survivor regions: 1->0(46)
[59.350s][info][gc,heap        ] GC(345) Old regions: 171->171
[59.350s][info][gc,heap        ] GC(345) Archive regions: 0->0
[59.350s][info][gc,heap        ] GC(345) Humongous regions: 17->12
[59.350s][info][gc,metaspace   ] GC(345) Metaspace: 61511K(62464K)->61511K(62464K) NonClass: 53933K(54464K)->53933K(54464K) Class: 7578K(8000K)->7578K(8000K)
[59.350s][info][gc             ] GC(345) Pause Full (System.gc()) 278M->174M(610M) 64.619ms
[59.350s][info][gc,cpu         ] GC(345) User=0.88s Sys=0.00s Real=0.07s
[59.530s][info][gc,start       ] GC(346) Pause Young (Normal) (G1 Evacuation Pause)
[59.530s][info][gc,task        ] GC(346) Using 14 workers of 33 for evacuation
[59.532s][info][gc,phases      ] GC(346)   Pre Evacuate Collection Set: 0.2ms
[59.532s][info][gc,phases      ] GC(346)   Merge Heap Roots: 0.1ms
[59.532s][info][gc,phases      ] GC(346)   Evacuate Collection Set: 0.5ms
[59.532s][info][gc,phases      ] GC(346)   Post Evacuate Collection Set: 1.1ms
[59.532s][info][gc,phases      ] GC(346)   Other: 0.2ms
[59.532s][info][gc,heap        ] GC(346) Eden regions: 366->0(383)
[59.532s][info][gc,heap        ] GC(346) Survivor regions: 0->1(46)
[59.532s][info][gc,heap        ] GC(346) Old regions: 171->171
[59.532s][info][gc,heap        ] GC(346) Archive regions: 0->0
[59.532s][info][gc,heap        ] GC(346) Humongous regions: 22->12
[59.532s][info][gc,metaspace   ] GC(346) Metaspace: 61517K(62464K)->61517K(62464K) NonClass: 53938K(54464K)->53938K(54464K) Class: 7578K(8000K)->7578K(8000K)
[59.533s][info][gc             ] GC(346) Pause Young (Normal) (G1 Evacuation Pause) 550M->175M(640M) 2.623ms
[59.533s][info][gc,cpu         ] GC(346) User=0.00s Sys=0.00s Real=0.00s
[59.685s][info][gc,start       ] GC(347) Pause Young (Normal) (G1 Evacuation Pause)
[59.685s][info][gc,task        ] GC(347) Using 15 workers of 33 for evacuation
[59.686s][info][gc,phases      ] GC(347)   Pre Evacuate Collection Set: 0.2ms
[59.687s][info][gc,phases      ] GC(347)   Merge Heap Roots: 0.2ms
[59.687s][info][gc,phases      ] GC(347)   Evacuate Collection Set: 0.5ms
[59.687s][info][gc,phases      ] GC(347)   Post Evacuate Collection Set: 0.7ms
[59.687s][info][gc,phases      ] GC(347)   Other: 0.2ms
[59.687s][info][gc,heap        ] GC(347) Eden regions: 383->0(383)
[59.687s][info][gc,heap        ] GC(347) Survivor regions: 1->1(48)
[59.687s][info][gc,heap        ] GC(347) Old regions: 171->171
[59.687s][info][gc,heap        ] GC(347) Archive regions: 0->0
[59.687s][info][gc,heap        ] GC(347) Humongous regions: 12->12
[59.687s][info][gc,metaspace   ] GC(347) Metaspace: 61517K(62464K)->61517K(62464K) NonClass: 53938K(54464K)->53938K(54464K) Class: 7578K(8000K)->7578K(8000K)
[59.687s][info][gc             ] GC(347) Pause Young (Normal) (G1 Evacuation Pause) 558M->175M(640M) 2.194ms
[59.687s][info][gc,cpu         ] GC(347) User=0.00s Sys=0.00s Real=0.00s
[59.826s][info][gc,start       ] GC(348) Pause Young (Normal) (G1 Evacuation Pause)
[59.826s][info][gc,task        ] GC(348) Using 15 workers of 33 for evacuation
[59.828s][info][gc,phases      ] GC(348)   Pre Evacuate Collection Set: 0.1ms
[59.828s][info][gc,phases      ] GC(348)   Merge Heap Roots: 0.1ms
[59.828s][info][gc,phases      ] GC(348)   Evacuate Collection Set: 0.4ms
[59.828s][info][gc,phases      ] GC(348)   Post Evacuate Collection Set: 0.7ms
[59.828s][info][gc,phases      ] GC(348)   Other: 0.2ms
[59.828s][info][gc,heap        ] GC(348) Eden regions: 383->0(383)
[59.828s][info][gc,heap        ] GC(348) Survivor regions: 1->1(48)
[59.828s][info][gc,heap        ] GC(348) Old regions: 171->171
[59.828s][info][gc,heap        ] GC(348) Archive regions: 0->0
[59.828s][info][gc,heap        ] GC(348) Humongous regions: 12->12
[59.828s][info][gc,metaspace   ] GC(348) Metaspace: 61517K(62464K)->61517K(62464K) NonClass: 53938K(54464K)->53938K(54464K) Class: 7578K(8000K)->7578K(8000K)
[59.828s][info][gc             ] GC(348) Pause Young (Normal) (G1 Evacuation Pause) 558M->175M(640M) 1.968ms
[59.828s][info][gc,cpu         ] GC(348) User=0.00s Sys=0.00s Real=0.00s
[59.951s][info][gc,start       ] GC(349) Pause Young (Normal) (G1 Evacuation Pause)
[59.951s][info][gc,task        ] GC(349) Using 15 workers of 33 for evacuation
[59.953s][info][gc,phases      ] GC(349)   Pre Evacuate Collection Set: 0.1ms
[59.953s][info][gc,phases      ] GC(349)   Merge Heap Roots: 0.2ms
[59.953s][info][gc,phases      ] GC(349)   Evacuate Collection Set: 0.4ms
[59.953s][info][gc,phases      ] GC(349)   Post Evacuate Collection Set: 0.7ms
[59.953s][info][gc,phases      ] GC(349)   Other: 0.2ms
[59.953s][info][gc,heap        ] GC(349) Eden regions: 383->0(383)
[59.953s][info][gc,heap        ] GC(349) Survivor regions: 1->1(48)
[59.953s][info][gc,heap        ] GC(349) Old regions: 171->171
[59.953s][info][gc,heap        ] GC(349) Archive regions: 0->0
[59.953s][info][gc,heap        ] GC(349) Humongous regions: 12->12
[59.953s][info][gc,metaspace   ] GC(349) Metaspace: 61517K(62464K)->61517K(62464K) NonClass: 53938K(54464K)->53938K(54464K) Class: 7578K(8000K)->7578K(8000K)
[59.953s][info][gc             ] GC(349) Pause Young (Normal) (G1 Evacuation Pause) 558M->175M(640M) 2.057ms
[59.953s][info][gc,cpu         ] GC(349) User=0.02s Sys=0.00s Real=0.02s
[60.076s][info][gc,start       ] GC(350) Pause Young (Normal) (G1 Evacuation Pause)
[60.076s][info][gc,task        ] GC(350) Using 15 workers of 33 for evacuation
[60.077s][info][gc,phases      ] GC(350)   Pre Evacuate Collection Set: 0.2ms
[60.077s][info][gc,phases      ] GC(350)   Merge Heap Roots: 0.1ms
[60.077s][info][gc,phases      ] GC(350)   Evacuate Collection Set: 0.5ms
[60.077s][info][gc,phases      ] GC(350)   Post Evacuate Collection Set: 0.7ms
[60.077s][info][gc,phases      ] GC(350)   Other: 0.2ms
[60.078s][info][gc,heap        ] GC(350) Eden regions: 383->0(383)
[60.078s][info][gc,heap        ] GC(350) Survivor regions: 1->1(48)
[60.078s][info][gc,heap        ] GC(350) Old regions: 171->171
[60.078s][info][gc,heap        ] GC(350) Archive regions: 0->0
[60.078s][info][gc,heap        ] GC(350) Humongous regions: 12->12
[60.078s][info][gc,metaspace   ] GC(350) Metaspace: 61517K(62464K)->61517K(62464K) NonClass: 53938K(54464K)->53938K(54464K) Class: 7578K(8000K)->7578K(8000K)
[60.078s][info][gc             ] GC(350) Pause Young (Normal) (G1 Evacuation Pause) 558M->175M(640M) 2.071ms
[60.078s][info][gc,cpu         ] GC(350) User=0.23s Sys=0.00s Real=0.02s
[60.112s][info][gc,start       ] GC(351) Pause Full (System.gc())
[60.112s][info][gc,task        ] GC(351) Using 15 workers of 33 for full compaction
[60.113s][info][gc,phases,start] GC(351) Phase 1: Mark live objects
[60.157s][info][gc,phases      ] GC(351) Phase 1: Mark live objects 43.925ms
[60.157s][info][gc,phases,start] GC(351) Phase 2: Prepare compaction
[60.162s][info][gc,phases      ] GC(351) Phase 2: Prepare compaction 4.752ms
[60.162s][info][gc,phases,start] GC(351) Phase 3: Adjust pointers
[60.171s][info][gc,phases      ] GC(351) Phase 3: Adjust pointers 9.769ms
[60.171s][info][gc,phases,start] GC(351) Phase 4: Compact heap
[60.172s][info][gc,phases      ] GC(351) Phase 4: Compact heap 0.379ms
[60.181s][info][gc,heap        ] GC(351) Eden regions: 27->0(370)
[60.181s][info][gc,heap        ] GC(351) Survivor regions: 1->0(48)
[60.181s][info][gc,heap        ] GC(351) Old regions: 171->173
[60.181s][info][gc,heap        ] GC(351) Archive regions: 0->0
[60.181s][info][gc,heap        ] GC(351) Humongous regions: 17->12
[60.181s][info][gc,metaspace   ] GC(351) Metaspace: 61522K(62464K)->61522K(62464K) NonClass: 53944K(54464K)->53944K(54464K) Class: 7578K(8000K)->7578K(8000K)
[60.181s][info][gc             ] GC(351) Pause Full (System.gc()) 206M->174M(617M) 69.343ms
[60.181s][info][gc,cpu         ] GC(351) User=0.50s Sys=0.00s Real=0.06s
[60.369s][info][gc,start       ] GC(352) Pause Young (Normal) (G1 Evacuation Pause)
[60.369s][info][gc,task        ] GC(352) Using 14 workers of 33 for evacuation
[60.370s][info][gc,phases      ] GC(352)   Pre Evacuate Collection Set: 0.2ms
[60.370s][info][gc,phases      ] GC(352)   Merge Heap Roots: 0.1ms
[60.371s][info][gc,phases      ] GC(352)   Evacuate Collection Set: 0.5ms
[60.371s][info][gc,phases      ] GC(352)   Post Evacuate Collection Set: 0.7ms
[60.371s][info][gc,phases      ] GC(352)   Other: 0.2ms
[60.371s][info][gc,heap        ] GC(352) Eden regions: 370->0(369)
[60.371s][info][gc,heap        ] GC(352) Survivor regions: 0->1(47)
[60.371s][info][gc,heap        ] GC(352) Old regions: 173->173
[60.371s][info][gc,heap        ] GC(352) Archive regions: 0->0
[60.371s][info][gc,heap        ] GC(352) Humongous regions: 22->12
[60.371s][info][gc,metaspace   ] GC(352) Metaspace: 61524K(62464K)->61524K(62464K) NonClass: 53945K(54464K)->53945K(54464K) Class: 7578K(8000K)->7578K(8000K)
[60.371s][info][gc             ] GC(352) Pause Young (Normal) (G1 Evacuation Pause) 554M->175M(617M) 2.217ms
[60.371s][info][gc,cpu         ] GC(352) User=0.00s Sys=0.00s Real=0.00s
[60.498s][info][gc,start       ] GC(353) Pause Young (Normal) (G1 Evacuation Pause)
[60.498s][info][gc,task        ] GC(353) Using 14 workers of 33 for evacuation
[60.500s][info][gc,phases      ] GC(353)   Pre Evacuate Collection Set: 0.2ms
[60.500s][info][gc,phases      ] GC(353)   Merge Heap Roots: 0.1ms
[60.500s][info][gc,phases      ] GC(353)   Evacuate Collection Set: 0.4ms
[60.500s][info][gc,phases      ] GC(353)   Post Evacuate Collection Set: 0.6ms
[60.500s][info][gc,phases      ] GC(353)   Other: 0.2ms
[60.500s][info][gc,heap        ] GC(353) Eden regions: 369->0(369)
[60.500s][info][gc,heap        ] GC(353) Survivor regions: 1->1(47)
[60.500s][info][gc,heap        ] GC(353) Old regions: 173->173
[60.500s][info][gc,heap        ] GC(353) Archive regions: 0->0
[60.500s][info][gc,heap        ] GC(353) Humongous regions: 12->12
[60.500s][info][gc,metaspace   ] GC(353) Metaspace: 61524K(62464K)->61524K(62464K) NonClass: 53945K(54464K)->53945K(54464K) Class: 7578K(8000K)->7578K(8000K)
[60.500s][info][gc             ] GC(353) Pause Young (Normal) (G1 Evacuation Pause) 544M->175M(617M) 1.982ms
[60.500s][info][gc,cpu         ] GC(353) User=0.00s Sys=0.00s Real=0.00s
[60.620s][info][gc,start       ] GC(354) Pause Young (Normal) (G1 Evacuation Pause)
[60.620s][info][gc,task        ] GC(354) Using 14 workers of 33 for evacuation
[60.621s][info][gc,phases      ] GC(354)   Pre Evacuate Collection Set: 0.1ms
[60.621s][info][gc,phases      ] GC(354)   Merge Heap Roots: 0.1ms
[60.621s][info][gc,phases      ] GC(354)   Evacuate Collection Set: 0.4ms
[60.621s][info][gc,phases      ] GC(354)   Post Evacuate Collection Set: 0.7ms
[60.621s][info][gc,phases      ] GC(354)   Other: 0.2ms
[60.621s][info][gc,heap        ] GC(354) Eden regions: 369->0(369)
[60.621s][info][gc,heap        ] GC(354) Survivor regions: 1->1(47)
[60.622s][info][gc,heap        ] GC(354) Old regions: 173->173
[60.622s][info][gc,heap        ] GC(354) Archive regions: 0->0
[60.622s][info][gc,heap        ] GC(354) Humongous regions: 12->12
[60.622s][info][gc,metaspace   ] GC(354) Metaspace: 61524K(62464K)->61524K(62464K) NonClass: 53945K(54464K)->53945K(54464K) Class: 7578K(8000K)->7578K(8000K)
[60.622s][info][gc             ] GC(354) Pause Young (Normal) (G1 Evacuation Pause) 544M->175M(617M) 1.958ms
[60.622s][info][gc,cpu         ] GC(354) User=0.00s Sys=0.00s Real=0.00s
[60.740s][info][gc,start       ] GC(355) Pause Young (Normal) (G1 Evacuation Pause)
[60.740s][info][gc,task        ] GC(355) Using 14 workers of 33 for evacuation
[60.741s][info][gc,phases      ] GC(355)   Pre Evacuate Collection Set: 0.2ms
[60.742s][info][gc,phases      ] GC(355)   Merge Heap Roots: 0.1ms
[60.742s][info][gc,phases      ] GC(355)   Evacuate Collection Set: 0.4ms
[60.742s][info][gc,phases      ] GC(355)   Post Evacuate Collection Set: 0.7ms
[60.742s][info][gc,phases      ] GC(355)   Other: 0.2ms
[60.742s][info][gc,heap        ] GC(355) Eden regions: 369->0(369)
[60.742s][info][gc,heap        ] GC(355) Survivor regions: 1->1(47)
[60.742s][info][gc,heap        ] GC(355) Old regions: 173->173
[60.742s][info][gc,heap        ] GC(355) Archive regions: 0->0
[60.742s][info][gc,heap        ] GC(355) Humongous regions: 12->12
[60.742s][info][gc,metaspace   ] GC(355) Metaspace: 61524K(62464K)->61524K(62464K) NonClass: 53945K(54464K)->53945K(54464K) Class: 7578K(8000K)->7578K(8000K)
[60.742s][info][gc             ] GC(355) Pause Young (Normal) (G1 Evacuation Pause) 544M->175M(617M) 2.277ms
[60.742s][info][gc,cpu         ] GC(355) User=0.00s Sys=0.00s Real=0.00s
[60.861s][info][gc,start       ] GC(356) Pause Young (Normal) (G1 Evacuation Pause)
[60.861s][info][gc,task        ] GC(356) Using 14 workers of 33 for evacuation
[60.862s][info][gc,phases      ] GC(356)   Pre Evacuate Collection Set: 0.1ms
[60.862s][info][gc,phases      ] GC(356)   Merge Heap Roots: 0.1ms
[60.862s][info][gc,phases      ] GC(356)   Evacuate Collection Set: 0.4ms
[60.862s][info][gc,phases      ] GC(356)   Post Evacuate Collection Set: 0.7ms
[60.862s][info][gc,phases      ] GC(356)   Other: 0.2ms
[60.862s][info][gc,heap        ] GC(356) Eden regions: 369->0(369)
[60.862s][info][gc,heap        ] GC(356) Survivor regions: 1->1(47)
[60.862s][info][gc,heap        ] GC(356) Old regions: 173->173
[60.862s][info][gc,heap        ] GC(356) Archive regions: 0->0
[60.862s][info][gc,heap        ] GC(356) Humongous regions: 12->12
[60.862s][info][gc,metaspace   ] GC(356) Metaspace: 61524K(62464K)->61524K(62464K) NonClass: 53945K(54464K)->53945K(54464K) Class: 7578K(8000K)->7578K(8000K)
[60.863s][info][gc             ] GC(356) Pause Young (Normal) (G1 Evacuation Pause) 544M->175M(617M) 1.998ms
[60.863s][info][gc,cpu         ] GC(356) User=0.00s Sys=0.00s Real=0.00s
[60.922s][info][gc,start       ] GC(357) Pause Full (System.gc())
[60.922s][info][gc,task        ] GC(357) Using 14 workers of 33 for full compaction
[60.923s][info][gc,phases,start] GC(357) Phase 1: Mark live objects
[60.965s][info][gc,phases      ] GC(357) Phase 1: Mark live objects 41.873ms
[60.965s][info][gc,phases,start] GC(357) Phase 2: Prepare compaction
[60.970s][info][gc,phases      ] GC(357) Phase 2: Prepare compaction 5.331ms
[60.970s][info][gc,phases,start] GC(357) Phase 3: Adjust pointers
[60.981s][info][gc,phases      ] GC(357) Phase 3: Adjust pointers 10.859ms
[60.981s][info][gc,phases,start] GC(357) Phase 4: Compact heap
[60.981s][info][gc,phases      ] GC(357) Phase 4: Compact heap 0.478ms
[60.992s][info][gc,heap        ] GC(357) Eden regions: 79->0(368)
[60.992s][info][gc,heap        ] GC(357) Survivor regions: 1->0(47)
[60.992s][info][gc,heap        ] GC(357) Old regions: 173->172
[60.992s][info][gc,heap        ] GC(357) Archive regions: 0->0
[60.992s][info][gc,heap        ] GC(357) Humongous regions: 17->12
[60.992s][info][gc,metaspace   ] GC(357) Metaspace: 61533K(62464K)->61533K(62464K) NonClass: 53955K(54464K)->53955K(54464K) Class: 7578K(8000K)->7578K(8000K)
[60.992s][info][gc             ] GC(357) Pause Full (System.gc()) 258M->174M(614M) 70.237ms
[60.992s][info][gc,cpu         ] GC(357) User=0.67s Sys=0.00s Real=0.06s
[61.173s][info][gc,start       ] GC(358) Pause Young (Normal) (G1 Evacuation Pause)
[61.173s][info][gc,task        ] GC(358) Using 14 workers of 33 for evacuation
[61.175s][info][gc,phases      ] GC(358)   Pre Evacuate Collection Set: 0.2ms
[61.175s][info][gc,phases      ] GC(358)   Merge Heap Roots: 0.1ms
[61.175s][info][gc,phases      ] GC(358)   Evacuate Collection Set: 0.5ms
[61.175s][info][gc,phases      ] GC(358)   Post Evacuate Collection Set: 0.7ms
[61.175s][info][gc,phases      ] GC(358)   Other: 0.2ms
[61.175s][info][gc,heap        ] GC(358) Eden regions: 368->0(367)
[61.175s][info][gc,heap        ] GC(358) Survivor regions: 0->1(46)
[61.175s][info][gc,heap        ] GC(358) Old regions: 172->172
[61.175s][info][gc,heap        ] GC(358) Archive regions: 0->0
[61.175s][info][gc,heap        ] GC(358) Humongous regions: 22->12
[61.175s][info][gc,metaspace   ] GC(358) Metaspace: 61541K(62464K)->61541K(62464K) NonClass: 53962K(54464K)->53962K(54464K) Class: 7578K(8000K)->7578K(8000K)
[61.175s][info][gc             ] GC(358) Pause Young (Normal) (G1 Evacuation Pause) 552M->175M(614M) 2.217ms
[61.175s][info][gc,cpu         ] GC(358) User=0.00s Sys=0.00s Real=0.00s
[61.306s][info][gc,start       ] GC(359) Pause Young (Normal) (G1 Evacuation Pause)
[61.306s][info][gc,task        ] GC(359) Using 14 workers of 33 for evacuation
[61.308s][info][gc,phases      ] GC(359)   Pre Evacuate Collection Set: 0.2ms
[61.308s][info][gc,phases      ] GC(359)   Merge Heap Roots: 0.1ms
[61.308s][info][gc,phases      ] GC(359)   Evacuate Collection Set: 0.4ms
[61.308s][info][gc,phases      ] GC(359)   Post Evacuate Collection Set: 0.7ms
[61.308s][info][gc,phases      ] GC(359)   Other: 0.2ms
[61.308s][info][gc,heap        ] GC(359) Eden regions: 367->0(367)
[61.308s][info][gc,heap        ] GC(359) Survivor regions: 1->1(46)
[61.308s][info][gc,heap        ] GC(359) Old regions: 172->172
[61.308s][info][gc,heap        ] GC(359) Archive regions: 0->0
[61.308s][info][gc,heap        ] GC(359) Humongous regions: 12->12
[61.308s][info][gc,metaspace   ] GC(359) Metaspace: 61541K(62464K)->61541K(62464K) NonClass: 53962K(54464K)->53962K(54464K) Class: 7578K(8000K)->7578K(8000K)
[61.308s][info][gc             ] GC(359) Pause Young (Normal) (G1 Evacuation Pause) 542M->175M(614M) 2.058ms
[61.308s][info][gc,cpu         ] GC(359) User=0.00s Sys=0.00s Real=0.00s
[61.426s][info][gc,start       ] GC(360) Pause Young (Normal) (G1 Evacuation Pause)
[61.426s][info][gc,task        ] GC(360) Using 14 workers of 33 for evacuation
[61.428s][info][gc,phases      ] GC(360)   Pre Evacuate Collection Set: 0.1ms
[61.428s][info][gc,phases      ] GC(360)   Merge Heap Roots: 0.1ms
[61.428s][info][gc,phases      ] GC(360)   Evacuate Collection Set: 0.4ms
[61.428s][info][gc,phases      ] GC(360)   Post Evacuate Collection Set: 0.7ms
[61.428s][info][gc,phases      ] GC(360)   Other: 0.2ms
[61.428s][info][gc,heap        ] GC(360) Eden regions: 367->0(367)
[61.428s][info][gc,heap        ] GC(360) Survivor regions: 1->1(46)
[61.428s][info][gc,heap        ] GC(360) Old regions: 172->172
[61.428s][info][gc,heap        ] GC(360) Archive regions: 0->0
[61.428s][info][gc,heap        ] GC(360) Humongous regions: 12->12
[61.428s][info][gc,metaspace   ] GC(360) Metaspace: 61541K(62464K)->61541K(62464K) NonClass: 53962K(54464K)->53962K(54464K) Class: 7578K(8000K)->7578K(8000K)
[61.428s][info][gc             ] GC(360) Pause Young (Normal) (G1 Evacuation Pause) 542M->175M(614M) 2.031ms
[61.428s][info][gc,cpu         ] GC(360) User=0.00s Sys=0.00s Real=0.00s
[61.546s][info][gc,start       ] GC(361) Pause Young (Normal) (G1 Evacuation Pause)
[61.546s][info][gc,task        ] GC(361) Using 14 workers of 33 for evacuation
[61.547s][info][gc,phases      ] GC(361)   Pre Evacuate Collection Set: 0.1ms
[61.547s][info][gc,phases      ] GC(361)   Merge Heap Roots: 0.1ms
[61.547s][info][gc,phases      ] GC(361)   Evacuate Collection Set: 0.4ms
[61.547s][info][gc,phases      ] GC(361)   Post Evacuate Collection Set: 0.6ms
[61.547s][info][gc,phases      ] GC(361)   Other: 0.2ms
[61.547s][info][gc,heap        ] GC(361) Eden regions: 367->0(367)
[61.547s][info][gc,heap        ] GC(361) Survivor regions: 1->1(46)
[61.547s][info][gc,heap        ] GC(361) Old regions: 172->172
[61.547s][info][gc,heap        ] GC(361) Archive regions: 0->0
[61.548s][info][gc,heap        ] GC(361) Humongous regions: 12->12
[61.548s][info][gc,metaspace   ] GC(361) Metaspace: 61541K(62464K)->61541K(62464K) NonClass: 53962K(54464K)->53962K(54464K) Class: 7578K(8000K)->7578K(8000K)
[61.548s][info][gc             ] GC(361) Pause Young (Normal) (G1 Evacuation Pause) 542M->175M(614M) 1.950ms
[61.548s][info][gc,cpu         ] GC(361) User=0.00s Sys=0.00s Real=0.00s
[61.667s][info][gc,start       ] GC(362) Pause Young (Normal) (G1 Evacuation Pause)
[61.667s][info][gc,task        ] GC(362) Using 14 workers of 33 for evacuation
[61.668s][info][gc,phases      ] GC(362)   Pre Evacuate Collection Set: 0.1ms
[61.668s][info][gc,phases      ] GC(362)   Merge Heap Roots: 0.1ms
[61.669s][info][gc,phases      ] GC(362)   Evacuate Collection Set: 0.5ms
[61.669s][info][gc,phases      ] GC(362)   Post Evacuate Collection Set: 0.6ms
[61.669s][info][gc,phases      ] GC(362)   Other: 0.2ms
[61.669s][info][gc,heap        ] GC(362) Eden regions: 367->0(367)
[61.669s][info][gc,heap        ] GC(362) Survivor regions: 1->1(46)
[61.669s][info][gc,heap        ] GC(362) Old regions: 172->172
[61.669s][info][gc,heap        ] GC(362) Archive regions: 0->0
[61.669s][info][gc,heap        ] GC(362) Humongous regions: 12->12
[61.669s][info][gc,metaspace   ] GC(362) Metaspace: 61541K(62464K)->61541K(62464K) NonClass: 53962K(54464K)->53962K(54464K) Class: 7578K(8000K)->7578K(8000K)
[61.669s][info][gc             ] GC(362) Pause Young (Normal) (G1 Evacuation Pause) 542M->175M(614M) 1.962ms
[61.669s][info][gc,cpu         ] GC(362) User=0.02s Sys=0.00s Real=0.02s
[61.926s][info][gc,start       ] GC(363) Pause Full (System.gc())
[61.926s][info][gc,task        ] GC(363) Using 14 workers of 33 for full compaction
[61.926s][info][gc,phases,start] GC(363) Phase 1: Mark live objects
[61.973s][info][gc,phases      ] GC(363) Phase 1: Mark live objects 46.599ms
[61.973s][info][gc,phases,start] GC(363) Phase 2: Prepare compaction
[61.978s][info][gc,phases      ] GC(363) Phase 2: Prepare compaction 5.265ms
[61.978s][info][gc,phases,start] GC(363) Phase 3: Adjust pointers
[61.987s][info][gc,phases      ] GC(363) Phase 3: Adjust pointers 8.944ms
[61.987s][info][gc,phases,start] GC(363) Phase 4: Compact heap
[61.988s][info][gc,phases      ] GC(363) Phase 4: Compact heap 0.416ms
[61.998s][info][gc,heap        ] GC(363) Eden regions: 89->0(368)
[61.998s][info][gc,heap        ] GC(363) Survivor regions: 1->0(46)
[61.998s][info][gc,heap        ] GC(363) Old regions: 172->172
[61.998s][info][gc,heap        ] GC(363) Archive regions: 0->0
[61.998s][info][gc,heap        ] GC(363) Humongous regions: 17->12
[61.998s][info][gc,metaspace   ] GC(363) Metaspace: 61542K(62464K)->61542K(62464K) NonClass: 53964K(54464K)->53964K(54464K) Class: 7578K(8000K)->7578K(8000K)
[61.998s][info][gc             ] GC(363) Pause Full (System.gc()) 268M->174M(614M) 72.180ms
[61.998s][info][gc,cpu         ] GC(363) User=0.45s Sys=0.03s Real=0.08s
[62.179s][info][gc,start       ] GC(364) Pause Young (Normal) (G1 Evacuation Pause)
[62.180s][info][gc,task        ] GC(364) Using 14 workers of 33 for evacuation
[62.182s][info][gc,phases      ] GC(364)   Pre Evacuate Collection Set: 0.2ms
[62.182s][info][gc,phases      ] GC(364)   Merge Heap Roots: 0.1ms
[62.182s][info][gc,phases      ] GC(364)   Evacuate Collection Set: 0.5ms
[62.182s][info][gc,phases      ] GC(364)   Post Evacuate Collection Set: 1.1ms
[62.182s][info][gc,phases      ] GC(364)   Other: 0.2ms
[62.182s][info][gc,heap        ] GC(364) Eden regions: 368->0(383)
[62.182s][info][gc,heap        ] GC(364) Survivor regions: 0->1(46)
[62.182s][info][gc,heap        ] GC(364) Old regions: 172->172
[62.182s][info][gc,heap        ] GC(364) Archive regions: 0->0
[62.182s][info][gc,heap        ] GC(364) Humongous regions: 22->12
[62.182s][info][gc,metaspace   ] GC(364) Metaspace: 61542K(62464K)->61542K(62464K) NonClass: 53964K(54464K)->53964K(54464K) Class: 7578K(8000K)->7578K(8000K)
[62.182s][info][gc             ] GC(364) Pause Young (Normal) (G1 Evacuation Pause) 552M->175M(640M) 2.587ms
[62.182s][info][gc,cpu         ] GC(364) User=0.00s Sys=0.00s Real=0.00s
[62.318s][info][gc,start       ] GC(365) Pause Young (Normal) (G1 Evacuation Pause)
[62.318s][info][gc,task        ] GC(365) Using 15 workers of 33 for evacuation
[62.320s][info][gc,phases      ] GC(365)   Pre Evacuate Collection Set: 0.2ms
[62.320s][info][gc,phases      ] GC(365)   Merge Heap Roots: 0.1ms
[62.320s][info][gc,phases      ] GC(365)   Evacuate Collection Set: 0.5ms
[62.320s][info][gc,phases      ] GC(365)   Post Evacuate Collection Set: 0.7ms
[62.320s][info][gc,phases      ] GC(365)   Other: 0.2ms
[62.320s][info][gc,heap        ] GC(365) Eden regions: 383->0(383)
[62.320s][info][gc,heap        ] GC(365) Survivor regions: 1->1(48)
[62.320s][info][gc,heap        ] GC(365) Old regions: 172->172
[62.320s][info][gc,heap        ] GC(365) Archive regions: 0->0
[62.320s][info][gc,heap        ] GC(365) Humongous regions: 12->12
[62.320s][info][gc,metaspace   ] GC(365) Metaspace: 61542K(62464K)->61542K(62464K) NonClass: 53964K(54464K)->53964K(54464K) Class: 7578K(8000K)->7578K(8000K)
[62.320s][info][gc             ] GC(365) Pause Young (Normal) (G1 Evacuation Pause) 558M->175M(640M) 2.100ms
[62.320s][info][gc,cpu         ] GC(365) User=0.00s Sys=0.00s Real=0.00s
[62.442s][info][gc,start       ] GC(366) Pause Young (Normal) (G1 Evacuation Pause)
[62.442s][info][gc,task        ] GC(366) Using 15 workers of 33 for evacuation
[62.443s][info][gc,phases      ] GC(366)   Pre Evacuate Collection Set: 0.1ms
[62.444s][info][gc,phases      ] GC(366)   Merge Heap Roots: 0.1ms
[62.444s][info][gc,phases      ] GC(366)   Evacuate Collection Set: 0.4ms
[62.444s][info][gc,phases      ] GC(366)   Post Evacuate Collection Set: 0.7ms
[62.444s][info][gc,phases      ] GC(366)   Other: 0.2ms
[62.444s][info][gc,heap        ] GC(366) Eden regions: 383->0(383)
[62.444s][info][gc,heap        ] GC(366) Survivor regions: 1->1(48)
[62.444s][info][gc,heap        ] GC(366) Old regions: 172->172
[62.444s][info][gc,heap        ] GC(366) Archive regions: 0->0
[62.444s][info][gc,heap        ] GC(366) Humongous regions: 12->12
[62.444s][info][gc,metaspace   ] GC(366) Metaspace: 61542K(62464K)->61542K(62464K) NonClass: 53964K(54464K)->53964K(54464K) Class: 7578K(8000K)->7578K(8000K)
[62.444s][info][gc             ] GC(366) Pause Young (Normal) (G1 Evacuation Pause) 558M->175M(640M) 2.043ms
[62.444s][info][gc,cpu         ] GC(366) User=0.00s Sys=0.00s Real=0.00s
[62.568s][info][gc,start       ] GC(367) Pause Young (Normal) (G1 Evacuation Pause)
[62.568s][info][gc,task        ] GC(367) Using 15 workers of 33 for evacuation
[62.570s][info][gc,phases      ] GC(367)   Pre Evacuate Collection Set: 0.2ms
[62.570s][info][gc,phases      ] GC(367)   Merge Heap Roots: 0.1ms
[62.570s][info][gc,phases      ] GC(367)   Evacuate Collection Set: 0.4ms
[62.570s][info][gc,phases      ] GC(367)   Post Evacuate Collection Set: 0.6ms
[62.570s][info][gc,phases      ] GC(367)   Other: 0.2ms
[62.570s][info][gc,heap        ] GC(367) Eden regions: 383->0(383)
[62.570s][info][gc,heap        ] GC(367) Survivor regions: 1->1(48)
[62.570s][info][gc,heap        ] GC(367) Old regions: 172->172
[62.570s][info][gc,heap        ] GC(367) Archive regions: 0->0
[62.570s][info][gc,heap        ] GC(367) Humongous regions: 12->12
[62.570s][info][gc,metaspace   ] GC(367) Metaspace: 61542K(62464K)->61542K(62464K) NonClass: 53964K(54464K)->53964K(54464K) Class: 7578K(8000K)->7578K(8000K)
[62.570s][info][gc             ] GC(367) Pause Young (Normal) (G1 Evacuation Pause) 558M->175M(640M) 2.018ms
[62.570s][info][gc,cpu         ] GC(367) User=0.00s Sys=0.00s Real=0.00s
[62.693s][info][gc,start       ] GC(368) Pause Young (Normal) (G1 Evacuation Pause)
[62.693s][info][gc,task        ] GC(368) Using 15 workers of 33 for evacuation
[62.694s][info][gc,phases      ] GC(368)   Pre Evacuate Collection Set: 0.1ms
[62.694s][info][gc,phases      ] GC(368)   Merge Heap Roots: 0.1ms
[62.694s][info][gc,phases      ] GC(368)   Evacuate Collection Set: 0.4ms
[62.694s][info][gc,phases      ] GC(368)   Post Evacuate Collection Set: 0.7ms
[62.694s][info][gc,phases      ] GC(368)   Other: 0.2ms
[62.694s][info][gc,heap        ] GC(368) Eden regions: 383->0(383)
[62.694s][info][gc,heap        ] GC(368) Survivor regions: 1->1(48)
[62.694s][info][gc,heap        ] GC(368) Old regions: 172->172
[62.694s][info][gc,heap        ] GC(368) Archive regions: 0->0
[62.694s][info][gc,heap        ] GC(368) Humongous regions: 12->12
[62.695s][info][gc,metaspace   ] GC(368) Metaspace: 61542K(62464K)->61542K(62464K) NonClass: 53964K(54464K)->53964K(54464K) Class: 7578K(8000K)->7578K(8000K)
[62.695s][info][gc             ] GC(368) Pause Young (Normal) (G1 Evacuation Pause) 558M->175M(640M) 1.970ms
[62.695s][info][gc,cpu         ] GC(368) User=0.00s Sys=0.00s Real=0.00s
[62.725s][info][gc,start       ] GC(369) Pause Full (System.gc())
[62.725s][info][gc,task        ] GC(369) Using 15 workers of 33 for full compaction
[62.725s][info][gc,phases,start] GC(369) Phase 1: Mark live objects
[62.763s][info][gc,phases      ] GC(369) Phase 1: Mark live objects 37.992ms
[62.763s][info][gc,phases,start] GC(369) Phase 2: Prepare compaction
[62.768s][info][gc,phases      ] GC(369) Phase 2: Prepare compaction 4.532ms
[62.768s][info][gc,phases,start] GC(369) Phase 3: Adjust pointers
[62.778s][info][gc,phases      ] GC(369) Phase 3: Adjust pointers 9.912ms
[62.778s][info][gc,phases,start] GC(369) Phase 4: Compact heap
[62.778s][info][gc,phases      ] GC(369) Phase 4: Compact heap 0.397ms
[62.788s][info][gc,heap        ] GC(369) Eden regions: 25->0(370)
[62.788s][info][gc,heap        ] GC(369) Survivor regions: 1->0(48)
[62.788s][info][gc,heap        ] GC(369) Old regions: 172->173
[62.788s][info][gc,heap        ] GC(369) Archive regions: 0->0
[62.788s][info][gc,heap        ] GC(369) Humongous regions: 17->12
[62.788s][info][gc,metaspace   ] GC(369) Metaspace: 61551K(62464K)->61551K(62464K) NonClass: 53972K(54464K)->53972K(54464K) Class: 7578K(8000K)->7578K(8000K)
[62.788s][info][gc             ] GC(369) Pause Full (System.gc()) 204M->174M(617M) 63.159ms
[62.788s][info][gc,cpu         ] GC(369) User=0.72s Sys=0.00s Real=0.06s
[62.962s][info][gc,start       ] GC(370) Pause Young (Normal) (G1 Evacuation Pause)
[62.962s][info][gc,task        ] GC(370) Using 14 workers of 33 for evacuation
[62.964s][info][gc,phases      ] GC(370)   Pre Evacuate Collection Set: 0.2ms
[62.964s][info][gc,phases      ] GC(370)   Merge Heap Roots: 0.1ms
[62.964s][info][gc,phases      ] GC(370)   Evacuate Collection Set: 0.6ms
[62.964s][info][gc,phases      ] GC(370)   Post Evacuate Collection Set: 0.7ms
[62.964s][info][gc,phases      ] GC(370)   Other: 0.2ms
[62.964s][info][gc,heap        ] GC(370) Eden regions: 370->0(369)
[62.964s][info][gc,heap        ] GC(370) Survivor regions: 0->1(47)
[62.964s][info][gc,heap        ] GC(370) Old regions: 173->173
[62.964s][info][gc,heap        ] GC(370) Archive regions: 0->0
[62.965s][info][gc,heap        ] GC(370) Humongous regions: 22->12
[62.965s][info][gc,metaspace   ] GC(370) Metaspace: 61551K(62464K)->61551K(62464K) NonClass: 53972K(54464K)->53972K(54464K) Class: 7578K(8000K)->7578K(8000K)
[62.965s][info][gc             ] GC(370) Pause Young (Normal) (G1 Evacuation Pause) 554M->175M(617M) 2.264ms
[62.965s][info][gc,cpu         ] GC(370) User=0.00s Sys=0.00s Real=0.00s
[63.082s][info][gc,start       ] GC(371) Pause Young (Normal) (G1 Evacuation Pause)
[63.107s][info][gc,task        ] GC(371) Using 14 workers of 33 for evacuation
[63.109s][info][gc,phases      ] GC(371)   Pre Evacuate Collection Set: 0.2ms
[63.109s][info][gc,phases      ] GC(371)   Merge Heap Roots: 0.1ms
[63.109s][info][gc,phases      ] GC(371)   Evacuate Collection Set: 0.5ms
[63.109s][info][gc,phases      ] GC(371)   Post Evacuate Collection Set: 0.7ms
[63.109s][info][gc,phases      ] GC(371)   Other: 0.2ms
[63.109s][info][gc,heap        ] GC(371) Eden regions: 369->0(369)
[63.109s][info][gc,heap        ] GC(371) Survivor regions: 1->1(47)
[63.109s][info][gc,heap        ] GC(371) Old regions: 173->173
[63.109s][info][gc,heap        ] GC(371) Archive regions: 0->0
[63.109s][info][gc,heap        ] GC(371) Humongous regions: 12->12
[63.109s][info][gc,metaspace   ] GC(371) Metaspace: 61551K(62464K)->61551K(62464K) NonClass: 53972K(54464K)->53972K(54464K) Class: 7578K(8000K)->7578K(8000K)
[63.110s][info][gc             ] GC(371) Pause Young (Normal) (G1 Evacuation Pause) 544M->175M(617M) 27.673ms
[63.110s][info][gc,cpu         ] GC(371) User=0.00s Sys=0.00s Real=0.02s
[63.238s][info][gc,start       ] GC(372) Pause Young (Normal) (G1 Evacuation Pause)
[63.238s][info][gc,task        ] GC(372) Using 14 workers of 33 for evacuation
[63.240s][info][gc,phases      ] GC(372)   Pre Evacuate Collection Set: 0.1ms
[63.240s][info][gc,phases      ] GC(372)   Merge Heap Roots: 0.1ms
[63.240s][info][gc,phases      ] GC(372)   Evacuate Collection Set: 0.4ms
[63.240s][info][gc,phases      ] GC(372)   Post Evacuate Collection Set: 0.6ms
[63.240s][info][gc,phases      ] GC(372)   Other: 0.2ms
[63.240s][info][gc,heap        ] GC(372) Eden regions: 369->0(369)
[63.240s][info][gc,heap        ] GC(372) Survivor regions: 1->1(47)
[63.240s][info][gc,heap        ] GC(372) Old regions: 173->173
[63.240s][info][gc,heap        ] GC(372) Archive regions: 0->0
[63.240s][info][gc,heap        ] GC(372) Humongous regions: 12->12
[63.240s][info][gc,metaspace   ] GC(372) Metaspace: 61551K(62464K)->61551K(62464K) NonClass: 53972K(54464K)->53972K(54464K) Class: 7578K(8000K)->7578K(8000K)
[63.240s][info][gc             ] GC(372) Pause Young (Normal) (G1 Evacuation Pause) 544M->175M(617M) 1.903ms
[63.240s][info][gc,cpu         ] GC(372) User=0.00s Sys=0.00s Real=0.00s
[63.358s][info][gc,start       ] GC(373) Pause Young (Normal) (G1 Evacuation Pause)
[63.358s][info][gc,task        ] GC(373) Using 14 workers of 33 for evacuation
[63.360s][info][gc,phases      ] GC(373)   Pre Evacuate Collection Set: 0.2ms
[63.360s][info][gc,phases      ] GC(373)   Merge Heap Roots: 0.1ms
[63.360s][info][gc,phases      ] GC(373)   Evacuate Collection Set: 0.4ms
[63.360s][info][gc,phases      ] GC(373)   Post Evacuate Collection Set: 0.7ms
[63.360s][info][gc,phases      ] GC(373)   Other: 0.2ms
[63.360s][info][gc,heap        ] GC(373) Eden regions: 369->0(369)
[63.360s][info][gc,heap        ] GC(373) Survivor regions: 1->1(47)
[63.360s][info][gc,heap        ] GC(373) Old regions: 173->173
[63.360s][info][gc,heap        ] GC(373) Archive regions: 0->0
[63.360s][info][gc,heap        ] GC(373) Humongous regions: 12->12
[63.360s][info][gc,metaspace   ] GC(373) Metaspace: 61551K(62464K)->61551K(62464K) NonClass: 53972K(54464K)->53972K(54464K) Class: 7578K(8000K)->7578K(8000K)
[63.360s][info][gc             ] GC(373) Pause Young (Normal) (G1 Evacuation Pause) 544M->175M(617M) 2.167ms
[63.360s][info][gc,cpu         ] GC(373) User=0.00s Sys=0.00s Real=0.00s
[63.478s][info][gc,start       ] GC(374) Pause Young (Normal) (G1 Evacuation Pause)
[63.478s][info][gc,task        ] GC(374) Using 14 workers of 33 for evacuation
[63.479s][info][gc,phases      ] GC(374)   Pre Evacuate Collection Set: 0.1ms
[63.479s][info][gc,phases      ] GC(374)   Merge Heap Roots: 0.1ms
[63.479s][info][gc,phases      ] GC(374)   Evacuate Collection Set: 0.4ms
[63.479s][info][gc,phases      ] GC(374)   Post Evacuate Collection Set: 0.7ms
[63.479s][info][gc,phases      ] GC(374)   Other: 0.2ms
[63.479s][info][gc,heap        ] GC(374) Eden regions: 369->0(369)
[63.479s][info][gc,heap        ] GC(374) Survivor regions: 1->1(47)
[63.479s][info][gc,heap        ] GC(374) Old regions: 173->173
[63.479s][info][gc,heap        ] GC(374) Archive regions: 0->0
[63.479s][info][gc,heap        ] GC(374) Humongous regions: 12->12
[63.480s][info][gc,metaspace   ] GC(374) Metaspace: 61551K(62464K)->61551K(62464K) NonClass: 53972K(54464K)->53972K(54464K) Class: 7578K(8000K)->7578K(8000K)
[63.480s][info][gc             ] GC(374) Pause Young (Normal) (G1 Evacuation Pause) 544M->175M(617M) 1.944ms
[63.480s][info][gc,cpu         ] GC(374) User=0.00s Sys=0.00s Real=0.00s
[63.530s][info][gc,start       ] GC(375) Pause Full (System.gc())
[63.530s][info][gc,task        ] GC(375) Using 14 workers of 33 for full compaction
[63.530s][info][gc,phases,start] GC(375) Phase 1: Mark live objects
[63.571s][info][gc,phases      ] GC(375) Phase 1: Mark live objects 40.286ms
[63.571s][info][gc,phases,start] GC(375) Phase 2: Prepare compaction
[63.576s][info][gc,phases      ] GC(375) Phase 2: Prepare compaction 4.883ms
[63.576s][info][gc,phases,start] GC(375) Phase 3: Adjust pointers
[63.585s][info][gc,phases      ] GC(375) Phase 3: Adjust pointers 9.804ms
[63.585s][info][gc,phases,start] GC(375) Phase 4: Compact heap
[63.586s][info][gc,phases      ] GC(375) Phase 4: Compact heap 0.404ms
[63.595s][info][gc,heap        ] GC(375) Eden regions: 81->0(370)
[63.595s][info][gc,heap        ] GC(375) Survivor regions: 1->0(47)
[63.595s][info][gc,heap        ] GC(375) Old regions: 173->173
[63.595s][info][gc,heap        ] GC(375) Archive regions: 0->0
[63.595s][info][gc,heap        ] GC(375) Humongous regions: 17->12
[63.595s][info][gc,metaspace   ] GC(375) Metaspace: 61552K(62464K)->61552K(62464K) NonClass: 53973K(54464K)->53973K(54464K) Class: 7578K(8000K)->7578K(8000K)
[63.595s][info][gc             ] GC(375) Pause Full (System.gc()) 260M->174M(617M) 65.786ms
[63.595s][info][gc,cpu         ] GC(375) User=0.67s Sys=0.00s Real=0.06s
[63.771s][info][gc,start       ] GC(376) Pause Young (Normal) (G1 Evacuation Pause)
[63.771s][info][gc,task        ] GC(376) Using 14 workers of 33 for evacuation
[63.773s][info][gc,phases      ] GC(376)   Pre Evacuate Collection Set: 0.2ms
[63.773s][info][gc,phases      ] GC(376)   Merge Heap Roots: 0.1ms
[63.773s][info][gc,phases      ] GC(376)   Evacuate Collection Set: 0.5ms
[63.773s][info][gc,phases      ] GC(376)   Post Evacuate Collection Set: 0.7ms
[63.773s][info][gc,phases      ] GC(376)   Other: 0.2ms
[63.773s][info][gc,heap        ] GC(376) Eden regions: 370->0(369)
[63.773s][info][gc,heap        ] GC(376) Survivor regions: 0->1(47)
[63.773s][info][gc,heap        ] GC(376) Old regions: 173->173
[63.773s][info][gc,heap        ] GC(376) Archive regions: 0->0
[63.773s][info][gc,heap        ] GC(376) Humongous regions: 22->12
[63.773s][info][gc,metaspace   ] GC(376) Metaspace: 61552K(62464K)->61552K(62464K) NonClass: 53973K(54464K)->53973K(54464K) Class: 7578K(8000K)->7578K(8000K)
[63.773s][info][gc             ] GC(376) Pause Young (Normal) (G1 Evacuation Pause) 554M->175M(617M) 2.389ms
[63.773s][info][gc,cpu         ] GC(376) User=0.00s Sys=0.00s Real=0.00s
[63.898s][info][gc,start       ] GC(377) Pause Young (Normal) (G1 Evacuation Pause)
[63.898s][info][gc,task        ] GC(377) Using 14 workers of 33 for evacuation
[63.900s][info][gc,phases      ] GC(377)   Pre Evacuate Collection Set: 0.2ms
[63.900s][info][gc,phases      ] GC(377)   Merge Heap Roots: 0.1ms
[63.900s][info][gc,phases      ] GC(377)   Evacuate Collection Set: 0.5ms
[63.900s][info][gc,phases      ] GC(377)   Post Evacuate Collection Set: 0.6ms
[63.900s][info][gc,phases      ] GC(377)   Other: 0.2ms
[63.900s][info][gc,heap        ] GC(377) Eden regions: 369->0(369)
[63.900s][info][gc,heap        ] GC(377) Survivor regions: 1->1(47)
[63.900s][info][gc,heap        ] GC(377) Old regions: 173->173
[63.900s][info][gc,heap        ] GC(377) Archive regions: 0->0
[63.900s][info][gc,heap        ] GC(377) Humongous regions: 12->12
[63.900s][info][gc,metaspace   ] GC(377) Metaspace: 61552K(62464K)->61552K(62464K) NonClass: 53973K(54464K)->53973K(54464K) Class: 7578K(8000K)->7578K(8000K)
[63.900s][info][gc             ] GC(377) Pause Young (Normal) (G1 Evacuation Pause) 544M->175M(617M) 2.019ms
[63.900s][info][gc,cpu         ] GC(377) User=0.00s Sys=0.00s Real=0.00s
[64.018s][info][gc,start       ] GC(378) Pause Young (Normal) (G1 Evacuation Pause)
[64.018s][info][gc,task        ] GC(378) Using 14 workers of 33 for evacuation
[64.020s][info][gc,phases      ] GC(378)   Pre Evacuate Collection Set: 0.2ms
[64.020s][info][gc,phases      ] GC(378)   Merge Heap Roots: 0.1ms
[64.020s][info][gc,phases      ] GC(378)   Evacuate Collection Set: 0.4ms
[64.020s][info][gc,phases      ] GC(378)   Post Evacuate Collection Set: 0.6ms
[64.020s][info][gc,phases      ] GC(378)   Other: 0.2ms
[64.020s][info][gc,heap        ] GC(378) Eden regions: 369->0(369)
[64.020s][info][gc,heap        ] GC(378) Survivor regions: 1->1(47)
[64.020s][info][gc,heap        ] GC(378) Old regions: 173->173
[64.020s][info][gc,heap        ] GC(378) Archive regions: 0->0
[64.020s][info][gc,heap        ] GC(378) Humongous regions: 12->12
[64.020s][info][gc,metaspace   ] GC(378) Metaspace: 61552K(62464K)->61552K(62464K) NonClass: 53973K(54464K)->53973K(54464K) Class: 7578K(8000K)->7578K(8000K)
[64.020s][info][gc             ] GC(378) Pause Young (Normal) (G1 Evacuation Pause) 544M->175M(617M) 2.056ms
[64.020s][info][gc,cpu         ] GC(378) User=0.00s Sys=0.00s Real=0.00s
[64.138s][info][gc,start       ] GC(379) Pause Young (Normal) (G1 Evacuation Pause)
[64.138s][info][gc,task        ] GC(379) Using 14 workers of 33 for evacuation
[64.139s][info][gc,phases      ] GC(379)   Pre Evacuate Collection Set: 0.2ms
[64.139s][info][gc,phases      ] GC(379)   Merge Heap Roots: 0.1ms
[64.139s][info][gc,phases      ] GC(379)   Evacuate Collection Set: 0.4ms
[64.139s][info][gc,phases      ] GC(379)   Post Evacuate Collection Set: 0.6ms
[64.139s][info][gc,phases      ] GC(379)   Other: 0.2ms
[64.139s][info][gc,heap        ] GC(379) Eden regions: 369->0(369)
[64.139s][info][gc,heap        ] GC(379) Survivor regions: 1->1(47)
[64.139s][info][gc,heap        ] GC(379) Old regions: 173->173
[64.139s][info][gc,heap        ] GC(379) Archive regions: 0->0
[64.139s][info][gc,heap        ] GC(379) Humongous regions: 12->12
[64.139s][info][gc,metaspace   ] GC(379) Metaspace: 61552K(62464K)->61552K(62464K) NonClass: 53973K(54464K)->53973K(54464K) Class: 7578K(8000K)->7578K(8000K)
[64.140s][info][gc             ] GC(379) Pause Young (Normal) (G1 Evacuation Pause) 544M->175M(617M) 1.984ms
[64.140s][info][gc,cpu         ] GC(379) User=0.00s Sys=0.00s Real=0.00s
[64.257s][info][gc,start       ] GC(380) Pause Young (Normal) (G1 Evacuation Pause)
[64.257s][info][gc,task        ] GC(380) Using 14 workers of 33 for evacuation
[64.259s][info][gc,phases      ] GC(380)   Pre Evacuate Collection Set: 0.2ms
[64.259s][info][gc,phases      ] GC(380)   Merge Heap Roots: 0.1ms
[64.259s][info][gc,phases      ] GC(380)   Evacuate Collection Set: 0.4ms
[64.259s][info][gc,phases      ] GC(380)   Post Evacuate Collection Set: 0.7ms
[64.259s][info][gc,phases      ] GC(380)   Other: 0.2ms
[64.259s][info][gc,heap        ] GC(380) Eden regions: 369->0(369)
[64.259s][info][gc,heap        ] GC(380) Survivor regions: 1->1(47)
[64.259s][info][gc,heap        ] GC(380) Old regions: 173->173
[64.259s][info][gc,heap        ] GC(380) Archive regions: 0->0
[64.259s][info][gc,heap        ] GC(380) Humongous regions: 12->12
[64.259s][info][gc,metaspace   ] GC(380) Metaspace: 61552K(62464K)->61552K(62464K) NonClass: 53973K(54464K)->53973K(54464K) Class: 7578K(8000K)->7578K(8000K)
[64.259s][info][gc             ] GC(380) Pause Young (Normal) (G1 Evacuation Pause) 544M->175M(617M) 2.133ms
[64.259s][info][gc,cpu         ] GC(380) User=0.00s Sys=0.00s Real=0.00s
[64.519s][info][gc,heap,exit   ] Heap
[64.519s][info][gc,heap,exit   ]  garbage-first heap   total 631808K, used 290490K [0x00000000c0000000, 0x0000000100000000)
[64.519s][info][gc,heap,exit   ]   region size 1024K, 105 young (107520K), 1 survivors (1024K)
[64.519s][info][gc,heap,exit   ]  Metaspace       used 61952K, committed 62848K, reserved 1114112K
[64.519s][info][gc,heap,exit   ]   class space    used 7657K, committed 8064K, reserved 1048576K
