[0.017s][info][gc,init] CardTable entry size: 512
[0.018s][info][gc     ] Using G1
[0.035s][info][gc,init] Version: 20+36-2344 (release)
[0.035s][info][gc,init] CPUs: 48 total, 48 available
[0.035s][info][gc,init] Memory: 382G
[0.035s][info][gc,init] Large Page Support: Disabled
[0.035s][info][gc,init] NUMA Support: Disabled
[0.035s][info][gc,init] Compressed Oops: Enabled (Zero based)
[0.035s][info][gc,init] Heap Region Size: 2M
[0.035s][info][gc,init] Heap Min Capacity: 8M
[0.035s][info][gc,init] Heap Initial Capacity: 2G
[0.035s][info][gc,init] Heap Max Capacity: 4G
[0.042s][info][gc,init] Pre-touch: Disabled
[0.042s][info][gc,init] Parallel Workers: 33
[0.042s][info][gc,init] Concurrent Workers: 8
[0.042s][info][gc,init] Concurrent Refinement Workers: 33
[0.042s][info][gc,init] Periodic GC: Disabled
[0.043s][info][gc,metaspace] CDS archive(s) mapped at: [0x0000000800000000-0x0000000800c60000-0x0000000800c60000), size 12976128, SharedBaseAddress: 0x0000000800000000, ArchiveRelocationMode: 0.
[0.043s][info][gc,metaspace] Compressed class space mapped at: 0x0000000801000000-0x0000000841000000, reserved size: 1073741824
[0.043s][info][gc,metaspace] Narrow klass base: 0x0000000800000000, Narrow klass shift: 0, Narrow klass range: 0x100000000
[10.465s][info][gc,start    ] GC(0) Pause Young (Concurrent Start) (Metadata GC Threshold)
[10.468s][info][gc,task     ] GC(0) Using 33 workers of 33 for evacuation
[10.486s][info][gc,phases   ] GC(0)   Pre Evacuate Collection Set: 0.6ms
[10.486s][info][gc,phases   ] GC(0)   Merge Heap Roots: 0.3ms
[10.486s][info][gc,phases   ] GC(0)   Evacuate Collection Set: 16.2ms
[10.486s][info][gc,phases   ] GC(0)   Post Evacuate Collection Set: 1.1ms
[10.486s][info][gc,phases   ] GC(0)   Other: 2.1ms
[10.486s][info][gc,heap     ] GC(0) Eden regions: 41->0(44)
[10.486s][info][gc,heap     ] GC(0) Survivor regions: 0->7(7)
[10.486s][info][gc,heap     ] GC(0) Old regions: 0->1
[10.486s][info][gc,heap     ] GC(0) Archive regions: 0->0
[10.486s][info][gc,heap     ] GC(0) Humongous regions: 3->3
[10.486s][info][gc,metaspace] GC(0) Metaspace: 21269K(21504K)->21269K(21504K) NonClass: 18552K(18688K)->18552K(18688K) Class: 2717K(2816K)->2717K(2816K)
[10.486s][info][gc          ] GC(0) Pause Young (Concurrent Start) (Metadata GC Threshold) 88M->20M(2048M) 20.924ms
[10.486s][info][gc          ] GC(1) Concurrent Mark Cycle
[10.486s][info][gc,cpu      ] GC(0) User=0.13s Sys=0.39s Real=0.02s
[10.486s][info][gc,marking  ] GC(1) Concurrent Scan Root Regions
[10.489s][info][gc,marking  ] GC(1) Concurrent Scan Root Regions 2.871ms
[10.489s][info][gc,marking  ] GC(1) Concurrent Mark
[10.489s][info][gc,marking  ] GC(1) Concurrent Mark From Roots
[10.489s][info][gc,task     ] GC(1) Using 8 workers of 8 for marking
[10.490s][info][gc,marking  ] GC(1) Concurrent Mark From Roots 0.811ms
[10.490s][info][gc,marking  ] GC(1) Concurrent Preclean
[10.490s][info][gc,marking  ] GC(1) Concurrent Preclean 0.021ms
[10.490s][info][gc,start    ] GC(1) Pause Remark
[10.493s][info][gc          ] GC(1) Pause Remark 22M->22M(80M) 2.595ms
[10.493s][info][gc,cpu      ] GC(1) User=0.02s Sys=0.00s Real=0.00s
[10.493s][info][gc,marking  ] GC(1) Concurrent Mark 3.646ms
[10.493s][info][gc,marking  ] GC(1) Concurrent Rebuild Remembered Sets and Scrub Regions
[10.494s][info][gc,marking  ] GC(1) Concurrent Rebuild Remembered Sets and Scrub Regions 1.198ms
[10.494s][info][gc,start    ] GC(1) Pause Cleanup
[10.494s][info][gc          ] GC(1) Pause Cleanup 22M->22M(80M) 0.103ms
[10.494s][info][gc,cpu      ] GC(1) User=0.00s Sys=0.00s Real=0.00s
[10.494s][info][gc,marking  ] GC(1) Concurrent Clear Claimed Marks
[10.494s][info][gc,marking  ] GC(1) Concurrent Clear Claimed Marks 0.025ms
[10.494s][info][gc,marking  ] GC(1) Concurrent Cleanup for Next Mark
[10.495s][info][gc,marking  ] GC(1) Concurrent Cleanup for Next Mark 0.480ms
[10.495s][info][gc          ] GC(1) Concurrent Mark Cycle 8.699ms
[11.432s][info][gc,start    ] GC(2) Pause Young (Prepare Mixed) (Metadata GC Threshold)
[11.432s][info][gc,task     ] GC(2) Using 17 workers of 33 for evacuation
[11.447s][info][gc,phases   ] GC(2)   Pre Evacuate Collection Set: 0.1ms
[11.447s][info][gc,phases   ] GC(2)   Merge Heap Roots: 0.1ms
[11.447s][info][gc,phases   ] GC(2)   Evacuate Collection Set: 13.4ms
[11.447s][info][gc,phases   ] GC(2)   Post Evacuate Collection Set: 1.1ms
[11.447s][info][gc,phases   ] GC(2)   Other: 0.2ms
[11.447s][info][gc,heap     ] GC(2) Eden regions: 29->0(20)
[11.447s][info][gc,heap     ] GC(2) Survivor regions: 7->3(7)
[11.447s][info][gc,heap     ] GC(2) Old regions: 1->9
[11.447s][info][gc,heap     ] GC(2) Archive regions: 0->0
[11.447s][info][gc,heap     ] GC(2) Humongous regions: 3->3
[11.447s][info][gc,metaspace] GC(2) Metaspace: 35590K(35968K)->35590K(35968K) NonClass: 31104K(31296K)->31104K(31296K) Class: 4486K(4672K)->4486K(4672K)
[11.447s][info][gc          ] GC(2) Pause Young (Prepare Mixed) (Metadata GC Threshold) 78M->26M(102M) 15.443ms
[11.447s][info][gc,cpu      ] GC(2) User=0.03s Sys=0.00s Real=0.02s
[11.480s][info][gc,start    ] GC(3) Pause Young (Mixed) (Metadata GC Threshold)
[11.480s][info][gc,task     ] GC(3) Using 9 workers of 33 for evacuation
[11.485s][info][gc,phases   ] GC(3)   Pre Evacuate Collection Set: 0.1ms
[11.485s][info][gc,phases   ] GC(3)   Merge Heap Roots: 0.1ms
[11.485s][info][gc,phases   ] GC(3)   Evacuate Collection Set: 3.7ms
[11.485s][info][gc,phases   ] GC(3)   Post Evacuate Collection Set: 0.6ms
[11.485s][info][gc,phases   ] GC(3)   Other: 0.1ms
[11.485s][info][gc,heap     ] GC(3) Eden regions: 3->0(20)
[11.485s][info][gc,heap     ] GC(3) Survivor regions: 3->1(3)
[11.485s][info][gc,heap     ] GC(3) Old regions: 9->11
[11.485s][info][gc,heap     ] GC(3) Archive regions: 0->0
[11.485s][info][gc,heap     ] GC(3) Humongous regions: 3->3
[11.485s][info][gc,metaspace] GC(3) Metaspace: 35941K(36288K)->35941K(36288K) NonClass: 31411K(31616K)->31411K(31616K) Class: 4529K(4672K)->4529K(4672K)
[11.485s][info][gc          ] GC(3) Pause Young (Mixed) (Metadata GC Threshold) 30M->27M(102M) 5.077ms
[11.485s][info][gc,cpu      ] GC(3) User=0.00s Sys=0.00s Real=0.00s
[11.503s][info][gc,start    ] GC(4) Pause Young (Concurrent Start) (Metadata GC Threshold)
[11.503s][info][gc,task     ] GC(4) Using 5 workers of 33 for evacuation
[11.505s][info][gc,phases   ] GC(4)   Pre Evacuate Collection Set: 0.2ms
[11.505s][info][gc,phases   ] GC(4)   Merge Heap Roots: 0.1ms
[11.505s][info][gc,phases   ] GC(4)   Evacuate Collection Set: 0.9ms
[11.505s][info][gc,phases   ] GC(4)   Post Evacuate Collection Set: 0.5ms
[11.505s][info][gc,phases   ] GC(4)   Other: 0.1ms
[11.505s][info][gc,heap     ] GC(4) Eden regions: 1->0(24)
[11.505s][info][gc,heap     ] GC(4) Survivor regions: 1->1(3)
[11.505s][info][gc,heap     ] GC(4) Old regions: 11->11
[11.505s][info][gc,heap     ] GC(4) Archive regions: 0->0
[11.505s][info][gc,heap     ] GC(4) Humongous regions: 3->3
[11.505s][info][gc,metaspace] GC(4) Metaspace: 36260K(36608K)->36260K(36608K) NonClass: 31686K(31872K)->31686K(31872K) Class: 4573K(4736K)->4573K(4736K)
[11.506s][info][gc          ] GC(4) Pause Young (Concurrent Start) (Metadata GC Threshold) 28M->26M(102M) 2.200ms
[11.506s][info][gc,cpu      ] GC(4) User=0.00s Sys=0.00s Real=0.00s
[11.506s][info][gc          ] GC(5) Concurrent Mark Cycle
[11.506s][info][gc,marking  ] GC(5) Concurrent Scan Root Regions
[11.507s][info][gc,marking  ] GC(5) Concurrent Scan Root Regions 1.190ms
[11.507s][info][gc,marking  ] GC(5) Concurrent Mark
[11.507s][info][gc,marking  ] GC(5) Concurrent Mark From Roots
[11.507s][info][gc,task     ] GC(5) Using 8 workers of 8 for marking
[11.518s][info][gc,marking  ] GC(5) Concurrent Mark From Roots 11.468ms
[11.518s][info][gc,marking  ] GC(5) Concurrent Preclean
[11.519s][info][gc,marking  ] GC(5) Concurrent Preclean 0.122ms
[11.519s][info][gc,start    ] GC(5) Pause Remark
[11.523s][info][gc          ] GC(5) Pause Remark 27M->27M(102M) 4.516ms
[11.523s][info][gc,cpu      ] GC(5) User=0.00s Sys=0.00s Real=0.00s
[11.523s][info][gc,marking  ] GC(5) Concurrent Mark 16.449ms
[11.524s][info][gc,marking  ] GC(5) Concurrent Rebuild Remembered Sets and Scrub Regions
[11.527s][info][gc,marking  ] GC(5) Concurrent Rebuild Remembered Sets and Scrub Regions 3.582ms
[11.527s][info][gc,start    ] GC(5) Pause Cleanup
[11.527s][info][gc          ] GC(5) Pause Cleanup 27M->27M(102M) 0.136ms
[11.527s][info][gc,cpu      ] GC(5) User=0.00s Sys=0.00s Real=0.00s
[11.527s][info][gc,marking  ] GC(5) Concurrent Clear Claimed Marks
[11.528s][info][gc,marking  ] GC(5) Concurrent Clear Claimed Marks 0.045ms
[11.528s][info][gc,marking  ] GC(5) Concurrent Cleanup for Next Mark
[11.528s][info][gc,marking  ] GC(5) Concurrent Cleanup for Next Mark 0.269ms
[11.528s][info][gc          ] GC(5) Concurrent Mark Cycle 22.280ms
[11.844s][info][gc,start    ] GC(6) Pause Young (Prepare Mixed) (G1 Evacuation Pause)
[11.845s][info][gc,task     ] GC(6) Using 3 workers of 33 for evacuation
[11.858s][info][gc,phases   ] GC(6)   Pre Evacuate Collection Set: 0.1ms
[11.858s][info][gc,phases   ] GC(6)   Merge Heap Roots: 0.1ms
[11.858s][info][gc,phases   ] GC(6)   Evacuate Collection Set: 4.7ms
[11.858s][info][gc,phases   ] GC(6)   Post Evacuate Collection Set: 8.3ms
[11.858s][info][gc,phases   ] GC(6)   Other: 0.1ms
[11.858s][info][gc,heap     ] GC(6) Eden regions: 24->0(87)
[11.858s][info][gc,heap     ] GC(6) Survivor regions: 1->2(4)
[11.858s][info][gc,heap     ] GC(6) Old regions: 11->11
[11.858s][info][gc,heap     ] GC(6) Archive regions: 0->0
[11.858s][info][gc,heap     ] GC(6) Humongous regions: 3->3
[11.858s][info][gc,metaspace] GC(6) Metaspace: 42063K(42496K)->42063K(42496K) NonClass: 36794K(37056K)->36794K(37056K) Class: 5268K(5440K)->5268K(5440K)
[11.858s][info][gc          ] GC(6) Pause Young (Prepare Mixed) (G1 Evacuation Pause) 74M->29M(1076M) 13.845ms
[11.858s][info][gc,cpu      ] GC(6) User=0.05s Sys=0.00s Real=0.01s
[12.076s][info][gc,start    ] GC(7) Pause Young (Mixed) (G1 Evacuation Pause)
[12.076s][info][gc,task     ] GC(7) Using 25 workers of 33 for evacuation
[12.089s][info][gc,phases   ] GC(7)   Pre Evacuate Collection Set: 0.2ms
[12.089s][info][gc,phases   ] GC(7)   Merge Heap Roots: 0.1ms
[12.089s][info][gc,phases   ] GC(7)   Evacuate Collection Set: 12.2ms
[12.089s][info][gc,phases   ] GC(7)   Post Evacuate Collection Set: 0.8ms
[12.089s][info][gc,phases   ] GC(7)   Other: 0.2ms
[12.089s][info][gc,heap     ] GC(7) Eden regions: 87->0(88)
[12.089s][info][gc,heap     ] GC(7) Survivor regions: 2->10(12)
[12.089s][info][gc,heap     ] GC(7) Old regions: 11->10
[12.089s][info][gc,heap     ] GC(7) Archive regions: 0->0
[12.090s][info][gc,heap     ] GC(7) Humongous regions: 3->3
[12.090s][info][gc,metaspace] GC(7) Metaspace: 42077K(42496K)->42077K(42496K) NonClass: 36806K(37056K)->36806K(37056K) Class: 5271K(5440K)->5271K(5440K)
[12.090s][info][gc          ] GC(7) Pause Young (Mixed) (G1 Evacuation Pause) 203M->45M(1076M) 14.012ms
[12.090s][info][gc,cpu      ] GC(7) User=0.09s Sys=0.30s Real=0.01s
[12.239s][info][gc,start    ] GC(8) Pause Young (Normal) (G1 Evacuation Pause)
[12.240s][info][gc,task     ] GC(8) Using 25 workers of 33 for evacuation
[12.253s][info][gc,phases   ] GC(8)   Pre Evacuate Collection Set: 0.3ms
[12.253s][info][gc,phases   ] GC(8)   Merge Heap Roots: 0.1ms
[12.253s][info][gc,phases   ] GC(8)   Evacuate Collection Set: 12.2ms
[12.253s][info][gc,phases   ] GC(8)   Post Evacuate Collection Set: 0.4ms
[12.253s][info][gc,phases   ] GC(8)   Other: 0.1ms
[12.253s][info][gc,heap     ] GC(8) Eden regions: 88->0(112)
[12.253s][info][gc,heap     ] GC(8) Survivor regions: 10->9(13)
[12.253s][info][gc,heap     ] GC(8) Old regions: 10->20
[12.253s][info][gc,heap     ] GC(8) Archive regions: 0->0
[12.253s][info][gc,heap     ] GC(8) Humongous regions: 3->3
[12.253s][info][gc,metaspace] GC(8) Metaspace: 42077K(42496K)->42077K(42496K) NonClass: 36806K(37056K)->36806K(37056K) Class: 5271K(5440K)->5271K(5440K)
[12.253s][info][gc          ] GC(8) Pause Young (Normal) (G1 Evacuation Pause) 221M->62M(1076M) 13.396ms
[12.253s][info][gc,cpu      ] GC(8) User=0.00s Sys=0.02s Real=0.02s
[12.458s][info][gc,start    ] GC(9) Pause Young (Normal) (G1 Evacuation Pause)
[12.458s][info][gc,task     ] GC(9) Using 25 workers of 33 for evacuation
[12.476s][info][gc,phases   ] GC(9)   Pre Evacuate Collection Set: 0.2ms
[12.476s][info][gc,phases   ] GC(9)   Merge Heap Roots: 0.1ms
[12.476s][info][gc,phases   ] GC(9)   Evacuate Collection Set: 16.4ms
[12.476s][info][gc,phases   ] GC(9)   Post Evacuate Collection Set: 0.4ms
[12.476s][info][gc,phases   ] GC(9)   Other: 0.2ms
[12.476s][info][gc,heap     ] GC(9) Eden regions: 112->0(143)
[12.476s][info][gc,heap     ] GC(9) Survivor regions: 9->16(16)
[12.476s][info][gc,heap     ] GC(9) Old regions: 20->23
[12.476s][info][gc,heap     ] GC(9) Archive regions: 0->0
[12.476s][info][gc,heap     ] GC(9) Humongous regions: 3->3
[12.476s][info][gc,metaspace] GC(9) Metaspace: 42077K(42496K)->42077K(42496K) NonClass: 36806K(37056K)->36806K(37056K) Class: 5271K(5440K)->5271K(5440K)
[12.476s][info][gc          ] GC(9) Pause Young (Normal) (G1 Evacuation Pause) 286M->82M(1076M) 17.625ms
[12.476s][info][gc,cpu      ] GC(9) User=0.70s Sys=0.08s Real=0.03s
[12.723s][info][gc,start    ] GC(10) Pause Young (Normal) (G1 Evacuation Pause)
[12.723s][info][gc,task     ] GC(10) Using 25 workers of 33 for evacuation
[12.742s][info][gc,phases   ] GC(10)   Pre Evacuate Collection Set: 0.2ms
[12.742s][info][gc,phases   ] GC(10)   Merge Heap Roots: 0.1ms
[12.742s][info][gc,phases   ] GC(10)   Evacuate Collection Set: 18.0ms
[12.742s][info][gc,phases   ] GC(10)   Post Evacuate Collection Set: 0.4ms
[12.742s][info][gc,phases   ] GC(10)   Other: 0.2ms
[12.742s][info][gc,heap     ] GC(10) Eden regions: 143->0(159)
[12.742s][info][gc,heap     ] GC(10) Survivor regions: 16->20(20)
[12.742s][info][gc,heap     ] GC(10) Old regions: 23->32
[12.742s][info][gc,heap     ] GC(10) Archive regions: 0->0
[12.742s][info][gc,heap     ] GC(10) Humongous regions: 3->3
[12.742s][info][gc,metaspace] GC(10) Metaspace: 42077K(42496K)->42077K(42496K) NonClass: 36806K(37056K)->36806K(37056K) Class: 5271K(5440K)->5271K(5440K)
[12.743s][info][gc          ] GC(10) Pause Young (Normal) (G1 Evacuation Pause) 368M->109M(1076M) 19.374ms
[12.743s][info][gc,cpu      ] GC(10) User=0.66s Sys=0.13s Real=0.03s
[13.586s][info][gc,start    ] GC(11) Pause Full (System.gc())
[13.587s][info][gc,task     ] GC(11) Using 25 workers of 33 for full compaction
[13.588s][info][gc,phases,start] GC(11) Phase 1: Mark live objects
[13.601s][info][gc,phases      ] GC(11) Phase 1: Mark live objects 13.033ms
[13.601s][info][gc,phases,start] GC(11) Phase 2: Prepare compaction
[13.605s][info][gc,phases      ] GC(11) Phase 2: Prepare compaction 4.083ms
[13.605s][info][gc,phases,start] GC(11) Phase 3: Adjust pointers
[13.609s][info][gc,phases      ] GC(11) Phase 3: Adjust pointers 4.334ms
[13.609s][info][gc,phases,start] GC(11) Phase 4: Compact heap
[13.611s][info][gc,phases      ] GC(11) Phase 4: Compact heap 2.106ms
[13.620s][info][gc,heap        ] GC(11) Eden regions: 127->0(46)
[13.620s][info][gc,heap        ] GC(11) Survivor regions: 20->0(20)
[13.620s][info][gc,heap        ] GC(11) Old regions: 32->22
[13.620s][info][gc,heap        ] GC(11) Archive regions: 0->0
[13.620s][info][gc,heap        ] GC(11) Humongous regions: 6->3
[13.620s][info][gc,metaspace   ] GC(11) Metaspace: 47963K(48448K)->47963K(48448K) NonClass: 41871K(42176K)->41871K(42176K) Class: 6092K(6272K)->6092K(6272K)
[13.620s][info][gc             ] GC(11) Pause Full (System.gc()) 369M->27M(168M) 34.003ms
[13.620s][info][gc,cpu         ] GC(11) User=0.03s Sys=0.25s Real=0.03s
[14.298s][info][gc,start       ] GC(12) Pause Young (Normal) (G1 Evacuation Pause)
[14.298s][info][gc,task        ] GC(12) Using 14 workers of 33 for evacuation
[14.304s][info][gc,phases      ] GC(12)   Pre Evacuate Collection Set: 0.1ms
[14.304s][info][gc,phases      ] GC(12)   Merge Heap Roots: 0.1ms
[14.304s][info][gc,phases      ] GC(12)   Evacuate Collection Set: 2.4ms
[14.304s][info][gc,phases      ] GC(12)   Post Evacuate Collection Set: 3.7ms
[14.304s][info][gc,phases      ] GC(12)   Other: 0.1ms
[14.304s][info][gc,heap        ] GC(12) Eden regions: 46->0(327)
[14.304s][info][gc,heap        ] GC(12) Survivor regions: 0->5(6)
[14.304s][info][gc,heap        ] GC(12) Old regions: 22->22
[14.304s][info][gc,heap        ] GC(12) Archive regions: 0->0
[14.304s][info][gc,heap        ] GC(12) Humongous regions: 6->3
[14.304s][info][gc,metaspace   ] GC(12) Metaspace: 53814K(54464K)->53814K(54464K) NonClass: 46993K(47360K)->46993K(47360K) Class: 6820K(7104K)->6820K(7104K)
[14.304s][info][gc             ] GC(12) Pause Young (Normal) (G1 Evacuation Pause) 125M->36M(1108M) 6.708ms
[14.304s][info][gc,cpu         ] GC(12) User=0.28s Sys=0.06s Real=0.02s
[14.944s][info][gc,start       ] GC(13) Pause Young (Normal) (G1 Evacuation Pause)
[14.944s][info][gc,task        ] GC(13) Using 26 workers of 33 for evacuation
[14.973s][info][gc,phases      ] GC(13)   Pre Evacuate Collection Set: 0.2ms
[14.973s][info][gc,phases      ] GC(13)   Merge Heap Roots: 0.3ms
[14.973s][info][gc,phases      ] GC(13)   Evacuate Collection Set: 27.2ms
[14.973s][info][gc,phases      ] GC(13)   Post Evacuate Collection Set: 0.8ms
[14.973s][info][gc,phases      ] GC(13)   Other: 0.3ms
[14.973s][info][gc,heap        ] GC(13) Eden regions: 327->0(299)
[14.973s][info][gc,heap        ] GC(13) Survivor regions: 5->33(42)
[14.973s][info][gc,heap        ] GC(13) Old regions: 22->22
[14.973s][info][gc,heap        ] GC(13) Archive regions: 0->0
[14.973s][info][gc,heap        ] GC(13) Humongous regions: 9->9
[14.973s][info][gc,metaspace   ] GC(13) Metaspace: 53878K(54528K)->53878K(54528K) NonClass: 47057K(47424K)->47057K(47424K) Class: 6820K(7104K)->6820K(7104K)
[14.973s][info][gc             ] GC(13) Pause Young (Normal) (G1 Evacuation Pause) 702M->103M(1108M) 29.136ms
[14.973s][info][gc,cpu         ] GC(13) User=0.81s Sys=0.00s Real=0.03s
[15.593s][info][gc,start       ] GC(14) Pause Young (Normal) (G1 Evacuation Pause)
[15.593s][info][gc,task        ] GC(14) Using 26 workers of 33 for evacuation
[15.619s][info][gc,phases      ] GC(14)   Pre Evacuate Collection Set: 0.2ms
[15.619s][info][gc,phases      ] GC(14)   Merge Heap Roots: 0.4ms
[15.619s][info][gc,phases      ] GC(14)   Evacuate Collection Set: 24.3ms
[15.619s][info][gc,phases      ] GC(14)   Post Evacuate Collection Set: 0.9ms
[15.619s][info][gc,phases      ] GC(14)   Other: 0.2ms
[15.619s][info][gc,heap        ] GC(14) Eden regions: 275->0(314)
[15.619s][info][gc,heap        ] GC(14) Survivor regions: 33->18(39)
[15.619s][info][gc,heap        ] GC(14) Old regions: 22->54
[15.619s][info][gc,heap        ] GC(14) Archive regions: 0->0
[15.619s][info][gc,heap        ] GC(14) Humongous regions: 15->12
[15.619s][info][gc,metaspace   ] GC(14) Metaspace: 55781K(56576K)->55781K(56576K) NonClass: 48654K(49088K)->48654K(49088K) Class: 7126K(7488K)->7126K(7488K)
[15.619s][info][gc             ] GC(14) Pause Young (Normal) (G1 Evacuation Pause) 665M->142M(1108M) 26.381ms
[15.619s][info][gc,cpu         ] GC(14) User=0.86s Sys=0.03s Real=0.03s
[15.827s][info][gc,start       ] GC(15) Pause Young (Normal) (G1 Evacuation Pause)
[15.827s][info][gc,task        ] GC(15) Using 26 workers of 33 for evacuation
[15.846s][info][gc,phases      ] GC(15)   Pre Evacuate Collection Set: 0.2ms
[15.846s][info][gc,phases      ] GC(15)   Merge Heap Roots: 0.2ms
[15.846s][info][gc,phases      ] GC(15)   Evacuate Collection Set: 17.4ms
[15.846s][info][gc,phases      ] GC(15)   Post Evacuate Collection Set: 0.8ms
[15.846s][info][gc,phases      ] GC(15)   Other: 0.1ms
[15.846s][info][gc,heap        ] GC(15) Eden regions: 314->0(303)
[15.846s][info][gc,heap        ] GC(15) Survivor regions: 18->29(42)
[15.846s][info][gc,heap        ] GC(15) Old regions: 54->54
[15.846s][info][gc,heap        ] GC(15) Archive regions: 0->0
[15.846s][info][gc,heap        ] GC(15) Humongous regions: 14->14
[15.846s][info][gc,metaspace   ] GC(15) Metaspace: 55791K(56576K)->55791K(56576K) NonClass: 48662K(49088K)->48662K(49088K) Class: 7128K(7488K)->7128K(7488K)
[15.846s][info][gc             ] GC(15) Pause Young (Normal) (G1 Evacuation Pause) 774M->170M(1108M) 18.974ms
[15.846s][info][gc,cpu         ] GC(15) User=0.44s Sys=0.00s Real=0.02s
[16.036s][info][gc,start       ] GC(16) Pause Young (Normal) (G1 Evacuation Pause)
[16.036s][info][gc,task        ] GC(16) Using 26 workers of 33 for evacuation
[16.058s][info][gc,phases      ] GC(16)   Pre Evacuate Collection Set: 0.2ms
[16.058s][info][gc,phases      ] GC(16)   Merge Heap Roots: 0.4ms
[16.058s][info][gc,phases      ] GC(16)   Evacuate Collection Set: 20.1ms
[16.058s][info][gc,phases      ] GC(16)   Post Evacuate Collection Set: 0.6ms
[16.058s][info][gc,phases      ] GC(16)   Other: 0.2ms
[16.058s][info][gc,heap        ] GC(16) Eden regions: 303->0(304)
[16.058s][info][gc,heap        ] GC(16) Survivor regions: 29->28(42)
[16.058s][info][gc,heap        ] GC(16) Old regions: 54->69
[16.058s][info][gc,heap        ] GC(16) Archive regions: 0->0
[16.058s][info][gc,heap        ] GC(16) Humongous regions: 17->17
[16.058s][info][gc,metaspace   ] GC(16) Metaspace: 55791K(56576K)->55791K(56576K) NonClass: 48662K(49088K)->48662K(49088K) Class: 7128K(7488K)->7128K(7488K)
[16.058s][info][gc             ] GC(16) Pause Young (Normal) (G1 Evacuation Pause) 782M->202M(1108M) 21.945ms
[16.058s][info][gc,cpu         ] GC(16) User=0.52s Sys=0.00s Real=0.03s
[16.422s][info][gc,start       ] GC(17) Pause Young (Normal) (G1 Evacuation Pause)
[16.422s][info][gc,task        ] GC(17) Using 26 workers of 33 for evacuation
[16.443s][info][gc,phases      ] GC(17)   Pre Evacuate Collection Set: 0.2ms
[16.443s][info][gc,phases      ] GC(17)   Merge Heap Roots: 0.3ms
[16.443s][info][gc,phases      ] GC(17)   Evacuate Collection Set: 20.0ms
[16.443s][info][gc,phases      ] GC(17)   Post Evacuate Collection Set: 0.7ms
[16.443s][info][gc,phases      ] GC(17)   Other: 0.2ms
[16.443s][info][gc,heap        ] GC(17) Eden regions: 304->0(315)
[16.443s][info][gc,heap        ] GC(17) Survivor regions: 28->17(42)
[16.443s][info][gc,heap        ] GC(17) Old regions: 69->83
[16.443s][info][gc,heap        ] GC(17) Archive regions: 0->0
[16.443s][info][gc,heap        ] GC(17) Humongous regions: 19->19
[16.443s][info][gc,metaspace   ] GC(17) Metaspace: 56207K(57024K)->56207K(57024K) NonClass: 49013K(49472K)->49013K(49472K) Class: 7193K(7552K)->7193K(7552K)
[16.444s][info][gc             ] GC(17) Pause Young (Normal) (G1 Evacuation Pause) 814M->213M(1108M) 21.807ms
[16.444s][info][gc,cpu         ] GC(17) User=0.42s Sys=0.02s Real=0.03s
[16.907s][info][gc,start       ] GC(18) Pause Full (System.gc())
[16.907s][info][gc,task        ] GC(18) Using 26 workers of 33 for full compaction
[16.908s][info][gc,phases,start] GC(18) Phase 1: Mark live objects
[16.947s][info][gc,phases      ] GC(18) Phase 1: Mark live objects 39.385ms
[16.947s][info][gc,phases,start] GC(18) Phase 2: Prepare compaction
[16.954s][info][gc,phases      ] GC(18) Phase 2: Prepare compaction 6.666ms
[16.954s][info][gc,phases,start] GC(18) Phase 3: Adjust pointers
[16.963s][info][gc,phases      ] GC(18) Phase 3: Adjust pointers 9.421ms
[16.963s][info][gc,phases,start] GC(18) Phase 4: Compact heap
[16.970s][info][gc,phases      ] GC(18) Phase 4: Compact heap 6.567ms
[16.978s][info][gc,heap        ] GC(18) Eden regions: 233->0(194)
[16.978s][info][gc,heap        ] GC(18) Survivor regions: 17->0(42)
[16.978s][info][gc,heap        ] GC(18) Old regions: 83->90
[16.978s][info][gc,heap        ] GC(18) Archive regions: 0->0
[16.978s][info][gc,heap        ] GC(18) Humongous regions: 22->7
[16.978s][info][gc,metaspace   ] GC(18) Metaspace: 58044K(58880K)->57995K(58880K) NonClass: 50639K(51072K)->50605K(51072K) Class: 7405K(7808K)->7390K(7808K)
[16.978s][info][gc             ] GC(18) Pause Full (System.gc()) 684M->176M(648M) 71.556ms
[16.978s][info][gc,cpu         ] GC(18) User=1.47s Sys=0.08s Real=0.06s
[17.275s][info][gc,start       ] GC(19) Pause Young (Normal) (G1 Evacuation Pause)
[17.275s][info][gc,task        ] GC(19) Using 20 workers of 33 for evacuation
[17.282s][info][gc,phases      ] GC(19)   Pre Evacuate Collection Set: 0.2ms
[17.282s][info][gc,phases      ] GC(19)   Merge Heap Roots: 0.1ms
[17.282s][info][gc,phases      ] GC(19)   Evacuate Collection Set: 0.7ms
[17.282s][info][gc,phases      ] GC(19)   Post Evacuate Collection Set: 5.2ms
[17.282s][info][gc,phases      ] GC(19)   Other: 0.2ms
[17.282s][info][gc,heap        ] GC(19) Eden regions: 194->0(354)
[17.282s][info][gc,heap        ] GC(19) Survivor regions: 0->3(25)
[17.282s][info][gc,heap        ] GC(19) Old regions: 90->90
[17.282s][info][gc,heap        ] GC(19) Archive regions: 0->0
[17.282s][info][gc,heap        ] GC(19) Humongous regions: 13->7
[17.282s][info][gc,metaspace   ] GC(19) Metaspace: 58327K(59136K)->58327K(59136K) NonClass: 50870K(51328K)->50870K(51328K) Class: 7456K(7808K)->7456K(7808K)
[17.282s][info][gc             ] GC(19) Pause Young (Normal) (G1 Evacuation Pause) 576M->182M(1190M) 6.877ms
[17.282s][info][gc,cpu         ] GC(19) User=0.00s Sys=0.00s Real=0.00s
[17.638s][info][gc,start       ] GC(20) Pause Young (Normal) (G1 Evacuation Pause)
[17.639s][info][gc,task        ] GC(20) Using 28 workers of 33 for evacuation
[17.641s][info][gc,phases      ] GC(20)   Pre Evacuate Collection Set: 0.2ms
[17.641s][info][gc,phases      ] GC(20)   Merge Heap Roots: 0.2ms
[17.641s][info][gc,phases      ] GC(20)   Evacuate Collection Set: 0.7ms
[17.641s][info][gc,phases      ] GC(20)   Post Evacuate Collection Set: 0.8ms
[17.641s][info][gc,phases      ] GC(20)   Other: 0.2ms
[17.641s][info][gc,heap        ] GC(20) Eden regions: 354->0(356)
[17.641s][info][gc,heap        ] GC(20) Survivor regions: 3->1(45)
[17.641s][info][gc,heap        ] GC(20) Old regions: 90->90
[17.641s][info][gc,heap        ] GC(20) Archive regions: 0->0
[17.641s][info][gc,heap        ] GC(20) Humongous regions: 7->7
[17.641s][info][gc,metaspace   ] GC(20) Metaspace: 58330K(59136K)->58330K(59136K) NonClass: 50873K(51328K)->50873K(51328K) Class: 7456K(7808K)->7456K(7808K)
[17.641s][info][gc             ] GC(20) Pause Young (Normal) (G1 Evacuation Pause) 890M->177M(1190M) 2.596ms
[17.641s][info][gc,cpu         ] GC(20) User=0.00s Sys=0.00s Real=0.00s
[17.890s][info][gc,start       ] GC(21) Pause Young (Normal) (G1 Evacuation Pause)
[17.890s][info][gc,task        ] GC(21) Using 28 workers of 33 for evacuation
[17.892s][info][gc,phases      ] GC(21)   Pre Evacuate Collection Set: 0.2ms
[17.892s][info][gc,phases      ] GC(21)   Merge Heap Roots: 0.2ms
[17.892s][info][gc,phases      ] GC(21)   Evacuate Collection Set: 0.6ms
[17.892s][info][gc,phases      ] GC(21)   Post Evacuate Collection Set: 0.8ms
[17.892s][info][gc,phases      ] GC(21)   Other: 0.2ms
[17.892s][info][gc,heap        ] GC(21) Eden regions: 356->0(356)
[17.892s][info][gc,heap        ] GC(21) Survivor regions: 1->1(45)
[17.892s][info][gc,heap        ] GC(21) Old regions: 90->90
[17.892s][info][gc,heap        ] GC(21) Archive regions: 0->0
[17.892s][info][gc,heap        ] GC(21) Humongous regions: 7->7
[17.892s][info][gc,metaspace   ] GC(21) Metaspace: 58330K(59136K)->58330K(59136K) NonClass: 50873K(51328K)->50873K(51328K) Class: 7456K(7808K)->7456K(7808K)
[17.893s][info][gc             ] GC(21) Pause Young (Normal) (G1 Evacuation Pause) 889M->176M(1190M) 2.506ms
[17.893s][info][gc,cpu         ] GC(21) User=0.00s Sys=0.00s Real=0.00s
[17.995s][info][gc,start       ] GC(22) Pause Full (System.gc())
[17.995s][info][gc,task        ] GC(22) Using 28 workers of 33 for full compaction
[17.996s][info][gc,phases,start] GC(22) Phase 1: Mark live objects
[18.027s][info][gc,phases      ] GC(22) Phase 1: Mark live objects 30.798ms
[18.027s][info][gc,phases,start] GC(22) Phase 2: Prepare compaction
[18.034s][info][gc,phases      ] GC(22) Phase 2: Prepare compaction 7.052ms
[18.034s][info][gc,phases,start] GC(22) Phase 3: Adjust pointers
[18.042s][info][gc,phases      ] GC(22) Phase 3: Adjust pointers 7.841ms
[18.042s][info][gc,phases,start] GC(22) Phase 4: Compact heap
[18.044s][info][gc,phases      ] GC(22) Phase 4: Compact heap 1.489ms
[18.051s][info][gc,heap        ] GC(22) Eden regions: 70->0(196)
[18.051s][info][gc,heap        ] GC(22) Survivor regions: 1->0(45)
[18.051s][info][gc,heap        ] GC(22) Old regions: 90->91
[18.051s][info][gc,heap        ] GC(22) Archive regions: 0->0
[18.051s][info][gc,heap        ] GC(22) Humongous regions: 10->7
[18.051s][info][gc,metaspace   ] GC(22) Metaspace: 58418K(59264K)->58418K(59264K) NonClass: 50961K(51456K)->50961K(51456K) Class: 7456K(7808K)->7456K(7808K)
[18.051s][info][gc             ] GC(22) Pause Full (System.gc()) 322M->176M(654M) 55.956ms
[18.051s][info][gc,cpu         ] GC(22) User=1.34s Sys=0.00s Real=0.06s
[18.331s][info][gc,start       ] GC(23) Pause Young (Normal) (G1 Evacuation Pause)
[18.331s][info][gc,task        ] GC(23) Using 21 workers of 33 for evacuation
[18.332s][info][gc,phases      ] GC(23)   Pre Evacuate Collection Set: 0.2ms
[18.332s][info][gc,phases      ] GC(23)   Merge Heap Roots: 0.1ms
[18.332s][info][gc,phases      ] GC(23)   Evacuate Collection Set: 0.4ms
[18.333s][info][gc,phases      ] GC(23)   Post Evacuate Collection Set: 0.7ms
[18.333s][info][gc,phases      ] GC(23)   Other: 0.2ms
[18.333s][info][gc,heap        ] GC(23) Eden regions: 196->0(195)
[18.333s][info][gc,heap        ] GC(23) Survivor regions: 0->1(25)
[18.333s][info][gc,heap        ] GC(23) Old regions: 91->91
[18.333s][info][gc,heap        ] GC(23) Archive regions: 0->0
[18.333s][info][gc,heap        ] GC(23) Humongous regions: 13->7
[18.333s][info][gc,metaspace   ] GC(23) Metaspace: 58489K(59328K)->58489K(59328K) NonClass: 51033K(51520K)->51033K(51520K) Class: 7456K(7808K)->7456K(7808K)
[18.333s][info][gc             ] GC(23) Pause Young (Normal) (G1 Evacuation Pause) 580M->176M(654M) 2.057ms
[18.333s][info][gc,cpu         ] GC(23) User=0.00s Sys=0.00s Real=0.00s
[18.473s][info][gc,start       ] GC(24) Pause Young (Normal) (G1 Evacuation Pause)
[18.473s][info][gc,task        ] GC(24) Using 18 workers of 33 for evacuation
[18.474s][info][gc,phases      ] GC(24)   Pre Evacuate Collection Set: 0.2ms
[18.475s][info][gc,phases      ] GC(24)   Merge Heap Roots: 0.1ms
[18.475s][info][gc,phases      ] GC(24)   Evacuate Collection Set: 0.4ms
[18.475s][info][gc,phases      ] GC(24)   Post Evacuate Collection Set: 0.7ms
[18.475s][info][gc,phases      ] GC(24)   Other: 0.2ms
[18.475s][info][gc,heap        ] GC(24) Eden regions: 195->0(195)
[18.475s][info][gc,heap        ] GC(24) Survivor regions: 1->1(25)
[18.475s][info][gc,heap        ] GC(24) Old regions: 91->91
[18.475s][info][gc,heap        ] GC(24) Archive regions: 0->0
[18.475s][info][gc,heap        ] GC(24) Humongous regions: 7->7
[18.475s][info][gc,metaspace   ] GC(24) Metaspace: 58489K(59328K)->58489K(59328K) NonClass: 51033K(51520K)->51033K(51520K) Class: 7456K(7808K)->7456K(7808K)
[18.475s][info][gc             ] GC(24) Pause Young (Normal) (G1 Evacuation Pause) 566M->176M(654M) 2.107ms
[18.475s][info][gc,cpu         ] GC(24) User=0.00s Sys=0.00s Real=0.00s
[18.613s][info][gc,start       ] GC(25) Pause Young (Normal) (G1 Evacuation Pause)
[18.613s][info][gc,task        ] GC(25) Using 16 workers of 33 for evacuation
[18.614s][info][gc,phases      ] GC(25)   Pre Evacuate Collection Set: 0.2ms
[18.614s][info][gc,phases      ] GC(25)   Merge Heap Roots: 0.1ms
[18.614s][info][gc,phases      ] GC(25)   Evacuate Collection Set: 0.4ms
[18.614s][info][gc,phases      ] GC(25)   Post Evacuate Collection Set: 0.7ms
[18.614s][info][gc,phases      ] GC(25)   Other: 0.1ms
[18.614s][info][gc,heap        ] GC(25) Eden regions: 195->0(195)
[18.614s][info][gc,heap        ] GC(25) Survivor regions: 1->1(25)
[18.614s][info][gc,heap        ] GC(25) Old regions: 91->91
[18.614s][info][gc,heap        ] GC(25) Archive regions: 0->0
[18.614s][info][gc,heap        ] GC(25) Humongous regions: 7->7
[18.615s][info][gc,metaspace   ] GC(25) Metaspace: 58489K(59328K)->58489K(59328K) NonClass: 51033K(51520K)->51033K(51520K) Class: 7456K(7808K)->7456K(7808K)
[18.615s][info][gc             ] GC(25) Pause Young (Normal) (G1 Evacuation Pause) 566M->176M(654M) 1.909ms
[18.615s][info][gc,cpu         ] GC(25) User=0.00s Sys=0.00s Real=0.00s
[18.740s][info][gc,start       ] GC(26) Pause Young (Normal) (G1 Evacuation Pause)
[18.741s][info][gc,task        ] GC(26) Using 15 workers of 33 for evacuation
[18.742s][info][gc,phases      ] GC(26)   Pre Evacuate Collection Set: 0.2ms
[18.742s][info][gc,phases      ] GC(26)   Merge Heap Roots: 0.1ms
[18.742s][info][gc,phases      ] GC(26)   Evacuate Collection Set: 0.4ms
[18.742s][info][gc,phases      ] GC(26)   Post Evacuate Collection Set: 0.6ms
[18.742s][info][gc,phases      ] GC(26)   Other: 0.2ms
[18.742s][info][gc,heap        ] GC(26) Eden regions: 195->0(195)
[18.742s][info][gc,heap        ] GC(26) Survivor regions: 1->1(25)
[18.742s][info][gc,heap        ] GC(26) Old regions: 91->91
[18.742s][info][gc,heap        ] GC(26) Archive regions: 0->0
[18.742s][info][gc,heap        ] GC(26) Humongous regions: 7->7
[18.742s][info][gc,metaspace   ] GC(26) Metaspace: 58489K(59328K)->58489K(59328K) NonClass: 51033K(51520K)->51033K(51520K) Class: 7456K(7808K)->7456K(7808K)
[18.742s][info][gc             ] GC(26) Pause Young (Normal) (G1 Evacuation Pause) 566M->176M(654M) 1.860ms
[18.742s][info][gc,cpu         ] GC(26) User=0.00s Sys=0.00s Real=0.00s
[18.912s][info][gc,start       ] GC(27) Pause Full (System.gc())
[18.912s][info][gc,task        ] GC(27) Using 15 workers of 33 for full compaction
[18.912s][info][gc,phases,start] GC(27) Phase 1: Mark live objects
[18.948s][info][gc,phases      ] GC(27) Phase 1: Mark live objects 35.668ms
[18.948s][info][gc,phases,start] GC(27) Phase 2: Prepare compaction
[18.953s][info][gc,phases      ] GC(27) Phase 2: Prepare compaction 5.001ms
[18.953s][info][gc,phases,start] GC(27) Phase 3: Adjust pointers
[18.961s][info][gc,phases      ] GC(27) Phase 3: Adjust pointers 7.568ms
[18.961s][info][gc,phases,start] GC(27) Phase 4: Compact heap
[18.962s][info][gc,phases      ] GC(27) Phase 4: Compact heap 1.117ms
[18.967s][info][gc,heap        ] GC(27) Eden regions: 187->0(194)
[18.967s][info][gc,heap        ] GC(27) Survivor regions: 1->0(25)
[18.967s][info][gc,heap        ] GC(27) Old regions: 91->90
[18.967s][info][gc,heap        ] GC(27) Archive regions: 0->0
[18.967s][info][gc,heap        ] GC(27) Humongous regions: 10->7
[18.967s][info][gc,metaspace   ] GC(27) Metaspace: 58563K(59392K)->58563K(59392K) NonClass: 51106K(51584K)->51106K(51584K) Class: 7456K(7808K)->7456K(7808K)
[18.967s][info][gc             ] GC(27) Pause Full (System.gc()) 556M->176M(648M) 55.280ms
[18.967s][info][gc,cpu         ] GC(27) User=0.70s Sys=0.00s Real=0.05s
[19.180s][info][gc,start       ] GC(28) Pause Young (Normal) (G1 Evacuation Pause)
[19.180s][info][gc,task        ] GC(28) Using 15 workers of 33 for evacuation
[19.182s][info][gc,phases      ] GC(28)   Pre Evacuate Collection Set: 0.2ms
[19.182s][info][gc,phases      ] GC(28)   Merge Heap Roots: 0.1ms
[19.182s][info][gc,phases      ] GC(28)   Evacuate Collection Set: 0.5ms
[19.182s][info][gc,phases      ] GC(28)   Post Evacuate Collection Set: 0.5ms
[19.182s][info][gc,phases      ] GC(28)   Other: 0.1ms
[19.182s][info][gc,heap        ] GC(28) Eden regions: 194->0(193)
[19.182s][info][gc,heap        ] GC(28) Survivor regions: 0->1(25)
[19.182s][info][gc,heap        ] GC(28) Old regions: 90->90
[19.182s][info][gc,heap        ] GC(28) Archive regions: 0->0
[19.182s][info][gc,heap        ] GC(28) Humongous regions: 13->7
[19.182s][info][gc,metaspace   ] GC(28) Metaspace: 58633K(59456K)->58633K(59456K) NonClass: 51176K(51648K)->51176K(51648K) Class: 7457K(7808K)->7457K(7808K)
[19.182s][info][gc             ] GC(28) Pause Young (Normal) (G1 Evacuation Pause) 576M->176M(648M) 1.660ms
[19.182s][info][gc,cpu         ] GC(28) User=0.00s Sys=0.00s Real=0.00s
[19.331s][info][gc,start       ] GC(29) Pause Young (Normal) (G1 Evacuation Pause)
[19.331s][info][gc,task        ] GC(29) Using 15 workers of 33 for evacuation
[19.332s][info][gc,phases      ] GC(29)   Pre Evacuate Collection Set: 0.2ms
[19.332s][info][gc,phases      ] GC(29)   Merge Heap Roots: 0.1ms
[19.332s][info][gc,phases      ] GC(29)   Evacuate Collection Set: 0.4ms
[19.332s][info][gc,phases      ] GC(29)   Post Evacuate Collection Set: 0.6ms
[19.332s][info][gc,phases      ] GC(29)   Other: 0.1ms
[19.332s][info][gc,heap        ] GC(29) Eden regions: 193->0(193)
[19.332s][info][gc,heap        ] GC(29) Survivor regions: 1->1(25)
[19.332s][info][gc,heap        ] GC(29) Old regions: 90->90
[19.332s][info][gc,heap        ] GC(29) Archive regions: 0->0
[19.332s][info][gc,heap        ] GC(29) Humongous regions: 7->7
[19.332s][info][gc,metaspace   ] GC(29) Metaspace: 58645K(59456K)->58645K(59456K) NonClass: 51188K(51648K)->51188K(51648K) Class: 7457K(7808K)->7457K(7808K)
[19.332s][info][gc             ] GC(29) Pause Young (Normal) (G1 Evacuation Pause) 562M->176M(648M) 1.746ms
[19.332s][info][gc,cpu         ] GC(29) User=0.00s Sys=0.00s Real=0.00s
[19.477s][info][gc,start       ] GC(30) Pause Young (Normal) (G1 Evacuation Pause)
[19.477s][info][gc,task        ] GC(30) Using 15 workers of 33 for evacuation
[19.478s][info][gc,phases      ] GC(30)   Pre Evacuate Collection Set: 0.2ms
[19.478s][info][gc,phases      ] GC(30)   Merge Heap Roots: 0.1ms
[19.478s][info][gc,phases      ] GC(30)   Evacuate Collection Set: 0.4ms
[19.478s][info][gc,phases      ] GC(30)   Post Evacuate Collection Set: 0.7ms
[19.479s][info][gc,phases      ] GC(30)   Other: 0.2ms
[19.479s][info][gc,heap        ] GC(30) Eden regions: 193->0(193)
[19.479s][info][gc,heap        ] GC(30) Survivor regions: 1->1(25)
[19.479s][info][gc,heap        ] GC(30) Old regions: 90->90
[19.479s][info][gc,heap        ] GC(30) Archive regions: 0->0
[19.479s][info][gc,heap        ] GC(30) Humongous regions: 7->7
[19.479s][info][gc,metaspace   ] GC(30) Metaspace: 58645K(59456K)->58645K(59456K) NonClass: 51188K(51648K)->51188K(51648K) Class: 7457K(7808K)->7457K(7808K)
[19.479s][info][gc             ] GC(30) Pause Young (Normal) (G1 Evacuation Pause) 562M->176M(648M) 2.038ms
[19.479s][info][gc,cpu         ] GC(30) User=0.00s Sys=0.00s Real=0.00s
[19.612s][info][gc,start       ] GC(31) Pause Young (Normal) (G1 Evacuation Pause)
[19.612s][info][gc,task        ] GC(31) Using 15 workers of 33 for evacuation
[19.613s][info][gc,phases      ] GC(31)   Pre Evacuate Collection Set: 0.2ms
[19.614s][info][gc,phases      ] GC(31)   Merge Heap Roots: 0.1ms
[19.614s][info][gc,phases      ] GC(31)   Evacuate Collection Set: 0.4ms
[19.614s][info][gc,phases      ] GC(31)   Post Evacuate Collection Set: 0.6ms
[19.614s][info][gc,phases      ] GC(31)   Other: 0.2ms
[19.614s][info][gc,heap        ] GC(31) Eden regions: 193->0(193)
[19.614s][info][gc,heap        ] GC(31) Survivor regions: 1->1(25)
[19.614s][info][gc,heap        ] GC(31) Old regions: 90->90
[19.614s][info][gc,heap        ] GC(31) Archive regions: 0->0
[19.614s][info][gc,heap        ] GC(31) Humongous regions: 7->7
[19.614s][info][gc,metaspace   ] GC(31) Metaspace: 58645K(59456K)->58645K(59456K) NonClass: 51188K(51648K)->51188K(51648K) Class: 7457K(7808K)->7457K(7808K)
[19.614s][info][gc             ] GC(31) Pause Young (Normal) (G1 Evacuation Pause) 562M->176M(648M) 2.001ms
[19.614s][info][gc,cpu         ] GC(31) User=0.00s Sys=0.00s Real=0.00s
[19.794s][info][gc,start       ] GC(32) Pause Young (Normal) (G1 Evacuation Pause)
[19.794s][info][gc,task        ] GC(32) Using 15 workers of 33 for evacuation
[19.796s][info][gc,phases      ] GC(32)   Pre Evacuate Collection Set: 0.2ms
[19.796s][info][gc,phases      ] GC(32)   Merge Heap Roots: 0.1ms
[19.796s][info][gc,phases      ] GC(32)   Evacuate Collection Set: 0.6ms
[19.796s][info][gc,phases      ] GC(32)   Post Evacuate Collection Set: 0.7ms
[19.796s][info][gc,phases      ] GC(32)   Other: 0.2ms
[19.796s][info][gc,heap        ] GC(32) Eden regions: 193->0(193)
[19.796s][info][gc,heap        ] GC(32) Survivor regions: 1->1(25)
[19.796s][info][gc,heap        ] GC(32) Old regions: 90->90
[19.796s][info][gc,heap        ] GC(32) Archive regions: 0->0
[19.796s][info][gc,heap        ] GC(32) Humongous regions: 10->7
[19.796s][info][gc,metaspace   ] GC(32) Metaspace: 58670K(59584K)->58670K(59584K) NonClass: 51212K(51712K)->51212K(51712K) Class: 7457K(7872K)->7457K(7872K)
[19.796s][info][gc             ] GC(32) Pause Young (Normal) (G1 Evacuation Pause) 568M->176M(648M) 2.270ms
[19.796s][info][gc,cpu         ] GC(32) User=0.00s Sys=0.00s Real=0.00s
[19.802s][info][gc,start       ] GC(33) Pause Full (System.gc())
[19.802s][info][gc,task        ] GC(33) Using 15 workers of 33 for full compaction
[19.803s][info][gc,phases,start] GC(33) Phase 1: Mark live objects
[19.841s][info][gc,phases      ] GC(33) Phase 1: Mark live objects 37.524ms
[19.841s][info][gc,phases,start] GC(33) Phase 2: Prepare compaction
[19.845s][info][gc,phases      ] GC(33) Phase 2: Prepare compaction 4.817ms
[19.845s][info][gc,phases,start] GC(33) Phase 3: Adjust pointers
[19.853s][info][gc,phases      ] GC(33) Phase 3: Adjust pointers 7.585ms
[19.853s][info][gc,phases,start] GC(33) Phase 4: Compact heap
[19.854s][info][gc,phases      ] GC(33) Phase 4: Compact heap 0.706ms
[19.859s][info][gc,heap        ] GC(33) Eden regions: 3->0(188)
[19.859s][info][gc,heap        ] GC(33) Survivor regions: 1->0(25)
[19.859s][info][gc,heap        ] GC(33) Old regions: 90->87
[19.859s][info][gc,heap        ] GC(33) Archive regions: 0->0
[19.859s][info][gc,heap        ] GC(33) Humongous regions: 7->7
[19.859s][info][gc,metaspace   ] GC(33) Metaspace: 58680K(59584K)->58680K(59584K) NonClass: 51222K(51712K)->51222K(51712K) Class: 7457K(7872K)->7457K(7872K)
[19.859s][info][gc             ] GC(33) Pause Full (System.gc()) 182M->176M(628M) 56.766ms
[19.859s][info][gc,cpu         ] GC(33) User=0.48s Sys=0.00s Real=0.05s
[20.060s][info][gc,start       ] GC(34) Pause Young (Normal) (G1 Evacuation Pause)
[20.060s][info][gc,task        ] GC(34) Using 15 workers of 33 for evacuation
[20.062s][info][gc,phases      ] GC(34)   Pre Evacuate Collection Set: 0.2ms
[20.062s][info][gc,phases      ] GC(34)   Merge Heap Roots: 0.1ms
[20.062s][info][gc,phases      ] GC(34)   Evacuate Collection Set: 0.5ms
[20.062s][info][gc,phases      ] GC(34)   Post Evacuate Collection Set: 0.7ms
[20.062s][info][gc,phases      ] GC(34)   Other: 0.2ms
[20.062s][info][gc,heap        ] GC(34) Eden regions: 188->0(187)
[20.062s][info][gc,heap        ] GC(34) Survivor regions: 0->1(24)
[20.062s][info][gc,heap        ] GC(34) Old regions: 87->87
[20.062s][info][gc,heap        ] GC(34) Archive regions: 0->0
[20.062s][info][gc,heap        ] GC(34) Humongous regions: 13->7
[20.062s][info][gc,metaspace   ] GC(34) Metaspace: 58723K(59584K)->58723K(59584K) NonClass: 51265K(51712K)->51265K(51712K) Class: 7457K(7872K)->7457K(7872K)
[20.062s][info][gc             ] GC(34) Pause Young (Normal) (G1 Evacuation Pause) 564M->176M(628M) 2.208ms
[20.063s][info][gc,cpu         ] GC(34) User=0.00s Sys=0.00s Real=0.00s
[20.193s][info][gc,start       ] GC(35) Pause Young (Normal) (G1 Evacuation Pause)
[20.193s][info][gc,task        ] GC(35) Using 15 workers of 33 for evacuation
[20.198s][info][gc,phases      ] GC(35)   Pre Evacuate Collection Set: 0.2ms
[20.198s][info][gc,phases      ] GC(35)   Merge Heap Roots: 0.1ms
[20.198s][info][gc,phases      ] GC(35)   Evacuate Collection Set: 0.5ms
[20.198s][info][gc,phases      ] GC(35)   Post Evacuate Collection Set: 4.1ms
[20.198s][info][gc,phases      ] GC(35)   Other: 0.2ms
[20.198s][info][gc,heap        ] GC(35) Eden regions: 187->0(315)
[20.198s][info][gc,heap        ] GC(35) Survivor regions: 1->1(24)
[20.198s][info][gc,heap        ] GC(35) Old regions: 87->87
[20.198s][info][gc,heap        ] GC(35) Archive regions: 0->0
[20.198s][info][gc,heap        ] GC(35) Humongous regions: 7->7
[20.198s][info][gc,metaspace   ] GC(35) Metaspace: 58729K(59584K)->58729K(59584K) NonClass: 51272K(51712K)->51272K(51712K) Class: 7457K(7872K)->7457K(7872K)
[20.198s][info][gc             ] GC(35) Pause Young (Normal) (G1 Evacuation Pause) 550M->176M(1054M) 5.462ms
[20.198s][info][gc,cpu         ] GC(35) User=0.00s Sys=0.00s Real=0.00s
[20.514s][info][gc,start       ] GC(36) Pause Young (Normal) (G1 Evacuation Pause)
[20.514s][info][gc,task        ] GC(36) Using 25 workers of 33 for evacuation
[20.516s][info][gc,phases      ] GC(36)   Pre Evacuate Collection Set: 0.2ms
[20.516s][info][gc,phases      ] GC(36)   Merge Heap Roots: 0.2ms
[20.516s][info][gc,phases      ] GC(36)   Evacuate Collection Set: 0.5ms
[20.516s][info][gc,phases      ] GC(36)   Post Evacuate Collection Set: 0.8ms
[20.516s][info][gc,phases      ] GC(36)   Other: 0.2ms
[20.516s][info][gc,heap        ] GC(36) Eden regions: 315->0(315)
[20.516s][info][gc,heap        ] GC(36) Survivor regions: 1->1(40)
[20.516s][info][gc,heap        ] GC(36) Old regions: 87->87
[20.516s][info][gc,heap        ] GC(36) Archive regions: 0->0
[20.516s][info][gc,heap        ] GC(36) Humongous regions: 7->7
[20.516s][info][gc,metaspace   ] GC(36) Metaspace: 58729K(59584K)->58729K(59584K) NonClass: 51272K(51712K)->51272K(51712K) Class: 7457K(7872K)->7457K(7872K)
[20.516s][info][gc             ] GC(36) Pause Young (Normal) (G1 Evacuation Pause) 806M->176M(1054M) 2.374ms
[20.516s][info][gc,cpu         ] GC(36) User=0.00s Sys=0.00s Real=0.00s
[20.769s][info][gc,start       ] GC(37) Pause Full (System.gc())
[20.769s][info][gc,task        ] GC(37) Using 25 workers of 33 for full compaction
[20.770s][info][gc,phases,start] GC(37) Phase 1: Mark live objects
[20.806s][info][gc,phases      ] GC(37) Phase 1: Mark live objects 35.477ms
[20.806s][info][gc,phases,start] GC(37) Phase 2: Prepare compaction
[20.812s][info][gc,phases      ] GC(37) Phase 2: Prepare compaction 6.110ms
[20.812s][info][gc,phases,start] GC(37) Phase 3: Adjust pointers
[20.819s][info][gc,phases      ] GC(37) Phase 3: Adjust pointers 7.027ms
[20.819s][info][gc,phases,start] GC(37) Phase 4: Compact heap
[20.820s][info][gc,phases      ] GC(37) Phase 4: Compact heap 0.759ms
[20.826s][info][gc,heap        ] GC(37) Eden regions: 277->0(194)
[20.826s][info][gc,heap        ] GC(37) Survivor regions: 1->0(40)
[20.826s][info][gc,heap        ] GC(37) Old regions: 87->90
[20.826s][info][gc,heap        ] GC(37) Archive regions: 0->0
[20.826s][info][gc,heap        ] GC(37) Humongous regions: 10->7
[20.826s][info][gc,metaspace   ] GC(37) Metaspace: 58760K(59584K)->58760K(59584K) NonClass: 51302K(51712K)->51302K(51712K) Class: 7457K(7872K)->7457K(7872K)
[20.826s][info][gc             ] GC(37) Pause Full (System.gc()) 735M->176M(648M) 56.669ms
[20.826s][info][gc,cpu         ] GC(37) User=1.17s Sys=0.00s Real=0.05s
[21.037s][info][gc,start       ] GC(38) Pause Young (Normal) (G1 Evacuation Pause)
[21.037s][info][gc,task        ] GC(38) Using 20 workers of 33 for evacuation
[21.039s][info][gc,phases      ] GC(38)   Pre Evacuate Collection Set: 0.2ms
[21.039s][info][gc,phases      ] GC(38)   Merge Heap Roots: 0.1ms
[21.039s][info][gc,phases      ] GC(38)   Evacuate Collection Set: 0.4ms
[21.039s][info][gc,phases      ] GC(38)   Post Evacuate Collection Set: 0.7ms
[21.039s][info][gc,phases      ] GC(38)   Other: 0.2ms
[21.039s][info][gc,heap        ] GC(38) Eden regions: 194->0(193)
[21.039s][info][gc,heap        ] GC(38) Survivor regions: 0->1(25)
[21.039s][info][gc,heap        ] GC(38) Old regions: 90->90
[21.039s][info][gc,heap        ] GC(38) Archive regions: 0->0
[21.039s][info][gc,heap        ] GC(38) Humongous regions: 13->7
[21.039s][info][gc,metaspace   ] GC(38) Metaspace: 58796K(59712K)->58796K(59712K) NonClass: 51338K(51840K)->51338K(51840K) Class: 7457K(7872K)->7457K(7872K)
[21.039s][info][gc             ] GC(38) Pause Young (Normal) (G1 Evacuation Pause) 576M->176M(648M) 2.158ms
[21.039s][info][gc,cpu         ] GC(38) User=0.00s Sys=0.00s Real=0.00s
[21.176s][info][gc,start       ] GC(39) Pause Young (Normal) (G1 Evacuation Pause)
[21.176s][info][gc,task        ] GC(39) Using 17 workers of 33 for evacuation
[21.177s][info][gc,phases      ] GC(39)   Pre Evacuate Collection Set: 0.2ms
[21.178s][info][gc,phases      ] GC(39)   Merge Heap Roots: 0.1ms
[21.178s][info][gc,phases      ] GC(39)   Evacuate Collection Set: 0.4ms
[21.178s][info][gc,phases      ] GC(39)   Post Evacuate Collection Set: 0.7ms
[21.178s][info][gc,phases      ] GC(39)   Other: 0.1ms
[21.178s][info][gc,heap        ] GC(39) Eden regions: 193->0(193)
[21.178s][info][gc,heap        ] GC(39) Survivor regions: 1->1(25)
[21.178s][info][gc,heap        ] GC(39) Old regions: 90->90
[21.178s][info][gc,heap        ] GC(39) Archive regions: 0->0
[21.178s][info][gc,heap        ] GC(39) Humongous regions: 7->7
[21.178s][info][gc,metaspace   ] GC(39) Metaspace: 58810K(59712K)->58810K(59712K) NonClass: 51353K(51840K)->51353K(51840K) Class: 7457K(7872K)->7457K(7872K)
[21.178s][info][gc             ] GC(39) Pause Young (Normal) (G1 Evacuation Pause) 562M->176M(648M) 1.991ms
[21.178s][info][gc,cpu         ] GC(39) User=0.00s Sys=0.00s Real=0.00s
[21.304s][info][gc,start       ] GC(40) Pause Young (Normal) (G1 Evacuation Pause)
[21.304s][info][gc,task        ] GC(40) Using 16 workers of 33 for evacuation
[21.306s][info][gc,phases      ] GC(40)   Pre Evacuate Collection Set: 0.2ms
[21.306s][info][gc,phases      ] GC(40)   Merge Heap Roots: 0.1ms
[21.306s][info][gc,phases      ] GC(40)   Evacuate Collection Set: 0.4ms
[21.306s][info][gc,phases      ] GC(40)   Post Evacuate Collection Set: 0.7ms
[21.306s][info][gc,phases      ] GC(40)   Other: 0.1ms
[21.306s][info][gc,heap        ] GC(40) Eden regions: 193->0(193)
[21.306s][info][gc,heap        ] GC(40) Survivor regions: 1->1(25)
[21.306s][info][gc,heap        ] GC(40) Old regions: 90->90
[21.306s][info][gc,heap        ] GC(40) Archive regions: 0->0
[21.306s][info][gc,heap        ] GC(40) Humongous regions: 7->7
[21.306s][info][gc,metaspace   ] GC(40) Metaspace: 58810K(59712K)->58810K(59712K) NonClass: 51353K(51840K)->51353K(51840K) Class: 7457K(7872K)->7457K(7872K)
[21.306s][info][gc             ] GC(40) Pause Young (Normal) (G1 Evacuation Pause) 562M->176M(648M) 1.921ms
[21.306s][info][gc,cpu         ] GC(40) User=0.00s Sys=0.00s Real=0.00s
[21.441s][info][gc,start       ] GC(41) Pause Young (Normal) (G1 Evacuation Pause)
[21.441s][info][gc,task        ] GC(41) Using 15 workers of 33 for evacuation
[21.443s][info][gc,phases      ] GC(41)   Pre Evacuate Collection Set: 0.2ms
[21.443s][info][gc,phases      ] GC(41)   Merge Heap Roots: 0.1ms
[21.443s][info][gc,phases      ] GC(41)   Evacuate Collection Set: 0.4ms
[21.443s][info][gc,phases      ] GC(41)   Post Evacuate Collection Set: 0.7ms
[21.443s][info][gc,phases      ] GC(41)   Other: 0.2ms
[21.443s][info][gc,heap        ] GC(41) Eden regions: 193->0(193)
[21.443s][info][gc,heap        ] GC(41) Survivor regions: 1->1(25)
[21.443s][info][gc,heap        ] GC(41) Old regions: 90->90
[21.443s][info][gc,heap        ] GC(41) Archive regions: 0->0
[21.443s][info][gc,heap        ] GC(41) Humongous regions: 7->7
[21.443s][info][gc,metaspace   ] GC(41) Metaspace: 58810K(59712K)->58810K(59712K) NonClass: 51353K(51840K)->51353K(51840K) Class: 7457K(7872K)->7457K(7872K)
[21.443s][info][gc             ] GC(41) Pause Young (Normal) (G1 Evacuation Pause) 562M->176M(648M) 1.973ms
[21.443s][info][gc,cpu         ] GC(41) User=0.00s Sys=0.00s Real=0.00s
[21.652s][info][gc,start       ] GC(42) Pause Full (System.gc())
[21.653s][info][gc,task        ] GC(42) Using 15 workers of 33 for full compaction
[21.653s][info][gc,phases,start] GC(42) Phase 1: Mark live objects
[21.696s][info][gc,phases      ] GC(42) Phase 1: Mark live objects 42.481ms
[21.696s][info][gc,phases,start] GC(42) Phase 2: Prepare compaction
[21.701s][info][gc,phases      ] GC(42) Phase 2: Prepare compaction 4.999ms
[21.701s][info][gc,phases,start] GC(42) Phase 3: Adjust pointers
[21.709s][info][gc,phases      ] GC(42) Phase 3: Adjust pointers 8.058ms
[21.709s][info][gc,phases,start] GC(42) Phase 4: Compact heap
[21.710s][info][gc,phases      ] GC(42) Phase 4: Compact heap 0.685ms
[21.715s][info][gc,heap        ] GC(42) Eden regions: 193->0(190)
[21.715s][info][gc,heap        ] GC(42) Survivor regions: 1->0(25)
[21.715s][info][gc,heap        ] GC(42) Old regions: 90->88
[21.715s][info][gc,heap        ] GC(42) Archive regions: 0->0
[21.716s][info][gc,heap        ] GC(42) Humongous regions: 10->7
[21.716s][info][gc,metaspace   ] GC(42) Metaspace: 58830K(59712K)->58830K(59712K) NonClass: 51371K(51840K)->51371K(51840K) Class: 7458K(7872K)->7458K(7872K)
[21.716s][info][gc             ] GC(42) Pause Full (System.gc()) 567M->176M(634M) 63.132ms
[21.716s][info][gc,cpu         ] GC(42) User=0.73s Sys=0.02s Real=0.08s
[21.901s][info][gc,start       ] GC(43) Pause Young (Normal) (G1 Evacuation Pause)
[21.901s][info][gc,task        ] GC(43) Using 15 workers of 33 for evacuation
[21.902s][info][gc,phases      ] GC(43)   Pre Evacuate Collection Set: 0.2ms
[21.902s][info][gc,phases      ] GC(43)   Merge Heap Roots: 0.1ms
[21.902s][info][gc,phases      ] GC(43)   Evacuate Collection Set: 0.5ms
[21.902s][info][gc,phases      ] GC(43)   Post Evacuate Collection Set: 0.7ms
[21.903s][info][gc,phases      ] GC(43)   Other: 0.2ms
[21.903s][info][gc,heap        ] GC(43) Eden regions: 190->0(189)
[21.903s][info][gc,heap        ] GC(43) Survivor regions: 0->1(24)
[21.903s][info][gc,heap        ] GC(43) Old regions: 88->88
[21.903s][info][gc,heap        ] GC(43) Archive regions: 0->0
[21.903s][info][gc,heap        ] GC(43) Humongous regions: 13->7
[21.903s][info][gc,metaspace   ] GC(43) Metaspace: 58885K(59776K)->58885K(59776K) NonClass: 51423K(51904K)->51423K(51904K) Class: 7461K(7872K)->7461K(7872K)
[21.903s][info][gc             ] GC(43) Pause Young (Normal) (G1 Evacuation Pause) 568M->176M(634M) 2.226ms
[21.903s][info][gc,cpu         ] GC(43) User=0.02s Sys=0.00s Real=0.02s
[22.029s][info][gc,start       ] GC(44) Pause Young (Normal) (G1 Evacuation Pause)
[22.029s][info][gc,task        ] GC(44) Using 15 workers of 33 for evacuation
[22.030s][info][gc,phases      ] GC(44)   Pre Evacuate Collection Set: 0.2ms
[22.031s][info][gc,phases      ] GC(44)   Merge Heap Roots: 0.1ms
[22.031s][info][gc,phases      ] GC(44)   Evacuate Collection Set: 0.4ms
[22.031s][info][gc,phases      ] GC(44)   Post Evacuate Collection Set: 0.7ms
[22.031s][info][gc,phases      ] GC(44)   Other: 0.2ms
[22.031s][info][gc,heap        ] GC(44) Eden regions: 189->0(189)
[22.031s][info][gc,heap        ] GC(44) Survivor regions: 1->1(24)
[22.031s][info][gc,heap        ] GC(44) Old regions: 88->88
[22.031s][info][gc,heap        ] GC(44) Archive regions: 0->0
[22.031s][info][gc,heap        ] GC(44) Humongous regions: 7->7
[22.031s][info][gc,metaspace   ] GC(44) Metaspace: 58885K(59776K)->58885K(59776K) NonClass: 51424K(51904K)->51424K(51904K) Class: 7461K(7872K)->7461K(7872K)
[22.031s][info][gc             ] GC(44) Pause Young (Normal) (G1 Evacuation Pause) 554M->176M(634M) 2.003ms
[22.031s][info][gc,cpu         ] GC(44) User=0.00s Sys=0.00s Real=0.00s
[22.155s][info][gc,start       ] GC(45) Pause Young (Normal) (G1 Evacuation Pause)
[22.155s][info][gc,task        ] GC(45) Using 15 workers of 33 for evacuation
[22.156s][info][gc,phases      ] GC(45)   Pre Evacuate Collection Set: 0.2ms
[22.156s][info][gc,phases      ] GC(45)   Merge Heap Roots: 0.1ms
[22.156s][info][gc,phases      ] GC(45)   Evacuate Collection Set: 0.4ms
[22.156s][info][gc,phases      ] GC(45)   Post Evacuate Collection Set: 0.7ms
[22.156s][info][gc,phases      ] GC(45)   Other: 0.1ms
[22.156s][info][gc,heap        ] GC(45) Eden regions: 189->0(189)
[22.156s][info][gc,heap        ] GC(45) Survivor regions: 1->1(24)
[22.156s][info][gc,heap        ] GC(45) Old regions: 88->88
[22.157s][info][gc,heap        ] GC(45) Archive regions: 0->0
[22.157s][info][gc,heap        ] GC(45) Humongous regions: 7->7
[22.157s][info][gc,metaspace   ] GC(45) Metaspace: 58885K(59776K)->58885K(59776K) NonClass: 51424K(51904K)->51424K(51904K) Class: 7461K(7872K)->7461K(7872K)
[22.157s][info][gc             ] GC(45) Pause Young (Normal) (G1 Evacuation Pause) 554M->176M(634M) 1.945ms
[22.157s][info][gc,cpu         ] GC(45) User=0.00s Sys=0.00s Real=0.00s
[22.280s][info][gc,start       ] GC(46) Pause Young (Normal) (G1 Evacuation Pause)
[22.280s][info][gc,task        ] GC(46) Using 15 workers of 33 for evacuation
[22.282s][info][gc,phases      ] GC(46)   Pre Evacuate Collection Set: 0.2ms
[22.282s][info][gc,phases      ] GC(46)   Merge Heap Roots: 0.1ms
[22.282s][info][gc,phases      ] GC(46)   Evacuate Collection Set: 0.4ms
[22.282s][info][gc,phases      ] GC(46)   Post Evacuate Collection Set: 0.7ms
[22.282s][info][gc,phases      ] GC(46)   Other: 0.2ms
[22.282s][info][gc,heap        ] GC(46) Eden regions: 189->0(189)
[22.282s][info][gc,heap        ] GC(46) Survivor regions: 1->1(24)
[22.282s][info][gc,heap        ] GC(46) Old regions: 88->88
[22.282s][info][gc,heap        ] GC(46) Archive regions: 0->0
[22.282s][info][gc,heap        ] GC(46) Humongous regions: 7->7
[22.282s][info][gc,metaspace   ] GC(46) Metaspace: 58885K(59776K)->58885K(59776K) NonClass: 51424K(51904K)->51424K(51904K) Class: 7461K(7872K)->7461K(7872K)
[22.282s][info][gc             ] GC(46) Pause Young (Normal) (G1 Evacuation Pause) 554M->176M(634M) 1.968ms
[22.282s][info][gc,cpu         ] GC(46) User=0.00s Sys=0.00s Real=0.00s
[22.421s][info][gc,start       ] GC(47) Pause Young (Normal) (G1 Evacuation Pause)
[22.421s][info][gc,task        ] GC(47) Using 15 workers of 33 for evacuation
[22.422s][info][gc,phases      ] GC(47)   Pre Evacuate Collection Set: 0.2ms
[22.422s][info][gc,phases      ] GC(47)   Merge Heap Roots: 0.1ms
[22.422s][info][gc,phases      ] GC(47)   Evacuate Collection Set: 0.4ms
[22.422s][info][gc,phases      ] GC(47)   Post Evacuate Collection Set: 0.6ms
[22.422s][info][gc,phases      ] GC(47)   Other: 0.1ms
[22.422s][info][gc,heap        ] GC(47) Eden regions: 189->0(189)
[22.423s][info][gc,heap        ] GC(47) Survivor regions: 1->1(24)
[22.423s][info][gc,heap        ] GC(47) Old regions: 88->88
[22.423s][info][gc,heap        ] GC(47) Archive regions: 0->0
[22.423s][info][gc,heap        ] GC(47) Humongous regions: 7->7
[22.423s][info][gc,metaspace   ] GC(47) Metaspace: 58885K(59776K)->58885K(59776K) NonClass: 51424K(51904K)->51424K(51904K) Class: 7461K(7872K)->7461K(7872K)
[22.423s][info][gc             ] GC(47) Pause Young (Normal) (G1 Evacuation Pause) 554M->176M(634M) 1.945ms
[22.423s][info][gc,cpu         ] GC(47) User=0.00s Sys=0.00s Real=0.00s
[22.486s][info][gc,start       ] GC(48) Pause Full (System.gc())
[22.486s][info][gc,task        ] GC(48) Using 15 workers of 33 for full compaction
[22.487s][info][gc,phases,start] GC(48) Phase 1: Mark live objects
[22.526s][info][gc,phases      ] GC(48) Phase 1: Mark live objects 39.193ms
[22.526s][info][gc,phases,start] GC(48) Phase 2: Prepare compaction
[22.531s][info][gc,phases      ] GC(48) Phase 2: Prepare compaction 4.747ms
[22.531s][info][gc,phases,start] GC(48) Phase 3: Adjust pointers
[22.538s][info][gc,phases      ] GC(48) Phase 3: Adjust pointers 6.803ms
[22.538s][info][gc,phases,start] GC(48) Phase 4: Compact heap
[22.538s][info][gc,phases      ] GC(48) Phase 4: Compact heap 0.609ms
[22.543s][info][gc,heap        ] GC(48) Eden regions: 21->0(190)
[22.543s][info][gc,heap        ] GC(48) Survivor regions: 1->0(24)
[22.543s][info][gc,heap        ] GC(48) Old regions: 88->89
[22.543s][info][gc,heap        ] GC(48) Archive regions: 0->0
[22.543s][info][gc,heap        ] GC(48) Humongous regions: 10->7
[22.543s][info][gc,metaspace   ] GC(48) Metaspace: 58913K(59776K)->58913K(59776K) NonClass: 51451K(51904K)->51451K(51904K) Class: 7461K(7872K)->7461K(7872K)
[22.544s][info][gc             ] GC(48) Pause Full (System.gc()) 223M->176M(634M) 57.410ms
[22.544s][info][gc,cpu         ] GC(48) User=0.70s Sys=0.00s Real=0.05s
[22.731s][info][gc,start       ] GC(49) Pause Young (Normal) (G1 Evacuation Pause)
[22.731s][info][gc,task        ] GC(49) Using 15 workers of 33 for evacuation
[22.733s][info][gc,phases      ] GC(49)   Pre Evacuate Collection Set: 0.2ms
[22.733s][info][gc,phases      ] GC(49)   Merge Heap Roots: 0.1ms
[22.733s][info][gc,phases      ] GC(49)   Evacuate Collection Set: 0.4ms
[22.733s][info][gc,phases      ] GC(49)   Post Evacuate Collection Set: 0.7ms
[22.733s][info][gc,phases      ] GC(49)   Other: 0.2ms
[22.733s][info][gc,heap        ] GC(49) Eden regions: 190->0(189)
[22.733s][info][gc,heap        ] GC(49) Survivor regions: 0->1(24)
[22.733s][info][gc,heap        ] GC(49) Old regions: 89->89
[22.733s][info][gc,heap        ] GC(49) Archive regions: 0->0
[22.733s][info][gc,heap        ] GC(49) Humongous regions: 13->7
[22.733s][info][gc,metaspace   ] GC(49) Metaspace: 58951K(59840K)->58951K(59840K) NonClass: 51489K(51968K)->51489K(51968K) Class: 7461K(7872K)->7461K(7872K)
[22.733s][info][gc             ] GC(49) Pause Young (Normal) (G1 Evacuation Pause) 568M->176M(634M) 2.148ms
[22.733s][info][gc,cpu         ] GC(49) User=0.00s Sys=0.00s Real=0.00s
[22.864s][info][gc,start       ] GC(50) Pause Young (Normal) (G1 Evacuation Pause)
[22.865s][info][gc,task        ] GC(50) Using 15 workers of 33 for evacuation
[22.870s][info][gc,phases      ] GC(50)   Pre Evacuate Collection Set: 0.2ms
[22.870s][info][gc,phases      ] GC(50)   Merge Heap Roots: 0.1ms
[22.870s][info][gc,phases      ] GC(50)   Evacuate Collection Set: 0.5ms
[22.870s][info][gc,phases      ] GC(50)   Post Evacuate Collection Set: 4.5ms
[22.870s][info][gc,phases      ] GC(50)   Other: 0.2ms
[22.870s][info][gc,heap        ] GC(50) Eden regions: 189->0(335)
[22.870s][info][gc,heap        ] GC(50) Survivor regions: 1->1(24)
[22.870s][info][gc,heap        ] GC(50) Old regions: 89->89
[22.870s][info][gc,heap        ] GC(50) Archive regions: 0->0
[22.870s][info][gc,heap        ] GC(50) Humongous regions: 7->7
[22.870s][info][gc,metaspace   ] GC(50) Metaspace: 58957K(59840K)->58957K(59840K) NonClass: 51496K(51968K)->51496K(51968K) Class: 7461K(7872K)->7461K(7872K)
[22.870s][info][gc             ] GC(50) Pause Young (Normal) (G1 Evacuation Pause) 554M->176M(1120M) 5.889ms
[22.870s][info][gc,cpu         ] GC(50) User=0.00s Sys=0.02s Real=0.02s
[23.188s][info][gc,start       ] GC(51) Pause Young (Normal) (G1 Evacuation Pause)
[23.188s][info][gc,task        ] GC(51) Using 26 workers of 33 for evacuation
[23.190s][info][gc,phases      ] GC(51)   Pre Evacuate Collection Set: 0.2ms
[23.190s][info][gc,phases      ] GC(51)   Merge Heap Roots: 0.2ms
[23.190s][info][gc,phases      ] GC(51)   Evacuate Collection Set: 0.5ms
[23.190s][info][gc,phases      ] GC(51)   Post Evacuate Collection Set: 0.8ms
[23.190s][info][gc,phases      ] GC(51)   Other: 0.2ms
[23.190s][info][gc,heap        ] GC(51) Eden regions: 335->0(335)
[23.190s][info][gc,heap        ] GC(51) Survivor regions: 1->1(42)
[23.190s][info][gc,heap        ] GC(51) Old regions: 89->89
[23.190s][info][gc,heap        ] GC(51) Archive regions: 0->0
[23.190s][info][gc,heap        ] GC(51) Humongous regions: 7->7
[23.190s][info][gc,metaspace   ] GC(51) Metaspace: 58957K(59840K)->58957K(59840K) NonClass: 51496K(51968K)->51496K(51968K) Class: 7461K(7872K)->7461K(7872K)
[23.190s][info][gc             ] GC(51) Pause Young (Normal) (G1 Evacuation Pause) 846M->176M(1120M) 2.378ms
[23.190s][info][gc,cpu         ] GC(51) User=0.00s Sys=0.00s Real=0.00s
[23.399s][info][gc,start       ] GC(52) Pause Full (System.gc())
[23.399s][info][gc,task        ] GC(52) Using 26 workers of 33 for full compaction
[23.400s][info][gc,phases,start] GC(52) Phase 1: Mark live objects
[23.433s][info][gc,phases      ] GC(52) Phase 1: Mark live objects 33.090ms
[23.433s][info][gc,phases,start] GC(52) Phase 2: Prepare compaction
[23.440s][info][gc,phases      ] GC(52) Phase 2: Prepare compaction 7.084ms
[23.440s][info][gc,phases,start] GC(52) Phase 3: Adjust pointers
[23.448s][info][gc,phases      ] GC(52) Phase 3: Adjust pointers 7.638ms
[23.448s][info][gc,phases,start] GC(52) Phase 4: Compact heap
[23.449s][info][gc,phases      ] GC(52) Phase 4: Compact heap 0.748ms
[23.455s][info][gc,heap        ] GC(52) Eden regions: 253->0(200)
[23.455s][info][gc,heap        ] GC(52) Survivor regions: 1->0(42)
[23.455s][info][gc,heap        ] GC(52) Old regions: 89->93
[23.455s][info][gc,heap        ] GC(52) Archive regions: 0->0
[23.455s][info][gc,heap        ] GC(52) Humongous regions: 10->7
[23.455s][info][gc,metaspace   ] GC(52) Metaspace: 58975K(59840K)->58975K(59840K) NonClass: 51513K(51968K)->51513K(51968K) Class: 7462K(7872K)->7462K(7872K)
[23.455s][info][gc             ] GC(52) Pause Full (System.gc()) 687M->176M(668M) 56.130ms
[23.455s][info][gc,cpu         ] GC(52) User=1.22s Sys=0.00s Real=0.05s
[23.654s][info][gc,start       ] GC(53) Pause Young (Normal) (G1 Evacuation Pause)
[23.654s][info][gc,task        ] GC(53) Using 21 workers of 33 for evacuation
[23.656s][info][gc,phases      ] GC(53)   Pre Evacuate Collection Set: 0.2ms
[23.656s][info][gc,phases      ] GC(53)   Merge Heap Roots: 0.1ms
[23.656s][info][gc,phases      ] GC(53)   Evacuate Collection Set: 0.4ms
[23.656s][info][gc,phases      ] GC(53)   Post Evacuate Collection Set: 0.7ms
[23.656s][info][gc,phases      ] GC(53)   Other: 0.2ms
[23.656s][info][gc,heap        ] GC(53) Eden regions: 200->0(199)
[23.656s][info][gc,heap        ] GC(53) Survivor regions: 0->1(25)
[23.656s][info][gc,heap        ] GC(53) Old regions: 93->93
[23.656s][info][gc,heap        ] GC(53) Archive regions: 0->0
[23.656s][info][gc,heap        ] GC(53) Humongous regions: 13->7
[23.656s][info][gc,metaspace   ] GC(53) Metaspace: 59012K(59904K)->59012K(59904K) NonClass: 51549K(52032K)->51549K(52032K) Class: 7463K(7872K)->7463K(7872K)
[23.656s][info][gc             ] GC(53) Pause Young (Normal) (G1 Evacuation Pause) 588M->176M(668M) 2.135ms
[23.656s][info][gc,cpu         ] GC(53) User=0.00s Sys=0.00s Real=0.00s
[23.789s][info][gc,start       ] GC(54) Pause Young (Normal) (G1 Evacuation Pause)
[23.789s][info][gc,task        ] GC(54) Using 18 workers of 33 for evacuation
[23.790s][info][gc,phases      ] GC(54)   Pre Evacuate Collection Set: 0.2ms
[23.790s][info][gc,phases      ] GC(54)   Merge Heap Roots: 0.1ms
[23.791s][info][gc,phases      ] GC(54)   Evacuate Collection Set: 0.4ms
[23.791s][info][gc,phases      ] GC(54)   Post Evacuate Collection Set: 0.7ms
[23.791s][info][gc,phases      ] GC(54)   Other: 0.2ms
[23.791s][info][gc,heap        ] GC(54) Eden regions: 199->0(199)
[23.791s][info][gc,heap        ] GC(54) Survivor regions: 1->1(25)
[23.791s][info][gc,heap        ] GC(54) Old regions: 93->93
[23.791s][info][gc,heap        ] GC(54) Archive regions: 0->0
[23.791s][info][gc,heap        ] GC(54) Humongous regions: 7->7
[23.791s][info][gc,metaspace   ] GC(54) Metaspace: 59014K(59904K)->59014K(59904K) NonClass: 51550K(52032K)->51550K(52032K) Class: 7463K(7872K)->7463K(7872K)
[23.791s][info][gc             ] GC(54) Pause Young (Normal) (G1 Evacuation Pause) 574M->176M(668M) 2.052ms
[23.791s][info][gc,cpu         ] GC(54) User=0.00s Sys=0.00s Real=0.00s
[23.922s][info][gc,start       ] GC(55) Pause Young (Normal) (G1 Evacuation Pause)
[23.922s][info][gc,task        ] GC(55) Using 17 workers of 33 for evacuation
[23.923s][info][gc,phases      ] GC(55)   Pre Evacuate Collection Set: 0.2ms
[23.923s][info][gc,phases      ] GC(55)   Merge Heap Roots: 0.1ms
[23.923s][info][gc,phases      ] GC(55)   Evacuate Collection Set: 0.4ms
[23.923s][info][gc,phases      ] GC(55)   Post Evacuate Collection Set: 0.7ms
[23.924s][info][gc,phases      ] GC(55)   Other: 0.1ms
[23.924s][info][gc,heap        ] GC(55) Eden regions: 199->0(199)
[23.924s][info][gc,heap        ] GC(55) Survivor regions: 1->1(25)
[23.924s][info][gc,heap        ] GC(55) Old regions: 93->93
[23.924s][info][gc,heap        ] GC(55) Archive regions: 0->0
[23.924s][info][gc,heap        ] GC(55) Humongous regions: 7->7
[23.924s][info][gc,metaspace   ] GC(55) Metaspace: 59014K(59904K)->59014K(59904K) NonClass: 51550K(52032K)->51550K(52032K) Class: 7463K(7872K)->7463K(7872K)
[23.924s][info][gc             ] GC(55) Pause Young (Normal) (G1 Evacuation Pause) 574M->176M(668M) 1.955ms
[23.924s][info][gc,cpu         ] GC(55) User=0.00s Sys=0.00s Real=0.00s
[24.062s][info][gc,start       ] GC(56) Pause Young (Normal) (G1 Evacuation Pause)
[24.062s][info][gc,task        ] GC(56) Using 16 workers of 33 for evacuation
[24.063s][info][gc,phases      ] GC(56)   Pre Evacuate Collection Set: 0.2ms
[24.063s][info][gc,phases      ] GC(56)   Merge Heap Roots: 0.1ms
[24.063s][info][gc,phases      ] GC(56)   Evacuate Collection Set: 0.4ms
[24.063s][info][gc,phases      ] GC(56)   Post Evacuate Collection Set: 0.6ms
[24.063s][info][gc,phases      ] GC(56)   Other: 0.1ms
[24.063s][info][gc,heap        ] GC(56) Eden regions: 199->0(199)
[24.063s][info][gc,heap        ] GC(56) Survivor regions: 1->1(25)
[24.063s][info][gc,heap        ] GC(56) Old regions: 93->93
[24.063s][info][gc,heap        ] GC(56) Archive regions: 0->0
[24.063s][info][gc,heap        ] GC(56) Humongous regions: 7->7
[24.063s][info][gc,metaspace   ] GC(56) Metaspace: 59014K(59904K)->59014K(59904K) NonClass: 51550K(52032K)->51550K(52032K) Class: 7463K(7872K)->7463K(7872K)
[24.063s][info][gc             ] GC(56) Pause Young (Normal) (G1 Evacuation Pause) 574M->176M(668M) 1.895ms
[24.063s][info][gc,cpu         ] GC(56) User=0.00s Sys=0.00s Real=0.00s
[24.221s][info][gc,start       ] GC(57) Pause Full (System.gc())
[24.221s][info][gc,task        ] GC(57) Using 16 workers of 33 for full compaction
[24.222s][info][gc,phases,start] GC(57) Phase 1: Mark live objects
[24.258s][info][gc,phases      ] GC(57) Phase 1: Mark live objects 35.827ms
[24.258s][info][gc,phases,start] GC(57) Phase 2: Prepare compaction
[24.263s][info][gc,phases      ] GC(57) Phase 2: Prepare compaction 4.905ms
[24.263s][info][gc,phases,start] GC(57) Phase 3: Adjust pointers
[24.270s][info][gc,phases      ] GC(57) Phase 3: Adjust pointers 7.242ms
[24.270s][info][gc,phases,start] GC(57) Phase 4: Compact heap
[24.271s][info][gc,phases      ] GC(57) Phase 4: Compact heap 0.691ms
[24.276s][info][gc,heap        ] GC(57) Eden regions: 170->0(194)
[24.276s][info][gc,heap        ] GC(57) Survivor regions: 1->0(25)
[24.276s][info][gc,heap        ] GC(57) Old regions: 93->90
[24.276s][info][gc,heap        ] GC(57) Archive regions: 0->0
[24.276s][info][gc,heap        ] GC(57) Humongous regions: 10->7
[24.276s][info][gc,metaspace   ] GC(57) Metaspace: 59037K(59904K)->59037K(59904K) NonClass: 51573K(52032K)->51573K(52032K) Class: 7463K(7872K)->7463K(7872K)
[24.276s][info][gc             ] GC(57) Pause Full (System.gc()) 522M->176M(648M) 54.904ms
[24.276s][info][gc,cpu         ] GC(57) User=0.75s Sys=0.00s Real=0.05s
[24.464s][info][gc,start       ] GC(58) Pause Young (Normal) (G1 Evacuation Pause)
[24.464s][info][gc,task        ] GC(58) Using 15 workers of 33 for evacuation
[24.466s][info][gc,phases      ] GC(58)   Pre Evacuate Collection Set: 0.2ms
[24.466s][info][gc,phases      ] GC(58)   Merge Heap Roots: 0.1ms
[24.466s][info][gc,phases      ] GC(58)   Evacuate Collection Set: 0.5ms
[24.466s][info][gc,phases      ] GC(58)   Post Evacuate Collection Set: 0.7ms
[24.466s][info][gc,phases      ] GC(58)   Other: 0.2ms
[24.466s][info][gc,heap        ] GC(58) Eden regions: 194->0(193)
[24.466s][info][gc,heap        ] GC(58) Survivor regions: 0->1(25)
[24.466s][info][gc,heap        ] GC(58) Old regions: 90->90
[24.466s][info][gc,heap        ] GC(58) Archive regions: 0->0
[24.466s][info][gc,heap        ] GC(58) Humongous regions: 13->7
[24.466s][info][gc,metaspace   ] GC(58) Metaspace: 59072K(59968K)->59072K(59968K) NonClass: 51607K(52096K)->51607K(52096K) Class: 7464K(7872K)->7464K(7872K)
[24.466s][info][gc             ] GC(58) Pause Young (Normal) (G1 Evacuation Pause) 576M->176M(648M) 2.168ms
[24.466s][info][gc,cpu         ] GC(58) User=0.00s Sys=0.00s Real=0.00s
[24.593s][info][gc,start       ] GC(59) Pause Young (Normal) (G1 Evacuation Pause)
[24.594s][info][gc,task        ] GC(59) Using 15 workers of 33 for evacuation
[24.595s][info][gc,phases      ] GC(59)   Pre Evacuate Collection Set: 0.2ms
[24.595s][info][gc,phases      ] GC(59)   Merge Heap Roots: 0.1ms
[24.595s][info][gc,phases      ] GC(59)   Evacuate Collection Set: 0.4ms
[24.595s][info][gc,phases      ] GC(59)   Post Evacuate Collection Set: 0.7ms
[24.595s][info][gc,phases      ] GC(59)   Other: 0.2ms
[24.595s][info][gc,heap        ] GC(59) Eden regions: 193->0(193)
[24.595s][info][gc,heap        ] GC(59) Survivor regions: 1->1(25)
[24.595s][info][gc,heap        ] GC(59) Old regions: 90->90
[24.595s][info][gc,heap        ] GC(59) Archive regions: 0->0
[24.595s][info][gc,heap        ] GC(59) Humongous regions: 7->7
[24.595s][info][gc,metaspace   ] GC(59) Metaspace: 59072K(59968K)->59072K(59968K) NonClass: 51607K(52096K)->51607K(52096K) Class: 7464K(7872K)->7464K(7872K)
[24.596s][info][gc             ] GC(59) Pause Young (Normal) (G1 Evacuation Pause) 562M->176M(648M) 2.064ms
[24.596s][info][gc,cpu         ] GC(59) User=0.00s Sys=0.00s Real=0.00s
[24.722s][info][gc,start       ] GC(60) Pause Young (Normal) (G1 Evacuation Pause)
[24.722s][info][gc,task        ] GC(60) Using 15 workers of 33 for evacuation
[24.724s][info][gc,phases      ] GC(60)   Pre Evacuate Collection Set: 0.2ms
[24.724s][info][gc,phases      ] GC(60)   Merge Heap Roots: 0.1ms
[24.724s][info][gc,phases      ] GC(60)   Evacuate Collection Set: 0.4ms
[24.724s][info][gc,phases      ] GC(60)   Post Evacuate Collection Set: 0.6ms
[24.724s][info][gc,phases      ] GC(60)   Other: 0.1ms
[24.724s][info][gc,heap        ] GC(60) Eden regions: 193->0(193)
[24.724s][info][gc,heap        ] GC(60) Survivor regions: 1->1(25)
[24.724s][info][gc,heap        ] GC(60) Old regions: 90->90
[24.724s][info][gc,heap        ] GC(60) Archive regions: 0->0
[24.724s][info][gc,heap        ] GC(60) Humongous regions: 7->7
[24.724s][info][gc,metaspace   ] GC(60) Metaspace: 59072K(59968K)->59072K(59968K) NonClass: 51607K(52096K)->51607K(52096K) Class: 7464K(7872K)->7464K(7872K)
[24.724s][info][gc             ] GC(60) Pause Young (Normal) (G1 Evacuation Pause) 562M->176M(648M) 2.012ms
[24.724s][info][gc,cpu         ] GC(60) User=0.00s Sys=0.00s Real=0.00s
[24.852s][info][gc,start       ] GC(61) Pause Young (Normal) (G1 Evacuation Pause)
[24.852s][info][gc,task        ] GC(61) Using 15 workers of 33 for evacuation
[24.853s][info][gc,phases      ] GC(61)   Pre Evacuate Collection Set: 0.2ms
[24.853s][info][gc,phases      ] GC(61)   Merge Heap Roots: 0.1ms
[24.853s][info][gc,phases      ] GC(61)   Evacuate Collection Set: 0.4ms
[24.853s][info][gc,phases      ] GC(61)   Post Evacuate Collection Set: 0.6ms
[24.853s][info][gc,phases      ] GC(61)   Other: 0.1ms
[24.853s][info][gc,heap        ] GC(61) Eden regions: 193->0(193)
[24.853s][info][gc,heap        ] GC(61) Survivor regions: 1->1(25)
[24.853s][info][gc,heap        ] GC(61) Old regions: 90->90
[24.853s][info][gc,heap        ] GC(61) Archive regions: 0->0
[24.853s][info][gc,heap        ] GC(61) Humongous regions: 7->7
[24.853s][info][gc,metaspace   ] GC(61) Metaspace: 59072K(59968K)->59072K(59968K) NonClass: 51607K(52096K)->51607K(52096K) Class: 7464K(7872K)->7464K(7872K)
[24.854s][info][gc             ] GC(61) Pause Young (Normal) (G1 Evacuation Pause) 562M->176M(648M) 1.853ms
[24.854s][info][gc,cpu         ] GC(61) User=0.00s Sys=0.00s Real=0.00s
[25.033s][info][gc,start       ] GC(62) Pause Full (System.gc())
[25.033s][info][gc,task        ] GC(62) Using 15 workers of 33 for full compaction
[25.034s][info][gc,phases,start] GC(62) Phase 1: Mark live objects
[25.073s][info][gc,phases      ] GC(62) Phase 1: Mark live objects 38.823ms
[25.073s][info][gc,phases,start] GC(62) Phase 2: Prepare compaction
[25.078s][info][gc,phases      ] GC(62) Phase 2: Prepare compaction 4.974ms
[25.078s][info][gc,phases,start] GC(62) Phase 3: Adjust pointers
[25.085s][info][gc,phases      ] GC(62) Phase 3: Adjust pointers 7.097ms
[25.085s][info][gc,phases,start] GC(62) Phase 4: Compact heap
[25.086s][info][gc,phases      ] GC(62) Phase 4: Compact heap 0.694ms
[25.091s][info][gc,heap        ] GC(62) Eden regions: 193->0(194)
[25.091s][info][gc,heap        ] GC(62) Survivor regions: 1->0(25)
[25.091s][info][gc,heap        ] GC(62) Old regions: 90->90
[25.091s][info][gc,heap        ] GC(62) Archive regions: 0->0
[25.091s][info][gc,heap        ] GC(62) Humongous regions: 10->7
[25.091s][info][gc,metaspace   ] GC(62) Metaspace: 59109K(59968K)->59109K(59968K) NonClass: 51645K(52096K)->51645K(52096K) Class: 7464K(7872K)->7464K(7872K)
[25.091s][info][gc             ] GC(62) Pause Full (System.gc()) 568M->176M(648M) 57.813ms
[25.091s][info][gc,cpu         ] GC(62) User=0.59s Sys=0.00s Real=0.05s
[25.288s][info][gc,start       ] GC(63) Pause Young (Normal) (G1 Evacuation Pause)
[25.288s][info][gc,task        ] GC(63) Using 15 workers of 33 for evacuation
[25.290s][info][gc,phases      ] GC(63)   Pre Evacuate Collection Set: 0.2ms
[25.290s][info][gc,phases      ] GC(63)   Merge Heap Roots: 0.1ms
[25.290s][info][gc,phases      ] GC(63)   Evacuate Collection Set: 0.5ms
[25.290s][info][gc,phases      ] GC(63)   Post Evacuate Collection Set: 0.7ms
[25.290s][info][gc,phases      ] GC(63)   Other: 0.2ms
[25.290s][info][gc,heap        ] GC(63) Eden regions: 194->0(193)
[25.290s][info][gc,heap        ] GC(63) Survivor regions: 0->1(25)
[25.290s][info][gc,heap        ] GC(63) Old regions: 90->90
[25.290s][info][gc,heap        ] GC(63) Archive regions: 0->0
[25.290s][info][gc,heap        ] GC(63) Humongous regions: 13->7
[25.290s][info][gc,metaspace   ] GC(63) Metaspace: 59142K(59968K)->59142K(59968K) NonClass: 51676K(52096K)->51676K(52096K) Class: 7466K(7872K)->7466K(7872K)
[25.291s][info][gc             ] GC(63) Pause Young (Normal) (G1 Evacuation Pause) 576M->176M(648M) 2.212ms
[25.291s][info][gc,cpu         ] GC(63) User=0.00s Sys=0.00s Real=0.00s
[25.434s][info][gc,start       ] GC(64) Pause Young (Normal) (G1 Evacuation Pause)
[25.434s][info][gc,task        ] GC(64) Using 15 workers of 33 for evacuation
[25.436s][info][gc,phases      ] GC(64)   Pre Evacuate Collection Set: 0.2ms
[25.436s][info][gc,phases      ] GC(64)   Merge Heap Roots: 0.1ms
[25.436s][info][gc,phases      ] GC(64)   Evacuate Collection Set: 0.5ms
[25.436s][info][gc,phases      ] GC(64)   Post Evacuate Collection Set: 0.7ms
[25.436s][info][gc,phases      ] GC(64)   Other: 0.2ms
[25.436s][info][gc,heap        ] GC(64) Eden regions: 193->0(193)
[25.436s][info][gc,heap        ] GC(64) Survivor regions: 1->1(25)
[25.436s][info][gc,heap        ] GC(64) Old regions: 90->90
[25.436s][info][gc,heap        ] GC(64) Archive regions: 0->0
[25.436s][info][gc,heap        ] GC(64) Humongous regions: 7->7
[25.436s][info][gc,metaspace   ] GC(64) Metaspace: 59149K(60032K)->59149K(60032K) NonClass: 51683K(52160K)->51683K(52160K) Class: 7466K(7872K)->7466K(7872K)
[25.436s][info][gc             ] GC(64) Pause Young (Normal) (G1 Evacuation Pause) 562M->176M(648M) 2.138ms
[25.436s][info][gc,cpu         ] GC(64) User=0.00s Sys=0.00s Real=0.02s
[25.569s][info][gc,start       ] GC(65) Pause Young (Normal) (G1 Evacuation Pause)
[25.569s][info][gc,task        ] GC(65) Using 15 workers of 33 for evacuation
[25.574s][info][gc,phases      ] GC(65)   Pre Evacuate Collection Set: 0.2ms
[25.574s][info][gc,phases      ] GC(65)   Merge Heap Roots: 0.1ms
[25.574s][info][gc,phases      ] GC(65)   Evacuate Collection Set: 0.4ms
[25.574s][info][gc,phases      ] GC(65)   Post Evacuate Collection Set: 4.0ms
[25.574s][info][gc,phases      ] GC(65)   Other: 0.1ms
[25.574s][info][gc,heap        ] GC(65) Eden regions: 193->0(318)
[25.574s][info][gc,heap        ] GC(65) Survivor regions: 1->1(25)
[25.574s][info][gc,heap        ] GC(65) Old regions: 90->90
[25.574s][info][gc,heap        ] GC(65) Archive regions: 0->0
[25.574s][info][gc,heap        ] GC(65) Humongous regions: 7->7
[25.574s][info][gc,metaspace   ] GC(65) Metaspace: 59149K(60032K)->59149K(60032K) NonClass: 51683K(52160K)->51683K(52160K) Class: 7466K(7872K)->7466K(7872K)
[25.574s][info][gc             ] GC(65) Pause Young (Normal) (G1 Evacuation Pause) 562M->176M(1064M) 5.273ms
[25.574s][info][gc,cpu         ] GC(65) User=0.00s Sys=0.00s Real=0.00s
[25.875s][info][gc,start       ] GC(66) Pause Young (Normal) (G1 Evacuation Pause)
[25.875s][info][gc,task        ] GC(66) Using 25 workers of 33 for evacuation
[25.877s][info][gc,phases      ] GC(66)   Pre Evacuate Collection Set: 0.2ms
[25.877s][info][gc,phases      ] GC(66)   Merge Heap Roots: 0.2ms
[25.877s][info][gc,phases      ] GC(66)   Evacuate Collection Set: 0.5ms
[25.877s][info][gc,phases      ] GC(66)   Post Evacuate Collection Set: 0.8ms
[25.877s][info][gc,phases      ] GC(66)   Other: 0.2ms
[25.877s][info][gc,heap        ] GC(66) Eden regions: 318->0(318)
[25.877s][info][gc,heap        ] GC(66) Survivor regions: 1->1(40)
[25.877s][info][gc,heap        ] GC(66) Old regions: 90->90
[25.877s][info][gc,heap        ] GC(66) Archive regions: 0->0
[25.877s][info][gc,heap        ] GC(66) Humongous regions: 7->7
[25.877s][info][gc,metaspace   ] GC(66) Metaspace: 59149K(60032K)->59149K(60032K) NonClass: 51683K(52160K)->51683K(52160K) Class: 7466K(7872K)->7466K(7872K)
[25.877s][info][gc             ] GC(66) Pause Young (Normal) (G1 Evacuation Pause) 812M->176M(1064M) 2.415ms
[25.877s][info][gc,cpu         ] GC(66) User=0.00s Sys=0.00s Real=0.00s
[25.972s][info][gc,start       ] GC(67) Pause Full (System.gc())
[25.972s][info][gc,task        ] GC(67) Using 25 workers of 33 for full compaction
[25.974s][info][gc,phases,start] GC(67) Phase 1: Mark live objects
[26.007s][info][gc,phases      ] GC(67) Phase 1: Mark live objects 33.694ms
[26.007s][info][gc,phases,start] GC(67) Phase 2: Prepare compaction
[26.013s][info][gc,phases      ] GC(67) Phase 2: Prepare compaction 5.639ms
[26.013s][info][gc,phases,start] GC(67) Phase 3: Adjust pointers
[26.021s][info][gc,phases      ] GC(67) Phase 3: Adjust pointers 7.559ms
[26.021s][info][gc,phases,start] GC(67) Phase 4: Compact heap
[26.021s][info][gc,phases      ] GC(67) Phase 4: Compact heap 0.680ms
[26.028s][info][gc,heap        ] GC(67) Eden regions: 68->0(196)
[26.029s][info][gc,heap        ] GC(67) Survivor regions: 1->0(40)
[26.029s][info][gc,heap        ] GC(67) Old regions: 90->91
[26.029s][info][gc,heap        ] GC(67) Archive regions: 0->0
[26.029s][info][gc,heap        ] GC(67) Humongous regions: 10->7
[26.029s][info][gc,metaspace   ] GC(67) Metaspace: 59155K(60032K)->59155K(60032K) NonClass: 51689K(52160K)->51689K(52160K) Class: 7466K(7872K)->7466K(7872K)
[26.029s][info][gc             ] GC(67) Pause Full (System.gc()) 317M->176M(654M) 56.213ms
[26.029s][info][gc,cpu         ] GC(67) User=1.17s Sys=0.00s Real=0.05s
[26.224s][info][gc,start       ] GC(68) Pause Young (Normal) (G1 Evacuation Pause)
[26.224s][info][gc,task        ] GC(68) Using 20 workers of 33 for evacuation
[26.225s][info][gc,phases      ] GC(68)   Pre Evacuate Collection Set: 0.2ms
[26.225s][info][gc,phases      ] GC(68)   Merge Heap Roots: 0.1ms
[26.225s][info][gc,phases      ] GC(68)   Evacuate Collection Set: 0.5ms
[26.226s][info][gc,phases      ] GC(68)   Post Evacuate Collection Set: 0.7ms
[26.226s][info][gc,phases      ] GC(68)   Other: 0.2ms
[26.226s][info][gc,heap        ] GC(68) Eden regions: 196->0(195)
[26.226s][info][gc,heap        ] GC(68) Survivor regions: 0->1(25)
[26.226s][info][gc,heap        ] GC(68) Old regions: 91->91
[26.226s][info][gc,heap        ] GC(68) Archive regions: 0->0
[26.226s][info][gc,heap        ] GC(68) Humongous regions: 13->7
[26.226s][info][gc,metaspace   ] GC(68) Metaspace: 59175K(60032K)->59175K(60032K) NonClass: 51708K(52160K)->51708K(52160K) Class: 7467K(7872K)->7467K(7872K)
[26.226s][info][gc             ] GC(68) Pause Young (Normal) (G1 Evacuation Pause) 580M->176M(654M) 2.193ms
[26.226s][info][gc,cpu         ] GC(68) User=0.00s Sys=0.00s Real=0.00s
[26.371s][info][gc,start       ] GC(69) Pause Young (Normal) (G1 Evacuation Pause)
[26.379s][info][gc,task        ] GC(69) Using 17 workers of 33 for evacuation
[26.382s][info][gc,phases      ] GC(69)   Pre Evacuate Collection Set: 0.2ms
[26.382s][info][gc,phases      ] GC(69)   Merge Heap Roots: 0.1ms
[26.382s][info][gc,phases      ] GC(69)   Evacuate Collection Set: 1.2ms
[26.382s][info][gc,phases      ] GC(69)   Post Evacuate Collection Set: 0.8ms
[26.382s][info][gc,phases      ] GC(69)   Other: 0.2ms
[26.382s][info][gc,heap        ] GC(69) Eden regions: 195->0(195)
[26.382s][info][gc,heap        ] GC(69) Survivor regions: 1->1(25)
[26.382s][info][gc,heap        ] GC(69) Old regions: 91->91
[26.382s][info][gc,heap        ] GC(69) Archive regions: 0->0
[26.382s][info][gc,heap        ] GC(69) Humongous regions: 7->7
[26.382s][info][gc,metaspace   ] GC(69) Metaspace: 59272K(60096K)->59272K(60096K) NonClass: 51797K(52224K)->51797K(52224K) Class: 7474K(7872K)->7474K(7872K)
[26.382s][info][gc             ] GC(69) Pause Young (Normal) (G1 Evacuation Pause) 566M->176M(654M) 11.209ms
[26.382s][info][gc,cpu         ] GC(69) User=0.00s Sys=0.00s Real=0.02s
[26.525s][info][gc,start       ] GC(70) Pause Young (Normal) (G1 Evacuation Pause)
[26.525s][info][gc,task        ] GC(70) Using 16 workers of 33 for evacuation
[26.527s][info][gc,phases      ] GC(70)   Pre Evacuate Collection Set: 0.3ms
[26.527s][info][gc,phases      ] GC(70)   Merge Heap Roots: 0.1ms
[26.527s][info][gc,phases      ] GC(70)   Evacuate Collection Set: 0.8ms
[26.527s][info][gc,phases      ] GC(70)   Post Evacuate Collection Set: 0.9ms
[26.527s][info][gc,phases      ] GC(70)   Other: 0.2ms
[26.527s][info][gc,heap        ] GC(70) Eden regions: 195->0(195)
[26.527s][info][gc,heap        ] GC(70) Survivor regions: 1->1(25)
[26.527s][info][gc,heap        ] GC(70) Old regions: 91->91
[26.527s][info][gc,heap        ] GC(70) Archive regions: 0->0
[26.527s][info][gc,heap        ] GC(70) Humongous regions: 7->7
[26.527s][info][gc,metaspace   ] GC(70) Metaspace: 59652K(60544K)->59652K(60544K) NonClass: 52102K(52608K)->52102K(52608K) Class: 7549K(7936K)->7549K(7936K)
[26.527s][info][gc             ] GC(70) Pause Young (Normal) (G1 Evacuation Pause) 566M->177M(654M) 2.727ms
[26.527s][info][gc,cpu         ] GC(70) User=0.02s Sys=0.00s Real=0.01s
[26.680s][info][gc,start       ] GC(71) Pause Young (Normal) (G1 Evacuation Pause)
[26.680s][info][gc,task        ] GC(71) Using 15 workers of 33 for evacuation
[26.683s][info][gc,phases      ] GC(71)   Pre Evacuate Collection Set: 0.2ms
[26.683s][info][gc,phases      ] GC(71)   Merge Heap Roots: 0.1ms
[26.683s][info][gc,phases      ] GC(71)   Evacuate Collection Set: 0.8ms
[26.683s][info][gc,phases      ] GC(71)   Post Evacuate Collection Set: 0.8ms
[26.683s][info][gc,phases      ] GC(71)   Other: 0.2ms
[26.683s][info][gc,heap        ] GC(71) Eden regions: 195->0(195)
[26.683s][info][gc,heap        ] GC(71) Survivor regions: 1->1(25)
[26.683s][info][gc,heap        ] GC(71) Old regions: 91->91
[26.683s][info][gc,heap        ] GC(71) Archive regions: 0->0
[26.683s][info][gc,heap        ] GC(71) Humongous regions: 7->7
[26.683s][info][gc,metaspace   ] GC(71) Metaspace: 59652K(60544K)->59652K(60544K) NonClass: 52102K(52608K)->52102K(52608K) Class: 7549K(7936K)->7549K(7936K)
[26.683s][info][gc             ] GC(71) Pause Young (Normal) (G1 Evacuation Pause) 567M->177M(654M) 2.602ms
[26.683s][info][gc,cpu         ] GC(71) User=0.00s Sys=0.00s Real=0.00s
[26.832s][info][gc,start       ] GC(72) Pause Full (System.gc())
[26.832s][info][gc,task        ] GC(72) Using 15 workers of 33 for full compaction
[26.833s][info][gc,phases,start] GC(72) Phase 1: Mark live objects
[26.872s][info][gc,phases      ] GC(72) Phase 1: Mark live objects 39.213ms
[26.872s][info][gc,phases,start] GC(72) Phase 2: Prepare compaction
[26.877s][info][gc,phases      ] GC(72) Phase 2: Prepare compaction 5.070ms
[26.877s][info][gc,phases,start] GC(72) Phase 3: Adjust pointers
[26.885s][info][gc,phases      ] GC(72) Phase 3: Adjust pointers 8.156ms
[26.886s][info][gc,phases,start] GC(72) Phase 4: Compact heap
[26.886s][info][gc,phases      ] GC(72) Phase 4: Compact heap 0.710ms
[26.893s][info][gc,heap        ] GC(72) Eden regions: 186->0(194)
[26.893s][info][gc,heap        ] GC(72) Survivor regions: 1->0(25)
[26.893s][info][gc,heap        ] GC(72) Old regions: 91->90
[26.893s][info][gc,heap        ] GC(72) Archive regions: 0->0
[26.893s][info][gc,heap        ] GC(72) Humongous regions: 10->7
[26.893s][info][gc,metaspace   ] GC(72) Metaspace: 59683K(60544K)->59683K(60544K) NonClass: 52133K(52608K)->52133K(52608K) Class: 7549K(7936K)->7549K(7936K)
[26.893s][info][gc             ] GC(72) Pause Full (System.gc()) 554M->176M(648M) 60.853ms
[26.893s][info][gc,cpu         ] GC(72) User=0.70s Sys=0.00s Real=0.05s
[27.090s][info][gc,start       ] GC(73) Pause Young (Normal) (G1 Evacuation Pause)
[27.090s][info][gc,task        ] GC(73) Using 15 workers of 33 for evacuation
[27.092s][info][gc,phases      ] GC(73)   Pre Evacuate Collection Set: 0.2ms
[27.092s][info][gc,phases      ] GC(73)   Merge Heap Roots: 0.1ms
[27.092s][info][gc,phases      ] GC(73)   Evacuate Collection Set: 0.5ms
[27.092s][info][gc,phases      ] GC(73)   Post Evacuate Collection Set: 0.7ms
[27.092s][info][gc,phases      ] GC(73)   Other: 0.2ms
[27.092s][info][gc,heap        ] GC(73) Eden regions: 194->0(193)
[27.092s][info][gc,heap        ] GC(73) Survivor regions: 0->1(25)
[27.092s][info][gc,heap        ] GC(73) Old regions: 90->90
[27.092s][info][gc,heap        ] GC(73) Archive regions: 0->0
[27.092s][info][gc,heap        ] GC(73) Humongous regions: 13->7
[27.092s][info][gc,metaspace   ] GC(73) Metaspace: 59701K(60544K)->59701K(60544K) NonClass: 52151K(52608K)->52151K(52608K) Class: 7549K(7936K)->7549K(7936K)
[27.092s][info][gc             ] GC(73) Pause Young (Normal) (G1 Evacuation Pause) 576M->177M(648M) 2.177ms
[27.092s][info][gc,cpu         ] GC(73) User=0.00s Sys=0.00s Real=0.00s
[27.227s][info][gc,start       ] GC(74) Pause Young (Normal) (G1 Evacuation Pause)
[27.227s][info][gc,task        ] GC(74) Using 15 workers of 33 for evacuation
[27.229s][info][gc,phases      ] GC(74)   Pre Evacuate Collection Set: 0.2ms
[27.229s][info][gc,phases      ] GC(74)   Merge Heap Roots: 0.1ms
[27.229s][info][gc,phases      ] GC(74)   Evacuate Collection Set: 0.4ms
[27.229s][info][gc,phases      ] GC(74)   Post Evacuate Collection Set: 0.6ms
[27.229s][info][gc,phases      ] GC(74)   Other: 0.2ms
[27.229s][info][gc,heap        ] GC(74) Eden regions: 193->0(193)
[27.229s][info][gc,heap        ] GC(74) Survivor regions: 1->1(25)
[27.229s][info][gc,heap        ] GC(74) Old regions: 90->90
[27.229s][info][gc,heap        ] GC(74) Archive regions: 0->0
[27.229s][info][gc,heap        ] GC(74) Humongous regions: 7->7
[27.229s][info][gc,metaspace   ] GC(74) Metaspace: 59703K(60544K)->59703K(60544K) NonClass: 52153K(52608K)->52153K(52608K) Class: 7549K(7936K)->7549K(7936K)
[27.229s][info][gc             ] GC(74) Pause Young (Normal) (G1 Evacuation Pause) 563M->177M(648M) 2.017ms
[27.229s][info][gc,cpu         ] GC(74) User=0.00s Sys=0.00s Real=0.00s
[27.355s][info][gc,start       ] GC(75) Pause Young (Normal) (G1 Evacuation Pause)
[27.355s][info][gc,task        ] GC(75) Using 15 workers of 33 for evacuation
[27.357s][info][gc,phases      ] GC(75)   Pre Evacuate Collection Set: 0.2ms
[27.357s][info][gc,phases      ] GC(75)   Merge Heap Roots: 0.1ms
[27.357s][info][gc,phases      ] GC(75)   Evacuate Collection Set: 0.4ms
[27.357s][info][gc,phases      ] GC(75)   Post Evacuate Collection Set: 0.7ms
[27.357s][info][gc,phases      ] GC(75)   Other: 0.1ms
[27.357s][info][gc,heap        ] GC(75) Eden regions: 193->0(193)
[27.357s][info][gc,heap        ] GC(75) Survivor regions: 1->1(25)
[27.357s][info][gc,heap        ] GC(75) Old regions: 90->90
[27.357s][info][gc,heap        ] GC(75) Archive regions: 0->0
[27.357s][info][gc,heap        ] GC(75) Humongous regions: 7->7
[27.357s][info][gc,metaspace   ] GC(75) Metaspace: 59703K(60544K)->59703K(60544K) NonClass: 52153K(52608K)->52153K(52608K) Class: 7549K(7936K)->7549K(7936K)
[27.357s][info][gc             ] GC(75) Pause Young (Normal) (G1 Evacuation Pause) 563M->177M(648M) 1.950ms
[27.357s][info][gc,cpu         ] GC(75) User=0.00s Sys=0.00s Real=0.00s
[27.492s][info][gc,start       ] GC(76) Pause Young (Normal) (G1 Evacuation Pause)
[27.492s][info][gc,task        ] GC(76) Using 15 workers of 33 for evacuation
[27.494s][info][gc,phases      ] GC(76)   Pre Evacuate Collection Set: 0.2ms
[27.494s][info][gc,phases      ] GC(76)   Merge Heap Roots: 0.1ms
[27.494s][info][gc,phases      ] GC(76)   Evacuate Collection Set: 0.4ms
[27.494s][info][gc,phases      ] GC(76)   Post Evacuate Collection Set: 0.6ms
[27.494s][info][gc,phases      ] GC(76)   Other: 0.2ms
[27.494s][info][gc,heap        ] GC(76) Eden regions: 193->0(193)
[27.494s][info][gc,heap        ] GC(76) Survivor regions: 1->1(25)
[27.494s][info][gc,heap        ] GC(76) Old regions: 90->90
[27.494s][info][gc,heap        ] GC(76) Archive regions: 0->0
[27.494s][info][gc,heap        ] GC(76) Humongous regions: 7->7
[27.494s][info][gc,metaspace   ] GC(76) Metaspace: 59703K(60544K)->59703K(60544K) NonClass: 52153K(52608K)->52153K(52608K) Class: 7549K(7936K)->7549K(7936K)
[27.494s][info][gc             ] GC(76) Pause Young (Normal) (G1 Evacuation Pause) 563M->177M(648M) 1.969ms
[27.494s][info][gc,cpu         ] GC(76) User=0.00s Sys=0.00s Real=0.00s
[27.684s][info][gc,start       ] GC(77) Pause Full (System.gc())
[27.684s][info][gc,task        ] GC(77) Using 15 workers of 33 for full compaction
[27.685s][info][gc,phases,start] GC(77) Phase 1: Mark live objects
[27.725s][info][gc,phases      ] GC(77) Phase 1: Mark live objects 40.201ms
[27.725s][info][gc,phases,start] GC(77) Phase 2: Prepare compaction
[27.730s][info][gc,phases      ] GC(77) Phase 2: Prepare compaction 5.086ms
[27.730s][info][gc,phases,start] GC(77) Phase 3: Adjust pointers
[27.737s][info][gc,phases      ] GC(77) Phase 3: Adjust pointers 6.786ms
[27.737s][info][gc,phases,start] GC(77) Phase 4: Compact heap
[27.738s][info][gc,phases      ] GC(77) Phase 4: Compact heap 0.717ms
[27.743s][info][gc,heap        ] GC(77) Eden regions: 193->0(194)
[27.743s][info][gc,heap        ] GC(77) Survivor regions: 1->0(25)
[27.743s][info][gc,heap        ] GC(77) Old regions: 90->90
[27.743s][info][gc,heap        ] GC(77) Archive regions: 0->0
[27.743s][info][gc,heap        ] GC(77) Humongous regions: 10->7
[27.743s][info][gc,metaspace   ] GC(77) Metaspace: 59741K(60608K)->59741K(60608K) NonClass: 52190K(52672K)->52190K(52672K) Class: 7551K(7936K)->7551K(7936K)
[27.743s][info][gc             ] GC(77) Pause Full (System.gc()) 567M->176M(648M) 59.247ms
[27.743s][info][gc,cpu         ] GC(77) User=0.70s Sys=0.00s Real=0.05s
[27.932s][info][gc,start       ] GC(78) Pause Young (Normal) (G1 Evacuation Pause)
[27.932s][info][gc,task        ] GC(78) Using 15 workers of 33 for evacuation
[27.934s][info][gc,phases      ] GC(78)   Pre Evacuate Collection Set: 0.2ms
[27.934s][info][gc,phases      ] GC(78)   Merge Heap Roots: 0.1ms
[27.934s][info][gc,phases      ] GC(78)   Evacuate Collection Set: 0.5ms
[27.934s][info][gc,phases      ] GC(78)   Post Evacuate Collection Set: 0.7ms
[27.934s][info][gc,phases      ] GC(78)   Other: 0.2ms
[27.934s][info][gc,heap        ] GC(78) Eden regions: 194->0(193)
[27.934s][info][gc,heap        ] GC(78) Survivor regions: 0->1(25)
[27.934s][info][gc,heap        ] GC(78) Old regions: 90->90
[27.934s][info][gc,heap        ] GC(78) Archive regions: 0->0
[27.934s][info][gc,heap        ] GC(78) Humongous regions: 13->7
[27.934s][info][gc,metaspace   ] GC(78) Metaspace: 59780K(60608K)->59780K(60608K) NonClass: 52229K(52672K)->52229K(52672K) Class: 7551K(7936K)->7551K(7936K)
[27.934s][info][gc             ] GC(78) Pause Young (Normal) (G1 Evacuation Pause) 576M->177M(648M) 2.216ms
[27.934s][info][gc,cpu         ] GC(78) User=0.00s Sys=0.00s Real=0.00s
[28.070s][info][gc,start       ] GC(79) Pause Young (Normal) (G1 Evacuation Pause)
[28.070s][info][gc,task        ] GC(79) Using 15 workers of 33 for evacuation
[28.072s][info][gc,phases      ] GC(79)   Pre Evacuate Collection Set: 0.2ms
[28.072s][info][gc,phases      ] GC(79)   Merge Heap Roots: 0.1ms
[28.072s][info][gc,phases      ] GC(79)   Evacuate Collection Set: 0.4ms
[28.072s][info][gc,phases      ] GC(79)   Post Evacuate Collection Set: 0.7ms
[28.072s][info][gc,phases      ] GC(79)   Other: 0.2ms
[28.072s][info][gc,heap        ] GC(79) Eden regions: 193->0(193)
[28.072s][info][gc,heap        ] GC(79) Survivor regions: 1->1(25)
[28.072s][info][gc,heap        ] GC(79) Old regions: 90->90
[28.072s][info][gc,heap        ] GC(79) Archive regions: 0->0
[28.072s][info][gc,heap        ] GC(79) Humongous regions: 7->7
[28.072s][info][gc,metaspace   ] GC(79) Metaspace: 59780K(60608K)->59780K(60608K) NonClass: 52229K(52672K)->52229K(52672K) Class: 7551K(7936K)->7551K(7936K)
[28.072s][info][gc             ] GC(79) Pause Young (Normal) (G1 Evacuation Pause) 563M->177M(648M) 2.085ms
[28.072s][info][gc,cpu         ] GC(79) User=0.02s Sys=0.00s Real=0.02s
[28.211s][info][gc,start       ] GC(80) Pause Young (Normal) (G1 Evacuation Pause)
[28.211s][info][gc,task        ] GC(80) Using 15 workers of 33 for evacuation
[28.216s][info][gc,phases      ] GC(80)   Pre Evacuate Collection Set: 0.2ms
[28.216s][info][gc,phases      ] GC(80)   Merge Heap Roots: 0.1ms
[28.216s][info][gc,phases      ] GC(80)   Evacuate Collection Set: 0.4ms
[28.216s][info][gc,phases      ] GC(80)   Post Evacuate Collection Set: 4.1ms
[28.216s][info][gc,phases      ] GC(80)   Other: 0.2ms
[28.216s][info][gc,heap        ] GC(80) Eden regions: 193->0(326)
[28.216s][info][gc,heap        ] GC(80) Survivor regions: 1->1(25)
[28.216s][info][gc,heap        ] GC(80) Old regions: 90->90
[28.216s][info][gc,heap        ] GC(80) Archive regions: 0->0
[28.216s][info][gc,heap        ] GC(80) Humongous regions: 7->7
[28.216s][info][gc,metaspace   ] GC(80) Metaspace: 59780K(60608K)->59780K(60608K) NonClass: 52229K(52672K)->52229K(52672K) Class: 7551K(7936K)->7551K(7936K)
[28.216s][info][gc             ] GC(80) Pause Young (Normal) (G1 Evacuation Pause) 563M->177M(1090M) 5.514ms
[28.216s][info][gc,cpu         ] GC(80) User=0.00s Sys=0.00s Real=0.00s
[28.528s][info][gc,start       ] GC(81) Pause Young (Normal) (G1 Evacuation Pause)
[28.528s][info][gc,task        ] GC(81) Using 26 workers of 33 for evacuation
[28.530s][info][gc,phases      ] GC(81)   Pre Evacuate Collection Set: 0.2ms
[28.530s][info][gc,phases      ] GC(81)   Merge Heap Roots: 0.2ms
[28.530s][info][gc,phases      ] GC(81)   Evacuate Collection Set: 0.6ms
[28.530s][info][gc,phases      ] GC(81)   Post Evacuate Collection Set: 0.8ms
[28.530s][info][gc,phases      ] GC(81)   Other: 0.2ms
[28.530s][info][gc,heap        ] GC(81) Eden regions: 326->0(326)
[28.531s][info][gc,heap        ] GC(81) Survivor regions: 1->1(41)
[28.531s][info][gc,heap        ] GC(81) Old regions: 90->90
[28.531s][info][gc,heap        ] GC(81) Archive regions: 0->0
[28.531s][info][gc,heap        ] GC(81) Humongous regions: 7->7
[28.531s][info][gc,metaspace   ] GC(81) Metaspace: 59780K(60608K)->59780K(60608K) NonClass: 52229K(52672K)->52229K(52672K) Class: 7551K(7936K)->7551K(7936K)
[28.531s][info][gc             ] GC(81) Pause Young (Normal) (G1 Evacuation Pause) 829M->177M(1090M) 2.506ms
[28.531s][info][gc,cpu         ] GC(81) User=0.00s Sys=0.00s Real=0.00s
[28.609s][info][gc,start       ] GC(82) Pause Full (System.gc())
[28.609s][info][gc,task        ] GC(82) Using 26 workers of 33 for full compaction
[28.610s][info][gc,phases,start] GC(82) Phase 1: Mark live objects
[28.645s][info][gc,phases      ] GC(82) Phase 1: Mark live objects 34.541ms
[28.645s][info][gc,phases,start] GC(82) Phase 2: Prepare compaction
[28.651s][info][gc,phases      ] GC(82) Phase 2: Prepare compaction 5.556ms
[28.651s][info][gc,phases,start] GC(82) Phase 3: Adjust pointers
[28.658s][info][gc,phases      ] GC(82) Phase 3: Adjust pointers 7.148ms
[28.658s][info][gc,phases,start] GC(82) Phase 4: Compact heap
[28.659s][info][gc,phases      ] GC(82) Phase 4: Compact heap 0.678ms
[28.666s][info][gc,heap        ] GC(82) Eden regions: 59->0(196)
[28.666s][info][gc,heap        ] GC(82) Survivor regions: 1->0(41)
[28.666s][info][gc,heap        ] GC(82) Old regions: 90->91
[28.666s][info][gc,heap        ] GC(82) Archive regions: 0->0
[28.666s][info][gc,heap        ] GC(82) Humongous regions: 10->7
[28.666s][info][gc,metaspace   ] GC(82) Metaspace: 59804K(60672K)->59804K(60672K) NonClass: 52252K(52736K)->52252K(52736K) Class: 7551K(7936K)->7551K(7936K)
[28.666s][info][gc             ] GC(82) Pause Full (System.gc()) 300M->176M(654M) 57.150ms
[28.666s][info][gc,cpu         ] GC(82) User=1.22s Sys=0.00s Real=0.05s
[28.860s][info][gc,start       ] GC(83) Pause Young (Normal) (G1 Evacuation Pause)
[28.860s][info][gc,task        ] GC(83) Using 20 workers of 33 for evacuation
[28.862s][info][gc,phases      ] GC(83)   Pre Evacuate Collection Set: 0.2ms
[28.862s][info][gc,phases      ] GC(83)   Merge Heap Roots: 0.1ms
[28.862s][info][gc,phases      ] GC(83)   Evacuate Collection Set: 0.5ms
[28.862s][info][gc,phases      ] GC(83)   Post Evacuate Collection Set: 0.7ms
[28.862s][info][gc,phases      ] GC(83)   Other: 0.2ms
[28.862s][info][gc,heap        ] GC(83) Eden regions: 196->0(195)
[28.862s][info][gc,heap        ] GC(83) Survivor regions: 0->1(25)
[28.862s][info][gc,heap        ] GC(83) Old regions: 91->91
[28.862s][info][gc,heap        ] GC(83) Archive regions: 0->0
[28.862s][info][gc,heap        ] GC(83) Humongous regions: 13->7
[28.862s][info][gc,metaspace   ] GC(83) Metaspace: 59843K(60736K)->59843K(60736K) NonClass: 52290K(52800K)->52290K(52800K) Class: 7552K(7936K)->7552K(7936K)
[28.863s][info][gc             ] GC(83) Pause Young (Normal) (G1 Evacuation Pause) 580M->177M(654M) 2.188ms
[28.863s][info][gc,cpu         ] GC(83) User=0.00s Sys=0.00s Real=0.00s
[29.008s][info][gc,start       ] GC(84) Pause Young (Normal) (G1 Evacuation Pause)
[29.008s][info][gc,task        ] GC(84) Using 17 workers of 33 for evacuation
[29.010s][info][gc,phases      ] GC(84)   Pre Evacuate Collection Set: 0.2ms
[29.010s][info][gc,phases      ] GC(84)   Merge Heap Roots: 0.1ms
[29.010s][info][gc,phases      ] GC(84)   Evacuate Collection Set: 0.4ms
[29.010s][info][gc,phases      ] GC(84)   Post Evacuate Collection Set: 0.8ms
[29.010s][info][gc,phases      ] GC(84)   Other: 0.2ms
[29.010s][info][gc,heap        ] GC(84) Eden regions: 195->0(195)
[29.010s][info][gc,heap        ] GC(84) Survivor regions: 1->1(25)
[29.010s][info][gc,heap        ] GC(84) Old regions: 91->91
[29.010s][info][gc,heap        ] GC(84) Archive regions: 0->0
[29.010s][info][gc,heap        ] GC(84) Humongous regions: 7->7
[29.010s][info][gc,metaspace   ] GC(84) Metaspace: 59852K(60736K)->59852K(60736K) NonClass: 52299K(52800K)->52299K(52800K) Class: 7553K(7936K)->7553K(7936K)
[29.010s][info][gc             ] GC(84) Pause Young (Normal) (G1 Evacuation Pause) 567M->177M(654M) 2.308ms
[29.010s][info][gc,cpu         ] GC(84) User=0.00s Sys=0.00s Real=0.00s
[29.140s][info][gc,start       ] GC(85) Pause Young (Normal) (G1 Evacuation Pause)
[29.140s][info][gc,task        ] GC(85) Using 16 workers of 33 for evacuation
[29.141s][info][gc,phases      ] GC(85)   Pre Evacuate Collection Set: 0.2ms
[29.141s][info][gc,phases      ] GC(85)   Merge Heap Roots: 0.1ms
[29.141s][info][gc,phases      ] GC(85)   Evacuate Collection Set: 0.4ms
[29.141s][info][gc,phases      ] GC(85)   Post Evacuate Collection Set: 0.7ms
[29.141s][info][gc,phases      ] GC(85)   Other: 0.2ms
[29.141s][info][gc,heap        ] GC(85) Eden regions: 195->0(195)
[29.142s][info][gc,heap        ] GC(85) Survivor regions: 1->1(25)
[29.142s][info][gc,heap        ] GC(85) Old regions: 91->91
[29.142s][info][gc,heap        ] GC(85) Archive regions: 0->0
[29.142s][info][gc,heap        ] GC(85) Humongous regions: 7->7
[29.142s][info][gc,metaspace   ] GC(85) Metaspace: 59852K(60736K)->59852K(60736K) NonClass: 52299K(52800K)->52299K(52800K) Class: 7553K(7936K)->7553K(7936K)
[29.142s][info][gc             ] GC(85) Pause Young (Normal) (G1 Evacuation Pause) 567M->177M(654M) 2.100ms
[29.142s][info][gc,cpu         ] GC(85) User=0.00s Sys=0.00s Real=0.00s
[29.270s][info][gc,start       ] GC(86) Pause Young (Normal) (G1 Evacuation Pause)
[29.270s][info][gc,task        ] GC(86) Using 15 workers of 33 for evacuation
[29.271s][info][gc,phases      ] GC(86)   Pre Evacuate Collection Set: 0.2ms
[29.272s][info][gc,phases      ] GC(86)   Merge Heap Roots: 0.1ms
[29.272s][info][gc,phases      ] GC(86)   Evacuate Collection Set: 0.4ms
[29.272s][info][gc,phases      ] GC(86)   Post Evacuate Collection Set: 0.7ms
[29.272s][info][gc,phases      ] GC(86)   Other: 0.1ms
[29.272s][info][gc,heap        ] GC(86) Eden regions: 195->0(195)
[29.272s][info][gc,heap        ] GC(86) Survivor regions: 1->1(25)
[29.272s][info][gc,heap        ] GC(86) Old regions: 91->91
[29.272s][info][gc,heap        ] GC(86) Archive regions: 0->0
[29.272s][info][gc,heap        ] GC(86) Humongous regions: 7->7
[29.272s][info][gc,metaspace   ] GC(86) Metaspace: 59852K(60736K)->59852K(60736K) NonClass: 52299K(52800K)->52299K(52800K) Class: 7553K(7936K)->7553K(7936K)
[29.272s][info][gc             ] GC(86) Pause Young (Normal) (G1 Evacuation Pause) 567M->177M(654M) 1.996ms
[29.272s][info][gc,cpu         ] GC(86) User=0.00s Sys=0.00s Real=0.00s
[29.429s][info][gc,start       ] GC(87) Pause Full (System.gc())
[29.429s][info][gc,task        ] GC(87) Using 15 workers of 33 for full compaction
[29.430s][info][gc,phases,start] GC(87) Phase 1: Mark live objects
[29.468s][info][gc,phases      ] GC(87) Phase 1: Mark live objects 38.308ms
[29.468s][info][gc,phases,start] GC(87) Phase 2: Prepare compaction
[29.473s][info][gc,phases      ] GC(87) Phase 2: Prepare compaction 5.094ms
[29.474s][info][gc,phases,start] GC(87) Phase 3: Adjust pointers
[29.481s][info][gc,phases      ] GC(87) Phase 3: Adjust pointers 7.295ms
[29.481s][info][gc,phases,start] GC(87) Phase 4: Compact heap
[29.482s][info][gc,phases      ] GC(87) Phase 4: Compact heap 0.789ms
[29.487s][info][gc,heap        ] GC(87) Eden regions: 186->0(196)
[29.487s][info][gc,heap        ] GC(87) Survivor regions: 1->0(25)
[29.487s][info][gc,heap        ] GC(87) Old regions: 91->91
[29.487s][info][gc,heap        ] GC(87) Archive regions: 0->0
[29.487s][info][gc,heap        ] GC(87) Humongous regions: 10->7
[29.487s][info][gc,metaspace   ] GC(87) Metaspace: 59883K(60736K)->59883K(60736K) NonClass: 52329K(52800K)->52329K(52800K) Class: 7553K(7936K)->7553K(7936K)
[29.487s][info][gc             ] GC(87) Pause Full (System.gc()) 554M->176M(654M) 58.148ms
[29.487s][info][gc,cpu         ] GC(87) User=0.56s Sys=0.00s Real=0.05s
[29.676s][info][gc,start       ] GC(88) Pause Young (Normal) (G1 Evacuation Pause)
[29.676s][info][gc,task        ] GC(88) Using 15 workers of 33 for evacuation
[29.678s][info][gc,phases      ] GC(88)   Pre Evacuate Collection Set: 0.3ms
[29.678s][info][gc,phases      ] GC(88)   Merge Heap Roots: 0.1ms
[29.678s][info][gc,phases      ] GC(88)   Evacuate Collection Set: 0.5ms
[29.678s][info][gc,phases      ] GC(88)   Post Evacuate Collection Set: 0.7ms
[29.678s][info][gc,phases      ] GC(88)   Other: 0.2ms
[29.678s][info][gc,heap        ] GC(88) Eden regions: 196->0(195)
[29.678s][info][gc,heap        ] GC(88) Survivor regions: 0->1(25)
[29.678s][info][gc,heap        ] GC(88) Old regions: 91->91
[29.678s][info][gc,heap        ] GC(88) Archive regions: 0->0
[29.678s][info][gc,heap        ] GC(88) Humongous regions: 13->7
[29.678s][info][gc,metaspace   ] GC(88) Metaspace: 59923K(60800K)->59923K(60800K) NonClass: 52369K(52864K)->52369K(52864K) Class: 7553K(7936K)->7553K(7936K)
[29.678s][info][gc             ] GC(88) Pause Young (Normal) (G1 Evacuation Pause) 580M->177M(654M) 2.292ms
[29.678s][info][gc,cpu         ] GC(88) User=0.02s Sys=0.00s Real=0.02s
[29.812s][info][gc,start       ] GC(89) Pause Young (Normal) (G1 Evacuation Pause)
[29.812s][info][gc,task        ] GC(89) Using 15 workers of 33 for evacuation
[29.814s][info][gc,phases      ] GC(89)   Pre Evacuate Collection Set: 0.2ms
[29.814s][info][gc,phases      ] GC(89)   Merge Heap Roots: 0.1ms
[29.814s][info][gc,phases      ] GC(89)   Evacuate Collection Set: 0.4ms
[29.814s][info][gc,phases      ] GC(89)   Post Evacuate Collection Set: 0.6ms
[29.814s][info][gc,phases      ] GC(89)   Other: 0.2ms
[29.814s][info][gc,heap        ] GC(89) Eden regions: 195->0(195)
[29.814s][info][gc,heap        ] GC(89) Survivor regions: 1->1(25)
[29.814s][info][gc,heap        ] GC(89) Old regions: 91->91
[29.814s][info][gc,heap        ] GC(89) Archive regions: 0->0
[29.814s][info][gc,heap        ] GC(89) Humongous regions: 7->7
[29.814s][info][gc,metaspace   ] GC(89) Metaspace: 59923K(60800K)->59923K(60800K) NonClass: 52369K(52864K)->52369K(52864K) Class: 7553K(7936K)->7553K(7936K)
[29.814s][info][gc             ] GC(89) Pause Young (Normal) (G1 Evacuation Pause) 567M->177M(654M) 1.963ms
[29.814s][info][gc,cpu         ] GC(89) User=0.00s Sys=0.00s Real=0.00s
[29.942s][info][gc,start       ] GC(90) Pause Young (Normal) (G1 Evacuation Pause)
[29.942s][info][gc,task        ] GC(90) Using 15 workers of 33 for evacuation
[29.943s][info][gc,phases      ] GC(90)   Pre Evacuate Collection Set: 0.2ms
[29.943s][info][gc,phases      ] GC(90)   Merge Heap Roots: 0.1ms
[29.943s][info][gc,phases      ] GC(90)   Evacuate Collection Set: 0.4ms
[29.943s][info][gc,phases      ] GC(90)   Post Evacuate Collection Set: 0.7ms
[29.943s][info][gc,phases      ] GC(90)   Other: 0.2ms
[29.943s][info][gc,heap        ] GC(90) Eden regions: 195->0(195)
[29.943s][info][gc,heap        ] GC(90) Survivor regions: 1->1(25)
[29.943s][info][gc,heap        ] GC(90) Old regions: 91->91
[29.943s][info][gc,heap        ] GC(90) Archive regions: 0->0
[29.943s][info][gc,heap        ] GC(90) Humongous regions: 7->7
[29.944s][info][gc,metaspace   ] GC(90) Metaspace: 59923K(60800K)->59923K(60800K) NonClass: 52369K(52864K)->52369K(52864K) Class: 7553K(7936K)->7553K(7936K)
[29.944s][info][gc             ] GC(90) Pause Young (Normal) (G1 Evacuation Pause) 567M->177M(654M) 2.051ms
[29.944s][info][gc,cpu         ] GC(90) User=0.00s Sys=0.00s Real=0.00s
[30.071s][info][gc,start       ] GC(91) Pause Young (Normal) (G1 Evacuation Pause)
[30.071s][info][gc,task        ] GC(91) Using 15 workers of 33 for evacuation
[30.073s][info][gc,phases      ] GC(91)   Pre Evacuate Collection Set: 0.2ms
[30.073s][info][gc,phases      ] GC(91)   Merge Heap Roots: 0.1ms
[30.073s][info][gc,phases      ] GC(91)   Evacuate Collection Set: 0.4ms
[30.073s][info][gc,phases      ] GC(91)   Post Evacuate Collection Set: 0.6ms
[30.073s][info][gc,phases      ] GC(91)   Other: 0.1ms
[30.073s][info][gc,heap        ] GC(91) Eden regions: 195->0(195)
[30.073s][info][gc,heap        ] GC(91) Survivor regions: 1->1(25)
[30.073s][info][gc,heap        ] GC(91) Old regions: 91->91
[30.073s][info][gc,heap        ] GC(91) Archive regions: 0->0
[30.073s][info][gc,heap        ] GC(91) Humongous regions: 7->7
[30.073s][info][gc,metaspace   ] GC(91) Metaspace: 59923K(60800K)->59923K(60800K) NonClass: 52369K(52864K)->52369K(52864K) Class: 7553K(7936K)->7553K(7936K)
[30.073s][info][gc             ] GC(91) Pause Young (Normal) (G1 Evacuation Pause) 567M->177M(654M) 1.922ms
[30.073s][info][gc,cpu         ] GC(91) User=0.00s Sys=0.00s Real=0.00s
[30.224s][info][gc,start       ] GC(92) Pause Full (System.gc())
[30.224s][info][gc,task        ] GC(92) Using 15 workers of 33 for full compaction
[30.225s][info][gc,phases,start] GC(92) Phase 1: Mark live objects
[30.262s][info][gc,phases      ] GC(92) Phase 1: Mark live objects 37.936ms
[30.263s][info][gc,phases,start] GC(92) Phase 2: Prepare compaction
[30.268s][info][gc,phases      ] GC(92) Phase 2: Prepare compaction 5.084ms
[30.268s][info][gc,phases,start] GC(92) Phase 3: Adjust pointers
[30.275s][info][gc,phases      ] GC(92) Phase 3: Adjust pointers 7.787ms
[30.276s][info][gc,phases,start] GC(92) Phase 4: Compact heap
[30.276s][info][gc,phases      ] GC(92) Phase 4: Compact heap 0.736ms
[30.282s][info][gc,heap        ] GC(92) Eden regions: 184->0(196)
[30.282s][info][gc,heap        ] GC(92) Survivor regions: 1->0(25)
[30.282s][info][gc,heap        ] GC(92) Old regions: 91->91
[30.282s][info][gc,heap        ] GC(92) Archive regions: 0->0
[30.282s][info][gc,heap        ] GC(92) Humongous regions: 10->7
[30.282s][info][gc,metaspace   ] GC(92) Metaspace: 59959K(60800K)->59959K(60800K) NonClass: 52403K(52864K)->52403K(52864K) Class: 7555K(7936K)->7555K(7936K)
[30.282s][info][gc             ] GC(92) Pause Full (System.gc()) 550M->176M(654M) 58.307ms
[30.282s][info][gc,cpu         ] GC(92) User=0.48s Sys=0.00s Real=0.05s
[30.475s][info][gc,start       ] GC(93) Pause Young (Normal) (G1 Evacuation Pause)
[30.475s][info][gc,task        ] GC(93) Using 15 workers of 33 for evacuation
[30.477s][info][gc,phases      ] GC(93)   Pre Evacuate Collection Set: 0.2ms
[30.477s][info][gc,phases      ] GC(93)   Merge Heap Roots: 0.1ms
[30.477s][info][gc,phases      ] GC(93)   Evacuate Collection Set: 0.5ms
[30.477s][info][gc,phases      ] GC(93)   Post Evacuate Collection Set: 0.6ms
[30.477s][info][gc,phases      ] GC(93)   Other: 0.2ms
[30.477s][info][gc,heap        ] GC(93) Eden regions: 196->0(195)
[30.477s][info][gc,heap        ] GC(93) Survivor regions: 0->1(25)
[30.477s][info][gc,heap        ] GC(93) Old regions: 91->91
[30.477s][info][gc,heap        ] GC(93) Archive regions: 0->0
[30.477s][info][gc,heap        ] GC(93) Humongous regions: 13->7
[30.477s][info][gc,metaspace   ] GC(93) Metaspace: 59974K(60800K)->59974K(60800K) NonClass: 52418K(52864K)->52418K(52864K) Class: 7556K(7936K)->7556K(7936K)
[30.477s][info][gc             ] GC(93) Pause Young (Normal) (G1 Evacuation Pause) 580M->177M(654M) 1.992ms
[30.477s][info][gc,cpu         ] GC(93) User=0.23s Sys=0.00s Real=0.00s
[30.612s][info][gc,start       ] GC(94) Pause Young (Normal) (G1 Evacuation Pause)
[30.613s][info][gc,task        ] GC(94) Using 15 workers of 33 for evacuation
[30.614s][info][gc,phases      ] GC(94)   Pre Evacuate Collection Set: 0.2ms
[30.614s][info][gc,phases      ] GC(94)   Merge Heap Roots: 0.1ms
[30.614s][info][gc,phases      ] GC(94)   Evacuate Collection Set: 0.4ms
[30.614s][info][gc,phases      ] GC(94)   Post Evacuate Collection Set: 0.7ms
[30.614s][info][gc,phases      ] GC(94)   Other: 0.2ms
[30.614s][info][gc,heap        ] GC(94) Eden regions: 195->0(195)
[30.614s][info][gc,heap        ] GC(94) Survivor regions: 1->1(25)
[30.614s][info][gc,heap        ] GC(94) Old regions: 91->91
[30.614s][info][gc,heap        ] GC(94) Archive regions: 0->0
[30.614s][info][gc,heap        ] GC(94) Humongous regions: 7->7
[30.614s][info][gc,metaspace   ] GC(94) Metaspace: 59979K(60800K)->59979K(60800K) NonClass: 52423K(52864K)->52423K(52864K) Class: 7556K(7936K)->7556K(7936K)
[30.614s][info][gc             ] GC(94) Pause Young (Normal) (G1 Evacuation Pause) 567M->177M(654M) 2.123ms
[30.615s][info][gc,cpu         ] GC(94) User=0.00s Sys=0.00s Real=0.00s
[30.743s][info][gc,start       ] GC(95) Pause Young (Normal) (G1 Evacuation Pause)
[30.743s][info][gc,task        ] GC(95) Using 15 workers of 33 for evacuation
[30.749s][info][gc,phases      ] GC(95)   Pre Evacuate Collection Set: 0.2ms
[30.749s][info][gc,phases      ] GC(95)   Merge Heap Roots: 0.1ms
[30.749s][info][gc,phases      ] GC(95)   Evacuate Collection Set: 0.4ms
[30.749s][info][gc,phases      ] GC(95)   Post Evacuate Collection Set: 4.2ms
[30.749s][info][gc,phases      ] GC(95)   Other: 0.2ms
[30.749s][info][gc,heap        ] GC(95) Eden regions: 195->0(332)
[30.749s][info][gc,heap        ] GC(95) Survivor regions: 1->1(25)
[30.749s][info][gc,heap        ] GC(95) Old regions: 91->91
[30.749s][info][gc,heap        ] GC(95) Archive regions: 0->0
[30.749s][info][gc,heap        ] GC(95) Humongous regions: 7->7
[30.749s][info][gc,metaspace   ] GC(95) Metaspace: 59979K(60800K)->59979K(60800K) NonClass: 52423K(52864K)->52423K(52864K) Class: 7556K(7936K)->7556K(7936K)
[30.749s][info][gc             ] GC(95) Pause Young (Normal) (G1 Evacuation Pause) 567M->177M(1110M) 5.556ms
[30.749s][info][gc,cpu         ] GC(95) User=0.00s Sys=0.00s Real=0.00s
[31.059s][info][gc,start       ] GC(96) Pause Young (Normal) (G1 Evacuation Pause)
[31.059s][info][gc,task        ] GC(96) Using 26 workers of 33 for evacuation
[31.061s][info][gc,phases      ] GC(96)   Pre Evacuate Collection Set: 0.2ms
[31.061s][info][gc,phases      ] GC(96)   Merge Heap Roots: 0.2ms
[31.061s][info][gc,phases      ] GC(96)   Evacuate Collection Set: 0.6ms
[31.061s][info][gc,phases      ] GC(96)   Post Evacuate Collection Set: 0.8ms
[31.061s][info][gc,phases      ] GC(96)   Other: 0.2ms
[31.061s][info][gc,heap        ] GC(96) Eden regions: 332->0(332)
[31.061s][info][gc,heap        ] GC(96) Survivor regions: 1->1(42)
[31.061s][info][gc,heap        ] GC(96) Old regions: 91->91
[31.061s][info][gc,heap        ] GC(96) Archive regions: 0->0
[31.061s][info][gc,heap        ] GC(96) Humongous regions: 7->7
[31.061s][info][gc,metaspace   ] GC(96) Metaspace: 59979K(60800K)->59979K(60800K) NonClass: 52423K(52864K)->52423K(52864K) Class: 7556K(7936K)->7556K(7936K)
[31.061s][info][gc             ] GC(96) Pause Young (Normal) (G1 Evacuation Pause) 841M->177M(1110M) 2.510ms
[31.061s][info][gc,cpu         ] GC(96) User=0.00s Sys=0.00s Real=0.00s
[31.129s][info][gc,start       ] GC(97) Pause Full (System.gc())
[31.129s][info][gc,task        ] GC(97) Using 26 workers of 33 for full compaction
[31.130s][info][gc,phases,start] GC(97) Phase 1: Mark live objects
[31.163s][info][gc,phases      ] GC(97) Phase 1: Mark live objects 32.830ms
[31.163s][info][gc,phases,start] GC(97) Phase 2: Prepare compaction
[31.168s][info][gc,phases      ] GC(97) Phase 2: Prepare compaction 5.552ms
[31.169s][info][gc,phases,start] GC(97) Phase 3: Adjust pointers
[31.177s][info][gc,phases      ] GC(97) Phase 3: Adjust pointers 8.390ms
[31.177s][info][gc,phases,start] GC(97) Phase 4: Compact heap
[31.178s][info][gc,phases      ] GC(97) Phase 4: Compact heap 0.671ms
[31.186s][info][gc,heap        ] GC(97) Eden regions: 46->0(198)
[31.186s][info][gc,heap        ] GC(97) Survivor regions: 1->0(42)
[31.186s][info][gc,heap        ] GC(97) Old regions: 91->92
[31.186s][info][gc,heap        ] GC(97) Archive regions: 0->0
[31.186s][info][gc,heap        ] GC(97) Humongous regions: 10->7
[31.186s][info][gc,metaspace   ] GC(97) Metaspace: 60001K(60864K)->60001K(60864K) NonClass: 52445K(52928K)->52445K(52928K) Class: 7556K(7936K)->7556K(7936K)
[31.186s][info][gc             ] GC(97) Pause Full (System.gc()) 275M->176M(660M) 57.439ms
[31.186s][info][gc,cpu         ] GC(97) User=1.22s Sys=0.00s Real=0.05s
[31.408s][info][gc,start       ] GC(98) Pause Young (Normal) (G1 Evacuation Pause)
[31.408s][info][gc,task        ] GC(98) Using 20 workers of 33 for evacuation
[31.409s][info][gc,phases      ] GC(98)   Pre Evacuate Collection Set: 0.2ms
[31.409s][info][gc,phases      ] GC(98)   Merge Heap Roots: 0.1ms
[31.409s][info][gc,phases      ] GC(98)   Evacuate Collection Set: 0.5ms
[31.409s][info][gc,phases      ] GC(98)   Post Evacuate Collection Set: 0.6ms
[31.409s][info][gc,phases      ] GC(98)   Other: 0.1ms
[31.410s][info][gc,heap        ] GC(98) Eden regions: 198->0(197)
[31.410s][info][gc,heap        ] GC(98) Survivor regions: 0->1(25)
[31.410s][info][gc,heap        ] GC(98) Old regions: 92->92
[31.410s][info][gc,heap        ] GC(98) Archive regions: 0->0
[31.410s][info][gc,heap        ] GC(98) Humongous regions: 13->7
[31.410s][info][gc,metaspace   ] GC(98) Metaspace: 60032K(60864K)->60032K(60864K) NonClass: 52475K(52928K)->52475K(52928K) Class: 7556K(7936K)->7556K(7936K)
[31.410s][info][gc             ] GC(98) Pause Young (Normal) (G1 Evacuation Pause) 584M->177M(660M) 2.022ms
[31.410s][info][gc,cpu         ] GC(98) User=0.00s Sys=0.00s Real=0.00s
[31.550s][info][gc,start       ] GC(99) Pause Young (Normal) (G1 Evacuation Pause)
[31.551s][info][gc,task        ] GC(99) Using 17 workers of 33 for evacuation
[31.552s][info][gc,phases      ] GC(99)   Pre Evacuate Collection Set: 0.2ms
[31.552s][info][gc,phases      ] GC(99)   Merge Heap Roots: 0.1ms
[31.552s][info][gc,phases      ] GC(99)   Evacuate Collection Set: 0.4ms
[31.552s][info][gc,phases      ] GC(99)   Post Evacuate Collection Set: 0.7ms
[31.552s][info][gc,phases      ] GC(99)   Other: 0.2ms
[31.552s][info][gc,heap        ] GC(99) Eden regions: 197->0(197)
[31.552s][info][gc,heap        ] GC(99) Survivor regions: 1->1(25)
[31.552s][info][gc,heap        ] GC(99) Old regions: 92->92
[31.552s][info][gc,heap        ] GC(99) Archive regions: 0->0
[31.552s][info][gc,heap        ] GC(99) Humongous regions: 7->7
[31.552s][info][gc,metaspace   ] GC(99) Metaspace: 60032K(60864K)->60032K(60864K) NonClass: 52475K(52928K)->52475K(52928K) Class: 7556K(7936K)->7556K(7936K)
[31.552s][info][gc             ] GC(99) Pause Young (Normal) (G1 Evacuation Pause) 571M->177M(660M) 2.042ms
[31.553s][info][gc,cpu         ] GC(99) User=0.00s Sys=0.00s Real=0.00s
[31.682s][info][gc,start       ] GC(100) Pause Young (Normal) (G1 Evacuation Pause)
[31.682s][info][gc,task        ] GC(100) Using 16 workers of 33 for evacuation
[31.684s][info][gc,phases      ] GC(100)   Pre Evacuate Collection Set: 0.2ms
[31.684s][info][gc,phases      ] GC(100)   Merge Heap Roots: 0.1ms
[31.684s][info][gc,phases      ] GC(100)   Evacuate Collection Set: 0.4ms
[31.684s][info][gc,phases      ] GC(100)   Post Evacuate Collection Set: 0.7ms
[31.684s][info][gc,phases      ] GC(100)   Other: 0.1ms
[31.684s][info][gc,heap        ] GC(100) Eden regions: 197->0(197)
[31.684s][info][gc,heap        ] GC(100) Survivor regions: 1->1(25)
[31.684s][info][gc,heap        ] GC(100) Old regions: 92->92
[31.684s][info][gc,heap        ] GC(100) Archive regions: 0->0
[31.684s][info][gc,heap        ] GC(100) Humongous regions: 7->7
[31.684s][info][gc,metaspace   ] GC(100) Metaspace: 60032K(60864K)->60032K(60864K) NonClass: 52475K(52928K)->52475K(52928K) Class: 7556K(7936K)->7556K(7936K)
[31.684s][info][gc             ] GC(100) Pause Young (Normal) (G1 Evacuation Pause) 571M->177M(660M) 1.950ms
[31.684s][info][gc,cpu         ] GC(100) User=0.00s Sys=0.00s Real=0.00s
[31.813s][info][gc,start       ] GC(101) Pause Young (Normal) (G1 Evacuation Pause)
[31.813s][info][gc,task        ] GC(101) Using 15 workers of 33 for evacuation
[31.814s][info][gc,phases      ] GC(101)   Pre Evacuate Collection Set: 0.2ms
[31.814s][info][gc,phases      ] GC(101)   Merge Heap Roots: 0.1ms
[31.814s][info][gc,phases      ] GC(101)   Evacuate Collection Set: 0.4ms
[31.814s][info][gc,phases      ] GC(101)   Post Evacuate Collection Set: 0.7ms
[31.814s][info][gc,phases      ] GC(101)   Other: 0.1ms
[31.814s][info][gc,heap        ] GC(101) Eden regions: 197->0(197)
[31.814s][info][gc,heap        ] GC(101) Survivor regions: 1->1(25)
[31.814s][info][gc,heap        ] GC(101) Old regions: 92->92
[31.814s][info][gc,heap        ] GC(101) Archive regions: 0->0
[31.815s][info][gc,heap        ] GC(101) Humongous regions: 7->7
[31.815s][info][gc,metaspace   ] GC(101) Metaspace: 60032K(60864K)->60032K(60864K) NonClass: 52475K(52928K)->52475K(52928K) Class: 7556K(7936K)->7556K(7936K)
[31.815s][info][gc             ] GC(101) Pause Young (Normal) (G1 Evacuation Pause) 571M->177M(660M) 1.992ms
[31.815s][info][gc,cpu         ] GC(101) User=0.02s Sys=0.00s Real=0.02s
[31.971s][info][gc,start       ] GC(102) Pause Full (System.gc())
[31.971s][info][gc,task        ] GC(102) Using 15 workers of 33 for full compaction
[31.972s][info][gc,phases,start] GC(102) Phase 1: Mark live objects
[32.011s][info][gc,phases      ] GC(102) Phase 1: Mark live objects 39.300ms
[32.011s][info][gc,phases,start] GC(102) Phase 2: Prepare compaction
[32.016s][info][gc,phases      ] GC(102) Phase 2: Prepare compaction 5.044ms
[32.016s][info][gc,phases,start] GC(102) Phase 3: Adjust pointers
[32.024s][info][gc,phases      ] GC(102) Phase 3: Adjust pointers 7.983ms
[32.024s][info][gc,phases,start] GC(102) Phase 4: Compact heap
[32.025s][info][gc,phases      ] GC(102) Phase 4: Compact heap 0.692ms
[32.032s][info][gc,heap        ] GC(102) Eden regions: 177->0(196)
[32.032s][info][gc,heap        ] GC(102) Survivor regions: 1->0(25)
[32.032s][info][gc,heap        ] GC(102) Old regions: 92->91
[32.032s][info][gc,heap        ] GC(102) Archive regions: 0->0
[32.032s][info][gc,heap        ] GC(102) Humongous regions: 10->7
[32.032s][info][gc,metaspace   ] GC(102) Metaspace: 60049K(60928K)->60049K(60928K) NonClass: 52493K(52992K)->52493K(52992K) Class: 7556K(7936K)->7556K(7936K)
[32.032s][info][gc             ] GC(102) Pause Full (System.gc()) 535M->176M(654M) 61.011ms
[32.032s][info][gc,cpu         ] GC(102) User=0.72s Sys=0.00s Real=0.06s
[32.220s][info][gc,start       ] GC(103) Pause Young (Normal) (G1 Evacuation Pause)
[32.220s][info][gc,task        ] GC(103) Using 15 workers of 33 for evacuation
[32.222s][info][gc,phases      ] GC(103)   Pre Evacuate Collection Set: 0.2ms
[32.222s][info][gc,phases      ] GC(103)   Merge Heap Roots: 0.1ms
[32.222s][info][gc,phases      ] GC(103)   Evacuate Collection Set: 0.5ms
[32.222s][info][gc,phases      ] GC(103)   Post Evacuate Collection Set: 0.7ms
[32.222s][info][gc,phases      ] GC(103)   Other: 0.2ms
[32.222s][info][gc,heap        ] GC(103) Eden regions: 196->0(195)
[32.222s][info][gc,heap        ] GC(103) Survivor regions: 0->1(25)
[32.222s][info][gc,heap        ] GC(103) Old regions: 91->91
[32.222s][info][gc,heap        ] GC(103) Archive regions: 0->0
[32.222s][info][gc,heap        ] GC(103) Humongous regions: 13->7
[32.222s][info][gc,metaspace   ] GC(103) Metaspace: 60070K(60928K)->60070K(60928K) NonClass: 52513K(52992K)->52513K(52992K) Class: 7557K(7936K)->7557K(7936K)
[32.222s][info][gc             ] GC(103) Pause Young (Normal) (G1 Evacuation Pause) 580M->177M(654M) 2.224ms
[32.222s][info][gc,cpu         ] GC(103) User=0.00s Sys=0.00s Real=0.00s
[32.365s][info][gc,start       ] GC(104) Pause Young (Normal) (G1 Evacuation Pause)
[32.365s][info][gc,task        ] GC(104) Using 15 workers of 33 for evacuation
[32.367s][info][gc,phases      ] GC(104)   Pre Evacuate Collection Set: 0.2ms
[32.367s][info][gc,phases      ] GC(104)   Merge Heap Roots: 0.1ms
[32.367s][info][gc,phases      ] GC(104)   Evacuate Collection Set: 0.5ms
[32.367s][info][gc,phases      ] GC(104)   Post Evacuate Collection Set: 0.6ms
[32.367s][info][gc,phases      ] GC(104)   Other: 0.2ms
[32.367s][info][gc,heap        ] GC(104) Eden regions: 195->0(195)
[32.367s][info][gc,heap        ] GC(104) Survivor regions: 1->1(25)
[32.367s][info][gc,heap        ] GC(104) Old regions: 91->91
[32.367s][info][gc,heap        ] GC(104) Archive regions: 0->0
[32.367s][info][gc,heap        ] GC(104) Humongous regions: 7->7
[32.367s][info][gc,metaspace   ] GC(104) Metaspace: 60070K(60928K)->60070K(60928K) NonClass: 52513K(52992K)->52513K(52992K) Class: 7557K(7936K)->7557K(7936K)
[32.367s][info][gc             ] GC(104) Pause Young (Normal) (G1 Evacuation Pause) 567M->177M(654M) 2.083ms
[32.367s][info][gc,cpu         ] GC(104) User=0.00s Sys=0.00s Real=0.00s
[32.511s][info][gc,start       ] GC(105) Pause Young (Normal) (G1 Evacuation Pause)
[32.511s][info][gc,task        ] GC(105) Using 15 workers of 33 for evacuation
[32.512s][info][gc,phases      ] GC(105)   Pre Evacuate Collection Set: 0.2ms
[32.512s][info][gc,phases      ] GC(105)   Merge Heap Roots: 0.1ms
[32.512s][info][gc,phases      ] GC(105)   Evacuate Collection Set: 0.4ms
[32.513s][info][gc,phases      ] GC(105)   Post Evacuate Collection Set: 0.6ms
[32.513s][info][gc,phases      ] GC(105)   Other: 0.1ms
[32.513s][info][gc,heap        ] GC(105) Eden regions: 195->0(195)
[32.513s][info][gc,heap        ] GC(105) Survivor regions: 1->1(25)
[32.513s][info][gc,heap        ] GC(105) Old regions: 91->91
[32.513s][info][gc,heap        ] GC(105) Archive regions: 0->0
[32.513s][info][gc,heap        ] GC(105) Humongous regions: 7->7
[32.513s][info][gc,metaspace   ] GC(105) Metaspace: 60070K(60928K)->60070K(60928K) NonClass: 52513K(52992K)->52513K(52992K) Class: 7557K(7936K)->7557K(7936K)
[32.513s][info][gc             ] GC(105) Pause Young (Normal) (G1 Evacuation Pause) 567M->177M(654M) 2.006ms
[32.513s][info][gc,cpu         ] GC(105) User=0.00s Sys=0.00s Real=0.00s
[32.656s][info][gc,start       ] GC(106) Pause Young (Normal) (G1 Evacuation Pause)
[32.656s][info][gc,task        ] GC(106) Using 15 workers of 33 for evacuation
[32.658s][info][gc,phases      ] GC(106)   Pre Evacuate Collection Set: 0.2ms
[32.658s][info][gc,phases      ] GC(106)   Merge Heap Roots: 0.1ms
[32.658s][info][gc,phases      ] GC(106)   Evacuate Collection Set: 0.4ms
[32.658s][info][gc,phases      ] GC(106)   Post Evacuate Collection Set: 0.6ms
[32.658s][info][gc,phases      ] GC(106)   Other: 0.1ms
[32.658s][info][gc,heap        ] GC(106) Eden regions: 195->0(195)
[32.658s][info][gc,heap        ] GC(106) Survivor regions: 1->1(25)
[32.658s][info][gc,heap        ] GC(106) Old regions: 91->91
[32.658s][info][gc,heap        ] GC(106) Archive regions: 0->0
[32.658s][info][gc,heap        ] GC(106) Humongous regions: 7->7
[32.658s][info][gc,metaspace   ] GC(106) Metaspace: 60070K(60928K)->60070K(60928K) NonClass: 52513K(52992K)->52513K(52992K) Class: 7557K(7936K)->7557K(7936K)
[32.658s][info][gc             ] GC(106) Pause Young (Normal) (G1 Evacuation Pause) 567M->177M(654M) 2.075ms
[32.658s][info][gc,cpu         ] GC(106) User=0.00s Sys=0.00s Real=0.00s
[32.850s][info][gc,start       ] GC(107) Pause Full (System.gc())
[32.850s][info][gc,task        ] GC(107) Using 15 workers of 33 for full compaction
[32.851s][info][gc,phases,start] GC(107) Phase 1: Mark live objects
[32.890s][info][gc,phases      ] GC(107) Phase 1: Mark live objects 38.650ms
[32.890s][info][gc,phases,start] GC(107) Phase 2: Prepare compaction
[32.895s][info][gc,phases      ] GC(107) Phase 2: Prepare compaction 5.038ms
[32.895s][info][gc,phases,start] GC(107) Phase 3: Adjust pointers
[32.902s][info][gc,phases      ] GC(107) Phase 3: Adjust pointers 6.885ms
[32.902s][info][gc,phases,start] GC(107) Phase 4: Compact heap
[32.902s][info][gc,phases      ] GC(107) Phase 4: Compact heap 0.732ms
[32.908s][info][gc,heap        ] GC(107) Eden regions: 183->0(196)
[32.908s][info][gc,heap        ] GC(107) Survivor regions: 1->0(25)
[32.908s][info][gc,heap        ] GC(107) Old regions: 91->91
[32.908s][info][gc,heap        ] GC(107) Archive regions: 0->0
[32.908s][info][gc,heap        ] GC(107) Humongous regions: 10->7
[32.908s][info][gc,metaspace   ] GC(107) Metaspace: 60077K(60992K)->60077K(60992K) NonClass: 52519K(53056K)->52519K(53056K) Class: 7557K(7936K)->7557K(7936K)
[32.908s][info][gc             ] GC(107) Pause Full (System.gc()) 548M->176M(654M) 58.382ms
[32.909s][info][gc,cpu         ] GC(107) User=0.73s Sys=0.00s Real=0.07s
[33.111s][info][gc,start       ] GC(108) Pause Young (Normal) (G1 Evacuation Pause)
[33.111s][info][gc,task        ] GC(108) Using 15 workers of 33 for evacuation
[33.112s][info][gc,phases      ] GC(108)   Pre Evacuate Collection Set: 0.2ms
[33.112s][info][gc,phases      ] GC(108)   Merge Heap Roots: 0.1ms
[33.113s][info][gc,phases      ] GC(108)   Evacuate Collection Set: 0.5ms
[33.113s][info][gc,phases      ] GC(108)   Post Evacuate Collection Set: 0.7ms
[33.113s][info][gc,phases      ] GC(108)   Other: 0.2ms
[33.113s][info][gc,heap        ] GC(108) Eden regions: 196->0(195)
[33.113s][info][gc,heap        ] GC(108) Survivor regions: 0->1(25)
[33.113s][info][gc,heap        ] GC(108) Old regions: 91->91
[33.113s][info][gc,heap        ] GC(108) Archive regions: 0->0
[33.113s][info][gc,heap        ] GC(108) Humongous regions: 13->7
[33.113s][info][gc,metaspace   ] GC(108) Metaspace: 60103K(60992K)->60103K(60992K) NonClass: 52546K(53056K)->52546K(53056K) Class: 7557K(7936K)->7557K(7936K)
[33.113s][info][gc             ] GC(108) Pause Young (Normal) (G1 Evacuation Pause) 580M->177M(654M) 2.264ms
[33.113s][info][gc,cpu         ] GC(108) User=0.00s Sys=0.00s Real=0.00s
[33.241s][info][gc,start       ] GC(109) Pause Young (Normal) (G1 Evacuation Pause)
[33.241s][info][gc,task        ] GC(109) Using 15 workers of 33 for evacuation
[33.243s][info][gc,phases      ] GC(109)   Pre Evacuate Collection Set: 0.2ms
[33.243s][info][gc,phases      ] GC(109)   Merge Heap Roots: 0.1ms
[33.243s][info][gc,phases      ] GC(109)   Evacuate Collection Set: 0.5ms
[33.243s][info][gc,phases      ] GC(109)   Post Evacuate Collection Set: 0.7ms
[33.243s][info][gc,phases      ] GC(109)   Other: 0.2ms
[33.243s][info][gc,heap        ] GC(109) Eden regions: 195->0(195)
[33.243s][info][gc,heap        ] GC(109) Survivor regions: 1->1(25)
[33.243s][info][gc,heap        ] GC(109) Old regions: 91->91
[33.243s][info][gc,heap        ] GC(109) Archive regions: 0->0
[33.243s][info][gc,heap        ] GC(109) Humongous regions: 7->7
[33.243s][info][gc,metaspace   ] GC(109) Metaspace: 60103K(60992K)->60103K(60992K) NonClass: 52546K(53056K)->52546K(53056K) Class: 7557K(7936K)->7557K(7936K)
[33.243s][info][gc             ] GC(109) Pause Young (Normal) (G1 Evacuation Pause) 567M->177M(654M) 2.162ms
[33.243s][info][gc,cpu         ] GC(109) User=0.00s Sys=0.00s Real=0.00s
[33.371s][info][gc,start       ] GC(110) Pause Young (Normal) (G1 Evacuation Pause)
[33.371s][info][gc,task        ] GC(110) Using 15 workers of 33 for evacuation
[33.376s][info][gc,phases      ] GC(110)   Pre Evacuate Collection Set: 0.2ms
[33.376s][info][gc,phases      ] GC(110)   Merge Heap Roots: 0.1ms
[33.376s][info][gc,phases      ] GC(110)   Evacuate Collection Set: 0.4ms
[33.376s][info][gc,phases      ] GC(110)   Post Evacuate Collection Set: 4.2ms
[33.376s][info][gc,phases      ] GC(110)   Other: 0.2ms
[33.377s][info][gc,heap        ] GC(110) Eden regions: 195->0(325)
[33.377s][info][gc,heap        ] GC(110) Survivor regions: 1->1(25)
[33.377s][info][gc,heap        ] GC(110) Old regions: 91->91
[33.377s][info][gc,heap        ] GC(110) Archive regions: 0->0
[33.377s][info][gc,heap        ] GC(110) Humongous regions: 7->7
[33.377s][info][gc,metaspace   ] GC(110) Metaspace: 60103K(60992K)->60103K(60992K) NonClass: 52546K(53056K)->52546K(53056K) Class: 7557K(7936K)->7557K(7936K)
[33.377s][info][gc             ] GC(110) Pause Young (Normal) (G1 Evacuation Pause) 567M->177M(1088M) 5.571ms
[33.377s][info][gc,cpu         ] GC(110) User=0.00s Sys=0.02s Real=0.02s
[33.680s][info][gc,start       ] GC(111) Pause Young (Normal) (G1 Evacuation Pause)
[33.680s][info][gc,task        ] GC(111) Using 26 workers of 33 for evacuation
[33.682s][info][gc,phases      ] GC(111)   Pre Evacuate Collection Set: 0.2ms
[33.682s][info][gc,phases      ] GC(111)   Merge Heap Roots: 0.2ms
[33.682s][info][gc,phases      ] GC(111)   Evacuate Collection Set: 0.6ms
[33.682s][info][gc,phases      ] GC(111)   Post Evacuate Collection Set: 0.8ms
[33.682s][info][gc,phases      ] GC(111)   Other: 0.2ms
[33.682s][info][gc,heap        ] GC(111) Eden regions: 325->0(325)
[33.682s][info][gc,heap        ] GC(111) Survivor regions: 1->1(41)
[33.682s][info][gc,heap        ] GC(111) Old regions: 91->91
[33.682s][info][gc,heap        ] GC(111) Archive regions: 0->0
[33.682s][info][gc,heap        ] GC(111) Humongous regions: 7->7
[33.682s][info][gc,metaspace   ] GC(111) Metaspace: 60103K(60992K)->60103K(60992K) NonClass: 52546K(53056K)->52546K(53056K) Class: 7557K(7936K)->7557K(7936K)
[33.682s][info][gc             ] GC(111) Pause Young (Normal) (G1 Evacuation Pause) 827M->177M(1088M) 2.433ms
[33.682s][info][gc,cpu         ] GC(111) User=0.00s Sys=0.00s Real=0.00s
[33.777s][info][gc,start       ] GC(112) Pause Full (System.gc())
[33.777s][info][gc,task        ] GC(112) Using 26 workers of 33 for full compaction
[33.778s][info][gc,phases,start] GC(112) Phase 1: Mark live objects
[33.814s][info][gc,phases      ] GC(112) Phase 1: Mark live objects 35.418ms
[33.814s][info][gc,phases,start] GC(112) Phase 2: Prepare compaction
[33.819s][info][gc,phases      ] GC(112) Phase 2: Prepare compaction 5.577ms
[33.819s][info][gc,phases,start] GC(112) Phase 3: Adjust pointers
[33.827s][info][gc,phases      ] GC(112) Phase 3: Adjust pointers 8.130ms
[33.827s][info][gc,phases,start] GC(112) Phase 4: Compact heap
[33.828s][info][gc,phases      ] GC(112) Phase 4: Compact heap 0.677ms
[33.838s][info][gc,heap        ] GC(112) Eden regions: 54->0(204)
[33.838s][info][gc,heap        ] GC(112) Survivor regions: 1->0(41)
[33.838s][info][gc,heap        ] GC(112) Old regions: 91->95
[33.838s][info][gc,heap        ] GC(112) Archive regions: 0->0
[33.838s][info][gc,heap        ] GC(112) Humongous regions: 10->7
[33.838s][info][gc,metaspace   ] GC(112) Metaspace: 60124K(60992K)->60124K(60992K) NonClass: 52566K(53056K)->52566K(53056K) Class: 7557K(7936K)->7557K(7936K)
[33.838s][info][gc             ] GC(112) Pause Full (System.gc()) 289M->176M(680M) 61.317ms
[33.838s][info][gc,cpu         ] GC(112) User=1.22s Sys=0.02s Real=0.06s
[34.068s][info][gc,start       ] GC(113) Pause Young (Normal) (G1 Evacuation Pause)
[34.068s][info][gc,task        ] GC(113) Using 21 workers of 33 for evacuation
[34.070s][info][gc,phases      ] GC(113)   Pre Evacuate Collection Set: 0.2ms
[34.070s][info][gc,phases      ] GC(113)   Merge Heap Roots: 0.1ms
[34.070s][info][gc,phases      ] GC(113)   Evacuate Collection Set: 0.5ms
[34.070s][info][gc,phases      ] GC(113)   Post Evacuate Collection Set: 0.7ms
[34.070s][info][gc,phases      ] GC(113)   Other: 0.2ms
[34.070s][info][gc,heap        ] GC(113) Eden regions: 204->0(203)
[34.070s][info][gc,heap        ] GC(113) Survivor regions: 0->1(26)
[34.070s][info][gc,heap        ] GC(113) Old regions: 95->95
[34.070s][info][gc,heap        ] GC(113) Archive regions: 0->0
[34.070s][info][gc,heap        ] GC(113) Humongous regions: 13->7
[34.070s][info][gc,metaspace   ] GC(113) Metaspace: 60142K(61056K)->60142K(61056K) NonClass: 52585K(53120K)->52585K(53120K) Class: 7557K(7936K)->7557K(7936K)
[34.070s][info][gc             ] GC(113) Pause Young (Normal) (G1 Evacuation Pause) 596M->177M(680M) 2.304ms
[34.070s][info][gc,cpu         ] GC(113) User=0.00s Sys=0.00s Real=0.00s
[34.216s][info][gc,start       ] GC(114) Pause Young (Normal) (G1 Evacuation Pause)
[34.216s][info][gc,task        ] GC(114) Using 18 workers of 33 for evacuation
[34.218s][info][gc,phases      ] GC(114)   Pre Evacuate Collection Set: 0.2ms
[34.218s][info][gc,phases      ] GC(114)   Merge Heap Roots: 0.1ms
[34.218s][info][gc,phases      ] GC(114)   Evacuate Collection Set: 0.5ms
[34.218s][info][gc,phases      ] GC(114)   Post Evacuate Collection Set: 0.7ms
[34.218s][info][gc,phases      ] GC(114)   Other: 0.2ms
[34.218s][info][gc,heap        ] GC(114) Eden regions: 203->0(203)
[34.218s][info][gc,heap        ] GC(114) Survivor regions: 1->1(26)
[34.218s][info][gc,heap        ] GC(114) Old regions: 95->95
[34.218s][info][gc,heap        ] GC(114) Archive regions: 0->0
[34.218s][info][gc,heap        ] GC(114) Humongous regions: 7->7
[34.218s][info][gc,metaspace   ] GC(114) Metaspace: 60144K(61056K)->60144K(61056K) NonClass: 52587K(53120K)->52587K(53120K) Class: 7557K(7936K)->7557K(7936K)
[34.218s][info][gc             ] GC(114) Pause Young (Normal) (G1 Evacuation Pause) 583M->177M(680M) 2.192ms
[34.218s][info][gc,cpu         ] GC(114) User=0.02s Sys=0.00s Real=0.02s
[34.352s][info][gc,start       ] GC(115) Pause Young (Normal) (G1 Evacuation Pause)
[34.352s][info][gc,task        ] GC(115) Using 17 workers of 33 for evacuation
[34.353s][info][gc,phases      ] GC(115)   Pre Evacuate Collection Set: 0.2ms
[34.353s][info][gc,phases      ] GC(115)   Merge Heap Roots: 0.1ms
[34.353s][info][gc,phases      ] GC(115)   Evacuate Collection Set: 0.4ms
[34.353s][info][gc,phases      ] GC(115)   Post Evacuate Collection Set: 0.7ms
[34.353s][info][gc,phases      ] GC(115)   Other: 0.2ms
[34.353s][info][gc,heap        ] GC(115) Eden regions: 203->0(203)
[34.353s][info][gc,heap        ] GC(115) Survivor regions: 1->1(26)
[34.353s][info][gc,heap        ] GC(115) Old regions: 95->95
[34.353s][info][gc,heap        ] GC(115) Archive regions: 0->0
[34.353s][info][gc,heap        ] GC(115) Humongous regions: 7->7
[34.353s][info][gc,metaspace   ] GC(115) Metaspace: 60144K(61056K)->60144K(61056K) NonClass: 52587K(53120K)->52587K(53120K) Class: 7557K(7936K)->7557K(7936K)
[34.354s][info][gc             ] GC(115) Pause Young (Normal) (G1 Evacuation Pause) 583M->177M(680M) 1.995ms
[34.354s][info][gc,cpu         ] GC(115) User=0.00s Sys=0.00s Real=0.00s
[34.487s][info][gc,start       ] GC(116) Pause Young (Normal) (G1 Evacuation Pause)
[34.487s][info][gc,task        ] GC(116) Using 16 workers of 33 for evacuation
[34.489s][info][gc,phases      ] GC(116)   Pre Evacuate Collection Set: 0.2ms
[34.489s][info][gc,phases      ] GC(116)   Merge Heap Roots: 0.1ms
[34.489s][info][gc,phases      ] GC(116)   Evacuate Collection Set: 0.4ms
[34.489s][info][gc,phases      ] GC(116)   Post Evacuate Collection Set: 0.7ms
[34.489s][info][gc,phases      ] GC(116)   Other: 0.2ms
[34.489s][info][gc,heap        ] GC(116) Eden regions: 203->0(203)
[34.489s][info][gc,heap        ] GC(116) Survivor regions: 1->1(26)
[34.489s][info][gc,heap        ] GC(116) Old regions: 95->95
[34.489s][info][gc,heap        ] GC(116) Archive regions: 0->0
[34.489s][info][gc,heap        ] GC(116) Humongous regions: 7->7
[34.489s][info][gc,metaspace   ] GC(116) Metaspace: 60144K(61056K)->60144K(61056K) NonClass: 52587K(53120K)->52587K(53120K) Class: 7557K(7936K)->7557K(7936K)
[34.489s][info][gc             ] GC(116) Pause Young (Normal) (G1 Evacuation Pause) 583M->177M(680M) 2.157ms
[34.489s][info][gc,cpu         ] GC(116) User=0.00s Sys=0.00s Real=0.00s
[34.628s][info][gc,start       ] GC(117) Pause Full (System.gc())
[34.628s][info][gc,task        ] GC(117) Using 16 workers of 33 for full compaction
[34.629s][info][gc,phases,start] GC(117) Phase 1: Mark live objects
[34.669s][info][gc,phases      ] GC(117) Phase 1: Mark live objects 39.504ms
[34.669s][info][gc,phases,start] GC(117) Phase 2: Prepare compaction
[34.674s][info][gc,phases      ] GC(117) Phase 2: Prepare compaction 5.050ms
[34.674s][info][gc,phases,start] GC(117) Phase 3: Adjust pointers
[34.681s][info][gc,phases      ] GC(117) Phase 3: Adjust pointers 6.899ms
[34.681s][info][gc,phases,start] GC(117) Phase 4: Compact heap
[34.681s][info][gc,phases      ] GC(117) Phase 4: Compact heap 0.741ms
[34.688s][info][gc,heap        ] GC(117) Eden regions: 153->0(196)
[34.688s][info][gc,heap        ] GC(117) Survivor regions: 1->0(26)
[34.688s][info][gc,heap        ] GC(117) Old regions: 95->91
[34.688s][info][gc,heap        ] GC(117) Archive regions: 0->0
[34.688s][info][gc,heap        ] GC(117) Humongous regions: 10->7
[34.688s][info][gc,metaspace   ] GC(117) Metaspace: 60172K(61056K)->60172K(61056K) NonClass: 52614K(53120K)->52614K(53120K) Class: 7557K(7936K)->7557K(7936K)
[34.688s][info][gc             ] GC(117) Pause Full (System.gc()) 487M->177M(654M) 59.691ms
[34.688s][info][gc,cpu         ] GC(117) User=1.00s Sys=0.00s Real=0.06s
[34.882s][info][gc,start       ] GC(118) Pause Young (Normal) (G1 Evacuation Pause)
[34.882s][info][gc,task        ] GC(118) Using 15 workers of 33 for evacuation
[34.884s][info][gc,phases      ] GC(118)   Pre Evacuate Collection Set: 0.2ms
[34.884s][info][gc,phases      ] GC(118)   Merge Heap Roots: 0.1ms
[34.884s][info][gc,phases      ] GC(118)   Evacuate Collection Set: 0.5ms
[34.884s][info][gc,phases      ] GC(118)   Post Evacuate Collection Set: 0.7ms
[34.884s][info][gc,phases      ] GC(118)   Other: 0.2ms
[34.884s][info][gc,heap        ] GC(118) Eden regions: 196->0(195)
[34.884s][info][gc,heap        ] GC(118) Survivor regions: 0->1(25)
[34.884s][info][gc,heap        ] GC(118) Old regions: 91->91
[34.884s][info][gc,heap        ] GC(118) Archive regions: 0->0
[34.884s][info][gc,heap        ] GC(118) Humongous regions: 13->7
[34.884s][info][gc,metaspace   ] GC(118) Metaspace: 60306K(61184K)->60306K(61184K) NonClass: 52746K(53248K)->52746K(53248K) Class: 7559K(7936K)->7559K(7936K)
[34.884s][info][gc             ] GC(118) Pause Young (Normal) (G1 Evacuation Pause) 581M->177M(654M) 2.174ms
[34.884s][info][gc,cpu         ] GC(118) User=0.00s Sys=0.00s Real=0.00s
[35.013s][info][gc,start       ] GC(119) Pause Young (Normal) (G1 Evacuation Pause)
[35.013s][info][gc,task        ] GC(119) Using 15 workers of 33 for evacuation
[35.014s][info][gc,phases      ] GC(119)   Pre Evacuate Collection Set: 0.2ms
[35.014s][info][gc,phases      ] GC(119)   Merge Heap Roots: 0.1ms
[35.014s][info][gc,phases      ] GC(119)   Evacuate Collection Set: 0.4ms
[35.014s][info][gc,phases      ] GC(119)   Post Evacuate Collection Set: 0.6ms
[35.014s][info][gc,phases      ] GC(119)   Other: 0.2ms
[35.014s][info][gc,heap        ] GC(119) Eden regions: 195->0(195)
[35.014s][info][gc,heap        ] GC(119) Survivor regions: 1->1(25)
[35.015s][info][gc,heap        ] GC(119) Old regions: 91->91
[35.015s][info][gc,heap        ] GC(119) Archive regions: 0->0
[35.015s][info][gc,heap        ] GC(119) Humongous regions: 7->7
[35.015s][info][gc,metaspace   ] GC(119) Metaspace: 60308K(61184K)->60308K(61184K) NonClass: 52748K(53248K)->52748K(53248K) Class: 7559K(7936K)->7559K(7936K)
[35.015s][info][gc             ] GC(119) Pause Young (Normal) (G1 Evacuation Pause) 567M->177M(654M) 2.089ms
[35.015s][info][gc,cpu         ] GC(119) User=0.00s Sys=0.00s Real=0.00s
[35.145s][info][gc,start       ] GC(120) Pause Young (Normal) (G1 Evacuation Pause)
[35.145s][info][gc,task        ] GC(120) Using 15 workers of 33 for evacuation
[35.146s][info][gc,phases      ] GC(120)   Pre Evacuate Collection Set: 0.2ms
[35.146s][info][gc,phases      ] GC(120)   Merge Heap Roots: 0.1ms
[35.146s][info][gc,phases      ] GC(120)   Evacuate Collection Set: 0.4ms
[35.146s][info][gc,phases      ] GC(120)   Post Evacuate Collection Set: 0.7ms
[35.147s][info][gc,phases      ] GC(120)   Other: 0.2ms
[35.147s][info][gc,heap        ] GC(120) Eden regions: 195->0(195)
[35.147s][info][gc,heap        ] GC(120) Survivor regions: 1->1(25)
[35.147s][info][gc,heap        ] GC(120) Old regions: 91->91
[35.147s][info][gc,heap        ] GC(120) Archive regions: 0->0
[35.147s][info][gc,heap        ] GC(120) Humongous regions: 7->7
[35.147s][info][gc,metaspace   ] GC(120) Metaspace: 60308K(61184K)->60308K(61184K) NonClass: 52748K(53248K)->52748K(53248K) Class: 7559K(7936K)->7559K(7936K)
[35.147s][info][gc             ] GC(120) Pause Young (Normal) (G1 Evacuation Pause) 567M->177M(654M) 2.047ms
[35.147s][info][gc,cpu         ] GC(120) User=0.23s Sys=0.00s Real=0.02s
[35.274s][info][gc,start       ] GC(121) Pause Young (Normal) (G1 Evacuation Pause)
[35.274s][info][gc,task        ] GC(121) Using 15 workers of 33 for evacuation
[35.276s][info][gc,phases      ] GC(121)   Pre Evacuate Collection Set: 0.2ms
[35.276s][info][gc,phases      ] GC(121)   Merge Heap Roots: 0.1ms
[35.276s][info][gc,phases      ] GC(121)   Evacuate Collection Set: 0.4ms
[35.276s][info][gc,phases      ] GC(121)   Post Evacuate Collection Set: 0.7ms
[35.276s][info][gc,phases      ] GC(121)   Other: 0.2ms
[35.276s][info][gc,heap        ] GC(121) Eden regions: 195->0(195)
[35.276s][info][gc,heap        ] GC(121) Survivor regions: 1->1(25)
[35.276s][info][gc,heap        ] GC(121) Old regions: 91->91
[35.276s][info][gc,heap        ] GC(121) Archive regions: 0->0
[35.276s][info][gc,heap        ] GC(121) Humongous regions: 7->7
[35.276s][info][gc,metaspace   ] GC(121) Metaspace: 60308K(61184K)->60308K(61184K) NonClass: 52748K(53248K)->52748K(53248K) Class: 7559K(7936K)->7559K(7936K)
[35.276s][info][gc             ] GC(121) Pause Young (Normal) (G1 Evacuation Pause) 567M->177M(654M) 2.076ms
[35.276s][info][gc,cpu         ] GC(121) User=0.00s Sys=0.00s Real=0.00s
[35.437s][info][gc,start       ] GC(122) Pause Full (System.gc())
[35.437s][info][gc,task        ] GC(122) Using 15 workers of 33 for full compaction
[35.438s][info][gc,phases,start] GC(122) Phase 1: Mark live objects
[35.475s][info][gc,phases      ] GC(122) Phase 1: Mark live objects 37.728ms
[35.475s][info][gc,phases,start] GC(122) Phase 2: Prepare compaction
[35.480s][info][gc,phases      ] GC(122) Phase 2: Prepare compaction 5.027ms
[35.480s][info][gc,phases,start] GC(122) Phase 3: Adjust pointers
[35.487s][info][gc,phases      ] GC(122) Phase 3: Adjust pointers 6.938ms
[35.487s][info][gc,phases,start] GC(122) Phase 4: Compact heap
[35.488s][info][gc,phases      ] GC(122) Phase 4: Compact heap 0.737ms
[35.494s][info][gc,heap        ] GC(122) Eden regions: 184->0(196)
[35.494s][info][gc,heap        ] GC(122) Survivor regions: 1->0(25)
[35.494s][info][gc,heap        ] GC(122) Old regions: 91->91
[35.494s][info][gc,heap        ] GC(122) Archive regions: 0->0
[35.494s][info][gc,heap        ] GC(122) Humongous regions: 10->7
[35.494s][info][gc,metaspace   ] GC(122) Metaspace: 60320K(61184K)->60320K(61184K) NonClass: 52760K(53248K)->52760K(53248K) Class: 7559K(7936K)->7559K(7936K)
[35.494s][info][gc             ] GC(122) Pause Full (System.gc()) 550M->177M(654M) 57.654ms
[35.494s][info][gc,cpu         ] GC(122) User=0.73s Sys=0.00s Real=0.06s
[35.687s][info][gc,start       ] GC(123) Pause Young (Normal) (G1 Evacuation Pause)
[35.687s][info][gc,task        ] GC(123) Using 15 workers of 33 for evacuation
[35.689s][info][gc,phases      ] GC(123)   Pre Evacuate Collection Set: 0.2ms
[35.689s][info][gc,phases      ] GC(123)   Merge Heap Roots: 0.1ms
[35.689s][info][gc,phases      ] GC(123)   Evacuate Collection Set: 0.5ms
[35.689s][info][gc,phases      ] GC(123)   Post Evacuate Collection Set: 0.7ms
[35.689s][info][gc,phases      ] GC(123)   Other: 0.2ms
[35.689s][info][gc,heap        ] GC(123) Eden regions: 196->0(195)
[35.689s][info][gc,heap        ] GC(123) Survivor regions: 0->1(25)
[35.689s][info][gc,heap        ] GC(123) Old regions: 91->91
[35.689s][info][gc,heap        ] GC(123) Archive regions: 0->0
[35.689s][info][gc,heap        ] GC(123) Humongous regions: 13->7
[35.689s][info][gc,metaspace   ] GC(123) Metaspace: 60365K(61248K)->60365K(61248K) NonClass: 52806K(53312K)->52806K(53312K) Class: 7559K(7936K)->7559K(7936K)
[35.689s][info][gc             ] GC(123) Pause Young (Normal) (G1 Evacuation Pause) 581M->177M(654M) 2.244ms
[35.689s][info][gc,cpu         ] GC(123) User=0.00s Sys=0.00s Real=0.00s
[35.826s][info][gc,start       ] GC(124) Pause Young (Normal) (G1 Evacuation Pause)
[35.826s][info][gc,task        ] GC(124) Using 15 workers of 33 for evacuation
[35.827s][info][gc,phases      ] GC(124)   Pre Evacuate Collection Set: 0.2ms
[35.827s][info][gc,phases      ] GC(124)   Merge Heap Roots: 0.1ms
[35.827s][info][gc,phases      ] GC(124)   Evacuate Collection Set: 0.5ms
[35.827s][info][gc,phases      ] GC(124)   Post Evacuate Collection Set: 0.6ms
[35.827s][info][gc,phases      ] GC(124)   Other: 0.2ms
[35.827s][info][gc,heap        ] GC(124) Eden regions: 195->0(195)
[35.827s][info][gc,heap        ] GC(124) Survivor regions: 1->1(25)
[35.828s][info][gc,heap        ] GC(124) Old regions: 91->91
[35.828s][info][gc,heap        ] GC(124) Archive regions: 0->0
[35.828s][info][gc,heap        ] GC(124) Humongous regions: 7->7
[35.828s][info][gc,metaspace   ] GC(124) Metaspace: 60365K(61248K)->60365K(61248K) NonClass: 52806K(53312K)->52806K(53312K) Class: 7559K(7936K)->7559K(7936K)
[35.828s][info][gc             ] GC(124) Pause Young (Normal) (G1 Evacuation Pause) 567M->177M(654M) 2.031ms
[35.828s][info][gc,cpu         ] GC(124) User=0.00s Sys=0.00s Real=0.00s
[35.957s][info][gc,start       ] GC(125) Pause Young (Normal) (G1 Evacuation Pause)
[35.957s][info][gc,task        ] GC(125) Using 15 workers of 33 for evacuation
[35.962s][info][gc,phases      ] GC(125)   Pre Evacuate Collection Set: 0.2ms
[35.962s][info][gc,phases      ] GC(125)   Merge Heap Roots: 0.1ms
[35.962s][info][gc,phases      ] GC(125)   Evacuate Collection Set: 0.5ms
[35.962s][info][gc,phases      ] GC(125)   Post Evacuate Collection Set: 4.3ms
[35.962s][info][gc,phases      ] GC(125)   Other: 0.2ms
[35.962s][info][gc,heap        ] GC(125) Eden regions: 195->0(332)
[35.962s][info][gc,heap        ] GC(125) Survivor regions: 1->1(25)
[35.962s][info][gc,heap        ] GC(125) Old regions: 91->91
[35.962s][info][gc,heap        ] GC(125) Archive regions: 0->0
[35.962s][info][gc,heap        ] GC(125) Humongous regions: 7->7
[35.963s][info][gc,metaspace   ] GC(125) Metaspace: 60365K(61248K)->60365K(61248K) NonClass: 52806K(53312K)->52806K(53312K) Class: 7559K(7936K)->7559K(7936K)
[35.963s][info][gc             ] GC(125) Pause Young (Normal) (G1 Evacuation Pause) 567M->177M(1112M) 5.629ms
[35.963s][info][gc,cpu         ] GC(125) User=0.00s Sys=0.00s Real=0.00s
[36.280s][info][gc,start       ] GC(126) Pause Young (Normal) (G1 Evacuation Pause)
[36.280s][info][gc,task        ] GC(126) Using 26 workers of 33 for evacuation
[36.282s][info][gc,phases      ] GC(126)   Pre Evacuate Collection Set: 0.2ms
[36.282s][info][gc,phases      ] GC(126)   Merge Heap Roots: 0.2ms
[36.282s][info][gc,phases      ] GC(126)   Evacuate Collection Set: 0.5ms
[36.282s][info][gc,phases      ] GC(126)   Post Evacuate Collection Set: 0.8ms
[36.282s][info][gc,phases      ] GC(126)   Other: 0.2ms
[36.282s][info][gc,heap        ] GC(126) Eden regions: 332->0(332)
[36.282s][info][gc,heap        ] GC(126) Survivor regions: 1->1(42)
[36.282s][info][gc,heap        ] GC(126) Old regions: 91->91
[36.282s][info][gc,heap        ] GC(126) Archive regions: 0->0
[36.282s][info][gc,heap        ] GC(126) Humongous regions: 7->7
[36.282s][info][gc,metaspace   ] GC(126) Metaspace: 60365K(61248K)->60365K(61248K) NonClass: 52806K(53312K)->52806K(53312K) Class: 7559K(7936K)->7559K(7936K)
[36.282s][info][gc             ] GC(126) Pause Young (Normal) (G1 Evacuation Pause) 841M->177M(1112M) 2.370ms
[36.282s][info][gc,cpu         ] GC(126) User=0.00s Sys=0.00s Real=0.00s
[36.343s][info][gc,start       ] GC(127) Pause Full (System.gc())
[36.343s][info][gc,task        ] GC(127) Using 26 workers of 33 for full compaction
[36.344s][info][gc,phases,start] GC(127) Phase 1: Mark live objects
[36.377s][info][gc,phases      ] GC(127) Phase 1: Mark live objects 33.026ms
[36.377s][info][gc,phases,start] GC(127) Phase 2: Prepare compaction
[36.383s][info][gc,phases      ] GC(127) Phase 2: Prepare compaction 5.744ms
[36.383s][info][gc,phases,start] GC(127) Phase 3: Adjust pointers
[36.392s][info][gc,phases      ] GC(127) Phase 3: Adjust pointers 8.472ms
[36.392s][info][gc,phases,start] GC(127) Phase 4: Compact heap
[36.392s][info][gc,phases      ] GC(127) Phase 4: Compact heap 0.697ms
[36.402s][info][gc,heap        ] GC(127) Eden regions: 47->0(196)
[36.402s][info][gc,heap        ] GC(127) Survivor regions: 1->0(42)
[36.402s][info][gc,heap        ] GC(127) Old regions: 91->91
[36.402s][info][gc,heap        ] GC(127) Archive regions: 0->0
[36.402s][info][gc,heap        ] GC(127) Humongous regions: 10->7
[36.402s][info][gc,metaspace   ] GC(127) Metaspace: 60393K(61248K)->60393K(61248K) NonClass: 52833K(53312K)->52833K(53312K) Class: 7559K(7936K)->7559K(7936K)
[36.402s][info][gc             ] GC(127) Pause Full (System.gc()) 277M->177M(654M) 59.273ms
[36.402s][info][gc,cpu         ] GC(127) User=1.23s Sys=0.02s Real=0.06s
[36.597s][info][gc,start       ] GC(128) Pause Young (Normal) (G1 Evacuation Pause)
[36.597s][info][gc,task        ] GC(128) Using 20 workers of 33 for evacuation
[36.599s][info][gc,phases      ] GC(128)   Pre Evacuate Collection Set: 0.2ms
[36.599s][info][gc,phases      ] GC(128)   Merge Heap Roots: 0.1ms
[36.599s][info][gc,phases      ] GC(128)   Evacuate Collection Set: 0.4ms
[36.599s][info][gc,phases      ] GC(128)   Post Evacuate Collection Set: 0.7ms
[36.599s][info][gc,phases      ] GC(128)   Other: 0.2ms
[36.599s][info][gc,heap        ] GC(128) Eden regions: 196->0(195)
[36.599s][info][gc,heap        ] GC(128) Survivor regions: 0->1(25)
[36.599s][info][gc,heap        ] GC(128) Old regions: 91->91
[36.599s][info][gc,heap        ] GC(128) Archive regions: 0->0
[36.599s][info][gc,heap        ] GC(128) Humongous regions: 13->7
[36.599s][info][gc,metaspace   ] GC(128) Metaspace: 60442K(61312K)->60442K(61312K) NonClass: 52883K(53376K)->52883K(53376K) Class: 7559K(7936K)->7559K(7936K)
[36.599s][info][gc             ] GC(128) Pause Young (Normal) (G1 Evacuation Pause) 581M->177M(654M) 2.145ms
[36.599s][info][gc,cpu         ] GC(128) User=0.00s Sys=0.00s Real=0.00s
[36.737s][info][gc,start       ] GC(129) Pause Young (Normal) (G1 Evacuation Pause)
[36.738s][info][gc,task        ] GC(129) Using 17 workers of 33 for evacuation
[36.739s][info][gc,phases      ] GC(129)   Pre Evacuate Collection Set: 0.2ms
[36.739s][info][gc,phases      ] GC(129)   Merge Heap Roots: 0.1ms
[36.739s][info][gc,phases      ] GC(129)   Evacuate Collection Set: 0.4ms
[36.739s][info][gc,phases      ] GC(129)   Post Evacuate Collection Set: 0.7ms
[36.739s][info][gc,phases      ] GC(129)   Other: 0.2ms
[36.739s][info][gc,heap        ] GC(129) Eden regions: 195->0(195)
[36.739s][info][gc,heap        ] GC(129) Survivor regions: 1->1(25)
[36.739s][info][gc,heap        ] GC(129) Old regions: 91->91
[36.739s][info][gc,heap        ] GC(129) Archive regions: 0->0
[36.739s][info][gc,heap        ] GC(129) Humongous regions: 7->7
[36.739s][info][gc,metaspace   ] GC(129) Metaspace: 60442K(61312K)->60442K(61312K) NonClass: 52883K(53376K)->52883K(53376K) Class: 7559K(7936K)->7559K(7936K)
[36.740s][info][gc             ] GC(129) Pause Young (Normal) (G1 Evacuation Pause) 567M->177M(654M) 2.101ms
[36.740s][info][gc,cpu         ] GC(129) User=0.00s Sys=0.00s Real=0.00s
[36.868s][info][gc,start       ] GC(130) Pause Young (Normal) (G1 Evacuation Pause)
[36.868s][info][gc,task        ] GC(130) Using 16 workers of 33 for evacuation
[36.870s][info][gc,phases      ] GC(130)   Pre Evacuate Collection Set: 0.2ms
[36.870s][info][gc,phases      ] GC(130)   Merge Heap Roots: 0.1ms
[36.870s][info][gc,phases      ] GC(130)   Evacuate Collection Set: 0.4ms
[36.870s][info][gc,phases      ] GC(130)   Post Evacuate Collection Set: 0.7ms
[36.870s][info][gc,phases      ] GC(130)   Other: 0.1ms
[36.870s][info][gc,heap        ] GC(130) Eden regions: 195->0(195)
[36.870s][info][gc,heap        ] GC(130) Survivor regions: 1->1(25)
[36.870s][info][gc,heap        ] GC(130) Old regions: 91->91
[36.870s][info][gc,heap        ] GC(130) Archive regions: 0->0
[36.870s][info][gc,heap        ] GC(130) Humongous regions: 7->7
[36.870s][info][gc,metaspace   ] GC(130) Metaspace: 60442K(61312K)->60442K(61312K) NonClass: 52883K(53376K)->52883K(53376K) Class: 7559K(7936K)->7559K(7936K)
[36.870s][info][gc             ] GC(130) Pause Young (Normal) (G1 Evacuation Pause) 567M->177M(654M) 1.938ms
[36.870s][info][gc,cpu         ] GC(130) User=0.00s Sys=0.00s Real=0.00s
[37.006s][info][gc,start       ] GC(131) Pause Young (Normal) (G1 Evacuation Pause)
[37.006s][info][gc,task        ] GC(131) Using 15 workers of 33 for evacuation
[37.007s][info][gc,phases      ] GC(131)   Pre Evacuate Collection Set: 0.2ms
[37.007s][info][gc,phases      ] GC(131)   Merge Heap Roots: 0.1ms
[37.007s][info][gc,phases      ] GC(131)   Evacuate Collection Set: 0.4ms
[37.007s][info][gc,phases      ] GC(131)   Post Evacuate Collection Set: 0.7ms
[37.007s][info][gc,phases      ] GC(131)   Other: 0.1ms
[37.008s][info][gc,heap        ] GC(131) Eden regions: 195->0(195)
[37.008s][info][gc,heap        ] GC(131) Survivor regions: 1->1(25)
[37.008s][info][gc,heap        ] GC(131) Old regions: 91->91
[37.008s][info][gc,heap        ] GC(131) Archive regions: 0->0
[37.008s][info][gc,heap        ] GC(131) Humongous regions: 7->7
[37.008s][info][gc,metaspace   ] GC(131) Metaspace: 60442K(61312K)->60442K(61312K) NonClass: 52883K(53376K)->52883K(53376K) Class: 7559K(7936K)->7559K(7936K)
[37.008s][info][gc             ] GC(131) Pause Young (Normal) (G1 Evacuation Pause) 567M->177M(654M) 2.007ms
[37.008s][info][gc,cpu         ] GC(131) User=0.00s Sys=0.00s Real=0.00s
[37.177s][info][gc,start       ] GC(132) Pause Full (System.gc())
[37.178s][info][gc,task        ] GC(132) Using 15 workers of 33 for full compaction
[37.178s][info][gc,phases,start] GC(132) Phase 1: Mark live objects
[37.219s][info][gc,phases      ] GC(132) Phase 1: Mark live objects 40.497ms
[37.219s][info][gc,phases,start] GC(132) Phase 2: Prepare compaction
[37.224s][info][gc,phases      ] GC(132) Phase 2: Prepare compaction 5.101ms
[37.224s][info][gc,phases,start] GC(132) Phase 3: Adjust pointers
[37.232s][info][gc,phases      ] GC(132) Phase 3: Adjust pointers 8.409ms
[37.232s][info][gc,phases,start] GC(132) Phase 4: Compact heap
[37.233s][info][gc,phases      ] GC(132) Phase 4: Compact heap 0.810ms
[37.240s][info][gc,heap        ] GC(132) Eden regions: 185->0(196)
[37.240s][info][gc,heap        ] GC(132) Survivor regions: 1->0(25)
[37.240s][info][gc,heap        ] GC(132) Old regions: 91->91
[37.240s][info][gc,heap        ] GC(132) Archive regions: 0->0
[37.240s][info][gc,heap        ] GC(132) Humongous regions: 10->7
[37.240s][info][gc,metaspace   ] GC(132) Metaspace: 60450K(61312K)->60450K(61312K) NonClass: 52890K(53376K)->52890K(53376K) Class: 7560K(7936K)->7560K(7936K)
[37.240s][info][gc             ] GC(132) Pause Full (System.gc()) 551M->177M(654M) 62.161ms
[37.240s][info][gc,cpu         ] GC(132) User=0.72s Sys=0.00s Real=0.06s
[37.430s][info][gc,start       ] GC(133) Pause Young (Normal) (G1 Evacuation Pause)
[37.431s][info][gc,task        ] GC(133) Using 15 workers of 33 for evacuation
[37.432s][info][gc,phases      ] GC(133)   Pre Evacuate Collection Set: 0.2ms
[37.432s][info][gc,phases      ] GC(133)   Merge Heap Roots: 0.1ms
[37.432s][info][gc,phases      ] GC(133)   Evacuate Collection Set: 0.4ms
[37.432s][info][gc,phases      ] GC(133)   Post Evacuate Collection Set: 0.7ms
[37.432s][info][gc,phases      ] GC(133)   Other: 0.2ms
[37.432s][info][gc,heap        ] GC(133) Eden regions: 196->0(195)
[37.433s][info][gc,heap        ] GC(133) Survivor regions: 0->1(25)
[37.433s][info][gc,heap        ] GC(133) Old regions: 91->91
[37.433s][info][gc,heap        ] GC(133) Archive regions: 0->0
[37.433s][info][gc,heap        ] GC(133) Humongous regions: 13->7
[37.433s][info][gc,metaspace   ] GC(133) Metaspace: 60472K(61312K)->60472K(61312K) NonClass: 52912K(53376K)->52912K(53376K) Class: 7560K(7936K)->7560K(7936K)
[37.433s][info][gc             ] GC(133) Pause Young (Normal) (G1 Evacuation Pause) 581M->177M(654M) 2.213ms
[37.433s][info][gc,cpu         ] GC(133) User=0.00s Sys=0.00s Real=0.00s
[37.574s][info][gc,start       ] GC(134) Pause Young (Normal) (G1 Evacuation Pause)
[37.574s][info][gc,task        ] GC(134) Using 15 workers of 33 for evacuation
[37.575s][info][gc,phases      ] GC(134)   Pre Evacuate Collection Set: 0.2ms
[37.575s][info][gc,phases      ] GC(134)   Merge Heap Roots: 0.1ms
[37.575s][info][gc,phases      ] GC(134)   Evacuate Collection Set: 0.4ms
[37.575s][info][gc,phases      ] GC(134)   Post Evacuate Collection Set: 0.7ms
[37.575s][info][gc,phases      ] GC(134)   Other: 0.2ms
[37.576s][info][gc,heap        ] GC(134) Eden regions: 195->0(195)
[37.576s][info][gc,heap        ] GC(134) Survivor regions: 1->1(25)
[37.576s][info][gc,heap        ] GC(134) Old regions: 91->91
[37.576s][info][gc,heap        ] GC(134) Archive regions: 0->0
[37.576s][info][gc,heap        ] GC(134) Humongous regions: 7->7
[37.576s][info][gc,metaspace   ] GC(134) Metaspace: 60472K(61312K)->60472K(61312K) NonClass: 52912K(53376K)->52912K(53376K) Class: 7560K(7936K)->7560K(7936K)
[37.576s][info][gc             ] GC(134) Pause Young (Normal) (G1 Evacuation Pause) 567M->177M(654M) 2.108ms
[37.576s][info][gc,cpu         ] GC(134) User=0.00s Sys=0.00s Real=0.00s
[37.716s][info][gc,start       ] GC(135) Pause Young (Normal) (G1 Evacuation Pause)
[37.716s][info][gc,task        ] GC(135) Using 15 workers of 33 for evacuation
[37.718s][info][gc,phases      ] GC(135)   Pre Evacuate Collection Set: 0.2ms
[37.718s][info][gc,phases      ] GC(135)   Merge Heap Roots: 0.1ms
[37.718s][info][gc,phases      ] GC(135)   Evacuate Collection Set: 0.5ms
[37.718s][info][gc,phases      ] GC(135)   Post Evacuate Collection Set: 0.7ms
[37.718s][info][gc,phases      ] GC(135)   Other: 0.2ms
[37.718s][info][gc,heap        ] GC(135) Eden regions: 195->0(195)
[37.718s][info][gc,heap        ] GC(135) Survivor regions: 1->1(25)
[37.718s][info][gc,heap        ] GC(135) Old regions: 91->91
[37.718s][info][gc,heap        ] GC(135) Archive regions: 0->0
[37.718s][info][gc,heap        ] GC(135) Humongous regions: 7->7
[37.718s][info][gc,metaspace   ] GC(135) Metaspace: 60472K(61312K)->60472K(61312K) NonClass: 52912K(53376K)->52912K(53376K) Class: 7560K(7936K)->7560K(7936K)
[37.718s][info][gc             ] GC(135) Pause Young (Normal) (G1 Evacuation Pause) 567M->177M(654M) 2.047ms
[37.718s][info][gc,cpu         ] GC(135) User=0.00s Sys=0.00s Real=0.00s
[37.854s][info][gc,start       ] GC(136) Pause Young (Normal) (G1 Evacuation Pause)
[37.854s][info][gc,task        ] GC(136) Using 15 workers of 33 for evacuation
[37.856s][info][gc,phases      ] GC(136)   Pre Evacuate Collection Set: 0.2ms
[37.856s][info][gc,phases      ] GC(136)   Merge Heap Roots: 0.1ms
[37.856s][info][gc,phases      ] GC(136)   Evacuate Collection Set: 0.4ms
[37.856s][info][gc,phases      ] GC(136)   Post Evacuate Collection Set: 0.6ms
[37.856s][info][gc,phases      ] GC(136)   Other: 0.2ms
[37.856s][info][gc,heap        ] GC(136) Eden regions: 195->0(195)
[37.856s][info][gc,heap        ] GC(136) Survivor regions: 1->1(25)
[37.856s][info][gc,heap        ] GC(136) Old regions: 91->91
[37.856s][info][gc,heap        ] GC(136) Archive regions: 0->0
[37.856s][info][gc,heap        ] GC(136) Humongous regions: 7->7
[37.856s][info][gc,metaspace   ] GC(136) Metaspace: 60472K(61312K)->60472K(61312K) NonClass: 52912K(53376K)->52912K(53376K) Class: 7560K(7936K)->7560K(7936K)
[37.856s][info][gc             ] GC(136) Pause Young (Normal) (G1 Evacuation Pause) 567M->177M(654M) 2.008ms
[37.856s][info][gc,cpu         ] GC(136) User=0.00s Sys=0.00s Real=0.00s
[38.031s][info][gc,start       ] GC(137) Pause Full (System.gc())
[38.031s][info][gc,task        ] GC(137) Using 15 workers of 33 for full compaction
[38.032s][info][gc,phases,start] GC(137) Phase 1: Mark live objects
[38.069s][info][gc,phases      ] GC(137) Phase 1: Mark live objects 37.827ms
[38.069s][info][gc,phases,start] GC(137) Phase 2: Prepare compaction
[38.075s][info][gc,phases      ] GC(137) Phase 2: Prepare compaction 5.165ms
[38.075s][info][gc,phases,start] GC(137) Phase 3: Adjust pointers
[38.083s][info][gc,phases      ] GC(137) Phase 3: Adjust pointers 8.670ms
[38.083s][info][gc,phases,start] GC(137) Phase 4: Compact heap
[38.084s][info][gc,phases      ] GC(137) Phase 4: Compact heap 0.724ms
[38.090s][info][gc,heap        ] GC(137) Eden regions: 184->0(196)
[38.090s][info][gc,heap        ] GC(137) Survivor regions: 1->0(25)
[38.090s][info][gc,heap        ] GC(137) Old regions: 91->91
[38.090s][info][gc,heap        ] GC(137) Archive regions: 0->0
[38.090s][info][gc,heap        ] GC(137) Humongous regions: 10->7
[38.090s][info][gc,metaspace   ] GC(137) Metaspace: 60506K(61312K)->60506K(61312K) NonClass: 52946K(53376K)->52946K(53376K) Class: 7560K(7936K)->7560K(7936K)
[38.090s][info][gc             ] GC(137) Pause Full (System.gc()) 550M->177M(654M) 59.749ms
[38.091s][info][gc,cpu         ] GC(137) User=0.72s Sys=0.00s Real=0.06s
[38.287s][info][gc,start       ] GC(138) Pause Young (Normal) (G1 Evacuation Pause)
[38.287s][info][gc,task        ] GC(138) Using 15 workers of 33 for evacuation
[38.289s][info][gc,phases      ] GC(138)   Pre Evacuate Collection Set: 0.2ms
[38.289s][info][gc,phases      ] GC(138)   Merge Heap Roots: 0.1ms
[38.289s][info][gc,phases      ] GC(138)   Evacuate Collection Set: 0.5ms
[38.289s][info][gc,phases      ] GC(138)   Post Evacuate Collection Set: 0.7ms
[38.289s][info][gc,phases      ] GC(138)   Other: 0.2ms
[38.289s][info][gc,heap        ] GC(138) Eden regions: 196->0(195)
[38.289s][info][gc,heap        ] GC(138) Survivor regions: 0->1(25)
[38.289s][info][gc,heap        ] GC(138) Old regions: 91->91
[38.289s][info][gc,heap        ] GC(138) Archive regions: 0->0
[38.289s][info][gc,heap        ] GC(138) Humongous regions: 13->7
[38.289s][info][gc,metaspace   ] GC(138) Metaspace: 60576K(61504K)->60576K(61504K) NonClass: 53013K(53504K)->53013K(53504K) Class: 7563K(8000K)->7563K(8000K)
[38.289s][info][gc             ] GC(138) Pause Young (Normal) (G1 Evacuation Pause) 581M->177M(654M) 2.241ms
[38.289s][info][gc,cpu         ] GC(138) User=0.00s Sys=0.00s Real=0.00s
[38.419s][info][gc,start       ] GC(139) Pause Young (Normal) (G1 Evacuation Pause)
[38.419s][info][gc,task        ] GC(139) Using 15 workers of 33 for evacuation
[38.420s][info][gc,phases      ] GC(139)   Pre Evacuate Collection Set: 0.2ms
[38.420s][info][gc,phases      ] GC(139)   Merge Heap Roots: 0.1ms
[38.420s][info][gc,phases      ] GC(139)   Evacuate Collection Set: 0.4ms
[38.420s][info][gc,phases      ] GC(139)   Post Evacuate Collection Set: 0.7ms
[38.420s][info][gc,phases      ] GC(139)   Other: 0.2ms
[38.420s][info][gc,heap        ] GC(139) Eden regions: 195->0(195)
[38.420s][info][gc,heap        ] GC(139) Survivor regions: 1->1(25)
[38.420s][info][gc,heap        ] GC(139) Old regions: 91->91
[38.420s][info][gc,heap        ] GC(139) Archive regions: 0->0
[38.420s][info][gc,heap        ] GC(139) Humongous regions: 7->7
[38.421s][info][gc,metaspace   ] GC(139) Metaspace: 60576K(61504K)->60576K(61504K) NonClass: 53013K(53504K)->53013K(53504K) Class: 7563K(8000K)->7563K(8000K)
[38.421s][info][gc             ] GC(139) Pause Young (Normal) (G1 Evacuation Pause) 567M->177M(654M) 2.061ms
[38.421s][info][gc,cpu         ] GC(139) User=0.00s Sys=0.00s Real=0.00s
[38.563s][info][gc,start       ] GC(140) Pause Young (Normal) (G1 Evacuation Pause)
[38.563s][info][gc,task        ] GC(140) Using 15 workers of 33 for evacuation
[38.568s][info][gc,phases      ] GC(140)   Pre Evacuate Collection Set: 0.2ms
[38.568s][info][gc,phases      ] GC(140)   Merge Heap Roots: 0.1ms
[38.568s][info][gc,phases      ] GC(140)   Evacuate Collection Set: 0.4ms
[38.568s][info][gc,phases      ] GC(140)   Post Evacuate Collection Set: 4.3ms
[38.568s][info][gc,phases      ] GC(140)   Other: 0.2ms
[38.568s][info][gc,heap        ] GC(140) Eden regions: 195->0(331)
[38.568s][info][gc,heap        ] GC(140) Survivor regions: 1->1(25)
[38.568s][info][gc,heap        ] GC(140) Old regions: 91->91
[38.568s][info][gc,heap        ] GC(140) Archive regions: 0->0
[38.568s][info][gc,heap        ] GC(140) Humongous regions: 7->7
[38.568s][info][gc,metaspace   ] GC(140) Metaspace: 60576K(61504K)->60576K(61504K) NonClass: 53013K(53504K)->53013K(53504K) Class: 7563K(8000K)->7563K(8000K)
[38.568s][info][gc             ] GC(140) Pause Young (Normal) (G1 Evacuation Pause) 567M->177M(1108M) 5.628ms
[38.568s][info][gc,cpu         ] GC(140) User=0.23s Sys=0.00s Real=0.01s
[38.891s][info][gc,start       ] GC(141) Pause Young (Normal) (G1 Evacuation Pause)
[38.891s][info][gc,task        ] GC(141) Using 26 workers of 33 for evacuation
[38.893s][info][gc,phases      ] GC(141)   Pre Evacuate Collection Set: 0.2ms
[38.893s][info][gc,phases      ] GC(141)   Merge Heap Roots: 0.2ms
[38.893s][info][gc,phases      ] GC(141)   Evacuate Collection Set: 0.5ms
[38.893s][info][gc,phases      ] GC(141)   Post Evacuate Collection Set: 0.8ms
[38.893s][info][gc,phases      ] GC(141)   Other: 0.2ms
[38.893s][info][gc,heap        ] GC(141) Eden regions: 331->0(331)
[38.893s][info][gc,heap        ] GC(141) Survivor regions: 1->1(42)
[38.893s][info][gc,heap        ] GC(141) Old regions: 91->91
[38.893s][info][gc,heap        ] GC(141) Archive regions: 0->0
[38.893s][info][gc,heap        ] GC(141) Humongous regions: 7->7
[38.893s][info][gc,metaspace   ] GC(141) Metaspace: 60576K(61504K)->60576K(61504K) NonClass: 53013K(53504K)->53013K(53504K) Class: 7563K(8000K)->7563K(8000K)
[38.893s][info][gc             ] GC(141) Pause Young (Normal) (G1 Evacuation Pause) 839M->177M(1108M) 2.470ms
[38.893s][info][gc,cpu         ] GC(141) User=0.00s Sys=0.00s Real=0.00s
[38.958s][info][gc,start       ] GC(142) Pause Full (System.gc())
[38.958s][info][gc,task        ] GC(142) Using 26 workers of 33 for full compaction
[38.959s][info][gc,phases,start] GC(142) Phase 1: Mark live objects
[38.993s][info][gc,phases      ] GC(142) Phase 1: Mark live objects 34.619ms
[38.993s][info][gc,phases,start] GC(142) Phase 2: Prepare compaction
[38.999s][info][gc,phases      ] GC(142) Phase 2: Prepare compaction 5.728ms
[38.999s][info][gc,phases,start] GC(142) Phase 3: Adjust pointers
[39.008s][info][gc,phases      ] GC(142) Phase 3: Adjust pointers 9.227ms
[39.009s][info][gc,phases,start] GC(142) Phase 4: Compact heap
[39.009s][info][gc,phases      ] GC(142) Phase 4: Compact heap 0.693ms
[39.018s][info][gc,heap        ] GC(142) Eden regions: 47->0(198)
[39.018s][info][gc,heap        ] GC(142) Survivor regions: 1->0(42)
[39.018s][info][gc,heap        ] GC(142) Old regions: 91->92
[39.018s][info][gc,heap        ] GC(142) Archive regions: 0->0
[39.018s][info][gc,heap        ] GC(142) Humongous regions: 10->7
[39.018s][info][gc,metaspace   ] GC(142) Metaspace: 60623K(61568K)->60623K(61568K) NonClass: 53059K(53568K)->53059K(53568K) Class: 7564K(8000K)->7564K(8000K)
[39.018s][info][gc             ] GC(142) Pause Full (System.gc()) 277M->177M(660M) 60.430ms
[39.018s][info][gc,cpu         ] GC(142) User=0.84s Sys=0.00s Real=0.06s
[39.208s][info][gc,start       ] GC(143) Pause Young (Normal) (G1 Evacuation Pause)
[39.209s][info][gc,task        ] GC(143) Using 20 workers of 33 for evacuation
[39.210s][info][gc,phases      ] GC(143)   Pre Evacuate Collection Set: 0.2ms
[39.210s][info][gc,phases      ] GC(143)   Merge Heap Roots: 0.1ms
[39.210s][info][gc,phases      ] GC(143)   Evacuate Collection Set: 0.5ms
[39.210s][info][gc,phases      ] GC(143)   Post Evacuate Collection Set: 0.7ms
[39.210s][info][gc,phases      ] GC(143)   Other: 0.2ms
[39.210s][info][gc,heap        ] GC(143) Eden regions: 198->0(197)
[39.210s][info][gc,heap        ] GC(143) Survivor regions: 0->1(25)
[39.210s][info][gc,heap        ] GC(143) Old regions: 92->92
[39.210s][info][gc,heap        ] GC(143) Archive regions: 0->0
[39.210s][info][gc,heap        ] GC(143) Humongous regions: 13->7
[39.211s][info][gc,metaspace   ] GC(143) Metaspace: 60628K(61568K)->60628K(61568K) NonClass: 53064K(53568K)->53064K(53568K) Class: 7564K(8000K)->7564K(8000K)
[39.211s][info][gc             ] GC(143) Pause Young (Normal) (G1 Evacuation Pause) 585M->177M(660M) 2.220ms
[39.211s][info][gc,cpu         ] GC(143) User=0.02s Sys=0.00s Real=0.02s
[39.349s][info][gc,start       ] GC(144) Pause Young (Normal) (G1 Evacuation Pause)
[39.349s][info][gc,task        ] GC(144) Using 17 workers of 33 for evacuation
[39.350s][info][gc,phases      ] GC(144)   Pre Evacuate Collection Set: 0.2ms
[39.350s][info][gc,phases      ] GC(144)   Merge Heap Roots: 0.1ms
[39.350s][info][gc,phases      ] GC(144)   Evacuate Collection Set: 0.4ms
[39.350s][info][gc,phases      ] GC(144)   Post Evacuate Collection Set: 0.7ms
[39.350s][info][gc,phases      ] GC(144)   Other: 0.2ms
[39.350s][info][gc,heap        ] GC(144) Eden regions: 197->0(197)
[39.350s][info][gc,heap        ] GC(144) Survivor regions: 1->1(25)
[39.350s][info][gc,heap        ] GC(144) Old regions: 92->92
[39.350s][info][gc,heap        ] GC(144) Archive regions: 0->0
[39.351s][info][gc,heap        ] GC(144) Humongous regions: 7->7
[39.351s][info][gc,metaspace   ] GC(144) Metaspace: 60628K(61568K)->60628K(61568K) NonClass: 53064K(53568K)->53064K(53568K) Class: 7564K(8000K)->7564K(8000K)
[39.351s][info][gc             ] GC(144) Pause Young (Normal) (G1 Evacuation Pause) 571M->177M(660M) 2.058ms
[39.351s][info][gc,cpu         ] GC(144) User=0.00s Sys=0.00s Real=0.00s
[39.482s][info][gc,start       ] GC(145) Pause Young (Normal) (G1 Evacuation Pause)
[39.482s][info][gc,task        ] GC(145) Using 16 workers of 33 for evacuation
[39.484s][info][gc,phases      ] GC(145)   Pre Evacuate Collection Set: 0.2ms
[39.484s][info][gc,phases      ] GC(145)   Merge Heap Roots: 0.1ms
[39.484s][info][gc,phases      ] GC(145)   Evacuate Collection Set: 0.4ms
[39.484s][info][gc,phases      ] GC(145)   Post Evacuate Collection Set: 0.7ms
[39.484s][info][gc,phases      ] GC(145)   Other: 0.2ms
[39.484s][info][gc,heap        ] GC(145) Eden regions: 197->0(197)
[39.484s][info][gc,heap        ] GC(145) Survivor regions: 1->1(25)
[39.484s][info][gc,heap        ] GC(145) Old regions: 92->92
[39.484s][info][gc,heap        ] GC(145) Archive regions: 0->0
[39.484s][info][gc,heap        ] GC(145) Humongous regions: 7->7
[39.484s][info][gc,metaspace   ] GC(145) Metaspace: 60628K(61568K)->60628K(61568K) NonClass: 53064K(53568K)->53064K(53568K) Class: 7564K(8000K)->7564K(8000K)
[39.484s][info][gc             ] GC(145) Pause Young (Normal) (G1 Evacuation Pause) 571M->177M(660M) 2.048ms
[39.484s][info][gc,cpu         ] GC(145) User=0.00s Sys=0.00s Real=0.00s
[39.614s][info][gc,start       ] GC(146) Pause Young (Normal) (G1 Evacuation Pause)
[39.614s][info][gc,task        ] GC(146) Using 15 workers of 33 for evacuation
[39.615s][info][gc,phases      ] GC(146)   Pre Evacuate Collection Set: 0.2ms
[39.615s][info][gc,phases      ] GC(146)   Merge Heap Roots: 0.1ms
[39.615s][info][gc,phases      ] GC(146)   Evacuate Collection Set: 0.4ms
[39.615s][info][gc,phases      ] GC(146)   Post Evacuate Collection Set: 0.6ms
[39.615s][info][gc,phases      ] GC(146)   Other: 0.2ms
[39.615s][info][gc,heap        ] GC(146) Eden regions: 197->0(197)
[39.615s][info][gc,heap        ] GC(146) Survivor regions: 1->1(25)
[39.615s][info][gc,heap        ] GC(146) Old regions: 92->92
[39.616s][info][gc,heap        ] GC(146) Archive regions: 0->0
[39.616s][info][gc,heap        ] GC(146) Humongous regions: 7->7
[39.616s][info][gc,metaspace   ] GC(146) Metaspace: 60628K(61568K)->60628K(61568K) NonClass: 53064K(53568K)->53064K(53568K) Class: 7564K(8000K)->7564K(8000K)
[39.616s][info][gc             ] GC(146) Pause Young (Normal) (G1 Evacuation Pause) 571M->177M(660M) 2.011ms
[39.616s][info][gc,cpu         ] GC(146) User=0.00s Sys=0.00s Real=0.00s
[39.779s][info][gc,start       ] GC(147) Pause Full (System.gc())
[39.779s][info][gc,task        ] GC(147) Using 15 workers of 33 for full compaction
[39.780s][info][gc,phases,start] GC(147) Phase 1: Mark live objects
[39.820s][info][gc,phases      ] GC(147) Phase 1: Mark live objects 39.884ms
[39.820s][info][gc,phases,start] GC(147) Phase 2: Prepare compaction
[39.825s][info][gc,phases      ] GC(147) Phase 2: Prepare compaction 5.054ms
[39.825s][info][gc,phases,start] GC(147) Phase 3: Adjust pointers
[39.834s][info][gc,phases      ] GC(147) Phase 3: Adjust pointers 8.895ms
[39.834s][info][gc,phases,start] GC(147) Phase 4: Compact heap
[39.834s][info][gc,phases      ] GC(147) Phase 4: Compact heap 0.713ms
[39.842s][info][gc,heap        ] GC(147) Eden regions: 176->0(196)
[39.842s][info][gc,heap        ] GC(147) Survivor regions: 1->0(25)
[39.842s][info][gc,heap        ] GC(147) Old regions: 92->91
[39.842s][info][gc,heap        ] GC(147) Archive regions: 0->0
[39.842s][info][gc,heap        ] GC(147) Humongous regions: 10->7
[39.842s][info][gc,metaspace   ] GC(147) Metaspace: 60631K(61568K)->60631K(61568K) NonClass: 53067K(53568K)->53067K(53568K) Class: 7564K(8000K)->7564K(8000K)
[39.842s][info][gc             ] GC(147) Pause Full (System.gc()) 534M->177M(654M) 63.322ms
[39.842s][info][gc,cpu         ] GC(147) User=0.94s Sys=0.00s Real=0.06s
[40.027s][info][gc,start       ] GC(148) Pause Young (Normal) (G1 Evacuation Pause)
[40.027s][info][gc,task        ] GC(148) Using 15 workers of 33 for evacuation
[40.028s][info][gc,phases      ] GC(148)   Pre Evacuate Collection Set: 0.2ms
[40.028s][info][gc,phases      ] GC(148)   Merge Heap Roots: 0.1ms
[40.028s][info][gc,phases      ] GC(148)   Evacuate Collection Set: 0.5ms
[40.028s][info][gc,phases      ] GC(148)   Post Evacuate Collection Set: 0.7ms
[40.028s][info][gc,phases      ] GC(148)   Other: 0.2ms
[40.029s][info][gc,heap        ] GC(148) Eden regions: 196->0(195)
[40.029s][info][gc,heap        ] GC(148) Survivor regions: 0->1(25)
[40.029s][info][gc,heap        ] GC(148) Old regions: 91->91
[40.029s][info][gc,heap        ] GC(148) Archive regions: 0->0
[40.029s][info][gc,heap        ] GC(148) Humongous regions: 13->7
[40.029s][info][gc,metaspace   ] GC(148) Metaspace: 60643K(61568K)->60643K(61568K) NonClass: 53079K(53568K)->53079K(53568K) Class: 7564K(8000K)->7564K(8000K)
[40.029s][info][gc             ] GC(148) Pause Young (Normal) (G1 Evacuation Pause) 581M->177M(654M) 2.193ms
[40.029s][info][gc,cpu         ] GC(148) User=0.00s Sys=0.00s Real=0.00s
[40.166s][info][gc,start       ] GC(149) Pause Young (Normal) (G1 Evacuation Pause)
[40.166s][info][gc,task        ] GC(149) Using 15 workers of 33 for evacuation
[40.168s][info][gc,phases      ] GC(149)   Pre Evacuate Collection Set: 0.2ms
[40.168s][info][gc,phases      ] GC(149)   Merge Heap Roots: 0.1ms
[40.168s][info][gc,phases      ] GC(149)   Evacuate Collection Set: 0.5ms
[40.168s][info][gc,phases      ] GC(149)   Post Evacuate Collection Set: 0.6ms
[40.168s][info][gc,phases      ] GC(149)   Other: 0.2ms
[40.168s][info][gc,heap        ] GC(149) Eden regions: 195->0(195)
[40.168s][info][gc,heap        ] GC(149) Survivor regions: 1->1(25)
[40.168s][info][gc,heap        ] GC(149) Old regions: 91->91
[40.168s][info][gc,heap        ] GC(149) Archive regions: 0->0
[40.168s][info][gc,heap        ] GC(149) Humongous regions: 7->7
[40.168s][info][gc,metaspace   ] GC(149) Metaspace: 60644K(61568K)->60644K(61568K) NonClass: 53080K(53568K)->53080K(53568K) Class: 7564K(8000K)->7564K(8000K)
[40.168s][info][gc             ] GC(149) Pause Young (Normal) (G1 Evacuation Pause) 567M->177M(654M) 2.078ms
[40.169s][info][gc,cpu         ] GC(149) User=0.00s Sys=0.00s Real=0.00s
[40.297s][info][gc,start       ] GC(150) Pause Young (Normal) (G1 Evacuation Pause)
[40.297s][info][gc,task        ] GC(150) Using 15 workers of 33 for evacuation
[40.298s][info][gc,phases      ] GC(150)   Pre Evacuate Collection Set: 0.2ms
[40.298s][info][gc,phases      ] GC(150)   Merge Heap Roots: 0.1ms
[40.298s][info][gc,phases      ] GC(150)   Evacuate Collection Set: 0.4ms
[40.298s][info][gc,phases      ] GC(150)   Post Evacuate Collection Set: 0.7ms
[40.299s][info][gc,phases      ] GC(150)   Other: 0.1ms
[40.299s][info][gc,heap        ] GC(150) Eden regions: 195->0(195)
[40.299s][info][gc,heap        ] GC(150) Survivor regions: 1->1(25)
[40.299s][info][gc,heap        ] GC(150) Old regions: 91->91
[40.299s][info][gc,heap        ] GC(150) Archive regions: 0->0
[40.299s][info][gc,heap        ] GC(150) Humongous regions: 7->7
[40.299s][info][gc,metaspace   ] GC(150) Metaspace: 60644K(61568K)->60644K(61568K) NonClass: 53080K(53568K)->53080K(53568K) Class: 7564K(8000K)->7564K(8000K)
[40.299s][info][gc             ] GC(150) Pause Young (Normal) (G1 Evacuation Pause) 567M->177M(654M) 1.984ms
[40.299s][info][gc,cpu         ] GC(150) User=0.00s Sys=0.00s Real=0.00s
[40.427s][info][gc,start       ] GC(151) Pause Young (Normal) (G1 Evacuation Pause)
[40.427s][info][gc,task        ] GC(151) Using 15 workers of 33 for evacuation
[40.428s][info][gc,phases      ] GC(151)   Pre Evacuate Collection Set: 0.2ms
[40.428s][info][gc,phases      ] GC(151)   Merge Heap Roots: 0.1ms
[40.429s][info][gc,phases      ] GC(151)   Evacuate Collection Set: 0.4ms
[40.429s][info][gc,phases      ] GC(151)   Post Evacuate Collection Set: 0.7ms
[40.429s][info][gc,phases      ] GC(151)   Other: 0.1ms
[40.429s][info][gc,heap        ] GC(151) Eden regions: 195->0(195)
[40.429s][info][gc,heap        ] GC(151) Survivor regions: 1->1(25)
[40.429s][info][gc,heap        ] GC(151) Old regions: 91->91
[40.429s][info][gc,heap        ] GC(151) Archive regions: 0->0
[40.429s][info][gc,heap        ] GC(151) Humongous regions: 7->7
[40.429s][info][gc,metaspace   ] GC(151) Metaspace: 60644K(61568K)->60644K(61568K) NonClass: 53080K(53568K)->53080K(53568K) Class: 7564K(8000K)->7564K(8000K)
[40.429s][info][gc             ] GC(151) Pause Young (Normal) (G1 Evacuation Pause) 567M->177M(654M) 1.926ms
[40.429s][info][gc,cpu         ] GC(151) User=0.23s Sys=0.00s Real=0.02s
[40.582s][info][gc,start       ] GC(152) Pause Full (System.gc())
[40.582s][info][gc,task        ] GC(152) Using 15 workers of 33 for full compaction
[40.583s][info][gc,phases,start] GC(152) Phase 1: Mark live objects
[40.622s][info][gc,phases      ] GC(152) Phase 1: Mark live objects 39.185ms
[40.622s][info][gc,phases,start] GC(152) Phase 2: Prepare compaction
[40.627s][info][gc,phases      ] GC(152) Phase 2: Prepare compaction 5.135ms
[40.627s][info][gc,phases,start] GC(152) Phase 3: Adjust pointers
[40.635s][info][gc,phases      ] GC(152) Phase 3: Adjust pointers 7.380ms
[40.635s][info][gc,phases,start] GC(152) Phase 4: Compact heap
[40.636s][info][gc,phases      ] GC(152) Phase 4: Compact heap 0.702ms
[40.642s][info][gc,heap        ] GC(152) Eden regions: 183->0(196)
[40.642s][info][gc,heap        ] GC(152) Survivor regions: 1->0(25)
[40.642s][info][gc,heap        ] GC(152) Old regions: 91->91
[40.642s][info][gc,heap        ] GC(152) Archive regions: 0->0
[40.642s][info][gc,heap        ] GC(152) Humongous regions: 10->7
[40.642s][info][gc,metaspace   ] GC(152) Metaspace: 60651K(61568K)->60651K(61568K) NonClass: 53087K(53568K)->53087K(53568K) Class: 7564K(8000K)->7564K(8000K)
[40.642s][info][gc             ] GC(152) Pause Full (System.gc()) 547M->177M(654M) 59.961ms
[40.642s][info][gc,cpu         ] GC(152) User=0.95s Sys=0.00s Real=0.06s
[40.829s][info][gc,start       ] GC(153) Pause Young (Normal) (G1 Evacuation Pause)
[40.829s][info][gc,task        ] GC(153) Using 15 workers of 33 for evacuation
[40.831s][info][gc,phases      ] GC(153)   Pre Evacuate Collection Set: 0.2ms
[40.831s][info][gc,phases      ] GC(153)   Merge Heap Roots: 0.1ms
[40.831s][info][gc,phases      ] GC(153)   Evacuate Collection Set: 0.5ms
[40.831s][info][gc,phases      ] GC(153)   Post Evacuate Collection Set: 0.7ms
[40.831s][info][gc,phases      ] GC(153)   Other: 0.2ms
[40.831s][info][gc,heap        ] GC(153) Eden regions: 196->0(195)
[40.831s][info][gc,heap        ] GC(153) Survivor regions: 0->1(25)
[40.831s][info][gc,heap        ] GC(153) Old regions: 91->91
[40.831s][info][gc,heap        ] GC(153) Archive regions: 0->0
[40.831s][info][gc,heap        ] GC(153) Humongous regions: 13->7
[40.831s][info][gc,metaspace   ] GC(153) Metaspace: 60674K(61632K)->60674K(61632K) NonClass: 53110K(53632K)->53110K(53632K) Class: 7564K(8000K)->7564K(8000K)
[40.831s][info][gc             ] GC(153) Pause Young (Normal) (G1 Evacuation Pause) 581M->177M(654M) 2.252ms
[40.831s][info][gc,cpu         ] GC(153) User=0.00s Sys=0.00s Real=0.00s
[40.967s][info][gc,start       ] GC(154) Pause Young (Normal) (G1 Evacuation Pause)
[40.967s][info][gc,task        ] GC(154) Using 15 workers of 33 for evacuation
[40.968s][info][gc,phases      ] GC(154)   Pre Evacuate Collection Set: 0.2ms
[40.968s][info][gc,phases      ] GC(154)   Merge Heap Roots: 0.1ms
[40.969s][info][gc,phases      ] GC(154)   Evacuate Collection Set: 0.4ms
[40.969s][info][gc,phases      ] GC(154)   Post Evacuate Collection Set: 0.7ms
[40.969s][info][gc,phases      ] GC(154)   Other: 0.2ms
[40.969s][info][gc,heap        ] GC(154) Eden regions: 195->0(195)
[40.969s][info][gc,heap        ] GC(154) Survivor regions: 1->1(25)
[40.969s][info][gc,heap        ] GC(154) Old regions: 91->91
[40.969s][info][gc,heap        ] GC(154) Archive regions: 0->0
[40.969s][info][gc,heap        ] GC(154) Humongous regions: 7->7
[40.969s][info][gc,metaspace   ] GC(154) Metaspace: 60674K(61632K)->60674K(61632K) NonClass: 53110K(53632K)->53110K(53632K) Class: 7564K(8000K)->7564K(8000K)
[40.969s][info][gc             ] GC(154) Pause Young (Normal) (G1 Evacuation Pause) 567M->177M(654M) 2.050ms
[40.969s][info][gc,cpu         ] GC(154) User=0.00s Sys=0.00s Real=0.00s
[41.098s][info][gc,start       ] GC(155) Pause Young (Normal) (G1 Evacuation Pause)
[41.098s][info][gc,task        ] GC(155) Using 15 workers of 33 for evacuation
[41.103s][info][gc,phases      ] GC(155)   Pre Evacuate Collection Set: 0.2ms
[41.103s][info][gc,phases      ] GC(155)   Merge Heap Roots: 0.1ms
[41.103s][info][gc,phases      ] GC(155)   Evacuate Collection Set: 0.4ms
[41.103s][info][gc,phases      ] GC(155)   Post Evacuate Collection Set: 4.5ms
[41.103s][info][gc,phases      ] GC(155)   Other: 0.1ms
[41.103s][info][gc,heap        ] GC(155) Eden regions: 195->0(340)
[41.103s][info][gc,heap        ] GC(155) Survivor regions: 1->1(25)
[41.103s][info][gc,heap        ] GC(155) Old regions: 91->91
[41.103s][info][gc,heap        ] GC(155) Archive regions: 0->0
[41.103s][info][gc,heap        ] GC(155) Humongous regions: 7->7
[41.104s][info][gc,metaspace   ] GC(155) Metaspace: 60674K(61632K)->60674K(61632K) NonClass: 53110K(53632K)->53110K(53632K) Class: 7564K(8000K)->7564K(8000K)
[41.104s][info][gc             ] GC(155) Pause Young (Normal) (G1 Evacuation Pause) 567M->177M(1138M) 5.776ms
[41.104s][info][gc,cpu         ] GC(155) User=0.00s Sys=0.00s Real=0.00s
[41.432s][info][gc,start       ] GC(156) Pause Young (Normal) (G1 Evacuation Pause)
[41.432s][info][gc,task        ] GC(156) Using 27 workers of 33 for evacuation
[41.434s][info][gc,phases      ] GC(156)   Pre Evacuate Collection Set: 0.2ms
[41.434s][info][gc,phases      ] GC(156)   Merge Heap Roots: 0.2ms
[41.434s][info][gc,phases      ] GC(156)   Evacuate Collection Set: 0.6ms
[41.434s][info][gc,phases      ] GC(156)   Post Evacuate Collection Set: 0.8ms
[41.434s][info][gc,phases      ] GC(156)   Other: 0.2ms
[41.434s][info][gc,heap        ] GC(156) Eden regions: 340->0(340)
[41.434s][info][gc,heap        ] GC(156) Survivor regions: 1->1(43)
[41.434s][info][gc,heap        ] GC(156) Old regions: 91->91
[41.434s][info][gc,heap        ] GC(156) Archive regions: 0->0
[41.434s][info][gc,heap        ] GC(156) Humongous regions: 7->7
[41.434s][info][gc,metaspace   ] GC(156) Metaspace: 60674K(61632K)->60674K(61632K) NonClass: 53110K(53632K)->53110K(53632K) Class: 7564K(8000K)->7564K(8000K)
[41.435s][info][gc             ] GC(156) Pause Young (Normal) (G1 Evacuation Pause) 857M->177M(1138M) 2.570ms
[41.435s][info][gc,cpu         ] GC(156) User=0.00s Sys=0.00s Real=0.00s
[41.515s][info][gc,start       ] GC(157) Pause Full (System.gc())
[41.515s][info][gc,task        ] GC(157) Using 27 workers of 33 for full compaction
[41.516s][info][gc,phases,start] GC(157) Phase 1: Mark live objects
[41.551s][info][gc,phases      ] GC(157) Phase 1: Mark live objects 35.668ms
[41.552s][info][gc,phases,start] GC(157) Phase 2: Prepare compaction
[41.557s][info][gc,phases      ] GC(157) Phase 2: Prepare compaction 5.764ms
[41.557s][info][gc,phases,start] GC(157) Phase 3: Adjust pointers
[41.567s][info][gc,phases      ] GC(157) Phase 3: Adjust pointers 9.409ms
[41.567s][info][gc,phases,start] GC(157) Phase 4: Compact heap
[41.567s][info][gc,phases      ] GC(157) Phase 4: Compact heap 0.656ms
[41.578s][info][gc,heap        ] GC(157) Eden regions: 39->0(200)
[41.578s][info][gc,heap        ] GC(157) Survivor regions: 1->0(43)
[41.578s][info][gc,heap        ] GC(157) Old regions: 91->93
[41.578s][info][gc,heap        ] GC(157) Archive regions: 0->0
[41.578s][info][gc,heap        ] GC(157) Humongous regions: 10->7
[41.578s][info][gc,metaspace   ] GC(157) Metaspace: 60703K(61632K)->60703K(61632K) NonClass: 53139K(53632K)->53139K(53632K) Class: 7564K(8000K)->7564K(8000K)
[41.578s][info][gc             ] GC(157) Pause Full (System.gc()) 259M->177M(668M) 63.243ms
[41.578s][info][gc,cpu         ] GC(157) User=1.28s Sys=0.00s Real=0.06s
[41.788s][info][gc,start       ] GC(158) Pause Young (Normal) (G1 Evacuation Pause)
[41.788s][info][gc,task        ] GC(158) Using 21 workers of 33 for evacuation
[41.790s][info][gc,phases      ] GC(158)   Pre Evacuate Collection Set: 0.3ms
[41.790s][info][gc,phases      ] GC(158)   Merge Heap Roots: 0.1ms
[41.790s][info][gc,phases      ] GC(158)   Evacuate Collection Set: 0.4ms
[41.790s][info][gc,phases      ] GC(158)   Post Evacuate Collection Set: 0.7ms
[41.790s][info][gc,phases      ] GC(158)   Other: 0.2ms
[41.790s][info][gc,heap        ] GC(158) Eden regions: 200->0(199)
[41.790s][info][gc,heap        ] GC(158) Survivor regions: 0->1(25)
[41.790s][info][gc,heap        ] GC(158) Old regions: 93->93
[41.790s][info][gc,heap        ] GC(158) Archive regions: 0->0
[41.790s][info][gc,heap        ] GC(158) Humongous regions: 13->7
[41.790s][info][gc,metaspace   ] GC(158) Metaspace: 60755K(61696K)->60755K(61696K) NonClass: 53191K(53696K)->53191K(53696K) Class: 7564K(8000K)->7564K(8000K)
[41.790s][info][gc             ] GC(158) Pause Young (Normal) (G1 Evacuation Pause) 589M->177M(668M) 2.263ms
[41.790s][info][gc,cpu         ] GC(158) User=0.00s Sys=0.00s Real=0.00s
[41.930s][info][gc,start       ] GC(159) Pause Young (Normal) (G1 Evacuation Pause)
[41.930s][info][gc,task        ] GC(159) Using 18 workers of 33 for evacuation
[41.931s][info][gc,phases      ] GC(159)   Pre Evacuate Collection Set: 0.2ms
[41.931s][info][gc,phases      ] GC(159)   Merge Heap Roots: 0.1ms
[41.931s][info][gc,phases      ] GC(159)   Evacuate Collection Set: 0.4ms
[41.931s][info][gc,phases      ] GC(159)   Post Evacuate Collection Set: 0.7ms
[41.931s][info][gc,phases      ] GC(159)   Other: 0.2ms
[41.932s][info][gc,heap        ] GC(159) Eden regions: 199->0(199)
[41.932s][info][gc,heap        ] GC(159) Survivor regions: 1->1(25)
[41.932s][info][gc,heap        ] GC(159) Old regions: 93->93
[41.932s][info][gc,heap        ] GC(159) Archive regions: 0->0
[41.932s][info][gc,heap        ] GC(159) Humongous regions: 7->7
[41.932s][info][gc,metaspace   ] GC(159) Metaspace: 60755K(61696K)->60755K(61696K) NonClass: 53191K(53696K)->53191K(53696K) Class: 7564K(8000K)->7564K(8000K)
[41.932s][info][gc             ] GC(159) Pause Young (Normal) (G1 Evacuation Pause) 575M->177M(668M) 2.178ms
[41.932s][info][gc,cpu         ] GC(159) User=0.00s Sys=0.00s Real=0.00s
[42.064s][info][gc,start       ] GC(160) Pause Young (Normal) (G1 Evacuation Pause)
[42.064s][info][gc,task        ] GC(160) Using 17 workers of 33 for evacuation
[42.065s][info][gc,phases      ] GC(160)   Pre Evacuate Collection Set: 0.2ms
[42.065s][info][gc,phases      ] GC(160)   Merge Heap Roots: 0.1ms
[42.065s][info][gc,phases      ] GC(160)   Evacuate Collection Set: 0.4ms
[42.066s][info][gc,phases      ] GC(160)   Post Evacuate Collection Set: 0.7ms
[42.066s][info][gc,phases      ] GC(160)   Other: 0.2ms
[42.066s][info][gc,heap        ] GC(160) Eden regions: 199->0(199)
[42.066s][info][gc,heap        ] GC(160) Survivor regions: 1->1(25)
[42.066s][info][gc,heap        ] GC(160) Old regions: 93->93
[42.066s][info][gc,heap        ] GC(160) Archive regions: 0->0
[42.066s][info][gc,heap        ] GC(160) Humongous regions: 7->7
[42.066s][info][gc,metaspace   ] GC(160) Metaspace: 60755K(61696K)->60755K(61696K) NonClass: 53191K(53696K)->53191K(53696K) Class: 7564K(8000K)->7564K(8000K)
[42.066s][info][gc             ] GC(160) Pause Young (Normal) (G1 Evacuation Pause) 575M->177M(668M) 1.951ms
[42.066s][info][gc,cpu         ] GC(160) User=0.00s Sys=0.00s Real=0.00s
[42.201s][info][gc,start       ] GC(161) Pause Young (Normal) (G1 Evacuation Pause)
[42.201s][info][gc,task        ] GC(161) Using 16 workers of 33 for evacuation
[42.202s][info][gc,phases      ] GC(161)   Pre Evacuate Collection Set: 0.2ms
[42.202s][info][gc,phases      ] GC(161)   Merge Heap Roots: 0.1ms
[42.202s][info][gc,phases      ] GC(161)   Evacuate Collection Set: 0.4ms
[42.202s][info][gc,phases      ] GC(161)   Post Evacuate Collection Set: 0.7ms
[42.202s][info][gc,phases      ] GC(161)   Other: 0.2ms
[42.202s][info][gc,heap        ] GC(161) Eden regions: 199->0(199)
[42.202s][info][gc,heap        ] GC(161) Survivor regions: 1->1(25)
[42.202s][info][gc,heap        ] GC(161) Old regions: 93->93
[42.202s][info][gc,heap        ] GC(161) Archive regions: 0->0
[42.203s][info][gc,heap        ] GC(161) Humongous regions: 7->7
[42.203s][info][gc,metaspace   ] GC(161) Metaspace: 60755K(61696K)->60755K(61696K) NonClass: 53191K(53696K)->53191K(53696K) Class: 7564K(8000K)->7564K(8000K)
[42.203s][info][gc             ] GC(161) Pause Young (Normal) (G1 Evacuation Pause) 575M->177M(668M) 2.003ms
[42.203s][info][gc,cpu         ] GC(161) User=0.00s Sys=0.00s Real=0.00s
[42.361s][info][gc,start       ] GC(162) Pause Full (System.gc())
[42.362s][info][gc,task        ] GC(162) Using 16 workers of 33 for full compaction
[42.362s][info][gc,phases,start] GC(162) Phase 1: Mark live objects
[42.397s][info][gc,phases      ] GC(162) Phase 1: Mark live objects 35.014ms
[42.397s][info][gc,phases,start] GC(162) Phase 2: Prepare compaction
[42.402s][info][gc,phases      ] GC(162) Phase 2: Prepare compaction 5.041ms
[42.402s][info][gc,phases,start] GC(162) Phase 3: Adjust pointers
[42.411s][info][gc,phases      ] GC(162) Phase 3: Adjust pointers 8.726ms
[42.411s][info][gc,phases,start] GC(162) Phase 4: Compact heap
[42.412s][info][gc,phases      ] GC(162) Phase 4: Compact heap 0.723ms
[42.419s][info][gc,heap        ] GC(162) Eden regions: 169->0(198)
[42.419s][info][gc,heap        ] GC(162) Survivor regions: 1->0(25)
[42.419s][info][gc,heap        ] GC(162) Old regions: 93->92
[42.419s][info][gc,heap        ] GC(162) Archive regions: 0->0
[42.419s][info][gc,heap        ] GC(162) Humongous regions: 10->7
[42.419s][info][gc,metaspace   ] GC(162) Metaspace: 60761K(61696K)->60761K(61696K) NonClass: 53196K(53696K)->53196K(53696K) Class: 7564K(8000K)->7564K(8000K)
[42.419s][info][gc             ] GC(162) Pause Full (System.gc()) 519M->177M(660M) 57.884ms
[42.419s][info][gc,cpu         ] GC(162) User=0.77s Sys=0.00s Real=0.06s
[42.613s][info][gc,start       ] GC(163) Pause Young (Normal) (G1 Evacuation Pause)
[42.613s][info][gc,task        ] GC(163) Using 15 workers of 33 for evacuation
[42.614s][info][gc,phases      ] GC(163)   Pre Evacuate Collection Set: 0.2ms
[42.614s][info][gc,phases      ] GC(163)   Merge Heap Roots: 0.1ms
[42.614s][info][gc,phases      ] GC(163)   Evacuate Collection Set: 0.5ms
[42.614s][info][gc,phases      ] GC(163)   Post Evacuate Collection Set: 0.7ms
[42.615s][info][gc,phases      ] GC(163)   Other: 0.2ms
[42.615s][info][gc,heap        ] GC(163) Eden regions: 198->0(197)
[42.615s][info][gc,heap        ] GC(163) Survivor regions: 0->1(25)
[42.615s][info][gc,heap        ] GC(163) Old regions: 92->92
[42.615s][info][gc,heap        ] GC(163) Archive regions: 0->0
[42.615s][info][gc,heap        ] GC(163) Humongous regions: 13->7
[42.615s][info][gc,metaspace   ] GC(163) Metaspace: 60777K(61696K)->60777K(61696K) NonClass: 53213K(53696K)->53213K(53696K) Class: 7564K(8000K)->7564K(8000K)
[42.615s][info][gc             ] GC(163) Pause Young (Normal) (G1 Evacuation Pause) 585M->177M(660M) 2.244ms
[42.615s][info][gc,cpu         ] GC(163) User=0.00s Sys=0.00s Real=0.00s
[42.746s][info][gc,start       ] GC(164) Pause Young (Normal) (G1 Evacuation Pause)
[42.746s][info][gc,task        ] GC(164) Using 15 workers of 33 for evacuation
[42.748s][info][gc,phases      ] GC(164)   Pre Evacuate Collection Set: 0.2ms
[42.748s][info][gc,phases      ] GC(164)   Merge Heap Roots: 0.1ms
[42.748s][info][gc,phases      ] GC(164)   Evacuate Collection Set: 0.5ms
[42.748s][info][gc,phases      ] GC(164)   Post Evacuate Collection Set: 0.7ms
[42.748s][info][gc,phases      ] GC(164)   Other: 0.2ms
[42.748s][info][gc,heap        ] GC(164) Eden regions: 197->0(197)
[42.748s][info][gc,heap        ] GC(164) Survivor regions: 1->1(25)
[42.748s][info][gc,heap        ] GC(164) Old regions: 92->92
[42.748s][info][gc,heap        ] GC(164) Archive regions: 0->0
[42.748s][info][gc,heap        ] GC(164) Humongous regions: 7->7
[42.748s][info][gc,metaspace   ] GC(164) Metaspace: 60778K(61696K)->60778K(61696K) NonClass: 53214K(53696K)->53214K(53696K) Class: 7564K(8000K)->7564K(8000K)
[42.748s][info][gc             ] GC(164) Pause Young (Normal) (G1 Evacuation Pause) 571M->177M(660M) 2.134ms
[42.748s][info][gc,cpu         ] GC(164) User=0.00s Sys=0.00s Real=0.00s
[42.877s][info][gc,start       ] GC(165) Pause Young (Normal) (G1 Evacuation Pause)
[42.877s][info][gc,task        ] GC(165) Using 15 workers of 33 for evacuation
[42.879s][info][gc,phases      ] GC(165)   Pre Evacuate Collection Set: 0.2ms
[42.879s][info][gc,phases      ] GC(165)   Merge Heap Roots: 0.1ms
[42.879s][info][gc,phases      ] GC(165)   Evacuate Collection Set: 0.5ms
[42.879s][info][gc,phases      ] GC(165)   Post Evacuate Collection Set: 0.6ms
[42.879s][info][gc,phases      ] GC(165)   Other: 0.1ms
[42.879s][info][gc,heap        ] GC(165) Eden regions: 197->0(197)
[42.879s][info][gc,heap        ] GC(165) Survivor regions: 1->1(25)
[42.879s][info][gc,heap        ] GC(165) Old regions: 92->92
[42.879s][info][gc,heap        ] GC(165) Archive regions: 0->0
[42.879s][info][gc,heap        ] GC(165) Humongous regions: 7->7
[42.879s][info][gc,metaspace   ] GC(165) Metaspace: 60778K(61696K)->60778K(61696K) NonClass: 53214K(53696K)->53214K(53696K) Class: 7564K(8000K)->7564K(8000K)
[42.879s][info][gc             ] GC(165) Pause Young (Normal) (G1 Evacuation Pause) 571M->177M(660M) 2.006ms
[42.879s][info][gc,cpu         ] GC(165) User=0.00s Sys=0.00s Real=0.00s
[43.014s][info][gc,start       ] GC(166) Pause Young (Normal) (G1 Evacuation Pause)
[43.014s][info][gc,task        ] GC(166) Using 15 workers of 33 for evacuation
[43.016s][info][gc,phases      ] GC(166)   Pre Evacuate Collection Set: 0.2ms
[43.016s][info][gc,phases      ] GC(166)   Merge Heap Roots: 0.1ms
[43.016s][info][gc,phases      ] GC(166)   Evacuate Collection Set: 0.4ms
[43.016s][info][gc,phases      ] GC(166)   Post Evacuate Collection Set: 0.7ms
[43.016s][info][gc,phases      ] GC(166)   Other: 0.1ms
[43.016s][info][gc,heap        ] GC(166) Eden regions: 197->0(197)
[43.016s][info][gc,heap        ] GC(166) Survivor regions: 1->1(25)
[43.016s][info][gc,heap        ] GC(166) Old regions: 92->92
[43.016s][info][gc,heap        ] GC(166) Archive regions: 0->0
[43.016s][info][gc,heap        ] GC(166) Humongous regions: 7->7
[43.016s][info][gc,metaspace   ] GC(166) Metaspace: 60778K(61696K)->60778K(61696K) NonClass: 53214K(53696K)->53214K(53696K) Class: 7564K(8000K)->7564K(8000K)
[43.016s][info][gc             ] GC(166) Pause Young (Normal) (G1 Evacuation Pause) 571M->177M(660M) 1.976ms
[43.016s][info][gc,cpu         ] GC(166) User=0.00s Sys=0.00s Real=0.00s
[43.167s][info][gc,start       ] GC(167) Pause Full (System.gc())
[43.167s][info][gc,task        ] GC(167) Using 15 workers of 33 for full compaction
[43.168s][info][gc,phases,start] GC(167) Phase 1: Mark live objects
[43.206s][info][gc,phases      ] GC(167) Phase 1: Mark live objects 38.027ms
[43.206s][info][gc,phases,start] GC(167) Phase 2: Prepare compaction
[43.211s][info][gc,phases      ] GC(167) Phase 2: Prepare compaction 5.173ms
[43.211s][info][gc,phases,start] GC(167) Phase 3: Adjust pointers
[43.219s][info][gc,phases      ] GC(167) Phase 3: Adjust pointers 7.619ms
[43.219s][info][gc,phases,start] GC(167) Phase 4: Compact heap
[43.220s][info][gc,phases      ] GC(167) Phase 4: Compact heap 0.740ms
[43.228s][info][gc,heap        ] GC(167) Eden regions: 175->0(196)
[43.228s][info][gc,heap        ] GC(167) Survivor regions: 1->0(25)
[43.228s][info][gc,heap        ] GC(167) Old regions: 92->91
[43.228s][info][gc,heap        ] GC(167) Archive regions: 0->0
[43.228s][info][gc,heap        ] GC(167) Humongous regions: 10->7
[43.228s][info][gc,metaspace   ] GC(167) Metaspace: 60789K(61696K)->60789K(61696K) NonClass: 53225K(53696K)->53225K(53696K) Class: 7564K(8000K)->7564K(8000K)
[43.228s][info][gc             ] GC(167) Pause Full (System.gc()) 532M->177M(654M) 60.591ms
[43.228s][info][gc,cpu         ] GC(167) User=0.75s Sys=0.02s Real=0.06s
[43.411s][info][gc,start       ] GC(168) Pause Young (Normal) (G1 Evacuation Pause)
[43.411s][info][gc,task        ] GC(168) Using 15 workers of 33 for evacuation
[43.413s][info][gc,phases      ] GC(168)   Pre Evacuate Collection Set: 0.2ms
[43.413s][info][gc,phases      ] GC(168)   Merge Heap Roots: 0.1ms
[43.413s][info][gc,phases      ] GC(168)   Evacuate Collection Set: 0.5ms
[43.413s][info][gc,phases      ] GC(168)   Post Evacuate Collection Set: 0.7ms
[43.413s][info][gc,phases      ] GC(168)   Other: 0.2ms
[43.413s][info][gc,heap        ] GC(168) Eden regions: 196->0(195)
[43.413s][info][gc,heap        ] GC(168) Survivor regions: 0->1(25)
[43.413s][info][gc,heap        ] GC(168) Old regions: 91->91
[43.413s][info][gc,heap        ] GC(168) Archive regions: 0->0
[43.413s][info][gc,heap        ] GC(168) Humongous regions: 13->7
[43.413s][info][gc,metaspace   ] GC(168) Metaspace: 60847K(61760K)->60847K(61760K) NonClass: 53280K(53760K)->53280K(53760K) Class: 7566K(8000K)->7566K(8000K)
[43.413s][info][gc             ] GC(168) Pause Young (Normal) (G1 Evacuation Pause) 581M->177M(654M) 2.184ms
[43.413s][info][gc,cpu         ] GC(168) User=0.00s Sys=0.00s Real=0.00s
[43.565s][info][gc,start       ] GC(169) Pause Young (Normal) (G1 Evacuation Pause)
[43.565s][info][gc,task        ] GC(169) Using 15 workers of 33 for evacuation
[43.567s][info][gc,phases      ] GC(169)   Pre Evacuate Collection Set: 0.2ms
[43.567s][info][gc,phases      ] GC(169)   Merge Heap Roots: 0.1ms
[43.567s][info][gc,phases      ] GC(169)   Evacuate Collection Set: 0.4ms
[43.567s][info][gc,phases      ] GC(169)   Post Evacuate Collection Set: 0.6ms
[43.567s][info][gc,phases      ] GC(169)   Other: 0.2ms
[43.567s][info][gc,heap        ] GC(169) Eden regions: 195->0(195)
[43.567s][info][gc,heap        ] GC(169) Survivor regions: 1->1(25)
[43.567s][info][gc,heap        ] GC(169) Old regions: 91->91
[43.567s][info][gc,heap        ] GC(169) Archive regions: 0->0
[43.567s][info][gc,heap        ] GC(169) Humongous regions: 7->7
[43.567s][info][gc,metaspace   ] GC(169) Metaspace: 60847K(61760K)->60847K(61760K) NonClass: 53280K(53760K)->53280K(53760K) Class: 7566K(8000K)->7566K(8000K)
[43.567s][info][gc             ] GC(169) Pause Young (Normal) (G1 Evacuation Pause) 567M->177M(654M) 2.008ms
[43.567s][info][gc,cpu         ] GC(169) User=0.00s Sys=0.00s Real=0.00s
[43.712s][info][gc,start       ] GC(170) Pause Young (Normal) (G1 Evacuation Pause)
[43.712s][info][gc,task        ] GC(170) Using 15 workers of 33 for evacuation
[43.717s][info][gc,phases      ] GC(170)   Pre Evacuate Collection Set: 0.2ms
[43.717s][info][gc,phases      ] GC(170)   Merge Heap Roots: 0.1ms
[43.718s][info][gc,phases      ] GC(170)   Evacuate Collection Set: 0.4ms
[43.718s][info][gc,phases      ] GC(170)   Post Evacuate Collection Set: 4.2ms
[43.718s][info][gc,phases      ] GC(170)   Other: 0.2ms
[43.718s][info][gc,heap        ] GC(170) Eden regions: 195->0(330)
[43.718s][info][gc,heap        ] GC(170) Survivor regions: 1->1(25)
[43.718s][info][gc,heap        ] GC(170) Old regions: 91->91
[43.718s][info][gc,heap        ] GC(170) Archive regions: 0->0
[43.718s][info][gc,heap        ] GC(170) Humongous regions: 7->7
[43.718s][info][gc,metaspace   ] GC(170) Metaspace: 60847K(61760K)->60847K(61760K) NonClass: 53280K(53760K)->53280K(53760K) Class: 7566K(8000K)->7566K(8000K)
[43.718s][info][gc             ] GC(170) Pause Young (Normal) (G1 Evacuation Pause) 567M->177M(1104M) 5.508ms
[43.718s][info][gc,cpu         ] GC(170) User=0.00s Sys=0.00s Real=0.00s
[44.048s][info][gc,start       ] GC(171) Pause Young (Normal) (G1 Evacuation Pause)
[44.048s][info][gc,task        ] GC(171) Using 26 workers of 33 for evacuation
[44.050s][info][gc,phases      ] GC(171)   Pre Evacuate Collection Set: 0.2ms
[44.050s][info][gc,phases      ] GC(171)   Merge Heap Roots: 0.2ms
[44.050s][info][gc,phases      ] GC(171)   Evacuate Collection Set: 0.6ms
[44.050s][info][gc,phases      ] GC(171)   Post Evacuate Collection Set: 0.9ms
[44.050s][info][gc,phases      ] GC(171)   Other: 0.2ms
[44.050s][info][gc,heap        ] GC(171) Eden regions: 330->0(330)
[44.050s][info][gc,heap        ] GC(171) Survivor regions: 1->1(42)
[44.050s][info][gc,heap        ] GC(171) Old regions: 91->91
[44.050s][info][gc,heap        ] GC(171) Archive regions: 0->0
[44.050s][info][gc,heap        ] GC(171) Humongous regions: 7->7
[44.050s][info][gc,metaspace   ] GC(171) Metaspace: 60852K(61760K)->60852K(61760K) NonClass: 53286K(53760K)->53286K(53760K) Class: 7566K(8000K)->7566K(8000K)
[44.050s][info][gc             ] GC(171) Pause Young (Normal) (G1 Evacuation Pause) 837M->177M(1104M) 2.580ms
[44.050s][info][gc,cpu         ] GC(171) User=0.00s Sys=0.00s Real=0.00s
[44.156s][info][gc,start       ] GC(172) Pause Full (System.gc())
[44.156s][info][gc,task        ] GC(172) Using 26 workers of 33 for full compaction
[44.157s][info][gc,phases,start] GC(172) Phase 1: Mark live objects
[44.191s][info][gc,phases      ] GC(172) Phase 1: Mark live objects 34.008ms
[44.191s][info][gc,phases,start] GC(172) Phase 2: Prepare compaction
[44.197s][info][gc,phases      ] GC(172) Phase 2: Prepare compaction 5.845ms
[44.197s][info][gc,phases,start] GC(172) Phase 3: Adjust pointers
[44.207s][info][gc,phases      ] GC(172) Phase 3: Adjust pointers 9.322ms
[44.207s][info][gc,phases,start] GC(172) Phase 4: Compact heap
[44.207s][info][gc,phases      ] GC(172) Phase 4: Compact heap 0.719ms
[44.217s][info][gc,heap        ] GC(172) Eden regions: 49->0(198)
[44.217s][info][gc,heap        ] GC(172) Survivor regions: 1->0(42)
[44.217s][info][gc,heap        ] GC(172) Old regions: 91->92
[44.217s][info][gc,heap        ] GC(172) Archive regions: 0->0
[44.217s][info][gc,heap        ] GC(172) Humongous regions: 10->7
[44.217s][info][gc,metaspace   ] GC(172) Metaspace: 60910K(61824K)->60910K(61824K) NonClass: 53341K(53824K)->53341K(53824K) Class: 7568K(8000K)->7568K(8000K)
[44.217s][info][gc             ] GC(172) Pause Full (System.gc()) 281M->177M(660M) 60.792ms
[44.217s][info][gc,cpu         ] GC(172) User=1.22s Sys=0.02s Real=0.06s
[44.416s][info][gc,start       ] GC(173) Pause Young (Normal) (G1 Evacuation Pause)
[44.416s][info][gc,task        ] GC(173) Using 20 workers of 33 for evacuation
[44.418s][info][gc,phases      ] GC(173)   Pre Evacuate Collection Set: 0.2ms
[44.418s][info][gc,phases      ] GC(173)   Merge Heap Roots: 0.1ms
[44.418s][info][gc,phases      ] GC(173)   Evacuate Collection Set: 0.4ms
[44.418s][info][gc,phases      ] GC(173)   Post Evacuate Collection Set: 0.6ms
[44.418s][info][gc,phases      ] GC(173)   Other: 0.1ms
[44.418s][info][gc,heap        ] GC(173) Eden regions: 198->0(197)
[44.418s][info][gc,heap        ] GC(173) Survivor regions: 0->1(25)
[44.418s][info][gc,heap        ] GC(173) Old regions: 92->92
[44.418s][info][gc,heap        ] GC(173) Archive regions: 0->0
[44.418s][info][gc,heap        ] GC(173) Humongous regions: 13->7
[44.418s][info][gc,metaspace   ] GC(173) Metaspace: 60931K(61824K)->60931K(61824K) NonClass: 53361K(53824K)->53361K(53824K) Class: 7569K(8000K)->7569K(8000K)
[44.418s][info][gc             ] GC(173) Pause Young (Normal) (G1 Evacuation Pause) 585M->177M(660M) 1.702ms
[44.418s][info][gc,cpu         ] GC(173) User=0.00s Sys=0.00s Real=0.00s
[44.557s][info][gc,start       ] GC(174) Pause Young (Normal) (G1 Evacuation Pause)
[44.557s][info][gc,task        ] GC(174) Using 17 workers of 33 for evacuation
[44.559s][info][gc,phases      ] GC(174)   Pre Evacuate Collection Set: 0.2ms
[44.559s][info][gc,phases      ] GC(174)   Merge Heap Roots: 0.1ms
[44.559s][info][gc,phases      ] GC(174)   Evacuate Collection Set: 0.5ms
[44.559s][info][gc,phases      ] GC(174)   Post Evacuate Collection Set: 0.7ms
[44.559s][info][gc,phases      ] GC(174)   Other: 0.2ms
[44.559s][info][gc,heap        ] GC(174) Eden regions: 197->0(197)
[44.559s][info][gc,heap        ] GC(174) Survivor regions: 1->1(25)
[44.559s][info][gc,heap        ] GC(174) Old regions: 92->92
[44.559s][info][gc,heap        ] GC(174) Archive regions: 0->0
[44.559s][info][gc,heap        ] GC(174) Humongous regions: 7->7
[44.559s][info][gc,metaspace   ] GC(174) Metaspace: 60931K(61824K)->60931K(61824K) NonClass: 53361K(53824K)->53361K(53824K) Class: 7569K(8000K)->7569K(8000K)
[44.559s][info][gc             ] GC(174) Pause Young (Normal) (G1 Evacuation Pause) 571M->177M(660M) 2.112ms
[44.559s][info][gc,cpu         ] GC(174) User=0.00s Sys=0.00s Real=0.00s
[44.696s][info][gc,start       ] GC(175) Pause Young (Normal) (G1 Evacuation Pause)
[44.696s][info][gc,task        ] GC(175) Using 16 workers of 33 for evacuation
[44.698s][info][gc,phases      ] GC(175)   Pre Evacuate Collection Set: 0.2ms
[44.698s][info][gc,phases      ] GC(175)   Merge Heap Roots: 0.1ms
[44.698s][info][gc,phases      ] GC(175)   Evacuate Collection Set: 0.4ms
[44.698s][info][gc,phases      ] GC(175)   Post Evacuate Collection Set: 0.6ms
[44.698s][info][gc,phases      ] GC(175)   Other: 0.1ms
[44.698s][info][gc,heap        ] GC(175) Eden regions: 197->0(197)
[44.698s][info][gc,heap        ] GC(175) Survivor regions: 1->1(25)
[44.698s][info][gc,heap        ] GC(175) Old regions: 92->92
[44.698s][info][gc,heap        ] GC(175) Archive regions: 0->0
[44.698s][info][gc,heap        ] GC(175) Humongous regions: 7->7
[44.698s][info][gc,metaspace   ] GC(175) Metaspace: 60931K(61824K)->60931K(61824K) NonClass: 53361K(53824K)->53361K(53824K) Class: 7569K(8000K)->7569K(8000K)
[44.698s][info][gc             ] GC(175) Pause Young (Normal) (G1 Evacuation Pause) 571M->177M(660M) 1.939ms
[44.698s][info][gc,cpu         ] GC(175) User=0.00s Sys=0.00s Real=0.00s
[44.833s][info][gc,start       ] GC(176) Pause Young (Normal) (G1 Evacuation Pause)
[44.834s][info][gc,task        ] GC(176) Using 15 workers of 33 for evacuation
[44.835s][info][gc,phases      ] GC(176)   Pre Evacuate Collection Set: 0.2ms
[44.835s][info][gc,phases      ] GC(176)   Merge Heap Roots: 0.1ms
[44.835s][info][gc,phases      ] GC(176)   Evacuate Collection Set: 0.4ms
[44.835s][info][gc,phases      ] GC(176)   Post Evacuate Collection Set: 0.7ms
[44.835s][info][gc,phases      ] GC(176)   Other: 0.1ms
[44.835s][info][gc,heap        ] GC(176) Eden regions: 197->0(197)
[44.835s][info][gc,heap        ] GC(176) Survivor regions: 1->1(25)
[44.835s][info][gc,heap        ] GC(176) Old regions: 92->92
[44.835s][info][gc,heap        ] GC(176) Archive regions: 0->0
[44.835s][info][gc,heap        ] GC(176) Humongous regions: 7->7
[44.835s][info][gc,metaspace   ] GC(176) Metaspace: 60931K(61824K)->60931K(61824K) NonClass: 53361K(53824K)->53361K(53824K) Class: 7569K(8000K)->7569K(8000K)
[44.835s][info][gc             ] GC(176) Pause Young (Normal) (G1 Evacuation Pause) 571M->177M(660M) 1.930ms
[44.835s][info][gc,cpu         ] GC(176) User=0.00s Sys=0.00s Real=0.00s
[44.979s][info][gc,start       ] GC(177) Pause Full (System.gc())
[44.979s][info][gc,task        ] GC(177) Using 15 workers of 33 for full compaction
[44.980s][info][gc,phases,start] GC(177) Phase 1: Mark live objects
[45.020s][info][gc,phases      ] GC(177) Phase 1: Mark live objects 40.450ms
[45.020s][info][gc,phases,start] GC(177) Phase 2: Prepare compaction
[45.025s][info][gc,phases      ] GC(177) Phase 2: Prepare compaction 5.145ms
[45.026s][info][gc,phases,start] GC(177) Phase 3: Adjust pointers
[45.035s][info][gc,phases      ] GC(177) Phase 3: Adjust pointers 9.405ms
[45.035s][info][gc,phases,start] GC(177) Phase 4: Compact heap
[45.036s][info][gc,phases      ] GC(177) Phase 4: Compact heap 0.703ms
[45.042s][info][gc,heap        ] GC(177) Eden regions: 176->0(196)
[45.042s][info][gc,heap        ] GC(177) Survivor regions: 1->0(25)
[45.042s][info][gc,heap        ] GC(177) Old regions: 92->91
[45.042s][info][gc,heap        ] GC(177) Archive regions: 0->0
[45.042s][info][gc,heap        ] GC(177) Humongous regions: 10->7
[45.042s][info][gc,metaspace   ] GC(177) Metaspace: 60940K(61824K)->60940K(61824K) NonClass: 53370K(53824K)->53370K(53824K) Class: 7569K(8000K)->7569K(8000K)
[45.042s][info][gc             ] GC(177) Pause Full (System.gc()) 533M->177M(654M) 63.522ms
[45.043s][info][gc,cpu         ] GC(177) User=0.91s Sys=0.03s Real=0.06s
[45.230s][info][gc,start       ] GC(178) Pause Young (Normal) (G1 Evacuation Pause)
[45.230s][info][gc,task        ] GC(178) Using 15 workers of 33 for evacuation
[45.232s][info][gc,phases      ] GC(178)   Pre Evacuate Collection Set: 0.2ms
[45.232s][info][gc,phases      ] GC(178)   Merge Heap Roots: 0.1ms
[45.232s][info][gc,phases      ] GC(178)   Evacuate Collection Set: 0.5ms
[45.232s][info][gc,phases      ] GC(178)   Post Evacuate Collection Set: 0.6ms
[45.232s][info][gc,phases      ] GC(178)   Other: 0.2ms
[45.232s][info][gc,heap        ] GC(178) Eden regions: 196->0(195)
[45.232s][info][gc,heap        ] GC(178) Survivor regions: 0->1(25)
[45.232s][info][gc,heap        ] GC(178) Old regions: 91->91
[45.232s][info][gc,heap        ] GC(178) Archive regions: 0->0
[45.232s][info][gc,heap        ] GC(178) Humongous regions: 13->7
[45.232s][info][gc,metaspace   ] GC(178) Metaspace: 60940K(61824K)->60940K(61824K) NonClass: 53370K(53824K)->53370K(53824K) Class: 7569K(8000K)->7569K(8000K)
[45.232s][info][gc             ] GC(178) Pause Young (Normal) (G1 Evacuation Pause) 581M->177M(654M) 2.165ms
[45.232s][info][gc,cpu         ] GC(178) User=0.23s Sys=0.00s Real=0.01s
[45.362s][info][gc,start       ] GC(179) Pause Young (Normal) (G1 Evacuation Pause)
[45.362s][info][gc,task        ] GC(179) Using 15 workers of 33 for evacuation
[45.363s][info][gc,phases      ] GC(179)   Pre Evacuate Collection Set: 0.2ms
[45.363s][info][gc,phases      ] GC(179)   Merge Heap Roots: 0.1ms
[45.363s][info][gc,phases      ] GC(179)   Evacuate Collection Set: 0.4ms
[45.363s][info][gc,phases      ] GC(179)   Post Evacuate Collection Set: 0.7ms
[45.363s][info][gc,phases      ] GC(179)   Other: 0.1ms
[45.363s][info][gc,heap        ] GC(179) Eden regions: 195->0(195)
[45.363s][info][gc,heap        ] GC(179) Survivor regions: 1->1(25)
[45.363s][info][gc,heap        ] GC(179) Old regions: 91->91
[45.363s][info][gc,heap        ] GC(179) Archive regions: 0->0
[45.364s][info][gc,heap        ] GC(179) Humongous regions: 7->7
[45.364s][info][gc,metaspace   ] GC(179) Metaspace: 60940K(61824K)->60940K(61824K) NonClass: 53370K(53824K)->53370K(53824K) Class: 7569K(8000K)->7569K(8000K)
[45.364s][info][gc             ] GC(179) Pause Young (Normal) (G1 Evacuation Pause) 567M->177M(654M) 1.988ms
[45.364s][info][gc,cpu         ] GC(179) User=0.00s Sys=0.00s Real=0.00s
[45.512s][info][gc,start       ] GC(180) Pause Young (Normal) (G1 Evacuation Pause)
[45.512s][info][gc,task        ] GC(180) Using 15 workers of 33 for evacuation
[45.514s][info][gc,phases      ] GC(180)   Pre Evacuate Collection Set: 0.2ms
[45.514s][info][gc,phases      ] GC(180)   Merge Heap Roots: 0.1ms
[45.514s][info][gc,phases      ] GC(180)   Evacuate Collection Set: 0.4ms
[45.514s][info][gc,phases      ] GC(180)   Post Evacuate Collection Set: 0.6ms
[45.514s][info][gc,phases      ] GC(180)   Other: 0.1ms
[45.514s][info][gc,heap        ] GC(180) Eden regions: 195->0(195)
[45.514s][info][gc,heap        ] GC(180) Survivor regions: 1->1(25)
[45.514s][info][gc,heap        ] GC(180) Old regions: 91->91
[45.514s][info][gc,heap        ] GC(180) Archive regions: 0->0
[45.514s][info][gc,heap        ] GC(180) Humongous regions: 7->7
[45.514s][info][gc,metaspace   ] GC(180) Metaspace: 60940K(61824K)->60940K(61824K) NonClass: 53370K(53824K)->53370K(53824K) Class: 7569K(8000K)->7569K(8000K)
[45.514s][info][gc             ] GC(180) Pause Young (Normal) (G1 Evacuation Pause) 567M->177M(654M) 1.986ms
[45.514s][info][gc,cpu         ] GC(180) User=0.23s Sys=0.00s Real=0.02s
[45.652s][info][gc,start       ] GC(181) Pause Young (Normal) (G1 Evacuation Pause)
[45.652s][info][gc,task        ] GC(181) Using 15 workers of 33 for evacuation
[45.653s][info][gc,phases      ] GC(181)   Pre Evacuate Collection Set: 0.2ms
[45.653s][info][gc,phases      ] GC(181)   Merge Heap Roots: 0.1ms
[45.653s][info][gc,phases      ] GC(181)   Evacuate Collection Set: 0.4ms
[45.653s][info][gc,phases      ] GC(181)   Post Evacuate Collection Set: 0.7ms
[45.653s][info][gc,phases      ] GC(181)   Other: 0.2ms
[45.654s][info][gc,heap        ] GC(181) Eden regions: 195->0(195)
[45.654s][info][gc,heap        ] GC(181) Survivor regions: 1->1(25)
[45.654s][info][gc,heap        ] GC(181) Old regions: 91->91
[45.654s][info][gc,heap        ] GC(181) Archive regions: 0->0
[45.654s][info][gc,heap        ] GC(181) Humongous regions: 7->7
[45.654s][info][gc,metaspace   ] GC(181) Metaspace: 60940K(61824K)->60940K(61824K) NonClass: 53370K(53824K)->53370K(53824K) Class: 7569K(8000K)->7569K(8000K)
[45.654s][info][gc             ] GC(181) Pause Young (Normal) (G1 Evacuation Pause) 567M->177M(654M) 2.074ms
[45.654s][info][gc,cpu         ] GC(181) User=0.52s Sys=0.00s Real=0.02s
[45.807s][info][gc,start       ] GC(182) Pause Full (System.gc())
[45.807s][info][gc,task        ] GC(182) Using 15 workers of 33 for full compaction
[45.808s][info][gc,phases,start] GC(182) Phase 1: Mark live objects
[45.847s][info][gc,phases      ] GC(182) Phase 1: Mark live objects 39.084ms
[45.847s][info][gc,phases,start] GC(182) Phase 2: Prepare compaction
[45.852s][info][gc,phases      ] GC(182) Phase 2: Prepare compaction 5.210ms
[45.852s][info][gc,phases,start] GC(182) Phase 3: Adjust pointers
[45.860s][info][gc,phases      ] GC(182) Phase 3: Adjust pointers 8.255ms
[45.860s][info][gc,phases,start] GC(182) Phase 4: Compact heap
[45.861s][info][gc,phases      ] GC(182) Phase 4: Compact heap 0.754ms
[45.868s][info][gc,heap        ] GC(182) Eden regions: 183->0(196)
[45.868s][info][gc,heap        ] GC(182) Survivor regions: 1->0(25)
[45.868s][info][gc,heap        ] GC(182) Old regions: 91->91
[45.868s][info][gc,heap        ] GC(182) Archive regions: 0->0
[45.868s][info][gc,heap        ] GC(182) Humongous regions: 10->7
[45.868s][info][gc,metaspace   ] GC(182) Metaspace: 60943K(61824K)->60943K(61824K) NonClass: 53373K(53824K)->53373K(53824K) Class: 7569K(8000K)->7569K(8000K)
[45.868s][info][gc             ] GC(182) Pause Full (System.gc()) 548M->177M(654M) 61.129ms
[45.868s][info][gc,cpu         ] GC(182) User=0.94s Sys=0.00s Real=0.06s
[46.054s][info][gc,start       ] GC(183) Pause Young (Normal) (G1 Evacuation Pause)
[46.054s][info][gc,task        ] GC(183) Using 15 workers of 33 for evacuation
[46.056s][info][gc,phases      ] GC(183)   Pre Evacuate Collection Set: 0.2ms
[46.056s][info][gc,phases      ] GC(183)   Merge Heap Roots: 0.1ms
[46.056s][info][gc,phases      ] GC(183)   Evacuate Collection Set: 0.5ms
[46.056s][info][gc,phases      ] GC(183)   Post Evacuate Collection Set: 0.7ms
[46.056s][info][gc,phases      ] GC(183)   Other: 0.2ms
[46.056s][info][gc,heap        ] GC(183) Eden regions: 196->0(195)
[46.056s][info][gc,heap        ] GC(183) Survivor regions: 0->1(25)
[46.056s][info][gc,heap        ] GC(183) Old regions: 91->91
[46.056s][info][gc,heap        ] GC(183) Archive regions: 0->0
[46.056s][info][gc,heap        ] GC(183) Humongous regions: 13->7
[46.056s][info][gc,metaspace   ] GC(183) Metaspace: 60967K(61888K)->60967K(61888K) NonClass: 53398K(53888K)->53398K(53888K) Class: 7569K(8000K)->7569K(8000K)
[46.056s][info][gc             ] GC(183) Pause Young (Normal) (G1 Evacuation Pause) 581M->177M(654M) 2.166ms
[46.056s][info][gc,cpu         ] GC(183) User=0.00s Sys=0.00s Real=0.00s
[46.192s][info][gc,start       ] GC(184) Pause Young (Normal) (G1 Evacuation Pause)
[46.192s][info][gc,task        ] GC(184) Using 15 workers of 33 for evacuation
[46.194s][info][gc,phases      ] GC(184)   Pre Evacuate Collection Set: 0.2ms
[46.194s][info][gc,phases      ] GC(184)   Merge Heap Roots: 0.1ms
[46.194s][info][gc,phases      ] GC(184)   Evacuate Collection Set: 0.4ms
[46.194s][info][gc,phases      ] GC(184)   Post Evacuate Collection Set: 0.7ms
[46.194s][info][gc,phases      ] GC(184)   Other: 0.2ms
[46.194s][info][gc,heap        ] GC(184) Eden regions: 195->0(195)
[46.194s][info][gc,heap        ] GC(184) Survivor regions: 1->1(25)
[46.194s][info][gc,heap        ] GC(184) Old regions: 91->91
[46.194s][info][gc,heap        ] GC(184) Archive regions: 0->0
[46.194s][info][gc,heap        ] GC(184) Humongous regions: 7->7
[46.194s][info][gc,metaspace   ] GC(184) Metaspace: 60967K(61888K)->60967K(61888K) NonClass: 53398K(53888K)->53398K(53888K) Class: 7569K(8000K)->7569K(8000K)
[46.194s][info][gc             ] GC(184) Pause Young (Normal) (G1 Evacuation Pause) 567M->177M(654M) 2.022ms
[46.194s][info][gc,cpu         ] GC(184) User=0.00s Sys=0.00s Real=0.00s
[46.322s][info][gc,start       ] GC(185) Pause Young (Normal) (G1 Evacuation Pause)
[46.322s][info][gc,task        ] GC(185) Using 15 workers of 33 for evacuation
[46.327s][info][gc,phases      ] GC(185)   Pre Evacuate Collection Set: 0.2ms
[46.327s][info][gc,phases      ] GC(185)   Merge Heap Roots: 0.1ms
[46.327s][info][gc,phases      ] GC(185)   Evacuate Collection Set: 0.4ms
[46.327s][info][gc,phases      ] GC(185)   Post Evacuate Collection Set: 4.5ms
[46.327s][info][gc,phases      ] GC(185)   Other: 0.2ms
[46.327s][info][gc,heap        ] GC(185) Eden regions: 195->0(341)
[46.327s][info][gc,heap        ] GC(185) Survivor regions: 1->1(25)
[46.327s][info][gc,heap        ] GC(185) Old regions: 91->91
[46.328s][info][gc,heap        ] GC(185) Archive regions: 0->0
[46.328s][info][gc,heap        ] GC(185) Humongous regions: 7->7
[46.328s][info][gc,metaspace   ] GC(185) Metaspace: 60967K(61888K)->60967K(61888K) NonClass: 53398K(53888K)->53398K(53888K) Class: 7569K(8000K)->7569K(8000K)
[46.328s][info][gc             ] GC(185) Pause Young (Normal) (G1 Evacuation Pause) 567M->177M(1140M) 5.903ms
[46.328s][info][gc,cpu         ] GC(185) User=0.00s Sys=0.02s Real=0.02s
[46.656s][info][gc,start       ] GC(186) Pause Young (Normal) (G1 Evacuation Pause)
[46.656s][info][gc,task        ] GC(186) Using 27 workers of 33 for evacuation
[46.658s][info][gc,phases      ] GC(186)   Pre Evacuate Collection Set: 0.2ms
[46.658s][info][gc,phases      ] GC(186)   Merge Heap Roots: 0.2ms
[46.658s][info][gc,phases      ] GC(186)   Evacuate Collection Set: 0.7ms
[46.658s][info][gc,phases      ] GC(186)   Post Evacuate Collection Set: 0.8ms
[46.658s][info][gc,phases      ] GC(186)   Other: 0.2ms
[46.658s][info][gc,heap        ] GC(186) Eden regions: 341->0(341)
[46.658s][info][gc,heap        ] GC(186) Survivor regions: 1->1(43)
[46.658s][info][gc,heap        ] GC(186) Old regions: 91->91
[46.659s][info][gc,heap        ] GC(186) Archive regions: 0->0
[46.659s][info][gc,heap        ] GC(186) Humongous regions: 7->7
[46.659s][info][gc,metaspace   ] GC(186) Metaspace: 60969K(61888K)->60969K(61888K) NonClass: 53399K(53888K)->53399K(53888K) Class: 7569K(8000K)->7569K(8000K)
[46.659s][info][gc             ] GC(186) Pause Young (Normal) (G1 Evacuation Pause) 859M->177M(1140M) 2.615ms
[46.659s][info][gc,cpu         ] GC(186) User=0.00s Sys=0.00s Real=0.00s
[46.710s][info][gc,start       ] GC(187) Pause Full (System.gc())
[46.711s][info][gc,task        ] GC(187) Using 27 workers of 33 for full compaction
[46.712s][info][gc,phases,start] GC(187) Phase 1: Mark live objects
[46.746s][info][gc,phases      ] GC(187) Phase 1: Mark live objects 33.824ms
[46.746s][info][gc,phases,start] GC(187) Phase 2: Prepare compaction
[46.751s][info][gc,phases      ] GC(187) Phase 2: Prepare compaction 5.700ms
[46.751s][info][gc,phases,start] GC(187) Phase 3: Adjust pointers
[46.761s][info][gc,phases      ] GC(187) Phase 3: Adjust pointers 9.621ms
[46.761s][info][gc,phases,start] GC(187) Phase 4: Compact heap
[46.762s][info][gc,phases      ] GC(187) Phase 4: Compact heap 0.697ms
[46.772s][info][gc,heap        ] GC(187) Eden regions: 37->0(202)
[46.772s][info][gc,heap        ] GC(187) Survivor regions: 1->0(43)
[46.772s][info][gc,heap        ] GC(187) Old regions: 91->94
[46.772s][info][gc,heap        ] GC(187) Archive regions: 0->0
[46.772s][info][gc,heap        ] GC(187) Humongous regions: 10->7
[46.772s][info][gc,metaspace   ] GC(187) Metaspace: 60970K(61888K)->60970K(61888K) NonClass: 53401K(53888K)->53401K(53888K) Class: 7569K(8000K)->7569K(8000K)
[46.772s][info][gc             ] GC(187) Pause Full (System.gc()) 257M->177M(674M) 61.722ms
[46.772s][info][gc,cpu         ] GC(187) User=1.28s Sys=0.00s Real=0.06s
[46.996s][info][gc,start       ] GC(188) Pause Young (Normal) (G1 Evacuation Pause)
[46.996s][info][gc,task        ] GC(188) Using 21 workers of 33 for evacuation
[46.997s][info][gc,phases      ] GC(188)   Pre Evacuate Collection Set: 0.2ms
[46.997s][info][gc,phases      ] GC(188)   Merge Heap Roots: 0.1ms
[46.998s][info][gc,phases      ] GC(188)   Evacuate Collection Set: 0.5ms
[46.998s][info][gc,phases      ] GC(188)   Post Evacuate Collection Set: 0.7ms
[46.998s][info][gc,phases      ] GC(188)   Other: 0.2ms
[46.998s][info][gc,heap        ] GC(188) Eden regions: 202->0(201)
[46.998s][info][gc,heap        ] GC(188) Survivor regions: 0->1(26)
[46.998s][info][gc,heap        ] GC(188) Old regions: 94->94
[46.998s][info][gc,heap        ] GC(188) Archive regions: 0->0
[46.998s][info][gc,heap        ] GC(188) Humongous regions: 13->7
[46.998s][info][gc,metaspace   ] GC(188) Metaspace: 60973K(61888K)->60973K(61888K) NonClass: 53403K(53888K)->53403K(53888K) Class: 7569K(8000K)->7569K(8000K)
[46.998s][info][gc             ] GC(188) Pause Young (Normal) (G1 Evacuation Pause) 593M->177M(674M) 2.261ms
[46.998s][info][gc,cpu         ] GC(188) User=0.33s Sys=0.00s Real=0.02s
[47.141s][info][gc,start       ] GC(189) Pause Young (Normal) (G1 Evacuation Pause)
[47.141s][info][gc,task        ] GC(189) Using 18 workers of 33 for evacuation
[47.142s][info][gc,phases      ] GC(189)   Pre Evacuate Collection Set: 0.2ms
[47.142s][info][gc,phases      ] GC(189)   Merge Heap Roots: 0.1ms
[47.142s][info][gc,phases      ] GC(189)   Evacuate Collection Set: 0.4ms
[47.142s][info][gc,phases      ] GC(189)   Post Evacuate Collection Set: 0.7ms
[47.142s][info][gc,phases      ] GC(189)   Other: 0.2ms
[47.142s][info][gc,heap        ] GC(189) Eden regions: 201->0(201)
[47.143s][info][gc,heap        ] GC(189) Survivor regions: 1->1(26)
[47.143s][info][gc,heap        ] GC(189) Old regions: 94->94
[47.143s][info][gc,heap        ] GC(189) Archive regions: 0->0
[47.143s][info][gc,heap        ] GC(189) Humongous regions: 7->7
[47.143s][info][gc,metaspace   ] GC(189) Metaspace: 60973K(61888K)->60973K(61888K) NonClass: 53403K(53888K)->53403K(53888K) Class: 7569K(8000K)->7569K(8000K)
[47.143s][info][gc             ] GC(189) Pause Young (Normal) (G1 Evacuation Pause) 579M->177M(674M) 2.100ms
[47.143s][info][gc,cpu         ] GC(189) User=0.00s Sys=0.00s Real=0.00s
[47.275s][info][gc,start       ] GC(190) Pause Young (Normal) (G1 Evacuation Pause)
[47.275s][info][gc,task        ] GC(190) Using 17 workers of 33 for evacuation
[47.277s][info][gc,phases      ] GC(190)   Pre Evacuate Collection Set: 0.2ms
[47.277s][info][gc,phases      ] GC(190)   Merge Heap Roots: 0.1ms
[47.277s][info][gc,phases      ] GC(190)   Evacuate Collection Set: 0.4ms
[47.277s][info][gc,phases      ] GC(190)   Post Evacuate Collection Set: 0.7ms
[47.277s][info][gc,phases      ] GC(190)   Other: 0.1ms
[47.277s][info][gc,heap        ] GC(190) Eden regions: 201->0(201)
[47.277s][info][gc,heap        ] GC(190) Survivor regions: 1->1(26)
[47.277s][info][gc,heap        ] GC(190) Old regions: 94->94
[47.277s][info][gc,heap        ] GC(190) Archive regions: 0->0
[47.277s][info][gc,heap        ] GC(190) Humongous regions: 7->7
[47.277s][info][gc,metaspace   ] GC(190) Metaspace: 60973K(61888K)->60973K(61888K) NonClass: 53403K(53888K)->53403K(53888K) Class: 7569K(8000K)->7569K(8000K)
[47.277s][info][gc             ] GC(190) Pause Young (Normal) (G1 Evacuation Pause) 579M->177M(674M) 2.006ms
[47.277s][info][gc,cpu         ] GC(190) User=0.00s Sys=0.02s Real=0.02s
[47.426s][info][gc,start       ] GC(191) Pause Young (Normal) (G1 Evacuation Pause)
[47.426s][info][gc,task        ] GC(191) Using 16 workers of 33 for evacuation
[47.427s][info][gc,phases      ] GC(191)   Pre Evacuate Collection Set: 0.2ms
[47.427s][info][gc,phases      ] GC(191)   Merge Heap Roots: 0.1ms
[47.427s][info][gc,phases      ] GC(191)   Evacuate Collection Set: 0.4ms
[47.427s][info][gc,phases      ] GC(191)   Post Evacuate Collection Set: 0.7ms
[47.427s][info][gc,phases      ] GC(191)   Other: 0.1ms
[47.427s][info][gc,heap        ] GC(191) Eden regions: 201->0(201)
[47.427s][info][gc,heap        ] GC(191) Survivor regions: 1->1(26)
[47.427s][info][gc,heap        ] GC(191) Old regions: 94->94
[47.427s][info][gc,heap        ] GC(191) Archive regions: 0->0
[47.428s][info][gc,heap        ] GC(191) Humongous regions: 7->7
[47.428s][info][gc,metaspace   ] GC(191) Metaspace: 60973K(61888K)->60973K(61888K) NonClass: 53403K(53888K)->53403K(53888K) Class: 7569K(8000K)->7569K(8000K)
[47.428s][info][gc             ] GC(191) Pause Young (Normal) (G1 Evacuation Pause) 579M->177M(674M) 1.967ms
[47.428s][info][gc,cpu         ] GC(191) User=0.00s Sys=0.00s Real=0.00s
[47.598s][info][gc,start       ] GC(192) Pause Full (System.gc())
[47.598s][info][gc,task        ] GC(192) Using 16 workers of 33 for full compaction
[47.599s][info][gc,phases,start] GC(192) Phase 1: Mark live objects
[47.636s][info][gc,phases      ] GC(192) Phase 1: Mark live objects 37.291ms
[47.637s][info][gc,phases,start] GC(192) Phase 2: Prepare compaction
[47.642s][info][gc,phases      ] GC(192) Phase 2: Prepare compaction 5.093ms
[47.642s][info][gc,phases,start] GC(192) Phase 3: Adjust pointers
[47.650s][info][gc,phases      ] GC(192) Phase 3: Adjust pointers 7.790ms
[47.650s][info][gc,phases,start] GC(192) Phase 4: Compact heap
[47.650s][info][gc,phases      ] GC(192) Phase 4: Compact heap 0.735ms
[47.657s][info][gc,heap        ] GC(192) Eden regions: 159->0(198)
[47.657s][info][gc,heap        ] GC(192) Survivor regions: 1->0(26)
[47.657s][info][gc,heap        ] GC(192) Old regions: 94->92
[47.657s][info][gc,heap        ] GC(192) Archive regions: 0->0
[47.657s][info][gc,heap        ] GC(192) Humongous regions: 10->7
[47.657s][info][gc,metaspace   ] GC(192) Metaspace: 60988K(61888K)->60988K(61888K) NonClass: 53418K(53888K)->53418K(53888K) Class: 7569K(8000K)->7569K(8000K)
[47.657s][info][gc             ] GC(192) Pause Full (System.gc()) 500M->177M(660M) 59.086ms
[47.658s][info][gc,cpu         ] GC(192) User=0.77s Sys=0.00s Real=0.06s
[47.848s][info][gc,start       ] GC(193) Pause Young (Normal) (G1 Evacuation Pause)
[47.848s][info][gc,task        ] GC(193) Using 15 workers of 33 for evacuation
[47.850s][info][gc,phases      ] GC(193)   Pre Evacuate Collection Set: 0.3ms
[47.850s][info][gc,phases      ] GC(193)   Merge Heap Roots: 0.1ms
[47.850s][info][gc,phases      ] GC(193)   Evacuate Collection Set: 0.5ms
[47.850s][info][gc,phases      ] GC(193)   Post Evacuate Collection Set: 0.7ms
[47.850s][info][gc,phases      ] GC(193)   Other: 0.2ms
[47.850s][info][gc,heap        ] GC(193) Eden regions: 198->0(197)
[47.850s][info][gc,heap        ] GC(193) Survivor regions: 0->1(25)
[47.850s][info][gc,heap        ] GC(193) Old regions: 92->92
[47.850s][info][gc,heap        ] GC(193) Archive regions: 0->0
[47.850s][info][gc,heap        ] GC(193) Humongous regions: 13->7
[47.850s][info][gc,metaspace   ] GC(193) Metaspace: 61023K(61952K)->61023K(61952K) NonClass: 53453K(53952K)->53453K(53952K) Class: 7569K(8000K)->7569K(8000K)
[47.850s][info][gc             ] GC(193) Pause Young (Normal) (G1 Evacuation Pause) 585M->177M(660M) 2.273ms
[47.851s][info][gc,cpu         ] GC(193) User=0.00s Sys=0.00s Real=0.00s
[47.980s][info][gc,start       ] GC(194) Pause Young (Normal) (G1 Evacuation Pause)
[47.980s][info][gc,task        ] GC(194) Using 15 workers of 33 for evacuation
[47.981s][info][gc,phases      ] GC(194)   Pre Evacuate Collection Set: 0.2ms
[47.981s][info][gc,phases      ] GC(194)   Merge Heap Roots: 0.1ms
[47.981s][info][gc,phases      ] GC(194)   Evacuate Collection Set: 0.4ms
[47.981s][info][gc,phases      ] GC(194)   Post Evacuate Collection Set: 0.7ms
[47.981s][info][gc,phases      ] GC(194)   Other: 0.2ms
[47.982s][info][gc,heap        ] GC(194) Eden regions: 197->0(197)
[47.982s][info][gc,heap        ] GC(194) Survivor regions: 1->1(25)
[47.982s][info][gc,heap        ] GC(194) Old regions: 92->92
[47.982s][info][gc,heap        ] GC(194) Archive regions: 0->0
[47.982s][info][gc,heap        ] GC(194) Humongous regions: 7->7
[47.982s][info][gc,metaspace   ] GC(194) Metaspace: 61023K(61952K)->61023K(61952K) NonClass: 53453K(53952K)->53453K(53952K) Class: 7569K(8000K)->7569K(8000K)
[47.982s][info][gc             ] GC(194) Pause Young (Normal) (G1 Evacuation Pause) 571M->177M(660M) 2.064ms
[47.982s][info][gc,cpu         ] GC(194) User=0.23s Sys=0.00s Real=0.02s
[48.112s][info][gc,start       ] GC(195) Pause Young (Normal) (G1 Evacuation Pause)
[48.112s][info][gc,task        ] GC(195) Using 15 workers of 33 for evacuation
[48.113s][info][gc,phases      ] GC(195)   Pre Evacuate Collection Set: 0.2ms
[48.113s][info][gc,phases      ] GC(195)   Merge Heap Roots: 0.1ms
[48.113s][info][gc,phases      ] GC(195)   Evacuate Collection Set: 0.4ms
[48.113s][info][gc,phases      ] GC(195)   Post Evacuate Collection Set: 0.6ms
[48.113s][info][gc,phases      ] GC(195)   Other: 0.1ms
[48.113s][info][gc,heap        ] GC(195) Eden regions: 197->0(197)
[48.113s][info][gc,heap        ] GC(195) Survivor regions: 1->1(25)
[48.113s][info][gc,heap        ] GC(195) Old regions: 92->92
[48.113s][info][gc,heap        ] GC(195) Archive regions: 0->0
[48.113s][info][gc,heap        ] GC(195) Humongous regions: 7->7
[48.113s][info][gc,metaspace   ] GC(195) Metaspace: 61023K(61952K)->61023K(61952K) NonClass: 53453K(53952K)->53453K(53952K) Class: 7569K(8000K)->7569K(8000K)
[48.114s][info][gc             ] GC(195) Pause Young (Normal) (G1 Evacuation Pause) 571M->177M(660M) 1.962ms
[48.114s][info][gc,cpu         ] GC(195) User=0.00s Sys=0.00s Real=0.00s
[48.244s][info][gc,start       ] GC(196) Pause Young (Normal) (G1 Evacuation Pause)
[48.245s][info][gc,task        ] GC(196) Using 15 workers of 33 for evacuation
[48.246s][info][gc,phases      ] GC(196)   Pre Evacuate Collection Set: 0.2ms
[48.246s][info][gc,phases      ] GC(196)   Merge Heap Roots: 0.1ms
[48.246s][info][gc,phases      ] GC(196)   Evacuate Collection Set: 0.4ms
[48.246s][info][gc,phases      ] GC(196)   Post Evacuate Collection Set: 0.6ms
[48.246s][info][gc,phases      ] GC(196)   Other: 0.1ms
[48.246s][info][gc,heap        ] GC(196) Eden regions: 197->0(197)
[48.246s][info][gc,heap        ] GC(196) Survivor regions: 1->1(25)
[48.246s][info][gc,heap        ] GC(196) Old regions: 92->92
[48.246s][info][gc,heap        ] GC(196) Archive regions: 0->0
[48.246s][info][gc,heap        ] GC(196) Humongous regions: 7->7
[48.246s][info][gc,metaspace   ] GC(196) Metaspace: 61023K(61952K)->61023K(61952K) NonClass: 53453K(53952K)->53453K(53952K) Class: 7569K(8000K)->7569K(8000K)
[48.246s][info][gc             ] GC(196) Pause Young (Normal) (G1 Evacuation Pause) 571M->177M(660M) 1.917ms
[48.246s][info][gc,cpu         ] GC(196) User=0.03s Sys=0.00s Real=0.02s
[48.401s][info][gc,start       ] GC(197) Pause Full (System.gc())
[48.402s][info][gc,task        ] GC(197) Using 15 workers of 33 for full compaction
[48.402s][info][gc,phases,start] GC(197) Phase 1: Mark live objects
[48.438s][info][gc,phases      ] GC(197) Phase 1: Mark live objects 35.884ms
[48.438s][info][gc,phases,start] GC(197) Phase 2: Prepare compaction
[48.443s][info][gc,phases      ] GC(197) Phase 2: Prepare compaction 5.185ms
[48.443s][info][gc,phases,start] GC(197) Phase 3: Adjust pointers
[48.451s][info][gc,phases      ] GC(197) Phase 3: Adjust pointers 7.980ms
[48.451s][info][gc,phases,start] GC(197) Phase 4: Compact heap
[48.452s][info][gc,phases      ] GC(197) Phase 4: Compact heap 0.817ms
[48.460s][info][gc,heap        ] GC(197) Eden regions: 175->0(196)
[48.460s][info][gc,heap        ] GC(197) Survivor regions: 1->0(25)
[48.460s][info][gc,heap        ] GC(197) Old regions: 92->91
[48.460s][info][gc,heap        ] GC(197) Archive regions: 0->0
[48.460s][info][gc,heap        ] GC(197) Humongous regions: 10->7
[48.460s][info][gc,metaspace   ] GC(197) Metaspace: 61051K(62016K)->61051K(62016K) NonClass: 53482K(54016K)->53482K(54016K) Class: 7569K(8000K)->7569K(8000K)
[48.461s][info][gc             ] GC(197) Pause Full (System.gc()) 532M->177M(654M) 59.092ms
[48.461s][info][gc,cpu         ] GC(197) User=0.72s Sys=0.00s Real=0.06s
[48.644s][info][gc,start       ] GC(198) Pause Young (Normal) (G1 Evacuation Pause)
[48.644s][info][gc,task        ] GC(198) Using 15 workers of 33 for evacuation
[48.646s][info][gc,phases      ] GC(198)   Pre Evacuate Collection Set: 0.3ms
[48.646s][info][gc,phases      ] GC(198)   Merge Heap Roots: 0.1ms
[48.646s][info][gc,phases      ] GC(198)   Evacuate Collection Set: 0.5ms
[48.646s][info][gc,phases      ] GC(198)   Post Evacuate Collection Set: 0.7ms
[48.646s][info][gc,phases      ] GC(198)   Other: 0.2ms
[48.646s][info][gc,heap        ] GC(198) Eden regions: 196->0(195)
[48.646s][info][gc,heap        ] GC(198) Survivor regions: 0->1(25)
[48.646s][info][gc,heap        ] GC(198) Old regions: 91->91
[48.646s][info][gc,heap        ] GC(198) Archive regions: 0->0
[48.646s][info][gc,heap        ] GC(198) Humongous regions: 13->7
[48.646s][info][gc,metaspace   ] GC(198) Metaspace: 61052K(62016K)->61052K(62016K) NonClass: 53483K(54016K)->53483K(54016K) Class: 7569K(8000K)->7569K(8000K)
[48.646s][info][gc             ] GC(198) Pause Young (Normal) (G1 Evacuation Pause) 581M->177M(654M) 2.223ms
[48.646s][info][gc,cpu         ] GC(198) User=0.00s Sys=0.00s Real=0.00s
[48.774s][info][gc,start       ] GC(199) Pause Young (Normal) (G1 Evacuation Pause)
[48.774s][info][gc,task        ] GC(199) Using 15 workers of 33 for evacuation
[48.776s][info][gc,phases      ] GC(199)   Pre Evacuate Collection Set: 0.2ms
[48.776s][info][gc,phases      ] GC(199)   Merge Heap Roots: 0.1ms
[48.776s][info][gc,phases      ] GC(199)   Evacuate Collection Set: 0.4ms
[48.776s][info][gc,phases      ] GC(199)   Post Evacuate Collection Set: 0.6ms
[48.776s][info][gc,phases      ] GC(199)   Other: 0.2ms
[48.776s][info][gc,heap        ] GC(199) Eden regions: 195->0(195)
[48.776s][info][gc,heap        ] GC(199) Survivor regions: 1->1(25)
[48.776s][info][gc,heap        ] GC(199) Old regions: 91->91
[48.776s][info][gc,heap        ] GC(199) Archive regions: 0->0
[48.776s][info][gc,heap        ] GC(199) Humongous regions: 7->7
[48.776s][info][gc,metaspace   ] GC(199) Metaspace: 61052K(62016K)->61052K(62016K) NonClass: 53483K(54016K)->53483K(54016K) Class: 7569K(8000K)->7569K(8000K)
[48.776s][info][gc             ] GC(199) Pause Young (Normal) (G1 Evacuation Pause) 567M->177M(654M) 2.022ms
[48.776s][info][gc,cpu         ] GC(199) User=0.00s Sys=0.00s Real=0.00s
[48.904s][info][gc,start       ] GC(200) Pause Young (Normal) (G1 Evacuation Pause)
[48.904s][info][gc,task        ] GC(200) Using 15 workers of 33 for evacuation
[48.909s][info][gc,phases      ] GC(200)   Pre Evacuate Collection Set: 0.2ms
[48.909s][info][gc,phases      ] GC(200)   Merge Heap Roots: 0.1ms
[48.909s][info][gc,phases      ] GC(200)   Evacuate Collection Set: 0.5ms
[48.909s][info][gc,phases      ] GC(200)   Post Evacuate Collection Set: 4.2ms
[48.909s][info][gc,phases      ] GC(200)   Other: 0.1ms
[48.909s][info][gc,heap        ] GC(200) Eden regions: 195->0(330)
[48.909s][info][gc,heap        ] GC(200) Survivor regions: 1->1(25)
[48.909s][info][gc,heap        ] GC(200) Old regions: 91->91
[48.909s][info][gc,heap        ] GC(200) Archive regions: 0->0
[48.909s][info][gc,heap        ] GC(200) Humongous regions: 7->7
[48.909s][info][gc,metaspace   ] GC(200) Metaspace: 61052K(62016K)->61052K(62016K) NonClass: 53483K(54016K)->53483K(54016K) Class: 7569K(8000K)->7569K(8000K)
[48.910s][info][gc             ] GC(200) Pause Young (Normal) (G1 Evacuation Pause) 567M->177M(1106M) 5.614ms
[48.910s][info][gc,cpu         ] GC(200) User=0.00s Sys=0.00s Real=0.00s
[49.227s][info][gc,start       ] GC(201) Pause Young (Normal) (G1 Evacuation Pause)
[49.227s][info][gc,task        ] GC(201) Using 26 workers of 33 for evacuation
[49.229s][info][gc,phases      ] GC(201)   Pre Evacuate Collection Set: 0.2ms
[49.229s][info][gc,phases      ] GC(201)   Merge Heap Roots: 0.2ms
[49.229s][info][gc,phases      ] GC(201)   Evacuate Collection Set: 0.5ms
[49.229s][info][gc,phases      ] GC(201)   Post Evacuate Collection Set: 0.8ms
[49.229s][info][gc,phases      ] GC(201)   Other: 0.2ms
[49.229s][info][gc,heap        ] GC(201) Eden regions: 330->0(330)
[49.229s][info][gc,heap        ] GC(201) Survivor regions: 1->1(42)
[49.229s][info][gc,heap        ] GC(201) Old regions: 91->91
[49.229s][info][gc,heap        ] GC(201) Archive regions: 0->0
[49.229s][info][gc,heap        ] GC(201) Humongous regions: 7->7
[49.229s][info][gc,metaspace   ] GC(201) Metaspace: 61052K(62016K)->61052K(62016K) NonClass: 53483K(54016K)->53483K(54016K) Class: 7569K(8000K)->7569K(8000K)
[49.229s][info][gc             ] GC(201) Pause Young (Normal) (G1 Evacuation Pause) 837M->177M(1106M) 2.402ms
[49.229s][info][gc,cpu         ] GC(201) User=0.00s Sys=0.00s Real=0.00s
[49.299s][info][gc,start       ] GC(202) Pause Full (System.gc())
[49.299s][info][gc,task        ] GC(202) Using 26 workers of 33 for full compaction
[49.300s][info][gc,phases,start] GC(202) Phase 1: Mark live objects
[49.334s][info][gc,phases      ] GC(202) Phase 1: Mark live objects 33.798ms
[49.334s][info][gc,phases,start] GC(202) Phase 2: Prepare compaction
[49.340s][info][gc,phases      ] GC(202) Phase 2: Prepare compaction 5.888ms
[49.340s][info][gc,phases,start] GC(202) Phase 3: Adjust pointers
[49.349s][info][gc,phases      ] GC(202) Phase 3: Adjust pointers 9.661ms
[49.349s][info][gc,phases,start] GC(202) Phase 4: Compact heap
[49.350s][info][gc,phases      ] GC(202) Phase 4: Compact heap 0.767ms
[49.361s][info][gc,heap        ] GC(202) Eden regions: 47->0(198)
[49.361s][info][gc,heap        ] GC(202) Survivor regions: 1->0(42)
[49.361s][info][gc,heap        ] GC(202) Old regions: 91->92
[49.361s][info][gc,heap        ] GC(202) Archive regions: 0->0
[49.361s][info][gc,heap        ] GC(202) Humongous regions: 10->7
[49.361s][info][gc,metaspace   ] GC(202) Metaspace: 61055K(62016K)->61055K(62016K) NonClass: 53486K(54016K)->53486K(54016K) Class: 7569K(8000K)->7569K(8000K)
[49.361s][info][gc             ] GC(202) Pause Full (System.gc()) 277M->177M(660M) 62.094ms
[49.361s][info][gc,cpu         ] GC(202) User=0.84s Sys=0.00s Real=0.06s
[49.558s][info][gc,start       ] GC(203) Pause Young (Normal) (G1 Evacuation Pause)
[49.558s][info][gc,task        ] GC(203) Using 20 workers of 33 for evacuation
[49.560s][info][gc,phases      ] GC(203)   Pre Evacuate Collection Set: 0.3ms
[49.560s][info][gc,phases      ] GC(203)   Merge Heap Roots: 0.1ms
[49.560s][info][gc,phases      ] GC(203)   Evacuate Collection Set: 0.6ms
[49.560s][info][gc,phases      ] GC(203)   Post Evacuate Collection Set: 0.7ms
[49.560s][info][gc,phases      ] GC(203)   Other: 0.2ms
[49.560s][info][gc,heap        ] GC(203) Eden regions: 198->0(197)
[49.560s][info][gc,heap        ] GC(203) Survivor regions: 0->1(25)
[49.560s][info][gc,heap        ] GC(203) Old regions: 92->92
[49.560s][info][gc,heap        ] GC(203) Archive regions: 0->0
[49.560s][info][gc,heap        ] GC(203) Humongous regions: 13->7
[49.560s][info][gc,metaspace   ] GC(203) Metaspace: 61086K(62016K)->61086K(62016K) NonClass: 53516K(54016K)->53516K(54016K) Class: 7570K(8000K)->7570K(8000K)
[49.560s][info][gc             ] GC(203) Pause Young (Normal) (G1 Evacuation Pause) 585M->177M(660M) 2.318ms
[49.560s][info][gc,cpu         ] GC(203) User=0.00s Sys=0.02s Real=0.02s
[49.694s][info][gc,start       ] GC(204) Pause Young (Normal) (G1 Evacuation Pause)
[49.694s][info][gc,task        ] GC(204) Using 17 workers of 33 for evacuation
[49.696s][info][gc,phases      ] GC(204)   Pre Evacuate Collection Set: 0.2ms
[49.696s][info][gc,phases      ] GC(204)   Merge Heap Roots: 0.1ms
[49.696s][info][gc,phases      ] GC(204)   Evacuate Collection Set: 0.5ms
[49.696s][info][gc,phases      ] GC(204)   Post Evacuate Collection Set: 0.7ms
[49.696s][info][gc,phases      ] GC(204)   Other: 0.2ms
[49.696s][info][gc,heap        ] GC(204) Eden regions: 197->0(197)
[49.696s][info][gc,heap        ] GC(204) Survivor regions: 1->1(25)
[49.696s][info][gc,heap        ] GC(204) Old regions: 92->92
[49.696s][info][gc,heap        ] GC(204) Archive regions: 0->0
[49.696s][info][gc,heap        ] GC(204) Humongous regions: 7->7
[49.696s][info][gc,metaspace   ] GC(204) Metaspace: 61086K(62016K)->61086K(62016K) NonClass: 53516K(54016K)->53516K(54016K) Class: 7570K(8000K)->7570K(8000K)
[49.696s][info][gc             ] GC(204) Pause Young (Normal) (G1 Evacuation Pause) 571M->177M(660M) 2.135ms
[49.696s][info][gc,cpu         ] GC(204) User=0.00s Sys=0.00s Real=0.00s
[49.826s][info][gc,start       ] GC(205) Pause Young (Normal) (G1 Evacuation Pause)
[49.826s][info][gc,task        ] GC(205) Using 16 workers of 33 for evacuation
[49.827s][info][gc,phases      ] GC(205)   Pre Evacuate Collection Set: 0.2ms
[49.827s][info][gc,phases      ] GC(205)   Merge Heap Roots: 0.1ms
[49.827s][info][gc,phases      ] GC(205)   Evacuate Collection Set: 0.4ms
[49.827s][info][gc,phases      ] GC(205)   Post Evacuate Collection Set: 0.6ms
[49.827s][info][gc,phases      ] GC(205)   Other: 0.2ms
[49.827s][info][gc,heap        ] GC(205) Eden regions: 197->0(197)
[49.827s][info][gc,heap        ] GC(205) Survivor regions: 1->1(25)
[49.827s][info][gc,heap        ] GC(205) Old regions: 92->92
[49.827s][info][gc,heap        ] GC(205) Archive regions: 0->0
[49.827s][info][gc,heap        ] GC(205) Humongous regions: 7->7
[49.827s][info][gc,metaspace   ] GC(205) Metaspace: 61086K(62016K)->61086K(62016K) NonClass: 53516K(54016K)->53516K(54016K) Class: 7570K(8000K)->7570K(8000K)
[49.828s][info][gc             ] GC(205) Pause Young (Normal) (G1 Evacuation Pause) 571M->177M(660M) 1.963ms
[49.828s][info][gc,cpu         ] GC(205) User=0.00s Sys=0.00s Real=0.00s
[49.975s][info][gc,start       ] GC(206) Pause Young (Normal) (G1 Evacuation Pause)
[49.975s][info][gc,task        ] GC(206) Using 15 workers of 33 for evacuation
[49.977s][info][gc,phases      ] GC(206)   Pre Evacuate Collection Set: 0.2ms
[49.977s][info][gc,phases      ] GC(206)   Merge Heap Roots: 0.1ms
[49.977s][info][gc,phases      ] GC(206)   Evacuate Collection Set: 0.5ms
[49.977s][info][gc,phases      ] GC(206)   Post Evacuate Collection Set: 0.7ms
[49.977s][info][gc,phases      ] GC(206)   Other: 0.1ms
[49.977s][info][gc,heap        ] GC(206) Eden regions: 197->0(197)
[49.977s][info][gc,heap        ] GC(206) Survivor regions: 1->1(25)
[49.977s][info][gc,heap        ] GC(206) Old regions: 92->92
[49.977s][info][gc,heap        ] GC(206) Archive regions: 0->0
[49.977s][info][gc,heap        ] GC(206) Humongous regions: 7->7
[49.977s][info][gc,metaspace   ] GC(206) Metaspace: 61086K(62016K)->61086K(62016K) NonClass: 53516K(54016K)->53516K(54016K) Class: 7570K(8000K)->7570K(8000K)
[49.977s][info][gc             ] GC(206) Pause Young (Normal) (G1 Evacuation Pause) 571M->177M(660M) 2.033ms
[49.977s][info][gc,cpu         ] GC(206) User=0.00s Sys=0.00s Real=0.00s
[50.134s][info][gc,start       ] GC(207) Pause Full (System.gc())
[50.134s][info][gc,task        ] GC(207) Using 15 workers of 33 for full compaction
[50.135s][info][gc,phases,start] GC(207) Phase 1: Mark live objects
[50.176s][info][gc,phases      ] GC(207) Phase 1: Mark live objects 41.879ms
[50.176s][info][gc,phases,start] GC(207) Phase 2: Prepare compaction
[50.182s][info][gc,phases      ] GC(207) Phase 2: Prepare compaction 5.148ms
[50.182s][info][gc,phases,start] GC(207) Phase 3: Adjust pointers
[50.191s][info][gc,phases      ] GC(207) Phase 3: Adjust pointers 9.620ms
[50.191s][info][gc,phases,start] GC(207) Phase 4: Compact heap
[50.192s][info][gc,phases      ] GC(207) Phase 4: Compact heap 0.749ms
[50.200s][info][gc,heap        ] GC(207) Eden regions: 175->0(196)
[50.200s][info][gc,heap        ] GC(207) Survivor regions: 1->0(25)
[50.200s][info][gc,heap        ] GC(207) Old regions: 92->91
[50.200s][info][gc,heap        ] GC(207) Archive regions: 0->0
[50.200s][info][gc,heap        ] GC(207) Humongous regions: 10->7
[50.200s][info][gc,metaspace   ] GC(207) Metaspace: 61096K(62016K)->61096K(62016K) NonClass: 53526K(54016K)->53526K(54016K) Class: 7570K(8000K)->7570K(8000K)
[50.200s][info][gc             ] GC(207) Pause Full (System.gc()) 533M->177M(654M) 65.957ms
[50.200s][info][gc,cpu         ] GC(207) User=0.95s Sys=0.00s Real=0.08s
[50.386s][info][gc,start       ] GC(208) Pause Young (Normal) (G1 Evacuation Pause)
[50.386s][info][gc,task        ] GC(208) Using 15 workers of 33 for evacuation
[50.388s][info][gc,phases      ] GC(208)   Pre Evacuate Collection Set: 0.2ms
[50.388s][info][gc,phases      ] GC(208)   Merge Heap Roots: 0.1ms
[50.388s][info][gc,phases      ] GC(208)   Evacuate Collection Set: 0.6ms
[50.388s][info][gc,phases      ] GC(208)   Post Evacuate Collection Set: 0.7ms
[50.388s][info][gc,phases      ] GC(208)   Other: 0.2ms
[50.388s][info][gc,heap        ] GC(208) Eden regions: 196->0(195)
[50.388s][info][gc,heap        ] GC(208) Survivor regions: 0->1(25)
[50.388s][info][gc,heap        ] GC(208) Old regions: 91->91
[50.388s][info][gc,heap        ] GC(208) Archive regions: 0->0
[50.388s][info][gc,heap        ] GC(208) Humongous regions: 13->7
[50.388s][info][gc,metaspace   ] GC(208) Metaspace: 61100K(62016K)->61100K(62016K) NonClass: 53530K(54016K)->53530K(54016K) Class: 7570K(8000K)->7570K(8000K)
[50.388s][info][gc             ] GC(208) Pause Young (Normal) (G1 Evacuation Pause) 581M->177M(654M) 2.294ms
[50.388s][info][gc,cpu         ] GC(208) User=0.02s Sys=0.00s Real=0.01s
[50.543s][info][gc,start       ] GC(209) Pause Young (Normal) (G1 Evacuation Pause)
[50.543s][info][gc,task        ] GC(209) Using 15 workers of 33 for evacuation
[50.545s][info][gc,phases      ] GC(209)   Pre Evacuate Collection Set: 0.2ms
[50.545s][info][gc,phases      ] GC(209)   Merge Heap Roots: 0.1ms
[50.545s][info][gc,phases      ] GC(209)   Evacuate Collection Set: 0.5ms
[50.545s][info][gc,phases      ] GC(209)   Post Evacuate Collection Set: 0.7ms
[50.545s][info][gc,phases      ] GC(209)   Other: 0.2ms
[50.545s][info][gc,heap        ] GC(209) Eden regions: 195->0(195)
[50.545s][info][gc,heap        ] GC(209) Survivor regions: 1->1(25)
[50.545s][info][gc,heap        ] GC(209) Old regions: 91->91
[50.545s][info][gc,heap        ] GC(209) Archive regions: 0->0
[50.545s][info][gc,heap        ] GC(209) Humongous regions: 7->7
[50.545s][info][gc,metaspace   ] GC(209) Metaspace: 61100K(62016K)->61100K(62016K) NonClass: 53530K(54016K)->53530K(54016K) Class: 7570K(8000K)->7570K(8000K)
[50.545s][info][gc             ] GC(209) Pause Young (Normal) (G1 Evacuation Pause) 567M->177M(654M) 2.096ms
[50.545s][info][gc,cpu         ] GC(209) User=0.00s Sys=0.00s Real=0.00s
[50.688s][info][gc,start       ] GC(210) Pause Young (Normal) (G1 Evacuation Pause)
[50.688s][info][gc,task        ] GC(210) Using 15 workers of 33 for evacuation
[50.689s][info][gc,phases      ] GC(210)   Pre Evacuate Collection Set: 0.2ms
[50.689s][info][gc,phases      ] GC(210)   Merge Heap Roots: 0.1ms
[50.689s][info][gc,phases      ] GC(210)   Evacuate Collection Set: 0.4ms
[50.690s][info][gc,phases      ] GC(210)   Post Evacuate Collection Set: 0.7ms
[50.690s][info][gc,phases      ] GC(210)   Other: 0.2ms
[50.690s][info][gc,heap        ] GC(210) Eden regions: 195->0(195)
[50.690s][info][gc,heap        ] GC(210) Survivor regions: 1->1(25)
[50.690s][info][gc,heap        ] GC(210) Old regions: 91->91
[50.690s][info][gc,heap        ] GC(210) Archive regions: 0->0
[50.690s][info][gc,heap        ] GC(210) Humongous regions: 7->7
[50.690s][info][gc,metaspace   ] GC(210) Metaspace: 61100K(62016K)->61100K(62016K) NonClass: 53530K(54016K)->53530K(54016K) Class: 7570K(8000K)->7570K(8000K)
[50.690s][info][gc             ] GC(210) Pause Young (Normal) (G1 Evacuation Pause) 567M->177M(654M) 2.014ms
[50.690s][info][gc,cpu         ] GC(210) User=0.00s Sys=0.00s Real=0.00s
[50.819s][info][gc,start       ] GC(211) Pause Young (Normal) (G1 Evacuation Pause)
[50.819s][info][gc,task        ] GC(211) Using 15 workers of 33 for evacuation
[50.820s][info][gc,phases      ] GC(211)   Pre Evacuate Collection Set: 0.2ms
[50.820s][info][gc,phases      ] GC(211)   Merge Heap Roots: 0.1ms
[50.820s][info][gc,phases      ] GC(211)   Evacuate Collection Set: 0.4ms
[50.820s][info][gc,phases      ] GC(211)   Post Evacuate Collection Set: 0.7ms
[50.820s][info][gc,phases      ] GC(211)   Other: 0.1ms
[50.820s][info][gc,heap        ] GC(211) Eden regions: 195->0(195)
[50.821s][info][gc,heap        ] GC(211) Survivor regions: 1->1(25)
[50.821s][info][gc,heap        ] GC(211) Old regions: 91->91
[50.821s][info][gc,heap        ] GC(211) Archive regions: 0->0
[50.821s][info][gc,heap        ] GC(211) Humongous regions: 7->7
[50.821s][info][gc,metaspace   ] GC(211) Metaspace: 61100K(62016K)->61100K(62016K) NonClass: 53530K(54016K)->53530K(54016K) Class: 7570K(8000K)->7570K(8000K)
[50.821s][info][gc             ] GC(211) Pause Young (Normal) (G1 Evacuation Pause) 567M->177M(654M) 1.930ms
[50.821s][info][gc,cpu         ] GC(211) User=0.00s Sys=0.00s Real=0.00s
[50.977s][info][gc,start       ] GC(212) Pause Full (System.gc())
[50.978s][info][gc,task        ] GC(212) Using 15 workers of 33 for full compaction
[50.978s][info][gc,phases,start] GC(212) Phase 1: Mark live objects
[51.018s][info][gc,phases      ] GC(212) Phase 1: Mark live objects 39.786ms
[51.018s][info][gc,phases,start] GC(212) Phase 2: Prepare compaction
[51.023s][info][gc,phases      ] GC(212) Phase 2: Prepare compaction 5.212ms
[51.023s][info][gc,phases,start] GC(212) Phase 3: Adjust pointers
[51.033s][info][gc,phases      ] GC(212) Phase 3: Adjust pointers 9.642ms
[51.033s][info][gc,phases,start] GC(212) Phase 4: Compact heap
[51.034s][info][gc,phases      ] GC(212) Phase 4: Compact heap 0.788ms
[51.042s][info][gc,heap        ] GC(212) Eden regions: 182->0(196)
[51.042s][info][gc,heap        ] GC(212) Survivor regions: 1->0(25)
[51.042s][info][gc,heap        ] GC(212) Old regions: 91->91
[51.042s][info][gc,heap        ] GC(212) Archive regions: 0->0
[51.042s][info][gc,heap        ] GC(212) Humongous regions: 10->7
[51.042s][info][gc,metaspace   ] GC(212) Metaspace: 61101K(62016K)->61101K(62016K) NonClass: 53531K(54016K)->53531K(54016K) Class: 7570K(8000K)->7570K(8000K)
[51.042s][info][gc             ] GC(212) Pause Full (System.gc()) 547M->177M(654M) 64.746ms
[51.042s][info][gc,cpu         ] GC(212) User=0.94s Sys=0.02s Real=0.08s
[51.237s][info][gc,start       ] GC(213) Pause Young (Normal) (G1 Evacuation Pause)
[51.237s][info][gc,task        ] GC(213) Using 15 workers of 33 for evacuation
[51.239s][info][gc,phases      ] GC(213)   Pre Evacuate Collection Set: 0.2ms
[51.239s][info][gc,phases      ] GC(213)   Merge Heap Roots: 0.1ms
[51.239s][info][gc,phases      ] GC(213)   Evacuate Collection Set: 0.5ms
[51.239s][info][gc,phases      ] GC(213)   Post Evacuate Collection Set: 0.7ms
[51.239s][info][gc,phases      ] GC(213)   Other: 0.2ms
[51.239s][info][gc,heap        ] GC(213) Eden regions: 196->0(195)
[51.239s][info][gc,heap        ] GC(213) Survivor regions: 0->1(25)
[51.239s][info][gc,heap        ] GC(213) Old regions: 91->91
[51.239s][info][gc,heap        ] GC(213) Archive regions: 0->0
[51.239s][info][gc,heap        ] GC(213) Humongous regions: 13->7
[51.239s][info][gc,metaspace   ] GC(213) Metaspace: 61101K(62016K)->61101K(62016K) NonClass: 53531K(54016K)->53531K(54016K) Class: 7570K(8000K)->7570K(8000K)
[51.239s][info][gc             ] GC(213) Pause Young (Normal) (G1 Evacuation Pause) 581M->177M(654M) 2.225ms
[51.239s][info][gc,cpu         ] GC(213) User=0.00s Sys=0.00s Real=0.00s
[51.375s][info][gc,start       ] GC(214) Pause Young (Normal) (G1 Evacuation Pause)
[51.375s][info][gc,task        ] GC(214) Using 15 workers of 33 for evacuation
[51.377s][info][gc,phases      ] GC(214)   Pre Evacuate Collection Set: 0.2ms
[51.377s][info][gc,phases      ] GC(214)   Merge Heap Roots: 0.1ms
[51.377s][info][gc,phases      ] GC(214)   Evacuate Collection Set: 0.5ms
[51.377s][info][gc,phases      ] GC(214)   Post Evacuate Collection Set: 0.7ms
[51.377s][info][gc,phases      ] GC(214)   Other: 0.2ms
[51.377s][info][gc,heap        ] GC(214) Eden regions: 195->0(195)
[51.377s][info][gc,heap        ] GC(214) Survivor regions: 1->1(25)
[51.377s][info][gc,heap        ] GC(214) Old regions: 91->91
[51.377s][info][gc,heap        ] GC(214) Archive regions: 0->0
[51.377s][info][gc,heap        ] GC(214) Humongous regions: 7->7
[51.377s][info][gc,metaspace   ] GC(214) Metaspace: 61101K(62016K)->61101K(62016K) NonClass: 53531K(54016K)->53531K(54016K) Class: 7570K(8000K)->7570K(8000K)
[51.377s][info][gc             ] GC(214) Pause Young (Normal) (G1 Evacuation Pause) 567M->177M(654M) 2.076ms
[51.377s][info][gc,cpu         ] GC(214) User=0.00s Sys=0.00s Real=0.00s
[51.518s][info][gc,start       ] GC(215) Pause Young (Normal) (G1 Evacuation Pause)
[51.519s][info][gc,task        ] GC(215) Using 15 workers of 33 for evacuation
[51.524s][info][gc,phases      ] GC(215)   Pre Evacuate Collection Set: 0.2ms
[51.524s][info][gc,phases      ] GC(215)   Merge Heap Roots: 0.1ms
[51.524s][info][gc,phases      ] GC(215)   Evacuate Collection Set: 0.4ms
[51.524s][info][gc,phases      ] GC(215)   Post Evacuate Collection Set: 4.6ms
[51.524s][info][gc,phases      ] GC(215)   Other: 0.2ms
[51.524s][info][gc,heap        ] GC(215) Eden regions: 195->0(344)
[51.524s][info][gc,heap        ] GC(215) Survivor regions: 1->1(25)
[51.524s][info][gc,heap        ] GC(215) Old regions: 91->91
[51.524s][info][gc,heap        ] GC(215) Archive regions: 0->0
[51.524s][info][gc,heap        ] GC(215) Humongous regions: 7->7
[51.524s][info][gc,metaspace   ] GC(215) Metaspace: 61101K(62016K)->61101K(62016K) NonClass: 53531K(54016K)->53531K(54016K) Class: 7570K(8000K)->7570K(8000K)
[51.524s][info][gc             ] GC(215) Pause Young (Normal) (G1 Evacuation Pause) 567M->177M(1150M) 5.952ms
[51.524s][info][gc,cpu         ] GC(215) User=0.00s Sys=0.00s Real=0.00s
[51.861s][info][gc,start       ] GC(216) Pause Young (Normal) (G1 Evacuation Pause)
[51.862s][info][gc,task        ] GC(216) Using 27 workers of 33 for evacuation
[51.864s][info][gc,phases      ] GC(216)   Pre Evacuate Collection Set: 0.2ms
[51.864s][info][gc,phases      ] GC(216)   Merge Heap Roots: 0.2ms
[51.864s][info][gc,phases      ] GC(216)   Evacuate Collection Set: 0.6ms
[51.864s][info][gc,phases      ] GC(216)   Post Evacuate Collection Set: 0.8ms
[51.864s][info][gc,phases      ] GC(216)   Other: 0.2ms
[51.864s][info][gc,heap        ] GC(216) Eden regions: 344->0(344)
[51.864s][info][gc,heap        ] GC(216) Survivor regions: 1->1(44)
[51.864s][info][gc,heap        ] GC(216) Old regions: 91->91
[51.864s][info][gc,heap        ] GC(216) Archive regions: 0->0
[51.864s][info][gc,heap        ] GC(216) Humongous regions: 7->7
[51.864s][info][gc,metaspace   ] GC(216) Metaspace: 61101K(62016K)->61101K(62016K) NonClass: 53531K(54016K)->53531K(54016K) Class: 7570K(8000K)->7570K(8000K)
[51.864s][info][gc             ] GC(216) Pause Young (Normal) (G1 Evacuation Pause) 865M->177M(1150M) 2.559ms
[51.864s][info][gc,cpu         ] GC(216) User=0.00s Sys=0.00s Real=0.00s
[51.918s][info][gc,start       ] GC(217) Pause Full (System.gc())
[51.918s][info][gc,task        ] GC(217) Using 27 workers of 33 for full compaction
[51.919s][info][gc,phases,start] GC(217) Phase 1: Mark live objects
[51.955s][info][gc,phases      ] GC(217) Phase 1: Mark live objects 35.694ms
[51.955s][info][gc,phases,start] GC(217) Phase 2: Prepare compaction
[51.961s][info][gc,phases      ] GC(217) Phase 2: Prepare compaction 5.497ms
[51.961s][info][gc,phases,start] GC(217) Phase 3: Adjust pointers
[51.971s][info][gc,phases      ] GC(217) Phase 3: Adjust pointers 9.903ms
[51.971s][info][gc,phases,start] GC(217) Phase 4: Compact heap
[51.971s][info][gc,phases      ] GC(217) Phase 4: Compact heap 0.705ms
[51.982s][info][gc,heap        ] GC(217) Eden regions: 34->0(198)
[51.982s][info][gc,heap        ] GC(217) Survivor regions: 1->0(44)
[51.982s][info][gc,heap        ] GC(217) Old regions: 91->92
[51.982s][info][gc,heap        ] GC(217) Archive regions: 0->0
[51.982s][info][gc,heap        ] GC(217) Humongous regions: 10->7
[51.982s][info][gc,metaspace   ] GC(217) Metaspace: 61102K(62016K)->61102K(62016K) NonClass: 53532K(54016K)->53532K(54016K) Class: 7570K(8000K)->7570K(8000K)
[51.982s][info][gc             ] GC(217) Pause Full (System.gc()) 250M->177M(660M) 64.173ms
[51.982s][info][gc,cpu         ] GC(217) User=1.28s Sys=0.00s Real=0.06s
[52.181s][info][gc,start       ] GC(218) Pause Young (Normal) (G1 Evacuation Pause)
[52.182s][info][gc,task        ] GC(218) Using 21 workers of 33 for evacuation
[52.183s][info][gc,phases      ] GC(218)   Pre Evacuate Collection Set: 0.2ms
[52.183s][info][gc,phases      ] GC(218)   Merge Heap Roots: 0.1ms
[52.183s][info][gc,phases      ] GC(218)   Evacuate Collection Set: 0.5ms
[52.183s][info][gc,phases      ] GC(218)   Post Evacuate Collection Set: 0.7ms
[52.183s][info][gc,phases      ] GC(218)   Other: 0.2ms
[52.183s][info][gc,heap        ] GC(218) Eden regions: 198->0(197)
[52.183s][info][gc,heap        ] GC(218) Survivor regions: 0->1(25)
[52.183s][info][gc,heap        ] GC(218) Old regions: 92->92
[52.184s][info][gc,heap        ] GC(218) Archive regions: 0->0
[52.184s][info][gc,heap        ] GC(218) Humongous regions: 13->7
[52.184s][info][gc,metaspace   ] GC(218) Metaspace: 61106K(62016K)->61106K(62016K) NonClass: 53536K(54016K)->53536K(54016K) Class: 7570K(8000K)->7570K(8000K)
[52.184s][info][gc             ] GC(218) Pause Young (Normal) (G1 Evacuation Pause) 585M->177M(660M) 2.219ms
[52.184s][info][gc,cpu         ] GC(218) User=0.00s Sys=0.00s Real=0.00s
[52.316s][info][gc,start       ] GC(219) Pause Young (Normal) (G1 Evacuation Pause)
[52.316s][info][gc,task        ] GC(219) Using 18 workers of 33 for evacuation
[52.318s][info][gc,phases      ] GC(219)   Pre Evacuate Collection Set: 0.2ms
[52.318s][info][gc,phases      ] GC(219)   Merge Heap Roots: 0.1ms
[52.318s][info][gc,phases      ] GC(219)   Evacuate Collection Set: 0.4ms
[52.318s][info][gc,phases      ] GC(219)   Post Evacuate Collection Set: 0.7ms
[52.318s][info][gc,phases      ] GC(219)   Other: 0.2ms
[52.318s][info][gc,heap        ] GC(219) Eden regions: 197->0(197)
[52.318s][info][gc,heap        ] GC(219) Survivor regions: 1->1(25)
[52.318s][info][gc,heap        ] GC(219) Old regions: 92->92
[52.318s][info][gc,heap        ] GC(219) Archive regions: 0->0
[52.318s][info][gc,heap        ] GC(219) Humongous regions: 7->7
[52.318s][info][gc,metaspace   ] GC(219) Metaspace: 61107K(62016K)->61107K(62016K) NonClass: 53537K(54016K)->53537K(54016K) Class: 7570K(8000K)->7570K(8000K)
[52.318s][info][gc             ] GC(219) Pause Young (Normal) (G1 Evacuation Pause) 571M->177M(660M) 2.128ms
[52.318s][info][gc,cpu         ] GC(219) User=0.00s Sys=0.00s Real=0.00s
[52.448s][info][gc,start       ] GC(220) Pause Young (Normal) (G1 Evacuation Pause)
[52.448s][info][gc,task        ] GC(220) Using 16 workers of 33 for evacuation
[52.450s][info][gc,phases      ] GC(220)   Pre Evacuate Collection Set: 0.2ms
[52.450s][info][gc,phases      ] GC(220)   Merge Heap Roots: 0.1ms
[52.450s][info][gc,phases      ] GC(220)   Evacuate Collection Set: 0.4ms
[52.450s][info][gc,phases      ] GC(220)   Post Evacuate Collection Set: 0.6ms
[52.450s][info][gc,phases      ] GC(220)   Other: 0.1ms
[52.450s][info][gc,heap        ] GC(220) Eden regions: 197->0(197)
[52.450s][info][gc,heap        ] GC(220) Survivor regions: 1->1(25)
[52.450s][info][gc,heap        ] GC(220) Old regions: 92->92
[52.450s][info][gc,heap        ] GC(220) Archive regions: 0->0
[52.450s][info][gc,heap        ] GC(220) Humongous regions: 7->7
[52.450s][info][gc,metaspace   ] GC(220) Metaspace: 61107K(62016K)->61107K(62016K) NonClass: 53537K(54016K)->53537K(54016K) Class: 7570K(8000K)->7570K(8000K)
[52.450s][info][gc             ] GC(220) Pause Young (Normal) (G1 Evacuation Pause) 571M->177M(660M) 1.917ms
[52.450s][info][gc,cpu         ] GC(220) User=0.00s Sys=0.00s Real=0.00s
[52.597s][info][gc,start       ] GC(221) Pause Young (Normal) (G1 Evacuation Pause)
[52.597s][info][gc,task        ] GC(221) Using 15 workers of 33 for evacuation
[52.598s][info][gc,phases      ] GC(221)   Pre Evacuate Collection Set: 0.2ms
[52.599s][info][gc,phases      ] GC(221)   Merge Heap Roots: 0.1ms
[52.599s][info][gc,phases      ] GC(221)   Evacuate Collection Set: 0.4ms
[52.599s][info][gc,phases      ] GC(221)   Post Evacuate Collection Set: 0.7ms
[52.599s][info][gc,phases      ] GC(221)   Other: 0.1ms
[52.599s][info][gc,heap        ] GC(221) Eden regions: 197->0(197)
[52.599s][info][gc,heap        ] GC(221) Survivor regions: 1->1(25)
[52.599s][info][gc,heap        ] GC(221) Old regions: 92->92
[52.599s][info][gc,heap        ] GC(221) Archive regions: 0->0
[52.599s][info][gc,heap        ] GC(221) Humongous regions: 7->7
[52.599s][info][gc,metaspace   ] GC(221) Metaspace: 61107K(62016K)->61107K(62016K) NonClass: 53537K(54016K)->53537K(54016K) Class: 7570K(8000K)->7570K(8000K)
[52.599s][info][gc             ] GC(221) Pause Young (Normal) (G1 Evacuation Pause) 571M->177M(660M) 2.022ms
[52.599s][info][gc,cpu         ] GC(221) User=0.00s Sys=0.00s Real=0.00s
[52.767s][info][gc,start       ] GC(222) Pause Full (System.gc())
[52.767s][info][gc,task        ] GC(222) Using 15 workers of 33 for full compaction
[52.768s][info][gc,phases,start] GC(222) Phase 1: Mark live objects
[52.808s][info][gc,phases      ] GC(222) Phase 1: Mark live objects 40.294ms
[52.808s][info][gc,phases,start] GC(222) Phase 2: Prepare compaction
[52.813s][info][gc,phases      ] GC(222) Phase 2: Prepare compaction 5.242ms
[52.813s][info][gc,phases,start] GC(222) Phase 3: Adjust pointers
[52.821s][info][gc,phases      ] GC(222) Phase 3: Adjust pointers 8.207ms
[52.821s][info][gc,phases,start] GC(222) Phase 4: Compact heap
[52.822s][info][gc,phases      ] GC(222) Phase 4: Compact heap 0.794ms
[52.830s][info][gc,heap        ] GC(222) Eden regions: 175->0(196)
[52.830s][info][gc,heap        ] GC(222) Survivor regions: 1->0(25)
[52.830s][info][gc,heap        ] GC(222) Old regions: 92->91
[52.830s][info][gc,heap        ] GC(222) Archive regions: 0->0
[52.830s][info][gc,heap        ] GC(222) Humongous regions: 10->7
[52.830s][info][gc,metaspace   ] GC(222) Metaspace: 61127K(62016K)->61127K(62016K) NonClass: 53557K(54016K)->53557K(54016K) Class: 7570K(8000K)->7570K(8000K)
[52.830s][info][gc             ] GC(222) Pause Full (System.gc()) 532M->177M(654M) 63.367ms
[52.830s][info][gc,cpu         ] GC(222) User=0.72s Sys=0.00s Real=0.06s
[53.020s][info][gc,start       ] GC(223) Pause Young (Normal) (G1 Evacuation Pause)
[53.020s][info][gc,task        ] GC(223) Using 15 workers of 33 for evacuation
[53.022s][info][gc,phases      ] GC(223)   Pre Evacuate Collection Set: 0.2ms
[53.022s][info][gc,phases      ] GC(223)   Merge Heap Roots: 0.1ms
[53.022s][info][gc,phases      ] GC(223)   Evacuate Collection Set: 0.5ms
[53.022s][info][gc,phases      ] GC(223)   Post Evacuate Collection Set: 0.7ms
[53.022s][info][gc,phases      ] GC(223)   Other: 0.2ms
[53.022s][info][gc,heap        ] GC(223) Eden regions: 196->0(195)
[53.022s][info][gc,heap        ] GC(223) Survivor regions: 0->1(25)
[53.022s][info][gc,heap        ] GC(223) Old regions: 91->91
[53.022s][info][gc,heap        ] GC(223) Archive regions: 0->0
[53.022s][info][gc,heap        ] GC(223) Humongous regions: 13->7
[53.022s][info][gc,metaspace   ] GC(223) Metaspace: 61211K(62144K)->61211K(62144K) NonClass: 53635K(54144K)->53635K(54144K) Class: 7575K(8000K)->7575K(8000K)
[53.022s][info][gc             ] GC(223) Pause Young (Normal) (G1 Evacuation Pause) 581M->177M(654M) 2.281ms
[53.022s][info][gc,cpu         ] GC(223) User=0.52s Sys=0.00s Real=0.02s
[53.170s][info][gc,start       ] GC(224) Pause Young (Normal) (G1 Evacuation Pause)
[53.170s][info][gc,task        ] GC(224) Using 15 workers of 33 for evacuation
[53.172s][info][gc,phases      ] GC(224)   Pre Evacuate Collection Set: 0.2ms
[53.172s][info][gc,phases      ] GC(224)   Merge Heap Roots: 0.1ms
[53.172s][info][gc,phases      ] GC(224)   Evacuate Collection Set: 0.4ms
[53.172s][info][gc,phases      ] GC(224)   Post Evacuate Collection Set: 0.7ms
[53.172s][info][gc,phases      ] GC(224)   Other: 0.2ms
[53.172s][info][gc,heap        ] GC(224) Eden regions: 195->0(195)
[53.172s][info][gc,heap        ] GC(224) Survivor regions: 1->1(25)
[53.172s][info][gc,heap        ] GC(224) Old regions: 91->91
[53.172s][info][gc,heap        ] GC(224) Archive regions: 0->0
[53.172s][info][gc,heap        ] GC(224) Humongous regions: 7->7
[53.172s][info][gc,metaspace   ] GC(224) Metaspace: 61218K(62144K)->61218K(62144K) NonClass: 53642K(54144K)->53642K(54144K) Class: 7575K(8000K)->7575K(8000K)
[53.172s][info][gc             ] GC(224) Pause Young (Normal) (G1 Evacuation Pause) 567M->177M(654M) 2.090ms
[53.172s][info][gc,cpu         ] GC(224) User=0.00s Sys=0.00s Real=0.00s
[53.316s][info][gc,start       ] GC(225) Pause Young (Normal) (G1 Evacuation Pause)
[53.316s][info][gc,task        ] GC(225) Using 15 workers of 33 for evacuation
[53.318s][info][gc,phases      ] GC(225)   Pre Evacuate Collection Set: 0.2ms
[53.318s][info][gc,phases      ] GC(225)   Merge Heap Roots: 0.1ms
[53.318s][info][gc,phases      ] GC(225)   Evacuate Collection Set: 0.5ms
[53.318s][info][gc,phases      ] GC(225)   Post Evacuate Collection Set: 0.7ms
[53.318s][info][gc,phases      ] GC(225)   Other: 0.2ms
[53.318s][info][gc,heap        ] GC(225) Eden regions: 195->0(195)
[53.318s][info][gc,heap        ] GC(225) Survivor regions: 1->1(25)
[53.318s][info][gc,heap        ] GC(225) Old regions: 91->91
[53.318s][info][gc,heap        ] GC(225) Archive regions: 0->0
[53.318s][info][gc,heap        ] GC(225) Humongous regions: 7->7
[53.318s][info][gc,metaspace   ] GC(225) Metaspace: 61218K(62144K)->61218K(62144K) NonClass: 53642K(54144K)->53642K(54144K) Class: 7575K(8000K)->7575K(8000K)
[53.318s][info][gc             ] GC(225) Pause Young (Normal) (G1 Evacuation Pause) 567M->177M(654M) 2.084ms
[53.318s][info][gc,cpu         ] GC(225) User=0.00s Sys=0.00s Real=0.00s
[53.446s][info][gc,start       ] GC(226) Pause Young (Normal) (G1 Evacuation Pause)
[53.446s][info][gc,task        ] GC(226) Using 15 workers of 33 for evacuation
[53.447s][info][gc,phases      ] GC(226)   Pre Evacuate Collection Set: 0.2ms
[53.447s][info][gc,phases      ] GC(226)   Merge Heap Roots: 0.1ms
[53.447s][info][gc,phases      ] GC(226)   Evacuate Collection Set: 0.4ms
[53.447s][info][gc,phases      ] GC(226)   Post Evacuate Collection Set: 0.7ms
[53.448s][info][gc,phases      ] GC(226)   Other: 0.2ms
[53.448s][info][gc,heap        ] GC(226) Eden regions: 195->0(195)
[53.448s][info][gc,heap        ] GC(226) Survivor regions: 1->1(25)
[53.448s][info][gc,heap        ] GC(226) Old regions: 91->91
[53.448s][info][gc,heap        ] GC(226) Archive regions: 0->0
[53.448s][info][gc,heap        ] GC(226) Humongous regions: 7->7
[53.448s][info][gc,metaspace   ] GC(226) Metaspace: 61218K(62144K)->61218K(62144K) NonClass: 53642K(54144K)->53642K(54144K) Class: 7575K(8000K)->7575K(8000K)
[53.448s][info][gc             ] GC(226) Pause Young (Normal) (G1 Evacuation Pause) 567M->177M(654M) 2.028ms
[53.448s][info][gc,cpu         ] GC(226) User=0.00s Sys=0.00s Real=0.00s
[53.604s][info][gc,start       ] GC(227) Pause Full (System.gc())
[53.604s][info][gc,task        ] GC(227) Using 15 workers of 33 for full compaction
[53.605s][info][gc,phases,start] GC(227) Phase 1: Mark live objects
[53.648s][info][gc,phases      ] GC(227) Phase 1: Mark live objects 42.772ms
[53.648s][info][gc,phases,start] GC(227) Phase 2: Prepare compaction
[53.653s][info][gc,phases      ] GC(227) Phase 2: Prepare compaction 5.220ms
[53.653s][info][gc,phases,start] GC(227) Phase 3: Adjust pointers
[53.661s][info][gc,phases      ] GC(227) Phase 3: Adjust pointers 8.151ms
[53.661s][info][gc,phases,start] GC(227) Phase 4: Compact heap
[53.662s][info][gc,phases      ] GC(227) Phase 4: Compact heap 0.770ms
[53.671s][info][gc,heap        ] GC(227) Eden regions: 183->0(196)
[53.671s][info][gc,heap        ] GC(227) Survivor regions: 1->0(25)
[53.671s][info][gc,heap        ] GC(227) Old regions: 91->91
[53.671s][info][gc,heap        ] GC(227) Archive regions: 0->0
[53.671s][info][gc,heap        ] GC(227) Humongous regions: 10->7
[53.671s][info][gc,metaspace   ] GC(227) Metaspace: 61240K(62144K)->61240K(62144K) NonClass: 53664K(54144K)->53664K(54144K) Class: 7576K(8000K)->7576K(8000K)
[53.671s][info][gc             ] GC(227) Pause Full (System.gc()) 548M->177M(654M) 66.677ms
[53.671s][info][gc,cpu         ] GC(227) User=0.58s Sys=0.02s Real=0.06s
[53.850s][info][gc,start       ] GC(228) Pause Young (Normal) (G1 Evacuation Pause)
[53.850s][info][gc,task        ] GC(228) Using 15 workers of 33 for evacuation
[53.852s][info][gc,phases      ] GC(228)   Pre Evacuate Collection Set: 0.2ms
[53.852s][info][gc,phases      ] GC(228)   Merge Heap Roots: 0.1ms
[53.852s][info][gc,phases      ] GC(228)   Evacuate Collection Set: 0.5ms
[53.852s][info][gc,phases      ] GC(228)   Post Evacuate Collection Set: 0.7ms
[53.852s][info][gc,phases      ] GC(228)   Other: 0.2ms
[53.852s][info][gc,heap        ] GC(228) Eden regions: 196->0(195)
[53.852s][info][gc,heap        ] GC(228) Survivor regions: 0->1(25)
[53.852s][info][gc,heap        ] GC(228) Old regions: 91->91
[53.852s][info][gc,heap        ] GC(228) Archive regions: 0->0
[53.852s][info][gc,heap        ] GC(228) Humongous regions: 13->7
[53.852s][info][gc,metaspace   ] GC(228) Metaspace: 61259K(62144K)->61259K(62144K) NonClass: 53682K(54144K)->53682K(54144K) Class: 7576K(8000K)->7576K(8000K)
[53.852s][info][gc             ] GC(228) Pause Young (Normal) (G1 Evacuation Pause) 581M->177M(654M) 2.238ms
[53.852s][info][gc,cpu         ] GC(228) User=0.00s Sys=0.00s Real=0.00s
[53.989s][info][gc,start       ] GC(229) Pause Young (Normal) (G1 Evacuation Pause)
[53.989s][info][gc,task        ] GC(229) Using 15 workers of 33 for evacuation
[53.991s][info][gc,phases      ] GC(229)   Pre Evacuate Collection Set: 0.2ms
[53.991s][info][gc,phases      ] GC(229)   Merge Heap Roots: 0.1ms
[53.991s][info][gc,phases      ] GC(229)   Evacuate Collection Set: 0.5ms
[53.991s][info][gc,phases      ] GC(229)   Post Evacuate Collection Set: 0.7ms
[53.991s][info][gc,phases      ] GC(229)   Other: 0.1ms
[53.991s][info][gc,heap        ] GC(229) Eden regions: 195->0(195)
[53.991s][info][gc,heap        ] GC(229) Survivor regions: 1->1(25)
[53.991s][info][gc,heap        ] GC(229) Old regions: 91->91
[53.991s][info][gc,heap        ] GC(229) Archive regions: 0->0
[53.991s][info][gc,heap        ] GC(229) Humongous regions: 7->7
[53.991s][info][gc,metaspace   ] GC(229) Metaspace: 61259K(62144K)->61259K(62144K) NonClass: 53682K(54144K)->53682K(54144K) Class: 7576K(8000K)->7576K(8000K)
[53.991s][info][gc             ] GC(229) Pause Young (Normal) (G1 Evacuation Pause) 567M->177M(654M) 2.076ms
[53.991s][info][gc,cpu         ] GC(229) User=0.23s Sys=0.00s Real=0.02s
[54.128s][info][gc,start       ] GC(230) Pause Young (Normal) (G1 Evacuation Pause)
[54.128s][info][gc,task        ] GC(230) Using 15 workers of 33 for evacuation
[54.133s][info][gc,phases      ] GC(230)   Pre Evacuate Collection Set: 0.2ms
[54.133s][info][gc,phases      ] GC(230)   Merge Heap Roots: 0.1ms
[54.133s][info][gc,phases      ] GC(230)   Evacuate Collection Set: 0.4ms
[54.133s][info][gc,phases      ] GC(230)   Post Evacuate Collection Set: 4.6ms
[54.133s][info][gc,phases      ] GC(230)   Other: 0.2ms
[54.134s][info][gc,heap        ] GC(230) Eden regions: 195->0(344)
[54.134s][info][gc,heap        ] GC(230) Survivor regions: 1->1(25)
[54.134s][info][gc,heap        ] GC(230) Old regions: 91->91
[54.134s][info][gc,heap        ] GC(230) Archive regions: 0->0
[54.134s][info][gc,heap        ] GC(230) Humongous regions: 7->7
[54.134s][info][gc,metaspace   ] GC(230) Metaspace: 61259K(62144K)->61259K(62144K) NonClass: 53682K(54144K)->53682K(54144K) Class: 7576K(8000K)->7576K(8000K)
[54.134s][info][gc             ] GC(230) Pause Young (Normal) (G1 Evacuation Pause) 567M->177M(1150M) 5.900ms
[54.134s][info][gc,cpu         ] GC(230) User=0.00s Sys=0.00s Real=0.00s
[54.460s][info][gc,start       ] GC(231) Pause Young (Normal) (G1 Evacuation Pause)
[54.460s][info][gc,task        ] GC(231) Using 27 workers of 33 for evacuation
[54.462s][info][gc,phases      ] GC(231)   Pre Evacuate Collection Set: 0.2ms
[54.462s][info][gc,phases      ] GC(231)   Merge Heap Roots: 0.2ms
[54.462s][info][gc,phases      ] GC(231)   Evacuate Collection Set: 0.6ms
[54.462s][info][gc,phases      ] GC(231)   Post Evacuate Collection Set: 0.8ms
[54.462s][info][gc,phases      ] GC(231)   Other: 0.2ms
[54.462s][info][gc,heap        ] GC(231) Eden regions: 344->0(344)
[54.462s][info][gc,heap        ] GC(231) Survivor regions: 1->1(44)
[54.462s][info][gc,heap        ] GC(231) Old regions: 91->91
[54.462s][info][gc,heap        ] GC(231) Archive regions: 0->0
[54.462s][info][gc,heap        ] GC(231) Humongous regions: 7->7
[54.462s][info][gc,metaspace   ] GC(231) Metaspace: 61259K(62144K)->61259K(62144K) NonClass: 53682K(54144K)->53682K(54144K) Class: 7576K(8000K)->7576K(8000K)
[54.463s][info][gc             ] GC(231) Pause Young (Normal) (G1 Evacuation Pause) 865M->177M(1150M) 2.471ms
[54.463s][info][gc,cpu         ] GC(231) User=0.00s Sys=0.00s Real=0.00s
[54.520s][info][gc,start       ] GC(232) Pause Full (System.gc())
[54.520s][info][gc,task        ] GC(232) Using 27 workers of 33 for full compaction
[54.521s][info][gc,phases,start] GC(232) Phase 1: Mark live objects
[54.558s][info][gc,phases      ] GC(232) Phase 1: Mark live objects 36.618ms
[54.558s][info][gc,phases,start] GC(232) Phase 2: Prepare compaction
[54.564s][info][gc,phases      ] GC(232) Phase 2: Prepare compaction 6.018ms
[54.564s][info][gc,phases,start] GC(232) Phase 3: Adjust pointers
[54.574s][info][gc,phases      ] GC(232) Phase 3: Adjust pointers 10.093ms
[54.574s][info][gc,phases,start] GC(232) Phase 4: Compact heap
[54.575s][info][gc,phases      ] GC(232) Phase 4: Compact heap 0.707ms
[54.586s][info][gc,heap        ] GC(232) Eden regions: 33->0(198)
[54.586s][info][gc,heap        ] GC(232) Survivor regions: 1->0(44)
[54.586s][info][gc,heap        ] GC(232) Old regions: 91->92
[54.586s][info][gc,heap        ] GC(232) Archive regions: 0->0
[54.586s][info][gc,heap        ] GC(232) Humongous regions: 10->7
[54.586s][info][gc,metaspace   ] GC(232) Metaspace: 61265K(62144K)->61265K(62144K) NonClass: 53688K(54144K)->53688K(54144K) Class: 7576K(8000K)->7576K(8000K)
[54.586s][info][gc             ] GC(232) Pause Full (System.gc()) 249M->177M(660M) 66.411ms
[54.586s][info][gc,cpu         ] GC(232) User=1.28s Sys=0.25s Real=0.06s
[54.790s][info][gc,start       ] GC(233) Pause Young (Normal) (G1 Evacuation Pause)
[54.790s][info][gc,task        ] GC(233) Using 21 workers of 33 for evacuation
[54.792s][info][gc,phases      ] GC(233)   Pre Evacuate Collection Set: 0.2ms
[54.792s][info][gc,phases      ] GC(233)   Merge Heap Roots: 0.1ms
[54.792s][info][gc,phases      ] GC(233)   Evacuate Collection Set: 0.4ms
[54.792s][info][gc,phases      ] GC(233)   Post Evacuate Collection Set: 0.7ms
[54.792s][info][gc,phases      ] GC(233)   Other: 0.2ms
[54.792s][info][gc,heap        ] GC(233) Eden regions: 198->0(197)
[54.792s][info][gc,heap        ] GC(233) Survivor regions: 0->1(25)
[54.792s][info][gc,heap        ] GC(233) Old regions: 92->92
[54.792s][info][gc,heap        ] GC(233) Archive regions: 0->0
[54.792s][info][gc,heap        ] GC(233) Humongous regions: 13->7
[54.792s][info][gc,metaspace   ] GC(233) Metaspace: 61265K(62144K)->61265K(62144K) NonClass: 53689K(54144K)->53689K(54144K) Class: 7576K(8000K)->7576K(8000K)
[54.792s][info][gc             ] GC(233) Pause Young (Normal) (G1 Evacuation Pause) 585M->177M(660M) 2.189ms
[54.792s][info][gc,cpu         ] GC(233) User=0.00s Sys=0.00s Real=0.00s
[54.930s][info][gc,start       ] GC(234) Pause Young (Normal) (G1 Evacuation Pause)
[54.930s][info][gc,task        ] GC(234) Using 18 workers of 33 for evacuation
[54.932s][info][gc,phases      ] GC(234)   Pre Evacuate Collection Set: 0.2ms
[54.932s][info][gc,phases      ] GC(234)   Merge Heap Roots: 0.1ms
[54.932s][info][gc,phases      ] GC(234)   Evacuate Collection Set: 0.4ms
[54.932s][info][gc,phases      ] GC(234)   Post Evacuate Collection Set: 0.7ms
[54.932s][info][gc,phases      ] GC(234)   Other: 0.2ms
[54.932s][info][gc,heap        ] GC(234) Eden regions: 197->0(197)
[54.932s][info][gc,heap        ] GC(234) Survivor regions: 1->1(25)
[54.932s][info][gc,heap        ] GC(234) Old regions: 92->92
[54.932s][info][gc,heap        ] GC(234) Archive regions: 0->0
[54.932s][info][gc,heap        ] GC(234) Humongous regions: 7->7
[54.932s][info][gc,metaspace   ] GC(234) Metaspace: 61265K(62144K)->61265K(62144K) NonClass: 53689K(54144K)->53689K(54144K) Class: 7576K(8000K)->7576K(8000K)
[54.932s][info][gc             ] GC(234) Pause Young (Normal) (G1 Evacuation Pause) 571M->177M(660M) 2.021ms
[54.932s][info][gc,cpu         ] GC(234) User=0.00s Sys=0.00s Real=0.00s
[55.062s][info][gc,start       ] GC(235) Pause Young (Normal) (G1 Evacuation Pause)
[55.062s][info][gc,task        ] GC(235) Using 16 workers of 33 for evacuation
[55.064s][info][gc,phases      ] GC(235)   Pre Evacuate Collection Set: 0.2ms
[55.064s][info][gc,phases      ] GC(235)   Merge Heap Roots: 0.1ms
[55.064s][info][gc,phases      ] GC(235)   Evacuate Collection Set: 0.5ms
[55.064s][info][gc,phases      ] GC(235)   Post Evacuate Collection Set: 0.7ms
[55.064s][info][gc,phases      ] GC(235)   Other: 0.2ms
[55.064s][info][gc,heap        ] GC(235) Eden regions: 197->0(197)
[55.064s][info][gc,heap        ] GC(235) Survivor regions: 1->1(25)
[55.064s][info][gc,heap        ] GC(235) Old regions: 92->92
[55.064s][info][gc,heap        ] GC(235) Archive regions: 0->0
[55.064s][info][gc,heap        ] GC(235) Humongous regions: 7->7
[55.064s][info][gc,metaspace   ] GC(235) Metaspace: 61265K(62144K)->61265K(62144K) NonClass: 53689K(54144K)->53689K(54144K) Class: 7576K(8000K)->7576K(8000K)
[55.064s][info][gc             ] GC(235) Pause Young (Normal) (G1 Evacuation Pause) 571M->177M(660M) 2.086ms
[55.064s][info][gc,cpu         ] GC(235) User=0.00s Sys=0.00s Real=0.00s
[55.197s][info][gc,start       ] GC(236) Pause Young (Normal) (G1 Evacuation Pause)
[55.197s][info][gc,task        ] GC(236) Using 15 workers of 33 for evacuation
[55.198s][info][gc,phases      ] GC(236)   Pre Evacuate Collection Set: 0.2ms
[55.198s][info][gc,phases      ] GC(236)   Merge Heap Roots: 0.1ms
[55.198s][info][gc,phases      ] GC(236)   Evacuate Collection Set: 0.4ms
[55.198s][info][gc,phases      ] GC(236)   Post Evacuate Collection Set: 0.7ms
[55.198s][info][gc,phases      ] GC(236)   Other: 0.2ms
[55.199s][info][gc,heap        ] GC(236) Eden regions: 197->0(197)
[55.199s][info][gc,heap        ] GC(236) Survivor regions: 1->1(25)
[55.199s][info][gc,heap        ] GC(236) Old regions: 92->92
[55.199s][info][gc,heap        ] GC(236) Archive regions: 0->0
[55.199s][info][gc,heap        ] GC(236) Humongous regions: 7->7
[55.199s][info][gc,metaspace   ] GC(236) Metaspace: 61265K(62144K)->61265K(62144K) NonClass: 53689K(54144K)->53689K(54144K) Class: 7576K(8000K)->7576K(8000K)
[55.199s][info][gc             ] GC(236) Pause Young (Normal) (G1 Evacuation Pause) 571M->177M(660M) 2.083ms
[55.199s][info][gc,cpu         ] GC(236) User=0.00s Sys=0.00s Real=0.00s
[55.346s][info][gc,start       ] GC(237) Pause Full (System.gc())
[55.346s][info][gc,task        ] GC(237) Using 15 workers of 33 for full compaction
[55.347s][info][gc,phases,start] GC(237) Phase 1: Mark live objects
[55.385s][info][gc,phases      ] GC(237) Phase 1: Mark live objects 37.802ms
[55.385s][info][gc,phases,start] GC(237) Phase 2: Prepare compaction
[55.390s][info][gc,phases      ] GC(237) Phase 2: Prepare compaction 5.204ms
[55.390s][info][gc,phases,start] GC(237) Phase 3: Adjust pointers
[55.399s][info][gc,phases      ] GC(237) Phase 3: Adjust pointers 8.195ms
[55.399s][info][gc,phases,start] GC(237) Phase 4: Compact heap
[55.399s][info][gc,phases      ] GC(237) Phase 4: Compact heap 0.862ms
[55.408s][info][gc,heap        ] GC(237) Eden regions: 175->0(196)
[55.408s][info][gc,heap        ] GC(237) Survivor regions: 1->0(25)
[55.408s][info][gc,heap        ] GC(237) Old regions: 92->91
[55.408s][info][gc,heap        ] GC(237) Archive regions: 0->0
[55.408s][info][gc,heap        ] GC(237) Humongous regions: 10->7
[55.408s][info][gc,metaspace   ] GC(237) Metaspace: 61265K(62144K)->61265K(62144K) NonClass: 53689K(54144K)->53689K(54144K) Class: 7576K(8000K)->7576K(8000K)
[55.408s][info][gc             ] GC(237) Pause Full (System.gc()) 532M->177M(654M) 62.040ms
[55.408s][info][gc,cpu         ] GC(237) User=0.72s Sys=0.00s Real=0.06s
[55.601s][info][gc,start       ] GC(238) Pause Young (Normal) (G1 Evacuation Pause)
[55.601s][info][gc,task        ] GC(238) Using 15 workers of 33 for evacuation
[55.603s][info][gc,phases      ] GC(238)   Pre Evacuate Collection Set: 0.2ms
[55.603s][info][gc,phases      ] GC(238)   Merge Heap Roots: 0.1ms
[55.603s][info][gc,phases      ] GC(238)   Evacuate Collection Set: 0.5ms
[55.603s][info][gc,phases      ] GC(238)   Post Evacuate Collection Set: 0.6ms
[55.603s][info][gc,phases      ] GC(238)   Other: 0.2ms
[55.603s][info][gc,heap        ] GC(238) Eden regions: 196->0(195)
[55.603s][info][gc,heap        ] GC(238) Survivor regions: 0->1(25)
[55.603s][info][gc,heap        ] GC(238) Old regions: 91->91
[55.603s][info][gc,heap        ] GC(238) Archive regions: 0->0
[55.603s][info][gc,heap        ] GC(238) Humongous regions: 13->7
[55.603s][info][gc,metaspace   ] GC(238) Metaspace: 61271K(62144K)->61271K(62144K) NonClass: 53695K(54144K)->53695K(54144K) Class: 7576K(8000K)->7576K(8000K)
[55.603s][info][gc             ] GC(238) Pause Young (Normal) (G1 Evacuation Pause) 581M->177M(654M) 2.185ms
[55.603s][info][gc,cpu         ] GC(238) User=0.00s Sys=0.00s Real=0.00s
[55.741s][info][gc,start       ] GC(239) Pause Young (Normal) (G1 Evacuation Pause)
[55.741s][info][gc,task        ] GC(239) Using 15 workers of 33 for evacuation
[55.743s][info][gc,phases      ] GC(239)   Pre Evacuate Collection Set: 0.3ms
[55.743s][info][gc,phases      ] GC(239)   Merge Heap Roots: 0.1ms
[55.743s][info][gc,phases      ] GC(239)   Evacuate Collection Set: 0.5ms
[55.743s][info][gc,phases      ] GC(239)   Post Evacuate Collection Set: 0.7ms
[55.743s][info][gc,phases      ] GC(239)   Other: 0.2ms
[55.743s][info][gc,heap        ] GC(239) Eden regions: 195->0(195)
[55.743s][info][gc,heap        ] GC(239) Survivor regions: 1->1(25)
[55.743s][info][gc,heap        ] GC(239) Old regions: 91->91
[55.743s][info][gc,heap        ] GC(239) Archive regions: 0->0
[55.743s][info][gc,heap        ] GC(239) Humongous regions: 7->7
[55.744s][info][gc,metaspace   ] GC(239) Metaspace: 61271K(62144K)->61271K(62144K) NonClass: 53695K(54144K)->53695K(54144K) Class: 7576K(8000K)->7576K(8000K)
[55.744s][info][gc             ] GC(239) Pause Young (Normal) (G1 Evacuation Pause) 567M->177M(654M) 2.287ms
[55.744s][info][gc,cpu         ] GC(239) User=0.00s Sys=0.00s Real=0.00s
[55.871s][info][gc,start       ] GC(240) Pause Young (Normal) (G1 Evacuation Pause)
[55.871s][info][gc,task        ] GC(240) Using 15 workers of 33 for evacuation
[55.873s][info][gc,phases      ] GC(240)   Pre Evacuate Collection Set: 0.2ms
[55.873s][info][gc,phases      ] GC(240)   Merge Heap Roots: 0.1ms
[55.873s][info][gc,phases      ] GC(240)   Evacuate Collection Set: 0.4ms
[55.873s][info][gc,phases      ] GC(240)   Post Evacuate Collection Set: 0.7ms
[55.873s][info][gc,phases      ] GC(240)   Other: 0.1ms
[55.873s][info][gc,heap        ] GC(240) Eden regions: 195->0(195)
[55.873s][info][gc,heap        ] GC(240) Survivor regions: 1->1(25)
[55.873s][info][gc,heap        ] GC(240) Old regions: 91->91
[55.873s][info][gc,heap        ] GC(240) Archive regions: 0->0
[55.873s][info][gc,heap        ] GC(240) Humongous regions: 7->7
[55.873s][info][gc,metaspace   ] GC(240) Metaspace: 61271K(62144K)->61271K(62144K) NonClass: 53695K(54144K)->53695K(54144K) Class: 7576K(8000K)->7576K(8000K)
[55.873s][info][gc             ] GC(240) Pause Young (Normal) (G1 Evacuation Pause) 567M->177M(654M) 2.018ms
[55.873s][info][gc,cpu         ] GC(240) User=0.02s Sys=0.00s Real=0.02s
[56.001s][info][gc,start       ] GC(241) Pause Young (Normal) (G1 Evacuation Pause)
[56.001s][info][gc,task        ] GC(241) Using 15 workers of 33 for evacuation
[56.003s][info][gc,phases      ] GC(241)   Pre Evacuate Collection Set: 0.2ms
[56.003s][info][gc,phases      ] GC(241)   Merge Heap Roots: 0.1ms
[56.003s][info][gc,phases      ] GC(241)   Evacuate Collection Set: 0.4ms
[56.003s][info][gc,phases      ] GC(241)   Post Evacuate Collection Set: 0.6ms
[56.003s][info][gc,phases      ] GC(241)   Other: 0.2ms
[56.003s][info][gc,heap        ] GC(241) Eden regions: 195->0(195)
[56.003s][info][gc,heap        ] GC(241) Survivor regions: 1->1(25)
[56.003s][info][gc,heap        ] GC(241) Old regions: 91->91
[56.003s][info][gc,heap        ] GC(241) Archive regions: 0->0
[56.003s][info][gc,heap        ] GC(241) Humongous regions: 7->7
[56.003s][info][gc,metaspace   ] GC(241) Metaspace: 61271K(62144K)->61271K(62144K) NonClass: 53695K(54144K)->53695K(54144K) Class: 7576K(8000K)->7576K(8000K)
[56.003s][info][gc             ] GC(241) Pause Young (Normal) (G1 Evacuation Pause) 567M->177M(654M) 2.011ms
[56.003s][info][gc,cpu         ] GC(241) User=0.00s Sys=0.00s Real=0.00s
[56.164s][info][gc,start       ] GC(242) Pause Full (System.gc())
[56.165s][info][gc,task        ] GC(242) Using 15 workers of 33 for full compaction
[56.165s][info][gc,phases,start] GC(242) Phase 1: Mark live objects
[56.204s][info][gc,phases      ] GC(242) Phase 1: Mark live objects 38.890ms
[56.204s][info][gc,phases,start] GC(242) Phase 2: Prepare compaction
[56.210s][info][gc,phases      ] GC(242) Phase 2: Prepare compaction 5.325ms
[56.210s][info][gc,phases,start] GC(242) Phase 3: Adjust pointers
[56.218s][info][gc,phases      ] GC(242) Phase 3: Adjust pointers 8.503ms
[56.218s][info][gc,phases,start] GC(242) Phase 4: Compact heap
[56.219s][info][gc,phases      ] GC(242) Phase 4: Compact heap 0.744ms
[56.227s][info][gc,heap        ] GC(242) Eden regions: 182->0(196)
[56.227s][info][gc,heap        ] GC(242) Survivor regions: 1->0(25)
[56.227s][info][gc,heap        ] GC(242) Old regions: 91->91
[56.227s][info][gc,heap        ] GC(242) Archive regions: 0->0
[56.227s][info][gc,heap        ] GC(242) Humongous regions: 10->7
[56.227s][info][gc,metaspace   ] GC(242) Metaspace: 61272K(62144K)->61272K(62144K) NonClass: 53696K(54144K)->53696K(54144K) Class: 7576K(8000K)->7576K(8000K)
[56.227s][info][gc             ] GC(242) Pause Full (System.gc()) 547M->177M(654M) 62.319ms
[56.227s][info][gc,cpu         ] GC(242) User=0.72s Sys=0.00s Real=0.06s
[56.409s][info][gc,start       ] GC(243) Pause Young (Normal) (G1 Evacuation Pause)
[56.410s][info][gc,task        ] GC(243) Using 15 workers of 33 for evacuation
[56.411s][info][gc,phases      ] GC(243)   Pre Evacuate Collection Set: 0.2ms
[56.411s][info][gc,phases      ] GC(243)   Merge Heap Roots: 0.1ms
[56.411s][info][gc,phases      ] GC(243)   Evacuate Collection Set: 0.5ms
[56.411s][info][gc,phases      ] GC(243)   Post Evacuate Collection Set: 0.7ms
[56.411s][info][gc,phases      ] GC(243)   Other: 0.2ms
[56.411s][info][gc,heap        ] GC(243) Eden regions: 196->0(195)
[56.411s][info][gc,heap        ] GC(243) Survivor regions: 0->1(25)
[56.411s][info][gc,heap        ] GC(243) Old regions: 91->91
[56.411s][info][gc,heap        ] GC(243) Archive regions: 0->0
[56.412s][info][gc,heap        ] GC(243) Humongous regions: 13->7
[56.412s][info][gc,metaspace   ] GC(243) Metaspace: 61281K(62144K)->61281K(62144K) NonClass: 53705K(54144K)->53705K(54144K) Class: 7576K(8000K)->7576K(8000K)
[56.412s][info][gc             ] GC(243) Pause Young (Normal) (G1 Evacuation Pause) 581M->178M(654M) 2.250ms
[56.412s][info][gc,cpu         ] GC(243) User=0.52s Sys=0.00s Real=0.02s
[56.562s][info][gc,start       ] GC(244) Pause Young (Normal) (G1 Evacuation Pause)
[56.562s][info][gc,task        ] GC(244) Using 15 workers of 33 for evacuation
[56.564s][info][gc,phases      ] GC(244)   Pre Evacuate Collection Set: 0.2ms
[56.564s][info][gc,phases      ] GC(244)   Merge Heap Roots: 0.1ms
[56.564s][info][gc,phases      ] GC(244)   Evacuate Collection Set: 0.5ms
[56.564s][info][gc,phases      ] GC(244)   Post Evacuate Collection Set: 0.6ms
[56.564s][info][gc,phases      ] GC(244)   Other: 0.2ms
[56.564s][info][gc,heap        ] GC(244) Eden regions: 195->0(195)
[56.564s][info][gc,heap        ] GC(244) Survivor regions: 1->1(25)
[56.564s][info][gc,heap        ] GC(244) Old regions: 91->91
[56.564s][info][gc,heap        ] GC(244) Archive regions: 0->0
[56.564s][info][gc,heap        ] GC(244) Humongous regions: 7->7
[56.564s][info][gc,metaspace   ] GC(244) Metaspace: 61281K(62144K)->61281K(62144K) NonClass: 53705K(54144K)->53705K(54144K) Class: 7576K(8000K)->7576K(8000K)
[56.564s][info][gc             ] GC(244) Pause Young (Normal) (G1 Evacuation Pause) 568M->178M(654M) 2.075ms
[56.564s][info][gc,cpu         ] GC(244) User=0.00s Sys=0.00s Real=0.00s
[56.700s][info][gc,start       ] GC(245) Pause Young (Normal) (G1 Evacuation Pause)
[56.700s][info][gc,task        ] GC(245) Using 15 workers of 33 for evacuation
[56.705s][info][gc,phases      ] GC(245)   Pre Evacuate Collection Set: 0.2ms
[56.705s][info][gc,phases      ] GC(245)   Merge Heap Roots: 0.1ms
[56.705s][info][gc,phases      ] GC(245)   Evacuate Collection Set: 0.4ms
[56.705s][info][gc,phases      ] GC(245)   Post Evacuate Collection Set: 4.5ms
[56.705s][info][gc,phases      ] GC(245)   Other: 0.1ms
[56.705s][info][gc,heap        ] GC(245) Eden regions: 195->0(340)
[56.705s][info][gc,heap        ] GC(245) Survivor regions: 1->1(25)
[56.705s][info][gc,heap        ] GC(245) Old regions: 91->91
[56.706s][info][gc,heap        ] GC(245) Archive regions: 0->0
[56.706s][info][gc,heap        ] GC(245) Humongous regions: 7->7
[56.706s][info][gc,metaspace   ] GC(245) Metaspace: 61281K(62144K)->61281K(62144K) NonClass: 53705K(54144K)->53705K(54144K) Class: 7576K(8000K)->7576K(8000K)
[56.706s][info][gc             ] GC(245) Pause Young (Normal) (G1 Evacuation Pause) 568M->178M(1138M) 5.822ms
[56.706s][info][gc,cpu         ] GC(245) User=0.00s Sys=0.00s Real=0.00s
[57.031s][info][gc,start       ] GC(246) Pause Young (Normal) (G1 Evacuation Pause)
[57.031s][info][gc,task        ] GC(246) Using 27 workers of 33 for evacuation
[57.033s][info][gc,phases      ] GC(246)   Pre Evacuate Collection Set: 0.2ms
[57.033s][info][gc,phases      ] GC(246)   Merge Heap Roots: 0.2ms
[57.033s][info][gc,phases      ] GC(246)   Evacuate Collection Set: 0.6ms
[57.033s][info][gc,phases      ] GC(246)   Post Evacuate Collection Set: 0.9ms
[57.034s][info][gc,phases      ] GC(246)   Other: 0.2ms
[57.034s][info][gc,heap        ] GC(246) Eden regions: 340->0(340)
[57.034s][info][gc,heap        ] GC(246) Survivor regions: 1->1(43)
[57.034s][info][gc,heap        ] GC(246) Old regions: 91->91
[57.034s][info][gc,heap        ] GC(246) Archive regions: 0->0
[57.034s][info][gc,heap        ] GC(246) Humongous regions: 7->7
[57.034s][info][gc,metaspace   ] GC(246) Metaspace: 61281K(62144K)->61281K(62144K) NonClass: 53705K(54144K)->53705K(54144K) Class: 7576K(8000K)->7576K(8000K)
[57.034s][info][gc             ] GC(246) Pause Young (Normal) (G1 Evacuation Pause) 858M->177M(1138M) 2.601ms
[57.034s][info][gc,cpu         ] GC(246) User=0.00s Sys=0.00s Real=0.00s
[57.119s][info][gc,start       ] GC(247) Pause Full (System.gc())
[57.119s][info][gc,task        ] GC(247) Using 27 workers of 33 for full compaction
[57.120s][info][gc,phases,start] GC(247) Phase 1: Mark live objects
[57.154s][info][gc,phases      ] GC(247) Phase 1: Mark live objects 34.521ms
[57.154s][info][gc,phases,start] GC(247) Phase 2: Prepare compaction
[57.160s][info][gc,phases      ] GC(247) Phase 2: Prepare compaction 5.704ms
[57.160s][info][gc,phases,start] GC(247) Phase 3: Adjust pointers
[57.170s][info][gc,phases      ] GC(247) Phase 3: Adjust pointers 10.030ms
[57.170s][info][gc,phases,start] GC(247) Phase 4: Compact heap
[57.171s][info][gc,phases      ] GC(247) Phase 4: Compact heap 0.711ms
[57.181s][info][gc,heap        ] GC(247) Eden regions: 38->0(202)
[57.181s][info][gc,heap        ] GC(247) Survivor regions: 1->0(43)
[57.181s][info][gc,heap        ] GC(247) Old regions: 91->94
[57.181s][info][gc,heap        ] GC(247) Archive regions: 0->0
[57.181s][info][gc,heap        ] GC(247) Humongous regions: 10->7
[57.181s][info][gc,metaspace   ] GC(247) Metaspace: 61299K(62208K)->61299K(62208K) NonClass: 53723K(54208K)->53723K(54208K) Class: 7576K(8000K)->7576K(8000K)
[57.181s][info][gc             ] GC(247) Pause Full (System.gc()) 258M->177M(674M) 62.518ms
[57.181s][info][gc,cpu         ] GC(247) User=1.28s Sys=0.00s Real=0.06s
[57.374s][info][gc,start       ] GC(248) Pause Young (Normal) (G1 Evacuation Pause)
[57.374s][info][gc,task        ] GC(248) Using 21 workers of 33 for evacuation
[57.376s][info][gc,phases      ] GC(248)   Pre Evacuate Collection Set: 0.2ms
[57.376s][info][gc,phases      ] GC(248)   Merge Heap Roots: 0.1ms
[57.376s][info][gc,phases      ] GC(248)   Evacuate Collection Set: 0.5ms
[57.376s][info][gc,phases      ] GC(248)   Post Evacuate Collection Set: 0.7ms
[57.376s][info][gc,phases      ] GC(248)   Other: 0.2ms
[57.376s][info][gc,heap        ] GC(248) Eden regions: 202->0(201)
[57.376s][info][gc,heap        ] GC(248) Survivor regions: 0->1(26)
[57.376s][info][gc,heap        ] GC(248) Old regions: 94->94
[57.376s][info][gc,heap        ] GC(248) Archive regions: 0->0
[57.376s][info][gc,heap        ] GC(248) Humongous regions: 13->7
[57.376s][info][gc,metaspace   ] GC(248) Metaspace: 61322K(62208K)->61322K(62208K) NonClass: 53746K(54208K)->53746K(54208K) Class: 7576K(8000K)->7576K(8000K)
[57.376s][info][gc             ] GC(248) Pause Young (Normal) (G1 Evacuation Pause) 593M->178M(674M) 2.260ms
[57.376s][info][gc,cpu         ] GC(248) User=0.00s Sys=0.00s Real=0.00s
[57.508s][info][gc,start       ] GC(249) Pause Young (Normal) (G1 Evacuation Pause)
[57.508s][info][gc,task        ] GC(249) Using 18 workers of 33 for evacuation
[57.509s][info][gc,phases      ] GC(249)   Pre Evacuate Collection Set: 0.2ms
[57.509s][info][gc,phases      ] GC(249)   Merge Heap Roots: 0.1ms
[57.509s][info][gc,phases      ] GC(249)   Evacuate Collection Set: 0.5ms
[57.509s][info][gc,phases      ] GC(249)   Post Evacuate Collection Set: 0.7ms
[57.509s][info][gc,phases      ] GC(249)   Other: 0.2ms
[57.509s][info][gc,heap        ] GC(249) Eden regions: 201->0(201)
[57.509s][info][gc,heap        ] GC(249) Survivor regions: 1->1(26)
[57.510s][info][gc,heap        ] GC(249) Old regions: 94->94
[57.510s][info][gc,heap        ] GC(249) Archive regions: 0->0
[57.510s][info][gc,heap        ] GC(249) Humongous regions: 7->7
[57.510s][info][gc,metaspace   ] GC(249) Metaspace: 61322K(62208K)->61322K(62208K) NonClass: 53746K(54208K)->53746K(54208K) Class: 7576K(8000K)->7576K(8000K)
[57.510s][info][gc             ] GC(249) Pause Young (Normal) (G1 Evacuation Pause) 580M->178M(674M) 2.070ms
[57.510s][info][gc,cpu         ] GC(249) User=0.00s Sys=0.00s Real=0.00s
[57.643s][info][gc,start       ] GC(250) Pause Young (Normal) (G1 Evacuation Pause)
[57.643s][info][gc,task        ] GC(250) Using 17 workers of 33 for evacuation
[57.645s][info][gc,phases      ] GC(250)   Pre Evacuate Collection Set: 0.2ms
[57.645s][info][gc,phases      ] GC(250)   Merge Heap Roots: 0.1ms
[57.645s][info][gc,phases      ] GC(250)   Evacuate Collection Set: 0.5ms
[57.645s][info][gc,phases      ] GC(250)   Post Evacuate Collection Set: 0.6ms
[57.645s][info][gc,phases      ] GC(250)   Other: 0.2ms
[57.645s][info][gc,heap        ] GC(250) Eden regions: 201->0(201)
[57.645s][info][gc,heap        ] GC(250) Survivor regions: 1->1(26)
[57.645s][info][gc,heap        ] GC(250) Old regions: 94->94
[57.645s][info][gc,heap        ] GC(250) Archive regions: 0->0
[57.645s][info][gc,heap        ] GC(250) Humongous regions: 7->7
[57.645s][info][gc,metaspace   ] GC(250) Metaspace: 61322K(62208K)->61322K(62208K) NonClass: 53746K(54208K)->53746K(54208K) Class: 7576K(8000K)->7576K(8000K)
[57.645s][info][gc             ] GC(250) Pause Young (Normal) (G1 Evacuation Pause) 580M->178M(674M) 2.098ms
[57.645s][info][gc,cpu         ] GC(250) User=0.00s Sys=0.00s Real=0.00s
[57.777s][info][gc,start       ] GC(251) Pause Young (Normal) (G1 Evacuation Pause)
[57.778s][info][gc,task        ] GC(251) Using 16 workers of 33 for evacuation
[57.779s][info][gc,phases      ] GC(251)   Pre Evacuate Collection Set: 0.2ms
[57.779s][info][gc,phases      ] GC(251)   Merge Heap Roots: 0.1ms
[57.779s][info][gc,phases      ] GC(251)   Evacuate Collection Set: 0.4ms
[57.779s][info][gc,phases      ] GC(251)   Post Evacuate Collection Set: 0.7ms
[57.779s][info][gc,phases      ] GC(251)   Other: 0.2ms
[57.779s][info][gc,heap        ] GC(251) Eden regions: 201->0(201)
[57.779s][info][gc,heap        ] GC(251) Survivor regions: 1->1(26)
[57.779s][info][gc,heap        ] GC(251) Old regions: 94->94
[57.779s][info][gc,heap        ] GC(251) Archive regions: 0->0
[57.779s][info][gc,heap        ] GC(251) Humongous regions: 7->7
[57.779s][info][gc,metaspace   ] GC(251) Metaspace: 61322K(62208K)->61322K(62208K) NonClass: 53746K(54208K)->53746K(54208K) Class: 7576K(8000K)->7576K(8000K)
[57.779s][info][gc             ] GC(251) Pause Young (Normal) (G1 Evacuation Pause) 580M->178M(674M) 2.055ms
[57.780s][info][gc,cpu         ] GC(251) User=0.00s Sys=0.00s Real=0.00s
[57.939s][info][gc,start       ] GC(252) Pause Full (System.gc())
[57.939s][info][gc,task        ] GC(252) Using 16 workers of 33 for full compaction
[57.940s][info][gc,phases,start] GC(252) Phase 1: Mark live objects
[57.977s][info][gc,phases      ] GC(252) Phase 1: Mark live objects 37.367ms
[57.978s][info][gc,phases,start] GC(252) Phase 2: Prepare compaction
[57.983s][info][gc,phases      ] GC(252) Phase 2: Prepare compaction 5.186ms
[57.983s][info][gc,phases,start] GC(252) Phase 3: Adjust pointers
[57.991s][info][gc,phases      ] GC(252) Phase 3: Adjust pointers 8.406ms
[57.991s][info][gc,phases,start] GC(252) Phase 4: Compact heap
[57.992s][info][gc,phases      ] GC(252) Phase 4: Compact heap 0.758ms
[58.000s][info][gc,heap        ] GC(252) Eden regions: 158->0(196)
[58.000s][info][gc,heap        ] GC(252) Survivor regions: 1->0(26)
[58.000s][info][gc,heap        ] GC(252) Old regions: 94->91
[58.000s][info][gc,heap        ] GC(252) Archive regions: 0->0
[58.000s][info][gc,heap        ] GC(252) Humongous regions: 10->7
[58.000s][info][gc,metaspace   ] GC(252) Metaspace: 61335K(62208K)->61335K(62208K) NonClass: 53759K(54208K)->53759K(54208K) Class: 7576K(8000K)->7576K(8000K)
[58.000s][info][gc             ] GC(252) Pause Full (System.gc()) 499M->177M(654M) 60.433ms
[58.000s][info][gc,cpu         ] GC(252) User=0.75s Sys=0.02s Real=0.06s
[58.188s][info][gc,start       ] GC(253) Pause Young (Normal) (G1 Evacuation Pause)
[58.189s][info][gc,task        ] GC(253) Using 15 workers of 33 for evacuation
[58.190s][info][gc,phases      ] GC(253)   Pre Evacuate Collection Set: 0.2ms
[58.190s][info][gc,phases      ] GC(253)   Merge Heap Roots: 0.1ms
[58.190s][info][gc,phases      ] GC(253)   Evacuate Collection Set: 0.5ms
[58.190s][info][gc,phases      ] GC(253)   Post Evacuate Collection Set: 0.7ms
[58.190s][info][gc,phases      ] GC(253)   Other: 0.2ms
[58.191s][info][gc,heap        ] GC(253) Eden regions: 196->0(195)
[58.191s][info][gc,heap        ] GC(253) Survivor regions: 0->1(25)
[58.191s][info][gc,heap        ] GC(253) Old regions: 91->91
[58.191s][info][gc,heap        ] GC(253) Archive regions: 0->0
[58.191s][info][gc,heap        ] GC(253) Humongous regions: 13->7
[58.191s][info][gc,metaspace   ] GC(253) Metaspace: 61341K(62208K)->61341K(62208K) NonClass: 53765K(54208K)->53765K(54208K) Class: 7576K(8000K)->7576K(8000K)
[58.191s][info][gc             ] GC(253) Pause Young (Normal) (G1 Evacuation Pause) 581M->178M(654M) 2.267ms
[58.191s][info][gc,cpu         ] GC(253) User=0.00s Sys=0.00s Real=0.00s
[58.327s][info][gc,start       ] GC(254) Pause Young (Normal) (G1 Evacuation Pause)
[58.327s][info][gc,task        ] GC(254) Using 15 workers of 33 for evacuation
[58.329s][info][gc,phases      ] GC(254)   Pre Evacuate Collection Set: 0.2ms
[58.329s][info][gc,phases      ] GC(254)   Merge Heap Roots: 0.1ms
[58.329s][info][gc,phases      ] GC(254)   Evacuate Collection Set: 0.5ms
[58.329s][info][gc,phases      ] GC(254)   Post Evacuate Collection Set: 0.7ms
[58.329s][info][gc,phases      ] GC(254)   Other: 0.2ms
[58.329s][info][gc,heap        ] GC(254) Eden regions: 195->0(195)
[58.329s][info][gc,heap        ] GC(254) Survivor regions: 1->1(25)
[58.329s][info][gc,heap        ] GC(254) Old regions: 91->91
[58.329s][info][gc,heap        ] GC(254) Archive regions: 0->0
[58.329s][info][gc,heap        ] GC(254) Humongous regions: 7->7
[58.329s][info][gc,metaspace   ] GC(254) Metaspace: 61341K(62208K)->61341K(62208K) NonClass: 53765K(54208K)->53765K(54208K) Class: 7576K(8000K)->7576K(8000K)
[58.329s][info][gc             ] GC(254) Pause Young (Normal) (G1 Evacuation Pause) 568M->178M(654M) 2.066ms
[58.329s][info][gc,cpu         ] GC(254) User=0.00s Sys=0.00s Real=0.00s
[58.459s][info][gc,start       ] GC(255) Pause Young (Normal) (G1 Evacuation Pause)
[58.459s][info][gc,task        ] GC(255) Using 15 workers of 33 for evacuation
[58.460s][info][gc,phases      ] GC(255)   Pre Evacuate Collection Set: 0.2ms
[58.460s][info][gc,phases      ] GC(255)   Merge Heap Roots: 0.1ms
[58.460s][info][gc,phases      ] GC(255)   Evacuate Collection Set: 0.4ms
[58.460s][info][gc,phases      ] GC(255)   Post Evacuate Collection Set: 0.6ms
[58.460s][info][gc,phases      ] GC(255)   Other: 0.1ms
[58.460s][info][gc,heap        ] GC(255) Eden regions: 195->0(195)
[58.460s][info][gc,heap        ] GC(255) Survivor regions: 1->1(25)
[58.460s][info][gc,heap        ] GC(255) Old regions: 91->91
[58.461s][info][gc,heap        ] GC(255) Archive regions: 0->0
[58.461s][info][gc,heap        ] GC(255) Humongous regions: 7->7
[58.461s][info][gc,metaspace   ] GC(255) Metaspace: 61341K(62208K)->61341K(62208K) NonClass: 53765K(54208K)->53765K(54208K) Class: 7576K(8000K)->7576K(8000K)
[58.461s][info][gc             ] GC(255) Pause Young (Normal) (G1 Evacuation Pause) 568M->178M(654M) 1.986ms
[58.461s][info][gc,cpu         ] GC(255) User=0.00s Sys=0.00s Real=0.00s
[58.593s][info][gc,start       ] GC(256) Pause Young (Normal) (G1 Evacuation Pause)
[58.593s][info][gc,task        ] GC(256) Using 15 workers of 33 for evacuation
[58.594s][info][gc,phases      ] GC(256)   Pre Evacuate Collection Set: 0.2ms
[58.594s][info][gc,phases      ] GC(256)   Merge Heap Roots: 0.1ms
[58.594s][info][gc,phases      ] GC(256)   Evacuate Collection Set: 0.4ms
[58.594s][info][gc,phases      ] GC(256)   Post Evacuate Collection Set: 0.6ms
[58.594s][info][gc,phases      ] GC(256)   Other: 0.2ms
[58.594s][info][gc,heap        ] GC(256) Eden regions: 195->0(195)
[58.594s][info][gc,heap        ] GC(256) Survivor regions: 1->1(25)
[58.594s][info][gc,heap        ] GC(256) Old regions: 91->91
[58.594s][info][gc,heap        ] GC(256) Archive regions: 0->0
[58.594s][info][gc,heap        ] GC(256) Humongous regions: 7->7
[58.594s][info][gc,metaspace   ] GC(256) Metaspace: 61341K(62208K)->61341K(62208K) NonClass: 53765K(54208K)->53765K(54208K) Class: 7576K(8000K)->7576K(8000K)
[58.594s][info][gc             ] GC(256) Pause Young (Normal) (G1 Evacuation Pause) 568M->178M(654M) 1.974ms
[58.595s][info][gc,cpu         ] GC(256) User=0.00s Sys=0.00s Real=0.00s
[58.751s][info][gc,start       ] GC(257) Pause Full (System.gc())
[58.751s][info][gc,task        ] GC(257) Using 15 workers of 33 for full compaction
[58.752s][info][gc,phases,start] GC(257) Phase 1: Mark live objects
[58.790s][info][gc,phases      ] GC(257) Phase 1: Mark live objects 38.185ms
[58.790s][info][gc,phases,start] GC(257) Phase 2: Prepare compaction
[58.795s][info][gc,phases      ] GC(257) Phase 2: Prepare compaction 5.222ms
[58.795s][info][gc,phases,start] GC(257) Phase 3: Adjust pointers
[58.804s][info][gc,phases      ] GC(257) Phase 3: Adjust pointers 8.402ms
[58.804s][info][gc,phases,start] GC(257) Phase 4: Compact heap
[58.804s][info][gc,phases      ] GC(257) Phase 4: Compact heap 0.714ms
[58.812s][info][gc,heap        ] GC(257) Eden regions: 182->0(196)
[58.812s][info][gc,heap        ] GC(257) Survivor regions: 1->0(25)
[58.812s][info][gc,heap        ] GC(257) Old regions: 91->91
[58.812s][info][gc,heap        ] GC(257) Archive regions: 0->0
[58.812s][info][gc,heap        ] GC(257) Humongous regions: 10->7
[58.812s][info][gc,metaspace   ] GC(257) Metaspace: 61354K(62272K)->61354K(62272K) NonClass: 53777K(54272K)->53777K(54272K) Class: 7576K(8000K)->7576K(8000K)
[58.812s][info][gc             ] GC(257) Pause Full (System.gc()) 547M->177M(654M) 61.026ms
[58.812s][info][gc,cpu         ] GC(257) User=0.70s Sys=0.00s Real=0.05s
[58.988s][info][gc,start       ] GC(258) Pause Young (Normal) (G1 Evacuation Pause)
[58.988s][info][gc,task        ] GC(258) Using 15 workers of 33 for evacuation
[58.990s][info][gc,phases      ] GC(258)   Pre Evacuate Collection Set: 0.2ms
[58.990s][info][gc,phases      ] GC(258)   Merge Heap Roots: 0.1ms
[58.990s][info][gc,phases      ] GC(258)   Evacuate Collection Set: 0.5ms
[58.990s][info][gc,phases      ] GC(258)   Post Evacuate Collection Set: 0.7ms
[58.990s][info][gc,phases      ] GC(258)   Other: 0.2ms
[58.990s][info][gc,heap        ] GC(258) Eden regions: 196->0(195)
[58.990s][info][gc,heap        ] GC(258) Survivor regions: 0->1(25)
[58.990s][info][gc,heap        ] GC(258) Old regions: 91->91
[58.990s][info][gc,heap        ] GC(258) Archive regions: 0->0
[58.990s][info][gc,heap        ] GC(258) Humongous regions: 13->7
[58.990s][info][gc,metaspace   ] GC(258) Metaspace: 61356K(62272K)->61356K(62272K) NonClass: 53780K(54272K)->53780K(54272K) Class: 7576K(8000K)->7576K(8000K)
[58.990s][info][gc             ] GC(258) Pause Young (Normal) (G1 Evacuation Pause) 581M->178M(654M) 2.245ms
[58.991s][info][gc,cpu         ] GC(258) User=0.00s Sys=0.00s Real=0.00s
[59.118s][info][gc,start       ] GC(259) Pause Young (Normal) (G1 Evacuation Pause)
[59.118s][info][gc,task        ] GC(259) Using 15 workers of 33 for evacuation
[59.120s][info][gc,phases      ] GC(259)   Pre Evacuate Collection Set: 0.2ms
[59.120s][info][gc,phases      ] GC(259)   Merge Heap Roots: 0.1ms
[59.120s][info][gc,phases      ] GC(259)   Evacuate Collection Set: 0.4ms
[59.120s][info][gc,phases      ] GC(259)   Post Evacuate Collection Set: 0.6ms
[59.120s][info][gc,phases      ] GC(259)   Other: 0.2ms
[59.120s][info][gc,heap        ] GC(259) Eden regions: 195->0(195)
[59.120s][info][gc,heap        ] GC(259) Survivor regions: 1->1(25)
[59.120s][info][gc,heap        ] GC(259) Old regions: 91->91
[59.120s][info][gc,heap        ] GC(259) Archive regions: 0->0
[59.120s][info][gc,heap        ] GC(259) Humongous regions: 7->7
[59.120s][info][gc,metaspace   ] GC(259) Metaspace: 61356K(62272K)->61356K(62272K) NonClass: 53780K(54272K)->53780K(54272K) Class: 7576K(8000K)->7576K(8000K)
[59.120s][info][gc             ] GC(259) Pause Young (Normal) (G1 Evacuation Pause) 568M->178M(654M) 2.021ms
[59.120s][info][gc,cpu         ] GC(259) User=0.00s Sys=0.00s Real=0.00s
[59.248s][info][gc,start       ] GC(260) Pause Young (Normal) (G1 Evacuation Pause)
[59.248s][info][gc,task        ] GC(260) Using 15 workers of 33 for evacuation
[59.254s][info][gc,phases      ] GC(260)   Pre Evacuate Collection Set: 0.2ms
[59.254s][info][gc,phases      ] GC(260)   Merge Heap Roots: 0.1ms
[59.254s][info][gc,phases      ] GC(260)   Evacuate Collection Set: 0.5ms
[59.254s][info][gc,phases      ] GC(260)   Post Evacuate Collection Set: 4.5ms
[59.254s][info][gc,phases      ] GC(260)   Other: 0.2ms
[59.254s][info][gc,heap        ] GC(260) Eden regions: 195->0(339)
[59.254s][info][gc,heap        ] GC(260) Survivor regions: 1->1(25)
[59.254s][info][gc,heap        ] GC(260) Old regions: 91->91
[59.254s][info][gc,heap        ] GC(260) Archive regions: 0->0
[59.254s][info][gc,heap        ] GC(260) Humongous regions: 7->7
[59.254s][info][gc,metaspace   ] GC(260) Metaspace: 61356K(62272K)->61356K(62272K) NonClass: 53780K(54272K)->53780K(54272K) Class: 7576K(8000K)->7576K(8000K)
[59.254s][info][gc             ] GC(260) Pause Young (Normal) (G1 Evacuation Pause) 568M->178M(1134M) 5.820ms
[59.254s][info][gc,cpu         ] GC(260) User=0.00s Sys=0.00s Real=0.00s
[59.585s][info][gc,start       ] GC(261) Pause Young (Normal) (G1 Evacuation Pause)
[59.585s][info][gc,task        ] GC(261) Using 27 workers of 33 for evacuation
[59.587s][info][gc,phases      ] GC(261)   Pre Evacuate Collection Set: 0.2ms
[59.587s][info][gc,phases      ] GC(261)   Merge Heap Roots: 0.2ms
[59.587s][info][gc,phases      ] GC(261)   Evacuate Collection Set: 0.6ms
[59.587s][info][gc,phases      ] GC(261)   Post Evacuate Collection Set: 0.8ms
[59.587s][info][gc,phases      ] GC(261)   Other: 0.2ms
[59.587s][info][gc,heap        ] GC(261) Eden regions: 339->0(339)
[59.587s][info][gc,heap        ] GC(261) Survivor regions: 1->1(43)
[59.587s][info][gc,heap        ] GC(261) Old regions: 91->91
[59.587s][info][gc,heap        ] GC(261) Archive regions: 0->0
[59.587s][info][gc,heap        ] GC(261) Humongous regions: 7->7
[59.587s][info][gc,metaspace   ] GC(261) Metaspace: 61356K(62272K)->61356K(62272K) NonClass: 53780K(54272K)->53780K(54272K) Class: 7576K(8000K)->7576K(8000K)
[59.587s][info][gc             ] GC(261) Pause Young (Normal) (G1 Evacuation Pause) 856M->178M(1134M) 2.572ms
[59.587s][info][gc,cpu         ] GC(261) User=0.00s Sys=0.00s Real=0.00s
[59.655s][info][gc,start       ] GC(262) Pause Full (System.gc())
[59.655s][info][gc,task        ] GC(262) Using 27 workers of 33 for full compaction
[59.656s][info][gc,phases,start] GC(262) Phase 1: Mark live objects
[59.692s][info][gc,phases      ] GC(262) Phase 1: Mark live objects 36.160ms
[59.692s][info][gc,phases,start] GC(262) Phase 2: Prepare compaction
[59.698s][info][gc,phases      ] GC(262) Phase 2: Prepare compaction 5.879ms
[59.698s][info][gc,phases,start] GC(262) Phase 3: Adjust pointers
[59.709s][info][gc,phases      ] GC(262) Phase 3: Adjust pointers 10.414ms
[59.709s][info][gc,phases,start] GC(262) Phase 4: Compact heap
[59.709s][info][gc,phases      ] GC(262) Phase 4: Compact heap 0.696ms
[59.722s][info][gc,heap        ] GC(262) Eden regions: 38->0(200)
[59.722s][info][gc,heap        ] GC(262) Survivor regions: 1->0(43)
[59.722s][info][gc,heap        ] GC(262) Old regions: 91->93
[59.722s][info][gc,heap        ] GC(262) Archive regions: 0->0
[59.722s][info][gc,heap        ] GC(262) Humongous regions: 10->7
[59.722s][info][gc,metaspace   ] GC(262) Metaspace: 61366K(62272K)->61366K(62272K) NonClass: 53790K(54272K)->53790K(54272K) Class: 7576K(8000K)->7576K(8000K)
[59.722s][info][gc             ] GC(262) Pause Full (System.gc()) 259M->177M(668M) 67.421ms
[59.722s][info][gc,cpu         ] GC(262) User=1.41s Sys=0.00s Real=0.08s
[59.940s][info][gc,start       ] GC(263) Pause Young (Normal) (G1 Evacuation Pause)
[59.940s][info][gc,task        ] GC(263) Using 21 workers of 33 for evacuation
[59.942s][info][gc,phases      ] GC(263)   Pre Evacuate Collection Set: 0.2ms
[59.942s][info][gc,phases      ] GC(263)   Merge Heap Roots: 0.1ms
[59.942s][info][gc,phases      ] GC(263)   Evacuate Collection Set: 0.5ms
[59.942s][info][gc,phases      ] GC(263)   Post Evacuate Collection Set: 0.7ms
[59.942s][info][gc,phases      ] GC(263)   Other: 0.2ms
[59.942s][info][gc,heap        ] GC(263) Eden regions: 200->0(199)
[59.942s][info][gc,heap        ] GC(263) Survivor regions: 0->1(25)
[59.942s][info][gc,heap        ] GC(263) Old regions: 93->93
[59.942s][info][gc,heap        ] GC(263) Archive regions: 0->0
[59.942s][info][gc,heap        ] GC(263) Humongous regions: 13->7
[59.942s][info][gc,metaspace   ] GC(263) Metaspace: 61387K(62272K)->61387K(62272K) NonClass: 53811K(54272K)->53811K(54272K) Class: 7576K(8000K)->7576K(8000K)
[59.942s][info][gc             ] GC(263) Pause Young (Normal) (G1 Evacuation Pause) 589M->178M(668M) 2.261ms
[59.942s][info][gc,cpu         ] GC(263) User=0.00s Sys=0.00s Real=0.00s
[60.082s][info][gc,start       ] GC(264) Pause Young (Normal) (G1 Evacuation Pause)
[60.082s][info][gc,task        ] GC(264) Using 18 workers of 33 for evacuation
[60.084s][info][gc,phases      ] GC(264)   Pre Evacuate Collection Set: 0.2ms
[60.084s][info][gc,phases      ] GC(264)   Merge Heap Roots: 0.1ms
[60.084s][info][gc,phases      ] GC(264)   Evacuate Collection Set: 0.5ms
[60.084s][info][gc,phases      ] GC(264)   Post Evacuate Collection Set: 0.7ms
[60.084s][info][gc,phases      ] GC(264)   Other: 0.2ms
[60.084s][info][gc,heap        ] GC(264) Eden regions: 199->0(199)
[60.084s][info][gc,heap        ] GC(264) Survivor regions: 1->1(25)
[60.084s][info][gc,heap        ] GC(264) Old regions: 93->93
[60.084s][info][gc,heap        ] GC(264) Archive regions: 0->0
[60.084s][info][gc,heap        ] GC(264) Humongous regions: 7->7
[60.084s][info][gc,metaspace   ] GC(264) Metaspace: 61387K(62272K)->61387K(62272K) NonClass: 53811K(54272K)->53811K(54272K) Class: 7576K(8000K)->7576K(8000K)
[60.084s][info][gc             ] GC(264) Pause Young (Normal) (G1 Evacuation Pause) 576M->178M(668M) 2.136ms
[60.084s][info][gc,cpu         ] GC(264) User=0.00s Sys=0.00s Real=0.00s
[60.216s][info][gc,start       ] GC(265) Pause Young (Normal) (G1 Evacuation Pause)
[60.216s][info][gc,task        ] GC(265) Using 17 workers of 33 for evacuation
[60.218s][info][gc,phases      ] GC(265)   Pre Evacuate Collection Set: 0.2ms
[60.218s][info][gc,phases      ] GC(265)   Merge Heap Roots: 0.1ms
[60.218s][info][gc,phases      ] GC(265)   Evacuate Collection Set: 0.4ms
[60.218s][info][gc,phases      ] GC(265)   Post Evacuate Collection Set: 0.7ms
[60.218s][info][gc,phases      ] GC(265)   Other: 0.2ms
[60.218s][info][gc,heap        ] GC(265) Eden regions: 199->0(199)
[60.218s][info][gc,heap        ] GC(265) Survivor regions: 1->1(25)
[60.218s][info][gc,heap        ] GC(265) Old regions: 93->93
[60.218s][info][gc,heap        ] GC(265) Archive regions: 0->0
[60.218s][info][gc,heap        ] GC(265) Humongous regions: 7->7
[60.218s][info][gc,metaspace   ] GC(265) Metaspace: 61387K(62272K)->61387K(62272K) NonClass: 53811K(54272K)->53811K(54272K) Class: 7576K(8000K)->7576K(8000K)
[60.218s][info][gc             ] GC(265) Pause Young (Normal) (G1 Evacuation Pause) 576M->178M(668M) 1.978ms
[60.218s][info][gc,cpu         ] GC(265) User=0.00s Sys=0.00s Real=0.00s
[60.349s][info][gc,start       ] GC(266) Pause Young (Normal) (G1 Evacuation Pause)
[60.349s][info][gc,task        ] GC(266) Using 16 workers of 33 for evacuation
[60.351s][info][gc,phases      ] GC(266)   Pre Evacuate Collection Set: 0.2ms
[60.351s][info][gc,phases      ] GC(266)   Merge Heap Roots: 0.1ms
[60.351s][info][gc,phases      ] GC(266)   Evacuate Collection Set: 0.4ms
[60.351s][info][gc,phases      ] GC(266)   Post Evacuate Collection Set: 0.6ms
[60.351s][info][gc,phases      ] GC(266)   Other: 0.1ms
[60.351s][info][gc,heap        ] GC(266) Eden regions: 199->0(199)
[60.351s][info][gc,heap        ] GC(266) Survivor regions: 1->1(25)
[60.351s][info][gc,heap        ] GC(266) Old regions: 93->93
[60.351s][info][gc,heap        ] GC(266) Archive regions: 0->0
[60.351s][info][gc,heap        ] GC(266) Humongous regions: 7->7
[60.351s][info][gc,metaspace   ] GC(266) Metaspace: 61387K(62272K)->61387K(62272K) NonClass: 53811K(54272K)->53811K(54272K) Class: 7576K(8000K)->7576K(8000K)
[60.351s][info][gc             ] GC(266) Pause Young (Normal) (G1 Evacuation Pause) 576M->178M(668M) 1.999ms
[60.351s][info][gc,cpu         ] GC(266) User=0.02s Sys=0.02s Real=0.02s
[60.485s][info][gc,start       ] GC(267) Pause Full (System.gc())
[60.485s][info][gc,task        ] GC(267) Using 16 workers of 33 for full compaction
[60.485s][info][gc,phases,start] GC(267) Phase 1: Mark live objects
[60.524s][info][gc,phases      ] GC(267) Phase 1: Mark live objects 38.138ms
[60.524s][info][gc,phases,start] GC(267) Phase 2: Prepare compaction
[60.529s][info][gc,phases      ] GC(267) Phase 2: Prepare compaction 5.188ms
[60.529s][info][gc,phases,start] GC(267) Phase 3: Adjust pointers
[60.539s][info][gc,phases      ] GC(267) Phase 3: Adjust pointers 10.041ms
[60.539s][info][gc,phases,start] GC(267) Phase 4: Compact heap
[60.540s][info][gc,phases      ] GC(267) Phase 4: Compact heap 0.782ms
[60.548s][info][gc,heap        ] GC(267) Eden regions: 166->0(198)
[60.548s][info][gc,heap        ] GC(267) Survivor regions: 1->0(25)
[60.548s][info][gc,heap        ] GC(267) Old regions: 93->92
[60.548s][info][gc,heap        ] GC(267) Archive regions: 0->0
[60.548s][info][gc,heap        ] GC(267) Humongous regions: 10->7
[60.548s][info][gc,metaspace   ] GC(267) Metaspace: 61407K(62272K)->61407K(62272K) NonClass: 53830K(54272K)->53830K(54272K) Class: 7576K(8000K)->7576K(8000K)
[60.548s][info][gc             ] GC(267) Pause Full (System.gc()) 515M->177M(660M) 63.338ms
[60.548s][info][gc,cpu         ] GC(267) User=0.77s Sys=0.00s Real=0.06s
[60.741s][info][gc,start       ] GC(268) Pause Young (Normal) (G1 Evacuation Pause)
[60.742s][info][gc,task        ] GC(268) Using 15 workers of 33 for evacuation
[60.744s][info][gc,phases      ] GC(268)   Pre Evacuate Collection Set: 0.2ms
[60.744s][info][gc,phases      ] GC(268)   Merge Heap Roots: 0.1ms
[60.744s][info][gc,phases      ] GC(268)   Evacuate Collection Set: 0.6ms
[60.744s][info][gc,phases      ] GC(268)   Post Evacuate Collection Set: 0.7ms
[60.744s][info][gc,phases      ] GC(268)   Other: 0.2ms
[60.744s][info][gc,heap        ] GC(268) Eden regions: 198->0(197)
[60.744s][info][gc,heap        ] GC(268) Survivor regions: 0->1(25)
[60.744s][info][gc,heap        ] GC(268) Old regions: 92->92
[60.744s][info][gc,heap        ] GC(268) Archive regions: 0->0
[60.744s][info][gc,heap        ] GC(268) Humongous regions: 13->7
[60.744s][info][gc,metaspace   ] GC(268) Metaspace: 61503K(62464K)->61503K(62464K) NonClass: 53926K(54464K)->53926K(54464K) Class: 7576K(8000K)->7576K(8000K)
[60.744s][info][gc             ] GC(268) Pause Young (Normal) (G1 Evacuation Pause) 585M->178M(660M) 2.473ms
[60.744s][info][gc,cpu         ] GC(268) User=0.00s Sys=0.00s Real=0.00s
[60.883s][info][gc,start       ] GC(269) Pause Young (Normal) (G1 Evacuation Pause)
[60.883s][info][gc,task        ] GC(269) Using 15 workers of 33 for evacuation
[60.885s][info][gc,phases      ] GC(269)   Pre Evacuate Collection Set: 0.2ms
[60.885s][info][gc,phases      ] GC(269)   Merge Heap Roots: 0.1ms
[60.885s][info][gc,phases      ] GC(269)   Evacuate Collection Set: 0.6ms
[60.885s][info][gc,phases      ] GC(269)   Post Evacuate Collection Set: 0.6ms
[60.885s][info][gc,phases      ] GC(269)   Other: 0.2ms
[60.885s][info][gc,heap        ] GC(269) Eden regions: 197->0(197)
[60.885s][info][gc,heap        ] GC(269) Survivor regions: 1->1(25)
[60.885s][info][gc,heap        ] GC(269) Old regions: 92->92
[60.885s][info][gc,heap        ] GC(269) Archive regions: 0->0
[60.885s][info][gc,heap        ] GC(269) Humongous regions: 7->7
[60.885s][info][gc,metaspace   ] GC(269) Metaspace: 61503K(62464K)->61503K(62464K) NonClass: 53926K(54464K)->53926K(54464K) Class: 7576K(8000K)->7576K(8000K)
[60.886s][info][gc             ] GC(269) Pause Young (Normal) (G1 Evacuation Pause) 572M->178M(660M) 2.257ms
[60.886s][info][gc,cpu         ] GC(269) User=0.00s Sys=0.00s Real=0.00s
[61.015s][info][gc,start       ] GC(270) Pause Young (Normal) (G1 Evacuation Pause)
[61.015s][info][gc,task        ] GC(270) Using 15 workers of 33 for evacuation
[61.016s][info][gc,phases      ] GC(270)   Pre Evacuate Collection Set: 0.2ms
[61.016s][info][gc,phases      ] GC(270)   Merge Heap Roots: 0.1ms
[61.016s][info][gc,phases      ] GC(270)   Evacuate Collection Set: 0.4ms
[61.016s][info][gc,phases      ] GC(270)   Post Evacuate Collection Set: 0.6ms
[61.016s][info][gc,phases      ] GC(270)   Other: 0.1ms
[61.016s][info][gc,heap        ] GC(270) Eden regions: 197->0(197)
[61.016s][info][gc,heap        ] GC(270) Survivor regions: 1->1(25)
[61.016s][info][gc,heap        ] GC(270) Old regions: 92->92
[61.016s][info][gc,heap        ] GC(270) Archive regions: 0->0
[61.016s][info][gc,heap        ] GC(270) Humongous regions: 7->7
[61.016s][info][gc,metaspace   ] GC(270) Metaspace: 61503K(62464K)->61503K(62464K) NonClass: 53926K(54464K)->53926K(54464K) Class: 7576K(8000K)->7576K(8000K)
[61.016s][info][gc             ] GC(270) Pause Young (Normal) (G1 Evacuation Pause) 572M->178M(660M) 1.978ms
[61.017s][info][gc,cpu         ] GC(270) User=0.00s Sys=0.02s Real=0.02s
[61.147s][info][gc,start       ] GC(271) Pause Young (Normal) (G1 Evacuation Pause)
[61.147s][info][gc,task        ] GC(271) Using 15 workers of 33 for evacuation
[61.148s][info][gc,phases      ] GC(271)   Pre Evacuate Collection Set: 0.2ms
[61.148s][info][gc,phases      ] GC(271)   Merge Heap Roots: 0.1ms
[61.149s][info][gc,phases      ] GC(271)   Evacuate Collection Set: 0.6ms
[61.149s][info][gc,phases      ] GC(271)   Post Evacuate Collection Set: 0.7ms
[61.149s][info][gc,phases      ] GC(271)   Other: 0.1ms
[61.149s][info][gc,heap        ] GC(271) Eden regions: 197->0(197)
[61.149s][info][gc,heap        ] GC(271) Survivor regions: 1->1(25)
[61.149s][info][gc,heap        ] GC(271) Old regions: 92->92
[61.149s][info][gc,heap        ] GC(271) Archive regions: 0->0
[61.149s][info][gc,heap        ] GC(271) Humongous regions: 7->7
[61.149s][info][gc,metaspace   ] GC(271) Metaspace: 61503K(62464K)->61503K(62464K) NonClass: 53926K(54464K)->53926K(54464K) Class: 7576K(8000K)->7576K(8000K)
[61.149s][info][gc             ] GC(271) Pause Young (Normal) (G1 Evacuation Pause) 572M->178M(660M) 2.100ms
[61.149s][info][gc,cpu         ] GC(271) User=0.00s Sys=0.00s Real=0.00s
[61.296s][info][gc,start       ] GC(272) Pause Full (System.gc())
[61.297s][info][gc,task        ] GC(272) Using 15 workers of 33 for full compaction
[61.297s][info][gc,phases,start] GC(272) Phase 1: Mark live objects
[61.336s][info][gc,phases      ] GC(272) Phase 1: Mark live objects 38.596ms
[61.336s][info][gc,phases,start] GC(272) Phase 2: Prepare compaction
[61.341s][info][gc,phases      ] GC(272) Phase 2: Prepare compaction 5.244ms
[61.341s][info][gc,phases,start] GC(272) Phase 3: Adjust pointers
[61.350s][info][gc,phases      ] GC(272) Phase 3: Adjust pointers 8.616ms
[61.350s][info][gc,phases,start] GC(272) Phase 4: Compact heap
[61.351s][info][gc,phases      ] GC(272) Phase 4: Compact heap 0.739ms
[61.358s][info][gc,heap        ] GC(272) Eden regions: 175->0(196)
[61.358s][info][gc,heap        ] GC(272) Survivor regions: 1->0(25)
[61.358s][info][gc,heap        ] GC(272) Old regions: 92->91
[61.358s][info][gc,heap        ] GC(272) Archive regions: 0->0
[61.358s][info][gc,heap        ] GC(272) Humongous regions: 10->7
[61.358s][info][gc,metaspace   ] GC(272) Metaspace: 61521K(62464K)->61521K(62464K) NonClass: 53944K(54464K)->53944K(54464K) Class: 7576K(8000K)->7576K(8000K)
[61.359s][info][gc             ] GC(272) Pause Full (System.gc()) 532M->177M(654M) 62.102ms
[61.359s][info][gc,cpu         ] GC(272) User=0.50s Sys=0.00s Real=0.06s
[61.535s][info][gc,start       ] GC(273) Pause Young (Normal) (G1 Evacuation Pause)
[61.535s][info][gc,task        ] GC(273) Using 15 workers of 33 for evacuation
[61.537s][info][gc,phases      ] GC(273)   Pre Evacuate Collection Set: 0.2ms
[61.537s][info][gc,phases      ] GC(273)   Merge Heap Roots: 0.1ms
[61.537s][info][gc,phases      ] GC(273)   Evacuate Collection Set: 0.5ms
[61.537s][info][gc,phases      ] GC(273)   Post Evacuate Collection Set: 0.7ms
[61.537s][info][gc,phases      ] GC(273)   Other: 0.2ms
[61.537s][info][gc,heap        ] GC(273) Eden regions: 196->0(195)
[61.537s][info][gc,heap        ] GC(273) Survivor regions: 0->1(25)
[61.537s][info][gc,heap        ] GC(273) Old regions: 91->91
[61.537s][info][gc,heap        ] GC(273) Archive regions: 0->0
[61.537s][info][gc,heap        ] GC(273) Humongous regions: 13->7
[61.537s][info][gc,metaspace   ] GC(273) Metaspace: 61523K(62464K)->61523K(62464K) NonClass: 53946K(54464K)->53946K(54464K) Class: 7576K(8000K)->7576K(8000K)
[61.537s][info][gc             ] GC(273) Pause Young (Normal) (G1 Evacuation Pause) 581M->178M(654M) 2.248ms
[61.537s][info][gc,cpu         ] GC(273) User=0.02s Sys=0.00s Real=0.02s
[61.673s][info][gc,start       ] GC(274) Pause Young (Normal) (G1 Evacuation Pause)
[61.673s][info][gc,task        ] GC(274) Using 15 workers of 33 for evacuation
[61.674s][info][gc,phases      ] GC(274)   Pre Evacuate Collection Set: 0.2ms
[61.674s][info][gc,phases      ] GC(274)   Merge Heap Roots: 0.1ms
[61.674s][info][gc,phases      ] GC(274)   Evacuate Collection Set: 0.4ms
[61.674s][info][gc,phases      ] GC(274)   Post Evacuate Collection Set: 0.7ms
[61.674s][info][gc,phases      ] GC(274)   Other: 0.2ms
[61.674s][info][gc,heap        ] GC(274) Eden regions: 195->0(195)
[61.675s][info][gc,heap        ] GC(274) Survivor regions: 1->1(25)
[61.675s][info][gc,heap        ] GC(274) Old regions: 91->91
[61.675s][info][gc,heap        ] GC(274) Archive regions: 0->0
[61.675s][info][gc,heap        ] GC(274) Humongous regions: 7->7
[61.675s][info][gc,metaspace   ] GC(274) Metaspace: 61523K(62464K)->61523K(62464K) NonClass: 53946K(54464K)->53946K(54464K) Class: 7576K(8000K)->7576K(8000K)
[61.675s][info][gc             ] GC(274) Pause Young (Normal) (G1 Evacuation Pause) 568M->178M(654M) 2.010ms
[61.675s][info][gc,cpu         ] GC(274) User=0.00s Sys=0.00s Real=0.00s
[61.803s][info][gc,start       ] GC(275) Pause Young (Normal) (G1 Evacuation Pause)
[61.803s][info][gc,task        ] GC(275) Using 15 workers of 33 for evacuation
[61.809s][info][gc,phases      ] GC(275)   Pre Evacuate Collection Set: 0.2ms
[61.809s][info][gc,phases      ] GC(275)   Merge Heap Roots: 0.1ms
[61.809s][info][gc,phases      ] GC(275)   Evacuate Collection Set: 0.4ms
[61.809s][info][gc,phases      ] GC(275)   Post Evacuate Collection Set: 4.7ms
[61.809s][info][gc,phases      ] GC(275)   Other: 0.1ms
[61.809s][info][gc,heap        ] GC(275) Eden regions: 195->0(348)
[61.809s][info][gc,heap        ] GC(275) Survivor regions: 1->1(25)
[61.809s][info][gc,heap        ] GC(275) Old regions: 91->91
[61.809s][info][gc,heap        ] GC(275) Archive regions: 0->0
[61.809s][info][gc,heap        ] GC(275) Humongous regions: 7->7
[61.809s][info][gc,metaspace   ] GC(275) Metaspace: 61523K(62464K)->61523K(62464K) NonClass: 53946K(54464K)->53946K(54464K) Class: 7576K(8000K)->7576K(8000K)
[61.809s][info][gc             ] GC(275) Pause Young (Normal) (G1 Evacuation Pause) 568M->178M(1164M) 6.009ms
[61.809s][info][gc,cpu         ] GC(275) User=0.00s Sys=0.00s Real=0.00s
[62.150s][info][gc,start       ] GC(276) Pause Young (Normal) (G1 Evacuation Pause)
[62.150s][info][gc,task        ] GC(276) Using 27 workers of 33 for evacuation
[62.152s][info][gc,phases      ] GC(276)   Pre Evacuate Collection Set: 0.2ms
[62.152s][info][gc,phases      ] GC(276)   Merge Heap Roots: 0.2ms
[62.152s][info][gc,phases      ] GC(276)   Evacuate Collection Set: 0.6ms
[62.152s][info][gc,phases      ] GC(276)   Post Evacuate Collection Set: 0.8ms
[62.152s][info][gc,phases      ] GC(276)   Other: 0.2ms
[62.152s][info][gc,heap        ] GC(276) Eden regions: 348->0(348)
[62.152s][info][gc,heap        ] GC(276) Survivor regions: 1->1(44)
[62.152s][info][gc,heap        ] GC(276) Old regions: 91->91
[62.152s][info][gc,heap        ] GC(276) Archive regions: 0->0
[62.152s][info][gc,heap        ] GC(276) Humongous regions: 7->7
[62.152s][info][gc,metaspace   ] GC(276) Metaspace: 61523K(62464K)->61523K(62464K) NonClass: 53946K(54464K)->53946K(54464K) Class: 7576K(8000K)->7576K(8000K)
[62.152s][info][gc             ] GC(276) Pause Young (Normal) (G1 Evacuation Pause) 874M->178M(1164M) 2.535ms
[62.153s][info][gc,cpu         ] GC(276) User=0.00s Sys=0.00s Real=0.00s
[62.210s][info][gc,start       ] GC(277) Pause Full (System.gc())
[62.210s][info][gc,task        ] GC(277) Using 27 workers of 33 for full compaction
[62.211s][info][gc,phases,start] GC(277) Phase 1: Mark live objects
[62.245s][info][gc,phases      ] GC(277) Phase 1: Mark live objects 34.590ms
[62.246s][info][gc,phases,start] GC(277) Phase 2: Prepare compaction
[62.251s][info][gc,phases      ] GC(277) Phase 2: Prepare compaction 5.804ms
[62.251s][info][gc,phases,start] GC(277) Phase 3: Adjust pointers
[62.261s][info][gc,phases      ] GC(277) Phase 3: Adjust pointers 9.737ms
[62.261s][info][gc,phases,start] GC(277) Phase 4: Compact heap
[62.262s][info][gc,phases      ] GC(277) Phase 4: Compact heap 0.712ms
[62.272s][info][gc,heap        ] GC(277) Eden regions: 29->0(202)
[62.272s][info][gc,heap        ] GC(277) Survivor regions: 1->0(44)
[62.272s][info][gc,heap        ] GC(277) Old regions: 91->94
[62.272s][info][gc,heap        ] GC(277) Archive regions: 0->0
[62.272s][info][gc,heap        ] GC(277) Humongous regions: 10->7
[62.272s][info][gc,metaspace   ] GC(277) Metaspace: 61523K(62464K)->61523K(62464K) NonClass: 53946K(54464K)->53946K(54464K) Class: 7576K(8000K)->7576K(8000K)
[62.272s][info][gc             ] GC(277) Pause Full (System.gc()) 241M->177M(674M) 62.619ms
[62.272s][info][gc,cpu         ] GC(277) User=1.53s Sys=0.03s Real=0.06s
[62.463s][info][gc,start       ] GC(278) Pause Young (Normal) (G1 Evacuation Pause)
[62.463s][info][gc,task        ] GC(278) Using 21 workers of 33 for evacuation
[62.465s][info][gc,phases      ] GC(278)   Pre Evacuate Collection Set: 0.2ms
[62.465s][info][gc,phases      ] GC(278)   Merge Heap Roots: 0.1ms
[62.465s][info][gc,phases      ] GC(278)   Evacuate Collection Set: 0.4ms
[62.465s][info][gc,phases      ] GC(278)   Post Evacuate Collection Set: 0.7ms
[62.465s][info][gc,phases      ] GC(278)   Other: 0.2ms
[62.465s][info][gc,heap        ] GC(278) Eden regions: 202->0(201)
[62.465s][info][gc,heap        ] GC(278) Survivor regions: 0->1(26)
[62.465s][info][gc,heap        ] GC(278) Old regions: 94->94
[62.465s][info][gc,heap        ] GC(278) Archive regions: 0->0
[62.465s][info][gc,heap        ] GC(278) Humongous regions: 13->7
[62.465s][info][gc,metaspace   ] GC(278) Metaspace: 61523K(62464K)->61523K(62464K) NonClass: 53946K(54464K)->53946K(54464K) Class: 7576K(8000K)->7576K(8000K)
[62.465s][info][gc             ] GC(278) Pause Young (Normal) (G1 Evacuation Pause) 593M->178M(674M) 2.151ms
[62.465s][info][gc,cpu         ] GC(278) User=0.00s Sys=0.00s Real=0.00s
[62.605s][info][gc,start       ] GC(279) Pause Young (Normal) (G1 Evacuation Pause)
[62.605s][info][gc,task        ] GC(279) Using 18 workers of 33 for evacuation
[62.606s][info][gc,phases      ] GC(279)   Pre Evacuate Collection Set: 0.2ms
[62.606s][info][gc,phases      ] GC(279)   Merge Heap Roots: 0.1ms
[62.606s][info][gc,phases      ] GC(279)   Evacuate Collection Set: 0.5ms
[62.606s][info][gc,phases      ] GC(279)   Post Evacuate Collection Set: 0.7ms
[62.606s][info][gc,phases      ] GC(279)   Other: 0.2ms
[62.607s][info][gc,heap        ] GC(279) Eden regions: 201->0(201)
[62.607s][info][gc,heap        ] GC(279) Survivor regions: 1->1(26)
[62.607s][info][gc,heap        ] GC(279) Old regions: 94->94
[62.607s][info][gc,heap        ] GC(279) Archive regions: 0->0
[62.607s][info][gc,heap        ] GC(279) Humongous regions: 7->7
[62.607s][info][gc,metaspace   ] GC(279) Metaspace: 61523K(62464K)->61523K(62464K) NonClass: 53946K(54464K)->53946K(54464K) Class: 7576K(8000K)->7576K(8000K)
[62.607s][info][gc             ] GC(279) Pause Young (Normal) (G1 Evacuation Pause) 580M->178M(674M) 2.178ms
[62.607s][info][gc,cpu         ] GC(279) User=0.00s Sys=0.00s Real=0.00s
[62.740s][info][gc,start       ] GC(280) Pause Young (Normal) (G1 Evacuation Pause)
[62.740s][info][gc,task        ] GC(280) Using 17 workers of 33 for evacuation
[62.742s][info][gc,phases      ] GC(280)   Pre Evacuate Collection Set: 0.2ms
[62.742s][info][gc,phases      ] GC(280)   Merge Heap Roots: 0.1ms
[62.742s][info][gc,phases      ] GC(280)   Evacuate Collection Set: 0.4ms
[62.742s][info][gc,phases      ] GC(280)   Post Evacuate Collection Set: 0.7ms
[62.742s][info][gc,phases      ] GC(280)   Other: 0.1ms
[62.742s][info][gc,heap        ] GC(280) Eden regions: 201->0(201)
[62.742s][info][gc,heap        ] GC(280) Survivor regions: 1->1(26)
[62.742s][info][gc,heap        ] GC(280) Old regions: 94->94
[62.742s][info][gc,heap        ] GC(280) Archive regions: 0->0
[62.742s][info][gc,heap        ] GC(280) Humongous regions: 7->7
[62.742s][info][gc,metaspace   ] GC(280) Metaspace: 61523K(62464K)->61523K(62464K) NonClass: 53946K(54464K)->53946K(54464K) Class: 7576K(8000K)->7576K(8000K)
[62.742s][info][gc             ] GC(280) Pause Young (Normal) (G1 Evacuation Pause) 580M->178M(674M) 1.981ms
[62.742s][info][gc,cpu         ] GC(280) User=0.00s Sys=0.00s Real=0.00s
[62.874s][info][gc,start       ] GC(281) Pause Young (Normal) (G1 Evacuation Pause)
[62.874s][info][gc,task        ] GC(281) Using 16 workers of 33 for evacuation
[62.876s][info][gc,phases      ] GC(281)   Pre Evacuate Collection Set: 0.2ms
[62.876s][info][gc,phases      ] GC(281)   Merge Heap Roots: 0.1ms
[62.876s][info][gc,phases      ] GC(281)   Evacuate Collection Set: 0.4ms
[62.876s][info][gc,phases      ] GC(281)   Post Evacuate Collection Set: 0.6ms
[62.876s][info][gc,phases      ] GC(281)   Other: 0.1ms
[62.876s][info][gc,heap        ] GC(281) Eden regions: 201->0(201)
[62.876s][info][gc,heap        ] GC(281) Survivor regions: 1->1(26)
[62.876s][info][gc,heap        ] GC(281) Old regions: 94->94
[62.876s][info][gc,heap        ] GC(281) Archive regions: 0->0
[62.876s][info][gc,heap        ] GC(281) Humongous regions: 7->7
[62.876s][info][gc,metaspace   ] GC(281) Metaspace: 61523K(62464K)->61523K(62464K) NonClass: 53946K(54464K)->53946K(54464K) Class: 7576K(8000K)->7576K(8000K)
[62.876s][info][gc             ] GC(281) Pause Young (Normal) (G1 Evacuation Pause) 580M->178M(674M) 1.906ms
[62.876s][info][gc,cpu         ] GC(281) User=0.00s Sys=0.00s Real=0.00s
[63.028s][info][gc,start       ] GC(282) Pause Full (System.gc())
[63.028s][info][gc,task        ] GC(282) Using 16 workers of 33 for full compaction
[63.029s][info][gc,phases,start] GC(282) Phase 1: Mark live objects
[63.067s][info][gc,phases      ] GC(282) Phase 1: Mark live objects 37.627ms
[63.067s][info][gc,phases,start] GC(282) Phase 2: Prepare compaction
[63.072s][info][gc,phases      ] GC(282) Phase 2: Prepare compaction 5.285ms
[63.072s][info][gc,phases,start] GC(282) Phase 3: Adjust pointers
[63.081s][info][gc,phases      ] GC(282) Phase 3: Adjust pointers 9.039ms
[63.081s][info][gc,phases,start] GC(282) Phase 4: Compact heap
[63.082s][info][gc,phases      ] GC(282) Phase 4: Compact heap 0.805ms
[63.090s][info][gc,heap        ] GC(282) Eden regions: 158->0(198)
[63.090s][info][gc,heap        ] GC(282) Survivor regions: 1->0(26)
[63.090s][info][gc,heap        ] GC(282) Old regions: 94->92
[63.090s][info][gc,heap        ] GC(282) Archive regions: 0->0
[63.090s][info][gc,heap        ] GC(282) Humongous regions: 10->7
[63.090s][info][gc,metaspace   ] GC(282) Metaspace: 61526K(62464K)->61526K(62464K) NonClass: 53949K(54464K)->53949K(54464K) Class: 7576K(8000K)->7576K(8000K)
[63.090s][info][gc             ] GC(282) Pause Full (System.gc()) 499M->177M(660M) 61.886ms
[63.090s][info][gc,cpu         ] GC(282) User=1.02s Sys=0.00s Real=0.07s
[63.283s][info][gc,start       ] GC(283) Pause Young (Normal) (G1 Evacuation Pause)
[63.283s][info][gc,task        ] GC(283) Using 15 workers of 33 for evacuation
[63.284s][info][gc,phases      ] GC(283)   Pre Evacuate Collection Set: 0.2ms
[63.284s][info][gc,phases      ] GC(283)   Merge Heap Roots: 0.1ms
[63.284s][info][gc,phases      ] GC(283)   Evacuate Collection Set: 0.5ms
[63.285s][info][gc,phases      ] GC(283)   Post Evacuate Collection Set: 0.7ms
[63.285s][info][gc,phases      ] GC(283)   Other: 0.2ms
[63.285s][info][gc,heap        ] GC(283) Eden regions: 198->0(197)
[63.285s][info][gc,heap        ] GC(283) Survivor regions: 0->1(25)
[63.285s][info][gc,heap        ] GC(283) Old regions: 92->92
[63.285s][info][gc,heap        ] GC(283) Archive regions: 0->0
[63.285s][info][gc,heap        ] GC(283) Humongous regions: 13->7
[63.285s][info][gc,metaspace   ] GC(283) Metaspace: 61529K(62464K)->61529K(62464K) NonClass: 53952K(54464K)->53952K(54464K) Class: 7576K(8000K)->7576K(8000K)
[63.285s][info][gc             ] GC(283) Pause Young (Normal) (G1 Evacuation Pause) 585M->178M(660M) 2.237ms
[63.285s][info][gc,cpu         ] GC(283) User=0.00s Sys=0.00s Real=0.00s
[63.422s][info][gc,start       ] GC(284) Pause Young (Normal) (G1 Evacuation Pause)
[63.422s][info][gc,task        ] GC(284) Using 15 workers of 33 for evacuation
[63.423s][info][gc,phases      ] GC(284)   Pre Evacuate Collection Set: 0.2ms
[63.424s][info][gc,phases      ] GC(284)   Merge Heap Roots: 0.1ms
[63.424s][info][gc,phases      ] GC(284)   Evacuate Collection Set: 0.5ms
[63.424s][info][gc,phases      ] GC(284)   Post Evacuate Collection Set: 0.7ms
[63.424s][info][gc,phases      ] GC(284)   Other: 0.1ms
[63.424s][info][gc,heap        ] GC(284) Eden regions: 197->0(197)
[63.424s][info][gc,heap        ] GC(284) Survivor regions: 1->1(25)
[63.424s][info][gc,heap        ] GC(284) Old regions: 92->92
[63.424s][info][gc,heap        ] GC(284) Archive regions: 0->0
[63.424s][info][gc,heap        ] GC(284) Humongous regions: 7->7
[63.424s][info][gc,metaspace   ] GC(284) Metaspace: 61529K(62464K)->61529K(62464K) NonClass: 53952K(54464K)->53952K(54464K) Class: 7576K(8000K)->7576K(8000K)
[63.424s][info][gc             ] GC(284) Pause Young (Normal) (G1 Evacuation Pause) 572M->178M(660M) 2.105ms
[63.424s][info][gc,cpu         ] GC(284) User=0.00s Sys=0.00s Real=0.00s
[63.553s][info][gc,start       ] GC(285) Pause Young (Normal) (G1 Evacuation Pause)
[63.553s][info][gc,task        ] GC(285) Using 15 workers of 33 for evacuation
[63.554s][info][gc,phases      ] GC(285)   Pre Evacuate Collection Set: 0.2ms
[63.554s][info][gc,phases      ] GC(285)   Merge Heap Roots: 0.1ms
[63.554s][info][gc,phases      ] GC(285)   Evacuate Collection Set: 0.5ms
[63.554s][info][gc,phases      ] GC(285)   Post Evacuate Collection Set: 0.7ms
[63.555s][info][gc,phases      ] GC(285)   Other: 0.2ms
[63.555s][info][gc,heap        ] GC(285) Eden regions: 197->0(197)
[63.555s][info][gc,heap        ] GC(285) Survivor regions: 1->1(25)
[63.555s][info][gc,heap        ] GC(285) Old regions: 92->92
[63.555s][info][gc,heap        ] GC(285) Archive regions: 0->0
[63.555s][info][gc,heap        ] GC(285) Humongous regions: 7->7
[63.555s][info][gc,metaspace   ] GC(285) Metaspace: 61529K(62464K)->61529K(62464K) NonClass: 53952K(54464K)->53952K(54464K) Class: 7576K(8000K)->7576K(8000K)
[63.555s][info][gc             ] GC(285) Pause Young (Normal) (G1 Evacuation Pause) 572M->178M(660M) 2.041ms
[63.555s][info][gc,cpu         ] GC(285) User=0.00s Sys=0.00s Real=0.00s
[63.693s][info][gc,start       ] GC(286) Pause Young (Normal) (G1 Evacuation Pause)
[63.693s][info][gc,task        ] GC(286) Using 15 workers of 33 for evacuation
[63.694s][info][gc,phases      ] GC(286)   Pre Evacuate Collection Set: 0.2ms
[63.694s][info][gc,phases      ] GC(286)   Merge Heap Roots: 0.1ms
[63.694s][info][gc,phases      ] GC(286)   Evacuate Collection Set: 0.4ms
[63.694s][info][gc,phases      ] GC(286)   Post Evacuate Collection Set: 0.6ms
[63.694s][info][gc,phases      ] GC(286)   Other: 0.2ms
[63.694s][info][gc,heap        ] GC(286) Eden regions: 197->0(197)
[63.694s][info][gc,heap        ] GC(286) Survivor regions: 1->1(25)
[63.694s][info][gc,heap        ] GC(286) Old regions: 92->92
[63.694s][info][gc,heap        ] GC(286) Archive regions: 0->0
[63.694s][info][gc,heap        ] GC(286) Humongous regions: 7->7
[63.694s][info][gc,metaspace   ] GC(286) Metaspace: 61529K(62464K)->61529K(62464K) NonClass: 53952K(54464K)->53952K(54464K) Class: 7576K(8000K)->7576K(8000K)
[63.695s][info][gc             ] GC(286) Pause Young (Normal) (G1 Evacuation Pause) 572M->178M(660M) 2.015ms
[63.695s][info][gc,cpu         ] GC(286) User=0.00s Sys=0.00s Real=0.00s
[63.866s][info][gc,start       ] GC(287) Pause Full (System.gc())
[63.866s][info][gc,task        ] GC(287) Using 15 workers of 33 for full compaction
[63.867s][info][gc,phases,start] GC(287) Phase 1: Mark live objects
[63.910s][info][gc,phases      ] GC(287) Phase 1: Mark live objects 42.774ms
[63.910s][info][gc,phases,start] GC(287) Phase 2: Prepare compaction
[63.915s][info][gc,phases      ] GC(287) Phase 2: Prepare compaction 5.308ms
[63.915s][info][gc,phases,start] GC(287) Phase 3: Adjust pointers
[63.924s][info][gc,phases      ] GC(287) Phase 3: Adjust pointers 8.581ms
[63.924s][info][gc,phases,start] GC(287) Phase 4: Compact heap
[63.924s][info][gc,phases      ] GC(287) Phase 4: Compact heap 0.754ms
[63.932s][info][gc,heap        ] GC(287) Eden regions: 175->0(196)
[63.932s][info][gc,heap        ] GC(287) Survivor regions: 1->0(25)
[63.932s][info][gc,heap        ] GC(287) Old regions: 92->91
[63.932s][info][gc,heap        ] GC(287) Archive regions: 0->0
[63.932s][info][gc,heap        ] GC(287) Humongous regions: 10->7
[63.932s][info][gc,metaspace   ] GC(287) Metaspace: 61529K(62464K)->61529K(62464K) NonClass: 53952K(54464K)->53952K(54464K) Class: 7576K(8000K)->7576K(8000K)
[63.932s][info][gc             ] GC(287) Pause Full (System.gc()) 532M->177M(654M) 66.182ms
[63.932s][info][gc,cpu         ] GC(287) User=0.75s Sys=0.00s Real=0.06s
[64.108s][info][gc,start       ] GC(288) Pause Young (Normal) (G1 Evacuation Pause)
[64.109s][info][gc,task        ] GC(288) Using 15 workers of 33 for evacuation
[64.110s][info][gc,phases      ] GC(288)   Pre Evacuate Collection Set: 0.2ms
[64.110s][info][gc,phases      ] GC(288)   Merge Heap Roots: 0.1ms
[64.110s][info][gc,phases      ] GC(288)   Evacuate Collection Set: 0.5ms
[64.110s][info][gc,phases      ] GC(288)   Post Evacuate Collection Set: 0.7ms
[64.110s][info][gc,phases      ] GC(288)   Other: 0.2ms
[64.110s][info][gc,heap        ] GC(288) Eden regions: 196->0(195)
[64.110s][info][gc,heap        ] GC(288) Survivor regions: 0->1(25)
[64.111s][info][gc,heap        ] GC(288) Old regions: 91->91
[64.111s][info][gc,heap        ] GC(288) Archive regions: 0->0
[64.111s][info][gc,heap        ] GC(288) Humongous regions: 13->7
[64.111s][info][gc,metaspace   ] GC(288) Metaspace: 61531K(62464K)->61531K(62464K) NonClass: 53954K(54464K)->53954K(54464K) Class: 7576K(8000K)->7576K(8000K)
[64.111s][info][gc             ] GC(288) Pause Young (Normal) (G1 Evacuation Pause) 581M->178M(654M) 2.239ms
[64.111s][info][gc,cpu         ] GC(288) User=0.00s Sys=0.00s Real=0.00s
[64.240s][info][gc,start       ] GC(289) Pause Young (Normal) (G1 Evacuation Pause)
[64.240s][info][gc,task        ] GC(289) Using 15 workers of 33 for evacuation
[64.242s][info][gc,phases      ] GC(289)   Pre Evacuate Collection Set: 0.2ms
[64.242s][info][gc,phases      ] GC(289)   Merge Heap Roots: 0.1ms
[64.242s][info][gc,phases      ] GC(289)   Evacuate Collection Set: 0.4ms
[64.242s][info][gc,phases      ] GC(289)   Post Evacuate Collection Set: 0.7ms
[64.242s][info][gc,phases      ] GC(289)   Other: 0.2ms
[64.242s][info][gc,heap        ] GC(289) Eden regions: 195->0(195)
[64.242s][info][gc,heap        ] GC(289) Survivor regions: 1->1(25)
[64.242s][info][gc,heap        ] GC(289) Old regions: 91->91
[64.242s][info][gc,heap        ] GC(289) Archive regions: 0->0
[64.242s][info][gc,heap        ] GC(289) Humongous regions: 7->7
[64.242s][info][gc,metaspace   ] GC(289) Metaspace: 61531K(62464K)->61531K(62464K) NonClass: 53954K(54464K)->53954K(54464K) Class: 7576K(8000K)->7576K(8000K)
[64.242s][info][gc             ] GC(289) Pause Young (Normal) (G1 Evacuation Pause) 568M->178M(654M) 2.038ms
[64.242s][info][gc,cpu         ] GC(289) User=0.00s Sys=0.00s Real=0.00s
[64.377s][info][gc,start       ] GC(290) Pause Young (Normal) (G1 Evacuation Pause)
[64.377s][info][gc,task        ] GC(290) Using 15 workers of 33 for evacuation
[64.382s][info][gc,phases      ] GC(290)   Pre Evacuate Collection Set: 0.2ms
[64.382s][info][gc,phases      ] GC(290)   Merge Heap Roots: 0.1ms
[64.382s][info][gc,phases      ] GC(290)   Evacuate Collection Set: 0.4ms
[64.382s][info][gc,phases      ] GC(290)   Post Evacuate Collection Set: 4.6ms
[64.382s][info][gc,phases      ] GC(290)   Other: 0.2ms
[64.382s][info][gc,heap        ] GC(290) Eden regions: 195->0(345)
[64.382s][info][gc,heap        ] GC(290) Survivor regions: 1->1(25)
[64.382s][info][gc,heap        ] GC(290) Old regions: 91->91
[64.382s][info][gc,heap        ] GC(290) Archive regions: 0->0
[64.382s][info][gc,heap        ] GC(290) Humongous regions: 7->7
[64.382s][info][gc,metaspace   ] GC(290) Metaspace: 61531K(62464K)->61531K(62464K) NonClass: 53954K(54464K)->53954K(54464K) Class: 7576K(8000K)->7576K(8000K)
[64.383s][info][gc             ] GC(290) Pause Young (Normal) (G1 Evacuation Pause) 568M->178M(1156M) 5.956ms
[64.383s][info][gc,cpu         ] GC(290) User=0.00s Sys=0.00s Real=0.00s
[64.744s][info][gc,start       ] GC(291) Pause Young (Normal) (G1 Evacuation Pause)
[64.744s][info][gc,task        ] GC(291) Using 27 workers of 33 for evacuation
[64.746s][info][gc,phases      ] GC(291)   Pre Evacuate Collection Set: 0.2ms
[64.746s][info][gc,phases      ] GC(291)   Merge Heap Roots: 0.2ms
[64.746s][info][gc,phases      ] GC(291)   Evacuate Collection Set: 0.6ms
[64.746s][info][gc,phases      ] GC(291)   Post Evacuate Collection Set: 0.8ms
[64.746s][info][gc,phases      ] GC(291)   Other: 0.2ms
[64.746s][info][gc,heap        ] GC(291) Eden regions: 345->0(345)
[64.746s][info][gc,heap        ] GC(291) Survivor regions: 1->1(44)
[64.746s][info][gc,heap        ] GC(291) Old regions: 91->91
[64.746s][info][gc,heap        ] GC(291) Archive regions: 0->0
[64.746s][info][gc,heap        ] GC(291) Humongous regions: 7->7
[64.746s][info][gc,metaspace   ] GC(291) Metaspace: 61531K(62464K)->61531K(62464K) NonClass: 53954K(54464K)->53954K(54464K) Class: 7576K(8000K)->7576K(8000K)
[64.746s][info][gc             ] GC(291) Pause Young (Normal) (G1 Evacuation Pause) 868M->178M(1156M) 2.572ms
[64.747s][info][gc,cpu         ] GC(291) User=0.00s Sys=0.00s Real=0.00s
[64.793s][info][gc,start       ] GC(292) Pause Full (System.gc())
[64.793s][info][gc,task        ] GC(292) Using 27 workers of 33 for full compaction
[64.794s][info][gc,phases,start] GC(292) Phase 1: Mark live objects
[64.829s][info][gc,phases      ] GC(292) Phase 1: Mark live objects 35.237ms
[64.829s][info][gc,phases,start] GC(292) Phase 2: Prepare compaction
[64.835s][info][gc,phases      ] GC(292) Phase 2: Prepare compaction 6.135ms
[64.835s][info][gc,phases,start] GC(292) Phase 3: Adjust pointers
[64.846s][info][gc,phases      ] GC(292) Phase 3: Adjust pointers 10.592ms
[64.846s][info][gc,phases,start] GC(292) Phase 4: Compact heap
[64.847s][info][gc,phases      ] GC(292) Phase 4: Compact heap 0.794ms
[64.859s][info][gc,heap        ] GC(292) Eden regions: 32->0(198)
[64.859s][info][gc,heap        ] GC(292) Survivor regions: 1->0(44)
[64.859s][info][gc,heap        ] GC(292) Old regions: 91->92
[64.859s][info][gc,heap        ] GC(292) Archive regions: 0->0
[64.859s][info][gc,heap        ] GC(292) Humongous regions: 10->7
[64.859s][info][gc,metaspace   ] GC(292) Metaspace: 61540K(62464K)->61540K(62464K) NonClass: 53963K(54464K)->53963K(54464K) Class: 7576K(8000K)->7576K(8000K)
[64.859s][info][gc             ] GC(292) Pause Full (System.gc()) 246M->177M(660M) 66.146ms
[64.859s][info][gc,cpu         ] GC(292) User=1.30s Sys=0.00s Real=0.06s
[65.067s][info][gc,start       ] GC(293) Pause Young (Normal) (G1 Evacuation Pause)
[65.067s][info][gc,task        ] GC(293) Using 21 workers of 33 for evacuation
[65.068s][info][gc,phases      ] GC(293)   Pre Evacuate Collection Set: 0.2ms
[65.068s][info][gc,phases      ] GC(293)   Merge Heap Roots: 0.1ms
[65.069s][info][gc,phases      ] GC(293)   Evacuate Collection Set: 0.5ms
[65.069s][info][gc,phases      ] GC(293)   Post Evacuate Collection Set: 0.7ms
[65.069s][info][gc,phases      ] GC(293)   Other: 0.2ms
[65.069s][info][gc,heap        ] GC(293) Eden regions: 198->0(197)
[65.069s][info][gc,heap        ] GC(293) Survivor regions: 0->1(25)
[65.069s][info][gc,heap        ] GC(293) Old regions: 92->92
[65.069s][info][gc,heap        ] GC(293) Archive regions: 0->0
[65.069s][info][gc,heap        ] GC(293) Humongous regions: 13->7
[65.069s][info][gc,metaspace   ] GC(293) Metaspace: 61547K(62464K)->61547K(62464K) NonClass: 53970K(54464K)->53970K(54464K) Class: 7576K(8000K)->7576K(8000K)
[65.069s][info][gc             ] GC(293) Pause Young (Normal) (G1 Evacuation Pause) 585M->178M(660M) 2.239ms
[65.069s][info][gc,cpu         ] GC(293) User=0.00s Sys=0.00s Real=0.00s
[65.205s][info][gc,start       ] GC(294) Pause Young (Normal) (G1 Evacuation Pause)
[65.205s][info][gc,task        ] GC(294) Using 18 workers of 33 for evacuation
[65.206s][info][gc,phases      ] GC(294)   Pre Evacuate Collection Set: 0.2ms
[65.207s][info][gc,phases      ] GC(294)   Merge Heap Roots: 0.1ms
[65.207s][info][gc,phases      ] GC(294)   Evacuate Collection Set: 0.5ms
[65.207s][info][gc,phases      ] GC(294)   Post Evacuate Collection Set: 0.7ms
[65.207s][info][gc,phases      ] GC(294)   Other: 0.2ms
[65.207s][info][gc,heap        ] GC(294) Eden regions: 197->0(197)
[65.207s][info][gc,heap        ] GC(294) Survivor regions: 1->1(25)
[65.207s][info][gc,heap        ] GC(294) Old regions: 92->92
[65.207s][info][gc,heap        ] GC(294) Archive regions: 0->0
[65.207s][info][gc,heap        ] GC(294) Humongous regions: 7->7
[65.207s][info][gc,metaspace   ] GC(294) Metaspace: 61547K(62464K)->61547K(62464K) NonClass: 53970K(54464K)->53970K(54464K) Class: 7576K(8000K)->7576K(8000K)
[65.207s][info][gc             ] GC(294) Pause Young (Normal) (G1 Evacuation Pause) 572M->178M(660M) 2.079ms
[65.207s][info][gc,cpu         ] GC(294) User=0.00s Sys=0.00s Real=0.00s
[65.340s][info][gc,start       ] GC(295) Pause Young (Normal) (G1 Evacuation Pause)
[65.340s][info][gc,task        ] GC(295) Using 16 workers of 33 for evacuation
[65.341s][info][gc,phases      ] GC(295)   Pre Evacuate Collection Set: 0.2ms
[65.341s][info][gc,phases      ] GC(295)   Merge Heap Roots: 0.1ms
[65.341s][info][gc,phases      ] GC(295)   Evacuate Collection Set: 0.4ms
[65.341s][info][gc,phases      ] GC(295)   Post Evacuate Collection Set: 0.7ms
[65.341s][info][gc,phases      ] GC(295)   Other: 0.2ms
[65.342s][info][gc,heap        ] GC(295) Eden regions: 197->0(197)
[65.342s][info][gc,heap        ] GC(295) Survivor regions: 1->1(25)
[65.342s][info][gc,heap        ] GC(295) Old regions: 92->92
[65.342s][info][gc,heap        ] GC(295) Archive regions: 0->0
[65.342s][info][gc,heap        ] GC(295) Humongous regions: 7->7
[65.342s][info][gc,metaspace   ] GC(295) Metaspace: 61547K(62464K)->61547K(62464K) NonClass: 53970K(54464K)->53970K(54464K) Class: 7576K(8000K)->7576K(8000K)
[65.342s][info][gc             ] GC(295) Pause Young (Normal) (G1 Evacuation Pause) 572M->178M(660M) 1.951ms
[65.342s][info][gc,cpu         ] GC(295) User=0.00s Sys=0.00s Real=0.00s
[65.471s][info][gc,start       ] GC(296) Pause Young (Normal) (G1 Evacuation Pause)
[65.471s][info][gc,task        ] GC(296) Using 15 workers of 33 for evacuation
[65.472s][info][gc,phases      ] GC(296)   Pre Evacuate Collection Set: 0.2ms
[65.472s][info][gc,phases      ] GC(296)   Merge Heap Roots: 0.1ms
[65.472s][info][gc,phases      ] GC(296)   Evacuate Collection Set: 0.4ms
[65.472s][info][gc,phases      ] GC(296)   Post Evacuate Collection Set: 0.7ms
[65.472s][info][gc,phases      ] GC(296)   Other: 0.1ms
[65.472s][info][gc,heap        ] GC(296) Eden regions: 197->0(197)
[65.472s][info][gc,heap        ] GC(296) Survivor regions: 1->1(25)
[65.472s][info][gc,heap        ] GC(296) Old regions: 92->92
[65.473s][info][gc,heap        ] GC(296) Archive regions: 0->0
[65.473s][info][gc,heap        ] GC(296) Humongous regions: 7->7
[65.473s][info][gc,metaspace   ] GC(296) Metaspace: 61547K(62464K)->61547K(62464K) NonClass: 53970K(54464K)->53970K(54464K) Class: 7576K(8000K)->7576K(8000K)
[65.473s][info][gc             ] GC(296) Pause Young (Normal) (G1 Evacuation Pause) 572M->178M(660M) 2.019ms
[65.473s][info][gc,cpu         ] GC(296) User=0.00s Sys=0.00s Real=0.00s
[65.624s][info][gc,start       ] GC(297) Pause Full (System.gc())
[65.624s][info][gc,task        ] GC(297) Using 15 workers of 33 for full compaction
[65.624s][info][gc,phases,start] GC(297) Phase 1: Mark live objects
[65.666s][info][gc,phases      ] GC(297) Phase 1: Mark live objects 41.591ms
[65.666s][info][gc,phases,start] GC(297) Phase 2: Prepare compaction
[65.671s][info][gc,phases      ] GC(297) Phase 2: Prepare compaction 5.321ms
[65.671s][info][gc,phases,start] GC(297) Phase 3: Adjust pointers
[65.682s][info][gc,phases      ] GC(297) Phase 3: Adjust pointers 10.069ms
[65.682s][info][gc,phases,start] GC(297) Phase 4: Compact heap
[65.682s][info][gc,phases      ] GC(297) Phase 4: Compact heap 0.733ms
[65.690s][info][gc,heap        ] GC(297) Eden regions: 174->0(196)
[65.690s][info][gc,heap        ] GC(297) Survivor regions: 1->0(25)
[65.690s][info][gc,heap        ] GC(297) Old regions: 92->91
[65.690s][info][gc,heap        ] GC(297) Archive regions: 0->0
[65.690s][info][gc,heap        ] GC(297) Humongous regions: 10->7
[65.690s][info][gc,metaspace   ] GC(297) Metaspace: 61548K(62464K)->61548K(62464K) NonClass: 53971K(54464K)->53971K(54464K) Class: 7576K(8000K)->7576K(8000K)
[65.690s][info][gc             ] GC(297) Pause Full (System.gc()) 530M->177M(654M) 66.412ms
[65.690s][info][gc,cpu         ] GC(297) User=0.59s Sys=0.00s Real=0.06s
[65.873s][info][gc,start       ] GC(298) Pause Young (Normal) (G1 Evacuation Pause)
[65.873s][info][gc,task        ] GC(298) Using 15 workers of 33 for evacuation
[65.875s][info][gc,phases      ] GC(298)   Pre Evacuate Collection Set: 0.2ms
[65.875s][info][gc,phases      ] GC(298)   Merge Heap Roots: 0.1ms
[65.875s][info][gc,phases      ] GC(298)   Evacuate Collection Set: 0.5ms
[65.875s][info][gc,phases      ] GC(298)   Post Evacuate Collection Set: 0.7ms
[65.875s][info][gc,phases      ] GC(298)   Other: 0.2ms
[65.875s][info][gc,heap        ] GC(298) Eden regions: 196->0(195)
[65.875s][info][gc,heap        ] GC(298) Survivor regions: 0->1(25)
[65.875s][info][gc,heap        ] GC(298) Old regions: 91->91
[65.875s][info][gc,heap        ] GC(298) Archive regions: 0->0
[65.875s][info][gc,heap        ] GC(298) Humongous regions: 13->7
[65.875s][info][gc,metaspace   ] GC(298) Metaspace: 61548K(62464K)->61548K(62464K) NonClass: 53971K(54464K)->53971K(54464K) Class: 7576K(8000K)->7576K(8000K)
[65.875s][info][gc             ] GC(298) Pause Young (Normal) (G1 Evacuation Pause) 581M->178M(654M) 2.211ms
[65.875s][info][gc,cpu         ] GC(298) User=0.00s Sys=0.00s Real=0.00s
[66.004s][info][gc,start       ] GC(299) Pause Young (Normal) (G1 Evacuation Pause)
[66.004s][info][gc,task        ] GC(299) Using 15 workers of 33 for evacuation
[66.006s][info][gc,phases      ] GC(299)   Pre Evacuate Collection Set: 0.2ms
[66.006s][info][gc,phases      ] GC(299)   Merge Heap Roots: 0.1ms
[66.006s][info][gc,phases      ] GC(299)   Evacuate Collection Set: 0.4ms
[66.006s][info][gc,phases      ] GC(299)   Post Evacuate Collection Set: 0.7ms
[66.006s][info][gc,phases      ] GC(299)   Other: 0.2ms
[66.006s][info][gc,heap        ] GC(299) Eden regions: 195->0(195)
[66.006s][info][gc,heap        ] GC(299) Survivor regions: 1->1(25)
[66.006s][info][gc,heap        ] GC(299) Old regions: 91->91
[66.006s][info][gc,heap        ] GC(299) Archive regions: 0->0
[66.006s][info][gc,heap        ] GC(299) Humongous regions: 7->7
[66.006s][info][gc,metaspace   ] GC(299) Metaspace: 61548K(62464K)->61548K(62464K) NonClass: 53971K(54464K)->53971K(54464K) Class: 7576K(8000K)->7576K(8000K)
[66.006s][info][gc             ] GC(299) Pause Young (Normal) (G1 Evacuation Pause) 568M->178M(654M) 2.048ms
[66.006s][info][gc,cpu         ] GC(299) User=0.00s Sys=0.00s Real=0.00s
[66.136s][info][gc,start       ] GC(300) Pause Young (Normal) (G1 Evacuation Pause)
[66.136s][info][gc,task        ] GC(300) Using 15 workers of 33 for evacuation
[66.138s][info][gc,phases      ] GC(300)   Pre Evacuate Collection Set: 0.2ms
[66.138s][info][gc,phases      ] GC(300)   Merge Heap Roots: 0.1ms
[66.138s][info][gc,phases      ] GC(300)   Evacuate Collection Set: 0.4ms
[66.138s][info][gc,phases      ] GC(300)   Post Evacuate Collection Set: 0.7ms
[66.138s][info][gc,phases      ] GC(300)   Other: 0.1ms
[66.138s][info][gc,heap        ] GC(300) Eden regions: 195->0(195)
[66.138s][info][gc,heap        ] GC(300) Survivor regions: 1->1(25)
[66.138s][info][gc,heap        ] GC(300) Old regions: 91->91
[66.138s][info][gc,heap        ] GC(300) Archive regions: 0->0
[66.138s][info][gc,heap        ] GC(300) Humongous regions: 7->7
[66.138s][info][gc,metaspace   ] GC(300) Metaspace: 61548K(62464K)->61548K(62464K) NonClass: 53971K(54464K)->53971K(54464K) Class: 7576K(8000K)->7576K(8000K)
[66.138s][info][gc             ] GC(300) Pause Young (Normal) (G1 Evacuation Pause) 568M->178M(654M) 1.989ms
[66.138s][info][gc,cpu         ] GC(300) User=0.00s Sys=0.00s Real=0.00s
[66.266s][info][gc,start       ] GC(301) Pause Young (Normal) (G1 Evacuation Pause)
[66.266s][info][gc,task        ] GC(301) Using 15 workers of 33 for evacuation
[66.267s][info][gc,phases      ] GC(301)   Pre Evacuate Collection Set: 0.2ms
[66.268s][info][gc,phases      ] GC(301)   Merge Heap Roots: 0.1ms
[66.268s][info][gc,phases      ] GC(301)   Evacuate Collection Set: 0.4ms
[66.268s][info][gc,phases      ] GC(301)   Post Evacuate Collection Set: 0.7ms
[66.268s][info][gc,phases      ] GC(301)   Other: 0.1ms
[66.268s][info][gc,heap        ] GC(301) Eden regions: 195->0(195)
[66.268s][info][gc,heap        ] GC(301) Survivor regions: 1->1(25)
[66.268s][info][gc,heap        ] GC(301) Old regions: 91->91
[66.268s][info][gc,heap        ] GC(301) Archive regions: 0->0
[66.268s][info][gc,heap        ] GC(301) Humongous regions: 7->7
[66.268s][info][gc,metaspace   ] GC(301) Metaspace: 61548K(62464K)->61548K(62464K) NonClass: 53971K(54464K)->53971K(54464K) Class: 7576K(8000K)->7576K(8000K)
[66.268s][info][gc             ] GC(301) Pause Young (Normal) (G1 Evacuation Pause) 568M->178M(654M) 1.906ms
[66.268s][info][gc,cpu         ] GC(301) User=0.00s Sys=0.00s Real=0.00s
[66.426s][info][gc,start       ] GC(302) Pause Full (System.gc())
[66.426s][info][gc,task        ] GC(302) Using 15 workers of 33 for full compaction
[66.427s][info][gc,phases,start] GC(302) Phase 1: Mark live objects
[66.471s][info][gc,phases      ] GC(302) Phase 1: Mark live objects 43.647ms
[66.471s][info][gc,phases,start] GC(302) Phase 2: Prepare compaction
[66.476s][info][gc,phases      ] GC(302) Phase 2: Prepare compaction 5.502ms
[66.476s][info][gc,phases,start] GC(302) Phase 3: Adjust pointers
[66.485s][info][gc,phases      ] GC(302) Phase 3: Adjust pointers 8.617ms
[66.485s][info][gc,phases,start] GC(302) Phase 4: Compact heap
[66.486s][info][gc,phases      ] GC(302) Phase 4: Compact heap 1.121ms
[66.494s][info][gc,heap        ] GC(302) Eden regions: 182->0(196)
[66.494s][info][gc,heap        ] GC(302) Survivor regions: 1->0(25)
[66.494s][info][gc,heap        ] GC(302) Old regions: 91->91
[66.494s][info][gc,heap        ] GC(302) Archive regions: 0->0
[66.494s][info][gc,heap        ] GC(302) Humongous regions: 10->7
[66.494s][info][gc,metaspace   ] GC(302) Metaspace: 61557K(62464K)->61557K(62464K) NonClass: 53980K(54464K)->53980K(54464K) Class: 7576K(8000K)->7576K(8000K)
[66.494s][info][gc             ] GC(302) Pause Full (System.gc()) 546M->177M(654M) 67.875ms
[66.494s][info][gc,cpu         ] GC(302) User=0.84s Sys=0.00s Real=0.06s
[66.688s][info][gc,start       ] GC(303) Pause Young (Normal) (G1 Evacuation Pause)
[66.688s][info][gc,task        ] GC(303) Using 15 workers of 33 for evacuation
[66.690s][info][gc,phases      ] GC(303)   Pre Evacuate Collection Set: 0.2ms
[66.690s][info][gc,phases      ] GC(303)   Merge Heap Roots: 0.1ms
[66.690s][info][gc,phases      ] GC(303)   Evacuate Collection Set: 0.5ms
[66.690s][info][gc,phases      ] GC(303)   Post Evacuate Collection Set: 0.7ms
[66.690s][info][gc,phases      ] GC(303)   Other: 0.2ms
[66.690s][info][gc,heap        ] GC(303) Eden regions: 196->0(195)
[66.690s][info][gc,heap        ] GC(303) Survivor regions: 0->1(25)
[66.690s][info][gc,heap        ] GC(303) Old regions: 91->91
[66.690s][info][gc,heap        ] GC(303) Archive regions: 0->0
[66.690s][info][gc,heap        ] GC(303) Humongous regions: 13->7
[66.690s][info][gc,metaspace   ] GC(303) Metaspace: 61558K(62464K)->61558K(62464K) NonClass: 53981K(54464K)->53981K(54464K) Class: 7576K(8000K)->7576K(8000K)
[66.690s][info][gc             ] GC(303) Pause Young (Normal) (G1 Evacuation Pause) 581M->178M(654M) 2.275ms
[66.690s][info][gc,cpu         ] GC(303) User=0.00s Sys=0.00s Real=0.00s
[66.820s][info][gc,start       ] GC(304) Pause Young (Normal) (G1 Evacuation Pause)
[66.820s][info][gc,task        ] GC(304) Using 15 workers of 33 for evacuation
[66.821s][info][gc,phases      ] GC(304)   Pre Evacuate Collection Set: 0.2ms
[66.821s][info][gc,phases      ] GC(304)   Merge Heap Roots: 0.1ms
[66.821s][info][gc,phases      ] GC(304)   Evacuate Collection Set: 0.4ms
[66.821s][info][gc,phases      ] GC(304)   Post Evacuate Collection Set: 0.7ms
[66.821s][info][gc,phases      ] GC(304)   Other: 0.2ms
[66.821s][info][gc,heap        ] GC(304) Eden regions: 195->0(195)
[66.821s][info][gc,heap        ] GC(304) Survivor regions: 1->1(25)
[66.822s][info][gc,heap        ] GC(304) Old regions: 91->91
[66.822s][info][gc,heap        ] GC(304) Archive regions: 0->0
[66.822s][info][gc,heap        ] GC(304) Humongous regions: 7->7
[66.822s][info][gc,metaspace   ] GC(304) Metaspace: 61558K(62464K)->61558K(62464K) NonClass: 53981K(54464K)->53981K(54464K) Class: 7576K(8000K)->7576K(8000K)
[66.822s][info][gc             ] GC(304) Pause Young (Normal) (G1 Evacuation Pause) 568M->178M(654M) 2.036ms
[66.822s][info][gc,cpu         ] GC(304) User=0.00s Sys=0.00s Real=0.00s
[66.949s][info][gc,start       ] GC(305) Pause Young (Normal) (G1 Evacuation Pause)
[66.949s][info][gc,task        ] GC(305) Using 15 workers of 33 for evacuation
[66.955s][info][gc,phases      ] GC(305)   Pre Evacuate Collection Set: 0.2ms
[66.955s][info][gc,phases      ] GC(305)   Merge Heap Roots: 0.1ms
[66.955s][info][gc,phases      ] GC(305)   Evacuate Collection Set: 0.4ms
[66.955s][info][gc,phases      ] GC(305)   Post Evacuate Collection Set: 5.0ms
[66.955s][info][gc,phases      ] GC(305)   Other: 0.1ms
[66.955s][info][gc,heap        ] GC(305) Eden regions: 195->0(359)
[66.955s][info][gc,heap        ] GC(305) Survivor regions: 1->1(25)
[66.955s][info][gc,heap        ] GC(305) Old regions: 91->91
[66.955s][info][gc,heap        ] GC(305) Archive regions: 0->0
[66.955s][info][gc,heap        ] GC(305) Humongous regions: 7->7
[66.955s][info][gc,metaspace   ] GC(305) Metaspace: 61558K(62464K)->61558K(62464K) NonClass: 53981K(54464K)->53981K(54464K) Class: 7576K(8000K)->7576K(8000K)
[66.956s][info][gc             ] GC(305) Pause Young (Normal) (G1 Evacuation Pause) 568M->178M(1200M) 6.287ms
[66.956s][info][gc,cpu         ] GC(305) User=0.00s Sys=0.00s Real=0.00s
[67.329s][info][gc,start       ] GC(306) Pause Young (Normal) (G1 Evacuation Pause)
[67.330s][info][gc,task        ] GC(306) Using 28 workers of 33 for evacuation
[67.332s][info][gc,phases      ] GC(306)   Pre Evacuate Collection Set: 0.2ms
[67.332s][info][gc,phases      ] GC(306)   Merge Heap Roots: 0.2ms
[67.332s][info][gc,phases      ] GC(306)   Evacuate Collection Set: 0.6ms
[67.332s][info][gc,phases      ] GC(306)   Post Evacuate Collection Set: 0.9ms
[67.332s][info][gc,phases      ] GC(306)   Other: 0.2ms
[67.332s][info][gc,heap        ] GC(306) Eden regions: 359->0(359)
[67.332s][info][gc,heap        ] GC(306) Survivor regions: 1->1(45)
[67.332s][info][gc,heap        ] GC(306) Old regions: 91->91
[67.332s][info][gc,heap        ] GC(306) Archive regions: 0->0
[67.332s][info][gc,heap        ] GC(306) Humongous regions: 7->7
[67.332s][info][gc,metaspace   ] GC(306) Metaspace: 61558K(62464K)->61558K(62464K) NonClass: 53981K(54464K)->53981K(54464K) Class: 7576K(8000K)->7576K(8000K)
[67.332s][info][gc             ] GC(306) Pause Young (Normal) (G1 Evacuation Pause) 896M->178M(1200M) 2.616ms
[67.332s][info][gc,cpu         ] GC(306) User=0.00s Sys=0.00s Real=0.00s
[67.377s][info][gc,start       ] GC(307) Pause Full (System.gc())
[67.377s][info][gc,task        ] GC(307) Using 28 workers of 33 for full compaction
[67.378s][info][gc,phases,start] GC(307) Phase 1: Mark live objects
[67.410s][info][gc,phases      ] GC(307) Phase 1: Mark live objects 32.050ms
[67.411s][info][gc,phases,start] GC(307) Phase 2: Prepare compaction
[67.416s][info][gc,phases      ] GC(307) Phase 2: Prepare compaction 5.893ms
[67.416s][info][gc,phases,start] GC(307) Phase 3: Adjust pointers
[67.428s][info][gc,phases      ] GC(307) Phase 3: Adjust pointers 11.090ms
[67.428s][info][gc,phases,start] GC(307) Phase 4: Compact heap
[67.428s][info][gc,phases      ] GC(307) Phase 4: Compact heap 0.724ms
[67.440s][info][gc,heap        ] GC(307) Eden regions: 18->0(204)
[67.441s][info][gc,heap        ] GC(307) Survivor regions: 1->0(45)
[67.441s][info][gc,heap        ] GC(307) Old regions: 91->95
[67.441s][info][gc,heap        ] GC(307) Archive regions: 0->0
[67.441s][info][gc,heap        ] GC(307) Humongous regions: 10->7
[67.441s][info][gc,metaspace   ] GC(307) Metaspace: 61558K(62464K)->61558K(62464K) NonClass: 53981K(54464K)->53981K(54464K) Class: 7576K(8000K)->7576K(8000K)
[67.441s][info][gc             ] GC(307) Pause Full (System.gc()) 220M->177M(680M) 63.442ms
[67.441s][info][gc,cpu         ] GC(307) User=1.33s Sys=0.00s Real=0.06s
[67.661s][info][gc,start       ] GC(308) Pause Young (Normal) (G1 Evacuation Pause)
[67.661s][info][gc,task        ] GC(308) Using 22 workers of 33 for evacuation
[67.663s][info][gc,phases      ] GC(308)   Pre Evacuate Collection Set: 0.2ms
[67.663s][info][gc,phases      ] GC(308)   Merge Heap Roots: 0.1ms
[67.663s][info][gc,phases      ] GC(308)   Evacuate Collection Set: 0.5ms
[67.663s][info][gc,phases      ] GC(308)   Post Evacuate Collection Set: 0.7ms
[67.663s][info][gc,phases      ] GC(308)   Other: 0.2ms
[67.663s][info][gc,heap        ] GC(308) Eden regions: 204->0(203)
[67.663s][info][gc,heap        ] GC(308) Survivor regions: 0->1(26)
[67.663s][info][gc,heap        ] GC(308) Old regions: 95->95
[67.663s][info][gc,heap        ] GC(308) Archive regions: 0->0
[67.663s][info][gc,heap        ] GC(308) Humongous regions: 13->7
[67.663s][info][gc,metaspace   ] GC(308) Metaspace: 61561K(62464K)->61561K(62464K) NonClass: 53983K(54464K)->53983K(54464K) Class: 7577K(8000K)->7577K(8000K)
[67.663s][info][gc             ] GC(308) Pause Young (Normal) (G1 Evacuation Pause) 597M->178M(680M) 2.238ms
[67.663s][info][gc,cpu         ] GC(308) User=0.00s Sys=0.00s Real=0.00s
[67.808s][info][gc,start       ] GC(309) Pause Young (Normal) (G1 Evacuation Pause)
[67.808s][info][gc,task        ] GC(309) Using 19 workers of 33 for evacuation
[67.809s][info][gc,phases      ] GC(309)   Pre Evacuate Collection Set: 0.2ms
[67.809s][info][gc,phases      ] GC(309)   Merge Heap Roots: 0.1ms
[67.810s][info][gc,phases      ] GC(309)   Evacuate Collection Set: 0.5ms
[67.810s][info][gc,phases      ] GC(309)   Post Evacuate Collection Set: 0.7ms
[67.810s][info][gc,phases      ] GC(309)   Other: 0.2ms
[67.810s][info][gc,heap        ] GC(309) Eden regions: 203->0(203)
[67.810s][info][gc,heap        ] GC(309) Survivor regions: 1->1(26)
[67.810s][info][gc,heap        ] GC(309) Old regions: 95->95
[67.810s][info][gc,heap        ] GC(309) Archive regions: 0->0
[67.810s][info][gc,heap        ] GC(309) Humongous regions: 7->7
[67.810s][info][gc,metaspace   ] GC(309) Metaspace: 61561K(62464K)->61561K(62464K) NonClass: 53983K(54464K)->53983K(54464K) Class: 7577K(8000K)->7577K(8000K)
[67.810s][info][gc             ] GC(309) Pause Young (Normal) (G1 Evacuation Pause) 584M->178M(680M) 2.248ms
[67.810s][info][gc,cpu         ] GC(309) User=0.03s Sys=0.02s Real=0.02s
[67.947s][info][gc,start       ] GC(310) Pause Young (Normal) (G1 Evacuation Pause)
[67.947s][info][gc,task        ] GC(310) Using 17 workers of 33 for evacuation
[67.948s][info][gc,phases      ] GC(310)   Pre Evacuate Collection Set: 0.2ms
[67.948s][info][gc,phases      ] GC(310)   Merge Heap Roots: 0.1ms
[67.948s][info][gc,phases      ] GC(310)   Evacuate Collection Set: 0.4ms
[67.949s][info][gc,phases      ] GC(310)   Post Evacuate Collection Set: 0.7ms
[67.949s][info][gc,phases      ] GC(310)   Other: 0.1ms
[67.949s][info][gc,heap        ] GC(310) Eden regions: 203->0(203)
[67.949s][info][gc,heap        ] GC(310) Survivor regions: 1->1(26)
[67.949s][info][gc,heap        ] GC(310) Old regions: 95->95
[67.949s][info][gc,heap        ] GC(310) Archive regions: 0->0
[67.949s][info][gc,heap        ] GC(310) Humongous regions: 7->7
[67.949s][info][gc,metaspace   ] GC(310) Metaspace: 61561K(62464K)->61561K(62464K) NonClass: 53983K(54464K)->53983K(54464K) Class: 7577K(8000K)->7577K(8000K)
[67.949s][info][gc             ] GC(310) Pause Young (Normal) (G1 Evacuation Pause) 584M->178M(680M) 1.988ms
[67.949s][info][gc,cpu         ] GC(310) User=0.00s Sys=0.00s Real=0.00s
[68.098s][info][gc,start       ] GC(311) Pause Young (Normal) (G1 Evacuation Pause)
[68.111s][info][gc,task        ] GC(311) Using 16 workers of 33 for evacuation
[68.112s][info][gc,phases      ] GC(311)   Pre Evacuate Collection Set: 0.2ms
[68.112s][info][gc,phases      ] GC(311)   Merge Heap Roots: 0.1ms
[68.112s][info][gc,phases      ] GC(311)   Evacuate Collection Set: 0.4ms
[68.112s][info][gc,phases      ] GC(311)   Post Evacuate Collection Set: 0.7ms
[68.112s][info][gc,phases      ] GC(311)   Other: 0.2ms
[68.112s][info][gc,heap        ] GC(311) Eden regions: 203->0(203)
[68.112s][info][gc,heap        ] GC(311) Survivor regions: 1->1(26)
[68.112s][info][gc,heap        ] GC(311) Old regions: 95->95
[68.112s][info][gc,heap        ] GC(311) Archive regions: 0->0
[68.112s][info][gc,heap        ] GC(311) Humongous regions: 7->7
[68.112s][info][gc,metaspace   ] GC(311) Metaspace: 61561K(62464K)->61561K(62464K) NonClass: 53983K(54464K)->53983K(54464K) Class: 7577K(8000K)->7577K(8000K)
[68.112s][info][gc             ] GC(311) Pause Young (Normal) (G1 Evacuation Pause) 584M->178M(680M) 14.540ms
[68.113s][info][gc,cpu         ] GC(311) User=0.00s Sys=0.00s Real=0.00s
[68.462s][info][gc,heap,exit   ] Heap
[68.462s][info][gc,heap,exit   ]  garbage-first heap   total 696320K, used 530635K [0x0000000700000000, 0x0000000800000000)
[68.462s][info][gc,heap,exit   ]   region size 2048K, 168 young (344064K), 1 survivors (2048K)
[68.462s][info][gc,heap,exit   ]  Metaspace       used 61966K, committed 62848K, reserved 1114112K
[68.462s][info][gc,heap,exit   ]   class space    used 7655K, committed 8064K, reserved 1048576K
