[0.017s][info][gc,init] CardTable entry size: 512
[0.017s][info][gc     ] Using Parallel
[0.028s][info][gc,init] Version: 20+36-2344 (release)
[0.070s][info][gc,init] CPUs: 48 total, 48 available
[0.070s][info][gc,init] Memory: 382G
[0.070s][info][gc,init] Large Page Support: Disabled
[0.070s][info][gc,init] NUMA Support: Disabled
[0.070s][info][gc,init] Compressed Oops: Enabled (32-bit)
[0.070s][info][gc,init] Alignments: Space 512K, Generation 512K, Heap 2M
[0.070s][info][gc,init] Heap Min Capacity: 8M
[0.070s][info][gc,init] Heap Initial Capacity: 2G
[0.090s][info][gc,init] Heap Max Capacity: 2G
[0.090s][info][gc,init] Pre-touch: Disabled
[0.090s][info][gc,init] Parallel Workers: 33
[0.091s][info][gc,metaspace] CDS archive(s) mapped at: [0x0000000800000000-0x0000000800c60000-0x0000000800c60000), size 12976128, SharedBaseAddress: 0x0000000800000000, ArchiveRelocationMode: 0.
[0.091s][info][gc,metaspace] Compressed class space mapped at: 0x0000000801000000-0x0000000841000000, reserved size: 1073741824
[0.091s][info][gc,metaspace] Narrow klass base: 0x0000000800000000, Narrow klass shift: 0, Narrow klass range: 0x100000000
[10.017s][info][gc,start    ] GC(0) Pause Young (Metadata GC Threshold)
[10.035s][info][gc,heap     ] GC(0) PSYoungGen: 220649K(611840K)->18821K(611840K) Eden: 220649K(524800K)->0K(524800K) From: 0K(87040K)->18821K(87040K)
[10.035s][info][gc,heap     ] GC(0) ParOldGen: 0K(1398272K)->24K(1398272K)
[10.035s][info][gc,metaspace] GC(0) Metaspace: 21272K(21504K)->21272K(21504K) NonClass: 18553K(18688K)->18553K(18688K) Class: 2718K(2816K)->2718K(2816K)
[10.035s][info][gc          ] GC(0) Pause Young (Metadata GC Threshold) 215M->18M(1963M) 17.655ms
[10.035s][info][gc,cpu      ] GC(0) User=0.28s Sys=0.23s Real=0.02s
[10.035s][info][gc,start    ] GC(1) Pause Full (Metadata GC Threshold)
[10.035s][info][gc,phases,start] GC(1) Marking Phase
[10.047s][info][gc,phases      ] GC(1) Marking Phase 11.458ms
[10.047s][info][gc,phases,start] GC(1) Summary Phase
[10.047s][info][gc,phases      ] GC(1) Summary Phase 0.017ms
[10.047s][info][gc,phases,start] GC(1) Adjust Roots
[10.049s][info][gc,phases      ] GC(1) Adjust Roots 2.602ms
[10.049s][info][gc,phases,start] GC(1) Compaction Phase
[10.062s][info][gc,phases      ] GC(1) Compaction Phase 12.432ms
[10.062s][info][gc,phases,start] GC(1) Post Compact
[10.063s][info][gc,phases      ] GC(1) Post Compact 1.579ms
[10.063s][info][gc,heap        ] GC(1) PSYoungGen: 18821K(611840K)->0K(611840K) Eden: 0K(524800K)->0K(524800K) From: 18821K(87040K)->0K(87040K)
[10.063s][info][gc,heap        ] GC(1) ParOldGen: 24K(1398272K)->18044K(1398272K)
[10.063s][info][gc,metaspace   ] GC(1) Metaspace: 21272K(21504K)->21272K(21504K) NonClass: 18553K(18688K)->18553K(18688K) Class: 2718K(2816K)->2718K(2816K)
[10.063s][info][gc             ] GC(1) Pause Full (Metadata GC Threshold) 18M->17M(1963M) 28.268ms
[10.063s][info][gc,cpu         ] GC(1) User=0.03s Sys=0.00s Real=0.03s
[10.953s][info][gc,start       ] GC(2) Pause Young (Metadata GC Threshold)
[10.959s][info][gc,heap        ] GC(2) PSYoungGen: 199433K(611840K)->5278K(611840K) Eden: 199433K(524800K)->0K(524800K) From: 0K(87040K)->5278K(87040K)
[10.959s][info][gc,heap        ] GC(2) ParOldGen: 18044K(1398272K)->18052K(1398272K)
[10.959s][info][gc,metaspace   ] GC(2) Metaspace: 35449K(35840K)->35449K(35840K) NonClass: 30971K(31168K)->30971K(31168K) Class: 4478K(4672K)->4478K(4672K)
[10.959s][info][gc             ] GC(2) Pause Young (Metadata GC Threshold) 212M->22M(1963M) 6.746ms
[10.960s][info][gc,cpu         ] GC(2) User=0.00s Sys=0.00s Real=0.00s
[10.960s][info][gc,start       ] GC(3) Pause Full (Metadata GC Threshold)
[10.960s][info][gc,phases,start] GC(3) Marking Phase
[10.980s][info][gc,phases      ] GC(3) Marking Phase 20.688ms
[10.980s][info][gc,phases,start] GC(3) Summary Phase
[10.980s][info][gc,phases      ] GC(3) Summary Phase 0.020ms
[10.980s][info][gc,phases,start] GC(3) Adjust Roots
[10.986s][info][gc,phases      ] GC(3) Adjust Roots 5.876ms
[10.986s][info][gc,phases,start] GC(3) Compaction Phase
[11.004s][info][gc,phases      ] GC(3) Compaction Phase 17.883ms
[11.004s][info][gc,phases,start] GC(3) Post Compact
[11.005s][info][gc,phases      ] GC(3) Post Compact 1.001ms
[11.005s][info][gc,heap        ] GC(3) PSYoungGen: 5278K(611840K)->0K(611840K) Eden: 0K(524800K)->0K(524800K) From: 5278K(87040K)->0K(87040K)
[11.005s][info][gc,heap        ] GC(3) ParOldGen: 18052K(1398272K)->22537K(1398272K)
[11.005s][info][gc,metaspace   ] GC(3) Metaspace: 35449K(35840K)->35449K(35840K) NonClass: 30971K(31168K)->30971K(31168K) Class: 4478K(4672K)->4478K(4672K)
[11.005s][info][gc             ] GC(3) Pause Full (Metadata GC Threshold) 22M->22M(1963M) 45.695ms
[11.005s][info][gc,cpu         ] GC(3) User=1.31s Sys=0.03s Real=0.05s
[11.846s][info][gc,start       ] GC(4) Pause Young (Allocation Failure)
[11.868s][info][gc,heap        ] GC(4) PSYoungGen: 524800K(611840K)->38320K(611840K) Eden: 524800K(524800K)->0K(524800K) From: 0K(87040K)->38320K(87040K)
[11.868s][info][gc,heap        ] GC(4) ParOldGen: 22537K(1398272K)->22545K(1398272K)
[11.868s][info][gc,metaspace   ] GC(4) Metaspace: 42062K(42496K)->42062K(42496K) NonClass: 36791K(37056K)->36791K(37056K) Class: 5270K(5440K)->5270K(5440K)
[11.868s][info][gc             ] GC(4) Pause Young (Allocation Failure) 534M->59M(1963M) 21.771ms
[11.868s][info][gc,cpu         ] GC(4) User=0.09s Sys=0.42s Real=0.02s
[12.269s][info][gc,start       ] GC(5) Pause Young (Allocation Failure)
[12.326s][info][gc,heap        ] GC(5) PSYoungGen: 563120K(611840K)->82368K(611840K) Eden: 524800K(524800K)->0K(524800K) From: 38320K(87040K)->82368K(87040K)
[12.326s][info][gc,heap        ] GC(5) ParOldGen: 22545K(1398272K)->22553K(1398272K)
[12.326s][info][gc,metaspace   ] GC(5) Metaspace: 42064K(42496K)->42064K(42496K) NonClass: 36794K(37056K)->36794K(37056K) Class: 5270K(5440K)->5270K(5440K)
[12.326s][info][gc             ] GC(5) Pause Young (Allocation Failure) 571M->102M(1963M) 56.365ms
[12.326s][info][gc,cpu         ] GC(5) User=0.23s Sys=1.31s Real=0.05s
[13.325s][info][gc,start       ] GC(6) Pause Young (System.gc())
[13.329s][info][gc,heap        ] GC(6) PSYoungGen: 380304K(611840K)->3392K(611840K) Eden: 297936K(524800K)->0K(524800K) From: 82368K(87040K)->3392K(87040K)
[13.329s][info][gc,heap        ] GC(6) ParOldGen: 22553K(1398272K)->22561K(1398272K)
[13.329s][info][gc,metaspace   ] GC(6) Metaspace: 47952K(48384K)->47952K(48384K) NonClass: 41861K(42112K)->41861K(42112K) Class: 6091K(6272K)->6091K(6272K)
[13.330s][info][gc             ] GC(6) Pause Young (System.gc()) 393M->25M(1963M) 4.446ms
[13.330s][info][gc,cpu         ] GC(6) User=0.52s Sys=0.00s Real=0.01s
[13.330s][info][gc,start       ] GC(7) Pause Full (System.gc())
[13.330s][info][gc,phases,start] GC(7) Marking Phase
[13.347s][info][gc,phases      ] GC(7) Marking Phase 17.194ms
[13.347s][info][gc,phases,start] GC(7) Summary Phase
[13.347s][info][gc,phases      ] GC(7) Summary Phase 0.013ms
[13.347s][info][gc,phases,start] GC(7) Adjust Roots
[13.356s][info][gc,phases      ] GC(7) Adjust Roots 9.230ms
[13.356s][info][gc,phases,start] GC(7) Compaction Phase
[13.372s][info][gc,phases      ] GC(7) Compaction Phase 15.846ms
[13.372s][info][gc,phases,start] GC(7) Post Compact
[13.373s][info][gc,phases      ] GC(7) Post Compact 1.168ms
[13.373s][info][gc,heap        ] GC(7) PSYoungGen: 3392K(611840K)->0K(611840K) Eden: 0K(524800K)->0K(524800K) From: 3392K(87040K)->0K(87040K)
[13.373s][info][gc,heap        ] GC(7) ParOldGen: 22561K(1398272K)->24707K(1398272K)
[13.373s][info][gc,metaspace   ] GC(7) Metaspace: 47952K(48384K)->47952K(48384K) NonClass: 41861K(42112K)->41861K(42112K) Class: 6091K(6272K)->6091K(6272K)
[13.374s][info][gc             ] GC(7) Pause Full (System.gc()) 25M->24M(1963M) 43.818ms
[13.374s][info][gc,cpu         ] GC(7) User=0.36s Sys=0.14s Real=0.05s
[14.250s][info][gc,start       ] GC(8) Pause Young (Allocation Failure)
[14.276s][info][gc,heap        ] GC(8) PSYoungGen: 524800K(611840K)->41504K(608768K) Eden: 524800K(524800K)->0K(524800K) From: 0K(87040K)->41504K(83968K)
[14.277s][info][gc,heap        ] GC(8) ParOldGen: 24707K(1398272K)->24715K(1398272K)
[14.277s][info][gc,metaspace   ] GC(8) Metaspace: 53859K(54528K)->53859K(54528K) NonClass: 47039K(47424K)->47039K(47424K) Class: 6819K(7104K)->6819K(7104K)
[14.277s][info][gc             ] GC(8) Pause Young (Allocation Failure) 536M->64M(1960M) 26.770ms
[14.277s][info][gc,cpu         ] GC(8) User=0.52s Sys=0.00s Real=0.02s
[14.856s][info][gc,start       ] GC(9) Pause Young (Allocation Failure)
[14.907s][info][gc,heap        ] GC(9) PSYoungGen: 566304K(608768K)->82451K(607744K) Eden: 524800K(524800K)->0K(524800K) From: 41504K(83968K)->82451K(82944K)
[14.907s][info][gc,heap        ] GC(9) ParOldGen: 24715K(1398272K)->24723K(1398272K)
[14.907s][info][gc,metaspace   ] GC(9) Metaspace: 55778K(56640K)->55778K(56640K) NonClass: 48652K(49152K)->48652K(49152K) Class: 7126K(7488K)->7126K(7488K)
[14.907s][info][gc             ] GC(9) Pause Young (Allocation Failure) 577M->104M(1959M) 51.205ms
[14.907s][info][gc,cpu         ] GC(9) User=1.80s Sys=0.42s Real=0.06s
[15.057s][info][gc,start       ] GC(10) Pause Young (Allocation Failure)
[15.107s][info][gc,heap        ] GC(10) PSYoungGen: 607251K(607744K)->91115K(545280K) Eden: 524800K(524800K)->0K(454144K) From: 82451K(82944K)->91115K(91136K)
[15.107s][info][gc,heap        ] GC(10) ParOldGen: 24723K(1398272K)->33875K(1398272K)
[15.107s][info][gc,metaspace   ] GC(10) Metaspace: 56027K(56896K)->56027K(56896K) NonClass: 48847K(49344K)->48847K(49344K) Class: 7179K(7552K)->7179K(7552K)
[15.107s][info][gc             ] GC(10) Pause Young (Allocation Failure) 617M->122M(1898M) 49.803ms
[15.107s][info][gc,cpu         ] GC(10) User=1.78s Sys=0.33s Real=0.06s
[15.227s][info][gc,start       ] GC(11) Pause Young (Allocation Failure)
[15.272s][info][gc,heap        ] GC(11) PSYoungGen: 545259K(545280K)->108859K(563200K) Eden: 454144K(454144K)->0K(454144K) From: 91115K(91136K)->108859K(109056K)
[15.272s][info][gc,heap        ] GC(11) ParOldGen: 33875K(1398272K)->33883K(1398272K)
[15.272s][info][gc,metaspace   ] GC(11) Metaspace: 56035K(56896K)->56035K(56896K) NonClass: 48853K(49344K)->48853K(49344K) Class: 7181K(7552K)->7181K(7552K)
[15.272s][info][gc             ] GC(11) Pause Young (Allocation Failure) 565M->139M(1915M) 44.923ms
[15.272s][info][gc,cpu         ] GC(11) User=1.58s Sys=0.02s Real=0.05s
[15.392s][info][gc,start       ] GC(12) Pause Young (Allocation Failure)
[15.455s][info][gc,heap        ] GC(12) PSYoungGen: 563003K(563200K)->54656K(567296K) Eden: 454144K(454144K)->0K(431616K) From: 108859K(109056K)->54656K(135680K)
[15.455s][info][gc,heap        ] GC(12) ParOldGen: 33883K(1398272K)->107035K(1398272K)
[15.455s][info][gc,metaspace   ] GC(12) Metaspace: 56035K(56896K)->56035K(56896K) NonClass: 48853K(49344K)->48853K(49344K) Class: 7181K(7552K)->7181K(7552K)
[15.455s][info][gc             ] GC(12) Pause Young (Allocation Failure) 582M->157M(1919M) 62.474ms
[15.455s][info][gc,cpu         ] GC(12) User=1.20s Sys=0.41s Real=0.06s
[15.569s][info][gc,start       ] GC(13) Pause Young (Allocation Failure)
[15.622s][info][gc,heap        ] GC(13) PSYoungGen: 486272K(567296K)->37056K(468992K) Eden: 431616K(431616K)->0K(431616K) From: 54656K(135680K)->37056K(37376K)
[15.622s][info][gc,heap        ] GC(13) ParOldGen: 107035K(1398272K)->140819K(1398272K)
[15.622s][info][gc,metaspace   ] GC(13) Metaspace: 56035K(56896K)->56035K(56896K) NonClass: 48853K(49344K)->48853K(49344K) Class: 7181K(7552K)->7181K(7552K)
[15.622s][info][gc             ] GC(13) Pause Young (Allocation Failure) 579M->173M(1823M) 52.758ms
[15.622s][info][gc,cpu         ] GC(13) User=0.73s Sys=0.38s Real=0.06s
[15.789s][info][gc,start       ] GC(14) Pause Young (Allocation Failure)
[15.827s][info][gc,heap        ] GC(14) PSYoungGen: 468672K(468992K)->11893K(559104K) Eden: 431616K(431616K)->0K(432640K) From: 37056K(37376K)->11893K(126464K)
[15.827s][info][gc,heap        ] GC(14) ParOldGen: 140819K(1398272K)->177627K(1398272K)
[15.827s][info][gc,metaspace   ] GC(14) Metaspace: 56444K(57280K)->56444K(57280K) NonClass: 49196K(49664K)->49196K(49664K) Class: 7247K(7616K)->7247K(7616K)
[15.827s][info][gc             ] GC(14) Pause Young (Allocation Failure) 595M->185M(1911M) 37.863ms
[15.827s][info][gc,cpu         ] GC(14) User=0.59s Sys=0.95s Real=0.05s
[16.048s][info][gc,start       ] GC(15) Pause Young (Allocation Failure)
[16.067s][info][gc,heap        ] GC(15) PSYoungGen: 444533K(559104K)->192K(558080K) Eden: 432640K(432640K)->0K(432640K) From: 11893K(126464K)->192K(125440K)
[16.068s][info][gc,heap        ] GC(15) ParOldGen: 177627K(1398272K)->188976K(1398272K)
[16.068s][info][gc,metaspace   ] GC(15) Metaspace: 56444K(57280K)->56444K(57280K) NonClass: 49196K(49664K)->49196K(49664K) Class: 7247K(7616K)->7247K(7616K)
[16.068s][info][gc             ] GC(15) Pause Young (Allocation Failure) 607M->184M(1910M) 19.287ms
[16.068s][info][gc,cpu         ] GC(15) User=0.47s Sys=0.05s Real=0.02s
[16.291s][info][gc,start       ] GC(16) Pause Young (Allocation Failure)
[16.291s][info][gc,heap        ] GC(16) PSYoungGen: 432832K(558080K)->128K(571904K) Eden: 432640K(432640K)->0K(447488K) From: 192K(125440K)->128K(124416K)
[16.291s][info][gc,heap        ] GC(16) ParOldGen: 188976K(1398272K)->189056K(1398272K)
[16.291s][info][gc,metaspace   ] GC(16) Metaspace: 56444K(57280K)->56444K(57280K) NonClass: 49196K(49664K)->49196K(49664K) Class: 7247K(7616K)->7247K(7616K)
[16.292s][info][gc             ] GC(16) Pause Young (Allocation Failure) 607M->184M(1924M) 0.897ms
[16.292s][info][gc,cpu         ] GC(16) User=0.00s Sys=0.00s Real=0.00s
[16.496s][info][gc,start       ] GC(17) Pause Young (System.gc())
[16.497s][info][gc,heap        ] GC(17) PSYoungGen: 92350K(571904K)->1120K(449024K) Eden: 92222K(447488K)->0K(447488K) From: 128K(124416K)->1120K(1536K)
[16.497s][info][gc,heap        ] GC(17) ParOldGen: 189056K(1398272K)->189072K(1398272K)
[16.497s][info][gc,metaspace   ] GC(17) Metaspace: 58271K(59200K)->58271K(59200K) NonClass: 50815K(51328K)->50815K(51328K) Class: 7455K(7872K)->7455K(7872K)
[16.497s][info][gc             ] GC(17) Pause Young (System.gc()) 274M->185M(1804M) 1.418ms
[16.497s][info][gc,cpu         ] GC(17) User=0.00s Sys=0.00s Real=0.00s
[16.498s][info][gc,start       ] GC(18) Pause Full (System.gc())
[16.498s][info][gc,phases,start] GC(18) Marking Phase
[16.598s][info][gc,phases      ] GC(18) Marking Phase 99.954ms
[16.598s][info][gc,phases,start] GC(18) Summary Phase
[16.598s][info][gc,phases      ] GC(18) Summary Phase 0.017ms
[16.598s][info][gc,phases,start] GC(18) Adjust Roots
[16.608s][info][gc,phases      ] GC(18) Adjust Roots 10.013ms
[16.608s][info][gc,phases,start] GC(18) Compaction Phase
[16.688s][info][gc,phases      ] GC(18) Compaction Phase 79.896ms
[16.688s][info][gc,phases,start] GC(18) Post Compact
[16.690s][info][gc,phases      ] GC(18) Post Compact 2.632ms
[16.690s][info][gc,heap        ] GC(18) PSYoungGen: 1120K(449024K)->0K(449024K) Eden: 0K(447488K)->0K(447488K) From: 1120K(1536K)->0K(1536K)
[16.690s][info][gc,heap        ] GC(18) ParOldGen: 189072K(1398272K)->174526K(1398272K)
[16.690s][info][gc,metaspace   ] GC(18) Metaspace: 58271K(59200K)->58226K(59200K) NonClass: 50815K(51328K)->50783K(51328K) Class: 7455K(7872K)->7442K(7872K)
[16.691s][info][gc             ] GC(18) Pause Full (System.gc()) 185M->170M(1804M) 192.926ms
[16.691s][info][gc,cpu         ] GC(18) User=3.77s Sys=0.03s Real=0.19s
[16.962s][info][gc,start       ] GC(19) Pause Young (Allocation Failure)
[16.963s][info][gc,heap        ] GC(19) PSYoungGen: 447488K(449024K)->1152K(573440K) Eden: 447488K(447488K)->0K(450560K) From: 0K(1536K)->1152K(122880K)
[16.963s][info][gc,heap        ] GC(19) ParOldGen: 174526K(1398272K)->174534K(1398272K)
[16.963s][info][gc,metaspace   ] GC(19) Metaspace: 58327K(59200K)->58327K(59200K) NonClass: 50874K(51328K)->50874K(51328K) Class: 7452K(7872K)->7452K(7872K)
[16.963s][info][gc             ] GC(19) Pause Young (Allocation Failure) 607M->171M(1925M) 1.244ms
[16.963s][info][gc,cpu         ] GC(19) User=0.00s Sys=0.00s Real=0.00s
[17.104s][info][gc,start       ] GC(20) Pause Young (Allocation Failure)
[17.105s][info][gc,heap        ] GC(20) PSYoungGen: 451712K(573440K)->768K(570368K) Eden: 450560K(450560K)->0K(450560K) From: 1152K(122880K)->768K(119808K)
[17.105s][info][gc,heap        ] GC(20) ParOldGen: 174534K(1398272K)->174987K(1398272K)
[17.105s][info][gc,metaspace   ] GC(20) Metaspace: 58328K(59200K)->58328K(59200K) NonClass: 50876K(51328K)->50876K(51328K) Class: 7452K(7872K)->7452K(7872K)
[17.105s][info][gc             ] GC(20) Pause Young (Allocation Failure) 611M->171M(1922M) 1.523ms
[17.105s][info][gc,cpu         ] GC(20) User=0.02s Sys=0.00s Real=0.00s
[17.265s][info][gc,start       ] GC(21) Pause Young (Allocation Failure)
[17.266s][info][gc,heap        ] GC(21) PSYoungGen: 451328K(570368K)->352K(574976K) Eden: 450560K(450560K)->0K(460288K) From: 768K(119808K)->352K(114688K)
[17.266s][info][gc,heap        ] GC(21) ParOldGen: 174987K(1398272K)->175195K(1398272K)
[17.266s][info][gc,metaspace   ] GC(21) Metaspace: 58328K(59200K)->58328K(59200K) NonClass: 50876K(51328K)->50876K(51328K) Class: 7452K(7872K)->7452K(7872K)
[17.266s][info][gc             ] GC(21) Pause Young (Allocation Failure) 611M->171M(1927M) 1.101ms
[17.266s][info][gc,cpu         ] GC(21) User=0.00s Sys=0.00s Real=0.00s
[17.429s][info][gc,start       ] GC(22) Pause Young (Allocation Failure)
[17.429s][info][gc,heap        ] GC(22) PSYoungGen: 460640K(574976K)->352K(572416K) Eden: 460288K(460288K)->0K(460288K) From: 352K(114688K)->352K(112128K)
[17.430s][info][gc,heap        ] GC(22) ParOldGen: 175195K(1398272K)->175195K(1398272K)
[17.430s][info][gc,metaspace   ] GC(22) Metaspace: 58328K(59200K)->58328K(59200K) NonClass: 50876K(51328K)->50876K(51328K) Class: 7452K(7872K)->7452K(7872K)
[17.430s][info][gc             ] GC(22) Pause Young (Allocation Failure) 620M->171M(1924M) 0.946ms
[17.430s][info][gc,cpu         ] GC(22) User=0.00s Sys=0.00s Real=0.00s
[17.561s][info][gc,start       ] GC(23) Pause Young (System.gc())
[17.563s][info][gc,heap        ] GC(23) PSYoungGen: 221563K(572416K)->1056K(570368K) Eden: 221211K(460288K)->0K(472064K) From: 352K(112128K)->1056K(98304K)
[17.564s][info][gc,heap        ] GC(23) ParOldGen: 175195K(1398272K)->175219K(1398272K)
[17.564s][info][gc,metaspace   ] GC(23) Metaspace: 58401K(59328K)->58401K(59328K) NonClass: 50948K(51456K)->50948K(51456K) Class: 7452K(7872K)->7452K(7872K)
[17.564s][info][gc             ] GC(23) Pause Young (System.gc()) 387M->172M(1922M) 2.446ms
[17.564s][info][gc,cpu         ] GC(23) User=0.00s Sys=0.00s Real=0.00s
[17.564s][info][gc,start       ] GC(24) Pause Full (System.gc())
[17.564s][info][gc,phases,start] GC(24) Marking Phase
[17.654s][info][gc,phases      ] GC(24) Marking Phase 90.405ms
[17.654s][info][gc,phases,start] GC(24) Summary Phase
[17.654s][info][gc,phases      ] GC(24) Summary Phase 0.015ms
[17.654s][info][gc,phases,start] GC(24) Adjust Roots
[17.660s][info][gc,phases      ] GC(24) Adjust Roots 6.178ms
[17.660s][info][gc,phases,start] GC(24) Compaction Phase
[17.682s][info][gc,phases      ] GC(24) Compaction Phase 21.840ms
[17.682s][info][gc,phases,start] GC(24) Post Compact
[17.684s][info][gc,phases      ] GC(24) Post Compact 1.394ms
[17.684s][info][gc,heap        ] GC(24) PSYoungGen: 1056K(570368K)->0K(570368K) Eden: 0K(472064K)->0K(472064K) From: 1056K(98304K)->0K(98304K)
[17.684s][info][gc,heap        ] GC(24) ParOldGen: 175219K(1398272K)->174566K(1398272K)
[17.684s][info][gc,metaspace   ] GC(24) Metaspace: 58401K(59328K)->58401K(59328K) NonClass: 50948K(51456K)->50948K(51456K) Class: 7452K(7872K)->7452K(7872K)
[17.684s][info][gc             ] GC(24) Pause Full (System.gc()) 172M->170M(1922M) 120.082ms
[17.684s][info][gc,cpu         ] GC(24) User=3.42s Sys=0.00s Real=0.13s
[17.921s][info][gc,start       ] GC(25) Pause Young (Allocation Failure)
[17.922s][info][gc,heap        ] GC(25) PSYoungGen: 472064K(570368K)->1152K(574976K) Eden: 472064K(472064K)->0K(472064K) From: 0K(98304K)->1152K(102912K)
[17.922s][info][gc,heap        ] GC(25) ParOldGen: 174566K(1398272K)->174574K(1398272K)
[17.922s][info][gc,metaspace   ] GC(25) Metaspace: 58462K(59392K)->58462K(59392K) NonClass: 51009K(51520K)->51009K(51520K) Class: 7452K(7872K)->7452K(7872K)
[17.922s][info][gc             ] GC(25) Pause Young (Allocation Failure) 631M->171M(1927M) 1.108ms
[17.922s][info][gc,cpu         ] GC(25) User=0.00s Sys=0.00s Real=0.00s
[18.080s][info][gc,start       ] GC(26) Pause Young (Allocation Failure)
[18.081s][info][gc,heap        ] GC(26) PSYoungGen: 473216K(574976K)->768K(585728K) Eden: 472064K(472064K)->0K(497664K) From: 1152K(102912K)->768K(88064K)
[18.081s][info][gc,heap        ] GC(26) ParOldGen: 174574K(1398272K)->175031K(1398272K)
[18.081s][info][gc,metaspace   ] GC(26) Metaspace: 58462K(59392K)->58462K(59392K) NonClass: 51009K(51520K)->51009K(51520K) Class: 7452K(7872K)->7452K(7872K)
[18.081s][info][gc             ] GC(26) Pause Young (Allocation Failure) 632M->171M(1937M) 1.216ms
[18.081s][info][gc,cpu         ] GC(26) User=0.00s Sys=0.00s Real=0.02s
[18.243s][info][gc,start       ] GC(27) Pause Young (Allocation Failure)
[18.244s][info][gc,heap        ] GC(27) PSYoungGen: 498432K(585728K)->256K(590848K) Eden: 497664K(497664K)->0K(497664K) From: 768K(88064K)->256K(93184K)
[18.244s][info][gc,heap        ] GC(27) ParOldGen: 175031K(1398272K)->175263K(1398272K)
[18.244s][info][gc,metaspace   ] GC(27) Metaspace: 58462K(59392K)->58462K(59392K) NonClass: 51009K(51520K)->51009K(51520K) Class: 7452K(7872K)->7452K(7872K)
[18.244s][info][gc             ] GC(27) Pause Young (Allocation Failure) 657M->171M(1942M) 0.847ms
[18.244s][info][gc,cpu         ] GC(27) User=0.00s Sys=0.00s Real=0.00s
[18.413s][info][gc,start       ] GC(28) Pause Young (Allocation Failure)
[18.414s][info][gc,heap        ] GC(28) PSYoungGen: 497920K(590848K)->1056K(595968K) Eden: 497664K(497664K)->0K(517120K) From: 256K(93184K)->1056K(78848K)
[18.414s][info][gc,heap        ] GC(28) ParOldGen: 175263K(1398272K)->175263K(1398272K)
[18.414s][info][gc,metaspace   ] GC(28) Metaspace: 58462K(59392K)->58462K(59392K) NonClass: 51010K(51520K)->51010K(51520K) Class: 7452K(7872K)->7452K(7872K)
[18.414s][info][gc             ] GC(28) Pause Young (Allocation Failure) 657M->172M(1947M) 1.039ms
[18.415s][info][gc,cpu         ] GC(28) User=0.00s Sys=0.00s Real=0.00s
[18.514s][info][gc,start       ] GC(29) Pause Young (System.gc())
[18.516s][info][gc,heap        ] GC(29) PSYoungGen: 90879K(595968K)->1056K(518656K) Eden: 89823K(517120K)->0K(517120K) From: 1056K(78848K)->1056K(1536K)
[18.516s][info][gc,heap        ] GC(29) ParOldGen: 175263K(1398272K)->175455K(1398272K)
[18.516s][info][gc,metaspace   ] GC(29) Metaspace: 58535K(59392K)->58535K(59392K) NonClass: 51082K(51520K)->51082K(51520K) Class: 7452K(7872K)->7452K(7872K)
[18.516s][info][gc             ] GC(29) Pause Young (System.gc()) 259M->172M(1872M) 1.665ms
[18.516s][info][gc,cpu         ] GC(29) User=0.00s Sys=0.00s Real=0.00s
[18.516s][info][gc,start       ] GC(30) Pause Full (System.gc())
[18.516s][info][gc,phases,start] GC(30) Marking Phase
[18.609s][info][gc,phases      ] GC(30) Marking Phase 93.296ms
[18.609s][info][gc,phases,start] GC(30) Summary Phase
[18.609s][info][gc,phases      ] GC(30) Summary Phase 0.016ms
[18.609s][info][gc,phases,start] GC(30) Adjust Roots
[18.616s][info][gc,phases      ] GC(30) Adjust Roots 6.056ms
[18.616s][info][gc,phases,start] GC(30) Compaction Phase
[18.637s][info][gc,phases      ] GC(30) Compaction Phase 21.318ms
[18.637s][info][gc,phases,start] GC(30) Post Compact
[18.638s][info][gc,phases      ] GC(30) Post Compact 1.411ms
[18.638s][info][gc,heap        ] GC(30) PSYoungGen: 1056K(518656K)->0K(518656K) Eden: 0K(517120K)->0K(517120K) From: 1056K(1536K)->0K(1536K)
[18.638s][info][gc,heap        ] GC(30) ParOldGen: 175455K(1398272K)->174618K(1398272K)
[18.638s][info][gc,metaspace   ] GC(30) Metaspace: 58535K(59392K)->58535K(59392K) NonClass: 51082K(51520K)->51082K(51520K) Class: 7452K(7872K)->7452K(7872K)
[18.638s][info][gc             ] GC(30) Pause Full (System.gc()) 172M->170M(1872M) 122.395ms
[18.638s][info][gc,cpu         ] GC(30) User=3.14s Sys=0.00s Real=0.13s
[18.888s][info][gc,start       ] GC(31) Pause Young (Allocation Failure)
[18.889s][info][gc,heap        ] GC(31) PSYoungGen: 517120K(518656K)->1152K(600576K) Eden: 517120K(517120K)->0K(521728K) From: 0K(1536K)->1152K(78848K)
[18.889s][info][gc,heap        ] GC(31) ParOldGen: 174618K(1398272K)->174626K(1398272K)
[18.889s][info][gc,metaspace   ] GC(31) Metaspace: 58622K(59520K)->58622K(59520K) NonClass: 51169K(51648K)->51169K(51648K) Class: 7453K(7872K)->7453K(7872K)
[18.889s][info][gc             ] GC(31) Pause Young (Allocation Failure) 675M->171M(1952M) 1.092ms
[18.889s][info][gc,cpu         ] GC(31) User=0.00s Sys=0.00s Real=0.00s
[19.067s][info][gc,start       ] GC(32) Pause Young (Allocation Failure)
[19.068s][info][gc,heap        ] GC(32) PSYoungGen: 522880K(600576K)->800K(595968K) Eden: 521728K(521728K)->0K(521728K) From: 1152K(78848K)->800K(74240K)
[19.068s][info][gc,heap        ] GC(32) ParOldGen: 174626K(1398272K)->175074K(1398272K)
[19.068s][info][gc,metaspace   ] GC(32) Metaspace: 58633K(59520K)->58633K(59520K) NonClass: 51180K(51648K)->51180K(51648K) Class: 7453K(7872K)->7453K(7872K)
[19.068s][info][gc             ] GC(32) Pause Young (Allocation Failure) 681M->171M(1947M) 1.281ms
[19.068s][info][gc,cpu         ] GC(32) User=0.00s Sys=0.00s Real=0.00s
[19.255s][info][gc,start       ] GC(33) Pause Young (Allocation Failure)
[19.269s][info][gc,heap        ] GC(33) PSYoungGen: 522528K(595968K)->256K(532992K) Eden: 521728K(521728K)->0K(508928K) From: 800K(74240K)->256K(24064K)
[19.269s][info][gc,heap        ] GC(33) ParOldGen: 175074K(1398272K)->175290K(1398272K)
[19.269s][info][gc,metaspace   ] GC(33) Metaspace: 58633K(59520K)->58633K(59520K) NonClass: 51180K(51648K)->51180K(51648K) Class: 7453K(7872K)->7453K(7872K)
[19.270s][info][gc             ] GC(33) Pause Young (Allocation Failure) 681M->171M(1886M) 14.037ms
[19.270s][info][gc,cpu         ] GC(33) User=0.00s Sys=0.02s Real=0.02s
[19.472s][info][gc,start       ] GC(34) Pause Young (System.gc())
[19.475s][info][gc,heap        ] GC(34) PSYoungGen: 450055K(532992K)->1056K(510464K) Eden: 449799K(508928K)->0K(508928K) From: 256K(24064K)->1056K(1536K)
[19.475s][info][gc,heap        ] GC(34) ParOldGen: 175290K(1398272K)->175298K(1398272K)
[19.475s][info][gc,metaspace   ] GC(34) Metaspace: 58669K(59584K)->58669K(59584K) NonClass: 51215K(51712K)->51215K(51712K) Class: 7453K(7872K)->7453K(7872K)
[19.475s][info][gc             ] GC(34) Pause Young (System.gc()) 610M->172M(1864M) 2.611ms
[19.475s][info][gc,cpu         ] GC(34) User=0.03s Sys=0.00s Real=0.02s
[19.475s][info][gc,start       ] GC(35) Pause Full (System.gc())
[19.475s][info][gc,phases,start] GC(35) Marking Phase
[19.567s][info][gc,phases      ] GC(35) Marking Phase 91.904ms
[19.567s][info][gc,phases,start] GC(35) Summary Phase
[19.567s][info][gc,phases      ] GC(35) Summary Phase 0.016ms
[19.567s][info][gc,phases,start] GC(35) Adjust Roots
[19.573s][info][gc,phases      ] GC(35) Adjust Roots 5.588ms
[19.573s][info][gc,phases,start] GC(35) Compaction Phase
[19.593s][info][gc,phases      ] GC(35) Compaction Phase 19.983ms
[19.593s][info][gc,phases,start] GC(35) Post Compact
[19.594s][info][gc,phases      ] GC(35) Post Compact 1.306ms
[19.594s][info][gc,heap        ] GC(35) PSYoungGen: 1056K(510464K)->0K(510464K) Eden: 0K(508928K)->0K(508928K) From: 1056K(1536K)->0K(1536K)
[19.594s][info][gc,heap        ] GC(35) ParOldGen: 175298K(1398272K)->174665K(1398272K)
[19.594s][info][gc,metaspace   ] GC(35) Metaspace: 58669K(59584K)->58669K(59584K) NonClass: 51215K(51712K)->51215K(51712K) Class: 7453K(7872K)->7453K(7872K)
[19.594s][info][gc             ] GC(35) Pause Full (System.gc()) 172M->170M(1864M) 119.075ms
[19.594s][info][gc,cpu         ] GC(35) User=2.77s Sys=0.00s Real=0.11s
[19.830s][info][gc,start       ] GC(36) Pause Young (Allocation Failure)
[19.836s][info][gc,heap        ] GC(36) PSYoungGen: 508928K(510464K)->1152K(537600K) Eden: 508928K(508928K)->0K(496640K) From: 0K(1536K)->1152K(40960K)
[19.836s][info][gc,heap        ] GC(36) ParOldGen: 174665K(1398272K)->174673K(1398272K)
[19.836s][info][gc,metaspace   ] GC(36) Metaspace: 58729K(59584K)->58729K(59584K) NonClass: 51275K(51712K)->51275K(51712K) Class: 7453K(7872K)->7453K(7872K)
[19.836s][info][gc             ] GC(36) Pause Young (Allocation Failure) 667M->171M(1890M) 5.510ms
[19.836s][info][gc,cpu         ] GC(36) User=0.00s Sys=0.02s Real=0.02s
[19.999s][info][gc,start       ] GC(37) Pause Young (Allocation Failure)
[20.005s][info][gc,heap        ] GC(37) PSYoungGen: 497792K(537600K)->672K(485888K) Eden: 496640K(496640K)->0K(484864K) From: 1152K(40960K)->672K(1024K)
[20.005s][info][gc,heap        ] GC(37) ParOldGen: 174673K(1398272K)->175110K(1398272K)
[20.005s][info][gc,metaspace   ] GC(37) Metaspace: 58735K(59584K)->58735K(59584K) NonClass: 51282K(51712K)->51282K(51712K) Class: 7453K(7872K)->7453K(7872K)
[20.005s][info][gc             ] GC(37) Pause Young (Allocation Failure) 656M->171M(1840M) 6.046ms
[20.005s][info][gc,cpu         ] GC(37) User=0.00s Sys=0.00s Real=0.00s
[20.174s][info][gc,start       ] GC(38) Pause Young (Allocation Failure)
[20.178s][info][gc,heap        ] GC(38) PSYoungGen: 485536K(485888K)->288K(508928K) Eden: 484864K(484864K)->0K(473600K) From: 672K(1024K)->288K(35328K)
[20.178s][info][gc,heap        ] GC(38) ParOldGen: 175110K(1398272K)->175318K(1398272K)
[20.178s][info][gc,metaspace   ] GC(38) Metaspace: 58735K(59584K)->58735K(59584K) NonClass: 51282K(51712K)->51282K(51712K) Class: 7453K(7872K)->7453K(7872K)
[20.178s][info][gc             ] GC(38) Pause Young (Allocation Failure) 645M->171M(1862M) 4.574ms
[20.178s][info][gc,cpu         ] GC(38) User=0.00s Sys=0.00s Real=0.00s
[20.354s][info][gc,start       ] GC(39) Pause Young (Allocation Failure)
[20.359s][info][gc,heap        ] GC(39) PSYoungGen: 473888K(508928K)->352K(463360K) Eden: 473600K(473600K)->0K(462848K) From: 288K(35328K)->352K(512K)
[20.359s][info][gc,heap        ] GC(39) ParOldGen: 175318K(1398272K)->175318K(1398272K)
[20.360s][info][gc,metaspace   ] GC(39) Metaspace: 58735K(59584K)->58735K(59584K) NonClass: 51282K(51712K)->51282K(51712K) Class: 7453K(7872K)->7453K(7872K)
[20.360s][info][gc             ] GC(39) Pause Young (Allocation Failure) 633M->171M(1818M) 5.445ms
[20.360s][info][gc,cpu         ] GC(39) User=0.00s Sys=0.02s Real=0.02s
[20.414s][info][gc,start       ] GC(40) Pause Young (System.gc())
[20.417s][info][gc,heap        ] GC(40) PSYoungGen: 39397K(463360K)->1056K(502784K) Eden: 39045K(462848K)->0K(462848K) From: 352K(512K)->1056K(39936K)
[20.417s][info][gc,heap        ] GC(40) ParOldGen: 175318K(1398272K)->175326K(1398272K)
[20.417s][info][gc,metaspace   ] GC(40) Metaspace: 58756K(59648K)->58756K(59648K) NonClass: 51303K(51776K)->51303K(51776K) Class: 7453K(7872K)->7453K(7872K)
[20.417s][info][gc             ] GC(40) Pause Young (System.gc()) 209M->172M(1856M) 2.889ms
[20.417s][info][gc,cpu         ] GC(40) User=0.00s Sys=0.00s Real=0.00s
[20.417s][info][gc,start       ] GC(41) Pause Full (System.gc())
[20.417s][info][gc,phases,start] GC(41) Marking Phase
[20.507s][info][gc,phases      ] GC(41) Marking Phase 89.765ms
[20.507s][info][gc,phases,start] GC(41) Summary Phase
[20.507s][info][gc,phases      ] GC(41) Summary Phase 0.015ms
[20.507s][info][gc,phases,start] GC(41) Adjust Roots
[20.514s][info][gc,phases      ] GC(41) Adjust Roots 6.739ms
[20.514s][info][gc,phases,start] GC(41) Compaction Phase
[20.535s][info][gc,phases      ] GC(41) Compaction Phase 20.554ms
[20.535s][info][gc,phases,start] GC(41) Post Compact
[20.536s][info][gc,phases      ] GC(41) Post Compact 1.287ms
[20.536s][info][gc,heap        ] GC(41) PSYoungGen: 1056K(502784K)->0K(502784K) Eden: 0K(462848K)->0K(462848K) From: 1056K(39936K)->0K(39936K)
[20.536s][info][gc,heap        ] GC(41) ParOldGen: 175326K(1398272K)->174712K(1398272K)
[20.536s][info][gc,metaspace   ] GC(41) Metaspace: 58756K(59648K)->58756K(59648K) NonClass: 51303K(51776K)->51303K(51776K) Class: 7453K(7872K)->7453K(7872K)
[20.536s][info][gc             ] GC(41) Pause Full (System.gc()) 172M->170M(1856M) 118.611ms
[20.536s][info][gc,cpu         ] GC(41) User=3.13s Sys=0.00s Real=0.13s
[20.756s][info][gc,start       ] GC(42) Pause Young (Allocation Failure)
[20.760s][info][gc,heap        ] GC(42) PSYoungGen: 462848K(502784K)->1152K(453632K) Eden: 462848K(462848K)->0K(452096K) From: 0K(39936K)->1152K(1536K)
[20.760s][info][gc,heap        ] GC(42) ParOldGen: 174712K(1398272K)->174720K(1398272K)
[20.760s][info][gc,metaspace   ] GC(42) Metaspace: 58792K(59712K)->58792K(59712K) NonClass: 51338K(51840K)->51338K(51840K) Class: 7453K(7872K)->7453K(7872K)
[20.760s][info][gc             ] GC(42) Pause Young (Allocation Failure) 622M->171M(1808M) 4.532ms
[20.760s][info][gc,cpu         ] GC(42) User=0.53s Sys=0.00s Real=0.02s
[20.901s][info][gc,start       ] GC(43) Pause Young (Allocation Failure)
[20.905s][info][gc,heap        ] GC(43) PSYoungGen: 453248K(453632K)->896K(466944K) Eden: 452096K(452096K)->0K(441856K) From: 1152K(1536K)->896K(25088K)
[20.905s][info][gc,heap        ] GC(43) ParOldGen: 174720K(1398272K)->175157K(1398272K)
[20.905s][info][gc,metaspace   ] GC(43) Metaspace: 58808K(59712K)->58808K(59712K) NonClass: 51354K(51840K)->51354K(51840K) Class: 7453K(7872K)->7453K(7872K)
[20.905s][info][gc             ] GC(43) Pause Young (Allocation Failure) 613M->171M(1821M) 4.688ms
[20.906s][info][gc,cpu         ] GC(43) User=0.00s Sys=0.00s Real=0.00s
[21.049s][info][gc,start       ] GC(44) Pause Young (Allocation Failure)
[21.055s][info][gc,heap        ] GC(44) PSYoungGen: 442752K(466944K)->288K(432640K) Eden: 441856K(441856K)->0K(432128K) From: 896K(25088K)->288K(512K)
[21.055s][info][gc,heap        ] GC(44) ParOldGen: 175157K(1398272K)->175389K(1398272K)
[21.055s][info][gc,metaspace   ] GC(44) Metaspace: 58808K(59712K)->58808K(59712K) NonClass: 51354K(51840K)->51354K(51840K) Class: 7453K(7872K)->7453K(7872K)
[21.055s][info][gc             ] GC(44) Pause Young (Allocation Failure) 603M->171M(1788M) 6.504ms
[21.055s][info][gc,cpu         ] GC(44) User=0.00s Sys=0.02s Real=0.02s
[21.203s][info][gc,start       ] GC(45) Pause Young (Allocation Failure)
[21.205s][info][gc,heap        ] GC(45) PSYoungGen: 432416K(432640K)->352K(442880K) Eden: 432128K(432128K)->0K(422400K) From: 288K(512K)->352K(20480K)
[21.205s][info][gc,heap        ] GC(45) ParOldGen: 175389K(1398272K)->175389K(1398272K)
[21.205s][info][gc,metaspace   ] GC(45) Metaspace: 58808K(59712K)->58808K(59712K) NonClass: 51354K(51840K)->51354K(51840K) Class: 7453K(7872K)->7453K(7872K)
[21.205s][info][gc             ] GC(45) Pause Young (Allocation Failure) 593M->171M(1798M) 2.401ms
[21.205s][info][gc,cpu         ] GC(45) User=0.00s Sys=0.00s Real=0.00s
[21.359s][info][gc,start       ] GC(46) Pause Young (System.gc())
[21.361s][info][gc,heap        ] GC(46) PSYoungGen: 215629K(442880K)->1056K(423936K) Eden: 215277K(422400K)->0K(422400K) From: 352K(20480K)->1056K(1536K)
[21.361s][info][gc,heap        ] GC(46) ParOldGen: 175389K(1398272K)->175397K(1398272K)
[21.361s][info][gc,metaspace   ] GC(46) Metaspace: 58827K(59712K)->58827K(59712K) NonClass: 51372K(51840K)->51372K(51840K) Class: 7454K(7872K)->7454K(7872K)
[21.361s][info][gc             ] GC(46) Pause Young (System.gc()) 381M->172M(1779M) 1.865ms
[21.361s][info][gc,cpu         ] GC(46) User=0.00s Sys=0.00s Real=0.00s
[21.361s][info][gc,start       ] GC(47) Pause Full (System.gc())
[21.361s][info][gc,phases,start] GC(47) Marking Phase
[21.451s][info][gc,phases      ] GC(47) Marking Phase 89.525ms
[21.451s][info][gc,phases,start] GC(47) Summary Phase
[21.451s][info][gc,phases      ] GC(47) Summary Phase 0.016ms
[21.451s][info][gc,phases,start] GC(47) Adjust Roots
[21.457s][info][gc,phases      ] GC(47) Adjust Roots 6.392ms
[21.457s][info][gc,phases,start] GC(47) Compaction Phase
[21.478s][info][gc,phases      ] GC(47) Compaction Phase 21.046ms
[21.478s][info][gc,phases,start] GC(47) Post Compact
[21.480s][info][gc,phases      ] GC(47) Post Compact 1.300ms
[21.480s][info][gc,heap        ] GC(47) PSYoungGen: 1056K(423936K)->0K(423936K) Eden: 0K(422400K)->0K(422400K) From: 1056K(1536K)->0K(1536K)
[21.480s][info][gc,heap        ] GC(47) ParOldGen: 175397K(1398272K)->174758K(1398272K)
[21.480s][info][gc,metaspace   ] GC(47) Metaspace: 58827K(59712K)->58827K(59712K) NonClass: 51372K(51840K)->51372K(51840K) Class: 7454K(7872K)->7454K(7872K)
[21.480s][info][gc             ] GC(47) Pause Full (System.gc()) 172M->170M(1779M) 118.537ms
[21.480s][info][gc,cpu         ] GC(47) User=3.11s Sys=0.00s Real=0.11s
[21.687s][info][gc,start       ] GC(48) Pause Young (Allocation Failure)
[21.692s][info][gc,heap        ] GC(48) PSYoungGen: 422400K(423936K)->1152K(430080K) Eden: 422400K(422400K)->0K(413184K) From: 0K(1536K)->1152K(16896K)
[21.692s][info][gc,heap        ] GC(48) ParOldGen: 174758K(1398272K)->174766K(1398272K)
[21.692s][info][gc,metaspace   ] GC(48) Metaspace: 58880K(59776K)->58880K(59776K) NonClass: 51422K(51904K)->51422K(51904K) Class: 7457K(7872K)->7457K(7872K)
[21.692s][info][gc             ] GC(48) Pause Young (Allocation Failure) 583M->171M(1785M) 5.057ms
[21.692s][info][gc,cpu         ] GC(48) User=0.00s Sys=0.00s Real=0.00s
[21.829s][info][gc,start       ] GC(49) Pause Young (Allocation Failure)
[21.832s][info][gc,heap        ] GC(49) PSYoungGen: 414336K(430080K)->768K(405504K) Eden: 413184K(413184K)->0K(404480K) From: 1152K(16896K)->768K(1024K)
[21.832s][info][gc,heap        ] GC(49) ParOldGen: 174766K(1398272K)->175201K(1398272K)
[21.832s][info][gc,metaspace   ] GC(49) Metaspace: 58880K(59776K)->58880K(59776K) NonClass: 51422K(51904K)->51422K(51904K) Class: 7457K(7872K)->7457K(7872K)
[21.832s][info][gc             ] GC(49) Pause Young (Allocation Failure) 575M->171M(1761M) 2.403ms
[21.832s][info][gc,cpu         ] GC(49) User=0.00s Sys=0.00s Real=0.00s
[21.983s][info][gc,start       ] GC(50) Pause Young (Allocation Failure)
[21.986s][info][gc,heap        ] GC(50) PSYoungGen: 405248K(405504K)->288K(409088K) Eden: 404480K(404480K)->0K(395776K) From: 768K(1024K)->288K(13312K)
[21.986s][info][gc,heap        ] GC(50) ParOldGen: 175201K(1398272K)->175441K(1398272K)
[21.986s][info][gc,metaspace   ] GC(50) Metaspace: 58880K(59776K)->58880K(59776K) NonClass: 51422K(51904K)->51422K(51904K) Class: 7457K(7872K)->7457K(7872K)
[21.986s][info][gc             ] GC(50) Pause Young (Allocation Failure) 566M->171M(1765M) 2.423ms
[21.986s][info][gc,cpu         ] GC(50) User=0.00s Sys=0.00s Real=0.00s
[22.140s][info][gc,start       ] GC(51) Pause Young (Allocation Failure)
[22.144s][info][gc,heap        ] GC(51) PSYoungGen: 396064K(409088K)->384K(388096K) Eden: 395776K(395776K)->0K(387584K) From: 288K(13312K)->384K(512K)
[22.144s][info][gc,heap        ] GC(51) ParOldGen: 175441K(1398272K)->175441K(1398272K)
[22.144s][info][gc,metaspace   ] GC(51) Metaspace: 58880K(59776K)->58880K(59776K) NonClass: 51422K(51904K)->51422K(51904K) Class: 7457K(7872K)->7457K(7872K)
[22.144s][info][gc             ] GC(51) Pause Young (Allocation Failure) 558M->171M(1744M) 3.779ms
[22.144s][info][gc,cpu         ] GC(51) User=0.00s Sys=0.00s Real=0.00s
[22.328s][info][gc,start       ] GC(52) Pause Young (System.gc())
[22.330s][info][gc,heap        ] GC(52) PSYoungGen: 366363K(388096K)->1056K(407040K) Eden: 365979K(387584K)->0K(387584K) From: 384K(512K)->1056K(19456K)
[22.330s][info][gc,heap        ] GC(52) ParOldGen: 175441K(1398272K)->175449K(1398272K)
[22.330s][info][gc,metaspace   ] GC(52) Metaspace: 58904K(59776K)->58904K(59776K) NonClass: 51447K(51904K)->51447K(51904K) Class: 7457K(7872K)->7457K(7872K)
[22.330s][info][gc             ] GC(52) Pause Young (System.gc()) 529M->172M(1763M) 2.105ms
[22.331s][info][gc,cpu         ] GC(52) User=0.00s Sys=0.00s Real=0.00s
[22.331s][info][gc,start       ] GC(53) Pause Full (System.gc())
[22.331s][info][gc,phases,start] GC(53) Marking Phase
[22.423s][info][gc,phases      ] GC(53) Marking Phase 92.017ms
[22.423s][info][gc,phases,start] GC(53) Summary Phase
[22.423s][info][gc,phases      ] GC(53) Summary Phase 0.017ms
[22.423s][info][gc,phases,start] GC(53) Adjust Roots
[22.429s][info][gc,phases      ] GC(53) Adjust Roots 5.824ms
[22.429s][info][gc,phases,start] GC(53) Compaction Phase
[22.462s][info][gc,phases      ] GC(53) Compaction Phase 33.343ms
[22.462s][info][gc,phases,start] GC(53) Post Compact
[22.464s][info][gc,phases      ] GC(53) Post Compact 1.589ms
[22.464s][info][gc,heap        ] GC(53) PSYoungGen: 1056K(407040K)->0K(407040K) Eden: 0K(387584K)->0K(387584K) From: 1056K(19456K)->0K(19456K)
[22.464s][info][gc,heap        ] GC(53) ParOldGen: 175449K(1398272K)->174805K(1398272K)
[22.464s][info][gc,metaspace   ] GC(53) Metaspace: 58904K(59776K)->58904K(59776K) NonClass: 51447K(51904K)->51447K(51904K) Class: 7457K(7872K)->7457K(7872K)
[22.464s][info][gc             ] GC(53) Pause Full (System.gc()) 172M->170M(1763M) 133.149ms
[22.464s][info][gc,cpu         ] GC(53) User=3.13s Sys=0.00s Real=0.14s
[22.677s][info][gc,start       ] GC(54) Pause Young (Allocation Failure)
[22.680s][info][gc,heap        ] GC(54) PSYoungGen: 387584K(407040K)->1152K(380928K) Eden: 387584K(387584K)->0K(379392K) From: 0K(19456K)->1152K(1536K)
[22.680s][info][gc,heap        ] GC(54) ParOldGen: 174805K(1398272K)->174805K(1398272K)
[22.680s][info][gc,metaspace   ] GC(54) Metaspace: 58945K(59904K)->58945K(59904K) NonClass: 51488K(52032K)->51488K(52032K) Class: 7457K(7872K)->7457K(7872K)
[22.680s][info][gc             ] GC(54) Pause Young (Allocation Failure) 549M->171M(1737M) 3.032ms
[22.680s][info][gc,cpu         ] GC(54) User=0.00s Sys=0.00s Real=0.00s
[22.812s][info][gc,start       ] GC(55) Pause Young (Allocation Failure)
[22.816s][info][gc,heap        ] GC(55) PSYoungGen: 380544K(380928K)->672K(380928K) Eden: 379392K(379392K)->0K(371712K) From: 1152K(1536K)->672K(9216K)
[22.816s][info][gc,heap        ] GC(55) ParOldGen: 174805K(1398272K)->175250K(1398272K)
[22.816s][info][gc,metaspace   ] GC(55) Metaspace: 58945K(59904K)->58945K(59904K) NonClass: 51488K(52032K)->51488K(52032K) Class: 7457K(7872K)->7457K(7872K)
[22.816s][info][gc             ] GC(55) Pause Young (Allocation Failure) 542M->171M(1737M) 4.207ms
[22.816s][info][gc,cpu         ] GC(55) User=0.00s Sys=0.00s Real=0.00s
[22.940s][info][gc,start       ] GC(56) Pause Young (Allocation Failure)
[22.943s][info][gc,heap        ] GC(56) PSYoungGen: 372384K(380928K)->352K(364544K) Eden: 371712K(371712K)->0K(364032K) From: 672K(9216K)->352K(512K)
[22.943s][info][gc,heap        ] GC(56) ParOldGen: 175250K(1398272K)->175498K(1398272K)
[22.943s][info][gc,metaspace   ] GC(56) Metaspace: 58945K(59904K)->58945K(59904K) NonClass: 51488K(52032K)->51488K(52032K) Class: 7457K(7872K)->7457K(7872K)
[22.943s][info][gc             ] GC(56) Pause Young (Allocation Failure) 534M->171M(1721M) 2.685ms
[22.943s][info][gc,cpu         ] GC(56) User=0.00s Sys=0.00s Real=0.00s
[23.071s][info][gc,start       ] GC(57) Pause Young (Allocation Failure)
[23.074s][info][gc,heap        ] GC(57) PSYoungGen: 364384K(364544K)->384K(361984K) Eden: 364032K(364032K)->0K(356864K) From: 352K(512K)->384K(5120K)
[23.074s][info][gc,heap        ] GC(57) ParOldGen: 175498K(1398272K)->175498K(1398272K)
[23.074s][info][gc,metaspace   ] GC(57) Metaspace: 58945K(59904K)->58945K(59904K) NonClass: 51488K(52032K)->51488K(52032K) Class: 7457K(7872K)->7457K(7872K)
[23.074s][info][gc             ] GC(57) Pause Young (Allocation Failure) 527M->171M(1719M) 3.275ms
[23.075s][info][gc,cpu         ] GC(57) User=0.00s Sys=0.00s Real=0.00s
[23.186s][info][gc,start       ] GC(58) Pause Young (Allocation Failure)
[23.188s][info][gc,heap        ] GC(58) PSYoungGen: 357248K(361984K)->416K(350208K) Eden: 356864K(356864K)->0K(349696K) From: 384K(5120K)->416K(512K)
[23.188s][info][gc,heap        ] GC(58) ParOldGen: 175498K(1398272K)->175498K(1398272K)
[23.188s][info][gc,metaspace   ] GC(58) Metaspace: 58945K(59904K)->58945K(59904K) NonClass: 51488K(52032K)->51488K(52032K) Class: 7457K(7872K)->7457K(7872K)
[23.188s][info][gc             ] GC(58) Pause Young (Allocation Failure) 520M->171M(1707M) 1.379ms
[23.188s][info][gc,cpu         ] GC(58) User=0.00s Sys=0.00s Real=0.00s
[23.275s][info][gc,start       ] GC(59) Pause Young (System.gc())
[23.278s][info][gc,heap        ] GC(59) PSYoungGen: 140591K(350208K)->1056K(357376K) Eden: 140175K(349696K)->0K(349696K) From: 416K(512K)->1056K(7680K)
[23.278s][info][gc,heap        ] GC(59) ParOldGen: 175498K(1398272K)->175514K(1398272K)
[23.278s][info][gc,metaspace   ] GC(59) Metaspace: 58962K(59904K)->58962K(59904K) NonClass: 51504K(52032K)->51504K(52032K) Class: 7458K(7872K)->7458K(7872K)
[23.278s][info][gc             ] GC(59) Pause Young (System.gc()) 308M->172M(1714M) 2.616ms
[23.278s][info][gc,cpu         ] GC(59) User=0.00s Sys=0.00s Real=0.00s
[23.278s][info][gc,start       ] GC(60) Pause Full (System.gc())
[23.278s][info][gc,phases,start] GC(60) Marking Phase
[23.370s][info][gc,phases      ] GC(60) Marking Phase 92.014ms
[23.370s][info][gc,phases,start] GC(60) Summary Phase
[23.370s][info][gc,phases      ] GC(60) Summary Phase 0.015ms
[23.370s][info][gc,phases,start] GC(60) Adjust Roots
[23.377s][info][gc,phases      ] GC(60) Adjust Roots 6.749ms
[23.377s][info][gc,phases,start] GC(60) Compaction Phase
[23.401s][info][gc,phases      ] GC(60) Compaction Phase 24.120ms
[23.401s][info][gc,phases,start] GC(60) Post Compact
[23.403s][info][gc,phases      ] GC(60) Post Compact 1.411ms
[23.403s][info][gc,heap        ] GC(60) PSYoungGen: 1056K(357376K)->0K(357376K) Eden: 0K(349696K)->0K(349696K) From: 1056K(7680K)->0K(7680K)
[23.403s][info][gc,heap        ] GC(60) ParOldGen: 175514K(1398272K)->174848K(1398272K)
[23.403s][info][gc,metaspace   ] GC(60) Metaspace: 58962K(59904K)->58962K(59904K) NonClass: 51504K(52032K)->51504K(52032K) Class: 7458K(7872K)->7458K(7872K)
[23.403s][info][gc             ] GC(60) Pause Full (System.gc()) 172M->170M(1714M) 124.631ms
[23.403s][info][gc,cpu         ] GC(60) User=3.13s Sys=0.00s Real=0.13s
[23.597s][info][gc,start       ] GC(61) Pause Young (Allocation Failure)
[23.600s][info][gc,heap        ] GC(61) PSYoungGen: 349696K(357376K)->1152K(344576K) Eden: 349696K(349696K)->0K(343040K) From: 0K(7680K)->1152K(1536K)
[23.600s][info][gc,heap        ] GC(61) ParOldGen: 174848K(1398272K)->174856K(1398272K)
[23.600s][info][gc,metaspace   ] GC(61) Metaspace: 59002K(59904K)->59002K(59904K) NonClass: 51543K(52032K)->51543K(52032K) Class: 7459K(7872K)->7459K(7872K)
[23.600s][info][gc             ] GC(61) Pause Young (Allocation Failure) 512M->171M(1702M) 3.040ms
[23.600s][info][gc,cpu         ] GC(61) User=0.00s Sys=0.02s Real=0.01s
[23.723s][info][gc,start       ] GC(62) Pause Young (Allocation Failure)
[23.725s][info][gc,heap        ] GC(62) PSYoungGen: 344192K(344576K)->704K(337920K) Eden: 343040K(343040K)->0K(336384K) From: 1152K(1536K)->704K(1536K)
[23.725s][info][gc,heap        ] GC(62) ParOldGen: 174856K(1398272K)->175289K(1398272K)
[23.725s][info][gc,metaspace   ] GC(62) Metaspace: 59005K(59904K)->59005K(59904K) NonClass: 51545K(52032K)->51545K(52032K) Class: 7459K(7872K)->7459K(7872K)
[23.725s][info][gc             ] GC(62) Pause Young (Allocation Failure) 506M->171M(1695M) 2.057ms
[23.725s][info][gc,cpu         ] GC(62) User=0.00s Sys=0.00s Real=0.00s
[23.836s][info][gc,start       ] GC(63) Pause Young (Allocation Failure)
[23.837s][info][gc,heap        ] GC(63) PSYoungGen: 337088K(337920K)->256K(341504K) Eden: 336384K(336384K)->0K(330240K) From: 704K(1536K)->256K(11264K)
[23.837s][info][gc,heap        ] GC(63) ParOldGen: 175289K(1398272K)->175513K(1398272K)
[23.837s][info][gc,metaspace   ] GC(63) Metaspace: 59005K(59904K)->59005K(59904K) NonClass: 51545K(52032K)->51545K(52032K) Class: 7459K(7872K)->7459K(7872K)
[23.837s][info][gc             ] GC(63) Pause Young (Allocation Failure) 500M->171M(1699M) 1.446ms
[23.837s][info][gc,cpu         ] GC(63) User=0.00s Sys=0.00s Real=0.00s
[23.948s][info][gc,start       ] GC(64) Pause Young (Allocation Failure)
[23.950s][info][gc,heap        ] GC(64) PSYoungGen: 330496K(341504K)->352K(324608K) Eden: 330240K(330240K)->0K(324096K) From: 256K(11264K)->352K(512K)
[23.950s][info][gc,heap        ] GC(64) ParOldGen: 175513K(1398272K)->175521K(1398272K)
[23.950s][info][gc,metaspace   ] GC(64) Metaspace: 59005K(59904K)->59005K(59904K) NonClass: 51545K(52032K)->51545K(52032K) Class: 7459K(7872K)->7459K(7872K)
[23.950s][info][gc             ] GC(64) Pause Young (Allocation Failure) 494M->171M(1682M) 1.769ms
[23.950s][info][gc,cpu         ] GC(64) User=0.02s Sys=0.00s Real=0.01s
[24.067s][info][gc,start       ] GC(65) Pause Young (Allocation Failure)
[24.068s][info][gc,heap        ] GC(65) PSYoungGen: 324448K(324608K)->320K(327680K) Eden: 324096K(324096K)->0K(317952K) From: 352K(512K)->320K(9728K)
[24.068s][info][gc,heap        ] GC(65) ParOldGen: 175521K(1398272K)->175521K(1398272K)
[24.068s][info][gc,metaspace   ] GC(65) Metaspace: 59005K(59904K)->59005K(59904K) NonClass: 51545K(52032K)->51545K(52032K) Class: 7459K(7872K)->7459K(7872K)
[24.068s][info][gc             ] GC(65) Pause Young (Allocation Failure) 488M->171M(1685M) 1.028ms
[24.068s][info][gc,cpu         ] GC(65) User=0.00s Sys=0.00s Real=0.00s
[24.227s][info][gc,start       ] GC(66) Pause Young (System.gc())
[24.229s][info][gc,heap        ] GC(66) PSYoungGen: 312647K(327680K)->1056K(319488K) Eden: 312327K(317952K)->0K(317952K) From: 320K(9728K)->1056K(1536K)
[24.229s][info][gc,heap        ] GC(66) ParOldGen: 175521K(1398272K)->175537K(1398272K)
[24.229s][info][gc,metaspace   ] GC(66) Metaspace: 59025K(59904K)->59025K(59904K) NonClass: 51566K(52032K)->51566K(52032K) Class: 7459K(7872K)->7459K(7872K)
[24.229s][info][gc             ] GC(66) Pause Young (System.gc()) 476M->172M(1677M) 2.658ms
[24.229s][info][gc,cpu         ] GC(66) User=0.03s Sys=0.02s Real=0.02s
[24.230s][info][gc,start       ] GC(67) Pause Full (System.gc())
[24.230s][info][gc,phases,start] GC(67) Marking Phase
[24.321s][info][gc,phases      ] GC(67) Marking Phase 91.767ms
[24.321s][info][gc,phases,start] GC(67) Summary Phase
[24.321s][info][gc,phases      ] GC(67) Summary Phase 0.015ms
[24.321s][info][gc,phases,start] GC(67) Adjust Roots
[24.327s][info][gc,phases      ] GC(67) Adjust Roots 5.351ms
[24.327s][info][gc,phases,start] GC(67) Compaction Phase
[24.359s][info][gc,phases      ] GC(67) Compaction Phase 32.571ms
[24.359s][info][gc,phases,start] GC(67) Post Compact
[24.361s][info][gc,phases      ] GC(67) Post Compact 1.642ms
[24.361s][info][gc,heap        ] GC(67) PSYoungGen: 1056K(319488K)->0K(319488K) Eden: 0K(317952K)->0K(317952K) From: 1056K(1536K)->0K(1536K)
[24.361s][info][gc,heap        ] GC(67) ParOldGen: 175537K(1398272K)->174893K(1398272K)
[24.361s][info][gc,metaspace   ] GC(67) Metaspace: 59025K(59904K)->59025K(59904K) NonClass: 51566K(52032K)->51566K(52032K) Class: 7459K(7872K)->7459K(7872K)
[24.361s][info][gc             ] GC(67) Pause Full (System.gc()) 172M->170M(1677M) 131.766ms
[24.361s][info][gc,cpu         ] GC(67) User=3.64s Sys=0.00s Real=0.13s
[24.550s][info][gc,start       ] GC(68) Pause Young (Allocation Failure)
[24.552s][info][gc,heap        ] GC(68) PSYoungGen: 317952K(319488K)->1152K(313856K) Eden: 317952K(317952K)->0K(312320K) From: 0K(1536K)->1152K(1536K)
[24.552s][info][gc,heap        ] GC(68) ParOldGen: 174893K(1398272K)->174893K(1398272K)
[24.552s][info][gc,metaspace   ] GC(68) Metaspace: 59058K(59968K)->59058K(59968K) NonClass: 51597K(52096K)->51597K(52096K) Class: 7460K(7872K)->7460K(7872K)
[24.552s][info][gc             ] GC(68) Pause Young (Allocation Failure) 481M->171M(1672M) 1.514ms
[24.552s][info][gc,cpu         ] GC(68) User=0.00s Sys=0.00s Real=0.00s
[24.668s][info][gc,start       ] GC(69) Pause Young (Allocation Failure)
[24.670s][info][gc,heap        ] GC(69) PSYoungGen: 313472K(313856K)->768K(307712K) Eden: 312320K(312320K)->0K(306688K) From: 1152K(1536K)->768K(1024K)
[24.670s][info][gc,heap        ] GC(69) ParOldGen: 174893K(1398272K)->175317K(1398272K)
[24.670s][info][gc,metaspace   ] GC(69) Metaspace: 59058K(59968K)->59058K(59968K) NonClass: 51597K(52096K)->51597K(52096K) Class: 7460K(7872K)->7460K(7872K)
[24.670s][info][gc             ] GC(69) Pause Young (Allocation Failure) 476M->171M(1666M) 1.766ms
[24.670s][info][gc,cpu         ] GC(69) User=0.00s Sys=0.00s Real=0.00s
[24.777s][info][gc,start       ] GC(70) Pause Young (Allocation Failure)
[24.778s][info][gc,heap        ] GC(70) PSYoungGen: 307456K(307712K)->320K(308224K) Eden: 306688K(306688K)->0K(301056K) From: 768K(1024K)->320K(7168K)
[24.778s][info][gc,heap        ] GC(70) ParOldGen: 175317K(1398272K)->175533K(1398272K)
[24.778s][info][gc,metaspace   ] GC(70) Metaspace: 59058K(59968K)->59058K(59968K) NonClass: 51597K(52096K)->51597K(52096K) Class: 7460K(7872K)->7460K(7872K)
[24.778s][info][gc             ] GC(70) Pause Young (Allocation Failure) 471M->171M(1666M) 1.326ms
[24.778s][info][gc,cpu         ] GC(70) User=0.00s Sys=0.00s Real=0.00s
[24.883s][info][gc,start       ] GC(71) Pause Young (Allocation Failure)
[24.885s][info][gc,heap        ] GC(71) PSYoungGen: 301376K(308224K)->352K(296448K) Eden: 301056K(301056K)->0K(295936K) From: 320K(7168K)->352K(512K)
[24.885s][info][gc,heap        ] GC(71) ParOldGen: 175533K(1398272K)->175541K(1398272K)
[24.885s][info][gc,metaspace   ] GC(71) Metaspace: 59058K(59968K)->59058K(59968K) NonClass: 51597K(52096K)->51597K(52096K) Class: 7460K(7872K)->7460K(7872K)
[24.885s][info][gc             ] GC(71) Pause Young (Allocation Failure) 465M->171M(1655M) 2.670ms
[24.885s][info][gc,cpu         ] GC(71) User=0.00s Sys=0.00s Real=0.00s
[24.990s][info][gc,start       ] GC(72) Pause Young (Allocation Failure)
[24.991s][info][gc,heap        ] GC(72) PSYoungGen: 296288K(296448K)->1056K(296960K) Eden: 295936K(295936K)->0K(290816K) From: 352K(512K)->1056K(6144K)
[24.991s][info][gc,heap        ] GC(72) ParOldGen: 175541K(1398272K)->175541K(1398272K)
[24.992s][info][gc,metaspace   ] GC(72) Metaspace: 59151K(60032K)->59151K(60032K) NonClass: 51683K(52160K)->51683K(52160K) Class: 7468K(7872K)->7468K(7872K)
[24.992s][info][gc             ] GC(72) Pause Young (Allocation Failure) 460M->172M(1655M) 1.805ms
[24.992s][info][gc,cpu         ] GC(72) User=0.00s Sys=0.00s Real=0.00s
[25.093s][info][gc,start       ] GC(73) Pause Young (Allocation Failure)
[25.094s][info][gc,heap        ] GC(73) PSYoungGen: 291872K(296960K)->1088K(287232K) Eden: 290816K(290816K)->0K(285696K) From: 1056K(6144K)->1088K(1536K)
[25.094s][info][gc,heap        ] GC(73) ParOldGen: 175541K(1398272K)->175677K(1398272K)
[25.094s][info][gc,metaspace   ] GC(73) Metaspace: 59526K(60416K)->59526K(60416K) NonClass: 51983K(52480K)->51983K(52480K) Class: 7543K(7936K)->7543K(7936K)
[25.094s][info][gc             ] GC(73) Pause Young (Allocation Failure) 456M->172M(1646M) 1.587ms
[25.094s][info][gc,cpu         ] GC(73) User=0.00s Sys=0.00s Real=0.00s
[25.194s][info][gc,start       ] GC(74) Pause Young (System.gc())
[25.196s][info][gc,heap        ] GC(74) PSYoungGen: 178260K(287232K)->1024K(286720K) Eden: 177172K(285696K)->0K(285696K) From: 1088K(1536K)->1024K(1024K)
[25.196s][info][gc,heap        ] GC(74) ParOldGen: 175677K(1398272K)->175965K(1398272K)
[25.196s][info][gc,metaspace   ] GC(74) Metaspace: 59561K(60480K)->59561K(60480K) NonClass: 52017K(52544K)->52017K(52544K) Class: 7543K(7936K)->7543K(7936K)
[25.196s][info][gc             ] GC(74) Pause Young (System.gc()) 345M->172M(1645M) 1.935ms
[25.196s][info][gc,cpu         ] GC(74) User=0.00s Sys=0.00s Real=0.00s
[25.196s][info][gc,start       ] GC(75) Pause Full (System.gc())
[25.196s][info][gc,phases,start] GC(75) Marking Phase
[25.293s][info][gc,phases      ] GC(75) Marking Phase 96.396ms
[25.293s][info][gc,phases,start] GC(75) Summary Phase
[25.293s][info][gc,phases      ] GC(75) Summary Phase 0.017ms
[25.293s][info][gc,phases,start] GC(75) Adjust Roots
[25.300s][info][gc,phases      ] GC(75) Adjust Roots 7.722ms
[25.300s][info][gc,phases,start] GC(75) Compaction Phase
[25.323s][info][gc,phases      ] GC(75) Compaction Phase 22.049ms
[25.323s][info][gc,phases,start] GC(75) Post Compact
[25.324s][info][gc,phases      ] GC(75) Post Compact 1.455ms
[25.324s][info][gc,heap        ] GC(75) PSYoungGen: 1024K(286720K)->0K(286720K) Eden: 0K(285696K)->0K(285696K) From: 1024K(1024K)->0K(1024K)
[25.324s][info][gc,heap        ] GC(75) ParOldGen: 175965K(1398272K)->175001K(1398272K)
[25.324s][info][gc,metaspace   ] GC(75) Metaspace: 59561K(60480K)->59561K(60480K) NonClass: 52017K(52544K)->52017K(52544K) Class: 7543K(7936K)->7543K(7936K)
[25.324s][info][gc             ] GC(75) Pause Full (System.gc()) 172M->170M(1645M) 127.931ms
[25.324s][info][gc,cpu         ] GC(75) User=4.13s Sys=0.00s Real=0.13s
[25.500s][info][gc,start       ] GC(76) Pause Young (Allocation Failure)
[25.502s][info][gc,heap        ] GC(76) PSYoungGen: 285696K(286720K)->1152K(282624K) Eden: 285696K(285696K)->0K(281088K) From: 0K(1024K)->1152K(1536K)
[25.502s][info][gc,heap        ] GC(76) ParOldGen: 175001K(1398272K)->175009K(1398272K)
[25.502s][info][gc,metaspace   ] GC(76) Metaspace: 59595K(60480K)->59595K(60480K) NonClass: 52050K(52544K)->52050K(52544K) Class: 7545K(7936K)->7545K(7936K)
[25.502s][info][gc             ] GC(76) Pause Young (Allocation Failure) 449M->172M(1641M) 2.269ms
[25.502s][info][gc,cpu         ] GC(76) User=0.00s Sys=0.00s Real=0.00s
[25.603s][info][gc,start       ] GC(77) Pause Young (Allocation Failure)
[25.605s][info][gc,heap        ] GC(77) PSYoungGen: 282240K(282624K)->736K(277504K) Eden: 281088K(281088K)->0K(276480K) From: 1152K(1536K)->736K(1024K)
[25.605s][info][gc,heap        ] GC(77) ParOldGen: 175009K(1398272K)->175438K(1398272K)
[25.605s][info][gc,metaspace   ] GC(77) Metaspace: 59602K(60480K)->59602K(60480K) NonClass: 52057K(52544K)->52057K(52544K) Class: 7545K(7936K)->7545K(7936K)
[25.605s][info][gc             ] GC(77) Pause Young (Allocation Failure) 446M->172M(1636M) 1.763ms
[25.605s][info][gc,cpu         ] GC(77) User=0.00s Sys=0.00s Real=0.00s
[25.689s][info][gc,start       ] GC(78) Pause Young (Allocation Failure)
[25.692s][info][gc,heap        ] GC(78) PSYoungGen: 277216K(277504K)->288K(272384K) Eden: 276480K(276480K)->0K(271872K) From: 736K(1024K)->288K(512K)
[25.692s][info][gc,heap        ] GC(78) ParOldGen: 175438K(1398272K)->175646K(1398272K)
[25.692s][info][gc,metaspace   ] GC(78) Metaspace: 59602K(60480K)->59602K(60480K) NonClass: 52057K(52544K)->52057K(52544K) Class: 7545K(7936K)->7545K(7936K)
[25.692s][info][gc             ] GC(78) Pause Young (Allocation Failure) 442M->171M(1631M) 2.733ms
[25.692s][info][gc,cpu         ] GC(78) User=0.00s Sys=0.00s Real=0.00s
[25.776s][info][gc,start       ] GC(79) Pause Young (Allocation Failure)
[25.777s][info][gc,heap        ] GC(79) PSYoungGen: 272160K(272384K)->416K(271360K) Eden: 271872K(271872K)->0K(267264K) From: 288K(512K)->416K(4096K)
[25.777s][info][gc,heap        ] GC(79) ParOldGen: 175646K(1398272K)->175646K(1398272K)
[25.777s][info][gc,metaspace   ] GC(79) Metaspace: 59602K(60480K)->59602K(60480K) NonClass: 52057K(52544K)->52057K(52544K) Class: 7545K(7936K)->7545K(7936K)
[25.777s][info][gc             ] GC(79) Pause Young (Allocation Failure) 437M->171M(1630M) 0.980ms
[25.777s][info][gc,cpu         ] GC(79) User=0.00s Sys=0.00s Real=0.00s
[25.858s][info][gc,start       ] GC(80) Pause Young (Allocation Failure)
[25.860s][info][gc,heap        ] GC(80) PSYoungGen: 267680K(271360K)->480K(263680K) Eden: 267264K(267264K)->0K(263168K) From: 416K(4096K)->480K(512K)
[25.860s][info][gc,heap        ] GC(80) ParOldGen: 175646K(1398272K)->175654K(1398272K)
[25.860s][info][gc,metaspace   ] GC(80) Metaspace: 59602K(60480K)->59602K(60480K) NonClass: 52057K(52544K)->52057K(52544K) Class: 7545K(7936K)->7545K(7936K)
[25.860s][info][gc             ] GC(80) Pause Young (Allocation Failure) 432M->172M(1623M) 1.546ms
[25.860s][info][gc,cpu         ] GC(80) User=0.00s Sys=0.02s Real=0.01s
[25.957s][info][gc,start       ] GC(81) Pause Young (Allocation Failure)
[25.958s][info][gc,heap        ] GC(81) PSYoungGen: 263648K(263680K)->384K(262656K) Eden: 263168K(263168K)->0K(259072K) From: 480K(512K)->384K(3584K)
[25.958s][info][gc,heap        ] GC(81) ParOldGen: 175654K(1398272K)->175654K(1398272K)
[25.958s][info][gc,metaspace   ] GC(81) Metaspace: 59602K(60480K)->59602K(60480K) NonClass: 52057K(52544K)->52057K(52544K) Class: 7545K(7936K)->7545K(7936K)
[25.958s][info][gc             ] GC(81) Pause Young (Allocation Failure) 429M->171M(1622M) 0.944ms
[25.958s][info][gc,cpu         ] GC(81) User=0.00s Sys=0.00s Real=0.00s
[26.053s][info][gc,start       ] GC(82) Pause Young (Allocation Failure)
[26.056s][info][gc,heap        ] GC(82) PSYoungGen: 259456K(262656K)->288K(255488K) Eden: 259072K(259072K)->0K(254976K) From: 384K(3584K)->288K(512K)
[26.056s][info][gc,heap        ] GC(82) ParOldGen: 175654K(1398272K)->175654K(1398272K)
[26.057s][info][gc,metaspace   ] GC(82) Metaspace: 59602K(60480K)->59602K(60480K) NonClass: 52057K(52544K)->52057K(52544K) Class: 7545K(7936K)->7545K(7936K)
[26.057s][info][gc             ] GC(82) Pause Young (Allocation Failure) 424M->171M(1615M) 3.121ms
[26.057s][info][gc,cpu         ] GC(82) User=0.00s Sys=0.00s Real=0.00s
[26.112s][info][gc,start       ] GC(83) Pause Young (System.gc())
[26.113s][info][gc,heap        ] GC(83) PSYoungGen: 88695K(255488K)->1056K(258560K) Eden: 88407K(254976K)->0K(254976K) From: 288K(512K)->1056K(3584K)
[26.113s][info][gc,heap        ] GC(83) ParOldGen: 175654K(1398272K)->175678K(1398272K)
[26.113s][info][gc,metaspace   ] GC(83) Metaspace: 59607K(60480K)->59607K(60480K) NonClass: 52062K(52544K)->52062K(52544K) Class: 7545K(7936K)->7545K(7936K)
[26.113s][info][gc             ] GC(83) Pause Young (System.gc()) 258M->172M(1618M) 1.257ms
[26.113s][info][gc,cpu         ] GC(83) User=0.00s Sys=0.00s Real=0.00s
[26.113s][info][gc,start       ] GC(84) Pause Full (System.gc())
[26.113s][info][gc,phases,start] GC(84) Marking Phase
[26.208s][info][gc,phases      ] GC(84) Marking Phase 95.244ms
[26.208s][info][gc,phases,start] GC(84) Summary Phase
[26.208s][info][gc,phases      ] GC(84) Summary Phase 0.015ms
[26.208s][info][gc,phases,start] GC(84) Adjust Roots
[26.216s][info][gc,phases      ] GC(84) Adjust Roots 7.414ms
[26.216s][info][gc,phases,start] GC(84) Compaction Phase
[26.248s][info][gc,phases      ] GC(84) Compaction Phase 31.992ms
[26.248s][info][gc,phases,start] GC(84) Post Compact
[26.249s][info][gc,phases      ] GC(84) Post Compact 1.230ms
[26.249s][info][gc,heap        ] GC(84) PSYoungGen: 1056K(258560K)->0K(258560K) Eden: 0K(254976K)->0K(254976K) From: 1056K(3584K)->0K(3584K)
[26.249s][info][gc,heap        ] GC(84) ParOldGen: 175678K(1398272K)->175039K(1398272K)
[26.249s][info][gc,metaspace   ] GC(84) Metaspace: 59607K(60480K)->59607K(60480K) NonClass: 52062K(52544K)->52062K(52544K) Class: 7545K(7936K)->7545K(7936K)
[26.249s][info][gc             ] GC(84) Pause Full (System.gc()) 172M->170M(1618M) 136.133ms
[26.249s][info][gc,cpu         ] GC(84) User=2.67s Sys=0.00s Real=0.13s
[26.410s][info][gc,start       ] GC(85) Pause Young (Allocation Failure)
[26.412s][info][gc,heap        ] GC(85) PSYoungGen: 254976K(258560K)->1152K(252416K) Eden: 254976K(254976K)->0K(250880K) From: 0K(3584K)->1152K(1536K)
[26.412s][info][gc,heap        ] GC(85) ParOldGen: 175039K(1398272K)->175039K(1398272K)
[26.412s][info][gc,metaspace   ] GC(85) Metaspace: 59633K(60544K)->59633K(60544K) NonClass: 52087K(52608K)->52087K(52608K) Class: 7546K(7936K)->7546K(7936K)
[26.412s][info][gc             ] GC(85) Pause Young (Allocation Failure) 419M->172M(1612M) 2.237ms
[26.412s][info][gc,cpu         ] GC(85) User=0.00s Sys=0.00s Real=0.00s
[26.499s][info][gc,start       ] GC(86) Pause Young (Allocation Failure)
[26.500s][info][gc,heap        ] GC(86) PSYoungGen: 252032K(252416K)->736K(248320K) Eden: 250880K(250880K)->0K(247296K) From: 1152K(1536K)->736K(1024K)
[26.500s][info][gc,heap        ] GC(86) ParOldGen: 175039K(1398272K)->175477K(1398272K)
[26.500s][info][gc,metaspace   ] GC(86) Metaspace: 59633K(60544K)->59633K(60544K) NonClass: 52087K(52608K)->52087K(52608K) Class: 7546K(7936K)->7546K(7936K)
[26.500s][info][gc             ] GC(86) Pause Young (Allocation Failure) 417M->172M(1608M) 1.482ms
[26.500s][info][gc,cpu         ] GC(86) User=0.00s Sys=0.00s Real=0.00s
[26.589s][info][gc,start       ] GC(87) Pause Young (Allocation Failure)
[26.591s][info][gc,heap        ] GC(87) PSYoungGen: 248032K(248320K)->224K(244224K) Eden: 247296K(247296K)->0K(243712K) From: 736K(1024K)->224K(512K)
[26.591s][info][gc,heap        ] GC(87) ParOldGen: 175477K(1398272K)->175701K(1398272K)
[26.591s][info][gc,metaspace   ] GC(87) Metaspace: 59633K(60544K)->59633K(60544K) NonClass: 52087K(52608K)->52087K(52608K) Class: 7546K(7936K)->7546K(7936K)
[26.591s][info][gc             ] GC(87) Pause Young (Allocation Failure) 413M->171M(1604M) 1.627ms
[26.591s][info][gc,cpu         ] GC(87) User=0.00s Sys=0.00s Real=0.00s
[26.679s][info][gc,start       ] GC(88) Pause Young (Allocation Failure)
[26.888s][info][gc,heap        ] GC(88) PSYoungGen: 243936K(244224K)->384K(243200K) Eden: 243712K(243712K)->0K(240128K) From: 224K(512K)->384K(3072K)
[26.902s][info][gc,heap        ] GC(88) ParOldGen: 175701K(1398272K)->175701K(1398272K)
[26.902s][info][gc,metaspace   ] GC(88) Metaspace: 59633K(60544K)->59633K(60544K) NonClass: 52087K(52608K)->52087K(52608K) Class: 7546K(7936K)->7546K(7936K)
[26.902s][info][gc             ] GC(88) Pause Young (Allocation Failure) 409M->171M(1603M) 223.041ms
[26.902s][info][gc,cpu         ] GC(88) User=0.00s Sys=0.00s Real=0.21s
[27.005s][info][gc,start       ] GC(89) Pause Young (Allocation Failure)
[27.007s][info][gc,heap        ] GC(89) PSYoungGen: 240512K(243200K)->384K(237056K) Eden: 240128K(240128K)->0K(236544K) From: 384K(3072K)->384K(512K)
[27.007s][info][gc,heap        ] GC(89) ParOldGen: 175701K(1398272K)->175701K(1398272K)
[27.007s][info][gc,metaspace   ] GC(89) Metaspace: 59633K(60544K)->59633K(60544K) NonClass: 52087K(52608K)->52087K(52608K) Class: 7546K(7936K)->7546K(7936K)
[27.007s][info][gc             ] GC(89) Pause Young (Allocation Failure) 406M->171M(1597M) 2.759ms
[27.007s][info][gc,cpu         ] GC(89) User=0.00s Sys=0.00s Real=0.00s
[27.086s][info][gc,start       ] GC(90) Pause Young (Allocation Failure)
[27.087s][info][gc,heap        ] GC(90) PSYoungGen: 236928K(237056K)->352K(235520K) Eden: 236544K(236544K)->0K(232960K) From: 384K(512K)->352K(2560K)
[27.087s][info][gc,heap        ] GC(90) ParOldGen: 175701K(1398272K)->175709K(1398272K)
[27.087s][info][gc,metaspace   ] GC(90) Metaspace: 59633K(60544K)->59633K(60544K) NonClass: 52087K(52608K)->52087K(52608K) Class: 7546K(7936K)->7546K(7936K)
[27.087s][info][gc             ] GC(90) Pause Young (Allocation Failure) 402M->171M(1595M) 0.963ms
[27.087s][info][gc,cpu         ] GC(90) User=0.00s Sys=0.00s Real=0.00s
[27.171s][info][gc,start       ] GC(91) Pause Young (Allocation Failure)
[27.172s][info][gc,heap        ] GC(91) PSYoungGen: 233312K(235520K)->352K(230400K) Eden: 232960K(232960K)->0K(229888K) From: 352K(2560K)->352K(512K)
[27.172s][info][gc,heap        ] GC(91) ParOldGen: 175709K(1398272K)->175717K(1398272K)
[27.172s][info][gc,metaspace   ] GC(91) Metaspace: 59633K(60544K)->59633K(60544K) NonClass: 52087K(52608K)->52087K(52608K) Class: 7546K(7936K)->7546K(7936K)
[27.172s][info][gc             ] GC(91) Pause Young (Allocation Failure) 399M->171M(1590M) 1.491ms
[27.172s][info][gc,cpu         ] GC(91) User=0.00s Sys=0.00s Real=0.00s
[27.255s][info][gc,start       ] GC(92) Pause Young (Allocation Failure)
[27.256s][info][gc,heap        ] GC(92) PSYoungGen: 230240K(230400K)->384K(229376K) Eden: 229888K(229888K)->0K(226816K) From: 352K(512K)->384K(2560K)
[27.256s][info][gc,heap        ] GC(92) ParOldGen: 175717K(1398272K)->175725K(1398272K)
[27.256s][info][gc,metaspace   ] GC(92) Metaspace: 59633K(60544K)->59633K(60544K) NonClass: 52087K(52608K)->52087K(52608K) Class: 7546K(7936K)->7546K(7936K)
[27.256s][info][gc             ] GC(92) Pause Young (Allocation Failure) 396M->171M(1589M) 1.007ms
[27.256s][info][gc,cpu         ] GC(92) User=0.00s Sys=0.00s Real=0.00s
[27.309s][info][gc,start       ] GC(93) Pause Young (System.gc())
[27.310s][info][gc,heap        ] GC(93) PSYoungGen: 55901K(229376K)->1056K(228352K) Eden: 55517K(226816K)->0K(226816K) From: 384K(2560K)->1056K(1536K)
[27.310s][info][gc,heap        ] GC(93) ParOldGen: 175725K(1398272K)->175757K(1398272K)
[27.310s][info][gc,metaspace   ] GC(93) Metaspace: 59666K(60544K)->59666K(60544K) NonClass: 52119K(52608K)->52119K(52608K) Class: 7547K(7936K)->7547K(7936K)
[27.310s][info][gc             ] GC(93) Pause Young (System.gc()) 226M->172M(1588M) 1.526ms
[27.310s][info][gc,cpu         ] GC(93) User=0.00s Sys=0.00s Real=0.00s
[27.311s][info][gc,start       ] GC(94) Pause Full (System.gc())
[27.311s][info][gc,phases,start] GC(94) Marking Phase
[27.405s][info][gc,phases      ] GC(94) Marking Phase 94.309ms
[27.405s][info][gc,phases,start] GC(94) Summary Phase
[27.405s][info][gc,phases      ] GC(94) Summary Phase 0.014ms
[27.405s][info][gc,phases,start] GC(94) Adjust Roots
[27.413s][info][gc,phases      ] GC(94) Adjust Roots 7.675ms
[27.413s][info][gc,phases,start] GC(94) Compaction Phase
[27.434s][info][gc,phases      ] GC(94) Compaction Phase 21.212ms
[27.434s][info][gc,phases,start] GC(94) Post Compact
[27.435s][info][gc,phases      ] GC(94) Post Compact 1.350ms
[27.435s][info][gc,heap        ] GC(94) PSYoungGen: 1056K(228352K)->0K(228352K) Eden: 0K(226816K)->0K(226816K) From: 1056K(1536K)->0K(1536K)
[27.435s][info][gc,heap        ] GC(94) ParOldGen: 175757K(1398272K)->175076K(1398272K)
[27.435s][info][gc,metaspace   ] GC(94) Metaspace: 59666K(60544K)->59666K(60544K) NonClass: 52119K(52608K)->52119K(52608K) Class: 7547K(7936K)->7547K(7936K)
[27.435s][info][gc             ] GC(94) Pause Full (System.gc()) 172M->170M(1588M) 124.835ms
[27.435s][info][gc,cpu         ] GC(94) User=2.25s Sys=0.00s Real=0.12s
[27.575s][info][gc,start       ] GC(95) Pause Young (Allocation Failure)
[27.576s][info][gc,heap        ] GC(95) PSYoungGen: 226816K(228352K)->1184K(225280K) Eden: 226816K(226816K)->0K(223744K) From: 0K(1536K)->1184K(1536K)
[27.576s][info][gc,heap        ] GC(95) ParOldGen: 175076K(1398272K)->175084K(1398272K)
[27.576s][info][gc,metaspace   ] GC(95) Metaspace: 59683K(60544K)->59683K(60544K) NonClass: 52135K(52608K)->52135K(52608K) Class: 7548K(7936K)->7548K(7936K)
[27.576s][info][gc             ] GC(95) Pause Young (Allocation Failure) 392M->172M(1585M) 1.538ms
[27.576s][info][gc,cpu         ] GC(95) User=0.00s Sys=0.00s Real=0.00s
[27.655s][info][gc,start       ] GC(96) Pause Young (Allocation Failure)
[27.657s][info][gc,heap        ] GC(96) PSYoungGen: 224928K(225280K)->736K(221696K) Eden: 223744K(223744K)->0K(220672K) From: 1184K(1536K)->736K(1024K)
[27.657s][info][gc,heap        ] GC(96) ParOldGen: 175084K(1398272K)->175524K(1398272K)
[27.657s][info][gc,metaspace   ] GC(96) Metaspace: 59685K(60544K)->59685K(60544K) NonClass: 52136K(52608K)->52136K(52608K) Class: 7548K(7936K)->7548K(7936K)
[27.657s][info][gc             ] GC(96) Pause Young (Allocation Failure) 390M->172M(1582M) 1.505ms
[27.657s][info][gc,cpu         ] GC(96) User=0.00s Sys=0.00s Real=0.00s
[27.739s][info][gc,start       ] GC(97) Pause Young (Allocation Failure)
[27.740s][info][gc,heap        ] GC(97) PSYoungGen: 221408K(221696K)->192K(218112K) Eden: 220672K(220672K)->0K(217600K) From: 736K(1024K)->192K(512K)
[27.740s][info][gc,heap        ] GC(97) ParOldGen: 175524K(1398272K)->175708K(1398272K)
[27.740s][info][gc,metaspace   ] GC(97) Metaspace: 59685K(60544K)->59685K(60544K) NonClass: 52136K(52608K)->52136K(52608K) Class: 7548K(7936K)->7548K(7936K)
[27.740s][info][gc             ] GC(97) Pause Young (Allocation Failure) 387M->171M(1578M) 1.309ms
[27.740s][info][gc,cpu         ] GC(97) User=0.00s Sys=0.00s Real=0.00s
[27.813s][info][gc,start       ] GC(98) Pause Young (Allocation Failure)
[27.814s][info][gc,heap        ] GC(98) PSYoungGen: 217792K(218112K)->352K(215040K) Eden: 217600K(217600K)->0K(214528K) From: 192K(512K)->352K(512K)
[27.814s][info][gc,heap        ] GC(98) ParOldGen: 175708K(1398272K)->175708K(1398272K)
[27.814s][info][gc,metaspace   ] GC(98) Metaspace: 59685K(60544K)->59685K(60544K) NonClass: 52136K(52608K)->52136K(52608K) Class: 7548K(7936K)->7548K(7936K)
[27.814s][info][gc             ] GC(98) Pause Young (Allocation Failure) 384M->171M(1575M) 1.365ms
[27.814s][info][gc,cpu         ] GC(98) User=0.00s Sys=0.00s Real=0.00s
[27.901s][info][gc,start       ] GC(99) Pause Young (Allocation Failure)
[27.902s][info][gc,heap        ] GC(99) PSYoungGen: 214880K(215040K)->320K(213504K) Eden: 214528K(214528K)->0K(211456K) From: 352K(512K)->320K(2048K)
[27.902s][info][gc,heap        ] GC(99) ParOldGen: 175708K(1398272K)->175716K(1398272K)
[27.902s][info][gc,metaspace   ] GC(99) Metaspace: 59685K(60544K)->59685K(60544K) NonClass: 52136K(52608K)->52136K(52608K) Class: 7548K(7936K)->7548K(7936K)
[27.902s][info][gc             ] GC(99) Pause Young (Allocation Failure) 381M->171M(1574M) 1.100ms
[27.902s][info][gc,cpu         ] GC(99) User=0.36s Sys=0.05s Real=0.00s
[27.980s][info][gc,start       ] GC(100) Pause Young (Allocation Failure)
[27.981s][info][gc,heap        ] GC(100) PSYoungGen: 211776K(213504K)->416K(209408K) Eden: 211456K(211456K)->0K(208896K) From: 320K(2048K)->416K(512K)
[27.981s][info][gc,heap        ] GC(100) ParOldGen: 175716K(1398272K)->175716K(1398272K)
[27.981s][info][gc,metaspace   ] GC(100) Metaspace: 59685K(60544K)->59685K(60544K) NonClass: 52136K(52608K)->52136K(52608K) Class: 7548K(7936K)->7548K(7936K)
[27.981s][info][gc             ] GC(100) Pause Young (Allocation Failure) 378M->172M(1570M) 1.422ms
[27.981s][info][gc,cpu         ] GC(100) User=0.00s Sys=0.02s Real=0.01s
[28.066s][info][gc,start       ] GC(101) Pause Young (Allocation Failure)
[28.067s][info][gc,heap        ] GC(101) PSYoungGen: 209312K(209408K)->320K(208384K) Eden: 208896K(208896K)->0K(206336K) From: 416K(512K)->320K(2048K)
[28.067s][info][gc,heap        ] GC(101) ParOldGen: 175716K(1398272K)->175740K(1398272K)
[28.067s][info][gc,metaspace   ] GC(101) Metaspace: 59685K(60544K)->59685K(60544K) NonClass: 52136K(52608K)->52136K(52608K) Class: 7548K(7936K)->7548K(7936K)
[28.067s][info][gc             ] GC(101) Pause Young (Allocation Failure) 376M->171M(1569M) 0.991ms
[28.067s][info][gc,cpu         ] GC(101) User=0.00s Sys=0.00s Real=0.00s
[28.144s][info][gc,start       ] GC(102) Pause Young (Allocation Failure)
[28.146s][info][gc,heap        ] GC(102) PSYoungGen: 206656K(208384K)->352K(204288K) Eden: 206336K(206336K)->0K(203776K) From: 320K(2048K)->352K(512K)
[28.146s][info][gc,heap        ] GC(102) ParOldGen: 175740K(1398272K)->175740K(1398272K)
[28.146s][info][gc,metaspace   ] GC(102) Metaspace: 59685K(60544K)->59685K(60544K) NonClass: 52136K(52608K)->52136K(52608K) Class: 7548K(7936K)->7548K(7936K)
[28.146s][info][gc             ] GC(102) Pause Young (Allocation Failure) 373M->171M(1565M) 1.984ms
[28.146s][info][gc,cpu         ] GC(102) User=0.00s Sys=0.00s Real=0.00s
[28.240s][info][gc,start       ] GC(103) Pause Young (Allocation Failure)
[28.241s][info][gc,heap        ] GC(103) PSYoungGen: 204128K(204288K)->1056K(203264K) Eden: 203776K(203776K)->0K(201216K) From: 352K(512K)->1056K(2048K)
[28.241s][info][gc,heap        ] GC(103) ParOldGen: 175740K(1398272K)->175756K(1398272K)
[28.241s][info][gc,metaspace   ] GC(103) Metaspace: 59687K(60544K)->59687K(60544K) NonClass: 52138K(52608K)->52138K(52608K) Class: 7548K(7936K)->7548K(7936K)
[28.242s][info][gc             ] GC(103) Pause Young (Allocation Failure) 370M->172M(1564M) 1.177ms
[28.242s][info][gc,cpu         ] GC(103) User=0.00s Sys=0.00s Real=0.00s
[28.302s][info][gc,start       ] GC(104) Pause Young (System.gc())
[28.303s][info][gc,heap        ] GC(104) PSYoungGen: 63126K(203264K)->1056K(202752K) Eden: 62070K(201216K)->0K(201216K) From: 1056K(2048K)->1056K(1536K)
[28.303s][info][gc,heap        ] GC(104) ParOldGen: 175756K(1398272K)->175972K(1398272K)
[28.303s][info][gc,metaspace   ] GC(104) Metaspace: 59715K(60608K)->59715K(60608K) NonClass: 52166K(52672K)->52166K(52672K) Class: 7549K(7936K)->7549K(7936K)
[28.303s][info][gc             ] GC(104) Pause Young (System.gc()) 233M->172M(1563M) 1.400ms
[28.303s][info][gc,cpu         ] GC(104) User=0.00s Sys=0.00s Real=0.00s
[28.303s][info][gc,start       ] GC(105) Pause Full (System.gc())
[28.303s][info][gc,phases,start] GC(105) Marking Phase
[28.399s][info][gc,phases      ] GC(105) Marking Phase 95.404ms
[28.399s][info][gc,phases,start] GC(105) Summary Phase
[28.399s][info][gc,phases      ] GC(105) Summary Phase 0.015ms
[28.399s][info][gc,phases,start] GC(105) Adjust Roots
[28.406s][info][gc,phases      ] GC(105) Adjust Roots 7.607ms
[28.406s][info][gc,phases,start] GC(105) Compaction Phase
[28.441s][info][gc,phases      ] GC(105) Compaction Phase 35.072ms
[28.441s][info][gc,phases,start] GC(105) Post Compact
[28.443s][info][gc,phases      ] GC(105) Post Compact 1.630ms
[28.443s][info][gc,heap        ] GC(105) PSYoungGen: 1056K(202752K)->0K(202752K) Eden: 0K(201216K)->0K(201216K) From: 1056K(1536K)->0K(1536K)
[28.443s][info][gc,heap        ] GC(105) ParOldGen: 175972K(1398272K)->175113K(1398272K)
[28.443s][info][gc,metaspace   ] GC(105) Metaspace: 59715K(60608K)->59715K(60608K) NonClass: 52166K(52672K)->52166K(52672K) Class: 7549K(7936K)->7549K(7936K)
[28.443s][info][gc             ] GC(105) Pause Full (System.gc()) 172M->171M(1563M) 140.100ms
[28.443s][info][gc,cpu         ] GC(105) User=3.13s Sys=0.00s Real=0.14s
[28.582s][info][gc,start       ] GC(106) Pause Young (Allocation Failure)
[28.584s][info][gc,heap        ] GC(106) PSYoungGen: 201216K(202752K)->1184K(200192K) Eden: 201216K(201216K)->0K(198656K) From: 0K(1536K)->1184K(1536K)
[28.584s][info][gc,heap        ] GC(106) ParOldGen: 175113K(1398272K)->175121K(1398272K)
[28.584s][info][gc,metaspace   ] GC(106) Metaspace: 59750K(60608K)->59750K(60608K) NonClass: 52200K(52672K)->52200K(52672K) Class: 7549K(7936K)->7549K(7936K)
[28.584s][info][gc             ] GC(106) Pause Young (Allocation Failure) 367M->172M(1561M) 1.842ms
[28.584s][info][gc,cpu         ] GC(106) User=0.00s Sys=0.00s Real=0.00s
[28.669s][info][gc,start       ] GC(107) Pause Young (Allocation Failure)
[28.670s][info][gc,heap        ] GC(107) PSYoungGen: 199840K(200192K)->672K(197120K) Eden: 198656K(198656K)->0K(196096K) From: 1184K(1536K)->672K(1024K)
[28.670s][info][gc,heap        ] GC(107) ParOldGen: 175121K(1398272K)->175578K(1398272K)
[28.670s][info][gc,metaspace   ] GC(107) Metaspace: 59750K(60608K)->59750K(60608K) NonClass: 52200K(52672K)->52200K(52672K) Class: 7549K(7936K)->7549K(7936K)
[28.670s][info][gc             ] GC(107) Pause Young (Allocation Failure) 366M->172M(1558M) 1.577ms
[28.670s][info][gc,cpu         ] GC(107) User=0.00s Sys=0.00s Real=0.00s
[28.739s][info][gc,start       ] GC(108) Pause Young (Allocation Failure)
[28.740s][info][gc,heap        ] GC(108) PSYoungGen: 196768K(197120K)->320K(194048K) Eden: 196096K(196096K)->0K(193536K) From: 672K(1024K)->320K(512K)
[28.740s][info][gc,heap        ] GC(108) ParOldGen: 175578K(1398272K)->175746K(1398272K)
[28.740s][info][gc,metaspace   ] GC(108) Metaspace: 59750K(60608K)->59750K(60608K) NonClass: 52200K(52672K)->52200K(52672K) Class: 7549K(7936K)->7549K(7936K)
[28.740s][info][gc             ] GC(108) Pause Young (Allocation Failure) 363M->171M(1555M) 1.180ms
[28.740s][info][gc,cpu         ] GC(108) User=0.00s Sys=0.00s Real=0.00s
[28.813s][info][gc,start       ] GC(109) Pause Young (Allocation Failure)
[28.815s][info][gc,heap        ] GC(109) PSYoungGen: 193856K(194048K)->256K(232960K) Eden: 193536K(193536K)->0K(232448K) From: 320K(512K)->256K(512K)
[28.815s][info][gc,heap        ] GC(109) ParOldGen: 175746K(1398272K)->175746K(1398272K)
[28.815s][info][gc,metaspace   ] GC(109) Metaspace: 59750K(60608K)->59750K(60608K) NonClass: 52200K(52672K)->52200K(52672K) Class: 7549K(7936K)->7549K(7936K)
[28.815s][info][gc             ] GC(109) Pause Young (Allocation Failure) 360M->171M(1593M) 1.935ms
[28.815s][info][gc,cpu         ] GC(109) User=0.00s Sys=0.00s Real=0.00s
[28.904s][info][gc,start       ] GC(110) Pause Young (Allocation Failure)
[28.905s][info][gc,heap        ] GC(110) PSYoungGen: 232704K(232960K)->288K(281088K) Eden: 232448K(232448K)->0K(279040K) From: 256K(512K)->288K(2048K)
[28.905s][info][gc,heap        ] GC(110) ParOldGen: 175746K(1398272K)->175754K(1398272K)
[28.905s][info][gc,metaspace   ] GC(110) Metaspace: 59750K(60608K)->59750K(60608K) NonClass: 52200K(52672K)->52200K(52672K) Class: 7549K(7936K)->7549K(7936K)
[28.905s][info][gc             ] GC(110) Pause Young (Allocation Failure) 398M->171M(1640M) 0.941ms
[28.905s][info][gc,cpu         ] GC(110) User=0.00s Sys=0.00s Real=0.00s
[29.007s][info][gc,start       ] GC(111) Pause Young (Allocation Failure)
[29.009s][info][gc,heap        ] GC(111) PSYoungGen: 279328K(281088K)->352K(274944K) Eden: 279040K(279040K)->0K(274432K) From: 288K(2048K)->352K(512K)
[29.009s][info][gc,heap        ] GC(111) ParOldGen: 175754K(1398272K)->175754K(1398272K)
[29.009s][info][gc,metaspace   ] GC(111) Metaspace: 59750K(60608K)->59750K(60608K) NonClass: 52200K(52672K)->52200K(52672K) Class: 7549K(7936K)->7549K(7936K)
[29.009s][info][gc             ] GC(111) Pause Young (Allocation Failure) 444M->171M(1634M) 1.574ms
[29.009s][info][gc,cpu         ] GC(111) User=0.00s Sys=0.00s Real=0.00s
[29.118s][info][gc,start       ] GC(112) Pause Young (Allocation Failure)
[29.119s][info][gc,heap        ] GC(112) PSYoungGen: 274784K(274944K)->352K(271360K) Eden: 274432K(274432K)->0K(269824K) From: 352K(512K)->352K(1536K)
[29.119s][info][gc,heap        ] GC(112) ParOldGen: 175754K(1398272K)->175762K(1398272K)
[29.119s][info][gc,metaspace   ] GC(112) Metaspace: 59750K(60608K)->59750K(60608K) NonClass: 52200K(52672K)->52200K(52672K) Class: 7549K(7936K)->7549K(7936K)
[29.119s][info][gc             ] GC(112) Pause Young (Allocation Failure) 439M->171M(1630M) 1.037ms
[29.119s][info][gc,cpu         ] GC(112) User=0.00s Sys=0.00s Real=0.00s
[29.225s][info][gc,start       ] GC(113) Pause Young (Allocation Failure)
[29.226s][info][gc,heap        ] GC(113) PSYoungGen: 270176K(271360K)->320K(266240K) Eden: 269824K(269824K)->0K(265728K) From: 352K(1536K)->320K(512K)
[29.226s][info][gc,heap        ] GC(113) ParOldGen: 175762K(1398272K)->175762K(1398272K)
[29.226s][info][gc,metaspace   ] GC(113) Metaspace: 59750K(60608K)->59750K(60608K) NonClass: 52200K(52672K)->52200K(52672K) Class: 7549K(7936K)->7549K(7936K)
[29.226s][info][gc             ] GC(113) Pause Young (Allocation Failure) 435M->171M(1625M) 1.758ms
[29.227s][info][gc,cpu         ] GC(113) User=0.00s Sys=0.00s Real=0.00s
[29.332s][info][gc,start       ] GC(114) Pause Young (System.gc())
[29.333s][info][gc,heap        ] GC(114) PSYoungGen: 146749K(266240K)->1056K(267264K) Eden: 146429K(265728K)->0K(265728K) From: 320K(512K)->1056K(1536K)
[29.333s][info][gc,heap        ] GC(114) ParOldGen: 175762K(1398272K)->175770K(1398272K)
[29.333s][info][gc,metaspace   ] GC(114) Metaspace: 59777K(60608K)->59777K(60608K) NonClass: 52227K(52672K)->52227K(52672K) Class: 7549K(7936K)->7549K(7936K)
[29.333s][info][gc             ] GC(114) Pause Young (System.gc()) 314M->172M(1626M) 1.246ms
[29.333s][info][gc,cpu         ] GC(114) User=0.00s Sys=0.00s Real=0.00s
[29.333s][info][gc,start       ] GC(115) Pause Full (System.gc())
[29.333s][info][gc,phases,start] GC(115) Marking Phase
[29.426s][info][gc,phases      ] GC(115) Marking Phase 92.980ms
[29.426s][info][gc,phases,start] GC(115) Summary Phase
[29.426s][info][gc,phases      ] GC(115) Summary Phase 0.017ms
[29.426s][info][gc,phases,start] GC(115) Adjust Roots
[29.434s][info][gc,phases      ] GC(115) Adjust Roots 7.930ms
[29.434s][info][gc,phases,start] GC(115) Compaction Phase
[29.457s][info][gc,phases      ] GC(115) Compaction Phase 22.839ms
[29.457s][info][gc,phases,start] GC(115) Post Compact
[29.459s][info][gc,phases      ] GC(115) Post Compact 1.288ms
[29.459s][info][gc,heap        ] GC(115) PSYoungGen: 1056K(267264K)->0K(267264K) Eden: 0K(265728K)->0K(265728K) From: 1056K(1536K)->0K(1536K)
[29.459s][info][gc,heap        ] GC(115) ParOldGen: 175770K(1398272K)->175145K(1398272K)
[29.459s][info][gc,metaspace   ] GC(115) Metaspace: 59777K(60608K)->59777K(60608K) NonClass: 52227K(52672K)->52227K(52672K) Class: 7549K(7936K)->7549K(7936K)
[29.459s][info][gc             ] GC(115) Pause Full (System.gc()) 172M->171M(1626M) 125.302ms
[29.459s][info][gc,cpu         ] GC(115) User=2.92s Sys=0.05s Real=0.13s
[29.611s][info][gc,start       ] GC(116) Pause Young (Allocation Failure)
[29.612s][info][gc,heap        ] GC(116) PSYoungGen: 265728K(267264K)->1152K(263168K) Eden: 265728K(265728K)->0K(261632K) From: 0K(1536K)->1152K(1536K)
[29.612s][info][gc,heap        ] GC(116) ParOldGen: 175145K(1398272K)->175145K(1398272K)
[29.613s][info][gc,metaspace   ] GC(116) Metaspace: 59816K(60736K)->59816K(60736K) NonClass: 52265K(52800K)->52265K(52800K) Class: 7551K(7936K)->7551K(7936K)
[29.613s][info][gc             ] GC(116) Pause Young (Allocation Failure) 430M->172M(1622M) 1.283ms
[29.613s][info][gc,cpu         ] GC(116) User=0.00s Sys=0.00s Real=0.00s
[29.699s][info][gc,start       ] GC(117) Pause Young (Allocation Failure)
[29.700s][info][gc,heap        ] GC(117) PSYoungGen: 262784K(263168K)->768K(258560K) Eden: 261632K(261632K)->0K(257536K) From: 1152K(1536K)->768K(1024K)
[29.700s][info][gc,heap        ] GC(117) ParOldGen: 175145K(1398272K)->175591K(1398272K)
[29.700s][info][gc,metaspace   ] GC(117) Metaspace: 59823K(60736K)->59823K(60736K) NonClass: 52272K(52800K)->52272K(52800K) Class: 7551K(7936K)->7551K(7936K)
[29.700s][info][gc             ] GC(117) Pause Young (Allocation Failure) 427M->172M(1618M) 1.176ms
[29.700s][info][gc,cpu         ] GC(117) User=0.00s Sys=0.00s Real=0.00s
[29.794s][info][gc,start       ] GC(118) Pause Young (Allocation Failure)
[29.795s][info][gc,heap        ] GC(118) PSYoungGen: 258304K(258560K)->320K(253952K) Eden: 257536K(257536K)->0K(253440K) From: 768K(1024K)->320K(512K)
[29.795s][info][gc,heap        ] GC(118) ParOldGen: 175591K(1398272K)->175767K(1398272K)
[29.795s][info][gc,metaspace   ] GC(118) Metaspace: 59823K(60736K)->59823K(60736K) NonClass: 52272K(52800K)->52272K(52800K) Class: 7551K(7936K)->7551K(7936K)
[29.796s][info][gc             ] GC(118) Pause Young (Allocation Failure) 423M->171M(1613M) 1.283ms
[29.796s][info][gc,cpu         ] GC(118) User=0.00s Sys=0.00s Real=0.00s
[29.888s][info][gc,start       ] GC(119) Pause Young (Allocation Failure)
[29.889s][info][gc,heap        ] GC(119) PSYoungGen: 253760K(253952K)->288K(251392K) Eden: 253440K(253440K)->0K(249344K) From: 320K(512K)->288K(2048K)
[29.889s][info][gc,heap        ] GC(119) ParOldGen: 175767K(1398272K)->175767K(1398272K)
[29.889s][info][gc,metaspace   ] GC(119) Metaspace: 59823K(60736K)->59823K(60736K) NonClass: 52272K(52800K)->52272K(52800K) Class: 7551K(7936K)->7551K(7936K)
[29.890s][info][gc             ] GC(119) Pause Young (Allocation Failure) 419M->171M(1611M) 1.106ms
[29.890s][info][gc,cpu         ] GC(119) User=0.00s Sys=0.00s Real=0.00s
[29.974s][info][gc,start       ] GC(120) Pause Young (Allocation Failure)
[29.975s][info][gc,heap        ] GC(120) PSYoungGen: 249632K(251392K)->448K(246272K) Eden: 249344K(249344K)->0K(245760K) From: 288K(2048K)->448K(512K)
[29.975s][info][gc,heap        ] GC(120) ParOldGen: 175767K(1398272K)->175767K(1398272K)
[29.975s][info][gc,metaspace   ] GC(120) Metaspace: 59823K(60736K)->59823K(60736K) NonClass: 52272K(52800K)->52272K(52800K) Class: 7551K(7936K)->7551K(7936K)
[29.975s][info][gc             ] GC(120) Pause Young (Allocation Failure) 415M->172M(1606M) 1.194ms
[29.976s][info][gc,cpu         ] GC(120) User=0.00s Sys=0.00s Real=0.00s
[30.065s][info][gc,start       ] GC(121) Pause Young (Allocation Failure)
[30.066s][info][gc,heap        ] GC(121) PSYoungGen: 246208K(246272K)->320K(243712K) Eden: 245760K(245760K)->0K(242176K) From: 448K(512K)->320K(1536K)
[30.067s][info][gc,heap        ] GC(121) ParOldGen: 175767K(1398272K)->175775K(1398272K)
[30.067s][info][gc,metaspace   ] GC(121) Metaspace: 59823K(60736K)->59823K(60736K) NonClass: 52272K(52800K)->52272K(52800K) Class: 7551K(7936K)->7551K(7936K)
[30.067s][info][gc             ] GC(121) Pause Young (Allocation Failure) 412M->171M(1603M) 1.119ms
[30.067s][info][gc,cpu         ] GC(121) User=0.00s Sys=0.00s Real=0.00s
[30.156s][info][gc,start       ] GC(122) Pause Young (Allocation Failure)
[30.157s][info][gc,heap        ] GC(122) PSYoungGen: 242496K(243712K)->352K(239104K) Eden: 242176K(242176K)->0K(238592K) From: 320K(1536K)->352K(512K)
[30.157s][info][gc,heap        ] GC(122) ParOldGen: 175775K(1398272K)->175791K(1398272K)
[30.157s][info][gc,metaspace   ] GC(122) Metaspace: 59823K(60736K)->59823K(60736K) NonClass: 52272K(52800K)->52272K(52800K) Class: 7551K(7936K)->7551K(7936K)
[30.157s][info][gc             ] GC(122) Pause Young (Allocation Failure) 408M->172M(1599M) 1.171ms
[30.157s][info][gc,cpu         ] GC(122) User=0.00s Sys=0.00s Real=0.00s
[30.286s][info][gc,start       ] GC(123) Pause Young (System.gc())
[30.287s][info][gc,heap        ] GC(123) PSYoungGen: 215585K(239104K)->1056K(240128K) Eden: 215233K(238592K)->0K(238592K) From: 352K(512K)->1056K(1536K)
[30.288s][info][gc,heap        ] GC(123) ParOldGen: 175791K(1398272K)->175815K(1398272K)
[30.288s][info][gc,metaspace   ] GC(123) Metaspace: 59850K(60736K)->59850K(60736K) NonClass: 52299K(52800K)->52299K(52800K) Class: 7551K(7936K)->7551K(7936K)
[30.288s][info][gc             ] GC(123) Pause Young (System.gc()) 382M->172M(1600M) 1.319ms
[30.288s][info][gc,cpu         ] GC(123) User=0.00s Sys=0.00s Real=0.00s
[30.288s][info][gc,start       ] GC(124) Pause Full (System.gc())
[30.288s][info][gc,phases,start] GC(124) Marking Phase
[30.382s][info][gc,phases      ] GC(124) Marking Phase 94.426ms
[30.382s][info][gc,phases,start] GC(124) Summary Phase
[30.382s][info][gc,phases      ] GC(124) Summary Phase 0.015ms
[30.382s][info][gc,phases,start] GC(124) Adjust Roots
[30.389s][info][gc,phases      ] GC(124) Adjust Roots 7.015ms
[30.389s][info][gc,phases,start] GC(124) Compaction Phase
[30.424s][info][gc,phases      ] GC(124) Compaction Phase 34.491ms
[30.424s][info][gc,phases,start] GC(124) Post Compact
[30.426s][info][gc,phases      ] GC(124) Post Compact 1.532ms
[30.426s][info][gc,heap        ] GC(124) PSYoungGen: 1056K(240128K)->0K(240128K) Eden: 0K(238592K)->0K(238592K) From: 1056K(1536K)->0K(1536K)
[30.426s][info][gc,heap        ] GC(124) ParOldGen: 175815K(1398272K)->175177K(1398272K)
[30.426s][info][gc,metaspace   ] GC(124) Metaspace: 59850K(60736K)->59850K(60736K) NonClass: 52299K(52800K)->52299K(52800K) Class: 7551K(7936K)->7551K(7936K)
[30.426s][info][gc             ] GC(124) Pause Full (System.gc()) 172M->171M(1600M) 137.816ms
[30.426s][info][gc,cpu         ] GC(124) User=2.64s Sys=0.00s Real=0.13s
[30.583s][info][gc,start       ] GC(125) Pause Young (Allocation Failure)
[30.584s][info][gc,heap        ] GC(125) PSYoungGen: 238592K(240128K)->1152K(236544K) Eden: 238592K(238592K)->0K(235008K) From: 0K(1536K)->1152K(1536K)
[30.584s][info][gc,heap        ] GC(125) ParOldGen: 175177K(1398272K)->175177K(1398272K)
[30.584s][info][gc,metaspace   ] GC(125) Metaspace: 59888K(60736K)->59888K(60736K) NonClass: 52337K(52800K)->52337K(52800K) Class: 7551K(7936K)->7551K(7936K)
[30.584s][info][gc             ] GC(125) Pause Young (Allocation Failure) 404M->172M(1596M) 1.405ms
[30.584s][info][gc,cpu         ] GC(125) User=0.00s Sys=0.00s Real=0.00s
[30.666s][info][gc,start       ] GC(126) Pause Young (Allocation Failure)
[30.667s][info][gc,heap        ] GC(126) PSYoungGen: 236160K(236544K)->736K(232448K) Eden: 235008K(235008K)->0K(231424K) From: 1152K(1536K)->736K(1024K)
[30.667s][info][gc,heap        ] GC(126) ParOldGen: 175177K(1398272K)->175606K(1398272K)
[30.667s][info][gc,metaspace   ] GC(126) Metaspace: 59888K(60736K)->59888K(60736K) NonClass: 52337K(52800K)->52337K(52800K) Class: 7551K(7936K)->7551K(7936K)
[30.667s][info][gc             ] GC(126) Pause Young (Allocation Failure) 401M->172M(1592M) 1.565ms
[30.667s][info][gc,cpu         ] GC(126) User=0.00s Sys=0.00s Real=0.00s
[30.739s][info][gc,start       ] GC(127) Pause Young (Allocation Failure)
[30.740s][info][gc,heap        ] GC(127) PSYoungGen: 232160K(232448K)->224K(228864K) Eden: 231424K(231424K)->0K(228352K) From: 736K(1024K)->224K(512K)
[30.740s][info][gc,heap        ] GC(127) ParOldGen: 175606K(1398272K)->175766K(1398272K)
[30.740s][info][gc,metaspace   ] GC(127) Metaspace: 59888K(60736K)->59888K(60736K) NonClass: 52337K(52800K)->52337K(52800K) Class: 7551K(7936K)->7551K(7936K)
[30.740s][info][gc             ] GC(127) Pause Young (Allocation Failure) 398M->171M(1589M) 1.224ms
[30.741s][info][gc,cpu         ] GC(127) User=0.00s Sys=0.00s Real=0.00s
[30.819s][info][gc,start       ] GC(128) Pause Young (Allocation Failure)
[30.820s][info][gc,heap        ] GC(128) PSYoungGen: 228576K(228864K)->288K(226816K) Eden: 228352K(228352K)->0K(225280K) From: 224K(512K)->288K(1536K)
[30.820s][info][gc,heap        ] GC(128) ParOldGen: 175766K(1398272K)->175766K(1398272K)
[30.820s][info][gc,metaspace   ] GC(128) Metaspace: 59888K(60736K)->59888K(60736K) NonClass: 52337K(52800K)->52337K(52800K) Class: 7551K(7936K)->7551K(7936K)
[30.820s][info][gc             ] GC(128) Pause Young (Allocation Failure) 394M->171M(1587M) 0.976ms
[30.820s][info][gc,cpu         ] GC(128) User=0.00s Sys=0.00s Real=0.00s
[30.905s][info][gc,start       ] GC(129) Pause Young (Allocation Failure)
[30.906s][info][gc,heap        ] GC(129) PSYoungGen: 225568K(226816K)->320K(222720K) Eden: 225280K(225280K)->0K(222208K) From: 288K(1536K)->320K(512K)
[30.906s][info][gc,heap        ] GC(129) ParOldGen: 175766K(1398272K)->175774K(1398272K)
[30.906s][info][gc,metaspace   ] GC(129) Metaspace: 59888K(60736K)->59888K(60736K) NonClass: 52337K(52800K)->52337K(52800K) Class: 7551K(7936K)->7551K(7936K)
[30.906s][info][gc             ] GC(129) Pause Young (Allocation Failure) 391M->171M(1583M) 1.707ms
[30.906s][info][gc,cpu         ] GC(129) User=0.00s Sys=0.00s Real=0.00s
[30.984s][info][gc,start       ] GC(130) Pause Young (Allocation Failure)
[30.985s][info][gc,heap        ] GC(130) PSYoungGen: 222528K(222720K)->352K(268288K) Eden: 222208K(222208K)->0K(266752K) From: 320K(512K)->352K(1536K)
[30.985s][info][gc,heap        ] GC(130) ParOldGen: 175774K(1398272K)->175782K(1398272K)
[30.985s][info][gc,metaspace   ] GC(130) Metaspace: 59888K(60736K)->59888K(60736K) NonClass: 52337K(52800K)->52337K(52800K) Class: 7551K(7936K)->7551K(7936K)
[30.985s][info][gc             ] GC(130) Pause Young (Allocation Failure) 388M->172M(1627M) 1.062ms
[30.985s][info][gc,cpu         ] GC(130) User=0.45s Sys=0.02s Real=0.02s
[31.091s][info][gc,start       ] GC(131) Pause Young (Allocation Failure)
[31.093s][info][gc,heap        ] GC(131) PSYoungGen: 267104K(268288K)->384K(263168K) Eden: 266752K(266752K)->0K(262656K) From: 352K(1536K)->384K(512K)
[31.093s][info][gc,heap        ] GC(131) ParOldGen: 175782K(1398272K)->175790K(1398272K)
[31.093s][info][gc,metaspace   ] GC(131) Metaspace: 59888K(60736K)->59888K(60736K) NonClass: 52337K(52800K)->52337K(52800K) Class: 7551K(7936K)->7551K(7936K)
[31.093s][info][gc             ] GC(131) Pause Young (Allocation Failure) 432M->172M(1622M) 1.853ms
[31.093s][info][gc,cpu         ] GC(131) User=0.00s Sys=0.00s Real=0.00s
[31.190s][info][gc,start       ] GC(132) Pause Young (Allocation Failure)
[31.191s][info][gc,heap        ] GC(132) PSYoungGen: 263040K(263168K)->352K(260096K) Eden: 262656K(262656K)->0K(258560K) From: 384K(512K)->352K(1536K)
[31.191s][info][gc,heap        ] GC(132) ParOldGen: 175790K(1398272K)->175790K(1398272K)
[31.191s][info][gc,metaspace   ] GC(132) Metaspace: 59888K(60736K)->59888K(60736K) NonClass: 52337K(52800K)->52337K(52800K) Class: 7551K(7936K)->7551K(7936K)
[31.191s][info][gc             ] GC(132) Pause Young (Allocation Failure) 428M->172M(1619M) 0.987ms
[31.191s][info][gc,cpu         ] GC(132) User=0.00s Sys=0.00s Real=0.00s
[31.253s][info][gc,start       ] GC(133) Pause Young (System.gc())
[31.254s][info][gc,heap        ] GC(133) PSYoungGen: 82688K(260096K)->1056K(260096K) Eden: 82336K(258560K)->0K(258560K) From: 352K(1536K)->1056K(1536K)
[31.254s][info][gc,heap        ] GC(133) ParOldGen: 175790K(1398272K)->175822K(1398272K)
[31.254s][info][gc,metaspace   ] GC(133) Metaspace: 59925K(60800K)->59925K(60800K) NonClass: 52373K(52864K)->52373K(52864K) Class: 7552K(7936K)->7552K(7936K)
[31.254s][info][gc             ] GC(133) Pause Young (System.gc()) 252M->172M(1619M) 1.269ms
[31.254s][info][gc,cpu         ] GC(133) User=0.00s Sys=0.00s Real=0.00s
[31.255s][info][gc,start       ] GC(134) Pause Full (System.gc())
[31.255s][info][gc,phases,start] GC(134) Marking Phase
[31.348s][info][gc,phases      ] GC(134) Marking Phase 93.608ms
[31.348s][info][gc,phases,start] GC(134) Summary Phase
[31.348s][info][gc,phases      ] GC(134) Summary Phase 0.015ms
[31.348s][info][gc,phases,start] GC(134) Adjust Roots
[31.356s][info][gc,phases      ] GC(134) Adjust Roots 7.311ms
[31.356s][info][gc,phases,start] GC(134) Compaction Phase
[31.390s][info][gc,phases      ] GC(134) Compaction Phase 34.788ms
[31.390s][info][gc,phases,start] GC(134) Post Compact
[31.392s][info][gc,phases      ] GC(134) Post Compact 1.422ms
[31.392s][info][gc,heap        ] GC(134) PSYoungGen: 1056K(260096K)->0K(260096K) Eden: 0K(258560K)->0K(258560K) From: 1056K(1536K)->0K(1536K)
[31.392s][info][gc,heap        ] GC(134) ParOldGen: 175822K(1398272K)->175210K(1398272K)
[31.392s][info][gc,metaspace   ] GC(134) Metaspace: 59925K(60800K)->59925K(60800K) NonClass: 52373K(52864K)->52373K(52864K) Class: 7552K(7936K)->7552K(7936K)
[31.392s][info][gc             ] GC(134) Pause Full (System.gc()) 172M->171M(1619M) 137.458ms
[31.392s][info][gc,cpu         ] GC(134) User=2.64s Sys=0.00s Real=0.14s
[31.542s][info][gc,start       ] GC(135) Pause Young (Allocation Failure)
[31.544s][info][gc,heap        ] GC(135) PSYoungGen: 258560K(260096K)->1152K(256000K) Eden: 258560K(258560K)->0K(254464K) From: 0K(1536K)->1152K(1536K)
[31.544s][info][gc,heap        ] GC(135) ParOldGen: 175210K(1398272K)->175210K(1398272K)
[31.544s][info][gc,metaspace   ] GC(135) Metaspace: 59943K(60800K)->59943K(60800K) NonClass: 52389K(52864K)->52389K(52864K) Class: 7553K(7936K)->7553K(7936K)
[31.544s][info][gc             ] GC(135) Pause Young (Allocation Failure) 423M->172M(1615M) 1.589ms
[31.544s][info][gc,cpu         ] GC(135) User=0.00s Sys=0.00s Real=0.00s
[31.626s][info][gc,start       ] GC(136) Pause Young (Allocation Failure)
[31.627s][info][gc,heap        ] GC(136) PSYoungGen: 255616K(256000K)->512K(250880K) Eden: 254464K(254464K)->0K(250368K) From: 1152K(1536K)->512K(512K)
[31.627s][info][gc,heap        ] GC(136) ParOldGen: 175210K(1398272K)->175661K(1398272K)
[31.627s][info][gc,metaspace   ] GC(136) Metaspace: 59948K(60800K)->59948K(60800K) NonClass: 52394K(52864K)->52394K(52864K) Class: 7553K(7936K)->7553K(7936K)
[31.627s][info][gc             ] GC(136) Pause Young (Allocation Failure) 420M->172M(1610M) 1.129ms
[31.627s][info][gc,cpu         ] GC(136) User=0.00s Sys=0.00s Real=0.00s
[31.717s][info][gc,start       ] GC(137) Pause Young (Allocation Failure)
[31.718s][info][gc,heap        ] GC(137) PSYoungGen: 250880K(250880K)->256K(248832K) Eden: 250368K(250368K)->0K(246784K) From: 512K(512K)->256K(2048K)
[31.718s][info][gc,heap        ] GC(137) ParOldGen: 175661K(1398272K)->175821K(1398272K)
[31.718s][info][gc,metaspace   ] GC(137) Metaspace: 59948K(60800K)->59948K(60800K) NonClass: 52394K(52864K)->52394K(52864K) Class: 7553K(7936K)->7553K(7936K)
[31.718s][info][gc             ] GC(137) Pause Young (Allocation Failure) 416M->171M(1608M) 1.058ms
[31.718s][info][gc,cpu         ] GC(137) User=0.00s Sys=0.00s Real=0.00s
[31.795s][info][gc,start       ] GC(138) Pause Young (Allocation Failure)
[31.796s][info][gc,heap        ] GC(138) PSYoungGen: 247040K(248832K)->384K(243712K) Eden: 246784K(246784K)->0K(243200K) From: 256K(2048K)->384K(512K)
[31.796s][info][gc,heap        ] GC(138) ParOldGen: 175821K(1398272K)->175821K(1398272K)
[31.796s][info][gc,metaspace   ] GC(138) Metaspace: 59948K(60800K)->59948K(60800K) NonClass: 52394K(52864K)->52394K(52864K) Class: 7553K(7936K)->7553K(7936K)
[31.796s][info][gc             ] GC(138) Pause Young (Allocation Failure) 412M->172M(1603M) 1.841ms
[31.797s][info][gc,cpu         ] GC(138) User=0.00s Sys=0.00s Real=0.00s
[31.872s][info][gc,start       ] GC(139) Pause Young (Allocation Failure)
[31.873s][info][gc,heap        ] GC(139) PSYoungGen: 243584K(243712K)->416K(241152K) Eden: 243200K(243200K)->0K(239616K) From: 384K(512K)->416K(1536K)
[31.873s][info][gc,heap        ] GC(139) ParOldGen: 175821K(1398272K)->175821K(1398272K)
[31.873s][info][gc,metaspace   ] GC(139) Metaspace: 59948K(60800K)->59948K(60800K) NonClass: 52394K(52864K)->52394K(52864K) Class: 7553K(7936K)->7553K(7936K)
[31.873s][info][gc             ] GC(139) Pause Young (Allocation Failure) 409M->172M(1601M) 1.031ms
[31.873s][info][gc,cpu         ] GC(139) User=0.00s Sys=0.00s Real=0.00s
[31.947s][info][gc,start       ] GC(140) Pause Young (Allocation Failure)
[31.949s][info][gc,heap        ] GC(140) PSYoungGen: 240032K(241152K)->288K(236544K) Eden: 239616K(239616K)->0K(236032K) From: 416K(1536K)->288K(512K)
[31.949s][info][gc,heap        ] GC(140) ParOldGen: 175821K(1398272K)->175837K(1398272K)
[31.949s][info][gc,metaspace   ] GC(140) Metaspace: 59948K(60800K)->59948K(60800K) NonClass: 52394K(52864K)->52394K(52864K) Class: 7553K(7936K)->7553K(7936K)
[31.949s][info][gc             ] GC(140) Pause Young (Allocation Failure) 406M->171M(1596M) 1.651ms
[31.949s][info][gc,cpu         ] GC(140) User=0.00s Sys=0.00s Real=0.00s
[32.029s][info][gc,start       ] GC(141) Pause Young (Allocation Failure)
[32.030s][info][gc,heap        ] GC(141) PSYoungGen: 236320K(236544K)->288K(269312K) Eden: 236032K(236032K)->0K(267776K) From: 288K(512K)->288K(1536K)
[32.030s][info][gc,heap        ] GC(141) ParOldGen: 175837K(1398272K)->175845K(1398272K)
[32.030s][info][gc,metaspace   ] GC(141) Metaspace: 59948K(60800K)->59948K(60800K) NonClass: 52394K(52864K)->52394K(52864K) Class: 7553K(7936K)->7553K(7936K)
[32.030s][info][gc             ] GC(141) Pause Young (Allocation Failure) 402M->172M(1628M) 1.271ms
[32.030s][info][gc,cpu         ] GC(141) User=0.00s Sys=0.00s Real=0.00s
[32.144s][info][gc,start       ] GC(142) Pause Young (System.gc())
[32.145s][info][gc,heap        ] GC(142) PSYoungGen: 261174K(269312K)->1056K(285184K) Eden: 260886K(267776K)->0K(283648K) From: 288K(1536K)->1056K(1536K)
[32.145s][info][gc,heap        ] GC(142) ParOldGen: 175845K(1398272K)->175861K(1398272K)
[32.145s][info][gc,metaspace   ] GC(142) Metaspace: 59959K(60800K)->59959K(60800K) NonClass: 52405K(52864K)->52405K(52864K) Class: 7553K(7936K)->7553K(7936K)
[32.145s][info][gc             ] GC(142) Pause Young (System.gc()) 426M->172M(1644M) 1.217ms
[32.145s][info][gc,cpu         ] GC(142) User=0.00s Sys=0.00s Real=0.00s
[32.146s][info][gc,start       ] GC(143) Pause Full (System.gc())
[32.146s][info][gc,phases,start] GC(143) Marking Phase
[32.240s][info][gc,phases      ] GC(143) Marking Phase 93.975ms
[32.240s][info][gc,phases,start] GC(143) Summary Phase
[32.240s][info][gc,phases      ] GC(143) Summary Phase 0.015ms
[32.240s][info][gc,phases,start] GC(143) Adjust Roots
[32.248s][info][gc,phases      ] GC(143) Adjust Roots 8.128ms
[32.248s][info][gc,phases,start] GC(143) Compaction Phase
[32.286s][info][gc,phases      ] GC(143) Compaction Phase 37.773ms
[32.286s][info][gc,phases,start] GC(143) Post Compact
[32.287s][info][gc,phases      ] GC(143) Post Compact 1.634ms
[32.287s][info][gc,heap        ] GC(143) PSYoungGen: 1056K(285184K)->0K(285184K) Eden: 0K(283648K)->0K(283648K) From: 1056K(1536K)->0K(1536K)
[32.288s][info][gc,heap        ] GC(143) ParOldGen: 175861K(1398272K)->175242K(1398272K)
[32.288s][info][gc,metaspace   ] GC(143) Metaspace: 59959K(60800K)->59959K(60800K) NonClass: 52405K(52864K)->52405K(52864K) Class: 7553K(7936K)->7553K(7936K)
[32.288s][info][gc             ] GC(143) Pause Full (System.gc()) 172M->171M(1644M) 141.908ms
[32.288s][info][gc,cpu         ] GC(143) User=3.16s Sys=0.00s Real=0.14s
[32.454s][info][gc,start       ] GC(144) Pause Young (Allocation Failure)
[32.455s][info][gc,heap        ] GC(144) PSYoungGen: 283648K(285184K)->1152K(280576K) Eden: 283648K(283648K)->0K(279040K) From: 0K(1536K)->1152K(1536K)
[32.455s][info][gc,heap        ] GC(144) ParOldGen: 175242K(1398272K)->175250K(1398272K)
[32.455s][info][gc,metaspace   ] GC(144) Metaspace: 59986K(60864K)->59986K(60864K) NonClass: 52433K(52928K)->52433K(52928K) Class: 7553K(7936K)->7553K(7936K)
[32.455s][info][gc             ] GC(144) Pause Young (Allocation Failure) 448M->172M(1639M) 1.310ms
[32.455s][info][gc,cpu         ] GC(144) User=0.00s Sys=0.00s Real=0.00s
[32.548s][info][gc,start       ] GC(145) Pause Young (Allocation Failure)
[32.550s][info][gc,heap        ] GC(145) PSYoungGen: 280192K(280576K)->512K(274944K) Eden: 279040K(279040K)->0K(274432K) From: 1152K(1536K)->512K(512K)
[32.550s][info][gc,heap        ] GC(145) ParOldGen: 175250K(1398272K)->175715K(1398272K)
[32.550s][info][gc,metaspace   ] GC(145) Metaspace: 59986K(60864K)->59986K(60864K) NonClass: 52433K(52928K)->52433K(52928K) Class: 7553K(7936K)->7553K(7936K)
[32.550s][info][gc             ] GC(145) Pause Young (Allocation Failure) 444M->172M(1634M) 1.158ms
[32.550s][info][gc,cpu         ] GC(145) User=0.00s Sys=0.00s Real=0.00s
[32.647s][info][gc,start       ] GC(146) Pause Young (Allocation Failure)
[32.648s][info][gc,heap        ] GC(146) PSYoungGen: 274944K(274944K)->288K(271872K) Eden: 274432K(274432K)->0K(269824K) From: 512K(512K)->288K(2048K)
[32.648s][info][gc,heap        ] GC(146) ParOldGen: 175715K(1398272K)->175851K(1398272K)
[32.648s][info][gc,metaspace   ] GC(146) Metaspace: 59986K(60864K)->59986K(60864K) NonClass: 52433K(52928K)->52433K(52928K) Class: 7553K(7936K)->7553K(7936K)
[32.648s][info][gc             ] GC(146) Pause Young (Allocation Failure) 440M->172M(1631M) 0.901ms
[32.648s][info][gc,cpu         ] GC(146) User=0.00s Sys=0.00s Real=0.00s
[32.744s][info][gc,start       ] GC(147) Pause Young (Allocation Failure)
[32.745s][info][gc,heap        ] GC(147) PSYoungGen: 270112K(271872K)->352K(266240K) Eden: 269824K(269824K)->0K(265728K) From: 288K(2048K)->352K(512K)
[32.745s][info][gc,heap        ] GC(147) ParOldGen: 175851K(1398272K)->175851K(1398272K)
[32.746s][info][gc,metaspace   ] GC(147) Metaspace: 59986K(60864K)->59986K(60864K) NonClass: 52433K(52928K)->52433K(52928K) Class: 7553K(7936K)->7553K(7936K)
[32.746s][info][gc             ] GC(147) Pause Young (Allocation Failure) 435M->172M(1625M) 1.393ms
[32.746s][info][gc,cpu         ] GC(147) User=0.00s Sys=0.00s Real=0.00s
[32.833s][info][gc,start       ] GC(148) Pause Young (Allocation Failure)
[32.834s][info][gc,heap        ] GC(148) PSYoungGen: 266080K(266240K)->384K(263680K) Eden: 265728K(265728K)->0K(261632K) From: 352K(512K)->384K(2048K)
[32.834s][info][gc,heap        ] GC(148) ParOldGen: 175851K(1398272K)->175851K(1398272K)
[32.834s][info][gc,metaspace   ] GC(148) Metaspace: 59986K(60864K)->59986K(60864K) NonClass: 52433K(52928K)->52433K(52928K) Class: 7553K(7936K)->7553K(7936K)
[32.835s][info][gc             ] GC(148) Pause Young (Allocation Failure) 431M->172M(1623M) 1.069ms
[32.835s][info][gc,cpu         ] GC(148) User=0.30s Sys=0.02s Real=0.02s
[32.936s][info][gc,start       ] GC(149) Pause Young (Allocation Failure)
[32.938s][info][gc,heap        ] GC(149) PSYoungGen: 262016K(263680K)->448K(258048K) Eden: 261632K(261632K)->0K(257536K) From: 384K(2048K)->448K(512K)
[32.938s][info][gc,heap        ] GC(149) ParOldGen: 175851K(1398272K)->175851K(1398272K)
[32.938s][info][gc,metaspace   ] GC(149) Metaspace: 59986K(60864K)->59986K(60864K) NonClass: 52433K(52928K)->52433K(52928K) Class: 7553K(7936K)->7553K(7936K)
[32.938s][info][gc             ] GC(149) Pause Young (Allocation Failure) 427M->172M(1617M) 1.217ms
[32.938s][info][gc,cpu         ] GC(149) User=0.00s Sys=0.00s Real=0.00s
[33.029s][info][gc,start       ] GC(150) Pause Young (Allocation Failure)
[33.030s][info][gc,heap        ] GC(150) PSYoungGen: 257984K(258048K)->352K(254976K) Eden: 257536K(257536K)->0K(253440K) From: 448K(512K)->352K(1536K)
[33.030s][info][gc,heap        ] GC(150) ParOldGen: 175851K(1398272K)->175867K(1398272K)
[33.030s][info][gc,metaspace   ] GC(150) Metaspace: 59986K(60864K)->59986K(60864K) NonClass: 52433K(52928K)->52433K(52928K) Class: 7553K(7936K)->7553K(7936K)
[33.030s][info][gc             ] GC(150) Pause Young (Allocation Failure) 423M->172M(1614M) 0.971ms
[33.030s][info][gc,cpu         ] GC(150) User=0.00s Sys=0.00s Real=0.00s
[33.119s][info][gc,start       ] GC(151) Pause Young (System.gc())
[33.120s][info][gc,heap        ] GC(151) PSYoungGen: 103287K(254976K)->1056K(254976K) Eden: 102935K(253440K)->0K(253440K) From: 352K(1536K)->1056K(1536K)
[33.121s][info][gc,heap        ] GC(151) ParOldGen: 175867K(1398272K)->175891K(1398272K)
[33.121s][info][gc,metaspace   ] GC(151) Metaspace: 60001K(60864K)->60001K(60864K) NonClass: 52448K(52928K)->52448K(52928K) Class: 7553K(7936K)->7553K(7936K)
[33.121s][info][gc             ] GC(151) Pause Young (System.gc()) 272M->172M(1614M) 1.301ms
[33.121s][info][gc,cpu         ] GC(151) User=0.00s Sys=0.00s Real=0.00s
[33.121s][info][gc,start       ] GC(152) Pause Full (System.gc())
[33.121s][info][gc,phases,start] GC(152) Marking Phase
[33.216s][info][gc,phases      ] GC(152) Marking Phase 94.656ms
[33.216s][info][gc,phases,start] GC(152) Summary Phase
[33.216s][info][gc,phases      ] GC(152) Summary Phase 0.016ms
[33.216s][info][gc,phases,start] GC(152) Adjust Roots
[33.224s][info][gc,phases      ] GC(152) Adjust Roots 8.564ms
[33.224s][info][gc,phases,start] GC(152) Compaction Phase
[33.263s][info][gc,phases      ] GC(152) Compaction Phase 39.142ms
[33.263s][info][gc,phases,start] GC(152) Post Compact
[33.265s][info][gc,phases      ] GC(152) Post Compact 1.667ms
[33.265s][info][gc,heap        ] GC(152) PSYoungGen: 1056K(254976K)->0K(254976K) Eden: 0K(253440K)->0K(253440K) From: 1056K(1536K)->0K(1536K)
[33.265s][info][gc,heap        ] GC(152) ParOldGen: 175891K(1398272K)->175273K(1398272K)
[33.265s][info][gc,metaspace   ] GC(152) Metaspace: 60001K(60864K)->60001K(60864K) NonClass: 52448K(52928K)->52448K(52928K) Class: 7553K(7936K)->7553K(7936K)
[33.265s][info][gc             ] GC(152) Pause Full (System.gc()) 172M->171M(1614M) 144.430ms
[33.265s][info][gc,cpu         ] GC(152) User=3.14s Sys=0.00s Real=0.14s
[33.421s][info][gc,start       ] GC(153) Pause Young (Allocation Failure)
[33.423s][info][gc,heap        ] GC(153) PSYoungGen: 253440K(254976K)->1184K(250880K) Eden: 253440K(253440K)->0K(249344K) From: 0K(1536K)->1184K(1536K)
[33.423s][info][gc,heap        ] GC(153) ParOldGen: 175273K(1398272K)->175281K(1398272K)
[33.423s][info][gc,metaspace   ] GC(153) Metaspace: 60026K(60864K)->60026K(60864K) NonClass: 52472K(52928K)->52472K(52928K) Class: 7554K(7936K)->7554K(7936K)
[33.423s][info][gc             ] GC(153) Pause Young (Allocation Failure) 418M->172M(1610M) 1.491ms
[33.423s][info][gc,cpu         ] GC(153) User=0.00s Sys=0.00s Real=0.00s
[33.501s][info][gc,start       ] GC(154) Pause Young (Allocation Failure)
[33.502s][info][gc,heap        ] GC(154) PSYoungGen: 250528K(250880K)->512K(246272K) Eden: 249344K(249344K)->0K(245760K) From: 1184K(1536K)->512K(512K)
[33.502s][info][gc,heap        ] GC(154) ParOldGen: 175281K(1398272K)->175721K(1398272K)
[33.502s][info][gc,metaspace   ] GC(154) Metaspace: 60026K(60864K)->60026K(60864K) NonClass: 52472K(52928K)->52472K(52928K) Class: 7554K(7936K)->7554K(7936K)
[33.502s][info][gc             ] GC(154) Pause Young (Allocation Failure) 415M->172M(1606M) 1.203ms
[33.502s][info][gc,cpu         ] GC(154) User=0.00s Sys=0.00s Real=0.00s
[33.580s][info][gc,start       ] GC(155) Pause Young (Allocation Failure)
[33.580s][info][gc,heap        ] GC(155) PSYoungGen: 246272K(246272K)->288K(244224K) Eden: 245760K(245760K)->0K(242176K) From: 512K(512K)->288K(2048K)
[33.581s][info][gc,heap        ] GC(155) ParOldGen: 175721K(1398272K)->175865K(1398272K)
[33.581s][info][gc,metaspace   ] GC(155) Metaspace: 60026K(60864K)->60026K(60864K) NonClass: 52472K(52928K)->52472K(52928K) Class: 7554K(7936K)->7554K(7936K)
[33.581s][info][gc             ] GC(155) Pause Young (Allocation Failure) 412M->172M(1604M) 0.924ms
[33.581s][info][gc,cpu         ] GC(155) User=0.00s Sys=0.00s Real=0.00s
[33.664s][info][gc,start       ] GC(156) Pause Young (Allocation Failure)
[33.665s][info][gc,heap        ] GC(156) PSYoungGen: 242464K(244224K)->416K(239104K) Eden: 242176K(242176K)->0K(238592K) From: 288K(2048K)->416K(512K)
[33.665s][info][gc,heap        ] GC(156) ParOldGen: 175865K(1398272K)->175865K(1398272K)
[33.665s][info][gc,metaspace   ] GC(156) Metaspace: 60026K(60864K)->60026K(60864K) NonClass: 52472K(52928K)->52472K(52928K) Class: 7554K(7936K)->7554K(7936K)
[33.665s][info][gc             ] GC(156) Pause Young (Allocation Failure) 408M->172M(1599M) 1.143ms
[33.665s][info][gc,cpu         ] GC(156) User=0.00s Sys=0.00s Real=0.00s
[33.748s][info][gc,start       ] GC(157) Pause Young (Allocation Failure)
[33.749s][info][gc,heap        ] GC(157) PSYoungGen: 239008K(239104K)->416K(236544K) Eden: 238592K(238592K)->0K(235008K) From: 416K(512K)->416K(1536K)
[33.749s][info][gc,heap        ] GC(157) ParOldGen: 175865K(1398272K)->175865K(1398272K)
[33.749s][info][gc,metaspace   ] GC(157) Metaspace: 60026K(60864K)->60026K(60864K) NonClass: 52472K(52928K)->52472K(52928K) Class: 7554K(7936K)->7554K(7936K)
[33.749s][info][gc             ] GC(157) Pause Young (Allocation Failure) 405M->172M(1596M) 1.075ms
[33.749s][info][gc,cpu         ] GC(157) User=0.00s Sys=0.00s Real=0.00s
[33.823s][info][gc,start       ] GC(158) Pause Young (Allocation Failure)
[33.824s][info][gc,heap        ] GC(158) PSYoungGen: 235424K(236544K)->256K(231936K) Eden: 235008K(235008K)->0K(231424K) From: 416K(1536K)->256K(512K)
[33.824s][info][gc,heap        ] GC(158) ParOldGen: 175865K(1398272K)->175889K(1398272K)
[33.824s][info][gc,metaspace   ] GC(158) Metaspace: 60026K(60864K)->60026K(60864K) NonClass: 52472K(52928K)->52472K(52928K) Class: 7554K(7936K)->7554K(7936K)
[33.824s][info][gc             ] GC(158) Pause Young (Allocation Failure) 401M->172M(1592M) 1.117ms
[33.824s][info][gc,cpu         ] GC(158) User=0.00s Sys=0.00s Real=0.00s
[33.903s][info][gc,start       ] GC(159) Pause Young (Allocation Failure)
[33.904s][info][gc,heap        ] GC(159) PSYoungGen: 231680K(231936K)->384K(229888K) Eden: 231424K(231424K)->0K(228352K) From: 256K(512K)->384K(1536K)
[33.904s][info][gc,heap        ] GC(159) ParOldGen: 175889K(1398272K)->175889K(1398272K)
[33.904s][info][gc,metaspace   ] GC(159) Metaspace: 60026K(60864K)->60026K(60864K) NonClass: 52472K(52928K)->52472K(52928K) Class: 7554K(7936K)->7554K(7936K)
[33.904s][info][gc             ] GC(159) Pause Young (Allocation Failure) 398M->172M(1590M) 0.949ms
[33.904s][info][gc,cpu         ] GC(159) User=0.52s Sys=0.00s Real=0.02s
[33.997s][info][gc,start       ] GC(160) Pause Young (Allocation Failure)
[33.998s][info][gc,heap        ] GC(160) PSYoungGen: 228736K(229888K)->1056K(226816K) Eden: 228352K(228352K)->0K(225280K) From: 384K(1536K)->1056K(1536K)
[33.998s][info][gc,heap        ] GC(160) ParOldGen: 175889K(1398272K)->175905K(1398272K)
[33.998s][info][gc,metaspace   ] GC(160) Metaspace: 60028K(60928K)->60028K(60928K) NonClass: 52473K(52992K)->52473K(52992K) Class: 7554K(7936K)->7554K(7936K)
[33.998s][info][gc             ] GC(160) Pause Young (Allocation Failure) 395M->172M(1587M) 1.029ms
[33.998s][info][gc,cpu         ] GC(160) User=0.00s Sys=0.00s Real=0.00s
[34.083s][info][gc,start       ] GC(161) Pause Young (System.gc())
[34.084s][info][gc,heap        ] GC(161) PSYoungGen: 70099K(226816K)->1056K(226816K) Eden: 69043K(225280K)->0K(225280K) From: 1056K(1536K)->1056K(1536K)
[34.084s][info][gc,heap        ] GC(161) ParOldGen: 175905K(1398272K)->176097K(1398272K)
[34.084s][info][gc,metaspace   ] GC(161) Metaspace: 60042K(60928K)->60042K(60928K) NonClass: 52488K(52992K)->52488K(52992K) Class: 7554K(7936K)->7554K(7936K)
[34.084s][info][gc             ] GC(161) Pause Young (System.gc()) 240M->173M(1587M) 1.505ms
[34.084s][info][gc,cpu         ] GC(161) User=0.00s Sys=0.00s Real=0.00s
[34.085s][info][gc,start       ] GC(162) Pause Full (System.gc())
[34.085s][info][gc,phases,start] GC(162) Marking Phase
[34.179s][info][gc,phases      ] GC(162) Marking Phase 93.945ms
[34.179s][info][gc,phases,start] GC(162) Summary Phase
[34.179s][info][gc,phases      ] GC(162) Summary Phase 0.014ms
[34.179s][info][gc,phases,start] GC(162) Adjust Roots
[34.187s][info][gc,phases      ] GC(162) Adjust Roots 8.125ms
[34.187s][info][gc,phases,start] GC(162) Compaction Phase
[34.225s][info][gc,phases      ] GC(162) Compaction Phase 37.801ms
[34.225s][info][gc,phases,start] GC(162) Post Compact
[34.226s][info][gc,phases      ] GC(162) Post Compact 1.579ms
[34.226s][info][gc,heap        ] GC(162) PSYoungGen: 1056K(226816K)->0K(226816K) Eden: 0K(225280K)->0K(225280K) From: 1056K(1536K)->0K(1536K)
[34.226s][info][gc,heap        ] GC(162) ParOldGen: 176097K(1398272K)->175305K(1398272K)
[34.226s][info][gc,metaspace   ] GC(162) Metaspace: 60042K(60928K)->60042K(60928K) NonClass: 52488K(52992K)->52488K(52992K) Class: 7554K(7936K)->7554K(7936K)
[34.226s][info][gc             ] GC(162) Pause Full (System.gc()) 173M->171M(1587M) 141.810ms
[34.226s][info][gc,cpu         ] GC(162) User=3.17s Sys=0.00s Real=0.14s
[34.378s][info][gc,start       ] GC(163) Pause Young (Allocation Failure)
[34.379s][info][gc,heap        ] GC(163) PSYoungGen: 225280K(226816K)->512K(222720K) Eden: 225280K(225280K)->0K(222208K) From: 0K(1536K)->512K(512K)
[34.379s][info][gc,heap        ] GC(163) ParOldGen: 175305K(1398272K)->175583K(1398272K)
[34.379s][info][gc,metaspace   ] GC(163) Metaspace: 60074K(60992K)->60074K(60992K) NonClass: 52519K(53056K)->52519K(53056K) Class: 7554K(7936K)->7554K(7936K)
[34.379s][info][gc             ] GC(163) Pause Young (Allocation Failure) 391M->171M(1583M) 1.212ms
[34.380s][info][gc,cpu         ] GC(163) User=0.00s Sys=0.00s Real=0.00s
[34.455s][info][gc,start       ] GC(164) Pause Young (Allocation Failure)
[34.456s][info][gc,heap        ] GC(164) PSYoungGen: 222720K(222720K)->352K(220672K) Eden: 222208K(222208K)->0K(219136K) From: 512K(512K)->352K(1536K)
[34.456s][info][gc,heap        ] GC(164) ParOldGen: 175583K(1398272K)->175882K(1398272K)
[34.456s][info][gc,metaspace   ] GC(164) Metaspace: 60074K(60992K)->60074K(60992K) NonClass: 52519K(53056K)->52519K(53056K) Class: 7554K(7936K)->7554K(7936K)
[34.456s][info][gc             ] GC(164) Pause Young (Allocation Failure) 388M->172M(1581M) 1.059ms
[34.456s][info][gc,cpu         ] GC(164) User=0.00s Sys=0.00s Real=0.00s
[34.531s][info][gc,start       ] GC(165) Pause Young (Allocation Failure)
[34.532s][info][gc,heap        ] GC(165) PSYoungGen: 219488K(220672K)->352K(216576K) Eden: 219136K(219136K)->0K(216064K) From: 352K(1536K)->352K(512K)
[34.532s][info][gc,heap        ] GC(165) ParOldGen: 175882K(1398272K)->175882K(1398272K)
[34.532s][info][gc,metaspace   ] GC(165) Metaspace: 60074K(60992K)->60074K(60992K) NonClass: 52519K(53056K)->52519K(53056K) Class: 7554K(7936K)->7554K(7936K)
[34.532s][info][gc             ] GC(165) Pause Young (Allocation Failure) 386M->172M(1577M) 1.169ms
[34.532s][info][gc,cpu         ] GC(165) User=0.00s Sys=0.00s Real=0.00s
[34.607s][info][gc,start       ] GC(166) Pause Young (Allocation Failure)
[34.608s][info][gc,heap        ] GC(166) PSYoungGen: 216416K(216576K)->352K(214528K) Eden: 216064K(216064K)->0K(212992K) From: 352K(512K)->352K(1536K)
[34.608s][info][gc,heap        ] GC(166) ParOldGen: 175882K(1398272K)->175882K(1398272K)
[34.608s][info][gc,metaspace   ] GC(166) Metaspace: 60074K(60992K)->60074K(60992K) NonClass: 52519K(53056K)->52519K(53056K) Class: 7554K(7936K)->7554K(7936K)
[34.608s][info][gc             ] GC(166) Pause Young (Allocation Failure) 383M->172M(1575M) 1.007ms
[34.608s][info][gc,cpu         ] GC(166) User=0.00s Sys=0.00s Real=0.00s
[34.682s][info][gc,start       ] GC(167) Pause Young (Allocation Failure)
[34.683s][info][gc,heap        ] GC(167) PSYoungGen: 213344K(214528K)->352K(256512K) Eden: 212992K(212992K)->0K(256000K) From: 352K(1536K)->352K(512K)
[34.683s][info][gc,heap        ] GC(167) ParOldGen: 175882K(1398272K)->175890K(1398272K)
[34.683s][info][gc,metaspace   ] GC(167) Metaspace: 60074K(60992K)->60074K(60992K) NonClass: 52519K(53056K)->52519K(53056K) Class: 7554K(7936K)->7554K(7936K)
[34.683s][info][gc             ] GC(167) Pause Young (Allocation Failure) 380M->172M(1616M) 1.196ms
[34.683s][info][gc,cpu         ] GC(167) User=0.00s Sys=0.00s Real=0.00s
[34.770s][info][gc,start       ] GC(168) Pause Young (Allocation Failure)
[34.772s][info][gc,heap        ] GC(168) PSYoungGen: 256352K(256512K)->480K(274944K) Eden: 256000K(256000K)->0K(273408K) From: 352K(512K)->480K(1536K)
[34.772s][info][gc,heap        ] GC(168) ParOldGen: 175890K(1398272K)->175890K(1398272K)
[34.772s][info][gc,metaspace   ] GC(168) Metaspace: 60074K(60992K)->60074K(60992K) NonClass: 52519K(53056K)->52519K(53056K) Class: 7554K(7936K)->7554K(7936K)
[34.772s][info][gc             ] GC(168) Pause Young (Allocation Failure) 422M->172M(1634M) 1.327ms
[34.772s][info][gc,cpu         ] GC(168) User=0.00s Sys=0.00s Real=0.00s
[34.881s][info][gc,start       ] GC(169) Pause Young (Allocation Failure)
[34.882s][info][gc,heap        ] GC(169) PSYoungGen: 273888K(274944K)->320K(269312K) Eden: 273408K(273408K)->0K(268800K) From: 480K(1536K)->320K(512K)
[34.882s][info][gc,heap        ] GC(169) ParOldGen: 175890K(1398272K)->175890K(1398272K)
[34.882s][info][gc,metaspace   ] GC(169) Metaspace: 60074K(60992K)->60074K(60992K) NonClass: 52519K(53056K)->52519K(53056K) Class: 7554K(7936K)->7554K(7936K)
[34.882s][info][gc             ] GC(169) Pause Young (Allocation Failure) 439M->172M(1628M) 1.118ms
[34.882s][info][gc,cpu         ] GC(169) User=0.00s Sys=0.00s Real=0.00s
[35.003s][info][gc,start       ] GC(170) Pause Young (Allocation Failure)
[35.004s][info][gc,heap        ] GC(170) PSYoungGen: 269120K(269312K)->1056K(266240K) Eden: 268800K(268800K)->0K(264704K) From: 320K(512K)->1056K(1536K)
[35.004s][info][gc,heap        ] GC(170) ParOldGen: 175890K(1398272K)->175898K(1398272K)
[35.004s][info][gc,metaspace   ] GC(170) Metaspace: 60077K(60992K)->60077K(60992K) NonClass: 52523K(53056K)->52523K(53056K) Class: 7554K(7936K)->7554K(7936K)
[35.004s][info][gc             ] GC(170) Pause Young (Allocation Failure) 434M->172M(1625M) 1.217ms
[35.004s][info][gc,cpu         ] GC(170) User=0.00s Sys=0.00s Real=0.00s
[35.082s][info][gc,start       ] GC(171) Pause Young (System.gc())
[35.083s][info][gc,heap        ] GC(171) PSYoungGen: 95931K(266240K)->1056K(266240K) Eden: 94875K(264704K)->0K(264704K) From: 1056K(1536K)->1056K(1536K)
[35.083s][info][gc,heap        ] GC(171) ParOldGen: 175898K(1398272K)->176098K(1398272K)
[35.083s][info][gc,metaspace   ] GC(171) Metaspace: 60095K(60992K)->60095K(60992K) NonClass: 52541K(53056K)->52541K(53056K) Class: 7554K(7936K)->7554K(7936K)
[35.083s][info][gc             ] GC(171) Pause Young (System.gc()) 265M->173M(1625M) 1.271ms
[35.083s][info][gc,cpu         ] GC(171) User=0.00s Sys=0.00s Real=0.00s
[35.083s][info][gc,start       ] GC(172) Pause Full (System.gc())
[35.083s][info][gc,phases,start] GC(172) Marking Phase
[35.182s][info][gc,phases      ] GC(172) Marking Phase 98.235ms
[35.182s][info][gc,phases,start] GC(172) Summary Phase
[35.182s][info][gc,phases      ] GC(172) Summary Phase 0.016ms
[35.182s][info][gc,phases,start] GC(172) Adjust Roots
[35.190s][info][gc,phases      ] GC(172) Adjust Roots 8.312ms
[35.190s][info][gc,phases,start] GC(172) Compaction Phase
[35.212s][info][gc,phases      ] GC(172) Compaction Phase 21.646ms
[35.212s][info][gc,phases,start] GC(172) Post Compact
[35.213s][info][gc,phases      ] GC(172) Post Compact 1.361ms
[35.213s][info][gc,heap        ] GC(172) PSYoungGen: 1056K(266240K)->0K(266240K) Eden: 0K(264704K)->0K(264704K) From: 1056K(1536K)->0K(1536K)
[35.213s][info][gc,heap        ] GC(172) ParOldGen: 176098K(1398272K)->175351K(1398272K)
[35.213s][info][gc,metaspace   ] GC(172) Metaspace: 60095K(60992K)->60095K(60992K) NonClass: 52541K(53056K)->52541K(53056K) Class: 7554K(7936K)->7554K(7936K)
[35.213s][info][gc             ] GC(172) Pause Full (System.gc()) 173M->171M(1625M) 129.847ms
[35.213s][info][gc,cpu         ] GC(172) User=2.75s Sys=0.00s Real=0.12s
[35.366s][info][gc,start       ] GC(173) Pause Young (Allocation Failure)
[35.367s][info][gc,heap        ] GC(173) PSYoungGen: 264704K(266240K)->1152K(262144K) Eden: 264704K(264704K)->0K(260608K) From: 0K(1536K)->1152K(1536K)
[35.367s][info][gc,heap        ] GC(173) ParOldGen: 175351K(1398272K)->175359K(1398272K)
[35.367s][info][gc,metaspace   ] GC(173) Metaspace: 60117K(60992K)->60117K(60992K) NonClass: 52562K(53056K)->52562K(53056K) Class: 7554K(7936K)->7554K(7936K)
[35.367s][info][gc             ] GC(173) Pause Young (Allocation Failure) 429M->172M(1621M) 1.385ms
[35.367s][info][gc,cpu         ] GC(173) User=0.00s Sys=0.00s Real=0.00s
[35.456s][info][gc,start       ] GC(174) Pause Young (Allocation Failure)
[35.457s][info][gc,heap        ] GC(174) PSYoungGen: 261760K(262144K)->512K(257024K) Eden: 260608K(260608K)->0K(256512K) From: 1152K(1536K)->512K(512K)
[35.457s][info][gc,heap        ] GC(174) ParOldGen: 175359K(1398272K)->175799K(1398272K)
[35.457s][info][gc,metaspace   ] GC(174) Metaspace: 60124K(60992K)->60124K(60992K) NonClass: 52569K(53056K)->52569K(53056K) Class: 7554K(7936K)->7554K(7936K)
[35.457s][info][gc             ] GC(174) Pause Young (Allocation Failure) 426M->172M(1616M) 1.274ms
[35.457s][info][gc,cpu         ] GC(174) User=0.00s Sys=0.00s Real=0.00s
[35.542s][info][gc,start       ] GC(175) Pause Young (Allocation Failure)
[35.543s][info][gc,heap        ] GC(175) PSYoungGen: 257024K(257024K)->416K(254464K) Eden: 256512K(256512K)->0K(252416K) From: 512K(512K)->416K(2048K)
[35.543s][info][gc,heap        ] GC(175) ParOldGen: 175799K(1398272K)->175943K(1398272K)
[35.543s][info][gc,metaspace   ] GC(175) Metaspace: 60126K(60992K)->60126K(60992K) NonClass: 52571K(53056K)->52571K(53056K) Class: 7554K(7936K)->7554K(7936K)
[35.543s][info][gc             ] GC(175) Pause Young (Allocation Failure) 422M->172M(1614M) 1.054ms
[35.543s][info][gc,cpu         ] GC(175) User=0.00s Sys=0.00s Real=0.00s
[35.626s][info][gc,start       ] GC(176) Pause Young (Allocation Failure)
[35.627s][info][gc,heap        ] GC(176) PSYoungGen: 252832K(254464K)->416K(248832K) Eden: 252416K(252416K)->0K(248320K) From: 416K(2048K)->416K(512K)
[35.627s][info][gc,heap        ] GC(176) ParOldGen: 175943K(1398272K)->175943K(1398272K)
[35.627s][info][gc,metaspace   ] GC(176) Metaspace: 60126K(60992K)->60126K(60992K) NonClass: 52571K(53056K)->52571K(53056K) Class: 7554K(7936K)->7554K(7936K)
[35.627s][info][gc             ] GC(176) Pause Young (Allocation Failure) 418M->172M(1608M) 1.122ms
[35.627s][info][gc,cpu         ] GC(176) User=0.00s Sys=0.00s Real=0.00s
[35.717s][info][gc,start       ] GC(177) Pause Young (Allocation Failure)
[35.718s][info][gc,heap        ] GC(177) PSYoungGen: 248736K(248832K)->288K(246272K) Eden: 248320K(248320K)->0K(244736K) From: 416K(512K)->288K(1536K)
[35.718s][info][gc,heap        ] GC(177) ParOldGen: 175943K(1398272K)->175943K(1398272K)
[35.718s][info][gc,metaspace   ] GC(177) Metaspace: 60126K(60992K)->60126K(60992K) NonClass: 52571K(53056K)->52571K(53056K) Class: 7554K(7936K)->7554K(7936K)
[35.718s][info][gc             ] GC(177) Pause Young (Allocation Failure) 414M->172M(1606M) 0.960ms
[35.718s][info][gc,cpu         ] GC(177) User=0.00s Sys=0.00s Real=0.00s
[35.807s][info][gc,start       ] GC(178) Pause Young (Allocation Failure)
[35.808s][info][gc,heap        ] GC(178) PSYoungGen: 245024K(246272K)->320K(241664K) Eden: 244736K(244736K)->0K(241152K) From: 288K(1536K)->320K(512K)
[35.808s][info][gc,heap        ] GC(178) ParOldGen: 175943K(1398272K)->175943K(1398272K)
[35.808s][info][gc,metaspace   ] GC(178) Metaspace: 60126K(60992K)->60126K(60992K) NonClass: 52571K(53056K)->52571K(53056K) Class: 7554K(7936K)->7554K(7936K)
[35.808s][info][gc             ] GC(178) Pause Young (Allocation Failure) 411M->172M(1601M) 1.108ms
[35.808s][info][gc,cpu         ] GC(178) User=0.00s Sys=0.00s Real=0.00s
[35.896s][info][gc,start       ] GC(179) Pause Young (Allocation Failure)
[35.897s][info][gc,heap        ] GC(179) PSYoungGen: 241472K(241664K)->224K(239104K) Eden: 241152K(241152K)->0K(237568K) From: 320K(512K)->224K(1536K)
[35.897s][info][gc,heap        ] GC(179) ParOldGen: 175943K(1398272K)->175959K(1398272K)
[35.897s][info][gc,metaspace   ] GC(179) Metaspace: 60126K(60992K)->60126K(60992K) NonClass: 52571K(53056K)->52571K(53056K) Class: 7554K(7936K)->7554K(7936K)
[35.897s][info][gc             ] GC(179) Pause Young (Allocation Failure) 407M->172M(1599M) 1.088ms
[35.897s][info][gc,cpu         ] GC(179) User=0.00s Sys=0.00s Real=0.00s
[36.012s][info][gc,start       ] GC(180) Pause Young (System.gc())
[36.013s][info][gc,heap        ] GC(180) PSYoungGen: 224302K(239104K)->1056K(239104K) Eden: 224078K(237568K)->0K(237568K) From: 224K(1536K)->1056K(1536K)
[36.015s][info][gc,heap        ] GC(180) ParOldGen: 175959K(1398272K)->175975K(1398272K)
[36.015s][info][gc,metaspace   ] GC(180) Metaspace: 60154K(61056K)->60154K(61056K) NonClass: 52599K(53120K)->52599K(53120K) Class: 7555K(7936K)->7555K(7936K)
[36.015s][info][gc             ] GC(180) Pause Young (System.gc()) 390M->172M(1599M) 3.350ms
[36.015s][info][gc,cpu         ] GC(180) User=0.00s Sys=0.00s Real=0.00s
[36.015s][info][gc,start       ] GC(181) Pause Full (System.gc())
[36.015s][info][gc,phases,start] GC(181) Marking Phase
[36.108s][info][gc,phases      ] GC(181) Marking Phase 93.092ms
[36.108s][info][gc,phases,start] GC(181) Summary Phase
[36.108s][info][gc,phases      ] GC(181) Summary Phase 0.016ms
[36.108s][info][gc,phases,start] GC(181) Adjust Roots
[36.117s][info][gc,phases      ] GC(181) Adjust Roots 8.284ms
[36.117s][info][gc,phases,start] GC(181) Compaction Phase
[36.154s][info][gc,phases      ] GC(181) Compaction Phase 36.766ms
[36.154s][info][gc,phases,start] GC(181) Post Compact
[36.155s][info][gc,phases      ] GC(181) Post Compact 1.636ms
[36.155s][info][gc,heap        ] GC(181) PSYoungGen: 1056K(239104K)->0K(239104K) Eden: 0K(237568K)->0K(237568K) From: 1056K(1536K)->0K(1536K)
[36.155s][info][gc,heap        ] GC(181) ParOldGen: 175975K(1398272K)->175371K(1398272K)
[36.155s][info][gc,metaspace   ] GC(181) Metaspace: 60154K(61056K)->60154K(61056K) NonClass: 52599K(53120K)->52599K(53120K) Class: 7555K(7936K)->7555K(7936K)
[36.155s][info][gc             ] GC(181) Pause Full (System.gc()) 172M->171M(1599M) 140.177ms
[36.156s][info][gc,cpu         ] GC(181) User=3.17s Sys=0.00s Real=0.14s
[36.307s][info][gc,start       ] GC(182) Pause Young (Allocation Failure)
[36.309s][info][gc,heap        ] GC(182) PSYoungGen: 237568K(239104K)->1152K(235520K) Eden: 237568K(237568K)->0K(233984K) From: 0K(1536K)->1152K(1536K)
[36.309s][info][gc,heap        ] GC(182) ParOldGen: 175371K(1398272K)->175379K(1398272K)
[36.309s][info][gc,metaspace   ] GC(182) Metaspace: 60244K(61120K)->60244K(61120K) NonClass: 52687K(53184K)->52687K(53184K) Class: 7557K(7936K)->7557K(7936K)
[36.309s][info][gc             ] GC(182) Pause Young (Allocation Failure) 403M->172M(1595M) 1.348ms
[36.309s][info][gc,cpu         ] GC(182) User=0.00s Sys=0.00s Real=0.00s
[36.389s][info][gc,start       ] GC(183) Pause Young (Allocation Failure)
[36.390s][info][gc,heap        ] GC(183) PSYoungGen: 235136K(235520K)->512K(230912K) Eden: 233984K(233984K)->0K(230400K) From: 1152K(1536K)->512K(512K)
[36.390s][info][gc,heap        ] GC(183) ParOldGen: 175379K(1398272K)->175822K(1398272K)
[36.390s][info][gc,metaspace   ] GC(183) Metaspace: 60246K(61120K)->60246K(61120K) NonClass: 52689K(53184K)->52689K(53184K) Class: 7557K(7936K)->7557K(7936K)
[36.390s][info][gc             ] GC(183) Pause Young (Allocation Failure) 400M->172M(1591M) 1.132ms
[36.390s][info][gc,cpu         ] GC(183) User=0.00s Sys=0.00s Real=0.00s
[36.461s][info][gc,start       ] GC(184) Pause Young (Allocation Failure)
[36.462s][info][gc,heap        ] GC(184) PSYoungGen: 230912K(230912K)->320K(229376K) Eden: 230400K(230400K)->0K(227328K) From: 512K(512K)->320K(2048K)
[36.462s][info][gc,heap        ] GC(184) ParOldGen: 175822K(1398272K)->175974K(1398272K)
[36.462s][info][gc,metaspace   ] GC(184) Metaspace: 60246K(61120K)->60246K(61120K) NonClass: 52689K(53184K)->52689K(53184K) Class: 7557K(7936K)->7557K(7936K)
[36.462s][info][gc             ] GC(184) Pause Young (Allocation Failure) 397M->172M(1589M) 0.999ms
[36.462s][info][gc,cpu         ] GC(184) User=0.00s Sys=0.00s Real=0.00s
[36.532s][info][gc,start       ] GC(185) Pause Young (Allocation Failure)
[36.533s][info][gc,heap        ] GC(185) PSYoungGen: 227648K(229376K)->288K(224768K) Eden: 227328K(227328K)->0K(224256K) From: 320K(2048K)->288K(512K)
[36.533s][info][gc,heap        ] GC(185) ParOldGen: 175974K(1398272K)->175974K(1398272K)
[36.533s][info][gc,metaspace   ] GC(185) Metaspace: 60246K(61120K)->60246K(61120K) NonClass: 52689K(53184K)->52689K(53184K) Class: 7557K(7936K)->7557K(7936K)
[36.533s][info][gc             ] GC(185) Pause Young (Allocation Failure) 394M->172M(1585M) 1.008ms
[36.533s][info][gc,cpu         ] GC(185) User=0.00s Sys=0.00s Real=0.00s
[36.611s][info][gc,start       ] GC(186) Pause Young (Allocation Failure)
[36.612s][info][gc,heap        ] GC(186) PSYoungGen: 224544K(224768K)->320K(223232K) Eden: 224256K(224256K)->0K(221184K) From: 288K(512K)->320K(2048K)
[36.612s][info][gc,heap        ] GC(186) ParOldGen: 175974K(1398272K)->175974K(1398272K)
[36.612s][info][gc,metaspace   ] GC(186) Metaspace: 60246K(61120K)->60246K(61120K) NonClass: 52689K(53184K)->52689K(53184K) Class: 7557K(7936K)->7557K(7936K)
[36.612s][info][gc             ] GC(186) Pause Young (Allocation Failure) 391M->172M(1583M) 0.932ms
[36.612s][info][gc,cpu         ] GC(186) User=0.00s Sys=0.00s Real=0.00s
[36.689s][info][gc,start       ] GC(187) Pause Young (Allocation Failure)
[36.690s][info][gc,heap        ] GC(187) PSYoungGen: 221504K(223232K)->256K(218624K) Eden: 221184K(221184K)->0K(218112K) From: 320K(2048K)->256K(512K)
[36.690s][info][gc,heap        ] GC(187) ParOldGen: 175974K(1398272K)->175974K(1398272K)
[36.690s][info][gc,metaspace   ] GC(187) Metaspace: 60246K(61120K)->60246K(61120K) NonClass: 52689K(53184K)->52689K(53184K) Class: 7557K(7936K)->7557K(7936K)
[36.690s][info][gc             ] GC(187) Pause Young (Allocation Failure) 388M->172M(1579M) 1.022ms
[36.690s][info][gc,cpu         ] GC(187) User=0.00s Sys=0.00s Real=0.00s
[36.766s][info][gc,start       ] GC(188) Pause Young (Allocation Failure)
[36.767s][info][gc,heap        ] GC(188) PSYoungGen: 218368K(218624K)->224K(263680K) Eden: 218112K(218112K)->0K(262144K) From: 256K(512K)->224K(1536K)
[36.767s][info][gc,heap        ] GC(188) ParOldGen: 175974K(1398272K)->175990K(1398272K)
[36.767s][info][gc,metaspace   ] GC(188) Metaspace: 60246K(61120K)->60246K(61120K) NonClass: 52689K(53184K)->52689K(53184K) Class: 7557K(7936K)->7557K(7936K)
[36.767s][info][gc             ] GC(188) Pause Young (Allocation Failure) 385M->172M(1623M) 1.186ms
[36.767s][info][gc,cpu         ] GC(188) User=0.48s Sys=0.00s Real=0.02s
[36.855s][info][gc,start       ] GC(189) Pause Young (Allocation Failure)
[36.856s][info][gc,heap        ] GC(189) PSYoungGen: 262368K(263680K)->384K(258560K) Eden: 262144K(262144K)->0K(258048K) From: 224K(1536K)->384K(512K)
[36.856s][info][gc,heap        ] GC(189) ParOldGen: 175990K(1398272K)->175998K(1398272K)
[36.856s][info][gc,metaspace   ] GC(189) Metaspace: 60246K(61120K)->60246K(61120K) NonClass: 52689K(53184K)->52689K(53184K) Class: 7557K(7936K)->7557K(7936K)
[36.856s][info][gc             ] GC(189) Pause Young (Allocation Failure) 428M->172M(1618M) 0.953ms
[36.856s][info][gc,cpu         ] GC(189) User=0.00s Sys=0.00s Real=0.00s
[36.938s][info][gc,start       ] GC(190) Pause Young (System.gc())
[36.939s][info][gc,heap        ] GC(190) PSYoungGen: 136895K(258560K)->1056K(259584K) Eden: 136511K(258048K)->0K(258048K) From: 384K(512K)->1056K(1536K)
[36.939s][info][gc,heap        ] GC(190) ParOldGen: 175998K(1398272K)->176014K(1398272K)
[36.939s][info][gc,metaspace   ] GC(190) Metaspace: 60259K(61120K)->60259K(61120K) NonClass: 52702K(53184K)->52702K(53184K) Class: 7557K(7936K)->7557K(7936K)
[36.939s][info][gc             ] GC(190) Pause Young (System.gc()) 305M->172M(1619M) 1.136ms
[36.939s][info][gc,cpu         ] GC(190) User=0.00s Sys=0.00s Real=0.00s
[36.939s][info][gc,start       ] GC(191) Pause Full (System.gc())
[36.939s][info][gc,phases,start] GC(191) Marking Phase
[37.033s][info][gc,phases      ] GC(191) Marking Phase 93.751ms
[37.033s][info][gc,phases,start] GC(191) Summary Phase
[37.033s][info][gc,phases      ] GC(191) Summary Phase 0.017ms
[37.033s][info][gc,phases,start] GC(191) Adjust Roots
[37.042s][info][gc,phases      ] GC(191) Adjust Roots 8.343ms
[37.042s][info][gc,phases,start] GC(191) Compaction Phase
[37.082s][info][gc,phases      ] GC(191) Compaction Phase 40.189ms
[37.082s][info][gc,phases,start] GC(191) Post Compact
[37.084s][info][gc,phases      ] GC(191) Post Compact 1.667ms
[37.084s][info][gc,heap        ] GC(191) PSYoungGen: 1056K(259584K)->0K(259584K) Eden: 0K(258048K)->0K(258048K) From: 1056K(1536K)->0K(1536K)
[37.084s][info][gc,heap        ] GC(191) ParOldGen: 176014K(1398272K)->175404K(1398272K)
[37.084s][info][gc,metaspace   ] GC(191) Metaspace: 60259K(61120K)->60259K(61120K) NonClass: 52702K(53184K)->52702K(53184K) Class: 7557K(7936K)->7557K(7936K)
[37.084s][info][gc             ] GC(191) Pause Full (System.gc()) 172M->171M(1619M) 144.380ms
[37.084s][info][gc,cpu         ] GC(191) User=3.14s Sys=0.00s Real=0.14s
[37.251s][info][gc,start       ] GC(192) Pause Young (Allocation Failure)
[37.252s][info][gc,heap        ] GC(192) PSYoungGen: 258048K(259584K)->1152K(255488K) Eden: 258048K(258048K)->0K(253952K) From: 0K(1536K)->1152K(1536K)
[37.252s][info][gc,heap        ] GC(192) ParOldGen: 175404K(1398272K)->175412K(1398272K)
[37.252s][info][gc,metaspace   ] GC(192) Metaspace: 60307K(61184K)->60307K(61184K) NonClass: 52750K(53248K)->52750K(53248K) Class: 7557K(7936K)->7557K(7936K)
[37.252s][info][gc             ] GC(192) Pause Young (Allocation Failure) 423M->172M(1615M) 1.426ms
[37.252s][info][gc,cpu         ] GC(192) User=0.00s Sys=0.00s Real=0.00s
[37.337s][info][gc,start       ] GC(193) Pause Young (Allocation Failure)
[37.338s][info][gc,heap        ] GC(193) PSYoungGen: 255104K(255488K)->864K(250880K) Eden: 253952K(253952K)->0K(249856K) From: 1152K(1536K)->864K(1024K)
[37.338s][info][gc,heap        ] GC(193) ParOldGen: 175412K(1398272K)->175849K(1398272K)
[37.338s][info][gc,metaspace   ] GC(193) Metaspace: 60307K(61184K)->60307K(61184K) NonClass: 52750K(53248K)->52750K(53248K) Class: 7557K(7936K)->7557K(7936K)
[37.338s][info][gc             ] GC(193) Pause Young (Allocation Failure) 420M->172M(1610M) 1.389ms
[37.338s][info][gc,cpu         ] GC(193) User=0.00s Sys=0.00s Real=0.00s
[37.427s][info][gc,start       ] GC(194) Pause Young (Allocation Failure)
[37.428s][info][gc,heap        ] GC(194) PSYoungGen: 250720K(250880K)->288K(246784K) Eden: 249856K(249856K)->0K(246272K) From: 864K(1024K)->288K(512K)
[37.428s][info][gc,heap        ] GC(194) ParOldGen: 175849K(1398272K)->176097K(1398272K)
[37.428s][info][gc,metaspace   ] GC(194) Metaspace: 60307K(61184K)->60307K(61184K) NonClass: 52750K(53248K)->52750K(53248K) Class: 7557K(7936K)->7557K(7936K)
[37.428s][info][gc             ] GC(194) Pause Young (Allocation Failure) 416M->172M(1606M) 1.089ms
[37.428s][info][gc,cpu         ] GC(194) User=0.00s Sys=0.00s Real=0.00s
[37.509s][info][gc,start       ] GC(195) Pause Young (Allocation Failure)
[37.510s][info][gc,heap        ] GC(195) PSYoungGen: 246560K(246784K)->288K(244736K) Eden: 246272K(246272K)->0K(242688K) From: 288K(512K)->288K(2048K)
[37.510s][info][gc,heap        ] GC(195) ParOldGen: 176097K(1398272K)->176097K(1398272K)
[37.510s][info][gc,metaspace   ] GC(195) Metaspace: 60307K(61184K)->60307K(61184K) NonClass: 52750K(53248K)->52750K(53248K) Class: 7557K(7936K)->7557K(7936K)
[37.510s][info][gc             ] GC(195) Pause Young (Allocation Failure) 412M->172M(1604M) 0.938ms
[37.510s][info][gc,cpu         ] GC(195) User=0.00s Sys=0.00s Real=0.00s
[37.597s][info][gc,start       ] GC(196) Pause Young (Allocation Failure)
[37.598s][info][gc,heap        ] GC(196) PSYoungGen: 242976K(244736K)->288K(239616K) Eden: 242688K(242688K)->0K(239104K) From: 288K(2048K)->288K(512K)
[37.598s][info][gc,heap        ] GC(196) ParOldGen: 176097K(1398272K)->176097K(1398272K)
[37.598s][info][gc,metaspace   ] GC(196) Metaspace: 60307K(61184K)->60307K(61184K) NonClass: 52750K(53248K)->52750K(53248K) Class: 7557K(7936K)->7557K(7936K)
[37.598s][info][gc             ] GC(196) Pause Young (Allocation Failure) 409M->172M(1599M) 1.097ms
[37.598s][info][gc,cpu         ] GC(196) User=0.00s Sys=0.00s Real=0.00s
[37.677s][info][gc,start       ] GC(197) Pause Young (Allocation Failure)
[37.678s][info][gc,heap        ] GC(197) PSYoungGen: 239392K(239616K)->320K(237056K) Eden: 239104K(239104K)->0K(235520K) From: 288K(512K)->320K(1536K)
[37.678s][info][gc,heap        ] GC(197) ParOldGen: 176097K(1398272K)->176105K(1398272K)
[37.678s][info][gc,metaspace   ] GC(197) Metaspace: 60307K(61184K)->60307K(61184K) NonClass: 52750K(53248K)->52750K(53248K) Class: 7557K(7936K)->7557K(7936K)
[37.678s][info][gc             ] GC(197) Pause Young (Allocation Failure) 405M->172M(1597M) 1.106ms
[37.678s][info][gc,cpu         ] GC(197) User=0.00s Sys=0.00s Real=0.00s
[37.764s][info][gc,start       ] GC(198) Pause Young (Allocation Failure)
[37.765s][info][gc,heap        ] GC(198) PSYoungGen: 235840K(237056K)->352K(232448K) Eden: 235520K(235520K)->0K(231936K) From: 320K(1536K)->352K(512K)
[37.765s][info][gc,heap        ] GC(198) ParOldGen: 176105K(1398272K)->176105K(1398272K)
[37.765s][info][gc,metaspace   ] GC(198) Metaspace: 60307K(61184K)->60307K(61184K) NonClass: 52750K(53248K)->52750K(53248K) Class: 7557K(7936K)->7557K(7936K)
[37.765s][info][gc             ] GC(198) Pause Young (Allocation Failure) 402M->172M(1592M) 1.072ms
[37.765s][info][gc,cpu         ] GC(198) User=0.00s Sys=0.00s Real=0.00s
[37.843s][info][gc,start       ] GC(199) Pause Young (Allocation Failure)
[37.844s][info][gc,heap        ] GC(199) PSYoungGen: 232288K(232448K)->672K(280064K) Eden: 231936K(231936K)->0K(278528K) From: 352K(512K)->672K(1536K)
[37.844s][info][gc,heap        ] GC(199) ParOldGen: 176105K(1398272K)->176121K(1398272K)
[37.844s][info][gc,metaspace   ] GC(199) Metaspace: 60311K(61184K)->60311K(61184K) NonClass: 52753K(53248K)->52753K(53248K) Class: 7557K(7936K)->7557K(7936K)
[37.844s][info][gc             ] GC(199) Pause Young (Allocation Failure) 398M->172M(1639M) 1.126ms
[37.844s][info][gc,cpu         ] GC(199) User=0.00s Sys=0.00s Real=0.00s
[37.898s][info][gc,start       ] GC(200) Pause Young (System.gc())
[37.900s][info][gc,heap        ] GC(200) PSYoungGen: 35590K(280064K)->1056K(280064K) Eden: 34918K(278528K)->0K(278528K) From: 672K(1536K)->1056K(1536K)
[37.900s][info][gc,heap        ] GC(200) ParOldGen: 176121K(1398272K)->176185K(1398272K)
[37.900s][info][gc,metaspace   ] GC(200) Metaspace: 60336K(61184K)->60336K(61184K) NonClass: 52779K(53248K)->52779K(53248K) Class: 7557K(7936K)->7557K(7936K)
[37.900s][info][gc             ] GC(200) Pause Young (System.gc()) 206M->173M(1639M) 1.257ms
[37.900s][info][gc,cpu         ] GC(200) User=0.00s Sys=0.00s Real=0.00s
[37.900s][info][gc,start       ] GC(201) Pause Full (System.gc())
[37.900s][info][gc,phases,start] GC(201) Marking Phase
[37.996s][info][gc,phases      ] GC(201) Marking Phase 96.301ms
[37.996s][info][gc,phases,start] GC(201) Summary Phase
[37.996s][info][gc,phases      ] GC(201) Summary Phase 0.015ms
[37.996s][info][gc,phases,start] GC(201) Adjust Roots
[38.005s][info][gc,phases      ] GC(201) Adjust Roots 8.460ms
[38.005s][info][gc,phases,start] GC(201) Compaction Phase
[38.041s][info][gc,phases      ] GC(201) Compaction Phase 36.809ms
[38.042s][info][gc,phases,start] GC(201) Post Compact
[38.043s][info][gc,phases      ] GC(201) Post Compact 1.621ms
[38.043s][info][gc,heap        ] GC(201) PSYoungGen: 1056K(280064K)->0K(280064K) Eden: 0K(278528K)->0K(278528K) From: 1056K(1536K)->0K(1536K)
[38.043s][info][gc,heap        ] GC(201) ParOldGen: 176185K(1398272K)->175438K(1398272K)
[38.043s][info][gc,metaspace   ] GC(201) Metaspace: 60336K(61184K)->60336K(61184K) NonClass: 52779K(53248K)->52779K(53248K) Class: 7557K(7936K)->7557K(7936K)
[38.043s][info][gc             ] GC(201) Pause Full (System.gc()) 173M->171M(1639M) 143.573ms
[38.043s][info][gc,cpu         ] GC(201) User=3.19s Sys=0.02s Real=0.14s
[38.201s][info][gc,start       ] GC(202) Pause Young (Allocation Failure)
[38.202s][info][gc,heap        ] GC(202) PSYoungGen: 278528K(280064K)->1152K(275456K) Eden: 278528K(278528K)->0K(273920K) From: 0K(1536K)->1152K(1536K)
[38.202s][info][gc,heap        ] GC(202) ParOldGen: 175438K(1398272K)->175438K(1398272K)
[38.202s][info][gc,metaspace   ] GC(202) Metaspace: 60388K(61248K)->60388K(61248K) NonClass: 52830K(53312K)->52830K(53312K) Class: 7557K(7936K)->7557K(7936K)
[38.202s][info][gc             ] GC(202) Pause Young (Allocation Failure) 443M->172M(1634M) 1.383ms
[38.202s][info][gc,cpu         ] GC(202) User=0.00s Sys=0.00s Real=0.00s
[38.288s][info][gc,start       ] GC(203) Pause Young (Allocation Failure)
[38.289s][info][gc,heap        ] GC(203) PSYoungGen: 275072K(275456K)->512K(269824K) Eden: 273920K(273920K)->0K(269312K) From: 1152K(1536K)->512K(512K)
[38.289s][info][gc,heap        ] GC(203) ParOldGen: 175438K(1398272K)->175881K(1398272K)
[38.289s][info][gc,metaspace   ] GC(203) Metaspace: 60388K(61248K)->60388K(61248K) NonClass: 52830K(53312K)->52830K(53312K) Class: 7557K(7936K)->7557K(7936K)
[38.289s][info][gc             ] GC(203) Pause Young (Allocation Failure) 439M->172M(1629M) 1.131ms
[38.289s][info][gc,cpu         ] GC(203) User=0.00s Sys=0.00s Real=0.00s
[38.399s][info][gc,start       ] GC(204) Pause Young (Allocation Failure)
[38.400s][info][gc,heap        ] GC(204) PSYoungGen: 269824K(269824K)->224K(267264K) Eden: 269312K(269312K)->0K(265216K) From: 512K(512K)->224K(2048K)
[38.400s][info][gc,heap        ] GC(204) ParOldGen: 175881K(1398272K)->176065K(1398272K)
[38.400s][info][gc,metaspace   ] GC(204) Metaspace: 60388K(61248K)->60388K(61248K) NonClass: 52830K(53312K)->52830K(53312K) Class: 7557K(7936K)->7557K(7936K)
[38.400s][info][gc             ] GC(204) Pause Young (Allocation Failure) 435M->172M(1626M) 1.020ms
[38.400s][info][gc,cpu         ] GC(204) User=0.00s Sys=0.00s Real=0.00s
[38.509s][info][gc,start       ] GC(205) Pause Young (Allocation Failure)
[38.510s][info][gc,heap        ] GC(205) PSYoungGen: 265440K(267264K)->288K(261632K) Eden: 265216K(265216K)->0K(261120K) From: 224K(2048K)->288K(512K)
[38.510s][info][gc,heap        ] GC(205) ParOldGen: 176065K(1398272K)->176065K(1398272K)
[38.510s][info][gc,metaspace   ] GC(205) Metaspace: 60388K(61248K)->60388K(61248K) NonClass: 52830K(53312K)->52830K(53312K) Class: 7557K(7936K)->7557K(7936K)
[38.510s][info][gc             ] GC(205) Pause Young (Allocation Failure) 431M->172M(1621M) 1.028ms
[38.510s][info][gc,cpu         ] GC(205) User=0.00s Sys=0.00s Real=0.00s
[38.609s][info][gc,start       ] GC(206) Pause Young (Allocation Failure)
[38.610s][info][gc,heap        ] GC(206) PSYoungGen: 261408K(261632K)->352K(259072K) Eden: 261120K(261120K)->0K(257024K) From: 288K(512K)->352K(2048K)
[38.610s][info][gc,heap        ] GC(206) ParOldGen: 176065K(1398272K)->176065K(1398272K)
[38.610s][info][gc,metaspace   ] GC(206) Metaspace: 60388K(61248K)->60388K(61248K) NonClass: 52830K(53312K)->52830K(53312K) Class: 7557K(7936K)->7557K(7936K)
[38.610s][info][gc             ] GC(206) Pause Young (Allocation Failure) 427M->172M(1618M) 1.015ms
[38.610s][info][gc,cpu         ] GC(206) User=0.00s Sys=0.00s Real=0.00s
[38.709s][info][gc,start       ] GC(207) Pause Young (Allocation Failure)
[38.710s][info][gc,heap        ] GC(207) PSYoungGen: 257376K(259072K)->320K(253440K) Eden: 257024K(257024K)->0K(252928K) From: 352K(2048K)->320K(512K)
[38.710s][info][gc,heap        ] GC(207) ParOldGen: 176065K(1398272K)->176073K(1398272K)
[38.710s][info][gc,metaspace   ] GC(207) Metaspace: 60388K(61248K)->60388K(61248K) NonClass: 52830K(53312K)->52830K(53312K) Class: 7557K(7936K)->7557K(7936K)
[38.710s][info][gc             ] GC(207) Pause Young (Allocation Failure) 423M->172M(1613M) 1.108ms
[38.710s][info][gc,cpu         ] GC(207) User=0.00s Sys=0.00s Real=0.00s
[38.799s][info][gc,start       ] GC(208) Pause Young (Allocation Failure)
[38.800s][info][gc,heap        ] GC(208) PSYoungGen: 253248K(253440K)->352K(250368K) Eden: 252928K(252928K)->0K(248832K) From: 320K(512K)->352K(1536K)
[38.800s][info][gc,heap        ] GC(208) ParOldGen: 176073K(1398272K)->176073K(1398272K)
[38.800s][info][gc,metaspace   ] GC(208) Metaspace: 60388K(61248K)->60388K(61248K) NonClass: 52830K(53312K)->52830K(53312K) Class: 7557K(7936K)->7557K(7936K)
[38.800s][info][gc             ] GC(208) Pause Young (Allocation Failure) 419M->172M(1610M) 0.954ms
[38.800s][info][gc,cpu         ] GC(208) User=0.00s Sys=0.00s Real=0.00s
[38.903s][info][gc,start       ] GC(209) Pause Young (System.gc())
[38.904s][info][gc,heap        ] GC(209) PSYoungGen: 133608K(250368K)->1056K(250368K) Eden: 133256K(248832K)->0K(248832K) From: 352K(1536K)->1056K(1536K)
[38.904s][info][gc,heap        ] GC(209) ParOldGen: 176073K(1398272K)->176097K(1398272K)
[38.904s][info][gc,metaspace   ] GC(209) Metaspace: 60394K(61248K)->60394K(61248K) NonClass: 52836K(53312K)->52836K(53312K) Class: 7557K(7936K)->7557K(7936K)
[38.904s][info][gc             ] GC(209) Pause Young (System.gc()) 302M->173M(1610M) 1.264ms
[38.904s][info][gc,cpu         ] GC(209) User=0.02s Sys=0.00s Real=0.02s
[38.904s][info][gc,start       ] GC(210) Pause Full (System.gc())
[38.904s][info][gc,phases,start] GC(210) Marking Phase
[39.000s][info][gc,phases      ] GC(210) Marking Phase 96.109ms
[39.000s][info][gc,phases,start] GC(210) Summary Phase
[39.000s][info][gc,phases      ] GC(210) Summary Phase 0.016ms
[39.000s][info][gc,phases,start] GC(210) Adjust Roots
[39.009s][info][gc,phases      ] GC(210) Adjust Roots 8.535ms
[39.009s][info][gc,phases,start] GC(210) Compaction Phase
[39.044s][info][gc,phases      ] GC(210) Compaction Phase 35.387ms
[39.044s][info][gc,phases,start] GC(210) Post Compact
[39.046s][info][gc,phases      ] GC(210) Post Compact 1.639ms
[39.046s][info][gc,heap        ] GC(210) PSYoungGen: 1056K(250368K)->0K(250368K) Eden: 0K(248832K)->0K(248832K) From: 1056K(1536K)->0K(1536K)
[39.046s][info][gc,heap        ] GC(210) ParOldGen: 176097K(1398272K)->175470K(1398272K)
[39.046s][info][gc,metaspace   ] GC(210) Metaspace: 60394K(61248K)->60394K(61248K) NonClass: 52836K(53312K)->52836K(53312K) Class: 7557K(7936K)->7557K(7936K)
[39.046s][info][gc             ] GC(210) Pause Full (System.gc()) 173M->171M(1610M) 142.095ms
[39.046s][info][gc,cpu         ] GC(210) User=3.13s Sys=0.02s Real=0.14s
[39.202s][info][gc,start       ] GC(211) Pause Young (Allocation Failure)
[39.204s][info][gc,heap        ] GC(211) PSYoungGen: 248832K(250368K)->1184K(246784K) Eden: 248832K(248832K)->0K(245248K) From: 0K(1536K)->1184K(1536K)
[39.204s][info][gc,heap        ] GC(211) ParOldGen: 175470K(1398272K)->175470K(1398272K)
[39.204s][info][gc,metaspace   ] GC(211) Metaspace: 60418K(61248K)->60418K(61248K) NonClass: 52860K(53312K)->52860K(53312K) Class: 7557K(7936K)->7557K(7936K)
[39.204s][info][gc             ] GC(211) Pause Young (Allocation Failure) 414M->172M(1606M) 1.523ms
[39.204s][info][gc,cpu         ] GC(211) User=0.00s Sys=0.00s Real=0.00s
[39.290s][info][gc,start       ] GC(212) Pause Young (Allocation Failure)
[39.291s][info][gc,heap        ] GC(212) PSYoungGen: 246432K(246784K)->512K(242176K) Eden: 245248K(245248K)->0K(241664K) From: 1184K(1536K)->512K(512K)
[39.291s][info][gc,heap        ] GC(212) ParOldGen: 175470K(1398272K)->175907K(1398272K)
[39.291s][info][gc,metaspace   ] GC(212) Metaspace: 60418K(61248K)->60418K(61248K) NonClass: 52860K(53312K)->52860K(53312K) Class: 7557K(7936K)->7557K(7936K)
[39.291s][info][gc             ] GC(212) Pause Young (Allocation Failure) 412M->172M(1602M) 1.065ms
[39.291s][info][gc,cpu         ] GC(212) User=0.00s Sys=0.00s Real=0.00s
[39.379s][info][gc,start       ] GC(213) Pause Young (Allocation Failure)
[39.380s][info][gc,heap        ] GC(213) PSYoungGen: 242176K(242176K)->288K(240128K) Eden: 241664K(241664K)->0K(238080K) From: 512K(512K)->288K(2048K)
[39.380s][info][gc,heap        ] GC(213) ParOldGen: 175907K(1398272K)->176043K(1398272K)
[39.380s][info][gc,metaspace   ] GC(213) Metaspace: 60418K(61248K)->60418K(61248K) NonClass: 52860K(53312K)->52860K(53312K) Class: 7557K(7936K)->7557K(7936K)
[39.380s][info][gc             ] GC(213) Pause Young (Allocation Failure) 408M->172M(1600M) 1.015ms
[39.380s][info][gc,cpu         ] GC(213) User=0.00s Sys=0.00s Real=0.00s
[39.468s][info][gc,start       ] GC(214) Pause Young (Allocation Failure)
[39.469s][info][gc,heap        ] GC(214) PSYoungGen: 238368K(240128K)->352K(235008K) Eden: 238080K(238080K)->0K(234496K) From: 288K(2048K)->352K(512K)
[39.469s][info][gc,heap        ] GC(214) ParOldGen: 176043K(1398272K)->176043K(1398272K)
[39.469s][info][gc,metaspace   ] GC(214) Metaspace: 60418K(61248K)->60418K(61248K) NonClass: 52860K(53312K)->52860K(53312K) Class: 7557K(7936K)->7557K(7936K)
[39.469s][info][gc             ] GC(214) Pause Young (Allocation Failure) 404M->172M(1595M) 1.111ms
[39.469s][info][gc,cpu         ] GC(214) User=0.00s Sys=0.00s Real=0.00s
[39.556s][info][gc,start       ] GC(215) Pause Young (Allocation Failure)
[39.557s][info][gc,heap        ] GC(215) PSYoungGen: 234848K(235008K)->320K(232960K) Eden: 234496K(234496K)->0K(230912K) From: 352K(512K)->320K(2048K)
[39.557s][info][gc,heap        ] GC(215) ParOldGen: 176043K(1398272K)->176043K(1398272K)
[39.557s][info][gc,metaspace   ] GC(215) Metaspace: 60418K(61248K)->60418K(61248K) NonClass: 52860K(53312K)->52860K(53312K) Class: 7557K(7936K)->7557K(7936K)
[39.557s][info][gc             ] GC(215) Pause Young (Allocation Failure) 401M->172M(1593M) 0.974ms
[39.557s][info][gc,cpu         ] GC(215) User=0.00s Sys=0.00s Real=0.00s
[39.643s][info][gc,start       ] GC(216) Pause Young (Allocation Failure)
[39.644s][info][gc,heap        ] GC(216) PSYoungGen: 231232K(232960K)->256K(228352K) Eden: 230912K(230912K)->0K(227840K) From: 320K(2048K)->256K(512K)
[39.644s][info][gc,heap        ] GC(216) ParOldGen: 176043K(1398272K)->176043K(1398272K)
[39.644s][info][gc,metaspace   ] GC(216) Metaspace: 60418K(61248K)->60418K(61248K) NonClass: 52860K(53312K)->52860K(53312K) Class: 7557K(7936K)->7557K(7936K)
[39.644s][info][gc             ] GC(216) Pause Young (Allocation Failure) 397M->172M(1588M) 1.064ms
[39.644s][info][gc,cpu         ] GC(216) User=0.00s Sys=0.00s Real=0.00s
[39.741s][info][gc,start       ] GC(217) Pause Young (Allocation Failure)
[39.742s][info][gc,heap        ] GC(217) PSYoungGen: 228096K(228352K)->320K(226304K) Eden: 227840K(227840K)->0K(224768K) From: 256K(512K)->320K(1536K)
[39.742s][info][gc,heap        ] GC(217) ParOldGen: 176043K(1398272K)->176051K(1398272K)
[39.742s][info][gc,metaspace   ] GC(217) Metaspace: 60418K(61248K)->60418K(61248K) NonClass: 52860K(53312K)->52860K(53312K) Class: 7557K(7936K)->7557K(7936K)
[39.742s][info][gc             ] GC(217) Pause Young (Allocation Failure) 394M->172M(1586M) 1.082ms
[39.742s][info][gc,cpu         ] GC(217) User=0.00s Sys=0.00s Real=0.00s
[39.825s][info][gc,start       ] GC(218) Pause Young (Allocation Failure)
[39.826s][info][gc,heap        ] GC(218) PSYoungGen: 225088K(226304K)->288K(222208K) Eden: 224768K(224768K)->0K(221696K) From: 320K(1536K)->288K(512K)
[39.826s][info][gc,heap        ] GC(218) ParOldGen: 176051K(1398272K)->176067K(1398272K)
[39.826s][info][gc,metaspace   ] GC(218) Metaspace: 60418K(61248K)->60418K(61248K) NonClass: 52860K(53312K)->52860K(53312K) Class: 7557K(7936K)->7557K(7936K)
[39.826s][info][gc             ] GC(218) Pause Young (Allocation Failure) 391M->172M(1582M) 1.107ms
[39.826s][info][gc,cpu         ] GC(218) User=0.52s Sys=0.00s Real=0.02s
[39.901s][info][gc,start       ] GC(219) Pause Young (System.gc())
[39.902s][info][gc,heap        ] GC(219) PSYoungGen: 99040K(222208K)->1056K(223232K) Eden: 98752K(221696K)->0K(221696K) From: 288K(512K)->1056K(1536K)
[39.902s][info][gc,heap        ] GC(219) ParOldGen: 176067K(1398272K)->176091K(1398272K)
[39.903s][info][gc,metaspace   ] GC(219) Metaspace: 60428K(61248K)->60428K(61248K) NonClass: 52871K(53312K)->52871K(53312K) Class: 7557K(7936K)->7557K(7936K)
[39.903s][info][gc             ] GC(219) Pause Young (System.gc()) 268M->172M(1583M) 1.273ms
[39.903s][info][gc,cpu         ] GC(219) User=0.00s Sys=0.00s Real=0.00s
[39.903s][info][gc,start       ] GC(220) Pause Full (System.gc())
[39.903s][info][gc,phases,start] GC(220) Marking Phase
[39.995s][info][gc,phases      ] GC(220) Marking Phase 91.961ms
[39.995s][info][gc,phases,start] GC(220) Summary Phase
[39.995s][info][gc,phases      ] GC(220) Summary Phase 0.016ms
[39.995s][info][gc,phases,start] GC(220) Adjust Roots
[40.004s][info][gc,phases      ] GC(220) Adjust Roots 8.608ms
[40.004s][info][gc,phases,start] GC(220) Compaction Phase
[40.039s][info][gc,phases      ] GC(220) Compaction Phase 35.660ms
[40.039s][info][gc,phases,start] GC(220) Post Compact
[40.041s][info][gc,phases      ] GC(220) Post Compact 1.636ms
[40.041s][info][gc,heap        ] GC(220) PSYoungGen: 1056K(223232K)->0K(223232K) Eden: 0K(221696K)->0K(221696K) From: 1056K(1536K)->0K(1536K)
[40.041s][info][gc,heap        ] GC(220) ParOldGen: 176091K(1398272K)->175501K(1398272K)
[40.041s][info][gc,metaspace   ] GC(220) Metaspace: 60428K(61248K)->60428K(61248K) NonClass: 52871K(53312K)->52871K(53312K) Class: 7557K(7936K)->7557K(7936K)
[40.041s][info][gc             ] GC(220) Pause Full (System.gc()) 172M->171M(1583M) 138.270ms
[40.041s][info][gc,cpu         ] GC(220) User=3.17s Sys=0.00s Real=0.14s
[40.176s][info][gc,start       ] GC(221) Pause Young (Allocation Failure)
[40.177s][info][gc,heap        ] GC(221) PSYoungGen: 221696K(223232K)->1152K(220160K) Eden: 221696K(221696K)->0K(218624K) From: 0K(1536K)->1152K(1536K)
[40.177s][info][gc,heap        ] GC(221) ParOldGen: 175501K(1398272K)->175509K(1398272K)
[40.177s][info][gc,metaspace   ] GC(221) Metaspace: 60487K(61376K)->60487K(61376K) NonClass: 52926K(53440K)->52926K(53440K) Class: 7560K(7936K)->7560K(7936K)
[40.177s][info][gc             ] GC(221) Pause Young (Allocation Failure) 387M->172M(1580M) 1.255ms
[40.177s][info][gc,cpu         ] GC(221) User=0.00s Sys=0.00s Real=0.00s
[40.261s][info][gc,start       ] GC(222) Pause Young (Allocation Failure)
[40.262s][info][gc,heap        ] GC(222) PSYoungGen: 219776K(220160K)->672K(216576K) Eden: 218624K(218624K)->0K(215552K) From: 1152K(1536K)->672K(1024K)
[40.262s][info][gc,heap        ] GC(222) ParOldGen: 175509K(1398272K)->175946K(1398272K)
[40.262s][info][gc,metaspace   ] GC(222) Metaspace: 60487K(61376K)->60487K(61376K) NonClass: 52926K(53440K)->52926K(53440K) Class: 7560K(7936K)->7560K(7936K)
[40.262s][info][gc             ] GC(222) Pause Young (Allocation Failure) 386M->172M(1577M) 1.297ms
[40.262s][info][gc,cpu         ] GC(222) User=0.00s Sys=0.00s Real=0.00s
[40.342s][info][gc,start       ] GC(223) Pause Young (Allocation Failure)
[40.343s][info][gc,heap        ] GC(223) PSYoungGen: 216224K(216576K)->320K(212992K) Eden: 215552K(215552K)->0K(212480K) From: 672K(1024K)->320K(512K)
[40.343s][info][gc,heap        ] GC(223) ParOldGen: 175946K(1398272K)->176122K(1398272K)
[40.343s][info][gc,metaspace   ] GC(223) Metaspace: 60487K(61376K)->60487K(61376K) NonClass: 52926K(53440K)->52926K(53440K) Class: 7560K(7936K)->7560K(7936K)
[40.344s][info][gc             ] GC(223) Pause Young (Allocation Failure) 382M->172M(1573M) 1.107ms
[40.344s][info][gc,cpu         ] GC(223) User=0.00s Sys=0.00s Real=0.00s
[40.415s][info][gc,start       ] GC(224) Pause Young (Allocation Failure)
[40.416s][info][gc,heap        ] GC(224) PSYoungGen: 212800K(212992K)->288K(211456K) Eden: 212480K(212480K)->0K(209920K) From: 320K(512K)->288K(1536K)
[40.416s][info][gc,heap        ] GC(224) ParOldGen: 176122K(1398272K)->176122K(1398272K)
[40.416s][info][gc,metaspace   ] GC(224) Metaspace: 60487K(61376K)->60487K(61376K) NonClass: 52926K(53440K)->52926K(53440K) Class: 7560K(7936K)->7560K(7936K)
[40.416s][info][gc             ] GC(224) Pause Young (Allocation Failure) 379M->172M(1572M) 0.964ms
[40.416s][info][gc,cpu         ] GC(224) User=0.00s Sys=0.00s Real=0.00s
[40.493s][info][gc,start       ] GC(225) Pause Young (Allocation Failure)
[40.494s][info][gc,heap        ] GC(225) PSYoungGen: 210208K(211456K)->416K(207872K) Eden: 209920K(209920K)->0K(207360K) From: 288K(1536K)->416K(512K)
[40.494s][info][gc,heap        ] GC(225) ParOldGen: 176122K(1398272K)->176130K(1398272K)
[40.494s][info][gc,metaspace   ] GC(225) Metaspace: 60487K(61376K)->60487K(61376K) NonClass: 52926K(53440K)->52926K(53440K) Class: 7560K(7936K)->7560K(7936K)
[40.494s][info][gc             ] GC(225) Pause Young (Allocation Failure) 377M->172M(1568M) 0.999ms
[40.494s][info][gc,cpu         ] GC(225) User=0.00s Sys=0.00s Real=0.00s
[40.578s][info][gc,start       ] GC(226) Pause Young (Allocation Failure)
[40.579s][info][gc,heap        ] GC(226) PSYoungGen: 207776K(207872K)->320K(250368K) Eden: 207360K(207360K)->0K(248832K) From: 416K(512K)->320K(1536K)
[40.579s][info][gc,heap        ] GC(226) ParOldGen: 176130K(1398272K)->176130K(1398272K)
[40.579s][info][gc,metaspace   ] GC(226) Metaspace: 60487K(61376K)->60487K(61376K) NonClass: 52926K(53440K)->52926K(53440K) Class: 7560K(7936K)->7560K(7936K)
[40.579s][info][gc             ] GC(226) Pause Young (Allocation Failure) 374M->172M(1610M) 1.200ms
[40.579s][info][gc,cpu         ] GC(226) User=0.00s Sys=0.00s Real=0.00s
[40.679s][info][gc,start       ] GC(227) Pause Young (Allocation Failure)
[40.680s][info][gc,heap        ] GC(227) PSYoungGen: 249152K(250368K)->288K(245760K) Eden: 248832K(248832K)->0K(245248K) From: 320K(1536K)->288K(512K)
[40.680s][info][gc,heap        ] GC(227) ParOldGen: 176130K(1398272K)->176130K(1398272K)
[40.680s][info][gc,metaspace   ] GC(227) Metaspace: 60487K(61376K)->60487K(61376K) NonClass: 52926K(53440K)->52926K(53440K) Class: 7560K(7936K)->7560K(7936K)
[40.680s][info][gc             ] GC(227) Pause Young (Allocation Failure) 415M->172M(1605M) 1.108ms
[40.680s][info][gc,cpu         ] GC(227) User=0.00s Sys=0.00s Real=0.00s
[40.771s][info][gc,start       ] GC(228) Pause Young (Allocation Failure)
[40.772s][info][gc,heap        ] GC(228) PSYoungGen: 245536K(245760K)->256K(243200K) Eden: 245248K(245248K)->0K(241664K) From: 288K(512K)->256K(1536K)
[40.772s][info][gc,heap        ] GC(228) ParOldGen: 176130K(1398272K)->176138K(1398272K)
[40.772s][info][gc,metaspace   ] GC(228) Metaspace: 60487K(61376K)->60487K(61376K) NonClass: 52926K(53440K)->52926K(53440K) Class: 7560K(7936K)->7560K(7936K)
[40.772s][info][gc             ] GC(228) Pause Young (Allocation Failure) 411M->172M(1603M) 0.984ms
[40.772s][info][gc,cpu         ] GC(228) User=0.00s Sys=0.00s Real=0.00s
[40.917s][info][gc,start       ] GC(229) Pause Young (System.gc())
[40.918s][info][gc,heap        ] GC(229) PSYoungGen: 210135K(243200K)->1056K(243200K) Eden: 209879K(241664K)->0K(241664K) From: 256K(1536K)->1056K(1536K)
[40.918s][info][gc,heap        ] GC(229) ParOldGen: 176138K(1398272K)->176162K(1398272K)
[40.918s][info][gc,metaspace   ] GC(229) Metaspace: 60550K(61440K)->60550K(61440K) NonClass: 52989K(53504K)->52989K(53504K) Class: 7561K(7936K)->7561K(7936K)
[40.918s][info][gc             ] GC(229) Pause Young (System.gc()) 377M->173M(1603M) 1.178ms
[40.919s][info][gc,cpu         ] GC(229) User=0.00s Sys=0.00s Real=0.00s
[40.919s][info][gc,start       ] GC(230) Pause Full (System.gc())
[40.919s][info][gc,phases,start] GC(230) Marking Phase
[41.017s][info][gc,phases      ] GC(230) Marking Phase 98.017ms
[41.017s][info][gc,phases,start] GC(230) Summary Phase
[41.017s][info][gc,phases      ] GC(230) Summary Phase 0.015ms
[41.017s][info][gc,phases,start] GC(230) Adjust Roots
[41.027s][info][gc,phases      ] GC(230) Adjust Roots 10.091ms
[41.027s][info][gc,phases,start] GC(230) Compaction Phase
[41.070s][info][gc,phases      ] GC(230) Compaction Phase 43.400ms
[41.070s][info][gc,phases,start] GC(230) Post Compact
[41.072s][info][gc,phases      ] GC(230) Post Compact 1.646ms
[41.072s][info][gc,heap        ] GC(230) PSYoungGen: 1056K(243200K)->0K(243200K) Eden: 0K(241664K)->0K(241664K) From: 1056K(1536K)->0K(1536K)
[41.072s][info][gc,heap        ] GC(230) ParOldGen: 176162K(1398272K)->175534K(1398272K)
[41.072s][info][gc,metaspace   ] GC(230) Metaspace: 60550K(61440K)->60550K(61440K) NonClass: 52989K(53504K)->52989K(53504K) Class: 7561K(7936K)->7561K(7936K)
[41.072s][info][gc             ] GC(230) Pause Full (System.gc()) 173M->171M(1603M) 153.563ms
[41.072s][info][gc,cpu         ] GC(230) User=3.67s Sys=0.00s Real=0.16s
[41.224s][info][gc,start       ] GC(231) Pause Young (Allocation Failure)
[41.225s][info][gc,heap        ] GC(231) PSYoungGen: 241664K(243200K)->1152K(239616K) Eden: 241664K(241664K)->0K(238080K) From: 0K(1536K)->1152K(1536K)
[41.225s][info][gc,heap        ] GC(231) ParOldGen: 175534K(1398272K)->175534K(1398272K)
[41.225s][info][gc,metaspace   ] GC(231) Metaspace: 60553K(61440K)->60553K(61440K) NonClass: 52991K(53504K)->52991K(53504K) Class: 7561K(7936K)->7561K(7936K)
[41.225s][info][gc             ] GC(231) Pause Young (Allocation Failure) 407M->172M(1599M) 1.308ms
[41.225s][info][gc,cpu         ] GC(231) User=0.00s Sys=0.00s Real=0.00s
[41.308s][info][gc,start       ] GC(232) Pause Young (Allocation Failure)
[41.309s][info][gc,heap        ] GC(232) PSYoungGen: 239232K(239616K)->512K(235008K) Eden: 238080K(238080K)->0K(234496K) From: 1152K(1536K)->512K(512K)
[41.309s][info][gc,heap        ] GC(232) ParOldGen: 175534K(1398272K)->175979K(1398272K)
[41.309s][info][gc,metaspace   ] GC(232) Metaspace: 60553K(61440K)->60553K(61440K) NonClass: 52991K(53504K)->52991K(53504K) Class: 7561K(7936K)->7561K(7936K)
[41.309s][info][gc             ] GC(232) Pause Young (Allocation Failure) 405M->172M(1595M) 1.120ms
[41.309s][info][gc,cpu         ] GC(232) User=0.00s Sys=0.00s Real=0.00s
[41.383s][info][gc,start       ] GC(233) Pause Young (Allocation Failure)
[41.384s][info][gc,heap        ] GC(233) PSYoungGen: 235008K(235008K)->352K(232960K) Eden: 234496K(234496K)->0K(230912K) From: 512K(512K)->352K(2048K)
[41.384s][info][gc,heap        ] GC(233) ParOldGen: 175979K(1398272K)->176115K(1398272K)
[41.384s][info][gc,metaspace   ] GC(233) Metaspace: 60553K(61440K)->60553K(61440K) NonClass: 52991K(53504K)->52991K(53504K) Class: 7561K(7936K)->7561K(7936K)
[41.384s][info][gc             ] GC(233) Pause Young (Allocation Failure) 401M->172M(1593M) 1.128ms
[41.384s][info][gc,cpu         ] GC(233) User=0.00s Sys=0.00s Real=0.00s
[41.456s][info][gc,start       ] GC(234) Pause Young (Allocation Failure)
[41.457s][info][gc,heap        ] GC(234) PSYoungGen: 231264K(232960K)->384K(228352K) Eden: 230912K(230912K)->0K(227840K) From: 352K(2048K)->384K(512K)
[41.457s][info][gc,heap        ] GC(234) ParOldGen: 176115K(1398272K)->176115K(1398272K)
[41.457s][info][gc,metaspace   ] GC(234) Metaspace: 60553K(61440K)->60553K(61440K) NonClass: 52991K(53504K)->52991K(53504K) Class: 7561K(7936K)->7561K(7936K)
[41.457s][info][gc             ] GC(234) Pause Young (Allocation Failure) 397M->172M(1588M) 1.105ms
[41.457s][info][gc,cpu         ] GC(234) User=0.00s Sys=0.00s Real=0.00s
[41.529s][info][gc,start       ] GC(235) Pause Young (Allocation Failure)
[41.530s][info][gc,heap        ] GC(235) PSYoungGen: 228224K(228352K)->384K(274944K) Eden: 227840K(227840K)->0K(273408K) From: 384K(512K)->384K(1536K)
[41.530s][info][gc,heap        ] GC(235) ParOldGen: 176115K(1398272K)->176123K(1398272K)
[41.530s][info][gc,metaspace   ] GC(235) Metaspace: 60553K(61440K)->60553K(61440K) NonClass: 52991K(53504K)->52991K(53504K) Class: 7561K(7936K)->7561K(7936K)
[41.530s][info][gc             ] GC(235) Pause Young (Allocation Failure) 394M->172M(1634M) 1.050ms
[41.530s][info][gc,cpu         ] GC(235) User=0.00s Sys=0.00s Real=0.00s
[41.616s][info][gc,start       ] GC(236) Pause Young (Allocation Failure)
[41.617s][info][gc,heap        ] GC(236) PSYoungGen: 273792K(274944K)->352K(279552K) Eden: 273408K(273408K)->0K(278016K) From: 384K(1536K)->352K(1536K)
[41.617s][info][gc,heap        ] GC(236) ParOldGen: 176123K(1398272K)->176123K(1398272K)
[41.617s][info][gc,metaspace   ] GC(236) Metaspace: 60553K(61440K)->60553K(61440K) NonClass: 52991K(53504K)->52991K(53504K) Class: 7561K(7936K)->7561K(7936K)
[41.617s][info][gc             ] GC(236) Pause Young (Allocation Failure) 439M->172M(1638M) 1.113ms
[41.617s][info][gc,cpu         ] GC(236) User=0.00s Sys=0.00s Real=0.00s
[41.712s][info][gc,start       ] GC(237) Pause Young (Allocation Failure)
[41.714s][info][gc,heap        ] GC(237) PSYoungGen: 278368K(279552K)->384K(273920K) Eden: 278016K(278016K)->0K(273408K) From: 352K(1536K)->384K(512K)
[41.714s][info][gc,heap        ] GC(237) ParOldGen: 176123K(1398272K)->176123K(1398272K)
[41.714s][info][gc,metaspace   ] GC(237) Metaspace: 60553K(61440K)->60553K(61440K) NonClass: 52991K(53504K)->52991K(53504K) Class: 7561K(7936K)->7561K(7936K)
[41.714s][info][gc             ] GC(237) Pause Young (Allocation Failure) 443M->172M(1633M) 1.704ms
[41.714s][info][gc,cpu         ] GC(237) User=0.00s Sys=0.00s Real=0.00s
[41.839s][info][gc,start       ] GC(238) Pause Young (System.gc())
[41.840s][info][gc,heap        ] GC(238) PSYoungGen: 266941K(273920K)->1056K(274944K) Eden: 266557K(273408K)->0K(273408K) From: 384K(512K)->1056K(1536K)
[41.841s][info][gc,heap        ] GC(238) ParOldGen: 176123K(1398272K)->176139K(1398272K)
[41.841s][info][gc,metaspace   ] GC(238) Metaspace: 60555K(61440K)->60555K(61440K) NonClass: 52994K(53504K)->52994K(53504K) Class: 7561K(7936K)->7561K(7936K)
[41.841s][info][gc             ] GC(238) Pause Young (System.gc()) 432M->173M(1634M) 1.280ms
[41.841s][info][gc,cpu         ] GC(238) User=0.00s Sys=0.00s Real=0.00s
[41.841s][info][gc,start       ] GC(239) Pause Full (System.gc())
[41.841s][info][gc,phases,start] GC(239) Marking Phase
[41.936s][info][gc,phases      ] GC(239) Marking Phase 95.359ms
[41.936s][info][gc,phases,start] GC(239) Summary Phase
[41.936s][info][gc,phases      ] GC(239) Summary Phase 0.017ms
[41.936s][info][gc,phases,start] GC(239) Adjust Roots
[41.945s][info][gc,phases      ] GC(239) Adjust Roots 8.952ms
[41.945s][info][gc,phases,start] GC(239) Compaction Phase
[41.983s][info][gc,phases      ] GC(239) Compaction Phase 38.003ms
[41.983s][info][gc,phases,start] GC(239) Post Compact
[41.985s][info][gc,phases      ] GC(239) Post Compact 1.599ms
[41.985s][info][gc,heap        ] GC(239) PSYoungGen: 1056K(274944K)->0K(274944K) Eden: 0K(273408K)->0K(273408K) From: 1056K(1536K)->0K(1536K)
[41.985s][info][gc,heap        ] GC(239) ParOldGen: 176139K(1398272K)->175566K(1398272K)
[41.985s][info][gc,metaspace   ] GC(239) Metaspace: 60555K(61440K)->60555K(61440K) NonClass: 52994K(53504K)->52994K(53504K) Class: 7561K(7936K)->7561K(7936K)
[41.985s][info][gc             ] GC(239) Pause Full (System.gc()) 173M->171M(1634M) 144.316ms
[41.985s][info][gc,cpu         ] GC(239) User=3.14s Sys=0.00s Real=0.14s
[42.145s][info][gc,start       ] GC(240) Pause Young (Allocation Failure)
[42.146s][info][gc,heap        ] GC(240) PSYoungGen: 273408K(274944K)->1152K(270336K) Eden: 273408K(273408K)->0K(268800K) From: 0K(1536K)->1152K(1536K)
[42.146s][info][gc,heap        ] GC(240) ParOldGen: 175566K(1398272K)->175574K(1398272K)
[42.146s][info][gc,metaspace   ] GC(240) Metaspace: 60568K(61504K)->60568K(61504K) NonClass: 53007K(53568K)->53007K(53568K) Class: 7561K(7936K)->7561K(7936K)
[42.146s][info][gc             ] GC(240) Pause Young (Allocation Failure) 438M->172M(1629M) 1.282ms
[42.146s][info][gc,cpu         ] GC(240) User=0.00s Sys=0.00s Real=0.00s
[42.246s][info][gc,start       ] GC(241) Pause Young (Allocation Failure)
[42.247s][info][gc,heap        ] GC(241) PSYoungGen: 269952K(270336K)->512K(265216K) Eden: 268800K(268800K)->0K(264704K) From: 1152K(1536K)->512K(512K)
[42.247s][info][gc,heap        ] GC(241) ParOldGen: 175574K(1398272K)->176003K(1398272K)
[42.247s][info][gc,metaspace   ] GC(241) Metaspace: 60569K(61504K)->60569K(61504K) NonClass: 53008K(53568K)->53008K(53568K) Class: 7561K(7936K)->7561K(7936K)
[42.247s][info][gc             ] GC(241) Pause Young (Allocation Failure) 435M->172M(1624M) 1.113ms
[42.247s][info][gc,cpu         ] GC(241) User=0.00s Sys=0.00s Real=0.00s
[42.348s][info][gc,start       ] GC(242) Pause Young (Allocation Failure)
[42.348s][info][gc,heap        ] GC(242) PSYoungGen: 265216K(265216K)->352K(262656K) Eden: 264704K(264704K)->0K(260608K) From: 512K(512K)->352K(2048K)
[42.349s][info][gc,heap        ] GC(242) ParOldGen: 176003K(1398272K)->176179K(1398272K)
[42.349s][info][gc,metaspace   ] GC(242) Metaspace: 60569K(61504K)->60569K(61504K) NonClass: 53008K(53568K)->53008K(53568K) Class: 7561K(7936K)->7561K(7936K)
[42.349s][info][gc             ] GC(242) Pause Young (Allocation Failure) 430M->172M(1622M) 1.082ms
[42.349s][info][gc,cpu         ] GC(242) User=0.00s Sys=0.00s Real=0.00s
[42.443s][info][gc,start       ] GC(243) Pause Young (Allocation Failure)
[42.444s][info][gc,heap        ] GC(243) PSYoungGen: 260960K(262656K)->352K(257024K) Eden: 260608K(260608K)->0K(256512K) From: 352K(2048K)->352K(512K)
[42.444s][info][gc,heap        ] GC(243) ParOldGen: 176179K(1398272K)->176179K(1398272K)
[42.444s][info][gc,metaspace   ] GC(243) Metaspace: 60569K(61504K)->60569K(61504K) NonClass: 53008K(53568K)->53008K(53568K) Class: 7561K(7936K)->7561K(7936K)
[42.444s][info][gc             ] GC(243) Pause Young (Allocation Failure) 426M->172M(1616M) 1.215ms
[42.444s][info][gc,cpu         ] GC(243) User=0.00s Sys=0.00s Real=0.00s
[42.529s][info][gc,start       ] GC(244) Pause Young (Allocation Failure)
[42.530s][info][gc,heap        ] GC(244) PSYoungGen: 256864K(257024K)->288K(253952K) Eden: 256512K(256512K)->0K(252416K) From: 352K(512K)->288K(1536K)
[42.530s][info][gc,heap        ] GC(244) ParOldGen: 176179K(1398272K)->176179K(1398272K)
[42.530s][info][gc,metaspace   ] GC(244) Metaspace: 60569K(61504K)->60569K(61504K) NonClass: 53008K(53568K)->53008K(53568K) Class: 7561K(7936K)->7561K(7936K)
[42.530s][info][gc             ] GC(244) Pause Young (Allocation Failure) 422M->172M(1613M) 1.002ms
[42.530s][info][gc,cpu         ] GC(244) User=0.00s Sys=0.00s Real=0.00s
[42.622s][info][gc,start       ] GC(245) Pause Young (Allocation Failure)
[42.623s][info][gc,heap        ] GC(245) PSYoungGen: 252704K(253952K)->320K(248832K) Eden: 252416K(252416K)->0K(248320K) From: 288K(1536K)->320K(512K)
[42.623s][info][gc,heap        ] GC(245) ParOldGen: 176179K(1398272K)->176179K(1398272K)
[42.623s][info][gc,metaspace   ] GC(245) Metaspace: 60569K(61504K)->60569K(61504K) NonClass: 53008K(53568K)->53008K(53568K) Class: 7561K(7936K)->7561K(7936K)
[42.623s][info][gc             ] GC(245) Pause Young (Allocation Failure) 418M->172M(1608M) 1.131ms
[42.623s][info][gc,cpu         ] GC(245) User=0.00s Sys=0.00s Real=0.00s
[42.722s][info][gc,start       ] GC(246) Pause Young (Allocation Failure)
[42.723s][info][gc,heap        ] GC(246) PSYoungGen: 248640K(248832K)->320K(246272K) Eden: 248320K(248320K)->0K(244736K) From: 320K(512K)->320K(1536K)
[42.723s][info][gc,heap        ] GC(246) ParOldGen: 176179K(1398272K)->176195K(1398272K)
[42.723s][info][gc,metaspace   ] GC(246) Metaspace: 60569K(61504K)->60569K(61504K) NonClass: 53008K(53568K)->53008K(53568K) Class: 7561K(7936K)->7561K(7936K)
[42.723s][info][gc             ] GC(246) Pause Young (Allocation Failure) 414M->172M(1606M) 0.986ms
[42.723s][info][gc,cpu         ] GC(246) User=0.00s Sys=0.00s Real=0.00s
[42.819s][info][gc,start       ] GC(247) Pause Young (System.gc())
[42.821s][info][gc,heap        ] GC(247) PSYoungGen: 167251K(246272K)->1056K(246272K) Eden: 166931K(244736K)->0K(244736K) From: 320K(1536K)->1056K(1536K)
[42.821s][info][gc,heap        ] GC(247) ParOldGen: 176195K(1398272K)->176211K(1398272K)
[42.821s][info][gc,metaspace   ] GC(247) Metaspace: 60576K(61504K)->60576K(61504K) NonClass: 53015K(53568K)->53015K(53568K) Class: 7561K(7936K)->7561K(7936K)
[42.821s][info][gc             ] GC(247) Pause Young (System.gc()) 335M->173M(1606M) 1.279ms
[42.821s][info][gc,cpu         ] GC(247) User=0.00s Sys=0.00s Real=0.02s
[42.821s][info][gc,start       ] GC(248) Pause Full (System.gc())
[42.821s][info][gc,phases,start] GC(248) Marking Phase
[42.923s][info][gc,phases      ] GC(248) Marking Phase 102.197ms
[42.923s][info][gc,phases,start] GC(248) Summary Phase
[42.923s][info][gc,phases      ] GC(248) Summary Phase 0.015ms
[42.923s][info][gc,phases,start] GC(248) Adjust Roots
[42.932s][info][gc,phases      ] GC(248) Adjust Roots 8.974ms
[42.932s][info][gc,phases,start] GC(248) Compaction Phase
[42.972s][info][gc,phases      ] GC(248) Compaction Phase 39.929ms
[42.972s][info][gc,phases,start] GC(248) Post Compact
[42.974s][info][gc,phases      ] GC(248) Post Compact 1.635ms
[42.974s][info][gc,heap        ] GC(248) PSYoungGen: 1056K(246272K)->0K(246272K) Eden: 0K(244736K)->0K(244736K) From: 1056K(1536K)->0K(1536K)
[42.974s][info][gc,heap        ] GC(248) ParOldGen: 176211K(1398272K)->175598K(1398272K)
[42.974s][info][gc,metaspace   ] GC(248) Metaspace: 60576K(61504K)->60576K(61504K) NonClass: 53015K(53568K)->53015K(53568K) Class: 7561K(7936K)->7561K(7936K)
[42.974s][info][gc             ] GC(248) Pause Full (System.gc()) 173M->171M(1606M) 153.131ms
[42.974s][info][gc,cpu         ] GC(248) User=2.66s Sys=0.00s Real=0.14s
[43.113s][info][gc,start       ] GC(249) Pause Young (Allocation Failure)
[43.115s][info][gc,heap        ] GC(249) PSYoungGen: 244736K(246272K)->1184K(242688K) Eden: 244736K(244736K)->0K(241152K) From: 0K(1536K)->1184K(1536K)
[43.115s][info][gc,heap        ] GC(249) ParOldGen: 175598K(1398272K)->175606K(1398272K)
[43.115s][info][gc,metaspace   ] GC(249) Metaspace: 60594K(61504K)->60594K(61504K) NonClass: 53032K(53568K)->53032K(53568K) Class: 7561K(7936K)->7561K(7936K)
[43.115s][info][gc             ] GC(249) Pause Young (Allocation Failure) 410M->172M(1602M) 1.343ms
[43.115s][info][gc,cpu         ] GC(249) User=0.00s Sys=0.00s Real=0.00s
[43.199s][info][gc,start       ] GC(250) Pause Young (Allocation Failure)
[43.200s][info][gc,heap        ] GC(250) PSYoungGen: 242336K(242688K)->512K(238080K) Eden: 241152K(241152K)->0K(237568K) From: 1184K(1536K)->512K(512K)
[43.200s][info][gc,heap        ] GC(250) ParOldGen: 175606K(1398272K)->176035K(1398272K)
[43.200s][info][gc,metaspace   ] GC(250) Metaspace: 60594K(61504K)->60594K(61504K) NonClass: 53033K(53568K)->53033K(53568K) Class: 7561K(7936K)->7561K(7936K)
[43.200s][info][gc             ] GC(250) Pause Young (Allocation Failure) 408M->172M(1598M) 1.167ms
[43.200s][info][gc,cpu         ] GC(250) User=0.00s Sys=0.00s Real=0.00s
[43.288s][info][gc,start       ] GC(251) Pause Young (Allocation Failure)
[43.289s][info][gc,heap        ] GC(251) PSYoungGen: 238080K(238080K)->320K(236032K) Eden: 237568K(237568K)->0K(233984K) From: 512K(512K)->320K(2048K)
[43.289s][info][gc,heap        ] GC(251) ParOldGen: 176035K(1398272K)->176179K(1398272K)
[43.289s][info][gc,metaspace   ] GC(251) Metaspace: 60594K(61504K)->60594K(61504K) NonClass: 53033K(53568K)->53033K(53568K) Class: 7561K(7936K)->7561K(7936K)
[43.289s][info][gc             ] GC(251) Pause Young (Allocation Failure) 404M->172M(1596M) 1.044ms
[43.289s][info][gc,cpu         ] GC(251) User=0.00s Sys=0.00s Real=0.00s
[43.369s][info][gc,start       ] GC(252) Pause Young (Allocation Failure)
[43.370s][info][gc,heap        ] GC(252) PSYoungGen: 234304K(236032K)->384K(230912K) Eden: 233984K(233984K)->0K(230400K) From: 320K(2048K)->384K(512K)
[43.370s][info][gc,heap        ] GC(252) ParOldGen: 176179K(1398272K)->176179K(1398272K)
[43.370s][info][gc,metaspace   ] GC(252) Metaspace: 60594K(61504K)->60594K(61504K) NonClass: 53033K(53568K)->53033K(53568K) Class: 7561K(7936K)->7561K(7936K)
[43.370s][info][gc             ] GC(252) Pause Young (Allocation Failure) 400M->172M(1591M) 1.436ms
[43.370s][info][gc,cpu         ] GC(252) User=0.00s Sys=0.00s Real=0.00s
[43.449s][info][gc,start       ] GC(253) Pause Young (Allocation Failure)
[43.450s][info][gc,heap        ] GC(253) PSYoungGen: 230784K(230912K)->384K(229376K) Eden: 230400K(230400K)->0K(227328K) From: 384K(512K)->384K(2048K)
[43.450s][info][gc,heap        ] GC(253) ParOldGen: 176179K(1398272K)->176179K(1398272K)
[43.450s][info][gc,metaspace   ] GC(253) Metaspace: 60594K(61504K)->60594K(61504K) NonClass: 53033K(53568K)->53033K(53568K) Class: 7561K(7936K)->7561K(7936K)
[43.450s][info][gc             ] GC(253) Pause Young (Allocation Failure) 397M->172M(1589M) 0.997ms
[43.450s][info][gc,cpu         ] GC(253) User=0.00s Sys=0.00s Real=0.00s
[43.534s][info][gc,start       ] GC(254) Pause Young (Allocation Failure)
[43.535s][info][gc,heap        ] GC(254) PSYoungGen: 227712K(229376K)->352K(224768K) Eden: 227328K(227328K)->0K(224256K) From: 384K(2048K)->352K(512K)
[43.535s][info][gc,heap        ] GC(254) ParOldGen: 176179K(1398272K)->176195K(1398272K)
[43.535s][info][gc,metaspace   ] GC(254) Metaspace: 60594K(61504K)->60594K(61504K) NonClass: 53033K(53568K)->53033K(53568K) Class: 7561K(7936K)->7561K(7936K)
[43.535s][info][gc             ] GC(254) Pause Young (Allocation Failure) 394M->172M(1585M) 1.302ms
[43.535s][info][gc,cpu         ] GC(254) User=0.00s Sys=0.00s Real=0.00s
[43.628s][info][gc,start       ] GC(255) Pause Young (Allocation Failure)
[43.629s][info][gc,heap        ] GC(255) PSYoungGen: 224608K(224768K)->416K(222720K) Eden: 224256K(224256K)->0K(221184K) From: 352K(512K)->416K(1536K)
[43.629s][info][gc,heap        ] GC(255) ParOldGen: 176195K(1398272K)->176195K(1398272K)
[43.629s][info][gc,metaspace   ] GC(255) Metaspace: 60594K(61504K)->60594K(61504K) NonClass: 53033K(53568K)->53033K(53568K) Class: 7561K(7936K)->7561K(7936K)
[43.629s][info][gc             ] GC(255) Pause Young (Allocation Failure) 391M->172M(1583M) 1.035ms
[43.629s][info][gc,cpu         ] GC(255) User=0.00s Sys=0.00s Real=0.00s
[43.719s][info][gc,start       ] GC(256) Pause Young (Allocation Failure)
[43.720s][info][gc,heap        ] GC(256) PSYoungGen: 221600K(222720K)->288K(218624K) Eden: 221184K(221184K)->0K(218112K) From: 416K(1536K)->288K(512K)
[43.720s][info][gc,heap        ] GC(256) ParOldGen: 176195K(1398272K)->176211K(1398272K)
[43.720s][info][gc,metaspace   ] GC(256) Metaspace: 60594K(61504K)->60594K(61504K) NonClass: 53033K(53568K)->53033K(53568K) Class: 7561K(7936K)->7561K(7936K)
[43.720s][info][gc             ] GC(256) Pause Young (Allocation Failure) 388M->172M(1579M) 1.331ms
[43.720s][info][gc,cpu         ] GC(256) User=0.00s Sys=0.00s Real=0.00s
[43.805s][info][gc,start       ] GC(257) Pause Young (System.gc())
[43.806s][info][gc,heap        ] GC(257) PSYoungGen: 123570K(218624K)->1056K(219648K) Eden: 123282K(218112K)->0K(218112K) From: 288K(512K)->1056K(1536K)
[43.806s][info][gc,heap        ] GC(257) ParOldGen: 176211K(1398272K)->176235K(1398272K)
[43.806s][info][gc,metaspace   ] GC(257) Metaspace: 60621K(61504K)->60621K(61504K) NonClass: 53060K(53568K)->53060K(53568K) Class: 7561K(7936K)->7561K(7936K)
[43.807s][info][gc             ] GC(257) Pause Young (System.gc()) 292M->173M(1580M) 1.336ms
[43.807s][info][gc,cpu         ] GC(257) User=0.00s Sys=0.00s Real=0.00s
[43.807s][info][gc,start       ] GC(258) Pause Full (System.gc())
[43.807s][info][gc,phases,start] GC(258) Marking Phase
[43.901s][info][gc,phases      ] GC(258) Marking Phase 93.975ms
[43.901s][info][gc,phases,start] GC(258) Summary Phase
[43.901s][info][gc,phases      ] GC(258) Summary Phase 0.015ms
[43.901s][info][gc,phases,start] GC(258) Adjust Roots
[43.911s][info][gc,phases      ] GC(258) Adjust Roots 10.028ms
[43.911s][info][gc,phases,start] GC(258) Compaction Phase
[43.950s][info][gc,phases      ] GC(258) Compaction Phase 38.614ms
[43.950s][info][gc,phases,start] GC(258) Post Compact
[43.951s][info][gc,phases      ] GC(258) Post Compact 1.640ms
[43.951s][info][gc,heap        ] GC(258) PSYoungGen: 1056K(219648K)->0K(219648K) Eden: 0K(218112K)->0K(218112K) From: 1056K(1536K)->0K(1536K)
[43.951s][info][gc,heap        ] GC(258) ParOldGen: 176235K(1398272K)->175632K(1398272K)
[43.951s][info][gc,metaspace   ] GC(258) Metaspace: 60621K(61504K)->60621K(61504K) NonClass: 53060K(53568K)->53060K(53568K) Class: 7561K(7936K)->7561K(7936K)
[43.951s][info][gc             ] GC(258) Pause Full (System.gc()) 173M->171M(1580M) 144.656ms
[43.952s][info][gc,cpu         ] GC(258) User=2.66s Sys=0.00s Real=0.14s
[44.091s][info][gc,start       ] GC(259) Pause Young (Allocation Failure)
[44.092s][info][gc,heap        ] GC(259) PSYoungGen: 218112K(219648K)->1152K(216576K) Eden: 218112K(218112K)->0K(215040K) From: 0K(1536K)->1152K(1536K)
[44.092s][info][gc,heap        ] GC(259) ParOldGen: 175632K(1398272K)->175640K(1398272K)
[44.092s][info][gc,metaspace   ] GC(259) Metaspace: 60670K(61568K)->60670K(61568K) NonClass: 53109K(53632K)->53109K(53632K) Class: 7561K(7936K)->7561K(7936K)
[44.092s][info][gc             ] GC(259) Pause Young (Allocation Failure) 384M->172M(1577M) 1.360ms
[44.092s][info][gc,cpu         ] GC(259) User=0.00s Sys=0.00s Real=0.00s
[44.168s][info][gc,start       ] GC(260) Pause Young (Allocation Failure)
[44.170s][info][gc,heap        ] GC(260) PSYoungGen: 216192K(216576K)->640K(212992K) Eden: 215040K(215040K)->0K(211968K) From: 1152K(1536K)->640K(1024K)
[44.170s][info][gc,heap        ] GC(260) ParOldGen: 175640K(1398272K)->176077K(1398272K)
[44.170s][info][gc,metaspace   ] GC(260) Metaspace: 60670K(61568K)->60670K(61568K) NonClass: 53109K(53632K)->53109K(53632K) Class: 7561K(7936K)->7561K(7936K)
[44.170s][info][gc             ] GC(260) Pause Young (Allocation Failure) 382M->172M(1573M) 1.534ms
[44.170s][info][gc,cpu         ] GC(260) User=0.00s Sys=0.00s Real=0.00s
[44.247s][info][gc,start       ] GC(261) Pause Young (Allocation Failure)
[44.248s][info][gc,heap        ] GC(261) PSYoungGen: 212608K(212992K)->352K(209920K) Eden: 211968K(211968K)->0K(209408K) From: 640K(1024K)->352K(512K)
[44.248s][info][gc,heap        ] GC(261) ParOldGen: 176077K(1398272K)->176277K(1398272K)
[44.248s][info][gc,metaspace   ] GC(261) Metaspace: 60670K(61568K)->60670K(61568K) NonClass: 53109K(53632K)->53109K(53632K) Class: 7561K(7936K)->7561K(7936K)
[44.248s][info][gc             ] GC(261) Pause Young (Allocation Failure) 379M->172M(1570M) 1.238ms
[44.248s][info][gc,cpu         ] GC(261) User=0.00s Sys=0.00s Real=0.00s
[44.316s][info][gc,start       ] GC(262) Pause Young (Allocation Failure)
[44.317s][info][gc,heap        ] GC(262) PSYoungGen: 209760K(209920K)->352K(252928K) Eden: 209408K(209408K)->0K(251392K) From: 352K(512K)->352K(1536K)
[44.317s][info][gc,heap        ] GC(262) ParOldGen: 176277K(1398272K)->176285K(1398272K)
[44.317s][info][gc,metaspace   ] GC(262) Metaspace: 60670K(61568K)->60670K(61568K) NonClass: 53109K(53632K)->53109K(53632K) Class: 7561K(7936K)->7561K(7936K)
[44.317s][info][gc             ] GC(262) Pause Young (Allocation Failure) 376M->172M(1612M) 1.004ms
[44.317s][info][gc,cpu         ] GC(262) User=0.00s Sys=0.00s Real=0.00s
[44.405s][info][gc,start       ] GC(263) Pause Young (Allocation Failure)
[44.407s][info][gc,heap        ] GC(263) PSYoungGen: 251744K(252928K)->352K(248320K) Eden: 251392K(251392K)->0K(247808K) From: 352K(1536K)->352K(512K)
[44.407s][info][gc,heap        ] GC(263) ParOldGen: 176285K(1398272K)->176293K(1398272K)
[44.407s][info][gc,metaspace   ] GC(263) Metaspace: 60670K(61568K)->60670K(61568K) NonClass: 53109K(53632K)->53109K(53632K) Class: 7561K(7936K)->7561K(7936K)
[44.407s][info][gc             ] GC(263) Pause Young (Allocation Failure) 417M->172M(1608M) 1.543ms
[44.407s][info][gc,cpu         ] GC(263) User=0.00s Sys=0.00s Real=0.00s
[44.494s][info][gc,start       ] GC(264) Pause Young (Allocation Failure)
[44.495s][info][gc,heap        ] GC(264) PSYoungGen: 248160K(248320K)->384K(245760K) Eden: 247808K(247808K)->0K(244224K) From: 352K(512K)->384K(1536K)
[44.495s][info][gc,heap        ] GC(264) ParOldGen: 176293K(1398272K)->176293K(1398272K)
[44.495s][info][gc,metaspace   ] GC(264) Metaspace: 60670K(61568K)->60670K(61568K) NonClass: 53109K(53632K)->53109K(53632K) Class: 7561K(7936K)->7561K(7936K)
[44.495s][info][gc             ] GC(264) Pause Young (Allocation Failure) 414M->172M(1605M) 1.012ms
[44.495s][info][gc,cpu         ] GC(264) User=0.00s Sys=0.00s Real=0.00s
[44.588s][info][gc,start       ] GC(265) Pause Young (Allocation Failure)
[44.589s][info][gc,heap        ] GC(265) PSYoungGen: 244608K(245760K)->416K(241152K) Eden: 244224K(244224K)->0K(240640K) From: 384K(1536K)->416K(512K)
[44.589s][info][gc,heap        ] GC(265) ParOldGen: 176293K(1398272K)->176293K(1398272K)
[44.589s][info][gc,metaspace   ] GC(265) Metaspace: 60670K(61568K)->60670K(61568K) NonClass: 53109K(53632K)->53109K(53632K) Class: 7561K(7936K)->7561K(7936K)
[44.589s][info][gc             ] GC(265) Pause Young (Allocation Failure) 411M->172M(1601M) 1.249ms
[44.589s][info][gc,cpu         ] GC(265) User=0.00s Sys=0.00s Real=0.00s
[44.680s][info][gc,start       ] GC(266) Pause Young (Allocation Failure)
[44.681s][info][gc,heap        ] GC(266) PSYoungGen: 241056K(241152K)->352K(238592K) Eden: 240640K(240640K)->0K(237056K) From: 416K(512K)->352K(1536K)
[44.681s][info][gc,heap        ] GC(266) ParOldGen: 176293K(1398272K)->176301K(1398272K)
[44.681s][info][gc,metaspace   ] GC(266) Metaspace: 60670K(61568K)->60670K(61568K) NonClass: 53109K(53632K)->53109K(53632K) Class: 7561K(7936K)->7561K(7936K)
[44.681s][info][gc             ] GC(266) Pause Young (Allocation Failure) 407M->172M(1598M) 1.009ms
[44.681s][info][gc,cpu         ] GC(266) User=0.00s Sys=0.00s Real=0.00s
[44.766s][info][gc,start       ] GC(267) Pause Young (System.gc())
[44.767s][info][gc,heap        ] GC(267) PSYoungGen: 151735K(238592K)->1056K(238592K) Eden: 151383K(237056K)->0K(237056K) From: 352K(1536K)->1056K(1536K)
[44.767s][info][gc,heap        ] GC(267) ParOldGen: 176301K(1398272K)->176317K(1398272K)
[44.767s][info][gc,metaspace   ] GC(267) Metaspace: 60682K(61568K)->60682K(61568K) NonClass: 53120K(53632K)->53120K(53632K) Class: 7561K(7936K)->7561K(7936K)
[44.767s][info][gc             ] GC(267) Pause Young (System.gc()) 320M->173M(1598M) 1.257ms
[44.767s][info][gc,cpu         ] GC(267) User=0.00s Sys=0.00s Real=0.00s
[44.767s][info][gc,start       ] GC(268) Pause Full (System.gc())
[44.767s][info][gc,phases,start] GC(268) Marking Phase
[44.864s][info][gc,phases      ] GC(268) Marking Phase 96.972ms
[44.864s][info][gc,phases,start] GC(268) Summary Phase
[44.865s][info][gc,phases      ] GC(268) Summary Phase 0.015ms
[44.865s][info][gc,phases,start] GC(268) Adjust Roots
[44.874s][info][gc,phases      ] GC(268) Adjust Roots 9.559ms
[44.874s][info][gc,phases,start] GC(268) Compaction Phase
[44.910s][info][gc,phases      ] GC(268) Compaction Phase 35.878ms
[44.910s][info][gc,phases,start] GC(268) Post Compact
[44.912s][info][gc,phases      ] GC(268) Post Compact 1.466ms
[44.912s][info][gc,heap        ] GC(268) PSYoungGen: 1056K(238592K)->0K(238592K) Eden: 0K(237056K)->0K(237056K) From: 1056K(1536K)->0K(1536K)
[44.912s][info][gc,heap        ] GC(268) ParOldGen: 176317K(1398272K)->175663K(1398272K)
[44.912s][info][gc,metaspace   ] GC(268) Metaspace: 60682K(61568K)->60682K(61568K) NonClass: 53120K(53632K)->53120K(53632K) Class: 7561K(7936K)->7561K(7936K)
[44.912s][info][gc             ] GC(268) Pause Full (System.gc()) 173M->171M(1598M) 144.226ms
[44.912s][info][gc,cpu         ] GC(268) User=4.08s Sys=0.00s Real=0.15s
[45.060s][info][gc,start       ] GC(269) Pause Young (Allocation Failure)
[45.061s][info][gc,heap        ] GC(269) PSYoungGen: 237056K(238592K)->1184K(235008K) Eden: 237056K(237056K)->0K(233472K) From: 0K(1536K)->1184K(1536K)
[45.061s][info][gc,heap        ] GC(269) ParOldGen: 175663K(1398272K)->175663K(1398272K)
[45.061s][info][gc,metaspace   ] GC(269) Metaspace: 60701K(61568K)->60701K(61568K) NonClass: 53140K(53632K)->53140K(53632K) Class: 7561K(7936K)->7561K(7936K)
[45.061s][info][gc             ] GC(269) Pause Young (Allocation Failure) 403M->172M(1595M) 1.298ms
[45.061s][info][gc,cpu         ] GC(269) User=0.00s Sys=0.00s Real=0.00s
[45.142s][info][gc,start       ] GC(270) Pause Young (Allocation Failure)
[45.143s][info][gc,heap        ] GC(270) PSYoungGen: 234656K(235008K)->512K(230400K) Eden: 233472K(233472K)->0K(229888K) From: 1184K(1536K)->512K(512K)
[45.143s][info][gc,heap        ] GC(270) ParOldGen: 175663K(1398272K)->176092K(1398272K)
[45.143s][info][gc,metaspace   ] GC(270) Metaspace: 60702K(61568K)->60702K(61568K) NonClass: 53140K(53632K)->53140K(53632K) Class: 7561K(7936K)->7561K(7936K)
[45.143s][info][gc             ] GC(270) Pause Young (Allocation Failure) 400M->172M(1590M) 1.170ms
[45.143s][info][gc,cpu         ] GC(270) User=0.00s Sys=0.00s Real=0.00s
[45.229s][info][gc,start       ] GC(271) Pause Young (Allocation Failure)
[45.230s][info][gc,heap        ] GC(271) PSYoungGen: 230400K(230400K)->256K(228352K) Eden: 229888K(229888K)->0K(226816K) From: 512K(512K)->256K(1536K)
[45.230s][info][gc,heap        ] GC(271) ParOldGen: 176092K(1398272K)->176244K(1398272K)
[45.230s][info][gc,metaspace   ] GC(271) Metaspace: 60702K(61568K)->60702K(61568K) NonClass: 53140K(53632K)->53140K(53632K) Class: 7561K(7936K)->7561K(7936K)
[45.230s][info][gc             ] GC(271) Pause Young (Allocation Failure) 396M->172M(1588M) 0.961ms
[45.230s][info][gc,cpu         ] GC(271) User=0.00s Sys=0.00s Real=0.00s
[45.313s][info][gc,start       ] GC(272) Pause Young (Allocation Failure)
[45.315s][info][gc,heap        ] GC(272) PSYoungGen: 227072K(228352K)->352K(224256K) Eden: 226816K(226816K)->0K(223744K) From: 256K(1536K)->352K(512K)
[45.315s][info][gc,heap        ] GC(272) ParOldGen: 176244K(1398272K)->176252K(1398272K)
[45.315s][info][gc,metaspace   ] GC(272) Metaspace: 60702K(61568K)->60702K(61568K) NonClass: 53140K(53632K)->53140K(53632K) Class: 7561K(7936K)->7561K(7936K)
[45.315s][info][gc             ] GC(272) Pause Young (Allocation Failure) 393M->172M(1584M) 1.810ms
[45.315s][info][gc,cpu         ] GC(272) User=0.00s Sys=0.02s Real=0.02s
[45.399s][info][gc,start       ] GC(273) Pause Young (Allocation Failure)
[45.399s][info][gc,heap        ] GC(273) PSYoungGen: 224096K(224256K)->384K(222208K) Eden: 223744K(223744K)->0K(220672K) From: 352K(512K)->384K(1536K)
[45.399s][info][gc,heap        ] GC(273) ParOldGen: 176252K(1398272K)->176252K(1398272K)
[45.399s][info][gc,metaspace   ] GC(273) Metaspace: 60702K(61568K)->60702K(61568K) NonClass: 53140K(53632K)->53140K(53632K) Class: 7561K(7936K)->7561K(7936K)
[45.399s][info][gc             ] GC(273) Pause Young (Allocation Failure) 390M->172M(1582M) 0.929ms
[45.399s][info][gc,cpu         ] GC(273) User=0.00s Sys=0.00s Real=0.00s
[45.481s][info][gc,start       ] GC(274) Pause Young (Allocation Failure)
[45.482s][info][gc,heap        ] GC(274) PSYoungGen: 221056K(222208K)->352K(218112K) Eden: 220672K(220672K)->0K(217600K) From: 384K(1536K)->352K(512K)
[45.482s][info][gc,heap        ] GC(274) ParOldGen: 176252K(1398272K)->176260K(1398272K)
[45.482s][info][gc,metaspace   ] GC(274) Metaspace: 60702K(61568K)->60702K(61568K) NonClass: 53140K(53632K)->53140K(53632K) Class: 7561K(7936K)->7561K(7936K)
[45.482s][info][gc             ] GC(274) Pause Young (Allocation Failure) 387M->172M(1578M) 1.309ms
[45.482s][info][gc,cpu         ] GC(274) User=0.00s Sys=0.00s Real=0.00s
[45.571s][info][gc,start       ] GC(275) Pause Young (Allocation Failure)
[45.572s][info][gc,heap        ] GC(275) PSYoungGen: 217952K(218112K)->352K(216064K) Eden: 217600K(217600K)->0K(214528K) From: 352K(512K)->352K(1536K)
[45.572s][info][gc,heap        ] GC(275) ParOldGen: 176260K(1398272K)->176276K(1398272K)
[45.572s][info][gc,metaspace   ] GC(275) Metaspace: 60702K(61568K)->60702K(61568K) NonClass: 53140K(53632K)->53140K(53632K) Class: 7561K(7936K)->7561K(7936K)
[45.572s][info][gc             ] GC(275) Pause Young (Allocation Failure) 384M->172M(1576M) 0.934ms
[45.572s][info][gc,cpu         ] GC(275) User=0.00s Sys=0.00s Real=0.00s
[45.651s][info][gc,start       ] GC(276) Pause Young (Allocation Failure)
[45.652s][info][gc,heap        ] GC(276) PSYoungGen: 214880K(216064K)->320K(211968K) Eden: 214528K(214528K)->0K(211456K) From: 352K(1536K)->320K(512K)
[45.652s][info][gc,heap        ] GC(276) ParOldGen: 176276K(1398272K)->176276K(1398272K)
[45.652s][info][gc,metaspace   ] GC(276) Metaspace: 60702K(61568K)->60702K(61568K) NonClass: 53140K(53632K)->53140K(53632K) Class: 7561K(7936K)->7561K(7936K)
[45.652s][info][gc             ] GC(276) Pause Young (Allocation Failure) 381M->172M(1572M) 1.772ms
[45.652s][info][gc,cpu         ] GC(276) User=0.00s Sys=0.00s Real=0.00s
[45.759s][info][gc,start       ] GC(277) Pause Young (System.gc())
[45.760s][info][gc,heap        ] GC(277) PSYoungGen: 184342K(211968K)->1056K(212992K) Eden: 184022K(211456K)->0K(211456K) From: 320K(512K)->1056K(1536K)
[45.760s][info][gc,heap        ] GC(277) ParOldGen: 176276K(1398272K)->176308K(1398272K)
[45.760s][info][gc,metaspace   ] GC(277) Metaspace: 60713K(61568K)->60713K(61568K) NonClass: 53152K(53632K)->53152K(53632K) Class: 7561K(7936K)->7561K(7936K)
[45.760s][info][gc             ] GC(277) Pause Young (System.gc()) 352M->173M(1573M) 1.202ms
[45.760s][info][gc,cpu         ] GC(277) User=0.00s Sys=0.00s Real=0.00s
[45.760s][info][gc,start       ] GC(278) Pause Full (System.gc())
[45.760s][info][gc,phases,start] GC(278) Marking Phase
[45.857s][info][gc,phases      ] GC(278) Marking Phase 96.897ms
[45.857s][info][gc,phases,start] GC(278) Summary Phase
[45.857s][info][gc,phases      ] GC(278) Summary Phase 0.016ms
[45.857s][info][gc,phases,start] GC(278) Adjust Roots
[45.866s][info][gc,phases      ] GC(278) Adjust Roots 9.218ms
[45.866s][info][gc,phases,start] GC(278) Compaction Phase
[45.905s][info][gc,phases      ] GC(278) Compaction Phase 38.802ms
[45.905s][info][gc,phases,start] GC(278) Post Compact
[45.907s][info][gc,phases      ] GC(278) Post Compact 1.613ms
[45.907s][info][gc,heap        ] GC(278) PSYoungGen: 1056K(212992K)->0K(212992K) Eden: 0K(211456K)->0K(211456K) From: 1056K(1536K)->0K(1536K)
[45.907s][info][gc,heap        ] GC(278) ParOldGen: 176308K(1398272K)->175687K(1398272K)
[45.907s][info][gc,metaspace   ] GC(278) Metaspace: 60713K(61568K)->60713K(61568K) NonClass: 53152K(53632K)->53152K(53632K) Class: 7561K(7936K)->7561K(7936K)
[45.907s][info][gc             ] GC(278) Pause Full (System.gc()) 173M->171M(1573M) 146.922ms
[45.907s][info][gc,cpu         ] GC(278) User=2.66s Sys=0.00s Real=0.14s
[46.047s][info][gc,start       ] GC(279) Pause Young (Allocation Failure)
[46.048s][info][gc,heap        ] GC(279) PSYoungGen: 211456K(212992K)->1184K(210432K) Eden: 211456K(211456K)->0K(208896K) From: 0K(1536K)->1184K(1536K)
[46.048s][info][gc,heap        ] GC(279) ParOldGen: 175687K(1398272K)->175695K(1398272K)
[46.048s][info][gc,metaspace   ] GC(279) Metaspace: 60772K(61632K)->60772K(61632K) NonClass: 53208K(53696K)->53208K(53696K) Class: 7563K(7936K)->7563K(7936K)
[46.048s][info][gc             ] GC(279) Pause Young (Allocation Failure) 378M->172M(1571M) 1.378ms
[46.048s][info][gc,cpu         ] GC(279) User=0.00s Sys=0.00s Real=0.00s
[46.131s][info][gc,start       ] GC(280) Pause Young (Allocation Failure)
[46.133s][info][gc,heap        ] GC(280) PSYoungGen: 210080K(210432K)->608K(207360K) Eden: 208896K(208896K)->0K(206336K) From: 1184K(1536K)->608K(1024K)
[46.133s][info][gc,heap        ] GC(280) ParOldGen: 175695K(1398272K)->176140K(1398272K)
[46.133s][info][gc,metaspace   ] GC(280) Metaspace: 60814K(61696K)->60814K(61696K) NonClass: 53250K(53760K)->53250K(53760K) Class: 7563K(7936K)->7563K(7936K)
[46.133s][info][gc             ] GC(280) Pause Young (Allocation Failure) 376M->172M(1568M) 1.228ms
[46.133s][info][gc,cpu         ] GC(280) User=0.00s Sys=0.00s Real=0.00s
[46.205s][info][gc,start       ] GC(281) Pause Young (Allocation Failure)
[46.206s][info][gc,heap        ] GC(281) PSYoungGen: 206944K(207360K)->256K(204288K) Eden: 206336K(206336K)->0K(203776K) From: 608K(1024K)->256K(512K)
[46.206s][info][gc,heap        ] GC(281) ParOldGen: 176140K(1398272K)->176348K(1398272K)
[46.206s][info][gc,metaspace   ] GC(281) Metaspace: 60814K(61696K)->60814K(61696K) NonClass: 53250K(53760K)->53250K(53760K) Class: 7563K(7936K)->7563K(7936K)
[46.206s][info][gc             ] GC(281) Pause Young (Allocation Failure) 374M->172M(1565M) 1.306ms
[46.206s][info][gc,cpu         ] GC(281) User=0.00s Sys=0.00s Real=0.00s
[46.278s][info][gc,start       ] GC(282) Pause Young (Allocation Failure)
[46.279s][info][gc,heap        ] GC(282) PSYoungGen: 204032K(204288K)->288K(246272K) Eden: 203776K(203776K)->0K(244736K) From: 256K(512K)->288K(1536K)
[46.279s][info][gc,heap        ] GC(282) ParOldGen: 176348K(1398272K)->176356K(1398272K)
[46.279s][info][gc,metaspace   ] GC(282) Metaspace: 60814K(61696K)->60814K(61696K) NonClass: 53250K(53760K)->53250K(53760K) Class: 7563K(7936K)->7563K(7936K)
[46.279s][info][gc             ] GC(282) Pause Young (Allocation Failure) 371M->172M(1606M) 1.085ms
[46.279s][info][gc,cpu         ] GC(282) User=0.00s Sys=0.00s Real=0.00s
[46.356s][info][gc,start       ] GC(283) Pause Young (Allocation Failure)
[46.357s][info][gc,heap        ] GC(283) PSYoungGen: 245024K(246272K)->352K(260096K) Eden: 244736K(244736K)->0K(258560K) From: 288K(1536K)->352K(1536K)
[46.357s][info][gc,heap        ] GC(283) ParOldGen: 176356K(1398272K)->176364K(1398272K)
[46.357s][info][gc,metaspace   ] GC(283) Metaspace: 60814K(61696K)->60814K(61696K) NonClass: 53250K(53760K)->53250K(53760K) Class: 7563K(7936K)->7563K(7936K)
[46.357s][info][gc             ] GC(283) Pause Young (Allocation Failure) 411M->172M(1619M) 1.079ms
[46.357s][info][gc,cpu         ] GC(283) User=0.00s Sys=0.00s Real=0.00s
[46.445s][info][gc,start       ] GC(284) Pause Young (Allocation Failure)
[46.446s][info][gc,heap        ] GC(284) PSYoungGen: 258912K(260096K)->384K(260096K) Eden: 258560K(258560K)->0K(258560K) From: 352K(1536K)->384K(1536K)
[46.446s][info][gc,heap        ] GC(284) ParOldGen: 176364K(1398272K)->176364K(1398272K)
[46.446s][info][gc,metaspace   ] GC(284) Metaspace: 60814K(61696K)->60814K(61696K) NonClass: 53250K(53760K)->53250K(53760K) Class: 7563K(7936K)->7563K(7936K)
[46.446s][info][gc             ] GC(284) Pause Young (Allocation Failure) 425M->172M(1619M) 1.183ms
[46.447s][info][gc,cpu         ] GC(284) User=0.00s Sys=0.00s Real=0.00s
[46.535s][info][gc,start       ] GC(285) Pause Young (Allocation Failure)
[46.536s][info][gc,heap        ] GC(285) PSYoungGen: 258944K(260096K)->352K(254976K) Eden: 258560K(258560K)->0K(254464K) From: 384K(1536K)->352K(512K)
[46.536s][info][gc,heap        ] GC(285) ParOldGen: 176364K(1398272K)->176364K(1398272K)
[46.536s][info][gc,metaspace   ] GC(285) Metaspace: 60814K(61696K)->60814K(61696K) NonClass: 53250K(53760K)->53250K(53760K) Class: 7563K(7936K)->7563K(7936K)
[46.536s][info][gc             ] GC(285) Pause Young (Allocation Failure) 425M->172M(1614M) 1.089ms
[46.536s][info][gc,cpu         ] GC(285) User=0.00s Sys=0.00s Real=0.00s
[46.616s][info][gc,start       ] GC(286) Pause Young (Allocation Failure)
[46.617s][info][gc,heap        ] GC(286) PSYoungGen: 254816K(254976K)->288K(307200K) Eden: 254464K(254464K)->0K(305664K) From: 352K(512K)->288K(1536K)
[46.617s][info][gc,heap        ] GC(286) ParOldGen: 176364K(1398272K)->176372K(1398272K)
[46.617s][info][gc,metaspace   ] GC(286) Metaspace: 60814K(61696K)->60814K(61696K) NonClass: 53250K(53760K)->53250K(53760K) Class: 7563K(7936K)->7563K(7936K)
[46.617s][info][gc             ] GC(286) Pause Young (Allocation Failure) 421M->172M(1665M) 0.998ms
[46.617s][info][gc,cpu         ] GC(286) User=0.00s Sys=0.00s Real=0.00s
[46.717s][info][gc,start       ] GC(287) Pause Young (System.gc())
[46.718s][info][gc,heap        ] GC(287) PSYoungGen: 147171K(307200K)->1056K(307200K) Eden: 146883K(305664K)->0K(305664K) From: 288K(1536K)->1056K(1536K)
[46.718s][info][gc,heap        ] GC(287) ParOldGen: 176372K(1398272K)->176396K(1398272K)
[46.718s][info][gc,metaspace   ] GC(287) Metaspace: 60863K(61760K)->60863K(61760K) NonClass: 53298K(53760K)->53298K(53760K) Class: 7565K(8000K)->7565K(8000K)
[46.718s][info][gc             ] GC(287) Pause Young (System.gc()) 315M->173M(1665M) 1.310ms
[46.718s][info][gc,cpu         ] GC(287) User=0.00s Sys=0.00s Real=0.00s
[46.719s][info][gc,start       ] GC(288) Pause Full (System.gc())
[46.719s][info][gc,phases,start] GC(288) Marking Phase
[46.813s][info][gc,phases      ] GC(288) Marking Phase 94.705ms
[46.813s][info][gc,phases,start] GC(288) Summary Phase
[46.813s][info][gc,phases      ] GC(288) Summary Phase 0.015ms
[46.813s][info][gc,phases,start] GC(288) Adjust Roots
[46.823s][info][gc,phases      ] GC(288) Adjust Roots 9.772ms
[46.823s][info][gc,phases,start] GC(288) Compaction Phase
[46.852s][info][gc,phases      ] GC(288) Compaction Phase 29.165ms
[46.852s][info][gc,phases,start] GC(288) Post Compact
[46.854s][info][gc,phases      ] GC(288) Post Compact 1.296ms
[46.854s][info][gc,heap        ] GC(288) PSYoungGen: 1056K(307200K)->0K(307200K) Eden: 0K(305664K)->0K(305664K) From: 1056K(1536K)->0K(1536K)
[46.854s][info][gc,heap        ] GC(288) ParOldGen: 176396K(1398272K)->175720K(1398272K)
[46.854s][info][gc,metaspace   ] GC(288) Metaspace: 60863K(61760K)->60863K(61760K) NonClass: 53298K(53760K)->53298K(53760K) Class: 7565K(8000K)->7565K(8000K)
[46.854s][info][gc             ] GC(288) Pause Full (System.gc()) 173M->171M(1665M) 135.215ms
[46.854s][info][gc,cpu         ] GC(288) User=3.38s Sys=0.23s Real=0.13s
[47.021s][info][gc,start       ] GC(289) Pause Young (Allocation Failure)
[47.022s][info][gc,heap        ] GC(289) PSYoungGen: 305664K(307200K)->1184K(302080K) Eden: 305664K(305664K)->0K(300544K) From: 0K(1536K)->1184K(1536K)
[47.022s][info][gc,heap        ] GC(289) ParOldGen: 175720K(1398272K)->175720K(1398272K)
[47.022s][info][gc,metaspace   ] GC(289) Metaspace: 60890K(61824K)->60890K(61824K) NonClass: 53323K(53824K)->53323K(53824K) Class: 7566K(8000K)->7566K(8000K)
[47.022s][info][gc             ] GC(289) Pause Young (Allocation Failure) 470M->172M(1660M) 1.293ms
[47.022s][info][gc,cpu         ] GC(289) User=0.00s Sys=0.00s Real=0.00s
[47.125s][info][gc,start       ] GC(290) Pause Young (Allocation Failure)
[47.126s][info][gc,heap        ] GC(290) PSYoungGen: 301728K(302080K)->512K(295936K) Eden: 300544K(300544K)->0K(295424K) From: 1184K(1536K)->512K(512K)
[47.126s][info][gc,heap        ] GC(290) ParOldGen: 175720K(1398272K)->176149K(1398272K)
[47.126s][info][gc,metaspace   ] GC(290) Metaspace: 60890K(61824K)->60890K(61824K) NonClass: 53323K(53824K)->53323K(53824K) Class: 7566K(8000K)->7566K(8000K)
[47.127s][info][gc             ] GC(290) Pause Young (Allocation Failure) 466M->172M(1654M) 1.278ms
[47.127s][info][gc,cpu         ] GC(290) User=0.00s Sys=0.00s Real=0.00s
[47.234s][info][gc,start       ] GC(291) Pause Young (Allocation Failure)
[47.235s][info][gc,heap        ] GC(291) PSYoungGen: 295936K(295936K)->352K(292352K) Eden: 295424K(295424K)->0K(290304K) From: 512K(512K)->352K(2048K)
[47.235s][info][gc,heap        ] GC(291) ParOldGen: 176149K(1398272K)->176293K(1398272K)
[47.235s][info][gc,metaspace   ] GC(291) Metaspace: 60890K(61824K)->60890K(61824K) NonClass: 53323K(53824K)->53323K(53824K) Class: 7566K(8000K)->7566K(8000K)
[47.235s][info][gc             ] GC(291) Pause Young (Allocation Failure) 461M->172M(1651M) 1.068ms
[47.235s][info][gc,cpu         ] GC(291) User=0.00s Sys=0.00s Real=0.00s
[47.333s][info][gc,start       ] GC(292) Pause Young (Allocation Failure)
[47.334s][info][gc,heap        ] GC(292) PSYoungGen: 290656K(292352K)->992K(286208K) Eden: 290304K(290304K)->0K(285184K) From: 352K(2048K)->992K(1024K)
[47.334s][info][gc,heap        ] GC(292) ParOldGen: 176293K(1398272K)->176301K(1398272K)
[47.334s][info][gc,metaspace   ] GC(292) Metaspace: 60891K(61824K)->60891K(61824K) NonClass: 53324K(53824K)->53324K(53824K) Class: 7566K(8000K)->7566K(8000K)
[47.334s][info][gc             ] GC(292) Pause Young (Allocation Failure) 456M->173M(1645M) 1.184ms
[47.334s][info][gc,cpu         ] GC(292) User=0.47s Sys=0.00s Real=0.02s
[47.431s][info][gc,start       ] GC(293) Pause Young (Allocation Failure)
[47.432s][info][gc,heap        ] GC(293) PSYoungGen: 286176K(286208K)->256K(282624K) Eden: 285184K(285184K)->0K(280576K) From: 992K(1024K)->256K(2048K)
[47.432s][info][gc,heap        ] GC(293) ParOldGen: 176301K(1398272K)->176509K(1398272K)
[47.432s][info][gc,metaspace   ] GC(293) Metaspace: 60891K(61824K)->60891K(61824K) NonClass: 53324K(53824K)->53324K(53824K) Class: 7566K(8000K)->7566K(8000K)
[47.432s][info][gc             ] GC(293) Pause Young (Allocation Failure) 451M->172M(1641M) 1.201ms
[47.432s][info][gc,cpu         ] GC(293) User=0.00s Sys=0.00s Real=0.00s
[47.527s][info][gc,start       ] GC(294) Pause Young (Allocation Failure)
[47.528s][info][gc,heap        ] GC(294) PSYoungGen: 280832K(282624K)->320K(276480K) Eden: 280576K(280576K)->0K(275968K) From: 256K(2048K)->320K(512K)
[47.528s][info][gc,heap        ] GC(294) ParOldGen: 176509K(1398272K)->176517K(1398272K)
[47.528s][info][gc,metaspace   ] GC(294) Metaspace: 60891K(61824K)->60891K(61824K) NonClass: 53324K(53824K)->53324K(53824K) Class: 7566K(8000K)->7566K(8000K)
[47.528s][info][gc             ] GC(294) Pause Young (Allocation Failure) 446M->172M(1635M) 1.131ms
[47.528s][info][gc,cpu         ] GC(294) User=0.00s Sys=0.00s Real=0.00s
[47.664s][info][gc,start       ] GC(295) Pause Young (System.gc())
[47.665s][info][gc,heap        ] GC(295) PSYoungGen: 235220K(276480K)->1056K(277504K) Eden: 234900K(275968K)->0K(275968K) From: 320K(512K)->1056K(1536K)
[47.665s][info][gc,heap        ] GC(295) ParOldGen: 176517K(1398272K)->176525K(1398272K)
[47.665s][info][gc,metaspace   ] GC(295) Metaspace: 60899K(61824K)->60899K(61824K) NonClass: 53333K(53824K)->53333K(53824K) Class: 7566K(8000K)->7566K(8000K)
[47.665s][info][gc             ] GC(295) Pause Young (System.gc()) 402M->173M(1636M) 1.236ms
[47.665s][info][gc,cpu         ] GC(295) User=0.00s Sys=0.00s Real=0.00s
[47.665s][info][gc,start       ] GC(296) Pause Full (System.gc())
[47.665s][info][gc,phases,start] GC(296) Marking Phase
[47.761s][info][gc,phases      ] GC(296) Marking Phase 95.907ms
[47.761s][info][gc,phases,start] GC(296) Summary Phase
[47.761s][info][gc,phases      ] GC(296) Summary Phase 0.016ms
[47.761s][info][gc,phases,start] GC(296) Adjust Roots
[47.772s][info][gc,phases      ] GC(296) Adjust Roots 10.629ms
[47.772s][info][gc,phases,start] GC(296) Compaction Phase
[47.794s][info][gc,phases      ] GC(296) Compaction Phase 22.239ms
[47.794s][info][gc,phases,start] GC(296) Post Compact
[47.795s][info][gc,phases      ] GC(296) Post Compact 1.353ms
[47.796s][info][gc,heap        ] GC(296) PSYoungGen: 1056K(277504K)->0K(277504K) Eden: 0K(275968K)->0K(275968K) From: 1056K(1536K)->0K(1536K)
[47.796s][info][gc,heap        ] GC(296) ParOldGen: 176525K(1398272K)->175753K(1398272K)
[47.796s][info][gc,metaspace   ] GC(296) Metaspace: 60899K(61824K)->60899K(61824K) NonClass: 53333K(53824K)->53333K(53824K) Class: 7566K(8000K)->7566K(8000K)
[47.796s][info][gc             ] GC(296) Pause Full (System.gc()) 173M->171M(1636M) 130.416ms
[47.796s][info][gc,cpu         ] GC(296) User=2.70s Sys=0.00s Real=0.13s
[47.939s][info][gc,start       ] GC(297) Pause Young (Allocation Failure)
[47.940s][info][gc,heap        ] GC(297) PSYoungGen: 275968K(277504K)->1152K(272896K) Eden: 275968K(275968K)->0K(271360K) From: 0K(1536K)->1152K(1536K)
[47.940s][info][gc,heap        ] GC(297) ParOldGen: 175753K(1398272K)->175753K(1398272K)
[47.940s][info][gc,metaspace   ] GC(297) Metaspace: 60901K(61824K)->60901K(61824K) NonClass: 53334K(53824K)->53334K(53824K) Class: 7566K(8000K)->7566K(8000K)
[47.940s][info][gc             ] GC(297) Pause Young (Allocation Failure) 441M->172M(1632M) 1.241ms
[47.940s][info][gc,cpu         ] GC(297) User=0.00s Sys=0.00s Real=0.00s
[48.032s][info][gc,start       ] GC(298) Pause Young (Allocation Failure)
[48.034s][info][gc,heap        ] GC(298) PSYoungGen: 272512K(272896K)->768K(267776K) Eden: 271360K(271360K)->0K(266752K) From: 1152K(1536K)->768K(1024K)
[48.034s][info][gc,heap        ] GC(298) ParOldGen: 175753K(1398272K)->176188K(1398272K)
[48.034s][info][gc,metaspace   ] GC(298) Metaspace: 60901K(61824K)->60901K(61824K) NonClass: 53334K(53824K)->53334K(53824K) Class: 7566K(8000K)->7566K(8000K)
[48.034s][info][gc             ] GC(298) Pause Young (Allocation Failure) 437M->172M(1627M) 1.406ms
[48.034s][info][gc,cpu         ] GC(298) User=0.00s Sys=0.00s Real=0.00s
[48.128s][info][gc,start       ] GC(299) Pause Young (Allocation Failure)
[48.129s][info][gc,heap        ] GC(299) PSYoungGen: 267520K(267776K)->288K(263168K) Eden: 266752K(266752K)->0K(262656K) From: 768K(1024K)->288K(512K)
[48.129s][info][gc,heap        ] GC(299) ParOldGen: 176188K(1398272K)->176380K(1398272K)
[48.129s][info][gc,metaspace   ] GC(299) Metaspace: 60901K(61824K)->60901K(61824K) NonClass: 53334K(53824K)->53334K(53824K) Class: 7566K(8000K)->7566K(8000K)
[48.129s][info][gc             ] GC(299) Pause Young (Allocation Failure) 433M->172M(1622M) 1.269ms
[48.129s][info][gc,cpu         ] GC(299) User=0.00s Sys=0.00s Real=0.00s
[48.215s][info][gc,start       ] GC(300) Pause Young (Allocation Failure)
[48.216s][info][gc,heap        ] GC(300) PSYoungGen: 262944K(263168K)->416K(260608K) Eden: 262656K(262656K)->0K(258560K) From: 288K(512K)->416K(2048K)
[48.216s][info][gc,heap        ] GC(300) ParOldGen: 176380K(1398272K)->176380K(1398272K)
[48.216s][info][gc,metaspace   ] GC(300) Metaspace: 60901K(61824K)->60901K(61824K) NonClass: 53334K(53824K)->53334K(53824K) Class: 7566K(8000K)->7566K(8000K)
[48.216s][info][gc             ] GC(300) Pause Young (Allocation Failure) 429M->172M(1620M) 0.954ms
[48.216s][info][gc,cpu         ] GC(300) User=0.00s Sys=0.00s Real=0.00s
[48.307s][info][gc,start       ] GC(301) Pause Young (Allocation Failure)
[48.308s][info][gc,heap        ] GC(301) PSYoungGen: 258976K(260608K)->320K(254976K) Eden: 258560K(258560K)->0K(254464K) From: 416K(2048K)->320K(512K)
[48.308s][info][gc,heap        ] GC(301) ParOldGen: 176380K(1398272K)->176388K(1398272K)
[48.308s][info][gc,metaspace   ] GC(301) Metaspace: 60901K(61824K)->60901K(61824K) NonClass: 53334K(53824K)->53334K(53824K) Class: 7566K(8000K)->7566K(8000K)
[48.308s][info][gc             ] GC(301) Pause Young (Allocation Failure) 425M->172M(1614M) 1.145ms
[48.309s][info][gc,cpu         ] GC(301) User=0.00s Sys=0.00s Real=0.00s
[48.400s][info][gc,start       ] GC(302) Pause Young (Allocation Failure)
[48.401s][info][gc,heap        ] GC(302) PSYoungGen: 254784K(254976K)->320K(251904K) Eden: 254464K(254464K)->0K(250368K) From: 320K(512K)->320K(1536K)
[48.401s][info][gc,heap        ] GC(302) ParOldGen: 176388K(1398272K)->176396K(1398272K)
[48.401s][info][gc,metaspace   ] GC(302) Metaspace: 60901K(61824K)->60901K(61824K) NonClass: 53334K(53824K)->53334K(53824K) Class: 7566K(8000K)->7566K(8000K)
[48.401s][info][gc             ] GC(302) Pause Young (Allocation Failure) 421M->172M(1611M) 0.975ms
[48.401s][info][gc,cpu         ] GC(302) User=0.00s Sys=0.00s Real=0.00s
[48.499s][info][gc,start       ] GC(303) Pause Young (Allocation Failure)
[48.500s][info][gc,heap        ] GC(303) PSYoungGen: 250688K(251904K)->384K(247296K) Eden: 250368K(250368K)->0K(246784K) From: 320K(1536K)->384K(512K)
[48.500s][info][gc,heap        ] GC(303) ParOldGen: 176396K(1398272K)->176396K(1398272K)
[48.500s][info][gc,metaspace   ] GC(303) Metaspace: 60901K(61824K)->60901K(61824K) NonClass: 53334K(53824K)->53334K(53824K) Class: 7566K(8000K)->7566K(8000K)
[48.500s][info][gc             ] GC(303) Pause Young (Allocation Failure) 417M->172M(1607M) 1.348ms
[48.500s][info][gc,cpu         ] GC(303) User=0.00s Sys=0.00s Real=0.00s
[48.605s][info][gc,start       ] GC(304) Pause Young (System.gc())
[48.606s][info][gc,heap        ] GC(304) PSYoungGen: 149363K(247296K)->1056K(248320K) Eden: 148979K(246784K)->0K(246784K) From: 384K(512K)->1056K(1536K)
[48.606s][info][gc,heap        ] GC(304) ParOldGen: 176396K(1398272K)->176412K(1398272K)
[48.606s][info][gc,metaspace   ] GC(304) Metaspace: 60901K(61824K)->60901K(61824K) NonClass: 53334K(53824K)->53334K(53824K) Class: 7566K(8000K)->7566K(8000K)
[48.606s][info][gc             ] GC(304) Pause Young (System.gc()) 318M->173M(1608M) 1.204ms
[48.606s][info][gc,cpu         ] GC(304) User=0.00s Sys=0.00s Real=0.00s
[48.606s][info][gc,start       ] GC(305) Pause Full (System.gc())
[48.606s][info][gc,phases,start] GC(305) Marking Phase
[48.701s][info][gc,phases      ] GC(305) Marking Phase 94.805ms
[48.701s][info][gc,phases,start] GC(305) Summary Phase
[48.701s][info][gc,phases      ] GC(305) Summary Phase 0.015ms
[48.701s][info][gc,phases,start] GC(305) Adjust Roots
[48.710s][info][gc,phases      ] GC(305) Adjust Roots 9.116ms
[48.710s][info][gc,phases,start] GC(305) Compaction Phase
[48.761s][info][gc,phases      ] GC(305) Compaction Phase 50.631ms
[48.761s][info][gc,phases,start] GC(305) Post Compact
[48.763s][info][gc,phases      ] GC(305) Post Compact 1.636ms
[48.763s][info][gc,heap        ] GC(305) PSYoungGen: 1056K(248320K)->0K(248320K) Eden: 0K(246784K)->0K(246784K) From: 1056K(1536K)->0K(1536K)
[48.763s][info][gc,heap        ] GC(305) ParOldGen: 176412K(1398272K)->175783K(1398272K)
[48.763s][info][gc,metaspace   ] GC(305) Metaspace: 60901K(61824K)->60901K(61824K) NonClass: 53334K(53824K)->53334K(53824K) Class: 7566K(8000K)->7566K(8000K)
[48.763s][info][gc             ] GC(305) Pause Full (System.gc()) 173M->171M(1608M) 156.582ms
[48.763s][info][gc,cpu         ] GC(305) User=3.16s Sys=0.00s Real=0.16s
[48.916s][info][gc,start       ] GC(306) Pause Young (Allocation Failure)
[48.917s][info][gc,heap        ] GC(306) PSYoungGen: 246784K(248320K)->1184K(244736K) Eden: 246784K(246784K)->0K(243200K) From: 0K(1536K)->1184K(1536K)
[48.917s][info][gc,heap        ] GC(306) ParOldGen: 175783K(1398272K)->175783K(1398272K)
[48.917s][info][gc,metaspace   ] GC(306) Metaspace: 60920K(61824K)->60920K(61824K) NonClass: 53353K(53824K)->53353K(53824K) Class: 7566K(8000K)->7566K(8000K)
[48.917s][info][gc             ] GC(306) Pause Young (Allocation Failure) 412M->172M(1604M) 1.164ms
[48.918s][info][gc,cpu         ] GC(306) User=0.00s Sys=0.00s Real=0.00s
[49.000s][info][gc,start       ] GC(307) Pause Young (Allocation Failure)
[49.001s][info][gc,heap        ] GC(307) PSYoungGen: 244384K(244736K)->672K(240640K) Eden: 243200K(243200K)->0K(239616K) From: 1184K(1536K)->672K(1024K)
[49.001s][info][gc,heap        ] GC(307) ParOldGen: 175783K(1398272K)->176228K(1398272K)
[49.001s][info][gc,metaspace   ] GC(307) Metaspace: 60920K(61824K)->60920K(61824K) NonClass: 53353K(53824K)->53353K(53824K) Class: 7566K(8000K)->7566K(8000K)
[49.001s][info][gc             ] GC(307) Pause Young (Allocation Failure) 410M->172M(1600M) 1.414ms
[49.001s][info][gc,cpu         ] GC(307) User=0.00s Sys=0.00s Real=0.00s
[49.085s][info][gc,start       ] GC(308) Pause Young (Allocation Failure)
[49.087s][info][gc,heap        ] GC(308) PSYoungGen: 240288K(240640K)->224K(236544K) Eden: 239616K(239616K)->0K(236032K) From: 672K(1024K)->224K(512K)
[49.087s][info][gc,heap        ] GC(308) ParOldGen: 176228K(1398272K)->176436K(1398272K)
[49.087s][info][gc,metaspace   ] GC(308) Metaspace: 60920K(61824K)->60920K(61824K) NonClass: 53353K(53824K)->53353K(53824K) Class: 7566K(8000K)->7566K(8000K)
[49.087s][info][gc             ] GC(308) Pause Young (Allocation Failure) 406M->172M(1596M) 1.260ms
[49.087s][info][gc,cpu         ] GC(308) User=0.00s Sys=0.00s Real=0.00s
[49.168s][info][gc,start       ] GC(309) Pause Young (Allocation Failure)
[49.169s][info][gc,heap        ] GC(309) PSYoungGen: 236256K(236544K)->352K(233984K) Eden: 236032K(236032K)->0K(232448K) From: 224K(512K)->352K(1536K)
[49.169s][info][gc,heap        ] GC(309) ParOldGen: 176436K(1398272K)->176436K(1398272K)
[49.169s][info][gc,metaspace   ] GC(309) Metaspace: 60920K(61824K)->60920K(61824K) NonClass: 53353K(53824K)->53353K(53824K) Class: 7566K(8000K)->7566K(8000K)
[49.169s][info][gc             ] GC(309) Pause Young (Allocation Failure) 403M->172M(1594M) 1.051ms
[49.169s][info][gc,cpu         ] GC(309) User=0.00s Sys=0.00s Real=0.00s
[49.247s][info][gc,start       ] GC(310) Pause Young (Allocation Failure)
[49.249s][info][gc,heap        ] GC(310) PSYoungGen: 232800K(233984K)->320K(229888K) Eden: 232448K(232448K)->0K(229376K) From: 352K(1536K)->320K(512K)
[49.249s][info][gc,heap        ] GC(310) ParOldGen: 176436K(1398272K)->176436K(1398272K)
[49.249s][info][gc,metaspace   ] GC(310) Metaspace: 60920K(61824K)->60920K(61824K) NonClass: 53353K(53824K)->53353K(53824K) Class: 7566K(8000K)->7566K(8000K)
[49.249s][info][gc             ] GC(310) Pause Young (Allocation Failure) 399M->172M(1590M) 1.335ms
[49.249s][info][gc,cpu         ] GC(310) User=0.00s Sys=0.00s Real=0.00s
[49.321s][info][gc,start       ] GC(311) Pause Young (Allocation Failure)
[49.322s][info][gc,heap        ] GC(311) PSYoungGen: 229696K(229888K)->320K(276992K) Eden: 229376K(229376K)->0K(275456K) From: 320K(512K)->320K(1536K)
[49.322s][info][gc,heap        ] GC(311) ParOldGen: 176436K(1398272K)->176452K(1398272K)
[49.322s][info][gc,metaspace   ] GC(311) Metaspace: 60920K(61824K)->60920K(61824K) NonClass: 53353K(53824K)->53353K(53824K) Class: 7566K(8000K)->7566K(8000K)
[49.322s][info][gc             ] GC(311) Pause Young (Allocation Failure) 396M->172M(1636M) 0.982ms
[49.322s][info][gc,cpu         ] GC(311) User=0.00s Sys=0.00s Real=0.00s
[49.425s][info][gc,start       ] GC(312) Pause Young (Allocation Failure)
[49.426s][info][gc,heap        ] GC(312) PSYoungGen: 275776K(276992K)->352K(271360K) Eden: 275456K(275456K)->0K(270848K) From: 320K(1536K)->352K(512K)
[49.426s][info][gc,heap        ] GC(312) ParOldGen: 176452K(1398272K)->176452K(1398272K)
[49.426s][info][gc,metaspace   ] GC(312) Metaspace: 60920K(61824K)->60920K(61824K) NonClass: 53353K(53824K)->53353K(53824K) Class: 7566K(8000K)->7566K(8000K)
[49.426s][info][gc             ] GC(312) Pause Young (Allocation Failure) 441M->172M(1630M) 1.123ms
[49.426s][info][gc,cpu         ] GC(312) User=0.00s Sys=0.00s Real=0.00s
[49.527s][info][gc,start       ] GC(313) Pause Young (Allocation Failure)
[49.528s][info][gc,heap        ] GC(313) PSYoungGen: 271200K(271360K)->480K(267776K) Eden: 270848K(270848K)->0K(266240K) From: 352K(512K)->480K(1536K)
[49.528s][info][gc,heap        ] GC(313) ParOldGen: 176452K(1398272K)->176468K(1398272K)
[49.528s][info][gc,metaspace   ] GC(313) Metaspace: 60920K(61824K)->60920K(61824K) NonClass: 53353K(53824K)->53353K(53824K) Class: 7566K(8000K)->7566K(8000K)
[49.528s][info][gc             ] GC(313) Pause Young (Allocation Failure) 437M->172M(1627M) 1.055ms
[49.528s][info][gc,cpu         ] GC(313) User=0.00s Sys=0.00s Real=0.00s
[49.563s][info][gc,start       ] GC(314) Pause Young (System.gc())
[49.564s][info][gc,heap        ] GC(314) PSYoungGen: 13390K(267776K)->1056K(267776K) Eden: 12910K(266240K)->0K(266240K) From: 480K(1536K)->1056K(1536K)
[49.564s][info][gc,heap        ] GC(314) ParOldGen: 176468K(1398272K)->176508K(1398272K)
[49.564s][info][gc,metaspace   ] GC(314) Metaspace: 60923K(61824K)->60923K(61824K) NonClass: 53357K(53824K)->53357K(53824K) Class: 7566K(8000K)->7566K(8000K)
[49.564s][info][gc             ] GC(314) Pause Young (System.gc()) 185M->173M(1627M) 1.217ms
[49.564s][info][gc,cpu         ] GC(314) User=0.00s Sys=0.00s Real=0.00s
[49.564s][info][gc,start       ] GC(315) Pause Full (System.gc())
[49.564s][info][gc,phases,start] GC(315) Marking Phase
[49.659s][info][gc,phases      ] GC(315) Marking Phase 94.549ms
[49.659s][info][gc,phases,start] GC(315) Summary Phase
[49.659s][info][gc,phases      ] GC(315) Summary Phase 0.018ms
[49.659s][info][gc,phases,start] GC(315) Adjust Roots
[49.668s][info][gc,phases      ] GC(315) Adjust Roots 9.482ms
[49.668s][info][gc,phases,start] GC(315) Compaction Phase
[49.706s][info][gc,phases      ] GC(315) Compaction Phase 38.114ms
[49.706s][info][gc,phases,start] GC(315) Post Compact
[49.708s][info][gc,phases      ] GC(315) Post Compact 1.658ms
[49.708s][info][gc,heap        ] GC(315) PSYoungGen: 1056K(267776K)->0K(267776K) Eden: 0K(266240K)->0K(266240K) From: 1056K(1536K)->0K(1536K)
[49.708s][info][gc,heap        ] GC(315) ParOldGen: 176508K(1398272K)->175815K(1398272K)
[49.708s][info][gc,metaspace   ] GC(315) Metaspace: 60923K(61824K)->60923K(61824K) NonClass: 53357K(53824K)->53357K(53824K) Class: 7566K(8000K)->7566K(8000K)
[49.708s][info][gc             ] GC(315) Pause Full (System.gc()) 173M->171M(1627M) 144.257ms
[49.708s][info][gc,cpu         ] GC(315) User=3.14s Sys=0.00s Real=0.15s
[49.863s][info][gc,start       ] GC(316) Pause Young (Allocation Failure)
[49.865s][info][gc,heap        ] GC(316) PSYoungGen: 266240K(267776K)->1152K(263680K) Eden: 266240K(266240K)->0K(262144K) From: 0K(1536K)->1152K(1536K)
[49.865s][info][gc,heap        ] GC(316) ParOldGen: 175815K(1398272K)->175823K(1398272K)
[49.865s][info][gc,metaspace   ] GC(316) Metaspace: 60926K(61824K)->60926K(61824K) NonClass: 53359K(53824K)->53359K(53824K) Class: 7566K(8000K)->7566K(8000K)
[49.865s][info][gc             ] GC(316) Pause Young (Allocation Failure) 431M->172M(1623M) 1.315ms
[49.865s][info][gc,cpu         ] GC(316) User=0.00s Sys=0.00s Real=0.00s
[49.955s][info][gc,start       ] GC(317) Pause Young (Allocation Failure)
[49.956s][info][gc,heap        ] GC(317) PSYoungGen: 263296K(263680K)->512K(258560K) Eden: 262144K(262144K)->0K(258048K) From: 1152K(1536K)->512K(512K)
[49.956s][info][gc,heap        ] GC(317) ParOldGen: 175823K(1398272K)->176266K(1398272K)
[49.956s][info][gc,metaspace   ] GC(317) Metaspace: 60926K(61824K)->60926K(61824K) NonClass: 53359K(53824K)->53359K(53824K) Class: 7566K(8000K)->7566K(8000K)
[49.956s][info][gc             ] GC(317) Pause Young (Allocation Failure) 428M->172M(1618M) 1.280ms
[49.956s][info][gc,cpu         ] GC(317) User=0.02s Sys=0.00s Real=0.02s
[50.054s][info][gc,start       ] GC(318) Pause Young (Allocation Failure)
[50.054s][info][gc,heap        ] GC(318) PSYoungGen: 258560K(258560K)->256K(256000K) Eden: 258048K(258048K)->0K(253952K) From: 512K(512K)->256K(2048K)
[50.055s][info][gc,heap        ] GC(318) ParOldGen: 176266K(1398272K)->176466K(1398272K)
[50.055s][info][gc,metaspace   ] GC(318) Metaspace: 60926K(61824K)->60926K(61824K) NonClass: 53359K(53824K)->53359K(53824K) Class: 7566K(8000K)->7566K(8000K)
[50.055s][info][gc             ] GC(318) Pause Young (Allocation Failure) 424M->172M(1615M) 1.050ms
[50.055s][info][gc,cpu         ] GC(318) User=0.00s Sys=0.00s Real=0.00s
[50.142s][info][gc,start       ] GC(319) Pause Young (Allocation Failure)
[50.143s][info][gc,heap        ] GC(319) PSYoungGen: 254208K(256000K)->320K(250368K) Eden: 253952K(253952K)->0K(249856K) From: 256K(2048K)->320K(512K)
[50.143s][info][gc,heap        ] GC(319) ParOldGen: 176466K(1398272K)->176466K(1398272K)
[50.143s][info][gc,metaspace   ] GC(319) Metaspace: 60926K(61824K)->60926K(61824K) NonClass: 53359K(53824K)->53359K(53824K) Class: 7566K(8000K)->7566K(8000K)
[50.143s][info][gc             ] GC(319) Pause Young (Allocation Failure) 420M->172M(1610M) 1.176ms
[50.143s][info][gc,cpu         ] GC(319) User=0.00s Sys=0.00s Real=0.00s
[50.236s][info][gc,start       ] GC(320) Pause Young (Allocation Failure)
[50.237s][info][gc,heap        ] GC(320) PSYoungGen: 250176K(250368K)->416K(247808K) Eden: 249856K(249856K)->0K(246272K) From: 320K(512K)->416K(1536K)
[50.237s][info][gc,heap        ] GC(320) ParOldGen: 176466K(1398272K)->176466K(1398272K)
[50.237s][info][gc,metaspace   ] GC(320) Metaspace: 60926K(61824K)->60926K(61824K) NonClass: 53359K(53824K)->53359K(53824K) Class: 7566K(8000K)->7566K(8000K)
[50.237s][info][gc             ] GC(320) Pause Young (Allocation Failure) 416M->172M(1607M) 0.965ms
[50.237s][info][gc,cpu         ] GC(320) User=0.00s Sys=0.00s Real=0.00s
[50.337s][info][gc,start       ] GC(321) Pause Young (Allocation Failure)
[50.338s][info][gc,heap        ] GC(321) PSYoungGen: 246688K(247808K)->416K(243200K) Eden: 246272K(246272K)->0K(242688K) From: 416K(1536K)->416K(512K)
[50.338s][info][gc,heap        ] GC(321) ParOldGen: 176466K(1398272K)->176482K(1398272K)
[50.338s][info][gc,metaspace   ] GC(321) Metaspace: 60926K(61824K)->60926K(61824K) NonClass: 53359K(53824K)->53359K(53824K) Class: 7566K(8000K)->7566K(8000K)
[50.338s][info][gc             ] GC(321) Pause Young (Allocation Failure) 413M->172M(1603M) 1.305ms
[50.338s][info][gc,cpu         ] GC(321) User=0.00s Sys=0.00s Real=0.00s
[50.431s][info][gc,start       ] GC(322) Pause Young (Allocation Failure)
[50.432s][info][gc,heap        ] GC(322) PSYoungGen: 243104K(243200K)->320K(240640K) Eden: 242688K(242688K)->0K(239104K) From: 416K(512K)->320K(1536K)
[50.432s][info][gc,heap        ] GC(322) ParOldGen: 176482K(1398272K)->176490K(1398272K)
[50.432s][info][gc,metaspace   ] GC(322) Metaspace: 60926K(61824K)->60926K(61824K) NonClass: 53359K(53824K)->53359K(53824K) Class: 7566K(8000K)->7566K(8000K)
[50.432s][info][gc             ] GC(322) Pause Young (Allocation Failure) 409M->172M(1600M) 1.013ms
[50.432s][info][gc,cpu         ] GC(322) User=0.00s Sys=0.00s Real=0.00s
[50.527s][info][gc,start       ] GC(323) Pause Young (System.gc())
[50.528s][info][gc,heap        ] GC(323) PSYoungGen: 207023K(240640K)->1056K(240640K) Eden: 206703K(239104K)->0K(239104K) From: 320K(1536K)->1056K(1536K)
[50.528s][info][gc,heap        ] GC(323) ParOldGen: 176490K(1398272K)->176506K(1398272K)
[50.528s][info][gc,metaspace   ] GC(323) Metaspace: 60941K(61888K)->60941K(61888K) NonClass: 53374K(53888K)->53374K(53888K) Class: 7566K(8000K)->7566K(8000K)
[50.528s][info][gc             ] GC(323) Pause Young (System.gc()) 374M->173M(1600M) 1.217ms
[50.528s][info][gc,cpu         ] GC(323) User=0.00s Sys=0.00s Real=0.00s
[50.528s][info][gc,start       ] GC(324) Pause Full (System.gc())
[50.528s][info][gc,phases,start] GC(324) Marking Phase
[50.621s][info][gc,phases      ] GC(324) Marking Phase 93.022ms
[50.621s][info][gc,phases,start] GC(324) Summary Phase
[50.621s][info][gc,phases      ] GC(324) Summary Phase 0.015ms
[50.621s][info][gc,phases,start] GC(324) Adjust Roots
[50.629s][info][gc,phases      ] GC(324) Adjust Roots 7.413ms
[50.629s][info][gc,phases,start] GC(324) Compaction Phase
[50.677s][info][gc,phases      ] GC(324) Compaction Phase 47.849ms
[50.677s][info][gc,phases,start] GC(324) Post Compact
[50.678s][info][gc,phases      ] GC(324) Post Compact 1.656ms
[50.678s][info][gc,heap        ] GC(324) PSYoungGen: 1056K(240640K)->0K(240640K) Eden: 0K(239104K)->0K(239104K) From: 1056K(1536K)->0K(1536K)
[50.679s][info][gc,heap        ] GC(324) ParOldGen: 176506K(1398272K)->175846K(1398272K)
[50.679s][info][gc,metaspace   ] GC(324) Metaspace: 60941K(61888K)->60941K(61888K) NonClass: 53374K(53888K)->53374K(53888K) Class: 7566K(8000K)->7566K(8000K)
[50.679s][info][gc             ] GC(324) Pause Full (System.gc()) 173M->171M(1600M) 150.390ms
[50.679s][info][gc,cpu         ] GC(324) User=3.14s Sys=0.00s Real=0.14s
[50.826s][info][gc,start       ] GC(325) Pause Young (Allocation Failure)
[50.828s][info][gc,heap        ] GC(325) PSYoungGen: 239104K(240640K)->1152K(237056K) Eden: 239104K(239104K)->0K(235520K) From: 0K(1536K)->1152K(1536K)
[50.828s][info][gc,heap        ] GC(325) ParOldGen: 175846K(1398272K)->175846K(1398272K)
[50.828s][info][gc,metaspace   ] GC(325) Metaspace: 60976K(61952K)->60976K(61952K) NonClass: 53409K(53952K)->53409K(53952K) Class: 7566K(8000K)->7566K(8000K)
[50.828s][info][gc             ] GC(325) Pause Young (Allocation Failure) 405M->172M(1597M) 1.399ms
[50.828s][info][gc,cpu         ] GC(325) User=0.00s Sys=0.00s Real=0.00s
[50.916s][info][gc,start       ] GC(326) Pause Young (Allocation Failure)
[50.917s][info][gc,heap        ] GC(326) PSYoungGen: 236672K(237056K)->512K(232448K) Eden: 235520K(235520K)->0K(231936K) From: 1152K(1536K)->512K(512K)
[50.917s][info][gc,heap        ] GC(326) ParOldGen: 175846K(1398272K)->176291K(1398272K)
[50.917s][info][gc,metaspace   ] GC(326) Metaspace: 60976K(61952K)->60976K(61952K) NonClass: 53409K(53952K)->53409K(53952K) Class: 7566K(8000K)->7566K(8000K)
[50.917s][info][gc             ] GC(326) Pause Young (Allocation Failure) 402M->172M(1592M) 1.121ms
[50.917s][info][gc,cpu         ] GC(326) User=0.00s Sys=0.00s Real=0.00s
[50.997s][info][gc,start       ] GC(327) Pause Young (Allocation Failure)
[50.997s][info][gc,heap        ] GC(327) PSYoungGen: 232448K(232448K)->352K(230912K) Eden: 231936K(231936K)->0K(228864K) From: 512K(512K)->352K(2048K)
[50.998s][info][gc,heap        ] GC(327) ParOldGen: 176291K(1398272K)->176459K(1398272K)
[50.998s][info][gc,metaspace   ] GC(327) Metaspace: 60976K(61952K)->60976K(61952K) NonClass: 53409K(53952K)->53409K(53952K) Class: 7566K(8000K)->7566K(8000K)
[50.998s][info][gc             ] GC(327) Pause Young (Allocation Failure) 399M->172M(1591M) 1.000ms
[50.998s][info][gc,cpu         ] GC(327) User=0.00s Sys=0.00s Real=0.00s
[51.071s][info][gc,start       ] GC(328) Pause Young (Allocation Failure)
[51.072s][info][gc,heap        ] GC(328) PSYoungGen: 229216K(230912K)->320K(226304K) Eden: 228864K(228864K)->0K(225792K) From: 352K(2048K)->320K(512K)
[51.072s][info][gc,heap        ] GC(328) ParOldGen: 176459K(1398272K)->176459K(1398272K)
[51.072s][info][gc,metaspace   ] GC(328) Metaspace: 60976K(61952K)->60976K(61952K) NonClass: 53409K(53952K)->53409K(53952K) Class: 7566K(8000K)->7566K(8000K)
[51.072s][info][gc             ] GC(328) Pause Young (Allocation Failure) 396M->172M(1586M) 1.505ms
[51.072s][info][gc,cpu         ] GC(328) User=0.00s Sys=0.00s Real=0.00s
[51.143s][info][gc,start       ] GC(329) Pause Young (Allocation Failure)
[51.144s][info][gc,heap        ] GC(329) PSYoungGen: 226112K(226304K)->288K(224256K) Eden: 225792K(225792K)->0K(222720K) From: 320K(512K)->288K(1536K)
[51.144s][info][gc,heap        ] GC(329) ParOldGen: 176459K(1398272K)->176467K(1398272K)
[51.144s][info][gc,metaspace   ] GC(329) Metaspace: 60976K(61952K)->60976K(61952K) NonClass: 53409K(53952K)->53409K(53952K) Class: 7566K(8000K)->7566K(8000K)
[51.144s][info][gc             ] GC(329) Pause Young (Allocation Failure) 393M->172M(1584M) 1.027ms
[51.144s][info][gc,cpu         ] GC(329) User=0.00s Sys=0.00s Real=0.00s
[51.214s][info][gc,start       ] GC(330) Pause Young (Allocation Failure)
[51.215s][info][gc,heap        ] GC(330) PSYoungGen: 223008K(224256K)->288K(267776K) Eden: 222720K(222720K)->0K(267264K) From: 288K(1536K)->288K(512K)
[51.215s][info][gc,heap        ] GC(330) ParOldGen: 176467K(1398272K)->176475K(1398272K)
[51.215s][info][gc,metaspace   ] GC(330) Metaspace: 60976K(61952K)->60976K(61952K) NonClass: 53409K(53952K)->53409K(53952K) Class: 7566K(8000K)->7566K(8000K)
[51.215s][info][gc             ] GC(330) Pause Young (Allocation Failure) 390M->172M(1627M) 1.089ms
[51.215s][info][gc,cpu         ] GC(330) User=0.00s Sys=0.00s Real=0.00s
[51.307s][info][gc,start       ] GC(331) Pause Young (Allocation Failure)
[51.308s][info][gc,heap        ] GC(331) PSYoungGen: 267552K(267776K)->352K(264704K) Eden: 267264K(267264K)->0K(263168K) From: 288K(512K)->352K(1536K)
[51.308s][info][gc,heap        ] GC(331) ParOldGen: 176475K(1398272K)->176475K(1398272K)
[51.308s][info][gc,metaspace   ] GC(331) Metaspace: 60976K(61952K)->60976K(61952K) NonClass: 53409K(53952K)->53409K(53952K) Class: 7566K(8000K)->7566K(8000K)
[51.308s][info][gc             ] GC(331) Pause Young (Allocation Failure) 433M->172M(1624M) 1.011ms
[51.308s][info][gc,cpu         ] GC(331) User=0.00s Sys=0.00s Real=0.00s
[51.399s][info][gc,start       ] GC(332) Pause Young (Allocation Failure)
[51.400s][info][gc,heap        ] GC(332) PSYoungGen: 263520K(264704K)->288K(259584K) Eden: 263168K(263168K)->0K(259072K) From: 352K(1536K)->288K(512K)
[51.400s][info][gc,heap        ] GC(332) ParOldGen: 176475K(1398272K)->176483K(1398272K)
[51.400s][info][gc,metaspace   ] GC(332) Metaspace: 60976K(61952K)->60976K(61952K) NonClass: 53409K(53952K)->53409K(53952K) Class: 7566K(8000K)->7566K(8000K)
[51.400s][info][gc             ] GC(332) Pause Young (Allocation Failure) 429M->172M(1619M) 1.335ms
[51.400s][info][gc,cpu         ] GC(332) User=0.00s Sys=0.00s Real=0.00s
[51.452s][info][gc,start       ] GC(333) Pause Young (System.gc())
[51.454s][info][gc,heap        ] GC(333) PSYoungGen: 73458K(259584K)->1056K(260608K) Eden: 73170K(259072K)->0K(259072K) From: 288K(512K)->1056K(1536K)
[51.454s][info][gc,heap        ] GC(333) ParOldGen: 176483K(1398272K)->176507K(1398272K)
[51.454s][info][gc,metaspace   ] GC(333) Metaspace: 61011K(61952K)->61011K(61952K) NonClass: 53445K(53952K)->53445K(53952K) Class: 7566K(8000K)->7566K(8000K)
[51.454s][info][gc             ] GC(333) Pause Young (System.gc()) 244M->173M(1620M) 1.298ms
[51.454s][info][gc,cpu         ] GC(333) User=0.00s Sys=0.00s Real=0.00s
[51.454s][info][gc,start       ] GC(334) Pause Full (System.gc())
[51.454s][info][gc,phases,start] GC(334) Marking Phase
[51.548s][info][gc,phases      ] GC(334) Marking Phase 93.874ms
[51.548s][info][gc,phases,start] GC(334) Summary Phase
[51.548s][info][gc,phases      ] GC(334) Summary Phase 0.017ms
[51.548s][info][gc,phases,start] GC(334) Adjust Roots
[51.558s][info][gc,phases      ] GC(334) Adjust Roots 9.684ms
[51.558s][info][gc,phases,start] GC(334) Compaction Phase
[51.596s][info][gc,phases      ] GC(334) Compaction Phase 38.431ms
[51.596s][info][gc,phases,start] GC(334) Post Compact
[51.598s][info][gc,phases      ] GC(334) Post Compact 1.631ms
[51.598s][info][gc,heap        ] GC(334) PSYoungGen: 1056K(260608K)->0K(260608K) Eden: 0K(259072K)->0K(259072K) From: 1056K(1536K)->0K(1536K)
[51.598s][info][gc,heap        ] GC(334) ParOldGen: 176507K(1398272K)->175878K(1398272K)
[51.598s][info][gc,metaspace   ] GC(334) Metaspace: 61011K(61952K)->61011K(61952K) NonClass: 53445K(53952K)->53445K(53952K) Class: 7566K(8000K)->7566K(8000K)
[51.598s][info][gc             ] GC(334) Pause Full (System.gc()) 173M->171M(1620M) 144.070ms
[51.598s][info][gc,cpu         ] GC(334) User=2.64s Sys=0.00s Real=0.15s
[51.753s][info][gc,start       ] GC(335) Pause Young (Allocation Failure)
[51.754s][info][gc,heap        ] GC(335) PSYoungGen: 259072K(260608K)->1152K(256512K) Eden: 259072K(259072K)->0K(254976K) From: 0K(1536K)->1152K(1536K)
[51.754s][info][gc,heap        ] GC(335) ParOldGen: 175878K(1398272K)->175878K(1398272K)
[51.754s][info][gc,metaspace   ] GC(335) Metaspace: 61013K(61952K)->61013K(61952K) NonClass: 53446K(53952K)->53446K(53952K) Class: 7566K(8000K)->7566K(8000K)
[51.754s][info][gc             ] GC(335) Pause Young (Allocation Failure) 424M->172M(1616M) 1.275ms
[51.754s][info][gc,cpu         ] GC(335) User=0.00s Sys=0.00s Real=0.00s
[51.844s][info][gc,start       ] GC(336) Pause Young (Allocation Failure)
[51.846s][info][gc,heap        ] GC(336) PSYoungGen: 256128K(256512K)->640K(251904K) Eden: 254976K(254976K)->0K(250880K) From: 1152K(1536K)->640K(1024K)
[51.846s][info][gc,heap        ] GC(336) ParOldGen: 175878K(1398272K)->176338K(1398272K)
[51.846s][info][gc,metaspace   ] GC(336) Metaspace: 61013K(61952K)->61013K(61952K) NonClass: 53446K(53952K)->53446K(53952K) Class: 7566K(8000K)->7566K(8000K)
[51.846s][info][gc             ] GC(336) Pause Young (Allocation Failure) 421M->172M(1611M) 1.426ms
[51.846s][info][gc,cpu         ] GC(336) User=0.00s Sys=0.00s Real=0.00s
[51.933s][info][gc,start       ] GC(337) Pause Young (Allocation Failure)
[51.949s][info][gc,heap        ] GC(337) PSYoungGen: 251520K(251904K)->256K(247808K) Eden: 250880K(250880K)->0K(247296K) From: 640K(1024K)->256K(512K)
[51.949s][info][gc,heap        ] GC(337) ParOldGen: 176338K(1398272K)->176562K(1398272K)
[51.949s][info][gc,metaspace   ] GC(337) Metaspace: 61013K(61952K)->61013K(61952K) NonClass: 53446K(53952K)->53446K(53952K) Class: 7566K(8000K)->7566K(8000K)
[51.949s][info][gc             ] GC(337) Pause Young (Allocation Failure) 417M->172M(1607M) 16.311ms
[51.949s][info][gc,cpu         ] GC(337) User=0.00s Sys=0.00s Real=0.02s
[52.034s][info][gc,start       ] GC(338) Pause Young (Allocation Failure)
[52.035s][info][gc,heap        ] GC(338) PSYoungGen: 247552K(247808K)->384K(245248K) Eden: 247296K(247296K)->0K(243712K) From: 256K(512K)->384K(1536K)
[52.035s][info][gc,heap        ] GC(338) ParOldGen: 176562K(1398272K)->176562K(1398272K)
[52.035s][info][gc,metaspace   ] GC(338) Metaspace: 61013K(61952K)->61013K(61952K) NonClass: 53446K(53952K)->53446K(53952K) Class: 7566K(8000K)->7566K(8000K)
[52.035s][info][gc             ] GC(338) Pause Young (Allocation Failure) 414M->172M(1605M) 0.930ms
[52.035s][info][gc,cpu         ] GC(338) User=0.00s Sys=0.00s Real=0.00s
[52.119s][info][gc,start       ] GC(339) Pause Young (Allocation Failure)
[52.120s][info][gc,heap        ] GC(339) PSYoungGen: 244096K(245248K)->320K(240640K) Eden: 243712K(243712K)->0K(240128K) From: 384K(1536K)->320K(512K)
[52.120s][info][gc,heap        ] GC(339) ParOldGen: 176562K(1398272K)->176562K(1398272K)
[52.120s][info][gc,metaspace   ] GC(339) Metaspace: 61013K(61952K)->61013K(61952K) NonClass: 53446K(53952K)->53446K(53952K) Class: 7566K(8000K)->7566K(8000K)
[52.120s][info][gc             ] GC(339) Pause Young (Allocation Failure) 410M->172M(1600M) 1.354ms
[52.120s][info][gc,cpu         ] GC(339) User=0.00s Sys=0.00s Real=0.00s
[52.211s][info][gc,start       ] GC(340) Pause Young (Allocation Failure)
[52.212s][info][gc,heap        ] GC(340) PSYoungGen: 240448K(240640K)->384K(238080K) Eden: 240128K(240128K)->0K(236544K) From: 320K(512K)->384K(1536K)
[52.212s][info][gc,heap        ] GC(340) ParOldGen: 176562K(1398272K)->176562K(1398272K)
[52.212s][info][gc,metaspace   ] GC(340) Metaspace: 61013K(61952K)->61013K(61952K) NonClass: 53446K(53952K)->53446K(53952K) Class: 7566K(8000K)->7566K(8000K)
[52.212s][info][gc             ] GC(340) Pause Young (Allocation Failure) 407M->172M(1598M) 0.958ms
[52.212s][info][gc,cpu         ] GC(340) User=0.00s Sys=0.00s Real=0.00s
[52.301s][info][gc,start       ] GC(341) Pause Young (Allocation Failure)
[52.302s][info][gc,heap        ] GC(341) PSYoungGen: 236928K(238080K)->352K(233472K) Eden: 236544K(236544K)->0K(232960K) From: 384K(1536K)->352K(512K)
[52.302s][info][gc,heap        ] GC(341) ParOldGen: 176562K(1398272K)->176578K(1398272K)
[52.302s][info][gc,metaspace   ] GC(341) Metaspace: 61013K(61952K)->61013K(61952K) NonClass: 53446K(53952K)->53446K(53952K) Class: 7566K(8000K)->7566K(8000K)
[52.302s][info][gc             ] GC(341) Pause Young (Allocation Failure) 403M->172M(1593M) 1.318ms
[52.302s][info][gc,cpu         ] GC(341) User=0.00s Sys=0.00s Real=0.00s
[52.406s][info][gc,start       ] GC(342) Pause Young (Allocation Failure)
[52.407s][info][gc,heap        ] GC(342) PSYoungGen: 233312K(233472K)->1056K(231424K) Eden: 232960K(232960K)->0K(229888K) From: 352K(512K)->1056K(1536K)
[52.407s][info][gc,heap        ] GC(342) ParOldGen: 176578K(1398272K)->176602K(1398272K)
[52.407s][info][gc,metaspace   ] GC(342) Metaspace: 61021K(61952K)->61021K(61952K) NonClass: 53454K(53952K)->53454K(53952K) Class: 7566K(8000K)->7566K(8000K)
[52.407s][info][gc             ] GC(342) Pause Young (Allocation Failure) 400M->173M(1591M) 1.183ms
[52.407s][info][gc,cpu         ] GC(342) User=0.00s Sys=0.00s Real=0.00s
[52.439s][info][gc,start       ] GC(343) Pause Young (System.gc())
[52.440s][info][gc,heap        ] GC(343) PSYoungGen: 27247K(231424K)->1056K(231424K) Eden: 26191K(229888K)->0K(229888K) From: 1056K(1536K)->1056K(1536K)
[52.440s][info][gc,heap        ] GC(343) ParOldGen: 176602K(1398272K)->176818K(1398272K)
[52.440s][info][gc,metaspace   ] GC(343) Metaspace: 61023K(61952K)->61023K(61952K) NonClass: 53457K(53952K)->53457K(53952K) Class: 7566K(8000K)->7566K(8000K)
[52.440s][info][gc             ] GC(343) Pause Young (System.gc()) 199M->173M(1591M) 1.298ms
[52.440s][info][gc,cpu         ] GC(343) User=0.00s Sys=0.00s Real=0.00s
[52.441s][info][gc,start       ] GC(344) Pause Full (System.gc())
[52.441s][info][gc,phases,start] GC(344) Marking Phase
[52.537s][info][gc,phases      ] GC(344) Marking Phase 96.634ms
[52.537s][info][gc,phases,start] GC(344) Summary Phase
[52.537s][info][gc,phases      ] GC(344) Summary Phase 0.016ms
[52.537s][info][gc,phases,start] GC(344) Adjust Roots
[52.548s][info][gc,phases      ] GC(344) Adjust Roots 11.049ms
[52.548s][info][gc,phases,start] GC(344) Compaction Phase
[52.589s][info][gc,phases      ] GC(344) Compaction Phase 40.651ms
[52.589s][info][gc,phases,start] GC(344) Post Compact
[52.591s][info][gc,phases      ] GC(344) Post Compact 1.358ms
[52.591s][info][gc,heap        ] GC(344) PSYoungGen: 1056K(231424K)->0K(231424K) Eden: 0K(229888K)->0K(229888K) From: 1056K(1536K)->0K(1536K)
[52.591s][info][gc,heap        ] GC(344) ParOldGen: 176818K(1398272K)->175909K(1398272K)
[52.591s][info][gc,metaspace   ] GC(344) Metaspace: 61023K(61952K)->61023K(61952K) NonClass: 53457K(53952K)->53457K(53952K) Class: 7566K(8000K)->7566K(8000K)
[52.591s][info][gc             ] GC(344) Pause Full (System.gc()) 173M->171M(1591M) 149.983ms
[52.591s][info][gc,cpu         ] GC(344) User=2.64s Sys=0.00s Real=0.14s
[52.743s][info][gc,start       ] GC(345) Pause Young (Allocation Failure)
[52.744s][info][gc,heap        ] GC(345) PSYoungGen: 229888K(231424K)->1184K(228352K) Eden: 229888K(229888K)->0K(226816K) From: 0K(1536K)->1184K(1536K)
[52.745s][info][gc,heap        ] GC(345) ParOldGen: 175909K(1398272K)->175909K(1398272K)
[52.745s][info][gc,metaspace   ] GC(345) Metaspace: 61056K(62016K)->61056K(62016K) NonClass: 53489K(54016K)->53489K(54016K) Class: 7567K(8000K)->7567K(8000K)
[52.745s][info][gc             ] GC(345) Pause Young (Allocation Failure) 396M->172M(1588M) 1.586ms
[52.745s][info][gc,cpu         ] GC(345) User=0.00s Sys=0.02s Real=0.00s
[52.831s][info][gc,start       ] GC(346) Pause Young (Allocation Failure)
[52.832s][info][gc,heap        ] GC(346) PSYoungGen: 228000K(228352K)->512K(224256K) Eden: 226816K(226816K)->0K(223744K) From: 1184K(1536K)->512K(512K)
[52.832s][info][gc,heap        ] GC(346) ParOldGen: 175909K(1398272K)->176360K(1398272K)
[52.832s][info][gc,metaspace   ] GC(346) Metaspace: 61056K(62016K)->61056K(62016K) NonClass: 53489K(54016K)->53489K(54016K) Class: 7567K(8000K)->7567K(8000K)
[52.832s][info][gc             ] GC(346) Pause Young (Allocation Failure) 394M->172M(1584M) 1.218ms
[52.832s][info][gc,cpu         ] GC(346) User=0.00s Sys=0.00s Real=0.00s
[52.905s][info][gc,start       ] GC(347) Pause Young (Allocation Failure)
[52.906s][info][gc,heap        ] GC(347) PSYoungGen: 224256K(224256K)->288K(222720K) Eden: 223744K(223744K)->0K(220672K) From: 512K(512K)->288K(2048K)
[52.906s][info][gc,heap        ] GC(347) ParOldGen: 176360K(1398272K)->176512K(1398272K)
[52.906s][info][gc,metaspace   ] GC(347) Metaspace: 61056K(62016K)->61056K(62016K) NonClass: 53489K(54016K)->53489K(54016K) Class: 7567K(8000K)->7567K(8000K)
[52.906s][info][gc             ] GC(347) Pause Young (Allocation Failure) 391M->172M(1583M) 0.983ms
[52.906s][info][gc,cpu         ] GC(347) User=0.00s Sys=0.00s Real=0.00s
[52.985s][info][gc,start       ] GC(348) Pause Young (Allocation Failure)
[52.987s][info][gc,heap        ] GC(348) PSYoungGen: 220960K(222720K)->448K(218112K) Eden: 220672K(220672K)->0K(217600K) From: 288K(2048K)->448K(512K)
[52.987s][info][gc,heap        ] GC(348) ParOldGen: 176512K(1398272K)->176512K(1398272K)
[52.987s][info][gc,metaspace   ] GC(348) Metaspace: 61056K(62016K)->61056K(62016K) NonClass: 53489K(54016K)->53489K(54016K) Class: 7567K(8000K)->7567K(8000K)
[52.987s][info][gc             ] GC(348) Pause Young (Allocation Failure) 388M->172M(1578M) 1.405ms
[52.987s][info][gc,cpu         ] GC(348) User=0.00s Sys=0.00s Real=0.00s
[53.065s][info][gc,start       ] GC(349) Pause Young (Allocation Failure)
[53.066s][info][gc,heap        ] GC(349) PSYoungGen: 218048K(218112K)->416K(216576K) Eden: 217600K(217600K)->0K(214528K) From: 448K(512K)->416K(2048K)
[53.066s][info][gc,heap        ] GC(349) ParOldGen: 176512K(1398272K)->176520K(1398272K)
[53.066s][info][gc,metaspace   ] GC(349) Metaspace: 61056K(62016K)->61056K(62016K) NonClass: 53489K(54016K)->53489K(54016K) Class: 7567K(8000K)->7567K(8000K)
[53.066s][info][gc             ] GC(349) Pause Young (Allocation Failure) 385M->172M(1577M) 1.018ms
[53.066s][info][gc,cpu         ] GC(349) User=0.00s Sys=0.00s Real=0.00s
[53.136s][info][gc,start       ] GC(350) Pause Young (Allocation Failure)
[53.137s][info][gc,heap        ] GC(350) PSYoungGen: 214944K(216576K)->384K(258048K) Eden: 214528K(214528K)->0K(257536K) From: 416K(2048K)->384K(512K)
[53.137s][info][gc,heap        ] GC(350) ParOldGen: 176520K(1398272K)->176520K(1398272K)
[53.137s][info][gc,metaspace   ] GC(350) Metaspace: 61056K(62016K)->61056K(62016K) NonClass: 53489K(54016K)->53489K(54016K) Class: 7567K(8000K)->7567K(8000K)
[53.137s][info][gc             ] GC(350) Pause Young (Allocation Failure) 382M->172M(1617M) 1.133ms
[53.137s][info][gc,cpu         ] GC(350) User=0.00s Sys=0.00s Real=0.00s
[53.238s][info][gc,start       ] GC(351) Pause Young (Allocation Failure)
[53.239s][info][gc,heap        ] GC(351) PSYoungGen: 257920K(258048K)->384K(254976K) Eden: 257536K(257536K)->0K(253440K) From: 384K(512K)->384K(1536K)
[53.239s][info][gc,heap        ] GC(351) ParOldGen: 176520K(1398272K)->176520K(1398272K)
[53.239s][info][gc,metaspace   ] GC(351) Metaspace: 61056K(62016K)->61056K(62016K) NonClass: 53489K(54016K)->53489K(54016K) Class: 7567K(8000K)->7567K(8000K)
[53.239s][info][gc             ] GC(351) Pause Young (Allocation Failure) 424M->172M(1614M) 1.077ms
[53.239s][info][gc,cpu         ] GC(351) User=0.00s Sys=0.00s Real=0.00s
[53.341s][info][gc,start       ] GC(352) Pause Young (Allocation Failure)
[53.343s][info][gc,heap        ] GC(352) PSYoungGen: 253824K(254976K)->384K(249856K) Eden: 253440K(253440K)->0K(249344K) From: 384K(1536K)->384K(512K)
[53.343s][info][gc,heap        ] GC(352) ParOldGen: 176520K(1398272K)->176528K(1398272K)
[53.343s][info][gc,metaspace   ] GC(352) Metaspace: 61056K(62016K)->61056K(62016K) NonClass: 53489K(54016K)->53489K(54016K) Class: 7567K(8000K)->7567K(8000K)
[53.343s][info][gc             ] GC(352) Pause Young (Allocation Failure) 420M->172M(1609M) 1.291ms
[53.343s][info][gc,cpu         ] GC(352) User=0.00s Sys=0.00s Real=0.00s
[53.414s][info][gc,start       ] GC(353) Pause Young (System.gc())
[53.416s][info][gc,heap        ] GC(353) PSYoungGen: 144230K(249856K)->1056K(250880K) Eden: 143846K(249344K)->0K(249344K) From: 384K(512K)->1056K(1536K)
[53.416s][info][gc,heap        ] GC(353) ParOldGen: 176528K(1398272K)->176552K(1398272K)
[53.416s][info][gc,metaspace   ] GC(353) Metaspace: 61067K(62016K)->61067K(62016K) NonClass: 53500K(54016K)->53500K(54016K) Class: 7567K(8000K)->7567K(8000K)
[53.416s][info][gc             ] GC(353) Pause Young (System.gc()) 313M->173M(1610M) 1.205ms
[53.416s][info][gc,cpu         ] GC(353) User=0.00s Sys=0.00s Real=0.00s
[53.416s][info][gc,start       ] GC(354) Pause Full (System.gc())
[53.416s][info][gc,phases,start] GC(354) Marking Phase
[53.510s][info][gc,phases      ] GC(354) Marking Phase 94.337ms
[53.510s][info][gc,phases,start] GC(354) Summary Phase
[53.510s][info][gc,phases      ] GC(354) Summary Phase 0.016ms
[53.510s][info][gc,phases,start] GC(354) Adjust Roots
[53.519s][info][gc,phases      ] GC(354) Adjust Roots 8.907ms
[53.519s][info][gc,phases,start] GC(354) Compaction Phase
[53.544s][info][gc,phases      ] GC(354) Compaction Phase 25.082ms
[53.544s][info][gc,phases,start] GC(354) Post Compact
[53.546s][info][gc,phases      ] GC(354) Post Compact 1.407ms
[53.546s][info][gc,heap        ] GC(354) PSYoungGen: 1056K(250880K)->0K(250880K) Eden: 0K(249344K)->0K(249344K) From: 1056K(1536K)->0K(1536K)
[53.546s][info][gc,heap        ] GC(354) ParOldGen: 176552K(1398272K)->175943K(1398272K)
[53.546s][info][gc,metaspace   ] GC(354) Metaspace: 61067K(62016K)->61067K(62016K) NonClass: 53500K(54016K)->53500K(54016K) Class: 7567K(8000K)->7567K(8000K)
[53.546s][info][gc             ] GC(354) Pause Full (System.gc()) 173M->171M(1610M) 130.086ms
[53.546s][info][gc,cpu         ] GC(354) User=3.14s Sys=0.00s Real=0.13s
[53.688s][info][gc,start       ] GC(355) Pause Young (Allocation Failure)
[53.689s][info][gc,heap        ] GC(355) PSYoungGen: 249344K(250880K)->1152K(247296K) Eden: 249344K(249344K)->0K(245760K) From: 0K(1536K)->1152K(1536K)
[53.689s][info][gc,heap        ] GC(355) ParOldGen: 175943K(1398272K)->175943K(1398272K)
[53.689s][info][gc,metaspace   ] GC(355) Metaspace: 61075K(62016K)->61075K(62016K) NonClass: 53507K(54016K)->53507K(54016K) Class: 7567K(8000K)->7567K(8000K)
[53.689s][info][gc             ] GC(355) Pause Young (Allocation Failure) 415M->172M(1607M) 1.199ms
[53.689s][info][gc,cpu         ] GC(355) User=0.00s Sys=0.00s Real=0.00s
[53.773s][info][gc,start       ] GC(356) Pause Young (Allocation Failure)
[53.774s][info][gc,heap        ] GC(356) PSYoungGen: 246912K(247296K)->672K(243200K) Eden: 245760K(245760K)->0K(242176K) From: 1152K(1536K)->672K(1024K)
[53.774s][info][gc,heap        ] GC(356) ParOldGen: 175943K(1398272K)->176380K(1398272K)
[53.774s][info][gc,metaspace   ] GC(356) Metaspace: 61075K(62016K)->61075K(62016K) NonClass: 53507K(54016K)->53507K(54016K) Class: 7567K(8000K)->7567K(8000K)
[53.774s][info][gc             ] GC(356) Pause Young (Allocation Failure) 412M->172M(1603M) 1.257ms
[53.774s][info][gc,cpu         ] GC(356) User=0.00s Sys=0.00s Real=0.00s
[53.862s][info][gc,start       ] GC(357) Pause Young (Allocation Failure)
[53.863s][info][gc,heap        ] GC(357) PSYoungGen: 242848K(243200K)->288K(239104K) Eden: 242176K(242176K)->0K(238592K) From: 672K(1024K)->288K(512K)
[53.863s][info][gc,heap        ] GC(357) ParOldGen: 176380K(1398272K)->176596K(1398272K)
[53.863s][info][gc,metaspace   ] GC(357) Metaspace: 61075K(62016K)->61075K(62016K) NonClass: 53507K(54016K)->53507K(54016K) Class: 7567K(8000K)->7567K(8000K)
[53.863s][info][gc             ] GC(357) Pause Young (Allocation Failure) 409M->172M(1599M) 1.355ms
[53.864s][info][gc,cpu         ] GC(357) User=0.00s Sys=0.00s Real=0.00s
[53.942s][info][gc,start       ] GC(358) Pause Young (Allocation Failure)
[53.943s][info][gc,heap        ] GC(358) PSYoungGen: 238880K(239104K)->384K(236544K) Eden: 238592K(238592K)->0K(235008K) From: 288K(512K)->384K(1536K)
[53.943s][info][gc,heap        ] GC(358) ParOldGen: 176596K(1398272K)->176596K(1398272K)
[53.943s][info][gc,metaspace   ] GC(358) Metaspace: 61075K(62016K)->61075K(62016K) NonClass: 53507K(54016K)->53507K(54016K) Class: 7567K(8000K)->7567K(8000K)
[53.943s][info][gc             ] GC(358) Pause Young (Allocation Failure) 405M->172M(1596M) 1.121ms
[53.943s][info][gc,cpu         ] GC(358) User=0.00s Sys=0.00s Real=0.00s
[54.020s][info][gc,start       ] GC(359) Pause Young (Allocation Failure)
[54.021s][info][gc,heap        ] GC(359) PSYoungGen: 235392K(236544K)->384K(231936K) Eden: 235008K(235008K)->0K(231424K) From: 384K(1536K)->384K(512K)
[54.021s][info][gc,heap        ] GC(359) ParOldGen: 176596K(1398272K)->176596K(1398272K)
[54.022s][info][gc,metaspace   ] GC(359) Metaspace: 61075K(62016K)->61075K(62016K) NonClass: 53507K(54016K)->53507K(54016K) Class: 7567K(8000K)->7567K(8000K)
[54.022s][info][gc             ] GC(359) Pause Young (Allocation Failure) 402M->172M(1592M) 1.156ms
[54.022s][info][gc,cpu         ] GC(359) User=0.00s Sys=0.00s Real=0.00s
[54.103s][info][gc,start       ] GC(360) Pause Young (Allocation Failure)
[54.104s][info][gc,heap        ] GC(360) PSYoungGen: 231808K(231936K)->256K(229888K) Eden: 231424K(231424K)->0K(228352K) From: 384K(512K)->256K(1536K)
[54.104s][info][gc,heap        ] GC(360) ParOldGen: 176596K(1398272K)->176604K(1398272K)
[54.104s][info][gc,metaspace   ] GC(360) Metaspace: 61075K(62016K)->61075K(62016K) NonClass: 53507K(54016K)->53507K(54016K) Class: 7567K(8000K)->7567K(8000K)
[54.104s][info][gc             ] GC(360) Pause Young (Allocation Failure) 398M->172M(1590M) 0.998ms
[54.104s][info][gc,cpu         ] GC(360) User=0.00s Sys=0.00s Real=0.00s
[54.200s][info][gc,start       ] GC(361) Pause Young (Allocation Failure)
[54.201s][info][gc,heap        ] GC(361) PSYoungGen: 228608K(229888K)->320K(225792K) Eden: 228352K(228352K)->0K(225280K) From: 256K(1536K)->320K(512K)
[54.202s][info][gc,heap        ] GC(361) ParOldGen: 176604K(1398272K)->176612K(1398272K)
[54.202s][info][gc,metaspace   ] GC(361) Metaspace: 61075K(62016K)->61075K(62016K) NonClass: 53507K(54016K)->53507K(54016K) Class: 7567K(8000K)->7567K(8000K)
[54.202s][info][gc             ] GC(361) Pause Young (Allocation Failure) 395M->172M(1586M) 1.244ms
[54.202s][info][gc,cpu         ] GC(361) User=0.00s Sys=0.00s Real=0.00s
[54.297s][info][gc,start       ] GC(362) Pause Young (Allocation Failure)
[54.298s][info][gc,heap        ] GC(362) PSYoungGen: 225600K(225792K)->416K(223744K) Eden: 225280K(225280K)->0K(222208K) From: 320K(512K)->416K(1536K)
[54.298s][info][gc,heap        ] GC(362) ParOldGen: 176612K(1398272K)->176620K(1398272K)
[54.298s][info][gc,metaspace   ] GC(362) Metaspace: 61075K(62016K)->61075K(62016K) NonClass: 53507K(54016K)->53507K(54016K) Class: 7567K(8000K)->7567K(8000K)
[54.298s][info][gc             ] GC(362) Pause Young (Allocation Failure) 392M->172M(1584M) 0.963ms
[54.298s][info][gc,cpu         ] GC(362) User=0.00s Sys=0.00s Real=0.00s
[54.364s][info][gc,start       ] GC(363) Pause Young (System.gc())
[54.365s][info][gc,heap        ] GC(363) PSYoungGen: 89133K(223744K)->1056K(223744K) Eden: 88717K(222208K)->0K(222208K) From: 416K(1536K)->1056K(1536K)
[54.365s][info][gc,heap        ] GC(363) ParOldGen: 176620K(1398272K)->176652K(1398272K)
[54.365s][info][gc,metaspace   ] GC(363) Metaspace: 61076K(62016K)->61076K(62016K) NonClass: 53509K(54016K)->53509K(54016K) Class: 7567K(8000K)->7567K(8000K)
[54.365s][info][gc             ] GC(363) Pause Young (System.gc()) 259M->173M(1584M) 1.270ms
[54.365s][info][gc,cpu         ] GC(363) User=0.00s Sys=0.00s Real=0.00s
[54.365s][info][gc,start       ] GC(364) Pause Full (System.gc())
[54.366s][info][gc,phases,start] GC(364) Marking Phase
[54.461s][info][gc,phases      ] GC(364) Marking Phase 95.375ms
[54.461s][info][gc,phases,start] GC(364) Summary Phase
[54.461s][info][gc,phases      ] GC(364) Summary Phase 0.016ms
[54.461s][info][gc,phases,start] GC(364) Adjust Roots
[54.472s][info][gc,phases      ] GC(364) Adjust Roots 10.612ms
[54.472s][info][gc,phases,start] GC(364) Compaction Phase
[54.502s][info][gc,phases      ] GC(364) Compaction Phase 30.698ms
[54.502s][info][gc,phases,start] GC(364) Post Compact
[54.504s][info][gc,phases      ] GC(364) Post Compact 1.345ms
[54.504s][info][gc,heap        ] GC(364) PSYoungGen: 1056K(223744K)->0K(223744K) Eden: 0K(222208K)->0K(222208K) From: 1056K(1536K)->0K(1536K)
[54.504s][info][gc,heap        ] GC(364) ParOldGen: 176652K(1398272K)->175961K(1398272K)
[54.504s][info][gc,metaspace   ] GC(364) Metaspace: 61076K(62016K)->61076K(62016K) NonClass: 53509K(54016K)->53509K(54016K) Class: 7567K(8000K)->7567K(8000K)
[54.504s][info][gc             ] GC(364) Pause Full (System.gc()) 173M->171M(1584M) 138.520ms
[54.504s][info][gc,cpu         ] GC(364) User=3.67s Sys=0.00s Real=0.15s
[54.643s][info][gc,start       ] GC(365) Pause Young (Allocation Failure)
[54.645s][info][gc,heap        ] GC(365) PSYoungGen: 222208K(223744K)->1184K(220672K) Eden: 222208K(222208K)->0K(219136K) From: 0K(1536K)->1184K(1536K)
[54.645s][info][gc,heap        ] GC(365) ParOldGen: 175961K(1398272K)->175961K(1398272K)
[54.645s][info][gc,metaspace   ] GC(365) Metaspace: 61076K(62016K)->61076K(62016K) NonClass: 53509K(54016K)->53509K(54016K) Class: 7567K(8000K)->7567K(8000K)
[54.645s][info][gc             ] GC(365) Pause Young (Allocation Failure) 388M->172M(1581M) 1.373ms
[54.645s][info][gc,cpu         ] GC(365) User=0.00s Sys=0.00s Real=0.00s
[54.721s][info][gc,start       ] GC(366) Pause Young (Allocation Failure)
[54.722s][info][gc,heap        ] GC(366) PSYoungGen: 220320K(220672K)->512K(216576K) Eden: 219136K(219136K)->0K(216064K) From: 1184K(1536K)->512K(512K)
[54.722s][info][gc,heap        ] GC(366) ParOldGen: 175961K(1398272K)->176410K(1398272K)
[54.722s][info][gc,metaspace   ] GC(366) Metaspace: 61077K(62016K)->61077K(62016K) NonClass: 53509K(54016K)->53509K(54016K) Class: 7567K(8000K)->7567K(8000K)
[54.722s][info][gc             ] GC(366) Pause Young (Allocation Failure) 386M->172M(1577M) 1.092ms
[54.722s][info][gc,cpu         ] GC(366) User=0.00s Sys=0.00s Real=0.00s
[54.797s][info][gc,start       ] GC(367) Pause Young (Allocation Failure)
[54.798s][info][gc,heap        ] GC(367) PSYoungGen: 216576K(216576K)->320K(215040K) Eden: 216064K(216064K)->0K(212992K) From: 512K(512K)->320K(2048K)
[54.798s][info][gc,heap        ] GC(367) ParOldGen: 176410K(1398272K)->176554K(1398272K)
[54.798s][info][gc,metaspace   ] GC(367) Metaspace: 61077K(62016K)->61077K(62016K) NonClass: 53509K(54016K)->53509K(54016K) Class: 7567K(8000K)->7567K(8000K)
[54.798s][info][gc             ] GC(367) Pause Young (Allocation Failure) 383M->172M(1575M) 0.965ms
[54.798s][info][gc,cpu         ] GC(367) User=0.00s Sys=0.00s Real=0.00s
[54.872s][info][gc,start       ] GC(368) Pause Young (Allocation Failure)
[54.873s][info][gc,heap        ] GC(368) PSYoungGen: 213312K(215040K)->384K(210432K) Eden: 212992K(212992K)->0K(209920K) From: 320K(2048K)->384K(512K)
[54.873s][info][gc,heap        ] GC(368) ParOldGen: 176554K(1398272K)->176554K(1398272K)
[54.873s][info][gc,metaspace   ] GC(368) Metaspace: 61077K(62016K)->61077K(62016K) NonClass: 53509K(54016K)->53509K(54016K) Class: 7567K(8000K)->7567K(8000K)
[54.873s][info][gc             ] GC(368) Pause Young (Allocation Failure) 380M->172M(1571M) 1.300ms
[54.873s][info][gc,cpu         ] GC(368) User=0.00s Sys=0.00s Real=0.00s
[54.947s][info][gc,start       ] GC(369) Pause Young (Allocation Failure)
[54.948s][info][gc,heap        ] GC(369) PSYoungGen: 210304K(210432K)->384K(253440K) Eden: 209920K(209920K)->0K(251904K) From: 384K(512K)->384K(1536K)
[54.948s][info][gc,heap        ] GC(369) ParOldGen: 176554K(1398272K)->176562K(1398272K)
[54.948s][info][gc,metaspace   ] GC(369) Metaspace: 61077K(62016K)->61077K(62016K) NonClass: 53509K(54016K)->53509K(54016K) Class: 7567K(8000K)->7567K(8000K)
[54.948s][info][gc             ] GC(369) Pause Young (Allocation Failure) 377M->172M(1613M) 1.064ms
[54.948s][info][gc,cpu         ] GC(369) User=0.00s Sys=0.00s Real=0.00s
[55.027s][info][gc,start       ] GC(370) Pause Young (Allocation Failure)
[55.028s][info][gc,heap        ] GC(370) PSYoungGen: 252288K(253440K)->1056K(276480K) Eden: 251904K(251904K)->0K(274944K) From: 384K(1536K)->1056K(1536K)
[55.028s][info][gc,heap        ] GC(370) ParOldGen: 176562K(1398272K)->176562K(1398272K)
[55.028s][info][gc,metaspace   ] GC(370) Metaspace: 61077K(62016K)->61077K(62016K) NonClass: 53509K(54016K)->53509K(54016K) Class: 7567K(8000K)->7567K(8000K)
[55.028s][info][gc             ] GC(370) Pause Young (Allocation Failure) 418M->173M(1635M) 1.160ms
[55.028s][info][gc,cpu         ] GC(370) User=0.00s Sys=0.00s Real=0.00s
[55.128s][info][gc,start       ] GC(371) Pause Young (Allocation Failure)
[55.129s][info][gc,heap        ] GC(371) PSYoungGen: 276000K(276480K)->288K(270848K) Eden: 274944K(274944K)->0K(270336K) From: 1056K(1536K)->288K(512K)
[55.129s][info][gc,heap        ] GC(371) ParOldGen: 176562K(1398272K)->176826K(1398272K)
[55.129s][info][gc,metaspace   ] GC(371) Metaspace: 61077K(62016K)->61077K(62016K) NonClass: 53509K(54016K)->53509K(54016K) Class: 7567K(8000K)->7567K(8000K)
[55.129s][info][gc             ] GC(371) Pause Young (Allocation Failure) 441M->172M(1630M) 1.222ms
[55.129s][info][gc,cpu         ] GC(371) User=0.00s Sys=0.00s Real=0.00s
[55.228s][info][gc,start       ] GC(372) Pause Young (Allocation Failure)
[55.229s][info][gc,heap        ] GC(372) PSYoungGen: 270624K(270848K)->352K(266752K) Eden: 270336K(270336K)->0K(266240K) From: 288K(512K)->352K(512K)
[55.229s][info][gc,heap        ] GC(372) ParOldGen: 176826K(1398272K)->176826K(1398272K)
[55.229s][info][gc,metaspace   ] GC(372) Metaspace: 61077K(62016K)->61077K(62016K) NonClass: 53509K(54016K)->53509K(54016K) Class: 7567K(8000K)->7567K(8000K)
[55.229s][info][gc             ] GC(372) Pause Young (Allocation Failure) 436M->173M(1626M) 1.147ms
[55.229s][info][gc,cpu         ] GC(372) User=0.00s Sys=0.00s Real=0.00s
[55.320s][info][gc,start       ] GC(373) Pause Young (System.gc())
[55.321s][info][gc,heap        ] GC(373) PSYoungGen: 109962K(266752K)->1056K(267776K) Eden: 109610K(266240K)->0K(266240K) From: 352K(512K)->1056K(1536K)
[55.321s][info][gc,heap        ] GC(373) ParOldGen: 176826K(1398272K)->176842K(1398272K)
[55.321s][info][gc,metaspace   ] GC(373) Metaspace: 61087K(62016K)->61087K(62016K) NonClass: 53520K(54016K)->53520K(54016K) Class: 7567K(8000K)->7567K(8000K)
[55.321s][info][gc             ] GC(373) Pause Young (System.gc()) 280M->173M(1627M) 1.289ms
[55.321s][info][gc,cpu         ] GC(373) User=0.00s Sys=0.00s Real=0.00s
[55.321s][info][gc,start       ] GC(374) Pause Full (System.gc())
[55.321s][info][gc,phases,start] GC(374) Marking Phase
[55.417s][info][gc,phases      ] GC(374) Marking Phase 95.838ms
[55.417s][info][gc,phases,start] GC(374) Summary Phase
[55.417s][info][gc,phases      ] GC(374) Summary Phase 0.016ms
[55.417s][info][gc,phases,start] GC(374) Adjust Roots
[55.427s][info][gc,phases      ] GC(374) Adjust Roots 10.165ms
[55.427s][info][gc,phases,start] GC(374) Compaction Phase
[55.454s][info][gc,phases      ] GC(374) Compaction Phase 26.407ms
[55.454s][info][gc,phases,start] GC(374) Post Compact
[55.455s][info][gc,phases      ] GC(374) Post Compact 1.310ms
[55.455s][info][gc,heap        ] GC(374) PSYoungGen: 1056K(267776K)->0K(267776K) Eden: 0K(266240K)->0K(266240K) From: 1056K(1536K)->0K(1536K)
[55.455s][info][gc,heap        ] GC(374) ParOldGen: 176842K(1398272K)->175969K(1398272K)
[55.455s][info][gc,metaspace   ] GC(374) Metaspace: 61087K(62016K)->61087K(62016K) NonClass: 53520K(54016K)->53520K(54016K) Class: 7567K(8000K)->7567K(8000K)
[55.455s][info][gc             ] GC(374) Pause Full (System.gc()) 173M->171M(1627M) 134.004ms
[55.455s][info][gc,cpu         ] GC(374) User=3.17s Sys=0.03s Real=0.13s
[55.607s][info][gc,start       ] GC(375) Pause Young (Allocation Failure)
[55.608s][info][gc,heap        ] GC(375) PSYoungGen: 266240K(267776K)->1184K(263680K) Eden: 266240K(266240K)->0K(262144K) From: 0K(1536K)->1184K(1536K)
[55.608s][info][gc,heap        ] GC(375) ParOldGen: 175969K(1398272K)->175977K(1398272K)
[55.608s][info][gc,metaspace   ] GC(375) Metaspace: 61092K(62016K)->61092K(62016K) NonClass: 53524K(54016K)->53524K(54016K) Class: 7567K(8000K)->7567K(8000K)
[55.608s][info][gc             ] GC(375) Pause Young (Allocation Failure) 431M->173M(1623M) 1.300ms
[55.608s][info][gc,cpu         ] GC(375) User=0.00s Sys=0.00s Real=0.00s
[55.692s][info][gc,start       ] GC(376) Pause Young (Allocation Failure)
[55.694s][info][gc,heap        ] GC(376) PSYoungGen: 263328K(263680K)->704K(259072K) Eden: 262144K(262144K)->0K(258048K) From: 1184K(1536K)->704K(1024K)
[55.694s][info][gc,heap        ] GC(376) ParOldGen: 175977K(1398272K)->176426K(1398272K)
[55.694s][info][gc,metaspace   ] GC(376) Metaspace: 61093K(62016K)->61093K(62016K) NonClass: 53526K(54016K)->53526K(54016K) Class: 7567K(8000K)->7567K(8000K)
[55.694s][info][gc             ] GC(376) Pause Young (Allocation Failure) 429M->172M(1618M) 1.493ms
[55.694s][info][gc,cpu         ] GC(376) User=0.48s Sys=0.02s Real=0.02s
[55.783s][info][gc,start       ] GC(377) Pause Young (Allocation Failure)
[55.784s][info][gc,heap        ] GC(377) PSYoungGen: 258752K(259072K)->288K(254464K) Eden: 258048K(258048K)->0K(253952K) From: 704K(1024K)->288K(512K)
[55.784s][info][gc,heap        ] GC(377) ParOldGen: 176426K(1398272K)->176634K(1398272K)
[55.784s][info][gc,metaspace   ] GC(377) Metaspace: 61093K(62016K)->61093K(62016K) NonClass: 53526K(54016K)->53526K(54016K) Class: 7567K(8000K)->7567K(8000K)
[55.784s][info][gc             ] GC(377) Pause Young (Allocation Failure) 424M->172M(1614M) 1.382ms
[55.785s][info][gc,cpu         ] GC(377) User=0.00s Sys=0.00s Real=0.00s
[55.869s][info][gc,start       ] GC(378) Pause Young (Allocation Failure)
[55.870s][info][gc,heap        ] GC(378) PSYoungGen: 254240K(254464K)->416K(251904K) Eden: 253952K(253952K)->0K(249856K) From: 288K(512K)->416K(2048K)
[55.870s][info][gc,heap        ] GC(378) ParOldGen: 176634K(1398272K)->176634K(1398272K)
[55.870s][info][gc,metaspace   ] GC(378) Metaspace: 61093K(62016K)->61093K(62016K) NonClass: 53526K(54016K)->53526K(54016K) Class: 7567K(8000K)->7567K(8000K)
[55.870s][info][gc             ] GC(378) Pause Young (Allocation Failure) 420M->172M(1611M) 0.991ms
[55.870s][info][gc,cpu         ] GC(378) User=0.00s Sys=0.00s Real=0.00s
[55.961s][info][gc,start       ] GC(379) Pause Young (Allocation Failure)
[55.962s][info][gc,heap        ] GC(379) PSYoungGen: 250272K(251904K)->288K(246784K) Eden: 249856K(249856K)->0K(246272K) From: 416K(2048K)->288K(512K)
[55.962s][info][gc,heap        ] GC(379) ParOldGen: 176634K(1398272K)->176634K(1398272K)
[55.962s][info][gc,metaspace   ] GC(379) Metaspace: 61093K(62016K)->61093K(62016K) NonClass: 53526K(54016K)->53526K(54016K) Class: 7567K(8000K)->7567K(8000K)
[55.962s][info][gc             ] GC(379) Pause Young (Allocation Failure) 416M->172M(1606M) 1.284ms
[55.962s][info][gc,cpu         ] GC(379) User=0.00s Sys=0.00s Real=0.00s
[56.049s][info][gc,start       ] GC(380) Pause Young (Allocation Failure)
[56.050s][info][gc,heap        ] GC(380) PSYoungGen: 246560K(246784K)->384K(244224K) Eden: 246272K(246272K)->0K(242688K) From: 288K(512K)->384K(1536K)
[56.050s][info][gc,heap        ] GC(380) ParOldGen: 176634K(1398272K)->176642K(1398272K)
[56.050s][info][gc,metaspace   ] GC(380) Metaspace: 61093K(62016K)->61093K(62016K) NonClass: 53526K(54016K)->53526K(54016K) Class: 7567K(8000K)->7567K(8000K)
[56.050s][info][gc             ] GC(380) Pause Young (Allocation Failure) 413M->172M(1604M) 0.989ms
[56.050s][info][gc,cpu         ] GC(380) User=0.00s Sys=0.00s Real=0.00s
[56.142s][info][gc,start       ] GC(381) Pause Young (Allocation Failure)
[56.143s][info][gc,heap        ] GC(381) PSYoungGen: 243072K(244224K)->384K(239616K) Eden: 242688K(242688K)->0K(239104K) From: 384K(1536K)->384K(512K)
[56.143s][info][gc,heap        ] GC(381) ParOldGen: 176642K(1398272K)->176642K(1398272K)
[56.144s][info][gc,metaspace   ] GC(381) Metaspace: 61093K(62016K)->61093K(62016K) NonClass: 53526K(54016K)->53526K(54016K) Class: 7567K(8000K)->7567K(8000K)
[56.144s][info][gc             ] GC(381) Pause Young (Allocation Failure) 409M->172M(1599M) 1.295ms
[56.144s][info][gc,cpu         ] GC(381) User=0.00s Sys=0.00s Real=0.00s
[56.240s][info][gc,start       ] GC(382) Pause Young (System.gc())
[56.241s][info][gc,heap        ] GC(382) PSYoungGen: 212381K(239616K)->1056K(240640K) Eden: 211997K(239104K)->0K(239104K) From: 384K(512K)->1056K(1536K)
[56.241s][info][gc,heap        ] GC(382) ParOldGen: 176642K(1398272K)->176666K(1398272K)
[56.241s][info][gc,metaspace   ] GC(382) Metaspace: 61113K(62016K)->61113K(62016K) NonClass: 53545K(54016K)->53545K(54016K) Class: 7567K(8000K)->7567K(8000K)
[56.241s][info][gc             ] GC(382) Pause Young (System.gc()) 379M->173M(1600M) 1.150ms
[56.241s][info][gc,cpu         ] GC(382) User=0.00s Sys=0.00s Real=0.00s
[56.241s][info][gc,start       ] GC(383) Pause Full (System.gc())
[56.241s][info][gc,phases,start] GC(383) Marking Phase
[56.336s][info][gc,phases      ] GC(383) Marking Phase 94.629ms
[56.336s][info][gc,phases,start] GC(383) Summary Phase
[56.336s][info][gc,phases      ] GC(383) Summary Phase 0.016ms
[56.336s][info][gc,phases,start] GC(383) Adjust Roots
[56.348s][info][gc,phases      ] GC(383) Adjust Roots 12.053ms
[56.348s][info][gc,phases,start] GC(383) Compaction Phase
[56.373s][info][gc,phases      ] GC(383) Compaction Phase 25.487ms
[56.373s][info][gc,phases,start] GC(383) Post Compact
[56.375s][info][gc,phases      ] GC(383) Post Compact 1.528ms
[56.375s][info][gc,heap        ] GC(383) PSYoungGen: 1056K(240640K)->0K(240640K) Eden: 0K(239104K)->0K(239104K) From: 1056K(1536K)->0K(1536K)
[56.375s][info][gc,heap        ] GC(383) ParOldGen: 176666K(1398272K)->175985K(1398272K)
[56.375s][info][gc,metaspace   ] GC(383) Metaspace: 61113K(62016K)->61113K(62016K) NonClass: 53545K(54016K)->53545K(54016K) Class: 7567K(8000K)->7567K(8000K)
[56.375s][info][gc             ] GC(383) Pause Full (System.gc()) 173M->171M(1600M) 134.084ms
[56.375s][info][gc,cpu         ] GC(383) User=3.17s Sys=0.00s Real=0.13s
[56.521s][info][gc,start       ] GC(384) Pause Young (Allocation Failure)
[56.522s][info][gc,heap        ] GC(384) PSYoungGen: 239104K(240640K)->1184K(237056K) Eden: 239104K(239104K)->0K(235520K) From: 0K(1536K)->1184K(1536K)
[56.522s][info][gc,heap        ] GC(384) ParOldGen: 175985K(1398272K)->175993K(1398272K)
[56.522s][info][gc,metaspace   ] GC(384) Metaspace: 61196K(62144K)->61196K(62144K) NonClass: 53623K(54144K)->53623K(54144K) Class: 7573K(8000K)->7573K(8000K)
[56.522s][info][gc             ] GC(384) Pause Young (Allocation Failure) 405M->173M(1597M) 1.360ms
[56.522s][info][gc,cpu         ] GC(384) User=0.00s Sys=0.00s Real=0.00s
[56.596s][info][gc,start       ] GC(385) Pause Young (Allocation Failure)
[56.597s][info][gc,heap        ] GC(385) PSYoungGen: 236704K(237056K)->736K(232960K) Eden: 235520K(235520K)->0K(231936K) From: 1184K(1536K)->736K(1024K)
[56.597s][info][gc,heap        ] GC(385) ParOldGen: 175993K(1398272K)->176439K(1398272K)
[56.597s][info][gc,metaspace   ] GC(385) Metaspace: 61201K(62144K)->61201K(62144K) NonClass: 53628K(54144K)->53628K(54144K) Class: 7573K(8000K)->7573K(8000K)
[56.597s][info][gc             ] GC(385) Pause Young (Allocation Failure) 403M->173M(1593M) 1.460ms
[56.597s][info][gc,cpu         ] GC(385) User=0.00s Sys=0.00s Real=0.00s
[56.674s][info][gc,start       ] GC(386) Pause Young (Allocation Failure)
[56.675s][info][gc,heap        ] GC(386) PSYoungGen: 232672K(232960K)->224K(229376K) Eden: 231936K(231936K)->0K(228864K) From: 736K(1024K)->224K(512K)
[56.675s][info][gc,heap        ] GC(386) ParOldGen: 176439K(1398272K)->176647K(1398272K)
[56.675s][info][gc,metaspace   ] GC(386) Metaspace: 61201K(62144K)->61201K(62144K) NonClass: 53628K(54144K)->53628K(54144K) Class: 7573K(8000K)->7573K(8000K)
[56.675s][info][gc             ] GC(386) Pause Young (Allocation Failure) 399M->172M(1589M) 1.135ms
[56.675s][info][gc,cpu         ] GC(386) User=0.00s Sys=0.00s Real=0.00s
[56.759s][info][gc,start       ] GC(387) Pause Young (Allocation Failure)
[56.760s][info][gc,heap        ] GC(387) PSYoungGen: 229088K(229376K)->320K(227328K) Eden: 228864K(228864K)->0K(225792K) From: 224K(512K)->320K(1536K)
[56.760s][info][gc,heap        ] GC(387) ParOldGen: 176647K(1398272K)->176647K(1398272K)
[56.760s][info][gc,metaspace   ] GC(387) Metaspace: 61201K(62144K)->61201K(62144K) NonClass: 53628K(54144K)->53628K(54144K) Class: 7573K(8000K)->7573K(8000K)
[56.760s][info][gc             ] GC(387) Pause Young (Allocation Failure) 396M->172M(1587M) 1.016ms
[56.760s][info][gc,cpu         ] GC(387) User=0.00s Sys=0.00s Real=0.00s
[56.842s][info][gc,start       ] GC(388) Pause Young (Allocation Failure)
[56.844s][info][gc,heap        ] GC(388) PSYoungGen: 226112K(227328K)->320K(223232K) Eden: 225792K(225792K)->0K(222720K) From: 320K(1536K)->320K(512K)
[56.844s][info][gc,heap        ] GC(388) ParOldGen: 176647K(1398272K)->176655K(1398272K)
[56.844s][info][gc,metaspace   ] GC(388) Metaspace: 61201K(62144K)->61201K(62144K) NonClass: 53628K(54144K)->53628K(54144K) Class: 7573K(8000K)->7573K(8000K)
[56.844s][info][gc             ] GC(388) Pause Young (Allocation Failure) 393M->172M(1583M) 1.399ms
[56.844s][info][gc,cpu         ] GC(388) User=0.00s Sys=0.00s Real=0.00s
[56.918s][info][gc,start       ] GC(389) Pause Young (Allocation Failure)
[56.919s][info][gc,heap        ] GC(389) PSYoungGen: 223040K(223232K)->448K(266752K) Eden: 222720K(222720K)->0K(265216K) From: 320K(512K)->448K(1536K)
[56.919s][info][gc,heap        ] GC(389) ParOldGen: 176655K(1398272K)->176655K(1398272K)
[56.919s][info][gc,metaspace   ] GC(389) Metaspace: 61201K(62144K)->61201K(62144K) NonClass: 53628K(54144K)->53628K(54144K) Class: 7573K(8000K)->7573K(8000K)
[56.919s][info][gc             ] GC(389) Pause Young (Allocation Failure) 390M->172M(1626M) 1.019ms
[56.919s][info][gc,cpu         ] GC(389) User=0.00s Sys=0.00s Real=0.00s
[57.013s][info][gc,start       ] GC(390) Pause Young (Allocation Failure)
[57.014s][info][gc,heap        ] GC(390) PSYoungGen: 265664K(266752K)->320K(261632K) Eden: 265216K(265216K)->0K(261120K) From: 448K(1536K)->320K(512K)
[57.014s][info][gc,heap        ] GC(390) ParOldGen: 176655K(1398272K)->176663K(1398272K)
[57.014s][info][gc,metaspace   ] GC(390) Metaspace: 61201K(62144K)->61201K(62144K) NonClass: 53628K(54144K)->53628K(54144K) Class: 7573K(8000K)->7573K(8000K)
[57.014s][info][gc             ] GC(390) Pause Young (Allocation Failure) 431M->172M(1621M) 0.996ms
[57.014s][info][gc,cpu         ] GC(390) User=0.00s Sys=0.00s Real=0.00s
[57.109s][info][gc,start       ] GC(391) Pause Young (Allocation Failure)
[57.110s][info][gc,heap        ] GC(391) PSYoungGen: 261440K(261632K)->320K(258560K) Eden: 261120K(261120K)->0K(257024K) From: 320K(512K)->320K(1536K)
[57.110s][info][gc,heap        ] GC(391) ParOldGen: 176663K(1398272K)->176663K(1398272K)
[57.110s][info][gc,metaspace   ] GC(391) Metaspace: 61201K(62144K)->61201K(62144K) NonClass: 53628K(54144K)->53628K(54144K) Class: 7573K(8000K)->7573K(8000K)
[57.110s][info][gc             ] GC(391) Pause Young (Allocation Failure) 427M->172M(1618M) 1.064ms
[57.110s][info][gc,cpu         ] GC(391) User=0.00s Sys=0.00s Real=0.00s
[57.158s][info][gc,start       ] GC(392) Pause Young (System.gc())
[57.159s][info][gc,heap        ] GC(392) PSYoungGen: 80228K(258560K)->1056K(258560K) Eden: 79908K(257024K)->0K(257024K) From: 320K(1536K)->1056K(1536K)
[57.159s][info][gc,heap        ] GC(392) ParOldGen: 176663K(1398272K)->176695K(1398272K)
[57.159s][info][gc,metaspace   ] GC(392) Metaspace: 61229K(62144K)->61229K(62144K) NonClass: 53655K(54144K)->53655K(54144K) Class: 7573K(8000K)->7573K(8000K)
[57.159s][info][gc             ] GC(392) Pause Young (System.gc()) 250M->173M(1618M) 1.262ms
[57.159s][info][gc,cpu         ] GC(392) User=0.00s Sys=0.00s Real=0.00s
[57.159s][info][gc,start       ] GC(393) Pause Full (System.gc())
[57.159s][info][gc,phases,start] GC(393) Marking Phase
[57.257s][info][gc,phases      ] GC(393) Marking Phase 97.679ms
[57.257s][info][gc,phases,start] GC(393) Summary Phase
[57.257s][info][gc,phases      ] GC(393) Summary Phase 0.018ms
[57.257s][info][gc,phases,start] GC(393) Adjust Roots
[57.268s][info][gc,phases      ] GC(393) Adjust Roots 10.476ms
[57.268s][info][gc,phases,start] GC(393) Compaction Phase
[57.296s][info][gc,phases      ] GC(393) Compaction Phase 27.963ms
[57.296s][info][gc,phases,start] GC(393) Post Compact
[57.297s][info][gc,phases      ] GC(393) Post Compact 1.389ms
[57.297s][info][gc,heap        ] GC(393) PSYoungGen: 1056K(258560K)->0K(258560K) Eden: 0K(257024K)->0K(257024K) From: 1056K(1536K)->0K(1536K)
[57.297s][info][gc,heap        ] GC(393) ParOldGen: 176695K(1398272K)->176007K(1398272K)
[57.297s][info][gc,metaspace   ] GC(393) Metaspace: 61229K(62144K)->61229K(62144K) NonClass: 53655K(54144K)->53655K(54144K) Class: 7573K(8000K)->7573K(8000K)
[57.297s][info][gc             ] GC(393) Pause Full (System.gc()) 173M->171M(1618M) 137.851ms
[57.297s][info][gc,cpu         ] GC(393) User=3.16s Sys=0.00s Real=0.14s
[57.447s][info][gc,start       ] GC(394) Pause Young (Allocation Failure)
[57.448s][info][gc,heap        ] GC(394) PSYoungGen: 257024K(258560K)->1152K(254464K) Eden: 257024K(257024K)->0K(252928K) From: 0K(1536K)->1152K(1536K)
[57.448s][info][gc,heap        ] GC(394) ParOldGen: 176007K(1398272K)->176015K(1398272K)
[57.448s][info][gc,metaspace   ] GC(394) Metaspace: 61244K(62144K)->61244K(62144K) NonClass: 53670K(54144K)->53670K(54144K) Class: 7573K(8000K)->7573K(8000K)
[57.448s][info][gc             ] GC(394) Pause Young (Allocation Failure) 422M->173M(1614M) 1.395ms
[57.448s][info][gc,cpu         ] GC(394) User=0.00s Sys=0.00s Real=0.00s
[57.528s][info][gc,start       ] GC(395) Pause Young (Allocation Failure)
[57.529s][info][gc,heap        ] GC(395) PSYoungGen: 254080K(254464K)->512K(249344K) Eden: 252928K(252928K)->0K(248832K) From: 1152K(1536K)->512K(512K)
[57.529s][info][gc,heap        ] GC(395) ParOldGen: 176015K(1398272K)->176445K(1398272K)
[57.529s][info][gc,metaspace   ] GC(395) Metaspace: 61244K(62144K)->61244K(62144K) NonClass: 53670K(54144K)->53670K(54144K) Class: 7573K(8000K)->7573K(8000K)
[57.529s][info][gc             ] GC(395) Pause Young (Allocation Failure) 420M->172M(1609M) 1.157ms
[57.529s][info][gc,cpu         ] GC(395) User=0.00s Sys=0.00s Real=0.00s
[57.618s][info][gc,start       ] GC(396) Pause Young (Allocation Failure)
[57.619s][info][gc,heap        ] GC(396) PSYoungGen: 249344K(249344K)->320K(247296K) Eden: 248832K(248832K)->0K(245248K) From: 512K(512K)->320K(2048K)
[57.619s][info][gc,heap        ] GC(396) ParOldGen: 176445K(1398272K)->176589K(1398272K)
[57.619s][info][gc,metaspace   ] GC(396) Metaspace: 61244K(62144K)->61244K(62144K) NonClass: 53670K(54144K)->53670K(54144K) Class: 7573K(8000K)->7573K(8000K)
[57.619s][info][gc             ] GC(396) Pause Young (Allocation Failure) 415M->172M(1607M) 1.043ms
[57.619s][info][gc,cpu         ] GC(396) User=0.00s Sys=0.00s Real=0.00s
[57.722s][info][gc,start       ] GC(397) Pause Young (Allocation Failure)
[57.723s][info][gc,heap        ] GC(397) PSYoungGen: 245568K(247296K)->288K(242176K) Eden: 245248K(245248K)->0K(241664K) From: 320K(2048K)->288K(512K)
[57.723s][info][gc,heap        ] GC(397) ParOldGen: 176589K(1398272K)->176589K(1398272K)
[57.723s][info][gc,metaspace   ] GC(397) Metaspace: 61244K(62144K)->61244K(62144K) NonClass: 53670K(54144K)->53670K(54144K) Class: 7573K(8000K)->7573K(8000K)
[57.723s][info][gc             ] GC(397) Pause Young (Allocation Failure) 412M->172M(1602M) 1.253ms
[57.723s][info][gc,cpu         ] GC(397) User=0.00s Sys=0.00s Real=0.00s
[57.815s][info][gc,start       ] GC(398) Pause Young (Allocation Failure)
[57.816s][info][gc,heap        ] GC(398) PSYoungGen: 241952K(242176K)->352K(239616K) Eden: 241664K(241664K)->0K(238080K) From: 288K(512K)->352K(1536K)
[57.816s][info][gc,heap        ] GC(398) ParOldGen: 176589K(1398272K)->176589K(1398272K)
[57.816s][info][gc,metaspace   ] GC(398) Metaspace: 61244K(62144K)->61244K(62144K) NonClass: 53670K(54144K)->53670K(54144K) Class: 7573K(8000K)->7573K(8000K)
[57.816s][info][gc             ] GC(398) Pause Young (Allocation Failure) 408M->172M(1599M) 1.084ms
[57.816s][info][gc,cpu         ] GC(398) User=0.52s Sys=0.00s Real=0.02s
[57.903s][info][gc,start       ] GC(399) Pause Young (Allocation Failure)
[57.904s][info][gc,heap        ] GC(399) PSYoungGen: 238432K(239616K)->352K(235008K) Eden: 238080K(238080K)->0K(234496K) From: 352K(1536K)->352K(512K)
[57.904s][info][gc,heap        ] GC(399) ParOldGen: 176589K(1398272K)->176589K(1398272K)
[57.904s][info][gc,metaspace   ] GC(399) Metaspace: 61244K(62144K)->61244K(62144K) NonClass: 53670K(54144K)->53670K(54144K) Class: 7573K(8000K)->7573K(8000K)
[57.904s][info][gc             ] GC(399) Pause Young (Allocation Failure) 405M->172M(1595M) 1.194ms
[57.904s][info][gc,cpu         ] GC(399) User=0.00s Sys=0.00s Real=0.00s
[57.995s][info][gc,start       ] GC(400) Pause Young (Allocation Failure)
[57.996s][info][gc,heap        ] GC(400) PSYoungGen: 234848K(235008K)->224K(232448K) Eden: 234496K(234496K)->0K(230912K) From: 352K(512K)->224K(1536K)
[57.997s][info][gc,heap        ] GC(400) ParOldGen: 176589K(1398272K)->176613K(1398272K)
[57.997s][info][gc,metaspace   ] GC(400) Metaspace: 61244K(62144K)->61244K(62144K) NonClass: 53670K(54144K)->53670K(54144K) Class: 7573K(8000K)->7573K(8000K)
[57.997s][info][gc             ] GC(400) Pause Young (Allocation Failure) 401M->172M(1592M) 1.091ms
[57.997s][info][gc,cpu         ] GC(400) User=0.00s Sys=0.00s Real=0.00s
[58.088s][info][gc,start       ] GC(401) Pause Young (Allocation Failure)
[58.089s][info][gc,heap        ] GC(401) PSYoungGen: 231136K(232448K)->1056K(229376K) Eden: 230912K(230912K)->0K(227840K) From: 224K(1536K)->1056K(1536K)
[58.089s][info][gc,heap        ] GC(401) ParOldGen: 176613K(1398272K)->176621K(1398272K)
[58.089s][info][gc,metaspace   ] GC(401) Metaspace: 61244K(62144K)->61244K(62144K) NonClass: 53670K(54144K)->53670K(54144K) Class: 7573K(8000K)->7573K(8000K)
[58.089s][info][gc             ] GC(401) Pause Young (Allocation Failure) 398M->173M(1589M) 1.048ms
[58.089s][info][gc,cpu         ] GC(401) User=0.00s Sys=0.00s Real=0.00s
[58.127s][info][gc,start       ] GC(402) Pause Young (System.gc())
[58.128s][info][gc,heap        ] GC(402) PSYoungGen: 41230K(229376K)->1056K(229376K) Eden: 40174K(227840K)->0K(227840K) From: 1056K(1536K)->1056K(1536K)
[58.129s][info][gc,heap        ] GC(402) ParOldGen: 176621K(1398272K)->176829K(1398272K)
[58.129s][info][gc,metaspace   ] GC(402) Metaspace: 61254K(62144K)->61254K(62144K) NonClass: 53681K(54144K)->53681K(54144K) Class: 7573K(8000K)->7573K(8000K)
[58.129s][info][gc             ] GC(402) Pause Young (System.gc()) 212M->173M(1589M) 1.409ms
[58.129s][info][gc,cpu         ] GC(402) User=0.00s Sys=0.00s Real=0.00s
[58.129s][info][gc,start       ] GC(403) Pause Full (System.gc())
[58.129s][info][gc,phases,start] GC(403) Marking Phase
[58.226s][info][gc,phases      ] GC(403) Marking Phase 96.700ms
[58.226s][info][gc,phases,start] GC(403) Summary Phase
[58.226s][info][gc,phases      ] GC(403) Summary Phase 0.015ms
[58.226s][info][gc,phases,start] GC(403) Adjust Roots
[58.235s][info][gc,phases      ] GC(403) Adjust Roots 9.401ms
[58.235s][info][gc,phases,start] GC(403) Compaction Phase
[58.263s][info][gc,phases      ] GC(403) Compaction Phase 27.450ms
[58.263s][info][gc,phases,start] GC(403) Post Compact
[58.264s][info][gc,phases      ] GC(403) Post Compact 1.433ms
[58.264s][info][gc,heap        ] GC(403) PSYoungGen: 1056K(229376K)->0K(229376K) Eden: 0K(227840K)->0K(227840K) From: 1056K(1536K)->0K(1536K)
[58.264s][info][gc,heap        ] GC(403) ParOldGen: 176829K(1398272K)->176023K(1398272K)
[58.264s][info][gc,metaspace   ] GC(403) Metaspace: 61254K(62144K)->61254K(62144K) NonClass: 53681K(54144K)->53681K(54144K) Class: 7573K(8000K)->7573K(8000K)
[58.264s][info][gc             ] GC(403) Pause Full (System.gc()) 173M->171M(1589M) 135.333ms
[58.264s][info][gc,cpu         ] GC(403) User=3.14s Sys=0.25s Real=0.14s
[58.412s][info][gc,start       ] GC(404) Pause Young (Allocation Failure)
[58.413s][info][gc,heap        ] GC(404) PSYoungGen: 227840K(229376K)->512K(225280K) Eden: 227840K(227840K)->0K(224768K) From: 0K(1536K)->512K(512K)
[58.413s][info][gc,heap        ] GC(404) ParOldGen: 176023K(1398272K)->176285K(1398272K)
[58.413s][info][gc,metaspace   ] GC(404) Metaspace: 61257K(62144K)->61257K(62144K) NonClass: 53683K(54144K)->53683K(54144K) Class: 7573K(8000K)->7573K(8000K)
[58.413s][info][gc             ] GC(404) Pause Young (Allocation Failure) 394M->172M(1585M) 1.292ms
[58.413s][info][gc,cpu         ] GC(404) User=0.00s Sys=0.00s Real=0.00s
[58.490s][info][gc,start       ] GC(405) Pause Young (Allocation Failure)
[58.491s][info][gc,heap        ] GC(405) PSYoungGen: 225280K(225280K)->288K(223232K) Eden: 224768K(224768K)->0K(221696K) From: 512K(512K)->288K(1536K)
[58.491s][info][gc,heap        ] GC(405) ParOldGen: 176285K(1398272K)->176625K(1398272K)
[58.491s][info][gc,metaspace   ] GC(405) Metaspace: 61257K(62144K)->61257K(62144K) NonClass: 53683K(54144K)->53683K(54144K) Class: 7573K(8000K)->7573K(8000K)
[58.491s][info][gc             ] GC(405) Pause Young (Allocation Failure) 392M->172M(1583M) 1.025ms
[58.491s][info][gc,cpu         ] GC(405) User=0.00s Sys=0.00s Real=0.00s
[58.569s][info][gc,start       ] GC(406) Pause Young (Allocation Failure)
[58.570s][info][gc,heap        ] GC(406) PSYoungGen: 221984K(223232K)->320K(219136K) Eden: 221696K(221696K)->0K(218624K) From: 288K(1536K)->320K(512K)
[58.570s][info][gc,heap        ] GC(406) ParOldGen: 176625K(1398272K)->176625K(1398272K)
[58.570s][info][gc,metaspace   ] GC(406) Metaspace: 61257K(62144K)->61257K(62144K) NonClass: 53683K(54144K)->53683K(54144K) Class: 7573K(8000K)->7573K(8000K)
[58.570s][info][gc             ] GC(406) Pause Young (Allocation Failure) 389M->172M(1579M) 1.325ms
[58.570s][info][gc,cpu         ] GC(406) User=0.00s Sys=0.00s Real=0.00s
[58.648s][info][gc,start       ] GC(407) Pause Young (Allocation Failure)
[58.649s][info][gc,heap        ] GC(407) PSYoungGen: 218944K(219136K)->352K(217088K) Eden: 218624K(218624K)->0K(215552K) From: 320K(512K)->352K(1536K)
[58.649s][info][gc,heap        ] GC(407) ParOldGen: 176625K(1398272K)->176625K(1398272K)
[58.649s][info][gc,metaspace   ] GC(407) Metaspace: 61257K(62144K)->61257K(62144K) NonClass: 53683K(54144K)->53683K(54144K) Class: 7573K(8000K)->7573K(8000K)
[58.649s][info][gc             ] GC(407) Pause Young (Allocation Failure) 386M->172M(1577M) 1.253ms
[58.649s][info][gc,cpu         ] GC(407) User=0.00s Sys=0.00s Real=0.00s
[58.723s][info][gc,start       ] GC(408) Pause Young (Allocation Failure)
[58.725s][info][gc,heap        ] GC(408) PSYoungGen: 215904K(217088K)->416K(259584K) Eden: 215552K(215552K)->0K(259072K) From: 352K(1536K)->416K(512K)
[58.725s][info][gc,heap        ] GC(408) ParOldGen: 176625K(1398272K)->176633K(1398272K)
[58.725s][info][gc,metaspace   ] GC(408) Metaspace: 61257K(62144K)->61257K(62144K) NonClass: 53683K(54144K)->53683K(54144K) Class: 7573K(8000K)->7573K(8000K)
[58.725s][info][gc             ] GC(408) Pause Young (Allocation Failure) 383M->172M(1619M) 1.396ms
[58.725s][info][gc,cpu         ] GC(408) User=0.00s Sys=0.00s Real=0.00s
[58.812s][info][gc,start       ] GC(409) Pause Young (Allocation Failure)
[58.813s][info][gc,heap        ] GC(409) PSYoungGen: 259488K(259584K)->416K(261632K) Eden: 259072K(259072K)->0K(260096K) From: 416K(512K)->416K(1536K)
[58.813s][info][gc,heap        ] GC(409) ParOldGen: 176633K(1398272K)->176633K(1398272K)
[58.813s][info][gc,metaspace   ] GC(409) Metaspace: 61257K(62144K)->61257K(62144K) NonClass: 53683K(54144K)->53683K(54144K) Class: 7573K(8000K)->7573K(8000K)
[58.813s][info][gc             ] GC(409) Pause Young (Allocation Failure) 425M->172M(1621M) 1.446ms
[58.813s][info][gc,cpu         ] GC(409) User=0.00s Sys=0.00s Real=0.00s
[58.903s][info][gc,start       ] GC(410) Pause Young (Allocation Failure)
[58.904s][info][gc,heap        ] GC(410) PSYoungGen: 260512K(261632K)->320K(256512K) Eden: 260096K(260096K)->0K(256000K) From: 416K(1536K)->320K(512K)
[58.904s][info][gc,heap        ] GC(410) ParOldGen: 176633K(1398272K)->176641K(1398272K)
[58.904s][info][gc,metaspace   ] GC(410) Metaspace: 61257K(62144K)->61257K(62144K) NonClass: 53683K(54144K)->53683K(54144K) Class: 7573K(8000K)->7573K(8000K)
[58.904s][info][gc             ] GC(410) Pause Young (Allocation Failure) 426M->172M(1616M) 1.027ms
[58.904s][info][gc,cpu         ] GC(410) User=0.00s Sys=0.00s Real=0.00s
[58.992s][info][gc,start       ] GC(411) Pause Young (Allocation Failure)
[58.993s][info][gc,heap        ] GC(411) PSYoungGen: 256320K(256512K)->352K(253440K) Eden: 256000K(256000K)->0K(251904K) From: 320K(512K)->352K(1536K)
[58.993s][info][gc,heap        ] GC(411) ParOldGen: 176641K(1398272K)->176649K(1398272K)
[58.993s][info][gc,metaspace   ] GC(411) Metaspace: 61257K(62144K)->61257K(62144K) NonClass: 53683K(54144K)->53683K(54144K) Class: 7573K(8000K)->7573K(8000K)
[58.993s][info][gc             ] GC(411) Pause Young (Allocation Failure) 422M->172M(1613M) 1.055ms
[58.993s][info][gc,cpu         ] GC(411) User=0.00s Sys=0.00s Real=0.00s
[59.069s][info][gc,start       ] GC(412) Pause Young (System.gc())
[59.070s][info][gc,heap        ] GC(412) PSYoungGen: 103483K(253440K)->1056K(253440K) Eden: 103131K(251904K)->0K(251904K) From: 352K(1536K)->1056K(1536K)
[59.070s][info][gc,heap        ] GC(412) ParOldGen: 176649K(1398272K)->176673K(1398272K)
[59.070s][info][gc,metaspace   ] GC(412) Metaspace: 61257K(62144K)->61257K(62144K) NonClass: 53684K(54144K)->53684K(54144K) Class: 7573K(8000K)->7573K(8000K)
[59.070s][info][gc             ] GC(412) Pause Young (System.gc()) 273M->173M(1613M) 1.213ms
[59.070s][info][gc,cpu         ] GC(412) User=0.00s Sys=0.00s Real=0.00s
[59.070s][info][gc,start       ] GC(413) Pause Full (System.gc())
[59.070s][info][gc,phases,start] GC(413) Marking Phase
[59.166s][info][gc,phases      ] GC(413) Marking Phase 96.108ms
[59.166s][info][gc,phases,start] GC(413) Summary Phase
[59.166s][info][gc,phases      ] GC(413) Summary Phase 0.017ms
[59.166s][info][gc,phases,start] GC(413) Adjust Roots
[59.177s][info][gc,phases      ] GC(413) Adjust Roots 10.349ms
[59.177s][info][gc,phases,start] GC(413) Compaction Phase
[59.202s][info][gc,phases      ] GC(413) Compaction Phase 25.511ms
[59.202s][info][gc,phases,start] GC(413) Post Compact
[59.204s][info][gc,phases      ] GC(413) Post Compact 1.452ms
[59.204s][info][gc,heap        ] GC(413) PSYoungGen: 1056K(253440K)->0K(253440K) Eden: 0K(251904K)->0K(251904K) From: 1056K(1536K)->0K(1536K)
[59.204s][info][gc,heap        ] GC(413) ParOldGen: 176673K(1398272K)->176055K(1398272K)
[59.204s][info][gc,metaspace   ] GC(413) Metaspace: 61257K(62144K)->61257K(62144K) NonClass: 53684K(54144K)->53684K(54144K) Class: 7573K(8000K)->7573K(8000K)
[59.204s][info][gc             ] GC(413) Pause Full (System.gc()) 173M->171M(1613M) 133.744ms
[59.204s][info][gc,cpu         ] GC(413) User=2.94s Sys=0.00s Real=0.13s
[59.358s][info][gc,start       ] GC(414) Pause Young (Allocation Failure)
[59.359s][info][gc,heap        ] GC(414) PSYoungGen: 251904K(253440K)->1184K(249856K) Eden: 251904K(251904K)->0K(248320K) From: 0K(1536K)->1184K(1536K)
[59.359s][info][gc,heap        ] GC(414) ParOldGen: 176055K(1398272K)->176063K(1398272K)
[59.359s][info][gc,metaspace   ] GC(414) Metaspace: 61264K(62208K)->61264K(62208K) NonClass: 53691K(54208K)->53691K(54208K) Class: 7573K(8000K)->7573K(8000K)
[59.359s][info][gc             ] GC(414) Pause Young (Allocation Failure) 417M->173M(1609M) 1.405ms
[59.360s][info][gc,cpu         ] GC(414) User=0.00s Sys=0.00s Real=0.00s
[59.448s][info][gc,start       ] GC(415) Pause Young (Allocation Failure)
[59.449s][info][gc,heap        ] GC(415) PSYoungGen: 249504K(249856K)->512K(245248K) Eden: 248320K(248320K)->0K(244736K) From: 1184K(1536K)->512K(512K)
[59.449s][info][gc,heap        ] GC(415) ParOldGen: 176063K(1398272K)->176492K(1398272K)
[59.449s][info][gc,metaspace   ] GC(415) Metaspace: 61264K(62208K)->61264K(62208K) NonClass: 53691K(54208K)->53691K(54208K) Class: 7573K(8000K)->7573K(8000K)
[59.449s][info][gc             ] GC(415) Pause Young (Allocation Failure) 415M->172M(1605M) 1.055ms
[59.449s][info][gc,cpu         ] GC(415) User=0.00s Sys=0.00s Real=0.00s
[59.533s][info][gc,start       ] GC(416) Pause Young (Allocation Failure)
[59.534s][info][gc,heap        ] GC(416) PSYoungGen: 245248K(245248K)->384K(242688K) Eden: 244736K(244736K)->0K(241152K) From: 512K(512K)->384K(1536K)
[59.534s][info][gc,heap        ] GC(416) ParOldGen: 176492K(1398272K)->176660K(1398272K)
[59.534s][info][gc,metaspace   ] GC(416) Metaspace: 61264K(62208K)->61264K(62208K) NonClass: 53691K(54208K)->53691K(54208K) Class: 7573K(8000K)->7573K(8000K)
[59.534s][info][gc             ] GC(416) Pause Young (Allocation Failure) 411M->172M(1602M) 1.058ms
[59.534s][info][gc,cpu         ] GC(416) User=0.00s Sys=0.00s Real=0.00s
[59.616s][info][gc,start       ] GC(417) Pause Young (Allocation Failure)
[59.618s][info][gc,heap        ] GC(417) PSYoungGen: 241536K(242688K)->448K(238080K) Eden: 241152K(241152K)->0K(237568K) From: 384K(1536K)->448K(512K)
[59.618s][info][gc,heap        ] GC(417) ParOldGen: 176660K(1398272K)->176660K(1398272K)
[59.618s][info][gc,metaspace   ] GC(417) Metaspace: 61264K(62208K)->61264K(62208K) NonClass: 53691K(54208K)->53691K(54208K) Class: 7573K(8000K)->7573K(8000K)
[59.618s][info][gc             ] GC(417) Pause Young (Allocation Failure) 408M->172M(1598M) 1.201ms
[59.618s][info][gc,cpu         ] GC(417) User=0.00s Sys=0.00s Real=0.00s
[59.691s][info][gc,start       ] GC(418) Pause Young (Allocation Failure)
[59.692s][info][gc,heap        ] GC(418) PSYoungGen: 238016K(238080K)->288K(235520K) Eden: 237568K(237568K)->0K(233984K) From: 448K(512K)->288K(1536K)
[59.692s][info][gc,heap        ] GC(418) ParOldGen: 176660K(1398272K)->176660K(1398272K)
[59.692s][info][gc,metaspace   ] GC(418) Metaspace: 61264K(62208K)->61264K(62208K) NonClass: 53691K(54208K)->53691K(54208K) Class: 7573K(8000K)->7573K(8000K)
[59.692s][info][gc             ] GC(418) Pause Young (Allocation Failure) 404M->172M(1595M) 0.991ms
[59.692s][info][gc,cpu         ] GC(418) User=0.00s Sys=0.00s Real=0.00s
[59.765s][info][gc,start       ] GC(419) Pause Young (Allocation Failure)
[59.766s][info][gc,heap        ] GC(419) PSYoungGen: 234272K(235520K)->224K(230912K) Eden: 233984K(233984K)->0K(230400K) From: 288K(1536K)->224K(512K)
[59.766s][info][gc,heap        ] GC(419) ParOldGen: 176660K(1398272K)->176676K(1398272K)
[59.766s][info][gc,metaspace   ] GC(419) Metaspace: 61264K(62208K)->61264K(62208K) NonClass: 53691K(54208K)->53691K(54208K) Class: 7573K(8000K)->7573K(8000K)
[59.766s][info][gc             ] GC(419) Pause Young (Allocation Failure) 401M->172M(1591M) 1.100ms
[59.766s][info][gc,cpu         ] GC(419) User=0.00s Sys=0.00s Real=0.00s
[59.846s][info][gc,start       ] GC(420) Pause Young (Allocation Failure)
[59.847s][info][gc,heap        ] GC(420) PSYoungGen: 230624K(230912K)->320K(228864K) Eden: 230400K(230400K)->0K(227328K) From: 224K(512K)->320K(1536K)
[59.847s][info][gc,heap        ] GC(420) ParOldGen: 176676K(1398272K)->176676K(1398272K)
[59.847s][info][gc,metaspace   ] GC(420) Metaspace: 61264K(62208K)->61264K(62208K) NonClass: 53691K(54208K)->53691K(54208K) Class: 7573K(8000K)->7573K(8000K)
[59.847s][info][gc             ] GC(420) Pause Young (Allocation Failure) 397M->172M(1589M) 1.011ms
[59.847s][info][gc,cpu         ] GC(420) User=0.00s Sys=0.00s Real=0.00s
[59.946s][info][gc,start       ] GC(421) Pause Young (Allocation Failure)
[59.947s][info][gc,heap        ] GC(421) PSYoungGen: 227648K(228864K)->1056K(225792K) Eden: 227328K(227328K)->0K(224256K) From: 320K(1536K)->1056K(1536K)
[59.947s][info][gc,heap        ] GC(421) ParOldGen: 176676K(1398272K)->176692K(1398272K)
[59.947s][info][gc,metaspace   ] GC(421) Metaspace: 61264K(62208K)->61264K(62208K) NonClass: 53691K(54208K)->53691K(54208K) Class: 7573K(8000K)->7573K(8000K)
[59.947s][info][gc             ] GC(421) Pause Young (Allocation Failure) 394M->173M(1586M) 1.152ms
[59.947s][info][gc,cpu         ] GC(421) User=0.00s Sys=0.00s Real=0.00s
[60.006s][info][gc,start       ] GC(422) Pause Young (System.gc())
[60.007s][info][gc,heap        ] GC(422) PSYoungGen: 71824K(225792K)->1056K(225792K) Eden: 70768K(224256K)->0K(224256K) From: 1056K(1536K)->1056K(1536K)
[60.007s][info][gc,heap        ] GC(422) ParOldGen: 176692K(1398272K)->176844K(1398272K)
[60.007s][info][gc,metaspace   ] GC(422) Metaspace: 61265K(62208K)->61265K(62208K) NonClass: 53691K(54208K)->53691K(54208K) Class: 7573K(8000K)->7573K(8000K)
[60.007s][info][gc             ] GC(422) Pause Young (System.gc()) 242M->173M(1586M) 1.319ms
[60.007s][info][gc,cpu         ] GC(422) User=0.00s Sys=0.00s Real=0.00s
[60.007s][info][gc,start       ] GC(423) Pause Full (System.gc())
[60.007s][info][gc,phases,start] GC(423) Marking Phase
[60.103s][info][gc,phases      ] GC(423) Marking Phase 95.998ms
[60.103s][info][gc,phases,start] GC(423) Summary Phase
[60.104s][info][gc,phases      ] GC(423) Summary Phase 0.016ms
[60.104s][info][gc,phases,start] GC(423) Adjust Roots
[60.114s][info][gc,phases      ] GC(423) Adjust Roots 10.569ms
[60.114s][info][gc,phases,start] GC(423) Compaction Phase
[60.140s][info][gc,phases      ] GC(423) Compaction Phase 25.794ms
[60.140s][info][gc,phases,start] GC(423) Post Compact
[60.141s][info][gc,phases      ] GC(423) Post Compact 1.436ms
[60.141s][info][gc,heap        ] GC(423) PSYoungGen: 1056K(225792K)->0K(225792K) Eden: 0K(224256K)->0K(224256K) From: 1056K(1536K)->0K(1536K)
[60.142s][info][gc,heap        ] GC(423) ParOldGen: 176844K(1398272K)->176057K(1398272K)
[60.142s][info][gc,metaspace   ] GC(423) Metaspace: 61265K(62208K)->61265K(62208K) NonClass: 53691K(54208K)->53691K(54208K) Class: 7573K(8000K)->7573K(8000K)
[60.142s][info][gc             ] GC(423) Pause Full (System.gc()) 173M->171M(1586M) 134.149ms
[60.142s][info][gc,cpu         ] GC(423) User=3.14s Sys=0.00s Real=0.14s
[60.272s][info][gc,start       ] GC(424) Pause Young (Allocation Failure)
[60.273s][info][gc,heap        ] GC(424) PSYoungGen: 224256K(225792K)->512K(221696K) Eden: 224256K(224256K)->0K(221184K) From: 0K(1536K)->512K(512K)
[60.273s][info][gc,heap        ] GC(424) ParOldGen: 176057K(1398272K)->176305K(1398272K)
[60.273s][info][gc,metaspace   ] GC(424) Metaspace: 61274K(62208K)->61274K(62208K) NonClass: 53700K(54208K)->53700K(54208K) Class: 7573K(8000K)->7573K(8000K)
[60.273s][info][gc             ] GC(424) Pause Young (Allocation Failure) 390M->172M(1582M) 1.238ms
[60.273s][info][gc,cpu         ] GC(424) User=0.00s Sys=0.00s Real=0.00s
[60.359s][info][gc,start       ] GC(425) Pause Young (Allocation Failure)
[60.360s][info][gc,heap        ] GC(425) PSYoungGen: 221696K(221696K)->832K(219648K) Eden: 221184K(221184K)->0K(218112K) From: 512K(512K)->832K(1536K)
[60.360s][info][gc,heap        ] GC(425) ParOldGen: 176305K(1398272K)->176636K(1398272K)
[60.360s][info][gc,metaspace   ] GC(425) Metaspace: 61274K(62208K)->61274K(62208K) NonClass: 53700K(54208K)->53700K(54208K) Class: 7573K(8000K)->7573K(8000K)
[60.360s][info][gc             ] GC(425) Pause Young (Allocation Failure) 388M->173M(1580M) 1.067ms
[60.360s][info][gc,cpu         ] GC(425) User=0.50s Sys=0.02s Real=0.02s
[60.446s][info][gc,start       ] GC(426) Pause Young (Allocation Failure)
[60.447s][info][gc,heap        ] GC(426) PSYoungGen: 218944K(219648K)->416K(215552K) Eden: 218112K(218112K)->0K(215040K) From: 832K(1536K)->416K(512K)
[60.447s][info][gc,heap        ] GC(426) ParOldGen: 176636K(1398272K)->176820K(1398272K)
[60.447s][info][gc,metaspace   ] GC(426) Metaspace: 61274K(62208K)->61274K(62208K) NonClass: 53700K(54208K)->53700K(54208K) Class: 7573K(8000K)->7573K(8000K)
[60.447s][info][gc             ] GC(426) Pause Young (Allocation Failure) 386M->173M(1576M) 1.318ms
[60.447s][info][gc,cpu         ] GC(426) User=0.00s Sys=0.00s Real=0.00s
[60.522s][info][gc,start       ] GC(427) Pause Young (Allocation Failure)
[60.523s][info][gc,heap        ] GC(427) PSYoungGen: 215456K(215552K)->352K(213504K) Eden: 215040K(215040K)->0K(211968K) From: 416K(512K)->352K(1536K)
[60.523s][info][gc,heap        ] GC(427) ParOldGen: 176820K(1398272K)->176828K(1398272K)
[60.523s][info][gc,metaspace   ] GC(427) Metaspace: 61274K(62208K)->61274K(62208K) NonClass: 53700K(54208K)->53700K(54208K) Class: 7573K(8000K)->7573K(8000K)
[60.523s][info][gc             ] GC(427) Pause Young (Allocation Failure) 383M->173M(1574M) 0.980ms
[60.523s][info][gc,cpu         ] GC(427) User=0.00s Sys=0.00s Real=0.00s
[60.598s][info][gc,start       ] GC(428) Pause Young (Allocation Failure)
[60.599s][info][gc,heap        ] GC(428) PSYoungGen: 212320K(213504K)->416K(209920K) Eden: 211968K(211968K)->0K(209408K) From: 352K(1536K)->416K(512K)
[60.599s][info][gc,heap        ] GC(428) ParOldGen: 176828K(1398272K)->176828K(1398272K)
[60.599s][info][gc,metaspace   ] GC(428) Metaspace: 61274K(62208K)->61274K(62208K) NonClass: 53700K(54208K)->53700K(54208K) Class: 7573K(8000K)->7573K(8000K)
[60.599s][info][gc             ] GC(428) Pause Young (Allocation Failure) 380M->173M(1570M) 1.095ms
[60.599s][info][gc,cpu         ] GC(428) User=0.00s Sys=0.00s Real=0.00s
[60.673s][info][gc,start       ] GC(429) Pause Young (Allocation Failure)
[60.674s][info][gc,heap        ] GC(429) PSYoungGen: 209824K(209920K)->288K(208384K) Eden: 209408K(209408K)->0K(206848K) From: 416K(512K)->288K(1536K)
[60.674s][info][gc,heap        ] GC(429) ParOldGen: 176828K(1398272K)->176844K(1398272K)
[60.674s][info][gc,metaspace   ] GC(429) Metaspace: 61274K(62208K)->61274K(62208K) NonClass: 53700K(54208K)->53700K(54208K) Class: 7573K(8000K)->7573K(8000K)
[60.674s][info][gc             ] GC(429) Pause Young (Allocation Failure) 377M->172M(1569M) 0.978ms
[60.674s][info][gc,cpu         ] GC(429) User=0.00s Sys=0.00s Real=0.00s
[60.748s][info][gc,start       ] GC(430) Pause Young (Allocation Failure)
[60.749s][info][gc,heap        ] GC(430) PSYoungGen: 207136K(208384K)->352K(248832K) Eden: 206848K(206848K)->0K(248320K) From: 288K(1536K)->352K(512K)
[60.749s][info][gc,heap        ] GC(430) ParOldGen: 176844K(1398272K)->176844K(1398272K)
[60.749s][info][gc,metaspace   ] GC(430) Metaspace: 61274K(62208K)->61274K(62208K) NonClass: 53700K(54208K)->53700K(54208K) Class: 7573K(8000K)->7573K(8000K)
[60.749s][info][gc             ] GC(430) Pause Young (Allocation Failure) 374M->173M(1608M) 1.140ms
[60.749s][info][gc,cpu         ] GC(430) User=0.00s Sys=0.00s Real=0.00s
[60.835s][info][gc,start       ] GC(431) Pause Young (Allocation Failure)
[60.836s][info][gc,heap        ] GC(431) PSYoungGen: 248672K(248832K)->320K(246272K) Eden: 248320K(248320K)->0K(244736K) From: 352K(512K)->320K(1536K)
[60.836s][info][gc,heap        ] GC(431) ParOldGen: 176844K(1398272K)->176860K(1398272K)
[60.836s][info][gc,metaspace   ] GC(431) Metaspace: 61274K(62208K)->61274K(62208K) NonClass: 53700K(54208K)->53700K(54208K) Class: 7573K(8000K)->7573K(8000K)
[60.836s][info][gc             ] GC(431) Pause Young (Allocation Failure) 415M->173M(1606M) 0.929ms
[60.836s][info][gc,cpu         ] GC(431) User=0.00s Sys=0.00s Real=0.00s
[60.967s][info][gc,start       ] GC(432) Pause Young (System.gc())
[60.968s][info][gc,heap        ] GC(432) PSYoungGen: 233416K(246272K)->1056K(246272K) Eden: 233096K(244736K)->0K(244736K) From: 320K(1536K)->1056K(1536K)
[60.968s][info][gc,heap        ] GC(432) ParOldGen: 176860K(1398272K)->176868K(1398272K)
[60.968s][info][gc,metaspace   ] GC(432) Metaspace: 61281K(62208K)->61281K(62208K) NonClass: 53707K(54208K)->53707K(54208K) Class: 7573K(8000K)->7573K(8000K)
[60.968s][info][gc             ] GC(432) Pause Young (System.gc()) 400M->173M(1606M) 1.322ms
[60.968s][info][gc,cpu         ] GC(432) User=0.00s Sys=0.00s Real=0.00s
[60.968s][info][gc,start       ] GC(433) Pause Full (System.gc())
[60.968s][info][gc,phases,start] GC(433) Marking Phase
[61.065s][info][gc,phases      ] GC(433) Marking Phase 96.156ms
[61.065s][info][gc,phases,start] GC(433) Summary Phase
[61.065s][info][gc,phases      ] GC(433) Summary Phase 0.016ms
[61.065s][info][gc,phases,start] GC(433) Adjust Roots
[61.075s][info][gc,phases      ] GC(433) Adjust Roots 10.201ms
[61.075s][info][gc,phases,start] GC(433) Compaction Phase
[61.103s][info][gc,phases      ] GC(433) Compaction Phase 28.482ms
[61.103s][info][gc,phases,start] GC(433) Post Compact
[61.105s][info][gc,phases      ] GC(433) Post Compact 1.415ms
[61.105s][info][gc,heap        ] GC(433) PSYoungGen: 1056K(246272K)->0K(246272K) Eden: 0K(244736K)->0K(244736K) From: 1056K(1536K)->0K(1536K)
[61.105s][info][gc,heap        ] GC(433) ParOldGen: 176868K(1398272K)->176078K(1398272K)
[61.105s][info][gc,metaspace   ] GC(433) Metaspace: 61281K(62208K)->61281K(62208K) NonClass: 53707K(54208K)->53707K(54208K) Class: 7573K(8000K)->7573K(8000K)
[61.105s][info][gc             ] GC(433) Pause Full (System.gc()) 173M->171M(1606M) 136.584ms
[61.105s][info][gc,cpu         ] GC(433) User=2.91s Sys=0.00s Real=0.13s
[61.258s][info][gc,start       ] GC(434) Pause Young (Allocation Failure)
[61.259s][info][gc,heap        ] GC(434) PSYoungGen: 244736K(246272K)->1184K(242688K) Eden: 244736K(244736K)->0K(241152K) From: 0K(1536K)->1184K(1536K)
[61.259s][info][gc,heap        ] GC(434) ParOldGen: 176078K(1398272K)->176086K(1398272K)
[61.259s][info][gc,metaspace   ] GC(434) Metaspace: 61316K(62208K)->61316K(62208K) NonClass: 53743K(54208K)->53743K(54208K) Class: 7573K(8000K)->7573K(8000K)
[61.259s][info][gc             ] GC(434) Pause Young (Allocation Failure) 410M->173M(1602M) 1.418ms
[61.259s][info][gc,cpu         ] GC(434) User=0.00s Sys=0.00s Real=0.00s
[61.346s][info][gc,start       ] GC(435) Pause Young (Allocation Failure)
[61.347s][info][gc,heap        ] GC(435) PSYoungGen: 242336K(242688K)->512K(238080K) Eden: 241152K(241152K)->0K(237568K) From: 1184K(1536K)->512K(512K)
[61.347s][info][gc,heap        ] GC(435) ParOldGen: 176086K(1398272K)->176531K(1398272K)
[61.347s][info][gc,metaspace   ] GC(435) Metaspace: 61316K(62208K)->61316K(62208K) NonClass: 53743K(54208K)->53743K(54208K) Class: 7573K(8000K)->7573K(8000K)
[61.347s][info][gc             ] GC(435) Pause Young (Allocation Failure) 408M->172M(1598M) 1.189ms
[61.347s][info][gc,cpu         ] GC(435) User=0.00s Sys=0.00s Real=0.00s
[61.435s][info][gc,start       ] GC(436) Pause Young (Allocation Failure)
[61.436s][info][gc,heap        ] GC(436) PSYoungGen: 238080K(238080K)->352K(236032K) Eden: 237568K(237568K)->0K(233984K) From: 512K(512K)->352K(2048K)
[61.436s][info][gc,heap        ] GC(436) ParOldGen: 176531K(1398272K)->176699K(1398272K)
[61.436s][info][gc,metaspace   ] GC(436) Metaspace: 61316K(62208K)->61316K(62208K) NonClass: 53743K(54208K)->53743K(54208K) Class: 7573K(8000K)->7573K(8000K)
[61.436s][info][gc             ] GC(436) Pause Young (Allocation Failure) 404M->172M(1596M) 1.139ms
[61.436s][info][gc,cpu         ] GC(436) User=0.41s Sys=0.00s Real=0.02s
[61.523s][info][gc,start       ] GC(437) Pause Young (Allocation Failure)
[61.524s][info][gc,heap        ] GC(437) PSYoungGen: 234336K(236032K)->384K(230912K) Eden: 233984K(233984K)->0K(230400K) From: 352K(2048K)->384K(512K)
[61.524s][info][gc,heap        ] GC(437) ParOldGen: 176699K(1398272K)->176699K(1398272K)
[61.524s][info][gc,metaspace   ] GC(437) Metaspace: 61316K(62208K)->61316K(62208K) NonClass: 53743K(54208K)->53743K(54208K) Class: 7573K(8000K)->7573K(8000K)
[61.524s][info][gc             ] GC(437) Pause Young (Allocation Failure) 401M->172M(1591M) 1.091ms
[61.525s][info][gc,cpu         ] GC(437) User=0.00s Sys=0.00s Real=0.00s
[61.619s][info][gc,start       ] GC(438) Pause Young (Allocation Failure)
[61.620s][info][gc,heap        ] GC(438) PSYoungGen: 230784K(230912K)->320K(228864K) Eden: 230400K(230400K)->0K(227328K) From: 384K(512K)->320K(1536K)
[61.620s][info][gc,heap        ] GC(438) ParOldGen: 176699K(1398272K)->176707K(1398272K)
[61.620s][info][gc,metaspace   ] GC(438) Metaspace: 61316K(62208K)->61316K(62208K) NonClass: 53743K(54208K)->53743K(54208K) Class: 7573K(8000K)->7573K(8000K)
[61.620s][info][gc             ] GC(438) Pause Young (Allocation Failure) 397M->172M(1589M) 1.023ms
[61.620s][info][gc,cpu         ] GC(438) User=0.00s Sys=0.00s Real=0.00s
[61.705s][info][gc,start       ] GC(439) Pause Young (Allocation Failure)
[61.706s][info][gc,heap        ] GC(439) PSYoungGen: 227648K(228864K)->352K(224768K) Eden: 227328K(227328K)->0K(224256K) From: 320K(1536K)->352K(512K)
[61.706s][info][gc,heap        ] GC(439) ParOldGen: 176707K(1398272K)->176707K(1398272K)
[61.706s][info][gc,metaspace   ] GC(439) Metaspace: 61316K(62208K)->61316K(62208K) NonClass: 53743K(54208K)->53743K(54208K) Class: 7573K(8000K)->7573K(8000K)
[61.707s][info][gc             ] GC(439) Pause Young (Allocation Failure) 394M->172M(1585M) 1.142ms
[61.707s][info][gc,cpu         ] GC(439) User=0.00s Sys=0.00s Real=0.00s
[61.800s][info][gc,start       ] GC(440) Pause Young (Allocation Failure)
[61.800s][info][gc,heap        ] GC(440) PSYoungGen: 224608K(224768K)->256K(222720K) Eden: 224256K(224256K)->0K(221184K) From: 352K(512K)->256K(1536K)
[61.801s][info][gc,heap        ] GC(440) ParOldGen: 176707K(1398272K)->176723K(1398272K)
[61.801s][info][gc,metaspace   ] GC(440) Metaspace: 61316K(62208K)->61316K(62208K) NonClass: 53743K(54208K)->53743K(54208K) Class: 7573K(8000K)->7573K(8000K)
[61.801s][info][gc             ] GC(440) Pause Young (Allocation Failure) 391M->172M(1583M) 0.997ms
[61.801s][info][gc,cpu         ] GC(440) User=0.00s Sys=0.00s Real=0.00s
[61.891s][info][gc,start       ] GC(441) Pause Young (Allocation Failure)
[61.891s][info][gc,heap        ] GC(441) PSYoungGen: 221440K(222720K)->320K(218624K) Eden: 221184K(221184K)->0K(218112K) From: 256K(1536K)->320K(512K)
[61.891s][info][gc,heap        ] GC(441) ParOldGen: 176723K(1398272K)->176731K(1398272K)
[61.892s][info][gc,metaspace   ] GC(441) Metaspace: 61316K(62208K)->61316K(62208K) NonClass: 53743K(54208K)->53743K(54208K) Class: 7573K(8000K)->7573K(8000K)
[61.892s][info][gc             ] GC(441) Pause Young (Allocation Failure) 388M->172M(1579M) 0.996ms
[61.892s][info][gc,cpu         ] GC(441) User=0.00s Sys=0.00s Real=0.00s
[61.984s][info][gc,start       ] GC(442) Pause Young (System.gc())
[61.985s][info][gc,heap        ] GC(442) PSYoungGen: 126528K(218624K)->1056K(219648K) Eden: 126208K(218112K)->0K(218112K) From: 320K(512K)->1056K(1536K)
[61.985s][info][gc,heap        ] GC(442) ParOldGen: 176731K(1398272K)->176747K(1398272K)
[61.985s][info][gc,metaspace   ] GC(442) Metaspace: 61320K(62208K)->61320K(62208K) NonClass: 53747K(54208K)->53747K(54208K) Class: 7573K(8000K)->7573K(8000K)
[61.985s][info][gc             ] GC(442) Pause Young (System.gc()) 296M->173M(1580M) 1.273ms
[61.985s][info][gc,cpu         ] GC(442) User=0.00s Sys=0.00s Real=0.00s
[61.986s][info][gc,start       ] GC(443) Pause Full (System.gc())
[61.986s][info][gc,phases,start] GC(443) Marking Phase
[62.085s][info][gc,phases      ] GC(443) Marking Phase 99.262ms
[62.085s][info][gc,phases,start] GC(443) Summary Phase
[62.085s][info][gc,phases      ] GC(443) Summary Phase 0.015ms
[62.085s][info][gc,phases,start] GC(443) Adjust Roots
[62.097s][info][gc,phases      ] GC(443) Adjust Roots 12.421ms
[62.097s][info][gc,phases,start] GC(443) Compaction Phase
[62.127s][info][gc,phases      ] GC(443) Compaction Phase 30.004ms
[62.127s][info][gc,phases,start] GC(443) Post Compact
[62.129s][info][gc,phases      ] GC(443) Post Compact 1.544ms
[62.129s][info][gc,heap        ] GC(443) PSYoungGen: 1056K(219648K)->0K(219648K) Eden: 0K(218112K)->0K(218112K) From: 1056K(1536K)->0K(1536K)
[62.129s][info][gc,heap        ] GC(443) ParOldGen: 176747K(1398272K)->176094K(1398272K)
[62.129s][info][gc,metaspace   ] GC(443) Metaspace: 61320K(62208K)->61320K(62208K) NonClass: 53747K(54208K)->53747K(54208K) Class: 7573K(8000K)->7573K(8000K)
[62.129s][info][gc             ] GC(443) Pause Full (System.gc()) 173M->171M(1580M) 143.585ms
[62.129s][info][gc,cpu         ] GC(443) User=3.16s Sys=0.00s Real=0.14s
[62.263s][info][gc,start       ] GC(444) Pause Young (Allocation Failure)
[62.264s][info][gc,heap        ] GC(444) PSYoungGen: 218112K(219648K)->1152K(216576K) Eden: 218112K(218112K)->0K(215040K) From: 0K(1536K)->1152K(1536K)
[62.264s][info][gc,heap        ] GC(444) ParOldGen: 176094K(1398272K)->176094K(1398272K)
[62.264s][info][gc,metaspace   ] GC(444) Metaspace: 61336K(62272K)->61336K(62272K) NonClass: 53762K(54272K)->53762K(54272K) Class: 7573K(8000K)->7573K(8000K)
[62.264s][info][gc             ] GC(444) Pause Young (Allocation Failure) 384M->173M(1577M) 1.348ms
[62.264s][info][gc,cpu         ] GC(444) User=0.00s Sys=0.00s Real=0.00s
[62.332s][info][gc,start       ] GC(445) Pause Young (Allocation Failure)
[62.333s][info][gc,heap        ] GC(445) PSYoungGen: 216192K(216576K)->800K(212992K) Eden: 215040K(215040K)->0K(211968K) From: 1152K(1536K)->800K(1024K)
[62.333s][info][gc,heap        ] GC(445) ParOldGen: 176094K(1398272K)->176555K(1398272K)
[62.333s][info][gc,metaspace   ] GC(445) Metaspace: 61336K(62272K)->61336K(62272K) NonClass: 53762K(54272K)->53762K(54272K) Class: 7573K(8000K)->7573K(8000K)
[62.333s][info][gc             ] GC(445) Pause Young (Allocation Failure) 383M->173M(1573M) 1.291ms
[62.333s][info][gc,cpu         ] GC(445) User=0.00s Sys=0.00s Real=0.00s
[62.411s][info][gc,start       ] GC(446) Pause Young (Allocation Failure)
[62.412s][info][gc,heap        ] GC(446) PSYoungGen: 212768K(212992K)->192K(209920K) Eden: 211968K(211968K)->0K(209408K) From: 800K(1024K)->192K(512K)
[62.412s][info][gc,heap        ] GC(446) ParOldGen: 176555K(1398272K)->176771K(1398272K)
[62.412s][info][gc,metaspace   ] GC(446) Metaspace: 61336K(62272K)->61336K(62272K) NonClass: 53762K(54272K)->53762K(54272K) Class: 7573K(8000K)->7573K(8000K)
[62.412s][info][gc             ] GC(446) Pause Young (Allocation Failure) 380M->172M(1570M) 1.051ms
[62.412s][info][gc,cpu         ] GC(446) User=0.00s Sys=0.00s Real=0.00s
[62.497s][info][gc,start       ] GC(447) Pause Young (Allocation Failure)
[62.498s][info][gc,heap        ] GC(447) PSYoungGen: 209600K(209920K)->320K(208384K) Eden: 209408K(209408K)->0K(206848K) From: 192K(512K)->320K(1536K)
[62.498s][info][gc,heap        ] GC(447) ParOldGen: 176771K(1398272K)->176771K(1398272K)
[62.498s][info][gc,metaspace   ] GC(447) Metaspace: 61336K(62272K)->61336K(62272K) NonClass: 53762K(54272K)->53762K(54272K) Class: 7573K(8000K)->7573K(8000K)
[62.498s][info][gc             ] GC(447) Pause Young (Allocation Failure) 377M->172M(1569M) 1.054ms
[62.498s][info][gc,cpu         ] GC(447) User=0.00s Sys=0.00s Real=0.00s
[62.574s][info][gc,start       ] GC(448) Pause Young (Allocation Failure)
[62.575s][info][gc,heap        ] GC(448) PSYoungGen: 207168K(208384K)->384K(204800K) Eden: 206848K(206848K)->0K(204288K) From: 320K(1536K)->384K(512K)
[62.575s][info][gc,heap        ] GC(448) ParOldGen: 176771K(1398272K)->176787K(1398272K)
[62.575s][info][gc,metaspace   ] GC(448) Metaspace: 61336K(62272K)->61336K(62272K) NonClass: 53762K(54272K)->53762K(54272K) Class: 7573K(8000K)->7573K(8000K)
[62.575s][info][gc             ] GC(448) Pause Young (Allocation Failure) 374M->173M(1565M) 1.033ms
[62.575s][info][gc,cpu         ] GC(448) User=0.30s Sys=0.00s Real=0.02s
[62.650s][info][gc,start       ] GC(449) Pause Young (Allocation Failure)
[62.651s][info][gc,heap        ] GC(449) PSYoungGen: 204672K(204800K)->352K(246784K) Eden: 204288K(204288K)->0K(245248K) From: 384K(512K)->352K(1536K)
[62.651s][info][gc,heap        ] GC(449) ParOldGen: 176787K(1398272K)->176787K(1398272K)
[62.651s][info][gc,metaspace   ] GC(449) Metaspace: 61336K(62272K)->61336K(62272K) NonClass: 53762K(54272K)->53762K(54272K) Class: 7573K(8000K)->7573K(8000K)
[62.651s][info][gc             ] GC(449) Pause Young (Allocation Failure) 372M->172M(1606M) 0.992ms
[62.651s][info][gc,cpu         ] GC(449) User=0.00s Sys=0.00s Real=0.00s
[62.755s][info][gc,start       ] GC(450) Pause Young (Allocation Failure)
[62.756s][info][gc,heap        ] GC(450) PSYoungGen: 245600K(246784K)->256K(242176K) Eden: 245248K(245248K)->0K(241664K) From: 352K(1536K)->256K(512K)
[62.756s][info][gc,heap        ] GC(450) ParOldGen: 176787K(1398272K)->176795K(1398272K)
[62.756s][info][gc,metaspace   ] GC(450) Metaspace: 61336K(62272K)->61336K(62272K) NonClass: 53762K(54272K)->53762K(54272K) Class: 7573K(8000K)->7573K(8000K)
[62.756s][info][gc             ] GC(450) Pause Young (Allocation Failure) 412M->172M(1602M) 0.999ms
[62.756s][info][gc,cpu         ] GC(450) User=0.00s Sys=0.00s Real=0.00s
[62.850s][info][gc,start       ] GC(451) Pause Young (Allocation Failure)
[62.851s][info][gc,heap        ] GC(451) PSYoungGen: 241920K(242176K)->384K(239616K) Eden: 241664K(241664K)->0K(238080K) From: 256K(512K)->384K(1536K)
[62.851s][info][gc,heap        ] GC(451) ParOldGen: 176795K(1398272K)->176795K(1398272K)
[62.851s][info][gc,metaspace   ] GC(451) Metaspace: 61336K(62272K)->61336K(62272K) NonClass: 53762K(54272K)->53762K(54272K) Class: 7573K(8000K)->7573K(8000K)
[62.851s][info][gc             ] GC(451) Pause Young (Allocation Failure) 408M->173M(1599M) 1.065ms
[62.851s][info][gc,cpu         ] GC(451) User=0.00s Sys=0.00s Real=0.00s
[62.970s][info][gc,start       ] GC(452) Pause Young (System.gc())
[62.971s][info][gc,heap        ] GC(452) PSYoungGen: 236631K(239616K)->1056K(239616K) Eden: 236247K(238080K)->0K(238080K) From: 384K(1536K)->1056K(1536K)
[62.971s][info][gc,heap        ] GC(452) ParOldGen: 176795K(1398272K)->176811K(1398272K)
[62.971s][info][gc,metaspace   ] GC(452) Metaspace: 61339K(62272K)->61339K(62272K) NonClass: 53765K(54272K)->53765K(54272K) Class: 7573K(8000K)->7573K(8000K)
[62.971s][info][gc             ] GC(452) Pause Young (System.gc()) 403M->173M(1599M) 1.196ms
[62.971s][info][gc,cpu         ] GC(452) User=0.00s Sys=0.00s Real=0.00s
[62.971s][info][gc,start       ] GC(453) Pause Full (System.gc())
[62.971s][info][gc,phases,start] GC(453) Marking Phase
[63.066s][info][gc,phases      ] GC(453) Marking Phase 95.072ms
[63.066s][info][gc,phases,start] GC(453) Summary Phase
[63.066s][info][gc,phases      ] GC(453) Summary Phase 0.015ms
[63.066s][info][gc,phases,start] GC(453) Adjust Roots
[63.078s][info][gc,phases      ] GC(453) Adjust Roots 11.670ms
[63.078s][info][gc,phases,start] GC(453) Compaction Phase
[63.106s][info][gc,phases      ] GC(453) Compaction Phase 28.203ms
[63.106s][info][gc,phases,start] GC(453) Post Compact
[63.108s][info][gc,phases      ] GC(453) Post Compact 1.377ms
[63.108s][info][gc,heap        ] GC(453) PSYoungGen: 1056K(239616K)->0K(239616K) Eden: 0K(238080K)->0K(238080K) From: 1056K(1536K)->0K(1536K)
[63.108s][info][gc,heap        ] GC(453) ParOldGen: 176811K(1398272K)->176111K(1398272K)
[63.108s][info][gc,metaspace   ] GC(453) Metaspace: 61339K(62272K)->61339K(62272K) NonClass: 53765K(54272K)->53765K(54272K) Class: 7573K(8000K)->7573K(8000K)
[63.108s][info][gc             ] GC(453) Pause Full (System.gc()) 173M->171M(1599M) 136.608ms
[63.108s][info][gc,cpu         ] GC(453) User=3.67s Sys=0.00s Real=0.14s
[63.247s][info][gc,start       ] GC(454) Pause Young (Allocation Failure)
[63.248s][info][gc,heap        ] GC(454) PSYoungGen: 238080K(239616K)->1184K(236032K) Eden: 238080K(238080K)->0K(234496K) From: 0K(1536K)->1184K(1536K)
[63.248s][info][gc,heap        ] GC(454) ParOldGen: 176111K(1398272K)->176111K(1398272K)
[63.248s][info][gc,metaspace   ] GC(454) Metaspace: 61342K(62272K)->61342K(62272K) NonClass: 53768K(54272K)->53768K(54272K) Class: 7573K(8000K)->7573K(8000K)
[63.248s][info][gc             ] GC(454) Pause Young (Allocation Failure) 404M->173M(1596M) 1.412ms
[63.248s][info][gc,cpu         ] GC(454) User=0.00s Sys=0.00s Real=0.00s
[63.322s][info][gc,start       ] GC(455) Pause Young (Allocation Failure)
[63.323s][info][gc,heap        ] GC(455) PSYoungGen: 235680K(236032K)->512K(231424K) Eden: 234496K(234496K)->0K(230912K) From: 1184K(1536K)->512K(512K)
[63.324s][info][gc,heap        ] GC(455) ParOldGen: 176111K(1398272K)->176567K(1398272K)
[63.324s][info][gc,metaspace   ] GC(455) Metaspace: 61342K(62272K)->61342K(62272K) NonClass: 53768K(54272K)->53768K(54272K) Class: 7573K(8000K)->7573K(8000K)
[63.324s][info][gc             ] GC(455) Pause Young (Allocation Failure) 402M->172M(1591M) 1.107ms
[63.324s][info][gc,cpu         ] GC(455) User=0.00s Sys=0.00s Real=0.00s
[63.409s][info][gc,start       ] GC(456) Pause Young (Allocation Failure)
[63.410s][info][gc,heap        ] GC(456) PSYoungGen: 231424K(231424K)->352K(229888K) Eden: 230912K(230912K)->0K(227840K) From: 512K(512K)->352K(2048K)
[63.410s][info][gc,heap        ] GC(456) ParOldGen: 176567K(1398272K)->176703K(1398272K)
[63.410s][info][gc,metaspace   ] GC(456) Metaspace: 61342K(62272K)->61342K(62272K) NonClass: 53768K(54272K)->53768K(54272K) Class: 7573K(8000K)->7573K(8000K)
[63.410s][info][gc             ] GC(456) Pause Young (Allocation Failure) 398M->172M(1590M) 0.974ms
[63.410s][info][gc,cpu         ] GC(456) User=0.52s Sys=0.00s Real=0.02s
[63.493s][info][gc,start       ] GC(457) Pause Young (Allocation Failure)
[63.494s][info][gc,heap        ] GC(457) PSYoungGen: 228192K(229888K)->288K(225280K) Eden: 227840K(227840K)->0K(224768K) From: 352K(2048K)->288K(512K)
[63.494s][info][gc,heap        ] GC(457) ParOldGen: 176703K(1398272K)->176703K(1398272K)
[63.494s][info][gc,metaspace   ] GC(457) Metaspace: 61342K(62272K)->61342K(62272K) NonClass: 53768K(54272K)->53768K(54272K) Class: 7573K(8000K)->7573K(8000K)
[63.494s][info][gc             ] GC(457) Pause Young (Allocation Failure) 395M->172M(1585M) 1.125ms
[63.494s][info][gc,cpu         ] GC(457) User=0.00s Sys=0.00s Real=0.00s
[63.578s][info][gc,start       ] GC(458) Pause Young (Allocation Failure)
[63.579s][info][gc,heap        ] GC(458) PSYoungGen: 225056K(225280K)->352K(223232K) Eden: 224768K(224768K)->0K(221696K) From: 288K(512K)->352K(1536K)
[63.579s][info][gc,heap        ] GC(458) ParOldGen: 176703K(1398272K)->176711K(1398272K)
[63.579s][info][gc,metaspace   ] GC(458) Metaspace: 61342K(62272K)->61342K(62272K) NonClass: 53768K(54272K)->53768K(54272K) Class: 7573K(8000K)->7573K(8000K)
[63.579s][info][gc             ] GC(458) Pause Young (Allocation Failure) 392M->172M(1583M) 1.034ms
[63.579s][info][gc,cpu         ] GC(458) User=0.00s Sys=0.00s Real=0.00s
[63.661s][info][gc,start       ] GC(459) Pause Young (Allocation Failure)
[63.662s][info][gc,heap        ] GC(459) PSYoungGen: 222048K(223232K)->288K(219136K) Eden: 221696K(221696K)->0K(218624K) From: 352K(1536K)->288K(512K)
[63.662s][info][gc,heap        ] GC(459) ParOldGen: 176711K(1398272K)->176719K(1398272K)
[63.662s][info][gc,metaspace   ] GC(459) Metaspace: 61342K(62272K)->61342K(62272K) NonClass: 53768K(54272K)->53768K(54272K) Class: 7573K(8000K)->7573K(8000K)
[63.662s][info][gc             ] GC(459) Pause Young (Allocation Failure) 389M->172M(1579M) 1.053ms
[63.662s][info][gc,cpu         ] GC(459) User=0.00s Sys=0.00s Real=0.00s
[63.749s][info][gc,start       ] GC(460) Pause Young (Allocation Failure)
[63.750s][info][gc,heap        ] GC(460) PSYoungGen: 218912K(219136K)->256K(217088K) Eden: 218624K(218624K)->0K(215552K) From: 288K(512K)->256K(1536K)
[63.750s][info][gc,heap        ] GC(460) ParOldGen: 176719K(1398272K)->176727K(1398272K)
[63.750s][info][gc,metaspace   ] GC(460) Metaspace: 61342K(62272K)->61342K(62272K) NonClass: 53768K(54272K)->53768K(54272K) Class: 7573K(8000K)->7573K(8000K)
[63.750s][info][gc             ] GC(460) Pause Young (Allocation Failure) 386M->172M(1577M) 0.979ms
[63.750s][info][gc,cpu         ] GC(460) User=0.00s Sys=0.00s Real=0.00s
[63.822s][info][gc,start       ] GC(461) Pause Young (Allocation Failure)
[63.823s][info][gc,heap        ] GC(461) PSYoungGen: 215808K(217088K)->384K(212992K) Eden: 215552K(215552K)->0K(212480K) From: 256K(1536K)->384K(512K)
[63.823s][info][gc,heap        ] GC(461) ParOldGen: 176727K(1398272K)->176743K(1398272K)
[63.823s][info][gc,metaspace   ] GC(461) Metaspace: 61342K(62272K)->61342K(62272K) NonClass: 53768K(54272K)->53768K(54272K) Class: 7573K(8000K)->7573K(8000K)
[63.823s][info][gc             ] GC(461) Pause Young (Allocation Failure) 383M->172M(1573M) 1.000ms
[63.824s][info][gc,cpu         ] GC(461) User=0.52s Sys=0.00s Real=0.02s
[63.940s][info][gc,start       ] GC(462) Pause Young (System.gc())
[63.941s][info][gc,heap        ] GC(462) PSYoungGen: 175146K(212992K)->1056K(214016K) Eden: 174762K(212480K)->0K(212480K) From: 384K(512K)->1056K(1536K)
[63.941s][info][gc,heap        ] GC(462) ParOldGen: 176743K(1398272K)->176751K(1398272K)
[63.941s][info][gc,metaspace   ] GC(462) Metaspace: 61352K(62272K)->61352K(62272K) NonClass: 53778K(54272K)->53778K(54272K) Class: 7573K(8000K)->7573K(8000K)
[63.941s][info][gc             ] GC(462) Pause Young (System.gc()) 343M->173M(1574M) 1.130ms
[63.941s][info][gc,cpu         ] GC(462) User=0.00s Sys=0.00s Real=0.00s
[63.941s][info][gc,start       ] GC(463) Pause Full (System.gc())
[63.941s][info][gc,phases,start] GC(463) Marking Phase
[64.037s][info][gc,phases      ] GC(463) Marking Phase 95.668ms
[64.037s][info][gc,phases,start] GC(463) Summary Phase
[64.037s][info][gc,phases      ] GC(463) Summary Phase 0.015ms
[64.037s][info][gc,phases,start] GC(463) Adjust Roots
[64.048s][info][gc,phases      ] GC(463) Adjust Roots 11.297ms
[64.048s][info][gc,phases,start] GC(463) Compaction Phase
[64.092s][info][gc,phases      ] GC(463) Compaction Phase 43.831ms
[64.092s][info][gc,phases,start] GC(463) Post Compact
[64.094s][info][gc,phases      ] GC(463) Post Compact 1.655ms
[64.094s][info][gc,heap        ] GC(463) PSYoungGen: 1056K(214016K)->0K(214016K) Eden: 0K(212480K)->0K(212480K) From: 1056K(1536K)->0K(1536K)
[64.094s][info][gc,heap        ] GC(463) ParOldGen: 176751K(1398272K)->176127K(1398272K)
[64.094s][info][gc,metaspace   ] GC(463) Metaspace: 61352K(62272K)->61352K(62272K) NonClass: 53778K(54272K)->53778K(54272K) Class: 7573K(8000K)->7573K(8000K)
[64.094s][info][gc             ] GC(463) Pause Full (System.gc()) 173M->171M(1574M) 152.891ms
[64.094s][info][gc,cpu         ] GC(463) User=2.69s Sys=0.00s Real=0.16s
[64.210s][info][gc,start       ] GC(464) Pause Young (Allocation Failure)
[64.211s][info][gc,heap        ] GC(464) PSYoungGen: 212480K(214016K)->1184K(211456K) Eden: 212480K(212480K)->0K(209920K) From: 0K(1536K)->1184K(1536K)
[64.211s][info][gc,heap        ] GC(464) ParOldGen: 176127K(1398272K)->176127K(1398272K)
[64.211s][info][gc,metaspace   ] GC(464) Metaspace: 61371K(62272K)->61371K(62272K) NonClass: 53797K(54272K)->53797K(54272K) Class: 7573K(8000K)->7573K(8000K)
[64.211s][info][gc             ] GC(464) Pause Young (Allocation Failure) 379M->173M(1572M) 1.254ms
[64.211s][info][gc,cpu         ] GC(464) User=0.00s Sys=0.00s Real=0.00s
[64.286s][info][gc,start       ] GC(465) Pause Young (Allocation Failure)
[64.287s][info][gc,heap        ] GC(465) PSYoungGen: 211104K(211456K)->800K(208384K) Eden: 209920K(209920K)->0K(207360K) From: 1184K(1536K)->800K(1024K)
[64.287s][info][gc,heap        ] GC(465) ParOldGen: 176127K(1398272K)->176557K(1398272K)
[64.287s][info][gc,metaspace   ] GC(465) Metaspace: 61371K(62272K)->61371K(62272K) NonClass: 53797K(54272K)->53797K(54272K) Class: 7573K(8000K)->7573K(8000K)
[64.287s][info][gc             ] GC(465) Pause Young (Allocation Failure) 378M->173M(1569M) 1.436ms
[64.287s][info][gc,cpu         ] GC(465) User=0.00s Sys=0.00s Real=0.00s
[64.360s][info][gc,start       ] GC(466) Pause Young (Allocation Failure)
[64.361s][info][gc,heap        ] GC(466) PSYoungGen: 208160K(208384K)->320K(205312K) Eden: 207360K(207360K)->0K(204800K) From: 800K(1024K)->320K(512K)
[64.361s][info][gc,heap        ] GC(466) ParOldGen: 176557K(1398272K)->176765K(1398272K)
[64.361s][info][gc,metaspace   ] GC(466) Metaspace: 61371K(62272K)->61371K(62272K) NonClass: 53797K(54272K)->53797K(54272K) Class: 7573K(8000K)->7573K(8000K)
[64.361s][info][gc             ] GC(466) Pause Young (Allocation Failure) 375M->172M(1566M) 1.153ms
[64.362s][info][gc,cpu         ] GC(466) User=0.00s Sys=0.00s Real=0.00s
[64.426s][info][gc,start       ] GC(467) Pause Young (Allocation Failure)
[64.427s][info][gc,heap        ] GC(467) PSYoungGen: 205120K(205312K)->288K(247296K) Eden: 204800K(204800K)->0K(245760K) From: 320K(512K)->288K(1536K)
[64.427s][info][gc,heap        ] GC(467) ParOldGen: 176765K(1398272K)->176765K(1398272K)
[64.427s][info][gc,metaspace   ] GC(467) Metaspace: 61371K(62272K)->61371K(62272K) NonClass: 53797K(54272K)->53797K(54272K) Class: 7573K(8000K)->7573K(8000K)
[64.427s][info][gc             ] GC(467) Pause Young (Allocation Failure) 372M->172M(1607M) 0.954ms
[64.427s][info][gc,cpu         ] GC(467) User=0.00s Sys=0.00s Real=0.00s
[64.504s][info][gc,start       ] GC(468) Pause Young (Allocation Failure)
[64.505s][info][gc,heap        ] GC(468) PSYoungGen: 246048K(247296K)->352K(289280K) Eden: 245760K(245760K)->0K(287744K) From: 288K(1536K)->352K(1536K)
[64.505s][info][gc,heap        ] GC(468) ParOldGen: 176765K(1398272K)->176773K(1398272K)
[64.505s][info][gc,metaspace   ] GC(468) Metaspace: 61371K(62272K)->61371K(62272K) NonClass: 53797K(54272K)->53797K(54272K) Class: 7573K(8000K)->7573K(8000K)
[64.505s][info][gc             ] GC(468) Pause Young (Allocation Failure) 412M->172M(1648M) 1.016ms
[64.505s][info][gc,cpu         ] GC(468) User=0.00s Sys=0.00s Real=0.00s
[64.608s][info][gc,start       ] GC(469) Pause Young (Allocation Failure)
[64.609s][info][gc,heap        ] GC(469) PSYoungGen: 288096K(289280K)->384K(283648K) Eden: 287744K(287744K)->0K(283136K) From: 352K(1536K)->384K(512K)
[64.609s][info][gc,heap        ] GC(469) ParOldGen: 176773K(1398272K)->176781K(1398272K)
[64.609s][info][gc,metaspace   ] GC(469) Metaspace: 61371K(62272K)->61371K(62272K) NonClass: 53797K(54272K)->53797K(54272K) Class: 7573K(8000K)->7573K(8000K)
[64.609s][info][gc             ] GC(469) Pause Young (Allocation Failure) 453M->173M(1642M) 1.168ms
[64.609s][info][gc,cpu         ] GC(469) User=0.02s Sys=0.00s Real=0.02s
[64.716s][info][gc,start       ] GC(470) Pause Young (Allocation Failure)
[64.717s][info][gc,heap        ] GC(470) PSYoungGen: 283520K(283648K)->320K(279040K) Eden: 283136K(283136K)->0K(278528K) From: 384K(512K)->320K(512K)
[64.717s][info][gc,heap        ] GC(470) ParOldGen: 176781K(1398272K)->176781K(1398272K)
[64.717s][info][gc,metaspace   ] GC(470) Metaspace: 61371K(62272K)->61371K(62272K) NonClass: 53797K(54272K)->53797K(54272K) Class: 7573K(8000K)->7573K(8000K)
[64.717s][info][gc             ] GC(470) Pause Young (Allocation Failure) 449M->172M(1638M) 0.974ms
[64.717s][info][gc,cpu         ] GC(470) User=0.00s Sys=0.00s Real=0.00s
[64.835s][info][gc,start       ] GC(471) Pause Young (Allocation Failure)
[64.836s][info][gc,heap        ] GC(471) PSYoungGen: 278848K(279040K)->1056K(275456K) Eden: 278528K(278528K)->0K(273920K) From: 320K(512K)->1056K(1536K)
[64.836s][info][gc,heap        ] GC(471) ParOldGen: 176781K(1398272K)->176789K(1398272K)
[64.837s][info][gc,metaspace   ] GC(471) Metaspace: 61371K(62272K)->61371K(62272K) NonClass: 53798K(54272K)->53798K(54272K) Class: 7573K(8000K)->7573K(8000K)
[64.837s][info][gc             ] GC(471) Pause Young (Allocation Failure) 444M->173M(1634M) 1.141ms
[64.837s][info][gc,cpu         ] GC(471) User=0.00s Sys=0.00s Real=0.00s
[64.903s][info][gc,start       ] GC(472) Pause Young (System.gc())
[64.904s][info][gc,heap        ] GC(472) PSYoungGen: 57157K(275456K)->1056K(275456K) Eden: 56101K(273920K)->0K(273920K) From: 1056K(1536K)->1056K(1536K)
[64.904s][info][gc,heap        ] GC(472) ParOldGen: 176789K(1398272K)->177021K(1398272K)
[64.904s][info][gc,metaspace   ] GC(472) Metaspace: 61390K(62272K)->61390K(62272K) NonClass: 53816K(54272K)->53816K(54272K) Class: 7573K(8000K)->7573K(8000K)
[64.904s][info][gc             ] GC(472) Pause Young (System.gc()) 228M->173M(1634M) 1.272ms
[64.904s][info][gc,cpu         ] GC(472) User=0.00s Sys=0.00s Real=0.00s
[64.905s][info][gc,start       ] GC(473) Pause Full (System.gc())
[64.905s][info][gc,phases,start] GC(473) Marking Phase
[64.999s][info][gc,phases      ] GC(473) Marking Phase 94.147ms
[64.999s][info][gc,phases,start] GC(473) Summary Phase
[64.999s][info][gc,phases      ] GC(473) Summary Phase 0.016ms
[64.999s][info][gc,phases,start] GC(473) Adjust Roots
[65.011s][info][gc,phases      ] GC(473) Adjust Roots 11.826ms
[65.011s][info][gc,phases,start] GC(473) Compaction Phase
[65.034s][info][gc,phases      ] GC(473) Compaction Phase 23.278ms
[65.034s][info][gc,phases,start] GC(473) Post Compact
[65.036s][info][gc,phases      ] GC(473) Post Compact 1.425ms
[65.036s][info][gc,heap        ] GC(473) PSYoungGen: 1056K(275456K)->0K(275456K) Eden: 0K(273920K)->0K(273920K) From: 1056K(1536K)->0K(1536K)
[65.036s][info][gc,heap        ] GC(473) ParOldGen: 177021K(1398272K)->176145K(1398272K)
[65.036s][info][gc,metaspace   ] GC(473) Metaspace: 61390K(62272K)->61390K(62272K) NonClass: 53816K(54272K)->53816K(54272K) Class: 7573K(8000K)->7573K(8000K)
[65.036s][info][gc             ] GC(473) Pause Full (System.gc()) 173M->172M(1634M) 131.022ms
[65.036s][info][gc,cpu         ] GC(473) User=2.72s Sys=0.00s Real=0.13s
[65.175s][info][gc,start       ] GC(474) Pause Young (Allocation Failure)
[65.177s][info][gc,heap        ] GC(474) PSYoungGen: 273920K(275456K)->1184K(270848K) Eden: 273920K(273920K)->0K(269312K) From: 0K(1536K)->1184K(1536K)
[65.177s][info][gc,heap        ] GC(474) ParOldGen: 176145K(1398272K)->176153K(1398272K)
[65.177s][info][gc,metaspace   ] GC(474) Metaspace: 61447K(62336K)->61447K(62336K) NonClass: 53873K(54336K)->53873K(54336K) Class: 7573K(8000K)->7573K(8000K)
[65.177s][info][gc             ] GC(474) Pause Young (Allocation Failure) 439M->173M(1630M) 1.318ms
[65.177s][info][gc,cpu         ] GC(474) User=0.00s Sys=0.00s Real=0.00s
[65.278s][info][gc,start       ] GC(475) Pause Young (Allocation Failure)
[65.279s][info][gc,heap        ] GC(475) PSYoungGen: 270496K(270848K)->512K(265728K) Eden: 269312K(269312K)->0K(265216K) From: 1184K(1536K)->512K(512K)
[65.279s][info][gc,heap        ] GC(475) ParOldGen: 176153K(1398272K)->176606K(1398272K)
[65.279s][info][gc,metaspace   ] GC(475) Metaspace: 61447K(62336K)->61447K(62336K) NonClass: 53873K(54336K)->53873K(54336K) Class: 7573K(8000K)->7573K(8000K)
[65.279s][info][gc             ] GC(475) Pause Young (Allocation Failure) 436M->172M(1625M) 1.066ms
[65.279s][info][gc,cpu         ] GC(475) User=0.52s Sys=0.00s Real=0.02s
[65.371s][info][gc,start       ] GC(476) Pause Young (Allocation Failure)
[65.371s][info][gc,heap        ] GC(476) PSYoungGen: 265728K(265728K)->352K(263168K) Eden: 265216K(265216K)->0K(261120K) From: 512K(512K)->352K(2048K)
[65.372s][info][gc,heap        ] GC(476) ParOldGen: 176606K(1398272K)->176782K(1398272K)
[65.372s][info][gc,metaspace   ] GC(476) Metaspace: 61447K(62336K)->61447K(62336K) NonClass: 53873K(54336K)->53873K(54336K) Class: 7573K(8000K)->7573K(8000K)
[65.372s][info][gc             ] GC(476) Pause Young (Allocation Failure) 431M->172M(1622M) 0.952ms
[65.372s][info][gc,cpu         ] GC(476) User=0.00s Sys=0.00s Real=0.00s
[65.462s][info][gc,start       ] GC(477) Pause Young (Allocation Failure)
[65.463s][info][gc,heap        ] GC(477) PSYoungGen: 261472K(263168K)->384K(257536K) Eden: 261120K(261120K)->0K(257024K) From: 352K(2048K)->384K(512K)
[65.463s][info][gc,heap        ] GC(477) ParOldGen: 176782K(1398272K)->176782K(1398272K)
[65.463s][info][gc,metaspace   ] GC(477) Metaspace: 61447K(62336K)->61447K(62336K) NonClass: 53873K(54336K)->53873K(54336K) Class: 7573K(8000K)->7573K(8000K)
[65.463s][info][gc             ] GC(477) Pause Young (Allocation Failure) 427M->173M(1617M) 1.243ms
[65.463s][info][gc,cpu         ] GC(477) User=0.00s Sys=0.00s Real=0.00s
[65.553s][info][gc,start       ] GC(478) Pause Young (Allocation Failure)
[65.554s][info][gc,heap        ] GC(478) PSYoungGen: 257408K(257536K)->352K(254976K) Eden: 257024K(257024K)->0K(252928K) From: 384K(512K)->352K(2048K)
[65.554s][info][gc,heap        ] GC(478) ParOldGen: 176782K(1398272K)->176782K(1398272K)
[65.554s][info][gc,metaspace   ] GC(478) Metaspace: 61447K(62336K)->61447K(62336K) NonClass: 53873K(54336K)->53873K(54336K) Class: 7573K(8000K)->7573K(8000K)
[65.554s][info][gc             ] GC(478) Pause Young (Allocation Failure) 424M->172M(1614M) 0.997ms
[65.554s][info][gc,cpu         ] GC(478) User=0.00s Sys=0.00s Real=0.00s
[65.650s][info][gc,start       ] GC(479) Pause Young (Allocation Failure)
[65.651s][info][gc,heap        ] GC(479) PSYoungGen: 253280K(254976K)->384K(249344K) Eden: 252928K(252928K)->0K(248832K) From: 352K(2048K)->384K(512K)
[65.651s][info][gc,heap        ] GC(479) ParOldGen: 176782K(1398272K)->176790K(1398272K)
[65.651s][info][gc,metaspace   ] GC(479) Metaspace: 61447K(62336K)->61447K(62336K) NonClass: 53873K(54336K)->53873K(54336K) Class: 7573K(8000K)->7573K(8000K)
[65.651s][info][gc             ] GC(479) Pause Young (Allocation Failure) 419M->173M(1609M) 1.323ms
[65.651s][info][gc,cpu         ] GC(479) User=0.00s Sys=0.00s Real=0.00s
[65.738s][info][gc,start       ] GC(480) Pause Young (Allocation Failure)
[65.739s][info][gc,heap        ] GC(480) PSYoungGen: 249216K(249344K)->416K(246784K) Eden: 248832K(248832K)->0K(245248K) From: 384K(512K)->416K(1536K)
[65.739s][info][gc,heap        ] GC(480) ParOldGen: 176790K(1398272K)->176790K(1398272K)
[65.739s][info][gc,metaspace   ] GC(480) Metaspace: 61447K(62336K)->61447K(62336K) NonClass: 53873K(54336K)->53873K(54336K) Class: 7573K(8000K)->7573K(8000K)
[65.739s][info][gc             ] GC(480) Pause Young (Allocation Failure) 416M->173M(1606M) 1.105ms
[65.739s][info][gc,cpu         ] GC(480) User=0.00s Sys=0.00s Real=0.00s
[65.835s][info][gc,start       ] GC(481) Pause Young (System.gc())
[65.836s][info][gc,heap        ] GC(481) PSYoungGen: 159543K(246784K)->1056K(246784K) Eden: 159127K(245248K)->0K(245248K) From: 416K(1536K)->1056K(1536K)
[65.836s][info][gc,heap        ] GC(481) ParOldGen: 176790K(1398272K)->176814K(1398272K)
[65.836s][info][gc,metaspace   ] GC(481) Metaspace: 61467K(62336K)->61467K(62336K) NonClass: 53893K(54336K)->53893K(54336K) Class: 7573K(8000K)->7573K(8000K)
[65.836s][info][gc             ] GC(481) Pause Young (System.gc()) 328M->173M(1606M) 1.192ms
[65.836s][info][gc,cpu         ] GC(481) User=0.00s Sys=0.00s Real=0.00s
[65.836s][info][gc,start       ] GC(482) Pause Full (System.gc())
[65.836s][info][gc,phases,start] GC(482) Marking Phase
[65.931s][info][gc,phases      ] GC(482) Marking Phase 95.100ms
[65.931s][info][gc,phases,start] GC(482) Summary Phase
[65.931s][info][gc,phases      ] GC(482) Summary Phase 0.016ms
[65.931s][info][gc,phases,start] GC(482) Adjust Roots
[65.943s][info][gc,phases      ] GC(482) Adjust Roots 11.157ms
[65.943s][info][gc,phases,start] GC(482) Compaction Phase
[65.963s][info][gc,phases      ] GC(482) Compaction Phase 20.366ms
[65.963s][info][gc,phases,start] GC(482) Post Compact
[65.964s][info][gc,phases      ] GC(482) Post Compact 1.412ms
[65.964s][info][gc,heap        ] GC(482) PSYoungGen: 1056K(246784K)->0K(246784K) Eden: 0K(245248K)->0K(245248K) From: 1056K(1536K)->0K(1536K)
[65.965s][info][gc,heap        ] GC(482) ParOldGen: 176814K(1398272K)->176152K(1398272K)
[65.965s][info][gc,metaspace   ] GC(482) Metaspace: 61467K(62336K)->61467K(62336K) NonClass: 53893K(54336K)->53893K(54336K) Class: 7573K(8000K)->7573K(8000K)
[65.965s][info][gc             ] GC(482) Pause Full (System.gc()) 173M->172M(1606M) 128.378ms
[65.965s][info][gc,cpu         ] GC(482) User=3.13s Sys=0.00s Real=0.13s
[66.104s][info][gc,start       ] GC(483) Pause Young (Allocation Failure)
[66.105s][info][gc,heap        ] GC(483) PSYoungGen: 245248K(246784K)->1152K(243200K) Eden: 245248K(245248K)->0K(241664K) From: 0K(1536K)->1152K(1536K)
[66.105s][info][gc,heap        ] GC(483) ParOldGen: 176152K(1398272K)->176152K(1398272K)
[66.105s][info][gc,metaspace   ] GC(483) Metaspace: 61471K(62400K)->61471K(62400K) NonClass: 53897K(54400K)->53897K(54400K) Class: 7573K(8000K)->7573K(8000K)
[66.105s][info][gc             ] GC(483) Pause Young (Allocation Failure) 411M->173M(1603M) 1.321ms
[66.105s][info][gc,cpu         ] GC(483) User=0.00s Sys=0.00s Real=0.00s
[66.188s][info][gc,start       ] GC(484) Pause Young (Allocation Failure)
[66.189s][info][gc,heap        ] GC(484) PSYoungGen: 242816K(243200K)->512K(238592K) Eden: 241664K(241664K)->0K(238080K) From: 1152K(1536K)->512K(512K)
[66.189s][info][gc,heap        ] GC(484) ParOldGen: 176152K(1398272K)->176590K(1398272K)
[66.189s][info][gc,metaspace   ] GC(484) Metaspace: 61471K(62400K)->61471K(62400K) NonClass: 53897K(54400K)->53897K(54400K) Class: 7573K(8000K)->7573K(8000K)
[66.189s][info][gc             ] GC(484) Pause Young (Allocation Failure) 409M->172M(1598M) 1.078ms
[66.189s][info][gc,cpu         ] GC(484) User=0.00s Sys=0.00s Real=0.00s
[66.277s][info][gc,start       ] GC(485) Pause Young (Allocation Failure)
[66.278s][info][gc,heap        ] GC(485) PSYoungGen: 238592K(238592K)->352K(236544K) Eden: 238080K(238080K)->0K(234496K) From: 512K(512K)->352K(2048K)
[66.278s][info][gc,heap        ] GC(485) ParOldGen: 176590K(1398272K)->176782K(1398272K)
[66.278s][info][gc,metaspace   ] GC(485) Metaspace: 61471K(62400K)->61471K(62400K) NonClass: 53897K(54400K)->53897K(54400K) Class: 7573K(8000K)->7573K(8000K)
[66.278s][info][gc             ] GC(485) Pause Young (Allocation Failure) 405M->172M(1596M) 1.069ms
[66.278s][info][gc,cpu         ] GC(485) User=0.00s Sys=0.00s Real=0.00s
[66.365s][info][gc,start       ] GC(486) Pause Young (Allocation Failure)
[66.370s][info][gc,heap        ] GC(486) PSYoungGen: 234848K(236544K)->352K(231424K) Eden: 234496K(234496K)->0K(230912K) From: 352K(2048K)->352K(512K)
[66.370s][info][gc,heap        ] GC(486) ParOldGen: 176782K(1398272K)->176782K(1398272K)
[66.370s][info][gc,metaspace   ] GC(486) Metaspace: 61471K(62400K)->61471K(62400K) NonClass: 53897K(54400K)->53897K(54400K) Class: 7573K(8000K)->7573K(8000K)
[66.370s][info][gc             ] GC(486) Pause Young (Allocation Failure) 401M->172M(1591M) 4.331ms
[66.370s][info][gc,cpu         ] GC(486) User=0.00s Sys=0.00s Real=0.00s
[66.455s][info][gc,start       ] GC(487) Pause Young (Allocation Failure)
[66.456s][info][gc,heap        ] GC(487) PSYoungGen: 231264K(231424K)->416K(229888K) Eden: 230912K(230912K)->0K(227840K) From: 352K(512K)->416K(2048K)
[66.456s][info][gc,heap        ] GC(487) ParOldGen: 176782K(1398272K)->176782K(1398272K)
[66.456s][info][gc,metaspace   ] GC(487) Metaspace: 61471K(62400K)->61471K(62400K) NonClass: 53897K(54400K)->53897K(54400K) Class: 7573K(8000K)->7573K(8000K)
[66.456s][info][gc             ] GC(487) Pause Young (Allocation Failure) 398M->173M(1590M) 1.095ms
[66.456s][info][gc,cpu         ] GC(487) User=0.00s Sys=0.00s Real=0.00s
[66.539s][info][gc,start       ] GC(488) Pause Young (Allocation Failure)
[66.540s][info][gc,heap        ] GC(488) PSYoungGen: 228256K(229888K)->352K(225280K) Eden: 227840K(227840K)->0K(224768K) From: 416K(2048K)->352K(512K)
[66.540s][info][gc,heap        ] GC(488) ParOldGen: 176782K(1398272K)->176798K(1398272K)
[66.540s][info][gc,metaspace   ] GC(488) Metaspace: 61471K(62400K)->61471K(62400K) NonClass: 53897K(54400K)->53897K(54400K) Class: 7573K(8000K)->7573K(8000K)
[66.540s][info][gc             ] GC(488) Pause Young (Allocation Failure) 395M->172M(1585M) 1.315ms
[66.541s][info][gc,cpu         ] GC(488) User=0.00s Sys=0.00s Real=0.00s
[66.631s][info][gc,start       ] GC(489) Pause Young (Allocation Failure)
[66.632s][info][gc,heap        ] GC(489) PSYoungGen: 225120K(225280K)->352K(223232K) Eden: 224768K(224768K)->0K(221696K) From: 352K(512K)->352K(1536K)
[66.632s][info][gc,heap        ] GC(489) ParOldGen: 176798K(1398272K)->176814K(1398272K)
[66.632s][info][gc,metaspace   ] GC(489) Metaspace: 61471K(62400K)->61471K(62400K) NonClass: 53897K(54400K)->53897K(54400K) Class: 7573K(8000K)->7573K(8000K)
[66.632s][info][gc             ] GC(489) Pause Young (Allocation Failure) 392M->173M(1583M) 1.084ms
[66.632s][info][gc,cpu         ] GC(489) User=0.00s Sys=0.00s Real=0.00s
[66.723s][info][gc,start       ] GC(490) Pause Young (Allocation Failure)
[66.724s][info][gc,heap        ] GC(490) PSYoungGen: 222048K(223232K)->320K(219136K) Eden: 221696K(221696K)->0K(218624K) From: 352K(1536K)->320K(512K)
[66.724s][info][gc,heap        ] GC(490) ParOldGen: 176814K(1398272K)->176822K(1398272K)
[66.724s][info][gc,metaspace   ] GC(490) Metaspace: 61471K(62400K)->61471K(62400K) NonClass: 53897K(54400K)->53897K(54400K) Class: 7573K(8000K)->7573K(8000K)
[66.724s][info][gc             ] GC(490) Pause Young (Allocation Failure) 389M->172M(1579M) 1.240ms
[66.724s][info][gc,cpu         ] GC(490) User=0.00s Sys=0.00s Real=0.00s
[66.786s][info][gc,start       ] GC(491) Pause Young (System.gc())
[66.787s][info][gc,heap        ] GC(491) PSYoungGen: 122052K(219136K)->1056K(220160K) Eden: 121732K(218624K)->0K(218624K) From: 320K(512K)->1056K(1536K)
[66.787s][info][gc,heap        ] GC(491) ParOldGen: 176822K(1398272K)->176846K(1398272K)
[66.787s][info][gc,metaspace   ] GC(491) Metaspace: 61471K(62400K)->61471K(62400K) NonClass: 53897K(54400K)->53897K(54400K) Class: 7573K(8000K)->7573K(8000K)
[66.787s][info][gc             ] GC(491) Pause Young (System.gc()) 291M->173M(1580M) 1.096ms
[66.787s][info][gc,cpu         ] GC(491) User=0.00s Sys=0.00s Real=0.00s
[66.787s][info][gc,start       ] GC(492) Pause Full (System.gc())
[66.787s][info][gc,phases,start] GC(492) Marking Phase
[66.886s][info][gc,phases      ] GC(492) Marking Phase 99.030ms
[66.886s][info][gc,phases,start] GC(492) Summary Phase
[66.886s][info][gc,phases      ] GC(492) Summary Phase 0.016ms
[66.886s][info][gc,phases,start] GC(492) Adjust Roots
[66.897s][info][gc,phases      ] GC(492) Adjust Roots 10.848ms
[66.897s][info][gc,phases,start] GC(492) Compaction Phase
[66.922s][info][gc,phases      ] GC(492) Compaction Phase 24.440ms
[66.922s][info][gc,phases,start] GC(492) Post Compact
[66.923s][info][gc,phases      ] GC(492) Post Compact 1.488ms
[66.923s][info][gc,heap        ] GC(492) PSYoungGen: 1056K(220160K)->0K(220160K) Eden: 0K(218624K)->0K(218624K) From: 1056K(1536K)->0K(1536K)
[66.923s][info][gc,heap        ] GC(492) ParOldGen: 176846K(1398272K)->176170K(1398272K)
[66.923s][info][gc,metaspace   ] GC(492) Metaspace: 61471K(62400K)->61471K(62400K) NonClass: 53897K(54400K)->53897K(54400K) Class: 7573K(8000K)->7573K(8000K)
[66.923s][info][gc             ] GC(492) Pause Full (System.gc()) 173M->172M(1580M) 136.153ms
[66.924s][info][gc,cpu         ] GC(492) User=3.03s Sys=0.00s Real=0.13s
[67.054s][info][gc,start       ] GC(493) Pause Young (Allocation Failure)
[67.055s][info][gc,heap        ] GC(493) PSYoungGen: 218624K(220160K)->1152K(217088K) Eden: 218624K(218624K)->0K(215552K) From: 0K(1536K)->1152K(1536K)
[67.055s][info][gc,heap        ] GC(493) ParOldGen: 176170K(1398272K)->176170K(1398272K)
[67.055s][info][gc,metaspace   ] GC(493) Metaspace: 61478K(62400K)->61478K(62400K) NonClass: 53904K(54400K)->53904K(54400K) Class: 7573K(8000K)->7573K(8000K)
[67.055s][info][gc             ] GC(493) Pause Young (Allocation Failure) 385M->173M(1577M) 1.235ms
[67.055s][info][gc,cpu         ] GC(493) User=0.00s Sys=0.00s Real=0.00s
[67.138s][info][gc,start       ] GC(494) Pause Young (Allocation Failure)
[67.140s][info][gc,heap        ] GC(494) PSYoungGen: 216704K(217088K)->768K(213504K) Eden: 215552K(215552K)->0K(212480K) From: 1152K(1536K)->768K(1024K)
[67.140s][info][gc,heap        ] GC(494) ParOldGen: 176170K(1398272K)->176615K(1398272K)
[67.140s][info][gc,metaspace   ] GC(494) Metaspace: 61478K(62400K)->61478K(62400K) NonClass: 53904K(54400K)->53904K(54400K) Class: 7573K(8000K)->7573K(8000K)
[67.140s][info][gc             ] GC(494) Pause Young (Allocation Failure) 383M->173M(1574M) 1.272ms
[67.140s][info][gc,cpu         ] GC(494) User=0.00s Sys=0.00s Real=0.00s
[67.217s][info][gc,start       ] GC(495) Pause Young (Allocation Failure)
[67.218s][info][gc,heap        ] GC(495) PSYoungGen: 213248K(213504K)->288K(210432K) Eden: 212480K(212480K)->0K(209920K) From: 768K(1024K)->288K(512K)
[67.218s][info][gc,heap        ] GC(495) ParOldGen: 176615K(1398272K)->176847K(1398272K)
[67.218s][info][gc,metaspace   ] GC(495) Metaspace: 61478K(62400K)->61478K(62400K) NonClass: 53904K(54400K)->53904K(54400K) Class: 7573K(8000K)->7573K(8000K)
[67.218s][info][gc             ] GC(495) Pause Young (Allocation Failure) 380M->172M(1571M) 1.227ms
[67.218s][info][gc,cpu         ] GC(495) User=0.00s Sys=0.00s Real=0.00s
[67.295s][info][gc,start       ] GC(496) Pause Young (Allocation Failure)
[67.296s][info][gc,heap        ] GC(496) PSYoungGen: 210208K(210432K)->960K(208384K) Eden: 209920K(209920K)->0K(207360K) From: 288K(512K)->960K(1024K)
[67.296s][info][gc,heap        ] GC(496) ParOldGen: 176847K(1398272K)->176847K(1398272K)
[67.296s][info][gc,metaspace   ] GC(496) Metaspace: 61478K(62400K)->61478K(62400K) NonClass: 53904K(54400K)->53904K(54400K) Class: 7573K(8000K)->7573K(8000K)
[67.296s][info][gc             ] GC(496) Pause Young (Allocation Failure) 377M->173M(1569M) 1.066ms
[67.296s][info][gc,cpu         ] GC(496) User=0.00s Sys=0.00s Real=0.00s
[67.373s][info][gc,start       ] GC(497) Pause Young (Allocation Failure)
[67.374s][info][gc,heap        ] GC(497) PSYoungGen: 208320K(208384K)->288K(205312K) Eden: 207360K(207360K)->0K(204800K) From: 960K(1024K)->288K(512K)
[67.374s][info][gc,heap        ] GC(497) ParOldGen: 176847K(1398272K)->177079K(1398272K)
[67.374s][info][gc,metaspace   ] GC(497) Metaspace: 61478K(62400K)->61478K(62400K) NonClass: 53904K(54400K)->53904K(54400K) Class: 7573K(8000K)->7573K(8000K)
[67.374s][info][gc             ] GC(497) Pause Young (Allocation Failure) 376M->173M(1566M) 1.131ms
[67.374s][info][gc,cpu         ] GC(497) User=0.00s Sys=0.00s Real=0.00s
[67.451s][info][gc,start       ] GC(498) Pause Young (Allocation Failure)
[67.452s][info][gc,heap        ] GC(498) PSYoungGen: 205088K(205312K)->320K(203776K) Eden: 204800K(204800K)->0K(202240K) From: 288K(512K)->320K(1536K)
[67.452s][info][gc,heap        ] GC(498) ParOldGen: 177079K(1398272K)->177079K(1398272K)
[67.452s][info][gc,metaspace   ] GC(498) Metaspace: 61478K(62400K)->61478K(62400K) NonClass: 53904K(54400K)->53904K(54400K) Class: 7573K(8000K)->7573K(8000K)
[67.452s][info][gc             ] GC(498) Pause Young (Allocation Failure) 373M->173M(1564M) 0.994ms
[67.452s][info][gc,cpu         ] GC(498) User=0.00s Sys=0.00s Real=0.00s
[67.526s][info][gc,start       ] GC(499) Pause Young (Allocation Failure)
[67.528s][info][gc,heap        ] GC(499) PSYoungGen: 202560K(203776K)->352K(243200K) Eden: 202240K(202240K)->0K(242688K) From: 320K(1536K)->352K(512K)
[67.528s][info][gc,heap        ] GC(499) ParOldGen: 177079K(1398272K)->177095K(1398272K)
[67.528s][info][gc,metaspace   ] GC(499) Metaspace: 61478K(62400K)->61478K(62400K) NonClass: 53904K(54400K)->53904K(54400K) Class: 7573K(8000K)->7573K(8000K)
[67.528s][info][gc             ] GC(499) Pause Young (Allocation Failure) 370M->173M(1603M) 1.307ms
[67.528s][info][gc,cpu         ] GC(499) User=0.00s Sys=0.00s Real=0.00s
[67.608s][info][gc,start       ] GC(500) Pause Young (Allocation Failure)
[67.610s][info][gc,heap        ] GC(500) PSYoungGen: 243040K(243200K)->288K(273920K) Eden: 242688K(242688K)->0K(272384K) From: 352K(512K)->288K(1536K)
[67.610s][info][gc,heap        ] GC(500) ParOldGen: 177095K(1398272K)->177103K(1398272K)
[67.610s][info][gc,metaspace   ] GC(500) Metaspace: 61478K(62400K)->61478K(62400K) NonClass: 53904K(54400K)->53904K(54400K) Class: 7573K(8000K)->7573K(8000K)
[67.610s][info][gc             ] GC(500) Pause Young (Allocation Failure) 410M->173M(1633M) 1.228ms
[67.610s][info][gc,cpu         ] GC(500) User=0.00s Sys=0.00s Real=0.00s
[67.722s][info][gc,start       ] GC(501) Pause Young (Allocation Failure)
[67.725s][info][gc,heap        ] GC(501) PSYoungGen: 268699K(273920K)->1120K(292864K) Eden: 268411K(272384K)->0K(291328K) From: 288K(1536K)->1120K(1536K)
[67.773s][info][gc,heap        ] GC(501) ParOldGen: 177103K(1398272K)->177111K(1398272K)
[67.773s][info][gc,metaspace   ] GC(501) Metaspace: 61478K(62400K)->61478K(62400K) NonClass: 53904K(54400K)->53904K(54400K) Class: 7573K(8000K)->7573K(8000K)
[67.773s][info][gc             ] GC(501) Pause Young (Allocation Failure) 435M->174M(1651M) 50.451ms
[67.773s][info][gc,cpu         ] GC(501) User=0.08s Sys=0.02s Real=0.06s
[67.792s][info][gc,start       ] GC(502) Pause Young (System.gc())
[67.793s][info][gc,heap        ] GC(502) PSYoungGen: 11479K(292864K)->1056K(292864K) Eden: 10358K(291328K)->0K(291328K) From: 1120K(1536K)->1056K(1536K)
[67.793s][info][gc,heap        ] GC(502) ParOldGen: 177111K(1398272K)->177329K(1398272K)
[67.793s][info][gc,metaspace   ] GC(502) Metaspace: 61478K(62400K)->61478K(62400K) NonClass: 53905K(54400K)->53905K(54400K) Class: 7573K(8000K)->7573K(8000K)
[67.793s][info][gc             ] GC(502) Pause Young (System.gc()) 184M->174M(1651M) 1.260ms
[67.793s][info][gc,cpu         ] GC(502) User=0.00s Sys=0.00s Real=0.00s
[67.793s][info][gc,start       ] GC(503) Pause Full (System.gc())
[67.794s][info][gc,phases,start] GC(503) Marking Phase
[67.898s][info][gc,phases      ] GC(503) Marking Phase 104.949ms
[67.899s][info][gc,phases,start] GC(503) Summary Phase
[67.899s][info][gc,phases      ] GC(503) Summary Phase 0.018ms
[67.899s][info][gc,phases,start] GC(503) Adjust Roots
[67.909s][info][gc,phases      ] GC(503) Adjust Roots 10.649ms
[67.909s][info][gc,phases,start] GC(503) Compaction Phase
[67.949s][info][gc,phases      ] GC(503) Compaction Phase 39.631ms
[67.949s][info][gc,phases,start] GC(503) Post Compact
[67.951s][info][gc,phases      ] GC(503) Post Compact 1.650ms
[67.951s][info][gc,heap        ] GC(503) PSYoungGen: 1056K(292864K)->0K(292864K) Eden: 0K(291328K)->0K(291328K) From: 1056K(1536K)->0K(1536K)
[67.951s][info][gc,heap        ] GC(503) ParOldGen: 177329K(1398272K)->176185K(1398272K)
[67.951s][info][gc,metaspace   ] GC(503) Metaspace: 61478K(62400K)->61478K(62400K) NonClass: 53905K(54400K)->53905K(54400K) Class: 7573K(8000K)->7573K(8000K)
[67.951s][info][gc             ] GC(503) Pause Full (System.gc()) 174M->172M(1651M) 157.318ms
[67.951s][info][gc,cpu         ] GC(503) User=4.11s Sys=0.00s Real=0.16s
[68.117s][info][gc,start       ] GC(504) Pause Young (Allocation Failure)
[68.118s][info][gc,heap        ] GC(504) PSYoungGen: 291328K(292864K)->1152K(287744K) Eden: 291328K(291328K)->0K(286208K) From: 0K(1536K)->1152K(1536K)
[68.118s][info][gc,heap        ] GC(504) ParOldGen: 176185K(1398272K)->176185K(1398272K)
[68.118s][info][gc,metaspace   ] GC(504) Metaspace: 61482K(62400K)->61482K(62400K) NonClass: 53908K(54400K)->53908K(54400K) Class: 7573K(8000K)->7573K(8000K)
[68.119s][info][gc             ] GC(504) Pause Young (Allocation Failure) 456M->173M(1646M) 1.334ms
[68.119s][info][gc,cpu         ] GC(504) User=0.02s Sys=0.00s Real=0.02s
[68.227s][info][gc,start       ] GC(505) Pause Young (Allocation Failure)
[68.229s][info][gc,heap        ] GC(505) PSYoungGen: 287360K(287744K)->800K(282624K) Eden: 286208K(286208K)->0K(281600K) From: 1152K(1536K)->800K(1024K)
[68.229s][info][gc,heap        ] GC(505) ParOldGen: 176185K(1398272K)->176654K(1398272K)
[68.229s][info][gc,metaspace   ] GC(505) Metaspace: 61482K(62400K)->61482K(62400K) NonClass: 53908K(54400K)->53908K(54400K) Class: 7573K(8000K)->7573K(8000K)
[68.229s][info][gc             ] GC(505) Pause Young (Allocation Failure) 452M->173M(1641M) 1.254ms
[68.229s][info][gc,cpu         ] GC(505) User=0.27s Sys=0.06s Real=0.01s
[68.342s][info][gc,start       ] GC(506) Pause Young (Allocation Failure)
[68.343s][info][gc,heap        ] GC(506) PSYoungGen: 282400K(282624K)->320K(277504K) Eden: 281600K(281600K)->0K(276992K) From: 800K(1024K)->320K(512K)
[68.343s][info][gc,heap        ] GC(506) ParOldGen: 176654K(1398272K)->176862K(1398272K)
[68.344s][info][gc,metaspace   ] GC(506) Metaspace: 61482K(62400K)->61482K(62400K) NonClass: 53908K(54400K)->53908K(54400K) Class: 7573K(8000K)->7573K(8000K)
[68.344s][info][gc             ] GC(506) Pause Young (Allocation Failure) 448M->173M(1636M) 1.146ms
[68.344s][info][gc,cpu         ] GC(506) User=0.00s Sys=0.00s Real=0.00s
[68.446s][info][gc,start       ] GC(507) Pause Young (Allocation Failure)
[68.447s][info][gc,heap        ] GC(507) PSYoungGen: 277312K(277504K)->288K(274432K) Eden: 276992K(276992K)->0K(272384K) From: 320K(512K)->288K(2048K)
[68.447s][info][gc,heap        ] GC(507) ParOldGen: 176862K(1398272K)->176870K(1398272K)
[68.447s][info][gc,metaspace   ] GC(507) Metaspace: 61482K(62400K)->61482K(62400K) NonClass: 53908K(54400K)->53908K(54400K) Class: 7573K(8000K)->7573K(8000K)
[68.447s][info][gc             ] GC(507) Pause Young (Allocation Failure) 443M->173M(1633M) 0.949ms
[68.447s][info][gc,cpu         ] GC(507) User=0.45s Sys=0.06s Real=0.02s
[68.562s][info][gc,start       ] GC(508) Pause Young (Allocation Failure)
[68.563s][info][gc,heap        ] GC(508) PSYoungGen: 272672K(274432K)->320K(268288K) Eden: 272384K(272384K)->0K(267776K) From: 288K(2048K)->320K(512K)
[68.563s][info][gc,heap        ] GC(508) ParOldGen: 176870K(1398272K)->176870K(1398272K)
[68.563s][info][gc,metaspace   ] GC(508) Metaspace: 61482K(62400K)->61482K(62400K) NonClass: 53908K(54400K)->53908K(54400K) Class: 7573K(8000K)->7573K(8000K)
[68.563s][info][gc             ] GC(508) Pause Young (Allocation Failure) 439M->173M(1627M) 1.198ms
[68.564s][info][gc,cpu         ] GC(508) User=0.00s Sys=0.00s Real=0.00s
[68.663s][info][gc,start       ] GC(509) Pause Young (Allocation Failure)
[68.664s][info][gc,heap        ] GC(509) PSYoungGen: 268096K(268288K)->288K(265216K) Eden: 267776K(267776K)->0K(263680K) From: 320K(512K)->288K(1536K)
[68.664s][info][gc,heap        ] GC(509) ParOldGen: 176870K(1398272K)->176886K(1398272K)
[68.665s][info][gc,metaspace   ] GC(509) Metaspace: 61482K(62400K)->61482K(62400K) NonClass: 53908K(54400K)->53908K(54400K) Class: 7573K(8000K)->7573K(8000K)
[68.665s][info][gc             ] GC(509) Pause Young (Allocation Failure) 434M->173M(1624M) 1.141ms
[68.665s][info][gc,cpu         ] GC(509) User=0.00s Sys=0.00s Real=0.00s
[68.776s][info][gc,start       ] GC(510) Pause Young (Allocation Failure)
[68.777s][info][gc,heap        ] GC(510) PSYoungGen: 263968K(265216K)->1056K(261120K) Eden: 263680K(263680K)->0K(259584K) From: 288K(1536K)->1056K(1536K)
[68.777s][info][gc,heap        ] GC(510) ParOldGen: 176886K(1398272K)->176894K(1398272K)
[68.777s][info][gc,metaspace   ] GC(510) Metaspace: 61482K(62400K)->61482K(62400K) NonClass: 53908K(54400K)->53908K(54400K) Class: 7573K(8000K)->7573K(8000K)
[68.777s][info][gc             ] GC(510) Pause Young (Allocation Failure) 430M->173M(1620M) 1.074ms
[68.777s][info][gc,cpu         ] GC(510) User=0.00s Sys=0.00s Real=0.00s
[68.842s][info][gc,start       ] GC(511) Pause Young (System.gc())
[68.843s][info][gc,heap        ] GC(511) PSYoungGen: 52029K(261120K)->1056K(261120K) Eden: 50973K(259584K)->0K(259584K) From: 1056K(1536K)->1056K(1536K)
[68.843s][info][gc,heap        ] GC(511) ParOldGen: 176894K(1398272K)->177062K(1398272K)
[68.843s][info][gc,metaspace   ] GC(511) Metaspace: 61482K(62400K)->61482K(62400K) NonClass: 53909K(54400K)->53909K(54400K) Class: 7573K(8000K)->7573K(8000K)
[68.843s][info][gc             ] GC(511) Pause Young (System.gc()) 223M->173M(1620M) 1.415ms
[68.843s][info][gc,cpu         ] GC(511) User=0.00s Sys=0.00s Real=0.00s
[68.843s][info][gc,start       ] GC(512) Pause Full (System.gc())
[68.843s][info][gc,phases,start] GC(512) Marking Phase
[68.941s][info][gc,phases      ] GC(512) Marking Phase 97.310ms
[68.941s][info][gc,phases,start] GC(512) Summary Phase
[68.941s][info][gc,phases      ] GC(512) Summary Phase 0.015ms
[68.941s][info][gc,phases,start] GC(512) Adjust Roots
[68.954s][info][gc,phases      ] GC(512) Adjust Roots 12.984ms
[68.954s][info][gc,phases,start] GC(512) Compaction Phase
[68.983s][info][gc,phases      ] GC(512) Compaction Phase 28.661ms
[68.983s][info][gc,phases,start] GC(512) Post Compact
[68.984s][info][gc,phases      ] GC(512) Post Compact 1.515ms
[68.984s][info][gc,heap        ] GC(512) PSYoungGen: 1056K(261120K)->0K(261120K) Eden: 0K(259584K)->0K(259584K) From: 1056K(1536K)->0K(1536K)
[68.984s][info][gc,heap        ] GC(512) ParOldGen: 177062K(1398272K)->176202K(1398272K)
[68.984s][info][gc,metaspace   ] GC(512) Metaspace: 61482K(62400K)->61482K(62400K) NonClass: 53909K(54400K)->53909K(54400K) Class: 7573K(8000K)->7573K(8000K)
[68.984s][info][gc             ] GC(512) Pause Full (System.gc()) 173M->172M(1620M) 140.883ms
[68.984s][info][gc,cpu         ] GC(512) User=3.14s Sys=0.00s Real=0.13s
[69.140s][info][gc,start       ] GC(513) Pause Young (Allocation Failure)
[69.141s][info][gc,heap        ] GC(513) PSYoungGen: 259584K(261120K)->1184K(257024K) Eden: 259584K(259584K)->0K(255488K) From: 0K(1536K)->1184K(1536K)
[69.142s][info][gc,heap        ] GC(513) ParOldGen: 176202K(1398272K)->176202K(1398272K)
[69.142s][info][gc,metaspace   ] GC(513) Metaspace: 61490K(62464K)->61490K(62464K) NonClass: 53917K(54464K)->53917K(54464K) Class: 7573K(8000K)->7573K(8000K)
[69.142s][info][gc             ] GC(513) Pause Young (Allocation Failure) 425M->173M(1616M) 1.245ms
[69.142s][info][gc,cpu         ] GC(513) User=0.00s Sys=0.00s Real=0.00s
[69.231s][info][gc,start       ] GC(514) Pause Young (Allocation Failure)
[69.266s][info][gc,heap        ] GC(514) PSYoungGen: 256672K(257024K)->832K(252416K) Eden: 255488K(255488K)->0K(251392K) From: 1184K(1536K)->832K(1024K)
[69.266s][info][gc,heap        ] GC(514) ParOldGen: 176202K(1398272K)->176655K(1398272K)
[69.266s][info][gc,metaspace   ] GC(514) Metaspace: 61490K(62464K)->61490K(62464K) NonClass: 53917K(54464K)->53917K(54464K) Class: 7573K(8000K)->7573K(8000K)
[69.267s][info][gc             ] GC(514) Pause Young (Allocation Failure) 422M->173M(1612M) 35.185ms
[69.267s][info][gc,cpu         ] GC(514) User=0.00s Sys=0.00s Real=0.03s
[69.361s][info][gc,start       ] GC(515) Pause Young (Allocation Failure)
[69.363s][info][gc,heap        ] GC(515) PSYoungGen: 252224K(252416K)->224K(248320K) Eden: 251392K(251392K)->0K(247808K) From: 832K(1024K)->224K(512K)
[69.363s][info][gc,heap        ] GC(515) ParOldGen: 176655K(1398272K)->176879K(1398272K)
[69.363s][info][gc,metaspace   ] GC(515) Metaspace: 61490K(62464K)->61490K(62464K) NonClass: 53917K(54464K)->53917K(54464K) Class: 7573K(8000K)->7573K(8000K)
[69.363s][info][gc             ] GC(515) Pause Young (Allocation Failure) 418M->172M(1608M) 1.245ms
[69.363s][info][gc,cpu         ] GC(515) User=0.02s Sys=0.00s Real=0.01s
[69.441s][info][gc,start       ] GC(516) Pause Young (Allocation Failure)
[69.442s][info][gc,heap        ] GC(516) PSYoungGen: 248032K(248320K)->320K(246272K) Eden: 247808K(247808K)->0K(244224K) From: 224K(512K)->320K(2048K)
[69.442s][info][gc,heap        ] GC(516) ParOldGen: 176879K(1398272K)->176879K(1398272K)
[69.442s][info][gc,metaspace   ] GC(516) Metaspace: 61490K(62464K)->61490K(62464K) NonClass: 53917K(54464K)->53917K(54464K) Class: 7573K(8000K)->7573K(8000K)
[69.442s][info][gc             ] GC(516) Pause Young (Allocation Failure) 414M->173M(1606M) 0.956ms
[69.442s][info][gc,cpu         ] GC(516) User=0.00s Sys=0.00s Real=0.00s
[69.526s][info][gc,start       ] GC(517) Pause Young (Allocation Failure)
[69.527s][info][gc,heap        ] GC(517) PSYoungGen: 244544K(246272K)->352K(241152K) Eden: 244224K(244224K)->0K(240640K) From: 320K(2048K)->352K(512K)
[69.527s][info][gc,heap        ] GC(517) ParOldGen: 176879K(1398272K)->176879K(1398272K)
[69.527s][info][gc,metaspace   ] GC(517) Metaspace: 61490K(62464K)->61490K(62464K) NonClass: 53917K(54464K)->53917K(54464K) Class: 7573K(8000K)->7573K(8000K)
[69.527s][info][gc             ] GC(517) Pause Young (Allocation Failure) 411M->173M(1601M) 1.041ms
[69.527s][info][gc,cpu         ] GC(517) User=0.00s Sys=0.00s Real=0.00s
[69.618s][info][gc,start       ] GC(518) Pause Young (Allocation Failure)
[69.619s][info][gc,heap        ] GC(518) PSYoungGen: 240992K(241152K)->288K(239104K) Eden: 240640K(240640K)->0K(237056K) From: 352K(512K)->288K(2048K)
[69.619s][info][gc,heap        ] GC(518) ParOldGen: 176879K(1398272K)->176887K(1398272K)
[69.619s][info][gc,metaspace   ] GC(518) Metaspace: 61490K(62464K)->61490K(62464K) NonClass: 53917K(54464K)->53917K(54464K) Class: 7573K(8000K)->7573K(8000K)
[69.619s][info][gc             ] GC(518) Pause Young (Allocation Failure) 408M->173M(1599M) 1.080ms
[69.619s][info][gc,cpu         ] GC(518) User=0.00s Sys=0.00s Real=0.00s
[69.701s][info][gc,start       ] GC(519) Pause Young (Allocation Failure)
[69.702s][info][gc,heap        ] GC(519) PSYoungGen: 237344K(239104K)->288K(233984K) Eden: 237056K(237056K)->0K(233472K) From: 288K(2048K)->288K(512K)
[69.702s][info][gc,heap        ] GC(519) ParOldGen: 176887K(1398272K)->176895K(1398272K)
[69.702s][info][gc,metaspace   ] GC(519) Metaspace: 61490K(62464K)->61490K(62464K) NonClass: 53917K(54464K)->53917K(54464K) Class: 7573K(8000K)->7573K(8000K)
[69.702s][info][gc             ] GC(519) Pause Young (Allocation Failure) 404M->173M(1594M) 1.079ms
[69.702s][info][gc,cpu         ] GC(519) User=0.00s Sys=0.00s Real=0.00s
[69.785s][info][gc,start       ] GC(520) Pause Young (Allocation Failure)
[69.786s][info][gc,heap        ] GC(520) PSYoungGen: 233760K(233984K)->608K(231424K) Eden: 233472K(233472K)->0K(229888K) From: 288K(512K)->608K(1536K)
[69.786s][info][gc,heap        ] GC(520) ParOldGen: 176895K(1398272K)->176911K(1398272K)
[69.786s][info][gc,metaspace   ] GC(520) Metaspace: 61490K(62464K)->61490K(62464K) NonClass: 53917K(54464K)->53917K(54464K) Class: 7573K(8000K)->7573K(8000K)
[69.786s][info][gc             ] GC(520) Pause Young (Allocation Failure) 401M->173M(1591M) 1.091ms
[69.786s][info][gc,cpu         ] GC(520) User=0.00s Sys=0.00s Real=0.00s
[69.825s][info][gc,start       ] GC(521) Pause Young (System.gc())
[69.826s][info][gc,heap        ] GC(521) PSYoungGen: 18934K(231424K)->1056K(231424K) Eden: 18326K(229888K)->0K(229888K) From: 608K(1536K)->1056K(1536K)
[69.826s][info][gc,heap        ] GC(521) ParOldGen: 176911K(1398272K)->176943K(1398272K)
[69.826s][info][gc,metaspace   ] GC(521) Metaspace: 61499K(62464K)->61499K(62464K) NonClass: 53925K(54464K)->53925K(54464K) Class: 7573K(8000K)->7573K(8000K)
[69.826s][info][gc             ] GC(521) Pause Young (System.gc()) 191M->173M(1591M) 1.210ms
[69.827s][info][gc,cpu         ] GC(521) User=0.00s Sys=0.00s Real=0.00s
[69.827s][info][gc,start       ] GC(522) Pause Full (System.gc())
[69.827s][info][gc,phases,start] GC(522) Marking Phase
[69.923s][info][gc,phases      ] GC(522) Marking Phase 96.141ms
[69.923s][info][gc,phases,start] GC(522) Summary Phase
[69.923s][info][gc,phases      ] GC(522) Summary Phase 0.017ms
[69.923s][info][gc,phases,start] GC(522) Adjust Roots
[69.933s][info][gc,phases      ] GC(522) Adjust Roots 10.273ms
[69.933s][info][gc,phases,start] GC(522) Compaction Phase
[69.957s][info][gc,phases      ] GC(522) Compaction Phase 23.308ms
[69.957s][info][gc,phases,start] GC(522) Post Compact
[69.958s][info][gc,phases      ] GC(522) Post Compact 1.423ms
[69.958s][info][gc,heap        ] GC(522) PSYoungGen: 1056K(231424K)->0K(231424K) Eden: 0K(229888K)->0K(229888K) From: 1056K(1536K)->0K(1536K)
[69.958s][info][gc,heap        ] GC(522) ParOldGen: 176943K(1398272K)->176218K(1398272K)
[69.958s][info][gc,metaspace   ] GC(522) Metaspace: 61499K(62464K)->61499K(62464K) NonClass: 53925K(54464K)->53925K(54464K) Class: 7573K(8000K)->7573K(8000K)
[69.958s][info][gc             ] GC(522) Pause Full (System.gc()) 173M->172M(1591M) 131.500ms
[69.958s][info][gc,cpu         ] GC(522) User=3.53s Sys=0.00s Real=0.14s
[70.100s][info][gc,start       ] GC(523) Pause Young (Allocation Failure)
[70.102s][info][gc,heap        ] GC(523) PSYoungGen: 229888K(231424K)->1184K(228352K) Eden: 229888K(229888K)->0K(226816K) From: 0K(1536K)->1184K(1536K)
[70.102s][info][gc,heap        ] GC(523) ParOldGen: 176218K(1398272K)->176218K(1398272K)
[70.102s][info][gc,metaspace   ] GC(523) Metaspace: 61500K(62464K)->61500K(62464K) NonClass: 53927K(54464K)->53927K(54464K) Class: 7573K(8000K)->7573K(8000K)
[70.102s][info][gc             ] GC(523) Pause Young (Allocation Failure) 396M->173M(1588M) 1.229ms
[70.102s][info][gc,cpu         ] GC(523) User=0.00s Sys=0.00s Real=0.00s
[70.181s][info][gc,start       ] GC(524) Pause Young (Allocation Failure)
[70.182s][info][gc,heap        ] GC(524) PSYoungGen: 228000K(228352K)->512K(224256K) Eden: 226816K(226816K)->0K(223744K) From: 1184K(1536K)->512K(512K)
[70.182s][info][gc,heap        ] GC(524) ParOldGen: 176218K(1398272K)->176655K(1398272K)
[70.182s][info][gc,metaspace   ] GC(524) Metaspace: 61500K(62464K)->61500K(62464K) NonClass: 53927K(54464K)->53927K(54464K) Class: 7573K(8000K)->7573K(8000K)
[70.182s][info][gc             ] GC(524) Pause Young (Allocation Failure) 394M->173M(1584M) 1.205ms
[70.183s][info][gc,cpu         ] GC(524) User=0.00s Sys=0.00s Real=0.00s
[70.256s][info][gc,start       ] GC(525) Pause Young (Allocation Failure)
[70.257s][info][gc,heap        ] GC(525) PSYoungGen: 224256K(224256K)->352K(222720K) Eden: 223744K(223744K)->0K(220672K) From: 512K(512K)->352K(2048K)
[70.257s][info][gc,heap        ] GC(525) ParOldGen: 176655K(1398272K)->176831K(1398272K)
[70.257s][info][gc,metaspace   ] GC(525) Metaspace: 61500K(62464K)->61500K(62464K) NonClass: 53927K(54464K)->53927K(54464K) Class: 7573K(8000K)->7573K(8000K)
[70.257s][info][gc             ] GC(525) Pause Young (Allocation Failure) 391M->173M(1583M) 0.992ms
[70.257s][info][gc,cpu         ] GC(525) User=0.00s Sys=0.00s Real=0.00s
[70.329s][info][gc,start       ] GC(526) Pause Young (Allocation Failure)
[70.330s][info][gc,heap        ] GC(526) PSYoungGen: 221024K(222720K)->352K(218112K) Eden: 220672K(220672K)->0K(217600K) From: 352K(2048K)->352K(512K)
[70.330s][info][gc,heap        ] GC(526) ParOldGen: 176831K(1398272K)->176831K(1398272K)
[70.330s][info][gc,metaspace   ] GC(526) Metaspace: 61500K(62464K)->61500K(62464K) NonClass: 53927K(54464K)->53927K(54464K) Class: 7573K(8000K)->7573K(8000K)
[70.330s][info][gc             ] GC(526) Pause Young (Allocation Failure) 388M->173M(1578M) 1.135ms
[70.330s][info][gc,cpu         ] GC(526) User=0.00s Sys=0.00s Real=0.00s
[70.410s][info][gc,start       ] GC(527) Pause Young (Allocation Failure)
[70.411s][info][gc,heap        ] GC(527) PSYoungGen: 217952K(218112K)->352K(216576K) Eden: 217600K(217600K)->0K(214528K) From: 352K(512K)->352K(2048K)
[70.411s][info][gc,heap        ] GC(527) ParOldGen: 176831K(1398272K)->176839K(1398272K)
[70.411s][info][gc,metaspace   ] GC(527) Metaspace: 61500K(62464K)->61500K(62464K) NonClass: 53927K(54464K)->53927K(54464K) Class: 7573K(8000K)->7573K(8000K)
[70.411s][info][gc             ] GC(527) Pause Young (Allocation Failure) 385M->173M(1577M) 0.966ms
[70.411s][info][gc,cpu         ] GC(527) User=0.00s Sys=0.00s Real=0.00s
[70.489s][info][gc,start       ] GC(528) Pause Young (Allocation Failure)
[70.490s][info][gc,heap        ] GC(528) PSYoungGen: 214880K(216576K)->352K(211968K) Eden: 214528K(214528K)->0K(211456K) From: 352K(2048K)->352K(512K)
[70.490s][info][gc,heap        ] GC(528) ParOldGen: 176839K(1398272K)->176839K(1398272K)
[70.490s][info][gc,metaspace   ] GC(528) Metaspace: 61500K(62464K)->61500K(62464K) NonClass: 53927K(54464K)->53927K(54464K) Class: 7573K(8000K)->7573K(8000K)
[70.490s][info][gc             ] GC(528) Pause Young (Allocation Failure) 382M->173M(1572M) 1.149ms
[70.490s][info][gc,cpu         ] GC(528) User=0.00s Sys=0.00s Real=0.00s
[70.581s][info][gc,start       ] GC(529) Pause Young (Allocation Failure)
[70.582s][info][gc,heap        ] GC(529) PSYoungGen: 211808K(211968K)->384K(210432K) Eden: 211456K(211456K)->0K(208896K) From: 352K(512K)->384K(1536K)
[70.582s][info][gc,heap        ] GC(529) ParOldGen: 176839K(1398272K)->176847K(1398272K)
[70.582s][info][gc,metaspace   ] GC(529) Metaspace: 61500K(62464K)->61500K(62464K) NonClass: 53927K(54464K)->53927K(54464K) Class: 7573K(8000K)->7573K(8000K)
[70.582s][info][gc             ] GC(529) Pause Young (Allocation Failure) 379M->173M(1571M) 1.034ms
[70.582s][info][gc,cpu         ] GC(529) User=0.00s Sys=0.00s Real=0.00s
[70.657s][info][gc,start       ] GC(530) Pause Young (Allocation Failure)
[70.658s][info][gc,heap        ] GC(530) PSYoungGen: 209280K(210432K)->384K(206848K) Eden: 208896K(208896K)->0K(206336K) From: 384K(1536K)->384K(512K)
[70.658s][info][gc,heap        ] GC(530) ParOldGen: 176847K(1398272K)->176863K(1398272K)
[70.658s][info][gc,metaspace   ] GC(530) Metaspace: 61500K(62464K)->61500K(62464K) NonClass: 53927K(54464K)->53927K(54464K) Class: 7573K(8000K)->7573K(8000K)
[70.658s][info][gc             ] GC(530) Pause Young (Allocation Failure) 377M->173M(1567M) 1.073ms
[70.658s][info][gc,cpu         ] GC(530) User=0.00s Sys=0.00s Real=0.00s
[70.755s][info][gc,start       ] GC(531) Pause Young (Allocation Failure)
[70.756s][info][gc,heap        ] GC(531) PSYoungGen: 206720K(206848K)->1056K(205312K) Eden: 206336K(206336K)->0K(203776K) From: 384K(512K)->1056K(1536K)
[70.756s][info][gc,heap        ] GC(531) ParOldGen: 176863K(1398272K)->176887K(1398272K)
[70.756s][info][gc,metaspace   ] GC(531) Metaspace: 61500K(62464K)->61500K(62464K) NonClass: 53927K(54464K)->53927K(54464K) Class: 7573K(8000K)->7573K(8000K)
[70.756s][info][gc             ] GC(531) Pause Young (Allocation Failure) 374M->173M(1566M) 1.183ms
[70.756s][info][gc,cpu         ] GC(531) User=0.00s Sys=0.00s Real=0.00s
[70.788s][info][gc,start       ] GC(532) Pause Young (System.gc())
[70.789s][info][gc,heap        ] GC(532) PSYoungGen: 28608K(205312K)->1056K(205312K) Eden: 27552K(203776K)->0K(203776K) From: 1056K(1536K)->1056K(1536K)
[70.789s][info][gc,heap        ] GC(532) ParOldGen: 176887K(1398272K)->177015K(1398272K)
[70.789s][info][gc,metaspace   ] GC(532) Metaspace: 61501K(62464K)->61501K(62464K) NonClass: 53927K(54464K)->53927K(54464K) Class: 7573K(8000K)->7573K(8000K)
[70.789s][info][gc             ] GC(532) Pause Young (System.gc()) 200M->173M(1566M) 1.275ms
[70.789s][info][gc,cpu         ] GC(532) User=0.00s Sys=0.00s Real=0.00s
[70.789s][info][gc,start       ] GC(533) Pause Full (System.gc())
[70.789s][info][gc,phases,start] GC(533) Marking Phase
[70.883s][info][gc,phases      ] GC(533) Marking Phase 93.411ms
[70.883s][info][gc,phases,start] GC(533) Summary Phase
[70.883s][info][gc,phases      ] GC(533) Summary Phase 0.017ms
[70.883s][info][gc,phases,start] GC(533) Adjust Roots
[70.894s][info][gc,phases      ] GC(533) Adjust Roots 11.153ms
[70.902s][info][gc,phases,start] GC(533) Compaction Phase
[70.939s][info][gc,phases      ] GC(533) Compaction Phase 37.714ms
[70.939s][info][gc,phases,start] GC(533) Post Compact
[70.941s][info][gc,phases      ] GC(533) Post Compact 1.429ms
[70.941s][info][gc,heap        ] GC(533) PSYoungGen: 1056K(205312K)->0K(205312K) Eden: 0K(203776K)->0K(203776K) From: 1056K(1536K)->0K(1536K)
[70.941s][info][gc,heap        ] GC(533) ParOldGen: 177015K(1398272K)->176235K(1398272K)
[70.941s][info][gc,metaspace   ] GC(533) Metaspace: 61501K(62464K)->61501K(62464K) NonClass: 53927K(54464K)->53927K(54464K) Class: 7573K(8000K)->7573K(8000K)
[70.941s][info][gc             ] GC(533) Pause Full (System.gc()) 173M->172M(1566M) 151.614ms
[70.941s][info][gc,cpu         ] GC(533) User=3.64s Sys=0.00s Real=0.14s
[71.073s][info][gc,start       ] GC(534) Pause Young (Allocation Failure)
[71.074s][info][gc,heap        ] GC(534) PSYoungGen: 203776K(205312K)->1152K(202752K) Eden: 203776K(203776K)->0K(201216K) From: 0K(1536K)->1152K(1536K)
[71.074s][info][gc,heap        ] GC(534) ParOldGen: 176235K(1398272K)->176235K(1398272K)
[71.074s][info][gc,metaspace   ] GC(534) Metaspace: 61501K(62464K)->61501K(62464K) NonClass: 53927K(54464K)->53927K(54464K) Class: 7573K(8000K)->7573K(8000K)
[71.074s][info][gc             ] GC(534) Pause Young (Allocation Failure) 371M->173M(1563M) 1.450ms
[71.074s][info][gc,cpu         ] GC(534) User=0.02s Sys=0.00s Real=0.02s
[71.145s][info][gc,start       ] GC(535) Pause Young (Allocation Failure)
[71.146s][info][gc,heap        ] GC(535) PSYoungGen: 202368K(202752K)->832K(199680K) Eden: 201216K(201216K)->0K(198656K) From: 1152K(1536K)->832K(1024K)
[71.146s][info][gc,heap        ] GC(535) ParOldGen: 176235K(1398272K)->176688K(1398272K)
[71.146s][info][gc,metaspace   ] GC(535) Metaspace: 61501K(62464K)->61501K(62464K) NonClass: 53927K(54464K)->53927K(54464K) Class: 7573K(8000K)->7573K(8000K)
[71.146s][info][gc             ] GC(535) Pause Young (Allocation Failure) 369M->173M(1560M) 1.271ms
[71.146s][info][gc,cpu         ] GC(535) User=0.00s Sys=0.00s Real=0.00s
[71.221s][info][gc,start       ] GC(536) Pause Young (Allocation Failure)
[71.222s][info][gc,heap        ] GC(536) PSYoungGen: 199488K(199680K)->320K(196608K) Eden: 198656K(198656K)->0K(196096K) From: 832K(1024K)->320K(512K)
[71.222s][info][gc,heap        ] GC(536) ParOldGen: 176688K(1398272K)->176912K(1398272K)
[71.222s][info][gc,metaspace   ] GC(536) Metaspace: 61501K(62464K)->61501K(62464K) NonClass: 53927K(54464K)->53927K(54464K) Class: 7573K(8000K)->7573K(8000K)
[71.222s][info][gc             ] GC(536) Pause Young (Allocation Failure) 367M->173M(1557M) 0.969ms
[71.222s][info][gc,cpu         ] GC(536) User=0.00s Sys=0.00s Real=0.00s
[71.298s][info][gc,start       ] GC(537) Pause Young (Allocation Failure)
[71.299s][info][gc,heap        ] GC(537) PSYoungGen: 196416K(196608K)->352K(236032K) Eden: 196096K(196096K)->0K(235520K) From: 320K(512K)->352K(512K)
[71.299s][info][gc,heap        ] GC(537) ParOldGen: 176912K(1398272K)->176912K(1398272K)
[71.299s][info][gc,metaspace   ] GC(537) Metaspace: 61501K(62464K)->61501K(62464K) NonClass: 53927K(54464K)->53927K(54464K) Class: 7573K(8000K)->7573K(8000K)
[71.299s][info][gc             ] GC(537) Pause Young (Allocation Failure) 364M->173M(1596M) 1.410ms
[71.299s][info][gc,cpu         ] GC(537) User=0.00s Sys=0.00s Real=0.00s
[71.380s][info][gc,start       ] GC(538) Pause Young (Allocation Failure)
[71.381s][info][gc,heap        ] GC(538) PSYoungGen: 235872K(236032K)->288K(284672K) Eden: 235520K(235520K)->0K(282624K) From: 352K(512K)->288K(2048K)
[71.381s][info][gc,heap        ] GC(538) ParOldGen: 176912K(1398272K)->176920K(1398272K)
[71.381s][info][gc,metaspace   ] GC(538) Metaspace: 61501K(62464K)->61501K(62464K) NonClass: 53927K(54464K)->53927K(54464K) Class: 7573K(8000K)->7573K(8000K)
[71.381s][info][gc             ] GC(538) Pause Young (Allocation Failure) 403M->173M(1643M) 1.025ms
[71.381s][info][gc,cpu         ] GC(538) User=0.00s Sys=0.00s Real=0.00s
[71.484s][info][gc,start       ] GC(539) Pause Young (Allocation Failure)
[71.485s][info][gc,heap        ] GC(539) PSYoungGen: 282912K(284672K)->320K(278528K) Eden: 282624K(282624K)->0K(278016K) From: 288K(2048K)->320K(512K)
[71.485s][info][gc,heap        ] GC(539) ParOldGen: 176920K(1398272K)->176920K(1398272K)
[71.485s][info][gc,metaspace   ] GC(539) Metaspace: 61501K(62464K)->61501K(62464K) NonClass: 53927K(54464K)->53927K(54464K) Class: 7573K(8000K)->7573K(8000K)
[71.485s][info][gc             ] GC(539) Pause Young (Allocation Failure) 449M->173M(1637M) 1.041ms
[71.485s][info][gc,cpu         ] GC(539) User=0.00s Sys=0.00s Real=0.00s
[71.588s][info][gc,start       ] GC(540) Pause Young (Allocation Failure)
[71.589s][info][gc,heap        ] GC(540) PSYoungGen: 278336K(278528K)->384K(274944K) Eden: 278016K(278016K)->0K(273408K) From: 320K(512K)->384K(1536K)
[71.589s][info][gc,heap        ] GC(540) ParOldGen: 176920K(1398272K)->176920K(1398272K)
[71.589s][info][gc,metaspace   ] GC(540) Metaspace: 61501K(62464K)->61501K(62464K) NonClass: 53927K(54464K)->53927K(54464K) Class: 7573K(8000K)->7573K(8000K)
[71.589s][info][gc             ] GC(540) Pause Young (Allocation Failure) 444M->173M(1634M) 1.037ms
[71.589s][info][gc,cpu         ] GC(540) User=0.00s Sys=0.00s Real=0.00s
[71.690s][info][gc,start       ] GC(541) Pause Young (Allocation Failure)
[71.691s][info][gc,heap        ] GC(541) PSYoungGen: 273792K(274944K)->256K(269312K) Eden: 273408K(273408K)->0K(268800K) From: 384K(1536K)->256K(512K)
[71.691s][info][gc,heap        ] GC(541) ParOldGen: 176920K(1398272K)->176936K(1398272K)
[71.691s][info][gc,metaspace   ] GC(541) Metaspace: 61501K(62464K)->61501K(62464K) NonClass: 53927K(54464K)->53927K(54464K) Class: 7573K(8000K)->7573K(8000K)
[71.691s][info][gc             ] GC(541) Pause Young (Allocation Failure) 440M->173M(1628M) 1.088ms
[71.691s][info][gc,cpu         ] GC(541) User=0.00s Sys=0.00s Real=0.00s
[71.796s][info][gc,start       ] GC(542) Pause Young (System.gc())
[71.797s][info][gc,heap        ] GC(542) PSYoungGen: 117929K(269312K)->1056K(270336K) Eden: 117673K(268800K)->0K(268800K) From: 256K(512K)->1056K(1536K)
[71.797s][info][gc,heap        ] GC(542) ParOldGen: 176936K(1398272K)->176960K(1398272K)
[71.797s][info][gc,metaspace   ] GC(542) Metaspace: 61511K(62464K)->61511K(62464K) NonClass: 53937K(54464K)->53937K(54464K) Class: 7573K(8000K)->7573K(8000K)
[71.797s][info][gc             ] GC(542) Pause Young (System.gc()) 287M->173M(1629M) 1.233ms
[71.797s][info][gc,cpu         ] GC(542) User=0.00s Sys=0.00s Real=0.00s
[71.797s][info][gc,start       ] GC(543) Pause Full (System.gc())
[71.797s][info][gc,phases,start] GC(543) Marking Phase
[71.894s][info][gc,phases      ] GC(543) Marking Phase 96.848ms
[71.894s][info][gc,phases,start] GC(543) Summary Phase
[71.894s][info][gc,phases      ] GC(543) Summary Phase 0.016ms
[71.894s][info][gc,phases,start] GC(543) Adjust Roots
[71.906s][info][gc,phases      ] GC(543) Adjust Roots 12.314ms
[71.907s][info][gc,phases,start] GC(543) Compaction Phase
[71.945s][info][gc,phases      ] GC(543) Compaction Phase 38.052ms
[71.945s][info][gc,phases,start] GC(543) Post Compact
[71.946s][info][gc,phases      ] GC(543) Post Compact 1.663ms
[71.946s][info][gc,heap        ] GC(543) PSYoungGen: 1056K(270336K)->0K(270336K) Eden: 0K(268800K)->0K(268800K) From: 1056K(1536K)->0K(1536K)
[71.946s][info][gc,heap        ] GC(543) ParOldGen: 176960K(1398272K)->176251K(1398272K)
[71.947s][info][gc,metaspace   ] GC(543) Metaspace: 61511K(62464K)->61511K(62464K) NonClass: 53937K(54464K)->53937K(54464K) Class: 7573K(8000K)->7573K(8000K)
[71.947s][info][gc             ] GC(543) Pause Full (System.gc()) 173M->172M(1629M) 149.345ms
[71.947s][info][gc,cpu         ] GC(543) User=3.16s Sys=0.00s Real=0.16s
[72.098s][info][gc,start       ] GC(544) Pause Young (Allocation Failure)
[72.099s][info][gc,heap        ] GC(544) PSYoungGen: 268800K(270336K)->1184K(266240K) Eden: 268800K(268800K)->0K(264704K) From: 0K(1536K)->1184K(1536K)
[72.099s][info][gc,heap        ] GC(544) ParOldGen: 176251K(1398272K)->176251K(1398272K)
[72.099s][info][gc,metaspace   ] GC(544) Metaspace: 61513K(62464K)->61513K(62464K) NonClass: 53939K(54464K)->53939K(54464K) Class: 7574K(8000K)->7574K(8000K)
[72.099s][info][gc             ] GC(544) Pause Young (Allocation Failure) 434M->173M(1625M) 1.248ms
[72.099s][info][gc,cpu         ] GC(544) User=0.00s Sys=0.00s Real=0.00s
[72.191s][info][gc,start       ] GC(545) Pause Young (Allocation Failure)
[72.192s][info][gc,heap        ] GC(545) PSYoungGen: 265888K(266240K)->864K(261632K) Eden: 264704K(264704K)->0K(260608K) From: 1184K(1536K)->864K(1024K)
[72.192s][info][gc,heap        ] GC(545) ParOldGen: 176251K(1398272K)->176723K(1398272K)
[72.192s][info][gc,metaspace   ] GC(545) Metaspace: 61513K(62464K)->61513K(62464K) NonClass: 53939K(54464K)->53939K(54464K) Class: 7574K(8000K)->7574K(8000K)
[72.192s][info][gc             ] GC(545) Pause Young (Allocation Failure) 431M->173M(1621M) 1.437ms
[72.192s][info][gc,cpu         ] GC(545) User=0.00s Sys=0.00s Real=0.00s
[72.288s][info][gc,start       ] GC(546) Pause Young (Allocation Failure)
[72.289s][info][gc,heap        ] GC(546) PSYoungGen: 261472K(261632K)->224K(257024K) Eden: 260608K(260608K)->0K(256512K) From: 864K(1024K)->224K(512K)
[72.289s][info][gc,heap        ] GC(546) ParOldGen: 176723K(1398272K)->176931K(1398272K)
[72.289s][info][gc,metaspace   ] GC(546) Metaspace: 61513K(62464K)->61513K(62464K) NonClass: 53939K(54464K)->53939K(54464K) Class: 7574K(8000K)->7574K(8000K)
[72.289s][info][gc             ] GC(546) Pause Young (Allocation Failure) 427M->173M(1616M) 1.235ms
[72.289s][info][gc,cpu         ] GC(546) User=0.00s Sys=0.00s Real=0.00s
[72.378s][info][gc,start       ] GC(547) Pause Young (Allocation Failure)
[72.379s][info][gc,heap        ] GC(547) PSYoungGen: 256736K(257024K)->224K(254464K) Eden: 256512K(256512K)->0K(252416K) From: 224K(512K)->224K(2048K)
[72.379s][info][gc,heap        ] GC(547) ParOldGen: 176931K(1398272K)->176931K(1398272K)
[72.379s][info][gc,metaspace   ] GC(547) Metaspace: 61513K(62464K)->61513K(62464K) NonClass: 53939K(54464K)->53939K(54464K) Class: 7574K(8000K)->7574K(8000K)
[72.380s][info][gc             ] GC(547) Pause Young (Allocation Failure) 423M->173M(1614M) 1.065ms
[72.380s][info][gc,cpu         ] GC(547) User=0.00s Sys=0.00s Real=0.00s
[72.466s][info][gc,start       ] GC(548) Pause Young (Allocation Failure)
[72.467s][info][gc,heap        ] GC(548) PSYoungGen: 252640K(254464K)->352K(248832K) Eden: 252416K(252416K)->0K(248320K) From: 224K(2048K)->352K(512K)
[72.467s][info][gc,heap        ] GC(548) ParOldGen: 176931K(1398272K)->176931K(1398272K)
[72.467s][info][gc,metaspace   ] GC(548) Metaspace: 61513K(62464K)->61513K(62464K) NonClass: 53939K(54464K)->53939K(54464K) Class: 7574K(8000K)->7574K(8000K)
[72.467s][info][gc             ] GC(548) Pause Young (Allocation Failure) 419M->173M(1608M) 1.000ms
[72.467s][info][gc,cpu         ] GC(548) User=0.52s Sys=0.00s Real=0.02s
[72.558s][info][gc,start       ] GC(549) Pause Young (Allocation Failure)
[72.559s][info][gc,heap        ] GC(549) PSYoungGen: 248672K(248832K)->224K(246272K) Eden: 248320K(248320K)->0K(244736K) From: 352K(512K)->224K(1536K)
[72.559s][info][gc,heap        ] GC(549) ParOldGen: 176931K(1398272K)->176939K(1398272K)
[72.559s][info][gc,metaspace   ] GC(549) Metaspace: 61513K(62464K)->61513K(62464K) NonClass: 53939K(54464K)->53939K(54464K) Class: 7574K(8000K)->7574K(8000K)
[72.559s][info][gc             ] GC(549) Pause Young (Allocation Failure) 415M->173M(1606M) 1.052ms
[72.559s][info][gc,cpu         ] GC(549) User=0.00s Sys=0.00s Real=0.00s
[72.657s][info][gc,start       ] GC(550) Pause Young (Allocation Failure)
[72.658s][info][gc,heap        ] GC(550) PSYoungGen: 244960K(246272K)->320K(241664K) Eden: 244736K(244736K)->0K(241152K) From: 224K(1536K)->320K(512K)
[72.658s][info][gc,heap        ] GC(550) ParOldGen: 176939K(1398272K)->176947K(1398272K)
[72.658s][info][gc,metaspace   ] GC(550) Metaspace: 61513K(62464K)->61513K(62464K) NonClass: 53939K(54464K)->53939K(54464K) Class: 7574K(8000K)->7574K(8000K)
[72.658s][info][gc             ] GC(550) Pause Young (Allocation Failure) 412M->173M(1601M) 1.073ms
[72.658s][info][gc,cpu         ] GC(550) User=0.00s Sys=0.00s Real=0.00s
[72.782s][info][gc,start       ] GC(551) Pause Young (System.gc())
[72.783s][info][gc,heap        ] GC(551) PSYoungGen: 189741K(241664K)->1056K(242688K) Eden: 189421K(241152K)->0K(241152K) From: 320K(512K)->1056K(1536K)
[72.783s][info][gc,heap        ] GC(551) ParOldGen: 176947K(1398272K)->176963K(1398272K)
[72.783s][info][gc,metaspace   ] GC(551) Metaspace: 61514K(62464K)->61514K(62464K) NonClass: 53940K(54464K)->53940K(54464K) Class: 7574K(8000K)->7574K(8000K)
[72.783s][info][gc             ] GC(551) Pause Young (System.gc()) 358M->173M(1602M) 1.291ms
[72.783s][info][gc,cpu         ] GC(551) User=0.00s Sys=0.00s Real=0.00s
[72.784s][info][gc,start       ] GC(552) Pause Full (System.gc())
[72.784s][info][gc,phases,start] GC(552) Marking Phase
[72.879s][info][gc,phases      ] GC(552) Marking Phase 95.533ms
[72.879s][info][gc,phases,start] GC(552) Summary Phase
[72.879s][info][gc,phases      ] GC(552) Summary Phase 0.015ms
[72.879s][info][gc,phases,start] GC(552) Adjust Roots
[72.889s][info][gc,phases      ] GC(552) Adjust Roots 9.417ms
[72.889s][info][gc,phases,start] GC(552) Compaction Phase
[72.911s][info][gc,phases      ] GC(552) Compaction Phase 22.000ms
[72.911s][info][gc,phases,start] GC(552) Post Compact
[72.912s][info][gc,phases      ] GC(552) Post Compact 1.401ms
[72.912s][info][gc,heap        ] GC(552) PSYoungGen: 1056K(242688K)->0K(242688K) Eden: 0K(241152K)->0K(241152K) From: 1056K(1536K)->0K(1536K)
[72.912s][info][gc,heap        ] GC(552) ParOldGen: 176963K(1398272K)->176269K(1398272K)
[72.912s][info][gc,metaspace   ] GC(552) Metaspace: 61514K(62464K)->61514K(62464K) NonClass: 53940K(54464K)->53940K(54464K) Class: 7574K(8000K)->7574K(8000K)
[72.912s][info][gc             ] GC(552) Pause Full (System.gc()) 173M->172M(1602M) 128.686ms
[72.912s][info][gc,cpu         ] GC(552) User=3.66s Sys=0.00s Real=0.14s
[73.046s][info][gc,start       ] GC(553) Pause Young (Allocation Failure)
[73.048s][info][gc,heap        ] GC(553) PSYoungGen: 241152K(242688K)->1184K(239104K) Eden: 241152K(241152K)->0K(237568K) From: 0K(1536K)->1184K(1536K)
[73.048s][info][gc,heap        ] GC(553) ParOldGen: 176269K(1398272K)->176269K(1398272K)
[73.048s][info][gc,metaspace   ] GC(553) Metaspace: 61514K(62464K)->61514K(62464K) NonClass: 53940K(54464K)->53940K(54464K) Class: 7574K(8000K)->7574K(8000K)
[73.048s][info][gc             ] GC(553) Pause Young (Allocation Failure) 407M->173M(1599M) 1.261ms
[73.048s][info][gc,cpu         ] GC(553) User=0.00s Sys=0.00s Real=0.00s
[73.138s][info][gc,start       ] GC(554) Pause Young (Allocation Failure)
[73.140s][info][gc,heap        ] GC(554) PSYoungGen: 238752K(239104K)->800K(235008K) Eden: 237568K(237568K)->0K(233984K) From: 1184K(1536K)->800K(1024K)
[73.140s][info][gc,heap        ] GC(554) ParOldGen: 176269K(1398272K)->176706K(1398272K)
[73.140s][info][gc,metaspace   ] GC(554) Metaspace: 61514K(62464K)->61514K(62464K) NonClass: 53940K(54464K)->53940K(54464K) Class: 7574K(8000K)->7574K(8000K)
[73.140s][info][gc             ] GC(554) Pause Young (Allocation Failure) 405M->173M(1595M) 1.532ms
[73.140s][info][gc,cpu         ] GC(554) User=0.00s Sys=0.00s Real=0.00s
[73.213s][info][gc,start       ] GC(555) Pause Young (Allocation Failure)
[73.214s][info][gc,heap        ] GC(555) PSYoungGen: 234784K(235008K)->256K(230912K) Eden: 233984K(233984K)->0K(230400K) From: 800K(1024K)->256K(512K)
[73.214s][info][gc,heap        ] GC(555) ParOldGen: 176706K(1398272K)->176938K(1398272K)
[73.214s][info][gc,metaspace   ] GC(555) Metaspace: 61514K(62464K)->61514K(62464K) NonClass: 53940K(54464K)->53940K(54464K) Class: 7574K(8000K)->7574K(8000K)
[73.214s][info][gc             ] GC(555) Pause Young (Allocation Failure) 401M->173M(1591M) 1.180ms
[73.215s][info][gc,cpu         ] GC(555) User=0.00s Sys=0.00s Real=0.00s
[73.295s][info][gc,start       ] GC(556) Pause Young (Allocation Failure)
[73.296s][info][gc,heap        ] GC(556) PSYoungGen: 230656K(230912K)->352K(229376K) Eden: 230400K(230400K)->0K(227328K) From: 256K(512K)->352K(2048K)
[73.296s][info][gc,heap        ] GC(556) ParOldGen: 176938K(1398272K)->176938K(1398272K)
[73.296s][info][gc,metaspace   ] GC(556) Metaspace: 61514K(62464K)->61514K(62464K) NonClass: 53940K(54464K)->53940K(54464K) Class: 7574K(8000K)->7574K(8000K)
[73.296s][info][gc             ] GC(556) Pause Young (Allocation Failure) 398M->173M(1589M) 1.083ms
[73.297s][info][gc,cpu         ] GC(556) User=0.00s Sys=0.00s Real=0.00s
[73.375s][info][gc,start       ] GC(557) Pause Young (Allocation Failure)
[73.376s][info][gc,heap        ] GC(557) PSYoungGen: 227680K(229376K)->288K(224768K) Eden: 227328K(227328K)->0K(224256K) From: 352K(2048K)->288K(512K)
[73.376s][info][gc,heap        ] GC(557) ParOldGen: 176938K(1398272K)->176946K(1398272K)
[73.376s][info][gc,metaspace   ] GC(557) Metaspace: 61514K(62464K)->61514K(62464K) NonClass: 53940K(54464K)->53940K(54464K) Class: 7574K(8000K)->7574K(8000K)
[73.377s][info][gc             ] GC(557) Pause Young (Allocation Failure) 395M->173M(1585M) 1.161ms
[73.377s][info][gc,cpu         ] GC(557) User=0.00s Sys=0.00s Real=0.00s
[73.447s][info][gc,start       ] GC(558) Pause Young (Allocation Failure)
[73.448s][info][gc,heap        ] GC(558) PSYoungGen: 224544K(224768K)->384K(222720K) Eden: 224256K(224256K)->0K(221184K) From: 288K(512K)->384K(1536K)
[73.448s][info][gc,heap        ] GC(558) ParOldGen: 176946K(1398272K)->176946K(1398272K)
[73.448s][info][gc,metaspace   ] GC(558) Metaspace: 61514K(62464K)->61514K(62464K) NonClass: 53940K(54464K)->53940K(54464K) Class: 7574K(8000K)->7574K(8000K)
[73.448s][info][gc             ] GC(558) Pause Young (Allocation Failure) 392M->173M(1583M) 0.945ms
[73.448s][info][gc,cpu         ] GC(558) User=0.45s Sys=0.05s Real=0.02s
[73.534s][info][gc,start       ] GC(559) Pause Young (Allocation Failure)
[73.535s][info][gc,heap        ] GC(559) PSYoungGen: 221568K(222720K)->288K(218624K) Eden: 221184K(221184K)->0K(218112K) From: 384K(1536K)->288K(512K)
[73.535s][info][gc,heap        ] GC(559) ParOldGen: 176946K(1398272K)->176954K(1398272K)
[73.535s][info][gc,metaspace   ] GC(559) Metaspace: 61514K(62464K)->61514K(62464K) NonClass: 53940K(54464K)->53940K(54464K) Class: 7574K(8000K)->7574K(8000K)
[73.535s][info][gc             ] GC(559) Pause Young (Allocation Failure) 389M->173M(1579M) 1.109ms
[73.535s][info][gc,cpu         ] GC(559) User=0.00s Sys=0.00s Real=0.00s
[73.618s][info][gc,start       ] GC(560) Pause Young (Allocation Failure)
[73.619s][info][gc,heap        ] GC(560) PSYoungGen: 218400K(218624K)->288K(216576K) Eden: 218112K(218112K)->0K(215040K) From: 288K(512K)->288K(1536K)
[73.619s][info][gc,heap        ] GC(560) ParOldGen: 176954K(1398272K)->176962K(1398272K)
[73.619s][info][gc,metaspace   ] GC(560) Metaspace: 61514K(62464K)->61514K(62464K) NonClass: 53940K(54464K)->53940K(54464K) Class: 7574K(8000K)->7574K(8000K)
[73.619s][info][gc             ] GC(560) Pause Young (Allocation Failure) 386M->173M(1577M) 1.052ms
[73.619s][info][gc,cpu         ] GC(560) User=0.36s Sys=0.03s Real=0.02s
[73.915s][info][gc,heap,exit   ] Heap
[73.915s][info][gc,heap,exit   ]  PSYoungGen      total 216576K, used 203494K [0x00000000d5580000, 0x00000000e7a80000, 0x0000000100000000)
[73.915s][info][gc,heap,exit   ]   eden space 215040K, 94% used [0x00000000d5580000,0x00000000e1bf1a68,0x00000000e2780000)
[73.915s][info][gc,heap,exit   ]   from space 1536K, 18% used [0x00000000e7780000,0x00000000e77c8000,0x00000000e7900000)
[73.915s][info][gc,heap,exit   ]   to   space 1536K, 0% used [0x00000000e7900000,0x00000000e7900000,0x00000000e7a80000)
[73.915s][info][gc,heap,exit   ]  ParOldGen       total 1398272K, used 176962K [0x0000000080000000, 0x00000000d5580000, 0x00000000d5580000)
[73.915s][info][gc,heap,exit   ]   object space 1398272K, 12% used [0x0000000080000000,0x000000008acd0b78,0x00000000d5580000)
[73.915s][info][gc,heap,exit   ]  Metaspace       used 61912K, committed 62848K, reserved 1114112K
[73.915s][info][gc,heap,exit   ]   class space    used 7652K, committed 8064K, reserved 1048576K
