[0.015s][info][gc,init] CardTable entry size: 512
[0.015s][info][gc     ] Using Parallel
[0.021s][info][gc,init] Version: 20+36-2344 (release)
[0.021s][info][gc,init] CPUs: 48 total, 48 available
[0.021s][info][gc,init] Memory: 382G
[0.021s][info][gc,init] Large Page Support: Disabled
[0.021s][info][gc,init] NUMA Support: Disabled
[0.021s][info][gc,init] Compressed Oops: Enabled (32-bit)
[0.021s][info][gc,init] Alignments: Space 512K, Generation 512K, Heap 2M
[0.021s][info][gc,init] Heap Min Capacity: 8M
[0.021s][info][gc,init] Heap Initial Capacity: 1G
[0.039s][info][gc,init] Heap Max Capacity: 1G
[0.039s][info][gc,init] Pre-touch: Disabled
[0.039s][info][gc,init] Parallel Workers: 33
[0.040s][info][gc,metaspace] CDS archive(s) mapped at: [0x0000000800000000-0x0000000800c60000-0x0000000800c60000), size 12976128, SharedBaseAddress: 0x0000000800000000, ArchiveRelocationMode: 0.
[0.040s][info][gc,metaspace] Compressed class space mapped at: 0x0000000801000000-0x0000000841000000, reserved size: 1073741824
[0.040s][info][gc,metaspace] Narrow klass base: 0x0000000800000000, Narrow klass shift: 0, Narrow klass range: 0x100000000
[10.097s][info][gc,start    ] GC(0) Pause Young (Metadata GC Threshold)
[10.107s][info][gc,heap     ] GC(0) PSYoungGen: 148437K(305664K)->18581K(305664K) Eden: 148437K(262144K)->0K(262144K) From: 0K(43520K)->18581K(43520K)
[10.108s][info][gc,heap     ] GC(0) ParOldGen: 0K(699392K)->24K(699392K)
[10.108s][info][gc,metaspace] GC(0) Metaspace: 21272K(21504K)->21272K(21504K) NonClass: 18555K(18688K)->18555K(18688K) Class: 2716K(2816K)->2716K(2816K)
[10.108s][info][gc          ] GC(0) Pause Young (Metadata GC Threshold) 144M->18M(981M) 10.847ms
[10.108s][info][gc,cpu      ] GC(0) User=0.08s Sys=0.28s Real=0.01s
[10.108s][info][gc,start    ] GC(1) Pause Full (Metadata GC Threshold)
[10.108s][info][gc,phases,start] GC(1) Marking Phase
[10.120s][info][gc,phases      ] GC(1) Marking Phase 11.873ms
[10.120s][info][gc,phases,start] GC(1) Summary Phase
[10.120s][info][gc,phases      ] GC(1) Summary Phase 0.032ms
[10.120s][info][gc,phases,start] GC(1) Adjust Roots
[10.125s][info][gc,phases      ] GC(1) Adjust Roots 5.210ms
[10.125s][info][gc,phases,start] GC(1) Compaction Phase
[10.134s][info][gc,phases      ] GC(1) Compaction Phase 8.683ms
[10.134s][info][gc,phases,start] GC(1) Post Compact
[10.137s][info][gc,phases      ] GC(1) Post Compact 2.970ms
[10.137s][info][gc,heap        ] GC(1) PSYoungGen: 18581K(305664K)->0K(305664K) Eden: 0K(262144K)->0K(262144K) From: 18581K(43520K)->0K(43520K)
[10.137s][info][gc,heap        ] GC(1) ParOldGen: 24K(699392K)->18046K(699392K)
[10.137s][info][gc,metaspace   ] GC(1) Metaspace: 21272K(21504K)->21272K(21504K) NonClass: 18555K(18688K)->18555K(18688K) Class: 2716K(2816K)->2716K(2816K)
[10.137s][info][gc             ] GC(1) Pause Full (Metadata GC Threshold) 18M->17M(981M) 29.195ms
[10.137s][info][gc,cpu         ] GC(1) User=0.03s Sys=0.00s Real=0.03s
[11.057s][info][gc,start       ] GC(2) Pause Young (Metadata GC Threshold)
[11.062s][info][gc,heap        ] GC(2) PSYoungGen: 96472K(305664K)->4958K(305664K) Eden: 96472K(262144K)->0K(262144K) From: 0K(43520K)->4958K(43520K)
[11.062s][info][gc,heap        ] GC(2) ParOldGen: 18046K(699392K)->18054K(699392K)
[11.062s][info][gc,metaspace   ] GC(2) Metaspace: 35447K(35840K)->35447K(35840K) NonClass: 30970K(31168K)->30970K(31168K) Class: 4476K(4672K)->4476K(4672K)
[11.062s][info][gc             ] GC(2) Pause Young (Metadata GC Threshold) 111M->22M(981M) 5.110ms
[11.062s][info][gc,cpu         ] GC(2) User=0.00s Sys=0.00s Real=0.00s
[11.062s][info][gc,start       ] GC(3) Pause Full (Metadata GC Threshold)
[11.062s][info][gc,phases,start] GC(3) Marking Phase
[11.081s][info][gc,phases      ] GC(3) Marking Phase 18.585ms
[11.081s][info][gc,phases,start] GC(3) Summary Phase
[11.081s][info][gc,phases      ] GC(3) Summary Phase 0.022ms
[11.081s][info][gc,phases,start] GC(3) Adjust Roots
[11.084s][info][gc,phases      ] GC(3) Adjust Roots 3.558ms
[11.084s][info][gc,phases,start] GC(3) Compaction Phase
[11.098s][info][gc,phases      ] GC(3) Compaction Phase 13.681ms
[11.098s][info][gc,phases,start] GC(3) Post Compact
[11.099s][info][gc,phases      ] GC(3) Post Compact 1.031ms
[11.099s][info][gc,heap        ] GC(3) PSYoungGen: 4958K(305664K)->0K(305664K) Eden: 0K(262144K)->0K(262144K) From: 4958K(43520K)->0K(43520K)
[11.099s][info][gc,heap        ] GC(3) ParOldGen: 18054K(699392K)->22384K(699392K)
[11.099s][info][gc,metaspace   ] GC(3) Metaspace: 35447K(35840K)->35447K(35840K) NonClass: 30970K(31168K)->30970K(31168K) Class: 4476K(4672K)->4476K(4672K)
[11.099s][info][gc             ] GC(3) Pause Full (Metadata GC Threshold) 22M->21M(981M) 37.194ms
[11.099s][info][gc,cpu         ] GC(3) User=0.77s Sys=0.00s Real=0.05s
[11.727s][info][gc,start       ] GC(4) Pause Young (Allocation Failure)
[11.734s][info][gc,heap        ] GC(4) PSYoungGen: 262144K(305664K)->20416K(305664K) Eden: 262144K(262144K)->0K(262144K) From: 0K(43520K)->20416K(43520K)
[11.734s][info][gc,heap        ] GC(4) ParOldGen: 22384K(699392K)->22392K(699392K)
[11.734s][info][gc,metaspace   ] GC(4) Metaspace: 42069K(42496K)->42069K(42496K) NonClass: 36798K(37056K)->36798K(37056K) Class: 5271K(5440K)->5271K(5440K)
[11.734s][info][gc             ] GC(4) Pause Young (Allocation Failure) 277M->41M(981M) 7.095ms
[11.734s][info][gc,cpu         ] GC(4) User=0.02s Sys=0.00s Real=0.02s
[11.930s][info][gc,start       ] GC(5) Pause Young (Allocation Failure)
[11.950s][info][gc,heap        ] GC(5) PSYoungGen: 282560K(305664K)->43488K(305664K) Eden: 262144K(262144K)->0K(262144K) From: 20416K(43520K)->43488K(43520K)
[11.950s][info][gc,heap        ] GC(5) ParOldGen: 22392K(699392K)->22400K(699392K)
[11.950s][info][gc,metaspace   ] GC(5) Metaspace: 42069K(42496K)->42069K(42496K) NonClass: 36798K(37056K)->36798K(37056K) Class: 5271K(5440K)->5271K(5440K)
[11.950s][info][gc             ] GC(5) Pause Young (Allocation Failure) 297M->64M(981M) 20.723ms
[11.950s][info][gc,cpu         ] GC(5) User=0.13s Sys=0.23s Real=0.01s
[12.145s][info][gc,start       ] GC(6) Pause Young (Allocation Failure)
[12.171s][info][gc,heap        ] GC(6) PSYoungGen: 305632K(305664K)->43504K(305664K) Eden: 262144K(262144K)->0K(262144K) From: 43488K(43520K)->43504K(43520K)
[12.171s][info][gc,heap        ] GC(6) ParOldGen: 22400K(699392K)->45584K(699392K)
[12.171s][info][gc,metaspace   ] GC(6) Metaspace: 42069K(42496K)->42069K(42496K) NonClass: 36798K(37056K)->36798K(37056K) Class: 5271K(5440K)->5271K(5440K)
[12.171s][info][gc             ] GC(6) Pause Young (Allocation Failure) 320M->87M(981M) 26.102ms
[12.171s][info][gc,cpu         ] GC(6) User=0.66s Sys=0.06s Real=0.03s
[12.365s][info][gc,start       ] GC(7) Pause Young (Allocation Failure)
[12.387s][info][gc,heap        ] GC(7) PSYoungGen: 305648K(305664K)->43488K(218624K) Eden: 262144K(262144K)->0K(175104K) From: 43504K(43520K)->43488K(43520K)
[12.388s][info][gc,heap        ] GC(7) ParOldGen: 45584K(699392K)->69176K(699392K)
[12.388s][info][gc,metaspace   ] GC(7) Metaspace: 42070K(42496K)->42070K(42496K) NonClass: 36799K(37056K)->36799K(37056K) Class: 5271K(5440K)->5271K(5440K)
[12.388s][info][gc             ] GC(7) Pause Young (Allocation Failure) 343M->110M(896M) 22.797ms
[12.388s][info][gc,cpu         ] GC(7) User=0.53s Sys=0.19s Real=0.03s
[13.115s][info][gc,start       ] GC(8) Pause Young (Allocation Failure)
[13.119s][info][gc,heap        ] GC(8) PSYoungGen: 218368K(218624K)->3344K(262144K) Eden: 174880K(175104K)->0K(175104K) From: 43488K(43520K)->3344K(87040K)
[13.119s][info][gc,heap        ] GC(8) ParOldGen: 69176K(699392K)->69184K(699392K)
[13.119s][info][gc,metaspace   ] GC(8) Metaspace: 47893K(48320K)->47893K(48320K) NonClass: 41815K(42048K)->41815K(42048K) Class: 6078K(6272K)->6078K(6272K)
[13.119s][info][gc             ] GC(8) Pause Young (Allocation Failure) 280M->70M(939M) 3.391ms
[13.119s][info][gc,cpu         ] GC(8) User=0.00s Sys=0.00s Real=0.00s
[13.134s][info][gc,start       ] GC(9) Pause Young (System.gc())
[13.137s][info][gc,heap        ] GC(9) PSYoungGen: 8413K(262144K)->1344K(262656K) Eden: 5068K(175104K)->0K(175616K) From: 3344K(87040K)->1344K(87040K)
[13.137s][info][gc,heap        ] GC(9) ParOldGen: 69184K(699392K)->71109K(699392K)
[13.137s][info][gc,metaspace   ] GC(9) Metaspace: 47960K(48448K)->47960K(48448K) NonClass: 41869K(42176K)->41869K(42176K) Class: 6091K(6272K)->6091K(6272K)
[13.137s][info][gc             ] GC(9) Pause Young (System.gc()) 75M->70M(939M) 3.132ms
[13.137s][info][gc,cpu         ] GC(9) User=0.00s Sys=0.00s Real=0.00s
[13.137s][info][gc,start       ] GC(10) Pause Full (System.gc())
[13.137s][info][gc,phases,start] GC(10) Marking Phase
[13.159s][info][gc,phases      ] GC(10) Marking Phase 21.676ms
[13.159s][info][gc,phases,start] GC(10) Summary Phase
[13.159s][info][gc,phases      ] GC(10) Summary Phase 0.015ms
[13.159s][info][gc,phases,start] GC(10) Adjust Roots
[13.164s][info][gc,phases      ] GC(10) Adjust Roots 5.113ms
[13.164s][info][gc,phases,start] GC(10) Compaction Phase
[13.178s][info][gc,phases      ] GC(10) Compaction Phase 14.053ms
[13.178s][info][gc,phases,start] GC(10) Post Compact
[13.180s][info][gc,phases      ] GC(10) Post Compact 1.571ms
[13.180s][info][gc,heap        ] GC(10) PSYoungGen: 1344K(262656K)->0K(262656K) Eden: 0K(175616K)->0K(175616K) From: 1344K(87040K)->0K(87040K)
[13.180s][info][gc,heap        ] GC(10) ParOldGen: 71109K(699392K)->24518K(699392K)
[13.180s][info][gc,metaspace   ] GC(10) Metaspace: 47960K(48448K)->47960K(48448K) NonClass: 41869K(42176K)->41869K(42176K) Class: 6091K(6272K)->6091K(6272K)
[13.180s][info][gc             ] GC(10) Pause Full (System.gc()) 70M->23M(939M) 42.696ms
[13.180s][info][gc,cpu         ] GC(10) User=0.56s Sys=0.00s Real=0.05s
[13.870s][info][gc,start       ] GC(11) Pause Young (Allocation Failure)
[13.880s][info][gc,heap        ] GC(11) PSYoungGen: 175616K(262656K)->12432K(188416K) Eden: 175616K(175616K)->0K(175616K) From: 0K(87040K)->12432K(12800K)
[13.880s][info][gc,heap        ] GC(11) ParOldGen: 24518K(699392K)->24526K(699392K)
[13.880s][info][gc,metaspace   ] GC(11) Metaspace: 53836K(54528K)->53836K(54528K) NonClass: 47016K(47424K)->47016K(47424K) Class: 6820K(7104K)->6820K(7104K)
[13.880s][info][gc             ] GC(11) Pause Young (Allocation Failure) 195M->36M(867M) 10.008ms
[13.880s][info][gc,cpu         ] GC(11) User=0.36s Sys=0.00s Real=0.02s
[13.985s][info][gc,start       ] GC(12) Pause Young (Allocation Failure)
[14.000s][info][gc,heap        ] GC(12) PSYoungGen: 188048K(188416K)->27472K(263680K) Eden: 175616K(175616K)->0K(180736K) From: 12432K(12800K)->27472K(82944K)
[14.000s][info][gc,heap        ] GC(12) ParOldGen: 24526K(699392K)->24534K(699392K)
[14.000s][info][gc,metaspace   ] GC(12) Metaspace: 53855K(54528K)->53855K(54528K) NonClass: 47034K(47424K)->47034K(47424K) Class: 6820K(7104K)->6820K(7104K)
[14.000s][info][gc             ] GC(12) Pause Young (Allocation Failure) 207M->50M(940M) 15.554ms
[14.000s][info][gc,cpu         ] GC(12) User=0.33s Sys=0.00s Real=0.02s
[14.104s][info][gc,start       ] GC(13) Pause Young (Allocation Failure)
[14.132s][info][gc,heap        ] GC(13) PSYoungGen: 208208K(263680K)->17568K(258560K) Eden: 180736K(180736K)->0K(180736K) From: 27472K(82944K)->17568K(77824K)
[14.132s][info][gc,heap        ] GC(13) ParOldGen: 24534K(699392K)->50886K(699392K)
[14.132s][info][gc,metaspace   ] GC(13) Metaspace: 53867K(54528K)->53867K(54528K) NonClass: 47046K(47424K)->47046K(47424K) Class: 6820K(7104K)->6820K(7104K)
[14.132s][info][gc             ] GC(13) Pause Young (Allocation Failure) 227M->66M(935M) 27.841ms
[14.132s][info][gc,cpu         ] GC(13) User=0.69s Sys=0.00s Real=0.03s
[14.232s][info][gc,start       ] GC(14) Pause Young (Allocation Failure)
[14.259s][info][gc,heap        ] GC(14) PSYoungGen: 198304K(258560K)->19424K(266240K) Eden: 180736K(180736K)->0K(192000K) From: 17568K(77824K)->19424K(74240K)
[14.259s][info][gc,heap        ] GC(14) ParOldGen: 50886K(699392K)->66118K(699392K)
[14.259s][info][gc,metaspace   ] GC(14) Metaspace: 53867K(54528K)->53867K(54528K) NonClass: 47046K(47424K)->47046K(47424K) Class: 6820K(7104K)->6820K(7104K)
[14.259s][info][gc             ] GC(14) Pause Young (Allocation Failure) 243M->83M(943M) 26.616ms
[14.259s][info][gc,cpu         ] GC(14) User=0.38s Sys=0.00s Real=0.03s
[14.365s][info][gc,start       ] GC(15) Pause Young (Allocation Failure)
[14.398s][info][gc,heap        ] GC(15) PSYoungGen: 211424K(266240K)->16704K(262656K) Eden: 192000K(192000K)->0K(192000K) From: 19424K(74240K)->16704K(70656K)
[14.398s][info][gc,heap        ] GC(15) ParOldGen: 66118K(699392K)->85326K(699392K)
[14.398s][info][gc,metaspace   ] GC(15) Metaspace: 53884K(54528K)->53884K(54528K) NonClass: 47064K(47424K)->47064K(47424K) Class: 6820K(7104K)->6820K(7104K)
[14.398s][info][gc             ] GC(15) Pause Young (Allocation Failure) 271M->99M(939M) 32.595ms
[14.398s][info][gc,cpu         ] GC(15) User=0.30s Sys=0.08s Real=0.03s
[14.775s][info][gc,start       ] GC(16) Pause Young (Allocation Failure)
[14.829s][info][gc,heap        ] GC(16) PSYoungGen: 208704K(262656K)->15821K(274944K) Eden: 192000K(192000K)->0K(207360K) From: 16704K(70656K)->15821K(67584K)
[14.829s][info][gc,heap        ] GC(16) ParOldGen: 85326K(699392K)->101854K(699392K)
[14.830s][info][gc,metaspace   ] GC(16) Metaspace: 55763K(56576K)->55763K(56576K) NonClass: 48640K(49088K)->48640K(49088K) Class: 7122K(7488K)->7122K(7488K)
[14.830s][info][gc             ] GC(16) Pause Young (Allocation Failure) 287M->114M(951M) 54.239ms
[14.830s][info][gc,cpu         ] GC(16) User=1.48s Sys=0.00s Real=0.06s
[14.888s][info][gc,start       ] GC(17) Pause Young (Allocation Failure)
[14.898s][info][gc,heap        ] GC(17) PSYoungGen: 223181K(274944K)->7904K(271872K) Eden: 207360K(207360K)->0K(207360K) From: 15821K(67584K)->7904K(64512K)
[14.898s][info][gc,heap        ] GC(17) ParOldGen: 101854K(699392K)->117199K(699392K)
[14.898s][info][gc,metaspace   ] GC(17) Metaspace: 55763K(56576K)->55763K(56576K) NonClass: 48640K(49088K)->48640K(49088K) Class: 7122K(7488K)->7122K(7488K)
[14.898s][info][gc             ] GC(17) Pause Young (Allocation Failure) 317M->122M(948M) 9.810ms
[14.898s][info][gc,cpu         ] GC(17) User=0.25s Sys=0.13s Real=0.02s
[14.966s][info][gc,start       ] GC(18) Pause Young (Allocation Failure)
[14.975s][info][gc,heap        ] GC(18) PSYoungGen: 215264K(271872K)->7392K(281600K) Eden: 207360K(207360K)->0K(218624K) From: 7904K(64512K)->7392K(62976K)
[14.975s][info][gc,heap        ] GC(18) ParOldGen: 117199K(699392K)->124279K(699392K)
[14.975s][info][gc,metaspace   ] GC(18) Metaspace: 55765K(56576K)->55765K(56576K) NonClass: 48642K(49088K)->48642K(49088K) Class: 7123K(7488K)->7123K(7488K)
[14.976s][info][gc             ] GC(18) Pause Young (Allocation Failure) 324M->128M(958M) 9.960ms
[14.976s][info][gc,cpu         ] GC(18) User=0.05s Sys=0.00s Real=0.02s
[15.038s][info][gc,start       ] GC(19) Pause Young (Allocation Failure)
[15.048s][info][gc,heap        ] GC(19) PSYoungGen: 226016K(281600K)->9888K(280064K) Eden: 218624K(218624K)->0K(218624K) From: 7392K(62976K)->9888K(61440K)
[15.048s][info][gc,heap        ] GC(19) ParOldGen: 124279K(699392K)->130359K(699392K)
[15.048s][info][gc,metaspace   ] GC(19) Metaspace: 55772K(56576K)->55772K(56576K) NonClass: 48647K(49088K)->48647K(49088K) Class: 7125K(7488K)->7125K(7488K)
[15.048s][info][gc             ] GC(19) Pause Young (Allocation Failure) 342M->136M(956M) 9.953ms
[15.048s][info][gc,cpu         ] GC(19) User=0.03s Sys=0.00s Real=0.01s
[15.114s][info][gc,start       ] GC(20) Pause Young (Allocation Failure)
[15.132s][info][gc,heap        ] GC(20) PSYoungGen: 228512K(280064K)->9280K(285184K) Eden: 218624K(218624K)->0K(227328K) From: 9888K(61440K)->9280K(57856K)
[15.132s][info][gc,heap        ] GC(20) ParOldGen: 130359K(699392K)->140023K(699392K)
[15.132s][info][gc,metaspace   ] GC(20) Metaspace: 55772K(56576K)->55772K(56576K) NonClass: 48647K(49088K)->48647K(49088K) Class: 7125K(7488K)->7125K(7488K)
[15.132s][info][gc             ] GC(20) Pause Young (Allocation Failure) 350M->145M(961M) 18.568ms
[15.132s][info][gc,cpu         ] GC(20) User=0.05s Sys=0.00s Real=0.02s
[15.199s][info][gc,start       ] GC(21) Pause Young (Allocation Failure)
[15.281s][info][gc,heap        ] GC(21) PSYoungGen: 236608K(285184K)->9632K(284160K) Eden: 227328K(227328K)->0K(227328K) From: 9280K(57856K)->9632K(56832K)
[15.281s][info][gc,heap        ] GC(21) ParOldGen: 140023K(699392K)->149063K(699392K)
[15.281s][info][gc,metaspace   ] GC(21) Metaspace: 55772K(56576K)->55772K(56576K) NonClass: 48647K(49088K)->48647K(49088K) Class: 7125K(7488K)->7125K(7488K)
[15.281s][info][gc             ] GC(21) Pause Young (Allocation Failure) 367M->154M(960M) 81.344ms
[15.281s][info][gc,cpu         ] GC(21) User=1.83s Sys=0.00s Real=0.08s
[15.343s][info][gc,start       ] GC(22) Pause Young (Allocation Failure)
[15.362s][info][gc,heap        ] GC(22) PSYoungGen: 236960K(284160K)->12448K(289280K) Eden: 227328K(227328K)->0K(237568K) From: 9632K(56832K)->12448K(51712K)
[15.362s][info][gc,heap        ] GC(22) ParOldGen: 149063K(699392K)->158415K(699392K)
[15.362s][info][gc,metaspace   ] GC(22) Metaspace: 55772K(56576K)->55772K(56576K) NonClass: 48647K(49088K)->48647K(49088K) Class: 7125K(7488K)->7125K(7488K)
[15.362s][info][gc             ] GC(22) Pause Young (Allocation Failure) 376M->166M(965M) 19.415ms
[15.362s][info][gc,cpu         ] GC(22) User=0.33s Sys=0.03s Real=0.02s
[15.427s][info][gc,start       ] GC(23) Pause Young (Allocation Failure)
[15.444s][info][gc,heap        ] GC(23) PSYoungGen: 250016K(289280K)->9312K(289280K) Eden: 237568K(237568K)->0K(237568K) From: 12448K(51712K)->9312K(51712K)
[15.444s][info][gc,heap        ] GC(23) ParOldGen: 158415K(699392K)->170551K(699392K)
[15.444s][info][gc,metaspace   ] GC(23) Metaspace: 55773K(56576K)->55773K(56576K) NonClass: 48648K(49088K)->48648K(49088K) Class: 7125K(7488K)->7125K(7488K)
[15.444s][info][gc             ] GC(23) Pause Young (Allocation Failure) 398M->175M(965M) 17.161ms
[15.444s][info][gc,cpu         ] GC(23) User=0.36s Sys=0.00s Real=0.02s
[15.508s][info][gc,start       ] GC(24) Pause Young (Allocation Failure)
[15.568s][info][gc,heap        ] GC(24) PSYoungGen: 246880K(289280K)->9248K(295424K) Eden: 237568K(237568K)->0K(247808K) From: 9312K(51712K)->9248K(47616K)
[15.568s][info][gc,heap        ] GC(24) ParOldGen: 170551K(699392K)->179575K(699392K)
[15.568s][info][gc,metaspace   ] GC(24) Metaspace: 55773K(56576K)->55773K(56576K) NonClass: 48648K(49088K)->48648K(49088K) Class: 7125K(7488K)->7125K(7488K)
[15.568s][info][gc             ] GC(24) Pause Young (Allocation Failure) 407M->184M(971M) 60.117ms
[15.568s][info][gc,cpu         ] GC(24) User=1.42s Sys=0.02s Real=0.06s
[15.644s][info][gc,start       ] GC(25) Pause Young (Allocation Failure)
[15.660s][info][gc,heap        ] GC(25) PSYoungGen: 257056K(295424K)->9973K(295424K) Eden: 247808K(247808K)->0K(247808K) From: 9248K(47616K)->9973K(47616K)
[15.660s][info][gc,heap        ] GC(25) ParOldGen: 179575K(699392K)->188599K(699392K)
[15.660s][info][gc,metaspace   ] GC(25) Metaspace: 55840K(56640K)->55840K(56640K) NonClass: 48703K(49152K)->48703K(49152K) Class: 7137K(7488K)->7137K(7488K)
[15.660s][info][gc             ] GC(25) Pause Young (Allocation Failure) 426M->193M(971M) 15.395ms
[15.660s][info][gc,cpu         ] GC(25) User=0.34s Sys=0.02s Real=0.02s
[15.771s][info][gc,start       ] GC(26) Pause Young (Allocation Failure)
[15.780s][info][gc,heap        ] GC(26) PSYoungGen: 257781K(295424K)->608K(299520K) Eden: 247808K(247808K)->0K(254464K) From: 9973K(47616K)->608K(45056K)
[15.780s][info][gc,heap        ] GC(26) ParOldGen: 188599K(699392K)->198348K(699392K)
[15.780s][info][gc,metaspace   ] GC(26) Metaspace: 56185K(57024K)->56185K(57024K) NonClass: 48993K(49472K)->48993K(49472K) Class: 7191K(7552K)->7191K(7552K)
[15.780s][info][gc             ] GC(26) Pause Young (Allocation Failure) 435M->194M(975M) 8.999ms
[15.780s][info][gc,cpu         ] GC(26) User=0.00s Sys=0.00s Real=0.00s
[15.924s][info][gc,start       ] GC(27) Pause Young (Allocation Failure)
[15.926s][info][gc,heap        ] GC(27) PSYoungGen: 255072K(299520K)->128K(299008K) Eden: 254464K(254464K)->0K(254464K) From: 608K(45056K)->128K(44544K)
[15.926s][info][gc,heap        ] GC(27) ParOldGen: 198348K(699392K)->198548K(699392K)
[15.926s][info][gc,metaspace   ] GC(27) Metaspace: 56185K(57024K)->56185K(57024K) NonClass: 48993K(49472K)->48993K(49472K) Class: 7191K(7552K)->7191K(7552K)
[15.926s][info][gc             ] GC(27) Pause Young (Allocation Failure) 442M->194M(975M) 2.660ms
[15.926s][info][gc,cpu         ] GC(27) User=0.03s Sys=0.00s Real=0.02s
[16.071s][info][gc,start       ] GC(28) Pause Young (Allocation Failure)
[16.073s][info][gc,heap        ] GC(28) PSYoungGen: 254592K(299008K)->128K(303616K) Eden: 254464K(254464K)->0K(260608K) From: 128K(44544K)->128K(43008K)
[16.073s][info][gc,heap        ] GC(28) ParOldGen: 198548K(699392K)->198556K(699392K)
[16.073s][info][gc,metaspace   ] GC(28) Metaspace: 56185K(57024K)->56185K(57024K) NonClass: 48993K(49472K)->48993K(49472K) Class: 7191K(7552K)->7191K(7552K)
[16.073s][info][gc             ] GC(28) Pause Young (Allocation Failure) 442M->194M(979M) 2.570ms
[16.073s][info][gc,cpu         ] GC(28) User=0.00s Sys=0.00s Real=0.00s
[16.204s][info][gc,start       ] GC(29) Pause Young (Allocation Failure)
[16.207s][info][gc,heap        ] GC(29) PSYoungGen: 260736K(303616K)->160K(303616K) Eden: 260608K(260608K)->0K(260608K) From: 128K(43008K)->160K(43008K)
[16.207s][info][gc,heap        ] GC(29) ParOldGen: 198556K(699392K)->198556K(699392K)
[16.207s][info][gc,metaspace   ] GC(29) Metaspace: 56185K(57024K)->56185K(57024K) NonClass: 48993K(49472K)->48993K(49472K) Class: 7191K(7552K)->7191K(7552K)
[16.207s][info][gc             ] GC(29) Pause Young (Allocation Failure) 448M->194M(979M) 2.506ms
[16.207s][info][gc,cpu         ] GC(29) User=0.03s Sys=0.00s Real=0.01s
[16.505s][info][gc,start       ] GC(30) Pause Young (System.gc())
[16.508s][info][gc,heap        ] GC(30) PSYoungGen: 93727K(303616K)->896K(301568K) Eden: 93567K(260608K)->0K(263168K) From: 160K(43008K)->896K(38400K)
[16.508s][info][gc,heap        ] GC(30) ParOldGen: 198556K(699392K)->198572K(699392K)
[16.508s][info][gc,metaspace   ] GC(30) Metaspace: 57991K(58880K)->57991K(58880K) NonClass: 50596K(51072K)->50596K(51072K) Class: 7394K(7808K)->7394K(7808K)
[16.508s][info][gc             ] GC(30) Pause Young (System.gc()) 285M->194M(977M) 2.974ms
[16.508s][info][gc,cpu         ] GC(30) User=0.00s Sys=0.00s Real=0.00s
[16.508s][info][gc,start       ] GC(31) Pause Full (System.gc())
[16.508s][info][gc,phases,start] GC(31) Marking Phase
[16.606s][info][gc,phases      ] GC(31) Marking Phase 98.254ms
[16.606s][info][gc,phases,start] GC(31) Summary Phase
[16.606s][info][gc,phases      ] GC(31) Summary Phase 0.015ms
[16.606s][info][gc,phases,start] GC(31) Adjust Roots
[16.613s][info][gc,phases      ] GC(31) Adjust Roots 6.427ms
[16.613s][info][gc,phases,start] GC(31) Compaction Phase
[16.704s][info][gc,phases      ] GC(31) Compaction Phase 91.272ms
[16.704s][info][gc,phases,start] GC(31) Post Compact
[16.706s][info][gc,phases      ] GC(31) Post Compact 2.290ms
[16.707s][info][gc,heap        ] GC(31) PSYoungGen: 896K(301568K)->0K(301568K) Eden: 0K(263168K)->0K(263168K) From: 896K(38400K)->0K(38400K)
[16.707s][info][gc,heap        ] GC(31) ParOldGen: 198572K(699392K)->174332K(699392K)
[16.707s][info][gc,metaspace   ] GC(31) Metaspace: 57991K(58880K)->57967K(58880K) NonClass: 50596K(51072K)->50580K(51072K) Class: 7394K(7808K)->7387K(7808K)
[16.707s][info][gc             ] GC(31) Pause Full (System.gc()) 194M->170M(977M) 198.669ms
[16.707s][info][gc,cpu         ] GC(31) User=2.34s Sys=0.00s Real=0.20s
[16.911s][info][gc,start       ] GC(32) Pause Young (Allocation Failure)
[16.912s][info][gc,heap        ] GC(32) PSYoungGen: 263168K(301568K)->896K(303104K) Eden: 263168K(263168K)->0K(263168K) From: 0K(38400K)->896K(39936K)
[16.912s][info][gc,heap        ] GC(32) ParOldGen: 174332K(699392K)->174340K(699392K)
[16.912s][info][gc,metaspace   ] GC(32) Metaspace: 58296K(59200K)->58296K(59200K) NonClass: 50843K(51328K)->50843K(51328K) Class: 7452K(7872K)->7452K(7872K)
[16.912s][info][gc             ] GC(32) Pause Young (Allocation Failure) 427M->171M(979M) 1.275ms
[16.912s][info][gc,cpu         ] GC(32) User=0.00s Sys=0.00s Real=0.00s
[17.008s][info][gc,start       ] GC(33) Pause Young (Allocation Failure)
[17.009s][info][gc,heap        ] GC(33) PSYoungGen: 264064K(303104K)->480K(305152K) Eden: 263168K(263168K)->0K(270848K) From: 896K(39936K)->480K(34304K)
[17.009s][info][gc,heap        ] GC(33) ParOldGen: 174340K(699392K)->174756K(699392K)
[17.009s][info][gc,metaspace   ] GC(33) Metaspace: 58298K(59200K)->58298K(59200K) NonClass: 50846K(51328K)->50846K(51328K) Class: 7452K(7872K)->7452K(7872K)
[17.009s][info][gc             ] GC(33) Pause Young (Allocation Failure) 428M->171M(981M) 0.877ms
[17.009s][info][gc,cpu         ] GC(33) User=0.00s Sys=0.00s Real=0.00s
[17.110s][info][gc,start       ] GC(34) Pause Young (Allocation Failure)
[17.111s][info][gc,heap        ] GC(34) PSYoungGen: 271328K(305152K)->256K(307200K) Eden: 270848K(270848K)->0K(270848K) From: 480K(34304K)->256K(36352K)
[17.111s][info][gc,heap        ] GC(34) ParOldGen: 174756K(699392K)->174916K(699392K)
[17.111s][info][gc,metaspace   ] GC(34) Metaspace: 58298K(59200K)->58298K(59200K) NonClass: 50846K(51328K)->50846K(51328K) Class: 7452K(7872K)->7452K(7872K)
[17.111s][info][gc             ] GC(34) Pause Young (Allocation Failure) 435M->171M(983M) 0.808ms
[17.111s][info][gc,cpu         ] GC(34) User=0.02s Sys=0.00s Real=0.02s
[17.201s][info][gc,start       ] GC(35) Pause Young (Allocation Failure)
[17.202s][info][gc,heap        ] GC(35) PSYoungGen: 271104K(307200K)->320K(309248K) Eden: 270848K(270848K)->0K(278016K) From: 256K(36352K)->320K(31232K)
[17.202s][info][gc,heap        ] GC(35) ParOldGen: 174916K(699392K)->174916K(699392K)
[17.202s][info][gc,metaspace   ] GC(35) Metaspace: 58298K(59200K)->58298K(59200K) NonClass: 50846K(51328K)->50846K(51328K) Class: 7452K(7872K)->7452K(7872K)
[17.202s][info][gc             ] GC(35) Pause Young (Allocation Failure) 435M->171M(985M) 0.706ms
[17.202s][info][gc,cpu         ] GC(35) User=0.00s Sys=0.00s Real=0.00s
[17.288s][info][gc,start       ] GC(36) Pause Young (Allocation Failure)
[17.289s][info][gc,heap        ] GC(36) PSYoungGen: 278336K(309248K)->384K(311296K) Eden: 278016K(278016K)->0K(278016K) From: 320K(31232K)->384K(33280K)
[17.289s][info][gc,heap        ] GC(36) ParOldGen: 174916K(699392K)->174916K(699392K)
[17.289s][info][gc,metaspace   ] GC(36) Metaspace: 58298K(59200K)->58298K(59200K) NonClass: 50846K(51328K)->50846K(51328K) Class: 7452K(7872K)->7452K(7872K)
[17.289s][info][gc             ] GC(36) Pause Young (Allocation Failure) 442M->171M(987M) 0.651ms
[17.289s][info][gc,cpu         ] GC(36) User=0.00s Sys=0.00s Real=0.00s
[17.374s][info][gc,start       ] GC(37) Pause Young (Allocation Failure)
[17.375s][info][gc,heap        ] GC(37) PSYoungGen: 278400K(311296K)->320K(312832K) Eden: 278016K(278016K)->0K(284672K) From: 384K(33280K)->320K(28160K)
[17.375s][info][gc,heap        ] GC(37) ParOldGen: 174916K(699392K)->174916K(699392K)
[17.375s][info][gc,metaspace   ] GC(37) Metaspace: 58298K(59200K)->58298K(59200K) NonClass: 50846K(51328K)->50846K(51328K) Class: 7452K(7872K)->7452K(7872K)
[17.375s][info][gc             ] GC(37) Pause Young (Allocation Failure) 442M->171M(988M) 0.745ms
[17.375s][info][gc,cpu         ] GC(37) User=0.00s Sys=0.00s Real=0.00s
[17.462s][info][gc,start       ] GC(38) Pause Young (Allocation Failure)
[17.463s][info][gc,heap        ] GC(38) PSYoungGen: 284992K(312832K)->256K(314368K) Eden: 284672K(284672K)->0K(284672K) From: 320K(28160K)->256K(29696K)
[17.463s][info][gc,heap        ] GC(38) ParOldGen: 174916K(699392K)->174924K(699392K)
[17.463s][info][gc,metaspace   ] GC(38) Metaspace: 58298K(59200K)->58298K(59200K) NonClass: 50846K(51328K)->50846K(51328K) Class: 7452K(7872K)->7452K(7872K)
[17.463s][info][gc             ] GC(38) Pause Young (Allocation Failure) 449M->171M(990M) 0.587ms
[17.463s][info][gc,cpu         ] GC(38) User=0.00s Sys=0.00s Real=0.00s
[17.561s][info][gc,start       ] GC(39) Pause Young (System.gc())
[17.562s][info][gc,heap        ] GC(39) PSYoungGen: 109447K(314368K)->736K(316416K) Eden: 109191K(284672K)->0K(291328K) From: 256K(29696K)->736K(25088K)
[17.562s][info][gc,heap        ] GC(39) ParOldGen: 174924K(699392K)->174956K(699392K)
[17.562s][info][gc,metaspace   ] GC(39) Metaspace: 58381K(59328K)->58381K(59328K) NonClass: 50929K(51456K)->50929K(51456K) Class: 7452K(7872K)->7452K(7872K)
[17.562s][info][gc             ] GC(39) Pause Young (System.gc()) 277M->171M(992M) 0.731ms
[17.562s][info][gc,cpu         ] GC(39) User=0.00s Sys=0.00s Real=0.00s
[17.562s][info][gc,start       ] GC(40) Pause Full (System.gc())
[17.562s][info][gc,phases,start] GC(40) Marking Phase
[17.663s][info][gc,phases      ] GC(40) Marking Phase 101.391ms
[17.663s][info][gc,phases,start] GC(40) Summary Phase
[17.664s][info][gc,phases      ] GC(40) Summary Phase 0.015ms
[17.664s][info][gc,phases,start] GC(40) Adjust Roots
[17.668s][info][gc,phases      ] GC(40) Adjust Roots 4.535ms
[17.668s][info][gc,phases,start] GC(40) Compaction Phase
[17.689s][info][gc,phases      ] GC(40) Compaction Phase 20.930ms
[17.689s][info][gc,phases,start] GC(40) Post Compact
[17.690s][info][gc,phases      ] GC(40) Post Compact 1.206ms
[17.690s][info][gc,heap        ] GC(40) PSYoungGen: 736K(316416K)->0K(316416K) Eden: 0K(291328K)->0K(291328K) From: 736K(25088K)->0K(25088K)
[17.690s][info][gc,heap        ] GC(40) ParOldGen: 174956K(699392K)->174416K(699392K)
[17.690s][info][gc,metaspace   ] GC(40) Metaspace: 58381K(59328K)->58381K(59328K) NonClass: 50929K(51456K)->50929K(51456K) Class: 7452K(7872K)->7452K(7872K)
[17.690s][info][gc             ] GC(40) Pause Full (System.gc()) 171M->170M(992M) 128.334ms
[17.690s][info][gc,cpu         ] GC(40) User=2.88s Sys=0.00s Real=0.13s
[17.901s][info][gc,start       ] GC(41) Pause Young (Allocation Failure)
[17.901s][info][gc,heap        ] GC(41) PSYoungGen: 291328K(316416K)->832K(317952K) Eden: 291328K(291328K)->0K(291328K) From: 0K(25088K)->832K(26624K)
[17.902s][info][gc,heap        ] GC(41) ParOldGen: 174416K(699392K)->174424K(699392K)
[17.902s][info][gc,metaspace   ] GC(41) Metaspace: 58447K(59328K)->58447K(59328K) NonClass: 50995K(51456K)->50995K(51456K) Class: 7452K(7872K)->7452K(7872K)
[17.902s][info][gc             ] GC(41) Pause Young (Allocation Failure) 454M->171M(993M) 0.900ms
[17.902s][info][gc,cpu         ] GC(41) User=0.00s Sys=0.00s Real=0.00s
[18.007s][info][gc,start       ] GC(42) Pause Young (Allocation Failure)
[18.008s][info][gc,heap        ] GC(42) PSYoungGen: 292160K(317952K)->512K(320000K) Eden: 291328K(291328K)->0K(297984K) From: 832K(26624K)->512K(22016K)
[18.008s][info][gc,heap        ] GC(42) ParOldGen: 174424K(699392K)->174809K(699392K)
[18.008s][info][gc,metaspace   ] GC(42) Metaspace: 58447K(59328K)->58447K(59328K) NonClass: 50995K(51456K)->50995K(51456K) Class: 7452K(7872K)->7452K(7872K)
[18.008s][info][gc             ] GC(42) Pause Young (Allocation Failure) 455M->171M(995M) 0.892ms
[18.008s][info][gc,cpu         ] GC(42) User=0.23s Sys=0.03s Real=0.02s
[18.109s][info][gc,start       ] GC(43) Pause Young (Allocation Failure)
[18.110s][info][gc,heap        ] GC(43) PSYoungGen: 298496K(320000K)->160K(321024K) Eden: 297984K(297984K)->0K(297984K) From: 512K(22016K)->160K(23040K)
[18.110s][info][gc,heap        ] GC(43) ParOldGen: 174809K(699392K)->174953K(699392K)
[18.110s][info][gc,metaspace   ] GC(43) Metaspace: 58447K(59328K)->58447K(59328K) NonClass: 50995K(51456K)->50995K(51456K) Class: 7452K(7872K)->7452K(7872K)
[18.110s][info][gc             ] GC(43) Pause Young (Allocation Failure) 462M->171M(996M) 0.624ms
[18.110s][info][gc,cpu         ] GC(43) User=0.00s Sys=0.00s Real=0.00s
[18.210s][info][gc,start       ] GC(44) Pause Young (Allocation Failure)
[18.211s][info][gc,heap        ] GC(44) PSYoungGen: 298144K(321024K)->192K(295424K) Eden: 297984K(297984K)->0K(290304K) From: 160K(23040K)->192K(5120K)
[18.211s][info][gc,heap        ] GC(44) ParOldGen: 174953K(699392K)->174961K(699392K)
[18.211s][info][gc,metaspace   ] GC(44) Metaspace: 58447K(59328K)->58447K(59328K) NonClass: 50995K(51456K)->50995K(51456K) Class: 7452K(7872K)->7452K(7872K)
[18.211s][info][gc             ] GC(44) Pause Young (Allocation Failure) 462M->171M(971M) 1.204ms
[18.211s][info][gc,cpu         ] GC(44) User=0.00s Sys=0.00s Real=0.00s
[18.320s][info][gc,start       ] GC(45) Pause Young (Allocation Failure)
[18.322s][info][gc,heap        ] GC(45) PSYoungGen: 290496K(295424K)->224K(283648K) Eden: 290304K(290304K)->0K(283136K) From: 192K(5120K)->224K(512K)
[18.322s][info][gc,heap        ] GC(45) ParOldGen: 174961K(699392K)->174961K(699392K)
[18.322s][info][gc,metaspace   ] GC(45) Metaspace: 58447K(59328K)->58447K(59328K) NonClass: 50995K(51456K)->50995K(51456K) Class: 7452K(7872K)->7452K(7872K)
[18.322s][info][gc             ] GC(45) Pause Young (Allocation Failure) 454M->171M(960M) 1.456ms
[18.322s][info][gc,cpu         ] GC(45) User=0.00s Sys=0.00s Real=0.00s
[18.425s][info][gc,start       ] GC(46) Pause Young (Allocation Failure)
[18.430s][info][gc,heap        ] GC(46) PSYoungGen: 283360K(283648K)->288K(280576K) Eden: 283136K(283136K)->0K(275968K) From: 224K(512K)->288K(4608K)
[18.430s][info][gc,heap        ] GC(46) ParOldGen: 174961K(699392K)->174961K(699392K)
[18.430s][info][gc,metaspace   ] GC(46) Metaspace: 58447K(59328K)->58447K(59328K) NonClass: 50995K(51456K)->50995K(51456K) Class: 7452K(7872K)->7452K(7872K)
[18.430s][info][gc             ] GC(46) Pause Young (Allocation Failure) 447M->171M(957M) 4.870ms
[18.430s][info][gc,cpu         ] GC(46) User=0.00s Sys=0.00s Real=0.00s
[18.563s][info][gc,start       ] GC(47) Pause Young (System.gc())
[18.564s][info][gc,heap        ] GC(47) PSYoungGen: 259032K(280576K)->736K(276992K) Eden: 258744K(275968K)->0K(275968K) From: 288K(4608K)->736K(1024K)
[18.564s][info][gc,heap        ] GC(47) ParOldGen: 174961K(699392K)->174985K(699392K)
[18.564s][info][gc,metaspace   ] GC(47) Metaspace: 58519K(59392K)->58519K(59392K) NonClass: 51066K(51520K)->51066K(51520K) Class: 7452K(7872K)->7452K(7872K)
[18.564s][info][gc             ] GC(47) Pause Young (System.gc()) 423M->171M(953M) 1.072ms
[18.564s][info][gc,cpu         ] GC(47) User=0.00s Sys=0.00s Real=0.00s
[18.564s][info][gc,start       ] GC(48) Pause Full (System.gc())
[18.564s][info][gc,phases,start] GC(48) Marking Phase
[18.657s][info][gc,phases      ] GC(48) Marking Phase 93.053ms
[18.657s][info][gc,phases,start] GC(48) Summary Phase
[18.657s][info][gc,phases      ] GC(48) Summary Phase 0.014ms
[18.657s][info][gc,phases,start] GC(48) Adjust Roots
[18.662s][info][gc,phases      ] GC(48) Adjust Roots 4.496ms
[18.662s][info][gc,phases,start] GC(48) Compaction Phase
[18.681s][info][gc,phases      ] GC(48) Compaction Phase 19.788ms
[18.682s][info][gc,phases,start] GC(48) Post Compact
[18.683s][info][gc,phases      ] GC(48) Post Compact 1.087ms
[18.683s][info][gc,heap        ] GC(48) PSYoungGen: 736K(276992K)->0K(276992K) Eden: 0K(275968K)->0K(275968K) From: 736K(1024K)->0K(1024K)
[18.683s][info][gc,heap        ] GC(48) ParOldGen: 174985K(699392K)->174467K(699392K)
[18.683s][info][gc,metaspace   ] GC(48) Metaspace: 58519K(59392K)->58519K(59392K) NonClass: 51066K(51520K)->51066K(51520K) Class: 7452K(7872K)->7452K(7872K)
[18.683s][info][gc             ] GC(48) Pause Full (System.gc()) 171M->170M(953M) 118.662ms
[18.683s][info][gc,cpu         ] GC(48) User=1.77s Sys=0.00s Real=0.12s
[18.841s][info][gc,start       ] GC(49) Pause Young (Allocation Failure)
[18.843s][info][gc,heap        ] GC(49) PSYoungGen: 275968K(276992K)->768K(276480K) Eden: 275968K(275968K)->0K(269312K) From: 0K(1024K)->768K(7168K)
[18.843s][info][gc,heap        ] GC(49) ParOldGen: 174467K(699392K)->174483K(699392K)
[18.843s][info][gc,metaspace   ] GC(49) Metaspace: 58604K(59520K)->58604K(59520K) NonClass: 51152K(51648K)->51152K(51648K) Class: 7452K(7872K)->7452K(7872K)
[18.843s][info][gc             ] GC(49) Pause Young (Allocation Failure) 439M->171M(953M) 2.209ms
[18.843s][info][gc,cpu         ] GC(49) User=0.00s Sys=0.00s Real=0.00s
[18.939s][info][gc,start       ] GC(50) Pause Young (Allocation Failure)
[18.941s][info][gc,heap        ] GC(50) PSYoungGen: 270080K(276480K)->544K(263680K) Eden: 269312K(269312K)->0K(262656K) From: 768K(7168K)->544K(1024K)
[18.941s][info][gc,heap        ] GC(50) ParOldGen: 174483K(699392K)->174851K(699392K)
[18.941s][info][gc,metaspace   ] GC(50) Metaspace: 58617K(59520K)->58617K(59520K) NonClass: 51164K(51648K)->51164K(51648K) Class: 7452K(7872K)->7452K(7872K)
[18.941s][info][gc             ] GC(50) Pause Young (Allocation Failure) 434M->171M(940M) 1.587ms
[18.941s][info][gc,cpu         ] GC(50) User=0.00s Sys=0.00s Real=0.00s
[19.044s][info][gc,start       ] GC(51) Pause Young (Allocation Failure)
[19.048s][info][gc,heap        ] GC(51) PSYoungGen: 263200K(263680K)->256K(260608K) Eden: 262656K(262656K)->0K(256512K) From: 544K(1024K)->256K(4096K)
[19.048s][info][gc,heap        ] GC(51) ParOldGen: 174851K(699392K)->175003K(699392K)
[19.048s][info][gc,metaspace   ] GC(51) Metaspace: 58617K(59520K)->58617K(59520K) NonClass: 51164K(51648K)->51164K(51648K) Class: 7452K(7872K)->7452K(7872K)
[19.048s][info][gc             ] GC(51) Pause Young (Allocation Failure) 427M->171M(937M) 3.929ms
[19.048s][info][gc,cpu         ] GC(51) User=0.00s Sys=0.00s Real=0.00s
[19.141s][info][gc,start       ] GC(52) Pause Young (Allocation Failure)
[19.142s][info][gc,heap        ] GC(52) PSYoungGen: 256768K(260608K)->288K(250880K) Eden: 256512K(256512K)->0K(250368K) From: 256K(4096K)->288K(512K)
[19.142s][info][gc,heap        ] GC(52) ParOldGen: 175003K(699392K)->175003K(699392K)
[19.142s][info][gc,metaspace   ] GC(52) Metaspace: 58617K(59520K)->58617K(59520K) NonClass: 51164K(51648K)->51164K(51648K) Class: 7452K(7872K)->7452K(7872K)
[19.142s][info][gc             ] GC(52) Pause Young (Allocation Failure) 421M->171M(928M) 1.091ms
[19.142s][info][gc,cpu         ] GC(52) User=0.00s Sys=0.00s Real=0.00s
[19.235s][info][gc,start       ] GC(53) Pause Young (Allocation Failure)
[19.237s][info][gc,heap        ] GC(53) PSYoungGen: 250656K(250880K)->224K(246272K) Eden: 250368K(250368K)->0K(244736K) From: 288K(512K)->224K(1536K)
[19.237s][info][gc,heap        ] GC(53) ParOldGen: 175003K(699392K)->175003K(699392K)
[19.237s][info][gc,metaspace   ] GC(53) Metaspace: 58617K(59520K)->58617K(59520K) NonClass: 51164K(51648K)->51164K(51648K) Class: 7452K(7872K)->7452K(7872K)
[19.237s][info][gc             ] GC(53) Pause Young (Allocation Failure) 415M->171M(923M) 1.639ms
[19.237s][info][gc,cpu         ] GC(53) User=0.00s Sys=0.00s Real=0.00s
[19.334s][info][gc,start       ] GC(54) Pause Young (Allocation Failure)
[19.335s][info][gc,heap        ] GC(54) PSYoungGen: 244960K(246272K)->192K(250880K) Eden: 244736K(244736K)->0K(239104K) From: 224K(1536K)->192K(11776K)
[19.335s][info][gc,heap        ] GC(54) ParOldGen: 175003K(699392K)->175011K(699392K)
[19.335s][info][gc,metaspace   ] GC(54) Metaspace: 58617K(59520K)->58617K(59520K) NonClass: 51164K(51648K)->51164K(51648K) Class: 7452K(7872K)->7452K(7872K)
[19.335s][info][gc             ] GC(54) Pause Young (Allocation Failure) 410M->171M(928M) 1.189ms
[19.335s][info][gc,cpu         ] GC(54) User=0.00s Sys=0.00s Real=0.00s
[19.422s][info][gc,start       ] GC(55) Pause Young (Allocation Failure)
[19.424s][info][gc,heap        ] GC(55) PSYoungGen: 239296K(250880K)->288K(233984K) Eden: 239104K(239104K)->0K(233472K) From: 192K(11776K)->288K(512K)
[19.424s][info][gc,heap        ] GC(55) ParOldGen: 175011K(699392K)->175019K(699392K)
[19.424s][info][gc,metaspace   ] GC(55) Metaspace: 58617K(59520K)->58617K(59520K) NonClass: 51164K(51648K)->51164K(51648K) Class: 7452K(7872K)->7452K(7872K)
[19.424s][info][gc             ] GC(55) Pause Young (Allocation Failure) 404M->171M(911M) 1.788ms
[19.424s][info][gc,cpu         ] GC(55) User=0.00s Sys=0.00s Real=0.00s
[19.546s][info][gc,start       ] GC(56) Pause Young (System.gc())
[19.546s][info][gc,heap        ] GC(56) PSYoungGen: 202621K(233984K)->672K(243712K) Eden: 202333K(233472K)->0K(233472K) From: 288K(512K)->672K(10240K)
[19.546s][info][gc,heap        ] GC(56) ParOldGen: 175019K(699392K)->175043K(699392K)
[19.546s][info][gc,metaspace   ] GC(56) Metaspace: 58649K(59520K)->58649K(59520K) NonClass: 51196K(51648K)->51196K(51648K) Class: 7453K(7872K)->7453K(7872K)
[19.546s][info][gc             ] GC(56) Pause Young (System.gc()) 368M->171M(921M) 0.860ms
[19.547s][info][gc,cpu         ] GC(56) User=0.00s Sys=0.00s Real=0.00s
[19.547s][info][gc,start       ] GC(57) Pause Full (System.gc())
[19.547s][info][gc,phases,start] GC(57) Marking Phase
[19.643s][info][gc,phases      ] GC(57) Marking Phase 96.726ms
[19.643s][info][gc,phases,start] GC(57) Summary Phase
[19.643s][info][gc,phases      ] GC(57) Summary Phase 0.016ms
[19.643s][info][gc,phases,start] GC(57) Adjust Roots
[19.648s][info][gc,phases      ] GC(57) Adjust Roots 4.714ms
[19.648s][info][gc,phases,start] GC(57) Compaction Phase
[19.668s][info][gc,phases      ] GC(57) Compaction Phase 20.036ms
[19.668s][info][gc,phases,start] GC(57) Post Compact
[19.669s][info][gc,phases      ] GC(57) Post Compact 1.113ms
[19.669s][info][gc,heap        ] GC(57) PSYoungGen: 672K(243712K)->0K(243712K) Eden: 0K(233472K)->0K(233472K) From: 672K(10240K)->0K(10240K)
[19.669s][info][gc,heap        ] GC(57) ParOldGen: 175043K(699392K)->174513K(699392K)
[19.669s][info][gc,metaspace   ] GC(57) Metaspace: 58649K(59520K)->58649K(59520K) NonClass: 51196K(51648K)->51196K(51648K) Class: 7453K(7872K)->7453K(7872K)
[19.669s][info][gc             ] GC(57) Pause Full (System.gc()) 171M->170M(921M) 122.848ms
[19.670s][info][gc,cpu         ] GC(57) User=2.08s Sys=0.00s Real=0.11s
[19.801s][info][gc,start       ] GC(58) Pause Young (Allocation Failure)
[19.807s][info][gc,heap        ] GC(58) PSYoungGen: 233472K(243712K)->736K(229376K) Eden: 233472K(233472K)->0K(228352K) From: 0K(10240K)->736K(1024K)
[19.807s][info][gc,heap        ] GC(58) ParOldGen: 174513K(699392K)->174521K(699392K)
[19.807s][info][gc,metaspace   ] GC(58) Metaspace: 58696K(59584K)->58696K(59584K) NonClass: 51243K(51712K)->51243K(51712K) Class: 7453K(7872K)->7453K(7872K)
[19.807s][info][gc             ] GC(58) Pause Young (Allocation Failure) 398M->171M(907M) 6.235ms
[19.807s][info][gc,cpu         ] GC(58) User=0.00s Sys=0.00s Real=0.00s
[19.879s][info][gc,start       ] GC(59) Pause Young (Allocation Failure)
[19.880s][info][gc,heap        ] GC(59) PSYoungGen: 229088K(229376K)->544K(231936K) Eden: 228352K(228352K)->0K(223232K) From: 736K(1024K)->544K(8704K)
[19.880s][info][gc,heap        ] GC(59) ParOldGen: 174521K(699392K)->174877K(699392K)
[19.880s][info][gc,metaspace   ] GC(59) Metaspace: 58703K(59584K)->58703K(59584K) NonClass: 51250K(51712K)->51250K(51712K) Class: 7453K(7872K)->7453K(7872K)
[19.880s][info][gc             ] GC(59) Pause Young (Allocation Failure) 394M->171M(909M) 1.246ms
[19.881s][info][gc,cpu         ] GC(59) User=0.00s Sys=0.00s Real=0.00s
[19.956s][info][gc,start       ] GC(60) Pause Young (Allocation Failure)
[19.958s][info][gc,heap        ] GC(60) PSYoungGen: 223776K(231936K)->224K(218624K) Eden: 223232K(223232K)->0K(218112K) From: 544K(8704K)->224K(512K)
[19.958s][info][gc,heap        ] GC(60) ParOldGen: 174877K(699392K)->175021K(699392K)
[19.958s][info][gc,metaspace   ] GC(60) Metaspace: 58703K(59584K)->58703K(59584K) NonClass: 51250K(51712K)->51250K(51712K) Class: 7453K(7872K)->7453K(7872K)
[19.958s][info][gc             ] GC(60) Pause Young (Allocation Failure) 389M->171M(896M) 1.899ms
[19.958s][info][gc,cpu         ] GC(60) User=0.00s Sys=0.00s Real=0.00s
[20.039s][info][gc,start       ] GC(61) Pause Young (Allocation Failure)
[20.040s][info][gc,heap        ] GC(61) PSYoungGen: 218336K(218624K)->288K(221184K) Eden: 218112K(218112K)->0K(213504K) From: 224K(512K)->288K(7680K)
[20.040s][info][gc,heap        ] GC(61) ParOldGen: 175021K(699392K)->175021K(699392K)
[20.040s][info][gc,metaspace   ] GC(61) Metaspace: 58703K(59584K)->58703K(59584K) NonClass: 51250K(51712K)->51250K(51712K) Class: 7453K(7872K)->7453K(7872K)
[20.040s][info][gc             ] GC(61) Pause Young (Allocation Failure) 384M->171M(899M) 0.582ms
[20.040s][info][gc,cpu         ] GC(61) User=0.00s Sys=0.00s Real=0.00s
[20.125s][info][gc,start       ] GC(62) Pause Young (Allocation Failure)
[20.130s][info][gc,heap        ] GC(62) PSYoungGen: 213792K(221184K)->256K(209408K) Eden: 213504K(213504K)->0K(208896K) From: 288K(7680K)->256K(512K)
[20.130s][info][gc,heap        ] GC(62) ParOldGen: 175021K(699392K)->175029K(699392K)
[20.130s][info][gc,metaspace   ] GC(62) Metaspace: 58703K(59584K)->58703K(59584K) NonClass: 51250K(51712K)->51250K(51712K) Class: 7453K(7872K)->7453K(7872K)
[20.130s][info][gc             ] GC(62) Pause Young (Allocation Failure) 379M->171M(887M) 4.823ms
[20.130s][info][gc,cpu         ] GC(62) User=0.00s Sys=0.00s Real=0.00s
[20.201s][info][gc,start       ] GC(63) Pause Young (Allocation Failure)
[20.202s][info][gc,heap        ] GC(63) PSYoungGen: 209152K(209408K)->224K(210944K) Eden: 208896K(208896K)->0K(204288K) From: 256K(512K)->224K(6656K)
[20.202s][info][gc,heap        ] GC(63) ParOldGen: 175029K(699392K)->175029K(699392K)
[20.202s][info][gc,metaspace   ] GC(63) Metaspace: 58703K(59584K)->58703K(59584K) NonClass: 51250K(51712K)->51250K(51712K) Class: 7453K(7872K)->7453K(7872K)
[20.202s][info][gc             ] GC(63) Pause Young (Allocation Failure) 375M->171M(889M) 0.556ms
[20.202s][info][gc,cpu         ] GC(63) User=0.00s Sys=0.00s Real=0.00s
[20.292s][info][gc,start       ] GC(64) Pause Young (Allocation Failure)
[20.296s][info][gc,heap        ] GC(64) PSYoungGen: 204512K(210944K)->256K(200704K) Eden: 204288K(204288K)->0K(200192K) From: 224K(6656K)->256K(512K)
[20.296s][info][gc,heap        ] GC(64) ParOldGen: 175029K(699392K)->175037K(699392K)
[20.296s][info][gc,metaspace   ] GC(64) Metaspace: 58703K(59584K)->58703K(59584K) NonClass: 51250K(51712K)->51250K(51712K) Class: 7453K(7872K)->7453K(7872K)
[20.296s][info][gc             ] GC(64) Pause Young (Allocation Failure) 370M->171M(879M) 4.294ms
[20.297s][info][gc,cpu         ] GC(64) User=0.00s Sys=0.02s Real=0.02s
[20.380s][info][gc,start       ] GC(65) Pause Young (Allocation Failure)
[20.380s][info][gc,heap        ] GC(65) PSYoungGen: 200448K(200704K)->320K(201728K) Eden: 200192K(200192K)->0K(196096K) From: 256K(512K)->320K(5632K)
[20.380s][info][gc,heap        ] GC(65) ParOldGen: 175037K(699392K)->175053K(699392K)
[20.380s][info][gc,metaspace   ] GC(65) Metaspace: 58703K(59584K)->58703K(59584K) NonClass: 51250K(51712K)->51250K(51712K) Class: 7453K(7872K)->7453K(7872K)
[20.380s][info][gc             ] GC(65) Pause Young (Allocation Failure) 366M->171M(880M) 0.617ms
[20.380s][info][gc,cpu         ] GC(65) User=0.00s Sys=0.00s Real=0.00s
[20.447s][info][gc,start       ] GC(66) Pause Young (Allocation Failure)
[20.449s][info][gc,heap        ] GC(66) PSYoungGen: 196416K(201728K)->192K(192512K) Eden: 196096K(196096K)->0K(192000K) From: 320K(5632K)->192K(512K)
[20.449s][info][gc,heap        ] GC(66) ParOldGen: 175053K(699392K)->175069K(699392K)
[20.449s][info][gc,metaspace   ] GC(66) Metaspace: 58703K(59584K)->58703K(59584K) NonClass: 51250K(51712K)->51250K(51712K) Class: 7453K(7872K)->7453K(7872K)
[20.449s][info][gc             ] GC(66) Pause Young (Allocation Failure) 362M->171M(871M) 2.415ms
[20.449s][info][gc,cpu         ] GC(66) User=0.00s Sys=0.00s Real=0.00s
[20.505s][info][gc,start       ] GC(67) Pause Young (System.gc())
[20.506s][info][gc,heap        ] GC(67) PSYoungGen: 72270K(192512K)->640K(197120K) Eden: 72078K(192000K)->0K(192000K) From: 192K(512K)->640K(5120K)
[20.506s][info][gc,heap        ] GC(67) ParOldGen: 175069K(699392K)->175093K(699392K)
[20.506s][info][gc,metaspace   ] GC(67) Metaspace: 58736K(59584K)->58736K(59584K) NonClass: 51282K(51712K)->51282K(51712K) Class: 7453K(7872K)->7453K(7872K)
[20.506s][info][gc             ] GC(67) Pause Young (System.gc()) 241M->171M(875M) 0.853ms
[20.506s][info][gc,cpu         ] GC(67) User=0.00s Sys=0.00s Real=0.00s
[20.506s][info][gc,start       ] GC(68) Pause Full (System.gc())
[20.506s][info][gc,phases,start] GC(68) Marking Phase
[20.601s][info][gc,phases      ] GC(68) Marking Phase 94.660ms
[20.601s][info][gc,phases,start] GC(68) Summary Phase
[20.601s][info][gc,phases      ] GC(68) Summary Phase 0.016ms
[20.601s][info][gc,phases,start] GC(68) Adjust Roots
[20.606s][info][gc,phases      ] GC(68) Adjust Roots 5.053ms
[20.606s][info][gc,phases,start] GC(68) Compaction Phase
[20.620s][info][gc,phases      ] GC(68) Compaction Phase 13.738ms
[20.620s][info][gc,phases,start] GC(68) Post Compact
[20.621s][info][gc,phases      ] GC(68) Post Compact 0.967ms
[20.621s][info][gc,heap        ] GC(68) PSYoungGen: 640K(197120K)->0K(197120K) Eden: 0K(192000K)->0K(192000K) From: 640K(5120K)->0K(5120K)
[20.621s][info][gc,heap        ] GC(68) ParOldGen: 175093K(699392K)->174559K(699392K)
[20.621s][info][gc,metaspace   ] GC(68) Metaspace: 58736K(59584K)->58736K(59584K) NonClass: 51282K(51712K)->51282K(51712K) Class: 7453K(7872K)->7453K(7872K)
[20.621s][info][gc             ] GC(68) Pause Full (System.gc()) 171M->170M(875M) 114.654ms
[20.621s][info][gc,cpu         ] GC(68) User=2.30s Sys=0.00s Real=0.11s
[20.734s][info][gc,start       ] GC(69) Pause Young (Allocation Failure)
[20.736s][info][gc,heap        ] GC(69) PSYoungGen: 192000K(197120K)->768K(189440K) Eden: 192000K(192000K)->0K(188416K) From: 0K(5120K)->768K(1024K)
[20.737s][info][gc,heap        ] GC(69) ParOldGen: 174559K(699392K)->174567K(699392K)
[20.737s][info][gc,metaspace   ] GC(69) Metaspace: 58769K(59712K)->58769K(59712K) NonClass: 51316K(51840K)->51316K(51840K) Class: 7453K(7872K)->7453K(7872K)
[20.737s][info][gc             ] GC(69) Pause Young (Allocation Failure) 357M->171M(868M) 2.715ms
[20.737s][info][gc,cpu         ] GC(69) User=0.00s Sys=0.00s Real=0.00s
[20.797s][info][gc,start       ] GC(70) Pause Young (Allocation Failure)
[20.798s][info][gc,heap        ] GC(70) PSYoungGen: 189184K(189440K)->576K(185856K) Eden: 188416K(188416K)->0K(184832K) From: 768K(1024K)->576K(1024K)
[20.798s][info][gc,heap        ] GC(70) ParOldGen: 174567K(699392K)->174928K(699392K)
[20.798s][info][gc,metaspace   ] GC(70) Metaspace: 58785K(59712K)->58785K(59712K) NonClass: 51332K(51840K)->51332K(51840K) Class: 7453K(7872K)->7453K(7872K)
[20.798s][info][gc             ] GC(70) Pause Young (Allocation Failure) 355M->171M(864M) 1.102ms
[20.798s][info][gc,cpu         ] GC(70) User=0.00s Sys=0.00s Real=0.00s
[20.862s][info][gc,start       ] GC(71) Pause Young (Allocation Failure)
[20.863s][info][gc,heap        ] GC(71) PSYoungGen: 185408K(185856K)->128K(181760K) Eden: 184832K(184832K)->0K(181248K) From: 576K(1024K)->128K(512K)
[20.863s][info][gc,heap        ] GC(71) ParOldGen: 174928K(699392K)->175064K(699392K)
[20.863s][info][gc,metaspace   ] GC(71) Metaspace: 58785K(59712K)->58785K(59712K) NonClass: 51332K(51840K)->51332K(51840K) Class: 7453K(7872K)->7453K(7872K)
[20.863s][info][gc             ] GC(71) Pause Young (Allocation Failure) 351M->171M(860M) 0.979ms
[20.863s][info][gc,cpu         ] GC(71) User=0.00s Sys=0.00s Real=0.00s
[20.934s][info][gc,start       ] GC(72) Pause Young (Allocation Failure)
[20.934s][info][gc,heap        ] GC(72) PSYoungGen: 181376K(181760K)->288K(181248K) Eden: 181248K(181248K)->0K(177664K) From: 128K(512K)->288K(3584K)
[20.934s][info][gc,heap        ] GC(72) ParOldGen: 175064K(699392K)->175072K(699392K)
[20.934s][info][gc,metaspace   ] GC(72) Metaspace: 58785K(59712K)->58785K(59712K) NonClass: 51332K(51840K)->51332K(51840K) Class: 7453K(7872K)->7453K(7872K)
[20.934s][info][gc             ] GC(72) Pause Young (Allocation Failure) 348M->171M(860M) 0.692ms
[20.934s][info][gc,cpu         ] GC(72) User=0.00s Sys=0.00s Real=0.00s
[21.003s][info][gc,start       ] GC(73) Pause Young (Allocation Failure)
[21.005s][info][gc,heap        ] GC(73) PSYoungGen: 177952K(181248K)->224K(174592K) Eden: 177664K(177664K)->0K(174080K) From: 288K(3584K)->224K(512K)
[21.005s][info][gc,heap        ] GC(73) ParOldGen: 175072K(699392K)->175072K(699392K)
[21.005s][info][gc,metaspace   ] GC(73) Metaspace: 58785K(59712K)->58785K(59712K) NonClass: 51332K(51840K)->51332K(51840K) Class: 7453K(7872K)->7453K(7872K)
[21.005s][info][gc             ] GC(73) Pause Young (Allocation Failure) 344M->171M(853M) 1.869ms
[21.005s][info][gc,cpu         ] GC(73) User=0.00s Sys=0.00s Real=0.00s
[21.059s][info][gc,start       ] GC(74) Pause Young (Allocation Failure)
[21.060s][info][gc,heap        ] GC(74) PSYoungGen: 174304K(174592K)->320K(174080K) Eden: 174080K(174080K)->0K(171008K) From: 224K(512K)->320K(3072K)
[21.060s][info][gc,heap        ] GC(74) ParOldGen: 175072K(699392K)->175080K(699392K)
[21.060s][info][gc,metaspace   ] GC(74) Metaspace: 58785K(59712K)->58785K(59712K) NonClass: 51332K(51840K)->51332K(51840K) Class: 7453K(7872K)->7453K(7872K)
[21.060s][info][gc             ] GC(74) Pause Young (Allocation Failure) 341M->171M(853M) 0.591ms
[21.060s][info][gc,cpu         ] GC(74) User=0.00s Sys=0.00s Real=0.00s
[21.121s][info][gc,start       ] GC(75) Pause Young (Allocation Failure)
[21.122s][info][gc,heap        ] GC(75) PSYoungGen: 171328K(174080K)->288K(168448K) Eden: 171008K(171008K)->0K(167936K) From: 320K(3072K)->288K(512K)
[21.122s][info][gc,heap        ] GC(75) ParOldGen: 175080K(699392K)->175088K(699392K)
[21.122s][info][gc,metaspace   ] GC(75) Metaspace: 58785K(59712K)->58785K(59712K) NonClass: 51332K(51840K)->51332K(51840K) Class: 7453K(7872K)->7453K(7872K)
[21.122s][info][gc             ] GC(75) Pause Young (Allocation Failure) 338M->171M(847M) 0.960ms
[21.122s][info][gc,cpu         ] GC(75) User=0.00s Sys=0.00s Real=0.00s
[21.189s][info][gc,start       ] GC(76) Pause Young (Allocation Failure)
[21.190s][info][gc,heap        ] GC(76) PSYoungGen: 168224K(168448K)->352K(167936K) Eden: 167936K(167936K)->0K(164864K) From: 288K(512K)->352K(3072K)
[21.190s][info][gc,heap        ] GC(76) ParOldGen: 175088K(699392K)->175088K(699392K)
[21.190s][info][gc,metaspace   ] GC(76) Metaspace: 58785K(59712K)->58785K(59712K) NonClass: 51332K(51840K)->51332K(51840K) Class: 7453K(7872K)->7453K(7872K)
[21.190s][info][gc             ] GC(76) Pause Young (Allocation Failure) 335M->171M(847M) 0.563ms
[21.190s][info][gc,cpu         ] GC(76) User=0.00s Sys=0.00s Real=0.00s
[21.259s][info][gc,start       ] GC(77) Pause Young (Allocation Failure)
[21.260s][info][gc,heap        ] GC(77) PSYoungGen: 165216K(167936K)->256K(162304K) Eden: 164864K(164864K)->0K(161792K) From: 352K(3072K)->256K(512K)
[21.260s][info][gc,heap        ] GC(77) ParOldGen: 175088K(699392K)->175112K(699392K)
[21.260s][info][gc,metaspace   ] GC(77) Metaspace: 58785K(59712K)->58785K(59712K) NonClass: 51332K(51840K)->51332K(51840K) Class: 7453K(7872K)->7453K(7872K)
[21.261s][info][gc             ] GC(77) Pause Young (Allocation Failure) 332M->171M(841M) 1.835ms
[21.261s][info][gc,cpu         ] GC(77) User=0.00s Sys=0.00s Real=0.00s
[21.319s][info][gc,start       ] GC(78) Pause Young (Allocation Failure)
[21.320s][info][gc,heap        ] GC(78) PSYoungGen: 162048K(162304K)->224K(161280K) Eden: 161792K(161792K)->0K(158720K) From: 256K(512K)->224K(2560K)
[21.320s][info][gc,heap        ] GC(78) ParOldGen: 175112K(699392K)->175128K(699392K)
[21.320s][info][gc,metaspace   ] GC(78) Metaspace: 58785K(59712K)->58785K(59712K) NonClass: 51332K(51840K)->51332K(51840K) Class: 7453K(7872K)->7453K(7872K)
[21.320s][info][gc             ] GC(78) Pause Young (Allocation Failure) 329M->171M(840M) 0.559ms
[21.320s][info][gc,cpu         ] GC(78) User=0.00s Sys=0.00s Real=0.00s
[21.377s][info][gc,start       ] GC(79) Pause Young (Allocation Failure)
[21.379s][info][gc,heap        ] GC(79) PSYoungGen: 158944K(161280K)->288K(156672K) Eden: 158720K(158720K)->0K(156160K) From: 224K(2560K)->288K(512K)
[21.379s][info][gc,heap        ] GC(79) ParOldGen: 175128K(699392K)->175152K(699392K)
[21.379s][info][gc,metaspace   ] GC(79) Metaspace: 58785K(59712K)->58785K(59712K) NonClass: 51332K(51840K)->51332K(51840K) Class: 7453K(7872K)->7453K(7872K)
[21.379s][info][gc             ] GC(79) Pause Young (Allocation Failure) 326M->171M(836M) 1.763ms
[21.379s][info][gc,cpu         ] GC(79) User=0.00s Sys=0.00s Real=0.00s
[21.441s][info][gc,start       ] GC(80) Pause Young (System.gc())
[21.442s][info][gc,heap        ] GC(80) PSYoungGen: 75182K(156672K)->640K(158208K) Eden: 74894K(156160K)->0K(156160K) From: 288K(512K)->640K(2048K)
[21.442s][info][gc,heap        ] GC(80) ParOldGen: 175152K(699392K)->175160K(699392K)
[21.442s][info][gc,metaspace   ] GC(80) Metaspace: 58806K(59712K)->58806K(59712K) NonClass: 51352K(51840K)->51352K(51840K) Class: 7454K(7872K)->7454K(7872K)
[21.442s][info][gc             ] GC(80) Pause Young (System.gc()) 244M->171M(837M) 0.991ms
[21.442s][info][gc,cpu         ] GC(80) User=0.00s Sys=0.00s Real=0.00s
[21.442s][info][gc,start       ] GC(81) Pause Full (System.gc())
[21.442s][info][gc,phases,start] GC(81) Marking Phase
[21.538s][info][gc,phases      ] GC(81) Marking Phase 95.357ms
[21.538s][info][gc,phases,start] GC(81) Summary Phase
[21.538s][info][gc,phases      ] GC(81) Summary Phase 0.015ms
[21.538s][info][gc,phases,start] GC(81) Adjust Roots
[21.544s][info][gc,phases      ] GC(81) Adjust Roots 5.914ms
[21.544s][info][gc,phases,start] GC(81) Compaction Phase
[21.571s][info][gc,phases      ] GC(81) Compaction Phase 26.792ms
[21.571s][info][gc,phases,start] GC(81) Post Compact
[21.572s][info][gc,phases      ] GC(81) Post Compact 1.111ms
[21.572s][info][gc,heap        ] GC(81) PSYoungGen: 640K(158208K)->0K(158208K) Eden: 0K(156160K)->0K(156160K) From: 640K(2048K)->0K(2048K)
[21.572s][info][gc,heap        ] GC(81) ParOldGen: 175160K(699392K)->174605K(699392K)
[21.572s][info][gc,metaspace   ] GC(81) Metaspace: 58806K(59712K)->58806K(59712K) NonClass: 51352K(51840K)->51352K(51840K) Class: 7454K(7872K)->7454K(7872K)
[21.572s][info][gc             ] GC(81) Pause Full (System.gc()) 171M->170M(837M) 129.469ms
[21.572s][info][gc,cpu         ] GC(81) User=1.92s Sys=0.00s Real=0.13s
[21.699s][info][gc,start       ] GC(82) Pause Young (Allocation Failure)
[21.700s][info][gc,heap        ] GC(82) PSYoungGen: 156160K(158208K)->736K(154624K) Eden: 156160K(156160K)->0K(153600K) From: 0K(2048K)->736K(1024K)
[21.700s][info][gc,heap        ] GC(82) ParOldGen: 174605K(699392K)->174613K(699392K)
[21.700s][info][gc,metaspace   ] GC(82) Metaspace: 58856K(59776K)->58856K(59776K) NonClass: 51399K(51904K)->51399K(51904K) Class: 7457K(7872K)->7457K(7872K)
[21.700s][info][gc             ] GC(82) Pause Young (Allocation Failure) 323M->171M(834M) 1.139ms
[21.700s][info][gc,cpu         ] GC(82) User=0.00s Sys=0.00s Real=0.00s
[21.756s][info][gc,start       ] GC(83) Pause Young (Allocation Failure)
[21.757s][info][gc,heap        ] GC(83) PSYoungGen: 154336K(154624K)->544K(152064K) Eden: 153600K(153600K)->0K(151040K) From: 736K(1024K)->544K(1024K)
[21.757s][info][gc,heap        ] GC(83) ParOldGen: 174613K(699392K)->174996K(699392K)
[21.757s][info][gc,metaspace   ] GC(83) Metaspace: 58856K(59776K)->58856K(59776K) NonClass: 51399K(51904K)->51399K(51904K) Class: 7457K(7872K)->7457K(7872K)
[21.757s][info][gc             ] GC(83) Pause Young (Allocation Failure) 321M->171M(831M) 1.201ms
[21.757s][info][gc,cpu         ] GC(83) User=0.00s Sys=0.00s Real=0.00s
[21.818s][info][gc,start       ] GC(84) Pause Young (Allocation Failure)
[21.819s][info][gc,heap        ] GC(84) PSYoungGen: 151584K(152064K)->192K(148992K) Eden: 151040K(151040K)->0K(148480K) From: 544K(1024K)->192K(512K)
[21.819s][info][gc,heap        ] GC(84) ParOldGen: 174996K(699392K)->175140K(699392K)
[21.819s][info][gc,metaspace   ] GC(84) Metaspace: 58856K(59776K)->58856K(59776K) NonClass: 51399K(51904K)->51399K(51904K) Class: 7457K(7872K)->7457K(7872K)
[21.819s][info][gc             ] GC(84) Pause Young (Allocation Failure) 318M->171M(828M) 0.771ms
[21.819s][info][gc,cpu         ] GC(84) User=0.00s Sys=0.00s Real=0.00s
[21.879s][info][gc,start       ] GC(85) Pause Young (Allocation Failure)
[21.879s][info][gc,heap        ] GC(85) PSYoungGen: 148672K(148992K)->288K(147968K) Eden: 148480K(148480K)->0K(145920K) From: 192K(512K)->288K(2048K)
[21.879s][info][gc,heap        ] GC(85) ParOldGen: 175140K(699392K)->175148K(699392K)
[21.879s][info][gc,metaspace   ] GC(85) Metaspace: 58856K(59776K)->58856K(59776K) NonClass: 51399K(51904K)->51399K(51904K) Class: 7457K(7872K)->7457K(7872K)
[21.879s][info][gc             ] GC(85) Pause Young (Allocation Failure) 316M->171M(827M) 0.600ms
[21.879s][info][gc,cpu         ] GC(85) User=0.00s Sys=0.00s Real=0.00s
[21.938s][info][gc,start       ] GC(86) Pause Young (Allocation Failure)
[21.939s][info][gc,heap        ] GC(86) PSYoungGen: 146208K(147968K)->256K(143872K) Eden: 145920K(145920K)->0K(143360K) From: 288K(2048K)->256K(512K)
[21.939s][info][gc,heap        ] GC(86) ParOldGen: 175148K(699392K)->175148K(699392K)
[21.940s][info][gc,metaspace   ] GC(86) Metaspace: 58856K(59776K)->58856K(59776K) NonClass: 51399K(51904K)->51399K(51904K) Class: 7457K(7872K)->7457K(7872K)
[21.940s][info][gc             ] GC(86) Pause Young (Allocation Failure) 313M->171M(823M) 1.726ms
[21.940s][info][gc,cpu         ] GC(86) User=0.00s Sys=0.00s Real=0.00s
[21.984s][info][gc,start       ] GC(87) Pause Young (Allocation Failure)
[21.985s][info][gc,heap        ] GC(87) PSYoungGen: 143616K(143872K)->320K(142848K) Eden: 143360K(143360K)->0K(141312K) From: 256K(512K)->320K(1536K)
[21.985s][info][gc,heap        ] GC(87) ParOldGen: 175148K(699392K)->175156K(699392K)
[21.985s][info][gc,metaspace   ] GC(87) Metaspace: 58856K(59776K)->58856K(59776K) NonClass: 51399K(51904K)->51399K(51904K) Class: 7457K(7872K)->7457K(7872K)
[21.985s][info][gc             ] GC(87) Pause Young (Allocation Failure) 311M->171M(822M) 0.577ms
[21.985s][info][gc,cpu         ] GC(87) User=0.00s Sys=0.00s Real=0.00s
[22.036s][info][gc,start       ] GC(88) Pause Young (Allocation Failure)
[22.037s][info][gc,heap        ] GC(88) PSYoungGen: 141632K(142848K)->256K(139776K) Eden: 141312K(141312K)->0K(139264K) From: 320K(1536K)->256K(512K)
[22.037s][info][gc,heap        ] GC(88) ParOldGen: 175156K(699392K)->175172K(699392K)
[22.037s][info][gc,metaspace   ] GC(88) Metaspace: 58856K(59776K)->58856K(59776K) NonClass: 51399K(51904K)->51399K(51904K) Class: 7457K(7872K)->7457K(7872K)
[22.037s][info][gc             ] GC(88) Pause Young (Allocation Failure) 309M->171M(819M) 0.856ms
[22.037s][info][gc,cpu         ] GC(88) User=0.00s Sys=0.00s Real=0.00s
[22.088s][info][gc,start       ] GC(89) Pause Young (Allocation Failure)
[22.089s][info][gc,heap        ] GC(89) PSYoungGen: 139520K(139776K)->256K(138752K) Eden: 139264K(139264K)->0K(137216K) From: 256K(512K)->256K(1536K)
[22.089s][info][gc,heap        ] GC(89) ParOldGen: 175172K(699392K)->175180K(699392K)
[22.089s][info][gc,metaspace   ] GC(89) Metaspace: 58856K(59776K)->58856K(59776K) NonClass: 51399K(51904K)->51399K(51904K) Class: 7457K(7872K)->7457K(7872K)
[22.089s][info][gc             ] GC(89) Pause Young (Allocation Failure) 307M->171M(818M) 0.635ms
[22.089s][info][gc,cpu         ] GC(89) User=0.00s Sys=0.00s Real=0.00s
[22.146s][info][gc,start       ] GC(90) Pause Young (Allocation Failure)
[22.147s][info][gc,heap        ] GC(90) PSYoungGen: 137472K(138752K)->256K(135680K) Eden: 137216K(137216K)->0K(135168K) From: 256K(1536K)->256K(512K)
[22.147s][info][gc,heap        ] GC(90) ParOldGen: 175180K(699392K)->175196K(699392K)
[22.147s][info][gc,metaspace   ] GC(90) Metaspace: 58856K(59776K)->58856K(59776K) NonClass: 51399K(51904K)->51399K(51904K) Class: 7457K(7872K)->7457K(7872K)
[22.147s][info][gc             ] GC(90) Pause Young (Allocation Failure) 305M->171M(815M) 1.594ms
[22.147s][info][gc,cpu         ] GC(90) User=0.00s Sys=0.00s Real=0.00s
[22.189s][info][gc,start       ] GC(91) Pause Young (Allocation Failure)
[22.189s][info][gc,heap        ] GC(91) PSYoungGen: 135424K(135680K)->288K(134656K) Eden: 135168K(135168K)->0K(133120K) From: 256K(512K)->288K(1536K)
[22.190s][info][gc,heap        ] GC(91) ParOldGen: 175196K(699392K)->175212K(699392K)
[22.190s][info][gc,metaspace   ] GC(91) Metaspace: 58856K(59776K)->58856K(59776K) NonClass: 51399K(51904K)->51399K(51904K) Class: 7457K(7872K)->7457K(7872K)
[22.190s][info][gc             ] GC(91) Pause Young (Allocation Failure) 303M->171M(814M) 0.589ms
[22.190s][info][gc,cpu         ] GC(91) User=0.00s Sys=0.00s Real=0.00s
[22.238s][info][gc,start       ] GC(92) Pause Young (Allocation Failure)
[22.239s][info][gc,heap        ] GC(92) PSYoungGen: 133408K(134656K)->224K(131584K) Eden: 133120K(133120K)->0K(131072K) From: 288K(1536K)->224K(512K)
[22.239s][info][gc,heap        ] GC(92) ParOldGen: 175212K(699392K)->175228K(699392K)
[22.239s][info][gc,metaspace   ] GC(92) Metaspace: 58856K(59776K)->58856K(59776K) NonClass: 51399K(51904K)->51399K(51904K) Class: 7457K(7872K)->7457K(7872K)
[22.239s][info][gc             ] GC(92) Pause Young (Allocation Failure) 301M->171M(811M) 0.938ms
[22.239s][info][gc,cpu         ] GC(92) User=0.00s Sys=0.00s Real=0.00s
[22.287s][info][gc,start       ] GC(93) Pause Young (Allocation Failure)
[22.287s][info][gc,heap        ] GC(93) PSYoungGen: 131296K(131584K)->160K(130560K) Eden: 131072K(131072K)->0K(129024K) From: 224K(512K)->160K(1536K)
[22.287s][info][gc,heap        ] GC(93) ParOldGen: 175228K(699392K)->175244K(699392K)
[22.287s][info][gc,metaspace   ] GC(93) Metaspace: 58856K(59776K)->58856K(59776K) NonClass: 51399K(51904K)->51399K(51904K) Class: 7457K(7872K)->7457K(7872K)
[22.287s][info][gc             ] GC(93) Pause Young (Allocation Failure) 299M->171M(810M) 0.646ms
[22.287s][info][gc,cpu         ] GC(93) User=0.00s Sys=0.00s Real=0.00s
[22.336s][info][gc,start       ] GC(94) Pause Young (Allocation Failure)
[22.336s][info][gc,heap        ] GC(94) PSYoungGen: 129184K(130560K)->256K(127488K) Eden: 129024K(129024K)->0K(126976K) From: 160K(1536K)->256K(512K)
[22.336s][info][gc,heap        ] GC(94) ParOldGen: 175244K(699392K)->175260K(699392K)
[22.336s][info][gc,metaspace   ] GC(94) Metaspace: 58856K(59776K)->58856K(59776K) NonClass: 51399K(51904K)->51399K(51904K) Class: 7457K(7872K)->7457K(7872K)
[22.336s][info][gc             ] GC(94) Pause Young (Allocation Failure) 297M->171M(807M) 0.818ms
[22.336s][info][gc,cpu         ] GC(94) User=0.00s Sys=0.00s Real=0.00s
[22.390s][info][gc,start       ] GC(95) Pause Young (Allocation Failure)
[22.391s][info][gc,heap        ] GC(95) PSYoungGen: 127232K(127488K)->608K(125952K) Eden: 126976K(126976K)->0K(124928K) From: 256K(512K)->608K(1024K)
[22.391s][info][gc,heap        ] GC(95) ParOldGen: 175260K(699392K)->175276K(699392K)
[22.391s][info][gc,metaspace   ] GC(95) Metaspace: 58862K(59776K)->58862K(59776K) NonClass: 51405K(51904K)->51405K(51904K) Class: 7457K(7872K)->7457K(7872K)
[22.391s][info][gc             ] GC(95) Pause Young (Allocation Failure) 295M->171M(806M) 0.827ms
[22.391s][info][gc,cpu         ] GC(95) User=0.00s Sys=0.00s Real=0.00s
[22.434s][info][gc,start       ] GC(96) Pause Young (System.gc())
[22.435s][info][gc,heap        ] GC(96) PSYoungGen: 24864K(125952K)->608K(125952K) Eden: 24256K(124928K)->0K(124928K) From: 608K(1024K)->608K(1024K)
[22.435s][info][gc,heap        ] GC(96) ParOldGen: 175276K(699392K)->175412K(699392K)
[22.435s][info][gc,metaspace   ] GC(96) Metaspace: 58879K(59776K)->58879K(59776K) NonClass: 51422K(51904K)->51422K(51904K) Class: 7457K(7872K)->7457K(7872K)
[22.435s][info][gc             ] GC(96) Pause Young (System.gc()) 195M->171M(806M) 0.897ms
[22.435s][info][gc,cpu         ] GC(96) User=0.00s Sys=0.00s Real=0.00s
[22.435s][info][gc,start       ] GC(97) Pause Full (System.gc())
[22.435s][info][gc,phases,start] GC(97) Marking Phase
[22.534s][info][gc,phases      ] GC(97) Marking Phase 98.323ms
[22.534s][info][gc,phases,start] GC(97) Summary Phase
[22.534s][info][gc,phases      ] GC(97) Summary Phase 0.015ms
[22.534s][info][gc,phases,start] GC(97) Adjust Roots
[22.540s][info][gc,phases      ] GC(97) Adjust Roots 6.009ms
[22.540s][info][gc,phases,start] GC(97) Compaction Phase
[22.569s][info][gc,phases      ] GC(97) Compaction Phase 29.234ms
[22.569s][info][gc,phases,start] GC(97) Post Compact
[22.570s][info][gc,phases      ] GC(97) Post Compact 1.076ms
[22.570s][info][gc,heap        ] GC(97) PSYoungGen: 608K(125952K)->0K(125952K) Eden: 0K(124928K)->0K(124928K) From: 608K(1024K)->0K(1024K)
[22.570s][info][gc,heap        ] GC(97) ParOldGen: 175412K(699392K)->174651K(699392K)
[22.570s][info][gc,metaspace   ] GC(97) Metaspace: 58879K(59776K)->58879K(59776K) NonClass: 51422K(51904K)->51422K(51904K) Class: 7457K(7872K)->7457K(7872K)
[22.570s][info][gc             ] GC(97) Pause Full (System.gc()) 171M->170M(806M) 134.935ms
[22.570s][info][gc,cpu         ] GC(97) User=1.83s Sys=0.00s Real=0.13s
[22.694s][info][gc,start       ] GC(98) Pause Young (Allocation Failure)
[22.695s][info][gc,heap        ] GC(98) PSYoungGen: 124928K(125952K)->704K(124416K) Eden: 124928K(124928K)->0K(123392K) From: 0K(1024K)->704K(1024K)
[22.695s][info][gc,heap        ] GC(98) ParOldGen: 174651K(699392K)->174651K(699392K)
[22.695s][info][gc,metaspace   ] GC(98) Metaspace: 58919K(59840K)->58919K(59840K) NonClass: 51462K(51968K)->51462K(51968K) Class: 7457K(7872K)->7457K(7872K)
[22.695s][info][gc             ] GC(98) Pause Young (Allocation Failure) 292M->171M(804M) 1.120ms
[22.695s][info][gc,cpu         ] GC(98) User=0.00s Sys=0.00s Real=0.00s
[22.748s][info][gc,start       ] GC(99) Pause Young (Allocation Failure)
[22.748s][info][gc,heap        ] GC(99) PSYoungGen: 124096K(124416K)->480K(122368K) Eden: 123392K(123392K)->0K(121856K) From: 704K(1024K)->480K(512K)
[22.749s][info][gc,heap        ] GC(99) ParOldGen: 174651K(699392K)->175014K(699392K)
[22.749s][info][gc,metaspace   ] GC(99) Metaspace: 58919K(59840K)->58919K(59840K) NonClass: 51462K(51968K)->51462K(51968K) Class: 7457K(7872K)->7457K(7872K)
[22.749s][info][gc             ] GC(99) Pause Young (Allocation Failure) 291M->171M(802M) 0.966ms
[22.749s][info][gc,cpu         ] GC(99) User=0.00s Sys=0.00s Real=0.00s
[22.796s][info][gc,start       ] GC(100) Pause Young (Allocation Failure)
[22.797s][info][gc,heap        ] GC(100) PSYoungGen: 122336K(122368K)->192K(121856K) Eden: 121856K(121856K)->0K(120320K) From: 480K(512K)->192K(1536K)
[22.797s][info][gc,heap        ] GC(100) ParOldGen: 175014K(699392K)->175142K(699392K)
[22.797s][info][gc,metaspace   ] GC(100) Metaspace: 58919K(59840K)->58919K(59840K) NonClass: 51462K(51968K)->51462K(51968K) Class: 7457K(7872K)->7457K(7872K)
[22.797s][info][gc             ] GC(100) Pause Young (Allocation Failure) 290M->171M(802M) 0.694ms
[22.797s][info][gc,cpu         ] GC(100) User=0.00s Sys=0.00s Real=0.00s
[22.845s][info][gc,start       ] GC(101) Pause Young (Allocation Failure)
[22.847s][info][gc,heap        ] GC(101) PSYoungGen: 120512K(121856K)->256K(119296K) Eden: 120320K(120320K)->0K(118784K) From: 192K(1536K)->256K(512K)
[22.847s][info][gc,heap        ] GC(101) ParOldGen: 175142K(699392K)->175150K(699392K)
[22.847s][info][gc,metaspace   ] GC(101) Metaspace: 58919K(59840K)->58919K(59840K) NonClass: 51462K(51968K)->51462K(51968K) Class: 7457K(7872K)->7457K(7872K)
[22.847s][info][gc             ] GC(101) Pause Young (Allocation Failure) 288M->171M(799M) 1.556ms
[22.847s][info][gc,cpu         ] GC(101) User=0.00s Sys=0.00s Real=0.00s
[22.886s][info][gc,start       ] GC(102) Pause Young (Allocation Failure)
[22.886s][info][gc,heap        ] GC(102) PSYoungGen: 119040K(119296K)->320K(118272K) Eden: 118784K(118784K)->0K(117248K) From: 256K(512K)->320K(1024K)
[22.886s][info][gc,heap        ] GC(102) ParOldGen: 175150K(699392K)->175158K(699392K)
[22.886s][info][gc,metaspace   ] GC(102) Metaspace: 58919K(59840K)->58919K(59840K) NonClass: 51462K(51968K)->51462K(51968K) Class: 7457K(7872K)->7457K(7872K)
[22.886s][info][gc             ] GC(102) Pause Young (Allocation Failure) 287M->171M(798M) 0.645ms
[22.886s][info][gc,cpu         ] GC(102) User=0.00s Sys=0.00s Real=0.00s
[22.925s][info][gc,start       ] GC(103) Pause Young (Allocation Failure)
[22.926s][info][gc,heap        ] GC(103) PSYoungGen: 117568K(118272K)->288K(141312K) Eden: 117248K(117248K)->0K(140800K) From: 320K(1024K)->288K(512K)
[22.926s][info][gc,heap        ] GC(103) ParOldGen: 175158K(699392K)->175158K(699392K)
[22.926s][info][gc,metaspace   ] GC(103) Metaspace: 58919K(59840K)->58919K(59840K) NonClass: 51462K(51968K)->51462K(51968K) Class: 7457K(7872K)->7457K(7872K)
[22.926s][info][gc             ] GC(103) Pause Young (Allocation Failure) 285M->171M(821M) 0.910ms
[22.926s][info][gc,cpu         ] GC(103) User=0.00s Sys=0.00s Real=0.00s
[22.972s][info][gc,start       ] GC(104) Pause Young (Allocation Failure)
[22.972s][info][gc,heap        ] GC(104) PSYoungGen: 141088K(141312K)->256K(169984K) Eden: 140800K(140800K)->0K(168960K) From: 288K(512K)->256K(1024K)
[22.972s][info][gc,heap        ] GC(104) ParOldGen: 175158K(699392K)->175166K(699392K)
[22.972s][info][gc,metaspace   ] GC(104) Metaspace: 58919K(59840K)->58919K(59840K) NonClass: 51462K(51968K)->51462K(51968K) Class: 7457K(7872K)->7457K(7872K)
[22.972s][info][gc             ] GC(104) Pause Young (Allocation Failure) 308M->171M(849M) 0.583ms
[22.972s][info][gc,cpu         ] GC(104) User=0.00s Sys=0.00s Real=0.00s
[23.035s][info][gc,start       ] GC(105) Pause Young (Allocation Failure)
[23.035s][info][gc,heap        ] GC(105) PSYoungGen: 169216K(169984K)->224K(166400K) Eden: 168960K(168960K)->0K(165888K) From: 256K(1024K)->224K(512K)
[23.035s][info][gc,heap        ] GC(105) ParOldGen: 175166K(699392K)->175166K(699392K)
[23.036s][info][gc,metaspace   ] GC(105) Metaspace: 58919K(59840K)->58919K(59840K) NonClass: 51462K(51968K)->51462K(51968K) Class: 7457K(7872K)->7457K(7872K)
[23.036s][info][gc             ] GC(105) Pause Young (Allocation Failure) 336M->171M(845M) 0.930ms
[23.036s][info][gc,cpu         ] GC(105) User=0.00s Sys=0.00s Real=0.00s
[23.098s][info][gc,start       ] GC(106) Pause Young (Allocation Failure)
[23.098s][info][gc,heap        ] GC(106) PSYoungGen: 166112K(166400K)->192K(163840K) Eden: 165888K(165888K)->0K(162816K) From: 224K(512K)->192K(1024K)
[23.098s][info][gc,heap        ] GC(106) ParOldGen: 175166K(699392K)->175174K(699392K)
[23.098s][info][gc,metaspace   ] GC(106) Metaspace: 58919K(59840K)->58919K(59840K) NonClass: 51462K(51968K)->51462K(51968K) Class: 7457K(7872K)->7457K(7872K)
[23.098s][info][gc             ] GC(106) Pause Young (Allocation Failure) 333M->171M(843M) 0.611ms
[23.098s][info][gc,cpu         ] GC(106) User=0.00s Sys=0.00s Real=0.00s
[23.163s][info][gc,start       ] GC(107) Pause Young (Allocation Failure)
[23.164s][info][gc,heap        ] GC(107) PSYoungGen: 163008K(163840K)->224K(160256K) Eden: 162816K(162816K)->0K(159744K) From: 192K(1024K)->224K(512K)
[23.164s][info][gc,heap        ] GC(107) ParOldGen: 175174K(699392K)->175182K(699392K)
[23.164s][info][gc,metaspace   ] GC(107) Metaspace: 58919K(59840K)->58919K(59840K) NonClass: 51462K(51968K)->51462K(51968K) Class: 7457K(7872K)->7457K(7872K)
[23.164s][info][gc             ] GC(107) Pause Young (Allocation Failure) 330M->171M(839M) 0.741ms
[23.164s][info][gc,cpu         ] GC(107) User=0.00s Sys=0.00s Real=0.00s
[23.221s][info][gc,start       ] GC(108) Pause Young (Allocation Failure)
[23.221s][info][gc,heap        ] GC(108) PSYoungGen: 159968K(160256K)->288K(158208K) Eden: 159744K(159744K)->0K(157184K) From: 224K(512K)->288K(1024K)
[23.221s][info][gc,heap        ] GC(108) ParOldGen: 175182K(699392K)->175198K(699392K)
[23.221s][info][gc,metaspace   ] GC(108) Metaspace: 58919K(59840K)->58919K(59840K) NonClass: 51462K(51968K)->51462K(51968K) Class: 7457K(7872K)->7457K(7872K)
[23.222s][info][gc             ] GC(108) Pause Young (Allocation Failure) 327M->171M(837M) 0.730ms
[23.222s][info][gc,cpu         ] GC(108) User=0.00s Sys=0.00s Real=0.00s
[23.280s][info][gc,start       ] GC(109) Pause Young (Allocation Failure)
[23.281s][info][gc,heap        ] GC(109) PSYoungGen: 157472K(158208K)->256K(155136K) Eden: 157184K(157184K)->0K(154624K) From: 288K(1024K)->256K(512K)
[23.281s][info][gc,heap        ] GC(109) ParOldGen: 175198K(699392K)->175214K(699392K)
[23.281s][info][gc,metaspace   ] GC(109) Metaspace: 58919K(59840K)->58919K(59840K) NonClass: 51462K(51968K)->51462K(51968K) Class: 7457K(7872K)->7457K(7872K)
[23.281s][info][gc             ] GC(109) Pause Young (Allocation Failure) 324M->171M(834M) 0.795ms
[23.281s][info][gc,cpu         ] GC(109) User=0.00s Sys=0.00s Real=0.00s
[23.331s][info][gc,start       ] GC(110) Pause Young (Allocation Failure)
[23.332s][info][gc,heap        ] GC(110) PSYoungGen: 154880K(155136K)->320K(153088K) Eden: 154624K(154624K)->0K(152064K) From: 256K(512K)->320K(1024K)
[23.332s][info][gc,heap        ] GC(110) ParOldGen: 175214K(699392K)->175238K(699392K)
[23.332s][info][gc,metaspace   ] GC(110) Metaspace: 58919K(59840K)->58919K(59840K) NonClass: 51462K(51968K)->51462K(51968K) Class: 7457K(7872K)->7457K(7872K)
[23.332s][info][gc             ] GC(110) Pause Young (Allocation Failure) 322M->171M(832M) 0.593ms
[23.332s][info][gc,cpu         ] GC(110) User=0.00s Sys=0.00s Real=0.00s
[23.412s][info][gc,start       ] GC(111) Pause Young (Allocation Failure)
[23.413s][info][gc,heap        ] GC(111) PSYoungGen: 152384K(153088K)->608K(150528K) Eden: 152064K(152064K)->0K(149504K) From: 320K(1024K)->608K(1024K)
[23.413s][info][gc,heap        ] GC(111) ParOldGen: 175238K(699392K)->175254K(699392K)
[23.413s][info][gc,metaspace   ] GC(111) Metaspace: 58924K(59840K)->58924K(59840K) NonClass: 51467K(51968K)->51467K(51968K) Class: 7457K(7872K)->7457K(7872K)
[23.413s][info][gc             ] GC(111) Pause Young (Allocation Failure) 319M->171M(830M) 0.991ms
[23.413s][info][gc,cpu         ] GC(111) User=0.00s Sys=0.00s Real=0.00s
[23.442s][info][gc,start       ] GC(112) Pause Young (System.gc())
[23.443s][info][gc,heap        ] GC(112) PSYoungGen: 8580K(150528K)->608K(150528K) Eden: 7972K(149504K)->0K(149504K) From: 608K(1024K)->608K(1024K)
[23.443s][info][gc,heap        ] GC(112) ParOldGen: 175254K(699392K)->175390K(699392K)
[23.443s][info][gc,metaspace   ] GC(112) Metaspace: 58934K(59840K)->58934K(59840K) NonClass: 51476K(51968K)->51476K(51968K) Class: 7457K(7872K)->7457K(7872K)
[23.443s][info][gc             ] GC(112) Pause Young (System.gc()) 179M->171M(830M) 1.017ms
[23.443s][info][gc,cpu         ] GC(112) User=0.00s Sys=0.00s Real=0.00s
[23.443s][info][gc,start       ] GC(113) Pause Full (System.gc())
[23.443s][info][gc,phases,start] GC(113) Marking Phase
[23.540s][info][gc,phases      ] GC(113) Marking Phase 97.214ms
[23.540s][info][gc,phases,start] GC(113) Summary Phase
[23.540s][info][gc,phases      ] GC(113) Summary Phase 0.017ms
[23.540s][info][gc,phases,start] GC(113) Adjust Roots
[23.546s][info][gc,phases      ] GC(113) Adjust Roots 5.966ms
[23.546s][info][gc,phases,start] GC(113) Compaction Phase
[23.570s][info][gc,phases      ] GC(113) Compaction Phase 23.667ms
[23.570s][info][gc,phases,start] GC(113) Post Compact
[23.571s][info][gc,phases      ] GC(113) Post Compact 1.299ms
[23.571s][info][gc,heap        ] GC(113) PSYoungGen: 608K(150528K)->0K(150528K) Eden: 0K(149504K)->0K(149504K) From: 608K(1024K)->0K(1024K)
[23.571s][info][gc,heap        ] GC(113) ParOldGen: 175390K(699392K)->174695K(699392K)
[23.571s][info][gc,metaspace   ] GC(113) Metaspace: 58934K(59840K)->58934K(59840K) NonClass: 51476K(51968K)->51476K(51968K) Class: 7457K(7872K)->7457K(7872K)
[23.572s][info][gc             ] GC(113) Pause Full (System.gc()) 171M->170M(830M) 128.504ms
[23.572s][info][gc,cpu         ] GC(113) User=2.11s Sys=0.00s Real=0.14s
[23.673s][info][gc,start       ] GC(114) Pause Young (Allocation Failure)
[23.674s][info][gc,heap        ] GC(114) PSYoungGen: 149504K(150528K)->480K(147456K) Eden: 149504K(149504K)->0K(146944K) From: 0K(1024K)->480K(512K)
[23.674s][info][gc,heap        ] GC(114) ParOldGen: 174695K(699392K)->174802K(699392K)
[23.674s][info][gc,metaspace   ] GC(114) Metaspace: 58969K(59904K)->58969K(59904K) NonClass: 51510K(52032K)->51510K(52032K) Class: 7458K(7872K)->7458K(7872K)
[23.674s][info][gc             ] GC(114) Pause Young (Allocation Failure) 316M->171M(827M) 0.952ms
[23.674s][info][gc,cpu         ] GC(114) User=0.00s Sys=0.00s Real=0.00s
[23.727s][info][gc,start       ] GC(115) Pause Young (Allocation Failure)
[23.728s][info][gc,heap        ] GC(115) PSYoungGen: 147424K(147456K)->512K(145408K) Eden: 146944K(146944K)->0K(144384K) From: 480K(512K)->512K(1024K)
[23.728s][info][gc,heap        ] GC(115) ParOldGen: 174802K(699392K)->175095K(699392K)
[23.728s][info][gc,metaspace   ] GC(115) Metaspace: 58971K(59904K)->58971K(59904K) NonClass: 51512K(52032K)->51512K(52032K) Class: 7458K(7872K)->7458K(7872K)
[23.728s][info][gc             ] GC(115) Pause Young (Allocation Failure) 314M->171M(825M) 0.838ms
[23.728s][info][gc,cpu         ] GC(115) User=0.52s Sys=0.00s Real=0.02s
[23.773s][info][gc,start       ] GC(116) Pause Young (Allocation Failure)
[23.773s][info][gc,heap        ] GC(116) PSYoungGen: 144896K(145408K)->128K(142336K) Eden: 144384K(144384K)->0K(141824K) From: 512K(1024K)->128K(512K)
[23.773s][info][gc,heap        ] GC(116) ParOldGen: 175095K(699392K)->175247K(699392K)
[23.773s][info][gc,metaspace   ] GC(116) Metaspace: 58971K(59904K)->58971K(59904K) NonClass: 51512K(52032K)->51512K(52032K) Class: 7458K(7872K)->7458K(7872K)
[23.773s][info][gc             ] GC(116) Pause Young (Allocation Failure) 312M->171M(822M) 0.714ms
[23.773s][info][gc,cpu         ] GC(116) User=0.00s Sys=0.00s Real=0.00s
[23.825s][info][gc,start       ] GC(117) Pause Young (Allocation Failure)
[23.826s][info][gc,heap        ] GC(117) PSYoungGen: 141952K(142336K)->384K(140800K) Eden: 141824K(141824K)->0K(139776K) From: 128K(512K)->384K(1024K)
[23.826s][info][gc,heap        ] GC(117) ParOldGen: 175247K(699392K)->175247K(699392K)
[23.826s][info][gc,metaspace   ] GC(117) Metaspace: 58971K(59904K)->58971K(59904K) NonClass: 51512K(52032K)->51512K(52032K) Class: 7458K(7872K)->7458K(7872K)
[23.826s][info][gc             ] GC(117) Pause Young (Allocation Failure) 309M->171M(820M) 0.596ms
[23.826s][info][gc,cpu         ] GC(117) User=0.00s Sys=0.00s Real=0.00s
[23.884s][info][gc,start       ] GC(118) Pause Young (Allocation Failure)
[23.885s][info][gc,heap        ] GC(118) PSYoungGen: 140160K(140800K)->288K(138240K) Eden: 139776K(139776K)->0K(137728K) From: 384K(1024K)->288K(512K)
[23.885s][info][gc,heap        ] GC(118) ParOldGen: 175247K(699392K)->175263K(699392K)
[23.885s][info][gc,metaspace   ] GC(118) Metaspace: 58971K(59904K)->58971K(59904K) NonClass: 51512K(52032K)->51512K(52032K) Class: 7458K(7872K)->7458K(7872K)
[23.885s][info][gc             ] GC(118) Pause Young (Allocation Failure) 308M->171M(818M) 0.620ms
[23.885s][info][gc,cpu         ] GC(118) User=0.00s Sys=0.00s Real=0.00s
[23.935s][info][gc,start       ] GC(119) Pause Young (Allocation Failure)
[23.936s][info][gc,heap        ] GC(119) PSYoungGen: 138016K(138240K)->288K(136704K) Eden: 137728K(137728K)->0K(135680K) From: 288K(512K)->288K(1024K)
[23.936s][info][gc,heap        ] GC(119) ParOldGen: 175263K(699392K)->175263K(699392K)
[23.936s][info][gc,metaspace   ] GC(119) Metaspace: 58971K(59904K)->58971K(59904K) NonClass: 51512K(52032K)->51512K(52032K) Class: 7458K(7872K)->7458K(7872K)
[23.936s][info][gc             ] GC(119) Pause Young (Allocation Failure) 305M->171M(816M) 0.562ms
[23.936s][info][gc,cpu         ] GC(119) User=0.00s Sys=0.00s Real=0.00s
[23.985s][info][gc,start       ] GC(120) Pause Young (Allocation Failure)
[23.986s][info][gc,heap        ] GC(120) PSYoungGen: 135968K(136704K)->288K(134144K) Eden: 135680K(135680K)->0K(133632K) From: 288K(1024K)->288K(512K)
[23.986s][info][gc,heap        ] GC(120) ParOldGen: 175263K(699392K)->175279K(699392K)
[23.986s][info][gc,metaspace   ] GC(120) Metaspace: 58971K(59904K)->58971K(59904K) NonClass: 51512K(52032K)->51512K(52032K) Class: 7458K(7872K)->7458K(7872K)
[23.986s][info][gc             ] GC(120) Pause Young (Allocation Failure) 303M->171M(814M) 0.733ms
[23.986s][info][gc,cpu         ] GC(120) User=0.00s Sys=0.00s Real=0.00s
[24.035s][info][gc,start       ] GC(121) Pause Young (Allocation Failure)
[24.035s][info][gc,heap        ] GC(121) PSYoungGen: 133920K(134144K)->256K(132608K) Eden: 133632K(133632K)->0K(131584K) From: 288K(512K)->256K(1024K)
[24.035s][info][gc,heap        ] GC(121) ParOldGen: 175279K(699392K)->175295K(699392K)
[24.035s][info][gc,metaspace   ] GC(121) Metaspace: 58971K(59904K)->58971K(59904K) NonClass: 51512K(52032K)->51512K(52032K) Class: 7458K(7872K)->7458K(7872K)
[24.036s][info][gc             ] GC(121) Pause Young (Allocation Failure) 301M->171M(812M) 0.607ms
[24.036s][info][gc,cpu         ] GC(121) User=0.00s Sys=0.00s Real=0.00s
[24.084s][info][gc,start       ] GC(122) Pause Young (Allocation Failure)
[24.085s][info][gc,heap        ] GC(122) PSYoungGen: 131840K(132608K)->288K(130048K) Eden: 131584K(131584K)->0K(129536K) From: 256K(1024K)->288K(512K)
[24.085s][info][gc,heap        ] GC(122) ParOldGen: 175295K(699392K)->175311K(699392K)
[24.085s][info][gc,metaspace   ] GC(122) Metaspace: 58971K(59904K)->58971K(59904K) NonClass: 51512K(52032K)->51512K(52032K) Class: 7458K(7872K)->7458K(7872K)
[24.085s][info][gc             ] GC(122) Pause Young (Allocation Failure) 299M->171M(810M) 0.744ms
[24.085s][info][gc,cpu         ] GC(122) User=0.00s Sys=0.00s Real=0.00s
[24.141s][info][gc,start       ] GC(123) Pause Young (Allocation Failure)
[24.142s][info][gc,heap        ] GC(123) PSYoungGen: 129824K(130048K)->288K(128512K) Eden: 129536K(129536K)->0K(127488K) From: 288K(512K)->288K(1024K)
[24.142s][info][gc,heap        ] GC(123) ParOldGen: 175311K(699392K)->175327K(699392K)
[24.142s][info][gc,metaspace   ] GC(123) Metaspace: 58971K(59904K)->58971K(59904K) NonClass: 51512K(52032K)->51512K(52032K) Class: 7458K(7872K)->7458K(7872K)
[24.142s][info][gc             ] GC(123) Pause Young (Allocation Failure) 297M->171M(808M) 0.615ms
[24.142s][info][gc,cpu         ] GC(123) User=0.00s Sys=0.00s Real=0.00s
[24.194s][info][gc,start       ] GC(124) Pause Young (Allocation Failure)
[24.195s][info][gc,heap        ] GC(124) PSYoungGen: 127776K(128512K)->224K(125952K) Eden: 127488K(127488K)->0K(125440K) From: 288K(1024K)->224K(512K)
[24.195s][info][gc,heap        ] GC(124) ParOldGen: 175327K(699392K)->175351K(699392K)
[24.195s][info][gc,metaspace   ] GC(124) Metaspace: 58971K(59904K)->58971K(59904K) NonClass: 51512K(52032K)->51512K(52032K) Class: 7458K(7872K)->7458K(7872K)
[24.195s][info][gc             ] GC(124) Pause Young (Allocation Failure) 295M->171M(806M) 0.830ms
[24.195s][info][gc,cpu         ] GC(124) User=0.00s Sys=0.00s Real=0.00s
[24.242s][info][gc,start       ] GC(125) Pause Young (Allocation Failure)
[24.243s][info][gc,heap        ] GC(125) PSYoungGen: 125664K(125952K)->192K(124928K) Eden: 125440K(125440K)->0K(123904K) From: 224K(512K)->192K(1024K)
[24.243s][info][gc,heap        ] GC(125) ParOldGen: 175351K(699392K)->175367K(699392K)
[24.243s][info][gc,metaspace   ] GC(125) Metaspace: 58971K(59904K)->58971K(59904K) NonClass: 51512K(52032K)->51512K(52032K) Class: 7458K(7872K)->7458K(7872K)
[24.243s][info][gc             ] GC(125) Pause Young (Allocation Failure) 293M->171M(805M) 0.699ms
[24.243s][info][gc,cpu         ] GC(125) User=0.00s Sys=0.00s Real=0.00s
[24.281s][info][gc,start       ] GC(126) Pause Young (Allocation Failure)
[24.282s][info][gc,heap        ] GC(126) PSYoungGen: 124096K(124928K)->288K(122880K) Eden: 123904K(123904K)->0K(122368K) From: 192K(1024K)->288K(512K)
[24.282s][info][gc,heap        ] GC(126) ParOldGen: 175367K(699392K)->175391K(699392K)
[24.282s][info][gc,metaspace   ] GC(126) Metaspace: 58971K(59904K)->58971K(59904K) NonClass: 51512K(52032K)->51512K(52032K) Class: 7458K(7872K)->7458K(7872K)
[24.282s][info][gc             ] GC(126) Pause Young (Allocation Failure) 292M->171M(803M) 1.124ms
[24.282s][info][gc,cpu         ] GC(126) User=0.00s Sys=0.00s Real=0.00s
[24.320s][info][gc,start       ] GC(127) Pause Young (Allocation Failure)
[24.321s][info][gc,heap        ] GC(127) PSYoungGen: 122656K(122880K)->128K(147968K) Eden: 122368K(122368K)->0K(146944K) From: 288K(512K)->128K(1024K)
[24.321s][info][gc,heap        ] GC(127) ParOldGen: 175391K(699392K)->175407K(699392K)
[24.321s][info][gc,metaspace   ] GC(127) Metaspace: 58971K(59904K)->58971K(59904K) NonClass: 51512K(52032K)->51512K(52032K) Class: 7458K(7872K)->7458K(7872K)
[24.321s][info][gc             ] GC(127) Pause Young (Allocation Failure) 291M->171M(827M) 0.590ms
[24.321s][info][gc,cpu         ] GC(127) User=0.00s Sys=0.00s Real=0.00s
[24.407s][info][gc,start       ] GC(128) Pause Young (System.gc())
[24.408s][info][gc,heap        ] GC(128) PSYoungGen: 103235K(147968K)->608K(147968K) Eden: 103107K(146944K)->0K(146944K) From: 128K(1024K)->608K(1024K)
[24.408s][info][gc,heap        ] GC(128) ParOldGen: 175407K(699392K)->175423K(699392K)
[24.408s][info][gc,metaspace   ] GC(128) Metaspace: 58994K(59904K)->58994K(59904K) NonClass: 51535K(52032K)->51535K(52032K) Class: 7458K(7872K)->7458K(7872K)
[24.408s][info][gc             ] GC(128) Pause Young (System.gc()) 272M->171M(827M) 0.933ms
[24.408s][info][gc,cpu         ] GC(128) User=0.00s Sys=0.00s Real=0.00s
[24.408s][info][gc,start       ] GC(129) Pause Full (System.gc())
[24.408s][info][gc,phases,start] GC(129) Marking Phase
[24.509s][info][gc,phases      ] GC(129) Marking Phase 100.850ms
[24.581s][info][gc,phases,start] GC(129) Summary Phase
[24.581s][info][gc,phases      ] GC(129) Summary Phase 0.075ms
[24.581s][info][gc,phases,start] GC(129) Adjust Roots
[24.593s][info][gc,phases      ] GC(129) Adjust Roots 12.185ms
[24.593s][info][gc,phases,start] GC(129) Compaction Phase
[24.627s][info][gc,phases      ] GC(129) Compaction Phase 34.076ms
[24.627s][info][gc,phases,start] GC(129) Post Compact
[24.628s][info][gc,phases      ] GC(129) Post Compact 1.083ms
[24.628s][info][gc,heap        ] GC(129) PSYoungGen: 608K(147968K)->0K(147968K) Eden: 0K(146944K)->0K(146944K) From: 608K(1024K)->0K(1024K)
[24.628s][info][gc,heap        ] GC(129) ParOldGen: 175423K(699392K)->174741K(699392K)
[24.628s][info][gc,metaspace   ] GC(129) Metaspace: 58994K(59904K)->58994K(59904K) NonClass: 51535K(52032K)->51535K(52032K) Class: 7458K(7872K)->7458K(7872K)
[24.628s][info][gc             ] GC(129) Pause Full (System.gc()) 171M->170M(827M) 220.090ms
[24.628s][info][gc,cpu         ] GC(129) User=2.11s Sys=0.02s Real=0.22s
[24.749s][info][gc,start       ] GC(130) Pause Young (Allocation Failure)
[24.750s][info][gc,heap        ] GC(130) PSYoungGen: 146944K(147968K)->736K(145408K) Eden: 146944K(146944K)->0K(144384K) From: 0K(1024K)->736K(1024K)
[24.750s][info][gc,heap        ] GC(130) ParOldGen: 174741K(699392K)->174741K(699392K)
[24.750s][info][gc,metaspace   ] GC(130) Metaspace: 59028K(59904K)->59028K(59904K) NonClass: 51568K(52032K)->51568K(52032K) Class: 7460K(7872K)->7460K(7872K)
[24.750s][info][gc             ] GC(130) Pause Young (Allocation Failure) 314M->171M(825M) 0.859ms
[24.750s][info][gc,cpu         ] GC(130) User=0.00s Sys=0.00s Real=0.00s
[24.809s][info][gc,start       ] GC(131) Pause Young (Allocation Failure)
[24.810s][info][gc,heap        ] GC(131) PSYoungGen: 145120K(145408K)->512K(142336K) Eden: 144384K(144384K)->0K(141824K) From: 736K(1024K)->512K(512K)
[24.810s][info][gc,heap        ] GC(131) ParOldGen: 174741K(699392K)->175096K(699392K)
[24.810s][info][gc,metaspace   ] GC(131) Metaspace: 59028K(59904K)->59028K(59904K) NonClass: 51568K(52032K)->51568K(52032K) Class: 7460K(7872K)->7460K(7872K)
[24.810s][info][gc             ] GC(131) Pause Young (Allocation Failure) 312M->171M(822M) 0.818ms
[24.810s][info][gc,cpu         ] GC(131) User=0.00s Sys=0.00s Real=0.00s
[24.872s][info][gc,start       ] GC(132) Pause Young (Allocation Failure)
[24.872s][info][gc,heap        ] GC(132) PSYoungGen: 142336K(142336K)->256K(140800K) Eden: 141824K(141824K)->0K(139776K) From: 512K(512K)->256K(1024K)
[24.872s][info][gc,heap        ] GC(132) ParOldGen: 175096K(699392K)->175232K(699392K)
[24.872s][info][gc,metaspace   ] GC(132) Metaspace: 59028K(59904K)->59028K(59904K) NonClass: 51568K(52032K)->51568K(52032K) Class: 7460K(7872K)->7460K(7872K)
[24.872s][info][gc             ] GC(132) Pause Young (Allocation Failure) 309M->171M(820M) 0.598ms
[24.872s][info][gc,cpu         ] GC(132) User=0.00s Sys=0.00s Real=0.00s
[24.928s][info][gc,start       ] GC(133) Pause Young (Allocation Failure)
[24.928s][info][gc,heap        ] GC(133) PSYoungGen: 140032K(140800K)->352K(138240K) Eden: 139776K(139776K)->0K(137728K) From: 256K(1024K)->352K(512K)
[24.928s][info][gc,heap        ] GC(133) ParOldGen: 175232K(699392K)->175240K(699392K)
[24.928s][info][gc,metaspace   ] GC(133) Metaspace: 59028K(59904K)->59028K(59904K) NonClass: 51568K(52032K)->51568K(52032K) Class: 7460K(7872K)->7460K(7872K)
[24.928s][info][gc             ] GC(133) Pause Young (Allocation Failure) 307M->171M(818M) 0.846ms
[24.929s][info][gc,cpu         ] GC(133) User=0.00s Sys=0.00s Real=0.00s
[24.984s][info][gc,start       ] GC(134) Pause Young (Allocation Failure)
[24.985s][info][gc,heap        ] GC(134) PSYoungGen: 138080K(138240K)->320K(136704K) Eden: 137728K(137728K)->0K(135680K) From: 352K(512K)->320K(1024K)
[24.985s][info][gc,heap        ] GC(134) ParOldGen: 175240K(699392K)->175240K(699392K)
[24.985s][info][gc,metaspace   ] GC(134) Metaspace: 59028K(59904K)->59028K(59904K) NonClass: 51568K(52032K)->51568K(52032K) Class: 7460K(7872K)->7460K(7872K)
[24.985s][info][gc             ] GC(134) Pause Young (Allocation Failure) 305M->171M(816M) 0.594ms
[24.985s][info][gc,cpu         ] GC(134) User=0.00s Sys=0.00s Real=0.00s
[25.039s][info][gc,start       ] GC(135) Pause Young (Allocation Failure)
[25.039s][info][gc,heap        ] GC(135) PSYoungGen: 136000K(136704K)->288K(134144K) Eden: 135680K(135680K)->0K(133632K) From: 320K(1024K)->288K(512K)
[25.039s][info][gc,heap        ] GC(135) ParOldGen: 175240K(699392K)->175248K(699392K)
[25.040s][info][gc,metaspace   ] GC(135) Metaspace: 59028K(59904K)->59028K(59904K) NonClass: 51568K(52032K)->51568K(52032K) Class: 7460K(7872K)->7460K(7872K)
[25.040s][info][gc             ] GC(135) Pause Young (Allocation Failure) 303M->171M(814M) 1.028ms
[25.040s][info][gc,cpu         ] GC(135) User=0.00s Sys=0.00s Real=0.00s
[25.094s][info][gc,start       ] GC(136) Pause Young (Allocation Failure)
[25.095s][info][gc,heap        ] GC(136) PSYoungGen: 133920K(134144K)->352K(132608K) Eden: 133632K(133632K)->0K(131584K) From: 288K(512K)->352K(1024K)
[25.095s][info][gc,heap        ] GC(136) ParOldGen: 175248K(699392K)->175256K(699392K)
[25.095s][info][gc,metaspace   ] GC(136) Metaspace: 59028K(59904K)->59028K(59904K) NonClass: 51568K(52032K)->51568K(52032K) Class: 7460K(7872K)->7460K(7872K)
[25.095s][info][gc             ] GC(136) Pause Young (Allocation Failure) 301M->171M(812M) 0.667ms
[25.095s][info][gc,cpu         ] GC(136) User=0.14s Sys=0.05s Real=0.01s
[25.140s][info][gc,start       ] GC(137) Pause Young (Allocation Failure)
[25.141s][info][gc,heap        ] GC(137) PSYoungGen: 131936K(132608K)->256K(130048K) Eden: 131584K(131584K)->0K(129536K) From: 352K(1024K)->256K(512K)
[25.141s][info][gc,heap        ] GC(137) ParOldGen: 175256K(699392K)->175272K(699392K)
[25.141s][info][gc,metaspace   ] GC(137) Metaspace: 59028K(59904K)->59028K(59904K) NonClass: 51568K(52032K)->51568K(52032K) Class: 7460K(7872K)->7460K(7872K)
[25.142s][info][gc             ] GC(137) Pause Young (Allocation Failure) 299M->171M(810M) 1.072ms
[25.142s][info][gc,cpu         ] GC(137) User=0.00s Sys=0.02s Real=0.02s
[25.194s][info][gc,start       ] GC(138) Pause Young (Allocation Failure)
[25.195s][info][gc,heap        ] GC(138) PSYoungGen: 129792K(130048K)->288K(128512K) Eden: 129536K(129536K)->0K(127488K) From: 256K(512K)->288K(1024K)
[25.195s][info][gc,heap        ] GC(138) ParOldGen: 175272K(699392K)->175288K(699392K)
[25.195s][info][gc,metaspace   ] GC(138) Metaspace: 59028K(59904K)->59028K(59904K) NonClass: 51568K(52032K)->51568K(52032K) Class: 7460K(7872K)->7460K(7872K)
[25.195s][info][gc             ] GC(138) Pause Young (Allocation Failure) 297M->171M(808M) 0.672ms
[25.195s][info][gc,cpu         ] GC(138) User=0.00s Sys=0.00s Real=0.00s
[25.245s][info][gc,start       ] GC(139) Pause Young (Allocation Failure)
[25.246s][info][gc,heap        ] GC(139) PSYoungGen: 127776K(128512K)->288K(125952K) Eden: 127488K(127488K)->0K(125440K) From: 288K(1024K)->288K(512K)
[25.246s][info][gc,heap        ] GC(139) ParOldGen: 175288K(699392K)->175304K(699392K)
[25.246s][info][gc,metaspace   ] GC(139) Metaspace: 59028K(59904K)->59028K(59904K) NonClass: 51568K(52032K)->51568K(52032K) Class: 7460K(7872K)->7460K(7872K)
[25.246s][info][gc             ] GC(139) Pause Young (Allocation Failure) 295M->171M(806M) 1.148ms
[25.247s][info][gc,cpu         ] GC(139) User=0.00s Sys=0.00s Real=0.00s
[25.290s][info][gc,start       ] GC(140) Pause Young (Allocation Failure)
[25.291s][info][gc,heap        ] GC(140) PSYoungGen: 125728K(125952K)->256K(124928K) Eden: 125440K(125440K)->0K(123904K) From: 288K(512K)->256K(1024K)
[25.291s][info][gc,heap        ] GC(140) ParOldGen: 175304K(699392K)->175320K(699392K)
[25.291s][info][gc,metaspace   ] GC(140) Metaspace: 59028K(59904K)->59028K(59904K) NonClass: 51568K(52032K)->51568K(52032K) Class: 7460K(7872K)->7460K(7872K)
[25.291s][info][gc             ] GC(140) Pause Young (Allocation Failure) 293M->171M(805M) 0.608ms
[25.291s][info][gc,cpu         ] GC(140) User=0.00s Sys=0.00s Real=0.00s
[25.342s][info][gc,start       ] GC(141) Pause Young (Allocation Failure)
[25.343s][info][gc,heap        ] GC(141) PSYoungGen: 124160K(124928K)->288K(122880K) Eden: 123904K(123904K)->0K(122368K) From: 256K(1024K)->288K(512K)
[25.343s][info][gc,heap        ] GC(141) ParOldGen: 175320K(699392K)->175336K(699392K)
[25.343s][info][gc,metaspace   ] GC(141) Metaspace: 59028K(59904K)->59028K(59904K) NonClass: 51568K(52032K)->51568K(52032K) Class: 7460K(7872K)->7460K(7872K)
[25.343s][info][gc             ] GC(141) Pause Young (Allocation Failure) 292M->171M(803M) 0.955ms
[25.343s][info][gc,cpu         ] GC(141) User=0.00s Sys=0.00s Real=0.00s
[25.394s][info][gc,start       ] GC(142) Pause Young (Allocation Failure)
[25.394s][info][gc,heap        ] GC(142) PSYoungGen: 122656K(122880K)->256K(121856K) Eden: 122368K(122368K)->0K(120832K) From: 288K(512K)->256K(1024K)
[25.394s][info][gc,heap        ] GC(142) ParOldGen: 175336K(699392K)->175360K(699392K)
[25.394s][info][gc,metaspace   ] GC(142) Metaspace: 59028K(59904K)->59028K(59904K) NonClass: 51568K(52032K)->51568K(52032K) Class: 7460K(7872K)->7460K(7872K)
[25.395s][info][gc             ] GC(142) Pause Young (Allocation Failure) 291M->171M(802M) 0.681ms
[25.395s][info][gc,cpu         ] GC(142) User=0.00s Sys=0.00s Real=0.00s
[25.438s][info][gc,start       ] GC(143) Pause Young (Allocation Failure)
[25.439s][info][gc,heap        ] GC(143) PSYoungGen: 121088K(121856K)->416K(145920K) Eden: 120832K(120832K)->0K(145408K) From: 256K(1024K)->416K(512K)
[25.439s][info][gc,heap        ] GC(143) ParOldGen: 175360K(699392K)->175376K(699392K)
[25.439s][info][gc,metaspace   ] GC(143) Metaspace: 59029K(59904K)->59029K(59904K) NonClass: 51569K(52032K)->51569K(52032K) Class: 7460K(7872K)->7460K(7872K)
[25.439s][info][gc             ] GC(143) Pause Young (Allocation Failure) 289M->171M(825M) 1.327ms
[25.439s][info][gc,cpu         ] GC(143) User=0.00s Sys=0.41s Real=0.02s
[25.560s][info][gc,start       ] GC(144) Pause Young (System.gc())
[25.561s][info][gc,heap        ] GC(144) PSYoungGen: 132184K(145920K)->608K(146432K) Eden: 131768K(145408K)->0K(145408K) From: 416K(512K)->608K(1024K)
[25.561s][info][gc,heap        ] GC(144) ParOldGen: 175376K(699392K)->175400K(699392K)
[25.561s][info][gc,metaspace   ] GC(144) Metaspace: 59066K(59968K)->59066K(59968K) NonClass: 51606K(52096K)->51606K(52096K) Class: 7460K(7872K)->7460K(7872K)
[25.561s][info][gc             ] GC(144) Pause Young (System.gc()) 300M->171M(826M) 0.930ms
[25.561s][info][gc,cpu         ] GC(144) User=0.00s Sys=0.00s Real=0.00s
[25.561s][info][gc,start       ] GC(145) Pause Full (System.gc())
[25.561s][info][gc,phases,start] GC(145) Marking Phase
[25.662s][info][gc,phases      ] GC(145) Marking Phase 101.297ms
[25.662s][info][gc,phases,start] GC(145) Summary Phase
[25.662s][info][gc,phases      ] GC(145) Summary Phase 0.014ms
[25.662s][info][gc,phases,start] GC(145) Adjust Roots
[25.668s][info][gc,phases      ] GC(145) Adjust Roots 5.413ms
[25.668s][info][gc,phases,start] GC(145) Compaction Phase
[25.689s][info][gc,phases      ] GC(145) Compaction Phase 21.321ms
[25.689s][info][gc,phases,start] GC(145) Post Compact
[25.690s][info][gc,phases      ] GC(145) Post Compact 1.065ms
[25.690s][info][gc,heap        ] GC(145) PSYoungGen: 608K(146432K)->0K(146432K) Eden: 0K(145408K)->0K(145408K) From: 608K(1024K)->0K(1024K)
[25.690s][info][gc,heap        ] GC(145) ParOldGen: 175400K(699392K)->174776K(699392K)
[25.690s][info][gc,metaspace   ] GC(145) Metaspace: 59066K(59968K)->59066K(59968K) NonClass: 51606K(52096K)->51606K(52096K) Class: 7460K(7872K)->7460K(7872K)
[25.690s][info][gc             ] GC(145) Pause Full (System.gc()) 171M->170M(826M) 129.405ms
[25.690s][info][gc,cpu         ] GC(145) User=2.39s Sys=0.00s Real=0.14s
[25.791s][info][gc,start       ] GC(146) Pause Young (Allocation Failure)
[25.792s][info][gc,heap        ] GC(146) PSYoungGen: 145408K(146432K)->736K(143872K) Eden: 145408K(145408K)->0K(142848K) From: 0K(1024K)->736K(1024K)
[25.792s][info][gc,heap        ] GC(146) ParOldGen: 174776K(699392K)->174784K(699392K)
[25.792s][info][gc,metaspace   ] GC(146) Metaspace: 59098K(59968K)->59098K(59968K) NonClass: 51637K(52096K)->51637K(52096K) Class: 7461K(7872K)->7461K(7872K)
[25.792s][info][gc             ] GC(146) Pause Young (Allocation Failure) 312M->171M(823M) 0.882ms
[25.792s][info][gc,cpu         ] GC(146) User=0.00s Sys=0.00s Real=0.00s
[25.836s][info][gc,start       ] GC(147) Pause Young (Allocation Failure)
[25.837s][info][gc,heap        ] GC(147) PSYoungGen: 143584K(143872K)->480K(141312K) Eden: 142848K(142848K)->0K(140800K) From: 736K(1024K)->480K(512K)
[25.837s][info][gc,heap        ] GC(147) ParOldGen: 174784K(699392K)->175139K(699392K)
[25.837s][info][gc,metaspace   ] GC(147) Metaspace: 59105K(59968K)->59105K(59968K) NonClass: 51643K(52096K)->51643K(52096K) Class: 7461K(7872K)->7461K(7872K)
[25.837s][info][gc             ] GC(147) Pause Young (Allocation Failure) 310M->171M(821M) 0.947ms
[25.837s][info][gc,cpu         ] GC(147) User=0.00s Sys=0.00s Real=0.00s
[25.888s][info][gc,start       ] GC(148) Pause Young (Allocation Failure)
[25.889s][info][gc,heap        ] GC(148) PSYoungGen: 141280K(141312K)->128K(139264K) Eden: 140800K(140800K)->0K(138752K) From: 480K(512K)->128K(512K)
[25.889s][info][gc,heap        ] GC(148) ParOldGen: 175139K(699392K)->175283K(699392K)
[25.889s][info][gc,metaspace   ] GC(148) Metaspace: 59105K(59968K)->59105K(59968K) NonClass: 51643K(52096K)->51643K(52096K) Class: 7461K(7872K)->7461K(7872K)
[25.889s][info][gc             ] GC(148) Pause Young (Allocation Failure) 309M->171M(819M) 0.780ms
[25.889s][info][gc,cpu         ] GC(148) User=0.00s Sys=0.00s Real=0.00s
[25.939s][info][gc,start       ] GC(149) Pause Young (Allocation Failure)
[25.939s][info][gc,heap        ] GC(149) PSYoungGen: 138880K(139264K)->320K(137728K) Eden: 138752K(138752K)->0K(136704K) From: 128K(512K)->320K(1024K)
[25.939s][info][gc,heap        ] GC(149) ParOldGen: 175283K(699392K)->175283K(699392K)
[25.939s][info][gc,metaspace   ] GC(149) Metaspace: 59105K(59968K)->59105K(59968K) NonClass: 51643K(52096K)->51643K(52096K) Class: 7461K(7872K)->7461K(7872K)
[25.939s][info][gc             ] GC(149) Pause Young (Allocation Failure) 306M->171M(817M) 0.742ms
[25.939s][info][gc,cpu         ] GC(149) User=0.00s Sys=0.00s Real=0.00s
[25.988s][info][gc,start       ] GC(150) Pause Young (Allocation Failure)
[25.989s][info][gc,heap        ] GC(150) PSYoungGen: 137024K(137728K)->192K(164864K) Eden: 136704K(136704K)->0K(164352K) From: 320K(1024K)->192K(512K)
[25.989s][info][gc,heap        ] GC(150) ParOldGen: 175283K(699392K)->175291K(699392K)
[25.989s][info][gc,metaspace   ] GC(150) Metaspace: 59105K(59968K)->59105K(59968K) NonClass: 51643K(52096K)->51643K(52096K) Class: 7461K(7872K)->7461K(7872K)
[25.989s][info][gc             ] GC(150) Pause Young (Allocation Failure) 304M->171M(844M) 0.877ms
[25.989s][info][gc,cpu         ] GC(150) User=0.02s Sys=0.00s Real=0.02s
[26.040s][info][gc,start       ] GC(151) Pause Young (Allocation Failure)
[26.040s][info][gc,heap        ] GC(151) PSYoungGen: 164544K(164864K)->288K(162304K) Eden: 164352K(164352K)->0K(161280K) From: 192K(512K)->288K(1024K)
[26.040s][info][gc,heap        ] GC(151) ParOldGen: 175291K(699392K)->175291K(699392K)
[26.040s][info][gc,metaspace   ] GC(151) Metaspace: 59105K(59968K)->59105K(59968K) NonClass: 51643K(52096K)->51643K(52096K) Class: 7461K(7872K)->7461K(7872K)
[26.040s][info][gc             ] GC(151) Pause Young (Allocation Failure) 331M->171M(841M) 0.719ms
[26.040s][info][gc,cpu         ] GC(151) User=0.00s Sys=0.00s Real=0.00s
[26.093s][info][gc,start       ] GC(152) Pause Young (Allocation Failure)
[26.094s][info][gc,heap        ] GC(152) PSYoungGen: 161568K(162304K)->256K(159232K) Eden: 161280K(161280K)->0K(158720K) From: 288K(1024K)->256K(512K)
[26.094s][info][gc,heap        ] GC(152) ParOldGen: 175291K(699392K)->175307K(699392K)
[26.094s][info][gc,metaspace   ] GC(152) Metaspace: 59105K(59968K)->59105K(59968K) NonClass: 51643K(52096K)->51643K(52096K) Class: 7461K(7872K)->7461K(7872K)
[26.094s][info][gc             ] GC(152) Pause Young (Allocation Failure) 328M->171M(838M) 1.230ms
[26.094s][info][gc,cpu         ] GC(152) User=0.00s Sys=0.00s Real=0.00s
[26.144s][info][gc,start       ] GC(153) Pause Young (Allocation Failure)
[26.145s][info][gc,heap        ] GC(153) PSYoungGen: 158976K(159232K)->288K(157184K) Eden: 158720K(158720K)->0K(156160K) From: 256K(512K)->288K(1024K)
[26.145s][info][gc,heap        ] GC(153) ParOldGen: 175307K(699392K)->175315K(699392K)
[26.145s][info][gc,metaspace   ] GC(153) Metaspace: 59105K(59968K)->59105K(59968K) NonClass: 51643K(52096K)->51643K(52096K) Class: 7461K(7872K)->7461K(7872K)
[26.145s][info][gc             ] GC(153) Pause Young (Allocation Failure) 326M->171M(836M) 0.606ms
[26.145s][info][gc,cpu         ] GC(153) User=0.02s Sys=0.00s Real=0.02s
[26.202s][info][gc,start       ] GC(154) Pause Young (Allocation Failure)
[26.203s][info][gc,heap        ] GC(154) PSYoungGen: 156448K(157184K)->256K(154112K) Eden: 156160K(156160K)->0K(153600K) From: 288K(1024K)->256K(512K)
[26.203s][info][gc,heap        ] GC(154) ParOldGen: 175315K(699392K)->175331K(699392K)
[26.203s][info][gc,metaspace   ] GC(154) Metaspace: 59105K(59968K)->59105K(59968K) NonClass: 51643K(52096K)->51643K(52096K) Class: 7461K(7872K)->7461K(7872K)
[26.203s][info][gc             ] GC(154) Pause Young (Allocation Failure) 323M->171M(833M) 1.233ms
[26.203s][info][gc,cpu         ] GC(154) User=0.00s Sys=0.00s Real=0.00s
[26.259s][info][gc,start       ] GC(155) Pause Young (Allocation Failure)
[26.259s][info][gc,heap        ] GC(155) PSYoungGen: 153856K(154112K)->288K(152064K) Eden: 153600K(153600K)->0K(151040K) From: 256K(512K)->288K(1024K)
[26.259s][info][gc,heap        ] GC(155) ParOldGen: 175331K(699392K)->175347K(699392K)
[26.259s][info][gc,metaspace   ] GC(155) Metaspace: 59105K(59968K)->59105K(59968K) NonClass: 51643K(52096K)->51643K(52096K) Class: 7461K(7872K)->7461K(7872K)
[26.259s][info][gc             ] GC(155) Pause Young (Allocation Failure) 321M->171M(831M) 0.663ms
[26.259s][info][gc,cpu         ] GC(155) User=0.00s Sys=0.00s Real=0.00s
[26.306s][info][gc,start       ] GC(156) Pause Young (Allocation Failure)
[26.307s][info][gc,heap        ] GC(156) PSYoungGen: 151328K(152064K)->160K(148992K) Eden: 151040K(151040K)->0K(148480K) From: 288K(1024K)->160K(512K)
[26.307s][info][gc,heap        ] GC(156) ParOldGen: 175347K(699392K)->175371K(699392K)
[26.307s][info][gc,metaspace   ] GC(156) Metaspace: 59105K(59968K)->59105K(59968K) NonClass: 51643K(52096K)->51643K(52096K) Class: 7461K(7872K)->7461K(7872K)
[26.307s][info][gc             ] GC(156) Pause Young (Allocation Failure) 319M->171M(828M) 1.313ms
[26.307s][info][gc,cpu         ] GC(156) User=0.00s Sys=0.00s Real=0.00s
[26.352s][info][gc,start       ] GC(157) Pause Young (Allocation Failure)
[26.353s][info][gc,heap        ] GC(157) PSYoungGen: 148640K(148992K)->320K(146944K) Eden: 148480K(148480K)->0K(145920K) From: 160K(512K)->320K(1024K)
[26.353s][info][gc,heap        ] GC(157) ParOldGen: 175371K(699392K)->175387K(699392K)
[26.353s][info][gc,metaspace   ] GC(157) Metaspace: 59105K(59968K)->59105K(59968K) NonClass: 51643K(52096K)->51643K(52096K) Class: 7461K(7872K)->7461K(7872K)
[26.353s][info][gc             ] GC(157) Pause Young (Allocation Failure) 316M->171M(826M) 0.681ms
[26.353s][info][gc,cpu         ] GC(157) User=0.00s Sys=0.00s Real=0.00s
[26.398s][info][gc,start       ] GC(158) Pause Young (Allocation Failure)
[26.399s][info][gc,heap        ] GC(158) PSYoungGen: 146240K(146944K)->224K(143872K) Eden: 145920K(145920K)->0K(143360K) From: 320K(1024K)->224K(512K)
[26.399s][info][gc,heap        ] GC(158) ParOldGen: 175387K(699392K)->175411K(699392K)
[26.399s][info][gc,metaspace   ] GC(158) Metaspace: 59105K(59968K)->59105K(59968K) NonClass: 51643K(52096K)->51643K(52096K) Class: 7461K(7872K)->7461K(7872K)
[26.399s][info][gc             ] GC(158) Pause Young (Allocation Failure) 314M->171M(823M) 1.181ms
[26.399s][info][gc,cpu         ] GC(158) User=0.00s Sys=0.00s Real=0.00s
[26.443s][info][gc,start       ] GC(159) Pause Young (System.gc())
[26.443s][info][gc,heap        ] GC(159) PSYoungGen: 50157K(143872K)->608K(144384K) Eden: 49933K(143360K)->0K(143360K) From: 224K(512K)->608K(1024K)
[26.443s][info][gc,heap        ] GC(159) ParOldGen: 175411K(699392K)->175427K(699392K)
[26.443s][info][gc,metaspace   ] GC(159) Metaspace: 59112K(59968K)->59112K(59968K) NonClass: 51650K(52096K)->51650K(52096K) Class: 7461K(7872K)->7461K(7872K)
[26.443s][info][gc             ] GC(159) Pause Young (System.gc()) 220M->171M(824M) 0.957ms
[26.444s][info][gc,cpu         ] GC(159) User=0.00s Sys=0.00s Real=0.00s
[26.444s][info][gc,start       ] GC(160) Pause Full (System.gc())
[26.444s][info][gc,phases,start] GC(160) Marking Phase
[26.546s][info][gc,phases      ] GC(160) Marking Phase 101.783ms
[26.546s][info][gc,phases,start] GC(160) Summary Phase
[26.546s][info][gc,phases      ] GC(160) Summary Phase 0.015ms
[26.546s][info][gc,phases,start] GC(160) Adjust Roots
[26.552s][info][gc,phases      ] GC(160) Adjust Roots 6.416ms
[26.552s][info][gc,phases,start] GC(160) Compaction Phase
[26.578s][info][gc,phases      ] GC(160) Compaction Phase 25.505ms
[26.578s][info][gc,phases,start] GC(160) Post Compact
[26.579s][info][gc,phases      ] GC(160) Post Compact 0.985ms
[26.579s][info][gc,heap        ] GC(160) PSYoungGen: 608K(144384K)->0K(144384K) Eden: 0K(143360K)->0K(143360K) From: 608K(1024K)->0K(1024K)
[26.579s][info][gc,heap        ] GC(160) ParOldGen: 175427K(699392K)->174816K(699392K)
[26.579s][info][gc,metaspace   ] GC(160) Metaspace: 59112K(59968K)->59112K(59968K) NonClass: 51650K(52096K)->51650K(52096K) Class: 7461K(7872K)->7461K(7872K)
[26.579s][info][gc             ] GC(160) Pause Full (System.gc()) 171M->170M(824M) 134.958ms
[26.579s][info][gc,cpu         ] GC(160) User=1.97s Sys=0.00s Real=0.13s
[26.701s][info][gc,start       ] GC(161) Pause Young (Allocation Failure)
[26.702s][info][gc,heap        ] GC(161) PSYoungGen: 143360K(144384K)->704K(142336K) Eden: 143360K(143360K)->0K(141312K) From: 0K(1024K)->704K(1024K)
[26.702s][info][gc,heap        ] GC(161) ParOldGen: 174816K(699392K)->174816K(699392K)
[26.702s][info][gc,metaspace   ] GC(161) Metaspace: 59141K(60032K)->59141K(60032K) NonClass: 51678K(52160K)->51678K(52160K) Class: 7462K(7872K)->7462K(7872K)
[26.702s][info][gc             ] GC(161) Pause Young (Allocation Failure) 310M->171M(822M) 0.886ms
[26.702s][info][gc,cpu         ] GC(161) User=0.00s Sys=0.00s Real=0.00s
[26.759s][info][gc,start       ] GC(162) Pause Young (Allocation Failure)
[26.760s][info][gc,heap        ] GC(162) PSYoungGen: 142016K(142336K)->544K(140288K) Eden: 141312K(141312K)->0K(139264K) From: 704K(1024K)->544K(1024K)
[26.760s][info][gc,heap        ] GC(162) ParOldGen: 174816K(699392K)->175181K(699392K)
[26.760s][info][gc,metaspace   ] GC(162) Metaspace: 59141K(60032K)->59141K(60032K) NonClass: 51678K(52160K)->51678K(52160K) Class: 7462K(7872K)->7462K(7872K)
[26.760s][info][gc             ] GC(162) Pause Young (Allocation Failure) 309M->171M(820M) 0.860ms
[26.760s][info][gc,cpu         ] GC(162) User=0.00s Sys=0.00s Real=0.00s
[26.809s][info][gc,start       ] GC(163) Pause Young (Allocation Failure)
[26.809s][info][gc,heap        ] GC(163) PSYoungGen: 139808K(140288K)->128K(137728K) Eden: 139264K(139264K)->0K(137216K) From: 544K(1024K)->128K(512K)
[26.809s][info][gc,heap        ] GC(163) ParOldGen: 175181K(699392K)->175309K(699392K)
[26.809s][info][gc,metaspace   ] GC(163) Metaspace: 59141K(60032K)->59141K(60032K) NonClass: 51678K(52160K)->51678K(52160K) Class: 7462K(7872K)->7462K(7872K)
[26.809s][info][gc             ] GC(163) Pause Young (Allocation Failure) 307M->171M(817M) 0.609ms
[26.809s][info][gc,cpu         ] GC(163) User=0.00s Sys=0.00s Real=0.00s
[26.856s][info][gc,start       ] GC(164) Pause Young (Allocation Failure)
[26.857s][info][gc,heap        ] GC(164) PSYoungGen: 137344K(137728K)->320K(136192K) Eden: 137216K(137216K)->0K(135168K) From: 128K(512K)->320K(1024K)
[26.857s][info][gc,heap        ] GC(164) ParOldGen: 175309K(699392K)->175317K(699392K)
[26.857s][info][gc,metaspace   ] GC(164) Metaspace: 59141K(60032K)->59141K(60032K) NonClass: 51678K(52160K)->51678K(52160K) Class: 7462K(7872K)->7462K(7872K)
[26.857s][info][gc             ] GC(164) Pause Young (Allocation Failure) 305M->171M(816M) 0.721ms
[26.857s][info][gc,cpu         ] GC(164) User=0.00s Sys=0.00s Real=0.00s
[26.904s][info][gc,start       ] GC(165) Pause Young (Allocation Failure)
[26.905s][info][gc,heap        ] GC(165) PSYoungGen: 135488K(136192K)->256K(133632K) Eden: 135168K(135168K)->0K(133120K) From: 320K(1024K)->256K(512K)
[26.905s][info][gc,heap        ] GC(165) ParOldGen: 175317K(699392K)->175325K(699392K)
[26.905s][info][gc,metaspace   ] GC(165) Metaspace: 59141K(60032K)->59141K(60032K) NonClass: 51678K(52160K)->51678K(52160K) Class: 7462K(7872K)->7462K(7872K)
[26.905s][info][gc             ] GC(165) Pause Young (Allocation Failure) 303M->171M(813M) 0.694ms
[26.905s][info][gc,cpu         ] GC(165) User=0.00s Sys=0.00s Real=0.00s
[26.956s][info][gc,start       ] GC(166) Pause Young (Allocation Failure)
[26.957s][info][gc,heap        ] GC(166) PSYoungGen: 133376K(133632K)->320K(132096K) Eden: 133120K(133120K)->0K(131072K) From: 256K(512K)->320K(1024K)
[26.957s][info][gc,heap        ] GC(166) ParOldGen: 175325K(699392K)->175325K(699392K)
[26.957s][info][gc,metaspace   ] GC(166) Metaspace: 59141K(60032K)->59141K(60032K) NonClass: 51678K(52160K)->51678K(52160K) Class: 7462K(7872K)->7462K(7872K)
[26.957s][info][gc             ] GC(166) Pause Young (Allocation Failure) 301M->171M(812M) 0.577ms
[26.957s][info][gc,cpu         ] GC(166) User=0.00s Sys=0.00s Real=0.00s
[27.009s][info][gc,start       ] GC(167) Pause Young (Allocation Failure)
[27.010s][info][gc,heap        ] GC(167) PSYoungGen: 131392K(132096K)->256K(129536K) Eden: 131072K(131072K)->0K(129024K) From: 320K(1024K)->256K(512K)
[27.010s][info][gc,heap        ] GC(167) ParOldGen: 175325K(699392K)->175341K(699392K)
[27.010s][info][gc,metaspace   ] GC(167) Metaspace: 59141K(60032K)->59141K(60032K) NonClass: 51678K(52160K)->51678K(52160K) Class: 7462K(7872K)->7462K(7872K)
[27.010s][info][gc             ] GC(167) Pause Young (Allocation Failure) 299M->171M(809M) 0.900ms
[27.010s][info][gc,cpu         ] GC(167) User=0.00s Sys=0.00s Real=0.00s
[27.062s][info][gc,start       ] GC(168) Pause Young (Allocation Failure)
[27.063s][info][gc,heap        ] GC(168) PSYoungGen: 129280K(129536K)->192K(128000K) Eden: 129024K(129024K)->0K(126976K) From: 256K(512K)->192K(1024K)
[27.063s][info][gc,heap        ] GC(168) ParOldGen: 175341K(699392K)->175349K(699392K)
[27.063s][info][gc,metaspace   ] GC(168) Metaspace: 59141K(60032K)->59141K(60032K) NonClass: 51678K(52160K)->51678K(52160K) Class: 7462K(7872K)->7462K(7872K)
[27.063s][info][gc             ] GC(168) Pause Young (Allocation Failure) 297M->171M(808M) 0.592ms
[27.063s][info][gc,cpu         ] GC(168) User=0.00s Sys=0.00s Real=0.00s
[27.120s][info][gc,start       ] GC(169) Pause Young (Allocation Failure)
[27.121s][info][gc,heap        ] GC(169) PSYoungGen: 127168K(128000K)->256K(125440K) Eden: 126976K(126976K)->0K(124928K) From: 192K(1024K)->256K(512K)
[27.121s][info][gc,heap        ] GC(169) ParOldGen: 175349K(699392K)->175373K(699392K)
[27.121s][info][gc,metaspace   ] GC(169) Metaspace: 59141K(60032K)->59141K(60032K) NonClass: 51678K(52160K)->51678K(52160K) Class: 7462K(7872K)->7462K(7872K)
[27.121s][info][gc             ] GC(169) Pause Young (Allocation Failure) 295M->171M(805M) 0.935ms
[27.121s][info][gc,cpu         ] GC(169) User=0.00s Sys=0.00s Real=0.00s
[27.172s][info][gc,start       ] GC(170) Pause Young (Allocation Failure)
[27.173s][info][gc,heap        ] GC(170) PSYoungGen: 125184K(125440K)->608K(151040K) Eden: 124928K(124928K)->0K(150016K) From: 256K(512K)->608K(1024K)
[27.173s][info][gc,heap        ] GC(170) ParOldGen: 175373K(699392K)->175389K(699392K)
[27.173s][info][gc,metaspace   ] GC(170) Metaspace: 59453K(60288K)->59453K(60288K) NonClass: 51944K(52416K)->51944K(52416K) Class: 7509K(7872K)->7509K(7872K)
[27.173s][info][gc             ] GC(170) Pause Young (Allocation Failure) 293M->171M(830M) 1.313ms
[27.173s][info][gc,cpu         ] GC(170) User=0.00s Sys=0.00s Real=0.00s
[27.231s][info][gc,start       ] GC(171) Pause Young (Allocation Failure)
[27.232s][info][gc,heap        ] GC(171) PSYoungGen: 150624K(151040K)->608K(179712K) Eden: 150016K(150016K)->0K(178688K) From: 608K(1024K)->608K(1024K)
[27.232s][info][gc,heap        ] GC(171) ParOldGen: 175389K(699392K)->175549K(699392K)
[27.232s][info][gc,metaspace   ] GC(171) Metaspace: 59560K(60480K)->59560K(60480K) NonClass: 52029K(52544K)->52029K(52544K) Class: 7531K(7936K)->7531K(7936K)
[27.232s][info][gc             ] GC(171) Pause Young (Allocation Failure) 318M->172M(858M) 1.165ms
[27.232s][info][gc,cpu         ] GC(171) User=0.02s Sys=0.00s Real=0.01s
[27.301s][info][gc,start       ] GC(172) Pause Young (Allocation Failure)
[27.302s][info][gc,heap        ] GC(172) PSYoungGen: 179296K(179712K)->640K(179712K) Eden: 178688K(178688K)->0K(178688K) From: 608K(1024K)->640K(1024K)
[27.302s][info][gc,heap        ] GC(172) ParOldGen: 175549K(699392K)->175709K(699392K)
[27.302s][info][gc,metaspace   ] GC(172) Metaspace: 59610K(60480K)->59610K(60480K) NonClass: 52064K(52544K)->52064K(52544K) Class: 7545K(7936K)->7545K(7936K)
[27.302s][info][gc             ] GC(172) Pause Young (Allocation Failure) 346M->172M(858M) 0.913ms
[27.302s][info][gc,cpu         ] GC(172) User=0.00s Sys=0.00s Real=0.00s
[27.371s][info][gc,start       ] GC(173) Pause Young (Allocation Failure)
[27.371s][info][gc,heap        ] GC(173) PSYoungGen: 179328K(179712K)->160K(215552K) Eden: 178688K(178688K)->0K(214528K) From: 640K(1024K)->160K(1024K)
[27.371s][info][gc,heap        ] GC(173) ParOldGen: 175709K(699392K)->175869K(699392K)
[27.371s][info][gc,metaspace   ] GC(173) Metaspace: 59610K(60480K)->59610K(60480K) NonClass: 52064K(52544K)->52064K(52544K) Class: 7545K(7936K)->7545K(7936K)
[27.371s][info][gc             ] GC(173) Pause Young (Allocation Failure) 346M->171M(893M) 0.767ms
[27.371s][info][gc,cpu         ] GC(173) User=0.00s Sys=0.00s Real=0.00s
[27.461s][info][gc,start       ] GC(174) Pause Young (System.gc())
[27.462s][info][gc,heap        ] GC(174) PSYoungGen: 147546K(215552K)->672K(215552K) Eden: 147386K(214528K)->0K(214528K) From: 160K(1024K)->672K(1024K)
[27.462s][info][gc,heap        ] GC(174) ParOldGen: 175869K(699392K)->175893K(699392K)
[27.462s][info][gc,metaspace   ] GC(174) Metaspace: 59645K(60544K)->59645K(60544K) NonClass: 52100K(52608K)->52100K(52608K) Class: 7545K(7936K)->7545K(7936K)
[27.462s][info][gc             ] GC(174) Pause Young (System.gc()) 315M->172M(893M) 0.950ms
[27.462s][info][gc,cpu         ] GC(174) User=0.00s Sys=0.00s Real=0.00s
[27.462s][info][gc,start       ] GC(175) Pause Full (System.gc())
[27.462s][info][gc,phases,start] GC(175) Marking Phase
[27.562s][info][gc,phases      ] GC(175) Marking Phase 99.660ms
[27.562s][info][gc,phases,start] GC(175) Summary Phase
[27.562s][info][gc,phases      ] GC(175) Summary Phase 0.015ms
[27.562s][info][gc,phases,start] GC(175) Adjust Roots
[27.569s][info][gc,phases      ] GC(175) Adjust Roots 7.209ms
[27.569s][info][gc,phases,start] GC(175) Compaction Phase
[27.595s][info][gc,phases      ] GC(175) Compaction Phase 25.411ms
[27.595s][info][gc,phases,start] GC(175) Post Compact
[27.596s][info][gc,phases      ] GC(175) Post Compact 1.186ms
[27.596s][info][gc,heap        ] GC(175) PSYoungGen: 672K(215552K)->0K(215552K) Eden: 0K(214528K)->0K(214528K) From: 672K(1024K)->0K(1024K)
[27.596s][info][gc,heap        ] GC(175) ParOldGen: 175893K(699392K)->174921K(699392K)
[27.596s][info][gc,metaspace   ] GC(175) Metaspace: 59645K(60544K)->59645K(60544K) NonClass: 52100K(52608K)->52100K(52608K) Class: 7545K(7936K)->7545K(7936K)
[27.596s][info][gc             ] GC(175) Pause Full (System.gc()) 172M->170M(893M) 133.733ms
[27.596s][info][gc,cpu         ] GC(175) User=2.31s Sys=0.00s Real=0.13s
[27.730s][info][gc,start       ] GC(176) Pause Young (Allocation Failure)
[27.731s][info][gc,heap        ] GC(176) PSYoungGen: 214528K(215552K)->768K(210944K) Eden: 214528K(214528K)->0K(209920K) From: 0K(1024K)->768K(1024K)
[27.731s][info][gc,heap        ] GC(176) ParOldGen: 174921K(699392K)->174929K(699392K)
[27.731s][info][gc,metaspace   ] GC(176) Metaspace: 59661K(60544K)->59661K(60544K) NonClass: 52115K(52608K)->52115K(52608K) Class: 7545K(7936K)->7545K(7936K)
[27.731s][info][gc             ] GC(176) Pause Young (Allocation Failure) 380M->171M(889M) 1.019ms
[27.731s][info][gc,cpu         ] GC(176) User=0.00s Sys=0.00s Real=0.00s
[27.804s][info][gc,start       ] GC(177) Pause Young (Allocation Failure)
[27.805s][info][gc,heap        ] GC(177) PSYoungGen: 210688K(210944K)->544K(206336K) Eden: 209920K(209920K)->0K(205312K) From: 768K(1024K)->544K(1024K)
[27.805s][info][gc,heap        ] GC(177) ParOldGen: 174929K(699392K)->175297K(699392K)
[27.805s][info][gc,metaspace   ] GC(177) Metaspace: 59662K(60544K)->59662K(60544K) NonClass: 52116K(52608K)->52116K(52608K) Class: 7545K(7936K)->7545K(7936K)
[27.805s][info][gc             ] GC(177) Pause Young (Allocation Failure) 376M->171M(884M) 1.041ms
[27.805s][info][gc,cpu         ] GC(177) User=0.00s Sys=0.00s Real=0.00s
[27.868s][info][gc,start       ] GC(178) Pause Young (Allocation Failure)
[27.868s][info][gc,heap        ] GC(178) PSYoungGen: 205856K(206336K)->224K(201728K) Eden: 205312K(205312K)->0K(201216K) From: 544K(1024K)->224K(512K)
[27.868s][info][gc,heap        ] GC(178) ParOldGen: 175297K(699392K)->175449K(699392K)
[27.868s][info][gc,metaspace   ] GC(178) Metaspace: 59662K(60544K)->59662K(60544K) NonClass: 52116K(52608K)->52116K(52608K) Class: 7545K(7936K)->7545K(7936K)
[27.868s][info][gc             ] GC(178) Pause Young (Allocation Failure) 372M->171M(880M) 0.685ms
[27.869s][info][gc,cpu         ] GC(178) User=0.00s Sys=0.00s Real=0.00s
[27.930s][info][gc,start       ] GC(179) Pause Young (Allocation Failure)
[27.931s][info][gc,heap        ] GC(179) PSYoungGen: 201440K(201728K)->320K(198144K) Eden: 201216K(201216K)->0K(197120K) From: 224K(512K)->320K(1024K)
[27.931s][info][gc,heap        ] GC(179) ParOldGen: 175449K(699392K)->175457K(699392K)
[27.931s][info][gc,metaspace   ] GC(179) Metaspace: 59662K(60544K)->59662K(60544K) NonClass: 52116K(52608K)->52116K(52608K) Class: 7545K(7936K)->7545K(7936K)
[27.931s][info][gc             ] GC(179) Pause Young (Allocation Failure) 368M->171M(876M) 0.677ms
[27.931s][info][gc,cpu         ] GC(179) User=0.00s Sys=0.00s Real=0.00s
[27.991s][info][gc,start       ] GC(180) Pause Young (Allocation Failure)
[27.992s][info][gc,heap        ] GC(180) PSYoungGen: 197440K(198144K)->288K(193536K) Eden: 197120K(197120K)->0K(193024K) From: 320K(1024K)->288K(512K)
[27.992s][info][gc,heap        ] GC(180) ParOldGen: 175457K(699392K)->175457K(699392K)
[27.992s][info][gc,metaspace   ] GC(180) Metaspace: 59662K(60544K)->59662K(60544K) NonClass: 52116K(52608K)->52116K(52608K) Class: 7545K(7936K)->7545K(7936K)
[27.992s][info][gc             ] GC(180) Pause Young (Allocation Failure) 364M->171M(872M) 0.792ms
[27.992s][info][gc,cpu         ] GC(180) User=0.00s Sys=0.00s Real=0.00s
[28.051s][info][gc,start       ] GC(181) Pause Young (Allocation Failure)
[28.052s][info][gc,heap        ] GC(181) PSYoungGen: 193312K(193536K)->224K(190464K) Eden: 193024K(193024K)->0K(189440K) From: 288K(512K)->224K(1024K)
[28.052s][info][gc,heap        ] GC(181) ParOldGen: 175457K(699392K)->175481K(699392K)
[28.052s][info][gc,metaspace   ] GC(181) Metaspace: 59662K(60544K)->59662K(60544K) NonClass: 52116K(52608K)->52116K(52608K) Class: 7545K(7936K)->7545K(7936K)
[28.052s][info][gc             ] GC(181) Pause Young (Allocation Failure) 360M->171M(869M) 0.691ms
[28.052s][info][gc,cpu         ] GC(181) User=0.02s Sys=0.00s Real=0.01s
[28.110s][info][gc,start       ] GC(182) Pause Young (Allocation Failure)
[28.111s][info][gc,heap        ] GC(182) PSYoungGen: 189664K(190464K)->288K(186368K) Eden: 189440K(189440K)->0K(185856K) From: 224K(1024K)->288K(512K)
[28.111s][info][gc,heap        ] GC(182) ParOldGen: 175481K(699392K)->175481K(699392K)
[28.111s][info][gc,metaspace   ] GC(182) Metaspace: 59662K(60544K)->59662K(60544K) NonClass: 52116K(52608K)->52116K(52608K) Class: 7545K(7936K)->7545K(7936K)
[28.111s][info][gc             ] GC(182) Pause Young (Allocation Failure) 356M->171M(865M) 0.647ms
[28.111s][info][gc,cpu         ] GC(182) User=0.00s Sys=0.00s Real=0.00s
[28.174s][info][gc,start       ] GC(183) Pause Young (Allocation Failure)
[28.175s][info][gc,heap        ] GC(183) PSYoungGen: 186144K(186368K)->288K(183296K) Eden: 185856K(185856K)->0K(182272K) From: 288K(512K)->288K(1024K)
[28.175s][info][gc,heap        ] GC(183) ParOldGen: 175481K(699392K)->175489K(699392K)
[28.175s][info][gc,metaspace   ] GC(183) Metaspace: 59662K(60544K)->59662K(60544K) NonClass: 52116K(52608K)->52116K(52608K) Class: 7545K(7936K)->7545K(7936K)
[28.175s][info][gc             ] GC(183) Pause Young (Allocation Failure) 353M->171M(862M) 0.691ms
[28.175s][info][gc,cpu         ] GC(183) User=0.00s Sys=0.00s Real=0.00s
[28.241s][info][gc,start       ] GC(184) Pause Young (Allocation Failure)
[28.242s][info][gc,heap        ] GC(184) PSYoungGen: 182560K(183296K)->288K(179200K) Eden: 182272K(182272K)->0K(178688K) From: 288K(1024K)->288K(512K)
[28.242s][info][gc,heap        ] GC(184) ParOldGen: 175489K(699392K)->175505K(699392K)
[28.242s][info][gc,metaspace   ] GC(184) Metaspace: 59662K(60544K)->59662K(60544K) NonClass: 52116K(52608K)->52116K(52608K) Class: 7545K(7936K)->7545K(7936K)
[28.242s][info][gc             ] GC(184) Pause Young (Allocation Failure) 349M->171M(858M) 0.715ms
[28.242s][info][gc,cpu         ] GC(184) User=0.00s Sys=0.00s Real=0.00s
[28.304s][info][gc,start       ] GC(185) Pause Young (Allocation Failure)
[28.304s][info][gc,heap        ] GC(185) PSYoungGen: 178976K(179200K)->320K(176128K) Eden: 178688K(178688K)->0K(175104K) From: 288K(512K)->320K(1024K)
[28.304s][info][gc,heap        ] GC(185) ParOldGen: 175505K(699392K)->175521K(699392K)
[28.304s][info][gc,metaspace   ] GC(185) Metaspace: 59662K(60544K)->59662K(60544K) NonClass: 52116K(52608K)->52116K(52608K) Class: 7545K(7936K)->7545K(7936K)
[28.304s][info][gc             ] GC(185) Pause Young (Allocation Failure) 346M->171M(855M) 0.610ms
[28.304s][info][gc,cpu         ] GC(185) User=0.00s Sys=0.00s Real=0.00s
[28.341s][info][gc,start       ] GC(186) Pause Young (System.gc())
[28.342s][info][gc,heap        ] GC(186) PSYoungGen: 32455K(176128K)->640K(176128K) Eden: 32135K(175104K)->0K(175104K) From: 320K(1024K)->640K(1024K)
[28.342s][info][gc,heap        ] GC(186) ParOldGen: 175521K(699392K)->175553K(699392K)
[28.342s][info][gc,metaspace   ] GC(186) Metaspace: 59701K(60544K)->59701K(60544K) NonClass: 52154K(52608K)->52154K(52608K) Class: 7547K(7936K)->7547K(7936K)
[28.342s][info][gc             ] GC(186) Pause Young (System.gc()) 203M->172M(855M) 0.839ms
[28.342s][info][gc,cpu         ] GC(186) User=0.00s Sys=0.00s Real=0.00s
[28.342s][info][gc,start       ] GC(187) Pause Full (System.gc())
[28.342s][info][gc,phases,start] GC(187) Marking Phase
[28.436s][info][gc,phases      ] GC(187) Marking Phase 94.336ms
[28.436s][info][gc,phases,start] GC(187) Summary Phase
[28.436s][info][gc,phases      ] GC(187) Summary Phase 0.016ms
[28.436s][info][gc,phases,start] GC(187) Adjust Roots
[28.443s][info][gc,phases      ] GC(187) Adjust Roots 6.658ms
[28.443s][info][gc,phases,start] GC(187) Compaction Phase
[28.465s][info][gc,phases      ] GC(187) Compaction Phase 22.197ms
[28.465s][info][gc,phases,start] GC(187) Post Compact
[28.466s][info][gc,phases      ] GC(187) Post Compact 0.985ms
[28.466s][info][gc,heap        ] GC(187) PSYoungGen: 640K(176128K)->0K(176128K) Eden: 0K(175104K)->0K(175104K) From: 640K(1024K)->0K(1024K)
[28.466s][info][gc,heap        ] GC(187) ParOldGen: 175553K(699392K)->174958K(699392K)
[28.466s][info][gc,metaspace   ] GC(187) Metaspace: 59701K(60544K)->59701K(60544K) NonClass: 52154K(52608K)->52154K(52608K) Class: 7547K(7936K)->7547K(7936K)
[28.466s][info][gc             ] GC(187) Pause Full (System.gc()) 172M->170M(855M) 124.481ms
[28.466s][info][gc,cpu         ] GC(187) User=1.91s Sys=0.00s Real=0.13s
[28.586s][info][gc,start       ] GC(188) Pause Young (Allocation Failure)
[28.587s][info][gc,heap        ] GC(188) PSYoungGen: 175104K(176128K)->768K(173056K) Eden: 175104K(175104K)->0K(172032K) From: 0K(1024K)->768K(1024K)
[28.587s][info][gc,heap        ] GC(188) ParOldGen: 174958K(699392K)->174966K(699392K)
[28.587s][info][gc,metaspace   ] GC(188) Metaspace: 59740K(60608K)->59740K(60608K) NonClass: 52193K(52672K)->52193K(52672K) Class: 7547K(7936K)->7547K(7936K)
[28.587s][info][gc             ] GC(188) Pause Young (Allocation Failure) 341M->171M(852M) 1.102ms
[28.587s][info][gc,cpu         ] GC(188) User=0.00s Sys=0.00s Real=0.00s
[28.641s][info][gc,start       ] GC(189) Pause Young (Allocation Failure)
[28.642s][info][gc,heap        ] GC(189) PSYoungGen: 172800K(173056K)->512K(169472K) Eden: 172032K(172032K)->0K(168960K) From: 768K(1024K)->512K(512K)
[28.642s][info][gc,heap        ] GC(189) ParOldGen: 174966K(699392K)->175343K(699392K)
[28.642s][info][gc,metaspace   ] GC(189) Metaspace: 59740K(60608K)->59740K(60608K) NonClass: 52193K(52672K)->52193K(52672K) Class: 7547K(7936K)->7547K(7936K)
[28.642s][info][gc             ] GC(189) Pause Young (Allocation Failure) 339M->171M(848M) 0.827ms
[28.642s][info][gc,cpu         ] GC(189) User=0.00s Sys=0.00s Real=0.00s
[28.698s][info][gc,start       ] GC(190) Pause Young (Allocation Failure)
[28.699s][info][gc,heap        ] GC(190) PSYoungGen: 169472K(169472K)->224K(166912K) Eden: 168960K(168960K)->0K(165888K) From: 512K(512K)->224K(1024K)
[28.699s][info][gc,heap        ] GC(190) ParOldGen: 175343K(699392K)->175471K(699392K)
[28.699s][info][gc,metaspace   ] GC(190) Metaspace: 59740K(60608K)->59740K(60608K) NonClass: 52193K(52672K)->52193K(52672K) Class: 7547K(7936K)->7547K(7936K)
[28.699s][info][gc             ] GC(190) Pause Young (Allocation Failure) 336M->171M(846M) 0.654ms
[28.699s][info][gc,cpu         ] GC(190) User=0.00s Sys=0.00s Real=0.00s
[28.763s][info][gc,start       ] GC(191) Pause Young (Allocation Failure)
[28.764s][info][gc,heap        ] GC(191) PSYoungGen: 166112K(166912K)->256K(163328K) Eden: 165888K(165888K)->0K(162816K) From: 224K(1024K)->256K(512K)
[28.764s][info][gc,heap        ] GC(191) ParOldGen: 175471K(699392K)->175479K(699392K)
[28.764s][info][gc,metaspace   ] GC(191) Metaspace: 59740K(60608K)->59740K(60608K) NonClass: 52193K(52672K)->52193K(52672K) Class: 7547K(7936K)->7547K(7936K)
[28.764s][info][gc             ] GC(191) Pause Young (Allocation Failure) 333M->171M(842M) 0.723ms
[28.764s][info][gc,cpu         ] GC(191) User=0.00s Sys=0.00s Real=0.00s
[28.825s][info][gc,start       ] GC(192) Pause Young (Allocation Failure)
[28.825s][info][gc,heap        ] GC(192) PSYoungGen: 163072K(163328K)->256K(160768K) Eden: 162816K(162816K)->0K(159744K) From: 256K(512K)->256K(1024K)
[28.825s][info][gc,heap        ] GC(192) ParOldGen: 175479K(699392K)->175479K(699392K)
[28.825s][info][gc,metaspace   ] GC(192) Metaspace: 59740K(60608K)->59740K(60608K) NonClass: 52193K(52672K)->52193K(52672K) Class: 7547K(7936K)->7547K(7936K)
[28.825s][info][gc             ] GC(192) Pause Young (Allocation Failure) 330M->171M(840M) 0.620ms
[28.825s][info][gc,cpu         ] GC(192) User=0.00s Sys=0.00s Real=0.00s
[28.885s][info][gc,start       ] GC(193) Pause Young (Allocation Failure)
[28.886s][info][gc,heap        ] GC(193) PSYoungGen: 160000K(160768K)->352K(157696K) Eden: 159744K(159744K)->0K(157184K) From: 256K(1024K)->352K(512K)
[28.886s][info][gc,heap        ] GC(193) ParOldGen: 175479K(699392K)->175487K(699392K)
[28.886s][info][gc,metaspace   ] GC(193) Metaspace: 59740K(60608K)->59740K(60608K) NonClass: 52193K(52672K)->52193K(52672K) Class: 7547K(7936K)->7547K(7936K)
[28.886s][info][gc             ] GC(193) Pause Young (Allocation Failure) 327M->171M(837M) 0.671ms
[28.886s][info][gc,cpu         ] GC(193) User=0.00s Sys=0.00s Real=0.00s
[28.946s][info][gc,start       ] GC(194) Pause Young (Allocation Failure)
[28.946s][info][gc,heap        ] GC(194) PSYoungGen: 157536K(157696K)->288K(155648K) Eden: 157184K(157184K)->0K(154624K) From: 352K(512K)->288K(1024K)
[28.946s][info][gc,heap        ] GC(194) ParOldGen: 175487K(699392K)->175495K(699392K)
[28.946s][info][gc,metaspace   ] GC(194) Metaspace: 59740K(60608K)->59740K(60608K) NonClass: 52193K(52672K)->52193K(52672K) Class: 7547K(7936K)->7547K(7936K)
[28.946s][info][gc             ] GC(194) Pause Young (Allocation Failure) 325M->171M(835M) 0.680ms
[28.946s][info][gc,cpu         ] GC(194) User=0.00s Sys=0.00s Real=0.00s
[28.998s][info][gc,start       ] GC(195) Pause Young (Allocation Failure)
[28.999s][info][gc,heap        ] GC(195) PSYoungGen: 154912K(155648K)->288K(152576K) Eden: 154624K(154624K)->0K(152064K) From: 288K(1024K)->288K(512K)
[28.999s][info][gc,heap        ] GC(195) ParOldGen: 175495K(699392K)->175511K(699392K)
[28.999s][info][gc,metaspace   ] GC(195) Metaspace: 59740K(60608K)->59740K(60608K) NonClass: 52193K(52672K)->52193K(52672K) Class: 7547K(7936K)->7547K(7936K)
[28.999s][info][gc             ] GC(195) Pause Young (Allocation Failure) 322M->171M(832M) 0.875ms
[28.999s][info][gc,cpu         ] GC(195) User=0.00s Sys=0.00s Real=0.00s
[29.050s][info][gc,start       ] GC(196) Pause Young (Allocation Failure)
[29.051s][info][gc,heap        ] GC(196) PSYoungGen: 152352K(152576K)->224K(150528K) Eden: 152064K(152064K)->0K(149504K) From: 288K(512K)->224K(1024K)
[29.051s][info][gc,heap        ] GC(196) ParOldGen: 175511K(699392K)->175527K(699392K)
[29.051s][info][gc,metaspace   ] GC(196) Metaspace: 59740K(60608K)->59740K(60608K) NonClass: 52193K(52672K)->52193K(52672K) Class: 7547K(7936K)->7547K(7936K)
[29.051s][info][gc             ] GC(196) Pause Young (Allocation Failure) 320M->171M(830M) 0.692ms
[29.051s][info][gc,cpu         ] GC(196) User=0.00s Sys=0.00s Real=0.00s
[29.107s][info][gc,start       ] GC(197) Pause Young (Allocation Failure)
[29.108s][info][gc,heap        ] GC(197) PSYoungGen: 149728K(150528K)->224K(147456K) Eden: 149504K(149504K)->0K(146944K) From: 224K(1024K)->224K(512K)
[29.108s][info][gc,heap        ] GC(197) ParOldGen: 175527K(699392K)->175551K(699392K)
[29.108s][info][gc,metaspace   ] GC(197) Metaspace: 59740K(60608K)->59740K(60608K) NonClass: 52193K(52672K)->52193K(52672K) Class: 7547K(7936K)->7547K(7936K)
[29.108s][info][gc             ] GC(197) Pause Young (Allocation Failure) 317M->171M(827M) 0.703ms
[29.108s][info][gc,cpu         ] GC(197) User=0.00s Sys=0.00s Real=0.00s
[29.172s][info][gc,start       ] GC(198) Pause Young (Allocation Failure)
[29.172s][info][gc,heap        ] GC(198) PSYoungGen: 147168K(147456K)->256K(145408K) Eden: 146944K(146944K)->0K(144384K) From: 224K(512K)->256K(1024K)
[29.172s][info][gc,heap        ] GC(198) ParOldGen: 175551K(699392K)->175559K(699392K)
[29.172s][info][gc,metaspace   ] GC(198) Metaspace: 59740K(60608K)->59740K(60608K) NonClass: 52193K(52672K)->52193K(52672K) Class: 7547K(7936K)->7547K(7936K)
[29.172s][info][gc             ] GC(198) Pause Young (Allocation Failure) 315M->171M(825M) 0.693ms
[29.172s][info][gc,cpu         ] GC(198) User=0.00s Sys=0.00s Real=0.00s
[29.228s][info][gc,start       ] GC(199) Pause Young (Allocation Failure)
[29.229s][info][gc,heap        ] GC(199) PSYoungGen: 144640K(145408K)->192K(142336K) Eden: 144384K(144384K)->0K(141824K) From: 256K(1024K)->192K(512K)
[29.229s][info][gc,heap        ] GC(199) ParOldGen: 175559K(699392K)->175575K(699392K)
[29.229s][info][gc,metaspace   ] GC(199) Metaspace: 59740K(60608K)->59740K(60608K) NonClass: 52193K(52672K)->52193K(52672K) Class: 7547K(7936K)->7547K(7936K)
[29.229s][info][gc             ] GC(199) Pause Young (Allocation Failure) 312M->171M(822M) 0.754ms
[29.229s][info][gc,cpu         ] GC(199) User=0.00s Sys=0.00s Real=0.00s
[29.302s][info][gc,start       ] GC(200) Pause Young (System.gc())
[29.303s][info][gc,heap        ] GC(200) PSYoungGen: 82831K(142336K)->608K(142848K) Eden: 82639K(141824K)->0K(141824K) From: 192K(512K)->608K(1024K)
[29.303s][info][gc,heap        ] GC(200) ParOldGen: 175575K(699392K)->175591K(699392K)
[29.303s][info][gc,metaspace   ] GC(200) Metaspace: 59763K(60608K)->59763K(60608K) NonClass: 52215K(52672K)->52215K(52672K) Class: 7547K(7936K)->7547K(7936K)
[29.303s][info][gc             ] GC(200) Pause Young (System.gc()) 252M->172M(822M) 1.016ms
[29.303s][info][gc,cpu         ] GC(200) User=0.00s Sys=0.00s Real=0.00s
[29.303s][info][gc,start       ] GC(201) Pause Full (System.gc())
[29.303s][info][gc,phases,start] GC(201) Marking Phase
[29.404s][info][gc,phases      ] GC(201) Marking Phase 100.676ms
[29.404s][info][gc,phases,start] GC(201) Summary Phase
[29.404s][info][gc,phases      ] GC(201) Summary Phase 0.016ms
[29.404s][info][gc,phases,start] GC(201) Adjust Roots
[29.410s][info][gc,phases      ] GC(201) Adjust Roots 6.089ms
[29.410s][info][gc,phases,start] GC(201) Compaction Phase
[29.432s][info][gc,phases      ] GC(201) Compaction Phase 21.388ms
[29.432s][info][gc,phases,start] GC(201) Post Compact
[29.433s][info][gc,phases      ] GC(201) Post Compact 1.070ms
[29.433s][info][gc,heap        ] GC(201) PSYoungGen: 608K(142848K)->0K(142848K) Eden: 0K(141824K)->0K(141824K) From: 608K(1024K)->0K(1024K)
[29.433s][info][gc,heap        ] GC(201) ParOldGen: 175591K(699392K)->174989K(699392K)
[29.433s][info][gc,metaspace   ] GC(201) Metaspace: 59763K(60608K)->59763K(60608K) NonClass: 52215K(52672K)->52215K(52672K) Class: 7547K(7936K)->7547K(7936K)
[29.433s][info][gc             ] GC(201) Pause Full (System.gc()) 172M->170M(822M) 129.484ms
[29.433s][info][gc,cpu         ] GC(201) User=2.14s Sys=0.00s Real=0.14s
[29.537s][info][gc,start       ] GC(202) Pause Young (Allocation Failure)
[29.538s][info][gc,heap        ] GC(202) PSYoungGen: 141824K(142848K)->704K(140800K) Eden: 141824K(141824K)->0K(139776K) From: 0K(1024K)->704K(1024K)
[29.538s][info][gc,heap        ] GC(202) ParOldGen: 174989K(699392K)->174989K(699392K)
[29.538s][info][gc,metaspace   ] GC(202) Metaspace: 59803K(60736K)->59803K(60736K) NonClass: 52255K(52800K)->52255K(52800K) Class: 7548K(7936K)->7548K(7936K)
[29.538s][info][gc             ] GC(202) Pause Young (Allocation Failure) 309M->171M(820M) 1.028ms
[29.538s][info][gc,cpu         ] GC(202) User=0.00s Sys=0.00s Real=0.00s
[29.590s][info][gc,start       ] GC(203) Pause Young (Allocation Failure)
[29.590s][info][gc,heap        ] GC(203) PSYoungGen: 140480K(140800K)->512K(138240K) Eden: 139776K(139776K)->0K(137728K) From: 704K(1024K)->512K(512K)
[29.590s][info][gc,heap        ] GC(203) ParOldGen: 174989K(699392K)->175347K(699392K)
[29.590s][info][gc,metaspace   ] GC(203) Metaspace: 59808K(60736K)->59808K(60736K) NonClass: 52259K(52800K)->52259K(52800K) Class: 7548K(7936K)->7548K(7936K)
[29.591s][info][gc             ] GC(203) Pause Young (Allocation Failure) 308M->171M(818M) 0.942ms
[29.591s][info][gc,cpu         ] GC(203) User=0.00s Sys=0.00s Real=0.00s
[29.636s][info][gc,start       ] GC(204) Pause Young (Allocation Failure)
[29.637s][info][gc,heap        ] GC(204) PSYoungGen: 138240K(138240K)->192K(136192K) Eden: 137728K(137728K)->0K(135680K) From: 512K(512K)->192K(512K)
[29.637s][info][gc,heap        ] GC(204) ParOldGen: 175347K(699392K)->175467K(699392K)
[29.637s][info][gc,metaspace   ] GC(204) Metaspace: 59808K(60736K)->59808K(60736K) NonClass: 52259K(52800K)->52259K(52800K) Class: 7548K(7936K)->7548K(7936K)
[29.637s][info][gc             ] GC(204) Pause Young (Allocation Failure) 306M->171M(816M) 0.705ms
[29.637s][info][gc,cpu         ] GC(204) User=0.00s Sys=0.00s Real=0.00s
[29.688s][info][gc,start       ] GC(205) Pause Young (Allocation Failure)
[29.689s][info][gc,heap        ] GC(205) PSYoungGen: 135872K(136192K)->352K(134656K) Eden: 135680K(135680K)->0K(133632K) From: 192K(512K)->352K(1024K)
[29.689s][info][gc,heap        ] GC(205) ParOldGen: 175467K(699392K)->175467K(699392K)
[29.689s][info][gc,metaspace   ] GC(205) Metaspace: 59808K(60736K)->59808K(60736K) NonClass: 52259K(52800K)->52259K(52800K) Class: 7548K(7936K)->7548K(7936K)
[29.689s][info][gc             ] GC(205) Pause Young (Allocation Failure) 304M->171M(814M) 0.718ms
[29.689s][info][gc,cpu         ] GC(205) User=0.00s Sys=0.00s Real=0.00s
[29.739s][info][gc,start       ] GC(206) Pause Young (Allocation Failure)
[29.740s][info][gc,heap        ] GC(206) PSYoungGen: 133984K(134656K)->288K(132096K) Eden: 133632K(133632K)->0K(131584K) From: 352K(1024K)->288K(512K)
[29.740s][info][gc,heap        ] GC(206) ParOldGen: 175467K(699392K)->175475K(699392K)
[29.740s][info][gc,metaspace   ] GC(206) Metaspace: 59808K(60736K)->59808K(60736K) NonClass: 52259K(52800K)->52259K(52800K) Class: 7548K(7936K)->7548K(7936K)
[29.740s][info][gc             ] GC(206) Pause Young (Allocation Failure) 302M->171M(812M) 0.709ms
[29.740s][info][gc,cpu         ] GC(206) User=0.00s Sys=0.00s Real=0.00s
[29.791s][info][gc,start       ] GC(207) Pause Young (Allocation Failure)
[29.791s][info][gc,heap        ] GC(207) PSYoungGen: 131872K(132096K)->288K(130560K) Eden: 131584K(131584K)->0K(129536K) From: 288K(512K)->288K(1024K)
[29.791s][info][gc,heap        ] GC(207) ParOldGen: 175475K(699392K)->175475K(699392K)
[29.791s][info][gc,metaspace   ] GC(207) Metaspace: 59808K(60736K)->59808K(60736K) NonClass: 52259K(52800K)->52259K(52800K) Class: 7548K(7936K)->7548K(7936K)
[29.791s][info][gc             ] GC(207) Pause Young (Allocation Failure) 300M->171M(810M) 0.666ms
[29.791s][info][gc,cpu         ] GC(207) User=0.00s Sys=0.00s Real=0.00s
[29.842s][info][gc,start       ] GC(208) Pause Young (Allocation Failure)
[29.843s][info][gc,heap        ] GC(208) PSYoungGen: 129824K(130560K)->544K(128512K) Eden: 129536K(129536K)->0K(127488K) From: 288K(1024K)->544K(1024K)
[29.843s][info][gc,heap        ] GC(208) ParOldGen: 175475K(699392K)->175491K(699392K)
[29.843s][info][gc,metaspace   ] GC(208) Metaspace: 59811K(60736K)->59811K(60736K) NonClass: 52261K(52800K)->52261K(52800K) Class: 7549K(7936K)->7549K(7936K)
[29.843s][info][gc             ] GC(208) Pause Young (Allocation Failure) 298M->171M(808M) 0.692ms
[29.843s][info][gc,cpu         ] GC(208) User=0.00s Sys=0.00s Real=0.00s
[29.893s][info][gc,start       ] GC(209) Pause Young (Allocation Failure)
[29.894s][info][gc,heap        ] GC(209) PSYoungGen: 128032K(128512K)->224K(125952K) Eden: 127488K(127488K)->0K(125440K) From: 544K(1024K)->224K(512K)
[29.894s][info][gc,heap        ] GC(209) ParOldGen: 175491K(699392K)->175627K(699392K)
[29.894s][info][gc,metaspace   ] GC(209) Metaspace: 59811K(60736K)->59811K(60736K) NonClass: 52261K(52800K)->52261K(52800K) Class: 7549K(7936K)->7549K(7936K)
[29.894s][info][gc             ] GC(209) Pause Young (Allocation Failure) 296M->171M(806M) 0.817ms
[29.894s][info][gc,cpu         ] GC(209) User=0.00s Sys=0.00s Real=0.00s
[29.943s][info][gc,start       ] GC(210) Pause Young (Allocation Failure)
[29.944s][info][gc,heap        ] GC(210) PSYoungGen: 125664K(125952K)->256K(124416K) Eden: 125440K(125440K)->0K(123904K) From: 224K(512K)->256K(512K)
[29.944s][info][gc,heap        ] GC(210) ParOldGen: 175627K(699392K)->175651K(699392K)
[29.944s][info][gc,metaspace   ] GC(210) Metaspace: 59811K(60736K)->59811K(60736K) NonClass: 52261K(52800K)->52261K(52800K) Class: 7549K(7936K)->7549K(7936K)
[29.944s][info][gc             ] GC(210) Pause Young (Allocation Failure) 294M->171M(804M) 0.858ms
[29.944s][info][gc,cpu         ] GC(210) User=0.00s Sys=0.00s Real=0.00s
[29.984s][info][gc,start       ] GC(211) Pause Young (Allocation Failure)
[29.985s][info][gc,heap        ] GC(211) PSYoungGen: 124160K(124416K)->320K(150016K) Eden: 123904K(123904K)->0K(148992K) From: 256K(512K)->320K(1024K)
[29.985s][info][gc,heap        ] GC(211) ParOldGen: 175651K(699392K)->175667K(699392K)
[29.985s][info][gc,metaspace   ] GC(211) Metaspace: 59811K(60736K)->59811K(60736K) NonClass: 52261K(52800K)->52261K(52800K) Class: 7549K(7936K)->7549K(7936K)
[29.985s][info][gc             ] GC(211) Pause Young (Allocation Failure) 292M->171M(829M) 0.639ms
[29.985s][info][gc,cpu         ] GC(211) User=0.30s Sys=0.00s Real=0.02s
[30.041s][info][gc,start       ] GC(212) Pause Young (Allocation Failure)
[30.042s][info][gc,heap        ] GC(212) PSYoungGen: 149312K(150016K)->288K(146944K) Eden: 148992K(148992K)->0K(146432K) From: 320K(1024K)->288K(512K)
[30.042s][info][gc,heap        ] GC(212) ParOldGen: 175667K(699392K)->175683K(699392K)
[30.042s][info][gc,metaspace   ] GC(212) Metaspace: 59811K(60736K)->59811K(60736K) NonClass: 52261K(52800K)->52261K(52800K) Class: 7549K(7936K)->7549K(7936K)
[30.042s][info][gc             ] GC(212) Pause Young (Allocation Failure) 317M->171M(826M) 0.839ms
[30.042s][info][gc,cpu         ] GC(212) User=0.00s Sys=0.00s Real=0.00s
[30.098s][info][gc,start       ] GC(213) Pause Young (Allocation Failure)
[30.098s][info][gc,heap        ] GC(213) PSYoungGen: 146720K(146944K)->256K(144896K) Eden: 146432K(146432K)->0K(143872K) From: 288K(512K)->256K(1024K)
[30.099s][info][gc,heap        ] GC(213) ParOldGen: 175683K(699392K)->175699K(699392K)
[30.099s][info][gc,metaspace   ] GC(213) Metaspace: 59811K(60736K)->59811K(60736K) NonClass: 52261K(52800K)->52261K(52800K) Class: 7549K(7936K)->7549K(7936K)
[30.099s][info][gc             ] GC(213) Pause Young (Allocation Failure) 314M->171M(824M) 0.598ms
[30.099s][info][gc,cpu         ] GC(213) User=0.00s Sys=0.00s Real=0.00s
[30.152s][info][gc,start       ] GC(214) Pause Young (Allocation Failure)
[30.153s][info][gc,heap        ] GC(214) PSYoungGen: 144128K(144896K)->192K(142336K) Eden: 143872K(143872K)->0K(141824K) From: 256K(1024K)->192K(512K)
[30.153s][info][gc,heap        ] GC(214) ParOldGen: 175699K(699392K)->175715K(699392K)
[30.153s][info][gc,metaspace   ] GC(214) Metaspace: 59811K(60736K)->59811K(60736K) NonClass: 52261K(52800K)->52261K(52800K) Class: 7549K(7936K)->7549K(7936K)
[30.153s][info][gc             ] GC(214) Pause Young (Allocation Failure) 312M->171M(822M) 0.813ms
[30.153s][info][gc,cpu         ] GC(214) User=0.00s Sys=0.00s Real=0.00s
[30.220s][info][gc,start       ] GC(215) Pause Young (Allocation Failure)
[30.221s][info][gc,heap        ] GC(215) PSYoungGen: 142016K(142336K)->608K(140800K) Eden: 141824K(141824K)->0K(139776K) From: 192K(512K)->608K(1024K)
[30.221s][info][gc,heap        ] GC(215) ParOldGen: 175715K(699392K)->175723K(699392K)
[30.221s][info][gc,metaspace   ] GC(215) Metaspace: 59813K(60736K)->59813K(60736K) NonClass: 52264K(52800K)->52264K(52800K) Class: 7549K(7936K)->7549K(7936K)
[30.221s][info][gc             ] GC(215) Pause Young (Allocation Failure) 310M->172M(820M) 0.792ms
[30.221s][info][gc,cpu         ] GC(215) User=0.00s Sys=0.00s Real=0.00s
[30.315s][info][gc,start       ] GC(216) Pause Young (System.gc())
[30.316s][info][gc,heap        ] GC(216) PSYoungGen: 86156K(140800K)->608K(140800K) Eden: 85548K(139776K)->0K(139776K) From: 608K(1024K)->608K(1024K)
[30.316s][info][gc,heap        ] GC(216) ParOldGen: 175723K(699392K)->175867K(699392K)
[30.316s][info][gc,metaspace   ] GC(216) Metaspace: 59844K(60736K)->59844K(60736K) NonClass: 52295K(52800K)->52295K(52800K) Class: 7549K(7936K)->7549K(7936K)
[30.316s][info][gc             ] GC(216) Pause Young (System.gc()) 255M->172M(820M) 0.989ms
[30.316s][info][gc,cpu         ] GC(216) User=0.00s Sys=0.00s Real=0.00s
[30.316s][info][gc,start       ] GC(217) Pause Full (System.gc())
[30.316s][info][gc,phases,start] GC(217) Marking Phase
[30.418s][info][gc,phases      ] GC(217) Marking Phase 101.575ms
[30.418s][info][gc,phases,start] GC(217) Summary Phase
[30.418s][info][gc,phases      ] GC(217) Summary Phase 0.016ms
[30.418s][info][gc,phases,start] GC(217) Adjust Roots
[30.423s][info][gc,phases      ] GC(217) Adjust Roots 5.699ms
[30.423s][info][gc,phases,start] GC(217) Compaction Phase
[30.453s][info][gc,phases      ] GC(217) Compaction Phase 29.792ms
[30.453s][info][gc,phases,start] GC(217) Post Compact
[30.455s][info][gc,phases      ] GC(217) Post Compact 1.391ms
[30.455s][info][gc,heap        ] GC(217) PSYoungGen: 608K(140800K)->0K(140800K) Eden: 0K(139776K)->0K(139776K) From: 608K(1024K)->0K(1024K)
[30.455s][info][gc,heap        ] GC(217) ParOldGen: 175867K(699392K)->175025K(699392K)
[30.455s][info][gc,metaspace   ] GC(217) Metaspace: 59844K(60736K)->59844K(60736K) NonClass: 52295K(52800K)->52295K(52800K) Class: 7549K(7936K)->7549K(7936K)
[30.455s][info][gc             ] GC(217) Pause Full (System.gc()) 172M->170M(820M) 138.899ms
[30.455s][info][gc,cpu         ] GC(217) User=2.13s Sys=0.00s Real=0.14s
[30.569s][info][gc,start       ] GC(218) Pause Young (Allocation Failure)
[30.570s][info][gc,heap        ] GC(218) PSYoungGen: 139776K(140800K)->736K(138752K) Eden: 139776K(139776K)->0K(137728K) From: 0K(1024K)->736K(1024K)
[30.570s][info][gc,heap        ] GC(218) ParOldGen: 175025K(699392K)->175025K(699392K)
[30.570s][info][gc,metaspace   ] GC(218) Metaspace: 59889K(60736K)->59889K(60736K) NonClass: 52339K(52800K)->52339K(52800K) Class: 7549K(7936K)->7549K(7936K)
[30.570s][info][gc             ] GC(218) Pause Young (Allocation Failure) 307M->171M(818M) 1.019ms
[30.570s][info][gc,cpu         ] GC(218) User=0.00s Sys=0.00s Real=0.00s
[30.628s][info][gc,start       ] GC(219) Pause Young (Allocation Failure)
[30.629s][info][gc,heap        ] GC(219) PSYoungGen: 138464K(138752K)->416K(136192K) Eden: 137728K(137728K)->0K(135680K) From: 736K(1024K)->416K(512K)
[30.629s][info][gc,heap        ] GC(219) ParOldGen: 175025K(699392K)->175398K(699392K)
[30.629s][info][gc,metaspace   ] GC(219) Metaspace: 59889K(60736K)->59889K(60736K) NonClass: 52339K(52800K)->52339K(52800K) Class: 7549K(7936K)->7549K(7936K)
[30.629s][info][gc             ] GC(219) Pause Young (Allocation Failure) 306M->171M(816M) 0.817ms
[30.629s][info][gc,cpu         ] GC(219) User=0.00s Sys=0.00s Real=0.00s
[30.688s][info][gc,start       ] GC(220) Pause Young (Allocation Failure)
[30.688s][info][gc,heap        ] GC(220) PSYoungGen: 136096K(136192K)->256K(134656K) Eden: 135680K(135680K)->0K(133632K) From: 416K(512K)->256K(1024K)
[30.688s][info][gc,heap        ] GC(220) ParOldGen: 175398K(699392K)->175526K(699392K)
[30.688s][info][gc,metaspace   ] GC(220) Metaspace: 59889K(60736K)->59889K(60736K) NonClass: 52339K(52800K)->52339K(52800K) Class: 7549K(7936K)->7549K(7936K)
[30.688s][info][gc             ] GC(220) Pause Young (Allocation Failure) 304M->171M(814M) 0.661ms
[30.688s][info][gc,cpu         ] GC(220) User=0.00s Sys=0.00s Real=0.00s
[30.738s][info][gc,start       ] GC(221) Pause Young (Allocation Failure)
[30.738s][info][gc,heap        ] GC(221) PSYoungGen: 133888K(134656K)->288K(132096K) Eden: 133632K(133632K)->0K(131584K) From: 256K(1024K)->288K(512K)
[30.739s][info][gc,heap        ] GC(221) ParOldGen: 175526K(699392K)->175534K(699392K)
[30.739s][info][gc,metaspace   ] GC(221) Metaspace: 59889K(60736K)->59889K(60736K) NonClass: 52339K(52800K)->52339K(52800K) Class: 7549K(7936K)->7549K(7936K)
[30.739s][info][gc             ] GC(221) Pause Young (Allocation Failure) 302M->171M(812M) 0.919ms
[30.739s][info][gc,cpu         ] GC(221) User=0.00s Sys=0.00s Real=0.00s
[30.780s][info][gc,start       ] GC(222) Pause Young (Allocation Failure)
[30.781s][info][gc,heap        ] GC(222) PSYoungGen: 131872K(132096K)->256K(130560K) Eden: 131584K(131584K)->0K(129536K) From: 288K(512K)->256K(1024K)
[30.781s][info][gc,heap        ] GC(222) ParOldGen: 175534K(699392K)->175534K(699392K)
[30.781s][info][gc,metaspace   ] GC(222) Metaspace: 59889K(60736K)->59889K(60736K) NonClass: 52339K(52800K)->52339K(52800K) Class: 7549K(7936K)->7549K(7936K)
[30.781s][info][gc             ] GC(222) Pause Young (Allocation Failure) 300M->171M(810M) 0.600ms
[30.781s][info][gc,cpu         ] GC(222) User=0.30s Sys=0.00s Real=0.02s
[30.836s][info][gc,start       ] GC(223) Pause Young (Allocation Failure)
[30.837s][info][gc,heap        ] GC(223) PSYoungGen: 129792K(130560K)->288K(128000K) Eden: 129536K(129536K)->0K(127488K) From: 256K(1024K)->288K(512K)
[30.837s][info][gc,heap        ] GC(223) ParOldGen: 175534K(699392K)->175534K(699392K)
[30.837s][info][gc,metaspace   ] GC(223) Metaspace: 59889K(60736K)->59889K(60736K) NonClass: 52339K(52800K)->52339K(52800K) Class: 7549K(7936K)->7549K(7936K)
[30.837s][info][gc             ] GC(223) Pause Young (Allocation Failure) 298M->171M(808M) 0.821ms
[30.837s][info][gc,cpu         ] GC(223) User=0.00s Sys=0.00s Real=0.00s
[30.876s][info][gc,start       ] GC(224) Pause Young (Allocation Failure)
[30.877s][info][gc,heap        ] GC(224) PSYoungGen: 127776K(128000K)->288K(154112K) Eden: 127488K(127488K)->0K(153088K) From: 288K(512K)->288K(1024K)
[30.877s][info][gc,heap        ] GC(224) ParOldGen: 175534K(699392K)->175558K(699392K)
[30.877s][info][gc,metaspace   ] GC(224) Metaspace: 59889K(60736K)->59889K(60736K) NonClass: 52339K(52800K)->52339K(52800K) Class: 7549K(7936K)->7549K(7936K)
[30.877s][info][gc             ] GC(224) Pause Young (Allocation Failure) 296M->171M(833M) 0.659ms
[30.877s][info][gc,cpu         ] GC(224) User=0.00s Sys=0.00s Real=0.00s
[30.925s][info][gc,start       ] GC(225) Pause Young (Allocation Failure)
[30.925s][info][gc,heap        ] GC(225) PSYoungGen: 153376K(154112K)->320K(151040K) Eden: 153088K(153088K)->0K(150528K) From: 288K(1024K)->320K(512K)
[30.926s][info][gc,heap        ] GC(225) ParOldGen: 175558K(699392K)->175558K(699392K)
[30.926s][info][gc,metaspace   ] GC(225) Metaspace: 59889K(60736K)->59889K(60736K) NonClass: 52339K(52800K)->52339K(52800K) Class: 7549K(7936K)->7549K(7936K)
[30.926s][info][gc             ] GC(225) Pause Young (Allocation Failure) 321M->171M(830M) 0.695ms
[30.926s][info][gc,cpu         ] GC(225) User=0.00s Sys=0.00s Real=0.00s
[30.980s][info][gc,start       ] GC(226) Pause Young (Allocation Failure)
[30.980s][info][gc,heap        ] GC(226) PSYoungGen: 150848K(151040K)->256K(148992K) Eden: 150528K(150528K)->0K(147968K) From: 320K(512K)->256K(1024K)
[30.980s][info][gc,heap        ] GC(226) ParOldGen: 175558K(699392K)->175582K(699392K)
[30.980s][info][gc,metaspace   ] GC(226) Metaspace: 59889K(60736K)->59889K(60736K) NonClass: 52339K(52800K)->52339K(52800K) Class: 7549K(7936K)->7549K(7936K)
[30.981s][info][gc             ] GC(226) Pause Young (Allocation Failure) 318M->171M(828M) 0.677ms
[30.981s][info][gc,cpu         ] GC(226) User=0.00s Sys=0.00s Real=0.00s
[31.034s][info][gc,start       ] GC(227) Pause Young (Allocation Failure)
[31.035s][info][gc,heap        ] GC(227) PSYoungGen: 148224K(148992K)->320K(145920K) Eden: 147968K(147968K)->0K(145408K) From: 256K(1024K)->320K(512K)
[31.035s][info][gc,heap        ] GC(227) ParOldGen: 175582K(699392K)->175590K(699392K)
[31.035s][info][gc,metaspace   ] GC(227) Metaspace: 59889K(60736K)->59889K(60736K) NonClass: 52339K(52800K)->52339K(52800K) Class: 7549K(7936K)->7549K(7936K)
[31.035s][info][gc             ] GC(227) Pause Young (Allocation Failure) 316M->171M(825M) 0.785ms
[31.035s][info][gc,cpu         ] GC(227) User=0.00s Sys=0.00s Real=0.00s
[31.081s][info][gc,start       ] GC(228) Pause Young (Allocation Failure)
[31.081s][info][gc,heap        ] GC(228) PSYoungGen: 145728K(145920K)->256K(143872K) Eden: 145408K(145408K)->0K(142848K) From: 320K(512K)->256K(1024K)
[31.081s][info][gc,heap        ] GC(228) ParOldGen: 175590K(699392K)->175614K(699392K)
[31.081s][info][gc,metaspace   ] GC(228) Metaspace: 59889K(60736K)->59889K(60736K) NonClass: 52339K(52800K)->52339K(52800K) Class: 7549K(7936K)->7549K(7936K)
[31.081s][info][gc             ] GC(228) Pause Young (Allocation Failure) 313M->171M(823M) 0.673ms
[31.081s][info][gc,cpu         ] GC(228) User=0.00s Sys=0.00s Real=0.00s
[31.126s][info][gc,start       ] GC(229) Pause Young (Allocation Failure)
[31.126s][info][gc,heap        ] GC(229) PSYoungGen: 143104K(143872K)->288K(141312K) Eden: 142848K(142848K)->0K(140800K) From: 256K(1024K)->288K(512K)
[31.126s][info][gc,heap        ] GC(229) ParOldGen: 175614K(699392K)->175630K(699392K)
[31.126s][info][gc,metaspace   ] GC(229) Metaspace: 59889K(60736K)->59889K(60736K) NonClass: 52339K(52800K)->52339K(52800K) Class: 7549K(7936K)->7549K(7936K)
[31.126s][info][gc             ] GC(229) Pause Young (Allocation Failure) 311M->171M(821M) 0.693ms
[31.126s][info][gc,cpu         ] GC(229) User=0.00s Sys=0.00s Real=0.00s
[31.177s][info][gc,start       ] GC(230) Pause Young (Allocation Failure)
[31.178s][info][gc,heap        ] GC(230) PSYoungGen: 141088K(141312K)->320K(139776K) Eden: 140800K(140800K)->0K(138752K) From: 288K(512K)->320K(1024K)
[31.178s][info][gc,heap        ] GC(230) ParOldGen: 175630K(699392K)->175646K(699392K)
[31.178s][info][gc,metaspace   ] GC(230) Metaspace: 59889K(60736K)->59889K(60736K) NonClass: 52339K(52800K)->52339K(52800K) Class: 7549K(7936K)->7549K(7936K)
[31.178s][info][gc             ] GC(230) Pause Young (Allocation Failure) 309M->171M(819M) 0.626ms
[31.178s][info][gc,cpu         ] GC(230) User=0.00s Sys=0.00s Real=0.00s
[31.247s][info][gc,start       ] GC(231) Pause Young (Allocation Failure)
[31.248s][info][gc,heap        ] GC(231) PSYoungGen: 139072K(139776K)->608K(137728K) Eden: 138752K(138752K)->0K(136704K) From: 320K(1024K)->608K(1024K)
[31.248s][info][gc,heap        ] GC(231) ParOldGen: 175646K(699392K)->175654K(699392K)
[31.248s][info][gc,metaspace   ] GC(231) Metaspace: 59889K(60736K)->59889K(60736K) NonClass: 52339K(52800K)->52339K(52800K) Class: 7549K(7936K)->7549K(7936K)
[31.248s][info][gc             ] GC(231) Pause Young (Allocation Failure) 307M->172M(817M) 0.846ms
[31.248s][info][gc,cpu         ] GC(231) User=0.00s Sys=0.00s Real=0.00s
[31.290s][info][gc,start       ] GC(232) Pause Young (System.gc())
[31.291s][info][gc,heap        ] GC(232) PSYoungGen: 37459K(137728K)->608K(137728K) Eden: 36851K(136704K)->0K(136704K) From: 608K(1024K)->608K(1024K)
[31.291s][info][gc,heap        ] GC(232) ParOldGen: 175654K(699392K)->175782K(699392K)
[31.291s][info][gc,metaspace   ] GC(232) Metaspace: 59926K(60800K)->59926K(60800K) NonClass: 52374K(52864K)->52374K(52864K) Class: 7552K(7936K)->7552K(7936K)
[31.291s][info][gc             ] GC(232) Pause Young (System.gc()) 208M->172M(817M) 1.106ms
[31.291s][info][gc,cpu         ] GC(232) User=0.00s Sys=0.00s Real=0.00s
[31.291s][info][gc,start       ] GC(233) Pause Full (System.gc())
[31.291s][info][gc,phases,start] GC(233) Marking Phase
[31.392s][info][gc,phases      ] GC(233) Marking Phase 100.740ms
[31.392s][info][gc,phases,start] GC(233) Summary Phase
[31.392s][info][gc,phases      ] GC(233) Summary Phase 0.017ms
[31.392s][info][gc,phases,start] GC(233) Adjust Roots
[31.399s][info][gc,phases      ] GC(233) Adjust Roots 6.734ms
[31.399s][info][gc,phases,start] GC(233) Compaction Phase
[31.427s][info][gc,phases      ] GC(233) Compaction Phase 27.916ms
[31.427s][info][gc,phases,start] GC(233) Post Compact
[31.428s][info][gc,phases      ] GC(233) Post Compact 1.080ms
[31.428s][info][gc,heap        ] GC(233) PSYoungGen: 608K(137728K)->0K(137728K) Eden: 0K(136704K)->0K(136704K) From: 608K(1024K)->0K(1024K)
[31.428s][info][gc,heap        ] GC(233) ParOldGen: 175782K(699392K)->175058K(699392K)
[31.428s][info][gc,metaspace   ] GC(233) Metaspace: 59926K(60800K)->59926K(60800K) NonClass: 52374K(52864K)->52374K(52864K) Class: 7552K(7936K)->7552K(7936K)
[31.428s][info][gc             ] GC(233) Pause Full (System.gc()) 172M->170M(817M) 136.827ms
[31.428s][info][gc,cpu         ] GC(233) User=2.13s Sys=0.00s Real=0.15s
[31.537s][info][gc,start       ] GC(234) Pause Young (Allocation Failure)
[31.538s][info][gc,heap        ] GC(234) PSYoungGen: 136704K(137728K)->480K(135168K) Eden: 136704K(136704K)->0K(134656K) From: 0K(1024K)->480K(512K)
[31.538s][info][gc,heap        ] GC(234) ParOldGen: 175058K(699392K)->175169K(699392K)
[31.538s][info][gc,metaspace   ] GC(234) Metaspace: 59938K(60800K)->59938K(60800K) NonClass: 52385K(52864K)->52385K(52864K) Class: 7552K(7936K)->7552K(7936K)
[31.538s][info][gc             ] GC(234) Pause Young (Allocation Failure) 304M->171M(815M) 0.932ms
[31.538s][info][gc,cpu         ] GC(234) User=0.00s Sys=0.00s Real=0.00s
[31.591s][info][gc,start       ] GC(235) Pause Young (Allocation Failure)
[31.592s][info][gc,heap        ] GC(235) PSYoungGen: 135136K(135168K)->576K(133632K) Eden: 134656K(134656K)->0K(132608K) From: 480K(512K)->576K(1024K)
[31.592s][info][gc,heap        ] GC(235) ParOldGen: 175169K(699392K)->175456K(699392K)
[31.592s][info][gc,metaspace   ] GC(235) Metaspace: 59943K(60800K)->59943K(60800K) NonClass: 52391K(52864K)->52391K(52864K) Class: 7552K(7936K)->7552K(7936K)
[31.592s][info][gc             ] GC(235) Pause Young (Allocation Failure) 303M->171M(813M) 0.896ms
[31.592s][info][gc,cpu         ] GC(235) User=0.00s Sys=0.00s Real=0.00s
[31.645s][info][gc,start       ] GC(236) Pause Young (Allocation Failure)
[31.646s][info][gc,heap        ] GC(236) PSYoungGen: 133184K(133632K)->224K(131072K) Eden: 132608K(132608K)->0K(130560K) From: 576K(1024K)->224K(512K)
[31.646s][info][gc,heap        ] GC(236) ParOldGen: 175456K(699392K)->175584K(699392K)
[31.646s][info][gc,metaspace   ] GC(236) Metaspace: 59943K(60800K)->59943K(60800K) NonClass: 52391K(52864K)->52391K(52864K) Class: 7552K(7936K)->7552K(7936K)
[31.646s][info][gc             ] GC(236) Pause Young (Allocation Failure) 301M->171M(811M) 0.828ms
[31.646s][info][gc,cpu         ] GC(236) User=0.00s Sys=0.00s Real=0.00s
[31.696s][info][gc,start       ] GC(237) Pause Young (Allocation Failure)
[31.697s][info][gc,heap        ] GC(237) PSYoungGen: 130784K(131072K)->192K(129536K) Eden: 130560K(130560K)->0K(128512K) From: 224K(512K)->192K(1024K)
[31.697s][info][gc,heap        ] GC(237) ParOldGen: 175584K(699392K)->175592K(699392K)
[31.697s][info][gc,metaspace   ] GC(237) Metaspace: 59943K(60800K)->59943K(60800K) NonClass: 52391K(52864K)->52391K(52864K) Class: 7552K(7936K)->7552K(7936K)
[31.697s][info][gc             ] GC(237) Pause Young (Allocation Failure) 299M->171M(809M) 0.772ms
[31.697s][info][gc,cpu         ] GC(237) User=0.00s Sys=0.00s Real=0.00s
[31.747s][info][gc,start       ] GC(238) Pause Young (Allocation Failure)
[31.748s][info][gc,heap        ] GC(238) PSYoungGen: 128704K(129536K)->288K(126976K) Eden: 128512K(128512K)->0K(126464K) From: 192K(1024K)->288K(512K)
[31.748s][info][gc,heap        ] GC(238) ParOldGen: 175592K(699392K)->175592K(699392K)
[31.748s][info][gc,metaspace   ] GC(238) Metaspace: 59943K(60800K)->59943K(60800K) NonClass: 52391K(52864K)->52391K(52864K) Class: 7552K(7936K)->7552K(7936K)
[31.748s][info][gc             ] GC(238) Pause Young (Allocation Failure) 297M->171M(807M) 0.764ms
[31.748s][info][gc,cpu         ] GC(238) User=0.00s Sys=0.00s Real=0.00s
[31.796s][info][gc,start       ] GC(239) Pause Young (Allocation Failure)
[31.797s][info][gc,heap        ] GC(239) PSYoungGen: 126752K(126976K)->288K(153088K) Eden: 126464K(126464K)->0K(152064K) From: 288K(512K)->288K(1024K)
[31.797s][info][gc,heap        ] GC(239) ParOldGen: 175592K(699392K)->175600K(699392K)
[31.797s][info][gc,metaspace   ] GC(239) Metaspace: 59943K(60800K)->59943K(60800K) NonClass: 52391K(52864K)->52391K(52864K) Class: 7552K(7936K)->7552K(7936K)
[31.797s][info][gc             ] GC(239) Pause Young (Allocation Failure) 295M->171M(832M) 0.742ms
[31.797s][info][gc,cpu         ] GC(239) User=0.00s Sys=0.00s Real=0.00s
[31.855s][info][gc,start       ] GC(240) Pause Young (Allocation Failure)
[31.855s][info][gc,heap        ] GC(240) PSYoungGen: 152352K(153088K)->320K(183296K) Eden: 152064K(152064K)->0K(182784K) From: 288K(1024K)->320K(512K)
[31.855s][info][gc,heap        ] GC(240) ParOldGen: 175600K(699392K)->175608K(699392K)
[31.855s][info][gc,metaspace   ] GC(240) Metaspace: 59943K(60800K)->59943K(60800K) NonClass: 52391K(52864K)->52391K(52864K) Class: 7552K(7936K)->7552K(7936K)
[31.855s][info][gc             ] GC(240) Pause Young (Allocation Failure) 320M->171M(862M) 0.963ms
[31.856s][info][gc,cpu         ] GC(240) User=0.00s Sys=0.00s Real=0.00s
[31.916s][info][gc,start       ] GC(241) Pause Young (Allocation Failure)
[31.917s][info][gc,heap        ] GC(241) PSYoungGen: 183104K(183296K)->352K(180224K) Eden: 182784K(182784K)->0K(179200K) From: 320K(512K)->352K(1024K)
[31.917s][info][gc,heap        ] GC(241) ParOldGen: 175608K(699392K)->175624K(699392K)
[31.917s][info][gc,metaspace   ] GC(241) Metaspace: 59943K(60800K)->59943K(60800K) NonClass: 52391K(52864K)->52391K(52864K) Class: 7552K(7936K)->7552K(7936K)
[31.917s][info][gc             ] GC(241) Pause Young (Allocation Failure) 350M->171M(859M) 0.815ms
[31.917s][info][gc,cpu         ] GC(241) User=0.00s Sys=0.00s Real=0.00s
[31.977s][info][gc,start       ] GC(242) Pause Young (Allocation Failure)
[31.978s][info][gc,heap        ] GC(242) PSYoungGen: 179552K(180224K)->192K(176128K) Eden: 179200K(179200K)->0K(175616K) From: 352K(1024K)->192K(512K)
[31.978s][info][gc,heap        ] GC(242) ParOldGen: 175624K(699392K)->175632K(699392K)
[31.978s][info][gc,metaspace   ] GC(242) Metaspace: 59943K(60800K)->59943K(60800K) NonClass: 52391K(52864K)->52391K(52864K) Class: 7552K(7936K)->7552K(7936K)
[31.978s][info][gc             ] GC(242) Pause Young (Allocation Failure) 346M->171M(855M) 0.727ms
[31.978s][info][gc,cpu         ] GC(242) User=0.00s Sys=0.00s Real=0.00s
[32.043s][info][gc,start       ] GC(243) Pause Young (Allocation Failure)
[32.043s][info][gc,heap        ] GC(243) PSYoungGen: 175808K(176128K)->288K(173568K) Eden: 175616K(175616K)->0K(172544K) From: 192K(512K)->288K(1024K)
[32.043s][info][gc,heap        ] GC(243) ParOldGen: 175632K(699392K)->175648K(699392K)
[32.043s][info][gc,metaspace   ] GC(243) Metaspace: 59943K(60800K)->59943K(60800K) NonClass: 52391K(52864K)->52391K(52864K) Class: 7552K(7936K)->7552K(7936K)
[32.043s][info][gc             ] GC(243) Pause Young (Allocation Failure) 343M->171M(852M) 0.618ms
[32.043s][info][gc,cpu         ] GC(243) User=0.00s Sys=0.00s Real=0.00s
[32.109s][info][gc,start       ] GC(244) Pause Young (Allocation Failure)
[32.110s][info][gc,heap        ] GC(244) PSYoungGen: 172832K(173568K)->256K(169984K) Eden: 172544K(172544K)->0K(169472K) From: 288K(1024K)->256K(512K)
[32.110s][info][gc,heap        ] GC(244) ParOldGen: 175648K(699392K)->175656K(699392K)
[32.110s][info][gc,metaspace   ] GC(244) Metaspace: 59943K(60800K)->59943K(60800K) NonClass: 52391K(52864K)->52391K(52864K) Class: 7552K(7936K)->7552K(7936K)
[32.110s][info][gc             ] GC(244) Pause Young (Allocation Failure) 340M->171M(849M) 0.676ms
[32.110s][info][gc,cpu         ] GC(244) User=0.00s Sys=0.00s Real=0.00s
[32.178s][info][gc,start       ] GC(245) Pause Young (Allocation Failure)
[32.178s][info][gc,heap        ] GC(245) PSYoungGen: 169728K(169984K)->192K(167424K) Eden: 169472K(169472K)->0K(166400K) From: 256K(512K)->192K(1024K)
[32.178s][info][gc,heap        ] GC(245) ParOldGen: 175656K(699392K)->175672K(699392K)
[32.179s][info][gc,metaspace   ] GC(245) Metaspace: 59943K(60800K)->59943K(60800K) NonClass: 52391K(52864K)->52391K(52864K) Class: 7552K(7936K)->7552K(7936K)
[32.179s][info][gc             ] GC(245) Pause Young (Allocation Failure) 337M->171M(846M) 0.681ms
[32.179s][info][gc,cpu         ] GC(245) User=0.00s Sys=0.00s Real=0.00s
[32.276s][info][gc,start       ] GC(246) Pause Young (Allocation Failure)
[32.279s][info][gc,heap        ] GC(246) PSYoungGen: 162760K(167424K)->704K(200704K) Eden: 162568K(166400K)->0K(199680K) From: 192K(1024K)->704K(1024K)
[32.279s][info][gc,heap        ] GC(246) ParOldGen: 175672K(699392K)->175688K(699392K)
[32.279s][info][gc,metaspace   ] GC(246) Metaspace: 59947K(60800K)->59947K(60800K) NonClass: 52395K(52864K)->52395K(52864K) Class: 7552K(7936K)->7552K(7936K)
[32.279s][info][gc             ] GC(246) Pause Young (Allocation Failure) 330M->172M(879M) 2.698ms
[32.279s][info][gc,cpu         ] GC(246) User=0.00s Sys=0.00s Real=0.00s
[32.296s][info][gc,start       ] GC(247) Pause Young (System.gc())
[32.297s][info][gc,heap        ] GC(247) PSYoungGen: 9297K(200704K)->672K(200704K) Eden: 8593K(199680K)->0K(199680K) From: 704K(1024K)->672K(1024K)
[32.297s][info][gc,heap        ] GC(247) ParOldGen: 175688K(699392K)->175866K(699392K)
[32.297s][info][gc,metaspace   ] GC(247) Metaspace: 59965K(60800K)->59965K(60800K) NonClass: 52413K(52864K)->52413K(52864K) Class: 7552K(7936K)->7552K(7936K)
[32.297s][info][gc             ] GC(247) Pause Young (System.gc()) 180M->172M(879M) 0.863ms
[32.297s][info][gc,cpu         ] GC(247) User=0.00s Sys=0.00s Real=0.00s
[32.297s][info][gc,start       ] GC(248) Pause Full (System.gc())
[32.297s][info][gc,phases,start] GC(248) Marking Phase
[32.400s][info][gc,phases      ] GC(248) Marking Phase 102.686ms
[32.400s][info][gc,phases,start] GC(248) Summary Phase
[32.400s][info][gc,phases      ] GC(248) Summary Phase 0.015ms
[32.400s][info][gc,phases,start] GC(248) Adjust Roots
[32.406s][info][gc,phases      ] GC(248) Adjust Roots 6.412ms
[32.406s][info][gc,phases,start] GC(248) Compaction Phase
[32.425s][info][gc,phases      ] GC(248) Compaction Phase 19.031ms
[32.425s][info][gc,phases,start] GC(248) Post Compact
[32.426s][info][gc,phases      ] GC(248) Post Compact 1.018ms
[32.426s][info][gc,heap        ] GC(248) PSYoungGen: 672K(200704K)->0K(200704K) Eden: 0K(199680K)->0K(199680K) From: 672K(1024K)->0K(1024K)
[32.426s][info][gc,heap        ] GC(248) ParOldGen: 175866K(699392K)->175090K(699392K)
[32.426s][info][gc,metaspace   ] GC(248) Metaspace: 59965K(60800K)->59965K(60800K) NonClass: 52413K(52864K)->52413K(52864K) Class: 7552K(7936K)->7552K(7936K)
[32.426s][info][gc             ] GC(248) Pause Full (System.gc()) 172M->170M(879M) 129.397ms
[32.426s][info][gc,cpu         ] GC(248) User=2.31s Sys=0.00s Real=0.13s
[32.552s][info][gc,start       ] GC(249) Pause Young (Allocation Failure)
[32.552s][info][gc,heap        ] GC(249) PSYoungGen: 199680K(200704K)->800K(196608K) Eden: 199680K(199680K)->0K(195584K) From: 0K(1024K)->800K(1024K)
[32.553s][info][gc,heap        ] GC(249) ParOldGen: 175090K(699392K)->175098K(699392K)
[32.553s][info][gc,metaspace   ] GC(249) Metaspace: 59991K(60864K)->59991K(60864K) NonClass: 52439K(52928K)->52439K(52928K) Class: 7552K(7936K)->7552K(7936K)
[32.553s][info][gc             ] GC(249) Pause Young (Allocation Failure) 365M->171M(875M) 1.052ms
[32.553s][info][gc,cpu         ] GC(249) User=0.33s Sys=0.00s Real=0.02s
[32.620s][info][gc,start       ] GC(250) Pause Young (Allocation Failure)
[32.621s][info][gc,heap        ] GC(250) PSYoungGen: 196384K(196608K)->544K(192512K) Eden: 195584K(195584K)->0K(191488K) From: 800K(1024K)->544K(1024K)
[32.621s][info][gc,heap        ] GC(250) ParOldGen: 175098K(699392K)->175459K(699392K)
[32.621s][info][gc,metaspace   ] GC(250) Metaspace: 59991K(60864K)->59991K(60864K) NonClass: 52439K(52928K)->52439K(52928K) Class: 7552K(7936K)->7552K(7936K)
[32.621s][info][gc             ] GC(250) Pause Young (Allocation Failure) 362M->171M(871M) 0.968ms
[32.621s][info][gc,cpu         ] GC(250) User=0.00s Sys=0.00s Real=0.00s
[32.696s][info][gc,start       ] GC(251) Pause Young (Allocation Failure)
[32.696s][info][gc,heap        ] GC(251) PSYoungGen: 192032K(192512K)->192K(188416K) Eden: 191488K(191488K)->0K(187904K) From: 544K(1024K)->192K(512K)
[32.696s][info][gc,heap        ] GC(251) ParOldGen: 175459K(699392K)->175595K(699392K)
[32.696s][info][gc,metaspace   ] GC(251) Metaspace: 59991K(60864K)->59991K(60864K) NonClass: 52439K(52928K)->52439K(52928K) Class: 7552K(7936K)->7552K(7936K)
[32.696s][info][gc             ] GC(251) Pause Young (Allocation Failure) 358M->171M(867M) 0.718ms
[32.696s][info][gc,cpu         ] GC(251) User=0.00s Sys=0.00s Real=0.00s
[32.771s][info][gc,start       ] GC(252) Pause Young (Allocation Failure)
[32.772s][info][gc,heap        ] GC(252) PSYoungGen: 188096K(188416K)->352K(185344K) Eden: 187904K(187904K)->0K(184320K) From: 192K(512K)->352K(1024K)
[32.772s][info][gc,heap        ] GC(252) ParOldGen: 175595K(699392K)->175603K(699392K)
[32.772s][info][gc,metaspace   ] GC(252) Metaspace: 59991K(60864K)->59991K(60864K) NonClass: 52439K(52928K)->52439K(52928K) Class: 7552K(7936K)->7552K(7936K)
[32.772s][info][gc             ] GC(252) Pause Young (Allocation Failure) 355M->171M(864M) 0.673ms
[32.772s][info][gc,cpu         ] GC(252) User=0.00s Sys=0.00s Real=0.00s
[32.837s][info][gc,start       ] GC(253) Pause Young (Allocation Failure)
[32.838s][info][gc,heap        ] GC(253) PSYoungGen: 184672K(185344K)->320K(181248K) Eden: 184320K(184320K)->0K(180736K) From: 352K(1024K)->320K(512K)
[32.838s][info][gc,heap        ] GC(253) ParOldGen: 175603K(699392K)->175603K(699392K)
[32.838s][info][gc,metaspace   ] GC(253) Metaspace: 59991K(60864K)->59991K(60864K) NonClass: 52439K(52928K)->52439K(52928K) Class: 7552K(7936K)->7552K(7936K)
[32.838s][info][gc             ] GC(253) Pause Young (Allocation Failure) 351M->171M(860M) 0.788ms
[32.838s][info][gc,cpu         ] GC(253) User=0.00s Sys=0.00s Real=0.00s
[32.903s][info][gc,start       ] GC(254) Pause Young (Allocation Failure)
[32.903s][info][gc,heap        ] GC(254) PSYoungGen: 181056K(181248K)->224K(178176K) Eden: 180736K(180736K)->0K(177152K) From: 320K(512K)->224K(1024K)
[32.903s][info][gc,heap        ] GC(254) ParOldGen: 175603K(699392K)->175611K(699392K)
[32.903s][info][gc,metaspace   ] GC(254) Metaspace: 59991K(60864K)->59991K(60864K) NonClass: 52439K(52928K)->52439K(52928K) Class: 7552K(7936K)->7552K(7936K)
[32.903s][info][gc             ] GC(254) Pause Young (Allocation Failure) 348M->171M(857M) 0.603ms
[32.903s][info][gc,cpu         ] GC(254) User=0.00s Sys=0.00s Real=0.00s
[32.973s][info][gc,start       ] GC(255) Pause Young (Allocation Failure)
[32.974s][info][gc,heap        ] GC(255) PSYoungGen: 177376K(178176K)->256K(174592K) Eden: 177152K(177152K)->0K(174080K) From: 224K(1024K)->256K(512K)
[32.974s][info][gc,heap        ] GC(255) ParOldGen: 175611K(699392K)->175619K(699392K)
[32.974s][info][gc,metaspace   ] GC(255) Metaspace: 59991K(60864K)->59991K(60864K) NonClass: 52439K(52928K)->52439K(52928K) Class: 7552K(7936K)->7552K(7936K)
[32.974s][info][gc             ] GC(255) Pause Young (Allocation Failure) 344M->171M(853M) 0.673ms
[32.974s][info][gc,cpu         ] GC(255) User=0.00s Sys=0.00s Real=0.00s
[33.055s][info][gc,start       ] GC(256) Pause Young (Allocation Failure)
[33.056s][info][gc,heap        ] GC(256) PSYoungGen: 174336K(174592K)->288K(172032K) Eden: 174080K(174080K)->0K(171008K) From: 256K(512K)->288K(1024K)
[33.056s][info][gc,heap        ] GC(256) ParOldGen: 175619K(699392K)->175635K(699392K)
[33.056s][info][gc,metaspace   ] GC(256) Metaspace: 59991K(60864K)->59991K(60864K) NonClass: 52439K(52928K)->52439K(52928K) Class: 7552K(7936K)->7552K(7936K)
[33.056s][info][gc             ] GC(256) Pause Young (Allocation Failure) 341M->171M(851M) 0.709ms
[33.056s][info][gc,cpu         ] GC(256) User=0.00s Sys=0.00s Real=0.00s
[33.116s][info][gc,start       ] GC(257) Pause Young (Allocation Failure)
[33.117s][info][gc,heap        ] GC(257) PSYoungGen: 171296K(172032K)->320K(168448K) Eden: 171008K(171008K)->0K(167936K) From: 288K(1024K)->320K(512K)
[33.117s][info][gc,heap        ] GC(257) ParOldGen: 175635K(699392K)->175651K(699392K)
[33.117s][info][gc,metaspace   ] GC(257) Metaspace: 59991K(60864K)->59991K(60864K) NonClass: 52439K(52928K)->52439K(52928K) Class: 7552K(7936K)->7552K(7936K)
[33.117s][info][gc             ] GC(257) Pause Young (Allocation Failure) 338M->171M(847M) 0.767ms
[33.117s][info][gc,cpu         ] GC(257) User=0.00s Sys=0.00s Real=0.00s
[33.177s][info][gc,start       ] GC(258) Pause Young (Allocation Failure)
[33.177s][info][gc,heap        ] GC(258) PSYoungGen: 168256K(168448K)->128K(165888K) Eden: 167936K(167936K)->0K(164864K) From: 320K(512K)->128K(1024K)
[33.178s][info][gc,heap        ] GC(258) ParOldGen: 175651K(699392K)->175667K(699392K)
[33.178s][info][gc,metaspace   ] GC(258) Metaspace: 59991K(60864K)->59991K(60864K) NonClass: 52439K(52928K)->52439K(52928K) Class: 7552K(7936K)->7552K(7936K)
[33.178s][info][gc             ] GC(258) Pause Young (Allocation Failure) 335M->171M(845M) 0.592ms
[33.178s][info][gc,cpu         ] GC(258) User=0.00s Sys=0.00s Real=0.00s
[33.265s][info][gc,start       ] GC(259) Pause Young (System.gc())
[33.266s][info][gc,heap        ] GC(259) PSYoungGen: 160492K(165888K)->640K(165888K) Eden: 160364K(164864K)->0K(164864K) From: 128K(1024K)->640K(1024K)
[33.266s][info][gc,heap        ] GC(259) ParOldGen: 175667K(699392K)->175683K(699392K)
[33.266s][info][gc,metaspace   ] GC(259) Metaspace: 60006K(60864K)->60006K(60864K) NonClass: 52454K(52928K)->52454K(52928K) Class: 7552K(7936K)->7552K(7936K)
[33.266s][info][gc             ] GC(259) Pause Young (System.gc()) 328M->172M(845M) 0.865ms
[33.266s][info][gc,cpu         ] GC(259) User=0.00s Sys=0.00s Real=0.00s
[33.266s][info][gc,start       ] GC(260) Pause Full (System.gc())
[33.266s][info][gc,phases,start] GC(260) Marking Phase
[33.364s][info][gc,phases      ] GC(260) Marking Phase 97.763ms
[33.364s][info][gc,phases,start] GC(260) Summary Phase
[33.364s][info][gc,phases      ] GC(260) Summary Phase 0.014ms
[33.364s][info][gc,phases,start] GC(260) Adjust Roots
[33.370s][info][gc,phases      ] GC(260) Adjust Roots 6.155ms
[33.370s][info][gc,phases,start] GC(260) Compaction Phase
[33.390s][info][gc,phases      ] GC(260) Compaction Phase 20.119ms
[33.390s][info][gc,phases,start] GC(260) Post Compact
[33.391s][info][gc,phases      ] GC(260) Post Compact 1.134ms
[33.391s][info][gc,heap        ] GC(260) PSYoungGen: 640K(165888K)->0K(165888K) Eden: 0K(164864K)->0K(164864K) From: 640K(1024K)->0K(1024K)
[33.391s][info][gc,heap        ] GC(260) ParOldGen: 175683K(699392K)->175119K(699392K)
[33.391s][info][gc,metaspace   ] GC(260) Metaspace: 60006K(60864K)->60006K(60864K) NonClass: 52454K(52928K)->52454K(52928K) Class: 7552K(7936K)->7552K(7936K)
[33.391s][info][gc             ] GC(260) Pause Full (System.gc()) 172M->171M(845M) 125.504ms
[33.391s][info][gc,cpu         ] GC(260) User=2.22s Sys=0.00s Real=0.13s
[33.506s][info][gc,start       ] GC(261) Pause Young (Allocation Failure)
[33.507s][info][gc,heap        ] GC(261) PSYoungGen: 164864K(165888K)->736K(162816K) Eden: 164864K(164864K)->0K(161792K) From: 0K(1024K)->736K(1024K)
[33.507s][info][gc,heap        ] GC(261) ParOldGen: 175119K(699392K)->175127K(699392K)
[33.507s][info][gc,metaspace   ] GC(261) Metaspace: 60029K(60928K)->60029K(60928K) NonClass: 52475K(52992K)->52475K(52992K) Class: 7553K(7936K)->7553K(7936K)
[33.507s][info][gc             ] GC(261) Pause Young (Allocation Failure) 332M->171M(842M) 1.021ms
[33.507s][info][gc,cpu         ] GC(261) User=0.00s Sys=0.00s Real=0.00s
[33.565s][info][gc,start       ] GC(262) Pause Young (Allocation Failure)
[33.565s][info][gc,heap        ] GC(262) PSYoungGen: 162528K(162816K)->448K(159232K) Eden: 161792K(161792K)->0K(158720K) From: 736K(1024K)->448K(512K)
[33.566s][info][gc,heap        ] GC(262) ParOldGen: 175127K(699392K)->175480K(699392K)
[33.566s][info][gc,metaspace   ] GC(262) Metaspace: 60029K(60928K)->60029K(60928K) NonClass: 52475K(52992K)->52475K(52992K) Class: 7553K(7936K)->7553K(7936K)
[33.566s][info][gc             ] GC(262) Pause Young (Allocation Failure) 329M->171M(838M) 0.916ms
[33.566s][info][gc,cpu         ] GC(262) User=0.00s Sys=0.00s Real=0.00s
[33.622s][info][gc,start       ] GC(263) Pause Young (Allocation Failure)
[33.623s][info][gc,heap        ] GC(263) PSYoungGen: 159168K(159232K)->192K(157184K) Eden: 158720K(158720K)->0K(156160K) From: 448K(512K)->192K(1024K)
[33.623s][info][gc,heap        ] GC(263) ParOldGen: 175480K(699392K)->175608K(699392K)
[33.623s][info][gc,metaspace   ] GC(263) Metaspace: 60029K(60928K)->60029K(60928K) NonClass: 52475K(52992K)->52475K(52992K) Class: 7553K(7936K)->7553K(7936K)
[33.623s][info][gc             ] GC(263) Pause Young (Allocation Failure) 326M->171M(836M) 0.706ms
[33.623s][info][gc,cpu         ] GC(263) User=0.00s Sys=0.00s Real=0.00s
[33.671s][info][gc,start       ] GC(264) Pause Young (Allocation Failure)
[33.672s][info][gc,heap        ] GC(264) PSYoungGen: 156352K(157184K)->224K(154112K) Eden: 156160K(156160K)->0K(153600K) From: 192K(1024K)->224K(512K)
[33.672s][info][gc,heap        ] GC(264) ParOldGen: 175608K(699392K)->175616K(699392K)
[33.672s][info][gc,metaspace   ] GC(264) Metaspace: 60029K(60928K)->60029K(60928K) NonClass: 52475K(52992K)->52475K(52992K) Class: 7553K(7936K)->7553K(7936K)
[33.672s][info][gc             ] GC(264) Pause Young (Allocation Failure) 324M->171M(833M) 0.795ms
[33.672s][info][gc,cpu         ] GC(264) User=0.00s Sys=0.00s Real=0.00s
[33.728s][info][gc,start       ] GC(265) Pause Young (Allocation Failure)
[33.728s][info][gc,heap        ] GC(265) PSYoungGen: 153824K(154112K)->224K(152064K) Eden: 153600K(153600K)->0K(151040K) From: 224K(512K)->224K(1024K)
[33.728s][info][gc,heap        ] GC(265) ParOldGen: 175616K(699392K)->175616K(699392K)
[33.728s][info][gc,metaspace   ] GC(265) Metaspace: 60029K(60928K)->60029K(60928K) NonClass: 52475K(52992K)->52475K(52992K) Class: 7553K(7936K)->7553K(7936K)
[33.728s][info][gc             ] GC(265) Pause Young (Allocation Failure) 321M->171M(831M) 0.609ms
[33.728s][info][gc,cpu         ] GC(265) User=0.00s Sys=0.00s Real=0.00s
[33.788s][info][gc,start       ] GC(266) Pause Young (Allocation Failure)
[33.789s][info][gc,heap        ] GC(266) PSYoungGen: 151264K(152064K)->256K(148992K) Eden: 151040K(151040K)->0K(148480K) From: 224K(1024K)->256K(512K)
[33.789s][info][gc,heap        ] GC(266) ParOldGen: 175616K(699392K)->175624K(699392K)
[33.789s][info][gc,metaspace   ] GC(266) Metaspace: 60029K(60928K)->60029K(60928K) NonClass: 52475K(52992K)->52475K(52992K) Class: 7553K(7936K)->7553K(7936K)
[33.789s][info][gc             ] GC(266) Pause Young (Allocation Failure) 319M->171M(828M) 0.922ms
[33.789s][info][gc,cpu         ] GC(266) User=0.00s Sys=0.00s Real=0.00s
[33.842s][info][gc,start       ] GC(267) Pause Young (Allocation Failure)
[33.842s][info][gc,heap        ] GC(267) PSYoungGen: 148736K(148992K)->288K(146944K) Eden: 148480K(148480K)->0K(145920K) From: 256K(512K)->288K(1024K)
[33.842s][info][gc,heap        ] GC(267) ParOldGen: 175624K(699392K)->175632K(699392K)
[33.843s][info][gc,metaspace   ] GC(267) Metaspace: 60029K(60928K)->60029K(60928K) NonClass: 52475K(52992K)->52475K(52992K) Class: 7553K(7936K)->7553K(7936K)
[33.843s][info][gc             ] GC(267) Pause Young (Allocation Failure) 316M->171M(826M) 0.654ms
[33.843s][info][gc,cpu         ] GC(267) User=0.00s Sys=0.00s Real=0.00s
[33.887s][info][gc,start       ] GC(268) Pause Young (Allocation Failure)
[33.888s][info][gc,heap        ] GC(268) PSYoungGen: 146208K(146944K)->256K(143872K) Eden: 145920K(145920K)->0K(143360K) From: 288K(1024K)->256K(512K)
[33.888s][info][gc,heap        ] GC(268) ParOldGen: 175632K(699392K)->175656K(699392K)
[33.888s][info][gc,metaspace   ] GC(268) Metaspace: 60029K(60928K)->60029K(60928K) NonClass: 52475K(52992K)->52475K(52992K) Class: 7553K(7936K)->7553K(7936K)
[33.888s][info][gc             ] GC(268) Pause Young (Allocation Failure) 314M->171M(823M) 0.793ms
[33.888s][info][gc,cpu         ] GC(268) User=0.00s Sys=0.00s Real=0.00s
[33.932s][info][gc,start       ] GC(269) Pause Young (Allocation Failure)
[33.933s][info][gc,heap        ] GC(269) PSYoungGen: 143616K(143872K)->288K(142336K) Eden: 143360K(143360K)->0K(141312K) From: 256K(512K)->288K(1024K)
[33.933s][info][gc,heap        ] GC(269) ParOldGen: 175656K(699392K)->175664K(699392K)
[33.933s][info][gc,metaspace   ] GC(269) Metaspace: 60029K(60928K)->60029K(60928K) NonClass: 52475K(52992K)->52475K(52992K) Class: 7553K(7936K)->7553K(7936K)
[33.933s][info][gc             ] GC(269) Pause Young (Allocation Failure) 311M->171M(822M) 0.607ms
[33.933s][info][gc,cpu         ] GC(269) User=0.30s Sys=0.00s Real=0.01s
[33.985s][info][gc,start       ] GC(270) Pause Young (Allocation Failure)
[33.986s][info][gc,heap        ] GC(270) PSYoungGen: 141600K(142336K)->256K(139776K) Eden: 141312K(141312K)->0K(139264K) From: 288K(1024K)->256K(512K)
[33.986s][info][gc,heap        ] GC(270) ParOldGen: 175664K(699392K)->175680K(699392K)
[33.986s][info][gc,metaspace   ] GC(270) Metaspace: 60029K(60928K)->60029K(60928K) NonClass: 52475K(52992K)->52475K(52992K) Class: 7553K(7936K)->7553K(7936K)
[33.986s][info][gc             ] GC(270) Pause Young (Allocation Failure) 309M->171M(819M) 1.088ms
[33.986s][info][gc,cpu         ] GC(270) User=0.00s Sys=0.00s Real=0.00s
[34.037s][info][gc,start       ] GC(271) Pause Young (Allocation Failure)
[34.037s][info][gc,heap        ] GC(271) PSYoungGen: 139520K(139776K)->256K(138240K) Eden: 139264K(139264K)->0K(137216K) From: 256K(512K)->256K(1024K)
[34.037s][info][gc,heap        ] GC(271) ParOldGen: 175680K(699392K)->175704K(699392K)
[34.038s][info][gc,metaspace   ] GC(271) Metaspace: 60029K(60928K)->60029K(60928K) NonClass: 52475K(52992K)->52475K(52992K) Class: 7553K(7936K)->7553K(7936K)
[34.038s][info][gc             ] GC(271) Pause Young (Allocation Failure) 307M->171M(818M) 0.772ms
[34.038s][info][gc,cpu         ] GC(271) User=0.00s Sys=0.00s Real=0.00s
[34.080s][info][gc,start       ] GC(272) Pause Young (Allocation Failure)
[34.081s][info][gc,heap        ] GC(272) PSYoungGen: 137472K(138240K)->192K(165376K) Eden: 137216K(137216K)->0K(164864K) From: 256K(1024K)->192K(512K)
[34.081s][info][gc,heap        ] GC(272) ParOldGen: 175704K(699392K)->175720K(699392K)
[34.081s][info][gc,metaspace   ] GC(272) Metaspace: 60029K(60928K)->60029K(60928K) NonClass: 52475K(52992K)->52475K(52992K) Class: 7553K(7936K)->7553K(7936K)
[34.081s][info][gc             ] GC(272) Pause Young (Allocation Failure) 305M->171M(844M) 0.855ms
[34.081s][info][gc,cpu         ] GC(272) User=0.00s Sys=0.00s Real=0.00s
[34.165s][info][gc,start       ] GC(273) Pause Young (Allocation Failure)
[34.166s][info][gc,heap        ] GC(273) PSYoungGen: 165056K(165376K)->640K(162816K) Eden: 164864K(164864K)->0K(161792K) From: 192K(512K)->640K(1024K)
[34.166s][info][gc,heap        ] GC(273) ParOldGen: 175720K(699392K)->175752K(699392K)
[34.166s][info][gc,metaspace   ] GC(273) Metaspace: 60032K(60928K)->60032K(60928K) NonClass: 52479K(52992K)->52479K(52992K) Class: 7553K(7936K)->7553K(7936K)
[34.166s][info][gc             ] GC(273) Pause Young (Allocation Failure) 332M->172M(842M) 0.906ms
[34.166s][info][gc,cpu         ] GC(273) User=0.00s Sys=0.00s Real=0.00s
[34.220s][info][gc,start       ] GC(274) Pause Young (System.gc())
[34.221s][info][gc,heap        ] GC(274) PSYoungGen: 27901K(162816K)->640K(162816K) Eden: 27261K(161792K)->0K(161792K) From: 640K(1024K)->640K(1024K)
[34.221s][info][gc,heap        ] GC(274) ParOldGen: 175752K(699392K)->175888K(699392K)
[34.221s][info][gc,metaspace   ] GC(274) Metaspace: 60043K(60928K)->60043K(60928K) NonClass: 52490K(52992K)->52490K(52992K) Class: 7553K(7936K)->7553K(7936K)
[34.221s][info][gc             ] GC(274) Pause Young (System.gc()) 198M->172M(842M) 0.958ms
[34.221s][info][gc,cpu         ] GC(274) User=0.00s Sys=0.00s Real=0.00s
[34.221s][info][gc,start       ] GC(275) Pause Full (System.gc())
[34.222s][info][gc,phases,start] GC(275) Marking Phase
[34.322s][info][gc,phases      ] GC(275) Marking Phase 100.799ms
[34.322s][info][gc,phases,start] GC(275) Summary Phase
[34.322s][info][gc,phases      ] GC(275) Summary Phase 0.014ms
[34.322s][info][gc,phases,start] GC(275) Adjust Roots
[34.330s][info][gc,phases      ] GC(275) Adjust Roots 7.201ms
[34.330s][info][gc,phases,start] GC(275) Compaction Phase
[34.349s][info][gc,phases      ] GC(275) Compaction Phase 19.732ms
[34.349s][info][gc,phases,start] GC(275) Post Compact
[34.350s][info][gc,phases      ] GC(275) Post Compact 0.982ms
[34.350s][info][gc,heap        ] GC(275) PSYoungGen: 640K(162816K)->0K(162816K) Eden: 0K(161792K)->0K(161792K) From: 640K(1024K)->0K(1024K)
[34.350s][info][gc,heap        ] GC(275) ParOldGen: 175888K(699392K)->175151K(699392K)
[34.350s][info][gc,metaspace   ] GC(275) Metaspace: 60043K(60928K)->60043K(60928K) NonClass: 52490K(52992K)->52490K(52992K) Class: 7553K(7936K)->7553K(7936K)
[34.350s][info][gc             ] GC(275) Pause Full (System.gc()) 172M->171M(842M) 128.954ms
[34.350s][info][gc,cpu         ] GC(275) User=2.20s Sys=0.00s Real=0.13s
[34.454s][info][gc,start       ] GC(276) Pause Young (Allocation Failure)
[34.455s][info][gc,heap        ] GC(276) PSYoungGen: 161792K(162816K)->736K(159744K) Eden: 161792K(161792K)->0K(158720K) From: 0K(1024K)->736K(1024K)
[34.455s][info][gc,heap        ] GC(276) ParOldGen: 175151K(699392K)->175151K(699392K)
[34.455s][info][gc,metaspace   ] GC(276) Metaspace: 60069K(60992K)->60069K(60992K) NonClass: 52516K(53056K)->52516K(53056K) Class: 7553K(7936K)->7553K(7936K)
[34.455s][info][gc             ] GC(276) Pause Young (Allocation Failure) 329M->171M(839M) 1.160ms
[34.455s][info][gc,cpu         ] GC(276) User=0.00s Sys=0.00s Real=0.00s
[34.504s][info][gc,start       ] GC(277) Pause Young (Allocation Failure)
[34.505s][info][gc,heap        ] GC(277) PSYoungGen: 159456K(159744K)->512K(156672K) Eden: 158720K(158720K)->0K(156160K) From: 736K(1024K)->512K(512K)
[34.505s][info][gc,heap        ] GC(277) ParOldGen: 175151K(699392K)->175512K(699392K)
[34.505s][info][gc,metaspace   ] GC(277) Metaspace: 60069K(60992K)->60069K(60992K) NonClass: 52516K(53056K)->52516K(53056K) Class: 7553K(7936K)->7553K(7936K)
[34.505s][info][gc             ] GC(277) Pause Young (Allocation Failure) 326M->171M(836M) 0.814ms
[34.505s][info][gc,cpu         ] GC(277) User=0.00s Sys=0.00s Real=0.00s
[34.568s][info][gc,start       ] GC(278) Pause Young (Allocation Failure)
[34.569s][info][gc,heap        ] GC(278) PSYoungGen: 156672K(156672K)->256K(154624K) Eden: 156160K(156160K)->0K(153600K) From: 512K(512K)->256K(1024K)
[34.569s][info][gc,heap        ] GC(278) ParOldGen: 175512K(699392K)->175640K(699392K)
[34.569s][info][gc,metaspace   ] GC(278) Metaspace: 60069K(60992K)->60069K(60992K) NonClass: 52516K(53056K)->52516K(53056K) Class: 7553K(7936K)->7553K(7936K)
[34.569s][info][gc             ] GC(278) Pause Young (Allocation Failure) 324M->171M(834M) 0.739ms
[34.569s][info][gc,cpu         ] GC(278) User=0.00s Sys=0.00s Real=0.00s
[34.639s][info][gc,start       ] GC(279) Pause Young (Allocation Failure)
[34.639s][info][gc,heap        ] GC(279) PSYoungGen: 153856K(154624K)->288K(151552K) Eden: 153600K(153600K)->0K(151040K) From: 256K(1024K)->288K(512K)
[34.639s][info][gc,heap        ] GC(279) ParOldGen: 175640K(699392K)->175648K(699392K)
[34.639s][info][gc,metaspace   ] GC(279) Metaspace: 60069K(60992K)->60069K(60992K) NonClass: 52516K(53056K)->52516K(53056K) Class: 7553K(7936K)->7553K(7936K)
[34.639s][info][gc             ] GC(279) Pause Young (Allocation Failure) 321M->171M(831M) 0.900ms
[34.639s][info][gc,cpu         ] GC(279) User=0.00s Sys=0.00s Real=0.00s
[34.701s][info][gc,start       ] GC(280) Pause Young (Allocation Failure)
[34.702s][info][gc,heap        ] GC(280) PSYoungGen: 151328K(151552K)->256K(149504K) Eden: 151040K(151040K)->0K(148480K) From: 288K(512K)->256K(1024K)
[34.702s][info][gc,heap        ] GC(280) ParOldGen: 175648K(699392K)->175648K(699392K)
[34.702s][info][gc,metaspace   ] GC(280) Metaspace: 60069K(60992K)->60069K(60992K) NonClass: 52516K(53056K)->52516K(53056K) Class: 7553K(7936K)->7553K(7936K)
[34.702s][info][gc             ] GC(280) Pause Young (Allocation Failure) 319M->171M(829M) 0.698ms
[34.702s][info][gc,cpu         ] GC(280) User=0.00s Sys=0.00s Real=0.00s
[34.756s][info][gc,start       ] GC(281) Pause Young (Allocation Failure)
[34.756s][info][gc,heap        ] GC(281) PSYoungGen: 148736K(149504K)->288K(146432K) Eden: 148480K(148480K)->0K(145920K) From: 256K(1024K)->288K(512K)
[34.756s][info][gc,heap        ] GC(281) ParOldGen: 175648K(699392K)->175656K(699392K)
[34.756s][info][gc,metaspace   ] GC(281) Metaspace: 60069K(60992K)->60069K(60992K) NonClass: 52516K(53056K)->52516K(53056K) Class: 7553K(7936K)->7553K(7936K)
[34.756s][info][gc             ] GC(281) Pause Young (Allocation Failure) 316M->171M(826M) 0.682ms
[34.756s][info][gc,cpu         ] GC(281) User=0.00s Sys=0.00s Real=0.00s
[34.815s][info][gc,start       ] GC(282) Pause Young (Allocation Failure)
[34.816s][info][gc,heap        ] GC(282) PSYoungGen: 146208K(146432K)->224K(144384K) Eden: 145920K(145920K)->0K(143360K) From: 288K(512K)->224K(1024K)
[34.816s][info][gc,heap        ] GC(282) ParOldGen: 175656K(699392K)->175664K(699392K)
[34.816s][info][gc,metaspace   ] GC(282) Metaspace: 60069K(60992K)->60069K(60992K) NonClass: 52516K(53056K)->52516K(53056K) Class: 7553K(7936K)->7553K(7936K)
[34.816s][info][gc             ] GC(282) Pause Young (Allocation Failure) 314M->171M(824M) 0.629ms
[34.816s][info][gc,cpu         ] GC(282) User=0.00s Sys=0.00s Real=0.00s
[34.881s][info][gc,start       ] GC(283) Pause Young (Allocation Failure)
[34.881s][info][gc,heap        ] GC(283) PSYoungGen: 143584K(144384K)->192K(141824K) Eden: 143360K(143360K)->0K(141312K) From: 224K(1024K)->192K(512K)
[34.882s][info][gc,heap        ] GC(283) ParOldGen: 175664K(699392K)->175688K(699392K)
[34.882s][info][gc,metaspace   ] GC(283) Metaspace: 60069K(60992K)->60069K(60992K) NonClass: 52516K(53056K)->52516K(53056K) Class: 7553K(7936K)->7553K(7936K)
[34.882s][info][gc             ] GC(283) Pause Young (Allocation Failure) 311M->171M(821M) 0.960ms
[34.882s][info][gc,cpu         ] GC(283) User=0.00s Sys=0.00s Real=0.00s
[34.940s][info][gc,start       ] GC(284) Pause Young (Allocation Failure)
[34.940s][info][gc,heap        ] GC(284) PSYoungGen: 141504K(141824K)->224K(140288K) Eden: 141312K(141312K)->0K(139264K) From: 192K(512K)->224K(1024K)
[34.940s][info][gc,heap        ] GC(284) ParOldGen: 175688K(699392K)->175696K(699392K)
[34.940s][info][gc,metaspace   ] GC(284) Metaspace: 60069K(60992K)->60069K(60992K) NonClass: 52516K(53056K)->52516K(53056K) Class: 7553K(7936K)->7553K(7936K)
[34.940s][info][gc             ] GC(284) Pause Young (Allocation Failure) 309M->171M(820M) 0.665ms
[34.940s][info][gc,cpu         ] GC(284) User=0.05s Sys=0.03s Real=0.02s
[34.998s][info][gc,start       ] GC(285) Pause Young (Allocation Failure)
[34.999s][info][gc,heap        ] GC(285) PSYoungGen: 139488K(140288K)->256K(137728K) Eden: 139264K(139264K)->0K(137216K) From: 224K(1024K)->256K(512K)
[34.999s][info][gc,heap        ] GC(285) ParOldGen: 175696K(699392K)->175720K(699392K)
[34.999s][info][gc,metaspace   ] GC(285) Metaspace: 60069K(60992K)->60069K(60992K) NonClass: 52516K(53056K)->52516K(53056K) Class: 7553K(7936K)->7553K(7936K)
[34.999s][info][gc             ] GC(285) Pause Young (Allocation Failure) 307M->171M(817M) 0.787ms
[34.999s][info][gc,cpu         ] GC(285) User=0.00s Sys=0.00s Real=0.00s
[35.057s][info][gc,start       ] GC(286) Pause Young (Allocation Failure)
[35.057s][info][gc,heap        ] GC(286) PSYoungGen: 137472K(137728K)->288K(136192K) Eden: 137216K(137216K)->0K(135168K) From: 256K(512K)->288K(1024K)
[35.057s][info][gc,heap        ] GC(286) ParOldGen: 175720K(699392K)->175736K(699392K)
[35.057s][info][gc,metaspace   ] GC(286) Metaspace: 60069K(60992K)->60069K(60992K) NonClass: 52516K(53056K)->52516K(53056K) Class: 7553K(7936K)->7553K(7936K)
[35.057s][info][gc             ] GC(286) Pause Young (Allocation Failure) 305M->171M(816M) 0.634ms
[35.057s][info][gc,cpu         ] GC(286) User=0.27s Sys=0.02s Real=0.02s
[35.113s][info][gc,start       ] GC(287) Pause Young (Allocation Failure)
[35.114s][info][gc,heap        ] GC(287) PSYoungGen: 135456K(136192K)->288K(133632K) Eden: 135168K(135168K)->0K(133120K) From: 288K(1024K)->288K(512K)
[35.114s][info][gc,heap        ] GC(287) ParOldGen: 175736K(699392K)->175744K(699392K)
[35.114s][info][gc,metaspace   ] GC(287) Metaspace: 60071K(60992K)->60071K(60992K) NonClass: 52518K(53056K)->52518K(53056K) Class: 7553K(7936K)->7553K(7936K)
[35.114s][info][gc             ] GC(287) Pause Young (Allocation Failure) 303M->171M(813M) 0.814ms
[35.114s][info][gc,cpu         ] GC(287) User=0.00s Sys=0.00s Real=0.00s
[35.169s][info][gc,start       ] GC(288) Pause Young (Allocation Failure)
[35.169s][info][gc,heap        ] GC(288) PSYoungGen: 133408K(133632K)->192K(132096K) Eden: 133120K(133120K)->0K(131072K) From: 288K(512K)->192K(1024K)
[35.169s][info][gc,heap        ] GC(288) ParOldGen: 175744K(699392K)->175768K(699392K)
[35.169s][info][gc,metaspace   ] GC(288) Metaspace: 60071K(60992K)->60071K(60992K) NonClass: 52518K(53056K)->52518K(53056K) Class: 7553K(7936K)->7553K(7936K)
[35.169s][info][gc             ] GC(288) Pause Young (Allocation Failure) 301M->171M(812M) 0.726ms
[35.169s][info][gc,cpu         ] GC(288) User=0.00s Sys=0.00s Real=0.00s
[35.223s][info][gc,start       ] GC(289) Pause Young (System.gc())
[35.224s][info][gc,heap        ] GC(289) PSYoungGen: 84960K(132096K)->608K(132096K) Eden: 84768K(131072K)->0K(131072K) From: 192K(1024K)->608K(1024K)
[35.224s][info][gc,heap        ] GC(289) ParOldGen: 175768K(699392K)->175792K(699392K)
[35.224s][info][gc,metaspace   ] GC(289) Metaspace: 60098K(60992K)->60098K(60992K) NonClass: 52545K(53056K)->52545K(53056K) Class: 7553K(7936K)->7553K(7936K)
[35.224s][info][gc             ] GC(289) Pause Young (System.gc()) 254M->172M(812M) 0.963ms
[35.224s][info][gc,cpu         ] GC(289) User=0.00s Sys=0.00s Real=0.00s
[35.224s][info][gc,start       ] GC(290) Pause Full (System.gc())
[35.224s][info][gc,phases,start] GC(290) Marking Phase
[35.322s][info][gc,phases      ] GC(290) Marking Phase 97.499ms
[35.322s][info][gc,phases,start] GC(290) Summary Phase
[35.322s][info][gc,phases      ] GC(290) Summary Phase 0.013ms
[35.322s][info][gc,phases,start] GC(290) Adjust Roots
[35.329s][info][gc,phases      ] GC(290) Adjust Roots 6.977ms
[35.329s][info][gc,phases,start] GC(290) Compaction Phase
[35.353s][info][gc,phases      ] GC(290) Compaction Phase 24.032ms
[35.353s][info][gc,phases,start] GC(290) Post Compact
[35.354s][info][gc,phases      ] GC(290) Post Compact 0.987ms
[35.354s][info][gc,heap        ] GC(290) PSYoungGen: 608K(132096K)->0K(132096K) Eden: 0K(131072K)->0K(131072K) From: 608K(1024K)->0K(1024K)
[35.354s][info][gc,heap        ] GC(290) ParOldGen: 175792K(699392K)->175183K(699392K)
[35.354s][info][gc,metaspace   ] GC(290) Metaspace: 60098K(60992K)->60098K(60992K) NonClass: 52545K(53056K)->52545K(53056K) Class: 7553K(7936K)->7553K(7936K)
[35.354s][info][gc             ] GC(290) Pause Full (System.gc()) 172M->171M(812M) 129.742ms
[35.354s][info][gc,cpu         ] GC(290) User=1.81s Sys=0.00s Real=0.13s
[35.464s][info][gc,start       ] GC(291) Pause Young (Allocation Failure)
[35.465s][info][gc,heap        ] GC(291) PSYoungGen: 131072K(132096K)->704K(130048K) Eden: 131072K(131072K)->0K(129024K) From: 0K(1024K)->704K(1024K)
[35.465s][info][gc,heap        ] GC(291) ParOldGen: 175183K(699392K)->175191K(699392K)
[35.466s][info][gc,metaspace   ] GC(291) Metaspace: 60116K(60992K)->60116K(60992K) NonClass: 52562K(53056K)->52562K(53056K) Class: 7553K(7936K)->7553K(7936K)
[35.466s][info][gc             ] GC(291) Pause Young (Allocation Failure) 299M->171M(810M) 1.220ms
[35.466s][info][gc,cpu         ] GC(291) User=0.00s Sys=0.00s Real=0.00s
[35.507s][info][gc,start       ] GC(292) Pause Young (Allocation Failure)
[35.508s][info][gc,heap        ] GC(292) PSYoungGen: 129728K(130048K)->512K(127488K) Eden: 129024K(129024K)->0K(126976K) From: 704K(1024K)->512K(512K)
[35.508s][info][gc,heap        ] GC(292) ParOldGen: 175191K(699392K)->175546K(699392K)
[35.508s][info][gc,metaspace   ] GC(292) Metaspace: 60117K(60992K)->60117K(60992K) NonClass: 52563K(53056K)->52563K(53056K) Class: 7553K(7936K)->7553K(7936K)
[35.508s][info][gc             ] GC(292) Pause Young (Allocation Failure) 297M->171M(807M) 0.869ms
[35.508s][info][gc,cpu         ] GC(292) User=0.00s Sys=0.00s Real=0.00s
[35.551s][info][gc,start       ] GC(293) Pause Young (Allocation Failure)
[35.552s][info][gc,heap        ] GC(293) PSYoungGen: 127488K(127488K)->128K(125952K) Eden: 126976K(126976K)->0K(124928K) From: 512K(512K)->128K(1024K)
[35.552s][info][gc,heap        ] GC(293) ParOldGen: 175546K(699392K)->175682K(699392K)
[35.552s][info][gc,metaspace   ] GC(293) Metaspace: 60117K(60992K)->60117K(60992K) NonClass: 52563K(53056K)->52563K(53056K) Class: 7553K(7936K)->7553K(7936K)
[35.552s][info][gc             ] GC(293) Pause Young (Allocation Failure) 295M->171M(806M) 0.724ms
[35.552s][info][gc,cpu         ] GC(293) User=0.00s Sys=0.00s Real=0.00s
[35.595s][info][gc,start       ] GC(294) Pause Young (Allocation Failure)
[35.596s][info][gc,heap        ] GC(294) PSYoungGen: 125056K(125952K)->288K(150528K) Eden: 124928K(124928K)->0K(150016K) From: 128K(1024K)->288K(512K)
[35.596s][info][gc,heap        ] GC(294) ParOldGen: 175682K(699392K)->175682K(699392K)
[35.596s][info][gc,metaspace   ] GC(294) Metaspace: 60117K(60992K)->60117K(60992K) NonClass: 52563K(53056K)->52563K(53056K) Class: 7553K(7936K)->7553K(7936K)
[35.596s][info][gc             ] GC(294) Pause Young (Allocation Failure) 293M->171M(830M) 1.030ms
[35.596s][info][gc,cpu         ] GC(294) User=0.30s Sys=0.00s Real=0.02s
[35.647s][info][gc,start       ] GC(295) Pause Young (Allocation Failure)
[35.648s][info][gc,heap        ] GC(295) PSYoungGen: 150304K(150528K)->224K(181248K) Eden: 150016K(150016K)->0K(180224K) From: 288K(512K)->224K(1024K)
[35.648s][info][gc,heap        ] GC(295) ParOldGen: 175682K(699392K)->175690K(699392K)
[35.648s][info][gc,metaspace   ] GC(295) Metaspace: 60117K(60992K)->60117K(60992K) NonClass: 52563K(53056K)->52563K(53056K) Class: 7553K(7936K)->7553K(7936K)
[35.648s][info][gc             ] GC(295) Pause Young (Allocation Failure) 318M->171M(860M) 0.694ms
[35.648s][info][gc,cpu         ] GC(295) User=0.00s Sys=0.00s Real=0.00s
[35.709s][info][gc,start       ] GC(296) Pause Young (Allocation Failure)
[35.710s][info][gc,heap        ] GC(296) PSYoungGen: 180448K(181248K)->320K(177152K) Eden: 180224K(180224K)->0K(176640K) From: 224K(1024K)->320K(512K)
[35.710s][info][gc,heap        ] GC(296) ParOldGen: 175690K(699392K)->175690K(699392K)
[35.710s][info][gc,metaspace   ] GC(296) Metaspace: 60117K(60992K)->60117K(60992K) NonClass: 52563K(53056K)->52563K(53056K) Class: 7553K(7936K)->7553K(7936K)
[35.710s][info][gc             ] GC(296) Pause Young (Allocation Failure) 347M->171M(856M) 0.751ms
[35.710s][info][gc,cpu         ] GC(296) User=0.00s Sys=0.00s Real=0.00s
[35.776s][info][gc,start       ] GC(297) Pause Young (Allocation Failure)
[35.777s][info][gc,heap        ] GC(297) PSYoungGen: 176960K(177152K)->320K(174592K) Eden: 176640K(176640K)->0K(173568K) From: 320K(512K)->320K(1024K)
[35.777s][info][gc,heap        ] GC(297) ParOldGen: 175690K(699392K)->175706K(699392K)
[35.777s][info][gc,metaspace   ] GC(297) Metaspace: 60117K(60992K)->60117K(60992K) NonClass: 52563K(53056K)->52563K(53056K) Class: 7553K(7936K)->7553K(7936K)
[35.777s][info][gc             ] GC(297) Pause Young (Allocation Failure) 344M->171M(853M) 0.637ms
[35.777s][info][gc,cpu         ] GC(297) User=0.00s Sys=0.00s Real=0.00s
[35.849s][info][gc,start       ] GC(298) Pause Young (Allocation Failure)
[35.850s][info][gc,heap        ] GC(298) PSYoungGen: 173888K(174592K)->288K(171008K) Eden: 173568K(173568K)->0K(170496K) From: 320K(1024K)->288K(512K)
[35.850s][info][gc,heap        ] GC(298) ParOldGen: 175706K(699392K)->175714K(699392K)
[35.850s][info][gc,metaspace   ] GC(298) Metaspace: 60117K(60992K)->60117K(60992K) NonClass: 52563K(53056K)->52563K(53056K) Class: 7553K(7936K)->7553K(7936K)
[35.850s][info][gc             ] GC(298) Pause Young (Allocation Failure) 341M->171M(850M) 0.834ms
[35.850s][info][gc,cpu         ] GC(298) User=0.00s Sys=0.00s Real=0.00s
[35.916s][info][gc,start       ] GC(299) Pause Young (Allocation Failure)
[35.916s][info][gc,heap        ] GC(299) PSYoungGen: 170784K(171008K)->256K(168448K) Eden: 170496K(170496K)->0K(167424K) From: 288K(512K)->256K(1024K)
[35.916s][info][gc,heap        ] GC(299) ParOldGen: 175714K(699392K)->175730K(699392K)
[35.916s][info][gc,metaspace   ] GC(299) Metaspace: 60117K(60992K)->60117K(60992K) NonClass: 52563K(53056K)->52563K(53056K) Class: 7553K(7936K)->7553K(7936K)
[35.916s][info][gc             ] GC(299) Pause Young (Allocation Failure) 338M->171M(847M) 0.668ms
[35.916s][info][gc,cpu         ] GC(299) User=0.00s Sys=0.00s Real=0.00s
[35.987s][info][gc,start       ] GC(300) Pause Young (Allocation Failure)
[35.988s][info][gc,heap        ] GC(300) PSYoungGen: 167680K(168448K)->256K(164864K) Eden: 167424K(167424K)->0K(164352K) From: 256K(1024K)->256K(512K)
[35.988s][info][gc,heap        ] GC(300) ParOldGen: 175730K(699392K)->175746K(699392K)
[35.988s][info][gc,metaspace   ] GC(300) Metaspace: 60117K(60992K)->60117K(60992K) NonClass: 52563K(53056K)->52563K(53056K) Class: 7553K(7936K)->7553K(7936K)
[35.988s][info][gc             ] GC(300) Pause Young (Allocation Failure) 335M->171M(844M) 1.069ms
[35.988s][info][gc,cpu         ] GC(300) User=0.00s Sys=0.00s Real=0.00s
[36.058s][info][gc,start       ] GC(301) Pause Young (Allocation Failure)
[36.058s][info][gc,heap        ] GC(301) PSYoungGen: 164608K(164864K)->256K(162304K) Eden: 164352K(164352K)->0K(161280K) From: 256K(512K)->256K(1024K)
[36.058s][info][gc,heap        ] GC(301) ParOldGen: 175746K(699392K)->175762K(699392K)
[36.058s][info][gc,metaspace   ] GC(301) Metaspace: 60117K(60992K)->60117K(60992K) NonClass: 52563K(53056K)->52563K(53056K) Class: 7553K(7936K)->7553K(7936K)
[36.059s][info][gc             ] GC(301) Pause Young (Allocation Failure) 332M->171M(841M) 0.615ms
[36.059s][info][gc,cpu         ] GC(301) User=0.00s Sys=0.00s Real=0.00s
[36.120s][info][gc,start       ] GC(302) Pause Young (Allocation Failure)
[36.121s][info][gc,heap        ] GC(302) PSYoungGen: 161536K(162304K)->224K(159232K) Eden: 161280K(161280K)->0K(158720K) From: 256K(1024K)->224K(512K)
[36.121s][info][gc,heap        ] GC(302) ParOldGen: 175762K(699392K)->175786K(699392K)
[36.121s][info][gc,metaspace   ] GC(302) Metaspace: 60117K(60992K)->60117K(60992K) NonClass: 52563K(53056K)->52563K(53056K) Class: 7553K(7936K)->7553K(7936K)
[36.121s][info][gc             ] GC(302) Pause Young (Allocation Failure) 329M->171M(838M) 0.904ms
[36.121s][info][gc,cpu         ] GC(302) User=0.00s Sys=0.00s Real=0.00s
[36.198s][info][gc,start       ] GC(303) Pause Young (System.gc())
[36.199s][info][gc,heap        ] GC(303) PSYoungGen: 132613K(159232K)->640K(159744K) Eden: 132389K(158720K)->0K(158720K) From: 224K(512K)->640K(1024K)
[36.199s][info][gc,heap        ] GC(303) ParOldGen: 175786K(699392K)->175802K(699392K)
[36.199s][info][gc,metaspace   ] GC(303) Metaspace: 60143K(61056K)->60143K(61056K) NonClass: 52588K(53120K)->52588K(53120K) Class: 7554K(7936K)->7554K(7936K)
[36.199s][info][gc             ] GC(303) Pause Young (System.gc()) 301M->172M(839M) 0.981ms
[36.199s][info][gc,cpu         ] GC(303) User=0.00s Sys=0.00s Real=0.00s
[36.200s][info][gc,start       ] GC(304) Pause Full (System.gc())
[36.200s][info][gc,phases,start] GC(304) Marking Phase
[36.297s][info][gc,phases      ] GC(304) Marking Phase 97.739ms
[36.297s][info][gc,phases,start] GC(304) Summary Phase
[36.297s][info][gc,phases      ] GC(304) Summary Phase 0.016ms
[36.297s][info][gc,phases,start] GC(304) Adjust Roots
[36.303s][info][gc,phases      ] GC(304) Adjust Roots 5.893ms
[36.303s][info][gc,phases,start] GC(304) Compaction Phase
[36.322s][info][gc,phases      ] GC(304) Compaction Phase 18.808ms
[36.322s][info][gc,phases,start] GC(304) Post Compact
[36.323s][info][gc,phases      ] GC(304) Post Compact 1.003ms
[36.323s][info][gc,heap        ] GC(304) PSYoungGen: 640K(159744K)->0K(159744K) Eden: 0K(158720K)->0K(158720K) From: 640K(1024K)->0K(1024K)
[36.323s][info][gc,heap        ] GC(304) ParOldGen: 175802K(699392K)->175215K(699392K)
[36.323s][info][gc,metaspace   ] GC(304) Metaspace: 60143K(61056K)->60143K(61056K) NonClass: 52588K(53120K)->52588K(53120K) Class: 7554K(7936K)->7554K(7936K)
[36.323s][info][gc             ] GC(304) Pause Full (System.gc()) 172M->171M(839M) 123.727ms
[36.323s][info][gc,cpu         ] GC(304) User=1.92s Sys=0.00s Real=0.13s
[36.433s][info][gc,start       ] GC(305) Pause Young (Allocation Failure)
[36.434s][info][gc,heap        ] GC(305) PSYoungGen: 158720K(159744K)->768K(157184K) Eden: 158720K(158720K)->0K(156160K) From: 0K(1024K)->768K(1024K)
[36.434s][info][gc,heap        ] GC(305) ParOldGen: 175215K(699392K)->175223K(699392K)
[36.434s][info][gc,metaspace   ] GC(305) Metaspace: 60276K(61184K)->60276K(61184K) NonClass: 52720K(53248K)->52720K(53248K) Class: 7556K(7936K)->7556K(7936K)
[36.434s][info][gc             ] GC(305) Pause Young (Allocation Failure) 326M->171M(836M) 0.998ms
[36.434s][info][gc,cpu         ] GC(305) User=0.00s Sys=0.00s Real=0.00s
[36.491s][info][gc,start       ] GC(306) Pause Young (Allocation Failure)
[36.492s][info][gc,heap        ] GC(306) PSYoungGen: 156928K(157184K)->544K(154624K) Eden: 156160K(156160K)->0K(153600K) From: 768K(1024K)->544K(1024K)
[36.492s][info][gc,heap        ] GC(306) ParOldGen: 175223K(699392K)->175554K(699392K)
[36.492s][info][gc,metaspace   ] GC(306) Metaspace: 60278K(61184K)->60278K(61184K) NonClass: 52722K(53248K)->52722K(53248K) Class: 7556K(7936K)->7556K(7936K)
[36.492s][info][gc             ] GC(306) Pause Young (Allocation Failure) 324M->171M(834M) 1.056ms
[36.492s][info][gc,cpu         ] GC(306) User=0.00s Sys=0.00s Real=0.00s
[36.547s][info][gc,start       ] GC(307) Pause Young (Allocation Failure)
[36.547s][info][gc,heap        ] GC(307) PSYoungGen: 154144K(154624K)->160K(151552K) Eden: 153600K(153600K)->0K(151040K) From: 544K(1024K)->160K(512K)
[36.547s][info][gc,heap        ] GC(307) ParOldGen: 175554K(699392K)->175698K(699392K)
[36.547s][info][gc,metaspace   ] GC(307) Metaspace: 60278K(61184K)->60278K(61184K) NonClass: 52722K(53248K)->52722K(53248K) Class: 7556K(7936K)->7556K(7936K)
[36.547s][info][gc             ] GC(307) Pause Young (Allocation Failure) 321M->171M(831M) 0.626ms
[36.547s][info][gc,cpu         ] GC(307) User=0.00s Sys=0.00s Real=0.00s
[36.609s][info][gc,start       ] GC(308) Pause Young (Allocation Failure)
[36.610s][info][gc,heap        ] GC(308) PSYoungGen: 151200K(151552K)->320K(149504K) Eden: 151040K(151040K)->0K(148480K) From: 160K(512K)->320K(1024K)
[36.610s][info][gc,heap        ] GC(308) ParOldGen: 175698K(699392K)->175706K(699392K)
[36.610s][info][gc,metaspace   ] GC(308) Metaspace: 60278K(61184K)->60278K(61184K) NonClass: 52722K(53248K)->52722K(53248K) Class: 7556K(7936K)->7556K(7936K)
[36.610s][info][gc             ] GC(308) Pause Young (Allocation Failure) 319M->171M(829M) 0.684ms
[36.610s][info][gc,cpu         ] GC(308) User=0.00s Sys=0.00s Real=0.00s
[36.670s][info][gc,start       ] GC(309) Pause Young (Allocation Failure)
[36.671s][info][gc,heap        ] GC(309) PSYoungGen: 148800K(149504K)->256K(146432K) Eden: 148480K(148480K)->0K(145920K) From: 320K(1024K)->256K(512K)
[36.671s][info][gc,heap        ] GC(309) ParOldGen: 175706K(699392K)->175706K(699392K)
[36.671s][info][gc,metaspace   ] GC(309) Metaspace: 60278K(61184K)->60278K(61184K) NonClass: 52722K(53248K)->52722K(53248K) Class: 7556K(7936K)->7556K(7936K)
[36.671s][info][gc             ] GC(309) Pause Young (Allocation Failure) 316M->171M(826M) 0.675ms
[36.671s][info][gc,cpu         ] GC(309) User=0.00s Sys=0.00s Real=0.00s
[36.730s][info][gc,start       ] GC(310) Pause Young (Allocation Failure)
[36.730s][info][gc,heap        ] GC(310) PSYoungGen: 146176K(146432K)->288K(144384K) Eden: 145920K(145920K)->0K(143360K) From: 256K(512K)->288K(1024K)
[36.730s][info][gc,heap        ] GC(310) ParOldGen: 175706K(699392K)->175714K(699392K)
[36.730s][info][gc,metaspace   ] GC(310) Metaspace: 60278K(61184K)->60278K(61184K) NonClass: 52722K(53248K)->52722K(53248K) Class: 7556K(7936K)->7556K(7936K)
[36.730s][info][gc             ] GC(310) Pause Young (Allocation Failure) 314M->171M(824M) 0.673ms
[36.730s][info][gc,cpu         ] GC(310) User=0.00s Sys=0.00s Real=0.00s
[36.800s][info][gc,start       ] GC(311) Pause Young (Allocation Failure)
[36.800s][info][gc,heap        ] GC(311) PSYoungGen: 143648K(144384K)->352K(141824K) Eden: 143360K(143360K)->0K(141312K) From: 288K(1024K)->352K(512K)
[36.800s][info][gc,heap        ] GC(311) ParOldGen: 175714K(699392K)->175722K(699392K)
[36.801s][info][gc,metaspace   ] GC(311) Metaspace: 60278K(61184K)->60278K(61184K) NonClass: 52722K(53248K)->52722K(53248K) Class: 7556K(7936K)->7556K(7936K)
[36.801s][info][gc             ] GC(311) Pause Young (Allocation Failure) 311M->171M(821M) 0.710ms
[36.801s][info][gc,cpu         ] GC(311) User=0.00s Sys=0.00s Real=0.00s
[36.865s][info][gc,start       ] GC(312) Pause Young (Allocation Failure)
[36.866s][info][gc,heap        ] GC(312) PSYoungGen: 141664K(141824K)->288K(140288K) Eden: 141312K(141312K)->0K(139264K) From: 352K(512K)->288K(1024K)
[36.866s][info][gc,heap        ] GC(312) ParOldGen: 175722K(699392K)->175730K(699392K)
[36.866s][info][gc,metaspace   ] GC(312) Metaspace: 60278K(61184K)->60278K(61184K) NonClass: 52722K(53248K)->52722K(53248K) Class: 7556K(7936K)->7556K(7936K)
[36.866s][info][gc             ] GC(312) Pause Young (Allocation Failure) 309M->171M(820M) 0.672ms
[36.866s][info][gc,cpu         ] GC(312) User=0.00s Sys=0.00s Real=0.00s
[36.915s][info][gc,start       ] GC(313) Pause Young (Allocation Failure)
[36.916s][info][gc,heap        ] GC(313) PSYoungGen: 139552K(140288K)->256K(137728K) Eden: 139264K(139264K)->0K(137216K) From: 288K(1024K)->256K(512K)
[36.916s][info][gc,heap        ] GC(313) ParOldGen: 175730K(699392K)->175762K(699392K)
[36.916s][info][gc,metaspace   ] GC(313) Metaspace: 60278K(61184K)->60278K(61184K) NonClass: 52722K(53248K)->52722K(53248K) Class: 7556K(7936K)->7556K(7936K)
[36.916s][info][gc             ] GC(313) Pause Young (Allocation Failure) 307M->171M(817M) 0.958ms
[36.916s][info][gc,cpu         ] GC(313) User=0.00s Sys=0.00s Real=0.00s
[36.971s][info][gc,start       ] GC(314) Pause Young (Allocation Failure)
[36.972s][info][gc,heap        ] GC(314) PSYoungGen: 137472K(137728K)->192K(136192K) Eden: 137216K(137216K)->0K(135168K) From: 256K(512K)->192K(1024K)
[36.972s][info][gc,heap        ] GC(314) ParOldGen: 175762K(699392K)->175778K(699392K)
[36.972s][info][gc,metaspace   ] GC(314) Metaspace: 60278K(61184K)->60278K(61184K) NonClass: 52722K(53248K)->52722K(53248K) Class: 7556K(7936K)->7556K(7936K)
[36.972s][info][gc             ] GC(314) Pause Young (Allocation Failure) 305M->171M(816M) 0.657ms
[36.972s][info][gc,cpu         ] GC(314) User=0.00s Sys=0.00s Real=0.00s
[37.027s][info][gc,start       ] GC(315) Pause Young (Allocation Failure)
[37.028s][info][gc,heap        ] GC(315) PSYoungGen: 135360K(136192K)->256K(133632K) Eden: 135168K(135168K)->0K(133120K) From: 192K(1024K)->256K(512K)
[37.028s][info][gc,heap        ] GC(315) ParOldGen: 175778K(699392K)->175802K(699392K)
[37.028s][info][gc,metaspace   ] GC(315) Metaspace: 60278K(61184K)->60278K(61184K) NonClass: 52722K(53248K)->52722K(53248K) Class: 7556K(7936K)->7556K(7936K)
[37.028s][info][gc             ] GC(315) Pause Young (Allocation Failure) 303M->171M(813M) 0.808ms
[37.028s][info][gc,cpu         ] GC(315) User=0.00s Sys=0.00s Real=0.00s
[37.082s][info][gc,start       ] GC(316) Pause Young (Allocation Failure)
[37.082s][info][gc,heap        ] GC(316) PSYoungGen: 133376K(133632K)->256K(132096K) Eden: 133120K(133120K)->0K(131072K) From: 256K(512K)->256K(1024K)
[37.082s][info][gc,heap        ] GC(316) ParOldGen: 175802K(699392K)->175818K(699392K)
[37.082s][info][gc,metaspace   ] GC(316) Metaspace: 60278K(61184K)->60278K(61184K) NonClass: 52722K(53248K)->52722K(53248K) Class: 7556K(7936K)->7556K(7936K)
[37.083s][info][gc             ] GC(316) Pause Young (Allocation Failure) 301M->171M(812M) 0.718ms
[37.083s][info][gc,cpu         ] GC(316) User=0.00s Sys=0.00s Real=0.00s
[37.136s][info][gc,start       ] GC(317) Pause Young (Allocation Failure)
[37.137s][info][gc,heap        ] GC(317) PSYoungGen: 131328K(132096K)->608K(130048K) Eden: 131072K(131072K)->0K(129024K) From: 256K(1024K)->608K(1024K)
[37.137s][info][gc,heap        ] GC(317) ParOldGen: 175818K(699392K)->175842K(699392K)
[37.137s][info][gc,metaspace   ] GC(317) Metaspace: 60279K(61184K)->60279K(61184K) NonClass: 52723K(53248K)->52723K(53248K) Class: 7556K(7936K)->7556K(7936K)
[37.137s][info][gc             ] GC(317) Pause Young (Allocation Failure) 299M->172M(810M) 0.719ms
[37.137s][info][gc,cpu         ] GC(317) User=0.00s Sys=0.00s Real=0.00s
[37.218s][info][gc,start       ] GC(318) Pause Young (System.gc())
[37.218s][info][gc,heap        ] GC(318) PSYoungGen: 115045K(130048K)->608K(130048K) Eden: 114437K(129024K)->0K(129024K) From: 608K(1024K)->608K(1024K)
[37.219s][info][gc,heap        ] GC(318) ParOldGen: 175842K(699392K)->175970K(699392K)
[37.219s][info][gc,metaspace   ] GC(318) Metaspace: 60292K(61184K)->60292K(61184K) NonClass: 52735K(53248K)->52735K(53248K) Class: 7556K(7936K)->7556K(7936K)
[37.219s][info][gc             ] GC(318) Pause Young (System.gc()) 284M->172M(810M) 1.101ms
[37.219s][info][gc,cpu         ] GC(318) User=0.00s Sys=0.00s Real=0.00s
[37.219s][info][gc,start       ] GC(319) Pause Full (System.gc())
[37.219s][info][gc,phases,start] GC(319) Marking Phase
[37.319s][info][gc,phases      ] GC(319) Marking Phase 100.379ms
[37.319s][info][gc,phases,start] GC(319) Summary Phase
[37.319s][info][gc,phases      ] GC(319) Summary Phase 0.014ms
[37.319s][info][gc,phases,start] GC(319) Adjust Roots
[37.327s][info][gc,phases      ] GC(319) Adjust Roots 7.564ms
[37.327s][info][gc,phases,start] GC(319) Compaction Phase
[37.353s][info][gc,phases      ] GC(319) Compaction Phase 25.690ms
[37.353s][info][gc,phases,start] GC(319) Post Compact
[37.354s][info][gc,phases      ] GC(319) Post Compact 1.302ms
[37.354s][info][gc,heap        ] GC(319) PSYoungGen: 608K(130048K)->0K(130048K) Eden: 0K(129024K)->0K(129024K) From: 608K(1024K)->0K(1024K)
[37.354s][info][gc,heap        ] GC(319) ParOldGen: 175970K(699392K)->175250K(699392K)
[37.354s][info][gc,metaspace   ] GC(319) Metaspace: 60292K(61184K)->60292K(61184K) NonClass: 52735K(53248K)->52735K(53248K) Class: 7556K(7936K)->7556K(7936K)
[37.354s][info][gc             ] GC(319) Pause Full (System.gc()) 172M->171M(810M) 135.295ms
[37.354s][info][gc,cpu         ] GC(319) User=2.08s Sys=0.00s Real=0.13s
[37.444s][info][gc,start       ] GC(320) Pause Young (Allocation Failure)
[37.445s][info][gc,heap        ] GC(320) PSYoungGen: 129024K(130048K)->512K(127488K) Eden: 129024K(129024K)->0K(126976K) From: 0K(1024K)->512K(512K)
[37.445s][info][gc,heap        ] GC(320) ParOldGen: 175250K(699392K)->175386K(699392K)
[37.445s][info][gc,metaspace   ] GC(320) Metaspace: 60340K(61184K)->60340K(61184K) NonClass: 52784K(53248K)->52784K(53248K) Class: 7556K(7936K)->7556K(7936K)
[37.445s][info][gc             ] GC(320) Pause Young (Allocation Failure) 297M->171M(807M) 1.028ms
[37.445s][info][gc,cpu         ] GC(320) User=0.00s Sys=0.00s Real=0.00s
[37.484s][info][gc,start       ] GC(321) Pause Young (Allocation Failure)
[37.485s][info][gc,heap        ] GC(321) PSYoungGen: 127488K(127488K)->480K(125952K) Eden: 126976K(126976K)->0K(124928K) From: 512K(512K)->480K(1024K)
[37.485s][info][gc,heap        ] GC(321) ParOldGen: 175386K(699392K)->175645K(699392K)
[37.485s][info][gc,metaspace   ] GC(321) Metaspace: 60340K(61184K)->60340K(61184K) NonClass: 52784K(53248K)->52784K(53248K) Class: 7556K(7936K)->7556K(7936K)
[37.485s][info][gc             ] GC(321) Pause Young (Allocation Failure) 295M->171M(806M) 0.830ms
[37.485s][info][gc,cpu         ] GC(321) User=0.00s Sys=0.00s Real=0.00s
[37.534s][info][gc,start       ] GC(322) Pause Young (Allocation Failure)
[37.534s][info][gc,heap        ] GC(322) PSYoungGen: 125408K(125952K)->192K(123904K) Eden: 124928K(124928K)->0K(123392K) From: 480K(1024K)->192K(512K)
[37.534s][info][gc,heap        ] GC(322) ParOldGen: 175645K(699392K)->175765K(699392K)
[37.534s][info][gc,metaspace   ] GC(322) Metaspace: 60340K(61184K)->60340K(61184K) NonClass: 52784K(53248K)->52784K(53248K) Class: 7556K(7936K)->7556K(7936K)
[37.534s][info][gc             ] GC(322) Pause Young (Allocation Failure) 293M->171M(804M) 0.867ms
[37.535s][info][gc,cpu         ] GC(322) User=0.00s Sys=0.00s Real=0.00s
[37.576s][info][gc,start       ] GC(323) Pause Young (Allocation Failure)
[37.576s][info][gc,heap        ] GC(323) PSYoungGen: 123584K(123904K)->256K(149504K) Eden: 123392K(123392K)->0K(148480K) From: 192K(512K)->256K(1024K)
[37.576s][info][gc,heap        ] GC(323) ParOldGen: 175765K(699392K)->175765K(699392K)
[37.576s][info][gc,metaspace   ] GC(323) Metaspace: 60340K(61184K)->60340K(61184K) NonClass: 52784K(53248K)->52784K(53248K) Class: 7556K(7936K)->7556K(7936K)
[37.576s][info][gc             ] GC(323) Pause Young (Allocation Failure) 292M->171M(829M) 0.610ms
[37.577s][info][gc,cpu         ] GC(323) User=0.00s Sys=0.00s Real=0.00s
[37.633s][info][gc,start       ] GC(324) Pause Young (Allocation Failure)
[37.633s][info][gc,heap        ] GC(324) PSYoungGen: 148736K(149504K)->256K(146432K) Eden: 148480K(148480K)->0K(145920K) From: 256K(1024K)->256K(512K)
[37.633s][info][gc,heap        ] GC(324) ParOldGen: 175765K(699392K)->175773K(699392K)
[37.633s][info][gc,metaspace   ] GC(324) Metaspace: 60340K(61184K)->60340K(61184K) NonClass: 52784K(53248K)->52784K(53248K) Class: 7556K(7936K)->7556K(7936K)
[37.633s][info][gc             ] GC(324) Pause Young (Allocation Failure) 316M->171M(826M) 0.667ms
[37.633s][info][gc,cpu         ] GC(324) User=0.30s Sys=0.00s Real=0.02s
[37.689s][info][gc,start       ] GC(325) Pause Young (Allocation Failure)
[37.690s][info][gc,heap        ] GC(325) PSYoungGen: 146176K(146432K)->320K(144384K) Eden: 145920K(145920K)->0K(143360K) From: 256K(512K)->320K(1024K)
[37.690s][info][gc,heap        ] GC(325) ParOldGen: 175773K(699392K)->175773K(699392K)
[37.690s][info][gc,metaspace   ] GC(325) Metaspace: 60340K(61184K)->60340K(61184K) NonClass: 52784K(53248K)->52784K(53248K) Class: 7556K(7936K)->7556K(7936K)
[37.690s][info][gc             ] GC(325) Pause Young (Allocation Failure) 314M->171M(824M) 0.698ms
[37.690s][info][gc,cpu         ] GC(325) User=0.00s Sys=0.00s Real=0.00s
[37.752s][info][gc,start       ] GC(326) Pause Young (Allocation Failure)
[37.753s][info][gc,heap        ] GC(326) PSYoungGen: 143680K(144384K)->256K(141824K) Eden: 143360K(143360K)->0K(141312K) From: 320K(1024K)->256K(512K)
[37.753s][info][gc,heap        ] GC(326) ParOldGen: 175773K(699392K)->175789K(699392K)
[37.753s][info][gc,metaspace   ] GC(326) Metaspace: 60340K(61184K)->60340K(61184K) NonClass: 52784K(53248K)->52784K(53248K) Class: 7556K(7936K)->7556K(7936K)
[37.753s][info][gc             ] GC(326) Pause Young (Allocation Failure) 311M->171M(821M) 0.718ms
[37.753s][info][gc,cpu         ] GC(326) User=0.00s Sys=0.00s Real=0.00s
[37.808s][info][gc,start       ] GC(327) Pause Young (Allocation Failure)
[37.809s][info][gc,heap        ] GC(327) PSYoungGen: 141568K(141824K)->256K(140288K) Eden: 141312K(141312K)->0K(139264K) From: 256K(512K)->256K(1024K)
[37.809s][info][gc,heap        ] GC(327) ParOldGen: 175789K(699392K)->175797K(699392K)
[37.809s][info][gc,metaspace   ] GC(327) Metaspace: 60340K(61184K)->60340K(61184K) NonClass: 52784K(53248K)->52784K(53248K) Class: 7556K(7936K)->7556K(7936K)
[37.809s][info][gc             ] GC(327) Pause Young (Allocation Failure) 309M->171M(820M) 0.690ms
[37.809s][info][gc,cpu         ] GC(327) User=0.00s Sys=0.00s Real=0.00s
[37.862s][info][gc,start       ] GC(328) Pause Young (Allocation Failure)
[37.862s][info][gc,heap        ] GC(328) PSYoungGen: 139520K(140288K)->288K(137728K) Eden: 139264K(139264K)->0K(137216K) From: 256K(1024K)->288K(512K)
[37.862s][info][gc,heap        ] GC(328) ParOldGen: 175797K(699392K)->175805K(699392K)
[37.862s][info][gc,metaspace   ] GC(328) Metaspace: 60340K(61184K)->60340K(61184K) NonClass: 52784K(53248K)->52784K(53248K) Class: 7556K(7936K)->7556K(7936K)
[37.862s][info][gc             ] GC(328) Pause Young (Allocation Failure) 307M->171M(817M) 0.678ms
[37.862s][info][gc,cpu         ] GC(328) User=0.00s Sys=0.00s Real=0.00s
[37.916s][info][gc,start       ] GC(329) Pause Young (Allocation Failure)
[37.917s][info][gc,heap        ] GC(329) PSYoungGen: 137504K(137728K)->320K(136192K) Eden: 137216K(137216K)->0K(135168K) From: 288K(512K)->320K(1024K)
[37.917s][info][gc,heap        ] GC(329) ParOldGen: 175805K(699392K)->175821K(699392K)
[37.917s][info][gc,metaspace   ] GC(329) Metaspace: 60340K(61184K)->60340K(61184K) NonClass: 52784K(53248K)->52784K(53248K) Class: 7556K(7936K)->7556K(7936K)
[37.917s][info][gc             ] GC(329) Pause Young (Allocation Failure) 305M->172M(816M) 0.776ms
[37.917s][info][gc,cpu         ] GC(329) User=0.00s Sys=0.00s Real=0.00s
[37.969s][info][gc,start       ] GC(330) Pause Young (Allocation Failure)
[37.970s][info][gc,heap        ] GC(330) PSYoungGen: 135488K(136192K)->256K(133632K) Eden: 135168K(135168K)->0K(133120K) From: 320K(1024K)->256K(512K)
[37.970s][info][gc,heap        ] GC(330) ParOldGen: 175821K(699392K)->175845K(699392K)
[37.970s][info][gc,metaspace   ] GC(330) Metaspace: 60340K(61184K)->60340K(61184K) NonClass: 52784K(53248K)->52784K(53248K) Class: 7556K(7936K)->7556K(7936K)
[37.970s][info][gc             ] GC(330) Pause Young (Allocation Failure) 304M->171M(813M) 0.728ms
[37.970s][info][gc,cpu         ] GC(330) User=0.00s Sys=0.00s Real=0.00s
[38.021s][info][gc,start       ] GC(331) Pause Young (Allocation Failure)
[38.021s][info][gc,heap        ] GC(331) PSYoungGen: 133376K(133632K)->256K(132096K) Eden: 133120K(133120K)->0K(131072K) From: 256K(512K)->256K(1024K)
[38.021s][info][gc,heap        ] GC(331) ParOldGen: 175845K(699392K)->175861K(699392K)
[38.021s][info][gc,metaspace   ] GC(331) Metaspace: 60340K(61184K)->60340K(61184K) NonClass: 52784K(53248K)->52784K(53248K) Class: 7556K(7936K)->7556K(7936K)
[38.021s][info][gc             ] GC(331) Pause Young (Allocation Failure) 301M->171M(812M) 0.706ms
[38.021s][info][gc,cpu         ] GC(331) User=0.00s Sys=0.00s Real=0.00s
[38.072s][info][gc,start       ] GC(332) Pause Young (Allocation Failure)
[38.073s][info][gc,heap        ] GC(332) PSYoungGen: 131328K(132096K)->224K(129536K) Eden: 131072K(131072K)->0K(129024K) From: 256K(1024K)->224K(512K)
[38.073s][info][gc,heap        ] GC(332) ParOldGen: 175861K(699392K)->175885K(699392K)
[38.073s][info][gc,metaspace   ] GC(332) Metaspace: 60340K(61184K)->60340K(61184K) NonClass: 52784K(53248K)->52784K(53248K) Class: 7556K(7936K)->7556K(7936K)
[38.073s][info][gc             ] GC(332) Pause Young (Allocation Failure) 299M->171M(809M) 0.778ms
[38.073s][info][gc,cpu         ] GC(332) User=0.00s Sys=0.00s Real=0.00s
[38.116s][info][gc,start       ] GC(333) Pause Young (Allocation Failure)
[38.116s][info][gc,heap        ] GC(333) PSYoungGen: 129248K(129536K)->288K(128000K) Eden: 129024K(129024K)->0K(126976K) From: 224K(512K)->288K(1024K)
[38.117s][info][gc,heap        ] GC(333) ParOldGen: 175885K(699392K)->175893K(699392K)
[38.117s][info][gc,metaspace   ] GC(333) Metaspace: 60340K(61184K)->60340K(61184K) NonClass: 52784K(53248K)->52784K(53248K) Class: 7556K(7936K)->7556K(7936K)
[38.117s][info][gc             ] GC(333) Pause Young (Allocation Failure) 297M->172M(808M) 0.680ms
[38.117s][info][gc,cpu         ] GC(333) User=0.00s Sys=0.00s Real=0.00s
[38.193s][info][gc,start       ] GC(334) Pause Young (System.gc())
[38.194s][info][gc,heap        ] GC(334) PSYoungGen: 100552K(128000K)->608K(128000K) Eden: 100264K(126976K)->0K(126976K) From: 288K(1024K)->608K(1024K)
[38.194s][info][gc,heap        ] GC(334) ParOldGen: 175893K(699392K)->175909K(699392K)
[38.194s][info][gc,metaspace   ] GC(334) Metaspace: 60370K(61248K)->60370K(61248K) NonClass: 52813K(53312K)->52813K(53312K) Class: 7556K(7936K)->7556K(7936K)
[38.194s][info][gc             ] GC(334) Pause Young (System.gc()) 269M->172M(808M) 0.965ms
[38.194s][info][gc,cpu         ] GC(334) User=0.00s Sys=0.00s Real=0.00s
[38.194s][info][gc,start       ] GC(335) Pause Full (System.gc())
[38.194s][info][gc,phases,start] GC(335) Marking Phase
[38.301s][info][gc,phases      ] GC(335) Marking Phase 107.064ms
[38.301s][info][gc,phases,start] GC(335) Summary Phase
[38.301s][info][gc,phases      ] GC(335) Summary Phase 0.015ms
[38.301s][info][gc,phases,start] GC(335) Adjust Roots
[38.309s][info][gc,phases      ] GC(335) Adjust Roots 7.441ms
[38.309s][info][gc,phases,start] GC(335) Compaction Phase
[38.332s][info][gc,phases      ] GC(335) Compaction Phase 23.376ms
[38.332s][info][gc,phases,start] GC(335) Post Compact
[38.333s][info][gc,phases      ] GC(335) Post Compact 1.087ms
[38.333s][info][gc,heap        ] GC(335) PSYoungGen: 608K(128000K)->0K(128000K) Eden: 0K(126976K)->0K(126976K) From: 608K(1024K)->0K(1024K)
[38.333s][info][gc,heap        ] GC(335) ParOldGen: 175909K(699392K)->175285K(699392K)
[38.333s][info][gc,metaspace   ] GC(335) Metaspace: 60370K(61248K)->60370K(61248K) NonClass: 52813K(53312K)->52813K(53312K) Class: 7556K(7936K)->7556K(7936K)
[38.333s][info][gc             ] GC(335) Pause Full (System.gc()) 172M->171M(808M) 139.283ms
[38.333s][info][gc,cpu         ] GC(335) User=2.11s Sys=0.00s Real=0.14s
[38.446s][info][gc,start       ] GC(336) Pause Young (Allocation Failure)
[38.448s][info][gc,heap        ] GC(336) PSYoungGen: 126976K(128000K)->736K(125952K) Eden: 126976K(126976K)->0K(124928K) From: 0K(1024K)->736K(1024K)
[38.448s][info][gc,heap        ] GC(336) ParOldGen: 175285K(699392K)->175285K(699392K)
[38.448s][info][gc,metaspace   ] GC(336) Metaspace: 60415K(61248K)->60415K(61248K) NonClass: 52858K(53312K)->52858K(53312K) Class: 7556K(7936K)->7556K(7936K)
[38.448s][info][gc             ] GC(336) Pause Young (Allocation Failure) 295M->171M(806M) 1.207ms
[38.448s][info][gc,cpu         ] GC(336) User=0.00s Sys=0.00s Real=0.00s
[38.495s][info][gc,start       ] GC(337) Pause Young (Allocation Failure)
[38.495s][info][gc,heap        ] GC(337) PSYoungGen: 125664K(125952K)->448K(123904K) Eden: 124928K(124928K)->0K(123392K) From: 736K(1024K)->448K(512K)
[38.495s][info][gc,heap        ] GC(337) ParOldGen: 175285K(699392K)->175648K(699392K)
[38.495s][info][gc,metaspace   ] GC(337) Metaspace: 60415K(61248K)->60415K(61248K) NonClass: 52858K(53312K)->52858K(53312K) Class: 7556K(7936K)->7556K(7936K)
[38.495s][info][gc             ] GC(337) Pause Young (Allocation Failure) 293M->171M(804M) 0.759ms
[38.495s][info][gc,cpu         ] GC(337) User=0.00s Sys=0.00s Real=0.00s
[38.545s][info][gc,start       ] GC(338) Pause Young (Allocation Failure)
[38.546s][info][gc,heap        ] GC(338) PSYoungGen: 123840K(123904K)->192K(122880K) Eden: 123392K(123392K)->0K(121856K) From: 448K(512K)->192K(1024K)
[38.546s][info][gc,heap        ] GC(338) ParOldGen: 175648K(699392K)->175776K(699392K)
[38.546s][info][gc,metaspace   ] GC(338) Metaspace: 60415K(61248K)->60415K(61248K) NonClass: 52858K(53312K)->52858K(53312K) Class: 7556K(7936K)->7556K(7936K)
[38.546s][info][gc             ] GC(338) Pause Young (Allocation Failure) 292M->171M(803M) 0.639ms
[38.546s][info][gc,cpu         ] GC(338) User=0.00s Sys=0.00s Real=0.00s
[38.603s][info][gc,start       ] GC(339) Pause Young (Allocation Failure)
[38.604s][info][gc,heap        ] GC(339) PSYoungGen: 122048K(122880K)->288K(120832K) Eden: 121856K(121856K)->0K(120320K) From: 192K(1024K)->288K(512K)
[38.604s][info][gc,heap        ] GC(339) ParOldGen: 175776K(699392K)->175776K(699392K)
[38.604s][info][gc,metaspace   ] GC(339) Metaspace: 60415K(61248K)->60415K(61248K) NonClass: 52858K(53312K)->52858K(53312K) Class: 7556K(7936K)->7556K(7936K)
[38.604s][info][gc             ] GC(339) Pause Young (Allocation Failure) 290M->171M(801M) 0.825ms
[38.604s][info][gc,cpu         ] GC(339) User=0.00s Sys=0.00s Real=0.00s
[38.652s][info][gc,start       ] GC(340) Pause Young (Allocation Failure)
[38.653s][info][gc,heap        ] GC(340) PSYoungGen: 120608K(120832K)->256K(119808K) Eden: 120320K(120320K)->0K(118784K) From: 288K(512K)->256K(1024K)
[38.653s][info][gc,heap        ] GC(340) ParOldGen: 175776K(699392K)->175784K(699392K)
[38.653s][info][gc,metaspace   ] GC(340) Metaspace: 60415K(61248K)->60415K(61248K) NonClass: 52858K(53312K)->52858K(53312K) Class: 7556K(7936K)->7556K(7936K)
[38.653s][info][gc             ] GC(340) Pause Young (Allocation Failure) 289M->171M(800M) 0.747ms
[38.653s][info][gc,cpu         ] GC(340) User=0.00s Sys=0.00s Real=0.00s
[38.693s][info][gc,start       ] GC(341) Pause Young (Allocation Failure)
[38.694s][info][gc,heap        ] GC(341) PSYoungGen: 119040K(119808K)->288K(117760K) Eden: 118784K(118784K)->0K(117248K) From: 256K(1024K)->288K(512K)
[38.694s][info][gc,heap        ] GC(341) ParOldGen: 175784K(699392K)->175784K(699392K)
[38.694s][info][gc,metaspace   ] GC(341) Metaspace: 60415K(61248K)->60415K(61248K) NonClass: 52858K(53312K)->52858K(53312K) Class: 7556K(7936K)->7556K(7936K)
[38.694s][info][gc             ] GC(341) Pause Young (Allocation Failure) 287M->171M(798M) 0.657ms
[38.694s][info][gc,cpu         ] GC(341) User=0.00s Sys=0.00s Real=0.00s
[38.740s][info][gc,start       ] GC(342) Pause Young (Allocation Failure)
[38.740s][info][gc,heap        ] GC(342) PSYoungGen: 117536K(117760K)->192K(116736K) Eden: 117248K(117248K)->0K(115712K) From: 288K(512K)->192K(1024K)
[38.740s][info][gc,heap        ] GC(342) ParOldGen: 175784K(699392K)->175800K(699392K)
[38.740s][info][gc,metaspace   ] GC(342) Metaspace: 60415K(61248K)->60415K(61248K) NonClass: 52858K(53312K)->52858K(53312K) Class: 7556K(7936K)->7556K(7936K)
[38.740s][info][gc             ] GC(342) Pause Young (Allocation Failure) 286M->171M(797M) 0.594ms
[38.740s][info][gc,cpu         ] GC(342) User=0.00s Sys=0.00s Real=0.00s
[38.787s][info][gc,start       ] GC(343) Pause Young (Allocation Failure)
[38.788s][info][gc,heap        ] GC(343) PSYoungGen: 115904K(116736K)->224K(114688K) Eden: 115712K(115712K)->0K(114176K) From: 192K(1024K)->224K(512K)
[38.788s][info][gc,heap        ] GC(343) ParOldGen: 175800K(699392K)->175808K(699392K)
[38.788s][info][gc,metaspace   ] GC(343) Metaspace: 60415K(61248K)->60415K(61248K) NonClass: 52858K(53312K)->52858K(53312K) Class: 7556K(7936K)->7556K(7936K)
[38.788s][info][gc             ] GC(343) Pause Young (Allocation Failure) 284M->171M(795M) 0.671ms
[38.788s][info][gc,cpu         ] GC(343) User=0.00s Sys=0.00s Real=0.00s
[38.834s][info][gc,start       ] GC(344) Pause Young (Allocation Failure)
[38.835s][info][gc,heap        ] GC(344) PSYoungGen: 114400K(114688K)->256K(113664K) Eden: 114176K(114176K)->0K(112640K) From: 224K(512K)->256K(1024K)
[38.835s][info][gc,heap        ] GC(344) ParOldGen: 175808K(699392K)->175816K(699392K)
[38.835s][info][gc,metaspace   ] GC(344) Metaspace: 60415K(61248K)->60415K(61248K) NonClass: 52858K(53312K)->52858K(53312K) Class: 7556K(7936K)->7556K(7936K)
[38.835s][info][gc             ] GC(344) Pause Young (Allocation Failure) 283M->171M(794M) 0.660ms
[38.835s][info][gc,cpu         ] GC(344) User=0.00s Sys=0.00s Real=0.00s
[38.880s][info][gc,start       ] GC(345) Pause Young (Allocation Failure)
[38.881s][info][gc,heap        ] GC(345) PSYoungGen: 112896K(113664K)->288K(111616K) Eden: 112640K(112640K)->0K(111104K) From: 256K(1024K)->288K(512K)
[38.881s][info][gc,heap        ] GC(345) ParOldGen: 175816K(699392K)->175840K(699392K)
[38.881s][info][gc,metaspace   ] GC(345) Metaspace: 60415K(61248K)->60415K(61248K) NonClass: 52858K(53312K)->52858K(53312K) Class: 7556K(7936K)->7556K(7936K)
[38.881s][info][gc             ] GC(345) Pause Young (Allocation Failure) 281M->172M(792M) 0.690ms
[38.881s][info][gc,cpu         ] GC(345) User=0.00s Sys=0.00s Real=0.00s
[38.926s][info][gc,start       ] GC(346) Pause Young (Allocation Failure)
[38.927s][info][gc,heap        ] GC(346) PSYoungGen: 111392K(111616K)->320K(134656K) Eden: 111104K(111104K)->0K(133632K) From: 288K(512K)->320K(1024K)
[38.927s][info][gc,heap        ] GC(346) ParOldGen: 175840K(699392K)->175856K(699392K)
[38.927s][info][gc,metaspace   ] GC(346) Metaspace: 60415K(61248K)->60415K(61248K) NonClass: 52858K(53312K)->52858K(53312K) Class: 7556K(7936K)->7556K(7936K)
[38.927s][info][gc             ] GC(346) Pause Young (Allocation Failure) 280M->172M(814M) 0.722ms
[38.927s][info][gc,cpu         ] GC(346) User=0.00s Sys=0.00s Real=0.00s
[38.980s][info][gc,start       ] GC(347) Pause Young (Allocation Failure)
[38.981s][info][gc,heap        ] GC(347) PSYoungGen: 133952K(134656K)->224K(132096K) Eden: 133632K(133632K)->0K(131584K) From: 320K(1024K)->224K(512K)
[38.981s][info][gc,heap        ] GC(347) ParOldGen: 175856K(699392K)->175888K(699392K)
[38.981s][info][gc,metaspace   ] GC(347) Metaspace: 60415K(61248K)->60415K(61248K) NonClass: 52858K(53312K)->52858K(53312K) Class: 7556K(7936K)->7556K(7936K)
[38.981s][info][gc             ] GC(347) Pause Young (Allocation Failure) 302M->171M(812M) 0.811ms
[38.981s][info][gc,cpu         ] GC(347) User=0.00s Sys=0.00s Real=0.00s
[39.026s][info][gc,start       ] GC(348) Pause Young (Allocation Failure)
[39.026s][info][gc,heap        ] GC(348) PSYoungGen: 131808K(132096K)->256K(159232K) Eden: 131584K(131584K)->0K(158208K) From: 224K(512K)->256K(1024K)
[39.026s][info][gc,heap        ] GC(348) ParOldGen: 175888K(699392K)->175904K(699392K)
[39.026s][info][gc,metaspace   ] GC(348) Metaspace: 60415K(61248K)->60415K(61248K) NonClass: 52858K(53312K)->52858K(53312K) Class: 7556K(7936K)->7556K(7936K)
[39.026s][info][gc             ] GC(348) Pause Young (Allocation Failure) 300M->172M(838M) 0.724ms
[39.026s][info][gc,cpu         ] GC(348) User=0.00s Sys=0.00s Real=0.00s
[39.080s][info][gc,start       ] GC(349) Pause Young (Allocation Failure)
[39.081s][info][gc,heap        ] GC(349) PSYoungGen: 158464K(159232K)->224K(156160K) Eden: 158208K(158208K)->0K(155648K) From: 256K(1024K)->224K(512K)
[39.081s][info][gc,heap        ] GC(349) ParOldGen: 175904K(699392K)->175928K(699392K)
[39.081s][info][gc,metaspace   ] GC(349) Metaspace: 60415K(61248K)->60415K(61248K) NonClass: 52858K(53312K)->52858K(53312K) Class: 7556K(7936K)->7556K(7936K)
[39.081s][info][gc             ] GC(349) Pause Young (Allocation Failure) 326M->172M(835M) 0.690ms
[39.081s][info][gc,cpu         ] GC(349) User=0.00s Sys=0.00s Real=0.00s
[39.147s][info][gc,start       ] GC(350) Pause Young (Allocation Failure)
[39.148s][info][gc,heap        ] GC(350) PSYoungGen: 155872K(156160K)->640K(154112K) Eden: 155648K(155648K)->0K(153088K) From: 224K(512K)->640K(1024K)
[39.148s][info][gc,heap        ] GC(350) ParOldGen: 175928K(699392K)->175944K(699392K)
[39.148s][info][gc,metaspace   ] GC(350) Metaspace: 60420K(61312K)->60420K(61312K) NonClass: 52863K(53376K)->52863K(53376K) Class: 7556K(7936K)->7556K(7936K)
[39.148s][info][gc             ] GC(350) Pause Young (Allocation Failure) 324M->172M(833M) 0.797ms
[39.148s][info][gc,cpu         ] GC(350) User=0.31s Sys=0.00s Real=0.02s
[39.251s][info][gc,start       ] GC(351) Pause Young (System.gc())
[39.252s][info][gc,heap        ] GC(351) PSYoungGen: 104880K(154112K)->640K(154112K) Eden: 104240K(153088K)->0K(153088K) From: 640K(1024K)->640K(1024K)
[39.252s][info][gc,heap        ] GC(351) ParOldGen: 175944K(699392K)->176080K(699392K)
[39.252s][info][gc,metaspace   ] GC(351) Metaspace: 60427K(61312K)->60427K(61312K) NonClass: 52870K(53376K)->52870K(53376K) Class: 7556K(7936K)->7556K(7936K)
[39.252s][info][gc             ] GC(351) Pause Young (System.gc()) 274M->172M(833M) 0.960ms
[39.252s][info][gc,cpu         ] GC(351) User=0.00s Sys=0.00s Real=0.00s
[39.252s][info][gc,start       ] GC(352) Pause Full (System.gc())
[39.252s][info][gc,phases,start] GC(352) Marking Phase
[39.356s][info][gc,phases      ] GC(352) Marking Phase 103.850ms
[39.356s][info][gc,phases,start] GC(352) Summary Phase
[39.356s][info][gc,phases      ] GC(352) Summary Phase 0.016ms
[39.356s][info][gc,phases,start] GC(352) Adjust Roots
[39.363s][info][gc,phases      ] GC(352) Adjust Roots 7.074ms
[39.363s][info][gc,phases,start] GC(352) Compaction Phase
[39.385s][info][gc,phases      ] GC(352) Compaction Phase 21.991ms
[39.385s][info][gc,phases,start] GC(352) Post Compact
[39.386s][info][gc,phases      ] GC(352) Post Compact 0.987ms
[39.386s][info][gc,heap        ] GC(352) PSYoungGen: 640K(154112K)->0K(154112K) Eden: 0K(153088K)->0K(153088K) From: 640K(1024K)->0K(1024K)
[39.386s][info][gc,heap        ] GC(352) ParOldGen: 176080K(699392K)->175316K(699392K)
[39.386s][info][gc,metaspace   ] GC(352) Metaspace: 60427K(61312K)->60427K(61312K) NonClass: 52870K(53376K)->52870K(53376K) Class: 7556K(7936K)->7556K(7936K)
[39.386s][info][gc             ] GC(352) Pause Full (System.gc()) 172M->171M(833M) 134.198ms
[39.386s][info][gc,cpu         ] GC(352) User=2.20s Sys=0.00s Real=0.13s
[39.506s][info][gc,start       ] GC(353) Pause Young (Allocation Failure)
[39.507s][info][gc,heap        ] GC(353) PSYoungGen: 153088K(154112K)->736K(151552K) Eden: 153088K(153088K)->0K(150528K) From: 0K(1024K)->736K(1024K)
[39.507s][info][gc,heap        ] GC(353) ParOldGen: 175316K(699392K)->175316K(699392K)
[39.507s][info][gc,metaspace   ] GC(353) Metaspace: 60451K(61312K)->60451K(61312K) NonClass: 52894K(53376K)->52894K(53376K) Class: 7556K(7936K)->7556K(7936K)
[39.507s][info][gc             ] GC(353) Pause Young (Allocation Failure) 320M->171M(831M) 1.003ms
[39.507s][info][gc,cpu         ] GC(353) User=0.00s Sys=0.00s Real=0.00s
[39.561s][info][gc,start       ] GC(354) Pause Young (Allocation Failure)
[39.562s][info][gc,heap        ] GC(354) PSYoungGen: 151264K(151552K)->480K(148480K) Eden: 150528K(150528K)->0K(147968K) From: 736K(1024K)->480K(512K)
[39.562s][info][gc,heap        ] GC(354) ParOldGen: 175316K(699392K)->175657K(699392K)
[39.562s][info][gc,metaspace   ] GC(354) Metaspace: 60451K(61312K)->60451K(61312K) NonClass: 52894K(53376K)->52894K(53376K) Class: 7556K(7936K)->7556K(7936K)
[39.562s][info][gc             ] GC(354) Pause Young (Allocation Failure) 318M->172M(828M) 0.893ms
[39.562s][info][gc,cpu         ] GC(354) User=0.00s Sys=0.00s Real=0.00s
[39.625s][info][gc,start       ] GC(355) Pause Young (Allocation Failure)
[39.625s][info][gc,heap        ] GC(355) PSYoungGen: 148448K(148480K)->224K(146432K) Eden: 147968K(147968K)->0K(145408K) From: 480K(512K)->224K(1024K)
[39.625s][info][gc,heap        ] GC(355) ParOldGen: 175657K(699392K)->175785K(699392K)
[39.625s][info][gc,metaspace   ] GC(355) Metaspace: 60451K(61312K)->60451K(61312K) NonClass: 52894K(53376K)->52894K(53376K) Class: 7556K(7936K)->7556K(7936K)
[39.625s][info][gc             ] GC(355) Pause Young (Allocation Failure) 316M->171M(826M) 0.675ms
[39.626s][info][gc,cpu         ] GC(355) User=0.00s Sys=0.00s Real=0.00s
[39.670s][info][gc,start       ] GC(356) Pause Young (Allocation Failure)
[39.671s][info][gc,heap        ] GC(356) PSYoungGen: 145632K(146432K)->288K(143360K) Eden: 145408K(145408K)->0K(142848K) From: 224K(1024K)->288K(512K)
[39.671s][info][gc,heap        ] GC(356) ParOldGen: 175785K(699392K)->175793K(699392K)
[39.671s][info][gc,metaspace   ] GC(356) Metaspace: 60451K(61312K)->60451K(61312K) NonClass: 52894K(53376K)->52894K(53376K) Class: 7556K(7936K)->7556K(7936K)
[39.671s][info][gc             ] GC(356) Pause Young (Allocation Failure) 313M->171M(823M) 0.866ms
[39.671s][info][gc,cpu         ] GC(356) User=0.30s Sys=0.00s Real=0.02s
[39.715s][info][gc,start       ] GC(357) Pause Young (Allocation Failure)
[39.715s][info][gc,heap        ] GC(357) PSYoungGen: 143136K(143360K)->256K(141824K) Eden: 142848K(142848K)->0K(140800K) From: 288K(512K)->256K(1024K)
[39.715s][info][gc,heap        ] GC(357) ParOldGen: 175793K(699392K)->175793K(699392K)
[39.715s][info][gc,metaspace   ] GC(357) Metaspace: 60451K(61312K)->60451K(61312K) NonClass: 52894K(53376K)->52894K(53376K) Class: 7556K(7936K)->7556K(7936K)
[39.715s][info][gc             ] GC(357) Pause Young (Allocation Failure) 311M->171M(821M) 0.611ms
[39.715s][info][gc,cpu         ] GC(357) User=0.00s Sys=0.00s Real=0.00s
[39.767s][info][gc,start       ] GC(358) Pause Young (Allocation Failure)
[39.768s][info][gc,heap        ] GC(358) PSYoungGen: 141056K(141824K)->288K(139264K) Eden: 140800K(140800K)->0K(138752K) From: 256K(1024K)->288K(512K)
[39.768s][info][gc,heap        ] GC(358) ParOldGen: 175793K(699392K)->175801K(699392K)
[39.768s][info][gc,metaspace   ] GC(358) Metaspace: 60451K(61312K)->60451K(61312K) NonClass: 52894K(53376K)->52894K(53376K) Class: 7556K(7936K)->7556K(7936K)
[39.768s][info][gc             ] GC(358) Pause Young (Allocation Failure) 309M->171M(819M) 1.124ms
[39.768s][info][gc,cpu         ] GC(358) User=0.00s Sys=0.00s Real=0.00s
[39.818s][info][gc,start       ] GC(359) Pause Young (Allocation Failure)
[39.818s][info][gc,heap        ] GC(359) PSYoungGen: 139040K(139264K)->544K(137728K) Eden: 138752K(138752K)->0K(136704K) From: 288K(512K)->544K(1024K)
[39.818s][info][gc,heap        ] GC(359) ParOldGen: 175801K(699392K)->175809K(699392K)
[39.818s][info][gc,metaspace   ] GC(359) Metaspace: 60453K(61312K)->60453K(61312K) NonClass: 52896K(53376K)->52896K(53376K) Class: 7556K(7936K)->7556K(7936K)
[39.818s][info][gc             ] GC(359) Pause Young (Allocation Failure) 307M->172M(817M) 0.786ms
[39.819s][info][gc,cpu         ] GC(359) User=0.00s Sys=0.00s Real=0.00s
[39.861s][info][gc,start       ] GC(360) Pause Young (Allocation Failure)
[39.861s][info][gc,heap        ] GC(360) PSYoungGen: 137248K(137728K)->192K(164864K) Eden: 136704K(136704K)->0K(164352K) From: 544K(1024K)->192K(512K)
[39.861s][info][gc,heap        ] GC(360) ParOldGen: 175809K(699392K)->175937K(699392K)
[39.861s][info][gc,metaspace   ] GC(360) Metaspace: 60453K(61312K)->60453K(61312K) NonClass: 52896K(53376K)->52896K(53376K) Class: 7556K(7936K)->7556K(7936K)
[39.861s][info][gc             ] GC(360) Pause Young (Allocation Failure) 305M->172M(844M) 0.705ms
[39.861s][info][gc,cpu         ] GC(360) User=0.00s Sys=0.00s Real=0.00s
[39.919s][info][gc,start       ] GC(361) Pause Young (Allocation Failure)
[39.920s][info][gc,heap        ] GC(361) PSYoungGen: 164544K(164864K)->224K(162304K) Eden: 164352K(164352K)->0K(161280K) From: 192K(512K)->224K(1024K)
[39.920s][info][gc,heap        ] GC(361) ParOldGen: 175937K(699392K)->175953K(699392K)
[39.920s][info][gc,metaspace   ] GC(361) Metaspace: 60453K(61312K)->60453K(61312K) NonClass: 52896K(53376K)->52896K(53376K) Class: 7556K(7936K)->7556K(7936K)
[39.920s][info][gc             ] GC(361) Pause Young (Allocation Failure) 332M->172M(841M) 0.687ms
[39.920s][info][gc,cpu         ] GC(361) User=0.00s Sys=0.00s Real=0.00s
[39.993s][info][gc,start       ] GC(362) Pause Young (Allocation Failure)
[39.994s][info][gc,heap        ] GC(362) PSYoungGen: 161504K(162304K)->288K(159232K) Eden: 161280K(161280K)->0K(158720K) From: 224K(1024K)->288K(512K)
[39.994s][info][gc,heap        ] GC(362) ParOldGen: 175953K(699392K)->175977K(699392K)
[39.994s][info][gc,metaspace   ] GC(362) Metaspace: 60453K(61312K)->60453K(61312K) NonClass: 52896K(53376K)->52896K(53376K) Class: 7556K(7936K)->7556K(7936K)
[39.994s][info][gc             ] GC(362) Pause Young (Allocation Failure) 329M->172M(838M) 0.905ms
[39.994s][info][gc,cpu         ] GC(362) User=0.00s Sys=0.00s Real=0.00s
[40.057s][info][gc,start       ] GC(363) Pause Young (Allocation Failure)
[40.058s][info][gc,heap        ] GC(363) PSYoungGen: 159008K(159232K)->288K(157184K) Eden: 158720K(158720K)->0K(156160K) From: 288K(512K)->288K(1024K)
[40.058s][info][gc,heap        ] GC(363) ParOldGen: 175977K(699392K)->175993K(699392K)
[40.058s][info][gc,metaspace   ] GC(363) Metaspace: 60453K(61312K)->60453K(61312K) NonClass: 52896K(53376K)->52896K(53376K) Class: 7556K(7936K)->7556K(7936K)
[40.058s][info][gc             ] GC(363) Pause Young (Allocation Failure) 327M->172M(836M) 0.612ms
[40.058s][info][gc,cpu         ] GC(363) User=0.00s Sys=0.00s Real=0.00s
[40.114s][info][gc,start       ] GC(364) Pause Young (Allocation Failure)
[40.114s][info][gc,heap        ] GC(364) PSYoungGen: 156448K(157184K)->224K(154112K) Eden: 156160K(156160K)->0K(153600K) From: 288K(1024K)->224K(512K)
[40.114s][info][gc,heap        ] GC(364) ParOldGen: 175993K(699392K)->176017K(699392K)
[40.114s][info][gc,metaspace   ] GC(364) Metaspace: 60453K(61312K)->60453K(61312K) NonClass: 52896K(53376K)->52896K(53376K) Class: 7556K(7936K)->7556K(7936K)
[40.114s][info][gc             ] GC(364) Pause Young (Allocation Failure) 324M->172M(833M) 0.709ms
[40.114s][info][gc,cpu         ] GC(364) User=0.00s Sys=0.00s Real=0.00s
[40.182s][info][gc,start       ] GC(365) Pause Young (Allocation Failure)
[40.182s][info][gc,heap        ] GC(365) PSYoungGen: 153824K(154112K)->640K(152064K) Eden: 153600K(153600K)->0K(151040K) From: 224K(512K)->640K(1024K)
[40.182s][info][gc,heap        ] GC(365) ParOldGen: 176017K(699392K)->176033K(699392K)
[40.182s][info][gc,metaspace   ] GC(365) Metaspace: 60460K(61312K)->60460K(61312K) NonClass: 52903K(53376K)->52903K(53376K) Class: 7556K(7936K)->7556K(7936K)
[40.182s][info][gc             ] GC(365) Pause Young (Allocation Failure) 322M->172M(831M) 0.758ms
[40.183s][info][gc,cpu         ] GC(365) User=0.00s Sys=0.00s Real=0.00s
[40.243s][info][gc,start       ] GC(366) Pause Young (System.gc())
[40.243s][info][gc,heap        ] GC(366) PSYoungGen: 41241K(152064K)->608K(152064K) Eden: 40601K(151040K)->0K(151040K) From: 640K(1024K)->608K(1024K)
[40.243s][info][gc,heap        ] GC(366) ParOldGen: 176033K(699392K)->176153K(699392K)
[40.244s][info][gc,metaspace   ] GC(366) Metaspace: 60483K(61376K)->60483K(61376K) NonClass: 52926K(53440K)->52926K(53440K) Class: 7556K(7936K)->7556K(7936K)
[40.244s][info][gc             ] GC(366) Pause Young (System.gc()) 212M->172M(831M) 0.931ms
[40.244s][info][gc,cpu         ] GC(366) User=0.00s Sys=0.00s Real=0.00s
[40.244s][info][gc,start       ] GC(367) Pause Full (System.gc())
[40.244s][info][gc,phases,start] GC(367) Marking Phase
[40.348s][info][gc,phases      ] GC(367) Marking Phase 104.244ms
[40.348s][info][gc,phases,start] GC(367) Summary Phase
[40.348s][info][gc,phases      ] GC(367) Summary Phase 0.015ms
[40.348s][info][gc,phases,start] GC(367) Adjust Roots
[40.355s][info][gc,phases      ] GC(367) Adjust Roots 6.829ms
[40.355s][info][gc,phases,start] GC(367) Compaction Phase
[40.383s][info][gc,phases      ] GC(367) Compaction Phase 28.057ms
[40.383s][info][gc,phases,start] GC(367) Post Compact
[40.384s][info][gc,phases      ] GC(367) Post Compact 1.053ms
[40.384s][info][gc,heap        ] GC(367) PSYoungGen: 608K(152064K)->0K(152064K) Eden: 0K(151040K)->0K(151040K) From: 608K(1024K)->0K(1024K)
[40.384s][info][gc,heap        ] GC(367) ParOldGen: 176153K(699392K)->175349K(699392K)
[40.384s][info][gc,metaspace   ] GC(367) Metaspace: 60483K(61376K)->60483K(61376K) NonClass: 52926K(53440K)->52926K(53440K) Class: 7556K(7936K)->7556K(7936K)
[40.384s][info][gc             ] GC(367) Pause Full (System.gc()) 172M->171M(831M) 140.451ms
[40.384s][info][gc,cpu         ] GC(367) User=2.11s Sys=0.00s Real=0.14s
[40.486s][info][gc,start       ] GC(368) Pause Young (Allocation Failure)
[40.488s][info][gc,heap        ] GC(368) PSYoungGen: 151040K(152064K)->704K(149504K) Eden: 151040K(151040K)->0K(148480K) From: 0K(1024K)->704K(1024K)
[40.488s][info][gc,heap        ] GC(368) ParOldGen: 175349K(699392K)->175357K(699392K)
[40.488s][info][gc,metaspace   ] GC(368) Metaspace: 60540K(61440K)->60540K(61440K) NonClass: 52981K(53504K)->52981K(53504K) Class: 7559K(7936K)->7559K(7936K)
[40.488s][info][gc             ] GC(368) Pause Young (Allocation Failure) 318M->171M(829M) 1.338ms
[40.488s][info][gc,cpu         ] GC(368) User=0.00s Sys=0.00s Real=0.00s
[40.550s][info][gc,start       ] GC(369) Pause Young (Allocation Failure)
[40.551s][info][gc,heap        ] GC(369) PSYoungGen: 149184K(149504K)->512K(146432K) Eden: 148480K(148480K)->0K(145920K) From: 704K(1024K)->512K(512K)
[40.551s][info][gc,heap        ] GC(369) ParOldGen: 175357K(699392K)->175710K(699392K)
[40.551s][info][gc,metaspace   ] GC(369) Metaspace: 60540K(61440K)->60540K(61440K) NonClass: 52981K(53504K)->52981K(53504K) Class: 7559K(7936K)->7559K(7936K)
[40.551s][info][gc             ] GC(369) Pause Young (Allocation Failure) 316M->172M(826M) 0.801ms
[40.551s][info][gc,cpu         ] GC(369) User=0.00s Sys=0.00s Real=0.00s
[40.609s][info][gc,start       ] GC(370) Pause Young (Allocation Failure)
[40.610s][info][gc,heap        ] GC(370) PSYoungGen: 146432K(146432K)->192K(144384K) Eden: 145920K(145920K)->0K(143360K) From: 512K(512K)->192K(1024K)
[40.610s][info][gc,heap        ] GC(370) ParOldGen: 175710K(699392K)->175830K(699392K)
[40.610s][info][gc,metaspace   ] GC(370) Metaspace: 60540K(61440K)->60540K(61440K) NonClass: 52981K(53504K)->52981K(53504K) Class: 7559K(7936K)->7559K(7936K)
[40.610s][info][gc             ] GC(370) Pause Young (Allocation Failure) 314M->171M(824M) 0.702ms
[40.610s][info][gc,cpu         ] GC(370) User=0.00s Sys=0.00s Real=0.00s
[40.667s][info][gc,start       ] GC(371) Pause Young (Allocation Failure)
[40.667s][info][gc,heap        ] GC(371) PSYoungGen: 143552K(144384K)->256K(141824K) Eden: 143360K(143360K)->0K(141312K) From: 192K(1024K)->256K(512K)
[40.667s][info][gc,heap        ] GC(371) ParOldGen: 175830K(699392K)->175838K(699392K)
[40.667s][info][gc,metaspace   ] GC(371) Metaspace: 60540K(61440K)->60540K(61440K) NonClass: 52981K(53504K)->52981K(53504K) Class: 7559K(7936K)->7559K(7936K)
[40.667s][info][gc             ] GC(371) Pause Young (Allocation Failure) 311M->171M(821M) 0.806ms
[40.667s][info][gc,cpu         ] GC(371) User=0.00s Sys=0.00s Real=0.00s
[40.716s][info][gc,start       ] GC(372) Pause Young (Allocation Failure)
[40.716s][info][gc,heap        ] GC(372) PSYoungGen: 141568K(141824K)->288K(140288K) Eden: 141312K(141312K)->0K(139264K) From: 256K(512K)->288K(1024K)
[40.716s][info][gc,heap        ] GC(372) ParOldGen: 175838K(699392K)->175838K(699392K)
[40.716s][info][gc,metaspace   ] GC(372) Metaspace: 60540K(61440K)->60540K(61440K) NonClass: 52981K(53504K)->52981K(53504K) Class: 7559K(7936K)->7559K(7936K)
[40.716s][info][gc             ] GC(372) Pause Young (Allocation Failure) 309M->171M(820M) 0.600ms
[40.716s][info][gc,cpu         ] GC(372) User=0.00s Sys=0.00s Real=0.00s
[40.770s][info][gc,start       ] GC(373) Pause Young (Allocation Failure)
[40.771s][info][gc,heap        ] GC(373) PSYoungGen: 139552K(140288K)->256K(137728K) Eden: 139264K(139264K)->0K(137216K) From: 288K(1024K)->256K(512K)
[40.771s][info][gc,heap        ] GC(373) ParOldGen: 175838K(699392K)->175854K(699392K)
[40.771s][info][gc,metaspace   ] GC(373) Metaspace: 60540K(61440K)->60540K(61440K) NonClass: 52981K(53504K)->52981K(53504K) Class: 7559K(7936K)->7559K(7936K)
[40.771s][info][gc             ] GC(373) Pause Young (Allocation Failure) 307M->171M(817M) 0.918ms
[40.771s][info][gc,cpu         ] GC(373) User=0.00s Sys=0.00s Real=0.00s
[40.833s][info][gc,start       ] GC(374) Pause Young (Allocation Failure)
[40.834s][info][gc,heap        ] GC(374) PSYoungGen: 137472K(137728K)->256K(136192K) Eden: 137216K(137216K)->0K(135168K) From: 256K(512K)->256K(1024K)
[40.834s][info][gc,heap        ] GC(374) ParOldGen: 175854K(699392K)->175854K(699392K)
[40.834s][info][gc,metaspace   ] GC(374) Metaspace: 60540K(61440K)->60540K(61440K) NonClass: 52981K(53504K)->52981K(53504K) Class: 7559K(7936K)->7559K(7936K)
[40.834s][info][gc             ] GC(374) Pause Young (Allocation Failure) 305M->171M(816M) 0.678ms
[40.834s][info][gc,cpu         ] GC(374) User=0.00s Sys=0.00s Real=0.00s
[40.887s][info][gc,start       ] GC(375) Pause Young (Allocation Failure)
[40.887s][info][gc,heap        ] GC(375) PSYoungGen: 135424K(136192K)->224K(133632K) Eden: 135168K(135168K)->0K(133120K) From: 256K(1024K)->224K(512K)
[40.887s][info][gc,heap        ] GC(375) ParOldGen: 175854K(699392K)->175870K(699392K)
[40.888s][info][gc,metaspace   ] GC(375) Metaspace: 60540K(61440K)->60540K(61440K) NonClass: 52981K(53504K)->52981K(53504K) Class: 7559K(7936K)->7559K(7936K)
[40.888s][info][gc             ] GC(375) Pause Young (Allocation Failure) 303M->171M(813M) 0.835ms
[40.888s][info][gc,cpu         ] GC(375) User=0.00s Sys=0.02s Real=0.02s
[40.933s][info][gc,start       ] GC(376) Pause Young (Allocation Failure)
[40.933s][info][gc,heap        ] GC(376) PSYoungGen: 133344K(133632K)->224K(132096K) Eden: 133120K(133120K)->0K(131072K) From: 224K(512K)->224K(1024K)
[40.933s][info][gc,heap        ] GC(376) ParOldGen: 175870K(699392K)->175878K(699392K)
[40.934s][info][gc,metaspace   ] GC(376) Metaspace: 60540K(61440K)->60540K(61440K) NonClass: 52981K(53504K)->52981K(53504K) Class: 7559K(7936K)->7559K(7936K)
[40.934s][info][gc             ] GC(376) Pause Young (Allocation Failure) 301M->171M(812M) 0.662ms
[40.934s][info][gc,cpu         ] GC(376) User=0.00s Sys=0.00s Real=0.00s
[40.978s][info][gc,start       ] GC(377) Pause Young (Allocation Failure)
[40.979s][info][gc,heap        ] GC(377) PSYoungGen: 131296K(132096K)->288K(129536K) Eden: 131072K(131072K)->0K(129024K) From: 224K(1024K)->288K(512K)
[40.979s][info][gc,heap        ] GC(377) ParOldGen: 175878K(699392K)->175910K(699392K)
[40.979s][info][gc,metaspace   ] GC(377) Metaspace: 60540K(61440K)->60540K(61440K) NonClass: 52981K(53504K)->52981K(53504K) Class: 7559K(7936K)->7559K(7936K)
[40.979s][info][gc             ] GC(377) Pause Young (Allocation Failure) 299M->172M(809M) 1.038ms
[40.979s][info][gc,cpu         ] GC(377) User=0.00s Sys=0.00s Real=0.00s
[41.023s][info][gc,start       ] GC(378) Pause Young (Allocation Failure)
[41.023s][info][gc,heap        ] GC(378) PSYoungGen: 129312K(129536K)->128K(128000K) Eden: 129024K(129024K)->0K(126976K) From: 288K(512K)->128K(1024K)
[41.023s][info][gc,heap        ] GC(378) ParOldGen: 175910K(699392K)->175926K(699392K)
[41.023s][info][gc,metaspace   ] GC(378) Metaspace: 60540K(61440K)->60540K(61440K) NonClass: 52981K(53504K)->52981K(53504K) Class: 7559K(7936K)->7559K(7936K)
[41.023s][info][gc             ] GC(378) Pause Young (Allocation Failure) 298M->171M(808M) 0.609ms
[41.023s][info][gc,cpu         ] GC(378) User=0.00s Sys=0.00s Real=0.00s
[41.074s][info][gc,start       ] GC(379) Pause Young (Allocation Failure)
[41.075s][info][gc,heap        ] GC(379) PSYoungGen: 127104K(128000K)->224K(125440K) Eden: 126976K(126976K)->0K(124928K) From: 128K(1024K)->224K(512K)
[41.075s][info][gc,heap        ] GC(379) ParOldGen: 175926K(699392K)->175934K(699392K)
[41.075s][info][gc,metaspace   ] GC(379) Metaspace: 60540K(61440K)->60540K(61440K) NonClass: 52981K(53504K)->52981K(53504K) Class: 7559K(7936K)->7559K(7936K)
[41.075s][info][gc             ] GC(379) Pause Young (Allocation Failure) 295M->172M(805M) 0.817ms
[41.075s][info][gc,cpu         ] GC(379) User=0.00s Sys=0.00s Real=0.00s
[41.130s][info][gc,start       ] GC(380) Pause Young (Allocation Failure)
[41.131s][info][gc,heap        ] GC(380) PSYoungGen: 125152K(125440K)->224K(124416K) Eden: 124928K(124928K)->0K(123392K) From: 224K(512K)->224K(1024K)
[41.131s][info][gc,heap        ] GC(380) ParOldGen: 175934K(699392K)->175950K(699392K)
[41.131s][info][gc,metaspace   ] GC(380) Metaspace: 60540K(61440K)->60540K(61440K) NonClass: 52981K(53504K)->52981K(53504K) Class: 7559K(7936K)->7559K(7936K)
[41.131s][info][gc             ] GC(380) Pause Young (Allocation Failure) 294M->172M(804M) 0.759ms
[41.131s][info][gc,cpu         ] GC(380) User=0.00s Sys=0.00s Real=0.00s
[41.181s][info][gc,start       ] GC(381) Pause Young (Allocation Failure)
[41.182s][info][gc,heap        ] GC(381) PSYoungGen: 123616K(124416K)->224K(122368K) Eden: 123392K(123392K)->0K(121856K) From: 224K(1024K)->224K(512K)
[41.182s][info][gc,heap        ] GC(381) ParOldGen: 175950K(699392K)->175974K(699392K)
[41.182s][info][gc,metaspace   ] GC(381) Metaspace: 60540K(61440K)->60540K(61440K) NonClass: 52981K(53504K)->52981K(53504K) Class: 7559K(7936K)->7559K(7936K)
[41.183s][info][gc             ] GC(381) Pause Young (Allocation Failure) 292M->172M(802M) 1.029ms
[41.183s][info][gc,cpu         ] GC(381) User=0.00s Sys=0.00s Real=0.00s
[41.238s][info][gc,start       ] GC(382) Pause Young (System.gc())
[41.239s][info][gc,heap        ] GC(382) PSYoungGen: 78044K(122368K)->608K(122880K) Eden: 77820K(121856K)->0K(121856K) From: 224K(512K)->608K(1024K)
[41.239s][info][gc,heap        ] GC(382) ParOldGen: 175974K(699392K)->175998K(699392K)
[41.239s][info][gc,metaspace   ] GC(382) Metaspace: 60606K(61504K)->60606K(61504K) NonClass: 53045K(53568K)->53045K(53568K) Class: 7560K(7936K)->7560K(7936K)
[41.239s][info][gc             ] GC(382) Pause Young (System.gc()) 248M->172M(803M) 1.017ms
[41.239s][info][gc,cpu         ] GC(382) User=0.00s Sys=0.00s Real=0.00s
[41.239s][info][gc,start       ] GC(383) Pause Full (System.gc())
[41.239s][info][gc,phases,start] GC(383) Marking Phase
[41.340s][info][gc,phases      ] GC(383) Marking Phase 101.070ms
[41.340s][info][gc,phases,start] GC(383) Summary Phase
[41.340s][info][gc,phases      ] GC(383) Summary Phase 0.014ms
[41.340s][info][gc,phases,start] GC(383) Adjust Roots
[41.347s][info][gc,phases      ] GC(383) Adjust Roots 6.469ms
[41.347s][info][gc,phases,start] GC(383) Compaction Phase
[41.373s][info][gc,phases      ] GC(383) Compaction Phase 26.097ms
[41.373s][info][gc,phases,start] GC(383) Post Compact
[41.374s][info][gc,phases      ] GC(383) Post Compact 0.991ms
[41.374s][info][gc,heap        ] GC(383) PSYoungGen: 608K(122880K)->0K(122880K) Eden: 0K(121856K)->0K(121856K) From: 608K(1024K)->0K(1024K)
[41.374s][info][gc,heap        ] GC(383) ParOldGen: 175998K(699392K)->175383K(699392K)
[41.374s][info][gc,metaspace   ] GC(383) Metaspace: 60606K(61504K)->60606K(61504K) NonClass: 53045K(53568K)->53045K(53568K) Class: 7560K(7936K)->7560K(7936K)
[41.374s][info][gc             ] GC(383) Pause Full (System.gc()) 172M->171M(803M) 134.899ms
[41.374s][info][gc,cpu         ] GC(383) User=1.58s Sys=0.00s Real=0.13s
[41.486s][info][gc,start       ] GC(384) Pause Young (Allocation Failure)
[41.486s][info][gc,heap        ] GC(384) PSYoungGen: 121856K(122880K)->768K(121344K) Eden: 121856K(121856K)->0K(120320K) From: 0K(1024K)->768K(1024K)
[41.486s][info][gc,heap        ] GC(384) ParOldGen: 175383K(699392K)->175383K(699392K)
[41.486s][info][gc,metaspace   ] GC(384) Metaspace: 60610K(61504K)->60610K(61504K) NonClass: 53049K(53568K)->53049K(53568K) Class: 7560K(7936K)->7560K(7936K)
[41.487s][info][gc             ] GC(384) Pause Young (Allocation Failure) 290M->172M(801M) 0.919ms
[41.487s][info][gc,cpu         ] GC(384) User=0.00s Sys=0.00s Real=0.00s
[41.538s][info][gc,start       ] GC(385) Pause Young (Allocation Failure)
[41.539s][info][gc,heap        ] GC(385) PSYoungGen: 121088K(121344K)->416K(119296K) Eden: 120320K(120320K)->0K(118784K) From: 768K(1024K)->416K(512K)
[41.539s][info][gc,heap        ] GC(385) ParOldGen: 175383K(699392K)->175733K(699392K)
[41.539s][info][gc,metaspace   ] GC(385) Metaspace: 60610K(61504K)->60610K(61504K) NonClass: 53049K(53568K)->53049K(53568K) Class: 7560K(7936K)->7560K(7936K)
[41.539s][info][gc             ] GC(385) Pause Young (Allocation Failure) 289M->172M(799M) 0.964ms
[41.539s][info][gc,cpu         ] GC(385) User=0.00s Sys=0.00s Real=0.00s
[41.583s][info][gc,start       ] GC(386) Pause Young (Allocation Failure)
[41.584s][info][gc,heap        ] GC(386) PSYoungGen: 119200K(119296K)->224K(143360K) Eden: 118784K(118784K)->0K(142848K) From: 416K(512K)->224K(512K)
[41.584s][info][gc,heap        ] GC(386) ParOldGen: 175733K(699392K)->175853K(699392K)
[41.584s][info][gc,metaspace   ] GC(386) Metaspace: 60610K(61504K)->60610K(61504K) NonClass: 53049K(53568K)->53049K(53568K) Class: 7560K(7936K)->7560K(7936K)
[41.584s][info][gc             ] GC(386) Pause Young (Allocation Failure) 288M->171M(823M) 0.973ms
[41.584s][info][gc,cpu         ] GC(386) User=0.00s Sys=0.00s Real=0.00s
[41.637s][info][gc,start       ] GC(387) Pause Young (Allocation Failure)
[41.637s][info][gc,heap        ] GC(387) PSYoungGen: 143072K(143360K)->288K(172032K) Eden: 142848K(142848K)->0K(171008K) From: 224K(512K)->288K(1024K)
[41.637s][info][gc,heap        ] GC(387) ParOldGen: 175853K(699392K)->175853K(699392K)
[41.637s][info][gc,metaspace   ] GC(387) Metaspace: 60610K(61504K)->60610K(61504K) NonClass: 53049K(53568K)->53049K(53568K) Class: 7560K(7936K)->7560K(7936K)
[41.637s][info][gc             ] GC(387) Pause Young (Allocation Failure) 311M->172M(851M) 0.772ms
[41.637s][info][gc,cpu         ] GC(387) User=0.00s Sys=0.00s Real=0.00s
[41.690s][info][gc,start       ] GC(388) Pause Young (Allocation Failure)
[41.691s][info][gc,heap        ] GC(388) PSYoungGen: 171296K(172032K)->224K(172544K) Eden: 171008K(171008K)->0K(171520K) From: 288K(1024K)->224K(1024K)
[41.691s][info][gc,heap        ] GC(388) ParOldGen: 175853K(699392K)->175861K(699392K)
[41.691s][info][gc,metaspace   ] GC(388) Metaspace: 60610K(61504K)->60610K(61504K) NonClass: 53049K(53568K)->53049K(53568K) Class: 7560K(7936K)->7560K(7936K)
[41.691s][info][gc             ] GC(388) Pause Young (Allocation Failure) 339M->171M(851M) 0.738ms
[41.691s][info][gc,cpu         ] GC(388) User=0.00s Sys=0.00s Real=0.00s
[41.751s][info][gc,start       ] GC(389) Pause Young (Allocation Failure)
[41.752s][info][gc,heap        ] GC(389) PSYoungGen: 171744K(172544K)->224K(168960K) Eden: 171520K(171520K)->0K(168448K) From: 224K(1024K)->224K(512K)
[41.752s][info][gc,heap        ] GC(389) ParOldGen: 175861K(699392K)->175861K(699392K)
[41.752s][info][gc,metaspace   ] GC(389) Metaspace: 60610K(61504K)->60610K(61504K) NonClass: 53049K(53568K)->53049K(53568K) Class: 7560K(7936K)->7560K(7936K)
[41.752s][info][gc             ] GC(389) Pause Young (Allocation Failure) 339M->171M(848M) 1.058ms
[41.752s][info][gc,cpu         ] GC(389) User=0.00s Sys=0.00s Real=0.00s
[41.818s][info][gc,start       ] GC(390) Pause Young (Allocation Failure)
[41.819s][info][gc,heap        ] GC(390) PSYoungGen: 168672K(168960K)->288K(165888K) Eden: 168448K(168448K)->0K(165376K) From: 224K(512K)->288K(512K)
[41.819s][info][gc,heap        ] GC(390) ParOldGen: 175861K(699392K)->175861K(699392K)
[41.819s][info][gc,metaspace   ] GC(390) Metaspace: 60610K(61504K)->60610K(61504K) NonClass: 53049K(53568K)->53049K(53568K) Class: 7560K(7936K)->7560K(7936K)
[41.819s][info][gc             ] GC(390) Pause Young (Allocation Failure) 336M->172M(845M) 0.963ms
[41.819s][info][gc,cpu         ] GC(390) User=0.00s Sys=0.00s Real=0.00s
[41.877s][info][gc,start       ] GC(391) Pause Young (Allocation Failure)
[41.877s][info][gc,heap        ] GC(391) PSYoungGen: 165664K(165888K)->224K(163328K) Eden: 165376K(165376K)->0K(162304K) From: 288K(512K)->224K(1024K)
[41.877s][info][gc,heap        ] GC(391) ParOldGen: 175861K(699392K)->175877K(699392K)
[41.877s][info][gc,metaspace   ] GC(391) Metaspace: 60610K(61504K)->60610K(61504K) NonClass: 53049K(53568K)->53049K(53568K) Class: 7560K(7936K)->7560K(7936K)
[41.877s][info][gc             ] GC(391) Pause Young (Allocation Failure) 333M->171M(842M) 0.593ms
[41.877s][info][gc,cpu         ] GC(391) User=0.00s Sys=0.00s Real=0.00s
[41.934s][info][gc,start       ] GC(392) Pause Young (Allocation Failure)
[41.935s][info][gc,heap        ] GC(392) PSYoungGen: 162528K(163328K)->352K(159744K) Eden: 162304K(162304K)->0K(159232K) From: 224K(1024K)->352K(512K)
[41.935s][info][gc,heap        ] GC(392) ParOldGen: 175877K(699392K)->175885K(699392K)
[41.935s][info][gc,metaspace   ] GC(392) Metaspace: 60610K(61504K)->60610K(61504K) NonClass: 53049K(53568K)->53049K(53568K) Class: 7560K(7936K)->7560K(7936K)
[41.935s][info][gc             ] GC(392) Pause Young (Allocation Failure) 330M->172M(839M) 0.749ms
[41.935s][info][gc,cpu         ] GC(392) User=0.00s Sys=0.00s Real=0.00s
[41.993s][info][gc,start       ] GC(393) Pause Young (Allocation Failure)
[41.993s][info][gc,heap        ] GC(393) PSYoungGen: 159584K(159744K)->288K(157696K) Eden: 159232K(159232K)->0K(156672K) From: 352K(512K)->288K(1024K)
[41.993s][info][gc,heap        ] GC(393) ParOldGen: 175885K(699392K)->175917K(699392K)
[41.993s][info][gc,metaspace   ] GC(393) Metaspace: 60610K(61504K)->60610K(61504K) NonClass: 53049K(53568K)->53049K(53568K) Class: 7560K(7936K)->7560K(7936K)
[41.993s][info][gc             ] GC(393) Pause Young (Allocation Failure) 327M->172M(837M) 0.631ms
[41.993s][info][gc,cpu         ] GC(393) User=0.00s Sys=0.00s Real=0.00s
[42.049s][info][gc,start       ] GC(394) Pause Young (Allocation Failure)
[42.050s][info][gc,heap        ] GC(394) PSYoungGen: 156960K(157696K)->288K(154624K) Eden: 156672K(156672K)->0K(154112K) From: 288K(1024K)->288K(512K)
[42.050s][info][gc,heap        ] GC(394) ParOldGen: 175917K(699392K)->175933K(699392K)
[42.050s][info][gc,metaspace   ] GC(394) Metaspace: 60610K(61504K)->60610K(61504K) NonClass: 53049K(53568K)->53049K(53568K) Class: 7560K(7936K)->7560K(7936K)
[42.050s][info][gc             ] GC(394) Pause Young (Allocation Failure) 325M->172M(834M) 0.745ms
[42.050s][info][gc,cpu         ] GC(394) User=0.00s Sys=0.00s Real=0.00s
[42.110s][info][gc,start       ] GC(395) Pause Young (Allocation Failure)
[42.111s][info][gc,heap        ] GC(395) PSYoungGen: 154400K(154624K)->640K(152576K) Eden: 154112K(154112K)->0K(151552K) From: 288K(512K)->640K(1024K)
[42.111s][info][gc,heap        ] GC(395) ParOldGen: 175933K(699392K)->175949K(699392K)
[42.111s][info][gc,metaspace   ] GC(395) Metaspace: 60610K(61504K)->60610K(61504K) NonClass: 53049K(53568K)->53049K(53568K) Class: 7560K(7936K)->7560K(7936K)
[42.111s][info][gc             ] GC(395) Pause Young (Allocation Failure) 322M->172M(832M) 0.830ms
[42.111s][info][gc,cpu         ] GC(395) User=0.00s Sys=0.00s Real=0.00s
[42.203s][info][gc,start       ] GC(396) Pause Young (Allocation Failure)
[42.204s][info][gc,heap        ] GC(396) PSYoungGen: 152192K(152576K)->128K(149504K) Eden: 151552K(151552K)->0K(148992K) From: 640K(1024K)->128K(512K)
[42.204s][info][gc,heap        ] GC(396) ParOldGen: 175949K(699392K)->176109K(699392K)
[42.205s][info][gc,metaspace   ] GC(396) Metaspace: 60610K(61504K)->60610K(61504K) NonClass: 53049K(53568K)->53049K(53568K) Class: 7560K(7936K)->7560K(7936K)
[42.205s][info][gc             ] GC(396) Pause Young (Allocation Failure) 320M->172M(829M) 1.119ms
[42.205s][info][gc,cpu         ] GC(396) User=0.00s Sys=0.00s Real=0.00s
[42.235s][info][gc,start       ] GC(397) Pause Young (System.gc())
[42.236s][info][gc,heap        ] GC(397) PSYoungGen: 25909K(149504K)->640K(150016K) Eden: 25781K(148992K)->0K(148992K) From: 128K(512K)->640K(1024K)
[42.236s][info][gc,heap        ] GC(397) ParOldGen: 176109K(699392K)->176125K(699392K)
[42.236s][info][gc,metaspace   ] GC(397) Metaspace: 60612K(61504K)->60612K(61504K) NonClass: 53052K(53568K)->53052K(53568K) Class: 7560K(7936K)->7560K(7936K)
[42.236s][info][gc             ] GC(397) Pause Young (System.gc()) 197M->172M(829M) 0.978ms
[42.236s][info][gc,cpu         ] GC(397) User=0.00s Sys=0.00s Real=0.00s
[42.236s][info][gc,start       ] GC(398) Pause Full (System.gc())
[42.236s][info][gc,phases,start] GC(398) Marking Phase
[42.342s][info][gc,phases      ] GC(398) Marking Phase 105.431ms
[42.342s][info][gc,phases,start] GC(398) Summary Phase
[42.342s][info][gc,phases      ] GC(398) Summary Phase 0.013ms
[42.342s][info][gc,phases,start] GC(398) Adjust Roots
[42.349s][info][gc,phases      ] GC(398) Adjust Roots 7.606ms
[42.349s][info][gc,phases,start] GC(398) Compaction Phase
[42.376s][info][gc,phases      ] GC(398) Compaction Phase 26.616ms
[42.376s][info][gc,phases,start] GC(398) Post Compact
[42.377s][info][gc,phases      ] GC(398) Post Compact 1.065ms
[42.377s][info][gc,heap        ] GC(398) PSYoungGen: 640K(150016K)->0K(150016K) Eden: 0K(148992K)->0K(148992K) From: 640K(1024K)->0K(1024K)
[42.377s][info][gc,heap        ] GC(398) ParOldGen: 176125K(699392K)->175415K(699392K)
[42.377s][info][gc,metaspace   ] GC(398) Metaspace: 60612K(61504K)->60612K(61504K) NonClass: 53052K(53568K)->53052K(53568K) Class: 7560K(7936K)->7560K(7936K)
[42.377s][info][gc             ] GC(398) Pause Full (System.gc()) 172M->171M(829M) 141.024ms
[42.377s][info][gc,cpu         ] GC(398) User=1.77s Sys=0.00s Real=0.14s
[42.486s][info][gc,start       ] GC(399) Pause Young (Allocation Failure)
[42.486s][info][gc,heap        ] GC(399) PSYoungGen: 148992K(150016K)->768K(147456K) Eden: 148992K(148992K)->0K(146432K) From: 0K(1024K)->768K(1024K)
[42.486s][info][gc,heap        ] GC(399) ParOldGen: 175415K(699392K)->175423K(699392K)
[42.487s][info][gc,metaspace   ] GC(399) Metaspace: 60625K(61504K)->60625K(61504K) NonClass: 53065K(53568K)->53065K(53568K) Class: 7560K(7936K)->7560K(7936K)
[42.487s][info][gc             ] GC(399) Pause Young (Allocation Failure) 316M->172M(827M) 1.038ms
[42.487s][info][gc,cpu         ] GC(399) User=0.02s Sys=0.00s Real=0.02s
[42.532s][info][gc,start       ] GC(400) Pause Young (Allocation Failure)
[42.533s][info][gc,heap        ] GC(400) PSYoungGen: 147200K(147456K)->448K(144384K) Eden: 146432K(146432K)->0K(143872K) From: 768K(1024K)->448K(512K)
[42.533s][info][gc,heap        ] GC(400) ParOldGen: 175423K(699392K)->175785K(699392K)
[42.533s][info][gc,metaspace   ] GC(400) Metaspace: 60626K(61504K)->60626K(61504K) NonClass: 53066K(53568K)->53066K(53568K) Class: 7560K(7936K)->7560K(7936K)
[42.533s][info][gc             ] GC(400) Pause Young (Allocation Failure) 315M->172M(824M) 1.065ms
[42.533s][info][gc,cpu         ] GC(400) User=0.00s Sys=0.00s Real=0.00s
[42.583s][info][gc,start       ] GC(401) Pause Young (Allocation Failure)
[42.584s][info][gc,heap        ] GC(401) PSYoungGen: 144320K(144384K)->160K(142336K) Eden: 143872K(143872K)->0K(141824K) From: 448K(512K)->160K(512K)
[42.584s][info][gc,heap        ] GC(401) ParOldGen: 175785K(699392K)->175905K(699392K)
[42.584s][info][gc,metaspace   ] GC(401) Metaspace: 60626K(61504K)->60626K(61504K) NonClass: 53066K(53568K)->53066K(53568K) Class: 7560K(7936K)->7560K(7936K)
[42.584s][info][gc             ] GC(401) Pause Young (Allocation Failure) 312M->171M(822M) 1.075ms
[42.584s][info][gc,cpu         ] GC(401) User=0.00s Sys=0.00s Real=0.00s
[42.633s][info][gc,start       ] GC(402) Pause Young (Allocation Failure)
[42.634s][info][gc,heap        ] GC(402) PSYoungGen: 141984K(142336K)->352K(140800K) Eden: 141824K(141824K)->0K(139776K) From: 160K(512K)->352K(1024K)
[42.634s][info][gc,heap        ] GC(402) ParOldGen: 175905K(699392K)->175905K(699392K)
[42.634s][info][gc,metaspace   ] GC(402) Metaspace: 60626K(61504K)->60626K(61504K) NonClass: 53066K(53568K)->53066K(53568K) Class: 7560K(7936K)->7560K(7936K)
[42.634s][info][gc             ] GC(402) Pause Young (Allocation Failure) 310M->172M(820M) 0.611ms
[42.634s][info][gc,cpu         ] GC(402) User=0.00s Sys=0.00s Real=0.00s
[42.689s][info][gc,start       ] GC(403) Pause Young (Allocation Failure)
[42.690s][info][gc,heap        ] GC(403) PSYoungGen: 140128K(140800K)->288K(138240K) Eden: 139776K(139776K)->0K(137728K) From: 352K(1024K)->288K(512K)
[42.690s][info][gc,heap        ] GC(403) ParOldGen: 175905K(699392K)->175913K(699392K)
[42.690s][info][gc,metaspace   ] GC(403) Metaspace: 60626K(61504K)->60626K(61504K) NonClass: 53066K(53568K)->53066K(53568K) Class: 7560K(7936K)->7560K(7936K)
[42.690s][info][gc             ] GC(403) Pause Young (Allocation Failure) 308M->172M(818M) 1.213ms
[42.690s][info][gc,cpu         ] GC(403) User=0.00s Sys=0.02s Real=0.02s
[42.745s][info][gc,start       ] GC(404) Pause Young (Allocation Failure)
[42.745s][info][gc,heap        ] GC(404) PSYoungGen: 138016K(138240K)->352K(136704K) Eden: 137728K(137728K)->0K(135680K) From: 288K(512K)->352K(1024K)
[42.745s][info][gc,heap        ] GC(404) ParOldGen: 175913K(699392K)->175921K(699392K)
[42.745s][info][gc,metaspace   ] GC(404) Metaspace: 60626K(61504K)->60626K(61504K) NonClass: 53066K(53568K)->53066K(53568K) Class: 7560K(7936K)->7560K(7936K)
[42.745s][info][gc             ] GC(404) Pause Young (Allocation Failure) 306M->172M(816M) 0.688ms
[42.745s][info][gc,cpu         ] GC(404) User=0.00s Sys=0.00s Real=0.00s
[42.796s][info][gc,start       ] GC(405) Pause Young (Allocation Failure)
[42.797s][info][gc,heap        ] GC(405) PSYoungGen: 136032K(136704K)->256K(134144K) Eden: 135680K(135680K)->0K(133632K) From: 352K(1024K)->256K(512K)
[42.797s][info][gc,heap        ] GC(405) ParOldGen: 175921K(699392K)->175937K(699392K)
[42.797s][info][gc,metaspace   ] GC(405) Metaspace: 60626K(61504K)->60626K(61504K) NonClass: 53066K(53568K)->53066K(53568K) Class: 7560K(7936K)->7560K(7936K)
[42.797s][info][gc             ] GC(405) Pause Young (Allocation Failure) 304M->172M(814M) 0.827ms
[42.797s][info][gc,cpu         ] GC(405) User=0.00s Sys=0.00s Real=0.00s
[42.851s][info][gc,start       ] GC(406) Pause Young (Allocation Failure)
[42.852s][info][gc,heap        ] GC(406) PSYoungGen: 133888K(134144K)->256K(132608K) Eden: 133632K(133632K)->0K(131584K) From: 256K(512K)->256K(1024K)
[42.852s][info][gc,heap        ] GC(406) ParOldGen: 175937K(699392K)->175945K(699392K)
[42.852s][info][gc,metaspace   ] GC(406) Metaspace: 60626K(61504K)->60626K(61504K) NonClass: 53066K(53568K)->53066K(53568K) Class: 7560K(7936K)->7560K(7936K)
[42.852s][info][gc             ] GC(406) Pause Young (Allocation Failure) 302M->172M(812M) 0.643ms
[42.852s][info][gc,cpu         ] GC(406) User=0.00s Sys=0.00s Real=0.00s
[42.905s][info][gc,start       ] GC(407) Pause Young (Allocation Failure)
[42.906s][info][gc,heap        ] GC(407) PSYoungGen: 131840K(132608K)->320K(130048K) Eden: 131584K(131584K)->0K(129536K) From: 256K(1024K)->320K(512K)
[42.906s][info][gc,heap        ] GC(407) ParOldGen: 175945K(699392K)->175961K(699392K)
[42.906s][info][gc,metaspace   ] GC(407) Metaspace: 60626K(61504K)->60626K(61504K) NonClass: 53066K(53568K)->53066K(53568K) Class: 7560K(7936K)->7560K(7936K)
[42.906s][info][gc             ] GC(407) Pause Young (Allocation Failure) 300M->172M(810M) 0.802ms
[42.906s][info][gc,cpu         ] GC(407) User=0.00s Sys=0.00s Real=0.00s
[42.956s][info][gc,start       ] GC(408) Pause Young (Allocation Failure)
[42.957s][info][gc,heap        ] GC(408) PSYoungGen: 129856K(130048K)->256K(128512K) Eden: 129536K(129536K)->0K(127488K) From: 320K(512K)->256K(1024K)
[42.957s][info][gc,heap        ] GC(408) ParOldGen: 175961K(699392K)->175977K(699392K)
[42.957s][info][gc,metaspace   ] GC(408) Metaspace: 60626K(61504K)->60626K(61504K) NonClass: 53066K(53568K)->53066K(53568K) Class: 7560K(7936K)->7560K(7936K)
[42.957s][info][gc             ] GC(408) Pause Young (Allocation Failure) 298M->172M(808M) 0.601ms
[42.957s][info][gc,cpu         ] GC(408) User=0.00s Sys=0.00s Real=0.00s
[43.013s][info][gc,start       ] GC(409) Pause Young (Allocation Failure)
[43.014s][info][gc,heap        ] GC(409) PSYoungGen: 127744K(128512K)->224K(125952K) Eden: 127488K(127488K)->0K(125440K) From: 256K(1024K)->224K(512K)
[43.014s][info][gc,heap        ] GC(409) ParOldGen: 175977K(699392K)->176009K(699392K)
[43.014s][info][gc,metaspace   ] GC(409) Metaspace: 60626K(61504K)->60626K(61504K) NonClass: 53066K(53568K)->53066K(53568K) Class: 7560K(7936K)->7560K(7936K)
[43.014s][info][gc             ] GC(409) Pause Young (Allocation Failure) 296M->172M(806M) 0.938ms
[43.014s][info][gc,cpu         ] GC(409) User=0.00s Sys=0.00s Real=0.00s
[43.064s][info][gc,start       ] GC(410) Pause Young (Allocation Failure)
[43.065s][info][gc,heap        ] GC(410) PSYoungGen: 125664K(125952K)->224K(124928K) Eden: 125440K(125440K)->0K(123904K) From: 224K(512K)->224K(1024K)
[43.065s][info][gc,heap        ] GC(410) ParOldGen: 176009K(699392K)->176025K(699392K)
[43.065s][info][gc,metaspace   ] GC(410) Metaspace: 60626K(61504K)->60626K(61504K) NonClass: 53066K(53568K)->53066K(53568K) Class: 7560K(7936K)->7560K(7936K)
[43.065s][info][gc             ] GC(410) Pause Young (Allocation Failure) 294M->172M(805M) 0.708ms
[43.065s][info][gc,cpu         ] GC(410) User=0.00s Sys=0.00s Real=0.00s
[43.108s][info][gc,start       ] GC(411) Pause Young (Allocation Failure)
[43.109s][info][gc,heap        ] GC(411) PSYoungGen: 124128K(124928K)->160K(122880K) Eden: 123904K(123904K)->0K(122368K) From: 224K(1024K)->160K(512K)
[43.109s][info][gc,heap        ] GC(411) ParOldGen: 176025K(699392K)->176049K(699392K)
[43.109s][info][gc,metaspace   ] GC(411) Metaspace: 60626K(61504K)->60626K(61504K) NonClass: 53066K(53568K)->53066K(53568K) Class: 7560K(7936K)->7560K(7936K)
[43.109s][info][gc             ] GC(411) Pause Young (Allocation Failure) 293M->172M(803M) 1.015ms
[43.109s][info][gc,cpu         ] GC(411) User=0.00s Sys=0.00s Real=0.00s
[43.152s][info][gc,start       ] GC(412) Pause Young (Allocation Failure)
[43.153s][info][gc,heap        ] GC(412) PSYoungGen: 122528K(122880K)->352K(147968K) Eden: 122368K(122368K)->0K(146944K) From: 160K(512K)->352K(1024K)
[43.153s][info][gc,heap        ] GC(412) ParOldGen: 176049K(699392K)->176049K(699392K)
[43.153s][info][gc,metaspace   ] GC(412) Metaspace: 60626K(61504K)->60626K(61504K) NonClass: 53066K(53568K)->53066K(53568K) Class: 7560K(7936K)->7560K(7936K)
[43.153s][info][gc             ] GC(412) Pause Young (Allocation Failure) 291M->172M(827M) 0.810ms
[43.153s][info][gc,cpu         ] GC(412) User=0.00s Sys=0.00s Real=0.00s
[43.254s][info][gc,start       ] GC(413) Pause Young (System.gc())
[43.255s][info][gc,heap        ] GC(413) PSYoungGen: 100890K(147968K)->608K(147968K) Eden: 100538K(146944K)->0K(146944K) From: 352K(1024K)->608K(1024K)
[43.255s][info][gc,heap        ] GC(413) ParOldGen: 176049K(699392K)->176065K(699392K)
[43.255s][info][gc,metaspace   ] GC(413) Metaspace: 60633K(61504K)->60633K(61504K) NonClass: 53073K(53568K)->53073K(53568K) Class: 7560K(7936K)->7560K(7936K)
[43.255s][info][gc             ] GC(413) Pause Young (System.gc()) 270M->172M(827M) 0.946ms
[43.255s][info][gc,cpu         ] GC(413) User=0.00s Sys=0.00s Real=0.00s
[43.255s][info][gc,start       ] GC(414) Pause Full (System.gc())
[43.255s][info][gc,phases,start] GC(414) Marking Phase
[43.359s][info][gc,phases      ] GC(414) Marking Phase 103.707ms
[43.359s][info][gc,phases,start] GC(414) Summary Phase
[43.359s][info][gc,phases      ] GC(414) Summary Phase 0.014ms
[43.359s][info][gc,phases,start] GC(414) Adjust Roots
[43.367s][info][gc,phases      ] GC(414) Adjust Roots 8.003ms
[43.367s][info][gc,phases,start] GC(414) Compaction Phase
[43.393s][info][gc,phases      ] GC(414) Compaction Phase 26.118ms
[43.393s][info][gc,phases,start] GC(414) Post Compact
[43.394s][info][gc,phases      ] GC(414) Post Compact 1.040ms
[43.394s][info][gc,heap        ] GC(414) PSYoungGen: 608K(147968K)->0K(147968K) Eden: 0K(146944K)->0K(146944K) From: 608K(1024K)->0K(1024K)
[43.394s][info][gc,heap        ] GC(414) ParOldGen: 176065K(699392K)->175445K(699392K)
[43.394s][info][gc,metaspace   ] GC(414) Metaspace: 60633K(61504K)->60633K(61504K) NonClass: 53073K(53568K)->53073K(53568K) Class: 7560K(7936K)->7560K(7936K)
[43.394s][info][gc             ] GC(414) Pause Full (System.gc()) 172M->171M(827M) 139.141ms
[43.394s][info][gc,cpu         ] GC(414) User=2.13s Sys=0.00s Real=0.14s
[43.501s][info][gc,start       ] GC(415) Pause Young (Allocation Failure)
[43.502s][info][gc,heap        ] GC(415) PSYoungGen: 146944K(147968K)->736K(145408K) Eden: 146944K(146944K)->0K(144384K) From: 0K(1024K)->736K(1024K)
[43.502s][info][gc,heap        ] GC(415) ParOldGen: 175445K(699392K)->175453K(699392K)
[43.502s][info][gc,metaspace   ] GC(415) Metaspace: 60655K(61568K)->60655K(61568K) NonClass: 53095K(53632K)->53095K(53632K) Class: 7560K(7936K)->7560K(7936K)
[43.502s][info][gc             ] GC(415) Pause Young (Allocation Failure) 314M->172M(825M) 1.018ms
[43.502s][info][gc,cpu         ] GC(415) User=0.00s Sys=0.02s Real=0.02s
[43.555s][info][gc,start       ] GC(416) Pause Young (Allocation Failure)
[43.556s][info][gc,heap        ] GC(416) PSYoungGen: 145120K(145408K)->512K(142336K) Eden: 144384K(144384K)->0K(141824K) From: 736K(1024K)->512K(512K)
[43.556s][info][gc,heap        ] GC(416) ParOldGen: 175453K(699392K)->175819K(699392K)
[43.556s][info][gc,metaspace   ] GC(416) Metaspace: 60656K(61568K)->60656K(61568K) NonClass: 53095K(53632K)->53095K(53632K) Class: 7560K(7936K)->7560K(7936K)
[43.556s][info][gc             ] GC(416) Pause Young (Allocation Failure) 313M->172M(822M) 0.911ms
[43.556s][info][gc,cpu         ] GC(416) User=0.00s Sys=0.00s Real=0.00s
[43.608s][info][gc,start       ] GC(417) Pause Young (Allocation Failure)
[43.608s][info][gc,heap        ] GC(417) PSYoungGen: 142336K(142336K)->192K(140800K) Eden: 141824K(141824K)->0K(139776K) From: 512K(512K)->192K(1024K)
[43.608s][info][gc,heap        ] GC(417) ParOldGen: 175819K(699392K)->175947K(699392K)
[43.608s][info][gc,metaspace   ] GC(417) Metaspace: 60656K(61568K)->60656K(61568K) NonClass: 53095K(53632K)->53095K(53632K) Class: 7560K(7936K)->7560K(7936K)
[43.608s][info][gc             ] GC(417) Pause Young (Allocation Failure) 310M->172M(820M) 0.610ms
[43.608s][info][gc,cpu         ] GC(417) User=0.00s Sys=0.00s Real=0.00s
[43.659s][info][gc,start       ] GC(418) Pause Young (Allocation Failure)
[43.659s][info][gc,heap        ] GC(418) PSYoungGen: 139968K(140800K)->288K(138240K) Eden: 139776K(139776K)->0K(137728K) From: 192K(1024K)->288K(512K)
[43.659s][info][gc,heap        ] GC(418) ParOldGen: 175947K(699392K)->175947K(699392K)
[43.659s][info][gc,metaspace   ] GC(418) Metaspace: 60656K(61568K)->60656K(61568K) NonClass: 53095K(53632K)->53095K(53632K) Class: 7560K(7936K)->7560K(7936K)
[43.659s][info][gc             ] GC(418) Pause Young (Allocation Failure) 308M->172M(818M) 0.698ms
[43.659s][info][gc,cpu         ] GC(418) User=0.00s Sys=0.00s Real=0.00s
[43.709s][info][gc,start       ] GC(419) Pause Young (Allocation Failure)
[43.709s][info][gc,heap        ] GC(419) PSYoungGen: 138016K(138240K)->256K(136704K) Eden: 137728K(137728K)->0K(135680K) From: 288K(512K)->256K(1024K)
[43.709s][info][gc,heap        ] GC(419) ParOldGen: 175947K(699392K)->175955K(699392K)
[43.709s][info][gc,metaspace   ] GC(419) Metaspace: 60656K(61568K)->60656K(61568K) NonClass: 53095K(53632K)->53095K(53632K) Class: 7560K(7936K)->7560K(7936K)
[43.709s][info][gc             ] GC(419) Pause Young (Allocation Failure) 306M->172M(816M) 0.688ms
[43.709s][info][gc,cpu         ] GC(419) User=0.00s Sys=0.00s Real=0.00s
[43.765s][info][gc,start       ] GC(420) Pause Young (Allocation Failure)
[43.765s][info][gc,heap        ] GC(420) PSYoungGen: 135936K(136704K)->288K(134144K) Eden: 135680K(135680K)->0K(133632K) From: 256K(1024K)->288K(512K)
[43.766s][info][gc,heap        ] GC(420) ParOldGen: 175955K(699392K)->175955K(699392K)
[43.766s][info][gc,metaspace   ] GC(420) Metaspace: 60656K(61568K)->60656K(61568K) NonClass: 53095K(53632K)->53095K(53632K) Class: 7560K(7936K)->7560K(7936K)
[43.766s][info][gc             ] GC(420) Pause Young (Allocation Failure) 304M->172M(814M) 0.883ms
[43.766s][info][gc,cpu         ] GC(420) User=0.00s Sys=0.00s Real=0.00s
[43.821s][info][gc,start       ] GC(421) Pause Young (Allocation Failure)
[43.821s][info][gc,heap        ] GC(421) PSYoungGen: 133920K(134144K)->224K(132608K) Eden: 133632K(133632K)->0K(131584K) From: 288K(512K)->224K(1024K)
[43.821s][info][gc,heap        ] GC(421) ParOldGen: 175955K(699392K)->175971K(699392K)
[43.821s][info][gc,metaspace   ] GC(421) Metaspace: 60656K(61568K)->60656K(61568K) NonClass: 53095K(53632K)->53095K(53632K) Class: 7560K(7936K)->7560K(7936K)
[43.821s][info][gc             ] GC(421) Pause Young (Allocation Failure) 302M->172M(812M) 0.671ms
[43.821s][info][gc,cpu         ] GC(421) User=0.00s Sys=0.00s Real=0.00s
[43.866s][info][gc,start       ] GC(422) Pause Young (Allocation Failure)
[43.867s][info][gc,heap        ] GC(422) PSYoungGen: 131808K(132608K)->256K(130048K) Eden: 131584K(131584K)->0K(129536K) From: 224K(1024K)->256K(512K)
[43.867s][info][gc,heap        ] GC(422) ParOldGen: 175971K(699392K)->175979K(699392K)
[43.867s][info][gc,metaspace   ] GC(422) Metaspace: 60656K(61568K)->60656K(61568K) NonClass: 53095K(53632K)->53095K(53632K) Class: 7560K(7936K)->7560K(7936K)
[43.867s][info][gc             ] GC(422) Pause Young (Allocation Failure) 300M->172M(810M) 0.873ms
[43.867s][info][gc,cpu         ] GC(422) User=0.00s Sys=0.00s Real=0.00s
[43.907s][info][gc,start       ] GC(423) Pause Young (Allocation Failure)
[43.907s][info][gc,heap        ] GC(423) PSYoungGen: 129792K(130048K)->288K(156672K) Eden: 129536K(129536K)->0K(155648K) From: 256K(512K)->288K(1024K)
[43.907s][info][gc,heap        ] GC(423) ParOldGen: 175979K(699392K)->175995K(699392K)
[43.907s][info][gc,metaspace   ] GC(423) Metaspace: 60656K(61568K)->60656K(61568K) NonClass: 53095K(53632K)->53095K(53632K) Class: 7560K(7936K)->7560K(7936K)
[43.907s][info][gc             ] GC(423) Pause Young (Allocation Failure) 298M->172M(836M) 0.697ms
[43.907s][info][gc,cpu         ] GC(423) User=0.00s Sys=0.02s Real=0.02s
[43.955s][info][gc,start       ] GC(424) Pause Young (Allocation Failure)
[43.956s][info][gc,heap        ] GC(424) PSYoungGen: 155936K(156672K)->224K(164352K) Eden: 155648K(155648K)->0K(163328K) From: 288K(1024K)->224K(1024K)
[43.956s][info][gc,heap        ] GC(424) ParOldGen: 175995K(699392K)->176011K(699392K)
[43.956s][info][gc,metaspace   ] GC(424) Metaspace: 60656K(61568K)->60656K(61568K) NonClass: 53095K(53632K)->53095K(53632K) Class: 7560K(7936K)->7560K(7936K)
[43.956s][info][gc             ] GC(424) Pause Young (Allocation Failure) 324M->172M(843M) 0.865ms
[43.956s][info][gc,cpu         ] GC(424) User=0.00s Sys=0.00s Real=0.00s
[44.006s][info][gc,start       ] GC(425) Pause Young (Allocation Failure)
[44.007s][info][gc,heap        ] GC(425) PSYoungGen: 163552K(164352K)->288K(160768K) Eden: 163328K(163328K)->0K(160256K) From: 224K(1024K)->288K(512K)
[44.007s][info][gc,heap        ] GC(425) ParOldGen: 176011K(699392K)->176027K(699392K)
[44.007s][info][gc,metaspace   ] GC(425) Metaspace: 60656K(61568K)->60656K(61568K) NonClass: 53095K(53632K)->53095K(53632K) Class: 7560K(7936K)->7560K(7936K)
[44.007s][info][gc             ] GC(425) Pause Young (Allocation Failure) 331M->172M(840M) 1.446ms
[44.007s][info][gc,cpu         ] GC(425) User=0.00s Sys=0.00s Real=0.00s
[44.056s][info][gc,start       ] GC(426) Pause Young (Allocation Failure)
[44.057s][info][gc,heap        ] GC(426) PSYoungGen: 160544K(160768K)->288K(158208K) Eden: 160256K(160256K)->0K(157696K) From: 288K(512K)->288K(512K)
[44.057s][info][gc,heap        ] GC(426) ParOldGen: 176027K(699392K)->176035K(699392K)
[44.057s][info][gc,metaspace   ] GC(426) Metaspace: 60656K(61568K)->60656K(61568K) NonClass: 53095K(53632K)->53095K(53632K) Class: 7560K(7936K)->7560K(7936K)
[44.057s][info][gc             ] GC(426) Pause Young (Allocation Failure) 328M->172M(837M) 0.837ms
[44.057s][info][gc,cpu         ] GC(426) User=0.00s Sys=0.00s Real=0.00s
[44.106s][info][gc,start       ] GC(427) Pause Young (Allocation Failure)
[44.106s][info][gc,heap        ] GC(427) PSYoungGen: 157984K(158208K)->288K(163328K) Eden: 157696K(157696K)->0K(162304K) From: 288K(512K)->288K(1024K)
[44.107s][info][gc,heap        ] GC(427) ParOldGen: 176035K(699392K)->176059K(699392K)
[44.107s][info][gc,metaspace   ] GC(427) Metaspace: 60656K(61568K)->60656K(61568K) NonClass: 53095K(53632K)->53095K(53632K) Class: 7560K(7936K)->7560K(7936K)
[44.107s][info][gc             ] GC(427) Pause Young (Allocation Failure) 326M->172M(842M) 0.739ms
[44.107s][info][gc,cpu         ] GC(427) User=0.00s Sys=0.00s Real=0.00s
[44.204s][info][gc,start       ] GC(428) Pause Young (System.gc())
[44.205s][info][gc,heap        ] GC(428) PSYoungGen: 112105K(163328K)->640K(190464K) Eden: 111817K(162304K)->0K(189440K) From: 288K(1024K)->640K(1024K)
[44.205s][info][gc,heap        ] GC(428) ParOldGen: 176059K(699392K)->176075K(699392K)
[44.205s][info][gc,metaspace   ] GC(428) Metaspace: 60673K(61568K)->60673K(61568K) NonClass: 53112K(53632K)->53112K(53632K) Class: 7560K(7936K)->7560K(7936K)
[44.205s][info][gc             ] GC(428) Pause Young (System.gc()) 281M->172M(869M) 0.979ms
[44.205s][info][gc,cpu         ] GC(428) User=0.00s Sys=0.00s Real=0.00s
[44.205s][info][gc,start       ] GC(429) Pause Full (System.gc())
[44.205s][info][gc,phases,start] GC(429) Marking Phase
[44.306s][info][gc,phases      ] GC(429) Marking Phase 101.230ms
[44.306s][info][gc,phases,start] GC(429) Summary Phase
[44.306s][info][gc,phases      ] GC(429) Summary Phase 0.016ms
[44.306s][info][gc,phases,start] GC(429) Adjust Roots
[44.314s][info][gc,phases      ] GC(429) Adjust Roots 7.994ms
[44.315s][info][gc,phases,start] GC(429) Compaction Phase
[44.342s][info][gc,phases      ] GC(429) Compaction Phase 27.467ms
[44.342s][info][gc,phases,start] GC(429) Post Compact
[44.343s][info][gc,phases      ] GC(429) Post Compact 1.058ms
[44.343s][info][gc,heap        ] GC(429) PSYoungGen: 640K(190464K)->0K(190464K) Eden: 0K(189440K)->0K(189440K) From: 640K(1024K)->0K(1024K)
[44.343s][info][gc,heap        ] GC(429) ParOldGen: 176075K(699392K)->175480K(699392K)
[44.343s][info][gc,metaspace   ] GC(429) Metaspace: 60673K(61568K)->60673K(61568K) NonClass: 53112K(53632K)->53112K(53632K) Class: 7560K(7936K)->7560K(7936K)
[44.343s][info][gc             ] GC(429) Pause Full (System.gc()) 172M->171M(869M) 138.027ms
[44.343s][info][gc,cpu         ] GC(429) User=2.22s Sys=0.00s Real=0.14s
[44.469s][info][gc,start       ] GC(430) Pause Young (Allocation Failure)
[44.470s][info][gc,heap        ] GC(430) PSYoungGen: 189440K(190464K)->736K(186880K) Eden: 189440K(189440K)->0K(185856K) From: 0K(1024K)->736K(1024K)
[44.470s][info][gc,heap        ] GC(430) ParOldGen: 175480K(699392K)->175488K(699392K)
[44.470s][info][gc,metaspace   ] GC(430) Metaspace: 60720K(61568K)->60720K(61568K) NonClass: 53160K(53632K)->53160K(53632K) Class: 7560K(7936K)->7560K(7936K)
[44.470s][info][gc             ] GC(430) Pause Young (Allocation Failure) 356M->172M(865M) 1.114ms
[44.470s][info][gc,cpu         ] GC(430) User=0.00s Sys=0.00s Real=0.00s
[44.537s][info][gc,start       ] GC(431) Pause Young (Allocation Failure)
[44.537s][info][gc,heap        ] GC(431) PSYoungGen: 186592K(186880K)->512K(182784K) Eden: 185856K(185856K)->0K(182272K) From: 736K(1024K)->512K(512K)
[44.538s][info][gc,heap        ] GC(431) ParOldGen: 175488K(699392K)->175846K(699392K)
[44.538s][info][gc,metaspace   ] GC(431) Metaspace: 60720K(61568K)->60720K(61568K) NonClass: 53160K(53632K)->53160K(53632K) Class: 7560K(7936K)->7560K(7936K)
[44.538s][info][gc             ] GC(431) Pause Young (Allocation Failure) 353M->172M(861M) 0.813ms
[44.538s][info][gc,cpu         ] GC(431) User=0.00s Sys=0.00s Real=0.00s
[44.602s][info][gc,start       ] GC(432) Pause Young (Allocation Failure)
[44.603s][info][gc,heap        ] GC(432) PSYoungGen: 182784K(182784K)->288K(179712K) Eden: 182272K(182272K)->0K(178688K) From: 512K(512K)->288K(1024K)
[44.603s][info][gc,heap        ] GC(432) ParOldGen: 175846K(699392K)->175974K(699392K)
[44.603s][info][gc,metaspace   ] GC(432) Metaspace: 60720K(61568K)->60720K(61568K) NonClass: 53160K(53632K)->53160K(53632K) Class: 7560K(7936K)->7560K(7936K)
[44.603s][info][gc             ] GC(432) Pause Young (Allocation Failure) 350M->172M(858M) 0.651ms
[44.603s][info][gc,cpu         ] GC(432) User=0.00s Sys=0.00s Real=0.00s
[44.665s][info][gc,start       ] GC(433) Pause Young (Allocation Failure)
[44.666s][info][gc,heap        ] GC(433) PSYoungGen: 178976K(179712K)->256K(175616K) Eden: 178688K(178688K)->0K(175104K) From: 288K(1024K)->256K(512K)
[44.666s][info][gc,heap        ] GC(433) ParOldGen: 175974K(699392K)->175982K(699392K)
[44.666s][info][gc,metaspace   ] GC(433) Metaspace: 60720K(61568K)->60720K(61568K) NonClass: 53160K(53632K)->53160K(53632K) Class: 7560K(7936K)->7560K(7936K)
[44.666s][info][gc             ] GC(433) Pause Young (Allocation Failure) 346M->172M(854M) 0.627ms
[44.666s][info][gc,cpu         ] GC(433) User=0.00s Sys=0.00s Real=0.00s
[44.726s][info][gc,start       ] GC(434) Pause Young (Allocation Failure)
[44.727s][info][gc,heap        ] GC(434) PSYoungGen: 175360K(175616K)->288K(173056K) Eden: 175104K(175104K)->0K(172032K) From: 256K(512K)->288K(1024K)
[44.727s][info][gc,heap        ] GC(434) ParOldGen: 175982K(699392K)->175982K(699392K)
[44.727s][info][gc,metaspace   ] GC(434) Metaspace: 60720K(61568K)->60720K(61568K) NonClass: 53160K(53632K)->53160K(53632K) Class: 7560K(7936K)->7560K(7936K)
[44.727s][info][gc             ] GC(434) Pause Young (Allocation Failure) 343M->172M(852M) 0.607ms
[44.727s][info][gc,cpu         ] GC(434) User=0.00s Sys=0.00s Real=0.00s
[44.787s][info][gc,start       ] GC(435) Pause Young (Allocation Failure)
[44.787s][info][gc,heap        ] GC(435) PSYoungGen: 172320K(173056K)->192K(169472K) Eden: 172032K(172032K)->0K(168960K) From: 288K(1024K)->192K(512K)
[44.787s][info][gc,heap        ] GC(435) ParOldGen: 175982K(699392K)->175990K(699392K)
[44.787s][info][gc,metaspace   ] GC(435) Metaspace: 60720K(61568K)->60720K(61568K) NonClass: 53160K(53632K)->53160K(53632K) Class: 7560K(7936K)->7560K(7936K)
[44.788s][info][gc             ] GC(435) Pause Young (Allocation Failure) 340M->172M(848M) 0.734ms
[44.788s][info][gc,cpu         ] GC(435) User=0.00s Sys=0.00s Real=0.00s
[44.855s][info][gc,start       ] GC(436) Pause Young (Allocation Failure)
[44.855s][info][gc,heap        ] GC(436) PSYoungGen: 169152K(169472K)->288K(166912K) Eden: 168960K(168960K)->0K(165888K) From: 192K(512K)->288K(1024K)
[44.856s][info][gc,heap        ] GC(436) ParOldGen: 175990K(699392K)->175990K(699392K)
[44.856s][info][gc,metaspace   ] GC(436) Metaspace: 60720K(61568K)->60720K(61568K) NonClass: 53160K(53632K)->53160K(53632K) Class: 7560K(7936K)->7560K(7936K)
[44.856s][info][gc             ] GC(436) Pause Young (Allocation Failure) 337M->172M(846M) 0.600ms
[44.856s][info][gc,cpu         ] GC(436) User=0.00s Sys=0.00s Real=0.00s
[44.914s][info][gc,start       ] GC(437) Pause Young (Allocation Failure)
[44.914s][info][gc,heap        ] GC(437) PSYoungGen: 166176K(166912K)->256K(163328K) Eden: 165888K(165888K)->0K(162816K) From: 288K(1024K)->256K(512K)
[44.914s][info][gc,heap        ] GC(437) ParOldGen: 175990K(699392K)->176006K(699392K)
[44.914s][info][gc,metaspace   ] GC(437) Metaspace: 60720K(61568K)->60720K(61568K) NonClass: 53160K(53632K)->53160K(53632K) Class: 7560K(7936K)->7560K(7936K)
[44.914s][info][gc             ] GC(437) Pause Young (Allocation Failure) 334M->172M(842M) 0.792ms
[44.914s][info][gc,cpu         ] GC(437) User=0.00s Sys=0.00s Real=0.00s
[44.972s][info][gc,start       ] GC(438) Pause Young (Allocation Failure)
[44.972s][info][gc,heap        ] GC(438) PSYoungGen: 163072K(163328K)->320K(160768K) Eden: 162816K(162816K)->0K(159744K) From: 256K(512K)->320K(1024K)
[44.972s][info][gc,heap        ] GC(438) ParOldGen: 176006K(699392K)->176030K(699392K)
[44.972s][info][gc,metaspace   ] GC(438) Metaspace: 60720K(61568K)->60720K(61568K) NonClass: 53160K(53632K)->53160K(53632K) Class: 7560K(7936K)->7560K(7936K)
[44.972s][info][gc             ] GC(438) Pause Young (Allocation Failure) 331M->172M(840M) 0.668ms
[44.972s][info][gc,cpu         ] GC(438) User=0.00s Sys=0.00s Real=0.00s
[45.029s][info][gc,start       ] GC(439) Pause Young (Allocation Failure)
[45.030s][info][gc,heap        ] GC(439) PSYoungGen: 160064K(160768K)->256K(157696K) Eden: 159744K(159744K)->0K(157184K) From: 320K(1024K)->256K(512K)
[45.030s][info][gc,heap        ] GC(439) ParOldGen: 176030K(699392K)->176046K(699392K)
[45.030s][info][gc,metaspace   ] GC(439) Metaspace: 60720K(61568K)->60720K(61568K) NonClass: 53160K(53632K)->53160K(53632K) Class: 7560K(7936K)->7560K(7936K)
[45.030s][info][gc             ] GC(439) Pause Young (Allocation Failure) 328M->172M(837M) 0.623ms
[45.030s][info][gc,cpu         ] GC(439) User=0.00s Sys=0.00s Real=0.00s
[45.085s][info][gc,start       ] GC(440) Pause Young (Allocation Failure)
[45.086s][info][gc,heap        ] GC(440) PSYoungGen: 157440K(157696K)->256K(155648K) Eden: 157184K(157184K)->0K(154624K) From: 256K(512K)->256K(1024K)
[45.086s][info][gc,heap        ] GC(440) ParOldGen: 176046K(699392K)->176070K(699392K)
[45.086s][info][gc,metaspace   ] GC(440) Metaspace: 60720K(61568K)->60720K(61568K) NonClass: 53160K(53632K)->53160K(53632K) Class: 7560K(7936K)->7560K(7936K)
[45.086s][info][gc             ] GC(440) Pause Young (Allocation Failure) 325M->172M(835M) 0.609ms
[45.086s][info][gc,cpu         ] GC(440) User=0.00s Sys=0.00s Real=0.00s
[45.170s][info][gc,start       ] GC(441) Pause Young (System.gc())
[45.171s][info][gc,heap        ] GC(441) PSYoungGen: 93786K(155648K)->640K(155648K) Eden: 93530K(154624K)->0K(154624K) From: 256K(1024K)->640K(1024K)
[45.171s][info][gc,heap        ] GC(441) ParOldGen: 176070K(699392K)->176078K(699392K)
[45.171s][info][gc,metaspace   ] GC(441) Metaspace: 60726K(61632K)->60726K(61632K) NonClass: 53165K(53696K)->53165K(53696K) Class: 7560K(7936K)->7560K(7936K)
[45.171s][info][gc             ] GC(441) Pause Young (System.gc()) 263M->172M(835M) 0.958ms
[45.171s][info][gc,cpu         ] GC(441) User=0.00s Sys=0.00s Real=0.00s
[45.171s][info][gc,start       ] GC(442) Pause Full (System.gc())
[45.171s][info][gc,phases,start] GC(442) Marking Phase
[45.272s][info][gc,phases      ] GC(442) Marking Phase 100.973ms
[45.272s][info][gc,phases,start] GC(442) Summary Phase
[45.272s][info][gc,phases      ] GC(442) Summary Phase 0.015ms
[45.272s][info][gc,phases,start] GC(442) Adjust Roots
[45.280s][info][gc,phases      ] GC(442) Adjust Roots 8.145ms
[45.280s][info][gc,phases,start] GC(442) Compaction Phase
[45.301s][info][gc,phases      ] GC(442) Compaction Phase 20.403ms
[45.301s][info][gc,phases,start] GC(442) Post Compact
[45.302s][info][gc,phases      ] GC(442) Post Compact 1.076ms
[45.302s][info][gc,heap        ] GC(442) PSYoungGen: 640K(155648K)->0K(155648K) Eden: 0K(154624K)->0K(154624K) From: 640K(1024K)->0K(1024K)
[45.302s][info][gc,heap        ] GC(442) ParOldGen: 176078K(699392K)->175510K(699392K)
[45.302s][info][gc,metaspace   ] GC(442) Metaspace: 60726K(61632K)->60726K(61632K) NonClass: 53165K(53696K)->53165K(53696K) Class: 7560K(7936K)->7560K(7936K)
[45.302s][info][gc             ] GC(442) Pause Full (System.gc()) 172M->171M(835M) 130.892ms
[45.302s][info][gc,cpu         ] GC(442) User=1.89s Sys=0.00s Real=0.12s
[45.414s][info][gc,start       ] GC(443) Pause Young (Allocation Failure)
[45.415s][info][gc,heap        ] GC(443) PSYoungGen: 154624K(155648K)->768K(153088K) Eden: 154624K(154624K)->0K(152064K) From: 0K(1024K)->768K(1024K)
[45.415s][info][gc,heap        ] GC(443) ParOldGen: 175510K(699392K)->175510K(699392K)
[45.415s][info][gc,metaspace   ] GC(443) Metaspace: 60742K(61632K)->60742K(61632K) NonClass: 53181K(53696K)->53181K(53696K) Class: 7560K(7936K)->7560K(7936K)
[45.415s][info][gc             ] GC(443) Pause Young (Allocation Failure) 322M->172M(832M) 0.957ms
[45.415s][info][gc,cpu         ] GC(443) User=0.00s Sys=0.00s Real=0.00s
[45.470s][info][gc,start       ] GC(444) Pause Young (Allocation Failure)
[45.471s][info][gc,heap        ] GC(444) PSYoungGen: 152832K(153088K)->512K(150016K) Eden: 152064K(152064K)->0K(149504K) From: 768K(1024K)->512K(512K)
[45.471s][info][gc,heap        ] GC(444) ParOldGen: 175510K(699392K)->175863K(699392K)
[45.471s][info][gc,metaspace   ] GC(444) Metaspace: 60742K(61632K)->60742K(61632K) NonClass: 53182K(53696K)->53182K(53696K) Class: 7560K(7936K)->7560K(7936K)
[45.471s][info][gc             ] GC(444) Pause Young (Allocation Failure) 320M->172M(829M) 0.896ms
[45.471s][info][gc,cpu         ] GC(444) User=0.00s Sys=0.00s Real=0.00s
[45.522s][info][gc,start       ] GC(445) Pause Young (Allocation Failure)
[45.523s][info][gc,heap        ] GC(445) PSYoungGen: 150016K(150016K)->224K(147968K) Eden: 149504K(149504K)->0K(146944K) From: 512K(512K)->224K(1024K)
[45.523s][info][gc,heap        ] GC(445) ParOldGen: 175863K(699392K)->175999K(699392K)
[45.523s][info][gc,metaspace   ] GC(445) Metaspace: 60742K(61632K)->60742K(61632K) NonClass: 53182K(53696K)->53182K(53696K) Class: 7560K(7936K)->7560K(7936K)
[45.523s][info][gc             ] GC(445) Pause Young (Allocation Failure) 318M->172M(827M) 0.704ms
[45.523s][info][gc,cpu         ] GC(445) User=0.00s Sys=0.00s Real=0.00s
[45.582s][info][gc,start       ] GC(446) Pause Young (Allocation Failure)
[45.582s][info][gc,heap        ] GC(446) PSYoungGen: 147168K(147968K)->224K(144896K) Eden: 146944K(146944K)->0K(144384K) From: 224K(1024K)->224K(512K)
[45.582s][info][gc,heap        ] GC(446) ParOldGen: 175999K(699392K)->176007K(699392K)
[45.582s][info][gc,metaspace   ] GC(446) Metaspace: 60742K(61632K)->60742K(61632K) NonClass: 53182K(53696K)->53182K(53696K) Class: 7560K(7936K)->7560K(7936K)
[45.582s][info][gc             ] GC(446) Pause Young (Allocation Failure) 315M->172M(824M) 0.694ms
[45.582s][info][gc,cpu         ] GC(446) User=0.00s Sys=0.00s Real=0.00s
[45.631s][info][gc,start       ] GC(447) Pause Young (Allocation Failure)
[45.632s][info][gc,heap        ] GC(447) PSYoungGen: 144608K(144896K)->224K(142848K) Eden: 144384K(144384K)->0K(141824K) From: 224K(512K)->224K(1024K)
[45.632s][info][gc,heap        ] GC(447) ParOldGen: 176007K(699392K)->176007K(699392K)
[45.632s][info][gc,metaspace   ] GC(447) Metaspace: 60742K(61632K)->60742K(61632K) NonClass: 53182K(53696K)->53182K(53696K) Class: 7560K(7936K)->7560K(7936K)
[45.632s][info][gc             ] GC(447) Pause Young (Allocation Failure) 313M->172M(822M) 0.677ms
[45.632s][info][gc,cpu         ] GC(447) User=0.00s Sys=0.00s Real=0.00s
[45.680s][info][gc,start       ] GC(448) Pause Young (Allocation Failure)
[45.680s][info][gc,heap        ] GC(448) PSYoungGen: 142048K(142848K)->192K(140288K) Eden: 141824K(141824K)->0K(139776K) From: 224K(1024K)->192K(512K)
[45.680s][info][gc,heap        ] GC(448) ParOldGen: 176007K(699392K)->176015K(699392K)
[45.680s][info][gc,metaspace   ] GC(448) Metaspace: 60742K(61632K)->60742K(61632K) NonClass: 53182K(53696K)->53182K(53696K) Class: 7560K(7936K)->7560K(7936K)
[45.680s][info][gc             ] GC(448) Pause Young (Allocation Failure) 310M->172M(820M) 0.754ms
[45.680s][info][gc,cpu         ] GC(448) User=0.00s Sys=0.00s Real=0.00s
[45.727s][info][gc,start       ] GC(449) Pause Young (Allocation Failure)
[45.728s][info][gc,heap        ] GC(449) PSYoungGen: 139968K(140288K)->256K(138752K) Eden: 139776K(139776K)->0K(137728K) From: 192K(512K)->256K(1024K)
[45.728s][info][gc,heap        ] GC(449) ParOldGen: 176015K(699392K)->176023K(699392K)
[45.728s][info][gc,metaspace   ] GC(449) Metaspace: 60742K(61632K)->60742K(61632K) NonClass: 53182K(53696K)->53182K(53696K) Class: 7560K(7936K)->7560K(7936K)
[45.728s][info][gc             ] GC(449) Pause Young (Allocation Failure) 308M->172M(818M) 0.644ms
[45.728s][info][gc,cpu         ] GC(449) User=0.00s Sys=0.00s Real=0.00s
[45.774s][info][gc,start       ] GC(450) Pause Young (Allocation Failure)
[45.775s][info][gc,heap        ] GC(450) PSYoungGen: 137984K(138752K)->320K(136192K) Eden: 137728K(137728K)->0K(135680K) From: 256K(1024K)->320K(512K)
[45.775s][info][gc,heap        ] GC(450) ParOldGen: 176023K(699392K)->176031K(699392K)
[45.775s][info][gc,metaspace   ] GC(450) Metaspace: 60742K(61632K)->60742K(61632K) NonClass: 53182K(53696K)->53182K(53696K) Class: 7560K(7936K)->7560K(7936K)
[45.775s][info][gc             ] GC(450) Pause Young (Allocation Failure) 306M->172M(816M) 0.756ms
[45.775s][info][gc,cpu         ] GC(450) User=0.00s Sys=0.00s Real=0.00s
[45.821s][info][gc,start       ] GC(451) Pause Young (Allocation Failure)
[45.821s][info][gc,heap        ] GC(451) PSYoungGen: 136000K(136192K)->192K(134656K) Eden: 135680K(135680K)->0K(133632K) From: 320K(512K)->192K(1024K)
[45.821s][info][gc,heap        ] GC(451) ParOldGen: 176031K(699392K)->176055K(699392K)
[45.821s][info][gc,metaspace   ] GC(451) Metaspace: 60742K(61632K)->60742K(61632K) NonClass: 53182K(53696K)->53182K(53696K) Class: 7560K(7936K)->7560K(7936K)
[45.821s][info][gc             ] GC(451) Pause Young (Allocation Failure) 304M->172M(814M) 0.645ms
[45.821s][info][gc,cpu         ] GC(451) User=0.00s Sys=0.00s Real=0.00s
[45.867s][info][gc,start       ] GC(452) Pause Young (Allocation Failure)
[45.867s][info][gc,heap        ] GC(452) PSYoungGen: 133824K(134656K)->256K(132096K) Eden: 133632K(133632K)->0K(131584K) From: 192K(1024K)->256K(512K)
[45.867s][info][gc,heap        ] GC(452) ParOldGen: 176055K(699392K)->176063K(699392K)
[45.867s][info][gc,metaspace   ] GC(452) Metaspace: 60742K(61632K)->60742K(61632K) NonClass: 53182K(53696K)->53182K(53696K) Class: 7560K(7936K)->7560K(7936K)
[45.867s][info][gc             ] GC(452) Pause Young (Allocation Failure) 302M->172M(812M) 0.785ms
[45.867s][info][gc,cpu         ] GC(452) User=0.00s Sys=0.00s Real=0.00s
[45.912s][info][gc,start       ] GC(453) Pause Young (Allocation Failure)
[45.913s][info][gc,heap        ] GC(453) PSYoungGen: 131840K(132096K)->288K(130560K) Eden: 131584K(131584K)->0K(129536K) From: 256K(512K)->288K(1024K)
[45.913s][info][gc,heap        ] GC(453) ParOldGen: 176063K(699392K)->176087K(699392K)
[45.913s][info][gc,metaspace   ] GC(453) Metaspace: 60742K(61632K)->60742K(61632K) NonClass: 53182K(53696K)->53182K(53696K) Class: 7560K(7936K)->7560K(7936K)
[45.913s][info][gc             ] GC(453) Pause Young (Allocation Failure) 300M->172M(810M) 0.667ms
[45.913s][info][gc,cpu         ] GC(453) User=0.00s Sys=0.00s Real=0.00s
[45.957s][info][gc,start       ] GC(454) Pause Young (Allocation Failure)
[45.957s][info][gc,heap        ] GC(454) PSYoungGen: 129824K(130560K)->224K(156160K) Eden: 129536K(129536K)->0K(155648K) From: 288K(1024K)->224K(512K)
[45.957s][info][gc,heap        ] GC(454) ParOldGen: 176087K(699392K)->176103K(699392K)
[45.957s][info][gc,metaspace   ] GC(454) Metaspace: 60742K(61632K)->60742K(61632K) NonClass: 53182K(53696K)->53182K(53696K) Class: 7560K(7936K)->7560K(7936K)
[45.957s][info][gc             ] GC(454) Pause Young (Allocation Failure) 298M->172M(835M) 0.805ms
[45.957s][info][gc,cpu         ] GC(454) User=0.00s Sys=0.00s Real=0.00s
[46.010s][info][gc,start       ] GC(455) Pause Young (Allocation Failure)
[46.010s][info][gc,heap        ] GC(455) PSYoungGen: 155872K(156160K)->256K(154112K) Eden: 155648K(155648K)->0K(153088K) From: 224K(512K)->256K(1024K)
[46.010s][info][gc,heap        ] GC(455) ParOldGen: 176103K(699392K)->176119K(699392K)
[46.010s][info][gc,metaspace   ] GC(455) Metaspace: 60742K(61632K)->60742K(61632K) NonClass: 53182K(53696K)->53182K(53696K) Class: 7560K(7936K)->7560K(7936K)
[46.010s][info][gc             ] GC(455) Pause Young (Allocation Failure) 324M->172M(833M) 0.633ms
[46.010s][info][gc,cpu         ] GC(455) User=0.00s Sys=0.00s Real=0.00s
[46.080s][info][gc,start       ] GC(456) Pause Young (System.gc())
[46.081s][info][gc,heap        ] GC(456) PSYoungGen: 134914K(154112K)->640K(154112K) Eden: 134658K(153088K)->0K(153088K) From: 256K(1024K)->640K(1024K)
[46.081s][info][gc,heap        ] GC(456) ParOldGen: 176119K(699392K)->176143K(699392K)
[46.081s][info][gc,metaspace   ] GC(456) Metaspace: 60754K(61632K)->60754K(61632K) NonClass: 53193K(53696K)->53193K(53696K) Class: 7560K(7936K)->7560K(7936K)
[46.081s][info][gc             ] GC(456) Pause Young (System.gc()) 303M->172M(833M) 0.939ms
[46.081s][info][gc,cpu         ] GC(456) User=0.00s Sys=0.00s Real=0.00s
[46.081s][info][gc,start       ] GC(457) Pause Full (System.gc())
[46.081s][info][gc,phases,start] GC(457) Marking Phase
[46.176s][info][gc,phases      ] GC(457) Marking Phase 94.946ms
[46.176s][info][gc,phases,start] GC(457) Summary Phase
[46.176s][info][gc,phases      ] GC(457) Summary Phase 0.016ms
[46.176s][info][gc,phases,start] GC(457) Adjust Roots
[46.185s][info][gc,phases      ] GC(457) Adjust Roots 8.253ms
[46.185s][info][gc,phases,start] GC(457) Compaction Phase
[46.206s][info][gc,phases      ] GC(457) Compaction Phase 21.759ms
[46.206s][info][gc,phases,start] GC(457) Post Compact
[46.208s][info][gc,phases      ] GC(457) Post Compact 1.167ms
[46.208s][info][gc,heap        ] GC(457) PSYoungGen: 640K(154112K)->0K(154112K) Eden: 0K(153088K)->0K(153088K) From: 640K(1024K)->0K(1024K)
[46.208s][info][gc,heap        ] GC(457) ParOldGen: 176143K(699392K)->175542K(699392K)
[46.208s][info][gc,metaspace   ] GC(457) Metaspace: 60754K(61632K)->60754K(61632K) NonClass: 53193K(53696K)->53193K(53696K) Class: 7560K(7936K)->7560K(7936K)
[46.208s][info][gc             ] GC(457) Pause Full (System.gc()) 172M->171M(833M) 126.500ms
[46.208s][info][gc,cpu         ] GC(457) User=1.91s Sys=0.00s Real=0.13s
[46.334s][info][gc,start       ] GC(458) Pause Young (Allocation Failure)
[46.335s][info][gc,heap        ] GC(458) PSYoungGen: 153088K(154112K)->736K(151552K) Eden: 153088K(153088K)->0K(150528K) From: 0K(1024K)->736K(1024K)
[46.335s][info][gc,heap        ] GC(458) ParOldGen: 175542K(699392K)->175550K(699392K)
[46.335s][info][gc,metaspace   ] GC(458) Metaspace: 60814K(61760K)->60814K(61760K) NonClass: 53251K(53760K)->53251K(53760K) Class: 7563K(8000K)->7563K(8000K)
[46.335s][info][gc             ] GC(458) Pause Young (Allocation Failure) 320M->172M(831M) 1.218ms
[46.335s][info][gc,cpu         ] GC(458) User=0.00s Sys=0.00s Real=0.00s
[46.390s][info][gc,start       ] GC(459) Pause Young (Allocation Failure)
[46.391s][info][gc,heap        ] GC(459) PSYoungGen: 151264K(151552K)->512K(148480K) Eden: 150528K(150528K)->0K(147968K) From: 736K(1024K)->512K(512K)
[46.391s][info][gc,heap        ] GC(459) ParOldGen: 175550K(699392K)->175902K(699392K)
[46.391s][info][gc,metaspace   ] GC(459) Metaspace: 60814K(61760K)->60814K(61760K) NonClass: 53251K(53760K)->53251K(53760K) Class: 7563K(8000K)->7563K(8000K)
[46.391s][info][gc             ] GC(459) Pause Young (Allocation Failure) 319M->172M(828M) 0.901ms
[46.391s][info][gc,cpu         ] GC(459) User=0.00s Sys=0.00s Real=0.00s
[46.450s][info][gc,start       ] GC(460) Pause Young (Allocation Failure)
[46.450s][info][gc,heap        ] GC(460) PSYoungGen: 148480K(148480K)->480K(146432K) Eden: 147968K(147968K)->0K(145408K) From: 512K(512K)->480K(1024K)
[46.450s][info][gc,heap        ] GC(460) ParOldGen: 175902K(699392K)->176014K(699392K)
[46.450s][info][gc,metaspace   ] GC(460) Metaspace: 60814K(61760K)->60814K(61760K) NonClass: 53251K(53760K)->53251K(53760K) Class: 7563K(8000K)->7563K(8000K)
[46.450s][info][gc             ] GC(460) Pause Young (Allocation Failure) 316M->172M(826M) 0.738ms
[46.450s][info][gc,cpu         ] GC(460) User=0.00s Sys=0.00s Real=0.00s
[46.501s][info][gc,start       ] GC(461) Pause Young (Allocation Failure)
[46.502s][info][gc,heap        ] GC(461) PSYoungGen: 145888K(146432K)->192K(143360K) Eden: 145408K(145408K)->0K(142848K) From: 480K(1024K)->192K(512K)
[46.502s][info][gc,heap        ] GC(461) ParOldGen: 176014K(699392K)->176086K(699392K)
[46.502s][info][gc,metaspace   ] GC(461) Metaspace: 60814K(61760K)->60814K(61760K) NonClass: 53251K(53760K)->53251K(53760K) Class: 7563K(8000K)->7563K(8000K)
[46.502s][info][gc             ] GC(461) Pause Young (Allocation Failure) 314M->172M(823M) 0.700ms
[46.502s][info][gc,cpu         ] GC(461) User=0.00s Sys=0.00s Real=0.00s
[46.558s][info][gc,start       ] GC(462) Pause Young (Allocation Failure)
[46.559s][info][gc,heap        ] GC(462) PSYoungGen: 143040K(143360K)->256K(141824K) Eden: 142848K(142848K)->0K(140800K) From: 192K(512K)->256K(1024K)
[46.559s][info][gc,heap        ] GC(462) ParOldGen: 176086K(699392K)->176086K(699392K)
[46.559s][info][gc,metaspace   ] GC(462) Metaspace: 60814K(61760K)->60814K(61760K) NonClass: 53251K(53760K)->53251K(53760K) Class: 7563K(8000K)->7563K(8000K)
[46.559s][info][gc             ] GC(462) Pause Young (Allocation Failure) 311M->172M(821M) 0.757ms
[46.559s][info][gc,cpu         ] GC(462) User=0.00s Sys=0.00s Real=0.00s
[46.615s][info][gc,start       ] GC(463) Pause Young (Allocation Failure)
[46.616s][info][gc,heap        ] GC(463) PSYoungGen: 141056K(141824K)->256K(139264K) Eden: 140800K(140800K)->0K(138752K) From: 256K(1024K)->256K(512K)
[46.616s][info][gc,heap        ] GC(463) ParOldGen: 176086K(699392K)->176102K(699392K)
[46.616s][info][gc,metaspace   ] GC(463) Metaspace: 60814K(61760K)->60814K(61760K) NonClass: 53251K(53760K)->53251K(53760K) Class: 7563K(8000K)->7563K(8000K)
[46.616s][info][gc             ] GC(463) Pause Young (Allocation Failure) 309M->172M(819M) 0.882ms
[46.616s][info][gc,cpu         ] GC(463) User=0.00s Sys=0.00s Real=0.00s
[46.664s][info][gc,start       ] GC(464) Pause Young (Allocation Failure)
[46.665s][info][gc,heap        ] GC(464) PSYoungGen: 139008K(139264K)->352K(137728K) Eden: 138752K(138752K)->0K(136704K) From: 256K(512K)->352K(1024K)
[46.665s][info][gc,heap        ] GC(464) ParOldGen: 176102K(699392K)->176110K(699392K)
[46.665s][info][gc,metaspace   ] GC(464) Metaspace: 60814K(61760K)->60814K(61760K) NonClass: 53251K(53760K)->53251K(53760K) Class: 7563K(8000K)->7563K(8000K)
[46.665s][info][gc             ] GC(464) Pause Young (Allocation Failure) 307M->172M(817M) 0.684ms
[46.665s][info][gc,cpu         ] GC(464) User=0.00s Sys=0.00s Real=0.00s
[46.713s][info][gc,start       ] GC(465) Pause Young (Allocation Failure)
[46.713s][info][gc,heap        ] GC(465) PSYoungGen: 137056K(137728K)->256K(135168K) Eden: 136704K(136704K)->0K(134656K) From: 352K(1024K)->256K(512K)
[46.714s][info][gc,heap        ] GC(465) ParOldGen: 176110K(699392K)->176126K(699392K)
[46.714s][info][gc,metaspace   ] GC(465) Metaspace: 60814K(61760K)->60814K(61760K) NonClass: 53251K(53760K)->53251K(53760K) Class: 7563K(8000K)->7563K(8000K)
[46.714s][info][gc             ] GC(465) Pause Young (Allocation Failure) 305M->172M(815M) 0.883ms
[46.714s][info][gc,cpu         ] GC(465) User=0.00s Sys=0.00s Real=0.00s
[46.760s][info][gc,start       ] GC(466) Pause Young (Allocation Failure)
[46.761s][info][gc,heap        ] GC(466) PSYoungGen: 134912K(135168K)->288K(133632K) Eden: 134656K(134656K)->0K(132608K) From: 256K(512K)->288K(1024K)
[46.761s][info][gc,heap        ] GC(466) ParOldGen: 176126K(699392K)->176142K(699392K)
[46.761s][info][gc,metaspace   ] GC(466) Metaspace: 60814K(61760K)->60814K(61760K) NonClass: 53251K(53760K)->53251K(53760K) Class: 7563K(8000K)->7563K(8000K)
[46.761s][info][gc             ] GC(466) Pause Young (Allocation Failure) 303M->172M(813M) 0.601ms
[46.761s][info][gc,cpu         ] GC(466) User=0.00s Sys=0.00s Real=0.00s
[46.815s][info][gc,start       ] GC(467) Pause Young (Allocation Failure)
[46.816s][info][gc,heap        ] GC(467) PSYoungGen: 132896K(133632K)->192K(131072K) Eden: 132608K(132608K)->0K(130560K) From: 288K(1024K)->192K(512K)
[46.816s][info][gc,heap        ] GC(467) ParOldGen: 176142K(699392K)->176150K(699392K)
[46.816s][info][gc,metaspace   ] GC(467) Metaspace: 60814K(61760K)->60814K(61760K) NonClass: 53251K(53760K)->53251K(53760K) Class: 7563K(8000K)->7563K(8000K)
[46.816s][info][gc             ] GC(467) Pause Young (Allocation Failure) 301M->172M(811M) 0.821ms
[46.816s][info][gc,cpu         ] GC(467) User=0.00s Sys=0.00s Real=0.00s
[46.868s][info][gc,start       ] GC(468) Pause Young (Allocation Failure)
[46.868s][info][gc,heap        ] GC(468) PSYoungGen: 130752K(131072K)->192K(129536K) Eden: 130560K(130560K)->0K(128512K) From: 192K(512K)->192K(1024K)
[46.868s][info][gc,heap        ] GC(468) ParOldGen: 176150K(699392K)->176174K(699392K)
[46.868s][info][gc,metaspace   ] GC(468) Metaspace: 60814K(61760K)->60814K(61760K) NonClass: 53251K(53760K)->53251K(53760K) Class: 7563K(8000K)->7563K(8000K)
[46.868s][info][gc             ] GC(468) Pause Young (Allocation Failure) 299M->172M(809M) 0.621ms
[46.868s][info][gc,cpu         ] GC(468) User=0.00s Sys=0.00s Real=0.00s
[46.920s][info][gc,start       ] GC(469) Pause Young (Allocation Failure)
[46.921s][info][gc,heap        ] GC(469) PSYoungGen: 128704K(129536K)->288K(126976K) Eden: 128512K(128512K)->0K(126464K) From: 192K(1024K)->288K(512K)
[46.921s][info][gc,heap        ] GC(469) ParOldGen: 176174K(699392K)->176182K(699392K)
[46.921s][info][gc,metaspace   ] GC(469) Metaspace: 60814K(61760K)->60814K(61760K) NonClass: 53251K(53760K)->53251K(53760K) Class: 7563K(8000K)->7563K(8000K)
[46.921s][info][gc             ] GC(469) Pause Young (Allocation Failure) 297M->172M(807M) 0.689ms
[46.921s][info][gc,cpu         ] GC(469) User=0.00s Sys=0.00s Real=0.00s
[46.973s][info][gc,start       ] GC(470) Pause Young (Allocation Failure)
[46.973s][info][gc,heap        ] GC(470) PSYoungGen: 126752K(126976K)->256K(125440K) Eden: 126464K(126464K)->0K(124416K) From: 288K(512K)->256K(1024K)
[46.974s][info][gc,heap        ] GC(470) ParOldGen: 176182K(699392K)->176206K(699392K)
[46.974s][info][gc,metaspace   ] GC(470) Metaspace: 60814K(61760K)->60814K(61760K) NonClass: 53251K(53760K)->53251K(53760K) Class: 7563K(8000K)->7563K(8000K)
[46.974s][info][gc             ] GC(470) Pause Young (Allocation Failure) 295M->172M(805M) 0.621ms
[46.974s][info][gc,cpu         ] GC(470) User=0.30s Sys=0.00s Real=0.02s
[47.032s][info][gc,start       ] GC(471) Pause Young (Allocation Failure)
[47.033s][info][gc,heap        ] GC(471) PSYoungGen: 124672K(125440K)->608K(123904K) Eden: 124416K(124416K)->0K(122880K) From: 256K(1024K)->608K(1024K)
[47.033s][info][gc,heap        ] GC(471) ParOldGen: 176206K(699392K)->176222K(699392K)
[47.033s][info][gc,metaspace   ] GC(471) Metaspace: 60819K(61760K)->60819K(61760K) NonClass: 53256K(53760K)->53256K(53760K) Class: 7563K(8000K)->7563K(8000K)
[47.033s][info][gc             ] GC(471) Pause Young (Allocation Failure) 293M->172M(804M) 0.867ms
[47.033s][info][gc,cpu         ] GC(471) User=0.00s Sys=0.00s Real=0.00s
[47.099s][info][gc,start       ] GC(472) Pause Young (System.gc())
[47.100s][info][gc,heap        ] GC(472) PSYoungGen: 54584K(123904K)->608K(123904K) Eden: 53976K(122880K)->0K(122880K) From: 608K(1024K)->608K(1024K)
[47.100s][info][gc,heap        ] GC(472) ParOldGen: 176222K(699392K)->176350K(699392K)
[47.100s][info][gc,metaspace   ] GC(472) Metaspace: 60867K(61760K)->60867K(61760K) NonClass: 53302K(53760K)->53302K(53760K) Class: 7565K(8000K)->7565K(8000K)
[47.100s][info][gc             ] GC(472) Pause Young (System.gc()) 225M->172M(804M) 1.056ms
[47.100s][info][gc,cpu         ] GC(472) User=0.00s Sys=0.00s Real=0.00s
[47.100s][info][gc,start       ] GC(473) Pause Full (System.gc())
[47.100s][info][gc,phases,start] GC(473) Marking Phase
[47.211s][info][gc,phases      ] GC(473) Marking Phase 111.058ms
[47.211s][info][gc,phases,start] GC(473) Summary Phase
[47.211s][info][gc,phases      ] GC(473) Summary Phase 0.016ms
[47.211s][info][gc,phases,start] GC(473) Adjust Roots
[47.220s][info][gc,phases      ] GC(473) Adjust Roots 8.469ms
[47.220s][info][gc,phases,start] GC(473) Compaction Phase
[47.248s][info][gc,phases      ] GC(473) Compaction Phase 28.194ms
[47.248s][info][gc,phases,start] GC(473) Post Compact
[47.249s][info][gc,phases      ] GC(473) Post Compact 1.285ms
[47.249s][info][gc,heap        ] GC(473) PSYoungGen: 608K(123904K)->0K(123904K) Eden: 0K(122880K)->0K(122880K) From: 608K(1024K)->0K(1024K)
[47.249s][info][gc,heap        ] GC(473) ParOldGen: 176350K(699392K)->175577K(699392K)
[47.249s][info][gc,metaspace   ] GC(473) Metaspace: 60867K(61760K)->60867K(61760K) NonClass: 53302K(53760K)->53302K(53760K) Class: 7565K(8000K)->7565K(8000K)
[47.249s][info][gc             ] GC(473) Pause Full (System.gc()) 172M->171M(804M) 149.369ms
[47.249s][info][gc,cpu         ] GC(473) User=2.42s Sys=0.00s Real=0.16s
[47.343s][info][gc,start       ] GC(474) Pause Young (Allocation Failure)
[47.344s][info][gc,heap        ] GC(474) PSYoungGen: 122880K(123904K)->512K(121856K) Eden: 122880K(122880K)->0K(121344K) From: 0K(1024K)->512K(512K)
[47.344s][info][gc,heap        ] GC(474) ParOldGen: 175577K(699392K)->175705K(699392K)
[47.344s][info][gc,metaspace   ] GC(474) Metaspace: 60894K(61824K)->60894K(61824K) NonClass: 53328K(53824K)->53328K(53824K) Class: 7566K(8000K)->7566K(8000K)
[47.344s][info][gc             ] GC(474) Pause Young (Allocation Failure) 291M->172M(802M) 1.158ms
[47.345s][info][gc,cpu         ] GC(474) User=0.00s Sys=0.00s Real=0.00s
[47.390s][info][gc,start       ] GC(475) Pause Young (Allocation Failure)
[47.391s][info][gc,heap        ] GC(475) PSYoungGen: 121856K(121856K)->416K(120832K) Eden: 121344K(121344K)->0K(119808K) From: 512K(512K)->416K(1024K)
[47.391s][info][gc,heap        ] GC(475) ParOldGen: 175705K(699392K)->175958K(699392K)
[47.391s][info][gc,metaspace   ] GC(475) Metaspace: 60894K(61824K)->60894K(61824K) NonClass: 53328K(53824K)->53328K(53824K) Class: 7566K(8000K)->7566K(8000K)
[47.391s][info][gc             ] GC(475) Pause Young (Allocation Failure) 290M->172M(801M) 0.823ms
[47.391s][info][gc,cpu         ] GC(475) User=0.00s Sys=0.00s Real=0.00s
[47.439s][info][gc,start       ] GC(476) Pause Young (Allocation Failure)
[47.439s][info][gc,heap        ] GC(476) PSYoungGen: 120224K(120832K)->256K(118784K) Eden: 119808K(119808K)->0K(118272K) From: 416K(1024K)->256K(512K)
[47.439s][info][gc,heap        ] GC(476) ParOldGen: 175958K(699392K)->176094K(699392K)
[47.439s][info][gc,metaspace   ] GC(476) Metaspace: 60894K(61824K)->60894K(61824K) NonClass: 53328K(53824K)->53328K(53824K) Class: 7566K(8000K)->7566K(8000K)
[47.439s][info][gc             ] GC(476) Pause Young (Allocation Failure) 289M->172M(799M) 0.864ms
[47.440s][info][gc,cpu         ] GC(476) User=0.00s Sys=0.00s Real=0.00s
[47.486s][info][gc,start       ] GC(477) Pause Young (Allocation Failure)
[47.486s][info][gc,heap        ] GC(477) PSYoungGen: 118528K(118784K)->256K(117760K) Eden: 118272K(118272K)->0K(116736K) From: 256K(512K)->256K(1024K)
[47.486s][info][gc,heap        ] GC(477) ParOldGen: 176094K(699392K)->176094K(699392K)
[47.486s][info][gc,metaspace   ] GC(477) Metaspace: 60894K(61824K)->60894K(61824K) NonClass: 53328K(53824K)->53328K(53824K) Class: 7566K(8000K)->7566K(8000K)
[47.486s][info][gc             ] GC(477) Pause Young (Allocation Failure) 287M->172M(798M) 0.666ms
[47.486s][info][gc,cpu         ] GC(477) User=0.00s Sys=0.00s Real=0.00s
[47.526s][info][gc,start       ] GC(478) Pause Young (Allocation Failure)
[47.526s][info][gc,heap        ] GC(478) PSYoungGen: 116992K(117760K)->256K(140800K) Eden: 116736K(116736K)->0K(140288K) From: 256K(1024K)->256K(512K)
[47.526s][info][gc,heap        ] GC(478) ParOldGen: 176094K(699392K)->176102K(699392K)
[47.526s][info][gc,metaspace   ] GC(478) Metaspace: 60894K(61824K)->60894K(61824K) NonClass: 53328K(53824K)->53328K(53824K) Class: 7566K(8000K)->7566K(8000K)
[47.526s][info][gc             ] GC(478) Pause Young (Allocation Failure) 286M->172M(820M) 0.780ms
[47.526s][info][gc,cpu         ] GC(478) User=0.00s Sys=0.00s Real=0.00s
[47.574s][info][gc,start       ] GC(479) Pause Young (Allocation Failure)
[47.574s][info][gc,heap        ] GC(479) PSYoungGen: 140544K(140800K)->352K(169472K) Eden: 140288K(140288K)->0K(168448K) From: 256K(512K)->352K(1024K)
[47.574s][info][gc,heap        ] GC(479) ParOldGen: 176102K(699392K)->176102K(699392K)
[47.574s][info][gc,metaspace   ] GC(479) Metaspace: 60894K(61824K)->60894K(61824K) NonClass: 53328K(53824K)->53328K(53824K) Class: 7566K(8000K)->7566K(8000K)
[47.574s][info][gc             ] GC(479) Pause Young (Allocation Failure) 309M->172M(848M) 0.666ms
[47.574s][info][gc,cpu         ] GC(479) User=0.00s Sys=0.00s Real=0.00s
[47.630s][info][gc,start       ] GC(480) Pause Young (Allocation Failure)
[47.631s][info][gc,heap        ] GC(480) PSYoungGen: 168800K(169472K)->288K(165888K) Eden: 168448K(168448K)->0K(165376K) From: 352K(1024K)->288K(512K)
[47.631s][info][gc,heap        ] GC(480) ParOldGen: 176102K(699392K)->176110K(699392K)
[47.631s][info][gc,metaspace   ] GC(480) Metaspace: 60894K(61824K)->60894K(61824K) NonClass: 53328K(53824K)->53328K(53824K) Class: 7566K(8000K)->7566K(8000K)
[47.631s][info][gc             ] GC(480) Pause Young (Allocation Failure) 336M->172M(845M) 0.785ms
[47.631s][info][gc,cpu         ] GC(480) User=0.00s Sys=0.00s Real=0.00s
[47.686s][info][gc,start       ] GC(481) Pause Young (Allocation Failure)
[47.687s][info][gc,heap        ] GC(481) PSYoungGen: 165664K(165888K)->224K(163328K) Eden: 165376K(165376K)->0K(162304K) From: 288K(512K)->224K(1024K)
[47.687s][info][gc,heap        ] GC(481) ParOldGen: 176110K(699392K)->176118K(699392K)
[47.687s][info][gc,metaspace   ] GC(481) Metaspace: 60894K(61824K)->60894K(61824K) NonClass: 53328K(53824K)->53328K(53824K) Class: 7566K(8000K)->7566K(8000K)
[47.687s][info][gc             ] GC(481) Pause Young (Allocation Failure) 333M->172M(842M) 0.633ms
[47.687s][info][gc,cpu         ] GC(481) User=0.00s Sys=0.00s Real=0.00s
[47.749s][info][gc,start       ] GC(482) Pause Young (Allocation Failure)
[47.749s][info][gc,heap        ] GC(482) PSYoungGen: 162528K(163328K)->256K(159744K) Eden: 162304K(162304K)->0K(159232K) From: 224K(1024K)->256K(512K)
[47.749s][info][gc,heap        ] GC(482) ParOldGen: 176118K(699392K)->176134K(699392K)
[47.749s][info][gc,metaspace   ] GC(482) Metaspace: 60894K(61824K)->60894K(61824K) NonClass: 53328K(53824K)->53328K(53824K) Class: 7566K(8000K)->7566K(8000K)
[47.749s][info][gc             ] GC(482) Pause Young (Allocation Failure) 330M->172M(839M) 0.860ms
[47.750s][info][gc,cpu         ] GC(482) User=0.00s Sys=0.00s Real=0.00s
[47.810s][info][gc,start       ] GC(483) Pause Young (Allocation Failure)
[47.810s][info][gc,heap        ] GC(483) PSYoungGen: 159488K(159744K)->288K(157696K) Eden: 159232K(159232K)->0K(156672K) From: 256K(512K)->288K(1024K)
[47.810s][info][gc,heap        ] GC(483) ParOldGen: 176134K(699392K)->176142K(699392K)
[47.811s][info][gc,metaspace   ] GC(483) Metaspace: 60894K(61824K)->60894K(61824K) NonClass: 53328K(53824K)->53328K(53824K) Class: 7566K(8000K)->7566K(8000K)
[47.811s][info][gc             ] GC(483) Pause Young (Allocation Failure) 327M->172M(837M) 0.694ms
[47.811s][info][gc,cpu         ] GC(483) User=0.00s Sys=0.00s Real=0.00s
[47.870s][info][gc,start       ] GC(484) Pause Young (Allocation Failure)
[47.870s][info][gc,heap        ] GC(484) PSYoungGen: 156960K(157696K)->288K(154624K) Eden: 156672K(156672K)->0K(154112K) From: 288K(1024K)->288K(512K)
[47.870s][info][gc,heap        ] GC(484) ParOldGen: 176142K(699392K)->176166K(699392K)
[47.870s][info][gc,metaspace   ] GC(484) Metaspace: 60894K(61824K)->60894K(61824K) NonClass: 53328K(53824K)->53328K(53824K) Class: 7566K(8000K)->7566K(8000K)
[47.870s][info][gc             ] GC(484) Pause Young (Allocation Failure) 325M->172M(834M) 0.695ms
[47.870s][info][gc,cpu         ] GC(484) User=0.00s Sys=0.00s Real=0.00s
[47.928s][info][gc,start       ] GC(485) Pause Young (Allocation Failure)
[47.929s][info][gc,heap        ] GC(485) PSYoungGen: 154400K(154624K)->224K(152576K) Eden: 154112K(154112K)->0K(151552K) From: 288K(512K)->224K(1024K)
[47.929s][info][gc,heap        ] GC(485) ParOldGen: 176166K(699392K)->176182K(699392K)
[47.929s][info][gc,metaspace   ] GC(485) Metaspace: 60894K(61824K)->60894K(61824K) NonClass: 53328K(53824K)->53328K(53824K) Class: 7566K(8000K)->7566K(8000K)
[47.929s][info][gc             ] GC(485) Pause Young (Allocation Failure) 322M->172M(832M) 0.638ms
[47.929s][info][gc,cpu         ] GC(485) User=0.00s Sys=0.00s Real=0.00s
[47.988s][info][gc,start       ] GC(486) Pause Young (Allocation Failure)
[47.988s][info][gc,heap        ] GC(486) PSYoungGen: 151776K(152576K)->320K(149504K) Eden: 151552K(151552K)->0K(148992K) From: 224K(1024K)->320K(512K)
[47.988s][info][gc,heap        ] GC(486) ParOldGen: 176182K(699392K)->176198K(699392K)
[47.988s][info][gc,metaspace   ] GC(486) Metaspace: 60894K(61824K)->60894K(61824K) NonClass: 53328K(53824K)->53328K(53824K) Class: 7566K(8000K)->7566K(8000K)
[47.988s][info][gc             ] GC(486) Pause Young (Allocation Failure) 320M->172M(829M) 0.926ms
[47.988s][info][gc,cpu         ] GC(486) User=0.00s Sys=0.00s Real=0.00s
[48.056s][info][gc,start       ] GC(487) Pause Young (System.gc())
[48.057s][info][gc,heap        ] GC(487) PSYoungGen: 131068K(149504K)->608K(150016K) Eden: 130748K(148992K)->0K(148992K) From: 320K(512K)->608K(1024K)
[48.057s][info][gc,heap        ] GC(487) ParOldGen: 176198K(699392K)->176230K(699392K)
[48.057s][info][gc,metaspace   ] GC(487) Metaspace: 60902K(61824K)->60902K(61824K) NonClass: 53336K(53824K)->53336K(53824K) Class: 7566K(8000K)->7566K(8000K)
[48.057s][info][gc             ] GC(487) Pause Young (System.gc()) 300M->172M(829M) 0.972ms
[48.057s][info][gc,cpu         ] GC(487) User=0.00s Sys=0.00s Real=0.00s
[48.057s][info][gc,start       ] GC(488) Pause Full (System.gc())
[48.057s][info][gc,phases,start] GC(488) Marking Phase
[48.159s][info][gc,phases      ] GC(488) Marking Phase 101.626ms
[48.159s][info][gc,phases,start] GC(488) Summary Phase
[48.159s][info][gc,phases      ] GC(488) Summary Phase 0.016ms
[48.159s][info][gc,phases,start] GC(488) Adjust Roots
[48.169s][info][gc,phases      ] GC(488) Adjust Roots 9.488ms
[48.169s][info][gc,phases,start] GC(488) Compaction Phase
[48.201s][info][gc,phases      ] GC(488) Compaction Phase 32.069ms
[48.201s][info][gc,phases,start] GC(488) Post Compact
[48.202s][info][gc,phases      ] GC(488) Post Compact 1.277ms
[48.202s][info][gc,heap        ] GC(488) PSYoungGen: 608K(150016K)->0K(150016K) Eden: 0K(148992K)->0K(148992K) From: 608K(1024K)->0K(1024K)
[48.202s][info][gc,heap        ] GC(488) ParOldGen: 176230K(699392K)->175602K(699392K)
[48.202s][info][gc,metaspace   ] GC(488) Metaspace: 60902K(61824K)->60902K(61824K) NonClass: 53336K(53824K)->53336K(53824K) Class: 7566K(8000K)->7566K(8000K)
[48.202s][info][gc             ] GC(488) Pause Full (System.gc()) 172M->171M(829M) 144.875ms
[48.202s][info][gc,cpu         ] GC(488) User=1.83s Sys=0.00s Real=0.14s
[48.305s][info][gc,start       ] GC(489) Pause Young (Allocation Failure)
[48.305s][info][gc,heap        ] GC(489) PSYoungGen: 148992K(150016K)->704K(147456K) Eden: 148992K(148992K)->0K(146432K) From: 0K(1024K)->704K(1024K)
[48.305s][info][gc,heap        ] GC(489) ParOldGen: 175602K(699392K)->175602K(699392K)
[48.306s][info][gc,metaspace   ] GC(489) Metaspace: 60902K(61824K)->60902K(61824K) NonClass: 53336K(53824K)->53336K(53824K) Class: 7566K(8000K)->7566K(8000K)
[48.306s][info][gc             ] GC(489) Pause Young (Allocation Failure) 316M->172M(827M) 1.005ms
[48.306s][info][gc,cpu         ] GC(489) User=0.00s Sys=0.00s Real=0.00s
[48.352s][info][gc,start       ] GC(490) Pause Young (Allocation Failure)
[48.353s][info][gc,heap        ] GC(490) PSYoungGen: 147136K(147456K)->576K(144896K) Eden: 146432K(146432K)->0K(143872K) From: 704K(1024K)->576K(1024K)
[48.353s][info][gc,heap        ] GC(490) ParOldGen: 175602K(699392K)->175955K(699392K)
[48.353s][info][gc,metaspace   ] GC(490) Metaspace: 60902K(61824K)->60902K(61824K) NonClass: 53336K(53824K)->53336K(53824K) Class: 7566K(8000K)->7566K(8000K)
[48.353s][info][gc             ] GC(490) Pause Young (Allocation Failure) 315M->172M(824M) 0.979ms
[48.353s][info][gc,cpu         ] GC(490) User=0.00s Sys=0.00s Real=0.00s
[48.402s][info][gc,start       ] GC(491) Pause Young (Allocation Failure)
[48.402s][info][gc,heap        ] GC(491) PSYoungGen: 144448K(144896K)->192K(142336K) Eden: 143872K(143872K)->0K(141824K) From: 576K(1024K)->192K(512K)
[48.402s][info][gc,heap        ] GC(491) ParOldGen: 175955K(699392K)->176059K(699392K)
[48.403s][info][gc,metaspace   ] GC(491) Metaspace: 60902K(61824K)->60902K(61824K) NonClass: 53336K(53824K)->53336K(53824K) Class: 7566K(8000K)->7566K(8000K)
[48.403s][info][gc             ] GC(491) Pause Young (Allocation Failure) 312M->172M(822M) 0.633ms
[48.403s][info][gc,cpu         ] GC(491) User=0.00s Sys=0.00s Real=0.00s
[48.458s][info][gc,start       ] GC(492) Pause Young (Allocation Failure)
[48.458s][info][gc,heap        ] GC(492) PSYoungGen: 142016K(142336K)->288K(140800K) Eden: 141824K(141824K)->0K(139776K) From: 192K(512K)->288K(1024K)
[48.458s][info][gc,heap        ] GC(492) ParOldGen: 176059K(699392K)->176059K(699392K)
[48.458s][info][gc,metaspace   ] GC(492) Metaspace: 60902K(61824K)->60902K(61824K) NonClass: 53336K(53824K)->53336K(53824K) Class: 7566K(8000K)->7566K(8000K)
[48.458s][info][gc             ] GC(492) Pause Young (Allocation Failure) 310M->172M(820M) 0.638ms
[48.458s][info][gc,cpu         ] GC(492) User=0.00s Sys=0.00s Real=0.00s
[48.522s][info][gc,start       ] GC(493) Pause Young (Allocation Failure)
[48.522s][info][gc,heap        ] GC(493) PSYoungGen: 140064K(140800K)->256K(138240K) Eden: 139776K(139776K)->0K(137728K) From: 288K(1024K)->256K(512K)
[48.522s][info][gc,heap        ] GC(493) ParOldGen: 176059K(699392K)->176067K(699392K)
[48.522s][info][gc,metaspace   ] GC(493) Metaspace: 60902K(61824K)->60902K(61824K) NonClass: 53336K(53824K)->53336K(53824K) Class: 7566K(8000K)->7566K(8000K)
[48.522s][info][gc             ] GC(493) Pause Young (Allocation Failure) 308M->172M(818M) 0.690ms
[48.522s][info][gc,cpu         ] GC(493) User=0.00s Sys=0.00s Real=0.00s
[48.576s][info][gc,start       ] GC(494) Pause Young (Allocation Failure)
[48.576s][info][gc,heap        ] GC(494) PSYoungGen: 137984K(138240K)->288K(136704K) Eden: 137728K(137728K)->0K(135680K) From: 256K(512K)->288K(1024K)
[48.576s][info][gc,heap        ] GC(494) ParOldGen: 176067K(699392K)->176075K(699392K)
[48.576s][info][gc,metaspace   ] GC(494) Metaspace: 60902K(61824K)->60902K(61824K) NonClass: 53336K(53824K)->53336K(53824K) Class: 7566K(8000K)->7566K(8000K)
[48.576s][info][gc             ] GC(494) Pause Young (Allocation Failure) 306M->172M(816M) 0.664ms
[48.576s][info][gc,cpu         ] GC(494) User=0.00s Sys=0.00s Real=0.00s
[48.629s][info][gc,start       ] GC(495) Pause Young (Allocation Failure)
[48.630s][info][gc,heap        ] GC(495) PSYoungGen: 135968K(136704K)->288K(134144K) Eden: 135680K(135680K)->0K(133632K) From: 288K(1024K)->288K(512K)
[48.630s][info][gc,heap        ] GC(495) ParOldGen: 176075K(699392K)->176083K(699392K)
[48.630s][info][gc,metaspace   ] GC(495) Metaspace: 60902K(61824K)->60902K(61824K) NonClass: 53336K(53824K)->53336K(53824K) Class: 7566K(8000K)->7566K(8000K)
[48.630s][info][gc             ] GC(495) Pause Young (Allocation Failure) 304M->172M(814M) 0.785ms
[48.630s][info][gc,cpu         ] GC(495) User=0.00s Sys=0.00s Real=0.00s
[48.676s][info][gc,start       ] GC(496) Pause Young (Allocation Failure)
[48.676s][info][gc,heap        ] GC(496) PSYoungGen: 133920K(134144K)->256K(132608K) Eden: 133632K(133632K)->0K(131584K) From: 288K(512K)->256K(1024K)
[48.676s][info][gc,heap        ] GC(496) ParOldGen: 176083K(699392K)->176099K(699392K)
[48.676s][info][gc,metaspace   ] GC(496) Metaspace: 60902K(61824K)->60902K(61824K) NonClass: 53336K(53824K)->53336K(53824K) Class: 7566K(8000K)->7566K(8000K)
[48.676s][info][gc             ] GC(496) Pause Young (Allocation Failure) 302M->172M(812M) 0.616ms
[48.676s][info][gc,cpu         ] GC(496) User=0.00s Sys=0.00s Real=0.00s
[48.728s][info][gc,start       ] GC(497) Pause Young (Allocation Failure)
[48.728s][info][gc,heap        ] GC(497) PSYoungGen: 131840K(132608K)->256K(130048K) Eden: 131584K(131584K)->0K(129536K) From: 256K(1024K)->256K(512K)
[48.728s][info][gc,heap        ] GC(497) ParOldGen: 176099K(699392K)->176123K(699392K)
[48.728s][info][gc,metaspace   ] GC(497) Metaspace: 60902K(61824K)->60902K(61824K) NonClass: 53336K(53824K)->53336K(53824K) Class: 7566K(8000K)->7566K(8000K)
[48.728s][info][gc             ] GC(497) Pause Young (Allocation Failure) 300M->172M(810M) 0.694ms
[48.728s][info][gc,cpu         ] GC(497) User=0.00s Sys=0.00s Real=0.00s
[48.788s][info][gc,start       ] GC(498) Pause Young (Allocation Failure)
[48.789s][info][gc,heap        ] GC(498) PSYoungGen: 129792K(130048K)->256K(128512K) Eden: 129536K(129536K)->0K(127488K) From: 256K(512K)->256K(1024K)
[48.789s][info][gc,heap        ] GC(498) ParOldGen: 176123K(699392K)->176139K(699392K)
[48.789s][info][gc,metaspace   ] GC(498) Metaspace: 60902K(61824K)->60902K(61824K) NonClass: 53336K(53824K)->53336K(53824K) Class: 7566K(8000K)->7566K(8000K)
[48.789s][info][gc             ] GC(498) Pause Young (Allocation Failure) 298M->172M(808M) 0.742ms
[48.789s][info][gc,cpu         ] GC(498) User=0.02s Sys=0.00s Real=0.01s
[48.841s][info][gc,start       ] GC(499) Pause Young (Allocation Failure)
[48.842s][info][gc,heap        ] GC(499) PSYoungGen: 127744K(128512K)->192K(125952K) Eden: 127488K(127488K)->0K(125440K) From: 256K(1024K)->192K(512K)
[48.842s][info][gc,heap        ] GC(499) ParOldGen: 176139K(699392K)->176163K(699392K)
[48.842s][info][gc,metaspace   ] GC(499) Metaspace: 60902K(61824K)->60902K(61824K) NonClass: 53336K(53824K)->53336K(53824K) Class: 7566K(8000K)->7566K(8000K)
[48.842s][info][gc             ] GC(499) Pause Young (Allocation Failure) 296M->172M(806M) 0.879ms
[48.842s][info][gc,cpu         ] GC(499) User=0.00s Sys=0.00s Real=0.00s
[48.885s][info][gc,start       ] GC(500) Pause Young (Allocation Failure)
[48.885s][info][gc,heap        ] GC(500) PSYoungGen: 125632K(125952K)->224K(124928K) Eden: 125440K(125440K)->0K(123904K) From: 192K(512K)->224K(1024K)
[48.885s][info][gc,heap        ] GC(500) ParOldGen: 176163K(699392K)->176179K(699392K)
[48.885s][info][gc,metaspace   ] GC(500) Metaspace: 60902K(61824K)->60902K(61824K) NonClass: 53336K(53824K)->53336K(53824K) Class: 7566K(8000K)->7566K(8000K)
[48.885s][info][gc             ] GC(500) Pause Young (Allocation Failure) 294M->172M(805M) 0.617ms
[48.885s][info][gc,cpu         ] GC(500) User=0.00s Sys=0.00s Real=0.00s
[48.934s][info][gc,start       ] GC(501) Pause Young (Allocation Failure)
[48.935s][info][gc,heap        ] GC(501) PSYoungGen: 124128K(124928K)->288K(122880K) Eden: 123904K(123904K)->0K(122368K) From: 224K(1024K)->288K(512K)
[48.935s][info][gc,heap        ] GC(501) ParOldGen: 176179K(699392K)->176203K(699392K)
[48.935s][info][gc,metaspace   ] GC(501) Metaspace: 60902K(61824K)->60902K(61824K) NonClass: 53336K(53824K)->53336K(53824K) Class: 7566K(8000K)->7566K(8000K)
[48.935s][info][gc             ] GC(501) Pause Young (Allocation Failure) 293M->172M(803M) 0.686ms
[48.935s][info][gc,cpu         ] GC(501) User=0.00s Sys=0.00s Real=0.00s
[48.990s][info][gc,start       ] GC(502) Pause Young (Allocation Failure)
[48.990s][info][gc,heap        ] GC(502) PSYoungGen: 122656K(122880K)->224K(121856K) Eden: 122368K(122368K)->0K(120832K) From: 288K(512K)->224K(1024K)
[48.990s][info][gc,heap        ] GC(502) ParOldGen: 176203K(699392K)->176219K(699392K)
[48.990s][info][gc,metaspace   ] GC(502) Metaspace: 60902K(61824K)->60902K(61824K) NonClass: 53336K(53824K)->53336K(53824K) Class: 7566K(8000K)->7566K(8000K)
[48.990s][info][gc             ] GC(502) Pause Young (Allocation Failure) 291M->172M(802M) 0.676ms
[48.990s][info][gc,cpu         ] GC(502) User=0.00s Sys=0.00s Real=0.00s
[49.055s][info][gc,start       ] GC(503) Pause Young (System.gc())
[49.056s][info][gc,heap        ] GC(503) PSYoungGen: 100425K(121856K)->608K(121856K) Eden: 100201K(120832K)->0K(120832K) From: 224K(1024K)->608K(1024K)
[49.056s][info][gc,heap        ] GC(503) ParOldGen: 176219K(699392K)->176235K(699392K)
[49.056s][info][gc,metaspace   ] GC(503) Metaspace: 60902K(61824K)->60902K(61824K) NonClass: 53336K(53824K)->53336K(53824K) Class: 7566K(8000K)->7566K(8000K)
[49.056s][info][gc             ] GC(503) Pause Young (System.gc()) 270M->172M(802M) 0.914ms
[49.056s][info][gc,cpu         ] GC(503) User=0.00s Sys=0.02s Real=0.02s
[49.056s][info][gc,start       ] GC(504) Pause Full (System.gc())
[49.056s][info][gc,phases,start] GC(504) Marking Phase
[49.157s][info][gc,phases      ] GC(504) Marking Phase 101.339ms
[49.157s][info][gc,phases,start] GC(504) Summary Phase
[49.157s][info][gc,phases      ] GC(504) Summary Phase 0.014ms
[49.157s][info][gc,phases,start] GC(504) Adjust Roots
[49.165s][info][gc,phases      ] GC(504) Adjust Roots 8.057ms
[49.165s][info][gc,phases,start] GC(504) Compaction Phase
[49.192s][info][gc,phases      ] GC(504) Compaction Phase 27.052ms
[49.192s][info][gc,phases,start] GC(504) Post Compact
[49.193s][info][gc,phases      ] GC(504) Post Compact 1.098ms
[49.193s][info][gc,heap        ] GC(504) PSYoungGen: 608K(121856K)->0K(121856K) Eden: 0K(120832K)->0K(120832K) From: 608K(1024K)->0K(1024K)
[49.194s][info][gc,heap        ] GC(504) ParOldGen: 176235K(699392K)->175632K(699392K)
[49.194s][info][gc,metaspace   ] GC(504) Metaspace: 60902K(61824K)->60902K(61824K) NonClass: 53336K(53824K)->53336K(53824K) Class: 7566K(8000K)->7566K(8000K)
[49.194s][info][gc             ] GC(504) Pause Full (System.gc()) 172M->171M(802M) 137.826ms
[49.194s][info][gc,cpu         ] GC(504) User=1.56s Sys=0.00s Real=0.13s
[49.295s][info][gc,start       ] GC(505) Pause Young (Allocation Failure)
[49.296s][info][gc,heap        ] GC(505) PSYoungGen: 120832K(121856K)->704K(120320K) Eden: 120832K(120832K)->0K(119296K) From: 0K(1024K)->704K(1024K)
[49.296s][info][gc,heap        ] GC(505) ParOldGen: 175632K(699392K)->175632K(699392K)
[49.296s][info][gc,metaspace   ] GC(505) Metaspace: 60921K(61824K)->60921K(61824K) NonClass: 53355K(53824K)->53355K(53824K) Class: 7566K(8000K)->7566K(8000K)
[49.296s][info][gc             ] GC(505) Pause Young (Allocation Failure) 289M->172M(800M) 1.119ms
[49.296s][info][gc,cpu         ] GC(505) User=0.00s Sys=0.00s Real=0.00s
[49.338s][info][gc,start       ] GC(506) Pause Young (Allocation Failure)
[49.338s][info][gc,heap        ] GC(506) PSYoungGen: 120000K(120320K)->416K(118272K) Eden: 119296K(119296K)->0K(117760K) From: 704K(1024K)->416K(512K)
[49.338s][info][gc,heap        ] GC(506) ParOldGen: 175632K(699392K)->175995K(699392K)
[49.338s][info][gc,metaspace   ] GC(506) Metaspace: 60921K(61824K)->60921K(61824K) NonClass: 53355K(53824K)->53355K(53824K) Class: 7566K(8000K)->7566K(8000K)
[49.338s][info][gc             ] GC(506) Pause Young (Allocation Failure) 288M->172M(798M) 0.793ms
[49.338s][info][gc,cpu         ] GC(506) User=0.00s Sys=0.00s Real=0.00s
[49.375s][info][gc,start       ] GC(507) Pause Young (Allocation Failure)
[49.375s][info][gc,heap        ] GC(507) PSYoungGen: 118176K(118272K)->224K(142336K) Eden: 117760K(117760K)->0K(141312K) From: 416K(512K)->224K(1024K)
[49.375s][info][gc,heap        ] GC(507) ParOldGen: 175995K(699392K)->176131K(699392K)
[49.375s][info][gc,metaspace   ] GC(507) Metaspace: 60921K(61824K)->60921K(61824K) NonClass: 53355K(53824K)->53355K(53824K) Class: 7566K(8000K)->7566K(8000K)
[49.375s][info][gc             ] GC(507) Pause Young (Allocation Failure) 287M->172M(822M) 0.681ms
[49.375s][info][gc,cpu         ] GC(507) User=0.00s Sys=0.00s Real=0.00s
[49.419s][info][gc,start       ] GC(508) Pause Young (Allocation Failure)
[49.419s][info][gc,heap        ] GC(508) PSYoungGen: 141536K(142336K)->320K(170496K) Eden: 141312K(141312K)->0K(169984K) From: 224K(1024K)->320K(512K)
[49.419s][info][gc,heap        ] GC(508) ParOldGen: 176131K(699392K)->176131K(699392K)
[49.419s][info][gc,metaspace   ] GC(508) Metaspace: 60921K(61824K)->60921K(61824K) NonClass: 53355K(53824K)->53355K(53824K) Class: 7566K(8000K)->7566K(8000K)
[49.419s][info][gc             ] GC(508) Pause Young (Allocation Failure) 310M->172M(849M) 0.868ms
[49.420s][info][gc,cpu         ] GC(508) User=0.00s Sys=0.00s Real=0.00s
[49.471s][info][gc,start       ] GC(509) Pause Young (Allocation Failure)
[49.472s][info][gc,heap        ] GC(509) PSYoungGen: 170304K(170496K)->224K(174080K) Eden: 169984K(169984K)->0K(173056K) From: 320K(512K)->224K(1024K)
[49.472s][info][gc,heap        ] GC(509) ParOldGen: 176131K(699392K)->176139K(699392K)
[49.472s][info][gc,metaspace   ] GC(509) Metaspace: 60921K(61824K)->60921K(61824K) NonClass: 53355K(53824K)->53355K(53824K) Class: 7566K(8000K)->7566K(8000K)
[49.472s][info][gc             ] GC(509) Pause Young (Allocation Failure) 338M->172M(853M) 1.018ms
[49.473s][info][gc,cpu         ] GC(509) User=0.00s Sys=0.00s Real=0.00s
[49.525s][info][gc,start       ] GC(510) Pause Young (Allocation Failure)
[49.526s][info][gc,heap        ] GC(510) PSYoungGen: 173280K(174080K)->256K(205312K) Eden: 173056K(173056K)->0K(204288K) From: 224K(1024K)->256K(1024K)
[49.526s][info][gc,heap        ] GC(510) ParOldGen: 176139K(699392K)->176139K(699392K)
[49.526s][info][gc,metaspace   ] GC(510) Metaspace: 60921K(61824K)->60921K(61824K) NonClass: 53355K(53824K)->53355K(53824K) Class: 7566K(8000K)->7566K(8000K)
[49.526s][info][gc             ] GC(510) Pause Young (Allocation Failure) 341M->172M(883M) 0.806ms
[49.526s][info][gc,cpu         ] GC(510) User=0.00s Sys=0.00s Real=0.00s
[49.594s][info][gc,start       ] GC(511) Pause Young (Allocation Failure)
[49.595s][info][gc,heap        ] GC(511) PSYoungGen: 204544K(205312K)->320K(200704K) Eden: 204288K(204288K)->0K(200192K) From: 256K(1024K)->320K(512K)
[49.595s][info][gc,heap        ] GC(511) ParOldGen: 176139K(699392K)->176147K(699392K)
[49.595s][info][gc,metaspace   ] GC(511) Metaspace: 60921K(61824K)->60921K(61824K) NonClass: 53355K(53824K)->53355K(53824K) Class: 7566K(8000K)->7566K(8000K)
[49.595s][info][gc             ] GC(511) Pause Young (Allocation Failure) 371M->172M(879M) 0.637ms
[49.595s][info][gc,cpu         ] GC(511) User=0.00s Sys=0.00s Real=0.00s
[49.664s][info][gc,start       ] GC(512) Pause Young (Allocation Failure)
[49.665s][info][gc,heap        ] GC(512) PSYoungGen: 200512K(200704K)->256K(196608K) Eden: 200192K(200192K)->0K(196096K) From: 320K(512K)->256K(512K)
[49.665s][info][gc,heap        ] GC(512) ParOldGen: 176147K(699392K)->176155K(699392K)
[49.665s][info][gc,metaspace   ] GC(512) Metaspace: 60921K(61824K)->60921K(61824K) NonClass: 53355K(53824K)->53355K(53824K) Class: 7566K(8000K)->7566K(8000K)
[49.665s][info][gc             ] GC(512) Pause Young (Allocation Failure) 367M->172M(875M) 0.728ms
[49.665s][info][gc,cpu         ] GC(512) User=0.00s Sys=0.00s Real=0.00s
[49.733s][info][gc,start       ] GC(513) Pause Young (Allocation Failure)
[49.734s][info][gc,heap        ] GC(513) PSYoungGen: 196352K(196608K)->352K(193024K) Eden: 196096K(196096K)->0K(192000K) From: 256K(512K)->352K(1024K)
[49.734s][info][gc,heap        ] GC(513) ParOldGen: 176155K(699392K)->176155K(699392K)
[49.734s][info][gc,metaspace   ] GC(513) Metaspace: 60921K(61824K)->60921K(61824K) NonClass: 53355K(53824K)->53355K(53824K) Class: 7566K(8000K)->7566K(8000K)
[49.734s][info][gc             ] GC(513) Pause Young (Allocation Failure) 363M->172M(871M) 0.670ms
[49.734s][info][gc,cpu         ] GC(513) User=0.00s Sys=0.00s Real=0.00s
[49.799s][info][gc,start       ] GC(514) Pause Young (Allocation Failure)
[49.800s][info][gc,heap        ] GC(514) PSYoungGen: 192352K(193024K)->288K(188928K) Eden: 192000K(192000K)->0K(188416K) From: 352K(1024K)->288K(512K)
[49.800s][info][gc,heap        ] GC(514) ParOldGen: 176155K(699392K)->176171K(699392K)
[49.800s][info][gc,metaspace   ] GC(514) Metaspace: 60921K(61824K)->60921K(61824K) NonClass: 53355K(53824K)->53355K(53824K) Class: 7566K(8000K)->7566K(8000K)
[49.800s][info][gc             ] GC(514) Pause Young (Allocation Failure) 359M->172M(867M) 0.718ms
[49.800s][info][gc,cpu         ] GC(514) User=0.00s Sys=0.00s Real=0.00s
[49.863s][info][gc,start       ] GC(515) Pause Young (Allocation Failure)
[49.864s][info][gc,heap        ] GC(515) PSYoungGen: 188704K(188928K)->640K(185856K) Eden: 188416K(188416K)->0K(184832K) From: 288K(512K)->640K(1024K)
[49.864s][info][gc,heap        ] GC(515) ParOldGen: 176171K(699392K)->176187K(699392K)
[49.864s][info][gc,metaspace   ] GC(515) Metaspace: 60921K(61824K)->60921K(61824K) NonClass: 53355K(53824K)->53355K(53824K) Class: 7566K(8000K)->7566K(8000K)
[49.864s][info][gc             ] GC(515) Pause Young (Allocation Failure) 356M->172M(864M) 0.759ms
[49.864s][info][gc,cpu         ] GC(515) User=0.00s Sys=0.00s Real=0.00s
[49.939s][info][gc,start       ] GC(516) Pause Young (System.gc())
[49.939s][info][gc,heap        ] GC(516) PSYoungGen: 164631K(185856K)->640K(185856K) Eden: 163991K(184832K)->0K(184832K) From: 640K(1024K)->640K(1024K)
[49.940s][info][gc,heap        ] GC(516) ParOldGen: 176187K(699392K)->176291K(699392K)
[49.940s][info][gc,metaspace   ] GC(516) Metaspace: 60925K(61824K)->60925K(61824K) NonClass: 53359K(53824K)->53359K(53824K) Class: 7566K(8000K)->7566K(8000K)
[49.940s][info][gc             ] GC(516) Pause Young (System.gc()) 332M->172M(864M) 0.938ms
[49.940s][info][gc,cpu         ] GC(516) User=0.00s Sys=0.00s Real=0.00s
[49.940s][info][gc,start       ] GC(517) Pause Full (System.gc())
[49.940s][info][gc,phases,start] GC(517) Marking Phase
[50.042s][info][gc,phases      ] GC(517) Marking Phase 102.614ms
[50.043s][info][gc,phases,start] GC(517) Summary Phase
[50.043s][info][gc,phases      ] GC(517) Summary Phase 0.016ms
[50.043s][info][gc,phases,start] GC(517) Adjust Roots
[50.051s][info][gc,phases      ] GC(517) Adjust Roots 8.386ms
[50.051s][info][gc,phases,start] GC(517) Compaction Phase
[50.071s][info][gc,phases      ] GC(517) Compaction Phase 20.400ms
[50.071s][info][gc,phases,start] GC(517) Post Compact
[50.072s][info][gc,phases      ] GC(517) Post Compact 1.001ms
[50.072s][info][gc,heap        ] GC(517) PSYoungGen: 640K(185856K)->0K(185856K) Eden: 0K(184832K)->0K(184832K) From: 640K(1024K)->0K(1024K)
[50.072s][info][gc,heap        ] GC(517) ParOldGen: 176291K(699392K)->175665K(699392K)
[50.072s][info][gc,metaspace   ] GC(517) Metaspace: 60925K(61824K)->60925K(61824K) NonClass: 53359K(53824K)->53359K(53824K) Class: 7566K(8000K)->7566K(8000K)
[50.072s][info][gc             ] GC(517) Pause Full (System.gc()) 172M->171M(864M) 132.654ms
[50.073s][info][gc,cpu         ] GC(517) User=1.91s Sys=0.00s Real=0.13s
[50.181s][info][gc,start       ] GC(518) Pause Young (Allocation Failure)
[50.182s][info][gc,heap        ] GC(518) PSYoungGen: 184832K(185856K)->736K(182272K) Eden: 184832K(184832K)->0K(181248K) From: 0K(1024K)->736K(1024K)
[50.182s][info][gc,heap        ] GC(518) ParOldGen: 175665K(699392K)->175665K(699392K)
[50.182s][info][gc,metaspace   ] GC(518) Metaspace: 60927K(61824K)->60927K(61824K) NonClass: 53361K(53824K)->53361K(53824K) Class: 7566K(8000K)->7566K(8000K)
[50.182s][info][gc             ] GC(518) Pause Young (Allocation Failure) 352M->172M(861M) 1.029ms
[50.182s][info][gc,cpu         ] GC(518) User=0.00s Sys=0.00s Real=0.00s
[50.238s][info][gc,start       ] GC(519) Pause Young (Allocation Failure)
[50.239s][info][gc,heap        ] GC(519) PSYoungGen: 181984K(182272K)->512K(178176K) Eden: 181248K(181248K)->0K(177664K) From: 736K(1024K)->512K(512K)
[50.239s][info][gc,heap        ] GC(519) ParOldGen: 175665K(699392K)->176012K(699392K)
[50.239s][info][gc,metaspace   ] GC(519) Metaspace: 60927K(61824K)->60927K(61824K) NonClass: 53361K(53824K)->53361K(53824K) Class: 7566K(8000K)->7566K(8000K)
[50.239s][info][gc             ] GC(519) Pause Young (Allocation Failure) 349M->172M(857M) 0.759ms
[50.239s][info][gc,cpu         ] GC(519) User=0.00s Sys=0.00s Real=0.00s
[50.302s][info][gc,start       ] GC(520) Pause Young (Allocation Failure)
[50.320s][info][gc,heap        ] GC(520) PSYoungGen: 178176K(178176K)->192K(175104K) Eden: 177664K(177664K)->0K(174080K) From: 512K(512K)->192K(1024K)
[50.320s][info][gc,heap        ] GC(520) ParOldGen: 176012K(699392K)->176140K(699392K)
[50.320s][info][gc,metaspace   ] GC(520) Metaspace: 60927K(61824K)->60927K(61824K) NonClass: 53361K(53824K)->53361K(53824K) Class: 7566K(8000K)->7566K(8000K)
[50.320s][info][gc             ] GC(520) Pause Young (Allocation Failure) 345M->172M(854M) 17.284ms
[50.320s][info][gc,cpu         ] GC(520) User=0.00s Sys=0.00s Real=0.02s
[50.385s][info][gc,start       ] GC(521) Pause Young (Allocation Failure)
[50.386s][info][gc,heap        ] GC(521) PSYoungGen: 174272K(175104K)->256K(171520K) Eden: 174080K(174080K)->0K(171008K) From: 192K(1024K)->256K(512K)
[50.386s][info][gc,heap        ] GC(521) ParOldGen: 176140K(699392K)->176148K(699392K)
[50.386s][info][gc,metaspace   ] GC(521) Metaspace: 60927K(61824K)->60927K(61824K) NonClass: 53361K(53824K)->53361K(53824K) Class: 7566K(8000K)->7566K(8000K)
[50.386s][info][gc             ] GC(521) Pause Young (Allocation Failure) 342M->172M(850M) 0.821ms
[50.386s][info][gc,cpu         ] GC(521) User=0.00s Sys=0.00s Real=0.00s
[50.440s][info][gc,start       ] GC(522) Pause Young (Allocation Failure)
[50.440s][info][gc,heap        ] GC(522) PSYoungGen: 171264K(171520K)->288K(168960K) Eden: 171008K(171008K)->0K(167936K) From: 256K(512K)->288K(1024K)
[50.440s][info][gc,heap        ] GC(522) ParOldGen: 176148K(699392K)->176148K(699392K)
[50.440s][info][gc,metaspace   ] GC(522) Metaspace: 60927K(61824K)->60927K(61824K) NonClass: 53361K(53824K)->53361K(53824K) Class: 7566K(8000K)->7566K(8000K)
[50.440s][info][gc             ] GC(522) Pause Young (Allocation Failure) 339M->172M(848M) 0.749ms
[50.440s][info][gc,cpu         ] GC(522) User=0.00s Sys=0.00s Real=0.00s
[50.501s][info][gc,start       ] GC(523) Pause Young (Allocation Failure)
[50.501s][info][gc,heap        ] GC(523) PSYoungGen: 168224K(168960K)->256K(165376K) Eden: 167936K(167936K)->0K(164864K) From: 288K(1024K)->256K(512K)
[50.502s][info][gc,heap        ] GC(523) ParOldGen: 176148K(699392K)->176156K(699392K)
[50.502s][info][gc,metaspace   ] GC(523) Metaspace: 60927K(61824K)->60927K(61824K) NonClass: 53361K(53824K)->53361K(53824K) Class: 7566K(8000K)->7566K(8000K)
[50.502s][info][gc             ] GC(523) Pause Young (Allocation Failure) 336M->172M(844M) 0.683ms
[50.502s][info][gc,cpu         ] GC(523) User=0.00s Sys=0.00s Real=0.00s
[50.561s][info][gc,start       ] GC(524) Pause Young (Allocation Failure)
[50.561s][info][gc,heap        ] GC(524) PSYoungGen: 165120K(165376K)->224K(162816K) Eden: 164864K(164864K)->0K(161792K) From: 256K(512K)->224K(1024K)
[50.561s][info][gc,heap        ] GC(524) ParOldGen: 176156K(699392K)->176164K(699392K)
[50.561s][info][gc,metaspace   ] GC(524) Metaspace: 60927K(61824K)->60927K(61824K) NonClass: 53361K(53824K)->53361K(53824K) Class: 7566K(8000K)->7566K(8000K)
[50.561s][info][gc             ] GC(524) Pause Young (Allocation Failure) 333M->172M(842M) 0.600ms
[50.561s][info][gc,cpu         ] GC(524) User=0.00s Sys=0.00s Real=0.00s
[50.620s][info][gc,start       ] GC(525) Pause Young (Allocation Failure)
[50.620s][info][gc,heap        ] GC(525) PSYoungGen: 162016K(162816K)->256K(159232K) Eden: 161792K(161792K)->0K(158720K) From: 224K(1024K)->256K(512K)
[50.620s][info][gc,heap        ] GC(525) ParOldGen: 176164K(699392K)->176188K(699392K)
[50.620s][info][gc,metaspace   ] GC(525) Metaspace: 60927K(61824K)->60927K(61824K) NonClass: 53361K(53824K)->53361K(53824K) Class: 7566K(8000K)->7566K(8000K)
[50.620s][info][gc             ] GC(525) Pause Young (Allocation Failure) 330M->172M(838M) 0.815ms
[50.620s][info][gc,cpu         ] GC(525) User=0.00s Sys=0.00s Real=0.00s
[50.678s][info][gc,start       ] GC(526) Pause Young (Allocation Failure)
[50.679s][info][gc,heap        ] GC(526) PSYoungGen: 158976K(159232K)->352K(157184K) Eden: 158720K(158720K)->0K(156160K) From: 256K(512K)->352K(1024K)
[50.679s][info][gc,heap        ] GC(526) ParOldGen: 176188K(699392K)->176196K(699392K)
[50.679s][info][gc,metaspace   ] GC(526) Metaspace: 60927K(61824K)->60927K(61824K) NonClass: 53361K(53824K)->53361K(53824K) Class: 7566K(8000K)->7566K(8000K)
[50.679s][info][gc             ] GC(526) Pause Young (Allocation Failure) 327M->172M(836M) 0.619ms
[50.679s][info][gc,cpu         ] GC(526) User=0.00s Sys=0.00s Real=0.00s
[50.737s][info][gc,start       ] GC(527) Pause Young (Allocation Failure)
[50.737s][info][gc,heap        ] GC(527) PSYoungGen: 156512K(157184K)->224K(154112K) Eden: 156160K(156160K)->0K(153600K) From: 352K(1024K)->224K(512K)
[50.738s][info][gc,heap        ] GC(527) ParOldGen: 176196K(699392K)->176212K(699392K)
[50.738s][info][gc,metaspace   ] GC(527) Metaspace: 60927K(61824K)->60927K(61824K) NonClass: 53361K(53824K)->53361K(53824K) Class: 7566K(8000K)->7566K(8000K)
[50.738s][info][gc             ] GC(527) Pause Young (Allocation Failure) 324M->172M(833M) 0.782ms
[50.738s][info][gc,cpu         ] GC(527) User=0.00s Sys=0.00s Real=0.00s
[50.823s][info][gc,start       ] GC(528) Pause Young (Allocation Failure)
[50.824s][info][gc,heap        ] GC(528) PSYoungGen: 153824K(154112K)->640K(152064K) Eden: 153600K(153600K)->0K(151040K) From: 224K(512K)->640K(1024K)
[50.824s][info][gc,heap        ] GC(528) ParOldGen: 176212K(699392K)->176228K(699392K)
[50.824s][info][gc,metaspace   ] GC(528) Metaspace: 60927K(61824K)->60927K(61824K) NonClass: 53361K(53824K)->53361K(53824K) Class: 7566K(8000K)->7566K(8000K)
[50.824s][info][gc             ] GC(528) Pause Young (Allocation Failure) 322M->172M(831M) 0.849ms
[50.824s][info][gc,cpu         ] GC(528) User=0.00s Sys=0.00s Real=0.00s
[50.922s][info][gc,start       ] GC(529) Pause Young (System.gc())
[50.923s][info][gc,heap        ] GC(529) PSYoungGen: 135274K(152064K)->608K(152064K) Eden: 134634K(151040K)->0K(151040K) From: 640K(1024K)->608K(1024K)
[50.923s][info][gc,heap        ] GC(529) ParOldGen: 176228K(699392K)->176356K(699392K)
[50.923s][info][gc,metaspace   ] GC(529) Metaspace: 60940K(61824K)->60940K(61824K) NonClass: 53374K(53824K)->53374K(53824K) Class: 7566K(8000K)->7566K(8000K)
[50.923s][info][gc             ] GC(529) Pause Young (System.gc()) 304M->172M(831M) 0.855ms
[50.923s][info][gc,cpu         ] GC(529) User=0.00s Sys=0.00s Real=0.00s
[50.923s][info][gc,start       ] GC(530) Pause Full (System.gc())
[50.923s][info][gc,phases,start] GC(530) Marking Phase
[51.022s][info][gc,phases      ] GC(530) Marking Phase 99.180ms
[51.022s][info][gc,phases,start] GC(530) Summary Phase
[51.022s][info][gc,phases      ] GC(530) Summary Phase 0.016ms
[51.022s][info][gc,phases,start] GC(530) Adjust Roots
[51.032s][info][gc,phases      ] GC(530) Adjust Roots 9.438ms
[51.032s][info][gc,phases,start] GC(530) Compaction Phase
[51.062s][info][gc,phases      ] GC(530) Compaction Phase 29.966ms
[51.062s][info][gc,phases,start] GC(530) Post Compact
[51.063s][info][gc,phases      ] GC(530) Post Compact 1.103ms
[51.063s][info][gc,heap        ] GC(530) PSYoungGen: 608K(152064K)->0K(152064K) Eden: 0K(151040K)->0K(151040K) From: 608K(1024K)->0K(1024K)
[51.063s][info][gc,heap        ] GC(530) ParOldGen: 176356K(699392K)->175696K(699392K)
[51.063s][info][gc,metaspace   ] GC(530) Metaspace: 60940K(61824K)->60940K(61824K) NonClass: 53374K(53824K)->53374K(53824K) Class: 7566K(8000K)->7566K(8000K)
[51.063s][info][gc             ] GC(530) Pause Full (System.gc()) 172M->171M(831M) 139.996ms
[51.063s][info][gc,cpu         ] GC(530) User=1.81s Sys=0.00s Real=0.14s
[51.187s][info][gc,start       ] GC(531) Pause Young (Allocation Failure)
[51.188s][info][gc,heap        ] GC(531) PSYoungGen: 151040K(152064K)->704K(149504K) Eden: 151040K(151040K)->0K(148480K) From: 0K(1024K)->704K(1024K)
[51.188s][info][gc,heap        ] GC(531) ParOldGen: 175696K(699392K)->175696K(699392K)
[51.188s][info][gc,metaspace   ] GC(531) Metaspace: 60975K(61952K)->60975K(61952K) NonClass: 53409K(53952K)->53409K(53952K) Class: 7566K(8000K)->7566K(8000K)
[51.188s][info][gc             ] GC(531) Pause Young (Allocation Failure) 319M->172M(829M) 1.184ms
[51.188s][info][gc,cpu         ] GC(531) User=0.00s Sys=0.00s Real=0.00s
[51.237s][info][gc,start       ] GC(532) Pause Young (Allocation Failure)
[51.238s][info][gc,heap        ] GC(532) PSYoungGen: 149184K(149504K)->512K(146432K) Eden: 148480K(148480K)->0K(145920K) From: 704K(1024K)->512K(512K)
[51.238s][info][gc,heap        ] GC(532) ParOldGen: 175696K(699392K)->176037K(699392K)
[51.238s][info][gc,metaspace   ] GC(532) Metaspace: 60975K(61952K)->60975K(61952K) NonClass: 53409K(53952K)->53409K(53952K) Class: 7566K(8000K)->7566K(8000K)
[51.238s][info][gc             ] GC(532) Pause Young (Allocation Failure) 317M->172M(826M) 0.861ms
[51.238s][info][gc,cpu         ] GC(532) User=0.00s Sys=0.00s Real=0.00s
[51.288s][info][gc,start       ] GC(533) Pause Young (Allocation Failure)
[51.289s][info][gc,heap        ] GC(533) PSYoungGen: 146432K(146432K)->288K(144896K) Eden: 145920K(145920K)->0K(143360K) From: 512K(512K)->288K(1536K)
[51.289s][info][gc,heap        ] GC(533) ParOldGen: 176037K(699392K)->176181K(699392K)
[51.289s][info][gc,metaspace   ] GC(533) Metaspace: 60975K(61952K)->60975K(61952K) NonClass: 53409K(53952K)->53409K(53952K) Class: 7566K(8000K)->7566K(8000K)
[51.289s][info][gc             ] GC(533) Pause Young (Allocation Failure) 314M->172M(824M) 0.671ms
[51.289s][info][gc,cpu         ] GC(533) User=0.00s Sys=0.00s Real=0.00s
[51.337s][info][gc,start       ] GC(534) Pause Young (Allocation Failure)
[51.338s][info][gc,heap        ] GC(534) PSYoungGen: 143648K(144896K)->224K(141824K) Eden: 143360K(143360K)->0K(141312K) From: 288K(1536K)->224K(512K)
[51.338s][info][gc,heap        ] GC(534) ParOldGen: 176181K(699392K)->176181K(699392K)
[51.338s][info][gc,metaspace   ] GC(534) Metaspace: 60975K(61952K)->60975K(61952K) NonClass: 53409K(53952K)->53409K(53952K) Class: 7566K(8000K)->7566K(8000K)
[51.338s][info][gc             ] GC(534) Pause Young (Allocation Failure) 312M->172M(821M) 0.697ms
[51.338s][info][gc,cpu         ] GC(534) User=0.00s Sys=0.00s Real=0.00s
[51.393s][info][gc,start       ] GC(535) Pause Young (Allocation Failure)
[51.393s][info][gc,heap        ] GC(535) PSYoungGen: 141536K(141824K)->288K(140288K) Eden: 141312K(141312K)->0K(139264K) From: 224K(512K)->288K(1024K)
[51.393s][info][gc,heap        ] GC(535) ParOldGen: 176181K(699392K)->176189K(699392K)
[51.393s][info][gc,metaspace   ] GC(535) Metaspace: 60975K(61952K)->60975K(61952K) NonClass: 53409K(53952K)->53409K(53952K) Class: 7566K(8000K)->7566K(8000K)
[51.393s][info][gc             ] GC(535) Pause Young (Allocation Failure) 310M->172M(820M) 0.676ms
[51.393s][info][gc,cpu         ] GC(535) User=0.00s Sys=0.00s Real=0.00s
[51.449s][info][gc,start       ] GC(536) Pause Young (Allocation Failure)
[51.450s][info][gc,heap        ] GC(536) PSYoungGen: 139552K(140288K)->288K(137728K) Eden: 139264K(139264K)->0K(137216K) From: 288K(1024K)->288K(512K)
[51.450s][info][gc,heap        ] GC(536) ParOldGen: 176189K(699392K)->176197K(699392K)
[51.450s][info][gc,metaspace   ] GC(536) Metaspace: 60975K(61952K)->60975K(61952K) NonClass: 53409K(53952K)->53409K(53952K) Class: 7566K(8000K)->7566K(8000K)
[51.450s][info][gc             ] GC(536) Pause Young (Allocation Failure) 308M->172M(817M) 0.939ms
[51.450s][info][gc,cpu         ] GC(536) User=0.00s Sys=0.00s Real=0.00s
[51.496s][info][gc,start       ] GC(537) Pause Young (Allocation Failure)
[51.497s][info][gc,heap        ] GC(537) PSYoungGen: 137504K(137728K)->256K(136192K) Eden: 137216K(137216K)->0K(135168K) From: 288K(512K)->256K(1024K)
[51.497s][info][gc,heap        ] GC(537) ParOldGen: 176197K(699392K)->176205K(699392K)
[51.497s][info][gc,metaspace   ] GC(537) Metaspace: 60975K(61952K)->60975K(61952K) NonClass: 53409K(53952K)->53409K(53952K) Class: 7566K(8000K)->7566K(8000K)
[51.497s][info][gc             ] GC(537) Pause Young (Allocation Failure) 306M->172M(816M) 0.608ms
[51.497s][info][gc,cpu         ] GC(537) User=0.00s Sys=0.00s Real=0.00s
[51.549s][info][gc,start       ] GC(538) Pause Young (Allocation Failure)
[51.550s][info][gc,heap        ] GC(538) PSYoungGen: 135424K(136192K)->320K(133632K) Eden: 135168K(135168K)->0K(133120K) From: 256K(1024K)->320K(512K)
[51.550s][info][gc,heap        ] GC(538) ParOldGen: 176205K(699392K)->176213K(699392K)
[51.550s][info][gc,metaspace   ] GC(538) Metaspace: 60975K(61952K)->60975K(61952K) NonClass: 53409K(53952K)->53409K(53952K) Class: 7566K(8000K)->7566K(8000K)
[51.550s][info][gc             ] GC(538) Pause Young (Allocation Failure) 304M->172M(813M) 0.698ms
[51.550s][info][gc,cpu         ] GC(538) User=0.00s Sys=0.00s Real=0.00s
[51.601s][info][gc,start       ] GC(539) Pause Young (Allocation Failure)
[51.602s][info][gc,heap        ] GC(539) PSYoungGen: 133440K(133632K)->224K(132096K) Eden: 133120K(133120K)->0K(131072K) From: 320K(512K)->224K(1024K)
[51.602s][info][gc,heap        ] GC(539) ParOldGen: 176213K(699392K)->176237K(699392K)
[51.602s][info][gc,metaspace   ] GC(539) Metaspace: 60975K(61952K)->60975K(61952K) NonClass: 53409K(53952K)->53409K(53952K) Class: 7566K(8000K)->7566K(8000K)
[51.602s][info][gc             ] GC(539) Pause Young (Allocation Failure) 302M->172M(812M) 0.677ms
[51.602s][info][gc,cpu         ] GC(539) User=0.00s Sys=0.00s Real=0.00s
[51.653s][info][gc,start       ] GC(540) Pause Young (Allocation Failure)
[51.654s][info][gc,heap        ] GC(540) PSYoungGen: 131296K(132096K)->288K(129536K) Eden: 131072K(131072K)->0K(129024K) From: 224K(1024K)->288K(512K)
[51.654s][info][gc,heap        ] GC(540) ParOldGen: 176237K(699392K)->176253K(699392K)
[51.654s][info][gc,metaspace   ] GC(540) Metaspace: 60975K(61952K)->60975K(61952K) NonClass: 53409K(53952K)->53409K(53952K) Class: 7566K(8000K)->7566K(8000K)
[51.654s][info][gc             ] GC(540) Pause Young (Allocation Failure) 300M->172M(809M) 0.713ms
[51.654s][info][gc,cpu         ] GC(540) User=0.45s Sys=0.05s Real=0.02s
[51.705s][info][gc,start       ] GC(541) Pause Young (Allocation Failure)
[51.706s][info][gc,heap        ] GC(541) PSYoungGen: 129312K(129536K)->192K(128000K) Eden: 129024K(129024K)->0K(126976K) From: 288K(512K)->192K(1024K)
[51.706s][info][gc,heap        ] GC(541) ParOldGen: 176253K(699392K)->176269K(699392K)
[51.706s][info][gc,metaspace   ] GC(541) Metaspace: 60975K(61952K)->60975K(61952K) NonClass: 53409K(53952K)->53409K(53952K) Class: 7566K(8000K)->7566K(8000K)
[51.706s][info][gc             ] GC(541) Pause Young (Allocation Failure) 298M->172M(808M) 0.755ms
[51.706s][info][gc,cpu         ] GC(541) User=0.00s Sys=0.00s Real=0.00s
[51.757s][info][gc,start       ] GC(542) Pause Young (Allocation Failure)
[51.758s][info][gc,heap        ] GC(542) PSYoungGen: 127168K(128000K)->256K(125440K) Eden: 126976K(126976K)->0K(124928K) From: 192K(1024K)->256K(512K)
[51.758s][info][gc,heap        ] GC(542) ParOldGen: 176269K(699392K)->176277K(699392K)
[51.758s][info][gc,metaspace   ] GC(542) Metaspace: 60975K(61952K)->60975K(61952K) NonClass: 53409K(53952K)->53409K(53952K) Class: 7566K(8000K)->7566K(8000K)
[51.758s][info][gc             ] GC(542) Pause Young (Allocation Failure) 296M->172M(805M) 0.856ms
[51.758s][info][gc,cpu         ] GC(542) User=0.00s Sys=0.00s Real=0.00s
[51.801s][info][gc,start       ] GC(543) Pause Young (Allocation Failure)
[51.801s][info][gc,heap        ] GC(543) PSYoungGen: 125184K(125440K)->160K(151040K) Eden: 124928K(124928K)->0K(150016K) From: 256K(512K)->160K(1024K)
[51.801s][info][gc,heap        ] GC(543) ParOldGen: 176277K(699392K)->176301K(699392K)
[51.801s][info][gc,metaspace   ] GC(543) Metaspace: 60975K(61952K)->60975K(61952K) NonClass: 53409K(53952K)->53409K(53952K) Class: 7566K(8000K)->7566K(8000K)
[51.801s][info][gc             ] GC(543) Pause Young (Allocation Failure) 294M->172M(830M) 0.699ms
[51.801s][info][gc,cpu         ] GC(543) User=0.00s Sys=0.00s Real=0.00s
[51.852s][info][gc,start       ] GC(544) Pause Young (Allocation Failure)
[51.853s][info][gc,heap        ] GC(544) PSYoungGen: 150176K(151040K)->288K(147968K) Eden: 150016K(150016K)->0K(147456K) From: 160K(1024K)->288K(512K)
[51.853s][info][gc,heap        ] GC(544) ParOldGen: 176301K(699392K)->176317K(699392K)
[51.853s][info][gc,metaspace   ] GC(544) Metaspace: 60975K(61952K)->60975K(61952K) NonClass: 53409K(53952K)->53409K(53952K) Class: 7566K(8000K)->7566K(8000K)
[51.853s][info][gc             ] GC(544) Pause Young (Allocation Failure) 318M->172M(827M) 0.808ms
[51.853s][info][gc,cpu         ] GC(544) User=0.00s Sys=0.00s Real=0.00s
[51.889s][info][gc,start       ] GC(545) Pause Young (System.gc())
[51.890s][info][gc,heap        ] GC(545) PSYoungGen: 51550K(147968K)->608K(148480K) Eden: 51262K(147456K)->0K(147456K) From: 288K(512K)->608K(1024K)
[51.890s][info][gc,heap        ] GC(545) ParOldGen: 176317K(699392K)->176341K(699392K)
[51.890s][info][gc,metaspace   ] GC(545) Metaspace: 61001K(61952K)->61001K(61952K) NonClass: 53435K(53952K)->53435K(53952K) Class: 7566K(8000K)->7566K(8000K)
[51.890s][info][gc             ] GC(545) Pause Young (System.gc()) 222M->172M(828M) 0.926ms
[51.890s][info][gc,cpu         ] GC(545) User=0.00s Sys=0.00s Real=0.00s
[51.890s][info][gc,start       ] GC(546) Pause Full (System.gc())
[51.890s][info][gc,phases,start] GC(546) Marking Phase
[51.993s][info][gc,phases      ] GC(546) Marking Phase 103.015ms
[51.993s][info][gc,phases,start] GC(546) Summary Phase
[51.993s][info][gc,phases      ] GC(546) Summary Phase 0.014ms
[51.994s][info][gc,phases,start] GC(546) Adjust Roots
[52.002s][info][gc,phases      ] GC(546) Adjust Roots 8.568ms
[52.002s][info][gc,phases,start] GC(546) Compaction Phase
[52.027s][info][gc,phases      ] GC(546) Compaction Phase 24.977ms
[52.027s][info][gc,phases,start] GC(546) Post Compact
[52.028s][info][gc,phases      ] GC(546) Post Compact 1.010ms
[52.028s][info][gc,heap        ] GC(546) PSYoungGen: 608K(148480K)->0K(148480K) Eden: 0K(147456K)->0K(147456K) From: 608K(1024K)->0K(1024K)
[52.028s][info][gc,heap        ] GC(546) ParOldGen: 176341K(699392K)->175728K(699392K)
[52.028s][info][gc,metaspace   ] GC(546) Metaspace: 61001K(61952K)->61001K(61952K) NonClass: 53435K(53952K)->53435K(53952K) Class: 7566K(8000K)->7566K(8000K)
[52.028s][info][gc             ] GC(546) Pause Full (System.gc()) 172M->171M(828M) 137.820ms
[52.028s][info][gc,cpu         ] GC(546) User=2.11s Sys=0.00s Real=0.14s
[52.135s][info][gc,start       ] GC(547) Pause Young (Allocation Failure)
[52.136s][info][gc,heap        ] GC(547) PSYoungGen: 147456K(148480K)->736K(145920K) Eden: 147456K(147456K)->0K(144896K) From: 0K(1024K)->736K(1024K)
[52.136s][info][gc,heap        ] GC(547) ParOldGen: 175728K(699392K)->175728K(699392K)
[52.136s][info][gc,metaspace   ] GC(547) Metaspace: 61003K(61952K)->61003K(61952K) NonClass: 53437K(53952K)->53437K(53952K) Class: 7566K(8000K)->7566K(8000K)
[52.136s][info][gc             ] GC(547) Pause Young (Allocation Failure) 315M->172M(825M) 0.918ms
[52.136s][info][gc,cpu         ] GC(547) User=0.00s Sys=0.00s Real=0.00s
[52.189s][info][gc,start       ] GC(548) Pause Young (Allocation Failure)
[52.190s][info][gc,heap        ] GC(548) PSYoungGen: 145632K(145920K)->480K(142848K) Eden: 144896K(144896K)->0K(142336K) From: 736K(1024K)->480K(512K)
[52.190s][info][gc,heap        ] GC(548) ParOldGen: 175728K(699392K)->176093K(699392K)
[52.190s][info][gc,metaspace   ] GC(548) Metaspace: 61003K(61952K)->61003K(61952K) NonClass: 53437K(53952K)->53437K(53952K) Class: 7566K(8000K)->7566K(8000K)
[52.190s][info][gc             ] GC(548) Pause Young (Allocation Failure) 313M->172M(822M) 0.984ms
[52.190s][info][gc,cpu         ] GC(548) User=0.00s Sys=0.00s Real=0.00s
[52.242s][info][gc,start       ] GC(549) Pause Young (Allocation Failure)
[52.243s][info][gc,heap        ] GC(549) PSYoungGen: 142816K(142848K)->192K(140800K) Eden: 142336K(142336K)->0K(140288K) From: 480K(512K)->192K(512K)
[52.243s][info][gc,heap        ] GC(549) ParOldGen: 176093K(699392K)->176229K(699392K)
[52.243s][info][gc,metaspace   ] GC(549) Metaspace: 61003K(61952K)->61003K(61952K) NonClass: 53437K(53952K)->53437K(53952K) Class: 7566K(8000K)->7566K(8000K)
[52.243s][info][gc             ] GC(549) Pause Young (Allocation Failure) 311M->172M(820M) 0.708ms
[52.243s][info][gc,cpu         ] GC(549) User=0.00s Sys=0.00s Real=0.00s
[52.293s][info][gc,start       ] GC(550) Pause Young (Allocation Failure)
[52.293s][info][gc,heap        ] GC(550) PSYoungGen: 140480K(140800K)->288K(139264K) Eden: 140288K(140288K)->0K(138240K) From: 192K(512K)->288K(1024K)
[52.293s][info][gc,heap        ] GC(550) ParOldGen: 176229K(699392K)->176229K(699392K)
[52.293s][info][gc,metaspace   ] GC(550) Metaspace: 61003K(61952K)->61003K(61952K) NonClass: 53437K(53952K)->53437K(53952K) Class: 7566K(8000K)->7566K(8000K)
[52.293s][info][gc             ] GC(550) Pause Young (Allocation Failure) 309M->172M(819M) 0.698ms
[52.293s][info][gc,cpu         ] GC(550) User=0.02s Sys=0.00s Real=0.02s
[52.343s][info][gc,start       ] GC(551) Pause Young (Allocation Failure)
[52.343s][info][gc,heap        ] GC(551) PSYoungGen: 138528K(139264K)->192K(136704K) Eden: 138240K(138240K)->0K(136192K) From: 288K(1024K)->192K(512K)
[52.343s][info][gc,heap        ] GC(551) ParOldGen: 176229K(699392K)->176237K(699392K)
[52.343s][info][gc,metaspace   ] GC(551) Metaspace: 61003K(61952K)->61003K(61952K) NonClass: 53437K(53952K)->53437K(53952K) Class: 7566K(8000K)->7566K(8000K)
[52.343s][info][gc             ] GC(551) Pause Young (Allocation Failure) 307M->172M(816M) 0.667ms
[52.343s][info][gc,cpu         ] GC(551) User=0.00s Sys=0.00s Real=0.00s
[52.392s][info][gc,start       ] GC(552) Pause Young (Allocation Failure)
[52.392s][info][gc,heap        ] GC(552) PSYoungGen: 136384K(136704K)->320K(135168K) Eden: 136192K(136192K)->0K(134144K) From: 192K(512K)->320K(1024K)
[52.392s][info][gc,heap        ] GC(552) ParOldGen: 176237K(699392K)->176237K(699392K)
[52.392s][info][gc,metaspace   ] GC(552) Metaspace: 61003K(61952K)->61003K(61952K) NonClass: 53437K(53952K)->53437K(53952K) Class: 7566K(8000K)->7566K(8000K)
[52.392s][info][gc             ] GC(552) Pause Young (Allocation Failure) 305M->172M(815M) 0.601ms
[52.392s][info][gc,cpu         ] GC(552) User=0.00s Sys=0.00s Real=0.00s
[52.440s][info][gc,start       ] GC(553) Pause Young (Allocation Failure)
[52.441s][info][gc,heap        ] GC(553) PSYoungGen: 134464K(135168K)->320K(132608K) Eden: 134144K(134144K)->0K(132096K) From: 320K(1024K)->320K(512K)
[52.441s][info][gc,heap        ] GC(553) ParOldGen: 176237K(699392K)->176253K(699392K)
[52.441s][info][gc,metaspace   ] GC(553) Metaspace: 61003K(61952K)->61003K(61952K) NonClass: 53437K(53952K)->53437K(53952K) Class: 7566K(8000K)->7566K(8000K)
[52.441s][info][gc             ] GC(553) Pause Young (Allocation Failure) 303M->172M(812M) 0.642ms
[52.441s][info][gc,cpu         ] GC(553) User=0.00s Sys=0.00s Real=0.00s
[52.489s][info][gc,start       ] GC(554) Pause Young (Allocation Failure)
[52.490s][info][gc,heap        ] GC(554) PSYoungGen: 132416K(132608K)->352K(131072K) Eden: 132096K(132096K)->0K(130048K) From: 320K(512K)->352K(1024K)
[52.490s][info][gc,heap        ] GC(554) ParOldGen: 176253K(699392K)->176261K(699392K)
[52.490s][info][gc,metaspace   ] GC(554) Metaspace: 61003K(61952K)->61003K(61952K) NonClass: 53437K(53952K)->53437K(53952K) Class: 7566K(8000K)->7566K(8000K)
[52.490s][info][gc             ] GC(554) Pause Young (Allocation Failure) 301M->172M(811M) 0.580ms
[52.490s][info][gc,cpu         ] GC(554) User=0.00s Sys=0.00s Real=0.00s
[52.538s][info][gc,start       ] GC(555) Pause Young (Allocation Failure)
[52.539s][info][gc,heap        ] GC(555) PSYoungGen: 130400K(131072K)->224K(128512K) Eden: 130048K(130048K)->0K(128000K) From: 352K(1024K)->224K(512K)
[52.539s][info][gc,heap        ] GC(555) ParOldGen: 176261K(699392K)->176285K(699392K)
[52.539s][info][gc,metaspace   ] GC(555) Metaspace: 61003K(61952K)->61003K(61952K) NonClass: 53437K(53952K)->53437K(53952K) Class: 7566K(8000K)->7566K(8000K)
[52.539s][info][gc             ] GC(555) Pause Young (Allocation Failure) 299M->172M(808M) 0.689ms
[52.539s][info][gc,cpu         ] GC(555) User=0.00s Sys=0.00s Real=0.00s
[52.587s][info][gc,start       ] GC(556) Pause Young (Allocation Failure)
[52.587s][info][gc,heap        ] GC(556) PSYoungGen: 128224K(128512K)->256K(126976K) Eden: 128000K(128000K)->0K(125952K) From: 224K(512K)->256K(1024K)
[52.587s][info][gc,heap        ] GC(556) ParOldGen: 176285K(699392K)->176293K(699392K)
[52.587s][info][gc,metaspace   ] GC(556) Metaspace: 61003K(61952K)->61003K(61952K) NonClass: 53437K(53952K)->53437K(53952K) Class: 7566K(8000K)->7566K(8000K)
[52.587s][info][gc             ] GC(556) Pause Young (Allocation Failure) 297M->172M(807M) 0.682ms
[52.587s][info][gc,cpu         ] GC(556) User=0.00s Sys=0.00s Real=0.00s
[52.635s][info][gc,start       ] GC(557) Pause Young (Allocation Failure)
[52.635s][info][gc,heap        ] GC(557) PSYoungGen: 126208K(126976K)->224K(124928K) Eden: 125952K(125952K)->0K(124416K) From: 256K(1024K)->224K(512K)
[52.635s][info][gc,heap        ] GC(557) ParOldGen: 176293K(699392K)->176309K(699392K)
[52.635s][info][gc,metaspace   ] GC(557) Metaspace: 61003K(61952K)->61003K(61952K) NonClass: 53437K(53952K)->53437K(53952K) Class: 7566K(8000K)->7566K(8000K)
[52.635s][info][gc             ] GC(557) Pause Young (Allocation Failure) 295M->172M(805M) 0.799ms
[52.636s][info][gc,cpu         ] GC(557) User=0.00s Sys=0.00s Real=0.00s
[52.674s][info][gc,start       ] GC(558) Pause Young (Allocation Failure)
[52.674s][info][gc,heap        ] GC(558) PSYoungGen: 124640K(124928K)->320K(150528K) Eden: 124416K(124416K)->0K(149504K) From: 224K(512K)->320K(1024K)
[52.674s][info][gc,heap        ] GC(558) ParOldGen: 176309K(699392K)->176317K(699392K)
[52.674s][info][gc,metaspace   ] GC(558) Metaspace: 61003K(61952K)->61003K(61952K) NonClass: 53437K(53952K)->53437K(53952K) Class: 7566K(8000K)->7566K(8000K)
[52.674s][info][gc             ] GC(558) Pause Young (Allocation Failure) 293M->172M(830M) 0.686ms
[52.674s][info][gc,cpu         ] GC(558) User=0.00s Sys=0.00s Real=0.00s
[52.720s][info][gc,start       ] GC(559) Pause Young (Allocation Failure)
[52.721s][info][gc,heap        ] GC(559) PSYoungGen: 149824K(150528K)->288K(180224K) Eden: 149504K(149504K)->0K(179712K) From: 320K(1024K)->288K(512K)
[52.721s][info][gc,heap        ] GC(559) ParOldGen: 176317K(699392K)->176333K(699392K)
[52.721s][info][gc,metaspace   ] GC(559) Metaspace: 61003K(61952K)->61003K(61952K) NonClass: 53437K(53952K)->53437K(53952K) Class: 7566K(8000K)->7566K(8000K)
[52.721s][info][gc             ] GC(559) Pause Young (Allocation Failure) 318M->172M(859M) 0.805ms
[52.721s][info][gc,cpu         ] GC(559) User=0.00s Sys=0.00s Real=0.00s
[52.776s][info][gc,start       ] GC(560) Pause Young (Allocation Failure)
[52.777s][info][gc,heap        ] GC(560) PSYoungGen: 180000K(180224K)->160K(194048K) Eden: 179712K(179712K)->0K(193024K) From: 288K(512K)->160K(1024K)
[52.777s][info][gc,heap        ] GC(560) ParOldGen: 176333K(699392K)->176357K(699392K)
[52.777s][info][gc,metaspace   ] GC(560) Metaspace: 61003K(61952K)->61003K(61952K) NonClass: 53437K(53952K)->53437K(53952K) Class: 7566K(8000K)->7566K(8000K)
[52.777s][info][gc             ] GC(560) Pause Young (Allocation Failure) 347M->172M(872M) 0.928ms
[52.777s][info][gc,cpu         ] GC(560) User=0.00s Sys=0.00s Real=0.00s
[52.810s][info][gc,start       ] GC(561) Pause Young (System.gc())
[52.811s][info][gc,heap        ] GC(561) PSYoungGen: 36256K(194048K)->640K(217088K) Eden: 36096K(193024K)->0K(216064K) From: 160K(1024K)->640K(1024K)
[52.811s][info][gc,heap        ] GC(561) ParOldGen: 176357K(699392K)->176365K(699392K)
[52.811s][info][gc,metaspace   ] GC(561) Metaspace: 61005K(61952K)->61005K(61952K) NonClass: 53439K(53952K)->53439K(53952K) Class: 7566K(8000K)->7566K(8000K)
[52.811s][info][gc             ] GC(561) Pause Young (System.gc()) 207M->172M(895M) 0.972ms
[52.811s][info][gc,cpu         ] GC(561) User=0.00s Sys=0.00s Real=0.00s
[52.811s][info][gc,start       ] GC(562) Pause Full (System.gc())
[52.811s][info][gc,phases,start] GC(562) Marking Phase
[52.908s][info][gc,phases      ] GC(562) Marking Phase 97.525ms
[52.908s][info][gc,phases,start] GC(562) Summary Phase
[52.908s][info][gc,phases      ] GC(562) Summary Phase 0.013ms
[52.908s][info][gc,phases,start] GC(562) Adjust Roots
[52.917s][info][gc,phases      ] GC(562) Adjust Roots 8.575ms
[52.917s][info][gc,phases,start] GC(562) Compaction Phase
[52.933s][info][gc,phases      ] GC(562) Compaction Phase 15.708ms
[52.933s][info][gc,phases,start] GC(562) Post Compact
[52.934s][info][gc,phases      ] GC(562) Post Compact 1.010ms
[52.934s][info][gc,heap        ] GC(562) PSYoungGen: 640K(217088K)->0K(217088K) Eden: 0K(216064K)->0K(216064K) From: 640K(1024K)->0K(1024K)
[52.934s][info][gc,heap        ] GC(562) ParOldGen: 176365K(699392K)->175757K(699392K)
[52.934s][info][gc,metaspace   ] GC(562) Metaspace: 61005K(61952K)->61005K(61952K) NonClass: 53439K(53952K)->53439K(53952K) Class: 7566K(8000K)->7566K(8000K)
[52.934s][info][gc             ] GC(562) Pause Full (System.gc()) 172M->171M(895M) 123.069ms
[52.934s][info][gc,cpu         ] GC(562) User=1.70s Sys=0.00s Real=0.13s
[53.055s][info][gc,start       ] GC(563) Pause Young (Allocation Failure)
[53.056s][info][gc,heap        ] GC(563) PSYoungGen: 216064K(217088K)->800K(212480K) Eden: 216064K(216064K)->0K(211456K) From: 0K(1024K)->800K(1024K)
[53.056s][info][gc,heap        ] GC(563) ParOldGen: 175757K(699392K)->175757K(699392K)
[53.056s][info][gc,metaspace   ] GC(563) Metaspace: 61036K(61952K)->61036K(61952K) NonClass: 53469K(53952K)->53469K(53952K) Class: 7566K(8000K)->7566K(8000K)
[53.056s][info][gc             ] GC(563) Pause Young (Allocation Failure) 382M->172M(890M) 1.068ms
[53.056s][info][gc,cpu         ] GC(563) User=0.00s Sys=0.00s Real=0.00s
[53.130s][info][gc,start       ] GC(564) Pause Young (Allocation Failure)
[53.131s][info][gc,heap        ] GC(564) PSYoungGen: 212256K(212480K)->512K(207360K) Eden: 211456K(211456K)->0K(206848K) From: 800K(1024K)->512K(512K)
[53.131s][info][gc,heap        ] GC(564) ParOldGen: 175757K(699392K)->176120K(699392K)
[53.131s][info][gc,metaspace   ] GC(564) Metaspace: 61036K(61952K)->61036K(61952K) NonClass: 53469K(53952K)->53469K(53952K) Class: 7566K(8000K)->7566K(8000K)
[53.131s][info][gc             ] GC(564) Pause Young (Allocation Failure) 378M->172M(885M) 0.930ms
[53.131s][info][gc,cpu         ] GC(564) User=0.00s Sys=0.00s Real=0.00s
[53.209s][info][gc,start       ] GC(565) Pause Young (Allocation Failure)
[53.210s][info][gc,heap        ] GC(565) PSYoungGen: 207360K(207360K)->320K(203776K) Eden: 206848K(206848K)->0K(202752K) From: 512K(512K)->320K(1024K)
[53.210s][info][gc,heap        ] GC(565) ParOldGen: 176120K(699392K)->176256K(699392K)
[53.210s][info][gc,metaspace   ] GC(565) Metaspace: 61036K(61952K)->61036K(61952K) NonClass: 53469K(53952K)->53469K(53952K) Class: 7566K(8000K)->7566K(8000K)
[53.210s][info][gc             ] GC(565) Pause Young (Allocation Failure) 374M->172M(882M) 0.672ms
[53.210s][info][gc,cpu         ] GC(565) User=0.00s Sys=0.00s Real=0.00s
[53.287s][info][gc,start       ] GC(566) Pause Young (Allocation Failure)
[53.287s][info][gc,heap        ] GC(566) PSYoungGen: 203072K(203776K)->288K(199168K) Eden: 202752K(202752K)->0K(198656K) From: 320K(1024K)->288K(512K)
[53.287s][info][gc,heap        ] GC(566) ParOldGen: 176256K(699392K)->176256K(699392K)
[53.287s][info][gc,metaspace   ] GC(566) Metaspace: 61036K(61952K)->61036K(61952K) NonClass: 53469K(53952K)->53469K(53952K) Class: 7566K(8000K)->7566K(8000K)
[53.287s][info][gc             ] GC(566) Pause Young (Allocation Failure) 370M->172M(877M) 0.794ms
[53.287s][info][gc,cpu         ] GC(566) User=0.00s Sys=0.00s Real=0.00s
[53.361s][info][gc,start       ] GC(567) Pause Young (Allocation Failure)
[53.362s][info][gc,heap        ] GC(567) PSYoungGen: 198944K(199168K)->256K(195584K) Eden: 198656K(198656K)->0K(194560K) From: 288K(512K)->256K(1024K)
[53.362s][info][gc,heap        ] GC(567) ParOldGen: 176256K(699392K)->176264K(699392K)
[53.362s][info][gc,metaspace   ] GC(567) Metaspace: 61036K(61952K)->61036K(61952K) NonClass: 53469K(53952K)->53469K(53952K) Class: 7566K(8000K)->7566K(8000K)
[53.362s][info][gc             ] GC(567) Pause Young (Allocation Failure) 366M->172M(874M) 0.691ms
[53.362s][info][gc,cpu         ] GC(567) User=0.00s Sys=0.00s Real=0.00s
[53.428s][info][gc,start       ] GC(568) Pause Young (Allocation Failure)
[53.429s][info][gc,heap        ] GC(568) PSYoungGen: 194816K(195584K)->256K(190976K) Eden: 194560K(194560K)->0K(190464K) From: 256K(1024K)->256K(512K)
[53.429s][info][gc,heap        ] GC(568) ParOldGen: 176264K(699392K)->176272K(699392K)
[53.429s][info][gc,metaspace   ] GC(568) Metaspace: 61036K(61952K)->61036K(61952K) NonClass: 53469K(53952K)->53469K(53952K) Class: 7566K(8000K)->7566K(8000K)
[53.429s][info][gc             ] GC(568) Pause Young (Allocation Failure) 362M->172M(869M) 0.709ms
[53.429s][info][gc,cpu         ] GC(568) User=0.00s Sys=0.00s Real=0.00s
[53.494s][info][gc,start       ] GC(569) Pause Young (Allocation Failure)
[53.494s][info][gc,heap        ] GC(569) PSYoungGen: 190720K(190976K)->288K(187904K) Eden: 190464K(190464K)->0K(186880K) From: 256K(512K)->288K(1024K)
[53.494s][info][gc,heap        ] GC(569) ParOldGen: 176272K(699392K)->176288K(699392K)
[53.494s][info][gc,metaspace   ] GC(569) Metaspace: 61036K(61952K)->61036K(61952K) NonClass: 53469K(53952K)->53469K(53952K) Class: 7566K(8000K)->7566K(8000K)
[53.494s][info][gc             ] GC(569) Pause Young (Allocation Failure) 358M->172M(866M) 0.610ms
[53.494s][info][gc,cpu         ] GC(569) User=0.00s Sys=0.00s Real=0.00s
[53.565s][info][gc,start       ] GC(570) Pause Young (Allocation Failure)
[53.566s][info][gc,heap        ] GC(570) PSYoungGen: 187168K(187904K)->320K(183808K) Eden: 186880K(186880K)->0K(183296K) From: 288K(1024K)->320K(512K)
[53.566s][info][gc,heap        ] GC(570) ParOldGen: 176288K(699392K)->176296K(699392K)
[53.566s][info][gc,metaspace   ] GC(570) Metaspace: 61036K(61952K)->61036K(61952K) NonClass: 53469K(53952K)->53469K(53952K) Class: 7566K(8000K)->7566K(8000K)
[53.566s][info][gc             ] GC(570) Pause Young (Allocation Failure) 354M->172M(862M) 0.866ms
[53.566s][info][gc,cpu         ] GC(570) User=0.00s Sys=0.00s Real=0.00s
[53.636s][info][gc,start       ] GC(571) Pause Young (Allocation Failure)
[53.636s][info][gc,heap        ] GC(571) PSYoungGen: 183616K(183808K)->256K(180736K) Eden: 183296K(183296K)->0K(179712K) From: 320K(512K)->256K(1024K)
[53.636s][info][gc,heap        ] GC(571) ParOldGen: 176296K(699392K)->176312K(699392K)
[53.636s][info][gc,metaspace   ] GC(571) Metaspace: 61036K(61952K)->61036K(61952K) NonClass: 53469K(53952K)->53469K(53952K) Class: 7566K(8000K)->7566K(8000K)
[53.636s][info][gc             ] GC(571) Pause Young (Allocation Failure) 351M->172M(859M) 0.648ms
[53.636s][info][gc,cpu         ] GC(571) User=0.00s Sys=0.00s Real=0.00s
[53.707s][info][gc,start       ] GC(572) Pause Young (Allocation Failure)
[53.708s][info][gc,heap        ] GC(572) PSYoungGen: 179968K(180736K)->608K(177152K) Eden: 179712K(179712K)->0K(176128K) From: 256K(1024K)->608K(1024K)
[53.708s][info][gc,heap        ] GC(572) ParOldGen: 176312K(699392K)->176336K(699392K)
[53.708s][info][gc,metaspace   ] GC(572) Metaspace: 61039K(61952K)->61039K(61952K) NonClass: 53472K(53952K)->53472K(53952K) Class: 7566K(8000K)->7566K(8000K)
[53.708s][info][gc             ] GC(572) Pause Young (Allocation Failure) 347M->172M(856M) 1.272ms
[53.708s][info][gc,cpu         ] GC(572) User=0.00s Sys=0.00s Real=0.00s
[53.750s][info][gc,start       ] GC(573) Pause Young (System.gc())
[53.750s][info][gc,heap        ] GC(573) PSYoungGen: 22379K(177152K)->640K(177152K) Eden: 21771K(176128K)->0K(176128K) From: 608K(1024K)->640K(1024K)
[53.751s][info][gc,heap        ] GC(573) ParOldGen: 176336K(699392K)->176408K(699392K)
[53.751s][info][gc,metaspace   ] GC(573) Metaspace: 61056K(61952K)->61056K(61952K) NonClass: 53490K(53952K)->53490K(53952K) Class: 7566K(8000K)->7566K(8000K)
[53.751s][info][gc             ] GC(573) Pause Young (System.gc()) 194M->172M(856M) 0.903ms
[53.751s][info][gc,cpu         ] GC(573) User=0.00s Sys=0.00s Real=0.00s
[53.751s][info][gc,start       ] GC(574) Pause Full (System.gc())
[53.751s][info][gc,phases,start] GC(574) Marking Phase
[53.853s][info][gc,phases      ] GC(574) Marking Phase 102.372ms
[53.853s][info][gc,phases,start] GC(574) Summary Phase
[53.853s][info][gc,phases      ] GC(574) Summary Phase 0.014ms
[53.853s][info][gc,phases,start] GC(574) Adjust Roots
[53.862s][info][gc,phases      ] GC(574) Adjust Roots 8.780ms
[53.862s][info][gc,phases,start] GC(574) Compaction Phase
[53.890s][info][gc,phases      ] GC(574) Compaction Phase 28.178ms
[53.890s][info][gc,phases,start] GC(574) Post Compact
[53.891s][info][gc,phases      ] GC(574) Post Compact 1.108ms
[53.891s][info][gc,heap        ] GC(574) PSYoungGen: 640K(177152K)->0K(177152K) Eden: 0K(176128K)->0K(176128K) From: 640K(1024K)->0K(1024K)
[53.891s][info][gc,heap        ] GC(574) ParOldGen: 176408K(699392K)->175792K(699392K)
[53.891s][info][gc,metaspace   ] GC(574) Metaspace: 61056K(61952K)->61056K(61952K) NonClass: 53490K(53952K)->53490K(53952K) Class: 7566K(8000K)->7566K(8000K)
[53.891s][info][gc             ] GC(574) Pause Full (System.gc()) 172M->171M(856M) 140.707ms
[53.891s][info][gc,cpu         ] GC(574) User=2.23s Sys=0.00s Real=0.14s
[54.015s][info][gc,start       ] GC(575) Pause Young (Allocation Failure)
[54.016s][info][gc,heap        ] GC(575) PSYoungGen: 176128K(177152K)->480K(173568K) Eden: 176128K(176128K)->0K(173056K) From: 0K(1024K)->480K(512K)
[54.016s][info][gc,heap        ] GC(575) ParOldGen: 175792K(699392K)->175913K(699392K)
[54.016s][info][gc,metaspace   ] GC(575) Metaspace: 61063K(62016K)->61063K(62016K) NonClass: 53497K(54016K)->53497K(54016K) Class: 7566K(8000K)->7566K(8000K)
[54.016s][info][gc             ] GC(575) Pause Young (Allocation Failure) 343M->172M(852M) 1.059ms
[54.016s][info][gc,cpu         ] GC(575) User=0.00s Sys=0.00s Real=0.00s
[54.079s][info][gc,start       ] GC(576) Pause Young (Allocation Failure)
[54.080s][info][gc,heap        ] GC(576) PSYoungGen: 173536K(173568K)->576K(171008K) Eden: 173056K(173056K)->0K(169984K) From: 480K(512K)->576K(1024K)
[54.080s][info][gc,heap        ] GC(576) ParOldGen: 175913K(699392K)->176211K(699392K)
[54.080s][info][gc,metaspace   ] GC(576) Metaspace: 61063K(62016K)->61063K(62016K) NonClass: 53497K(54016K)->53497K(54016K) Class: 7566K(8000K)->7566K(8000K)
[54.080s][info][gc             ] GC(576) Pause Young (Allocation Failure) 341M->172M(850M) 0.887ms
[54.080s][info][gc,cpu         ] GC(576) User=0.00s Sys=0.00s Real=0.00s
[54.137s][info][gc,start       ] GC(577) Pause Young (Allocation Failure)
[54.138s][info][gc,heap        ] GC(577) PSYoungGen: 170560K(171008K)->256K(167424K) Eden: 169984K(169984K)->0K(166912K) From: 576K(1024K)->256K(512K)
[54.138s][info][gc,heap        ] GC(577) ParOldGen: 176211K(699392K)->176347K(699392K)
[54.138s][info][gc,metaspace   ] GC(577) Metaspace: 61063K(62016K)->61063K(62016K) NonClass: 53497K(54016K)->53497K(54016K) Class: 7566K(8000K)->7566K(8000K)
[54.138s][info][gc             ] GC(577) Pause Young (Allocation Failure) 338M->172M(846M) 0.772ms
[54.138s][info][gc,cpu         ] GC(577) User=0.00s Sys=0.00s Real=0.00s
[54.202s][info][gc,start       ] GC(578) Pause Young (Allocation Failure)
[54.203s][info][gc,heap        ] GC(578) PSYoungGen: 167168K(167424K)->288K(164864K) Eden: 166912K(166912K)->0K(163840K) From: 256K(512K)->288K(1024K)
[54.203s][info][gc,heap        ] GC(578) ParOldGen: 176347K(699392K)->176363K(699392K)
[54.203s][info][gc,metaspace   ] GC(578) Metaspace: 61063K(62016K)->61063K(62016K) NonClass: 53497K(54016K)->53497K(54016K) Class: 7566K(8000K)->7566K(8000K)
[54.203s][info][gc             ] GC(578) Pause Young (Allocation Failure) 335M->172M(844M) 0.706ms
[54.203s][info][gc,cpu         ] GC(578) User=0.00s Sys=0.00s Real=0.00s
[54.265s][info][gc,start       ] GC(579) Pause Young (Allocation Failure)
[54.265s][info][gc,heap        ] GC(579) PSYoungGen: 164128K(164864K)->288K(161280K) Eden: 163840K(163840K)->0K(160768K) From: 288K(1024K)->288K(512K)
[54.265s][info][gc,heap        ] GC(579) ParOldGen: 176363K(699392K)->176363K(699392K)
[54.266s][info][gc,metaspace   ] GC(579) Metaspace: 61063K(62016K)->61063K(62016K) NonClass: 53497K(54016K)->53497K(54016K) Class: 7566K(8000K)->7566K(8000K)
[54.266s][info][gc             ] GC(579) Pause Young (Allocation Failure) 332M->172M(840M) 0.686ms
[54.266s][info][gc,cpu         ] GC(579) User=0.00s Sys=0.00s Real=0.00s
[54.326s][info][gc,start       ] GC(580) Pause Young (Allocation Failure)
[54.327s][info][gc,heap        ] GC(580) PSYoungGen: 161056K(161280K)->256K(159232K) Eden: 160768K(160768K)->0K(158208K) From: 288K(512K)->256K(1024K)
[54.327s][info][gc,heap        ] GC(580) ParOldGen: 176363K(699392K)->176371K(699392K)
[54.327s][info][gc,metaspace   ] GC(580) Metaspace: 61063K(62016K)->61063K(62016K) NonClass: 53497K(54016K)->53497K(54016K) Class: 7566K(8000K)->7566K(8000K)
[54.327s][info][gc             ] GC(580) Pause Young (Allocation Failure) 329M->172M(838M) 0.669ms
[54.327s][info][gc,cpu         ] GC(580) User=0.00s Sys=0.00s Real=0.00s
[54.388s][info][gc,start       ] GC(581) Pause Young (Allocation Failure)
[54.389s][info][gc,heap        ] GC(581) PSYoungGen: 158464K(159232K)->320K(156160K) Eden: 158208K(158208K)->0K(155648K) From: 256K(1024K)->320K(512K)
[54.389s][info][gc,heap        ] GC(581) ParOldGen: 176371K(699392K)->176379K(699392K)
[54.389s][info][gc,metaspace   ] GC(581) Metaspace: 61063K(62016K)->61063K(62016K) NonClass: 53497K(54016K)->53497K(54016K) Class: 7566K(8000K)->7566K(8000K)
[54.389s][info][gc             ] GC(581) Pause Young (Allocation Failure) 326M->172M(835M) 0.661ms
[54.389s][info][gc,cpu         ] GC(581) User=0.00s Sys=0.00s Real=0.00s
[54.449s][info][gc,start       ] GC(582) Pause Young (Allocation Failure)
[54.449s][info][gc,heap        ] GC(582) PSYoungGen: 155968K(156160K)->256K(154112K) Eden: 155648K(155648K)->0K(153088K) From: 320K(512K)->256K(1024K)
[54.449s][info][gc,heap        ] GC(582) ParOldGen: 176379K(699392K)->176395K(699392K)
[54.449s][info][gc,metaspace   ] GC(582) Metaspace: 61063K(62016K)->61063K(62016K) NonClass: 53497K(54016K)->53497K(54016K) Class: 7566K(8000K)->7566K(8000K)
[54.450s][info][gc             ] GC(582) Pause Young (Allocation Failure) 324M->172M(833M) 0.674ms
[54.450s][info][gc,cpu         ] GC(582) User=0.00s Sys=0.00s Real=0.00s
[54.509s][info][gc,start       ] GC(583) Pause Young (Allocation Failure)
[54.510s][info][gc,heap        ] GC(583) PSYoungGen: 153344K(154112K)->288K(151040K) Eden: 153088K(153088K)->0K(150528K) From: 256K(1024K)->288K(512K)
[54.510s][info][gc,heap        ] GC(583) ParOldGen: 176395K(699392K)->176411K(699392K)
[54.510s][info][gc,metaspace   ] GC(583) Metaspace: 61063K(62016K)->61063K(62016K) NonClass: 53497K(54016K)->53497K(54016K) Class: 7566K(8000K)->7566K(8000K)
[54.510s][info][gc             ] GC(583) Pause Young (Allocation Failure) 322M->172M(830M) 0.819ms
[54.510s][info][gc,cpu         ] GC(583) User=0.00s Sys=0.02s Real=0.02s
[54.569s][info][gc,start       ] GC(584) Pause Young (Allocation Failure)
[54.569s][info][gc,heap        ] GC(584) PSYoungGen: 150816K(151040K)->288K(148992K) Eden: 150528K(150528K)->0K(147968K) From: 288K(512K)->288K(1024K)
[54.569s][info][gc,heap        ] GC(584) ParOldGen: 176411K(699392K)->176427K(699392K)
[54.569s][info][gc,metaspace   ] GC(584) Metaspace: 61063K(62016K)->61063K(62016K) NonClass: 53497K(54016K)->53497K(54016K) Class: 7566K(8000K)->7566K(8000K)
[54.569s][info][gc             ] GC(584) Pause Young (Allocation Failure) 319M->172M(828M) 0.614ms
[54.569s][info][gc,cpu         ] GC(584) User=0.00s Sys=0.00s Real=0.00s
[54.637s][info][gc,start       ] GC(585) Pause Young (Allocation Failure)
[54.638s][info][gc,heap        ] GC(585) PSYoungGen: 148256K(148992K)->608K(146432K) Eden: 147968K(147968K)->0K(145408K) From: 288K(1024K)->608K(1024K)
[54.638s][info][gc,heap        ] GC(585) ParOldGen: 176427K(699392K)->176451K(699392K)
[54.638s][info][gc,metaspace   ] GC(585) Metaspace: 61063K(62016K)->61063K(62016K) NonClass: 53497K(54016K)->53497K(54016K) Class: 7566K(8000K)->7566K(8000K)
[54.638s][info][gc             ] GC(585) Pause Young (Allocation Failure) 317M->172M(826M) 0.902ms
[54.638s][info][gc,cpu         ] GC(585) User=0.00s Sys=0.00s Real=0.00s
[54.727s][info][gc,start       ] GC(586) Pause Young (Allocation Failure)
[54.728s][info][gc,heap        ] GC(586) PSYoungGen: 146016K(146432K)->128K(143360K) Eden: 145408K(145408K)->0K(142848K) From: 608K(1024K)->128K(512K)
[54.728s][info][gc,heap        ] GC(586) ParOldGen: 176451K(699392K)->176603K(699392K)
[54.728s][info][gc,metaspace   ] GC(586) Metaspace: 61063K(62016K)->61063K(62016K) NonClass: 53497K(54016K)->53497K(54016K) Class: 7566K(8000K)->7566K(8000K)
[54.728s][info][gc             ] GC(586) Pause Young (Allocation Failure) 314M->172M(823M) 0.845ms
[54.728s][info][gc,cpu         ] GC(586) User=0.00s Sys=0.00s Real=0.00s
[54.804s][info][gc,start       ] GC(587) Pause Young (System.gc())
[54.805s][info][gc,heap        ] GC(587) PSYoungGen: 66113K(143360K)->640K(143872K) Eden: 65985K(142848K)->0K(142848K) From: 128K(512K)->640K(1024K)
[54.805s][info][gc,heap        ] GC(587) ParOldGen: 176603K(699392K)->176611K(699392K)
[54.805s][info][gc,metaspace   ] GC(587) Metaspace: 61064K(62016K)->61064K(62016K) NonClass: 53497K(54016K)->53497K(54016K) Class: 7566K(8000K)->7566K(8000K)
[54.805s][info][gc             ] GC(587) Pause Young (System.gc()) 237M->173M(823M) 0.996ms
[54.805s][info][gc,cpu         ] GC(587) User=0.00s Sys=0.00s Real=0.00s
[54.805s][info][gc,start       ] GC(588) Pause Full (System.gc())
[54.805s][info][gc,phases,start] GC(588) Marking Phase
[54.921s][info][gc,phases      ] GC(588) Marking Phase 115.757ms
[54.921s][info][gc,phases,start] GC(588) Summary Phase
[54.921s][info][gc,phases      ] GC(588) Summary Phase 0.017ms
[54.921s][info][gc,phases,start] GC(588) Adjust Roots
[54.930s][info][gc,phases      ] GC(588) Adjust Roots 9.282ms
[54.931s][info][gc,phases,start] GC(588) Compaction Phase
[54.961s][info][gc,phases      ] GC(588) Compaction Phase 30.116ms
[54.961s][info][gc,phases,start] GC(588) Post Compact
[54.962s][info][gc,phases      ] GC(588) Post Compact 1.394ms
[54.962s][info][gc,heap        ] GC(588) PSYoungGen: 640K(143872K)->0K(143872K) Eden: 0K(142848K)->0K(142848K) From: 640K(1024K)->0K(1024K)
[54.962s][info][gc,heap        ] GC(588) ParOldGen: 176611K(699392K)->175811K(699392K)
[54.962s][info][gc,metaspace   ] GC(588) Metaspace: 61064K(62016K)->61064K(62016K) NonClass: 53497K(54016K)->53497K(54016K) Class: 7566K(8000K)->7566K(8000K)
[54.962s][info][gc             ] GC(588) Pause Full (System.gc()) 173M->171M(823M) 156.950ms
[54.962s][info][gc,cpu         ] GC(588) User=2.69s Sys=0.00s Real=0.16s
[55.067s][info][gc,start       ] GC(589) Pause Young (Allocation Failure)
[55.068s][info][gc,heap        ] GC(589) PSYoungGen: 142848K(143872K)->736K(141824K) Eden: 142848K(142848K)->0K(140800K) From: 0K(1024K)->736K(1024K)
[55.068s][info][gc,heap        ] GC(589) ParOldGen: 175811K(699392K)->175811K(699392K)
[55.068s][info][gc,metaspace   ] GC(589) Metaspace: 61064K(62016K)->61064K(62016K) NonClass: 53497K(54016K)->53497K(54016K) Class: 7566K(8000K)->7566K(8000K)
[55.068s][info][gc             ] GC(589) Pause Young (Allocation Failure) 311M->172M(821M) 0.992ms
[55.069s][info][gc,cpu         ] GC(589) User=0.00s Sys=0.00s Real=0.00s
[55.120s][info][gc,start       ] GC(590) Pause Young (Allocation Failure)
[55.121s][info][gc,heap        ] GC(590) PSYoungGen: 141536K(141824K)->480K(139264K) Eden: 140800K(140800K)->0K(138752K) From: 736K(1024K)->480K(512K)
[55.121s][info][gc,heap        ] GC(590) ParOldGen: 175811K(699392K)->176164K(699392K)
[55.121s][info][gc,metaspace   ] GC(590) Metaspace: 61064K(62016K)->61064K(62016K) NonClass: 53498K(54016K)->53498K(54016K) Class: 7566K(8000K)->7566K(8000K)
[55.121s][info][gc             ] GC(590) Pause Young (Allocation Failure) 309M->172M(819M) 0.913ms
[55.121s][info][gc,cpu         ] GC(590) User=0.00s Sys=0.00s Real=0.00s
[55.176s][info][gc,start       ] GC(591) Pause Young (Allocation Failure)
[55.177s][info][gc,heap        ] GC(591) PSYoungGen: 139232K(139264K)->288K(137728K) Eden: 138752K(138752K)->0K(136704K) From: 480K(512K)->288K(1024K)
[55.177s][info][gc,heap        ] GC(591) ParOldGen: 176164K(699392K)->176300K(699392K)
[55.177s][info][gc,metaspace   ] GC(591) Metaspace: 61064K(62016K)->61064K(62016K) NonClass: 53498K(54016K)->53498K(54016K) Class: 7566K(8000K)->7566K(8000K)
[55.177s][info][gc             ] GC(591) Pause Young (Allocation Failure) 308M->172M(817M) 0.692ms
[55.177s][info][gc,cpu         ] GC(591) User=0.00s Sys=0.00s Real=0.00s
[55.223s][info][gc,start       ] GC(592) Pause Young (Allocation Failure)
[55.224s][info][gc,heap        ] GC(592) PSYoungGen: 136992K(137728K)->288K(135168K) Eden: 136704K(136704K)->0K(134656K) From: 288K(1024K)->288K(512K)
[55.224s][info][gc,heap        ] GC(592) ParOldGen: 176300K(699392K)->176308K(699392K)
[55.224s][info][gc,metaspace   ] GC(592) Metaspace: 61064K(62016K)->61064K(62016K) NonClass: 53498K(54016K)->53498K(54016K) Class: 7566K(8000K)->7566K(8000K)
[55.224s][info][gc             ] GC(592) Pause Young (Allocation Failure) 305M->172M(815M) 0.805ms
[55.224s][info][gc,cpu         ] GC(592) User=0.00s Sys=0.00s Real=0.00s
[55.270s][info][gc,start       ] GC(593) Pause Young (Allocation Failure)
[55.271s][info][gc,heap        ] GC(593) PSYoungGen: 134944K(135168K)->192K(133632K) Eden: 134656K(134656K)->0K(132608K) From: 288K(512K)->192K(1024K)
[55.271s][info][gc,heap        ] GC(593) ParOldGen: 176308K(699392K)->176316K(699392K)
[55.271s][info][gc,metaspace   ] GC(593) Metaspace: 61064K(62016K)->61064K(62016K) NonClass: 53498K(54016K)->53498K(54016K) Class: 7566K(8000K)->7566K(8000K)
[55.271s][info][gc             ] GC(593) Pause Young (Allocation Failure) 303M->172M(813M) 0.618ms
[55.271s][info][gc,cpu         ] GC(593) User=0.00s Sys=0.00s Real=0.00s
[55.323s][info][gc,start       ] GC(594) Pause Young (Allocation Failure)
[55.324s][info][gc,heap        ] GC(594) PSYoungGen: 132800K(133632K)->256K(131072K) Eden: 132608K(132608K)->0K(130560K) From: 192K(1024K)->256K(512K)
[55.324s][info][gc,heap        ] GC(594) ParOldGen: 176316K(699392K)->176316K(699392K)
[55.324s][info][gc,metaspace   ] GC(594) Metaspace: 61064K(62016K)->61064K(62016K) NonClass: 53498K(54016K)->53498K(54016K) Class: 7566K(8000K)->7566K(8000K)
[55.324s][info][gc             ] GC(594) Pause Young (Allocation Failure) 301M->172M(811M) 0.946ms
[55.324s][info][gc,cpu         ] GC(594) User=0.00s Sys=0.00s Real=0.00s
[55.376s][info][gc,start       ] GC(595) Pause Young (Allocation Failure)
[55.377s][info][gc,heap        ] GC(595) PSYoungGen: 130816K(131072K)->192K(129536K) Eden: 130560K(130560K)->0K(128512K) From: 256K(512K)->192K(1024K)
[55.377s][info][gc,heap        ] GC(595) ParOldGen: 176316K(699392K)->176324K(699392K)
[55.377s][info][gc,metaspace   ] GC(595) Metaspace: 61064K(62016K)->61064K(62016K) NonClass: 53498K(54016K)->53498K(54016K) Class: 7566K(8000K)->7566K(8000K)
[55.377s][info][gc             ] GC(595) Pause Young (Allocation Failure) 299M->172M(809M) 0.692ms
[55.377s][info][gc,cpu         ] GC(595) User=0.00s Sys=0.00s Real=0.00s
[55.421s][info][gc,start       ] GC(596) Pause Young (Allocation Failure)
[55.421s][info][gc,heap        ] GC(596) PSYoungGen: 128704K(129536K)->288K(126976K) Eden: 128512K(128512K)->0K(126464K) From: 192K(1024K)->288K(512K)
[55.421s][info][gc,heap        ] GC(596) ParOldGen: 176324K(699392K)->176340K(699392K)
[55.422s][info][gc,metaspace   ] GC(596) Metaspace: 61064K(62016K)->61064K(62016K) NonClass: 53498K(54016K)->53498K(54016K) Class: 7566K(8000K)->7566K(8000K)
[55.422s][info][gc             ] GC(596) Pause Young (Allocation Failure) 297M->172M(807M) 0.729ms
[55.422s][info][gc,cpu         ] GC(596) User=0.00s Sys=0.00s Real=0.00s
[55.475s][info][gc,start       ] GC(597) Pause Young (Allocation Failure)
[55.476s][info][gc,heap        ] GC(597) PSYoungGen: 126752K(126976K)->192K(125440K) Eden: 126464K(126464K)->0K(124416K) From: 288K(512K)->192K(1024K)
[55.476s][info][gc,heap        ] GC(597) ParOldGen: 176340K(699392K)->176356K(699392K)
[55.476s][info][gc,metaspace   ] GC(597) Metaspace: 61064K(62016K)->61064K(62016K) NonClass: 53498K(54016K)->53498K(54016K) Class: 7566K(8000K)->7566K(8000K)
[55.476s][info][gc             ] GC(597) Pause Young (Allocation Failure) 295M->172M(805M) 0.756ms
[55.476s][info][gc,cpu         ] GC(597) User=0.00s Sys=0.00s Real=0.00s
[55.523s][info][gc,start       ] GC(598) Pause Young (Allocation Failure)
[55.524s][info][gc,heap        ] GC(598) PSYoungGen: 124608K(125440K)->160K(123392K) Eden: 124416K(124416K)->0K(122880K) From: 192K(1024K)->160K(512K)
[55.524s][info][gc,heap        ] GC(598) ParOldGen: 176356K(699392K)->176364K(699392K)
[55.524s][info][gc,metaspace   ] GC(598) Metaspace: 61064K(62016K)->61064K(62016K) NonClass: 53498K(54016K)->53498K(54016K) Class: 7566K(8000K)->7566K(8000K)
[55.524s][info][gc             ] GC(598) Pause Young (Allocation Failure) 293M->172M(803M) 0.672ms
[55.524s][info][gc,cpu         ] GC(598) User=0.00s Sys=0.00s Real=0.00s
[55.573s][info][gc,start       ] GC(599) Pause Young (Allocation Failure)
[55.574s][info][gc,heap        ] GC(599) PSYoungGen: 123040K(123392K)->256K(122368K) Eden: 122880K(122880K)->0K(121344K) From: 160K(512K)->256K(1024K)
[55.574s][info][gc,heap        ] GC(599) ParOldGen: 176364K(699392K)->176388K(699392K)
[55.574s][info][gc,metaspace   ] GC(599) Metaspace: 61064K(62016K)->61064K(62016K) NonClass: 53498K(54016K)->53498K(54016K) Class: 7566K(8000K)->7566K(8000K)
[55.574s][info][gc             ] GC(599) Pause Young (Allocation Failure) 292M->172M(802M) 0.636ms
[55.574s][info][gc,cpu         ] GC(599) User=0.00s Sys=0.00s Real=0.00s
[55.632s][info][gc,start       ] GC(600) Pause Young (Allocation Failure)
[55.633s][info][gc,heap        ] GC(600) PSYoungGen: 121600K(122368K)->192K(120320K) Eden: 121344K(121344K)->0K(119808K) From: 256K(1024K)->192K(512K)
[55.633s][info][gc,heap        ] GC(600) ParOldGen: 176388K(699392K)->176404K(699392K)
[55.633s][info][gc,metaspace   ] GC(600) Metaspace: 61064K(62016K)->61064K(62016K) NonClass: 53498K(54016K)->53498K(54016K) Class: 7566K(8000K)->7566K(8000K)
[55.633s][info][gc             ] GC(600) Pause Young (Allocation Failure) 291M->172M(800M) 0.692ms
[55.633s][info][gc,cpu         ] GC(600) User=0.00s Sys=0.00s Real=0.00s
[55.681s][info][gc,start       ] GC(601) Pause Young (Allocation Failure)
[55.681s][info][gc,heap        ] GC(601) PSYoungGen: 120000K(120320K)->288K(119296K) Eden: 119808K(119808K)->0K(118272K) From: 192K(512K)->288K(1024K)
[55.682s][info][gc,heap        ] GC(601) ParOldGen: 176404K(699392K)->176420K(699392K)
[55.682s][info][gc,metaspace   ] GC(601) Metaspace: 61064K(62016K)->61064K(62016K) NonClass: 53498K(54016K)->53498K(54016K) Class: 7566K(8000K)->7566K(8000K)
[55.682s][info][gc             ] GC(601) Pause Young (Allocation Failure) 289M->172M(799M) 0.632ms
[55.682s][info][gc,cpu         ] GC(601) User=0.00s Sys=0.00s Real=0.00s
[55.735s][info][gc,start       ] GC(602) Pause Young (Allocation Failure)
[55.736s][info][gc,heap        ] GC(602) PSYoungGen: 118560K(119296K)->256K(117248K) Eden: 118272K(118272K)->0K(116736K) From: 288K(1024K)->256K(512K)
[55.736s][info][gc,heap        ] GC(602) ParOldGen: 176420K(699392K)->176436K(699392K)
[55.736s][info][gc,metaspace   ] GC(602) Metaspace: 61064K(62016K)->61064K(62016K) NonClass: 53498K(54016K)->53498K(54016K) Class: 7566K(8000K)->7566K(8000K)
[55.736s][info][gc             ] GC(602) Pause Young (Allocation Failure) 288M->172M(797M) 0.777ms
[55.736s][info][gc,cpu         ] GC(602) User=0.00s Sys=0.00s Real=0.00s
[55.814s][info][gc,start       ] GC(603) Pause Young (Allocation Failure)
[55.815s][info][gc,heap        ] GC(603) PSYoungGen: 116992K(117248K)->608K(116224K) Eden: 116736K(116736K)->0K(115200K) From: 256K(512K)->608K(1024K)
[55.815s][info][gc,heap        ] GC(603) ParOldGen: 176436K(699392K)->176452K(699392K)
[55.815s][info][gc,metaspace   ] GC(603) Metaspace: 61064K(62016K)->61064K(62016K) NonClass: 53498K(54016K)->53498K(54016K) Class: 7566K(8000K)->7566K(8000K)
[55.815s][info][gc             ] GC(603) Pause Young (Allocation Failure) 286M->172M(796M) 0.909ms
[55.815s][info][gc,cpu         ] GC(603) User=0.00s Sys=0.00s Real=0.00s
[55.869s][info][gc,start       ] GC(604) Pause Young (System.gc())
[55.870s][info][gc,heap        ] GC(604) PSYoungGen: 54444K(116224K)->608K(116224K) Eden: 53836K(115200K)->0K(115200K) From: 608K(1024K)->608K(1024K)
[55.870s][info][gc,heap        ] GC(604) ParOldGen: 176452K(699392K)->176548K(699392K)
[55.870s][info][gc,metaspace   ] GC(604) Metaspace: 61065K(62016K)->61065K(62016K) NonClass: 53499K(54016K)->53499K(54016K) Class: 7566K(8000K)->7566K(8000K)
[55.870s][info][gc             ] GC(604) Pause Young (System.gc()) 225M->173M(796M) 0.921ms
[55.870s][info][gc,cpu         ] GC(604) User=0.30s Sys=0.00s Real=0.02s
[55.870s][info][gc,start       ] GC(605) Pause Full (System.gc())
[55.870s][info][gc,phases,start] GC(605) Marking Phase
[55.972s][info][gc,phases      ] GC(605) Marking Phase 102.337ms
[55.972s][info][gc,phases,start] GC(605) Summary Phase
[55.972s][info][gc,phases      ] GC(605) Summary Phase 0.016ms
[55.972s][info][gc,phases,start] GC(605) Adjust Roots
[55.981s][info][gc,phases      ] GC(605) Adjust Roots 8.606ms
[55.981s][info][gc,phases,start] GC(605) Compaction Phase
[56.006s][info][gc,phases      ] GC(605) Compaction Phase 24.918ms
[56.006s][info][gc,phases,start] GC(605) Post Compact
[56.007s][info][gc,phases      ] GC(605) Post Compact 1.093ms
[56.007s][info][gc,heap        ] GC(605) PSYoungGen: 608K(116224K)->0K(116224K) Eden: 0K(115200K)->0K(115200K) From: 608K(1024K)->0K(1024K)
[56.007s][info][gc,heap        ] GC(605) ParOldGen: 176548K(699392K)->175827K(699392K)
[56.007s][info][gc,metaspace   ] GC(605) Metaspace: 61065K(62016K)->61065K(62016K) NonClass: 53499K(54016K)->53499K(54016K) Class: 7566K(8000K)->7566K(8000K)
[56.007s][info][gc             ] GC(605) Pause Full (System.gc()) 173M->171M(796M) 137.256ms
[56.007s][info][gc,cpu         ] GC(605) User=1.81s Sys=0.00s Real=0.13s
[56.090s][info][gc,start       ] GC(606) Pause Young (Allocation Failure)
[56.091s][info][gc,heap        ] GC(606) PSYoungGen: 115200K(116224K)->704K(114688K) Eden: 115200K(115200K)->0K(113664K) From: 0K(1024K)->704K(1024K)
[56.091s][info][gc,heap        ] GC(606) ParOldGen: 175827K(699392K)->175835K(699392K)
[56.091s][info][gc,metaspace   ] GC(606) Metaspace: 61069K(62016K)->61069K(62016K) NonClass: 53502K(54016K)->53502K(54016K) Class: 7566K(8000K)->7566K(8000K)
[56.091s][info][gc             ] GC(606) Pause Young (Allocation Failure) 284M->172M(795M) 1.152ms
[56.091s][info][gc,cpu         ] GC(606) User=0.00s Sys=0.00s Real=0.00s
[56.130s][info][gc,start       ] GC(607) Pause Young (Allocation Failure)
[56.131s][info][gc,heap        ] GC(607) PSYoungGen: 114368K(114688K)->480K(112640K) Eden: 113664K(113664K)->0K(112128K) From: 704K(1024K)->480K(512K)
[56.131s][info][gc,heap        ] GC(607) ParOldGen: 175835K(699392K)->176169K(699392K)
[56.131s][info][gc,metaspace   ] GC(607) Metaspace: 61070K(62016K)->61070K(62016K) NonClass: 53503K(54016K)->53503K(54016K) Class: 7566K(8000K)->7566K(8000K)
[56.131s][info][gc             ] GC(607) Pause Young (Allocation Failure) 283M->172M(793M) 0.886ms
[56.131s][info][gc,cpu         ] GC(607) User=0.00s Sys=0.00s Real=0.00s
[56.166s][info][gc,start       ] GC(608) Pause Young (Allocation Failure)
[56.167s][info][gc,heap        ] GC(608) PSYoungGen: 112608K(112640K)->160K(135680K) Eden: 112128K(112128K)->0K(134656K) From: 480K(512K)->160K(1024K)
[56.167s][info][gc,heap        ] GC(608) ParOldGen: 176169K(699392K)->176297K(699392K)
[56.167s][info][gc,metaspace   ] GC(608) Metaspace: 61070K(62016K)->61070K(62016K) NonClass: 53503K(54016K)->53503K(54016K) Class: 7566K(8000K)->7566K(8000K)
[56.167s][info][gc             ] GC(608) Pause Young (Allocation Failure) 282M->172M(815M) 0.756ms
[56.167s][info][gc,cpu         ] GC(608) User=0.00s Sys=0.00s Real=0.00s
[56.209s][info][gc,start       ] GC(609) Pause Young (Allocation Failure)
[56.209s][info][gc,heap        ] GC(609) PSYoungGen: 134816K(135680K)->256K(162304K) Eden: 134656K(134656K)->0K(161792K) From: 160K(1024K)->256K(512K)
[56.209s][info][gc,heap        ] GC(609) ParOldGen: 176297K(699392K)->176305K(699392K)
[56.209s][info][gc,metaspace   ] GC(609) Metaspace: 61070K(62016K)->61070K(62016K) NonClass: 53503K(54016K)->53503K(54016K) Class: 7566K(8000K)->7566K(8000K)
[56.209s][info][gc             ] GC(609) Pause Young (Allocation Failure) 303M->172M(841M) 0.774ms
[56.209s][info][gc,cpu         ] GC(609) User=0.00s Sys=0.00s Real=0.00s
[56.268s][info][gc,start       ] GC(610) Pause Young (Allocation Failure)
[56.268s][info][gc,heap        ] GC(610) PSYoungGen: 162048K(162304K)->288K(195584K) Eden: 161792K(161792K)->0K(194560K) From: 256K(512K)->288K(1024K)
[56.268s][info][gc,heap        ] GC(610) ParOldGen: 176305K(699392K)->176313K(699392K)
[56.268s][info][gc,metaspace   ] GC(610) Metaspace: 61070K(62016K)->61070K(62016K) NonClass: 53503K(54016K)->53503K(54016K) Class: 7566K(8000K)->7566K(8000K)
[56.268s][info][gc             ] GC(610) Pause Young (Allocation Failure) 330M->172M(874M) 0.626ms
[56.268s][info][gc,cpu         ] GC(610) User=0.00s Sys=0.00s Real=0.00s
[56.345s][info][gc,start       ] GC(611) Pause Young (Allocation Failure)
[56.346s][info][gc,heap        ] GC(611) PSYoungGen: 194848K(195584K)->320K(190976K) Eden: 194560K(194560K)->0K(190464K) From: 288K(1024K)->320K(512K)
[56.346s][info][gc,heap        ] GC(611) ParOldGen: 176313K(699392K)->176313K(699392K)
[56.346s][info][gc,metaspace   ] GC(611) Metaspace: 61070K(62016K)->61070K(62016K) NonClass: 53503K(54016K)->53503K(54016K) Class: 7566K(8000K)->7566K(8000K)
[56.346s][info][gc             ] GC(611) Pause Young (Allocation Failure) 362M->172M(869M) 0.676ms
[56.346s][info][gc,cpu         ] GC(611) User=0.00s Sys=0.00s Real=0.00s
[56.413s][info][gc,start       ] GC(612) Pause Young (Allocation Failure)
[56.413s][info][gc,heap        ] GC(612) PSYoungGen: 190784K(190976K)->288K(187904K) Eden: 190464K(190464K)->0K(186880K) From: 320K(512K)->288K(1024K)
[56.413s][info][gc,heap        ] GC(612) ParOldGen: 176313K(699392K)->176321K(699392K)
[56.413s][info][gc,metaspace   ] GC(612) Metaspace: 61070K(62016K)->61070K(62016K) NonClass: 53503K(54016K)->53503K(54016K) Class: 7566K(8000K)->7566K(8000K)
[56.413s][info][gc             ] GC(612) Pause Young (Allocation Failure) 358M->172M(866M) 0.624ms
[56.413s][info][gc,cpu         ] GC(612) User=0.00s Sys=0.00s Real=0.00s
[56.486s][info][gc,start       ] GC(613) Pause Young (Allocation Failure)
[56.487s][info][gc,heap        ] GC(613) PSYoungGen: 187168K(187904K)->384K(183808K) Eden: 186880K(186880K)->0K(183296K) From: 288K(1024K)->384K(512K)
[56.487s][info][gc,heap        ] GC(613) ParOldGen: 176321K(699392K)->176321K(699392K)
[56.487s][info][gc,metaspace   ] GC(613) Metaspace: 61070K(62016K)->61070K(62016K) NonClass: 53503K(54016K)->53503K(54016K) Class: 7566K(8000K)->7566K(8000K)
[56.487s][info][gc             ] GC(613) Pause Young (Allocation Failure) 354M->172M(862M) 0.826ms
[56.487s][info][gc,cpu         ] GC(613) User=0.00s Sys=0.00s Real=0.00s
[56.543s][info][gc,start       ] GC(614) Pause Young (Allocation Failure)
[56.544s][info][gc,heap        ] GC(614) PSYoungGen: 183680K(183808K)->224K(180736K) Eden: 183296K(183296K)->0K(179712K) From: 384K(512K)->224K(1024K)
[56.544s][info][gc,heap        ] GC(614) ParOldGen: 176321K(699392K)->176337K(699392K)
[56.544s][info][gc,metaspace   ] GC(614) Metaspace: 61070K(62016K)->61070K(62016K) NonClass: 53503K(54016K)->53503K(54016K) Class: 7566K(8000K)->7566K(8000K)
[56.544s][info][gc             ] GC(614) Pause Young (Allocation Failure) 351M->172M(859M) 0.650ms
[56.544s][info][gc,cpu         ] GC(614) User=0.00s Sys=0.00s Real=0.00s
[56.614s][info][gc,start       ] GC(615) Pause Young (Allocation Failure)
[56.615s][info][gc,heap        ] GC(615) PSYoungGen: 179936K(180736K)->288K(176640K) Eden: 179712K(179712K)->0K(176128K) From: 224K(1024K)->288K(512K)
[56.615s][info][gc,heap        ] GC(615) ParOldGen: 176337K(699392K)->176345K(699392K)
[56.615s][info][gc,metaspace   ] GC(615) Metaspace: 61070K(62016K)->61070K(62016K) NonClass: 53503K(54016K)->53503K(54016K) Class: 7566K(8000K)->7566K(8000K)
[56.615s][info][gc             ] GC(615) Pause Young (Allocation Failure) 347M->172M(855M) 1.277ms
[56.615s][info][gc,cpu         ] GC(615) User=0.00s Sys=0.00s Real=0.00s
[56.684s][info][gc,start       ] GC(616) Pause Young (Allocation Failure)
[56.684s][info][gc,heap        ] GC(616) PSYoungGen: 176416K(176640K)->256K(174080K) Eden: 176128K(176128K)->0K(173056K) From: 288K(512K)->256K(1024K)
[56.684s][info][gc,heap        ] GC(616) ParOldGen: 176345K(699392K)->176361K(699392K)
[56.684s][info][gc,metaspace   ] GC(616) Metaspace: 61070K(62016K)->61070K(62016K) NonClass: 53503K(54016K)->53503K(54016K) Class: 7566K(8000K)->7566K(8000K)
[56.684s][info][gc             ] GC(616) Pause Young (Allocation Failure) 344M->172M(853M) 0.655ms
[56.684s][info][gc,cpu         ] GC(616) User=0.00s Sys=0.00s Real=0.00s
[56.745s][info][gc,start       ] GC(617) Pause Young (Allocation Failure)
[56.746s][info][gc,heap        ] GC(617) PSYoungGen: 173312K(174080K)->288K(170496K) Eden: 173056K(173056K)->0K(169984K) From: 256K(1024K)->288K(512K)
[56.746s][info][gc,heap        ] GC(617) ParOldGen: 176361K(699392K)->176377K(699392K)
[56.746s][info][gc,metaspace   ] GC(617) Metaspace: 61070K(62016K)->61070K(62016K) NonClass: 53503K(54016K)->53503K(54016K) Class: 7566K(8000K)->7566K(8000K)
[56.746s][info][gc             ] GC(617) Pause Young (Allocation Failure) 341M->172M(849M) 0.907ms
[56.746s][info][gc,cpu         ] GC(617) User=0.00s Sys=0.00s Real=0.00s
[56.795s][info][gc,start       ] GC(618) Pause Young (System.gc())
[56.796s][info][gc,heap        ] GC(618) PSYoungGen: 66146K(170496K)->640K(171008K) Eden: 65858K(169984K)->0K(169984K) From: 288K(512K)->640K(1024K)
[56.796s][info][gc,heap        ] GC(618) ParOldGen: 176377K(699392K)->176393K(699392K)
[56.796s][info][gc,metaspace   ] GC(618) Metaspace: 61090K(62016K)->61090K(62016K) NonClass: 53523K(54016K)->53523K(54016K) Class: 7566K(8000K)->7566K(8000K)
[56.796s][info][gc             ] GC(618) Pause Young (System.gc()) 236M->172M(850M) 1.004ms
[56.797s][info][gc,cpu         ] GC(618) User=0.00s Sys=0.00s Real=0.00s
[56.797s][info][gc,start       ] GC(619) Pause Full (System.gc())
[56.797s][info][gc,phases,start] GC(619) Marking Phase
[56.896s][info][gc,phases      ] GC(619) Marking Phase 99.730ms
[56.897s][info][gc,phases,start] GC(619) Summary Phase
[56.897s][info][gc,phases      ] GC(619) Summary Phase 0.014ms
[56.897s][info][gc,phases,start] GC(619) Adjust Roots
[56.905s][info][gc,phases      ] GC(619) Adjust Roots 8.792ms
[56.905s][info][gc,phases,start] GC(619) Compaction Phase
[56.930s][info][gc,phases      ] GC(619) Compaction Phase 24.691ms
[56.930s][info][gc,phases,start] GC(619) Post Compact
[56.931s][info][gc,phases      ] GC(619) Post Compact 1.089ms
[56.931s][info][gc,heap        ] GC(619) PSYoungGen: 640K(171008K)->0K(171008K) Eden: 0K(169984K)->0K(169984K) From: 640K(1024K)->0K(1024K)
[56.931s][info][gc,heap        ] GC(619) ParOldGen: 176393K(699392K)->175844K(699392K)
[56.931s][info][gc,metaspace   ] GC(619) Metaspace: 61090K(62016K)->61090K(62016K) NonClass: 53523K(54016K)->53523K(54016K) Class: 7566K(8000K)->7566K(8000K)
[56.931s][info][gc             ] GC(619) Pause Full (System.gc()) 172M->171M(850M) 134.579ms
[56.931s][info][gc,cpu         ] GC(619) User=1.91s Sys=0.00s Real=0.13s
[57.049s][info][gc,start       ] GC(620) Pause Young (Allocation Failure)
[57.050s][info][gc,heap        ] GC(620) PSYoungGen: 169984K(171008K)->736K(167936K) Eden: 169984K(169984K)->0K(166912K) From: 0K(1024K)->736K(1024K)
[57.050s][info][gc,heap        ] GC(620) ParOldGen: 175844K(699392K)->175852K(699392K)
[57.050s][info][gc,metaspace   ] GC(620) Metaspace: 61172K(62080K)->61172K(62080K) NonClass: 53600K(54080K)->53600K(54080K) Class: 7572K(8000K)->7572K(8000K)
[57.050s][info][gc             ] GC(620) Pause Young (Allocation Failure) 337M->172M(847M) 0.819ms
[57.050s][info][gc,cpu         ] GC(620) User=0.00s Sys=0.00s Real=0.00s
[57.116s][info][gc,start       ] GC(621) Pause Young (Allocation Failure)
[57.117s][info][gc,heap        ] GC(621) PSYoungGen: 167648K(167936K)->544K(164864K) Eden: 166912K(166912K)->0K(163840K) From: 736K(1024K)->544K(1024K)
[57.117s][info][gc,heap        ] GC(621) ParOldGen: 175852K(699392K)->176231K(699392K)
[57.117s][info][gc,metaspace   ] GC(621) Metaspace: 61179K(62080K)->61179K(62080K) NonClass: 53606K(54080K)->53606K(54080K) Class: 7572K(8000K)->7572K(8000K)
[57.117s][info][gc             ] GC(621) Pause Young (Allocation Failure) 335M->172M(844M) 1.048ms
[57.117s][info][gc,cpu         ] GC(621) User=0.00s Sys=0.00s Real=0.00s
[57.168s][info][gc,start       ] GC(622) Pause Young (Allocation Failure)
[57.168s][info][gc,heap        ] GC(622) PSYoungGen: 164384K(164864K)->512K(161280K) Eden: 163840K(163840K)->0K(160768K) From: 544K(1024K)->512K(512K)
[57.168s][info][gc,heap        ] GC(622) ParOldGen: 176231K(699392K)->176359K(699392K)
[57.168s][info][gc,metaspace   ] GC(622) Metaspace: 61180K(62080K)->61180K(62080K) NonClass: 53608K(54080K)->53608K(54080K) Class: 7572K(8000K)->7572K(8000K)
[57.168s][info][gc             ] GC(622) Pause Young (Allocation Failure) 332M->172M(840M) 0.879ms
[57.169s][info][gc,cpu         ] GC(622) User=0.02s Sys=0.00s Real=0.02s
[57.218s][info][gc,start       ] GC(623) Pause Young (Allocation Failure)
[57.219s][info][gc,heap        ] GC(623) PSYoungGen: 161280K(161280K)->160K(159232K) Eden: 160768K(160768K)->0K(158208K) From: 512K(512K)->160K(1024K)
[57.219s][info][gc,heap        ] GC(623) ParOldGen: 176359K(699392K)->176519K(699392K)
[57.219s][info][gc,metaspace   ] GC(623) Metaspace: 61180K(62080K)->61180K(62080K) NonClass: 53608K(54080K)->53608K(54080K) Class: 7572K(8000K)->7572K(8000K)
[57.219s][info][gc             ] GC(623) Pause Young (Allocation Failure) 329M->172M(838M) 0.788ms
[57.219s][info][gc,cpu         ] GC(623) User=0.00s Sys=0.00s Real=0.00s
[57.268s][info][gc,start       ] GC(624) Pause Young (Allocation Failure)
[57.268s][info][gc,heap        ] GC(624) PSYoungGen: 158368K(159232K)->224K(156160K) Eden: 158208K(158208K)->0K(155648K) From: 160K(1024K)->224K(512K)
[57.269s][info][gc,heap        ] GC(624) ParOldGen: 176519K(699392K)->176519K(699392K)
[57.269s][info][gc,metaspace   ] GC(624) Metaspace: 61180K(62080K)->61180K(62080K) NonClass: 53608K(54080K)->53608K(54080K) Class: 7572K(8000K)->7572K(8000K)
[57.269s][info][gc             ] GC(624) Pause Young (Allocation Failure) 327M->172M(835M) 0.789ms
[57.269s][info][gc,cpu         ] GC(624) User=0.00s Sys=0.00s Real=0.00s
[57.316s][info][gc,start       ] GC(625) Pause Young (Allocation Failure)
[57.317s][info][gc,heap        ] GC(625) PSYoungGen: 155872K(156160K)->384K(154112K) Eden: 155648K(155648K)->0K(153088K) From: 224K(512K)->384K(1024K)
[57.317s][info][gc,heap        ] GC(625) ParOldGen: 176519K(699392K)->176527K(699392K)
[57.317s][info][gc,metaspace   ] GC(625) Metaspace: 61180K(62080K)->61180K(62080K) NonClass: 53608K(54080K)->53608K(54080K) Class: 7572K(8000K)->7572K(8000K)
[57.317s][info][gc             ] GC(625) Pause Young (Allocation Failure) 324M->172M(833M) 0.624ms
[57.317s][info][gc,cpu         ] GC(625) User=0.00s Sys=0.00s Real=0.00s
[57.372s][info][gc,start       ] GC(626) Pause Young (Allocation Failure)
[57.372s][info][gc,heap        ] GC(626) PSYoungGen: 153472K(154112K)->224K(151040K) Eden: 153088K(153088K)->0K(150528K) From: 384K(1024K)->224K(512K)
[57.372s][info][gc,heap        ] GC(626) ParOldGen: 176527K(699392K)->176527K(699392K)
[57.372s][info][gc,metaspace   ] GC(626) Metaspace: 61180K(62080K)->61180K(62080K) NonClass: 53608K(54080K)->53608K(54080K) Class: 7572K(8000K)->7572K(8000K)
[57.372s][info][gc             ] GC(626) Pause Young (Allocation Failure) 322M->172M(830M) 0.794ms
[57.373s][info][gc,cpu         ] GC(626) User=0.00s Sys=0.00s Real=0.00s
[57.427s][info][gc,start       ] GC(627) Pause Young (Allocation Failure)
[57.428s][info][gc,heap        ] GC(627) PSYoungGen: 150752K(151040K)->288K(148992K) Eden: 150528K(150528K)->0K(147968K) From: 224K(512K)->288K(1024K)
[57.428s][info][gc,heap        ] GC(627) ParOldGen: 176527K(699392K)->176543K(699392K)
[57.428s][info][gc,metaspace   ] GC(627) Metaspace: 61180K(62080K)->61180K(62080K) NonClass: 53608K(54080K)->53608K(54080K) Class: 7572K(8000K)->7572K(8000K)
[57.428s][info][gc             ] GC(627) Pause Young (Allocation Failure) 319M->172M(828M) 0.703ms
[57.428s][info][gc,cpu         ] GC(627) User=0.00s Sys=0.00s Real=0.00s
[57.474s][info][gc,start       ] GC(628) Pause Young (Allocation Failure)
[57.475s][info][gc,heap        ] GC(628) PSYoungGen: 148256K(148992K)->256K(145920K) Eden: 147968K(147968K)->0K(145408K) From: 288K(1024K)->256K(512K)
[57.475s][info][gc,heap        ] GC(628) ParOldGen: 176543K(699392K)->176567K(699392K)
[57.475s][info][gc,metaspace   ] GC(628) Metaspace: 61180K(62080K)->61180K(62080K) NonClass: 53608K(54080K)->53608K(54080K) Class: 7572K(8000K)->7572K(8000K)
[57.475s][info][gc             ] GC(628) Pause Young (Allocation Failure) 317M->172M(825M) 1.069ms
[57.475s][info][gc,cpu         ] GC(628) User=0.00s Sys=0.00s Real=0.00s
[57.519s][info][gc,start       ] GC(629) Pause Young (Allocation Failure)
[57.520s][info][gc,heap        ] GC(629) PSYoungGen: 145664K(145920K)->320K(143872K) Eden: 145408K(145408K)->0K(142848K) From: 256K(512K)->320K(1024K)
[57.520s][info][gc,heap        ] GC(629) ParOldGen: 176567K(699392K)->176583K(699392K)
[57.520s][info][gc,metaspace   ] GC(629) Metaspace: 61180K(62080K)->61180K(62080K) NonClass: 53608K(54080K)->53608K(54080K) Class: 7572K(8000K)->7572K(8000K)
[57.520s][info][gc             ] GC(629) Pause Young (Allocation Failure) 314M->172M(823M) 0.613ms
[57.520s][info][gc,cpu         ] GC(629) User=0.00s Sys=0.00s Real=0.00s
[57.570s][info][gc,start       ] GC(630) Pause Young (Allocation Failure)
[57.572s][info][gc,heap        ] GC(630) PSYoungGen: 143168K(143872K)->192K(141312K) Eden: 142848K(142848K)->0K(140800K) From: 320K(1024K)->192K(512K)
[57.572s][info][gc,heap        ] GC(630) ParOldGen: 176583K(699392K)->176607K(699392K)
[57.572s][info][gc,metaspace   ] GC(630) Metaspace: 61180K(62080K)->61180K(62080K) NonClass: 53608K(54080K)->53608K(54080K) Class: 7572K(8000K)->7572K(8000K)
[57.572s][info][gc             ] GC(630) Pause Young (Allocation Failure) 312M->172M(821M) 1.345ms
[57.572s][info][gc,cpu         ] GC(630) User=0.00s Sys=0.00s Real=0.00s
[57.623s][info][gc,start       ] GC(631) Pause Young (Allocation Failure)
[57.623s][info][gc,heap        ] GC(631) PSYoungGen: 140992K(141312K)->320K(139776K) Eden: 140800K(140800K)->0K(138752K) From: 192K(512K)->320K(1024K)
[57.623s][info][gc,heap        ] GC(631) ParOldGen: 176607K(699392K)->176623K(699392K)
[57.623s][info][gc,metaspace   ] GC(631) Metaspace: 61180K(62080K)->61180K(62080K) NonClass: 53608K(54080K)->53608K(54080K) Class: 7572K(8000K)->7572K(8000K)
[57.623s][info][gc             ] GC(631) Pause Young (Allocation Failure) 310M->172M(819M) 0.611ms
[57.624s][info][gc,cpu         ] GC(631) User=0.00s Sys=0.00s Real=0.00s
[57.899s][info][gc,start       ] GC(632) Pause Young (System.gc())
[57.900s][info][gc,heap        ] GC(632) PSYoungGen: 133318K(139776K)->608K(139776K) Eden: 132998K(138752K)->0K(138752K) From: 320K(1024K)->608K(1024K)
[57.900s][info][gc,heap        ] GC(632) ParOldGen: 176623K(699392K)->176647K(699392K)
[57.900s][info][gc,metaspace   ] GC(632) Metaspace: 61204K(62144K)->61204K(62144K) NonClass: 53631K(54144K)->53631K(54144K) Class: 7572K(8000K)->7572K(8000K)
[57.900s][info][gc             ] GC(632) Pause Young (System.gc()) 302M->173M(819M) 1.174ms
[57.900s][info][gc,cpu         ] GC(632) User=0.00s Sys=0.00s Real=0.00s
[57.900s][info][gc,start       ] GC(633) Pause Full (System.gc())
[57.900s][info][gc,phases,start] GC(633) Marking Phase
[58.017s][info][gc,phases      ] GC(633) Marking Phase 116.686ms
[58.017s][info][gc,phases,start] GC(633) Summary Phase
[58.017s][info][gc,phases      ] GC(633) Summary Phase 0.015ms
[58.017s][info][gc,phases,start] GC(633) Adjust Roots
[58.027s][info][gc,phases      ] GC(633) Adjust Roots 9.864ms
[58.027s][info][gc,phases,start] GC(633) Compaction Phase
[58.063s][info][gc,phases      ] GC(633) Compaction Phase 35.951ms
[58.063s][info][gc,phases,start] GC(633) Post Compact
[58.064s][info][gc,phases      ] GC(633) Post Compact 1.207ms
[58.064s][info][gc,heap        ] GC(633) PSYoungGen: 608K(139776K)->0K(139776K) Eden: 0K(138752K)->0K(138752K) From: 608K(1024K)->0K(1024K)
[58.064s][info][gc,heap        ] GC(633) ParOldGen: 176647K(699392K)->175857K(699392K)
[58.064s][info][gc,metaspace   ] GC(633) Metaspace: 61204K(62144K)->61204K(62144K) NonClass: 53631K(54144K)->53631K(54144K) Class: 7572K(8000K)->7572K(8000K)
[58.064s][info][gc             ] GC(633) Pause Full (System.gc()) 173M->171M(819M) 164.033ms
[58.064s][info][gc,cpu         ] GC(633) User=2.14s Sys=0.00s Real=0.16s
[58.170s][info][gc,start       ] GC(634) Pause Young (Allocation Failure)
[58.171s][info][gc,heap        ] GC(634) PSYoungGen: 138752K(139776K)->768K(137728K) Eden: 138752K(138752K)->0K(136704K) From: 0K(1024K)->768K(1024K)
[58.171s][info][gc,heap        ] GC(634) ParOldGen: 175857K(699392K)->175857K(699392K)
[58.171s][info][gc,metaspace   ] GC(634) Metaspace: 61217K(62144K)->61217K(62144K) NonClass: 53644K(54144K)->53644K(54144K) Class: 7572K(8000K)->7572K(8000K)
[58.171s][info][gc             ] GC(634) Pause Young (Allocation Failure) 307M->172M(817M) 1.044ms
[58.171s][info][gc,cpu         ] GC(634) User=0.00s Sys=0.00s Real=0.00s
[58.221s][info][gc,start       ] GC(635) Pause Young (Allocation Failure)
[58.222s][info][gc,heap        ] GC(635) PSYoungGen: 137472K(137728K)->512K(135168K) Eden: 136704K(136704K)->0K(134656K) From: 768K(1024K)->512K(512K)
[58.222s][info][gc,heap        ] GC(635) ParOldGen: 175857K(699392K)->176221K(699392K)
[58.222s][info][gc,metaspace   ] GC(635) Metaspace: 61217K(62144K)->61217K(62144K) NonClass: 53644K(54144K)->53644K(54144K) Class: 7572K(8000K)->7572K(8000K)
[58.222s][info][gc             ] GC(635) Pause Young (Allocation Failure) 305M->172M(815M) 0.939ms
[58.222s][info][gc,cpu         ] GC(635) User=0.00s Sys=0.00s Real=0.00s
[58.274s][info][gc,start       ] GC(636) Pause Young (Allocation Failure)
[58.274s][info][gc,heap        ] GC(636) PSYoungGen: 135168K(135168K)->224K(133632K) Eden: 134656K(134656K)->0K(132608K) From: 512K(512K)->224K(1024K)
[58.274s][info][gc,heap        ] GC(636) ParOldGen: 176221K(699392K)->176357K(699392K)
[58.274s][info][gc,metaspace   ] GC(636) Metaspace: 61217K(62144K)->61217K(62144K) NonClass: 53644K(54144K)->53644K(54144K) Class: 7572K(8000K)->7572K(8000K)
[58.274s][info][gc             ] GC(636) Pause Young (Allocation Failure) 304M->172M(813M) 0.609ms
[58.274s][info][gc,cpu         ] GC(636) User=0.00s Sys=0.00s Real=0.00s
[58.324s][info][gc,start       ] GC(637) Pause Young (Allocation Failure)
[58.325s][info][gc,heap        ] GC(637) PSYoungGen: 132832K(133632K)->192K(131072K) Eden: 132608K(132608K)->0K(130560K) From: 224K(1024K)->192K(512K)
[58.325s][info][gc,heap        ] GC(637) ParOldGen: 176357K(699392K)->176357K(699392K)
[58.325s][info][gc,metaspace   ] GC(637) Metaspace: 61217K(62144K)->61217K(62144K) NonClass: 53644K(54144K)->53644K(54144K) Class: 7572K(8000K)->7572K(8000K)
[58.325s][info][gc             ] GC(637) Pause Young (Allocation Failure) 301M->172M(811M) 0.786ms
[58.325s][info][gc,cpu         ] GC(637) User=0.00s Sys=0.00s Real=0.00s
[58.375s][info][gc,start       ] GC(638) Pause Young (Allocation Failure)
[58.375s][info][gc,heap        ] GC(638) PSYoungGen: 130752K(131072K)->288K(129536K) Eden: 130560K(130560K)->0K(128512K) From: 192K(512K)->288K(1024K)
[58.375s][info][gc,heap        ] GC(638) ParOldGen: 176357K(699392K)->176365K(699392K)
[58.375s][info][gc,metaspace   ] GC(638) Metaspace: 61217K(62144K)->61217K(62144K) NonClass: 53644K(54144K)->53644K(54144K) Class: 7572K(8000K)->7572K(8000K)
[58.375s][info][gc             ] GC(638) Pause Young (Allocation Failure) 299M->172M(809M) 0.747ms
[58.375s][info][gc,cpu         ] GC(638) User=0.00s Sys=0.00s Real=0.00s
[58.418s][info][gc,start       ] GC(639) Pause Young (Allocation Failure)
[58.419s][info][gc,heap        ] GC(639) PSYoungGen: 128800K(129536K)->224K(126976K) Eden: 128512K(128512K)->0K(126464K) From: 288K(1024K)->224K(512K)
[58.419s][info][gc,heap        ] GC(639) ParOldGen: 176365K(699392K)->176373K(699392K)
[58.419s][info][gc,metaspace   ] GC(639) Metaspace: 61217K(62144K)->61217K(62144K) NonClass: 53644K(54144K)->53644K(54144K) Class: 7572K(8000K)->7572K(8000K)
[58.419s][info][gc             ] GC(639) Pause Young (Allocation Failure) 298M->172M(807M) 0.891ms
[58.419s][info][gc,cpu         ] GC(639) User=0.00s Sys=0.00s Real=0.00s
[58.470s][info][gc,start       ] GC(640) Pause Young (Allocation Failure)
[58.470s][info][gc,heap        ] GC(640) PSYoungGen: 126688K(126976K)->224K(125440K) Eden: 126464K(126464K)->0K(124416K) From: 224K(512K)->224K(1024K)
[58.470s][info][gc,heap        ] GC(640) ParOldGen: 176373K(699392K)->176381K(699392K)
[58.470s][info][gc,metaspace   ] GC(640) Metaspace: 61217K(62144K)->61217K(62144K) NonClass: 53644K(54144K)->53644K(54144K) Class: 7572K(8000K)->7572K(8000K)
[58.470s][info][gc             ] GC(640) Pause Young (Allocation Failure) 295M->172M(805M) 0.695ms
[58.470s][info][gc,cpu         ] GC(640) User=0.00s Sys=0.00s Real=0.00s
[58.519s][info][gc,start       ] GC(641) Pause Young (Allocation Failure)
[58.520s][info][gc,heap        ] GC(641) PSYoungGen: 124640K(125440K)->288K(123392K) Eden: 124416K(124416K)->0K(122880K) From: 224K(1024K)->288K(512K)
[58.520s][info][gc,heap        ] GC(641) ParOldGen: 176381K(699392K)->176389K(699392K)
[58.520s][info][gc,metaspace   ] GC(641) Metaspace: 61217K(62144K)->61217K(62144K) NonClass: 53644K(54144K)->53644K(54144K) Class: 7572K(8000K)->7572K(8000K)
[58.520s][info][gc             ] GC(641) Pause Young (Allocation Failure) 293M->172M(803M) 0.694ms
[58.520s][info][gc,cpu         ] GC(641) User=0.00s Sys=0.00s Real=0.00s
[58.569s][info][gc,start       ] GC(642) Pause Young (Allocation Failure)
[58.569s][info][gc,heap        ] GC(642) PSYoungGen: 123168K(123392K)->256K(122368K) Eden: 122880K(122880K)->0K(121344K) From: 288K(512K)->256K(1024K)
[58.569s][info][gc,heap        ] GC(642) ParOldGen: 176389K(699392K)->176413K(699392K)
[58.569s][info][gc,metaspace   ] GC(642) Metaspace: 61217K(62144K)->61217K(62144K) NonClass: 53644K(54144K)->53644K(54144K) Class: 7572K(8000K)->7572K(8000K)
[58.569s][info][gc             ] GC(642) Pause Young (Allocation Failure) 292M->172M(802M) 0.723ms
[58.569s][info][gc,cpu         ] GC(642) User=0.00s Sys=0.00s Real=0.00s
[58.618s][info][gc,start       ] GC(643) Pause Young (Allocation Failure)
[58.618s][info][gc,heap        ] GC(643) PSYoungGen: 121600K(122368K)->288K(120320K) Eden: 121344K(121344K)->0K(119808K) From: 256K(1024K)->288K(512K)
[58.618s][info][gc,heap        ] GC(643) ParOldGen: 176413K(699392K)->176429K(699392K)
[58.618s][info][gc,metaspace   ] GC(643) Metaspace: 61217K(62144K)->61217K(62144K) NonClass: 53644K(54144K)->53644K(54144K) Class: 7572K(8000K)->7572K(8000K)
[58.618s][info][gc             ] GC(643) Pause Young (Allocation Failure) 291M->172M(800M) 0.794ms
[58.618s][info][gc,cpu         ] GC(643) User=0.00s Sys=0.00s Real=0.02s
[58.658s][info][gc,start       ] GC(644) Pause Young (Allocation Failure)
[58.659s][info][gc,heap        ] GC(644) PSYoungGen: 120096K(120320K)->192K(144896K) Eden: 119808K(119808K)->0K(143872K) From: 288K(512K)->192K(1024K)
[58.659s][info][gc,heap        ] GC(644) ParOldGen: 176429K(699392K)->176453K(699392K)
[58.659s][info][gc,metaspace   ] GC(644) Metaspace: 61217K(62144K)->61217K(62144K) NonClass: 53644K(54144K)->53644K(54144K) Class: 7572K(8000K)->7572K(8000K)
[58.659s][info][gc             ] GC(644) Pause Young (Allocation Failure) 289M->172M(824M) 0.745ms
[58.659s][info][gc,cpu         ] GC(644) User=0.00s Sys=0.00s Real=0.00s
[58.706s][info][gc,start       ] GC(645) Pause Young (Allocation Failure)
[58.707s][info][gc,heap        ] GC(645) PSYoungGen: 144064K(144896K)->288K(173568K) Eden: 143872K(143872K)->0K(173056K) From: 192K(1024K)->288K(512K)
[58.707s][info][gc,heap        ] GC(645) ParOldGen: 176453K(699392K)->176469K(699392K)
[58.707s][info][gc,metaspace   ] GC(645) Metaspace: 61217K(62144K)->61217K(62144K) NonClass: 53644K(54144K)->53644K(54144K) Class: 7572K(8000K)->7572K(8000K)
[58.707s][info][gc             ] GC(645) Pause Young (Allocation Failure) 313M->172M(852M) 0.853ms
[58.707s][info][gc,cpu         ] GC(645) User=0.00s Sys=0.00s Real=0.00s
[58.770s][info][gc,start       ] GC(646) Pause Young (Allocation Failure)
[58.771s][info][gc,heap        ] GC(646) PSYoungGen: 173344K(173568K)->128K(171008K) Eden: 173056K(173056K)->0K(169984K) From: 288K(512K)->128K(1024K)
[58.771s][info][gc,heap        ] GC(646) ParOldGen: 176469K(699392K)->176493K(699392K)
[58.771s][info][gc,metaspace   ] GC(646) Metaspace: 61217K(62144K)->61217K(62144K) NonClass: 53644K(54144K)->53644K(54144K) Class: 7572K(8000K)->7572K(8000K)
[58.771s][info][gc             ] GC(646) Pause Young (Allocation Failure) 341M->172M(850M) 0.736ms
[58.771s][info][gc,cpu         ] GC(646) User=0.00s Sys=0.00s Real=0.00s
[58.845s][info][gc,start       ] GC(647) Pause Young (Allocation Failure)
[58.846s][info][gc,heap        ] GC(647) PSYoungGen: 170112K(171008K)->640K(167936K) Eden: 169984K(169984K)->0K(166912K) From: 128K(1024K)->640K(1024K)
[58.846s][info][gc,heap        ] GC(647) ParOldGen: 176493K(699392K)->176509K(699392K)
[58.846s][info][gc,metaspace   ] GC(647) Metaspace: 61217K(62144K)->61217K(62144K) NonClass: 53644K(54144K)->53644K(54144K) Class: 7572K(8000K)->7572K(8000K)
[58.846s][info][gc             ] GC(647) Pause Young (Allocation Failure) 338M->172M(847M) 0.870ms
[58.846s][info][gc,cpu         ] GC(647) User=0.00s Sys=0.00s Real=0.00s
[58.911s][info][gc,start       ] GC(648) Pause Young (System.gc())
[58.913s][info][gc,heap        ] GC(648) PSYoungGen: 84043K(167936K)->640K(167936K) Eden: 83403K(166912K)->0K(166912K) From: 640K(1024K)->640K(1024K)
[58.913s][info][gc,heap        ] GC(648) ParOldGen: 176509K(699392K)->176645K(699392K)
[58.913s][info][gc,metaspace   ] GC(648) Metaspace: 61233K(62144K)->61233K(62144K) NonClass: 53660K(54144K)->53660K(54144K) Class: 7572K(8000K)->7572K(8000K)
[58.913s][info][gc             ] GC(648) Pause Young (System.gc()) 254M->173M(847M) 1.595ms
[58.913s][info][gc,cpu         ] GC(648) User=0.00s Sys=0.00s Real=0.00s
[58.913s][info][gc,start       ] GC(649) Pause Full (System.gc())
[58.913s][info][gc,phases,start] GC(649) Marking Phase
[59.016s][info][gc,phases      ] GC(649) Marking Phase 103.226ms
[59.016s][info][gc,phases,start] GC(649) Summary Phase
[59.016s][info][gc,phases      ] GC(649) Summary Phase 0.016ms
[59.016s][info][gc,phases,start] GC(649) Adjust Roots
[59.026s][info][gc,phases      ] GC(649) Adjust Roots 9.268ms
[59.026s][info][gc,phases,start] GC(649) Compaction Phase
[59.053s][info][gc,phases      ] GC(649) Compaction Phase 26.950ms
[59.053s][info][gc,phases,start] GC(649) Post Compact
[59.054s][info][gc,phases      ] GC(649) Post Compact 1.094ms
[59.054s][info][gc,heap        ] GC(649) PSYoungGen: 640K(167936K)->0K(167936K) Eden: 0K(166912K)->0K(166912K) From: 640K(1024K)->0K(1024K)
[59.054s][info][gc,heap        ] GC(649) ParOldGen: 176645K(699392K)->175873K(699392K)
[59.054s][info][gc,metaspace   ] GC(649) Metaspace: 61233K(62144K)->61233K(62144K) NonClass: 53660K(54144K)->53660K(54144K) Class: 7572K(8000K)->7572K(8000K)
[59.054s][info][gc             ] GC(649) Pause Full (System.gc()) 173M->171M(847M) 140.805ms
[59.054s][info][gc,cpu         ] GC(649) User=2.23s Sys=0.00s Real=0.14s
[59.169s][info][gc,start       ] GC(650) Pause Young (Allocation Failure)
[59.170s][info][gc,heap        ] GC(650) PSYoungGen: 166912K(167936K)->512K(164352K) Eden: 166912K(166912K)->0K(163840K) From: 0K(1024K)->512K(512K)
[59.170s][info][gc,heap        ] GC(650) ParOldGen: 175873K(699392K)->176020K(699392K)
[59.170s][info][gc,metaspace   ] GC(650) Metaspace: 61235K(62144K)->61235K(62144K) NonClass: 53662K(54144K)->53662K(54144K) Class: 7572K(8000K)->7572K(8000K)
[59.170s][info][gc             ] GC(650) Pause Young (Allocation Failure) 334M->172M(843M) 0.991ms
[59.170s][info][gc,cpu         ] GC(650) User=0.00s Sys=0.00s Real=0.00s
[59.221s][info][gc,start       ] GC(651) Pause Young (Allocation Failure)
[59.222s][info][gc,heap        ] GC(651) PSYoungGen: 164352K(164352K)->608K(161792K) Eden: 163840K(163840K)->0K(160768K) From: 512K(512K)->608K(1024K)
[59.222s][info][gc,heap        ] GC(651) ParOldGen: 176020K(699392K)->176271K(699392K)
[59.222s][info][gc,metaspace   ] GC(651) Metaspace: 61235K(62144K)->61235K(62144K) NonClass: 53662K(54144K)->53662K(54144K) Class: 7572K(8000K)->7572K(8000K)
[59.222s][info][gc             ] GC(651) Pause Young (Allocation Failure) 332M->172M(841M) 0.905ms
[59.222s][info][gc,cpu         ] GC(651) User=0.00s Sys=0.00s Real=0.00s
[59.280s][info][gc,start       ] GC(652) Pause Young (Allocation Failure)
[59.281s][info][gc,heap        ] GC(652) PSYoungGen: 161376K(161792K)->160K(158720K) Eden: 160768K(160768K)->0K(158208K) From: 608K(1024K)->160K(512K)
[59.281s][info][gc,heap        ] GC(652) ParOldGen: 176271K(699392K)->176407K(699392K)
[59.281s][info][gc,metaspace   ] GC(652) Metaspace: 61235K(62144K)->61235K(62144K) NonClass: 53662K(54144K)->53662K(54144K) Class: 7572K(8000K)->7572K(8000K)
[59.281s][info][gc             ] GC(652) Pause Young (Allocation Failure) 329M->172M(838M) 1.197ms
[59.281s][info][gc,cpu         ] GC(652) User=0.02s Sys=0.00s Real=0.01s
[59.330s][info][gc,start       ] GC(653) Pause Young (Allocation Failure)
[59.330s][info][gc,heap        ] GC(653) PSYoungGen: 158368K(158720K)->320K(156672K) Eden: 158208K(158208K)->0K(155648K) From: 160K(512K)->320K(1024K)
[59.330s][info][gc,heap        ] GC(653) ParOldGen: 176407K(699392K)->176407K(699392K)
[59.330s][info][gc,metaspace   ] GC(653) Metaspace: 61235K(62144K)->61235K(62144K) NonClass: 53662K(54144K)->53662K(54144K) Class: 7572K(8000K)->7572K(8000K)
[59.330s][info][gc             ] GC(653) Pause Young (Allocation Failure) 326M->172M(836M) 0.620ms
[59.331s][info][gc,cpu         ] GC(653) User=0.00s Sys=0.00s Real=0.00s
[59.386s][info][gc,start       ] GC(654) Pause Young (Allocation Failure)
[59.387s][info][gc,heap        ] GC(654) PSYoungGen: 155968K(156672K)->320K(153600K) Eden: 155648K(155648K)->0K(153088K) From: 320K(1024K)->320K(512K)
[59.387s][info][gc,heap        ] GC(654) ParOldGen: 176407K(699392K)->176415K(699392K)
[59.387s][info][gc,metaspace   ] GC(654) Metaspace: 61235K(62144K)->61235K(62144K) NonClass: 53662K(54144K)->53662K(54144K) Class: 7572K(8000K)->7572K(8000K)
[59.387s][info][gc             ] GC(654) Pause Young (Allocation Failure) 324M->172M(833M) 0.811ms
[59.387s][info][gc,cpu         ] GC(654) User=0.00s Sys=0.00s Real=0.00s
[59.442s][info][gc,start       ] GC(655) Pause Young (Allocation Failure)
[59.442s][info][gc,heap        ] GC(655) PSYoungGen: 153408K(153600K)->256K(151552K) Eden: 153088K(153088K)->0K(150528K) From: 320K(512K)->256K(1024K)
[59.442s][info][gc,heap        ] GC(655) ParOldGen: 176415K(699392K)->176415K(699392K)
[59.442s][info][gc,metaspace   ] GC(655) Metaspace: 61235K(62144K)->61235K(62144K) NonClass: 53662K(54144K)->53662K(54144K) Class: 7572K(8000K)->7572K(8000K)
[59.442s][info][gc             ] GC(655) Pause Young (Allocation Failure) 322M->172M(831M) 0.597ms
[59.442s][info][gc,cpu         ] GC(655) User=0.00s Sys=0.00s Real=0.00s
[59.496s][info][gc,start       ] GC(656) Pause Young (Allocation Failure)
[59.496s][info][gc,heap        ] GC(656) PSYoungGen: 150784K(151552K)->288K(148480K) Eden: 150528K(150528K)->0K(147968K) From: 256K(1024K)->288K(512K)
[59.496s][info][gc,heap        ] GC(656) ParOldGen: 176415K(699392K)->176431K(699392K)
[59.497s][info][gc,metaspace   ] GC(656) Metaspace: 61235K(62144K)->61235K(62144K) NonClass: 53662K(54144K)->53662K(54144K) Class: 7572K(8000K)->7572K(8000K)
[59.497s][info][gc             ] GC(656) Pause Young (Allocation Failure) 319M->172M(828M) 0.788ms
[59.497s][info][gc,cpu         ] GC(656) User=0.00s Sys=0.00s Real=0.00s
[59.558s][info][gc,start       ] GC(657) Pause Young (Allocation Failure)
[59.558s][info][gc,heap        ] GC(657) PSYoungGen: 148256K(148480K)->160K(146432K) Eden: 147968K(147968K)->0K(145408K) From: 288K(512K)->160K(1024K)
[59.558s][info][gc,heap        ] GC(657) ParOldGen: 176431K(699392K)->176447K(699392K)
[59.558s][info][gc,metaspace   ] GC(657) Metaspace: 61235K(62144K)->61235K(62144K) NonClass: 53662K(54144K)->53662K(54144K) Class: 7572K(8000K)->7572K(8000K)
[59.558s][info][gc             ] GC(657) Pause Young (Allocation Failure) 317M->172M(826M) 0.762ms
[59.559s][info][gc,cpu         ] GC(657) User=0.00s Sys=0.00s Real=0.00s
[59.610s][info][gc,start       ] GC(658) Pause Young (Allocation Failure)
[59.612s][info][gc,heap        ] GC(658) PSYoungGen: 145568K(146432K)->224K(143360K) Eden: 145408K(145408K)->0K(142848K) From: 160K(1024K)->224K(512K)
[59.612s][info][gc,heap        ] GC(658) ParOldGen: 176447K(699392K)->176455K(699392K)
[59.612s][info][gc,metaspace   ] GC(658) Metaspace: 61235K(62144K)->61235K(62144K) NonClass: 53662K(54144K)->53662K(54144K) Class: 7572K(8000K)->7572K(8000K)
[59.612s][info][gc             ] GC(658) Pause Young (Allocation Failure) 314M->172M(823M) 1.397ms
[59.612s][info][gc,cpu         ] GC(658) User=0.00s Sys=0.00s Real=0.00s
[59.656s][info][gc,start       ] GC(659) Pause Young (Allocation Failure)
[59.656s][info][gc,heap        ] GC(659) PSYoungGen: 143072K(143360K)->192K(141824K) Eden: 142848K(142848K)->0K(140800K) From: 224K(512K)->192K(1024K)
[59.656s][info][gc,heap        ] GC(659) ParOldGen: 176455K(699392K)->176471K(699392K)
[59.656s][info][gc,metaspace   ] GC(659) Metaspace: 61235K(62144K)->61235K(62144K) NonClass: 53662K(54144K)->53662K(54144K) Class: 7572K(8000K)->7572K(8000K)
[59.656s][info][gc             ] GC(659) Pause Young (Allocation Failure) 312M->172M(821M) 0.705ms
[59.656s][info][gc,cpu         ] GC(659) User=0.52s Sys=0.00s Real=0.01s
[59.704s][info][gc,start       ] GC(660) Pause Young (Allocation Failure)
[59.705s][info][gc,heap        ] GC(660) PSYoungGen: 140992K(141824K)->224K(139264K) Eden: 140800K(140800K)->0K(138752K) From: 192K(1024K)->224K(512K)
[59.705s][info][gc,heap        ] GC(660) ParOldGen: 176471K(699392K)->176487K(699392K)
[59.705s][info][gc,metaspace   ] GC(660) Metaspace: 61235K(62144K)->61235K(62144K) NonClass: 53662K(54144K)->53662K(54144K) Class: 7572K(8000K)->7572K(8000K)
[59.705s][info][gc             ] GC(660) Pause Young (Allocation Failure) 310M->172M(819M) 0.949ms
[59.705s][info][gc,cpu         ] GC(660) User=0.00s Sys=0.00s Real=0.00s
[59.751s][info][gc,start       ] GC(661) Pause Young (Allocation Failure)
[59.751s][info][gc,heap        ] GC(661) PSYoungGen: 138976K(139264K)->192K(137728K) Eden: 138752K(138752K)->0K(136704K) From: 224K(512K)->192K(1024K)
[59.751s][info][gc,heap        ] GC(661) ParOldGen: 176487K(699392K)->176503K(699392K)
[59.751s][info][gc,metaspace   ] GC(661) Metaspace: 61235K(62144K)->61235K(62144K) NonClass: 53662K(54144K)->53662K(54144K) Class: 7572K(8000K)->7572K(8000K)
[59.751s][info][gc             ] GC(661) Pause Young (Allocation Failure) 308M->172M(817M) 0.604ms
[59.751s][info][gc,cpu         ] GC(661) User=0.00s Sys=0.00s Real=0.00s
[59.826s][info][gc,start       ] GC(662) Pause Young (Allocation Failure)
[59.827s][info][gc,heap        ] GC(662) PSYoungGen: 136896K(137728K)->608K(135680K) Eden: 136704K(136704K)->0K(134656K) From: 192K(1024K)->608K(1024K)
[59.827s][info][gc,heap        ] GC(662) ParOldGen: 176503K(699392K)->176527K(699392K)
[59.827s][info][gc,metaspace   ] GC(662) Metaspace: 61235K(62144K)->61235K(62144K) NonClass: 53662K(54144K)->53662K(54144K) Class: 7572K(8000K)->7572K(8000K)
[59.827s][info][gc             ] GC(662) Pause Young (Allocation Failure) 306M->172M(815M) 0.868ms
[59.827s][info][gc,cpu         ] GC(662) User=0.00s Sys=0.00s Real=0.00s
[59.871s][info][gc,start       ] GC(663) Pause Young (System.gc())
[59.872s][info][gc,heap        ] GC(663) PSYoungGen: 25928K(135680K)->608K(135680K) Eden: 25320K(134656K)->0K(134656K) From: 608K(1024K)->608K(1024K)
[59.872s][info][gc,heap        ] GC(663) ParOldGen: 176527K(699392K)->176663K(699392K)
[59.872s][info][gc,metaspace   ] GC(663) Metaspace: 61235K(62144K)->61235K(62144K) NonClass: 53662K(54144K)->53662K(54144K) Class: 7572K(8000K)->7572K(8000K)
[59.872s][info][gc             ] GC(663) Pause Young (System.gc()) 197M->173M(815M) 1.125ms
[59.872s][info][gc,cpu         ] GC(663) User=0.00s Sys=0.00s Real=0.00s
[59.873s][info][gc,start       ] GC(664) Pause Full (System.gc())
[59.873s][info][gc,phases,start] GC(664) Marking Phase
[59.972s][info][gc,phases      ] GC(664) Marking Phase 99.770ms
[59.972s][info][gc,phases,start] GC(664) Summary Phase
[59.972s][info][gc,phases      ] GC(664) Summary Phase 0.014ms
[59.972s][info][gc,phases,start] GC(664) Adjust Roots
[59.982s][info][gc,phases      ] GC(664) Adjust Roots 9.119ms
[59.982s][info][gc,phases,start] GC(664) Compaction Phase
[60.008s][info][gc,phases      ] GC(664) Compaction Phase 26.512ms
[60.008s][info][gc,phases,start] GC(664) Post Compact
[60.009s][info][gc,phases      ] GC(664) Post Compact 1.112ms
[60.009s][info][gc,heap        ] GC(664) PSYoungGen: 608K(135680K)->0K(135680K) Eden: 0K(134656K)->0K(134656K) From: 608K(1024K)->0K(1024K)
[60.009s][info][gc,heap        ] GC(664) ParOldGen: 176663K(699392K)->175890K(699392K)
[60.009s][info][gc,metaspace   ] GC(664) Metaspace: 61235K(62144K)->61235K(62144K) NonClass: 53662K(54144K)->53662K(54144K) Class: 7572K(8000K)->7572K(8000K)
[60.009s][info][gc             ] GC(664) Pause Full (System.gc()) 173M->171M(815M) 136.800ms
[60.009s][info][gc,cpu         ] GC(664) User=1.83s Sys=0.00s Real=0.14s
[60.102s][info][gc,start       ] GC(665) Pause Young (Allocation Failure)
[60.103s][info][gc,heap        ] GC(665) PSYoungGen: 134656K(135680K)->512K(133120K) Eden: 134656K(134656K)->0K(132608K) From: 0K(1024K)->512K(512K)
[60.103s][info][gc,heap        ] GC(665) ParOldGen: 175890K(699392K)->176030K(699392K)
[60.103s][info][gc,metaspace   ] GC(665) Metaspace: 61242K(62144K)->61242K(62144K) NonClass: 53669K(54144K)->53669K(54144K) Class: 7572K(8000K)->7572K(8000K)
[60.103s][info][gc             ] GC(665) Pause Young (Allocation Failure) 303M->172M(813M) 1.052ms
[60.103s][info][gc,cpu         ] GC(665) User=0.00s Sys=0.00s Real=0.00s
[60.145s][info][gc,start       ] GC(666) Pause Young (Allocation Failure)
[60.145s][info][gc,heap        ] GC(666) PSYoungGen: 133120K(133120K)->544K(131584K) Eden: 132608K(132608K)->0K(130560K) From: 512K(512K)->544K(1024K)
[60.145s][info][gc,heap        ] GC(666) ParOldGen: 176030K(699392K)->176267K(699392K)
[60.145s][info][gc,metaspace   ] GC(666) Metaspace: 61242K(62144K)->61242K(62144K) NonClass: 53669K(54144K)->53669K(54144K) Class: 7572K(8000K)->7572K(8000K)
[60.145s][info][gc             ] GC(666) Pause Young (Allocation Failure) 301M->172M(811M) 0.778ms
[60.145s][info][gc,cpu         ] GC(666) User=0.00s Sys=0.00s Real=0.00s
[60.194s][info][gc,start       ] GC(667) Pause Young (Allocation Failure)
[60.195s][info][gc,heap        ] GC(667) PSYoungGen: 131104K(131584K)->192K(129024K) Eden: 130560K(130560K)->0K(128512K) From: 544K(1024K)->192K(512K)
[60.195s][info][gc,heap        ] GC(667) ParOldGen: 176267K(699392K)->176387K(699392K)
[60.195s][info][gc,metaspace   ] GC(667) Metaspace: 61242K(62144K)->61242K(62144K) NonClass: 53669K(54144K)->53669K(54144K) Class: 7572K(8000K)->7572K(8000K)
[60.195s][info][gc             ] GC(667) Pause Young (Allocation Failure) 300M->172M(809M) 1.126ms
[60.195s][info][gc,cpu         ] GC(667) User=0.00s Sys=0.02s Real=0.01s
[60.243s][info][gc,start       ] GC(668) Pause Young (Allocation Failure)
[60.243s][info][gc,heap        ] GC(668) PSYoungGen: 128704K(129024K)->288K(127488K) Eden: 128512K(128512K)->0K(126464K) From: 192K(512K)->288K(1024K)
[60.243s][info][gc,heap        ] GC(668) ParOldGen: 176387K(699392K)->176395K(699392K)
[60.243s][info][gc,metaspace   ] GC(668) Metaspace: 61242K(62144K)->61242K(62144K) NonClass: 53669K(54144K)->53669K(54144K) Class: 7572K(8000K)->7572K(8000K)
[60.243s][info][gc             ] GC(668) Pause Young (Allocation Failure) 297M->172M(807M) 0.750ms
[60.243s][info][gc,cpu         ] GC(668) User=0.00s Sys=0.00s Real=0.00s
[60.283s][info][gc,start       ] GC(669) Pause Young (Allocation Failure)
[60.283s][info][gc,heap        ] GC(669) PSYoungGen: 126752K(127488K)->320K(152576K) Eden: 126464K(126464K)->0K(152064K) From: 288K(1024K)->320K(512K)
[60.283s][info][gc,heap        ] GC(669) ParOldGen: 176395K(699392K)->176403K(699392K)
[60.283s][info][gc,metaspace   ] GC(669) Metaspace: 61242K(62144K)->61242K(62144K) NonClass: 53669K(54144K)->53669K(54144K) Class: 7572K(8000K)->7572K(8000K)
[60.283s][info][gc             ] GC(669) Pause Young (Allocation Failure) 296M->172M(832M) 0.747ms
[60.283s][info][gc,cpu         ] GC(669) User=0.00s Sys=0.00s Real=0.00s
[60.337s][info][gc,start       ] GC(670) Pause Young (Allocation Failure)
[60.337s][info][gc,heap        ] GC(670) PSYoungGen: 152384K(152576K)->352K(183808K) Eden: 152064K(152064K)->0K(182784K) From: 320K(512K)->352K(1024K)
[60.338s][info][gc,heap        ] GC(670) ParOldGen: 176403K(699392K)->176403K(699392K)
[60.338s][info][gc,metaspace   ] GC(670) Metaspace: 61242K(62144K)->61242K(62144K) NonClass: 53669K(54144K)->53669K(54144K) Class: 7572K(8000K)->7572K(8000K)
[60.338s][info][gc             ] GC(670) Pause Young (Allocation Failure) 321M->172M(862M) 0.608ms
[60.338s][info][gc,cpu         ] GC(670) User=0.00s Sys=0.00s Real=0.00s
[60.411s][info][gc,start       ] GC(671) Pause Young (Allocation Failure)
[60.412s][info][gc,heap        ] GC(671) PSYoungGen: 183136K(183808K)->352K(179712K) Eden: 182784K(182784K)->0K(179200K) From: 352K(1024K)->352K(512K)
[60.412s][info][gc,heap        ] GC(671) ParOldGen: 176403K(699392K)->176411K(699392K)
[60.412s][info][gc,metaspace   ] GC(671) Metaspace: 61242K(62144K)->61242K(62144K) NonClass: 53669K(54144K)->53669K(54144K) Class: 7572K(8000K)->7572K(8000K)
[60.412s][info][gc             ] GC(671) Pause Young (Allocation Failure) 351M->172M(858M) 0.825ms
[60.412s][info][gc,cpu         ] GC(671) User=0.00s Sys=0.00s Real=0.00s
[60.475s][info][gc,start       ] GC(672) Pause Young (Allocation Failure)
[60.476s][info][gc,heap        ] GC(672) PSYoungGen: 179552K(179712K)->320K(176640K) Eden: 179200K(179200K)->0K(175616K) From: 352K(512K)->320K(1024K)
[60.476s][info][gc,heap        ] GC(672) ParOldGen: 176411K(699392K)->176411K(699392K)
[60.476s][info][gc,metaspace   ] GC(672) Metaspace: 61242K(62144K)->61242K(62144K) NonClass: 53669K(54144K)->53669K(54144K) Class: 7572K(8000K)->7572K(8000K)
[60.476s][info][gc             ] GC(672) Pause Young (Allocation Failure) 347M->172M(855M) 0.710ms
[60.476s][info][gc,cpu         ] GC(672) User=0.00s Sys=0.00s Real=0.00s
[60.530s][info][gc,start       ] GC(673) Pause Young (Allocation Failure)
[60.541s][info][gc,heap        ] GC(673) PSYoungGen: 175936K(176640K)->320K(173056K) Eden: 175616K(175616K)->0K(172544K) From: 320K(1024K)->320K(512K)
[60.541s][info][gc,heap        ] GC(673) ParOldGen: 176411K(699392K)->176419K(699392K)
[60.541s][info][gc,metaspace   ] GC(673) Metaspace: 61242K(62144K)->61242K(62144K) NonClass: 53669K(54144K)->53669K(54144K) Class: 7572K(8000K)->7572K(8000K)
[60.541s][info][gc             ] GC(673) Pause Young (Allocation Failure) 344M->172M(852M) 11.116ms
[60.541s][info][gc,cpu         ] GC(673) User=0.00s Sys=0.00s Real=0.02s
[60.605s][info][gc,start       ] GC(674) Pause Young (Allocation Failure)
[60.605s][info][gc,heap        ] GC(674) PSYoungGen: 172864K(173056K)->224K(170496K) Eden: 172544K(172544K)->0K(169472K) From: 320K(512K)->224K(1024K)
[60.606s][info][gc,heap        ] GC(674) ParOldGen: 176419K(699392K)->176427K(699392K)
[60.606s][info][gc,metaspace   ] GC(674) Metaspace: 61242K(62144K)->61242K(62144K) NonClass: 53669K(54144K)->53669K(54144K) Class: 7572K(8000K)->7572K(8000K)
[60.606s][info][gc             ] GC(674) Pause Young (Allocation Failure) 341M->172M(849M) 0.769ms
[60.606s][info][gc,cpu         ] GC(674) User=0.00s Sys=0.00s Real=0.00s
[60.669s][info][gc,start       ] GC(675) Pause Young (Allocation Failure)
[60.669s][info][gc,heap        ] GC(675) PSYoungGen: 169696K(170496K)->288K(166912K) Eden: 169472K(169472K)->0K(166400K) From: 224K(1024K)->288K(512K)
[60.669s][info][gc,heap        ] GC(675) ParOldGen: 176427K(699392K)->176443K(699392K)
[60.670s][info][gc,metaspace   ] GC(675) Metaspace: 61242K(62144K)->61242K(62144K) NonClass: 53669K(54144K)->53669K(54144K) Class: 7572K(8000K)->7572K(8000K)
[60.670s][info][gc             ] GC(675) Pause Young (Allocation Failure) 338M->172M(846M) 0.872ms
[60.670s][info][gc,cpu         ] GC(675) User=0.00s Sys=0.00s Real=0.00s
[60.723s][info][gc,start       ] GC(676) Pause Young (Allocation Failure)
[60.724s][info][gc,heap        ] GC(676) PSYoungGen: 166688K(166912K)->256K(164352K) Eden: 166400K(166400K)->0K(163328K) From: 288K(512K)->256K(1024K)
[60.724s][info][gc,heap        ] GC(676) ParOldGen: 176443K(699392K)->176467K(699392K)
[60.724s][info][gc,metaspace   ] GC(676) Metaspace: 61242K(62144K)->61242K(62144K) NonClass: 53669K(54144K)->53669K(54144K) Class: 7572K(8000K)->7572K(8000K)
[60.724s][info][gc             ] GC(676) Pause Young (Allocation Failure) 335M->172M(843M) 0.702ms
[60.724s][info][gc,cpu         ] GC(676) User=0.00s Sys=0.00s Real=0.00s
[60.810s][info][gc,start       ] GC(677) Pause Young (System.gc())
[60.811s][info][gc,heap        ] GC(677) PSYoungGen: 138591K(164352K)->640K(164352K) Eden: 138335K(163328K)->0K(163328K) From: 256K(1024K)->640K(1024K)
[60.811s][info][gc,heap        ] GC(677) ParOldGen: 176467K(699392K)->176483K(699392K)
[60.811s][info][gc,metaspace   ] GC(677) Metaspace: 61249K(62144K)->61249K(62144K) NonClass: 53676K(54144K)->53676K(54144K) Class: 7572K(8000K)->7572K(8000K)
[60.811s][info][gc             ] GC(677) Pause Young (System.gc()) 307M->172M(843M) 0.967ms
[60.812s][info][gc,cpu         ] GC(677) User=0.00s Sys=0.00s Real=0.00s
[60.812s][info][gc,start       ] GC(678) Pause Full (System.gc())
[60.812s][info][gc,phases,start] GC(678) Marking Phase
[60.919s][info][gc,phases      ] GC(678) Marking Phase 106.855ms
[60.919s][info][gc,phases,start] GC(678) Summary Phase
[60.919s][info][gc,phases      ] GC(678) Summary Phase 0.016ms
[60.919s][info][gc,phases,start] GC(678) Adjust Roots
[60.928s][info][gc,phases      ] GC(678) Adjust Roots 9.420ms
[60.928s][info][gc,phases,start] GC(678) Compaction Phase
[60.955s][info][gc,phases      ] GC(678) Compaction Phase 26.915ms
[60.955s][info][gc,phases,start] GC(678) Post Compact
[60.956s][info][gc,phases      ] GC(678) Post Compact 1.314ms
[60.956s][info][gc,heap        ] GC(678) PSYoungGen: 640K(164352K)->0K(164352K) Eden: 0K(163328K)->0K(163328K) From: 640K(1024K)->0K(1024K)
[60.956s][info][gc,heap        ] GC(678) ParOldGen: 176483K(699392K)->175908K(699392K)
[60.957s][info][gc,metaspace   ] GC(678) Metaspace: 61249K(62144K)->61249K(62144K) NonClass: 53676K(54144K)->53676K(54144K) Class: 7572K(8000K)->7572K(8000K)
[60.957s][info][gc             ] GC(678) Pause Full (System.gc()) 172M->171M(843M) 144.866ms
[60.957s][info][gc,cpu         ] GC(678) User=1.94s Sys=0.02s Real=0.16s
[61.053s][info][gc,start       ] GC(679) Pause Young (Allocation Failure)
[61.054s][info][gc,heap        ] GC(679) PSYoungGen: 163328K(164352K)->736K(161280K) Eden: 163328K(163328K)->0K(160256K) From: 0K(1024K)->736K(1024K)
[61.054s][info][gc,heap        ] GC(679) ParOldGen: 175908K(699392K)->175916K(699392K)
[61.054s][info][gc,metaspace   ] GC(679) Metaspace: 61261K(62144K)->61261K(62144K) NonClass: 53689K(54144K)->53689K(54144K) Class: 7572K(8000K)->7572K(8000K)
[61.054s][info][gc             ] GC(679) Pause Young (Allocation Failure) 331M->172M(840M) 1.006ms
[61.054s][info][gc,cpu         ] GC(679) User=0.02s Sys=0.11s Real=0.02s
[61.111s][info][gc,start       ] GC(680) Pause Young (Allocation Failure)
[61.112s][info][gc,heap        ] GC(680) PSYoungGen: 160992K(161280K)->512K(158208K) Eden: 160256K(160256K)->0K(157696K) From: 736K(1024K)->512K(512K)
[61.112s][info][gc,heap        ] GC(680) ParOldGen: 175916K(699392K)->176269K(699392K)
[61.112s][info][gc,metaspace   ] GC(680) Metaspace: 61261K(62144K)->61261K(62144K) NonClass: 53689K(54144K)->53689K(54144K) Class: 7572K(8000K)->7572K(8000K)
[61.112s][info][gc             ] GC(680) Pause Young (Allocation Failure) 329M->172M(837M) 0.872ms
[61.112s][info][gc,cpu         ] GC(680) User=0.00s Sys=0.00s Real=0.00s
[61.173s][info][gc,start       ] GC(681) Pause Young (Allocation Failure)
[61.174s][info][gc,heap        ] GC(681) PSYoungGen: 158208K(158208K)->192K(156160K) Eden: 157696K(157696K)->0K(155136K) From: 512K(512K)->192K(1024K)
[61.174s][info][gc,heap        ] GC(681) ParOldGen: 176269K(699392K)->176413K(699392K)
[61.174s][info][gc,metaspace   ] GC(681) Metaspace: 61261K(62144K)->61261K(62144K) NonClass: 53689K(54144K)->53689K(54144K) Class: 7572K(8000K)->7572K(8000K)
[61.174s][info][gc             ] GC(681) Pause Young (Allocation Failure) 326M->172M(835M) 0.706ms
[61.174s][info][gc,cpu         ] GC(681) User=0.00s Sys=0.00s Real=0.00s
[61.227s][info][gc,start       ] GC(682) Pause Young (Allocation Failure)
[61.227s][info][gc,heap        ] GC(682) PSYoungGen: 155328K(156160K)->192K(153088K) Eden: 155136K(155136K)->0K(152576K) From: 192K(1024K)->192K(512K)
[61.227s][info][gc,heap        ] GC(682) ParOldGen: 176413K(699392K)->176421K(699392K)
[61.227s][info][gc,metaspace   ] GC(682) Metaspace: 61261K(62144K)->61261K(62144K) NonClass: 53689K(54144K)->53689K(54144K) Class: 7572K(8000K)->7572K(8000K)
[61.227s][info][gc             ] GC(682) Pause Young (Allocation Failure) 323M->172M(832M) 0.684ms
[61.227s][info][gc,cpu         ] GC(682) User=0.00s Sys=0.00s Real=0.00s
[61.293s][info][gc,start       ] GC(683) Pause Young (Allocation Failure)
[61.293s][info][gc,heap        ] GC(683) PSYoungGen: 152768K(153088K)->192K(151040K) Eden: 152576K(152576K)->0K(150016K) From: 192K(512K)->192K(1024K)
[61.293s][info][gc,heap        ] GC(683) ParOldGen: 176421K(699392K)->176429K(699392K)
[61.293s][info][gc,metaspace   ] GC(683) Metaspace: 61261K(62144K)->61261K(62144K) NonClass: 53689K(54144K)->53689K(54144K) Class: 7572K(8000K)->7572K(8000K)
[61.293s][info][gc             ] GC(683) Pause Young (Allocation Failure) 321M->172M(830M) 0.614ms
[61.293s][info][gc,cpu         ] GC(683) User=0.00s Sys=0.00s Real=0.00s
[61.360s][info][gc,start       ] GC(684) Pause Young (Allocation Failure)
[61.360s][info][gc,heap        ] GC(684) PSYoungGen: 150208K(151040K)->352K(147968K) Eden: 150016K(150016K)->0K(147456K) From: 192K(1024K)->352K(512K)
[61.360s][info][gc,heap        ] GC(684) ParOldGen: 176429K(699392K)->176437K(699392K)
[61.361s][info][gc,metaspace   ] GC(684) Metaspace: 61261K(62144K)->61261K(62144K) NonClass: 53689K(54144K)->53689K(54144K) Class: 7572K(8000K)->7572K(8000K)
[61.361s][info][gc             ] GC(684) Pause Young (Allocation Failure) 318M->172M(827M) 0.840ms
[61.361s][info][gc,cpu         ] GC(684) User=0.00s Sys=0.00s Real=0.00s
[61.410s][info][gc,start       ] GC(685) Pause Young (Allocation Failure)
[61.410s][info][gc,heap        ] GC(685) PSYoungGen: 147808K(147968K)->224K(145920K) Eden: 147456K(147456K)->0K(144896K) From: 352K(512K)->224K(1024K)
[61.410s][info][gc,heap        ] GC(685) ParOldGen: 176437K(699392K)->176453K(699392K)
[61.411s][info][gc,metaspace   ] GC(685) Metaspace: 61261K(62144K)->61261K(62144K) NonClass: 53689K(54144K)->53689K(54144K) Class: 7572K(8000K)->7572K(8000K)
[61.411s][info][gc             ] GC(685) Pause Young (Allocation Failure) 316M->172M(825M) 0.660ms
[61.411s][info][gc,cpu         ] GC(685) User=0.00s Sys=0.00s Real=0.00s
[61.460s][info][gc,start       ] GC(686) Pause Young (Allocation Failure)
[61.460s][info][gc,heap        ] GC(686) PSYoungGen: 145120K(145920K)->288K(142848K) Eden: 144896K(144896K)->0K(142336K) From: 224K(1024K)->288K(512K)
[61.460s][info][gc,heap        ] GC(686) ParOldGen: 176453K(699392K)->176469K(699392K)
[61.460s][info][gc,metaspace   ] GC(686) Metaspace: 61261K(62144K)->61261K(62144K) NonClass: 53689K(54144K)->53689K(54144K) Class: 7572K(8000K)->7572K(8000K)
[61.460s][info][gc             ] GC(686) Pause Young (Allocation Failure) 314M->172M(822M) 0.821ms
[61.460s][info][gc,cpu         ] GC(686) User=0.30s Sys=0.00s Real=0.02s
[61.508s][info][gc,start       ] GC(687) Pause Young (Allocation Failure)
[61.509s][info][gc,heap        ] GC(687) PSYoungGen: 142624K(142848K)->256K(141312K) Eden: 142336K(142336K)->0K(140288K) From: 288K(512K)->256K(1024K)
[61.509s][info][gc,heap        ] GC(687) ParOldGen: 176469K(699392K)->176485K(699392K)
[61.509s][info][gc,metaspace   ] GC(687) Metaspace: 61261K(62144K)->61261K(62144K) NonClass: 53689K(54144K)->53689K(54144K) Class: 7572K(8000K)->7572K(8000K)
[61.509s][info][gc             ] GC(687) Pause Young (Allocation Failure) 311M->172M(821M) 0.666ms
[61.509s][info][gc,cpu         ] GC(687) User=0.00s Sys=0.00s Real=0.00s
[61.556s][info][gc,start       ] GC(688) Pause Young (Allocation Failure)
[61.557s][info][gc,heap        ] GC(688) PSYoungGen: 140544K(141312K)->224K(138752K) Eden: 140288K(140288K)->0K(138240K) From: 256K(1024K)->224K(512K)
[61.557s][info][gc,heap        ] GC(688) ParOldGen: 176485K(699392K)->176509K(699392K)
[61.557s][info][gc,metaspace   ] GC(688) Metaspace: 61261K(62144K)->61261K(62144K) NonClass: 53689K(54144K)->53689K(54144K) Class: 7572K(8000K)->7572K(8000K)
[61.557s][info][gc             ] GC(688) Pause Young (Allocation Failure) 309M->172M(818M) 0.696ms
[61.557s][info][gc,cpu         ] GC(688) User=0.00s Sys=0.00s Real=0.00s
[61.610s][info][gc,start       ] GC(689) Pause Young (Allocation Failure)
[61.611s][info][gc,heap        ] GC(689) PSYoungGen: 138464K(138752K)->160K(137216K) Eden: 138240K(138240K)->0K(136192K) From: 224K(512K)->160K(1024K)
[61.611s][info][gc,heap        ] GC(689) ParOldGen: 176509K(699392K)->176525K(699392K)
[61.611s][info][gc,metaspace   ] GC(689) Metaspace: 61261K(62144K)->61261K(62144K) NonClass: 53689K(54144K)->53689K(54144K) Class: 7572K(8000K)->7572K(8000K)
[61.611s][info][gc             ] GC(689) Pause Young (Allocation Failure) 307M->172M(817M) 0.663ms
[61.611s][info][gc,cpu         ] GC(689) User=0.00s Sys=0.00s Real=0.00s
[61.669s][info][gc,start       ] GC(690) Pause Young (Allocation Failure)
[61.670s][info][gc,heap        ] GC(690) PSYoungGen: 136352K(137216K)->320K(134656K) Eden: 136192K(136192K)->0K(134144K) From: 160K(1024K)->320K(512K)
[61.670s][info][gc,heap        ] GC(690) ParOldGen: 176525K(699392K)->176549K(699392K)
[61.670s][info][gc,metaspace   ] GC(690) Metaspace: 61261K(62144K)->61261K(62144K) NonClass: 53689K(54144K)->53689K(54144K) Class: 7572K(8000K)->7572K(8000K)
[61.670s][info][gc             ] GC(690) Pause Young (Allocation Failure) 305M->172M(814M) 0.847ms
[61.670s][info][gc,cpu         ] GC(690) User=0.00s Sys=0.00s Real=0.00s
[61.716s][info][gc,start       ] GC(691) Pause Young (Allocation Failure)
[61.716s][info][gc,heap        ] GC(691) PSYoungGen: 134464K(134656K)->256K(133120K) Eden: 134144K(134144K)->0K(132096K) From: 320K(512K)->256K(1024K)
[61.716s][info][gc,heap        ] GC(691) ParOldGen: 176549K(699392K)->176565K(699392K)
[61.716s][info][gc,metaspace   ] GC(691) Metaspace: 61261K(62144K)->61261K(62144K) NonClass: 53689K(54144K)->53689K(54144K) Class: 7572K(8000K)->7572K(8000K)
[61.716s][info][gc             ] GC(691) Pause Young (Allocation Failure) 303M->172M(813M) 0.685ms
[61.716s][info][gc,cpu         ] GC(691) User=0.00s Sys=0.00s Real=0.00s
[61.783s][info][gc,start       ] GC(692) Pause Young (System.gc())
[61.784s][info][gc,heap        ] GC(692) PSYoungGen: 64503K(133120K)->608K(133120K) Eden: 64247K(132096K)->0K(132096K) From: 256K(1024K)->608K(1024K)
[61.784s][info][gc,heap        ] GC(692) ParOldGen: 176565K(699392K)->176589K(699392K)
[61.784s][info][gc,metaspace   ] GC(692) Metaspace: 61282K(62208K)->61282K(62208K) NonClass: 53709K(54208K)->53709K(54208K) Class: 7572K(8000K)->7572K(8000K)
[61.784s][info][gc             ] GC(692) Pause Young (System.gc()) 235M->173M(813M) 0.986ms
[61.784s][info][gc,cpu         ] GC(692) User=0.00s Sys=0.00s Real=0.00s
[61.784s][info][gc,start       ] GC(693) Pause Full (System.gc())
[61.784s][info][gc,phases,start] GC(693) Marking Phase
[61.888s][info][gc,phases      ] GC(693) Marking Phase 103.921ms
[61.888s][info][gc,phases,start] GC(693) Summary Phase
[61.888s][info][gc,phases      ] GC(693) Summary Phase 0.016ms
[61.888s][info][gc,phases,start] GC(693) Adjust Roots
[61.899s][info][gc,phases      ] GC(693) Adjust Roots 10.829ms
[61.899s][info][gc,phases,start] GC(693) Compaction Phase
[61.940s][info][gc,phases      ] GC(693) Compaction Phase 41.356ms
[61.940s][info][gc,phases,start] GC(693) Post Compact
[61.942s][info][gc,phases      ] GC(693) Post Compact 1.317ms
[61.942s][info][gc,heap        ] GC(693) PSYoungGen: 608K(133120K)->0K(133120K) Eden: 0K(132096K)->0K(132096K) From: 608K(1024K)->0K(1024K)
[61.942s][info][gc,heap        ] GC(693) ParOldGen: 176589K(699392K)->175925K(699392K)
[61.942s][info][gc,metaspace   ] GC(693) Metaspace: 61282K(62208K)->61282K(62208K) NonClass: 53709K(54208K)->53709K(54208K) Class: 7572K(8000K)->7572K(8000K)
[61.942s][info][gc             ] GC(693) Pause Full (System.gc()) 173M->171M(813M) 157.834ms
[61.942s][info][gc,cpu         ] GC(693) User=2.16s Sys=0.00s Real=0.16s
[62.040s][info][gc,start       ] GC(694) Pause Young (Allocation Failure)
[62.041s][info][gc,heap        ] GC(694) PSYoungGen: 132096K(133120K)->704K(131072K) Eden: 132096K(132096K)->0K(130048K) From: 0K(1024K)->704K(1024K)
[62.041s][info][gc,heap        ] GC(694) ParOldGen: 175925K(699392K)->175933K(699392K)
[62.042s][info][gc,metaspace   ] GC(694) Metaspace: 61303K(62208K)->61303K(62208K) NonClass: 53730K(54208K)->53730K(54208K) Class: 7572K(8000K)->7572K(8000K)
[62.042s][info][gc             ] GC(694) Pause Young (Allocation Failure) 300M->172M(811M) 1.160ms
[62.042s][info][gc,cpu         ] GC(694) User=0.00s Sys=0.00s Real=0.00s
[62.084s][info][gc,start       ] GC(695) Pause Young (Allocation Failure)
[62.085s][info][gc,heap        ] GC(695) PSYoungGen: 130752K(131072K)->512K(128512K) Eden: 130048K(130048K)->0K(128000K) From: 704K(1024K)->512K(512K)
[62.085s][info][gc,heap        ] GC(695) ParOldGen: 175933K(699392K)->176283K(699392K)
[62.085s][info][gc,metaspace   ] GC(695) Metaspace: 61303K(62208K)->61303K(62208K) NonClass: 53730K(54208K)->53730K(54208K) Class: 7572K(8000K)->7572K(8000K)
[62.085s][info][gc             ] GC(695) Pause Young (Allocation Failure) 299M->172M(808M) 0.809ms
[62.085s][info][gc,cpu         ] GC(695) User=0.00s Sys=0.00s Real=0.00s
[62.132s][info][gc,start       ] GC(696) Pause Young (Allocation Failure)
[62.133s][info][gc,heap        ] GC(696) PSYoungGen: 128512K(128512K)->224K(126976K) Eden: 128000K(128000K)->0K(125952K) From: 512K(512K)->224K(1024K)
[62.133s][info][gc,heap        ] GC(696) ParOldGen: 176283K(699392K)->176403K(699392K)
[62.133s][info][gc,metaspace   ] GC(696) Metaspace: 61303K(62208K)->61303K(62208K) NonClass: 53730K(54208K)->53730K(54208K) Class: 7572K(8000K)->7572K(8000K)
[62.133s][info][gc             ] GC(696) Pause Young (Allocation Failure) 297M->172M(807M) 0.725ms
[62.133s][info][gc,cpu         ] GC(696) User=0.00s Sys=0.00s Real=0.00s
[62.179s][info][gc,start       ] GC(697) Pause Young (Allocation Failure)
[62.179s][info][gc,heap        ] GC(697) PSYoungGen: 126176K(126976K)->288K(152064K) Eden: 125952K(125952K)->0K(151552K) From: 224K(1024K)->288K(512K)
[62.179s][info][gc,heap        ] GC(697) ParOldGen: 176403K(699392K)->176403K(699392K)
[62.179s][info][gc,metaspace   ] GC(697) Metaspace: 61303K(62208K)->61303K(62208K) NonClass: 53730K(54208K)->53730K(54208K) Class: 7572K(8000K)->7572K(8000K)
[62.179s][info][gc             ] GC(697) Pause Young (Allocation Failure) 295M->172M(831M) 0.681ms
[62.179s][info][gc,cpu         ] GC(697) User=0.00s Sys=0.00s Real=0.00s
[62.234s][info][gc,start       ] GC(698) Pause Young (Allocation Failure)
[62.234s][info][gc,heap        ] GC(698) PSYoungGen: 151840K(152064K)->352K(150016K) Eden: 151552K(151552K)->0K(148992K) From: 288K(512K)->352K(1024K)
[62.234s][info][gc,heap        ] GC(698) ParOldGen: 176403K(699392K)->176411K(699392K)
[62.234s][info][gc,metaspace   ] GC(698) Metaspace: 61303K(62208K)->61303K(62208K) NonClass: 53730K(54208K)->53730K(54208K) Class: 7572K(8000K)->7572K(8000K)
[62.234s][info][gc             ] GC(698) Pause Young (Allocation Failure) 320M->172M(829M) 0.657ms
[62.234s][info][gc,cpu         ] GC(698) User=0.00s Sys=0.00s Real=0.00s
[62.296s][info][gc,start       ] GC(699) Pause Young (Allocation Failure)
[62.296s][info][gc,heap        ] GC(699) PSYoungGen: 149344K(150016K)->288K(146944K) Eden: 148992K(148992K)->0K(146432K) From: 352K(1024K)->288K(512K)
[62.296s][info][gc,heap        ] GC(699) ParOldGen: 176411K(699392K)->176419K(699392K)
[62.296s][info][gc,metaspace   ] GC(699) Metaspace: 61303K(62208K)->61303K(62208K) NonClass: 53730K(54208K)->53730K(54208K) Class: 7572K(8000K)->7572K(8000K)
[62.296s][info][gc             ] GC(699) Pause Young (Allocation Failure) 318M->172M(826M) 0.691ms
[62.296s][info][gc,cpu         ] GC(699) User=0.00s Sys=0.00s Real=0.00s
[62.359s][info][gc,start       ] GC(700) Pause Young (Allocation Failure)
[62.359s][info][gc,heap        ] GC(700) PSYoungGen: 146720K(146944K)->256K(144896K) Eden: 146432K(146432K)->0K(143872K) From: 288K(512K)->256K(1024K)
[62.359s][info][gc,heap        ] GC(700) ParOldGen: 176419K(699392K)->176427K(699392K)
[62.359s][info][gc,metaspace   ] GC(700) Metaspace: 61303K(62208K)->61303K(62208K) NonClass: 53730K(54208K)->53730K(54208K) Class: 7572K(8000K)->7572K(8000K)
[62.359s][info][gc             ] GC(700) Pause Young (Allocation Failure) 315M->172M(824M) 0.719ms
[62.359s][info][gc,cpu         ] GC(700) User=0.00s Sys=0.00s Real=0.00s
[62.412s][info][gc,start       ] GC(701) Pause Young (Allocation Failure)
[62.413s][info][gc,heap        ] GC(701) PSYoungGen: 144128K(144896K)->288K(142336K) Eden: 143872K(143872K)->0K(141824K) From: 256K(1024K)->288K(512K)
[62.413s][info][gc,heap        ] GC(701) ParOldGen: 176427K(699392K)->176435K(699392K)
[62.413s][info][gc,metaspace   ] GC(701) Metaspace: 61303K(62208K)->61303K(62208K) NonClass: 53730K(54208K)->53730K(54208K) Class: 7572K(8000K)->7572K(8000K)
[62.413s][info][gc             ] GC(701) Pause Young (Allocation Failure) 313M->172M(822M) 0.814ms
[62.413s][info][gc,cpu         ] GC(701) User=0.00s Sys=0.00s Real=0.00s
[62.456s][info][gc,start       ] GC(702) Pause Young (Allocation Failure)
[62.457s][info][gc,heap        ] GC(702) PSYoungGen: 142112K(142336K)->288K(140800K) Eden: 141824K(141824K)->0K(139776K) From: 288K(512K)->288K(1024K)
[62.457s][info][gc,heap        ] GC(702) ParOldGen: 176435K(699392K)->176459K(699392K)
[62.457s][info][gc,metaspace   ] GC(702) Metaspace: 61303K(62208K)->61303K(62208K) NonClass: 53730K(54208K)->53730K(54208K) Class: 7572K(8000K)->7572K(8000K)
[62.457s][info][gc             ] GC(702) Pause Young (Allocation Failure) 311M->172M(820M) 0.618ms
[62.457s][info][gc,cpu         ] GC(702) User=0.00s Sys=0.00s Real=0.00s
[62.508s][info][gc,start       ] GC(703) Pause Young (Allocation Failure)
[62.509s][info][gc,heap        ] GC(703) PSYoungGen: 140064K(140800K)->224K(138240K) Eden: 139776K(139776K)->0K(137728K) From: 288K(1024K)->224K(512K)
[62.509s][info][gc,heap        ] GC(703) ParOldGen: 176459K(699392K)->176467K(699392K)
[62.509s][info][gc,metaspace   ] GC(703) Metaspace: 61303K(62208K)->61303K(62208K) NonClass: 53730K(54208K)->53730K(54208K) Class: 7572K(8000K)->7572K(8000K)
[62.509s][info][gc             ] GC(703) Pause Young (Allocation Failure) 309M->172M(818M) 0.681ms
[62.509s][info][gc,cpu         ] GC(703) User=0.00s Sys=0.00s Real=0.00s
[62.559s][info][gc,start       ] GC(704) Pause Young (Allocation Failure)
[62.559s][info][gc,heap        ] GC(704) PSYoungGen: 137952K(138240K)->256K(136704K) Eden: 137728K(137728K)->0K(135680K) From: 224K(512K)->256K(1024K)
[62.559s][info][gc,heap        ] GC(704) ParOldGen: 176467K(699392K)->176491K(699392K)
[62.559s][info][gc,metaspace   ] GC(704) Metaspace: 61303K(62208K)->61303K(62208K) NonClass: 53730K(54208K)->53730K(54208K) Class: 7572K(8000K)->7572K(8000K)
[62.559s][info][gc             ] GC(704) Pause Young (Allocation Failure) 307M->172M(816M) 0.616ms
[62.560s][info][gc,cpu         ] GC(704) User=0.00s Sys=0.00s Real=0.00s
[62.610s][info][gc,start       ] GC(705) Pause Young (Allocation Failure)
[62.610s][info][gc,heap        ] GC(705) PSYoungGen: 135936K(136704K)->224K(134144K) Eden: 135680K(135680K)->0K(133632K) From: 256K(1024K)->224K(512K)
[62.610s][info][gc,heap        ] GC(705) ParOldGen: 176491K(699392K)->176507K(699392K)
[62.610s][info][gc,metaspace   ] GC(705) Metaspace: 61303K(62208K)->61303K(62208K) NonClass: 53730K(54208K)->53730K(54208K) Class: 7572K(8000K)->7572K(8000K)
[62.610s][info][gc             ] GC(705) Pause Young (Allocation Failure) 305M->172M(814M) 0.837ms
[62.611s][info][gc,cpu         ] GC(705) User=0.00s Sys=0.00s Real=0.00s
[62.652s][info][gc,start       ] GC(706) Pause Young (Allocation Failure)
[62.652s][info][gc,heap        ] GC(706) PSYoungGen: 133856K(134144K)->288K(161792K) Eden: 133632K(133632K)->0K(160768K) From: 224K(512K)->288K(1024K)
[62.652s][info][gc,heap        ] GC(706) ParOldGen: 176507K(699392K)->176531K(699392K)
[62.652s][info][gc,metaspace   ] GC(706) Metaspace: 61303K(62208K)->61303K(62208K) NonClass: 53730K(54208K)->53730K(54208K) Class: 7572K(8000K)->7572K(8000K)
[62.652s][info][gc             ] GC(706) Pause Young (Allocation Failure) 303M->172M(841M) 0.726ms
[62.652s][info][gc,cpu         ] GC(706) User=0.00s Sys=0.00s Real=0.00s
[62.720s][info][gc,start       ] GC(707) Pause Young (Allocation Failure)
[62.721s][info][gc,heap        ] GC(707) PSYoungGen: 161056K(161792K)->640K(159232K) Eden: 160768K(160768K)->0K(158208K) From: 288K(1024K)->640K(1024K)
[62.721s][info][gc,heap        ] GC(707) ParOldGen: 176531K(699392K)->176547K(699392K)
[62.721s][info][gc,metaspace   ] GC(707) Metaspace: 61303K(62208K)->61303K(62208K) NonClass: 53730K(54208K)->53730K(54208K) Class: 7572K(8000K)->7572K(8000K)
[62.721s][info][gc             ] GC(707) Pause Young (Allocation Failure) 329M->173M(838M) 0.916ms
[62.721s][info][gc,cpu         ] GC(707) User=0.00s Sys=0.00s Real=0.00s
[62.756s][info][gc,start       ] GC(708) Pause Young (System.gc())
[62.757s][info][gc,heap        ] GC(708) PSYoungGen: 33907K(159232K)->640K(159232K) Eden: 33267K(158208K)->0K(158208K) From: 640K(1024K)->640K(1024K)
[62.757s][info][gc,heap        ] GC(708) ParOldGen: 176547K(699392K)->176707K(699392K)
[62.757s][info][gc,metaspace   ] GC(708) Metaspace: 61315K(62208K)->61315K(62208K) NonClass: 53742K(54208K)->53742K(54208K) Class: 7572K(8000K)->7572K(8000K)
[62.757s][info][gc             ] GC(708) Pause Young (System.gc()) 205M->173M(838M) 1.089ms
[62.757s][info][gc,cpu         ] GC(708) User=0.00s Sys=0.00s Real=0.00s
[62.757s][info][gc,start       ] GC(709) Pause Full (System.gc())
[62.757s][info][gc,phases,start] GC(709) Marking Phase
[62.859s][info][gc,phases      ] GC(709) Marking Phase 101.577ms
[62.859s][info][gc,phases,start] GC(709) Summary Phase
[62.859s][info][gc,phases      ] GC(709) Summary Phase 0.015ms
[62.859s][info][gc,phases,start] GC(709) Adjust Roots
[62.868s][info][gc,phases      ] GC(709) Adjust Roots 9.163ms
[62.868s][info][gc,phases,start] GC(709) Compaction Phase
[62.890s][info][gc,phases      ] GC(709) Compaction Phase 21.423ms
[62.890s][info][gc,phases,start] GC(709) Post Compact
[62.891s][info][gc,phases      ] GC(709) Post Compact 1.058ms
[62.891s][info][gc,heap        ] GC(709) PSYoungGen: 640K(159232K)->0K(159232K) Eden: 0K(158208K)->0K(158208K) From: 640K(1024K)->0K(1024K)
[62.891s][info][gc,heap        ] GC(709) ParOldGen: 176707K(699392K)->175943K(699392K)
[62.891s][info][gc,metaspace   ] GC(709) Metaspace: 61315K(62208K)->61315K(62208K) NonClass: 53742K(54208K)->53742K(54208K) Class: 7572K(8000K)->7572K(8000K)
[62.891s][info][gc             ] GC(709) Pause Full (System.gc()) 173M->171M(838M) 133.513ms
[62.891s][info][gc,cpu         ] GC(709) User=2.25s Sys=0.00s Real=0.13s
[62.983s][info][gc,start       ] GC(710) Pause Young (Allocation Failure)
[62.984s][info][gc,heap        ] GC(710) PSYoungGen: 158208K(159232K)->512K(156160K) Eden: 158208K(158208K)->0K(155648K) From: 0K(1024K)->512K(512K)
[62.984s][info][gc,heap        ] GC(710) ParOldGen: 175943K(699392K)->176084K(699392K)
[62.984s][info][gc,metaspace   ] GC(710) Metaspace: 61326K(62208K)->61326K(62208K) NonClass: 53753K(54208K)->53753K(54208K) Class: 7572K(8000K)->7572K(8000K)
[62.985s][info][gc             ] GC(710) Pause Young (Allocation Failure) 326M->172M(835M) 1.097ms
[62.985s][info][gc,cpu         ] GC(710) User=0.00s Sys=0.00s Real=0.00s
[63.035s][info][gc,start       ] GC(711) Pause Young (Allocation Failure)
[63.036s][info][gc,heap        ] GC(711) PSYoungGen: 156160K(156160K)->512K(154112K) Eden: 155648K(155648K)->0K(153088K) From: 512K(512K)->512K(1024K)
[63.036s][info][gc,heap        ] GC(711) ParOldGen: 176084K(699392K)->176328K(699392K)
[63.036s][info][gc,metaspace   ] GC(711) Metaspace: 61326K(62208K)->61326K(62208K) NonClass: 53753K(54208K)->53753K(54208K) Class: 7572K(8000K)->7572K(8000K)
[63.036s][info][gc             ] GC(711) Pause Young (Allocation Failure) 324M->172M(833M) 0.764ms
[63.036s][info][gc,cpu         ] GC(711) User=0.00s Sys=0.00s Real=0.00s
[63.092s][info][gc,start       ] GC(712) Pause Young (Allocation Failure)
[63.092s][info][gc,heap        ] GC(712) PSYoungGen: 153600K(154112K)->224K(151040K) Eden: 153088K(153088K)->0K(150528K) From: 512K(1024K)->224K(512K)
[63.092s][info][gc,heap        ] GC(712) ParOldGen: 176328K(699392K)->176464K(699392K)
[63.092s][info][gc,metaspace   ] GC(712) Metaspace: 61326K(62208K)->61326K(62208K) NonClass: 53753K(54208K)->53753K(54208K) Class: 7572K(8000K)->7572K(8000K)
[63.092s][info][gc             ] GC(712) Pause Young (Allocation Failure) 322M->172M(830M) 0.752ms
[63.092s][info][gc,cpu         ] GC(712) User=0.00s Sys=0.00s Real=0.00s
[63.156s][info][gc,start       ] GC(713) Pause Young (Allocation Failure)
[63.157s][info][gc,heap        ] GC(713) PSYoungGen: 150752K(151040K)->256K(148992K) Eden: 150528K(150528K)->0K(147968K) From: 224K(512K)->256K(1024K)
[63.157s][info][gc,heap        ] GC(713) ParOldGen: 176464K(699392K)->176472K(699392K)
[63.157s][info][gc,metaspace   ] GC(713) Metaspace: 61326K(62208K)->61326K(62208K) NonClass: 53753K(54208K)->53753K(54208K) Class: 7572K(8000K)->7572K(8000K)
[63.157s][info][gc             ] GC(713) Pause Young (Allocation Failure) 319M->172M(828M) 0.709ms
[63.157s][info][gc,cpu         ] GC(713) User=0.00s Sys=0.00s Real=0.00s
[63.210s][info][gc,start       ] GC(714) Pause Young (Allocation Failure)
[63.211s][info][gc,heap        ] GC(714) PSYoungGen: 148224K(148992K)->352K(145920K) Eden: 147968K(147968K)->0K(145408K) From: 256K(1024K)->352K(512K)
[63.211s][info][gc,heap        ] GC(714) ParOldGen: 176472K(699392K)->176472K(699392K)
[63.211s][info][gc,metaspace   ] GC(714) Metaspace: 61326K(62208K)->61326K(62208K) NonClass: 53753K(54208K)->53753K(54208K) Class: 7572K(8000K)->7572K(8000K)
[63.211s][info][gc             ] GC(714) Pause Young (Allocation Failure) 317M->172M(825M) 0.810ms
[63.211s][info][gc,cpu         ] GC(714) User=0.00s Sys=0.00s Real=0.00s
[63.255s][info][gc,start       ] GC(715) Pause Young (Allocation Failure)
[63.256s][info][gc,heap        ] GC(715) PSYoungGen: 145760K(145920K)->320K(143872K) Eden: 145408K(145408K)->0K(142848K) From: 352K(512K)->320K(1024K)
[63.256s][info][gc,heap        ] GC(715) ParOldGen: 176472K(699392K)->176480K(699392K)
[63.256s][info][gc,metaspace   ] GC(715) Metaspace: 61326K(62208K)->61326K(62208K) NonClass: 53753K(54208K)->53753K(54208K) Class: 7572K(8000K)->7572K(8000K)
[63.256s][info][gc             ] GC(715) Pause Young (Allocation Failure) 314M->172M(823M) 0.680ms
[63.256s][info][gc,cpu         ] GC(715) User=0.00s Sys=0.00s Real=0.00s
[63.300s][info][gc,start       ] GC(716) Pause Young (Allocation Failure)
[63.301s][info][gc,heap        ] GC(716) PSYoungGen: 143168K(143872K)->224K(141312K) Eden: 142848K(142848K)->0K(140800K) From: 320K(1024K)->224K(512K)
[63.301s][info][gc,heap        ] GC(716) ParOldGen: 176480K(699392K)->176496K(699392K)
[63.301s][info][gc,metaspace   ] GC(716) Metaspace: 61326K(62208K)->61326K(62208K) NonClass: 53753K(54208K)->53753K(54208K) Class: 7572K(8000K)->7572K(8000K)
[63.301s][info][gc             ] GC(716) Pause Young (Allocation Failure) 312M->172M(821M) 0.803ms
[63.301s][info][gc,cpu         ] GC(716) User=0.00s Sys=0.00s Real=0.00s
[63.345s][info][gc,start       ] GC(717) Pause Young (Allocation Failure)
[63.345s][info][gc,heap        ] GC(717) PSYoungGen: 141024K(141312K)->256K(139776K) Eden: 140800K(140800K)->0K(138752K) From: 224K(512K)->256K(1024K)
[63.345s][info][gc,heap        ] GC(717) ParOldGen: 176496K(699392K)->176504K(699392K)
[63.345s][info][gc,metaspace   ] GC(717) Metaspace: 61326K(62208K)->61326K(62208K) NonClass: 53753K(54208K)->53753K(54208K) Class: 7572K(8000K)->7572K(8000K)
[63.345s][info][gc             ] GC(717) Pause Young (Allocation Failure) 310M->172M(819M) 0.615ms
[63.345s][info][gc,cpu         ] GC(717) User=0.00s Sys=0.00s Real=0.00s
[63.396s][info][gc,start       ] GC(718) Pause Young (Allocation Failure)
[63.397s][info][gc,heap        ] GC(718) PSYoungGen: 139008K(139776K)->256K(137216K) Eden: 138752K(138752K)->0K(136704K) From: 256K(1024K)->256K(512K)
[63.397s][info][gc,heap        ] GC(718) ParOldGen: 176504K(699392K)->176528K(699392K)
[63.397s][info][gc,metaspace   ] GC(718) Metaspace: 61326K(62208K)->61326K(62208K) NonClass: 53753K(54208K)->53753K(54208K) Class: 7572K(8000K)->7572K(8000K)
[63.397s][info][gc             ] GC(718) Pause Young (Allocation Failure) 308M->172M(817M) 0.702ms
[63.397s][info][gc,cpu         ] GC(718) User=0.00s Sys=0.00s Real=0.00s
[63.446s][info][gc,start       ] GC(719) Pause Young (Allocation Failure)
[63.447s][info][gc,heap        ] GC(719) PSYoungGen: 136960K(137216K)->288K(135680K) Eden: 136704K(136704K)->0K(134656K) From: 256K(512K)->288K(1024K)
[63.447s][info][gc,heap        ] GC(719) ParOldGen: 176528K(699392K)->176544K(699392K)
[63.447s][info][gc,metaspace   ] GC(719) Metaspace: 61326K(62208K)->61326K(62208K) NonClass: 53753K(54208K)->53753K(54208K) Class: 7572K(8000K)->7572K(8000K)
[63.447s][info][gc             ] GC(719) Pause Young (Allocation Failure) 306M->172M(815M) 0.764ms
[63.447s][info][gc,cpu         ] GC(719) User=0.00s Sys=0.00s Real=0.00s
[63.504s][info][gc,start       ] GC(720) Pause Young (Allocation Failure)
[63.504s][info][gc,heap        ] GC(720) PSYoungGen: 134944K(135680K)->256K(133120K) Eden: 134656K(134656K)->0K(132608K) From: 288K(1024K)->256K(512K)
[63.505s][info][gc,heap        ] GC(720) ParOldGen: 176544K(699392K)->176552K(699392K)
[63.505s][info][gc,metaspace   ] GC(720) Metaspace: 61326K(62208K)->61326K(62208K) NonClass: 53753K(54208K)->53753K(54208K) Class: 7572K(8000K)->7572K(8000K)
[63.505s][info][gc             ] GC(720) Pause Young (Allocation Failure) 304M->172M(813M) 0.833ms
[63.505s][info][gc,cpu         ] GC(720) User=0.00s Sys=0.00s Real=0.00s
[63.552s][info][gc,start       ] GC(721) Pause Young (Allocation Failure)
[63.553s][info][gc,heap        ] GC(721) PSYoungGen: 132864K(133120K)->288K(131584K) Eden: 132608K(132608K)->0K(130560K) From: 256K(512K)->288K(1024K)
[63.553s][info][gc,heap        ] GC(721) ParOldGen: 176552K(699392K)->176568K(699392K)
[63.553s][info][gc,metaspace   ] GC(721) Metaspace: 61326K(62208K)->61326K(62208K) NonClass: 53753K(54208K)->53753K(54208K) Class: 7572K(8000K)->7572K(8000K)
[63.553s][info][gc             ] GC(721) Pause Young (Allocation Failure) 302M->172M(811M) 0.668ms
[63.553s][info][gc,cpu         ] GC(721) User=0.00s Sys=0.00s Real=0.00s
[63.594s][info][gc,start       ] GC(722) Pause Young (Allocation Failure)
[63.594s][info][gc,heap        ] GC(722) PSYoungGen: 130848K(131584K)->192K(157184K) Eden: 130560K(130560K)->0K(156672K) From: 288K(1024K)->192K(512K)
[63.594s][info][gc,heap        ] GC(722) ParOldGen: 176568K(699392K)->176592K(699392K)
[63.594s][info][gc,metaspace   ] GC(722) Metaspace: 61326K(62208K)->61326K(62208K) NonClass: 53753K(54208K)->53753K(54208K) Class: 7572K(8000K)->7572K(8000K)
[63.594s][info][gc             ] GC(722) Pause Young (Allocation Failure) 300M->172M(836M) 0.697ms
[63.594s][info][gc,cpu         ] GC(722) User=0.00s Sys=0.00s Real=0.00s
[63.660s][info][gc,start       ] GC(723) Pause Young (System.gc())
[63.661s][info][gc,heap        ] GC(723) PSYoungGen: 120376K(157184K)->640K(157696K) Eden: 120184K(156672K)->0K(156672K) From: 192K(512K)->640K(1024K)
[63.661s][info][gc,heap        ] GC(723) ParOldGen: 176592K(699392K)->176600K(699392K)
[63.661s][info][gc,metaspace   ] GC(723) Metaspace: 61328K(62208K)->61328K(62208K) NonClass: 53755K(54208K)->53755K(54208K) Class: 7572K(8000K)->7572K(8000K)
[63.661s][info][gc             ] GC(723) Pause Young (System.gc()) 290M->173M(837M) 1.039ms
[63.662s][info][gc,cpu         ] GC(723) User=0.33s Sys=0.00s Real=0.02s
[63.662s][info][gc,start       ] GC(724) Pause Full (System.gc())
[63.662s][info][gc,phases,start] GC(724) Marking Phase
[63.763s][info][gc,phases      ] GC(724) Marking Phase 100.972ms
[63.763s][info][gc,phases,start] GC(724) Summary Phase
[63.763s][info][gc,phases      ] GC(724) Summary Phase 0.015ms
[63.763s][info][gc,phases,start] GC(724) Adjust Roots
[63.772s][info][gc,phases      ] GC(724) Adjust Roots 9.511ms
[63.772s][info][gc,phases,start] GC(724) Compaction Phase
[63.802s][info][gc,phases      ] GC(724) Compaction Phase 29.329ms
[63.802s][info][gc,phases,start] GC(724) Post Compact
[63.803s][info][gc,phases      ] GC(724) Post Compact 1.129ms
[63.803s][info][gc,heap        ] GC(724) PSYoungGen: 640K(157696K)->0K(157696K) Eden: 0K(156672K)->0K(156672K) From: 640K(1024K)->0K(1024K)
[63.803s][info][gc,heap        ] GC(724) ParOldGen: 176600K(699392K)->175960K(699392K)
[63.803s][info][gc,metaspace   ] GC(724) Metaspace: 61328K(62208K)->61328K(62208K) NonClass: 53755K(54208K)->53755K(54208K) Class: 7572K(8000K)->7572K(8000K)
[63.803s][info][gc             ] GC(724) Pause Full (System.gc()) 173M->171M(837M) 141.267ms
[63.803s][info][gc,cpu         ] GC(724) User=1.94s Sys=0.00s Real=0.14s
[63.898s][info][gc,start       ] GC(725) Pause Young (Allocation Failure)
[63.899s][info][gc,heap        ] GC(725) PSYoungGen: 156672K(157696K)->768K(155136K) Eden: 156672K(156672K)->0K(154112K) From: 0K(1024K)->768K(1024K)
[63.899s][info][gc,heap        ] GC(725) ParOldGen: 175960K(699392K)->175960K(699392K)
[63.899s][info][gc,metaspace   ] GC(725) Metaspace: 61331K(62208K)->61331K(62208K) NonClass: 53758K(54208K)->53758K(54208K) Class: 7572K(8000K)->7572K(8000K)
[63.899s][info][gc             ] GC(725) Pause Young (Allocation Failure) 324M->172M(834M) 0.908ms
[63.899s][info][gc,cpu         ] GC(725) User=0.00s Sys=0.00s Real=0.00s
[63.954s][info][gc,start       ] GC(726) Pause Young (Allocation Failure)
[63.955s][info][gc,heap        ] GC(726) PSYoungGen: 154880K(155136K)->512K(152064K) Eden: 154112K(154112K)->0K(151552K) From: 768K(1024K)->512K(512K)
[63.955s][info][gc,heap        ] GC(726) ParOldGen: 175960K(699392K)->176315K(699392K)
[63.955s][info][gc,metaspace   ] GC(726) Metaspace: 61331K(62208K)->61331K(62208K) NonClass: 53758K(54208K)->53758K(54208K) Class: 7572K(8000K)->7572K(8000K)
[63.955s][info][gc             ] GC(726) Pause Young (Allocation Failure) 323M->172M(831M) 0.971ms
[63.955s][info][gc,cpu         ] GC(726) User=0.00s Sys=0.00s Real=0.00s
[64.025s][info][gc,start       ] GC(727) Pause Young (Allocation Failure)
[64.026s][info][gc,heap        ] GC(727) PSYoungGen: 152064K(152064K)->192K(149504K) Eden: 151552K(151552K)->0K(148992K) From: 512K(512K)->192K(512K)
[64.026s][info][gc,heap        ] GC(727) ParOldGen: 176315K(699392K)->176427K(699392K)
[64.026s][info][gc,metaspace   ] GC(727) Metaspace: 61331K(62208K)->61331K(62208K) NonClass: 53758K(54208K)->53758K(54208K) Class: 7572K(8000K)->7572K(8000K)
[64.026s][info][gc             ] GC(727) Pause Young (Allocation Failure) 320M->172M(829M) 0.756ms
[64.026s][info][gc,cpu         ] GC(727) User=0.00s Sys=0.00s Real=0.00s
[64.088s][info][gc,start       ] GC(728) Pause Young (Allocation Failure)
[64.089s][info][gc,heap        ] GC(728) PSYoungGen: 149184K(149504K)->256K(147456K) Eden: 148992K(148992K)->0K(146432K) From: 192K(512K)->256K(1024K)
[64.089s][info][gc,heap        ] GC(728) ParOldGen: 176427K(699392K)->176435K(699392K)
[64.089s][info][gc,metaspace   ] GC(728) Metaspace: 61331K(62208K)->61331K(62208K) NonClass: 53758K(54208K)->53758K(54208K) Class: 7572K(8000K)->7572K(8000K)
[64.089s][info][gc             ] GC(728) Pause Young (Allocation Failure) 317M->172M(827M) 0.630ms
[64.089s][info][gc,cpu         ] GC(728) User=0.00s Sys=0.00s Real=0.00s
[64.156s][info][gc,start       ] GC(729) Pause Young (Allocation Failure)
[64.156s][info][gc,heap        ] GC(729) PSYoungGen: 146688K(147456K)->320K(144384K) Eden: 146432K(146432K)->0K(143872K) From: 256K(1024K)->320K(512K)
[64.156s][info][gc,heap        ] GC(729) ParOldGen: 176435K(699392K)->176435K(699392K)
[64.156s][info][gc,metaspace   ] GC(729) Metaspace: 61331K(62208K)->61331K(62208K) NonClass: 53758K(54208K)->53758K(54208K) Class: 7572K(8000K)->7572K(8000K)
[64.156s][info][gc             ] GC(729) Pause Young (Allocation Failure) 315M->172M(824M) 0.831ms
[64.156s][info][gc,cpu         ] GC(729) User=0.00s Sys=0.00s Real=0.00s
[64.216s][info][gc,start       ] GC(730) Pause Young (Allocation Failure)
[64.217s][info][gc,heap        ] GC(730) PSYoungGen: 144192K(144384K)->192K(142848K) Eden: 143872K(143872K)->0K(141824K) From: 320K(512K)->192K(1024K)
[64.217s][info][gc,heap        ] GC(730) ParOldGen: 176435K(699392K)->176435K(699392K)
[64.217s][info][gc,metaspace   ] GC(730) Metaspace: 61331K(62208K)->61331K(62208K) NonClass: 53758K(54208K)->53758K(54208K) Class: 7572K(8000K)->7572K(8000K)
[64.217s][info][gc             ] GC(730) Pause Young (Allocation Failure) 313M->172M(822M) 0.666ms
[64.217s][info][gc,cpu         ] GC(730) User=0.00s Sys=0.00s Real=0.00s
[64.276s][info][gc,start       ] GC(731) Pause Young (Allocation Failure)
[64.277s][info][gc,heap        ] GC(731) PSYoungGen: 142016K(142848K)->352K(140288K) Eden: 141824K(141824K)->0K(139776K) From: 192K(1024K)->352K(512K)
[64.277s][info][gc,heap        ] GC(731) ParOldGen: 176435K(699392K)->176451K(699392K)
[64.277s][info][gc,metaspace   ] GC(731) Metaspace: 61331K(62208K)->61331K(62208K) NonClass: 53758K(54208K)->53758K(54208K) Class: 7572K(8000K)->7572K(8000K)
[64.277s][info][gc             ] GC(731) Pause Young (Allocation Failure) 310M->172M(820M) 0.686ms
[64.277s][info][gc,cpu         ] GC(731) User=0.00s Sys=0.00s Real=0.00s
[64.335s][info][gc,start       ] GC(732) Pause Young (Allocation Failure)
[64.336s][info][gc,heap        ] GC(732) PSYoungGen: 140128K(140288K)->288K(138752K) Eden: 139776K(139776K)->0K(137728K) From: 352K(512K)->288K(1024K)
[64.336s][info][gc,heap        ] GC(732) ParOldGen: 176451K(699392K)->176459K(699392K)
[64.336s][info][gc,metaspace   ] GC(732) Metaspace: 61331K(62208K)->61331K(62208K) NonClass: 53758K(54208K)->53758K(54208K) Class: 7572K(8000K)->7572K(8000K)
[64.336s][info][gc             ] GC(732) Pause Young (Allocation Failure) 309M->172M(818M) 0.623ms
[64.336s][info][gc,cpu         ] GC(732) User=0.00s Sys=0.00s Real=0.00s
[64.392s][info][gc,start       ] GC(733) Pause Young (Allocation Failure)
[64.393s][info][gc,heap        ] GC(733) PSYoungGen: 138016K(138752K)->192K(136192K) Eden: 137728K(137728K)->0K(135680K) From: 288K(1024K)->192K(512K)
[64.393s][info][gc,heap        ] GC(733) ParOldGen: 176459K(699392K)->176483K(699392K)
[64.393s][info][gc,metaspace   ] GC(733) Metaspace: 61331K(62208K)->61331K(62208K) NonClass: 53758K(54208K)->53758K(54208K) Class: 7572K(8000K)->7572K(8000K)
[64.393s][info][gc             ] GC(733) Pause Young (Allocation Failure) 307M->172M(816M) 0.704ms
[64.393s][info][gc,cpu         ] GC(733) User=0.00s Sys=0.00s Real=0.00s
[64.454s][info][gc,start       ] GC(734) Pause Young (Allocation Failure)
[64.454s][info][gc,heap        ] GC(734) PSYoungGen: 135872K(136192K)->256K(134656K) Eden: 135680K(135680K)->0K(133632K) From: 192K(512K)->256K(1024K)
[64.454s][info][gc,heap        ] GC(734) ParOldGen: 176483K(699392K)->176499K(699392K)
[64.454s][info][gc,metaspace   ] GC(734) Metaspace: 61331K(62208K)->61331K(62208K) NonClass: 53758K(54208K)->53758K(54208K) Class: 7572K(8000K)->7572K(8000K)
[64.454s][info][gc             ] GC(734) Pause Young (Allocation Failure) 305M->172M(814M) 0.697ms
[64.454s][info][gc,cpu         ] GC(734) User=0.00s Sys=0.00s Real=0.00s
[64.509s][info][gc,start       ] GC(735) Pause Young (Allocation Failure)
[64.510s][info][gc,heap        ] GC(735) PSYoungGen: 133888K(134656K)->224K(132096K) Eden: 133632K(133632K)->0K(131584K) From: 256K(1024K)->224K(512K)
[64.510s][info][gc,heap        ] GC(735) ParOldGen: 176499K(699392K)->176523K(699392K)
[64.510s][info][gc,metaspace   ] GC(735) Metaspace: 61331K(62208K)->61331K(62208K) NonClass: 53758K(54208K)->53758K(54208K) Class: 7572K(8000K)->7572K(8000K)
[64.510s][info][gc             ] GC(735) Pause Young (Allocation Failure) 303M->172M(812M) 0.686ms
[64.510s][info][gc,cpu         ] GC(735) User=0.00s Sys=0.00s Real=0.00s
[64.564s][info][gc,start       ] GC(736) Pause Young (Allocation Failure)
[64.565s][info][gc,heap        ] GC(736) PSYoungGen: 131808K(132096K)->224K(130560K) Eden: 131584K(131584K)->0K(129536K) From: 224K(512K)->224K(1024K)
[64.565s][info][gc,heap        ] GC(736) ParOldGen: 176523K(699392K)->176539K(699392K)
[64.565s][info][gc,metaspace   ] GC(736) Metaspace: 61331K(62208K)->61331K(62208K) NonClass: 53758K(54208K)->53758K(54208K) Class: 7572K(8000K)->7572K(8000K)
[64.565s][info][gc             ] GC(736) Pause Young (Allocation Failure) 301M->172M(810M) 0.684ms
[64.565s][info][gc,cpu         ] GC(736) User=0.00s Sys=0.00s Real=0.00s
[64.622s][info][gc,start       ] GC(737) Pause Young (Allocation Failure)
[64.623s][info][gc,heap        ] GC(737) PSYoungGen: 129760K(130560K)->608K(128512K) Eden: 129536K(129536K)->0K(127488K) From: 224K(1024K)->608K(1024K)
[64.623s][info][gc,heap        ] GC(737) ParOldGen: 176539K(699392K)->176555K(699392K)
[64.623s][info][gc,metaspace   ] GC(737) Metaspace: 61331K(62208K)->61331K(62208K) NonClass: 53758K(54208K)->53758K(54208K) Class: 7572K(8000K)->7572K(8000K)
[64.623s][info][gc             ] GC(737) Pause Young (Allocation Failure) 299M->173M(808M) 0.804ms
[64.623s][info][gc,cpu         ] GC(737) User=0.00s Sys=0.00s Real=0.00s
[64.701s][info][gc,start       ] GC(738) Pause Young (Allocation Failure)
[64.702s][info][gc,heap        ] GC(738) PSYoungGen: 128096K(128512K)->128K(125952K) Eden: 127488K(127488K)->0K(125440K) From: 608K(1024K)->128K(512K)
[64.702s][info][gc,heap        ] GC(738) ParOldGen: 176555K(699392K)->176707K(699392K)
[64.702s][info][gc,metaspace   ] GC(738) Metaspace: 61331K(62208K)->61331K(62208K) NonClass: 53758K(54208K)->53758K(54208K) Class: 7572K(8000K)->7572K(8000K)
[64.702s][info][gc             ] GC(738) Pause Young (Allocation Failure) 297M->172M(806M) 0.867ms
[64.702s][info][gc,cpu         ] GC(738) User=0.00s Sys=0.00s Real=0.00s
[64.721s][info][gc,start       ] GC(739) Pause Young (System.gc())
[64.722s][info][gc,heap        ] GC(739) PSYoungGen: 9480K(125952K)->640K(126464K) Eden: 9352K(125440K)->0K(125440K) From: 128K(512K)->640K(1024K)
[64.722s][info][gc,heap        ] GC(739) ParOldGen: 176707K(699392K)->176723K(699392K)
[64.722s][info][gc,metaspace   ] GC(739) Metaspace: 61342K(62272K)->61342K(62272K) NonClass: 53769K(54272K)->53769K(54272K) Class: 7572K(8000K)->7572K(8000K)
[64.722s][info][gc             ] GC(739) Pause Young (System.gc()) 181M->173M(806M) 0.896ms
[64.722s][info][gc,cpu         ] GC(739) User=0.00s Sys=0.00s Real=0.00s
[64.722s][info][gc,start       ] GC(740) Pause Full (System.gc())
[64.722s][info][gc,phases,start] GC(740) Marking Phase
[64.842s][info][gc,phases      ] GC(740) Marking Phase 119.826ms
[64.842s][info][gc,phases,start] GC(740) Summary Phase
[64.842s][info][gc,phases      ] GC(740) Summary Phase 0.016ms
[64.842s][info][gc,phases,start] GC(740) Adjust Roots
[64.853s][info][gc,phases      ] GC(740) Adjust Roots 10.800ms
[64.853s][info][gc,phases,start] GC(740) Compaction Phase
[64.881s][info][gc,phases      ] GC(740) Compaction Phase 28.292ms
[64.881s][info][gc,phases,start] GC(740) Post Compact
[64.882s][info][gc,phases      ] GC(740) Post Compact 1.150ms
[64.882s][info][gc,heap        ] GC(740) PSYoungGen: 640K(126464K)->0K(126464K) Eden: 0K(125440K)->0K(125440K) From: 640K(1024K)->0K(1024K)
[64.882s][info][gc,heap        ] GC(740) ParOldGen: 176723K(699392K)->175974K(699392K)
[64.882s][info][gc,metaspace   ] GC(740) Metaspace: 61342K(62272K)->61342K(62272K) NonClass: 53769K(54272K)->53769K(54272K) Class: 7572K(8000K)->7572K(8000K)
[64.882s][info][gc             ] GC(740) Pause Full (System.gc()) 173M->171M(806M) 160.399ms
[64.883s][info][gc,cpu         ] GC(740) User=2.44s Sys=0.00s Real=0.17s
[64.982s][info][gc,start       ] GC(741) Pause Young (Allocation Failure)
[64.983s][info][gc,heap        ] GC(741) PSYoungGen: 125440K(126464K)->704K(124928K) Eden: 125440K(125440K)->0K(123904K) From: 0K(1024K)->704K(1024K)
[64.983s][info][gc,heap        ] GC(741) ParOldGen: 175974K(699392K)->175982K(699392K)
[64.983s][info][gc,metaspace   ] GC(741) Metaspace: 61362K(62272K)->61362K(62272K) NonClass: 53789K(54272K)->53789K(54272K) Class: 7572K(8000K)->7572K(8000K)
[64.983s][info][gc             ] GC(741) Pause Young (Allocation Failure) 294M->172M(805M) 1.029ms
[64.983s][info][gc,cpu         ] GC(741) User=0.00s Sys=0.00s Real=0.00s
[65.024s][info][gc,start       ] GC(742) Pause Young (Allocation Failure)
[65.025s][info][gc,heap        ] GC(742) PSYoungGen: 124608K(124928K)->512K(122880K) Eden: 123904K(123904K)->0K(122368K) From: 704K(1024K)->512K(512K)
[65.025s][info][gc,heap        ] GC(742) ParOldGen: 175982K(699392K)->176315K(699392K)
[65.025s][info][gc,metaspace   ] GC(742) Metaspace: 61362K(62272K)->61362K(62272K) NonClass: 53789K(54272K)->53789K(54272K) Class: 7572K(8000K)->7572K(8000K)
[65.025s][info][gc             ] GC(742) Pause Young (Allocation Failure) 293M->172M(803M) 0.865ms
[65.025s][info][gc,cpu         ] GC(742) User=0.00s Sys=0.00s Real=0.00s
[65.083s][info][gc,start       ] GC(743) Pause Young (Allocation Failure)
[65.084s][info][gc,heap        ] GC(743) PSYoungGen: 122880K(122880K)->224K(121856K) Eden: 122368K(122368K)->0K(120832K) From: 512K(512K)->224K(1024K)
[65.084s][info][gc,heap        ] GC(743) ParOldGen: 176315K(699392K)->176467K(699392K)
[65.084s][info][gc,metaspace   ] GC(743) Metaspace: 61362K(62272K)->61362K(62272K) NonClass: 53789K(54272K)->53789K(54272K) Class: 7572K(8000K)->7572K(8000K)
[65.084s][info][gc             ] GC(743) Pause Young (Allocation Failure) 292M->172M(802M) 0.755ms
[65.084s][info][gc,cpu         ] GC(743) User=0.00s Sys=0.00s Real=0.00s
[65.128s][info][gc,start       ] GC(744) Pause Young (Allocation Failure)
[65.129s][info][gc,heap        ] GC(744) PSYoungGen: 121056K(121856K)->288K(119808K) Eden: 120832K(120832K)->0K(119296K) From: 224K(1024K)->288K(512K)
[65.129s][info][gc,heap        ] GC(744) ParOldGen: 176467K(699392K)->176467K(699392K)
[65.129s][info][gc,metaspace   ] GC(744) Metaspace: 61362K(62272K)->61362K(62272K) NonClass: 53789K(54272K)->53789K(54272K) Class: 7572K(8000K)->7572K(8000K)
[65.129s][info][gc             ] GC(744) Pause Young (Allocation Failure) 290M->172M(800M) 0.689ms
[65.129s][info][gc,cpu         ] GC(744) User=0.00s Sys=0.00s Real=0.00s
[65.177s][info][gc,start       ] GC(745) Pause Young (Allocation Failure)
[65.178s][info][gc,heap        ] GC(745) PSYoungGen: 119584K(119808K)->288K(118784K) Eden: 119296K(119296K)->0K(117760K) From: 288K(512K)->288K(1024K)
[65.178s][info][gc,heap        ] GC(745) ParOldGen: 176467K(699392K)->176475K(699392K)
[65.178s][info][gc,metaspace   ] GC(745) Metaspace: 61362K(62272K)->61362K(62272K) NonClass: 53789K(54272K)->53789K(54272K) Class: 7572K(8000K)->7572K(8000K)
[65.178s][info][gc             ] GC(745) Pause Young (Allocation Failure) 289M->172M(799M) 0.593ms
[65.178s][info][gc,cpu         ] GC(745) User=0.00s Sys=0.00s Real=0.00s
[65.233s][info][gc,start       ] GC(746) Pause Young (Allocation Failure)
[65.385s][info][gc,heap        ] GC(746) PSYoungGen: 118048K(118784K)->256K(116736K) Eden: 117760K(117760K)->0K(116224K) From: 288K(1024K)->256K(512K)
[65.385s][info][gc,heap        ] GC(746) ParOldGen: 176475K(699392K)->176475K(699392K)
[65.385s][info][gc,metaspace   ] GC(746) Metaspace: 61362K(62272K)->61362K(62272K) NonClass: 53789K(54272K)->53789K(54272K) Class: 7572K(8000K)->7572K(8000K)
[65.385s][info][gc             ] GC(746) Pause Young (Allocation Failure) 287M->172M(797M) 152.847ms
[65.386s][info][gc,cpu         ] GC(746) User=0.00s Sys=0.00s Real=0.15s
[65.449s][info][gc,start       ] GC(747) Pause Young (Allocation Failure)
[65.449s][info][gc,heap        ] GC(747) PSYoungGen: 116480K(116736K)->352K(115712K) Eden: 116224K(116224K)->0K(114688K) From: 256K(512K)->352K(1024K)
[65.449s][info][gc,heap        ] GC(747) ParOldGen: 176475K(699392K)->176483K(699392K)
[65.449s][info][gc,metaspace   ] GC(747) Metaspace: 61362K(62272K)->61362K(62272K) NonClass: 53789K(54272K)->53789K(54272K) Class: 7572K(8000K)->7572K(8000K)
[65.449s][info][gc             ] GC(747) Pause Young (Allocation Failure) 286M->172M(796M) 0.842ms
[65.449s][info][gc,cpu         ] GC(747) User=0.44s Sys=0.05s Real=0.01s
[65.495s][info][gc,start       ] GC(748) Pause Young (Allocation Failure)
[65.496s][info][gc,heap        ] GC(748) PSYoungGen: 115040K(115712K)->320K(113664K) Eden: 114688K(114688K)->0K(113152K) From: 352K(1024K)->320K(512K)
[65.496s][info][gc,heap        ] GC(748) ParOldGen: 176483K(699392K)->176507K(699392K)
[65.496s][info][gc,metaspace   ] GC(748) Metaspace: 61362K(62272K)->61362K(62272K) NonClass: 53789K(54272K)->53789K(54272K) Class: 7572K(8000K)->7572K(8000K)
[65.496s][info][gc             ] GC(748) Pause Young (Allocation Failure) 284M->172M(794M) 0.858ms
[65.496s][info][gc,cpu         ] GC(748) User=0.00s Sys=0.00s Real=0.00s
[65.549s][info][gc,start       ] GC(749) Pause Young (Allocation Failure)
[65.550s][info][gc,heap        ] GC(749) PSYoungGen: 113472K(113664K)->256K(112640K) Eden: 113152K(113152K)->0K(111616K) From: 320K(512K)->256K(1024K)
[65.550s][info][gc,heap        ] GC(749) ParOldGen: 176507K(699392K)->176523K(699392K)
[65.550s][info][gc,metaspace   ] GC(749) Metaspace: 61362K(62272K)->61362K(62272K) NonClass: 53789K(54272K)->53789K(54272K) Class: 7572K(8000K)->7572K(8000K)
[65.550s][info][gc             ] GC(749) Pause Young (Allocation Failure) 283M->172M(793M) 0.766ms
[65.550s][info][gc,cpu         ] GC(749) User=0.00s Sys=0.00s Real=0.00s
[65.598s][info][gc,start       ] GC(750) Pause Young (Allocation Failure)
[65.599s][info][gc,heap        ] GC(750) PSYoungGen: 111872K(112640K)->288K(110592K) Eden: 111616K(111616K)->0K(110080K) From: 256K(1024K)->288K(512K)
[65.599s][info][gc,heap        ] GC(750) ParOldGen: 176523K(699392K)->176547K(699392K)
[65.599s][info][gc,metaspace   ] GC(750) Metaspace: 61362K(62272K)->61362K(62272K) NonClass: 53789K(54272K)->53789K(54272K) Class: 7572K(8000K)->7572K(8000K)
[65.599s][info][gc             ] GC(750) Pause Young (Allocation Failure) 281M->172M(791M) 0.684ms
[65.599s][info][gc,cpu         ] GC(750) User=0.00s Sys=0.00s Real=0.00s
[65.645s][info][gc,start       ] GC(751) Pause Young (Allocation Failure)
[65.646s][info][gc,heap        ] GC(751) PSYoungGen: 110368K(110592K)->192K(109568K) Eden: 110080K(110080K)->0K(108544K) From: 288K(512K)->192K(1024K)
[65.646s][info][gc,heap        ] GC(751) ParOldGen: 176547K(699392K)->176563K(699392K)
[65.646s][info][gc,metaspace   ] GC(751) Metaspace: 61362K(62272K)->61362K(62272K) NonClass: 53789K(54272K)->53789K(54272K) Class: 7572K(8000K)->7572K(8000K)
[65.646s][info][gc             ] GC(751) Pause Young (Allocation Failure) 280M->172M(790M) 0.691ms
[65.646s][info][gc,cpu         ] GC(751) User=0.00s Sys=0.00s Real=0.00s
[65.693s][info][gc,start       ] GC(752) Pause Young (Allocation Failure)
[65.694s][info][gc,heap        ] GC(752) PSYoungGen: 108736K(109568K)->288K(107520K) Eden: 108544K(108544K)->0K(107008K) From: 192K(1024K)->288K(512K)
[65.694s][info][gc,heap        ] GC(752) ParOldGen: 176563K(699392K)->176587K(699392K)
[65.694s][info][gc,metaspace   ] GC(752) Metaspace: 61362K(62272K)->61362K(62272K) NonClass: 53789K(54272K)->53789K(54272K) Class: 7572K(8000K)->7572K(8000K)
[65.694s][info][gc             ] GC(752) Pause Young (Allocation Failure) 278M->172M(788M) 0.815ms
[65.694s][info][gc,cpu         ] GC(752) User=0.00s Sys=0.00s Real=0.00s
[65.733s][info][gc,start       ] GC(753) Pause Young (Allocation Failure)
[65.733s][info][gc,heap        ] GC(753) PSYoungGen: 107296K(107520K)->288K(129536K) Eden: 107008K(107008K)->0K(128512K) From: 288K(512K)->288K(1024K)
[65.733s][info][gc,heap        ] GC(753) ParOldGen: 176587K(699392K)->176603K(699392K)
[65.733s][info][gc,metaspace   ] GC(753) Metaspace: 61362K(62272K)->61362K(62272K) NonClass: 53789K(54272K)->53789K(54272K) Class: 7572K(8000K)->7572K(8000K)
[65.733s][info][gc             ] GC(753) Pause Young (Allocation Failure) 277M->172M(809M) 0.631ms
[65.733s][info][gc,cpu         ] GC(753) User=0.00s Sys=0.00s Real=0.00s
[65.786s][info][gc,start       ] GC(754) Pause Young (Allocation Failure)
[65.787s][info][gc,heap        ] GC(754) PSYoungGen: 128800K(129536K)->224K(126976K) Eden: 128512K(128512K)->0K(126464K) From: 288K(1024K)->224K(512K)
[65.787s][info][gc,heap        ] GC(754) ParOldGen: 176603K(699392K)->176627K(699392K)
[65.787s][info][gc,metaspace   ] GC(754) Metaspace: 61362K(62272K)->61362K(62272K) NonClass: 53789K(54272K)->53789K(54272K) Class: 7572K(8000K)->7572K(8000K)
[65.787s][info][gc             ] GC(754) Pause Young (Allocation Failure) 298M->172M(807M) 0.882ms
[65.787s][info][gc,cpu         ] GC(754) User=0.00s Sys=0.00s Real=0.00s
[65.841s][info][gc,start       ] GC(755) Pause Young (Allocation Failure)
[65.842s][info][gc,heap        ] GC(755) PSYoungGen: 126688K(126976K)->224K(125440K) Eden: 126464K(126464K)->0K(124416K) From: 224K(512K)->224K(1024K)
[65.842s][info][gc,heap        ] GC(755) ParOldGen: 176627K(699392K)->176635K(699392K)
[65.842s][info][gc,metaspace   ] GC(755) Metaspace: 61362K(62272K)->61362K(62272K) NonClass: 53789K(54272K)->53789K(54272K) Class: 7572K(8000K)->7572K(8000K)
[65.842s][info][gc             ] GC(755) Pause Young (Allocation Failure) 296M->172M(805M) 0.711ms
[65.842s][info][gc,cpu         ] GC(755) User=0.00s Sys=0.00s Real=0.00s
[65.893s][info][gc,start       ] GC(756) Pause Young (Allocation Failure)
[65.894s][info][gc,heap        ] GC(756) PSYoungGen: 124640K(125440K)->256K(123392K) Eden: 124416K(124416K)->0K(122880K) From: 224K(1024K)->256K(512K)
[65.894s][info][gc,heap        ] GC(756) ParOldGen: 176635K(699392K)->176659K(699392K)
[65.894s][info][gc,metaspace   ] GC(756) Metaspace: 61362K(62272K)->61362K(62272K) NonClass: 53789K(54272K)->53789K(54272K) Class: 7572K(8000K)->7572K(8000K)
[65.894s][info][gc             ] GC(756) Pause Young (Allocation Failure) 294M->172M(803M) 0.871ms
[65.894s][info][gc,cpu         ] GC(756) User=0.00s Sys=0.02s Real=0.02s
[65.962s][info][gc,start       ] GC(757) Pause Young (System.gc())
[65.963s][info][gc,heap        ] GC(757) PSYoungGen: 99330K(123392K)->608K(123904K) Eden: 99074K(122880K)->0K(122880K) From: 256K(512K)->608K(1024K)
[65.963s][info][gc,heap        ] GC(757) ParOldGen: 176659K(699392K)->176667K(699392K)
[65.963s][info][gc,metaspace   ] GC(757) Metaspace: 61381K(62272K)->61381K(62272K) NonClass: 53808K(54272K)->53808K(54272K) Class: 7572K(8000K)->7572K(8000K)
[65.963s][info][gc             ] GC(757) Pause Young (System.gc()) 269M->173M(804M) 1.013ms
[65.963s][info][gc,cpu         ] GC(757) User=0.00s Sys=0.00s Real=0.00s
[65.964s][info][gc,start       ] GC(758) Pause Full (System.gc())
[65.964s][info][gc,phases,start] GC(758) Marking Phase
[66.069s][info][gc,phases      ] GC(758) Marking Phase 105.361ms
[66.069s][info][gc,phases,start] GC(758) Summary Phase
[66.069s][info][gc,phases      ] GC(758) Summary Phase 0.015ms
[66.069s][info][gc,phases,start] GC(758) Adjust Roots
[66.080s][info][gc,phases      ] GC(758) Adjust Roots 11.003ms
[66.080s][info][gc,phases,start] GC(758) Compaction Phase
[66.109s][info][gc,phases      ] GC(758) Compaction Phase 28.971ms
[66.109s][info][gc,phases,start] GC(758) Post Compact
[66.110s][info][gc,phases      ] GC(758) Post Compact 1.088ms
[66.110s][info][gc,heap        ] GC(758) PSYoungGen: 608K(123904K)->0K(123904K) Eden: 0K(122880K)->0K(122880K) From: 608K(1024K)->0K(1024K)
[66.110s][info][gc,heap        ] GC(758) ParOldGen: 176667K(699392K)->175991K(699392K)
[66.110s][info][gc,metaspace   ] GC(758) Metaspace: 61381K(62272K)->61381K(62272K) NonClass: 53808K(54272K)->53808K(54272K) Class: 7572K(8000K)->7572K(8000K)
[66.110s][info][gc             ] GC(758) Pause Full (System.gc()) 173M->171M(804M) 146.691ms
[66.110s][info][gc,cpu         ] GC(758) User=2.39s Sys=0.00s Real=0.14s
[66.202s][info][gc,start       ] GC(759) Pause Young (Allocation Failure)
[66.203s][info][gc,heap        ] GC(759) PSYoungGen: 122880K(123904K)->736K(122368K) Eden: 122880K(122880K)->0K(121344K) From: 0K(1024K)->736K(1024K)
[66.203s][info][gc,heap        ] GC(759) ParOldGen: 175991K(699392K)->175999K(699392K)
[66.203s][info][gc,metaspace   ] GC(759) Metaspace: 61442K(62400K)->61442K(62400K) NonClass: 53869K(54400K)->53869K(54400K) Class: 7572K(8000K)->7572K(8000K)
[66.203s][info][gc             ] GC(759) Pause Young (Allocation Failure) 291M->172M(802M) 1.086ms
[66.203s][info][gc,cpu         ] GC(759) User=0.00s Sys=0.00s Real=0.00s
[66.248s][info][gc,start       ] GC(760) Pause Young (Allocation Failure)
[66.249s][info][gc,heap        ] GC(760) PSYoungGen: 122080K(122368K)->480K(120320K) Eden: 121344K(121344K)->0K(119808K) From: 736K(1024K)->480K(512K)
[66.249s][info][gc,heap        ] GC(760) ParOldGen: 175999K(699392K)->176358K(699392K)
[66.249s][info][gc,metaspace   ] GC(760) Metaspace: 61442K(62400K)->61442K(62400K) NonClass: 53869K(54400K)->53869K(54400K) Class: 7572K(8000K)->7572K(8000K)
[66.249s][info][gc             ] GC(760) Pause Young (Allocation Failure) 291M->172M(800M) 0.994ms
[66.249s][info][gc,cpu         ] GC(760) User=0.00s Sys=0.00s Real=0.00s
[66.289s][info][gc,start       ] GC(761) Pause Young (Allocation Failure)
[66.290s][info][gc,heap        ] GC(761) PSYoungGen: 120288K(120320K)->256K(144384K) Eden: 119808K(119808K)->0K(143872K) From: 480K(512K)->256K(512K)
[66.290s][info][gc,heap        ] GC(761) ParOldGen: 176358K(699392K)->176494K(699392K)
[66.290s][info][gc,metaspace   ] GC(761) Metaspace: 61442K(62400K)->61442K(62400K) NonClass: 53869K(54400K)->53869K(54400K) Class: 7572K(8000K)->7572K(8000K)
[66.290s][info][gc             ] GC(761) Pause Young (Allocation Failure) 289M->172M(824M) 1.038ms
[66.290s][info][gc,cpu         ] GC(761) User=0.00s Sys=0.00s Real=0.00s
[66.338s][info][gc,start       ] GC(762) Pause Young (Allocation Failure)
[66.338s][info][gc,heap        ] GC(762) PSYoungGen: 144128K(144384K)->288K(174080K) Eden: 143872K(143872K)->0K(173056K) From: 256K(512K)->288K(1024K)
[66.338s][info][gc,heap        ] GC(762) ParOldGen: 176494K(699392K)->176494K(699392K)
[66.338s][info][gc,metaspace   ] GC(762) Metaspace: 61442K(62400K)->61442K(62400K) NonClass: 53869K(54400K)->53869K(54400K) Class: 7572K(8000K)->7572K(8000K)
[66.339s][info][gc             ] GC(762) Pause Young (Allocation Failure) 313M->172M(853M) 0.684ms
[66.339s][info][gc,cpu         ] GC(762) User=0.30s Sys=0.00s Real=0.02s
[66.396s][info][gc,start       ] GC(763) Pause Young (Allocation Failure)
[66.397s][info][gc,heap        ] GC(763) PSYoungGen: 173344K(174080K)->224K(170496K) Eden: 173056K(173056K)->0K(169984K) From: 288K(1024K)->224K(512K)
[66.397s][info][gc,heap        ] GC(763) ParOldGen: 176494K(699392K)->176502K(699392K)
[66.397s][info][gc,metaspace   ] GC(763) Metaspace: 61442K(62400K)->61442K(62400K) NonClass: 53869K(54400K)->53869K(54400K) Class: 7572K(8000K)->7572K(8000K)
[66.397s][info][gc             ] GC(763) Pause Young (Allocation Failure) 341M->172M(849M) 0.694ms
[66.397s][info][gc,cpu         ] GC(763) User=0.00s Sys=0.00s Real=0.00s
[66.462s][info][gc,start       ] GC(764) Pause Young (Allocation Failure)
[66.463s][info][gc,heap        ] GC(764) PSYoungGen: 170208K(170496K)->384K(167936K) Eden: 169984K(169984K)->0K(166912K) From: 224K(512K)->384K(1024K)
[66.463s][info][gc,heap        ] GC(764) ParOldGen: 176502K(699392K)->176502K(699392K)
[66.463s][info][gc,metaspace   ] GC(764) Metaspace: 61442K(62400K)->61442K(62400K) NonClass: 53869K(54400K)->53869K(54400K) Class: 7572K(8000K)->7572K(8000K)
[66.463s][info][gc             ] GC(764) Pause Young (Allocation Failure) 338M->172M(847M) 0.733ms
[66.463s][info][gc,cpu         ] GC(764) User=0.00s Sys=0.00s Real=0.00s
[66.525s][info][gc,start       ] GC(765) Pause Young (Allocation Failure)
[66.526s][info][gc,heap        ] GC(765) PSYoungGen: 167296K(167936K)->160K(164352K) Eden: 166912K(166912K)->0K(163840K) From: 384K(1024K)->160K(512K)
[66.526s][info][gc,heap        ] GC(765) ParOldGen: 176502K(699392K)->176518K(699392K)
[66.526s][info][gc,metaspace   ] GC(765) Metaspace: 61442K(62400K)->61442K(62400K) NonClass: 53869K(54400K)->53869K(54400K) Class: 7572K(8000K)->7572K(8000K)
[66.526s][info][gc             ] GC(765) Pause Young (Allocation Failure) 335M->172M(843M) 0.933ms
[66.526s][info][gc,cpu         ] GC(765) User=0.31s Sys=0.00s Real=0.02s
[66.581s][info][gc,start       ] GC(766) Pause Young (Allocation Failure)
[66.581s][info][gc,heap        ] GC(766) PSYoungGen: 164000K(164352K)->288K(161792K) Eden: 163840K(163840K)->0K(160768K) From: 160K(512K)->288K(1024K)
[66.581s][info][gc,heap        ] GC(766) ParOldGen: 176518K(699392K)->176526K(699392K)
[66.581s][info][gc,metaspace   ] GC(766) Metaspace: 61442K(62400K)->61442K(62400K) NonClass: 53869K(54400K)->53869K(54400K) Class: 7572K(8000K)->7572K(8000K)
[66.582s][info][gc             ] GC(766) Pause Young (Allocation Failure) 332M->172M(841M) 0.705ms
[66.582s][info][gc,cpu         ] GC(766) User=0.00s Sys=0.00s Real=0.00s
[66.635s][info][gc,start       ] GC(767) Pause Young (Allocation Failure)
[66.635s][info][gc,heap        ] GC(767) PSYoungGen: 161056K(161792K)->288K(158720K) Eden: 160768K(160768K)->0K(158208K) From: 288K(1024K)->288K(512K)
[66.635s][info][gc,heap        ] GC(767) ParOldGen: 176526K(699392K)->176542K(699392K)
[66.635s][info][gc,metaspace   ] GC(767) Metaspace: 61442K(62400K)->61442K(62400K) NonClass: 53869K(54400K)->53869K(54400K) Class: 7572K(8000K)->7572K(8000K)
[66.636s][info][gc             ] GC(767) Pause Young (Allocation Failure) 329M->172M(838M) 0.748ms
[66.636s][info][gc,cpu         ] GC(767) User=0.31s Sys=0.00s Real=0.02s
[66.695s][info][gc,start       ] GC(768) Pause Young (Allocation Failure)
[66.696s][info][gc,heap        ] GC(768) PSYoungGen: 158496K(158720K)->160K(156672K) Eden: 158208K(158208K)->0K(155648K) From: 288K(512K)->160K(1024K)
[66.696s][info][gc,heap        ] GC(768) ParOldGen: 176542K(699392K)->176550K(699392K)
[66.696s][info][gc,metaspace   ] GC(768) Metaspace: 61442K(62400K)->61442K(62400K) NonClass: 53869K(54400K)->53869K(54400K) Class: 7572K(8000K)->7572K(8000K)
[66.696s][info][gc             ] GC(768) Pause Young (Allocation Failure) 327M->172M(836M) 0.695ms
[66.696s][info][gc,cpu         ] GC(768) User=0.00s Sys=0.00s Real=0.00s
[66.754s][info][gc,start       ] GC(769) Pause Young (Allocation Failure)
[66.755s][info][gc,heap        ] GC(769) PSYoungGen: 155808K(156672K)->256K(153600K) Eden: 155648K(155648K)->0K(153088K) From: 160K(1024K)->256K(512K)
[66.755s][info][gc,heap        ] GC(769) ParOldGen: 176550K(699392K)->176566K(699392K)
[66.755s][info][gc,metaspace   ] GC(769) Metaspace: 61442K(62400K)->61442K(62400K) NonClass: 53869K(54400K)->53869K(54400K) Class: 7572K(8000K)->7572K(8000K)
[66.755s][info][gc             ] GC(769) Pause Young (Allocation Failure) 324M->172M(833M) 0.890ms
[66.755s][info][gc,cpu         ] GC(769) User=0.00s Sys=0.00s Real=0.00s
[66.814s][info][gc,start       ] GC(770) Pause Young (Allocation Failure)
[66.814s][info][gc,heap        ] GC(770) PSYoungGen: 153344K(153600K)->224K(151552K) Eden: 153088K(153088K)->0K(150528K) From: 256K(512K)->224K(1024K)
[66.814s][info][gc,heap        ] GC(770) ParOldGen: 176566K(699392K)->176590K(699392K)
[66.814s][info][gc,metaspace   ] GC(770) Metaspace: 61442K(62400K)->61442K(62400K) NonClass: 53869K(54400K)->53869K(54400K) Class: 7572K(8000K)->7572K(8000K)
[66.814s][info][gc             ] GC(770) Pause Young (Allocation Failure) 322M->172M(831M) 0.683ms
[66.814s][info][gc,cpu         ] GC(770) User=0.00s Sys=0.00s Real=0.00s
[66.876s][info][gc,start       ] GC(771) Pause Young (Allocation Failure)
[66.877s][info][gc,heap        ] GC(771) PSYoungGen: 150752K(151552K)->608K(148992K) Eden: 150528K(150528K)->0K(147968K) From: 224K(1024K)->608K(1024K)
[66.877s][info][gc,heap        ] GC(771) ParOldGen: 176590K(699392K)->176606K(699392K)
[66.877s][info][gc,metaspace   ] GC(771) Metaspace: 61447K(62400K)->61447K(62400K) NonClass: 53874K(54400K)->53874K(54400K) Class: 7572K(8000K)->7572K(8000K)
[66.877s][info][gc             ] GC(771) Pause Young (Allocation Failure) 319M->173M(828M) 0.847ms
[66.877s][info][gc,cpu         ] GC(771) User=0.00s Sys=0.00s Real=0.00s
[66.908s][info][gc,start       ] GC(772) Pause Young (System.gc())
[66.908s][info][gc,heap        ] GC(772) PSYoungGen: 29031K(148992K)->608K(148992K) Eden: 28423K(147968K)->0K(147968K) From: 608K(1024K)->608K(1024K)
[66.908s][info][gc,heap        ] GC(772) ParOldGen: 176606K(699392K)->176742K(699392K)
[66.908s][info][gc,metaspace   ] GC(772) Metaspace: 61461K(62400K)->61461K(62400K) NonClass: 53888K(54400K)->53888K(54400K) Class: 7572K(8000K)->7572K(8000K)
[66.908s][info][gc             ] GC(772) Pause Young (System.gc()) 200M->173M(828M) 0.948ms
[66.908s][info][gc,cpu         ] GC(772) User=0.00s Sys=0.00s Real=0.00s
[66.909s][info][gc,start       ] GC(773) Pause Full (System.gc())
[66.909s][info][gc,phases,start] GC(773) Marking Phase
[67.010s][info][gc,phases      ] GC(773) Marking Phase 101.455ms
[67.010s][info][gc,phases,start] GC(773) Summary Phase
[67.010s][info][gc,phases      ] GC(773) Summary Phase 0.016ms
[67.010s][info][gc,phases,start] GC(773) Adjust Roots
[67.020s][info][gc,phases      ] GC(773) Adjust Roots 9.501ms
[67.020s][info][gc,phases,start] GC(773) Compaction Phase
[67.046s][info][gc,phases      ] GC(773) Compaction Phase 26.553ms
[67.046s][info][gc,phases,start] GC(773) Post Compact
[67.047s][info][gc,phases      ] GC(773) Post Compact 1.093ms
[67.047s][info][gc,heap        ] GC(773) PSYoungGen: 608K(148992K)->0K(148992K) Eden: 0K(147968K)->0K(147968K) From: 608K(1024K)->0K(1024K)
[67.047s][info][gc,heap        ] GC(773) ParOldGen: 176742K(699392K)->176008K(699392K)
[67.047s][info][gc,metaspace   ] GC(773) Metaspace: 61461K(62400K)->61461K(62400K) NonClass: 53888K(54400K)->53888K(54400K) Class: 7572K(8000K)->7572K(8000K)
[67.047s][info][gc             ] GC(773) Pause Full (System.gc()) 173M->171M(828M) 138.908ms
[67.048s][info][gc,cpu         ] GC(773) User=2.13s Sys=0.00s Real=0.15s
[67.152s][info][gc,start       ] GC(774) Pause Young (Allocation Failure)
[67.153s][info][gc,heap        ] GC(774) PSYoungGen: 147968K(148992K)->512K(145920K) Eden: 147968K(147968K)->0K(145408K) From: 0K(1024K)->512K(512K)
[67.153s][info][gc,heap        ] GC(774) ParOldGen: 176008K(699392K)->176128K(699392K)
[67.153s][info][gc,metaspace   ] GC(774) Metaspace: 61463K(62400K)->61463K(62400K) NonClass: 53890K(54400K)->53890K(54400K) Class: 7572K(8000K)->7572K(8000K)
[67.153s][info][gc             ] GC(774) Pause Young (Allocation Failure) 316M->172M(825M) 1.051ms
[67.153s][info][gc,cpu         ] GC(774) User=0.00s Sys=0.00s Real=0.00s
[67.207s][info][gc,start       ] GC(775) Pause Young (Allocation Failure)
[67.208s][info][gc,heap        ] GC(775) PSYoungGen: 145920K(145920K)->512K(143872K) Eden: 145408K(145408K)->0K(142848K) From: 512K(512K)->512K(1024K)
[67.208s][info][gc,heap        ] GC(775) ParOldGen: 176128K(699392K)->176377K(699392K)
[67.208s][info][gc,metaspace   ] GC(775) Metaspace: 61463K(62400K)->61463K(62400K) NonClass: 53890K(54400K)->53890K(54400K) Class: 7572K(8000K)->7572K(8000K)
[67.208s][info][gc             ] GC(775) Pause Young (Allocation Failure) 314M->172M(823M) 0.882ms
[67.208s][info][gc,cpu         ] GC(775) User=0.00s Sys=0.00s Real=0.00s
[67.257s][info][gc,start       ] GC(776) Pause Young (Allocation Failure)
[67.258s][info][gc,heap        ] GC(776) PSYoungGen: 143360K(143872K)->256K(141312K) Eden: 142848K(142848K)->0K(140800K) From: 512K(1024K)->256K(512K)
[67.258s][info][gc,heap        ] GC(776) ParOldGen: 176377K(699392K)->176513K(699392K)
[67.258s][info][gc,metaspace   ] GC(776) Metaspace: 61463K(62400K)->61463K(62400K) NonClass: 53890K(54400K)->53890K(54400K) Class: 7572K(8000K)->7572K(8000K)
[67.258s][info][gc             ] GC(776) Pause Young (Allocation Failure) 312M->172M(821M) 0.727ms
[67.258s][info][gc,cpu         ] GC(776) User=0.00s Sys=0.00s Real=0.00s
[67.309s][info][gc,start       ] GC(777) Pause Young (Allocation Failure)
[67.309s][info][gc,heap        ] GC(777) PSYoungGen: 141056K(141312K)->288K(139776K) Eden: 140800K(140800K)->0K(138752K) From: 256K(512K)->288K(1024K)
[67.309s][info][gc,heap        ] GC(777) ParOldGen: 176513K(699392K)->176513K(699392K)
[67.309s][info][gc,metaspace   ] GC(777) Metaspace: 61463K(62400K)->61463K(62400K) NonClass: 53890K(54400K)->53890K(54400K) Class: 7572K(8000K)->7572K(8000K)
[67.309s][info][gc             ] GC(777) Pause Young (Allocation Failure) 310M->172M(819M) 0.700ms
[67.309s][info][gc,cpu         ] GC(777) User=0.00s Sys=0.00s Real=0.00s
[67.359s][info][gc,start       ] GC(778) Pause Young (Allocation Failure)
[67.360s][info][gc,heap        ] GC(778) PSYoungGen: 139040K(139776K)->288K(137216K) Eden: 138752K(138752K)->0K(136704K) From: 288K(1024K)->288K(512K)
[67.360s][info][gc,heap        ] GC(778) ParOldGen: 176513K(699392K)->176521K(699392K)
[67.360s][info][gc,metaspace   ] GC(778) Metaspace: 61463K(62400K)->61463K(62400K) NonClass: 53890K(54400K)->53890K(54400K) Class: 7572K(8000K)->7572K(8000K)
[67.360s][info][gc             ] GC(778) Pause Young (Allocation Failure) 308M->172M(817M) 0.814ms
[67.360s][info][gc,cpu         ] GC(778) User=0.00s Sys=0.00s Real=0.00s
[67.403s][info][gc,start       ] GC(779) Pause Young (Allocation Failure)
[67.403s][info][gc,heap        ] GC(779) PSYoungGen: 136992K(137216K)->224K(135680K) Eden: 136704K(136704K)->0K(134656K) From: 288K(512K)->224K(1024K)
[67.403s][info][gc,heap        ] GC(779) ParOldGen: 176521K(699392K)->176529K(699392K)
[67.403s][info][gc,metaspace   ] GC(779) Metaspace: 61463K(62400K)->61463K(62400K) NonClass: 53890K(54400K)->53890K(54400K) Class: 7572K(8000K)->7572K(8000K)
[67.403s][info][gc             ] GC(779) Pause Young (Allocation Failure) 306M->172M(815M) 0.691ms
[67.404s][info][gc,cpu         ] GC(779) User=0.00s Sys=0.00s Real=0.00s
[67.445s][info][gc,start       ] GC(780) Pause Young (Allocation Failure)
[67.446s][info][gc,heap        ] GC(780) PSYoungGen: 134880K(135680K)->320K(162304K) Eden: 134656K(134656K)->0K(161792K) From: 224K(1024K)->320K(512K)
[67.446s][info][gc,heap        ] GC(780) ParOldGen: 176529K(699392K)->176545K(699392K)
[67.446s][info][gc,metaspace   ] GC(780) Metaspace: 61463K(62400K)->61463K(62400K) NonClass: 53890K(54400K)->53890K(54400K) Class: 7572K(8000K)->7572K(8000K)
[67.446s][info][gc             ] GC(780) Pause Young (Allocation Failure) 304M->172M(841M) 0.702ms
[67.446s][info][gc,cpu         ] GC(780) User=0.00s Sys=0.00s Real=0.00s
[67.504s][info][gc,start       ] GC(781) Pause Young (Allocation Failure)
[67.505s][info][gc,heap        ] GC(781) PSYoungGen: 162112K(162304K)->288K(159744K) Eden: 161792K(161792K)->0K(158720K) From: 320K(512K)->288K(1024K)
[67.505s][info][gc,heap        ] GC(781) ParOldGen: 176545K(699392K)->176553K(699392K)
[67.505s][info][gc,metaspace   ] GC(781) Metaspace: 61463K(62400K)->61463K(62400K) NonClass: 53890K(54400K)->53890K(54400K) Class: 7572K(8000K)->7572K(8000K)
[67.505s][info][gc             ] GC(781) Pause Young (Allocation Failure) 330M->172M(839M) 0.665ms
[67.505s][info][gc,cpu         ] GC(781) User=0.00s Sys=0.00s Real=0.00s
[67.562s][info][gc,start       ] GC(782) Pause Young (Allocation Failure)
[67.563s][info][gc,heap        ] GC(782) PSYoungGen: 159008K(159744K)->288K(156672K) Eden: 158720K(158720K)->0K(156160K) From: 288K(1024K)->288K(512K)
[67.563s][info][gc,heap        ] GC(782) ParOldGen: 176553K(699392K)->176577K(699392K)
[67.563s][info][gc,metaspace   ] GC(782) Metaspace: 61463K(62400K)->61463K(62400K) NonClass: 53890K(54400K)->53890K(54400K) Class: 7572K(8000K)->7572K(8000K)
[67.563s][info][gc             ] GC(782) Pause Young (Allocation Failure) 327M->172M(836M) 0.848ms
[67.563s][info][gc,cpu         ] GC(782) User=0.00s Sys=0.00s Real=0.00s
[67.612s][info][gc,start       ] GC(783) Pause Young (Allocation Failure)
[67.612s][info][gc,heap        ] GC(783) PSYoungGen: 156448K(156672K)->320K(154624K) Eden: 156160K(156160K)->0K(153600K) From: 288K(512K)->320K(1024K)
[67.612s][info][gc,heap        ] GC(783) ParOldGen: 176577K(699392K)->176585K(699392K)
[67.612s][info][gc,metaspace   ] GC(783) Metaspace: 61463K(62400K)->61463K(62400K) NonClass: 53890K(54400K)->53890K(54400K) Class: 7572K(8000K)->7572K(8000K)
[67.612s][info][gc             ] GC(783) Pause Young (Allocation Failure) 325M->172M(834M) 0.731ms
[67.612s][info][gc,cpu         ] GC(783) User=0.00s Sys=0.00s Real=0.00s
[67.660s][info][gc,start       ] GC(784) Pause Young (Allocation Failure)
[67.661s][info][gc,heap        ] GC(784) PSYoungGen: 153920K(154624K)->192K(151552K) Eden: 153600K(153600K)->0K(151040K) From: 320K(1024K)->192K(512K)
[67.661s][info][gc,heap        ] GC(784) ParOldGen: 176585K(699392K)->176609K(699392K)
[67.661s][info][gc,metaspace   ] GC(784) Metaspace: 61463K(62400K)->61463K(62400K) NonClass: 53890K(54400K)->53890K(54400K) Class: 7572K(8000K)->7572K(8000K)
[67.661s][info][gc             ] GC(784) Pause Young (Allocation Failure) 322M->172M(831M) 0.756ms
[67.661s][info][gc,cpu         ] GC(784) User=0.00s Sys=0.00s Real=0.00s
[67.715s][info][gc,start       ] GC(785) Pause Young (Allocation Failure)
[67.716s][info][gc,heap        ] GC(785) PSYoungGen: 151232K(151552K)->288K(149504K) Eden: 151040K(151040K)->0K(148480K) From: 192K(512K)->288K(1024K)
[67.716s][info][gc,heap        ] GC(785) ParOldGen: 176609K(699392K)->176625K(699392K)
[67.716s][info][gc,metaspace   ] GC(785) Metaspace: 61463K(62400K)->61463K(62400K) NonClass: 53890K(54400K)->53890K(54400K) Class: 7572K(8000K)->7572K(8000K)
[67.716s][info][gc             ] GC(785) Pause Young (Allocation Failure) 320M->172M(829M) 0.728ms
[67.716s][info][gc,cpu         ] GC(785) User=0.00s Sys=0.00s Real=0.00s
[67.813s][info][gc,start       ] GC(786) Pause Young (Allocation Failure)
[67.814s][info][gc,heap        ] GC(786) PSYoungGen: 148768K(149504K)->608K(146944K) Eden: 148480K(148480K)->0K(145920K) From: 288K(1024K)->608K(1024K)
[67.814s][info][gc,heap        ] GC(786) ParOldGen: 176625K(699392K)->176641K(699392K)
[67.814s][info][gc,metaspace   ] GC(786) Metaspace: 61463K(62400K)->61463K(62400K) NonClass: 53890K(54400K)->53890K(54400K) Class: 7572K(8000K)->7572K(8000K)
[67.814s][info][gc             ] GC(786) Pause Young (Allocation Failure) 317M->173M(826M) 0.851ms
[67.814s][info][gc,cpu         ] GC(786) User=0.00s Sys=0.00s Real=0.00s
[67.871s][info][gc,start       ] GC(787) Pause Young (System.gc())
[67.872s][info][gc,heap        ] GC(787) PSYoungGen: 71331K(146944K)->608K(146944K) Eden: 70723K(145920K)->0K(145920K) From: 608K(1024K)->608K(1024K)
[67.872s][info][gc,heap        ] GC(787) ParOldGen: 176641K(699392K)->176785K(699392K)
[67.872s][info][gc,metaspace   ] GC(787) Metaspace: 61463K(62400K)->61463K(62400K) NonClass: 53890K(54400K)->53890K(54400K) Class: 7572K(8000K)->7572K(8000K)
[67.872s][info][gc             ] GC(787) Pause Young (System.gc()) 242M->173M(826M) 0.937ms
[67.872s][info][gc,cpu         ] GC(787) User=0.00s Sys=0.00s Real=0.00s
[67.872s][info][gc,start       ] GC(788) Pause Full (System.gc())
[67.872s][info][gc,phases,start] GC(788) Marking Phase
[67.973s][info][gc,phases      ] GC(788) Marking Phase 101.493ms
[67.973s][info][gc,phases,start] GC(788) Summary Phase
[67.973s][info][gc,phases      ] GC(788) Summary Phase 0.015ms
[67.973s][info][gc,phases,start] GC(788) Adjust Roots
[67.983s][info][gc,phases      ] GC(788) Adjust Roots 9.541ms
[67.983s][info][gc,phases,start] GC(788) Compaction Phase
[68.010s][info][gc,phases      ] GC(788) Compaction Phase 26.985ms
[68.010s][info][gc,phases,start] GC(788) Post Compact
[68.011s][info][gc,phases      ] GC(788) Post Compact 1.089ms
[68.011s][info][gc,heap        ] GC(788) PSYoungGen: 608K(146944K)->0K(146944K) Eden: 0K(145920K)->0K(145920K) From: 608K(1024K)->0K(1024K)
[68.011s][info][gc,heap        ] GC(788) ParOldGen: 176785K(699392K)->176016K(699392K)
[68.011s][info][gc,metaspace   ] GC(788) Metaspace: 61463K(62400K)->61463K(62400K) NonClass: 53890K(54400K)->53890K(54400K) Class: 7572K(8000K)->7572K(8000K)
[68.011s][info][gc             ] GC(788) Pause Full (System.gc()) 173M->171M(826M) 139.348ms
[68.011s][info][gc,cpu         ] GC(788) User=1.84s Sys=0.00s Real=0.14s
[68.107s][info][gc,start       ] GC(789) Pause Young (Allocation Failure)
[68.108s][info][gc,heap        ] GC(789) PSYoungGen: 145920K(146944K)->512K(143872K) Eden: 145920K(145920K)->0K(143360K) From: 0K(1024K)->512K(512K)
[68.108s][info][gc,heap        ] GC(789) ParOldGen: 176016K(699392K)->176144K(699392K)
[68.108s][info][gc,metaspace   ] GC(789) Metaspace: 61463K(62400K)->61463K(62400K) NonClass: 53890K(54400K)->53890K(54400K) Class: 7572K(8000K)->7572K(8000K)
[68.108s][info][gc             ] GC(789) Pause Young (Allocation Failure) 314M->172M(823M) 1.022ms
[68.108s][info][gc,cpu         ] GC(789) User=0.00s Sys=0.00s Real=0.00s
[68.166s][info][gc,start       ] GC(790) Pause Young (Allocation Failure)
[68.166s][info][gc,heap        ] GC(790) PSYoungGen: 143872K(143872K)->256K(142336K) Eden: 143360K(143360K)->0K(141312K) From: 512K(512K)->256K(1024K)
[68.167s][info][gc,heap        ] GC(790) ParOldGen: 176144K(699392K)->176379K(699392K)
[68.167s][info][gc,metaspace   ] GC(790) Metaspace: 61463K(62400K)->61463K(62400K) NonClass: 53890K(54400K)->53890K(54400K) Class: 7572K(8000K)->7572K(8000K)
[68.167s][info][gc             ] GC(790) Pause Young (Allocation Failure) 312M->172M(822M) 0.800ms
[68.167s][info][gc,cpu         ] GC(790) User=0.00s Sys=0.00s Real=0.00s
[68.224s][info][gc,start       ] GC(791) Pause Young (Allocation Failure)
[68.224s][info][gc,heap        ] GC(791) PSYoungGen: 141568K(142336K)->320K(139776K) Eden: 141312K(141312K)->0K(139264K) From: 256K(1024K)->320K(512K)
[68.224s][info][gc,heap        ] GC(791) ParOldGen: 176379K(699392K)->176387K(699392K)
[68.224s][info][gc,metaspace   ] GC(791) Metaspace: 61463K(62400K)->61463K(62400K) NonClass: 53890K(54400K)->53890K(54400K) Class: 7572K(8000K)->7572K(8000K)
[68.224s][info][gc             ] GC(791) Pause Young (Allocation Failure) 310M->172M(819M) 0.888ms
[68.224s][info][gc,cpu         ] GC(791) User=0.00s Sys=0.02s Real=0.00s
[68.280s][info][gc,start       ] GC(792) Pause Young (Allocation Failure)
[68.280s][info][gc,heap        ] GC(792) PSYoungGen: 139584K(139776K)->288K(138240K) Eden: 139264K(139264K)->0K(137216K) From: 320K(512K)->288K(1024K)
[68.280s][info][gc,heap        ] GC(792) ParOldGen: 176387K(699392K)->176387K(699392K)
[68.280s][info][gc,metaspace   ] GC(792) Metaspace: 61463K(62400K)->61463K(62400K) NonClass: 53890K(54400K)->53890K(54400K) Class: 7572K(8000K)->7572K(8000K)
[68.280s][info][gc             ] GC(792) Pause Young (Allocation Failure) 308M->172M(818M) 0.608ms
[68.280s][info][gc,cpu         ] GC(792) User=0.00s Sys=0.00s Real=0.00s
[68.336s][info][gc,start       ] GC(793) Pause Young (Allocation Failure)
[68.336s][info][gc,heap        ] GC(793) PSYoungGen: 137504K(138240K)->256K(135680K) Eden: 137216K(137216K)->0K(135168K) From: 288K(1024K)->256K(512K)
[68.336s][info][gc,heap        ] GC(793) ParOldGen: 176387K(699392K)->176387K(699392K)
[68.336s][info][gc,metaspace   ] GC(793) Metaspace: 61463K(62400K)->61463K(62400K) NonClass: 53890K(54400K)->53890K(54400K) Class: 7572K(8000K)->7572K(8000K)
[68.336s][info][gc             ] GC(793) Pause Young (Allocation Failure) 306M->172M(815M) 0.840ms
[68.337s][info][gc,cpu         ] GC(793) User=0.00s Sys=0.00s Real=0.00s
[68.391s][info][gc,start       ] GC(794) Pause Young (Allocation Failure)
[68.392s][info][gc,heap        ] GC(794) PSYoungGen: 135424K(135680K)->288K(134144K) Eden: 135168K(135168K)->0K(133120K) From: 256K(512K)->288K(1024K)
[68.392s][info][gc,heap        ] GC(794) ParOldGen: 176387K(699392K)->176403K(699392K)
[68.392s][info][gc,metaspace   ] GC(794) Metaspace: 61463K(62400K)->61463K(62400K) NonClass: 53890K(54400K)->53890K(54400K) Class: 7572K(8000K)->7572K(8000K)
[68.392s][info][gc             ] GC(794) Pause Young (Allocation Failure) 304M->172M(814M) 0.668ms
[68.392s][info][gc,cpu         ] GC(794) User=0.00s Sys=0.00s Real=0.00s
[68.438s][info][gc,start       ] GC(795) Pause Young (Allocation Failure)
[68.438s][info][gc,heap        ] GC(795) PSYoungGen: 133408K(134144K)->192K(131584K) Eden: 133120K(133120K)->0K(131072K) From: 288K(1024K)->192K(512K)
[68.438s][info][gc,heap        ] GC(795) ParOldGen: 176403K(699392K)->176411K(699392K)
[68.438s][info][gc,metaspace   ] GC(795) Metaspace: 61463K(62400K)->61463K(62400K) NonClass: 53890K(54400K)->53890K(54400K) Class: 7572K(8000K)->7572K(8000K)
[68.438s][info][gc             ] GC(795) Pause Young (Allocation Failure) 302M->172M(811M) 0.832ms
[68.438s][info][gc,cpu         ] GC(795) User=0.00s Sys=0.00s Real=0.00s
[68.484s][info][gc,start       ] GC(796) Pause Young (Allocation Failure)
[68.484s][info][gc,heap        ] GC(796) PSYoungGen: 131264K(131584K)->320K(130048K) Eden: 131072K(131072K)->0K(129024K) From: 192K(512K)->320K(1024K)
[68.484s][info][gc,heap        ] GC(796) ParOldGen: 176411K(699392K)->176427K(699392K)
[68.484s][info][gc,metaspace   ] GC(796) Metaspace: 61463K(62400K)->61463K(62400K) NonClass: 53890K(54400K)->53890K(54400K) Class: 7572K(8000K)->7572K(8000K)
[68.484s][info][gc             ] GC(796) Pause Young (Allocation Failure) 300M->172M(810M) 0.634ms
[68.484s][info][gc,cpu         ] GC(796) User=0.02s Sys=0.00s Real=0.02s
[68.536s][info][gc,start       ] GC(797) Pause Young (Allocation Failure)
[68.537s][info][gc,heap        ] GC(797) PSYoungGen: 129344K(130048K)->288K(127488K) Eden: 129024K(129024K)->0K(126976K) From: 320K(1024K)->288K(512K)
[68.537s][info][gc,heap        ] GC(797) ParOldGen: 176427K(699392K)->176443K(699392K)
[68.537s][info][gc,metaspace   ] GC(797) Metaspace: 61463K(62400K)->61463K(62400K) NonClass: 53890K(54400K)->53890K(54400K) Class: 7572K(8000K)->7572K(8000K)
[68.537s][info][gc             ] GC(797) Pause Young (Allocation Failure) 298M->172M(807M) 0.741ms
[68.537s][info][gc,cpu         ] GC(797) User=0.00s Sys=0.00s Real=0.00s
[68.589s][info][gc,start       ] GC(798) Pause Young (Allocation Failure)
[68.589s][info][gc,heap        ] GC(798) PSYoungGen: 127264K(127488K)->288K(125952K) Eden: 126976K(126976K)->0K(124928K) From: 288K(512K)->288K(1024K)
[68.589s][info][gc,heap        ] GC(798) ParOldGen: 176443K(699392K)->176459K(699392K)
[68.589s][info][gc,metaspace   ] GC(798) Metaspace: 61463K(62400K)->61463K(62400K) NonClass: 53890K(54400K)->53890K(54400K) Class: 7572K(8000K)->7572K(8000K)
[68.589s][info][gc             ] GC(798) Pause Young (Allocation Failure) 296M->172M(806M) 0.722ms
[68.589s][info][gc,cpu         ] GC(798) User=0.00s Sys=0.00s Real=0.00s
[68.646s][info][gc,start       ] GC(799) Pause Young (Allocation Failure)
[68.647s][info][gc,heap        ] GC(799) PSYoungGen: 125216K(125952K)->160K(123904K) Eden: 124928K(124928K)->0K(123392K) From: 288K(1024K)->160K(512K)
[68.647s][info][gc,heap        ] GC(799) ParOldGen: 176459K(699392K)->176483K(699392K)
[68.647s][info][gc,metaspace   ] GC(799) Metaspace: 61463K(62400K)->61463K(62400K) NonClass: 53890K(54400K)->53890K(54400K) Class: 7572K(8000K)->7572K(8000K)
[68.647s][info][gc             ] GC(799) Pause Young (Allocation Failure) 294M->172M(804M) 0.795ms
[68.647s][info][gc,cpu         ] GC(799) User=0.00s Sys=0.00s Real=0.00s
[68.691s][info][gc,start       ] GC(800) Pause Young (Allocation Failure)
[68.692s][info][gc,heap        ] GC(800) PSYoungGen: 123552K(123904K)->288K(122880K) Eden: 123392K(123392K)->0K(121856K) From: 160K(512K)->288K(1024K)
[68.692s][info][gc,heap        ] GC(800) ParOldGen: 176483K(699392K)->176499K(699392K)
[68.692s][info][gc,metaspace   ] GC(800) Metaspace: 61463K(62400K)->61463K(62400K) NonClass: 53890K(54400K)->53890K(54400K) Class: 7572K(8000K)->7572K(8000K)
[68.692s][info][gc             ] GC(800) Pause Young (Allocation Failure) 293M->172M(803M) 0.633ms
[68.692s][info][gc,cpu         ] GC(800) User=0.00s Sys=0.00s Real=0.00s
[68.741s][info][gc,start       ] GC(801) Pause Young (Allocation Failure)
[68.742s][info][gc,heap        ] GC(801) PSYoungGen: 122144K(122880K)->224K(120832K) Eden: 121856K(121856K)->0K(120320K) From: 288K(1024K)->224K(512K)
[68.742s][info][gc,heap        ] GC(801) ParOldGen: 176499K(699392K)->176515K(699392K)
[68.742s][info][gc,metaspace   ] GC(801) Metaspace: 61463K(62400K)->61463K(62400K) NonClass: 53890K(54400K)->53890K(54400K) Class: 7572K(8000K)->7572K(8000K)
[68.742s][info][gc             ] GC(801) Pause Young (Allocation Failure) 291M->172M(801M) 0.820ms
[68.742s][info][gc,cpu         ] GC(801) User=0.00s Sys=0.00s Real=0.00s
[68.784s][info][gc,start       ] GC(802) Pause Young (Allocation Failure)
[68.785s][info][gc,heap        ] GC(802) PSYoungGen: 120544K(120832K)->288K(145408K) Eden: 120320K(120320K)->0K(144384K) From: 224K(512K)->288K(1024K)
[68.785s][info][gc,heap        ] GC(802) ParOldGen: 176515K(699392K)->176523K(699392K)
[68.785s][info][gc,metaspace   ] GC(802) Metaspace: 61463K(62400K)->61463K(62400K) NonClass: 53890K(54400K)->53890K(54400K) Class: 7572K(8000K)->7572K(8000K)
[68.785s][info][gc             ] GC(802) Pause Young (Allocation Failure) 290M->172M(825M) 0.684ms
[68.785s][info][gc,cpu         ] GC(802) User=0.00s Sys=0.00s Real=0.00s
[68.873s][info][gc,start       ] GC(803) Pause Young (System.gc())
[68.874s][info][gc,heap        ] GC(803) PSYoungGen: 133146K(145408K)->608K(145408K) Eden: 132858K(144384K)->0K(144384K) From: 288K(1024K)->608K(1024K)
[68.874s][info][gc,heap        ] GC(803) ParOldGen: 176523K(699392K)->176539K(699392K)
[68.874s][info][gc,metaspace   ] GC(803) Metaspace: 61467K(62400K)->61467K(62400K) NonClass: 53895K(54400K)->53895K(54400K) Class: 7572K(8000K)->7572K(8000K)
[68.874s][info][gc             ] GC(803) Pause Young (System.gc()) 302M->172M(825M) 0.970ms
[68.874s][info][gc,cpu         ] GC(803) User=0.00s Sys=0.00s Real=0.00s
[68.874s][info][gc,start       ] GC(804) Pause Full (System.gc())
[68.874s][info][gc,phases,start] GC(804) Marking Phase
[68.977s][info][gc,phases      ] GC(804) Marking Phase 102.536ms
[68.977s][info][gc,phases,start] GC(804) Summary Phase
[68.977s][info][gc,phases      ] GC(804) Summary Phase 0.016ms
[68.977s][info][gc,phases,start] GC(804) Adjust Roots
[68.985s][info][gc,phases      ] GC(804) Adjust Roots 7.754ms
[68.985s][info][gc,phases,start] GC(804) Compaction Phase
[69.013s][info][gc,phases      ] GC(804) Compaction Phase 28.034ms
[69.013s][info][gc,phases,start] GC(804) Post Compact
[69.014s][info][gc,phases      ] GC(804) Post Compact 1.093ms
[69.014s][info][gc,heap        ] GC(804) PSYoungGen: 608K(145408K)->0K(145408K) Eden: 0K(144384K)->0K(144384K) From: 608K(1024K)->0K(1024K)
[69.014s][info][gc,heap        ] GC(804) ParOldGen: 176539K(699392K)->176043K(699392K)
[69.014s][info][gc,metaspace   ] GC(804) Metaspace: 61467K(62400K)->61467K(62400K) NonClass: 53895K(54400K)->53895K(54400K) Class: 7572K(8000K)->7572K(8000K)
[69.014s][info][gc             ] GC(804) Pause Full (System.gc()) 172M->171M(825M) 139.722ms
[69.014s][info][gc,cpu         ] GC(804) User=1.83s Sys=0.00s Real=0.14s
[69.116s][info][gc,start       ] GC(805) Pause Young (Allocation Failure)
[69.117s][info][gc,heap        ] GC(805) PSYoungGen: 144384K(145408K)->704K(142848K) Eden: 144384K(144384K)->0K(141824K) From: 0K(1024K)->704K(1024K)
[69.117s][info][gc,heap        ] GC(805) ParOldGen: 176043K(699392K)->176043K(699392K)
[69.117s][info][gc,metaspace   ] GC(805) Metaspace: 61474K(62400K)->61474K(62400K) NonClass: 53901K(54400K)->53901K(54400K) Class: 7572K(8000K)->7572K(8000K)
[69.117s][info][gc             ] GC(805) Pause Young (Allocation Failure) 312M->172M(822M) 1.225ms
[69.117s][info][gc,cpu         ] GC(805) User=0.00s Sys=0.00s Real=0.00s
[69.161s][info][gc,start       ] GC(806) Pause Young (Allocation Failure)
[69.161s][info][gc,heap        ] GC(806) PSYoungGen: 142528K(142848K)->448K(140288K) Eden: 141824K(141824K)->0K(139776K) From: 704K(1024K)->448K(512K)
[69.161s][info][gc,heap        ] GC(806) ParOldGen: 176043K(699392K)->176395K(699392K)
[69.162s][info][gc,metaspace   ] GC(806) Metaspace: 61474K(62400K)->61474K(62400K) NonClass: 53901K(54400K)->53901K(54400K) Class: 7572K(8000K)->7572K(8000K)
[69.162s][info][gc             ] GC(806) Pause Young (Allocation Failure) 311M->172M(820M) 0.783ms
[69.162s][info][gc,cpu         ] GC(806) User=0.00s Sys=0.00s Real=0.00s
[69.213s][info][gc,start       ] GC(807) Pause Young (Allocation Failure)
[69.214s][info][gc,heap        ] GC(807) PSYoungGen: 140224K(140288K)->416K(138752K) Eden: 139776K(139776K)->0K(137728K) From: 448K(512K)->416K(1024K)
[69.214s][info][gc,heap        ] GC(807) ParOldGen: 176395K(699392K)->176515K(699392K)
[69.214s][info][gc,metaspace   ] GC(807) Metaspace: 61474K(62400K)->61474K(62400K) NonClass: 53901K(54400K)->53901K(54400K) Class: 7572K(8000K)->7572K(8000K)
[69.214s][info][gc             ] GC(807) Pause Young (Allocation Failure) 309M->172M(818M) 0.694ms
[69.214s][info][gc,cpu         ] GC(807) User=0.00s Sys=0.00s Real=0.00s
[69.266s][info][gc,start       ] GC(808) Pause Young (Allocation Failure)
[69.266s][info][gc,heap        ] GC(808) PSYoungGen: 138144K(138752K)->224K(136192K) Eden: 137728K(137728K)->0K(135680K) From: 416K(1024K)->224K(512K)
[69.266s][info][gc,heap        ] GC(808) ParOldGen: 176515K(699392K)->176587K(699392K)
[69.266s][info][gc,metaspace   ] GC(808) Metaspace: 61474K(62400K)->61474K(62400K) NonClass: 53901K(54400K)->53901K(54400K) Class: 7572K(8000K)->7572K(8000K)
[69.266s][info][gc             ] GC(808) Pause Young (Allocation Failure) 307M->172M(816M) 0.884ms
[69.266s][info][gc,cpu         ] GC(808) User=0.00s Sys=0.00s Real=0.00s
[69.309s][info][gc,start       ] GC(809) Pause Young (Allocation Failure)
[69.309s][info][gc,heap        ] GC(809) PSYoungGen: 135904K(136192K)->256K(163840K) Eden: 135680K(135680K)->0K(162816K) From: 224K(512K)->256K(1024K)
[69.309s][info][gc,heap        ] GC(809) ParOldGen: 176587K(699392K)->176595K(699392K)
[69.309s][info][gc,metaspace   ] GC(809) Metaspace: 61474K(62400K)->61474K(62400K) NonClass: 53901K(54400K)->53901K(54400K) Class: 7572K(8000K)->7572K(8000K)
[69.309s][info][gc             ] GC(809) Pause Young (Allocation Failure) 305M->172M(843M) 0.635ms
[69.309s][info][gc,cpu         ] GC(809) User=0.00s Sys=0.00s Real=0.00s
[69.366s][info][gc,start       ] GC(810) Pause Young (Allocation Failure)
[69.367s][info][gc,heap        ] GC(810) PSYoungGen: 163072K(163840K)->384K(160256K) Eden: 162816K(162816K)->0K(159744K) From: 256K(1024K)->384K(512K)
[69.367s][info][gc,heap        ] GC(810) ParOldGen: 176595K(699392K)->176595K(699392K)
[69.367s][info][gc,metaspace   ] GC(810) Metaspace: 61474K(62400K)->61474K(62400K) NonClass: 53901K(54400K)->53901K(54400K) Class: 7572K(8000K)->7572K(8000K)
[69.367s][info][gc             ] GC(810) Pause Young (Allocation Failure) 331M->172M(839M) 0.706ms
[69.367s][info][gc,cpu         ] GC(810) User=0.00s Sys=0.00s Real=0.00s
[69.424s][info][gc,start       ] GC(811) Pause Young (Allocation Failure)
[69.424s][info][gc,heap        ] GC(811) PSYoungGen: 160128K(160256K)->224K(158208K) Eden: 159744K(159744K)->0K(157184K) From: 384K(512K)->224K(1024K)
[69.425s][info][gc,heap        ] GC(811) ParOldGen: 176595K(699392K)->176611K(699392K)
[69.425s][info][gc,metaspace   ] GC(811) Metaspace: 61474K(62400K)->61474K(62400K) NonClass: 53901K(54400K)->53901K(54400K) Class: 7572K(8000K)->7572K(8000K)
[69.425s][info][gc             ] GC(811) Pause Young (Allocation Failure) 328M->172M(837M) 0.603ms
[69.425s][info][gc,cpu         ] GC(811) User=0.00s Sys=0.00s Real=0.00s
[69.490s][info][gc,start       ] GC(812) Pause Young (Allocation Failure)
[69.491s][info][gc,heap        ] GC(812) PSYoungGen: 157408K(158208K)->288K(155136K) Eden: 157184K(157184K)->0K(154624K) From: 224K(1024K)->288K(512K)
[69.491s][info][gc,heap        ] GC(812) ParOldGen: 176611K(699392K)->176619K(699392K)
[69.491s][info][gc,metaspace   ] GC(812) Metaspace: 61474K(62400K)->61474K(62400K) NonClass: 53901K(54400K)->53901K(54400K) Class: 7572K(8000K)->7572K(8000K)
[69.491s][info][gc             ] GC(812) Pause Young (Allocation Failure) 326M->172M(834M) 0.831ms
[69.491s][info][gc,cpu         ] GC(812) User=0.00s Sys=0.00s Real=0.00s
[69.539s][info][gc,start       ] GC(813) Pause Young (Allocation Failure)
[69.539s][info][gc,heap        ] GC(813) PSYoungGen: 154912K(155136K)->256K(153088K) Eden: 154624K(154624K)->0K(152064K) From: 288K(512K)->256K(1024K)
[69.539s][info][gc,heap        ] GC(813) ParOldGen: 176619K(699392K)->176651K(699392K)
[69.539s][info][gc,metaspace   ] GC(813) Metaspace: 61474K(62400K)->61474K(62400K) NonClass: 53901K(54400K)->53901K(54400K) Class: 7572K(8000K)->7572K(8000K)
[69.539s][info][gc             ] GC(813) Pause Young (Allocation Failure) 323M->172M(832M) 0.597ms
[69.540s][info][gc,cpu         ] GC(813) User=0.00s Sys=0.00s Real=0.00s
[69.594s][info][gc,start       ] GC(814) Pause Young (Allocation Failure)
[69.594s][info][gc,heap        ] GC(814) PSYoungGen: 152320K(153088K)->288K(150016K) Eden: 152064K(152064K)->0K(149504K) From: 256K(1024K)->288K(512K)
[69.594s][info][gc,heap        ] GC(814) ParOldGen: 176651K(699392K)->176659K(699392K)
[69.594s][info][gc,metaspace   ] GC(814) Metaspace: 61474K(62400K)->61474K(62400K) NonClass: 53901K(54400K)->53901K(54400K) Class: 7572K(8000K)->7572K(8000K)
[69.594s][info][gc             ] GC(814) Pause Young (Allocation Failure) 321M->172M(829M) 0.711ms
[69.594s][info][gc,cpu         ] GC(814) User=0.00s Sys=0.00s Real=0.00s
[69.649s][info][gc,start       ] GC(815) Pause Young (Allocation Failure)
[69.650s][info][gc,heap        ] GC(815) PSYoungGen: 149792K(150016K)->288K(147968K) Eden: 149504K(149504K)->0K(146944K) From: 288K(512K)->288K(1024K)
[69.650s][info][gc,heap        ] GC(815) ParOldGen: 176659K(699392K)->176683K(699392K)
[69.650s][info][gc,metaspace   ] GC(815) Metaspace: 61474K(62400K)->61474K(62400K) NonClass: 53901K(54400K)->53901K(54400K) Class: 7572K(8000K)->7572K(8000K)
[69.650s][info][gc             ] GC(815) Pause Young (Allocation Failure) 318M->172M(827M) 0.730ms
[69.650s][info][gc,cpu         ] GC(815) User=0.00s Sys=0.00s Real=0.00s
[69.695s][info][gc,start       ] GC(816) Pause Young (Allocation Failure)
[69.696s][info][gc,heap        ] GC(816) PSYoungGen: 147232K(147968K)->288K(144896K) Eden: 146944K(146944K)->0K(144384K) From: 288K(1024K)->288K(512K)
[69.696s][info][gc,heap        ] GC(816) ParOldGen: 176683K(699392K)->176699K(699392K)
[69.696s][info][gc,metaspace   ] GC(816) Metaspace: 61474K(62400K)->61474K(62400K) NonClass: 53901K(54400K)->53901K(54400K) Class: 7572K(8000K)->7572K(8000K)
[69.696s][info][gc             ] GC(816) Pause Young (Allocation Failure) 316M->172M(824M) 0.873ms
[69.696s][info][gc,cpu         ] GC(816) User=0.00s Sys=0.00s Real=0.00s
[69.758s][info][gc,start       ] GC(817) Pause Young (Allocation Failure)
[69.759s][info][gc,heap        ] GC(817) PSYoungGen: 144672K(144896K)->576K(142848K) Eden: 144384K(144384K)->0K(141824K) From: 288K(512K)->576K(1024K)
[69.759s][info][gc,heap        ] GC(817) ParOldGen: 176699K(699392K)->176715K(699392K)
[69.759s][info][gc,metaspace   ] GC(817) Metaspace: 61474K(62400K)->61474K(62400K) NonClass: 53901K(54400K)->53901K(54400K) Class: 7572K(8000K)->7572K(8000K)
[69.759s][info][gc             ] GC(817) Pause Young (Allocation Failure) 313M->173M(822M) 0.749ms
[69.759s][info][gc,cpu         ] GC(817) User=0.00s Sys=0.00s Real=0.00s
[69.834s][info][gc,start       ] GC(818) Pause Young (System.gc())
[69.835s][info][gc,heap        ] GC(818) PSYoungGen: 66633K(142848K)->608K(142848K) Eden: 66057K(141824K)->0K(141824K) From: 576K(1024K)->608K(1024K)
[69.835s][info][gc,heap        ] GC(818) ParOldGen: 176715K(699392K)->176859K(699392K)
[69.835s][info][gc,metaspace   ] GC(818) Metaspace: 61474K(62464K)->61474K(62464K) NonClass: 53901K(54464K)->53901K(54464K) Class: 7572K(8000K)->7572K(8000K)
[69.835s][info][gc             ] GC(818) Pause Young (System.gc()) 237M->173M(822M) 0.999ms
[69.835s][info][gc,cpu         ] GC(818) User=0.00s Sys=0.00s Real=0.00s
[69.835s][info][gc,start       ] GC(819) Pause Full (System.gc())
[69.835s][info][gc,phases,start] GC(819) Marking Phase
[69.940s][info][gc,phases      ] GC(819) Marking Phase 104.782ms
[69.940s][info][gc,phases,start] GC(819) Summary Phase
[69.940s][info][gc,phases      ] GC(819) Summary Phase 0.013ms
[69.940s][info][gc,phases,start] GC(819) Adjust Roots
[69.952s][info][gc,phases      ] GC(819) Adjust Roots 11.365ms
[69.952s][info][gc,phases,start] GC(819) Compaction Phase
[69.980s][info][gc,phases      ] GC(819) Compaction Phase 28.942ms
[69.981s][info][gc,phases,start] GC(819) Post Compact
[69.982s][info][gc,phases      ] GC(819) Post Compact 1.091ms
[69.982s][info][gc,heap        ] GC(819) PSYoungGen: 608K(142848K)->0K(142848K) Eden: 0K(141824K)->0K(141824K) From: 608K(1024K)->0K(1024K)
[69.982s][info][gc,heap        ] GC(819) ParOldGen: 176859K(699392K)->176048K(699392K)
[69.982s][info][gc,metaspace   ] GC(819) Metaspace: 61474K(62464K)->61474K(62464K) NonClass: 53901K(54464K)->53901K(54464K) Class: 7572K(8000K)->7572K(8000K)
[69.982s][info][gc             ] GC(819) Pause Full (System.gc()) 173M->171M(822M) 146.437ms
[69.982s][info][gc,cpu         ] GC(819) User=2.19s Sys=0.00s Real=0.14s
[70.093s][info][gc,start       ] GC(820) Pause Young (Allocation Failure)
[70.094s][info][gc,heap        ] GC(820) PSYoungGen: 141824K(142848K)->704K(140800K) Eden: 141824K(141824K)->0K(139776K) From: 0K(1024K)->704K(1024K)
[70.094s][info][gc,heap        ] GC(820) ParOldGen: 176048K(699392K)->176048K(699392K)
[70.094s][info][gc,metaspace   ] GC(820) Metaspace: 61477K(62464K)->61477K(62464K) NonClass: 53904K(54464K)->53904K(54464K) Class: 7572K(8000K)->7572K(8000K)
[70.094s][info][gc             ] GC(820) Pause Young (Allocation Failure) 310M->172M(820M) 1.211ms
[70.094s][info][gc,cpu         ] GC(820) User=0.00s Sys=0.00s Real=0.00s
[70.152s][info][gc,start       ] GC(821) Pause Young (Allocation Failure)
[70.153s][info][gc,heap        ] GC(821) PSYoungGen: 140480K(140800K)->512K(138240K) Eden: 139776K(139776K)->0K(137728K) From: 704K(1024K)->512K(512K)
[70.153s][info][gc,heap        ] GC(821) ParOldGen: 176048K(699392K)->176395K(699392K)
[70.153s][info][gc,metaspace   ] GC(821) Metaspace: 61477K(62464K)->61477K(62464K) NonClass: 53904K(54464K)->53904K(54464K) Class: 7572K(8000K)->7572K(8000K)
[70.153s][info][gc             ] GC(821) Pause Young (Allocation Failure) 309M->172M(818M) 0.853ms
[70.153s][info][gc,cpu         ] GC(821) User=0.00s Sys=0.00s Real=0.00s
[70.196s][info][gc,start       ] GC(822) Pause Young (Allocation Failure)
[70.197s][info][gc,heap        ] GC(822) PSYoungGen: 138240K(138240K)->192K(136704K) Eden: 137728K(137728K)->0K(135680K) From: 512K(512K)->192K(1024K)
[70.197s][info][gc,heap        ] GC(822) ParOldGen: 176395K(699392K)->176523K(699392K)
[70.197s][info][gc,metaspace   ] GC(822) Metaspace: 61477K(62464K)->61477K(62464K) NonClass: 53904K(54464K)->53904K(54464K) Class: 7572K(8000K)->7572K(8000K)
[70.197s][info][gc             ] GC(822) Pause Young (Allocation Failure) 307M->172M(816M) 0.747ms
[70.197s][info][gc,cpu         ] GC(822) User=0.00s Sys=0.00s Real=0.00s
[70.240s][info][gc,start       ] GC(823) Pause Young (Allocation Failure)
[70.241s][info][gc,heap        ] GC(823) PSYoungGen: 135872K(136704K)->352K(134144K) Eden: 135680K(135680K)->0K(133632K) From: 192K(1024K)->352K(512K)
[70.241s][info][gc,heap        ] GC(823) ParOldGen: 176523K(699392K)->176523K(699392K)
[70.241s][info][gc,metaspace   ] GC(823) Metaspace: 61477K(62464K)->61477K(62464K) NonClass: 53904K(54464K)->53904K(54464K) Class: 7572K(8000K)->7572K(8000K)
[70.241s][info][gc             ] GC(823) Pause Young (Allocation Failure) 305M->172M(814M) 0.847ms
[70.241s][info][gc,cpu         ] GC(823) User=0.08s Sys=0.03s Real=0.02s
[70.283s][info][gc,start       ] GC(824) Pause Young (Allocation Failure)
[70.283s][info][gc,heap        ] GC(824) PSYoungGen: 133984K(134144K)->320K(161792K) Eden: 133632K(133632K)->0K(160768K) From: 352K(512K)->320K(1024K)
[70.283s][info][gc,heap        ] GC(824) ParOldGen: 176523K(699392K)->176531K(699392K)
[70.283s][info][gc,metaspace   ] GC(824) Metaspace: 61477K(62464K)->61477K(62464K) NonClass: 53904K(54464K)->53904K(54464K) Class: 7572K(8000K)->7572K(8000K)
[70.284s][info][gc             ] GC(824) Pause Young (Allocation Failure) 303M->172M(841M) 0.598ms
[70.284s][info][gc,cpu         ] GC(824) User=0.00s Sys=0.00s Real=0.00s
[70.341s][info][gc,start       ] GC(825) Pause Young (Allocation Failure)
[70.342s][info][gc,heap        ] GC(825) PSYoungGen: 161088K(161792K)->256K(158720K) Eden: 160768K(160768K)->0K(158208K) From: 320K(1024K)->256K(512K)
[70.342s][info][gc,heap        ] GC(825) ParOldGen: 176531K(699392K)->176531K(699392K)
[70.342s][info][gc,metaspace   ] GC(825) Metaspace: 61477K(62464K)->61477K(62464K) NonClass: 53904K(54464K)->53904K(54464K) Class: 7572K(8000K)->7572K(8000K)
[70.342s][info][gc             ] GC(825) Pause Young (Allocation Failure) 329M->172M(838M) 0.994ms
[70.342s][info][gc,cpu         ] GC(825) User=0.00s Sys=0.00s Real=0.00s
[70.399s][info][gc,start       ] GC(826) Pause Young (Allocation Failure)
[70.400s][info][gc,heap        ] GC(826) PSYoungGen: 158464K(158720K)->224K(156672K) Eden: 158208K(158208K)->0K(155648K) From: 256K(512K)->224K(1024K)
[70.400s][info][gc,heap        ] GC(826) ParOldGen: 176531K(699392K)->176547K(699392K)
[70.400s][info][gc,metaspace   ] GC(826) Metaspace: 61477K(62464K)->61477K(62464K) NonClass: 53904K(54464K)->53904K(54464K) Class: 7572K(8000K)->7572K(8000K)
[70.400s][info][gc             ] GC(826) Pause Young (Allocation Failure) 327M->172M(836M) 0.603ms
[70.400s][info][gc,cpu         ] GC(826) User=0.00s Sys=0.00s Real=0.00s
[70.457s][info][gc,start       ] GC(827) Pause Young (Allocation Failure)
[70.458s][info][gc,heap        ] GC(827) PSYoungGen: 155872K(156672K)->320K(153600K) Eden: 155648K(155648K)->0K(153088K) From: 224K(1024K)->320K(512K)
[70.458s][info][gc,heap        ] GC(827) ParOldGen: 176547K(699392K)->176547K(699392K)
[70.458s][info][gc,metaspace   ] GC(827) Metaspace: 61477K(62464K)->61477K(62464K) NonClass: 53904K(54464K)->53904K(54464K) Class: 7572K(8000K)->7572K(8000K)
[70.458s][info][gc             ] GC(827) Pause Young (Allocation Failure) 324M->172M(833M) 0.718ms
[70.458s][info][gc,cpu         ] GC(827) User=0.00s Sys=0.00s Real=0.00s
[70.521s][info][gc,start       ] GC(828) Pause Young (Allocation Failure)
[70.522s][info][gc,heap        ] GC(828) PSYoungGen: 153408K(153600K)->320K(151552K) Eden: 153088K(153088K)->0K(150528K) From: 320K(512K)->320K(1024K)
[70.522s][info][gc,heap        ] GC(828) ParOldGen: 176547K(699392K)->176571K(699392K)
[70.522s][info][gc,metaspace   ] GC(828) Metaspace: 61477K(62464K)->61477K(62464K) NonClass: 53904K(54464K)->53904K(54464K) Class: 7572K(8000K)->7572K(8000K)
[70.522s][info][gc             ] GC(828) Pause Young (Allocation Failure) 322M->172M(831M) 0.750ms
[70.522s][info][gc,cpu         ] GC(828) User=0.31s Sys=0.00s Real=0.02s
[70.584s][info][gc,start       ] GC(829) Pause Young (Allocation Failure)
[70.585s][info][gc,heap        ] GC(829) PSYoungGen: 150848K(151552K)->288K(148480K) Eden: 150528K(150528K)->0K(147968K) From: 320K(1024K)->288K(512K)
[70.585s][info][gc,heap        ] GC(829) ParOldGen: 176571K(699392K)->176595K(699392K)
[70.585s][info][gc,metaspace   ] GC(829) Metaspace: 61477K(62464K)->61477K(62464K) NonClass: 53904K(54464K)->53904K(54464K) Class: 7572K(8000K)->7572K(8000K)
[70.585s][info][gc             ] GC(829) Pause Young (Allocation Failure) 319M->172M(828M) 0.907ms
[70.585s][info][gc,cpu         ] GC(829) User=0.00s Sys=0.00s Real=0.00s
[70.638s][info][gc,start       ] GC(830) Pause Young (Allocation Failure)
[70.639s][info][gc,heap        ] GC(830) PSYoungGen: 148256K(148480K)->256K(146432K) Eden: 147968K(147968K)->0K(145408K) From: 288K(512K)->256K(1024K)
[70.639s][info][gc,heap        ] GC(830) ParOldGen: 176595K(699392K)->176603K(699392K)
[70.639s][info][gc,metaspace   ] GC(830) Metaspace: 61477K(62464K)->61477K(62464K) NonClass: 53904K(54464K)->53904K(54464K) Class: 7572K(8000K)->7572K(8000K)
[70.639s][info][gc             ] GC(830) Pause Young (Allocation Failure) 317M->172M(826M) 0.624ms
[70.639s][info][gc,cpu         ] GC(830) User=0.00s Sys=0.00s Real=0.00s
[70.692s][info][gc,start       ] GC(831) Pause Young (Allocation Failure)
[70.692s][info][gc,heap        ] GC(831) PSYoungGen: 145664K(146432K)->160K(143360K) Eden: 145408K(145408K)->0K(142848K) From: 256K(1024K)->160K(512K)
[70.692s][info][gc,heap        ] GC(831) ParOldGen: 176603K(699392K)->176619K(699392K)
[70.692s][info][gc,metaspace   ] GC(831) Metaspace: 61477K(62464K)->61477K(62464K) NonClass: 53904K(54464K)->53904K(54464K) Class: 7572K(8000K)->7572K(8000K)
[70.692s][info][gc             ] GC(831) Pause Young (Allocation Failure) 314M->172M(823M) 0.711ms
[70.692s][info][gc,cpu         ] GC(831) User=0.00s Sys=0.00s Real=0.00s
[70.746s][info][gc,start       ] GC(832) Pause Young (Allocation Failure)
[70.747s][info][gc,heap        ] GC(832) PSYoungGen: 143008K(143360K)->608K(141824K) Eden: 142848K(142848K)->0K(140800K) From: 160K(512K)->608K(1024K)
[70.747s][info][gc,heap        ] GC(832) ParOldGen: 176619K(699392K)->176643K(699392K)
[70.747s][info][gc,metaspace   ] GC(832) Metaspace: 61477K(62464K)->61477K(62464K) NonClass: 53904K(54464K)->53904K(54464K) Class: 7572K(8000K)->7572K(8000K)
[70.747s][info][gc             ] GC(832) Pause Young (Allocation Failure) 312M->173M(821M) 0.782ms
[70.747s][info][gc,cpu         ] GC(832) User=0.00s Sys=0.00s Real=0.00s
[70.828s][info][gc,start       ] GC(833) Pause Young (System.gc())
[70.829s][info][gc,heap        ] GC(833) PSYoungGen: 85020K(141824K)->608K(141824K) Eden: 84412K(140800K)->0K(140800K) From: 608K(1024K)->608K(1024K)
[70.829s][info][gc,heap        ] GC(833) ParOldGen: 176643K(699392K)->176667K(699392K)
[70.829s][info][gc,metaspace   ] GC(833) Metaspace: 61485K(62464K)->61485K(62464K) NonClass: 53912K(54464K)->53912K(54464K) Class: 7572K(8000K)->7572K(8000K)
[70.829s][info][gc             ] GC(833) Pause Young (System.gc()) 255M->173M(821M) 1.027ms
[70.829s][info][gc,cpu         ] GC(833) User=0.00s Sys=0.00s Real=0.00s
[70.829s][info][gc,start       ] GC(834) Pause Full (System.gc())
[70.829s][info][gc,phases,start] GC(834) Marking Phase
[70.933s][info][gc,phases      ] GC(834) Marking Phase 103.787ms
[70.933s][info][gc,phases,start] GC(834) Summary Phase
[70.933s][info][gc,phases      ] GC(834) Summary Phase 0.016ms
[70.933s][info][gc,phases,start] GC(834) Adjust Roots
[70.943s][info][gc,phases      ] GC(834) Adjust Roots 10.329ms
[70.944s][info][gc,phases,start] GC(834) Compaction Phase
[70.977s][info][gc,phases      ] GC(834) Compaction Phase 33.424ms
[70.977s][info][gc,phases,start] GC(834) Post Compact
[70.978s][info][gc,phases      ] GC(834) Post Compact 1.129ms
[70.978s][info][gc,heap        ] GC(834) PSYoungGen: 608K(141824K)->0K(141824K) Eden: 0K(140800K)->0K(140800K) From: 608K(1024K)->0K(1024K)
[70.978s][info][gc,heap        ] GC(834) ParOldGen: 176667K(699392K)->176064K(699392K)
[70.978s][info][gc,metaspace   ] GC(834) Metaspace: 61485K(62464K)->61485K(62464K) NonClass: 53912K(54464K)->53912K(54464K) Class: 7572K(8000K)->7572K(8000K)
[70.978s][info][gc             ] GC(834) Pause Full (System.gc()) 173M->171M(821M) 148.999ms
[70.978s][info][gc,cpu         ] GC(834) User=2.14s Sys=0.00s Real=0.14s
[71.087s][info][gc,start       ] GC(835) Pause Young (Allocation Failure)
[71.088s][info][gc,heap        ] GC(835) PSYoungGen: 140800K(141824K)->704K(139776K) Eden: 140800K(140800K)->0K(138752K) From: 0K(1024K)->704K(1024K)
[71.088s][info][gc,heap        ] GC(835) ParOldGen: 176064K(699392K)->176064K(699392K)
[71.088s][info][gc,metaspace   ] GC(835) Metaspace: 61493K(62464K)->61493K(62464K) NonClass: 53920K(54464K)->53920K(54464K) Class: 7572K(8000K)->7572K(8000K)
[71.088s][info][gc             ] GC(835) Pause Young (Allocation Failure) 309M->172M(819M) 1.161ms
[71.088s][info][gc,cpu         ] GC(835) User=0.00s Sys=0.00s Real=0.00s
[71.133s][info][gc,start       ] GC(836) Pause Young (Allocation Failure)
[71.134s][info][gc,heap        ] GC(836) PSYoungGen: 139456K(139776K)->512K(137216K) Eden: 138752K(138752K)->0K(136704K) From: 704K(1024K)->512K(512K)
[71.134s][info][gc,heap        ] GC(836) ParOldGen: 176064K(699392K)->176427K(699392K)
[71.134s][info][gc,metaspace   ] GC(836) Metaspace: 61493K(62464K)->61493K(62464K) NonClass: 53920K(54464K)->53920K(54464K) Class: 7572K(8000K)->7572K(8000K)
[71.134s][info][gc             ] GC(836) Pause Young (Allocation Failure) 308M->172M(817M) 0.751ms
[71.134s][info][gc,cpu         ] GC(836) User=0.00s Sys=0.00s Real=0.00s
[71.188s][info][gc,start       ] GC(837) Pause Young (Allocation Failure)
[71.189s][info][gc,heap        ] GC(837) PSYoungGen: 137216K(137216K)->128K(135680K) Eden: 136704K(136704K)->0K(134656K) From: 512K(512K)->128K(1024K)
[71.189s][info][gc,heap        ] GC(837) ParOldGen: 176427K(699392K)->176571K(699392K)
[71.189s][info][gc,metaspace   ] GC(837) Metaspace: 61493K(62464K)->61493K(62464K) NonClass: 53920K(54464K)->53920K(54464K) Class: 7572K(8000K)->7572K(8000K)
[71.189s][info][gc             ] GC(837) Pause Young (Allocation Failure) 306M->172M(815M) 0.629ms
[71.189s][info][gc,cpu         ] GC(837) User=0.00s Sys=0.00s Real=0.00s
[71.242s][info][gc,start       ] GC(838) Pause Young (Allocation Failure)
[71.242s][info][gc,heap        ] GC(838) PSYoungGen: 134784K(135680K)->384K(133120K) Eden: 134656K(134656K)->0K(132608K) From: 128K(1024K)->384K(512K)
[71.242s][info][gc,heap        ] GC(838) ParOldGen: 176571K(699392K)->176571K(699392K)
[71.242s][info][gc,metaspace   ] GC(838) Metaspace: 61493K(62464K)->61493K(62464K) NonClass: 53920K(54464K)->53920K(54464K) Class: 7572K(8000K)->7572K(8000K)
[71.242s][info][gc             ] GC(838) Pause Young (Allocation Failure) 304M->172M(813M) 0.659ms
[71.242s][info][gc,cpu         ] GC(838) User=0.00s Sys=0.00s Real=0.00s
[71.303s][info][gc,start       ] GC(839) Pause Young (Allocation Failure)
[71.303s][info][gc,heap        ] GC(839) PSYoungGen: 132992K(133120K)->192K(131584K) Eden: 132608K(132608K)->0K(130560K) From: 384K(512K)->192K(1024K)
[71.303s][info][gc,heap        ] GC(839) ParOldGen: 176571K(699392K)->176571K(699392K)
[71.303s][info][gc,metaspace   ] GC(839) Metaspace: 61493K(62464K)->61493K(62464K) NonClass: 53920K(54464K)->53920K(54464K) Class: 7572K(8000K)->7572K(8000K)
[71.303s][info][gc             ] GC(839) Pause Young (Allocation Failure) 302M->172M(811M) 0.616ms
[71.303s][info][gc,cpu         ] GC(839) User=0.00s Sys=0.00s Real=0.00s
[71.363s][info][gc,start       ] GC(840) Pause Young (Allocation Failure)
[71.364s][info][gc,heap        ] GC(840) PSYoungGen: 130752K(131584K)->288K(129024K) Eden: 130560K(130560K)->0K(128512K) From: 192K(1024K)->288K(512K)
[71.364s][info][gc,heap        ] GC(840) ParOldGen: 176571K(699392K)->176587K(699392K)
[71.364s][info][gc,metaspace   ] GC(840) Metaspace: 61493K(62464K)->61493K(62464K) NonClass: 53920K(54464K)->53920K(54464K) Class: 7572K(8000K)->7572K(8000K)
[71.364s][info][gc             ] GC(840) Pause Young (Allocation Failure) 300M->172M(809M) 0.652ms
[71.364s][info][gc,cpu         ] GC(840) User=0.30s Sys=0.00s Real=0.02s
[71.423s][info][gc,start       ] GC(841) Pause Young (Allocation Failure)
[71.423s][info][gc,heap        ] GC(841) PSYoungGen: 128800K(129024K)->224K(127488K) Eden: 128512K(128512K)->0K(126464K) From: 288K(512K)->224K(1024K)
[71.423s][info][gc,heap        ] GC(841) ParOldGen: 176587K(699392K)->176595K(699392K)
[71.423s][info][gc,metaspace   ] GC(841) Metaspace: 61493K(62464K)->61493K(62464K) NonClass: 53920K(54464K)->53920K(54464K) Class: 7572K(8000K)->7572K(8000K)
[71.423s][info][gc             ] GC(841) Pause Young (Allocation Failure) 298M->172M(807M) 0.692ms
[71.423s][info][gc,cpu         ] GC(841) User=0.00s Sys=0.00s Real=0.00s
[71.481s][info][gc,start       ] GC(842) Pause Young (Allocation Failure)
[71.482s][info][gc,heap        ] GC(842) PSYoungGen: 126688K(127488K)->320K(124928K) Eden: 126464K(126464K)->0K(124416K) From: 224K(1024K)->320K(512K)
[71.482s][info][gc,heap        ] GC(842) ParOldGen: 176595K(699392K)->176611K(699392K)
[71.482s][info][gc,metaspace   ] GC(842) Metaspace: 61493K(62464K)->61493K(62464K) NonClass: 53920K(54464K)->53920K(54464K) Class: 7572K(8000K)->7572K(8000K)
[71.482s][info][gc             ] GC(842) Pause Young (Allocation Failure) 296M->172M(805M) 0.928ms
[71.482s][info][gc,cpu         ] GC(842) User=0.00s Sys=0.00s Real=0.00s
[71.525s][info][gc,start       ] GC(843) Pause Young (Allocation Failure)
[71.525s][info][gc,heap        ] GC(843) PSYoungGen: 124736K(124928K)->288K(123904K) Eden: 124416K(124416K)->0K(122880K) From: 320K(512K)->288K(1024K)
[71.525s][info][gc,heap        ] GC(843) ParOldGen: 176611K(699392K)->176627K(699392K)
[71.525s][info][gc,metaspace   ] GC(843) Metaspace: 61493K(62464K)->61493K(62464K) NonClass: 53920K(54464K)->53920K(54464K) Class: 7572K(8000K)->7572K(8000K)
[71.525s][info][gc             ] GC(843) Pause Young (Allocation Failure) 294M->172M(804M) 0.665ms
[71.525s][info][gc,cpu         ] GC(843) User=0.00s Sys=0.00s Real=0.00s
[71.567s][info][gc,start       ] GC(844) Pause Young (Allocation Failure)
[71.568s][info][gc,heap        ] GC(844) PSYoungGen: 123168K(123904K)->352K(121856K) Eden: 122880K(122880K)->0K(121344K) From: 288K(1024K)->352K(512K)
[71.568s][info][gc,heap        ] GC(844) ParOldGen: 176627K(699392K)->176651K(699392K)
[71.568s][info][gc,metaspace   ] GC(844) Metaspace: 61493K(62464K)->61493K(62464K) NonClass: 53920K(54464K)->53920K(54464K) Class: 7572K(8000K)->7572K(8000K)
[71.568s][info][gc             ] GC(844) Pause Young (Allocation Failure) 292M->172M(802M) 1.127ms
[71.568s][info][gc,cpu         ] GC(844) User=0.00s Sys=0.00s Real=0.00s
[71.617s][info][gc,start       ] GC(845) Pause Young (Allocation Failure)
[71.617s][info][gc,heap        ] GC(845) PSYoungGen: 121696K(121856K)->224K(120832K) Eden: 121344K(121344K)->0K(119808K) From: 352K(512K)->224K(1024K)
[71.617s][info][gc,heap        ] GC(845) ParOldGen: 176651K(699392K)->176667K(699392K)
[71.617s][info][gc,metaspace   ] GC(845) Metaspace: 61493K(62464K)->61493K(62464K) NonClass: 53920K(54464K)->53920K(54464K) Class: 7572K(8000K)->7572K(8000K)
[71.618s][info][gc             ] GC(845) Pause Young (Allocation Failure) 291M->172M(801M) 0.681ms
[71.618s][info][gc,cpu         ] GC(845) User=0.00s Sys=0.00s Real=0.00s
[71.665s][info][gc,start       ] GC(846) Pause Young (Allocation Failure)
[71.666s][info][gc,heap        ] GC(846) PSYoungGen: 120032K(120832K)->224K(118784K) Eden: 119808K(119808K)->0K(118272K) From: 224K(1024K)->224K(512K)
[71.666s][info][gc,heap        ] GC(846) ParOldGen: 176667K(699392K)->176675K(699392K)
[71.666s][info][gc,metaspace   ] GC(846) Metaspace: 61493K(62464K)->61493K(62464K) NonClass: 53920K(54464K)->53920K(54464K) Class: 7572K(8000K)->7572K(8000K)
[71.666s][info][gc             ] GC(846) Pause Young (Allocation Failure) 289M->172M(799M) 0.898ms
[71.666s][info][gc,cpu         ] GC(846) User=0.00s Sys=0.00s Real=0.00s
[71.714s][info][gc,start       ] GC(847) Pause Young (Allocation Failure)
[71.715s][info][gc,heap        ] GC(847) PSYoungGen: 118496K(118784K)->224K(117760K) Eden: 118272K(118272K)->0K(116736K) From: 224K(512K)->224K(1024K)
[71.715s][info][gc,heap        ] GC(847) ParOldGen: 176675K(699392K)->176699K(699392K)
[71.715s][info][gc,metaspace   ] GC(847) Metaspace: 61493K(62464K)->61493K(62464K) NonClass: 53920K(54464K)->53920K(54464K) Class: 7572K(8000K)->7572K(8000K)
[71.715s][info][gc             ] GC(847) Pause Young (Allocation Failure) 288M->172M(798M) 0.621ms
[71.715s][info][gc,cpu         ] GC(847) User=0.00s Sys=0.00s Real=0.00s
[71.762s][info][gc,start       ] GC(848) Pause Young (Allocation Failure)
[71.762s][info][gc,heap        ] GC(848) PSYoungGen: 116960K(117760K)->192K(115712K) Eden: 116736K(116736K)->0K(115200K) From: 224K(1024K)->192K(512K)
[71.762s][info][gc,heap        ] GC(848) ParOldGen: 176699K(699392K)->176715K(699392K)
[71.762s][info][gc,metaspace   ] GC(848) Metaspace: 61493K(62464K)->61493K(62464K) NonClass: 53920K(54464K)->53920K(54464K) Class: 7572K(8000K)->7572K(8000K)
[71.762s][info][gc             ] GC(848) Pause Young (Allocation Failure) 286M->172M(796M) 0.767ms
[71.762s][info][gc,cpu         ] GC(848) User=0.00s Sys=0.00s Real=0.00s
[71.821s][info][gc,start       ] GC(849) Pause Young (Allocation Failure)
[71.822s][info][gc,heap        ] GC(849) PSYoungGen: 115392K(115712K)->608K(114688K) Eden: 115200K(115200K)->0K(113664K) From: 192K(512K)->608K(1024K)
[71.822s][info][gc,heap        ] GC(849) ParOldGen: 176715K(699392K)->176731K(699392K)
[71.822s][info][gc,metaspace   ] GC(849) Metaspace: 61493K(62464K)->61493K(62464K) NonClass: 53920K(54464K)->53920K(54464K) Class: 7572K(8000K)->7572K(8000K)
[71.822s][info][gc             ] GC(849) Pause Young (Allocation Failure) 285M->173M(795M) 0.898ms
[71.822s][info][gc,cpu         ] GC(849) User=0.00s Sys=0.00s Real=0.00s
[71.899s][info][gc,start       ] GC(850) Pause Young (System.gc())
[71.899s][info][gc,heap        ] GC(850) PSYoungGen: 80119K(114688K)->608K(114688K) Eden: 79511K(113664K)->0K(113664K) From: 608K(1024K)->608K(1024K)
[71.900s][info][gc,heap        ] GC(850) ParOldGen: 176731K(699392K)->176875K(699392K)
[71.900s][info][gc,metaspace   ] GC(850) Metaspace: 61493K(62464K)->61493K(62464K) NonClass: 53920K(54464K)->53920K(54464K) Class: 7572K(8000K)->7572K(8000K)
[71.900s][info][gc             ] GC(850) Pause Young (System.gc()) 250M->173M(795M) 1.003ms
[71.900s][info][gc,cpu         ] GC(850) User=0.00s Sys=0.00s Real=0.00s
[71.900s][info][gc,start       ] GC(851) Pause Full (System.gc())
[71.900s][info][gc,phases,start] GC(851) Marking Phase
[72.010s][info][gc,phases      ] GC(851) Marking Phase 110.177ms
[72.010s][info][gc,phases,start] GC(851) Summary Phase
[72.010s][info][gc,phases      ] GC(851) Summary Phase 0.015ms
[72.010s][info][gc,phases,start] GC(851) Adjust Roots
[72.021s][info][gc,phases      ] GC(851) Adjust Roots 11.028ms
[72.021s][info][gc,phases,start] GC(851) Compaction Phase
[72.051s][info][gc,phases      ] GC(851) Compaction Phase 30.244ms
[72.052s][info][gc,phases,start] GC(851) Post Compact
[72.053s][info][gc,phases      ] GC(851) Post Compact 1.321ms
[72.053s][info][gc,heap        ] GC(851) PSYoungGen: 608K(114688K)->0K(114688K) Eden: 0K(113664K)->0K(113664K) From: 608K(1024K)->0K(1024K)
[72.053s][info][gc,heap        ] GC(851) ParOldGen: 176875K(699392K)->176081K(699392K)
[72.053s][info][gc,metaspace   ] GC(851) Metaspace: 61493K(62464K)->61493K(62464K) NonClass: 53920K(54464K)->53920K(54464K) Class: 7572K(8000K)->7572K(8000K)
[72.053s][info][gc             ] GC(851) Pause Full (System.gc()) 173M->171M(795M) 153.134ms
[72.053s][info][gc,cpu         ] GC(851) User=2.69s Sys=0.00s Real=0.16s
[72.145s][info][gc,start       ] GC(852) Pause Young (Allocation Failure)
[72.146s][info][gc,heap        ] GC(852) PSYoungGen: 113664K(114688K)->704K(113152K) Eden: 113664K(113664K)->0K(112128K) From: 0K(1024K)->704K(1024K)
[72.146s][info][gc,heap        ] GC(852) ParOldGen: 176081K(699392K)->176081K(699392K)
[72.146s][info][gc,metaspace   ] GC(852) Metaspace: 61493K(62464K)->61493K(62464K) NonClass: 53920K(54464K)->53920K(54464K) Class: 7572K(8000K)->7572K(8000K)
[72.146s][info][gc             ] GC(852) Pause Young (Allocation Failure) 282M->172M(793M) 1.231ms
[72.147s][info][gc,cpu         ] GC(852) User=0.00s Sys=0.00s Real=0.00s
[72.197s][info][gc,start       ] GC(853) Pause Young (Allocation Failure)
[72.197s][info][gc,heap        ] GC(853) PSYoungGen: 112832K(113152K)->448K(111104K) Eden: 112128K(112128K)->0K(110592K) From: 704K(1024K)->448K(512K)
[72.197s][info][gc,heap        ] GC(853) ParOldGen: 176081K(699392K)->176442K(699392K)
[72.198s][info][gc,metaspace   ] GC(853) Metaspace: 61493K(62464K)->61493K(62464K) NonClass: 53920K(54464K)->53920K(54464K) Class: 7572K(8000K)->7572K(8000K)
[72.198s][info][gc             ] GC(853) Pause Young (Allocation Failure) 282M->172M(791M) 0.804ms
[72.198s][info][gc,cpu         ] GC(853) User=0.00s Sys=0.00s Real=0.00s
[72.235s][info][gc,start       ] GC(854) Pause Young (Allocation Failure)
[72.236s][info][gc,heap        ] GC(854) PSYoungGen: 111040K(111104K)->224K(134144K) Eden: 110592K(110592K)->0K(133120K) From: 448K(512K)->224K(1024K)
[72.236s][info][gc,heap        ] GC(854) ParOldGen: 176442K(699392K)->176562K(699392K)
[72.236s][info][gc,metaspace   ] GC(854) Metaspace: 61493K(62464K)->61493K(62464K) NonClass: 53920K(54464K)->53920K(54464K) Class: 7572K(8000K)->7572K(8000K)
[72.236s][info][gc             ] GC(854) Pause Young (Allocation Failure) 280M->172M(814M) 0.762ms
[72.236s][info][gc,cpu         ] GC(854) User=0.00s Sys=0.00s Real=0.00s
[72.281s][info][gc,start       ] GC(855) Pause Young (Allocation Failure)
[72.282s][info][gc,heap        ] GC(855) PSYoungGen: 133344K(134144K)->320K(156160K) Eden: 133120K(133120K)->0K(155136K) From: 224K(1024K)->320K(1024K)
[72.282s][info][gc,heap        ] GC(855) ParOldGen: 176562K(699392K)->176562K(699392K)
[72.282s][info][gc,metaspace   ] GC(855) Metaspace: 61493K(62464K)->61493K(62464K) NonClass: 53920K(54464K)->53920K(54464K) Class: 7572K(8000K)->7572K(8000K)
[72.282s][info][gc             ] GC(855) Pause Young (Allocation Failure) 302M->172M(835M) 0.675ms
[72.282s][info][gc,cpu         ] GC(855) User=0.00s Sys=0.02s Real=0.02s
[72.341s][info][gc,start       ] GC(856) Pause Young (Allocation Failure)
[72.342s][info][gc,heap        ] GC(856) PSYoungGen: 155456K(156160K)->224K(153088K) Eden: 155136K(155136K)->0K(152576K) From: 320K(1024K)->224K(512K)
[72.342s][info][gc,heap        ] GC(856) ParOldGen: 176562K(699392K)->176570K(699392K)
[72.342s][info][gc,metaspace   ] GC(856) Metaspace: 61493K(62464K)->61493K(62464K) NonClass: 53920K(54464K)->53920K(54464K) Class: 7572K(8000K)->7572K(8000K)
[72.342s][info][gc             ] GC(856) Pause Young (Allocation Failure) 324M->172M(832M) 0.675ms
[72.342s][info][gc,cpu         ] GC(856) User=0.00s Sys=0.00s Real=0.00s
[72.401s][info][gc,start       ] GC(857) Pause Young (Allocation Failure)
[72.402s][info][gc,heap        ] GC(857) PSYoungGen: 152800K(153088K)->320K(150528K) Eden: 152576K(152576K)->0K(150016K) From: 224K(512K)->320K(512K)
[72.402s][info][gc,heap        ] GC(857) ParOldGen: 176570K(699392K)->176570K(699392K)
[72.402s][info][gc,metaspace   ] GC(857) Metaspace: 61493K(62464K)->61493K(62464K) NonClass: 53920K(54464K)->53920K(54464K) Class: 7572K(8000K)->7572K(8000K)
[72.402s][info][gc             ] GC(857) Pause Young (Allocation Failure) 321M->172M(830M) 0.953ms
[72.402s][info][gc,cpu         ] GC(857) User=0.00s Sys=0.00s Real=0.00s
[72.460s][info][gc,start       ] GC(858) Pause Young (Allocation Failure)
[72.460s][info][gc,heap        ] GC(858) PSYoungGen: 150336K(150528K)->320K(148480K) Eden: 150016K(150016K)->0K(147456K) From: 320K(512K)->320K(1024K)
[72.460s][info][gc,heap        ] GC(858) ParOldGen: 176570K(699392K)->176578K(699392K)
[72.460s][info][gc,metaspace   ] GC(858) Metaspace: 61493K(62464K)->61493K(62464K) NonClass: 53920K(54464K)->53920K(54464K) Class: 7572K(8000K)->7572K(8000K)
[72.460s][info][gc             ] GC(858) Pause Young (Allocation Failure) 319M->172M(828M) 0.700ms
[72.460s][info][gc,cpu         ] GC(858) User=0.00s Sys=0.00s Real=0.00s
[72.518s][info][gc,start       ] GC(859) Pause Young (Allocation Failure)
[72.519s][info][gc,heap        ] GC(859) PSYoungGen: 147776K(148480K)->192K(145408K) Eden: 147456K(147456K)->0K(144896K) From: 320K(1024K)->192K(512K)
[72.519s][info][gc,heap        ] GC(859) ParOldGen: 176578K(699392K)->176586K(699392K)
[72.519s][info][gc,metaspace   ] GC(859) Metaspace: 61493K(62464K)->61493K(62464K) NonClass: 53920K(54464K)->53920K(54464K) Class: 7572K(8000K)->7572K(8000K)
[72.519s][info][gc             ] GC(859) Pause Young (Allocation Failure) 316M->172M(825M) 0.938ms
[72.519s][info][gc,cpu         ] GC(859) User=0.30s Sys=0.00s Real=0.02s
[72.568s][info][gc,start       ] GC(860) Pause Young (Allocation Failure)
[72.568s][info][gc,heap        ] GC(860) PSYoungGen: 145088K(145408K)->192K(143360K) Eden: 144896K(144896K)->0K(142336K) From: 192K(512K)->192K(1024K)
[72.568s][info][gc,heap        ] GC(860) ParOldGen: 176586K(699392K)->176610K(699392K)
[72.568s][info][gc,metaspace   ] GC(860) Metaspace: 61493K(62464K)->61493K(62464K) NonClass: 53920K(54464K)->53920K(54464K) Class: 7572K(8000K)->7572K(8000K)
[72.568s][info][gc             ] GC(860) Pause Young (Allocation Failure) 314M->172M(823M) 0.608ms
[72.568s][info][gc,cpu         ] GC(860) User=0.00s Sys=0.00s Real=0.00s
[72.624s][info][gc,start       ] GC(861) Pause Young (Allocation Failure)
[72.625s][info][gc,heap        ] GC(861) PSYoungGen: 142528K(143360K)->320K(140800K) Eden: 142336K(142336K)->0K(140288K) From: 192K(1024K)->320K(512K)
[72.625s][info][gc,heap        ] GC(861) ParOldGen: 176610K(699392K)->176626K(699392K)
[72.626s][info][gc,metaspace   ] GC(861) Metaspace: 61493K(62464K)->61493K(62464K) NonClass: 53920K(54464K)->53920K(54464K) Class: 7572K(8000K)->7572K(8000K)
[72.626s][info][gc             ] GC(861) Pause Young (Allocation Failure) 311M->172M(820M) 1.055ms
[72.626s][info][gc,cpu         ] GC(861) User=0.00s Sys=0.00s Real=0.00s
[72.679s][info][gc,start       ] GC(862) Pause Young (Allocation Failure)
[72.680s][info][gc,heap        ] GC(862) PSYoungGen: 140608K(140800K)->288K(139264K) Eden: 140288K(140288K)->0K(138240K) From: 320K(512K)->288K(1024K)
[72.680s][info][gc,heap        ] GC(862) ParOldGen: 176626K(699392K)->176642K(699392K)
[72.680s][info][gc,metaspace   ] GC(862) Metaspace: 61493K(62464K)->61493K(62464K) NonClass: 53920K(54464K)->53920K(54464K) Class: 7572K(8000K)->7572K(8000K)
[72.680s][info][gc             ] GC(862) Pause Young (Allocation Failure) 309M->172M(819M) 0.693ms
[72.680s][info][gc,cpu         ] GC(862) User=0.00s Sys=0.00s Real=0.00s
[72.727s][info][gc,start       ] GC(863) Pause Young (Allocation Failure)
[72.727s][info][gc,heap        ] GC(863) PSYoungGen: 138528K(139264K)->192K(136704K) Eden: 138240K(138240K)->0K(136192K) From: 288K(1024K)->192K(512K)
[72.727s][info][gc,heap        ] GC(863) ParOldGen: 176642K(699392K)->176666K(699392K)
[72.727s][info][gc,metaspace   ] GC(863) Metaspace: 61493K(62464K)->61493K(62464K) NonClass: 53920K(54464K)->53920K(54464K) Class: 7572K(8000K)->7572K(8000K)
[72.727s][info][gc             ] GC(863) Pause Young (Allocation Failure) 307M->172M(816M) 0.744ms
[72.727s][info][gc,cpu         ] GC(863) User=0.00s Sys=0.00s Real=0.00s
[72.779s][info][gc,start       ] GC(864) Pause Young (Allocation Failure)
[72.780s][info][gc,heap        ] GC(864) PSYoungGen: 136384K(136704K)->224K(135168K) Eden: 136192K(136192K)->0K(134144K) From: 192K(512K)->224K(1024K)
[72.780s][info][gc,heap        ] GC(864) ParOldGen: 176666K(699392K)->176682K(699392K)
[72.780s][info][gc,metaspace   ] GC(864) Metaspace: 61493K(62464K)->61493K(62464K) NonClass: 53920K(54464K)->53920K(54464K) Class: 7572K(8000K)->7572K(8000K)
[72.780s][info][gc             ] GC(864) Pause Young (Allocation Failure) 305M->172M(815M) 0.645ms
[72.780s][info][gc,cpu         ] GC(864) User=0.00s Sys=0.00s Real=0.00s
[72.853s][info][gc,start       ] GC(865) Pause Young (Allocation Failure)
[72.854s][info][gc,heap        ] GC(865) PSYoungGen: 134368K(135168K)->608K(133120K) Eden: 134144K(134144K)->0K(132096K) From: 224K(1024K)->608K(1024K)
[72.854s][info][gc,heap        ] GC(865) ParOldGen: 176682K(699392K)->176698K(699392K)
[72.854s][info][gc,metaspace   ] GC(865) Metaspace: 61493K(62464K)->61493K(62464K) NonClass: 53920K(54464K)->53920K(54464K) Class: 7572K(8000K)->7572K(8000K)
[72.854s][info][gc             ] GC(865) Pause Young (Allocation Failure) 303M->173M(813M) 0.766ms
[72.854s][info][gc,cpu         ] GC(865) User=0.00s Sys=0.00s Real=0.00s
[72.936s][info][gc,start       ] GC(866) Pause Young (System.gc())
[72.937s][info][gc,heap        ] GC(866) PSYoungGen: 77153K(133120K)->608K(133120K) Eden: 76545K(132096K)->0K(132096K) From: 608K(1024K)->608K(1024K)
[72.937s][info][gc,heap        ] GC(866) ParOldGen: 176698K(699392K)->176842K(699392K)
[72.938s][info][gc,metaspace   ] GC(866) Metaspace: 61503K(62464K)->61503K(62464K) NonClass: 53930K(54464K)->53930K(54464K) Class: 7572K(8000K)->7572K(8000K)
[72.938s][info][gc             ] GC(866) Pause Young (System.gc()) 247M->173M(813M) 1.314ms
[72.938s][info][gc,cpu         ] GC(866) User=0.00s Sys=0.00s Real=0.00s
[72.938s][info][gc,start       ] GC(867) Pause Full (System.gc())
[72.938s][info][gc,phases,start] GC(867) Marking Phase
[73.051s][info][gc,phases      ] GC(867) Marking Phase 113.396ms
[73.051s][info][gc,phases,start] GC(867) Summary Phase
[73.051s][info][gc,phases      ] GC(867) Summary Phase 0.015ms
[73.051s][info][gc,phases,start] GC(867) Adjust Roots
[73.061s][info][gc,phases      ] GC(867) Adjust Roots 9.579ms
[73.061s][info][gc,phases,start] GC(867) Compaction Phase
[73.089s][info][gc,phases      ] GC(867) Compaction Phase 27.779ms
[73.089s][info][gc,phases,start] GC(867) Post Compact
[73.090s][info][gc,phases      ] GC(867) Post Compact 1.083ms
[73.090s][info][gc,heap        ] GC(867) PSYoungGen: 608K(133120K)->0K(133120K) Eden: 0K(132096K)->0K(132096K) From: 608K(1024K)->0K(1024K)
[73.090s][info][gc,heap        ] GC(867) ParOldGen: 176842K(699392K)->176096K(699392K)
[73.090s][info][gc,metaspace   ] GC(867) Metaspace: 61503K(62464K)->61503K(62464K) NonClass: 53930K(54464K)->53930K(54464K) Class: 7572K(8000K)->7572K(8000K)
[73.090s][info][gc             ] GC(867) Pause Full (System.gc()) 173M->171M(813M) 152.123ms
[73.090s][info][gc,cpu         ] GC(867) User=2.44s Sys=0.00s Real=0.16s
[73.181s][info][gc,start       ] GC(868) Pause Young (Allocation Failure)
[73.182s][info][gc,heap        ] GC(868) PSYoungGen: 132096K(133120K)->512K(130560K) Eden: 132096K(132096K)->0K(130048K) From: 0K(1024K)->512K(512K)
[73.182s][info][gc,heap        ] GC(868) ParOldGen: 176096K(699392K)->176224K(699392K)
[73.182s][info][gc,metaspace   ] GC(868) Metaspace: 61505K(62464K)->61505K(62464K) NonClass: 53932K(54464K)->53932K(54464K) Class: 7573K(8000K)->7573K(8000K)
[73.182s][info][gc             ] GC(868) Pause Young (Allocation Failure) 300M->172M(810M) 1.082ms
[73.183s][info][gc,cpu         ] GC(868) User=0.00s Sys=0.00s Real=0.00s
[73.231s][info][gc,start       ] GC(869) Pause Young (Allocation Failure)
[73.232s][info][gc,heap        ] GC(869) PSYoungGen: 130560K(130560K)->512K(129024K) Eden: 130048K(130048K)->0K(128000K) From: 512K(512K)->512K(1024K)
[73.232s][info][gc,heap        ] GC(869) ParOldGen: 176224K(699392K)->176460K(699392K)
[73.232s][info][gc,metaspace   ] GC(869) Metaspace: 61505K(62464K)->61505K(62464K) NonClass: 53932K(54464K)->53932K(54464K) Class: 7573K(8000K)->7573K(8000K)
[73.232s][info][gc             ] GC(869) Pause Young (Allocation Failure) 299M->172M(809M) 0.753ms
[73.232s][info][gc,cpu         ] GC(869) User=0.00s Sys=0.00s Real=0.00s
[73.282s][info][gc,start       ] GC(870) Pause Young (Allocation Failure)
[73.283s][info][gc,heap        ] GC(870) PSYoungGen: 128512K(129024K)->256K(126464K) Eden: 128000K(128000K)->0K(125952K) From: 512K(1024K)->256K(512K)
[73.283s][info][gc,heap        ] GC(870) ParOldGen: 176460K(699392K)->176596K(699392K)
[73.283s][info][gc,metaspace   ] GC(870) Metaspace: 61505K(62464K)->61505K(62464K) NonClass: 53932K(54464K)->53932K(54464K) Class: 7573K(8000K)->7573K(8000K)
[73.283s][info][gc             ] GC(870) Pause Young (Allocation Failure) 297M->172M(806M) 0.963ms
[73.283s][info][gc,cpu         ] GC(870) User=0.00s Sys=0.00s Real=0.00s
[73.334s][info][gc,start       ] GC(871) Pause Young (Allocation Failure)
[73.335s][info][gc,heap        ] GC(871) PSYoungGen: 126208K(126464K)->320K(125440K) Eden: 125952K(125952K)->0K(124416K) From: 256K(512K)->320K(1024K)
[73.335s][info][gc,heap        ] GC(871) ParOldGen: 176596K(699392K)->176596K(699392K)
[73.335s][info][gc,metaspace   ] GC(871) Metaspace: 61505K(62464K)->61505K(62464K) NonClass: 53932K(54464K)->53932K(54464K) Class: 7573K(8000K)->7573K(8000K)
[73.335s][info][gc             ] GC(871) Pause Young (Allocation Failure) 295M->172M(805M) 0.669ms
[73.335s][info][gc,cpu         ] GC(871) User=0.00s Sys=0.00s Real=0.00s
[73.377s][info][gc,start       ] GC(872) Pause Young (Allocation Failure)
[73.378s][info][gc,heap        ] GC(872) PSYoungGen: 124736K(125440K)->192K(123392K) Eden: 124416K(124416K)->0K(122880K) From: 320K(1024K)->192K(512K)
[73.378s][info][gc,heap        ] GC(872) ParOldGen: 176596K(699392K)->176604K(699392K)
[73.378s][info][gc,metaspace   ] GC(872) Metaspace: 61505K(62464K)->61505K(62464K) NonClass: 53932K(54464K)->53932K(54464K) Class: 7573K(8000K)->7573K(8000K)
[73.378s][info][gc             ] GC(872) Pause Young (Allocation Failure) 294M->172M(803M) 1.061ms
[73.378s][info][gc,cpu         ] GC(872) User=0.00s Sys=0.00s Real=0.00s
[73.419s][info][gc,start       ] GC(873) Pause Young (Allocation Failure)
[73.419s][info][gc,heap        ] GC(873) PSYoungGen: 123072K(123392K)->288K(122368K) Eden: 122880K(122880K)->0K(121344K) From: 192K(512K)->288K(1024K)
[73.419s][info][gc,heap        ] GC(873) ParOldGen: 176604K(699392K)->176604K(699392K)
[73.419s][info][gc,metaspace   ] GC(873) Metaspace: 61505K(62464K)->61505K(62464K) NonClass: 53932K(54464K)->53932K(54464K) Class: 7573K(8000K)->7573K(8000K)
[73.419s][info][gc             ] GC(873) Pause Young (Allocation Failure) 292M->172M(802M) 0.655ms
[73.420s][info][gc,cpu         ] GC(873) User=0.00s Sys=0.00s Real=0.00s
[73.460s][info][gc,start       ] GC(874) Pause Young (Allocation Failure)
[73.461s][info][gc,heap        ] GC(874) PSYoungGen: 121632K(122368K)->192K(146432K) Eden: 121344K(121344K)->0K(145920K) From: 288K(1024K)->192K(512K)
[73.461s][info][gc,heap        ] GC(874) ParOldGen: 176604K(699392K)->176620K(699392K)
[73.461s][info][gc,metaspace   ] GC(874) Metaspace: 61505K(62464K)->61505K(62464K) NonClass: 53932K(54464K)->53932K(54464K) Class: 7573K(8000K)->7573K(8000K)
[73.461s][info][gc             ] GC(874) Pause Young (Allocation Failure) 291M->172M(826M) 0.899ms
[73.461s][info][gc,cpu         ] GC(874) User=0.00s Sys=0.00s Real=0.00s
[73.509s][info][gc,start       ] GC(875) Pause Young (Allocation Failure)
[73.517s][info][gc,heap        ] GC(875) PSYoungGen: 146112K(146432K)->320K(144384K) Eden: 145920K(145920K)->0K(143360K) From: 192K(512K)->320K(1024K)
[73.517s][info][gc,heap        ] GC(875) ParOldGen: 176620K(699392K)->176628K(699392K)
[73.517s][info][gc,metaspace   ] GC(875) Metaspace: 61505K(62464K)->61505K(62464K) NonClass: 53932K(54464K)->53932K(54464K) Class: 7573K(8000K)->7573K(8000K)
[73.517s][info][gc             ] GC(875) Pause Young (Allocation Failure) 315M->172M(824M) 7.705ms
[73.517s][info][gc,cpu         ] GC(875) User=0.00s Sys=0.00s Real=0.00s
[73.566s][info][gc,start       ] GC(876) Pause Young (Allocation Failure)
[73.567s][info][gc,heap        ] GC(876) PSYoungGen: 143680K(144384K)->256K(151552K) Eden: 143360K(143360K)->0K(150528K) From: 320K(1024K)->256K(1024K)
[73.567s][info][gc,heap        ] GC(876) ParOldGen: 176628K(699392K)->176652K(699392K)
[73.567s][info][gc,metaspace   ] GC(876) Metaspace: 61505K(62464K)->61505K(62464K) NonClass: 53932K(54464K)->53932K(54464K) Class: 7573K(8000K)->7573K(8000K)
[73.567s][info][gc             ] GC(876) Pause Young (Allocation Failure) 312M->172M(831M) 0.978ms
[73.567s][info][gc,cpu         ] GC(876) User=0.02s Sys=0.00s Real=0.01s
[73.618s][info][gc,start       ] GC(877) Pause Young (Allocation Failure)
[73.618s][info][gc,heap        ] GC(877) PSYoungGen: 150784K(151552K)->288K(151552K) Eden: 150528K(150528K)->0K(150528K) From: 256K(1024K)->288K(1024K)
[73.618s][info][gc,heap        ] GC(877) ParOldGen: 176652K(699392K)->176660K(699392K)
[73.618s][info][gc,metaspace   ] GC(877) Metaspace: 61505K(62464K)->61505K(62464K) NonClass: 53932K(54464K)->53932K(54464K) Class: 7573K(8000K)->7573K(8000K)
[73.618s][info][gc             ] GC(877) Pause Young (Allocation Failure) 319M->172M(831M) 0.777ms
[73.618s][info][gc,cpu         ] GC(877) User=0.00s Sys=0.00s Real=0.00s
[73.669s][info][gc,start       ] GC(878) Pause Young (Allocation Failure)
[73.670s][info][gc,heap        ] GC(878) PSYoungGen: 150816K(151552K)->256K(148480K) Eden: 150528K(150528K)->0K(147968K) From: 288K(1024K)->256K(512K)
[73.670s][info][gc,heap        ] GC(878) ParOldGen: 176660K(699392K)->176676K(699392K)
[73.670s][info][gc,metaspace   ] GC(878) Metaspace: 61505K(62464K)->61505K(62464K) NonClass: 53932K(54464K)->53932K(54464K) Class: 7573K(8000K)->7573K(8000K)
[73.670s][info][gc             ] GC(878) Pause Young (Allocation Failure) 319M->172M(828M) 0.642ms
[73.670s][info][gc,cpu         ] GC(878) User=0.00s Sys=0.00s Real=0.00s
[73.727s][info][gc,start       ] GC(879) Pause Young (Allocation Failure)
[73.727s][info][gc,heap        ] GC(879) PSYoungGen: 148224K(148480K)->256K(146432K) Eden: 147968K(147968K)->0K(145408K) From: 256K(512K)->256K(1024K)
[73.728s][info][gc,heap        ] GC(879) ParOldGen: 176676K(699392K)->176692K(699392K)
[73.728s][info][gc,metaspace   ] GC(879) Metaspace: 61505K(62464K)->61505K(62464K) NonClass: 53932K(54464K)->53932K(54464K) Class: 7573K(8000K)->7573K(8000K)
[73.728s][info][gc             ] GC(879) Pause Young (Allocation Failure) 317M->172M(826M) 0.733ms
[73.728s][info][gc,cpu         ] GC(879) User=0.00s Sys=0.00s Real=0.00s
[73.785s][info][gc,start       ] GC(880) Pause Young (Allocation Failure)
[73.785s][info][gc,heap        ] GC(880) PSYoungGen: 145664K(146432K)->192K(143360K) Eden: 145408K(145408K)->0K(142848K) From: 256K(1024K)->192K(512K)
[73.785s][info][gc,heap        ] GC(880) ParOldGen: 176692K(699392K)->176716K(699392K)
[73.785s][info][gc,metaspace   ] GC(880) Metaspace: 61505K(62464K)->61505K(62464K) NonClass: 53932K(54464K)->53932K(54464K) Class: 7573K(8000K)->7573K(8000K)
[73.785s][info][gc             ] GC(880) Pause Young (Allocation Failure) 314M->172M(823M) 0.696ms
[73.785s][info][gc,cpu         ] GC(880) User=0.00s Sys=0.00s Real=0.00s
[73.833s][info][gc,start       ] GC(881) Pause Young (Allocation Failure)
[73.834s][info][gc,heap        ] GC(881) PSYoungGen: 143040K(143360K)->288K(141824K) Eden: 142848K(142848K)->0K(140800K) From: 192K(512K)->288K(1024K)
[73.834s][info][gc,heap        ] GC(881) ParOldGen: 176716K(699392K)->176732K(699392K)
[73.834s][info][gc,metaspace   ] GC(881) Metaspace: 61505K(62464K)->61505K(62464K) NonClass: 53932K(54464K)->53932K(54464K) Class: 7573K(8000K)->7573K(8000K)
[73.834s][info][gc             ] GC(881) Pause Young (Allocation Failure) 312M->172M(821M) 0.711ms
[73.834s][info][gc,cpu         ] GC(881) User=0.00s Sys=0.00s Real=0.00s
[73.877s][info][gc,start       ] GC(882) Pause Young (System.gc())
[73.877s][info][gc,heap        ] GC(882) PSYoungGen: 79045K(141824K)->608K(141824K) Eden: 78757K(140800K)->0K(140800K) From: 288K(1024K)->608K(1024K)
[73.877s][info][gc,heap        ] GC(882) ParOldGen: 176732K(699392K)->176756K(699392K)
[73.877s][info][gc,metaspace   ] GC(882) Metaspace: 61506K(62464K)->61506K(62464K) NonClass: 53932K(54464K)->53932K(54464K) Class: 7573K(8000K)->7573K(8000K)
[73.877s][info][gc             ] GC(882) Pause Young (System.gc()) 249M->173M(821M) 0.940ms
[73.878s][info][gc,cpu         ] GC(882) User=0.00s Sys=0.00s Real=0.00s
[73.878s][info][gc,start       ] GC(883) Pause Full (System.gc())
[73.878s][info][gc,phases,start] GC(883) Marking Phase
[73.980s][info][gc,phases      ] GC(883) Marking Phase 102.375ms
[73.980s][info][gc,phases,start] GC(883) Summary Phase
[73.980s][info][gc,phases      ] GC(883) Summary Phase 0.014ms
[73.980s][info][gc,phases,start] GC(883) Adjust Roots
[73.991s][info][gc,phases      ] GC(883) Adjust Roots 11.136ms
[73.991s][info][gc,phases,start] GC(883) Compaction Phase
[74.019s][info][gc,phases      ] GC(883) Compaction Phase 27.921ms
[74.019s][info][gc,phases,start] GC(883) Post Compact
[74.020s][info][gc,phases      ] GC(883) Post Compact 1.077ms
[74.020s][info][gc,heap        ] GC(883) PSYoungGen: 608K(141824K)->0K(141824K) Eden: 0K(140800K)->0K(140800K) From: 608K(1024K)->0K(1024K)
[74.020s][info][gc,heap        ] GC(883) ParOldGen: 176756K(699392K)->176115K(699392K)
[74.020s][info][gc,metaspace   ] GC(883) Metaspace: 61506K(62464K)->61506K(62464K) NonClass: 53932K(54464K)->53932K(54464K) Class: 7573K(8000K)->7573K(8000K)
[74.020s][info][gc             ] GC(883) Pause Full (System.gc()) 173M->171M(821M) 142.765ms
[74.021s][info][gc,cpu         ] GC(883) User=1.83s Sys=0.02s Real=0.14s
[74.130s][info][gc,start       ] GC(884) Pause Young (Allocation Failure)
[74.131s][info][gc,heap        ] GC(884) PSYoungGen: 140800K(141824K)->704K(139776K) Eden: 140800K(140800K)->0K(138752K) From: 0K(1024K)->704K(1024K)
[74.131s][info][gc,heap        ] GC(884) ParOldGen: 176115K(699392K)->176115K(699392K)
[74.131s][info][gc,metaspace   ] GC(884) Metaspace: 61506K(62464K)->61506K(62464K) NonClass: 53933K(54464K)->53933K(54464K) Class: 7573K(8000K)->7573K(8000K)
[74.131s][info][gc             ] GC(884) Pause Young (Allocation Failure) 309M->172M(819M) 1.089ms
[74.131s][info][gc,cpu         ] GC(884) User=0.00s Sys=0.00s Real=0.00s
[74.188s][info][gc,start       ] GC(885) Pause Young (Allocation Failure)
[74.189s][info][gc,heap        ] GC(885) PSYoungGen: 139456K(139776K)->480K(137216K) Eden: 138752K(138752K)->0K(136704K) From: 704K(1024K)->480K(512K)
[74.189s][info][gc,heap        ] GC(885) ParOldGen: 176115K(699392K)->176453K(699392K)
[74.189s][info][gc,metaspace   ] GC(885) Metaspace: 61506K(62464K)->61506K(62464K) NonClass: 53933K(54464K)->53933K(54464K) Class: 7573K(8000K)->7573K(8000K)
[74.189s][info][gc             ] GC(885) Pause Young (Allocation Failure) 308M->172M(817M) 0.871ms
[74.189s][info][gc,cpu         ] GC(885) User=0.00s Sys=0.00s Real=0.00s
[74.243s][info][gc,start       ] GC(886) Pause Young (Allocation Failure)
[74.244s][info][gc,heap        ] GC(886) PSYoungGen: 137184K(137216K)->256K(135680K) Eden: 136704K(136704K)->0K(134656K) From: 480K(512K)->256K(1024K)
[74.244s][info][gc,heap        ] GC(886) ParOldGen: 176453K(699392K)->176589K(699392K)
[74.244s][info][gc,metaspace   ] GC(886) Metaspace: 61506K(62464K)->61506K(62464K) NonClass: 53933K(54464K)->53933K(54464K) Class: 7573K(8000K)->7573K(8000K)
[74.244s][info][gc             ] GC(886) Pause Young (Allocation Failure) 306M->172M(815M) 0.708ms
[74.244s][info][gc,cpu         ] GC(886) User=0.00s Sys=0.00s Real=0.00s
[74.298s][info][gc,start       ] GC(887) Pause Young (Allocation Failure)
[74.299s][info][gc,heap        ] GC(887) PSYoungGen: 134912K(135680K)->288K(133120K) Eden: 134656K(134656K)->0K(132608K) From: 256K(1024K)->288K(512K)
[74.299s][info][gc,heap        ] GC(887) ParOldGen: 176589K(699392K)->176597K(699392K)
[74.299s][info][gc,metaspace   ] GC(887) Metaspace: 61506K(62464K)->61506K(62464K) NonClass: 53933K(54464K)->53933K(54464K) Class: 7573K(8000K)->7573K(8000K)
[74.299s][info][gc             ] GC(887) Pause Young (Allocation Failure) 304M->172M(813M) 0.789ms
[74.299s][info][gc,cpu         ] GC(887) User=0.00s Sys=0.00s Real=0.00s
[74.354s][info][gc,start       ] GC(888) Pause Young (Allocation Failure)
[74.354s][info][gc,heap        ] GC(888) PSYoungGen: 132896K(133120K)->256K(131584K) Eden: 132608K(132608K)->0K(130560K) From: 288K(512K)->256K(1024K)
[74.354s][info][gc,heap        ] GC(888) ParOldGen: 176597K(699392K)->176597K(699392K)
[74.355s][info][gc,metaspace   ] GC(888) Metaspace: 61506K(62464K)->61506K(62464K) NonClass: 53933K(54464K)->53933K(54464K) Class: 7573K(8000K)->7573K(8000K)
[74.355s][info][gc             ] GC(888) Pause Young (Allocation Failure) 302M->172M(811M) 0.691ms
[74.355s][info][gc,cpu         ] GC(888) User=0.00s Sys=0.00s Real=0.00s
[74.401s][info][gc,start       ] GC(889) Pause Young (Allocation Failure)
[74.401s][info][gc,heap        ] GC(889) PSYoungGen: 130816K(131584K)->288K(129024K) Eden: 130560K(130560K)->0K(128512K) From: 256K(1024K)->288K(512K)
[74.402s][info][gc,heap        ] GC(889) ParOldGen: 176597K(699392K)->176605K(699392K)
[74.402s][info][gc,metaspace   ] GC(889) Metaspace: 61506K(62464K)->61506K(62464K) NonClass: 53933K(54464K)->53933K(54464K) Class: 7573K(8000K)->7573K(8000K)
[74.402s][info][gc             ] GC(889) Pause Young (Allocation Failure) 300M->172M(809M) 0.687ms
[74.402s][info][gc,cpu         ] GC(889) User=0.00s Sys=0.00s Real=0.00s
[74.454s][info][gc,start       ] GC(890) Pause Young (Allocation Failure)
[74.455s][info][gc,heap        ] GC(890) PSYoungGen: 128800K(129024K)->288K(127488K) Eden: 128512K(128512K)->0K(126464K) From: 288K(512K)->288K(1024K)
[74.455s][info][gc,heap        ] GC(890) ParOldGen: 176605K(699392K)->176605K(699392K)
[74.455s][info][gc,metaspace   ] GC(890) Metaspace: 61506K(62464K)->61506K(62464K) NonClass: 53933K(54464K)->53933K(54464K) Class: 7573K(8000K)->7573K(8000K)
[74.455s][info][gc             ] GC(890) Pause Young (Allocation Failure) 298M->172M(807M) 0.655ms
[74.455s][info][gc,cpu         ] GC(890) User=0.00s Sys=0.00s Real=0.00s
[74.507s][info][gc,start       ] GC(891) Pause Young (Allocation Failure)
[74.508s][info][gc,heap        ] GC(891) PSYoungGen: 126752K(127488K)->256K(124928K) Eden: 126464K(126464K)->0K(124416K) From: 288K(1024K)->256K(512K)
[74.508s][info][gc,heap        ] GC(891) ParOldGen: 176605K(699392K)->176621K(699392K)
[74.508s][info][gc,metaspace   ] GC(891) Metaspace: 61506K(62464K)->61506K(62464K) NonClass: 53933K(54464K)->53933K(54464K) Class: 7573K(8000K)->7573K(8000K)
[74.508s][info][gc             ] GC(891) Pause Young (Allocation Failure) 296M->172M(805M) 0.707ms
[74.508s][info][gc,cpu         ] GC(891) User=0.02s Sys=0.28s Real=0.01s
[74.558s][info][gc,start       ] GC(892) Pause Young (Allocation Failure)
[74.559s][info][gc,heap        ] GC(892) PSYoungGen: 124672K(124928K)->256K(123904K) Eden: 124416K(124416K)->0K(122880K) From: 256K(512K)->256K(1024K)
[74.559s][info][gc,heap        ] GC(892) ParOldGen: 176621K(699392K)->176645K(699392K)
[74.559s][info][gc,metaspace   ] GC(892) Metaspace: 61506K(62464K)->61506K(62464K) NonClass: 53933K(54464K)->53933K(54464K) Class: 7573K(8000K)->7573K(8000K)
[74.559s][info][gc             ] GC(892) Pause Young (Allocation Failure) 294M->172M(804M) 0.692ms
[74.559s][info][gc,cpu         ] GC(892) User=0.00s Sys=0.00s Real=0.00s
[74.610s][info][gc,start       ] GC(893) Pause Young (Allocation Failure)
[74.610s][info][gc,heap        ] GC(893) PSYoungGen: 123136K(123904K)->224K(121856K) Eden: 122880K(122880K)->0K(121344K) From: 256K(1024K)->224K(512K)
[74.611s][info][gc,heap        ] GC(893) ParOldGen: 176645K(699392K)->176661K(699392K)
[74.611s][info][gc,metaspace   ] GC(893) Metaspace: 61506K(62464K)->61506K(62464K) NonClass: 53933K(54464K)->53933K(54464K) Class: 7573K(8000K)->7573K(8000K)
[74.611s][info][gc             ] GC(893) Pause Young (Allocation Failure) 292M->172M(802M) 0.714ms
[74.611s][info][gc,cpu         ] GC(893) User=0.00s Sys=0.00s Real=0.00s
[74.654s][info][gc,start       ] GC(894) Pause Young (Allocation Failure)
[74.654s][info][gc,heap        ] GC(894) PSYoungGen: 121568K(121856K)->256K(120832K) Eden: 121344K(121344K)->0K(119808K) From: 224K(512K)->256K(1024K)
[74.654s][info][gc,heap        ] GC(894) ParOldGen: 176661K(699392K)->176677K(699392K)
[74.654s][info][gc,metaspace   ] GC(894) Metaspace: 61506K(62464K)->61506K(62464K) NonClass: 53933K(54464K)->53933K(54464K) Class: 7573K(8000K)->7573K(8000K)
[74.654s][info][gc             ] GC(894) Pause Young (Allocation Failure) 291M->172M(801M) 0.709ms
[74.654s][info][gc,cpu         ] GC(894) User=0.00s Sys=0.00s Real=0.00s
[74.697s][info][gc,start       ] GC(895) Pause Young (Allocation Failure)
[74.698s][info][gc,heap        ] GC(895) PSYoungGen: 120064K(120832K)->224K(144384K) Eden: 119808K(119808K)->0K(143872K) From: 256K(1024K)->224K(512K)
[74.698s][info][gc,heap        ] GC(895) ParOldGen: 176677K(699392K)->176693K(699392K)
[74.698s][info][gc,metaspace   ] GC(895) Metaspace: 61506K(62464K)->61506K(62464K) NonClass: 53933K(54464K)->53933K(54464K) Class: 7573K(8000K)->7573K(8000K)
[74.698s][info][gc             ] GC(895) Pause Young (Allocation Failure) 289M->172M(824M) 0.699ms
[74.698s][info][gc,cpu         ] GC(895) User=0.00s Sys=0.00s Real=0.00s
[74.749s][info][gc,start       ] GC(896) Pause Young (Allocation Failure)
[74.749s][info][gc,heap        ] GC(896) PSYoungGen: 144096K(144384K)->224K(142848K) Eden: 143872K(143872K)->0K(141824K) From: 224K(512K)->224K(1024K)
[74.749s][info][gc,heap        ] GC(896) ParOldGen: 176693K(699392K)->176717K(699392K)
[74.749s][info][gc,metaspace   ] GC(896) Metaspace: 61506K(62464K)->61506K(62464K) NonClass: 53933K(54464K)->53933K(54464K) Class: 7573K(8000K)->7573K(8000K)
[74.750s][info][gc             ] GC(896) Pause Young (Allocation Failure) 313M->172M(822M) 0.670ms
[74.750s][info][gc,cpu         ] GC(896) User=0.00s Sys=0.00s Real=0.00s
[74.811s][info][gc,start       ] GC(897) Pause Young (Allocation Failure)
[74.812s][info][gc,heap        ] GC(897) PSYoungGen: 142048K(142848K)->608K(171520K) Eden: 141824K(141824K)->0K(170496K) From: 224K(1024K)->608K(1024K)
[74.812s][info][gc,heap        ] GC(897) ParOldGen: 176717K(699392K)->176725K(699392K)
[74.812s][info][gc,metaspace   ] GC(897) Metaspace: 61506K(62464K)->61506K(62464K) NonClass: 53933K(54464K)->53933K(54464K) Class: 7573K(8000K)->7573K(8000K)
[74.812s][info][gc             ] GC(897) Pause Young (Allocation Failure) 311M->173M(850M) 0.855ms
[74.812s][info][gc,cpu         ] GC(897) User=0.00s Sys=0.00s Real=0.00s
[75.269s][info][gc,start       ] GC(898) Pause Young (Allocation Failure)
[75.270s][info][gc,heap        ] GC(898) PSYoungGen: 171104K(171520K)->672K(168448K) Eden: 170496K(170496K)->0K(167424K) From: 608K(1024K)->672K(1024K)
[75.270s][info][gc,heap        ] GC(898) ParOldGen: 176725K(699392K)->176789K(699392K)
[75.270s][info][gc,metaspace   ] GC(898) Metaspace: 61815K(62720K)->61815K(62720K) NonClass: 54181K(54656K)->54181K(54656K) Class: 7634K(8064K)->7634K(8064K)
[75.270s][info][gc             ] GC(898) Pause Young (Allocation Failure) 339M->173M(847M) 1.670ms
[75.270s][info][gc,cpu         ] GC(898) User=0.00s Sys=0.00s Real=0.00s
[75.298s][info][gc,heap,exit   ] Heap
[75.298s][info][gc,heap,exit   ]  PSYoungGen      total 168448K, used 6489K [0x00000000eab00000, 0x00000000f5900000, 0x0000000100000000)
[75.298s][info][gc,heap,exit   ]   eden space 167424K, 3% used [0x00000000eab00000,0x00000000eb0ae758,0x00000000f4e80000)
[75.298s][info][gc,heap,exit   ]   from space 1024K, 65% used [0x00000000f5780000,0x00000000f5828000,0x00000000f5880000)
[75.298s][info][gc,heap,exit   ]   to   space 512K, 0% used [0x00000000f5880000,0x00000000f5880000,0x00000000f5900000)
[75.298s][info][gc,heap,exit   ]  ParOldGen       total 699392K, used 176789K [0x00000000c0000000, 0x00000000eab00000, 0x00000000eab00000)
[75.298s][info][gc,heap,exit   ]   object space 699392K, 25% used [0x00000000c0000000,0x00000000caca5758,0x00000000eab00000)
[75.298s][info][gc,heap,exit   ]  Metaspace       used 61901K, committed 62848K, reserved 1114112K
[75.298s][info][gc,heap,exit   ]   class space    used 7652K, committed 8064K, reserved 1048576K
