[0.016s][info][gc,init] CardTable entry size: 512
[0.017s][info][gc     ] Using Parallel
[0.020s][info][gc,init] Version: 20+36-2344 (release)
[0.020s][info][gc,init] CPUs: 48 total, 48 available
[0.020s][info][gc,init] Memory: 382G
[0.020s][info][gc,init] Large Page Support: Disabled
[0.020s][info][gc,init] NUMA Support: Disabled
[0.020s][info][gc,init] Compressed Oops: Enabled (32-bit)
[0.020s][info][gc,init] Alignments: Space 512K, Generation 512K, Heap 2M
[0.020s][info][gc,init] Heap Min Capacity: 8M
[0.020s][info][gc,init] Heap Initial Capacity: 512M
[0.028s][info][gc,init] Heap Max Capacity: 512M
[0.028s][info][gc,init] Pre-touch: Disabled
[0.028s][info][gc,init] Parallel Workers: 33
[0.029s][info][gc,metaspace] CDS archive(s) mapped at: [0x0000000800000000-0x0000000800c60000-0x0000000800c60000), size 12976128, SharedBaseAddress: 0x0000000800000000, ArchiveRelocationMode: 0.
[0.030s][info][gc,metaspace] Compressed class space mapped at: 0x0000000801000000-0x0000000841000000, reserved size: 1073741824
[0.030s][info][gc,metaspace] Narrow klass base: 0x0000000800000000, Narrow klass shift: 0, Narrow klass range: 0x100000000
[10.289s][info][gc,start    ] GC(0) Pause Young (Metadata GC Threshold)
[10.301s][info][gc,heap     ] GC(0) PSYoungGen: 109634K(153088K)->18392K(153088K) Eden: 109634K(131584K)->0K(131584K) From: 0K(21504K)->18392K(21504K)
[10.301s][info][gc,heap     ] GC(0) ParOldGen: 0K(349696K)->24K(349696K)
[10.301s][info][gc,metaspace] GC(0) Metaspace: 21275K(21504K)->21275K(21504K) NonClass: 18556K(18688K)->18556K(18688K) Class: 2718K(2816K)->2718K(2816K)
[10.301s][info][gc          ] GC(0) Pause Young (Metadata GC Threshold) 107M->17M(491M) 12.128ms
[10.301s][info][gc,cpu      ] GC(0) User=0.16s Sys=0.02s Real=0.02s
[10.301s][info][gc,start    ] GC(1) Pause Full (Metadata GC Threshold)
[10.301s][info][gc,phases,start] GC(1) Marking Phase
[10.313s][info][gc,phases      ] GC(1) Marking Phase 11.371ms
[10.313s][info][gc,phases,start] GC(1) Summary Phase
[10.313s][info][gc,phases      ] GC(1) Summary Phase 0.036ms
[10.313s][info][gc,phases,start] GC(1) Adjust Roots
[10.317s][info][gc,phases      ] GC(1) Adjust Roots 4.494ms
[10.318s][info][gc,phases,start] GC(1) Compaction Phase
[10.329s][info][gc,phases      ] GC(1) Compaction Phase 11.116ms
[10.329s][info][gc,phases,start] GC(1) Post Compact
[10.331s][info][gc,phases      ] GC(1) Post Compact 2.447ms
[10.331s][info][gc,heap        ] GC(1) PSYoungGen: 18392K(153088K)->0K(153088K) Eden: 0K(131584K)->0K(131584K) From: 18392K(21504K)->0K(21504K)
[10.331s][info][gc,heap        ] GC(1) ParOldGen: 24K(349696K)->18045K(349696K)
[10.331s][info][gc,metaspace   ] GC(1) Metaspace: 21275K(21504K)->21275K(21504K) NonClass: 18556K(18688K)->18556K(18688K) Class: 2718K(2816K)->2718K(2816K)
[10.331s][info][gc             ] GC(1) Pause Full (Metadata GC Threshold) 17M->17M(491M) 29.897ms
[10.331s][info][gc,cpu         ] GC(1) User=0.28s Sys=0.06s Real=0.03s
[11.184s][info][gc,start       ] GC(2) Pause Young (Metadata GC Threshold)
[11.190s][info][gc,heap        ] GC(2) PSYoungGen: 69549K(153088K)->4622K(153088K) Eden: 69549K(131584K)->0K(131584K) From: 0K(21504K)->4622K(21504K)
[11.190s][info][gc,heap        ] GC(2) ParOldGen: 18045K(349696K)->18053K(349696K)
[11.190s][info][gc,metaspace   ] GC(2) Metaspace: 35446K(35840K)->35446K(35840K) NonClass: 30968K(31168K)->30968K(31168K) Class: 4478K(4672K)->4478K(4672K)
[11.190s][info][gc             ] GC(2) Pause Young (Metadata GC Threshold) 85M->22M(491M) 6.188ms
[11.190s][info][gc,cpu         ] GC(2) User=0.17s Sys=0.00s Real=0.02s
[11.190s][info][gc,start       ] GC(3) Pause Full (Metadata GC Threshold)
[11.190s][info][gc,phases,start] GC(3) Marking Phase
[11.207s][info][gc,phases      ] GC(3) Marking Phase 17.278ms
[11.208s][info][gc,phases,start] GC(3) Summary Phase
[11.208s][info][gc,phases      ] GC(3) Summary Phase 0.023ms
[11.208s][info][gc,phases,start] GC(3) Adjust Roots
[11.215s][info][gc,phases      ] GC(3) Adjust Roots 7.667ms
[11.215s][info][gc,phases,start] GC(3) Compaction Phase
[11.229s][info][gc,phases      ] GC(3) Compaction Phase 13.246ms
[11.229s][info][gc,phases,start] GC(3) Post Compact
[11.230s][info][gc,phases      ] GC(3) Post Compact 1.062ms
[11.230s][info][gc,heap        ] GC(3) PSYoungGen: 4622K(153088K)->0K(153088K) Eden: 0K(131584K)->0K(131584K) From: 4622K(21504K)->0K(21504K)
[11.230s][info][gc,heap        ] GC(3) ParOldGen: 18053K(349696K)->22211K(349696K)
[11.230s][info][gc,metaspace   ] GC(3) Metaspace: 35446K(35840K)->35446K(35840K) NonClass: 30968K(31168K)->30968K(31168K) Class: 4478K(4672K)->4478K(4672K)
[11.230s][info][gc             ] GC(3) Pause Full (Metadata GC Threshold) 22M->21M(491M) 39.634ms
[11.230s][info][gc,cpu         ] GC(3) User=0.17s Sys=0.02s Real=0.03s
[11.715s][info][gc,start       ] GC(4) Pause Young (Allocation Failure)
[11.721s][info][gc,heap        ] GC(4) PSYoungGen: 131584K(153088K)->9872K(153088K) Eden: 131584K(131584K)->0K(131584K) From: 0K(21504K)->9872K(21504K)
[11.721s][info][gc,heap        ] GC(4) ParOldGen: 22211K(349696K)->22219K(349696K)
[11.721s][info][gc,metaspace   ] GC(4) Metaspace: 42056K(42432K)->42056K(42432K) NonClass: 36786K(36992K)->36786K(36992K) Class: 5270K(5440K)->5270K(5440K)
[11.721s][info][gc             ] GC(4) Pause Young (Allocation Failure) 150M->31M(491M) 5.474ms
[11.721s][info][gc,cpu         ] GC(4) User=0.19s Sys=0.00s Real=0.02s
[11.826s][info][gc,start       ] GC(5) Pause Young (Allocation Failure)
[11.836s][info][gc,heap        ] GC(5) PSYoungGen: 141456K(153088K)->21488K(153088K) Eden: 131584K(131584K)->0K(131584K) From: 9872K(21504K)->21488K(21504K)
[11.837s][info][gc,heap        ] GC(5) ParOldGen: 22219K(349696K)->22235K(349696K)
[11.837s][info][gc,metaspace   ] GC(5) Metaspace: 42059K(42432K)->42059K(42432K) NonClass: 36788K(36992K)->36788K(36992K) Class: 5270K(5440K)->5270K(5440K)
[11.837s][info][gc             ] GC(5) Pause Young (Allocation Failure) 159M->42M(491M) 10.817ms
[11.837s][info][gc,cpu         ] GC(5) User=0.09s Sys=0.08s Real=0.02s
[11.959s][info][gc,start       ] GC(6) Pause Young (Allocation Failure)
[11.977s][info][gc,heap        ] GC(6) PSYoungGen: 153072K(153088K)->21488K(153088K) Eden: 131584K(131584K)->0K(131584K) From: 21488K(21504K)->21488K(21504K)
[11.977s][info][gc,heap        ] GC(6) ParOldGen: 22235K(349696K)->33883K(349696K)
[11.977s][info][gc,metaspace   ] GC(6) Metaspace: 42068K(42496K)->42068K(42496K) NonClass: 36795K(37056K)->36795K(37056K) Class: 5272K(5440K)->5272K(5440K)
[11.977s][info][gc             ] GC(6) Pause Young (Allocation Failure) 171M->54M(491M) 17.985ms
[11.978s][info][gc,cpu         ] GC(6) User=0.14s Sys=0.03s Real=0.02s
[12.075s][info][gc,start       ] GC(7) Pause Young (Allocation Failure)
[12.092s][info][gc,heap        ] GC(7) PSYoungGen: 153072K(153088K)->21488K(111104K) Eden: 131584K(131584K)->0K(89600K) From: 21488K(21504K)->21488K(21504K)
[12.092s][info][gc,heap        ] GC(7) ParOldGen: 33883K(349696K)->45691K(349696K)
[12.092s][info][gc,metaspace   ] GC(7) Metaspace: 42068K(42496K)->42068K(42496K) NonClass: 36795K(37056K)->36795K(37056K) Class: 5272K(5440K)->5272K(5440K)
[12.092s][info][gc             ] GC(7) Pause Young (Allocation Failure) 182M->65M(450M) 17.019ms
[12.092s][info][gc,cpu         ] GC(7) User=0.17s Sys=0.00s Real=0.02s
[12.159s][info][gc,start       ] GC(8) Pause Young (Allocation Failure)
[12.169s][info][gc,heap        ] GC(8) PSYoungGen: 111088K(111104K)->29648K(119296K) Eden: 89600K(89600K)->0K(89600K) From: 21488K(21504K)->29648K(29696K)
[12.169s][info][gc,heap        ] GC(8) ParOldGen: 45691K(349696K)->45699K(349696K)
[12.169s][info][gc,metaspace   ] GC(8) Metaspace: 42068K(42496K)->42068K(42496K) NonClass: 36795K(37056K)->36795K(37056K) Class: 5272K(5440K)->5272K(5440K)
[12.169s][info][gc             ] GC(8) Pause Young (Allocation Failure) 153M->73M(458M) 10.806ms
[12.169s][info][gc,cpu         ] GC(8) User=0.00s Sys=0.00s Real=0.00s
[12.246s][info][gc,start       ] GC(9) Pause Young (Allocation Failure)
[12.265s][info][gc,heap        ] GC(9) PSYoungGen: 119248K(119296K)->19808K(132608K) Eden: 89600K(89600K)->0K(88576K) From: 29648K(29696K)->19808K(44032K)
[12.265s][info][gc,heap        ] GC(9) ParOldGen: 45699K(349696K)->63652K(349696K)
[12.265s][info][gc,metaspace   ] GC(9) Metaspace: 42068K(42496K)->42068K(42496K) NonClass: 36795K(37056K)->36795K(37056K) Class: 5272K(5440K)->5272K(5440K)
[12.265s][info][gc             ] GC(9) Pause Young (Allocation Failure) 161M->81M(471M) 19.663ms
[12.265s][info][gc,cpu         ] GC(9) User=0.17s Sys=0.00s Real=0.02s
[12.335s][info][gc,start       ] GC(10) Pause Young (Allocation Failure)
[12.347s][info][gc,heap        ] GC(10) PSYoungGen: 108384K(132608K)->24160K(113152K) Eden: 88576K(88576K)->0K(88576K) From: 19808K(44032K)->24160K(24576K)
[12.347s][info][gc,heap        ] GC(10) ParOldGen: 63652K(349696K)->67356K(349696K)
[12.347s][info][gc,metaspace   ] GC(10) Metaspace: 42068K(42496K)->42068K(42496K) NonClass: 36795K(37056K)->36795K(37056K) Class: 5272K(5440K)->5272K(5440K)
[12.347s][info][gc             ] GC(10) Pause Young (Allocation Failure) 168M->89M(452M) 12.211ms
[12.347s][info][gc,cpu         ] GC(10) User=0.17s Sys=0.00s Real=0.02s
[12.413s][info][gc,start       ] GC(11) Pause Young (Allocation Failure)
[12.434s][info][gc,heap        ] GC(11) PSYoungGen: 112736K(113152K)->16032K(130560K) Eden: 88576K(88576K)->0K(89600K) From: 24160K(24576K)->16032K(40960K)
[12.434s][info][gc,heap        ] GC(11) ParOldGen: 67356K(349696K)->83444K(349696K)
[12.434s][info][gc,metaspace   ] GC(11) Metaspace: 42068K(42496K)->42068K(42496K) NonClass: 36795K(37056K)->36795K(37056K) Class: 5272K(5440K)->5272K(5440K)
[12.434s][info][gc             ] GC(11) Pause Young (Allocation Failure) 175M->97M(469M) 21.608ms
[12.434s][info][gc,cpu         ] GC(11) User=0.16s Sys=0.00s Real=0.02s
[12.514s][info][gc,start       ] GC(12) Pause Young (Allocation Failure)
[12.531s][info][gc,heap        ] GC(12) PSYoungGen: 105632K(130560K)->8160K(129536K) Eden: 89600K(89600K)->0K(89600K) From: 16032K(40960K)->8160K(39936K)
[12.531s][info][gc,heap        ] GC(12) ParOldGen: 83444K(349696K)->99372K(349696K)
[12.531s][info][gc,metaspace   ] GC(12) Metaspace: 42068K(42496K)->42068K(42496K) NonClass: 36795K(37056K)->36795K(37056K) Class: 5272K(5440K)->5272K(5440K)
[12.531s][info][gc             ] GC(12) Pause Young (Allocation Failure) 184M->105M(468M) 17.414ms
[12.531s][info][gc,cpu         ] GC(12) User=0.31s Sys=0.03s Real=0.03s
[12.598s][info][gc,start       ] GC(13) Pause Young (Allocation Failure)
[12.608s][info][gc,heap        ] GC(13) PSYoungGen: 97760K(129536K)->8288K(133632K) Eden: 89600K(89600K)->0K(93696K) From: 8160K(39936K)->8288K(39936K)
[12.608s][info][gc,heap        ] GC(13) ParOldGen: 99372K(349696K)->107452K(349696K)
[12.608s][info][gc,metaspace   ] GC(13) Metaspace: 42068K(42496K)->42068K(42496K) NonClass: 36795K(37056K)->36795K(37056K) Class: 5272K(5440K)->5272K(5440K)
[12.608s][info][gc             ] GC(13) Pause Young (Allocation Failure) 192M->113M(472M) 10.487ms
[12.608s][info][gc,cpu         ] GC(13) User=0.17s Sys=0.00s Real=0.00s
[12.678s][info][gc,start       ] GC(14) Pause Young (Allocation Failure)
[12.688s][info][gc,heap        ] GC(14) PSYoungGen: 101984K(133632K)->8576K(133632K) Eden: 93696K(93696K)->0K(93696K) From: 8288K(39936K)->8576K(39936K)
[12.688s][info][gc,heap        ] GC(14) ParOldGen: 107452K(349696K)->115516K(349696K)
[12.688s][info][gc,metaspace   ] GC(14) Metaspace: 42068K(42496K)->42068K(42496K) NonClass: 36795K(37056K)->36795K(37056K) Class: 5272K(5440K)->5272K(5440K)
[12.688s][info][gc             ] GC(14) Pause Young (Allocation Failure) 204M->121M(472M) 10.520ms
[12.688s][info][gc,cpu         ] GC(14) User=0.17s Sys=0.00s Real=0.02s
[13.346s][info][gc,start       ] GC(15) Pause Young (System.gc())
[13.356s][info][gc,heap        ] GC(15) PSYoungGen: 59724K(133632K)->2720K(133632K) Eden: 51148K(93696K)->0K(94208K) From: 8576K(39936K)->2720K(39424K)
[13.356s][info][gc,heap        ] GC(15) ParOldGen: 115516K(349696K)->123932K(349696K)
[13.356s][info][gc,metaspace   ] GC(15) Metaspace: 47956K(48448K)->47956K(48448K) NonClass: 41863K(42176K)->41863K(42176K) Class: 6093K(6272K)->6093K(6272K)
[13.356s][info][gc             ] GC(15) Pause Young (System.gc()) 171M->123M(472M) 9.767ms
[13.356s][info][gc,cpu         ] GC(15) User=0.00s Sys=0.00s Real=0.00s
[13.356s][info][gc,start       ] GC(16) Pause Full (System.gc())
[13.356s][info][gc,phases,start] GC(16) Marking Phase
[13.378s][info][gc,phases      ] GC(16) Marking Phase 22.059ms
[13.378s][info][gc,phases,start] GC(16) Summary Phase
[13.378s][info][gc,phases      ] GC(16) Summary Phase 0.030ms
[13.378s][info][gc,phases,start] GC(16) Adjust Roots
[13.384s][info][gc,phases      ] GC(16) Adjust Roots 5.758ms
[13.384s][info][gc,phases,start] GC(16) Compaction Phase
[13.398s][info][gc,phases      ] GC(16) Compaction Phase 13.926ms
[13.398s][info][gc,phases,start] GC(16) Post Compact
[13.402s][info][gc,phases      ] GC(16) Post Compact 3.945ms
[13.402s][info][gc,heap        ] GC(16) PSYoungGen: 2720K(133632K)->0K(133632K) Eden: 0K(94208K)->0K(94208K) From: 2720K(39424K)->0K(39424K)
[13.402s][info][gc,heap        ] GC(16) ParOldGen: 123932K(349696K)->24379K(349696K)
[13.402s][info][gc,metaspace   ] GC(16) Metaspace: 47956K(48448K)->47956K(48448K) NonClass: 41863K(42176K)->41863K(42176K) Class: 6093K(6272K)->6093K(6272K)
[13.402s][info][gc             ] GC(16) Pause Full (System.gc()) 123M->23M(472M) 46.114ms
[13.402s][info][gc,cpu         ] GC(16) User=0.34s Sys=0.00s Real=0.05s
[14.018s][info][gc,start       ] GC(17) Pause Young (Allocation Failure)
[14.022s][info][gc,heap        ] GC(17) PSYoungGen: 94208K(133632K)->5920K(134144K) Eden: 94208K(94208K)->0K(94208K) From: 0K(39424K)->5920K(39936K)
[14.022s][info][gc,heap        ] GC(17) ParOldGen: 24379K(349696K)->24387K(349696K)
[14.022s][info][gc,metaspace   ] GC(17) Metaspace: 53801K(54464K)->53801K(54464K) NonClass: 46978K(47360K)->46978K(47360K) Class: 6822K(7104K)->6822K(7104K)
[14.022s][info][gc             ] GC(17) Pause Young (Allocation Failure) 115M->29M(472M) 3.942ms
[14.022s][info][gc,cpu         ] GC(17) User=0.09s Sys=0.02s Real=0.02s
[14.112s][info][gc,start       ] GC(18) Pause Young (Allocation Failure)
[14.123s][info][gc,heap        ] GC(18) PSYoungGen: 100128K(134144K)->8224K(131584K) Eden: 94208K(94208K)->0K(95232K) From: 5920K(39936K)->8224K(36352K)
[14.123s][info][gc,heap        ] GC(18) ParOldGen: 24387K(349696K)->29918K(349696K)
[14.123s][info][gc,metaspace   ] GC(18) Metaspace: 53835K(54528K)->53835K(54528K) NonClass: 47012K(47424K)->47012K(47424K) Class: 6822K(7104K)->6822K(7104K)
[14.123s][info][gc             ] GC(18) Pause Young (Allocation Failure) 121M->37M(470M) 11.356ms
[14.123s][info][gc,cpu         ] GC(18) User=0.19s Sys=0.00s Real=0.02s
[14.183s][info][gc,start       ] GC(19) Pause Young (Allocation Failure)
[14.204s][info][gc,heap        ] GC(19) PSYoungGen: 103456K(131584K)->9056K(133120K) Eden: 95232K(95232K)->0K(95232K) From: 8224K(36352K)->9056K(37888K)
[14.204s][info][gc,heap        ] GC(19) ParOldGen: 29918K(349696K)->37542K(349696K)
[14.204s][info][gc,metaspace   ] GC(19) Metaspace: 53841K(54528K)->53841K(54528K) NonClass: 47018K(47424K)->47018K(47424K) Class: 6822K(7104K)->6822K(7104K)
[14.204s][info][gc             ] GC(19) Pause Young (Allocation Failure) 130M->45M(471M) 20.589ms
[14.204s][info][gc,cpu         ] GC(19) User=0.05s Sys=0.00s Real=0.02s
[14.261s][info][gc,start       ] GC(20) Pause Young (Allocation Failure)
[14.283s][info][gc,heap        ] GC(20) PSYoungGen: 104288K(133120K)->10048K(132096K) Eden: 95232K(95232K)->0K(99840K) From: 9056K(37888K)->10048K(32256K)
[14.283s][info][gc,heap        ] GC(20) ParOldGen: 37542K(349696K)->45430K(349696K)
[14.283s][info][gc,metaspace   ] GC(20) Metaspace: 53863K(54528K)->53863K(54528K) NonClass: 47040K(47424K)->47040K(47424K) Class: 6822K(7104K)->6822K(7104K)
[14.283s][info][gc             ] GC(20) Pause Young (Allocation Failure) 138M->54M(470M) 22.372ms
[14.283s][info][gc,cpu         ] GC(20) User=0.03s Sys=0.00s Real=0.02s
[14.347s][info][gc,start       ] GC(21) Pause Young (Allocation Failure)
[14.366s][info][gc,heap        ] GC(21) PSYoungGen: 109888K(132096K)->8736K(134656K) Eden: 99840K(99840K)->0K(99840K) From: 10048K(32256K)->8736K(34816K)
[14.367s][info][gc,heap        ] GC(21) ParOldGen: 45430K(349696K)->55326K(349696K)
[14.367s][info][gc,metaspace   ] GC(21) Metaspace: 53864K(54528K)->53864K(54528K) NonClass: 47041K(47424K)->47041K(47424K) Class: 6822K(7104K)->6822K(7104K)
[14.367s][info][gc             ] GC(21) Pause Young (Allocation Failure) 151M->62M(473M) 19.286ms
[14.367s][info][gc,cpu         ] GC(21) User=0.20s Sys=0.00s Real=0.03s
[14.431s][info][gc,start       ] GC(22) Pause Young (Allocation Failure)
[14.482s][info][gc,heap        ] GC(22) PSYoungGen: 108576K(134656K)->8768K(135680K) Eden: 99840K(99840K)->0K(105984K) From: 8736K(34816K)->8768K(29696K)
[14.482s][info][gc,heap        ] GC(22) ParOldGen: 55326K(349696K)->63950K(349696K)
[14.482s][info][gc,metaspace   ] GC(22) Metaspace: 53864K(54528K)->53864K(54528K) NonClass: 47042K(47424K)->47042K(47424K) Class: 6822K(7104K)->6822K(7104K)
[14.482s][info][gc             ] GC(22) Pause Young (Allocation Failure) 160M->71M(474M) 51.447ms
[14.482s][info][gc,cpu         ] GC(22) User=0.69s Sys=0.00s Real=0.06s
[14.551s][info][gc,start       ] GC(23) Pause Young (Allocation Failure)
[14.572s][info][gc,heap        ] GC(23) PSYoungGen: 114752K(135680K)->12832K(138240K) Eden: 105984K(105984K)->0K(105984K) From: 8768K(29696K)->12832K(32256K)
[14.572s][info][gc,heap        ] GC(23) ParOldGen: 63950K(349696K)->72606K(349696K)
[14.572s][info][gc,metaspace   ] GC(23) Metaspace: 53864K(54528K)->53864K(54528K) NonClass: 47042K(47424K)->47042K(47424K) Class: 6822K(7104K)->6822K(7104K)
[14.573s][info][gc             ] GC(23) Pause Young (Allocation Failure) 174M->83M(476M) 21.534ms
[14.573s][info][gc,cpu         ] GC(23) User=0.17s Sys=0.00s Real=0.02s
[14.646s][info][gc,start       ] GC(24) Pause Young (Allocation Failure)
[14.670s][info][gc,heap        ] GC(24) PSYoungGen: 118816K(138240K)->9248K(138240K) Eden: 105984K(105984K)->0K(111616K) From: 12832K(32256K)->9248K(26624K)
[14.670s][info][gc,heap        ] GC(24) ParOldGen: 72606K(349696K)->85311K(349696K)
[14.670s][info][gc,metaspace   ] GC(24) Metaspace: 53864K(54528K)->53864K(54528K) NonClass: 47042K(47424K)->47042K(47424K) Class: 6822K(7104K)->6822K(7104K)
[14.670s][info][gc             ] GC(24) Pause Young (Allocation Failure) 186M->92M(476M) 24.464ms
[14.670s][info][gc,cpu         ] GC(24) User=0.08s Sys=0.00s Real=0.03s
[14.739s][info][gc,start       ] GC(25) Pause Young (Allocation Failure)
[14.794s][info][gc,heap        ] GC(25) PSYoungGen: 120499K(138240K)->9536K(140800K) Eden: 111251K(111616K)->0K(111616K) From: 9248K(26624K)->9536K(29184K)
[14.794s][info][gc,heap        ] GC(25) ParOldGen: 85311K(349696K)->94471K(349696K)
[14.794s][info][gc,metaspace   ] GC(25) Metaspace: 53882K(54528K)->53882K(54528K) NonClass: 47059K(47424K)->47059K(47424K) Class: 6822K(7104K)->6822K(7104K)
[14.794s][info][gc             ] GC(25) Pause Young (Allocation Failure) 200M->101M(479M) 55.281ms
[14.794s][info][gc,cpu         ] GC(25) User=0.98s Sys=0.00s Real=0.06s
[15.130s][info][gc,start       ] GC(26) Pause Young (Allocation Failure)
[15.140s][info][gc,heap        ] GC(26) PSYoungGen: 121152K(140800K)->13197K(142336K) Eden: 111616K(111616K)->0K(117248K) From: 9536K(29184K)->13197K(25088K)
[15.141s][info][gc,heap        ] GC(26) ParOldGen: 94471K(349696K)->103911K(349696K)
[15.141s][info][gc,metaspace   ] GC(26) Metaspace: 55775K(56576K)->55775K(56576K) NonClass: 48647K(49088K)->48647K(49088K) Class: 7127K(7488K)->7127K(7488K)
[15.141s][info][gc             ] GC(26) Pause Young (Allocation Failure) 210M->114M(480M) 11.002ms
[15.141s][info][gc,cpu         ] GC(26) User=0.00s Sys=0.00s Real=0.00s
[15.189s][info][gc,start       ] GC(27) Pause Young (Allocation Failure)
[15.196s][info][gc,heap        ] GC(27) PSYoungGen: 130445K(142336K)->4288K(144384K) Eden: 117248K(117248K)->0K(117248K) From: 13197K(25088K)->4288K(27136K)
[15.196s][info][gc,heap        ] GC(27) ParOldGen: 103911K(349696K)->116837K(349696K)
[15.196s][info][gc,metaspace   ] GC(27) Metaspace: 55782K(56640K)->55782K(56640K) NonClass: 48654K(49152K)->48654K(49152K) Class: 7127K(7488K)->7127K(7488K)
[15.196s][info][gc             ] GC(27) Pause Young (Allocation Failure) 228M->118M(482M) 7.075ms
[15.196s][info][gc,cpu         ] GC(27) User=0.22s Sys=0.00s Real=0.02s
[15.239s][info][gc,start       ] GC(28) Pause Young (Allocation Failure)
[15.251s][info][gc,heap        ] GC(28) PSYoungGen: 121536K(144384K)->4992K(146944K) Eden: 117248K(117248K)->0K(120832K) From: 4288K(27136K)->4992K(26112K)
[15.251s][info][gc,heap        ] GC(28) ParOldGen: 116837K(349696K)->121029K(349696K)
[15.251s][info][gc,metaspace   ] GC(28) Metaspace: 55782K(56640K)->55782K(56640K) NonClass: 48654K(49152K)->48654K(49152K) Class: 7127K(7488K)->7127K(7488K)
[15.251s][info][gc             ] GC(28) Pause Young (Allocation Failure) 232M->123M(485M) 12.735ms
[15.251s][info][gc,cpu         ] GC(28) User=0.19s Sys=0.00s Real=0.02s
[15.294s][info][gc,start       ] GC(29) Pause Young (Allocation Failure)
[15.306s][info][gc,heap        ] GC(29) PSYoungGen: 125824K(146944K)->4128K(147456K) Eden: 120832K(120832K)->0K(120832K) From: 4992K(26112K)->4128K(26624K)
[15.306s][info][gc,heap        ] GC(29) ParOldGen: 121029K(349696K)->125837K(349696K)
[15.306s][info][gc,metaspace   ] GC(29) Metaspace: 55782K(56640K)->55782K(56640K) NonClass: 48654K(49152K)->48654K(49152K) Class: 7127K(7488K)->7127K(7488K)
[15.306s][info][gc             ] GC(29) Pause Young (Allocation Failure) 241M->126M(485M) 12.255ms
[15.306s][info][gc,cpu         ] GC(29) User=0.09s Sys=0.00s Real=0.01s
[15.344s][info][gc,start       ] GC(30) Pause Young (Allocation Failure)
[15.354s][info][gc,heap        ] GC(30) PSYoungGen: 124960K(147456K)->4896K(145920K) Eden: 120832K(120832K)->0K(121856K) From: 4128K(26624K)->4896K(24064K)
[15.354s][info][gc,heap        ] GC(30) ParOldGen: 125837K(349696K)->129725K(349696K)
[15.354s][info][gc,metaspace   ] GC(30) Metaspace: 55784K(56640K)->55784K(56640K) NonClass: 48656K(49152K)->48656K(49152K) Class: 7128K(7488K)->7128K(7488K)
[15.354s][info][gc             ] GC(30) Pause Young (Allocation Failure) 244M->131M(484M) 9.425ms
[15.354s][info][gc,cpu         ] GC(30) User=0.17s Sys=0.02s Real=0.01s
[15.393s][info][gc,start       ] GC(31) Pause Young (Allocation Failure)
[15.422s][info][gc,heap        ] GC(31) PSYoungGen: 126752K(145920K)->3904K(146944K) Eden: 121856K(121856K)->0K(121856K) From: 4896K(24064K)->3904K(25088K)
[15.422s][info][gc,heap        ] GC(31) ParOldGen: 129725K(349696K)->134509K(349696K)
[15.422s][info][gc,metaspace   ] GC(31) Metaspace: 55792K(56640K)->55792K(56640K) NonClass: 48661K(49152K)->48661K(49152K) Class: 7130K(7488K)->7130K(7488K)
[15.422s][info][gc             ] GC(31) Pause Young (Allocation Failure) 250M->135M(485M) 28.986ms
[15.422s][info][gc,cpu         ] GC(31) User=0.34s Sys=0.00s Real=0.03s
[15.456s][info][gc,start       ] GC(32) Pause Young (Allocation Failure)
[15.466s][info][gc,heap        ] GC(32) PSYoungGen: 125760K(146944K)->6304K(146944K) Eden: 121856K(121856K)->0K(124928K) From: 3904K(25088K)->6304K(22016K)
[15.466s][info][gc,heap        ] GC(32) ParOldGen: 134509K(349696K)->138293K(349696K)
[15.466s][info][gc,metaspace   ] GC(32) Metaspace: 55792K(56640K)->55792K(56640K) NonClass: 48661K(49152K)->48661K(49152K) Class: 7130K(7488K)->7130K(7488K)
[15.466s][info][gc             ] GC(32) Pause Young (Allocation Failure) 254M->141M(485M) 9.952ms
[15.466s][info][gc,cpu         ] GC(32) User=0.17s Sys=0.00s Real=0.02s
[15.500s][info][gc,start       ] GC(33) Pause Young (Allocation Failure)
[15.512s][info][gc,heap        ] GC(33) PSYoungGen: 131232K(146944K)->4704K(148480K) Eden: 124928K(124928K)->0K(124928K) From: 6304K(22016K)->4704K(23552K)
[15.512s][info][gc,heap        ] GC(33) ParOldGen: 138293K(349696K)->144437K(349696K)
[15.512s][info][gc,metaspace   ] GC(33) Metaspace: 55792K(56640K)->55792K(56640K) NonClass: 48661K(49152K)->48661K(49152K) Class: 7130K(7488K)->7130K(7488K)
[15.512s][info][gc             ] GC(33) Pause Young (Allocation Failure) 263M->145M(486M) 11.209ms
[15.512s][info][gc,cpu         ] GC(33) User=0.17s Sys=0.00s Real=0.02s
[15.551s][info][gc,start       ] GC(34) Pause Young (Allocation Failure)
[15.581s][info][gc,heap        ] GC(34) PSYoungGen: 129632K(148480K)->4352K(148480K) Eden: 124928K(124928K)->0K(128000K) From: 4704K(23552K)->4352K(20480K)
[15.581s][info][gc,heap        ] GC(34) ParOldGen: 144437K(349696K)->149085K(349696K)
[15.581s][info][gc,metaspace   ] GC(34) Metaspace: 55792K(56640K)->55792K(56640K) NonClass: 48661K(49152K)->48661K(49152K) Class: 7130K(7488K)->7130K(7488K)
[15.581s][info][gc             ] GC(34) Pause Young (Allocation Failure) 267M->149M(486M) 30.105ms
[15.581s][info][gc,cpu         ] GC(34) User=0.36s Sys=0.02s Real=0.03s
[15.616s][info][gc,start       ] GC(35) Pause Young (Allocation Failure)
[15.647s][info][gc,heap        ] GC(35) PSYoungGen: 132352K(148480K)->5056K(150016K) Eden: 128000K(128000K)->0K(128000K) From: 4352K(20480K)->5056K(22016K)
[15.647s][info][gc,heap        ] GC(35) ParOldGen: 149085K(349696K)->153309K(349696K)
[15.647s][info][gc,metaspace   ] GC(35) Metaspace: 55792K(56640K)->55792K(56640K) NonClass: 48661K(49152K)->48661K(49152K) Class: 7130K(7488K)->7130K(7488K)
[15.647s][info][gc             ] GC(35) Pause Young (Allocation Failure) 274M->154M(488M) 31.483ms
[15.647s][info][gc,cpu         ] GC(35) User=0.36s Sys=0.02s Real=0.03s
[15.709s][info][gc,start       ] GC(36) Pause Young (Allocation Failure)
[15.728s][info][gc,heap        ] GC(36) PSYoungGen: 133056K(150016K)->288K(152064K) Eden: 128000K(128000K)->0K(131584K) From: 5056K(22016K)->288K(20480K)
[15.728s][info][gc,heap        ] GC(36) ParOldGen: 153309K(349696K)->158125K(349696K)
[15.728s][info][gc,metaspace   ] GC(36) Metaspace: 55965K(56704K)->55965K(56704K) NonClass: 48819K(49216K)->48819K(49216K) Class: 7146K(7488K)->7146K(7488K)
[15.728s][info][gc             ] GC(36) Pause Young (Allocation Failure) 279M->154M(490M) 18.473ms
[15.728s][info][gc,cpu         ] GC(36) User=0.16s Sys=0.02s Real=0.02s
[15.765s][info][gc,start       ] GC(37) Pause Young (Allocation Failure)
[15.767s][info][gc,heap        ] GC(37) PSYoungGen: 131872K(152064K)->160K(152576K) Eden: 131584K(131584K)->0K(131584K) From: 288K(20480K)->160K(20992K)
[15.767s][info][gc,heap        ] GC(37) ParOldGen: 158125K(349696K)->158229K(349696K)
[15.767s][info][gc,metaspace   ] GC(37) Metaspace: 55965K(56704K)->55965K(56704K) NonClass: 48819K(49216K)->48819K(49216K) Class: 7146K(7488K)->7146K(7488K)
[15.767s][info][gc             ] GC(37) Pause Young (Allocation Failure) 283M->154M(490M) 1.760ms
[15.767s][info][gc,cpu         ] GC(37) User=0.00s Sys=0.00s Real=0.00s
[15.804s][info][gc,start       ] GC(38) Pause Young (Allocation Failure)
[15.805s][info][gc,heap        ] GC(38) PSYoungGen: 131744K(152576K)->192K(152576K) Eden: 131584K(131584K)->0K(132608K) From: 160K(20992K)->192K(19968K)
[15.805s][info][gc,heap        ] GC(38) ParOldGen: 158229K(349696K)->158245K(349696K)
[15.805s][info][gc,metaspace   ] GC(38) Metaspace: 55965K(56704K)->55965K(56704K) NonClass: 48819K(49216K)->48819K(49216K) Class: 7146K(7488K)->7146K(7488K)
[15.805s][info][gc             ] GC(38) Pause Young (Allocation Failure) 283M->154M(490M) 1.867ms
[15.805s][info][gc,cpu         ] GC(38) User=0.00s Sys=0.00s Real=0.00s
[15.851s][info][gc,start       ] GC(39) Pause Young (Allocation Failure)
[15.853s][info][gc,heap        ] GC(39) PSYoungGen: 132800K(152576K)->224K(153088K) Eden: 132608K(132608K)->0K(132608K) From: 192K(19968K)->224K(20480K)
[15.853s][info][gc,heap        ] GC(39) ParOldGen: 158245K(349696K)->158253K(349696K)
[15.853s][info][gc,metaspace   ] GC(39) Metaspace: 55965K(56704K)->55965K(56704K) NonClass: 48819K(49216K)->48819K(49216K) Class: 7146K(7488K)->7146K(7488K)
[15.853s][info][gc             ] GC(39) Pause Young (Allocation Failure) 284M->154M(491M) 2.210ms
[15.853s][info][gc,cpu         ] GC(39) User=0.00s Sys=0.00s Real=0.00s
[15.894s][info][gc,start       ] GC(40) Pause Young (Allocation Failure)
[15.896s][info][gc,heap        ] GC(40) PSYoungGen: 132832K(153088K)->128K(153088K) Eden: 132608K(132608K)->0K(134144K) From: 224K(20480K)->128K(18944K)
[15.896s][info][gc,heap        ] GC(40) ParOldGen: 158253K(349696K)->158261K(349696K)
[15.896s][info][gc,metaspace   ] GC(40) Metaspace: 55965K(56704K)->55965K(56704K) NonClass: 48819K(49216K)->48819K(49216K) Class: 7146K(7488K)->7146K(7488K)
[15.896s][info][gc             ] GC(40) Pause Young (Allocation Failure) 284M->154M(491M) 1.376ms
[15.896s][info][gc,cpu         ] GC(40) User=0.00s Sys=0.00s Real=0.00s
[15.937s][info][gc,start       ] GC(41) Pause Young (Allocation Failure)
[15.939s][info][gc,heap        ] GC(41) PSYoungGen: 134272K(153088K)->256K(153600K) Eden: 134144K(134144K)->0K(134144K) From: 128K(18944K)->256K(19456K)
[15.939s][info][gc,heap        ] GC(41) ParOldGen: 158261K(349696K)->158277K(349696K)
[15.939s][info][gc,metaspace   ] GC(41) Metaspace: 55965K(56704K)->55965K(56704K) NonClass: 48819K(49216K)->48819K(49216K) Class: 7146K(7488K)->7146K(7488K)
[15.939s][info][gc             ] GC(41) Pause Young (Allocation Failure) 285M->154M(491M) 2.174ms
[15.939s][info][gc,cpu         ] GC(41) User=0.00s Sys=0.00s Real=0.00s
[15.982s][info][gc,start       ] GC(42) Pause Young (Allocation Failure)
[15.983s][info][gc,heap        ] GC(42) PSYoungGen: 134400K(153600K)->224K(154624K) Eden: 134144K(134144K)->0K(136704K) From: 256K(19456K)->224K(17920K)
[15.983s][info][gc,heap        ] GC(42) ParOldGen: 158277K(349696K)->158293K(349696K)
[15.983s][info][gc,metaspace   ] GC(42) Metaspace: 55965K(56704K)->55965K(56704K) NonClass: 48819K(49216K)->48819K(49216K) Class: 7146K(7488K)->7146K(7488K)
[15.983s][info][gc             ] GC(42) Pause Young (Allocation Failure) 285M->154M(492M) 1.121ms
[15.983s][info][gc,cpu         ] GC(42) User=0.00s Sys=0.00s Real=0.00s
[16.041s][info][gc,start       ] GC(43) Pause Young (Allocation Failure)
[16.044s][info][gc,heap        ] GC(43) PSYoungGen: 136928K(154624K)->288K(154624K) Eden: 136704K(136704K)->0K(136704K) From: 224K(17920K)->288K(17920K)
[16.044s][info][gc,heap        ] GC(43) ParOldGen: 158293K(349696K)->158301K(349696K)
[16.044s][info][gc,metaspace   ] GC(43) Metaspace: 56291K(57152K)->56291K(57152K) NonClass: 49094K(49600K)->49094K(49600K) Class: 7196K(7552K)->7196K(7552K)
[16.044s][info][gc             ] GC(43) Pause Young (Allocation Failure) 288M->154M(492M) 2.372ms
[16.044s][info][gc,cpu         ] GC(43) User=0.05s Sys=0.00s Real=0.01s
[16.113s][info][gc,start       ] GC(44) Pause Young (Allocation Failure)
[16.115s][info][gc,heap        ] GC(44) PSYoungGen: 136992K(154624K)->128K(156160K) Eden: 136704K(136704K)->0K(139264K) From: 288K(17920K)->128K(16896K)
[16.115s][info][gc,heap        ] GC(44) ParOldGen: 158301K(349696K)->158429K(349696K)
[16.115s][info][gc,metaspace   ] GC(44) Metaspace: 56291K(57152K)->56291K(57152K) NonClass: 49094K(49600K)->49094K(49600K) Class: 7196K(7552K)->7196K(7552K)
[16.116s][info][gc             ] GC(44) Pause Young (Allocation Failure) 288M->154M(494M) 2.235ms
[16.116s][info][gc,cpu         ] GC(44) User=0.00s Sys=0.00s Real=0.00s
[16.207s][info][gc,start       ] GC(45) Pause Young (Allocation Failure)
[16.210s][info][gc,heap        ] GC(45) PSYoungGen: 139392K(156160K)->224K(155648K) Eden: 139264K(139264K)->0K(139264K) From: 128K(16896K)->224K(16384K)
[16.210s][info][gc,heap        ] GC(45) ParOldGen: 158429K(349696K)->158445K(349696K)
[16.210s][info][gc,metaspace   ] GC(45) Metaspace: 56291K(57152K)->56291K(57152K) NonClass: 49094K(49600K)->49094K(49600K) Class: 7196K(7552K)->7196K(7552K)
[16.210s][info][gc             ] GC(45) Pause Young (Allocation Failure) 290M->154M(493M) 2.208ms
[16.210s][info][gc,cpu         ] GC(45) User=0.00s Sys=0.00s Real=0.00s
[16.302s][info][gc,start       ] GC(46) Pause Young (Allocation Failure)
[16.304s][info][gc,heap        ] GC(46) PSYoungGen: 139488K(155648K)->160K(157184K) Eden: 139264K(139264K)->0K(141824K) From: 224K(16384K)->160K(15360K)
[16.304s][info][gc,heap        ] GC(46) ParOldGen: 158445K(349696K)->158445K(349696K)
[16.305s][info][gc,metaspace   ] GC(46) Metaspace: 56291K(57152K)->56291K(57152K) NonClass: 49094K(49600K)->49094K(49600K) Class: 7196K(7552K)->7196K(7552K)
[16.305s][info][gc             ] GC(46) Pause Young (Allocation Failure) 290M->154M(495M) 2.375ms
[16.305s][info][gc,cpu         ] GC(46) User=0.00s Sys=0.00s Real=0.00s
[16.395s][info][gc,start       ] GC(47) Pause Young (Allocation Failure)
[16.397s][info][gc,heap        ] GC(47) PSYoungGen: 141984K(157184K)->192K(156672K) Eden: 141824K(141824K)->0K(141824K) From: 160K(15360K)->192K(14848K)
[16.397s][info][gc,heap        ] GC(47) ParOldGen: 158445K(349696K)->158461K(349696K)
[16.397s][info][gc,metaspace   ] GC(47) Metaspace: 56291K(57152K)->56291K(57152K) NonClass: 49094K(49600K)->49094K(49600K) Class: 7196K(7552K)->7196K(7552K)
[16.397s][info][gc             ] GC(47) Pause Young (Allocation Failure) 293M->154M(494M) 2.207ms
[16.397s][info][gc,cpu         ] GC(47) User=0.00s Sys=0.00s Real=0.00s
[16.472s][info][gc,start       ] GC(48) Pause Young (Allocation Failure)
[16.474s][info][gc,heap        ] GC(48) PSYoungGen: 142016K(156672K)->192K(158720K) Eden: 141824K(141824K)->0K(144896K) From: 192K(14848K)->192K(13824K)
[16.474s][info][gc,heap        ] GC(48) ParOldGen: 158461K(349696K)->158461K(349696K)
[16.474s][info][gc,metaspace   ] GC(48) Metaspace: 56291K(57152K)->56291K(57152K) NonClass: 49094K(49600K)->49094K(49600K) Class: 7196K(7552K)->7196K(7552K)
[16.474s][info][gc             ] GC(48) Pause Young (Allocation Failure) 293M->154M(496M) 2.165ms
[16.474s][info][gc,cpu         ] GC(48) User=0.00s Sys=0.00s Real=0.00s
[16.549s][info][gc,start       ] GC(49) Pause Young (Allocation Failure)
[16.551s][info][gc,heap        ] GC(49) PSYoungGen: 145088K(158720K)->224K(158208K) Eden: 144896K(144896K)->0K(144896K) From: 192K(13824K)->224K(13312K)
[16.551s][info][gc,heap        ] GC(49) ParOldGen: 158461K(349696K)->158477K(349696K)
[16.552s][info][gc,metaspace   ] GC(49) Metaspace: 56291K(57152K)->56291K(57152K) NonClass: 49094K(49600K)->49094K(49600K) Class: 7196K(7552K)->7196K(7552K)
[16.552s][info][gc             ] GC(49) Pause Young (Allocation Failure) 296M->154M(496M) 2.154ms
[16.552s][info][gc,cpu         ] GC(49) User=0.00s Sys=0.00s Real=0.00s
[16.644s][info][gc,start       ] GC(50) Pause Young (Allocation Failure)
[16.646s][info][gc,heap        ] GC(50) PSYoungGen: 145120K(158208K)->192K(160256K) Eden: 144896K(144896K)->0K(147968K) From: 224K(13312K)->192K(12288K)
[16.646s][info][gc,heap        ] GC(50) ParOldGen: 158477K(349696K)->158485K(349696K)
[16.646s][info][gc,metaspace   ] GC(50) Metaspace: 56291K(57152K)->56291K(57152K) NonClass: 49094K(49600K)->49094K(49600K) Class: 7196K(7552K)->7196K(7552K)
[16.646s][info][gc             ] GC(50) Pause Young (Allocation Failure) 296M->154M(498M) 2.195ms
[16.646s][info][gc,cpu         ] GC(50) User=0.00s Sys=0.00s Real=0.00s
[16.844s][info][gc,start       ] GC(51) Pause Young (System.gc())
[16.846s][info][gc,heap        ] GC(51) PSYoungGen: 59043K(160256K)->640K(159744K) Eden: 58851K(147968K)->0K(147968K) From: 192K(12288K)->640K(11776K)
[16.846s][info][gc,heap        ] GC(51) ParOldGen: 158485K(349696K)->158501K(349696K)
[16.846s][info][gc,metaspace   ] GC(51) Metaspace: 58108K(59008K)->58108K(59008K) NonClass: 50700K(51200K)->50700K(51200K) Class: 7407K(7808K)->7407K(7808K)
[16.846s][info][gc             ] GC(51) Pause Young (System.gc()) 212M->155M(497M) 2.407ms
[16.846s][info][gc,cpu         ] GC(51) User=0.00s Sys=0.00s Real=0.00s
[16.846s][info][gc,start       ] GC(52) Pause Full (System.gc())
[16.846s][info][gc,phases,start] GC(52) Marking Phase
[16.942s][info][gc,phases      ] GC(52) Marking Phase 95.988ms
[16.942s][info][gc,phases,start] GC(52) Summary Phase
[16.942s][info][gc,phases      ] GC(52) Summary Phase 0.020ms
[16.942s][info][gc,phases,start] GC(52) Adjust Roots
[16.952s][info][gc,phases      ] GC(52) Adjust Roots 10.119ms
[16.952s][info][gc,phases,start] GC(52) Compaction Phase
[17.037s][info][gc,phases      ] GC(52) Compaction Phase 85.133ms
[17.037s][info][gc,phases,start] GC(52) Post Compact
[17.040s][info][gc,phases      ] GC(52) Post Compact 2.506ms
[17.040s][info][gc,heap        ] GC(52) PSYoungGen: 640K(159744K)->0K(159744K) Eden: 0K(147968K)->0K(147968K) From: 640K(11776K)->0K(11776K)
[17.040s][info][gc,heap        ] GC(52) ParOldGen: 158501K(349696K)->100920K(349696K)
[17.040s][info][gc,metaspace   ] GC(52) Metaspace: 58108K(59008K)->58070K(59008K) NonClass: 50700K(51200K)->50674K(51200K) Class: 7407K(7808K)->7396K(7808K)
[17.040s][info][gc             ] GC(52) Pause Full (System.gc()) 155M->98M(497M) 194.159ms
[17.040s][info][gc,cpu         ] GC(52) User=1.14s Sys=0.00s Real=0.19s
[17.203s][info][gc,start       ] GC(53) Pause Young (Allocation Failure)
[17.205s][info][gc,heap        ] GC(53) PSYoungGen: 147968K(159744K)->3488K(159744K) Eden: 147968K(147968K)->0K(148992K) From: 0K(11776K)->3488K(10752K)
[17.205s][info][gc,heap        ] GC(53) ParOldGen: 100920K(349696K)->100928K(349696K)
[17.205s][info][gc,metaspace   ] GC(53) Metaspace: 58420K(59328K)->58420K(59328K) NonClass: 50954K(51456K)->50954K(51456K) Class: 7465K(7872K)->7465K(7872K)
[17.205s][info][gc             ] GC(53) Pause Young (Allocation Failure) 243M->101M(497M) 2.471ms
[17.206s][info][gc,cpu         ] GC(53) User=0.00s Sys=0.00s Real=0.00s
[17.252s][info][gc,start       ] GC(54) Pause Young (Allocation Failure)
[17.264s][info][gc,heap        ] GC(54) PSYoungGen: 152480K(159744K)->5792K(159744K) Eden: 148992K(148992K)->0K(148992K) From: 3488K(10752K)->5792K(10752K)
[17.264s][info][gc,heap        ] GC(54) ParOldGen: 100928K(349696K)->103889K(349696K)
[17.264s][info][gc,metaspace   ] GC(54) Metaspace: 58423K(59328K)->58423K(59328K) NonClass: 50958K(51456K)->50958K(51456K) Class: 7465K(7872K)->7465K(7872K)
[17.264s][info][gc             ] GC(54) Pause Young (Allocation Failure) 247M->107M(497M) 11.674ms
[17.264s][info][gc,cpu         ] GC(54) User=0.05s Sys=0.00s Real=0.02s
[17.316s][info][gc,start       ] GC(55) Pause Young (Allocation Failure)
[17.331s][info][gc,heap        ] GC(55) PSYoungGen: 154784K(159744K)->7584K(161280K) Eden: 148992K(148992K)->0K(150016K) From: 5792K(10752K)->7584K(11264K)
[17.331s][info][gc,heap        ] GC(55) ParOldGen: 103889K(349696K)->109001K(349696K)
[17.331s][info][gc,metaspace   ] GC(55) Metaspace: 58423K(59328K)->58423K(59328K) NonClass: 50958K(51456K)->50958K(51456K) Class: 7465K(7872K)->7465K(7872K)
[17.331s][info][gc             ] GC(55) Pause Young (Allocation Failure) 252M->113M(499M) 15.610ms
[17.331s][info][gc,cpu         ] GC(55) User=0.05s Sys=0.00s Real=0.02s
[17.400s][info][gc,start       ] GC(56) Pause Young (Allocation Failure)
[17.414s][info][gc,heap        ] GC(56) PSYoungGen: 157600K(161280K)->5536K(162304K) Eden: 150016K(150016K)->0K(150016K) From: 7584K(11264K)->5536K(12288K)
[17.414s][info][gc,heap        ] GC(56) ParOldGen: 109001K(349696K)->116401K(349696K)
[17.414s][info][gc,metaspace   ] GC(56) Metaspace: 58424K(59328K)->58424K(59328K) NonClass: 50958K(51456K)->50958K(51456K) Class: 7465K(7872K)->7465K(7872K)
[17.414s][info][gc             ] GC(56) Pause Young (Allocation Failure) 260M->119M(500M) 13.892ms
[17.414s][info][gc,cpu         ] GC(56) User=0.00s Sys=0.00s Real=0.01s
[17.465s][info][gc,start       ] GC(57) Pause Young (Allocation Failure)
[17.479s][info][gc,heap        ] GC(57) PSYoungGen: 155552K(162304K)->8000K(160256K) Eden: 150016K(150016K)->0K(147968K) From: 5536K(12288K)->8000K(12288K)
[17.479s][info][gc,heap        ] GC(57) ParOldGen: 116401K(349696K)->121849K(349696K)
[17.480s][info][gc,metaspace   ] GC(57) Metaspace: 58424K(59328K)->58424K(59328K) NonClass: 50958K(51456K)->50958K(51456K) Class: 7465K(7872K)->7465K(7872K)
[17.480s][info][gc             ] GC(57) Pause Young (Allocation Failure) 265M->126M(498M) 14.209ms
[17.480s][info][gc,cpu         ] GC(57) User=0.19s Sys=0.00s Real=0.02s
[17.523s][info][gc,start       ] GC(58) Pause Young (Allocation Failure)
[17.537s][info][gc,heap        ] GC(58) PSYoungGen: 155968K(160256K)->5984K(161280K) Eden: 147968K(147968K)->0K(147968K) From: 8000K(12288K)->5984K(13312K)
[17.537s][info][gc,heap        ] GC(58) ParOldGen: 121849K(349696K)->129785K(349696K)
[17.537s][info][gc,metaspace   ] GC(58) Metaspace: 58424K(59328K)->58424K(59328K) NonClass: 50958K(51456K)->50958K(51456K) Class: 7465K(7872K)->7465K(7872K)
[17.537s][info][gc             ] GC(58) Pause Young (Allocation Failure) 271M->132M(499M) 14.391ms
[17.537s][info][gc,cpu         ] GC(58) User=0.17s Sys=0.00s Real=0.01s
[17.579s][info][gc,start       ] GC(59) Pause Young (Allocation Failure)
[17.616s][info][gc,heap        ] GC(59) PSYoungGen: 153952K(161280K)->6208K(161280K) Eden: 147968K(147968K)->0K(147968K) From: 5984K(13312K)->6208K(13312K)
[17.616s][info][gc,heap        ] GC(59) ParOldGen: 129785K(349696K)->135729K(349696K)
[17.616s][info][gc,metaspace   ] GC(59) Metaspace: 58424K(59328K)->58424K(59328K) NonClass: 50958K(51456K)->50958K(51456K) Class: 7465K(7872K)->7465K(7872K)
[17.616s][info][gc             ] GC(59) Pause Young (Allocation Failure) 277M->138M(499M) 37.079ms
[17.616s][info][gc,cpu         ] GC(59) User=0.34s Sys=0.00s Real=0.03s
[17.663s][info][gc,start       ] GC(60) Pause Young (Allocation Failure)
[17.695s][info][gc,heap        ] GC(60) PSYoungGen: 154176K(161280K)->3552K(151552K) Eden: 147968K(147968K)->0K(147968K) From: 6208K(13312K)->3552K(3584K)
[17.695s][info][gc,heap        ] GC(60) ParOldGen: 135729K(349696K)->141785K(349696K)
[17.695s][info][gc,metaspace   ] GC(60) Metaspace: 58430K(59328K)->58430K(59328K) NonClass: 50964K(51456K)->50964K(51456K) Class: 7465K(7872K)->7465K(7872K)
[17.695s][info][gc             ] GC(60) Pause Young (Allocation Failure) 283M->141M(489M) 31.782ms
[17.695s][info][gc,cpu         ] GC(60) User=0.34s Sys=0.00s Real=0.03s
[17.744s][info][gc,start       ] GC(61) Pause Young (Allocation Failure)
[17.759s][info][gc,heap        ] GC(61) PSYoungGen: 151520K(151552K)->192K(160256K) Eden: 147968K(147968K)->0K(147968K) From: 3552K(3584K)->192K(12288K)
[17.759s][info][gc,heap        ] GC(61) ParOldGen: 141785K(349696K)->145209K(349696K)
[17.759s][info][gc,metaspace   ] GC(61) Metaspace: 58430K(59328K)->58430K(59328K) NonClass: 50964K(51456K)->50964K(51456K) Class: 7465K(7872K)->7465K(7872K)
[17.759s][info][gc             ] GC(61) Pause Young (Allocation Failure) 286M->141M(498M) 14.854ms
[17.759s][info][gc,cpu         ] GC(61) User=0.17s Sys=0.00s Real=0.02s
[17.810s][info][gc,start       ] GC(62) Pause Young (Allocation Failure)
[17.811s][info][gc,heap        ] GC(62) PSYoungGen: 148160K(160256K)->224K(160256K) Eden: 147968K(147968K)->0K(147968K) From: 192K(12288K)->224K(12288K)
[17.811s][info][gc,heap        ] GC(62) ParOldGen: 145209K(349696K)->145217K(349696K)
[17.811s][info][gc,metaspace   ] GC(62) Metaspace: 58430K(59328K)->58430K(59328K) NonClass: 50964K(51456K)->50964K(51456K) Class: 7465K(7872K)->7465K(7872K)
[17.811s][info][gc             ] GC(62) Pause Young (Allocation Failure) 286M->142M(498M) 1.343ms
[17.811s][info][gc,cpu         ] GC(62) User=0.00s Sys=0.00s Real=0.00s
[17.865s][info][gc,start       ] GC(63) Pause Young (Allocation Failure)
[17.867s][info][gc,heap        ] GC(63) PSYoungGen: 148192K(160256K)->256K(161792K) Eden: 147968K(147968K)->0K(150016K) From: 224K(12288K)->256K(11776K)
[17.867s][info][gc,heap        ] GC(63) ParOldGen: 145217K(349696K)->145225K(349696K)
[17.867s][info][gc,metaspace   ] GC(63) Metaspace: 58430K(59328K)->58430K(59328K) NonClass: 50964K(51456K)->50964K(51456K) Class: 7465K(7872K)->7465K(7872K)
[17.867s][info][gc             ] GC(63) Pause Young (Allocation Failure) 286M->142M(499M) 1.325ms
[17.867s][info][gc,cpu         ] GC(63) User=0.00s Sys=0.00s Real=0.00s
[17.920s][info][gc,start       ] GC(64) Pause Young (Allocation Failure)
[17.922s][info][gc,heap        ] GC(64) PSYoungGen: 150272K(161792K)->160K(161792K) Eden: 150016K(150016K)->0K(150016K) From: 256K(11776K)->160K(11776K)
[17.922s][info][gc,heap        ] GC(64) ParOldGen: 145225K(349696K)->145233K(349696K)
[17.922s][info][gc,metaspace   ] GC(64) Metaspace: 58430K(59328K)->58430K(59328K) NonClass: 50964K(51456K)->50964K(51456K) Class: 7465K(7872K)->7465K(7872K)
[17.922s][info][gc             ] GC(64) Pause Young (Allocation Failure) 288M->141M(499M) 1.351ms
[17.922s][info][gc,cpu         ] GC(64) User=0.00s Sys=0.00s Real=0.00s
[17.984s][info][gc,start       ] GC(65) Pause Young (Allocation Failure)
[17.986s][info][gc,heap        ] GC(65) PSYoungGen: 150176K(161792K)->224K(162304K) Eden: 150016K(150016K)->0K(151552K) From: 160K(11776K)->224K(10752K)
[17.986s][info][gc,heap        ] GC(65) ParOldGen: 145233K(349696K)->145249K(349696K)
[17.986s][info][gc,metaspace   ] GC(65) Metaspace: 58430K(59328K)->58430K(59328K) NonClass: 50964K(51456K)->50964K(51456K) Class: 7465K(7872K)->7465K(7872K)
[17.986s][info][gc             ] GC(65) Pause Young (Allocation Failure) 288M->142M(500M) 1.653ms
[17.986s][info][gc,cpu         ] GC(65) User=0.03s Sys=0.00s Real=0.01s
[18.054s][info][gc,start       ] GC(66) Pause Young (Allocation Failure)
[18.056s][info][gc,heap        ] GC(66) PSYoungGen: 151776K(162304K)->352K(162304K) Eden: 151552K(151552K)->0K(151552K) From: 224K(10752K)->352K(10752K)
[18.056s][info][gc,heap        ] GC(66) ParOldGen: 145249K(349696K)->145249K(349696K)
[18.056s][info][gc,metaspace   ] GC(66) Metaspace: 58436K(59328K)->58436K(59328K) NonClass: 50971K(51456K)->50971K(51456K) Class: 7465K(7872K)->7465K(7872K)
[18.056s][info][gc             ] GC(66) Pause Young (Allocation Failure) 290M->142M(500M) 1.680ms
[18.056s][info][gc,cpu         ] GC(66) User=0.20s Sys=0.00s Real=0.02s
[18.150s][info][gc,start       ] GC(67) Pause Young (Allocation Failure)
[18.151s][info][gc,heap        ] GC(67) PSYoungGen: 151904K(162304K)->160K(163328K) Eden: 151552K(151552K)->0K(153600K) From: 352K(10752K)->160K(9728K)
[18.151s][info][gc,heap        ] GC(67) ParOldGen: 145249K(349696K)->145329K(349696K)
[18.151s][info][gc,metaspace   ] GC(67) Metaspace: 58436K(59328K)->58436K(59328K) NonClass: 50971K(51456K)->50971K(51456K) Class: 7465K(7872K)->7465K(7872K)
[18.151s][info][gc             ] GC(67) Pause Young (Allocation Failure) 290M->142M(501M) 1.701ms
[18.151s][info][gc,cpu         ] GC(67) User=0.00s Sys=0.00s Real=0.00s
[18.260s][info][gc,start       ] GC(68) Pause Young (Allocation Failure)
[18.261s][info][gc,heap        ] GC(68) PSYoungGen: 153760K(163328K)->192K(163328K) Eden: 153600K(153600K)->0K(153600K) From: 160K(9728K)->192K(9728K)
[18.261s][info][gc,heap        ] GC(68) ParOldGen: 145329K(349696K)->145345K(349696K)
[18.261s][info][gc,metaspace   ] GC(68) Metaspace: 58436K(59328K)->58436K(59328K) NonClass: 50971K(51456K)->50971K(51456K) Class: 7465K(7872K)->7465K(7872K)
[18.261s][info][gc             ] GC(68) Pause Young (Allocation Failure) 292M->142M(501M) 1.430ms
[18.261s][info][gc,cpu         ] GC(68) User=0.00s Sys=0.00s Real=0.00s
[18.369s][info][gc,start       ] GC(69) Pause Young (Allocation Failure)
[18.370s][info][gc,heap        ] GC(69) PSYoungGen: 153792K(163328K)->128K(163840K) Eden: 153600K(153600K)->0K(155136K) From: 192K(9728K)->128K(8704K)
[18.370s][info][gc,heap        ] GC(69) ParOldGen: 145345K(349696K)->145353K(349696K)
[18.370s][info][gc,metaspace   ] GC(69) Metaspace: 58436K(59328K)->58436K(59328K) NonClass: 50971K(51456K)->50971K(51456K) Class: 7465K(7872K)->7465K(7872K)
[18.370s][info][gc             ] GC(69) Pause Young (Allocation Failure) 292M->142M(501M) 1.358ms
[18.370s][info][gc,cpu         ] GC(69) User=0.00s Sys=0.00s Real=0.00s
[18.478s][info][gc,start       ] GC(70) Pause Young (Allocation Failure)
[18.479s][info][gc,heap        ] GC(70) PSYoungGen: 155264K(163840K)->320K(164352K) Eden: 155136K(155136K)->0K(155136K) From: 128K(8704K)->320K(9216K)
[18.479s][info][gc,heap        ] GC(70) ParOldGen: 145353K(349696K)->145361K(349696K)
[18.479s][info][gc,metaspace   ] GC(70) Metaspace: 58436K(59328K)->58436K(59328K) NonClass: 50971K(51456K)->50971K(51456K) Class: 7465K(7872K)->7465K(7872K)
[18.479s][info][gc             ] GC(70) Pause Young (Allocation Failure) 293M->142M(502M) 1.349ms
[18.479s][info][gc,cpu         ] GC(70) User=0.00s Sys=0.00s Real=0.00s
[18.584s][info][gc,start       ] GC(71) Pause Young (Allocation Failure)
[18.585s][info][gc,heap        ] GC(71) PSYoungGen: 155456K(164352K)->256K(164352K) Eden: 155136K(155136K)->0K(156672K) From: 320K(9216K)->256K(7680K)
[18.585s][info][gc,heap        ] GC(71) ParOldGen: 145361K(349696K)->145369K(349696K)
[18.585s][info][gc,metaspace   ] GC(71) Metaspace: 58436K(59328K)->58436K(59328K) NonClass: 50971K(51456K)->50971K(51456K) Class: 7465K(7872K)->7465K(7872K)
[18.585s][info][gc             ] GC(71) Pause Young (Allocation Failure) 293M->142M(502M) 1.490ms
[18.585s][info][gc,cpu         ] GC(71) User=0.00s Sys=0.00s Real=0.00s
[18.715s][info][gc,start       ] GC(72) Pause Young (System.gc())
[18.717s][info][gc,heap        ] GC(72) PSYoungGen: 115552K(164352K)->384K(157184K) Eden: 115296K(156672K)->0K(156672K) From: 256K(7680K)->384K(512K)
[18.717s][info][gc,heap        ] GC(72) ParOldGen: 145369K(349696K)->145385K(349696K)
[18.717s][info][gc,metaspace   ] GC(72) Metaspace: 58520K(59456K)->58520K(59456K) NonClass: 51054K(51584K)->51054K(51584K) Class: 7465K(7872K)->7465K(7872K)
[18.717s][info][gc             ] GC(72) Pause Young (System.gc()) 254M->142M(495M) 1.516ms
[18.717s][info][gc,cpu         ] GC(72) User=0.00s Sys=0.00s Real=0.00s
[18.717s][info][gc,start       ] GC(73) Pause Full (System.gc())
[18.717s][info][gc,phases,start] GC(73) Marking Phase
[18.800s][info][gc,phases      ] GC(73) Marking Phase 82.940ms
[18.800s][info][gc,phases,start] GC(73) Summary Phase
[18.800s][info][gc,phases      ] GC(73) Summary Phase 0.013ms
[18.800s][info][gc,phases,start] GC(73) Adjust Roots
[18.805s][info][gc,phases      ] GC(73) Adjust Roots 5.393ms
[18.805s][info][gc,phases,start] GC(73) Compaction Phase
[18.830s][info][gc,phases      ] GC(73) Compaction Phase 24.922ms
[18.830s][info][gc,phases,start] GC(73) Post Compact
[18.831s][info][gc,phases      ] GC(73) Post Compact 1.057ms
[18.832s][info][gc,heap        ] GC(73) PSYoungGen: 384K(157184K)->0K(157184K) Eden: 0K(156672K)->0K(156672K) From: 384K(512K)->0K(512K)
[18.832s][info][gc,heap        ] GC(73) ParOldGen: 145385K(349696K)->101002K(349696K)
[18.832s][info][gc,metaspace   ] GC(73) Metaspace: 58520K(59456K)->58520K(59456K) NonClass: 51054K(51584K)->51054K(51584K) Class: 7465K(7872K)->7465K(7872K)
[18.832s][info][gc             ] GC(73) Pause Full (System.gc()) 142M->98M(495M) 114.614ms
[18.832s][info][gc,cpu         ] GC(73) User=0.92s Sys=0.00s Real=0.11s
[18.987s][info][gc,start       ] GC(74) Pause Young (Allocation Failure)
[18.992s][info][gc,heap        ] GC(74) PSYoungGen: 156672K(157184K)->4448K(163840K) Eden: 156672K(156672K)->0K(156160K) From: 0K(512K)->4448K(7680K)
[18.992s][info][gc,heap        ] GC(74) ParOldGen: 101002K(349696K)->101010K(349696K)
[18.992s][info][gc,metaspace   ] GC(74) Metaspace: 58582K(59456K)->58582K(59456K) NonClass: 51116K(51584K)->51116K(51584K) Class: 7465K(7872K)->7465K(7872K)
[18.992s][info][gc             ] GC(74) Pause Young (Allocation Failure) 251M->102M(501M) 4.993ms
[18.992s][info][gc,cpu         ] GC(74) User=0.05s Sys=0.00s Real=0.02s
[19.041s][info][gc,start       ] GC(75) Pause Young (Allocation Failure)
[19.056s][info][gc,heap        ] GC(75) PSYoungGen: 160608K(163840K)->6272K(164352K) Eden: 156160K(156160K)->0K(156160K) From: 4448K(7680K)->6272K(8192K)
[19.056s][info][gc,heap        ] GC(75) ParOldGen: 101010K(349696K)->104574K(349696K)
[19.056s][info][gc,metaspace   ] GC(75) Metaspace: 58582K(59456K)->58582K(59456K) NonClass: 51116K(51584K)->51116K(51584K) Class: 7465K(7872K)->7465K(7872K)
[19.056s][info][gc             ] GC(75) Pause Young (Allocation Failure) 255M->108M(502M) 14.530ms
[19.056s][info][gc,cpu         ] GC(75) User=0.03s Sys=0.00s Real=0.02s
[19.108s][info][gc,start       ] GC(76) Pause Young (Allocation Failure)
[19.119s][info][gc,heap        ] GC(76) PSYoungGen: 162432K(164352K)->6720K(163328K) Eden: 156160K(156160K)->0K(154112K) From: 6272K(8192K)->6720K(9216K)
[19.119s][info][gc,heap        ] GC(76) ParOldGen: 104574K(349696K)->110062K(349696K)
[19.119s][info][gc,metaspace   ] GC(76) Metaspace: 58582K(59456K)->58582K(59456K) NonClass: 51116K(51584K)->51116K(51584K) Class: 7465K(7872K)->7465K(7872K)
[19.119s][info][gc             ] GC(76) Pause Young (Allocation Failure) 260M->114M(501M) 10.402ms
[19.119s][info][gc,cpu         ] GC(76) User=0.19s Sys=0.00s Real=0.02s
[19.170s][info][gc,start       ] GC(77) Pause Young (Allocation Failure)
[19.186s][info][gc,heap        ] GC(77) PSYoungGen: 160832K(163328K)->6688K(161280K) Eden: 154112K(154112K)->0K(154112K) From: 6720K(9216K)->6688K(7168K)
[19.186s][info][gc,heap        ] GC(77) ParOldGen: 110062K(349696K)->116654K(349696K)
[19.186s][info][gc,metaspace   ] GC(77) Metaspace: 58582K(59456K)->58582K(59456K) NonClass: 51116K(51584K)->51116K(51584K) Class: 7465K(7872K)->7465K(7872K)
[19.186s][info][gc             ] GC(77) Pause Young (Allocation Failure) 264M->120M(499M) 16.450ms
[19.186s][info][gc,cpu         ] GC(77) User=0.05s Sys=0.00s Real=0.02s
[19.242s][info][gc,start       ] GC(78) Pause Young (Allocation Failure)
[19.256s][info][gc,heap        ] GC(78) PSYoungGen: 160800K(161280K)->8928K(161280K) Eden: 154112K(154112K)->0K(150016K) From: 6688K(7168K)->8928K(11264K)
[19.256s][info][gc,heap        ] GC(78) ParOldGen: 116654K(349696K)->123254K(349696K)
[19.256s][info][gc,metaspace   ] GC(78) Metaspace: 58582K(59456K)->58582K(59456K) NonClass: 51116K(51584K)->51116K(51584K) Class: 7465K(7872K)->7465K(7872K)
[19.256s][info][gc             ] GC(78) Pause Young (Allocation Failure) 270M->129M(499M) 14.162ms
[19.256s][info][gc,cpu         ] GC(78) User=0.00s Sys=0.02s Real=0.01s
[19.299s][info][gc,start       ] GC(79) Pause Young (Allocation Failure)
[19.313s][info][gc,heap        ] GC(79) PSYoungGen: 158944K(161280K)->6208K(156672K) Eden: 150016K(150016K)->0K(150016K) From: 8928K(11264K)->6208K(6656K)
[19.313s][info][gc,heap        ] GC(79) ParOldGen: 123254K(349696K)->132062K(349696K)
[19.313s][info][gc,metaspace   ] GC(79) Metaspace: 58582K(59456K)->58582K(59456K) NonClass: 51116K(51584K)->51116K(51584K) Class: 7465K(7872K)->7465K(7872K)
[19.313s][info][gc             ] GC(79) Pause Young (Allocation Failure) 275M->135M(494M) 13.803ms
[19.313s][info][gc,cpu         ] GC(79) User=0.17s Sys=0.00s Real=0.02s
[19.365s][info][gc,start       ] GC(80) Pause Young (Allocation Failure)
[19.404s][info][gc,heap        ] GC(80) PSYoungGen: 156224K(156672K)->7168K(161792K) Eden: 150016K(150016K)->0K(148992K) From: 6208K(6656K)->7168K(12800K)
[19.404s][info][gc,heap        ] GC(80) ParOldGen: 132062K(349696K)->138174K(349696K)
[19.404s][info][gc,metaspace   ] GC(80) Metaspace: 58582K(59456K)->58582K(59456K) NonClass: 51117K(51584K)->51117K(51584K) Class: 7465K(7872K)->7465K(7872K)
[19.404s][info][gc             ] GC(80) Pause Young (Allocation Failure) 281M->141M(499M) 38.593ms
[19.404s][info][gc,cpu         ] GC(80) User=0.52s Sys=0.03s Real=0.05s
[19.451s][info][gc,start       ] GC(81) Pause Young (Allocation Failure)
[19.477s][info][gc,heap        ] GC(81) PSYoungGen: 156160K(161792K)->320K(161792K) Eden: 148992K(148992K)->0K(148992K) From: 7168K(12800K)->320K(12800K)
[19.477s][info][gc,heap        ] GC(81) ParOldGen: 138174K(349696K)->145246K(349696K)
[19.477s][info][gc,metaspace   ] GC(81) Metaspace: 58582K(59456K)->58582K(59456K) NonClass: 51117K(51584K)->51117K(51584K) Class: 7465K(7872K)->7465K(7872K)
[19.477s][info][gc             ] GC(81) Pause Young (Allocation Failure) 287M->142M(499M) 25.845ms
[19.477s][info][gc,cpu         ] GC(81) User=0.38s Sys=0.00s Real=0.03s
[19.523s][info][gc,start       ] GC(82) Pause Young (Allocation Failure)
[19.524s][info][gc,heap        ] GC(82) PSYoungGen: 149312K(161792K)->192K(160768K) Eden: 148992K(148992K)->0K(148992K) From: 320K(12800K)->192K(11776K)
[19.524s][info][gc,heap        ] GC(82) ParOldGen: 145246K(349696K)->145302K(349696K)
[19.524s][info][gc,metaspace   ] GC(82) Metaspace: 58582K(59456K)->58582K(59456K) NonClass: 51117K(51584K)->51117K(51584K) Class: 7465K(7872K)->7465K(7872K)
[19.524s][info][gc             ] GC(82) Pause Young (Allocation Failure) 287M->142M(498M) 0.773ms
[19.524s][info][gc,cpu         ] GC(82) User=0.00s Sys=0.00s Real=0.00s
[19.577s][info][gc,start       ] GC(83) Pause Young (Allocation Failure)
[19.578s][info][gc,heap        ] GC(83) PSYoungGen: 149184K(160768K)->224K(161280K) Eden: 148992K(148992K)->0K(148992K) From: 192K(11776K)->224K(12288K)
[19.578s][info][gc,heap        ] GC(83) ParOldGen: 145302K(349696K)->145310K(349696K)
[19.579s][info][gc,metaspace   ] GC(83) Metaspace: 58583K(59456K)->58583K(59456K) NonClass: 51117K(51584K)->51117K(51584K) Class: 7465K(7872K)->7465K(7872K)
[19.579s][info][gc             ] GC(83) Pause Young (Allocation Failure) 287M->142M(499M) 1.390ms
[19.579s][info][gc,cpu         ] GC(83) User=0.00s Sys=0.00s Real=0.00s
[19.634s][info][gc,start       ] GC(84) Pause Young (Allocation Failure)
[19.635s][info][gc,heap        ] GC(84) PSYoungGen: 149216K(161280K)->160K(161280K) Eden: 148992K(148992K)->0K(150016K) From: 224K(12288K)->160K(11264K)
[19.635s][info][gc,heap        ] GC(84) ParOldGen: 145310K(349696K)->145326K(349696K)
[19.635s][info][gc,metaspace   ] GC(84) Metaspace: 58583K(59456K)->58583K(59456K) NonClass: 51117K(51584K)->51117K(51584K) Class: 7465K(7872K)->7465K(7872K)
[19.635s][info][gc             ] GC(84) Pause Young (Allocation Failure) 287M->142M(499M) 1.391ms
[19.635s][info][gc,cpu         ] GC(84) User=0.00s Sys=0.00s Real=0.00s
[19.681s][info][gc,start       ] GC(85) Pause Young (Allocation Failure)
[19.682s][info][gc,heap        ] GC(85) PSYoungGen: 150176K(161280K)->224K(161792K) Eden: 150016K(150016K)->0K(150016K) From: 160K(11264K)->224K(11776K)
[19.682s][info][gc,heap        ] GC(85) ParOldGen: 145326K(349696K)->145334K(349696K)
[19.682s][info][gc,metaspace   ] GC(85) Metaspace: 58583K(59456K)->58583K(59456K) NonClass: 51117K(51584K)->51117K(51584K) Class: 7465K(7872K)->7465K(7872K)
[19.682s][info][gc             ] GC(85) Pause Young (Allocation Failure) 288M->142M(499M) 0.703ms
[19.682s][info][gc,cpu         ] GC(85) User=0.00s Sys=0.00s Real=0.00s
[19.736s][info][gc,start       ] GC(86) Pause Young (Allocation Failure)
[19.737s][info][gc,heap        ] GC(86) PSYoungGen: 150240K(161792K)->288K(161792K) Eden: 150016K(150016K)->0K(151552K) From: 224K(11776K)->288K(10240K)
[19.737s][info][gc,heap        ] GC(86) ParOldGen: 145334K(349696K)->145350K(349696K)
[19.737s][info][gc,metaspace   ] GC(86) Metaspace: 58583K(59456K)->58583K(59456K) NonClass: 51117K(51584K)->51117K(51584K) Class: 7465K(7872K)->7465K(7872K)
[19.737s][info][gc             ] GC(86) Pause Young (Allocation Failure) 288M->142M(499M) 1.341ms
[19.737s][info][gc,cpu         ] GC(86) User=0.00s Sys=0.00s Real=0.00s
[19.802s][info][gc,start       ] GC(87) Pause Young (Allocation Failure)
[19.803s][info][gc,heap        ] GC(87) PSYoungGen: 151840K(161792K)->352K(162304K) Eden: 151552K(151552K)->0K(151552K) From: 288K(10240K)->352K(10752K)
[19.803s][info][gc,heap        ] GC(87) ParOldGen: 145350K(349696K)->145358K(349696K)
[19.803s][info][gc,metaspace   ] GC(87) Metaspace: 58584K(59456K)->58584K(59456K) NonClass: 51118K(51584K)->51118K(51584K) Class: 7465K(7872K)->7465K(7872K)
[19.803s][info][gc             ] GC(87) Pause Young (Allocation Failure) 290M->142M(500M) 1.013ms
[19.803s][info][gc,cpu         ] GC(87) User=0.00s Sys=0.00s Real=0.00s
[19.898s][info][gc,start       ] GC(88) Pause Young (Allocation Failure)
[19.899s][info][gc,heap        ] GC(88) PSYoungGen: 151904K(162304K)->256K(162816K) Eden: 151552K(151552K)->0K(153600K) From: 352K(10752K)->256K(9216K)
[19.899s][info][gc,heap        ] GC(88) ParOldGen: 145358K(349696K)->145446K(349696K)
[19.899s][info][gc,metaspace   ] GC(88) Metaspace: 58584K(59456K)->58584K(59456K) NonClass: 51118K(51584K)->51118K(51584K) Class: 7465K(7872K)->7465K(7872K)
[19.899s][info][gc             ] GC(88) Pause Young (Allocation Failure) 290M->142M(500M) 1.341ms
[19.899s][info][gc,cpu         ] GC(88) User=0.00s Sys=0.00s Real=0.00s
[20.001s][info][gc,start       ] GC(89) Pause Young (Allocation Failure)
[20.002s][info][gc,heap        ] GC(89) PSYoungGen: 153856K(162816K)->160K(163328K) Eden: 153600K(153600K)->0K(153600K) From: 256K(9216K)->160K(9728K)
[20.002s][info][gc,heap        ] GC(89) ParOldGen: 145446K(349696K)->145454K(349696K)
[20.002s][info][gc,metaspace   ] GC(89) Metaspace: 58584K(59456K)->58584K(59456K) NonClass: 51118K(51584K)->51118K(51584K) Class: 7465K(7872K)->7465K(7872K)
[20.002s][info][gc             ] GC(89) Pause Young (Allocation Failure) 292M->142M(501M) 0.911ms
[20.002s][info][gc,cpu         ] GC(89) User=0.00s Sys=0.00s Real=0.00s
[20.109s][info][gc,start       ] GC(90) Pause Young (Allocation Failure)
[20.110s][info][gc,heap        ] GC(90) PSYoungGen: 153760K(163328K)->256K(163840K) Eden: 153600K(153600K)->0K(155648K) From: 160K(9728K)->256K(8192K)
[20.110s][info][gc,heap        ] GC(90) ParOldGen: 145454K(349696K)->145462K(349696K)
[20.110s][info][gc,metaspace   ] GC(90) Metaspace: 58584K(59456K)->58584K(59456K) NonClass: 51118K(51584K)->51118K(51584K) Class: 7465K(7872K)->7465K(7872K)
[20.110s][info][gc             ] GC(90) Pause Young (Allocation Failure) 292M->142M(501M) 1.413ms
[20.110s][info][gc,cpu         ] GC(90) User=0.00s Sys=0.00s Real=0.00s
[20.219s][info][gc,start       ] GC(91) Pause Young (Allocation Failure)
[20.220s][info][gc,heap        ] GC(91) PSYoungGen: 155904K(163840K)->256K(164352K) Eden: 155648K(155648K)->0K(155648K) From: 256K(8192K)->256K(8704K)
[20.220s][info][gc,heap        ] GC(91) ParOldGen: 145462K(349696K)->145478K(349696K)
[20.220s][info][gc,metaspace   ] GC(91) Metaspace: 58584K(59456K)->58584K(59456K) NonClass: 51118K(51584K)->51118K(51584K) Class: 7465K(7872K)->7465K(7872K)
[20.220s][info][gc             ] GC(91) Pause Young (Allocation Failure) 294M->142M(502M) 1.380ms
[20.221s][info][gc,cpu         ] GC(91) User=0.00s Sys=0.00s Real=0.00s
[20.334s][info][gc,start       ] GC(92) Pause Young (Allocation Failure)
[20.335s][info][gc,heap        ] GC(92) PSYoungGen: 155904K(164352K)->320K(164864K) Eden: 155648K(155648K)->0K(157184K) From: 256K(8704K)->320K(7680K)
[20.335s][info][gc,heap        ] GC(92) ParOldGen: 145478K(349696K)->145486K(349696K)
[20.335s][info][gc,metaspace   ] GC(92) Metaspace: 58584K(59456K)->58584K(59456K) NonClass: 51118K(51584K)->51118K(51584K) Class: 7465K(7872K)->7465K(7872K)
[20.335s][info][gc             ] GC(92) Pause Young (Allocation Failure) 294M->142M(502M) 0.760ms
[20.335s][info][gc,cpu         ] GC(92) User=0.00s Sys=0.00s Real=0.00s
[20.411s][info][gc,start       ] GC(93) Pause Young (System.gc())
[20.412s][info][gc,heap        ] GC(93) PSYoungGen: 61828K(164864K)->416K(157696K) Eden: 61508K(157184K)->0K(157184K) From: 320K(7680K)->416K(512K)
[20.412s][info][gc,heap        ] GC(93) ParOldGen: 145486K(349696K)->145502K(349696K)
[20.412s][info][gc,metaspace   ] GC(93) Metaspace: 58666K(59520K)->58666K(59520K) NonClass: 51200K(51648K)->51200K(51648K) Class: 7465K(7872K)->7465K(7872K)
[20.412s][info][gc             ] GC(93) Pause Young (System.gc()) 202M->142M(495M) 1.629ms
[20.412s][info][gc,cpu         ] GC(93) User=0.00s Sys=0.00s Real=0.00s
[20.412s][info][gc,start       ] GC(94) Pause Full (System.gc())
[20.412s][info][gc,phases,start] GC(94) Marking Phase
[20.495s][info][gc,phases      ] GC(94) Marking Phase 82.166ms
[20.495s][info][gc,phases,start] GC(94) Summary Phase
[20.495s][info][gc,phases      ] GC(94) Summary Phase 0.014ms
[20.495s][info][gc,phases,start] GC(94) Adjust Roots
[20.499s][info][gc,phases      ] GC(94) Adjust Roots 4.502ms
[20.499s][info][gc,phases,start] GC(94) Compaction Phase
[20.516s][info][gc,phases      ] GC(94) Compaction Phase 16.419ms
[20.516s][info][gc,phases,start] GC(94) Post Compact
[20.516s][info][gc,phases      ] GC(94) Post Compact 0.876ms
[20.517s][info][gc,heap        ] GC(94) PSYoungGen: 416K(157696K)->0K(157696K) Eden: 0K(157184K)->0K(157184K) From: 416K(512K)->0K(512K)
[20.517s][info][gc,heap        ] GC(94) ParOldGen: 145502K(349696K)->101055K(349696K)
[20.517s][info][gc,metaspace   ] GC(94) Metaspace: 58666K(59520K)->58666K(59520K) NonClass: 51200K(51648K)->51200K(51648K) Class: 7465K(7872K)->7465K(7872K)
[20.517s][info][gc             ] GC(94) Pause Full (System.gc()) 142M->98M(495M) 104.286ms
[20.517s][info][gc,cpu         ] GC(94) User=0.88s Sys=0.00s Real=0.09s
[20.651s][info][gc,start       ] GC(95) Pause Young (Allocation Failure)
[20.658s][info][gc,heap        ] GC(95) PSYoungGen: 157184K(157696K)->3776K(164864K) Eden: 157184K(157184K)->0K(157184K) From: 0K(512K)->3776K(7680K)
[20.658s][info][gc,heap        ] GC(95) ParOldGen: 101055K(349696K)->101063K(349696K)
[20.658s][info][gc,metaspace   ] GC(95) Metaspace: 58746K(59648K)->58746K(59648K) NonClass: 51280K(51776K)->51280K(51776K) Class: 7466K(7872K)->7466K(7872K)
[20.658s][info][gc             ] GC(95) Pause Young (Allocation Failure) 252M->102M(502M) 6.482ms
[20.658s][info][gc,cpu         ] GC(95) User=0.00s Sys=0.00s Real=0.00s
[20.707s][info][gc,start       ] GC(96) Pause Young (Allocation Failure)
[20.724s][info][gc,heap        ] GC(96) PSYoungGen: 160960K(164864K)->6560K(164864K) Eden: 157184K(157184K)->0K(157184K) From: 3776K(7680K)->6560K(7680K)
[20.724s][info][gc,heap        ] GC(96) ParOldGen: 101063K(349696K)->104544K(349696K)
[20.724s][info][gc,metaspace   ] GC(96) Metaspace: 58758K(59648K)->58758K(59648K) NonClass: 51292K(51776K)->51292K(51776K) Class: 7466K(7872K)->7466K(7872K)
[20.724s][info][gc             ] GC(96) Pause Young (Allocation Failure) 255M->108M(502M) 16.502ms
[20.724s][info][gc,cpu         ] GC(96) User=0.08s Sys=0.02s Real=0.03s
[20.777s][info][gc,start       ] GC(97) Pause Young (Allocation Failure)
[20.792s][info][gc,heap        ] GC(97) PSYoungGen: 163744K(164864K)->7136K(163328K) Eden: 157184K(157184K)->0K(154112K) From: 6560K(7680K)->7136K(9216K)
[20.792s][info][gc,heap        ] GC(97) ParOldGen: 104544K(349696K)->110384K(349696K)
[20.793s][info][gc,metaspace   ] GC(97) Metaspace: 58758K(59648K)->58758K(59648K) NonClass: 51292K(51776K)->51292K(51776K) Class: 7466K(7872K)->7466K(7872K)
[20.793s][info][gc             ] GC(97) Pause Young (Allocation Failure) 262M->114M(501M) 15.531ms
[20.793s][info][gc,cpu         ] GC(97) User=0.03s Sys=0.00s Real=0.02s
[20.840s][info][gc,start       ] GC(98) Pause Young (Allocation Failure)
[20.852s][info][gc,heap        ] GC(98) PSYoungGen: 161248K(163328K)->6112K(160256K) Eden: 154112K(154112K)->0K(154112K) From: 7136K(9216K)->6112K(6144K)
[20.853s][info][gc,heap        ] GC(98) ParOldGen: 110384K(349696K)->117360K(349696K)
[20.853s][info][gc,metaspace   ] GC(98) Metaspace: 58758K(59648K)->58758K(59648K) NonClass: 51292K(51776K)->51292K(51776K) Class: 7466K(7872K)->7466K(7872K)
[20.853s][info][gc             ] GC(98) Pause Young (Allocation Failure) 265M->120M(498M) 12.056ms
[20.853s][info][gc,cpu         ] GC(98) User=0.19s Sys=0.00s Real=0.01s
[20.898s][info][gc,start       ] GC(99) Pause Young (Allocation Failure)
[20.912s][info][gc,heap        ] GC(99) PSYoungGen: 160224K(160256K)->8160K(160768K) Eden: 154112K(154112K)->0K(150016K) From: 6112K(6144K)->8160K(10752K)
[20.912s][info][gc,heap        ] GC(99) ParOldGen: 117360K(349696K)->123336K(349696K)
[20.912s][info][gc,metaspace   ] GC(99) Metaspace: 58758K(59648K)->58758K(59648K) NonClass: 51292K(51776K)->51292K(51776K) Class: 7466K(7872K)->7466K(7872K)
[20.912s][info][gc             ] GC(99) Pause Young (Allocation Failure) 271M->128M(498M) 14.146ms
[20.912s][info][gc,cpu         ] GC(99) User=0.17s Sys=0.00s Real=0.02s
[20.955s][info][gc,start       ] GC(100) Pause Young (Allocation Failure)
[20.968s][info][gc,heap        ] GC(100) PSYoungGen: 158176K(160768K)->6240K(162304K) Eden: 150016K(150016K)->0K(150016K) From: 8160K(10752K)->6240K(12288K)
[20.968s][info][gc,heap        ] GC(100) ParOldGen: 123336K(349696K)->131368K(349696K)
[20.968s][info][gc,metaspace   ] GC(100) Metaspace: 58758K(59648K)->58758K(59648K) NonClass: 51292K(51776K)->51292K(51776K) Class: 7466K(7872K)->7466K(7872K)
[20.968s][info][gc             ] GC(100) Pause Young (Allocation Failure) 274M->134M(500M) 13.113ms
[20.968s][info][gc,cpu         ] GC(100) User=0.05s Sys=0.00s Real=0.02s
[21.014s][info][gc,start       ] GC(101) Pause Young (Allocation Failure)
[21.058s][info][gc,heap        ] GC(101) PSYoungGen: 156256K(162304K)->6880K(161280K) Eden: 150016K(150016K)->0K(148992K) From: 6240K(12288K)->6880K(12288K)
[21.058s][info][gc,heap        ] GC(101) ParOldGen: 131368K(349696K)->137528K(349696K)
[21.058s][info][gc,metaspace   ] GC(101) Metaspace: 58758K(59648K)->58758K(59648K) NonClass: 51292K(51776K)->51292K(51776K) Class: 7466K(7872K)->7466K(7872K)
[21.058s][info][gc             ] GC(101) Pause Young (Allocation Failure) 280M->141M(499M) 43.372ms
[21.058s][info][gc,cpu         ] GC(101) User=0.38s Sys=0.00s Real=0.03s
[21.106s][info][gc,start       ] GC(102) Pause Young (Allocation Failure)
[21.134s][info][gc,heap        ] GC(102) PSYoungGen: 155872K(161280K)->1312K(161792K) Eden: 148992K(148992K)->0K(148992K) From: 6880K(12288K)->1312K(12800K)
[21.134s][info][gc,heap        ] GC(102) ParOldGen: 137528K(349696K)->144272K(349696K)
[21.134s][info][gc,metaspace   ] GC(102) Metaspace: 58761K(59648K)->58761K(59648K) NonClass: 51295K(51776K)->51295K(51776K) Class: 7466K(7872K)->7466K(7872K)
[21.134s][info][gc             ] GC(102) Pause Young (Allocation Failure) 286M->142M(499M) 27.962ms
[21.134s][info][gc,cpu         ] GC(102) User=0.17s Sys=0.00s Real=0.02s
[21.182s][info][gc,start       ] GC(103) Pause Young (Allocation Failure)
[21.188s][info][gc,heap        ] GC(103) PSYoungGen: 150304K(161792K)->224K(160768K) Eden: 148992K(148992K)->0K(149504K) From: 1312K(12800K)->224K(11264K)
[21.188s][info][gc,heap        ] GC(103) ParOldGen: 144272K(349696K)->145336K(349696K)
[21.188s][info][gc,metaspace   ] GC(103) Metaspace: 58761K(59648K)->58761K(59648K) NonClass: 51295K(51776K)->51295K(51776K) Class: 7466K(7872K)->7466K(7872K)
[21.188s][info][gc             ] GC(103) Pause Young (Allocation Failure) 287M->142M(498M) 6.412ms
[21.188s][info][gc,cpu         ] GC(103) User=0.03s Sys=0.00s Real=0.01s
[21.241s][info][gc,start       ] GC(104) Pause Young (Allocation Failure)
[21.242s][info][gc,heap        ] GC(104) PSYoungGen: 149728K(160768K)->192K(161280K) Eden: 149504K(149504K)->0K(149504K) From: 224K(11264K)->192K(11776K)
[21.242s][info][gc,heap        ] GC(104) ParOldGen: 145336K(349696K)->145344K(349696K)
[21.242s][info][gc,metaspace   ] GC(104) Metaspace: 58761K(59648K)->58761K(59648K) NonClass: 51295K(51776K)->51295K(51776K) Class: 7466K(7872K)->7466K(7872K)
[21.242s][info][gc             ] GC(104) Pause Young (Allocation Failure) 288M->142M(499M) 0.765ms
[21.242s][info][gc,cpu         ] GC(104) User=0.00s Sys=0.00s Real=0.00s
[21.295s][info][gc,start       ] GC(105) Pause Young (Allocation Failure)
[21.296s][info][gc,heap        ] GC(105) PSYoungGen: 149696K(161280K)->224K(161792K) Eden: 149504K(149504K)->0K(151040K) From: 192K(11776K)->224K(10752K)
[21.296s][info][gc,heap        ] GC(105) ParOldGen: 145344K(349696K)->145360K(349696K)
[21.296s][info][gc,metaspace   ] GC(105) Metaspace: 58761K(59648K)->58761K(59648K) NonClass: 51295K(51776K)->51295K(51776K) Class: 7466K(7872K)->7466K(7872K)
[21.296s][info][gc             ] GC(105) Pause Young (Allocation Failure) 288M->142M(499M) 1.318ms
[21.296s][info][gc,cpu         ] GC(105) User=0.00s Sys=0.00s Real=0.00s
[21.352s][info][gc,start       ] GC(106) Pause Young (Allocation Failure)
[21.353s][info][gc,heap        ] GC(106) PSYoungGen: 151264K(161792K)->224K(162304K) Eden: 151040K(151040K)->0K(151040K) From: 224K(10752K)->224K(11264K)
[21.353s][info][gc,heap        ] GC(106) ParOldGen: 145360K(349696K)->145368K(349696K)
[21.353s][info][gc,metaspace   ] GC(106) Metaspace: 58761K(59648K)->58761K(59648K) NonClass: 51295K(51776K)->51295K(51776K) Class: 7466K(7872K)->7466K(7872K)
[21.353s][info][gc             ] GC(106) Pause Young (Allocation Failure) 289M->142M(500M) 1.294ms
[21.353s][info][gc,cpu         ] GC(106) User=0.00s Sys=0.00s Real=0.00s
[21.407s][info][gc,start       ] GC(107) Pause Young (Allocation Failure)
[21.408s][info][gc,heap        ] GC(107) PSYoungGen: 151264K(162304K)->224K(163328K) Eden: 151040K(151040K)->0K(152576K) From: 224K(11264K)->224K(10752K)
[21.409s][info][gc,heap        ] GC(107) ParOldGen: 145368K(349696K)->145376K(349696K)
[21.409s][info][gc,metaspace   ] GC(107) Metaspace: 58761K(59648K)->58761K(59648K) NonClass: 51295K(51776K)->51295K(51776K) Class: 7466K(7872K)->7466K(7872K)
[21.409s][info][gc             ] GC(107) Pause Young (Allocation Failure) 289M->142M(501M) 1.368ms
[21.409s][info][gc,cpu         ] GC(107) User=0.00s Sys=0.00s Real=0.00s
[21.511s][info][gc,start       ] GC(108) Pause Young (Allocation Failure)
[21.512s][info][gc,heap        ] GC(108) PSYoungGen: 152800K(163328K)->352K(163328K) Eden: 152576K(152576K)->0K(152576K) From: 224K(10752K)->352K(10752K)
[21.512s][info][gc,heap        ] GC(108) ParOldGen: 145376K(349696K)->145384K(349696K)
[21.512s][info][gc,metaspace   ] GC(108) Metaspace: 58761K(59648K)->58761K(59648K) NonClass: 51295K(51776K)->51295K(51776K) Class: 7466K(7872K)->7466K(7872K)
[21.512s][info][gc             ] GC(108) Pause Young (Allocation Failure) 291M->142M(501M) 1.542ms
[21.512s][info][gc,cpu         ] GC(108) User=0.00s Sys=0.00s Real=0.00s
[21.602s][info][gc,start       ] GC(109) Pause Young (Allocation Failure)
[21.603s][info][gc,heap        ] GC(109) PSYoungGen: 152928K(163328K)->128K(163328K) Eden: 152576K(152576K)->0K(153600K) From: 352K(10752K)->128K(9728K)
[21.603s][info][gc,heap        ] GC(109) ParOldGen: 145384K(349696K)->145472K(349696K)
[21.603s][info][gc,metaspace   ] GC(109) Metaspace: 58761K(59648K)->58761K(59648K) NonClass: 51295K(51776K)->51295K(51776K) Class: 7466K(7872K)->7466K(7872K)
[21.604s][info][gc             ] GC(109) Pause Young (Allocation Failure) 291M->142M(501M) 1.452ms
[21.604s][info][gc,cpu         ] GC(109) User=0.00s Sys=0.00s Real=0.00s
[21.694s][info][gc,start       ] GC(110) Pause Young (Allocation Failure)
[21.695s][info][gc,heap        ] GC(110) PSYoungGen: 153728K(163328K)->64K(163328K) Eden: 153600K(153600K)->0K(153600K) From: 128K(9728K)->64K(9728K)
[21.695s][info][gc,heap        ] GC(110) ParOldGen: 145472K(349696K)->145480K(349696K)
[21.695s][info][gc,metaspace   ] GC(110) Metaspace: 58761K(59648K)->58761K(59648K) NonClass: 51295K(51776K)->51295K(51776K) Class: 7466K(7872K)->7466K(7872K)
[21.695s][info][gc             ] GC(110) Pause Young (Allocation Failure) 292M->142M(501M) 1.363ms
[21.695s][info][gc,cpu         ] GC(110) User=0.00s Sys=0.00s Real=0.00s
[21.785s][info][gc,start       ] GC(111) Pause Young (Allocation Failure)
[21.786s][info][gc,heap        ] GC(111) PSYoungGen: 153664K(163328K)->224K(164352K) Eden: 153600K(153600K)->0K(155648K) From: 64K(9728K)->224K(8704K)
[21.786s][info][gc,heap        ] GC(111) ParOldGen: 145480K(349696K)->145488K(349696K)
[21.786s][info][gc,metaspace   ] GC(111) Metaspace: 58761K(59648K)->58761K(59648K) NonClass: 51295K(51776K)->51295K(51776K) Class: 7466K(7872K)->7466K(7872K)
[21.786s][info][gc             ] GC(111) Pause Young (Allocation Failure) 292M->142M(502M) 1.308ms
[21.786s][info][gc,cpu         ] GC(111) User=0.00s Sys=0.00s Real=0.00s
[21.893s][info][gc,start       ] GC(112) Pause Young (Allocation Failure)
[21.894s][info][gc,heap        ] GC(112) PSYoungGen: 155872K(164352K)->288K(164352K) Eden: 155648K(155648K)->0K(155648K) From: 224K(8704K)->288K(8704K)
[21.894s][info][gc,heap        ] GC(112) ParOldGen: 145488K(349696K)->145496K(349696K)
[21.894s][info][gc,metaspace   ] GC(112) Metaspace: 58761K(59648K)->58761K(59648K) NonClass: 51295K(51776K)->51295K(51776K) Class: 7466K(7872K)->7466K(7872K)
[21.895s][info][gc             ] GC(112) Pause Young (Allocation Failure) 294M->142M(502M) 1.441ms
[21.895s][info][gc,cpu         ] GC(112) User=0.00s Sys=0.00s Real=0.00s
[22.033s][info][gc,start       ] GC(113) Pause Young (Allocation Failure)
[22.035s][info][gc,heap        ] GC(113) PSYoungGen: 155936K(164352K)->224K(165376K) Eden: 155648K(155648K)->0K(157696K) From: 288K(8704K)->224K(7680K)
[22.035s][info][gc,heap        ] GC(113) ParOldGen: 145496K(349696K)->145544K(349696K)
[22.035s][info][gc,metaspace   ] GC(113) Metaspace: 58761K(59648K)->58761K(59648K) NonClass: 51295K(51776K)->51295K(51776K) Class: 7466K(7872K)->7466K(7872K)
[22.035s][info][gc             ] GC(113) Pause Young (Allocation Failure) 294M->142M(503M) 1.497ms
[22.035s][info][gc,cpu         ] GC(113) User=0.00s Sys=0.00s Real=0.00s
[22.113s][info][gc,start       ] GC(114) Pause Young (System.gc())
[22.114s][info][gc,heap        ] GC(114) PSYoungGen: 52744K(165376K)->352K(158208K) Eden: 52520K(157696K)->0K(157696K) From: 224K(7680K)->352K(512K)
[22.114s][info][gc,heap        ] GC(114) ParOldGen: 145544K(349696K)->145560K(349696K)
[22.114s][info][gc,metaspace   ] GC(114) Metaspace: 58796K(59648K)->58796K(59648K) NonClass: 51329K(51776K)->51329K(51776K) Class: 7467K(7872K)->7467K(7872K)
[22.114s][info][gc             ] GC(114) Pause Young (System.gc()) 193M->142M(496M) 1.704ms
[22.114s][info][gc,cpu         ] GC(114) User=0.00s Sys=0.00s Real=0.00s
[22.115s][info][gc,start       ] GC(115) Pause Full (System.gc())
[22.115s][info][gc,phases,start] GC(115) Marking Phase
[22.206s][info][gc,phases      ] GC(115) Marking Phase 90.995ms
[22.206s][info][gc,phases,start] GC(115) Summary Phase
[22.206s][info][gc,phases      ] GC(115) Summary Phase 0.030ms
[22.206s][info][gc,phases,start] GC(115) Adjust Roots
[22.212s][info][gc,phases      ] GC(115) Adjust Roots 6.014ms
[22.212s][info][gc,phases,start] GC(115) Compaction Phase
[22.232s][info][gc,phases      ] GC(115) Compaction Phase 20.160ms
[22.232s][info][gc,phases,start] GC(115) Post Compact
[22.233s][info][gc,phases      ] GC(115) Post Compact 1.083ms
[22.233s][info][gc,heap        ] GC(115) PSYoungGen: 352K(158208K)->0K(158208K) Eden: 0K(157696K)->0K(157696K) From: 352K(512K)->0K(512K)
[22.233s][info][gc,heap        ] GC(115) ParOldGen: 145560K(349696K)->101105K(349696K)
[22.233s][info][gc,metaspace   ] GC(115) Metaspace: 58796K(59648K)->58796K(59648K) NonClass: 51329K(51776K)->51329K(51776K) Class: 7467K(7872K)->7467K(7872K)
[22.233s][info][gc             ] GC(115) Pause Full (System.gc()) 142M->98M(496M) 118.679ms
[22.233s][info][gc,cpu         ] GC(115) User=0.91s Sys=0.00s Real=0.13s
[22.376s][info][gc,start       ] GC(116) Pause Young (Allocation Failure)
[22.383s][info][gc,heap        ] GC(116) PSYoungGen: 157696K(158208K)->4032K(164352K) Eden: 157696K(157696K)->0K(157184K) From: 0K(512K)->4032K(7168K)
[22.383s][info][gc,heap        ] GC(116) ParOldGen: 101105K(349696K)->101113K(349696K)
[22.383s][info][gc,metaspace   ] GC(116) Metaspace: 58844K(59712K)->58844K(59712K) NonClass: 51377K(51840K)->51377K(51840K) Class: 7467K(7872K)->7467K(7872K)
[22.383s][info][gc             ] GC(116) Pause Young (Allocation Failure) 252M->102M(502M) 6.535ms
[22.383s][info][gc,cpu         ] GC(116) User=0.00s Sys=0.00s Real=0.00s
[22.438s][info][gc,start       ] GC(117) Pause Young (Allocation Failure)
[22.455s][info][gc,heap        ] GC(117) PSYoungGen: 161216K(164352K)->7648K(164864K) Eden: 157184K(157184K)->0K(157184K) From: 4032K(7168K)->7648K(7680K)
[22.455s][info][gc,heap        ] GC(117) ParOldGen: 101113K(349696K)->104882K(349696K)
[22.455s][info][gc,metaspace   ] GC(117) Metaspace: 58847K(59712K)->58847K(59712K) NonClass: 51380K(51840K)->51380K(51840K) Class: 7467K(7872K)->7467K(7872K)
[22.455s][info][gc             ] GC(117) Pause Young (Allocation Failure) 256M->109M(502M) 17.103ms
[22.455s][info][gc,cpu         ] GC(117) User=0.03s Sys=0.00s Real=0.02s
[22.513s][info][gc,start       ] GC(118) Pause Young (Allocation Failure)
[22.525s][info][gc,heap        ] GC(118) PSYoungGen: 164832K(164864K)->6656K(160768K) Eden: 157184K(157184K)->0K(151040K) From: 7648K(7680K)->6656K(9728K)
[22.525s][info][gc,heap        ] GC(118) ParOldGen: 104882K(349696K)->111786K(349696K)
[22.526s][info][gc,metaspace   ] GC(118) Metaspace: 58847K(59712K)->58847K(59712K) NonClass: 51380K(51840K)->51380K(51840K) Class: 7467K(7872K)->7467K(7872K)
[22.526s][info][gc             ] GC(118) Pause Young (Allocation Failure) 263M->115M(498M) 12.982ms
[22.526s][info][gc,cpu         ] GC(118) User=0.19s Sys=0.00s Real=0.02s
[22.576s][info][gc,start       ] GC(119) Pause Young (Allocation Failure)
[22.588s][info][gc,heap        ] GC(119) PSYoungGen: 157696K(160768K)->5664K(162816K) Eden: 151040K(151040K)->0K(151040K) From: 6656K(9728K)->5664K(11776K)
[22.589s][info][gc,heap        ] GC(119) ParOldGen: 111786K(349696K)->118314K(349696K)
[22.589s][info][gc,metaspace   ] GC(119) Metaspace: 58847K(59712K)->58847K(59712K) NonClass: 51380K(51840K)->51380K(51840K) Class: 7467K(7872K)->7467K(7872K)
[22.589s][info][gc             ] GC(119) Pause Young (Allocation Failure) 263M->121M(500M) 12.889ms
[22.589s][info][gc,cpu         ] GC(119) User=0.05s Sys=0.00s Real=0.02s
[22.633s][info][gc,start       ] GC(120) Pause Young (Allocation Failure)
[22.646s][info][gc,heap        ] GC(120) PSYoungGen: 156704K(162816K)->8064K(160768K) Eden: 151040K(151040K)->0K(148992K) From: 5664K(11776K)->8064K(11776K)
[22.646s][info][gc,heap        ] GC(120) ParOldGen: 118314K(349696K)->123818K(349696K)
[22.646s][info][gc,metaspace   ] GC(120) Metaspace: 58847K(59712K)->58847K(59712K) NonClass: 51380K(51840K)->51380K(51840K) Class: 7467K(7872K)->7467K(7872K)
[22.646s][info][gc             ] GC(120) Pause Young (Allocation Failure) 268M->128M(498M) 13.125ms
[22.646s][info][gc,cpu         ] GC(120) User=0.19s Sys=0.00s Real=0.02s
[22.689s][info][gc,start       ] GC(121) Pause Young (Allocation Failure)
[22.706s][info][gc,heap        ] GC(121) PSYoungGen: 157056K(160768K)->6144K(161792K) Eden: 148992K(148992K)->0K(148992K) From: 8064K(11776K)->6144K(12800K)
[22.706s][info][gc,heap        ] GC(121) ParOldGen: 123818K(349696K)->131690K(349696K)
[22.706s][info][gc,metaspace   ] GC(121) Metaspace: 58847K(59712K)->58847K(59712K) NonClass: 51380K(51840K)->51380K(51840K) Class: 7467K(7872K)->7467K(7872K)
[22.706s][info][gc             ] GC(121) Pause Young (Allocation Failure) 274M->134M(499M) 17.083ms
[22.706s][info][gc,cpu         ] GC(121) User=0.17s Sys=0.00s Real=0.02s
[22.748s][info][gc,start       ] GC(122) Pause Young (Allocation Failure)
[22.789s][info][gc,heap        ] GC(122) PSYoungGen: 155136K(161792K)->6336K(161792K) Eden: 148992K(148992K)->0K(148992K) From: 6144K(12800K)->6336K(12800K)
[22.789s][info][gc,heap        ] GC(122) ParOldGen: 131690K(349696K)->137738K(349696K)
[22.789s][info][gc,metaspace   ] GC(122) Metaspace: 58847K(59712K)->58847K(59712K) NonClass: 51380K(51840K)->51380K(51840K) Class: 7467K(7872K)->7467K(7872K)
[22.789s][info][gc             ] GC(122) Pause Young (Allocation Failure) 280M->140M(499M) 41.433ms
[22.789s][info][gc,cpu         ] GC(122) User=0.42s Sys=0.00s Real=0.05s
[22.838s][info][gc,start       ] GC(123) Pause Young (Allocation Failure)
[22.867s][info][gc,heap        ] GC(123) PSYoungGen: 155328K(161792K)->1504K(150528K) Eden: 148992K(148992K)->0K(148992K) From: 6336K(12800K)->1504K(1536K)
[22.867s][info][gc,heap        ] GC(123) ParOldGen: 137738K(349696K)->143906K(349696K)
[22.867s][info][gc,metaspace   ] GC(123) Metaspace: 58848K(59712K)->58848K(59712K) NonClass: 51381K(51840K)->51381K(51840K) Class: 7467K(7872K)->7467K(7872K)
[22.867s][info][gc             ] GC(123) Pause Young (Allocation Failure) 286M->142M(488M) 29.662ms
[22.867s][info][gc,cpu         ] GC(123) User=0.38s Sys=0.00s Real=0.03s
[22.915s][info][gc,start       ] GC(124) Pause Young (Allocation Failure)
[22.923s][info][gc,heap        ] GC(124) PSYoungGen: 150496K(150528K)->192K(161280K) Eden: 148992K(148992K)->0K(148992K) From: 1504K(1536K)->192K(12288K)
[22.923s][info][gc,heap        ] GC(124) ParOldGen: 143906K(349696K)->145346K(349696K)
[22.923s][info][gc,metaspace   ] GC(124) Metaspace: 58848K(59712K)->58848K(59712K) NonClass: 51381K(51840K)->51381K(51840K) Class: 7467K(7872K)->7467K(7872K)
[22.923s][info][gc             ] GC(124) Pause Young (Allocation Failure) 287M->142M(499M) 8.066ms
[22.923s][info][gc,cpu         ] GC(124) User=0.17s Sys=0.00s Real=0.02s
[22.971s][info][gc,start       ] GC(125) Pause Young (Allocation Failure)
[22.972s][info][gc,heap        ] GC(125) PSYoungGen: 149184K(161280K)->256K(161280K) Eden: 148992K(148992K)->0K(148992K) From: 192K(12288K)->256K(12288K)
[22.972s][info][gc,heap        ] GC(125) ParOldGen: 145346K(349696K)->145354K(349696K)
[22.972s][info][gc,metaspace   ] GC(125) Metaspace: 58848K(59712K)->58848K(59712K) NonClass: 51381K(51840K)->51381K(51840K) Class: 7467K(7872K)->7467K(7872K)
[22.972s][info][gc             ] GC(125) Pause Young (Allocation Failure) 287M->142M(499M) 1.395ms
[22.972s][info][gc,cpu         ] GC(125) User=0.00s Sys=0.00s Real=0.00s
[23.028s][info][gc,start       ] GC(126) Pause Young (Allocation Failure)
[23.029s][info][gc,heap        ] GC(126) PSYoungGen: 149248K(161280K)->256K(161792K) Eden: 148992K(148992K)->0K(150016K) From: 256K(12288K)->256K(11776K)
[23.029s][info][gc,heap        ] GC(126) ParOldGen: 145354K(349696K)->145370K(349696K)
[23.029s][info][gc,metaspace   ] GC(126) Metaspace: 58848K(59712K)->58848K(59712K) NonClass: 51381K(51840K)->51381K(51840K) Class: 7467K(7872K)->7467K(7872K)
[23.029s][info][gc             ] GC(126) Pause Young (Allocation Failure) 287M->142M(499M) 1.507ms
[23.029s][info][gc,cpu         ] GC(126) User=0.00s Sys=0.00s Real=0.00s
[23.085s][info][gc,start       ] GC(127) Pause Young (Allocation Failure)
[23.086s][info][gc,heap        ] GC(127) PSYoungGen: 150272K(161792K)->288K(161792K) Eden: 150016K(150016K)->0K(150016K) From: 256K(11776K)->288K(11776K)
[23.086s][info][gc,heap        ] GC(127) ParOldGen: 145370K(349696K)->145378K(349696K)
[23.086s][info][gc,metaspace   ] GC(127) Metaspace: 58848K(59712K)->58848K(59712K) NonClass: 51381K(51840K)->51381K(51840K) Class: 7467K(7872K)->7467K(7872K)
[23.086s][info][gc             ] GC(127) Pause Young (Allocation Failure) 288M->142M(499M) 1.447ms
[23.086s][info][gc,cpu         ] GC(127) User=0.00s Sys=0.00s Real=0.00s
[23.134s][info][gc,start       ] GC(128) Pause Young (Allocation Failure)
[23.135s][info][gc,heap        ] GC(128) PSYoungGen: 150304K(161792K)->256K(162304K) Eden: 150016K(150016K)->0K(151552K) From: 288K(11776K)->256K(10752K)
[23.135s][info][gc,heap        ] GC(128) ParOldGen: 145378K(349696K)->145394K(349696K)
[23.135s][info][gc,metaspace   ] GC(128) Metaspace: 58848K(59712K)->58848K(59712K) NonClass: 51381K(51840K)->51381K(51840K) Class: 7467K(7872K)->7467K(7872K)
[23.135s][info][gc             ] GC(128) Pause Young (Allocation Failure) 288M->142M(500M) 1.327ms
[23.135s][info][gc,cpu         ] GC(128) User=0.00s Sys=0.00s Real=0.00s
[23.229s][info][gc,start       ] GC(129) Pause Young (Allocation Failure)
[23.230s][info][gc,heap        ] GC(129) PSYoungGen: 151808K(162304K)->352K(162304K) Eden: 151552K(151552K)->0K(151552K) From: 256K(10752K)->352K(10752K)
[23.230s][info][gc,heap        ] GC(129) ParOldGen: 145394K(349696K)->145418K(349696K)
[23.230s][info][gc,metaspace   ] GC(129) Metaspace: 58867K(59712K)->58867K(59712K) NonClass: 51400K(51840K)->51400K(51840K) Class: 7467K(7872K)->7467K(7872K)
[23.230s][info][gc             ] GC(129) Pause Young (Allocation Failure) 290M->142M(500M) 1.535ms
[23.230s][info][gc,cpu         ] GC(129) User=0.00s Sys=0.00s Real=0.00s
[23.335s][info][gc,start       ] GC(130) Pause Young (Allocation Failure)
[23.336s][info][gc,heap        ] GC(130) PSYoungGen: 151904K(162304K)->192K(163328K) Eden: 151552K(151552K)->0K(153600K) From: 352K(10752K)->192K(9728K)
[23.336s][info][gc,heap        ] GC(130) ParOldGen: 145418K(349696K)->145506K(349696K)
[23.336s][info][gc,metaspace   ] GC(130) Metaspace: 58867K(59712K)->58867K(59712K) NonClass: 51400K(51840K)->51400K(51840K) Class: 7467K(7872K)->7467K(7872K)
[23.336s][info][gc             ] GC(130) Pause Young (Allocation Failure) 290M->142M(501M) 1.418ms
[23.336s][info][gc,cpu         ] GC(130) User=0.00s Sys=0.00s Real=0.00s
[23.426s][info][gc,start       ] GC(131) Pause Young (Allocation Failure)
[23.428s][info][gc,heap        ] GC(131) PSYoungGen: 153792K(163328K)->192K(163328K) Eden: 153600K(153600K)->0K(153600K) From: 192K(9728K)->192K(9728K)
[23.428s][info][gc,heap        ] GC(131) ParOldGen: 145506K(349696K)->145514K(349696K)
[23.428s][info][gc,metaspace   ] GC(131) Metaspace: 58867K(59712K)->58867K(59712K) NonClass: 51400K(51840K)->51400K(51840K) Class: 7467K(7872K)->7467K(7872K)
[23.428s][info][gc             ] GC(131) Pause Young (Allocation Failure) 292M->142M(501M) 1.382ms
[23.428s][info][gc,cpu         ] GC(131) User=0.00s Sys=0.00s Real=0.00s
[23.518s][info][gc,start       ] GC(132) Pause Young (Allocation Failure)
[23.519s][info][gc,heap        ] GC(132) PSYoungGen: 153792K(163328K)->160K(164352K) Eden: 153600K(153600K)->0K(155648K) From: 192K(9728K)->160K(8704K)
[23.519s][info][gc,heap        ] GC(132) ParOldGen: 145514K(349696K)->145522K(349696K)
[23.519s][info][gc,metaspace   ] GC(132) Metaspace: 58867K(59712K)->58867K(59712K) NonClass: 51400K(51840K)->51400K(51840K) Class: 7467K(7872K)->7467K(7872K)
[23.519s][info][gc             ] GC(132) Pause Young (Allocation Failure) 292M->142M(502M) 1.395ms
[23.520s][info][gc,cpu         ] GC(132) User=0.00s Sys=0.00s Real=0.00s
[23.611s][info][gc,start       ] GC(133) Pause Young (Allocation Failure)
[23.612s][info][gc,heap        ] GC(133) PSYoungGen: 155808K(164352K)->224K(164352K) Eden: 155648K(155648K)->0K(155648K) From: 160K(8704K)->224K(8704K)
[23.612s][info][gc,heap        ] GC(133) ParOldGen: 145522K(349696K)->145530K(349696K)
[23.612s][info][gc,metaspace   ] GC(133) Metaspace: 58867K(59712K)->58867K(59712K) NonClass: 51400K(51840K)->51400K(51840K) Class: 7467K(7872K)->7467K(7872K)
[23.612s][info][gc             ] GC(133) Pause Young (Allocation Failure) 294M->142M(502M) 1.429ms
[23.613s][info][gc,cpu         ] GC(133) User=0.00s Sys=0.00s Real=0.00s
[23.721s][info][gc,start       ] GC(134) Pause Young (Allocation Failure)
[23.722s][info][gc,heap        ] GC(134) PSYoungGen: 155872K(164352K)->128K(164864K) Eden: 155648K(155648K)->0K(157184K) From: 224K(8704K)->128K(7680K)
[23.722s][info][gc,heap        ] GC(134) ParOldGen: 145530K(349696K)->145538K(349696K)
[23.722s][info][gc,metaspace   ] GC(134) Metaspace: 58867K(59712K)->58867K(59712K) NonClass: 51400K(51840K)->51400K(51840K) Class: 7467K(7872K)->7467K(7872K)
[23.722s][info][gc             ] GC(134) Pause Young (Allocation Failure) 294M->142M(502M) 1.320ms
[23.722s][info][gc,cpu         ] GC(134) User=0.00s Sys=0.00s Real=0.00s
[23.811s][info][gc,start       ] GC(135) Pause Young (System.gc())
[23.812s][info][gc,heap        ] GC(135) PSYoungGen: 64323K(164864K)->384K(157696K) Eden: 64195K(157184K)->0K(157184K) From: 128K(7680K)->384K(512K)
[23.812s][info][gc,heap        ] GC(135) ParOldGen: 145538K(349696K)->145554K(349696K)
[23.812s][info][gc,metaspace   ] GC(135) Metaspace: 58884K(59712K)->58884K(59712K) NonClass: 51417K(51840K)->51417K(51840K) Class: 7467K(7872K)->7467K(7872K)
[23.812s][info][gc             ] GC(135) Pause Young (System.gc()) 204M->142M(495M) 1.437ms
[23.812s][info][gc,cpu         ] GC(135) User=0.00s Sys=0.00s Real=0.00s
[23.813s][info][gc,start       ] GC(136) Pause Full (System.gc())
[23.813s][info][gc,phases,start] GC(136) Marking Phase
[23.896s][info][gc,phases      ] GC(136) Marking Phase 83.021ms
[23.896s][info][gc,phases,start] GC(136) Summary Phase
[23.896s][info][gc,phases      ] GC(136) Summary Phase 0.015ms
[23.896s][info][gc,phases,start] GC(136) Adjust Roots
[23.901s][info][gc,phases      ] GC(136) Adjust Roots 5.638ms
[23.901s][info][gc,phases,start] GC(136) Compaction Phase
[23.920s][info][gc,phases      ] GC(136) Compaction Phase 19.059ms
[23.920s][info][gc,phases,start] GC(136) Post Compact
[23.921s][info][gc,phases      ] GC(136) Post Compact 0.842ms
[23.921s][info][gc,heap        ] GC(136) PSYoungGen: 384K(157696K)->0K(157696K) Eden: 0K(157184K)->0K(157184K) From: 384K(512K)->0K(512K)
[23.921s][info][gc,heap        ] GC(136) ParOldGen: 145554K(349696K)->101151K(349696K)
[23.921s][info][gc,metaspace   ] GC(136) Metaspace: 58884K(59712K)->58884K(59712K) NonClass: 51417K(51840K)->51417K(51840K) Class: 7467K(7872K)->7467K(7872K)
[23.921s][info][gc             ] GC(136) Pause Full (System.gc()) 142M->98M(495M) 108.809ms
[23.921s][info][gc,cpu         ] GC(136) User=0.89s Sys=0.00s Real=0.11s
[24.059s][info][gc,start       ] GC(137) Pause Young (Allocation Failure)
[24.062s][info][gc,heap        ] GC(137) PSYoungGen: 157184K(157696K)->3776K(164864K) Eden: 157184K(157184K)->0K(157184K) From: 0K(512K)->3776K(7680K)
[24.062s][info][gc,heap        ] GC(137) ParOldGen: 101151K(349696K)->101159K(349696K)
[24.062s][info][gc,metaspace   ] GC(137) Metaspace: 58941K(59840K)->58941K(59840K) NonClass: 51473K(51968K)->51473K(51968K) Class: 7467K(7872K)->7467K(7872K)
[24.062s][info][gc             ] GC(137) Pause Young (Allocation Failure) 252M->102M(502M) 3.151ms
[24.062s][info][gc,cpu         ] GC(137) User=0.00s Sys=0.00s Real=0.00s
[24.118s][info][gc,start       ] GC(138) Pause Young (Allocation Failure)
[24.127s][info][gc,heap        ] GC(138) PSYoungGen: 160960K(164864K)->7296K(164864K) Eden: 157184K(157184K)->0K(157184K) From: 3776K(7680K)->7296K(7680K)
[24.127s][info][gc,heap        ] GC(138) ParOldGen: 101159K(349696K)->104691K(349696K)
[24.127s][info][gc,metaspace   ] GC(138) Metaspace: 58941K(59840K)->58941K(59840K) NonClass: 51474K(51968K)->51474K(51968K) Class: 7467K(7872K)->7467K(7872K)
[24.127s][info][gc             ] GC(138) Pause Young (Allocation Failure) 255M->109M(502M) 8.830ms
[24.127s][info][gc,cpu         ] GC(138) User=0.19s Sys=0.00s Real=0.02s
[24.181s][info][gc,start       ] GC(139) Pause Young (Allocation Failure)
[24.193s][info][gc,heap        ] GC(139) PSYoungGen: 164480K(164864K)->6528K(163328K) Eden: 157184K(157184K)->0K(154112K) From: 7296K(7680K)->6528K(9216K)
[24.193s][info][gc,heap        ] GC(139) ParOldGen: 104691K(349696K)->111323K(349696K)
[24.193s][info][gc,metaspace   ] GC(139) Metaspace: 58941K(59840K)->58941K(59840K) NonClass: 51474K(51968K)->51474K(51968K) Class: 7467K(7872K)->7467K(7872K)
[24.193s][info][gc             ] GC(139) Pause Young (Allocation Failure) 262M->115M(501M) 12.716ms
[24.193s][info][gc,cpu         ] GC(139) User=0.03s Sys=0.00s Real=0.02s
[24.248s][info][gc,start       ] GC(140) Pause Young (Allocation Failure)
[24.262s][info][gc,heap        ] GC(140) PSYoungGen: 160640K(163328K)->5568K(159744K) Eden: 154112K(154112K)->0K(154112K) From: 6528K(9216K)->5568K(5632K)
[24.262s][info][gc,heap        ] GC(140) ParOldGen: 111323K(349696K)->117667K(349696K)
[24.262s][info][gc,metaspace   ] GC(140) Metaspace: 58941K(59840K)->58941K(59840K) NonClass: 51474K(51968K)->51474K(51968K) Class: 7467K(7872K)->7467K(7872K)
[24.262s][info][gc             ] GC(140) Pause Young (Allocation Failure) 265M->120M(497M) 13.867ms
[24.262s][info][gc,cpu         ] GC(140) User=0.09s Sys=0.00s Real=0.02s
[24.309s][info][gc,start       ] GC(141) Pause Young (Allocation Failure)
[24.322s][info][gc,heap        ] GC(141) PSYoungGen: 159680K(159744K)->8032K(161792K) Eden: 154112K(154112K)->0K(151040K) From: 5568K(5632K)->8032K(10752K)
[24.322s][info][gc,heap        ] GC(141) ParOldGen: 117667K(349696K)->123035K(349696K)
[24.322s][info][gc,metaspace   ] GC(141) Metaspace: 58941K(59840K)->58941K(59840K) NonClass: 51474K(51968K)->51474K(51968K) Class: 7467K(7872K)->7467K(7872K)
[24.322s][info][gc             ] GC(141) Pause Young (Allocation Failure) 270M->127M(499M) 13.452ms
[24.322s][info][gc,cpu         ] GC(141) User=0.00s Sys=0.00s Real=0.00s
[24.368s][info][gc,start       ] GC(142) Pause Young (Allocation Failure)
[24.381s][info][gc,heap        ] GC(142) PSYoungGen: 159072K(161792K)->6240K(157696K) Eden: 151040K(151040K)->0K(151040K) From: 8032K(10752K)->6240K(6656K)
[24.381s][info][gc,heap        ] GC(142) ParOldGen: 123035K(349696K)->130939K(349696K)
[24.381s][info][gc,metaspace   ] GC(142) Metaspace: 58941K(59840K)->58941K(59840K) NonClass: 51474K(51968K)->51474K(51968K) Class: 7467K(7872K)->7467K(7872K)
[24.381s][info][gc             ] GC(142) Pause Young (Allocation Failure) 275M->133M(495M) 13.021ms
[24.381s][info][gc,cpu         ] GC(142) User=0.05s Sys=0.00s Real=0.02s
[24.428s][info][gc,start       ] GC(143) Pause Young (Allocation Failure)
[24.528s][info][gc,heap        ] GC(143) PSYoungGen: 157280K(157696K)->6560K(162304K) Eden: 151040K(151040K)->0K(150016K) From: 6240K(6656K)->6560K(12288K)
[24.528s][info][gc,heap        ] GC(143) ParOldGen: 130939K(349696K)->137067K(349696K)
[24.528s][info][gc,metaspace   ] GC(143) Metaspace: 58941K(59840K)->58941K(59840K) NonClass: 51474K(51968K)->51474K(51968K) Class: 7467K(7872K)->7467K(7872K)
[24.528s][info][gc             ] GC(143) Pause Young (Allocation Failure) 281M->140M(500M) 100.611ms
[24.528s][info][gc,cpu         ] GC(143) User=0.52s Sys=0.00s Real=0.11s
[24.577s][info][gc,start       ] GC(144) Pause Young (Allocation Failure)
[24.607s][info][gc,heap        ] GC(144) PSYoungGen: 156576K(162304K)->2016K(152064K) Eden: 150016K(150016K)->0K(150016K) From: 6560K(12288K)->2016K(2048K)
[24.607s][info][gc,heap        ] GC(144) ParOldGen: 137067K(349696K)->143531K(349696K)
[24.607s][info][gc,metaspace   ] GC(144) Metaspace: 58942K(59840K)->58942K(59840K) NonClass: 51475K(51968K)->51475K(51968K) Class: 7467K(7872K)->7467K(7872K)
[24.607s][info][gc             ] GC(144) Pause Young (Allocation Failure) 286M->142M(490M) 29.785ms
[24.607s][info][gc,cpu         ] GC(144) User=0.38s Sys=0.00s Real=0.03s
[24.663s][info][gc,start       ] GC(145) Pause Young (Allocation Failure)
[24.672s][info][gc,heap        ] GC(145) PSYoungGen: 152032K(152064K)->128K(161792K) Eden: 150016K(150016K)->0K(150016K) From: 2016K(2048K)->128K(11776K)
[24.672s][info][gc,heap        ] GC(145) ParOldGen: 143531K(349696K)->145379K(349696K)
[24.672s][info][gc,metaspace   ] GC(145) Metaspace: 58942K(59840K)->58942K(59840K) NonClass: 51475K(51968K)->51475K(51968K) Class: 7467K(7872K)->7467K(7872K)
[24.672s][info][gc             ] GC(145) Pause Young (Allocation Failure) 288M->142M(499M) 9.421ms
[24.672s][info][gc,cpu         ] GC(145) User=0.17s Sys=0.00s Real=0.01s
[24.725s][info][gc,start       ] GC(146) Pause Young (Allocation Failure)
[24.726s][info][gc,heap        ] GC(146) PSYoungGen: 150144K(161792K)->192K(161792K) Eden: 150016K(150016K)->0K(150016K) From: 128K(11776K)->192K(11776K)
[24.726s][info][gc,heap        ] GC(146) ParOldGen: 145379K(349696K)->145395K(349696K)
[24.726s][info][gc,metaspace   ] GC(146) Metaspace: 58942K(59840K)->58942K(59840K) NonClass: 51475K(51968K)->51475K(51968K) Class: 7467K(7872K)->7467K(7872K)
[24.726s][info][gc             ] GC(146) Pause Young (Allocation Failure) 288M->142M(499M) 1.392ms
[24.726s][info][gc,cpu         ] GC(146) User=0.00s Sys=0.00s Real=0.00s
[24.781s][info][gc,start       ] GC(147) Pause Young (Allocation Failure)
[24.782s][info][gc,heap        ] GC(147) PSYoungGen: 150208K(161792K)->192K(162304K) Eden: 150016K(150016K)->0K(151040K) From: 192K(11776K)->192K(11264K)
[24.782s][info][gc,heap        ] GC(147) ParOldGen: 145395K(349696K)->145403K(349696K)
[24.782s][info][gc,metaspace   ] GC(147) Metaspace: 58942K(59840K)->58942K(59840K) NonClass: 51475K(51968K)->51475K(51968K) Class: 7467K(7872K)->7467K(7872K)
[24.782s][info][gc             ] GC(147) Pause Young (Allocation Failure) 288M->142M(500M) 1.355ms
[24.782s][info][gc,cpu         ] GC(147) User=0.00s Sys=0.00s Real=0.00s
[24.837s][info][gc,start       ] GC(148) Pause Young (Allocation Failure)
[24.838s][info][gc,heap        ] GC(148) PSYoungGen: 151232K(162304K)->224K(162304K) Eden: 151040K(151040K)->0K(151040K) From: 192K(11264K)->224K(11264K)
[24.838s][info][gc,heap        ] GC(148) ParOldGen: 145403K(349696K)->145411K(349696K)
[24.838s][info][gc,metaspace   ] GC(148) Metaspace: 58942K(59840K)->58942K(59840K) NonClass: 51475K(51968K)->51475K(51968K) Class: 7467K(7872K)->7467K(7872K)
[24.838s][info][gc             ] GC(148) Pause Young (Allocation Failure) 289M->142M(500M) 1.511ms
[24.839s][info][gc,cpu         ] GC(148) User=0.00s Sys=0.02s Real=0.01s
[24.893s][info][gc,start       ] GC(149) Pause Young (Allocation Failure)
[24.894s][info][gc,heap        ] GC(149) PSYoungGen: 151264K(162304K)->256K(162816K) Eden: 151040K(151040K)->0K(152576K) From: 224K(11264K)->256K(10240K)
[24.894s][info][gc,heap        ] GC(149) ParOldGen: 145411K(349696K)->145419K(349696K)
[24.894s][info][gc,metaspace   ] GC(149) Metaspace: 58942K(59840K)->58942K(59840K) NonClass: 51475K(51968K)->51475K(51968K) Class: 7467K(7872K)->7467K(7872K)
[24.894s][info][gc             ] GC(149) Pause Young (Allocation Failure) 289M->142M(500M) 1.440ms
[24.894s][info][gc,cpu         ] GC(149) User=0.00s Sys=0.00s Real=0.00s
[24.987s][info][gc,start       ] GC(150) Pause Young (Allocation Failure)
[24.989s][info][gc,heap        ] GC(150) PSYoungGen: 152832K(162816K)->384K(162816K) Eden: 152576K(152576K)->0K(152576K) From: 256K(10240K)->384K(10240K)
[24.989s][info][gc,heap        ] GC(150) ParOldGen: 145419K(349696K)->145427K(349696K)
[24.989s][info][gc,metaspace   ] GC(150) Metaspace: 58943K(59840K)->58943K(59840K) NonClass: 51476K(51968K)->51476K(51968K) Class: 7467K(7872K)->7467K(7872K)
[24.989s][info][gc             ] GC(150) Pause Young (Allocation Failure) 291M->142M(500M) 1.597ms
[24.989s][info][gc,cpu         ] GC(150) User=0.00s Sys=0.00s Real=0.00s
[25.079s][info][gc,start       ] GC(151) Pause Young (Allocation Failure)
[25.081s][info][gc,heap        ] GC(151) PSYoungGen: 152960K(162816K)->160K(163840K) Eden: 152576K(152576K)->0K(154624K) From: 384K(10240K)->160K(9216K)
[25.081s][info][gc,heap        ] GC(151) ParOldGen: 145427K(349696K)->145515K(349696K)
[25.081s][info][gc,metaspace   ] GC(151) Metaspace: 58943K(59840K)->58943K(59840K) NonClass: 51476K(51968K)->51476K(51968K) Class: 7467K(7872K)->7467K(7872K)
[25.081s][info][gc             ] GC(151) Pause Young (Allocation Failure) 291M->142M(501M) 1.431ms
[25.081s][info][gc,cpu         ] GC(151) User=0.00s Sys=0.00s Real=0.00s
[25.201s][info][gc,start       ] GC(152) Pause Young (Allocation Failure)
[25.203s][info][gc,heap        ] GC(152) PSYoungGen: 154784K(163840K)->128K(163840K) Eden: 154624K(154624K)->0K(154624K) From: 160K(9216K)->128K(9216K)
[25.203s][info][gc,heap        ] GC(152) ParOldGen: 145515K(349696K)->145523K(349696K)
[25.203s][info][gc,metaspace   ] GC(152) Metaspace: 58943K(59840K)->58943K(59840K) NonClass: 51476K(51968K)->51476K(51968K) Class: 7467K(7872K)->7467K(7872K)
[25.203s][info][gc             ] GC(152) Pause Young (Allocation Failure) 293M->142M(501M) 1.520ms
[25.203s][info][gc,cpu         ] GC(152) User=0.00s Sys=0.00s Real=0.00s
[25.294s][info][gc,start       ] GC(153) Pause Young (Allocation Failure)
[25.296s][info][gc,heap        ] GC(153) PSYoungGen: 154752K(163840K)->192K(164352K) Eden: 154624K(154624K)->0K(156160K) From: 128K(9216K)->192K(8192K)
[25.296s][info][gc,heap        ] GC(153) ParOldGen: 145523K(349696K)->145539K(349696K)
[25.296s][info][gc,metaspace   ] GC(153) Metaspace: 58943K(59840K)->58943K(59840K) NonClass: 51476K(51968K)->51476K(51968K) Class: 7467K(7872K)->7467K(7872K)
[25.296s][info][gc             ] GC(153) Pause Young (Allocation Failure) 293M->142M(502M) 1.442ms
[25.296s][info][gc,cpu         ] GC(153) User=0.00s Sys=0.00s Real=0.00s
[25.391s][info][gc,start       ] GC(154) Pause Young (Allocation Failure)
[25.392s][info][gc,heap        ] GC(154) PSYoungGen: 156352K(164352K)->192K(164864K) Eden: 156160K(156160K)->0K(156160K) From: 192K(8192K)->192K(8704K)
[25.392s][info][gc,heap        ] GC(154) ParOldGen: 145539K(349696K)->145547K(349696K)
[25.392s][info][gc,metaspace   ] GC(154) Metaspace: 58943K(59840K)->58943K(59840K) NonClass: 51476K(51968K)->51476K(51968K) Class: 7467K(7872K)->7467K(7872K)
[25.392s][info][gc             ] GC(154) Pause Young (Allocation Failure) 294M->142M(502M) 1.523ms
[25.393s][info][gc,cpu         ] GC(154) User=0.00s Sys=0.00s Real=0.00s
[25.484s][info][gc,start       ] GC(155) Pause Young (Allocation Failure)
[25.486s][info][gc,heap        ] GC(155) PSYoungGen: 156352K(164864K)->160K(164864K) Eden: 156160K(156160K)->0K(157696K) From: 192K(8704K)->160K(7168K)
[25.486s][info][gc,heap        ] GC(155) ParOldGen: 145547K(349696K)->145555K(349696K)
[25.486s][info][gc,metaspace   ] GC(155) Metaspace: 58943K(59840K)->58943K(59840K) NonClass: 51476K(51968K)->51476K(51968K) Class: 7467K(7872K)->7467K(7872K)
[25.486s][info][gc             ] GC(155) Pause Young (Allocation Failure) 294M->142M(502M) 1.531ms
[25.486s][info][gc,cpu         ] GC(155) User=0.00s Sys=0.00s Real=0.00s
[25.556s][info][gc,start       ] GC(156) Pause Young (System.gc())
[25.557s][info][gc,heap        ] GC(156) PSYoungGen: 43027K(164864K)->384K(158208K) Eden: 42867K(157696K)->0K(157696K) From: 160K(7168K)->384K(512K)
[25.557s][info][gc,heap        ] GC(156) ParOldGen: 145555K(349696K)->145563K(349696K)
[25.557s][info][gc,metaspace   ] GC(156) Metaspace: 58961K(59840K)->58961K(59840K) NonClass: 51493K(51968K)->51493K(51968K) Class: 7468K(7872K)->7468K(7872K)
[25.557s][info][gc             ] GC(156) Pause Young (System.gc()) 184M->142M(496M) 1.632ms
[25.557s][info][gc,cpu         ] GC(156) User=0.00s Sys=0.00s Real=0.00s
[25.557s][info][gc,start       ] GC(157) Pause Full (System.gc())
[25.558s][info][gc,phases,start] GC(157) Marking Phase
[25.641s][info][gc,phases      ] GC(157) Marking Phase 83.748ms
[25.641s][info][gc,phases,start] GC(157) Summary Phase
[25.641s][info][gc,phases      ] GC(157) Summary Phase 0.013ms
[25.641s][info][gc,phases,start] GC(157) Adjust Roots
[25.647s][info][gc,phases      ] GC(157) Adjust Roots 5.198ms
[25.647s][info][gc,phases,start] GC(157) Compaction Phase
[25.667s][info][gc,phases      ] GC(157) Compaction Phase 20.803ms
[25.667s][info][gc,phases,start] GC(157) Post Compact
[25.668s][info][gc,phases      ] GC(157) Post Compact 1.014ms
[25.668s][info][gc,heap        ] GC(157) PSYoungGen: 384K(158208K)->0K(158208K) Eden: 0K(157696K)->0K(157696K) From: 384K(512K)->0K(512K)
[25.669s][info][gc,heap        ] GC(157) ParOldGen: 145563K(349696K)->101195K(349696K)
[25.669s][info][gc,metaspace   ] GC(157) Metaspace: 58961K(59840K)->58961K(59840K) NonClass: 51493K(51968K)->51493K(51968K) Class: 7468K(7872K)->7468K(7872K)
[25.669s][info][gc             ] GC(157) Pause Full (System.gc()) 142M->98M(496M) 111.111ms
[25.669s][info][gc,cpu         ] GC(157) User=0.89s Sys=0.00s Real=0.11s
[25.797s][info][gc,start       ] GC(158) Pause Young (Allocation Failure)
[25.800s][info][gc,heap        ] GC(158) PSYoungGen: 157696K(158208K)->3168K(164864K) Eden: 157696K(157696K)->0K(157696K) From: 0K(512K)->3168K(7168K)
[25.800s][info][gc,heap        ] GC(158) ParOldGen: 101195K(349696K)->101203K(349696K)
[25.800s][info][gc,metaspace   ] GC(158) Metaspace: 59474K(60352K)->59474K(60352K) NonClass: 51921K(52416K)->51921K(52416K) Class: 7552K(7936K)->7552K(7936K)
[25.800s][info][gc             ] GC(158) Pause Young (Allocation Failure) 252M->101M(502M) 2.466ms
[25.800s][info][gc,cpu         ] GC(158) User=0.00s Sys=0.00s Real=0.00s
[25.849s][info][gc,start       ] GC(159) Pause Young (Allocation Failure)
[25.861s][info][gc,heap        ] GC(159) PSYoungGen: 160864K(164864K)->6144K(164864K) Eden: 157696K(157696K)->0K(157696K) From: 3168K(7168K)->6144K(7168K)
[25.861s][info][gc,heap        ] GC(159) ParOldGen: 101203K(349696K)->104097K(349696K)
[25.861s][info][gc,metaspace   ] GC(159) Metaspace: 59475K(60352K)->59475K(60352K) NonClass: 51922K(52416K)->51922K(52416K) Class: 7552K(7936K)->7552K(7936K)
[25.861s][info][gc             ] GC(159) Pause Young (Allocation Failure) 255M->107M(502M) 12.750ms
[25.862s][info][gc,cpu         ] GC(159) User=0.05s Sys=0.00s Real=0.02s
[25.911s][info][gc,start       ] GC(160) Pause Young (Allocation Failure)
[25.927s][info][gc,heap        ] GC(160) PSYoungGen: 163840K(164864K)->7456K(162816K) Eden: 157696K(157696K)->0K(154112K) From: 6144K(7168K)->7456K(8704K)
[25.927s][info][gc,heap        ] GC(160) ParOldGen: 104097K(349696K)->109617K(349696K)
[25.927s][info][gc,metaspace   ] GC(160) Metaspace: 59475K(60352K)->59475K(60352K) NonClass: 51922K(52416K)->51922K(52416K) Class: 7552K(7936K)->7552K(7936K)
[25.927s][info][gc             ] GC(160) Pause Young (Allocation Failure) 261M->114M(500M) 15.201ms
[25.927s][info][gc,cpu         ] GC(160) User=0.05s Sys=0.00s Real=0.02s
[25.971s][info][gc,start       ] GC(161) Pause Young (Allocation Failure)
[25.987s][info][gc,heap        ] GC(161) PSYoungGen: 161568K(162816K)->6528K(160768K) Eden: 154112K(154112K)->0K(154112K) From: 7456K(8704K)->6528K(6656K)
[25.987s][info][gc,heap        ] GC(161) ParOldGen: 109617K(349696K)->116929K(349696K)
[25.987s][info][gc,metaspace   ] GC(161) Metaspace: 59475K(60352K)->59475K(60352K) NonClass: 51922K(52416K)->51922K(52416K) Class: 7552K(7936K)->7552K(7936K)
[25.987s][info][gc             ] GC(161) Pause Young (Allocation Failure) 264M->120M(498M) 15.451ms
[25.987s][info][gc,cpu         ] GC(161) User=0.11s Sys=0.00s Real=0.02s
[26.032s][info][gc,start       ] GC(162) Pause Young (Allocation Failure)
[26.047s][info][gc,heap        ] GC(162) PSYoungGen: 160640K(160768K)->8032K(161792K) Eden: 154112K(154112K)->0K(151040K) From: 6528K(6656K)->8032K(10752K)
[26.047s][info][gc,heap        ] GC(162) ParOldGen: 116929K(349696K)->123249K(349696K)
[26.047s][info][gc,metaspace   ] GC(162) Metaspace: 59475K(60352K)->59475K(60352K) NonClass: 51922K(52416K)->51922K(52416K) Class: 7552K(7936K)->7552K(7936K)
[26.047s][info][gc             ] GC(162) Pause Young (Allocation Failure) 271M->128M(499M) 14.353ms
[26.047s][info][gc,cpu         ] GC(162) User=0.17s Sys=0.00s Real=0.02s
[26.101s][info][gc,start       ] GC(163) Pause Young (Allocation Failure)
[26.117s][info][gc,heap        ] GC(163) PSYoungGen: 159072K(161792K)->6624K(157696K) Eden: 151040K(151040K)->0K(151040K) From: 8032K(10752K)->6624K(6656K)
[26.117s][info][gc,heap        ] GC(163) ParOldGen: 123249K(349696K)->131193K(349696K)
[26.117s][info][gc,metaspace   ] GC(163) Metaspace: 59475K(60352K)->59475K(60352K) NonClass: 51922K(52416K)->51922K(52416K) Class: 7552K(7936K)->7552K(7936K)
[26.117s][info][gc             ] GC(163) Pause Young (Allocation Failure) 275M->134M(495M) 16.264ms
[26.117s][info][gc,cpu         ] GC(163) User=0.05s Sys=0.00s Real=0.02s
[26.167s][info][gc,start       ] GC(164) Pause Young (Allocation Failure)
[26.204s][info][gc,heap        ] GC(164) PSYoungGen: 157664K(157696K)->5920K(162304K) Eden: 151040K(151040K)->0K(150016K) From: 6624K(6656K)->5920K(12288K)
[26.204s][info][gc,heap        ] GC(164) ParOldGen: 131193K(349696K)->137673K(349696K)
[26.204s][info][gc,metaspace   ] GC(164) Metaspace: 59475K(60352K)->59475K(60352K) NonClass: 51922K(52416K)->51922K(52416K) Class: 7552K(7936K)->7552K(7936K)
[26.204s][info][gc             ] GC(164) Pause Young (Allocation Failure) 282M->140M(500M) 37.178ms
[26.204s][info][gc,cpu         ] GC(164) User=0.52s Sys=0.00s Real=0.05s
[26.252s][info][gc,start       ] GC(165) Pause Young (Allocation Failure)
[26.283s][info][gc,heap        ] GC(165) PSYoungGen: 155936K(162304K)->2176K(152576K) Eden: 150016K(150016K)->0K(150016K) From: 5920K(12288K)->2176K(2560K)
[26.283s][info][gc,heap        ] GC(165) ParOldGen: 137673K(349696K)->143465K(349696K)
[26.283s][info][gc,metaspace   ] GC(165) Metaspace: 59480K(60352K)->59480K(60352K) NonClass: 51926K(52416K)->51926K(52416K) Class: 7553K(7936K)->7553K(7936K)
[26.283s][info][gc             ] GC(165) Pause Young (Allocation Failure) 286M->142M(490M) 31.009ms
[26.283s][info][gc,cpu         ] GC(165) User=0.38s Sys=0.00s Real=0.03s
[26.335s][info][gc,start       ] GC(166) Pause Young (Allocation Failure)
[26.345s][info][gc,heap        ] GC(166) PSYoungGen: 152192K(152576K)->192K(161792K) Eden: 150016K(150016K)->0K(150016K) From: 2176K(2560K)->192K(11776K)
[26.345s][info][gc,heap        ] GC(166) ParOldGen: 143465K(349696K)->145497K(349696K)
[26.345s][info][gc,metaspace   ] GC(166) Metaspace: 59480K(60352K)->59480K(60352K) NonClass: 51926K(52416K)->51926K(52416K) Class: 7553K(7936K)->7553K(7936K)
[26.345s][info][gc             ] GC(166) Pause Young (Allocation Failure) 288M->142M(499M) 9.759ms
[26.345s][info][gc,cpu         ] GC(166) User=0.17s Sys=0.00s Real=0.02s
[26.402s][info][gc,start       ] GC(167) Pause Young (Allocation Failure)
[26.403s][info][gc,heap        ] GC(167) PSYoungGen: 150208K(161792K)->224K(161792K) Eden: 150016K(150016K)->0K(150016K) From: 192K(11776K)->224K(11776K)
[26.403s][info][gc,heap        ] GC(167) ParOldGen: 145497K(349696K)->145505K(349696K)
[26.403s][info][gc,metaspace   ] GC(167) Metaspace: 59480K(60352K)->59480K(60352K) NonClass: 51926K(52416K)->51926K(52416K) Class: 7553K(7936K)->7553K(7936K)
[26.403s][info][gc             ] GC(167) Pause Young (Allocation Failure) 288M->142M(499M) 1.353ms
[26.404s][info][gc,cpu         ] GC(167) User=0.00s Sys=0.00s Real=0.00s
[26.467s][info][gc,start       ] GC(168) Pause Young (Allocation Failure)
[26.468s][info][gc,heap        ] GC(168) PSYoungGen: 150240K(161792K)->224K(162304K) Eden: 150016K(150016K)->0K(151040K) From: 224K(11776K)->224K(11264K)
[26.468s][info][gc,heap        ] GC(168) ParOldGen: 145505K(349696K)->145513K(349696K)
[26.468s][info][gc,metaspace   ] GC(168) Metaspace: 59480K(60352K)->59480K(60352K) NonClass: 51926K(52416K)->51926K(52416K) Class: 7553K(7936K)->7553K(7936K)
[26.469s][info][gc             ] GC(168) Pause Young (Allocation Failure) 288M->142M(500M) 1.446ms
[26.469s][info][gc,cpu         ] GC(168) User=0.00s Sys=0.00s Real=0.00s
[26.522s][info][gc,start       ] GC(169) Pause Young (Allocation Failure)
[26.524s][info][gc,heap        ] GC(169) PSYoungGen: 151264K(162304K)->224K(162304K) Eden: 151040K(151040K)->0K(151040K) From: 224K(11264K)->224K(11264K)
[26.524s][info][gc,heap        ] GC(169) ParOldGen: 145513K(349696K)->145529K(349696K)
[26.524s][info][gc,metaspace   ] GC(169) Metaspace: 59480K(60352K)->59480K(60352K) NonClass: 51926K(52416K)->51926K(52416K) Class: 7553K(7936K)->7553K(7936K)
[26.524s][info][gc             ] GC(169) Pause Young (Allocation Failure) 289M->142M(500M) 1.360ms
[26.524s][info][gc,cpu         ] GC(169) User=0.00s Sys=0.00s Real=0.00s
[26.580s][info][gc,start       ] GC(170) Pause Young (Allocation Failure)
[26.581s][info][gc,heap        ] GC(170) PSYoungGen: 151264K(162304K)->224K(162816K) Eden: 151040K(151040K)->0K(152576K) From: 224K(11264K)->224K(10240K)
[26.581s][info][gc,heap        ] GC(170) ParOldGen: 145529K(349696K)->145537K(349696K)
[26.581s][info][gc,metaspace   ] GC(170) Metaspace: 59480K(60352K)->59480K(60352K) NonClass: 51926K(52416K)->51926K(52416K) Class: 7553K(7936K)->7553K(7936K)
[26.581s][info][gc             ] GC(170) Pause Young (Allocation Failure) 289M->142M(500M) 1.495ms
[26.581s][info][gc,cpu         ] GC(170) User=0.00s Sys=0.00s Real=0.00s
[26.668s][info][gc,start       ] GC(171) Pause Young (Allocation Failure)
[26.670s][info][gc,heap        ] GC(171) PSYoungGen: 152800K(162816K)->352K(162816K) Eden: 152576K(152576K)->0K(152576K) From: 224K(10240K)->352K(10240K)
[26.670s][info][gc,heap        ] GC(171) ParOldGen: 145537K(349696K)->145553K(349696K)
[26.670s][info][gc,metaspace   ] GC(171) Metaspace: 59489K(60352K)->59489K(60352K) NonClass: 51935K(52416K)->51935K(52416K) Class: 7553K(7936K)->7553K(7936K)
[26.670s][info][gc             ] GC(171) Pause Young (Allocation Failure) 291M->142M(500M) 1.587ms
[26.670s][info][gc,cpu         ] GC(171) User=0.02s Sys=0.00s Real=0.02s
[26.759s][info][gc,start       ] GC(172) Pause Young (Allocation Failure)
[26.761s][info][gc,heap        ] GC(172) PSYoungGen: 152928K(162816K)->128K(163840K) Eden: 152576K(152576K)->0K(154624K) From: 352K(10240K)->128K(9216K)
[26.761s][info][gc,heap        ] GC(172) ParOldGen: 145553K(349696K)->145641K(349696K)
[26.761s][info][gc,metaspace   ] GC(172) Metaspace: 59489K(60352K)->59489K(60352K) NonClass: 51935K(52416K)->51935K(52416K) Class: 7553K(7936K)->7553K(7936K)
[26.761s][info][gc             ] GC(172) Pause Young (Allocation Failure) 291M->142M(501M) 1.328ms
[26.761s][info][gc,cpu         ] GC(172) User=0.00s Sys=0.00s Real=0.00s
[26.864s][info][gc,start       ] GC(173) Pause Young (Allocation Failure)
[26.865s][info][gc,heap        ] GC(173) PSYoungGen: 154752K(163840K)->224K(163840K) Eden: 154624K(154624K)->0K(154624K) From: 128K(9216K)->224K(9216K)
[26.865s][info][gc,heap        ] GC(173) ParOldGen: 145641K(349696K)->145649K(349696K)
[26.865s][info][gc,metaspace   ] GC(173) Metaspace: 59489K(60352K)->59489K(60352K) NonClass: 51935K(52416K)->51935K(52416K) Class: 7553K(7936K)->7553K(7936K)
[26.865s][info][gc             ] GC(173) Pause Young (Allocation Failure) 293M->142M(501M) 1.420ms
[26.866s][info][gc,cpu         ] GC(173) User=0.00s Sys=0.00s Real=0.00s
[26.973s][info][gc,start       ] GC(174) Pause Young (Allocation Failure)
[26.975s][info][gc,heap        ] GC(174) PSYoungGen: 154848K(163840K)->160K(164352K) Eden: 154624K(154624K)->0K(156160K) From: 224K(9216K)->160K(8192K)
[26.975s][info][gc,heap        ] GC(174) ParOldGen: 145649K(349696K)->145657K(349696K)
[26.975s][info][gc,metaspace   ] GC(174) Metaspace: 59489K(60352K)->59489K(60352K) NonClass: 51935K(52416K)->51935K(52416K) Class: 7553K(7936K)->7553K(7936K)
[26.975s][info][gc             ] GC(174) Pause Young (Allocation Failure) 293M->142M(502M) 1.433ms
[26.975s][info][gc,cpu         ] GC(174) User=0.00s Sys=0.00s Real=0.00s
[27.069s][info][gc,start       ] GC(175) Pause Young (Allocation Failure)
[27.070s][info][gc,heap        ] GC(175) PSYoungGen: 156320K(164352K)->160K(164864K) Eden: 156160K(156160K)->0K(156160K) From: 160K(8192K)->160K(8704K)
[27.070s][info][gc,heap        ] GC(175) ParOldGen: 145657K(349696K)->145665K(349696K)
[27.070s][info][gc,metaspace   ] GC(175) Metaspace: 59489K(60352K)->59489K(60352K) NonClass: 51935K(52416K)->51935K(52416K) Class: 7553K(7936K)->7553K(7936K)
[27.070s][info][gc             ] GC(175) Pause Young (Allocation Failure) 294M->142M(502M) 1.433ms
[27.070s][info][gc,cpu         ] GC(175) User=0.00s Sys=0.00s Real=0.00s
[27.162s][info][gc,start       ] GC(176) Pause Young (Allocation Failure)
[27.163s][info][gc,heap        ] GC(176) PSYoungGen: 156320K(164864K)->192K(164864K) Eden: 156160K(156160K)->0K(157696K) From: 160K(8704K)->192K(7168K)
[27.163s][info][gc,heap        ] GC(176) ParOldGen: 145665K(349696K)->145673K(349696K)
[27.163s][info][gc,metaspace   ] GC(176) Metaspace: 59489K(60352K)->59489K(60352K) NonClass: 51935K(52416K)->51935K(52416K) Class: 7553K(7936K)->7553K(7936K)
[27.163s][info][gc             ] GC(176) Pause Young (Allocation Failure) 294M->142M(502M) 1.473ms
[27.163s][info][gc,cpu         ] GC(176) User=0.00s Sys=0.00s Real=0.00s
[27.282s][info][gc,start       ] GC(177) Pause Young (System.gc())
[27.284s][info][gc,heap        ] GC(177) PSYoungGen: 45864K(164864K)->384K(158208K) Eden: 45672K(157696K)->0K(157696K) From: 192K(7168K)->384K(512K)
[27.284s][info][gc,heap        ] GC(177) ParOldGen: 145673K(349696K)->145689K(349696K)
[27.284s][info][gc,metaspace   ] GC(177) Metaspace: 59506K(60352K)->59506K(60352K) NonClass: 51952K(52416K)->51952K(52416K) Class: 7553K(7936K)->7553K(7936K)
[27.284s][info][gc             ] GC(177) Pause Young (System.gc()) 187M->142M(496M) 1.883ms
[27.284s][info][gc,cpu         ] GC(177) User=0.00s Sys=0.00s Real=0.00s
[27.284s][info][gc,start       ] GC(178) Pause Full (System.gc())
[27.285s][info][gc,phases,start] GC(178) Marking Phase
[27.366s][info][gc,phases      ] GC(178) Marking Phase 81.501ms
[27.366s][info][gc,phases,start] GC(178) Summary Phase
[27.366s][info][gc,phases      ] GC(178) Summary Phase 0.013ms
[27.366s][info][gc,phases,start] GC(178) Adjust Roots
[27.373s][info][gc,phases      ] GC(178) Adjust Roots 6.455ms
[27.373s][info][gc,phases,start] GC(178) Compaction Phase
[27.393s][info][gc,phases      ] GC(178) Compaction Phase 20.567ms
[27.393s][info][gc,phases,start] GC(178) Post Compact
[27.394s][info][gc,phases      ] GC(178) Post Compact 1.204ms
[27.395s][info][gc,heap        ] GC(178) PSYoungGen: 384K(158208K)->0K(158208K) Eden: 0K(157696K)->0K(157696K) From: 384K(512K)->0K(512K)
[27.395s][info][gc,heap        ] GC(178) ParOldGen: 145689K(349696K)->101316K(349696K)
[27.395s][info][gc,metaspace   ] GC(178) Metaspace: 59506K(60352K)->59506K(60352K) NonClass: 51952K(52416K)->51952K(52416K) Class: 7553K(7936K)->7553K(7936K)
[27.395s][info][gc             ] GC(178) Pause Full (System.gc()) 142M->98M(496M) 110.132ms
[27.395s][info][gc,cpu         ] GC(178) User=0.75s Sys=0.00s Real=0.11s
[27.518s][info][gc,start       ] GC(179) Pause Young (Allocation Failure)
[27.524s][info][gc,heap        ] GC(179) PSYoungGen: 157696K(158208K)->3968K(164352K) Eden: 157696K(157696K)->0K(157184K) From: 0K(512K)->3968K(7168K)
[27.524s][info][gc,heap        ] GC(179) ParOldGen: 101316K(349696K)->101316K(349696K)
[27.524s][info][gc,metaspace   ] GC(179) Metaspace: 59536K(60416K)->59536K(60416K) NonClass: 51983K(52480K)->51983K(52480K) Class: 7553K(7936K)->7553K(7936K)
[27.524s][info][gc             ] GC(179) Pause Young (Allocation Failure) 252M->102M(502M) 6.539ms
[27.524s][info][gc,cpu         ] GC(179) User=0.00s Sys=0.00s Real=0.00s
[27.578s][info][gc,start       ] GC(180) Pause Young (Allocation Failure)
[27.592s][info][gc,heap        ] GC(180) PSYoungGen: 161152K(164352K)->7296K(164864K) Eden: 157184K(157184K)->0K(157184K) From: 3968K(7168K)->7296K(7680K)
[27.592s][info][gc,heap        ] GC(180) ParOldGen: 101316K(349696K)->104860K(349696K)
[27.592s][info][gc,metaspace   ] GC(180) Metaspace: 59542K(60416K)->59542K(60416K) NonClass: 51988K(52480K)->51988K(52480K) Class: 7553K(7936K)->7553K(7936K)
[27.592s][info][gc             ] GC(180) Pause Young (Allocation Failure) 256M->109M(502M) 13.724ms
[27.592s][info][gc,cpu         ] GC(180) User=0.02s Sys=0.00s Real=0.02s
[27.649s][info][gc,start       ] GC(181) Pause Young (Allocation Failure)
[27.664s][info][gc,heap        ] GC(181) PSYoungGen: 164480K(164864K)->7712K(162304K) Eden: 157184K(157184K)->0K(153088K) From: 7296K(7680K)->7712K(9216K)
[27.664s][info][gc,heap        ] GC(181) ParOldGen: 104860K(349696K)->111436K(349696K)
[27.664s][info][gc,metaspace   ] GC(181) Metaspace: 59542K(60416K)->59542K(60416K) NonClass: 51988K(52480K)->51988K(52480K) Class: 7553K(7936K)->7553K(7936K)
[27.664s][info][gc             ] GC(181) Pause Young (Allocation Failure) 263M->116M(500M) 15.543ms
[27.664s][info][gc,cpu         ] GC(181) User=0.03s Sys=0.00s Real=0.02s
[27.709s][info][gc,start       ] GC(182) Pause Young (Allocation Failure)
[27.727s][info][gc,heap        ] GC(182) PSYoungGen: 160800K(162304K)->6496K(159744K) Eden: 153088K(153088K)->0K(153088K) From: 7712K(9216K)->6496K(6656K)
[27.727s][info][gc,heap        ] GC(182) ParOldGen: 111436K(349696K)->119044K(349696K)
[27.727s][info][gc,metaspace   ] GC(182) Metaspace: 59542K(60416K)->59542K(60416K) NonClass: 51988K(52480K)->51988K(52480K) Class: 7553K(7936K)->7553K(7936K)
[27.727s][info][gc             ] GC(182) Pause Young (Allocation Failure) 265M->122M(497M) 18.236ms
[27.727s][info][gc,cpu         ] GC(182) User=0.03s Sys=0.00s Real=0.02s
[27.776s][info][gc,start       ] GC(183) Pause Young (Allocation Failure)
[27.790s][info][gc,heap        ] GC(183) PSYoungGen: 159584K(159744K)->7520K(161280K) Eden: 153088K(153088K)->0K(150016K) From: 6496K(6656K)->7520K(11264K)
[27.790s][info][gc,heap        ] GC(183) ParOldGen: 119044K(349696K)->125372K(349696K)
[27.790s][info][gc,metaspace   ] GC(183) Metaspace: 59542K(60416K)->59542K(60416K) NonClass: 51988K(52480K)->51988K(52480K) Class: 7553K(7936K)->7553K(7936K)
[27.790s][info][gc             ] GC(183) Pause Young (Allocation Failure) 272M->129M(499M) 13.986ms
[27.790s][info][gc,cpu         ] GC(183) User=0.17s Sys=0.00s Real=0.02s
[27.832s][info][gc,start       ] GC(184) Pause Young (Allocation Failure)
[27.846s][info][gc,heap        ] GC(184) PSYoungGen: 157536K(161280K)->6272K(162304K) Eden: 150016K(150016K)->0K(150016K) From: 7520K(11264K)->6272K(12288K)
[27.846s][info][gc,heap        ] GC(184) ParOldGen: 125372K(349696K)->132837K(349696K)
[27.846s][info][gc,metaspace   ] GC(184) Metaspace: 59542K(60416K)->59542K(60416K) NonClass: 51988K(52480K)->51988K(52480K) Class: 7553K(7936K)->7553K(7936K)
[27.846s][info][gc             ] GC(184) Pause Young (Allocation Failure) 276M->135M(500M) 13.819ms
[27.846s][info][gc,cpu         ] GC(184) User=0.17s Sys=0.00s Real=0.01s
[27.889s][info][gc,start       ] GC(185) Pause Young (Allocation Failure)
[27.930s][info][gc,heap        ] GC(185) PSYoungGen: 156288K(162304K)->6336K(162304K) Eden: 150016K(150016K)->0K(150016K) From: 6272K(12288K)->6336K(12288K)
[27.930s][info][gc,heap        ] GC(185) ParOldGen: 132837K(349696K)->139029K(349696K)
[27.930s][info][gc,metaspace   ] GC(185) Metaspace: 59542K(60416K)->59542K(60416K) NonClass: 51988K(52480K)->51988K(52480K) Class: 7553K(7936K)->7553K(7936K)
[27.930s][info][gc             ] GC(185) Pause Young (Allocation Failure) 282M->141M(500M) 41.299ms
[27.930s][info][gc,cpu         ] GC(185) User=0.38s Sys=0.00s Real=0.03s
[27.979s][info][gc,start       ] GC(186) Pause Young (Allocation Failure)
[28.006s][info][gc,heap        ] GC(186) PSYoungGen: 156352K(162304K)->608K(162304K) Eden: 150016K(150016K)->0K(150016K) From: 6336K(12288K)->608K(12288K)
[28.006s][info][gc,heap        ] GC(186) ParOldGen: 139029K(349696K)->145237K(349696K)
[28.006s][info][gc,metaspace   ] GC(186) Metaspace: 59549K(60416K)->59549K(60416K) NonClass: 51996K(52480K)->51996K(52480K) Class: 7553K(7936K)->7553K(7936K)
[28.006s][info][gc             ] GC(186) Pause Young (Allocation Failure) 288M->142M(500M) 26.934ms
[28.006s][info][gc,cpu         ] GC(186) User=0.38s Sys=0.00s Real=0.03s
[28.054s][info][gc,start       ] GC(187) Pause Young (Allocation Failure)
[28.057s][info][gc,heap        ] GC(187) PSYoungGen: 150624K(162304K)->160K(161280K) Eden: 150016K(150016K)->0K(150016K) From: 608K(12288K)->160K(11264K)
[28.057s][info][gc,heap        ] GC(187) ParOldGen: 145237K(349696K)->145565K(349696K)
[28.057s][info][gc,metaspace   ] GC(187) Metaspace: 59549K(60416K)->59549K(60416K) NonClass: 51996K(52480K)->51996K(52480K) Class: 7553K(7936K)->7553K(7936K)
[28.057s][info][gc             ] GC(187) Pause Young (Allocation Failure) 288M->142M(499M) 3.129ms
[28.057s][info][gc,cpu         ] GC(187) User=0.00s Sys=0.00s Real=0.00s
[28.111s][info][gc,start       ] GC(188) Pause Young (Allocation Failure)
[28.112s][info][gc,heap        ] GC(188) PSYoungGen: 150176K(161280K)->192K(161792K) Eden: 150016K(150016K)->0K(150016K) From: 160K(11264K)->192K(11776K)
[28.112s][info][gc,heap        ] GC(188) ParOldGen: 145565K(349696K)->145573K(349696K)
[28.112s][info][gc,metaspace   ] GC(188) Metaspace: 59549K(60416K)->59549K(60416K) NonClass: 51996K(52480K)->51996K(52480K) Class: 7553K(7936K)->7553K(7936K)
[28.112s][info][gc             ] GC(188) Pause Young (Allocation Failure) 288M->142M(499M) 0.873ms
[28.112s][info][gc,cpu         ] GC(188) User=0.00s Sys=0.00s Real=0.00s
[28.158s][info][gc,start       ] GC(189) Pause Young (Allocation Failure)
[28.160s][info][gc,heap        ] GC(189) PSYoungGen: 150208K(161792K)->352K(161792K) Eden: 150016K(150016K)->0K(151040K) From: 192K(11776K)->352K(10752K)
[28.160s][info][gc,heap        ] GC(189) ParOldGen: 145573K(349696K)->145589K(349696K)
[28.160s][info][gc,metaspace   ] GC(189) Metaspace: 59552K(60416K)->59552K(60416K) NonClass: 51997K(52480K)->51997K(52480K) Class: 7554K(7936K)->7554K(7936K)
[28.160s][info][gc             ] GC(189) Pause Young (Allocation Failure) 288M->142M(499M) 1.400ms
[28.160s][info][gc,cpu         ] GC(189) User=0.00s Sys=0.00s Real=0.00s
[28.214s][info][gc,start       ] GC(190) Pause Young (Allocation Failure)
[28.215s][info][gc,heap        ] GC(190) PSYoungGen: 151392K(161792K)->224K(162304K) Eden: 151040K(151040K)->0K(151040K) From: 352K(10752K)->224K(11264K)
[28.215s][info][gc,heap        ] GC(190) ParOldGen: 145589K(349696K)->145677K(349696K)
[28.215s][info][gc,metaspace   ] GC(190) Metaspace: 59552K(60416K)->59552K(60416K) NonClass: 51997K(52480K)->51997K(52480K) Class: 7554K(7936K)->7554K(7936K)
[28.215s][info][gc             ] GC(190) Pause Young (Allocation Failure) 290M->142M(500M) 1.350ms
[28.215s][info][gc,cpu         ] GC(190) User=0.00s Sys=0.00s Real=0.00s
[28.271s][info][gc,start       ] GC(191) Pause Young (Allocation Failure)
[28.271s][info][gc,heap        ] GC(191) PSYoungGen: 151264K(162304K)->160K(162304K) Eden: 151040K(151040K)->0K(152576K) From: 224K(11264K)->160K(9728K)
[28.271s][info][gc,heap        ] GC(191) ParOldGen: 145677K(349696K)->145709K(349696K)
[28.272s][info][gc,metaspace   ] GC(191) Metaspace: 59552K(60416K)->59552K(60416K) NonClass: 51997K(52480K)->51997K(52480K) Class: 7554K(7936K)->7554K(7936K)
[28.272s][info][gc             ] GC(191) Pause Young (Allocation Failure) 289M->142M(500M) 0.739ms
[28.272s][info][gc,cpu         ] GC(191) User=0.00s Sys=0.00s Real=0.00s
[28.391s][info][gc,start       ] GC(192) Pause Young (Allocation Failure)
[28.393s][info][gc,heap        ] GC(192) PSYoungGen: 152736K(162304K)->352K(162816K) Eden: 152576K(152576K)->0K(152576K) From: 160K(9728K)->352K(10240K)
[28.393s][info][gc,heap        ] GC(192) ParOldGen: 145709K(349696K)->145717K(349696K)
[28.393s][info][gc,metaspace   ] GC(192) Metaspace: 59555K(60416K)->59555K(60416K) NonClass: 52000K(52480K)->52000K(52480K) Class: 7554K(7936K)->7554K(7936K)
[28.393s][info][gc             ] GC(192) Pause Young (Allocation Failure) 291M->142M(500M) 1.465ms
[28.393s][info][gc,cpu         ] GC(192) User=0.00s Sys=0.00s Real=0.00s
[28.515s][info][gc,start       ] GC(193) Pause Young (Allocation Failure)
[28.517s][info][gc,heap        ] GC(193) PSYoungGen: 152928K(162816K)->128K(163328K) Eden: 152576K(152576K)->0K(154112K) From: 352K(10240K)->128K(9216K)
[28.517s][info][gc,heap        ] GC(193) ParOldGen: 145717K(349696K)->145805K(349696K)
[28.517s][info][gc,metaspace   ] GC(193) Metaspace: 59555K(60416K)->59555K(60416K) NonClass: 52000K(52480K)->52000K(52480K) Class: 7554K(7936K)->7554K(7936K)
[28.517s][info][gc             ] GC(193) Pause Young (Allocation Failure) 291M->142M(501M) 1.496ms
[28.517s][info][gc,cpu         ] GC(193) User=0.00s Sys=0.00s Real=0.00s
[28.608s][info][gc,start       ] GC(194) Pause Young (Allocation Failure)
[28.609s][info][gc,heap        ] GC(194) PSYoungGen: 154240K(163328K)->128K(163840K) Eden: 154112K(154112K)->0K(154112K) From: 128K(9216K)->128K(9728K)
[28.609s][info][gc,heap        ] GC(194) ParOldGen: 145805K(349696K)->145821K(349696K)
[28.609s][info][gc,metaspace   ] GC(194) Metaspace: 59555K(60416K)->59555K(60416K) NonClass: 52000K(52480K)->52000K(52480K) Class: 7554K(7936K)->7554K(7936K)
[28.609s][info][gc             ] GC(194) Pause Young (Allocation Failure) 293M->142M(501M) 0.749ms
[28.609s][info][gc,cpu         ] GC(194) User=0.00s Sys=0.00s Real=0.00s
[28.714s][info][gc,start       ] GC(195) Pause Young (Allocation Failure)
[28.715s][info][gc,heap        ] GC(195) PSYoungGen: 154240K(163840K)->96K(163840K) Eden: 154112K(154112K)->0K(155648K) From: 128K(9728K)->96K(8192K)
[28.715s][info][gc,heap        ] GC(195) ParOldGen: 145821K(349696K)->145829K(349696K)
[28.715s][info][gc,metaspace   ] GC(195) Metaspace: 59555K(60416K)->59555K(60416K) NonClass: 52000K(52480K)->52000K(52480K) Class: 7554K(7936K)->7554K(7936K)
[28.715s][info][gc             ] GC(195) Pause Young (Allocation Failure) 293M->142M(501M) 1.302ms
[28.715s][info][gc,cpu         ] GC(195) User=0.00s Sys=0.00s Real=0.00s
[28.825s][info][gc,start       ] GC(196) Pause Young (Allocation Failure)
[28.826s][info][gc,heap        ] GC(196) PSYoungGen: 155744K(163840K)->128K(164352K) Eden: 155648K(155648K)->0K(155648K) From: 96K(8192K)->128K(8704K)
[28.826s][info][gc,heap        ] GC(196) ParOldGen: 145829K(349696K)->145837K(349696K)
[28.826s][info][gc,metaspace   ] GC(196) Metaspace: 59555K(60416K)->59555K(60416K) NonClass: 52000K(52480K)->52000K(52480K) Class: 7554K(7936K)->7554K(7936K)
[28.826s][info][gc             ] GC(196) Pause Young (Allocation Failure) 294M->142M(502M) 1.447ms
[28.826s][info][gc,cpu         ] GC(196) User=0.03s Sys=0.00s Real=0.02s
[28.934s][info][gc,start       ] GC(197) Pause Young (Allocation Failure)
[28.935s][info][gc,heap        ] GC(197) PSYoungGen: 155776K(164352K)->160K(164864K) Eden: 155648K(155648K)->0K(157696K) From: 128K(8704K)->160K(7168K)
[28.936s][info][gc,heap        ] GC(197) ParOldGen: 145837K(349696K)->145845K(349696K)
[28.936s][info][gc,metaspace   ] GC(197) Metaspace: 59555K(60416K)->59555K(60416K) NonClass: 52000K(52480K)->52000K(52480K) Class: 7554K(7936K)->7554K(7936K)
[28.936s][info][gc             ] GC(197) Pause Young (Allocation Failure) 294M->142M(502M) 1.466ms
[28.936s][info][gc,cpu         ] GC(197) User=0.03s Sys=0.00s Real=0.02s
[29.007s][info][gc,start       ] GC(198) Pause Young (System.gc())
[29.008s][info][gc,heap        ] GC(198) PSYoungGen: 45853K(164864K)->416K(158208K) Eden: 45693K(157696K)->0K(157696K) From: 160K(7168K)->416K(512K)
[29.008s][info][gc,heap        ] GC(198) ParOldGen: 145845K(349696K)->145853K(349696K)
[29.008s][info][gc,metaspace   ] GC(198) Metaspace: 59576K(60480K)->59576K(60480K) NonClass: 52021K(52544K)->52021K(52544K) Class: 7555K(7936K)->7555K(7936K)
[29.008s][info][gc             ] GC(198) Pause Young (System.gc()) 187M->142M(496M) 1.318ms
[29.008s][info][gc,cpu         ] GC(198) User=0.00s Sys=0.00s Real=0.00s
[29.009s][info][gc,start       ] GC(199) Pause Full (System.gc())
[29.009s][info][gc,phases,start] GC(199) Marking Phase
[29.093s][info][gc,phases      ] GC(199) Marking Phase 84.220ms
[29.093s][info][gc,phases,start] GC(199) Summary Phase
[29.093s][info][gc,phases      ] GC(199) Summary Phase 0.014ms
[29.093s][info][gc,phases,start] GC(199) Adjust Roots
[29.099s][info][gc,phases      ] GC(199) Adjust Roots 6.144ms
[29.099s][info][gc,phases,start] GC(199) Compaction Phase
[29.119s][info][gc,phases      ] GC(199) Compaction Phase 19.807ms
[29.119s][info][gc,phases,start] GC(199) Post Compact
[29.120s][info][gc,phases      ] GC(199) Post Compact 1.013ms
[29.120s][info][gc,heap        ] GC(199) PSYoungGen: 416K(158208K)->0K(158208K) Eden: 0K(157696K)->0K(157696K) From: 416K(512K)->0K(512K)
[29.120s][info][gc,heap        ] GC(199) ParOldGen: 145853K(349696K)->101360K(349696K)
[29.120s][info][gc,metaspace   ] GC(199) Metaspace: 59576K(60480K)->59576K(60480K) NonClass: 52021K(52544K)->52021K(52544K) Class: 7555K(7936K)->7555K(7936K)
[29.120s][info][gc             ] GC(199) Pause Full (System.gc()) 142M->98M(496M) 111.538ms
[29.120s][info][gc,cpu         ] GC(199) User=0.91s Sys=0.00s Real=0.11s
[29.250s][info][gc,start       ] GC(200) Pause Young (Allocation Failure)
[29.253s][info][gc,heap        ] GC(200) PSYoungGen: 157696K(158208K)->3136K(164352K) Eden: 157696K(157696K)->0K(157184K) From: 0K(512K)->3136K(7168K)
[29.253s][info][gc,heap        ] GC(200) ParOldGen: 101360K(349696K)->101368K(349696K)
[29.253s][info][gc,metaspace   ] GC(200) Metaspace: 59637K(60544K)->59637K(60544K) NonClass: 52081K(52608K)->52081K(52608K) Class: 7556K(7936K)->7556K(7936K)
[29.253s][info][gc             ] GC(200) Pause Young (Allocation Failure) 252M->102M(502M) 2.749ms
[29.253s][info][gc,cpu         ] GC(200) User=0.00s Sys=0.00s Real=0.00s
[29.306s][info][gc,start       ] GC(201) Pause Young (Allocation Failure)
[29.315s][info][gc,heap        ] GC(201) PSYoungGen: 160320K(164352K)->7136K(164864K) Eden: 157184K(157184K)->0K(157184K) From: 3136K(7168K)->7136K(7680K)
[29.315s][info][gc,heap        ] GC(201) ParOldGen: 101368K(349696K)->104225K(349696K)
[29.315s][info][gc,metaspace   ] GC(201) Metaspace: 59644K(60544K)->59644K(60544K) NonClass: 52088K(52608K)->52088K(52608K) Class: 7556K(7936K)->7556K(7936K)
[29.315s][info][gc             ] GC(201) Pause Young (Allocation Failure) 255M->108M(502M) 8.698ms
[29.315s][info][gc,cpu         ] GC(201) User=0.00s Sys=0.00s Real=0.00s
[29.371s][info][gc,start       ] GC(202) Pause Young (Allocation Failure)
[29.386s][info][gc,heap        ] GC(202) PSYoungGen: 164320K(164864K)->6016K(164352K) Eden: 157184K(157184K)->0K(155136K) From: 7136K(7680K)->6016K(9216K)
[29.386s][info][gc,heap        ] GC(202) ParOldGen: 104225K(349696K)->110761K(349696K)
[29.386s][info][gc,metaspace   ] GC(202) Metaspace: 59644K(60544K)->59644K(60544K) NonClass: 52088K(52608K)->52088K(52608K) Class: 7556K(7936K)->7556K(7936K)
[29.386s][info][gc             ] GC(202) Pause Young (Allocation Failure) 262M->114M(502M) 15.518ms
[29.387s][info][gc,cpu         ] GC(202) User=0.03s Sys=0.00s Real=0.02s
[29.438s][info][gc,start       ] GC(203) Pause Young (Allocation Failure)
[29.449s][info][gc,heap        ] GC(203) PSYoungGen: 161152K(164352K)->5696K(161280K) Eden: 155136K(155136K)->0K(155136K) From: 6016K(9216K)->5696K(6144K)
[29.449s][info][gc,heap        ] GC(203) ParOldGen: 110761K(349696K)->116601K(349696K)
[29.449s][info][gc,metaspace   ] GC(203) Metaspace: 59644K(60544K)->59644K(60544K) NonClass: 52088K(52608K)->52088K(52608K) Class: 7556K(7936K)->7556K(7936K)
[29.449s][info][gc             ] GC(203) Pause Young (Allocation Failure) 265M->119M(499M) 11.655ms
[29.449s][info][gc,cpu         ] GC(203) User=0.03s Sys=0.00s Real=0.01s
[29.503s][info][gc,start       ] GC(204) Pause Young (Allocation Failure)
[29.539s][info][gc,heap        ] GC(204) PSYoungGen: 160832K(161280K)->5440K(163328K) Eden: 155136K(155136K)->0K(153088K) From: 5696K(6144K)->5440K(10240K)
[29.539s][info][gc,heap        ] GC(204) ParOldGen: 116601K(349696K)->122161K(349696K)
[29.539s][info][gc,metaspace   ] GC(204) Metaspace: 59644K(60544K)->59644K(60544K) NonClass: 52088K(52608K)->52088K(52608K) Class: 7556K(7936K)->7556K(7936K)
[29.539s][info][gc             ] GC(204) Pause Young (Allocation Failure) 270M->124M(501M) 35.847ms
[29.539s][info][gc,cpu         ] GC(204) User=0.34s Sys=0.00s Real=0.03s
[29.583s][info][gc,start       ] GC(205) Pause Young (Allocation Failure)
[29.596s][info][gc,heap        ] GC(205) PSYoungGen: 158528K(163328K)->8064K(161280K) Eden: 153088K(153088K)->0K(153088K) From: 5440K(10240K)->8064K(8192K)
[29.596s][info][gc,heap        ] GC(205) ParOldGen: 122161K(349696K)->127521K(349696K)
[29.596s][info][gc,metaspace   ] GC(205) Metaspace: 59644K(60544K)->59644K(60544K) NonClass: 52088K(52608K)->52088K(52608K) Class: 7556K(7936K)->7556K(7936K)
[29.596s][info][gc             ] GC(205) Pause Young (Allocation Failure) 274M->132M(499M) 12.545ms
[29.596s][info][gc,cpu         ] GC(205) User=0.00s Sys=0.00s Real=0.00s
[29.639s][info][gc,start       ] GC(206) Pause Young (Allocation Failure)
[29.655s][info][gc,heap        ] GC(206) PSYoungGen: 161152K(161280K)->6464K(161792K) Eden: 153088K(153088K)->0K(150016K) From: 8064K(8192K)->6464K(11776K)
[29.656s][info][gc,heap        ] GC(206) ParOldGen: 127521K(349696K)->135393K(349696K)
[29.656s][info][gc,metaspace   ] GC(206) Metaspace: 59644K(60544K)->59644K(60544K) NonClass: 52088K(52608K)->52088K(52608K) Class: 7556K(7936K)->7556K(7936K)
[29.656s][info][gc             ] GC(206) Pause Young (Allocation Failure) 281M->138M(499M) 16.169ms
[29.656s][info][gc,cpu         ] GC(206) User=0.05s Sys=0.00s Real=0.01s
[29.709s][info][gc,start       ] GC(207) Pause Young (Allocation Failure)
[29.744s][info][gc,heap        ] GC(207) PSYoungGen: 156480K(161792K)->4000K(154112K) Eden: 150016K(150016K)->0K(150016K) From: 6464K(11776K)->4000K(4096K)
[29.744s][info][gc,heap        ] GC(207) ParOldGen: 135393K(349696K)->141745K(349696K)
[29.744s][info][gc,metaspace   ] GC(207) Metaspace: 59648K(60544K)->59648K(60544K) NonClass: 52092K(52608K)->52092K(52608K) Class: 7556K(7936K)->7556K(7936K)
[29.744s][info][gc             ] GC(207) Pause Young (Allocation Failure) 285M->142M(492M) 34.460ms
[29.744s][info][gc,cpu         ] GC(207) User=0.38s Sys=0.00s Real=0.03s
[29.792s][info][gc,start       ] GC(208) Pause Young (Allocation Failure)
[29.808s][info][gc,heap        ] GC(208) PSYoungGen: 154016K(154112K)->224K(161792K) Eden: 150016K(150016K)->0K(150528K) From: 4000K(4096K)->224K(11264K)
[29.808s][info][gc,heap        ] GC(208) ParOldGen: 141745K(349696K)->145593K(349696K)
[29.809s][info][gc,metaspace   ] GC(208) Metaspace: 59648K(60544K)->59648K(60544K) NonClass: 52092K(52608K)->52092K(52608K) Class: 7556K(7936K)->7556K(7936K)
[29.809s][info][gc             ] GC(208) Pause Young (Allocation Failure) 288M->142M(499M) 16.668ms
[29.809s][info][gc,cpu         ] GC(208) User=0.17s Sys=0.00s Real=0.02s
[29.859s][info][gc,start       ] GC(209) Pause Young (Allocation Failure)
[29.860s][info][gc,heap        ] GC(209) PSYoungGen: 150752K(161792K)->192K(161792K) Eden: 150528K(150528K)->0K(150528K) From: 224K(11264K)->192K(11264K)
[29.860s][info][gc,heap        ] GC(209) ParOldGen: 145593K(349696K)->145601K(349696K)
[29.860s][info][gc,metaspace   ] GC(209) Metaspace: 59648K(60544K)->59648K(60544K) NonClass: 52092K(52608K)->52092K(52608K) Class: 7556K(7936K)->7556K(7936K)
[29.860s][info][gc             ] GC(209) Pause Young (Allocation Failure) 289M->142M(499M) 1.403ms
[29.860s][info][gc,cpu         ] GC(209) User=0.00s Sys=0.00s Real=0.00s
[29.917s][info][gc,start       ] GC(210) Pause Young (Allocation Failure)
[29.959s][info][gc,heap        ] GC(210) PSYoungGen: 150720K(161792K)->192K(162304K) Eden: 150528K(150528K)->0K(152064K) From: 192K(11264K)->192K(10240K)
[29.959s][info][gc,heap        ] GC(210) ParOldGen: 145601K(349696K)->145609K(349696K)
[29.959s][info][gc,metaspace   ] GC(210) Metaspace: 59648K(60544K)->59648K(60544K) NonClass: 52092K(52608K)->52092K(52608K) Class: 7556K(7936K)->7556K(7936K)
[29.959s][info][gc             ] GC(210) Pause Young (Allocation Failure) 289M->142M(500M) 42.204ms
[29.959s][info][gc,cpu         ] GC(210) User=0.00s Sys=0.00s Real=0.05s
[30.022s][info][gc,start       ] GC(211) Pause Young (Allocation Failure)
[30.024s][info][gc,heap        ] GC(211) PSYoungGen: 152256K(162304K)->192K(162816K) Eden: 152064K(152064K)->0K(152064K) From: 192K(10240K)->192K(10752K)
[30.024s][info][gc,heap        ] GC(211) ParOldGen: 145609K(349696K)->145617K(349696K)
[30.024s][info][gc,metaspace   ] GC(211) Metaspace: 59648K(60544K)->59648K(60544K) NonClass: 52092K(52608K)->52092K(52608K) Class: 7556K(7936K)->7556K(7936K)
[30.024s][info][gc             ] GC(211) Pause Young (Allocation Failure) 290M->142M(500M) 1.426ms
[30.024s][info][gc,cpu         ] GC(211) User=0.00s Sys=0.00s Real=0.00s
[30.121s][info][gc,start       ] GC(212) Pause Young (Allocation Failure)
[30.123s][info][gc,heap        ] GC(212) PSYoungGen: 152256K(162816K)->352K(163840K) Eden: 152064K(152064K)->0K(153600K) From: 192K(10752K)->352K(10240K)
[30.123s][info][gc,heap        ] GC(212) ParOldGen: 145617K(349696K)->145633K(349696K)
[30.123s][info][gc,metaspace   ] GC(212) Metaspace: 59648K(60544K)->59648K(60544K) NonClass: 52092K(52608K)->52092K(52608K) Class: 7556K(7936K)->7556K(7936K)
[30.123s][info][gc             ] GC(212) Pause Young (Allocation Failure) 290M->142M(501M) 1.491ms
[30.123s][info][gc,cpu         ] GC(212) User=0.00s Sys=0.00s Real=0.00s
[30.235s][info][gc,start       ] GC(213) Pause Young (Allocation Failure)
[30.236s][info][gc,heap        ] GC(213) PSYoungGen: 153952K(163840K)->128K(163840K) Eden: 153600K(153600K)->0K(153600K) From: 352K(10240K)->128K(10240K)
[30.236s][info][gc,heap        ] GC(213) ParOldGen: 145633K(349696K)->145721K(349696K)
[30.236s][info][gc,metaspace   ] GC(213) Metaspace: 59648K(60544K)->59648K(60544K) NonClass: 52092K(52608K)->52092K(52608K) Class: 7556K(7936K)->7556K(7936K)
[30.236s][info][gc             ] GC(213) Pause Young (Allocation Failure) 292M->142M(501M) 1.463ms
[30.236s][info][gc,cpu         ] GC(213) User=0.00s Sys=0.00s Real=0.00s
[30.326s][info][gc,start       ] GC(214) Pause Young (Allocation Failure)
[30.327s][info][gc,heap        ] GC(214) PSYoungGen: 153728K(163840K)->160K(163840K) Eden: 153600K(153600K)->0K(154624K) From: 128K(10240K)->160K(9216K)
[30.327s][info][gc,heap        ] GC(214) ParOldGen: 145721K(349696K)->145729K(349696K)
[30.327s][info][gc,metaspace   ] GC(214) Metaspace: 59648K(60544K)->59648K(60544K) NonClass: 52092K(52608K)->52092K(52608K) Class: 7556K(7936K)->7556K(7936K)
[30.327s][info][gc             ] GC(214) Pause Young (Allocation Failure) 292M->142M(501M) 1.479ms
[30.327s][info][gc,cpu         ] GC(214) User=0.00s Sys=0.00s Real=0.00s
[30.437s][info][gc,start       ] GC(215) Pause Young (Allocation Failure)
[30.438s][info][gc,heap        ] GC(215) PSYoungGen: 154784K(163840K)->160K(163840K) Eden: 154624K(154624K)->0K(154624K) From: 160K(9216K)->160K(9216K)
[30.438s][info][gc,heap        ] GC(215) ParOldGen: 145729K(349696K)->145737K(349696K)
[30.438s][info][gc,metaspace   ] GC(215) Metaspace: 59648K(60544K)->59648K(60544K) NonClass: 52092K(52608K)->52092K(52608K) Class: 7556K(7936K)->7556K(7936K)
[30.438s][info][gc             ] GC(215) Pause Young (Allocation Failure) 293M->142M(501M) 1.334ms
[30.438s][info][gc,cpu         ] GC(215) User=0.00s Sys=0.00s Real=0.00s
[30.541s][info][gc,start       ] GC(216) Pause Young (Allocation Failure)
[30.543s][info][gc,heap        ] GC(216) PSYoungGen: 154784K(163840K)->224K(164864K) Eden: 154624K(154624K)->0K(156672K) From: 160K(9216K)->224K(8192K)
[30.543s][info][gc,heap        ] GC(216) ParOldGen: 145737K(349696K)->145745K(349696K)
[30.543s][info][gc,metaspace   ] GC(216) Metaspace: 59648K(60544K)->59648K(60544K) NonClass: 52092K(52608K)->52092K(52608K) Class: 7556K(7936K)->7556K(7936K)
[30.543s][info][gc             ] GC(216) Pause Young (Allocation Failure) 293M->142M(502M) 1.413ms
[30.543s][info][gc,cpu         ] GC(216) User=0.00s Sys=0.00s Real=0.00s
[30.650s][info][gc,start       ] GC(217) Pause Young (Allocation Failure)
[30.651s][info][gc,heap        ] GC(217) PSYoungGen: 156896K(164864K)->160K(164864K) Eden: 156672K(156672K)->0K(156672K) From: 224K(8192K)->160K(8192K)
[30.651s][info][gc,heap        ] GC(217) ParOldGen: 145745K(349696K)->145753K(349696K)
[30.651s][info][gc,metaspace   ] GC(217) Metaspace: 59648K(60544K)->59648K(60544K) NonClass: 52092K(52608K)->52092K(52608K) Class: 7556K(7936K)->7556K(7936K)
[30.651s][info][gc             ] GC(217) Pause Young (Allocation Failure) 295M->142M(502M) 1.373ms
[30.651s][info][gc,cpu         ] GC(217) User=0.00s Sys=0.00s Real=0.00s
[30.757s][info][gc,start       ] GC(218) Pause Young (Allocation Failure)
[30.758s][info][gc,heap        ] GC(218) PSYoungGen: 156832K(164864K)->224K(165376K) Eden: 156672K(156672K)->0K(158208K) From: 160K(8192K)->224K(7168K)
[30.758s][info][gc,heap        ] GC(218) ParOldGen: 145753K(349696K)->145761K(349696K)
[30.758s][info][gc,metaspace   ] GC(218) Metaspace: 59648K(60544K)->59648K(60544K) NonClass: 52092K(52608K)->52092K(52608K) Class: 7556K(7936K)->7556K(7936K)
[30.758s][info][gc             ] GC(218) Pause Young (Allocation Failure) 295M->142M(503M) 1.393ms
[30.758s][info][gc,cpu         ] GC(218) User=0.19s Sys=0.00s Real=0.00s
[30.803s][info][gc,start       ] GC(219) Pause Young (System.gc())
[30.804s][info][gc,heap        ] GC(219) PSYoungGen: 31261K(165376K)->384K(158720K) Eden: 31037K(158208K)->0K(158208K) From: 224K(7168K)->384K(512K)
[30.804s][info][gc,heap        ] GC(219) ParOldGen: 145761K(349696K)->145777K(349696K)
[30.804s][info][gc,metaspace   ] GC(219) Metaspace: 59667K(60544K)->59667K(60544K) NonClass: 52111K(52608K)->52111K(52608K) Class: 7556K(7936K)->7556K(7936K)
[30.804s][info][gc             ] GC(219) Pause Young (System.gc()) 172M->142M(496M) 1.587ms
[30.804s][info][gc,cpu         ] GC(219) User=0.00s Sys=0.00s Real=0.00s
[30.804s][info][gc,start       ] GC(220) Pause Full (System.gc())
[30.805s][info][gc,phases,start] GC(220) Marking Phase
[30.892s][info][gc,phases      ] GC(220) Marking Phase 87.045ms
[30.892s][info][gc,phases,start] GC(220) Summary Phase
[30.892s][info][gc,phases      ] GC(220) Summary Phase 0.013ms
[30.892s][info][gc,phases,start] GC(220) Adjust Roots
[30.898s][info][gc,phases      ] GC(220) Adjust Roots 6.000ms
[30.898s][info][gc,phases,start] GC(220) Compaction Phase
[30.917s][info][gc,phases      ] GC(220) Compaction Phase 19.012ms
[30.917s][info][gc,phases,start] GC(220) Post Compact
[30.918s][info][gc,phases      ] GC(220) Post Compact 0.839ms
[30.918s][info][gc,heap        ] GC(220) PSYoungGen: 384K(158720K)->0K(158720K) Eden: 0K(158208K)->0K(158208K) From: 384K(512K)->0K(512K)
[30.918s][info][gc,heap        ] GC(220) ParOldGen: 145777K(349696K)->101406K(349696K)
[30.918s][info][gc,metaspace   ] GC(220) Metaspace: 59667K(60544K)->59667K(60544K) NonClass: 52111K(52608K)->52111K(52608K) Class: 7556K(7936K)->7556K(7936K)
[30.918s][info][gc             ] GC(220) Pause Full (System.gc()) 142M->99M(496M) 113.167ms
[30.918s][info][gc,cpu         ] GC(220) User=0.91s Sys=0.00s Real=0.11s
[31.069s][info][gc,start       ] GC(221) Pause Young (Allocation Failure)
[31.076s][info][gc,heap        ] GC(221) PSYoungGen: 158208K(158720K)->4480K(164864K) Eden: 158208K(158208K)->0K(157696K) From: 0K(512K)->4480K(7168K)
[31.076s][info][gc,heap        ] GC(221) ParOldGen: 101406K(349696K)->101406K(349696K)
[31.076s][info][gc,metaspace   ] GC(221) Metaspace: 59705K(60608K)->59705K(60608K) NonClass: 52147K(52672K)->52147K(52672K) Class: 7557K(7936K)->7557K(7936K)
[31.076s][info][gc             ] GC(221) Pause Young (Allocation Failure) 253M->103M(502M) 6.514ms
[31.076s][info][gc,cpu         ] GC(221) User=0.00s Sys=0.00s Real=0.00s
[31.141s][info][gc,start       ] GC(222) Pause Young (Allocation Failure)
[31.160s][info][gc,heap        ] GC(222) PSYoungGen: 162176K(164864K)->6560K(165376K) Eden: 157696K(157696K)->0K(157696K) From: 4480K(7168K)->6560K(7680K)
[31.160s][info][gc,heap        ] GC(222) ParOldGen: 101406K(349696K)->104959K(349696K)
[31.160s][info][gc,metaspace   ] GC(222) Metaspace: 59707K(60608K)->59707K(60608K) NonClass: 52150K(52672K)->52150K(52672K) Class: 7557K(7936K)->7557K(7936K)
[31.160s][info][gc             ] GC(222) Pause Young (Allocation Failure) 257M->108M(503M) 19.081ms
[31.160s][info][gc,cpu         ] GC(222) User=0.22s Sys=0.00s Real=0.03s
[31.214s][info][gc,start       ] GC(223) Pause Young (Allocation Failure)
[31.226s][info][gc,heap        ] GC(223) PSYoungGen: 164256K(165376K)->7360K(163328K) Eden: 157696K(157696K)->0K(154112K) From: 6560K(7680K)->7360K(9216K)
[31.226s][info][gc,heap        ] GC(223) ParOldGen: 104959K(349696K)->110767K(349696K)
[31.227s][info][gc,metaspace   ] GC(223) Metaspace: 59707K(60608K)->59707K(60608K) NonClass: 52150K(52672K)->52150K(52672K) Class: 7557K(7936K)->7557K(7936K)
[31.227s][info][gc             ] GC(223) Pause Young (Allocation Failure) 262M->115M(501M) 12.321ms
[31.227s][info][gc,cpu         ] GC(223) User=0.19s Sys=0.00s Real=0.02s
[31.272s][info][gc,start       ] GC(224) Pause Young (Allocation Failure)
[31.290s][info][gc,heap        ] GC(224) PSYoungGen: 161472K(163328K)->6560K(160768K) Eden: 154112K(154112K)->0K(154112K) From: 7360K(9216K)->6560K(6656K)
[31.290s][info][gc,heap        ] GC(224) ParOldGen: 110767K(349696K)->117991K(349696K)
[31.290s][info][gc,metaspace   ] GC(224) Metaspace: 59707K(60608K)->59707K(60608K) NonClass: 52150K(52672K)->52150K(52672K) Class: 7557K(7936K)->7557K(7936K)
[31.290s][info][gc             ] GC(224) Pause Young (Allocation Failure) 265M->121M(498M) 18.495ms
[31.290s][info][gc,cpu         ] GC(224) User=0.03s Sys=0.00s Real=0.02s
[31.337s][info][gc,start       ] GC(225) Pause Young (Allocation Failure)
[31.352s][info][gc,heap        ] GC(225) PSYoungGen: 160672K(160768K)->8096K(161280K) Eden: 154112K(154112K)->0K(150016K) From: 6560K(6656K)->8096K(11264K)
[31.352s][info][gc,heap        ] GC(225) ParOldGen: 117991K(349696K)->124423K(349696K)
[31.352s][info][gc,metaspace   ] GC(225) Metaspace: 59707K(60608K)->59707K(60608K) NonClass: 52150K(52672K)->52150K(52672K) Class: 7557K(7936K)->7557K(7936K)
[31.352s][info][gc             ] GC(225) Pause Young (Allocation Failure) 272M->129M(499M) 14.833ms
[31.352s][info][gc,cpu         ] GC(225) User=0.17s Sys=0.00s Real=0.01s
[31.403s][info][gc,start       ] GC(226) Pause Young (Allocation Failure)
[31.417s][info][gc,heap        ] GC(226) PSYoungGen: 158112K(161280K)->7424K(157696K) Eden: 150016K(150016K)->0K(150016K) From: 8096K(11264K)->7424K(7680K)
[31.421s][info][gc,heap        ] GC(226) ParOldGen: 124423K(349696K)->132479K(349696K)
[31.421s][info][gc,metaspace   ] GC(226) Metaspace: 59707K(60608K)->59707K(60608K) NonClass: 52150K(52672K)->52150K(52672K) Class: 7557K(7936K)->7557K(7936K)
[31.421s][info][gc             ] GC(226) Pause Young (Allocation Failure) 275M->136M(495M) 18.014ms
[31.421s][info][gc,cpu         ] GC(226) User=0.17s Sys=0.00s Real=0.02s
[31.473s][info][gc,start       ] GC(227) Pause Young (Allocation Failure)
[31.514s][info][gc,heap        ] GC(227) PSYoungGen: 157440K(157696K)->5952K(161792K) Eden: 150016K(150016K)->0K(148992K) From: 7424K(7680K)->5952K(12800K)
[31.514s][info][gc,heap        ] GC(227) ParOldGen: 132479K(349696K)->139775K(349696K)
[31.514s][info][gc,metaspace   ] GC(227) Metaspace: 59712K(60608K)->59712K(60608K) NonClass: 52154K(52672K)->52154K(52672K) Class: 7557K(7936K)->7557K(7936K)
[31.514s][info][gc             ] GC(227) Pause Young (Allocation Failure) 283M->142M(499M) 41.228ms
[31.514s][info][gc,cpu         ] GC(227) User=0.38s Sys=0.00s Real=0.05s
[31.562s][info][gc,start       ] GC(228) Pause Young (Allocation Failure)
[31.585s][info][gc,heap        ] GC(228) PSYoungGen: 154944K(161792K)->224K(149504K) Eden: 148992K(148992K)->0K(148992K) From: 5952K(12800K)->224K(512K)
[31.585s][info][gc,heap        ] GC(228) ParOldGen: 139775K(349696K)->145647K(349696K)
[31.585s][info][gc,metaspace   ] GC(228) Metaspace: 59712K(60608K)->59712K(60608K) NonClass: 52154K(52672K)->52154K(52672K) Class: 7557K(7936K)->7557K(7936K)
[31.585s][info][gc             ] GC(228) Pause Young (Allocation Failure) 287M->142M(487M) 23.231ms
[31.585s][info][gc,cpu         ] GC(228) User=0.38s Sys=0.00s Real=0.03s
[31.634s][info][gc,start       ] GC(229) Pause Young (Allocation Failure)
[31.636s][info][gc,heap        ] GC(229) PSYoungGen: 149216K(149504K)->160K(161280K) Eden: 148992K(148992K)->0K(148992K) From: 224K(512K)->160K(12288K)
[31.636s][info][gc,heap        ] GC(229) ParOldGen: 145647K(349696K)->145647K(349696K)
[31.636s][info][gc,metaspace   ] GC(229) Metaspace: 59712K(60608K)->59712K(60608K) NonClass: 52154K(52672K)->52154K(52672K) Class: 7557K(7936K)->7557K(7936K)
[31.636s][info][gc             ] GC(229) Pause Young (Allocation Failure) 287M->142M(499M) 1.432ms
[31.636s][info][gc,cpu         ] GC(229) User=0.00s Sys=0.00s Real=0.00s
[31.683s][info][gc,start       ] GC(230) Pause Young (Allocation Failure)
[31.685s][info][gc,heap        ] GC(230) PSYoungGen: 149152K(161280K)->160K(161280K) Eden: 148992K(148992K)->0K(148992K) From: 160K(12288K)->160K(12288K)
[31.685s][info][gc,heap        ] GC(230) ParOldGen: 145647K(349696K)->145663K(349696K)
[31.685s][info][gc,metaspace   ] GC(230) Metaspace: 59712K(60608K)->59712K(60608K) NonClass: 52154K(52672K)->52154K(52672K) Class: 7557K(7936K)->7557K(7936K)
[31.685s][info][gc             ] GC(230) Pause Young (Allocation Failure) 287M->142M(499M) 1.331ms
[31.685s][info][gc,cpu         ] GC(230) User=0.00s Sys=0.00s Real=0.00s
[31.739s][info][gc,start       ] GC(231) Pause Young (Allocation Failure)
[31.740s][info][gc,heap        ] GC(231) PSYoungGen: 149152K(161280K)->192K(161792K) Eden: 148992K(148992K)->0K(150016K) From: 160K(12288K)->192K(11776K)
[31.740s][info][gc,heap        ] GC(231) ParOldGen: 145663K(349696K)->145671K(349696K)
[31.740s][info][gc,metaspace   ] GC(231) Metaspace: 59712K(60608K)->59712K(60608K) NonClass: 52154K(52672K)->52154K(52672K) Class: 7557K(7936K)->7557K(7936K)
[31.740s][info][gc             ] GC(231) Pause Young (Allocation Failure) 287M->142M(499M) 0.769ms
[31.740s][info][gc,cpu         ] GC(231) User=0.16s Sys=0.00s Real=0.02s
[31.796s][info][gc,start       ] GC(232) Pause Young (Allocation Failure)
[31.798s][info][gc,heap        ] GC(232) PSYoungGen: 150208K(161792K)->160K(161792K) Eden: 150016K(150016K)->0K(150016K) From: 192K(11776K)->160K(11776K)
[31.798s][info][gc,heap        ] GC(232) ParOldGen: 145671K(349696K)->145679K(349696K)
[31.798s][info][gc,metaspace   ] GC(232) Metaspace: 59712K(60608K)->59712K(60608K) NonClass: 52154K(52672K)->52154K(52672K) Class: 7557K(7936K)->7557K(7936K)
[31.798s][info][gc             ] GC(232) Pause Young (Allocation Failure) 288M->142M(499M) 1.432ms
[31.798s][info][gc,cpu         ] GC(232) User=0.00s Sys=0.00s Real=0.00s
[31.853s][info][gc,start       ] GC(233) Pause Young (Allocation Failure)
[31.854s][info][gc,heap        ] GC(233) PSYoungGen: 150176K(161792K)->192K(162304K) Eden: 150016K(150016K)->0K(151552K) From: 160K(11776K)->192K(10752K)
[31.854s][info][gc,heap        ] GC(233) ParOldGen: 145679K(349696K)->145695K(349696K)
[31.854s][info][gc,metaspace   ] GC(233) Metaspace: 59712K(60608K)->59712K(60608K) NonClass: 52154K(52672K)->52154K(52672K) Class: 7557K(7936K)->7557K(7936K)
[31.855s][info][gc             ] GC(233) Pause Young (Allocation Failure) 288M->142M(500M) 1.377ms
[31.855s][info][gc,cpu         ] GC(233) User=0.00s Sys=0.00s Real=0.00s
[31.944s][info][gc,start       ] GC(234) Pause Young (Allocation Failure)
[31.945s][info][gc,heap        ] GC(234) PSYoungGen: 151744K(162304K)->352K(162304K) Eden: 151552K(151552K)->0K(151552K) From: 192K(10752K)->352K(10752K)
[31.945s][info][gc,heap        ] GC(234) ParOldGen: 145695K(349696K)->145711K(349696K)
[31.945s][info][gc,metaspace   ] GC(234) Metaspace: 59716K(60608K)->59716K(60608K) NonClass: 52158K(52672K)->52158K(52672K) Class: 7557K(7936K)->7557K(7936K)
[31.945s][info][gc             ] GC(234) Pause Young (Allocation Failure) 290M->142M(500M) 1.434ms
[31.945s][info][gc,cpu         ] GC(234) User=0.00s Sys=0.00s Real=0.00s
[32.048s][info][gc,start       ] GC(235) Pause Young (Allocation Failure)
[32.049s][info][gc,heap        ] GC(235) PSYoungGen: 151904K(162304K)->96K(163328K) Eden: 151552K(151552K)->0K(153600K) From: 352K(10752K)->96K(9728K)
[32.049s][info][gc,heap        ] GC(235) ParOldGen: 145711K(349696K)->145799K(349696K)
[32.049s][info][gc,metaspace   ] GC(235) Metaspace: 59716K(60608K)->59716K(60608K) NonClass: 52158K(52672K)->52158K(52672K) Class: 7557K(7936K)->7557K(7936K)
[32.049s][info][gc             ] GC(235) Pause Young (Allocation Failure) 290M->142M(501M) 0.891ms
[32.049s][info][gc,cpu         ] GC(235) User=0.00s Sys=0.00s Real=0.00s
[32.154s][info][gc,start       ] GC(236) Pause Young (Allocation Failure)
[32.156s][info][gc,heap        ] GC(236) PSYoungGen: 153696K(163328K)->192K(163328K) Eden: 153600K(153600K)->0K(153600K) From: 96K(9728K)->192K(9728K)
[32.156s][info][gc,heap        ] GC(236) ParOldGen: 145799K(349696K)->145807K(349696K)
[32.156s][info][gc,metaspace   ] GC(236) Metaspace: 59716K(60608K)->59716K(60608K) NonClass: 52158K(52672K)->52158K(52672K) Class: 7557K(7936K)->7557K(7936K)
[32.156s][info][gc             ] GC(236) Pause Young (Allocation Failure) 292M->142M(501M) 1.459ms
[32.156s][info][gc,cpu         ] GC(236) User=0.00s Sys=0.00s Real=0.00s
[32.246s][info][gc,start       ] GC(237) Pause Young (Allocation Failure)
[32.246s][info][gc,heap        ] GC(237) PSYoungGen: 153792K(163328K)->288K(164352K) Eden: 153600K(153600K)->0K(155648K) From: 192K(9728K)->288K(8704K)
[32.246s][info][gc,heap        ] GC(237) ParOldGen: 145807K(349696K)->145815K(349696K)
[32.246s][info][gc,metaspace   ] GC(237) Metaspace: 59716K(60608K)->59716K(60608K) NonClass: 52158K(52672K)->52158K(52672K) Class: 7557K(7936K)->7557K(7936K)
[32.246s][info][gc             ] GC(237) Pause Young (Allocation Failure) 292M->142M(502M) 0.839ms
[32.246s][info][gc,cpu         ] GC(237) User=0.52s Sys=0.00s Real=0.01s
[32.337s][info][gc,start       ] GC(238) Pause Young (Allocation Failure)
[32.338s][info][gc,heap        ] GC(238) PSYoungGen: 155936K(164352K)->160K(164352K) Eden: 155648K(155648K)->0K(155648K) From: 288K(8704K)->160K(8704K)
[32.338s][info][gc,heap        ] GC(238) ParOldGen: 145815K(349696K)->145831K(349696K)
[32.338s][info][gc,metaspace   ] GC(238) Metaspace: 59716K(60608K)->59716K(60608K) NonClass: 52158K(52672K)->52158K(52672K) Class: 7557K(7936K)->7557K(7936K)
[32.339s][info][gc             ] GC(238) Pause Young (Allocation Failure) 294M->142M(502M) 1.320ms
[32.339s][info][gc,cpu         ] GC(238) User=0.00s Sys=0.00s Real=0.00s
[32.444s][info][gc,start       ] GC(239) Pause Young (Allocation Failure)
[32.444s][info][gc,heap        ] GC(239) PSYoungGen: 155808K(164352K)->224K(165376K) Eden: 155648K(155648K)->0K(157696K) From: 160K(8704K)->224K(7680K)
[32.444s][info][gc,heap        ] GC(239) ParOldGen: 145831K(349696K)->145839K(349696K)
[32.444s][info][gc,metaspace   ] GC(239) Metaspace: 59716K(60608K)->59716K(60608K) NonClass: 52158K(52672K)->52158K(52672K) Class: 7557K(7936K)->7557K(7936K)
[32.444s][info][gc             ] GC(239) Pause Young (Allocation Failure) 294M->142M(503M) 0.828ms
[32.444s][info][gc,cpu         ] GC(239) User=0.00s Sys=0.00s Real=0.00s
[32.515s][info][gc,start       ] GC(240) Pause Young (System.gc())
[32.516s][info][gc,heap        ] GC(240) PSYoungGen: 50233K(165376K)->384K(158208K) Eden: 50009K(157696K)->0K(157696K) From: 224K(7680K)->384K(512K)
[32.516s][info][gc,heap        ] GC(240) ParOldGen: 145839K(349696K)->145855K(349696K)
[32.516s][info][gc,metaspace   ] GC(240) Metaspace: 59739K(60608K)->59739K(60608K) NonClass: 52181K(52672K)->52181K(52672K) Class: 7557K(7936K)->7557K(7936K)
[32.516s][info][gc             ] GC(240) Pause Young (System.gc()) 191M->142M(496M) 1.559ms
[32.516s][info][gc,cpu         ] GC(240) User=0.00s Sys=0.00s Real=0.00s
[32.517s][info][gc,start       ] GC(241) Pause Full (System.gc())
[32.517s][info][gc,phases,start] GC(241) Marking Phase
[32.603s][info][gc,phases      ] GC(241) Marking Phase 86.744ms
[32.603s][info][gc,phases,start] GC(241) Summary Phase
[32.603s][info][gc,phases      ] GC(241) Summary Phase 0.015ms
[32.603s][info][gc,phases,start] GC(241) Adjust Roots
[32.610s][info][gc,phases      ] GC(241) Adjust Roots 6.427ms
[32.610s][info][gc,phases,start] GC(241) Compaction Phase
[32.630s][info][gc,phases      ] GC(241) Compaction Phase 20.031ms
[32.630s][info][gc,phases,start] GC(241) Post Compact
[32.631s][info][gc,phases      ] GC(241) Post Compact 1.079ms
[32.631s][info][gc,heap        ] GC(241) PSYoungGen: 384K(158208K)->0K(158208K) Eden: 0K(157696K)->0K(157696K) From: 384K(512K)->0K(512K)
[32.631s][info][gc,heap        ] GC(241) ParOldGen: 145855K(349696K)->101442K(349696K)
[32.631s][info][gc,metaspace   ] GC(241) Metaspace: 59739K(60608K)->59739K(60608K) NonClass: 52181K(52672K)->52181K(52672K) Class: 7557K(7936K)->7557K(7936K)
[32.631s][info][gc             ] GC(241) Pause Full (System.gc()) 142M->99M(496M) 114.731ms
[32.631s][info][gc,cpu         ] GC(241) User=1.05s Sys=0.00s Real=0.11s
[32.754s][info][gc,start       ] GC(242) Pause Young (Allocation Failure)
[32.758s][info][gc,heap        ] GC(242) PSYoungGen: 157696K(158208K)->4064K(164352K) Eden: 157696K(157696K)->0K(157184K) From: 0K(512K)->4064K(7168K)
[32.758s][info][gc,heap        ] GC(242) ParOldGen: 101442K(349696K)->101450K(349696K)
[32.758s][info][gc,metaspace   ] GC(242) Metaspace: 59779K(60608K)->59779K(60608K) NonClass: 52219K(52672K)->52219K(52672K) Class: 7559K(7936K)->7559K(7936K)
[32.758s][info][gc             ] GC(242) Pause Young (Allocation Failure) 253M->103M(502M) 3.244ms
[32.758s][info][gc,cpu         ] GC(242) User=0.00s Sys=0.00s Real=0.00s
[32.812s][info][gc,start       ] GC(243) Pause Young (Allocation Failure)
[32.847s][info][gc,heap        ] GC(243) PSYoungGen: 161248K(164352K)->7360K(164864K) Eden: 157184K(157184K)->0K(157184K) From: 4064K(7168K)->7360K(7680K)
[32.847s][info][gc,heap        ] GC(243) ParOldGen: 101450K(349696K)->104987K(349696K)
[32.847s][info][gc,metaspace   ] GC(243) Metaspace: 59785K(60608K)->59785K(60608K) NonClass: 52225K(52672K)->52225K(52672K) Class: 7559K(7936K)->7559K(7936K)
[32.847s][info][gc             ] GC(243) Pause Young (Allocation Failure) 256M->109M(502M) 34.986ms
[32.847s][info][gc,cpu         ] GC(243) User=0.03s Sys=0.00s Real=0.03s
[32.907s][info][gc,start       ] GC(244) Pause Young (Allocation Failure)
[32.920s][info][gc,heap        ] GC(244) PSYoungGen: 164544K(164864K)->7712K(162304K) Eden: 157184K(157184K)->0K(153088K) From: 7360K(7680K)->7712K(9216K)
[32.920s][info][gc,heap        ] GC(244) ParOldGen: 104987K(349696K)->111731K(349696K)
[32.920s][info][gc,metaspace   ] GC(244) Metaspace: 59785K(60608K)->59785K(60608K) NonClass: 52225K(52672K)->52225K(52672K) Class: 7559K(7936K)->7559K(7936K)
[32.920s][info][gc             ] GC(244) Pause Young (Allocation Failure) 263M->116M(500M) 13.158ms
[32.920s][info][gc,cpu         ] GC(244) User=0.19s Sys=0.00s Real=0.01s
[32.971s][info][gc,start       ] GC(245) Pause Young (Allocation Failure)
[32.984s][info][gc,heap        ] GC(245) PSYoungGen: 160800K(162304K)->5888K(159232K) Eden: 153088K(153088K)->0K(153088K) From: 7712K(9216K)->5888K(6144K)
[32.984s][info][gc,heap        ] GC(245) ParOldGen: 111731K(349696K)->119363K(349696K)
[32.984s][info][gc,metaspace   ] GC(245) Metaspace: 59785K(60608K)->59785K(60608K) NonClass: 52225K(52672K)->52225K(52672K) Class: 7559K(7936K)->7559K(7936K)
[32.984s][info][gc             ] GC(245) Pause Young (Allocation Failure) 266M->122M(497M) 13.299ms
[32.984s][info][gc,cpu         ] GC(245) User=0.19s Sys=0.00s Real=0.02s
[33.035s][info][gc,start       ] GC(246) Pause Young (Allocation Failure)
[33.052s][info][gc,heap        ] GC(246) PSYoungGen: 158976K(159232K)->7616K(161280K) Eden: 153088K(153088K)->0K(150016K) From: 5888K(6144K)->7616K(11264K)
[33.052s][info][gc,heap        ] GC(246) ParOldGen: 119363K(349696K)->125099K(349696K)
[33.052s][info][gc,metaspace   ] GC(246) Metaspace: 59785K(60608K)->59785K(60608K) NonClass: 52225K(52672K)->52225K(52672K) Class: 7559K(7936K)->7559K(7936K)
[33.052s][info][gc             ] GC(246) Pause Young (Allocation Failure) 271M->129M(499M) 17.393ms
[33.052s][info][gc,cpu         ] GC(246) User=0.17s Sys=0.00s Real=0.01s
[33.098s][info][gc,start       ] GC(247) Pause Young (Allocation Failure)
[33.113s][info][gc,heap        ] GC(247) PSYoungGen: 157632K(161280K)->6400K(162304K) Eden: 150016K(150016K)->0K(150016K) From: 7616K(11264K)->6400K(12288K)
[33.113s][info][gc,heap        ] GC(247) ParOldGen: 125099K(349696K)->132571K(349696K)
[33.113s][info][gc,metaspace   ] GC(247) Metaspace: 59785K(60608K)->59785K(60608K) NonClass: 52225K(52672K)->52225K(52672K) Class: 7559K(7936K)->7559K(7936K)
[33.113s][info][gc             ] GC(247) Pause Young (Allocation Failure) 276M->135M(500M) 14.884ms
[33.113s][info][gc,cpu         ] GC(247) User=0.17s Sys=0.00s Real=0.02s
[33.162s][info][gc,start       ] GC(248) Pause Young (Allocation Failure)
[33.207s][info][gc,heap        ] GC(248) PSYoungGen: 156416K(162304K)->6848K(161280K) Eden: 150016K(150016K)->0K(148992K) From: 6400K(12288K)->6848K(12288K)
[33.207s][info][gc,heap        ] GC(248) ParOldGen: 132571K(349696K)->138875K(349696K)
[33.207s][info][gc,metaspace   ] GC(248) Metaspace: 59793K(60608K)->59793K(60608K) NonClass: 52233K(52672K)->52233K(52672K) Class: 7559K(7936K)->7559K(7936K)
[33.207s][info][gc             ] GC(248) Pause Young (Allocation Failure) 282M->142M(499M) 44.291ms
[33.207s][info][gc,cpu         ] GC(248) User=0.56s Sys=0.00s Real=0.05s
[33.255s][info][gc,start       ] GC(249) Pause Young (Allocation Failure)
[33.284s][info][gc,heap        ] GC(249) PSYoungGen: 155840K(161280K)->320K(161792K) Eden: 148992K(148992K)->0K(148992K) From: 6848K(12288K)->320K(12800K)
[33.284s][info][gc,heap        ] GC(249) ParOldGen: 138875K(349696K)->145603K(349696K)
[33.284s][info][gc,metaspace   ] GC(249) Metaspace: 59810K(60672K)->59810K(60672K) NonClass: 52250K(52736K)->52250K(52736K) Class: 7559K(7936K)->7559K(7936K)
[33.284s][info][gc             ] GC(249) Pause Young (Allocation Failure) 287M->142M(499M) 28.651ms
[33.284s][info][gc,cpu         ] GC(249) User=0.17s Sys=0.00s Real=0.01s
[33.332s][info][gc,start       ] GC(250) Pause Young (Allocation Failure)
[33.333s][info][gc,heap        ] GC(250) PSYoungGen: 149312K(161792K)->192K(161792K) Eden: 148992K(148992K)->0K(149504K) From: 320K(12800K)->192K(12288K)
[33.333s][info][gc,heap        ] GC(250) ParOldGen: 145603K(349696K)->145691K(349696K)
[33.333s][info][gc,metaspace   ] GC(250) Metaspace: 59810K(60672K)->59810K(60672K) NonClass: 52250K(52736K)->52250K(52736K) Class: 7559K(7936K)->7559K(7936K)
[33.333s][info][gc             ] GC(250) Pause Young (Allocation Failure) 288M->142M(499M) 1.385ms
[33.333s][info][gc,cpu         ] GC(250) User=0.00s Sys=0.00s Real=0.00s
[33.393s][info][gc,start       ] GC(251) Pause Young (Allocation Failure)
[33.394s][info][gc,heap        ] GC(251) PSYoungGen: 149696K(161792K)->288K(161792K) Eden: 149504K(149504K)->0K(149504K) From: 192K(12288K)->288K(12288K)
[33.394s][info][gc,heap        ] GC(251) ParOldGen: 145691K(349696K)->145707K(349696K)
[33.394s][info][gc,metaspace   ] GC(251) Metaspace: 59810K(60672K)->59810K(60672K) NonClass: 52250K(52736K)->52250K(52736K) Class: 7559K(7936K)->7559K(7936K)
[33.394s][info][gc             ] GC(251) Pause Young (Allocation Failure) 288M->142M(499M) 0.849ms
[33.394s][info][gc,cpu         ] GC(251) User=0.00s Sys=0.00s Real=0.00s
[33.441s][info][gc,start       ] GC(252) Pause Young (Allocation Failure)
[33.442s][info][gc,heap        ] GC(252) PSYoungGen: 149792K(161792K)->256K(161792K) Eden: 149504K(149504K)->0K(150528K) From: 288K(12288K)->256K(11264K)
[33.442s][info][gc,heap        ] GC(252) ParOldGen: 145707K(349696K)->145715K(349696K)
[33.442s][info][gc,metaspace   ] GC(252) Metaspace: 59810K(60672K)->59810K(60672K) NonClass: 52250K(52736K)->52250K(52736K) Class: 7559K(7936K)->7559K(7936K)
[33.442s][info][gc             ] GC(252) Pause Young (Allocation Failure) 288M->142M(499M) 0.797ms
[33.442s][info][gc,cpu         ] GC(252) User=0.00s Sys=0.00s Real=0.00s
[33.497s][info][gc,start       ] GC(253) Pause Young (Allocation Failure)
[33.498s][info][gc,heap        ] GC(253) PSYoungGen: 150784K(161792K)->224K(161792K) Eden: 150528K(150528K)->0K(150528K) From: 256K(11264K)->224K(11264K)
[33.498s][info][gc,heap        ] GC(253) ParOldGen: 145715K(349696K)->145731K(349696K)
[33.498s][info][gc,metaspace   ] GC(253) Metaspace: 59810K(60672K)->59810K(60672K) NonClass: 52250K(52736K)->52250K(52736K) Class: 7559K(7936K)->7559K(7936K)
[33.498s][info][gc             ] GC(253) Pause Young (Allocation Failure) 289M->142M(499M) 1.487ms
[33.498s][info][gc,cpu         ] GC(253) User=0.00s Sys=0.00s Real=0.00s
[33.554s][info][gc,start       ] GC(254) Pause Young (Allocation Failure)
[33.555s][info][gc,heap        ] GC(254) PSYoungGen: 150752K(161792K)->256K(162304K) Eden: 150528K(150528K)->0K(152064K) From: 224K(11264K)->256K(10240K)
[33.555s][info][gc,heap        ] GC(254) ParOldGen: 145731K(349696K)->145739K(349696K)
[33.555s][info][gc,metaspace   ] GC(254) Metaspace: 59810K(60672K)->59810K(60672K) NonClass: 52250K(52736K)->52250K(52736K) Class: 7559K(7936K)->7559K(7936K)
[33.556s][info][gc             ] GC(254) Pause Young (Allocation Failure) 289M->142M(500M) 1.458ms
[33.556s][info][gc,cpu         ] GC(254) User=0.00s Sys=0.00s Real=0.00s
[33.617s][info][gc,start       ] GC(255) Pause Young (Allocation Failure)
[33.619s][info][gc,heap        ] GC(255) PSYoungGen: 152320K(162304K)->352K(162816K) Eden: 152064K(152064K)->0K(152064K) From: 256K(10240K)->352K(10752K)
[33.619s][info][gc,heap        ] GC(255) ParOldGen: 145739K(349696K)->145755K(349696K)
[33.619s][info][gc,metaspace   ] GC(255) Metaspace: 59810K(60672K)->59810K(60672K) NonClass: 52250K(52736K)->52250K(52736K) Class: 7559K(7936K)->7559K(7936K)
[33.619s][info][gc             ] GC(255) Pause Young (Allocation Failure) 291M->142M(500M) 1.483ms
[33.619s][info][gc,cpu         ] GC(255) User=0.00s Sys=0.00s Real=0.00s
[33.708s][info][gc,start       ] GC(256) Pause Young (Allocation Failure)
[33.709s][info][gc,heap        ] GC(256) PSYoungGen: 152416K(162816K)->96K(162816K) Eden: 152064K(152064K)->0K(153600K) From: 352K(10752K)->96K(9216K)
[33.709s][info][gc,heap        ] GC(256) ParOldGen: 145755K(349696K)->145843K(349696K)
[33.709s][info][gc,metaspace   ] GC(256) Metaspace: 59810K(60672K)->59810K(60672K) NonClass: 52250K(52736K)->52250K(52736K) Class: 7559K(7936K)->7559K(7936K)
[33.709s][info][gc             ] GC(256) Pause Young (Allocation Failure) 291M->142M(500M) 0.837ms
[33.709s][info][gc,cpu         ] GC(256) User=0.00s Sys=0.00s Real=0.00s
[33.799s][info][gc,start       ] GC(257) Pause Young (Allocation Failure)
[33.800s][info][gc,heap        ] GC(257) PSYoungGen: 153696K(162816K)->160K(163328K) Eden: 153600K(153600K)->0K(153600K) From: 96K(9216K)->160K(9728K)
[33.800s][info][gc,heap        ] GC(257) ParOldGen: 145843K(349696K)->145851K(349696K)
[33.800s][info][gc,metaspace   ] GC(257) Metaspace: 59810K(60672K)->59810K(60672K) NonClass: 52250K(52736K)->52250K(52736K) Class: 7559K(7936K)->7559K(7936K)
[33.800s][info][gc             ] GC(257) Pause Young (Allocation Failure) 292M->142M(501M) 1.421ms
[33.800s][info][gc,cpu         ] GC(257) User=0.00s Sys=0.00s Real=0.00s
[33.890s][info][gc,start       ] GC(258) Pause Young (Allocation Failure)
[33.891s][info][gc,heap        ] GC(258) PSYoungGen: 153760K(163328K)->224K(163840K) Eden: 153600K(153600K)->0K(155648K) From: 160K(9728K)->224K(8192K)
[33.891s][info][gc,heap        ] GC(258) ParOldGen: 145851K(349696K)->145859K(349696K)
[33.891s][info][gc,metaspace   ] GC(258) Metaspace: 59810K(60672K)->59810K(60672K) NonClass: 52250K(52736K)->52250K(52736K) Class: 7559K(7936K)->7559K(7936K)
[33.891s][info][gc             ] GC(258) Pause Young (Allocation Failure) 292M->142M(501M) 1.445ms
[33.891s][info][gc,cpu         ] GC(258) User=0.00s Sys=0.00s Real=0.00s
[33.982s][info][gc,start       ] GC(259) Pause Young (Allocation Failure)
[33.984s][info][gc,heap        ] GC(259) PSYoungGen: 155872K(163840K)->288K(164352K) Eden: 155648K(155648K)->0K(155648K) From: 224K(8192K)->288K(8704K)
[33.984s][info][gc,heap        ] GC(259) ParOldGen: 145859K(349696K)->145867K(349696K)
[33.984s][info][gc,metaspace   ] GC(259) Metaspace: 59810K(60672K)->59810K(60672K) NonClass: 52250K(52736K)->52250K(52736K) Class: 7559K(7936K)->7559K(7936K)
[33.984s][info][gc             ] GC(259) Pause Young (Allocation Failure) 294M->142M(502M) 1.386ms
[33.984s][info][gc,cpu         ] GC(259) User=0.00s Sys=0.00s Real=0.00s
[34.091s][info][gc,start       ] GC(260) Pause Young (Allocation Failure)
[34.093s][info][gc,heap        ] GC(260) PSYoungGen: 155936K(164352K)->224K(164864K) Eden: 155648K(155648K)->0K(157696K) From: 288K(8704K)->224K(7168K)
[34.093s][info][gc,heap        ] GC(260) ParOldGen: 145867K(349696K)->145875K(349696K)
[34.093s][info][gc,metaspace   ] GC(260) Metaspace: 59810K(60672K)->59810K(60672K) NonClass: 52250K(52736K)->52250K(52736K) Class: 7559K(7936K)->7559K(7936K)
[34.093s][info][gc             ] GC(260) Pause Young (Allocation Failure) 294M->142M(502M) 1.503ms
[34.093s][info][gc,cpu         ] GC(260) User=0.00s Sys=0.00s Real=0.00s
[34.163s][info][gc,start       ] GC(261) Pause Young (System.gc())
[34.174s][info][gc,heap        ] GC(261) PSYoungGen: 51531K(164864K)->384K(158208K) Eden: 51307K(157696K)->0K(157696K) From: 224K(7168K)->384K(512K)
[34.174s][info][gc,heap        ] GC(261) ParOldGen: 145875K(349696K)->145883K(349696K)
[34.174s][info][gc,metaspace   ] GC(261) Metaspace: 59825K(60736K)->59825K(60736K) NonClass: 52265K(52800K)->52265K(52800K) Class: 7559K(7936K)->7559K(7936K)
[34.174s][info][gc             ] GC(261) Pause Young (System.gc()) 192M->142M(496M) 10.518ms
[34.174s][info][gc,cpu         ] GC(261) User=0.00s Sys=0.00s Real=0.00s
[34.174s][info][gc,start       ] GC(262) Pause Full (System.gc())
[34.174s][info][gc,phases,start] GC(262) Marking Phase
[34.262s][info][gc,phases      ] GC(262) Marking Phase 87.697ms
[34.262s][info][gc,phases,start] GC(262) Summary Phase
[34.262s][info][gc,phases      ] GC(262) Summary Phase 0.015ms
[34.262s][info][gc,phases,start] GC(262) Adjust Roots
[34.268s][info][gc,phases      ] GC(262) Adjust Roots 5.902ms
[34.268s][info][gc,phases,start] GC(262) Compaction Phase
[34.284s][info][gc,phases      ] GC(262) Compaction Phase 16.384ms
[34.284s][info][gc,phases,start] GC(262) Post Compact
[34.285s][info][gc,phases      ] GC(262) Post Compact 0.838ms
[34.285s][info][gc,heap        ] GC(262) PSYoungGen: 384K(158208K)->0K(158208K) Eden: 0K(157696K)->0K(157696K) From: 384K(512K)->0K(512K)
[34.285s][info][gc,heap        ] GC(262) ParOldGen: 145883K(349696K)->101482K(349696K)
[34.285s][info][gc,metaspace   ] GC(262) Metaspace: 59825K(60736K)->59825K(60736K) NonClass: 52265K(52800K)->52265K(52800K) Class: 7559K(7936K)->7559K(7936K)
[34.285s][info][gc             ] GC(262) Pause Full (System.gc()) 142M->99M(496M) 111.162ms
[34.285s][info][gc,cpu         ] GC(262) User=1.05s Sys=0.02s Real=0.13s
[34.400s][info][gc,start       ] GC(263) Pause Young (Allocation Failure)
[34.403s][info][gc,heap        ] GC(263) PSYoungGen: 157696K(158208K)->3616K(164352K) Eden: 157696K(157696K)->0K(157184K) From: 0K(512K)->3616K(7168K)
[34.403s][info][gc,heap        ] GC(263) ParOldGen: 101482K(349696K)->101482K(349696K)
[34.403s][info][gc,metaspace   ] GC(263) Metaspace: 59872K(60736K)->59872K(60736K) NonClass: 52311K(52800K)->52311K(52800K) Class: 7560K(7936K)->7560K(7936K)
[34.403s][info][gc             ] GC(263) Pause Young (Allocation Failure) 253M->102M(502M) 2.938ms
[34.403s][info][gc,cpu         ] GC(263) User=0.00s Sys=0.00s Real=0.00s
[34.457s][info][gc,start       ] GC(264) Pause Young (Allocation Failure)
[34.465s][info][gc,heap        ] GC(264) PSYoungGen: 160800K(164352K)->7104K(164864K) Eden: 157184K(157184K)->0K(157184K) From: 3616K(7168K)->7104K(7680K)
[34.465s][info][gc,heap        ] GC(264) ParOldGen: 101482K(349696K)->104877K(349696K)
[34.465s][info][gc,metaspace   ] GC(264) Metaspace: 59872K(60736K)->59872K(60736K) NonClass: 52312K(52800K)->52312K(52800K) Class: 7560K(7936K)->7560K(7936K)
[34.465s][info][gc             ] GC(264) Pause Young (Allocation Failure) 256M->109M(502M) 8.683ms
[34.465s][info][gc,cpu         ] GC(264) User=0.09s Sys=0.02s Real=0.02s
[34.521s][info][gc,start       ] GC(265) Pause Young (Allocation Failure)
[34.535s][info][gc,heap        ] GC(265) PSYoungGen: 164288K(164864K)->6144K(164352K) Eden: 157183K(157184K)->0K(155136K) From: 7104K(7680K)->6144K(9216K)
[34.535s][info][gc,heap        ] GC(265) ParOldGen: 104877K(349696K)->111357K(349696K)
[34.535s][info][gc,metaspace   ] GC(265) Metaspace: 59872K(60736K)->59872K(60736K) NonClass: 52312K(52800K)->52312K(52800K) Class: 7560K(7936K)->7560K(7936K)
[34.535s][info][gc             ] GC(265) Pause Young (Allocation Failure) 262M->114M(502M) 14.082ms
[34.535s][info][gc,cpu         ] GC(265) User=0.00s Sys=0.00s Real=0.00s
[34.579s][info][gc,start       ] GC(266) Pause Young (Allocation Failure)
[34.592s][info][gc,heap        ] GC(266) PSYoungGen: 161280K(164352K)->6496K(161792K) Eden: 155136K(155136K)->0K(155136K) From: 6144K(9216K)->6496K(6656K)
[34.592s][info][gc,heap        ] GC(266) ParOldGen: 111357K(349696K)->117405K(349696K)
[34.592s][info][gc,metaspace   ] GC(266) Metaspace: 59872K(60736K)->59872K(60736K) NonClass: 52312K(52800K)->52312K(52800K) Class: 7560K(7936K)->7560K(7936K)
[34.593s][info][gc             ] GC(266) Pause Young (Allocation Failure) 266M->120M(499M) 13.052ms
[34.593s][info][gc,cpu         ] GC(266) User=0.03s Sys=0.00s Real=0.02s
[34.646s][info][gc,start       ] GC(267) Pause Young (Allocation Failure)
[34.660s][info][gc,heap        ] GC(267) PSYoungGen: 161632K(161792K)->7136K(161792K) Eden: 155136K(155136K)->0K(151040K) From: 6496K(6656K)->7136K(10752K)
[34.660s][info][gc,heap        ] GC(267) ParOldGen: 117405K(349696K)->123789K(349696K)
[34.660s][info][gc,metaspace   ] GC(267) Metaspace: 59872K(60736K)->59872K(60736K) NonClass: 52312K(52800K)->52312K(52800K) Class: 7560K(7936K)->7560K(7936K)
[34.660s][info][gc             ] GC(267) Pause Young (Allocation Failure) 272M->127M(499M) 13.481ms
[34.660s][info][gc,cpu         ] GC(267) User=0.00s Sys=0.00s Real=0.00s
[34.708s][info][gc,start       ] GC(268) Pause Young (Allocation Failure)
[34.720s][info][gc,heap        ] GC(268) PSYoungGen: 158176K(161792K)->5696K(162816K) Eden: 151040K(151040K)->0K(151040K) From: 7136K(10752K)->5696K(11776K)
[34.720s][info][gc,heap        ] GC(268) ParOldGen: 123789K(349696K)->130813K(349696K)
[34.720s][info][gc,metaspace   ] GC(268) Metaspace: 59872K(60736K)->59872K(60736K) NonClass: 52312K(52800K)->52312K(52800K) Class: 7560K(7936K)->7560K(7936K)
[34.720s][info][gc             ] GC(268) Pause Young (Allocation Failure) 275M->133M(500M) 12.068ms
[34.720s][info][gc,cpu         ] GC(268) User=0.00s Sys=0.00s Real=0.00s
[34.770s][info][gc,start       ] GC(269) Pause Young (Allocation Failure)
[34.812s][info][gc,heap        ] GC(269) PSYoungGen: 156736K(162816K)->7232K(161792K) Eden: 151040K(151040K)->0K(150016K) From: 5696K(11776K)->7232K(11776K)
[34.812s][info][gc,heap        ] GC(269) ParOldGen: 130813K(349696K)->136413K(349696K)
[34.812s][info][gc,metaspace   ] GC(269) Metaspace: 59872K(60736K)->59872K(60736K) NonClass: 52312K(52800K)->52312K(52800K) Class: 7560K(7936K)->7560K(7936K)
[34.812s][info][gc             ] GC(269) Pause Young (Allocation Failure) 280M->140M(499M) 42.482ms
[34.812s][info][gc,cpu         ] GC(269) User=0.56s Sys=0.00s Real=0.05s
[34.860s][info][gc,start       ] GC(270) Pause Young (Allocation Failure)
[34.892s][info][gc,heap        ] GC(270) PSYoungGen: 157248K(161792K)->2336K(162304K) Eden: 150016K(150016K)->0K(150016K) From: 7232K(11776K)->2336K(12288K)
[34.892s][info][gc,heap        ] GC(270) ParOldGen: 136413K(349696K)->143533K(349696K)
[34.892s][info][gc,metaspace   ] GC(270) Metaspace: 59872K(60736K)->59872K(60736K) NonClass: 52312K(52800K)->52312K(52800K) Class: 7560K(7936K)->7560K(7936K)
[34.892s][info][gc             ] GC(270) Pause Young (Allocation Failure) 286M->142M(500M) 32.612ms
[34.892s][info][gc,cpu         ] GC(270) User=0.38s Sys=0.00s Real=0.03s
[34.940s][info][gc,start       ] GC(271) Pause Young (Allocation Failure)
[34.951s][info][gc,heap        ] GC(271) PSYoungGen: 152352K(162304K)->224K(162304K) Eden: 150016K(150016K)->0K(150528K) From: 2336K(12288K)->224K(11776K)
[34.951s][info][gc,heap        ] GC(271) ParOldGen: 143533K(349696K)->145757K(349696K)
[34.951s][info][gc,metaspace   ] GC(271) Metaspace: 59872K(60736K)->59872K(60736K) NonClass: 52312K(52800K)->52312K(52800K) Class: 7560K(7936K)->7560K(7936K)
[34.951s][info][gc             ] GC(271) Pause Young (Allocation Failure) 288M->142M(500M) 11.692ms
[34.951s][info][gc,cpu         ] GC(271) User=0.19s Sys=0.00s Real=0.02s
[35.002s][info][gc,start       ] GC(272) Pause Young (Allocation Failure)
[35.003s][info][gc,heap        ] GC(272) PSYoungGen: 150752K(162304K)->224K(162304K) Eden: 150528K(150528K)->0K(150528K) From: 224K(11776K)->224K(11776K)
[35.003s][info][gc,heap        ] GC(272) ParOldGen: 145757K(349696K)->145757K(349696K)
[35.003s][info][gc,metaspace   ] GC(272) Metaspace: 59874K(60736K)->59874K(60736K) NonClass: 52313K(52800K)->52313K(52800K) Class: 7560K(7936K)->7560K(7936K)
[35.003s][info][gc             ] GC(272) Pause Young (Allocation Failure) 289M->142M(500M) 0.892ms
[35.003s][info][gc,cpu         ] GC(272) User=0.00s Sys=0.00s Real=0.00s
[35.050s][info][gc,start       ] GC(273) Pause Young (Allocation Failure)
[35.050s][info][gc,heap        ] GC(273) PSYoungGen: 150752K(162304K)->288K(162304K) Eden: 150528K(150528K)->0K(151552K) From: 224K(11776K)->288K(10752K)
[35.050s][info][gc,heap        ] GC(273) ParOldGen: 145757K(349696K)->145765K(349696K)
[35.051s][info][gc,metaspace   ] GC(273) Metaspace: 59874K(60736K)->59874K(60736K) NonClass: 52313K(52800K)->52313K(52800K) Class: 7560K(7936K)->7560K(7936K)
[35.051s][info][gc             ] GC(273) Pause Young (Allocation Failure) 289M->142M(500M) 0.871ms
[35.051s][info][gc,cpu         ] GC(273) User=0.00s Sys=0.00s Real=0.00s
[35.097s][info][gc,start       ] GC(274) Pause Young (Allocation Failure)
[35.098s][info][gc,heap        ] GC(274) PSYoungGen: 151840K(162304K)->224K(162304K) Eden: 151552K(151552K)->0K(151552K) From: 288K(10752K)->224K(10752K)
[35.098s][info][gc,heap        ] GC(274) ParOldGen: 145765K(349696K)->145773K(349696K)
[35.098s][info][gc,metaspace   ] GC(274) Metaspace: 59874K(60736K)->59874K(60736K) NonClass: 52313K(52800K)->52313K(52800K) Class: 7560K(7936K)->7560K(7936K)
[35.098s][info][gc             ] GC(274) Pause Young (Allocation Failure) 290M->142M(500M) 0.850ms
[35.098s][info][gc,cpu         ] GC(274) User=0.00s Sys=0.00s Real=0.00s
[35.155s][info][gc,start       ] GC(275) Pause Young (Allocation Failure)
[35.156s][info][gc,heap        ] GC(275) PSYoungGen: 151776K(162304K)->352K(162816K) Eden: 151552K(151552K)->0K(153088K) From: 224K(10752K)->352K(9728K)
[35.156s][info][gc,heap        ] GC(275) ParOldGen: 145773K(349696K)->145781K(349696K)
[35.156s][info][gc,metaspace   ] GC(275) Metaspace: 59875K(60736K)->59875K(60736K) NonClass: 52314K(52800K)->52314K(52800K) Class: 7560K(7936K)->7560K(7936K)
[35.156s][info][gc             ] GC(275) Pause Young (Allocation Failure) 290M->142M(500M) 1.485ms
[35.156s][info][gc,cpu         ] GC(275) User=0.00s Sys=0.00s Real=0.00s
[35.250s][info][gc,start       ] GC(276) Pause Young (Allocation Failure)
[35.251s][info][gc,heap        ] GC(276) PSYoungGen: 153440K(162816K)->160K(163328K) Eden: 153088K(153088K)->0K(153088K) From: 352K(9728K)->160K(10240K)
[35.251s][info][gc,heap        ] GC(276) ParOldGen: 145781K(349696K)->145869K(349696K)
[35.251s][info][gc,metaspace   ] GC(276) Metaspace: 59875K(60736K)->59875K(60736K) NonClass: 52314K(52800K)->52314K(52800K) Class: 7560K(7936K)->7560K(7936K)
[35.251s][info][gc             ] GC(276) Pause Young (Allocation Failure) 292M->142M(501M) 1.418ms
[35.252s][info][gc,cpu         ] GC(276) User=0.03s Sys=0.00s Real=0.02s
[35.341s][info][gc,start       ] GC(277) Pause Young (Allocation Failure)
[35.342s][info][gc,heap        ] GC(277) PSYoungGen: 153248K(163328K)->224K(163328K) Eden: 153088K(153088K)->0K(154624K) From: 160K(10240K)->224K(8704K)
[35.342s][info][gc,heap        ] GC(277) ParOldGen: 145869K(349696K)->145869K(349696K)
[35.342s][info][gc,metaspace   ] GC(277) Metaspace: 59875K(60736K)->59875K(60736K) NonClass: 52314K(52800K)->52314K(52800K) Class: 7560K(7936K)->7560K(7936K)
[35.342s][info][gc             ] GC(277) Pause Young (Allocation Failure) 292M->142M(501M) 1.374ms
[35.342s][info][gc,cpu         ] GC(277) User=0.00s Sys=0.00s Real=0.00s
[35.432s][info][gc,start       ] GC(278) Pause Young (Allocation Failure)
[35.434s][info][gc,heap        ] GC(278) PSYoungGen: 154848K(163328K)->160K(163840K) Eden: 154624K(154624K)->0K(154624K) From: 224K(8704K)->160K(9216K)
[35.434s][info][gc,heap        ] GC(278) ParOldGen: 145869K(349696K)->145885K(349696K)
[35.434s][info][gc,metaspace   ] GC(278) Metaspace: 59875K(60736K)->59875K(60736K) NonClass: 52314K(52800K)->52314K(52800K) Class: 7560K(7936K)->7560K(7936K)
[35.434s][info][gc             ] GC(278) Pause Young (Allocation Failure) 293M->142M(501M) 1.286ms
[35.434s][info][gc,cpu         ] GC(278) User=0.00s Sys=0.00s Real=0.00s
[35.557s][info][gc,start       ] GC(279) Pause Young (Allocation Failure)
[35.558s][info][gc,heap        ] GC(279) PSYoungGen: 154784K(163840K)->224K(165376K) Eden: 154624K(154624K)->0K(156672K) From: 160K(9216K)->224K(8704K)
[35.558s][info][gc,heap        ] GC(279) ParOldGen: 145885K(349696K)->145893K(349696K)
[35.558s][info][gc,metaspace   ] GC(279) Metaspace: 59875K(60736K)->59875K(60736K) NonClass: 52314K(52800K)->52314K(52800K) Class: 7560K(7936K)->7560K(7936K)
[35.558s][info][gc             ] GC(279) Pause Young (Allocation Failure) 293M->142M(503M) 1.410ms
[35.558s][info][gc,cpu         ] GC(279) User=0.00s Sys=0.00s Real=0.00s
[35.649s][info][gc,start       ] GC(280) Pause Young (Allocation Failure)
[35.651s][info][gc,heap        ] GC(280) PSYoungGen: 156896K(165376K)->352K(165376K) Eden: 156672K(156672K)->0K(156672K) From: 224K(8704K)->352K(8704K)
[35.651s][info][gc,heap        ] GC(280) ParOldGen: 145893K(349696K)->145901K(349696K)
[35.651s][info][gc,metaspace   ] GC(280) Metaspace: 59880K(60736K)->59880K(60736K) NonClass: 52319K(52800K)->52319K(52800K) Class: 7560K(7936K)->7560K(7936K)
[35.651s][info][gc             ] GC(280) Pause Young (Allocation Failure) 295M->142M(503M) 1.458ms
[35.651s][info][gc,cpu         ] GC(280) User=0.00s Sys=0.00s Real=0.00s
[35.759s][info][gc,start       ] GC(281) Pause Young (Allocation Failure)
[35.760s][info][gc,heap        ] GC(281) PSYoungGen: 157024K(165376K)->160K(165376K) Eden: 156672K(156672K)->0K(157696K) From: 352K(8704K)->160K(7680K)
[35.760s][info][gc,heap        ] GC(281) ParOldGen: 145901K(349696K)->145989K(349696K)
[35.760s][info][gc,metaspace   ] GC(281) Metaspace: 59880K(60736K)->59880K(60736K) NonClass: 52319K(52800K)->52319K(52800K) Class: 7560K(7936K)->7560K(7936K)
[35.760s][info][gc             ] GC(281) Pause Young (Allocation Failure) 295M->142M(503M) 1.429ms
[35.760s][info][gc,cpu         ] GC(281) User=0.00s Sys=0.00s Real=0.00s
[35.820s][info][gc,start       ] GC(282) Pause Young (System.gc())
[35.822s][info][gc,heap        ] GC(282) PSYoungGen: 34418K(165376K)->384K(158208K) Eden: 34258K(157696K)->0K(157696K) From: 160K(7680K)->384K(512K)
[35.822s][info][gc,heap        ] GC(282) ParOldGen: 145989K(349696K)->146013K(349696K)
[35.822s][info][gc,metaspace   ] GC(282) Metaspace: 59907K(60800K)->59907K(60800K) NonClass: 52347K(52864K)->52347K(52864K) Class: 7560K(7936K)->7560K(7936K)
[35.822s][info][gc             ] GC(282) Pause Young (System.gc()) 176M->142M(496M) 1.608ms
[35.822s][info][gc,cpu         ] GC(282) User=0.00s Sys=0.00s Real=0.00s
[35.822s][info][gc,start       ] GC(283) Pause Full (System.gc())
[35.822s][info][gc,phases,start] GC(283) Marking Phase
[35.907s][info][gc,phases      ] GC(283) Marking Phase 84.971ms
[35.907s][info][gc,phases,start] GC(283) Summary Phase
[35.907s][info][gc,phases      ] GC(283) Summary Phase 0.014ms
[35.907s][info][gc,phases,start] GC(283) Adjust Roots
[35.914s][info][gc,phases      ] GC(283) Adjust Roots 6.616ms
[35.914s][info][gc,phases,start] GC(283) Compaction Phase
[35.934s][info][gc,phases      ] GC(283) Compaction Phase 19.988ms
[35.934s][info][gc,phases,start] GC(283) Post Compact
[35.935s][info][gc,phases      ] GC(283) Post Compact 1.079ms
[35.935s][info][gc,heap        ] GC(283) PSYoungGen: 384K(158208K)->0K(158208K) Eden: 0K(157696K)->0K(157696K) From: 384K(512K)->0K(512K)
[35.935s][info][gc,heap        ] GC(283) ParOldGen: 146013K(349696K)->101512K(349696K)
[35.935s][info][gc,metaspace   ] GC(283) Metaspace: 59907K(60800K)->59907K(60800K) NonClass: 52347K(52864K)->52347K(52864K) Class: 7560K(7936K)->7560K(7936K)
[35.935s][info][gc             ] GC(283) Pause Full (System.gc()) 142M->99M(496M) 113.084ms
[35.935s][info][gc,cpu         ] GC(283) User=0.91s Sys=0.00s Real=0.11s
[36.061s][info][gc,start       ] GC(284) Pause Young (Allocation Failure)
[36.066s][info][gc,heap        ] GC(284) PSYoungGen: 157696K(158208K)->4416K(164352K) Eden: 157696K(157696K)->0K(157184K) From: 0K(512K)->4416K(7168K)
[36.066s][info][gc,heap        ] GC(284) ParOldGen: 101512K(349696K)->101520K(349696K)
[36.066s][info][gc,metaspace   ] GC(284) Metaspace: 59926K(60800K)->59926K(60800K) NonClass: 52365K(52864K)->52365K(52864K) Class: 7560K(7936K)->7560K(7936K)
[36.066s][info][gc             ] GC(284) Pause Young (Allocation Failure) 253M->103M(502M) 4.573ms
[36.066s][info][gc,cpu         ] GC(284) User=0.00s Sys=0.00s Real=0.00s
[36.135s][info][gc,start       ] GC(285) Pause Young (Allocation Failure)
[36.150s][info][gc,heap        ] GC(285) PSYoungGen: 161600K(164352K)->7552K(164864K) Eden: 157184K(157184K)->0K(157184K) From: 4416K(7168K)->7552K(7680K)
[36.150s][info][gc,heap        ] GC(285) ParOldGen: 101520K(349696K)->105059K(349696K)
[36.150s][info][gc,metaspace   ] GC(285) Metaspace: 59928K(60800K)->59928K(60800K) NonClass: 52367K(52864K)->52367K(52864K) Class: 7560K(7936K)->7560K(7936K)
[36.150s][info][gc             ] GC(285) Pause Young (Allocation Failure) 256M->109M(502M) 15.146ms
[36.150s][info][gc,cpu         ] GC(285) User=0.03s Sys=0.00s Real=0.02s
[36.205s][info][gc,start       ] GC(286) Pause Young (Allocation Failure)
[36.222s][info][gc,heap        ] GC(286) PSYoungGen: 164736K(164864K)->6528K(163328K) Eden: 157184K(157184K)->0K(154112K) From: 7552K(7680K)->6528K(9216K)
[36.222s][info][gc,heap        ] GC(286) ParOldGen: 105059K(349696K)->111907K(349696K)
[36.222s][info][gc,metaspace   ] GC(286) Metaspace: 59928K(60800K)->59928K(60800K) NonClass: 52367K(52864K)->52367K(52864K) Class: 7560K(7936K)->7560K(7936K)
[36.222s][info][gc             ] GC(286) Pause Young (Allocation Failure) 263M->115M(501M) 16.653ms
[36.222s][info][gc,cpu         ] GC(286) User=0.03s Sys=0.00s Real=0.02s
[36.267s][info][gc,start       ] GC(287) Pause Young (Allocation Failure)
[36.284s][info][gc,heap        ] GC(287) PSYoungGen: 160640K(163328K)->6560K(160768K) Eden: 154112K(154112K)->0K(154112K) From: 6528K(9216K)->6560K(6656K)
[36.284s][info][gc,heap        ] GC(287) ParOldGen: 111907K(349696K)->118363K(349696K)
[36.284s][info][gc,metaspace   ] GC(287) Metaspace: 59928K(60800K)->59928K(60800K) NonClass: 52367K(52864K)->52367K(52864K) Class: 7560K(7936K)->7560K(7936K)
[36.284s][info][gc             ] GC(287) Pause Young (Allocation Failure) 266M->121M(498M) 17.514ms
[36.284s][info][gc,cpu         ] GC(287) User=0.03s Sys=0.00s Real=0.02s
[36.341s][info][gc,start       ] GC(288) Pause Young (Allocation Failure)
[36.356s][info][gc,heap        ] GC(288) PSYoungGen: 160672K(160768K)->8960K(161280K) Eden: 154112K(154112K)->0K(150016K) From: 6560K(6656K)->8960K(11264K)
[36.356s][info][gc,heap        ] GC(288) ParOldGen: 118363K(349696K)->124843K(349696K)
[36.356s][info][gc,metaspace   ] GC(288) Metaspace: 59928K(60800K)->59928K(60800K) NonClass: 52367K(52864K)->52367K(52864K) Class: 7560K(7936K)->7560K(7936K)
[36.356s][info][gc             ] GC(288) Pause Young (Allocation Failure) 272M->130M(499M) 15.056ms
[36.356s][info][gc,cpu         ] GC(288) User=0.17s Sys=0.00s Real=0.01s
[36.401s][info][gc,start       ] GC(289) Pause Young (Allocation Failure)
[36.415s][info][gc,heap        ] GC(289) PSYoungGen: 158976K(161280K)->6080K(162304K) Eden: 150016K(150016K)->0K(150016K) From: 8960K(11264K)->6080K(12288K)
[36.415s][info][gc,heap        ] GC(289) ParOldGen: 124843K(349696K)->133667K(349696K)
[36.415s][info][gc,metaspace   ] GC(289) Metaspace: 59928K(60800K)->59928K(60800K) NonClass: 52367K(52864K)->52367K(52864K) Class: 7560K(7936K)->7560K(7936K)
[36.416s][info][gc             ] GC(289) Pause Young (Allocation Failure) 277M->136M(500M) 14.821ms
[36.416s][info][gc,cpu         ] GC(289) User=0.17s Sys=0.00s Real=0.02s
[36.467s][info][gc,start       ] GC(290) Pause Young (Allocation Failure)
[36.507s][info][gc,heap        ] GC(290) PSYoungGen: 156096K(162304K)->5312K(162304K) Eden: 150016K(150016K)->0K(150016K) From: 6080K(12288K)->5312K(12288K)
[36.507s][info][gc,heap        ] GC(290) ParOldGen: 133667K(349696K)->139675K(349696K)
[36.507s][info][gc,metaspace   ] GC(290) Metaspace: 59928K(60800K)->59928K(60800K) NonClass: 52367K(52864K)->52367K(52864K) Class: 7560K(7936K)->7560K(7936K)
[36.507s][info][gc             ] GC(290) Pause Young (Allocation Failure) 282M->141M(500M) 40.231ms
[36.507s][info][gc,cpu         ] GC(290) User=0.38s Sys=0.00s Real=0.03s
[36.556s][info][gc,start       ] GC(291) Pause Young (Allocation Failure)
[36.581s][info][gc,heap        ] GC(291) PSYoungGen: 155328K(162304K)->992K(151040K) Eden: 150016K(150016K)->0K(150016K) From: 5312K(12288K)->992K(1024K)
[36.581s][info][gc,heap        ] GC(291) ParOldGen: 139675K(349696K)->144867K(349696K)
[36.581s][info][gc,metaspace   ] GC(291) Metaspace: 59935K(60800K)->59935K(60800K) NonClass: 52375K(52864K)->52375K(52864K) Class: 7560K(7936K)->7560K(7936K)
[36.581s][info][gc             ] GC(291) Pause Young (Allocation Failure) 288M->142M(489M) 25.859ms
[36.581s][info][gc,cpu         ] GC(291) User=0.38s Sys=0.00s Real=0.03s
[36.630s][info][gc,start       ] GC(292) Pause Young (Allocation Failure)
[36.635s][info][gc,heap        ] GC(292) PSYoungGen: 151008K(151040K)->160K(161792K) Eden: 150016K(150016K)->0K(150016K) From: 992K(1024K)->160K(11776K)
[36.635s][info][gc,heap        ] GC(292) ParOldGen: 144867K(349696K)->145779K(349696K)
[36.635s][info][gc,metaspace   ] GC(292) Metaspace: 59935K(60800K)->59935K(60800K) NonClass: 52375K(52864K)->52375K(52864K) Class: 7560K(7936K)->7560K(7936K)
[36.635s][info][gc             ] GC(292) Pause Young (Allocation Failure) 288M->142M(499M) 5.572ms
[36.635s][info][gc,cpu         ] GC(292) User=0.00s Sys=0.02s Real=0.02s
[36.683s][info][gc,start       ] GC(293) Pause Young (Allocation Failure)
[36.684s][info][gc,heap        ] GC(293) PSYoungGen: 150176K(161792K)->192K(161792K) Eden: 150016K(150016K)->0K(150016K) From: 160K(11776K)->192K(11776K)
[36.684s][info][gc,heap        ] GC(293) ParOldGen: 145779K(349696K)->145795K(349696K)
[36.684s][info][gc,metaspace   ] GC(293) Metaspace: 59935K(60800K)->59935K(60800K) NonClass: 52375K(52864K)->52375K(52864K) Class: 7560K(7936K)->7560K(7936K)
[36.685s][info][gc             ] GC(293) Pause Young (Allocation Failure) 289M->142M(499M) 1.358ms
[36.685s][info][gc,cpu         ] GC(293) User=0.00s Sys=0.00s Real=0.00s
[36.749s][info][gc,start       ] GC(294) Pause Young (Allocation Failure)
[36.750s][info][gc,heap        ] GC(294) PSYoungGen: 150208K(161792K)->160K(162304K) Eden: 150016K(150016K)->0K(151040K) From: 192K(11776K)->160K(11264K)
[36.750s][info][gc,heap        ] GC(294) ParOldGen: 145795K(349696K)->145803K(349696K)
[36.750s][info][gc,metaspace   ] GC(294) Metaspace: 59935K(60800K)->59935K(60800K) NonClass: 52375K(52864K)->52375K(52864K) Class: 7560K(7936K)->7560K(7936K)
[36.750s][info][gc             ] GC(294) Pause Young (Allocation Failure) 289M->142M(500M) 1.373ms
[36.750s][info][gc,cpu         ] GC(294) User=0.00s Sys=0.00s Real=0.00s
[36.805s][info][gc,start       ] GC(295) Pause Young (Allocation Failure)
[36.807s][info][gc,heap        ] GC(295) PSYoungGen: 151200K(162304K)->160K(162304K) Eden: 151040K(151040K)->0K(151040K) From: 160K(11264K)->160K(11264K)
[36.807s][info][gc,heap        ] GC(295) ParOldGen: 145803K(349696K)->145819K(349696K)
[36.807s][info][gc,metaspace   ] GC(295) Metaspace: 59935K(60800K)->59935K(60800K) NonClass: 52375K(52864K)->52375K(52864K) Class: 7560K(7936K)->7560K(7936K)
[36.807s][info][gc             ] GC(295) Pause Young (Allocation Failure) 290M->142M(500M) 1.428ms
[36.807s][info][gc,cpu         ] GC(295) User=0.00s Sys=0.00s Real=0.00s
[36.855s][info][gc,start       ] GC(296) Pause Young (Allocation Failure)
[36.856s][info][gc,heap        ] GC(296) PSYoungGen: 151200K(162304K)->192K(162816K) Eden: 151040K(151040K)->0K(152576K) From: 160K(11264K)->192K(10240K)
[36.856s][info][gc,heap        ] GC(296) ParOldGen: 145819K(349696K)->145827K(349696K)
[36.856s][info][gc,metaspace   ] GC(296) Metaspace: 59935K(60800K)->59935K(60800K) NonClass: 52375K(52864K)->52375K(52864K) Class: 7560K(7936K)->7560K(7936K)
[36.856s][info][gc             ] GC(296) Pause Young (Allocation Failure) 290M->142M(500M) 1.375ms
[36.856s][info][gc,cpu         ] GC(296) User=0.00s Sys=0.00s Real=0.00s
[36.950s][info][gc,start       ] GC(297) Pause Young (Allocation Failure)
[36.951s][info][gc,heap        ] GC(297) PSYoungGen: 152768K(162816K)->352K(162816K) Eden: 152576K(152576K)->0K(152576K) From: 192K(10240K)->352K(10240K)
[36.951s][info][gc,heap        ] GC(297) ParOldGen: 145827K(349696K)->145843K(349696K)
[36.951s][info][gc,metaspace   ] GC(297) Metaspace: 59940K(60800K)->59940K(60800K) NonClass: 52378K(52864K)->52378K(52864K) Class: 7561K(7936K)->7561K(7936K)
[36.951s][info][gc             ] GC(297) Pause Young (Allocation Failure) 291M->142M(500M) 1.449ms
[36.951s][info][gc,cpu         ] GC(297) User=0.00s Sys=0.00s Real=0.00s
[37.080s][info][gc,start       ] GC(298) Pause Young (Allocation Failure)
[37.081s][info][gc,heap        ] GC(298) PSYoungGen: 152928K(162816K)->128K(163840K) Eden: 152576K(152576K)->0K(154624K) From: 352K(10240K)->128K(9216K)
[37.081s][info][gc,heap        ] GC(298) ParOldGen: 145843K(349696K)->145931K(349696K)
[37.081s][info][gc,metaspace   ] GC(298) Metaspace: 59940K(60800K)->59940K(60800K) NonClass: 52378K(52864K)->52378K(52864K) Class: 7561K(7936K)->7561K(7936K)
[37.081s][info][gc             ] GC(298) Pause Young (Allocation Failure) 291M->142M(501M) 1.485ms
[37.081s][info][gc,cpu         ] GC(298) User=0.03s Sys=0.00s Real=0.02s
[37.172s][info][gc,start       ] GC(299) Pause Young (Allocation Failure)
[37.174s][info][gc,heap        ] GC(299) PSYoungGen: 154752K(163840K)->192K(163840K) Eden: 154624K(154624K)->0K(154624K) From: 128K(9216K)->192K(9216K)
[37.174s][info][gc,heap        ] GC(299) ParOldGen: 145931K(349696K)->145939K(349696K)
[37.174s][info][gc,metaspace   ] GC(299) Metaspace: 59940K(60800K)->59940K(60800K) NonClass: 52378K(52864K)->52378K(52864K) Class: 7561K(7936K)->7561K(7936K)
[37.174s][info][gc             ] GC(299) Pause Young (Allocation Failure) 293M->142M(501M) 1.424ms
[37.174s][info][gc,cpu         ] GC(299) User=0.00s Sys=0.00s Real=0.00s
[37.294s][info][gc,start       ] GC(300) Pause Young (Allocation Failure)
[37.295s][info][gc,heap        ] GC(300) PSYoungGen: 154816K(163840K)->128K(164352K) Eden: 154624K(154624K)->0K(156160K) From: 192K(9216K)->128K(8192K)
[37.295s][info][gc,heap        ] GC(300) ParOldGen: 145939K(349696K)->145947K(349696K)
[37.295s][info][gc,metaspace   ] GC(300) Metaspace: 59940K(60800K)->59940K(60800K) NonClass: 52378K(52864K)->52378K(52864K) Class: 7561K(7936K)->7561K(7936K)
[37.295s][info][gc             ] GC(300) Pause Young (Allocation Failure) 293M->142M(502M) 1.066ms
[37.295s][info][gc,cpu         ] GC(300) User=0.00s Sys=0.00s Real=0.00s
[37.397s][info][gc,start       ] GC(301) Pause Young (Allocation Failure)
[37.398s][info][gc,heap        ] GC(301) PSYoungGen: 156288K(164352K)->64K(164864K) Eden: 156160K(156160K)->0K(156160K) From: 128K(8192K)->64K(8704K)
[37.398s][info][gc,heap        ] GC(301) ParOldGen: 145947K(349696K)->145955K(349696K)
[37.398s][info][gc,metaspace   ] GC(301) Metaspace: 59940K(60800K)->59940K(60800K) NonClass: 52378K(52864K)->52378K(52864K) Class: 7561K(7936K)->7561K(7936K)
[37.398s][info][gc             ] GC(301) Pause Young (Allocation Failure) 295M->142M(502M) 1.342ms
[37.398s][info][gc,cpu         ] GC(301) User=0.03s Sys=0.00s Real=0.00s
[37.506s][info][gc,start       ] GC(302) Pause Young (Allocation Failure)
[37.508s][info][gc,heap        ] GC(302) PSYoungGen: 156224K(164864K)->192K(164864K) Eden: 156160K(156160K)->0K(157696K) From: 64K(8704K)->192K(7168K)
[37.508s][info][gc,heap        ] GC(302) ParOldGen: 145955K(349696K)->145971K(349696K)
[37.508s][info][gc,metaspace   ] GC(302) Metaspace: 59940K(60800K)->59940K(60800K) NonClass: 52378K(52864K)->52378K(52864K) Class: 7561K(7936K)->7561K(7936K)
[37.508s][info][gc             ] GC(302) Pause Young (Allocation Failure) 295M->142M(502M) 1.411ms
[37.508s][info][gc,cpu         ] GC(302) User=0.00s Sys=0.00s Real=0.00s
[37.572s][info][gc,start       ] GC(303) Pause Young (System.gc())
[37.574s][info][gc,heap        ] GC(303) PSYoungGen: 42586K(164864K)->384K(158208K) Eden: 42394K(157696K)->0K(157696K) From: 192K(7168K)->384K(512K)
[37.574s][info][gc,heap        ] GC(303) ParOldGen: 145971K(349696K)->145995K(349696K)
[37.574s][info][gc,metaspace   ] GC(303) Metaspace: 59965K(60800K)->59965K(60800K) NonClass: 52403K(52864K)->52403K(52864K) Class: 7562K(7936K)->7562K(7936K)
[37.574s][info][gc             ] GC(303) Pause Young (System.gc()) 184M->142M(496M) 1.674ms
[37.574s][info][gc,cpu         ] GC(303) User=0.00s Sys=0.00s Real=0.00s
[37.574s][info][gc,start       ] GC(304) Pause Full (System.gc())
[37.574s][info][gc,phases,start] GC(304) Marking Phase
[37.658s][info][gc,phases      ] GC(304) Marking Phase 83.369ms
[37.658s][info][gc,phases,start] GC(304) Summary Phase
[37.658s][info][gc,phases      ] GC(304) Summary Phase 0.015ms
[37.658s][info][gc,phases,start] GC(304) Adjust Roots
[37.664s][info][gc,phases      ] GC(304) Adjust Roots 6.782ms
[37.665s][info][gc,phases,start] GC(304) Compaction Phase
[37.681s][info][gc,phases      ] GC(304) Compaction Phase 16.613ms
[37.681s][info][gc,phases,start] GC(304) Post Compact
[37.682s][info][gc,phases      ] GC(304) Post Compact 0.747ms
[37.682s][info][gc,heap        ] GC(304) PSYoungGen: 384K(158208K)->0K(158208K) Eden: 0K(157696K)->0K(157696K) From: 384K(512K)->0K(512K)
[37.682s][info][gc,heap        ] GC(304) ParOldGen: 145995K(349696K)->101549K(349696K)
[37.682s][info][gc,metaspace   ] GC(304) Metaspace: 59965K(60800K)->59965K(60800K) NonClass: 52403K(52864K)->52403K(52864K) Class: 7562K(7936K)->7562K(7936K)
[37.682s][info][gc             ] GC(304) Pause Full (System.gc()) 142M->99M(496M) 107.776ms
[37.682s][info][gc,cpu         ] GC(304) User=0.94s Sys=0.00s Real=0.11s
[37.807s][info][gc,start       ] GC(305) Pause Young (Allocation Failure)
[37.811s][info][gc,heap        ] GC(305) PSYoungGen: 157696K(158208K)->4032K(164352K) Eden: 157696K(157696K)->0K(157184K) From: 0K(512K)->4032K(7168K)
[37.811s][info][gc,heap        ] GC(305) ParOldGen: 101549K(349696K)->101557K(349696K)
[37.811s][info][gc,metaspace   ] GC(305) Metaspace: 60009K(60928K)->60009K(60928K) NonClass: 52447K(52992K)->52447K(52992K) Class: 7562K(7936K)->7562K(7936K)
[37.811s][info][gc             ] GC(305) Pause Young (Allocation Failure) 253M->103M(502M) 3.322ms
[37.811s][info][gc,cpu         ] GC(305) User=0.00s Sys=0.00s Real=0.00s
[37.858s][info][gc,start       ] GC(306) Pause Young (Allocation Failure)
[37.869s][info][gc,heap        ] GC(306) PSYoungGen: 161216K(164352K)->6560K(164864K) Eden: 157184K(157184K)->0K(157184K) From: 4032K(7168K)->6560K(7680K)
[37.869s][info][gc,heap        ] GC(306) ParOldGen: 101557K(349696K)->105192K(349696K)
[37.869s][info][gc,metaspace   ] GC(306) Metaspace: 60013K(60928K)->60013K(60928K) NonClass: 52450K(52992K)->52450K(52992K) Class: 7562K(7936K)->7562K(7936K)
[37.869s][info][gc             ] GC(306) Pause Young (Allocation Failure) 256M->109M(502M) 10.998ms
[37.869s][info][gc,cpu         ] GC(306) User=0.03s Sys=0.00s Real=0.02s
[37.915s][info][gc,start       ] GC(307) Pause Young (Allocation Failure)
[37.932s][info][gc,heap        ] GC(307) PSYoungGen: 163744K(164864K)->7296K(163328K) Eden: 157184K(157184K)->0K(154112K) From: 6560K(7680K)->7296K(9216K)
[37.932s][info][gc,heap        ] GC(307) ParOldGen: 105192K(349696K)->111104K(349696K)
[37.932s][info][gc,metaspace   ] GC(307) Metaspace: 60013K(60928K)->60013K(60928K) NonClass: 52450K(52992K)->52450K(52992K) Class: 7562K(7936K)->7562K(7936K)
[37.932s][info][gc             ] GC(307) Pause Young (Allocation Failure) 262M->115M(501M) 17.100ms
[37.932s][info][gc,cpu         ] GC(307) User=0.03s Sys=0.00s Real=0.02s
[37.980s][info][gc,start       ] GC(308) Pause Young (Allocation Failure)
[37.993s][info][gc,heap        ] GC(308) PSYoungGen: 161408K(163328K)->6752K(161280K) Eden: 154112K(154112K)->0K(154112K) From: 7296K(9216K)->6752K(7168K)
[37.993s][info][gc,heap        ] GC(308) ParOldGen: 111104K(349696K)->118240K(349696K)
[37.993s][info][gc,metaspace   ] GC(308) Metaspace: 60013K(60928K)->60013K(60928K) NonClass: 52450K(52992K)->52450K(52992K) Class: 7562K(7936K)->7562K(7936K)
[37.993s][info][gc             ] GC(308) Pause Young (Allocation Failure) 266M->122M(499M) 13.459ms
[37.993s][info][gc,cpu         ] GC(308) User=0.34s Sys=0.00s Real=0.02s
[38.047s][info][gc,start       ] GC(309) Pause Young (Allocation Failure)
[38.061s][info][gc,heap        ] GC(309) PSYoungGen: 160864K(161280K)->9088K(160256K) Eden: 154112K(154112K)->0K(148992K) From: 6752K(7168K)->9088K(11264K)
[38.061s][info][gc,heap        ] GC(309) ParOldGen: 118240K(349696K)->124888K(349696K)
[38.061s][info][gc,metaspace   ] GC(309) Metaspace: 60013K(60928K)->60013K(60928K) NonClass: 52450K(52992K)->52450K(52992K) Class: 7562K(7936K)->7562K(7936K)
[38.061s][info][gc             ] GC(309) Pause Young (Allocation Failure) 272M->130M(498M) 14.811ms
[38.061s][info][gc,cpu         ] GC(309) User=0.17s Sys=0.00s Real=0.02s
[38.104s][info][gc,start       ] GC(310) Pause Young (Allocation Failure)
[38.119s][info][gc,heap        ] GC(310) PSYoungGen: 158080K(160256K)->6272K(161792K) Eden: 148992K(148992K)->0K(148992K) From: 9088K(11264K)->6272K(12800K)
[38.119s][info][gc,heap        ] GC(310) ParOldGen: 124888K(349696K)->133856K(349696K)
[38.119s][info][gc,metaspace   ] GC(310) Metaspace: 60013K(60928K)->60013K(60928K) NonClass: 52450K(52992K)->52450K(52992K) Class: 7562K(7936K)->7562K(7936K)
[38.119s][info][gc             ] GC(310) Pause Young (Allocation Failure) 276M->136M(499M) 14.998ms
[38.119s][info][gc,cpu         ] GC(310) User=0.17s Sys=0.00s Real=0.01s
[38.163s][info][gc,start       ] GC(311) Pause Young (Allocation Failure)
[38.204s][info][gc,heap        ] GC(311) PSYoungGen: 155264K(161792K)->5792K(161792K) Eden: 148992K(148992K)->0K(148992K) From: 6272K(12800K)->5792K(12800K)
[38.204s][info][gc,heap        ] GC(311) ParOldGen: 133856K(349696K)->140056K(349696K)
[38.204s][info][gc,metaspace   ] GC(311) Metaspace: 60013K(60928K)->60013K(60928K) NonClass: 52450K(52992K)->52450K(52992K) Class: 7562K(7936K)->7562K(7936K)
[38.204s][info][gc             ] GC(311) Pause Young (Allocation Failure) 282M->142M(499M) 40.306ms
[38.204s][info][gc,cpu         ] GC(311) User=0.38s Sys=0.00s Real=0.03s
[38.262s][info][gc,start       ] GC(312) Pause Young (Allocation Failure)
[38.287s][info][gc,heap        ] GC(312) PSYoungGen: 154784K(161792K)->160K(149504K) Eden: 148992K(148992K)->0K(148992K) From: 5792K(12800K)->160K(512K)
[38.287s][info][gc,heap        ] GC(312) ParOldGen: 140056K(349696K)->145784K(349696K)
[38.287s][info][gc,metaspace   ] GC(312) Metaspace: 60013K(60928K)->60013K(60928K) NonClass: 52450K(52992K)->52450K(52992K) Class: 7562K(7936K)->7562K(7936K)
[38.287s][info][gc             ] GC(312) Pause Young (Allocation Failure) 287M->142M(487M) 24.991ms
[38.287s][info][gc,cpu         ] GC(312) User=0.38s Sys=0.00s Real=0.03s
[38.336s][info][gc,start       ] GC(313) Pause Young (Allocation Failure)
[38.357s][info][gc,heap        ] GC(313) PSYoungGen: 149152K(149504K)->288K(161280K) Eden: 148992K(148992K)->0K(148992K) From: 160K(512K)->288K(12288K)
[38.357s][info][gc,heap        ] GC(313) ParOldGen: 145784K(349696K)->145792K(349696K)
[38.357s][info][gc,metaspace   ] GC(313) Metaspace: 60013K(60928K)->60013K(60928K) NonClass: 52450K(52992K)->52450K(52992K) Class: 7562K(7936K)->7562K(7936K)
[38.357s][info][gc             ] GC(313) Pause Young (Allocation Failure) 288M->142M(499M) 20.735ms
[38.357s][info][gc,cpu         ] GC(313) User=0.00s Sys=0.00s Real=0.02s
[38.410s][info][gc,start       ] GC(314) Pause Young (Allocation Failure)
[38.412s][info][gc,heap        ] GC(314) PSYoungGen: 149280K(161280K)->224K(161280K) Eden: 148992K(148992K)->0K(148992K) From: 288K(12288K)->224K(12288K)
[38.412s][info][gc,heap        ] GC(314) ParOldGen: 145792K(349696K)->145808K(349696K)
[38.412s][info][gc,metaspace   ] GC(314) Metaspace: 60013K(60928K)->60013K(60928K) NonClass: 52450K(52992K)->52450K(52992K) Class: 7562K(7936K)->7562K(7936K)
[38.412s][info][gc             ] GC(314) Pause Young (Allocation Failure) 288M->142M(499M) 1.309ms
[38.412s][info][gc,cpu         ] GC(314) User=0.00s Sys=0.00s Real=0.00s
[38.466s][info][gc,start       ] GC(315) Pause Young (Allocation Failure)
[38.468s][info][gc,heap        ] GC(315) PSYoungGen: 149216K(161280K)->224K(161792K) Eden: 148992K(148992K)->0K(150528K) From: 224K(12288K)->224K(11264K)
[38.468s][info][gc,heap        ] GC(315) ParOldGen: 145808K(349696K)->145824K(349696K)
[38.468s][info][gc,metaspace   ] GC(315) Metaspace: 60013K(60928K)->60013K(60928K) NonClass: 52450K(52992K)->52450K(52992K) Class: 7562K(7936K)->7562K(7936K)
[38.468s][info][gc             ] GC(315) Pause Young (Allocation Failure) 288M->142M(499M) 1.364ms
[38.468s][info][gc,cpu         ] GC(315) User=0.00s Sys=0.00s Real=0.00s
[38.522s][info][gc,start       ] GC(316) Pause Young (Allocation Failure)
[38.523s][info][gc,heap        ] GC(316) PSYoungGen: 150752K(161792K)->256K(161792K) Eden: 150528K(150528K)->0K(150528K) From: 224K(11264K)->256K(11264K)
[38.523s][info][gc,heap        ] GC(316) ParOldGen: 145824K(349696K)->145832K(349696K)
[38.523s][info][gc,metaspace   ] GC(316) Metaspace: 60013K(60928K)->60013K(60928K) NonClass: 52450K(52992K)->52450K(52992K) Class: 7562K(7936K)->7562K(7936K)
[38.523s][info][gc             ] GC(316) Pause Young (Allocation Failure) 289M->142M(499M) 1.380ms
[38.523s][info][gc,cpu         ] GC(316) User=0.00s Sys=0.00s Real=0.00s
[38.570s][info][gc,start       ] GC(317) Pause Young (Allocation Failure)
[38.572s][info][gc,heap        ] GC(317) PSYoungGen: 150784K(161792K)->256K(162816K) Eden: 150528K(150528K)->0K(152064K) From: 256K(11264K)->256K(10752K)
[38.572s][info][gc,heap        ] GC(317) ParOldGen: 145832K(349696K)->145848K(349696K)
[38.572s][info][gc,metaspace   ] GC(317) Metaspace: 60013K(60928K)->60013K(60928K) NonClass: 52450K(52992K)->52450K(52992K) Class: 7562K(7936K)->7562K(7936K)
[38.572s][info][gc             ] GC(317) Pause Young (Allocation Failure) 289M->142M(500M) 1.365ms
[38.572s][info][gc,cpu         ] GC(317) User=0.00s Sys=0.00s Real=0.00s
[38.641s][info][gc,start       ] GC(318) Pause Young (Allocation Failure)
[38.642s][info][gc,heap        ] GC(318) PSYoungGen: 152320K(162816K)->352K(162816K) Eden: 152064K(152064K)->0K(152064K) From: 256K(10752K)->352K(10752K)
[38.642s][info][gc,heap        ] GC(318) ParOldGen: 145848K(349696K)->145856K(349696K)
[38.642s][info][gc,metaspace   ] GC(318) Metaspace: 60014K(60928K)->60014K(60928K) NonClass: 52452K(52992K)->52452K(52992K) Class: 7562K(7936K)->7562K(7936K)
[38.642s][info][gc             ] GC(318) Pause Young (Allocation Failure) 291M->142M(500M) 1.522ms
[38.643s][info][gc,cpu         ] GC(318) User=0.00s Sys=0.00s Real=0.00s
[38.731s][info][gc,start       ] GC(319) Pause Young (Allocation Failure)
[38.732s][info][gc,heap        ] GC(319) PSYoungGen: 152416K(162816K)->160K(163328K) Eden: 152064K(152064K)->0K(153600K) From: 352K(10752K)->160K(9728K)
[38.732s][info][gc,heap        ] GC(319) ParOldGen: 145856K(349696K)->145944K(349696K)
[38.732s][info][gc,metaspace   ] GC(319) Metaspace: 60014K(60928K)->60014K(60928K) NonClass: 52452K(52992K)->52452K(52992K) Class: 7562K(7936K)->7562K(7936K)
[38.732s][info][gc             ] GC(319) Pause Young (Allocation Failure) 291M->142M(501M) 1.440ms
[38.732s][info][gc,cpu         ] GC(319) User=0.00s Sys=0.00s Real=0.00s
[38.821s][info][gc,start       ] GC(320) Pause Young (Allocation Failure)
[38.822s][info][gc,heap        ] GC(320) PSYoungGen: 153760K(163328K)->160K(163328K) Eden: 153600K(153600K)->0K(153600K) From: 160K(9728K)->160K(9728K)
[38.822s][info][gc,heap        ] GC(320) ParOldGen: 145944K(349696K)->145952K(349696K)
[38.822s][info][gc,metaspace   ] GC(320) Metaspace: 60014K(60928K)->60014K(60928K) NonClass: 52452K(52992K)->52452K(52992K) Class: 7562K(7936K)->7562K(7936K)
[38.822s][info][gc             ] GC(320) Pause Young (Allocation Failure) 292M->142M(501M) 1.475ms
[38.822s][info][gc,cpu         ] GC(320) User=0.03s Sys=0.00s Real=0.02s
[38.911s][info][gc,start       ] GC(321) Pause Young (Allocation Failure)
[38.912s][info][gc,heap        ] GC(321) PSYoungGen: 153760K(163328K)->160K(164352K) Eden: 153600K(153600K)->0K(155648K) From: 160K(9728K)->160K(8704K)
[38.912s][info][gc,heap        ] GC(321) ParOldGen: 145952K(349696K)->145960K(349696K)
[38.912s][info][gc,metaspace   ] GC(321) Metaspace: 60014K(60928K)->60014K(60928K) NonClass: 52452K(52992K)->52452K(52992K) Class: 7562K(7936K)->7562K(7936K)
[38.912s][info][gc             ] GC(321) Pause Young (Allocation Failure) 292M->142M(502M) 1.383ms
[38.913s][info][gc,cpu         ] GC(321) User=0.00s Sys=0.00s Real=0.00s
[39.003s][info][gc,start       ] GC(322) Pause Young (Allocation Failure)
[39.004s][info][gc,heap        ] GC(322) PSYoungGen: 155808K(164352K)->224K(164352K) Eden: 155648K(155648K)->0K(155648K) From: 160K(8704K)->224K(8704K)
[39.004s][info][gc,heap        ] GC(322) ParOldGen: 145960K(349696K)->145968K(349696K)
[39.004s][info][gc,metaspace   ] GC(322) Metaspace: 60014K(60928K)->60014K(60928K) NonClass: 52452K(52992K)->52452K(52992K) Class: 7562K(7936K)->7562K(7936K)
[39.004s][info][gc             ] GC(322) Pause Young (Allocation Failure) 294M->142M(502M) 1.380ms
[39.004s][info][gc,cpu         ] GC(322) User=0.00s Sys=0.00s Real=0.00s
[39.109s][info][gc,start       ] GC(323) Pause Young (Allocation Failure)
[39.111s][info][gc,heap        ] GC(323) PSYoungGen: 155872K(164352K)->192K(165376K) Eden: 155648K(155648K)->0K(157696K) From: 224K(8704K)->192K(7680K)
[39.111s][info][gc,heap        ] GC(323) ParOldGen: 145968K(349696K)->145976K(349696K)
[39.111s][info][gc,metaspace   ] GC(323) Metaspace: 60014K(60928K)->60014K(60928K) NonClass: 52452K(52992K)->52452K(52992K) Class: 7562K(7936K)->7562K(7936K)
[39.111s][info][gc             ] GC(323) Pause Young (Allocation Failure) 294M->142M(503M) 1.347ms
[39.111s][info][gc,cpu         ] GC(323) User=0.00s Sys=0.00s Real=0.00s
[39.178s][info][gc,start       ] GC(324) Pause Young (System.gc())
[39.179s][info][gc,heap        ] GC(324) PSYoungGen: 51450K(165376K)->384K(158208K) Eden: 51258K(157696K)->0K(157696K) From: 192K(7680K)->384K(512K)
[39.179s][info][gc,heap        ] GC(324) ParOldGen: 145976K(349696K)->145992K(349696K)
[39.179s][info][gc,metaspace   ] GC(324) Metaspace: 60029K(60928K)->60029K(60928K) NonClass: 52467K(52992K)->52467K(52992K) Class: 7562K(7936K)->7562K(7936K)
[39.179s][info][gc             ] GC(324) Pause Young (System.gc()) 192M->142M(496M) 1.709ms
[39.179s][info][gc,cpu         ] GC(324) User=0.00s Sys=0.00s Real=0.00s
[39.179s][info][gc,start       ] GC(325) Pause Full (System.gc())
[39.180s][info][gc,phases,start] GC(325) Marking Phase
[39.277s][info][gc,phases      ] GC(325) Marking Phase 97.040ms
[39.277s][info][gc,phases,start] GC(325) Summary Phase
[39.277s][info][gc,phases      ] GC(325) Summary Phase 0.017ms
[39.277s][info][gc,phases,start] GC(325) Adjust Roots
[39.284s][info][gc,phases      ] GC(325) Adjust Roots 6.972ms
[39.284s][info][gc,phases,start] GC(325) Compaction Phase
[39.304s][info][gc,phases      ] GC(325) Compaction Phase 20.056ms
[39.304s][info][gc,phases,start] GC(325) Post Compact
[39.305s][info][gc,phases      ] GC(325) Post Compact 1.010ms
[39.305s][info][gc,heap        ] GC(325) PSYoungGen: 384K(158208K)->0K(158208K) Eden: 0K(157696K)->0K(157696K) From: 384K(512K)->0K(512K)
[39.305s][info][gc,heap        ] GC(325) ParOldGen: 145992K(349696K)->101581K(349696K)
[39.305s][info][gc,metaspace   ] GC(325) Metaspace: 60029K(60928K)->60029K(60928K) NonClass: 52467K(52992K)->52467K(52992K) Class: 7562K(7936K)->7562K(7936K)
[39.305s][info][gc             ] GC(325) Pause Full (System.gc()) 142M->99M(496M) 125.441ms
[39.305s][info][gc,cpu         ] GC(325) User=0.92s Sys=0.00s Real=0.12s
[39.428s][info][gc,start       ] GC(326) Pause Young (Allocation Failure)
[39.431s][info][gc,heap        ] GC(326) PSYoungGen: 157696K(158208K)->3808K(164352K) Eden: 157696K(157696K)->0K(157184K) From: 0K(512K)->3808K(7168K)
[39.431s][info][gc,heap        ] GC(326) ParOldGen: 101581K(349696K)->101589K(349696K)
[39.431s][info][gc,metaspace   ] GC(326) Metaspace: 60081K(60928K)->60081K(60928K) NonClass: 52517K(52992K)->52517K(52992K) Class: 7563K(7936K)->7563K(7936K)
[39.432s][info][gc             ] GC(326) Pause Young (Allocation Failure) 253M->102M(502M) 3.242ms
[39.432s][info][gc,cpu         ] GC(326) User=0.00s Sys=0.00s Real=0.00s
[39.495s][info][gc,start       ] GC(327) Pause Young (Allocation Failure)
[39.506s][info][gc,heap        ] GC(327) PSYoungGen: 160992K(164352K)->6272K(164864K) Eden: 157184K(157184K)->0K(157184K) From: 3808K(7168K)->6272K(7680K)
[39.506s][info][gc,heap        ] GC(327) ParOldGen: 101589K(349696K)->105112K(349696K)
[39.506s][info][gc,metaspace   ] GC(327) Metaspace: 60100K(60992K)->60100K(60992K) NonClass: 52536K(53056K)->52536K(53056K) Class: 7563K(7936K)->7563K(7936K)
[39.507s][info][gc             ] GC(327) Pause Young (Allocation Failure) 256M->108M(502M) 11.498ms
[39.507s][info][gc,cpu         ] GC(327) User=0.03s Sys=0.00s Real=0.02s
[39.555s][info][gc,start       ] GC(328) Pause Young (Allocation Failure)
[39.569s][info][gc,heap        ] GC(328) PSYoungGen: 163456K(164864K)->7168K(162816K) Eden: 157184K(157184K)->0K(154112K) From: 6272K(7680K)->7168K(8704K)
[39.569s][info][gc,heap        ] GC(328) ParOldGen: 105112K(349696K)->110768K(349696K)
[39.569s][info][gc,metaspace   ] GC(328) Metaspace: 60100K(60992K)->60100K(60992K) NonClass: 52536K(53056K)->52536K(53056K) Class: 7563K(7936K)->7563K(7936K)
[39.569s][info][gc             ] GC(328) Pause Young (Allocation Failure) 262M->115M(500M) 13.481ms
[39.569s][info][gc,cpu         ] GC(328) User=0.14s Sys=0.00s Real=0.02s
[39.616s][info][gc,start       ] GC(329) Pause Young (Allocation Failure)
[39.634s][info][gc,heap        ] GC(329) PSYoungGen: 161280K(162816K)->6208K(160768K) Eden: 154112K(154112K)->0K(154112K) From: 7168K(8704K)->6208K(6656K)
[39.634s][info][gc,heap        ] GC(329) ParOldGen: 110768K(349696K)->117816K(349696K)
[39.634s][info][gc,metaspace   ] GC(329) Metaspace: 60100K(60992K)->60100K(60992K) NonClass: 52536K(53056K)->52536K(53056K) Class: 7563K(7936K)->7563K(7936K)
[39.634s][info][gc             ] GC(329) Pause Young (Allocation Failure) 265M->121M(498M) 18.523ms
[39.634s][info][gc,cpu         ] GC(329) User=0.05s Sys=0.00s Real=0.02s
[39.683s][info][gc,start       ] GC(330) Pause Young (Allocation Failure)
[39.727s][info][gc,heap        ] GC(330) PSYoungGen: 160320K(160768K)->8448K(160768K) Eden: 154112K(154112K)->0K(150016K) From: 6208K(6656K)->8448K(10752K)
[39.727s][info][gc,heap        ] GC(330) ParOldGen: 117816K(349696K)->123912K(349696K)
[39.727s][info][gc,metaspace   ] GC(330) Metaspace: 60100K(60992K)->60100K(60992K) NonClass: 52536K(53056K)->52536K(53056K) Class: 7563K(7936K)->7563K(7936K)
[39.727s][info][gc             ] GC(330) Pause Young (Allocation Failure) 271M->129M(498M) 44.278ms
[39.727s][info][gc,cpu         ] GC(330) User=0.22s Sys=0.00s Real=0.05s
[39.775s][info][gc,start       ] GC(331) Pause Young (Allocation Failure)
[39.790s][info][gc,heap        ] GC(331) PSYoungGen: 158464K(160768K)->6240K(162304K) Eden: 150016K(150016K)->0K(150016K) From: 8448K(10752K)->6240K(12288K)
[39.790s][info][gc,heap        ] GC(331) ParOldGen: 123912K(349696K)->132232K(349696K)
[39.790s][info][gc,metaspace   ] GC(331) Metaspace: 60100K(60992K)->60100K(60992K) NonClass: 52536K(53056K)->52536K(53056K) Class: 7563K(7936K)->7563K(7936K)
[39.790s][info][gc             ] GC(331) Pause Young (Allocation Failure) 275M->135M(500M) 15.145ms
[39.791s][info][gc,cpu         ] GC(331) User=0.38s Sys=0.00s Real=0.02s
[39.833s][info][gc,start       ] GC(332) Pause Young (Allocation Failure)
[39.876s][info][gc,heap        ] GC(332) PSYoungGen: 156256K(162304K)->6304K(162304K) Eden: 150016K(150016K)->0K(150016K) From: 6240K(12288K)->6304K(12288K)
[39.876s][info][gc,heap        ] GC(332) ParOldGen: 132232K(349696K)->138360K(349696K)
[39.876s][info][gc,metaspace   ] GC(332) Metaspace: 60100K(60992K)->60100K(60992K) NonClass: 52536K(53056K)->52536K(53056K) Class: 7563K(7936K)->7563K(7936K)
[39.876s][info][gc             ] GC(332) Pause Young (Allocation Failure) 281M->141M(500M) 42.204ms
[39.876s][info][gc,cpu         ] GC(332) User=0.56s Sys=0.00s Real=0.05s
[39.924s][info][gc,start       ] GC(333) Pause Young (Allocation Failure)
[39.952s][info][gc,heap        ] GC(333) PSYoungGen: 156320K(162304K)->1408K(162304K) Eden: 150016K(150016K)->0K(150016K) From: 6304K(12288K)->1408K(12288K)
[39.952s][info][gc,heap        ] GC(333) ParOldGen: 138360K(349696K)->144536K(349696K)
[39.952s][info][gc,metaspace   ] GC(333) Metaspace: 60100K(60992K)->60100K(60992K) NonClass: 52536K(53056K)->52536K(53056K) Class: 7563K(7936K)->7563K(7936K)
[39.952s][info][gc             ] GC(333) Pause Young (Allocation Failure) 287M->142M(500M) 27.473ms
[39.952s][info][gc,cpu         ] GC(333) User=0.38s Sys=0.00s Real=0.03s
[40.003s][info][gc,start       ] GC(334) Pause Young (Allocation Failure)
[40.011s][info][gc,heap        ] GC(334) PSYoungGen: 151424K(162304K)->192K(161280K) Eden: 150016K(150016K)->0K(150016K) From: 1408K(12288K)->192K(11264K)
[40.011s][info][gc,heap        ] GC(334) ParOldGen: 144536K(349696K)->145824K(349696K)
[40.011s][info][gc,metaspace   ] GC(334) Metaspace: 60100K(60992K)->60100K(60992K) NonClass: 52536K(53056K)->52536K(53056K) Class: 7563K(7936K)->7563K(7936K)
[40.011s][info][gc             ] GC(334) Pause Young (Allocation Failure) 289M->142M(499M) 7.413ms
[40.011s][info][gc,cpu         ] GC(334) User=0.19s Sys=0.00s Real=0.02s
[40.065s][info][gc,start       ] GC(335) Pause Young (Allocation Failure)
[40.066s][info][gc,heap        ] GC(335) PSYoungGen: 150208K(161280K)->128K(161792K) Eden: 150016K(150016K)->0K(150016K) From: 192K(11264K)->128K(11776K)
[40.066s][info][gc,heap        ] GC(335) ParOldGen: 145824K(349696K)->145840K(349696K)
[40.066s][info][gc,metaspace   ] GC(335) Metaspace: 60100K(60992K)->60100K(60992K) NonClass: 52536K(53056K)->52536K(53056K) Class: 7563K(7936K)->7563K(7936K)
[40.066s][info][gc             ] GC(335) Pause Young (Allocation Failure) 289M->142M(499M) 1.419ms
[40.066s][info][gc,cpu         ] GC(335) User=0.00s Sys=0.00s Real=0.00s
[40.121s][info][gc,start       ] GC(336) Pause Young (Allocation Failure)
[40.122s][info][gc,heap        ] GC(336) PSYoungGen: 150144K(161792K)->160K(161792K) Eden: 150016K(150016K)->0K(151040K) From: 128K(11776K)->160K(10752K)
[40.122s][info][gc,heap        ] GC(336) ParOldGen: 145840K(349696K)->145848K(349696K)
[40.122s][info][gc,metaspace   ] GC(336) Metaspace: 60100K(60992K)->60100K(60992K) NonClass: 52536K(53056K)->52536K(53056K) Class: 7563K(7936K)->7563K(7936K)
[40.122s][info][gc             ] GC(336) Pause Young (Allocation Failure) 289M->142M(499M) 1.380ms
[40.122s][info][gc,cpu         ] GC(336) User=0.00s Sys=0.00s Real=0.00s
[40.170s][info][gc,start       ] GC(337) Pause Young (Allocation Failure)
[40.171s][info][gc,heap        ] GC(337) PSYoungGen: 151200K(161792K)->96K(162304K) Eden: 151040K(151040K)->0K(151040K) From: 160K(10752K)->96K(11264K)
[40.171s][info][gc,heap        ] GC(337) ParOldGen: 145848K(349696K)->145864K(349696K)
[40.171s][info][gc,metaspace   ] GC(337) Metaspace: 60100K(60992K)->60100K(60992K) NonClass: 52536K(53056K)->52536K(53056K) Class: 7563K(7936K)->7563K(7936K)
[40.171s][info][gc             ] GC(337) Pause Young (Allocation Failure) 290M->142M(500M) 1.319ms
[40.171s][info][gc,cpu         ] GC(337) User=0.00s Sys=0.00s Real=0.00s
[40.226s][info][gc,start       ] GC(338) Pause Young (Allocation Failure)
[40.227s][info][gc,heap        ] GC(338) PSYoungGen: 151136K(162304K)->192K(162304K) Eden: 151040K(151040K)->0K(152576K) From: 96K(11264K)->192K(9728K)
[40.227s][info][gc,heap        ] GC(338) ParOldGen: 145864K(349696K)->145872K(349696K)
[40.227s][info][gc,metaspace   ] GC(338) Metaspace: 60100K(60992K)->60100K(60992K) NonClass: 52536K(53056K)->52536K(53056K) Class: 7563K(7936K)->7563K(7936K)
[40.227s][info][gc             ] GC(338) Pause Young (Allocation Failure) 290M->142M(500M) 0.830ms
[40.227s][info][gc,cpu         ] GC(338) User=0.00s Sys=0.00s Real=0.00s
[40.309s][info][gc,start       ] GC(339) Pause Young (Allocation Failure)
[40.310s][info][gc,heap        ] GC(339) PSYoungGen: 152768K(162304K)->352K(162816K) Eden: 152576K(152576K)->0K(152576K) From: 192K(9728K)->352K(10240K)
[40.310s][info][gc,heap        ] GC(339) ParOldGen: 145872K(349696K)->145880K(349696K)
[40.310s][info][gc,metaspace   ] GC(339) Metaspace: 60104K(60992K)->60104K(60992K) NonClass: 52540K(53056K)->52540K(53056K) Class: 7563K(7936K)->7563K(7936K)
[40.310s][info][gc             ] GC(339) Pause Young (Allocation Failure) 291M->142M(500M) 1.483ms
[40.310s][info][gc,cpu         ] GC(339) User=0.00s Sys=0.00s Real=0.00s
[40.415s][info][gc,start       ] GC(340) Pause Young (Allocation Failure)
[40.416s][info][gc,heap        ] GC(340) PSYoungGen: 152928K(162816K)->160K(164352K) Eden: 152576K(152576K)->0K(154624K) From: 352K(10240K)->160K(9728K)
[40.416s][info][gc,heap        ] GC(340) ParOldGen: 145880K(349696K)->145968K(349696K)
[40.416s][info][gc,metaspace   ] GC(340) Metaspace: 60104K(60992K)->60104K(60992K) NonClass: 52540K(53056K)->52540K(53056K) Class: 7563K(7936K)->7563K(7936K)
[40.416s][info][gc             ] GC(340) Pause Young (Allocation Failure) 291M->142M(502M) 1.344ms
[40.416s][info][gc,cpu         ] GC(340) User=0.00s Sys=0.00s Real=0.00s
[40.521s][info][gc,start       ] GC(341) Pause Young (Allocation Failure)
[40.522s][info][gc,heap        ] GC(341) PSYoungGen: 154784K(164352K)->160K(164352K) Eden: 154624K(154624K)->0K(154624K) From: 160K(9728K)->160K(9728K)
[40.523s][info][gc,heap        ] GC(341) ParOldGen: 145968K(349696K)->145984K(349696K)
[40.523s][info][gc,metaspace   ] GC(341) Metaspace: 60104K(60992K)->60104K(60992K) NonClass: 52540K(53056K)->52540K(53056K) Class: 7563K(7936K)->7563K(7936K)
[40.523s][info][gc             ] GC(341) Pause Young (Allocation Failure) 293M->142M(502M) 1.488ms
[40.523s][info][gc,cpu         ] GC(341) User=0.00s Sys=0.00s Real=0.00s
[40.619s][info][gc,start       ] GC(342) Pause Young (Allocation Failure)
[40.620s][info][gc,heap        ] GC(342) PSYoungGen: 154784K(164352K)->96K(164352K) Eden: 154624K(154624K)->0K(155648K) From: 160K(9728K)->96K(8704K)
[40.620s][info][gc,heap        ] GC(342) ParOldGen: 145984K(349696K)->146000K(349696K)
[40.620s][info][gc,metaspace   ] GC(342) Metaspace: 60104K(60992K)->60104K(60992K) NonClass: 52540K(53056K)->52540K(53056K) Class: 7563K(7936K)->7563K(7936K)
[40.620s][info][gc             ] GC(342) Pause Young (Allocation Failure) 293M->142M(502M) 1.298ms
[40.620s][info][gc,cpu         ] GC(342) User=0.00s Sys=0.00s Real=0.00s
[40.728s][info][gc,start       ] GC(343) Pause Young (Allocation Failure)
[40.729s][info][gc,heap        ] GC(343) PSYoungGen: 155744K(164352K)->160K(164352K) Eden: 155648K(155648K)->0K(155648K) From: 96K(8704K)->160K(8704K)
[40.729s][info][gc,heap        ] GC(343) ParOldGen: 146000K(349696K)->146008K(349696K)
[40.729s][info][gc,metaspace   ] GC(343) Metaspace: 60104K(60992K)->60104K(60992K) NonClass: 52540K(53056K)->52540K(53056K) Class: 7563K(7936K)->7563K(7936K)
[40.729s][info][gc             ] GC(343) Pause Young (Allocation Failure) 294M->142M(502M) 1.429ms
[40.729s][info][gc,cpu         ] GC(343) User=0.00s Sys=0.00s Real=0.00s
[40.837s][info][gc,start       ] GC(344) Pause Young (Allocation Failure)
[40.838s][info][gc,heap        ] GC(344) PSYoungGen: 155808K(164352K)->160K(165376K) Eden: 155648K(155648K)->0K(157696K) From: 160K(8704K)->160K(7680K)
[40.838s][info][gc,heap        ] GC(344) ParOldGen: 146008K(349696K)->146016K(349696K)
[40.838s][info][gc,metaspace   ] GC(344) Metaspace: 60104K(60992K)->60104K(60992K) NonClass: 52540K(53056K)->52540K(53056K) Class: 7563K(7936K)->7563K(7936K)
[40.838s][info][gc             ] GC(344) Pause Young (Allocation Failure) 294M->142M(503M) 0.851ms
[40.838s][info][gc,cpu         ] GC(344) User=0.00s Sys=0.00s Real=0.00s
[40.883s][info][gc,start       ] GC(345) Pause Young (System.gc())
[40.885s][info][gc,heap        ] GC(345) PSYoungGen: 39633K(165376K)->416K(158208K) Eden: 39473K(157696K)->0K(157696K) From: 160K(7680K)->416K(512K)
[40.885s][info][gc,heap        ] GC(345) ParOldGen: 146016K(349696K)->146032K(349696K)
[40.885s][info][gc,metaspace   ] GC(345) Metaspace: 60126K(60992K)->60126K(60992K) NonClass: 52562K(53056K)->52562K(53056K) Class: 7563K(7936K)->7563K(7936K)
[40.885s][info][gc             ] GC(345) Pause Young (System.gc()) 181M->143M(496M) 1.602ms
[40.885s][info][gc,cpu         ] GC(345) User=0.00s Sys=0.00s Real=0.00s
[40.885s][info][gc,start       ] GC(346) Pause Full (System.gc())
[40.885s][info][gc,phases,start] GC(346) Marking Phase
[40.968s][info][gc,phases      ] GC(346) Marking Phase 83.028ms
[40.968s][info][gc,phases,start] GC(346) Summary Phase
[40.968s][info][gc,phases      ] GC(346) Summary Phase 0.013ms
[40.968s][info][gc,phases,start] GC(346) Adjust Roots
[40.975s][info][gc,phases      ] GC(346) Adjust Roots 6.286ms
[40.975s][info][gc,phases,start] GC(346) Compaction Phase
[40.993s][info][gc,phases      ] GC(346) Compaction Phase 18.019ms
[40.993s][info][gc,phases,start] GC(346) Post Compact
[40.994s][info][gc,phases      ] GC(346) Post Compact 0.822ms
[40.994s][info][gc,heap        ] GC(346) PSYoungGen: 416K(158208K)->0K(158208K) Eden: 0K(157696K)->0K(157696K) From: 416K(512K)->0K(512K)
[40.994s][info][gc,heap        ] GC(346) ParOldGen: 146032K(349696K)->101614K(349696K)
[40.994s][info][gc,metaspace   ] GC(346) Metaspace: 60126K(60992K)->60126K(60992K) NonClass: 52562K(53056K)->52562K(53056K) Class: 7563K(7936K)->7563K(7936K)
[40.994s][info][gc             ] GC(346) Pause Full (System.gc()) 143M->99M(496M) 108.436ms
[40.994s][info][gc,cpu         ] GC(346) User=0.94s Sys=0.00s Real=0.12s
[41.126s][info][gc,start       ] GC(347) Pause Young (Allocation Failure)
[41.128s][info][gc,heap        ] GC(347) PSYoungGen: 157696K(158208K)->1920K(164864K) Eden: 157696K(157696K)->0K(157696K) From: 0K(512K)->1920K(7168K)
[41.128s][info][gc,heap        ] GC(347) ParOldGen: 101614K(349696K)->101614K(349696K)
[41.128s][info][gc,metaspace   ] GC(347) Metaspace: 60149K(60992K)->60149K(60992K) NonClass: 52585K(53056K)->52585K(53056K) Class: 7563K(7936K)->7563K(7936K)
[41.128s][info][gc             ] GC(347) Pause Young (Allocation Failure) 253M->101M(502M) 1.927ms
[41.128s][info][gc,cpu         ] GC(347) User=0.00s Sys=0.00s Real=0.00s
[41.185s][info][gc,start       ] GC(348) Pause Young (Allocation Failure)
[41.191s][info][gc,heap        ] GC(348) PSYoungGen: 159616K(164864K)->6976K(164864K) Eden: 157696K(157696K)->0K(157696K) From: 1920K(7168K)->6976K(7168K)
[41.192s][info][gc,heap        ] GC(348) ParOldGen: 101614K(349696K)->103324K(349696K)
[41.192s][info][gc,metaspace   ] GC(348) Metaspace: 60154K(60992K)->60154K(60992K) NonClass: 52590K(53056K)->52590K(53056K) Class: 7563K(7936K)->7563K(7936K)
[41.192s][info][gc             ] GC(348) Pause Young (Allocation Failure) 255M->107M(502M) 6.955ms
[41.192s][info][gc,cpu         ] GC(348) User=0.00s Sys=0.00s Real=0.00s
[41.240s][info][gc,start       ] GC(349) Pause Young (Allocation Failure)
[41.253s][info][gc,heap        ] GC(349) PSYoungGen: 164672K(164864K)->8672K(156672K) Eden: 157696K(157696K)->0K(147968K) From: 6976K(7168K)->8672K(8704K)
[41.253s][info][gc,heap        ] GC(349) ParOldGen: 103324K(349696K)->111068K(349696K)
[41.253s][info][gc,metaspace   ] GC(349) Metaspace: 60154K(60992K)->60154K(60992K) NonClass: 52590K(53056K)->52590K(53056K) Class: 7563K(7936K)->7563K(7936K)
[41.253s][info][gc             ] GC(349) Pause Young (Allocation Failure) 261M->116M(494M) 13.244ms
[41.253s][info][gc,cpu         ] GC(349) User=0.03s Sys=0.00s Real=0.02s
[41.297s][info][gc,start       ] GC(350) Pause Young (Allocation Failure)
[41.312s][info][gc,heap        ] GC(350) PSYoungGen: 156640K(156672K)->6080K(161280K) Eden: 147968K(147968K)->0K(147968K) From: 8672K(8704K)->6080K(13312K)
[41.312s][info][gc,heap        ] GC(350) ParOldGen: 111068K(349696K)->116724K(349696K)
[41.312s][info][gc,metaspace   ] GC(350) Metaspace: 60154K(60992K)->60154K(60992K) NonClass: 52590K(53056K)->52590K(53056K) Class: 7563K(7936K)->7563K(7936K)
[41.312s][info][gc             ] GC(350) Pause Young (Allocation Failure) 261M->119M(499M) 14.578ms
[41.312s][info][gc,cpu         ] GC(350) User=0.03s Sys=0.00s Real=0.02s
[41.357s][info][gc,start       ] GC(351) Pause Young (Allocation Failure)
[41.373s][info][gc,heap        ] GC(351) PSYoungGen: 154048K(161280K)->7840K(160256K) Eden: 147968K(147968K)->0K(146944K) From: 6080K(13312K)->7840K(13312K)
[41.374s][info][gc,heap        ] GC(351) ParOldGen: 116724K(349696K)->122708K(349696K)
[41.374s][info][gc,metaspace   ] GC(351) Metaspace: 60154K(60992K)->60154K(60992K) NonClass: 52590K(53056K)->52590K(53056K) Class: 7563K(7936K)->7563K(7936K)
[41.374s][info][gc             ] GC(351) Pause Young (Allocation Failure) 264M->127M(498M) 16.806ms
[41.374s][info][gc,cpu         ] GC(351) User=0.05s Sys=0.00s Real=0.02s
[41.424s][info][gc,start       ] GC(352) Pause Young (Allocation Failure)
[41.439s][info][gc,heap        ] GC(352) PSYoungGen: 154784K(160256K)->6912K(160768K) Eden: 146944K(146944K)->0K(146944K) From: 7840K(13312K)->6912K(13824K)
[41.439s][info][gc,heap        ] GC(352) ParOldGen: 122708K(349696K)->130508K(349696K)
[41.439s][info][gc,metaspace   ] GC(352) Metaspace: 60154K(60992K)->60154K(60992K) NonClass: 52590K(53056K)->52590K(53056K) Class: 7563K(7936K)->7563K(7936K)
[41.439s][info][gc             ] GC(352) Pause Young (Allocation Failure) 270M->134M(498M) 15.056ms
[41.439s][info][gc,cpu         ] GC(352) User=0.05s Sys=0.00s Real=0.02s
[41.491s][info][gc,start       ] GC(353) Pause Young (Allocation Failure)
[41.534s][info][gc,heap        ] GC(353) PSYoungGen: 153856K(160768K)->7136K(159744K) Eden: 146944K(146944K)->0K(145920K) From: 6912K(13824K)->7136K(13824K)
[41.534s][info][gc,heap        ] GC(353) ParOldGen: 130508K(349696K)->137292K(349696K)
[41.534s][info][gc,metaspace   ] GC(353) Metaspace: 60154K(60992K)->60154K(60992K) NonClass: 52590K(53056K)->52590K(53056K) Class: 7563K(7936K)->7563K(7936K)
[41.534s][info][gc             ] GC(353) Pause Young (Allocation Failure) 277M->141M(497M) 43.446ms
[41.534s][info][gc,cpu         ] GC(353) User=0.34s Sys=0.00s Real=0.03s
[41.581s][info][gc,start       ] GC(354) Pause Young (Allocation Failure)
[41.611s][info][gc,heap        ] GC(354) PSYoungGen: 153056K(159744K)->1696K(160256K) Eden: 145920K(145920K)->0K(145920K) From: 7136K(13824K)->1696K(14336K)
[41.611s][info][gc,heap        ] GC(354) ParOldGen: 137292K(349696K)->144348K(349696K)
[41.611s][info][gc,metaspace   ] GC(354) Metaspace: 60154K(60992K)->60154K(60992K) NonClass: 52591K(53056K)->52591K(53056K) Class: 7563K(7936K)->7563K(7936K)
[41.611s][info][gc             ] GC(354) Pause Young (Allocation Failure) 283M->142M(498M) 29.906ms
[41.611s][info][gc,cpu         ] GC(354) User=0.52s Sys=0.00s Real=0.04s
[41.659s][info][gc,start       ] GC(355) Pause Young (Allocation Failure)
[41.667s][info][gc,heap        ] GC(355) PSYoungGen: 147616K(160256K)->192K(159232K) Eden: 145920K(145920K)->0K(146432K) From: 1696K(14336K)->192K(12800K)
[41.667s][info][gc,heap        ] GC(355) ParOldGen: 144348K(349696K)->145852K(349696K)
[41.667s][info][gc,metaspace   ] GC(355) Metaspace: 60154K(60992K)->60154K(60992K) NonClass: 52591K(53056K)->52591K(53056K) Class: 7563K(7936K)->7563K(7936K)
[41.667s][info][gc             ] GC(355) Pause Young (Allocation Failure) 285M->142M(497M) 8.146ms
[41.667s][info][gc,cpu         ] GC(355) User=0.00s Sys=0.00s Real=0.00s
[41.719s][info][gc,start       ] GC(356) Pause Young (Allocation Failure)
[41.720s][info][gc,heap        ] GC(356) PSYoungGen: 146624K(159232K)->160K(159744K) Eden: 146432K(146432K)->0K(146432K) From: 192K(12800K)->160K(13312K)
[41.721s][info][gc,heap        ] GC(356) ParOldGen: 145852K(349696K)->145860K(349696K)
[41.721s][info][gc,metaspace   ] GC(356) Metaspace: 60154K(60992K)->60154K(60992K) NonClass: 52591K(53056K)->52591K(53056K) Class: 7563K(7936K)->7563K(7936K)
[41.721s][info][gc             ] GC(356) Pause Young (Allocation Failure) 285M->142M(497M) 1.424ms
[41.721s][info][gc,cpu         ] GC(356) User=0.00s Sys=0.00s Real=0.00s
[41.766s][info][gc,start       ] GC(357) Pause Young (Allocation Failure)
[41.767s][info][gc,heap        ] GC(357) PSYoungGen: 146592K(159744K)->192K(160256K) Eden: 146432K(146432K)->0K(147968K) From: 160K(13312K)->192K(12288K)
[41.767s][info][gc,heap        ] GC(357) ParOldGen: 145860K(349696K)->145876K(349696K)
[41.767s][info][gc,metaspace   ] GC(357) Metaspace: 60154K(60992K)->60154K(60992K) NonClass: 52591K(53056K)->52591K(53056K) Class: 7563K(7936K)->7563K(7936K)
[41.767s][info][gc             ] GC(357) Pause Young (Allocation Failure) 285M->142M(498M) 1.343ms
[41.767s][info][gc,cpu         ] GC(357) User=0.00s Sys=0.00s Real=0.00s
[41.820s][info][gc,start       ] GC(358) Pause Young (Allocation Failure)
[41.822s][info][gc,heap        ] GC(358) PSYoungGen: 148160K(160256K)->288K(160768K) Eden: 147968K(147968K)->0K(147968K) From: 192K(12288K)->288K(12800K)
[41.822s][info][gc,heap        ] GC(358) ParOldGen: 145876K(349696K)->145884K(349696K)
[41.822s][info][gc,metaspace   ] GC(358) Metaspace: 60154K(60992K)->60154K(60992K) NonClass: 52591K(53056K)->52591K(53056K) Class: 7563K(7936K)->7563K(7936K)
[41.822s][info][gc             ] GC(358) Pause Young (Allocation Failure) 287M->142M(498M) 1.427ms
[41.822s][info][gc,cpu         ] GC(358) User=0.00s Sys=0.00s Real=0.00s
[41.877s][info][gc,start       ] GC(359) Pause Young (Allocation Failure)
[41.878s][info][gc,heap        ] GC(359) PSYoungGen: 148256K(160768K)->224K(160768K) Eden: 147968K(147968K)->0K(149504K) From: 288K(12800K)->224K(11264K)
[41.879s][info][gc,heap        ] GC(359) ParOldGen: 145884K(349696K)->145900K(349696K)
[41.879s][info][gc,metaspace   ] GC(359) Metaspace: 60154K(60992K)->60154K(60992K) NonClass: 52591K(53056K)->52591K(53056K) Class: 7563K(7936K)->7563K(7936K)
[41.879s][info][gc             ] GC(359) Pause Young (Allocation Failure) 287M->142M(498M) 1.333ms
[41.879s][info][gc,cpu         ] GC(359) User=0.00s Sys=0.00s Real=0.00s
[41.961s][info][gc,start       ] GC(360) Pause Young (Allocation Failure)
[41.962s][info][gc,heap        ] GC(360) PSYoungGen: 149728K(160768K)->320K(161280K) Eden: 149504K(149504K)->0K(149504K) From: 224K(11264K)->320K(11776K)
[41.962s][info][gc,heap        ] GC(360) ParOldGen: 145900K(349696K)->145908K(349696K)
[41.962s][info][gc,metaspace   ] GC(360) Metaspace: 60154K(60992K)->60154K(60992K) NonClass: 52591K(53056K)->52591K(53056K) Class: 7563K(7936K)->7563K(7936K)
[41.963s][info][gc             ] GC(360) Pause Young (Allocation Failure) 288M->142M(499M) 1.525ms
[41.963s][info][gc,cpu         ] GC(360) User=0.00s Sys=0.00s Real=0.00s
[42.069s][info][gc,start       ] GC(361) Pause Young (Allocation Failure)
[42.070s][info][gc,heap        ] GC(361) PSYoungGen: 149824K(161280K)->96K(161792K) Eden: 149504K(149504K)->0K(151552K) From: 320K(11776K)->96K(10240K)
[42.070s][info][gc,heap        ] GC(361) ParOldGen: 145908K(349696K)->145988K(349696K)
[42.070s][info][gc,metaspace   ] GC(361) Metaspace: 60154K(60992K)->60154K(60992K) NonClass: 52591K(53056K)->52591K(53056K) Class: 7563K(7936K)->7563K(7936K)
[42.070s][info][gc             ] GC(361) Pause Young (Allocation Failure) 288M->142M(499M) 1.480ms
[42.070s][info][gc,cpu         ] GC(361) User=0.00s Sys=0.00s Real=0.00s
[42.159s][info][gc,start       ] GC(362) Pause Young (Allocation Failure)
[42.160s][info][gc,heap        ] GC(362) PSYoungGen: 151648K(161792K)->192K(162304K) Eden: 151552K(151552K)->0K(151552K) From: 96K(10240K)->192K(10752K)
[42.160s][info][gc,heap        ] GC(362) ParOldGen: 145988K(349696K)->145996K(349696K)
[42.160s][info][gc,metaspace   ] GC(362) Metaspace: 60154K(60992K)->60154K(60992K) NonClass: 52591K(53056K)->52591K(53056K) Class: 7563K(7936K)->7563K(7936K)
[42.160s][info][gc             ] GC(362) Pause Young (Allocation Failure) 290M->142M(500M) 1.563ms
[42.160s][info][gc,cpu         ] GC(362) User=0.02s Sys=0.00s Real=0.02s
[42.262s][info][gc,start       ] GC(363) Pause Young (Allocation Failure)
[42.263s][info][gc,heap        ] GC(363) PSYoungGen: 151744K(162304K)->160K(162816K) Eden: 151552K(151552K)->0K(153600K) From: 192K(10752K)->160K(9216K)
[42.263s][info][gc,heap        ] GC(363) ParOldGen: 145996K(349696K)->146004K(349696K)
[42.263s][info][gc,metaspace   ] GC(363) Metaspace: 60154K(60992K)->60154K(60992K) NonClass: 52591K(53056K)->52591K(53056K) Class: 7563K(7936K)->7563K(7936K)
[42.263s][info][gc             ] GC(363) Pause Young (Allocation Failure) 290M->142M(500M) 0.817ms
[42.263s][info][gc,cpu         ] GC(363) User=0.00s Sys=0.00s Real=0.00s
[42.371s][info][gc,start       ] GC(364) Pause Young (Allocation Failure)
[42.372s][info][gc,heap        ] GC(364) PSYoungGen: 153760K(162816K)->224K(163328K) Eden: 153600K(153600K)->0K(153600K) From: 160K(9216K)->224K(9728K)
[42.372s][info][gc,heap        ] GC(364) ParOldGen: 146004K(349696K)->146012K(349696K)
[42.372s][info][gc,metaspace   ] GC(364) Metaspace: 60154K(60992K)->60154K(60992K) NonClass: 52591K(53056K)->52591K(53056K) Class: 7563K(7936K)->7563K(7936K)
[42.372s][info][gc             ] GC(364) Pause Young (Allocation Failure) 292M->142M(501M) 1.351ms
[42.372s][info][gc,cpu         ] GC(364) User=0.00s Sys=0.00s Real=0.00s
[42.462s][info][gc,start       ] GC(365) Pause Young (Allocation Failure)
[42.463s][info][gc,heap        ] GC(365) PSYoungGen: 153824K(163328K)->224K(163840K) Eden: 153600K(153600K)->0K(155648K) From: 224K(9728K)->224K(8192K)
[42.463s][info][gc,heap        ] GC(365) ParOldGen: 146012K(349696K)->146020K(349696K)
[42.463s][info][gc,metaspace   ] GC(365) Metaspace: 60154K(60992K)->60154K(60992K) NonClass: 52591K(53056K)->52591K(53056K) Class: 7563K(7936K)->7563K(7936K)
[42.463s][info][gc             ] GC(365) Pause Young (Allocation Failure) 292M->142M(501M) 1.303ms
[42.463s][info][gc,cpu         ] GC(365) User=0.00s Sys=0.00s Real=0.00s
[42.558s][info][gc,start       ] GC(366) Pause Young (System.gc())
[42.560s][info][gc,heap        ] GC(366) PSYoungGen: 98200K(163840K)->384K(156160K) Eden: 97976K(155648K)->0K(155648K) From: 224K(8192K)->384K(512K)
[42.560s][info][gc,heap        ] GC(366) ParOldGen: 146020K(349696K)->146036K(349696K)
[42.560s][info][gc,metaspace   ] GC(366) Metaspace: 60193K(61056K)->60193K(61056K) NonClass: 52627K(53120K)->52627K(53120K) Class: 7566K(7936K)->7566K(7936K)
[42.560s][info][gc             ] GC(366) Pause Young (System.gc()) 238M->142M(494M) 1.831ms
[42.560s][info][gc,cpu         ] GC(366) User=0.00s Sys=0.00s Real=0.00s
[42.560s][info][gc,start       ] GC(367) Pause Full (System.gc())
[42.560s][info][gc,phases,start] GC(367) Marking Phase
[42.646s][info][gc,phases      ] GC(367) Marking Phase 85.794ms
[42.646s][info][gc,phases,start] GC(367) Summary Phase
[42.646s][info][gc,phases      ] GC(367) Summary Phase 0.014ms
[42.646s][info][gc,phases,start] GC(367) Adjust Roots
[42.653s][info][gc,phases      ] GC(367) Adjust Roots 7.316ms
[42.653s][info][gc,phases,start] GC(367) Compaction Phase
[42.673s][info][gc,phases      ] GC(367) Compaction Phase 20.102ms
[42.673s][info][gc,phases,start] GC(367) Post Compact
[42.674s][info][gc,phases      ] GC(367) Post Compact 0.943ms
[42.674s][info][gc,heap        ] GC(367) PSYoungGen: 384K(156160K)->0K(156160K) Eden: 0K(155648K)->0K(155648K) From: 384K(512K)->0K(512K)
[42.674s][info][gc,heap        ] GC(367) ParOldGen: 146036K(349696K)->101646K(349696K)
[42.674s][info][gc,metaspace   ] GC(367) Metaspace: 60193K(61056K)->60193K(61056K) NonClass: 52627K(53120K)->52627K(53120K) Class: 7566K(7936K)->7566K(7936K)
[42.674s][info][gc             ] GC(367) Pause Full (System.gc()) 142M->99M(494M) 114.476ms
[42.675s][info][gc,cpu         ] GC(367) User=1.05s Sys=0.00s Real=0.11s
[42.795s][info][gc,start       ] GC(368) Pause Young (Allocation Failure)
[42.799s][info][gc,heap        ] GC(368) PSYoungGen: 155648K(156160K)->4448K(163328K) Eden: 155648K(155648K)->0K(155136K) From: 0K(512K)->4448K(8192K)
[42.799s][info][gc,heap        ] GC(368) ParOldGen: 101646K(349696K)->101646K(349696K)
[42.799s][info][gc,metaspace   ] GC(368) Metaspace: 60217K(61056K)->60217K(61056K) NonClass: 52650K(53120K)->52650K(53120K) Class: 7566K(7936K)->7566K(7936K)
[42.799s][info][gc             ] GC(368) Pause Young (Allocation Failure) 251M->103M(501M) 3.482ms
[42.799s][info][gc,cpu         ] GC(368) User=0.00s Sys=0.00s Real=0.00s
[42.852s][info][gc,start       ] GC(369) Pause Young (Allocation Failure)
[42.863s][info][gc,heap        ] GC(369) PSYoungGen: 159584K(163328K)->7360K(163840K) Eden: 155136K(155136K)->0K(155136K) From: 4448K(8192K)->7360K(8704K)
[42.863s][info][gc,heap        ] GC(369) ParOldGen: 101646K(349696K)->105199K(349696K)
[42.863s][info][gc,metaspace   ] GC(369) Metaspace: 60217K(61056K)->60217K(61056K) NonClass: 52650K(53120K)->52650K(53120K) Class: 7566K(7936K)->7566K(7936K)
[42.863s][info][gc             ] GC(369) Pause Young (Allocation Failure) 255M->109M(501M) 10.699ms
[42.863s][info][gc,cpu         ] GC(369) User=0.03s Sys=0.00s Real=0.02s
[42.914s][info][gc,start       ] GC(370) Pause Young (Allocation Failure)
[42.929s][info][gc,heap        ] GC(370) PSYoungGen: 162496K(163840K)->7968K(161280K) Eden: 155136K(155136K)->0K(151040K) From: 7360K(8704K)->7968K(10240K)
[42.929s][info][gc,heap        ] GC(370) ParOldGen: 105199K(349696K)->111927K(349696K)
[42.929s][info][gc,metaspace   ] GC(370) Metaspace: 60217K(61056K)->60217K(61056K) NonClass: 52650K(53120K)->52650K(53120K) Class: 7566K(7936K)->7566K(7936K)
[42.929s][info][gc             ] GC(370) Pause Young (Allocation Failure) 261M->117M(499M) 14.731ms
[42.929s][info][gc,cpu         ] GC(370) User=0.03s Sys=0.00s Real=0.02s
[42.978s][info][gc,start       ] GC(371) Pause Young (Allocation Failure)
[42.992s][info][gc,heap        ] GC(371) PSYoungGen: 159008K(161280K)->5696K(162816K) Eden: 151040K(151040K)->0K(151040K) From: 7968K(10240K)->5696K(11776K)
[42.992s][info][gc,heap        ] GC(371) ParOldGen: 111927K(349696K)->122855K(349696K)
[42.992s][info][gc,metaspace   ] GC(371) Metaspace: 60217K(61056K)->60217K(61056K) NonClass: 52650K(53120K)->52650K(53120K) Class: 7566K(7936K)->7566K(7936K)
[42.993s][info][gc             ] GC(371) Pause Young (Allocation Failure) 264M->125M(500M) 14.777ms
[42.993s][info][gc,cpu         ] GC(371) User=0.05s Sys=0.00s Real=0.02s
[43.036s][info][gc,start       ] GC(372) Pause Young (Allocation Failure)
[43.049s][info][gc,heap        ] GC(372) PSYoungGen: 156736K(162816K)->8000K(160768K) Eden: 151040K(151040K)->0K(148992K) From: 5696K(11776K)->8000K(11776K)
[43.049s][info][gc,heap        ] GC(372) ParOldGen: 122855K(349696K)->128431K(349696K)
[43.050s][info][gc,metaspace   ] GC(372) Metaspace: 60217K(61056K)->60217K(61056K) NonClass: 52650K(53120K)->52650K(53120K) Class: 7566K(7936K)->7566K(7936K)
[43.050s][info][gc             ] GC(372) Pause Young (Allocation Failure) 273M->133M(498M) 13.107ms
[43.050s][info][gc,cpu         ] GC(372) User=0.19s Sys=0.00s Real=0.02s
[43.093s][info][gc,start       ] GC(373) Pause Young (Allocation Failure)
[43.107s][info][gc,heap        ] GC(373) PSYoungGen: 156992K(160768K)->6112K(161792K) Eden: 148992K(148992K)->0K(148992K) From: 8000K(11776K)->6112K(12800K)
[43.107s][info][gc,heap        ] GC(373) ParOldGen: 128431K(349696K)->136263K(349696K)
[43.107s][info][gc,metaspace   ] GC(373) Metaspace: 60217K(61056K)->60217K(61056K) NonClass: 52650K(53120K)->52650K(53120K) Class: 7566K(7936K)->7566K(7936K)
[43.107s][info][gc             ] GC(373) Pause Young (Allocation Failure) 278M->139M(499M) 13.893ms
[43.107s][info][gc,cpu         ] GC(373) User=0.17s Sys=0.00s Real=0.02s
[43.155s][info][gc,start       ] GC(374) Pause Young (Allocation Failure)
[43.198s][info][gc,heap        ] GC(374) PSYoungGen: 155104K(161792K)->6432K(161792K) Eden: 148992K(148992K)->0K(148992K) From: 6112K(12800K)->6432K(12800K)
[43.198s][info][gc,heap        ] GC(374) ParOldGen: 136263K(349696K)->142271K(349696K)
[43.198s][info][gc,metaspace   ] GC(374) Metaspace: 60217K(61056K)->60217K(61056K) NonClass: 52650K(53120K)->52650K(53120K) Class: 7566K(7936K)->7566K(7936K)
[43.198s][info][gc             ] GC(374) Pause Young (Allocation Failure) 284M->145M(499M) 42.378ms
[43.198s][info][gc,cpu         ] GC(374) User=0.38s Sys=0.00s Real=0.03s
[43.246s][info][gc,start       ] GC(375) Pause Young (Allocation Failure)
[43.273s][info][gc,heap        ] GC(375) PSYoungGen: 155424K(161792K)->640K(161792K) Eden: 148992K(148992K)->0K(148992K) From: 6432K(12800K)->640K(12800K)
[43.273s][info][gc,heap        ] GC(375) ParOldGen: 142271K(349696K)->148591K(349696K)
[43.273s][info][gc,metaspace   ] GC(375) Metaspace: 60217K(61056K)->60217K(61056K) NonClass: 52650K(53120K)->52650K(53120K) Class: 7566K(7936K)->7566K(7936K)
[43.273s][info][gc             ] GC(375) Pause Young (Allocation Failure) 290M->145M(499M) 26.840ms
[43.273s][info][gc,cpu         ] GC(375) User=0.19s Sys=0.00s Real=0.02s
[43.326s][info][gc,start       ] GC(376) Pause Young (Allocation Failure)
[43.329s][info][gc,heap        ] GC(376) PSYoungGen: 149632K(161792K)->224K(160768K) Eden: 148992K(148992K)->0K(148992K) From: 640K(12800K)->224K(11776K)
[43.329s][info][gc,heap        ] GC(376) ParOldGen: 148591K(349696K)->148975K(349696K)
[43.329s][info][gc,metaspace   ] GC(376) Metaspace: 60217K(61056K)->60217K(61056K) NonClass: 52650K(53120K)->52650K(53120K) Class: 7566K(7936K)->7566K(7936K)
[43.329s][info][gc             ] GC(376) Pause Young (Allocation Failure) 291M->145M(498M) 3.369ms
[43.329s][info][gc,cpu         ] GC(376) User=0.00s Sys=0.00s Real=0.00s
[43.381s][info][gc,start       ] GC(377) Pause Young (Allocation Failure)
[43.382s][info][gc,heap        ] GC(377) PSYoungGen: 149216K(160768K)->288K(161280K) Eden: 148992K(148992K)->0K(148992K) From: 224K(11776K)->288K(12288K)
[43.382s][info][gc,heap        ] GC(377) ParOldGen: 148975K(349696K)->148983K(349696K)
[43.383s][info][gc,metaspace   ] GC(377) Metaspace: 60217K(61056K)->60217K(61056K) NonClass: 52650K(53120K)->52650K(53120K) Class: 7566K(7936K)->7566K(7936K)
[43.383s][info][gc             ] GC(377) Pause Young (Allocation Failure) 291M->145M(499M) 1.549ms
[43.383s][info][gc,cpu         ] GC(377) User=0.00s Sys=0.00s Real=0.00s
[43.429s][info][gc,start       ] GC(378) Pause Young (Allocation Failure)
[43.431s][info][gc,heap        ] GC(378) PSYoungGen: 149280K(161280K)->224K(162304K) Eden: 148992K(148992K)->0K(150528K) From: 288K(12288K)->224K(11776K)
[43.431s][info][gc,heap        ] GC(378) ParOldGen: 148983K(349696K)->148999K(349696K)
[43.431s][info][gc,metaspace   ] GC(378) Metaspace: 60217K(61056K)->60217K(61056K) NonClass: 52650K(53120K)->52650K(53120K) Class: 7566K(7936K)->7566K(7936K)
[43.431s][info][gc             ] GC(378) Pause Young (Allocation Failure) 291M->145M(500M) 1.367ms
[43.431s][info][gc,cpu         ] GC(378) User=0.00s Sys=0.00s Real=0.00s
[43.486s][info][gc,start       ] GC(379) Pause Young (Allocation Failure)
[43.487s][info][gc,heap        ] GC(379) PSYoungGen: 150752K(162304K)->192K(162304K) Eden: 150528K(150528K)->0K(150528K) From: 224K(11776K)->192K(11776K)
[43.488s][info][gc,heap        ] GC(379) ParOldGen: 148999K(349696K)->149015K(349696K)
[43.488s][info][gc,metaspace   ] GC(379) Metaspace: 60217K(61056K)->60217K(61056K) NonClass: 52650K(53120K)->52650K(53120K) Class: 7566K(7936K)->7566K(7936K)
[43.488s][info][gc             ] GC(379) Pause Young (Allocation Failure) 292M->145M(500M) 1.401ms
[43.488s][info][gc,cpu         ] GC(379) User=0.03s Sys=0.00s Real=0.02s
[43.542s][info][gc,start       ] GC(380) Pause Young (Allocation Failure)
[43.543s][info][gc,heap        ] GC(380) PSYoungGen: 150720K(162304K)->224K(162304K) Eden: 150528K(150528K)->0K(151552K) From: 192K(11776K)->224K(10752K)
[43.543s][info][gc,heap        ] GC(380) ParOldGen: 149015K(349696K)->149031K(349696K)
[43.544s][info][gc,metaspace   ] GC(380) Metaspace: 60217K(61056K)->60217K(61056K) NonClass: 52650K(53120K)->52650K(53120K) Class: 7566K(7936K)->7566K(7936K)
[43.544s][info][gc             ] GC(380) Pause Young (Allocation Failure) 292M->145M(500M) 1.440ms
[43.544s][info][gc,cpu         ] GC(380) User=0.00s Sys=0.00s Real=0.00s
[43.605s][info][gc,start       ] GC(381) Pause Young (Allocation Failure)
[43.606s][info][gc,heap        ] GC(381) PSYoungGen: 151776K(162304K)->352K(162304K) Eden: 151552K(151552K)->0K(151552K) From: 224K(10752K)->352K(10752K)
[43.606s][info][gc,heap        ] GC(381) ParOldGen: 149031K(349696K)->149039K(349696K)
[43.606s][info][gc,metaspace   ] GC(381) Metaspace: 60217K(61056K)->60217K(61056K) NonClass: 52651K(53120K)->52651K(53120K) Class: 7566K(7936K)->7566K(7936K)
[43.606s][info][gc             ] GC(381) Pause Young (Allocation Failure) 293M->145M(500M) 1.612ms
[43.607s][info][gc,cpu         ] GC(381) User=0.00s Sys=0.00s Real=0.00s
[43.696s][info][gc,start       ] GC(382) Pause Young (Allocation Failure)
[43.697s][info][gc,heap        ] GC(382) PSYoungGen: 151904K(162304K)->160K(163328K) Eden: 151552K(151552K)->0K(153600K) From: 352K(10752K)->160K(9728K)
[43.697s][info][gc,heap        ] GC(382) ParOldGen: 149039K(349696K)->149127K(349696K)
[43.697s][info][gc,metaspace   ] GC(382) Metaspace: 60217K(61056K)->60217K(61056K) NonClass: 52651K(53120K)->52651K(53120K) Class: 7566K(7936K)->7566K(7936K)
[43.697s][info][gc             ] GC(382) Pause Young (Allocation Failure) 293M->145M(501M) 1.490ms
[43.697s][info][gc,cpu         ] GC(382) User=0.00s Sys=0.00s Real=0.00s
[43.787s][info][gc,start       ] GC(383) Pause Young (Allocation Failure)
[43.788s][info][gc,heap        ] GC(383) PSYoungGen: 153760K(163328K)->160K(163328K) Eden: 153600K(153600K)->0K(153600K) From: 160K(9728K)->160K(9728K)
[43.788s][info][gc,heap        ] GC(383) ParOldGen: 149127K(349696K)->149135K(349696K)
[43.788s][info][gc,metaspace   ] GC(383) Metaspace: 60217K(61056K)->60217K(61056K) NonClass: 52651K(53120K)->52651K(53120K) Class: 7566K(7936K)->7566K(7936K)
[43.788s][info][gc             ] GC(383) Pause Young (Allocation Failure) 295M->145M(501M) 1.429ms
[43.789s][info][gc,cpu         ] GC(383) User=0.00s Sys=0.00s Real=0.00s
[43.878s][info][gc,start       ] GC(384) Pause Young (Allocation Failure)
[43.880s][info][gc,heap        ] GC(384) PSYoungGen: 153760K(163328K)->128K(164352K) Eden: 153600K(153600K)->0K(155648K) From: 160K(9728K)->128K(8704K)
[43.880s][info][gc,heap        ] GC(384) ParOldGen: 149135K(349696K)->149143K(349696K)
[43.880s][info][gc,metaspace   ] GC(384) Metaspace: 60217K(61056K)->60217K(61056K) NonClass: 52651K(53120K)->52651K(53120K) Class: 7566K(7936K)->7566K(7936K)
[43.880s][info][gc             ] GC(384) Pause Young (Allocation Failure) 295M->145M(502M) 1.469ms
[43.880s][info][gc,cpu         ] GC(384) User=0.00s Sys=0.00s Real=0.00s
[43.971s][info][gc,start       ] GC(385) Pause Young (Allocation Failure)
[43.972s][info][gc,heap        ] GC(385) PSYoungGen: 155776K(164352K)->224K(164352K) Eden: 155648K(155648K)->0K(155648K) From: 128K(8704K)->224K(8704K)
[43.972s][info][gc,heap        ] GC(385) ParOldGen: 149143K(349696K)->149159K(349696K)
[43.972s][info][gc,metaspace   ] GC(385) Metaspace: 60217K(61056K)->60217K(61056K) NonClass: 52651K(53120K)->52651K(53120K) Class: 7566K(7936K)->7566K(7936K)
[43.972s][info][gc             ] GC(385) Pause Young (Allocation Failure) 297M->145M(502M) 1.473ms
[43.972s][info][gc,cpu         ] GC(385) User=0.03s Sys=0.00s Real=0.02s
[44.081s][info][gc,start       ] GC(386) Pause Young (Allocation Failure)
[44.082s][info][gc,heap        ] GC(386) PSYoungGen: 155872K(164352K)->192K(165376K) Eden: 155648K(155648K)->0K(157184K) From: 224K(8704K)->192K(8192K)
[44.082s][info][gc,heap        ] GC(386) ParOldGen: 149159K(349696K)->149167K(349696K)
[44.082s][info][gc,metaspace   ] GC(386) Metaspace: 60217K(61056K)->60217K(61056K) NonClass: 52651K(53120K)->52651K(53120K) Class: 7566K(7936K)->7566K(7936K)
[44.082s][info][gc             ] GC(386) Pause Young (Allocation Failure) 297M->145M(503M) 1.468ms
[44.082s][info][gc,cpu         ] GC(386) User=0.00s Sys=0.00s Real=0.00s
[44.157s][info][gc,start       ] GC(387) Pause Young (System.gc())
[44.159s][info][gc,heap        ] GC(387) PSYoungGen: 62904K(165376K)->384K(165376K) Eden: 62712K(157184K)->0K(157184K) From: 192K(8192K)->384K(8192K)
[44.159s][info][gc,heap        ] GC(387) ParOldGen: 149167K(349696K)->149183K(349696K)
[44.159s][info][gc,metaspace   ] GC(387) Metaspace: 60230K(61056K)->60230K(61056K) NonClass: 52663K(53120K)->52663K(53120K) Class: 7566K(7936K)->7566K(7936K)
[44.159s][info][gc             ] GC(387) Pause Young (System.gc()) 207M->146M(503M) 1.697ms
[44.159s][info][gc,cpu         ] GC(387) User=0.00s Sys=0.00s Real=0.00s
[44.159s][info][gc,start       ] GC(388) Pause Full (System.gc())
[44.159s][info][gc,phases,start] GC(388) Marking Phase
[44.238s][info][gc,phases      ] GC(388) Marking Phase 78.841ms
[44.238s][info][gc,phases,start] GC(388) Summary Phase
[44.238s][info][gc,phases      ] GC(388) Summary Phase 0.016ms
[44.238s][info][gc,phases,start] GC(388) Adjust Roots
[44.245s][info][gc,phases      ] GC(388) Adjust Roots 6.579ms
[44.245s][info][gc,phases,start] GC(388) Compaction Phase
[44.258s][info][gc,phases      ] GC(388) Compaction Phase 13.020ms
[44.258s][info][gc,phases,start] GC(388) Post Compact
[44.259s][info][gc,phases      ] GC(388) Post Compact 0.793ms
[44.259s][info][gc,heap        ] GC(388) PSYoungGen: 384K(165376K)->0K(165376K) Eden: 0K(157184K)->0K(157184K) From: 384K(8192K)->0K(8192K)
[44.259s][info][gc,heap        ] GC(388) ParOldGen: 149183K(349696K)->101681K(349696K)
[44.259s][info][gc,metaspace   ] GC(388) Metaspace: 60230K(61056K)->60230K(61056K) NonClass: 52663K(53120K)->52663K(53120K) Class: 7566K(7936K)->7566K(7936K)
[44.259s][info][gc             ] GC(388) Pause Full (System.gc()) 146M->99M(503M) 99.471ms
[44.259s][info][gc,cpu         ] GC(388) User=0.95s Sys=0.00s Real=0.09s
[44.383s][info][gc,start       ] GC(389) Pause Young (Allocation Failure)
[44.389s][info][gc,heap        ] GC(389) PSYoungGen: 157184K(165376K)->4000K(165376K) Eden: 157184K(157184K)->0K(157696K) From: 0K(8192K)->4000K(7680K)
[44.389s][info][gc,heap        ] GC(389) ParOldGen: 101681K(349696K)->101689K(349696K)
[44.389s][info][gc,metaspace   ] GC(389) Metaspace: 60257K(61120K)->60257K(61120K) NonClass: 52691K(53184K)->52691K(53184K) Class: 7566K(7936K)->7566K(7936K)
[44.389s][info][gc             ] GC(389) Pause Young (Allocation Failure) 252M->103M(503M) 5.278ms
[44.389s][info][gc,cpu         ] GC(389) User=0.03s Sys=0.00s Real=0.02s
[44.436s][info][gc,start       ] GC(390) Pause Young (Allocation Failure)
[44.451s][info][gc,heap        ] GC(390) PSYoungGen: 161696K(165376K)->6560K(165376K) Eden: 157696K(157696K)->0K(157696K) From: 4000K(7680K)->6560K(7680K)
[44.451s][info][gc,heap        ] GC(390) ParOldGen: 101689K(349696K)->105247K(349696K)
[44.451s][info][gc,metaspace   ] GC(390) Metaspace: 60257K(61120K)->60257K(61120K) NonClass: 52691K(53184K)->52691K(53184K) Class: 7566K(7936K)->7566K(7936K)
[44.451s][info][gc             ] GC(390) Pause Young (Allocation Failure) 257M->109M(503M) 15.395ms
[44.451s][info][gc,cpu         ] GC(390) User=0.03s Sys=0.00s Real=0.02s
[44.500s][info][gc,start       ] GC(391) Pause Young (Allocation Failure)
[44.518s][info][gc,heap        ] GC(391) PSYoungGen: 164256K(165376K)->7552K(162304K) Eden: 157696K(157696K)->0K(153088K) From: 6560K(7680K)->7552K(9216K)
[44.518s][info][gc,heap        ] GC(391) ParOldGen: 105247K(349696K)->111047K(349696K)
[44.518s][info][gc,metaspace   ] GC(391) Metaspace: 60257K(61120K)->60257K(61120K) NonClass: 52691K(53184K)->52691K(53184K) Class: 7566K(7936K)->7566K(7936K)
[44.518s][info][gc             ] GC(391) Pause Young (Allocation Failure) 263M->115M(500M) 18.405ms
[44.518s][info][gc,cpu         ] GC(391) User=0.03s Sys=0.00s Real=0.02s
[44.564s][info][gc,start       ] GC(392) Pause Young (Allocation Failure)
[44.583s][info][gc,heap        ] GC(392) PSYoungGen: 160640K(162304K)->6176K(159744K) Eden: 153088K(153088K)->0K(153088K) From: 7552K(9216K)->6176K(6656K)
[44.583s][info][gc,heap        ] GC(392) ParOldGen: 111047K(349696K)->118575K(349696K)
[44.583s][info][gc,metaspace   ] GC(392) Metaspace: 60257K(61120K)->60257K(61120K) NonClass: 52691K(53184K)->52691K(53184K) Class: 7566K(7936K)->7566K(7936K)
[44.583s][info][gc             ] GC(392) Pause Young (Allocation Failure) 265M->121M(497M) 18.610ms
[44.583s][info][gc,cpu         ] GC(392) User=0.03s Sys=0.00s Real=0.01s
[44.629s][info][gc,start       ] GC(393) Pause Young (Allocation Failure)
[44.643s][info][gc,heap        ] GC(393) PSYoungGen: 159264K(159744K)->7968K(161280K) Eden: 153088K(153088K)->0K(150016K) From: 6176K(6656K)->7968K(11264K)
[44.643s][info][gc,heap        ] GC(393) ParOldGen: 118575K(349696K)->124623K(349696K)
[44.643s][info][gc,metaspace   ] GC(393) Metaspace: 60257K(61120K)->60257K(61120K) NonClass: 52691K(53184K)->52691K(53184K) Class: 7566K(7936K)->7566K(7936K)
[44.643s][info][gc             ] GC(393) Pause Young (Allocation Failure) 271M->129M(499M) 14.438ms
[44.643s][info][gc,cpu         ] GC(393) User=0.17s Sys=0.00s Real=0.02s
[44.686s][info][gc,start       ] GC(394) Pause Young (Allocation Failure)
[44.701s][info][gc,heap        ] GC(394) PSYoungGen: 157984K(161280K)->6272K(162304K) Eden: 150016K(150016K)->0K(150016K) From: 7968K(11264K)->6272K(12288K)
[44.701s][info][gc,heap        ] GC(394) ParOldGen: 124623K(349696K)->132431K(349696K)
[44.701s][info][gc,metaspace   ] GC(394) Metaspace: 60257K(61120K)->60257K(61120K) NonClass: 52691K(53184K)->52691K(53184K) Class: 7566K(7936K)->7566K(7936K)
[44.701s][info][gc             ] GC(394) Pause Young (Allocation Failure) 275M->135M(500M) 14.316ms
[44.701s][info][gc,cpu         ] GC(394) User=0.17s Sys=0.00s Real=0.02s
[44.744s][info][gc,start       ] GC(395) Pause Young (Allocation Failure)
[44.787s][info][gc,heap        ] GC(395) PSYoungGen: 156288K(162304K)->6400K(162304K) Eden: 150016K(150016K)->0K(150016K) From: 6272K(12288K)->6400K(12288K)
[44.787s][info][gc,heap        ] GC(395) ParOldGen: 132431K(349696K)->138647K(349696K)
[44.787s][info][gc,metaspace   ] GC(395) Metaspace: 60257K(61120K)->60257K(61120K) NonClass: 52691K(53184K)->52691K(53184K) Class: 7566K(7936K)->7566K(7936K)
[44.787s][info][gc             ] GC(395) Pause Young (Allocation Failure) 281M->141M(500M) 43.747ms
[44.787s][info][gc,cpu         ] GC(395) User=0.56s Sys=0.00s Real=0.05s
[44.836s][info][gc,start       ] GC(396) Pause Young (Allocation Failure)
[44.865s][info][gc,heap        ] GC(396) PSYoungGen: 156416K(162304K)->1056K(162304K) Eden: 150016K(150016K)->0K(150016K) From: 6400K(12288K)->1056K(12288K)
[44.865s][info][gc,heap        ] GC(396) ParOldGen: 138647K(349696K)->144895K(349696K)
[44.865s][info][gc,metaspace   ] GC(396) Metaspace: 60257K(61120K)->60257K(61120K) NonClass: 52691K(53184K)->52691K(53184K) Class: 7566K(7936K)->7566K(7936K)
[44.865s][info][gc             ] GC(396) Pause Young (Allocation Failure) 288M->142M(500M) 29.600ms
[44.865s][info][gc,cpu         ] GC(396) User=0.38s Sys=0.00s Real=0.03s
[44.912s][info][gc,start       ] GC(397) Pause Young (Allocation Failure)
[44.918s][info][gc,heap        ] GC(397) PSYoungGen: 151072K(162304K)->128K(161280K) Eden: 150016K(150016K)->0K(150016K) From: 1056K(12288K)->128K(11264K)
[44.919s][info][gc,heap        ] GC(397) ParOldGen: 144895K(349696K)->145895K(349696K)
[44.919s][info][gc,metaspace   ] GC(397) Metaspace: 60257K(61120K)->60257K(61120K) NonClass: 52691K(53184K)->52691K(53184K) Class: 7566K(7936K)->7566K(7936K)
[44.919s][info][gc             ] GC(397) Pause Young (Allocation Failure) 289M->142M(499M) 6.174ms
[44.919s][info][gc,cpu         ] GC(397) User=0.00s Sys=0.00s Real=0.00s
[44.967s][info][gc,start       ] GC(398) Pause Young (Allocation Failure)
[44.968s][info][gc,heap        ] GC(398) PSYoungGen: 150144K(161280K)->160K(161792K) Eden: 150016K(150016K)->0K(150016K) From: 128K(11264K)->160K(11776K)
[44.968s][info][gc,heap        ] GC(398) ParOldGen: 145895K(349696K)->145903K(349696K)
[44.968s][info][gc,metaspace   ] GC(398) Metaspace: 60257K(61120K)->60257K(61120K) NonClass: 52691K(53184K)->52691K(53184K) Class: 7566K(7936K)->7566K(7936K)
[44.968s][info][gc             ] GC(398) Pause Young (Allocation Failure) 289M->142M(499M) 1.412ms
[44.968s][info][gc,cpu         ] GC(398) User=0.00s Sys=0.00s Real=0.00s
[45.023s][info][gc,start       ] GC(399) Pause Young (Allocation Failure)
[45.025s][info][gc,heap        ] GC(399) PSYoungGen: 150176K(161792K)->224K(161792K) Eden: 150016K(150016K)->0K(151040K) From: 160K(11776K)->224K(10752K)
[45.025s][info][gc,heap        ] GC(399) ParOldGen: 145903K(349696K)->145919K(349696K)
[45.025s][info][gc,metaspace   ] GC(399) Metaspace: 60257K(61120K)->60257K(61120K) NonClass: 52691K(53184K)->52691K(53184K) Class: 7566K(7936K)->7566K(7936K)
[45.025s][info][gc             ] GC(399) Pause Young (Allocation Failure) 289M->142M(499M) 1.400ms
[45.025s][info][gc,cpu         ] GC(399) User=0.00s Sys=0.00s Real=0.00s
[45.079s][info][gc,start       ] GC(400) Pause Young (Allocation Failure)
[45.080s][info][gc,heap        ] GC(400) PSYoungGen: 151264K(161792K)->160K(162304K) Eden: 151040K(151040K)->0K(151040K) From: 224K(10752K)->160K(11264K)
[45.080s][info][gc,heap        ] GC(400) ParOldGen: 145919K(349696K)->145927K(349696K)
[45.080s][info][gc,metaspace   ] GC(400) Metaspace: 60257K(61120K)->60257K(61120K) NonClass: 52691K(53184K)->52691K(53184K) Class: 7566K(7936K)->7566K(7936K)
[45.080s][info][gc             ] GC(400) Pause Young (Allocation Failure) 290M->142M(500M) 1.547ms
[45.080s][info][gc,cpu         ] GC(400) User=0.03s Sys=0.00s Real=0.02s
[45.128s][info][gc,start       ] GC(401) Pause Young (Allocation Failure)
[45.129s][info][gc,heap        ] GC(401) PSYoungGen: 151200K(162304K)->288K(162304K) Eden: 151040K(151040K)->0K(152576K) From: 160K(11264K)->288K(9728K)
[45.129s][info][gc,heap        ] GC(401) ParOldGen: 145927K(349696K)->145943K(349696K)
[45.129s][info][gc,metaspace   ] GC(401) Metaspace: 60257K(61120K)->60257K(61120K) NonClass: 52691K(53184K)->52691K(53184K) Class: 7566K(7936K)->7566K(7936K)
[45.129s][info][gc             ] GC(401) Pause Young (Allocation Failure) 290M->142M(500M) 1.326ms
[45.129s][info][gc,cpu         ] GC(401) User=0.00s Sys=0.00s Real=0.00s
[45.219s][info][gc,start       ] GC(402) Pause Young (Allocation Failure)
[45.225s][info][gc,heap        ] GC(402) PSYoungGen: 152864K(162304K)->320K(162816K) Eden: 152576K(152576K)->0K(152576K) From: 288K(9728K)->320K(10240K)
[45.225s][info][gc,heap        ] GC(402) ParOldGen: 145943K(349696K)->145951K(349696K)
[45.225s][info][gc,metaspace   ] GC(402) Metaspace: 60258K(61120K)->60258K(61120K) NonClass: 52692K(53184K)->52692K(53184K) Class: 7566K(7936K)->7566K(7936K)
[45.225s][info][gc             ] GC(402) Pause Young (Allocation Failure) 291M->142M(500M) 6.035ms
[45.225s][info][gc,cpu         ] GC(402) User=0.00s Sys=0.00s Real=0.00s
[45.317s][info][gc,start       ] GC(403) Pause Young (Allocation Failure)
[45.318s][info][gc,heap        ] GC(403) PSYoungGen: 152896K(162816K)->128K(163328K) Eden: 152576K(152576K)->0K(154112K) From: 320K(10240K)->128K(9216K)
[45.318s][info][gc,heap        ] GC(403) ParOldGen: 145951K(349696K)->146039K(349696K)
[45.318s][info][gc,metaspace   ] GC(403) Metaspace: 60258K(61120K)->60258K(61120K) NonClass: 52692K(53184K)->52692K(53184K) Class: 7566K(7936K)->7566K(7936K)
[45.318s][info][gc             ] GC(403) Pause Young (Allocation Failure) 291M->142M(501M) 1.414ms
[45.318s][info][gc,cpu         ] GC(403) User=0.00s Sys=0.00s Real=0.00s
[45.409s][info][gc,start       ] GC(404) Pause Young (Allocation Failure)
[45.410s][info][gc,heap        ] GC(404) PSYoungGen: 154240K(163328K)->192K(163840K) Eden: 154112K(154112K)->0K(154112K) From: 128K(9216K)->192K(9728K)
[45.410s][info][gc,heap        ] GC(404) ParOldGen: 146039K(349696K)->146047K(349696K)
[45.410s][info][gc,metaspace   ] GC(404) Metaspace: 60258K(61120K)->60258K(61120K) NonClass: 52692K(53184K)->52692K(53184K) Class: 7566K(7936K)->7566K(7936K)
[45.410s][info][gc             ] GC(404) Pause Young (Allocation Failure) 293M->142M(501M) 1.337ms
[45.410s][info][gc,cpu         ] GC(404) User=0.00s Sys=0.00s Real=0.00s
[45.517s][info][gc,start       ] GC(405) Pause Young (Allocation Failure)
[45.517s][info][gc,heap        ] GC(405) PSYoungGen: 154304K(163840K)->224K(163840K) Eden: 154112K(154112K)->0K(155648K) From: 192K(9728K)->224K(8192K)
[45.518s][info][gc,heap        ] GC(405) ParOldGen: 146047K(349696K)->146055K(349696K)
[45.518s][info][gc,metaspace   ] GC(405) Metaspace: 60258K(61120K)->60258K(61120K) NonClass: 52692K(53184K)->52692K(53184K) Class: 7566K(7936K)->7566K(7936K)
[45.518s][info][gc             ] GC(405) Pause Young (Allocation Failure) 293M->142M(501M) 0.845ms
[45.518s][info][gc,cpu         ] GC(405) User=0.00s Sys=0.00s Real=0.00s
[45.625s][info][gc,start       ] GC(406) Pause Young (Allocation Failure)
[45.627s][info][gc,heap        ] GC(406) PSYoungGen: 155872K(163840K)->224K(164352K) Eden: 155648K(155648K)->0K(155648K) From: 224K(8192K)->224K(8704K)
[45.627s][info][gc,heap        ] GC(406) ParOldGen: 146055K(349696K)->146063K(349696K)
[45.627s][info][gc,metaspace   ] GC(406) Metaspace: 60258K(61120K)->60258K(61120K) NonClass: 52692K(53184K)->52692K(53184K) Class: 7566K(7936K)->7566K(7936K)
[45.627s][info][gc             ] GC(406) Pause Young (Allocation Failure) 294M->142M(502M) 1.398ms
[45.627s][info][gc,cpu         ] GC(406) User=0.00s Sys=0.00s Real=0.00s
[45.718s][info][gc,start       ] GC(407) Pause Young (Allocation Failure)
[45.719s][info][gc,heap        ] GC(407) PSYoungGen: 155872K(164352K)->352K(164864K) Eden: 155648K(155648K)->0K(157696K) From: 224K(8704K)->352K(7168K)
[45.719s][info][gc,heap        ] GC(407) ParOldGen: 146063K(349696K)->146071K(349696K)
[45.719s][info][gc,metaspace   ] GC(407) Metaspace: 60258K(61120K)->60258K(61120K) NonClass: 52692K(53184K)->52692K(53184K) Class: 7566K(7936K)->7566K(7936K)
[45.719s][info][gc             ] GC(407) Pause Young (Allocation Failure) 294M->142M(502M) 1.444ms
[45.719s][info][gc,cpu         ] GC(407) User=0.00s Sys=0.00s Real=0.00s
[45.765s][info][gc,start       ] GC(408) Pause Young (System.gc())
[45.766s][info][gc,heap        ] GC(408) PSYoungGen: 42525K(164864K)->384K(158208K) Eden: 42173K(157696K)->0K(157696K) From: 352K(7168K)->384K(512K)
[45.766s][info][gc,heap        ] GC(408) ParOldGen: 146071K(349696K)->146151K(349696K)
[45.766s][info][gc,metaspace   ] GC(408) Metaspace: 60267K(61120K)->60267K(61120K) NonClass: 52701K(53184K)->52701K(53184K) Class: 7566K(7936K)->7566K(7936K)
[45.766s][info][gc             ] GC(408) Pause Young (System.gc()) 184M->143M(496M) 1.827ms
[45.767s][info][gc,cpu         ] GC(408) User=0.00s Sys=0.00s Real=0.00s
[45.767s][info][gc,start       ] GC(409) Pause Full (System.gc())
[45.767s][info][gc,phases,start] GC(409) Marking Phase
[45.855s][info][gc,phases      ] GC(409) Marking Phase 88.422ms
[45.855s][info][gc,phases,start] GC(409) Summary Phase
[45.855s][info][gc,phases      ] GC(409) Summary Phase 0.018ms
[45.855s][info][gc,phases,start] GC(409) Adjust Roots
[45.864s][info][gc,phases      ] GC(409) Adjust Roots 8.636ms
[45.864s][info][gc,phases,start] GC(409) Compaction Phase
[45.883s][info][gc,phases      ] GC(409) Compaction Phase 18.883ms
[45.883s][info][gc,phases,start] GC(409) Post Compact
[45.884s][info][gc,phases      ] GC(409) Post Compact 1.021ms
[45.884s][info][gc,heap        ] GC(409) PSYoungGen: 384K(158208K)->0K(158208K) Eden: 0K(157696K)->0K(157696K) From: 384K(512K)->0K(512K)
[45.884s][info][gc,heap        ] GC(409) ParOldGen: 146151K(349696K)->101707K(349696K)
[45.884s][info][gc,metaspace   ] GC(409) Metaspace: 60267K(61120K)->60267K(61120K) NonClass: 52701K(53184K)->52701K(53184K) Class: 7566K(7936K)->7566K(7936K)
[45.884s][info][gc             ] GC(409) Pause Full (System.gc()) 143M->99M(496M) 117.421ms
[45.884s][info][gc,cpu         ] GC(409) User=0.77s Sys=0.00s Real=0.11s
[46.011s][info][gc,start       ] GC(410) Pause Young (Allocation Failure)
[46.016s][info][gc,heap        ] GC(410) PSYoungGen: 157696K(158208K)->4416K(164352K) Eden: 157696K(157696K)->0K(157184K) From: 0K(512K)->4416K(7168K)
[46.016s][info][gc,heap        ] GC(410) ParOldGen: 101707K(349696K)->101707K(349696K)
[46.016s][info][gc,metaspace   ] GC(410) Metaspace: 60296K(61120K)->60296K(61120K) NonClass: 52729K(53184K)->52729K(53184K) Class: 7567K(7936K)->7567K(7936K)
[46.016s][info][gc             ] GC(410) Pause Young (Allocation Failure) 253M->103M(502M) 5.116ms
[46.016s][info][gc,cpu         ] GC(410) User=0.03s Sys=0.00s Real=0.02s
[46.066s][info][gc,start       ] GC(411) Pause Young (Allocation Failure)
[46.079s][info][gc,heap        ] GC(411) PSYoungGen: 161600K(164352K)->6496K(164864K) Eden: 157184K(157184K)->0K(157184K) From: 4416K(7168K)->6496K(7680K)
[46.079s][info][gc,heap        ] GC(411) ParOldGen: 101707K(349696K)->105248K(349696K)
[46.079s][info][gc,metaspace   ] GC(411) Metaspace: 60296K(61120K)->60296K(61120K) NonClass: 52729K(53184K)->52729K(53184K) Class: 7567K(7936K)->7567K(7936K)
[46.079s][info][gc             ] GC(411) Pause Young (Allocation Failure) 257M->109M(502M) 12.940ms
[46.079s][info][gc,cpu         ] GC(411) User=0.06s Sys=0.00s Real=0.02s
[46.128s][info][gc,start       ] GC(412) Pause Young (Allocation Failure)
[46.147s][info][gc,heap        ] GC(412) PSYoungGen: 163680K(164864K)->7424K(163328K) Eden: 157184K(157184K)->0K(154112K) From: 6496K(7680K)->7424K(9216K)
[46.147s][info][gc,heap        ] GC(412) ParOldGen: 105248K(349696K)->110944K(349696K)
[46.147s][info][gc,metaspace   ] GC(412) Metaspace: 60296K(61120K)->60296K(61120K) NonClass: 52729K(53184K)->52729K(53184K) Class: 7567K(7936K)->7567K(7936K)
[46.147s][info][gc             ] GC(412) Pause Young (Allocation Failure) 262M->115M(501M) 19.484ms
[46.147s][info][gc,cpu         ] GC(412) User=0.03s Sys=0.00s Real=0.02s
[46.197s][info][gc,start       ] GC(413) Pause Young (Allocation Failure)
[46.212s][info][gc,heap        ] GC(413) PSYoungGen: 161536K(163328K)->5984K(160256K) Eden: 154112K(154112K)->0K(154112K) From: 7424K(9216K)->5984K(6144K)
[46.212s][info][gc,heap        ] GC(413) ParOldGen: 110944K(349696K)->118136K(349696K)
[46.212s][info][gc,metaspace   ] GC(413) Metaspace: 60296K(61120K)->60296K(61120K) NonClass: 52729K(53184K)->52729K(53184K) Class: 7567K(7936K)->7567K(7936K)
[46.212s][info][gc             ] GC(413) Pause Young (Allocation Failure) 266M->121M(498M) 15.137ms
[46.212s][info][gc,cpu         ] GC(413) User=0.03s Sys=0.00s Real=0.02s
[46.258s][info][gc,start       ] GC(414) Pause Young (Allocation Failure)
[46.272s][info][gc,heap        ] GC(414) PSYoungGen: 160096K(160256K)->8000K(161792K) Eden: 154112K(154112K)->0K(151040K) From: 5984K(6144K)->8000K(10752K)
[46.272s][info][gc,heap        ] GC(414) ParOldGen: 118136K(349696K)->124000K(349696K)
[46.272s][info][gc,metaspace   ] GC(414) Metaspace: 60296K(61120K)->60296K(61120K) NonClass: 52729K(53184K)->52729K(53184K) Class: 7567K(7936K)->7567K(7936K)
[46.272s][info][gc             ] GC(414) Pause Young (Allocation Failure) 271M->128M(499M) 13.922ms
[46.272s][info][gc,cpu         ] GC(414) User=0.17s Sys=0.00s Real=0.02s
[46.317s][info][gc,start       ] GC(415) Pause Young (Allocation Failure)
[46.330s][info][gc,heap        ] GC(415) PSYoungGen: 159040K(161792K)->6272K(157696K) Eden: 151040K(151040K)->0K(151040K) From: 8000K(10752K)->6272K(6656K)
[46.330s][info][gc,heap        ] GC(415) ParOldGen: 124000K(349696K)->131928K(349696K)
[46.330s][info][gc,metaspace   ] GC(415) Metaspace: 60296K(61120K)->60296K(61120K) NonClass: 52729K(53184K)->52729K(53184K) Class: 7567K(7936K)->7567K(7936K)
[46.330s][info][gc             ] GC(415) Pause Young (Allocation Failure) 276M->134M(495M) 13.609ms
[46.330s][info][gc,cpu         ] GC(415) User=0.19s Sys=0.00s Real=0.02s
[46.375s][info][gc,start       ] GC(416) Pause Young (Allocation Failure)
[46.414s][info][gc,heap        ] GC(416) PSYoungGen: 157312K(157696K)->6272K(162304K) Eden: 151040K(151040K)->0K(150016K) From: 6272K(6656K)->6272K(12288K)
[46.414s][info][gc,heap        ] GC(416) ParOldGen: 131928K(349696K)->138064K(349696K)
[46.414s][info][gc,metaspace   ] GC(416) Metaspace: 60296K(61120K)->60296K(61120K) NonClass: 52729K(53184K)->52729K(53184K) Class: 7567K(7936K)->7567K(7936K)
[46.414s][info][gc             ] GC(416) Pause Young (Allocation Failure) 282M->140M(500M) 39.397ms
[46.414s][info][gc,cpu         ] GC(416) User=0.34s Sys=0.00s Real=0.04s
[46.462s][info][gc,start       ] GC(417) Pause Young (Allocation Failure)
[46.492s][info][gc,heap        ] GC(417) PSYoungGen: 156288K(162304K)->1824K(152064K) Eden: 150016K(150016K)->0K(150016K) From: 6272K(12288K)->1824K(2048K)
[46.492s][info][gc,heap        ] GC(417) ParOldGen: 138064K(349696K)->144280K(349696K)
[46.492s][info][gc,metaspace   ] GC(417) Metaspace: 60308K(61184K)->60308K(61184K) NonClass: 52741K(53248K)->52741K(53248K) Class: 7567K(7936K)->7567K(7936K)
[46.492s][info][gc             ] GC(417) Pause Young (Allocation Failure) 287M->142M(490M) 29.588ms
[46.492s][info][gc,cpu         ] GC(417) User=0.38s Sys=0.00s Real=0.03s
[46.545s][info][gc,start       ] GC(418) Pause Young (Allocation Failure)
[46.553s][info][gc,heap        ] GC(418) PSYoungGen: 151840K(152064K)->128K(161792K) Eden: 150016K(150016K)->0K(150016K) From: 1824K(2048K)->128K(11776K)
[46.553s][info][gc,heap        ] GC(418) ParOldGen: 144280K(349696K)->145936K(349696K)
[46.553s][info][gc,metaspace   ] GC(418) Metaspace: 60308K(61184K)->60308K(61184K) NonClass: 52741K(53248K)->52741K(53248K) Class: 7567K(7936K)->7567K(7936K)
[46.553s][info][gc             ] GC(418) Pause Young (Allocation Failure) 289M->142M(499M) 8.202ms
[46.553s][info][gc,cpu         ] GC(418) User=0.00s Sys=0.00s Real=0.00s
[46.606s][info][gc,start       ] GC(419) Pause Young (Allocation Failure)
[46.608s][info][gc,heap        ] GC(419) PSYoungGen: 150144K(161792K)->224K(161792K) Eden: 150016K(150016K)->0K(150016K) From: 128K(11776K)->224K(11776K)
[46.608s][info][gc,heap        ] GC(419) ParOldGen: 145936K(349696K)->145944K(349696K)
[46.608s][info][gc,metaspace   ] GC(419) Metaspace: 60308K(61184K)->60308K(61184K) NonClass: 52741K(53248K)->52741K(53248K) Class: 7567K(7936K)->7567K(7936K)
[46.608s][info][gc             ] GC(419) Pause Young (Allocation Failure) 289M->142M(499M) 1.474ms
[46.608s][info][gc,cpu         ] GC(419) User=0.00s Sys=0.00s Real=0.00s
[46.655s][info][gc,start       ] GC(420) Pause Young (Allocation Failure)
[46.656s][info][gc,heap        ] GC(420) PSYoungGen: 150240K(161792K)->256K(162304K) Eden: 150016K(150016K)->0K(151040K) From: 224K(11776K)->256K(11264K)
[46.656s][info][gc,heap        ] GC(420) ParOldGen: 145944K(349696K)->145960K(349696K)
[46.656s][info][gc,metaspace   ] GC(420) Metaspace: 60308K(61184K)->60308K(61184K) NonClass: 52741K(53248K)->52741K(53248K) Class: 7567K(7936K)->7567K(7936K)
[46.656s][info][gc             ] GC(420) Pause Young (Allocation Failure) 289M->142M(500M) 1.389ms
[46.656s][info][gc,cpu         ] GC(420) User=0.00s Sys=0.00s Real=0.00s
[46.703s][info][gc,start       ] GC(421) Pause Young (Allocation Failure)
[46.704s][info][gc,heap        ] GC(421) PSYoungGen: 151296K(162304K)->256K(162304K) Eden: 151040K(151040K)->0K(151040K) From: 256K(11264K)->256K(11264K)
[46.704s][info][gc,heap        ] GC(421) ParOldGen: 145960K(349696K)->145968K(349696K)
[46.704s][info][gc,metaspace   ] GC(421) Metaspace: 60308K(61184K)->60308K(61184K) NonClass: 52741K(53248K)->52741K(53248K) Class: 7567K(7936K)->7567K(7936K)
[46.704s][info][gc             ] GC(421) Pause Young (Allocation Failure) 290M->142M(500M) 1.303ms
[46.704s][info][gc,cpu         ] GC(421) User=0.00s Sys=0.00s Real=0.00s
[46.760s][info][gc,start       ] GC(422) Pause Young (Allocation Failure)
[46.762s][info][gc,heap        ] GC(422) PSYoungGen: 151296K(162304K)->192K(162816K) Eden: 151040K(151040K)->0K(152576K) From: 256K(11264K)->192K(10240K)
[46.762s][info][gc,heap        ] GC(422) ParOldGen: 145968K(349696K)->145984K(349696K)
[46.762s][info][gc,metaspace   ] GC(422) Metaspace: 60308K(61184K)->60308K(61184K) NonClass: 52741K(53248K)->52741K(53248K) Class: 7567K(7936K)->7567K(7936K)
[46.762s][info][gc             ] GC(422) Pause Young (Allocation Failure) 290M->142M(500M) 1.309ms
[46.762s][info][gc,cpu         ] GC(422) User=0.00s Sys=0.00s Real=0.00s
[46.855s][info][gc,start       ] GC(423) Pause Young (Allocation Failure)
[46.857s][info][gc,heap        ] GC(423) PSYoungGen: 152768K(162816K)->352K(162816K) Eden: 152576K(152576K)->0K(152576K) From: 192K(10240K)->352K(10240K)
[46.857s][info][gc,heap        ] GC(423) ParOldGen: 145984K(349696K)->145992K(349696K)
[46.857s][info][gc,metaspace   ] GC(423) Metaspace: 60308K(61184K)->60308K(61184K) NonClass: 52741K(53248K)->52741K(53248K) Class: 7567K(7936K)->7567K(7936K)
[46.857s][info][gc             ] GC(423) Pause Young (Allocation Failure) 291M->142M(500M) 1.529ms
[46.857s][info][gc,cpu         ] GC(423) User=0.00s Sys=0.00s Real=0.00s
[46.946s][info][gc,start       ] GC(424) Pause Young (Allocation Failure)
[46.947s][info][gc,heap        ] GC(424) PSYoungGen: 152928K(162816K)->160K(163840K) Eden: 152576K(152576K)->0K(154112K) From: 352K(10240K)->160K(9728K)
[46.947s][info][gc,heap        ] GC(424) ParOldGen: 145992K(349696K)->146080K(349696K)
[46.947s][info][gc,metaspace   ] GC(424) Metaspace: 60308K(61184K)->60308K(61184K) NonClass: 52741K(53248K)->52741K(53248K) Class: 7567K(7936K)->7567K(7936K)
[46.947s][info][gc             ] GC(424) Pause Young (Allocation Failure) 291M->142M(501M) 1.404ms
[46.947s][info][gc,cpu         ] GC(424) User=0.00s Sys=0.00s Real=0.00s
[47.037s][info][gc,start       ] GC(425) Pause Young (Allocation Failure)
[47.039s][info][gc,heap        ] GC(425) PSYoungGen: 154272K(163840K)->224K(163840K) Eden: 154112K(154112K)->0K(154112K) From: 160K(9728K)->224K(9728K)
[47.039s][info][gc,heap        ] GC(425) ParOldGen: 146080K(349696K)->146088K(349696K)
[47.039s][info][gc,metaspace   ] GC(425) Metaspace: 60308K(61184K)->60308K(61184K) NonClass: 52741K(53248K)->52741K(53248K) Class: 7567K(7936K)->7567K(7936K)
[47.039s][info][gc             ] GC(425) Pause Young (Allocation Failure) 293M->142M(501M) 1.492ms
[47.039s][info][gc,cpu         ] GC(425) User=0.00s Sys=0.00s Real=0.00s
[47.144s][info][gc,start       ] GC(426) Pause Young (Allocation Failure)
[47.146s][info][gc,heap        ] GC(426) PSYoungGen: 154336K(163840K)->192K(164352K) Eden: 154112K(154112K)->0K(155648K) From: 224K(9728K)->192K(8704K)
[47.146s][info][gc,heap        ] GC(426) ParOldGen: 146088K(349696K)->146096K(349696K)
[47.146s][info][gc,metaspace   ] GC(426) Metaspace: 60308K(61184K)->60308K(61184K) NonClass: 52741K(53248K)->52741K(53248K) Class: 7567K(7936K)->7567K(7936K)
[47.146s][info][gc             ] GC(426) Pause Young (Allocation Failure) 293M->142M(502M) 1.429ms
[47.146s][info][gc,cpu         ] GC(426) User=0.00s Sys=0.00s Real=0.00s
[47.254s][info][gc,start       ] GC(427) Pause Young (Allocation Failure)
[47.255s][info][gc,heap        ] GC(427) PSYoungGen: 155840K(164352K)->160K(164352K) Eden: 155648K(155648K)->0K(155648K) From: 192K(8704K)->160K(8704K)
[47.255s][info][gc,heap        ] GC(427) ParOldGen: 146096K(349696K)->146104K(349696K)
[47.255s][info][gc,metaspace   ] GC(427) Metaspace: 60308K(61184K)->60308K(61184K) NonClass: 52741K(53248K)->52741K(53248K) Class: 7567K(7936K)->7567K(7936K)
[47.255s][info][gc             ] GC(427) Pause Young (Allocation Failure) 294M->142M(502M) 1.393ms
[47.255s][info][gc,cpu         ] GC(427) User=0.00s Sys=0.00s Real=0.00s
[47.346s][info][gc,start       ] GC(428) Pause Young (Allocation Failure)
[47.347s][info][gc,heap        ] GC(428) PSYoungGen: 155808K(164352K)->128K(165376K) Eden: 155648K(155648K)->0K(157696K) From: 160K(8704K)->128K(7680K)
[47.347s][info][gc,heap        ] GC(428) ParOldGen: 146104K(349696K)->146112K(349696K)
[47.347s][info][gc,metaspace   ] GC(428) Metaspace: 60308K(61184K)->60308K(61184K) NonClass: 52741K(53248K)->52741K(53248K) Class: 7567K(7936K)->7567K(7936K)
[47.347s][info][gc             ] GC(428) Pause Young (Allocation Failure) 294M->142M(503M) 1.379ms
[47.347s][info][gc,cpu         ] GC(428) User=0.00s Sys=0.00s Real=0.00s
[47.390s][info][gc,start       ] GC(429) Pause Young (System.gc())
[47.391s][info][gc,heap        ] GC(429) PSYoungGen: 39360K(165376K)->384K(158208K) Eden: 39232K(157696K)->0K(157696K) From: 128K(7680K)->384K(512K)
[47.391s][info][gc,heap        ] GC(429) ParOldGen: 146112K(349696K)->146128K(349696K)
[47.391s][info][gc,metaspace   ] GC(429) Metaspace: 60321K(61184K)->60321K(61184K) NonClass: 52754K(53248K)->52754K(53248K) Class: 7567K(7936K)->7567K(7936K)
[47.391s][info][gc             ] GC(429) Pause Young (System.gc()) 181M->143M(496M) 1.753ms
[47.392s][info][gc,cpu         ] GC(429) User=0.00s Sys=0.00s Real=0.00s
[47.392s][info][gc,start       ] GC(430) Pause Full (System.gc())
[47.392s][info][gc,phases,start] GC(430) Marking Phase
[47.476s][info][gc,phases      ] GC(430) Marking Phase 84.408ms
[47.476s][info][gc,phases,start] GC(430) Summary Phase
[47.476s][info][gc,phases      ] GC(430) Summary Phase 0.014ms
[47.476s][info][gc,phases,start] GC(430) Adjust Roots
[47.484s][info][gc,phases      ] GC(430) Adjust Roots 7.310ms
[47.484s][info][gc,phases,start] GC(430) Compaction Phase
[47.502s][info][gc,phases      ] GC(430) Compaction Phase 18.692ms
[47.502s][info][gc,phases,start] GC(430) Post Compact
[47.503s][info][gc,phases      ] GC(430) Post Compact 0.867ms
[47.503s][info][gc,heap        ] GC(430) PSYoungGen: 384K(158208K)->0K(158208K) Eden: 0K(157696K)->0K(157696K) From: 384K(512K)->0K(512K)
[47.503s][info][gc,heap        ] GC(430) ParOldGen: 146128K(349696K)->101739K(349696K)
[47.503s][info][gc,metaspace   ] GC(430) Metaspace: 60321K(61184K)->60321K(61184K) NonClass: 52754K(53248K)->52754K(53248K) Class: 7567K(7936K)->7567K(7936K)
[47.503s][info][gc             ] GC(430) Pause Full (System.gc()) 143M->99M(496M) 111.549ms
[47.503s][info][gc,cpu         ] GC(430) User=0.75s Sys=0.00s Real=0.11s
[47.629s][info][gc,start       ] GC(431) Pause Young (Allocation Failure)
[47.636s][info][gc,heap        ] GC(431) PSYoungGen: 157696K(158208K)->3968K(164352K) Eden: 157696K(157696K)->0K(157184K) From: 0K(512K)->3968K(7168K)
[47.636s][info][gc,heap        ] GC(431) ParOldGen: 101739K(349696K)->101739K(349696K)
[47.636s][info][gc,metaspace   ] GC(431) Metaspace: 60399K(61312K)->60399K(61312K) NonClass: 52832K(53376K)->52832K(53376K) Class: 7567K(7936K)->7567K(7936K)
[47.636s][info][gc             ] GC(431) Pause Young (Allocation Failure) 253M->103M(502M) 6.587ms
[47.636s][info][gc,cpu         ] GC(431) User=0.19s Sys=0.00s Real=0.01s
[47.691s][info][gc,start       ] GC(432) Pause Young (Allocation Failure)
[47.700s][info][gc,heap        ] GC(432) PSYoungGen: 161152K(164352K)->5824K(164864K) Eden: 157184K(157184K)->0K(157184K) From: 3968K(7168K)->5824K(7680K)
[47.700s][info][gc,heap        ] GC(432) ParOldGen: 101739K(349696K)->105325K(349696K)
[47.700s][info][gc,metaspace   ] GC(432) Metaspace: 60400K(61312K)->60400K(61312K) NonClass: 52833K(53376K)->52833K(53376K) Class: 7567K(7936K)->7567K(7936K)
[47.700s][info][gc             ] GC(432) Pause Young (Allocation Failure) 256M->108M(502M) 9.071ms
[47.700s][info][gc,cpu         ] GC(432) User=0.09s Sys=0.00s Real=0.02s
[47.757s][info][gc,start       ] GC(433) Pause Young (Allocation Failure)
[47.774s][info][gc,heap        ] GC(433) PSYoungGen: 163008K(164864K)->6368K(163840K) Eden: 157184K(157184K)->0K(155136K) From: 5824K(7680K)->6368K(8704K)
[47.774s][info][gc,heap        ] GC(433) ParOldGen: 105325K(349696K)->110485K(349696K)
[47.774s][info][gc,metaspace   ] GC(433) Metaspace: 60400K(61312K)->60400K(61312K) NonClass: 52833K(53376K)->52833K(53376K) Class: 7567K(7936K)->7567K(7936K)
[47.774s][info][gc             ] GC(433) Pause Young (Allocation Failure) 262M->114M(501M) 17.077ms
[47.774s][info][gc,cpu         ] GC(433) User=0.03s Sys=0.00s Real=0.02s
[47.821s][info][gc,start       ] GC(434) Pause Young (Allocation Failure)
[47.839s][info][gc,heap        ] GC(434) PSYoungGen: 161504K(163840K)->6208K(161792K) Eden: 155136K(155136K)->0K(155136K) From: 6368K(8704K)->6208K(6656K)
[47.839s][info][gc,heap        ] GC(434) ParOldGen: 110485K(349696K)->116741K(349696K)
[47.840s][info][gc,metaspace   ] GC(434) Metaspace: 60400K(61312K)->60400K(61312K) NonClass: 52833K(53376K)->52833K(53376K) Class: 7567K(7936K)->7567K(7936K)
[47.840s][info][gc             ] GC(434) Pause Young (Allocation Failure) 265M->120M(499M) 18.142ms
[47.840s][info][gc,cpu         ] GC(434) User=0.03s Sys=0.00s Real=0.02s
[47.893s][info][gc,start       ] GC(435) Pause Young (Allocation Failure)
[47.910s][info][gc,heap        ] GC(435) PSYoungGen: 161344K(161792K)->8704K(161280K) Eden: 155136K(155136K)->0K(151040K) From: 6208K(6656K)->8704K(10240K)
[47.910s][info][gc,heap        ] GC(435) ParOldGen: 116741K(349696K)->122813K(349696K)
[47.910s][info][gc,metaspace   ] GC(435) Metaspace: 60400K(61312K)->60400K(61312K) NonClass: 52833K(53376K)->52833K(53376K) Class: 7567K(7936K)->7567K(7936K)
[47.910s][info][gc             ] GC(435) Pause Young (Allocation Failure) 271M->128M(499M) 16.552ms
[47.910s][info][gc,cpu         ] GC(435) User=0.19s Sys=0.00s Real=0.02s
[47.954s][info][gc,start       ] GC(436) Pause Young (Allocation Failure)
[47.969s][info][gc,heap        ] GC(436) PSYoungGen: 159744K(161280K)->6400K(157696K) Eden: 151040K(151040K)->0K(151040K) From: 8704K(10240K)->6400K(6656K)
[47.969s][info][gc,heap        ] GC(436) ParOldGen: 122813K(349696K)->131349K(349696K)
[47.969s][info][gc,metaspace   ] GC(436) Metaspace: 60400K(61312K)->60400K(61312K) NonClass: 52833K(53376K)->52833K(53376K) Class: 7567K(7936K)->7567K(7936K)
[47.969s][info][gc             ] GC(436) Pause Young (Allocation Failure) 275M->134M(495M) 15.116ms
[47.969s][info][gc,cpu         ] GC(436) User=0.17s Sys=0.00s Real=0.02s
[48.012s][info][gc,start       ] GC(437) Pause Young (Allocation Failure)
[48.051s][info][gc,heap        ] GC(437) PSYoungGen: 157440K(157696K)->6400K(162304K) Eden: 151040K(151040K)->0K(150016K) From: 6400K(6656K)->6400K(12288K)
[48.051s][info][gc,heap        ] GC(437) ParOldGen: 131349K(349696K)->137677K(349696K)
[48.051s][info][gc,metaspace   ] GC(437) Metaspace: 60400K(61312K)->60400K(61312K) NonClass: 52833K(53376K)->52833K(53376K) Class: 7567K(7936K)->7567K(7936K)
[48.051s][info][gc             ] GC(437) Pause Young (Allocation Failure) 282M->140M(500M) 39.214ms
[48.051s][info][gc,cpu         ] GC(437) User=0.34s Sys=0.00s Real=0.03s
[48.104s][info][gc,start       ] GC(438) Pause Young (Allocation Failure)
[48.129s][info][gc,heap        ] GC(438) PSYoungGen: 156416K(162304K)->2208K(152576K) Eden: 150016K(150016K)->0K(150016K) From: 6400K(12288K)->2208K(2560K)
[48.129s][info][gc,heap        ] GC(438) ParOldGen: 137677K(349696K)->143957K(349696K)
[48.129s][info][gc,metaspace   ] GC(438) Metaspace: 60403K(61312K)->60403K(61312K) NonClass: 52836K(53376K)->52836K(53376K) Class: 7567K(7936K)->7567K(7936K)
[48.129s][info][gc             ] GC(438) Pause Young (Allocation Failure) 287M->142M(490M) 24.518ms
[48.129s][info][gc,cpu         ] GC(438) User=0.03s Sys=0.00s Real=0.01s
[48.183s][info][gc,start       ] GC(439) Pause Young (Allocation Failure)
[48.193s][info][gc,heap        ] GC(439) PSYoungGen: 152224K(152576K)->288K(161792K) Eden: 150016K(150016K)->0K(150016K) From: 2208K(2560K)->288K(11776K)
[48.193s][info][gc,heap        ] GC(439) ParOldGen: 143957K(349696K)->146021K(349696K)
[48.193s][info][gc,metaspace   ] GC(439) Metaspace: 60403K(61312K)->60403K(61312K) NonClass: 52836K(53376K)->52836K(53376K) Class: 7567K(7936K)->7567K(7936K)
[48.193s][info][gc             ] GC(439) Pause Young (Allocation Failure) 289M->142M(499M) 10.164ms
[48.193s][info][gc,cpu         ] GC(439) User=0.17s Sys=0.00s Real=0.02s
[48.241s][info][gc,start       ] GC(440) Pause Young (Allocation Failure)
[48.242s][info][gc,heap        ] GC(440) PSYoungGen: 150304K(161792K)->160K(161792K) Eden: 150016K(150016K)->0K(150016K) From: 288K(11776K)->160K(11776K)
[48.242s][info][gc,heap        ] GC(440) ParOldGen: 146021K(349696K)->146101K(349696K)
[48.242s][info][gc,metaspace   ] GC(440) Metaspace: 60403K(61312K)->60403K(61312K) NonClass: 52836K(53376K)->52836K(53376K) Class: 7567K(7936K)->7567K(7936K)
[48.242s][info][gc             ] GC(440) Pause Young (Allocation Failure) 289M->142M(499M) 1.351ms
[48.242s][info][gc,cpu         ] GC(440) User=0.00s Sys=0.00s Real=0.00s
[48.298s][info][gc,start       ] GC(441) Pause Young (Allocation Failure)
[48.299s][info][gc,heap        ] GC(441) PSYoungGen: 150176K(161792K)->288K(162304K) Eden: 150016K(150016K)->0K(151040K) From: 160K(11776K)->288K(11264K)
[48.299s][info][gc,heap        ] GC(441) ParOldGen: 146101K(349696K)->146117K(349696K)
[48.299s][info][gc,metaspace   ] GC(441) Metaspace: 60403K(61312K)->60403K(61312K) NonClass: 52836K(53376K)->52836K(53376K) Class: 7567K(7936K)->7567K(7936K)
[48.299s][info][gc             ] GC(441) Pause Young (Allocation Failure) 289M->142M(500M) 1.463ms
[48.299s][info][gc,cpu         ] GC(441) User=0.00s Sys=0.00s Real=0.00s
[48.351s][info][gc,start       ] GC(442) Pause Young (Allocation Failure)
[48.352s][info][gc,heap        ] GC(442) PSYoungGen: 151328K(162304K)->128K(162304K) Eden: 151040K(151040K)->0K(151040K) From: 288K(11264K)->128K(11264K)
[48.352s][info][gc,heap        ] GC(442) ParOldGen: 146117K(349696K)->146125K(349696K)
[48.352s][info][gc,metaspace   ] GC(442) Metaspace: 60403K(61312K)->60403K(61312K) NonClass: 52836K(53376K)->52836K(53376K) Class: 7567K(7936K)->7567K(7936K)
[48.352s][info][gc             ] GC(442) Pause Young (Allocation Failure) 290M->142M(500M) 1.395ms
[48.352s][info][gc,cpu         ] GC(442) User=0.00s Sys=0.00s Real=0.00s
[48.449s][info][gc,start       ] GC(443) Pause Young (Allocation Failure)
[48.450s][info][gc,heap        ] GC(443) PSYoungGen: 151168K(162304K)->352K(162816K) Eden: 151040K(151040K)->0K(152576K) From: 128K(11264K)->352K(10240K)
[48.451s][info][gc,heap        ] GC(443) ParOldGen: 146125K(349696K)->146133K(349696K)
[48.451s][info][gc,metaspace   ] GC(443) Metaspace: 60406K(61312K)->60406K(61312K) NonClass: 52839K(53376K)->52839K(53376K) Class: 7567K(7936K)->7567K(7936K)
[48.451s][info][gc             ] GC(443) Pause Young (Allocation Failure) 290M->143M(500M) 1.569ms
[48.451s][info][gc,cpu         ] GC(443) User=0.02s Sys=0.00s Real=0.02s
[48.545s][info][gc,start       ] GC(444) Pause Young (Allocation Failure)
[48.547s][info][gc,heap        ] GC(444) PSYoungGen: 152928K(162816K)->128K(162816K) Eden: 152576K(152576K)->0K(152576K) From: 352K(10240K)->128K(10240K)
[48.547s][info][gc,heap        ] GC(444) ParOldGen: 146133K(349696K)->146221K(349696K)
[48.547s][info][gc,metaspace   ] GC(444) Metaspace: 60406K(61312K)->60406K(61312K) NonClass: 52839K(53376K)->52839K(53376K) Class: 7567K(7936K)->7567K(7936K)
[48.547s][info][gc             ] GC(444) Pause Young (Allocation Failure) 292M->142M(500M) 1.329ms
[48.547s][info][gc,cpu         ] GC(444) User=0.00s Sys=0.00s Real=0.00s
[48.652s][info][gc,start       ] GC(445) Pause Young (Allocation Failure)
[48.654s][info][gc,heap        ] GC(445) PSYoungGen: 152704K(162816K)->160K(163840K) Eden: 152576K(152576K)->0K(154112K) From: 128K(10240K)->160K(9728K)
[48.654s][info][gc,heap        ] GC(445) ParOldGen: 146221K(349696K)->146229K(349696K)
[48.654s][info][gc,metaspace   ] GC(445) Metaspace: 60406K(61312K)->60406K(61312K) NonClass: 52839K(53376K)->52839K(53376K) Class: 7567K(7936K)->7567K(7936K)
[48.654s][info][gc             ] GC(445) Pause Young (Allocation Failure) 291M->142M(501M) 1.342ms
[48.654s][info][gc,cpu         ] GC(445) User=0.03s Sys=0.00s Real=0.02s
[48.761s][info][gc,start       ] GC(446) Pause Young (Allocation Failure)
[48.763s][info][gc,heap        ] GC(446) PSYoungGen: 154272K(163840K)->192K(163840K) Eden: 154112K(154112K)->0K(154112K) From: 160K(9728K)->192K(9728K)
[48.763s][info][gc,heap        ] GC(446) ParOldGen: 146229K(349696K)->146237K(349696K)
[48.763s][info][gc,metaspace   ] GC(446) Metaspace: 60406K(61312K)->60406K(61312K) NonClass: 52839K(53376K)->52839K(53376K) Class: 7567K(7936K)->7567K(7936K)
[48.763s][info][gc             ] GC(446) Pause Young (Allocation Failure) 293M->142M(501M) 1.400ms
[48.763s][info][gc,cpu         ] GC(446) User=0.00s Sys=0.02s Real=0.02s
[48.883s][info][gc,start       ] GC(447) Pause Young (Allocation Failure)
[48.885s][info][gc,heap        ] GC(447) PSYoungGen: 154304K(163840K)->192K(164352K) Eden: 154112K(154112K)->0K(155648K) From: 192K(9728K)->192K(8704K)
[48.885s][info][gc,heap        ] GC(447) ParOldGen: 146237K(349696K)->146245K(349696K)
[48.885s][info][gc,metaspace   ] GC(447) Metaspace: 60406K(61312K)->60406K(61312K) NonClass: 52839K(53376K)->52839K(53376K) Class: 7567K(7936K)->7567K(7936K)
[48.885s][info][gc             ] GC(447) Pause Young (Allocation Failure) 293M->143M(502M) 1.400ms
[48.885s][info][gc,cpu         ] GC(447) User=0.00s Sys=0.00s Real=0.00s
[48.993s][info][gc,start       ] GC(448) Pause Young (Allocation Failure)
[48.995s][info][gc,heap        ] GC(448) PSYoungGen: 155840K(164352K)->96K(164352K) Eden: 155648K(155648K)->0K(155648K) From: 192K(8704K)->96K(8704K)
[48.995s][info][gc,heap        ] GC(448) ParOldGen: 146245K(349696K)->146253K(349696K)
[48.995s][info][gc,metaspace   ] GC(448) Metaspace: 60406K(61312K)->60406K(61312K) NonClass: 52839K(53376K)->52839K(53376K) Class: 7567K(7936K)->7567K(7936K)
[48.995s][info][gc             ] GC(448) Pause Young (Allocation Failure) 295M->142M(502M) 1.373ms
[48.995s][info][gc,cpu         ] GC(448) User=0.00s Sys=0.00s Real=0.00s
[49.086s][info][gc,start       ] GC(449) Pause Young (Allocation Failure)
[49.087s][info][gc,heap        ] GC(449) PSYoungGen: 155744K(164352K)->160K(165376K) Eden: 155648K(155648K)->0K(157696K) From: 96K(8704K)->160K(7680K)
[49.087s][info][gc,heap        ] GC(449) ParOldGen: 146253K(349696K)->146261K(349696K)
[49.087s][info][gc,metaspace   ] GC(449) Metaspace: 60406K(61312K)->60406K(61312K) NonClass: 52839K(53376K)->52839K(53376K) Class: 7567K(7936K)->7567K(7936K)
[49.087s][info][gc             ] GC(449) Pause Young (Allocation Failure) 294M->142M(503M) 1.449ms
[49.087s][info][gc,cpu         ] GC(449) User=0.00s Sys=0.00s Real=0.00s
[49.129s][info][gc,start       ] GC(450) Pause Young (System.gc())
[49.131s][info][gc,heap        ] GC(450) PSYoungGen: 36882K(165376K)->384K(158208K) Eden: 36722K(157696K)->0K(157696K) From: 160K(7680K)->384K(512K)
[49.131s][info][gc,heap        ] GC(450) ParOldGen: 146261K(349696K)->146277K(349696K)
[49.131s][info][gc,metaspace   ] GC(450) Metaspace: 60423K(61312K)->60423K(61312K) NonClass: 52855K(53376K)->52855K(53376K) Class: 7567K(7936K)->7567K(7936K)
[49.131s][info][gc             ] GC(450) Pause Young (System.gc()) 178M->143M(496M) 1.772ms
[49.131s][info][gc,cpu         ] GC(450) User=0.00s Sys=0.00s Real=0.00s
[49.131s][info][gc,start       ] GC(451) Pause Full (System.gc())
[49.131s][info][gc,phases,start] GC(451) Marking Phase
[49.222s][info][gc,phases      ] GC(451) Marking Phase 90.668ms
[49.222s][info][gc,phases,start] GC(451) Summary Phase
[49.222s][info][gc,phases      ] GC(451) Summary Phase 0.024ms
[49.222s][info][gc,phases,start] GC(451) Adjust Roots
[49.231s][info][gc,phases      ] GC(451) Adjust Roots 9.035ms
[49.231s][info][gc,phases,start] GC(451) Compaction Phase
[49.254s][info][gc,phases      ] GC(451) Compaction Phase 23.507ms
[49.254s][info][gc,phases,start] GC(451) Post Compact
[49.255s][info][gc,phases      ] GC(451) Post Compact 1.010ms
[49.255s][info][gc,heap        ] GC(451) PSYoungGen: 384K(158208K)->0K(158208K) Eden: 0K(157696K)->0K(157696K) From: 384K(512K)->0K(512K)
[49.255s][info][gc,heap        ] GC(451) ParOldGen: 146277K(349696K)->101771K(349696K)
[49.255s][info][gc,metaspace   ] GC(451) Metaspace: 60423K(61312K)->60423K(61312K) NonClass: 52855K(53376K)->52855K(53376K) Class: 7567K(7936K)->7567K(7936K)
[49.256s][info][gc             ] GC(451) Pause Full (System.gc()) 143M->99M(496M) 124.639ms
[49.256s][info][gc,cpu         ] GC(451) User=0.92s Sys=0.00s Real=0.13s
[49.379s][info][gc,start       ] GC(452) Pause Young (Allocation Failure)
[49.383s][info][gc,heap        ] GC(452) PSYoungGen: 157696K(158208K)->3936K(164352K) Eden: 157696K(157696K)->0K(157184K) From: 0K(512K)->3936K(7168K)
[49.383s][info][gc,heap        ] GC(452) ParOldGen: 101771K(349696K)->101779K(349696K)
[49.383s][info][gc,metaspace   ] GC(452) Metaspace: 60449K(61312K)->60449K(61312K) NonClass: 52881K(53376K)->52881K(53376K) Class: 7568K(7936K)->7568K(7936K)
[49.383s][info][gc             ] GC(452) Pause Young (Allocation Failure) 253M->103M(502M) 3.791ms
[49.383s][info][gc,cpu         ] GC(452) User=0.00s Sys=0.00s Real=0.00s
[49.432s][info][gc,start       ] GC(453) Pause Young (Allocation Failure)
[49.440s][info][gc,heap        ] GC(453) PSYoungGen: 161120K(164352K)->6304K(164864K) Eden: 157184K(157184K)->0K(157184K) From: 3936K(7168K)->6304K(7680K)
[49.440s][info][gc,heap        ] GC(453) ParOldGen: 101779K(349696K)->105313K(349696K)
[49.440s][info][gc,metaspace   ] GC(453) Metaspace: 60456K(61312K)->60456K(61312K) NonClass: 52888K(53376K)->52888K(53376K) Class: 7568K(7936K)->7568K(7936K)
[49.440s][info][gc             ] GC(453) Pause Young (Allocation Failure) 256M->109M(502M) 8.283ms
[49.440s][info][gc,cpu         ] GC(453) User=0.08s Sys=0.00s Real=0.02s
[49.488s][info][gc,start       ] GC(454) Pause Young (Allocation Failure)
[49.504s][info][gc,heap        ] GC(454) PSYoungGen: 163488K(164864K)->7104K(162816K) Eden: 157184K(157184K)->0K(154112K) From: 6304K(7680K)->7104K(8704K)
[49.504s][info][gc,heap        ] GC(454) ParOldGen: 105313K(349696K)->110937K(349696K)
[49.504s][info][gc,metaspace   ] GC(454) Metaspace: 60456K(61312K)->60456K(61312K) NonClass: 52888K(53376K)->52888K(53376K) Class: 7568K(7936K)->7568K(7936K)
[49.504s][info][gc             ] GC(454) Pause Young (Allocation Failure) 262M->115M(500M) 16.019ms
[49.504s][info][gc,cpu         ] GC(454) User=0.03s Sys=0.00s Real=0.01s
[49.550s][info][gc,start       ] GC(455) Pause Young (Allocation Failure)
[49.567s][info][gc,heap        ] GC(455) PSYoungGen: 161216K(162816K)->6752K(161280K) Eden: 154112K(154112K)->0K(154112K) From: 7104K(8704K)->6752K(7168K)
[49.567s][info][gc,heap        ] GC(455) ParOldGen: 110937K(349696K)->117921K(349696K)
[49.567s][info][gc,metaspace   ] GC(455) Metaspace: 60456K(61312K)->60456K(61312K) NonClass: 52888K(53376K)->52888K(53376K) Class: 7568K(7936K)->7568K(7936K)
[49.567s][info][gc             ] GC(455) Pause Young (Allocation Failure) 265M->121M(499M) 17.670ms
[49.567s][info][gc,cpu         ] GC(455) User=0.03s Sys=0.00s Real=0.02s
[49.613s][info][gc,start       ] GC(456) Pause Young (Allocation Failure)
[49.628s][info][gc,heap        ] GC(456) PSYoungGen: 160864K(161280K)->8256K(160768K) Eden: 154112K(154112K)->0K(150016K) From: 6752K(7168K)->8256K(10752K)
[49.628s][info][gc,heap        ] GC(456) ParOldGen: 117921K(349696K)->124521K(349696K)
[49.628s][info][gc,metaspace   ] GC(456) Metaspace: 60456K(61312K)->60456K(61312K) NonClass: 52888K(53376K)->52888K(53376K) Class: 7568K(7936K)->7568K(7936K)
[49.628s][info][gc             ] GC(456) Pause Young (Allocation Failure) 272M->129M(498M) 14.800ms
[49.628s][info][gc,cpu         ] GC(456) User=0.17s Sys=0.00s Real=0.01s
[49.671s][info][gc,start       ] GC(457) Pause Young (Allocation Failure)
[49.686s][info][gc,heap        ] GC(457) PSYoungGen: 158272K(160768K)->6304K(162304K) Eden: 150016K(150016K)->0K(150016K) From: 8256K(10752K)->6304K(12288K)
[49.686s][info][gc,heap        ] GC(457) ParOldGen: 124521K(349696K)->132681K(349696K)
[49.686s][info][gc,metaspace   ] GC(457) Metaspace: 60456K(61312K)->60456K(61312K) NonClass: 52888K(53376K)->52888K(53376K) Class: 7568K(7936K)->7568K(7936K)
[49.686s][info][gc             ] GC(457) Pause Young (Allocation Failure) 276M->135M(500M) 15.041ms
[49.686s][info][gc,cpu         ] GC(457) User=0.17s Sys=0.00s Real=0.02s
[49.729s][info][gc,start       ] GC(458) Pause Young (Allocation Failure)
[49.771s][info][gc,heap        ] GC(458) PSYoungGen: 156320K(162304K)->6400K(162304K) Eden: 150016K(150016K)->0K(150016K) From: 6304K(12288K)->6400K(12288K)
[49.771s][info][gc,heap        ] GC(458) ParOldGen: 132681K(349696K)->138857K(349696K)
[49.771s][info][gc,metaspace   ] GC(458) Metaspace: 60456K(61312K)->60456K(61312K) NonClass: 52888K(53376K)->52888K(53376K) Class: 7568K(7936K)->7568K(7936K)
[49.771s][info][gc             ] GC(458) Pause Young (Allocation Failure) 282M->141M(500M) 41.752ms
[49.771s][info][gc,cpu         ] GC(458) User=0.56s Sys=0.00s Real=0.05s
[49.819s][info][gc,start       ] GC(459) Pause Young (Allocation Failure)
[49.848s][info][gc,heap        ] GC(459) PSYoungGen: 156416K(162304K)->1152K(162304K) Eden: 150016K(150016K)->0K(150016K) From: 6400K(12288K)->1152K(12288K)
[49.848s][info][gc,heap        ] GC(459) ParOldGen: 138857K(349696K)->145081K(349696K)
[49.848s][info][gc,metaspace   ] GC(459) Metaspace: 60456K(61312K)->60456K(61312K) NonClass: 52888K(53376K)->52888K(53376K) Class: 7568K(7936K)->7568K(7936K)
[49.848s][info][gc             ] GC(459) Pause Young (Allocation Failure) 288M->142M(500M) 28.483ms
[49.848s][info][gc,cpu         ] GC(459) User=0.38s Sys=0.00s Real=0.03s
[49.895s][info][gc,start       ] GC(460) Pause Young (Allocation Failure)
[49.901s][info][gc,heap        ] GC(460) PSYoungGen: 151168K(162304K)->128K(161280K) Eden: 150016K(150016K)->0K(150016K) From: 1152K(12288K)->128K(11264K)
[49.901s][info][gc,heap        ] GC(460) ParOldGen: 145081K(349696K)->146017K(349696K)
[49.901s][info][gc,metaspace   ] GC(460) Metaspace: 60456K(61312K)->60456K(61312K) NonClass: 52888K(53376K)->52888K(53376K) Class: 7568K(7936K)->7568K(7936K)
[49.901s][info][gc             ] GC(460) Pause Young (Allocation Failure) 289M->142M(499M) 5.729ms
[49.901s][info][gc,cpu         ] GC(460) User=0.00s Sys=0.00s Real=0.00s
[49.948s][info][gc,start       ] GC(461) Pause Young (Allocation Failure)
[49.950s][info][gc,heap        ] GC(461) PSYoungGen: 150144K(161280K)->224K(161792K) Eden: 150016K(150016K)->0K(150016K) From: 128K(11264K)->224K(11776K)
[49.950s][info][gc,heap        ] GC(461) ParOldGen: 146017K(349696K)->146033K(349696K)
[49.950s][info][gc,metaspace   ] GC(461) Metaspace: 60456K(61312K)->60456K(61312K) NonClass: 52888K(53376K)->52888K(53376K) Class: 7568K(7936K)->7568K(7936K)
[49.950s][info][gc             ] GC(461) Pause Young (Allocation Failure) 289M->142M(499M) 1.457ms
[49.950s][info][gc,cpu         ] GC(461) User=0.03s Sys=0.00s Real=0.01s
[49.997s][info][gc,start       ] GC(462) Pause Young (Allocation Failure)
[49.997s][info][gc,heap        ] GC(462) PSYoungGen: 150240K(161792K)->224K(161792K) Eden: 150016K(150016K)->0K(151040K) From: 224K(11776K)->224K(10752K)
[49.997s][info][gc,heap        ] GC(462) ParOldGen: 146033K(349696K)->146041K(349696K)
[49.997s][info][gc,metaspace   ] GC(462) Metaspace: 60456K(61312K)->60456K(61312K) NonClass: 52888K(53376K)->52888K(53376K) Class: 7568K(7936K)->7568K(7936K)
[49.997s][info][gc             ] GC(462) Pause Young (Allocation Failure) 289M->142M(499M) 0.809ms
[49.997s][info][gc,cpu         ] GC(462) User=0.00s Sys=0.00s Real=0.00s
[50.044s][info][gc,start       ] GC(463) Pause Young (Allocation Failure)
[50.046s][info][gc,heap        ] GC(463) PSYoungGen: 151264K(161792K)->192K(162304K) Eden: 151040K(151040K)->0K(151040K) From: 224K(10752K)->192K(11264K)
[50.046s][info][gc,heap        ] GC(463) ParOldGen: 146041K(349696K)->146057K(349696K)
[50.046s][info][gc,metaspace   ] GC(463) Metaspace: 60456K(61312K)->60456K(61312K) NonClass: 52888K(53376K)->52888K(53376K) Class: 7568K(7936K)->7568K(7936K)
[50.046s][info][gc             ] GC(463) Pause Young (Allocation Failure) 290M->142M(500M) 1.383ms
[50.046s][info][gc,cpu         ] GC(463) User=0.00s Sys=0.00s Real=0.00s
[50.093s][info][gc,start       ] GC(464) Pause Young (Allocation Failure)
[50.094s][info][gc,heap        ] GC(464) PSYoungGen: 151232K(162304K)->288K(162304K) Eden: 151040K(151040K)->0K(152576K) From: 192K(11264K)->288K(9728K)
[50.094s][info][gc,heap        ] GC(464) ParOldGen: 146057K(349696K)->146065K(349696K)
[50.094s][info][gc,metaspace   ] GC(464) Metaspace: 60456K(61312K)->60456K(61312K) NonClass: 52888K(53376K)->52888K(53376K) Class: 7568K(7936K)->7568K(7936K)
[50.094s][info][gc             ] GC(464) Pause Young (Allocation Failure) 290M->142M(500M) 0.806ms
[50.094s][info][gc,cpu         ] GC(464) User=0.00s Sys=0.00s Real=0.00s
[50.181s][info][gc,start       ] GC(465) Pause Young (Allocation Failure)
[50.182s][info][gc,heap        ] GC(465) PSYoungGen: 152864K(162304K)->352K(162816K) Eden: 152576K(152576K)->0K(152576K) From: 288K(9728K)->352K(10240K)
[50.183s][info][gc,heap        ] GC(465) ParOldGen: 146065K(349696K)->146073K(349696K)
[50.183s][info][gc,metaspace   ] GC(465) Metaspace: 60456K(61312K)->60456K(61312K) NonClass: 52888K(53376K)->52888K(53376K) Class: 7568K(7936K)->7568K(7936K)
[50.183s][info][gc             ] GC(465) Pause Young (Allocation Failure) 291M->142M(500M) 1.400ms
[50.183s][info][gc,cpu         ] GC(465) User=0.00s Sys=0.00s Real=0.00s
[50.290s][info][gc,start       ] GC(466) Pause Young (Allocation Failure)
[50.291s][info][gc,heap        ] GC(466) PSYoungGen: 152928K(162816K)->160K(163328K) Eden: 152576K(152576K)->0K(154112K) From: 352K(10240K)->160K(9216K)
[50.291s][info][gc,heap        ] GC(466) ParOldGen: 146073K(349696K)->146161K(349696K)
[50.291s][info][gc,metaspace   ] GC(466) Metaspace: 60456K(61312K)->60456K(61312K) NonClass: 52888K(53376K)->52888K(53376K) Class: 7568K(7936K)->7568K(7936K)
[50.291s][info][gc             ] GC(466) Pause Young (Allocation Failure) 291M->142M(501M) 1.476ms
[50.291s][info][gc,cpu         ] GC(466) User=0.00s Sys=0.00s Real=0.00s
[50.397s][info][gc,start       ] GC(467) Pause Young (Allocation Failure)
[50.398s][info][gc,heap        ] GC(467) PSYoungGen: 154272K(163328K)->224K(163840K) Eden: 154112K(154112K)->0K(154112K) From: 160K(9216K)->224K(9728K)
[50.399s][info][gc,heap        ] GC(467) ParOldGen: 146161K(349696K)->146169K(349696K)
[50.399s][info][gc,metaspace   ] GC(467) Metaspace: 60456K(61312K)->60456K(61312K) NonClass: 52888K(53376K)->52888K(53376K) Class: 7568K(7936K)->7568K(7936K)
[50.399s][info][gc             ] GC(467) Pause Young (Allocation Failure) 293M->142M(501M) 1.329ms
[50.399s][info][gc,cpu         ] GC(467) User=0.00s Sys=0.00s Real=0.00s
[50.503s][info][gc,start       ] GC(468) Pause Young (Allocation Failure)
[50.504s][info][gc,heap        ] GC(468) PSYoungGen: 154336K(163840K)->192K(163840K) Eden: 154112K(154112K)->0K(155648K) From: 224K(9728K)->192K(8192K)
[50.504s][info][gc,heap        ] GC(468) ParOldGen: 146169K(349696K)->146177K(349696K)
[50.504s][info][gc,metaspace   ] GC(468) Metaspace: 60456K(61312K)->60456K(61312K) NonClass: 52888K(53376K)->52888K(53376K) Class: 7568K(7936K)->7568K(7936K)
[50.504s][info][gc             ] GC(468) Pause Young (Allocation Failure) 293M->142M(501M) 1.468ms
[50.504s][info][gc,cpu         ] GC(468) User=0.00s Sys=0.00s Real=0.00s
[50.613s][info][gc,start       ] GC(469) Pause Young (Allocation Failure)
[50.614s][info][gc,heap        ] GC(469) PSYoungGen: 155840K(163840K)->256K(164352K) Eden: 155648K(155648K)->0K(155648K) From: 192K(8192K)->256K(8704K)
[50.614s][info][gc,heap        ] GC(469) ParOldGen: 146177K(349696K)->146185K(349696K)
[50.614s][info][gc,metaspace   ] GC(469) Metaspace: 60456K(61312K)->60456K(61312K) NonClass: 52888K(53376K)->52888K(53376K) Class: 7568K(7936K)->7568K(7936K)
[50.614s][info][gc             ] GC(469) Pause Young (Allocation Failure) 294M->143M(502M) 1.407ms
[50.614s][info][gc,cpu         ] GC(469) User=0.00s Sys=0.00s Real=0.00s
[50.707s][info][gc,start       ] GC(470) Pause Young (Allocation Failure)
[50.709s][info][gc,heap        ] GC(470) PSYoungGen: 155904K(164352K)->96K(164864K) Eden: 155648K(155648K)->0K(157696K) From: 256K(8704K)->96K(7168K)
[50.709s][info][gc,heap        ] GC(470) ParOldGen: 146185K(349696K)->146201K(349696K)
[50.709s][info][gc,metaspace   ] GC(470) Metaspace: 60456K(61312K)->60456K(61312K) NonClass: 52888K(53376K)->52888K(53376K) Class: 7568K(7936K)->7568K(7936K)
[50.709s][info][gc             ] GC(470) Pause Young (Allocation Failure) 295M->142M(502M) 1.381ms
[50.709s][info][gc,cpu         ] GC(470) User=0.00s Sys=0.00s Real=0.00s
[50.754s][info][gc,start       ] GC(471) Pause Young (System.gc())
[50.755s][info][gc,heap        ] GC(471) PSYoungGen: 43157K(164864K)->384K(158208K) Eden: 43061K(157696K)->0K(157696K) From: 96K(7168K)->384K(512K)
[50.755s][info][gc,heap        ] GC(471) ParOldGen: 146201K(349696K)->146217K(349696K)
[50.755s][info][gc,metaspace   ] GC(471) Metaspace: 60471K(61376K)->60471K(61376K) NonClass: 52903K(53440K)->52903K(53440K) Class: 7568K(7936K)->7568K(7936K)
[50.756s][info][gc             ] GC(471) Pause Young (System.gc()) 184M->143M(496M) 1.808ms
[50.756s][info][gc,cpu         ] GC(471) User=0.00s Sys=0.00s Real=0.00s
[50.756s][info][gc,start       ] GC(472) Pause Full (System.gc())
[50.756s][info][gc,phases,start] GC(472) Marking Phase
[50.841s][info][gc,phases      ] GC(472) Marking Phase 84.861ms
[50.841s][info][gc,phases,start] GC(472) Summary Phase
[50.841s][info][gc,phases      ] GC(472) Summary Phase 0.015ms
[50.841s][info][gc,phases,start] GC(472) Adjust Roots
[50.848s][info][gc,phases      ] GC(472) Adjust Roots 7.207ms
[50.848s][info][gc,phases,start] GC(472) Compaction Phase
[50.867s][info][gc,phases      ] GC(472) Compaction Phase 18.896ms
[50.867s][info][gc,phases,start] GC(472) Post Compact
[50.868s][info][gc,phases      ] GC(472) Post Compact 1.015ms
[50.868s][info][gc,heap        ] GC(472) PSYoungGen: 384K(158208K)->0K(158208K) Eden: 0K(157696K)->0K(157696K) From: 384K(512K)->0K(512K)
[50.868s][info][gc,heap        ] GC(472) ParOldGen: 146217K(349696K)->101804K(349696K)
[50.868s][info][gc,metaspace   ] GC(472) Metaspace: 60471K(61376K)->60471K(61376K) NonClass: 52903K(53440K)->52903K(53440K) Class: 7568K(7936K)->7568K(7936K)
[50.868s][info][gc             ] GC(472) Pause Full (System.gc()) 143M->99M(496M) 112.395ms
[50.868s][info][gc,cpu         ] GC(472) User=0.97s Sys=0.00s Real=0.11s
[51.001s][info][gc,start       ] GC(473) Pause Young (Allocation Failure)
[51.004s][info][gc,heap        ] GC(473) PSYoungGen: 157696K(158208K)->4192K(164352K) Eden: 157696K(157696K)->0K(157184K) From: 0K(512K)->4192K(7168K)
[51.004s][info][gc,heap        ] GC(473) ParOldGen: 101804K(349696K)->101812K(349696K)
[51.004s][info][gc,metaspace   ] GC(473) Metaspace: 60568K(61504K)->60568K(61504K) NonClass: 52998K(53504K)->52998K(53504K) Class: 7570K(8000K)->7570K(8000K)
[51.004s][info][gc             ] GC(473) Pause Young (Allocation Failure) 253M->103M(502M) 3.580ms
[51.004s][info][gc,cpu         ] GC(473) User=0.00s Sys=0.00s Real=0.00s
[51.057s][info][gc,start       ] GC(474) Pause Young (Allocation Failure)
[51.067s][info][gc,heap        ] GC(474) PSYoungGen: 161376K(164352K)->7552K(164864K) Eden: 157184K(157184K)->0K(157184K) From: 4192K(7168K)->7552K(7680K)
[51.067s][info][gc,heap        ] GC(474) ParOldGen: 101812K(349696K)->105639K(349696K)
[51.067s][info][gc,metaspace   ] GC(474) Metaspace: 60571K(61504K)->60571K(61504K) NonClass: 53001K(53504K)->53001K(53504K) Class: 7570K(8000K)->7570K(8000K)
[51.067s][info][gc             ] GC(474) Pause Young (Allocation Failure) 257M->110M(502M) 9.864ms
[51.067s][info][gc,cpu         ] GC(474) User=0.03s Sys=0.00s Real=0.01s
[51.121s][info][gc,start       ] GC(475) Pause Young (Allocation Failure)
[51.134s][info][gc,heap        ] GC(475) PSYoungGen: 164736K(164864K)->6592K(163328K) Eden: 157184K(157184K)->0K(154112K) From: 7552K(7680K)->6592K(9216K)
[51.134s][info][gc,heap        ] GC(475) ParOldGen: 105639K(349696K)->112551K(349696K)
[51.134s][info][gc,metaspace   ] GC(475) Metaspace: 60571K(61504K)->60571K(61504K) NonClass: 53001K(53504K)->53001K(53504K) Class: 7570K(8000K)->7570K(8000K)
[51.134s][info][gc             ] GC(475) Pause Young (Allocation Failure) 264M->116M(501M) 12.245ms
[51.134s][info][gc,cpu         ] GC(475) User=0.00s Sys=0.00s Real=0.00s
[51.184s][info][gc,start       ] GC(476) Pause Young (Allocation Failure)
[51.199s][info][gc,heap        ] GC(476) PSYoungGen: 160704K(163328K)->6144K(160256K) Eden: 154112K(154112K)->0K(154112K) From: 6592K(9216K)->6144K(6144K)
[51.229s][info][gc,heap        ] GC(476) ParOldGen: 112551K(349696K)->118975K(349696K)
[51.229s][info][gc,metaspace   ] GC(476) Metaspace: 60571K(61504K)->60571K(61504K) NonClass: 53001K(53504K)->53001K(53504K) Class: 7570K(8000K)->7570K(8000K)
[51.229s][info][gc             ] GC(476) Pause Young (Allocation Failure) 266M->122M(498M) 45.731ms
[51.229s][info][gc,cpu         ] GC(476) User=0.03s Sys=0.00s Real=0.03s
[51.292s][info][gc,start       ] GC(477) Pause Young (Allocation Failure)
[51.306s][info][gc,heap        ] GC(477) PSYoungGen: 160256K(160256K)->8096K(160768K) Eden: 154112K(154112K)->0K(150016K) From: 6144K(6144K)->8096K(10752K)
[51.306s][info][gc,heap        ] GC(477) ParOldGen: 118975K(349696K)->124879K(349696K)
[51.306s][info][gc,metaspace   ] GC(477) Metaspace: 60571K(61504K)->60571K(61504K) NonClass: 53001K(53504K)->53001K(53504K) Class: 7570K(8000K)->7570K(8000K)
[51.306s][info][gc             ] GC(477) Pause Young (Allocation Failure) 272M->129M(498M) 14.252ms
[51.306s][info][gc,cpu         ] GC(477) User=0.17s Sys=0.00s Real=0.02s
[51.351s][info][gc,start       ] GC(478) Pause Young (Allocation Failure)
[51.365s][info][gc,heap        ] GC(478) PSYoungGen: 158112K(160768K)->6240K(162304K) Eden: 150016K(150016K)->0K(150016K) From: 8096K(10752K)->6240K(12288K)
[51.365s][info][gc,heap        ] GC(478) ParOldGen: 124879K(349696K)->132831K(349696K)
[51.365s][info][gc,metaspace   ] GC(478) Metaspace: 60571K(61504K)->60571K(61504K) NonClass: 53001K(53504K)->53001K(53504K) Class: 7570K(8000K)->7570K(8000K)
[51.365s][info][gc             ] GC(478) Pause Young (Allocation Failure) 276M->135M(500M) 13.659ms
[51.365s][info][gc,cpu         ] GC(478) User=0.17s Sys=0.00s Real=0.02s
[51.410s][info][gc,start       ] GC(479) Pause Young (Allocation Failure)
[51.453s][info][gc,heap        ] GC(479) PSYoungGen: 156256K(162304K)->6368K(162304K) Eden: 150016K(150016K)->0K(150016K) From: 6240K(12288K)->6368K(12288K)
[51.453s][info][gc,heap        ] GC(479) ParOldGen: 132831K(349696K)->138975K(349696K)
[51.453s][info][gc,metaspace   ] GC(479) Metaspace: 60571K(61504K)->60571K(61504K) NonClass: 53001K(53504K)->53001K(53504K) Class: 7570K(8000K)->7570K(8000K)
[51.453s][info][gc             ] GC(479) Pause Young (Allocation Failure) 282M->141M(500M) 43.182ms
[51.453s][info][gc,cpu         ] GC(479) User=0.56s Sys=0.00s Real=0.05s
[51.502s][info][gc,start       ] GC(480) Pause Young (Allocation Failure)
[51.530s][info][gc,heap        ] GC(480) PSYoungGen: 156384K(162304K)->1024K(162304K) Eden: 150016K(150016K)->0K(150016K) From: 6368K(12288K)->1024K(12288K)
[51.530s][info][gc,heap        ] GC(480) ParOldGen: 138975K(349696K)->145199K(349696K)
[51.530s][info][gc,metaspace   ] GC(480) Metaspace: 60575K(61504K)->60575K(61504K) NonClass: 53005K(53504K)->53005K(53504K) Class: 7570K(8000K)->7570K(8000K)
[51.530s][info][gc             ] GC(480) Pause Young (Allocation Failure) 288M->142M(500M) 28.291ms
[51.530s][info][gc,cpu         ] GC(480) User=0.38s Sys=0.00s Real=0.03s
[51.578s][info][gc,start       ] GC(481) Pause Young (Allocation Failure)
[51.583s][info][gc,heap        ] GC(481) PSYoungGen: 151040K(162304K)->192K(161280K) Eden: 150016K(150016K)->0K(150016K) From: 1024K(12288K)->192K(11264K)
[51.583s][info][gc,heap        ] GC(481) ParOldGen: 145199K(349696K)->146007K(349696K)
[51.583s][info][gc,metaspace   ] GC(481) Metaspace: 60575K(61504K)->60575K(61504K) NonClass: 53005K(53504K)->53005K(53504K) Class: 7570K(8000K)->7570K(8000K)
[51.583s][info][gc             ] GC(481) Pause Young (Allocation Failure) 289M->142M(499M) 5.266ms
[51.583s][info][gc,cpu         ] GC(481) User=0.00s Sys=0.00s Real=0.00s
[51.638s][info][gc,start       ] GC(482) Pause Young (Allocation Failure)
[51.640s][info][gc,heap        ] GC(482) PSYoungGen: 150208K(161280K)->192K(161792K) Eden: 150016K(150016K)->0K(150016K) From: 192K(11264K)->192K(11776K)
[51.640s][info][gc,heap        ] GC(482) ParOldGen: 146007K(349696K)->146031K(349696K)
[51.640s][info][gc,metaspace   ] GC(482) Metaspace: 60575K(61504K)->60575K(61504K) NonClass: 53005K(53504K)->53005K(53504K) Class: 7570K(8000K)->7570K(8000K)
[51.640s][info][gc             ] GC(482) Pause Young (Allocation Failure) 289M->142M(499M) 1.441ms
[51.640s][info][gc,cpu         ] GC(482) User=0.00s Sys=0.00s Real=0.00s
[51.696s][info][gc,start       ] GC(483) Pause Young (Allocation Failure)
[51.696s][info][gc,heap        ] GC(483) PSYoungGen: 150208K(161792K)->256K(161792K) Eden: 150016K(150016K)->0K(151040K) From: 192K(11776K)->256K(10752K)
[51.696s][info][gc,heap        ] GC(483) ParOldGen: 146031K(349696K)->146031K(349696K)
[51.697s][info][gc,metaspace   ] GC(483) Metaspace: 60575K(61504K)->60575K(61504K) NonClass: 53005K(53504K)->53005K(53504K) Class: 7570K(8000K)->7570K(8000K)
[51.697s][info][gc             ] GC(483) Pause Young (Allocation Failure) 289M->142M(499M) 0.810ms
[51.697s][info][gc,cpu         ] GC(483) User=0.00s Sys=0.00s Real=0.00s
[51.744s][info][gc,start       ] GC(484) Pause Young (Allocation Failure)
[51.745s][info][gc,heap        ] GC(484) PSYoungGen: 151296K(161792K)->224K(162304K) Eden: 151040K(151040K)->0K(151040K) From: 256K(10752K)->224K(11264K)
[51.745s][info][gc,heap        ] GC(484) ParOldGen: 146031K(349696K)->146055K(349696K)
[51.745s][info][gc,metaspace   ] GC(484) Metaspace: 60575K(61504K)->60575K(61504K) NonClass: 53005K(53504K)->53005K(53504K) Class: 7570K(8000K)->7570K(8000K)
[51.745s][info][gc             ] GC(484) Pause Young (Allocation Failure) 290M->142M(500M) 0.816ms
[51.745s][info][gc,cpu         ] GC(484) User=0.00s Sys=0.00s Real=0.00s
[51.800s][info][gc,start       ] GC(485) Pause Young (Allocation Failure)
[51.801s][info][gc,heap        ] GC(485) PSYoungGen: 151264K(162304K)->352K(162304K) Eden: 151040K(151040K)->0K(152576K) From: 224K(11264K)->352K(9728K)
[51.801s][info][gc,heap        ] GC(485) ParOldGen: 146055K(349696K)->146055K(349696K)
[51.801s][info][gc,metaspace   ] GC(485) Metaspace: 60575K(61504K)->60575K(61504K) NonClass: 53005K(53504K)->53005K(53504K) Class: 7570K(8000K)->7570K(8000K)
[51.801s][info][gc             ] GC(485) Pause Young (Allocation Failure) 290M->142M(500M) 1.464ms
[51.801s][info][gc,cpu         ] GC(485) User=0.00s Sys=0.00s Real=0.00s
[51.896s][info][gc,start       ] GC(486) Pause Young (Allocation Failure)
[51.897s][info][gc,heap        ] GC(486) PSYoungGen: 152928K(162304K)->160K(162816K) Eden: 152576K(152576K)->0K(152576K) From: 352K(9728K)->160K(10240K)
[51.897s][info][gc,heap        ] GC(486) ParOldGen: 146055K(349696K)->146143K(349696K)
[51.897s][info][gc,metaspace   ] GC(486) Metaspace: 60575K(61504K)->60575K(61504K) NonClass: 53005K(53504K)->53005K(53504K) Class: 7570K(8000K)->7570K(8000K)
[51.897s][info][gc             ] GC(486) Pause Young (Allocation Failure) 291M->142M(500M) 1.347ms
[51.897s][info][gc,cpu         ] GC(486) User=0.00s Sys=0.00s Real=0.00s
[52.016s][info][gc,start       ] GC(487) Pause Young (Allocation Failure)
[52.017s][info][gc,heap        ] GC(487) PSYoungGen: 152736K(162816K)->224K(164352K) Eden: 152576K(152576K)->0K(154624K) From: 160K(10240K)->224K(9728K)
[52.017s][info][gc,heap        ] GC(487) ParOldGen: 146143K(349696K)->146143K(349696K)
[52.017s][info][gc,metaspace   ] GC(487) Metaspace: 60575K(61504K)->60575K(61504K) NonClass: 53005K(53504K)->53005K(53504K) Class: 7570K(8000K)->7570K(8000K)
[52.017s][info][gc             ] GC(487) Pause Young (Allocation Failure) 291M->142M(502M) 1.443ms
[52.017s][info][gc,cpu         ] GC(487) User=0.00s Sys=0.00s Real=0.00s
[52.121s][info][gc,start       ] GC(488) Pause Young (Allocation Failure)
[52.123s][info][gc,heap        ] GC(488) PSYoungGen: 154848K(164352K)->192K(164352K) Eden: 154624K(154624K)->0K(154624K) From: 224K(9728K)->192K(9728K)
[52.123s][info][gc,heap        ] GC(488) ParOldGen: 146143K(349696K)->146151K(349696K)
[52.123s][info][gc,metaspace   ] GC(488) Metaspace: 60575K(61504K)->60575K(61504K) NonClass: 53005K(53504K)->53005K(53504K) Class: 7570K(8000K)->7570K(8000K)
[52.123s][info][gc             ] GC(488) Pause Young (Allocation Failure) 293M->142M(502M) 1.477ms
[52.123s][info][gc,cpu         ] GC(488) User=0.00s Sys=0.00s Real=0.00s
[52.234s][info][gc,start       ] GC(489) Pause Young (Allocation Failure)
[52.235s][info][gc,heap        ] GC(489) PSYoungGen: 154816K(164352K)->160K(164352K) Eden: 154624K(154624K)->0K(155648K) From: 192K(9728K)->160K(8704K)
[52.235s][info][gc,heap        ] GC(489) ParOldGen: 146151K(349696K)->146159K(349696K)
[52.235s][info][gc,metaspace   ] GC(489) Metaspace: 60575K(61504K)->60575K(61504K) NonClass: 53005K(53504K)->53005K(53504K) Class: 7570K(8000K)->7570K(8000K)
[52.235s][info][gc             ] GC(489) Pause Young (Allocation Failure) 293M->142M(502M) 1.353ms
[52.235s][info][gc,cpu         ] GC(489) User=0.00s Sys=0.00s Real=0.00s
[52.339s][info][gc,start       ] GC(490) Pause Young (Allocation Failure)
[52.341s][info][gc,heap        ] GC(490) PSYoungGen: 155808K(164352K)->192K(164352K) Eden: 155648K(155648K)->0K(155648K) From: 160K(8704K)->192K(8704K)
[52.341s][info][gc,heap        ] GC(490) ParOldGen: 146159K(349696K)->146167K(349696K)
[52.341s][info][gc,metaspace   ] GC(490) Metaspace: 60575K(61504K)->60575K(61504K) NonClass: 53005K(53504K)->53005K(53504K) Class: 7570K(8000K)->7570K(8000K)
[52.341s][info][gc             ] GC(490) Pause Young (Allocation Failure) 294M->142M(502M) 1.467ms
[52.341s][info][gc,cpu         ] GC(490) User=0.00s Sys=0.00s Real=0.00s
[52.447s][info][gc,start       ] GC(491) Pause Young (Allocation Failure)
[52.449s][info][gc,heap        ] GC(491) PSYoungGen: 155840K(164352K)->224K(165376K) Eden: 155648K(155648K)->0K(157696K) From: 192K(8704K)->224K(7680K)
[52.449s][info][gc,heap        ] GC(491) ParOldGen: 146167K(349696K)->146175K(349696K)
[52.449s][info][gc,metaspace   ] GC(491) Metaspace: 60575K(61504K)->60575K(61504K) NonClass: 53005K(53504K)->53005K(53504K) Class: 7570K(8000K)->7570K(8000K)
[52.449s][info][gc             ] GC(491) Pause Young (Allocation Failure) 294M->142M(503M) 1.411ms
[52.449s][info][gc,cpu         ] GC(491) User=0.00s Sys=0.00s Real=0.00s
[52.493s][info][gc,start       ] GC(492) Pause Young (System.gc())
[52.494s][info][gc,heap        ] GC(492) PSYoungGen: 44658K(165376K)->384K(158208K) Eden: 44434K(157696K)->0K(157696K) From: 224K(7680K)->384K(512K)
[52.494s][info][gc,heap        ] GC(492) ParOldGen: 146175K(349696K)->146199K(349696K)
[52.494s][info][gc,metaspace   ] GC(492) Metaspace: 60601K(61504K)->60601K(61504K) NonClass: 53031K(53504K)->53031K(53504K) Class: 7570K(8000K)->7570K(8000K)
[52.494s][info][gc             ] GC(492) Pause Young (System.gc()) 186M->143M(496M) 1.382ms
[52.494s][info][gc,cpu         ] GC(492) User=0.00s Sys=0.00s Real=0.00s
[52.495s][info][gc,start       ] GC(493) Pause Full (System.gc())
[52.495s][info][gc,phases,start] GC(493) Marking Phase
[52.589s][info][gc,phases      ] GC(493) Marking Phase 94.621ms
[52.628s][info][gc,phases,start] GC(493) Summary Phase
[52.628s][info][gc,phases      ] GC(493) Summary Phase 0.061ms
[52.628s][info][gc,phases,start] GC(493) Adjust Roots
[52.643s][info][gc,phases      ] GC(493) Adjust Roots 15.008ms
[52.643s][info][gc,phases,start] GC(493) Compaction Phase
[52.671s][info][gc,phases      ] GC(493) Compaction Phase 27.800ms
[52.671s][info][gc,phases,start] GC(493) Post Compact
[52.672s][info][gc,phases      ] GC(493) Post Compact 1.096ms
[52.672s][info][gc,heap        ] GC(493) PSYoungGen: 384K(158208K)->0K(158208K) Eden: 0K(157696K)->0K(157696K) From: 384K(512K)->0K(512K)
[52.672s][info][gc,heap        ] GC(493) ParOldGen: 146199K(349696K)->101848K(349696K)
[52.672s][info][gc,metaspace   ] GC(493) Metaspace: 60601K(61504K)->60601K(61504K) NonClass: 53031K(53504K)->53031K(53504K) Class: 7570K(8000K)->7570K(8000K)
[52.672s][info][gc             ] GC(493) Pause Full (System.gc()) 143M->99M(496M) 177.292ms
[52.672s][info][gc,cpu         ] GC(493) User=1.09s Sys=0.00s Real=0.17s
[52.796s][info][gc,start       ] GC(494) Pause Young (Allocation Failure)
[52.804s][info][gc,heap        ] GC(494) PSYoungGen: 157696K(158208K)->4480K(164352K) Eden: 157696K(157696K)->0K(157184K) From: 0K(512K)->4480K(7168K)
[52.804s][info][gc,heap        ] GC(494) ParOldGen: 101848K(349696K)->101856K(349696K)
[52.804s][info][gc,metaspace   ] GC(494) Metaspace: 60660K(61568K)->60660K(61568K) NonClass: 53090K(53568K)->53090K(53568K) Class: 7570K(8000K)->7570K(8000K)
[52.804s][info][gc             ] GC(494) Pause Young (Allocation Failure) 253M->103M(502M) 8.785ms
[52.805s][info][gc,cpu         ] GC(494) User=0.00s Sys=0.00s Real=0.00s
[52.863s][info][gc,start       ] GC(495) Pause Young (Allocation Failure)
[52.871s][info][gc,heap        ] GC(495) PSYoungGen: 161664K(164352K)->7168K(164864K) Eden: 157184K(157184K)->0K(157184K) From: 4480K(7168K)->7168K(7680K)
[52.871s][info][gc,heap        ] GC(495) ParOldGen: 101856K(349696K)->105384K(349696K)
[52.871s][info][gc,metaspace   ] GC(495) Metaspace: 60660K(61568K)->60660K(61568K) NonClass: 53090K(53568K)->53090K(53568K) Class: 7570K(8000K)->7570K(8000K)
[52.871s][info][gc             ] GC(495) Pause Young (Allocation Failure) 257M->109M(502M) 8.706ms
[52.871s][info][gc,cpu         ] GC(495) User=0.19s Sys=0.00s Real=0.02s
[52.923s][info][gc,start       ] GC(496) Pause Young (Allocation Failure)
[52.939s][info][gc,heap        ] GC(496) PSYoungGen: 164352K(164864K)->8000K(162304K) Eden: 157184K(157184K)->0K(153088K) From: 7168K(7680K)->8000K(9216K)
[52.939s][info][gc,heap        ] GC(496) ParOldGen: 105384K(349696K)->111912K(349696K)
[52.939s][info][gc,metaspace   ] GC(496) Metaspace: 60660K(61568K)->60660K(61568K) NonClass: 53090K(53568K)->53090K(53568K) Class: 7570K(8000K)->7570K(8000K)
[52.939s][info][gc             ] GC(496) Pause Young (Allocation Failure) 263M->117M(500M) 16.252ms
[52.939s][info][gc,cpu         ] GC(496) User=0.03s Sys=0.00s Real=0.02s
[52.987s][info][gc,start       ] GC(497) Pause Young (Allocation Failure)
[53.001s][info][gc,heap        ] GC(497) PSYoungGen: 161088K(162304K)->7104K(160256K) Eden: 153088K(153088K)->0K(153088K) From: 8000K(9216K)->7104K(7168K)
[53.002s][info][gc,heap        ] GC(497) ParOldGen: 111912K(349696K)->119848K(349696K)
[53.002s][info][gc,metaspace   ] GC(497) Metaspace: 60660K(61568K)->60660K(61568K) NonClass: 53090K(53568K)->53090K(53568K) Class: 7570K(8000K)->7570K(8000K)
[53.002s][info][gc             ] GC(497) Pause Young (Allocation Failure) 266M->123M(498M) 14.643ms
[53.002s][info][gc,cpu         ] GC(497) User=0.16s Sys=0.00s Real=0.02s
[53.051s][info][gc,start       ] GC(498) Pause Young (Allocation Failure)
[53.066s][info][gc,heap        ] GC(498) PSYoungGen: 160192K(160256K)->8512K(160768K) Eden: 153088K(153088K)->0K(148992K) From: 7104K(7168K)->8512K(11776K)
[53.066s][info][gc,heap        ] GC(498) ParOldGen: 119848K(349696K)->126816K(349696K)
[53.066s][info][gc,metaspace   ] GC(498) Metaspace: 60660K(61568K)->60660K(61568K) NonClass: 53090K(53568K)->53090K(53568K) Class: 7570K(8000K)->7570K(8000K)
[53.066s][info][gc             ] GC(498) Pause Young (Allocation Failure) 273M->132M(498M) 15.160ms
[53.066s][info][gc,cpu         ] GC(498) User=0.17s Sys=0.00s Real=0.02s
[53.109s][info][gc,start       ] GC(499) Pause Young (Allocation Failure)
[53.126s][info][gc,heap        ] GC(499) PSYoungGen: 157504K(160768K)->6208K(161792K) Eden: 148992K(148992K)->0K(148992K) From: 8512K(11776K)->6208K(12800K)
[53.126s][info][gc,heap        ] GC(499) ParOldGen: 126816K(349696K)->135216K(349696K)
[53.126s][info][gc,metaspace   ] GC(499) Metaspace: 60660K(61568K)->60660K(61568K) NonClass: 53090K(53568K)->53090K(53568K) Class: 7570K(8000K)->7570K(8000K)
[53.126s][info][gc             ] GC(499) Pause Young (Allocation Failure) 277M->138M(499M) 17.427ms
[53.126s][info][gc,cpu         ] GC(499) User=0.05s Sys=0.00s Real=0.02s
[53.171s][info][gc,start       ] GC(500) Pause Young (Allocation Failure)
[53.207s][info][gc,heap        ] GC(500) PSYoungGen: 155200K(161792K)->4800K(160768K) Eden: 148992K(148992K)->0K(148992K) From: 6208K(12800K)->4800K(11776K)
[53.207s][info][gc,heap        ] GC(500) ParOldGen: 135216K(349696K)->141368K(349696K)
[53.207s][info][gc,metaspace   ] GC(500) Metaspace: 60661K(61568K)->60661K(61568K) NonClass: 53091K(53568K)->53091K(53568K) Class: 7570K(8000K)->7570K(8000K)
[53.207s][info][gc             ] GC(500) Pause Young (Allocation Failure) 283M->142M(498M) 36.073ms
[53.207s][info][gc,cpu         ] GC(500) User=0.38s Sys=0.00s Real=0.03s
[53.257s][info][gc,start       ] GC(501) Pause Young (Allocation Failure)
[53.276s][info][gc,heap        ] GC(501) PSYoungGen: 153792K(160768K)->160K(161280K) Eden: 148992K(148992K)->0K(148992K) From: 4800K(11776K)->160K(12288K)
[53.276s][info][gc,heap        ] GC(501) ParOldGen: 141368K(349696K)->146040K(349696K)
[53.276s][info][gc,metaspace   ] GC(501) Metaspace: 60661K(61568K)->60661K(61568K) NonClass: 53091K(53568K)->53091K(53568K) Class: 7570K(8000K)->7570K(8000K)
[53.276s][info][gc             ] GC(501) Pause Young (Allocation Failure) 288M->142M(499M) 19.513ms
[53.276s][info][gc,cpu         ] GC(501) User=0.34s Sys=0.00s Real=0.03s
[53.326s][info][gc,start       ] GC(502) Pause Young (Allocation Failure)
[53.327s][info][gc,heap        ] GC(502) PSYoungGen: 149152K(161280K)->256K(161280K) Eden: 148992K(148992K)->0K(150016K) From: 160K(12288K)->256K(11264K)
[53.327s][info][gc,heap        ] GC(502) ParOldGen: 146040K(349696K)->146048K(349696K)
[53.327s][info][gc,metaspace   ] GC(502) Metaspace: 60661K(61568K)->60661K(61568K) NonClass: 53091K(53568K)->53091K(53568K) Class: 7570K(8000K)->7570K(8000K)
[53.327s][info][gc             ] GC(502) Pause Young (Allocation Failure) 288M->142M(499M) 1.399ms
[53.327s][info][gc,cpu         ] GC(502) User=0.00s Sys=0.00s Real=0.00s
[53.382s][info][gc,start       ] GC(503) Pause Young (Allocation Failure)
[53.383s][info][gc,heap        ] GC(503) PSYoungGen: 150272K(161280K)->288K(161792K) Eden: 150016K(150016K)->0K(150016K) From: 256K(11264K)->288K(11776K)
[53.383s][info][gc,heap        ] GC(503) ParOldGen: 146048K(349696K)->146048K(349696K)
[53.383s][info][gc,metaspace   ] GC(503) Metaspace: 60661K(61568K)->60661K(61568K) NonClass: 53091K(53568K)->53091K(53568K) Class: 7570K(8000K)->7570K(8000K)
[53.383s][info][gc             ] GC(503) Pause Young (Allocation Failure) 289M->142M(499M) 1.411ms
[53.383s][info][gc,cpu         ] GC(503) User=0.00s Sys=0.02s Real=0.02s
[53.430s][info][gc,start       ] GC(504) Pause Young (Allocation Failure)
[53.431s][info][gc,heap        ] GC(504) PSYoungGen: 150304K(161792K)->224K(161792K) Eden: 150016K(150016K)->0K(151040K) From: 288K(11776K)->224K(10752K)
[53.431s][info][gc,heap        ] GC(504) ParOldGen: 146048K(349696K)->146064K(349696K)
[53.431s][info][gc,metaspace   ] GC(504) Metaspace: 60661K(61568K)->60661K(61568K) NonClass: 53091K(53568K)->53091K(53568K) Class: 7570K(8000K)->7570K(8000K)
[53.431s][info][gc             ] GC(504) Pause Young (Allocation Failure) 289M->142M(499M) 1.354ms
[53.431s][info][gc,cpu         ] GC(504) User=0.19s Sys=0.00s Real=0.02s
[53.486s][info][gc,start       ] GC(505) Pause Young (Allocation Failure)
[53.487s][info][gc,heap        ] GC(505) PSYoungGen: 151264K(161792K)->224K(162304K) Eden: 151040K(151040K)->0K(151040K) From: 224K(10752K)->224K(11264K)
[53.487s][info][gc,heap        ] GC(505) ParOldGen: 146064K(349696K)->146080K(349696K)
[53.487s][info][gc,metaspace   ] GC(505) Metaspace: 60661K(61568K)->60661K(61568K) NonClass: 53091K(53568K)->53091K(53568K) Class: 7570K(8000K)->7570K(8000K)
[53.488s][info][gc             ] GC(505) Pause Young (Allocation Failure) 290M->142M(500M) 1.422ms
[53.488s][info][gc,cpu         ] GC(505) User=0.00s Sys=0.00s Real=0.00s
[53.543s][info][gc,start       ] GC(506) Pause Young (Allocation Failure)
[53.544s][info][gc,heap        ] GC(506) PSYoungGen: 151264K(162304K)->288K(162304K) Eden: 151040K(151040K)->0K(152576K) From: 224K(11264K)->288K(9728K)
[53.544s][info][gc,heap        ] GC(506) ParOldGen: 146080K(349696K)->146096K(349696K)
[53.545s][info][gc,metaspace   ] GC(506) Metaspace: 60661K(61568K)->60661K(61568K) NonClass: 53091K(53568K)->53091K(53568K) Class: 7570K(8000K)->7570K(8000K)
[53.545s][info][gc             ] GC(506) Pause Young (Allocation Failure) 290M->142M(500M) 1.497ms
[53.545s][info][gc,cpu         ] GC(506) User=0.00s Sys=0.00s Real=0.00s
[53.637s][info][gc,start       ] GC(507) Pause Young (Allocation Failure)
[53.638s][info][gc,heap        ] GC(507) PSYoungGen: 152864K(162304K)->352K(162816K) Eden: 152576K(152576K)->0K(152576K) From: 288K(9728K)->352K(10240K)
[53.638s][info][gc,heap        ] GC(507) ParOldGen: 146096K(349696K)->146104K(349696K)
[53.638s][info][gc,metaspace   ] GC(507) Metaspace: 60661K(61568K)->60661K(61568K) NonClass: 53091K(53568K)->53091K(53568K) Class: 7570K(8000K)->7570K(8000K)
[53.638s][info][gc             ] GC(507) Pause Young (Allocation Failure) 291M->143M(500M) 1.439ms
[53.638s][info][gc,cpu         ] GC(507) User=0.00s Sys=0.00s Real=0.00s
[53.741s][info][gc,start       ] GC(508) Pause Young (Allocation Failure)
[53.743s][info][gc,heap        ] GC(508) PSYoungGen: 152928K(162816K)->192K(164352K) Eden: 152576K(152576K)->0K(154624K) From: 352K(10240K)->192K(9728K)
[53.743s][info][gc,heap        ] GC(508) ParOldGen: 146104K(349696K)->146192K(349696K)
[53.743s][info][gc,metaspace   ] GC(508) Metaspace: 60661K(61568K)->60661K(61568K) NonClass: 53091K(53568K)->53091K(53568K) Class: 7570K(8000K)->7570K(8000K)
[53.743s][info][gc             ] GC(508) Pause Young (Allocation Failure) 292M->142M(502M) 1.634ms
[53.743s][info][gc,cpu         ] GC(508) User=0.52s Sys=0.00s Real=0.02s
[53.849s][info][gc,start       ] GC(509) Pause Young (Allocation Failure)
[53.850s][info][gc,heap        ] GC(509) PSYoungGen: 154816K(164352K)->192K(164352K) Eden: 154624K(154624K)->0K(154624K) From: 192K(9728K)->192K(9728K)
[53.850s][info][gc,heap        ] GC(509) ParOldGen: 146192K(349696K)->146208K(349696K)
[53.850s][info][gc,metaspace   ] GC(509) Metaspace: 60661K(61568K)->60661K(61568K) NonClass: 53091K(53568K)->53091K(53568K) Class: 7570K(8000K)->7570K(8000K)
[53.850s][info][gc             ] GC(509) Pause Young (Allocation Failure) 293M->142M(502M) 1.428ms
[53.850s][info][gc,cpu         ] GC(509) User=0.00s Sys=0.00s Real=0.00s
[53.939s][info][gc,start       ] GC(510) Pause Young (Allocation Failure)
[53.941s][info][gc,heap        ] GC(510) PSYoungGen: 154816K(164352K)->160K(164352K) Eden: 154624K(154624K)->0K(155648K) From: 192K(9728K)->160K(8704K)
[53.941s][info][gc,heap        ] GC(510) ParOldGen: 146208K(349696K)->146216K(349696K)
[53.941s][info][gc,metaspace   ] GC(510) Metaspace: 60661K(61568K)->60661K(61568K) NonClass: 53091K(53568K)->53091K(53568K) Class: 7570K(8000K)->7570K(8000K)
[53.941s][info][gc             ] GC(510) Pause Young (Allocation Failure) 293M->142M(502M) 1.333ms
[53.941s][info][gc,cpu         ] GC(510) User=0.00s Sys=0.00s Real=0.00s
[54.048s][info][gc,start       ] GC(511) Pause Young (Allocation Failure)
[54.049s][info][gc,heap        ] GC(511) PSYoungGen: 155808K(164352K)->160K(164352K) Eden: 155648K(155648K)->0K(155648K) From: 160K(8704K)->160K(8704K)
[54.049s][info][gc,heap        ] GC(511) ParOldGen: 146216K(349696K)->146224K(349696K)
[54.049s][info][gc,metaspace   ] GC(511) Metaspace: 60661K(61568K)->60661K(61568K) NonClass: 53091K(53568K)->53091K(53568K) Class: 7570K(8000K)->7570K(8000K)
[54.049s][info][gc             ] GC(511) Pause Young (Allocation Failure) 294M->142M(502M) 1.338ms
[54.049s][info][gc,cpu         ] GC(511) User=0.00s Sys=0.00s Real=0.00s
[54.139s][info][gc,start       ] GC(512) Pause Young (Allocation Failure)
[54.140s][info][gc,heap        ] GC(512) PSYoungGen: 155808K(164352K)->224K(165376K) Eden: 155648K(155648K)->0K(157696K) From: 160K(8704K)->224K(7680K)
[54.140s][info][gc,heap        ] GC(512) ParOldGen: 146224K(349696K)->146232K(349696K)
[54.140s][info][gc,metaspace   ] GC(512) Metaspace: 60661K(61568K)->60661K(61568K) NonClass: 53091K(53568K)->53091K(53568K) Class: 7570K(8000K)->7570K(8000K)
[54.141s][info][gc             ] GC(512) Pause Young (Allocation Failure) 294M->143M(503M) 1.463ms
[54.141s][info][gc,cpu         ] GC(512) User=0.00s Sys=0.00s Real=0.00s
[54.204s][info][gc,start       ] GC(513) Pause Young (System.gc())
[54.206s][info][gc,heap        ] GC(513) PSYoungGen: 48529K(165376K)->384K(158208K) Eden: 48305K(157696K)->0K(157696K) From: 224K(7680K)->384K(512K)
[54.206s][info][gc,heap        ] GC(513) ParOldGen: 146232K(349696K)->146248K(349696K)
[54.206s][info][gc,metaspace   ] GC(513) Metaspace: 60667K(61568K)->60667K(61568K) NonClass: 53097K(53568K)->53097K(53568K) Class: 7570K(8000K)->7570K(8000K)
[54.206s][info][gc             ] GC(513) Pause Young (System.gc()) 190M->143M(496M) 1.844ms
[54.206s][info][gc,cpu         ] GC(513) User=0.00s Sys=0.00s Real=0.00s
[54.206s][info][gc,start       ] GC(514) Pause Full (System.gc())
[54.206s][info][gc,phases,start] GC(514) Marking Phase
[54.295s][info][gc,phases      ] GC(514) Marking Phase 88.751ms
[54.295s][info][gc,phases,start] GC(514) Summary Phase
[54.295s][info][gc,phases      ] GC(514) Summary Phase 0.016ms
[54.295s][info][gc,phases,start] GC(514) Adjust Roots
[54.304s][info][gc,phases      ] GC(514) Adjust Roots 8.943ms
[54.304s][info][gc,phases,start] GC(514) Compaction Phase
[54.331s][info][gc,phases      ] GC(514) Compaction Phase 26.424ms
[54.331s][info][gc,phases,start] GC(514) Post Compact
[54.332s][info][gc,phases      ] GC(514) Post Compact 1.025ms
[54.332s][info][gc,heap        ] GC(514) PSYoungGen: 384K(158208K)->0K(158208K) Eden: 0K(157696K)->0K(157696K) From: 384K(512K)->0K(512K)
[54.332s][info][gc,heap        ] GC(514) ParOldGen: 146248K(349696K)->101883K(349696K)
[54.332s][info][gc,metaspace   ] GC(514) Metaspace: 60667K(61568K)->60667K(61568K) NonClass: 53097K(53568K)->53097K(53568K) Class: 7570K(8000K)->7570K(8000K)
[54.332s][info][gc             ] GC(514) Pause Full (System.gc()) 143M->99M(496M) 125.591ms
[54.332s][info][gc,cpu         ] GC(514) User=1.08s Sys=0.00s Real=0.13s
[54.461s][info][gc,start       ] GC(515) Pause Young (Allocation Failure)
[54.470s][info][gc,heap        ] GC(515) PSYoungGen: 157696K(158208K)->4000K(164352K) Eden: 157696K(157696K)->0K(157184K) From: 0K(512K)->4000K(7168K)
[54.470s][info][gc,heap        ] GC(515) ParOldGen: 101883K(349696K)->101883K(349696K)
[54.470s][info][gc,metaspace   ] GC(515) Metaspace: 60710K(61632K)->60710K(61632K) NonClass: 53140K(53632K)->53140K(53632K) Class: 7570K(8000K)->7570K(8000K)
[54.470s][info][gc             ] GC(515) Pause Young (Allocation Failure) 253M->103M(502M) 9.115ms
[54.470s][info][gc,cpu         ] GC(515) User=0.02s Sys=0.00s Real=0.02s
[54.520s][info][gc,start       ] GC(516) Pause Young (Allocation Failure)
[54.530s][info][gc,heap        ] GC(516) PSYoungGen: 161184K(164352K)->6496K(164864K) Eden: 157184K(157184K)->0K(157184K) From: 4000K(7168K)->6496K(7680K)
[54.530s][info][gc,heap        ] GC(516) ParOldGen: 101883K(349696K)->105468K(349696K)
[54.530s][info][gc,metaspace   ] GC(516) Metaspace: 60710K(61632K)->60710K(61632K) NonClass: 53140K(53632K)->53140K(53632K) Class: 7570K(8000K)->7570K(8000K)
[54.530s][info][gc             ] GC(516) Pause Young (Allocation Failure) 256M->109M(502M) 10.133ms
[54.531s][info][gc,cpu         ] GC(516) User=0.03s Sys=0.00s Real=0.02s
[54.584s][info][gc,start       ] GC(517) Pause Young (Allocation Failure)
[54.596s][info][gc,heap        ] GC(517) PSYoungGen: 163680K(164864K)->6336K(163840K) Eden: 157184K(157184K)->0K(155136K) From: 6496K(7680K)->6336K(8704K)
[54.596s][info][gc,heap        ] GC(517) ParOldGen: 105468K(349696K)->111316K(349696K)
[54.596s][info][gc,metaspace   ] GC(517) Metaspace: 60710K(61632K)->60710K(61632K) NonClass: 53140K(53632K)->53140K(53632K) Class: 7570K(8000K)->7570K(8000K)
[54.596s][info][gc             ] GC(517) Pause Young (Allocation Failure) 262M->114M(501M) 12.131ms
[54.596s][info][gc,cpu         ] GC(517) User=0.03s Sys=0.00s Real=0.02s
[54.654s][info][gc,start       ] GC(518) Pause Young (Allocation Failure)
[54.671s][info][gc,heap        ] GC(518) PSYoungGen: 161472K(163840K)->6880K(162304K) Eden: 155136K(155136K)->0K(155136K) From: 6336K(8704K)->6880K(7168K)
[54.671s][info][gc,heap        ] GC(518) ParOldGen: 111316K(349696K)->117516K(349696K)
[54.671s][info][gc,metaspace   ] GC(518) Metaspace: 60710K(61632K)->60710K(61632K) NonClass: 53140K(53632K)->53140K(53632K) Class: 7570K(8000K)->7570K(8000K)
[54.671s][info][gc             ] GC(518) Pause Young (Allocation Failure) 266M->121M(500M) 17.321ms
[54.671s][info][gc,cpu         ] GC(518) User=0.03s Sys=0.00s Real=0.02s
[54.724s][info][gc,start       ] GC(519) Pause Young (Allocation Failure)
[54.738s][info][gc,heap        ] GC(519) PSYoungGen: 162016K(162304K)->8864K(160768K) Eden: 155136K(155136K)->0K(150016K) From: 6880K(7168K)->8864K(10752K)
[54.739s][info][gc,heap        ] GC(519) ParOldGen: 117516K(349696K)->124292K(349696K)
[54.739s][info][gc,metaspace   ] GC(519) Metaspace: 60710K(61632K)->60710K(61632K) NonClass: 53140K(53632K)->53140K(53632K) Class: 7570K(8000K)->7570K(8000K)
[54.739s][info][gc             ] GC(519) Pause Young (Allocation Failure) 272M->130M(498M) 14.764ms
[54.739s][info][gc,cpu         ] GC(519) User=0.19s Sys=0.00s Real=0.02s
[54.789s][info][gc,start       ] GC(520) Pause Young (Allocation Failure)
[54.804s][info][gc,heap        ] GC(520) PSYoungGen: 158880K(160768K)->7424K(157696K) Eden: 150016K(150016K)->0K(150016K) From: 8864K(10752K)->7424K(7680K)
[54.804s][info][gc,heap        ] GC(520) ParOldGen: 124292K(349696K)->133020K(349696K)
[54.804s][info][gc,metaspace   ] GC(520) Metaspace: 60710K(61632K)->60710K(61632K) NonClass: 53140K(53632K)->53140K(53632K) Class: 7570K(8000K)->7570K(8000K)
[54.804s][info][gc             ] GC(520) Pause Young (Allocation Failure) 276M->137M(495M) 15.089ms
[54.804s][info][gc,cpu         ] GC(520) User=0.00s Sys=0.02s Real=0.02s
[54.852s][info][gc,start       ] GC(521) Pause Young (Allocation Failure)
[54.891s][info][gc,heap        ] GC(521) PSYoungGen: 157440K(157696K)->5760K(161792K) Eden: 150016K(150016K)->0K(148992K) From: 7424K(7680K)->5760K(12800K)
[54.891s][info][gc,heap        ] GC(521) ParOldGen: 133020K(349696K)->140316K(349696K)
[54.891s][info][gc,metaspace   ] GC(521) Metaspace: 60711K(61632K)->60711K(61632K) NonClass: 53140K(53632K)->53140K(53632K) Class: 7570K(8000K)->7570K(8000K)
[54.891s][info][gc             ] GC(521) Pause Young (Allocation Failure) 283M->142M(499M) 39.337ms
[54.892s][info][gc,cpu         ] GC(521) User=0.34s Sys=0.00s Real=0.03s
[54.939s][info][gc,start       ] GC(522) Pause Young (Allocation Failure)
[54.963s][info][gc,heap        ] GC(522) PSYoungGen: 154752K(161792K)->192K(149504K) Eden: 148992K(148992K)->0K(148992K) From: 5760K(12800K)->192K(512K)
[54.963s][info][gc,heap        ] GC(522) ParOldGen: 140316K(349696K)->146052K(349696K)
[54.963s][info][gc,metaspace   ] GC(522) Metaspace: 60711K(61632K)->60711K(61632K) NonClass: 53140K(53632K)->53140K(53632K) Class: 7570K(8000K)->7570K(8000K)
[54.964s][info][gc             ] GC(522) Pause Young (Allocation Failure) 288M->142M(487M) 24.889ms
[54.964s][info][gc,cpu         ] GC(522) User=0.38s Sys=0.00s Real=0.03s
[55.011s][info][gc,start       ] GC(523) Pause Young (Allocation Failure)
[55.012s][info][gc,heap        ] GC(523) PSYoungGen: 149184K(149504K)->224K(161280K) Eden: 148992K(148992K)->0K(148992K) From: 192K(512K)->224K(12288K)
[55.012s][info][gc,heap        ] GC(523) ParOldGen: 146052K(349696K)->146060K(349696K)
[55.012s][info][gc,metaspace   ] GC(523) Metaspace: 60711K(61632K)->60711K(61632K) NonClass: 53140K(53632K)->53140K(53632K) Class: 7570K(8000K)->7570K(8000K)
[55.012s][info][gc             ] GC(523) Pause Young (Allocation Failure) 288M->142M(499M) 1.358ms
[55.012s][info][gc,cpu         ] GC(523) User=0.00s Sys=0.00s Real=0.00s
[55.066s][info][gc,start       ] GC(524) Pause Young (Allocation Failure)
[55.067s][info][gc,heap        ] GC(524) PSYoungGen: 149216K(161280K)->192K(161280K) Eden: 148992K(148992K)->0K(148992K) From: 224K(12288K)->192K(12288K)
[55.067s][info][gc,heap        ] GC(524) ParOldGen: 146060K(349696K)->146068K(349696K)
[55.067s][info][gc,metaspace   ] GC(524) Metaspace: 60711K(61632K)->60711K(61632K) NonClass: 53140K(53632K)->53140K(53632K) Class: 7570K(8000K)->7570K(8000K)
[55.067s][info][gc             ] GC(524) Pause Young (Allocation Failure) 288M->142M(499M) 1.432ms
[55.067s][info][gc,cpu         ] GC(524) User=0.00s Sys=0.00s Real=0.00s
[55.122s][info][gc,start       ] GC(525) Pause Young (Allocation Failure)
[55.123s][info][gc,heap        ] GC(525) PSYoungGen: 149184K(161280K)->256K(161792K) Eden: 148992K(148992K)->0K(150528K) From: 192K(12288K)->256K(11264K)
[55.123s][info][gc,heap        ] GC(525) ParOldGen: 146068K(349696K)->146084K(349696K)
[55.123s][info][gc,metaspace   ] GC(525) Metaspace: 60711K(61632K)->60711K(61632K) NonClass: 53140K(53632K)->53140K(53632K) Class: 7570K(8000K)->7570K(8000K)
[55.123s][info][gc             ] GC(525) Pause Young (Allocation Failure) 288M->142M(499M) 0.759ms
[55.123s][info][gc,cpu         ] GC(525) User=0.00s Sys=0.00s Real=0.00s
[55.177s][info][gc,start       ] GC(526) Pause Young (Allocation Failure)
[55.178s][info][gc,heap        ] GC(526) PSYoungGen: 150784K(161792K)->256K(161792K) Eden: 150528K(150528K)->0K(150528K) From: 256K(11264K)->256K(11264K)
[55.178s][info][gc,heap        ] GC(526) ParOldGen: 146084K(349696K)->146092K(349696K)
[55.178s][info][gc,metaspace   ] GC(526) Metaspace: 60711K(61632K)->60711K(61632K) NonClass: 53140K(53632K)->53140K(53632K) Class: 7570K(8000K)->7570K(8000K)
[55.178s][info][gc             ] GC(526) Pause Young (Allocation Failure) 289M->142M(499M) 1.486ms
[55.178s][info][gc,cpu         ] GC(526) User=0.00s Sys=0.00s Real=0.00s
[55.248s][info][gc,start       ] GC(527) Pause Young (Allocation Failure)
[55.249s][info][gc,heap        ] GC(527) PSYoungGen: 150784K(161792K)->352K(162304K) Eden: 150528K(150528K)->0K(152064K) From: 256K(11264K)->352K(10240K)
[55.249s][info][gc,heap        ] GC(527) ParOldGen: 146092K(349696K)->146108K(349696K)
[55.249s][info][gc,metaspace   ] GC(527) Metaspace: 60711K(61632K)->60711K(61632K) NonClass: 53140K(53632K)->53140K(53632K) Class: 7570K(8000K)->7570K(8000K)
[55.249s][info][gc             ] GC(527) Pause Young (Allocation Failure) 289M->143M(500M) 1.605ms
[55.249s][info][gc,cpu         ] GC(527) User=0.00s Sys=0.00s Real=0.00s
[55.344s][info][gc,start       ] GC(528) Pause Young (Allocation Failure)
[55.345s][info][gc,heap        ] GC(528) PSYoungGen: 152416K(162304K)->160K(162816K) Eden: 152064K(152064K)->0K(152064K) From: 352K(10240K)->160K(10752K)
[55.345s][info][gc,heap        ] GC(528) ParOldGen: 146108K(349696K)->146196K(349696K)
[55.345s][info][gc,metaspace   ] GC(528) Metaspace: 60711K(61632K)->60711K(61632K) NonClass: 53140K(53632K)->53140K(53632K) Class: 7570K(8000K)->7570K(8000K)
[55.346s][info][gc             ] GC(528) Pause Young (Allocation Failure) 291M->142M(500M) 1.670ms
[55.346s][info][gc,cpu         ] GC(528) User=0.00s Sys=0.00s Real=0.00s
[55.450s][info][gc,start       ] GC(529) Pause Young (Allocation Failure)
[55.451s][info][gc,heap        ] GC(529) PSYoungGen: 152224K(162816K)->320K(162816K) Eden: 152064K(152064K)->0K(153600K) From: 160K(10752K)->320K(9216K)
[55.451s][info][gc,heap        ] GC(529) ParOldGen: 146196K(349696K)->146196K(349696K)
[55.451s][info][gc,metaspace   ] GC(529) Metaspace: 60711K(61632K)->60711K(61632K) NonClass: 53140K(53632K)->53140K(53632K) Class: 7570K(8000K)->7570K(8000K)
[55.451s][info][gc             ] GC(529) Pause Young (Allocation Failure) 291M->143M(500M) 1.392ms
[55.451s][info][gc,cpu         ] GC(529) User=0.00s Sys=0.00s Real=0.00s
[55.557s][info][gc,start       ] GC(530) Pause Young (Allocation Failure)
[55.558s][info][gc,heap        ] GC(530) PSYoungGen: 153920K(162816K)->128K(163328K) Eden: 153600K(153600K)->0K(153600K) From: 320K(9216K)->128K(9728K)
[55.558s][info][gc,heap        ] GC(530) ParOldGen: 146196K(349696K)->146204K(349696K)
[55.558s][info][gc,metaspace   ] GC(530) Metaspace: 60711K(61632K)->60711K(61632K) NonClass: 53140K(53632K)->53140K(53632K) Class: 7570K(8000K)->7570K(8000K)
[55.559s][info][gc             ] GC(530) Pause Young (Allocation Failure) 293M->142M(501M) 1.519ms
[55.559s][info][gc,cpu         ] GC(530) User=0.00s Sys=0.00s Real=0.00s
[55.648s][info][gc,start       ] GC(531) Pause Young (Allocation Failure)
[55.650s][info][gc,heap        ] GC(531) PSYoungGen: 153728K(163328K)->352K(163840K) Eden: 153600K(153600K)->0K(155648K) From: 128K(9728K)->352K(8192K)
[55.650s][info][gc,heap        ] GC(531) ParOldGen: 146204K(349696K)->146212K(349696K)
[55.650s][info][gc,metaspace   ] GC(531) Metaspace: 60714K(61632K)->60714K(61632K) NonClass: 53144K(53632K)->53144K(53632K) Class: 7570K(8000K)->7570K(8000K)
[55.650s][info][gc             ] GC(531) Pause Young (Allocation Failure) 292M->143M(501M) 1.685ms
[55.650s][info][gc,cpu         ] GC(531) User=0.00s Sys=0.00s Real=0.00s
[55.741s][info][gc,start       ] GC(532) Pause Young (Allocation Failure)
[55.743s][info][gc,heap        ] GC(532) PSYoungGen: 156000K(163840K)->352K(164352K) Eden: 155648K(155648K)->0K(155648K) From: 352K(8192K)->352K(8704K)
[55.743s][info][gc,heap        ] GC(532) ParOldGen: 146212K(349696K)->146300K(349696K)
[55.743s][info][gc,metaspace   ] GC(532) Metaspace: 60717K(61632K)->60717K(61632K) NonClass: 53147K(53632K)->53147K(53632K) Class: 7570K(8000K)->7570K(8000K)
[55.743s][info][gc             ] GC(532) Pause Young (Allocation Failure) 295M->143M(502M) 1.478ms
[55.743s][info][gc,cpu         ] GC(532) User=0.00s Sys=0.00s Real=0.00s
[55.850s][info][gc,start       ] GC(533) Pause Young (Allocation Failure)
[55.852s][info][gc,heap        ] GC(533) PSYoungGen: 156000K(164352K)->160K(164864K) Eden: 155648K(155648K)->0K(157696K) From: 352K(8704K)->160K(7168K)
[55.852s][info][gc,heap        ] GC(533) ParOldGen: 146300K(349696K)->146388K(349696K)
[55.852s][info][gc,metaspace   ] GC(533) Metaspace: 60717K(61632K)->60717K(61632K) NonClass: 53147K(53632K)->53147K(53632K) Class: 7570K(8000K)->7570K(8000K)
[55.852s][info][gc             ] GC(533) Pause Young (Allocation Failure) 295M->143M(502M) 1.472ms
[55.852s][info][gc,cpu         ] GC(533) User=0.00s Sys=0.00s Real=0.00s
[55.914s][info][gc,start       ] GC(534) Pause Young (System.gc())
[55.916s][info][gc,heap        ] GC(534) PSYoungGen: 46055K(164864K)->384K(158208K) Eden: 45895K(157696K)->0K(157696K) From: 160K(7168K)->384K(512K)
[55.916s][info][gc,heap        ] GC(534) ParOldGen: 146388K(349696K)->146396K(349696K)
[55.916s][info][gc,metaspace   ] GC(534) Metaspace: 60725K(61632K)->60725K(61632K) NonClass: 53155K(53632K)->53155K(53632K) Class: 7570K(8000K)->7570K(8000K)
[55.916s][info][gc             ] GC(534) Pause Young (System.gc()) 187M->143M(496M) 1.796ms
[55.916s][info][gc,cpu         ] GC(534) User=0.00s Sys=0.00s Real=0.00s
[55.916s][info][gc,start       ] GC(535) Pause Full (System.gc())
[55.917s][info][gc,phases,start] GC(535) Marking Phase
[56.000s][info][gc,phases      ] GC(535) Marking Phase 83.300ms
[56.000s][info][gc,phases,start] GC(535) Summary Phase
[56.000s][info][gc,phases      ] GC(535) Summary Phase 0.013ms
[56.000s][info][gc,phases,start] GC(535) Adjust Roots
[56.008s][info][gc,phases      ] GC(535) Adjust Roots 7.811ms
[56.008s][info][gc,phases,start] GC(535) Compaction Phase
[56.027s][info][gc,phases      ] GC(535) Compaction Phase 19.116ms
[56.027s][info][gc,phases,start] GC(535) Post Compact
[56.028s][info][gc,phases      ] GC(535) Post Compact 0.935ms
[56.028s][info][gc,heap        ] GC(535) PSYoungGen: 384K(158208K)->0K(158208K) Eden: 0K(157696K)->0K(157696K) From: 384K(512K)->0K(512K)
[56.028s][info][gc,heap        ] GC(535) ParOldGen: 146396K(349696K)->101910K(349696K)
[56.028s][info][gc,metaspace   ] GC(535) Metaspace: 60725K(61632K)->60725K(61632K) NonClass: 53155K(53632K)->53155K(53632K) Class: 7570K(8000K)->7570K(8000K)
[56.028s][info][gc             ] GC(535) Pause Full (System.gc()) 143M->99M(496M) 111.516ms
[56.028s][info][gc,cpu         ] GC(535) User=0.75s Sys=0.00s Real=0.11s
[56.152s][info][gc,start       ] GC(536) Pause Young (Allocation Failure)
[56.158s][info][gc,heap        ] GC(536) PSYoungGen: 157696K(158208K)->3968K(164352K) Eden: 157696K(157696K)->0K(157184K) From: 0K(512K)->3968K(7168K)
[56.158s][info][gc,heap        ] GC(536) ParOldGen: 101910K(349696K)->101910K(349696K)
[56.158s][info][gc,metaspace   ] GC(536) Metaspace: 60735K(61696K)->60735K(61696K) NonClass: 53165K(53696K)->53165K(53696K) Class: 7570K(8000K)->7570K(8000K)
[56.158s][info][gc             ] GC(536) Pause Young (Allocation Failure) 253M->103M(502M) 6.708ms
[56.158s][info][gc,cpu         ] GC(536) User=0.00s Sys=0.00s Real=0.00s
[56.213s][info][gc,start       ] GC(537) Pause Young (Allocation Failure)
[56.227s][info][gc,heap        ] GC(537) PSYoungGen: 161152K(164352K)->5504K(164864K) Eden: 157184K(157184K)->0K(157184K) From: 3968K(7168K)->5504K(7680K)
[56.227s][info][gc,heap        ] GC(537) ParOldGen: 101910K(349696K)->105460K(349696K)
[56.227s][info][gc,metaspace   ] GC(537) Metaspace: 60735K(61696K)->60735K(61696K) NonClass: 53165K(53696K)->53165K(53696K) Class: 7570K(8000K)->7570K(8000K)
[56.227s][info][gc             ] GC(537) Pause Young (Allocation Failure) 256M->108M(502M) 13.389ms
[56.227s][info][gc,cpu         ] GC(537) User=0.03s Sys=0.00s Real=0.02s
[56.276s][info][gc,start       ] GC(538) Pause Young (Allocation Failure)
[56.291s][info][gc,heap        ] GC(538) PSYoungGen: 162688K(164864K)->7104K(163840K) Eden: 157184K(157184K)->0K(155136K) From: 5504K(7680K)->7104K(8704K)
[56.291s][info][gc,heap        ] GC(538) ParOldGen: 105460K(349696K)->110228K(349696K)
[56.291s][info][gc,metaspace   ] GC(538) Metaspace: 60735K(61696K)->60735K(61696K) NonClass: 53165K(53696K)->53165K(53696K) Class: 7570K(8000K)->7570K(8000K)
[56.291s][info][gc             ] GC(538) Pause Young (Allocation Failure) 261M->114M(501M) 15.740ms
[56.292s][info][gc,cpu         ] GC(538) User=0.00s Sys=0.03s Real=0.02s
[56.341s][info][gc,start       ] GC(539) Pause Young (Allocation Failure)
[56.358s][info][gc,heap        ] GC(539) PSYoungGen: 162240K(163840K)->6752K(162304K) Eden: 155136K(155136K)->0K(155136K) From: 7104K(8704K)->6752K(7168K)
[56.358s][info][gc,heap        ] GC(539) ParOldGen: 110228K(349696K)->117132K(349696K)
[56.358s][info][gc,metaspace   ] GC(539) Metaspace: 60735K(61696K)->60735K(61696K) NonClass: 53165K(53696K)->53165K(53696K) Class: 7570K(8000K)->7570K(8000K)
[56.358s][info][gc             ] GC(539) Pause Young (Allocation Failure) 266M->120M(500M) 16.862ms
[56.358s][info][gc,cpu         ] GC(539) User=0.03s Sys=0.00s Real=0.02s
[56.412s][info][gc,start       ] GC(540) Pause Young (Allocation Failure)
[56.427s][info][gc,heap        ] GC(540) PSYoungGen: 161888K(162304K)->8992K(160768K) Eden: 155136K(155136K)->0K(150016K) From: 6752K(7168K)->8992K(10752K)
[56.427s][info][gc,heap        ] GC(540) ParOldGen: 117132K(349696K)->123788K(349696K)
[56.428s][info][gc,metaspace   ] GC(540) Metaspace: 60735K(61696K)->60735K(61696K) NonClass: 53165K(53696K)->53165K(53696K) Class: 7570K(8000K)->7570K(8000K)
[56.428s][info][gc             ] GC(540) Pause Young (Allocation Failure) 272M->129M(498M) 15.154ms
[56.428s][info][gc,cpu         ] GC(540) User=0.19s Sys=0.00s Real=0.02s
[56.473s][info][gc,start       ] GC(541) Pause Young (Allocation Failure)
[56.487s][info][gc,heap        ] GC(541) PSYoungGen: 159008K(160768K)->6112K(162304K) Eden: 150016K(150016K)->0K(150016K) From: 8992K(10752K)->6112K(12288K)
[56.487s][info][gc,heap        ] GC(541) ParOldGen: 123788K(349696K)->132676K(349696K)
[56.487s][info][gc,metaspace   ] GC(541) Metaspace: 60735K(61696K)->60735K(61696K) NonClass: 53165K(53696K)->53165K(53696K) Class: 7570K(8000K)->7570K(8000K)
[56.487s][info][gc             ] GC(541) Pause Young (Allocation Failure) 276M->135M(500M) 13.972ms
[56.487s][info][gc,cpu         ] GC(541) User=0.17s Sys=0.00s Real=0.02s
[56.539s][info][gc,start       ] GC(542) Pause Young (Allocation Failure)
[56.577s][info][gc,heap        ] GC(542) PSYoungGen: 156128K(162304K)->5280K(162304K) Eden: 150016K(150016K)->0K(150016K) From: 6112K(12288K)->5280K(12288K)
[56.577s][info][gc,heap        ] GC(542) ParOldGen: 132676K(349696K)->138652K(349696K)
[56.577s][info][gc,metaspace   ] GC(542) Metaspace: 60735K(61696K)->60735K(61696K) NonClass: 53165K(53696K)->53165K(53696K) Class: 7570K(8000K)->7570K(8000K)
[56.577s][info][gc             ] GC(542) Pause Young (Allocation Failure) 282M->140M(500M) 38.663ms
[56.577s][info][gc,cpu         ] GC(542) User=0.38s Sys=0.00s Real=0.03s
[56.625s][info][gc,start       ] GC(543) Pause Young (Allocation Failure)
[56.653s][info][gc,heap        ] GC(543) PSYoungGen: 155296K(162304K)->2560K(152576K) Eden: 150016K(150016K)->0K(150016K) From: 5280K(12288K)->2560K(2560K)
[56.654s][info][gc,heap        ] GC(543) ParOldGen: 138652K(349696K)->143756K(349696K)
[56.654s][info][gc,metaspace   ] GC(543) Metaspace: 60735K(61696K)->60735K(61696K) NonClass: 53165K(53696K)->53165K(53696K) Class: 7570K(8000K)->7570K(8000K)
[56.654s][info][gc             ] GC(543) Pause Young (Allocation Failure) 287M->142M(490M) 28.307ms
[56.654s][info][gc,cpu         ] GC(543) User=0.38s Sys=0.00s Real=0.03s
[56.702s][info][gc,start       ] GC(544) Pause Young (Allocation Failure)
[56.714s][info][gc,heap        ] GC(544) PSYoungGen: 152576K(152576K)->192K(162304K) Eden: 150016K(150016K)->0K(150528K) From: 2560K(2560K)->192K(11776K)
[56.714s][info][gc,heap        ] GC(544) ParOldGen: 143756K(349696K)->146140K(349696K)
[56.714s][info][gc,metaspace   ] GC(544) Metaspace: 60735K(61696K)->60735K(61696K) NonClass: 53165K(53696K)->53165K(53696K) Class: 7570K(8000K)->7570K(8000K)
[56.714s][info][gc             ] GC(544) Pause Young (Allocation Failure) 289M->142M(500M) 11.608ms
[56.714s][info][gc,cpu         ] GC(544) User=0.17s Sys=0.00s Real=0.02s
[56.761s][info][gc,start       ] GC(545) Pause Young (Allocation Failure)
[56.762s][info][gc,heap        ] GC(545) PSYoungGen: 150720K(162304K)->288K(161792K) Eden: 150528K(150528K)->0K(150528K) From: 192K(11776K)->288K(11264K)
[56.762s][info][gc,heap        ] GC(545) ParOldGen: 146140K(349696K)->146140K(349696K)
[56.762s][info][gc,metaspace   ] GC(545) Metaspace: 60735K(61696K)->60735K(61696K) NonClass: 53165K(53696K)->53165K(53696K) Class: 7570K(8000K)->7570K(8000K)
[56.762s][info][gc             ] GC(545) Pause Young (Allocation Failure) 289M->142M(499M) 1.382ms
[56.762s][info][gc,cpu         ] GC(545) User=0.00s Sys=0.00s Real=0.00s
[56.809s][info][gc,start       ] GC(546) Pause Young (Allocation Failure)
[56.810s][info][gc,heap        ] GC(546) PSYoungGen: 150816K(161792K)->256K(162816K) Eden: 150528K(150528K)->0K(152064K) From: 288K(11264K)->256K(10752K)
[56.810s][info][gc,heap        ] GC(546) ParOldGen: 146140K(349696K)->146156K(349696K)
[56.810s][info][gc,metaspace   ] GC(546) Metaspace: 60735K(61696K)->60735K(61696K) NonClass: 53165K(53696K)->53165K(53696K) Class: 7570K(8000K)->7570K(8000K)
[56.810s][info][gc             ] GC(546) Pause Young (Allocation Failure) 289M->142M(500M) 1.394ms
[56.810s][info][gc,cpu         ] GC(546) User=0.00s Sys=0.00s Real=0.00s
[56.857s][info][gc,start       ] GC(547) Pause Young (Allocation Failure)
[56.859s][info][gc,heap        ] GC(547) PSYoungGen: 152320K(162816K)->192K(162816K) Eden: 152064K(152064K)->0K(152064K) From: 256K(10752K)->192K(10752K)
[56.859s][info][gc,heap        ] GC(547) ParOldGen: 146156K(349696K)->146164K(349696K)
[56.859s][info][gc,metaspace   ] GC(547) Metaspace: 60735K(61696K)->60735K(61696K) NonClass: 53165K(53696K)->53165K(53696K) Class: 7570K(8000K)->7570K(8000K)
[56.859s][info][gc             ] GC(547) Pause Young (Allocation Failure) 291M->142M(500M) 1.366ms
[56.859s][info][gc,cpu         ] GC(547) User=0.00s Sys=0.00s Real=0.00s
[56.914s][info][gc,start       ] GC(548) Pause Young (Allocation Failure)
[56.915s][info][gc,heap        ] GC(548) PSYoungGen: 152256K(162816K)->352K(162816K) Eden: 152064K(152064K)->0K(153088K) From: 192K(10752K)->352K(9728K)
[56.915s][info][gc,heap        ] GC(548) ParOldGen: 146164K(349696K)->146172K(349696K)
[56.915s][info][gc,metaspace   ] GC(548) Metaspace: 60737K(61696K)->60737K(61696K) NonClass: 53167K(53696K)->53167K(53696K) Class: 7570K(8000K)->7570K(8000K)
[56.915s][info][gc             ] GC(548) Pause Young (Allocation Failure) 291M->143M(500M) 0.955ms
[56.915s][info][gc,cpu         ] GC(548) User=0.00s Sys=0.00s Real=0.00s
[57.009s][info][gc,start       ] GC(549) Pause Young (Allocation Failure)
[57.010s][info][gc,heap        ] GC(549) PSYoungGen: 153440K(162816K)->160K(163328K) Eden: 153088K(153088K)->0K(153088K) From: 352K(9728K)->160K(10240K)
[57.010s][info][gc,heap        ] GC(549) ParOldGen: 146172K(349696K)->146260K(349696K)
[57.010s][info][gc,metaspace   ] GC(549) Metaspace: 60737K(61696K)->60737K(61696K) NonClass: 53167K(53696K)->53167K(53696K) Class: 7570K(8000K)->7570K(8000K)
[57.010s][info][gc             ] GC(549) Pause Young (Allocation Failure) 292M->142M(501M) 1.306ms
[57.010s][info][gc,cpu         ] GC(549) User=0.00s Sys=0.00s Real=0.00s
[57.114s][info][gc,start       ] GC(550) Pause Young (Allocation Failure)
[57.116s][info][gc,heap        ] GC(550) PSYoungGen: 153248K(163328K)->192K(163328K) Eden: 153088K(153088K)->0K(154624K) From: 160K(10240K)->192K(8704K)
[57.116s][info][gc,heap        ] GC(550) ParOldGen: 146260K(349696K)->146260K(349696K)
[57.116s][info][gc,metaspace   ] GC(550) Metaspace: 60737K(61696K)->60737K(61696K) NonClass: 53167K(53696K)->53167K(53696K) Class: 7570K(8000K)->7570K(8000K)
[57.116s][info][gc             ] GC(550) Pause Young (Allocation Failure) 292M->143M(501M) 1.379ms
[57.116s][info][gc,cpu         ] GC(550) User=0.00s Sys=0.00s Real=0.00s
[57.222s][info][gc,start       ] GC(551) Pause Young (Allocation Failure)
[57.223s][info][gc,heap        ] GC(551) PSYoungGen: 154816K(163328K)->192K(163840K) Eden: 154624K(154624K)->0K(154624K) From: 192K(8704K)->192K(9216K)
[57.223s][info][gc,heap        ] GC(551) ParOldGen: 146260K(349696K)->146268K(349696K)
[57.223s][info][gc,metaspace   ] GC(551) Metaspace: 60737K(61696K)->60737K(61696K) NonClass: 53167K(53696K)->53167K(53696K) Class: 7570K(8000K)->7570K(8000K)
[57.223s][info][gc             ] GC(551) Pause Young (Allocation Failure) 294M->143M(501M) 1.429ms
[57.223s][info][gc,cpu         ] GC(551) User=0.00s Sys=0.00s Real=0.00s
[57.313s][info][gc,start       ] GC(552) Pause Young (Allocation Failure)
[57.313s][info][gc,heap        ] GC(552) PSYoungGen: 154816K(163840K)->224K(165376K) Eden: 154624K(154624K)->0K(156672K) From: 192K(9216K)->224K(8704K)
[57.313s][info][gc,heap        ] GC(552) ParOldGen: 146268K(349696K)->146276K(349696K)
[57.313s][info][gc,metaspace   ] GC(552) Metaspace: 60737K(61696K)->60737K(61696K) NonClass: 53167K(53696K)->53167K(53696K) Class: 7570K(8000K)->7570K(8000K)
[57.313s][info][gc             ] GC(552) Pause Young (Allocation Failure) 294M->143M(503M) 0.751ms
[57.313s][info][gc,cpu         ] GC(552) User=0.00s Sys=0.00s Real=0.00s
[57.419s][info][gc,start       ] GC(553) Pause Young (Allocation Failure)
[57.420s][info][gc,heap        ] GC(553) PSYoungGen: 156896K(165376K)->192K(165376K) Eden: 156672K(156672K)->0K(156672K) From: 224K(8704K)->192K(8704K)
[57.420s][info][gc,heap        ] GC(553) ParOldGen: 146276K(349696K)->146284K(349696K)
[57.420s][info][gc,metaspace   ] GC(553) Metaspace: 60737K(61696K)->60737K(61696K) NonClass: 53167K(53696K)->53167K(53696K) Class: 7570K(8000K)->7570K(8000K)
[57.420s][info][gc             ] GC(553) Pause Young (Allocation Failure) 296M->143M(503M) 1.388ms
[57.420s][info][gc,cpu         ] GC(553) User=0.00s Sys=0.00s Real=0.00s
[57.528s][info][gc,start       ] GC(554) Pause Young (Allocation Failure)
[57.529s][info][gc,heap        ] GC(554) PSYoungGen: 156864K(165376K)->192K(165376K) Eden: 156672K(156672K)->0K(157696K) From: 192K(8704K)->192K(7680K)
[57.529s][info][gc,heap        ] GC(554) ParOldGen: 146284K(349696K)->146292K(349696K)
[57.529s][info][gc,metaspace   ] GC(554) Metaspace: 60737K(61696K)->60737K(61696K) NonClass: 53167K(53696K)->53167K(53696K) Class: 7570K(8000K)->7570K(8000K)
[57.529s][info][gc             ] GC(554) Pause Young (Allocation Failure) 296M->143M(503M) 1.298ms
[57.529s][info][gc,cpu         ] GC(554) User=0.00s Sys=0.00s Real=0.00s
[57.587s][info][gc,start       ] GC(555) Pause Young (System.gc())
[57.589s][info][gc,heap        ] GC(555) PSYoungGen: 30886K(165376K)->384K(158208K) Eden: 30694K(157696K)->0K(157696K) From: 192K(7680K)->384K(512K)
[57.589s][info][gc,heap        ] GC(555) ParOldGen: 146292K(349696K)->146308K(349696K)
[57.589s][info][gc,metaspace   ] GC(555) Metaspace: 60754K(61696K)->60754K(61696K) NonClass: 53184K(53696K)->53184K(53696K) Class: 7570K(8000K)->7570K(8000K)
[57.589s][info][gc             ] GC(555) Pause Young (System.gc()) 173M->143M(496M) 1.763ms
[57.589s][info][gc,cpu         ] GC(555) User=0.00s Sys=0.00s Real=0.00s
[57.589s][info][gc,start       ] GC(556) Pause Full (System.gc())
[57.589s][info][gc,phases,start] GC(556) Marking Phase
[57.678s][info][gc,phases      ] GC(556) Marking Phase 88.645ms
[57.678s][info][gc,phases,start] GC(556) Summary Phase
[57.678s][info][gc,phases      ] GC(556) Summary Phase 0.013ms
[57.678s][info][gc,phases,start] GC(556) Adjust Roots
[57.686s][info][gc,phases      ] GC(556) Adjust Roots 7.882ms
[57.686s][info][gc,phases,start] GC(556) Compaction Phase
[57.705s][info][gc,phases      ] GC(556) Compaction Phase 19.118ms
[57.705s][info][gc,phases,start] GC(556) Post Compact
[57.706s][info][gc,phases      ] GC(556) Post Compact 0.859ms
[57.706s][info][gc,heap        ] GC(556) PSYoungGen: 384K(158208K)->0K(158208K) Eden: 0K(157696K)->0K(157696K) From: 384K(512K)->0K(512K)
[57.706s][info][gc,heap        ] GC(556) ParOldGen: 146308K(349696K)->101941K(349696K)
[57.706s][info][gc,metaspace   ] GC(556) Metaspace: 60754K(61696K)->60754K(61696K) NonClass: 53184K(53696K)->53184K(53696K) Class: 7570K(8000K)->7570K(8000K)
[57.706s][info][gc             ] GC(556) Pause Full (System.gc()) 143M->99M(496M) 116.772ms
[57.706s][info][gc,cpu         ] GC(556) User=1.13s Sys=0.00s Real=0.11s
[57.829s][info][gc,start       ] GC(557) Pause Young (Allocation Failure)
[57.836s][info][gc,heap        ] GC(557) PSYoungGen: 157696K(158208K)->4512K(164352K) Eden: 157696K(157696K)->0K(157184K) From: 0K(512K)->4512K(7168K)
[57.836s][info][gc,heap        ] GC(557) ParOldGen: 101941K(349696K)->101941K(349696K)
[57.836s][info][gc,metaspace   ] GC(557) Metaspace: 60793K(61760K)->60793K(61760K) NonClass: 53220K(53760K)->53220K(53760K) Class: 7572K(8000K)->7572K(8000K)
[57.836s][info][gc             ] GC(557) Pause Young (Allocation Failure) 253M->103M(502M) 6.344ms
[57.836s][info][gc,cpu         ] GC(557) User=0.03s Sys=0.00s Real=0.02s
[57.892s][info][gc,start       ] GC(558) Pause Young (Allocation Failure)
[57.903s][info][gc,heap        ] GC(558) PSYoungGen: 161696K(164352K)->5760K(164864K) Eden: 157184K(157184K)->0K(157184K) From: 4512K(7168K)->5760K(7680K)
[57.903s][info][gc,heap        ] GC(558) ParOldGen: 101941K(349696K)->105516K(349696K)
[57.903s][info][gc,metaspace   ] GC(558) Metaspace: 60797K(61760K)->60797K(61760K) NonClass: 53224K(53760K)->53224K(53760K) Class: 7572K(8000K)->7572K(8000K)
[57.903s][info][gc             ] GC(558) Pause Young (Allocation Failure) 257M->108M(502M) 11.315ms
[57.903s][info][gc,cpu         ] GC(558) User=0.03s Sys=0.00s Real=0.01s
[57.950s][info][gc,start       ] GC(559) Pause Young (Allocation Failure)
[57.966s][info][gc,heap        ] GC(559) PSYoungGen: 162944K(164864K)->7328K(162816K) Eden: 157184K(157184K)->0K(154112K) From: 5760K(7680K)->7328K(8704K)
[57.966s][info][gc,heap        ] GC(559) ParOldGen: 105516K(349696K)->110644K(349696K)
[57.966s][info][gc,metaspace   ] GC(559) Metaspace: 60797K(61760K)->60797K(61760K) NonClass: 53224K(53760K)->53224K(53760K) Class: 7572K(8000K)->7572K(8000K)
[57.966s][info][gc             ] GC(559) Pause Young (Allocation Failure) 262M->115M(500M) 15.908ms
[57.966s][info][gc,cpu         ] GC(559) User=0.03s Sys=0.00s Real=0.02s
[58.017s][info][gc,start       ] GC(560) Pause Young (Allocation Failure)
[58.031s][info][gc,heap        ] GC(560) PSYoungGen: 161440K(162816K)->7168K(161280K) Eden: 154112K(154112K)->0K(154112K) From: 7328K(8704K)->7168K(7168K)
[58.031s][info][gc,heap        ] GC(560) ParOldGen: 110644K(349696K)->117844K(349696K)
[58.031s][info][gc,metaspace   ] GC(560) Metaspace: 60797K(61760K)->60797K(61760K) NonClass: 53224K(53760K)->53224K(53760K) Class: 7572K(8000K)->7572K(8000K)
[58.031s][info][gc             ] GC(560) Pause Young (Allocation Failure) 265M->122M(499M) 13.988ms
[58.031s][info][gc,cpu         ] GC(560) User=0.19s Sys=0.00s Real=0.01s
[58.082s][info][gc,start       ] GC(561) Pause Young (Allocation Failure)
[58.098s][info][gc,heap        ] GC(561) PSYoungGen: 161280K(161280K)->8960K(161280K) Eden: 154112K(154112K)->0K(150016K) From: 7168K(7168K)->8960K(11264K)
[58.098s][info][gc,heap        ] GC(561) ParOldGen: 117844K(349696K)->124908K(349696K)
[58.098s][info][gc,metaspace   ] GC(561) Metaspace: 60797K(61760K)->60797K(61760K) NonClass: 53224K(53760K)->53224K(53760K) Class: 7572K(8000K)->7572K(8000K)
[58.098s][info][gc             ] GC(561) Pause Young (Allocation Failure) 272M->130M(499M) 16.591ms
[58.098s][info][gc,cpu         ] GC(561) User=0.17s Sys=0.00s Real=0.02s
[58.141s][info][gc,start       ] GC(562) Pause Young (Allocation Failure)
[58.158s][info][gc,heap        ] GC(562) PSYoungGen: 158976K(161280K)->6400K(156672K) Eden: 150016K(150016K)->0K(150016K) From: 8960K(11264K)->6400K(6656K)
[58.158s][info][gc,heap        ] GC(562) ParOldGen: 124908K(349696K)->133732K(349696K)
[58.158s][info][gc,metaspace   ] GC(562) Metaspace: 60797K(61760K)->60797K(61760K) NonClass: 53224K(53760K)->53224K(53760K) Class: 7572K(8000K)->7572K(8000K)
[58.158s][info][gc             ] GC(562) Pause Young (Allocation Failure) 277M->136M(494M) 16.551ms
[58.158s][info][gc,cpu         ] GC(562) User=0.05s Sys=0.00s Real=0.02s
[58.208s][info][gc,start       ] GC(563) Pause Young (Allocation Failure)
[58.245s][info][gc,heap        ] GC(563) PSYoungGen: 156416K(156672K)->6240K(161792K) Eden: 150016K(150016K)->0K(148992K) From: 6400K(6656K)->6240K(12800K)
[58.245s][info][gc,heap        ] GC(563) ParOldGen: 133732K(349696K)->140004K(349696K)
[58.246s][info][gc,metaspace   ] GC(563) Metaspace: 60802K(61760K)->60802K(61760K) NonClass: 53229K(53760K)->53229K(53760K) Class: 7572K(8000K)->7572K(8000K)
[58.246s][info][gc             ] GC(563) Pause Young (Allocation Failure) 283M->142M(499M) 37.638ms
[58.246s][info][gc,cpu         ] GC(563) User=0.52s Sys=0.00s Real=0.05s
[58.294s][info][gc,start       ] GC(564) Pause Young (Allocation Failure)
[58.320s][info][gc,heap        ] GC(564) PSYoungGen: 155232K(161792K)->160K(161792K) Eden: 148992K(148992K)->0K(148992K) From: 6240K(12800K)->160K(12800K)
[58.320s][info][gc,heap        ] GC(564) ParOldGen: 140004K(349696K)->146108K(349696K)
[58.320s][info][gc,metaspace   ] GC(564) Metaspace: 60802K(61760K)->60802K(61760K) NonClass: 53229K(53760K)->53229K(53760K) Class: 7572K(8000K)->7572K(8000K)
[58.320s][info][gc             ] GC(564) Pause Young (Allocation Failure) 288M->142M(499M) 26.168ms
[58.320s][info][gc,cpu         ] GC(564) User=0.38s Sys=0.00s Real=0.03s
[58.368s][info][gc,start       ] GC(565) Pause Young (Allocation Failure)
[58.369s][info][gc,heap        ] GC(565) PSYoungGen: 149152K(161792K)->288K(160768K) Eden: 148992K(148992K)->0K(148992K) From: 160K(12800K)->288K(11776K)
[58.369s][info][gc,heap        ] GC(565) ParOldGen: 146108K(349696K)->146116K(349696K)
[58.369s][info][gc,metaspace   ] GC(565) Metaspace: 60802K(61760K)->60802K(61760K) NonClass: 53229K(53760K)->53229K(53760K) Class: 7572K(8000K)->7572K(8000K)
[58.369s][info][gc             ] GC(565) Pause Young (Allocation Failure) 288M->142M(498M) 1.464ms
[58.369s][info][gc,cpu         ] GC(565) User=0.00s Sys=0.00s Real=0.00s
[58.416s][info][gc,start       ] GC(566) Pause Young (Allocation Failure)
[58.418s][info][gc,heap        ] GC(566) PSYoungGen: 149280K(160768K)->256K(161280K) Eden: 148992K(148992K)->0K(148992K) From: 288K(11776K)->256K(12288K)
[58.418s][info][gc,heap        ] GC(566) ParOldGen: 146116K(349696K)->146124K(349696K)
[58.418s][info][gc,metaspace   ] GC(566) Metaspace: 60802K(61760K)->60802K(61760K) NonClass: 53229K(53760K)->53229K(53760K) Class: 7572K(8000K)->7572K(8000K)
[58.418s][info][gc             ] GC(566) Pause Young (Allocation Failure) 288M->142M(499M) 1.439ms
[58.418s][info][gc,cpu         ] GC(566) User=0.00s Sys=0.00s Real=0.00s
[58.465s][info][gc,start       ] GC(567) Pause Young (Allocation Failure)
[58.466s][info][gc,heap        ] GC(567) PSYoungGen: 149248K(161280K)->192K(162304K) Eden: 148992K(148992K)->0K(150528K) From: 256K(12288K)->192K(11776K)
[58.466s][info][gc,heap        ] GC(567) ParOldGen: 146124K(349696K)->146140K(349696K)
[58.466s][info][gc,metaspace   ] GC(567) Metaspace: 60802K(61760K)->60802K(61760K) NonClass: 53229K(53760K)->53229K(53760K) Class: 7572K(8000K)->7572K(8000K)
[58.466s][info][gc             ] GC(567) Pause Young (Allocation Failure) 288M->142M(500M) 1.398ms
[58.466s][info][gc,cpu         ] GC(567) User=0.00s Sys=0.00s Real=0.00s
[58.521s][info][gc,start       ] GC(568) Pause Young (Allocation Failure)
[58.523s][info][gc,heap        ] GC(568) PSYoungGen: 150720K(162304K)->192K(162304K) Eden: 150528K(150528K)->0K(150528K) From: 192K(11776K)->192K(11776K)
[58.523s][info][gc,heap        ] GC(568) ParOldGen: 146140K(349696K)->146148K(349696K)
[58.523s][info][gc,metaspace   ] GC(568) Metaspace: 60802K(61760K)->60802K(61760K) NonClass: 53229K(53760K)->53229K(53760K) Class: 7572K(8000K)->7572K(8000K)
[58.523s][info][gc             ] GC(568) Pause Young (Allocation Failure) 289M->142M(500M) 1.319ms
[58.523s][info][gc,cpu         ] GC(568) User=0.17s Sys=0.02s Real=0.02s
[58.579s][info][gc,start       ] GC(569) Pause Young (Allocation Failure)
[58.580s][info][gc,heap        ] GC(569) PSYoungGen: 150720K(162304K)->192K(162304K) Eden: 150528K(150528K)->0K(151552K) From: 192K(11776K)->192K(10752K)
[58.580s][info][gc,heap        ] GC(569) ParOldGen: 146148K(349696K)->146172K(349696K)
[58.580s][info][gc,metaspace   ] GC(569) Metaspace: 60802K(61760K)->60802K(61760K) NonClass: 53229K(53760K)->53229K(53760K) Class: 7572K(8000K)->7572K(8000K)
[58.580s][info][gc             ] GC(569) Pause Young (Allocation Failure) 289M->142M(500M) 1.431ms
[58.580s][info][gc,cpu         ] GC(569) User=0.00s Sys=0.00s Real=0.00s
[58.669s][info][gc,start       ] GC(570) Pause Young (Allocation Failure)
[58.670s][info][gc,heap        ] GC(570) PSYoungGen: 151744K(162304K)->352K(162304K) Eden: 151552K(151552K)->0K(151552K) From: 192K(10752K)->352K(10752K)
[58.670s][info][gc,heap        ] GC(570) ParOldGen: 146172K(349696K)->146180K(349696K)
[58.670s][info][gc,metaspace   ] GC(570) Metaspace: 60802K(61760K)->60802K(61760K) NonClass: 53229K(53760K)->53229K(53760K) Class: 7572K(8000K)->7572K(8000K)
[58.670s][info][gc             ] GC(570) Pause Young (Allocation Failure) 290M->143M(500M) 1.490ms
[58.670s][info][gc,cpu         ] GC(570) User=0.00s Sys=0.00s Real=0.00s
[58.759s][info][gc,start       ] GC(571) Pause Young (Allocation Failure)
[58.759s][info][gc,heap        ] GC(571) PSYoungGen: 151904K(162304K)->192K(163328K) Eden: 151552K(151552K)->0K(153600K) From: 352K(10752K)->192K(9728K)
[58.759s][info][gc,heap        ] GC(571) ParOldGen: 146180K(349696K)->146268K(349696K)
[58.759s][info][gc,metaspace   ] GC(571) Metaspace: 60802K(61760K)->60802K(61760K) NonClass: 53229K(53760K)->53229K(53760K) Class: 7572K(8000K)->7572K(8000K)
[58.759s][info][gc             ] GC(571) Pause Young (Allocation Failure) 291M->143M(501M) 0.870ms
[58.760s][info][gc,cpu         ] GC(571) User=0.00s Sys=0.00s Real=0.00s
[58.849s][info][gc,start       ] GC(572) Pause Young (Allocation Failure)
[58.850s][info][gc,heap        ] GC(572) PSYoungGen: 153792K(163328K)->224K(163328K) Eden: 153600K(153600K)->0K(153600K) From: 192K(9728K)->224K(9728K)
[58.850s][info][gc,heap        ] GC(572) ParOldGen: 146268K(349696K)->146284K(349696K)
[58.850s][info][gc,metaspace   ] GC(572) Metaspace: 60802K(61760K)->60802K(61760K) NonClass: 53229K(53760K)->53229K(53760K) Class: 7572K(8000K)->7572K(8000K)
[58.850s][info][gc             ] GC(572) Pause Young (Allocation Failure) 293M->143M(501M) 1.432ms
[58.850s][info][gc,cpu         ] GC(572) User=0.02s Sys=0.00s Real=0.02s
[58.939s][info][gc,start       ] GC(573) Pause Young (Allocation Failure)
[58.940s][info][gc,heap        ] GC(573) PSYoungGen: 153824K(163328K)->128K(164352K) Eden: 153600K(153600K)->0K(155648K) From: 224K(9728K)->128K(8704K)
[58.940s][info][gc,heap        ] GC(573) ParOldGen: 146284K(349696K)->146292K(349696K)
[58.940s][info][gc,metaspace   ] GC(573) Metaspace: 60802K(61760K)->60802K(61760K) NonClass: 53229K(53760K)->53229K(53760K) Class: 7572K(8000K)->7572K(8000K)
[58.941s][info][gc             ] GC(573) Pause Young (Allocation Failure) 293M->142M(502M) 1.351ms
[58.941s][info][gc,cpu         ] GC(573) User=0.00s Sys=0.00s Real=0.00s
[59.031s][info][gc,start       ] GC(574) Pause Young (Allocation Failure)
[59.032s][info][gc,heap        ] GC(574) PSYoungGen: 155776K(164352K)->128K(164352K) Eden: 155648K(155648K)->0K(155648K) From: 128K(8704K)->128K(8704K)
[59.032s][info][gc,heap        ] GC(574) ParOldGen: 146292K(349696K)->146308K(349696K)
[59.032s][info][gc,metaspace   ] GC(574) Metaspace: 60802K(61760K)->60802K(61760K) NonClass: 53229K(53760K)->53229K(53760K) Class: 7572K(8000K)->7572K(8000K)
[59.032s][info][gc             ] GC(574) Pause Young (Allocation Failure) 294M->143M(502M) 1.342ms
[59.032s][info][gc,cpu         ] GC(574) User=0.00s Sys=0.00s Real=0.00s
[59.122s][info][gc,start       ] GC(575) Pause Young (Allocation Failure)
[59.123s][info][gc,heap        ] GC(575) PSYoungGen: 155776K(164352K)->192K(165376K) Eden: 155648K(155648K)->0K(157696K) From: 128K(8704K)->192K(7680K)
[59.123s][info][gc,heap        ] GC(575) ParOldGen: 146308K(349696K)->146316K(349696K)
[59.123s][info][gc,metaspace   ] GC(575) Metaspace: 60802K(61760K)->60802K(61760K) NonClass: 53229K(53760K)->53229K(53760K) Class: 7572K(8000K)->7572K(8000K)
[59.123s][info][gc             ] GC(575) Pause Young (Allocation Failure) 295M->143M(503M) 0.812ms
[59.123s][info][gc,cpu         ] GC(575) User=0.00s Sys=0.00s Real=0.00s
[59.171s][info][gc,start       ] GC(576) Pause Young (System.gc())
[59.173s][info][gc,heap        ] GC(576) PSYoungGen: 46269K(165376K)->384K(158208K) Eden: 46077K(157696K)->0K(157696K) From: 192K(7680K)->384K(512K)
[59.173s][info][gc,heap        ] GC(576) ParOldGen: 146316K(349696K)->146332K(349696K)
[59.173s][info][gc,metaspace   ] GC(576) Metaspace: 60844K(61760K)->60844K(61760K) NonClass: 53270K(53760K)->53270K(53760K) Class: 7573K(8000K)->7573K(8000K)
[59.173s][info][gc             ] GC(576) Pause Young (System.gc()) 188M->143M(496M) 1.893ms
[59.173s][info][gc,cpu         ] GC(576) User=0.00s Sys=0.00s Real=0.00s
[59.173s][info][gc,start       ] GC(577) Pause Full (System.gc())
[59.173s][info][gc,phases,start] GC(577) Marking Phase
[59.257s][info][gc,phases      ] GC(577) Marking Phase 83.609ms
[59.257s][info][gc,phases,start] GC(577) Summary Phase
[59.257s][info][gc,phases      ] GC(577) Summary Phase 0.014ms
[59.257s][info][gc,phases,start] GC(577) Adjust Roots
[59.263s][info][gc,phases      ] GC(577) Adjust Roots 6.649ms
[59.264s][info][gc,phases,start] GC(577) Compaction Phase
[59.283s][info][gc,phases      ] GC(577) Compaction Phase 19.431ms
[59.283s][info][gc,phases,start] GC(577) Post Compact
[59.284s][info][gc,phases      ] GC(577) Post Compact 0.987ms
[59.284s][info][gc,heap        ] GC(577) PSYoungGen: 384K(158208K)->0K(158208K) Eden: 0K(157696K)->0K(157696K) From: 384K(512K)->0K(512K)
[59.284s][info][gc,heap        ] GC(577) ParOldGen: 146332K(349696K)->101974K(349696K)
[59.284s][info][gc,metaspace   ] GC(577) Metaspace: 60844K(61760K)->60844K(61760K) NonClass: 53270K(53760K)->53270K(53760K) Class: 7573K(8000K)->7573K(8000K)
[59.284s][info][gc             ] GC(577) Pause Full (System.gc()) 143M->99M(496M) 111.032ms
[59.284s][info][gc,cpu         ] GC(577) User=0.91s Sys=0.00s Real=0.10s
[59.409s][info][gc,start       ] GC(578) Pause Young (Allocation Failure)
[59.415s][info][gc,heap        ] GC(578) PSYoungGen: 157696K(158208K)->4000K(164352K) Eden: 157696K(157696K)->0K(157184K) From: 0K(512K)->4000K(7168K)
[59.415s][info][gc,heap        ] GC(578) ParOldGen: 101974K(349696K)->101974K(349696K)
[59.415s][info][gc,metaspace   ] GC(578) Metaspace: 60846K(61760K)->60846K(61760K) NonClass: 53272K(53760K)->53272K(53760K) Class: 7573K(8000K)->7573K(8000K)
[59.415s][info][gc             ] GC(578) Pause Young (Allocation Failure) 253M->103M(502M) 5.892ms
[59.415s][info][gc,cpu         ] GC(578) User=0.00s Sys=0.00s Real=0.00s
[59.464s][info][gc,start       ] GC(579) Pause Young (Allocation Failure)
[59.474s][info][gc,heap        ] GC(579) PSYoungGen: 161184K(164352K)->7040K(164864K) Eden: 157184K(157184K)->0K(157184K) From: 4000K(7168K)->7040K(7680K)
[59.474s][info][gc,heap        ] GC(579) ParOldGen: 101974K(349696K)->105545K(349696K)
[59.474s][info][gc,metaspace   ] GC(579) Metaspace: 60846K(61760K)->60846K(61760K) NonClass: 53272K(53760K)->53272K(53760K) Class: 7573K(8000K)->7573K(8000K)
[59.474s][info][gc             ] GC(579) Pause Young (Allocation Failure) 256M->109M(502M) 9.511ms
[59.474s][info][gc,cpu         ] GC(579) User=0.00s Sys=0.00s Real=0.00s
[59.520s][info][gc,start       ] GC(580) Pause Young (Allocation Failure)
[59.579s][info][gc,heap        ] GC(580) PSYoungGen: 164224K(164864K)->9120K(161280K) Eden: 157184K(157184K)->0K(152064K) From: 7040K(7680K)->9120K(9216K)
[59.579s][info][gc,heap        ] GC(580) ParOldGen: 105545K(349696K)->111433K(349696K)
[59.579s][info][gc,metaspace   ] GC(580) Metaspace: 60846K(61760K)->60846K(61760K) NonClass: 53272K(53760K)->53272K(53760K) Class: 7573K(8000K)->7573K(8000K)
[59.579s][info][gc             ] GC(580) Pause Young (Allocation Failure) 263M->117M(499M) 58.328ms
[59.579s][info][gc,cpu         ] GC(580) User=0.03s Sys=0.00s Real=0.06s
[59.631s][info][gc,start       ] GC(581) Pause Young (Allocation Failure)
[59.646s][info][gc,heap        ] GC(581) PSYoungGen: 161184K(161280K)->7360K(159744K) Eden: 152064K(152064K)->0K(152064K) From: 9120K(9216K)->7360K(7680K)
[59.646s][info][gc,heap        ] GC(581) ParOldGen: 111433K(349696K)->118409K(349696K)
[59.646s][info][gc,metaspace   ] GC(581) Metaspace: 60846K(61760K)->60846K(61760K) NonClass: 53272K(53760K)->53272K(53760K) Class: 7573K(8000K)->7573K(8000K)
[59.646s][info][gc             ] GC(581) Pause Young (Allocation Failure) 266M->122M(497M) 14.921ms
[59.646s][info][gc,cpu         ] GC(581) User=0.03s Sys=0.00s Real=0.01s
[59.694s][info][gc,start       ] GC(582) Pause Young (Allocation Failure)
[59.710s][info][gc,heap        ] GC(582) PSYoungGen: 159424K(159744K)->8544K(160256K) Eden: 152064K(152064K)->0K(147968K) From: 7360K(7680K)->8544K(12288K)
[59.710s][info][gc,heap        ] GC(582) ParOldGen: 118409K(349696K)->125689K(349696K)
[59.710s][info][gc,metaspace   ] GC(582) Metaspace: 60846K(61760K)->60846K(61760K) NonClass: 53272K(53760K)->53272K(53760K) Class: 7573K(8000K)->7573K(8000K)
[59.710s][info][gc             ] GC(582) Pause Young (Allocation Failure) 271M->131M(498M) 15.602ms
[59.710s][info][gc,cpu         ] GC(582) User=0.17s Sys=0.00s Real=0.02s
[59.754s][info][gc,start       ] GC(583) Pause Young (Allocation Failure)
[59.769s][info][gc,heap        ] GC(583) PSYoungGen: 156512K(160256K)->6592K(161280K) Eden: 147968K(147968K)->0K(147968K) From: 8544K(12288K)->6592K(13312K)
[59.769s][info][gc,heap        ] GC(583) ParOldGen: 125689K(349696K)->134145K(349696K)
[59.769s][info][gc,metaspace   ] GC(583) Metaspace: 60846K(61760K)->60846K(61760K) NonClass: 53272K(53760K)->53272K(53760K) Class: 7573K(8000K)->7573K(8000K)
[59.769s][info][gc             ] GC(583) Pause Young (Allocation Failure) 275M->137M(499M) 14.425ms
[59.769s][info][gc,cpu         ] GC(583) User=0.17s Sys=0.00s Real=0.01s
[59.813s][info][gc,start       ] GC(584) Pause Young (Allocation Failure)
[59.854s][info][gc,heap        ] GC(584) PSYoungGen: 154560K(161280K)->5632K(160256K) Eden: 147968K(147968K)->0K(147968K) From: 6592K(13312K)->5632K(12288K)
[59.854s][info][gc,heap        ] GC(584) ParOldGen: 134145K(349696K)->140609K(349696K)
[59.854s][info][gc,metaspace   ] GC(584) Metaspace: 60846K(61760K)->60846K(61760K) NonClass: 53272K(53760K)->53272K(53760K) Class: 7573K(8000K)->7573K(8000K)
[59.854s][info][gc             ] GC(584) Pause Young (Allocation Failure) 281M->142M(498M) 40.794ms
[59.854s][info][gc,cpu         ] GC(584) User=0.34s Sys=0.00s Real=0.03s
[59.902s][info][gc,start       ] GC(585) Pause Young (Allocation Failure)
[59.925s][info][gc,heap        ] GC(585) PSYoungGen: 153600K(160256K)->160K(160768K) Eden: 147968K(147968K)->0K(147968K) From: 5632K(12288K)->160K(12800K)
[59.925s][info][gc,heap        ] GC(585) ParOldGen: 140609K(349696K)->146113K(349696K)
[59.926s][info][gc,metaspace   ] GC(585) Metaspace: 60846K(61760K)->60846K(61760K) NonClass: 53272K(53760K)->53272K(53760K) Class: 7573K(8000K)->7573K(8000K)
[59.926s][info][gc             ] GC(585) Pause Young (Allocation Failure) 287M->142M(498M) 23.603ms
[59.926s][info][gc,cpu         ] GC(585) User=0.34s Sys=0.00s Real=0.03s
[59.978s][info][gc,start       ] GC(586) Pause Young (Allocation Failure)
[59.979s][info][gc,heap        ] GC(586) PSYoungGen: 148128K(160768K)->192K(161792K) Eden: 147968K(147968K)->0K(148992K) From: 160K(12800K)->192K(12800K)
[59.979s][info][gc,heap        ] GC(586) ParOldGen: 146113K(349696K)->146113K(349696K)
[59.979s][info][gc,metaspace   ] GC(586) Metaspace: 60846K(61760K)->60846K(61760K) NonClass: 53272K(53760K)->53272K(53760K) Class: 7573K(8000K)->7573K(8000K)
[59.979s][info][gc             ] GC(586) Pause Young (Allocation Failure) 287M->142M(499M) 1.449ms
[59.979s][info][gc,cpu         ] GC(586) User=0.00s Sys=0.00s Real=0.00s
[60.029s][info][gc,start       ] GC(587) Pause Young (Allocation Failure)
[60.030s][info][gc,heap        ] GC(587) PSYoungGen: 149184K(161792K)->192K(149504K) Eden: 148992K(148992K)->0K(148992K) From: 192K(12800K)->192K(512K)
[60.030s][info][gc,heap        ] GC(587) ParOldGen: 146113K(349696K)->146129K(349696K)
[60.030s][info][gc,metaspace   ] GC(587) Metaspace: 60846K(61760K)->60846K(61760K) NonClass: 53272K(53760K)->53272K(53760K) Class: 7573K(8000K)->7573K(8000K)
[60.030s][info][gc             ] GC(587) Pause Young (Allocation Failure) 288M->142M(487M) 1.334ms
[60.030s][info][gc,cpu         ] GC(587) User=0.02s Sys=0.28s Real=0.02s
[60.084s][info][gc,start       ] GC(588) Pause Young (Allocation Failure)
[60.084s][info][gc,heap        ] GC(588) PSYoungGen: 149184K(149504K)->256K(161792K) Eden: 148992K(148992K)->0K(149504K) From: 192K(512K)->256K(12288K)
[60.084s][info][gc,heap        ] GC(588) ParOldGen: 146129K(349696K)->146137K(349696K)
[60.084s][info][gc,metaspace   ] GC(588) Metaspace: 60846K(61760K)->60846K(61760K) NonClass: 53272K(53760K)->53272K(53760K) Class: 7573K(8000K)->7573K(8000K)
[60.084s][info][gc             ] GC(588) Pause Young (Allocation Failure) 288M->142M(499M) 0.801ms
[60.084s][info][gc,cpu         ] GC(588) User=0.00s Sys=0.00s Real=0.00s
[60.139s][info][gc,start       ] GC(589) Pause Young (Allocation Failure)
[60.140s][info][gc,heap        ] GC(589) PSYoungGen: 149760K(161792K)->160K(161280K) Eden: 149504K(149504K)->0K(149504K) From: 256K(12288K)->160K(11776K)
[60.140s][info][gc,heap        ] GC(589) ParOldGen: 146137K(349696K)->146153K(349696K)
[60.140s][info][gc,metaspace   ] GC(589) Metaspace: 60846K(61760K)->60846K(61760K) NonClass: 53272K(53760K)->53272K(53760K) Class: 7573K(8000K)->7573K(8000K)
[60.140s][info][gc             ] GC(589) Pause Young (Allocation Failure) 288M->142M(499M) 1.453ms
[60.140s][info][gc,cpu         ] GC(589) User=0.03s Sys=0.00s Real=0.02s
[60.194s][info][gc,start       ] GC(590) Pause Young (Allocation Failure)
[60.195s][info][gc,heap        ] GC(590) PSYoungGen: 149664K(161280K)->256K(162304K) Eden: 149504K(149504K)->0K(151040K) From: 160K(11776K)->256K(11264K)
[60.196s][info][gc,heap        ] GC(590) ParOldGen: 146153K(349696K)->146161K(349696K)
[60.196s][info][gc,metaspace   ] GC(590) Metaspace: 60846K(61760K)->60846K(61760K) NonClass: 53272K(53760K)->53272K(53760K) Class: 7573K(8000K)->7573K(8000K)
[60.196s][info][gc             ] GC(590) Pause Young (Allocation Failure) 288M->142M(500M) 1.429ms
[60.196s][info][gc,cpu         ] GC(590) User=0.00s Sys=0.00s Real=0.00s
[60.251s][info][gc,start       ] GC(591) Pause Young (Allocation Failure)
[60.252s][info][gc,heap        ] GC(591) PSYoungGen: 151296K(162304K)->320K(161792K) Eden: 151040K(151040K)->0K(151040K) From: 256K(11264K)->320K(10752K)
[60.252s][info][gc,heap        ] GC(591) ParOldGen: 146161K(349696K)->146161K(349696K)
[60.252s][info][gc,metaspace   ] GC(591) Metaspace: 60846K(61760K)->60846K(61760K) NonClass: 53272K(53760K)->53272K(53760K) Class: 7573K(8000K)->7573K(8000K)
[60.252s][info][gc             ] GC(591) Pause Young (Allocation Failure) 290M->143M(499M) 1.446ms
[60.252s][info][gc,cpu         ] GC(591) User=0.00s Sys=0.00s Real=0.00s
[60.340s][info][gc,start       ] GC(592) Pause Young (Allocation Failure)
[60.341s][info][gc,heap        ] GC(592) PSYoungGen: 151360K(161792K)->352K(163328K) Eden: 151040K(151040K)->0K(153088K) From: 320K(10752K)->352K(10240K)
[60.341s][info][gc,heap        ] GC(592) ParOldGen: 146161K(349696K)->146185K(349696K)
[60.341s][info][gc,metaspace   ] GC(592) Metaspace: 60846K(61760K)->60846K(61760K) NonClass: 53272K(53760K)->53272K(53760K) Class: 7573K(8000K)->7573K(8000K)
[60.342s][info][gc             ] GC(592) Pause Young (Allocation Failure) 290M->143M(501M) 1.528ms
[60.342s][info][gc,cpu         ] GC(592) User=0.00s Sys=0.00s Real=0.00s
[60.446s][info][gc,start       ] GC(593) Pause Young (Allocation Failure)
[60.448s][info][gc,heap        ] GC(593) PSYoungGen: 153440K(163328K)->128K(162816K) Eden: 153088K(153088K)->0K(153088K) From: 352K(10240K)->128K(9728K)
[60.448s][info][gc,heap        ] GC(593) ParOldGen: 146185K(349696K)->146273K(349696K)
[60.448s][info][gc,metaspace   ] GC(593) Metaspace: 60846K(61760K)->60846K(61760K) NonClass: 53272K(53760K)->53272K(53760K) Class: 7573K(8000K)->7573K(8000K)
[60.448s][info][gc             ] GC(593) Pause Young (Allocation Failure) 292M->142M(500M) 1.361ms
[60.448s][info][gc,cpu         ] GC(593) User=0.00s Sys=0.00s Real=0.00s
[60.552s][info][gc,start       ] GC(594) Pause Young (Allocation Failure)
[60.554s][info][gc,heap        ] GC(594) PSYoungGen: 153216K(162816K)->224K(164352K) Eden: 153088K(153088K)->0K(155136K) From: 128K(9728K)->224K(9216K)
[60.554s][info][gc,heap        ] GC(594) ParOldGen: 146273K(349696K)->146281K(349696K)
[60.554s][info][gc,metaspace   ] GC(594) Metaspace: 60846K(61760K)->60846K(61760K) NonClass: 53272K(53760K)->53272K(53760K) Class: 7573K(8000K)->7573K(8000K)
[60.554s][info][gc             ] GC(594) Pause Young (Allocation Failure) 292M->143M(502M) 1.343ms
[60.554s][info][gc,cpu         ] GC(594) User=0.00s Sys=0.00s Real=0.00s
[60.662s][info][gc,start       ] GC(595) Pause Young (Allocation Failure)
[60.663s][info][gc,heap        ] GC(595) PSYoungGen: 155360K(164352K)->128K(164352K) Eden: 155136K(155136K)->0K(155136K) From: 224K(9216K)->128K(9216K)
[60.663s][info][gc,heap        ] GC(595) ParOldGen: 146281K(349696K)->146289K(349696K)
[60.663s][info][gc,metaspace   ] GC(595) Metaspace: 60846K(61760K)->60846K(61760K) NonClass: 53272K(53760K)->53272K(53760K) Class: 7573K(8000K)->7573K(8000K)
[60.663s][info][gc             ] GC(595) Pause Young (Allocation Failure) 294M->142M(502M) 1.405ms
[60.663s][info][gc,cpu         ] GC(595) User=0.00s Sys=0.00s Real=0.00s
[60.770s][info][gc,start       ] GC(596) Pause Young (Allocation Failure)
[60.772s][info][gc,heap        ] GC(596) PSYoungGen: 155264K(164352K)->128K(164864K) Eden: 155136K(155136K)->0K(156672K) From: 128K(9216K)->128K(8192K)
[60.772s][info][gc,heap        ] GC(596) ParOldGen: 146289K(349696K)->146297K(349696K)
[60.772s][info][gc,metaspace   ] GC(596) Metaspace: 60846K(61760K)->60846K(61760K) NonClass: 53272K(53760K)->53272K(53760K) Class: 7573K(8000K)->7573K(8000K)
[60.772s][info][gc             ] GC(596) Pause Young (Allocation Failure) 294M->142M(502M) 1.704ms
[60.772s][info][gc,cpu         ] GC(596) User=0.00s Sys=0.00s Real=0.00s
[60.828s][info][gc,start       ] GC(597) Pause Young (System.gc())
[60.830s][info][gc,heap        ] GC(597) PSYoungGen: 62372K(164864K)->384K(157184K) Eden: 62244K(156672K)->0K(156672K) From: 128K(8192K)->384K(512K)
[60.830s][info][gc,heap        ] GC(597) ParOldGen: 146297K(349696K)->146305K(349696K)
[60.830s][info][gc,metaspace   ] GC(597) Metaspace: 60850K(61760K)->60850K(61760K) NonClass: 53276K(53760K)->53276K(53760K) Class: 7573K(8000K)->7573K(8000K)
[60.830s][info][gc             ] GC(597) Pause Young (System.gc()) 203M->143M(495M) 1.852ms
[60.830s][info][gc,cpu         ] GC(597) User=0.00s Sys=0.00s Real=0.00s
[60.830s][info][gc,start       ] GC(598) Pause Full (System.gc())
[60.830s][info][gc,phases,start] GC(598) Marking Phase
[60.915s][info][gc,phases      ] GC(598) Marking Phase 84.827ms
[60.915s][info][gc,phases,start] GC(598) Summary Phase
[60.915s][info][gc,phases      ] GC(598) Summary Phase 0.018ms
[60.915s][info][gc,phases,start] GC(598) Adjust Roots
[60.923s][info][gc,phases      ] GC(598) Adjust Roots 8.290ms
[60.923s][info][gc,phases,start] GC(598) Compaction Phase
[60.940s][info][gc,phases      ] GC(598) Compaction Phase 17.195ms
[60.940s][info][gc,phases,start] GC(598) Post Compact
[60.941s][info][gc,phases      ] GC(598) Post Compact 0.941ms
[60.941s][info][gc,heap        ] GC(598) PSYoungGen: 384K(157184K)->0K(157184K) Eden: 0K(156672K)->0K(156672K) From: 384K(512K)->0K(512K)
[60.941s][info][gc,heap        ] GC(598) ParOldGen: 146305K(349696K)->102005K(349696K)
[60.942s][info][gc,metaspace   ] GC(598) Metaspace: 60850K(61760K)->60850K(61760K) NonClass: 53276K(53760K)->53276K(53760K) Class: 7573K(8000K)->7573K(8000K)
[60.942s][info][gc             ] GC(598) Pause Full (System.gc()) 143M->99M(495M) 111.594ms
[60.942s][info][gc,cpu         ] GC(598) User=0.75s Sys=0.00s Real=0.11s
[61.061s][info][gc,start       ] GC(599) Pause Young (Allocation Failure)
[61.064s][info][gc,heap        ] GC(599) PSYoungGen: 156672K(157184K)->3328K(164352K) Eden: 156672K(156672K)->0K(156672K) From: 0K(512K)->3328K(7680K)
[61.064s][info][gc,heap        ] GC(599) ParOldGen: 102005K(349696K)->102013K(349696K)
[61.064s][info][gc,metaspace   ] GC(599) Metaspace: 60873K(61824K)->60873K(61824K) NonClass: 53300K(53824K)->53300K(53824K) Class: 7573K(8000K)->7573K(8000K)
[61.064s][info][gc             ] GC(599) Pause Young (Allocation Failure) 252M->102M(502M) 2.945ms
[61.064s][info][gc,cpu         ] GC(599) User=0.00s Sys=0.00s Real=0.00s
[61.119s][info][gc,start       ] GC(600) Pause Young (Allocation Failure)
[61.126s][info][gc,heap        ] GC(600) PSYoungGen: 160000K(164352K)->5344K(164352K) Eden: 156672K(156672K)->0K(156672K) From: 3328K(7680K)->5344K(7680K)
[61.126s][info][gc,heap        ] GC(600) ParOldGen: 102013K(349696K)->105080K(349696K)
[61.126s][info][gc,metaspace   ] GC(600) Metaspace: 60873K(61824K)->60873K(61824K) NonClass: 53300K(53824K)->53300K(53824K) Class: 7573K(8000K)->7573K(8000K)
[61.126s][info][gc             ] GC(600) Pause Young (Allocation Failure) 255M->107M(502M) 7.065ms
[61.126s][info][gc,cpu         ] GC(600) User=0.00s Sys=0.00s Real=0.00s
[61.172s][info][gc,start       ] GC(601) Pause Young (Allocation Failure)
[61.186s][info][gc,heap        ] GC(601) PSYoungGen: 162016K(164352K)->8672K(157696K) Eden: 156672K(156672K)->0K(148992K) From: 5344K(7680K)->8672K(8704K)
[61.186s][info][gc,heap        ] GC(601) ParOldGen: 105080K(349696K)->111248K(349696K)
[61.186s][info][gc,metaspace   ] GC(601) Metaspace: 60873K(61824K)->60873K(61824K) NonClass: 53300K(53824K)->53300K(53824K) Class: 7573K(8000K)->7573K(8000K)
[61.186s][info][gc             ] GC(601) Pause Young (Allocation Failure) 260M->117M(495M) 13.960ms
[61.186s][info][gc,cpu         ] GC(601) User=0.02s Sys=0.02s Real=0.02s
[61.235s][info][gc,start       ] GC(602) Pause Young (Allocation Failure)
[61.250s][info][gc,heap        ] GC(602) PSYoungGen: 157664K(157696K)->7072K(156160K) Eden: 148992K(148992K)->0K(148992K) From: 8672K(8704K)->7072K(7168K)
[61.250s][info][gc,heap        ] GC(602) ParOldGen: 111248K(349696K)->116888K(349696K)
[61.250s][info][gc,metaspace   ] GC(602) Metaspace: 60873K(61824K)->60873K(61824K) NonClass: 53300K(53824K)->53300K(53824K) Class: 7573K(8000K)->7573K(8000K)
[61.250s][info][gc             ] GC(602) Pause Young (Allocation Failure) 262M->121M(494M) 15.316ms
[61.251s][info][gc,cpu         ] GC(602) User=0.03s Sys=0.00s Real=0.02s
[61.302s][info][gc,start       ] GC(603) Pause Young (Allocation Failure)
[61.317s][info][gc,heap        ] GC(603) PSYoungGen: 156064K(156160K)->6944K(160256K) Eden: 148992K(148992K)->0K(146944K) From: 7072K(7168K)->6944K(13312K)
[61.317s][info][gc,heap        ] GC(603) ParOldGen: 116888K(349696K)->123840K(349696K)
[61.317s][info][gc,metaspace   ] GC(603) Metaspace: 60873K(61824K)->60873K(61824K) NonClass: 53300K(53824K)->53300K(53824K) Class: 7573K(8000K)->7573K(8000K)
[61.317s][info][gc             ] GC(603) Pause Young (Allocation Failure) 266M->127M(498M) 14.961ms
[61.317s][info][gc,cpu         ] GC(603) User=0.17s Sys=0.00s Real=0.02s
[61.369s][info][gc,start       ] GC(604) Pause Young (Allocation Failure)
[61.380s][info][gc,heap        ] GC(604) PSYoungGen: 153888K(160256K)->4864K(152064K) Eden: 146944K(146944K)->0K(146944K) From: 6944K(13312K)->4864K(5120K)
[61.380s][info][gc,heap        ] GC(604) ParOldGen: 123840K(349696K)->130672K(349696K)
[61.380s][info][gc,metaspace   ] GC(604) Metaspace: 60873K(61824K)->60873K(61824K) NonClass: 53300K(53824K)->53300K(53824K) Class: 7573K(8000K)->7573K(8000K)
[61.380s][info][gc             ] GC(604) Pause Young (Allocation Failure) 271M->132M(490M) 11.799ms
[61.380s][info][gc,cpu         ] GC(604) User=0.00s Sys=0.00s Real=0.00s
[61.430s][info][gc,start       ] GC(605) Pause Young (Allocation Failure)
[61.466s][info][gc,heap        ] GC(605) PSYoungGen: 151808K(152064K)->5536K(160256K) Eden: 146944K(146944K)->0K(147456K) From: 4864K(5120K)->5536K(12800K)
[61.466s][info][gc,heap        ] GC(605) ParOldGen: 130672K(349696K)->135464K(349696K)
[61.466s][info][gc,metaspace   ] GC(605) Metaspace: 60873K(61824K)->60873K(61824K) NonClass: 53300K(53824K)->53300K(53824K) Class: 7573K(8000K)->7573K(8000K)
[61.466s][info][gc             ] GC(605) Pause Young (Allocation Failure) 275M->137M(498M) 36.154ms
[61.466s][info][gc,cpu         ] GC(605) User=0.34s Sys=0.00s Real=0.03s
[61.510s][info][gc,start       ] GC(606) Pause Young (Allocation Failure)
[61.548s][info][gc,heap        ] GC(606) PSYoungGen: 152992K(160256K)->5440K(160256K) Eden: 147456K(147456K)->0K(147456K) From: 5536K(12800K)->5440K(12800K)
[61.548s][info][gc,heap        ] GC(606) ParOldGen: 135464K(349696K)->140872K(349696K)
[61.548s][info][gc,metaspace   ] GC(606) Metaspace: 60873K(61824K)->60873K(61824K) NonClass: 53300K(53824K)->53300K(53824K) Class: 7573K(8000K)->7573K(8000K)
[61.548s][info][gc             ] GC(606) Pause Young (Allocation Failure) 281M->142M(498M) 37.720ms
[61.548s][info][gc,cpu         ] GC(606) User=0.34s Sys=0.00s Real=0.03s
[61.595s][info][gc,start       ] GC(607) Pause Young (Allocation Failure)
[61.617s][info][gc,heap        ] GC(607) PSYoungGen: 152896K(160256K)->160K(161280K) Eden: 147456K(147456K)->0K(148992K) From: 5440K(12800K)->160K(12288K)
[61.617s][info][gc,heap        ] GC(607) ParOldGen: 140872K(349696K)->146184K(349696K)
[61.617s][info][gc,metaspace   ] GC(607) Metaspace: 60873K(61824K)->60873K(61824K) NonClass: 53300K(53824K)->53300K(53824K) Class: 7573K(8000K)->7573K(8000K)
[61.617s][info][gc             ] GC(607) Pause Young (Allocation Failure) 286M->142M(499M) 21.976ms
[61.617s][info][gc,cpu         ] GC(607) User=0.17s Sys=0.00s Real=0.02s
[61.663s][info][gc,start       ] GC(608) Pause Young (Allocation Failure)
[61.665s][info][gc,heap        ] GC(608) PSYoungGen: 149152K(161280K)->160K(161280K) Eden: 148992K(148992K)->0K(148992K) From: 160K(12288K)->160K(12288K)
[61.665s][info][gc,heap        ] GC(608) ParOldGen: 146184K(349696K)->146192K(349696K)
[61.665s][info][gc,metaspace   ] GC(608) Metaspace: 60873K(61824K)->60873K(61824K) NonClass: 53300K(53824K)->53300K(53824K) Class: 7573K(8000K)->7573K(8000K)
[61.665s][info][gc             ] GC(608) Pause Young (Allocation Failure) 288M->142M(499M) 1.353ms
[61.665s][info][gc,cpu         ] GC(608) User=0.00s Sys=0.00s Real=0.00s
[61.718s][info][gc,start       ] GC(609) Pause Young (Allocation Failure)
[61.720s][info][gc,heap        ] GC(609) PSYoungGen: 149152K(161280K)->160K(161280K) Eden: 148992K(148992K)->0K(150016K) From: 160K(12288K)->160K(11264K)
[61.720s][info][gc,heap        ] GC(609) ParOldGen: 146192K(349696K)->146208K(349696K)
[61.720s][info][gc,metaspace   ] GC(609) Metaspace: 60873K(61824K)->60873K(61824K) NonClass: 53300K(53824K)->53300K(53824K) Class: 7573K(8000K)->7573K(8000K)
[61.720s][info][gc             ] GC(609) Pause Young (Allocation Failure) 288M->142M(499M) 1.314ms
[61.720s][info][gc,cpu         ] GC(609) User=0.00s Sys=0.00s Real=0.00s
[61.775s][info][gc,start       ] GC(610) Pause Young (Allocation Failure)
[61.776s][info][gc,heap        ] GC(610) PSYoungGen: 150176K(161280K)->160K(161792K) Eden: 150016K(150016K)->0K(150016K) From: 160K(11264K)->160K(11776K)
[61.776s][info][gc,heap        ] GC(610) ParOldGen: 146208K(349696K)->146216K(349696K)
[61.776s][info][gc,metaspace   ] GC(610) Metaspace: 60873K(61824K)->60873K(61824K) NonClass: 53300K(53824K)->53300K(53824K) Class: 7573K(8000K)->7573K(8000K)
[61.776s][info][gc             ] GC(610) Pause Young (Allocation Failure) 289M->142M(499M) 0.730ms
[61.776s][info][gc,cpu         ] GC(610) User=0.00s Sys=0.00s Real=0.00s
[61.851s][info][gc,start       ] GC(611) Pause Young (Allocation Failure)
[61.853s][info][gc,heap        ] GC(611) PSYoungGen: 150176K(161792K)->352K(162816K) Eden: 150016K(150016K)->0K(151552K) From: 160K(11776K)->352K(11264K)
[61.853s][info][gc,heap        ] GC(611) ParOldGen: 146216K(349696K)->146232K(349696K)
[61.853s][info][gc,metaspace   ] GC(611) Metaspace: 60873K(61824K)->60873K(61824K) NonClass: 53300K(53824K)->53300K(53824K) Class: 7573K(8000K)->7573K(8000K)
[61.853s][info][gc             ] GC(611) Pause Young (Allocation Failure) 289M->143M(500M) 1.518ms
[61.853s][info][gc,cpu         ] GC(611) User=0.00s Sys=0.00s Real=0.00s
[61.962s][info][gc,start       ] GC(612) Pause Young (Allocation Failure)
[61.963s][info][gc,heap        ] GC(612) PSYoungGen: 151904K(162816K)->64K(162816K) Eden: 151552K(151552K)->0K(151552K) From: 352K(11264K)->64K(11264K)
[61.963s][info][gc,heap        ] GC(612) ParOldGen: 146232K(349696K)->146320K(349696K)
[61.963s][info][gc,metaspace   ] GC(612) Metaspace: 60873K(61824K)->60873K(61824K) NonClass: 53300K(53824K)->53300K(53824K) Class: 7573K(8000K)->7573K(8000K)
[61.963s][info][gc             ] GC(612) Pause Young (Allocation Failure) 291M->142M(500M) 1.507ms
[61.963s][info][gc,cpu         ] GC(612) User=0.00s Sys=0.00s Real=0.00s
[62.069s][info][gc,start       ] GC(613) Pause Young (Allocation Failure)
[62.071s][info][gc,heap        ] GC(613) PSYoungGen: 151616K(162816K)->224K(162816K) Eden: 151552K(151552K)->0K(152576K) From: 64K(11264K)->224K(10240K)
[62.071s][info][gc,heap        ] GC(613) ParOldGen: 146320K(349696K)->146320K(349696K)
[62.071s][info][gc,metaspace   ] GC(613) Metaspace: 60873K(61824K)->60873K(61824K) NonClass: 53300K(53824K)->53300K(53824K) Class: 7573K(8000K)->7573K(8000K)
[62.071s][info][gc             ] GC(613) Pause Young (Allocation Failure) 290M->143M(500M) 1.330ms
[62.071s][info][gc,cpu         ] GC(613) User=0.00s Sys=0.00s Real=0.00s
[62.177s][info][gc,start       ] GC(614) Pause Young (Allocation Failure)
[62.179s][info][gc,heap        ] GC(614) PSYoungGen: 152800K(162816K)->224K(162816K) Eden: 152576K(152576K)->0K(152576K) From: 224K(10240K)->224K(10240K)
[62.179s][info][gc,heap        ] GC(614) ParOldGen: 146320K(349696K)->146328K(349696K)
[62.179s][info][gc,metaspace   ] GC(614) Metaspace: 60873K(61824K)->60873K(61824K) NonClass: 53300K(53824K)->53300K(53824K) Class: 7573K(8000K)->7573K(8000K)
[62.179s][info][gc             ] GC(614) Pause Young (Allocation Failure) 292M->143M(500M) 1.486ms
[62.179s][info][gc,cpu         ] GC(614) User=0.00s Sys=0.00s Real=0.00s
[62.268s][info][gc,start       ] GC(615) Pause Young (Allocation Failure)
[62.269s][info][gc,heap        ] GC(615) PSYoungGen: 152800K(162816K)->160K(163840K) Eden: 152576K(152576K)->0K(154624K) From: 224K(10240K)->160K(9216K)
[62.269s][info][gc,heap        ] GC(615) ParOldGen: 146328K(349696K)->146336K(349696K)
[62.269s][info][gc,metaspace   ] GC(615) Metaspace: 60873K(61824K)->60873K(61824K) NonClass: 53300K(53824K)->53300K(53824K) Class: 7573K(8000K)->7573K(8000K)
[62.269s][info][gc             ] GC(615) Pause Young (Allocation Failure) 292M->143M(501M) 1.438ms
[62.269s][info][gc,cpu         ] GC(615) User=0.00s Sys=0.00s Real=0.00s
[62.359s][info][gc,start       ] GC(616) Pause Young (Allocation Failure)
[62.361s][info][gc,heap        ] GC(616) PSYoungGen: 154784K(163840K)->128K(163840K) Eden: 154624K(154624K)->0K(154624K) From: 160K(9216K)->128K(9216K)
[62.361s][info][gc,heap        ] GC(616) ParOldGen: 146336K(349696K)->146344K(349696K)
[62.361s][info][gc,metaspace   ] GC(616) Metaspace: 60873K(61824K)->60873K(61824K) NonClass: 53300K(53824K)->53300K(53824K) Class: 7573K(8000K)->7573K(8000K)
[62.361s][info][gc             ] GC(616) Pause Young (Allocation Failure) 294M->143M(501M) 1.321ms
[62.361s][info][gc,cpu         ] GC(616) User=0.00s Sys=0.00s Real=0.00s
[62.465s][info][gc,start       ] GC(617) Pause Young (Allocation Failure)
[62.466s][info][gc,heap        ] GC(617) PSYoungGen: 154752K(163840K)->256K(164864K) Eden: 154624K(154624K)->0K(156672K) From: 128K(9216K)->256K(8192K)
[62.466s][info][gc,heap        ] GC(617) ParOldGen: 146344K(349696K)->146352K(349696K)
[62.467s][info][gc,metaspace   ] GC(617) Metaspace: 60873K(61824K)->60873K(61824K) NonClass: 53300K(53824K)->53300K(53824K) Class: 7573K(8000K)->7573K(8000K)
[62.467s][info][gc             ] GC(617) Pause Young (Allocation Failure) 294M->143M(502M) 1.310ms
[62.467s][info][gc,cpu         ] GC(617) User=0.00s Sys=0.00s Real=0.00s
[62.542s][info][gc,start       ] GC(618) Pause Young (System.gc())
[62.544s][info][gc,heap        ] GC(618) PSYoungGen: 70140K(164864K)->384K(157184K) Eden: 69884K(156672K)->0K(156672K) From: 256K(8192K)->384K(512K)
[62.544s][info][gc,heap        ] GC(618) ParOldGen: 146352K(349696K)->146360K(349696K)
[62.544s][info][gc,metaspace   ] GC(618) Metaspace: 60878K(61824K)->60878K(61824K) NonClass: 53304K(53824K)->53304K(53824K) Class: 7573K(8000K)->7573K(8000K)
[62.544s][info][gc             ] GC(618) Pause Young (System.gc()) 211M->143M(495M) 1.795ms
[62.544s][info][gc,cpu         ] GC(618) User=0.00s Sys=0.00s Real=0.00s
[62.544s][info][gc,start       ] GC(619) Pause Full (System.gc())
[62.545s][info][gc,phases,start] GC(619) Marking Phase
[62.632s][info][gc,phases      ] GC(619) Marking Phase 87.277ms
[62.632s][info][gc,phases,start] GC(619) Summary Phase
[62.632s][info][gc,phases      ] GC(619) Summary Phase 0.015ms
[62.632s][info][gc,phases,start] GC(619) Adjust Roots
[62.640s][info][gc,phases      ] GC(619) Adjust Roots 8.150ms
[62.640s][info][gc,phases,start] GC(619) Compaction Phase
[62.659s][info][gc,phases      ] GC(619) Compaction Phase 18.863ms
[62.659s][info][gc,phases,start] GC(619) Post Compact
[62.660s][info][gc,phases      ] GC(619) Post Compact 1.010ms
[62.660s][info][gc,heap        ] GC(619) PSYoungGen: 384K(157184K)->0K(157184K) Eden: 0K(156672K)->0K(156672K) From: 384K(512K)->0K(512K)
[62.660s][info][gc,heap        ] GC(619) ParOldGen: 146360K(349696K)->102037K(349696K)
[62.660s][info][gc,metaspace   ] GC(619) Metaspace: 60878K(61824K)->60878K(61824K) NonClass: 53304K(53824K)->53304K(53824K) Class: 7573K(8000K)->7573K(8000K)
[62.660s][info][gc             ] GC(619) Pause Full (System.gc()) 143M->99M(495M) 115.721ms
[62.660s][info][gc,cpu         ] GC(619) User=0.92s Sys=0.00s Real=0.11s
[62.781s][info][gc,start       ] GC(620) Pause Young (Allocation Failure)
[62.789s][info][gc,heap        ] GC(620) PSYoungGen: 156672K(157184K)->4672K(163328K) Eden: 156672K(156672K)->0K(155648K) From: 0K(512K)->4672K(7680K)
[62.789s][info][gc,heap        ] GC(620) ParOldGen: 102037K(349696K)->102045K(349696K)
[62.789s][info][gc,metaspace   ] GC(620) Metaspace: 60900K(61824K)->60900K(61824K) NonClass: 53326K(53824K)->53326K(53824K) Class: 7573K(8000K)->7573K(8000K)
[62.789s][info][gc             ] GC(620) Pause Young (Allocation Failure) 252M->104M(501M) 7.949ms
[62.789s][info][gc,cpu         ] GC(620) User=0.00s Sys=0.00s Real=0.00s
[62.843s][info][gc,start       ] GC(621) Pause Young (Allocation Failure)
[62.862s][info][gc,heap        ] GC(621) PSYoungGen: 160320K(163328K)->7360K(164352K) Eden: 155648K(155648K)->0K(155648K) From: 4672K(7680K)->7360K(8704K)
[62.862s][info][gc,heap        ] GC(621) ParOldGen: 102045K(349696K)->106344K(349696K)
[62.862s][info][gc,metaspace   ] GC(621) Metaspace: 60900K(61824K)->60900K(61824K) NonClass: 53326K(53824K)->53326K(53824K) Class: 7573K(8000K)->7573K(8000K)
[62.862s][info][gc             ] GC(621) Pause Young (Allocation Failure) 256M->111M(502M) 18.495ms
[62.862s][info][gc,cpu         ] GC(621) User=0.03s Sys=0.00s Real=0.02s
[62.913s][info][gc,start       ] GC(622) Pause Young (Allocation Failure)
[62.928s][info][gc,heap        ] GC(622) PSYoungGen: 163008K(164352K)->7264K(161792K) Eden: 155648K(155648K)->0K(152064K) From: 7360K(8704K)->7264K(9728K)
[62.928s][info][gc,heap        ] GC(622) ParOldGen: 106344K(349696K)->113088K(349696K)
[62.928s][info][gc,metaspace   ] GC(622) Metaspace: 60900K(61824K)->60900K(61824K) NonClass: 53326K(53824K)->53326K(53824K) Class: 7573K(8000K)->7573K(8000K)
[62.928s][info][gc             ] GC(622) Pause Young (Allocation Failure) 263M->117M(499M) 15.595ms
[62.928s][info][gc,cpu         ] GC(622) User=0.03s Sys=0.00s Real=0.02s
[62.972s][info][gc,start       ] GC(623) Pause Young (Allocation Failure)
[62.989s][info][gc,heap        ] GC(623) PSYoungGen: 159328K(161792K)->6528K(158720K) Eden: 152064K(152064K)->0K(152064K) From: 7264K(9728K)->6528K(6656K)
[62.989s][info][gc,heap        ] GC(623) ParOldGen: 113088K(349696K)->120192K(349696K)
[62.989s][info][gc,metaspace   ] GC(623) Metaspace: 60900K(61824K)->60900K(61824K) NonClass: 53326K(53824K)->53326K(53824K) Class: 7573K(8000K)->7573K(8000K)
[62.989s][info][gc             ] GC(623) Pause Young (Allocation Failure) 266M->123M(496M) 16.684ms
[62.989s][info][gc,cpu         ] GC(623) User=0.03s Sys=0.00s Real=0.02s
[63.034s][info][gc,start       ] GC(624) Pause Young (Allocation Failure)
[63.048s][info][gc,heap        ] GC(624) PSYoungGen: 158592K(158720K)->8032K(160768K) Eden: 152064K(152064K)->0K(148992K) From: 6528K(6656K)->8032K(11776K)
[63.048s][info][gc,heap        ] GC(624) ParOldGen: 120192K(349696K)->126592K(349696K)
[63.048s][info][gc,metaspace   ] GC(624) Metaspace: 60900K(61824K)->60900K(61824K) NonClass: 53326K(53824K)->53326K(53824K) Class: 7573K(8000K)->7573K(8000K)
[63.048s][info][gc             ] GC(624) Pause Young (Allocation Failure) 272M->131M(498M) 14.340ms
[63.048s][info][gc,cpu         ] GC(624) User=0.17s Sys=0.00s Real=0.02s
[63.096s][info][gc,start       ] GC(625) Pause Young (Allocation Failure)
[63.110s][info][gc,heap        ] GC(625) PSYoungGen: 157024K(160768K)->5888K(161792K) Eden: 148992K(148992K)->0K(148992K) From: 8032K(11776K)->5888K(12800K)
[63.110s][info][gc,heap        ] GC(625) ParOldGen: 126592K(349696K)->134504K(349696K)
[63.110s][info][gc,metaspace   ] GC(625) Metaspace: 60900K(61824K)->60900K(61824K) NonClass: 53326K(53824K)->53326K(53824K) Class: 7573K(8000K)->7573K(8000K)
[63.110s][info][gc             ] GC(625) Pause Young (Allocation Failure) 276M->137M(499M) 13.993ms
[63.110s][info][gc,cpu         ] GC(625) User=0.17s Sys=0.00s Real=0.02s
[63.161s][info][gc,start       ] GC(626) Pause Young (Allocation Failure)
[63.199s][info][gc,heap        ] GC(626) PSYoungGen: 154880K(161792K)->5312K(160768K) Eden: 148992K(148992K)->0K(148992K) From: 5888K(12800K)->5312K(11776K)
[63.199s][info][gc,heap        ] GC(626) ParOldGen: 134504K(349696K)->140264K(349696K)
[63.199s][info][gc,metaspace   ] GC(626) Metaspace: 60900K(61824K)->60900K(61824K) NonClass: 53326K(53824K)->53326K(53824K) Class: 7573K(8000K)->7573K(8000K)
[63.199s][info][gc             ] GC(626) Pause Young (Allocation Failure) 282M->142M(498M) 38.490ms
[63.199s][info][gc,cpu         ] GC(626) User=0.38s Sys=0.00s Real=0.03s
[63.247s][info][gc,start       ] GC(627) Pause Young (Allocation Failure)
[63.270s][info][gc,heap        ] GC(627) PSYoungGen: 154304K(160768K)->1088K(161280K) Eden: 148992K(148992K)->0K(148992K) From: 5312K(11776K)->1088K(12288K)
[63.270s][info][gc,heap        ] GC(627) ParOldGen: 140264K(349696K)->145432K(349696K)
[63.270s][info][gc,metaspace   ] GC(627) Metaspace: 60901K(61824K)->60901K(61824K) NonClass: 53327K(53824K)->53327K(53824K) Class: 7573K(8000K)->7573K(8000K)
[63.270s][info][gc             ] GC(627) Pause Young (Allocation Failure) 287M->143M(499M) 22.861ms
[63.270s][info][gc,cpu         ] GC(627) User=0.17s Sys=0.00s Real=0.02s
[63.323s][info][gc,start       ] GC(628) Pause Young (Allocation Failure)
[63.328s][info][gc,heap        ] GC(628) PSYoungGen: 150080K(161280K)->192K(162304K) Eden: 148992K(148992K)->0K(150528K) From: 1088K(12288K)->192K(11776K)
[63.328s][info][gc,heap        ] GC(628) ParOldGen: 145432K(349696K)->146264K(349696K)
[63.328s][info][gc,metaspace   ] GC(628) Metaspace: 60901K(61824K)->60901K(61824K) NonClass: 53327K(53824K)->53327K(53824K) Class: 7573K(8000K)->7573K(8000K)
[63.328s][info][gc             ] GC(628) Pause Young (Allocation Failure) 288M->143M(500M) 5.187ms
[63.328s][info][gc,cpu         ] GC(628) User=0.03s Sys=0.00s Real=0.02s
[63.382s][info][gc,start       ] GC(629) Pause Young (Allocation Failure)
[63.383s][info][gc,heap        ] GC(629) PSYoungGen: 150720K(162304K)->288K(162304K) Eden: 150528K(150528K)->0K(150528K) From: 192K(11776K)->288K(11776K)
[63.383s][info][gc,heap        ] GC(629) ParOldGen: 146264K(349696K)->146272K(349696K)
[63.383s][info][gc,metaspace   ] GC(629) Metaspace: 60901K(61824K)->60901K(61824K) NonClass: 53327K(53824K)->53327K(53824K) Class: 7573K(8000K)->7573K(8000K)
[63.383s][info][gc             ] GC(629) Pause Young (Allocation Failure) 290M->143M(500M) 1.319ms
[63.383s][info][gc,cpu         ] GC(629) User=0.00s Sys=0.00s Real=0.00s
[63.437s][info][gc,start       ] GC(630) Pause Young (Allocation Failure)
[63.438s][info][gc,heap        ] GC(630) PSYoungGen: 150816K(162304K)->256K(162304K) Eden: 150528K(150528K)->0K(151040K) From: 288K(11776K)->256K(11264K)
[63.438s][info][gc,heap        ] GC(630) ParOldGen: 146272K(349696K)->146288K(349696K)
[63.438s][info][gc,metaspace   ] GC(630) Metaspace: 60901K(61824K)->60901K(61824K) NonClass: 53327K(53824K)->53327K(53824K) Class: 7573K(8000K)->7573K(8000K)
[63.439s][info][gc             ] GC(630) Pause Young (Allocation Failure) 290M->143M(500M) 1.382ms
[63.439s][info][gc,cpu         ] GC(630) User=0.00s Sys=0.00s Real=0.00s
[63.494s][info][gc,start       ] GC(631) Pause Young (Allocation Failure)
[63.496s][info][gc,heap        ] GC(631) PSYoungGen: 151296K(162304K)->192K(162304K) Eden: 151040K(151040K)->0K(151040K) From: 256K(11264K)->192K(11264K)
[63.496s][info][gc,heap        ] GC(631) ParOldGen: 146288K(349696K)->146296K(349696K)
[63.496s][info][gc,metaspace   ] GC(631) Metaspace: 60901K(61824K)->60901K(61824K) NonClass: 53327K(53824K)->53327K(53824K) Class: 7573K(8000K)->7573K(8000K)
[63.496s][info][gc             ] GC(631) Pause Young (Allocation Failure) 290M->143M(500M) 1.308ms
[63.496s][info][gc,cpu         ] GC(631) User=0.00s Sys=0.00s Real=0.00s
[63.550s][info][gc,start       ] GC(632) Pause Young (Allocation Failure)
[63.552s][info][gc,heap        ] GC(632) PSYoungGen: 151232K(162304K)->192K(162816K) Eden: 151040K(151040K)->0K(152576K) From: 192K(11264K)->192K(10240K)
[63.552s][info][gc,heap        ] GC(632) ParOldGen: 146296K(349696K)->146312K(349696K)
[63.552s][info][gc,metaspace   ] GC(632) Metaspace: 60901K(61824K)->60901K(61824K) NonClass: 53327K(53824K)->53327K(53824K) Class: 7573K(8000K)->7573K(8000K)
[63.552s][info][gc             ] GC(632) Pause Young (Allocation Failure) 290M->143M(500M) 1.461ms
[63.552s][info][gc,cpu         ] GC(632) User=0.03s Sys=0.00s Real=0.01s
[63.621s][info][gc,start       ] GC(633) Pause Young (Allocation Failure)
[63.622s][info][gc,heap        ] GC(633) PSYoungGen: 152768K(162816K)->352K(162816K) Eden: 152576K(152576K)->0K(152576K) From: 192K(10240K)->352K(10240K)
[63.622s][info][gc,heap        ] GC(633) ParOldGen: 146312K(349696K)->146320K(349696K)
[63.622s][info][gc,metaspace   ] GC(633) Metaspace: 60901K(61824K)->60901K(61824K) NonClass: 53327K(53824K)->53327K(53824K) Class: 7573K(8000K)->7573K(8000K)
[63.622s][info][gc             ] GC(633) Pause Young (Allocation Failure) 292M->143M(500M) 0.843ms
[63.622s][info][gc,cpu         ] GC(633) User=0.00s Sys=0.00s Real=0.00s
[63.723s][info][gc,start       ] GC(634) Pause Young (Allocation Failure)
[63.723s][info][gc,heap        ] GC(634) PSYoungGen: 152928K(162816K)->128K(163840K) Eden: 152576K(152576K)->0K(154112K) From: 352K(10240K)->128K(9728K)
[63.723s][info][gc,heap        ] GC(634) ParOldGen: 146320K(349696K)->146408K(349696K)
[63.723s][info][gc,metaspace   ] GC(634) Metaspace: 60901K(61824K)->60901K(61824K) NonClass: 53327K(53824K)->53327K(53824K) Class: 7573K(8000K)->7573K(8000K)
[63.723s][info][gc             ] GC(634) Pause Young (Allocation Failure) 292M->143M(501M) 0.771ms
[63.723s][info][gc,cpu         ] GC(634) User=0.19s Sys=0.00s Real=0.01s
[63.828s][info][gc,start       ] GC(635) Pause Young (Allocation Failure)
[63.829s][info][gc,heap        ] GC(635) PSYoungGen: 154240K(163840K)->128K(163840K) Eden: 154112K(154112K)->0K(154112K) From: 128K(9728K)->128K(9728K)
[63.829s][info][gc,heap        ] GC(635) ParOldGen: 146408K(349696K)->146416K(349696K)
[63.829s][info][gc,metaspace   ] GC(635) Metaspace: 60901K(61824K)->60901K(61824K) NonClass: 53327K(53824K)->53327K(53824K) Class: 7573K(8000K)->7573K(8000K)
[63.829s][info][gc             ] GC(635) Pause Young (Allocation Failure) 293M->143M(501M) 1.451ms
[63.829s][info][gc,cpu         ] GC(635) User=0.00s Sys=0.00s Real=0.00s
[63.919s][info][gc,start       ] GC(636) Pause Young (Allocation Failure)
[63.920s][info][gc,heap        ] GC(636) PSYoungGen: 154240K(163840K)->192K(164352K) Eden: 154112K(154112K)->0K(155648K) From: 128K(9728K)->192K(8704K)
[63.920s][info][gc,heap        ] GC(636) ParOldGen: 146416K(349696K)->146432K(349696K)
[63.920s][info][gc,metaspace   ] GC(636) Metaspace: 60901K(61824K)->60901K(61824K) NonClass: 53327K(53824K)->53327K(53824K) Class: 7573K(8000K)->7573K(8000K)
[63.920s][info][gc             ] GC(636) Pause Young (Allocation Failure) 293M->143M(502M) 1.522ms
[63.920s][info][gc,cpu         ] GC(636) User=0.00s Sys=0.00s Real=0.00s
[64.011s][info][gc,start       ] GC(637) Pause Young (Allocation Failure)
[64.012s][info][gc,heap        ] GC(637) PSYoungGen: 155840K(164352K)->192K(164352K) Eden: 155648K(155648K)->0K(155648K) From: 192K(8704K)->192K(8704K)
[64.012s][info][gc,heap        ] GC(637) ParOldGen: 146432K(349696K)->146440K(349696K)
[64.012s][info][gc,metaspace   ] GC(637) Metaspace: 60901K(61824K)->60901K(61824K) NonClass: 53327K(53824K)->53327K(53824K) Class: 7573K(8000K)->7573K(8000K)
[64.012s][info][gc             ] GC(637) Pause Young (Allocation Failure) 295M->143M(502M) 1.423ms
[64.012s][info][gc,cpu         ] GC(637) User=0.03s Sys=0.00s Real=0.02s
[64.103s][info][gc,start       ] GC(638) Pause Young (Allocation Failure)
[64.104s][info][gc,heap        ] GC(638) PSYoungGen: 155840K(164352K)->224K(165376K) Eden: 155648K(155648K)->0K(157696K) From: 192K(8704K)->224K(7680K)
[64.104s][info][gc,heap        ] GC(638) ParOldGen: 146440K(349696K)->146448K(349696K)
[64.104s][info][gc,metaspace   ] GC(638) Metaspace: 60901K(61824K)->60901K(61824K) NonClass: 53327K(53824K)->53327K(53824K) Class: 7573K(8000K)->7573K(8000K)
[64.104s][info][gc             ] GC(638) Pause Young (Allocation Failure) 295M->143M(503M) 1.436ms
[64.104s][info][gc,cpu         ] GC(638) User=0.00s Sys=0.00s Real=0.00s
[64.153s][info][gc,start       ] GC(639) Pause Young (System.gc())
[64.155s][info][gc,heap        ] GC(639) PSYoungGen: 51482K(165376K)->384K(158208K) Eden: 51258K(157696K)->0K(157696K) From: 224K(7680K)->384K(512K)
[64.155s][info][gc,heap        ] GC(639) ParOldGen: 146448K(349696K)->146464K(349696K)
[64.155s][info][gc,metaspace   ] GC(639) Metaspace: 60916K(61824K)->60916K(61824K) NonClass: 53342K(53824K)->53342K(53824K) Class: 7573K(8000K)->7573K(8000K)
[64.155s][info][gc             ] GC(639) Pause Young (System.gc()) 193M->143M(496M) 1.594ms
[64.155s][info][gc,cpu         ] GC(639) User=0.00s Sys=0.00s Real=0.00s
[64.155s][info][gc,start       ] GC(640) Pause Full (System.gc())
[64.155s][info][gc,phases,start] GC(640) Marking Phase
[64.239s][info][gc,phases      ] GC(640) Marking Phase 84.305ms
[64.240s][info][gc,phases,start] GC(640) Summary Phase
[64.240s][info][gc,phases      ] GC(640) Summary Phase 0.015ms
[64.240s][info][gc,phases,start] GC(640) Adjust Roots
[64.248s][info][gc,phases      ] GC(640) Adjust Roots 8.189ms
[64.248s][info][gc,phases,start] GC(640) Compaction Phase
[64.267s][info][gc,phases      ] GC(640) Compaction Phase 19.346ms
[64.267s][info][gc,phases,start] GC(640) Post Compact
[64.268s][info][gc,phases      ] GC(640) Post Compact 1.023ms
[64.268s][info][gc,heap        ] GC(640) PSYoungGen: 384K(158208K)->0K(158208K) Eden: 0K(157696K)->0K(157696K) From: 384K(512K)->0K(512K)
[64.268s][info][gc,heap        ] GC(640) ParOldGen: 146464K(349696K)->102070K(349696K)
[64.268s][info][gc,metaspace   ] GC(640) Metaspace: 60916K(61824K)->60916K(61824K) NonClass: 53342K(53824K)->53342K(53824K) Class: 7573K(8000K)->7573K(8000K)
[64.268s][info][gc             ] GC(640) Pause Full (System.gc()) 143M->99M(496M) 113.285ms
[64.268s][info][gc,cpu         ] GC(640) User=0.75s Sys=0.00s Real=0.11s
[64.384s][info][gc,start       ] GC(641) Pause Young (Allocation Failure)
[64.387s][info][gc,heap        ] GC(641) PSYoungGen: 157696K(158208K)->4416K(164352K) Eden: 157696K(157696K)->0K(157184K) From: 0K(512K)->4416K(7168K)
[64.387s][info][gc,heap        ] GC(641) ParOldGen: 102070K(349696K)->102078K(349696K)
[64.388s][info][gc,metaspace   ] GC(641) Metaspace: 60928K(61824K)->60928K(61824K) NonClass: 53354K(53824K)->53354K(53824K) Class: 7573K(8000K)->7573K(8000K)
[64.388s][info][gc             ] GC(641) Pause Young (Allocation Failure) 253M->103M(502M) 3.871ms
[64.388s][info][gc,cpu         ] GC(641) User=0.03s Sys=0.00s Real=0.02s
[64.437s][info][gc,start       ] GC(642) Pause Young (Allocation Failure)
[64.452s][info][gc,heap        ] GC(642) PSYoungGen: 161600K(164352K)->6368K(164864K) Eden: 157184K(157184K)->0K(157184K) From: 4416K(7168K)->6368K(7680K)
[64.452s][info][gc,heap        ] GC(642) ParOldGen: 102078K(349696K)->105631K(349696K)
[64.453s][info][gc,metaspace   ] GC(642) Metaspace: 60928K(61824K)->60928K(61824K) NonClass: 53354K(53824K)->53354K(53824K) Class: 7573K(8000K)->7573K(8000K)
[64.453s][info][gc             ] GC(642) Pause Young (Allocation Failure) 257M->109M(502M) 15.165ms
[64.453s][info][gc,cpu         ] GC(642) User=0.03s Sys=0.00s Real=0.02s
[64.502s][info][gc,start       ] GC(643) Pause Young (Allocation Failure)
[64.514s][info][gc,heap        ] GC(643) PSYoungGen: 163552K(164864K)->7136K(163328K) Eden: 157184K(157184K)->0K(154112K) From: 6368K(7680K)->7136K(9216K)
[64.514s][info][gc,heap        ] GC(643) ParOldGen: 105631K(349696K)->111415K(349696K)
[64.514s][info][gc,metaspace   ] GC(643) Metaspace: 60928K(61824K)->60928K(61824K) NonClass: 53354K(53824K)->53354K(53824K) Class: 7573K(8000K)->7573K(8000K)
[64.514s][info][gc             ] GC(643) Pause Young (Allocation Failure) 262M->115M(501M) 11.753ms
[64.514s][info][gc,cpu         ] GC(643) User=0.19s Sys=0.00s Real=0.02s
[64.559s][info][gc,start       ] GC(644) Pause Young (Allocation Failure)
[64.577s][info][gc,heap        ] GC(644) PSYoungGen: 161248K(163328K)->6496K(160768K) Eden: 154112K(154112K)->0K(154112K) From: 7136K(9216K)->6496K(6656K)
[64.577s][info][gc,heap        ] GC(644) ParOldGen: 111415K(349696K)->118359K(349696K)
[64.577s][info][gc,metaspace   ] GC(644) Metaspace: 60928K(61824K)->60928K(61824K) NonClass: 53354K(53824K)->53354K(53824K) Class: 7573K(8000K)->7573K(8000K)
[64.577s][info][gc             ] GC(644) Pause Young (Allocation Failure) 266M->121M(498M) 17.442ms
[64.577s][info][gc,cpu         ] GC(644) User=0.03s Sys=0.00s Real=0.02s
[64.630s][info][gc,start       ] GC(645) Pause Young (Allocation Failure)
[64.644s][info][gc,heap        ] GC(645) PSYoungGen: 160608K(160768K)->7104K(161792K) Eden: 154112K(154112K)->0K(151040K) From: 6496K(6656K)->7104K(10752K)
[64.644s][info][gc,heap        ] GC(645) ParOldGen: 118359K(349696K)->124623K(349696K)
[64.644s][info][gc,metaspace   ] GC(645) Metaspace: 60928K(61824K)->60928K(61824K) NonClass: 53354K(53824K)->53354K(53824K) Class: 7573K(8000K)->7573K(8000K)
[64.644s][info][gc             ] GC(645) Pause Young (Allocation Failure) 272M->128M(499M) 13.810ms
[64.644s][info][gc,cpu         ] GC(645) User=0.03s Sys=0.00s Real=0.02s
[64.693s][info][gc,start       ] GC(646) Pause Young (Allocation Failure)
[64.705s][info][gc,heap        ] GC(646) PSYoungGen: 158144K(161792K)->5824K(162816K) Eden: 151040K(151040K)->0K(151040K) From: 7104K(10752K)->5824K(11776K)
[64.705s][info][gc,heap        ] GC(646) ParOldGen: 124623K(349696K)->131639K(349696K)
[64.705s][info][gc,metaspace   ] GC(646) Metaspace: 60928K(61824K)->60928K(61824K) NonClass: 53354K(53824K)->53354K(53824K) Class: 7573K(8000K)->7573K(8000K)
[64.705s][info][gc             ] GC(646) Pause Young (Allocation Failure) 276M->134M(500M) 11.522ms
[64.705s][info][gc,cpu         ] GC(646) User=0.00s Sys=0.00s Real=0.00s
[64.749s][info][gc,start       ] GC(647) Pause Young (Allocation Failure)
[64.789s][info][gc,heap        ] GC(647) PSYoungGen: 156864K(162816K)->6272K(161792K) Eden: 151040K(151040K)->0K(150016K) From: 5824K(11776K)->6272K(11776K)
[64.789s][info][gc,heap        ] GC(647) ParOldGen: 131639K(349696K)->137359K(349696K)
[64.789s][info][gc,metaspace   ] GC(647) Metaspace: 60928K(61824K)->60928K(61824K) NonClass: 53354K(53824K)->53354K(53824K) Class: 7573K(8000K)->7573K(8000K)
[64.789s][info][gc             ] GC(647) Pause Young (Allocation Failure) 281M->140M(499M) 39.685ms
[64.789s][info][gc,cpu         ] GC(647) User=0.56s Sys=0.00s Real=0.05s
[64.837s][info][gc,start       ] GC(648) Pause Young (Allocation Failure)
[64.870s][info][gc,heap        ] GC(648) PSYoungGen: 156288K(161792K)->2880K(153088K) Eden: 150016K(150016K)->0K(150016K) From: 6272K(11776K)->2880K(3072K)
[64.870s][info][gc,heap        ] GC(648) ParOldGen: 137359K(349696K)->143543K(349696K)
[64.870s][info][gc,metaspace   ] GC(648) Metaspace: 60929K(61824K)->60929K(61824K) NonClass: 53355K(53824K)->53355K(53824K) Class: 7573K(8000K)->7573K(8000K)
[64.870s][info][gc             ] GC(648) Pause Young (Allocation Failure) 286M->142M(491M) 33.874ms
[64.870s][info][gc,cpu         ] GC(648) User=0.38s Sys=0.00s Real=0.03s
[64.919s][info][gc,start       ] GC(649) Pause Young (Allocation Failure)
[64.930s][info][gc,heap        ] GC(649) PSYoungGen: 152896K(153088K)->160K(161792K) Eden: 150016K(150016K)->0K(150528K) From: 2880K(3072K)->160K(11264K)
[64.930s][info][gc,heap        ] GC(649) ParOldGen: 143543K(349696K)->146271K(349696K)
[64.930s][info][gc,metaspace   ] GC(649) Metaspace: 60929K(61824K)->60929K(61824K) NonClass: 53355K(53824K)->53355K(53824K) Class: 7573K(8000K)->7573K(8000K)
[64.930s][info][gc             ] GC(649) Pause Young (Allocation Failure) 289M->142M(499M) 11.139ms
[64.930s][info][gc,cpu         ] GC(649) User=0.17s Sys=0.00s Real=0.02s
[64.981s][info][gc,start       ] GC(650) Pause Young (Allocation Failure)
[64.982s][info][gc,heap        ] GC(650) PSYoungGen: 150688K(161792K)->256K(161792K) Eden: 150528K(150528K)->0K(150528K) From: 160K(11264K)->256K(11264K)
[64.982s][info][gc,heap        ] GC(650) ParOldGen: 146271K(349696K)->146271K(349696K)
[64.982s][info][gc,metaspace   ] GC(650) Metaspace: 60929K(61824K)->60929K(61824K) NonClass: 53355K(53824K)->53355K(53824K) Class: 7573K(8000K)->7573K(8000K)
[64.982s][info][gc             ] GC(650) Pause Young (Allocation Failure) 289M->143M(499M) 1.317ms
[64.982s][info][gc,cpu         ] GC(650) User=0.00s Sys=0.00s Real=0.00s
[65.035s][info][gc,start       ] GC(651) Pause Young (Allocation Failure)
[65.052s][info][gc,heap        ] GC(651) PSYoungGen: 150784K(161792K)->160K(162304K) Eden: 150528K(150528K)->0K(152064K) From: 256K(11264K)->160K(10240K)
[65.052s][info][gc,heap        ] GC(651) ParOldGen: 146271K(349696K)->146279K(349696K)
[65.052s][info][gc,metaspace   ] GC(651) Metaspace: 60929K(61824K)->60929K(61824K) NonClass: 53355K(53824K)->53355K(53824K) Class: 7573K(8000K)->7573K(8000K)
[65.052s][info][gc             ] GC(651) Pause Young (Allocation Failure) 290M->143M(500M) 16.455ms
[65.052s][info][gc,cpu         ] GC(651) User=0.00s Sys=0.00s Real=0.02s
[65.109s][info][gc,start       ] GC(652) Pause Young (Allocation Failure)
[65.111s][info][gc,heap        ] GC(652) PSYoungGen: 152224K(162304K)->192K(162816K) Eden: 152064K(152064K)->0K(152064K) From: 160K(10240K)->192K(10752K)
[65.111s][info][gc,heap        ] GC(652) ParOldGen: 146279K(349696K)->146295K(349696K)
[65.111s][info][gc,metaspace   ] GC(652) Metaspace: 60929K(61824K)->60929K(61824K) NonClass: 53355K(53824K)->53355K(53824K) Class: 7573K(8000K)->7573K(8000K)
[65.111s][info][gc             ] GC(652) Pause Young (Allocation Failure) 291M->143M(500M) 1.291ms
[65.111s][info][gc,cpu         ] GC(652) User=0.00s Sys=0.00s Real=0.00s
[65.176s][info][gc,start       ] GC(653) Pause Young (Allocation Failure)
[65.178s][info][gc,heap        ] GC(653) PSYoungGen: 152256K(162816K)->352K(163840K) Eden: 152064K(152064K)->0K(153600K) From: 192K(10752K)->352K(10240K)
[65.178s][info][gc,heap        ] GC(653) ParOldGen: 146295K(349696K)->146303K(349696K)
[65.178s][info][gc,metaspace   ] GC(653) Metaspace: 60929K(61824K)->60929K(61824K) NonClass: 53355K(53824K)->53355K(53824K) Class: 7573K(8000K)->7573K(8000K)
[65.178s][info][gc             ] GC(653) Pause Young (Allocation Failure) 291M->143M(501M) 1.451ms
[65.178s][info][gc,cpu         ] GC(653) User=0.00s Sys=0.00s Real=0.00s
[65.289s][info][gc,start       ] GC(654) Pause Young (Allocation Failure)
[65.290s][info][gc,heap        ] GC(654) PSYoungGen: 153952K(163840K)->128K(163840K) Eden: 153600K(153600K)->0K(153600K) From: 352K(10240K)->128K(10240K)
[65.290s][info][gc,heap        ] GC(654) ParOldGen: 146303K(349696K)->146391K(349696K)
[65.290s][info][gc,metaspace   ] GC(654) Metaspace: 60929K(61824K)->60929K(61824K) NonClass: 53355K(53824K)->53355K(53824K) Class: 7573K(8000K)->7573K(8000K)
[65.290s][info][gc             ] GC(654) Pause Young (Allocation Failure) 293M->143M(501M) 0.834ms
[65.290s][info][gc,cpu         ] GC(654) User=0.00s Sys=0.00s Real=0.00s
[65.395s][info][gc,start       ] GC(655) Pause Young (Allocation Failure)
[65.397s][info][gc,heap        ] GC(655) PSYoungGen: 153728K(163840K)->192K(163840K) Eden: 153600K(153600K)->0K(154624K) From: 128K(10240K)->192K(9216K)
[65.397s][info][gc,heap        ] GC(655) ParOldGen: 146391K(349696K)->146391K(349696K)
[65.397s][info][gc,metaspace   ] GC(655) Metaspace: 60929K(61824K)->60929K(61824K) NonClass: 53355K(53824K)->53355K(53824K) Class: 7573K(8000K)->7573K(8000K)
[65.397s][info][gc             ] GC(655) Pause Young (Allocation Failure) 293M->143M(501M) 1.364ms
[65.397s][info][gc,cpu         ] GC(655) User=0.00s Sys=0.00s Real=0.00s
[65.505s][info][gc,start       ] GC(656) Pause Young (Allocation Failure)
[65.506s][info][gc,heap        ] GC(656) PSYoungGen: 154816K(163840K)->192K(163840K) Eden: 154624K(154624K)->0K(154624K) From: 192K(9216K)->192K(9216K)
[65.506s][info][gc,heap        ] GC(656) ParOldGen: 146391K(349696K)->146399K(349696K)
[65.506s][info][gc,metaspace   ] GC(656) Metaspace: 60929K(61824K)->60929K(61824K) NonClass: 53355K(53824K)->53355K(53824K) Class: 7573K(8000K)->7573K(8000K)
[65.506s][info][gc             ] GC(656) Pause Young (Allocation Failure) 294M->143M(501M) 1.393ms
[65.506s][info][gc,cpu         ] GC(656) User=0.00s Sys=0.00s Real=0.00s
[65.596s][info][gc,start       ] GC(657) Pause Young (Allocation Failure)
[65.598s][info][gc,heap        ] GC(657) PSYoungGen: 154816K(163840K)->160K(164864K) Eden: 154624K(154624K)->0K(156672K) From: 192K(9216K)->160K(8192K)
[65.598s][info][gc,heap        ] GC(657) ParOldGen: 146399K(349696K)->146407K(349696K)
[65.598s][info][gc,metaspace   ] GC(657) Metaspace: 60929K(61824K)->60929K(61824K) NonClass: 53355K(53824K)->53355K(53824K) Class: 7573K(8000K)->7573K(8000K)
[65.598s][info][gc             ] GC(657) Pause Young (Allocation Failure) 294M->143M(502M) 1.386ms
[65.598s][info][gc,cpu         ] GC(657) User=0.00s Sys=0.00s Real=0.00s
[65.689s][info][gc,start       ] GC(658) Pause Young (Allocation Failure)
[65.690s][info][gc,heap        ] GC(658) PSYoungGen: 156832K(164864K)->352K(164864K) Eden: 156672K(156672K)->0K(156672K) From: 160K(8192K)->352K(8192K)
[65.690s][info][gc,heap        ] GC(658) ParOldGen: 146407K(349696K)->146415K(349696K)
[65.690s][info][gc,metaspace   ] GC(658) Metaspace: 60933K(61824K)->60933K(61824K) NonClass: 53359K(53824K)->53359K(53824K) Class: 7573K(8000K)->7573K(8000K)
[65.690s][info][gc             ] GC(658) Pause Young (Allocation Failure) 296M->143M(502M) 1.355ms
[65.690s][info][gc,cpu         ] GC(658) User=0.00s Sys=0.00s Real=0.00s
[65.798s][info][gc,start       ] GC(659) Pause Young (Allocation Failure)
[65.799s][info][gc,heap        ] GC(659) PSYoungGen: 157024K(164864K)->128K(165376K) Eden: 156672K(156672K)->0K(158208K) From: 352K(8192K)->128K(7168K)
[65.799s][info][gc,heap        ] GC(659) ParOldGen: 146415K(349696K)->146503K(349696K)
[65.799s][info][gc,metaspace   ] GC(659) Metaspace: 60933K(61824K)->60933K(61824K) NonClass: 53359K(53824K)->53359K(53824K) Class: 7573K(8000K)->7573K(8000K)
[65.799s][info][gc             ] GC(659) Pause Young (Allocation Failure) 296M->143M(503M) 0.739ms
[65.799s][info][gc,cpu         ] GC(659) User=0.00s Sys=0.00s Real=0.00s
[65.855s][info][gc,start       ] GC(660) Pause Young (System.gc())
[65.856s][info][gc,heap        ] GC(660) PSYoungGen: 30873K(165376K)->384K(158720K) Eden: 30745K(158208K)->0K(158208K) From: 128K(7168K)->384K(512K)
[65.856s][info][gc,heap        ] GC(660) ParOldGen: 146503K(349696K)->146527K(349696K)
[65.856s][info][gc,metaspace   ] GC(660) Metaspace: 60937K(61824K)->60937K(61824K) NonClass: 53363K(53824K)->53363K(53824K) Class: 7573K(8000K)->7573K(8000K)
[65.856s][info][gc             ] GC(660) Pause Young (System.gc()) 173M->143M(496M) 1.258ms
[65.856s][info][gc,cpu         ] GC(660) User=0.00s Sys=0.00s Real=0.00s
[65.856s][info][gc,start       ] GC(661) Pause Full (System.gc())
[65.856s][info][gc,phases,start] GC(661) Marking Phase
[65.949s][info][gc,phases      ] GC(661) Marking Phase 92.939ms
[65.949s][info][gc,phases,start] GC(661) Summary Phase
[65.949s][info][gc,phases      ] GC(661) Summary Phase 0.015ms
[65.949s][info][gc,phases,start] GC(661) Adjust Roots
[65.958s][info][gc,phases      ] GC(661) Adjust Roots 8.249ms
[65.958s][info][gc,phases,start] GC(661) Compaction Phase
[65.979s][info][gc,phases      ] GC(661) Compaction Phase 20.933ms
[65.979s][info][gc,phases,start] GC(661) Post Compact
[65.979s][info][gc,phases      ] GC(661) Post Compact 0.813ms
[65.980s][info][gc,heap        ] GC(661) PSYoungGen: 384K(158720K)->0K(158720K) Eden: 0K(158208K)->0K(158208K) From: 384K(512K)->0K(512K)
[65.980s][info][gc,heap        ] GC(661) ParOldGen: 146527K(349696K)->102095K(349696K)
[65.980s][info][gc,metaspace   ] GC(661) Metaspace: 60937K(61824K)->60937K(61824K) NonClass: 53363K(53824K)->53363K(53824K) Class: 7573K(8000K)->7573K(8000K)
[65.980s][info][gc             ] GC(661) Pause Full (System.gc()) 143M->99M(496M) 123.212ms
[65.980s][info][gc,cpu         ] GC(661) User=1.08s Sys=0.00s Real=0.13s
[66.103s][info][gc,start       ] GC(662) Pause Young (Allocation Failure)
[66.106s][info][gc,heap        ] GC(662) PSYoungGen: 158208K(158720K)->3360K(165376K) Eden: 158208K(158208K)->0K(158208K) From: 0K(512K)->3360K(7168K)
[66.106s][info][gc,heap        ] GC(662) ParOldGen: 102095K(349696K)->102103K(349696K)
[66.106s][info][gc,metaspace   ] GC(662) Metaspace: 60948K(61888K)->60948K(61888K) NonClass: 53374K(53888K)->53374K(53888K) Class: 7573K(8000K)->7573K(8000K)
[66.106s][info][gc             ] GC(662) Pause Young (Allocation Failure) 254M->102M(503M) 2.977ms
[66.106s][info][gc,cpu         ] GC(662) User=0.00s Sys=0.00s Real=0.00s
[66.161s][info][gc,start       ] GC(663) Pause Young (Allocation Failure)
[66.170s][info][gc,heap        ] GC(663) PSYoungGen: 161568K(165376K)->5472K(165376K) Eden: 158208K(158208K)->0K(158208K) From: 3360K(7168K)->5472K(7168K)
[66.170s][info][gc,heap        ] GC(663) ParOldGen: 102103K(349696K)->105252K(349696K)
[66.170s][info][gc,metaspace   ] GC(663) Metaspace: 60949K(61888K)->60949K(61888K) NonClass: 53375K(53888K)->53375K(53888K) Class: 7573K(8000K)->7573K(8000K)
[66.170s][info][gc             ] GC(663) Pause Young (Allocation Failure) 257M->108M(503M) 8.985ms
[66.170s][info][gc,cpu         ] GC(663) User=0.03s Sys=0.00s Real=0.02s
[66.225s][info][gc,start       ] GC(664) Pause Young (Allocation Failure)
[66.238s][info][gc,heap        ] GC(664) PSYoungGen: 163680K(165376K)->8160K(159232K) Eden: 158208K(158208K)->0K(151040K) From: 5472K(7168K)->8160K(8192K)
[66.238s][info][gc,heap        ] GC(664) ParOldGen: 105252K(349696K)->110172K(349696K)
[66.238s][info][gc,metaspace   ] GC(664) Metaspace: 60949K(61888K)->60949K(61888K) NonClass: 53375K(53888K)->53375K(53888K) Class: 7573K(8000K)->7573K(8000K)
[66.238s][info][gc             ] GC(664) Pause Young (Allocation Failure) 262M->115M(497M) 12.701ms
[66.238s][info][gc,cpu         ] GC(664) User=0.03s Sys=0.00s Real=0.02s
[66.291s][info][gc,start       ] GC(665) Pause Young (Allocation Failure)
[66.306s][info][gc,heap        ] GC(665) PSYoungGen: 159200K(159232K)->6400K(157696K) Eden: 151040K(151040K)->0K(151040K) From: 8160K(8192K)->6400K(6656K)
[66.306s][info][gc,heap        ] GC(665) ParOldGen: 110172K(349696K)->118388K(349696K)
[66.306s][info][gc,metaspace   ] GC(665) Metaspace: 60949K(61888K)->60949K(61888K) NonClass: 53375K(53888K)->53375K(53888K) Class: 7573K(8000K)->7573K(8000K)
[66.306s][info][gc             ] GC(665) Pause Young (Allocation Failure) 263M->121M(495M) 14.689ms
[66.306s][info][gc,cpu         ] GC(665) User=0.03s Sys=0.00s Real=0.02s
[66.351s][info][gc,start       ] GC(666) Pause Young (Allocation Failure)
[66.366s][info][gc,heap        ] GC(666) PSYoungGen: 157440K(157696K)->8064K(160256K) Eden: 151040K(151040K)->0K(147968K) From: 6400K(6656K)->8064K(12288K)
[66.366s][info][gc,heap        ] GC(666) ParOldGen: 118388K(349696K)->124676K(349696K)
[66.366s][info][gc,metaspace   ] GC(666) Metaspace: 60949K(61888K)->60949K(61888K) NonClass: 53375K(53888K)->53375K(53888K) Class: 7573K(8000K)->7573K(8000K)
[66.366s][info][gc             ] GC(666) Pause Young (Allocation Failure) 269M->129M(498M) 15.026ms
[66.366s][info][gc,cpu         ] GC(666) User=0.17s Sys=0.00s Real=0.02s
[66.413s][info][gc,start       ] GC(667) Pause Young (Allocation Failure)
[66.434s][info][gc,heap        ] GC(667) PSYoungGen: 156032K(160256K)->6752K(161280K) Eden: 147968K(147968K)->0K(147968K) From: 8064K(12288K)->6752K(13312K)
[66.435s][info][gc,heap        ] GC(667) ParOldGen: 124676K(349696K)->132620K(349696K)
[66.435s][info][gc,metaspace   ] GC(667) Metaspace: 60949K(61888K)->60949K(61888K) NonClass: 53375K(53888K)->53375K(53888K) Class: 7573K(8000K)->7573K(8000K)
[66.435s][info][gc             ] GC(667) Pause Young (Allocation Failure) 274M->136M(499M) 21.825ms
[66.435s][info][gc,cpu         ] GC(667) User=0.17s Sys=0.00s Real=0.03s
[66.480s][info][gc,start       ] GC(668) Pause Young (Allocation Failure)
[66.520s][info][gc,heap        ] GC(668) PSYoungGen: 154720K(161280K)->6272K(161280K) Eden: 147968K(147968K)->0K(147968K) From: 6752K(13312K)->6272K(13312K)
[66.520s][info][gc,heap        ] GC(668) ParOldGen: 132620K(349696K)->139316K(349696K)
[66.520s][info][gc,metaspace   ] GC(668) Metaspace: 60949K(61888K)->60949K(61888K) NonClass: 53375K(53888K)->53375K(53888K) Class: 7573K(8000K)->7573K(8000K)
[66.520s][info][gc             ] GC(668) Pause Young (Allocation Failure) 280M->142M(499M) 40.146ms
[66.520s][info][gc,cpu         ] GC(668) User=0.34s Sys=0.00s Real=0.03s
[66.573s][info][gc,start       ] GC(669) Pause Young (Allocation Failure)
[66.599s][info][gc,heap        ] GC(669) PSYoungGen: 154240K(161280K)->1024K(148992K) Eden: 147968K(147968K)->0K(147968K) From: 6272K(13312K)->1024K(1024K)
[66.600s][info][gc,heap        ] GC(669) ParOldGen: 139316K(349696K)->145532K(349696K)
[66.600s][info][gc,metaspace   ] GC(669) Metaspace: 60949K(61888K)->60949K(61888K) NonClass: 53375K(53888K)->53375K(53888K) Class: 7573K(8000K)->7573K(8000K)
[66.600s][info][gc             ] GC(669) Pause Young (Allocation Failure) 286M->143M(487M) 26.406ms
[66.600s][info][gc,cpu         ] GC(669) User=0.17s Sys=0.00s Real=0.01s
[66.654s][info][gc,start       ] GC(670) Pause Young (Allocation Failure)
[66.658s][info][gc,heap        ] GC(670) PSYoungGen: 148992K(148992K)->224K(160768K) Eden: 147968K(147968K)->0K(147968K) From: 1024K(1024K)->224K(12800K)
[66.658s][info][gc,heap        ] GC(670) ParOldGen: 145532K(349696K)->146316K(349696K)
[66.658s][info][gc,metaspace   ] GC(670) Metaspace: 60949K(61888K)->60949K(61888K) NonClass: 53375K(53888K)->53375K(53888K) Class: 7573K(8000K)->7573K(8000K)
[66.658s][info][gc             ] GC(670) Pause Young (Allocation Failure) 287M->143M(498M) 4.827ms
[66.658s][info][gc,cpu         ] GC(670) User=0.00s Sys=0.00s Real=0.00s
[66.706s][info][gc,start       ] GC(671) Pause Young (Allocation Failure)
[66.707s][info][gc,heap        ] GC(671) PSYoungGen: 148192K(160768K)->224K(160768K) Eden: 147968K(147968K)->0K(147968K) From: 224K(12800K)->224K(12800K)
[66.707s][info][gc,heap        ] GC(671) ParOldGen: 146316K(349696K)->146332K(349696K)
[66.707s][info][gc,metaspace   ] GC(671) Metaspace: 60949K(61888K)->60949K(61888K) NonClass: 53375K(53888K)->53375K(53888K) Class: 7573K(8000K)->7573K(8000K)
[66.707s][info][gc             ] GC(671) Pause Young (Allocation Failure) 287M->143M(498M) 0.758ms
[66.707s][info][gc,cpu         ] GC(671) User=0.00s Sys=0.00s Real=0.00s
[66.762s][info][gc,start       ] GC(672) Pause Young (Allocation Failure)
[66.762s][info][gc,heap        ] GC(672) PSYoungGen: 148192K(160768K)->192K(161280K) Eden: 147968K(147968K)->0K(149504K) From: 224K(12800K)->192K(11776K)
[66.762s][info][gc,heap        ] GC(672) ParOldGen: 146332K(349696K)->146340K(349696K)
[66.762s][info][gc,metaspace   ] GC(672) Metaspace: 60949K(61888K)->60949K(61888K) NonClass: 53375K(53888K)->53375K(53888K) Class: 7573K(8000K)->7573K(8000K)
[66.762s][info][gc             ] GC(672) Pause Young (Allocation Failure) 287M->143M(499M) 0.861ms
[66.762s][info][gc,cpu         ] GC(672) User=0.00s Sys=0.00s Real=0.00s
[66.817s][info][gc,start       ] GC(673) Pause Young (Allocation Failure)
[66.817s][info][gc,heap        ] GC(673) PSYoungGen: 149696K(161280K)->256K(161280K) Eden: 149504K(149504K)->0K(149504K) From: 192K(11776K)->256K(11776K)
[66.817s][info][gc,heap        ] GC(673) ParOldGen: 146340K(349696K)->146348K(349696K)
[66.817s][info][gc,metaspace   ] GC(673) Metaspace: 60949K(61888K)->60949K(61888K) NonClass: 53375K(53888K)->53375K(53888K) Class: 7573K(8000K)->7573K(8000K)
[66.817s][info][gc             ] GC(673) Pause Young (Allocation Failure) 289M->143M(499M) 0.737ms
[66.817s][info][gc,cpu         ] GC(673) User=0.00s Sys=0.00s Real=0.00s
[66.873s][info][gc,start       ] GC(674) Pause Young (Allocation Failure)
[66.874s][info][gc,heap        ] GC(674) PSYoungGen: 149760K(161280K)->224K(161792K) Eden: 149504K(149504K)->0K(151040K) From: 256K(11776K)->224K(10752K)
[66.874s][info][gc,heap        ] GC(674) ParOldGen: 146348K(349696K)->146364K(349696K)
[66.874s][info][gc,metaspace   ] GC(674) Metaspace: 60949K(61888K)->60949K(61888K) NonClass: 53375K(53888K)->53375K(53888K) Class: 7573K(8000K)->7573K(8000K)
[66.874s][info][gc             ] GC(674) Pause Young (Allocation Failure) 289M->143M(499M) 0.880ms
[66.874s][info][gc,cpu         ] GC(674) User=0.00s Sys=0.00s Real=0.00s
[66.962s][info][gc,start       ] GC(675) Pause Young (Allocation Failure)
[66.963s][info][gc,heap        ] GC(675) PSYoungGen: 151264K(161792K)->384K(162304K) Eden: 151040K(151040K)->0K(151040K) From: 224K(10752K)->384K(11264K)
[66.963s][info][gc,heap        ] GC(675) ParOldGen: 146364K(349696K)->146380K(349696K)
[66.963s][info][gc,metaspace   ] GC(675) Metaspace: 60949K(61888K)->60949K(61888K) NonClass: 53375K(53888K)->53375K(53888K) Class: 7573K(8000K)->7573K(8000K)
[66.963s][info][gc             ] GC(675) Pause Young (Allocation Failure) 290M->143M(500M) 1.714ms
[66.963s][info][gc,cpu         ] GC(675) User=0.03s Sys=0.00s Real=0.02s
[67.052s][info][gc,start       ] GC(676) Pause Young (Allocation Failure)
[67.054s][info][gc,heap        ] GC(676) PSYoungGen: 151424K(162304K)->128K(162304K) Eden: 151040K(151040K)->0K(152576K) From: 384K(11264K)->128K(9728K)
[67.054s][info][gc,heap        ] GC(676) ParOldGen: 146380K(349696K)->146468K(349696K)
[67.054s][info][gc,metaspace   ] GC(676) Metaspace: 60949K(61888K)->60949K(61888K) NonClass: 53375K(53888K)->53375K(53888K) Class: 7573K(8000K)->7573K(8000K)
[67.054s][info][gc             ] GC(676) Pause Young (Allocation Failure) 290M->143M(500M) 1.437ms
[67.054s][info][gc,cpu         ] GC(676) User=0.00s Sys=0.00s Real=0.00s
[67.175s][info][gc,start       ] GC(677) Pause Young (Allocation Failure)
[67.176s][info][gc,heap        ] GC(677) PSYoungGen: 152704K(162304K)->160K(162816K) Eden: 152576K(152576K)->0K(152576K) From: 128K(9728K)->160K(10240K)
[67.176s][info][gc,heap        ] GC(677) ParOldGen: 146468K(349696K)->146476K(349696K)
[67.176s][info][gc,metaspace   ] GC(677) Metaspace: 60949K(61888K)->60949K(61888K) NonClass: 53375K(53888K)->53375K(53888K) Class: 7573K(8000K)->7573K(8000K)
[67.176s][info][gc             ] GC(677) Pause Young (Allocation Failure) 292M->143M(500M) 1.324ms
[67.177s][info][gc,cpu         ] GC(677) User=0.00s Sys=0.00s Real=0.00s
[67.284s][info][gc,start       ] GC(678) Pause Young (Allocation Failure)
[67.285s][info][gc,heap        ] GC(678) PSYoungGen: 152736K(162816K)->256K(163328K) Eden: 152576K(152576K)->0K(154624K) From: 160K(10240K)->256K(8704K)
[67.285s][info][gc,heap        ] GC(678) ParOldGen: 146476K(349696K)->146484K(349696K)
[67.285s][info][gc,metaspace   ] GC(678) Metaspace: 60949K(61888K)->60949K(61888K) NonClass: 53375K(53888K)->53375K(53888K) Class: 7573K(8000K)->7573K(8000K)
[67.285s][info][gc             ] GC(678) Pause Young (Allocation Failure) 292M->143M(501M) 1.334ms
[67.285s][info][gc,cpu         ] GC(678) User=0.00s Sys=0.00s Real=0.00s
[67.390s][info][gc,start       ] GC(679) Pause Young (Allocation Failure)
[67.391s][info][gc,heap        ] GC(679) PSYoungGen: 154880K(163328K)->192K(163840K) Eden: 154624K(154624K)->0K(154624K) From: 256K(8704K)->192K(9216K)
[67.391s][info][gc,heap        ] GC(679) ParOldGen: 146484K(349696K)->146492K(349696K)
[67.392s][info][gc,metaspace   ] GC(679) Metaspace: 60949K(61888K)->60949K(61888K) NonClass: 53375K(53888K)->53375K(53888K) Class: 7573K(8000K)->7573K(8000K)
[67.392s][info][gc             ] GC(679) Pause Young (Allocation Failure) 294M->143M(501M) 1.424ms
[67.392s][info][gc,cpu         ] GC(679) User=0.00s Sys=0.00s Real=0.00s
[67.497s][info][gc,start       ] GC(680) Pause Young (Allocation Failure)
[67.498s][info][gc,heap        ] GC(680) PSYoungGen: 154816K(163840K)->128K(164352K) Eden: 154624K(154624K)->0K(156672K) From: 192K(9216K)->128K(7680K)
[67.499s][info][gc,heap        ] GC(680) ParOldGen: 146492K(349696K)->146500K(349696K)
[67.499s][info][gc,metaspace   ] GC(680) Metaspace: 60949K(61888K)->60949K(61888K) NonClass: 53375K(53888K)->53375K(53888K) Class: 7573K(8000K)->7573K(8000K)
[67.499s][info][gc             ] GC(680) Pause Young (Allocation Failure) 294M->143M(502M) 1.389ms
[67.499s][info][gc,cpu         ] GC(680) User=0.00s Sys=0.00s Real=0.00s
[67.556s][info][gc,start       ] GC(681) Pause Young (System.gc())
[67.558s][info][gc,heap        ] GC(681) PSYoungGen: 71229K(164352K)->384K(157184K) Eden: 71101K(156672K)->0K(156672K) From: 128K(7680K)->384K(512K)
[67.558s][info][gc,heap        ] GC(681) ParOldGen: 146500K(349696K)->146516K(349696K)
[67.558s][info][gc,metaspace   ] GC(681) Metaspace: 60965K(61888K)->60965K(61888K) NonClass: 53391K(53888K)->53391K(53888K) Class: 7573K(8000K)->7573K(8000K)
[67.558s][info][gc             ] GC(681) Pause Young (System.gc()) 212M->143M(495M) 1.760ms
[67.558s][info][gc,cpu         ] GC(681) User=0.00s Sys=0.00s Real=0.00s
[67.559s][info][gc,start       ] GC(682) Pause Full (System.gc())
[67.559s][info][gc,phases,start] GC(682) Marking Phase
[67.646s][info][gc,phases      ] GC(682) Marking Phase 87.021ms
[67.646s][info][gc,phases,start] GC(682) Summary Phase
[67.646s][info][gc,phases      ] GC(682) Summary Phase 0.015ms
[67.646s][info][gc,phases,start] GC(682) Adjust Roots
[67.654s][info][gc,phases      ] GC(682) Adjust Roots 8.283ms
[67.654s][info][gc,phases,start] GC(682) Compaction Phase
[67.673s][info][gc,phases      ] GC(682) Compaction Phase 18.618ms
[67.673s][info][gc,phases,start] GC(682) Post Compact
[67.674s][info][gc,phases      ] GC(682) Post Compact 1.081ms
[67.674s][info][gc,heap        ] GC(682) PSYoungGen: 384K(157184K)->0K(157184K) Eden: 0K(156672K)->0K(156672K) From: 384K(512K)->0K(512K)
[67.674s][info][gc,heap        ] GC(682) ParOldGen: 146516K(349696K)->102125K(349696K)
[67.674s][info][gc,metaspace   ] GC(682) Metaspace: 60965K(61888K)->60965K(61888K) NonClass: 53391K(53888K)->53391K(53888K) Class: 7573K(8000K)->7573K(8000K)
[67.674s][info][gc             ] GC(682) Pause Full (System.gc()) 143M->99M(495M) 115.465ms
[67.674s][info][gc,cpu         ] GC(682) User=0.86s Sys=0.00s Real=0.11s
[67.790s][info][gc,start       ] GC(683) Pause Young (Allocation Failure)
[67.813s][info][gc,heap        ] GC(683) PSYoungGen: 156672K(157184K)->4480K(163840K) Eden: 156672K(156672K)->0K(156160K) From: 0K(512K)->4480K(7680K)
[67.813s][info][gc,heap        ] GC(683) ParOldGen: 102125K(349696K)->102133K(349696K)
[67.813s][info][gc,metaspace   ] GC(683) Metaspace: 61025K(61952K)->61025K(61952K) NonClass: 53449K(53952K)->53449K(53952K) Class: 7576K(8000K)->7576K(8000K)
[67.813s][info][gc             ] GC(683) Pause Young (Allocation Failure) 252M->104M(501M) 22.444ms
[67.813s][info][gc,cpu         ] GC(683) User=0.00s Sys=0.00s Real=0.02s
[67.868s][info][gc,start       ] GC(684) Pause Young (Allocation Failure)
[67.886s][info][gc,heap        ] GC(684) PSYoungGen: 160640K(163840K)->5952K(164352K) Eden: 156160K(156160K)->0K(156160K) From: 4480K(7680K)->5952K(8192K)
[67.886s][info][gc,heap        ] GC(684) ParOldGen: 102133K(349696K)->105676K(349696K)
[67.886s][info][gc,metaspace   ] GC(684) Metaspace: 61025K(61952K)->61025K(61952K) NonClass: 53449K(53952K)->53449K(53952K) Class: 7576K(8000K)->7576K(8000K)
[67.886s][info][gc             ] GC(684) Pause Young (Allocation Failure) 256M->109M(502M) 17.750ms
[67.886s][info][gc,cpu         ] GC(684) User=0.03s Sys=0.00s Real=0.02s
[67.939s][info][gc,start       ] GC(685) Pause Young (Allocation Failure)
[67.950s][info][gc,heap        ] GC(685) PSYoungGen: 162112K(164352K)->7232K(162304K) Eden: 156160K(156160K)->0K(153088K) From: 5952K(8192K)->7232K(9216K)
[67.950s][info][gc,heap        ] GC(685) ParOldGen: 105676K(349696K)->110844K(349696K)
[67.951s][info][gc,metaspace   ] GC(685) Metaspace: 61025K(61952K)->61025K(61952K) NonClass: 53449K(53952K)->53449K(53952K) Class: 7576K(8000K)->7576K(8000K)
[67.951s][info][gc             ] GC(685) Pause Young (Allocation Failure) 261M->115M(500M) 11.402ms
[67.951s][info][gc,cpu         ] GC(685) User=0.13s Sys=0.00s Real=0.01s
[67.995s][info][gc,start       ] GC(686) Pause Young (Allocation Failure)
[68.015s][info][gc,heap        ] GC(686) PSYoungGen: 160320K(162304K)->6464K(159744K) Eden: 153088K(153088K)->0K(153088K) From: 7232K(9216K)->6464K(6656K)
[68.015s][info][gc,heap        ] GC(686) ParOldGen: 110844K(349696K)->117932K(349696K)
[68.015s][info][gc,metaspace   ] GC(686) Metaspace: 61025K(61952K)->61025K(61952K) NonClass: 53449K(53952K)->53449K(53952K) Class: 7576K(8000K)->7576K(8000K)
[68.015s][info][gc             ] GC(686) Pause Young (Allocation Failure) 264M->121M(497M) 19.961ms
[68.015s][info][gc,cpu         ] GC(686) User=0.03s Sys=0.00s Real=0.02s
[68.062s][info][gc,start       ] GC(687) Pause Young (Allocation Failure)
[68.077s][info][gc,heap        ] GC(687) PSYoungGen: 159552K(159744K)->7744K(161280K) Eden: 153088K(153088K)->0K(150016K) From: 6464K(6656K)->7744K(11264K)
[68.077s][info][gc,heap        ] GC(687) ParOldGen: 117932K(349696K)->124212K(349696K)
[68.077s][info][gc,metaspace   ] GC(687) Metaspace: 61025K(61952K)->61025K(61952K) NonClass: 53449K(53952K)->53449K(53952K) Class: 7576K(8000K)->7576K(8000K)
[68.077s][info][gc             ] GC(687) Pause Young (Allocation Failure) 270M->128M(499M) 14.633ms
[68.077s][info][gc,cpu         ] GC(687) User=0.17s Sys=0.00s Real=0.01s
[68.125s][info][gc,start       ] GC(688) Pause Young (Allocation Failure)
[68.138s][info][gc,heap        ] GC(688) PSYoungGen: 157760K(161280K)->5568K(162304K) Eden: 150016K(150016K)->0K(150016K) From: 7744K(11264K)->5568K(12288K)
[68.138s][info][gc,heap        ] GC(688) ParOldGen: 124212K(349696K)->131868K(349696K)
[68.139s][info][gc,metaspace   ] GC(688) Metaspace: 61025K(61952K)->61025K(61952K) NonClass: 53449K(53952K)->53449K(53952K) Class: 7576K(8000K)->7576K(8000K)
[68.139s][info][gc             ] GC(688) Pause Young (Allocation Failure) 275M->134M(500M) 13.711ms
[68.139s][info][gc,cpu         ] GC(688) User=0.17s Sys=0.00s Real=0.02s
[68.185s][info][gc,start       ] GC(689) Pause Young (Allocation Failure)
[68.224s][info][gc,heap        ] GC(689) PSYoungGen: 155584K(162304K)->5920K(162304K) Eden: 150016K(150016K)->0K(150016K) From: 5568K(12288K)->5920K(12288K)
[68.224s][info][gc,heap        ] GC(689) ParOldGen: 131868K(349696K)->137372K(349696K)
[68.224s][info][gc,metaspace   ] GC(689) Metaspace: 61025K(61952K)->61025K(61952K) NonClass: 53449K(53952K)->53449K(53952K) Class: 7576K(8000K)->7576K(8000K)
[68.224s][info][gc             ] GC(689) Pause Young (Allocation Failure) 280M->139M(500M) 39.001ms
[68.224s][info][gc,cpu         ] GC(689) User=0.38s Sys=0.00s Real=0.03s
[68.273s][info][gc,start       ] GC(690) Pause Young (Allocation Failure)
[68.304s][info][gc,heap        ] GC(690) PSYoungGen: 155936K(162304K)->3264K(153600K) Eden: 150016K(150016K)->0K(150016K) From: 5920K(12288K)->3264K(3584K)
[68.304s][info][gc,heap        ] GC(690) ParOldGen: 137372K(349696K)->143172K(349696K)
[68.304s][info][gc,metaspace   ] GC(690) Metaspace: 61026K(61952K)->61026K(61952K) NonClass: 53449K(53952K)->53449K(53952K) Class: 7576K(8000K)->7576K(8000K)
[68.304s][info][gc             ] GC(690) Pause Young (Allocation Failure) 286M->143M(491M) 31.057ms
[68.304s][info][gc,cpu         ] GC(690) User=0.38s Sys=0.00s Real=0.03s
[68.358s][info][gc,start       ] GC(691) Pause Young (Allocation Failure)
[68.372s][info][gc,heap        ] GC(691) PSYoungGen: 153280K(153600K)->192K(161280K) Eden: 150016K(150016K)->0K(150016K) From: 3264K(3584K)->192K(11264K)
[68.372s][info][gc,heap        ] GC(691) ParOldGen: 143172K(349696K)->146332K(349696K)
[68.372s][info][gc,metaspace   ] GC(691) Metaspace: 61026K(61952K)->61026K(61952K) NonClass: 53449K(53952K)->53449K(53952K) Class: 7576K(8000K)->7576K(8000K)
[68.372s][info][gc             ] GC(691) Pause Young (Allocation Failure) 289M->143M(499M) 13.217ms
[68.372s][info][gc,cpu         ] GC(691) User=0.17s Sys=0.00s Real=0.02s
[68.420s][info][gc,start       ] GC(692) Pause Young (Allocation Failure)
[68.421s][info][gc,heap        ] GC(692) PSYoungGen: 150208K(161280K)->192K(161280K) Eden: 150016K(150016K)->0K(150016K) From: 192K(11264K)->192K(11264K)
[68.421s][info][gc,heap        ] GC(692) ParOldGen: 146332K(349696K)->146332K(349696K)
[68.421s][info][gc,metaspace   ] GC(692) Metaspace: 61026K(61952K)->61026K(61952K) NonClass: 53449K(53952K)->53449K(53952K) Class: 7576K(8000K)->7576K(8000K)
[68.421s][info][gc             ] GC(692) Pause Young (Allocation Failure) 289M->143M(499M) 1.355ms
[68.422s][info][gc,cpu         ] GC(692) User=0.02s Sys=0.14s Real=0.02s
[68.476s][info][gc,start       ] GC(693) Pause Young (Allocation Failure)
[68.477s][info][gc,heap        ] GC(693) PSYoungGen: 150208K(161280K)->160K(162304K) Eden: 150016K(150016K)->0K(152064K) From: 192K(11264K)->160K(10240K)
[68.477s][info][gc,heap        ] GC(693) ParOldGen: 146332K(349696K)->146356K(349696K)
[68.477s][info][gc,metaspace   ] GC(693) Metaspace: 61026K(61952K)->61026K(61952K) NonClass: 53449K(53952K)->53449K(53952K) Class: 7576K(8000K)->7576K(8000K)
[68.478s][info][gc             ] GC(693) Pause Young (Allocation Failure) 289M->143M(500M) 1.471ms
[68.478s][info][gc,cpu         ] GC(693) User=0.00s Sys=0.00s Real=0.00s
[68.537s][info][gc,start       ] GC(694) Pause Young (Allocation Failure)
[68.538s][info][gc,heap        ] GC(694) PSYoungGen: 152224K(162304K)->256K(162816K) Eden: 152064K(152064K)->0K(152064K) From: 160K(10240K)->256K(10752K)
[68.538s][info][gc,heap        ] GC(694) ParOldGen: 146356K(349696K)->146356K(349696K)
[68.538s][info][gc,metaspace   ] GC(694) Metaspace: 61026K(61952K)->61026K(61952K) NonClass: 53449K(53952K)->53449K(53952K) Class: 7576K(8000K)->7576K(8000K)
[68.538s][info][gc             ] GC(694) Pause Young (Allocation Failure) 291M->143M(500M) 1.436ms
[68.538s][info][gc,cpu         ] GC(694) User=0.00s Sys=0.00s Real=0.00s
[68.593s][info][gc,start       ] GC(695) Pause Young (Allocation Failure)
[68.594s][info][gc,heap        ] GC(695) PSYoungGen: 152320K(162816K)->224K(162816K) Eden: 152064K(152064K)->0K(153088K) From: 256K(10752K)->224K(9728K)
[68.594s][info][gc,heap        ] GC(695) ParOldGen: 146356K(349696K)->146372K(349696K)
[68.594s][info][gc,metaspace   ] GC(695) Metaspace: 61026K(61952K)->61026K(61952K) NonClass: 53449K(53952K)->53449K(53952K) Class: 7576K(8000K)->7576K(8000K)
[68.594s][info][gc             ] GC(695) Pause Young (Allocation Failure) 291M->143M(500M) 1.365ms
[68.594s][info][gc,cpu         ] GC(695) User=0.03s Sys=0.00s Real=0.02s
[68.686s][info][gc,start       ] GC(696) Pause Young (Allocation Failure)
[68.688s][info][gc,heap        ] GC(696) PSYoungGen: 153312K(162816K)->352K(163328K) Eden: 153088K(153088K)->0K(153088K) From: 224K(9728K)->352K(10240K)
[68.688s][info][gc,heap        ] GC(696) ParOldGen: 146372K(349696K)->146380K(349696K)
[68.688s][info][gc,metaspace   ] GC(696) Metaspace: 61027K(61952K)->61027K(61952K) NonClass: 53450K(53952K)->53450K(53952K) Class: 7576K(8000K)->7576K(8000K)
[68.688s][info][gc             ] GC(696) Pause Young (Allocation Failure) 292M->143M(501M) 1.509ms
[68.688s][info][gc,cpu         ] GC(696) User=0.00s Sys=0.00s Real=0.00s
[68.777s][info][gc,start       ] GC(697) Pause Young (Allocation Failure)
[68.777s][info][gc,heap        ] GC(697) PSYoungGen: 153440K(163328K)->128K(163328K) Eden: 153088K(153088K)->0K(154624K) From: 352K(10240K)->128K(8704K)
[68.777s][info][gc,heap        ] GC(697) ParOldGen: 146380K(349696K)->146468K(349696K)
[68.777s][info][gc,metaspace   ] GC(697) Metaspace: 61027K(61952K)->61027K(61952K) NonClass: 53450K(53952K)->53450K(53952K) Class: 7576K(8000K)->7576K(8000K)
[68.777s][info][gc             ] GC(697) Pause Young (Allocation Failure) 292M->143M(501M) 0.824ms
[68.777s][info][gc,cpu         ] GC(697) User=0.00s Sys=0.00s Real=0.00s
[68.882s][info][gc,start       ] GC(698) Pause Young (Allocation Failure)
[68.884s][info][gc,heap        ] GC(698) PSYoungGen: 154752K(163328K)->192K(163840K) Eden: 154624K(154624K)->0K(154624K) From: 128K(8704K)->192K(9216K)
[68.884s][info][gc,heap        ] GC(698) ParOldGen: 146468K(349696K)->146476K(349696K)
[68.884s][info][gc,metaspace   ] GC(698) Metaspace: 61027K(61952K)->61027K(61952K) NonClass: 53450K(53952K)->53450K(53952K) Class: 7576K(8000K)->7576K(8000K)
[68.884s][info][gc             ] GC(698) Pause Young (Allocation Failure) 294M->143M(501M) 1.495ms
[68.884s][info][gc,cpu         ] GC(698) User=0.00s Sys=0.00s Real=0.00s
[68.986s][info][gc,start       ] GC(699) Pause Young (Allocation Failure)
[68.988s][info][gc,heap        ] GC(699) PSYoungGen: 154816K(163840K)->192K(165376K) Eden: 154624K(154624K)->0K(156672K) From: 192K(9216K)->192K(8704K)
[68.988s][info][gc,heap        ] GC(699) ParOldGen: 146476K(349696K)->146492K(349696K)
[68.988s][info][gc,metaspace   ] GC(699) Metaspace: 61027K(61952K)->61027K(61952K) NonClass: 53450K(53952K)->53450K(53952K) Class: 7576K(8000K)->7576K(8000K)
[68.988s][info][gc             ] GC(699) Pause Young (Allocation Failure) 294M->143M(503M) 1.419ms
[68.988s][info][gc,cpu         ] GC(699) User=0.00s Sys=0.00s Real=0.00s
[69.079s][info][gc,start       ] GC(700) Pause Young (Allocation Failure)
[69.080s][info][gc,heap        ] GC(700) PSYoungGen: 156864K(165376K)->128K(165376K) Eden: 156672K(156672K)->0K(156672K) From: 192K(8704K)->128K(8704K)
[69.080s][info][gc,heap        ] GC(700) ParOldGen: 146492K(349696K)->146500K(349696K)
[69.080s][info][gc,metaspace   ] GC(700) Metaspace: 61027K(61952K)->61027K(61952K) NonClass: 53450K(53952K)->53450K(53952K) Class: 7576K(8000K)->7576K(8000K)
[69.080s][info][gc             ] GC(700) Pause Young (Allocation Failure) 296M->143M(503M) 1.456ms
[69.080s][info][gc,cpu         ] GC(700) User=0.00s Sys=0.00s Real=0.00s
[69.171s][info][gc,start       ] GC(701) Pause Young (Allocation Failure)
[69.172s][info][gc,heap        ] GC(701) PSYoungGen: 156800K(165376K)->160K(165376K) Eden: 156672K(156672K)->0K(157696K) From: 128K(8704K)->160K(7680K)
[69.172s][info][gc,heap        ] GC(701) ParOldGen: 146500K(349696K)->146508K(349696K)
[69.172s][info][gc,metaspace   ] GC(701) Metaspace: 61027K(61952K)->61027K(61952K) NonClass: 53450K(53952K)->53450K(53952K) Class: 7576K(8000K)->7576K(8000K)
[69.172s][info][gc             ] GC(701) Pause Young (Allocation Failure) 296M->143M(503M) 1.442ms
[69.172s][info][gc,cpu         ] GC(701) User=0.00s Sys=0.00s Real=0.00s
[69.215s][info][gc,start       ] GC(702) Pause Young (System.gc())
[69.216s][info][gc,heap        ] GC(702) PSYoungGen: 41031K(165376K)->384K(158208K) Eden: 40871K(157696K)->0K(157696K) From: 160K(7680K)->384K(512K)
[69.216s][info][gc,heap        ] GC(702) ParOldGen: 146508K(349696K)->146532K(349696K)
[69.217s][info][gc,metaspace   ] GC(702) Metaspace: 61071K(61952K)->61071K(61952K) NonClass: 53493K(53952K)->53493K(53952K) Class: 7578K(8000K)->7578K(8000K)
[69.217s][info][gc             ] GC(702) Pause Young (System.gc()) 183M->143M(496M) 1.703ms
[69.217s][info][gc,cpu         ] GC(702) User=0.00s Sys=0.00s Real=0.00s
[69.217s][info][gc,start       ] GC(703) Pause Full (System.gc())
[69.217s][info][gc,phases,start] GC(703) Marking Phase
[69.304s][info][gc,phases      ] GC(703) Marking Phase 87.040ms
[69.304s][info][gc,phases,start] GC(703) Summary Phase
[69.304s][info][gc,phases      ] GC(703) Summary Phase 0.014ms
[69.304s][info][gc,phases,start] GC(703) Adjust Roots
[69.312s][info][gc,phases      ] GC(703) Adjust Roots 8.313ms
[69.312s][info][gc,phases,start] GC(703) Compaction Phase
[69.330s][info][gc,phases      ] GC(703) Compaction Phase 18.176ms
[69.331s][info][gc,phases,start] GC(703) Post Compact
[69.332s][info][gc,phases      ] GC(703) Post Compact 1.011ms
[69.332s][info][gc,heap        ] GC(703) PSYoungGen: 384K(158208K)->0K(158208K) Eden: 0K(157696K)->0K(157696K) From: 384K(512K)->0K(512K)
[69.332s][info][gc,heap        ] GC(703) ParOldGen: 146532K(349696K)->102160K(349696K)
[69.332s][info][gc,metaspace   ] GC(703) Metaspace: 61071K(61952K)->61071K(61952K) NonClass: 53493K(53952K)->53493K(53952K) Class: 7578K(8000K)->7578K(8000K)
[69.332s][info][gc             ] GC(703) Pause Full (System.gc()) 143M->99M(496M) 114.952ms
[69.332s][info][gc,cpu         ] GC(703) User=0.94s Sys=0.00s Real=0.11s
[69.458s][info][gc,start       ] GC(704) Pause Young (Allocation Failure)
[69.467s][info][gc,heap        ] GC(704) PSYoungGen: 157696K(158208K)->4000K(164352K) Eden: 157696K(157696K)->0K(157184K) From: 0K(512K)->4000K(7168K)
[69.467s][info][gc,heap        ] GC(704) ParOldGen: 102160K(349696K)->102160K(349696K)
[69.467s][info][gc,metaspace   ] GC(704) Metaspace: 61100K(62080K)->61100K(62080K) NonClass: 53521K(54080K)->53521K(54080K) Class: 7579K(8000K)->7579K(8000K)
[69.467s][info][gc             ] GC(704) Pause Young (Allocation Failure) 253M->103M(502M) 8.681ms
[69.467s][info][gc,cpu         ] GC(704) User=0.03s Sys=0.00s Real=0.02s
[69.517s][info][gc,start       ] GC(705) Pause Young (Allocation Failure)
[69.532s][info][gc,heap        ] GC(705) PSYoungGen: 161184K(164352K)->6656K(164864K) Eden: 157184K(157184K)->0K(157184K) From: 4000K(7168K)->6656K(7680K)
[69.532s][info][gc,heap        ] GC(705) ParOldGen: 102160K(349696K)->105736K(349696K)
[69.532s][info][gc,metaspace   ] GC(705) Metaspace: 61100K(62080K)->61100K(62080K) NonClass: 53521K(54080K)->53521K(54080K) Class: 7579K(8000K)->7579K(8000K)
[69.532s][info][gc             ] GC(705) Pause Young (Allocation Failure) 257M->109M(502M) 14.764ms
[69.532s][info][gc,cpu         ] GC(705) User=0.03s Sys=0.00s Real=0.01s
[69.591s][info][gc,start       ] GC(706) Pause Young (Allocation Failure)
[69.613s][info][gc,heap        ] GC(706) PSYoungGen: 163840K(164864K)->8576K(162304K) Eden: 157184K(157184K)->0K(153088K) From: 6656K(7680K)->8576K(9216K)
[69.613s][info][gc,heap        ] GC(706) ParOldGen: 105736K(349696K)->111600K(349696K)
[69.613s][info][gc,metaspace   ] GC(706) Metaspace: 61100K(62080K)->61100K(62080K) NonClass: 53521K(54080K)->53521K(54080K) Class: 7579K(8000K)->7579K(8000K)
[69.613s][info][gc             ] GC(706) Pause Young (Allocation Failure) 263M->117M(500M) 21.303ms
[69.613s][info][gc,cpu         ] GC(706) User=0.03s Sys=0.00s Real=0.01s
[69.665s][info][gc,start       ] GC(707) Pause Young (Allocation Failure)
[69.680s][info][gc,heap        ] GC(707) PSYoungGen: 161664K(162304K)->7264K(160768K) Eden: 153088K(153088K)->0K(153088K) From: 8576K(9216K)->7264K(7680K)
[69.680s][info][gc,heap        ] GC(707) ParOldGen: 111600K(349696K)->119984K(349696K)
[69.680s][info][gc,metaspace   ] GC(707) Metaspace: 61100K(62080K)->61100K(62080K) NonClass: 53521K(54080K)->53521K(54080K) Class: 7579K(8000K)->7579K(8000K)
[69.680s][info][gc             ] GC(707) Pause Young (Allocation Failure) 266M->124M(498M) 15.019ms
[69.680s][info][gc,cpu         ] GC(707) User=0.00s Sys=0.00s Real=0.00s
[69.731s][info][gc,start       ] GC(708) Pause Young (Allocation Failure)
[69.747s][info][gc,heap        ] GC(708) PSYoungGen: 160352K(160768K)->8480K(160768K) Eden: 153088K(153088K)->0K(148992K) From: 7264K(7680K)->8480K(11776K)
[69.747s][info][gc,heap        ] GC(708) ParOldGen: 119984K(349696K)->127144K(349696K)
[69.747s][info][gc,metaspace   ] GC(708) Metaspace: 61100K(62080K)->61100K(62080K) NonClass: 53521K(54080K)->53521K(54080K) Class: 7579K(8000K)->7579K(8000K)
[69.747s][info][gc             ] GC(708) Pause Young (Allocation Failure) 273M->132M(498M) 16.152ms
[69.747s][info][gc,cpu         ] GC(708) User=0.17s Sys=0.00s Real=0.01s
[69.794s][info][gc,start       ] GC(709) Pause Young (Allocation Failure)
[69.808s][info][gc,heap        ] GC(709) PSYoungGen: 157472K(160768K)->5760K(161792K) Eden: 148992K(148992K)->0K(148992K) From: 8480K(11776K)->5760K(12800K)
[69.808s][info][gc,heap        ] GC(709) ParOldGen: 127144K(349696K)->135528K(349696K)
[69.808s][info][gc,metaspace   ] GC(709) Metaspace: 61100K(62080K)->61100K(62080K) NonClass: 53521K(54080K)->53521K(54080K) Class: 7579K(8000K)->7579K(8000K)
[69.808s][info][gc             ] GC(709) Pause Young (Allocation Failure) 277M->137M(499M) 14.102ms
[69.808s][info][gc,cpu         ] GC(709) User=0.17s Sys=0.00s Real=0.02s
[69.857s][info][gc,start       ] GC(710) Pause Young (Allocation Failure)
[69.896s][info][gc,heap        ] GC(710) PSYoungGen: 154752K(161792K)->5280K(160768K) Eden: 148992K(148992K)->0K(148992K) From: 5760K(12800K)->5280K(11776K)
[69.896s][info][gc,heap        ] GC(710) ParOldGen: 135528K(349696K)->141208K(349696K)
[69.896s][info][gc,metaspace   ] GC(710) Metaspace: 61100K(62080K)->61100K(62080K) NonClass: 53521K(54080K)->53521K(54080K) Class: 7579K(8000K)->7579K(8000K)
[69.896s][info][gc             ] GC(710) Pause Young (Allocation Failure) 283M->143M(498M) 38.430ms
[69.896s][info][gc,cpu         ] GC(710) User=0.38s Sys=0.00s Real=0.03s
[69.943s][info][gc,start       ] GC(711) Pause Young (Allocation Failure)
[69.963s][info][gc,heap        ] GC(711) PSYoungGen: 154272K(160768K)->160K(161280K) Eden: 148992K(148992K)->0K(148992K) From: 5280K(11776K)->160K(12288K)
[69.964s][info][gc,heap        ] GC(711) ParOldGen: 141208K(349696K)->146344K(349696K)
[69.964s][info][gc,metaspace   ] GC(711) Metaspace: 61100K(62080K)->61100K(62080K) NonClass: 53521K(54080K)->53521K(54080K) Class: 7579K(8000K)->7579K(8000K)
[69.964s][info][gc             ] GC(711) Pause Young (Allocation Failure) 288M->143M(499M) 20.836ms
[69.964s][info][gc,cpu         ] GC(711) User=0.17s Sys=0.00s Real=0.02s
[70.012s][info][gc,start       ] GC(712) Pause Young (Allocation Failure)
[70.013s][info][gc,heap        ] GC(712) PSYoungGen: 149152K(161280K)->192K(161280K) Eden: 148992K(148992K)->0K(150016K) From: 160K(12288K)->192K(11264K)
[70.013s][info][gc,heap        ] GC(712) ParOldGen: 146344K(349696K)->146360K(349696K)
[70.013s][info][gc,metaspace   ] GC(712) Metaspace: 61100K(62080K)->61100K(62080K) NonClass: 53521K(54080K)->53521K(54080K) Class: 7579K(8000K)->7579K(8000K)
[70.013s][info][gc             ] GC(712) Pause Young (Allocation Failure) 288M->143M(499M) 0.799ms
[70.013s][info][gc,cpu         ] GC(712) User=0.00s Sys=0.00s Real=0.00s
[70.067s][info][gc,start       ] GC(713) Pause Young (Allocation Failure)
[70.069s][info][gc,heap        ] GC(713) PSYoungGen: 150208K(161280K)->192K(161792K) Eden: 150016K(150016K)->0K(150016K) From: 192K(11264K)->192K(11776K)
[70.069s][info][gc,heap        ] GC(713) ParOldGen: 146360K(349696K)->146368K(349696K)
[70.069s][info][gc,metaspace   ] GC(713) Metaspace: 61100K(62080K)->61100K(62080K) NonClass: 53521K(54080K)->53521K(54080K) Class: 7579K(8000K)->7579K(8000K)
[70.069s][info][gc             ] GC(713) Pause Young (Allocation Failure) 289M->143M(499M) 1.422ms
[70.069s][info][gc,cpu         ] GC(713) User=0.00s Sys=0.00s Real=0.00s
[70.123s][info][gc,start       ] GC(714) Pause Young (Allocation Failure)
[70.124s][info][gc,heap        ] GC(714) PSYoungGen: 150208K(161792K)->256K(161792K) Eden: 150016K(150016K)->0K(151040K) From: 192K(11776K)->256K(10752K)
[70.124s][info][gc,heap        ] GC(714) ParOldGen: 146368K(349696K)->146384K(349696K)
[70.124s][info][gc,metaspace   ] GC(714) Metaspace: 61100K(62080K)->61100K(62080K) NonClass: 53521K(54080K)->53521K(54080K) Class: 7579K(8000K)->7579K(8000K)
[70.124s][info][gc             ] GC(714) Pause Young (Allocation Failure) 289M->143M(499M) 1.306ms
[70.124s][info][gc,cpu         ] GC(714) User=0.00s Sys=0.00s Real=0.00s
[70.179s][info][gc,start       ] GC(715) Pause Young (Allocation Failure)
[70.180s][info][gc,heap        ] GC(715) PSYoungGen: 151296K(161792K)->256K(162304K) Eden: 151040K(151040K)->0K(151040K) From: 256K(10752K)->256K(11264K)
[70.180s][info][gc,heap        ] GC(715) ParOldGen: 146384K(349696K)->146392K(349696K)
[70.180s][info][gc,metaspace   ] GC(715) Metaspace: 61100K(62080K)->61100K(62080K) NonClass: 53521K(54080K)->53521K(54080K) Class: 7579K(8000K)->7579K(8000K)
[70.181s][info][gc             ] GC(715) Pause Young (Allocation Failure) 290M->143M(500M) 1.456ms
[70.181s][info][gc,cpu         ] GC(715) User=0.00s Sys=0.00s Real=0.00s
[70.236s][info][gc,start       ] GC(716) Pause Young (Allocation Failure)
[70.236s][info][gc,heap        ] GC(716) PSYoungGen: 151296K(162304K)->192K(162304K) Eden: 151040K(151040K)->0K(152576K) From: 256K(11264K)->192K(9728K)
[70.236s][info][gc,heap        ] GC(716) ParOldGen: 146392K(349696K)->146408K(349696K)
[70.236s][info][gc,metaspace   ] GC(716) Metaspace: 61100K(62080K)->61100K(62080K) NonClass: 53521K(54080K)->53521K(54080K) Class: 7579K(8000K)->7579K(8000K)
[70.236s][info][gc             ] GC(716) Pause Young (Allocation Failure) 290M->143M(500M) 0.827ms
[70.236s][info][gc,cpu         ] GC(716) User=0.00s Sys=0.00s Real=0.00s
[70.290s][info][gc,start       ] GC(717) Pause Young (Allocation Failure)
[70.291s][info][gc,heap        ] GC(717) PSYoungGen: 152768K(162304K)->288K(162816K) Eden: 152576K(152576K)->0K(152576K) From: 192K(9728K)->288K(10240K)
[70.291s][info][gc,heap        ] GC(717) ParOldGen: 146408K(349696K)->146416K(349696K)
[70.291s][info][gc,metaspace   ] GC(717) Metaspace: 61100K(62080K)->61100K(62080K) NonClass: 53521K(54080K)->53521K(54080K) Class: 7579K(8000K)->7579K(8000K)
[70.291s][info][gc             ] GC(717) Pause Young (Allocation Failure) 292M->143M(500M) 0.874ms
[70.291s][info][gc,cpu         ] GC(717) User=0.00s Sys=0.00s Real=0.00s
[70.374s][info][gc,start       ] GC(718) Pause Young (Allocation Failure)
[70.376s][info][gc,heap        ] GC(718) PSYoungGen: 152864K(162816K)->352K(164352K) Eden: 152576K(152576K)->0K(154624K) From: 288K(10240K)->352K(9728K)
[70.376s][info][gc,heap        ] GC(718) ParOldGen: 146416K(349696K)->146432K(349696K)
[70.376s][info][gc,metaspace   ] GC(718) Metaspace: 61101K(62080K)->61101K(62080K) NonClass: 53522K(54080K)->53522K(54080K) Class: 7579K(8000K)->7579K(8000K)
[70.376s][info][gc             ] GC(718) Pause Young (Allocation Failure) 292M->143M(502M) 1.521ms
[70.376s][info][gc,cpu         ] GC(718) User=0.00s Sys=0.00s Real=0.00s
[70.495s][info][gc,start       ] GC(719) Pause Young (Allocation Failure)
[70.496s][info][gc,heap        ] GC(719) PSYoungGen: 154976K(164352K)->128K(164352K) Eden: 154624K(154624K)->0K(154624K) From: 352K(9728K)->128K(9728K)
[70.496s][info][gc,heap        ] GC(719) ParOldGen: 146432K(349696K)->146520K(349696K)
[70.496s][info][gc,metaspace   ] GC(719) Metaspace: 61101K(62080K)->61101K(62080K) NonClass: 53522K(54080K)->53522K(54080K) Class: 7579K(8000K)->7579K(8000K)
[70.496s][info][gc             ] GC(719) Pause Young (Allocation Failure) 294M->143M(502M) 1.482ms
[70.496s][info][gc,cpu         ] GC(719) User=0.00s Sys=0.00s Real=0.00s
[70.586s][info][gc,start       ] GC(720) Pause Young (Allocation Failure)
[70.587s][info][gc,heap        ] GC(720) PSYoungGen: 154752K(164352K)->192K(164352K) Eden: 154624K(154624K)->0K(155648K) From: 128K(9728K)->192K(8704K)
[70.587s][info][gc,heap        ] GC(720) ParOldGen: 146520K(349696K)->146528K(349696K)
[70.587s][info][gc,metaspace   ] GC(720) Metaspace: 61101K(62080K)->61101K(62080K) NonClass: 53522K(54080K)->53522K(54080K) Class: 7579K(8000K)->7579K(8000K)
[70.587s][info][gc             ] GC(720) Pause Young (Allocation Failure) 294M->143M(502M) 1.399ms
[70.587s][info][gc,cpu         ] GC(720) User=0.00s Sys=0.00s Real=0.00s
[70.678s][info][gc,start       ] GC(721) Pause Young (Allocation Failure)
[70.679s][info][gc,heap        ] GC(721) PSYoungGen: 155840K(164352K)->192K(164352K) Eden: 155648K(155648K)->0K(155648K) From: 192K(8704K)->192K(8704K)
[70.679s][info][gc,heap        ] GC(721) ParOldGen: 146528K(349696K)->146536K(349696K)
[70.679s][info][gc,metaspace   ] GC(721) Metaspace: 61101K(62080K)->61101K(62080K) NonClass: 53522K(54080K)->53522K(54080K) Class: 7579K(8000K)->7579K(8000K)
[70.679s][info][gc             ] GC(721) Pause Young (Allocation Failure) 295M->143M(502M) 1.309ms
[70.679s][info][gc,cpu         ] GC(721) User=0.00s Sys=0.00s Real=0.00s
[70.784s][info][gc,start       ] GC(722) Pause Young (Allocation Failure)
[70.785s][info][gc,heap        ] GC(722) PSYoungGen: 155840K(164352K)->192K(165376K) Eden: 155648K(155648K)->0K(157696K) From: 192K(8704K)->192K(7680K)
[70.785s][info][gc,heap        ] GC(722) ParOldGen: 146536K(349696K)->146544K(349696K)
[70.785s][info][gc,metaspace   ] GC(722) Metaspace: 61101K(62080K)->61101K(62080K) NonClass: 53522K(54080K)->53522K(54080K) Class: 7579K(8000K)->7579K(8000K)
[70.785s][info][gc             ] GC(722) Pause Young (Allocation Failure) 295M->143M(503M) 1.379ms
[70.785s][info][gc,cpu         ] GC(722) User=0.00s Sys=0.00s Real=0.00s
[70.848s][info][gc,start       ] GC(723) Pause Young (System.gc())
[70.850s][info][gc,heap        ] GC(723) PSYoungGen: 50448K(165376K)->384K(158208K) Eden: 50256K(157696K)->0K(157696K) From: 192K(7680K)->384K(512K)
[70.850s][info][gc,heap        ] GC(723) ParOldGen: 146544K(349696K)->146560K(349696K)
[70.850s][info][gc,metaspace   ] GC(723) Metaspace: 61108K(62080K)->61108K(62080K) NonClass: 53529K(54080K)->53529K(54080K) Class: 7579K(8000K)->7579K(8000K)
[70.850s][info][gc             ] GC(723) Pause Young (System.gc()) 192M->143M(496M) 1.803ms
[70.850s][info][gc,cpu         ] GC(723) User=0.00s Sys=0.00s Real=0.00s
[70.850s][info][gc,start       ] GC(724) Pause Full (System.gc())
[70.850s][info][gc,phases,start] GC(724) Marking Phase
[70.937s][info][gc,phases      ] GC(724) Marking Phase 86.298ms
[70.937s][info][gc,phases,start] GC(724) Summary Phase
[70.937s][info][gc,phases      ] GC(724) Summary Phase 0.015ms
[70.937s][info][gc,phases,start] GC(724) Adjust Roots
[70.944s][info][gc,phases      ] GC(724) Adjust Roots 7.368ms
[70.944s][info][gc,phases,start] GC(724) Compaction Phase
[70.966s][info][gc,phases      ] GC(724) Compaction Phase 21.691ms
[70.966s][info][gc,phases,start] GC(724) Post Compact
[70.967s][info][gc,phases      ] GC(724) Post Compact 1.022ms
[70.967s][info][gc,heap        ] GC(724) PSYoungGen: 384K(158208K)->0K(158208K) Eden: 0K(157696K)->0K(157696K) From: 384K(512K)->0K(512K)
[70.967s][info][gc,heap        ] GC(724) ParOldGen: 146560K(349696K)->102192K(349696K)
[70.967s][info][gc,metaspace   ] GC(724) Metaspace: 61108K(62080K)->61108K(62080K) NonClass: 53529K(54080K)->53529K(54080K) Class: 7579K(8000K)->7579K(8000K)
[70.967s][info][gc             ] GC(724) Pause Full (System.gc()) 143M->99M(496M) 116.803ms
[70.967s][info][gc,cpu         ] GC(724) User=0.92s Sys=0.00s Real=0.11s
[71.084s][info][gc,start       ] GC(725) Pause Young (Allocation Failure)
[71.086s][info][gc,heap        ] GC(725) PSYoungGen: 157696K(158208K)->3072K(164864K) Eden: 157696K(157696K)->0K(157696K) From: 0K(512K)->3072K(7168K)
[71.086s][info][gc,heap        ] GC(725) ParOldGen: 102192K(349696K)->102192K(349696K)
[71.086s][info][gc,metaspace   ] GC(725) Metaspace: 61111K(62080K)->61111K(62080K) NonClass: 53531K(54080K)->53531K(54080K) Class: 7579K(8000K)->7579K(8000K)
[71.086s][info][gc             ] GC(725) Pause Young (Allocation Failure) 253M->102M(502M) 2.724ms
[71.087s][info][gc,cpu         ] GC(725) User=0.00s Sys=0.00s Real=0.00s
[71.143s][info][gc,start       ] GC(726) Pause Young (Allocation Failure)
[71.156s][info][gc,heap        ] GC(726) PSYoungGen: 160768K(164864K)->5408K(164864K) Eden: 157696K(157696K)->0K(157696K) From: 3072K(7168K)->5408K(7168K)
[71.156s][info][gc,heap        ] GC(726) ParOldGen: 102192K(349696K)->105000K(349696K)
[71.157s][info][gc,metaspace   ] GC(726) Metaspace: 61111K(62080K)->61111K(62080K) NonClass: 53531K(54080K)->53531K(54080K) Class: 7579K(8000K)->7579K(8000K)
[71.157s][info][gc             ] GC(726) Pause Young (Allocation Failure) 256M->107M(502M) 13.094ms
[71.157s][info][gc,cpu         ] GC(726) User=0.00s Sys=0.00s Real=0.00s
[71.206s][info][gc,start       ] GC(727) Pause Young (Allocation Failure)
[71.222s][info][gc,heap        ] GC(727) PSYoungGen: 163104K(164864K)->6976K(163328K) Eden: 157696K(157696K)->0K(155136K) From: 5408K(7168K)->6976K(8192K)
[71.222s][info][gc,heap        ] GC(727) ParOldGen: 105000K(349696K)->109632K(349696K)
[71.222s][info][gc,metaspace   ] GC(727) Metaspace: 61111K(62080K)->61111K(62080K) NonClass: 53531K(54080K)->53531K(54080K) Class: 7579K(8000K)->7579K(8000K)
[71.222s][info][gc             ] GC(727) Pause Young (Allocation Failure) 261M->113M(501M) 15.880ms
[71.222s][info][gc,cpu         ] GC(727) User=0.02s Sys=0.16s Real=0.02s
[71.267s][info][gc,start       ] GC(728) Pause Young (Allocation Failure)
[71.280s][info][gc,heap        ] GC(728) PSYoungGen: 162112K(163328K)->6496K(161792K) Eden: 155136K(155136K)->0K(155136K) From: 6976K(8192K)->6496K(6656K)
[71.280s][info][gc,heap        ] GC(728) ParOldGen: 109632K(349696K)->116432K(349696K)
[71.280s][info][gc,metaspace   ] GC(728) Metaspace: 61111K(62080K)->61111K(62080K) NonClass: 53531K(54080K)->53531K(54080K) Class: 7579K(8000K)->7579K(8000K)
[71.280s][info][gc             ] GC(728) Pause Young (Allocation Failure) 265M->120M(499M) 12.939ms
[71.280s][info][gc,cpu         ] GC(728) User=0.03s Sys=0.00s Real=0.02s
[71.332s][info][gc,start       ] GC(729) Pause Young (Allocation Failure)
[71.351s][info][gc,heap        ] GC(729) PSYoungGen: 161632K(161792K)->9152K(160256K) Eden: 155136K(155136K)->0K(150016K) From: 6496K(6656K)->9152K(10240K)
[71.352s][info][gc,heap        ] GC(729) ParOldGen: 116432K(349696K)->122744K(349696K)
[71.352s][info][gc,metaspace   ] GC(729) Metaspace: 61111K(62080K)->61111K(62080K) NonClass: 53531K(54080K)->53531K(54080K) Class: 7579K(8000K)->7579K(8000K)
[71.352s][info][gc             ] GC(729) Pause Young (Allocation Failure) 271M->128M(498M) 19.305ms
[71.352s][info][gc,cpu         ] GC(729) User=0.19s Sys=0.00s Real=0.02s
[71.398s][info][gc,start       ] GC(730) Pause Young (Allocation Failure)
[71.415s][info][gc,heap        ] GC(730) PSYoungGen: 159168K(160256K)->5984K(162304K) Eden: 150016K(150016K)->0K(150016K) From: 9152K(10240K)->5984K(12288K)
[71.415s][info][gc,heap        ] GC(730) ParOldGen: 122744K(349696K)->131824K(349696K)
[71.415s][info][gc,metaspace   ] GC(730) Metaspace: 61111K(62080K)->61111K(62080K) NonClass: 53531K(54080K)->53531K(54080K) Class: 7579K(8000K)->7579K(8000K)
[71.415s][info][gc             ] GC(730) Pause Young (Allocation Failure) 275M->134M(500M) 17.047ms
[71.415s][info][gc,cpu         ] GC(730) User=0.17s Sys=0.00s Real=0.02s
[71.461s][info][gc,start       ] GC(731) Pause Young (Allocation Failure)
[71.503s][info][gc,heap        ] GC(731) PSYoungGen: 156000K(162304K)->5888K(162304K) Eden: 150016K(150016K)->0K(150016K) From: 5984K(12288K)->5888K(12288K)
[71.503s][info][gc,heap        ] GC(731) ParOldGen: 131824K(349696K)->137704K(349696K)
[71.503s][info][gc,metaspace   ] GC(731) Metaspace: 61111K(62080K)->61111K(62080K) NonClass: 53531K(54080K)->53531K(54080K) Class: 7579K(8000K)->7579K(8000K)
[71.503s][info][gc             ] GC(731) Pause Young (Allocation Failure) 281M->140M(500M) 41.144ms
[71.503s][info][gc,cpu         ] GC(731) User=0.38s Sys=0.00s Real=0.03s
[71.549s][info][gc,start       ] GC(732) Pause Young (Allocation Failure)
[71.583s][info][gc,heap        ] GC(732) PSYoungGen: 155904K(162304K)->3136K(153600K) Eden: 150016K(150016K)->0K(150016K) From: 5888K(12288K)->3136K(3584K)
[71.583s][info][gc,heap        ] GC(732) ParOldGen: 137704K(349696K)->143448K(349696K)
[71.583s][info][gc,metaspace   ] GC(732) Metaspace: 61111K(62080K)->61111K(62080K) NonClass: 53531K(54080K)->53531K(54080K) Class: 7579K(8000K)->7579K(8000K)
[71.583s][info][gc             ] GC(732) Pause Young (Allocation Failure) 286M->143M(491M) 34.055ms
[71.583s][info][gc,cpu         ] GC(732) User=0.42s Sys=0.00s Real=0.05s
[71.638s][info][gc,start       ] GC(733) Pause Young (Allocation Failure)
[71.653s][info][gc,heap        ] GC(733) PSYoungGen: 153152K(153600K)->160K(161280K) Eden: 150016K(150016K)->0K(150016K) From: 3136K(3584K)->160K(11264K)
[71.653s][info][gc,heap        ] GC(733) ParOldGen: 143448K(349696K)->146440K(349696K)
[71.653s][info][gc,metaspace   ] GC(733) Metaspace: 61111K(62080K)->61111K(62080K) NonClass: 53531K(54080K)->53531K(54080K) Class: 7579K(8000K)->7579K(8000K)
[71.653s][info][gc             ] GC(733) Pause Young (Allocation Failure) 289M->143M(499M) 15.146ms
[71.653s][info][gc,cpu         ] GC(733) User=0.17s Sys=0.00s Real=0.01s
[71.704s][info][gc,start       ] GC(734) Pause Young (Allocation Failure)
[71.705s][info][gc,heap        ] GC(734) PSYoungGen: 150176K(161280K)->128K(161280K) Eden: 150016K(150016K)->0K(150016K) From: 160K(11264K)->128K(11264K)
[71.705s][info][gc,heap        ] GC(734) ParOldGen: 146440K(349696K)->146456K(349696K)
[71.705s][info][gc,metaspace   ] GC(734) Metaspace: 61111K(62080K)->61111K(62080K) NonClass: 53531K(54080K)->53531K(54080K) Class: 7579K(8000K)->7579K(8000K)
[71.705s][info][gc             ] GC(734) Pause Young (Allocation Failure) 289M->143M(499M) 0.806ms
[71.705s][info][gc,cpu         ] GC(734) User=0.00s Sys=0.00s Real=0.00s
[71.759s][info][gc,start       ] GC(735) Pause Young (Allocation Failure)
[71.760s][info][gc,heap        ] GC(735) PSYoungGen: 150144K(161280K)->224K(162304K) Eden: 150016K(150016K)->0K(152064K) From: 128K(11264K)->224K(10240K)
[71.760s][info][gc,heap        ] GC(735) ParOldGen: 146456K(349696K)->146464K(349696K)
[71.760s][info][gc,metaspace   ] GC(735) Metaspace: 61111K(62080K)->61111K(62080K) NonClass: 53531K(54080K)->53531K(54080K) Class: 7579K(8000K)->7579K(8000K)
[71.760s][info][gc             ] GC(735) Pause Young (Allocation Failure) 289M->143M(500M) 1.477ms
[71.761s][info][gc,cpu         ] GC(735) User=0.00s Sys=0.00s Real=0.00s
[71.817s][info][gc,start       ] GC(736) Pause Young (Allocation Failure)
[71.819s][info][gc,heap        ] GC(736) PSYoungGen: 152288K(162304K)->192K(162816K) Eden: 152064K(152064K)->0K(152064K) From: 224K(10240K)->192K(10752K)
[71.819s][info][gc,heap        ] GC(736) ParOldGen: 146464K(349696K)->146480K(349696K)
[71.819s][info][gc,metaspace   ] GC(736) Metaspace: 61111K(62080K)->61111K(62080K) NonClass: 53531K(54080K)->53531K(54080K) Class: 7579K(8000K)->7579K(8000K)
[71.819s][info][gc             ] GC(736) Pause Young (Allocation Failure) 291M->143M(500M) 1.348ms
[71.819s][info][gc,cpu         ] GC(736) User=0.00s Sys=0.00s Real=0.00s
[71.901s][info][gc,start       ] GC(737) Pause Young (Allocation Failure)
[71.913s][info][gc,heap        ] GC(737) PSYoungGen: 152256K(162816K)->352K(162816K) Eden: 152064K(152064K)->0K(153088K) From: 192K(10752K)->352K(9728K)
[71.913s][info][gc,heap        ] GC(737) ParOldGen: 146480K(349696K)->146488K(349696K)
[71.913s][info][gc,metaspace   ] GC(737) Metaspace: 61111K(62080K)->61111K(62080K) NonClass: 53531K(54080K)->53531K(54080K) Class: 7579K(8000K)->7579K(8000K)
[71.913s][info][gc             ] GC(737) Pause Young (Allocation Failure) 291M->143M(500M) 12.389ms
[71.913s][info][gc,cpu         ] GC(737) User=0.00s Sys=0.00s Real=0.02s
[72.023s][info][gc,start       ] GC(738) Pause Young (Allocation Failure)
[72.025s][info][gc,heap        ] GC(738) PSYoungGen: 153440K(162816K)->96K(163328K) Eden: 153088K(153088K)->0K(153088K) From: 352K(9728K)->96K(10240K)
[72.025s][info][gc,heap        ] GC(738) ParOldGen: 146488K(349696K)->146576K(349696K)
[72.025s][info][gc,metaspace   ] GC(738) Metaspace: 61111K(62080K)->61111K(62080K) NonClass: 53531K(54080K)->53531K(54080K) Class: 7579K(8000K)->7579K(8000K)
[72.025s][info][gc             ] GC(738) Pause Young (Allocation Failure) 292M->143M(501M) 1.457ms
[72.025s][info][gc,cpu         ] GC(738) User=0.00s Sys=0.00s Real=0.00s
[72.127s][info][gc,start       ] GC(739) Pause Young (Allocation Failure)
[72.128s][info][gc,heap        ] GC(739) PSYoungGen: 153184K(163328K)->192K(163328K) Eden: 153088K(153088K)->0K(154624K) From: 96K(10240K)->192K(8704K)
[72.128s][info][gc,heap        ] GC(739) ParOldGen: 146576K(349696K)->146576K(349696K)
[72.128s][info][gc,metaspace   ] GC(739) Metaspace: 61111K(62080K)->61111K(62080K) NonClass: 53531K(54080K)->53531K(54080K) Class: 7579K(8000K)->7579K(8000K)
[72.128s][info][gc             ] GC(739) Pause Young (Allocation Failure) 292M->143M(501M) 1.419ms
[72.128s][info][gc,cpu         ] GC(739) User=0.00s Sys=0.00s Real=0.00s
[72.226s][info][gc,start       ] GC(740) Pause Young (Allocation Failure)
[72.227s][info][gc,heap        ] GC(740) PSYoungGen: 154816K(163328K)->192K(163840K) Eden: 154624K(154624K)->0K(154624K) From: 192K(8704K)->192K(9216K)
[72.227s][info][gc,heap        ] GC(740) ParOldGen: 146576K(349696K)->146584K(349696K)
[72.227s][info][gc,metaspace   ] GC(740) Metaspace: 61111K(62080K)->61111K(62080K) NonClass: 53531K(54080K)->53531K(54080K) Class: 7579K(8000K)->7579K(8000K)
[72.227s][info][gc             ] GC(740) Pause Young (Allocation Failure) 294M->143M(501M) 1.446ms
[72.227s][info][gc,cpu         ] GC(740) User=0.00s Sys=0.00s Real=0.00s
[72.317s][info][gc,start       ] GC(741) Pause Young (Allocation Failure)
[72.318s][info][gc,heap        ] GC(741) PSYoungGen: 154816K(163840K)->128K(165376K) Eden: 154624K(154624K)->0K(156672K) From: 192K(9216K)->128K(8704K)
[72.318s][info][gc,heap        ] GC(741) ParOldGen: 146584K(349696K)->146592K(349696K)
[72.318s][info][gc,metaspace   ] GC(741) Metaspace: 61111K(62080K)->61111K(62080K) NonClass: 53531K(54080K)->53531K(54080K) Class: 7579K(8000K)->7579K(8000K)
[72.318s][info][gc             ] GC(741) Pause Young (Allocation Failure) 294M->143M(503M) 1.336ms
[72.318s][info][gc,cpu         ] GC(741) User=0.00s Sys=0.00s Real=0.00s
[72.424s][info][gc,start       ] GC(742) Pause Young (Allocation Failure)
[72.425s][info][gc,heap        ] GC(742) PSYoungGen: 156800K(165376K)->128K(165376K) Eden: 156672K(156672K)->0K(156672K) From: 128K(8704K)->128K(8704K)
[72.425s][info][gc,heap        ] GC(742) ParOldGen: 146592K(349696K)->146600K(349696K)
[72.425s][info][gc,metaspace   ] GC(742) Metaspace: 61111K(62080K)->61111K(62080K) NonClass: 53531K(54080K)->53531K(54080K) Class: 7579K(8000K)->7579K(8000K)
[72.425s][info][gc             ] GC(742) Pause Young (Allocation Failure) 296M->143M(503M) 1.373ms
[72.425s][info][gc,cpu         ] GC(742) User=0.00s Sys=0.00s Real=0.00s
[72.532s][info][gc,start       ] GC(743) Pause Young (Allocation Failure)
[72.533s][info][gc,heap        ] GC(743) PSYoungGen: 156800K(165376K)->96K(165376K) Eden: 156672K(156672K)->0K(157696K) From: 128K(8704K)->96K(7680K)
[72.533s][info][gc,heap        ] GC(743) ParOldGen: 146600K(349696K)->146608K(349696K)
[72.533s][info][gc,metaspace   ] GC(743) Metaspace: 61111K(62080K)->61111K(62080K) NonClass: 53531K(54080K)->53531K(54080K) Class: 7579K(8000K)->7579K(8000K)
[72.533s][info][gc             ] GC(743) Pause Young (Allocation Failure) 296M->143M(503M) 1.522ms
[72.533s][info][gc,cpu         ] GC(743) User=0.03s Sys=0.00s Real=0.02s
[72.585s][info][gc,start       ] GC(744) Pause Young (System.gc())
[72.586s][info][gc,heap        ] GC(744) PSYoungGen: 30759K(165376K)->416K(158208K) Eden: 30663K(157696K)->0K(157696K) From: 96K(7680K)->416K(512K)
[72.586s][info][gc,heap        ] GC(744) ParOldGen: 146608K(349696K)->146624K(349696K)
[72.586s][info][gc,metaspace   ] GC(744) Metaspace: 61111K(62080K)->61111K(62080K) NonClass: 53531K(54080K)->53531K(54080K) Class: 7579K(8000K)->7579K(8000K)
[72.586s][info][gc             ] GC(744) Pause Young (System.gc()) 173M->143M(496M) 1.775ms
[72.586s][info][gc,cpu         ] GC(744) User=0.00s Sys=0.00s Real=0.00s
[72.587s][info][gc,start       ] GC(745) Pause Full (System.gc())
[72.587s][info][gc,phases,start] GC(745) Marking Phase
[72.672s][info][gc,phases      ] GC(745) Marking Phase 85.634ms
[72.672s][info][gc,phases,start] GC(745) Summary Phase
[72.672s][info][gc,phases      ] GC(745) Summary Phase 0.014ms
[72.672s][info][gc,phases,start] GC(745) Adjust Roots
[72.680s][info][gc,phases      ] GC(745) Adjust Roots 8.045ms
[72.680s][info][gc,phases,start] GC(745) Compaction Phase
[72.700s][info][gc,phases      ] GC(745) Compaction Phase 19.264ms
[72.700s][info][gc,phases,start] GC(745) Post Compact
[72.701s][info][gc,phases      ] GC(745) Post Compact 1.023ms
[72.701s][info][gc,heap        ] GC(745) PSYoungGen: 416K(158208K)->0K(158208K) Eden: 0K(157696K)->0K(157696K) From: 416K(512K)->0K(512K)
[72.701s][info][gc,heap        ] GC(745) ParOldGen: 146624K(349696K)->102222K(349696K)
[72.701s][info][gc,metaspace   ] GC(745) Metaspace: 61111K(62080K)->61111K(62080K) NonClass: 53531K(54080K)->53531K(54080K) Class: 7579K(8000K)->7579K(8000K)
[72.701s][info][gc             ] GC(745) Pause Full (System.gc()) 143M->99M(496M) 114.363ms
[72.701s][info][gc,cpu         ] GC(745) User=0.92s Sys=0.00s Real=0.11s
[72.813s][info][gc,start       ] GC(746) Pause Young (Allocation Failure)
[72.816s][info][gc,heap        ] GC(746) PSYoungGen: 157696K(158208K)->3264K(164864K) Eden: 157696K(157696K)->0K(157696K) From: 0K(512K)->3264K(7168K)
[72.816s][info][gc,heap        ] GC(746) ParOldGen: 102222K(349696K)->102222K(349696K)
[72.816s][info][gc,metaspace   ] GC(746) Metaspace: 61129K(62080K)->61129K(62080K) NonClass: 53550K(54080K)->53550K(54080K) Class: 7579K(8000K)->7579K(8000K)
[72.816s][info][gc             ] GC(746) Pause Young (Allocation Failure) 253M->103M(502M) 2.925ms
[72.816s][info][gc,cpu         ] GC(746) User=0.00s Sys=0.02s Real=0.02s
[72.872s][info][gc,start       ] GC(747) Pause Young (Allocation Failure)
[72.879s][info][gc,heap        ] GC(747) PSYoungGen: 160960K(164864K)->5152K(164864K) Eden: 157696K(157696K)->0K(157696K) From: 3264K(7168K)->5152K(7168K)
[72.879s][info][gc,heap        ] GC(747) ParOldGen: 102222K(349696K)->105228K(349696K)
[72.879s][info][gc,metaspace   ] GC(747) Metaspace: 61129K(62080K)->61129K(62080K) NonClass: 53550K(54080K)->53550K(54080K) Class: 7579K(8000K)->7579K(8000K)
[72.879s][info][gc             ] GC(747) Pause Young (Allocation Failure) 257M->107M(502M) 6.959ms
[72.879s][info][gc,cpu         ] GC(747) User=0.19s Sys=0.00s Real=0.02s
[72.926s][info][gc,start       ] GC(748) Pause Young (Allocation Failure)
[72.944s][info][gc,heap        ] GC(748) PSYoungGen: 162848K(164864K)->7168K(163328K) Eden: 157696K(157696K)->0K(155136K) From: 5152K(7168K)->7168K(8192K)
[72.944s][info][gc,heap        ] GC(748) ParOldGen: 105228K(349696K)->109780K(349696K)
[72.944s][info][gc,metaspace   ] GC(748) Metaspace: 61129K(62080K)->61129K(62080K) NonClass: 53550K(54080K)->53550K(54080K) Class: 7579K(8000K)->7579K(8000K)
[72.944s][info][gc             ] GC(748) Pause Young (Allocation Failure) 261M->114M(501M) 18.144ms
[72.944s][info][gc,cpu         ] GC(748) User=0.03s Sys=0.00s Real=0.02s
[72.994s][info][gc,start       ] GC(749) Pause Young (Allocation Failure)
[73.006s][info][gc,heap        ] GC(749) PSYoungGen: 162304K(163328K)->5888K(161280K) Eden: 155136K(155136K)->0K(155136K) From: 7168K(8192K)->5888K(6144K)
[73.006s][info][gc,heap        ] GC(749) ParOldGen: 109780K(349696K)->116788K(349696K)
[73.006s][info][gc,metaspace   ] GC(749) Metaspace: 61129K(62080K)->61129K(62080K) NonClass: 53550K(54080K)->53550K(54080K) Class: 7579K(8000K)->7579K(8000K)
[73.006s][info][gc             ] GC(749) Pause Young (Allocation Failure) 265M->119M(499M) 12.405ms
[73.006s][info][gc,cpu         ] GC(749) User=0.00s Sys=0.00s Real=0.01s
[73.051s][info][gc,start       ] GC(750) Pause Young (Allocation Failure)
[73.068s][info][gc,heap        ] GC(750) PSYoungGen: 161024K(161280K)->8224K(162304K) Eden: 155136K(155136K)->0K(152064K) From: 5888K(6144K)->8224K(10240K)
[73.068s][info][gc,heap        ] GC(750) ParOldGen: 116788K(349696K)->122548K(349696K)
[73.068s][info][gc,metaspace   ] GC(750) Metaspace: 61129K(62080K)->61129K(62080K) NonClass: 53550K(54080K)->53550K(54080K) Class: 7579K(8000K)->7579K(8000K)
[73.068s][info][gc             ] GC(750) Pause Young (Allocation Failure) 271M->127M(500M) 16.589ms
[73.068s][info][gc,cpu         ] GC(750) User=0.17s Sys=0.00s Real=0.02s
[73.112s][info][gc,start       ] GC(751) Pause Young (Allocation Failure)
[73.125s][info][gc,heap        ] GC(751) PSYoungGen: 160288K(162304K)->6208K(158720K) Eden: 152064K(152064K)->0K(152064K) From: 8224K(10240K)->6208K(6656K)
[73.125s][info][gc,heap        ] GC(751) ParOldGen: 122548K(349696K)->130676K(349696K)
[73.125s][info][gc,metaspace   ] GC(751) Metaspace: 61129K(62080K)->61129K(62080K) NonClass: 53550K(54080K)->53550K(54080K) Class: 7579K(8000K)->7579K(8000K)
[73.125s][info][gc             ] GC(751) Pause Young (Allocation Failure) 276M->133M(496M) 13.442ms
[73.125s][info][gc,cpu         ] GC(751) User=0.19s Sys=0.00s Real=0.02s
[73.169s][info][gc,start       ] GC(752) Pause Young (Allocation Failure)
[73.208s][info][gc,heap        ] GC(752) PSYoungGen: 158272K(158720K)->6400K(161792K) Eden: 152064K(152064K)->0K(150016K) From: 6208K(6656K)->6400K(11776K)
[73.208s][info][gc,heap        ] GC(752) ParOldGen: 130676K(349696K)->136820K(349696K)
[73.208s][info][gc,metaspace   ] GC(752) Metaspace: 61129K(62080K)->61129K(62080K) NonClass: 53550K(54080K)->53550K(54080K) Class: 7579K(8000K)->7579K(8000K)
[73.208s][info][gc             ] GC(752) Pause Young (Allocation Failure) 282M->139M(499M) 39.874ms
[73.208s][info][gc,cpu         ] GC(752) User=0.34s Sys=0.00s Real=0.03s
[73.255s][info][gc,start       ] GC(753) Pause Young (Allocation Failure)
[73.289s][info][gc,heap        ] GC(753) PSYoungGen: 156416K(161792K)->3360K(153600K) Eden: 150016K(150016K)->0K(150016K) From: 6400K(11776K)->3360K(3584K)
[73.289s][info][gc,heap        ] GC(753) ParOldGen: 136820K(349696K)->143132K(349696K)
[73.289s][info][gc,metaspace   ] GC(753) Metaspace: 61130K(62080K)->61130K(62080K) NonClass: 53551K(54080K)->53551K(54080K) Class: 7579K(8000K)->7579K(8000K)
[73.289s][info][gc             ] GC(753) Pause Young (Allocation Failure) 286M->143M(491M) 34.267ms
[73.289s][info][gc,cpu         ] GC(753) User=0.38s Sys=0.00s Real=0.03s
[73.337s][info][gc,start       ] GC(754) Pause Young (Allocation Failure)
[73.352s][info][gc,heap        ] GC(754) PSYoungGen: 153376K(153600K)->192K(161792K) Eden: 150016K(150016K)->0K(150528K) From: 3360K(3584K)->192K(11264K)
[73.352s][info][gc,heap        ] GC(754) ParOldGen: 143132K(349696K)->146412K(349696K)
[73.352s][info][gc,metaspace   ] GC(754) Metaspace: 61130K(62080K)->61130K(62080K) NonClass: 53551K(54080K)->53551K(54080K) Class: 7579K(8000K)->7579K(8000K)
[73.352s][info][gc             ] GC(754) Pause Young (Allocation Failure) 289M->143M(499M) 15.091ms
[73.352s][info][gc,cpu         ] GC(754) User=0.17s Sys=0.00s Real=0.02s
[73.404s][info][gc,start       ] GC(755) Pause Young (Allocation Failure)
[73.406s][info][gc,heap        ] GC(755) PSYoungGen: 150720K(161792K)->288K(161792K) Eden: 150528K(150528K)->0K(150528K) From: 192K(11264K)->288K(11264K)
[73.406s][info][gc,heap        ] GC(755) ParOldGen: 146412K(349696K)->146420K(349696K)
[73.406s][info][gc,metaspace   ] GC(755) Metaspace: 61130K(62080K)->61130K(62080K) NonClass: 53551K(54080K)->53551K(54080K) Class: 7579K(8000K)->7579K(8000K)
[73.406s][info][gc             ] GC(755) Pause Young (Allocation Failure) 290M->143M(499M) 1.417ms
[73.406s][info][gc,cpu         ] GC(755) User=0.00s Sys=0.00s Real=0.00s
[73.461s][info][gc,start       ] GC(756) Pause Young (Allocation Failure)
[73.462s][info][gc,heap        ] GC(756) PSYoungGen: 150816K(161792K)->256K(162816K) Eden: 150528K(150528K)->0K(152064K) From: 288K(11264K)->256K(10752K)
[73.462s][info][gc,heap        ] GC(756) ParOldGen: 146420K(349696K)->146436K(349696K)
[73.463s][info][gc,metaspace   ] GC(756) Metaspace: 61130K(62080K)->61130K(62080K) NonClass: 53551K(54080K)->53551K(54080K) Class: 7579K(8000K)->7579K(8000K)
[73.463s][info][gc             ] GC(756) Pause Young (Allocation Failure) 290M->143M(500M) 1.491ms
[73.463s][info][gc,cpu         ] GC(756) User=0.03s Sys=0.00s Real=0.02s
[73.517s][info][gc,start       ] GC(757) Pause Young (Allocation Failure)
[73.519s][info][gc,heap        ] GC(757) PSYoungGen: 152320K(162816K)->224K(162816K) Eden: 152064K(152064K)->0K(152064K) From: 256K(10752K)->224K(10752K)
[73.519s][info][gc,heap        ] GC(757) ParOldGen: 146436K(349696K)->146436K(349696K)
[73.519s][info][gc,metaspace   ] GC(757) Metaspace: 61130K(62080K)->61130K(62080K) NonClass: 53551K(54080K)->53551K(54080K) Class: 7579K(8000K)->7579K(8000K)
[73.519s][info][gc             ] GC(757) Pause Young (Allocation Failure) 291M->143M(500M) 1.445ms
[73.519s][info][gc,cpu         ] GC(757) User=0.00s Sys=0.00s Real=0.00s
[73.579s][info][gc,start       ] GC(758) Pause Young (Allocation Failure)
[73.580s][info][gc,heap        ] GC(758) PSYoungGen: 152288K(162816K)->352K(163328K) Eden: 152064K(152064K)->0K(153088K) From: 224K(10752K)->352K(10240K)
[73.580s][info][gc,heap        ] GC(758) ParOldGen: 146436K(349696K)->146452K(349696K)
[73.580s][info][gc,metaspace   ] GC(758) Metaspace: 61130K(62080K)->61130K(62080K) NonClass: 53551K(54080K)->53551K(54080K) Class: 7579K(8000K)->7579K(8000K)
[73.580s][info][gc             ] GC(758) Pause Young (Allocation Failure) 291M->143M(501M) 1.510ms
[73.580s][info][gc,cpu         ] GC(758) User=0.00s Sys=0.00s Real=0.00s
[73.675s][info][gc,start       ] GC(759) Pause Young (Allocation Failure)
[73.677s][info][gc,heap        ] GC(759) PSYoungGen: 153440K(163328K)->128K(163328K) Eden: 153088K(153088K)->0K(153088K) From: 352K(10240K)->128K(10240K)
[73.677s][info][gc,heap        ] GC(759) ParOldGen: 146452K(349696K)->146540K(349696K)
[73.677s][info][gc,metaspace   ] GC(759) Metaspace: 61130K(62080K)->61130K(62080K) NonClass: 53551K(54080K)->53551K(54080K) Class: 7579K(8000K)->7579K(8000K)
[73.677s][info][gc             ] GC(759) Pause Young (Allocation Failure) 292M->143M(501M) 1.474ms
[73.677s][info][gc,cpu         ] GC(759) User=0.00s Sys=0.00s Real=0.00s
[73.781s][info][gc,start       ] GC(760) Pause Young (Allocation Failure)
[73.782s][info][gc,heap        ] GC(760) PSYoungGen: 153216K(163328K)->160K(163840K) Eden: 153088K(153088K)->0K(154624K) From: 128K(10240K)->160K(9216K)
[73.783s][info][gc,heap        ] GC(760) ParOldGen: 146540K(349696K)->146548K(349696K)
[73.783s][info][gc,metaspace   ] GC(760) Metaspace: 61130K(62080K)->61130K(62080K) NonClass: 53551K(54080K)->53551K(54080K) Class: 7579K(8000K)->7579K(8000K)
[73.783s][info][gc             ] GC(760) Pause Young (Allocation Failure) 292M->143M(501M) 1.487ms
[73.783s][info][gc,cpu         ] GC(760) User=0.03s Sys=0.00s Real=0.01s
[73.889s][info][gc,start       ] GC(761) Pause Young (Allocation Failure)
[73.890s][info][gc,heap        ] GC(761) PSYoungGen: 154784K(163840K)->224K(163840K) Eden: 154624K(154624K)->0K(154624K) From: 160K(9216K)->224K(9216K)
[73.890s][info][gc,heap        ] GC(761) ParOldGen: 146548K(349696K)->146556K(349696K)
[73.890s][info][gc,metaspace   ] GC(761) Metaspace: 61130K(62080K)->61130K(62080K) NonClass: 53551K(54080K)->53551K(54080K) Class: 7579K(8000K)->7579K(8000K)
[73.891s][info][gc             ] GC(761) Pause Young (Allocation Failure) 294M->143M(501M) 1.489ms
[73.891s][info][gc,cpu         ] GC(761) User=0.00s Sys=0.00s Real=0.00s
[73.981s][info][gc,start       ] GC(762) Pause Young (Allocation Failure)
[73.982s][info][gc,heap        ] GC(762) PSYoungGen: 154848K(163840K)->96K(164864K) Eden: 154624K(154624K)->0K(156672K) From: 224K(9216K)->96K(8192K)
[73.982s][info][gc,heap        ] GC(762) ParOldGen: 146556K(349696K)->146572K(349696K)
[73.982s][info][gc,metaspace   ] GC(762) Metaspace: 61130K(62080K)->61130K(62080K) NonClass: 53551K(54080K)->53551K(54080K) Class: 7579K(8000K)->7579K(8000K)
[73.983s][info][gc             ] GC(762) Pause Young (Allocation Failure) 294M->143M(502M) 1.473ms
[73.983s][info][gc,cpu         ] GC(762) User=0.00s Sys=0.00s Real=0.00s
[74.074s][info][gc,start       ] GC(763) Pause Young (Allocation Failure)
[74.075s][info][gc,heap        ] GC(763) PSYoungGen: 156768K(164864K)->192K(164864K) Eden: 156672K(156672K)->0K(156672K) From: 96K(8192K)->192K(8192K)
[74.075s][info][gc,heap        ] GC(763) ParOldGen: 146572K(349696K)->146580K(349696K)
[74.075s][info][gc,metaspace   ] GC(763) Metaspace: 61130K(62080K)->61130K(62080K) NonClass: 53551K(54080K)->53551K(54080K) Class: 7579K(8000K)->7579K(8000K)
[74.076s][info][gc             ] GC(763) Pause Young (Allocation Failure) 296M->143M(502M) 1.465ms
[74.076s][info][gc,cpu         ] GC(763) User=0.00s Sys=0.00s Real=0.00s
[74.167s][info][gc,start       ] GC(764) Pause Young (Allocation Failure)
[74.169s][info][gc,heap        ] GC(764) PSYoungGen: 156864K(164864K)->192K(165376K) Eden: 156672K(156672K)->0K(158208K) From: 192K(8192K)->192K(7168K)
[74.169s][info][gc,heap        ] GC(764) ParOldGen: 146580K(349696K)->146588K(349696K)
[74.169s][info][gc,metaspace   ] GC(764) Metaspace: 61130K(62080K)->61130K(62080K) NonClass: 53551K(54080K)->53551K(54080K) Class: 7579K(8000K)->7579K(8000K)
[74.169s][info][gc             ] GC(764) Pause Young (Allocation Failure) 296M->143M(503M) 1.489ms
[74.169s][info][gc,cpu         ] GC(764) User=0.00s Sys=0.00s Real=0.00s
[74.201s][info][gc,start       ] GC(765) Pause Young (System.gc())
[74.202s][info][gc,heap        ] GC(765) PSYoungGen: 24843K(165376K)->384K(158720K) Eden: 24651K(158208K)->0K(158208K) From: 192K(7168K)->384K(512K)
[74.202s][info][gc,heap        ] GC(765) ParOldGen: 146588K(349696K)->146596K(349696K)
[74.202s][info][gc,metaspace   ] GC(765) Metaspace: 61141K(62080K)->61141K(62080K) NonClass: 53562K(54080K)->53562K(54080K) Class: 7579K(8000K)->7579K(8000K)
[74.202s][info][gc             ] GC(765) Pause Young (System.gc()) 167M->143M(496M) 1.399ms
[74.203s][info][gc,cpu         ] GC(765) User=0.00s Sys=0.00s Real=0.00s
[74.203s][info][gc,start       ] GC(766) Pause Full (System.gc())
[74.203s][info][gc,phases,start] GC(766) Marking Phase
[74.299s][info][gc,phases      ] GC(766) Marking Phase 96.004ms
[74.299s][info][gc,phases,start] GC(766) Summary Phase
[74.299s][info][gc,phases      ] GC(766) Summary Phase 0.023ms
[74.299s][info][gc,phases,start] GC(766) Adjust Roots
[74.310s][info][gc,phases      ] GC(766) Adjust Roots 11.029ms
[74.310s][info][gc,phases,start] GC(766) Compaction Phase
[74.328s][info][gc,phases      ] GC(766) Compaction Phase 18.423ms
[74.328s][info][gc,phases,start] GC(766) Post Compact
[74.329s][info][gc,phases      ] GC(766) Post Compact 0.949ms
[74.329s][info][gc,heap        ] GC(766) PSYoungGen: 384K(158720K)->0K(158720K) Eden: 0K(158208K)->0K(158208K) From: 384K(512K)->0K(512K)
[74.329s][info][gc,heap        ] GC(766) ParOldGen: 146596K(349696K)->102253K(349696K)
[74.329s][info][gc,metaspace   ] GC(766) Metaspace: 61141K(62080K)->61141K(62080K) NonClass: 53562K(54080K)->53562K(54080K) Class: 7579K(8000K)->7579K(8000K)
[74.329s][info][gc             ] GC(766) Pause Full (System.gc()) 143M->99M(496M) 126.789ms
[74.330s][info][gc,cpu         ] GC(766) User=1.02s Sys=0.00s Real=0.12s
[74.451s][info][gc,start       ] GC(767) Pause Young (Allocation Failure)
[74.457s][info][gc,heap        ] GC(767) PSYoungGen: 158208K(158720K)->4064K(164864K) Eden: 158208K(158208K)->0K(157696K) From: 0K(512K)->4064K(7168K)
[74.457s][info][gc,heap        ] GC(767) ParOldGen: 102253K(349696K)->102261K(349696K)
[74.457s][info][gc,metaspace   ] GC(767) Metaspace: 61144K(62080K)->61144K(62080K) NonClass: 53564K(54080K)->53564K(54080K) Class: 7579K(8000K)->7579K(8000K)
[74.457s][info][gc             ] GC(767) Pause Young (Allocation Failure) 254M->103M(502M) 5.762ms
[74.457s][info][gc,cpu         ] GC(767) User=0.00s Sys=0.00s Real=0.00s
[74.513s][info][gc,start       ] GC(768) Pause Young (Allocation Failure)
[74.529s][info][gc,heap        ] GC(768) PSYoungGen: 161760K(164864K)->7328K(165376K) Eden: 157696K(157696K)->0K(157696K) From: 4064K(7168K)->7328K(7680K)
[74.529s][info][gc,heap        ] GC(768) ParOldGen: 102261K(349696K)->105912K(349696K)
[74.529s][info][gc,metaspace   ] GC(768) Metaspace: 61144K(62080K)->61144K(62080K) NonClass: 53564K(54080K)->53564K(54080K) Class: 7579K(8000K)->7579K(8000K)
[74.529s][info][gc             ] GC(768) Pause Young (Allocation Failure) 257M->110M(503M) 16.370ms
[74.529s][info][gc,cpu         ] GC(768) User=0.03s Sys=0.00s Real=0.02s
[74.581s][info][gc,start       ] GC(769) Pause Young (Allocation Failure)
[74.596s][info][gc,heap        ] GC(769) PSYoungGen: 165024K(165376K)->7424K(163328K) Eden: 157696K(157696K)->0K(154112K) From: 7328K(7680K)->7424K(9216K)
[74.596s][info][gc,heap        ] GC(769) ParOldGen: 105912K(349696K)->112664K(349696K)
[74.596s][info][gc,metaspace   ] GC(769) Metaspace: 61144K(62080K)->61144K(62080K) NonClass: 53564K(54080K)->53564K(54080K) Class: 7579K(8000K)->7579K(8000K)
[74.596s][info][gc             ] GC(769) Pause Young (Allocation Failure) 264M->117M(501M) 15.115ms
[74.596s][info][gc,cpu         ] GC(769) User=0.03s Sys=0.00s Real=0.02s
[74.640s][info][gc,start       ] GC(770) Pause Young (Allocation Failure)
[74.657s][info][gc,heap        ] GC(770) PSYoungGen: 161536K(163328K)->6496K(160768K) Eden: 154112K(154112K)->0K(154112K) From: 7424K(9216K)->6496K(6656K)
[74.657s][info][gc,heap        ] GC(770) ParOldGen: 112664K(349696K)->119976K(349696K)
[74.657s][info][gc,metaspace   ] GC(770) Metaspace: 61144K(62080K)->61144K(62080K) NonClass: 53564K(54080K)->53564K(54080K) Class: 7579K(8000K)->7579K(8000K)
[74.657s][info][gc             ] GC(770) Pause Young (Allocation Failure) 267M->123M(498M) 16.471ms
[74.657s][info][gc,cpu         ] GC(770) User=0.03s Sys=0.00s Real=0.02s
[74.702s][info][gc,start       ] GC(771) Pause Young (Allocation Failure)
[74.716s][info][gc,heap        ] GC(771) PSYoungGen: 160608K(160768K)->8160K(161280K) Eden: 154112K(154112K)->0K(150016K) From: 6496K(6656K)->8160K(11264K)
[74.717s][info][gc,heap        ] GC(771) ParOldGen: 119976K(349696K)->126312K(349696K)
[74.717s][info][gc,metaspace   ] GC(771) Metaspace: 61144K(62080K)->61144K(62080K) NonClass: 53564K(54080K)->53564K(54080K) Class: 7579K(8000K)->7579K(8000K)
[74.717s][info][gc             ] GC(771) Pause Young (Allocation Failure) 274M->131M(499M) 14.557ms
[74.717s][info][gc,cpu         ] GC(771) User=0.17s Sys=0.00s Real=0.02s
[74.763s][info][gc,start       ] GC(772) Pause Young (Allocation Failure)
[74.778s][info][gc,heap        ] GC(772) PSYoungGen: 158176K(161280K)->6784K(157184K) Eden: 150016K(150016K)->0K(150016K) From: 8160K(11264K)->6784K(7168K)
[74.778s][info][gc,heap        ] GC(772) ParOldGen: 126312K(349696K)->134328K(349696K)
[74.778s][info][gc,metaspace   ] GC(772) Metaspace: 61144K(62080K)->61144K(62080K) NonClass: 53564K(54080K)->53564K(54080K) Class: 7579K(8000K)->7579K(8000K)
[74.778s][info][gc             ] GC(772) Pause Young (Allocation Failure) 277M->137M(495M) 14.880ms
[74.778s][info][gc,cpu         ] GC(772) User=0.17s Sys=0.00s Real=0.02s
[74.831s][info][gc,start       ] GC(773) Pause Young (Allocation Failure)
[74.870s][info][gc,heap        ] GC(773) PSYoungGen: 156800K(157184K)->5600K(162304K) Eden: 150016K(150016K)->0K(149504K) From: 6784K(7168K)->5600K(12800K)
[74.870s][info][gc,heap        ] GC(773) ParOldGen: 134328K(349696K)->141000K(349696K)
[74.870s][info][gc,metaspace   ] GC(773) Metaspace: 61144K(62080K)->61144K(62080K) NonClass: 53564K(54080K)->53564K(54080K) Class: 7579K(8000K)->7579K(8000K)
[74.870s][info][gc             ] GC(773) Pause Young (Allocation Failure) 284M->143M(500M) 39.258ms
[74.870s][info][gc,cpu         ] GC(773) User=0.34s Sys=0.00s Real=0.03s
[74.918s][info][gc,start       ] GC(774) Pause Young (Allocation Failure)
[74.941s][info][gc,heap        ] GC(774) PSYoungGen: 155104K(162304K)->192K(161792K) Eden: 149504K(149504K)->0K(149504K) From: 5600K(12800K)->192K(12288K)
[74.941s][info][gc,heap        ] GC(774) ParOldGen: 141000K(349696K)->146472K(349696K)
[74.941s][info][gc,metaspace   ] GC(774) Metaspace: 61144K(62080K)->61144K(62080K) NonClass: 53564K(54080K)->53564K(54080K) Class: 7579K(8000K)->7579K(8000K)
[74.941s][info][gc             ] GC(774) Pause Young (Allocation Failure) 289M->143M(499M) 22.999ms
[74.941s][info][gc,cpu         ] GC(774) User=0.38s Sys=0.00s Real=0.03s
[74.989s][info][gc,start       ] GC(775) Pause Young (Allocation Failure)
[74.990s][info][gc,heap        ] GC(775) PSYoungGen: 149696K(161792K)->224K(161792K) Eden: 149504K(149504K)->0K(150016K) From: 192K(12288K)->224K(11776K)
[74.990s][info][gc,heap        ] GC(775) ParOldGen: 146472K(349696K)->146488K(349696K)
[74.990s][info][gc,metaspace   ] GC(775) Metaspace: 61144K(62080K)->61144K(62080K) NonClass: 53564K(54080K)->53564K(54080K) Class: 7579K(8000K)->7579K(8000K)
[74.990s][info][gc             ] GC(775) Pause Young (Allocation Failure) 289M->143M(499M) 1.457ms
[74.990s][info][gc,cpu         ] GC(775) User=0.00s Sys=0.00s Real=0.00s
[75.044s][info][gc,start       ] GC(776) Pause Young (Allocation Failure)
[75.045s][info][gc,heap        ] GC(776) PSYoungGen: 150240K(161792K)->288K(161792K) Eden: 150016K(150016K)->0K(150016K) From: 224K(11776K)->288K(11776K)
[75.045s][info][gc,heap        ] GC(776) ParOldGen: 146488K(349696K)->146496K(349696K)
[75.045s][info][gc,metaspace   ] GC(776) Metaspace: 61144K(62080K)->61144K(62080K) NonClass: 53564K(54080K)->53564K(54080K) Class: 7579K(8000K)->7579K(8000K)
[75.045s][info][gc             ] GC(776) Pause Young (Allocation Failure) 289M->143M(499M) 0.811ms
[75.045s][info][gc,cpu         ] GC(776) User=0.00s Sys=0.00s Real=0.00s
[75.092s][info][gc,start       ] GC(777) Pause Young (Allocation Failure)
[75.093s][info][gc,heap        ] GC(777) PSYoungGen: 150304K(161792K)->224K(161792K) Eden: 150016K(150016K)->0K(151040K) From: 288K(11776K)->224K(10752K)
[75.093s][info][gc,heap        ] GC(777) ParOldGen: 146496K(349696K)->146512K(349696K)
[75.093s][info][gc,metaspace   ] GC(777) Metaspace: 61144K(62080K)->61144K(62080K) NonClass: 53564K(54080K)->53564K(54080K) Class: 7579K(8000K)->7579K(8000K)
[75.093s][info][gc             ] GC(777) Pause Young (Allocation Failure) 289M->143M(499M) 0.836ms
[75.093s][info][gc,cpu         ] GC(777) User=0.03s Sys=0.00s Real=0.02s
[75.140s][info][gc,start       ] GC(778) Pause Young (Allocation Failure)
[75.140s][info][gc,heap        ] GC(778) PSYoungGen: 151264K(161792K)->224K(162304K) Eden: 151040K(151040K)->0K(151040K) From: 224K(10752K)->224K(11264K)
[75.140s][info][gc,heap        ] GC(778) ParOldGen: 146512K(349696K)->146520K(349696K)
[75.141s][info][gc,metaspace   ] GC(778) Metaspace: 61144K(62080K)->61144K(62080K) NonClass: 53564K(54080K)->53564K(54080K) Class: 7579K(8000K)->7579K(8000K)
[75.141s][info][gc             ] GC(778) Pause Young (Allocation Failure) 290M->143M(500M) 0.851ms
[75.141s][info][gc,cpu         ] GC(778) User=0.00s Sys=0.00s Real=0.00s
[75.188s][info][gc,start       ] GC(779) Pause Young (Allocation Failure)
[75.189s][info][gc,heap        ] GC(779) PSYoungGen: 151264K(162304K)->192K(162304K) Eden: 151040K(151040K)->0K(152576K) From: 224K(11264K)->192K(9728K)
[75.189s][info][gc,heap        ] GC(779) ParOldGen: 146520K(349696K)->146528K(349696K)
[75.189s][info][gc,metaspace   ] GC(779) Metaspace: 61144K(62080K)->61144K(62080K) NonClass: 53564K(54080K)->53564K(54080K) Class: 7579K(8000K)->7579K(8000K)
[75.189s][info][gc             ] GC(779) Pause Young (Allocation Failure) 290M->143M(500M) 1.386ms
[75.189s][info][gc,cpu         ] GC(779) User=0.00s Sys=0.00s Real=0.00s
[75.249s][info][gc,start       ] GC(780) Pause Young (Allocation Failure)
[75.249s][info][gc,heap        ] GC(780) PSYoungGen: 152768K(162304K)->384K(162816K) Eden: 152576K(152576K)->0K(152576K) From: 192K(9728K)->384K(10240K)
[75.249s][info][gc,heap        ] GC(780) ParOldGen: 146528K(349696K)->146544K(349696K)
[75.249s][info][gc,metaspace   ] GC(780) Metaspace: 61144K(62080K)->61144K(62080K) NonClass: 53564K(54080K)->53564K(54080K) Class: 7579K(8000K)->7579K(8000K)
[75.249s][info][gc             ] GC(780) Pause Young (Allocation Failure) 292M->143M(500M) 0.837ms
[75.249s][info][gc,cpu         ] GC(780) User=0.00s Sys=0.00s Real=0.00s
[75.370s][info][gc,start       ] GC(781) Pause Young (Allocation Failure)
[75.371s][info][gc,heap        ] GC(781) PSYoungGen: 152960K(162816K)->160K(163328K) Eden: 152576K(152576K)->0K(154112K) From: 384K(10240K)->160K(9216K)
[75.371s][info][gc,heap        ] GC(781) ParOldGen: 146544K(349696K)->146632K(349696K)
[75.371s][info][gc,metaspace   ] GC(781) Metaspace: 61144K(62080K)->61144K(62080K) NonClass: 53564K(54080K)->53564K(54080K) Class: 7579K(8000K)->7579K(8000K)
[75.372s][info][gc             ] GC(781) Pause Young (Allocation Failure) 292M->143M(501M) 1.507ms
[75.372s][info][gc,cpu         ] GC(781) User=0.00s Sys=0.00s Real=0.00s
[75.462s][info][gc,start       ] GC(782) Pause Young (Allocation Failure)
[75.463s][info][gc,heap        ] GC(782) PSYoungGen: 154272K(163328K)->192K(163840K) Eden: 154112K(154112K)->0K(154112K) From: 160K(9216K)->192K(9728K)
[75.463s][info][gc,heap        ] GC(782) ParOldGen: 146632K(349696K)->146640K(349696K)
[75.463s][info][gc,metaspace   ] GC(782) Metaspace: 61144K(62080K)->61144K(62080K) NonClass: 53564K(54080K)->53564K(54080K) Class: 7579K(8000K)->7579K(8000K)
[75.463s][info][gc             ] GC(782) Pause Young (Allocation Failure) 293M->143M(501M) 1.439ms
[75.463s][info][gc,cpu         ] GC(782) User=0.00s Sys=0.00s Real=0.00s
[75.552s][info][gc,start       ] GC(783) Pause Young (Allocation Failure)
[75.554s][info][gc,heap        ] GC(783) PSYoungGen: 154304K(163840K)->128K(163840K) Eden: 154112K(154112K)->0K(155648K) From: 192K(9728K)->128K(8192K)
[75.554s][info][gc,heap        ] GC(783) ParOldGen: 146640K(349696K)->146648K(349696K)
[75.554s][info][gc,metaspace   ] GC(783) Metaspace: 61144K(62080K)->61144K(62080K) NonClass: 53564K(54080K)->53564K(54080K) Class: 7579K(8000K)->7579K(8000K)
[75.554s][info][gc             ] GC(783) Pause Young (Allocation Failure) 293M->143M(501M) 1.317ms
[75.554s][info][gc,cpu         ] GC(783) User=0.00s Sys=0.00s Real=0.00s
[75.658s][info][gc,start       ] GC(784) Pause Young (Allocation Failure)
[75.659s][info][gc,heap        ] GC(784) PSYoungGen: 155776K(163840K)->352K(164352K) Eden: 155648K(155648K)->0K(155648K) From: 128K(8192K)->352K(8704K)
[75.660s][info][gc,heap        ] GC(784) ParOldGen: 146648K(349696K)->146656K(349696K)
[75.660s][info][gc,metaspace   ] GC(784) Metaspace: 61146K(62080K)->61146K(62080K) NonClass: 53567K(54080K)->53567K(54080K) Class: 7579K(8000K)->7579K(8000K)
[75.660s][info][gc             ] GC(784) Pause Young (Allocation Failure) 295M->143M(502M) 1.516ms
[75.660s][info][gc,cpu         ] GC(784) User=0.00s Sys=0.00s Real=0.00s
[75.767s][info][gc,start       ] GC(785) Pause Young (Allocation Failure)
[75.769s][info][gc,heap        ] GC(785) PSYoungGen: 156000K(164352K)->160K(164864K) Eden: 155648K(155648K)->0K(157696K) From: 352K(8704K)->160K(7168K)
[75.769s][info][gc,heap        ] GC(785) ParOldGen: 146656K(349696K)->146744K(349696K)
[75.769s][info][gc,metaspace   ] GC(785) Metaspace: 61146K(62080K)->61146K(62080K) NonClass: 53567K(54080K)->53567K(54080K) Class: 7579K(8000K)->7579K(8000K)
[75.769s][info][gc             ] GC(785) Pause Young (Allocation Failure) 295M->143M(502M) 1.405ms
[75.769s][info][gc,cpu         ] GC(785) User=0.00s Sys=0.00s Real=0.00s
[75.809s][info][gc,start       ] GC(786) Pause Young (System.gc())
[75.811s][info][gc,heap        ] GC(786) PSYoungGen: 39327K(164864K)->384K(158208K) Eden: 39167K(157696K)->0K(157696K) From: 160K(7168K)->384K(512K)
[75.811s][info][gc,heap        ] GC(786) ParOldGen: 146744K(349696K)->146760K(349696K)
[75.811s][info][gc,metaspace   ] GC(786) Metaspace: 61151K(62080K)->61151K(62080K) NonClass: 53571K(54080K)->53571K(54080K) Class: 7579K(8000K)->7579K(8000K)
[75.811s][info][gc             ] GC(786) Pause Young (System.gc()) 181M->143M(496M) 1.728ms
[75.811s][info][gc,cpu         ] GC(786) User=0.00s Sys=0.00s Real=0.00s
[75.811s][info][gc,start       ] GC(787) Pause Full (System.gc())
[75.811s][info][gc,phases,start] GC(787) Marking Phase
[75.899s][info][gc,phases      ] GC(787) Marking Phase 87.431ms
[75.899s][info][gc,phases,start] GC(787) Summary Phase
[75.899s][info][gc,phases      ] GC(787) Summary Phase 0.013ms
[75.899s][info][gc,phases,start] GC(787) Adjust Roots
[75.907s][info][gc,phases      ] GC(787) Adjust Roots 8.699ms
[75.907s][info][gc,phases,start] GC(787) Compaction Phase
[75.929s][info][gc,phases      ] GC(787) Compaction Phase 21.260ms
[75.929s][info][gc,phases,start] GC(787) Post Compact
[75.930s][info][gc,phases      ] GC(787) Post Compact 1.016ms
[75.930s][info][gc,heap        ] GC(787) PSYoungGen: 384K(158208K)->0K(158208K) Eden: 0K(157696K)->0K(157696K) From: 384K(512K)->0K(512K)
[75.930s][info][gc,heap        ] GC(787) ParOldGen: 146760K(349696K)->102279K(349696K)
[75.930s][info][gc,metaspace   ] GC(787) Metaspace: 61151K(62080K)->61151K(62080K) NonClass: 53571K(54080K)->53571K(54080K) Class: 7579K(8000K)->7579K(8000K)
[75.930s][info][gc             ] GC(787) Pause Full (System.gc()) 143M->99M(496M) 118.814ms
[75.930s][info][gc,cpu         ] GC(787) User=0.95s Sys=0.00s Real=0.11s
[76.036s][info][gc,start       ] GC(788) Pause Young (Allocation Failure)
[76.043s][info][gc,heap        ] GC(788) PSYoungGen: 157696K(158208K)->4000K(164352K) Eden: 157696K(157696K)->0K(157184K) From: 0K(512K)->4000K(7168K)
[76.043s][info][gc,heap        ] GC(788) ParOldGen: 102279K(349696K)->102279K(349696K)
[76.043s][info][gc,metaspace   ] GC(788) Metaspace: 61201K(62144K)->61201K(62144K) NonClass: 53622K(54144K)->53622K(54144K) Class: 7579K(8000K)->7579K(8000K)
[76.043s][info][gc             ] GC(788) Pause Young (Allocation Failure) 253M->103M(502M) 6.803ms
[76.043s][info][gc,cpu         ] GC(788) User=0.00s Sys=0.00s Real=0.00s
[76.098s][info][gc,start       ] GC(789) Pause Young (Allocation Failure)
[76.112s][info][gc,heap        ] GC(789) PSYoungGen: 161184K(164352K)->7456K(164864K) Eden: 157184K(157184K)->0K(157184K) From: 4000K(7168K)->7456K(7680K)
[76.112s][info][gc,heap        ] GC(789) ParOldGen: 102279K(349696K)->105850K(349696K)
[76.112s][info][gc,metaspace   ] GC(789) Metaspace: 61201K(62144K)->61201K(62144K) NonClass: 53622K(54144K)->53622K(54144K) Class: 7579K(8000K)->7579K(8000K)
[76.112s][info][gc             ] GC(789) Pause Young (Allocation Failure) 257M->110M(502M) 13.949ms
[76.112s][info][gc,cpu         ] GC(789) User=0.03s Sys=0.00s Real=0.02s
[76.165s][info][gc,start       ] GC(790) Pause Young (Allocation Failure)
[76.178s][info][gc,heap        ] GC(790) PSYoungGen: 164640K(164864K)->7808K(162304K) Eden: 157184K(157184K)->0K(153088K) From: 7456K(7680K)->7808K(9216K)
[76.178s][info][gc,heap        ] GC(790) ParOldGen: 105850K(349696K)->112650K(349696K)
[76.178s][info][gc,metaspace   ] GC(790) Metaspace: 61201K(62144K)->61201K(62144K) NonClass: 53622K(54144K)->53622K(54144K) Class: 7579K(8000K)->7579K(8000K)
[76.178s][info][gc             ] GC(790) Pause Young (Allocation Failure) 264M->117M(500M) 13.385ms
[76.178s][info][gc,cpu         ] GC(790) User=0.19s Sys=0.00s Real=0.02s
[76.226s][info][gc,start       ] GC(791) Pause Young (Allocation Failure)
[76.242s][info][gc,heap        ] GC(791) PSYoungGen: 160896K(162304K)->6048K(159232K) Eden: 153088K(153088K)->0K(153088K) From: 7808K(9216K)->6048K(6144K)
[76.242s][info][gc,heap        ] GC(791) ParOldGen: 112650K(349696K)->120330K(349696K)
[76.242s][info][gc,metaspace   ] GC(791) Metaspace: 61201K(62144K)->61201K(62144K) NonClass: 53622K(54144K)->53622K(54144K) Class: 7579K(8000K)->7579K(8000K)
[76.242s][info][gc             ] GC(791) Pause Young (Allocation Failure) 267M->123M(497M) 16.143ms
[76.242s][info][gc,cpu         ] GC(791) User=0.03s Sys=0.00s Real=0.02s
[76.296s][info][gc,start       ] GC(792) Pause Young (Allocation Failure)
[76.310s][info][gc,heap        ] GC(792) PSYoungGen: 159136K(159232K)->6848K(162304K) Eden: 153088K(153088K)->0K(151040K) From: 6048K(6144K)->6848K(11264K)
[76.310s][info][gc,heap        ] GC(792) ParOldGen: 120330K(349696K)->126266K(349696K)
[76.310s][info][gc,metaspace   ] GC(792) Metaspace: 61201K(62144K)->61201K(62144K) NonClass: 53622K(54144K)->53622K(54144K) Class: 7579K(8000K)->7579K(8000K)
[76.310s][info][gc             ] GC(792) Pause Young (Allocation Failure) 272M->129M(500M) 14.103ms
[76.310s][info][gc,cpu         ] GC(792) User=0.17s Sys=0.00s Real=0.02s
[76.353s][info][gc,start       ] GC(793) Pause Young (Allocation Failure)
[76.366s][info][gc,heap        ] GC(793) PSYoungGen: 157888K(162304K)->6368K(157696K) Eden: 151040K(151040K)->0K(151040K) From: 6848K(11264K)->6368K(6656K)
[76.366s][info][gc,heap        ] GC(793) ParOldGen: 126266K(349696K)->132986K(349696K)
[76.366s][info][gc,metaspace   ] GC(793) Metaspace: 61201K(62144K)->61201K(62144K) NonClass: 53622K(54144K)->53622K(54144K) Class: 7579K(8000K)->7579K(8000K)
[76.366s][info][gc             ] GC(793) Pause Young (Allocation Failure) 277M->136M(495M) 12.306ms
[76.366s][info][gc,cpu         ] GC(793) User=0.19s Sys=0.00s Real=0.02s
[76.420s][info][gc,start       ] GC(794) Pause Young (Allocation Failure)
[76.460s][info][gc,heap        ] GC(794) PSYoungGen: 157408K(157696K)->6368K(162304K) Eden: 151040K(151040K)->0K(150016K) From: 6368K(6656K)->6368K(12288K)
[76.460s][info][gc,heap        ] GC(794) ParOldGen: 132986K(349696K)->139194K(349696K)
[76.460s][info][gc,metaspace   ] GC(794) Metaspace: 61201K(62144K)->61201K(62144K) NonClass: 53622K(54144K)->53622K(54144K) Class: 7579K(8000K)->7579K(8000K)
[76.460s][info][gc             ] GC(794) Pause Young (Allocation Failure) 283M->142M(500M) 40.210ms
[76.460s][info][gc,cpu         ] GC(794) User=0.34s Sys=0.00s Real=0.03s
[76.508s][info][gc,start       ] GC(795) Pause Young (Allocation Failure)
[76.534s][info][gc,heap        ] GC(795) PSYoungGen: 156384K(162304K)->1312K(151552K) Eden: 150016K(150016K)->0K(150016K) From: 6368K(12288K)->1312K(1536K)
[76.534s][info][gc,heap        ] GC(795) ParOldGen: 139194K(349696K)->145450K(349696K)
[76.534s][info][gc,metaspace   ] GC(795) Metaspace: 61202K(62144K)->61202K(62144K) NonClass: 53623K(54144K)->53623K(54144K) Class: 7579K(8000K)->7579K(8000K)
[76.534s][info][gc             ] GC(795) Pause Young (Allocation Failure) 288M->143M(489M) 25.459ms
[76.534s][info][gc,cpu         ] GC(795) User=0.38s Sys=0.00s Real=0.03s
[76.581s][info][gc,start       ] GC(796) Pause Young (Allocation Failure)
[76.587s][info][gc,heap        ] GC(796) PSYoungGen: 151328K(151552K)->160K(161792K) Eden: 150016K(150016K)->0K(150016K) From: 1312K(1536K)->160K(11776K)
[76.587s][info][gc,heap        ] GC(796) ParOldGen: 145450K(349696K)->146498K(349696K)
[76.587s][info][gc,metaspace   ] GC(796) Metaspace: 61202K(62144K)->61202K(62144K) NonClass: 53623K(54144K)->53623K(54144K) Class: 7579K(8000K)->7579K(8000K)
[76.587s][info][gc             ] GC(796) Pause Young (Allocation Failure) 289M->143M(499M) 6.090ms
[76.587s][info][gc,cpu         ] GC(796) User=0.00s Sys=0.00s Real=0.00s
[76.640s][info][gc,start       ] GC(797) Pause Young (Allocation Failure)
[76.641s][info][gc,heap        ] GC(797) PSYoungGen: 150176K(161792K)->224K(161792K) Eden: 150016K(150016K)->0K(150016K) From: 160K(11776K)->224K(11776K)
[76.641s][info][gc,heap        ] GC(797) ParOldGen: 146498K(349696K)->146506K(349696K)
[76.641s][info][gc,metaspace   ] GC(797) Metaspace: 61202K(62144K)->61202K(62144K) NonClass: 53623K(54144K)->53623K(54144K) Class: 7579K(8000K)->7579K(8000K)
[76.641s][info][gc             ] GC(797) Pause Young (Allocation Failure) 289M->143M(499M) 1.350ms
[76.641s][info][gc,cpu         ] GC(797) User=0.00s Sys=0.00s Real=0.00s
[76.695s][info][gc,start       ] GC(798) Pause Young (Allocation Failure)
[76.697s][info][gc,heap        ] GC(798) PSYoungGen: 150240K(161792K)->192K(162304K) Eden: 150016K(150016K)->0K(151040K) From: 224K(11776K)->192K(11264K)
[76.697s][info][gc,heap        ] GC(798) ParOldGen: 146506K(349696K)->146506K(349696K)
[76.697s][info][gc,metaspace   ] GC(798) Metaspace: 61202K(62144K)->61202K(62144K) NonClass: 53623K(54144K)->53623K(54144K) Class: 7579K(8000K)->7579K(8000K)
[76.697s][info][gc             ] GC(798) Pause Young (Allocation Failure) 289M->143M(500M) 1.319ms
[76.697s][info][gc,cpu         ] GC(798) User=0.00s Sys=0.00s Real=0.00s
[76.752s][info][gc,start       ] GC(799) Pause Young (Allocation Failure)
[76.753s][info][gc,heap        ] GC(799) PSYoungGen: 151232K(162304K)->224K(162304K) Eden: 151040K(151040K)->0K(151040K) From: 192K(11264K)->224K(11264K)
[76.753s][info][gc,heap        ] GC(799) ParOldGen: 146506K(349696K)->146522K(349696K)
[76.753s][info][gc,metaspace   ] GC(799) Metaspace: 61202K(62144K)->61202K(62144K) NonClass: 53623K(54144K)->53623K(54144K) Class: 7579K(8000K)->7579K(8000K)
[76.753s][info][gc             ] GC(799) Pause Young (Allocation Failure) 290M->143M(500M) 1.426ms
[76.753s][info][gc,cpu         ] GC(799) User=0.00s Sys=0.00s Real=0.00s
[76.834s][info][gc,start       ] GC(800) Pause Young (Allocation Failure)
[76.836s][info][gc,heap        ] GC(800) PSYoungGen: 151264K(162304K)->352K(162816K) Eden: 151040K(151040K)->0K(152576K) From: 224K(11264K)->352K(10240K)
[76.836s][info][gc,heap        ] GC(800) ParOldGen: 146522K(349696K)->146530K(349696K)
[76.836s][info][gc,metaspace   ] GC(800) Metaspace: 61215K(62144K)->61215K(62144K) NonClass: 53636K(54144K)->53636K(54144K) Class: 7579K(8000K)->7579K(8000K)
[76.836s][info][gc             ] GC(800) Pause Young (Allocation Failure) 290M->143M(500M) 1.578ms
[76.836s][info][gc,cpu         ] GC(800) User=0.00s Sys=0.00s Real=0.00s
[76.930s][info][gc,start       ] GC(801) Pause Young (Allocation Failure)
[76.931s][info][gc,heap        ] GC(801) PSYoungGen: 152928K(162816K)->128K(162816K) Eden: 152576K(152576K)->0K(152576K) From: 352K(10240K)->128K(10240K)
[76.931s][info][gc,heap        ] GC(801) ParOldGen: 146530K(349696K)->146618K(349696K)
[76.932s][info][gc,metaspace   ] GC(801) Metaspace: 61216K(62144K)->61216K(62144K) NonClass: 53637K(54144K)->53637K(54144K) Class: 7579K(8000K)->7579K(8000K)
[76.932s][info][gc             ] GC(801) Pause Young (Allocation Failure) 292M->143M(500M) 1.447ms
[76.932s][info][gc,cpu         ] GC(801) User=0.00s Sys=0.00s Real=0.00s
[77.020s][info][gc,start       ] GC(802) Pause Young (Allocation Failure)
[77.022s][info][gc,heap        ] GC(802) PSYoungGen: 152704K(162816K)->224K(163840K) Eden: 152576K(152576K)->0K(154624K) From: 128K(10240K)->224K(9216K)
[77.022s][info][gc,heap        ] GC(802) ParOldGen: 146618K(349696K)->146618K(349696K)
[77.022s][info][gc,metaspace   ] GC(802) Metaspace: 61216K(62144K)->61216K(62144K) NonClass: 53637K(54144K)->53637K(54144K) Class: 7579K(8000K)->7579K(8000K)
[77.022s][info][gc             ] GC(802) Pause Young (Allocation Failure) 292M->143M(501M) 1.308ms
[77.022s][info][gc,cpu         ] GC(802) User=0.00s Sys=0.00s Real=0.00s
[77.138s][info][gc,start       ] GC(803) Pause Young (Allocation Failure)
[77.139s][info][gc,heap        ] GC(803) PSYoungGen: 154848K(163840K)->224K(163840K) Eden: 154624K(154624K)->0K(154624K) From: 224K(9216K)->224K(9216K)
[77.139s][info][gc,heap        ] GC(803) ParOldGen: 146618K(349696K)->146626K(349696K)
[77.139s][info][gc,metaspace   ] GC(803) Metaspace: 61216K(62144K)->61216K(62144K) NonClass: 53637K(54144K)->53637K(54144K) Class: 7579K(8000K)->7579K(8000K)
[77.139s][info][gc             ] GC(803) Pause Young (Allocation Failure) 294M->143M(501M) 1.420ms
[77.139s][info][gc,cpu         ] GC(803) User=0.00s Sys=0.00s Real=0.00s
[77.229s][info][gc,start       ] GC(804) Pause Young (Allocation Failure)
[77.230s][info][gc,heap        ] GC(804) PSYoungGen: 154848K(163840K)->224K(164352K) Eden: 154624K(154624K)->0K(156160K) From: 224K(9216K)->224K(8192K)
[77.231s][info][gc,heap        ] GC(804) ParOldGen: 146626K(349696K)->146642K(349696K)
[77.231s][info][gc,metaspace   ] GC(804) Metaspace: 61216K(62144K)->61216K(62144K) NonClass: 53637K(54144K)->53637K(54144K) Class: 7579K(8000K)->7579K(8000K)
[77.231s][info][gc             ] GC(804) Pause Young (Allocation Failure) 294M->143M(502M) 1.461ms
[77.231s][info][gc,cpu         ] GC(804) User=0.00s Sys=0.00s Real=0.00s
[77.321s][info][gc,start       ] GC(805) Pause Young (Allocation Failure)
[77.323s][info][gc,heap        ] GC(805) PSYoungGen: 156384K(164352K)->160K(164864K) Eden: 156160K(156160K)->0K(156160K) From: 224K(8192K)->160K(8704K)
[77.323s][info][gc,heap        ] GC(805) ParOldGen: 146642K(349696K)->146650K(349696K)
[77.323s][info][gc,metaspace   ] GC(805) Metaspace: 61216K(62144K)->61216K(62144K) NonClass: 53637K(54144K)->53637K(54144K) Class: 7579K(8000K)->7579K(8000K)
[77.323s][info][gc             ] GC(805) Pause Young (Allocation Failure) 295M->143M(502M) 1.434ms
[77.323s][info][gc,cpu         ] GC(805) User=0.00s Sys=0.02s Real=0.02s
[77.429s][info][gc,start       ] GC(806) Pause Young (Allocation Failure)
[77.430s][info][gc,heap        ] GC(806) PSYoungGen: 156320K(164864K)->224K(164864K) Eden: 156160K(156160K)->0K(157696K) From: 160K(8704K)->224K(7168K)
[77.430s][info][gc,heap        ] GC(806) ParOldGen: 146650K(349696K)->146658K(349696K)
[77.430s][info][gc,metaspace   ] GC(806) Metaspace: 61216K(62144K)->61216K(62144K) NonClass: 53637K(54144K)->53637K(54144K) Class: 7579K(8000K)->7579K(8000K)
[77.430s][info][gc             ] GC(806) Pause Young (Allocation Failure) 295M->143M(502M) 1.354ms
[77.430s][info][gc,cpu         ] GC(806) User=0.00s Sys=0.00s Real=0.00s
[77.485s][info][gc,start       ] GC(807) Pause Young (System.gc())
[77.487s][info][gc,heap        ] GC(807) PSYoungGen: 37003K(164864K)->384K(158208K) Eden: 36779K(157696K)->0K(157696K) From: 224K(7168K)->384K(512K)
[77.487s][info][gc,heap        ] GC(807) ParOldGen: 146658K(349696K)->146666K(349696K)
[77.487s][info][gc,metaspace   ] GC(807) Metaspace: 61235K(62144K)->61235K(62144K) NonClass: 53655K(54144K)->53655K(54144K) Class: 7579K(8000K)->7579K(8000K)
[77.487s][info][gc             ] GC(807) Pause Young (System.gc()) 179M->143M(496M) 1.693ms
[77.487s][info][gc,cpu         ] GC(807) User=0.00s Sys=0.00s Real=0.00s
[77.487s][info][gc,start       ] GC(808) Pause Full (System.gc())
[77.487s][info][gc,phases,start] GC(808) Marking Phase
[77.573s][info][gc,phases      ] GC(808) Marking Phase 85.519ms
[77.573s][info][gc,phases,start] GC(808) Summary Phase
[77.573s][info][gc,phases      ] GC(808) Summary Phase 0.013ms
[77.573s][info][gc,phases,start] GC(808) Adjust Roots
[77.581s][info][gc,phases      ] GC(808) Adjust Roots 8.384ms
[77.581s][info][gc,phases,start] GC(808) Compaction Phase
[77.600s][info][gc,phases      ] GC(808) Compaction Phase 18.964ms
[77.600s][info][gc,phases,start] GC(808) Post Compact
[77.601s][info][gc,phases      ] GC(808) Post Compact 0.876ms
[77.601s][info][gc,heap        ] GC(808) PSYoungGen: 384K(158208K)->0K(158208K) Eden: 0K(157696K)->0K(157696K) From: 384K(512K)->0K(512K)
[77.601s][info][gc,heap        ] GC(808) ParOldGen: 146666K(349696K)->102311K(349696K)
[77.601s][info][gc,metaspace   ] GC(808) Metaspace: 61235K(62144K)->61235K(62144K) NonClass: 53655K(54144K)->53655K(54144K) Class: 7579K(8000K)->7579K(8000K)
[77.601s][info][gc             ] GC(808) Pause Full (System.gc()) 143M->99M(496M) 114.018ms
[77.601s][info][gc,cpu         ] GC(808) User=1.03s Sys=0.00s Real=0.11s
[77.735s][info][gc,start       ] GC(809) Pause Young (Allocation Failure)
[77.743s][info][gc,heap        ] GC(809) PSYoungGen: 157696K(158208K)->4032K(164352K) Eden: 157696K(157696K)->0K(157184K) From: 0K(512K)->4032K(7168K)
[77.744s][info][gc,heap        ] GC(809) ParOldGen: 102311K(349696K)->102319K(349696K)
[77.744s][info][gc,metaspace   ] GC(809) Metaspace: 61243K(62144K)->61243K(62144K) NonClass: 53664K(54144K)->53664K(54144K) Class: 7579K(8000K)->7579K(8000K)
[77.744s][info][gc             ] GC(809) Pause Young (Allocation Failure) 253M->103M(502M) 8.983ms
[77.744s][info][gc,cpu         ] GC(809) User=0.00s Sys=0.00s Real=0.00s
[77.804s][info][gc,start       ] GC(810) Pause Young (Allocation Failure)
[77.813s][info][gc,heap        ] GC(810) PSYoungGen: 161216K(164352K)->6528K(164864K) Eden: 157184K(157184K)->0K(157184K) From: 4032K(7168K)->6528K(7680K)
[77.813s][info][gc,heap        ] GC(810) ParOldGen: 102319K(349696K)->105952K(349696K)
[77.813s][info][gc,metaspace   ] GC(810) Metaspace: 61243K(62144K)->61243K(62144K) NonClass: 53664K(54144K)->53664K(54144K) Class: 7579K(8000K)->7579K(8000K)
[77.813s][info][gc             ] GC(810) Pause Young (Allocation Failure) 257M->109M(502M) 9.188ms
[77.813s][info][gc,cpu         ] GC(810) User=0.03s Sys=0.00s Real=0.01s
[77.864s][info][gc,start       ] GC(811) Pause Young (Allocation Failure)
[77.881s][info][gc,heap        ] GC(811) PSYoungGen: 163712K(164864K)->6656K(162816K) Eden: 157184K(157184K)->0K(154112K) From: 6528K(7680K)->6656K(8704K)
[77.881s][info][gc,heap        ] GC(811) ParOldGen: 105952K(349696K)->111824K(349696K)
[77.881s][info][gc,metaspace   ] GC(811) Metaspace: 61243K(62144K)->61243K(62144K) NonClass: 53664K(54144K)->53664K(54144K) Class: 7579K(8000K)->7579K(8000K)
[77.881s][info][gc             ] GC(811) Pause Young (Allocation Failure) 263M->115M(500M) 17.776ms
[77.881s][info][gc,cpu         ] GC(811) User=0.03s Sys=0.00s Real=0.01s
[77.936s][info][gc,start       ] GC(812) Pause Young (Allocation Failure)
[77.949s][info][gc,heap        ] GC(812) PSYoungGen: 160768K(162816K)->5664K(164352K) Eden: 154112K(154112K)->0K(154112K) From: 6656K(8704K)->5664K(10240K)
[77.949s][info][gc,heap        ] GC(812) ParOldGen: 111824K(349696K)->118376K(349696K)
[77.949s][info][gc,metaspace   ] GC(812) Metaspace: 61243K(62144K)->61243K(62144K) NonClass: 53664K(54144K)->53664K(54144K) Class: 7579K(8000K)->7579K(8000K)
[77.949s][info][gc             ] GC(812) Pause Young (Allocation Failure) 266M->121M(502M) 13.407ms
[77.949s][info][gc,cpu         ] GC(812) User=0.03s Sys=0.00s Real=0.02s
[78.001s][info][gc,start       ] GC(813) Pause Young (Allocation Failure)
[78.014s][info][gc,heap        ] GC(813) PSYoungGen: 159776K(164352K)->8928K(161280K) Eden: 154112K(154112K)->0K(151040K) From: 5664K(10240K)->8928K(10240K)
[78.014s][info][gc,heap        ] GC(813) ParOldGen: 118376K(349696K)->123888K(349696K)
[78.014s][info][gc,metaspace   ] GC(813) Metaspace: 61243K(62144K)->61243K(62144K) NonClass: 53664K(54144K)->53664K(54144K) Class: 7579K(8000K)->7579K(8000K)
[78.014s][info][gc             ] GC(813) Pause Young (Allocation Failure) 271M->129M(499M) 13.676ms
[78.014s][info][gc,cpu         ] GC(813) User=0.19s Sys=0.00s Real=0.01s
[78.058s][info][gc,start       ] GC(814) Pause Young (Allocation Failure)
[78.073s][info][gc,heap        ] GC(814) PSYoungGen: 159968K(161280K)->6240K(157696K) Eden: 151040K(151040K)->0K(151040K) From: 8928K(10240K)->6240K(6656K)
[78.073s][info][gc,heap        ] GC(814) ParOldGen: 123888K(349696K)->132664K(349696K)
[78.073s][info][gc,metaspace   ] GC(814) Metaspace: 61243K(62144K)->61243K(62144K) NonClass: 53664K(54144K)->53664K(54144K) Class: 7579K(8000K)->7579K(8000K)
[78.074s][info][gc             ] GC(814) Pause Young (Allocation Failure) 277M->135M(495M) 15.152ms
[78.074s][info][gc,cpu         ] GC(814) User=0.17s Sys=0.00s Real=0.02s
[78.123s][info][gc,start       ] GC(815) Pause Young (Allocation Failure)
[78.162s][info][gc,heap        ] GC(815) PSYoungGen: 157280K(157696K)->7296K(161280K) Eden: 151040K(151040K)->0K(148992K) From: 6240K(6656K)->7296K(12288K)
[78.162s][info][gc,heap        ] GC(815) ParOldGen: 132664K(349696K)->138880K(349696K)
[78.162s][info][gc,metaspace   ] GC(815) Metaspace: 61243K(62144K)->61243K(62144K) NonClass: 53664K(54144K)->53664K(54144K) Class: 7579K(8000K)->7579K(8000K)
[78.162s][info][gc             ] GC(815) Pause Young (Allocation Failure) 283M->142M(499M) 39.485ms
[78.162s][info][gc,cpu         ] GC(815) User=0.52s Sys=0.00s Real=0.05s
[78.219s][info][gc,start       ] GC(816) Pause Young (Allocation Failure)
[78.246s][info][gc,heap        ] GC(816) PSYoungGen: 156288K(161280K)->704K(161792K) Eden: 148992K(148992K)->0K(148992K) From: 7296K(12288K)->704K(12800K)
[78.246s][info][gc,heap        ] GC(816) ParOldGen: 138880K(349696K)->146112K(349696K)
[78.246s][info][gc,metaspace   ] GC(816) Metaspace: 61243K(62144K)->61243K(62144K) NonClass: 53664K(54144K)->53664K(54144K) Class: 7579K(8000K)->7579K(8000K)
[78.246s][info][gc             ] GC(816) Pause Young (Allocation Failure) 288M->143M(499M) 27.648ms
[78.247s][info][gc,cpu         ] GC(816) User=0.20s Sys=0.00s Real=0.03s
[78.294s][info][gc,start       ] GC(817) Pause Young (Allocation Failure)
[78.297s][info][gc,heap        ] GC(817) PSYoungGen: 149696K(161792K)->160K(161792K) Eden: 148992K(148992K)->0K(149504K) From: 704K(12800K)->160K(12288K)
[78.297s][info][gc,heap        ] GC(817) ParOldGen: 146112K(349696K)->146584K(349696K)
[78.297s][info][gc,metaspace   ] GC(817) Metaspace: 61243K(62144K)->61243K(62144K) NonClass: 53664K(54144K)->53664K(54144K) Class: 7579K(8000K)->7579K(8000K)
[78.297s][info][gc             ] GC(817) Pause Young (Allocation Failure) 288M->143M(499M) 2.735ms
[78.297s][info][gc,cpu         ] GC(817) User=0.00s Sys=0.00s Real=0.00s
[78.344s][info][gc,start       ] GC(818) Pause Young (Allocation Failure)
[78.345s][info][gc,heap        ] GC(818) PSYoungGen: 149664K(161792K)->128K(161792K) Eden: 149504K(149504K)->0K(149504K) From: 160K(12288K)->128K(12288K)
[78.345s][info][gc,heap        ] GC(818) ParOldGen: 146584K(349696K)->146592K(349696K)
[78.345s][info][gc,metaspace   ] GC(818) Metaspace: 61243K(62144K)->61243K(62144K) NonClass: 53664K(54144K)->53664K(54144K) Class: 7579K(8000K)->7579K(8000K)
[78.345s][info][gc             ] GC(818) Pause Young (Allocation Failure) 289M->143M(499M) 1.413ms
[78.345s][info][gc,cpu         ] GC(818) User=0.02s Sys=0.00s Real=0.02s
[78.406s][info][gc,start       ] GC(819) Pause Young (Allocation Failure)
[78.407s][info][gc,heap        ] GC(819) PSYoungGen: 149632K(161792K)->128K(161792K) Eden: 149504K(149504K)->0K(150016K) From: 128K(12288K)->128K(11776K)
[78.407s][info][gc,heap        ] GC(819) ParOldGen: 146592K(349696K)->146600K(349696K)
[78.407s][info][gc,metaspace   ] GC(819) Metaspace: 61243K(62144K)->61243K(62144K) NonClass: 53664K(54144K)->53664K(54144K) Class: 7579K(8000K)->7579K(8000K)
[78.407s][info][gc             ] GC(819) Pause Young (Allocation Failure) 289M->143M(499M) 1.133ms
[78.407s][info][gc,cpu         ] GC(819) User=0.00s Sys=0.00s Real=0.00s
[78.455s][info][gc,start       ] GC(820) Pause Young (Allocation Failure)
[78.456s][info][gc,heap        ] GC(820) PSYoungGen: 150144K(161792K)->128K(161792K) Eden: 150016K(150016K)->0K(150016K) From: 128K(11776K)->128K(11776K)
[78.456s][info][gc,heap        ] GC(820) ParOldGen: 146600K(349696K)->146616K(349696K)
[78.456s][info][gc,metaspace   ] GC(820) Metaspace: 61243K(62144K)->61243K(62144K) NonClass: 53664K(54144K)->53664K(54144K) Class: 7579K(8000K)->7579K(8000K)
[78.456s][info][gc             ] GC(820) Pause Young (Allocation Failure) 289M->143M(499M) 1.436ms
[78.456s][info][gc,cpu         ] GC(820) User=0.00s Sys=0.00s Real=0.00s
[78.503s][info][gc,start       ] GC(821) Pause Young (Allocation Failure)
[78.504s][info][gc,heap        ] GC(821) PSYoungGen: 150144K(161792K)->224K(162304K) Eden: 150016K(150016K)->0K(151552K) From: 128K(11776K)->224K(10752K)
[78.504s][info][gc,heap        ] GC(821) ParOldGen: 146616K(349696K)->146624K(349696K)
[78.504s][info][gc,metaspace   ] GC(821) Metaspace: 61243K(62144K)->61243K(62144K) NonClass: 53664K(54144K)->53664K(54144K) Class: 7579K(8000K)->7579K(8000K)
[78.504s][info][gc             ] GC(821) Pause Young (Allocation Failure) 289M->143M(500M) 1.330ms
[78.504s][info][gc,cpu         ] GC(821) User=0.00s Sys=0.00s Real=0.00s
[78.607s][info][gc,start       ] GC(822) Pause Young (Allocation Failure)
[78.608s][info][gc,heap        ] GC(822) PSYoungGen: 151776K(162304K)->352K(162304K) Eden: 151552K(151552K)->0K(151552K) From: 224K(10752K)->352K(10752K)
[78.608s][info][gc,heap        ] GC(822) ParOldGen: 146624K(349696K)->146632K(349696K)
[78.608s][info][gc,metaspace   ] GC(822) Metaspace: 61243K(62144K)->61243K(62144K) NonClass: 53664K(54144K)->53664K(54144K) Class: 7579K(8000K)->7579K(8000K)
[78.608s][info][gc             ] GC(822) Pause Young (Allocation Failure) 291M->143M(500M) 0.821ms
[78.608s][info][gc,cpu         ] GC(822) User=0.00s Sys=0.00s Real=0.00s
[78.725s][info][gc,start       ] GC(823) Pause Young (Allocation Failure)
[78.726s][info][gc,heap        ] GC(823) PSYoungGen: 151904K(162304K)->96K(163328K) Eden: 151552K(151552K)->0K(153600K) From: 352K(10752K)->96K(9728K)
[78.727s][info][gc,heap        ] GC(823) ParOldGen: 146632K(349696K)->146720K(349696K)
[78.727s][info][gc,metaspace   ] GC(823) Metaspace: 61243K(62144K)->61243K(62144K) NonClass: 53664K(54144K)->53664K(54144K) Class: 7579K(8000K)->7579K(8000K)
[78.727s][info][gc             ] GC(823) Pause Young (Allocation Failure) 291M->143M(501M) 1.471ms
[78.727s][info][gc,cpu         ] GC(823) User=0.00s Sys=0.00s Real=0.00s
[78.816s][info][gc,start       ] GC(824) Pause Young (Allocation Failure)
[78.820s][info][gc,heap        ] GC(824) PSYoungGen: 153696K(163328K)->160K(163328K) Eden: 153600K(153600K)->0K(153600K) From: 96K(9728K)->160K(9728K)
[78.820s][info][gc,heap        ] GC(824) ParOldGen: 146720K(349696K)->146736K(349696K)
[78.820s][info][gc,metaspace   ] GC(824) Metaspace: 61243K(62144K)->61243K(62144K) NonClass: 53664K(54144K)->53664K(54144K) Class: 7579K(8000K)->7579K(8000K)
[78.820s][info][gc             ] GC(824) Pause Young (Allocation Failure) 293M->143M(501M) 4.302ms
[78.820s][info][gc,cpu         ] GC(824) User=0.00s Sys=0.00s Real=0.00s
[78.924s][info][gc,start       ] GC(825) Pause Young (Allocation Failure)
[78.925s][info][gc,heap        ] GC(825) PSYoungGen: 153760K(163328K)->192K(164352K) Eden: 153600K(153600K)->0K(155648K) From: 160K(9728K)->192K(8704K)
[78.925s][info][gc,heap        ] GC(825) ParOldGen: 146736K(349696K)->146744K(349696K)
[78.925s][info][gc,metaspace   ] GC(825) Metaspace: 61244K(62144K)->61244K(62144K) NonClass: 53664K(54144K)->53664K(54144K) Class: 7579K(8000K)->7579K(8000K)
[78.925s][info][gc             ] GC(825) Pause Young (Allocation Failure) 293M->143M(502M) 1.396ms
[78.925s][info][gc,cpu         ] GC(825) User=0.00s Sys=0.00s Real=0.00s
[79.016s][info][gc,start       ] GC(826) Pause Young (Allocation Failure)
[79.017s][info][gc,heap        ] GC(826) PSYoungGen: 155840K(164352K)->192K(164352K) Eden: 155648K(155648K)->0K(155648K) From: 192K(8704K)->192K(8704K)
[79.017s][info][gc,heap        ] GC(826) ParOldGen: 146744K(349696K)->146752K(349696K)
[79.017s][info][gc,metaspace   ] GC(826) Metaspace: 61244K(62144K)->61244K(62144K) NonClass: 53664K(54144K)->53664K(54144K) Class: 7579K(8000K)->7579K(8000K)
[79.017s][info][gc             ] GC(826) Pause Young (Allocation Failure) 295M->143M(502M) 1.453ms
[79.017s][info][gc,cpu         ] GC(826) User=0.00s Sys=0.00s Real=0.00s
[79.108s][info][gc,start       ] GC(827) Pause Young (Allocation Failure)
[79.109s][info][gc,heap        ] GC(827) PSYoungGen: 155840K(164352K)->224K(165376K) Eden: 155648K(155648K)->0K(157696K) From: 192K(8704K)->224K(7680K)
[79.109s][info][gc,heap        ] GC(827) ParOldGen: 146752K(349696K)->146768K(349696K)
[79.109s][info][gc,metaspace   ] GC(827) Metaspace: 61244K(62144K)->61244K(62144K) NonClass: 53664K(54144K)->53664K(54144K) Class: 7579K(8000K)->7579K(8000K)
[79.109s][info][gc             ] GC(827) Pause Young (Allocation Failure) 295M->143M(503M) 1.403ms
[79.109s][info][gc,cpu         ] GC(827) User=0.00s Sys=0.00s Real=0.00s
[79.152s][info][gc,start       ] GC(828) Pause Young (System.gc())
[79.154s][info][gc,heap        ] GC(828) PSYoungGen: 45523K(165376K)->384K(158208K) Eden: 45299K(157696K)->0K(157696K) From: 224K(7680K)->384K(512K)
[79.154s][info][gc,heap        ] GC(828) ParOldGen: 146768K(349696K)->146776K(349696K)
[79.154s][info][gc,metaspace   ] GC(828) Metaspace: 61248K(62144K)->61248K(62144K) NonClass: 53668K(54144K)->53668K(54144K) Class: 7579K(8000K)->7579K(8000K)
[79.154s][info][gc             ] GC(828) Pause Young (System.gc()) 187M->143M(496M) 1.800ms
[79.154s][info][gc,cpu         ] GC(828) User=0.00s Sys=0.00s Real=0.00s
[79.154s][info][gc,start       ] GC(829) Pause Full (System.gc())
[79.154s][info][gc,phases,start] GC(829) Marking Phase
[79.241s][info][gc,phases      ] GC(829) Marking Phase 87.038ms
[79.241s][info][gc,phases,start] GC(829) Summary Phase
[79.241s][info][gc,phases      ] GC(829) Summary Phase 0.015ms
[79.241s][info][gc,phases,start] GC(829) Adjust Roots
[79.250s][info][gc,phases      ] GC(829) Adjust Roots 8.658ms
[79.250s][info][gc,phases,start] GC(829) Compaction Phase
[79.265s][info][gc,phases      ] GC(829) Compaction Phase 15.610ms
[79.265s][info][gc,phases,start] GC(829) Post Compact
[79.266s][info][gc,phases      ] GC(829) Post Compact 0.883ms
[79.266s][info][gc,heap        ] GC(829) PSYoungGen: 384K(158208K)->0K(158208K) Eden: 0K(157696K)->0K(157696K) From: 384K(512K)->0K(512K)
[79.266s][info][gc,heap        ] GC(829) ParOldGen: 146776K(349696K)->102341K(349696K)
[79.266s][info][gc,metaspace   ] GC(829) Metaspace: 61248K(62144K)->61248K(62144K) NonClass: 53668K(54144K)->53668K(54144K) Class: 7579K(8000K)->7579K(8000K)
[79.266s][info][gc             ] GC(829) Pause Full (System.gc()) 143M->99M(496M) 112.475ms
[79.267s][info][gc,cpu         ] GC(829) User=0.94s Sys=0.00s Real=0.11s
[79.394s][info][gc,start       ] GC(830) Pause Young (Allocation Failure)
[79.401s][info][gc,heap        ] GC(830) PSYoungGen: 157696K(158208K)->4864K(163840K) Eden: 157696K(157696K)->0K(156672K) From: 0K(512K)->4864K(7168K)
[79.401s][info][gc,heap        ] GC(830) ParOldGen: 102341K(349696K)->102341K(349696K)
[79.401s][info][gc,metaspace   ] GC(830) Metaspace: 61277K(62144K)->61277K(62144K) NonClass: 53698K(54144K)->53698K(54144K) Class: 7579K(8000K)->7579K(8000K)
[79.401s][info][gc             ] GC(830) Pause Young (Allocation Failure) 253M->104M(501M) 6.743ms
[79.401s][info][gc,cpu         ] GC(830) User=0.03s Sys=0.00s Real=0.01s
[79.460s][info][gc,start       ] GC(831) Pause Young (Allocation Failure)
[79.469s][info][gc,heap        ] GC(831) PSYoungGen: 161536K(163840K)->6880K(164864K) Eden: 156672K(156672K)->0K(156672K) From: 4864K(7168K)->6880K(8192K)
[79.469s][info][gc,heap        ] GC(831) ParOldGen: 102341K(349696K)->106824K(349696K)
[79.469s][info][gc,metaspace   ] GC(831) Metaspace: 61277K(62144K)->61277K(62144K) NonClass: 53698K(54144K)->53698K(54144K) Class: 7579K(8000K)->7579K(8000K)
[79.469s][info][gc             ] GC(831) Pause Young (Allocation Failure) 257M->111M(502M) 9.555ms
[79.469s][info][gc,cpu         ] GC(831) User=0.19s Sys=0.00s Real=0.02s
[79.517s][info][gc,start       ] GC(832) Pause Young (Allocation Failure)
[79.529s][info][gc,heap        ] GC(832) PSYoungGen: 163552K(164864K)->7264K(162304K) Eden: 156672K(156672K)->0K(153088K) From: 6880K(8192K)->7264K(9216K)
[79.529s][info][gc,heap        ] GC(832) ParOldGen: 106824K(349696K)->113032K(349696K)
[79.529s][info][gc,metaspace   ] GC(832) Metaspace: 61277K(62144K)->61277K(62144K) NonClass: 53698K(54144K)->53698K(54144K) Class: 7579K(8000K)->7579K(8000K)
[79.529s][info][gc             ] GC(832) Pause Young (Allocation Failure) 264M->117M(500M) 12.669ms
[79.529s][info][gc,cpu         ] GC(832) User=0.16s Sys=0.00s Real=0.01s
[79.578s][info][gc,start       ] GC(833) Pause Young (Allocation Failure)
[79.592s][info][gc,heap        ] GC(833) PSYoungGen: 160352K(162304K)->7232K(160768K) Eden: 153088K(153088K)->0K(153088K) From: 7264K(9216K)->7232K(7680K)
[79.592s][info][gc,heap        ] GC(833) ParOldGen: 113032K(349696K)->120192K(349696K)
[79.592s][info][gc,metaspace   ] GC(833) Metaspace: 61277K(62144K)->61277K(62144K) NonClass: 53698K(54144K)->53698K(54144K) Class: 7579K(8000K)->7579K(8000K)
[79.592s][info][gc             ] GC(833) Pause Young (Allocation Failure) 266M->124M(498M) 14.014ms
[79.592s][info][gc,cpu         ] GC(833) User=0.19s Sys=0.00s Real=0.02s
[79.641s][info][gc,start       ] GC(834) Pause Young (Allocation Failure)
[79.657s][info][gc,heap        ] GC(834) PSYoungGen: 160320K(160768K)->8672K(160768K) Eden: 153088K(153088K)->0K(148992K) From: 7232K(7680K)->8672K(11776K)
[79.657s][info][gc,heap        ] GC(834) ParOldGen: 120192K(349696K)->127272K(349696K)
[79.657s][info][gc,metaspace   ] GC(834) Metaspace: 61277K(62144K)->61277K(62144K) NonClass: 53698K(54144K)->53698K(54144K) Class: 7579K(8000K)->7579K(8000K)
[79.657s][info][gc             ] GC(834) Pause Young (Allocation Failure) 273M->132M(498M) 15.456ms
[79.657s][info][gc,cpu         ] GC(834) User=0.17s Sys=0.00s Real=0.02s
[79.699s][info][gc,start       ] GC(835) Pause Young (Allocation Failure)
[79.714s][info][gc,heap        ] GC(835) PSYoungGen: 157664K(160768K)->6336K(161792K) Eden: 148992K(148992K)->0K(148992K) From: 8672K(11776K)->6336K(12800K)
[79.714s][info][gc,heap        ] GC(835) ParOldGen: 127272K(349696K)->135784K(349696K)
[79.714s][info][gc,metaspace   ] GC(835) Metaspace: 61277K(62144K)->61277K(62144K) NonClass: 53698K(54144K)->53698K(54144K) Class: 7579K(8000K)->7579K(8000K)
[79.714s][info][gc             ] GC(835) Pause Young (Allocation Failure) 278M->138M(499M) 15.226ms
[79.714s][info][gc,cpu         ] GC(835) User=0.17s Sys=0.00s Real=0.02s
[79.760s][info][gc,start       ] GC(836) Pause Young (Allocation Failure)
[79.798s][info][gc,heap        ] GC(836) PSYoungGen: 155328K(161792K)->4736K(160768K) Eden: 148992K(148992K)->0K(148992K) From: 6336K(12800K)->4736K(11776K)
[79.798s][info][gc,heap        ] GC(836) ParOldGen: 135784K(349696K)->141960K(349696K)
[79.798s][info][gc,metaspace   ] GC(836) Metaspace: 61277K(62144K)->61277K(62144K) NonClass: 53698K(54144K)->53698K(54144K) Class: 7579K(8000K)->7579K(8000K)
[79.798s][info][gc             ] GC(836) Pause Young (Allocation Failure) 284M->143M(498M) 38.093ms
[79.798s][info][gc,cpu         ] GC(836) User=0.38s Sys=0.00s Real=0.03s
[79.845s][info][gc,start       ] GC(837) Pause Young (Allocation Failure)
[79.864s][info][gc,heap        ] GC(837) PSYoungGen: 153728K(160768K)->160K(161280K) Eden: 148992K(148992K)->0K(148992K) From: 4736K(11776K)->160K(12288K)
[79.864s][info][gc,heap        ] GC(837) ParOldGen: 141960K(349696K)->146520K(349696K)
[79.864s][info][gc,metaspace   ] GC(837) Metaspace: 61277K(62144K)->61277K(62144K) NonClass: 53698K(54144K)->53698K(54144K) Class: 7579K(8000K)->7579K(8000K)
[79.864s][info][gc             ] GC(837) Pause Young (Allocation Failure) 288M->143M(499M) 19.478ms
[79.864s][info][gc,cpu         ] GC(837) User=0.17s Sys=0.00s Real=0.02s
[79.911s][info][gc,start       ] GC(838) Pause Young (Allocation Failure)
[79.913s][info][gc,heap        ] GC(838) PSYoungGen: 149152K(161280K)->224K(161280K) Eden: 148992K(148992K)->0K(150016K) From: 160K(12288K)->224K(11264K)
[79.913s][info][gc,heap        ] GC(838) ParOldGen: 146520K(349696K)->146536K(349696K)
[79.913s][info][gc,metaspace   ] GC(838) Metaspace: 61277K(62144K)->61277K(62144K) NonClass: 53698K(54144K)->53698K(54144K) Class: 7579K(8000K)->7579K(8000K)
[79.913s][info][gc             ] GC(838) Pause Young (Allocation Failure) 288M->143M(499M) 1.477ms
[79.913s][info][gc,cpu         ] GC(838) User=0.00s Sys=0.00s Real=0.00s
[79.959s][info][gc,start       ] GC(839) Pause Young (Allocation Failure)
[79.961s][info][gc,heap        ] GC(839) PSYoungGen: 150240K(161280K)->256K(161792K) Eden: 150016K(150016K)->0K(150016K) From: 224K(11264K)->256K(11776K)
[79.961s][info][gc,heap        ] GC(839) ParOldGen: 146536K(349696K)->146536K(349696K)
[79.961s][info][gc,metaspace   ] GC(839) Metaspace: 61277K(62144K)->61277K(62144K) NonClass: 53698K(54144K)->53698K(54144K) Class: 7579K(8000K)->7579K(8000K)
[79.961s][info][gc             ] GC(839) Pause Young (Allocation Failure) 289M->143M(499M) 1.483ms
[79.961s][info][gc,cpu         ] GC(839) User=0.48s Sys=0.03s Real=0.02s
[80.008s][info][gc,start       ] GC(840) Pause Young (Allocation Failure)
[80.009s][info][gc,heap        ] GC(840) PSYoungGen: 150272K(161792K)->192K(161792K) Eden: 150016K(150016K)->0K(151040K) From: 256K(11776K)->192K(10752K)
[80.009s][info][gc,heap        ] GC(840) ParOldGen: 146536K(349696K)->146552K(349696K)
[80.009s][info][gc,metaspace   ] GC(840) Metaspace: 61277K(62144K)->61277K(62144K) NonClass: 53698K(54144K)->53698K(54144K) Class: 7579K(8000K)->7579K(8000K)
[80.009s][info][gc             ] GC(840) Pause Young (Allocation Failure) 289M->143M(499M) 1.418ms
[80.009s][info][gc,cpu         ] GC(840) User=0.00s Sys=0.00s Real=0.00s
[80.056s][info][gc,start       ] GC(841) Pause Young (Allocation Failure)
[80.058s][info][gc,heap        ] GC(841) PSYoungGen: 151232K(161792K)->256K(162304K) Eden: 151040K(151040K)->0K(151040K) From: 192K(10752K)->256K(11264K)
[80.058s][info][gc,heap        ] GC(841) ParOldGen: 146552K(349696K)->146568K(349696K)
[80.058s][info][gc,metaspace   ] GC(841) Metaspace: 61277K(62144K)->61277K(62144K) NonClass: 53698K(54144K)->53698K(54144K) Class: 7579K(8000K)->7579K(8000K)
[80.058s][info][gc             ] GC(841) Pause Young (Allocation Failure) 290M->143M(500M) 1.380ms
[80.058s][info][gc,cpu         ] GC(841) User=0.00s Sys=0.00s Real=0.00s
[80.105s][info][gc,start       ] GC(842) Pause Young (Allocation Failure)
[80.106s][info][gc,heap        ] GC(842) PSYoungGen: 151296K(162304K)->160K(162304K) Eden: 151040K(151040K)->0K(152576K) From: 256K(11264K)->160K(9728K)
[80.106s][info][gc,heap        ] GC(842) ParOldGen: 146568K(349696K)->146584K(349696K)
[80.106s][info][gc,metaspace   ] GC(842) Metaspace: 61277K(62144K)->61277K(62144K) NonClass: 53698K(54144K)->53698K(54144K) Class: 7579K(8000K)->7579K(8000K)
[80.106s][info][gc             ] GC(842) Pause Young (Allocation Failure) 290M->143M(500M) 0.850ms
[80.106s][info][gc,cpu         ] GC(842) User=0.00s Sys=0.00s Real=0.00s
[80.171s][info][gc,start       ] GC(843) Pause Young (Allocation Failure)
[80.321s][info][gc,heap        ] GC(843) PSYoungGen: 152736K(162304K)->352K(162816K) Eden: 152576K(152576K)->0K(152576K) From: 160K(9728K)->352K(10240K)
[80.321s][info][gc,heap        ] GC(843) ParOldGen: 146584K(349696K)->146592K(349696K)
[80.321s][info][gc,metaspace   ] GC(843) Metaspace: 61286K(62208K)->61286K(62208K) NonClass: 53706K(54208K)->53706K(54208K) Class: 7579K(8000K)->7579K(8000K)
[80.321s][info][gc             ] GC(843) Pause Young (Allocation Failure) 292M->143M(500M) 149.433ms
[80.321s][info][gc,cpu         ] GC(843) User=0.00s Sys=0.00s Real=0.15s
[80.448s][info][gc,start       ] GC(844) Pause Young (Allocation Failure)
[80.449s][info][gc,heap        ] GC(844) PSYoungGen: 152928K(162816K)->192K(164352K) Eden: 152576K(152576K)->0K(154624K) From: 352K(10240K)->192K(9728K)
[80.449s][info][gc,heap        ] GC(844) ParOldGen: 146592K(349696K)->146680K(349696K)
[80.449s][info][gc,metaspace   ] GC(844) Metaspace: 61286K(62208K)->61286K(62208K) NonClass: 53706K(54208K)->53706K(54208K) Class: 7579K(8000K)->7579K(8000K)
[80.449s][info][gc             ] GC(844) Pause Young (Allocation Failure) 292M->143M(502M) 1.449ms
[80.449s][info][gc,cpu         ] GC(844) User=0.00s Sys=0.00s Real=0.00s
[80.555s][info][gc,start       ] GC(845) Pause Young (Allocation Failure)
[80.556s][info][gc,heap        ] GC(845) PSYoungGen: 154816K(164352K)->256K(164352K) Eden: 154624K(154624K)->0K(154624K) From: 192K(9728K)->256K(9728K)
[80.556s][info][gc,heap        ] GC(845) ParOldGen: 146680K(349696K)->146688K(349696K)
[80.556s][info][gc,metaspace   ] GC(845) Metaspace: 61286K(62208K)->61286K(62208K) NonClass: 53706K(54208K)->53706K(54208K) Class: 7579K(8000K)->7579K(8000K)
[80.556s][info][gc             ] GC(845) Pause Young (Allocation Failure) 294M->143M(502M) 1.445ms
[80.556s][info][gc,cpu         ] GC(845) User=0.00s Sys=0.00s Real=0.00s
[80.662s][info][gc,start       ] GC(846) Pause Young (Allocation Failure)
[80.663s][info][gc,heap        ] GC(846) PSYoungGen: 154880K(164352K)->192K(164352K) Eden: 154624K(154624K)->0K(155648K) From: 256K(9728K)->192K(8704K)
[80.663s][info][gc,heap        ] GC(846) ParOldGen: 146688K(349696K)->146696K(349696K)
[80.663s][info][gc,metaspace   ] GC(846) Metaspace: 61286K(62208K)->61286K(62208K) NonClass: 53706K(54208K)->53706K(54208K) Class: 7579K(8000K)->7579K(8000K)
[80.663s][info][gc             ] GC(846) Pause Young (Allocation Failure) 294M->143M(502M) 1.310ms
[80.663s][info][gc,cpu         ] GC(846) User=0.00s Sys=0.00s Real=0.00s
[80.771s][info][gc,start       ] GC(847) Pause Young (Allocation Failure)
[80.773s][info][gc,heap        ] GC(847) PSYoungGen: 155840K(164352K)->192K(164352K) Eden: 155648K(155648K)->0K(155648K) From: 192K(8704K)->192K(8704K)
[80.773s][info][gc,heap        ] GC(847) ParOldGen: 146696K(349696K)->146704K(349696K)
[80.773s][info][gc,metaspace   ] GC(847) Metaspace: 61286K(62208K)->61286K(62208K) NonClass: 53706K(54208K)->53706K(54208K) Class: 7579K(8000K)->7579K(8000K)
[80.773s][info][gc             ] GC(847) Pause Young (Allocation Failure) 295M->143M(502M) 1.381ms
[80.773s][info][gc,cpu         ] GC(847) User=0.00s Sys=0.00s Real=0.00s
[80.899s][info][gc,start       ] GC(848) Pause Young (Allocation Failure)
[80.901s][info][gc,heap        ] GC(848) PSYoungGen: 155840K(164352K)->288K(165376K) Eden: 155648K(155648K)->0K(157696K) From: 192K(8704K)->288K(7680K)
[80.901s][info][gc,heap        ] GC(848) ParOldGen: 146704K(349696K)->146712K(349696K)
[80.901s][info][gc,metaspace   ] GC(848) Metaspace: 61286K(62208K)->61286K(62208K) NonClass: 53706K(54208K)->53706K(54208K) Class: 7579K(8000K)->7579K(8000K)
[80.901s][info][gc             ] GC(848) Pause Young (Allocation Failure) 295M->143M(503M) 1.468ms
[80.901s][info][gc,cpu         ] GC(848) User=0.00s Sys=0.00s Real=0.00s
[80.947s][info][gc,start       ] GC(849) Pause Young (System.gc())
[80.948s][info][gc,heap        ] GC(849) PSYoungGen: 48458K(165376K)->384K(158208K) Eden: 48170K(157696K)->0K(157696K) From: 288K(7680K)->384K(512K)
[80.948s][info][gc,heap        ] GC(849) ParOldGen: 146712K(349696K)->146728K(349696K)
[80.948s][info][gc,metaspace   ] GC(849) Metaspace: 61302K(62208K)->61302K(62208K) NonClass: 53723K(54208K)->53723K(54208K) Class: 7579K(8000K)->7579K(8000K)
[80.948s][info][gc             ] GC(849) Pause Young (System.gc()) 190M->143M(496M) 1.273ms
[80.948s][info][gc,cpu         ] GC(849) User=0.00s Sys=0.00s Real=0.00s
[80.948s][info][gc,start       ] GC(850) Pause Full (System.gc())
[80.948s][info][gc,phases,start] GC(850) Marking Phase
[81.036s][info][gc,phases      ] GC(850) Marking Phase 87.799ms
[81.036s][info][gc,phases,start] GC(850) Summary Phase
[81.036s][info][gc,phases      ] GC(850) Summary Phase 0.016ms
[81.036s][info][gc,phases,start] GC(850) Adjust Roots
[81.046s][info][gc,phases      ] GC(850) Adjust Roots 10.317ms
[81.046s][info][gc,phases,start] GC(850) Compaction Phase
[81.073s][info][gc,phases      ] GC(850) Compaction Phase 26.140ms
[81.073s][info][gc,phases,start] GC(850) Post Compact
[81.074s][info][gc,phases      ] GC(850) Post Compact 1.082ms
[81.074s][info][gc,heap        ] GC(850) PSYoungGen: 384K(158208K)->0K(158208K) Eden: 0K(157696K)->0K(157696K) From: 384K(512K)->0K(512K)
[81.074s][info][gc,heap        ] GC(850) ParOldGen: 146728K(349696K)->102374K(349696K)
[81.074s][info][gc,metaspace   ] GC(850) Metaspace: 61302K(62208K)->61302K(62208K) NonClass: 53723K(54208K)->53723K(54208K) Class: 7579K(8000K)->7579K(8000K)
[81.074s][info][gc             ] GC(850) Pause Full (System.gc()) 143M->99M(496M) 125.830ms
[81.074s][info][gc,cpu         ] GC(850) User=0.98s Sys=0.00s Real=0.13s
[81.192s][info][gc,start       ] GC(851) Pause Young (Allocation Failure)
[81.198s][info][gc,heap        ] GC(851) PSYoungGen: 157696K(158208K)->3904K(164352K) Eden: 157696K(157696K)->0K(157184K) From: 0K(512K)->3904K(7168K)
[81.198s][info][gc,heap        ] GC(851) ParOldGen: 102374K(349696K)->102382K(349696K)
[81.198s][info][gc,metaspace   ] GC(851) Metaspace: 61348K(62336K)->61348K(62336K) NonClass: 53768K(54336K)->53768K(54336K) Class: 7579K(8000K)->7579K(8000K)
[81.198s][info][gc             ] GC(851) Pause Young (Allocation Failure) 253M->103M(502M) 5.761ms
[81.198s][info][gc,cpu         ] GC(851) User=0.00s Sys=0.00s Real=0.00s
[81.249s][info][gc,start       ] GC(852) Pause Young (Allocation Failure)
[81.267s][info][gc,heap        ] GC(852) PSYoungGen: 161088K(164352K)->6400K(164864K) Eden: 157184K(157184K)->0K(157184K) From: 3904K(7168K)->6400K(7680K)
[81.267s][info][gc,heap        ] GC(852) ParOldGen: 102382K(349696K)->105913K(349696K)
[81.267s][info][gc,metaspace   ] GC(852) Metaspace: 61348K(62336K)->61348K(62336K) NonClass: 53768K(54336K)->53768K(54336K) Class: 7579K(8000K)->7579K(8000K)
[81.267s][info][gc             ] GC(852) Pause Young (Allocation Failure) 257M->109M(502M) 18.489ms
[81.267s][info][gc,cpu         ] GC(852) User=0.03s Sys=0.00s Real=0.02s
[81.321s][info][gc,start       ] GC(853) Pause Young (Allocation Failure)
[81.332s][info][gc,heap        ] GC(853) PSYoungGen: 163584K(164864K)->7328K(162816K) Eden: 157184K(157184K)->0K(154112K) From: 6400K(7680K)->7328K(8704K)
[81.332s][info][gc,heap        ] GC(853) ParOldGen: 105913K(349696K)->111513K(349696K)
[81.332s][info][gc,metaspace   ] GC(853) Metaspace: 61348K(62336K)->61348K(62336K) NonClass: 53768K(54336K)->53768K(54336K) Class: 7579K(8000K)->7579K(8000K)
[81.332s][info][gc             ] GC(853) Pause Young (Allocation Failure) 263M->116M(500M) 11.140ms
[81.332s][info][gc,cpu         ] GC(853) User=0.19s Sys=0.00s Real=0.02s
[81.385s][info][gc,start       ] GC(854) Pause Young (Allocation Failure)
[81.401s][info][gc,heap        ] GC(854) PSYoungGen: 161440K(162816K)->7776K(162304K) Eden: 154112K(154112K)->0K(154112K) From: 7328K(8704K)->7776K(8192K)
[81.401s][info][gc,heap        ] GC(854) ParOldGen: 111513K(349696K)->118673K(349696K)
[81.401s][info][gc,metaspace   ] GC(854) Metaspace: 61348K(62336K)->61348K(62336K) NonClass: 53768K(54336K)->53768K(54336K) Class: 7579K(8000K)->7579K(8000K)
[81.401s][info][gc             ] GC(854) Pause Young (Allocation Failure) 266M->123M(500M) 16.137ms
[81.401s][info][gc,cpu         ] GC(854) User=0.03s Sys=0.00s Real=0.02s
[81.447s][info][gc,start       ] GC(855) Pause Young (Allocation Failure)
[81.462s][info][gc,heap        ] GC(855) PSYoungGen: 161888K(162304K)->8288K(161280K) Eden: 154112K(154112K)->0K(150016K) From: 7776K(8192K)->8288K(11264K)
[81.462s][info][gc,heap        ] GC(855) ParOldGen: 118673K(349696K)->126369K(349696K)
[81.462s][info][gc,metaspace   ] GC(855) Metaspace: 61348K(62336K)->61348K(62336K) NonClass: 53768K(54336K)->53768K(54336K) Class: 7579K(8000K)->7579K(8000K)
[81.462s][info][gc             ] GC(855) Pause Young (Allocation Failure) 273M->131M(499M) 15.263ms
[81.462s][info][gc,cpu         ] GC(855) User=0.19s Sys=0.00s Real=0.02s
[81.510s][info][gc,start       ] GC(856) Pause Young (Allocation Failure)
[81.524s][info][gc,heap        ] GC(856) PSYoungGen: 158304K(161280K)->5728K(162304K) Eden: 150016K(150016K)->0K(150016K) From: 8288K(11264K)->5728K(12288K)
[81.524s][info][gc,heap        ] GC(856) ParOldGen: 126369K(349696K)->134489K(349696K)
[81.524s][info][gc,metaspace   ] GC(856) Metaspace: 61348K(62336K)->61348K(62336K) NonClass: 53768K(54336K)->53768K(54336K) Class: 7579K(8000K)->7579K(8000K)
[81.524s][info][gc             ] GC(856) Pause Young (Allocation Failure) 278M->136M(500M) 14.048ms
[81.524s][info][gc,cpu         ] GC(856) User=0.17s Sys=0.00s Real=0.02s
[81.571s][info][gc,start       ] GC(857) Pause Young (Allocation Failure)
[81.608s][info][gc,heap        ] GC(857) PSYoungGen: 155744K(162304K)->5728K(162304K) Eden: 150016K(150016K)->0K(150016K) From: 5728K(12288K)->5728K(12288K)
[81.608s][info][gc,heap        ] GC(857) ParOldGen: 134489K(349696K)->140089K(349696K)
[81.608s][info][gc,metaspace   ] GC(857) Metaspace: 61348K(62336K)->61348K(62336K) NonClass: 53768K(54336K)->53768K(54336K) Class: 7579K(8000K)->7579K(8000K)
[81.608s][info][gc             ] GC(857) Pause Young (Allocation Failure) 283M->142M(500M) 37.541ms
[81.608s][info][gc,cpu         ] GC(857) User=0.56s Sys=0.00s Real=0.05s
[81.656s][info][gc,start       ] GC(858) Pause Young (Allocation Failure)
[81.685s][info][gc,heap        ] GC(858) PSYoungGen: 155744K(162304K)->1024K(151040K) Eden: 150016K(150016K)->0K(150016K) From: 5728K(12288K)->1024K(1024K)
[81.685s][info][gc,heap        ] GC(858) ParOldGen: 140089K(349696K)->145721K(349696K)
[81.685s][info][gc,metaspace   ] GC(858) Metaspace: 61348K(62336K)->61348K(62336K) NonClass: 53768K(54336K)->53768K(54336K) Class: 7579K(8000K)->7579K(8000K)
[81.685s][info][gc             ] GC(858) Pause Young (Allocation Failure) 288M->143M(489M) 28.472ms
[81.685s][info][gc,cpu         ] GC(858) User=0.19s Sys=0.00s Real=0.02s
[81.733s][info][gc,start       ] GC(859) Pause Young (Allocation Failure)
[81.738s][info][gc,heap        ] GC(859) PSYoungGen: 151040K(151040K)->128K(161792K) Eden: 150016K(150016K)->0K(150016K) From: 1024K(1024K)->128K(11776K)
[81.738s][info][gc,heap        ] GC(859) ParOldGen: 145721K(349696K)->146657K(349696K)
[81.738s][info][gc,metaspace   ] GC(859) Metaspace: 61348K(62336K)->61348K(62336K) NonClass: 53768K(54336K)->53768K(54336K) Class: 7579K(8000K)->7579K(8000K)
[81.738s][info][gc             ] GC(859) Pause Young (Allocation Failure) 289M->143M(499M) 5.346ms
[81.738s][info][gc,cpu         ] GC(859) User=0.00s Sys=0.00s Real=0.00s
[81.791s][info][gc,start       ] GC(860) Pause Young (Allocation Failure)
[81.793s][info][gc,heap        ] GC(860) PSYoungGen: 150144K(161792K)->256K(161792K) Eden: 150016K(150016K)->0K(150016K) From: 128K(11776K)->256K(11776K)
[81.793s][info][gc,heap        ] GC(860) ParOldGen: 146657K(349696K)->146665K(349696K)
[81.793s][info][gc,metaspace   ] GC(860) Metaspace: 61348K(62336K)->61348K(62336K) NonClass: 53768K(54336K)->53768K(54336K) Class: 7579K(8000K)->7579K(8000K)
[81.793s][info][gc             ] GC(860) Pause Young (Allocation Failure) 289M->143M(499M) 1.468ms
[81.793s][info][gc,cpu         ] GC(860) User=0.00s Sys=0.00s Real=0.00s
[81.840s][info][gc,start       ] GC(861) Pause Young (Allocation Failure)
[81.840s][info][gc,heap        ] GC(861) PSYoungGen: 150272K(161792K)->224K(162304K) Eden: 150016K(150016K)->0K(151040K) From: 256K(11776K)->224K(11264K)
[81.840s][info][gc,heap        ] GC(861) ParOldGen: 146665K(349696K)->146681K(349696K)
[81.840s][info][gc,metaspace   ] GC(861) Metaspace: 61348K(62336K)->61348K(62336K) NonClass: 53768K(54336K)->53768K(54336K) Class: 7579K(8000K)->7579K(8000K)
[81.840s][info][gc             ] GC(861) Pause Young (Allocation Failure) 289M->143M(500M) 0.760ms
[81.840s][info][gc,cpu         ] GC(861) User=0.00s Sys=0.00s Real=0.00s
[81.896s][info][gc,start       ] GC(862) Pause Young (Allocation Failure)
[81.896s][info][gc,heap        ] GC(862) PSYoungGen: 151264K(162304K)->256K(162304K) Eden: 151040K(151040K)->0K(151040K) From: 224K(11264K)->256K(11264K)
[81.896s][info][gc,heap        ] GC(862) ParOldGen: 146681K(349696K)->146689K(349696K)
[81.896s][info][gc,metaspace   ] GC(862) Metaspace: 61348K(62336K)->61348K(62336K) NonClass: 53768K(54336K)->53768K(54336K) Class: 7579K(8000K)->7579K(8000K)
[81.896s][info][gc             ] GC(862) Pause Young (Allocation Failure) 290M->143M(500M) 0.759ms
[81.896s][info][gc,cpu         ] GC(862) User=0.00s Sys=0.00s Real=0.00s
[81.964s][info][gc,start       ] GC(863) Pause Young (Allocation Failure)
[81.966s][info][gc,heap        ] GC(863) PSYoungGen: 151296K(162304K)->352K(162816K) Eden: 151040K(151040K)->0K(152576K) From: 256K(11264K)->352K(10240K)
[81.966s][info][gc,heap        ] GC(863) ParOldGen: 146689K(349696K)->146705K(349696K)
[81.966s][info][gc,metaspace   ] GC(863) Metaspace: 61348K(62336K)->61348K(62336K) NonClass: 53768K(54336K)->53768K(54336K) Class: 7579K(8000K)->7579K(8000K)
[81.966s][info][gc             ] GC(863) Pause Young (Allocation Failure) 291M->143M(500M) 1.433ms
[81.966s][info][gc,cpu         ] GC(863) User=0.00s Sys=0.00s Real=0.00s
[82.070s][info][gc,start       ] GC(864) Pause Young (Allocation Failure)
[82.072s][info][gc,heap        ] GC(864) PSYoungGen: 152928K(162816K)->96K(162816K) Eden: 152576K(152576K)->0K(152576K) From: 352K(10240K)->96K(10240K)
[82.072s][info][gc,heap        ] GC(864) ParOldGen: 146705K(349696K)->146793K(349696K)
[82.072s][info][gc,metaspace   ] GC(864) Metaspace: 61348K(62336K)->61348K(62336K) NonClass: 53768K(54336K)->53768K(54336K) Class: 7579K(8000K)->7579K(8000K)
[82.072s][info][gc             ] GC(864) Pause Young (Allocation Failure) 292M->143M(500M) 1.448ms
[82.072s][info][gc,cpu         ] GC(864) User=0.00s Sys=0.00s Real=0.00s
[82.178s][info][gc,start       ] GC(865) Pause Young (Allocation Failure)
[82.180s][info][gc,heap        ] GC(865) PSYoungGen: 152672K(162816K)->224K(163840K) Eden: 152576K(152576K)->0K(154624K) From: 96K(10240K)->224K(9216K)
[82.180s][info][gc,heap        ] GC(865) ParOldGen: 146793K(349696K)->146793K(349696K)
[82.180s][info][gc,metaspace   ] GC(865) Metaspace: 61348K(62336K)->61348K(62336K) NonClass: 53768K(54336K)->53768K(54336K) Class: 7579K(8000K)->7579K(8000K)
[82.180s][info][gc             ] GC(865) Pause Young (Allocation Failure) 292M->143M(501M) 1.428ms
[82.180s][info][gc,cpu         ] GC(865) User=0.00s Sys=0.00s Real=0.00s
[82.271s][info][gc,start       ] GC(866) Pause Young (Allocation Failure)
[82.272s][info][gc,heap        ] GC(866) PSYoungGen: 154848K(163840K)->224K(163840K) Eden: 154624K(154624K)->0K(154624K) From: 224K(9216K)->224K(9216K)
[82.272s][info][gc,heap        ] GC(866) ParOldGen: 146793K(349696K)->146809K(349696K)
[82.272s][info][gc,metaspace   ] GC(866) Metaspace: 61348K(62336K)->61348K(62336K) NonClass: 53769K(54336K)->53769K(54336K) Class: 7579K(8000K)->7579K(8000K)
[82.272s][info][gc             ] GC(866) Pause Young (Allocation Failure) 294M->143M(501M) 1.398ms
[82.272s][info][gc,cpu         ] GC(866) User=0.00s Sys=0.00s Real=0.00s
[82.380s][info][gc,start       ] GC(867) Pause Young (Allocation Failure)
[82.381s][info][gc,heap        ] GC(867) PSYoungGen: 154848K(163840K)->192K(164352K) Eden: 154624K(154624K)->0K(156160K) From: 224K(9216K)->192K(8192K)
[82.381s][info][gc,heap        ] GC(867) ParOldGen: 146809K(349696K)->146825K(349696K)
[82.381s][info][gc,metaspace   ] GC(867) Metaspace: 61348K(62336K)->61348K(62336K) NonClass: 53769K(54336K)->53769K(54336K) Class: 7579K(8000K)->7579K(8000K)
[82.381s][info][gc             ] GC(867) Pause Young (Allocation Failure) 294M->143M(502M) 1.429ms
[82.381s][info][gc,cpu         ] GC(867) User=0.00s Sys=0.00s Real=0.00s
[82.498s][info][gc,start       ] GC(868) Pause Young (Allocation Failure)
[82.499s][info][gc,heap        ] GC(868) PSYoungGen: 156352K(164352K)->224K(164864K) Eden: 156160K(156160K)->0K(156160K) From: 192K(8192K)->224K(8704K)
[82.499s][info][gc,heap        ] GC(868) ParOldGen: 146825K(349696K)->146833K(349696K)
[82.499s][info][gc,metaspace   ] GC(868) Metaspace: 61348K(62336K)->61348K(62336K) NonClass: 53769K(54336K)->53769K(54336K) Class: 7579K(8000K)->7579K(8000K)
[82.499s][info][gc             ] GC(868) Pause Young (Allocation Failure) 296M->143M(502M) 1.367ms
[82.499s][info][gc,cpu         ] GC(868) User=0.19s Sys=0.00s Real=0.02s
[82.605s][info][gc,start       ] GC(869) Pause Young (Allocation Failure)
[82.606s][info][gc,heap        ] GC(869) PSYoungGen: 156384K(164864K)->160K(164864K) Eden: 156160K(156160K)->0K(157696K) From: 224K(8704K)->160K(7168K)
[82.606s][info][gc,heap        ] GC(869) ParOldGen: 146833K(349696K)->146841K(349696K)
[82.606s][info][gc,metaspace   ] GC(869) Metaspace: 61348K(62336K)->61348K(62336K) NonClass: 53769K(54336K)->53769K(54336K) Class: 7579K(8000K)->7579K(8000K)
[82.607s][info][gc             ] GC(869) Pause Young (Allocation Failure) 296M->143M(502M) 1.650ms
[82.607s][info][gc,cpu         ] GC(869) User=0.00s Sys=0.00s Real=0.00s
[82.649s][info][gc,start       ] GC(870) Pause Young (System.gc())
[82.650s][info][gc,heap        ] GC(870) PSYoungGen: 44599K(164864K)->384K(158208K) Eden: 44439K(157696K)->0K(157696K) From: 160K(7168K)->384K(512K)
[82.651s][info][gc,heap        ] GC(870) ParOldGen: 146841K(349696K)->146849K(349696K)
[82.651s][info][gc,metaspace   ] GC(870) Metaspace: 61349K(62336K)->61349K(62336K) NonClass: 53770K(54336K)->53770K(54336K) Class: 7579K(8000K)->7579K(8000K)
[82.651s][info][gc             ] GC(870) Pause Young (System.gc()) 186M->143M(496M) 1.848ms
[82.651s][info][gc,cpu         ] GC(870) User=0.00s Sys=0.00s Real=0.00s
[82.651s][info][gc,start       ] GC(871) Pause Full (System.gc())
[82.651s][info][gc,phases,start] GC(871) Marking Phase
[82.750s][info][gc,phases      ] GC(871) Marking Phase 99.489ms
[82.750s][info][gc,phases,start] GC(871) Summary Phase
[82.750s][info][gc,phases      ] GC(871) Summary Phase 0.013ms
[82.750s][info][gc,phases,start] GC(871) Adjust Roots
[82.760s][info][gc,phases      ] GC(871) Adjust Roots 9.318ms
[82.760s][info][gc,phases,start] GC(871) Compaction Phase
[82.780s][info][gc,phases      ] GC(871) Compaction Phase 20.658ms
[82.780s][info][gc,phases,start] GC(871) Post Compact
[82.781s][info][gc,phases      ] GC(871) Post Compact 0.981ms
[82.782s][info][gc,heap        ] GC(871) PSYoungGen: 384K(158208K)->0K(158208K) Eden: 0K(157696K)->0K(157696K) From: 384K(512K)->0K(512K)
[82.782s][info][gc,heap        ] GC(871) ParOldGen: 146849K(349696K)->102391K(349696K)
[82.782s][info][gc,metaspace   ] GC(871) Metaspace: 61349K(62336K)->61349K(62336K) NonClass: 53770K(54336K)->53770K(54336K) Class: 7579K(8000K)->7579K(8000K)
[82.782s][info][gc             ] GC(871) Pause Full (System.gc()) 143M->99M(496M) 130.787ms
[82.782s][info][gc,cpu         ] GC(871) User=1.06s Sys=0.00s Real=0.13s
[82.901s][info][gc,start       ] GC(872) Pause Young (Allocation Failure)
[82.904s][info][gc,heap        ] GC(872) PSYoungGen: 157696K(158208K)->3968K(164352K) Eden: 157696K(157696K)->0K(157184K) From: 0K(512K)->3968K(7168K)
[82.904s][info][gc,heap        ] GC(872) ParOldGen: 102391K(349696K)->102391K(349696K)
[82.904s][info][gc,metaspace   ] GC(872) Metaspace: 61350K(62336K)->61350K(62336K) NonClass: 53770K(54336K)->53770K(54336K) Class: 7579K(8000K)->7579K(8000K)
[82.904s][info][gc             ] GC(872) Pause Young (Allocation Failure) 253M->103M(502M) 3.302ms
[82.904s][info][gc,cpu         ] GC(872) User=0.00s Sys=0.00s Real=0.00s
[82.952s][info][gc,start       ] GC(873) Pause Young (Allocation Failure)
[82.964s][info][gc,heap        ] GC(873) PSYoungGen: 161152K(164352K)->6336K(164864K) Eden: 157184K(157184K)->0K(157184K) From: 3968K(7168K)->6336K(7680K)
[82.964s][info][gc,heap        ] GC(873) ParOldGen: 102391K(349696K)->105938K(349696K)
[82.964s][info][gc,metaspace   ] GC(873) Metaspace: 61350K(62336K)->61350K(62336K) NonClass: 53770K(54336K)->53770K(54336K) Class: 7579K(8000K)->7579K(8000K)
[82.964s][info][gc             ] GC(873) Pause Young (Allocation Failure) 257M->109M(502M) 12.056ms
[82.964s][info][gc,cpu         ] GC(873) User=0.03s Sys=0.00s Real=0.02s
[83.011s][info][gc,start       ] GC(874) Pause Young (Allocation Failure)
[83.028s][info][gc,heap        ] GC(874) PSYoungGen: 163520K(164864K)->7328K(162816K) Eden: 157184K(157184K)->0K(154112K) From: 6336K(7680K)->7328K(8704K)
[83.046s][info][gc,heap        ] GC(874) ParOldGen: 105938K(349696K)->111618K(349696K)
[83.046s][info][gc,metaspace   ] GC(874) Metaspace: 61350K(62336K)->61350K(62336K) NonClass: 53770K(54336K)->53770K(54336K) Class: 7579K(8000K)->7579K(8000K)
[83.046s][info][gc             ] GC(874) Pause Young (Allocation Failure) 263M->116M(500M) 34.535ms
[83.046s][info][gc,cpu         ] GC(874) User=0.03s Sys=0.00s Real=0.03s
[83.098s][info][gc,start       ] GC(875) Pause Young (Allocation Failure)
[83.111s][info][gc,heap        ] GC(875) PSYoungGen: 161440K(162816K)->6528K(160768K) Eden: 154112K(154112K)->0K(154112K) From: 7328K(8704K)->6528K(6656K)
[83.111s][info][gc,heap        ] GC(875) ParOldGen: 111618K(349696K)->118722K(349696K)
[83.111s][info][gc,metaspace   ] GC(875) Metaspace: 61350K(62336K)->61350K(62336K) NonClass: 53770K(54336K)->53770K(54336K) Class: 7579K(8000K)->7579K(8000K)
[83.111s][info][gc             ] GC(875) Pause Young (Allocation Failure) 266M->122M(498M) 12.932ms
[83.111s][info][gc,cpu         ] GC(875) User=0.19s Sys=0.00s Real=0.02s
[83.160s][info][gc,start       ] GC(876) Pause Young (Allocation Failure)
[83.174s][info][gc,heap        ] GC(876) PSYoungGen: 160640K(160768K)->7648K(161792K) Eden: 154112K(154112K)->0K(151040K) From: 6528K(6656K)->7648K(10752K)
[83.174s][info][gc,heap        ] GC(876) ParOldGen: 118722K(349696K)->125098K(349696K)
[83.174s][info][gc,metaspace   ] GC(876) Metaspace: 61350K(62336K)->61350K(62336K) NonClass: 53770K(54336K)->53770K(54336K) Class: 7579K(8000K)->7579K(8000K)
[83.174s][info][gc             ] GC(876) Pause Young (Allocation Failure) 272M->129M(499M) 14.174ms
[83.174s][info][gc,cpu         ] GC(876) User=0.17s Sys=0.00s Real=0.02s
[83.220s][info][gc,start       ] GC(877) Pause Young (Allocation Failure)
[83.235s][info][gc,heap        ] GC(877) PSYoungGen: 158688K(161792K)->6688K(158208K) Eden: 151040K(151040K)->0K(151040K) From: 7648K(10752K)->6688K(7168K)
[83.235s][info][gc,heap        ] GC(877) ParOldGen: 125098K(349696K)->132578K(349696K)
[83.235s][info][gc,metaspace   ] GC(877) Metaspace: 61350K(62336K)->61350K(62336K) NonClass: 53770K(54336K)->53770K(54336K) Class: 7579K(8000K)->7579K(8000K)
[83.235s][info][gc             ] GC(877) Pause Young (Allocation Failure) 277M->136M(496M) 15.114ms
[83.235s][info][gc,cpu         ] GC(877) User=0.05s Sys=0.00s Real=0.02s
[83.279s][info][gc,start       ] GC(878) Pause Young (Allocation Failure)
[83.320s][info][gc,heap        ] GC(878) PSYoungGen: 157728K(158208K)->6336K(162304K) Eden: 151040K(151040K)->0K(150016K) From: 6688K(7168K)->6336K(12288K)
[83.320s][info][gc,heap        ] GC(878) ParOldGen: 132578K(349696K)->139186K(349696K)
[83.321s][info][gc,metaspace   ] GC(878) Metaspace: 61350K(62336K)->61350K(62336K) NonClass: 53770K(54336K)->53770K(54336K) Class: 7579K(8000K)->7579K(8000K)
[83.321s][info][gc             ] GC(878) Pause Young (Allocation Failure) 283M->142M(500M) 42.001ms
[83.321s][info][gc,cpu         ] GC(878) User=0.52s Sys=0.00s Real=0.05s
[83.369s][info][gc,start       ] GC(879) Pause Young (Allocation Failure)
[83.398s][info][gc,heap        ] GC(879) PSYoungGen: 156352K(162304K)->1408K(162304K) Eden: 150016K(150016K)->0K(150016K) From: 6336K(12288K)->1408K(12288K)
[83.398s][info][gc,heap        ] GC(879) ParOldGen: 139186K(349696K)->145434K(349696K)
[83.398s][info][gc,metaspace   ] GC(879) Metaspace: 61350K(62336K)->61350K(62336K) NonClass: 53770K(54336K)->53770K(54336K) Class: 7579K(8000K)->7579K(8000K)
[83.398s][info][gc             ] GC(879) Pause Young (Allocation Failure) 288M->143M(500M) 28.875ms
[83.398s][info][gc,cpu         ] GC(879) User=0.38s Sys=0.00s Real=0.03s
[83.447s][info][gc,start       ] GC(880) Pause Young (Allocation Failure)
[83.452s][info][gc,heap        ] GC(880) PSYoungGen: 151424K(162304K)->192K(161280K) Eden: 150016K(150016K)->0K(150016K) From: 1408K(12288K)->192K(11264K)
[83.452s][info][gc,heap        ] GC(880) ParOldGen: 145434K(349696K)->146626K(349696K)
[83.452s][info][gc,metaspace   ] GC(880) Metaspace: 61350K(62336K)->61350K(62336K) NonClass: 53770K(54336K)->53770K(54336K) Class: 7579K(8000K)->7579K(8000K)
[83.452s][info][gc             ] GC(880) Pause Young (Allocation Failure) 289M->143M(499M) 4.554ms
[83.452s][info][gc,cpu         ] GC(880) User=0.00s Sys=0.00s Real=0.00s
[83.507s][info][gc,start       ] GC(881) Pause Young (Allocation Failure)
[83.508s][info][gc,heap        ] GC(881) PSYoungGen: 150208K(161280K)->128K(161792K) Eden: 150016K(150016K)->0K(150016K) From: 192K(11264K)->128K(11776K)
[83.508s][info][gc,heap        ] GC(881) ParOldGen: 146626K(349696K)->146634K(349696K)
[83.508s][info][gc,metaspace   ] GC(881) Metaspace: 61350K(62336K)->61350K(62336K) NonClass: 53770K(54336K)->53770K(54336K) Class: 7579K(8000K)->7579K(8000K)
[83.508s][info][gc             ] GC(881) Pause Young (Allocation Failure) 289M->143M(499M) 1.505ms
[83.508s][info][gc,cpu         ] GC(881) User=0.00s Sys=0.00s Real=0.00s
[83.564s][info][gc,start       ] GC(882) Pause Young (Allocation Failure)
[83.565s][info][gc,heap        ] GC(882) PSYoungGen: 150144K(161792K)->128K(161792K) Eden: 150016K(150016K)->0K(151040K) From: 128K(11776K)->128K(10752K)
[83.565s][info][gc,heap        ] GC(882) ParOldGen: 146634K(349696K)->146650K(349696K)
[83.565s][info][gc,metaspace   ] GC(882) Metaspace: 61350K(62336K)->61350K(62336K) NonClass: 53770K(54336K)->53770K(54336K) Class: 7579K(8000K)->7579K(8000K)
[83.565s][info][gc             ] GC(882) Pause Young (Allocation Failure) 289M->143M(499M) 1.401ms
[83.565s][info][gc,cpu         ] GC(882) User=0.00s Sys=0.00s Real=0.00s
[83.613s][info][gc,start       ] GC(883) Pause Young (Allocation Failure)
[83.614s][info][gc,heap        ] GC(883) PSYoungGen: 151168K(161792K)->224K(162304K) Eden: 151040K(151040K)->0K(151040K) From: 128K(10752K)->224K(11264K)
[83.614s][info][gc,heap        ] GC(883) ParOldGen: 146650K(349696K)->146658K(349696K)
[83.614s][info][gc,metaspace   ] GC(883) Metaspace: 61350K(62336K)->61350K(62336K) NonClass: 53770K(54336K)->53770K(54336K) Class: 7579K(8000K)->7579K(8000K)
[83.614s][info][gc             ] GC(883) Pause Young (Allocation Failure) 290M->143M(500M) 1.343ms
[83.614s][info][gc,cpu         ] GC(883) User=0.00s Sys=0.00s Real=0.00s
[83.673s][info][gc,start       ] GC(884) Pause Young (Allocation Failure)
[83.675s][info][gc,heap        ] GC(884) PSYoungGen: 151264K(162304K)->352K(162304K) Eden: 151040K(151040K)->0K(152576K) From: 224K(11264K)->352K(9728K)
[83.675s][info][gc,heap        ] GC(884) ParOldGen: 146658K(349696K)->146674K(349696K)
[83.675s][info][gc,metaspace   ] GC(884) Metaspace: 61350K(62336K)->61350K(62336K) NonClass: 53771K(54336K)->53771K(54336K) Class: 7579K(8000K)->7579K(8000K)
[83.675s][info][gc             ] GC(884) Pause Young (Allocation Failure) 290M->143M(500M) 1.475ms
[83.675s][info][gc,cpu         ] GC(884) User=0.00s Sys=0.00s Real=0.00s
[83.770s][info][gc,start       ] GC(885) Pause Young (Allocation Failure)
[83.771s][info][gc,heap        ] GC(885) PSYoungGen: 152928K(162304K)->128K(162816K) Eden: 152576K(152576K)->0K(152576K) From: 352K(9728K)->128K(10240K)
[83.771s][info][gc,heap        ] GC(885) ParOldGen: 146674K(349696K)->146762K(349696K)
[83.771s][info][gc,metaspace   ] GC(885) Metaspace: 61350K(62336K)->61350K(62336K) NonClass: 53771K(54336K)->53771K(54336K) Class: 7579K(8000K)->7579K(8000K)
[83.771s][info][gc             ] GC(885) Pause Young (Allocation Failure) 292M->143M(500M) 1.372ms
[83.771s][info][gc,cpu         ] GC(885) User=0.00s Sys=0.00s Real=0.00s
[83.876s][info][gc,start       ] GC(886) Pause Young (Allocation Failure)
[83.878s][info][gc,heap        ] GC(886) PSYoungGen: 152704K(162816K)->128K(163328K) Eden: 152576K(152576K)->0K(154112K) From: 128K(10240K)->128K(9216K)
[83.878s][info][gc,heap        ] GC(886) ParOldGen: 146762K(349696K)->146762K(349696K)
[83.878s][info][gc,metaspace   ] GC(886) Metaspace: 61350K(62336K)->61350K(62336K) NonClass: 53771K(54336K)->53771K(54336K) Class: 7579K(8000K)->7579K(8000K)
[83.878s][info][gc             ] GC(886) Pause Young (Allocation Failure) 292M->143M(501M) 1.336ms
[83.878s][info][gc,cpu         ] GC(886) User=0.00s Sys=0.00s Real=0.00s
[83.985s][info][gc,start       ] GC(887) Pause Young (Allocation Failure)
[83.987s][info][gc,heap        ] GC(887) PSYoungGen: 154240K(163328K)->160K(163840K) Eden: 154112K(154112K)->0K(154112K) From: 128K(9216K)->160K(9728K)
[83.987s][info][gc,heap        ] GC(887) ParOldGen: 146762K(349696K)->146770K(349696K)
[83.987s][info][gc,metaspace   ] GC(887) Metaspace: 61350K(62336K)->61350K(62336K) NonClass: 53771K(54336K)->53771K(54336K) Class: 7579K(8000K)->7579K(8000K)
[83.987s][info][gc             ] GC(887) Pause Young (Allocation Failure) 293M->143M(501M) 1.370ms
[83.987s][info][gc,cpu         ] GC(887) User=0.00s Sys=0.00s Real=0.00s
[84.092s][info][gc,start       ] GC(888) Pause Young (Allocation Failure)
[84.093s][info][gc,heap        ] GC(888) PSYoungGen: 154272K(163840K)->128K(163840K) Eden: 154112K(154112K)->0K(155648K) From: 160K(9728K)->128K(8192K)
[84.093s][info][gc,heap        ] GC(888) ParOldGen: 146770K(349696K)->146778K(349696K)
[84.093s][info][gc,metaspace   ] GC(888) Metaspace: 61350K(62336K)->61350K(62336K) NonClass: 53771K(54336K)->53771K(54336K) Class: 7579K(8000K)->7579K(8000K)
[84.093s][info][gc             ] GC(888) Pause Young (Allocation Failure) 293M->143M(501M) 1.469ms
[84.093s][info][gc,cpu         ] GC(888) User=0.00s Sys=0.00s Real=0.00s
[84.200s][info][gc,start       ] GC(889) Pause Young (Allocation Failure)
[84.201s][info][gc,heap        ] GC(889) PSYoungGen: 155776K(163840K)->160K(164352K) Eden: 155648K(155648K)->0K(155648K) From: 128K(8192K)->160K(8704K)
[84.201s][info][gc,heap        ] GC(889) ParOldGen: 146778K(349696K)->146786K(349696K)
[84.201s][info][gc,metaspace   ] GC(889) Metaspace: 61350K(62336K)->61350K(62336K) NonClass: 53771K(54336K)->53771K(54336K) Class: 7579K(8000K)->7579K(8000K)
[84.201s][info][gc             ] GC(889) Pause Young (Allocation Failure) 295M->143M(502M) 1.405ms
[84.201s][info][gc,cpu         ] GC(889) User=0.00s Sys=0.00s Real=0.00s
[84.292s][info][gc,start       ] GC(890) Pause Young (Allocation Failure)
[84.293s][info][gc,heap        ] GC(890) PSYoungGen: 155808K(164352K)->128K(164864K) Eden: 155648K(155648K)->0K(157696K) From: 160K(8704K)->128K(7168K)
[84.293s][info][gc,heap        ] GC(890) ParOldGen: 146786K(349696K)->146802K(349696K)
[84.293s][info][gc,metaspace   ] GC(890) Metaspace: 61350K(62336K)->61350K(62336K) NonClass: 53771K(54336K)->53771K(54336K) Class: 7579K(8000K)->7579K(8000K)
[84.293s][info][gc             ] GC(890) Pause Young (Allocation Failure) 295M->143M(502M) 1.418ms
[84.294s][info][gc,cpu         ] GC(890) User=0.00s Sys=0.00s Real=0.00s
[84.334s][info][gc,start       ] GC(891) Pause Young (System.gc())
[84.336s][info][gc,heap        ] GC(891) PSYoungGen: 39963K(164864K)->384K(158208K) Eden: 39835K(157696K)->0K(157696K) From: 128K(7168K)->384K(512K)
[84.336s][info][gc,heap        ] GC(891) ParOldGen: 146802K(349696K)->146810K(349696K)
[84.336s][info][gc,metaspace   ] GC(891) Metaspace: 61365K(62336K)->61365K(62336K) NonClass: 53785K(54336K)->53785K(54336K) Class: 7579K(8000K)->7579K(8000K)
[84.336s][info][gc             ] GC(891) Pause Young (System.gc()) 182M->143M(496M) 1.837ms
[84.336s][info][gc,cpu         ] GC(891) User=0.00s Sys=0.00s Real=0.00s
[84.336s][info][gc,start       ] GC(892) Pause Full (System.gc())
[84.336s][info][gc,phases,start] GC(892) Marking Phase
[84.421s][info][gc,phases      ] GC(892) Marking Phase 85.142ms
[84.421s][info][gc,phases,start] GC(892) Summary Phase
[84.421s][info][gc,phases      ] GC(892) Summary Phase 0.014ms
[84.421s][info][gc,phases,start] GC(892) Adjust Roots
[84.431s][info][gc,phases      ] GC(892) Adjust Roots 9.530ms
[84.431s][info][gc,phases,start] GC(892) Compaction Phase
[84.456s][info][gc,phases      ] GC(892) Compaction Phase 25.655ms
[84.456s][info][gc,phases,start] GC(892) Post Compact
[84.457s][info][gc,phases      ] GC(892) Post Compact 1.023ms
[84.458s][info][gc,heap        ] GC(892) PSYoungGen: 384K(158208K)->0K(158208K) Eden: 0K(157696K)->0K(157696K) From: 384K(512K)->0K(512K)
[84.458s][info][gc,heap        ] GC(892) ParOldGen: 146810K(349696K)->102409K(349696K)
[84.458s][info][gc,metaspace   ] GC(892) Metaspace: 61365K(62336K)->61365K(62336K) NonClass: 53785K(54336K)->53785K(54336K) Class: 7579K(8000K)->7579K(8000K)
[84.458s][info][gc             ] GC(892) Pause Full (System.gc()) 143M->100M(496M) 121.692ms
[84.458s][info][gc,cpu         ] GC(892) User=0.91s Sys=0.00s Real=0.13s
[84.569s][info][gc,start       ] GC(893) Pause Young (Allocation Failure)
[84.577s][info][gc,heap        ] GC(893) PSYoungGen: 157696K(158208K)->4768K(163840K) Eden: 157696K(157696K)->0K(156672K) From: 0K(512K)->4768K(7168K)
[84.577s][info][gc,heap        ] GC(893) ParOldGen: 102409K(349696K)->102409K(349696K)
[84.578s][info][gc,metaspace   ] GC(893) Metaspace: 61378K(62336K)->61378K(62336K) NonClass: 53799K(54336K)->53799K(54336K) Class: 7579K(8000K)->7579K(8000K)
[84.578s][info][gc             ] GC(893) Pause Young (Allocation Failure) 254M->104M(501M) 8.099ms
[84.578s][info][gc,cpu         ] GC(893) User=0.00s Sys=0.00s Real=0.00s
[84.631s][info][gc,start       ] GC(894) Pause Young (Allocation Failure)
[84.650s][info][gc,heap        ] GC(894) PSYoungGen: 161440K(163840K)->7456K(164864K) Eden: 156672K(156672K)->0K(156672K) From: 4768K(7168K)->7456K(8192K)
[84.650s][info][gc,heap        ] GC(894) ParOldGen: 102409K(349696K)->106769K(349696K)
[84.650s][info][gc,metaspace   ] GC(894) Metaspace: 61379K(62336K)->61379K(62336K) NonClass: 53800K(54336K)->53800K(54336K) Class: 7579K(8000K)->7579K(8000K)
[84.650s][info][gc             ] GC(894) Pause Young (Allocation Failure) 257M->111M(502M) 19.056ms
[84.650s][info][gc,cpu         ] GC(894) User=0.03s Sys=0.00s Real=0.02s
[84.703s][info][gc,start       ] GC(895) Pause Young (Allocation Failure)
[84.717s][info][gc,heap        ] GC(895) PSYoungGen: 164128K(164864K)->7168K(162816K) Eden: 156672K(156672K)->0K(153088K) From: 7456K(8192K)->7168K(9728K)
[84.717s][info][gc,heap        ] GC(895) ParOldGen: 106769K(349696K)->113609K(349696K)
[84.717s][info][gc,metaspace   ] GC(895) Metaspace: 61379K(62336K)->61379K(62336K) NonClass: 53800K(54336K)->53800K(54336K) Class: 7579K(8000K)->7579K(8000K)
[84.717s][info][gc             ] GC(895) Pause Young (Allocation Failure) 264M->117M(500M) 14.588ms
[84.717s][info][gc,cpu         ] GC(895) User=0.06s Sys=0.00s Real=0.02s
[84.769s][info][gc,start       ] GC(896) Pause Young (Allocation Failure)
[84.781s][info][gc,heap        ] GC(896) PSYoungGen: 160256K(162816K)->5504K(158720K) Eden: 153088K(153088K)->0K(153088K) From: 7168K(9728K)->5504K(5632K)
[84.782s][info][gc,heap        ] GC(896) ParOldGen: 113609K(349696K)->120690K(349696K)
[84.782s][info][gc,metaspace   ] GC(896) Metaspace: 61379K(62336K)->61379K(62336K) NonClass: 53800K(54336K)->53800K(54336K) Class: 7579K(8000K)->7579K(8000K)
[84.782s][info][gc             ] GC(896) Pause Young (Allocation Failure) 267M->123M(496M) 12.432ms
[84.782s][info][gc,cpu         ] GC(896) User=0.00s Sys=0.00s Real=0.00s
[84.830s][info][gc,start       ] GC(897) Pause Young (Allocation Failure)
[84.844s][info][gc,heap        ] GC(897) PSYoungGen: 158592K(158720K)->7520K(162304K) Eden: 153088K(153088K)->0K(151040K) From: 5504K(5632K)->7520K(11264K)
[84.844s][info][gc,heap        ] GC(897) ParOldGen: 120690K(349696K)->126066K(349696K)
[84.844s][info][gc,metaspace   ] GC(897) Metaspace: 61379K(62336K)->61379K(62336K) NonClass: 53800K(54336K)->53800K(54336K) Class: 7579K(8000K)->7579K(8000K)
[84.844s][info][gc             ] GC(897) Pause Young (Allocation Failure) 272M->130M(500M) 13.382ms
[84.844s][info][gc,cpu         ] GC(897) User=0.17s Sys=0.00s Real=0.02s
[84.887s][info][gc,start       ] GC(898) Pause Young (Allocation Failure)
[84.900s][info][gc,heap        ] GC(898) PSYoungGen: 158560K(162304K)->6336K(157696K) Eden: 151040K(151040K)->0K(151040K) From: 7520K(11264K)->6336K(6656K)
[84.900s][info][gc,heap        ] GC(898) ParOldGen: 126066K(349696K)->133506K(349696K)
[84.900s][info][gc,metaspace   ] GC(898) Metaspace: 61379K(62336K)->61379K(62336K) NonClass: 53800K(54336K)->53800K(54336K) Class: 7579K(8000K)->7579K(8000K)
[84.900s][info][gc             ] GC(898) Pause Young (Allocation Failure) 277M->136M(495M) 12.930ms
[84.900s][info][gc,cpu         ] GC(898) User=0.19s Sys=0.00s Real=0.02s
[84.958s][info][gc,start       ] GC(899) Pause Young (Allocation Failure)
[84.990s][info][gc,heap        ] GC(899) PSYoungGen: 157376K(157696K)->4480K(162816K) Eden: 151040K(151040K)->0K(150528K) From: 6336K(6656K)->4480K(12288K)
[84.990s][info][gc,heap        ] GC(899) ParOldGen: 133506K(349696K)->139722K(349696K)
[84.990s][info][gc,metaspace   ] GC(899) Metaspace: 61379K(62336K)->61379K(62336K) NonClass: 53800K(54336K)->53800K(54336K) Class: 7579K(8000K)->7579K(8000K)
[84.990s][info][gc             ] GC(899) Pause Young (Allocation Failure) 284M->140M(500M) 31.578ms
[84.990s][info][gc,cpu         ] GC(899) User=0.34s Sys=0.00s Real=0.03s
[85.038s][info][gc,start       ] GC(900) Pause Young (Allocation Failure)
[85.064s][info][gc,heap        ] GC(900) PSYoungGen: 155008K(162816K)->2688K(153600K) Eden: 150528K(150528K)->0K(150528K) From: 4480K(12288K)->2688K(3072K)
[85.064s][info][gc,heap        ] GC(900) ParOldGen: 139722K(349696K)->144090K(349696K)
[85.064s][info][gc,metaspace   ] GC(900) Metaspace: 61379K(62336K)->61379K(62336K) NonClass: 53800K(54336K)->53800K(54336K) Class: 7579K(8000K)->7579K(8000K)
[85.064s][info][gc             ] GC(900) Pause Young (Allocation Failure) 287M->143M(491M) 26.730ms
[85.064s][info][gc,cpu         ] GC(900) User=0.19s Sys=0.00s Real=0.02s
[85.117s][info][gc,start       ] GC(901) Pause Young (Allocation Failure)
[85.129s][info][gc,heap        ] GC(901) PSYoungGen: 153216K(153600K)->256K(162304K) Eden: 150528K(150528K)->0K(151040K) From: 2688K(3072K)->256K(11264K)
[85.129s][info][gc,heap        ] GC(901) ParOldGen: 144090K(349696K)->146626K(349696K)
[85.129s][info][gc,metaspace   ] GC(901) Metaspace: 61379K(62336K)->61379K(62336K) NonClass: 53800K(54336K)->53800K(54336K) Class: 7579K(8000K)->7579K(8000K)
[85.129s][info][gc             ] GC(901) Pause Young (Allocation Failure) 290M->143M(500M) 12.038ms
[85.129s][info][gc,cpu         ] GC(901) User=0.02s Sys=0.00s Real=0.02s
[85.178s][info][gc,start       ] GC(902) Pause Young (Allocation Failure)
[85.179s][info][gc,heap        ] GC(902) PSYoungGen: 151296K(162304K)->192K(161792K) Eden: 151040K(151040K)->0K(151040K) From: 256K(11264K)->192K(10752K)
[85.179s][info][gc,heap        ] GC(902) ParOldGen: 146626K(349696K)->146642K(349696K)
[85.179s][info][gc,metaspace   ] GC(902) Metaspace: 61379K(62336K)->61379K(62336K) NonClass: 53800K(54336K)->53800K(54336K) Class: 7579K(8000K)->7579K(8000K)
[85.179s][info][gc             ] GC(902) Pause Young (Allocation Failure) 290M->143M(499M) 1.530ms
[85.179s][info][gc,cpu         ] GC(902) User=0.00s Sys=0.00s Real=0.00s
[85.226s][info][gc,start       ] GC(903) Pause Young (Allocation Failure)
[85.228s][info][gc,heap        ] GC(903) PSYoungGen: 151232K(161792K)->192K(163328K) Eden: 151040K(151040K)->0K(153088K) From: 192K(10752K)->192K(10240K)
[85.228s][info][gc,heap        ] GC(903) ParOldGen: 146642K(349696K)->146658K(349696K)
[85.228s][info][gc,metaspace   ] GC(903) Metaspace: 61379K(62336K)->61379K(62336K) NonClass: 53800K(54336K)->53800K(54336K) Class: 7579K(8000K)->7579K(8000K)
[85.228s][info][gc             ] GC(903) Pause Young (Allocation Failure) 290M->143M(501M) 1.446ms
[85.228s][info][gc,cpu         ] GC(903) User=0.00s Sys=0.00s Real=0.00s
[85.276s][info][gc,start       ] GC(904) Pause Young (Allocation Failure)
[85.277s][info][gc,heap        ] GC(904) PSYoungGen: 153280K(163328K)->224K(163328K) Eden: 153088K(153088K)->0K(153088K) From: 192K(10240K)->224K(10240K)
[85.277s][info][gc,heap        ] GC(904) ParOldGen: 146658K(349696K)->146666K(349696K)
[85.277s][info][gc,metaspace   ] GC(904) Metaspace: 61379K(62336K)->61379K(62336K) NonClass: 53800K(54336K)->53800K(54336K) Class: 7579K(8000K)->7579K(8000K)
[85.277s][info][gc             ] GC(904) Pause Young (Allocation Failure) 292M->143M(501M) 1.444ms
[85.278s][info][gc,cpu         ] GC(904) User=0.00s Sys=0.00s Real=0.00s
[85.327s][info][gc,start       ] GC(905) Pause Young (Allocation Failure)
[85.329s][info][gc,heap        ] GC(905) PSYoungGen: 153312K(163328K)->352K(163328K) Eden: 153088K(153088K)->0K(154112K) From: 224K(10240K)->352K(9216K)
[85.329s][info][gc,heap        ] GC(905) ParOldGen: 146666K(349696K)->146682K(349696K)
[85.329s][info][gc,metaspace   ] GC(905) Metaspace: 61380K(62336K)->61380K(62336K) NonClass: 53801K(54336K)->53801K(54336K) Class: 7579K(8000K)->7579K(8000K)
[85.329s][info][gc             ] GC(905) Pause Young (Allocation Failure) 292M->143M(501M) 1.642ms
[85.329s][info][gc,cpu         ] GC(905) User=0.00s Sys=0.00s Real=0.00s
[85.424s][info][gc,start       ] GC(906) Pause Young (Allocation Failure)
[85.426s][info][gc,heap        ] GC(906) PSYoungGen: 154464K(163328K)->320K(163840K) Eden: 154112K(154112K)->0K(154112K) From: 352K(9216K)->320K(9728K)
[85.426s][info][gc,heap        ] GC(906) ParOldGen: 146682K(349696K)->146770K(349696K)
[85.426s][info][gc,metaspace   ] GC(906) Metaspace: 61380K(62336K)->61380K(62336K) NonClass: 53801K(54336K)->53801K(54336K) Class: 7579K(8000K)->7579K(8000K)
[85.426s][info][gc             ] GC(906) Pause Young (Allocation Failure) 294M->143M(501M) 1.486ms
[85.426s][info][gc,cpu         ] GC(906) User=0.00s Sys=0.00s Real=0.00s
[85.516s][info][gc,start       ] GC(907) Pause Young (Allocation Failure)
[85.518s][info][gc,heap        ] GC(907) PSYoungGen: 154432K(163840K)->96K(164864K) Eden: 154112K(154112K)->0K(155648K) From: 320K(9728K)->96K(9216K)
[85.518s][info][gc,heap        ] GC(907) ParOldGen: 146770K(349696K)->146858K(349696K)
[85.518s][info][gc,metaspace   ] GC(907) Metaspace: 61380K(62336K)->61380K(62336K) NonClass: 53801K(54336K)->53801K(54336K) Class: 7579K(8000K)->7579K(8000K)
[85.518s][info][gc             ] GC(907) Pause Young (Allocation Failure) 294M->143M(502M) 1.461ms
[85.518s][info][gc,cpu         ] GC(907) User=0.00s Sys=0.00s Real=0.00s
[85.609s][info][gc,start       ] GC(908) Pause Young (Allocation Failure)
[85.610s][info][gc,heap        ] GC(908) PSYoungGen: 155744K(164864K)->160K(164864K) Eden: 155648K(155648K)->0K(155648K) From: 96K(9216K)->160K(9216K)
[85.610s][info][gc,heap        ] GC(908) ParOldGen: 146858K(349696K)->146866K(349696K)
[85.610s][info][gc,metaspace   ] GC(908) Metaspace: 61380K(62336K)->61380K(62336K) NonClass: 53801K(54336K)->53801K(54336K) Class: 7579K(8000K)->7579K(8000K)
[85.610s][info][gc             ] GC(908) Pause Young (Allocation Failure) 295M->143M(502M) 1.498ms
[85.610s][info][gc,cpu         ] GC(908) User=0.00s Sys=0.00s Real=0.00s
[85.701s][info][gc,start       ] GC(909) Pause Young (Allocation Failure)
[85.703s][info][gc,heap        ] GC(909) PSYoungGen: 155808K(164864K)->352K(164864K) Eden: 155648K(155648K)->0K(156672K) From: 160K(9216K)->352K(8192K)
[85.703s][info][gc,heap        ] GC(909) ParOldGen: 146866K(349696K)->146874K(349696K)
[85.703s][info][gc,metaspace   ] GC(909) Metaspace: 61380K(62336K)->61380K(62336K) NonClass: 53801K(54336K)->53801K(54336K) Class: 7579K(8000K)->7579K(8000K)
[85.703s][info][gc             ] GC(909) Pause Young (Allocation Failure) 295M->143M(502M) 1.582ms
[85.703s][info][gc,cpu         ] GC(909) User=0.02s Sys=0.00s Real=0.02s
[85.795s][info][gc,start       ] GC(910) Pause Young (Allocation Failure)
[85.958s][info][gc,heap        ] GC(910) PSYoungGen: 157024K(164864K)->96K(164864K) Eden: 156672K(156672K)->0K(156672K) From: 352K(8192K)->96K(8192K)
[85.990s][info][gc,heap        ] GC(910) ParOldGen: 146874K(349696K)->146962K(349696K)
[85.990s][info][gc,metaspace   ] GC(910) Metaspace: 61380K(62336K)->61380K(62336K) NonClass: 53801K(54336K)->53801K(54336K) Class: 7579K(8000K)->7579K(8000K)
[85.990s][info][gc             ] GC(910) Pause Young (Allocation Failure) 296M->143M(502M) 195.465ms
[85.990s][info][gc,cpu         ] GC(910) User=0.00s Sys=0.00s Real=0.20s
[86.100s][info][gc,start       ] GC(911) Pause Young (Allocation Failure)
[86.101s][info][gc,heap        ] GC(911) PSYoungGen: 156768K(164864K)->160K(165888K) Eden: 156672K(156672K)->0K(158720K) From: 96K(8192K)->160K(7168K)
[86.101s][info][gc,heap        ] GC(911) ParOldGen: 146962K(349696K)->146970K(349696K)
[86.101s][info][gc,metaspace   ] GC(911) Metaspace: 61380K(62336K)->61380K(62336K) NonClass: 53801K(54336K)->53801K(54336K) Class: 7579K(8000K)->7579K(8000K)
[86.101s][info][gc             ] GC(911) Pause Young (Allocation Failure) 296M->143M(503M) 1.488ms
[86.102s][info][gc,cpu         ] GC(911) User=0.00s Sys=0.00s Real=0.00s
[86.133s][info][gc,start       ] GC(912) Pause Young (System.gc())
[86.135s][info][gc,heap        ] GC(912) PSYoungGen: 24877K(165888K)->384K(165888K) Eden: 24717K(158720K)->0K(158720K) From: 160K(7168K)->384K(7168K)
[86.135s][info][gc,heap        ] GC(912) ParOldGen: 146970K(349696K)->146986K(349696K)
[86.135s][info][gc,metaspace   ] GC(912) Metaspace: 61390K(62336K)->61390K(62336K) NonClass: 53810K(54336K)->53810K(54336K) Class: 7579K(8000K)->7579K(8000K)
[86.135s][info][gc             ] GC(912) Pause Young (System.gc()) 167M->143M(503M) 1.648ms
[86.135s][info][gc,cpu         ] GC(912) User=0.00s Sys=0.00s Real=0.00s
[86.135s][info][gc,start       ] GC(913) Pause Full (System.gc())
[86.135s][info][gc,phases,start] GC(913) Marking Phase
[86.218s][info][gc,phases      ] GC(913) Marking Phase 82.772ms
[86.218s][info][gc,phases,start] GC(913) Summary Phase
[86.218s][info][gc,phases      ] GC(913) Summary Phase 0.015ms
[86.218s][info][gc,phases,start] GC(913) Adjust Roots
[86.227s][info][gc,phases      ] GC(913) Adjust Roots 9.400ms
[86.227s][info][gc,phases,start] GC(913) Compaction Phase
[86.246s][info][gc,phases      ] GC(913) Compaction Phase 18.162ms
[86.246s][info][gc,phases,start] GC(913) Post Compact
[86.246s][info][gc,phases      ] GC(913) Post Compact 0.851ms
[86.247s][info][gc,heap        ] GC(913) PSYoungGen: 384K(165888K)->0K(165888K) Eden: 0K(158720K)->0K(158720K) From: 384K(7168K)->0K(7168K)
[86.247s][info][gc,heap        ] GC(913) ParOldGen: 146986K(349696K)->102420K(349696K)
[86.247s][info][gc,metaspace   ] GC(913) Metaspace: 61390K(62336K)->61390K(62336K) NonClass: 53810K(54336K)->53810K(54336K) Class: 7579K(8000K)->7579K(8000K)
[86.247s][info][gc             ] GC(913) Pause Full (System.gc()) 143M->100M(503M) 111.481ms
[86.247s][info][gc,cpu         ] GC(913) User=0.83s Sys=0.00s Real=0.11s
[86.358s][info][gc,start       ] GC(914) Pause Young (Allocation Failure)
[86.361s][info][gc,heap        ] GC(914) PSYoungGen: 158720K(165888K)->3392K(165888K) Eden: 158720K(158720K)->0K(158720K) From: 0K(7168K)->3392K(7168K)
[86.361s][info][gc,heap        ] GC(914) ParOldGen: 102420K(349696K)->102428K(349696K)
[86.361s][info][gc,metaspace   ] GC(914) Metaspace: 61497K(62464K)->61497K(62464K) NonClass: 53911K(54464K)->53911K(54464K) Class: 7585K(8000K)->7585K(8000K)
[86.361s][info][gc             ] GC(914) Pause Young (Allocation Failure) 255M->103M(503M) 2.893ms
[86.361s][info][gc,cpu         ] GC(914) User=0.00s Sys=0.00s Real=0.00s
[86.418s][info][gc,start       ] GC(915) Pause Young (Allocation Failure)
[86.426s][info][gc,heap        ] GC(915) PSYoungGen: 162112K(165888K)->7136K(165888K) Eden: 158720K(158720K)->0K(158720K) From: 3392K(7168K)->7136K(7168K)
[86.426s][info][gc,heap        ] GC(915) ParOldGen: 102428K(349696K)->105719K(349696K)
[86.426s][info][gc,metaspace   ] GC(915) Metaspace: 61501K(62464K)->61501K(62464K) NonClass: 53916K(54464K)->53916K(54464K) Class: 7585K(8000K)->7585K(8000K)
[86.426s][info][gc             ] GC(915) Pause Young (Allocation Failure) 258M->110M(503M) 8.419ms
[86.426s][info][gc,cpu         ] GC(915) User=0.00s Sys=0.00s Real=0.00s
[86.478s][info][gc,start       ] GC(916) Pause Young (Allocation Failure)
[86.491s][info][gc,heap        ] GC(916) PSYoungGen: 165856K(165888K)->7872K(160768K) Eden: 158720K(158720K)->0K(152064K) From: 7136K(7168K)->7872K(8704K)
[86.491s][info][gc,heap        ] GC(916) ParOldGen: 105719K(349696K)->112431K(349696K)
[86.491s][info][gc,metaspace   ] GC(916) Metaspace: 61501K(62464K)->61501K(62464K) NonClass: 53916K(54464K)->53916K(54464K) Class: 7585K(8000K)->7585K(8000K)
[86.491s][info][gc             ] GC(916) Pause Young (Allocation Failure) 265M->117M(498M) 13.509ms
[86.491s][info][gc,cpu         ] GC(916) User=0.16s Sys=0.00s Real=0.02s
[86.538s][info][gc,start       ] GC(917) Pause Young (Allocation Failure)
[86.558s][info][gc,heap        ] GC(917) PSYoungGen: 159936K(160768K)->7008K(159232K) Eden: 152064K(152064K)->0K(152064K) From: 7872K(8704K)->7008K(7168K)
[86.558s][info][gc,heap        ] GC(917) ParOldGen: 112431K(349696K)->120191K(349696K)
[86.559s][info][gc,metaspace   ] GC(917) Metaspace: 61501K(62464K)->61501K(62464K) NonClass: 53916K(54464K)->53916K(54464K) Class: 7585K(8000K)->7585K(8000K)
[86.559s][info][gc             ] GC(917) Pause Young (Allocation Failure) 265M->124M(497M) 20.217ms
[86.559s][info][gc,cpu         ] GC(917) User=0.03s Sys=0.00s Real=0.02s
[86.609s][info][gc,start       ] GC(918) Pause Young (Allocation Failure)
[86.624s][info][gc,heap        ] GC(918) PSYoungGen: 159072K(159232K)->8864K(159744K) Eden: 152064K(152064K)->0K(147968K) From: 7008K(7168K)->8864K(11776K)
[86.624s][info][gc,heap        ] GC(918) ParOldGen: 120191K(349696K)->127015K(349696K)
[86.624s][info][gc,metaspace   ] GC(918) Metaspace: 61501K(62464K)->61501K(62464K) NonClass: 53916K(54464K)->53916K(54464K) Class: 7585K(8000K)->7585K(8000K)
[86.624s][info][gc             ] GC(918) Pause Young (Allocation Failure) 272M->132M(497M) 15.202ms
[86.624s][info][gc,cpu         ] GC(918) User=0.17s Sys=0.00s Real=0.02s
[86.670s][info][gc,start       ] GC(919) Pause Young (Allocation Failure)
[86.686s][info][gc,heap        ] GC(919) PSYoungGen: 156832K(159744K)->6464K(161280K) Eden: 147968K(147968K)->0K(147968K) From: 8864K(11776K)->6464K(13312K)
[86.686s][info][gc,heap        ] GC(919) ParOldGen: 127015K(349696K)->135815K(349696K)
[86.686s][info][gc,metaspace   ] GC(919) Metaspace: 61501K(62464K)->61501K(62464K) NonClass: 53916K(54464K)->53916K(54464K) Class: 7585K(8000K)->7585K(8000K)
[86.686s][info][gc             ] GC(919) Pause Young (Allocation Failure) 277M->138M(499M) 16.452ms
[86.686s][info][gc,cpu         ] GC(919) User=0.17s Sys=0.00s Real=0.02s
[86.731s][info][gc,start       ] GC(920) Pause Young (Allocation Failure)
[86.769s][info][gc,heap        ] GC(920) PSYoungGen: 154432K(161280K)->4576K(160256K) Eden: 147968K(147968K)->0K(147968K) From: 6464K(13312K)->4576K(12288K)
[86.769s][info][gc,heap        ] GC(920) ParOldGen: 135815K(349696K)->142183K(349696K)
[86.769s][info][gc,metaspace   ] GC(920) Metaspace: 61507K(62464K)->61507K(62464K) NonClass: 53921K(54464K)->53921K(54464K) Class: 7585K(8000K)->7585K(8000K)
[86.769s][info][gc             ] GC(920) Pause Young (Allocation Failure) 283M->143M(498M) 37.660ms
[86.769s][info][gc,cpu         ] GC(920) User=0.34s Sys=0.00s Real=0.03s
[86.816s][info][gc,start       ] GC(921) Pause Young (Allocation Failure)
[86.835s][info][gc,heap        ] GC(921) PSYoungGen: 152544K(160256K)->192K(160768K) Eden: 147968K(147968K)->0K(147968K) From: 4576K(12288K)->192K(12800K)
[86.836s][info][gc,heap        ] GC(921) ParOldGen: 142183K(349696K)->146631K(349696K)
[86.836s][info][gc,metaspace   ] GC(921) Metaspace: 61507K(62464K)->61507K(62464K) NonClass: 53921K(54464K)->53921K(54464K) Class: 7585K(8000K)->7585K(8000K)
[86.836s][info][gc             ] GC(921) Pause Young (Allocation Failure) 287M->143M(498M) 19.359ms
[86.836s][info][gc,cpu         ] GC(921) User=0.34s Sys=0.00s Real=0.03s
[86.882s][info][gc,start       ] GC(922) Pause Young (Allocation Failure)
[86.884s][info][gc,heap        ] GC(922) PSYoungGen: 148160K(160768K)->192K(161792K) Eden: 147968K(147968K)->0K(149504K) From: 192K(12800K)->192K(12288K)
[86.884s][info][gc,heap        ] GC(922) ParOldGen: 146631K(349696K)->146639K(349696K)
[86.884s][info][gc,metaspace   ] GC(922) Metaspace: 61507K(62464K)->61507K(62464K) NonClass: 53921K(54464K)->53921K(54464K) Class: 7585K(8000K)->7585K(8000K)
[86.884s][info][gc             ] GC(922) Pause Young (Allocation Failure) 287M->143M(499M) 1.462ms
[86.884s][info][gc,cpu         ] GC(922) User=0.00s Sys=0.00s Real=0.00s
[86.931s][info][gc,start       ] GC(923) Pause Young (Allocation Failure)
[86.932s][info][gc,heap        ] GC(923) PSYoungGen: 149696K(161792K)->256K(161792K) Eden: 149504K(149504K)->0K(149504K) From: 192K(12288K)->256K(12288K)
[86.932s][info][gc,heap        ] GC(923) ParOldGen: 146639K(349696K)->146647K(349696K)
[86.932s][info][gc,metaspace   ] GC(923) Metaspace: 61507K(62464K)->61507K(62464K) NonClass: 53921K(54464K)->53921K(54464K) Class: 7585K(8000K)->7585K(8000K)
[86.932s][info][gc             ] GC(923) Pause Young (Allocation Failure) 289M->143M(499M) 0.756ms
[86.932s][info][gc,cpu         ] GC(923) User=0.00s Sys=0.00s Real=0.00s
[86.985s][info][gc,start       ] GC(924) Pause Young (Allocation Failure)
[86.987s][info][gc,heap        ] GC(924) PSYoungGen: 149760K(161792K)->256K(161792K) Eden: 149504K(149504K)->0K(150528K) From: 256K(12288K)->256K(11264K)
[86.987s][info][gc,heap        ] GC(924) ParOldGen: 146647K(349696K)->146663K(349696K)
[86.987s][info][gc,metaspace   ] GC(924) Metaspace: 61507K(62464K)->61507K(62464K) NonClass: 53921K(54464K)->53921K(54464K) Class: 7585K(8000K)->7585K(8000K)
[86.987s][info][gc             ] GC(924) Pause Young (Allocation Failure) 289M->143M(499M) 1.521ms
[86.987s][info][gc,cpu         ] GC(924) User=0.00s Sys=0.00s Real=0.00s
[87.043s][info][gc,start       ] GC(925) Pause Young (Allocation Failure)
[87.045s][info][gc,heap        ] GC(925) PSYoungGen: 150784K(161792K)->224K(161792K) Eden: 150528K(150528K)->0K(150528K) From: 256K(11264K)->224K(11264K)
[87.045s][info][gc,heap        ] GC(925) ParOldGen: 146663K(349696K)->146671K(349696K)
[87.045s][info][gc,metaspace   ] GC(925) Metaspace: 61507K(62464K)->61507K(62464K) NonClass: 53921K(54464K)->53921K(54464K) Class: 7585K(8000K)->7585K(8000K)
[87.045s][info][gc             ] GC(925) Pause Young (Allocation Failure) 290M->143M(499M) 1.414ms
[87.045s][info][gc,cpu         ] GC(925) User=0.00s Sys=0.00s Real=0.00s
[87.092s][info][gc,start       ] GC(926) Pause Young (Allocation Failure)
[87.093s][info][gc,heap        ] GC(926) PSYoungGen: 150752K(161792K)->288K(162304K) Eden: 150528K(150528K)->0K(152064K) From: 224K(11264K)->288K(10240K)
[87.093s][info][gc,heap        ] GC(926) ParOldGen: 146671K(349696K)->146687K(349696K)
[87.093s][info][gc,metaspace   ] GC(926) Metaspace: 61507K(62464K)->61507K(62464K) NonClass: 53921K(54464K)->53921K(54464K) Class: 7585K(8000K)->7585K(8000K)
[87.093s][info][gc             ] GC(926) Pause Young (Allocation Failure) 290M->143M(500M) 1.327ms
[87.093s][info][gc,cpu         ] GC(926) User=0.00s Sys=0.00s Real=0.00s
[87.178s][info][gc,start       ] GC(927) Pause Young (Allocation Failure)
[87.179s][info][gc,heap        ] GC(927) PSYoungGen: 152352K(162304K)->352K(162816K) Eden: 152064K(152064K)->0K(152064K) From: 288K(10240K)->352K(10752K)
[87.179s][info][gc,heap        ] GC(927) ParOldGen: 146687K(349696K)->146695K(349696K)
[87.179s][info][gc,metaspace   ] GC(927) Metaspace: 61507K(62464K)->61507K(62464K) NonClass: 53922K(54464K)->53922K(54464K) Class: 7585K(8000K)->7585K(8000K)
[87.179s][info][gc             ] GC(927) Pause Young (Allocation Failure) 292M->143M(500M) 0.992ms
[87.179s][info][gc,cpu         ] GC(927) User=0.19s Sys=0.00s Real=0.00s
[87.285s][info][gc,start       ] GC(928) Pause Young (Allocation Failure)
[87.286s][info][gc,heap        ] GC(928) PSYoungGen: 152416K(162816K)->160K(162816K) Eden: 152064K(152064K)->0K(153600K) From: 352K(10752K)->160K(9216K)
[87.286s][info][gc,heap        ] GC(928) ParOldGen: 146695K(349696K)->146783K(349696K)
[87.286s][info][gc,metaspace   ] GC(928) Metaspace: 61507K(62464K)->61507K(62464K) NonClass: 53922K(54464K)->53922K(54464K) Class: 7585K(8000K)->7585K(8000K)
[87.286s][info][gc             ] GC(928) Pause Young (Allocation Failure) 292M->143M(500M) 1.408ms
[87.287s][info][gc,cpu         ] GC(928) User=0.00s Sys=0.00s Real=0.00s
[87.383s][info][gc,start       ] GC(929) Pause Young (Allocation Failure)
[87.384s][info][gc,heap        ] GC(929) PSYoungGen: 153760K(162816K)->160K(163328K) Eden: 153600K(153600K)->0K(153600K) From: 160K(9216K)->160K(9728K)
[87.384s][info][gc,heap        ] GC(929) ParOldGen: 146783K(349696K)->146791K(349696K)
[87.384s][info][gc,metaspace   ] GC(929) Metaspace: 61507K(62464K)->61507K(62464K) NonClass: 53922K(54464K)->53922K(54464K) Class: 7585K(8000K)->7585K(8000K)
[87.384s][info][gc             ] GC(929) Pause Young (Allocation Failure) 293M->143M(501M) 0.868ms
[87.384s][info][gc,cpu         ] GC(929) User=0.02s Sys=0.27s Real=0.02s
[87.475s][info][gc,start       ] GC(930) Pause Young (Allocation Failure)
[87.476s][info][gc,heap        ] GC(930) PSYoungGen: 153760K(163328K)->192K(163840K) Eden: 153600K(153600K)->0K(155648K) From: 160K(9728K)->192K(8192K)
[87.476s][info][gc,heap        ] GC(930) ParOldGen: 146791K(349696K)->146799K(349696K)
[87.476s][info][gc,metaspace   ] GC(930) Metaspace: 61507K(62464K)->61507K(62464K) NonClass: 53922K(54464K)->53922K(54464K) Class: 7585K(8000K)->7585K(8000K)
[87.476s][info][gc             ] GC(930) Pause Young (Allocation Failure) 293M->143M(501M) 1.433ms
[87.476s][info][gc,cpu         ] GC(930) User=0.00s Sys=0.00s Real=0.00s
[87.569s][info][gc,start       ] GC(931) Pause Young (Allocation Failure)
[87.569s][info][gc,heap        ] GC(931) PSYoungGen: 155840K(163840K)->192K(164352K) Eden: 155648K(155648K)->0K(155648K) From: 192K(8192K)->192K(8704K)
[87.569s][info][gc,heap        ] GC(931) ParOldGen: 146799K(349696K)->146815K(349696K)
[87.569s][info][gc,metaspace   ] GC(931) Metaspace: 61507K(62464K)->61507K(62464K) NonClass: 53922K(54464K)->53922K(54464K) Class: 7585K(8000K)->7585K(8000K)
[87.569s][info][gc             ] GC(931) Pause Young (Allocation Failure) 295M->143M(502M) 0.758ms
[87.569s][info][gc,cpu         ] GC(931) User=0.00s Sys=0.00s Real=0.00s
[87.678s][info][gc,start       ] GC(932) Pause Young (Allocation Failure)
[87.679s][info][gc,heap        ] GC(932) PSYoungGen: 155840K(164352K)->128K(164864K) Eden: 155648K(155648K)->0K(157696K) From: 192K(8704K)->128K(7168K)
[87.679s][info][gc,heap        ] GC(932) ParOldGen: 146815K(349696K)->146823K(349696K)
[87.679s][info][gc,metaspace   ] GC(932) Metaspace: 61507K(62464K)->61507K(62464K) NonClass: 53922K(54464K)->53922K(54464K) Class: 7585K(8000K)->7585K(8000K)
[87.679s][info][gc             ] GC(932) Pause Young (Allocation Failure) 295M->143M(502M) 1.472ms
[87.679s][info][gc,cpu         ] GC(932) User=0.00s Sys=0.00s Real=0.00s
[87.749s][info][gc,start       ] GC(933) Pause Young (System.gc())
[87.750s][info][gc,heap        ] GC(933) PSYoungGen: 52885K(164864K)->384K(165376K) Eden: 52757K(157696K)->0K(157696K) From: 128K(7168K)->384K(7680K)
[87.751s][info][gc,heap        ] GC(933) ParOldGen: 146823K(349696K)->146839K(349696K)
[87.751s][info][gc,metaspace   ] GC(933) Metaspace: 61537K(62464K)->61537K(62464K) NonClass: 53952K(54464K)->53952K(54464K) Class: 7585K(8000K)->7585K(8000K)
[87.751s][info][gc             ] GC(933) Pause Young (System.gc()) 195M->143M(503M) 1.615ms
[87.751s][info][gc,cpu         ] GC(933) User=0.00s Sys=0.00s Real=0.00s
[87.751s][info][gc,start       ] GC(934) Pause Full (System.gc())
[87.751s][info][gc,phases,start] GC(934) Marking Phase
[87.837s][info][gc,phases      ] GC(934) Marking Phase 86.115ms
[87.837s][info][gc,phases,start] GC(934) Summary Phase
[87.837s][info][gc,phases      ] GC(934) Summary Phase 0.014ms
[87.837s][info][gc,phases,start] GC(934) Adjust Roots
[87.847s][info][gc,phases      ] GC(934) Adjust Roots 9.537ms
[87.847s][info][gc,phases,start] GC(934) Compaction Phase
[87.868s][info][gc,phases      ] GC(934) Compaction Phase 21.486ms
[87.868s][info][gc,phases,start] GC(934) Post Compact
[87.869s][info][gc,phases      ] GC(934) Post Compact 1.030ms
[87.869s][info][gc,heap        ] GC(934) PSYoungGen: 384K(165376K)->0K(165376K) Eden: 0K(157696K)->0K(157696K) From: 384K(7680K)->0K(7680K)
[87.869s][info][gc,heap        ] GC(934) ParOldGen: 146839K(349696K)->102443K(349696K)
[87.869s][info][gc,metaspace   ] GC(934) Metaspace: 61537K(62464K)->61537K(62464K) NonClass: 53952K(54464K)->53952K(54464K) Class: 7585K(8000K)->7585K(8000K)
[87.869s][info][gc             ] GC(934) Pause Full (System.gc()) 143M->100M(503M) 118.529ms
[87.869s][info][gc,cpu         ] GC(934) User=0.97s Sys=0.00s Real=0.11s
[87.982s][info][gc,start       ] GC(935) Pause Young (Allocation Failure)
[87.985s][info][gc,heap        ] GC(935) PSYoungGen: 157696K(165376K)->3968K(165376K) Eden: 157696K(157696K)->0K(157696K) From: 0K(7680K)->3968K(7680K)
[87.985s][info][gc,heap        ] GC(935) ParOldGen: 102443K(349696K)->102443K(349696K)
[87.985s][info][gc,metaspace   ] GC(935) Metaspace: 61545K(62464K)->61545K(62464K) NonClass: 53959K(54464K)->53959K(54464K) Class: 7585K(8000K)->7585K(8000K)
[87.985s][info][gc             ] GC(935) Pause Young (Allocation Failure) 254M->103M(503M) 3.200ms
[87.985s][info][gc,cpu         ] GC(935) User=0.00s Sys=0.00s Real=0.00s
[88.039s][info][gc,start       ] GC(936) Pause Young (Allocation Failure)
[88.051s][info][gc,heap        ] GC(936) PSYoungGen: 161664K(165376K)->7424K(165376K) Eden: 157696K(157696K)->0K(157696K) From: 3968K(7680K)->7424K(7680K)
[88.051s][info][gc,heap        ] GC(936) ParOldGen: 102443K(349696K)->106023K(349696K)
[88.051s][info][gc,metaspace   ] GC(936) Metaspace: 61545K(62464K)->61545K(62464K) NonClass: 53959K(54464K)->53959K(54464K) Class: 7585K(8000K)->7585K(8000K)
[88.051s][info][gc             ] GC(936) Pause Young (Allocation Failure) 257M->110M(503M) 11.579ms
[88.051s][info][gc,cpu         ] GC(936) User=0.03s Sys=0.00s Real=0.02s
[88.106s][info][gc,start       ] GC(937) Pause Young (Allocation Failure)
[88.129s][info][gc,heap        ] GC(937) PSYoungGen: 165120K(165376K)->7584K(162304K) Eden: 157696K(157696K)->0K(153088K) From: 7424K(7680K)->7584K(9216K)
[88.129s][info][gc,heap        ] GC(937) ParOldGen: 106023K(349696K)->112847K(349696K)
[88.129s][info][gc,metaspace   ] GC(937) Metaspace: 61545K(62464K)->61545K(62464K) NonClass: 53959K(54464K)->53959K(54464K) Class: 7585K(8000K)->7585K(8000K)
[88.129s][info][gc             ] GC(937) Pause Young (Allocation Failure) 264M->117M(500M) 22.904ms
[88.129s][info][gc,cpu         ] GC(937) User=0.03s Sys=0.00s Real=0.02s
[88.177s][info][gc,start       ] GC(938) Pause Young (Allocation Failure)
[88.194s][info][gc,heap        ] GC(938) PSYoungGen: 160672K(162304K)->6624K(159744K) Eden: 153088K(153088K)->0K(153088K) From: 7584K(9216K)->6624K(6656K)
[88.194s][info][gc,heap        ] GC(938) ParOldGen: 112847K(349696K)->120279K(349696K)
[88.194s][info][gc,metaspace   ] GC(938) Metaspace: 61545K(62464K)->61545K(62464K) NonClass: 53959K(54464K)->53959K(54464K) Class: 7585K(8000K)->7585K(8000K)
[88.194s][info][gc             ] GC(938) Pause Young (Allocation Failure) 267M->123M(497M) 16.765ms
[88.194s][info][gc,cpu         ] GC(938) User=0.03s Sys=0.00s Real=0.02s
[88.245s][info][gc,start       ] GC(939) Pause Young (Allocation Failure)
[88.259s][info][gc,heap        ] GC(939) PSYoungGen: 159712K(159744K)->7392K(161280K) Eden: 153088K(153088K)->0K(150016K) From: 6624K(6656K)->7392K(11264K)
[88.259s][info][gc,heap        ] GC(939) ParOldGen: 120279K(349696K)->126791K(349696K)
[88.259s][info][gc,metaspace   ] GC(939) Metaspace: 61545K(62464K)->61545K(62464K) NonClass: 53959K(54464K)->53959K(54464K) Class: 7585K(8000K)->7585K(8000K)
[88.259s][info][gc             ] GC(939) Pause Young (Allocation Failure) 273M->131M(499M) 14.381ms
[88.259s][info][gc,cpu         ] GC(939) User=0.17s Sys=0.00s Real=0.02s
[88.305s][info][gc,start       ] GC(940) Pause Young (Allocation Failure)
[88.319s][info][gc,heap        ] GC(940) PSYoungGen: 157408K(161280K)->6688K(157184K) Eden: 150016K(150016K)->0K(150016K) From: 7392K(11264K)->6688K(7168K)
[88.319s][info][gc,heap        ] GC(940) ParOldGen: 126791K(349696K)->134055K(349696K)
[88.319s][info][gc,metaspace   ] GC(940) Metaspace: 61545K(62464K)->61545K(62464K) NonClass: 53959K(54464K)->53959K(54464K) Class: 7585K(8000K)->7585K(8000K)
[88.319s][info][gc             ] GC(940) Pause Young (Allocation Failure) 277M->137M(495M) 14.067ms
[88.319s][info][gc,cpu         ] GC(940) User=0.17s Sys=0.00s Real=0.02s
[88.363s][info][gc,start       ] GC(941) Pause Young (Allocation Failure)
[88.403s][info][gc,heap        ] GC(941) PSYoungGen: 156704K(157184K)->6112K(161792K) Eden: 150016K(150016K)->0K(148992K) From: 6688K(7168K)->6112K(12800K)
[88.403s][info][gc,heap        ] GC(941) ParOldGen: 134055K(349696K)->140663K(349696K)
[88.403s][info][gc,metaspace   ] GC(941) Metaspace: 61545K(62464K)->61545K(62464K) NonClass: 53959K(54464K)->53959K(54464K) Class: 7585K(8000K)->7585K(8000K)
[88.403s][info][gc             ] GC(941) Pause Young (Allocation Failure) 283M->143M(499M) 40.039ms
[88.403s][info][gc,cpu         ] GC(941) User=0.36s Sys=0.00s Real=0.05s
[88.463s][info][gc,start       ] GC(942) Pause Young (Allocation Failure)
[88.486s][info][gc,heap        ] GC(942) PSYoungGen: 155104K(161792K)->256K(149504K) Eden: 148992K(148992K)->0K(148992K) From: 6112K(12800K)->256K(512K)
[88.666s][info][gc,heap        ] GC(942) ParOldGen: 140663K(349696K)->146647K(349696K)
[88.666s][info][gc,metaspace   ] GC(942) Metaspace: 61545K(62464K)->61545K(62464K) NonClass: 53959K(54464K)->53959K(54464K) Class: 7585K(8000K)->7585K(8000K)
[88.666s][info][gc             ] GC(942) Pause Young (Allocation Failure) 288M->143M(487M) 203.138ms
[88.666s][info][gc,cpu         ] GC(942) User=0.38s Sys=0.00s Real=0.20s
[88.729s][info][gc,start       ] GC(943) Pause Young (Allocation Failure)
[88.730s][info][gc,heap        ] GC(943) PSYoungGen: 149248K(149504K)->192K(161280K) Eden: 148992K(148992K)->0K(148992K) From: 256K(512K)->192K(12288K)
[88.730s][info][gc,heap        ] GC(943) ParOldGen: 146647K(349696K)->146647K(349696K)
[88.730s][info][gc,metaspace   ] GC(943) Metaspace: 61545K(62464K)->61545K(62464K) NonClass: 53959K(54464K)->53959K(54464K) Class: 7585K(8000K)->7585K(8000K)
[88.730s][info][gc             ] GC(943) Pause Young (Allocation Failure) 288M->143M(499M) 0.854ms
[88.730s][info][gc,cpu         ] GC(943) User=0.00s Sys=0.00s Real=0.00s
[88.784s][info][gc,start       ] GC(944) Pause Young (Allocation Failure)
[88.786s][info][gc,heap        ] GC(944) PSYoungGen: 149184K(161280K)->192K(161280K) Eden: 148992K(148992K)->0K(148992K) From: 192K(12288K)->192K(12288K)
[88.786s][info][gc,heap        ] GC(944) ParOldGen: 146647K(349696K)->146655K(349696K)
[88.786s][info][gc,metaspace   ] GC(944) Metaspace: 61545K(62464K)->61545K(62464K) NonClass: 53959K(54464K)->53959K(54464K) Class: 7585K(8000K)->7585K(8000K)
[88.786s][info][gc             ] GC(944) Pause Young (Allocation Failure) 288M->143M(499M) 1.423ms
[88.786s][info][gc,cpu         ] GC(944) User=0.00s Sys=0.00s Real=0.00s
[88.841s][info][gc,start       ] GC(945) Pause Young (Allocation Failure)
[88.843s][info][gc,heap        ] GC(945) PSYoungGen: 149184K(161280K)->288K(161792K) Eden: 148992K(148992K)->0K(150528K) From: 192K(12288K)->288K(11264K)
[88.843s][info][gc,heap        ] GC(945) ParOldGen: 146655K(349696K)->146671K(349696K)
[88.843s][info][gc,metaspace   ] GC(945) Metaspace: 61545K(62464K)->61545K(62464K) NonClass: 53959K(54464K)->53959K(54464K) Class: 7585K(8000K)->7585K(8000K)
[88.843s][info][gc             ] GC(945) Pause Young (Allocation Failure) 288M->143M(499M) 1.319ms
[88.843s][info][gc,cpu         ] GC(945) User=0.00s Sys=0.00s Real=0.00s
[88.903s][info][gc,start       ] GC(946) Pause Young (Allocation Failure)
[88.905s][info][gc,heap        ] GC(946) PSYoungGen: 150816K(161792K)->192K(161792K) Eden: 150528K(150528K)->0K(150528K) From: 288K(11264K)->192K(11264K)
[88.905s][info][gc,heap        ] GC(946) ParOldGen: 146671K(349696K)->146687K(349696K)
[88.905s][info][gc,metaspace   ] GC(946) Metaspace: 61545K(62464K)->61545K(62464K) NonClass: 53959K(54464K)->53959K(54464K) Class: 7585K(8000K)->7585K(8000K)
[88.905s][info][gc             ] GC(946) Pause Young (Allocation Failure) 290M->143M(499M) 1.478ms
[88.905s][info][gc,cpu         ] GC(946) User=0.00s Sys=0.00s Real=0.00s
[88.952s][info][gc,start       ] GC(947) Pause Young (Allocation Failure)
[88.953s][info][gc,heap        ] GC(947) PSYoungGen: 150720K(161792K)->256K(162816K) Eden: 150528K(150528K)->0K(152064K) From: 192K(11264K)->256K(10752K)
[88.953s][info][gc,heap        ] GC(947) ParOldGen: 146687K(349696K)->146703K(349696K)
[88.953s][info][gc,metaspace   ] GC(947) Metaspace: 61545K(62464K)->61545K(62464K) NonClass: 53959K(54464K)->53959K(54464K) Class: 7585K(8000K)->7585K(8000K)
[88.953s][info][gc             ] GC(947) Pause Young (Allocation Failure) 290M->143M(500M) 1.380ms
[88.953s][info][gc,cpu         ] GC(947) User=0.00s Sys=0.00s Real=0.00s
[89.061s][info][gc,start       ] GC(948) Pause Young (Allocation Failure)
[89.062s][info][gc,heap        ] GC(948) PSYoungGen: 152320K(162816K)->352K(162816K) Eden: 152064K(152064K)->0K(152064K) From: 256K(10752K)->352K(10752K)
[89.062s][info][gc,heap        ] GC(948) ParOldGen: 146703K(349696K)->146711K(349696K)
[89.062s][info][gc,metaspace   ] GC(948) Metaspace: 61545K(62464K)->61545K(62464K) NonClass: 53959K(54464K)->53959K(54464K) Class: 7585K(8000K)->7585K(8000K)
[89.062s][info][gc             ] GC(948) Pause Young (Allocation Failure) 292M->143M(500M) 1.463ms
[89.062s][info][gc,cpu         ] GC(948) User=0.00s Sys=0.00s Real=0.00s
[89.166s][info][gc,start       ] GC(949) Pause Young (Allocation Failure)
[89.168s][info][gc,heap        ] GC(949) PSYoungGen: 152416K(162816K)->224K(163328K) Eden: 152064K(152064K)->0K(153600K) From: 352K(10752K)->224K(9728K)
[89.168s][info][gc,heap        ] GC(949) ParOldGen: 146711K(349696K)->146799K(349696K)
[89.168s][info][gc,metaspace   ] GC(949) Metaspace: 61545K(62464K)->61545K(62464K) NonClass: 53959K(54464K)->53959K(54464K) Class: 7585K(8000K)->7585K(8000K)
[89.168s][info][gc             ] GC(949) Pause Young (Allocation Failure) 292M->143M(501M) 1.490ms
[89.168s][info][gc,cpu         ] GC(949) User=0.00s Sys=0.00s Real=0.00s
[89.258s][info][gc,start       ] GC(950) Pause Young (Allocation Failure)
[89.259s][info][gc,heap        ] GC(950) PSYoungGen: 153824K(163328K)->256K(163328K) Eden: 153600K(153600K)->0K(153600K) From: 224K(9728K)->256K(9728K)
[89.259s][info][gc,heap        ] GC(950) ParOldGen: 146799K(349696K)->146815K(349696K)
[89.259s][info][gc,metaspace   ] GC(950) Metaspace: 61545K(62464K)->61545K(62464K) NonClass: 53959K(54464K)->53959K(54464K) Class: 7585K(8000K)->7585K(8000K)
[89.259s][info][gc             ] GC(950) Pause Young (Allocation Failure) 293M->143M(501M) 1.394ms
[89.259s][info][gc,cpu         ] GC(950) User=0.03s Sys=0.00s Real=0.01s
[89.365s][info][gc,start       ] GC(951) Pause Young (Allocation Failure)
[89.366s][info][gc,heap        ] GC(951) PSYoungGen: 153856K(163328K)->192K(164352K) Eden: 153600K(153600K)->0K(155648K) From: 256K(9728K)->192K(8704K)
[89.366s][info][gc,heap        ] GC(951) ParOldGen: 146815K(349696K)->146823K(349696K)
[89.366s][info][gc,metaspace   ] GC(951) Metaspace: 61545K(62464K)->61545K(62464K) NonClass: 53959K(54464K)->53959K(54464K) Class: 7585K(8000K)->7585K(8000K)
[89.366s][info][gc             ] GC(951) Pause Young (Allocation Failure) 293M->143M(502M) 1.401ms
[89.366s][info][gc,cpu         ] GC(951) User=0.00s Sys=0.00s Real=0.00s
[89.488s][info][gc,start       ] GC(952) Pause Young (Allocation Failure)
[89.490s][info][gc,heap        ] GC(952) PSYoungGen: 155840K(164352K)->256K(164352K) Eden: 155648K(155648K)->0K(155648K) From: 192K(8704K)->256K(8704K)
[89.490s][info][gc,heap        ] GC(952) ParOldGen: 146823K(349696K)->146831K(349696K)
[89.490s][info][gc,metaspace   ] GC(952) Metaspace: 61545K(62464K)->61545K(62464K) NonClass: 53959K(54464K)->53959K(54464K) Class: 7585K(8000K)->7585K(8000K)
[89.490s][info][gc             ] GC(952) Pause Young (Allocation Failure) 295M->143M(502M) 1.492ms
[89.490s][info][gc,cpu         ] GC(952) User=0.00s Sys=0.00s Real=0.00s
[89.593s][info][gc,start       ] GC(953) Pause Young (Allocation Failure)
[89.594s][info][gc,heap        ] GC(953) PSYoungGen: 155904K(164352K)->192K(165376K) Eden: 155648K(155648K)->0K(157696K) From: 256K(8704K)->192K(7680K)
[89.594s][info][gc,heap        ] GC(953) ParOldGen: 146831K(349696K)->146839K(349696K)
[89.594s][info][gc,metaspace   ] GC(953) Metaspace: 61545K(62464K)->61545K(62464K) NonClass: 53959K(54464K)->53959K(54464K) Class: 7585K(8000K)->7585K(8000K)
[89.594s][info][gc             ] GC(953) Pause Young (Allocation Failure) 295M->143M(503M) 1.449ms
[89.594s][info][gc,cpu         ] GC(953) User=0.00s Sys=0.00s Real=0.00s
[89.637s][info][gc,start       ] GC(954) Pause Young (System.gc())
[89.639s][info][gc,heap        ] GC(954) PSYoungGen: 42445K(165376K)->384K(158208K) Eden: 42253K(157696K)->0K(157696K) From: 192K(7680K)->384K(512K)
[89.639s][info][gc,heap        ] GC(954) ParOldGen: 146839K(349696K)->146855K(349696K)
[89.639s][info][gc,metaspace   ] GC(954) Metaspace: 61549K(62464K)->61549K(62464K) NonClass: 53964K(54464K)->53964K(54464K) Class: 7585K(8000K)->7585K(8000K)
[89.639s][info][gc             ] GC(954) Pause Young (System.gc()) 184M->143M(496M) 1.706ms
[89.639s][info][gc,cpu         ] GC(954) User=0.00s Sys=0.00s Real=0.00s
[89.639s][info][gc,start       ] GC(955) Pause Full (System.gc())
[89.639s][info][gc,phases,start] GC(955) Marking Phase
[89.727s][info][gc,phases      ] GC(955) Marking Phase 87.943ms
[89.727s][info][gc,phases,start] GC(955) Summary Phase
[89.727s][info][gc,phases      ] GC(955) Summary Phase 0.013ms
[89.727s][info][gc,phases,start] GC(955) Adjust Roots
[89.736s][info][gc,phases      ] GC(955) Adjust Roots 9.583ms
[89.736s][info][gc,phases,start] GC(955) Compaction Phase
[89.761s][info][gc,phases      ] GC(955) Compaction Phase 24.782ms
[89.761s][info][gc,phases,start] GC(955) Post Compact
[89.762s][info][gc,phases      ] GC(955) Post Compact 1.024ms
[89.762s][info][gc,heap        ] GC(955) PSYoungGen: 384K(158208K)->0K(158208K) Eden: 0K(157696K)->0K(157696K) From: 384K(512K)->0K(512K)
[89.762s][info][gc,heap        ] GC(955) ParOldGen: 146855K(349696K)->102459K(349696K)
[89.762s][info][gc,metaspace   ] GC(955) Metaspace: 61549K(62464K)->61549K(62464K) NonClass: 53964K(54464K)->53964K(54464K) Class: 7585K(8000K)->7585K(8000K)
[89.762s][info][gc             ] GC(955) Pause Full (System.gc()) 143M->100M(496M) 123.656ms
[89.762s][info][gc,cpu         ] GC(955) User=1.06s Sys=0.00s Real=0.13s
[89.881s][info][gc,start       ] GC(956) Pause Young (Allocation Failure)
[89.886s][info][gc,heap        ] GC(956) PSYoungGen: 157696K(158208K)->4000K(164352K) Eden: 157696K(157696K)->0K(157184K) From: 0K(512K)->4000K(7168K)
[89.912s][info][gc,heap        ] GC(956) ParOldGen: 102459K(349696K)->102459K(349696K)
[89.912s][info][gc,metaspace   ] GC(956) Metaspace: 61550K(62464K)->61550K(62464K) NonClass: 53964K(54464K)->53964K(54464K) Class: 7585K(8000K)->7585K(8000K)
[89.912s][info][gc             ] GC(956) Pause Young (Allocation Failure) 254M->103M(502M) 30.563ms
[89.912s][info][gc,cpu         ] GC(956) User=0.17s Sys=0.00s Real=0.03s
[89.974s][info][gc,start       ] GC(957) Pause Young (Allocation Failure)
[89.984s][info][gc,heap        ] GC(957) PSYoungGen: 161184K(164352K)->6496K(164864K) Eden: 157184K(157184K)->0K(157184K) From: 4000K(7168K)->6496K(7680K)
[89.984s][info][gc,heap        ] GC(957) ParOldGen: 102459K(349696K)->106014K(349696K)
[89.985s][info][gc,metaspace   ] GC(957) Metaspace: 61550K(62464K)->61550K(62464K) NonClass: 53964K(54464K)->53964K(54464K) Class: 7585K(8000K)->7585K(8000K)
[89.985s][info][gc             ] GC(957) Pause Young (Allocation Failure) 257M->109M(502M) 10.553ms
[89.985s][info][gc,cpu         ] GC(957) User=0.03s Sys=0.00s Real=0.02s
[90.033s][info][gc,start       ] GC(958) Pause Young (Allocation Failure)
[90.045s][info][gc,heap        ] GC(958) PSYoungGen: 163680K(164864K)->7200K(163328K) Eden: 157184K(157184K)->0K(154112K) From: 6496K(7680K)->7200K(9216K)
[90.045s][info][gc,heap        ] GC(958) ParOldGen: 106014K(349696K)->111918K(349696K)
[90.045s][info][gc,metaspace   ] GC(958) Metaspace: 61550K(62464K)->61550K(62464K) NonClass: 53964K(54464K)->53964K(54464K) Class: 7585K(8000K)->7585K(8000K)
[90.045s][info][gc             ] GC(958) Pause Young (Allocation Failure) 263M->116M(501M) 11.622ms
[90.045s][info][gc,cpu         ] GC(958) User=0.19s Sys=0.00s Real=0.01s
[90.091s][info][gc,start       ] GC(959) Pause Young (Allocation Failure)
[90.110s][info][gc,heap        ] GC(959) PSYoungGen: 161312K(163328K)->6400K(160768K) Eden: 154112K(154112K)->0K(154112K) From: 7200K(9216K)->6400K(6656K)
[90.110s][info][gc,heap        ] GC(959) ParOldGen: 111918K(349696K)->118974K(349696K)
[90.110s][info][gc,metaspace   ] GC(959) Metaspace: 61550K(62464K)->61550K(62464K) NonClass: 53964K(54464K)->53964K(54464K) Class: 7585K(8000K)->7585K(8000K)
[90.110s][info][gc             ] GC(959) Pause Young (Allocation Failure) 266M->122M(498M) 19.453ms
[90.110s][info][gc,cpu         ] GC(959) User=0.03s Sys=0.00s Real=0.02s
[90.165s][info][gc,start       ] GC(960) Pause Young (Allocation Failure)
[90.178s][info][gc,heap        ] GC(960) PSYoungGen: 160512K(160768K)->7648K(161792K) Eden: 154112K(154112K)->0K(151040K) From: 6400K(6656K)->7648K(10752K)
[90.178s][info][gc,heap        ] GC(960) ParOldGen: 118974K(349696K)->125302K(349696K)
[90.178s][info][gc,metaspace   ] GC(960) Metaspace: 61550K(62464K)->61550K(62464K) NonClass: 53964K(54464K)->53964K(54464K) Class: 7585K(8000K)->7585K(8000K)
[90.178s][info][gc             ] GC(960) Pause Young (Allocation Failure) 272M->129M(499M) 13.336ms
[90.178s][info][gc,cpu         ] GC(960) User=0.05s Sys=0.00s Real=0.01s
[90.223s][info][gc,start       ] GC(961) Pause Young (Allocation Failure)
[90.238s][info][gc,heap        ] GC(961) PSYoungGen: 158688K(161792K)->6208K(157696K) Eden: 151040K(151040K)->0K(151040K) From: 7648K(10752K)->6208K(6656K)
[90.238s][info][gc,heap        ] GC(961) ParOldGen: 125302K(349696K)->132830K(349696K)
[90.238s][info][gc,metaspace   ] GC(961) Metaspace: 61550K(62464K)->61550K(62464K) NonClass: 53964K(54464K)->53964K(54464K) Class: 7585K(8000K)->7585K(8000K)
[90.238s][info][gc             ] GC(961) Pause Young (Allocation Failure) 277M->135M(495M) 14.746ms
[90.238s][info][gc,cpu         ] GC(961) User=0.05s Sys=0.00s Real=0.02s
[90.287s][info][gc,start       ] GC(962) Pause Young (Allocation Failure)
[90.326s][info][gc,heap        ] GC(962) PSYoungGen: 157248K(157696K)->6912K(162304K) Eden: 151040K(151040K)->0K(150016K) From: 6208K(6656K)->6912K(12288K)
[90.326s][info][gc,heap        ] GC(962) ParOldGen: 132830K(349696K)->139006K(349696K)
[90.326s][info][gc,metaspace   ] GC(962) Metaspace: 61550K(62464K)->61550K(62464K) NonClass: 53964K(54464K)->53964K(54464K) Class: 7585K(8000K)->7585K(8000K)
[90.326s][info][gc             ] GC(962) Pause Young (Allocation Failure) 283M->142M(500M) 39.524ms
[90.326s][info][gc,cpu         ] GC(962) User=0.52s Sys=0.00s Real=0.05s
[90.378s][info][gc,start       ] GC(963) Pause Young (Allocation Failure)
[90.405s][info][gc,heap        ] GC(963) PSYoungGen: 156928K(162304K)->1152K(162304K) Eden: 150016K(150016K)->0K(150016K) From: 6912K(12288K)->1152K(12288K)
[90.405s][info][gc,heap        ] GC(963) ParOldGen: 139006K(349696K)->145830K(349696K)
[90.405s][info][gc,metaspace   ] GC(963) Metaspace: 61550K(62464K)->61550K(62464K) NonClass: 53964K(54464K)->53964K(54464K) Class: 7585K(8000K)->7585K(8000K)
[90.405s][info][gc             ] GC(963) Pause Young (Allocation Failure) 288M->143M(500M) 27.150ms
[90.405s][info][gc,cpu         ] GC(963) User=0.38s Sys=0.00s Real=0.03s
[90.453s][info][gc,start       ] GC(964) Pause Young (Allocation Failure)
[90.458s][info][gc,heap        ] GC(964) PSYoungGen: 151168K(162304K)->224K(161280K) Eden: 150016K(150016K)->0K(150016K) From: 1152K(12288K)->224K(11264K)
[90.458s][info][gc,heap        ] GC(964) ParOldGen: 145830K(349696K)->146710K(349696K)
[90.458s][info][gc,metaspace   ] GC(964) Metaspace: 61550K(62464K)->61550K(62464K) NonClass: 53964K(54464K)->53964K(54464K) Class: 7585K(8000K)->7585K(8000K)
[90.458s][info][gc             ] GC(964) Pause Young (Allocation Failure) 290M->143M(499M) 5.536ms
[90.458s][info][gc,cpu         ] GC(964) User=0.00s Sys=0.00s Real=0.00s
[90.514s][info][gc,start       ] GC(965) Pause Young (Allocation Failure)
[90.515s][info][gc,heap        ] GC(965) PSYoungGen: 150240K(161280K)->256K(161792K) Eden: 150016K(150016K)->0K(150016K) From: 224K(11264K)->256K(11776K)
[90.515s][info][gc,heap        ] GC(965) ParOldGen: 146710K(349696K)->146718K(349696K)
[90.515s][info][gc,metaspace   ] GC(965) Metaspace: 61550K(62464K)->61550K(62464K) NonClass: 53964K(54464K)->53964K(54464K) Class: 7585K(8000K)->7585K(8000K)
[90.515s][info][gc             ] GC(965) Pause Young (Allocation Failure) 289M->143M(499M) 1.453ms
[90.515s][info][gc,cpu         ] GC(965) User=0.00s Sys=0.00s Real=0.00s
[90.570s][info][gc,start       ] GC(966) Pause Young (Allocation Failure)
[90.571s][info][gc,heap        ] GC(966) PSYoungGen: 150272K(161792K)->256K(161792K) Eden: 150016K(150016K)->0K(151040K) From: 256K(11776K)->256K(10752K)
[90.571s][info][gc,heap        ] GC(966) ParOldGen: 146718K(349696K)->146718K(349696K)
[90.571s][info][gc,metaspace   ] GC(966) Metaspace: 61550K(62464K)->61550K(62464K) NonClass: 53964K(54464K)->53964K(54464K) Class: 7585K(8000K)->7585K(8000K)
[90.572s][info][gc             ] GC(966) Pause Young (Allocation Failure) 290M->143M(499M) 1.503ms
[90.572s][info][gc,cpu         ] GC(966) User=0.00s Sys=0.00s Real=0.00s
[90.619s][info][gc,start       ] GC(967) Pause Young (Allocation Failure)
[90.621s][info][gc,heap        ] GC(967) PSYoungGen: 151296K(161792K)->192K(162304K) Eden: 151040K(151040K)->0K(151040K) From: 256K(10752K)->192K(11264K)
[90.621s][info][gc,heap        ] GC(967) ParOldGen: 146718K(349696K)->146734K(349696K)
[90.621s][info][gc,metaspace   ] GC(967) Metaspace: 61550K(62464K)->61550K(62464K) NonClass: 53964K(54464K)->53964K(54464K) Class: 7585K(8000K)->7585K(8000K)
[90.621s][info][gc             ] GC(967) Pause Young (Allocation Failure) 291M->143M(500M) 1.439ms
[90.621s][info][gc,cpu         ] GC(967) User=0.00s Sys=0.00s Real=0.00s
[90.682s][info][gc,start       ] GC(968) Pause Young (Allocation Failure)
[90.683s][info][gc,heap        ] GC(968) PSYoungGen: 151232K(162304K)->352K(162304K) Eden: 151040K(151040K)->0K(152576K) From: 192K(11264K)->352K(9728K)
[90.683s][info][gc,heap        ] GC(968) ParOldGen: 146734K(349696K)->146742K(349696K)
[90.683s][info][gc,metaspace   ] GC(968) Metaspace: 61550K(62464K)->61550K(62464K) NonClass: 53964K(54464K)->53964K(54464K) Class: 7585K(8000K)->7585K(8000K)
[90.683s][info][gc             ] GC(968) Pause Young (Allocation Failure) 290M->143M(500M) 1.429ms
[90.683s][info][gc,cpu         ] GC(968) User=0.00s Sys=0.00s Real=0.00s
[90.779s][info][gc,start       ] GC(969) Pause Young (Allocation Failure)
[90.780s][info][gc,heap        ] GC(969) PSYoungGen: 152928K(162304K)->128K(162816K) Eden: 152576K(152576K)->0K(152576K) From: 352K(9728K)->128K(10240K)
[90.780s][info][gc,heap        ] GC(969) ParOldGen: 146742K(349696K)->146830K(349696K)
[90.780s][info][gc,metaspace   ] GC(969) Metaspace: 61550K(62464K)->61550K(62464K) NonClass: 53964K(54464K)->53964K(54464K) Class: 7585K(8000K)->7585K(8000K)
[90.780s][info][gc             ] GC(969) Pause Young (Allocation Failure) 292M->143M(500M) 0.851ms
[90.780s][info][gc,cpu         ] GC(969) User=0.00s Sys=0.00s Real=0.00s
[90.870s][info][gc,start       ] GC(970) Pause Young (Allocation Failure)
[90.871s][info][gc,heap        ] GC(970) PSYoungGen: 152704K(162816K)->256K(163328K) Eden: 152576K(152576K)->0K(154112K) From: 128K(10240K)->256K(9216K)
[90.871s][info][gc,heap        ] GC(970) ParOldGen: 146830K(349696K)->146830K(349696K)
[90.871s][info][gc,metaspace   ] GC(970) Metaspace: 61550K(62464K)->61550K(62464K) NonClass: 53964K(54464K)->53964K(54464K) Class: 7585K(8000K)->7585K(8000K)
[90.871s][info][gc             ] GC(970) Pause Young (Allocation Failure) 292M->143M(501M) 1.436ms
[90.871s][info][gc,cpu         ] GC(970) User=0.00s Sys=0.00s Real=0.00s
[90.977s][info][gc,start       ] GC(971) Pause Young (Allocation Failure)
[90.978s][info][gc,heap        ] GC(971) PSYoungGen: 154368K(163328K)->224K(163840K) Eden: 154112K(154112K)->0K(154112K) From: 256K(9216K)->224K(9728K)
[90.978s][info][gc,heap        ] GC(971) ParOldGen: 146830K(349696K)->146838K(349696K)
[90.978s][info][gc,metaspace   ] GC(971) Metaspace: 61550K(62464K)->61550K(62464K) NonClass: 53964K(54464K)->53964K(54464K) Class: 7585K(8000K)->7585K(8000K)
[90.978s][info][gc             ] GC(971) Pause Young (Allocation Failure) 294M->143M(501M) 1.453ms
[90.978s][info][gc,cpu         ] GC(971) User=0.00s Sys=0.00s Real=0.00s
[91.085s][info][gc,start       ] GC(972) Pause Young (Allocation Failure)
[91.086s][info][gc,heap        ] GC(972) PSYoungGen: 154336K(163840K)->192K(163840K) Eden: 154112K(154112K)->0K(155648K) From: 224K(9728K)->192K(8192K)
[91.086s][info][gc,heap        ] GC(972) ParOldGen: 146838K(349696K)->146846K(349696K)
[91.086s][info][gc,metaspace   ] GC(972) Metaspace: 61550K(62464K)->61550K(62464K) NonClass: 53964K(54464K)->53964K(54464K) Class: 7585K(8000K)->7585K(8000K)
[91.086s][info][gc             ] GC(972) Pause Young (Allocation Failure) 294M->143M(501M) 1.321ms
[91.086s][info][gc,cpu         ] GC(972) User=0.00s Sys=0.00s Real=0.00s
[91.195s][info][gc,start       ] GC(973) Pause Young (Allocation Failure)
[91.196s][info][gc,heap        ] GC(973) PSYoungGen: 155840K(163840K)->160K(164352K) Eden: 155648K(155648K)->0K(155648K) From: 192K(8192K)->160K(8704K)
[91.196s][info][gc,heap        ] GC(973) ParOldGen: 146846K(349696K)->146854K(349696K)
[91.196s][info][gc,metaspace   ] GC(973) Metaspace: 61550K(62464K)->61550K(62464K) NonClass: 53964K(54464K)->53964K(54464K) Class: 7585K(8000K)->7585K(8000K)
[91.196s][info][gc             ] GC(973) Pause Young (Allocation Failure) 295M->143M(502M) 1.499ms
[91.196s][info][gc,cpu         ] GC(973) User=0.03s Sys=0.00s Real=0.01s
[91.321s][info][gc,start       ] GC(974) Pause Young (Allocation Failure)
[91.322s][info][gc,heap        ] GC(974) PSYoungGen: 155808K(164352K)->192K(164864K) Eden: 155648K(155648K)->0K(157696K) From: 160K(8704K)->192K(7168K)
[91.322s][info][gc,heap        ] GC(974) ParOldGen: 146854K(349696K)->146870K(349696K)
[91.322s][info][gc,metaspace   ] GC(974) Metaspace: 61550K(62464K)->61550K(62464K) NonClass: 53964K(54464K)->53964K(54464K) Class: 7585K(8000K)->7585K(8000K)
[91.322s][info][gc             ] GC(974) Pause Young (Allocation Failure) 295M->143M(502M) 1.448ms
[91.322s][info][gc,cpu         ] GC(974) User=0.00s Sys=0.00s Real=0.00s
[91.403s][info][gc,start       ] GC(975) Pause Young (System.gc())
[91.404s][info][gc,heap        ] GC(975) PSYoungGen: 33927K(164864K)->384K(158208K) Eden: 33735K(157696K)->0K(157696K) From: 192K(7168K)->384K(512K)
[91.404s][info][gc,heap        ] GC(975) ParOldGen: 146870K(349696K)->146886K(349696K)
[91.404s][info][gc,metaspace   ] GC(975) Metaspace: 61551K(62464K)->61551K(62464K) NonClass: 53965K(54464K)->53965K(54464K) Class: 7585K(8000K)->7585K(8000K)
[91.404s][info][gc             ] GC(975) Pause Young (System.gc()) 176M->143M(496M) 1.745ms
[91.404s][info][gc,cpu         ] GC(975) User=0.00s Sys=0.00s Real=0.00s
[91.404s][info][gc,start       ] GC(976) Pause Full (System.gc())
[91.405s][info][gc,phases,start] GC(976) Marking Phase
[91.498s][info][gc,phases      ] GC(976) Marking Phase 93.234ms
[91.498s][info][gc,phases,start] GC(976) Summary Phase
[91.498s][info][gc,phases      ] GC(976) Summary Phase 0.016ms
[91.498s][info][gc,phases,start] GC(976) Adjust Roots
[91.508s][info][gc,phases      ] GC(976) Adjust Roots 10.191ms
[91.508s][info][gc,phases,start] GC(976) Compaction Phase
[91.535s][info][gc,phases      ] GC(976) Compaction Phase 27.289ms
[91.535s][info][gc,phases,start] GC(976) Post Compact
[91.537s][info][gc,phases      ] GC(976) Post Compact 1.284ms
[91.537s][info][gc,heap        ] GC(976) PSYoungGen: 384K(158208K)->0K(158208K) Eden: 0K(157696K)->0K(157696K) From: 384K(512K)->0K(512K)
[91.537s][info][gc,heap        ] GC(976) ParOldGen: 146886K(349696K)->102477K(349696K)
[91.537s][info][gc,metaspace   ] GC(976) Metaspace: 61551K(62464K)->61551K(62464K) NonClass: 53965K(54464K)->53965K(54464K) Class: 7585K(8000K)->7585K(8000K)
[91.537s][info][gc             ] GC(976) Pause Full (System.gc()) 143M->100M(496M) 132.431ms
[91.537s][info][gc,cpu         ] GC(976) User=0.97s Sys=0.00s Real=0.13s
[91.646s][info][gc,start       ] GC(977) Pause Young (Allocation Failure)
[91.650s][info][gc,heap        ] GC(977) PSYoungGen: 157696K(158208K)->3264K(164352K) Eden: 157696K(157696K)->0K(157184K) From: 0K(512K)->3264K(7168K)
[91.650s][info][gc,heap        ] GC(977) ParOldGen: 102477K(349696K)->102485K(349696K)
[91.650s][info][gc,metaspace   ] GC(977) Metaspace: 61558K(62464K)->61558K(62464K) NonClass: 53972K(54464K)->53972K(54464K) Class: 7585K(8000K)->7585K(8000K)
[91.650s][info][gc             ] GC(977) Pause Young (Allocation Failure) 254M->103M(502M) 4.728ms
[91.650s][info][gc,cpu         ] GC(977) User=0.03s Sys=0.00s Real=0.02s
[91.700s][info][gc,start       ] GC(978) Pause Young (Allocation Failure)
[91.715s][info][gc,heap        ] GC(978) PSYoungGen: 160448K(164352K)->6400K(164864K) Eden: 157184K(157184K)->0K(157184K) From: 3264K(7168K)->6400K(7680K)
[91.715s][info][gc,heap        ] GC(978) ParOldGen: 102485K(349696K)->105499K(349696K)
[91.715s][info][gc,metaspace   ] GC(978) Metaspace: 61558K(62464K)->61558K(62464K) NonClass: 53972K(54464K)->53972K(54464K) Class: 7585K(8000K)->7585K(8000K)
[91.715s][info][gc             ] GC(978) Pause Young (Allocation Failure) 256M->109M(502M) 15.963ms
[91.716s][info][gc,cpu         ] GC(978) User=0.03s Sys=0.00s Real=0.02s
[91.768s][info][gc,start       ] GC(979) Pause Young (Allocation Failure)
[91.783s][info][gc,heap        ] GC(979) PSYoungGen: 163584K(164864K)->7200K(162816K) Eden: 157184K(157184K)->0K(154112K) From: 6400K(7680K)->7200K(8704K)
[91.783s][info][gc,heap        ] GC(979) ParOldGen: 105499K(349696K)->111267K(349696K)
[91.783s][info][gc,metaspace   ] GC(979) Metaspace: 61558K(62464K)->61558K(62464K) NonClass: 53972K(54464K)->53972K(54464K) Class: 7585K(8000K)->7585K(8000K)
[91.783s][info][gc             ] GC(979) Pause Young (Allocation Failure) 262M->115M(500M) 14.512ms
[91.783s][info][gc,cpu         ] GC(979) User=0.03s Sys=0.00s Real=0.02s
[91.833s][info][gc,start       ] GC(980) Pause Young (Allocation Failure)
[91.852s][info][gc,heap        ] GC(980) PSYoungGen: 161312K(162816K)->7008K(161280K) Eden: 154112K(154112K)->0K(154112K) From: 7200K(8704K)->7008K(7168K)
[91.852s][info][gc,heap        ] GC(980) ParOldGen: 111267K(349696K)->118355K(349696K)
[91.852s][info][gc,metaspace   ] GC(980) Metaspace: 61558K(62464K)->61558K(62464K) NonClass: 53972K(54464K)->53972K(54464K) Class: 7585K(8000K)->7585K(8000K)
[91.852s][info][gc             ] GC(980) Pause Young (Allocation Failure) 266M->122M(499M) 18.555ms
[91.852s][info][gc,cpu         ] GC(980) User=0.03s Sys=0.00s Real=0.02s
[91.908s][info][gc,start       ] GC(981) Pause Young (Allocation Failure)
[91.923s][info][gc,heap        ] GC(981) PSYoungGen: 161120K(161280K)->8032K(160768K) Eden: 154112K(154112K)->0K(150016K) From: 7008K(7168K)->8032K(10752K)
[91.923s][info][gc,heap        ] GC(981) ParOldGen: 118355K(349696K)->125203K(349696K)
[91.923s][info][gc,metaspace   ] GC(981) Metaspace: 61558K(62464K)->61558K(62464K) NonClass: 53972K(54464K)->53972K(54464K) Class: 7585K(8000K)->7585K(8000K)
[91.923s][info][gc             ] GC(981) Pause Young (Allocation Failure) 272M->130M(498M) 15.360ms
[91.924s][info][gc,cpu         ] GC(981) User=0.17s Sys=0.00s Real=0.02s
[91.980s][info][gc,start       ] GC(982) Pause Young (Allocation Failure)
[91.994s][info][gc,heap        ] GC(982) PSYoungGen: 158048K(160768K)->6336K(162304K) Eden: 150016K(150016K)->0K(150016K) From: 8032K(10752K)->6336K(12288K)
[91.994s][info][gc,heap        ] GC(982) ParOldGen: 125203K(349696K)->133187K(349696K)
[91.994s][info][gc,metaspace   ] GC(982) Metaspace: 61558K(62464K)->61558K(62464K) NonClass: 53972K(54464K)->53972K(54464K) Class: 7585K(8000K)->7585K(8000K)
[91.994s][info][gc             ] GC(982) Pause Young (Allocation Failure) 276M->136M(500M) 13.746ms
[91.994s][info][gc,cpu         ] GC(982) User=0.17s Sys=0.00s Real=0.02s
[92.044s][info][gc,start       ] GC(983) Pause Young (Allocation Failure)
[92.086s][info][gc,heap        ] GC(983) PSYoungGen: 156352K(162304K)->6944K(161280K) Eden: 150016K(150016K)->0K(148992K) From: 6336K(12288K)->6944K(12288K)
[92.086s][info][gc,heap        ] GC(983) ParOldGen: 133187K(349696K)->139363K(349696K)
[92.086s][info][gc,metaspace   ] GC(983) Metaspace: 61558K(62464K)->61558K(62464K) NonClass: 53972K(54464K)->53972K(54464K) Class: 7585K(8000K)->7585K(8000K)
[92.086s][info][gc             ] GC(983) Pause Young (Allocation Failure) 282M->142M(499M) 41.952ms
[92.086s][info][gc,cpu         ] GC(983) User=0.56s Sys=0.00s Real=0.05s
[92.139s][info][gc,start       ] GC(984) Pause Young (Allocation Failure)
[92.167s][info][gc,heap        ] GC(984) PSYoungGen: 155936K(161280K)->704K(161792K) Eden: 148992K(148992K)->0K(148992K) From: 6944K(12288K)->704K(12800K)
[92.167s][info][gc,heap        ] GC(984) ParOldGen: 139363K(349696K)->146235K(349696K)
[92.167s][info][gc,metaspace   ] GC(984) Metaspace: 61558K(62464K)->61558K(62464K) NonClass: 53972K(54464K)->53972K(54464K) Class: 7585K(8000K)->7585K(8000K)
[92.167s][info][gc             ] GC(984) Pause Young (Allocation Failure) 288M->143M(499M) 28.048ms
[92.167s][info][gc,cpu         ] GC(984) User=0.34s Sys=0.00s Real=0.03s
[92.222s][info][gc,start       ] GC(985) Pause Young (Allocation Failure)
[92.225s][info][gc,heap        ] GC(985) PSYoungGen: 149696K(161792K)->192K(161792K) Eden: 148992K(148992K)->0K(149504K) From: 704K(12800K)->192K(12288K)
[92.225s][info][gc,heap        ] GC(985) ParOldGen: 146235K(349696K)->146723K(349696K)
[92.225s][info][gc,metaspace   ] GC(985) Metaspace: 61558K(62464K)->61558K(62464K) NonClass: 53972K(54464K)->53972K(54464K) Class: 7585K(8000K)->7585K(8000K)
[92.225s][info][gc             ] GC(985) Pause Young (Allocation Failure) 288M->143M(499M) 2.637ms
[92.225s][info][gc,cpu         ] GC(985) User=0.00s Sys=0.00s Real=0.00s
[92.280s][info][gc,start       ] GC(986) Pause Young (Allocation Failure)
[92.282s][info][gc,heap        ] GC(986) PSYoungGen: 149696K(161792K)->192K(161792K) Eden: 149504K(149504K)->0K(149504K) From: 192K(12288K)->192K(12288K)
[92.282s][info][gc,heap        ] GC(986) ParOldGen: 146723K(349696K)->146739K(349696K)
[92.282s][info][gc,metaspace   ] GC(986) Metaspace: 61558K(62464K)->61558K(62464K) NonClass: 53972K(54464K)->53972K(54464K) Class: 7585K(8000K)->7585K(8000K)
[92.282s][info][gc             ] GC(986) Pause Young (Allocation Failure) 289M->143M(499M) 1.486ms
[92.282s][info][gc,cpu         ] GC(986) User=0.00s Sys=0.00s Real=0.00s
[92.338s][info][gc,start       ] GC(987) Pause Young (Allocation Failure)
[92.339s][info][gc,heap        ] GC(987) PSYoungGen: 149696K(161792K)->256K(161792K) Eden: 149504K(149504K)->0K(150528K) From: 192K(12288K)->256K(11264K)
[92.339s][info][gc,heap        ] GC(987) ParOldGen: 146739K(349696K)->146747K(349696K)
[92.339s][info][gc,metaspace   ] GC(987) Metaspace: 61558K(62464K)->61558K(62464K) NonClass: 53972K(54464K)->53972K(54464K) Class: 7585K(8000K)->7585K(8000K)
[92.339s][info][gc             ] GC(987) Pause Young (Allocation Failure) 289M->143M(499M) 1.579ms
[92.339s][info][gc,cpu         ] GC(987) User=0.00s Sys=0.00s Real=0.00s
[92.387s][info][gc,start       ] GC(988) Pause Young (Allocation Failure)
[92.388s][info][gc,heap        ] GC(988) PSYoungGen: 150784K(161792K)->224K(161792K) Eden: 150528K(150528K)->0K(150528K) From: 256K(11264K)->224K(11264K)
[92.388s][info][gc,heap        ] GC(988) ParOldGen: 146747K(349696K)->146763K(349696K)
[92.388s][info][gc,metaspace   ] GC(988) Metaspace: 61558K(62464K)->61558K(62464K) NonClass: 53972K(54464K)->53972K(54464K) Class: 7585K(8000K)->7585K(8000K)
[92.388s][info][gc             ] GC(988) Pause Young (Allocation Failure) 290M->143M(499M) 1.298ms
[92.388s][info][gc,cpu         ] GC(988) User=0.00s Sys=0.00s Real=0.00s
[92.442s][info][gc,start       ] GC(989) Pause Young (Allocation Failure)
[92.444s][info][gc,heap        ] GC(989) PSYoungGen: 150752K(161792K)->256K(162304K) Eden: 150528K(150528K)->0K(152064K) From: 224K(11264K)->256K(10240K)
[92.444s][info][gc,heap        ] GC(989) ParOldGen: 146763K(349696K)->146771K(349696K)
[92.444s][info][gc,metaspace   ] GC(989) Metaspace: 61558K(62464K)->61558K(62464K) NonClass: 53972K(54464K)->53972K(54464K) Class: 7585K(8000K)->7585K(8000K)
[92.444s][info][gc             ] GC(989) Pause Young (Allocation Failure) 290M->143M(500M) 1.432ms
[92.444s][info][gc,cpu         ] GC(989) User=0.00s Sys=0.00s Real=0.00s
[92.541s][info][gc,start       ] GC(990) Pause Young (Allocation Failure)
[92.543s][info][gc,heap        ] GC(990) PSYoungGen: 152320K(162304K)->352K(162816K) Eden: 152064K(152064K)->0K(152064K) From: 256K(10240K)->352K(10752K)
[92.543s][info][gc,heap        ] GC(990) ParOldGen: 146771K(349696K)->146779K(349696K)
[92.543s][info][gc,metaspace   ] GC(990) Metaspace: 61558K(62464K)->61558K(62464K) NonClass: 53972K(54464K)->53972K(54464K) Class: 7585K(8000K)->7585K(8000K)
[92.543s][info][gc             ] GC(990) Pause Young (Allocation Failure) 292M->143M(500M) 1.507ms
[92.543s][info][gc,cpu         ] GC(990) User=0.00s Sys=0.00s Real=0.00s
[92.649s][info][gc,start       ] GC(991) Pause Young (Allocation Failure)
[92.652s][info][gc,heap        ] GC(991) PSYoungGen: 152416K(162816K)->160K(162816K) Eden: 152064K(152064K)->0K(153600K) From: 352K(10752K)->160K(9216K)
[92.652s][info][gc,heap        ] GC(991) ParOldGen: 146779K(349696K)->146867K(349696K)
[92.652s][info][gc,metaspace   ] GC(991) Metaspace: 61558K(62464K)->61558K(62464K) NonClass: 53972K(54464K)->53972K(54464K) Class: 7585K(8000K)->7585K(8000K)
[92.652s][info][gc             ] GC(991) Pause Young (Allocation Failure) 292M->143M(500M) 2.117ms
[92.652s][info][gc,cpu         ] GC(991) User=0.00s Sys=0.00s Real=0.00s
[92.758s][info][gc,start       ] GC(992) Pause Young (Allocation Failure)
[92.760s][info][gc,heap        ] GC(992) PSYoungGen: 153760K(162816K)->224K(163328K) Eden: 153600K(153600K)->0K(153600K) From: 160K(9216K)->224K(9728K)
[92.760s][info][gc,heap        ] GC(992) ParOldGen: 146867K(349696K)->146875K(349696K)
[92.760s][info][gc,metaspace   ] GC(992) Metaspace: 61558K(62464K)->61558K(62464K) NonClass: 53972K(54464K)->53972K(54464K) Class: 7585K(8000K)->7585K(8000K)
[92.760s][info][gc             ] GC(992) Pause Young (Allocation Failure) 293M->143M(501M) 1.501ms
[92.760s][info][gc,cpu         ] GC(992) User=0.00s Sys=0.00s Real=0.00s
[92.864s][info][gc,start       ] GC(993) Pause Young (Allocation Failure)
[92.865s][info][gc,heap        ] GC(993) PSYoungGen: 153824K(163328K)->160K(163840K) Eden: 153600K(153600K)->0K(155648K) From: 224K(9728K)->160K(8192K)
[92.865s][info][gc,heap        ] GC(993) ParOldGen: 146875K(349696K)->146883K(349696K)
[92.865s][info][gc,metaspace   ] GC(993) Metaspace: 61558K(62464K)->61558K(62464K) NonClass: 53972K(54464K)->53972K(54464K) Class: 7585K(8000K)->7585K(8000K)
[92.865s][info][gc             ] GC(993) Pause Young (Allocation Failure) 293M->143M(501M) 1.447ms
[92.866s][info][gc,cpu         ] GC(993) User=0.00s Sys=0.00s Real=0.00s
[92.957s][info][gc,start       ] GC(994) Pause Young (Allocation Failure)
[92.958s][info][gc,heap        ] GC(994) PSYoungGen: 155808K(163840K)->192K(164352K) Eden: 155648K(155648K)->0K(155648K) From: 160K(8192K)->192K(8704K)
[92.958s][info][gc,heap        ] GC(994) ParOldGen: 146883K(349696K)->146891K(349696K)
[92.958s][info][gc,metaspace   ] GC(994) Metaspace: 61558K(62464K)->61558K(62464K) NonClass: 53972K(54464K)->53972K(54464K) Class: 7585K(8000K)->7585K(8000K)
[92.958s][info][gc             ] GC(994) Pause Young (Allocation Failure) 295M->143M(502M) 1.380ms
[92.958s][info][gc,cpu         ] GC(994) User=0.00s Sys=0.00s Real=0.00s
[93.049s][info][gc,start       ] GC(995) Pause Young (Allocation Failure)
[93.051s][info][gc,heap        ] GC(995) PSYoungGen: 155840K(164352K)->224K(164864K) Eden: 155648K(155648K)->0K(157696K) From: 192K(8704K)->224K(7168K)
[93.051s][info][gc,heap        ] GC(995) ParOldGen: 146891K(349696K)->146907K(349696K)
[93.051s][info][gc,metaspace   ] GC(995) Metaspace: 61558K(62464K)->61558K(62464K) NonClass: 53972K(54464K)->53972K(54464K) Class: 7585K(8000K)->7585K(8000K)
[93.051s][info][gc             ] GC(995) Pause Young (Allocation Failure) 295M->143M(502M) 1.409ms
[93.051s][info][gc,cpu         ] GC(995) User=0.00s Sys=0.00s Real=0.00s
[93.094s][info][gc,start       ] GC(996) Pause Young (System.gc())
[93.096s][info][gc,heap        ] GC(996) PSYoungGen: 45521K(164864K)->384K(158208K) Eden: 45297K(157696K)->0K(157696K) From: 224K(7168K)->384K(512K)
[93.096s][info][gc,heap        ] GC(996) ParOldGen: 146907K(349696K)->146915K(349696K)
[93.096s][info][gc,metaspace   ] GC(996) Metaspace: 61559K(62464K)->61559K(62464K) NonClass: 53973K(54464K)->53973K(54464K) Class: 7585K(8000K)->7585K(8000K)
[93.096s][info][gc             ] GC(996) Pause Young (System.gc()) 187M->143M(496M) 1.817ms
[93.096s][info][gc,cpu         ] GC(996) User=0.00s Sys=0.00s Real=0.00s
[93.096s][info][gc,start       ] GC(997) Pause Full (System.gc())
[93.096s][info][gc,phases,start] GC(997) Marking Phase
[93.182s][info][gc,phases      ] GC(997) Marking Phase 86.319ms
[93.182s][info][gc,phases,start] GC(997) Summary Phase
[93.182s][info][gc,phases      ] GC(997) Summary Phase 0.014ms
[93.182s][info][gc,phases,start] GC(997) Adjust Roots
[93.192s][info][gc,phases      ] GC(997) Adjust Roots 9.749ms
[93.192s][info][gc,phases,start] GC(997) Compaction Phase
[93.213s][info][gc,phases      ] GC(997) Compaction Phase 20.333ms
[93.213s][info][gc,phases,start] GC(997) Post Compact
[93.214s][info][gc,phases      ] GC(997) Post Compact 1.098ms
[93.214s][info][gc,heap        ] GC(997) PSYoungGen: 384K(158208K)->0K(158208K) Eden: 0K(157696K)->0K(157696K) From: 384K(512K)->0K(512K)
[93.214s][info][gc,heap        ] GC(997) ParOldGen: 146915K(349696K)->102495K(349696K)
[93.214s][info][gc,metaspace   ] GC(997) Metaspace: 61559K(62464K)->61559K(62464K) NonClass: 53973K(54464K)->53973K(54464K) Class: 7585K(8000K)->7585K(8000K)
[93.214s][info][gc             ] GC(997) Pause Full (System.gc()) 143M->100M(496M) 117.965ms
[93.214s][info][gc,cpu         ] GC(997) User=0.88s Sys=0.00s Real=0.11s
[93.325s][info][gc,start       ] GC(998) Pause Young (Allocation Failure)
[93.328s][info][gc,heap        ] GC(998) PSYoungGen: 157696K(158208K)->3712K(164352K) Eden: 157696K(157696K)->0K(157184K) From: 0K(512K)->3712K(7168K)
[93.328s][info][gc,heap        ] GC(998) ParOldGen: 102495K(349696K)->102503K(349696K)
[93.328s][info][gc,metaspace   ] GC(998) Metaspace: 61574K(62528K)->61574K(62528K) NonClass: 53988K(54528K)->53988K(54528K) Class: 7585K(8000K)->7585K(8000K)
[93.328s][info][gc             ] GC(998) Pause Young (Allocation Failure) 254M->103M(502M) 3.267ms
[93.328s][info][gc,cpu         ] GC(998) User=0.17s Sys=0.00s Real=0.02s
[93.392s][info][gc,start       ] GC(999) Pause Young (Allocation Failure)
[93.406s][info][gc,heap        ] GC(999) PSYoungGen: 160896K(164352K)->6432K(164864K) Eden: 157184K(157184K)->0K(157184K) From: 3712K(7168K)->6432K(7680K)
[93.406s][info][gc,heap        ] GC(999) ParOldGen: 102503K(349696K)->106002K(349696K)
[93.406s][info][gc,metaspace   ] GC(999) Metaspace: 61574K(62528K)->61574K(62528K) NonClass: 53988K(54528K)->53988K(54528K) Class: 7585K(8000K)->7585K(8000K)
[93.407s][info][gc             ] GC(999) Pause Young (Allocation Failure) 257M->109M(502M) 14.885ms
[93.407s][info][gc,cpu         ] GC(999) User=0.03s Sys=0.00s Real=0.02s
[93.456s][info][gc,start       ] GC(1000) Pause Young (Allocation Failure)
[93.474s][info][gc,heap        ] GC(1000) PSYoungGen: 163616K(164864K)->7456K(162816K) Eden: 157184K(157184K)->0K(154112K) From: 6432K(7680K)->7456K(8704K)
[93.474s][info][gc,heap        ] GC(1000) ParOldGen: 106002K(349696K)->111650K(349696K)
[93.474s][info][gc,metaspace   ] GC(1000) Metaspace: 61574K(62528K)->61574K(62528K) NonClass: 53988K(54528K)->53988K(54528K) Class: 7585K(8000K)->7585K(8000K)
[93.474s][info][gc             ] GC(1000) Pause Young (Allocation Failure) 263M->116M(500M) 17.483ms
[93.474s][info][gc,cpu         ] GC(1000) User=0.03s Sys=0.00s Real=0.02s
[93.520s][info][gc,start       ] GC(1001) Pause Young (Allocation Failure)
[93.538s][info][gc,heap        ] GC(1001) PSYoungGen: 161568K(162816K)->6368K(160768K) Eden: 154112K(154112K)->0K(154112K) From: 7456K(8704K)->6368K(6656K)
[93.538s][info][gc,heap        ] GC(1001) ParOldGen: 111650K(349696K)->119026K(349696K)
[93.538s][info][gc,metaspace   ] GC(1001) Metaspace: 61574K(62528K)->61574K(62528K) NonClass: 53988K(54528K)->53988K(54528K) Class: 7585K(8000K)->7585K(8000K)
[93.538s][info][gc             ] GC(1001) Pause Young (Allocation Failure) 266M->122M(498M) 17.936ms
[93.538s][info][gc,cpu         ] GC(1001) User=0.03s Sys=0.00s Real=0.02s
[93.584s][info][gc,start       ] GC(1002) Pause Young (Allocation Failure)
[93.598s][info][gc,heap        ] GC(1002) PSYoungGen: 160480K(160768K)->8064K(160768K) Eden: 154112K(154112K)->0K(150016K) From: 6368K(6656K)->8064K(10752K)
[93.598s][info][gc,heap        ] GC(1002) ParOldGen: 119026K(349696K)->125210K(349696K)
[93.598s][info][gc,metaspace   ] GC(1002) Metaspace: 61574K(62528K)->61574K(62528K) NonClass: 53988K(54528K)->53988K(54528K) Class: 7585K(8000K)->7585K(8000K)
[93.598s][info][gc             ] GC(1002) Pause Young (Allocation Failure) 272M->130M(498M) 14.255ms
[93.598s][info][gc,cpu         ] GC(1002) User=0.17s Sys=0.00s Real=0.02s
[93.642s][info][gc,start       ] GC(1003) Pause Young (Allocation Failure)
[93.656s][info][gc,heap        ] GC(1003) PSYoungGen: 158080K(160768K)->6272K(162304K) Eden: 150016K(150016K)->0K(150016K) From: 8064K(10752K)->6272K(12288K)
[93.656s][info][gc,heap        ] GC(1003) ParOldGen: 125210K(349696K)->133202K(349696K)
[93.656s][info][gc,metaspace   ] GC(1003) Metaspace: 61574K(62528K)->61574K(62528K) NonClass: 53988K(54528K)->53988K(54528K) Class: 7585K(8000K)->7585K(8000K)
[93.656s][info][gc             ] GC(1003) Pause Young (Allocation Failure) 276M->136M(500M) 13.262ms
[93.656s][info][gc,cpu         ] GC(1003) User=0.17s Sys=0.00s Real=0.02s
[93.714s][info][gc,start       ] GC(1004) Pause Young (Allocation Failure)
[93.752s][info][gc,heap        ] GC(1004) PSYoungGen: 156288K(162304K)->6368K(162304K) Eden: 150016K(150016K)->0K(150016K) From: 6272K(12288K)->6368K(12288K)
[93.752s][info][gc,heap        ] GC(1004) ParOldGen: 133202K(349696K)->139362K(349696K)
[93.752s][info][gc,metaspace   ] GC(1004) Metaspace: 61574K(62528K)->61574K(62528K) NonClass: 53988K(54528K)->53988K(54528K) Class: 7585K(8000K)->7585K(8000K)
[93.752s][info][gc             ] GC(1004) Pause Young (Allocation Failure) 282M->142M(500M) 38.457ms
[93.752s][info][gc,cpu         ] GC(1004) User=0.56s Sys=0.00s Real=0.05s
[93.801s][info][gc,start       ] GC(1005) Pause Young (Allocation Failure)
[93.829s][info][gc,heap        ] GC(1005) PSYoungGen: 156384K(162304K)->1184K(162304K) Eden: 150016K(150016K)->0K(150016K) From: 6368K(12288K)->1184K(12288K)
[93.829s][info][gc,heap        ] GC(1005) ParOldGen: 139362K(349696K)->145634K(349696K)
[93.829s][info][gc,metaspace   ] GC(1005) Metaspace: 61574K(62528K)->61574K(62528K) NonClass: 53988K(54528K)->53988K(54528K) Class: 7585K(8000K)->7585K(8000K)
[93.829s][info][gc             ] GC(1005) Pause Young (Allocation Failure) 288M->143M(500M) 27.865ms
[93.829s][info][gc,cpu         ] GC(1005) User=0.38s Sys=0.00s Real=0.03s
[93.877s][info][gc,start       ] GC(1006) Pause Young (Allocation Failure)
[93.883s][info][gc,heap        ] GC(1006) PSYoungGen: 151200K(162304K)->128K(161280K) Eden: 150016K(150016K)->0K(150016K) From: 1184K(12288K)->128K(11264K)
[93.884s][info][gc,heap        ] GC(1006) ParOldGen: 145634K(349696K)->146786K(349696K)
[93.884s][info][gc,metaspace   ] GC(1006) Metaspace: 61574K(62528K)->61574K(62528K) NonClass: 53988K(54528K)->53988K(54528K) Class: 7585K(8000K)->7585K(8000K)
[93.884s][info][gc             ] GC(1006) Pause Young (Allocation Failure) 289M->143M(499M) 6.222ms
[93.884s][info][gc,cpu         ] GC(1006) User=0.00s Sys=0.00s Real=0.00s
[93.933s][info][gc,start       ] GC(1007) Pause Young (Allocation Failure)
[93.934s][info][gc,heap        ] GC(1007) PSYoungGen: 150144K(161280K)->256K(161792K) Eden: 150016K(150016K)->0K(150016K) From: 128K(11264K)->256K(11776K)
[93.934s][info][gc,heap        ] GC(1007) ParOldGen: 146786K(349696K)->146802K(349696K)
[93.934s][info][gc,metaspace   ] GC(1007) Metaspace: 61574K(62528K)->61574K(62528K) NonClass: 53988K(54528K)->53988K(54528K) Class: 7585K(8000K)->7585K(8000K)
[93.934s][info][gc             ] GC(1007) Pause Young (Allocation Failure) 289M->143M(499M) 1.435ms
[93.934s][info][gc,cpu         ] GC(1007) User=0.00s Sys=0.00s Real=0.00s
[93.981s][info][gc,start       ] GC(1008) Pause Young (Allocation Failure)
[93.982s][info][gc,heap        ] GC(1008) PSYoungGen: 150272K(161792K)->256K(161792K) Eden: 150016K(150016K)->0K(151040K) From: 256K(11776K)->256K(10752K)
[93.982s][info][gc,heap        ] GC(1008) ParOldGen: 146802K(349696K)->146810K(349696K)
[93.982s][info][gc,metaspace   ] GC(1008) Metaspace: 61574K(62528K)->61574K(62528K) NonClass: 53988K(54528K)->53988K(54528K) Class: 7585K(8000K)->7585K(8000K)
[93.982s][info][gc             ] GC(1008) Pause Young (Allocation Failure) 290M->143M(499M) 1.329ms
[93.982s][info][gc,cpu         ] GC(1008) User=0.02s Sys=0.06s Real=0.02s
[94.038s][info][gc,start       ] GC(1009) Pause Young (Allocation Failure)
[94.039s][info][gc,heap        ] GC(1009) PSYoungGen: 151296K(161792K)->192K(162304K) Eden: 151040K(151040K)->0K(151040K) From: 256K(10752K)->192K(11264K)
[94.039s][info][gc,heap        ] GC(1009) ParOldGen: 146810K(349696K)->146818K(349696K)
[94.039s][info][gc,metaspace   ] GC(1009) Metaspace: 61574K(62528K)->61574K(62528K) NonClass: 53988K(54528K)->53988K(54528K) Class: 7585K(8000K)->7585K(8000K)
[94.039s][info][gc             ] GC(1009) Pause Young (Allocation Failure) 291M->143M(500M) 1.412ms
[94.039s][info][gc,cpu         ] GC(1009) User=0.00s Sys=0.00s Real=0.00s
[94.110s][info][gc,start       ] GC(1010) Pause Young (Allocation Failure)
[94.111s][info][gc,heap        ] GC(1010) PSYoungGen: 151232K(162304K)->352K(162304K) Eden: 151040K(151040K)->0K(152576K) From: 192K(11264K)->352K(9728K)
[94.111s][info][gc,heap        ] GC(1010) ParOldGen: 146818K(349696K)->146826K(349696K)
[94.111s][info][gc,metaspace   ] GC(1010) Metaspace: 61574K(62528K)->61574K(62528K) NonClass: 53988K(54528K)->53988K(54528K) Class: 7585K(8000K)->7585K(8000K)
[94.111s][info][gc             ] GC(1010) Pause Young (Allocation Failure) 291M->143M(500M) 1.598ms
[94.111s][info][gc,cpu         ] GC(1010) User=0.00s Sys=0.00s Real=0.00s
[94.206s][info][gc,start       ] GC(1011) Pause Young (Allocation Failure)
[94.207s][info][gc,heap        ] GC(1011) PSYoungGen: 152928K(162304K)->128K(162816K) Eden: 152576K(152576K)->0K(152576K) From: 352K(9728K)->128K(10240K)
[94.207s][info][gc,heap        ] GC(1011) ParOldGen: 146826K(349696K)->146914K(349696K)
[94.207s][info][gc,metaspace   ] GC(1011) Metaspace: 61574K(62528K)->61574K(62528K) NonClass: 53988K(54528K)->53988K(54528K) Class: 7585K(8000K)->7585K(8000K)
[94.207s][info][gc             ] GC(1011) Pause Young (Allocation Failure) 292M->143M(500M) 1.496ms
[94.207s][info][gc,cpu         ] GC(1011) User=0.00s Sys=0.00s Real=0.00s
[94.297s][info][gc,start       ] GC(1012) Pause Young (Allocation Failure)
[94.298s][info][gc,heap        ] GC(1012) PSYoungGen: 152704K(162816K)->256K(164352K) Eden: 152576K(152576K)->0K(154624K) From: 128K(10240K)->256K(9728K)
[94.298s][info][gc,heap        ] GC(1012) ParOldGen: 146914K(349696K)->146922K(349696K)
[94.298s][info][gc,metaspace   ] GC(1012) Metaspace: 61574K(62528K)->61574K(62528K) NonClass: 53988K(54528K)->53988K(54528K) Class: 7585K(8000K)->7585K(8000K)
[94.298s][info][gc             ] GC(1012) Pause Young (Allocation Failure) 292M->143M(502M) 1.316ms
[94.298s][info][gc,cpu         ] GC(1012) User=0.00s Sys=0.00s Real=0.00s
[94.404s][info][gc,start       ] GC(1013) Pause Young (Allocation Failure)
[94.406s][info][gc,heap        ] GC(1013) PSYoungGen: 154880K(164352K)->192K(164352K) Eden: 154624K(154624K)->0K(154624K) From: 256K(9728K)->192K(9728K)
[94.406s][info][gc,heap        ] GC(1013) ParOldGen: 146922K(349696K)->146930K(349696K)
[94.406s][info][gc,metaspace   ] GC(1013) Metaspace: 61574K(62528K)->61574K(62528K) NonClass: 53988K(54528K)->53988K(54528K) Class: 7585K(8000K)->7585K(8000K)
[94.406s][info][gc             ] GC(1013) Pause Young (Allocation Failure) 294M->143M(502M) 1.406ms
[94.406s][info][gc,cpu         ] GC(1013) User=0.00s Sys=0.00s Real=0.00s
[94.543s][info][gc,start       ] GC(1014) Pause Young (Allocation Failure)
[94.544s][info][gc,heap        ] GC(1014) PSYoungGen: 154816K(164352K)->192K(164352K) Eden: 154624K(154624K)->0K(155648K) From: 192K(9728K)->192K(8704K)
[94.544s][info][gc,heap        ] GC(1014) ParOldGen: 146930K(349696K)->146938K(349696K)
[94.544s][info][gc,metaspace   ] GC(1014) Metaspace: 61574K(62528K)->61574K(62528K) NonClass: 53988K(54528K)->53988K(54528K) Class: 7585K(8000K)->7585K(8000K)
[94.544s][info][gc             ] GC(1014) Pause Young (Allocation Failure) 294M->143M(502M) 1.470ms
[94.544s][info][gc,cpu         ] GC(1014) User=0.00s Sys=0.00s Real=0.00s
[94.636s][info][gc,start       ] GC(1015) Pause Young (Allocation Failure)
[94.636s][info][gc,heap        ] GC(1015) PSYoungGen: 155840K(164352K)->128K(164352K) Eden: 155648K(155648K)->0K(155648K) From: 192K(8704K)->128K(8704K)
[94.636s][info][gc,heap        ] GC(1015) ParOldGen: 146938K(349696K)->146946K(349696K)
[94.636s][info][gc,metaspace   ] GC(1015) Metaspace: 61574K(62528K)->61574K(62528K) NonClass: 53988K(54528K)->53988K(54528K) Class: 7585K(8000K)->7585K(8000K)
[94.636s][info][gc             ] GC(1015) Pause Young (Allocation Failure) 295M->143M(502M) 0.879ms
[94.636s][info][gc,cpu         ] GC(1015) User=0.00s Sys=0.00s Real=0.00s
[94.728s][info][gc,start       ] GC(1016) Pause Young (Allocation Failure)
[94.729s][info][gc,heap        ] GC(1016) PSYoungGen: 155776K(164352K)->192K(165376K) Eden: 155648K(155648K)->0K(157696K) From: 128K(8704K)->192K(7680K)
[94.729s][info][gc,heap        ] GC(1016) ParOldGen: 146946K(349696K)->146962K(349696K)
[94.729s][info][gc,metaspace   ] GC(1016) Metaspace: 61574K(62528K)->61574K(62528K) NonClass: 53988K(54528K)->53988K(54528K) Class: 7585K(8000K)->7585K(8000K)
[94.729s][info][gc             ] GC(1016) Pause Young (Allocation Failure) 295M->143M(503M) 1.435ms
[94.729s][info][gc,cpu         ] GC(1016) User=0.00s Sys=0.00s Real=0.00s
[94.768s][info][gc,start       ] GC(1017) Pause Young (System.gc())
[94.770s][info][gc,heap        ] GC(1017) PSYoungGen: 40053K(165376K)->384K(158208K) Eden: 39861K(157696K)->0K(157696K) From: 192K(7680K)->384K(512K)
[94.770s][info][gc,heap        ] GC(1017) ParOldGen: 146962K(349696K)->146970K(349696K)
[94.770s][info][gc,metaspace   ] GC(1017) Metaspace: 61583K(62528K)->61583K(62528K) NonClass: 53997K(54528K)->53997K(54528K) Class: 7585K(8000K)->7585K(8000K)
[94.770s][info][gc             ] GC(1017) Pause Young (System.gc()) 182M->143M(496M) 2.026ms
[94.770s][info][gc,cpu         ] GC(1017) User=0.00s Sys=0.00s Real=0.00s
[94.771s][info][gc,start       ] GC(1018) Pause Full (System.gc())
[94.771s][info][gc,phases,start] GC(1018) Marking Phase
[94.862s][info][gc,phases      ] GC(1018) Marking Phase 91.018ms
[94.862s][info][gc,phases,start] GC(1018) Summary Phase
[94.862s][info][gc,phases      ] GC(1018) Summary Phase 0.013ms
[94.862s][info][gc,phases,start] GC(1018) Adjust Roots
[94.874s][info][gc,phases      ] GC(1018) Adjust Roots 11.953ms
[94.874s][info][gc,phases,start] GC(1018) Compaction Phase
[94.902s][info][gc,phases      ] GC(1018) Compaction Phase 28.389ms
[94.902s][info][gc,phases,start] GC(1018) Post Compact
[94.903s][info][gc,phases      ] GC(1018) Post Compact 1.077ms
[94.903s][info][gc,heap        ] GC(1018) PSYoungGen: 384K(158208K)->0K(158208K) Eden: 0K(157696K)->0K(157696K) From: 384K(512K)->0K(512K)
[94.903s][info][gc,heap        ] GC(1018) ParOldGen: 146970K(349696K)->102512K(349696K)
[94.903s][info][gc,metaspace   ] GC(1018) Metaspace: 61583K(62528K)->61583K(62528K) NonClass: 53997K(54528K)->53997K(54528K) Class: 7585K(8000K)->7585K(8000K)
[94.903s][info][gc             ] GC(1018) Pause Full (System.gc()) 143M->100M(496M) 132.808ms
[94.903s][info][gc,cpu         ] GC(1018) User=0.98s Sys=0.00s Real=0.12s
[95.018s][info][gc,start       ] GC(1019) Pause Young (Allocation Failure)
[95.021s][info][gc,heap        ] GC(1019) PSYoungGen: 157696K(158208K)->3488K(164352K) Eden: 157696K(157696K)->0K(157184K) From: 0K(512K)->3488K(7168K)
[95.021s][info][gc,heap        ] GC(1019) ParOldGen: 102512K(349696K)->102520K(349696K)
[95.021s][info][gc,metaspace   ] GC(1019) Metaspace: 61622K(62528K)->61622K(62528K) NonClass: 54036K(54528K)->54036K(54528K) Class: 7585K(8000K)->7585K(8000K)
[95.021s][info][gc             ] GC(1019) Pause Young (Allocation Failure) 254M->103M(502M) 3.143ms
[95.021s][info][gc,cpu         ] GC(1019) User=0.00s Sys=0.00s Real=0.00s
[95.072s][info][gc,start       ] GC(1020) Pause Young (Allocation Failure)
[95.080s][info][gc,heap        ] GC(1020) PSYoungGen: 160672K(164352K)->5856K(164864K) Eden: 157184K(157184K)->0K(157184K) From: 3488K(7168K)->5856K(7680K)
[95.080s][info][gc,heap        ] GC(1020) ParOldGen: 102520K(349696K)->105768K(349696K)
[95.080s][info][gc,metaspace   ] GC(1020) Metaspace: 61622K(62528K)->61622K(62528K) NonClass: 54036K(54528K)->54036K(54528K) Class: 7585K(8000K)->7585K(8000K)
[95.080s][info][gc             ] GC(1020) Pause Young (Allocation Failure) 257M->109M(502M) 7.699ms
[95.080s][info][gc,cpu         ] GC(1020) User=0.19s Sys=0.00s Real=0.02s
[95.126s][info][gc,start       ] GC(1021) Pause Young (Allocation Failure)
[95.145s][info][gc,heap        ] GC(1021) PSYoungGen: 163040K(164864K)->7328K(163840K) Eden: 157184K(157184K)->0K(155136K) From: 5856K(7680K)->7328K(8704K)
[95.145s][info][gc,heap        ] GC(1021) ParOldGen: 105768K(349696K)->110992K(349696K)
[95.145s][info][gc,metaspace   ] GC(1021) Metaspace: 61622K(62528K)->61622K(62528K) NonClass: 54036K(54528K)->54036K(54528K) Class: 7585K(8000K)->7585K(8000K)
[95.145s][info][gc             ] GC(1021) Pause Young (Allocation Failure) 262M->115M(501M) 18.638ms
[95.145s][info][gc,cpu         ] GC(1021) User=0.03s Sys=0.00s Real=0.02s
[95.193s][info][gc,start       ] GC(1022) Pause Young (Allocation Failure)
[95.209s][info][gc,heap        ] GC(1022) PSYoungGen: 162464K(163840K)->6592K(161792K) Eden: 155136K(155136K)->0K(155136K) From: 7328K(8704K)->6592K(6656K)
[95.209s][info][gc,heap        ] GC(1022) ParOldGen: 110992K(349696K)->118144K(349696K)
[95.209s][info][gc,metaspace   ] GC(1022) Metaspace: 61622K(62528K)->61622K(62528K) NonClass: 54036K(54528K)->54036K(54528K) Class: 7585K(8000K)->7585K(8000K)
[95.209s][info][gc             ] GC(1022) Pause Young (Allocation Failure) 267M->121M(499M) 16.395ms
[95.209s][info][gc,cpu         ] GC(1022) User=0.03s Sys=0.00s Real=0.02s
[95.260s][info][gc,start       ] GC(1023) Pause Young (Allocation Failure)
[95.273s][info][gc,heap        ] GC(1023) PSYoungGen: 161728K(161792K)->7616K(161792K) Eden: 155136K(155136K)->0K(151040K) From: 6592K(6656K)->7616K(10752K)
[95.274s][info][gc,heap        ] GC(1023) ParOldGen: 118144K(349696K)->124600K(349696K)
[95.274s][info][gc,metaspace   ] GC(1023) Metaspace: 61622K(62528K)->61622K(62528K) NonClass: 54036K(54528K)->54036K(54528K) Class: 7585K(8000K)->7585K(8000K)
[95.274s][info][gc             ] GC(1023) Pause Young (Allocation Failure) 273M->129M(499M) 13.607ms
[95.274s][info][gc,cpu         ] GC(1023) User=0.19s Sys=0.00s Real=0.02s
[95.320s][info][gc,start       ] GC(1024) Pause Young (Allocation Failure)
[95.333s][info][gc,heap        ] GC(1024) PSYoungGen: 158656K(161792K)->5920K(162816K) Eden: 151040K(151040K)->0K(151040K) From: 7616K(10752K)->5920K(11776K)
[95.333s][info][gc,heap        ] GC(1024) ParOldGen: 124600K(349696K)->132144K(349696K)
[95.333s][info][gc,metaspace   ] GC(1024) Metaspace: 61622K(62528K)->61622K(62528K) NonClass: 54036K(54528K)->54036K(54528K) Class: 7585K(8000K)->7585K(8000K)
[95.333s][info][gc             ] GC(1024) Pause Young (Allocation Failure) 276M->134M(500M) 13.227ms
[95.334s][info][gc,cpu         ] GC(1024) User=0.19s Sys=0.00s Real=0.02s
[95.384s][info][gc,start       ] GC(1025) Pause Young (Allocation Failure)
[95.431s][info][gc,heap        ] GC(1025) PSYoungGen: 156960K(162816K)->7488K(160768K) Eden: 151040K(151040K)->0K(148992K) From: 5920K(11776K)->7488K(11776K)
[95.431s][info][gc,heap        ] GC(1025) ParOldGen: 132144K(349696K)->137912K(349696K)
[95.431s][info][gc,metaspace   ] GC(1025) Metaspace: 61622K(62528K)->61622K(62528K) NonClass: 54036K(54528K)->54036K(54528K) Class: 7585K(8000K)->7585K(8000K)
[95.431s][info][gc             ] GC(1025) Pause Young (Allocation Failure) 282M->141M(498M) 47.334ms
[95.431s][info][gc,cpu         ] GC(1025) User=0.42s Sys=0.00s Real=0.05s
[95.480s][info][gc,start       ] GC(1026) Pause Young (Allocation Failure)
[95.508s][info][gc,heap        ] GC(1026) PSYoungGen: 156480K(160768K)->1728K(161792K) Eden: 148992K(148992K)->0K(148992K) From: 7488K(11776K)->1728K(12800K)
[95.508s][info][gc,heap        ] GC(1026) ParOldGen: 137912K(349696K)->145272K(349696K)
[95.508s][info][gc,metaspace   ] GC(1026) Metaspace: 61627K(62528K)->61627K(62528K) NonClass: 54041K(54528K)->54041K(54528K) Class: 7585K(8000K)->7585K(8000K)
[95.508s][info][gc             ] GC(1026) Pause Young (Allocation Failure) 287M->143M(499M) 28.670ms
[95.508s][info][gc,cpu         ] GC(1026) User=0.34s Sys=0.00s Real=0.03s
[95.555s][info][gc,start       ] GC(1027) Pause Young (Allocation Failure)
[95.564s][info][gc,heap        ] GC(1027) PSYoungGen: 150720K(161792K)->160K(160256K) Eden: 148992K(148992K)->0K(149504K) From: 1728K(12800K)->160K(10752K)
[95.564s][info][gc,heap        ] GC(1027) ParOldGen: 145272K(349696K)->146768K(349696K)
[95.564s][info][gc,metaspace   ] GC(1027) Metaspace: 61627K(62528K)->61627K(62528K) NonClass: 54041K(54528K)->54041K(54528K) Class: 7585K(8000K)->7585K(8000K)
[95.564s][info][gc             ] GC(1027) Pause Young (Allocation Failure) 289M->143M(498M) 8.419ms
[95.564s][info][gc,cpu         ] GC(1027) User=0.00s Sys=0.00s Real=0.00s
[95.618s][info][gc,start       ] GC(1028) Pause Young (Allocation Failure)
[95.619s][info][gc,heap        ] GC(1028) PSYoungGen: 149664K(160256K)->192K(161280K) Eden: 149504K(149504K)->0K(149504K) From: 160K(10752K)->192K(11776K)
[95.619s][info][gc,heap        ] GC(1028) ParOldGen: 146768K(349696K)->146784K(349696K)
[95.619s][info][gc,metaspace   ] GC(1028) Metaspace: 61627K(62528K)->61627K(62528K) NonClass: 54041K(54528K)->54041K(54528K) Class: 7585K(8000K)->7585K(8000K)
[95.619s][info][gc             ] GC(1028) Pause Young (Allocation Failure) 289M->143M(499M) 1.415ms
[95.619s][info][gc,cpu         ] GC(1028) User=0.00s Sys=0.00s Real=0.00s
[95.675s][info][gc,start       ] GC(1029) Pause Young (Allocation Failure)
[95.676s][info][gc,heap        ] GC(1029) PSYoungGen: 149696K(161280K)->320K(161792K) Eden: 149504K(149504K)->0K(151040K) From: 192K(11776K)->320K(10752K)
[95.676s][info][gc,heap        ] GC(1029) ParOldGen: 146784K(349696K)->146792K(349696K)
[95.676s][info][gc,metaspace   ] GC(1029) Metaspace: 61627K(62528K)->61627K(62528K) NonClass: 54041K(54528K)->54041K(54528K) Class: 7585K(8000K)->7585K(8000K)
[95.676s][info][gc             ] GC(1029) Pause Young (Allocation Failure) 289M->143M(499M) 1.485ms
[95.676s][info][gc,cpu         ] GC(1029) User=0.00s Sys=0.00s Real=0.00s
[95.733s][info][gc,start       ] GC(1030) Pause Young (Allocation Failure)
[95.734s][info][gc,heap        ] GC(1030) PSYoungGen: 151360K(161792K)->192K(162304K) Eden: 151040K(151040K)->0K(151040K) From: 320K(10752K)->192K(11264K)
[95.734s][info][gc,heap        ] GC(1030) ParOldGen: 146792K(349696K)->146880K(349696K)
[95.734s][info][gc,metaspace   ] GC(1030) Metaspace: 61627K(62528K)->61627K(62528K) NonClass: 54041K(54528K)->54041K(54528K) Class: 7585K(8000K)->7585K(8000K)
[95.734s][info][gc             ] GC(1030) Pause Young (Allocation Failure) 291M->143M(500M) 1.325ms
[95.734s][info][gc,cpu         ] GC(1030) User=0.00s Sys=0.00s Real=0.00s
[95.789s][info][gc,start       ] GC(1031) Pause Young (Allocation Failure)
[95.790s][info][gc,heap        ] GC(1031) PSYoungGen: 151232K(162304K)->224K(162304K) Eden: 151040K(151040K)->0K(152576K) From: 192K(11264K)->224K(9728K)
[95.791s][info][gc,heap        ] GC(1031) ParOldGen: 146880K(349696K)->146888K(349696K)
[95.791s][info][gc,metaspace   ] GC(1031) Metaspace: 61627K(62528K)->61627K(62528K) NonClass: 54041K(54528K)->54041K(54528K) Class: 7585K(8000K)->7585K(8000K)
[95.791s][info][gc             ] GC(1031) Pause Young (Allocation Failure) 291M->143M(500M) 1.405ms
[95.791s][info][gc,cpu         ] GC(1031) User=0.00s Sys=0.00s Real=0.00s
[95.875s][info][gc,start       ] GC(1032) Pause Young (Allocation Failure)
[95.876s][info][gc,heap        ] GC(1032) PSYoungGen: 152800K(162304K)->352K(162816K) Eden: 152576K(152576K)->0K(152576K) From: 224K(9728K)->352K(10240K)
[95.876s][info][gc,heap        ] GC(1032) ParOldGen: 146888K(349696K)->146904K(349696K)
[95.876s][info][gc,metaspace   ] GC(1032) Metaspace: 61635K(62528K)->61635K(62528K) NonClass: 54049K(54528K)->54049K(54528K) Class: 7585K(8000K)->7585K(8000K)
[95.876s][info][gc             ] GC(1032) Pause Young (Allocation Failure) 292M->143M(500M) 1.532ms
[95.876s][info][gc,cpu         ] GC(1032) User=0.00s Sys=0.00s Real=0.00s
[95.966s][info][gc,start       ] GC(1033) Pause Young (Allocation Failure)
[95.967s][info][gc,heap        ] GC(1033) PSYoungGen: 152928K(162816K)->128K(163328K) Eden: 152576K(152576K)->0K(154112K) From: 352K(10240K)->128K(9216K)
[95.967s][info][gc,heap        ] GC(1033) ParOldGen: 146904K(349696K)->146992K(349696K)
[95.967s][info][gc,metaspace   ] GC(1033) Metaspace: 61635K(62528K)->61635K(62528K) NonClass: 54049K(54528K)->54049K(54528K) Class: 7585K(8000K)->7585K(8000K)
[95.967s][info][gc             ] GC(1033) Pause Young (Allocation Failure) 292M->143M(501M) 0.820ms
[95.967s][info][gc,cpu         ] GC(1033) User=0.00s Sys=0.00s Real=0.00s
[96.058s][info][gc,start       ] GC(1034) Pause Young (Allocation Failure)
[96.059s][info][gc,heap        ] GC(1034) PSYoungGen: 154240K(163328K)->224K(163840K) Eden: 154112K(154112K)->0K(154112K) From: 128K(9216K)->224K(9728K)
[96.059s][info][gc,heap        ] GC(1034) ParOldGen: 146992K(349696K)->147000K(349696K)
[96.059s][info][gc,metaspace   ] GC(1034) Metaspace: 61635K(62528K)->61635K(62528K) NonClass: 54049K(54528K)->54049K(54528K) Class: 7585K(8000K)->7585K(8000K)
[96.059s][info][gc             ] GC(1034) Pause Young (Allocation Failure) 294M->143M(501M) 1.486ms
[96.059s][info][gc,cpu         ] GC(1034) User=0.03s Sys=0.00s Real=0.02s
[96.183s][info][gc,start       ] GC(1035) Pause Young (Allocation Failure)
[96.185s][info][gc,heap        ] GC(1035) PSYoungGen: 154336K(163840K)->256K(163840K) Eden: 154112K(154112K)->0K(155648K) From: 224K(9728K)->256K(8192K)
[96.185s][info][gc,heap        ] GC(1035) ParOldGen: 147000K(349696K)->147008K(349696K)
[96.185s][info][gc,metaspace   ] GC(1035) Metaspace: 61635K(62528K)->61635K(62528K) NonClass: 54049K(54528K)->54049K(54528K) Class: 7585K(8000K)->7585K(8000K)
[96.185s][info][gc             ] GC(1035) Pause Young (Allocation Failure) 294M->143M(501M) 1.403ms
[96.185s][info][gc,cpu         ] GC(1035) User=0.19s Sys=0.00s Real=0.02s
[96.277s][info][gc,start       ] GC(1036) Pause Young (Allocation Failure)
[96.278s][info][gc,heap        ] GC(1036) PSYoungGen: 155904K(163840K)->192K(164352K) Eden: 155648K(155648K)->0K(155648K) From: 256K(8192K)->192K(8704K)
[96.278s][info][gc,heap        ] GC(1036) ParOldGen: 147008K(349696K)->147016K(349696K)
[96.278s][info][gc,metaspace   ] GC(1036) Metaspace: 61635K(62528K)->61635K(62528K) NonClass: 54049K(54528K)->54049K(54528K) Class: 7585K(8000K)->7585K(8000K)
[96.278s][info][gc             ] GC(1036) Pause Young (Allocation Failure) 295M->143M(502M) 1.382ms
[96.278s][info][gc,cpu         ] GC(1036) User=0.03s Sys=0.00s Real=0.02s
[96.370s][info][gc,start       ] GC(1037) Pause Young (Allocation Failure)
[96.370s][info][gc,heap        ] GC(1037) PSYoungGen: 155840K(164352K)->192K(164864K) Eden: 155648K(155648K)->0K(157696K) From: 192K(8704K)->192K(7168K)
[96.370s][info][gc,heap        ] GC(1037) ParOldGen: 147016K(349696K)->147032K(349696K)
[96.370s][info][gc,metaspace   ] GC(1037) Metaspace: 61635K(62528K)->61635K(62528K) NonClass: 54049K(54528K)->54049K(54528K) Class: 7585K(8000K)->7585K(8000K)
[96.370s][info][gc             ] GC(1037) Pause Young (Allocation Failure) 295M->143M(502M) 0.823ms
[96.370s][info][gc,cpu         ] GC(1037) User=0.00s Sys=0.00s Real=0.00s
[96.409s][info][gc,start       ] GC(1038) Pause Young (System.gc())
[96.411s][info][gc,heap        ] GC(1038) PSYoungGen: 36425K(164864K)->384K(158208K) Eden: 36233K(157696K)->0K(157696K) From: 192K(7168K)->384K(512K)
[96.411s][info][gc,heap        ] GC(1038) ParOldGen: 147032K(349696K)->147056K(349696K)
[96.411s][info][gc,metaspace   ] GC(1038) Metaspace: 61648K(62528K)->61648K(62528K) NonClass: 54062K(54528K)->54062K(54528K) Class: 7585K(8000K)->7585K(8000K)
[96.411s][info][gc             ] GC(1038) Pause Young (System.gc()) 179M->143M(496M) 1.833ms
[96.411s][info][gc,cpu         ] GC(1038) User=0.00s Sys=0.00s Real=0.00s
[96.411s][info][gc,start       ] GC(1039) Pause Full (System.gc())
[96.412s][info][gc,phases,start] GC(1039) Marking Phase
[96.500s][info][gc,phases      ] GC(1039) Marking Phase 88.929ms
[96.500s][info][gc,phases,start] GC(1039) Summary Phase
[96.501s][info][gc,phases      ] GC(1039) Summary Phase 0.015ms
[96.501s][info][gc,phases,start] GC(1039) Adjust Roots
[96.510s][info][gc,phases      ] GC(1039) Adjust Roots 9.741ms
[96.510s][info][gc,phases,start] GC(1039) Compaction Phase
[96.531s][info][gc,phases      ] GC(1039) Compaction Phase 20.472ms
[96.531s][info][gc,phases,start] GC(1039) Post Compact
[96.532s][info][gc,phases      ] GC(1039) Post Compact 1.114ms
[96.532s][info][gc,heap        ] GC(1039) PSYoungGen: 384K(158208K)->0K(158208K) Eden: 0K(157696K)->0K(157696K) From: 384K(512K)->0K(512K)
[96.532s][info][gc,heap        ] GC(1039) ParOldGen: 147056K(349696K)->102525K(349696K)
[96.532s][info][gc,metaspace   ] GC(1039) Metaspace: 61648K(62528K)->61648K(62528K) NonClass: 54062K(54528K)->54062K(54528K) Class: 7585K(8000K)->7585K(8000K)
[96.532s][info][gc             ] GC(1039) Pause Full (System.gc()) 143M->100M(496M) 120.711ms
[96.532s][info][gc,cpu         ] GC(1039) User=1.22s Sys=0.00s Real=0.13s
[96.654s][info][gc,start       ] GC(1040) Pause Young (Allocation Failure)
[96.659s][info][gc,heap        ] GC(1040) PSYoungGen: 157696K(158208K)->4000K(164352K) Eden: 157696K(157696K)->0K(157184K) From: 0K(512K)->4000K(7168K)
[96.659s][info][gc,heap        ] GC(1040) ParOldGen: 102525K(349696K)->102525K(349696K)
[96.659s][info][gc,metaspace   ] GC(1040) Metaspace: 61674K(62528K)->61674K(62528K) NonClass: 54089K(54528K)->54089K(54528K) Class: 7585K(8000K)->7585K(8000K)
[96.659s][info][gc             ] GC(1040) Pause Young (Allocation Failure) 254M->104M(502M) 5.154ms
[96.659s][info][gc,cpu         ] GC(1040) User=0.00s Sys=0.00s Real=0.00s
[96.715s][info][gc,start       ] GC(1041) Pause Young (Allocation Failure)
[96.727s][info][gc,heap        ] GC(1041) PSYoungGen: 161184K(164352K)->5728K(164864K) Eden: 157184K(157184K)->0K(157184K) From: 4000K(7168K)->5728K(7680K)
[96.738s][info][gc,heap        ] GC(1041) ParOldGen: 102525K(349696K)->106099K(349696K)
[96.738s][info][gc,metaspace   ] GC(1041) Metaspace: 61674K(62528K)->61674K(62528K) NonClass: 54089K(54528K)->54089K(54528K) Class: 7585K(8000K)->7585K(8000K)
[96.738s][info][gc             ] GC(1041) Pause Young (Allocation Failure) 257M->109M(502M) 23.557ms
[96.739s][info][gc,cpu         ] GC(1041) User=0.03s Sys=0.00s Real=0.03s
[96.795s][info][gc,start       ] GC(1042) Pause Young (Allocation Failure)
[96.808s][info][gc,heap        ] GC(1042) PSYoungGen: 162912K(164864K)->6784K(163840K) Eden: 157184K(157184K)->0K(155136K) From: 5728K(7680K)->6784K(8704K)
[96.808s][info][gc,heap        ] GC(1042) ParOldGen: 106099K(349696K)->111187K(349696K)
[96.808s][info][gc,metaspace   ] GC(1042) Metaspace: 61674K(62528K)->61674K(62528K) NonClass: 54089K(54528K)->54089K(54528K) Class: 7585K(8000K)->7585K(8000K)
[96.808s][info][gc             ] GC(1042) Pause Young (Allocation Failure) 262M->115M(501M) 13.147ms
[96.808s][info][gc,cpu         ] GC(1042) User=0.03s Sys=0.00s Real=0.02s
[96.853s][info][gc,start       ] GC(1043) Pause Young (Allocation Failure)
[96.866s][info][gc,heap        ] GC(1043) PSYoungGen: 161920K(163840K)->6656K(161792K) Eden: 155136K(155136K)->0K(155136K) From: 6784K(8704K)->6656K(6656K)
[96.866s][info][gc,heap        ] GC(1043) ParOldGen: 111187K(349696K)->117859K(349696K)
[96.866s][info][gc,metaspace   ] GC(1043) Metaspace: 61674K(62528K)->61674K(62528K) NonClass: 54089K(54528K)->54089K(54528K) Class: 7585K(8000K)->7585K(8000K)
[96.866s][info][gc             ] GC(1043) Pause Young (Allocation Failure) 266M->121M(499M) 13.214ms
[96.866s][info][gc,cpu         ] GC(1043) User=0.19s Sys=0.00s Real=0.02s
[96.917s][info][gc,start       ] GC(1044) Pause Young (Allocation Failure)
[96.933s][info][gc,heap        ] GC(1044) PSYoungGen: 161792K(161792K)->7552K(161792K) Eden: 155136K(155136K)->0K(151040K) From: 6656K(6656K)->7552K(10752K)
[96.933s][info][gc,heap        ] GC(1044) ParOldGen: 117859K(349696K)->124299K(349696K)
[96.933s][info][gc,metaspace   ] GC(1044) Metaspace: 61674K(62528K)->61674K(62528K) NonClass: 54089K(54528K)->54089K(54528K) Class: 7585K(8000K)->7585K(8000K)
[96.933s][info][gc             ] GC(1044) Pause Young (Allocation Failure) 273M->128M(499M) 15.998ms
[96.933s][info][gc,cpu         ] GC(1044) User=0.19s Sys=0.00s Real=0.02s
[96.980s][info][gc,start       ] GC(1045) Pause Young (Allocation Failure)
[96.994s][info][gc,heap        ] GC(1045) PSYoungGen: 158592K(161792K)->6880K(158208K) Eden: 151040K(151040K)->0K(151040K) From: 7552K(10752K)->6880K(7168K)
[96.994s][info][gc,heap        ] GC(1045) ParOldGen: 124299K(349696K)->131747K(349696K)
[96.994s][info][gc,metaspace   ] GC(1045) Metaspace: 61674K(62528K)->61674K(62528K) NonClass: 54089K(54528K)->54089K(54528K) Class: 7585K(8000K)->7585K(8000K)
[96.994s][info][gc             ] GC(1045) Pause Young (Allocation Failure) 276M->135M(496M) 13.752ms
[96.994s][info][gc,cpu         ] GC(1045) User=0.19s Sys=0.00s Real=0.02s
[97.048s][info][gc,start       ] GC(1046) Pause Young (Allocation Failure)
[97.090s][info][gc,heap        ] GC(1046) PSYoungGen: 157920K(158208K)->6144K(162304K) Eden: 151040K(151040K)->0K(150016K) From: 6880K(7168K)->6144K(12288K)
[97.090s][info][gc,heap        ] GC(1046) ParOldGen: 131747K(349696K)->138491K(349696K)
[97.090s][info][gc,metaspace   ] GC(1046) Metaspace: 61674K(62528K)->61674K(62528K) NonClass: 54089K(54528K)->54089K(54528K) Class: 7585K(8000K)->7585K(8000K)
[97.090s][info][gc             ] GC(1046) Pause Young (Allocation Failure) 282M->141M(500M) 42.010ms
[97.090s][info][gc,cpu         ] GC(1046) User=0.52s Sys=0.00s Real=0.05s
[97.140s][info][gc,start       ] GC(1047) Pause Young (Allocation Failure)
[97.171s][info][gc,heap        ] GC(1047) PSYoungGen: 156160K(162304K)->2432K(152576K) Eden: 150016K(150016K)->0K(150016K) From: 6144K(12288K)->2432K(2560K)
[97.171s][info][gc,heap        ] GC(1047) ParOldGen: 138491K(349696K)->144475K(349696K)
[97.171s][info][gc,metaspace   ] GC(1047) Metaspace: 61674K(62528K)->61674K(62528K) NonClass: 54089K(54528K)->54089K(54528K) Class: 7585K(8000K)->7585K(8000K)
[97.171s][info][gc             ] GC(1047) Pause Young (Allocation Failure) 287M->143M(490M) 30.875ms
[97.171s][info][gc,cpu         ] GC(1047) User=0.38s Sys=0.00s Real=0.03s
[97.218s][info][gc,start       ] GC(1048) Pause Young (Allocation Failure)
[97.230s][info][gc,heap        ] GC(1048) PSYoungGen: 152448K(152576K)->192K(161792K) Eden: 150016K(150016K)->0K(150016K) From: 2432K(2560K)->192K(11776K)
[97.230s][info][gc,heap        ] GC(1048) ParOldGen: 144475K(349696K)->146763K(349696K)
[97.230s][info][gc,metaspace   ] GC(1048) Metaspace: 61674K(62528K)->61674K(62528K) NonClass: 54089K(54528K)->54089K(54528K) Class: 7585K(8000K)->7585K(8000K)
[97.230s][info][gc             ] GC(1048) Pause Young (Allocation Failure) 289M->143M(499M) 11.545ms
[97.230s][info][gc,cpu         ] GC(1048) User=0.17s Sys=0.00s Real=0.02s
[97.278s][info][gc,start       ] GC(1049) Pause Young (Allocation Failure)
[97.279s][info][gc,heap        ] GC(1049) PSYoungGen: 150208K(161792K)->256K(161792K) Eden: 150016K(150016K)->0K(150016K) From: 192K(11776K)->256K(11776K)
[97.279s][info][gc,heap        ] GC(1049) ParOldGen: 146763K(349696K)->146771K(349696K)
[97.279s][info][gc,metaspace   ] GC(1049) Metaspace: 61674K(62528K)->61674K(62528K) NonClass: 54089K(54528K)->54089K(54528K) Class: 7585K(8000K)->7585K(8000K)
[97.279s][info][gc             ] GC(1049) Pause Young (Allocation Failure) 290M->143M(499M) 1.352ms
[97.279s][info][gc,cpu         ] GC(1049) User=0.00s Sys=0.00s Real=0.00s
[97.334s][info][gc,start       ] GC(1050) Pause Young (Allocation Failure)
[97.335s][info][gc,heap        ] GC(1050) PSYoungGen: 150272K(161792K)->256K(162304K) Eden: 150016K(150016K)->0K(151552K) From: 256K(11776K)->256K(10752K)
[97.335s][info][gc,heap        ] GC(1050) ParOldGen: 146771K(349696K)->146787K(349696K)
[97.335s][info][gc,metaspace   ] GC(1050) Metaspace: 61674K(62528K)->61674K(62528K) NonClass: 54089K(54528K)->54089K(54528K) Class: 7585K(8000K)->7585K(8000K)
[97.335s][info][gc             ] GC(1050) Pause Young (Allocation Failure) 290M->143M(500M) 1.424ms
[97.335s][info][gc,cpu         ] GC(1050) User=0.00s Sys=0.00s Real=0.00s
[97.392s][info][gc,start       ] GC(1051) Pause Young (Allocation Failure)
[97.394s][info][gc,heap        ] GC(1051) PSYoungGen: 151808K(162304K)->224K(162304K) Eden: 151552K(151552K)->0K(151552K) From: 256K(10752K)->224K(10752K)
[97.394s][info][gc,heap        ] GC(1051) ParOldGen: 146787K(349696K)->146803K(349696K)
[97.394s][info][gc,metaspace   ] GC(1051) Metaspace: 61674K(62528K)->61674K(62528K) NonClass: 54089K(54528K)->54089K(54528K) Class: 7585K(8000K)->7585K(8000K)
[97.394s][info][gc             ] GC(1051) Pause Young (Allocation Failure) 291M->143M(500M) 1.430ms
[97.394s][info][gc,cpu         ] GC(1051) User=0.00s Sys=0.00s Real=0.00s
[97.469s][info][gc,start       ] GC(1052) Pause Young (Allocation Failure)
[97.471s][info][gc,heap        ] GC(1052) PSYoungGen: 151776K(162304K)->352K(162816K) Eden: 151552K(151552K)->0K(153088K) From: 224K(10752K)->352K(9728K)
[97.471s][info][gc,heap        ] GC(1052) ParOldGen: 146803K(349696K)->146811K(349696K)
[97.471s][info][gc,metaspace   ] GC(1052) Metaspace: 61674K(62528K)->61674K(62528K) NonClass: 54089K(54528K)->54089K(54528K) Class: 7585K(8000K)->7585K(8000K)
[97.471s][info][gc             ] GC(1052) Pause Young (Allocation Failure) 291M->143M(500M) 1.429ms
[97.471s][info][gc,cpu         ] GC(1052) User=0.00s Sys=0.00s Real=0.00s
[97.581s][info][gc,start       ] GC(1053) Pause Young (Allocation Failure)
[97.582s][info][gc,heap        ] GC(1053) PSYoungGen: 153440K(162816K)->128K(163328K) Eden: 153088K(153088K)->0K(153088K) From: 352K(9728K)->128K(10240K)
[97.582s][info][gc,heap        ] GC(1053) ParOldGen: 146811K(349696K)->146899K(349696K)
[97.582s][info][gc,metaspace   ] GC(1053) Metaspace: 61674K(62528K)->61674K(62528K) NonClass: 54089K(54528K)->54089K(54528K) Class: 7585K(8000K)->7585K(8000K)
[97.582s][info][gc             ] GC(1053) Pause Young (Allocation Failure) 293M->143M(501M) 1.487ms
[97.582s][info][gc,cpu         ] GC(1053) User=0.00s Sys=0.00s Real=0.00s
[97.686s][info][gc,start       ] GC(1054) Pause Young (Allocation Failure)
[97.688s][info][gc,heap        ] GC(1054) PSYoungGen: 153216K(163328K)->224K(163328K) Eden: 153088K(153088K)->0K(154624K) From: 128K(10240K)->224K(8704K)
[97.688s][info][gc,heap        ] GC(1054) ParOldGen: 146899K(349696K)->146907K(349696K)
[97.688s][info][gc,metaspace   ] GC(1054) Metaspace: 61674K(62528K)->61674K(62528K) NonClass: 54089K(54528K)->54089K(54528K) Class: 7585K(8000K)->7585K(8000K)
[97.688s][info][gc             ] GC(1054) Pause Young (Allocation Failure) 293M->143M(501M) 1.400ms
[97.688s][info][gc,cpu         ] GC(1054) User=0.00s Sys=0.00s Real=0.00s
[97.793s][info][gc,start       ] GC(1055) Pause Young (Allocation Failure)
[97.794s][info][gc,heap        ] GC(1055) PSYoungGen: 154848K(163328K)->192K(163840K) Eden: 154624K(154624K)->0K(154624K) From: 224K(8704K)->192K(9216K)
[97.794s][info][gc,heap        ] GC(1055) ParOldGen: 146907K(349696K)->146915K(349696K)
[97.794s][info][gc,metaspace   ] GC(1055) Metaspace: 61674K(62528K)->61674K(62528K) NonClass: 54089K(54528K)->54089K(54528K) Class: 7585K(8000K)->7585K(8000K)
[97.794s][info][gc             ] GC(1055) Pause Young (Allocation Failure) 294M->143M(501M) 1.430ms
[97.794s][info][gc,cpu         ] GC(1055) User=0.00s Sys=0.00s Real=0.00s
[97.899s][info][gc,start       ] GC(1056) Pause Young (Allocation Failure)
[97.900s][info][gc,heap        ] GC(1056) PSYoungGen: 154816K(163840K)->192K(164352K) Eden: 154624K(154624K)->0K(156160K) From: 192K(9216K)->192K(8192K)
[97.900s][info][gc,heap        ] GC(1056) ParOldGen: 146915K(349696K)->146923K(349696K)
[97.900s][info][gc,metaspace   ] GC(1056) Metaspace: 61674K(62528K)->61674K(62528K) NonClass: 54089K(54528K)->54089K(54528K) Class: 7585K(8000K)->7585K(8000K)
[97.900s][info][gc             ] GC(1056) Pause Young (Allocation Failure) 294M->143M(502M) 1.427ms
[97.900s][info][gc,cpu         ] GC(1056) User=0.00s Sys=0.00s Real=0.00s
[97.992s][info][gc,start       ] GC(1057) Pause Young (Allocation Failure)
[97.993s][info][gc,heap        ] GC(1057) PSYoungGen: 156352K(164352K)->256K(164864K) Eden: 156160K(156160K)->0K(156160K) From: 192K(8192K)->256K(8704K)
[97.993s][info][gc,heap        ] GC(1057) ParOldGen: 146923K(349696K)->146931K(349696K)
[97.993s][info][gc,metaspace   ] GC(1057) Metaspace: 61674K(62528K)->61674K(62528K) NonClass: 54089K(54528K)->54089K(54528K) Class: 7585K(8000K)->7585K(8000K)
[97.993s][info][gc             ] GC(1057) Pause Young (Allocation Failure) 296M->143M(502M) 1.456ms
[97.993s][info][gc,cpu         ] GC(1057) User=0.00s Sys=0.00s Real=0.00s
[98.085s][info][gc,start       ] GC(1058) Pause Young (Allocation Failure)
[98.086s][info][gc,heap        ] GC(1058) PSYoungGen: 156416K(164864K)->96K(164864K) Eden: 156160K(156160K)->0K(157696K) From: 256K(8704K)->96K(7168K)
[98.086s][info][gc,heap        ] GC(1058) ParOldGen: 146931K(349696K)->146939K(349696K)
[98.086s][info][gc,metaspace   ] GC(1058) Metaspace: 61674K(62528K)->61674K(62528K) NonClass: 54089K(54528K)->54089K(54528K) Class: 7585K(8000K)->7585K(8000K)
[98.086s][info][gc             ] GC(1058) Pause Young (Allocation Failure) 296M->143M(502M) 1.757ms
[98.086s][info][gc,cpu         ] GC(1058) User=0.00s Sys=0.00s Real=0.00s
[98.117s][info][gc,start       ] GC(1059) Pause Young (System.gc())
[98.118s][info][gc,heap        ] GC(1059) PSYoungGen: 27689K(164864K)->384K(158208K) Eden: 27593K(157696K)->0K(157696K) From: 96K(7168K)->384K(512K)
[98.118s][info][gc,heap        ] GC(1059) ParOldGen: 146939K(349696K)->146955K(349696K)
[98.119s][info][gc,metaspace   ] GC(1059) Metaspace: 61675K(62528K)->61675K(62528K) NonClass: 54089K(54528K)->54089K(54528K) Class: 7585K(8000K)->7585K(8000K)
[98.119s][info][gc             ] GC(1059) Pause Young (System.gc()) 170M->143M(496M) 1.605ms
[98.119s][info][gc,cpu         ] GC(1059) User=0.00s Sys=0.00s Real=0.00s
[98.119s][info][gc,start       ] GC(1060) Pause Full (System.gc())
[98.119s][info][gc,phases,start] GC(1060) Marking Phase
[98.206s][info][gc,phases      ] GC(1060) Marking Phase 87.611ms
[98.206s][info][gc,phases,start] GC(1060) Summary Phase
[98.206s][info][gc,phases      ] GC(1060) Summary Phase 0.019ms
[98.206s][info][gc,phases,start] GC(1060) Adjust Roots
[98.216s][info][gc,phases      ] GC(1060) Adjust Roots 9.925ms
[98.216s][info][gc,phases,start] GC(1060) Compaction Phase
[98.236s][info][gc,phases      ] GC(1060) Compaction Phase 19.687ms
[98.236s][info][gc,phases,start] GC(1060) Post Compact
[98.237s][info][gc,phases      ] GC(1060) Post Compact 0.842ms
[98.237s][info][gc,heap        ] GC(1060) PSYoungGen: 384K(158208K)->0K(158208K) Eden: 0K(157696K)->0K(157696K) From: 384K(512K)->0K(512K)
[98.237s][info][gc,heap        ] GC(1060) ParOldGen: 146955K(349696K)->102542K(349696K)
[98.237s][info][gc,metaspace   ] GC(1060) Metaspace: 61675K(62528K)->61675K(62528K) NonClass: 54089K(54528K)->54089K(54528K) Class: 7585K(8000K)->7585K(8000K)
[98.237s][info][gc             ] GC(1060) Pause Full (System.gc()) 143M->100M(496M) 118.344ms
[98.237s][info][gc,cpu         ] GC(1060) User=1.06s Sys=0.00s Real=0.13s
[98.348s][info][gc,start       ] GC(1061) Pause Young (Allocation Failure)
[98.351s][info][gc,heap        ] GC(1061) PSYoungGen: 157696K(158208K)->3968K(164352K) Eden: 157696K(157696K)->0K(157184K) From: 0K(512K)->3968K(7168K)
[98.352s][info][gc,heap        ] GC(1061) ParOldGen: 102542K(349696K)->102542K(349696K)
[98.352s][info][gc,metaspace   ] GC(1061) Metaspace: 61686K(62656K)->61686K(62656K) NonClass: 54100K(54656K)->54100K(54656K) Class: 7585K(8000K)->7585K(8000K)
[98.352s][info][gc             ] GC(1061) Pause Young (Allocation Failure) 254M->104M(502M) 3.458ms
[98.352s][info][gc,cpu         ] GC(1061) User=0.00s Sys=0.00s Real=0.00s
[98.404s][info][gc,start       ] GC(1062) Pause Young (Allocation Failure)
[98.418s][info][gc,heap        ] GC(1062) PSYoungGen: 161152K(164352K)->6464K(164864K) Eden: 157184K(157184K)->0K(157184K) From: 3968K(7168K)->6464K(7680K)
[98.418s][info][gc,heap        ] GC(1062) ParOldGen: 102542K(349696K)->106067K(349696K)
[98.419s][info][gc,metaspace   ] GC(1062) Metaspace: 61686K(62656K)->61686K(62656K) NonClass: 54100K(54656K)->54100K(54656K) Class: 7585K(8000K)->7585K(8000K)
[98.419s][info][gc             ] GC(1062) Pause Young (Allocation Failure) 257M->109M(502M) 14.872ms
[98.419s][info][gc,cpu         ] GC(1062) User=0.03s Sys=0.00s Real=0.01s
[98.467s][info][gc,start       ] GC(1063) Pause Young (Allocation Failure)
[98.479s][info][gc,heap        ] GC(1063) PSYoungGen: 163648K(164864K)->6976K(162816K) Eden: 157184K(157184K)->0K(154112K) From: 6464K(7680K)->6976K(8704K)
[98.479s][info][gc,heap        ] GC(1063) ParOldGen: 106067K(349696K)->111731K(349696K)
[98.479s][info][gc,metaspace   ] GC(1063) Metaspace: 61686K(62656K)->61686K(62656K) NonClass: 54100K(54656K)->54100K(54656K) Class: 7585K(8000K)->7585K(8000K)
[98.479s][info][gc             ] GC(1063) Pause Young (Allocation Failure) 263M->115M(500M) 11.579ms
[98.479s][info][gc,cpu         ] GC(1063) User=0.19s Sys=0.00s Real=0.02s
[98.523s][info][gc,start       ] GC(1064) Pause Young (Allocation Failure)
[98.536s][info][gc,heap        ] GC(1064) PSYoungGen: 161088K(162816K)->6496K(160768K) Eden: 154112K(154112K)->0K(154112K) From: 6976K(8704K)->6496K(6656K)
[98.536s][info][gc,heap        ] GC(1064) ParOldGen: 111731K(349696K)->118563K(349696K)
[98.536s][info][gc,metaspace   ] GC(1064) Metaspace: 61686K(62656K)->61686K(62656K) NonClass: 54100K(54656K)->54100K(54656K) Class: 7585K(8000K)->7585K(8000K)
[98.536s][info][gc             ] GC(1064) Pause Young (Allocation Failure) 266M->122M(498M) 12.746ms
[98.536s][info][gc,cpu         ] GC(1064) User=0.19s Sys=0.00s Real=0.02s
[98.581s][info][gc,start       ] GC(1065) Pause Young (Allocation Failure)
[98.596s][info][gc,heap        ] GC(1065) PSYoungGen: 160608K(160768K)->8160K(161792K) Eden: 154112K(154112K)->0K(151040K) From: 6496K(6656K)->8160K(10752K)
[98.597s][info][gc,heap        ] GC(1065) ParOldGen: 118563K(349696K)->124923K(349696K)
[98.597s][info][gc,metaspace   ] GC(1065) Metaspace: 61686K(62656K)->61686K(62656K) NonClass: 54100K(54656K)->54100K(54656K) Class: 7585K(8000K)->7585K(8000K)
[98.597s][info][gc             ] GC(1065) Pause Young (Allocation Failure) 272M->129M(499M) 15.557ms
[98.597s][info][gc,cpu         ] GC(1065) User=0.17s Sys=0.00s Real=0.01s
[98.645s][info][gc,start       ] GC(1066) Pause Young (Allocation Failure)
[98.659s][info][gc,heap        ] GC(1066) PSYoungGen: 159200K(161792K)->5696K(157184K) Eden: 151040K(151040K)->0K(151040K) From: 8160K(10752K)->5696K(6144K)
[98.659s][info][gc,heap        ] GC(1066) ParOldGen: 124923K(349696K)->132995K(349696K)
[98.659s][info][gc,metaspace   ] GC(1066) Metaspace: 61686K(62656K)->61686K(62656K) NonClass: 54100K(54656K)->54100K(54656K) Class: 7585K(8000K)->7585K(8000K)
[98.659s][info][gc             ] GC(1066) Pause Young (Allocation Failure) 277M->135M(495M) 14.107ms
[98.659s][info][gc,cpu         ] GC(1066) User=0.19s Sys=0.00s Real=0.02s
[98.707s][info][gc,start       ] GC(1067) Pause Young (Allocation Failure)
[98.747s][info][gc,heap        ] GC(1067) PSYoungGen: 156736K(157184K)->7136K(162304K) Eden: 151040K(151040K)->0K(150016K) From: 5696K(6144K)->7136K(12288K)
[98.747s][info][gc,heap        ] GC(1067) ParOldGen: 132995K(349696K)->138579K(349696K)
[98.747s][info][gc,metaspace   ] GC(1067) Metaspace: 61686K(62656K)->61686K(62656K) NonClass: 54100K(54656K)->54100K(54656K) Class: 7585K(8000K)->7585K(8000K)
[98.747s][info][gc             ] GC(1067) Pause Young (Allocation Failure) 282M->142M(500M) 39.267ms
[98.747s][info][gc,cpu         ] GC(1067) User=0.52s Sys=0.00s Real=0.05s
[98.796s][info][gc,start       ] GC(1068) Pause Young (Allocation Failure)
[98.827s][info][gc,heap        ] GC(1068) PSYoungGen: 157152K(162304K)->1184K(162304K) Eden: 150016K(150016K)->0K(150016K) From: 7136K(12288K)->1184K(12288K)
[98.827s][info][gc,heap        ] GC(1068) ParOldGen: 138579K(349696K)->145619K(349696K)
[98.827s][info][gc,metaspace   ] GC(1068) Metaspace: 61687K(62656K)->61687K(62656K) NonClass: 54101K(54656K)->54101K(54656K) Class: 7585K(8000K)->7585K(8000K)
[98.827s][info][gc             ] GC(1068) Pause Young (Allocation Failure) 288M->143M(500M) 31.097ms
[98.827s][info][gc,cpu         ] GC(1068) User=0.38s Sys=0.00s Real=0.03s
[98.876s][info][gc,start       ] GC(1069) Pause Young (Allocation Failure)
[98.882s][info][gc,heap        ] GC(1069) PSYoungGen: 151200K(162304K)->192K(161280K) Eden: 150016K(150016K)->0K(150016K) From: 1184K(12288K)->192K(11264K)
[98.882s][info][gc,heap        ] GC(1069) ParOldGen: 145619K(349696K)->146739K(349696K)
[98.882s][info][gc,metaspace   ] GC(1069) Metaspace: 61687K(62656K)->61687K(62656K) NonClass: 54101K(54656K)->54101K(54656K) Class: 7585K(8000K)->7585K(8000K)
[98.882s][info][gc             ] GC(1069) Pause Young (Allocation Failure) 289M->143M(499M) 6.708ms
[98.883s][info][gc,cpu         ] GC(1069) User=0.00s Sys=0.00s Real=0.00s
[98.931s][info][gc,start       ] GC(1070) Pause Young (Allocation Failure)
[98.932s][info][gc,heap        ] GC(1070) PSYoungGen: 150208K(161280K)->160K(161792K) Eden: 150016K(150016K)->0K(150016K) From: 192K(11264K)->160K(11776K)
[98.933s][info][gc,heap        ] GC(1070) ParOldGen: 146739K(349696K)->146747K(349696K)
[98.933s][info][gc,metaspace   ] GC(1070) Metaspace: 61687K(62656K)->61687K(62656K) NonClass: 54101K(54656K)->54101K(54656K) Class: 7585K(8000K)->7585K(8000K)
[98.933s][info][gc             ] GC(1070) Pause Young (Allocation Failure) 289M->143M(499M) 1.442ms
[98.933s][info][gc,cpu         ] GC(1070) User=0.00s Sys=0.00s Real=0.00s
[98.980s][info][gc,start       ] GC(1071) Pause Young (Allocation Failure)
[98.982s][info][gc,heap        ] GC(1071) PSYoungGen: 150176K(161792K)->224K(161792K) Eden: 150016K(150016K)->0K(151040K) From: 160K(11776K)->224K(10752K)
[98.982s][info][gc,heap        ] GC(1071) ParOldGen: 146747K(349696K)->146763K(349696K)
[98.982s][info][gc,metaspace   ] GC(1071) Metaspace: 61687K(62656K)->61687K(62656K) NonClass: 54101K(54656K)->54101K(54656K) Class: 7585K(8000K)->7585K(8000K)
[98.982s][info][gc             ] GC(1071) Pause Young (Allocation Failure) 289M->143M(499M) 1.324ms
[98.982s][info][gc,cpu         ] GC(1071) User=0.00s Sys=0.00s Real=0.00s
[99.038s][info][gc,start       ] GC(1072) Pause Young (Allocation Failure)
[99.038s][info][gc,heap        ] GC(1072) PSYoungGen: 151264K(161792K)->256K(162304K) Eden: 151040K(151040K)->0K(151040K) From: 224K(10752K)->256K(11264K)
[99.038s][info][gc,heap        ] GC(1072) ParOldGen: 146763K(349696K)->146771K(349696K)
[99.038s][info][gc,metaspace   ] GC(1072) Metaspace: 61687K(62656K)->61687K(62656K) NonClass: 54101K(54656K)->54101K(54656K) Class: 7585K(8000K)->7585K(8000K)
[99.039s][info][gc             ] GC(1072) Pause Young (Allocation Failure) 291M->143M(500M) 0.777ms
[99.039s][info][gc,cpu         ] GC(1072) User=0.00s Sys=0.00s Real=0.00s
[99.095s][info][gc,start       ] GC(1073) Pause Young (Allocation Failure)
[99.095s][info][gc,heap        ] GC(1073) PSYoungGen: 151296K(162304K)->256K(162304K) Eden: 151040K(151040K)->0K(152576K) From: 256K(11264K)->256K(9728K)
[99.095s][info][gc,heap        ] GC(1073) ParOldGen: 146771K(349696K)->146787K(349696K)
[99.095s][info][gc,metaspace   ] GC(1073) Metaspace: 61687K(62656K)->61687K(62656K) NonClass: 54101K(54656K)->54101K(54656K) Class: 7585K(8000K)->7585K(8000K)
[99.095s][info][gc             ] GC(1073) Pause Young (Allocation Failure) 291M->143M(500M) 0.877ms
[99.096s][info][gc,cpu         ] GC(1073) User=0.19s Sys=0.00s Real=0.02s
[99.193s][info][gc,start       ] GC(1074) Pause Young (Allocation Failure)
[99.194s][info][gc,heap        ] GC(1074) PSYoungGen: 152832K(162304K)->352K(162816K) Eden: 152576K(152576K)->0K(152576K) From: 256K(9728K)->352K(10240K)
[99.194s][info][gc,heap        ] GC(1074) ParOldGen: 146787K(349696K)->146795K(349696K)
[99.194s][info][gc,metaspace   ] GC(1074) Metaspace: 61687K(62656K)->61687K(62656K) NonClass: 54101K(54656K)->54101K(54656K) Class: 7585K(8000K)->7585K(8000K)
[99.194s][info][gc             ] GC(1074) Pause Young (Allocation Failure) 292M->143M(500M) 1.507ms
[99.194s][info][gc,cpu         ] GC(1074) User=0.00s Sys=0.00s Real=0.00s
[99.285s][info][gc,start       ] GC(1075) Pause Young (Allocation Failure)
[99.286s][info][gc,heap        ] GC(1075) PSYoungGen: 152928K(162816K)->192K(163328K) Eden: 152576K(152576K)->0K(154112K) From: 352K(10240K)->192K(9216K)
[99.286s][info][gc,heap        ] GC(1075) ParOldGen: 146795K(349696K)->146883K(349696K)
[99.286s][info][gc,metaspace   ] GC(1075) Metaspace: 61687K(62656K)->61687K(62656K) NonClass: 54101K(54656K)->54101K(54656K) Class: 7585K(8000K)->7585K(8000K)
[99.286s][info][gc             ] GC(1075) Pause Young (Allocation Failure) 292M->143M(501M) 1.427ms
[99.286s][info][gc,cpu         ] GC(1075) User=0.00s Sys=0.00s Real=0.00s
[99.378s][info][gc,start       ] GC(1076) Pause Young (Allocation Failure)
[99.379s][info][gc,heap        ] GC(1076) PSYoungGen: 154304K(163328K)->160K(163840K) Eden: 154112K(154112K)->0K(154112K) From: 192K(9216K)->160K(9728K)
[99.379s][info][gc,heap        ] GC(1076) ParOldGen: 146883K(349696K)->146899K(349696K)
[99.379s][info][gc,metaspace   ] GC(1076) Metaspace: 61687K(62656K)->61687K(62656K) NonClass: 54101K(54656K)->54101K(54656K) Class: 7585K(8000K)->7585K(8000K)
[99.379s][info][gc             ] GC(1076) Pause Young (Allocation Failure) 294M->143M(501M) 1.325ms
[99.379s][info][gc,cpu         ] GC(1076) User=0.00s Sys=0.00s Real=0.00s
[99.486s][info][gc,start       ] GC(1077) Pause Young (Allocation Failure)
[99.487s][info][gc,heap        ] GC(1077) PSYoungGen: 154272K(163840K)->192K(163840K) Eden: 154112K(154112K)->0K(155648K) From: 160K(9728K)->192K(8192K)
[99.487s][info][gc,heap        ] GC(1077) ParOldGen: 146899K(349696K)->146907K(349696K)
[99.487s][info][gc,metaspace   ] GC(1077) Metaspace: 61687K(62656K)->61687K(62656K) NonClass: 54101K(54656K)->54101K(54656K) Class: 7585K(8000K)->7585K(8000K)
[99.487s][info][gc             ] GC(1077) Pause Young (Allocation Failure) 294M->143M(501M) 0.866ms
[99.487s][info][gc,cpu         ] GC(1077) User=0.00s Sys=0.00s Real=0.00s
[99.597s][info][gc,start       ] GC(1078) Pause Young (Allocation Failure)
[99.599s][info][gc,heap        ] GC(1078) PSYoungGen: 155840K(163840K)->160K(164352K) Eden: 155648K(155648K)->0K(155648K) From: 192K(8192K)->160K(8704K)
[99.599s][info][gc,heap        ] GC(1078) ParOldGen: 146907K(349696K)->146915K(349696K)
[99.599s][info][gc,metaspace   ] GC(1078) Metaspace: 61687K(62656K)->61687K(62656K) NonClass: 54101K(54656K)->54101K(54656K) Class: 7585K(8000K)->7585K(8000K)
[99.599s][info][gc             ] GC(1078) Pause Young (Allocation Failure) 295M->143M(502M) 1.523ms
[99.599s][info][gc,cpu         ] GC(1078) User=0.00s Sys=0.00s Real=0.00s
[99.692s][info][gc,start       ] GC(1079) Pause Young (Allocation Failure)
[99.692s][info][gc,heap        ] GC(1079) PSYoungGen: 155808K(164352K)->192K(164864K) Eden: 155648K(155648K)->0K(157696K) From: 160K(8704K)->192K(7168K)
[99.692s][info][gc,heap        ] GC(1079) ParOldGen: 146915K(349696K)->146923K(349696K)
[99.692s][info][gc,metaspace   ] GC(1079) Metaspace: 61687K(62656K)->61687K(62656K) NonClass: 54101K(54656K)->54101K(54656K) Class: 7585K(8000K)->7585K(8000K)
[99.692s][info][gc             ] GC(1079) Pause Young (Allocation Failure) 295M->143M(502M) 0.762ms
[99.692s][info][gc,cpu         ] GC(1079) User=0.00s Sys=0.00s Real=0.00s
[99.751s][info][gc,start       ] GC(1080) Pause Young (System.gc())
[99.752s][info][gc,heap        ] GC(1080) PSYoungGen: 39443K(164864K)->384K(158208K) Eden: 39251K(157696K)->0K(157696K) From: 192K(7168K)->384K(512K)
[99.752s][info][gc,heap        ] GC(1080) ParOldGen: 146923K(349696K)->146939K(349696K)
[99.752s][info][gc,metaspace   ] GC(1080) Metaspace: 61692K(62656K)->61692K(62656K) NonClass: 54107K(54656K)->54107K(54656K) Class: 7585K(8000K)->7585K(8000K)
[99.752s][info][gc             ] GC(1080) Pause Young (System.gc()) 181M->143M(496M) 1.318ms
[99.752s][info][gc,cpu         ] GC(1080) User=0.00s Sys=0.00s Real=0.00s
[99.752s][info][gc,start       ] GC(1081) Pause Full (System.gc())
[99.752s][info][gc,phases,start] GC(1081) Marking Phase
[99.842s][info][gc,phases      ] GC(1081) Marking Phase 89.419ms
[99.842s][info][gc,phases,start] GC(1081) Summary Phase
[99.842s][info][gc,phases      ] GC(1081) Summary Phase 0.017ms
[99.842s][info][gc,phases,start] GC(1081) Adjust Roots
[99.853s][info][gc,phases      ] GC(1081) Adjust Roots 11.632ms
[99.853s][info][gc,phases,start] GC(1081) Compaction Phase
[99.875s][info][gc,phases      ] GC(1081) Compaction Phase 21.885ms
[99.875s][info][gc,phases,start] GC(1081) Post Compact
[99.876s][info][gc,phases      ] GC(1081) Post Compact 1.028ms
[99.876s][info][gc,heap        ] GC(1081) PSYoungGen: 384K(158208K)->0K(158208K) Eden: 0K(157696K)->0K(157696K) From: 384K(512K)->0K(512K)
[99.876s][info][gc,heap        ] GC(1081) ParOldGen: 146939K(349696K)->102558K(349696K)
[99.876s][info][gc,metaspace   ] GC(1081) Metaspace: 61692K(62656K)->61692K(62656K) NonClass: 54107K(54656K)->54107K(54656K) Class: 7585K(8000K)->7585K(8000K)
[99.876s][info][gc             ] GC(1081) Pause Full (System.gc()) 143M->100M(496M) 124.395ms
[99.877s][info][gc,cpu         ] GC(1081) User=0.95s Sys=0.00s Real=0.13s
[99.993s][info][gc,start       ] GC(1082) Pause Young (Allocation Failure)
[100.002s][info][gc,heap        ] GC(1082) PSYoungGen: 157696K(158208K)->3968K(164352K) Eden: 157696K(157696K)->0K(157184K) From: 0K(512K)->3968K(7168K)
[100.002s][info][gc,heap        ] GC(1082) ParOldGen: 102558K(349696K)->102566K(349696K)
[100.002s][info][gc,metaspace   ] GC(1082) Metaspace: 61727K(62656K)->61727K(62656K) NonClass: 54141K(54656K)->54141K(54656K) Class: 7585K(8000K)->7585K(8000K)
[100.002s][info][gc             ] GC(1082) Pause Young (Allocation Failure) 254M->104M(502M) 9.126ms
[100.002s][info][gc,cpu         ] GC(1082) User=0.00s Sys=0.00s Real=0.00s
[100.051s][info][gc,start       ] GC(1083) Pause Young (Allocation Failure)
[100.061s][info][gc,heap        ] GC(1083) PSYoungGen: 161152K(164352K)->6432K(164864K) Eden: 157184K(157184K)->0K(157184K) From: 3968K(7168K)->6432K(7680K)
[100.061s][info][gc,heap        ] GC(1083) ParOldGen: 102566K(349696K)->106148K(349696K)
[100.061s][info][gc,metaspace   ] GC(1083) Metaspace: 61727K(62656K)->61727K(62656K) NonClass: 54141K(54656K)->54141K(54656K) Class: 7585K(8000K)->7585K(8000K)
[100.061s][info][gc             ] GC(1083) Pause Young (Allocation Failure) 257M->109M(502M) 9.927ms
[100.061s][info][gc,cpu         ] GC(1083) User=0.03s Sys=0.00s Real=0.02s
[100.113s][info][gc,start       ] GC(1084) Pause Young (Allocation Failure)
[100.128s][info][gc,heap        ] GC(1084) PSYoungGen: 163616K(164864K)->7968K(162304K) Eden: 157184K(157184K)->0K(153088K) From: 6432K(7680K)->7968K(9216K)
[100.128s][info][gc,heap        ] GC(1084) ParOldGen: 106148K(349696K)->111996K(349696K)
[100.128s][info][gc,metaspace   ] GC(1084) Metaspace: 61727K(62656K)->61727K(62656K) NonClass: 54141K(54656K)->54141K(54656K) Class: 7585K(8000K)->7585K(8000K)
[100.128s][info][gc             ] GC(1084) Pause Young (Allocation Failure) 263M->117M(500M) 15.022ms
[100.128s][info][gc,cpu         ] GC(1084) User=0.03s Sys=0.00s Real=0.02s
[100.176s][info][gc,start       ] GC(1085) Pause Young (Allocation Failure)
[100.191s][info][gc,heap        ] GC(1085) PSYoungGen: 161056K(162304K)->7072K(160256K) Eden: 153088K(153088K)->0K(153088K) From: 7968K(9216K)->7072K(7168K)
[100.191s][info][gc,heap        ] GC(1085) ParOldGen: 111996K(349696K)->119828K(349696K)
[100.191s][info][gc,metaspace   ] GC(1085) Metaspace: 61727K(62656K)->61727K(62656K) NonClass: 54141K(54656K)->54141K(54656K) Class: 7585K(8000K)->7585K(8000K)
[100.192s][info][gc             ] GC(1085) Pause Young (Allocation Failure) 266M->123M(498M) 15.182ms
[100.192s][info][gc,cpu         ] GC(1085) User=0.11s Sys=0.00s Real=0.03s
[100.241s][info][gc,start       ] GC(1086) Pause Young (Allocation Failure)
[100.256s][info][gc,heap        ] GC(1086) PSYoungGen: 160160K(160256K)->7680K(161280K) Eden: 153088K(153088K)->0K(150016K) From: 7072K(7168K)->7680K(11264K)
[100.256s][info][gc,heap        ] GC(1086) ParOldGen: 119828K(349696K)->126820K(349696K)
[100.256s][info][gc,metaspace   ] GC(1086) Metaspace: 61727K(62656K)->61727K(62656K) NonClass: 54141K(54656K)->54141K(54656K) Class: 7585K(8000K)->7585K(8000K)
[100.256s][info][gc             ] GC(1086) Pause Young (Allocation Failure) 273M->131M(499M) 15.287ms
[100.256s][info][gc,cpu         ] GC(1086) User=0.17s Sys=0.00s Real=0.02s
[100.303s][info][gc,start       ] GC(1087) Pause Young (Allocation Failure)
[100.320s][info][gc,heap        ] GC(1087) PSYoungGen: 157696K(161280K)->6976K(157184K) Eden: 150016K(150016K)->0K(150016K) From: 7680K(11264K)->6976K(7168K)
[100.320s][info][gc,heap        ] GC(1087) ParOldGen: 126820K(349696K)->134380K(349696K)
[100.320s][info][gc,metaspace   ] GC(1087) Metaspace: 61727K(62656K)->61727K(62656K) NonClass: 54141K(54656K)->54141K(54656K) Class: 7585K(8000K)->7585K(8000K)
[100.320s][info][gc             ] GC(1087) Pause Young (Allocation Failure) 277M->138M(495M) 16.920ms
[100.320s][info][gc,cpu         ] GC(1087) User=0.05s Sys=0.00s Real=0.02s
[100.380s][info][gc,start       ] GC(1088) Pause Young (Allocation Failure)
[100.422s][info][gc,heap        ] GC(1088) PSYoungGen: 156992K(157184K)->5632K(161792K) Eden: 150016K(150016K)->0K(148992K) From: 6976K(7168K)->5632K(12800K)
[100.422s][info][gc,heap        ] GC(1088) ParOldGen: 134380K(349696K)->141228K(349696K)
[100.422s][info][gc,metaspace   ] GC(1088) Metaspace: 61728K(62656K)->61728K(62656K) NonClass: 54143K(54656K)->54143K(54656K) Class: 7585K(8000K)->7585K(8000K)
[100.422s][info][gc             ] GC(1088) Pause Young (Allocation Failure) 284M->143M(499M) 41.641ms
[100.422s][info][gc,cpu         ] GC(1088) User=0.52s Sys=0.00s Real=0.05s
[100.474s][info][gc,start       ] GC(1089) Pause Young (Allocation Failure)
[100.496s][info][gc,heap        ] GC(1089) PSYoungGen: 154624K(161792K)->160K(149504K) Eden: 148992K(148992K)->0K(148992K) From: 5632K(12800K)->160K(512K)
[100.496s][info][gc,heap        ] GC(1089) ParOldGen: 141228K(349696K)->146732K(349696K)
[100.496s][info][gc,metaspace   ] GC(1089) Metaspace: 61728K(62656K)->61728K(62656K) NonClass: 54143K(54656K)->54143K(54656K) Class: 7585K(8000K)->7585K(8000K)
[100.496s][info][gc             ] GC(1089) Pause Young (Allocation Failure) 288M->143M(487M) 22.828ms
[100.496s][info][gc,cpu         ] GC(1089) User=0.19s Sys=0.00s Real=0.02s
[100.545s][info][gc,start       ] GC(1090) Pause Young (Allocation Failure)
[100.546s][info][gc,heap        ] GC(1090) PSYoungGen: 149152K(149504K)->224K(161280K) Eden: 148992K(148992K)->0K(148992K) From: 160K(512K)->224K(12288K)
[100.546s][info][gc,heap        ] GC(1090) ParOldGen: 146732K(349696K)->146740K(349696K)
[100.546s][info][gc,metaspace   ] GC(1090) Metaspace: 61728K(62656K)->61728K(62656K) NonClass: 54143K(54656K)->54143K(54656K) Class: 7585K(8000K)->7585K(8000K)
[100.546s][info][gc             ] GC(1090) Pause Young (Allocation Failure) 288M->143M(499M) 1.491ms
[100.546s][info][gc,cpu         ] GC(1090) User=0.52s Sys=0.00s Real=0.02s
[100.593s][info][gc,start       ] GC(1091) Pause Young (Allocation Failure)
[100.595s][info][gc,heap        ] GC(1091) PSYoungGen: 149216K(161280K)->224K(161280K) Eden: 148992K(148992K)->0K(148992K) From: 224K(12288K)->224K(12288K)
[100.595s][info][gc,heap        ] GC(1091) ParOldGen: 146740K(349696K)->146748K(349696K)
[100.595s][info][gc,metaspace   ] GC(1091) Metaspace: 61728K(62656K)->61728K(62656K) NonClass: 54143K(54656K)->54143K(54656K) Class: 7585K(8000K)->7585K(8000K)
[100.595s][info][gc             ] GC(1091) Pause Young (Allocation Failure) 289M->143M(499M) 1.452ms
[100.595s][info][gc,cpu         ] GC(1091) User=0.00s Sys=0.00s Real=0.00s
[100.650s][info][gc,start       ] GC(1092) Pause Young (Allocation Failure)
[100.650s][info][gc,heap        ] GC(1092) PSYoungGen: 149216K(161280K)->256K(161792K) Eden: 148992K(148992K)->0K(150528K) From: 224K(12288K)->256K(11264K)
[100.650s][info][gc,heap        ] GC(1092) ParOldGen: 146748K(349696K)->146764K(349696K)
[100.650s][info][gc,metaspace   ] GC(1092) Metaspace: 61728K(62656K)->61728K(62656K) NonClass: 54143K(54656K)->54143K(54656K) Class: 7585K(8000K)->7585K(8000K)
[100.650s][info][gc             ] GC(1092) Pause Young (Allocation Failure) 289M->143M(499M) 0.788ms
[100.650s][info][gc,cpu         ] GC(1092) User=0.00s Sys=0.00s Real=0.00s
[100.705s][info][gc,start       ] GC(1093) Pause Young (Allocation Failure)
[100.706s][info][gc,heap        ] GC(1093) PSYoungGen: 150784K(161792K)->256K(161792K) Eden: 150528K(150528K)->0K(150528K) From: 256K(11264K)->256K(11264K)
[100.706s][info][gc,heap        ] GC(1093) ParOldGen: 146764K(349696K)->146772K(349696K)
[100.706s][info][gc,metaspace   ] GC(1093) Metaspace: 61728K(62656K)->61728K(62656K) NonClass: 54143K(54656K)->54143K(54656K) Class: 7585K(8000K)->7585K(8000K)
[100.706s][info][gc             ] GC(1093) Pause Young (Allocation Failure) 290M->143M(499M) 1.398ms
[100.706s][info][gc,cpu         ] GC(1093) User=0.00s Sys=0.00s Real=0.00s
[100.761s][info][gc,start       ] GC(1094) Pause Young (Allocation Failure)
[100.762s][info][gc,heap        ] GC(1094) PSYoungGen: 150784K(161792K)->192K(162816K) Eden: 150528K(150528K)->0K(152064K) From: 256K(11264K)->192K(10752K)
[100.762s][info][gc,heap        ] GC(1094) ParOldGen: 146772K(349696K)->146780K(349696K)
[100.762s][info][gc,metaspace   ] GC(1094) Metaspace: 61728K(62656K)->61728K(62656K) NonClass: 54143K(54656K)->54143K(54656K) Class: 7585K(8000K)->7585K(8000K)
[100.762s][info][gc             ] GC(1094) Pause Young (Allocation Failure) 290M->143M(500M) 1.387ms
[100.762s][info][gc,cpu         ] GC(1094) User=0.00s Sys=0.00s Real=0.00s
[100.810s][info][gc,start       ] GC(1095) Pause Young (Allocation Failure)
[100.811s][info][gc,heap        ] GC(1095) PSYoungGen: 152256K(162816K)->224K(162816K) Eden: 152064K(152064K)->0K(152064K) From: 192K(10752K)->224K(10752K)
[100.811s][info][gc,heap        ] GC(1095) ParOldGen: 146780K(349696K)->146796K(349696K)
[100.811s][info][gc,metaspace   ] GC(1095) Metaspace: 61728K(62656K)->61728K(62656K) NonClass: 54143K(54656K)->54143K(54656K) Class: 7585K(8000K)->7585K(8000K)
[100.811s][info][gc             ] GC(1095) Pause Young (Allocation Failure) 292M->143M(500M) 1.424ms
[100.811s][info][gc,cpu         ] GC(1095) User=0.00s Sys=0.00s Real=0.00s
[100.895s][info][gc,start       ] GC(1096) Pause Young (Allocation Failure)
[100.899s][info][gc,heap        ] GC(1096) PSYoungGen: 152288K(162816K)->352K(163328K) Eden: 152064K(152064K)->0K(153600K) From: 224K(10752K)->352K(9728K)
[100.899s][info][gc,heap        ] GC(1096) ParOldGen: 146796K(349696K)->146804K(349696K)
[100.899s][info][gc,metaspace   ] GC(1096) Metaspace: 61730K(62656K)->61730K(62656K) NonClass: 54144K(54656K)->54144K(54656K) Class: 7585K(8000K)->7585K(8000K)
[100.899s][info][gc             ] GC(1096) Pause Young (Allocation Failure) 292M->143M(501M) 3.235ms
[100.899s][info][gc,cpu         ] GC(1096) User=0.00s Sys=0.00s Real=0.02s
[100.988s][info][gc,start       ] GC(1097) Pause Young (Allocation Failure)
[100.990s][info][gc,heap        ] GC(1097) PSYoungGen: 153952K(163328K)->128K(163328K) Eden: 153600K(153600K)->0K(153600K) From: 352K(9728K)->128K(9728K)
[100.990s][info][gc,heap        ] GC(1097) ParOldGen: 146804K(349696K)->146892K(349696K)
[100.990s][info][gc,metaspace   ] GC(1097) Metaspace: 61730K(62656K)->61730K(62656K) NonClass: 54144K(54656K)->54144K(54656K) Class: 7585K(8000K)->7585K(8000K)
[100.990s][info][gc             ] GC(1097) Pause Young (Allocation Failure) 293M->143M(501M) 1.379ms
[100.990s][info][gc,cpu         ] GC(1097) User=0.00s Sys=0.00s Real=0.00s
[101.080s][info][gc,start       ] GC(1098) Pause Young (Allocation Failure)
[101.081s][info][gc,heap        ] GC(1098) PSYoungGen: 153728K(163328K)->192K(164352K) Eden: 153600K(153600K)->0K(155648K) From: 128K(9728K)->192K(8704K)
[101.081s][info][gc,heap        ] GC(1098) ParOldGen: 146892K(349696K)->146900K(349696K)
[101.081s][info][gc,metaspace   ] GC(1098) Metaspace: 61730K(62656K)->61730K(62656K) NonClass: 54144K(54656K)->54144K(54656K) Class: 7585K(8000K)->7585K(8000K)
[101.081s][info][gc             ] GC(1098) Pause Young (Allocation Failure) 293M->143M(502M) 1.414ms
[101.081s][info][gc,cpu         ] GC(1098) User=0.00s Sys=0.00s Real=0.00s
[101.172s][info][gc,start       ] GC(1099) Pause Young (Allocation Failure)
[101.174s][info][gc,heap        ] GC(1099) PSYoungGen: 155840K(164352K)->128K(164352K) Eden: 155648K(155648K)->0K(155648K) From: 192K(8704K)->128K(8704K)
[101.174s][info][gc,heap        ] GC(1099) ParOldGen: 146900K(349696K)->146908K(349696K)
[101.174s][info][gc,metaspace   ] GC(1099) Metaspace: 61730K(62656K)->61730K(62656K) NonClass: 54144K(54656K)->54144K(54656K) Class: 7585K(8000K)->7585K(8000K)
[101.174s][info][gc             ] GC(1099) Pause Young (Allocation Failure) 295M->143M(502M) 1.462ms
[101.174s][info][gc,cpu         ] GC(1099) User=0.00s Sys=0.00s Real=0.00s
[101.265s][info][gc,start       ] GC(1100) Pause Young (Allocation Failure)
[101.266s][info][gc,heap        ] GC(1100) PSYoungGen: 155776K(164352K)->160K(165376K) Eden: 155648K(155648K)->0K(157696K) From: 128K(8704K)->160K(7680K)
[101.266s][info][gc,heap        ] GC(1100) ParOldGen: 146908K(349696K)->146916K(349696K)
[101.266s][info][gc,metaspace   ] GC(1100) Metaspace: 61730K(62656K)->61730K(62656K) NonClass: 54144K(54656K)->54144K(54656K) Class: 7585K(8000K)->7585K(8000K)
[101.266s][info][gc             ] GC(1100) Pause Young (Allocation Failure) 295M->143M(503M) 1.395ms
[101.266s][info][gc,cpu         ] GC(1100) User=0.00s Sys=0.00s Real=0.00s
[101.312s][info][gc,start       ] GC(1101) Pause Young (System.gc())
[101.314s][info][gc,heap        ] GC(1101) PSYoungGen: 50689K(165376K)->384K(158208K) Eden: 50529K(157696K)->0K(157696K) From: 160K(7680K)->384K(512K)
[101.314s][info][gc,heap        ] GC(1101) ParOldGen: 146916K(349696K)->146924K(349696K)
[101.314s][info][gc,metaspace   ] GC(1101) Metaspace: 61742K(62656K)->61742K(62656K) NonClass: 54156K(54656K)->54156K(54656K) Class: 7585K(8000K)->7585K(8000K)
[101.314s][info][gc             ] GC(1101) Pause Young (System.gc()) 192M->143M(496M) 1.854ms
[101.314s][info][gc,cpu         ] GC(1101) User=0.00s Sys=0.00s Real=0.00s
[101.315s][info][gc,start       ] GC(1102) Pause Full (System.gc())
[101.315s][info][gc,phases,start] GC(1102) Marking Phase
[101.408s][info][gc,phases      ] GC(1102) Marking Phase 93.571ms
[101.408s][info][gc,phases,start] GC(1102) Summary Phase
[101.408s][info][gc,phases      ] GC(1102) Summary Phase 0.016ms
[101.408s][info][gc,phases,start] GC(1102) Adjust Roots
[101.419s][info][gc,phases      ] GC(1102) Adjust Roots 11.218ms
[101.419s][info][gc,phases,start] GC(1102) Compaction Phase
[101.443s][info][gc,phases      ] GC(1102) Compaction Phase 23.267ms
[101.443s][info][gc,phases,start] GC(1102) Post Compact
[101.444s][info][gc,phases      ] GC(1102) Post Compact 0.980ms
[101.444s][info][gc,heap        ] GC(1102) PSYoungGen: 384K(158208K)->0K(158208K) Eden: 0K(157696K)->0K(157696K) From: 384K(512K)->0K(512K)
[101.444s][info][gc,heap        ] GC(1102) ParOldGen: 146924K(349696K)->102576K(349696K)
[101.444s][info][gc,metaspace   ] GC(1102) Metaspace: 61742K(62656K)->61742K(62656K) NonClass: 54156K(54656K)->54156K(54656K) Class: 7585K(8000K)->7585K(8000K)
[101.444s][info][gc             ] GC(1102) Pause Full (System.gc()) 143M->100M(496M) 129.350ms
[101.444s][info][gc,cpu         ] GC(1102) User=0.92s Sys=0.00s Real=0.13s
[101.568s][info][gc,start       ] GC(1103) Pause Young (Allocation Failure)
[101.571s][info][gc,heap        ] GC(1103) PSYoungGen: 157696K(158208K)->4000K(164352K) Eden: 157696K(157696K)->0K(157184K) From: 0K(512K)->4000K(7168K)
[101.571s][info][gc,heap        ] GC(1103) ParOldGen: 102576K(349696K)->102584K(349696K)
[101.571s][info][gc,metaspace   ] GC(1103) Metaspace: 61847K(62784K)->61847K(62784K) NonClass: 54261K(54784K)->54261K(54784K) Class: 7585K(8000K)->7585K(8000K)
[101.571s][info][gc             ] GC(1103) Pause Young (Allocation Failure) 254M->104M(502M) 3.605ms
[101.571s][info][gc,cpu         ] GC(1103) User=0.00s Sys=0.00s Real=0.00s
[101.618s][info][gc,start       ] GC(1104) Pause Young (Allocation Failure)
[101.629s][info][gc,heap        ] GC(1104) PSYoungGen: 161184K(164352K)->7552K(164864K) Eden: 157184K(157184K)->0K(157184K) From: 4000K(7168K)->7552K(7680K)
[101.629s][info][gc,heap        ] GC(1104) ParOldGen: 102584K(349696K)->106161K(349696K)
[101.629s][info][gc,metaspace   ] GC(1104) Metaspace: 61847K(62784K)->61847K(62784K) NonClass: 54261K(54784K)->54261K(54784K) Class: 7585K(8000K)->7585K(8000K)
[101.629s][info][gc             ] GC(1104) Pause Young (Allocation Failure) 257M->111M(502M) 11.082ms
[101.630s][info][gc,cpu         ] GC(1104) User=0.03s Sys=0.00s Real=0.02s
[101.678s][info][gc,start       ] GC(1105) Pause Young (Allocation Failure)
[101.693s][info][gc,heap        ] GC(1105) PSYoungGen: 164736K(164864K)->7264K(162304K) Eden: 157184K(157184K)->0K(153088K) From: 7552K(7680K)->7264K(9216K)
[101.694s][info][gc,heap        ] GC(1105) ParOldGen: 106161K(349696K)->112049K(349696K)
[101.694s][info][gc,metaspace   ] GC(1105) Metaspace: 61847K(62784K)->61847K(62784K) NonClass: 54261K(54784K)->54261K(54784K) Class: 7585K(8000K)->7585K(8000K)
[101.694s][info][gc             ] GC(1105) Pause Young (Allocation Failure) 264M->116M(500M) 15.970ms
[101.694s][info][gc,cpu         ] GC(1105) User=0.03s Sys=0.00s Real=0.02s
[101.739s][info][gc,start       ] GC(1106) Pause Young (Allocation Failure)
[101.757s][info][gc,heap        ] GC(1106) PSYoungGen: 160352K(162304K)->6592K(159744K) Eden: 153088K(153088K)->0K(153088K) From: 7264K(9216K)->6592K(6656K)
[101.757s][info][gc,heap        ] GC(1106) ParOldGen: 112049K(349696K)->119185K(349696K)
[101.757s][info][gc,metaspace   ] GC(1106) Metaspace: 61847K(62784K)->61847K(62784K) NonClass: 54261K(54784K)->54261K(54784K) Class: 7585K(8000K)->7585K(8000K)
[101.757s][info][gc             ] GC(1106) Pause Young (Allocation Failure) 266M->122M(497M) 17.962ms
[101.757s][info][gc,cpu         ] GC(1106) User=0.03s Sys=0.00s Real=0.02s
[101.808s][info][gc,start       ] GC(1107) Pause Young (Allocation Failure)
[101.824s][info][gc,heap        ] GC(1107) PSYoungGen: 159680K(159744K)->9056K(160256K) Eden: 153088K(153088K)->0K(148992K) From: 6592K(6656K)->9056K(11264K)
[101.824s][info][gc,heap        ] GC(1107) ParOldGen: 119185K(349696K)->125673K(349696K)
[101.824s][info][gc,metaspace   ] GC(1107) Metaspace: 61847K(62784K)->61847K(62784K) NonClass: 54261K(54784K)->54261K(54784K) Class: 7585K(8000K)->7585K(8000K)
[101.824s][info][gc             ] GC(1107) Pause Young (Allocation Failure) 272M->131M(498M) 15.736ms
[101.824s][info][gc,cpu         ] GC(1107) User=0.17s Sys=0.00s Real=0.02s
[101.872s][info][gc,start       ] GC(1108) Pause Young (Allocation Failure)
[101.887s][info][gc,heap        ] GC(1108) PSYoungGen: 158048K(160256K)->5760K(161792K) Eden: 148992K(148992K)->0K(148992K) From: 9056K(11264K)->5760K(12800K)
[101.887s][info][gc,heap        ] GC(1108) ParOldGen: 125673K(349696K)->134569K(349696K)
[101.887s][info][gc,metaspace   ] GC(1108) Metaspace: 61847K(62784K)->61847K(62784K) NonClass: 54261K(54784K)->54261K(54784K) Class: 7585K(8000K)->7585K(8000K)
[101.887s][info][gc             ] GC(1108) Pause Young (Allocation Failure) 277M->137M(499M) 15.001ms
[101.887s][info][gc,cpu         ] GC(1108) User=0.05s Sys=0.00s Real=0.02s
[101.933s][info][gc,start       ] GC(1109) Pause Young (Allocation Failure)
[101.973s][info][gc,heap        ] GC(1109) PSYoungGen: 154752K(161792K)->5856K(161792K) Eden: 148992K(148992K)->0K(148992K) From: 5760K(12800K)->5856K(12800K)
[101.973s][info][gc,heap        ] GC(1109) ParOldGen: 134569K(349696K)->140209K(349696K)
[101.973s][info][gc,metaspace   ] GC(1109) Metaspace: 61847K(62784K)->61847K(62784K) NonClass: 54261K(54784K)->54261K(54784K) Class: 7585K(8000K)->7585K(8000K)
[101.973s][info][gc             ] GC(1109) Pause Young (Allocation Failure) 282M->142M(499M) 39.734ms
[101.973s][info][gc,cpu         ] GC(1109) User=0.56s Sys=0.00s Real=0.05s
[102.022s][info][gc,start       ] GC(1110) Pause Young (Allocation Failure)
[102.048s][info][gc,heap        ] GC(1110) PSYoungGen: 154848K(161792K)->960K(150016K) Eden: 148992K(148992K)->0K(148992K) From: 5856K(12800K)->960K(1024K)
[102.048s][info][gc,heap        ] GC(1110) ParOldGen: 140209K(349696K)->146041K(349696K)
[102.048s][info][gc,metaspace   ] GC(1110) Metaspace: 61853K(62784K)->61853K(62784K) NonClass: 54267K(54784K)->54267K(54784K) Class: 7585K(8000K)->7585K(8000K)
[102.048s][info][gc             ] GC(1110) Pause Young (Allocation Failure) 288M->143M(488M) 26.839ms
[102.048s][info][gc,cpu         ] GC(1110) User=0.19s Sys=0.00s Real=0.02s
[102.096s][info][gc,start       ] GC(1111) Pause Young (Allocation Failure)
[102.101s][info][gc,heap        ] GC(1111) PSYoungGen: 149952K(150016K)->192K(161792K) Eden: 148992K(148992K)->0K(149504K) From: 960K(1024K)->192K(12288K)
[102.101s][info][gc,heap        ] GC(1111) ParOldGen: 146041K(349696K)->146793K(349696K)
[102.101s][info][gc,metaspace   ] GC(1111) Metaspace: 61853K(62784K)->61853K(62784K) NonClass: 54267K(54784K)->54267K(54784K) Class: 7585K(8000K)->7585K(8000K)
[102.101s][info][gc             ] GC(1111) Pause Young (Allocation Failure) 289M->143M(499M) 4.642ms
[102.101s][info][gc,cpu         ] GC(1111) User=0.17s Sys=0.00s Real=0.02s
[102.157s][info][gc,start       ] GC(1112) Pause Young (Allocation Failure)
[102.158s][info][gc,heap        ] GC(1112) PSYoungGen: 149696K(161792K)->256K(161280K) Eden: 149504K(149504K)->0K(149504K) From: 192K(12288K)->256K(11776K)
[102.158s][info][gc,heap        ] GC(1112) ParOldGen: 146793K(349696K)->146801K(349696K)
[102.158s][info][gc,metaspace   ] GC(1112) Metaspace: 61853K(62784K)->61853K(62784K) NonClass: 54267K(54784K)->54267K(54784K) Class: 7585K(8000K)->7585K(8000K)
[102.158s][info][gc             ] GC(1112) Pause Young (Allocation Failure) 289M->143M(499M) 1.511ms
[102.158s][info][gc,cpu         ] GC(1112) User=0.00s Sys=0.00s Real=0.00s
[102.205s][info][gc,start       ] GC(1113) Pause Young (Allocation Failure)
[102.206s][info][gc,heap        ] GC(1113) PSYoungGen: 149760K(161280K)->192K(162304K) Eden: 149504K(149504K)->0K(151040K) From: 256K(11776K)->192K(11264K)
[102.206s][info][gc,heap        ] GC(1113) ParOldGen: 146801K(349696K)->146817K(349696K)
[102.206s][info][gc,metaspace   ] GC(1113) Metaspace: 61853K(62784K)->61853K(62784K) NonClass: 54267K(54784K)->54267K(54784K) Class: 7585K(8000K)->7585K(8000K)
[102.206s][info][gc             ] GC(1113) Pause Young (Allocation Failure) 289M->143M(500M) 0.842ms
[102.206s][info][gc,cpu         ] GC(1113) User=0.00s Sys=0.00s Real=0.00s
[102.253s][info][gc,start       ] GC(1114) Pause Young (Allocation Failure)
[102.415s][info][gc,heap        ] GC(1114) PSYoungGen: 151232K(162304K)->288K(162304K) Eden: 151040K(151040K)->0K(151040K) From: 192K(11264K)->288K(11264K)
[102.415s][info][gc,heap        ] GC(1114) ParOldGen: 146817K(349696K)->146825K(349696K)
[102.415s][info][gc,metaspace   ] GC(1114) Metaspace: 61853K(62784K)->61853K(62784K) NonClass: 54267K(54784K)->54267K(54784K) Class: 7585K(8000K)->7585K(8000K)
[102.416s][info][gc             ] GC(1114) Pause Young (Allocation Failure) 291M->143M(500M) 162.072ms
[102.416s][info][gc,cpu         ] GC(1114) User=0.00s Sys=0.00s Real=0.17s
[102.478s][info][gc,start       ] GC(1115) Pause Young (Allocation Failure)
[102.480s][info][gc,heap        ] GC(1115) PSYoungGen: 151328K(162304K)->224K(162816K) Eden: 151040K(151040K)->0K(152064K) From: 288K(11264K)->224K(10752K)
[102.480s][info][gc,heap        ] GC(1115) ParOldGen: 146825K(349696K)->146833K(349696K)
[102.480s][info][gc,metaspace   ] GC(1115) Metaspace: 61853K(62784K)->61853K(62784K) NonClass: 54267K(54784K)->54267K(54784K) Class: 7585K(8000K)->7585K(8000K)
[102.480s][info][gc             ] GC(1115) Pause Young (Allocation Failure) 291M->143M(500M) 1.545ms
[102.480s][info][gc,cpu         ] GC(1115) User=0.00s Sys=0.00s Real=0.00s
[102.566s][info][gc,start       ] GC(1116) Pause Young (Allocation Failure)
[102.567s][info][gc,heap        ] GC(1116) PSYoungGen: 152288K(162816K)->352K(162816K) Eden: 152064K(152064K)->0K(152064K) From: 224K(10752K)->352K(10752K)
[102.567s][info][gc,heap        ] GC(1116) ParOldGen: 146833K(349696K)->146849K(349696K)
[102.567s][info][gc,metaspace   ] GC(1116) Metaspace: 61853K(62784K)->61853K(62784K) NonClass: 54267K(54784K)->54267K(54784K) Class: 7585K(8000K)->7585K(8000K)
[102.567s][info][gc             ] GC(1116) Pause Young (Allocation Failure) 292M->143M(500M) 1.546ms
[102.567s][info][gc,cpu         ] GC(1116) User=0.00s Sys=0.00s Real=0.00s
[102.667s][info][gc,start       ] GC(1117) Pause Young (Allocation Failure)
[102.669s][info][gc,heap        ] GC(1117) PSYoungGen: 152416K(162816K)->128K(163328K) Eden: 152064K(152064K)->0K(153600K) From: 352K(10752K)->128K(9728K)
[102.669s][info][gc,heap        ] GC(1117) ParOldGen: 146849K(349696K)->146937K(349696K)
[102.669s][info][gc,metaspace   ] GC(1117) Metaspace: 61853K(62784K)->61853K(62784K) NonClass: 54267K(54784K)->54267K(54784K) Class: 7585K(8000K)->7585K(8000K)
[102.669s][info][gc             ] GC(1117) Pause Young (Allocation Failure) 292M->143M(501M) 1.427ms
[102.669s][info][gc,cpu         ] GC(1117) User=0.19s Sys=0.00s Real=0.02s
[102.759s][info][gc,start       ] GC(1118) Pause Young (Allocation Failure)
[102.760s][info][gc,heap        ] GC(1118) PSYoungGen: 153728K(163328K)->224K(163328K) Eden: 153600K(153600K)->0K(153600K) From: 128K(9728K)->224K(9728K)
[102.760s][info][gc,heap        ] GC(1118) ParOldGen: 146937K(349696K)->146945K(349696K)
[102.760s][info][gc,metaspace   ] GC(1118) Metaspace: 61853K(62784K)->61853K(62784K) NonClass: 54267K(54784K)->54267K(54784K) Class: 7585K(8000K)->7585K(8000K)
[102.760s][info][gc             ] GC(1118) Pause Young (Allocation Failure) 293M->143M(501M) 1.389ms
[102.760s][info][gc,cpu         ] GC(1118) User=0.00s Sys=0.00s Real=0.00s
[102.850s][info][gc,start       ] GC(1119) Pause Young (Allocation Failure)
[102.851s][info][gc,heap        ] GC(1119) PSYoungGen: 153824K(163328K)->192K(164352K) Eden: 153600K(153600K)->0K(155648K) From: 224K(9728K)->192K(8704K)
[102.851s][info][gc,heap        ] GC(1119) ParOldGen: 146945K(349696K)->146961K(349696K)
[102.851s][info][gc,metaspace   ] GC(1119) Metaspace: 61853K(62784K)->61853K(62784K) NonClass: 54267K(54784K)->54267K(54784K) Class: 7585K(8000K)->7585K(8000K)
[102.851s][info][gc             ] GC(1119) Pause Young (Allocation Failure) 293M->143M(502M) 1.418ms
[102.851s][info][gc,cpu         ] GC(1119) User=0.00s Sys=0.00s Real=0.00s
[102.942s][info][gc,start       ] GC(1120) Pause Young (Allocation Failure)
[102.943s][info][gc,heap        ] GC(1120) PSYoungGen: 155840K(164352K)->160K(164352K) Eden: 155648K(155648K)->0K(155648K) From: 192K(8704K)->160K(8704K)
[102.943s][info][gc,heap        ] GC(1120) ParOldGen: 146961K(349696K)->146969K(349696K)
[102.943s][info][gc,metaspace   ] GC(1120) Metaspace: 61853K(62784K)->61853K(62784K) NonClass: 54267K(54784K)->54267K(54784K) Class: 7585K(8000K)->7585K(8000K)
[102.943s][info][gc             ] GC(1120) Pause Young (Allocation Failure) 295M->143M(502M) 1.409ms
[102.943s][info][gc,cpu         ] GC(1120) User=0.00s Sys=0.00s Real=0.00s
[103.034s][info][gc,start       ] GC(1121) Pause Young (Allocation Failure)
[103.035s][info][gc,heap        ] GC(1121) PSYoungGen: 155808K(164352K)->192K(165376K) Eden: 155648K(155648K)->0K(157696K) From: 160K(8704K)->192K(7680K)
[103.035s][info][gc,heap        ] GC(1121) ParOldGen: 146969K(349696K)->146977K(349696K)
[103.035s][info][gc,metaspace   ] GC(1121) Metaspace: 61853K(62784K)->61853K(62784K) NonClass: 54267K(54784K)->54267K(54784K) Class: 7585K(8000K)->7585K(8000K)
[103.035s][info][gc             ] GC(1121) Pause Young (Allocation Failure) 295M->143M(503M) 1.397ms
[103.035s][info][gc,cpu         ] GC(1121) User=0.00s Sys=0.00s Real=0.00s
[103.230s][info][gc,start       ] GC(1122) Pause Young (System.gc())
[103.231s][info][gc,heap        ] GC(1122) PSYoungGen: 47006K(165376K)->384K(158208K) Eden: 46814K(157696K)->0K(157696K) From: 192K(7680K)->384K(512K)
[103.231s][info][gc,heap        ] GC(1122) ParOldGen: 146977K(349696K)->146993K(349696K)
[103.231s][info][gc,metaspace   ] GC(1122) Metaspace: 61866K(62784K)->61866K(62784K) NonClass: 54280K(54784K)->54280K(54784K) Class: 7585K(8000K)->7585K(8000K)
[103.231s][info][gc             ] GC(1122) Pause Young (System.gc()) 189M->143M(496M) 1.745ms
[103.231s][info][gc,cpu         ] GC(1122) User=0.00s Sys=0.00s Real=0.00s
[103.232s][info][gc,start       ] GC(1123) Pause Full (System.gc())
[103.232s][info][gc,phases,start] GC(1123) Marking Phase
[103.336s][info][gc,phases      ] GC(1123) Marking Phase 103.868ms
[103.336s][info][gc,phases,start] GC(1123) Summary Phase
[103.336s][info][gc,phases      ] GC(1123) Summary Phase 0.019ms
[103.336s][info][gc,phases,start] GC(1123) Adjust Roots
[103.349s][info][gc,phases      ] GC(1123) Adjust Roots 13.587ms
[103.349s][info][gc,phases,start] GC(1123) Compaction Phase
[103.374s][info][gc,phases      ] GC(1123) Compaction Phase 24.948ms
[103.374s][info][gc,phases,start] GC(1123) Post Compact
[103.375s][info][gc,phases      ] GC(1123) Post Compact 1.108ms
[103.375s][info][gc,heap        ] GC(1123) PSYoungGen: 384K(158208K)->0K(158208K) Eden: 0K(157696K)->0K(157696K) From: 384K(512K)->0K(512K)
[103.375s][info][gc,heap        ] GC(1123) ParOldGen: 146993K(349696K)->102592K(349696K)
[103.375s][info][gc,metaspace   ] GC(1123) Metaspace: 61866K(62784K)->61866K(62784K) NonClass: 54280K(54784K)->54280K(54784K) Class: 7585K(8000K)->7585K(8000K)
[103.376s][info][gc             ] GC(1123) Pause Full (System.gc()) 143M->100M(496M) 143.871ms
[103.376s][info][gc,cpu         ] GC(1123) User=1.09s Sys=0.00s Real=0.14s
[103.496s][info][gc,start       ] GC(1124) Pause Young (Allocation Failure)
[103.499s][info][gc,heap        ] GC(1124) PSYoungGen: 157696K(158208K)->4448K(163840K) Eden: 157696K(157696K)->0K(156672K) From: 0K(512K)->4448K(7168K)
[103.499s][info][gc,heap        ] GC(1124) ParOldGen: 102592K(349696K)->102592K(349696K)
[103.500s][info][gc,metaspace   ] GC(1124) Metaspace: 61867K(62784K)->61867K(62784K) NonClass: 54281K(54784K)->54281K(54784K) Class: 7585K(8000K)->7585K(8000K)
[103.500s][info][gc             ] GC(1124) Pause Young (Allocation Failure) 254M->104M(501M) 3.606ms
[103.500s][info][gc,cpu         ] GC(1124) User=0.00s Sys=0.00s Real=0.00s
[103.561s][info][gc,start       ] GC(1125) Pause Young (Allocation Failure)
[103.569s][info][gc,heap        ] GC(1125) PSYoungGen: 161120K(163840K)->6336K(164864K) Eden: 156672K(156672K)->0K(156672K) From: 4448K(7168K)->6336K(8192K)
[103.569s][info][gc,heap        ] GC(1125) ParOldGen: 102592K(349696K)->106165K(349696K)
[103.569s][info][gc,metaspace   ] GC(1125) Metaspace: 61867K(62784K)->61867K(62784K) NonClass: 54281K(54784K)->54281K(54784K) Class: 7585K(8000K)->7585K(8000K)
[103.569s][info][gc             ] GC(1125) Pause Young (Allocation Failure) 257M->109M(502M) 8.315ms
[103.569s][info][gc,cpu         ] GC(1125) User=0.00s Sys=0.00s Real=0.00s
[103.621s][info][gc,start       ] GC(1126) Pause Young (Allocation Failure)
[103.638s][info][gc,heap        ] GC(1126) PSYoungGen: 163008K(164864K)->7168K(163328K) Eden: 156672K(156672K)->0K(154112K) From: 6336K(8192K)->7168K(9216K)
[103.638s][info][gc,heap        ] GC(1126) ParOldGen: 106165K(349696K)->111941K(349696K)
[103.638s][info][gc,metaspace   ] GC(1126) Metaspace: 61867K(62784K)->61867K(62784K) NonClass: 54281K(54784K)->54281K(54784K) Class: 7585K(8000K)->7585K(8000K)
[103.638s][info][gc             ] GC(1126) Pause Young (Allocation Failure) 262M->116M(501M) 16.576ms
[103.638s][info][gc,cpu         ] GC(1126) User=0.03s Sys=0.00s Real=0.02s
[103.689s][info][gc,start       ] GC(1127) Pause Young (Allocation Failure)
[103.705s][info][gc,heap        ] GC(1127) PSYoungGen: 161280K(163328K)->7040K(161280K) Eden: 154112K(154112K)->0K(154112K) From: 7168K(9216K)->7040K(7168K)
[103.705s][info][gc,heap        ] GC(1127) ParOldGen: 111941K(349696K)->118949K(349696K)
[103.705s][info][gc,metaspace   ] GC(1127) Metaspace: 61867K(62784K)->61867K(62784K) NonClass: 54281K(54784K)->54281K(54784K) Class: 7585K(8000K)->7585K(8000K)
[103.705s][info][gc             ] GC(1127) Pause Young (Allocation Failure) 266M->123M(499M) 16.323ms
[103.706s][info][gc,cpu         ] GC(1127) User=0.03s Sys=0.00s Real=0.02s
[103.760s][info][gc,start       ] GC(1128) Pause Young (Allocation Failure)
[103.775s][info][gc,heap        ] GC(1128) PSYoungGen: 161152K(161280K)->8832K(160256K) Eden: 154112K(154112K)->0K(148992K) From: 7040K(7168K)->8832K(11264K)
[103.775s][info][gc,heap        ] GC(1128) ParOldGen: 118949K(349696K)->125853K(349696K)
[103.775s][info][gc,metaspace   ] GC(1128) Metaspace: 61867K(62784K)->61867K(62784K) NonClass: 54281K(54784K)->54281K(54784K) Class: 7585K(8000K)->7585K(8000K)
[103.775s][info][gc             ] GC(1128) Pause Young (Allocation Failure) 273M->131M(498M) 15.903ms
[103.776s][info][gc,cpu         ] GC(1128) User=0.17s Sys=0.00s Real=0.02s
[103.819s][info][gc,start       ] GC(1129) Pause Young (Allocation Failure)
[103.835s][info][gc,heap        ] GC(1129) PSYoungGen: 157824K(160256K)->6112K(161792K) Eden: 148992K(148992K)->0K(148992K) From: 8832K(11264K)->6112K(12800K)
[103.835s][info][gc,heap        ] GC(1129) ParOldGen: 125853K(349696K)->134549K(349696K)
[103.835s][info][gc,metaspace   ] GC(1129) Metaspace: 61867K(62784K)->61867K(62784K) NonClass: 54281K(54784K)->54281K(54784K) Class: 7585K(8000K)->7585K(8000K)
[103.835s][info][gc             ] GC(1129) Pause Young (Allocation Failure) 277M->137M(499M) 15.878ms
[103.835s][info][gc,cpu         ] GC(1129) User=0.05s Sys=0.00s Real=0.02s
[103.879s][info][gc,start       ] GC(1130) Pause Young (Allocation Failure)
[103.922s][info][gc,heap        ] GC(1130) PSYoungGen: 155104K(161792K)->6240K(161792K) Eden: 148992K(148992K)->0K(148992K) From: 6112K(12800K)->6240K(12800K)
[103.922s][info][gc,heap        ] GC(1130) ParOldGen: 134549K(349696K)->140581K(349696K)
[103.922s][info][gc,metaspace   ] GC(1130) Metaspace: 61867K(62784K)->61867K(62784K) NonClass: 54281K(54784K)->54281K(54784K) Class: 7585K(8000K)->7585K(8000K)
[103.922s][info][gc             ] GC(1130) Pause Young (Allocation Failure) 282M->143M(499M) 43.016ms
[103.922s][info][gc,cpu         ] GC(1130) User=0.56s Sys=0.00s Real=0.05s
[103.971s][info][gc,start       ] GC(1131) Pause Young (Allocation Failure)
[103.997s][info][gc,heap        ] GC(1131) PSYoungGen: 155232K(161792K)->416K(149504K) Eden: 148992K(148992K)->0K(148992K) From: 6240K(12800K)->416K(512K)
[103.997s][info][gc,heap        ] GC(1131) ParOldGen: 140581K(349696K)->146709K(349696K)
[103.997s][info][gc,metaspace   ] GC(1131) Metaspace: 61868K(62784K)->61868K(62784K) NonClass: 54283K(54784K)->54283K(54784K) Class: 7585K(8000K)->7585K(8000K)
[103.997s][info][gc             ] GC(1131) Pause Young (Allocation Failure) 288M->143M(487M) 26.492ms
[103.997s][info][gc,cpu         ] GC(1131) User=0.38s Sys=0.00s Real=0.03s
[104.045s][info][gc,start       ] GC(1132) Pause Young (Allocation Failure)
[104.047s][info][gc,heap        ] GC(1132) PSYoungGen: 149408K(149504K)->192K(161280K) Eden: 148992K(148992K)->0K(148992K) From: 416K(512K)->192K(12288K)
[104.047s][info][gc,heap        ] GC(1132) ParOldGen: 146709K(349696K)->146853K(349696K)
[104.047s][info][gc,metaspace   ] GC(1132) Metaspace: 61868K(62784K)->61868K(62784K) NonClass: 54283K(54784K)->54283K(54784K) Class: 7585K(8000K)->7585K(8000K)
[104.047s][info][gc             ] GC(1132) Pause Young (Allocation Failure) 289M->143M(499M) 2.401ms
[104.047s][info][gc,cpu         ] GC(1132) User=0.00s Sys=0.00s Real=0.00s
[104.094s][info][gc,start       ] GC(1133) Pause Young (Allocation Failure)
[104.096s][info][gc,heap        ] GC(1133) PSYoungGen: 149184K(161280K)->256K(161280K) Eden: 148992K(148992K)->0K(148992K) From: 192K(12288K)->256K(12288K)
[104.096s][info][gc,heap        ] GC(1133) ParOldGen: 146853K(349696K)->146861K(349696K)
[104.096s][info][gc,metaspace   ] GC(1133) Metaspace: 61868K(62784K)->61868K(62784K) NonClass: 54283K(54784K)->54283K(54784K) Class: 7585K(8000K)->7585K(8000K)
[104.096s][info][gc             ] GC(1133) Pause Young (Allocation Failure) 289M->143M(499M) 1.340ms
[104.096s][info][gc,cpu         ] GC(1133) User=0.00s Sys=0.00s Real=0.00s
[104.150s][info][gc,start       ] GC(1134) Pause Young (Allocation Failure)
[104.151s][info][gc,heap        ] GC(1134) PSYoungGen: 149248K(161280K)->192K(161792K) Eden: 148992K(148992K)->0K(150528K) From: 256K(12288K)->192K(11264K)
[104.151s][info][gc,heap        ] GC(1134) ParOldGen: 146861K(349696K)->146877K(349696K)
[104.151s][info][gc,metaspace   ] GC(1134) Metaspace: 61868K(62784K)->61868K(62784K) NonClass: 54283K(54784K)->54283K(54784K) Class: 7585K(8000K)->7585K(8000K)
[104.151s][info][gc             ] GC(1134) Pause Young (Allocation Failure) 289M->143M(499M) 0.853ms
[104.151s][info][gc,cpu         ] GC(1134) User=0.17s Sys=0.00s Real=0.02s
[104.207s][info][gc,start       ] GC(1135) Pause Young (Allocation Failure)
[104.208s][info][gc,heap        ] GC(1135) PSYoungGen: 150720K(161792K)->192K(161792K) Eden: 150528K(150528K)->0K(150528K) From: 192K(11264K)->192K(11264K)
[104.208s][info][gc,heap        ] GC(1135) ParOldGen: 146877K(349696K)->146885K(349696K)
[104.208s][info][gc,metaspace   ] GC(1135) Metaspace: 61868K(62784K)->61868K(62784K) NonClass: 54283K(54784K)->54283K(54784K) Class: 7585K(8000K)->7585K(8000K)
[104.208s][info][gc             ] GC(1135) Pause Young (Allocation Failure) 290M->143M(499M) 1.313ms
[104.208s][info][gc,cpu         ] GC(1135) User=0.00s Sys=0.00s Real=0.00s
[104.263s][info][gc,start       ] GC(1136) Pause Young (Allocation Failure)
[104.265s][info][gc,heap        ] GC(1136) PSYoungGen: 150720K(161792K)->224K(162304K) Eden: 150528K(150528K)->0K(152064K) From: 192K(11264K)->224K(10240K)
[104.265s][info][gc,heap        ] GC(1136) ParOldGen: 146885K(349696K)->146901K(349696K)
[104.265s][info][gc,metaspace   ] GC(1136) Metaspace: 61868K(62784K)->61868K(62784K) NonClass: 54283K(54784K)->54283K(54784K) Class: 7585K(8000K)->7585K(8000K)
[104.265s][info][gc             ] GC(1136) Pause Young (Allocation Failure) 290M->143M(500M) 1.409ms
[104.265s][info][gc,cpu         ] GC(1136) User=0.00s Sys=0.00s Real=0.00s
[104.352s][info][gc,start       ] GC(1137) Pause Young (Allocation Failure)
[104.353s][info][gc,heap        ] GC(1137) PSYoungGen: 152288K(162304K)->352K(162816K) Eden: 152064K(152064K)->0K(152064K) From: 224K(10240K)->352K(10752K)
[104.353s][info][gc,heap        ] GC(1137) ParOldGen: 146901K(349696K)->146909K(349696K)
[104.353s][info][gc,metaspace   ] GC(1137) Metaspace: 61868K(62784K)->61868K(62784K) NonClass: 54283K(54784K)->54283K(54784K) Class: 7585K(8000K)->7585K(8000K)
[104.353s][info][gc             ] GC(1137) Pause Young (Allocation Failure) 292M->143M(500M) 1.587ms
[104.353s][info][gc,cpu         ] GC(1137) User=0.36s Sys=0.09s Real=0.02s
[104.443s][info][gc,start       ] GC(1138) Pause Young (Allocation Failure)
[104.444s][info][gc,heap        ] GC(1138) PSYoungGen: 152416K(162816K)->128K(162816K) Eden: 152064K(152064K)->0K(153600K) From: 352K(10752K)->128K(9216K)
[104.444s][info][gc,heap        ] GC(1138) ParOldGen: 146909K(349696K)->146989K(349696K)
[104.444s][info][gc,metaspace   ] GC(1138) Metaspace: 61868K(62784K)->61868K(62784K) NonClass: 54283K(54784K)->54283K(54784K) Class: 7585K(8000K)->7585K(8000K)
[104.444s][info][gc             ] GC(1138) Pause Young (Allocation Failure) 292M->143M(500M) 1.425ms
[104.444s][info][gc,cpu         ] GC(1138) User=0.00s Sys=0.00s Real=0.00s
[104.537s][info][gc,start       ] GC(1139) Pause Young (Allocation Failure)
[104.538s][info][gc,heap        ] GC(1139) PSYoungGen: 153728K(162816K)->224K(163328K) Eden: 153600K(153600K)->0K(153600K) From: 128K(9216K)->224K(9728K)
[104.538s][info][gc,heap        ] GC(1139) ParOldGen: 146989K(349696K)->147005K(349696K)
[104.538s][info][gc,metaspace   ] GC(1139) Metaspace: 61868K(62784K)->61868K(62784K) NonClass: 54283K(54784K)->54283K(54784K) Class: 7585K(8000K)->7585K(8000K)
[104.538s][info][gc             ] GC(1139) Pause Young (Allocation Failure) 293M->143M(501M) 1.488ms
[104.538s][info][gc,cpu         ] GC(1139) User=0.00s Sys=0.00s Real=0.00s
[104.628s][info][gc,start       ] GC(1140) Pause Young (Allocation Failure)
[104.630s][info][gc,heap        ] GC(1140) PSYoungGen: 153824K(163328K)->224K(163840K) Eden: 153600K(153600K)->0K(155648K) From: 224K(9728K)->224K(8192K)
[104.630s][info][gc,heap        ] GC(1140) ParOldGen: 147005K(349696K)->147013K(349696K)
[104.630s][info][gc,metaspace   ] GC(1140) Metaspace: 61868K(62784K)->61868K(62784K) NonClass: 54283K(54784K)->54283K(54784K) Class: 7585K(8000K)->7585K(8000K)
[104.630s][info][gc             ] GC(1140) Pause Young (Allocation Failure) 293M->143M(501M) 1.458ms
[104.630s][info][gc,cpu         ] GC(1140) User=0.00s Sys=0.00s Real=0.00s
[104.721s][info][gc,start       ] GC(1141) Pause Young (Allocation Failure)
[104.722s][info][gc,heap        ] GC(1141) PSYoungGen: 155872K(163840K)->192K(164352K) Eden: 155648K(155648K)->0K(155648K) From: 224K(8192K)->192K(8704K)
[104.722s][info][gc,heap        ] GC(1141) ParOldGen: 147013K(349696K)->147021K(349696K)
[104.722s][info][gc,metaspace   ] GC(1141) Metaspace: 61868K(62784K)->61868K(62784K) NonClass: 54283K(54784K)->54283K(54784K) Class: 7585K(8000K)->7585K(8000K)
[104.722s][info][gc             ] GC(1141) Pause Young (Allocation Failure) 295M->143M(502M) 1.463ms
[104.722s][info][gc,cpu         ] GC(1141) User=0.00s Sys=0.00s Real=0.00s
[104.813s][info][gc,start       ] GC(1142) Pause Young (Allocation Failure)
[104.815s][info][gc,heap        ] GC(1142) PSYoungGen: 155840K(164352K)->160K(164864K) Eden: 155648K(155648K)->0K(157696K) From: 192K(8704K)->160K(7168K)
[104.815s][info][gc,heap        ] GC(1142) ParOldGen: 147021K(349696K)->147029K(349696K)
[104.815s][info][gc,metaspace   ] GC(1142) Metaspace: 61868K(62784K)->61868K(62784K) NonClass: 54283K(54784K)->54283K(54784K) Class: 7585K(8000K)->7585K(8000K)
[104.815s][info][gc             ] GC(1142) Pause Young (Allocation Failure) 295M->143M(502M) 1.348ms
[104.815s][info][gc,cpu         ] GC(1142) User=0.00s Sys=0.00s Real=0.00s
[104.877s][info][gc,start       ] GC(1143) Pause Young (System.gc())
[104.878s][info][gc,heap        ] GC(1143) PSYoungGen: 51376K(164864K)->384K(158208K) Eden: 51216K(157696K)->0K(157696K) From: 160K(7168K)->384K(512K)
[104.878s][info][gc,heap        ] GC(1143) ParOldGen: 147029K(349696K)->147037K(349696K)
[104.878s][info][gc,metaspace   ] GC(1143) Metaspace: 61875K(62784K)->61875K(62784K) NonClass: 54289K(54784K)->54289K(54784K) Class: 7585K(8000K)->7585K(8000K)
[104.878s][info][gc             ] GC(1143) Pause Young (System.gc()) 193M->143M(496M) 1.730ms
[104.878s][info][gc,cpu         ] GC(1143) User=0.00s Sys=0.00s Real=0.00s
[104.879s][info][gc,start       ] GC(1144) Pause Full (System.gc())
[104.879s][info][gc,phases,start] GC(1144) Marking Phase
[104.964s][info][gc,phases      ] GC(1144) Marking Phase 85.757ms
[104.964s][info][gc,phases,start] GC(1144) Summary Phase
[104.964s][info][gc,phases      ] GC(1144) Summary Phase 0.013ms
[104.964s][info][gc,phases,start] GC(1144) Adjust Roots
[104.976s][info][gc,phases      ] GC(1144) Adjust Roots 11.406ms
[104.976s][info][gc,phases,start] GC(1144) Compaction Phase
[104.999s][info][gc,phases      ] GC(1144) Compaction Phase 23.620ms
[104.999s][info][gc,phases,start] GC(1144) Post Compact
[105.000s][info][gc,phases      ] GC(1144) Post Compact 0.828ms
[105.000s][info][gc,heap        ] GC(1144) PSYoungGen: 384K(158208K)->0K(158208K) Eden: 0K(157696K)->0K(157696K) From: 384K(512K)->0K(512K)
[105.000s][info][gc,heap        ] GC(1144) ParOldGen: 147037K(349696K)->102610K(349696K)
[105.000s][info][gc,metaspace   ] GC(1144) Metaspace: 61875K(62784K)->61875K(62784K) NonClass: 54289K(54784K)->54289K(54784K) Class: 7585K(8000K)->7585K(8000K)
[105.000s][info][gc             ] GC(1144) Pause Full (System.gc()) 143M->100M(496M) 121.894ms
[105.000s][info][gc,cpu         ] GC(1144) User=0.92s Sys=0.00s Real=0.12s
[105.123s][info][gc,start       ] GC(1145) Pause Young (Allocation Failure)
[105.126s][info][gc,heap        ] GC(1145) PSYoungGen: 157696K(158208K)->3936K(164352K) Eden: 157696K(157696K)->0K(157184K) From: 0K(512K)->3936K(7168K)
[105.126s][info][gc,heap        ] GC(1145) ParOldGen: 102610K(349696K)->102610K(349696K)
[105.126s][info][gc,metaspace   ] GC(1145) Metaspace: 61875K(62784K)->61875K(62784K) NonClass: 54289K(54784K)->54289K(54784K) Class: 7585K(8000K)->7585K(8000K)
[105.126s][info][gc             ] GC(1145) Pause Young (Allocation Failure) 254M->104M(502M) 3.394ms
[105.126s][info][gc,cpu         ] GC(1145) User=0.00s Sys=0.00s Real=0.00s
[105.182s][info][gc,start       ] GC(1146) Pause Young (Allocation Failure)
[105.196s][info][gc,heap        ] GC(1146) PSYoungGen: 161120K(164352K)->5568K(164864K) Eden: 157184K(157184K)->0K(157184K) From: 3936K(7168K)->5568K(7680K)
[105.197s][info][gc,heap        ] GC(1146) ParOldGen: 102610K(349696K)->106173K(349696K)
[105.197s][info][gc,metaspace   ] GC(1146) Metaspace: 61875K(62784K)->61875K(62784K) NonClass: 54289K(54784K)->54289K(54784K) Class: 7585K(8000K)->7585K(8000K)
[105.197s][info][gc             ] GC(1146) Pause Young (Allocation Failure) 257M->109M(502M) 14.466ms
[105.197s][info][gc,cpu         ] GC(1146) User=0.03s Sys=0.00s Real=0.02s
[105.254s][info][gc,start       ] GC(1147) Pause Young (Allocation Failure)
[105.265s][info][gc,heap        ] GC(1147) PSYoungGen: 162752K(164864K)->6784K(163840K) Eden: 157184K(157184K)->0K(155136K) From: 5568K(7680K)->6784K(8704K)
[105.265s][info][gc,heap        ] GC(1147) ParOldGen: 106173K(349696K)->110933K(349696K)
[105.265s][info][gc,metaspace   ] GC(1147) Metaspace: 61875K(62784K)->61875K(62784K) NonClass: 54289K(54784K)->54289K(54784K) Class: 7585K(8000K)->7585K(8000K)
[105.265s][info][gc             ] GC(1147) Pause Young (Allocation Failure) 262M->114M(501M) 10.306ms
[105.265s][info][gc,cpu         ] GC(1147) User=0.19s Sys=0.00s Real=0.01s
[105.316s][info][gc,start       ] GC(1148) Pause Young (Allocation Failure)
[105.330s][info][gc,heap        ] GC(1148) PSYoungGen: 161920K(163840K)->5664K(161280K) Eden: 155136K(155136K)->0K(155136K) From: 6784K(8704K)->5664K(6144K)
[105.330s][info][gc,heap        ] GC(1148) ParOldGen: 110933K(349696K)->117565K(349696K)
[105.330s][info][gc,metaspace   ] GC(1148) Metaspace: 61875K(62784K)->61875K(62784K) NonClass: 54289K(54784K)->54289K(54784K) Class: 7585K(8000K)->7585K(8000K)
[105.330s][info][gc             ] GC(1148) Pause Young (Allocation Failure) 266M->120M(499M) 14.121ms
[105.330s][info][gc,cpu         ] GC(1148) User=0.03s Sys=0.00s Real=0.02s
[105.378s][info][gc,start       ] GC(1149) Pause Young (Allocation Failure)
[105.393s][info][gc,heap        ] GC(1149) PSYoungGen: 160800K(161280K)->8704K(161280K) Eden: 155136K(155136K)->0K(151040K) From: 5664K(6144K)->8704K(10240K)
[105.393s][info][gc,heap        ] GC(1149) ParOldGen: 117565K(349696K)->123221K(349696K)
[105.393s][info][gc,metaspace   ] GC(1149) Metaspace: 61875K(62784K)->61875K(62784K) NonClass: 54289K(54784K)->54289K(54784K) Class: 7585K(8000K)->7585K(8000K)
[105.393s][info][gc             ] GC(1149) Pause Young (Allocation Failure) 271M->128M(499M) 14.964ms
[105.393s][info][gc,cpu         ] GC(1149) User=0.17s Sys=0.00s Real=0.01s
[105.437s][info][gc,start       ] GC(1150) Pause Young (Allocation Failure)
[105.451s][info][gc,heap        ] GC(1150) PSYoungGen: 159744K(161280K)->6336K(157696K) Eden: 151040K(151040K)->0K(151040K) From: 8704K(10240K)->6336K(6656K)
[105.452s][info][gc,heap        ] GC(1150) ParOldGen: 123221K(349696K)->131837K(349696K)
[105.452s][info][gc,metaspace   ] GC(1150) Metaspace: 61875K(62784K)->61875K(62784K) NonClass: 54289K(54784K)->54289K(54784K) Class: 7585K(8000K)->7585K(8000K)
[105.452s][info][gc             ] GC(1150) Pause Young (Allocation Failure) 276M->134M(495M) 14.740ms
[105.452s][info][gc,cpu         ] GC(1150) User=0.17s Sys=0.00s Real=0.02s
[105.495s][info][gc,start       ] GC(1151) Pause Young (Allocation Failure)
[105.534s][info][gc,heap        ] GC(1151) PSYoungGen: 157376K(157696K)->6432K(162304K) Eden: 151040K(151040K)->0K(150016K) From: 6336K(6656K)->6432K(12288K)
[105.534s][info][gc,heap        ] GC(1151) ParOldGen: 131837K(349696K)->138045K(349696K)
[105.534s][info][gc,metaspace   ] GC(1151) Metaspace: 61875K(62784K)->61875K(62784K) NonClass: 54289K(54784K)->54289K(54784K) Class: 7585K(8000K)->7585K(8000K)
[105.534s][info][gc             ] GC(1151) Pause Young (Allocation Failure) 282M->141M(500M) 39.365ms
[105.534s][info][gc,cpu         ] GC(1151) User=0.34s Sys=0.00s Real=0.03s
[105.582s][info][gc,start       ] GC(1152) Pause Young (Allocation Failure)
[105.616s][info][gc,heap        ] GC(1152) PSYoungGen: 156448K(162304K)->2720K(153088K) Eden: 150016K(150016K)->0K(150016K) From: 6432K(12288K)->2720K(3072K)
[105.616s][info][gc,heap        ] GC(1152) ParOldGen: 138045K(349696K)->144349K(349696K)
[105.616s][info][gc,metaspace   ] GC(1152) Metaspace: 61875K(62784K)->61875K(62784K) NonClass: 54289K(54784K)->54289K(54784K) Class: 7585K(8000K)->7585K(8000K)
[105.616s][info][gc             ] GC(1152) Pause Young (Allocation Failure) 287M->143M(491M) 33.359ms
[105.616s][info][gc,cpu         ] GC(1152) User=0.38s Sys=0.00s Real=0.04s
[105.664s][info][gc,start       ] GC(1153) Pause Young (Allocation Failure)
[105.674s][info][gc,heap        ] GC(1153) PSYoungGen: 152736K(153088K)->288K(161792K) Eden: 150016K(150016K)->0K(150016K) From: 2720K(3072K)->288K(11776K)
[105.674s][info][gc,heap        ] GC(1153) ParOldGen: 144349K(349696K)->146877K(349696K)
[105.674s][info][gc,metaspace   ] GC(1153) Metaspace: 61876K(62784K)->61876K(62784K) NonClass: 54291K(54784K)->54291K(54784K) Class: 7585K(8000K)->7585K(8000K)
[105.675s][info][gc             ] GC(1153) Pause Young (Allocation Failure) 290M->143M(499M) 10.409ms
[105.675s][info][gc,cpu         ] GC(1153) User=0.17s Sys=0.00s Real=0.02s
[105.722s][info][gc,start       ] GC(1154) Pause Young (Allocation Failure)
[105.722s][info][gc,heap        ] GC(1154) PSYoungGen: 150304K(161792K)->160K(161792K) Eden: 150016K(150016K)->0K(150016K) From: 288K(11776K)->160K(11776K)
[105.722s][info][gc,heap        ] GC(1154) ParOldGen: 146877K(349696K)->146965K(349696K)
[105.722s][info][gc,metaspace   ] GC(1154) Metaspace: 61876K(62784K)->61876K(62784K) NonClass: 54291K(54784K)->54291K(54784K) Class: 7585K(8000K)->7585K(8000K)
[105.722s][info][gc             ] GC(1154) Pause Young (Allocation Failure) 290M->143M(499M) 0.856ms
[105.722s][info][gc,cpu         ] GC(1154) User=0.00s Sys=0.00s Real=0.00s
[105.769s][info][gc,start       ] GC(1155) Pause Young (Allocation Failure)
[105.769s][info][gc,heap        ] GC(1155) PSYoungGen: 150176K(161792K)->256K(162304K) Eden: 150016K(150016K)->0K(151552K) From: 160K(11776K)->256K(10752K)
[105.770s][info][gc,heap        ] GC(1155) ParOldGen: 146965K(349696K)->146981K(349696K)
[105.770s][info][gc,metaspace   ] GC(1155) Metaspace: 61876K(62784K)->61876K(62784K) NonClass: 54291K(54784K)->54291K(54784K) Class: 7585K(8000K)->7585K(8000K)
[105.770s][info][gc             ] GC(1155) Pause Young (Allocation Failure) 290M->143M(500M) 0.823ms
[105.770s][info][gc,cpu         ] GC(1155) User=0.00s Sys=0.00s Real=0.00s
[105.817s][info][gc,start       ] GC(1156) Pause Young (Allocation Failure)
[105.818s][info][gc,heap        ] GC(1156) PSYoungGen: 151808K(162304K)->288K(162304K) Eden: 151552K(151552K)->0K(151552K) From: 256K(10752K)->288K(10752K)
[105.818s][info][gc,heap        ] GC(1156) ParOldGen: 146981K(349696K)->146989K(349696K)
[105.818s][info][gc,metaspace   ] GC(1156) Metaspace: 61876K(62784K)->61876K(62784K) NonClass: 54291K(54784K)->54291K(54784K) Class: 7585K(8000K)->7585K(8000K)
[105.818s][info][gc             ] GC(1156) Pause Young (Allocation Failure) 291M->143M(500M) 0.859ms
[105.818s][info][gc,cpu         ] GC(1156) User=0.00s Sys=0.00s Real=0.00s
[105.874s][info][gc,start       ] GC(1157) Pause Young (Allocation Failure)
[105.876s][info][gc,heap        ] GC(1157) PSYoungGen: 151840K(162304K)->352K(162816K) Eden: 151552K(151552K)->0K(153088K) From: 288K(10752K)->352K(9728K)
[105.876s][info][gc,heap        ] GC(1157) ParOldGen: 146989K(349696K)->146997K(349696K)
[105.876s][info][gc,metaspace   ] GC(1157) Metaspace: 61876K(62784K)->61876K(62784K) NonClass: 54291K(54784K)->54291K(54784K) Class: 7585K(8000K)->7585K(8000K)
[105.876s][info][gc             ] GC(1157) Pause Young (Allocation Failure) 291M->143M(500M) 1.529ms
[105.876s][info][gc,cpu         ] GC(1157) User=0.03s Sys=0.00s Real=0.02s
[105.970s][info][gc,start       ] GC(1158) Pause Young (Allocation Failure)
[105.972s][info][gc,heap        ] GC(1158) PSYoungGen: 153440K(162816K)->96K(163328K) Eden: 153088K(153088K)->0K(153088K) From: 352K(9728K)->96K(10240K)
[105.972s][info][gc,heap        ] GC(1158) ParOldGen: 146997K(349696K)->147077K(349696K)
[105.972s][info][gc,metaspace   ] GC(1158) Metaspace: 61876K(62784K)->61876K(62784K) NonClass: 54291K(54784K)->54291K(54784K) Class: 7585K(8000K)->7585K(8000K)
[105.972s][info][gc             ] GC(1158) Pause Young (Allocation Failure) 293M->143M(501M) 1.330ms
[105.972s][info][gc,cpu         ] GC(1158) User=0.00s Sys=0.00s Real=0.00s
[106.075s][info][gc,start       ] GC(1159) Pause Young (Allocation Failure)
[106.076s][info][gc,heap        ] GC(1159) PSYoungGen: 153184K(163328K)->256K(163328K) Eden: 153088K(153088K)->0K(154624K) From: 96K(10240K)->256K(8704K)
[106.076s][info][gc,heap        ] GC(1159) ParOldGen: 147077K(349696K)->147077K(349696K)
[106.076s][info][gc,metaspace   ] GC(1159) Metaspace: 61876K(62784K)->61876K(62784K) NonClass: 54291K(54784K)->54291K(54784K) Class: 7585K(8000K)->7585K(8000K)
[106.076s][info][gc             ] GC(1159) Pause Young (Allocation Failure) 293M->143M(501M) 0.865ms
[106.076s][info][gc,cpu         ] GC(1159) User=0.00s Sys=0.00s Real=0.00s
[106.182s][info][gc,start       ] GC(1160) Pause Young (Allocation Failure)
[106.184s][info][gc,heap        ] GC(1160) PSYoungGen: 154880K(163328K)->224K(163840K) Eden: 154624K(154624K)->0K(154624K) From: 256K(8704K)->224K(9216K)
[106.184s][info][gc,heap        ] GC(1160) ParOldGen: 147077K(349696K)->147085K(349696K)
[106.184s][info][gc,metaspace   ] GC(1160) Metaspace: 61876K(62784K)->61876K(62784K) NonClass: 54291K(54784K)->54291K(54784K) Class: 7585K(8000K)->7585K(8000K)
[106.184s][info][gc             ] GC(1160) Pause Young (Allocation Failure) 294M->143M(501M) 1.367ms
[106.184s][info][gc,cpu         ] GC(1160) User=0.00s Sys=0.00s Real=0.00s
[106.306s][info][gc,start       ] GC(1161) Pause Young (Allocation Failure)
[106.307s][info][gc,heap        ] GC(1161) PSYoungGen: 154848K(163840K)->256K(164352K) Eden: 154624K(154624K)->0K(156160K) From: 224K(9216K)->256K(8192K)
[106.307s][info][gc,heap        ] GC(1161) ParOldGen: 147085K(349696K)->147093K(349696K)
[106.307s][info][gc,metaspace   ] GC(1161) Metaspace: 61876K(62784K)->61876K(62784K) NonClass: 54291K(54784K)->54291K(54784K) Class: 7585K(8000K)->7585K(8000K)
[106.308s][info][gc             ] GC(1161) Pause Young (Allocation Failure) 294M->143M(502M) 1.487ms
[106.308s][info][gc,cpu         ] GC(1161) User=0.00s Sys=0.00s Real=0.00s
[106.398s][info][gc,start       ] GC(1162) Pause Young (Allocation Failure)
[106.400s][info][gc,heap        ] GC(1162) PSYoungGen: 156416K(164352K)->160K(164864K) Eden: 156160K(156160K)->0K(156160K) From: 256K(8192K)->160K(8704K)
[106.400s][info][gc,heap        ] GC(1162) ParOldGen: 147093K(349696K)->147101K(349696K)
[106.400s][info][gc,metaspace   ] GC(1162) Metaspace: 61876K(62784K)->61876K(62784K) NonClass: 54291K(54784K)->54291K(54784K) Class: 7585K(8000K)->7585K(8000K)
[106.400s][info][gc             ] GC(1162) Pause Young (Allocation Failure) 296M->143M(502M) 1.431ms
[106.400s][info][gc,cpu         ] GC(1162) User=0.00s Sys=0.00s Real=0.00s
[106.491s][info][gc,start       ] GC(1163) Pause Young (Allocation Failure)
[106.492s][info][gc,heap        ] GC(1163) PSYoungGen: 156320K(164864K)->224K(164864K) Eden: 156160K(156160K)->0K(157696K) From: 160K(8704K)->224K(7168K)
[106.492s][info][gc,heap        ] GC(1163) ParOldGen: 147101K(349696K)->147109K(349696K)
[106.492s][info][gc,metaspace   ] GC(1163) Metaspace: 61876K(62784K)->61876K(62784K) NonClass: 54291K(54784K)->54291K(54784K) Class: 7585K(8000K)->7585K(8000K)
[106.492s][info][gc             ] GC(1163) Pause Young (Allocation Failure) 296M->143M(502M) 1.381ms
[106.492s][info][gc,cpu         ] GC(1163) User=0.00s Sys=0.00s Real=0.00s
[106.547s][info][gc,start       ] GC(1164) Pause Young (System.gc())
[106.548s][info][gc,heap        ] GC(1164) PSYoungGen: 30910K(164864K)->416K(158208K) Eden: 30686K(157696K)->0K(157696K) From: 224K(7168K)->416K(512K)
[106.548s][info][gc,heap        ] GC(1164) ParOldGen: 147109K(349696K)->147125K(349696K)
[106.548s][info][gc,metaspace   ] GC(1164) Metaspace: 61876K(62784K)->61876K(62784K) NonClass: 54291K(54784K)->54291K(54784K) Class: 7585K(8000K)->7585K(8000K)
[106.548s][info][gc             ] GC(1164) Pause Young (System.gc()) 173M->144M(496M) 1.874ms
[106.549s][info][gc,cpu         ] GC(1164) User=0.00s Sys=0.00s Real=0.00s
[106.549s][info][gc,start       ] GC(1165) Pause Full (System.gc())
[106.549s][info][gc,phases,start] GC(1165) Marking Phase
[106.650s][info][gc,phases      ] GC(1165) Marking Phase 100.996ms
[106.650s][info][gc,phases,start] GC(1165) Summary Phase
[106.650s][info][gc,phases      ] GC(1165) Summary Phase 0.016ms
[106.650s][info][gc,phases,start] GC(1165) Adjust Roots
[106.660s][info][gc,phases      ] GC(1165) Adjust Roots 10.125ms
[106.660s][info][gc,phases,start] GC(1165) Compaction Phase
[106.685s][info][gc,phases      ] GC(1165) Compaction Phase 24.743ms
[106.685s][info][gc,phases,start] GC(1165) Post Compact
[106.686s][info][gc,phases      ] GC(1165) Post Compact 1.111ms
[106.686s][info][gc,heap        ] GC(1165) PSYoungGen: 416K(158208K)->0K(158208K) Eden: 0K(157696K)->0K(157696K) From: 416K(512K)->0K(512K)
[106.686s][info][gc,heap        ] GC(1165) ParOldGen: 147125K(349696K)->102623K(349696K)
[106.686s][info][gc,metaspace   ] GC(1165) Metaspace: 61876K(62784K)->61876K(62784K) NonClass: 54291K(54784K)->54291K(54784K) Class: 7585K(8000K)->7585K(8000K)
[106.686s][info][gc             ] GC(1165) Pause Full (System.gc()) 144M->100M(496M) 137.401ms
[106.686s][info][gc,cpu         ] GC(1165) User=1.08s Sys=0.00s Real=0.14s
[106.808s][info][gc,start       ] GC(1166) Pause Young (Allocation Failure)
[106.812s][info][gc,heap        ] GC(1166) PSYoungGen: 157696K(158208K)->3936K(164352K) Eden: 157696K(157696K)->0K(157184K) From: 0K(512K)->3936K(7168K)
[106.812s][info][gc,heap        ] GC(1166) ParOldGen: 102623K(349696K)->102623K(349696K)
[106.812s][info][gc,metaspace   ] GC(1166) Metaspace: 61879K(62784K)->61879K(62784K) NonClass: 54293K(54784K)->54293K(54784K) Class: 7585K(8000K)->7585K(8000K)
[106.812s][info][gc             ] GC(1166) Pause Young (Allocation Failure) 254M->104M(502M) 3.891ms
[106.812s][info][gc,cpu         ] GC(1166) User=0.00s Sys=0.00s Real=0.00s
[106.867s][info][gc,start       ] GC(1167) Pause Young (Allocation Failure)
[106.880s][info][gc,heap        ] GC(1167) PSYoungGen: 161120K(164352K)->7392K(164864K) Eden: 157184K(157184K)->0K(157184K) From: 3936K(7168K)->7392K(7680K)
[106.880s][info][gc,heap        ] GC(1167) ParOldGen: 102623K(349696K)->106197K(349696K)
[106.880s][info][gc,metaspace   ] GC(1167) Metaspace: 61882K(62784K)->61882K(62784K) NonClass: 54297K(54784K)->54297K(54784K) Class: 7585K(8000K)->7585K(8000K)
[106.880s][info][gc             ] GC(1167) Pause Young (Allocation Failure) 257M->110M(502M) 13.124ms
[106.880s][info][gc,cpu         ] GC(1167) User=0.03s Sys=0.00s Real=0.02s
[106.931s][info][gc,start       ] GC(1168) Pause Young (Allocation Failure)
[106.946s][info][gc,heap        ] GC(1168) PSYoungGen: 164576K(164864K)->7520K(162304K) Eden: 157184K(157184K)->0K(153088K) From: 7392K(7680K)->7520K(9216K)
[106.946s][info][gc,heap        ] GC(1168) ParOldGen: 106197K(349696K)->112925K(349696K)
[106.946s][info][gc,metaspace   ] GC(1168) Metaspace: 61882K(62784K)->61882K(62784K) NonClass: 54297K(54784K)->54297K(54784K) Class: 7585K(8000K)->7585K(8000K)
[106.947s][info][gc             ] GC(1168) Pause Young (Allocation Failure) 264M->117M(500M) 15.120ms
[106.947s][info][gc,cpu         ] GC(1168) User=0.03s Sys=0.00s Real=0.02s
[106.993s][info][gc,start       ] GC(1169) Pause Young (Allocation Failure)
[107.009s][info][gc,heap        ] GC(1169) PSYoungGen: 160608K(162304K)->6496K(159744K) Eden: 153088K(153088K)->0K(153088K) From: 7520K(9216K)->6496K(6656K)
[107.009s][info][gc,heap        ] GC(1169) ParOldGen: 112925K(349696K)->120293K(349696K)
[107.009s][info][gc,metaspace   ] GC(1169) Metaspace: 61882K(62784K)->61882K(62784K) NonClass: 54297K(54784K)->54297K(54784K) Class: 7585K(8000K)->7585K(8000K)
[107.009s][info][gc             ] GC(1169) Pause Young (Allocation Failure) 267M->123M(497M) 15.972ms
[107.009s][info][gc,cpu         ] GC(1169) User=0.03s Sys=0.00s Real=0.02s
[107.055s][info][gc,start       ] GC(1170) Pause Young (Allocation Failure)
[107.071s][info][gc,heap        ] GC(1170) PSYoungGen: 159584K(159744K)->8032K(161280K) Eden: 153088K(153088K)->0K(150016K) From: 6496K(6656K)->8032K(11264K)
[107.071s][info][gc,heap        ] GC(1170) ParOldGen: 120293K(349696K)->126709K(349696K)
[107.071s][info][gc,metaspace   ] GC(1170) Metaspace: 61882K(62784K)->61882K(62784K) NonClass: 54297K(54784K)->54297K(54784K) Class: 7585K(8000K)->7585K(8000K)
[107.071s][info][gc             ] GC(1170) Pause Young (Allocation Failure) 273M->131M(499M) 15.541ms
[107.071s][info][gc,cpu         ] GC(1170) User=0.17s Sys=0.00s Real=0.02s
[107.116s][info][gc,start       ] GC(1171) Pause Young (Allocation Failure)
[107.132s][info][gc,heap        ] GC(1171) PSYoungGen: 158048K(161280K)->6368K(162304K) Eden: 150016K(150016K)->0K(150016K) From: 8032K(11264K)->6368K(12288K)
[107.132s][info][gc,heap        ] GC(1171) ParOldGen: 126709K(349696K)->134629K(349696K)
[107.132s][info][gc,metaspace   ] GC(1171) Metaspace: 61882K(62784K)->61882K(62784K) NonClass: 54297K(54784K)->54297K(54784K) Class: 7585K(8000K)->7585K(8000K)
[107.132s][info][gc             ] GC(1171) Pause Young (Allocation Failure) 278M->137M(500M) 16.492ms
[107.132s][info][gc,cpu         ] GC(1171) User=0.17s Sys=0.00s Real=0.02s
[107.185s][info][gc,start       ] GC(1172) Pause Young (Allocation Failure)
[107.225s][info][gc,heap        ] GC(1172) PSYoungGen: 156384K(162304K)->6112K(162304K) Eden: 150016K(150016K)->0K(150016K) From: 6368K(12288K)->6112K(12288K)
[107.225s][info][gc,heap        ] GC(1172) ParOldGen: 134629K(349696K)->140805K(349696K)
[107.225s][info][gc,metaspace   ] GC(1172) Metaspace: 61882K(62784K)->61882K(62784K) NonClass: 54297K(54784K)->54297K(54784K) Class: 7585K(8000K)->7585K(8000K)
[107.226s][info][gc             ] GC(1172) Pause Young (Allocation Failure) 284M->143M(500M) 40.842ms
[107.226s][info][gc,cpu         ] GC(1172) User=0.56s Sys=0.00s Real=0.05s
[107.273s][info][gc,start       ] GC(1173) Pause Young (Allocation Failure)
[107.298s][info][gc,heap        ] GC(1173) PSYoungGen: 156128K(162304K)->160K(162304K) Eden: 150016K(150016K)->0K(150016K) From: 6112K(12288K)->160K(12288K)
[107.298s][info][gc,heap        ] GC(1173) ParOldGen: 140805K(349696K)->146789K(349696K)
[107.298s][info][gc,metaspace   ] GC(1173) Metaspace: 61882K(62784K)->61882K(62784K) NonClass: 54297K(54784K)->54297K(54784K) Class: 7585K(8000K)->7585K(8000K)
[107.298s][info][gc             ] GC(1173) Pause Young (Allocation Failure) 289M->143M(500M) 24.723ms
[107.298s][info][gc,cpu         ] GC(1173) User=0.38s Sys=0.00s Real=0.03s
[107.349s][info][gc,start       ] GC(1174) Pause Young (Allocation Failure)
[107.351s][info][gc,heap        ] GC(1174) PSYoungGen: 150176K(162304K)->288K(162304K) Eden: 150016K(150016K)->0K(150016K) From: 160K(12288K)->288K(12288K)
[107.351s][info][gc,heap        ] GC(1174) ParOldGen: 146789K(349696K)->146797K(349696K)
[107.351s][info][gc,metaspace   ] GC(1174) Metaspace: 61882K(62784K)->61882K(62784K) NonClass: 54297K(54784K)->54297K(54784K) Class: 7585K(8000K)->7585K(8000K)
[107.351s][info][gc             ] GC(1174) Pause Young (Allocation Failure) 290M->143M(500M) 1.564ms
[107.351s][info][gc,cpu         ] GC(1174) User=0.00s Sys=0.00s Real=0.00s
[107.406s][info][gc,start       ] GC(1175) Pause Young (Allocation Failure)
[107.407s][info][gc,heap        ] GC(1175) PSYoungGen: 150304K(162304K)->192K(150528K) Eden: 150016K(150016K)->0K(150016K) From: 288K(12288K)->192K(512K)
[107.408s][info][gc,heap        ] GC(1175) ParOldGen: 146797K(349696K)->146805K(349696K)
[107.408s][info][gc,metaspace   ] GC(1175) Metaspace: 61882K(62784K)->61882K(62784K) NonClass: 54297K(54784K)->54297K(54784K) Class: 7585K(8000K)->7585K(8000K)
[107.408s][info][gc             ] GC(1175) Pause Young (Allocation Failure) 290M->143M(488M) 1.521ms
[107.408s][info][gc,cpu         ] GC(1175) User=0.00s Sys=0.00s Real=0.00s
[107.455s][info][gc,start       ] GC(1176) Pause Young (Allocation Failure)
[107.457s][info][gc,heap        ] GC(1176) PSYoungGen: 150208K(150528K)->128K(162304K) Eden: 150016K(150016K)->0K(150528K) From: 192K(512K)->128K(11776K)
[107.457s][info][gc,heap        ] GC(1176) ParOldGen: 146805K(349696K)->146821K(349696K)
[107.457s][info][gc,metaspace   ] GC(1176) Metaspace: 61882K(62784K)->61882K(62784K) NonClass: 54297K(54784K)->54297K(54784K) Class: 7585K(8000K)->7585K(8000K)
[107.457s][info][gc             ] GC(1176) Pause Young (Allocation Failure) 290M->143M(500M) 1.510ms
[107.457s][info][gc,cpu         ] GC(1176) User=0.00s Sys=0.00s Real=0.00s
[107.504s][info][gc,start       ] GC(1177) Pause Young (Allocation Failure)
[107.505s][info][gc,heap        ] GC(1177) PSYoungGen: 150656K(162304K)->224K(161792K) Eden: 150528K(150528K)->0K(150528K) From: 128K(11776K)->224K(11264K)
[107.505s][info][gc,heap        ] GC(1177) ParOldGen: 146821K(349696K)->146829K(349696K)
[107.505s][info][gc,metaspace   ] GC(1177) Metaspace: 61882K(62784K)->61882K(62784K) NonClass: 54297K(54784K)->54297K(54784K) Class: 7585K(8000K)->7585K(8000K)
[107.505s][info][gc             ] GC(1177) Pause Young (Allocation Failure) 290M->143M(499M) 1.339ms
[107.505s][info][gc,cpu         ] GC(1177) User=0.03s Sys=0.00s Real=0.02s
[107.573s][info][gc,start       ] GC(1178) Pause Young (Allocation Failure)
[107.574s][info][gc,heap        ] GC(1178) PSYoungGen: 150752K(161792K)->320K(162304K) Eden: 150528K(150528K)->0K(151552K) From: 224K(11264K)->320K(10752K)
[107.574s][info][gc,heap        ] GC(1178) ParOldGen: 146829K(349696K)->146845K(349696K)
[107.574s][info][gc,metaspace   ] GC(1178) Metaspace: 61882K(62784K)->61882K(62784K) NonClass: 54297K(54784K)->54297K(54784K) Class: 7585K(8000K)->7585K(8000K)
[107.574s][info][gc             ] GC(1178) Pause Young (Allocation Failure) 290M->143M(500M) 1.340ms
[107.574s][info][gc,cpu         ] GC(1178) User=0.00s Sys=0.00s Real=0.00s
[107.652s][info][gc,start       ] GC(1179) Pause Young (Allocation Failure)
[107.654s][info][gc,heap        ] GC(1179) PSYoungGen: 151872K(162304K)->320K(162304K) Eden: 151552K(151552K)->0K(151552K) From: 320K(10752K)->320K(10752K)
[107.654s][info][gc,heap        ] GC(1179) ParOldGen: 146845K(349696K)->146861K(349696K)
[107.654s][info][gc,metaspace   ] GC(1179) Metaspace: 61882K(62784K)->61882K(62784K) NonClass: 54297K(54784K)->54297K(54784K) Class: 7585K(8000K)->7585K(8000K)
[107.654s][info][gc             ] GC(1179) Pause Young (Allocation Failure) 291M->143M(500M) 1.531ms
[107.654s][info][gc,cpu         ] GC(1179) User=0.00s Sys=0.00s Real=0.00s
[107.743s][info][gc,start       ] GC(1180) Pause Young (Allocation Failure)
[107.745s][info][gc,heap        ] GC(1180) PSYoungGen: 151872K(162304K)->96K(163328K) Eden: 151552K(151552K)->0K(153600K) From: 320K(10752K)->96K(9728K)
[107.745s][info][gc,heap        ] GC(1180) ParOldGen: 146861K(349696K)->146941K(349696K)
[107.745s][info][gc,metaspace   ] GC(1180) Metaspace: 61882K(62784K)->61882K(62784K) NonClass: 54297K(54784K)->54297K(54784K) Class: 7585K(8000K)->7585K(8000K)
[107.745s][info][gc             ] GC(1180) Pause Young (Allocation Failure) 291M->143M(501M) 1.528ms
[107.745s][info][gc,cpu         ] GC(1180) User=0.00s Sys=0.00s Real=0.00s
[107.836s][info][gc,start       ] GC(1181) Pause Young (Allocation Failure)
[107.836s][info][gc,heap        ] GC(1181) PSYoungGen: 153696K(163328K)->192K(163328K) Eden: 153600K(153600K)->0K(153600K) From: 96K(9728K)->192K(9728K)
[107.836s][info][gc,heap        ] GC(1181) ParOldGen: 146941K(349696K)->146949K(349696K)
[107.836s][info][gc,metaspace   ] GC(1181) Metaspace: 61882K(62784K)->61882K(62784K) NonClass: 54297K(54784K)->54297K(54784K) Class: 7585K(8000K)->7585K(8000K)
[107.836s][info][gc             ] GC(1181) Pause Young (Allocation Failure) 293M->143M(501M) 0.804ms
[107.836s][info][gc,cpu         ] GC(1181) User=0.00s Sys=0.00s Real=0.00s
[107.944s][info][gc,start       ] GC(1182) Pause Young (Allocation Failure)
[107.945s][info][gc,heap        ] GC(1182) PSYoungGen: 153792K(163328K)->224K(164352K) Eden: 153600K(153600K)->0K(155648K) From: 192K(9728K)->224K(8704K)
[107.945s][info][gc,heap        ] GC(1182) ParOldGen: 146949K(349696K)->146957K(349696K)
[107.945s][info][gc,metaspace   ] GC(1182) Metaspace: 61882K(62784K)->61882K(62784K) NonClass: 54297K(54784K)->54297K(54784K) Class: 7585K(8000K)->7585K(8000K)
[107.945s][info][gc             ] GC(1182) Pause Young (Allocation Failure) 293M->143M(502M) 1.426ms
[107.945s][info][gc,cpu         ] GC(1182) User=0.00s Sys=0.00s Real=0.00s
[108.037s][info][gc,start       ] GC(1183) Pause Young (Allocation Failure)
[108.038s][info][gc,heap        ] GC(1183) PSYoungGen: 155872K(164352K)->352K(164352K) Eden: 155648K(155648K)->0K(155648K) From: 224K(8704K)->352K(8704K)
[108.038s][info][gc,heap        ] GC(1183) ParOldGen: 146957K(349696K)->146965K(349696K)
[108.038s][info][gc,metaspace   ] GC(1183) Metaspace: 61882K(62784K)->61882K(62784K) NonClass: 54297K(54784K)->54297K(54784K) Class: 7585K(8000K)->7585K(8000K)
[108.038s][info][gc             ] GC(1183) Pause Young (Allocation Failure) 295M->143M(502M) 1.404ms
[108.038s][info][gc,cpu         ] GC(1183) User=0.00s Sys=0.00s Real=0.00s
[108.147s][info][gc,start       ] GC(1184) Pause Young (Allocation Failure)
[108.149s][info][gc,heap        ] GC(1184) PSYoungGen: 156000K(164352K)->352K(165376K) Eden: 155648K(155648K)->0K(157696K) From: 352K(8704K)->352K(7680K)
[108.149s][info][gc,heap        ] GC(1184) ParOldGen: 146965K(349696K)->146973K(349696K)
[108.149s][info][gc,metaspace   ] GC(1184) Metaspace: 61885K(62784K)->61885K(62784K) NonClass: 54298K(54784K)->54298K(54784K) Class: 7586K(8000K)->7586K(8000K)
[108.149s][info][gc             ] GC(1184) Pause Young (Allocation Failure) 295M->143M(503M) 1.444ms
[108.149s][info][gc,cpu         ] GC(1184) User=0.00s Sys=0.00s Real=0.00s
[108.291s][info][gc,start       ] GC(1185) Pause Young (System.gc())
[108.293s][info][gc,heap        ] GC(1185) PSYoungGen: 45534K(165376K)->416K(158208K) Eden: 45182K(157696K)->0K(157696K) From: 352K(7680K)->416K(512K)
[108.293s][info][gc,heap        ] GC(1185) ParOldGen: 146973K(349696K)->147037K(349696K)
[108.293s][info][gc,metaspace   ] GC(1185) Metaspace: 61888K(62784K)->61888K(62784K) NonClass: 54302K(54784K)->54302K(54784K) Class: 7586K(8000K)->7586K(8000K)
[108.293s][info][gc             ] GC(1185) Pause Young (System.gc()) 187M->143M(496M) 1.811ms
[108.293s][info][gc,cpu         ] GC(1185) User=0.00s Sys=0.00s Real=0.00s
[108.293s][info][gc,start       ] GC(1186) Pause Full (System.gc())
[108.293s][info][gc,phases,start] GC(1186) Marking Phase
[108.387s][info][gc,phases      ] GC(1186) Marking Phase 93.293ms
[108.387s][info][gc,phases,start] GC(1186) Summary Phase
[108.387s][info][gc,phases      ] GC(1186) Summary Phase 0.014ms
[108.387s][info][gc,phases,start] GC(1186) Adjust Roots
[108.397s][info][gc,phases      ] GC(1186) Adjust Roots 10.313ms
[108.397s][info][gc,phases,start] GC(1186) Compaction Phase
[108.416s][info][gc,phases      ] GC(1186) Compaction Phase 19.097ms
[108.416s][info][gc,phases,start] GC(1186) Post Compact
[108.418s][info][gc,phases      ] GC(1186) Post Compact 1.100ms
[108.418s][info][gc,heap        ] GC(1186) PSYoungGen: 416K(158208K)->0K(158208K) Eden: 0K(157696K)->0K(157696K) From: 416K(512K)->0K(512K)
[108.418s][info][gc,heap        ] GC(1186) ParOldGen: 147037K(349696K)->102639K(349696K)
[108.418s][info][gc,metaspace   ] GC(1186) Metaspace: 61888K(62784K)->61888K(62784K) NonClass: 54302K(54784K)->54302K(54784K) Class: 7586K(8000K)->7586K(8000K)
[108.418s][info][gc             ] GC(1186) Pause Full (System.gc()) 143M->100M(496M) 124.369ms
[108.418s][info][gc,cpu         ] GC(1186) User=1.06s Sys=0.00s Real=0.13s
[108.532s][info][gc,start       ] GC(1187) Pause Young (Allocation Failure)
[108.535s][info][gc,heap        ] GC(1187) PSYoungGen: 157696K(158208K)->3936K(164352K) Eden: 157696K(157696K)->0K(157184K) From: 0K(512K)->3936K(7168K)
[108.535s][info][gc,heap        ] GC(1187) ParOldGen: 102639K(349696K)->102639K(349696K)
[108.535s][info][gc,metaspace   ] GC(1187) Metaspace: 61890K(62784K)->61890K(62784K) NonClass: 54304K(54784K)->54304K(54784K) Class: 7586K(8000K)->7586K(8000K)
[108.535s][info][gc             ] GC(1187) Pause Young (Allocation Failure) 254M->104M(502M) 3.305ms
[108.535s][info][gc,cpu         ] GC(1187) User=0.00s Sys=0.00s Real=0.00s
[108.594s][info][gc,start       ] GC(1188) Pause Young (Allocation Failure)
[108.602s][info][gc,heap        ] GC(1188) PSYoungGen: 161120K(164352K)->5920K(164864K) Eden: 157184K(157184K)->0K(157184K) From: 3936K(7168K)->5920K(7680K)
[108.602s][info][gc,heap        ] GC(1188) ParOldGen: 102639K(349696K)->106210K(349696K)
[108.602s][info][gc,metaspace   ] GC(1188) Metaspace: 61890K(62784K)->61890K(62784K) NonClass: 54304K(54784K)->54304K(54784K) Class: 7586K(8000K)->7586K(8000K)
[108.602s][info][gc             ] GC(1188) Pause Young (Allocation Failure) 257M->109M(502M) 8.840ms
[108.602s][info][gc,cpu         ] GC(1188) User=0.19s Sys=0.00s Real=0.01s
[108.653s][info][gc,start       ] GC(1189) Pause Young (Allocation Failure)
[108.669s][info][gc,heap        ] GC(1189) PSYoungGen: 163104K(164864K)->7904K(162816K) Eden: 157184K(157184K)->0K(154112K) From: 5920K(7680K)->7904K(8704K)
[108.669s][info][gc,heap        ] GC(1189) ParOldGen: 106210K(349696K)->111466K(349696K)
[108.669s][info][gc,metaspace   ] GC(1189) Metaspace: 61890K(62784K)->61890K(62784K) NonClass: 54304K(54784K)->54304K(54784K) Class: 7586K(8000K)->7586K(8000K)
[108.669s][info][gc             ] GC(1189) Pause Young (Allocation Failure) 263M->116M(500M) 15.674ms
[108.669s][info][gc,cpu         ] GC(1189) User=0.19s Sys=0.00s Real=0.02s
[108.713s][info][gc,start       ] GC(1190) Pause Young (Allocation Failure)
[108.733s][info][gc,heap        ] GC(1190) PSYoungGen: 162016K(162816K)->6464K(160768K) Eden: 154112K(154112K)->0K(154112K) From: 7904K(8704K)->6464K(6656K)
[108.733s][info][gc,heap        ] GC(1190) ParOldGen: 111466K(349696K)->119242K(349696K)
[108.733s][info][gc,metaspace   ] GC(1190) Metaspace: 61890K(62784K)->61890K(62784K) NonClass: 54304K(54784K)->54304K(54784K) Class: 7586K(8000K)->7586K(8000K)
[108.733s][info][gc             ] GC(1190) Pause Young (Allocation Failure) 267M->122M(498M) 19.296ms
[108.733s][info][gc,cpu         ] GC(1190) User=0.03s Sys=0.00s Real=0.02s
[108.782s][info][gc,start       ] GC(1191) Pause Young (Allocation Failure)
[108.797s][info][gc,heap        ] GC(1191) PSYoungGen: 160576K(160768K)->7584K(161792K) Eden: 154112K(154112K)->0K(151040K) From: 6464K(6656K)->7584K(10752K)
[108.797s][info][gc,heap        ] GC(1191) ParOldGen: 119242K(349696K)->125642K(349696K)
[108.797s][info][gc,metaspace   ] GC(1191) Metaspace: 61890K(62784K)->61890K(62784K) NonClass: 54304K(54784K)->54304K(54784K) Class: 7586K(8000K)->7586K(8000K)
[108.797s][info][gc             ] GC(1191) Pause Young (Allocation Failure) 273M->130M(499M) 14.966ms
[108.797s][info][gc,cpu         ] GC(1191) User=0.17s Sys=0.00s Real=0.02s
[108.840s][info][gc,start       ] GC(1192) Pause Young (Allocation Failure)
[108.852s][info][gc,heap        ] GC(1192) PSYoungGen: 158624K(161792K)->6336K(157696K) Eden: 151040K(151040K)->0K(151040K) From: 7584K(10752K)->6336K(6656K)
[108.852s][info][gc,heap        ] GC(1192) ParOldGen: 125642K(349696K)->133130K(349696K)
[108.852s][info][gc,metaspace   ] GC(1192) Metaspace: 61890K(62784K)->61890K(62784K) NonClass: 54304K(54784K)->54304K(54784K) Class: 7586K(8000K)->7586K(8000K)
[108.852s][info][gc             ] GC(1192) Pause Young (Allocation Failure) 277M->136M(495M) 12.198ms
[108.852s][info][gc,cpu         ] GC(1192) User=0.19s Sys=0.00s Real=0.02s
[108.895s][info][gc,start       ] GC(1193) Pause Young (Allocation Failure)
[108.933s][info][gc,heap        ] GC(1193) PSYoungGen: 157376K(157696K)->6368K(162304K) Eden: 151040K(151040K)->0K(150016K) From: 6336K(6656K)->6368K(12288K)
[108.933s][info][gc,heap        ] GC(1193) ParOldGen: 133130K(349696K)->139354K(349696K)
[108.933s][info][gc,metaspace   ] GC(1193) Metaspace: 61890K(62784K)->61890K(62784K) NonClass: 54304K(54784K)->54304K(54784K) Class: 7586K(8000K)->7586K(8000K)
[108.933s][info][gc             ] GC(1193) Pause Young (Allocation Failure) 283M->142M(500M) 37.938ms
[108.933s][info][gc,cpu         ] GC(1193) User=0.34s Sys=0.00s Real=0.03s
[108.990s][info][gc,start       ] GC(1194) Pause Young (Allocation Failure)
[109.020s][info][gc,heap        ] GC(1194) PSYoungGen: 156384K(162304K)->1472K(151552K) Eden: 150016K(150016K)->0K(150016K) From: 6368K(12288K)->1472K(1536K)
[109.020s][info][gc,heap        ] GC(1194) ParOldGen: 139354K(349696K)->145594K(349696K)
[109.020s][info][gc,metaspace   ] GC(1194) Metaspace: 61890K(62784K)->61890K(62784K) NonClass: 54304K(54784K)->54304K(54784K) Class: 7586K(8000K)->7586K(8000K)
[109.020s][info][gc             ] GC(1194) Pause Young (Allocation Failure) 288M->143M(489M) 30.203ms
[109.020s][info][gc,cpu         ] GC(1194) User=0.19s Sys=0.02s Real=0.03s
[109.068s][info][gc,start       ] GC(1195) Pause Young (Allocation Failure)
[109.075s][info][gc,heap        ] GC(1195) PSYoungGen: 151488K(151552K)->224K(161792K) Eden: 150016K(150016K)->0K(150016K) From: 1472K(1536K)->224K(11776K)
[109.075s][info][gc,heap        ] GC(1195) ParOldGen: 145594K(349696K)->146906K(349696K)
[109.075s][info][gc,metaspace   ] GC(1195) Metaspace: 61890K(62784K)->61890K(62784K) NonClass: 54304K(54784K)->54304K(54784K) Class: 7586K(8000K)->7586K(8000K)
[109.075s][info][gc             ] GC(1195) Pause Young (Allocation Failure) 290M->143M(499M) 7.097ms
[109.075s][info][gc,cpu         ] GC(1195) User=0.00s Sys=0.00s Real=0.00s
[109.122s][info][gc,start       ] GC(1196) Pause Young (Allocation Failure)
[109.123s][info][gc,heap        ] GC(1196) PSYoungGen: 150240K(161792K)->288K(161792K) Eden: 150016K(150016K)->0K(150016K) From: 224K(11776K)->288K(11776K)
[109.123s][info][gc,heap        ] GC(1196) ParOldGen: 146906K(349696K)->146906K(349696K)
[109.124s][info][gc,metaspace   ] GC(1196) Metaspace: 61890K(62784K)->61890K(62784K) NonClass: 54304K(54784K)->54304K(54784K) Class: 7586K(8000K)->7586K(8000K)
[109.124s][info][gc             ] GC(1196) Pause Young (Allocation Failure) 290M->143M(499M) 1.603ms
[109.124s][info][gc,cpu         ] GC(1196) User=0.00s Sys=0.00s Real=0.00s
[109.170s][info][gc,start       ] GC(1197) Pause Young (Allocation Failure)
[109.172s][info][gc,heap        ] GC(1197) PSYoungGen: 150304K(161792K)->224K(162304K) Eden: 150016K(150016K)->0K(151040K) From: 288K(11776K)->224K(11264K)
[109.172s][info][gc,heap        ] GC(1197) ParOldGen: 146906K(349696K)->146922K(349696K)
[109.172s][info][gc,metaspace   ] GC(1197) Metaspace: 61890K(62784K)->61890K(62784K) NonClass: 54304K(54784K)->54304K(54784K) Class: 7586K(8000K)->7586K(8000K)
[109.172s][info][gc             ] GC(1197) Pause Young (Allocation Failure) 290M->143M(500M) 1.366ms
[109.172s][info][gc,cpu         ] GC(1197) User=0.00s Sys=0.00s Real=0.00s
[109.227s][info][gc,start       ] GC(1198) Pause Young (Allocation Failure)
[109.228s][info][gc,heap        ] GC(1198) PSYoungGen: 151264K(162304K)->160K(162304K) Eden: 151040K(151040K)->0K(151040K) From: 224K(11264K)->160K(11264K)
[109.228s][info][gc,heap        ] GC(1198) ParOldGen: 146922K(349696K)->146930K(349696K)
[109.228s][info][gc,metaspace   ] GC(1198) Metaspace: 61890K(62784K)->61890K(62784K) NonClass: 54304K(54784K)->54304K(54784K) Class: 7586K(8000K)->7586K(8000K)
[109.228s][info][gc             ] GC(1198) Pause Young (Allocation Failure) 291M->143M(500M) 1.425ms
[109.228s][info][gc,cpu         ] GC(1198) User=0.00s Sys=0.00s Real=0.00s
[109.293s][info][gc,start       ] GC(1199) Pause Young (Allocation Failure)
[109.294s][info][gc,heap        ] GC(1199) PSYoungGen: 151200K(162304K)->352K(162816K) Eden: 151040K(151040K)->0K(152576K) From: 160K(11264K)->352K(10240K)
[109.294s][info][gc,heap        ] GC(1199) ParOldGen: 146930K(349696K)->146946K(349696K)
[109.294s][info][gc,metaspace   ] GC(1199) Metaspace: 61890K(62784K)->61890K(62784K) NonClass: 54304K(54784K)->54304K(54784K) Class: 7586K(8000K)->7586K(8000K)
[109.294s][info][gc             ] GC(1199) Pause Young (Allocation Failure) 291M->143M(500M) 1.663ms
[109.294s][info][gc,cpu         ] GC(1199) User=0.00s Sys=0.00s Real=0.00s
[109.389s][info][gc,start       ] GC(1200) Pause Young (Allocation Failure)
[109.390s][info][gc,heap        ] GC(1200) PSYoungGen: 152928K(162816K)->160K(162816K) Eden: 152576K(152576K)->0K(152576K) From: 352K(10240K)->160K(10240K)
[109.390s][info][gc,heap        ] GC(1200) ParOldGen: 146946K(349696K)->147026K(349696K)
[109.390s][info][gc,metaspace   ] GC(1200) Metaspace: 61890K(62784K)->61890K(62784K) NonClass: 54304K(54784K)->54304K(54784K) Class: 7586K(8000K)->7586K(8000K)
[109.390s][info][gc             ] GC(1200) Pause Young (Allocation Failure) 292M->143M(500M) 1.427ms
[109.390s][info][gc,cpu         ] GC(1200) User=0.00s Sys=0.00s Real=0.00s
[109.479s][info][gc,start       ] GC(1201) Pause Young (Allocation Failure)
[109.497s][info][gc,heap        ] GC(1201) PSYoungGen: 152736K(162816K)->192K(163840K) Eden: 152576K(152576K)->0K(154112K) From: 160K(10240K)->192K(9728K)
[109.497s][info][gc,heap        ] GC(1201) ParOldGen: 147026K(349696K)->147026K(349696K)
[109.497s][info][gc,metaspace   ] GC(1201) Metaspace: 61890K(62784K)->61890K(62784K) NonClass: 54304K(54784K)->54304K(54784K) Class: 7586K(8000K)->7586K(8000K)
[109.497s][info][gc             ] GC(1201) Pause Young (Allocation Failure) 292M->143M(501M) 17.494ms
[109.497s][info][gc,cpu         ] GC(1201) User=0.19s Sys=0.00s Real=0.03s
[109.594s][info][gc,start       ] GC(1202) Pause Young (Allocation Failure)
[109.596s][info][gc,heap        ] GC(1202) PSYoungGen: 154304K(163840K)->224K(163840K) Eden: 154112K(154112K)->0K(154112K) From: 192K(9728K)->224K(9728K)
[109.596s][info][gc,heap        ] GC(1202) ParOldGen: 147026K(349696K)->147034K(349696K)
[109.596s][info][gc,metaspace   ] GC(1202) Metaspace: 61890K(62784K)->61890K(62784K) NonClass: 54304K(54784K)->54304K(54784K) Class: 7586K(8000K)->7586K(8000K)
[109.596s][info][gc             ] GC(1202) Pause Young (Allocation Failure) 294M->143M(501M) 1.328ms
[109.596s][info][gc,cpu         ] GC(1202) User=0.00s Sys=0.00s Real=0.00s
[109.703s][info][gc,start       ] GC(1203) Pause Young (Allocation Failure)
[109.705s][info][gc,heap        ] GC(1203) PSYoungGen: 154336K(163840K)->224K(164352K) Eden: 154112K(154112K)->0K(155648K) From: 224K(9728K)->224K(8704K)
[109.705s][info][gc,heap        ] GC(1203) ParOldGen: 147034K(349696K)->147050K(349696K)
[109.705s][info][gc,metaspace   ] GC(1203) Metaspace: 61890K(62784K)->61890K(62784K) NonClass: 54304K(54784K)->54304K(54784K) Class: 7586K(8000K)->7586K(8000K)
[109.705s][info][gc             ] GC(1203) Pause Young (Allocation Failure) 294M->143M(502M) 1.431ms
[109.705s][info][gc,cpu         ] GC(1203) User=0.00s Sys=0.00s Real=0.00s
[109.813s][info][gc,start       ] GC(1204) Pause Young (Allocation Failure)
[109.814s][info][gc,heap        ] GC(1204) PSYoungGen: 155872K(164352K)->224K(164352K) Eden: 155648K(155648K)->0K(155648K) From: 224K(8704K)->224K(8704K)
[109.814s][info][gc,heap        ] GC(1204) ParOldGen: 147050K(349696K)->147058K(349696K)
[109.814s][info][gc,metaspace   ] GC(1204) Metaspace: 61890K(62784K)->61890K(62784K) NonClass: 54304K(54784K)->54304K(54784K) Class: 7586K(8000K)->7586K(8000K)
[109.814s][info][gc             ] GC(1204) Pause Young (Allocation Failure) 295M->143M(502M) 1.554ms
[109.814s][info][gc,cpu         ] GC(1204) User=0.00s Sys=0.00s Real=0.00s
[109.905s][info][gc,start       ] GC(1205) Pause Young (Allocation Failure)
[109.907s][info][gc,heap        ] GC(1205) PSYoungGen: 155872K(164352K)->192K(165376K) Eden: 155648K(155648K)->0K(157696K) From: 224K(8704K)->192K(7680K)
[109.907s][info][gc,heap        ] GC(1205) ParOldGen: 147058K(349696K)->147066K(349696K)
[109.907s][info][gc,metaspace   ] GC(1205) Metaspace: 61890K(62784K)->61890K(62784K) NonClass: 54304K(54784K)->54304K(54784K) Class: 7586K(8000K)->7586K(8000K)
[109.907s][info][gc             ] GC(1205) Pause Young (Allocation Failure) 295M->143M(503M) 1.382ms
[109.907s][info][gc,cpu         ] GC(1205) User=0.00s Sys=0.00s Real=0.00s
[109.944s][info][gc,start       ] GC(1206) Pause Young (System.gc())
[109.946s][info][gc,heap        ] GC(1206) PSYoungGen: 36994K(165376K)->384K(158208K) Eden: 36802K(157696K)->0K(157696K) From: 192K(7680K)->384K(512K)
[109.946s][info][gc,heap        ] GC(1206) ParOldGen: 147066K(349696K)->147074K(349696K)
[109.946s][info][gc,metaspace   ] GC(1206) Metaspace: 61895K(62784K)->61895K(62784K) NonClass: 54309K(54784K)->54309K(54784K) Class: 7586K(8000K)->7586K(8000K)
[109.946s][info][gc             ] GC(1206) Pause Young (System.gc()) 179M->144M(496M) 2.069ms
[109.946s][info][gc,cpu         ] GC(1206) User=0.00s Sys=0.00s Real=0.00s
[109.946s][info][gc,start       ] GC(1207) Pause Full (System.gc())
[109.946s][info][gc,phases,start] GC(1207) Marking Phase
[110.040s][info][gc,phases      ] GC(1207) Marking Phase 94.095ms
[110.040s][info][gc,phases,start] GC(1207) Summary Phase
[110.040s][info][gc,phases      ] GC(1207) Summary Phase 0.016ms
[110.040s][info][gc,phases,start] GC(1207) Adjust Roots
[110.052s][info][gc,phases      ] GC(1207) Adjust Roots 11.402ms
[110.052s][info][gc,phases,start] GC(1207) Compaction Phase
[110.069s][info][gc,phases      ] GC(1207) Compaction Phase 17.161ms
[110.069s][info][gc,phases,start] GC(1207) Post Compact
[110.070s][info][gc,phases      ] GC(1207) Post Compact 1.024ms
[110.070s][info][gc,heap        ] GC(1207) PSYoungGen: 384K(158208K)->0K(158208K) Eden: 0K(157696K)->0K(157696K) From: 384K(512K)->0K(512K)
[110.070s][info][gc,heap        ] GC(1207) ParOldGen: 147074K(349696K)->102655K(349696K)
[110.070s][info][gc,metaspace   ] GC(1207) Metaspace: 61895K(62784K)->61895K(62784K) NonClass: 54309K(54784K)->54309K(54784K) Class: 7586K(8000K)->7586K(8000K)
[110.070s][info][gc             ] GC(1207) Pause Full (System.gc()) 144M->100M(496M) 124.103ms
[110.070s][info][gc,cpu         ] GC(1207) User=0.95s Sys=0.00s Real=0.13s
[110.196s][info][gc,start       ] GC(1208) Pause Young (Allocation Failure)
[110.198s][info][gc,heap        ] GC(1208) PSYoungGen: 157696K(158208K)->3264K(164352K) Eden: 157696K(157696K)->0K(157184K) From: 0K(512K)->3264K(7168K)
[110.199s][info][gc,heap        ] GC(1208) ParOldGen: 102655K(349696K)->102655K(349696K)
[110.199s][info][gc,metaspace   ] GC(1208) Metaspace: 61904K(62784K)->61904K(62784K) NonClass: 54317K(54784K)->54317K(54784K) Class: 7586K(8000K)->7586K(8000K)
[110.199s][info][gc             ] GC(1208) Pause Young (Allocation Failure) 254M->103M(502M) 2.921ms
[110.199s][info][gc,cpu         ] GC(1208) User=0.00s Sys=0.00s Real=0.00s
[110.255s][info][gc,start       ] GC(1209) Pause Young (Allocation Failure)
[110.266s][info][gc,heap        ] GC(1209) PSYoungGen: 160448K(164352K)->5216K(164864K) Eden: 157184K(157184K)->0K(157184K) From: 3264K(7168K)->5216K(7680K)
[110.266s][info][gc,heap        ] GC(1209) ParOldGen: 102655K(349696K)->105554K(349696K)
[110.266s][info][gc,metaspace   ] GC(1209) Metaspace: 61904K(62784K)->61904K(62784K) NonClass: 54317K(54784K)->54317K(54784K) Class: 7586K(8000K)->7586K(8000K)
[110.266s][info][gc             ] GC(1209) Pause Young (Allocation Failure) 256M->108M(502M) 10.939ms
[110.266s][info][gc,cpu         ] GC(1209) User=0.00s Sys=0.00s Real=0.00s
[110.322s][info][gc,start       ] GC(1210) Pause Young (Allocation Failure)
[110.333s][info][gc,heap        ] GC(1210) PSYoungGen: 162400K(164864K)->8096K(163328K) Eden: 157184K(157184K)->0K(155136K) From: 5216K(7680K)->8096K(8192K)
[110.333s][info][gc,heap        ] GC(1210) ParOldGen: 105554K(349696K)->110082K(349696K)
[110.333s][info][gc,metaspace   ] GC(1210) Metaspace: 61904K(62784K)->61904K(62784K) NonClass: 54317K(54784K)->54317K(54784K) Class: 7586K(8000K)->7586K(8000K)
[110.333s][info][gc             ] GC(1210) Pause Young (Allocation Failure) 261M->115M(501M) 11.079ms
[110.333s][info][gc,cpu         ] GC(1210) User=0.19s Sys=0.00s Real=0.02s
[110.386s][info][gc,start       ] GC(1211) Pause Young (Allocation Failure)
[110.405s][info][gc,heap        ] GC(1211) PSYoungGen: 163232K(163328K)->7456K(162816K) Eden: 155136K(155136K)->0K(155136K) From: 8096K(8192K)->7456K(7680K)
[110.405s][info][gc,heap        ] GC(1211) ParOldGen: 110082K(349696K)->118042K(349696K)
[110.405s][info][gc,metaspace   ] GC(1211) Metaspace: 61904K(62784K)->61904K(62784K) NonClass: 54317K(54784K)->54317K(54784K) Class: 7586K(8000K)->7586K(8000K)
[110.405s][info][gc             ] GC(1211) Pause Young (Allocation Failure) 266M->122M(500M) 18.404ms
[110.405s][info][gc,cpu         ] GC(1211) User=0.22s Sys=0.00s Real=0.03s
[110.452s][info][gc,start       ] GC(1212) Pause Young (Allocation Failure)
[110.467s][info][gc,heap        ] GC(1212) PSYoungGen: 162592K(162816K)->8000K(161280K) Eden: 155136K(155136K)->0K(150016K) From: 7456K(7680K)->8000K(11264K)
[110.467s][info][gc,heap        ] GC(1212) ParOldGen: 118042K(349696K)->125370K(349696K)
[110.467s][info][gc,metaspace   ] GC(1212) Metaspace: 61904K(62784K)->61904K(62784K) NonClass: 54317K(54784K)->54317K(54784K) Class: 7586K(8000K)->7586K(8000K)
[110.467s][info][gc             ] GC(1212) Pause Young (Allocation Failure) 274M->130M(499M) 15.647ms
[110.467s][info][gc,cpu         ] GC(1212) User=0.19s Sys=0.00s Real=0.02s
[110.511s][info][gc,start       ] GC(1213) Pause Young (Allocation Failure)
[110.532s][info][gc,heap        ] GC(1213) PSYoungGen: 158016K(161280K)->6176K(162304K) Eden: 150016K(150016K)->0K(150016K) From: 8000K(11264K)->6176K(12288K)
[110.532s][info][gc,heap        ] GC(1213) ParOldGen: 125370K(349696K)->133306K(349696K)
[110.532s][info][gc,metaspace   ] GC(1213) Metaspace: 61904K(62784K)->61904K(62784K) NonClass: 54317K(54784K)->54317K(54784K) Class: 7586K(8000K)->7586K(8000K)
[110.532s][info][gc             ] GC(1213) Pause Young (Allocation Failure) 276M->136M(500M) 20.174ms
[110.532s][info][gc,cpu         ] GC(1213) User=0.05s Sys=0.00s Real=0.02s
[110.584s][info][gc,start       ] GC(1214) Pause Young (Allocation Failure)
[110.623s][info][gc,heap        ] GC(1214) PSYoungGen: 156192K(162304K)->5280K(162304K) Eden: 150016K(150016K)->0K(150016K) From: 6176K(12288K)->5280K(12288K)
[110.623s][info][gc,heap        ] GC(1214) ParOldGen: 133306K(349696K)->139386K(349696K)
[110.623s][info][gc,metaspace   ] GC(1214) Metaspace: 61904K(62784K)->61904K(62784K) NonClass: 54317K(54784K)->54317K(54784K) Class: 7586K(8000K)->7586K(8000K)
[110.623s][info][gc             ] GC(1214) Pause Young (Allocation Failure) 282M->141M(500M) 38.800ms
[110.623s][info][gc,cpu         ] GC(1214) User=0.56s Sys=0.00s Real=0.05s
[110.671s][info][gc,start       ] GC(1215) Pause Young (Allocation Failure)
[110.701s][info][gc,heap        ] GC(1215) PSYoungGen: 155296K(162304K)->2528K(152576K) Eden: 150016K(150016K)->0K(150016K) From: 5280K(12288K)->2528K(2560K)
[110.701s][info][gc,heap        ] GC(1215) ParOldGen: 139386K(349696K)->144482K(349696K)
[110.701s][info][gc,metaspace   ] GC(1215) Metaspace: 61904K(62784K)->61904K(62784K) NonClass: 54317K(54784K)->54317K(54784K) Class: 7586K(8000K)->7586K(8000K)
[110.701s][info][gc             ] GC(1215) Pause Young (Allocation Failure) 287M->143M(490M) 29.881ms
[110.701s][info][gc,cpu         ] GC(1215) User=0.38s Sys=0.00s Real=0.03s
[110.750s][info][gc,start       ] GC(1216) Pause Young (Allocation Failure)
[110.762s][info][gc,heap        ] GC(1216) PSYoungGen: 152544K(152576K)->224K(161280K) Eden: 150016K(150016K)->0K(150016K) From: 2528K(2560K)->224K(11264K)
[110.762s][info][gc,heap        ] GC(1216) ParOldGen: 144482K(349696K)->146874K(349696K)
[110.762s][info][gc,metaspace   ] GC(1216) Metaspace: 61904K(62784K)->61904K(62784K) NonClass: 54317K(54784K)->54317K(54784K) Class: 7586K(8000K)->7586K(8000K)
[110.762s][info][gc             ] GC(1216) Pause Young (Allocation Failure) 290M->143M(499M) 11.540ms
[110.762s][info][gc,cpu         ] GC(1216) User=0.17s Sys=0.00s Real=0.02s
[110.815s][info][gc,start       ] GC(1217) Pause Young (Allocation Failure)
[110.817s][info][gc,heap        ] GC(1217) PSYoungGen: 150240K(161280K)->256K(161280K) Eden: 150016K(150016K)->0K(150016K) From: 224K(11264K)->256K(11264K)
[110.817s][info][gc,heap        ] GC(1217) ParOldGen: 146874K(349696K)->146882K(349696K)
[110.817s][info][gc,metaspace   ] GC(1217) Metaspace: 61904K(62784K)->61904K(62784K) NonClass: 54317K(54784K)->54317K(54784K) Class: 7586K(8000K)->7586K(8000K)
[110.817s][info][gc             ] GC(1217) Pause Young (Allocation Failure) 290M->143M(499M) 1.430ms
[110.817s][info][gc,cpu         ] GC(1217) User=0.00s Sys=0.00s Real=0.00s
[110.871s][info][gc,start       ] GC(1218) Pause Young (Allocation Failure)
[111.043s][info][gc,heap        ] GC(1218) PSYoungGen: 150272K(161280K)->224K(162304K) Eden: 150016K(150016K)->0K(152064K) From: 256K(11264K)->224K(10240K)
[111.043s][info][gc,heap        ] GC(1218) ParOldGen: 146882K(349696K)->146890K(349696K)
[111.043s][info][gc,metaspace   ] GC(1218) Metaspace: 61904K(62784K)->61904K(62784K) NonClass: 54317K(54784K)->54317K(54784K) Class: 7586K(8000K)->7586K(8000K)
[111.043s][info][gc             ] GC(1218) Pause Young (Allocation Failure) 290M->143M(500M) 172.081ms
[111.043s][info][gc,cpu         ] GC(1218) User=0.00s Sys=0.00s Real=0.16s
[111.109s][info][gc,start       ] GC(1219) Pause Young (Allocation Failure)
[111.110s][info][gc,heap        ] GC(1219) PSYoungGen: 152288K(162304K)->288K(162816K) Eden: 152064K(152064K)->0K(152064K) From: 224K(10240K)->288K(10752K)
[111.110s][info][gc,heap        ] GC(1219) ParOldGen: 146890K(349696K)->146898K(349696K)
[111.110s][info][gc,metaspace   ] GC(1219) Metaspace: 61904K(62784K)->61904K(62784K) NonClass: 54317K(54784K)->54317K(54784K) Class: 7586K(8000K)->7586K(8000K)
[111.110s][info][gc             ] GC(1219) Pause Young (Allocation Failure) 292M->143M(500M) 1.449ms
[111.110s][info][gc,cpu         ] GC(1219) User=0.00s Sys=0.00s Real=0.00s
[111.182s][info][gc,start       ] GC(1220) Pause Young (Allocation Failure)
[111.184s][info][gc,heap        ] GC(1220) PSYoungGen: 152352K(162816K)->352K(163840K) Eden: 152064K(152064K)->0K(153600K) From: 288K(10752K)->352K(10240K)
[111.184s][info][gc,heap        ] GC(1220) ParOldGen: 146898K(349696K)->146906K(349696K)
[111.184s][info][gc,metaspace   ] GC(1220) Metaspace: 61904K(62784K)->61904K(62784K) NonClass: 54317K(54784K)->54317K(54784K) Class: 7586K(8000K)->7586K(8000K)
[111.184s][info][gc             ] GC(1220) Pause Young (Allocation Failure) 292M->143M(501M) 1.467ms
[111.184s][info][gc,cpu         ] GC(1220) User=0.00s Sys=0.00s Real=0.00s
[111.280s][info][gc,start       ] GC(1221) Pause Young (Allocation Failure)
[111.281s][info][gc,heap        ] GC(1221) PSYoungGen: 153952K(163840K)->256K(163840K) Eden: 153600K(153600K)->0K(153600K) From: 352K(10240K)->256K(10240K)
[111.281s][info][gc,heap        ] GC(1221) ParOldGen: 146906K(349696K)->146986K(349696K)
[111.281s][info][gc,metaspace   ] GC(1221) Metaspace: 61904K(62784K)->61904K(62784K) NonClass: 54317K(54784K)->54317K(54784K) Class: 7586K(8000K)->7586K(8000K)
[111.281s][info][gc             ] GC(1221) Pause Young (Allocation Failure) 293M->143M(501M) 1.478ms
[111.281s][info][gc,cpu         ] GC(1221) User=0.00s Sys=0.00s Real=0.00s
[111.372s][info][gc,start       ] GC(1222) Pause Young (Allocation Failure)
[111.373s][info][gc,heap        ] GC(1222) PSYoungGen: 153856K(163840K)->128K(163840K) Eden: 153600K(153600K)->0K(154624K) From: 256K(10240K)->128K(9216K)
[111.373s][info][gc,heap        ] GC(1222) ParOldGen: 146986K(349696K)->146994K(349696K)
[111.373s][info][gc,metaspace   ] GC(1222) Metaspace: 61904K(62784K)->61904K(62784K) NonClass: 54317K(54784K)->54317K(54784K) Class: 7586K(8000K)->7586K(8000K)
[111.373s][info][gc             ] GC(1222) Pause Young (Allocation Failure) 293M->143M(501M) 1.493ms
[111.373s][info][gc,cpu         ] GC(1222) User=0.00s Sys=0.00s Real=0.00s
[111.464s][info][gc,start       ] GC(1223) Pause Young (Allocation Failure)
[111.465s][info][gc,heap        ] GC(1223) PSYoungGen: 154752K(163840K)->224K(163840K) Eden: 154624K(154624K)->0K(154624K) From: 128K(9216K)->224K(9216K)
[111.466s][info][gc,heap        ] GC(1223) ParOldGen: 146994K(349696K)->147002K(349696K)
[111.466s][info][gc,metaspace   ] GC(1223) Metaspace: 61904K(62784K)->61904K(62784K) NonClass: 54317K(54784K)->54317K(54784K) Class: 7586K(8000K)->7586K(8000K)
[111.466s][info][gc             ] GC(1223) Pause Young (Allocation Failure) 294M->143M(501M) 1.426ms
[111.466s][info][gc,cpu         ] GC(1223) User=0.00s Sys=0.00s Real=0.00s
[111.557s][info][gc,start       ] GC(1224) Pause Young (Allocation Failure)
[111.558s][info][gc,heap        ] GC(1224) PSYoungGen: 154848K(163840K)->256K(164864K) Eden: 154624K(154624K)->0K(156672K) From: 224K(9216K)->256K(8192K)
[111.558s][info][gc,heap        ] GC(1224) ParOldGen: 147002K(349696K)->147010K(349696K)
[111.558s][info][gc,metaspace   ] GC(1224) Metaspace: 61904K(62784K)->61904K(62784K) NonClass: 54317K(54784K)->54317K(54784K) Class: 7586K(8000K)->7586K(8000K)
[111.558s][info][gc             ] GC(1224) Pause Young (Allocation Failure) 294M->143M(502M) 1.343ms
[111.558s][info][gc,cpu         ] GC(1224) User=0.00s Sys=0.00s Real=0.00s
[111.666s][info][gc,start       ] GC(1225) Pause Young (Allocation Failure)
[111.668s][info][gc,heap        ] GC(1225) PSYoungGen: 156928K(164864K)->256K(164864K) Eden: 156672K(156672K)->0K(156672K) From: 256K(8192K)->256K(8192K)
[111.668s][info][gc,heap        ] GC(1225) ParOldGen: 147010K(349696K)->147026K(349696K)
[111.668s][info][gc,metaspace   ] GC(1225) Metaspace: 61904K(62784K)->61904K(62784K) NonClass: 54317K(54784K)->54317K(54784K) Class: 7586K(8000K)->7586K(8000K)
[111.668s][info][gc             ] GC(1225) Pause Young (Allocation Failure) 296M->143M(502M) 1.371ms
[111.668s][info][gc,cpu         ] GC(1225) User=0.00s Sys=0.00s Real=0.00s
[111.791s][info][gc,start       ] GC(1226) Pause Young (Allocation Failure)
[111.792s][info][gc,heap        ] GC(1226) PSYoungGen: 156928K(164864K)->192K(165376K) Eden: 156672K(156672K)->0K(158208K) From: 256K(8192K)->192K(7168K)
[111.792s][info][gc,heap        ] GC(1226) ParOldGen: 147026K(349696K)->147034K(349696K)
[111.792s][info][gc,metaspace   ] GC(1226) Metaspace: 61904K(62784K)->61904K(62784K) NonClass: 54317K(54784K)->54317K(54784K) Class: 7586K(8000K)->7586K(8000K)
[111.792s][info][gc             ] GC(1226) Pause Young (Allocation Failure) 296M->143M(503M) 0.985ms
[111.792s][info][gc,cpu         ] GC(1226) User=0.00s Sys=0.00s Real=0.00s
[111.834s][info][gc,start       ] GC(1227) Pause Young (System.gc())
[111.836s][info][gc,heap        ] GC(1227) PSYoungGen: 27861K(165376K)->416K(158720K) Eden: 27669K(158208K)->0K(158208K) From: 192K(7168K)->416K(512K)
[111.836s][info][gc,heap        ] GC(1227) ParOldGen: 147034K(349696K)->147042K(349696K)
[111.836s][info][gc,metaspace   ] GC(1227) Metaspace: 61904K(62784K)->61904K(62784K) NonClass: 54318K(54784K)->54318K(54784K) Class: 7586K(8000K)->7586K(8000K)
[111.836s][info][gc             ] GC(1227) Pause Young (System.gc()) 170M->144M(496M) 1.304ms
[111.836s][info][gc,cpu         ] GC(1227) User=0.00s Sys=0.00s Real=0.00s
[111.836s][info][gc,start       ] GC(1228) Pause Full (System.gc())
[111.836s][info][gc,phases,start] GC(1228) Marking Phase
[111.934s][info][gc,phases      ] GC(1228) Marking Phase 98.076ms
[111.934s][info][gc,phases,start] GC(1228) Summary Phase
[111.934s][info][gc,phases      ] GC(1228) Summary Phase 0.030ms
[111.934s][info][gc,phases,start] GC(1228) Adjust Roots
[111.947s][info][gc,phases      ] GC(1228) Adjust Roots 13.267ms
[111.947s][info][gc,phases,start] GC(1228) Compaction Phase
[111.976s][info][gc,phases      ] GC(1228) Compaction Phase 28.280ms
[111.976s][info][gc,phases,start] GC(1228) Post Compact
[111.977s][info][gc,phases      ] GC(1228) Post Compact 1.110ms
[111.977s][info][gc,heap        ] GC(1228) PSYoungGen: 416K(158720K)->0K(158720K) Eden: 0K(158208K)->0K(158208K) From: 416K(512K)->0K(512K)
[111.977s][info][gc,heap        ] GC(1228) ParOldGen: 147042K(349696K)->102673K(349696K)
[111.977s][info][gc,metaspace   ] GC(1228) Metaspace: 61904K(62784K)->61904K(62784K) NonClass: 54318K(54784K)->54318K(54784K) Class: 7586K(8000K)->7586K(8000K)
[111.977s][info][gc             ] GC(1228) Pause Full (System.gc()) 144M->100M(496M) 141.148ms
[111.977s][info][gc,cpu         ] GC(1228) User=1.09s Sys=0.00s Real=0.16s
[112.094s][info][gc,start       ] GC(1229) Pause Young (Allocation Failure)
[112.102s][info][gc,heap        ] GC(1229) PSYoungGen: 158208K(158720K)->4512K(164864K) Eden: 158208K(158208K)->0K(157696K) From: 0K(512K)->4512K(7168K)
[112.102s][info][gc,heap        ] GC(1229) ParOldGen: 102673K(349696K)->102673K(349696K)
[112.102s][info][gc,metaspace   ] GC(1229) Metaspace: 61905K(62784K)->61905K(62784K) NonClass: 54318K(54784K)->54318K(54784K) Class: 7586K(8000K)->7586K(8000K)
[112.102s][info][gc             ] GC(1229) Pause Young (Allocation Failure) 254M->104M(502M) 8.437ms
[112.103s][info][gc,cpu         ] GC(1229) User=0.03s Sys=0.00s Real=0.02s
[112.158s][info][gc,start       ] GC(1230) Pause Young (Allocation Failure)
[112.166s][info][gc,heap        ] GC(1230) PSYoungGen: 162208K(164864K)->5728K(165376K) Eden: 157696K(157696K)->0K(157696K) From: 4512K(7168K)->5728K(7680K)
[112.166s][info][gc,heap        ] GC(1230) ParOldGen: 102673K(349696K)->106284K(349696K)
[112.166s][info][gc,metaspace   ] GC(1230) Metaspace: 61905K(62784K)->61905K(62784K) NonClass: 54318K(54784K)->54318K(54784K) Class: 7586K(8000K)->7586K(8000K)
[112.166s][info][gc             ] GC(1230) Pause Young (Allocation Failure) 258M->109M(503M) 7.922ms
[112.166s][info][gc,cpu         ] GC(1230) User=0.19s Sys=0.00s Real=0.02s
[112.218s][info][gc,start       ] GC(1231) Pause Young (Allocation Failure)
[112.243s][info][gc,heap        ] GC(1231) PSYoungGen: 163424K(165376K)->8064K(162816K) Eden: 157696K(157696K)->0K(154112K) From: 5728K(7680K)->8064K(8704K)
[112.243s][info][gc,heap        ] GC(1231) ParOldGen: 106284K(349696K)->111476K(349696K)
[112.243s][info][gc,metaspace   ] GC(1231) Metaspace: 61905K(62784K)->61905K(62784K) NonClass: 54318K(54784K)->54318K(54784K) Class: 7586K(8000K)->7586K(8000K)
[112.243s][info][gc             ] GC(1231) Pause Young (Allocation Failure) 263M->116M(500M) 24.424ms
[112.243s][info][gc,cpu         ] GC(1231) User=0.02s Sys=0.00s Real=0.03s
[112.295s][info][gc,start       ] GC(1232) Pause Young (Allocation Failure)
[112.316s][info][gc,heap        ] GC(1232) PSYoungGen: 162176K(162816K)->7200K(161792K) Eden: 154112K(154112K)->0K(154112K) From: 8064K(8704K)->7200K(7680K)
[112.316s][info][gc,heap        ] GC(1232) ParOldGen: 111476K(349696K)->119444K(349696K)
[112.316s][info][gc,metaspace   ] GC(1232) Metaspace: 61905K(62784K)->61905K(62784K) NonClass: 54318K(54784K)->54318K(54784K) Class: 7586K(8000K)->7586K(8000K)
[112.316s][info][gc             ] GC(1232) Pause Young (Allocation Failure) 267M->123M(499M) 20.924ms
[112.316s][info][gc,cpu         ] GC(1232) User=0.03s Sys=0.00s Real=0.02s
[112.361s][info][gc,start       ] GC(1233) Pause Young (Allocation Failure)
[112.376s][info][gc,heap        ] GC(1233) PSYoungGen: 161312K(161792K)->8096K(161280K) Eden: 154112K(154112K)->0K(150016K) From: 7200K(7680K)->8096K(11264K)
[112.376s][info][gc,heap        ] GC(1233) ParOldGen: 119444K(349696K)->126516K(349696K)
[112.376s][info][gc,metaspace   ] GC(1233) Metaspace: 61905K(62784K)->61905K(62784K) NonClass: 54318K(54784K)->54318K(54784K) Class: 7586K(8000K)->7586K(8000K)
[112.376s][info][gc             ] GC(1233) Pause Young (Allocation Failure) 274M->131M(499M) 15.592ms
[112.377s][info][gc,cpu         ] GC(1233) User=0.19s Sys=0.00s Real=0.02s
[112.419s][info][gc,start       ] GC(1234) Pause Young (Allocation Failure)
[112.433s][info][gc,heap        ] GC(1234) PSYoungGen: 158112K(161280K)->6336K(162304K) Eden: 150016K(150016K)->0K(150016K) From: 8096K(11264K)->6336K(12288K)
[112.433s][info][gc,heap        ] GC(1234) ParOldGen: 126516K(349696K)->134508K(349696K)
[112.433s][info][gc,metaspace   ] GC(1234) Metaspace: 61905K(62784K)->61905K(62784K) NonClass: 54318K(54784K)->54318K(54784K) Class: 7586K(8000K)->7586K(8000K)
[112.433s][info][gc             ] GC(1234) Pause Young (Allocation Failure) 277M->137M(500M) 14.100ms
[112.433s][info][gc,cpu         ] GC(1234) User=0.17s Sys=0.00s Real=0.02s
[112.476s][info][gc,start       ] GC(1235) Pause Young (Allocation Failure)
[112.518s][info][gc,heap        ] GC(1235) PSYoungGen: 156352K(162304K)->6272K(161280K) Eden: 150016K(150016K)->0K(148992K) From: 6336K(12288K)->6272K(12288K)
[112.518s][info][gc,heap        ] GC(1235) ParOldGen: 134508K(349696K)->140716K(349696K)
[112.518s][info][gc,metaspace   ] GC(1235) Metaspace: 61905K(62784K)->61905K(62784K) NonClass: 54318K(54784K)->54318K(54784K) Class: 7586K(8000K)->7586K(8000K)
[112.518s][info][gc             ] GC(1235) Pause Young (Allocation Failure) 284M->143M(499M) 41.516ms
[112.518s][info][gc,cpu         ] GC(1235) User=0.56s Sys=0.00s Real=0.05s
[112.567s][info][gc,start       ] GC(1236) Pause Young (Allocation Failure)
[112.590s][info][gc,heap        ] GC(1236) PSYoungGen: 155264K(161280K)->288K(161792K) Eden: 148992K(148992K)->0K(148992K) From: 6272K(12288K)->288K(12800K)
[112.590s][info][gc,heap        ] GC(1236) ParOldGen: 140716K(349696K)->146860K(349696K)
[112.590s][info][gc,metaspace   ] GC(1236) Metaspace: 61905K(62784K)->61905K(62784K) NonClass: 54318K(54784K)->54318K(54784K) Class: 7586K(8000K)->7586K(8000K)
[112.590s][info][gc             ] GC(1236) Pause Young (Allocation Failure) 289M->143M(499M) 23.149ms
[112.590s][info][gc,cpu         ] GC(1236) User=0.34s Sys=0.00s Real=0.03s
[112.637s][info][gc,start       ] GC(1237) Pause Young (Allocation Failure)
[112.638s][info][gc,heap        ] GC(1237) PSYoungGen: 149280K(161792K)->128K(161792K) Eden: 148992K(148992K)->0K(149504K) From: 288K(12800K)->128K(12288K)
[112.638s][info][gc,heap        ] GC(1237) ParOldGen: 146860K(349696K)->146948K(349696K)
[112.638s][info][gc,metaspace   ] GC(1237) Metaspace: 61905K(62784K)->61905K(62784K) NonClass: 54318K(54784K)->54318K(54784K) Class: 7586K(8000K)->7586K(8000K)
[112.638s][info][gc             ] GC(1237) Pause Young (Allocation Failure) 289M->143M(499M) 1.385ms
[112.638s][info][gc,cpu         ] GC(1237) User=0.00s Sys=0.00s Real=0.00s
[112.693s][info][gc,start       ] GC(1238) Pause Young (Allocation Failure)
[112.694s][info][gc,heap        ] GC(1238) PSYoungGen: 149632K(161792K)->256K(161792K) Eden: 149504K(149504K)->0K(149504K) From: 128K(12288K)->256K(12288K)
[112.694s][info][gc,heap        ] GC(1238) ParOldGen: 146948K(349696K)->146956K(349696K)
[112.694s][info][gc,metaspace   ] GC(1238) Metaspace: 61905K(62784K)->61905K(62784K) NonClass: 54318K(54784K)->54318K(54784K) Class: 7586K(8000K)->7586K(8000K)
[112.695s][info][gc             ] GC(1238) Pause Young (Allocation Failure) 289M->143M(499M) 1.488ms
[112.695s][info][gc,cpu         ] GC(1238) User=0.00s Sys=0.00s Real=0.00s
[112.749s][info][gc,start       ] GC(1239) Pause Young (Allocation Failure)
[112.751s][info][gc,heap        ] GC(1239) PSYoungGen: 149760K(161792K)->288K(161792K) Eden: 149504K(149504K)->0K(150528K) From: 256K(12288K)->288K(11264K)
[112.751s][info][gc,heap        ] GC(1239) ParOldGen: 146956K(349696K)->146972K(349696K)
[112.751s][info][gc,metaspace   ] GC(1239) Metaspace: 61905K(62784K)->61905K(62784K) NonClass: 54318K(54784K)->54318K(54784K) Class: 7586K(8000K)->7586K(8000K)
[112.751s][info][gc             ] GC(1239) Pause Young (Allocation Failure) 289M->143M(499M) 1.526ms
[112.751s][info][gc,cpu         ] GC(1239) User=0.00s Sys=0.00s Real=0.00s
[112.798s][info][gc,start       ] GC(1240) Pause Young (Allocation Failure)
[112.799s][info][gc,heap        ] GC(1240) PSYoungGen: 150816K(161792K)->192K(161792K) Eden: 150528K(150528K)->0K(150528K) From: 288K(11264K)->192K(11264K)
[112.799s][info][gc,heap        ] GC(1240) ParOldGen: 146972K(349696K)->146980K(349696K)
[112.799s][info][gc,metaspace   ] GC(1240) Metaspace: 61905K(62784K)->61905K(62784K) NonClass: 54318K(54784K)->54318K(54784K) Class: 7586K(8000K)->7586K(8000K)
[112.799s][info][gc             ] GC(1240) Pause Young (Allocation Failure) 290M->143M(499M) 0.732ms
[112.799s][info][gc,cpu         ] GC(1240) User=0.00s Sys=0.00s Real=0.00s
[112.853s][info][gc,start       ] GC(1241) Pause Young (Allocation Failure)
[112.854s][info][gc,heap        ] GC(1241) PSYoungGen: 150720K(161792K)->256K(162304K) Eden: 150528K(150528K)->0K(152064K) From: 192K(11264K)->256K(10240K)
[112.854s][info][gc,heap        ] GC(1241) ParOldGen: 146980K(349696K)->147004K(349696K)
[112.854s][info][gc,metaspace   ] GC(1241) Metaspace: 61905K(62784K)->61905K(62784K) NonClass: 54318K(54784K)->54318K(54784K) Class: 7586K(8000K)->7586K(8000K)
[112.854s][info][gc             ] GC(1241) Pause Young (Allocation Failure) 290M->143M(500M) 1.417ms
[112.854s][info][gc,cpu         ] GC(1241) User=0.00s Sys=0.00s Real=0.00s
[112.981s][info][gc,start       ] GC(1242) Pause Young (Allocation Failure)
[112.983s][info][gc,heap        ] GC(1242) PSYoungGen: 152320K(162304K)->352K(162816K) Eden: 152064K(152064K)->0K(152064K) From: 256K(10240K)->352K(10752K)
[112.983s][info][gc,heap        ] GC(1242) ParOldGen: 147004K(349696K)->147012K(349696K)
[112.983s][info][gc,metaspace   ] GC(1242) Metaspace: 61905K(62784K)->61905K(62784K) NonClass: 54318K(54784K)->54318K(54784K) Class: 7586K(8000K)->7586K(8000K)
[112.983s][info][gc             ] GC(1242) Pause Young (Allocation Failure) 292M->143M(500M) 1.524ms
[112.983s][info][gc,cpu         ] GC(1242) User=0.00s Sys=0.00s Real=0.00s
[113.072s][info][gc,start       ] GC(1243) Pause Young (Allocation Failure)
[113.074s][info][gc,heap        ] GC(1243) PSYoungGen: 152416K(162816K)->128K(162816K) Eden: 152064K(152064K)->0K(153600K) From: 352K(10752K)->128K(9216K)
[113.074s][info][gc,heap        ] GC(1243) ParOldGen: 147012K(349696K)->147092K(349696K)
[113.074s][info][gc,metaspace   ] GC(1243) Metaspace: 61905K(62784K)->61905K(62784K) NonClass: 54318K(54784K)->54318K(54784K) Class: 7586K(8000K)->7586K(8000K)
[113.074s][info][gc             ] GC(1243) Pause Young (Allocation Failure) 292M->143M(500M) 1.428ms
[113.074s][info][gc,cpu         ] GC(1243) User=0.00s Sys=0.00s Real=0.00s
[113.182s][info][gc,start       ] GC(1244) Pause Young (Allocation Failure)
[113.183s][info][gc,heap        ] GC(1244) PSYoungGen: 153728K(162816K)->160K(163328K) Eden: 153600K(153600K)->0K(153600K) From: 128K(9216K)->160K(9728K)
[113.183s][info][gc,heap        ] GC(1244) ParOldGen: 147092K(349696K)->147100K(349696K)
[113.183s][info][gc,metaspace   ] GC(1244) Metaspace: 61905K(62784K)->61905K(62784K) NonClass: 54318K(54784K)->54318K(54784K) Class: 7586K(8000K)->7586K(8000K)
[113.183s][info][gc             ] GC(1244) Pause Young (Allocation Failure) 293M->143M(501M) 1.419ms
[113.183s][info][gc,cpu         ] GC(1244) User=0.00s Sys=0.00s Real=0.00s
[113.273s][info][gc,start       ] GC(1245) Pause Young (Allocation Failure)
[113.274s][info][gc,heap        ] GC(1245) PSYoungGen: 153760K(163328K)->224K(163840K) Eden: 153600K(153600K)->0K(155648K) From: 160K(9728K)->224K(8192K)
[113.274s][info][gc,heap        ] GC(1245) ParOldGen: 147100K(349696K)->147108K(349696K)
[113.274s][info][gc,metaspace   ] GC(1245) Metaspace: 61905K(62784K)->61905K(62784K) NonClass: 54318K(54784K)->54318K(54784K) Class: 7586K(8000K)->7586K(8000K)
[113.274s][info][gc             ] GC(1245) Pause Young (Allocation Failure) 293M->143M(501M) 1.309ms
[113.274s][info][gc,cpu         ] GC(1245) User=0.00s Sys=0.00s Real=0.00s
[113.383s][info][gc,start       ] GC(1246) Pause Young (Allocation Failure)
[113.384s][info][gc,heap        ] GC(1246) PSYoungGen: 155872K(163840K)->224K(164352K) Eden: 155648K(155648K)->0K(155648K) From: 224K(8192K)->224K(8704K)
[113.384s][info][gc,heap        ] GC(1246) ParOldGen: 147108K(349696K)->147116K(349696K)
[113.384s][info][gc,metaspace   ] GC(1246) Metaspace: 61905K(62784K)->61905K(62784K) NonClass: 54318K(54784K)->54318K(54784K) Class: 7586K(8000K)->7586K(8000K)
[113.384s][info][gc             ] GC(1246) Pause Young (Allocation Failure) 295M->143M(502M) 1.325ms
[113.384s][info][gc,cpu         ] GC(1246) User=0.00s Sys=0.00s Real=0.00s
[113.494s][info][gc,start       ] GC(1247) Pause Young (Allocation Failure)
[113.495s][info][gc,heap        ] GC(1247) PSYoungGen: 155872K(164352K)->256K(164864K) Eden: 155648K(155648K)->0K(157696K) From: 224K(8704K)->256K(7168K)
[113.495s][info][gc,heap        ] GC(1247) ParOldGen: 147116K(349696K)->147124K(349696K)
[113.495s][info][gc,metaspace   ] GC(1247) Metaspace: 61905K(62784K)->61905K(62784K) NonClass: 54318K(54784K)->54318K(54784K) Class: 7586K(8000K)->7586K(8000K)
[113.495s][info][gc             ] GC(1247) Pause Young (Allocation Failure) 295M->143M(502M) 1.421ms
[113.495s][info][gc,cpu         ] GC(1247) User=0.00s Sys=0.00s Real=0.00s
[113.535s][info][gc,start       ] GC(1248) Pause Young (System.gc())
[113.537s][info][gc,heap        ] GC(1248) PSYoungGen: 42536K(164864K)->384K(158208K) Eden: 42280K(157696K)->0K(157696K) From: 256K(7168K)->384K(512K)
[113.537s][info][gc,heap        ] GC(1248) ParOldGen: 147124K(349696K)->147132K(349696K)
[113.537s][info][gc,metaspace   ] GC(1248) Metaspace: 61911K(62784K)->61911K(62784K) NonClass: 54324K(54784K)->54324K(54784K) Class: 7586K(8000K)->7586K(8000K)
[113.537s][info][gc             ] GC(1248) Pause Young (System.gc()) 185M->144M(496M) 1.207ms
[113.537s][info][gc,cpu         ] GC(1248) User=0.00s Sys=0.00s Real=0.00s
[113.537s][info][gc,start       ] GC(1249) Pause Full (System.gc())
[113.537s][info][gc,phases,start] GC(1249) Marking Phase
[113.635s][info][gc,phases      ] GC(1249) Marking Phase 98.473ms
[113.635s][info][gc,phases,start] GC(1249) Summary Phase
[113.635s][info][gc,phases      ] GC(1249) Summary Phase 0.016ms
[113.635s][info][gc,phases,start] GC(1249) Adjust Roots
[113.653s][info][gc,phases      ] GC(1249) Adjust Roots 18.106ms
[113.653s][info][gc,phases,start] GC(1249) Compaction Phase
[113.677s][info][gc,phases      ] GC(1249) Compaction Phase 23.790ms
[113.677s][info][gc,phases,start] GC(1249) Post Compact
[113.678s][info][gc,phases      ] GC(1249) Post Compact 1.052ms
[113.678s][info][gc,heap        ] GC(1249) PSYoungGen: 384K(158208K)->0K(158208K) Eden: 0K(157696K)->0K(157696K) From: 384K(512K)->0K(512K)
[113.679s][info][gc,heap        ] GC(1249) ParOldGen: 147132K(349696K)->102691K(349696K)
[113.679s][info][gc,metaspace   ] GC(1249) Metaspace: 61911K(62784K)->61911K(62784K) NonClass: 54324K(54784K)->54324K(54784K) Class: 7586K(8000K)->7586K(8000K)
[113.679s][info][gc             ] GC(1249) Pause Full (System.gc()) 144M->100M(496M) 141.765ms
[113.679s][info][gc,cpu         ] GC(1249) User=1.09s Sys=0.00s Real=0.14s
[113.796s][info][gc,start       ] GC(1250) Pause Young (Allocation Failure)
[113.801s][info][gc,heap        ] GC(1250) PSYoungGen: 157696K(158208K)->4000K(164352K) Eden: 157696K(157696K)->0K(157184K) From: 0K(512K)->4000K(7168K)
[113.801s][info][gc,heap        ] GC(1250) ParOldGen: 102691K(349696K)->102691K(349696K)
[113.801s][info][gc,metaspace   ] GC(1250) Metaspace: 61912K(62784K)->61912K(62784K) NonClass: 54326K(54784K)->54326K(54784K) Class: 7586K(8000K)->7586K(8000K)
[113.801s][info][gc             ] GC(1250) Pause Young (Allocation Failure) 254M->104M(502M) 4.565ms
[113.801s][info][gc,cpu         ] GC(1250) User=0.03s Sys=0.00s Real=0.02s
[113.850s][info][gc,start       ] GC(1251) Pause Young (Allocation Failure)
[113.864s][info][gc,heap        ] GC(1251) PSYoungGen: 161184K(164352K)->6624K(164864K) Eden: 157184K(157184K)->0K(157184K) From: 4000K(7168K)->6624K(7680K)
[113.864s][info][gc,heap        ] GC(1251) ParOldGen: 102691K(349696K)->106281K(349696K)
[113.864s][info][gc,metaspace   ] GC(1251) Metaspace: 61912K(62784K)->61912K(62784K) NonClass: 54326K(54784K)->54326K(54784K) Class: 7586K(8000K)->7586K(8000K)
[113.864s][info][gc             ] GC(1251) Pause Young (Allocation Failure) 257M->110M(502M) 14.874ms
[113.864s][info][gc,cpu         ] GC(1251) User=0.03s Sys=0.00s Real=0.02s
[113.917s][info][gc,start       ] GC(1252) Pause Young (Allocation Failure)
[113.932s][info][gc,heap        ] GC(1252) PSYoungGen: 163808K(164864K)->8128K(162304K) Eden: 157184K(157184K)->0K(153088K) From: 6624K(7680K)->8128K(9216K)
[113.932s][info][gc,heap        ] GC(1252) ParOldGen: 106281K(349696K)->112161K(349696K)
[113.932s][info][gc,metaspace   ] GC(1252) Metaspace: 61912K(62784K)->61912K(62784K) NonClass: 54326K(54784K)->54326K(54784K) Class: 7586K(8000K)->7586K(8000K)
[113.932s][info][gc             ] GC(1252) Pause Young (Allocation Failure) 263M->117M(500M) 15.075ms
[113.932s][info][gc,cpu         ] GC(1252) User=0.03s Sys=0.00s Real=0.02s
[113.985s][info][gc,start       ] GC(1253) Pause Young (Allocation Failure)
[113.998s][info][gc,heap        ] GC(1253) PSYoungGen: 161216K(162304K)->6528K(159744K) Eden: 153088K(153088K)->0K(153088K) From: 8128K(9216K)->6528K(6656K)
[113.998s][info][gc,heap        ] GC(1253) ParOldGen: 112161K(349696K)->120257K(349696K)
[113.999s][info][gc,metaspace   ] GC(1253) Metaspace: 61912K(62784K)->61912K(62784K) NonClass: 54326K(54784K)->54326K(54784K) Class: 7586K(8000K)->7586K(8000K)
[113.999s][info][gc             ] GC(1253) Pause Young (Allocation Failure) 266M->123M(497M) 13.606ms
[113.999s][info][gc,cpu         ] GC(1253) User=0.08s Sys=0.00s Real=0.02s
[114.053s][info][gc,start       ] GC(1254) Pause Young (Allocation Failure)
[114.066s][info][gc,heap        ] GC(1254) PSYoungGen: 159616K(159744K)->7040K(162304K) Eden: 153088K(153088K)->0K(151040K) From: 6528K(6656K)->7040K(11264K)
[114.066s][info][gc,heap        ] GC(1254) ParOldGen: 120257K(349696K)->126633K(349696K)
[114.066s][info][gc,metaspace   ] GC(1254) Metaspace: 61912K(62784K)->61912K(62784K) NonClass: 54326K(54784K)->54326K(54784K) Class: 7586K(8000K)->7586K(8000K)
[114.066s][info][gc             ] GC(1254) Pause Young (Allocation Failure) 273M->130M(500M) 13.283ms
[114.066s][info][gc,cpu         ] GC(1254) User=0.17s Sys=0.00s Real=0.01s
[114.110s][info][gc,start       ] GC(1255) Pause Young (Allocation Failure)
[114.122s][info][gc,heap        ] GC(1255) PSYoungGen: 158080K(162304K)->6336K(157696K) Eden: 151040K(151040K)->0K(151040K) From: 7040K(11264K)->6336K(6656K)
[114.122s][info][gc,heap        ] GC(1255) ParOldGen: 126633K(349696K)->133537K(349696K)
[114.122s][info][gc,metaspace   ] GC(1255) Metaspace: 61912K(62784K)->61912K(62784K) NonClass: 54326K(54784K)->54326K(54784K) Class: 7586K(8000K)->7586K(8000K)
[114.122s][info][gc             ] GC(1255) Pause Young (Allocation Failure) 278M->136M(495M) 12.208ms
[114.122s][info][gc,cpu         ] GC(1255) User=0.19s Sys=0.00s Real=0.02s
[114.165s][info][gc,start       ] GC(1256) Pause Young (Allocation Failure)
[114.204s][info][gc,heap        ] GC(1256) PSYoungGen: 157376K(157696K)->6368K(162304K) Eden: 151040K(151040K)->0K(150016K) From: 6336K(6656K)->6368K(12288K)
[114.204s][info][gc,heap        ] GC(1256) ParOldGen: 133537K(349696K)->139777K(349696K)
[114.204s][info][gc,metaspace   ] GC(1256) Metaspace: 61912K(62784K)->61912K(62784K) NonClass: 54326K(54784K)->54326K(54784K) Class: 7586K(8000K)->7586K(8000K)
[114.204s][info][gc             ] GC(1256) Pause Young (Allocation Failure) 284M->142M(500M) 39.337ms
[114.204s][info][gc,cpu         ] GC(1256) User=0.34s Sys=0.00s Real=0.03s
[114.253s][info][gc,start       ] GC(1257) Pause Young (Allocation Failure)
[114.281s][info][gc,heap        ] GC(1257) PSYoungGen: 156384K(162304K)->1056K(162304K) Eden: 150016K(150016K)->0K(150016K) From: 6368K(12288K)->1056K(12288K)
[114.281s][info][gc,heap        ] GC(1257) ParOldGen: 139777K(349696K)->146081K(349696K)
[114.281s][info][gc,metaspace   ] GC(1257) Metaspace: 61912K(62784K)->61912K(62784K) NonClass: 54326K(54784K)->54326K(54784K) Class: 7586K(8000K)->7586K(8000K)
[114.281s][info][gc             ] GC(1257) Pause Young (Allocation Failure) 289M->143M(500M) 27.866ms
[114.281s][info][gc,cpu         ] GC(1257) User=0.19s Sys=0.00s Real=0.01s
[114.335s][info][gc,start       ] GC(1258) Pause Young (Allocation Failure)
[114.340s][info][gc,heap        ] GC(1258) PSYoungGen: 151072K(162304K)->288K(161280K) Eden: 150016K(150016K)->0K(150016K) From: 1056K(12288K)->288K(11264K)
[114.340s][info][gc,heap        ] GC(1258) ParOldGen: 146081K(349696K)->146945K(349696K)
[114.340s][info][gc,metaspace   ] GC(1258) Metaspace: 61912K(62784K)->61912K(62784K) NonClass: 54326K(54784K)->54326K(54784K) Class: 7586K(8000K)->7586K(8000K)
[114.340s][info][gc             ] GC(1258) Pause Young (Allocation Failure) 290M->143M(499M) 5.544ms
[114.340s][info][gc,cpu         ] GC(1258) User=0.00s Sys=0.00s Real=0.00s
[114.397s][info][gc,start       ] GC(1259) Pause Young (Allocation Failure)
[114.398s][info][gc,heap        ] GC(1259) PSYoungGen: 150304K(161280K)->192K(161792K) Eden: 150016K(150016K)->0K(150016K) From: 288K(11264K)->192K(11776K)
[114.398s][info][gc,heap        ] GC(1259) ParOldGen: 146945K(349696K)->146953K(349696K)
[114.398s][info][gc,metaspace   ] GC(1259) Metaspace: 61912K(62784K)->61912K(62784K) NonClass: 54326K(54784K)->54326K(54784K) Class: 7586K(8000K)->7586K(8000K)
[114.398s][info][gc             ] GC(1259) Pause Young (Allocation Failure) 290M->143M(499M) 1.333ms
[114.398s][info][gc,cpu         ] GC(1259) User=0.00s Sys=0.00s Real=0.00s
[114.453s][info][gc,start       ] GC(1260) Pause Young (Allocation Failure)
[114.455s][info][gc,heap        ] GC(1260) PSYoungGen: 150208K(161792K)->224K(161792K) Eden: 150016K(150016K)->0K(151040K) From: 192K(11776K)->224K(10752K)
[114.455s][info][gc,heap        ] GC(1260) ParOldGen: 146953K(349696K)->146969K(349696K)
[114.455s][info][gc,metaspace   ] GC(1260) Metaspace: 61912K(62784K)->61912K(62784K) NonClass: 54326K(54784K)->54326K(54784K) Class: 7586K(8000K)->7586K(8000K)
[114.455s][info][gc             ] GC(1260) Pause Young (Allocation Failure) 290M->143M(499M) 1.333ms
[114.455s][info][gc,cpu         ] GC(1260) User=0.00s Sys=0.00s Real=0.00s
[114.509s][info][gc,start       ] GC(1261) Pause Young (Allocation Failure)
[114.510s][info][gc,heap        ] GC(1261) PSYoungGen: 151264K(161792K)->288K(162304K) Eden: 151040K(151040K)->0K(151040K) From: 224K(10752K)->288K(11264K)
[114.510s][info][gc,heap        ] GC(1261) ParOldGen: 146969K(349696K)->146977K(349696K)
[114.510s][info][gc,metaspace   ] GC(1261) Metaspace: 61912K(62784K)->61912K(62784K) NonClass: 54326K(54784K)->54326K(54784K) Class: 7586K(8000K)->7586K(8000K)
[114.510s][info][gc             ] GC(1261) Pause Young (Allocation Failure) 291M->143M(500M) 0.758ms
[114.510s][info][gc,cpu         ] GC(1261) User=0.00s Sys=0.00s Real=0.00s
[114.566s][info][gc,start       ] GC(1262) Pause Young (Allocation Failure)
[114.568s][info][gc,heap        ] GC(1262) PSYoungGen: 151328K(162304K)->192K(162304K) Eden: 151040K(151040K)->0K(152576K) From: 288K(11264K)->192K(9728K)
[114.568s][info][gc,heap        ] GC(1262) ParOldGen: 146977K(349696K)->146985K(349696K)
[114.568s][info][gc,metaspace   ] GC(1262) Metaspace: 61912K(62784K)->61912K(62784K) NonClass: 54326K(54784K)->54326K(54784K) Class: 7586K(8000K)->7586K(8000K)
[114.568s][info][gc             ] GC(1262) Pause Young (Allocation Failure) 291M->143M(500M) 1.554ms
[114.568s][info][gc,cpu         ] GC(1262) User=0.00s Sys=0.00s Real=0.00s
[114.650s][info][gc,start       ] GC(1263) Pause Young (Allocation Failure)
[114.651s][info][gc,heap        ] GC(1263) PSYoungGen: 152768K(162304K)->352K(162816K) Eden: 152576K(152576K)->0K(152576K) From: 192K(9728K)->352K(10240K)
[114.651s][info][gc,heap        ] GC(1263) ParOldGen: 146985K(349696K)->147009K(349696K)
[114.651s][info][gc,metaspace   ] GC(1263) Metaspace: 61912K(62784K)->61912K(62784K) NonClass: 54326K(54784K)->54326K(54784K) Class: 7586K(8000K)->7586K(8000K)
[114.651s][info][gc             ] GC(1263) Pause Young (Allocation Failure) 292M->143M(500M) 0.877ms
[114.651s][info][gc,cpu         ] GC(1263) User=0.00s Sys=0.00s Real=0.00s
[114.757s][info][gc,start       ] GC(1264) Pause Young (Allocation Failure)
[114.758s][info][gc,heap        ] GC(1264) PSYoungGen: 152928K(162816K)->224K(164352K) Eden: 152576K(152576K)->0K(154624K) From: 352K(10240K)->224K(9728K)
[114.758s][info][gc,heap        ] GC(1264) ParOldGen: 147009K(349696K)->147089K(349696K)
[114.758s][info][gc,metaspace   ] GC(1264) Metaspace: 61912K(62784K)->61912K(62784K) NonClass: 54326K(54784K)->54326K(54784K) Class: 7586K(8000K)->7586K(8000K)
[114.758s][info][gc             ] GC(1264) Pause Young (Allocation Failure) 292M->143M(502M) 0.941ms
[114.758s][info][gc,cpu         ] GC(1264) User=0.00s Sys=0.00s Real=0.00s
[114.863s][info][gc,start       ] GC(1265) Pause Young (Allocation Failure)
[114.864s][info][gc,heap        ] GC(1265) PSYoungGen: 154848K(164352K)->256K(164352K) Eden: 154624K(154624K)->0K(154624K) From: 224K(9728K)->256K(9728K)
[114.864s][info][gc,heap        ] GC(1265) ParOldGen: 147089K(349696K)->147097K(349696K)
[114.864s][info][gc,metaspace   ] GC(1265) Metaspace: 61912K(62784K)->61912K(62784K) NonClass: 54326K(54784K)->54326K(54784K) Class: 7586K(8000K)->7586K(8000K)
[114.864s][info][gc             ] GC(1265) Pause Young (Allocation Failure) 294M->143M(502M) 1.325ms
[114.864s][info][gc,cpu         ] GC(1265) User=0.00s Sys=0.00s Real=0.00s
[114.971s][info][gc,start       ] GC(1266) Pause Young (Allocation Failure)
[115.011s][info][gc,heap        ] GC(1266) PSYoungGen: 154880K(164352K)->224K(164352K) Eden: 154624K(154624K)->0K(155648K) From: 256K(9728K)->224K(8704K)
[115.011s][info][gc,heap        ] GC(1266) ParOldGen: 147097K(349696K)->147105K(349696K)
[115.011s][info][gc,metaspace   ] GC(1266) Metaspace: 61912K(62784K)->61912K(62784K) NonClass: 54326K(54784K)->54326K(54784K) Class: 7586K(8000K)->7586K(8000K)
[115.011s][info][gc             ] GC(1266) Pause Young (Allocation Failure) 294M->143M(502M) 39.663ms
[115.011s][info][gc,cpu         ] GC(1266) User=0.00s Sys=0.00s Real=0.03s
[115.117s][info][gc,start       ] GC(1267) Pause Young (Allocation Failure)
[115.118s][info][gc,heap        ] GC(1267) PSYoungGen: 155872K(164352K)->256K(164352K) Eden: 155648K(155648K)->0K(155648K) From: 224K(8704K)->256K(8704K)
[115.118s][info][gc,heap        ] GC(1267) ParOldGen: 147105K(349696K)->147113K(349696K)
[115.118s][info][gc,metaspace   ] GC(1267) Metaspace: 61912K(62784K)->61912K(62784K) NonClass: 54326K(54784K)->54326K(54784K) Class: 7586K(8000K)->7586K(8000K)
[115.118s][info][gc             ] GC(1267) Pause Young (Allocation Failure) 295M->143M(502M) 1.408ms
[115.118s][info][gc,cpu         ] GC(1267) User=0.00s Sys=0.00s Real=0.00s
[115.210s][info][gc,start       ] GC(1268) Pause Young (Allocation Failure)
[115.211s][info][gc,heap        ] GC(1268) PSYoungGen: 155904K(164352K)->128K(165376K) Eden: 155648K(155648K)->0K(157696K) From: 256K(8704K)->128K(7680K)
[115.211s][info][gc,heap        ] GC(1268) ParOldGen: 147113K(349696K)->147121K(349696K)
[115.211s][info][gc,metaspace   ] GC(1268) Metaspace: 61912K(62784K)->61912K(62784K) NonClass: 54326K(54784K)->54326K(54784K) Class: 7586K(8000K)->7586K(8000K)
[115.211s][info][gc             ] GC(1268) Pause Young (Allocation Failure) 295M->143M(503M) 1.438ms
[115.211s][info][gc,cpu         ] GC(1268) User=0.00s Sys=0.00s Real=0.00s
[115.248s][info][gc,start       ] GC(1269) Pause Young (System.gc())
[115.250s][info][gc,heap        ] GC(1269) PSYoungGen: 36327K(165376K)->384K(158208K) Eden: 36199K(157696K)->0K(157696K) From: 128K(7680K)->384K(512K)
[115.250s][info][gc,heap        ] GC(1269) ParOldGen: 147121K(349696K)->147129K(349696K)
[115.250s][info][gc,metaspace   ] GC(1269) Metaspace: 61912K(62784K)->61912K(62784K) NonClass: 54326K(54784K)->54326K(54784K) Class: 7586K(8000K)->7586K(8000K)
[115.250s][info][gc             ] GC(1269) Pause Young (System.gc()) 179M->144M(496M) 1.198ms
[115.250s][info][gc,cpu         ] GC(1269) User=0.00s Sys=0.00s Real=0.00s
[115.250s][info][gc,start       ] GC(1270) Pause Full (System.gc())
[115.250s][info][gc,phases,start] GC(1270) Marking Phase
[115.335s][info][gc,phases      ] GC(1270) Marking Phase 85.022ms
[115.335s][info][gc,phases,start] GC(1270) Summary Phase
[115.335s][info][gc,phases      ] GC(1270) Summary Phase 0.015ms
[115.335s][info][gc,phases,start] GC(1270) Adjust Roots
[115.346s][info][gc,phases      ] GC(1270) Adjust Roots 10.656ms
[115.346s][info][gc,phases,start] GC(1270) Compaction Phase
[115.369s][info][gc,phases      ] GC(1270) Compaction Phase 23.482ms
[115.369s][info][gc,phases,start] GC(1270) Post Compact
[115.370s][info][gc,phases      ] GC(1270) Post Compact 0.963ms
[115.370s][info][gc,heap        ] GC(1270) PSYoungGen: 384K(158208K)->0K(158208K) Eden: 0K(157696K)->0K(157696K) From: 384K(512K)->0K(512K)
[115.370s][info][gc,heap        ] GC(1270) ParOldGen: 147129K(349696K)->102711K(349696K)
[115.370s][info][gc,metaspace   ] GC(1270) Metaspace: 61912K(62784K)->61912K(62784K) NonClass: 54326K(54784K)->54326K(54784K) Class: 7586K(8000K)->7586K(8000K)
[115.370s][info][gc             ] GC(1270) Pause Full (System.gc()) 144M->100M(496M) 120.428ms
[115.370s][info][gc,cpu         ] GC(1270) User=0.97s Sys=0.00s Real=0.13s
[115.485s][info][gc,start       ] GC(1271) Pause Young (Allocation Failure)
[115.488s][info][gc,heap        ] GC(1271) PSYoungGen: 157696K(158208K)->3968K(164352K) Eden: 157696K(157696K)->0K(157184K) From: 0K(512K)->3968K(7168K)
[115.488s][info][gc,heap        ] GC(1271) ParOldGen: 102711K(349696K)->102711K(349696K)
[115.488s][info][gc,metaspace   ] GC(1271) Metaspace: 61912K(62784K)->61912K(62784K) NonClass: 54326K(54784K)->54326K(54784K) Class: 7586K(8000K)->7586K(8000K)
[115.489s][info][gc             ] GC(1271) Pause Young (Allocation Failure) 254M->104M(502M) 3.451ms
[115.489s][info][gc,cpu         ] GC(1271) User=0.14s Sys=0.00s Real=0.02s
[115.544s][info][gc,start       ] GC(1272) Pause Young (Allocation Failure)
[115.552s][info][gc,heap        ] GC(1272) PSYoungGen: 161152K(164352K)->5632K(164864K) Eden: 157184K(157184K)->0K(157184K) From: 3968K(7168K)->5632K(7680K)
[115.552s][info][gc,heap        ] GC(1272) ParOldGen: 102711K(349696K)->106322K(349696K)
[115.552s][info][gc,metaspace   ] GC(1272) Metaspace: 61912K(62784K)->61912K(62784K) NonClass: 54326K(54784K)->54326K(54784K) Class: 7586K(8000K)->7586K(8000K)
[115.552s][info][gc             ] GC(1272) Pause Young (Allocation Failure) 257M->109M(502M) 8.268ms
[115.552s][info][gc,cpu         ] GC(1272) User=0.14s Sys=0.00s Real=0.02s
[115.605s][info][gc,start       ] GC(1273) Pause Young (Allocation Failure)
[115.617s][info][gc,heap        ] GC(1273) PSYoungGen: 162816K(164864K)->8128K(162816K) Eden: 157184K(157184K)->0K(154112K) From: 5632K(7680K)->8128K(8704K)
[115.617s][info][gc,heap        ] GC(1273) ParOldGen: 106322K(349696K)->111250K(349696K)
[115.617s][info][gc,metaspace   ] GC(1273) Metaspace: 61912K(62784K)->61912K(62784K) NonClass: 54326K(54784K)->54326K(54784K) Class: 7586K(8000K)->7586K(8000K)
[115.617s][info][gc             ] GC(1273) Pause Young (Allocation Failure) 262M->116M(500M) 11.549ms
[115.617s][info][gc,cpu         ] GC(1273) User=0.17s Sys=0.02s Real=0.02s
[115.667s][info][gc,start       ] GC(1274) Pause Young (Allocation Failure)
[115.684s][info][gc,heap        ] GC(1274) PSYoungGen: 162240K(162816K)->5856K(160256K) Eden: 154112K(154112K)->0K(154112K) From: 8128K(8704K)->5856K(6144K)
[115.684s][info][gc,heap        ] GC(1274) ParOldGen: 111250K(349696K)->119242K(349696K)
[115.684s][info][gc,metaspace   ] GC(1274) Metaspace: 61913K(62784K)->61913K(62784K) NonClass: 54327K(54784K)->54327K(54784K) Class: 7586K(8000K)->7586K(8000K)
[115.684s][info][gc             ] GC(1274) Pause Young (Allocation Failure) 267M->122M(498M) 16.665ms
[115.684s][info][gc,cpu         ] GC(1274) User=0.03s Sys=0.00s Real=0.02s
[115.733s][info][gc,start       ] GC(1275) Pause Young (Allocation Failure)
[115.746s][info][gc,heap        ] GC(1275) PSYoungGen: 159968K(160256K)->7552K(161792K) Eden: 154112K(154112K)->0K(151040K) From: 5856K(6144K)->7552K(10752K)
[115.746s][info][gc,heap        ] GC(1275) ParOldGen: 119242K(349696K)->124970K(349696K)
[115.746s][info][gc,metaspace   ] GC(1275) Metaspace: 61913K(62784K)->61913K(62784K) NonClass: 54327K(54784K)->54327K(54784K) Class: 7586K(8000K)->7586K(8000K)
[115.746s][info][gc             ] GC(1275) Pause Young (Allocation Failure) 272M->129M(499M) 13.178ms
[115.746s][info][gc,cpu         ] GC(1275) User=0.17s Sys=0.00s Real=0.02s
[115.789s][info][gc,start       ] GC(1276) Pause Young (Allocation Failure)
[115.803s][info][gc,heap        ] GC(1276) PSYoungGen: 158592K(161792K)->6304K(162816K) Eden: 151040K(151040K)->0K(151040K) From: 7552K(10752K)->6304K(11776K)
[115.803s][info][gc,heap        ] GC(1276) ParOldGen: 124970K(349696K)->132434K(349696K)
[115.803s][info][gc,metaspace   ] GC(1276) Metaspace: 61913K(62784K)->61913K(62784K) NonClass: 54327K(54784K)->54327K(54784K) Class: 7586K(8000K)->7586K(8000K)
[115.803s][info][gc             ] GC(1276) Pause Young (Allocation Failure) 276M->135M(500M) 13.741ms
[115.803s][info][gc,cpu         ] GC(1276) User=0.19s Sys=0.00s Real=0.02s
[115.854s][info][gc,start       ] GC(1277) Pause Young (Allocation Failure)
[115.893s][info][gc,heap        ] GC(1277) PSYoungGen: 157344K(162816K)->5408K(162816K) Eden: 151040K(151040K)->0K(151040K) From: 6304K(11776K)->5408K(11776K)
[115.893s][info][gc,heap        ] GC(1277) ParOldGen: 132434K(349696K)->138634K(349696K)
[115.893s][info][gc,metaspace   ] GC(1277) Metaspace: 61913K(62784K)->61913K(62784K) NonClass: 54327K(54784K)->54327K(54784K) Class: 7586K(8000K)->7586K(8000K)
[115.893s][info][gc             ] GC(1277) Pause Young (Allocation Failure) 282M->140M(500M) 38.885ms
[115.893s][info][gc,cpu         ] GC(1277) User=0.56s Sys=0.00s Real=0.05s
[115.940s][info][gc,start       ] GC(1278) Pause Young (Allocation Failure)
[115.972s][info][gc,heap        ] GC(1278) PSYoungGen: 156448K(162816K)->3200K(154624K) Eden: 151040K(151040K)->0K(151040K) From: 5408K(11776K)->3200K(3584K)
[115.972s][info][gc,heap        ] GC(1278) ParOldGen: 138634K(349696K)->143930K(349696K)
[115.972s][info][gc,metaspace   ] GC(1278) Metaspace: 61914K(62784K)->61914K(62784K) NonClass: 54327K(54784K)->54327K(54784K) Class: 7586K(8000K)->7586K(8000K)
[115.972s][info][gc             ] GC(1278) Pause Young (Allocation Failure) 288M->143M(492M) 31.376ms
[115.972s][info][gc,cpu         ] GC(1278) User=0.38s Sys=0.00s Real=0.03s
[116.020s][info][gc,start       ] GC(1279) Pause Young (Allocation Failure)
[116.032s][info][gc,heap        ] GC(1279) PSYoungGen: 154240K(154624K)->128K(162304K) Eden: 151040K(151040K)->0K(151040K) From: 3200K(3584K)->128K(11264K)
[116.032s][info][gc,heap        ] GC(1279) ParOldGen: 143930K(349696K)->146978K(349696K)
[116.032s][info][gc,metaspace   ] GC(1279) Metaspace: 61914K(62784K)->61914K(62784K) NonClass: 54327K(54784K)->54327K(54784K) Class: 7586K(8000K)->7586K(8000K)
[116.033s][info][gc             ] GC(1279) Pause Young (Allocation Failure) 291M->143M(500M) 12.858ms
[116.033s][info][gc,cpu         ] GC(1279) User=0.00s Sys=0.02s Real=0.02s
[116.080s][info][gc,start       ] GC(1280) Pause Young (Allocation Failure)
[116.081s][info][gc,heap        ] GC(1280) PSYoungGen: 151168K(162304K)->192K(162304K) Eden: 151040K(151040K)->0K(151040K) From: 128K(11264K)->192K(11264K)
[116.081s][info][gc,heap        ] GC(1280) ParOldGen: 146978K(349696K)->146986K(349696K)
[116.081s][info][gc,metaspace   ] GC(1280) Metaspace: 61914K(62784K)->61914K(62784K) NonClass: 54327K(54784K)->54327K(54784K) Class: 7586K(8000K)->7586K(8000K)
[116.081s][info][gc             ] GC(1280) Pause Young (Allocation Failure) 291M->143M(500M) 1.372ms
[116.081s][info][gc,cpu         ] GC(1280) User=0.00s Sys=0.00s Real=0.00s
[116.136s][info][gc,start       ] GC(1281) Pause Young (Allocation Failure)
[116.137s][info][gc,heap        ] GC(1281) PSYoungGen: 151232K(162304K)->256K(162816K) Eden: 151040K(151040K)->0K(152064K) From: 192K(11264K)->256K(10752K)
[116.137s][info][gc,heap        ] GC(1281) ParOldGen: 146986K(349696K)->147002K(349696K)
[116.137s][info][gc,metaspace   ] GC(1281) Metaspace: 61914K(62784K)->61914K(62784K) NonClass: 54327K(54784K)->54327K(54784K) Class: 7586K(8000K)->7586K(8000K)
[116.137s][info][gc             ] GC(1281) Pause Young (Allocation Failure) 291M->143M(500M) 1.346ms
[116.137s][info][gc,cpu         ] GC(1281) User=0.00s Sys=0.00s Real=0.00s
[116.193s][info][gc,start       ] GC(1282) Pause Young (Allocation Failure)
[116.195s][info][gc,heap        ] GC(1282) PSYoungGen: 152320K(162816K)->256K(162816K) Eden: 152064K(152064K)->0K(152064K) From: 256K(10752K)->256K(10752K)
[116.195s][info][gc,heap        ] GC(1282) ParOldGen: 147002K(349696K)->147010K(349696K)
[116.195s][info][gc,metaspace   ] GC(1282) Metaspace: 61914K(62784K)->61914K(62784K) NonClass: 54327K(54784K)->54327K(54784K) Class: 7586K(8000K)->7586K(8000K)
[116.195s][info][gc             ] GC(1282) Pause Young (Allocation Failure) 292M->143M(500M) 1.444ms
[116.195s][info][gc,cpu         ] GC(1282) User=0.00s Sys=0.00s Real=0.00s
[116.273s][info][gc,start       ] GC(1283) Pause Young (Allocation Failure)
[116.274s][info][gc,heap        ] GC(1283) PSYoungGen: 152320K(162816K)->320K(163328K) Eden: 152064K(152064K)->0K(153600K) From: 256K(10752K)->320K(9728K)
[116.274s][info][gc,heap        ] GC(1283) ParOldGen: 147010K(349696K)->147018K(349696K)
[116.274s][info][gc,metaspace   ] GC(1283) Metaspace: 61914K(62784K)->61914K(62784K) NonClass: 54327K(54784K)->54327K(54784K) Class: 7586K(8000K)->7586K(8000K)
[116.274s][info][gc             ] GC(1283) Pause Young (Allocation Failure) 292M->143M(501M) 1.722ms
[116.274s][info][gc,cpu         ] GC(1283) User=0.00s Sys=0.00s Real=0.00s
[116.370s][info][gc,start       ] GC(1284) Pause Young (Allocation Failure)
[116.371s][info][gc,heap        ] GC(1284) PSYoungGen: 153920K(163328K)->128K(163328K) Eden: 153600K(153600K)->0K(153600K) From: 320K(9728K)->128K(9728K)
[116.371s][info][gc,heap        ] GC(1284) ParOldGen: 147018K(349696K)->147098K(349696K)
[116.371s][info][gc,metaspace   ] GC(1284) Metaspace: 61914K(62784K)->61914K(62784K) NonClass: 54327K(54784K)->54327K(54784K) Class: 7586K(8000K)->7586K(8000K)
[116.371s][info][gc             ] GC(1284) Pause Young (Allocation Failure) 293M->143M(501M) 1.386ms
[116.371s][info][gc,cpu         ] GC(1284) User=0.00s Sys=0.00s Real=0.00s
[116.492s][info][gc,start       ] GC(1285) Pause Young (Allocation Failure)
[116.494s][info][gc,heap        ] GC(1285) PSYoungGen: 153728K(163328K)->192K(163840K) Eden: 153600K(153600K)->0K(155136K) From: 128K(9728K)->192K(8704K)
[116.494s][info][gc,heap        ] GC(1285) ParOldGen: 147098K(349696K)->147106K(349696K)
[116.494s][info][gc,metaspace   ] GC(1285) Metaspace: 61914K(62784K)->61914K(62784K) NonClass: 54327K(54784K)->54327K(54784K) Class: 7586K(8000K)->7586K(8000K)
[116.494s][info][gc             ] GC(1285) Pause Young (Allocation Failure) 293M->143M(501M) 1.411ms
[116.494s][info][gc,cpu         ] GC(1285) User=0.00s Sys=0.00s Real=0.00s
[116.617s][info][gc,start       ] GC(1286) Pause Young (Allocation Failure)
[116.618s][info][gc,heap        ] GC(1286) PSYoungGen: 155328K(163840K)->160K(164352K) Eden: 155136K(155136K)->0K(155136K) From: 192K(8704K)->160K(9216K)
[116.618s][info][gc,heap        ] GC(1286) ParOldGen: 147106K(349696K)->147114K(349696K)
[116.618s][info][gc,metaspace   ] GC(1286) Metaspace: 61914K(62784K)->61914K(62784K) NonClass: 54327K(54784K)->54327K(54784K) Class: 7586K(8000K)->7586K(8000K)
[116.618s][info][gc             ] GC(1286) Pause Young (Allocation Failure) 295M->143M(502M) 1.471ms
[116.618s][info][gc,cpu         ] GC(1286) User=0.00s Sys=0.00s Real=0.00s
[116.725s][info][gc,start       ] GC(1287) Pause Young (Allocation Failure)
[116.726s][info][gc,heap        ] GC(1287) PSYoungGen: 155296K(164352K)->192K(164352K) Eden: 155136K(155136K)->0K(156672K) From: 160K(9216K)->192K(7680K)
[116.726s][info][gc,heap        ] GC(1287) ParOldGen: 147114K(349696K)->147130K(349696K)
[116.726s][info][gc,metaspace   ] GC(1287) Metaspace: 61914K(62784K)->61914K(62784K) NonClass: 54327K(54784K)->54327K(54784K) Class: 7586K(8000K)->7586K(8000K)
[116.726s][info][gc             ] GC(1287) Pause Young (Allocation Failure) 295M->143M(502M) 1.420ms
[116.726s][info][gc,cpu         ] GC(1287) User=0.00s Sys=0.00s Real=0.00s
[116.817s][info][gc,start       ] GC(1288) Pause Young (Allocation Failure)
[116.819s][info][gc,heap        ] GC(1288) PSYoungGen: 156864K(164352K)->224K(164864K) Eden: 156672K(156672K)->0K(156672K) From: 192K(7680K)->224K(8192K)
[116.819s][info][gc,heap        ] GC(1288) ParOldGen: 147130K(349696K)->147138K(349696K)
[116.819s][info][gc,metaspace   ] GC(1288) Metaspace: 61914K(62784K)->61914K(62784K) NonClass: 54327K(54784K)->54327K(54784K) Class: 7586K(8000K)->7586K(8000K)
[116.819s][info][gc             ] GC(1288) Pause Young (Allocation Failure) 296M->143M(502M) 1.411ms
[116.819s][info][gc,cpu         ] GC(1288) User=0.00s Sys=0.00s Real=0.00s
[116.910s][info][gc,start       ] GC(1289) Pause Young (Allocation Failure)
[116.911s][info][gc,heap        ] GC(1289) PSYoungGen: 156896K(164864K)->128K(166400K) Eden: 156672K(156672K)->0K(158720K) From: 224K(8192K)->128K(7680K)
[116.911s][info][gc,heap        ] GC(1289) ParOldGen: 147138K(349696K)->147146K(349696K)
[116.911s][info][gc,metaspace   ] GC(1289) Metaspace: 61914K(62784K)->61914K(62784K) NonClass: 54327K(54784K)->54327K(54784K) Class: 7586K(8000K)->7586K(8000K)
[116.911s][info][gc             ] GC(1289) Pause Young (Allocation Failure) 296M->143M(504M) 1.356ms
[116.911s][info][gc,cpu         ] GC(1289) User=0.00s Sys=0.00s Real=0.00s
[117.110s][info][gc,heap,exit   ] Heap
[117.111s][info][gc,heap,exit   ]  PSYoungGen      total 166400K, used 75465K [0x00000000f5580000, 0x00000000fff80000, 0x0000000100000000)
[117.111s][info][gc,heap,exit   ]   eden space 158720K, 47% used [0x00000000f5580000,0x00000000f9f12450,0x00000000ff080000)
[117.111s][info][gc,heap,exit   ]   from space 7680K, 1% used [0x00000000ff800000,0x00000000ff820000,0x00000000fff80000)
[117.111s][info][gc,heap,exit   ]   to   space 7680K, 0% used [0x00000000ff080000,0x00000000ff080000,0x00000000ff800000)
[117.111s][info][gc,heap,exit   ]  ParOldGen       total 349696K, used 147146K [0x00000000e0000000, 0x00000000f5580000, 0x00000000f5580000)
[117.111s][info][gc,heap,exit   ]   object space 349696K, 42% used [0x00000000e0000000,0x00000000e8fb2aa0,0x00000000f5580000)
[117.111s][info][gc,heap,exit   ]  Metaspace       used 62301K, committed 63168K, reserved 1114112K
[117.111s][info][gc,heap,exit   ]   class space    used 7664K, committed 8064K, reserved 1048576K
