[0.017s][info][gc,init] CardTable entry size: 512
[0.017s][info][gc     ] Using Parallel
[0.028s][info][gc,init] Version: 20+36-2344 (release)
[0.028s][info][gc,init] CPUs: 48 total, 48 available
[0.028s][info][gc,init] Memory: 382G
[0.028s][info][gc,init] Large Page Support: Disabled
[0.028s][info][gc,init] NUMA Support: Disabled
[0.028s][info][gc,init] Compressed Oops: Enabled (Zero based)
[0.028s][info][gc,init] Alignments: Space 512K, Generation 512K, Heap 2M
[0.028s][info][gc,init] Heap Min Capacity: 8M
[0.028s][info][gc,init] Heap Initial Capacity: 2G
[0.035s][info][gc,init] Heap Max Capacity: 4G
[0.035s][info][gc,init] Pre-touch: Disabled
[0.035s][info][gc,init] Parallel Workers: 33
[0.036s][info][gc,metaspace] CDS archive(s) mapped at: [0x0000000800000000-0x0000000800c60000-0x0000000800c60000), size 12976128, SharedBaseAddress: 0x0000000800000000, ArchiveRelocationMode: 0.
[0.036s][info][gc,metaspace] Compressed class space mapped at: 0x0000000801000000-0x0000000841000000, reserved size: 1073741824
[0.036s][info][gc,metaspace] Narrow klass base: 0x0000000800000000, Narrow klass shift: 0, Narrow klass range: 0x100000000
[10.710s][info][gc,start    ] GC(0) Pause Young (Metadata GC Threshold)
[10.728s][info][gc,heap     ] GC(0) PSYoungGen: 220644K(611840K)->18769K(611840K) Eden: 220644K(524800K)->0K(524800K) From: 0K(87040K)->18769K(87040K)
[10.728s][info][gc,heap     ] GC(0) ParOldGen: 0K(1398272K)->24K(1398272K)
[10.728s][info][gc,metaspace] GC(0) Metaspace: 21272K(21504K)->21272K(21504K) NonClass: 18555K(18688K)->18555K(18688K) Class: 2717K(2816K)->2717K(2816K)
[10.728s][info][gc          ] GC(0) Pause Young (Metadata GC Threshold) 215M->18M(1963M) 18.389ms
[10.728s][info][gc,cpu      ] GC(0) User=0.14s Sys=0.38s Real=0.02s
[10.729s][info][gc,start    ] GC(1) Pause Full (Metadata GC Threshold)
[10.729s][info][gc,phases,start] GC(1) Marking Phase
[10.740s][info][gc,phases      ] GC(1) Marking Phase 11.585ms
[10.740s][info][gc,phases,start] GC(1) Summary Phase
[10.740s][info][gc,phases      ] GC(1) Summary Phase 0.018ms
[10.740s][info][gc,phases,start] GC(1) Adjust Roots
[10.743s][info][gc,phases      ] GC(1) Adjust Roots 2.714ms
[10.743s][info][gc,phases,start] GC(1) Compaction Phase
[10.756s][info][gc,phases      ] GC(1) Compaction Phase 12.628ms
[10.756s][info][gc,phases,start] GC(1) Post Compact
[10.757s][info][gc,phases      ] GC(1) Post Compact 1.679ms
[10.757s][info][gc,heap        ] GC(1) PSYoungGen: 18769K(611840K)->0K(611840K) Eden: 0K(524800K)->0K(524800K) From: 18769K(87040K)->0K(87040K)
[10.757s][info][gc,heap        ] GC(1) ParOldGen: 24K(1398272K)->18047K(1398272K)
[10.757s][info][gc,metaspace   ] GC(1) Metaspace: 21272K(21504K)->21272K(21504K) NonClass: 18555K(18688K)->18555K(18688K) Class: 2717K(2816K)->2717K(2816K)
[10.757s][info][gc             ] GC(1) Pause Full (Metadata GC Threshold) 18M->17M(1963M) 28.802ms
[10.757s][info][gc,cpu         ] GC(1) User=0.17s Sys=0.03s Real=0.03s
[11.718s][info][gc,start       ] GC(2) Pause Young (Metadata GC Threshold)
[11.725s][info][gc,heap        ] GC(2) PSYoungGen: 199454K(611840K)->5662K(611840K) Eden: 199454K(524800K)->0K(524800K) From: 0K(87040K)->5662K(87040K)
[11.725s][info][gc,heap        ] GC(2) ParOldGen: 18047K(1398272K)->18055K(1398272K)
[11.725s][info][gc,metaspace   ] GC(2) Metaspace: 35452K(35840K)->35452K(35840K) NonClass: 30974K(31168K)->30974K(31168K) Class: 4477K(4672K)->4477K(4672K)
[11.725s][info][gc             ] GC(2) Pause Young (Metadata GC Threshold) 212M->23M(1963M) 7.321ms
[11.725s][info][gc,cpu         ] GC(2) User=0.00s Sys=0.00s Real=0.00s
[11.725s][info][gc,start       ] GC(3) Pause Full (Metadata GC Threshold)
[11.725s][info][gc,phases,start] GC(3) Marking Phase
[11.745s][info][gc,phases      ] GC(3) Marking Phase 19.419ms
[11.745s][info][gc,phases,start] GC(3) Summary Phase
[11.745s][info][gc,phases      ] GC(3) Summary Phase 0.025ms
[11.745s][info][gc,phases,start] GC(3) Adjust Roots
[11.749s][info][gc,phases      ] GC(3) Adjust Roots 4.157ms
[11.749s][info][gc,phases,start] GC(3) Compaction Phase
[11.767s][info][gc,phases      ] GC(3) Compaction Phase 17.967ms
[11.767s][info][gc,phases,start] GC(3) Post Compact
[11.768s][info][gc,phases      ] GC(3) Post Compact 0.995ms
[11.768s][info][gc,heap        ] GC(3) PSYoungGen: 5662K(611840K)->0K(611840K) Eden: 0K(524800K)->0K(524800K) From: 5662K(87040K)->0K(87040K)
[11.768s][info][gc,heap        ] GC(3) ParOldGen: 18055K(1398272K)->22805K(1398272K)
[11.768s][info][gc,metaspace   ] GC(3) Metaspace: 35452K(35840K)->35452K(35840K) NonClass: 30974K(31168K)->30974K(31168K) Class: 4477K(4672K)->4477K(4672K)
[11.768s][info][gc             ] GC(3) Pause Full (Metadata GC Threshold) 23M->22M(1963M) 42.855ms
[11.768s][info][gc,cpu         ] GC(3) User=0.22s Sys=0.28s Real=0.03s
[12.591s][info][gc,start       ] GC(4) Pause Young (Allocation Failure)
[12.612s][info][gc,heap        ] GC(4) PSYoungGen: 524800K(611840K)->35760K(611840K) Eden: 524800K(524800K)->0K(524800K) From: 0K(87040K)->35760K(87040K)
[12.613s][info][gc,heap        ] GC(4) ParOldGen: 22805K(1398272K)->22813K(1398272K)
[12.613s][info][gc,metaspace   ] GC(4) Metaspace: 42069K(42496K)->42069K(42496K) NonClass: 36799K(37056K)->36799K(37056K) Class: 5270K(5440K)->5270K(5440K)
[12.613s][info][gc             ] GC(4) Pause Young (Allocation Failure) 534M->57M(1963M) 21.846ms
[12.613s][info][gc,cpu         ] GC(4) User=0.08s Sys=0.44s Real=0.02s
[13.003s][info][gc,start       ] GC(5) Pause Young (Allocation Failure)
[13.058s][info][gc,heap        ] GC(5) PSYoungGen: 560560K(611840K)->78288K(1136640K) Eden: 524800K(524800K)->0K(1049600K) From: 35760K(87040K)->78288K(87040K)
[13.058s][info][gc,heap        ] GC(5) ParOldGen: 22813K(1398272K)->22821K(1398272K)
[13.058s][info][gc,metaspace   ] GC(5) Metaspace: 42072K(42496K)->42072K(42496K) NonClass: 36802K(37056K)->36802K(37056K) Class: 5270K(5440K)->5270K(5440K)
[13.058s][info][gc             ] GC(5) Pause Young (Allocation Failure) 569M->98M(2475M) 55.193ms
[13.058s][info][gc,cpu         ] GC(5) User=0.27s Sys=1.28s Real=0.05s
[13.988s][info][gc,start       ] GC(6) Pause Young (System.gc())
[13.994s][info][gc,heap        ] GC(6) PSYoungGen: 454963K(1136640K)->3552K(1136640K) Eden: 376675K(1049600K)->0K(1049600K) From: 78288K(87040K)->3552K(87040K)
[13.994s][info][gc,heap        ] GC(6) ParOldGen: 22821K(1398272K)->22829K(1398272K)
[13.994s][info][gc,metaspace   ] GC(6) Metaspace: 47960K(48448K)->47960K(48448K) NonClass: 41869K(42176K)->41869K(42176K) Class: 6090K(6272K)->6090K(6272K)
[13.994s][info][gc             ] GC(6) Pause Young (System.gc()) 466M->25M(2475M) 5.326ms
[13.994s][info][gc,cpu         ] GC(6) User=0.00s Sys=0.00s Real=0.00s
[13.994s][info][gc,start       ] GC(7) Pause Full (System.gc())
[13.994s][info][gc,phases,start] GC(7) Marking Phase
[14.016s][info][gc,phases      ] GC(7) Marking Phase 21.833ms
[14.016s][info][gc,phases,start] GC(7) Summary Phase
[14.016s][info][gc,phases      ] GC(7) Summary Phase 0.013ms
[14.016s][info][gc,phases,start] GC(7) Adjust Roots
[14.025s][info][gc,phases      ] GC(7) Adjust Roots 9.271ms
[14.025s][info][gc,phases,start] GC(7) Compaction Phase
[14.041s][info][gc,phases      ] GC(7) Compaction Phase 15.869ms
[14.041s][info][gc,phases,start] GC(7) Post Compact
[14.042s][info][gc,phases      ] GC(7) Post Compact 0.934ms
[14.042s][info][gc,heap        ] GC(7) PSYoungGen: 3552K(1136640K)->0K(1136640K) Eden: 0K(1049600K)->0K(1049600K) From: 3552K(87040K)->0K(87040K)
[14.042s][info][gc,heap        ] GC(7) ParOldGen: 22829K(1398272K)->24974K(1398272K)
[14.042s][info][gc,metaspace   ] GC(7) Metaspace: 47960K(48448K)->47960K(48448K) NonClass: 41869K(42176K)->41869K(42176K) Class: 6090K(6272K)->6090K(6272K)
[14.042s][info][gc             ] GC(7) Pause Full (System.gc()) 25M->24M(2475M) 48.186ms
[14.042s][info][gc,cpu         ] GC(7) User=0.75s Sys=0.23s Real=0.05s
[15.659s][info][gc,start       ] GC(8) Pause Young (Allocation Failure)
[15.706s][info][gc,heap        ] GC(8) PSYoungGen: 1049600K(1136640K)->81139K(1119744K) Eden: 1049600K(1049600K)->0K(1032704K) From: 0K(87040K)->81139K(87040K)
[15.706s][info][gc,heap        ] GC(8) ParOldGen: 24974K(1398272K)->24982K(1398272K)
[15.706s][info][gc,metaspace   ] GC(8) Metaspace: 55784K(56640K)->55784K(56640K) NonClass: 48657K(49152K)->48657K(49152K) Class: 7126K(7488K)->7126K(7488K)
[15.706s][info][gc             ] GC(8) Pause Young (Allocation Failure) 1049M->103M(2459M) 46.851ms
[15.706s][info][gc,cpu         ] GC(8) User=1.69s Sys=0.00s Real=0.05s
[16.029s][info][gc,start       ] GC(9) Pause Young (Allocation Failure)
[16.100s][info][gc,heap        ] GC(9) PSYoungGen: 1113843K(1119744K)->103907K(1136640K) Eden: 1032704K(1032704K)->0K(1032704K) From: 81139K(87040K)->103907K(103936K)
[16.100s][info][gc,heap        ] GC(9) ParOldGen: 24982K(1398272K)->40630K(1398272K)
[16.101s][info][gc,metaspace   ] GC(9) Metaspace: 56043K(56896K)->56043K(56896K) NonClass: 48861K(49344K)->48861K(49344K) Class: 7181K(7552K)->7181K(7552K)
[16.101s][info][gc             ] GC(9) Pause Young (Allocation Failure) 1112M->141M(2475M) 71.645ms
[16.101s][info][gc,cpu         ] GC(9) User=1.05s Sys=1.08s Real=0.06s
[16.376s][info][gc,start       ] GC(10) Pause Young (Allocation Failure)
[16.460s][info][gc,heap        ] GC(10) PSYoungGen: 1136611K(1136640K)->136175K(1202176K) Eden: 1032704K(1032704K)->0K(1065984K) From: 103907K(103936K)->136175K(136192K)
[16.461s][info][gc,heap        ] GC(10) ParOldGen: 40630K(1398272K)->44790K(1398272K)
[16.461s][info][gc,metaspace   ] GC(10) Metaspace: 56107K(56960K)->56107K(56960K) NonClass: 48914K(49408K)->48914K(49408K) Class: 7193K(7552K)->7193K(7552K)
[16.461s][info][gc             ] GC(10) Pause Young (Allocation Failure) 1149M->176M(2539M) 84.150ms
[16.461s][info][gc,cpu         ] GC(10) User=0.73s Sys=1.86s Real=0.08s
[16.975s][info][gc,start       ] GC(11) Pause Young (Allocation Failure)
[17.022s][info][gc,heap        ] GC(11) PSYoungGen: 1202159K(1202176K)->133757K(1200128K) Eden: 1065984K(1065984K)->0K(1065984K) From: 136175K(136192K)->133757K(134144K)
[17.022s][info][gc,heap        ] GC(11) ParOldGen: 44790K(1398272K)->44798K(1398272K)
[17.022s][info][gc,metaspace   ] GC(11) Metaspace: 56451K(57280K)->56451K(57280K) NonClass: 49204K(49664K)->49204K(49664K) Class: 7247K(7616K)->7247K(7616K)
[17.022s][info][gc             ] GC(11) Pause Young (Allocation Failure) 1217M->174M(2537M) 47.792ms
[17.022s][info][gc,cpu         ] GC(11) User=1.55s Sys=0.00s Real=0.05s
[17.258s][info][gc,start       ] GC(12) Pause Young (System.gc())
[17.329s][info][gc,heap        ] GC(12) PSYoungGen: 342311K(1200128K)->36561K(1220096K) Eden: 208553K(1065984K)->0K(1035776K) From: 133757K(134144K)->36561K(184320K)
[17.329s][info][gc,heap        ] GC(12) ParOldGen: 44798K(1398272K)->139844K(1398272K)
[17.329s][info][gc,metaspace   ] GC(12) Metaspace: 58272K(59200K)->58272K(59200K) NonClass: 50818K(51328K)->50818K(51328K) Class: 7454K(7872K)->7454K(7872K)
[17.329s][info][gc             ] GC(12) Pause Young (System.gc()) 378M->172M(2557M) 70.633ms
[17.329s][info][gc,cpu         ] GC(12) User=1.25s Sys=0.83s Real=0.06s
[17.329s][info][gc,start       ] GC(13) Pause Full (System.gc())
[17.329s][info][gc,phases,start] GC(13) Marking Phase
[17.411s][info][gc,phases      ] GC(13) Marking Phase 81.658ms
[17.411s][info][gc,phases,start] GC(13) Summary Phase
[17.411s][info][gc,phases      ] GC(13) Summary Phase 0.019ms
[17.411s][info][gc,phases,start] GC(13) Adjust Roots
[17.419s][info][gc,phases      ] GC(13) Adjust Roots 8.474ms
[17.419s][info][gc,phases,start] GC(13) Compaction Phase
[17.505s][info][gc,phases      ] GC(13) Compaction Phase 86.367ms
[17.506s][info][gc,phases,start] GC(13) Post Compact
[17.508s][info][gc,phases      ] GC(13) Post Compact 2.314ms
[17.508s][info][gc,heap        ] GC(13) PSYoungGen: 36561K(1220096K)->0K(1220096K) Eden: 0K(1035776K)->0K(1035776K) From: 36561K(184320K)->0K(184320K)
[17.508s][info][gc,heap        ] GC(13) ParOldGen: 139844K(1398272K)->174792K(1398272K)
[17.508s][info][gc,metaspace   ] GC(13) Metaspace: 58272K(59200K)->58226K(59200K) NonClass: 50818K(51328K)->50785K(51328K) Class: 7454K(7872K)->7440K(7872K)
[17.508s][info][gc             ] GC(13) Pause Full (System.gc()) 172M->170M(2557M) 179.222ms
[17.508s][info][gc,cpu         ] GC(13) User=2.94s Sys=0.36s Real=0.19s
[17.997s][info][gc,start       ] GC(14) Pause Young (Allocation Failure)
[17.999s][info][gc,heap        ] GC(14) PSYoungGen: 1035776K(1220096K)->1152K(1037312K) Eden: 1035776K(1035776K)->0K(1035776K) From: 0K(184320K)->1152K(1536K)
[17.999s][info][gc,heap        ] GC(14) ParOldGen: 174792K(1398272K)->174800K(1398272K)
[17.999s][info][gc,metaspace   ] GC(14) Metaspace: 58329K(59200K)->58329K(59200K) NonClass: 50878K(51328K)->50878K(51328K) Class: 7451K(7872K)->7451K(7872K)
[17.999s][info][gc             ] GC(14) Pause Young (Allocation Failure) 1182M->171M(2378M) 1.855ms
[17.999s][info][gc,cpu         ] GC(14) User=0.00s Sys=0.00s Real=0.00s
[18.384s][info][gc,start       ] GC(15) Pause Young (System.gc())
[18.386s][info][gc,heap        ] GC(15) PSYoungGen: 1029432K(1037312K)->992K(1208832K) Eden: 1028280K(1035776K)->0K(1035776K) From: 1152K(1536K)->992K(173056K)
[18.386s][info][gc,heap        ] GC(15) ParOldGen: 174800K(1398272K)->175195K(1398272K)
[18.386s][info][gc,metaspace   ] GC(15) Metaspace: 58402K(59328K)->58402K(59328K) NonClass: 50950K(51456K)->50950K(51456K) Class: 7451K(7872K)->7451K(7872K)
[18.386s][info][gc             ] GC(15) Pause Young (System.gc()) 1176M->172M(2546M) 1.768ms
[18.386s][info][gc,cpu         ] GC(15) User=0.00s Sys=0.00s Real=0.00s
[18.386s][info][gc,start       ] GC(16) Pause Full (System.gc())
[18.386s][info][gc,phases,start] GC(16) Marking Phase
[18.468s][info][gc,phases      ] GC(16) Marking Phase 82.051ms
[18.468s][info][gc,phases,start] GC(16) Summary Phase
[18.468s][info][gc,phases      ] GC(16) Summary Phase 0.014ms
[18.468s][info][gc,phases,start] GC(16) Adjust Roots
[18.474s][info][gc,phases      ] GC(16) Adjust Roots 5.673ms
[18.474s][info][gc,phases,start] GC(16) Compaction Phase
[18.500s][info][gc,phases      ] GC(16) Compaction Phase 25.784ms
[18.500s][info][gc,phases,start] GC(16) Post Compact
[18.501s][info][gc,phases      ] GC(16) Post Compact 1.455ms
[18.501s][info][gc,heap        ] GC(16) PSYoungGen: 992K(1208832K)->0K(1208832K) Eden: 0K(1035776K)->0K(1035776K) From: 992K(173056K)->0K(173056K)
[18.502s][info][gc,heap        ] GC(16) ParOldGen: 175195K(1398272K)->174836K(1398272K)
[18.502s][info][gc,metaspace   ] GC(16) Metaspace: 58402K(59328K)->58402K(59328K) NonClass: 50950K(51456K)->50950K(51456K) Class: 7451K(7872K)->7451K(7872K)
[18.502s][info][gc             ] GC(16) Pause Full (System.gc()) 172M->170M(2546M) 115.225ms
[18.502s][info][gc,cpu         ] GC(16) User=3.11s Sys=0.00s Real=0.13s
[18.953s][info][gc,start       ] GC(17) Pause Young (Allocation Failure)
[18.954s][info][gc,heap        ] GC(17) PSYoungGen: 1035776K(1208832K)->1152K(1210880K) Eden: 1035776K(1035776K)->0K(1035776K) From: 0K(173056K)->1152K(175104K)
[18.955s][info][gc,heap        ] GC(17) ParOldGen: 174836K(1398272K)->174844K(1398272K)
[18.955s][info][gc,metaspace   ] GC(17) Metaspace: 58469K(59392K)->58469K(59392K) NonClass: 51017K(51520K)->51017K(51520K) Class: 7451K(7872K)->7451K(7872K)
[18.955s][info][gc             ] GC(17) Pause Young (Allocation Failure) 1182M->171M(2548M) 1.190ms
[18.955s][info][gc,cpu         ] GC(17) User=0.00s Sys=0.00s Real=0.00s
[19.346s][info][gc,start       ] GC(18) Pause Young (System.gc())
[19.347s][info][gc,heap        ] GC(18) PSYoungGen: 1002202K(1210880K)->1024K(1211904K) Eden: 1001050K(1035776K)->0K(1049600K) From: 1152K(175104K)->1024K(162304K)
[19.347s][info][gc,heap        ] GC(18) ParOldGen: 174844K(1398272K)->175204K(1398272K)
[19.347s][info][gc,metaspace   ] GC(18) Metaspace: 58544K(59392K)->58544K(59392K) NonClass: 51093K(51520K)->51093K(51520K) Class: 7451K(7872K)->7451K(7872K)
[19.347s][info][gc             ] GC(18) Pause Young (System.gc()) 1149M->172M(2549M) 1.709ms
[19.347s][info][gc,cpu         ] GC(18) User=0.00s Sys=0.00s Real=0.00s
[19.348s][info][gc,start       ] GC(19) Pause Full (System.gc())
[19.348s][info][gc,phases,start] GC(19) Marking Phase
[19.436s][info][gc,phases      ] GC(19) Marking Phase 88.222ms
[19.436s][info][gc,phases,start] GC(19) Summary Phase
[19.436s][info][gc,phases      ] GC(19) Summary Phase 0.016ms
[19.436s][info][gc,phases,start] GC(19) Adjust Roots
[19.441s][info][gc,phases      ] GC(19) Adjust Roots 4.739ms
[19.441s][info][gc,phases,start] GC(19) Compaction Phase
[19.460s][info][gc,phases      ] GC(19) Compaction Phase 19.340ms
[19.460s][info][gc,phases,start] GC(19) Post Compact
[19.461s][info][gc,phases      ] GC(19) Post Compact 1.281ms
[19.461s][info][gc,heap        ] GC(19) PSYoungGen: 1024K(1211904K)->0K(1211904K) Eden: 0K(1049600K)->0K(1049600K) From: 1024K(162304K)->0K(162304K)
[19.461s][info][gc,heap        ] GC(19) ParOldGen: 175204K(1398272K)->174886K(1398272K)
[19.461s][info][gc,metaspace   ] GC(19) Metaspace: 58544K(59392K)->58544K(59392K) NonClass: 51093K(51520K)->51093K(51520K) Class: 7451K(7872K)->7451K(7872K)
[19.461s][info][gc             ] GC(19) Pause Full (System.gc()) 172M->170M(2549M) 113.864ms
[19.461s][info][gc,cpu         ] GC(19) User=3.05s Sys=0.00s Real=0.11s
[19.960s][info][gc,start       ] GC(20) Pause Young (Allocation Failure)
[19.962s][info][gc,heap        ] GC(20) PSYoungGen: 1049600K(1211904K)->1152K(1216512K) Eden: 1049600K(1049600K)->0K(1049600K) From: 0K(162304K)->1152K(166912K)
[19.962s][info][gc,heap        ] GC(20) ParOldGen: 174886K(1398272K)->174894K(1398272K)
[19.962s][info][gc,metaspace   ] GC(20) Metaspace: 58631K(59520K)->58631K(59520K) NonClass: 51179K(51648K)->51179K(51648K) Class: 7451K(7872K)->7451K(7872K)
[19.962s][info][gc             ] GC(20) Pause Young (Allocation Failure) 1195M->171M(2553M) 1.093ms
[19.962s][info][gc,cpu         ] GC(20) User=0.00s Sys=0.00s Real=0.00s
[20.339s][info][gc,start       ] GC(21) Pause Young (System.gc())
[20.342s][info][gc,heap        ] GC(21) PSYoungGen: 970209K(1216512K)->1056K(1218048K) Eden: 969057K(1049600K)->0K(1068544K) From: 1152K(166912K)->1056K(149504K)
[20.342s][info][gc,heap        ] GC(21) ParOldGen: 174894K(1398272K)->175260K(1398272K)
[20.342s][info][gc,metaspace   ] GC(21) Metaspace: 58675K(59584K)->58675K(59584K) NonClass: 51223K(51712K)->51223K(51712K) Class: 7452K(7872K)->7452K(7872K)
[20.342s][info][gc             ] GC(21) Pause Young (System.gc()) 1118M->172M(2555M) 2.690ms
[20.342s][info][gc,cpu         ] GC(21) User=0.00s Sys=0.00s Real=0.00s
[20.342s][info][gc,start       ] GC(22) Pause Full (System.gc())
[20.342s][info][gc,phases,start] GC(22) Marking Phase
[20.437s][info][gc,phases      ] GC(22) Marking Phase 94.617ms
[20.437s][info][gc,phases,start] GC(22) Summary Phase
[20.437s][info][gc,phases      ] GC(22) Summary Phase 0.015ms
[20.437s][info][gc,phases,start] GC(22) Adjust Roots
[20.443s][info][gc,phases      ] GC(22) Adjust Roots 6.471ms
[20.443s][info][gc,phases,start] GC(22) Compaction Phase
[20.464s][info][gc,phases      ] GC(22) Compaction Phase 20.897ms
[20.464s][info][gc,phases,start] GC(22) Post Compact
[20.466s][info][gc,phases      ] GC(22) Post Compact 1.285ms
[20.466s][info][gc,heap        ] GC(22) PSYoungGen: 1056K(1218048K)->0K(1218048K) Eden: 0K(1068544K)->0K(1068544K) From: 1056K(149504K)->0K(149504K)
[20.466s][info][gc,heap        ] GC(22) ParOldGen: 175260K(1398272K)->174933K(1398272K)
[20.466s][info][gc,metaspace   ] GC(22) Metaspace: 58675K(59584K)->58675K(59584K) NonClass: 51223K(51712K)->51223K(51712K) Class: 7452K(7872K)->7452K(7872K)
[20.466s][info][gc             ] GC(22) Pause Full (System.gc()) 172M->170M(2555M) 123.537ms
[20.466s][info][gc,cpu         ] GC(22) User=3.16s Sys=0.03s Real=0.13s
[20.897s][info][gc,start       ] GC(23) Pause Young (Allocation Failure)
[20.898s][info][gc,heap        ] GC(23) PSYoungGen: 1068544K(1218048K)->1152K(1224192K) Eden: 1068544K(1068544K)->0K(1068544K) From: 0K(149504K)->1152K(155648K)
[20.898s][info][gc,heap        ] GC(23) ParOldGen: 174933K(1398272K)->174941K(1398272K)
[20.898s][info][gc,metaspace   ] GC(23) Metaspace: 58719K(59584K)->58719K(59584K) NonClass: 51267K(51712K)->51267K(51712K) Class: 7452K(7872K)->7452K(7872K)
[20.898s][info][gc             ] GC(23) Pause Young (Allocation Failure) 1214M->171M(2561M) 1.237ms
[20.899s][info][gc,cpu         ] GC(23) User=0.00s Sys=0.00s Real=0.00s
[21.263s][info][gc,start       ] GC(24) Pause Young (System.gc())
[21.264s][info][gc,heap        ] GC(24) PSYoungGen: 950720K(1224192K)->1056K(1228800K) Eden: 949568K(1068544K)->0K(1092608K) From: 1152K(155648K)->1056K(136192K)
[21.264s][info][gc,heap        ] GC(24) ParOldGen: 174941K(1398272K)->175295K(1398272K)
[21.264s][info][gc,metaspace   ] GC(24) Metaspace: 58758K(59648K)->58758K(59648K) NonClass: 51306K(51776K)->51306K(51776K) Class: 7452K(7872K)->7452K(7872K)
[21.264s][info][gc             ] GC(24) Pause Young (System.gc()) 1099M->172M(2565M) 1.363ms
[21.264s][info][gc,cpu         ] GC(24) User=0.00s Sys=0.00s Real=0.00s
[21.264s][info][gc,start       ] GC(25) Pause Full (System.gc())
[21.264s][info][gc,phases,start] GC(25) Marking Phase
[21.345s][info][gc,phases      ] GC(25) Marking Phase 80.946ms
[21.345s][info][gc,phases,start] GC(25) Summary Phase
[21.345s][info][gc,phases      ] GC(25) Summary Phase 0.014ms
[21.345s][info][gc,phases,start] GC(25) Adjust Roots
[21.352s][info][gc,phases      ] GC(25) Adjust Roots 6.272ms
[21.352s][info][gc,phases,start] GC(25) Compaction Phase
[21.386s][info][gc,phases      ] GC(25) Compaction Phase 34.500ms
[21.386s][info][gc,phases,start] GC(25) Post Compact
[21.388s][info][gc,phases      ] GC(25) Post Compact 1.595ms
[21.388s][info][gc,heap        ] GC(25) PSYoungGen: 1056K(1228800K)->0K(1228800K) Eden: 0K(1092608K)->0K(1092608K) From: 1056K(136192K)->0K(136192K)
[21.388s][info][gc,heap        ] GC(25) ParOldGen: 175295K(1398272K)->174979K(1398272K)
[21.388s][info][gc,metaspace   ] GC(25) Metaspace: 58758K(59648K)->58758K(59648K) NonClass: 51306K(51776K)->51306K(51776K) Class: 7452K(7872K)->7452K(7872K)
[21.388s][info][gc             ] GC(25) Pause Full (System.gc()) 172M->170M(2565M) 123.663ms
[21.388s][info][gc,cpu         ] GC(25) User=3.14s Sys=0.00s Real=0.13s
[21.836s][info][gc,start       ] GC(26) Pause Young (Allocation Failure)
[21.837s][info][gc,heap        ] GC(26) PSYoungGen: 1092608K(1228800K)->1184K(1235456K) Eden: 1092608K(1092608K)->0K(1092608K) From: 0K(136192K)->1184K(142848K)
[21.837s][info][gc,heap        ] GC(26) ParOldGen: 174979K(1398272K)->174987K(1398272K)
[21.837s][info][gc,metaspace   ] GC(26) Metaspace: 58797K(59712K)->58797K(59712K) NonClass: 51345K(51840K)->51345K(51840K) Class: 7452K(7872K)->7452K(7872K)
[21.837s][info][gc             ] GC(26) Pause Young (Allocation Failure) 1237M->172M(2572M) 1.300ms
[21.837s][info][gc,cpu         ] GC(26) User=0.00s Sys=0.00s Real=0.00s
[22.211s][info][gc,start       ] GC(27) Pause Young (System.gc())
[22.213s][info][gc,heap        ] GC(27) PSYoungGen: 922377K(1235456K)->1056K(1240576K) Eden: 921193K(1092608K)->0K(1118720K) From: 1184K(142848K)->1056K(121856K)
[22.213s][info][gc,heap        ] GC(27) ParOldGen: 174987K(1398272K)->175342K(1398272K)
[22.213s][info][gc,metaspace   ] GC(27) Metaspace: 58831K(59712K)->58831K(59712K) NonClass: 51378K(51840K)->51378K(51840K) Class: 7453K(7872K)->7453K(7872K)
[22.213s][info][gc             ] GC(27) Pause Young (System.gc()) 1071M->172M(2577M) 1.677ms
[22.213s][info][gc,cpu         ] GC(27) User=0.38s Sys=0.05s Real=0.01s
[22.213s][info][gc,start       ] GC(28) Pause Full (System.gc())
[22.213s][info][gc,phases,start] GC(28) Marking Phase
[22.303s][info][gc,phases      ] GC(28) Marking Phase 89.526ms
[22.303s][info][gc,phases,start] GC(28) Summary Phase
[22.303s][info][gc,phases      ] GC(28) Summary Phase 0.016ms
[22.303s][info][gc,phases,start] GC(28) Adjust Roots
[22.309s][info][gc,phases      ] GC(28) Adjust Roots 6.143ms
[22.309s][info][gc,phases,start] GC(28) Compaction Phase
[22.328s][info][gc,phases      ] GC(28) Compaction Phase 18.643ms
[22.328s][info][gc,phases,start] GC(28) Post Compact
[22.329s][info][gc,phases      ] GC(28) Post Compact 1.373ms
[22.329s][info][gc,heap        ] GC(28) PSYoungGen: 1056K(1240576K)->0K(1240576K) Eden: 0K(1118720K)->0K(1118720K) From: 1056K(121856K)->0K(121856K)
[22.329s][info][gc,heap        ] GC(28) ParOldGen: 175342K(1398272K)->175024K(1398272K)
[22.329s][info][gc,metaspace   ] GC(28) Metaspace: 58831K(59712K)->58831K(59712K) NonClass: 51378K(51840K)->51378K(51840K) Class: 7453K(7872K)->7453K(7872K)
[22.329s][info][gc             ] GC(28) Pause Full (System.gc()) 172M->170M(2577M) 116.046ms
[22.329s][info][gc,cpu         ] GC(28) User=2.61s Sys=0.00s Real=0.12s
[22.775s][info][gc,start       ] GC(29) Pause Young (Allocation Failure)
[22.776s][info][gc,heap        ] GC(29) PSYoungGen: 1118720K(1240576K)->1152K(1247744K) Eden: 1118720K(1118720K)->0K(1118720K) From: 0K(121856K)->1152K(129024K)
[22.776s][info][gc,heap        ] GC(29) ParOldGen: 175024K(1398272K)->175032K(1398272K)
[22.776s][info][gc,metaspace   ] GC(29) Metaspace: 58885K(59776K)->58885K(59776K) NonClass: 51429K(51904K)->51429K(51904K) Class: 7456K(7872K)->7456K(7872K)
[22.776s][info][gc             ] GC(29) Pause Young (Allocation Failure) 1263M->172M(2584M) 1.319ms
[22.777s][info][gc,cpu         ] GC(29) User=0.00s Sys=0.00s Real=0.00s
[23.096s][info][gc,start       ] GC(30) Pause Young (System.gc())
[23.098s][info][gc,heap        ] GC(30) PSYoungGen: 893110K(1247744K)->1056K(1255936K) Eden: 891958K(1118720K)->0K(1146880K) From: 1152K(129024K)->1056K(109056K)
[23.098s][info][gc,heap        ] GC(30) ParOldGen: 175032K(1398272K)->175412K(1398272K)
[23.098s][info][gc,metaspace   ] GC(30) Metaspace: 58910K(59776K)->58910K(59776K) NonClass: 51454K(51904K)->51454K(51904K) Class: 7456K(7872K)->7456K(7872K)
[23.098s][info][gc             ] GC(30) Pause Young (System.gc()) 1043M->172M(2592M) 1.392ms
[23.098s][info][gc,cpu         ] GC(30) User=0.00s Sys=0.00s Real=0.00s
[23.098s][info][gc,start       ] GC(31) Pause Full (System.gc())
[23.098s][info][gc,phases,start] GC(31) Marking Phase
[23.181s][info][gc,phases      ] GC(31) Marking Phase 83.341ms
[23.181s][info][gc,phases,start] GC(31) Summary Phase
[23.181s][info][gc,phases      ] GC(31) Summary Phase 0.017ms
[23.181s][info][gc,phases,start] GC(31) Adjust Roots
[23.188s][info][gc,phases      ] GC(31) Adjust Roots 6.809ms
[23.188s][info][gc,phases,start] GC(31) Compaction Phase
[23.224s][info][gc,phases      ] GC(31) Compaction Phase 35.791ms
[23.224s][info][gc,phases,start] GC(31) Post Compact
[23.226s][info][gc,phases      ] GC(31) Post Compact 1.462ms
[23.226s][info][gc,heap        ] GC(31) PSYoungGen: 1056K(1255936K)->0K(1255936K) Eden: 0K(1146880K)->0K(1146880K) From: 1056K(109056K)->0K(109056K)
[23.226s][info][gc,heap        ] GC(31) ParOldGen: 175412K(1398272K)->175070K(1398272K)
[23.226s][info][gc,metaspace   ] GC(31) Metaspace: 58910K(59776K)->58910K(59776K) NonClass: 51454K(51904K)->51454K(51904K) Class: 7456K(7872K)->7456K(7872K)
[23.226s][info][gc             ] GC(31) Pause Full (System.gc()) 172M->170M(2592M) 127.766ms
[23.226s][info][gc,cpu         ] GC(31) User=2.77s Sys=0.00s Real=0.13s
[23.687s][info][gc,start       ] GC(32) Pause Young (Allocation Failure)
[23.689s][info][gc,heap        ] GC(32) PSYoungGen: 1146880K(1255936K)->1184K(1262592K) Eden: 1146880K(1146880K)->0K(1146880K) From: 0K(109056K)->1184K(115712K)
[23.689s][info][gc,heap        ] GC(32) ParOldGen: 175070K(1398272K)->175070K(1398272K)
[23.689s][info][gc,metaspace   ] GC(32) Metaspace: 58950K(59904K)->58950K(59904K) NonClass: 51494K(52032K)->51494K(52032K) Class: 7456K(7872K)->7456K(7872K)
[23.689s][info][gc             ] GC(32) Pause Young (Allocation Failure) 1290M->172M(2598M) 1.355ms
[23.689s][info][gc,cpu         ] GC(32) User=0.00s Sys=0.00s Real=0.00s
[23.988s][info][gc,start       ] GC(33) Pause Young (System.gc())
[23.989s][info][gc,heap        ] GC(33) PSYoungGen: 864017K(1262592K)->1056K(1268736K) Eden: 862833K(1146880K)->0K(1172992K) From: 1184K(115712K)->1056K(95744K)
[23.989s][info][gc,heap        ] GC(33) ParOldGen: 175070K(1398272K)->175450K(1398272K)
[23.989s][info][gc,metaspace   ] GC(33) Metaspace: 58967K(59904K)->58967K(59904K) NonClass: 51510K(52032K)->51510K(52032K) Class: 7456K(7872K)->7456K(7872K)
[23.989s][info][gc             ] GC(33) Pause Young (System.gc()) 1014M->172M(2604M) 1.295ms
[23.989s][info][gc,cpu         ] GC(33) User=0.00s Sys=0.00s Real=0.00s
[23.990s][info][gc,start       ] GC(34) Pause Full (System.gc())
[23.990s][info][gc,phases,start] GC(34) Marking Phase
[24.080s][info][gc,phases      ] GC(34) Marking Phase 89.922ms
[24.080s][info][gc,phases,start] GC(34) Summary Phase
[24.080s][info][gc,phases      ] GC(34) Summary Phase 0.015ms
[24.080s][info][gc,phases,start] GC(34) Adjust Roots
[24.086s][info][gc,phases      ] GC(34) Adjust Roots 6.146ms
[24.086s][info][gc,phases,start] GC(34) Compaction Phase
[24.109s][info][gc,phases      ] GC(34) Compaction Phase 23.093ms
[24.109s][info][gc,phases,start] GC(34) Post Compact
[24.110s][info][gc,phases      ] GC(34) Post Compact 1.343ms
[24.110s][info][gc,heap        ] GC(34) PSYoungGen: 1056K(1268736K)->0K(1268736K) Eden: 0K(1172992K)->0K(1172992K) From: 1056K(95744K)->0K(95744K)
[24.110s][info][gc,heap        ] GC(34) ParOldGen: 175450K(1398272K)->175114K(1398272K)
[24.110s][info][gc,metaspace   ] GC(34) Metaspace: 58967K(59904K)->58967K(59904K) NonClass: 51510K(52032K)->51510K(52032K) Class: 7456K(7872K)->7456K(7872K)
[24.110s][info][gc             ] GC(34) Pause Full (System.gc()) 172M->171M(2604M) 120.808ms
[24.110s][info][gc,cpu         ] GC(34) User=3.45s Sys=0.02s Real=0.13s
[24.559s][info][gc,start       ] GC(35) Pause Young (Allocation Failure)
[24.561s][info][gc,heap        ] GC(35) PSYoungGen: 1172992K(1268736K)->1152K(1275392K) Eden: 1172992K(1172992K)->0K(1172992K) From: 0K(95744K)->1152K(102400K)
[24.561s][info][gc,heap        ] GC(35) ParOldGen: 175114K(1398272K)->175122K(1398272K)
[24.561s][info][gc,metaspace   ] GC(35) Metaspace: 59005K(59904K)->59005K(59904K) NonClass: 51547K(52032K)->51547K(52032K) Class: 7457K(7872K)->7457K(7872K)
[24.561s][info][gc             ] GC(35) Pause Young (Allocation Failure) 1316M->172M(2611M) 1.253ms
[24.561s][info][gc,cpu         ] GC(35) User=0.00s Sys=0.00s Real=0.00s
[24.871s][info][gc,start       ] GC(36) Pause Young (System.gc())
[24.873s][info][gc,heap        ] GC(36) PSYoungGen: 837363K(1275392K)->1056K(1284608K) Eden: 836211K(1172992K)->0K(1199616K) From: 1152K(102400K)->1056K(84992K)
[24.873s][info][gc,heap        ] GC(36) ParOldGen: 175122K(1398272K)->175488K(1398272K)
[24.873s][info][gc,metaspace   ] GC(36) Metaspace: 59030K(59904K)->59030K(59904K) NonClass: 51572K(52032K)->51572K(52032K) Class: 7457K(7872K)->7457K(7872K)
[24.873s][info][gc             ] GC(36) Pause Young (System.gc()) 988M->172M(2620M) 1.248ms
[24.873s][info][gc,cpu         ] GC(36) User=0.00s Sys=0.00s Real=0.00s
[24.873s][info][gc,start       ] GC(37) Pause Full (System.gc())
[24.873s][info][gc,phases,start] GC(37) Marking Phase
[24.960s][info][gc,phases      ] GC(37) Marking Phase 86.906ms
[24.960s][info][gc,phases,start] GC(37) Summary Phase
[24.960s][info][gc,phases      ] GC(37) Summary Phase 0.015ms
[24.960s][info][gc,phases,start] GC(37) Adjust Roots
[24.967s][info][gc,phases      ] GC(37) Adjust Roots 7.109ms
[24.967s][info][gc,phases,start] GC(37) Compaction Phase
[25.002s][info][gc,phases      ] GC(37) Compaction Phase 35.342ms
[25.155s][info][gc,phases,start] GC(37) Post Compact
[25.157s][info][gc,phases      ] GC(37) Post Compact 2.178ms
[25.157s][info][gc,heap        ] GC(37) PSYoungGen: 1056K(1284608K)->0K(1284608K) Eden: 0K(1199616K)->0K(1199616K) From: 1056K(84992K)->0K(84992K)
[25.157s][info][gc,heap        ] GC(37) ParOldGen: 175488K(1398272K)->175159K(1398272K)
[25.157s][info][gc,metaspace   ] GC(37) Metaspace: 59030K(59904K)->59030K(59904K) NonClass: 51572K(52032K)->51572K(52032K) Class: 7457K(7872K)->7457K(7872K)
[25.157s][info][gc             ] GC(37) Pause Full (System.gc()) 172M->171M(2620M) 284.631ms
[25.157s][info][gc,cpu         ] GC(37) User=2.66s Sys=0.00s Real=0.28s
[25.627s][info][gc,start       ] GC(38) Pause Young (Allocation Failure)
[25.641s][info][gc,heap        ] GC(38) PSYoungGen: 1199616K(1284608K)->1184K(1159680K) Eden: 1199616K(1199616K)->0K(1158144K) From: 0K(84992K)->1184K(1536K)
[25.641s][info][gc,heap        ] GC(38) ParOldGen: 175159K(1398272K)->175159K(1398272K)
[25.641s][info][gc,metaspace   ] GC(38) Metaspace: 59064K(59968K)->59064K(59968K) NonClass: 51605K(52096K)->51605K(52096K) Class: 7459K(7872K)->7459K(7872K)
[25.641s][info][gc             ] GC(38) Pause Young (Allocation Failure) 1342M->172M(2498M) 14.366ms
[25.641s][info][gc,cpu         ] GC(38) User=0.00s Sys=0.02s Real=0.01s
[25.957s][info][gc,start       ] GC(39) Pause Young (System.gc())
[25.960s][info][gc,heap        ] GC(39) PSYoungGen: 805447K(1159680K)->1056K(1232384K) Eden: 804263K(1158144K)->0K(1158144K) From: 1184K(1536K)->1056K(74240K)
[25.960s][info][gc,heap        ] GC(39) ParOldGen: 175159K(1398272K)->175522K(1398272K)
[25.960s][info][gc,metaspace   ] GC(39) Metaspace: 59097K(59968K)->59097K(59968K) NonClass: 51638K(52096K)->51638K(52096K) Class: 7459K(7872K)->7459K(7872K)
[25.960s][info][gc             ] GC(39) Pause Young (System.gc()) 957M->172M(2569M) 2.841ms
[25.960s][info][gc,cpu         ] GC(39) User=0.00s Sys=0.02s Real=0.02s
[25.960s][info][gc,start       ] GC(40) Pause Full (System.gc())
[25.960s][info][gc,phases,start] GC(40) Marking Phase
[26.047s][info][gc,phases      ] GC(40) Marking Phase 87.111ms
[26.047s][info][gc,phases,start] GC(40) Summary Phase
[26.047s][info][gc,phases      ] GC(40) Summary Phase 0.014ms
[26.047s][info][gc,phases,start] GC(40) Adjust Roots
[26.055s][info][gc,phases      ] GC(40) Adjust Roots 7.631ms
[26.055s][info][gc,phases,start] GC(40) Compaction Phase
[26.076s][info][gc,phases      ] GC(40) Compaction Phase 21.383ms
[26.076s][info][gc,phases,start] GC(40) Post Compact
[26.078s][info][gc,phases      ] GC(40) Post Compact 1.336ms
[26.078s][info][gc,heap        ] GC(40) PSYoungGen: 1056K(1232384K)->0K(1232384K) Eden: 0K(1158144K)->0K(1158144K) From: 1056K(74240K)->0K(74240K)
[26.078s][info][gc,heap        ] GC(40) ParOldGen: 175522K(1398272K)->175196K(1398272K)
[26.078s][info][gc,metaspace   ] GC(40) Metaspace: 59097K(59968K)->59097K(59968K) NonClass: 51638K(52096K)->51638K(52096K) Class: 7459K(7872K)->7459K(7872K)
[26.078s][info][gc             ] GC(40) Pause Full (System.gc()) 172M->171M(2569M) 117.741ms
[26.078s][info][gc,cpu         ] GC(40) User=2.88s Sys=0.00s Real=0.11s
[26.510s][info][gc,start       ] GC(41) Pause Young (Allocation Failure)
[26.524s][info][gc,heap        ] GC(41) PSYoungGen: 1158144K(1232384K)->1152K(1120256K) Eden: 1158144K(1158144K)->0K(1118720K) From: 0K(74240K)->1152K(1536K)
[26.524s][info][gc,heap        ] GC(41) ParOldGen: 175196K(1398272K)->175204K(1398272K)
[26.524s][info][gc,metaspace   ] GC(41) Metaspace: 59128K(60032K)->59128K(60032K) NonClass: 51667K(52160K)->51667K(52160K) Class: 7460K(7872K)->7460K(7872K)
[26.524s][info][gc             ] GC(41) Pause Young (Allocation Failure) 1302M->172M(2459M) 13.588ms
[26.524s][info][gc,cpu         ] GC(41) User=0.00s Sys=0.02s Real=0.02s
[26.846s][info][gc,start       ] GC(42) Pause Young (System.gc())
[26.853s][info][gc,heap        ] GC(42) PSYoungGen: 841522K(1120256K)->1056K(1182720K) Eden: 840370K(1118720K)->0K(1118720K) From: 1152K(1536K)->1056K(64000K)
[26.853s][info][gc,heap        ] GC(42) ParOldGen: 175204K(1398272K)->175559K(1398272K)
[26.853s][info][gc,metaspace   ] GC(42) Metaspace: 59143K(60032K)->59143K(60032K) NonClass: 51683K(52160K)->51683K(52160K) Class: 7460K(7872K)->7460K(7872K)
[26.853s][info][gc             ] GC(42) Pause Young (System.gc()) 992M->172M(2520M) 6.556ms
[26.853s][info][gc,cpu         ] GC(42) User=0.02s Sys=0.02s Real=0.02s
[26.853s][info][gc,start       ] GC(43) Pause Full (System.gc())
[26.853s][info][gc,phases,start] GC(43) Marking Phase
[26.942s][info][gc,phases      ] GC(43) Marking Phase 88.574ms
[26.942s][info][gc,phases,start] GC(43) Summary Phase
[26.942s][info][gc,phases      ] GC(43) Summary Phase 0.015ms
[26.942s][info][gc,phases,start] GC(43) Adjust Roots
[26.949s][info][gc,phases      ] GC(43) Adjust Roots 7.259ms
[26.949s][info][gc,phases,start] GC(43) Compaction Phase
[26.984s][info][gc,phases      ] GC(43) Compaction Phase 35.322ms
[26.984s][info][gc,phases,start] GC(43) Post Compact
[26.986s][info][gc,phases      ] GC(43) Post Compact 1.599ms
[26.986s][info][gc,heap        ] GC(43) PSYoungGen: 1056K(1182720K)->0K(1182720K) Eden: 0K(1118720K)->0K(1118720K) From: 1056K(64000K)->0K(64000K)
[26.986s][info][gc,heap        ] GC(43) ParOldGen: 175559K(1398272K)->175235K(1398272K)
[26.986s][info][gc,metaspace   ] GC(43) Metaspace: 59143K(60032K)->59143K(60032K) NonClass: 51683K(52160K)->51683K(52160K) Class: 7460K(7872K)->7460K(7872K)
[26.986s][info][gc             ] GC(43) Pause Full (System.gc()) 172M->171M(2520M) 133.157ms
[26.986s][info][gc,cpu         ] GC(43) User=3.17s Sys=0.00s Real=0.13s
[27.427s][info][gc,start       ] GC(44) Pause Young (Allocation Failure)
[27.436s][info][gc,heap        ] GC(44) PSYoungGen: 1118720K(1182720K)->1184K(1082368K) Eden: 1118720K(1118720K)->0K(1080832K) From: 0K(64000K)->1184K(1536K)
[27.436s][info][gc,heap        ] GC(44) ParOldGen: 175235K(1398272K)->175235K(1398272K)
[27.436s][info][gc,metaspace   ] GC(44) Metaspace: 59168K(60032K)->59168K(60032K) NonClass: 51706K(52160K)->51706K(52160K) Class: 7461K(7872K)->7461K(7872K)
[27.436s][info][gc             ] GC(44) Pause Young (Allocation Failure) 1263M->172M(2422M) 8.974ms
[27.436s][info][gc,cpu         ] GC(44) User=0.00s Sys=0.00s Real=0.00s
[27.752s][info][gc,start       ] GC(45) Pause Young (System.gc())
[27.756s][info][gc,heap        ] GC(45) PSYoungGen: 876642K(1082368K)->1056K(1136128K) Eden: 875458K(1080832K)->0K(1080832K) From: 1184K(1536K)->1056K(55296K)
[27.756s][info][gc,heap        ] GC(45) ParOldGen: 175235K(1398272K)->175601K(1398272K)
[27.757s][info][gc,metaspace   ] GC(45) Metaspace: 59201K(60096K)->59201K(60096K) NonClass: 51740K(52224K)->51740K(52224K) Class: 7461K(7872K)->7461K(7872K)
[27.757s][info][gc             ] GC(45) Pause Young (System.gc()) 1027M->172M(2475M) 4.090ms
[27.757s][info][gc,cpu         ] GC(45) User=0.50s Sys=0.03s Real=0.02s
[27.757s][info][gc,start       ] GC(46) Pause Full (System.gc())
[27.757s][info][gc,phases,start] GC(46) Marking Phase
[27.849s][info][gc,phases      ] GC(46) Marking Phase 92.255ms
[27.849s][info][gc,phases,start] GC(46) Summary Phase
[27.849s][info][gc,phases      ] GC(46) Summary Phase 0.017ms
[27.849s][info][gc,phases,start] GC(46) Adjust Roots
[27.855s][info][gc,phases      ] GC(46) Adjust Roots 5.642ms
[27.855s][info][gc,phases,start] GC(46) Compaction Phase
[27.886s][info][gc,phases      ] GC(46) Compaction Phase 30.921ms
[27.886s][info][gc,phases,start] GC(46) Post Compact
[27.887s][info][gc,phases      ] GC(46) Post Compact 1.259ms
[27.887s][info][gc,heap        ] GC(46) PSYoungGen: 1056K(1136128K)->0K(1136128K) Eden: 0K(1080832K)->0K(1080832K) From: 1056K(55296K)->0K(55296K)
[27.887s][info][gc,heap        ] GC(46) ParOldGen: 175601K(1398272K)->175271K(1398272K)
[27.887s][info][gc,metaspace   ] GC(46) Metaspace: 59201K(60096K)->59201K(60096K) NonClass: 51740K(52224K)->51740K(52224K) Class: 7461K(7872K)->7461K(7872K)
[27.887s][info][gc             ] GC(46) Pause Full (System.gc()) 172M->171M(2475M) 130.340ms
[27.887s][info][gc,cpu         ] GC(46) User=2.67s Sys=0.00s Real=0.13s
[28.318s][info][gc,start       ] GC(47) Pause Young (Allocation Failure)
[28.324s][info][gc,heap        ] GC(47) PSYoungGen: 1080832K(1136128K)->1184K(1046016K) Eden: 1080832K(1080832K)->0K(1044480K) From: 0K(55296K)->1184K(1536K)
[28.324s][info][gc,heap        ] GC(47) ParOldGen: 175271K(1398272K)->175279K(1398272K)
[28.324s][info][gc,metaspace   ] GC(47) Metaspace: 59216K(60160K)->59216K(60160K) NonClass: 51754K(52288K)->51754K(52288K) Class: 7462K(7872K)->7462K(7872K)
[28.324s][info][gc             ] GC(47) Pause Young (Allocation Failure) 1226M->172M(2387M) 6.008ms
[28.324s][info][gc,cpu         ] GC(47) User=0.00s Sys=0.00s Real=0.00s
[28.680s][info][gc,start       ] GC(48) Pause Young (System.gc())
[28.684s][info][gc,heap        ] GC(48) PSYoungGen: 920744K(1046016K)->1056K(1092096K) Eden: 919560K(1044480K)->0K(1044480K) From: 1184K(1536K)->1056K(47616K)
[28.684s][info][gc,heap        ] GC(48) ParOldGen: 175279K(1398272K)->175642K(1398272K)
[28.684s][info][gc,metaspace   ] GC(48) Metaspace: 59258K(60160K)->59258K(60160K) NonClass: 51795K(52288K)->51795K(52288K) Class: 7463K(7872K)->7463K(7872K)
[28.684s][info][gc             ] GC(48) Pause Young (System.gc()) 1070M->172M(2432M) 4.325ms
[28.684s][info][gc,cpu         ] GC(48) User=0.00s Sys=0.00s Real=0.00s
[28.684s][info][gc,start       ] GC(49) Pause Full (System.gc())
[28.684s][info][gc,phases,start] GC(49) Marking Phase
[28.768s][info][gc,phases      ] GC(49) Marking Phase 83.363ms
[28.768s][info][gc,phases,start] GC(49) Summary Phase
[28.768s][info][gc,phases      ] GC(49) Summary Phase 0.015ms
[28.768s][info][gc,phases,start] GC(49) Adjust Roots
[28.775s][info][gc,phases      ] GC(49) Adjust Roots 7.499ms
[28.775s][info][gc,phases,start] GC(49) Compaction Phase
[28.811s][info][gc,phases      ] GC(49) Compaction Phase 36.111ms
[28.812s][info][gc,phases,start] GC(49) Post Compact
[28.813s][info][gc,phases      ] GC(49) Post Compact 1.620ms
[28.813s][info][gc,heap        ] GC(49) PSYoungGen: 1056K(1092096K)->0K(1092096K) Eden: 0K(1044480K)->0K(1044480K) From: 1056K(47616K)->0K(47616K)
[28.813s][info][gc,heap        ] GC(49) ParOldGen: 175642K(1398272K)->175308K(1398272K)
[28.813s][info][gc,metaspace   ] GC(49) Metaspace: 59258K(60160K)->59258K(60160K) NonClass: 51795K(52288K)->51795K(52288K) Class: 7463K(7872K)->7463K(7872K)
[28.813s][info][gc             ] GC(49) Pause Full (System.gc()) 172M->171M(2432M) 128.994ms
[28.813s][info][gc,cpu         ] GC(49) User=3.14s Sys=0.00s Real=0.13s
[29.230s][info][gc,start       ] GC(50) Pause Young (Allocation Failure)
[29.240s][info][gc,heap        ] GC(50) PSYoungGen: 1044480K(1092096K)->1184K(1011712K) Eden: 1044480K(1044480K)->0K(1010176K) From: 0K(47616K)->1184K(1536K)
[29.240s][info][gc,heap        ] GC(50) ParOldGen: 175308K(1398272K)->175316K(1398272K)
[29.240s][info][gc,metaspace   ] GC(50) Metaspace: 59297K(60224K)->59297K(60224K) NonClass: 51834K(52352K)->51834K(52352K) Class: 7463K(7872K)->7463K(7872K)
[29.240s][info][gc             ] GC(50) Pause Young (Allocation Failure) 1191M->172M(2353M) 9.715ms
[29.240s][info][gc,cpu         ] GC(50) User=0.00s Sys=0.02s Real=0.02s
[29.576s][info][gc,start       ] GC(51) Pause Young (System.gc())
[29.578s][info][gc,heap        ] GC(51) PSYoungGen: 956268K(1011712K)->1056K(1051136K) Eden: 955084K(1010176K)->0K(1010176K) From: 1184K(1536K)->1056K(40960K)
[29.578s][info][gc,heap        ] GC(51) ParOldGen: 175316K(1398272K)->175676K(1398272K)
[29.578s][info][gc,metaspace   ] GC(51) Metaspace: 59320K(60224K)->59320K(60224K) NonClass: 51857K(52352K)->51857K(52352K) Class: 7463K(7872K)->7463K(7872K)
[29.578s][info][gc             ] GC(51) Pause Young (System.gc()) 1105M->172M(2392M) 2.493ms
[29.578s][info][gc,cpu         ] GC(51) User=0.00s Sys=0.00s Real=0.00s
[29.579s][info][gc,start       ] GC(52) Pause Full (System.gc())
[29.579s][info][gc,phases,start] GC(52) Marking Phase
[29.669s][info][gc,phases      ] GC(52) Marking Phase 90.573ms
[29.669s][info][gc,phases,start] GC(52) Summary Phase
[29.669s][info][gc,phases      ] GC(52) Summary Phase 0.016ms
[29.669s][info][gc,phases,start] GC(52) Adjust Roots
[29.676s][info][gc,phases      ] GC(52) Adjust Roots 7.175ms
[29.676s][info][gc,phases,start] GC(52) Compaction Phase
[29.699s][info][gc,phases      ] GC(52) Compaction Phase 22.658ms
[29.699s][info][gc,phases,start] GC(52) Post Compact
[29.701s][info][gc,phases      ] GC(52) Post Compact 1.379ms
[29.701s][info][gc,heap        ] GC(52) PSYoungGen: 1056K(1051136K)->0K(1051136K) Eden: 0K(1010176K)->0K(1010176K) From: 1056K(40960K)->0K(40960K)
[29.701s][info][gc,heap        ] GC(52) ParOldGen: 175676K(1398272K)->175340K(1398272K)
[29.701s][info][gc,metaspace   ] GC(52) Metaspace: 59320K(60224K)->59320K(60224K) NonClass: 51857K(52352K)->51857K(52352K) Class: 7463K(7872K)->7463K(7872K)
[29.701s][info][gc             ] GC(52) Pause Full (System.gc()) 172M->171M(2392M) 122.110ms
[29.701s][info][gc,cpu         ] GC(52) User=3.14s Sys=0.00s Real=0.13s
[30.103s][info][gc,start       ] GC(53) Pause Young (Allocation Failure)
[30.112s][info][gc,heap        ] GC(53) PSYoungGen: 1010176K(1051136K)->1216K(978944K) Eden: 1010176K(1010176K)->0K(977408K) From: 0K(40960K)->1216K(1536K)
[30.112s][info][gc,heap        ] GC(53) ParOldGen: 175340K(1398272K)->175348K(1398272K)
[30.112s][info][gc,metaspace   ] GC(53) Metaspace: 59821K(60736K)->59821K(60736K) NonClass: 52274K(52800K)->52274K(52800K) Class: 7547K(7936K)->7547K(7936K)
[30.112s][info][gc             ] GC(53) Pause Young (Allocation Failure) 1157M->172M(2321M) 9.172ms
[30.113s][info][gc,cpu         ] GC(53) User=0.02s Sys=0.02s Real=0.02s
[30.442s][info][gc,start       ] GC(54) Pause Young (Allocation Failure)
[30.451s][info][gc,heap        ] GC(54) PSYoungGen: 978624K(978944K)->992K(949248K) Eden: 977408K(977408K)->0K(945664K) From: 1216K(1536K)->992K(3584K)
[30.451s][info][gc,heap        ] GC(54) ParOldGen: 175348K(1398272K)->175845K(1398272K)
[30.451s][info][gc,metaspace   ] GC(54) Metaspace: 59834K(60736K)->59834K(60736K) NonClass: 52286K(52800K)->52286K(52800K) Class: 7548K(7936K)->7548K(7936K)
[30.451s][info][gc             ] GC(54) Pause Young (Allocation Failure) 1126M->172M(2292M) 8.902ms
[30.451s][info][gc,cpu         ] GC(54) User=0.00s Sys=0.00s Real=0.00s
[30.483s][info][gc,start       ] GC(55) Pause Young (System.gc())
[30.484s][info][gc,heap        ] GC(55) PSYoungGen: 24657K(949248K)->1056K(947200K) Eden: 23665K(945664K)->0K(945664K) From: 992K(3584K)->1056K(1536K)
[30.484s][info][gc,heap        ] GC(55) ParOldGen: 175845K(1398272K)->176061K(1398272K)
[30.484s][info][gc,metaspace   ] GC(55) Metaspace: 59852K(60736K)->59852K(60736K) NonClass: 52304K(52800K)->52304K(52800K) Class: 7548K(7936K)->7548K(7936K)
[30.484s][info][gc             ] GC(55) Pause Young (System.gc()) 195M->172M(2290M) 1.618ms
[30.484s][info][gc,cpu         ] GC(55) User=0.00s Sys=0.00s Real=0.00s
[30.484s][info][gc,start       ] GC(56) Pause Full (System.gc())
[30.484s][info][gc,phases,start] GC(56) Marking Phase
[30.570s][info][gc,phases      ] GC(56) Marking Phase 85.431ms
[30.570s][info][gc,phases,start] GC(56) Summary Phase
[30.570s][info][gc,phases      ] GC(56) Summary Phase 0.015ms
[30.570s][info][gc,phases,start] GC(56) Adjust Roots
[30.576s][info][gc,phases      ] GC(56) Adjust Roots 6.010ms
[30.576s][info][gc,phases,start] GC(56) Compaction Phase
[30.597s][info][gc,phases      ] GC(56) Compaction Phase 21.362ms
[30.597s][info][gc,phases,start] GC(56) Post Compact
[30.599s][info][gc,phases      ] GC(56) Post Compact 1.435ms
[30.599s][info][gc,heap        ] GC(56) PSYoungGen: 1056K(947200K)->0K(947200K) Eden: 0K(945664K)->0K(945664K) From: 1056K(1536K)->0K(1536K)
[30.599s][info][gc,heap        ] GC(56) ParOldGen: 176061K(1398272K)->175440K(1398272K)
[30.599s][info][gc,metaspace   ] GC(56) Metaspace: 59852K(60736K)->59852K(60736K) NonClass: 52304K(52800K)->52304K(52800K) Class: 7548K(7936K)->7548K(7936K)
[30.599s][info][gc             ] GC(56) Pause Full (System.gc()) 172M->171M(2290M) 114.535ms
[30.599s][info][gc,cpu         ] GC(56) User=4.06s Sys=0.03s Real=0.12s
[30.967s][info][gc,start       ] GC(57) Pause Young (Allocation Failure)
[30.975s][info][gc,heap        ] GC(57) PSYoungGen: 945664K(947200K)->1184K(916992K) Eden: 945664K(945664K)->0K(915456K) From: 0K(1536K)->1184K(1536K)
[30.975s][info][gc,heap        ] GC(57) ParOldGen: 175440K(1398272K)->175448K(1398272K)
[30.975s][info][gc,metaspace   ] GC(57) Metaspace: 59893K(60800K)->59893K(60800K) NonClass: 52345K(52864K)->52345K(52864K) Class: 7548K(7936K)->7548K(7936K)
[30.975s][info][gc             ] GC(57) Pause Young (Allocation Failure) 1094M->172M(2261M) 8.521ms
[30.975s][info][gc,cpu         ] GC(57) User=0.00s Sys=0.00s Real=0.00s
[31.281s][info][gc,start       ] GC(58) Pause Young (Allocation Failure)
[31.282s][info][gc,heap        ] GC(58) PSYoungGen: 916640K(916992K)->736K(920064K) Eden: 915456K(915456K)->0K(886784K) From: 1184K(1536K)->736K(33280K)
[31.282s][info][gc,heap        ] GC(58) ParOldGen: 175448K(1398272K)->175883K(1398272K)
[31.282s][info][gc,metaspace   ] GC(58) Metaspace: 59893K(60800K)->59893K(60800K) NonClass: 52345K(52864K)->52345K(52864K) Class: 7548K(7936K)->7548K(7936K)
[31.282s][info][gc             ] GC(58) Pause Young (Allocation Failure) 1066M->172M(2264M) 1.558ms
[31.283s][info][gc,cpu         ] GC(58) User=0.00s Sys=0.00s Real=0.00s
[31.372s][info][gc,start       ] GC(59) Pause Young (System.gc())
[31.380s][info][gc,heap        ] GC(59) PSYoungGen: 144673K(920064K)->1056K(888320K) Eden: 143937K(886784K)->0K(886784K) From: 736K(33280K)->1056K(1536K)
[31.381s][info][gc,heap        ] GC(59) ParOldGen: 175883K(1398272K)->176027K(1398272K)
[31.381s][info][gc,metaspace   ] GC(59) Metaspace: 59932K(60800K)->59932K(60800K) NonClass: 52382K(52864K)->52382K(52864K) Class: 7550K(7936K)->7550K(7936K)
[31.381s][info][gc             ] GC(59) Pause Young (System.gc()) 313M->172M(2233M) 8.889ms
[31.381s][info][gc,cpu         ] GC(59) User=0.00s Sys=0.00s Real=0.00s
[31.381s][info][gc,start       ] GC(60) Pause Full (System.gc())
[31.381s][info][gc,phases,start] GC(60) Marking Phase
[31.468s][info][gc,phases      ] GC(60) Marking Phase 87.442ms
[31.468s][info][gc,phases,start] GC(60) Summary Phase
[31.468s][info][gc,phases      ] GC(60) Summary Phase 0.014ms
[31.468s][info][gc,phases,start] GC(60) Adjust Roots
[31.474s][info][gc,phases      ] GC(60) Adjust Roots 5.831ms
[31.474s][info][gc,phases,start] GC(60) Compaction Phase
[31.508s][info][gc,phases      ] GC(60) Compaction Phase 33.761ms
[31.508s][info][gc,phases,start] GC(60) Post Compact
[31.510s][info][gc,phases      ] GC(60) Post Compact 1.615ms
[31.510s][info][gc,heap        ] GC(60) PSYoungGen: 1056K(888320K)->0K(888320K) Eden: 0K(886784K)->0K(886784K) From: 1056K(1536K)->0K(1536K)
[31.510s][info][gc,heap        ] GC(60) ParOldGen: 176027K(1398272K)->175472K(1398272K)
[31.510s][info][gc,metaspace   ] GC(60) Metaspace: 59932K(60800K)->59932K(60800K) NonClass: 52382K(52864K)->52382K(52864K) Class: 7550K(7936K)->7550K(7936K)
[31.510s][info][gc             ] GC(60) Pause Full (System.gc()) 172M->171M(2233M) 129.010ms
[31.510s][info][gc,cpu         ] GC(60) User=3.14s Sys=0.00s Real=0.14s
[31.870s][info][gc,start       ] GC(61) Pause Young (Allocation Failure)
[31.872s][info][gc,heap        ] GC(61) PSYoungGen: 886784K(888320K)->1184K(887296K) Eden: 886784K(886784K)->0K(859136K) From: 0K(1536K)->1184K(28160K)
[31.872s][info][gc,heap        ] GC(61) ParOldGen: 175472K(1398272K)->175472K(1398272K)
[31.872s][info][gc,metaspace   ] GC(61) Metaspace: 59946K(60864K)->59946K(60864K) NonClass: 52395K(52928K)->52395K(52928K) Class: 7550K(7936K)->7550K(7936K)
[31.872s][info][gc             ] GC(61) Pause Young (Allocation Failure) 1037M->172M(2232M) 1.323ms
[31.872s][info][gc,cpu         ] GC(61) User=0.00s Sys=0.00s Real=0.00s
[32.160s][info][gc,start       ] GC(62) Pause Young (Allocation Failure)
[32.164s][info][gc,heap        ] GC(62) PSYoungGen: 860320K(887296K)->768K(833536K) Eden: 859136K(859136K)->0K(832512K) From: 1184K(28160K)->768K(1024K)
[32.164s][info][gc,heap        ] GC(62) ParOldGen: 175472K(1398272K)->175925K(1398272K)
[32.164s][info][gc,metaspace   ] GC(62) Metaspace: 59951K(60864K)->59951K(60864K) NonClass: 52400K(52928K)->52400K(52928K) Class: 7550K(7936K)->7550K(7936K)
[32.164s][info][gc             ] GC(62) Pause Young (Allocation Failure) 1011M->172M(2179M) 3.405ms
[32.164s][info][gc,cpu         ] GC(62) User=0.00s Sys=0.00s Real=0.00s
[32.291s][info][gc,start       ] GC(63) Pause Young (System.gc())
[32.293s][info][gc,heap        ] GC(63) PSYoungGen: 250234K(833536K)->1056K(857088K) Eden: 249466K(832512K)->0K(832512K) From: 768K(1024K)->1056K(24576K)
[32.293s][info][gc,heap        ] GC(63) ParOldGen: 175925K(1398272K)->176037K(1398272K)
[32.293s][info][gc,metaspace   ] GC(63) Metaspace: 59974K(60864K)->59974K(60864K) NonClass: 52423K(52928K)->52423K(52928K) Class: 7550K(7936K)->7550K(7936K)
[32.293s][info][gc             ] GC(63) Pause Young (System.gc()) 416M->172M(2202M) 1.564ms
[32.293s][info][gc,cpu         ] GC(63) User=0.00s Sys=0.00s Real=0.00s
[32.293s][info][gc,start       ] GC(64) Pause Full (System.gc())
[32.293s][info][gc,phases,start] GC(64) Marking Phase
[32.381s][info][gc,phases      ] GC(64) Marking Phase 88.220ms
[32.381s][info][gc,phases,start] GC(64) Summary Phase
[32.381s][info][gc,phases      ] GC(64) Summary Phase 0.017ms
[32.381s][info][gc,phases,start] GC(64) Adjust Roots
[32.390s][info][gc,phases      ] GC(64) Adjust Roots 8.300ms
[32.390s][info][gc,phases,start] GC(64) Compaction Phase
[32.416s][info][gc,phases      ] GC(64) Compaction Phase 25.859ms
[32.416s][info][gc,phases,start] GC(64) Post Compact
[32.417s][info][gc,phases      ] GC(64) Post Compact 1.414ms
[32.417s][info][gc,heap        ] GC(64) PSYoungGen: 1056K(857088K)->0K(857088K) Eden: 0K(832512K)->0K(832512K) From: 1056K(24576K)->0K(24576K)
[32.417s][info][gc,heap        ] GC(64) ParOldGen: 176037K(1398272K)->175504K(1398272K)
[32.417s][info][gc,metaspace   ] GC(64) Metaspace: 59974K(60864K)->59974K(60864K) NonClass: 52423K(52928K)->52423K(52928K) Class: 7550K(7936K)->7550K(7936K)
[32.417s][info][gc             ] GC(64) Pause Full (System.gc()) 172M->171M(2202M) 124.131ms
[32.417s][info][gc,cpu         ] GC(64) User=3.63s Sys=0.00s Real=0.13s
[32.754s][info][gc,start       ] GC(65) Pause Young (Allocation Failure)
[32.761s][info][gc,heap        ] GC(65) PSYoungGen: 832512K(857088K)->1152K(808960K) Eden: 832512K(832512K)->0K(807424K) From: 0K(24576K)->1152K(1536K)
[32.762s][info][gc,heap        ] GC(65) ParOldGen: 175504K(1398272K)->175512K(1398272K)
[32.762s][info][gc,metaspace   ] GC(65) Metaspace: 60006K(60864K)->60006K(60864K) NonClass: 52455K(52928K)->52455K(52928K) Class: 7550K(7936K)->7550K(7936K)
[32.762s][info][gc             ] GC(65) Pause Young (Allocation Failure) 984M->172M(2155M) 7.468ms
[32.762s][info][gc,cpu         ] GC(65) User=0.00s Sys=0.02s Real=0.02s
[33.034s][info][gc,start       ] GC(66) Pause Young (Allocation Failure)
[33.036s][info][gc,heap        ] GC(66) PSYoungGen: 808576K(808960K)->736K(804352K) Eden: 807424K(807424K)->0K(783360K) From: 1152K(1536K)->736K(20992K)
[33.036s][info][gc,heap        ] GC(66) ParOldGen: 175512K(1398272K)->175965K(1398272K)
[33.036s][info][gc,metaspace   ] GC(66) Metaspace: 60006K(60864K)->60006K(60864K) NonClass: 52455K(52928K)->52455K(52928K) Class: 7550K(7936K)->7550K(7936K)
[33.036s][info][gc             ] GC(66) Pause Young (Allocation Failure) 961M->172M(2151M) 2.001ms
[33.036s][info][gc,cpu         ] GC(66) User=0.00s Sys=0.00s Real=0.00s
[33.200s][info][gc,start       ] GC(67) Pause Young (System.gc())
[33.208s][info][gc,heap        ] GC(67) PSYoungGen: 351859K(804352K)->1056K(784896K) Eden: 351123K(783360K)->0K(783360K) From: 736K(20992K)->1056K(1536K)
[33.208s][info][gc,heap        ] GC(67) ParOldGen: 175965K(1398272K)->176101K(1398272K)
[33.208s][info][gc,metaspace   ] GC(67) Metaspace: 60017K(60864K)->60017K(60864K) NonClass: 52466K(52928K)->52466K(52928K) Class: 7550K(7936K)->7550K(7936K)
[33.208s][info][gc             ] GC(67) Pause Young (System.gc()) 515M->173M(2132M) 7.978ms
[33.208s][info][gc,cpu         ] GC(67) User=0.00s Sys=0.00s Real=0.00s
[33.208s][info][gc,start       ] GC(68) Pause Full (System.gc())
[33.208s][info][gc,phases,start] GC(68) Marking Phase
[33.296s][info][gc,phases      ] GC(68) Marking Phase 88.433ms
[33.296s][info][gc,phases,start] GC(68) Summary Phase
[33.296s][info][gc,phases      ] GC(68) Summary Phase 0.018ms
[33.296s][info][gc,phases,start] GC(68) Adjust Roots
[33.305s][info][gc,phases      ] GC(68) Adjust Roots 8.503ms
[33.305s][info][gc,phases,start] GC(68) Compaction Phase
[33.332s][info][gc,phases      ] GC(68) Compaction Phase 27.206ms
[33.332s][info][gc,phases,start] GC(68) Post Compact
[33.334s][info][gc,phases      ] GC(68) Post Compact 1.389ms
[33.334s][info][gc,heap        ] GC(68) PSYoungGen: 1056K(784896K)->0K(784896K) Eden: 0K(783360K)->0K(783360K) From: 1056K(1536K)->0K(1536K)
[33.334s][info][gc,heap        ] GC(68) ParOldGen: 176101K(1398272K)->175534K(1398272K)
[33.334s][info][gc,metaspace   ] GC(68) Metaspace: 60017K(60864K)->60017K(60864K) NonClass: 52466K(52928K)->52466K(52928K) Class: 7550K(7936K)->7550K(7936K)
[33.334s][info][gc             ] GC(68) Pause Full (System.gc()) 173M->171M(2132M) 125.857ms
[33.334s][info][gc,cpu         ] GC(68) User=3.14s Sys=0.00s Real=0.13s
[33.667s][info][gc,start       ] GC(69) Pause Young (Allocation Failure)
[33.668s][info][gc,heap        ] GC(69) PSYoungGen: 783360K(784896K)->1184K(778240K) Eden: 783360K(783360K)->0K(760320K) From: 0K(1536K)->1184K(17920K)
[33.668s][info][gc,heap        ] GC(69) ParOldGen: 175534K(1398272K)->175542K(1398272K)
[33.668s][info][gc,metaspace   ] GC(69) Metaspace: 60037K(60928K)->60037K(60928K) NonClass: 52485K(52992K)->52485K(52992K) Class: 7551K(7936K)->7551K(7936K)
[33.668s][info][gc             ] GC(69) Pause Young (Allocation Failure) 936M->172M(2125M) 1.487ms
[33.668s][info][gc,cpu         ] GC(69) User=0.00s Sys=0.00s Real=0.00s
[33.920s][info][gc,start       ] GC(70) Pause Young (Allocation Failure)
[33.926s][info][gc,heap        ] GC(70) PSYoungGen: 761504K(778240K)->640K(739328K) Eden: 760320K(760320K)->0K(738304K) From: 1184K(17920K)->640K(1024K)
[33.926s][info][gc,heap        ] GC(70) ParOldGen: 175542K(1398272K)->175987K(1398272K)
[33.926s][info][gc,metaspace   ] GC(70) Metaspace: 60037K(60928K)->60037K(60928K) NonClass: 52485K(52992K)->52485K(52992K) Class: 7551K(7936K)->7551K(7936K)
[33.926s][info][gc             ] GC(70) Pause Young (Allocation Failure) 915M->172M(2087M) 6.125ms
[33.926s][info][gc,cpu         ] GC(70) User=0.00s Sys=0.02s Real=0.02s
[34.102s][info][gc,start       ] GC(71) Pause Young (System.gc())
[34.104s][info][gc,heap        ] GC(71) PSYoungGen: 448481K(739328K)->1056K(753664K) Eden: 447841K(738304K)->0K(738304K) From: 640K(1024K)->1056K(15360K)
[34.104s][info][gc,heap        ] GC(71) ParOldGen: 175987K(1398272K)->176115K(1398272K)
[34.104s][info][gc,metaspace   ] GC(71) Metaspace: 60052K(60992K)->60052K(60992K) NonClass: 52500K(53056K)->52500K(53056K) Class: 7551K(7936K)->7551K(7936K)
[34.104s][info][gc             ] GC(71) Pause Young (System.gc()) 609M->173M(2101M) 1.529ms
[34.104s][info][gc,cpu         ] GC(71) User=0.00s Sys=0.00s Real=0.00s
[34.104s][info][gc,start       ] GC(72) Pause Full (System.gc())
[34.104s][info][gc,phases,start] GC(72) Marking Phase
[34.191s][info][gc,phases      ] GC(72) Marking Phase 87.140ms
[34.191s][info][gc,phases,start] GC(72) Summary Phase
[34.191s][info][gc,phases      ] GC(72) Summary Phase 0.015ms
[34.191s][info][gc,phases,start] GC(72) Adjust Roots
[34.200s][info][gc,phases      ] GC(72) Adjust Roots 8.642ms
[34.200s][info][gc,phases,start] GC(72) Compaction Phase
[34.239s][info][gc,phases      ] GC(72) Compaction Phase 39.582ms
[34.239s][info][gc,phases,start] GC(72) Post Compact
[34.241s][info][gc,phases      ] GC(72) Post Compact 1.472ms
[34.241s][info][gc,heap        ] GC(72) PSYoungGen: 1056K(753664K)->0K(753664K) Eden: 0K(738304K)->0K(738304K) From: 1056K(15360K)->0K(15360K)
[34.241s][info][gc,heap        ] GC(72) ParOldGen: 176115K(1398272K)->175569K(1398272K)
[34.241s][info][gc,metaspace   ] GC(72) Metaspace: 60052K(60992K)->60052K(60992K) NonClass: 52500K(53056K)->52500K(53056K) Class: 7551K(7936K)->7551K(7936K)
[34.241s][info][gc             ] GC(72) Pause Full (System.gc()) 173M->171M(2101M) 137.156ms
[34.241s][info][gc,cpu         ] GC(72) User=2.67s Sys=0.00s Real=0.14s
[34.566s][info][gc,start       ] GC(73) Pause Young (Allocation Failure)
[34.570s][info][gc,heap        ] GC(73) PSYoungGen: 738304K(753664K)->1184K(718336K) Eden: 738304K(738304K)->0K(716800K) From: 0K(15360K)->1184K(1536K)
[34.570s][info][gc,heap        ] GC(73) ParOldGen: 175569K(1398272K)->175569K(1398272K)
[34.570s][info][gc,metaspace   ] GC(73) Metaspace: 60078K(60992K)->60078K(60992K) NonClass: 52526K(53056K)->52526K(53056K) Class: 7551K(7936K)->7551K(7936K)
[34.570s][info][gc             ] GC(73) Pause Young (Allocation Failure) 892M->172M(2067M) 4.370ms
[34.570s][info][gc,cpu         ] GC(73) User=0.00s Sys=0.00s Real=0.00s
[34.807s][info][gc,start       ] GC(74) Pause Young (Allocation Failure)
[34.809s][info][gc,heap        ] GC(74) PSYoungGen: 717984K(718336K)->768K(697344K) Eden: 716800K(716800K)->0K(696320K) From: 1184K(1536K)->768K(1024K)
[34.809s][info][gc,heap        ] GC(74) ParOldGen: 175569K(1398272K)->176006K(1398272K)
[34.809s][info][gc,metaspace   ] GC(74) Metaspace: 60078K(60992K)->60078K(60992K) NonClass: 52526K(53056K)->52526K(53056K) Class: 7551K(7936K)->7551K(7936K)
[34.809s][info][gc             ] GC(74) Pause Young (Allocation Failure) 872M->172M(2046M) 1.885ms
[34.809s][info][gc,cpu         ] GC(74) User=0.00s Sys=0.00s Real=0.00s
[35.014s][info][gc,start       ] GC(75) Pause Young (System.gc())
[35.018s][info][gc,heap        ] GC(75) PSYoungGen: 543665K(697344K)->1056K(697856K) Eden: 542897K(696320K)->0K(696320K) From: 768K(1024K)->1056K(1536K)
[35.018s][info][gc,heap        ] GC(75) ParOldGen: 176006K(1398272K)->176150K(1398272K)
[35.018s][info][gc,metaspace   ] GC(75) Metaspace: 60097K(60992K)->60097K(60992K) NonClass: 52545K(53056K)->52545K(53056K) Class: 7552K(7936K)->7552K(7936K)
[35.018s][info][gc             ] GC(75) Pause Young (System.gc()) 702M->173M(2047M) 4.364ms
[35.018s][info][gc,cpu         ] GC(75) User=0.00s Sys=0.00s Real=0.00s
[35.018s][info][gc,start       ] GC(76) Pause Full (System.gc())
[35.018s][info][gc,phases,start] GC(76) Marking Phase
[35.105s][info][gc,phases      ] GC(76) Marking Phase 86.810ms
[35.105s][info][gc,phases,start] GC(76) Summary Phase
[35.105s][info][gc,phases      ] GC(76) Summary Phase 0.014ms
[35.105s][info][gc,phases,start] GC(76) Adjust Roots
[35.113s][info][gc,phases      ] GC(76) Adjust Roots 7.380ms
[35.113s][info][gc,phases,start] GC(76) Compaction Phase
[35.150s][info][gc,phases      ] GC(76) Compaction Phase 36.944ms
[35.150s][info][gc,phases,start] GC(76) Post Compact
[35.151s][info][gc,phases      ] GC(76) Post Compact 1.663ms
[35.151s][info][gc,heap        ] GC(76) PSYoungGen: 1056K(697856K)->0K(697856K) Eden: 0K(696320K)->0K(696320K) From: 1056K(1536K)->0K(1536K)
[35.151s][info][gc,heap        ] GC(76) ParOldGen: 176150K(1398272K)->175612K(1398272K)
[35.151s][info][gc,metaspace   ] GC(76) Metaspace: 60097K(60992K)->60097K(60992K) NonClass: 52545K(53056K)->52545K(53056K) Class: 7552K(7936K)->7552K(7936K)
[35.151s][info][gc             ] GC(76) Pause Full (System.gc()) 173M->171M(2047M) 133.185ms
[35.152s][info][gc,cpu         ] GC(76) User=2.66s Sys=0.00s Real=0.13s
[35.457s][info][gc,start       ] GC(77) Pause Young (Allocation Failure)
[35.458s][info][gc,heap        ] GC(77) PSYoungGen: 696320K(697856K)->1152K(688128K) Eden: 696320K(696320K)->0K(676864K) From: 0K(1536K)->1152K(11264K)
[35.458s][info][gc,heap        ] GC(77) ParOldGen: 175612K(1398272K)->175620K(1398272K)
[35.458s][info][gc,metaspace   ] GC(77) Metaspace: 60117K(61056K)->60117K(61056K) NonClass: 52564K(53120K)->52564K(53120K) Class: 7552K(7936K)->7552K(7936K)
[35.458s][info][gc             ] GC(77) Pause Young (Allocation Failure) 851M->172M(2037M) 1.358ms
[35.458s][info][gc,cpu         ] GC(77) User=0.00s Sys=0.00s Real=0.00s
[35.679s][info][gc,start       ] GC(78) Pause Young (Allocation Failure)
[35.683s][info][gc,heap        ] GC(78) PSYoungGen: 678016K(688128K)->704K(658944K) Eden: 676864K(676864K)->0K(657920K) From: 1152K(11264K)->704K(1024K)
[35.683s][info][gc,heap        ] GC(78) ParOldGen: 175620K(1398272K)->176057K(1398272K)
[35.683s][info][gc,metaspace   ] GC(78) Metaspace: 60117K(61056K)->60117K(61056K) NonClass: 52564K(53120K)->52564K(53120K) Class: 7552K(7936K)->7552K(7936K)
[35.683s][info][gc             ] GC(78) Pause Young (Allocation Failure) 833M->172M(2009M) 3.789ms
[35.683s][info][gc,cpu         ] GC(78) User=0.00s Sys=0.00s Real=0.00s
[35.937s][info][gc,start       ] GC(79) Pause Young (System.gc())
[35.938s][info][gc,heap        ] GC(79) PSYoungGen: 621745K(658944K)->1056K(667648K) Eden: 621041K(657920K)->0K(657920K) From: 704K(1024K)->1056K(9728K)
[35.938s][info][gc,heap        ] GC(79) ParOldGen: 176057K(1398272K)->176209K(1398272K)
[35.938s][info][gc,metaspace   ] GC(79) Metaspace: 60146K(61056K)->60146K(61056K) NonClass: 52594K(53120K)->52594K(53120K) Class: 7552K(7936K)->7552K(7936K)
[35.938s][info][gc             ] GC(79) Pause Young (System.gc()) 779M->173M(2017M) 1.585ms
[35.939s][info][gc,cpu         ] GC(79) User=0.00s Sys=0.00s Real=0.00s
[35.939s][info][gc,start       ] GC(80) Pause Full (System.gc())
[35.939s][info][gc,phases,start] GC(80) Marking Phase
[36.026s][info][gc,phases      ] GC(80) Marking Phase 87.285ms
[36.026s][info][gc,phases,start] GC(80) Summary Phase
[36.026s][info][gc,phases      ] GC(80) Summary Phase 0.015ms
[36.026s][info][gc,phases,start] GC(80) Adjust Roots
[36.034s][info][gc,phases      ] GC(80) Adjust Roots 8.202ms
[36.034s][info][gc,phases,start] GC(80) Compaction Phase
[36.070s][info][gc,phases      ] GC(80) Compaction Phase 35.792ms
[36.070s][info][gc,phases,start] GC(80) Post Compact
[36.071s][info][gc,phases      ] GC(80) Post Compact 1.262ms
[36.072s][info][gc,heap        ] GC(80) PSYoungGen: 1056K(667648K)->0K(667648K) Eden: 0K(657920K)->0K(657920K) From: 1056K(9728K)->0K(9728K)
[36.072s][info][gc,heap        ] GC(80) ParOldGen: 176209K(1398272K)->175643K(1398272K)
[36.072s][info][gc,metaspace   ] GC(80) Metaspace: 60146K(61056K)->60146K(61056K) NonClass: 52594K(53120K)->52594K(53120K) Class: 7552K(7936K)->7552K(7936K)
[36.072s][info][gc             ] GC(80) Pause Full (System.gc()) 173M->171M(2017M) 132.818ms
[36.072s][info][gc,cpu         ] GC(80) User=2.64s Sys=0.00s Real=0.13s
[36.371s][info][gc,start       ] GC(81) Pause Young (Allocation Failure)
[36.374s][info][gc,heap        ] GC(81) PSYoungGen: 657920K(667648K)->1184K(641536K) Eden: 657920K(657920K)->0K(640000K) From: 0K(9728K)->1184K(1536K)
[36.374s][info][gc,heap        ] GC(81) ParOldGen: 175643K(1398272K)->175651K(1398272K)
[36.374s][info][gc,metaspace   ] GC(81) Metaspace: 60282K(61184K)->60282K(61184K) NonClass: 52728K(53248K)->52728K(53248K) Class: 7554K(7936K)->7554K(7936K)
[36.374s][info][gc             ] GC(81) Pause Young (Allocation Failure) 814M->172M(1992M) 3.199ms
[36.374s][info][gc,cpu         ] GC(81) User=0.00s Sys=0.00s Real=0.00s
[36.578s][info][gc,start       ] GC(82) Pause Young (Allocation Failure)
[36.579s][info][gc,heap        ] GC(82) PSYoungGen: 641184K(641536K)->800K(623616K) Eden: 640000K(640000K)->0K(622592K) From: 1184K(1536K)->800K(1024K)
[36.579s][info][gc,heap        ] GC(82) ParOldGen: 175651K(1398272K)->176081K(1398272K)
[36.579s][info][gc,metaspace   ] GC(82) Metaspace: 60282K(61184K)->60282K(61184K) NonClass: 52728K(53248K)->52728K(53248K) Class: 7554K(7936K)->7554K(7936K)
[36.579s][info][gc             ] GC(82) Pause Young (Allocation Failure) 797M->172M(1974M) 1.779ms
[36.580s][info][gc,cpu         ] GC(82) User=0.00s Sys=0.00s Real=0.00s
[36.795s][info][gc,start       ] GC(83) Pause Young (Allocation Failure)
[36.800s][info][gc,heap        ] GC(83) PSYoungGen: 623392K(623616K)->288K(606720K) Eden: 622592K(622592K)->0K(606208K) From: 800K(1024K)->288K(512K)
[36.800s][info][gc,heap        ] GC(83) ParOldGen: 176081K(1398272K)->176289K(1398272K)
[36.800s][info][gc,metaspace   ] GC(83) Metaspace: 60282K(61184K)->60282K(61184K) NonClass: 52728K(53248K)->52728K(53248K) Class: 7554K(7936K)->7554K(7936K)
[36.800s][info][gc             ] GC(83) Pause Young (Allocation Failure) 780M->172M(1958M) 4.683ms
[36.800s][info][gc,cpu         ] GC(83) User=0.00s Sys=0.00s Real=0.00s
[36.865s][info][gc,start       ] GC(84) Pause Young (System.gc())
[36.867s][info][gc,heap        ] GC(84) PSYoungGen: 71045K(606720K)->1056K(613376K) Eden: 70757K(606208K)->0K(606208K) From: 288K(512K)->1056K(7168K)
[36.867s][info][gc,heap        ] GC(84) ParOldGen: 176289K(1398272K)->176321K(1398272K)
[36.867s][info][gc,metaspace   ] GC(84) Metaspace: 60303K(61184K)->60303K(61184K) NonClass: 52748K(53248K)->52748K(53248K) Class: 7554K(7936K)->7554K(7936K)
[36.867s][info][gc             ] GC(84) Pause Young (System.gc()) 241M->173M(1964M) 1.195ms
[36.867s][info][gc,cpu         ] GC(84) User=0.00s Sys=0.02s Real=0.02s
[36.867s][info][gc,start       ] GC(85) Pause Full (System.gc())
[36.867s][info][gc,phases,start] GC(85) Marking Phase
[36.958s][info][gc,phases      ] GC(85) Marking Phase 90.899ms
[36.958s][info][gc,phases,start] GC(85) Summary Phase
[36.958s][info][gc,phases      ] GC(85) Summary Phase 0.017ms
[36.958s][info][gc,phases,start] GC(85) Adjust Roots
[36.967s][info][gc,phases      ] GC(85) Adjust Roots 8.814ms
[36.967s][info][gc,phases,start] GC(85) Compaction Phase
[37.003s][info][gc,phases      ] GC(85) Compaction Phase 35.945ms
[37.003s][info][gc,phases,start] GC(85) Post Compact
[37.004s][info][gc,phases      ] GC(85) Post Compact 1.675ms
[37.004s][info][gc,heap        ] GC(85) PSYoungGen: 1056K(613376K)->0K(613376K) Eden: 0K(606208K)->0K(606208K) From: 1056K(7168K)->0K(7168K)
[37.004s][info][gc,heap        ] GC(85) ParOldGen: 176321K(1398272K)->175675K(1398272K)
[37.004s][info][gc,metaspace   ] GC(85) Metaspace: 60303K(61184K)->60303K(61184K) NonClass: 52748K(53248K)->52748K(53248K) Class: 7554K(7936K)->7554K(7936K)
[37.005s][info][gc             ] GC(85) Pause Full (System.gc()) 173M->171M(1964M) 137.761ms
[37.005s][info][gc,cpu         ] GC(85) User=2.14s Sys=0.00s Real=0.13s
[37.276s][info][gc,start       ] GC(86) Pause Young (Allocation Failure)
[37.279s][info][gc,heap        ] GC(86) PSYoungGen: 606208K(613376K)->1152K(591872K) Eden: 606208K(606208K)->0K(590336K) From: 0K(7168K)->1152K(1536K)
[37.279s][info][gc,heap        ] GC(86) ParOldGen: 175675K(1398272K)->175683K(1398272K)
[37.279s][info][gc,metaspace   ] GC(86) Metaspace: 60351K(61248K)->60351K(61248K) NonClass: 52797K(53312K)->52797K(53312K) Class: 7554K(7936K)->7554K(7936K)
[37.279s][info][gc             ] GC(86) Pause Young (Allocation Failure) 763M->172M(1943M) 3.345ms
[37.279s][info][gc,cpu         ] GC(86) User=0.00s Sys=0.00s Real=0.00s
[37.466s][info][gc,start       ] GC(87) Pause Young (Allocation Failure)
[37.467s][info][gc,heap        ] GC(87) PSYoungGen: 591488K(591872K)->640K(576000K) Eden: 590336K(590336K)->0K(574976K) From: 1152K(1536K)->640K(1024K)
[37.468s][info][gc,heap        ] GC(87) ParOldGen: 175683K(1398272K)->176136K(1398272K)
[37.468s][info][gc,metaspace   ] GC(87) Metaspace: 60351K(61248K)->60351K(61248K) NonClass: 52797K(53312K)->52797K(53312K) Class: 7554K(7936K)->7554K(7936K)
[37.468s][info][gc             ] GC(87) Pause Young (Allocation Failure) 749M->172M(1928M) 2.027ms
[37.468s][info][gc,cpu         ] GC(87) User=0.00s Sys=0.02s Real=0.02s
[37.660s][info][gc,start       ] GC(88) Pause Young (Allocation Failure)
[37.662s][info][gc,heap        ] GC(88) PSYoungGen: 575616K(576000K)->224K(560640K) Eden: 574976K(574976K)->0K(560128K) From: 640K(1024K)->224K(512K)
[37.662s][info][gc,heap        ] GC(88) ParOldGen: 176136K(1398272K)->176328K(1398272K)
[37.662s][info][gc,metaspace   ] GC(88) Metaspace: 60351K(61248K)->60351K(61248K) NonClass: 52797K(53312K)->52797K(53312K) Class: 7554K(7936K)->7554K(7936K)
[37.662s][info][gc             ] GC(88) Pause Young (Allocation Failure) 734M->172M(1913M) 1.904ms
[37.662s][info][gc,cpu         ] GC(88) User=0.00s Sys=0.02s Real=0.02s
[37.789s][info][gc,start       ] GC(89) Pause Young (System.gc())
[37.790s][info][gc,heap        ] GC(89) PSYoungGen: 220491K(560640K)->1056K(565760K) Eden: 220267K(560128K)->0K(560128K) From: 224K(512K)->1056K(5632K)
[37.790s][info][gc,heap        ] GC(89) ParOldGen: 176328K(1398272K)->176352K(1398272K)
[37.790s][info][gc,metaspace   ] GC(89) Metaspace: 60378K(61248K)->60378K(61248K) NonClass: 52823K(53312K)->52823K(53312K) Class: 7554K(7936K)->7554K(7936K)
[37.790s][info][gc             ] GC(89) Pause Young (System.gc()) 387M->173M(1918M) 1.249ms
[37.790s][info][gc,cpu         ] GC(89) User=0.00s Sys=0.00s Real=0.00s
[37.790s][info][gc,start       ] GC(90) Pause Full (System.gc())
[37.790s][info][gc,phases,start] GC(90) Marking Phase
[37.875s][info][gc,phases      ] GC(90) Marking Phase 84.165ms
[37.875s][info][gc,phases,start] GC(90) Summary Phase
[37.875s][info][gc,phases      ] GC(90) Summary Phase 0.017ms
[37.875s][info][gc,phases,start] GC(90) Adjust Roots
[37.882s][info][gc,phases      ] GC(90) Adjust Roots 7.640ms
[37.882s][info][gc,phases,start] GC(90) Compaction Phase
[37.918s][info][gc,phases      ] GC(90) Compaction Phase 36.178ms
[37.919s][info][gc,phases,start] GC(90) Post Compact
[37.920s][info][gc,phases      ] GC(90) Post Compact 1.664ms
[37.920s][info][gc,heap        ] GC(90) PSYoungGen: 1056K(565760K)->0K(565760K) Eden: 0K(560128K)->0K(560128K) From: 1056K(5632K)->0K(5632K)
[37.920s][info][gc,heap        ] GC(90) ParOldGen: 176352K(1398272K)->175710K(1398272K)
[37.920s][info][gc,metaspace   ] GC(90) Metaspace: 60378K(61248K)->60378K(61248K) NonClass: 52823K(53312K)->52823K(53312K) Class: 7554K(7936K)->7554K(7936K)
[37.920s][info][gc             ] GC(90) Pause Full (System.gc()) 173M->171M(1918M) 130.051ms
[37.920s][info][gc,cpu         ] GC(90) User=2.14s Sys=0.00s Real=0.13s
[38.181s][info][gc,start       ] GC(91) Pause Young (Allocation Failure)
[38.184s][info][gc,heap        ] GC(91) PSYoungGen: 560128K(565760K)->1184K(547328K) Eden: 560128K(560128K)->0K(545792K) From: 0K(5632K)->1184K(1536K)
[38.184s][info][gc,heap        ] GC(91) ParOldGen: 175710K(1398272K)->175710K(1398272K)
[38.184s][info][gc,metaspace   ] GC(91) Metaspace: 60426K(61312K)->60426K(61312K) NonClass: 52872K(53376K)->52872K(53376K) Class: 7554K(7936K)->7554K(7936K)
[38.184s][info][gc             ] GC(91) Pause Young (Allocation Failure) 718M->172M(1900M) 2.330ms
[38.184s][info][gc,cpu         ] GC(91) User=0.00s Sys=0.00s Real=0.00s
[38.362s][info][gc,start       ] GC(92) Pause Young (Allocation Failure)
[38.363s][info][gc,heap        ] GC(92) PSYoungGen: 546976K(547328K)->608K(532992K) Eden: 545792K(545792K)->0K(531968K) From: 1184K(1536K)->608K(1024K)
[38.363s][info][gc,heap        ] GC(92) ParOldGen: 175710K(1398272K)->176131K(1398272K)
[38.363s][info][gc,metaspace   ] GC(92) Metaspace: 60426K(61312K)->60426K(61312K) NonClass: 52872K(53376K)->52872K(53376K) Class: 7554K(7936K)->7554K(7936K)
[38.363s][info][gc             ] GC(92) Pause Young (Allocation Failure) 705M->172M(1886M) 1.478ms
[38.363s][info][gc,cpu         ] GC(92) User=0.00s Sys=0.00s Real=0.00s
[38.548s][info][gc,start       ] GC(93) Pause Young (Allocation Failure)
[38.550s][info][gc,heap        ] GC(93) PSYoungGen: 532576K(532992K)->256K(519168K) Eden: 531968K(531968K)->0K(518656K) From: 608K(1024K)->256K(512K)
[38.550s][info][gc,heap        ] GC(93) ParOldGen: 176131K(1398272K)->176339K(1398272K)
[38.550s][info][gc,metaspace   ] GC(93) Metaspace: 60426K(61312K)->60426K(61312K) NonClass: 52872K(53376K)->52872K(53376K) Class: 7554K(7936K)->7554K(7936K)
[38.550s][info][gc             ] GC(93) Pause Young (Allocation Failure) 692M->172M(1872M) 1.578ms
[38.550s][info][gc,cpu         ] GC(93) User=0.00s Sys=0.00s Real=0.00s
[38.701s][info][gc,start       ] GC(94) Pause Young (System.gc())
[38.702s][info][gc,heap        ] GC(94) PSYoungGen: 357294K(519168K)->1056K(522752K) Eden: 357038K(518656K)->0K(518656K) From: 256K(512K)->1056K(4096K)
[38.702s][info][gc,heap        ] GC(94) ParOldGen: 176339K(1398272K)->176339K(1398272K)
[38.702s][info][gc,metaspace   ] GC(94) Metaspace: 60439K(61312K)->60439K(61312K) NonClass: 52884K(53376K)->52884K(53376K) Class: 7554K(7936K)->7554K(7936K)
[38.702s][info][gc             ] GC(94) Pause Young (System.gc()) 521M->173M(1876M) 1.273ms
[38.702s][info][gc,cpu         ] GC(94) User=0.00s Sys=0.00s Real=0.00s
[38.702s][info][gc,start       ] GC(95) Pause Full (System.gc())
[38.703s][info][gc,phases,start] GC(95) Marking Phase
[38.798s][info][gc,phases      ] GC(95) Marking Phase 95.441ms
[38.798s][info][gc,phases,start] GC(95) Summary Phase
[38.798s][info][gc,phases      ] GC(95) Summary Phase 0.017ms
[38.798s][info][gc,phases,start] GC(95) Adjust Roots
[38.807s][info][gc,phases      ] GC(95) Adjust Roots 8.516ms
[38.807s][info][gc,phases,start] GC(95) Compaction Phase
[38.843s][info][gc,phases      ] GC(95) Compaction Phase 36.834ms
[38.843s][info][gc,phases,start] GC(95) Post Compact
[38.845s][info][gc,phases      ] GC(95) Post Compact 1.625ms
[38.845s][info][gc,heap        ] GC(95) PSYoungGen: 1056K(522752K)->0K(522752K) Eden: 0K(518656K)->0K(518656K) From: 1056K(4096K)->0K(4096K)
[38.845s][info][gc,heap        ] GC(95) ParOldGen: 176339K(1398272K)->175740K(1398272K)
[38.845s][info][gc,metaspace   ] GC(95) Metaspace: 60439K(61312K)->60439K(61312K) NonClass: 52884K(53376K)->52884K(53376K) Class: 7554K(7936K)->7554K(7936K)
[38.845s][info][gc             ] GC(95) Pause Full (System.gc()) 173M->171M(1876M) 142.836ms
[38.845s][info][gc,cpu         ] GC(95) User=3.08s Sys=0.00s Real=0.14s
[39.091s][info][gc,start       ] GC(96) Pause Young (Allocation Failure)
[39.094s][info][gc,heap        ] GC(96) PSYoungGen: 518656K(522752K)->1152K(507392K) Eden: 518656K(518656K)->0K(505856K) From: 0K(4096K)->1152K(1536K)
[39.094s][info][gc,heap        ] GC(96) ParOldGen: 175740K(1398272K)->175740K(1398272K)
[39.094s][info][gc,metaspace   ] GC(96) Metaspace: 60447K(61312K)->60447K(61312K) NonClass: 52892K(53376K)->52892K(53376K) Class: 7554K(7936K)->7554K(7936K)
[39.094s][info][gc             ] GC(96) Pause Young (Allocation Failure) 678M->172M(1861M) 2.329ms
[39.094s][info][gc,cpu         ] GC(96) User=0.00s Sys=0.00s Real=0.00s
[39.257s][info][gc,start       ] GC(97) Pause Young (Allocation Failure)
[39.259s][info][gc,heap        ] GC(97) PSYoungGen: 507008K(507392K)->736K(494592K) Eden: 505856K(505856K)->0K(493568K) From: 1152K(1536K)->736K(1024K)
[39.259s][info][gc,heap        ] GC(97) ParOldGen: 175740K(1398272K)->176189K(1398272K)
[39.259s][info][gc,metaspace   ] GC(97) Metaspace: 60447K(61312K)->60447K(61312K) NonClass: 52892K(53376K)->52892K(53376K) Class: 7554K(7936K)->7554K(7936K)
[39.259s][info][gc             ] GC(97) Pause Young (Allocation Failure) 666M->172M(1848M) 1.762ms
[39.259s][info][gc,cpu         ] GC(97) User=0.00s Sys=0.00s Real=0.00s
[39.424s][info][gc,start       ] GC(98) Pause Young (Allocation Failure)
[39.427s][info][gc,heap        ] GC(98) PSYoungGen: 494304K(494592K)->320K(482304K) Eden: 493568K(493568K)->0K(481792K) From: 736K(1024K)->320K(512K)
[39.427s][info][gc,heap        ] GC(98) ParOldGen: 176189K(1398272K)->176405K(1398272K)
[39.427s][info][gc,metaspace   ] GC(98) Metaspace: 60447K(61312K)->60447K(61312K) NonClass: 52892K(53376K)->52892K(53376K) Class: 7554K(7936K)->7554K(7936K)
[39.427s][info][gc             ] GC(98) Pause Young (Allocation Failure) 654M->172M(1836M) 2.461ms
[39.427s][info][gc,cpu         ] GC(98) User=0.00s Sys=0.00s Real=0.00s
[39.615s][info][gc,start       ] GC(99) Pause Young (System.gc())
[39.616s][info][gc,heap        ] GC(99) PSYoungGen: 471108K(482304K)->1056K(485376K) Eden: 470788K(481792K)->0K(481792K) From: 320K(512K)->1056K(3584K)
[39.616s][info][gc,heap        ] GC(99) ParOldGen: 176405K(1398272K)->176413K(1398272K)
[39.616s][info][gc,metaspace   ] GC(99) Metaspace: 60481K(61312K)->60481K(61312K) NonClass: 52926K(53376K)->52926K(53376K) Class: 7554K(7936K)->7554K(7936K)
[39.616s][info][gc             ] GC(99) Pause Young (System.gc()) 632M->173M(1839M) 1.220ms
[39.616s][info][gc,cpu         ] GC(99) User=0.00s Sys=0.00s Real=0.00s
[39.616s][info][gc,start       ] GC(100) Pause Full (System.gc())
[39.616s][info][gc,phases,start] GC(100) Marking Phase
[39.703s][info][gc,phases      ] GC(100) Marking Phase 86.618ms
[39.703s][info][gc,phases,start] GC(100) Summary Phase
[39.703s][info][gc,phases      ] GC(100) Summary Phase 0.015ms
[39.703s][info][gc,phases,start] GC(100) Adjust Roots
[39.712s][info][gc,phases      ] GC(100) Adjust Roots 8.803ms
[39.712s][info][gc,phases,start] GC(100) Compaction Phase
[39.737s][info][gc,phases      ] GC(100) Compaction Phase 25.104ms
[39.737s][info][gc,phases,start] GC(100) Post Compact
[39.739s][info][gc,phases      ] GC(100) Post Compact 1.399ms
[39.739s][info][gc,heap        ] GC(100) PSYoungGen: 1056K(485376K)->0K(485376K) Eden: 0K(481792K)->0K(481792K) From: 1056K(3584K)->0K(3584K)
[39.739s][info][gc,heap        ] GC(100) ParOldGen: 176413K(1398272K)->175763K(1398272K)
[39.739s][info][gc,metaspace   ] GC(100) Metaspace: 60481K(61312K)->60481K(61312K) NonClass: 52926K(53376K)->52926K(53376K) Class: 7554K(7936K)->7554K(7936K)
[39.739s][info][gc             ] GC(100) Pause Full (System.gc()) 173M->171M(1839M) 122.298ms
[39.739s][info][gc,cpu         ] GC(100) User=3.14s Sys=0.00s Real=0.13s
[39.950s][info][gc,start       ] GC(101) Pause Young (Allocation Failure)
[39.952s][info][gc,heap        ] GC(101) PSYoungGen: 481792K(485376K)->1152K(472064K) Eden: 481792K(481792K)->0K(470528K) From: 0K(3584K)->1152K(1536K)
[39.952s][info][gc,heap        ] GC(101) ParOldGen: 175763K(1398272K)->175771K(1398272K)
[39.952s][info][gc,metaspace   ] GC(101) Metaspace: 60532K(61440K)->60532K(61440K) NonClass: 52974K(53504K)->52974K(53504K) Class: 7557K(7936K)->7557K(7936K)
[39.952s][info][gc             ] GC(101) Pause Young (Allocation Failure) 642M->172M(1826M) 1.972ms
[39.952s][info][gc,cpu         ] GC(101) User=0.00s Sys=0.00s Real=0.00s
[40.099s][info][gc,start       ] GC(102) Pause Young (Allocation Failure)
[40.100s][info][gc,heap        ] GC(102) PSYoungGen: 471680K(472064K)->672K(460800K) Eden: 470528K(470528K)->0K(459776K) From: 1152K(1536K)->672K(1024K)
[40.100s][info][gc,heap        ] GC(102) ParOldGen: 175771K(1398272K)->176208K(1398272K)
[40.100s][info][gc,metaspace   ] GC(102) Metaspace: 60532K(61440K)->60532K(61440K) NonClass: 52974K(53504K)->52974K(53504K) Class: 7557K(7936K)->7557K(7936K)
[40.100s][info][gc             ] GC(102) Pause Young (Allocation Failure) 632M->172M(1815M) 1.540ms
[40.101s][info][gc,cpu         ] GC(102) User=0.00s Sys=0.00s Real=0.00s
[40.253s][info][gc,start       ] GC(103) Pause Young (Allocation Failure)
[40.255s][info][gc,heap        ] GC(103) PSYoungGen: 460448K(460800K)->736K(450560K) Eden: 459776K(459776K)->0K(449536K) From: 672K(1024K)->736K(1024K)
[40.255s][info][gc,heap        ] GC(103) ParOldGen: 176208K(1398272K)->176352K(1398272K)
[40.255s][info][gc,metaspace   ] GC(103) Metaspace: 60532K(61440K)->60532K(61440K) NonClass: 52974K(53504K)->52974K(53504K) Class: 7557K(7936K)->7557K(7936K)
[40.255s][info][gc             ] GC(103) Pause Young (Allocation Failure) 621M->172M(1805M) 2.388ms
[40.255s][info][gc,cpu         ] GC(103) User=0.00s Sys=0.02s Real=0.02s
[40.404s][info][gc,start       ] GC(104) Pause Young (Allocation Failure)
[40.405s][info][gc,heap        ] GC(104) PSYoungGen: 450272K(450560K)->256K(439808K) Eden: 449536K(449536K)->0K(439296K) From: 736K(1024K)->256K(512K)
[40.405s][info][gc,heap        ] GC(104) ParOldGen: 176352K(1398272K)->176520K(1398272K)
[40.405s][info][gc,metaspace   ] GC(104) Metaspace: 60532K(61440K)->60532K(61440K) NonClass: 52974K(53504K)->52974K(53504K) Class: 7557K(7936K)->7557K(7936K)
[40.405s][info][gc             ] GC(104) Pause Young (Allocation Failure) 611M->172M(1795M) 1.228ms
[40.405s][info][gc,cpu         ] GC(104) User=0.00s Sys=0.00s Real=0.00s
[40.509s][info][gc,start       ] GC(105) Pause Young (System.gc())
[40.511s][info][gc,heap        ] GC(105) PSYoungGen: 133284K(439808K)->1056K(440832K) Eden: 133028K(439296K)->0K(439296K) From: 256K(512K)->1056K(1536K)
[40.511s][info][gc,heap        ] GC(105) ParOldGen: 176520K(1398272K)->176528K(1398272K)
[40.511s][info][gc,metaspace   ] GC(105) Metaspace: 60603K(61504K)->60603K(61504K) NonClass: 53045K(53568K)->53045K(53568K) Class: 7558K(7936K)->7558K(7936K)
[40.511s][info][gc             ] GC(105) Pause Young (System.gc()) 302M->173M(1796M) 1.890ms
[40.511s][info][gc,cpu         ] GC(105) User=0.00s Sys=0.00s Real=0.00s
[40.512s][info][gc,start       ] GC(106) Pause Full (System.gc())
[40.512s][info][gc,phases,start] GC(106) Marking Phase
[40.600s][info][gc,phases      ] GC(106) Marking Phase 87.932ms
[40.600s][info][gc,phases,start] GC(106) Summary Phase
[40.600s][info][gc,phases      ] GC(106) Summary Phase 0.017ms
[40.600s][info][gc,phases,start] GC(106) Adjust Roots
[40.608s][info][gc,phases      ] GC(106) Adjust Roots 8.828ms
[40.608s][info][gc,phases,start] GC(106) Compaction Phase
[40.651s][info][gc,phases      ] GC(106) Compaction Phase 42.192ms
[40.651s][info][gc,phases,start] GC(106) Post Compact
[40.653s][info][gc,phases      ] GC(106) Post Compact 2.082ms
[40.653s][info][gc,heap        ] GC(106) PSYoungGen: 1056K(440832K)->0K(440832K) Eden: 0K(439296K)->0K(439296K) From: 1056K(1536K)->0K(1536K)
[40.653s][info][gc,heap        ] GC(106) ParOldGen: 176528K(1398272K)->175797K(1398272K)
[40.653s][info][gc,metaspace   ] GC(106) Metaspace: 60603K(61504K)->60603K(61504K) NonClass: 53045K(53568K)->53045K(53568K) Class: 7558K(7936K)->7558K(7936K)
[40.653s][info][gc             ] GC(106) Pause Full (System.gc()) 173M->171M(1796M) 141.448ms
[40.653s][info][gc,cpu         ] GC(106) User=3.27s Sys=0.00s Real=0.14s
[40.866s][info][gc,start       ] GC(107) Pause Young (Allocation Failure)
[40.868s][info][gc,heap        ] GC(107) PSYoungGen: 439296K(440832K)->1184K(431104K) Eden: 439296K(439296K)->0K(429568K) From: 0K(1536K)->1184K(1536K)
[40.868s][info][gc,heap        ] GC(107) ParOldGen: 175797K(1398272K)->175797K(1398272K)
[40.868s][info][gc,metaspace   ] GC(107) Metaspace: 60607K(61504K)->60607K(61504K) NonClass: 53049K(53568K)->53049K(53568K) Class: 7558K(7936K)->7558K(7936K)
[40.868s][info][gc             ] GC(107) Pause Young (Allocation Failure) 600M->172M(1786M) 1.647ms
[40.868s][info][gc,cpu         ] GC(107) User=0.00s Sys=0.00s Real=0.00s
[41.013s][info][gc,start       ] GC(108) Pause Young (Allocation Failure)
[41.015s][info][gc,heap        ] GC(108) PSYoungGen: 430752K(431104K)->672K(421376K) Eden: 429568K(429568K)->0K(420352K) From: 1184K(1536K)->672K(1024K)
[41.015s][info][gc,heap        ] GC(108) ParOldGen: 175797K(1398272K)->176234K(1398272K)
[41.015s][info][gc,metaspace   ] GC(108) Metaspace: 60607K(61504K)->60607K(61504K) NonClass: 53049K(53568K)->53049K(53568K) Class: 7558K(7936K)->7558K(7936K)
[41.015s][info][gc             ] GC(108) Pause Young (Allocation Failure) 592M->172M(1777M) 1.773ms
[41.015s][info][gc,cpu         ] GC(108) User=0.00s Sys=0.00s Real=0.00s
[41.148s][info][gc,start       ] GC(109) Pause Young (Allocation Failure)
[41.149s][info][gc,heap        ] GC(109) PSYoungGen: 421024K(421376K)->448K(411648K) Eden: 420352K(420352K)->0K(411136K) From: 672K(1024K)->448K(512K)
[41.149s][info][gc,heap        ] GC(109) ParOldGen: 176234K(1398272K)->176442K(1398272K)
[41.149s][info][gc,metaspace   ] GC(109) Metaspace: 60607K(61504K)->60607K(61504K) NonClass: 53049K(53568K)->53049K(53568K) Class: 7558K(7936K)->7558K(7936K)
[41.149s][info][gc             ] GC(109) Pause Young (Allocation Failure) 583M->172M(1767M) 1.177ms
[41.149s][info][gc,cpu         ] GC(109) User=0.00s Sys=0.00s Real=0.00s
[41.287s][info][gc,start       ] GC(110) Pause Young (Allocation Failure)
[41.289s][info][gc,heap        ] GC(110) PSYoungGen: 411584K(411648K)->256K(402944K) Eden: 411136K(411136K)->0K(402432K) From: 448K(512K)->256K(512K)
[41.289s][info][gc,heap        ] GC(110) ParOldGen: 176442K(1398272K)->176442K(1398272K)
[41.289s][info][gc,metaspace   ] GC(110) Metaspace: 60607K(61504K)->60607K(61504K) NonClass: 53049K(53568K)->53049K(53568K) Class: 7558K(7936K)->7558K(7936K)
[41.289s][info][gc             ] GC(110) Pause Young (Allocation Failure) 574M->172M(1759M) 1.744ms
[41.289s][info][gc,cpu         ] GC(110) User=0.00s Sys=0.00s Real=0.00s
[41.405s][info][gc,start       ] GC(111) Pause Young (System.gc())
[41.407s][info][gc,heap        ] GC(111) PSYoungGen: 292137K(402944K)->1056K(404992K) Eden: 291881K(402432K)->0K(402432K) From: 256K(512K)->1056K(2560K)
[41.407s][info][gc,heap        ] GC(111) ParOldGen: 176442K(1398272K)->176450K(1398272K)
[41.407s][info][gc,metaspace   ] GC(111) Metaspace: 60609K(61504K)->60609K(61504K) NonClass: 53051K(53568K)->53051K(53568K) Class: 7558K(7936K)->7558K(7936K)
[41.407s][info][gc             ] GC(111) Pause Young (System.gc()) 457M->173M(1761M) 1.301ms
[41.407s][info][gc,cpu         ] GC(111) User=0.00s Sys=0.00s Real=0.00s
[41.407s][info][gc,start       ] GC(112) Pause Full (System.gc())
[41.407s][info][gc,phases,start] GC(112) Marking Phase
[41.496s][info][gc,phases      ] GC(112) Marking Phase 88.493ms
[41.496s][info][gc,phases,start] GC(112) Summary Phase
[41.496s][info][gc,phases      ] GC(112) Summary Phase 0.015ms
[41.496s][info][gc,phases,start] GC(112) Adjust Roots
[41.504s][info][gc,phases      ] GC(112) Adjust Roots 8.849ms
[41.504s][info][gc,phases,start] GC(112) Compaction Phase
[41.542s][info][gc,phases      ] GC(112) Compaction Phase 37.893ms
[41.542s][info][gc,phases,start] GC(112) Post Compact
[41.544s][info][gc,phases      ] GC(112) Post Compact 1.611ms
[41.544s][info][gc,heap        ] GC(112) PSYoungGen: 1056K(404992K)->0K(404992K) Eden: 0K(402432K)->0K(402432K) From: 1056K(2560K)->0K(2560K)
[41.544s][info][gc,heap        ] GC(112) ParOldGen: 176450K(1398272K)->175828K(1398272K)
[41.544s][info][gc,metaspace   ] GC(112) Metaspace: 60609K(61504K)->60609K(61504K) NonClass: 53051K(53568K)->53051K(53568K) Class: 7558K(7936K)->7558K(7936K)
[41.544s][info][gc             ] GC(112) Pause Full (System.gc()) 173M->171M(1761M) 137.274ms
[41.544s][info][gc,cpu         ] GC(112) User=3.28s Sys=0.00s Real=0.14s
[41.736s][info][gc,start       ] GC(113) Pause Young (Allocation Failure)
[41.738s][info][gc,heap        ] GC(113) PSYoungGen: 402432K(404992K)->1184K(395264K) Eden: 402432K(402432K)->0K(393728K) From: 0K(2560K)->1184K(1536K)
[41.738s][info][gc,heap        ] GC(113) ParOldGen: 175828K(1398272K)->175836K(1398272K)
[41.738s][info][gc,metaspace   ] GC(113) Metaspace: 60622K(61504K)->60622K(61504K) NonClass: 53064K(53568K)->53064K(53568K) Class: 7558K(7936K)->7558K(7936K)
[41.738s][info][gc             ] GC(113) Pause Young (Allocation Failure) 564M->172M(1751M) 1.833ms
[41.738s][info][gc,cpu         ] GC(113) User=0.00s Sys=0.00s Real=0.00s
[41.870s][info][gc,start       ] GC(114) Pause Young (Allocation Failure)
[41.872s][info][gc,heap        ] GC(114) PSYoungGen: 394912K(395264K)->768K(386560K) Eden: 393728K(393728K)->0K(385536K) From: 1184K(1536K)->768K(1024K)
[41.872s][info][gc,heap        ] GC(114) ParOldGen: 175836K(1398272K)->176265K(1398272K)
[41.872s][info][gc,metaspace   ] GC(114) Metaspace: 60623K(61504K)->60623K(61504K) NonClass: 53065K(53568K)->53065K(53568K) Class: 7558K(7936K)->7558K(7936K)
[41.872s][info][gc             ] GC(114) Pause Young (Allocation Failure) 557M->172M(1743M) 1.813ms
[41.872s][info][gc,cpu         ] GC(114) User=0.52s Sys=0.00s Real=0.02s
[42.004s][info][gc,start       ] GC(115) Pause Young (Allocation Failure)
[42.005s][info][gc,heap        ] GC(115) PSYoungGen: 386304K(386560K)->288K(378368K) Eden: 385536K(385536K)->0K(377856K) From: 768K(1024K)->288K(512K)
[42.005s][info][gc,heap        ] GC(115) ParOldGen: 176265K(1398272K)->176481K(1398272K)
[42.005s][info][gc,metaspace   ] GC(115) Metaspace: 60623K(61504K)->60623K(61504K) NonClass: 53065K(53568K)->53065K(53568K) Class: 7558K(7936K)->7558K(7936K)
[42.005s][info][gc             ] GC(115) Pause Young (Allocation Failure) 549M->172M(1735M) 1.321ms
[42.005s][info][gc,cpu         ] GC(115) User=0.00s Sys=0.00s Real=0.00s
[42.138s][info][gc,start       ] GC(116) Pause Young (Allocation Failure)
[42.139s][info][gc,heap        ] GC(116) PSYoungGen: 378144K(378368K)->416K(372224K) Eden: 377856K(377856K)->0K(370176K) From: 288K(512K)->416K(2048K)
[42.139s][info][gc,heap        ] GC(116) ParOldGen: 176481K(1398272K)->176489K(1398272K)
[42.139s][info][gc,metaspace   ] GC(116) Metaspace: 60623K(61504K)->60623K(61504K) NonClass: 53065K(53568K)->53065K(53568K) Class: 7558K(7936K)->7558K(7936K)
[42.139s][info][gc             ] GC(116) Pause Young (Allocation Failure) 541M->172M(1729M) 1.095ms
[42.139s][info][gc,cpu         ] GC(116) User=0.00s Sys=0.00s Real=0.00s
[42.272s][info][gc,start       ] GC(117) Pause Young (Allocation Failure)
[42.273s][info][gc,heap        ] GC(117) PSYoungGen: 370592K(372224K)->864K(364032K) Eden: 370176K(370176K)->0K(363008K) From: 416K(2048K)->864K(1024K)
[42.273s][info][gc,heap        ] GC(117) ParOldGen: 176489K(1398272K)->176489K(1398272K)
[42.273s][info][gc,metaspace   ] GC(117) Metaspace: 60623K(61504K)->60623K(61504K) NonClass: 53065K(53568K)->53065K(53568K) Class: 7558K(7936K)->7558K(7936K)
[42.273s][info][gc             ] GC(117) Pause Young (Allocation Failure) 534M->173M(1721M) 1.359ms
[42.273s][info][gc,cpu         ] GC(117) User=0.00s Sys=0.00s Real=0.00s
[42.346s][info][gc,start       ] GC(118) Pause Young (System.gc())
[42.347s][info][gc,heap        ] GC(118) PSYoungGen: 64031K(364032K)->1056K(364544K) Eden: 63167K(363008K)->0K(363008K) From: 864K(1024K)->1056K(1536K)
[42.347s][info][gc,heap        ] GC(118) ParOldGen: 176489K(1398272K)->176529K(1398272K)
[42.347s][info][gc,metaspace   ] GC(118) Metaspace: 60630K(61504K)->60630K(61504K) NonClass: 53072K(53568K)->53072K(53568K) Class: 7558K(7936K)->7558K(7936K)
[42.347s][info][gc             ] GC(118) Pause Young (System.gc()) 234M->173M(1721M) 1.426ms
[42.347s][info][gc,cpu         ] GC(118) User=0.00s Sys=0.00s Real=0.00s
[42.347s][info][gc,start       ] GC(119) Pause Full (System.gc())
[42.347s][info][gc,phases,start] GC(119) Marking Phase
[42.433s][info][gc,phases      ] GC(119) Marking Phase 85.491ms
[42.433s][info][gc,phases,start] GC(119) Summary Phase
[42.433s][info][gc,phases      ] GC(119) Summary Phase 0.015ms
[42.433s][info][gc,phases,start] GC(119) Adjust Roots
[42.443s][info][gc,phases      ] GC(119) Adjust Roots 10.339ms
[42.443s][info][gc,phases,start] GC(119) Compaction Phase
[42.484s][info][gc,phases      ] GC(119) Compaction Phase 41.001ms
[42.484s][info][gc,phases,start] GC(119) Post Compact
[42.486s][info][gc,phases      ] GC(119) Post Compact 1.626ms
[42.486s][info][gc,heap        ] GC(119) PSYoungGen: 1056K(364544K)->0K(364544K) Eden: 0K(363008K)->0K(363008K) From: 1056K(1536K)->0K(1536K)
[42.486s][info][gc,heap        ] GC(119) ParOldGen: 176529K(1398272K)->175859K(1398272K)
[42.486s][info][gc,metaspace   ] GC(119) Metaspace: 60630K(61504K)->60630K(61504K) NonClass: 53072K(53568K)->53072K(53568K) Class: 7558K(7936K)->7558K(7936K)
[42.486s][info][gc             ] GC(119) Pause Full (System.gc()) 173M->171M(1721M) 138.865ms
[42.486s][info][gc,cpu         ] GC(119) User=2.17s Sys=0.02s Real=0.14s
[42.664s][info][gc,start       ] GC(120) Pause Young (Allocation Failure)
[42.665s][info][gc,heap        ] GC(120) PSYoungGen: 363008K(364544K)->1184K(357376K) Eden: 363008K(363008K)->0K(355840K) From: 0K(1536K)->1184K(1536K)
[42.665s][info][gc,heap        ] GC(120) ParOldGen: 175859K(1398272K)->175867K(1398272K)
[42.665s][info][gc,metaspace   ] GC(120) Metaspace: 60653K(61568K)->60653K(61568K) NonClass: 53094K(53632K)->53094K(53632K) Class: 7558K(7936K)->7558K(7936K)
[42.665s][info][gc             ] GC(120) Pause Young (Allocation Failure) 526M->172M(1714M) 1.429ms
[42.666s][info][gc,cpu         ] GC(120) User=0.00s Sys=0.00s Real=0.00s
[42.778s][info][gc,start       ] GC(121) Pause Young (Allocation Failure)
[42.779s][info][gc,heap        ] GC(121) PSYoungGen: 357024K(357376K)->736K(349696K) Eden: 355840K(355840K)->0K(348672K) From: 1184K(1536K)->736K(1024K)
[42.779s][info][gc,heap        ] GC(121) ParOldGen: 175867K(1398272K)->176310K(1398272K)
[42.779s][info][gc,metaspace   ] GC(121) Metaspace: 60653K(61568K)->60653K(61568K) NonClass: 53095K(53632K)->53095K(53632K) Class: 7558K(7936K)->7558K(7936K)
[42.779s][info][gc             ] GC(121) Pause Young (Allocation Failure) 520M->172M(1707M) 1.569ms
[42.779s][info][gc,cpu         ] GC(121) User=0.00s Sys=0.00s Real=0.00s
[42.888s][info][gc,start       ] GC(122) Pause Young (Allocation Failure)
[42.890s][info][gc,heap        ] GC(122) PSYoungGen: 349408K(349696K)->192K(342528K) Eden: 348672K(348672K)->0K(342016K) From: 736K(1024K)->192K(512K)
[42.890s][info][gc,heap        ] GC(122) ParOldGen: 176310K(1398272K)->176534K(1398272K)
[42.890s][info][gc,metaspace   ] GC(122) Metaspace: 60653K(61568K)->60653K(61568K) NonClass: 53095K(53632K)->53095K(53632K) Class: 7558K(7936K)->7558K(7936K)
[42.890s][info][gc             ] GC(122) Pause Young (Allocation Failure) 513M->172M(1700M) 2.263ms
[42.890s][info][gc,cpu         ] GC(122) User=0.00s Sys=0.02s Real=0.01s
[43.013s][info][gc,start       ] GC(123) Pause Young (Allocation Failure)
[43.014s][info][gc,heap        ] GC(123) PSYoungGen: 342208K(342528K)->416K(337408K) Eden: 342016K(342016K)->0K(335360K) From: 192K(512K)->416K(2048K)
[43.015s][info][gc,heap        ] GC(123) ParOldGen: 176534K(1398272K)->176542K(1398272K)
[43.015s][info][gc,metaspace   ] GC(123) Metaspace: 60653K(61568K)->60653K(61568K) NonClass: 53095K(53632K)->53095K(53632K) Class: 7558K(7936K)->7558K(7936K)
[43.015s][info][gc             ] GC(123) Pause Young (Allocation Failure) 506M->172M(1695M) 1.122ms
[43.015s][info][gc,cpu         ] GC(123) User=0.00s Sys=0.00s Real=0.00s
[43.136s][info][gc,start       ] GC(124) Pause Young (Allocation Failure)
[43.138s][info][gc,heap        ] GC(124) PSYoungGen: 335776K(337408K)->352K(329728K) Eden: 335360K(335360K)->0K(329216K) From: 416K(2048K)->352K(512K)
[43.138s][info][gc,heap        ] GC(124) ParOldGen: 176542K(1398272K)->176542K(1398272K)
[43.138s][info][gc,metaspace   ] GC(124) Metaspace: 60653K(61568K)->60653K(61568K) NonClass: 53095K(53632K)->53095K(53632K) Class: 7558K(7936K)->7558K(7936K)
[43.138s][info][gc             ] GC(124) Pause Young (Allocation Failure) 500M->172M(1687M) 1.624ms
[43.138s][info][gc,cpu         ] GC(124) User=0.00s Sys=0.00s Real=0.00s
[43.248s][info][gc,start       ] GC(125) Pause Young (System.gc())
[43.249s][info][gc,heap        ] GC(125) PSYoungGen: 246826K(329728K)->1056K(331264K) Eden: 246474K(329216K)->0K(329216K) From: 352K(512K)->1056K(2048K)
[43.249s][info][gc,heap        ] GC(125) ParOldGen: 176542K(1398272K)->176566K(1398272K)
[43.249s][info][gc,metaspace   ] GC(125) Metaspace: 60668K(61568K)->60668K(61568K) NonClass: 53110K(53632K)->53110K(53632K) Class: 7558K(7936K)->7558K(7936K)
[43.249s][info][gc             ] GC(125) Pause Young (System.gc()) 413M->173M(1689M) 1.258ms
[43.249s][info][gc,cpu         ] GC(125) User=0.00s Sys=0.00s Real=0.00s
[43.249s][info][gc,start       ] GC(126) Pause Full (System.gc())
[43.249s][info][gc,phases,start] GC(126) Marking Phase
[43.338s][info][gc,phases      ] GC(126) Marking Phase 88.866ms
[43.338s][info][gc,phases,start] GC(126) Summary Phase
[43.338s][info][gc,phases      ] GC(126) Summary Phase 0.023ms
[43.338s][info][gc,phases,start] GC(126) Adjust Roots
[43.348s][info][gc,phases      ] GC(126) Adjust Roots 9.202ms
[43.348s][info][gc,phases,start] GC(126) Compaction Phase
[43.379s][info][gc,phases      ] GC(126) Compaction Phase 31.468ms
[43.379s][info][gc,phases,start] GC(126) Post Compact
[43.381s][info][gc,phases      ] GC(126) Post Compact 1.542ms
[43.381s][info][gc,heap        ] GC(126) PSYoungGen: 1056K(331264K)->0K(331264K) Eden: 0K(329216K)->0K(329216K) From: 1056K(2048K)->0K(2048K)
[43.381s][info][gc,heap        ] GC(126) ParOldGen: 176566K(1398272K)->175893K(1398272K)
[43.381s][info][gc,metaspace   ] GC(126) Metaspace: 60668K(61568K)->60668K(61568K) NonClass: 53110K(53632K)->53110K(53632K) Class: 7558K(7936K)->7558K(7936K)
[43.381s][info][gc             ] GC(126) Pause Full (System.gc()) 173M->171M(1689M) 131.447ms
[43.381s][info][gc,cpu         ] GC(126) User=3.03s Sys=0.00s Real=0.13s
[43.558s][info][gc,start       ] GC(127) Pause Young (Allocation Failure)
[43.560s][info][gc,heap        ] GC(127) PSYoungGen: 329216K(331264K)->1184K(324608K) Eden: 329216K(329216K)->0K(323072K) From: 0K(2048K)->1184K(1536K)
[43.560s][info][gc,heap        ] GC(127) ParOldGen: 175893K(1398272K)->175901K(1398272K)
[43.560s][info][gc,metaspace   ] GC(127) Metaspace: 60695K(61568K)->60695K(61568K) NonClass: 53137K(53632K)->53137K(53632K) Class: 7558K(7936K)->7558K(7936K)
[43.560s][info][gc             ] GC(127) Pause Young (Allocation Failure) 493M->172M(1682M) 1.589ms
[43.560s][info][gc,cpu         ] GC(127) User=0.00s Sys=0.00s Real=0.00s
[43.664s][info][gc,start       ] GC(128) Pause Young (Allocation Failure)
[43.665s][info][gc,heap        ] GC(128) PSYoungGen: 324256K(324608K)->800K(317952K) Eden: 323072K(323072K)->0K(316928K) From: 1184K(1536K)->800K(1024K)
[43.665s][info][gc,heap        ] GC(128) ParOldGen: 175901K(1398272K)->176330K(1398272K)
[43.665s][info][gc,metaspace   ] GC(128) Metaspace: 60695K(61568K)->60695K(61568K) NonClass: 53137K(53632K)->53137K(53632K) Class: 7558K(7936K)->7558K(7936K)
[43.665s][info][gc             ] GC(128) Pause Young (Allocation Failure) 488M->172M(1676M) 1.526ms
[43.665s][info][gc,cpu         ] GC(128) User=0.00s Sys=0.00s Real=0.00s
[43.773s][info][gc,start       ] GC(129) Pause Young (Allocation Failure)
[43.774s][info][gc,heap        ] GC(129) PSYoungGen: 317728K(317952K)->224K(311808K) Eden: 316928K(316928K)->0K(311296K) From: 800K(1024K)->224K(512K)
[43.774s][info][gc,heap        ] GC(129) ParOldGen: 176330K(1398272K)->176490K(1398272K)
[43.774s][info][gc,metaspace   ] GC(129) Metaspace: 60695K(61568K)->60695K(61568K) NonClass: 53137K(53632K)->53137K(53632K) Class: 7558K(7936K)->7558K(7936K)
[43.774s][info][gc             ] GC(129) Pause Young (Allocation Failure) 482M->172M(1670M) 1.397ms
[43.774s][info][gc,cpu         ] GC(129) User=0.00s Sys=0.00s Real=0.00s
[43.879s][info][gc,start       ] GC(130) Pause Young (Allocation Failure)
[43.880s][info][gc,heap        ] GC(130) PSYoungGen: 311520K(311808K)->384K(307712K) Eden: 311296K(311296K)->0K(305664K) From: 224K(512K)->384K(2048K)
[43.880s][info][gc,heap        ] GC(130) ParOldGen: 176490K(1398272K)->176490K(1398272K)
[43.880s][info][gc,metaspace   ] GC(130) Metaspace: 60695K(61568K)->60695K(61568K) NonClass: 53137K(53632K)->53137K(53632K) Class: 7558K(7936K)->7558K(7936K)
[43.880s][info][gc             ] GC(130) Pause Young (Allocation Failure) 476M->172M(1666M) 1.065ms
[43.880s][info][gc,cpu         ] GC(130) User=0.00s Sys=0.00s Real=0.00s
[43.994s][info][gc,start       ] GC(131) Pause Young (Allocation Failure)
[43.995s][info][gc,heap        ] GC(131) PSYoungGen: 306048K(307712K)->384K(301056K) Eden: 305664K(305664K)->0K(300544K) From: 384K(2048K)->384K(512K)
[43.995s][info][gc,heap        ] GC(131) ParOldGen: 176490K(1398272K)->176498K(1398272K)
[43.995s][info][gc,metaspace   ] GC(131) Metaspace: 60695K(61568K)->60695K(61568K) NonClass: 53137K(53632K)->53137K(53632K) Class: 7558K(7936K)->7558K(7936K)
[43.995s][info][gc             ] GC(131) Pause Young (Allocation Failure) 471M->172M(1659M) 1.426ms
[43.995s][info][gc,cpu         ] GC(131) User=0.00s Sys=0.00s Real=0.00s
[44.106s][info][gc,start       ] GC(132) Pause Young (Allocation Failure)
[44.107s][info][gc,heap        ] GC(132) PSYoungGen: 300928K(301056K)->320K(297472K) Eden: 300544K(300544K)->0K(295424K) From: 384K(512K)->320K(2048K)
[44.107s][info][gc,heap        ] GC(132) ParOldGen: 176498K(1398272K)->176506K(1398272K)
[44.107s][info][gc,metaspace   ] GC(132) Metaspace: 60695K(61568K)->60695K(61568K) NonClass: 53137K(53632K)->53137K(53632K) Class: 7558K(7936K)->7558K(7936K)
[44.107s][info][gc             ] GC(132) Pause Young (Allocation Failure) 466M->172M(1656M) 1.126ms
[44.107s][info][gc,cpu         ] GC(132) User=0.00s Sys=0.00s Real=0.00s
[44.185s][info][gc,start       ] GC(133) Pause Young (System.gc())
[44.187s][info][gc,heap        ] GC(133) PSYoungGen: 98802K(297472K)->1056K(296960K) Eden: 98482K(295424K)->0K(295424K) From: 320K(2048K)->1056K(1536K)
[44.187s][info][gc,heap        ] GC(133) ParOldGen: 176506K(1398272K)->176530K(1398272K)
[44.187s][info][gc,metaspace   ] GC(133) Metaspace: 60703K(61568K)->60703K(61568K) NonClass: 53144K(53632K)->53144K(53632K) Class: 7558K(7936K)->7558K(7936K)
[44.187s][info][gc             ] GC(133) Pause Young (System.gc()) 268M->173M(1655M) 1.423ms
[44.187s][info][gc,cpu         ] GC(133) User=0.00s Sys=0.00s Real=0.00s
[44.187s][info][gc,start       ] GC(134) Pause Full (System.gc())
[44.187s][info][gc,phases,start] GC(134) Marking Phase
[44.273s][info][gc,phases      ] GC(134) Marking Phase 85.423ms
[44.273s][info][gc,phases,start] GC(134) Summary Phase
[44.273s][info][gc,phases      ] GC(134) Summary Phase 0.015ms
[44.273s][info][gc,phases,start] GC(134) Adjust Roots
[44.283s][info][gc,phases      ] GC(134) Adjust Roots 10.190ms
[44.283s][info][gc,phases,start] GC(134) Compaction Phase
[44.324s][info][gc,phases      ] GC(134) Compaction Phase 40.957ms
[44.324s][info][gc,phases,start] GC(134) Post Compact
[44.326s][info][gc,phases      ] GC(134) Post Compact 1.614ms
[44.326s][info][gc,heap        ] GC(134) PSYoungGen: 1056K(296960K)->0K(296960K) Eden: 0K(295424K)->0K(295424K) From: 1056K(1536K)->0K(1536K)
[44.326s][info][gc,heap        ] GC(134) ParOldGen: 176530K(1398272K)->175924K(1398272K)
[44.326s][info][gc,metaspace   ] GC(134) Metaspace: 60703K(61568K)->60703K(61568K) NonClass: 53144K(53632K)->53144K(53632K) Class: 7558K(7936K)->7558K(7936K)
[44.326s][info][gc             ] GC(134) Pause Full (System.gc()) 173M->171M(1655M) 138.624ms
[44.326s][info][gc,cpu         ] GC(134) User=3.64s Sys=0.00s Real=0.14s
[44.495s][info][gc,start       ] GC(135) Pause Young (Allocation Failure)
[44.496s][info][gc,heap        ] GC(135) PSYoungGen: 295424K(296960K)->1184K(291840K) Eden: 295424K(295424K)->0K(290304K) From: 0K(1536K)->1184K(1536K)
[44.496s][info][gc,heap        ] GC(135) ParOldGen: 175924K(1398272K)->175924K(1398272K)
[44.496s][info][gc,metaspace   ] GC(135) Metaspace: 60719K(61632K)->60719K(61632K) NonClass: 53161K(53696K)->53161K(53696K) Class: 7558K(7936K)->7558K(7936K)
[44.496s][info][gc             ] GC(135) Pause Young (Allocation Failure) 460M->172M(1650M) 1.384ms
[44.496s][info][gc,cpu         ] GC(135) User=0.00s Sys=0.00s Real=0.00s
[44.599s][info][gc,start       ] GC(136) Pause Young (Allocation Failure)
[44.600s][info][gc,heap        ] GC(136) PSYoungGen: 291488K(291840K)->672K(286208K) Eden: 290304K(290304K)->0K(285184K) From: 1184K(1536K)->672K(1024K)
[44.600s][info][gc,heap        ] GC(136) ParOldGen: 175924K(1398272K)->176362K(1398272K)
[44.600s][info][gc,metaspace   ] GC(136) Metaspace: 60720K(61632K)->60720K(61632K) NonClass: 53161K(53696K)->53161K(53696K) Class: 7558K(7936K)->7558K(7936K)
[44.600s][info][gc             ] GC(136) Pause Young (Allocation Failure) 456M->172M(1645M) 1.386ms
[44.600s][info][gc,cpu         ] GC(136) User=0.00s Sys=0.00s Real=0.00s
[44.703s][info][gc,start       ] GC(137) Pause Young (Allocation Failure)
[44.704s][info][gc,heap        ] GC(137) PSYoungGen: 285856K(286208K)->320K(281088K) Eden: 285184K(285184K)->0K(280576K) From: 672K(1024K)->320K(512K)
[44.704s][info][gc,heap        ] GC(137) ParOldGen: 176362K(1398272K)->176514K(1398272K)
[44.704s][info][gc,metaspace   ] GC(137) Metaspace: 60720K(61632K)->60720K(61632K) NonClass: 53161K(53696K)->53161K(53696K) Class: 7558K(7936K)->7558K(7936K)
[44.704s][info][gc             ] GC(137) Pause Young (Allocation Failure) 451M->172M(1640M) 1.139ms
[44.704s][info][gc,cpu         ] GC(137) User=0.00s Sys=0.00s Real=0.00s
[44.804s][info][gc,start       ] GC(138) Pause Young (Allocation Failure)
[44.806s][info][gc,heap        ] GC(138) PSYoungGen: 280896K(281088K)->352K(276480K) Eden: 280576K(280576K)->0K(275968K) From: 320K(512K)->352K(512K)
[44.806s][info][gc,heap        ] GC(138) ParOldGen: 176514K(1398272K)->176522K(1398272K)
[44.806s][info][gc,metaspace   ] GC(138) Metaspace: 60720K(61632K)->60720K(61632K) NonClass: 53161K(53696K)->53161K(53696K) Class: 7558K(7936K)->7558K(7936K)
[44.806s][info][gc             ] GC(138) Pause Young (Allocation Failure) 446M->172M(1635M) 1.342ms
[44.806s][info][gc,cpu         ] GC(138) User=0.00s Sys=0.00s Real=0.00s
[44.912s][info][gc,start       ] GC(139) Pause Young (Allocation Failure)
[44.913s][info][gc,heap        ] GC(139) PSYoungGen: 276320K(276480K)->416K(273408K) Eden: 275968K(275968K)->0K(271360K) From: 352K(512K)->416K(2048K)
[44.913s][info][gc,heap        ] GC(139) ParOldGen: 176522K(1398272K)->176522K(1398272K)
[44.913s][info][gc,metaspace   ] GC(139) Metaspace: 60720K(61632K)->60720K(61632K) NonClass: 53161K(53696K)->53161K(53696K) Class: 7558K(7936K)->7558K(7936K)
[44.913s][info][gc             ] GC(139) Pause Young (Allocation Failure) 442M->172M(1632M) 0.956ms
[44.913s][info][gc,cpu         ] GC(139) User=0.00s Sys=0.00s Real=0.00s
[45.017s][info][gc,start       ] GC(140) Pause Young (Allocation Failure)
[45.019s][info][gc,heap        ] GC(140) PSYoungGen: 271776K(273408K)->320K(267264K) Eden: 271360K(271360K)->0K(266752K) From: 416K(2048K)->320K(512K)
[45.019s][info][gc,heap        ] GC(140) ParOldGen: 176522K(1398272K)->176530K(1398272K)
[45.019s][info][gc,metaspace   ] GC(140) Metaspace: 60720K(61632K)->60720K(61632K) NonClass: 53161K(53696K)->53161K(53696K) Class: 7558K(7936K)->7558K(7936K)
[45.019s][info][gc             ] GC(140) Pause Young (Allocation Failure) 437M->172M(1626M) 1.785ms
[45.019s][info][gc,cpu         ] GC(140) User=0.00s Sys=0.00s Real=0.00s
[45.140s][info][gc,start       ] GC(141) Pause Young (Allocation Failure)
[45.141s][info][gc,heap        ] GC(141) PSYoungGen: 267072K(267264K)->1056K(264192K) Eden: 266752K(266752K)->0K(262656K) From: 320K(512K)->1056K(1536K)
[45.141s][info][gc,heap        ] GC(141) ParOldGen: 176530K(1398272K)->176538K(1398272K)
[45.141s][info][gc,metaspace   ] GC(141) Metaspace: 60720K(61632K)->60720K(61632K) NonClass: 53161K(53696K)->53161K(53696K) Class: 7558K(7936K)->7558K(7936K)
[45.141s][info][gc             ] GC(141) Pause Young (Allocation Failure) 433M->173M(1623M) 1.097ms
[45.141s][info][gc,cpu         ] GC(141) User=0.00s Sys=0.00s Real=0.00s
[45.186s][info][gc,start       ] GC(142) Pause Young (System.gc())
[45.187s][info][gc,heap        ] GC(142) PSYoungGen: 25145K(264192K)->1024K(263680K) Eden: 24089K(262656K)->0K(262656K) From: 1056K(1536K)->1024K(1024K)
[45.187s][info][gc,heap        ] GC(142) ParOldGen: 176538K(1398272K)->176762K(1398272K)
[45.187s][info][gc,metaspace   ] GC(142) Metaspace: 60732K(61632K)->60732K(61632K) NonClass: 53173K(53696K)->53173K(53696K) Class: 7558K(7936K)->7558K(7936K)
[45.188s][info][gc             ] GC(142) Pause Young (System.gc()) 196M->173M(1623M) 1.732ms
[45.188s][info][gc,cpu         ] GC(142) User=0.22s Sys=0.02s Real=0.02s
[45.188s][info][gc,start       ] GC(143) Pause Full (System.gc())
[45.188s][info][gc,phases,start] GC(143) Marking Phase
[45.283s][info][gc,phases      ] GC(143) Marking Phase 95.245ms
[45.283s][info][gc,phases,start] GC(143) Summary Phase
[45.283s][info][gc,phases      ] GC(143) Summary Phase 0.015ms
[45.283s][info][gc,phases,start] GC(143) Adjust Roots
[45.292s][info][gc,phases      ] GC(143) Adjust Roots 9.091ms
[45.292s][info][gc,phases,start] GC(143) Compaction Phase
[45.331s][info][gc,phases      ] GC(143) Compaction Phase 39.041ms
[45.331s][info][gc,phases,start] GC(143) Post Compact
[45.333s][info][gc,phases      ] GC(143) Post Compact 1.417ms
[45.333s][info][gc,heap        ] GC(143) PSYoungGen: 1024K(263680K)->0K(263680K) Eden: 0K(262656K)->0K(262656K) From: 1024K(1024K)->0K(1024K)
[45.333s][info][gc,heap        ] GC(143) ParOldGen: 176762K(1398272K)->175958K(1398272K)
[45.333s][info][gc,metaspace   ] GC(143) Metaspace: 60732K(61632K)->60732K(61632K) NonClass: 53173K(53696K)->53173K(53696K) Class: 7558K(7936K)->7558K(7936K)
[45.333s][info][gc             ] GC(143) Pause Full (System.gc()) 173M->171M(1623M) 145.131ms
[45.333s][info][gc,cpu         ] GC(143) User=2.69s Sys=0.00s Real=0.13s
[45.483s][info][gc,start       ] GC(144) Pause Young (Allocation Failure)
[45.484s][info][gc,heap        ] GC(144) PSYoungGen: 262656K(263680K)->1184K(260096K) Eden: 262656K(262656K)->0K(258560K) From: 0K(1024K)->1184K(1536K)
[45.484s][info][gc,heap        ] GC(144) ParOldGen: 175958K(1398272K)->175966K(1398272K)
[45.484s][info][gc,metaspace   ] GC(144) Metaspace: 60786K(61696K)->60786K(61696K) NonClass: 53225K(53696K)->53225K(53696K) Class: 7560K(8000K)->7560K(8000K)
[45.484s][info][gc             ] GC(144) Pause Young (Allocation Failure) 428M->172M(1619M) 1.345ms
[45.484s][info][gc,cpu         ] GC(144) User=0.00s Sys=0.00s Real=0.00s
[45.570s][info][gc,start       ] GC(145) Pause Young (Allocation Failure)
[45.572s][info][gc,heap        ] GC(145) PSYoungGen: 259744K(260096K)->704K(255488K) Eden: 258560K(258560K)->0K(254464K) From: 1184K(1536K)->704K(1024K)
[45.572s][info][gc,heap        ] GC(145) ParOldGen: 175966K(1398272K)->176419K(1398272K)
[45.572s][info][gc,metaspace   ] GC(145) Metaspace: 60786K(61696K)->60786K(61696K) NonClass: 53225K(53696K)->53225K(53696K) Class: 7560K(8000K)->7560K(8000K)
[45.572s][info][gc             ] GC(145) Pause Young (Allocation Failure) 425M->172M(1615M) 1.418ms
[45.572s][info][gc,cpu         ] GC(145) User=0.00s Sys=0.00s Real=0.00s
[45.667s][info][gc,start       ] GC(146) Pause Young (Allocation Failure)
[45.668s][info][gc,heap        ] GC(146) PSYoungGen: 255168K(255488K)->256K(250880K) Eden: 254464K(254464K)->0K(250368K) From: 704K(1024K)->256K(512K)
[45.668s][info][gc,heap        ] GC(146) ParOldGen: 176419K(1398272K)->176571K(1398272K)
[45.668s][info][gc,metaspace   ] GC(146) Metaspace: 60786K(61696K)->60786K(61696K) NonClass: 53225K(53696K)->53225K(53696K) Class: 7560K(8000K)->7560K(8000K)
[45.668s][info][gc             ] GC(146) Pause Young (Allocation Failure) 421M->172M(1610M) 1.154ms
[45.668s][info][gc,cpu         ] GC(146) User=0.00s Sys=0.00s Real=0.00s
[45.773s][info][gc,start       ] GC(147) Pause Young (Allocation Failure)
[45.774s][info][gc,heap        ] GC(147) PSYoungGen: 250624K(250880K)->384K(247296K) Eden: 250368K(250368K)->0K(246784K) From: 256K(512K)->384K(512K)
[45.774s][info][gc,heap        ] GC(147) ParOldGen: 176571K(1398272K)->176571K(1398272K)
[45.774s][info][gc,metaspace   ] GC(147) Metaspace: 60786K(61696K)->60786K(61696K) NonClass: 53225K(53696K)->53225K(53696K) Class: 7560K(8000K)->7560K(8000K)
[45.774s][info][gc             ] GC(147) Pause Young (Allocation Failure) 417M->172M(1607M) 1.623ms
[45.774s][info][gc,cpu         ] GC(147) User=0.00s Sys=0.00s Real=0.00s
[45.860s][info][gc,start       ] GC(148) Pause Young (Allocation Failure)
[45.861s][info][gc,heap        ] GC(148) PSYoungGen: 247168K(247296K)->288K(245248K) Eden: 246784K(246784K)->0K(243200K) From: 384K(512K)->288K(2048K)
[45.861s][info][gc,heap        ] GC(148) ParOldGen: 176571K(1398272K)->176571K(1398272K)
[45.861s][info][gc,metaspace   ] GC(148) Metaspace: 60786K(61696K)->60786K(61696K) NonClass: 53225K(53696K)->53225K(53696K) Class: 7560K(8000K)->7560K(8000K)
[45.861s][info][gc             ] GC(148) Pause Young (Allocation Failure) 413M->172M(1605M) 1.090ms
[45.861s][info][gc,cpu         ] GC(148) User=0.00s Sys=0.00s Real=0.00s
[45.955s][info][gc,start       ] GC(149) Pause Young (Allocation Failure)
[45.957s][info][gc,heap        ] GC(149) PSYoungGen: 243488K(245248K)->384K(240128K) Eden: 243200K(243200K)->0K(239616K) From: 288K(2048K)->384K(512K)
[45.957s][info][gc,heap        ] GC(149) ParOldGen: 176571K(1398272K)->176571K(1398272K)
[45.957s][info][gc,metaspace   ] GC(149) Metaspace: 60786K(61696K)->60786K(61696K) NonClass: 53225K(53696K)->53225K(53696K) Class: 7560K(8000K)->7560K(8000K)
[45.957s][info][gc             ] GC(149) Pause Young (Allocation Failure) 410M->172M(1600M) 1.646ms
[45.957s][info][gc,cpu         ] GC(149) User=0.00s Sys=0.00s Real=0.00s
[46.042s][info][gc,start       ] GC(150) Pause Young (Allocation Failure)
[46.043s][info][gc,heap        ] GC(150) PSYoungGen: 240000K(240128K)->384K(237568K) Eden: 239616K(239616K)->0K(236032K) From: 384K(512K)->384K(1536K)
[46.043s][info][gc,heap        ] GC(150) ParOldGen: 176571K(1398272K)->176587K(1398272K)
[46.043s][info][gc,metaspace   ] GC(150) Metaspace: 60786K(61696K)->60786K(61696K) NonClass: 53225K(53696K)->53225K(53696K) Class: 7560K(8000K)->7560K(8000K)
[46.043s][info][gc             ] GC(150) Pause Young (Allocation Failure) 406M->172M(1597M) 0.996ms
[46.043s][info][gc,cpu         ] GC(150) User=0.00s Sys=0.00s Real=0.00s
[46.181s][info][gc,start       ] GC(151) Pause Young (System.gc())
[46.182s][info][gc,heap        ] GC(151) PSYoungGen: 230341K(237568K)->1056K(237568K) Eden: 229957K(236032K)->0K(236032K) From: 384K(1536K)->1056K(1536K)
[46.182s][info][gc,heap        ] GC(151) ParOldGen: 176587K(1398272K)->176611K(1398272K)
[46.182s][info][gc,metaspace   ] GC(151) Metaspace: 60831K(61760K)->60831K(61760K) NonClass: 53269K(53760K)->53269K(53760K) Class: 7561K(8000K)->7561K(8000K)
[46.182s][info][gc             ] GC(151) Pause Young (System.gc()) 397M->173M(1597M) 1.209ms
[46.182s][info][gc,cpu         ] GC(151) User=0.00s Sys=0.00s Real=0.00s
[46.182s][info][gc,start       ] GC(152) Pause Full (System.gc())
[46.182s][info][gc,phases,start] GC(152) Marking Phase
[46.270s][info][gc,phases      ] GC(152) Marking Phase 87.913ms
[46.270s][info][gc,phases,start] GC(152) Summary Phase
[46.270s][info][gc,phases      ] GC(152) Summary Phase 0.016ms
[46.270s][info][gc,phases,start] GC(152) Adjust Roots
[46.280s][info][gc,phases      ] GC(152) Adjust Roots 10.171ms
[46.280s][info][gc,phases,start] GC(152) Compaction Phase
[46.309s][info][gc,phases      ] GC(152) Compaction Phase 28.869ms
[46.309s][info][gc,phases,start] GC(152) Post Compact
[46.311s][info][gc,phases      ] GC(152) Post Compact 1.651ms
[46.311s][info][gc,heap        ] GC(152) PSYoungGen: 1056K(237568K)->0K(237568K) Eden: 0K(236032K)->0K(236032K) From: 1056K(1536K)->0K(1536K)
[46.311s][info][gc,heap        ] GC(152) ParOldGen: 176611K(1398272K)->175994K(1398272K)
[46.311s][info][gc,metaspace   ] GC(152) Metaspace: 60831K(61760K)->60831K(61760K) NonClass: 53269K(53760K)->53269K(53760K) Class: 7561K(8000K)->7561K(8000K)
[46.311s][info][gc             ] GC(152) Pause Full (System.gc()) 173M->171M(1597M) 128.988ms
[46.311s][info][gc,cpu         ] GC(152) User=3.13s Sys=0.00s Real=0.13s
[46.461s][info][gc,start       ] GC(153) Pause Young (Allocation Failure)
[46.462s][info][gc,heap        ] GC(153) PSYoungGen: 236032K(237568K)->1184K(233984K) Eden: 236032K(236032K)->0K(232448K) From: 0K(1536K)->1184K(1536K)
[46.462s][info][gc,heap        ] GC(153) ParOldGen: 175994K(1398272K)->175994K(1398272K)
[46.462s][info][gc,metaspace   ] GC(153) Metaspace: 60853K(61760K)->60853K(61760K) NonClass: 53289K(53760K)->53289K(53760K) Class: 7563K(8000K)->7563K(8000K)
[46.462s][info][gc             ] GC(153) Pause Young (Allocation Failure) 402M->173M(1594M) 1.542ms
[46.462s][info][gc,cpu         ] GC(153) User=0.00s Sys=0.00s Real=0.00s
[46.538s][info][gc,start       ] GC(154) Pause Young (Allocation Failure)
[46.540s][info][gc,heap        ] GC(154) PSYoungGen: 233632K(233984K)->512K(229888K) Eden: 232448K(232448K)->0K(229376K) From: 1184K(1536K)->512K(512K)
[46.540s][info][gc,heap        ] GC(154) ParOldGen: 175994K(1398272K)->176440K(1398272K)
[46.540s][info][gc,metaspace   ] GC(154) Metaspace: 60853K(61760K)->60853K(61760K) NonClass: 53289K(53760K)->53289K(53760K) Class: 7563K(8000K)->7563K(8000K)
[46.540s][info][gc             ] GC(154) Pause Young (Allocation Failure) 400M->172M(1590M) 1.273ms
[46.540s][info][gc,cpu         ] GC(154) User=0.00s Sys=0.00s Real=0.00s
[46.622s][info][gc,start       ] GC(155) Pause Young (Allocation Failure)
[46.623s][info][gc,heap        ] GC(155) PSYoungGen: 229888K(229888K)->256K(228352K) Eden: 229376K(229376K)->0K(226304K) From: 512K(512K)->256K(2048K)
[46.623s][info][gc,heap        ] GC(155) ParOldGen: 176440K(1398272K)->176584K(1398272K)
[46.623s][info][gc,metaspace   ] GC(155) Metaspace: 60853K(61760K)->60853K(61760K) NonClass: 53289K(53760K)->53289K(53760K) Class: 7563K(8000K)->7563K(8000K)
[46.623s][info][gc             ] GC(155) Pause Young (Allocation Failure) 396M->172M(1588M) 0.937ms
[46.623s][info][gc,cpu         ] GC(155) User=0.00s Sys=0.00s Real=0.00s
[46.705s][info][gc,start       ] GC(156) Pause Young (Allocation Failure)
[46.706s][info][gc,heap        ] GC(156) PSYoungGen: 226560K(228352K)->384K(223744K) Eden: 226304K(226304K)->0K(223232K) From: 256K(2048K)->384K(512K)
[46.706s][info][gc,heap        ] GC(156) ParOldGen: 176584K(1398272K)->176584K(1398272K)
[46.706s][info][gc,metaspace   ] GC(156) Metaspace: 60853K(61760K)->60853K(61760K) NonClass: 53289K(53760K)->53289K(53760K) Class: 7563K(8000K)->7563K(8000K)
[46.706s][info][gc             ] GC(156) Pause Young (Allocation Failure) 393M->172M(1584M) 1.395ms
[46.706s][info][gc,cpu         ] GC(156) User=0.00s Sys=0.00s Real=0.00s
[46.794s][info][gc,start       ] GC(157) Pause Young (Allocation Failure)
[46.795s][info][gc,heap        ] GC(157) PSYoungGen: 223616K(223744K)->384K(222208K) Eden: 223232K(223232K)->0K(220160K) From: 384K(512K)->384K(2048K)
[46.795s][info][gc,heap        ] GC(157) ParOldGen: 176584K(1398272K)->176584K(1398272K)
[46.795s][info][gc,metaspace   ] GC(157) Metaspace: 60853K(61760K)->60853K(61760K) NonClass: 53289K(53760K)->53289K(53760K) Class: 7563K(8000K)->7563K(8000K)
[46.795s][info][gc             ] GC(157) Pause Young (Allocation Failure) 390M->172M(1582M) 1.000ms
[46.795s][info][gc,cpu         ] GC(157) User=0.00s Sys=0.00s Real=0.00s
[46.875s][info][gc,start       ] GC(158) Pause Young (Allocation Failure)
[46.876s][info][gc,heap        ] GC(158) PSYoungGen: 220544K(222208K)->256K(217600K) Eden: 220160K(220160K)->0K(217088K) From: 384K(2048K)->256K(512K)
[46.876s][info][gc,heap        ] GC(158) ParOldGen: 176584K(1398272K)->176592K(1398272K)
[46.876s][info][gc,metaspace   ] GC(158) Metaspace: 60853K(61760K)->60853K(61760K) NonClass: 53289K(53760K)->53289K(53760K) Class: 7563K(8000K)->7563K(8000K)
[46.876s][info][gc             ] GC(158) Pause Young (Allocation Failure) 387M->172M(1578M) 1.180ms
[46.876s][info][gc,cpu         ] GC(158) User=0.00s Sys=0.00s Real=0.00s
[46.963s][info][gc,start       ] GC(159) Pause Young (Allocation Failure)
[46.964s][info][gc,heap        ] GC(159) PSYoungGen: 217344K(217600K)->448K(215552K) Eden: 217088K(217088K)->0K(214016K) From: 256K(512K)->448K(1536K)
[46.964s][info][gc,heap        ] GC(159) ParOldGen: 176592K(1398272K)->176592K(1398272K)
[46.964s][info][gc,metaspace   ] GC(159) Metaspace: 60853K(61760K)->60853K(61760K) NonClass: 53289K(53760K)->53289K(53760K) Class: 7563K(8000K)->7563K(8000K)
[46.964s][info][gc             ] GC(159) Pause Young (Allocation Failure) 384M->172M(1576M) 1.010ms
[46.964s][info][gc,cpu         ] GC(159) User=0.00s Sys=0.00s Real=0.00s
[47.050s][info][gc,start       ] GC(160) Pause Young (Allocation Failure)
[47.051s][info][gc,heap        ] GC(160) PSYoungGen: 214464K(215552K)->352K(211456K) Eden: 214016K(214016K)->0K(210944K) From: 448K(1536K)->352K(512K)
[47.052s][info][gc,heap        ] GC(160) ParOldGen: 176592K(1398272K)->176616K(1398272K)
[47.052s][info][gc,metaspace   ] GC(160) Metaspace: 60853K(61760K)->60853K(61760K) NonClass: 53289K(53760K)->53289K(53760K) Class: 7563K(8000K)->7563K(8000K)
[47.052s][info][gc             ] GC(160) Pause Young (Allocation Failure) 381M->172M(1572M) 1.529ms
[47.052s][info][gc,cpu         ] GC(160) User=0.00s Sys=0.02s Real=0.02s
[47.147s][info][gc,start       ] GC(161) Pause Young (System.gc())
[47.148s][info][gc,heap        ] GC(161) PSYoungGen: 190952K(211456K)->1056K(212480K) Eden: 190600K(210944K)->0K(210944K) From: 352K(512K)->1056K(1536K)
[47.148s][info][gc,heap        ] GC(161) ParOldGen: 176616K(1398272K)->176632K(1398272K)
[47.148s][info][gc,metaspace   ] GC(161) Metaspace: 60865K(61824K)->60865K(61824K) NonClass: 53301K(53824K)->53301K(53824K) Class: 7563K(8000K)->7563K(8000K)
[47.148s][info][gc             ] GC(161) Pause Young (System.gc()) 358M->173M(1573M) 1.214ms
[47.148s][info][gc,cpu         ] GC(161) User=0.00s Sys=0.00s Real=0.00s
[47.149s][info][gc,start       ] GC(162) Pause Full (System.gc())
[47.149s][info][gc,phases,start] GC(162) Marking Phase
[47.242s][info][gc,phases      ] GC(162) Marking Phase 92.846ms
[47.242s][info][gc,phases,start] GC(162) Summary Phase
[47.242s][info][gc,phases      ] GC(162) Summary Phase 0.016ms
[47.242s][info][gc,phases,start] GC(162) Adjust Roots
[47.251s][info][gc,phases      ] GC(162) Adjust Roots 9.247ms
[47.251s][info][gc,phases,start] GC(162) Compaction Phase
[47.283s][info][gc,phases      ] GC(162) Compaction Phase 31.770ms
[47.283s][info][gc,phases,start] GC(162) Post Compact
[47.284s][info][gc,phases      ] GC(162) Post Compact 1.625ms
[47.284s][info][gc,heap        ] GC(162) PSYoungGen: 1056K(212480K)->0K(212480K) Eden: 0K(210944K)->0K(210944K) From: 1056K(1536K)->0K(1536K)
[47.284s][info][gc,heap        ] GC(162) ParOldGen: 176632K(1398272K)->176027K(1398272K)
[47.285s][info][gc,metaspace   ] GC(162) Metaspace: 60865K(61824K)->60865K(61824K) NonClass: 53301K(53824K)->53301K(53824K) Class: 7563K(8000K)->7563K(8000K)
[47.285s][info][gc             ] GC(162) Pause Full (System.gc()) 173M->171M(1573M) 135.926ms
[47.285s][info][gc,cpu         ] GC(162) User=3.13s Sys=0.00s Real=0.13s
[47.420s][info][gc,start       ] GC(163) Pause Young (Allocation Failure)
[47.421s][info][gc,heap        ] GC(163) PSYoungGen: 210944K(212480K)->1184K(209920K) Eden: 210944K(210944K)->0K(208384K) From: 0K(1536K)->1184K(1536K)
[47.421s][info][gc,heap        ] GC(163) ParOldGen: 176027K(1398272K)->176027K(1398272K)
[47.421s][info][gc,metaspace   ] GC(163) Metaspace: 60866K(61824K)->60866K(61824K) NonClass: 53302K(53824K)->53302K(53824K) Class: 7563K(8000K)->7563K(8000K)
[47.421s][info][gc             ] GC(163) Pause Young (Allocation Failure) 377M->173M(1570M) 1.447ms
[47.421s][info][gc,cpu         ] GC(163) User=0.00s Sys=0.00s Real=0.00s
[47.503s][info][gc,start       ] GC(164) Pause Young (Allocation Failure)
[47.504s][info][gc,heap        ] GC(164) PSYoungGen: 209568K(209920K)->704K(206848K) Eden: 208384K(208384K)->0K(205824K) From: 1184K(1536K)->704K(1024K)
[47.504s][info][gc,heap        ] GC(164) ParOldGen: 176027K(1398272K)->176491K(1398272K)
[47.504s][info][gc,metaspace   ] GC(164) Metaspace: 60866K(61824K)->60866K(61824K) NonClass: 53302K(53824K)->53302K(53824K) Class: 7563K(8000K)->7563K(8000K)
[47.504s][info][gc             ] GC(164) Pause Young (Allocation Failure) 376M->173M(1567M) 1.846ms
[47.504s][info][gc,cpu         ] GC(164) User=0.00s Sys=0.02s Real=0.02s
[47.581s][info][gc,start       ] GC(165) Pause Young (Allocation Failure)
[47.583s][info][gc,heap        ] GC(165) PSYoungGen: 206528K(206848K)->384K(203776K) Eden: 205824K(205824K)->0K(203264K) From: 704K(1024K)->384K(512K)
[47.583s][info][gc,heap        ] GC(165) ParOldGen: 176491K(1398272K)->176667K(1398272K)
[47.583s][info][gc,metaspace   ] GC(165) Metaspace: 60866K(61824K)->60866K(61824K) NonClass: 53302K(53824K)->53302K(53824K) Class: 7563K(8000K)->7563K(8000K)
[47.583s][info][gc             ] GC(165) Pause Young (Allocation Failure) 374M->172M(1564M) 1.755ms
[47.583s][info][gc,cpu         ] GC(165) User=0.00s Sys=0.02s Real=0.02s
[47.650s][info][gc,start       ] GC(166) Pause Young (Allocation Failure)
[47.651s][info][gc,heap        ] GC(166) PSYoungGen: 203648K(203776K)->352K(245760K) Eden: 203264K(203264K)->0K(244224K) From: 384K(512K)->352K(1536K)
[47.651s][info][gc,heap        ] GC(166) ParOldGen: 176667K(1398272K)->176667K(1398272K)
[47.651s][info][gc,metaspace   ] GC(166) Metaspace: 60866K(61824K)->60866K(61824K) NonClass: 53302K(53824K)->53302K(53824K) Class: 7563K(8000K)->7563K(8000K)
[47.651s][info][gc             ] GC(166) Pause Young (Allocation Failure) 371M->172M(1605M) 0.980ms
[47.651s][info][gc,cpu         ] GC(166) User=0.00s Sys=0.00s Real=0.00s
[47.739s][info][gc,start       ] GC(167) Pause Young (Allocation Failure)
[47.740s][info][gc,heap        ] GC(167) PSYoungGen: 244576K(245760K)->416K(241152K) Eden: 244224K(244224K)->0K(240640K) From: 352K(1536K)->416K(512K)
[47.740s][info][gc,heap        ] GC(167) ParOldGen: 176667K(1398272K)->176675K(1398272K)
[47.740s][info][gc,metaspace   ] GC(167) Metaspace: 60866K(61824K)->60866K(61824K) NonClass: 53302K(53824K)->53302K(53824K) Class: 7563K(8000K)->7563K(8000K)
[47.740s][info][gc             ] GC(167) Pause Young (Allocation Failure) 411M->172M(1601M) 1.524ms
[47.740s][info][gc,cpu         ] GC(167) User=0.00s Sys=0.00s Real=0.00s
[47.828s][info][gc,start       ] GC(168) Pause Young (Allocation Failure)
[47.829s][info][gc,heap        ] GC(168) PSYoungGen: 241056K(241152K)->352K(238592K) Eden: 240640K(240640K)->0K(237056K) From: 416K(512K)->352K(1536K)
[47.829s][info][gc,heap        ] GC(168) ParOldGen: 176675K(1398272K)->176675K(1398272K)
[47.829s][info][gc,metaspace   ] GC(168) Metaspace: 60866K(61824K)->60866K(61824K) NonClass: 53302K(53824K)->53302K(53824K) Class: 7563K(8000K)->7563K(8000K)
[47.829s][info][gc             ] GC(168) Pause Young (Allocation Failure) 407M->172M(1598M) 1.162ms
[47.829s][info][gc,cpu         ] GC(168) User=0.00s Sys=0.00s Real=0.00s
[47.913s][info][gc,start       ] GC(169) Pause Young (Allocation Failure)
[47.915s][info][gc,heap        ] GC(169) PSYoungGen: 237408K(238592K)->384K(233984K) Eden: 237056K(237056K)->0K(233472K) From: 352K(1536K)->384K(512K)
[47.915s][info][gc,heap        ] GC(169) ParOldGen: 176675K(1398272K)->176675K(1398272K)
[47.915s][info][gc,metaspace   ] GC(169) Metaspace: 60866K(61824K)->60866K(61824K) NonClass: 53302K(53824K)->53302K(53824K) Class: 7563K(8000K)->7563K(8000K)
[47.915s][info][gc             ] GC(169) Pause Young (Allocation Failure) 404M->172M(1594M) 1.755ms
[47.915s][info][gc,cpu         ] GC(169) User=0.00s Sys=0.00s Real=0.00s
[47.996s][info][gc,start       ] GC(170) Pause Young (Allocation Failure)
[47.997s][info][gc,heap        ] GC(170) PSYoungGen: 233856K(233984K)->352K(231424K) Eden: 233472K(233472K)->0K(229888K) From: 384K(512K)->352K(1536K)
[47.997s][info][gc,heap        ] GC(170) ParOldGen: 176675K(1398272K)->176691K(1398272K)
[47.997s][info][gc,metaspace   ] GC(170) Metaspace: 60866K(61824K)->60866K(61824K) NonClass: 53302K(53824K)->53302K(53824K) Class: 7563K(8000K)->7563K(8000K)
[47.997s][info][gc             ] GC(170) Pause Young (Allocation Failure) 400M->172M(1591M) 0.988ms
[47.997s][info][gc,cpu         ] GC(170) User=0.00s Sys=0.00s Real=0.00s
[48.104s][info][gc,start       ] GC(171) Pause Young (System.gc())
[48.105s][info][gc,heap        ] GC(171) PSYoungGen: 202441K(231424K)->1056K(231424K) Eden: 202089K(229888K)->0K(229888K) From: 352K(1536K)->1056K(1536K)
[48.105s][info][gc,heap        ] GC(171) ParOldGen: 176691K(1398272K)->176707K(1398272K)
[48.105s][info][gc,metaspace   ] GC(171) Metaspace: 60866K(61824K)->60866K(61824K) NonClass: 53302K(53824K)->53302K(53824K) Class: 7563K(8000K)->7563K(8000K)
[48.105s][info][gc             ] GC(171) Pause Young (System.gc()) 370M->173M(1591M) 1.221ms
[48.105s][info][gc,cpu         ] GC(171) User=0.00s Sys=0.00s Real=0.00s
[48.105s][info][gc,start       ] GC(172) Pause Full (System.gc())
[48.105s][info][gc,phases,start] GC(172) Marking Phase
[48.193s][info][gc,phases      ] GC(172) Marking Phase 87.423ms
[48.193s][info][gc,phases,start] GC(172) Summary Phase
[48.193s][info][gc,phases      ] GC(172) Summary Phase 0.017ms
[48.193s][info][gc,phases,start] GC(172) Adjust Roots
[48.202s][info][gc,phases      ] GC(172) Adjust Roots 9.323ms
[48.202s][info][gc,phases,start] GC(172) Compaction Phase
[48.243s][info][gc,phases      ] GC(172) Compaction Phase 40.651ms
[48.243s][info][gc,phases,start] GC(172) Post Compact
[48.245s][info][gc,phases      ] GC(172) Post Compact 1.631ms
[48.245s][info][gc,heap        ] GC(172) PSYoungGen: 1056K(231424K)->0K(231424K) Eden: 0K(229888K)->0K(229888K) From: 1056K(1536K)->0K(1536K)
[48.245s][info][gc,heap        ] GC(172) ParOldGen: 176707K(1398272K)->176056K(1398272K)
[48.245s][info][gc,metaspace   ] GC(172) Metaspace: 60866K(61824K)->60866K(61824K) NonClass: 53302K(53824K)->53302K(53824K) Class: 7563K(8000K)->7563K(8000K)
[48.245s][info][gc             ] GC(172) Pause Full (System.gc()) 173M->171M(1591M) 139.443ms
[48.245s][info][gc,cpu         ] GC(172) User=3.14s Sys=0.00s Real=0.14s
[48.397s][info][gc,start       ] GC(173) Pause Young (Allocation Failure)
[48.399s][info][gc,heap        ] GC(173) PSYoungGen: 229888K(231424K)->1152K(228352K) Eden: 229888K(229888K)->0K(226816K) From: 0K(1536K)->1152K(1536K)
[48.399s][info][gc,heap        ] GC(173) ParOldGen: 176056K(1398272K)->176056K(1398272K)
[48.399s][info][gc,metaspace   ] GC(173) Metaspace: 60885K(61824K)->60885K(61824K) NonClass: 53321K(53824K)->53321K(53824K) Class: 7563K(8000K)->7563K(8000K)
[48.399s][info][gc             ] GC(173) Pause Young (Allocation Failure) 396M->173M(1588M) 1.762ms
[48.399s][info][gc,cpu         ] GC(173) User=0.00s Sys=0.00s Real=0.00s
[48.478s][info][gc,start       ] GC(174) Pause Young (Allocation Failure)
[48.479s][info][gc,heap        ] GC(174) PSYoungGen: 227968K(228352K)->512K(224256K) Eden: 226816K(226816K)->0K(223744K) From: 1152K(1536K)->512K(512K)
[48.479s][info][gc,heap        ] GC(174) ParOldGen: 176056K(1398272K)->176502K(1398272K)
[48.479s][info][gc,metaspace   ] GC(174) Metaspace: 60885K(61824K)->60885K(61824K) NonClass: 53321K(53824K)->53321K(53824K) Class: 7563K(8000K)->7563K(8000K)
[48.479s][info][gc             ] GC(174) Pause Young (Allocation Failure) 394M->172M(1584M) 1.266ms
[48.479s][info][gc,cpu         ] GC(174) User=0.48s Sys=0.00s Real=0.02s
[48.557s][info][gc,start       ] GC(175) Pause Young (Allocation Failure)
[48.558s][info][gc,heap        ] GC(175) PSYoungGen: 224256K(224256K)->384K(222720K) Eden: 223744K(223744K)->0K(220672K) From: 512K(512K)->384K(2048K)
[48.558s][info][gc,heap        ] GC(175) ParOldGen: 176502K(1398272K)->176654K(1398272K)
[48.558s][info][gc,metaspace   ] GC(175) Metaspace: 60885K(61824K)->60885K(61824K) NonClass: 53321K(53824K)->53321K(53824K) Class: 7563K(8000K)->7563K(8000K)
[48.558s][info][gc             ] GC(175) Pause Young (Allocation Failure) 391M->172M(1583M) 1.094ms
[48.558s][info][gc,cpu         ] GC(175) User=0.00s Sys=0.00s Real=0.00s
[48.634s][info][gc,start       ] GC(176) Pause Young (Allocation Failure)
[48.636s][info][gc,heap        ] GC(176) PSYoungGen: 221056K(222720K)->320K(265728K) Eden: 220672K(220672K)->0K(265216K) From: 384K(2048K)->320K(512K)
[48.636s][info][gc,heap        ] GC(176) ParOldGen: 176654K(1398272K)->176654K(1398272K)
[48.636s][info][gc,metaspace   ] GC(176) Metaspace: 60885K(61824K)->60885K(61824K) NonClass: 53321K(53824K)->53321K(53824K) Class: 7563K(8000K)->7563K(8000K)
[48.636s][info][gc             ] GC(176) Pause Young (Allocation Failure) 388M->172M(1625M) 1.302ms
[48.636s][info][gc,cpu         ] GC(176) User=0.52s Sys=0.00s Real=0.02s
[48.726s][info][gc,start       ] GC(177) Pause Young (Allocation Failure)
[48.727s][info][gc,heap        ] GC(177) PSYoungGen: 265536K(265728K)->384K(262656K) Eden: 265216K(265216K)->0K(261120K) From: 320K(512K)->384K(1536K)
[48.727s][info][gc,heap        ] GC(177) ParOldGen: 176654K(1398272K)->176662K(1398272K)
[48.727s][info][gc,metaspace   ] GC(177) Metaspace: 60885K(61824K)->60885K(61824K) NonClass: 53321K(53824K)->53321K(53824K) Class: 7563K(8000K)->7563K(8000K)
[48.727s][info][gc             ] GC(177) Pause Young (Allocation Failure) 431M->172M(1622M) 1.021ms
[48.727s][info][gc,cpu         ] GC(177) User=0.00s Sys=0.00s Real=0.00s
[48.828s][info][gc,start       ] GC(178) Pause Young (Allocation Failure)
[48.830s][info][gc,heap        ] GC(178) PSYoungGen: 261504K(262656K)->320K(257536K) Eden: 261120K(261120K)->0K(257024K) From: 384K(1536K)->320K(512K)
[48.830s][info][gc,heap        ] GC(178) ParOldGen: 176662K(1398272K)->176662K(1398272K)
[48.830s][info][gc,metaspace   ] GC(178) Metaspace: 60885K(61824K)->60885K(61824K) NonClass: 53321K(53824K)->53321K(53824K) Class: 7563K(8000K)->7563K(8000K)
[48.830s][info][gc             ] GC(178) Pause Young (Allocation Failure) 427M->172M(1617M) 1.307ms
[48.830s][info][gc,cpu         ] GC(178) User=0.00s Sys=0.00s Real=0.00s
[48.919s][info][gc,start       ] GC(179) Pause Young (Allocation Failure)
[48.919s][info][gc,heap        ] GC(179) PSYoungGen: 257344K(257536K)->416K(254464K) Eden: 257024K(257024K)->0K(252928K) From: 320K(512K)->416K(1536K)
[48.920s][info][gc,heap        ] GC(179) ParOldGen: 176662K(1398272K)->176662K(1398272K)
[48.920s][info][gc,metaspace   ] GC(179) Metaspace: 60885K(61824K)->60885K(61824K) NonClass: 53321K(53824K)->53321K(53824K) Class: 7563K(8000K)->7563K(8000K)
[48.920s][info][gc             ] GC(179) Pause Young (Allocation Failure) 423M->172M(1614M) 0.969ms
[48.920s][info][gc,cpu         ] GC(179) User=0.00s Sys=0.00s Real=0.00s
[49.006s][info][gc,start       ] GC(180) Pause Young (Allocation Failure)
[49.008s][info][gc,heap        ] GC(180) PSYoungGen: 253344K(254464K)->928K(249856K) Eden: 252928K(252928K)->0K(248832K) From: 416K(1536K)->928K(1024K)
[49.008s][info][gc,heap        ] GC(180) ParOldGen: 176662K(1398272K)->176670K(1398272K)
[49.008s][info][gc,metaspace   ] GC(180) Metaspace: 60885K(61824K)->60885K(61824K) NonClass: 53321K(53824K)->53321K(53824K) Class: 7563K(8000K)->7563K(8000K)
[49.008s][info][gc             ] GC(180) Pause Young (Allocation Failure) 419M->173M(1609M) 1.715ms
[49.008s][info][gc,cpu         ] GC(180) User=0.00s Sys=0.00s Real=0.00s
[49.059s][info][gc,start       ] GC(181) Pause Young (System.gc())
[49.061s][info][gc,heap        ] GC(181) PSYoungGen: 56549K(249856K)->1056K(250368K) Eden: 55621K(248832K)->0K(248832K) From: 928K(1024K)->1056K(1536K)
[49.061s][info][gc,heap        ] GC(181) ParOldGen: 176670K(1398272K)->176750K(1398272K)
[49.061s][info][gc,metaspace   ] GC(181) Metaspace: 60888K(61824K)->60888K(61824K) NonClass: 53324K(53824K)->53324K(53824K) Class: 7563K(8000K)->7563K(8000K)
[49.061s][info][gc             ] GC(181) Pause Young (System.gc()) 227M->173M(1610M) 1.557ms
[49.061s][info][gc,cpu         ] GC(181) User=0.00s Sys=0.00s Real=0.00s
[49.061s][info][gc,start       ] GC(182) Pause Full (System.gc())
[49.061s][info][gc,phases,start] GC(182) Marking Phase
[49.150s][info][gc,phases      ] GC(182) Marking Phase 89.356ms
[49.150s][info][gc,phases,start] GC(182) Summary Phase
[49.150s][info][gc,phases      ] GC(182) Summary Phase 0.015ms
[49.150s][info][gc,phases,start] GC(182) Adjust Roots
[49.160s][info][gc,phases      ] GC(182) Adjust Roots 9.294ms
[49.160s][info][gc,phases,start] GC(182) Compaction Phase
[49.195s][info][gc,phases      ] GC(182) Compaction Phase 34.892ms
[49.195s][info][gc,phases,start] GC(182) Post Compact
[49.196s][info][gc,phases      ] GC(182) Post Compact 1.635ms
[49.197s][info][gc,heap        ] GC(182) PSYoungGen: 1056K(250368K)->0K(250368K) Eden: 0K(248832K)->0K(248832K) From: 1056K(1536K)->0K(1536K)
[49.197s][info][gc,heap        ] GC(182) ParOldGen: 176750K(1398272K)->176088K(1398272K)
[49.197s][info][gc,metaspace   ] GC(182) Metaspace: 60888K(61824K)->60888K(61824K) NonClass: 53324K(53824K)->53324K(53824K) Class: 7563K(8000K)->7563K(8000K)
[49.197s][info][gc             ] GC(182) Pause Full (System.gc()) 173M->171M(1610M) 135.604ms
[49.197s][info][gc,cpu         ] GC(182) User=2.66s Sys=0.00s Real=0.14s
[49.346s][info][gc,start       ] GC(183) Pause Young (Allocation Failure)
[49.348s][info][gc,heap        ] GC(183) PSYoungGen: 248832K(250368K)->992K(246272K) Eden: 248832K(248832K)->0K(245248K) From: 0K(1536K)->992K(1024K)
[49.348s][info][gc,heap        ] GC(183) ParOldGen: 176088K(1398272K)->176160K(1398272K)
[49.348s][info][gc,metaspace   ] GC(183) Metaspace: 60892K(61824K)->60892K(61824K) NonClass: 53328K(53824K)->53328K(53824K) Class: 7563K(8000K)->7563K(8000K)
[49.348s][info][gc             ] GC(183) Pause Young (Allocation Failure) 414M->173M(1606M) 1.302ms
[49.348s][info][gc,cpu         ] GC(183) User=0.00s Sys=0.00s Real=0.00s
[49.434s][info][gc,start       ] GC(184) Pause Young (Allocation Failure)
[49.435s][info][gc,heap        ] GC(184) PSYoungGen: 246240K(246272K)->672K(243712K) Eden: 245248K(245248K)->0K(241664K) From: 992K(1024K)->672K(2048K)
[49.435s][info][gc,heap        ] GC(184) ParOldGen: 176160K(1398272K)->176575K(1398272K)
[49.435s][info][gc,metaspace   ] GC(184) Metaspace: 60892K(61824K)->60892K(61824K) NonClass: 53328K(53824K)->53328K(53824K) Class: 7563K(8000K)->7563K(8000K)
[49.435s][info][gc             ] GC(184) Pause Young (Allocation Failure) 412M->173M(1603M) 1.444ms
[49.435s][info][gc,cpu         ] GC(184) User=0.00s Sys=0.00s Real=0.00s
[49.513s][info][gc,start       ] GC(185) Pause Young (Allocation Failure)
[49.514s][info][gc,heap        ] GC(185) PSYoungGen: 242336K(243712K)->288K(238592K) Eden: 241664K(241664K)->0K(238080K) From: 672K(2048K)->288K(512K)
[49.514s][info][gc,heap        ] GC(185) ParOldGen: 176575K(1398272K)->176751K(1398272K)
[49.514s][info][gc,metaspace   ] GC(185) Metaspace: 60892K(61824K)->60892K(61824K) NonClass: 53328K(53824K)->53328K(53824K) Class: 7563K(8000K)->7563K(8000K)
[49.514s][info][gc             ] GC(185) Pause Young (Allocation Failure) 409M->172M(1598M) 1.642ms
[49.514s][info][gc,cpu         ] GC(185) User=0.00s Sys=0.00s Real=0.00s
[49.590s][info][gc,start       ] GC(186) Pause Young (Allocation Failure)
[49.591s][info][gc,heap        ] GC(186) PSYoungGen: 238368K(238592K)->1056K(287232K) Eden: 238080K(238080K)->0K(285696K) From: 288K(512K)->1056K(1536K)
[49.591s][info][gc,heap        ] GC(186) ParOldGen: 176751K(1398272K)->176751K(1398272K)
[49.591s][info][gc,metaspace   ] GC(186) Metaspace: 60892K(61824K)->60892K(61824K) NonClass: 53328K(53824K)->53328K(53824K) Class: 7563K(8000K)->7563K(8000K)
[49.591s][info][gc             ] GC(186) Pause Young (Allocation Failure) 405M->173M(1646M) 1.125ms
[49.591s][info][gc,cpu         ] GC(186) User=0.00s Sys=0.00s Real=0.00s
[49.689s][info][gc,start       ] GC(187) Pause Young (Allocation Failure)
[49.690s][info][gc,heap        ] GC(187) PSYoungGen: 286752K(287232K)->192K(281600K) Eden: 285696K(285696K)->0K(281088K) From: 1056K(1536K)->192K(512K)
[49.690s][info][gc,heap        ] GC(187) ParOldGen: 176751K(1398272K)->177023K(1398272K)
[49.691s][info][gc,metaspace   ] GC(187) Metaspace: 60892K(61824K)->60892K(61824K) NonClass: 53328K(53824K)->53328K(53824K) Class: 7563K(8000K)->7563K(8000K)
[49.691s][info][gc             ] GC(187) Pause Young (Allocation Failure) 452M->173M(1640M) 1.705ms
[49.691s][info][gc,cpu         ] GC(187) User=0.00s Sys=0.00s Real=0.00s
[49.788s][info][gc,start       ] GC(188) Pause Young (Allocation Failure)
[49.788s][info][gc,heap        ] GC(188) PSYoungGen: 281280K(281600K)->288K(278016K) Eden: 281088K(281088K)->0K(276480K) From: 192K(512K)->288K(1536K)
[49.789s][info][gc,heap        ] GC(188) ParOldGen: 177023K(1398272K)->177023K(1398272K)
[49.789s][info][gc,metaspace   ] GC(188) Metaspace: 60892K(61824K)->60892K(61824K) NonClass: 53328K(53824K)->53328K(53824K) Class: 7563K(8000K)->7563K(8000K)
[49.789s][info][gc             ] GC(188) Pause Young (Allocation Failure) 447M->173M(1637M) 1.040ms
[49.789s][info][gc,cpu         ] GC(188) User=0.00s Sys=0.00s Real=0.00s
[49.885s][info][gc,start       ] GC(189) Pause Young (Allocation Failure)
[49.886s][info][gc,heap        ] GC(189) PSYoungGen: 276768K(278016K)->288K(272384K) Eden: 276480K(276480K)->0K(271872K) From: 288K(1536K)->288K(512K)
[49.886s][info][gc,heap        ] GC(189) ParOldGen: 177023K(1398272K)->177031K(1398272K)
[49.886s][info][gc,metaspace   ] GC(189) Metaspace: 60892K(61824K)->60892K(61824K) NonClass: 53328K(53824K)->53328K(53824K) Class: 7563K(8000K)->7563K(8000K)
[49.886s][info][gc             ] GC(189) Pause Young (Allocation Failure) 443M->173M(1631M) 1.765ms
[49.886s][info][gc,cpu         ] GC(189) User=0.00s Sys=0.00s Real=0.00s
[49.985s][info][gc,start       ] GC(190) Pause Young (System.gc())
[49.986s][info][gc,heap        ] GC(190) PSYoungGen: 172507K(272384K)->1056K(273408K) Eden: 172219K(271872K)->0K(271872K) From: 288K(512K)->1056K(1536K)
[49.986s][info][gc,heap        ] GC(190) ParOldGen: 177031K(1398272K)->177055K(1398272K)
[49.987s][info][gc,metaspace   ] GC(190) Metaspace: 60907K(61824K)->60907K(61824K) NonClass: 53343K(53824K)->53343K(53824K) Class: 7563K(8000K)->7563K(8000K)
[49.987s][info][gc             ] GC(190) Pause Young (System.gc()) 341M->173M(1632M) 1.288ms
[49.987s][info][gc,cpu         ] GC(190) User=0.00s Sys=0.00s Real=0.00s
[49.987s][info][gc,start       ] GC(191) Pause Full (System.gc())
[49.987s][info][gc,phases,start] GC(191) Marking Phase
[50.075s][info][gc,phases      ] GC(191) Marking Phase 88.372ms
[50.075s][info][gc,phases,start] GC(191) Summary Phase
[50.075s][info][gc,phases      ] GC(191) Summary Phase 0.015ms
[50.075s][info][gc,phases,start] GC(191) Adjust Roots
[50.084s][info][gc,phases      ] GC(191) Adjust Roots 8.599ms
[50.084s][info][gc,phases,start] GC(191) Compaction Phase
[50.121s][info][gc,phases      ] GC(191) Compaction Phase 36.697ms
[50.121s][info][gc,phases,start] GC(191) Post Compact
[50.122s][info][gc,phases      ] GC(191) Post Compact 1.453ms
[50.122s][info][gc,heap        ] GC(191) PSYoungGen: 1056K(273408K)->0K(273408K) Eden: 0K(271872K)->0K(271872K) From: 1056K(1536K)->0K(1536K)
[50.122s][info][gc,heap        ] GC(191) ParOldGen: 177055K(1398272K)->176110K(1398272K)
[50.122s][info][gc,metaspace   ] GC(191) Metaspace: 60907K(61824K)->60907K(61824K) NonClass: 53343K(53824K)->53343K(53824K) Class: 7563K(8000K)->7563K(8000K)
[50.122s][info][gc             ] GC(191) Pause Full (System.gc()) 173M->171M(1632M) 135.479ms
[50.122s][info][gc,cpu         ] GC(191) User=2.67s Sys=0.00s Real=0.13s
[50.275s][info][gc,start       ] GC(192) Pause Young (Allocation Failure)
[50.276s][info][gc,heap        ] GC(192) PSYoungGen: 271872K(273408K)->1184K(268800K) Eden: 271872K(271872K)->0K(267264K) From: 0K(1536K)->1184K(1536K)
[50.276s][info][gc,heap        ] GC(192) ParOldGen: 176110K(1398272K)->176110K(1398272K)
[50.276s][info][gc,metaspace   ] GC(192) Metaspace: 60942K(61888K)->60942K(61888K) NonClass: 53378K(53888K)->53378K(53888K) Class: 7563K(8000K)->7563K(8000K)
[50.276s][info][gc             ] GC(192) Pause Young (Allocation Failure) 437M->173M(1628M) 1.233ms
[50.276s][info][gc,cpu         ] GC(192) User=0.00s Sys=0.00s Real=0.00s
[50.367s][info][gc,start       ] GC(193) Pause Young (Allocation Failure)
[50.369s][info][gc,heap        ] GC(193) PSYoungGen: 268448K(268800K)->704K(264192K) Eden: 267264K(267264K)->0K(263168K) From: 1184K(1536K)->704K(1024K)
[50.369s][info][gc,heap        ] GC(193) ParOldGen: 176110K(1398272K)->176547K(1398272K)
[50.369s][info][gc,metaspace   ] GC(193) Metaspace: 60942K(61888K)->60942K(61888K) NonClass: 53378K(53888K)->53378K(53888K) Class: 7563K(8000K)->7563K(8000K)
[50.369s][info][gc             ] GC(193) Pause Young (Allocation Failure) 434M->173M(1623M) 1.631ms
[50.369s][info][gc,cpu         ] GC(193) User=0.00s Sys=0.00s Real=0.00s
[50.466s][info][gc,start       ] GC(194) Pause Young (Allocation Failure)
[50.467s][info][gc,heap        ] GC(194) PSYoungGen: 263872K(264192K)->288K(259584K) Eden: 263168K(263168K)->0K(259072K) From: 704K(1024K)->288K(512K)
[50.467s][info][gc,heap        ] GC(194) ParOldGen: 176547K(1398272K)->176707K(1398272K)
[50.467s][info][gc,metaspace   ] GC(194) Metaspace: 60942K(61888K)->60942K(61888K) NonClass: 53378K(53888K)->53378K(53888K) Class: 7563K(8000K)->7563K(8000K)
[50.467s][info][gc             ] GC(194) Pause Young (Allocation Failure) 430M->172M(1619M) 1.298ms
[50.467s][info][gc,cpu         ] GC(194) User=0.00s Sys=0.00s Real=0.00s
[50.562s][info][gc,start       ] GC(195) Pause Young (Allocation Failure)
[50.562s][info][gc,heap        ] GC(195) PSYoungGen: 259360K(259584K)->384K(257024K) Eden: 259072K(259072K)->0K(254976K) From: 288K(512K)->384K(2048K)
[50.563s][info][gc,heap        ] GC(195) ParOldGen: 176707K(1398272K)->176707K(1398272K)
[50.563s][info][gc,metaspace   ] GC(195) Metaspace: 60942K(61888K)->60942K(61888K) NonClass: 53378K(53888K)->53378K(53888K) Class: 7563K(8000K)->7563K(8000K)
[50.563s][info][gc             ] GC(195) Pause Young (Allocation Failure) 425M->172M(1616M) 0.994ms
[50.563s][info][gc,cpu         ] GC(195) User=0.00s Sys=0.00s Real=0.00s
[50.658s][info][gc,start       ] GC(196) Pause Young (Allocation Failure)
[50.659s][info][gc,heap        ] GC(196) PSYoungGen: 255360K(257024K)->384K(251392K) Eden: 254976K(254976K)->0K(250880K) From: 384K(2048K)->384K(512K)
[50.659s][info][gc,heap        ] GC(196) ParOldGen: 176707K(1398272K)->176707K(1398272K)
[50.659s][info][gc,metaspace   ] GC(196) Metaspace: 60942K(61888K)->60942K(61888K) NonClass: 53378K(53888K)->53378K(53888K) Class: 7563K(8000K)->7563K(8000K)
[50.659s][info][gc             ] GC(196) Pause Young (Allocation Failure) 421M->172M(1611M) 1.357ms
[50.659s][info][gc,cpu         ] GC(196) User=0.00s Sys=0.00s Real=0.00s
[50.752s][info][gc,start       ] GC(197) Pause Young (Allocation Failure)
[50.753s][info][gc,heap        ] GC(197) PSYoungGen: 251264K(251392K)->288K(248832K) Eden: 250880K(250880K)->0K(247296K) From: 384K(512K)->288K(1536K)
[50.753s][info][gc,heap        ] GC(197) ParOldGen: 176707K(1398272K)->176715K(1398272K)
[50.753s][info][gc,metaspace   ] GC(197) Metaspace: 60942K(61888K)->60942K(61888K) NonClass: 53378K(53888K)->53378K(53888K) Class: 7563K(8000K)->7563K(8000K)
[50.753s][info][gc             ] GC(197) Pause Young (Allocation Failure) 417M->172M(1608M) 1.027ms
[50.753s][info][gc,cpu         ] GC(197) User=0.00s Sys=0.00s Real=0.00s
[50.846s][info][gc,start       ] GC(198) Pause Young (Allocation Failure)
[50.847s][info][gc,heap        ] GC(198) PSYoungGen: 247584K(248832K)->352K(244224K) Eden: 247296K(247296K)->0K(243712K) From: 288K(1536K)->352K(512K)
[50.847s][info][gc,heap        ] GC(198) ParOldGen: 176715K(1398272K)->176715K(1398272K)
[50.847s][info][gc,metaspace   ] GC(198) Metaspace: 60942K(61888K)->60942K(61888K) NonClass: 53378K(53888K)->53378K(53888K) Class: 7563K(8000K)->7563K(8000K)
[50.847s][info][gc             ] GC(198) Pause Young (Allocation Failure) 414M->172M(1604M) 1.391ms
[50.847s][info][gc,cpu         ] GC(198) User=0.00s Sys=0.00s Real=0.00s
[50.959s][info][gc,start       ] GC(199) Pause Young (System.gc())
[50.961s][info][gc,heap        ] GC(199) PSYoungGen: 173597K(244224K)->1056K(245248K) Eden: 173245K(243712K)->0K(243712K) From: 352K(512K)->1056K(1536K)
[50.961s][info][gc,heap        ] GC(199) ParOldGen: 176715K(1398272K)->176739K(1398272K)
[50.961s][info][gc,metaspace   ] GC(199) Metaspace: 60968K(61952K)->60968K(61952K) NonClass: 53404K(53952K)->53404K(53952K) Class: 7563K(8000K)->7563K(8000K)
[50.961s][info][gc             ] GC(199) Pause Young (System.gc()) 342M->173M(1605M) 1.292ms
[50.961s][info][gc,cpu         ] GC(199) User=0.52s Sys=0.00s Real=0.02s
[50.961s][info][gc,start       ] GC(200) Pause Full (System.gc())
[50.961s][info][gc,phases,start] GC(200) Marking Phase
[51.060s][info][gc,phases      ] GC(200) Marking Phase 98.822ms
[51.060s][info][gc,phases,start] GC(200) Summary Phase
[51.060s][info][gc,phases      ] GC(200) Summary Phase 0.017ms
[51.060s][info][gc,phases,start] GC(200) Adjust Roots
[51.069s][info][gc,phases      ] GC(200) Adjust Roots 9.458ms
[51.069s][info][gc,phases,start] GC(200) Compaction Phase
[51.106s][info][gc,phases      ] GC(200) Compaction Phase 36.667ms
[51.106s][info][gc,phases,start] GC(200) Post Compact
[51.108s][info][gc,phases      ] GC(200) Post Compact 1.507ms
[51.108s][info][gc,heap        ] GC(200) PSYoungGen: 1056K(245248K)->0K(245248K) Eden: 0K(243712K)->0K(243712K) From: 1056K(1536K)->0K(1536K)
[51.108s][info][gc,heap        ] GC(200) ParOldGen: 176739K(1398272K)->176141K(1398272K)
[51.108s][info][gc,metaspace   ] GC(200) Metaspace: 60968K(61952K)->60968K(61952K) NonClass: 53404K(53952K)->53404K(53952K) Class: 7563K(8000K)->7563K(8000K)
[51.108s][info][gc             ] GC(200) Pause Full (System.gc()) 173M->172M(1605M) 146.862ms
[51.108s][info][gc,cpu         ] GC(200) User=2.64s Sys=0.00s Real=0.14s
[51.261s][info][gc,start       ] GC(201) Pause Young (Allocation Failure)
[51.262s][info][gc,heap        ] GC(201) PSYoungGen: 243712K(245248K)->1184K(241664K) Eden: 243712K(243712K)->0K(240128K) From: 0K(1536K)->1184K(1536K)
[51.262s][info][gc,heap        ] GC(201) ParOldGen: 176141K(1398272K)->176141K(1398272K)
[51.262s][info][gc,metaspace   ] GC(201) Metaspace: 60970K(61952K)->60970K(61952K) NonClass: 53406K(53952K)->53406K(53952K) Class: 7563K(8000K)->7563K(8000K)
[51.262s][info][gc             ] GC(201) Pause Young (Allocation Failure) 410M->173M(1601M) 1.296ms
[51.262s][info][gc,cpu         ] GC(201) User=0.00s Sys=0.00s Real=0.00s
[51.346s][info][gc,start       ] GC(202) Pause Young (Allocation Failure)
[51.349s][info][gc,heap        ] GC(202) PSYoungGen: 241312K(241664K)->640K(237568K) Eden: 240128K(240128K)->0K(236544K) From: 1184K(1536K)->640K(1024K)
[51.349s][info][gc,heap        ] GC(202) ParOldGen: 176141K(1398272K)->176602K(1398272K)
[51.349s][info][gc,metaspace   ] GC(202) Metaspace: 60970K(61952K)->60970K(61952K) NonClass: 53406K(53952K)->53406K(53952K) Class: 7563K(8000K)->7563K(8000K)
[51.349s][info][gc             ] GC(202) Pause Young (Allocation Failure) 407M->173M(1597M) 2.827ms
[51.349s][info][gc,cpu         ] GC(202) User=0.00s Sys=0.00s Real=0.00s
[51.433s][info][gc,start       ] GC(203) Pause Young (Allocation Failure)
[51.435s][info][gc,heap        ] GC(203) PSYoungGen: 237184K(237568K)->320K(233472K) Eden: 236544K(236544K)->0K(232960K) From: 640K(1024K)->320K(512K)
[51.435s][info][gc,heap        ] GC(203) ParOldGen: 176602K(1398272K)->176770K(1398272K)
[51.435s][info][gc,metaspace   ] GC(203) Metaspace: 60970K(61952K)->60970K(61952K) NonClass: 53406K(53952K)->53406K(53952K) Class: 7563K(8000K)->7563K(8000K)
[51.435s][info][gc             ] GC(203) Pause Young (Allocation Failure) 404M->172M(1593M) 1.367ms
[51.435s][info][gc,cpu         ] GC(203) User=0.00s Sys=0.00s Real=0.00s
[51.525s][info][gc,start       ] GC(204) Pause Young (Allocation Failure)
[51.525s][info][gc,heap        ] GC(204) PSYoungGen: 233280K(233472K)->320K(231424K) Eden: 232960K(232960K)->0K(229888K) From: 320K(512K)->320K(1536K)
[51.526s][info][gc,heap        ] GC(204) ParOldGen: 176770K(1398272K)->176770K(1398272K)
[51.526s][info][gc,metaspace   ] GC(204) Metaspace: 60970K(61952K)->60970K(61952K) NonClass: 53406K(53952K)->53406K(53952K) Class: 7563K(8000K)->7563K(8000K)
[51.526s][info][gc             ] GC(204) Pause Young (Allocation Failure) 400M->172M(1591M) 1.055ms
[51.526s][info][gc,cpu         ] GC(204) User=0.00s Sys=0.00s Real=0.00s
[51.622s][info][gc,start       ] GC(205) Pause Young (Allocation Failure)
[51.623s][info][gc,heap        ] GC(205) PSYoungGen: 230208K(231424K)->352K(227328K) Eden: 229888K(229888K)->0K(226816K) From: 320K(1536K)->352K(512K)
[51.623s][info][gc,heap        ] GC(205) ParOldGen: 176770K(1398272K)->176770K(1398272K)
[51.624s][info][gc,metaspace   ] GC(205) Metaspace: 60970K(61952K)->60970K(61952K) NonClass: 53406K(53952K)->53406K(53952K) Class: 7563K(8000K)->7563K(8000K)
[51.624s][info][gc             ] GC(205) Pause Young (Allocation Failure) 397M->172M(1587M) 1.493ms
[51.624s][info][gc,cpu         ] GC(205) User=0.42s Sys=0.03s Real=0.01s
[51.710s][info][gc,start       ] GC(206) Pause Young (Allocation Failure)
[51.711s][info][gc,heap        ] GC(206) PSYoungGen: 227168K(227328K)->320K(225280K) Eden: 226816K(226816K)->0K(223744K) From: 352K(512K)->320K(1536K)
[51.711s][info][gc,heap        ] GC(206) ParOldGen: 176770K(1398272K)->176778K(1398272K)
[51.711s][info][gc,metaspace   ] GC(206) Metaspace: 60970K(61952K)->60970K(61952K) NonClass: 53406K(53952K)->53406K(53952K) Class: 7563K(8000K)->7563K(8000K)
[51.711s][info][gc             ] GC(206) Pause Young (Allocation Failure) 394M->172M(1585M) 1.015ms
[51.711s][info][gc,cpu         ] GC(206) User=0.00s Sys=0.00s Real=0.00s
[51.797s][info][gc,start       ] GC(207) Pause Young (Allocation Failure)
[51.799s][info][gc,heap        ] GC(207) PSYoungGen: 224064K(225280K)->352K(221184K) Eden: 223744K(223744K)->0K(220672K) From: 320K(1536K)->352K(512K)
[51.799s][info][gc,heap        ] GC(207) ParOldGen: 176778K(1398272K)->176794K(1398272K)
[51.799s][info][gc,metaspace   ] GC(207) Metaspace: 60970K(61952K)->60970K(61952K) NonClass: 53406K(53952K)->53406K(53952K) Class: 7563K(8000K)->7563K(8000K)
[51.800s][info][gc             ] GC(207) Pause Young (Allocation Failure) 391M->172M(1581M) 2.018ms
[51.800s][info][gc,cpu         ] GC(207) User=0.00s Sys=0.00s Real=0.00s
[51.886s][info][gc,start       ] GC(208) Pause Young (Allocation Failure)
[51.886s][info][gc,heap        ] GC(208) PSYoungGen: 221024K(221184K)->288K(219136K) Eden: 220672K(220672K)->0K(217600K) From: 352K(512K)->288K(1536K)
[51.886s][info][gc,heap        ] GC(208) ParOldGen: 176794K(1398272K)->176802K(1398272K)
[51.887s][info][gc,metaspace   ] GC(208) Metaspace: 60970K(61952K)->60970K(61952K) NonClass: 53406K(53952K)->53406K(53952K) Class: 7563K(8000K)->7563K(8000K)
[51.887s][info][gc             ] GC(208) Pause Young (Allocation Failure) 388M->172M(1579M) 1.014ms
[51.887s][info][gc,cpu         ] GC(208) User=0.00s Sys=0.00s Real=0.00s
[51.975s][info][gc,start       ] GC(209) Pause Young (System.gc())
[51.977s][info][gc,heap        ] GC(209) PSYoungGen: 136012K(219136K)->1056K(219136K) Eden: 135724K(217600K)->0K(217600K) From: 288K(1536K)->1056K(1536K)
[51.977s][info][gc,heap        ] GC(209) ParOldGen: 176802K(1398272K)->176818K(1398272K)
[51.977s][info][gc,metaspace   ] GC(209) Metaspace: 60972K(61952K)->60972K(61952K) NonClass: 53408K(53952K)->53408K(53952K) Class: 7563K(8000K)->7563K(8000K)
[51.977s][info][gc             ] GC(209) Pause Young (System.gc()) 305M->173M(1579M) 1.337ms
[51.977s][info][gc,cpu         ] GC(209) User=0.00s Sys=0.00s Real=0.00s
[51.977s][info][gc,start       ] GC(210) Pause Full (System.gc())
[51.977s][info][gc,phases,start] GC(210) Marking Phase
[52.065s][info][gc,phases      ] GC(210) Marking Phase 88.020ms
[52.065s][info][gc,phases,start] GC(210) Summary Phase
[52.065s][info][gc,phases      ] GC(210) Summary Phase 0.017ms
[52.065s][info][gc,phases,start] GC(210) Adjust Roots
[52.075s][info][gc,phases      ] GC(210) Adjust Roots 9.429ms
[52.075s][info][gc,phases,start] GC(210) Compaction Phase
[52.114s][info][gc,phases      ] GC(210) Compaction Phase 39.239ms
[52.114s][info][gc,phases,start] GC(210) Post Compact
[52.116s][info][gc,phases      ] GC(210) Post Compact 1.672ms
[52.116s][info][gc,heap        ] GC(210) PSYoungGen: 1056K(219136K)->0K(219136K) Eden: 0K(217600K)->0K(217600K) From: 1056K(1536K)->0K(1536K)
[52.116s][info][gc,heap        ] GC(210) ParOldGen: 176818K(1398272K)->176173K(1398272K)
[52.116s][info][gc,metaspace   ] GC(210) Metaspace: 60972K(61952K)->60972K(61952K) NonClass: 53408K(53952K)->53408K(53952K) Class: 7563K(8000K)->7563K(8000K)
[52.116s][info][gc             ] GC(210) Pause Full (System.gc()) 173M->172M(1579M) 138.751ms
[52.116s][info][gc,cpu         ] GC(210) User=2.55s Sys=0.00s Real=0.14s
[52.261s][info][gc,start       ] GC(211) Pause Young (Allocation Failure)
[52.262s][info][gc,heap        ] GC(211) PSYoungGen: 217600K(219136K)->1184K(216064K) Eden: 217600K(217600K)->0K(214528K) From: 0K(1536K)->1184K(1536K)
[52.262s][info][gc,heap        ] GC(211) ParOldGen: 176173K(1398272K)->176173K(1398272K)
[52.262s][info][gc,metaspace   ] GC(211) Metaspace: 61009K(61952K)->61009K(61952K) NonClass: 53445K(53952K)->53445K(53952K) Class: 7564K(8000K)->7564K(8000K)
[52.262s][info][gc             ] GC(211) Pause Young (Allocation Failure) 384M->173M(1576M) 1.319ms
[52.262s][info][gc,cpu         ] GC(211) User=0.00s Sys=0.00s Real=0.00s
[52.341s][info][gc,start       ] GC(212) Pause Young (Allocation Failure)
[52.342s][info][gc,heap        ] GC(212) PSYoungGen: 215712K(216064K)->512K(211968K) Eden: 214528K(214528K)->0K(211456K) From: 1184K(1536K)->512K(512K)
[52.342s][info][gc,heap        ] GC(212) ParOldGen: 176173K(1398272K)->176615K(1398272K)
[52.342s][info][gc,metaspace   ] GC(212) Metaspace: 61009K(61952K)->61009K(61952K) NonClass: 53445K(53952K)->53445K(53952K) Class: 7564K(8000K)->7564K(8000K)
[52.342s][info][gc             ] GC(212) Pause Young (Allocation Failure) 382M->172M(1572M) 1.235ms
[52.342s][info][gc,cpu         ] GC(212) User=0.00s Sys=0.00s Real=0.00s
[52.417s][info][gc,start       ] GC(213) Pause Young (Allocation Failure)
[52.418s][info][gc,heap        ] GC(213) PSYoungGen: 211968K(211968K)->320K(210944K) Eden: 211456K(211456K)->0K(208896K) From: 512K(512K)->320K(2048K)
[52.418s][info][gc,heap        ] GC(213) ParOldGen: 176615K(1398272K)->176799K(1398272K)
[52.418s][info][gc,metaspace   ] GC(213) Metaspace: 61009K(61952K)->61009K(61952K) NonClass: 53445K(53952K)->53445K(53952K) Class: 7564K(8000K)->7564K(8000K)
[52.418s][info][gc             ] GC(213) Pause Young (Allocation Failure) 379M->172M(1571M) 0.997ms
[52.418s][info][gc,cpu         ] GC(213) User=0.00s Sys=0.00s Real=0.00s
[52.492s][info][gc,start       ] GC(214) Pause Young (Allocation Failure)
[52.494s][info][gc,heap        ] GC(214) PSYoungGen: 209216K(210944K)->384K(206848K) Eden: 208896K(208896K)->0K(206336K) From: 320K(2048K)->384K(512K)
[52.494s][info][gc,heap        ] GC(214) ParOldGen: 176799K(1398272K)->176799K(1398272K)
[52.494s][info][gc,metaspace   ] GC(214) Metaspace: 61009K(61952K)->61009K(61952K) NonClass: 53445K(53952K)->53445K(53952K) Class: 7564K(8000K)->7564K(8000K)
[52.494s][info][gc             ] GC(214) Pause Young (Allocation Failure) 376M->173M(1567M) 2.060ms
[52.494s][info][gc,cpu         ] GC(214) User=0.00s Sys=0.00s Real=0.00s
[52.567s][info][gc,start       ] GC(215) Pause Young (Allocation Failure)
[52.568s][info][gc,heap        ] GC(215) PSYoungGen: 206720K(206848K)->352K(205312K) Eden: 206336K(206336K)->0K(203776K) From: 384K(512K)->352K(1536K)
[52.568s][info][gc,heap        ] GC(215) ParOldGen: 176799K(1398272K)->176807K(1398272K)
[52.568s][info][gc,metaspace   ] GC(215) Metaspace: 61009K(61952K)->61009K(61952K) NonClass: 53445K(53952K)->53445K(53952K) Class: 7564K(8000K)->7564K(8000K)
[52.568s][info][gc             ] GC(215) Pause Young (Allocation Failure) 374M->173M(1566M) 0.999ms
[52.568s][info][gc,cpu         ] GC(215) User=0.00s Sys=0.00s Real=0.00s
[52.633s][info][gc,start       ] GC(216) Pause Young (Allocation Failure)
[52.634s][info][gc,heap        ] GC(216) PSYoungGen: 204128K(205312K)->352K(245248K) Eden: 203776K(203776K)->0K(244736K) From: 352K(1536K)->352K(512K)
[52.634s][info][gc,heap        ] GC(216) ParOldGen: 176807K(1398272K)->176807K(1398272K)
[52.634s][info][gc,metaspace   ] GC(216) Metaspace: 61009K(61952K)->61009K(61952K) NonClass: 53445K(53952K)->53445K(53952K) Class: 7564K(8000K)->7564K(8000K)
[52.634s][info][gc             ] GC(216) Pause Young (Allocation Failure) 372M->173M(1605M) 1.455ms
[52.634s][info][gc,cpu         ] GC(216) User=0.00s Sys=0.00s Real=0.00s
[52.728s][info][gc,start       ] GC(217) Pause Young (Allocation Failure)
[52.728s][info][gc,heap        ] GC(217) PSYoungGen: 245088K(245248K)->288K(295424K) Eden: 244736K(244736K)->0K(293888K) From: 352K(512K)->288K(1536K)
[52.729s][info][gc,heap        ] GC(217) ParOldGen: 176807K(1398272K)->176807K(1398272K)
[52.729s][info][gc,metaspace   ] GC(217) Metaspace: 61009K(61952K)->61009K(61952K) NonClass: 53445K(53952K)->53445K(53952K) Class: 7564K(8000K)->7564K(8000K)
[52.729s][info][gc             ] GC(217) Pause Young (Allocation Failure) 412M->172M(1654M) 1.079ms
[52.729s][info][gc,cpu         ] GC(217) User=0.00s Sys=0.00s Real=0.00s
[52.836s][info][gc,start       ] GC(218) Pause Young (Allocation Failure)
[52.837s][info][gc,heap        ] GC(218) PSYoungGen: 294176K(295424K)->352K(289280K) Eden: 293888K(293888K)->0K(288768K) From: 288K(1536K)->352K(512K)
[52.837s][info][gc,heap        ] GC(218) ParOldGen: 176807K(1398272K)->176807K(1398272K)
[52.837s][info][gc,metaspace   ] GC(218) Metaspace: 61009K(61952K)->61009K(61952K) NonClass: 53445K(53952K)->53445K(53952K) Class: 7564K(8000K)->7564K(8000K)
[52.837s][info][gc             ] GC(218) Pause Young (Allocation Failure) 459M->173M(1648M) 1.396ms
[52.837s][info][gc,cpu         ] GC(218) User=0.00s Sys=0.00s Real=0.00s
[52.962s][info][gc,start       ] GC(219) Pause Young (System.gc())
[52.963s][info][gc,heap        ] GC(219) PSYoungGen: 187802K(289280K)->1056K(290304K) Eden: 187450K(288768K)->0K(288768K) From: 352K(512K)->1056K(1536K)
[52.963s][info][gc,heap        ] GC(219) ParOldGen: 176807K(1398272K)->176823K(1398272K)
[52.963s][info][gc,metaspace   ] GC(219) Metaspace: 61050K(62016K)->61050K(62016K) NonClass: 53486K(54016K)->53486K(54016K) Class: 7564K(8000K)->7564K(8000K)
[52.963s][info][gc             ] GC(219) Pause Young (System.gc()) 356M->173M(1649M) 1.329ms
[52.963s][info][gc,cpu         ] GC(219) User=0.00s Sys=0.00s Real=0.00s
[52.963s][info][gc,start       ] GC(220) Pause Full (System.gc())
[52.964s][info][gc,phases,start] GC(220) Marking Phase
[53.056s][info][gc,phases      ] GC(220) Marking Phase 92.779ms
[53.056s][info][gc,phases,start] GC(220) Summary Phase
[53.056s][info][gc,phases      ] GC(220) Summary Phase 0.016ms
[53.056s][info][gc,phases,start] GC(220) Adjust Roots
[53.067s][info][gc,phases      ] GC(220) Adjust Roots 10.129ms
[53.067s][info][gc,phases,start] GC(220) Compaction Phase
[53.089s][info][gc,phases      ] GC(220) Compaction Phase 22.949ms
[53.090s][info][gc,phases,start] GC(220) Post Compact
[53.091s][info][gc,phases      ] GC(220) Post Compact 1.315ms
[53.091s][info][gc,heap        ] GC(220) PSYoungGen: 1056K(290304K)->0K(290304K) Eden: 0K(288768K)->0K(288768K) From: 1056K(1536K)->0K(1536K)
[53.091s][info][gc,heap        ] GC(220) ParOldGen: 176823K(1398272K)->176205K(1398272K)
[53.091s][info][gc,metaspace   ] GC(220) Metaspace: 61050K(62016K)->61050K(62016K) NonClass: 53486K(54016K)->53486K(54016K) Class: 7564K(8000K)->7564K(8000K)
[53.091s][info][gc             ] GC(220) Pause Full (System.gc()) 173M->172M(1649M) 127.480ms
[53.091s][info][gc,cpu         ] GC(220) User=3.61s Sys=0.00s Real=0.14s
[53.244s][info][gc,start       ] GC(221) Pause Young (Allocation Failure)
[53.245s][info][gc,heap        ] GC(221) PSYoungGen: 288768K(290304K)->1152K(285184K) Eden: 288768K(288768K)->0K(283648K) From: 0K(1536K)->1152K(1536K)
[53.245s][info][gc,heap        ] GC(221) ParOldGen: 176205K(1398272K)->176205K(1398272K)
[53.245s][info][gc,metaspace   ] GC(221) Metaspace: 61061K(62016K)->61061K(62016K) NonClass: 53497K(54016K)->53497K(54016K) Class: 7564K(8000K)->7564K(8000K)
[53.245s][info][gc             ] GC(221) Pause Young (Allocation Failure) 454M->173M(1644M) 1.302ms
[53.245s][info][gc,cpu         ] GC(221) User=0.00s Sys=0.00s Real=0.00s
[53.345s][info][gc,start       ] GC(222) Pause Young (Allocation Failure)
[53.346s][info][gc,heap        ] GC(222) PSYoungGen: 284800K(285184K)->896K(280064K) Eden: 283648K(283648K)->0K(279040K) From: 1152K(1536K)->896K(1024K)
[53.346s][info][gc,heap        ] GC(222) ParOldGen: 176205K(1398272K)->176643K(1398272K)
[53.346s][info][gc,metaspace   ] GC(222) Metaspace: 61061K(62016K)->61061K(62016K) NonClass: 53497K(54016K)->53497K(54016K) Class: 7564K(8000K)->7564K(8000K)
[53.346s][info][gc             ] GC(222) Pause Young (Allocation Failure) 450M->173M(1639M) 1.285ms
[53.346s][info][gc,cpu         ] GC(222) User=0.00s Sys=0.00s Real=0.00s
[53.448s][info][gc,start       ] GC(223) Pause Young (Allocation Failure)
[53.450s][info][gc,heap        ] GC(223) PSYoungGen: 279936K(280064K)->352K(274944K) Eden: 279040K(279040K)->0K(274432K) From: 896K(1024K)->352K(512K)
[53.450s][info][gc,heap        ] GC(223) ParOldGen: 176643K(1398272K)->176867K(1398272K)
[53.450s][info][gc,metaspace   ] GC(223) Metaspace: 61061K(62016K)->61061K(62016K) NonClass: 53497K(54016K)->53497K(54016K) Class: 7564K(8000K)->7564K(8000K)
[53.450s][info][gc             ] GC(223) Pause Young (Allocation Failure) 445M->173M(1634M) 2.223ms
[53.450s][info][gc,cpu         ] GC(223) User=0.00s Sys=0.00s Real=0.00s
[53.548s][info][gc,start       ] GC(224) Pause Young (Allocation Failure)
[53.549s][info][gc,heap        ] GC(224) PSYoungGen: 274784K(274944K)->384K(271360K) Eden: 274432K(274432K)->0K(269824K) From: 352K(512K)->384K(1536K)
[53.549s][info][gc,heap        ] GC(224) ParOldGen: 176867K(1398272K)->176867K(1398272K)
[53.549s][info][gc,metaspace   ] GC(224) Metaspace: 61061K(62016K)->61061K(62016K) NonClass: 53497K(54016K)->53497K(54016K) Class: 7564K(8000K)->7564K(8000K)
[53.550s][info][gc             ] GC(224) Pause Young (Allocation Failure) 441M->173M(1630M) 1.033ms
[53.550s][info][gc,cpu         ] GC(224) User=0.00s Sys=0.00s Real=0.00s
[53.640s][info][gc,start       ] GC(225) Pause Young (Allocation Failure)
[53.641s][info][gc,heap        ] GC(225) PSYoungGen: 270208K(271360K)->288K(266240K) Eden: 269824K(269824K)->0K(265728K) From: 384K(1536K)->288K(512K)
[53.641s][info][gc,heap        ] GC(225) ParOldGen: 176867K(1398272K)->176867K(1398272K)
[53.641s][info][gc,metaspace   ] GC(225) Metaspace: 61061K(62016K)->61061K(62016K) NonClass: 53497K(54016K)->53497K(54016K) Class: 7564K(8000K)->7564K(8000K)
[53.641s][info][gc             ] GC(225) Pause Young (Allocation Failure) 436M->173M(1625M) 1.312ms
[53.641s][info][gc,cpu         ] GC(225) User=0.00s Sys=0.00s Real=0.00s
[53.737s][info][gc,start       ] GC(226) Pause Young (Allocation Failure)
[53.738s][info][gc,heap        ] GC(226) PSYoungGen: 266016K(266240K)->384K(263168K) Eden: 265728K(265728K)->0K(261632K) From: 288K(512K)->384K(1536K)
[53.738s][info][gc,heap        ] GC(226) ParOldGen: 176867K(1398272K)->176875K(1398272K)
[53.738s][info][gc,metaspace   ] GC(226) Metaspace: 61061K(62016K)->61061K(62016K) NonClass: 53497K(54016K)->53497K(54016K) Class: 7564K(8000K)->7564K(8000K)
[53.738s][info][gc             ] GC(226) Pause Young (Allocation Failure) 432M->173M(1622M) 1.081ms
[53.738s][info][gc,cpu         ] GC(226) User=0.00s Sys=0.00s Real=0.00s
[53.834s][info][gc,start       ] GC(227) Pause Young (Allocation Failure)
[53.836s][info][gc,heap        ] GC(227) PSYoungGen: 262016K(263168K)->416K(258048K) Eden: 261632K(261632K)->0K(257536K) From: 384K(1536K)->416K(512K)
[53.836s][info][gc,heap        ] GC(227) ParOldGen: 176875K(1398272K)->176875K(1398272K)
[53.836s][info][gc,metaspace   ] GC(227) Metaspace: 61061K(62016K)->61061K(62016K) NonClass: 53497K(54016K)->53497K(54016K) Class: 7564K(8000K)->7564K(8000K)
[53.836s][info][gc             ] GC(227) Pause Young (Allocation Failure) 428M->173M(1617M) 1.914ms
[53.836s][info][gc,cpu         ] GC(227) User=0.00s Sys=0.00s Real=0.00s
[53.882s][info][gc,start       ] GC(228) Pause Young (System.gc())
[53.883s][info][gc,heap        ] GC(228) PSYoungGen: 68070K(258048K)->1056K(259072K) Eden: 67654K(257536K)->0K(257536K) From: 416K(512K)->1056K(1536K)
[53.883s][info][gc,heap        ] GC(228) ParOldGen: 176875K(1398272K)->176899K(1398272K)
[53.883s][info][gc,metaspace   ] GC(228) Metaspace: 61063K(62016K)->61063K(62016K) NonClass: 53498K(54016K)->53498K(54016K) Class: 7564K(8000K)->7564K(8000K)
[53.883s][info][gc             ] GC(228) Pause Young (System.gc()) 239M->173M(1618M) 1.206ms
[53.883s][info][gc,cpu         ] GC(228) User=0.00s Sys=0.00s Real=0.00s
[53.883s][info][gc,start       ] GC(229) Pause Full (System.gc())
[53.883s][info][gc,phases,start] GC(229) Marking Phase
[53.982s][info][gc,phases      ] GC(229) Marking Phase 98.649ms
[53.982s][info][gc,phases,start] GC(229) Summary Phase
[53.982s][info][gc,phases      ] GC(229) Summary Phase 0.016ms
[53.982s][info][gc,phases,start] GC(229) Adjust Roots
[53.993s][info][gc,phases      ] GC(229) Adjust Roots 10.894ms
[53.993s][info][gc,phases,start] GC(229) Compaction Phase
[54.020s][info][gc,phases      ] GC(229) Compaction Phase 27.226ms
[54.020s][info][gc,phases,start] GC(229) Post Compact
[54.021s][info][gc,phases      ] GC(229) Post Compact 1.361ms
[54.021s][info][gc,heap        ] GC(229) PSYoungGen: 1056K(259072K)->0K(259072K) Eden: 0K(257536K)->0K(257536K) From: 1056K(1536K)->0K(1536K)
[54.022s][info][gc,heap        ] GC(229) ParOldGen: 176899K(1398272K)->176224K(1398272K)
[54.022s][info][gc,metaspace   ] GC(229) Metaspace: 61063K(62016K)->61063K(62016K) NonClass: 53498K(54016K)->53498K(54016K) Class: 7564K(8000K)->7564K(8000K)
[54.022s][info][gc             ] GC(229) Pause Full (System.gc()) 173M->172M(1618M) 138.438ms
[54.022s][info][gc,cpu         ] GC(229) User=3.67s Sys=0.00s Real=0.14s
[54.166s][info][gc,start       ] GC(230) Pause Young (Allocation Failure)
[54.168s][info][gc,heap        ] GC(230) PSYoungGen: 257536K(259072K)->1184K(254976K) Eden: 257536K(257536K)->0K(253440K) From: 0K(1536K)->1184K(1536K)
[54.168s][info][gc,heap        ] GC(230) ParOldGen: 176224K(1398272K)->176224K(1398272K)
[54.168s][info][gc,metaspace   ] GC(230) Metaspace: 61066K(62016K)->61066K(62016K) NonClass: 53501K(54016K)->53501K(54016K) Class: 7564K(8000K)->7564K(8000K)
[54.168s][info][gc             ] GC(230) Pause Young (Allocation Failure) 423M->173M(1614M) 1.331ms
[54.168s][info][gc,cpu         ] GC(230) User=0.00s Sys=0.00s Real=0.00s
[54.255s][info][gc,start       ] GC(231) Pause Young (Allocation Failure)
[54.257s][info][gc,heap        ] GC(231) PSYoungGen: 254624K(254976K)->736K(250368K) Eden: 253440K(253440K)->0K(249344K) From: 1184K(1536K)->736K(1024K)
[54.257s][info][gc,heap        ] GC(231) ParOldGen: 176224K(1398272K)->176680K(1398272K)
[54.257s][info][gc,metaspace   ] GC(231) Metaspace: 61072K(62016K)->61072K(62016K) NonClass: 53508K(54016K)->53508K(54016K) Class: 7564K(8000K)->7564K(8000K)
[54.257s][info][gc             ] GC(231) Pause Young (Allocation Failure) 420M->173M(1610M) 1.241ms
[54.257s][info][gc,cpu         ] GC(231) User=0.00s Sys=0.00s Real=0.00s
[54.343s][info][gc,start       ] GC(232) Pause Young (Allocation Failure)
[54.345s][info][gc,heap        ] GC(232) PSYoungGen: 250080K(250368K)->320K(246272K) Eden: 249344K(249344K)->0K(245760K) From: 736K(1024K)->320K(512K)
[54.345s][info][gc,heap        ] GC(232) ParOldGen: 176680K(1398272K)->176872K(1398272K)
[54.345s][info][gc,metaspace   ] GC(232) Metaspace: 61072K(62016K)->61072K(62016K) NonClass: 53508K(54016K)->53508K(54016K) Class: 7564K(8000K)->7564K(8000K)
[54.345s][info][gc             ] GC(232) Pause Young (Allocation Failure) 416M->173M(1606M) 1.781ms
[54.345s][info][gc,cpu         ] GC(232) User=0.00s Sys=0.02s Real=0.02s
[54.430s][info][gc,start       ] GC(233) Pause Young (Allocation Failure)
[54.431s][info][gc,heap        ] GC(233) PSYoungGen: 246080K(246272K)->352K(243712K) Eden: 245760K(245760K)->0K(242176K) From: 320K(512K)->352K(1536K)
[54.431s][info][gc,heap        ] GC(233) ParOldGen: 176872K(1398272K)->176872K(1398272K)
[54.431s][info][gc,metaspace   ] GC(233) Metaspace: 61072K(62016K)->61072K(62016K) NonClass: 53508K(54016K)->53508K(54016K) Class: 7564K(8000K)->7564K(8000K)
[54.431s][info][gc             ] GC(233) Pause Young (Allocation Failure) 413M->173M(1603M) 0.936ms
[54.431s][info][gc,cpu         ] GC(233) User=0.00s Sys=0.00s Real=0.00s
[54.515s][info][gc,start       ] GC(234) Pause Young (Allocation Failure)
[54.516s][info][gc,heap        ] GC(234) PSYoungGen: 242528K(243712K)->384K(239104K) Eden: 242176K(242176K)->0K(238592K) From: 352K(1536K)->384K(512K)
[54.516s][info][gc,heap        ] GC(234) ParOldGen: 176872K(1398272K)->176872K(1398272K)
[54.516s][info][gc,metaspace   ] GC(234) Metaspace: 61072K(62016K)->61072K(62016K) NonClass: 53508K(54016K)->53508K(54016K) Class: 7564K(8000K)->7564K(8000K)
[54.516s][info][gc             ] GC(234) Pause Young (Allocation Failure) 409M->173M(1599M) 1.286ms
[54.516s][info][gc,cpu         ] GC(234) User=0.00s Sys=0.00s Real=0.00s
[54.598s][info][gc,start       ] GC(235) Pause Young (Allocation Failure)
[54.599s][info][gc,heap        ] GC(235) PSYoungGen: 238976K(239104K)->288K(236544K) Eden: 238592K(238592K)->0K(235008K) From: 384K(512K)->288K(1536K)
[54.599s][info][gc,heap        ] GC(235) ParOldGen: 176872K(1398272K)->176880K(1398272K)
[54.599s][info][gc,metaspace   ] GC(235) Metaspace: 61072K(62016K)->61072K(62016K) NonClass: 53508K(54016K)->53508K(54016K) Class: 7564K(8000K)->7564K(8000K)
[54.599s][info][gc             ] GC(235) Pause Young (Allocation Failure) 406M->173M(1596M) 0.985ms
[54.599s][info][gc,cpu         ] GC(235) User=0.00s Sys=0.00s Real=0.00s
[54.704s][info][gc,start       ] GC(236) Pause Young (Allocation Failure)
[54.705s][info][gc,heap        ] GC(236) PSYoungGen: 235296K(236544K)->320K(231936K) Eden: 235008K(235008K)->0K(231424K) From: 288K(1536K)->320K(512K)
[54.705s][info][gc,heap        ] GC(236) ParOldGen: 176880K(1398272K)->176888K(1398272K)
[54.705s][info][gc,metaspace   ] GC(236) Metaspace: 61072K(62016K)->61072K(62016K) NonClass: 53508K(54016K)->53508K(54016K) Class: 7564K(8000K)->7564K(8000K)
[54.705s][info][gc             ] GC(236) Pause Young (Allocation Failure) 402M->173M(1592M) 1.487ms
[54.705s][info][gc,cpu         ] GC(236) User=0.52s Sys=0.00s Real=0.02s
[54.811s][info][gc,start       ] GC(237) Pause Young (Allocation Failure)
[54.812s][info][gc,heap        ] GC(237) PSYoungGen: 231744K(231936K)->1056K(229888K) Eden: 231424K(231424K)->0K(228352K) From: 320K(512K)->1056K(1536K)
[54.812s][info][gc,heap        ] GC(237) ParOldGen: 176888K(1398272K)->176896K(1398272K)
[54.812s][info][gc,metaspace   ] GC(237) Metaspace: 61072K(62016K)->61072K(62016K) NonClass: 53508K(54016K)->53508K(54016K) Class: 7564K(8000K)->7564K(8000K)
[54.812s][info][gc             ] GC(237) Pause Young (Allocation Failure) 399M->173M(1590M) 1.048ms
[54.812s][info][gc,cpu         ] GC(237) User=0.00s Sys=0.00s Real=0.00s
[54.867s][info][gc,start       ] GC(238) Pause Young (System.gc())
[54.868s][info][gc,heap        ] GC(238) PSYoungGen: 39196K(229888K)->1056K(229888K) Eden: 38140K(228352K)->0K(228352K) From: 1056K(1536K)->1056K(1536K)
[54.868s][info][gc,heap        ] GC(238) ParOldGen: 176896K(1398272K)->177160K(1398272K)
[54.868s][info][gc,metaspace   ] GC(238) Metaspace: 61073K(62016K)->61073K(62016K) NonClass: 53509K(54016K)->53509K(54016K) Class: 7564K(8000K)->7564K(8000K)
[54.868s][info][gc             ] GC(238) Pause Young (System.gc()) 211M->174M(1590M) 1.223ms
[54.869s][info][gc,cpu         ] GC(238) User=0.00s Sys=0.00s Real=0.00s
[54.869s][info][gc,start       ] GC(239) Pause Full (System.gc())
[54.869s][info][gc,phases,start] GC(239) Marking Phase
[54.957s][info][gc,phases      ] GC(239) Marking Phase 88.308ms
[54.957s][info][gc,phases,start] GC(239) Summary Phase
[54.957s][info][gc,phases      ] GC(239) Summary Phase 0.016ms
[54.957s][info][gc,phases,start] GC(239) Adjust Roots
[54.967s][info][gc,phases      ] GC(239) Adjust Roots 9.612ms
[54.967s][info][gc,phases,start] GC(239) Compaction Phase
[54.989s][info][gc,phases      ] GC(239) Compaction Phase 22.668ms
[54.990s][info][gc,phases,start] GC(239) Post Compact
[54.991s][info][gc,phases      ] GC(239) Post Compact 1.362ms
[54.991s][info][gc,heap        ] GC(239) PSYoungGen: 1056K(229888K)->0K(229888K) Eden: 0K(228352K)->0K(228352K) From: 1056K(1536K)->0K(1536K)
[54.991s][info][gc,heap        ] GC(239) ParOldGen: 177160K(1398272K)->176241K(1398272K)
[54.991s][info][gc,metaspace   ] GC(239) Metaspace: 61073K(62016K)->61073K(62016K) NonClass: 53509K(54016K)->53509K(54016K) Class: 7564K(8000K)->7564K(8000K)
[54.991s][info][gc             ] GC(239) Pause Full (System.gc()) 174M->172M(1590M) 122.270ms
[54.991s][info][gc,cpu         ] GC(239) User=3.13s Sys=0.00s Real=0.13s
[55.127s][info][gc,start       ] GC(240) Pause Young (Allocation Failure)
[55.129s][info][gc,heap        ] GC(240) PSYoungGen: 228352K(229888K)->1184K(226816K) Eden: 228352K(228352K)->0K(225280K) From: 0K(1536K)->1184K(1536K)
[55.129s][info][gc,heap        ] GC(240) ParOldGen: 176241K(1398272K)->176241K(1398272K)
[55.129s][info][gc,metaspace   ] GC(240) Metaspace: 61077K(62016K)->61077K(62016K) NonClass: 53512K(54016K)->53512K(54016K) Class: 7564K(8000K)->7564K(8000K)
[55.129s][info][gc             ] GC(240) Pause Young (Allocation Failure) 395M->173M(1587M) 1.508ms
[55.129s][info][gc,cpu         ] GC(240) User=0.00s Sys=0.00s Real=0.00s
[55.207s][info][gc,start       ] GC(241) Pause Young (Allocation Failure)
[55.209s][info][gc,heap        ] GC(241) PSYoungGen: 226464K(226816K)->512K(222720K) Eden: 225280K(225280K)->0K(222208K) From: 1184K(1536K)->512K(512K)
[55.209s][info][gc,heap        ] GC(241) ParOldGen: 176241K(1398272K)->176721K(1398272K)
[55.209s][info][gc,metaspace   ] GC(241) Metaspace: 61078K(62016K)->61078K(62016K) NonClass: 53513K(54016K)->53513K(54016K) Class: 7564K(8000K)->7564K(8000K)
[55.209s][info][gc             ] GC(241) Pause Young (Allocation Failure) 393M->173M(1583M) 1.227ms
[55.209s][info][gc,cpu         ] GC(241) User=0.02s Sys=0.00s Real=0.02s
[55.280s][info][gc,start       ] GC(242) Pause Young (Allocation Failure)
[55.281s][info][gc,heap        ] GC(242) PSYoungGen: 222720K(222720K)->384K(221184K) Eden: 222208K(222208K)->0K(219136K) From: 512K(512K)->384K(2048K)
[55.281s][info][gc,heap        ] GC(242) ParOldGen: 176721K(1398272K)->176873K(1398272K)
[55.281s][info][gc,metaspace   ] GC(242) Metaspace: 61078K(62016K)->61078K(62016K) NonClass: 53513K(54016K)->53513K(54016K) Class: 7564K(8000K)->7564K(8000K)
[55.281s][info][gc             ] GC(242) Pause Young (Allocation Failure) 390M->173M(1581M) 1.002ms
[55.281s][info][gc,cpu         ] GC(242) User=0.00s Sys=0.00s Real=0.00s
[55.351s][info][gc,start       ] GC(243) Pause Young (Allocation Failure)
[55.353s][info][gc,heap        ] GC(243) PSYoungGen: 219520K(221184K)->416K(216576K) Eden: 219136K(219136K)->0K(216064K) From: 384K(2048K)->416K(512K)
[55.353s][info][gc,heap        ] GC(243) ParOldGen: 176873K(1398272K)->176873K(1398272K)
[55.353s][info][gc,metaspace   ] GC(243) Metaspace: 61078K(62016K)->61078K(62016K) NonClass: 53513K(54016K)->53513K(54016K) Class: 7564K(8000K)->7564K(8000K)
[55.353s][info][gc             ] GC(243) Pause Young (Allocation Failure) 387M->173M(1577M) 1.894ms
[55.353s][info][gc,cpu         ] GC(243) User=0.00s Sys=0.00s Real=0.00s
[55.423s][info][gc,start       ] GC(244) Pause Young (Allocation Failure)
[55.423s][info][gc,heap        ] GC(244) PSYoungGen: 216480K(216576K)->384K(261632K) Eden: 216064K(216064K)->0K(259584K) From: 416K(512K)->384K(2048K)
[55.424s][info][gc,heap        ] GC(244) ParOldGen: 176873K(1398272K)->176881K(1398272K)
[55.424s][info][gc,metaspace   ] GC(244) Metaspace: 61078K(62016K)->61078K(62016K) NonClass: 53513K(54016K)->53513K(54016K) Class: 7564K(8000K)->7564K(8000K)
[55.424s][info][gc             ] GC(244) Pause Young (Allocation Failure) 384M->173M(1621M) 1.100ms
[55.424s][info][gc,cpu         ] GC(244) User=0.00s Sys=0.00s Real=0.00s
[55.506s][info][gc,start       ] GC(245) Pause Young (Allocation Failure)
[55.508s][info][gc,heap        ] GC(245) PSYoungGen: 259968K(261632K)->448K(312320K) Eden: 259584K(259584K)->0K(311808K) From: 384K(2048K)->448K(512K)
[55.508s][info][gc,heap        ] GC(245) ParOldGen: 176881K(1398272K)->176881K(1398272K)
[55.508s][info][gc,metaspace   ] GC(245) Metaspace: 61078K(62016K)->61078K(62016K) NonClass: 53513K(54016K)->53513K(54016K) Class: 7564K(8000K)->7564K(8000K)
[55.508s][info][gc             ] GC(245) Pause Young (Allocation Failure) 426M->173M(1670M) 1.344ms
[55.508s][info][gc,cpu         ] GC(245) User=0.00s Sys=0.00s Real=0.00s
[55.607s][info][gc,start       ] GC(246) Pause Young (Allocation Failure)
[55.608s][info][gc,heap        ] GC(246) PSYoungGen: 312256K(312320K)->384K(307712K) Eden: 311808K(311808K)->0K(306176K) From: 448K(512K)->384K(1536K)
[55.608s][info][gc,heap        ] GC(246) ParOldGen: 176881K(1398272K)->176881K(1398272K)
[55.608s][info][gc,metaspace   ] GC(246) Metaspace: 61078K(62016K)->61078K(62016K) NonClass: 53513K(54016K)->53513K(54016K) Class: 7564K(8000K)->7564K(8000K)
[55.608s][info][gc             ] GC(246) Pause Young (Allocation Failure) 477M->173M(1666M) 0.997ms
[55.608s][info][gc,cpu         ] GC(246) User=0.00s Sys=0.00s Real=0.00s
[55.749s][info][gc,start       ] GC(247) Pause Young (Allocation Failure)
[55.751s][info][gc,heap        ] GC(247) PSYoungGen: 306560K(307712K)->1088K(369152K) Eden: 306176K(306176K)->0K(367616K) From: 384K(1536K)->1088K(1536K)
[55.751s][info][gc,heap        ] GC(247) ParOldGen: 176881K(1398272K)->176889K(1398272K)
[55.751s][info][gc,metaspace   ] GC(247) Metaspace: 61097K(62016K)->61097K(62016K) NonClass: 53533K(54016K)->53533K(54016K) Class: 7564K(8000K)->7564K(8000K)
[55.751s][info][gc             ] GC(247) Pause Young (Allocation Failure) 472M->173M(1726M) 2.296ms
[55.751s][info][gc,cpu         ] GC(247) User=0.03s Sys=0.00s Real=0.01s
[55.754s][info][gc,start       ] GC(248) Pause Young (System.gc())
[55.755s][info][gc,heap        ] GC(248) PSYoungGen: 5336K(369152K)->992K(368640K) Eden: 4248K(367616K)->0K(367616K) From: 1088K(1536K)->992K(1024K)
[55.756s][info][gc,heap        ] GC(248) ParOldGen: 176889K(1398272K)->177173K(1398272K)
[55.756s][info][gc,metaspace   ] GC(248) Metaspace: 61097K(62016K)->61097K(62016K) NonClass: 53533K(54016K)->53533K(54016K) Class: 7564K(8000K)->7564K(8000K)
[55.756s][info][gc             ] GC(248) Pause Young (System.gc()) 177M->173M(1725M) 1.808ms
[55.756s][info][gc,cpu         ] GC(248) User=0.00s Sys=0.00s Real=0.00s
[55.756s][info][gc,start       ] GC(249) Pause Full (System.gc())
[55.756s][info][gc,phases,start] GC(249) Marking Phase
[55.849s][info][gc,phases      ] GC(249) Marking Phase 93.113ms
[55.849s][info][gc,phases,start] GC(249) Summary Phase
[55.849s][info][gc,phases      ] GC(249) Summary Phase 0.016ms
[55.849s][info][gc,phases,start] GC(249) Adjust Roots
[55.860s][info][gc,phases      ] GC(249) Adjust Roots 10.997ms
[55.860s][info][gc,phases,start] GC(249) Compaction Phase
[55.885s][info][gc,phases      ] GC(249) Compaction Phase 25.049ms
[55.885s][info][gc,phases,start] GC(249) Post Compact
[55.887s][info][gc,phases      ] GC(249) Post Compact 1.368ms
[55.887s][info][gc,heap        ] GC(249) PSYoungGen: 992K(368640K)->0K(368640K) Eden: 0K(367616K)->0K(367616K) From: 992K(1024K)->0K(1024K)
[55.887s][info][gc,heap        ] GC(249) ParOldGen: 177173K(1398272K)->176256K(1398272K)
[55.887s][info][gc,metaspace   ] GC(249) Metaspace: 61097K(62016K)->61097K(62016K) NonClass: 53533K(54016K)->53533K(54016K) Class: 7564K(8000K)->7564K(8000K)
[55.887s][info][gc             ] GC(249) Pause Full (System.gc()) 173M->172M(1725M) 130.849ms
[55.887s][info][gc,cpu         ] GC(249) User=3.22s Sys=0.00s Real=0.13s
[56.071s][info][gc,start       ] GC(250) Pause Young (Allocation Failure)
[56.072s][info][gc,heap        ] GC(250) PSYoungGen: 367616K(368640K)->992K(361472K) Eden: 367616K(367616K)->0K(360448K) From: 0K(1024K)->992K(1024K)
[56.072s][info][gc,heap        ] GC(250) ParOldGen: 176256K(1398272K)->176336K(1398272K)
[56.072s][info][gc,metaspace   ] GC(250) Metaspace: 61183K(62144K)->61183K(62144K) NonClass: 53613K(54144K)->53613K(54144K) Class: 7570K(8000K)->7570K(8000K)
[56.072s][info][gc             ] GC(250) Pause Young (Allocation Failure) 531M->173M(1718M) 1.324ms
[56.073s][info][gc,cpu         ] GC(250) User=0.00s Sys=0.00s Real=0.00s
[56.197s][info][gc,start       ] GC(251) Pause Young (Allocation Failure)
[56.198s][info][gc,heap        ] GC(251) PSYoungGen: 361440K(361472K)->768K(354304K) Eden: 360448K(360448K)->0K(353280K) From: 992K(1024K)->768K(1024K)
[56.198s][info][gc,heap        ] GC(251) ParOldGen: 176336K(1398272K)->176758K(1398272K)
[56.199s][info][gc,metaspace   ] GC(251) Metaspace: 61189K(62144K)->61189K(62144K) NonClass: 53619K(54144K)->53619K(54144K) Class: 7570K(8000K)->7570K(8000K)
[56.199s][info][gc             ] GC(251) Pause Young (Allocation Failure) 525M->173M(1711M) 1.555ms
[56.199s][info][gc,cpu         ] GC(251) User=0.00s Sys=0.00s Real=0.00s
[56.312s][info][gc,start       ] GC(252) Pause Young (Allocation Failure)
[56.313s][info][gc,heap        ] GC(252) PSYoungGen: 354048K(354304K)->256K(347136K) Eden: 353280K(353280K)->0K(346624K) From: 768K(1024K)->256K(512K)
[56.314s][info][gc,heap        ] GC(252) ParOldGen: 176758K(1398272K)->176974K(1398272K)
[56.314s][info][gc,metaspace   ] GC(252) Metaspace: 61189K(62144K)->61189K(62144K) NonClass: 53619K(54144K)->53619K(54144K) Class: 7570K(8000K)->7570K(8000K)
[56.314s][info][gc             ] GC(252) Pause Young (Allocation Failure) 518M->173M(1704M) 1.866ms
[56.314s][info][gc,cpu         ] GC(252) User=0.00s Sys=0.00s Real=0.00s
[56.425s][info][gc,start       ] GC(253) Pause Young (Allocation Failure)
[56.426s][info][gc,heap        ] GC(253) PSYoungGen: 346880K(347136K)->352K(342016K) Eden: 346624K(346624K)->0K(339968K) From: 256K(512K)->352K(2048K)
[56.426s][info][gc,heap        ] GC(253) ParOldGen: 176974K(1398272K)->176974K(1398272K)
[56.426s][info][gc,metaspace   ] GC(253) Metaspace: 61189K(62144K)->61189K(62144K) NonClass: 53619K(54144K)->53619K(54144K) Class: 7570K(8000K)->7570K(8000K)
[56.426s][info][gc             ] GC(253) Pause Young (Allocation Failure) 511M->173M(1699M) 1.149ms
[56.426s][info][gc,cpu         ] GC(253) User=0.00s Sys=0.00s Real=0.00s
[56.554s][info][gc,start       ] GC(254) Pause Young (Allocation Failure)
[56.556s][info][gc,heap        ] GC(254) PSYoungGen: 340320K(342016K)->384K(333824K) Eden: 339968K(339968K)->0K(333312K) From: 352K(2048K)->384K(512K)
[56.556s][info][gc,heap        ] GC(254) ParOldGen: 176974K(1398272K)->176974K(1398272K)
[56.556s][info][gc,metaspace   ] GC(254) Metaspace: 61189K(62144K)->61189K(62144K) NonClass: 53619K(54144K)->53619K(54144K) Class: 7570K(8000K)->7570K(8000K)
[56.556s][info][gc             ] GC(254) Pause Young (Allocation Failure) 505M->173M(1691M) 1.515ms
[56.556s][info][gc,cpu         ] GC(254) User=0.00s Sys=0.00s Real=0.00s
[56.667s][info][gc,start       ] GC(255) Pause Young (System.gc())
[56.668s][info][gc,heap        ] GC(255) PSYoungGen: 220207K(333824K)->1056K(334848K) Eden: 219823K(333312K)->0K(333312K) From: 384K(512K)->1056K(1536K)
[56.668s][info][gc,heap        ] GC(255) ParOldGen: 176974K(1398272K)->176998K(1398272K)
[56.668s][info][gc,metaspace   ] GC(255) Metaspace: 61214K(62144K)->61214K(62144K) NonClass: 53644K(54144K)->53644K(54144K) Class: 7570K(8000K)->7570K(8000K)
[56.668s][info][gc             ] GC(255) Pause Young (System.gc()) 387M->173M(1692M) 1.258ms
[56.668s][info][gc,cpu         ] GC(255) User=0.00s Sys=0.00s Real=0.00s
[56.669s][info][gc,start       ] GC(256) Pause Full (System.gc())
[56.669s][info][gc,phases,start] GC(256) Marking Phase
[56.764s][info][gc,phases      ] GC(256) Marking Phase 95.235ms
[56.764s][info][gc,phases,start] GC(256) Summary Phase
[56.764s][info][gc,phases      ] GC(256) Summary Phase 0.017ms
[56.764s][info][gc,phases,start] GC(256) Adjust Roots
[56.775s][info][gc,phases      ] GC(256) Adjust Roots 11.300ms
[56.775s][info][gc,phases,start] GC(256) Compaction Phase
[56.803s][info][gc,phases      ] GC(256) Compaction Phase 27.541ms
[56.803s][info][gc,phases,start] GC(256) Post Compact
[56.804s][info][gc,phases      ] GC(256) Post Compact 1.385ms
[56.804s][info][gc,heap        ] GC(256) PSYoungGen: 1056K(334848K)->0K(334848K) Eden: 0K(333312K)->0K(333312K) From: 1056K(1536K)->0K(1536K)
[56.804s][info][gc,heap        ] GC(256) ParOldGen: 176998K(1398272K)->176280K(1398272K)
[56.804s][info][gc,metaspace   ] GC(256) Metaspace: 61214K(62144K)->61214K(62144K) NonClass: 53644K(54144K)->53644K(54144K) Class: 7570K(8000K)->7570K(8000K)
[56.804s][info][gc             ] GC(256) Pause Full (System.gc()) 173M->172M(1692M) 135.762ms
[56.804s][info][gc,cpu         ] GC(256) User=3.16s Sys=0.00s Real=0.14s
[56.976s][info][gc,start       ] GC(257) Pause Young (Allocation Failure)
[56.978s][info][gc,heap        ] GC(257) PSYoungGen: 333312K(334848K)->1184K(328704K) Eden: 333312K(333312K)->0K(327168K) From: 0K(1536K)->1184K(1536K)
[56.978s][info][gc,heap        ] GC(257) ParOldGen: 176280K(1398272K)->176280K(1398272K)
[56.978s][info][gc,metaspace   ] GC(257) Metaspace: 61227K(62144K)->61227K(62144K) NonClass: 53656K(54144K)->53656K(54144K) Class: 7570K(8000K)->7570K(8000K)
[56.978s][info][gc             ] GC(257) Pause Young (Allocation Failure) 497M->173M(1686M) 1.374ms
[56.978s][info][gc,cpu         ] GC(257) User=0.00s Sys=0.00s Real=0.00s
[57.090s][info][gc,start       ] GC(258) Pause Young (Allocation Failure)
[57.092s][info][gc,heap        ] GC(258) PSYoungGen: 328352K(328704K)->704K(322048K) Eden: 327168K(327168K)->0K(321024K) From: 1184K(1536K)->704K(1024K)
[57.092s][info][gc,heap        ] GC(258) ParOldGen: 176280K(1398272K)->176739K(1398272K)
[57.092s][info][gc,metaspace   ] GC(258) Metaspace: 61227K(62144K)->61227K(62144K) NonClass: 53656K(54144K)->53656K(54144K) Class: 7570K(8000K)->7570K(8000K)
[57.092s][info][gc             ] GC(258) Pause Young (Allocation Failure) 492M->173M(1680M) 1.517ms
[57.092s][info][gc,cpu         ] GC(258) User=0.00s Sys=0.00s Real=0.00s
[57.201s][info][gc,start       ] GC(259) Pause Young (Allocation Failure)
[57.203s][info][gc,heap        ] GC(259) PSYoungGen: 321728K(322048K)->352K(315904K) Eden: 321024K(321024K)->0K(315392K) From: 704K(1024K)->352K(512K)
[57.203s][info][gc,heap        ] GC(259) ParOldGen: 176739K(1398272K)->176939K(1398272K)
[57.203s][info][gc,metaspace   ] GC(259) Metaspace: 61227K(62144K)->61227K(62144K) NonClass: 53656K(54144K)->53656K(54144K) Class: 7570K(8000K)->7570K(8000K)
[57.203s][info][gc             ] GC(259) Pause Young (Allocation Failure) 486M->173M(1674M) 2.472ms
[57.203s][info][gc,cpu         ] GC(259) User=0.00s Sys=0.00s Real=0.00s
[57.310s][info][gc,start       ] GC(260) Pause Young (Allocation Failure)
[57.311s][info][gc,heap        ] GC(260) PSYoungGen: 315744K(315904K)->352K(311808K) Eden: 315392K(315392K)->0K(309760K) From: 352K(512K)->352K(2048K)
[57.311s][info][gc,heap        ] GC(260) ParOldGen: 176939K(1398272K)->176947K(1398272K)
[57.311s][info][gc,metaspace   ] GC(260) Metaspace: 61227K(62144K)->61227K(62144K) NonClass: 53656K(54144K)->53656K(54144K) Class: 7570K(8000K)->7570K(8000K)
[57.311s][info][gc             ] GC(260) Pause Young (Allocation Failure) 481M->173M(1670M) 1.061ms
[57.311s][info][gc,cpu         ] GC(260) User=0.00s Sys=0.00s Real=0.00s
[57.431s][info][gc,start       ] GC(261) Pause Young (Allocation Failure)
[57.432s][info][gc,heap        ] GC(261) PSYoungGen: 310112K(311808K)->352K(304640K) Eden: 309760K(309760K)->0K(304128K) From: 352K(2048K)->352K(512K)
[57.432s][info][gc,heap        ] GC(261) ParOldGen: 176947K(1398272K)->176947K(1398272K)
[57.432s][info][gc,metaspace   ] GC(261) Metaspace: 61227K(62144K)->61227K(62144K) NonClass: 53656K(54144K)->53656K(54144K) Class: 7570K(8000K)->7570K(8000K)
[57.432s][info][gc             ] GC(261) Pause Young (Allocation Failure) 475M->173M(1663M) 1.366ms
[57.432s][info][gc,cpu         ] GC(261) User=0.00s Sys=0.00s Real=0.00s
[57.544s][info][gc,start       ] GC(262) Pause Young (Allocation Failure)
[57.545s][info][gc,heap        ] GC(262) PSYoungGen: 304480K(304640K)->384K(300544K) Eden: 304128K(304128K)->0K(299008K) From: 352K(512K)->384K(1536K)
[57.545s][info][gc,heap        ] GC(262) ParOldGen: 176947K(1398272K)->176947K(1398272K)
[57.545s][info][gc,metaspace   ] GC(262) Metaspace: 61227K(62144K)->61227K(62144K) NonClass: 53656K(54144K)->53656K(54144K) Class: 7570K(8000K)->7570K(8000K)
[57.545s][info][gc             ] GC(262) Pause Young (Allocation Failure) 470M->173M(1659M) 0.938ms
[57.545s][info][gc,cpu         ] GC(262) User=0.00s Sys=0.00s Real=0.00s
[57.609s][info][gc,start       ] GC(263) Pause Young (System.gc())
[57.610s][info][gc,heap        ] GC(263) PSYoungGen: 78698K(300544K)->1056K(300544K) Eden: 78314K(299008K)->0K(299008K) From: 384K(1536K)->1056K(1536K)
[57.610s][info][gc,heap        ] GC(263) ParOldGen: 176947K(1398272K)->176979K(1398272K)
[57.610s][info][gc,metaspace   ] GC(263) Metaspace: 61238K(62144K)->61238K(62144K) NonClass: 53667K(54144K)->53667K(54144K) Class: 7570K(8000K)->7570K(8000K)
[57.610s][info][gc             ] GC(263) Pause Young (System.gc()) 249M->173M(1659M) 1.186ms
[57.610s][info][gc,cpu         ] GC(263) User=0.00s Sys=0.00s Real=0.00s
[57.611s][info][gc,start       ] GC(264) Pause Full (System.gc())
[57.611s][info][gc,phases,start] GC(264) Marking Phase
[57.698s][info][gc,phases      ] GC(264) Marking Phase 87.916ms
[57.699s][info][gc,phases,start] GC(264) Summary Phase
[57.699s][info][gc,phases      ] GC(264) Summary Phase 0.014ms
[57.699s][info][gc,phases,start] GC(264) Adjust Roots
[57.706s][info][gc,phases      ] GC(264) Adjust Roots 7.335ms
[57.706s][info][gc,phases,start] GC(264) Compaction Phase
[57.732s][info][gc,phases      ] GC(264) Compaction Phase 26.230ms
[57.732s][info][gc,phases,start] GC(264) Post Compact
[57.734s][info][gc,phases      ] GC(264) Post Compact 1.327ms
[57.734s][info][gc,heap        ] GC(264) PSYoungGen: 1056K(300544K)->0K(300544K) Eden: 0K(299008K)->0K(299008K) From: 1056K(1536K)->0K(1536K)
[57.734s][info][gc,heap        ] GC(264) ParOldGen: 176979K(1398272K)->176293K(1398272K)
[57.734s][info][gc,metaspace   ] GC(264) Metaspace: 61238K(62144K)->61238K(62144K) NonClass: 53667K(54144K)->53667K(54144K) Class: 7570K(8000K)->7570K(8000K)
[57.734s][info][gc             ] GC(264) Pause Full (System.gc()) 173M->172M(1659M) 123.114ms
[57.734s][info][gc,cpu         ] GC(264) User=2.78s Sys=0.00s Real=0.13s
[57.888s][info][gc,start       ] GC(265) Pause Young (Allocation Failure)
[57.890s][info][gc,heap        ] GC(265) PSYoungGen: 299008K(300544K)->1184K(295424K) Eden: 299008K(299008K)->0K(293888K) From: 0K(1536K)->1184K(1536K)
[57.890s][info][gc,heap        ] GC(265) ParOldGen: 176293K(1398272K)->176293K(1398272K)
[57.890s][info][gc,metaspace   ] GC(265) Metaspace: 61239K(62144K)->61239K(62144K) NonClass: 53669K(54144K)->53669K(54144K) Class: 7570K(8000K)->7570K(8000K)
[57.890s][info][gc             ] GC(265) Pause Young (Allocation Failure) 464M->173M(1654M) 1.635ms
[57.890s][info][gc,cpu         ] GC(265) User=0.00s Sys=0.00s Real=0.00s
[57.986s][info][gc,start       ] GC(266) Pause Young (Allocation Failure)
[57.988s][info][gc,heap        ] GC(266) PSYoungGen: 295072K(295424K)->512K(289280K) Eden: 293888K(293888K)->0K(288768K) From: 1184K(1536K)->512K(512K)
[57.988s][info][gc,heap        ] GC(266) ParOldGen: 176293K(1398272K)->176744K(1398272K)
[57.988s][info][gc,metaspace   ] GC(266) Metaspace: 61239K(62144K)->61239K(62144K) NonClass: 53669K(54144K)->53669K(54144K) Class: 7570K(8000K)->7570K(8000K)
[57.988s][info][gc             ] GC(266) Pause Young (Allocation Failure) 460M->173M(1648M) 1.245ms
[57.988s][info][gc,cpu         ] GC(266) User=0.00s Sys=0.00s Real=0.00s
[58.087s][info][gc,start       ] GC(267) Pause Young (Allocation Failure)
[58.088s][info][gc,heap        ] GC(267) PSYoungGen: 289280K(289280K)->256K(285696K) Eden: 288768K(288768K)->0K(283648K) From: 512K(512K)->256K(2048K)
[58.088s][info][gc,heap        ] GC(267) ParOldGen: 176744K(1398272K)->176928K(1398272K)
[58.088s][info][gc,metaspace   ] GC(267) Metaspace: 61239K(62144K)->61239K(62144K) NonClass: 53669K(54144K)->53669K(54144K) Class: 7570K(8000K)->7570K(8000K)
[58.088s][info][gc             ] GC(267) Pause Young (Allocation Failure) 455M->173M(1644M) 0.954ms
[58.088s][info][gc,cpu         ] GC(267) User=0.00s Sys=0.00s Real=0.00s
[58.191s][info][gc,start       ] GC(268) Pause Young (Allocation Failure)
[58.193s][info][gc,heap        ] GC(268) PSYoungGen: 283904K(285696K)->416K(279552K) Eden: 283648K(283648K)->0K(279040K) From: 256K(2048K)->416K(512K)
[58.193s][info][gc,heap        ] GC(268) ParOldGen: 176928K(1398272K)->176928K(1398272K)
[58.193s][info][gc,metaspace   ] GC(268) Metaspace: 61239K(62144K)->61239K(62144K) NonClass: 53669K(54144K)->53669K(54144K) Class: 7570K(8000K)->7570K(8000K)
[58.193s][info][gc             ] GC(268) Pause Young (Allocation Failure) 450M->173M(1638M) 1.920ms
[58.193s][info][gc,cpu         ] GC(268) User=0.00s Sys=0.00s Real=0.00s
[58.292s][info][gc,start       ] GC(269) Pause Young (Allocation Failure)
[58.292s][info][gc,heap        ] GC(269) PSYoungGen: 279456K(279552K)->320K(276480K) Eden: 279040K(279040K)->0K(274432K) From: 416K(512K)->320K(2048K)
[58.293s][info][gc,heap        ] GC(269) ParOldGen: 176928K(1398272K)->176936K(1398272K)
[58.293s][info][gc,metaspace   ] GC(269) Metaspace: 61239K(62144K)->61239K(62144K) NonClass: 53669K(54144K)->53669K(54144K) Class: 7570K(8000K)->7570K(8000K)
[58.293s][info][gc             ] GC(269) Pause Young (Allocation Failure) 445M->173M(1635M) 0.966ms
[58.293s][info][gc,cpu         ] GC(269) User=0.00s Sys=0.00s Real=0.00s
[58.390s][info][gc,start       ] GC(270) Pause Young (Allocation Failure)
[58.391s][info][gc,heap        ] GC(270) PSYoungGen: 274752K(276480K)->384K(270336K) Eden: 274432K(274432K)->0K(269824K) From: 320K(2048K)->384K(512K)
[58.391s][info][gc,heap        ] GC(270) ParOldGen: 176936K(1398272K)->176936K(1398272K)
[58.391s][info][gc,metaspace   ] GC(270) Metaspace: 61239K(62144K)->61239K(62144K) NonClass: 53669K(54144K)->53669K(54144K) Class: 7570K(8000K)->7570K(8000K)
[58.391s][info][gc             ] GC(270) Pause Young (Allocation Failure) 441M->173M(1629M) 1.083ms
[58.391s][info][gc,cpu         ] GC(270) User=0.00s Sys=0.00s Real=0.00s
[58.511s][info][gc,start       ] GC(271) Pause Young (Allocation Failure)
[58.512s][info][gc,heap        ] GC(271) PSYoungGen: 270208K(270336K)->1088K(267264K) Eden: 269824K(269824K)->0K(265728K) From: 384K(512K)->1088K(1536K)
[58.512s][info][gc,heap        ] GC(271) ParOldGen: 176936K(1398272K)->176952K(1398272K)
[58.512s][info][gc,metaspace   ] GC(271) Metaspace: 61239K(62144K)->61239K(62144K) NonClass: 53669K(54144K)->53669K(54144K) Class: 7570K(8000K)->7570K(8000K)
[58.513s][info][gc             ] GC(271) Pause Young (Allocation Failure) 436M->173M(1626M) 1.270ms
[58.513s][info][gc,cpu         ] GC(271) User=0.00s Sys=0.00s Real=0.00s
[58.515s][info][gc,start       ] GC(272) Pause Young (System.gc())
[58.517s][info][gc,heap        ] GC(272) PSYoungGen: 4080K(267264K)->960K(266752K) Eden: 2992K(265728K)->0K(265728K) From: 1088K(1536K)->960K(1024K)
[58.517s][info][gc,heap        ] GC(272) ParOldGen: 176952K(1398272K)->177236K(1398272K)
[58.517s][info][gc,metaspace   ] GC(272) Metaspace: 61239K(62144K)->61239K(62144K) NonClass: 53669K(54144K)->53669K(54144K) Class: 7570K(8000K)->7570K(8000K)
[58.517s][info][gc             ] GC(272) Pause Young (System.gc()) 176M->174M(1626M) 1.320ms
[58.517s][info][gc,cpu         ] GC(272) User=0.00s Sys=0.00s Real=0.00s
[58.517s][info][gc,start       ] GC(273) Pause Full (System.gc())
[58.517s][info][gc,phases,start] GC(273) Marking Phase
[58.604s][info][gc,phases      ] GC(273) Marking Phase 87.158ms
[58.604s][info][gc,phases,start] GC(273) Summary Phase
[58.604s][info][gc,phases      ] GC(273) Summary Phase 0.015ms
[58.604s][info][gc,phases,start] GC(273) Adjust Roots
[58.614s][info][gc,phases      ] GC(273) Adjust Roots 9.786ms
[58.614s][info][gc,phases,start] GC(273) Compaction Phase
[58.638s][info][gc,phases      ] GC(273) Compaction Phase 24.077ms
[58.638s][info][gc,phases,start] GC(273) Post Compact
[58.640s][info][gc,phases      ] GC(273) Post Compact 1.343ms
[58.640s][info][gc,heap        ] GC(273) PSYoungGen: 960K(266752K)->0K(266752K) Eden: 0K(265728K)->0K(265728K) From: 960K(1024K)->0K(1024K)
[58.640s][info][gc,heap        ] GC(273) ParOldGen: 177236K(1398272K)->176311K(1398272K)
[58.640s][info][gc,metaspace   ] GC(273) Metaspace: 61239K(62144K)->61239K(62144K) NonClass: 53669K(54144K)->53669K(54144K) Class: 7570K(8000K)->7570K(8000K)
[58.640s][info][gc             ] GC(273) Pause Full (System.gc()) 174M->172M(1626M) 122.667ms
[58.640s][info][gc,cpu         ] GC(273) User=2.98s Sys=0.00s Real=0.13s
[58.786s][info][gc,start       ] GC(274) Pause Young (Allocation Failure)
[58.787s][info][gc,heap        ] GC(274) PSYoungGen: 265728K(266752K)->1184K(263168K) Eden: 265728K(265728K)->0K(261632K) From: 0K(1024K)->1184K(1536K)
[58.787s][info][gc,heap        ] GC(274) ParOldGen: 176311K(1398272K)->176319K(1398272K)
[58.787s][info][gc,metaspace   ] GC(274) Metaspace: 61246K(62144K)->61246K(62144K) NonClass: 53675K(54144K)->53675K(54144K) Class: 7570K(8000K)->7570K(8000K)
[58.787s][info][gc             ] GC(274) Pause Young (Allocation Failure) 431M->173M(1622M) 1.452ms
[58.787s][info][gc,cpu         ] GC(274) User=0.00s Sys=0.00s Real=0.00s
[58.878s][info][gc,start       ] GC(275) Pause Young (Allocation Failure)
[58.880s][info][gc,heap        ] GC(275) PSYoungGen: 262816K(263168K)->832K(258560K) Eden: 261632K(261632K)->0K(257536K) From: 1184K(1536K)->832K(1024K)
[58.880s][info][gc,heap        ] GC(275) ParOldGen: 176319K(1398272K)->176778K(1398272K)
[58.880s][info][gc,metaspace   ] GC(275) Metaspace: 61246K(62144K)->61246K(62144K) NonClass: 53675K(54144K)->53675K(54144K) Class: 7570K(8000K)->7570K(8000K)
[58.880s][info][gc             ] GC(275) Pause Young (Allocation Failure) 428M->173M(1618M) 1.743ms
[58.880s][info][gc,cpu         ] GC(275) User=0.00s Sys=0.00s Real=0.00s
[58.977s][info][gc,start       ] GC(276) Pause Young (Allocation Failure)
[58.978s][info][gc,heap        ] GC(276) PSYoungGen: 258368K(258560K)->192K(253952K) Eden: 257536K(257536K)->0K(253440K) From: 832K(1024K)->192K(512K)
[58.978s][info][gc,heap        ] GC(276) ParOldGen: 176778K(1398272K)->176994K(1398272K)
[58.978s][info][gc,metaspace   ] GC(276) Metaspace: 61246K(62144K)->61246K(62144K) NonClass: 53675K(54144K)->53675K(54144K) Class: 7570K(8000K)->7570K(8000K)
[58.978s][info][gc             ] GC(276) Pause Young (Allocation Failure) 424M->173M(1613M) 1.197ms
[58.978s][info][gc,cpu         ] GC(276) User=0.00s Sys=0.00s Real=0.00s
[59.072s][info][gc,start       ] GC(277) Pause Young (Allocation Failure)
[59.074s][info][gc,heap        ] GC(277) PSYoungGen: 253632K(253952K)->288K(249856K) Eden: 253440K(253440K)->0K(249344K) From: 192K(512K)->288K(512K)
[59.074s][info][gc,heap        ] GC(277) ParOldGen: 176994K(1398272K)->176994K(1398272K)
[59.074s][info][gc,metaspace   ] GC(277) Metaspace: 61246K(62144K)->61246K(62144K) NonClass: 53675K(54144K)->53675K(54144K) Class: 7570K(8000K)->7570K(8000K)
[59.074s][info][gc             ] GC(277) Pause Young (Allocation Failure) 420M->173M(1609M) 1.500ms
[59.074s][info][gc,cpu         ] GC(277) User=0.00s Sys=0.00s Real=0.00s
[59.161s][info][gc,start       ] GC(278) Pause Young (Allocation Failure)
[59.162s][info][gc,heap        ] GC(278) PSYoungGen: 249632K(249856K)->384K(247808K) Eden: 249344K(249344K)->0K(245760K) From: 288K(512K)->384K(2048K)
[59.162s][info][gc,heap        ] GC(278) ParOldGen: 176994K(1398272K)->176994K(1398272K)
[59.162s][info][gc,metaspace   ] GC(278) Metaspace: 61246K(62144K)->61246K(62144K) NonClass: 53675K(54144K)->53675K(54144K) Class: 7570K(8000K)->7570K(8000K)
[59.162s][info][gc             ] GC(278) Pause Young (Allocation Failure) 416M->173M(1607M) 1.085ms
[59.162s][info][gc,cpu         ] GC(278) User=0.00s Sys=0.00s Real=0.00s
[59.246s][info][gc,start       ] GC(279) Pause Young (Allocation Failure)
[59.247s][info][gc,heap        ] GC(279) PSYoungGen: 246144K(247808K)->384K(242688K) Eden: 245760K(245760K)->0K(242176K) From: 384K(2048K)->384K(512K)
[59.247s][info][gc,heap        ] GC(279) ParOldGen: 176994K(1398272K)->177002K(1398272K)
[59.247s][info][gc,metaspace   ] GC(279) Metaspace: 61246K(62144K)->61246K(62144K) NonClass: 53675K(54144K)->53675K(54144K) Class: 7570K(8000K)->7570K(8000K)
[59.247s][info][gc             ] GC(279) Pause Young (Allocation Failure) 413M->173M(1602M) 1.292ms
[59.247s][info][gc,cpu         ] GC(279) User=0.00s Sys=0.00s Real=0.00s
[59.332s][info][gc,start       ] GC(280) Pause Young (Allocation Failure)
[59.333s][info][gc,heap        ] GC(280) PSYoungGen: 242560K(242688K)->320K(240128K) Eden: 242176K(242176K)->0K(238592K) From: 384K(512K)->320K(1536K)
[59.333s][info][gc,heap        ] GC(280) ParOldGen: 177002K(1398272K)->177010K(1398272K)
[59.333s][info][gc,metaspace   ] GC(280) Metaspace: 61246K(62144K)->61246K(62144K) NonClass: 53675K(54144K)->53675K(54144K) Class: 7570K(8000K)->7570K(8000K)
[59.333s][info][gc             ] GC(280) Pause Young (Allocation Failure) 409M->173M(1600M) 0.940ms
[59.333s][info][gc,cpu         ] GC(280) User=0.00s Sys=0.00s Real=0.00s
[59.459s][info][gc,start       ] GC(281) Pause Young (System.gc())
[59.460s][info][gc,heap        ] GC(281) PSYoungGen: 211627K(240128K)->1056K(240128K) Eden: 211307K(238592K)->0K(238592K) From: 320K(1536K)->1056K(1536K)
[59.460s][info][gc,heap        ] GC(281) ParOldGen: 177010K(1398272K)->177026K(1398272K)
[59.460s][info][gc,metaspace   ] GC(281) Metaspace: 61247K(62144K)->61247K(62144K) NonClass: 53676K(54144K)->53676K(54144K) Class: 7570K(8000K)->7570K(8000K)
[59.460s][info][gc             ] GC(281) Pause Young (System.gc()) 379M->173M(1600M) 1.237ms
[59.461s][info][gc,cpu         ] GC(281) User=0.00s Sys=0.00s Real=0.00s
[59.461s][info][gc,start       ] GC(282) Pause Full (System.gc())
[59.461s][info][gc,phases,start] GC(282) Marking Phase
[59.549s][info][gc,phases      ] GC(282) Marking Phase 88.434ms
[59.549s][info][gc,phases,start] GC(282) Summary Phase
[59.549s][info][gc,phases      ] GC(282) Summary Phase 0.016ms
[59.549s][info][gc,phases,start] GC(282) Adjust Roots
[59.559s][info][gc,phases      ] GC(282) Adjust Roots 10.167ms
[59.559s][info][gc,phases,start] GC(282) Compaction Phase
[59.584s][info][gc,phases      ] GC(282) Compaction Phase 24.874ms
[59.584s][info][gc,phases,start] GC(282) Post Compact
[59.586s][info][gc,phases      ] GC(282) Post Compact 1.393ms
[59.586s][info][gc,heap        ] GC(282) PSYoungGen: 1056K(240128K)->0K(240128K) Eden: 0K(238592K)->0K(238592K) From: 1056K(1536K)->0K(1536K)
[59.586s][info][gc,heap        ] GC(282) ParOldGen: 177026K(1398272K)->176328K(1398272K)
[59.586s][info][gc,metaspace   ] GC(282) Metaspace: 61247K(62144K)->61247K(62144K) NonClass: 53676K(54144K)->53676K(54144K) Class: 7570K(8000K)->7570K(8000K)
[59.586s][info][gc             ] GC(282) Pause Full (System.gc()) 173M->172M(1600M) 125.165ms
[59.586s][info][gc,cpu         ] GC(282) User=3.14s Sys=0.00s Real=0.13s
[59.725s][info][gc,start       ] GC(283) Pause Young (Allocation Failure)
[59.727s][info][gc,heap        ] GC(283) PSYoungGen: 238592K(240128K)->1184K(236544K) Eden: 238592K(238592K)->0K(235008K) From: 0K(1536K)->1184K(1536K)
[59.727s][info][gc,heap        ] GC(283) ParOldGen: 176328K(1398272K)->176336K(1398272K)
[59.727s][info][gc,metaspace   ] GC(283) Metaspace: 61257K(62144K)->61257K(62144K) NonClass: 53686K(54144K)->53686K(54144K) Class: 7570K(8000K)->7570K(8000K)
[59.727s][info][gc             ] GC(283) Pause Young (Allocation Failure) 405M->173M(1596M) 1.567ms
[59.727s][info][gc,cpu         ] GC(283) User=0.00s Sys=0.00s Real=0.00s
[59.810s][info][gc,start       ] GC(284) Pause Young (Allocation Failure)
[59.812s][info][gc,heap        ] GC(284) PSYoungGen: 236192K(236544K)->736K(232448K) Eden: 235008K(235008K)->0K(231424K) From: 1184K(1536K)->736K(1024K)
[59.812s][info][gc,heap        ] GC(284) ParOldGen: 176336K(1398272K)->176779K(1398272K)
[59.812s][info][gc,metaspace   ] GC(284) Metaspace: 61257K(62144K)->61257K(62144K) NonClass: 53686K(54144K)->53686K(54144K) Class: 7570K(8000K)->7570K(8000K)
[59.812s][info][gc             ] GC(284) Pause Young (Allocation Failure) 402M->173M(1592M) 1.592ms
[59.812s][info][gc,cpu         ] GC(284) User=0.00s Sys=0.00s Real=0.00s
[59.888s][info][gc,start       ] GC(285) Pause Young (Allocation Failure)
[59.889s][info][gc,heap        ] GC(285) PSYoungGen: 232160K(232448K)->256K(228864K) Eden: 231424K(231424K)->0K(228352K) From: 736K(1024K)->256K(512K)
[59.889s][info][gc,heap        ] GC(285) ParOldGen: 176779K(1398272K)->176979K(1398272K)
[59.889s][info][gc,metaspace   ] GC(285) Metaspace: 61257K(62144K)->61257K(62144K) NonClass: 53686K(54144K)->53686K(54144K) Class: 7570K(8000K)->7570K(8000K)
[59.889s][info][gc             ] GC(285) Pause Young (Allocation Failure) 399M->173M(1589M) 1.379ms
[59.889s][info][gc,cpu         ] GC(285) User=0.00s Sys=0.00s Real=0.00s
[59.981s][info][gc,start       ] GC(286) Pause Young (Allocation Failure)
[59.982s][info][gc,heap        ] GC(286) PSYoungGen: 228608K(228864K)->320K(225792K) Eden: 228352K(228352K)->0K(225280K) From: 256K(512K)->320K(512K)
[59.982s][info][gc,heap        ] GC(286) ParOldGen: 176979K(1398272K)->176979K(1398272K)
[59.982s][info][gc,metaspace   ] GC(286) Metaspace: 61257K(62144K)->61257K(62144K) NonClass: 53686K(54144K)->53686K(54144K) Class: 7570K(8000K)->7570K(8000K)
[59.982s][info][gc             ] GC(286) Pause Young (Allocation Failure) 396M->173M(1586M) 1.329ms
[59.982s][info][gc,cpu         ] GC(286) User=0.00s Sys=0.00s Real=0.00s
[60.072s][info][gc,start       ] GC(287) Pause Young (Allocation Failure)
[60.073s][info][gc,heap        ] GC(287) PSYoungGen: 225600K(225792K)->320K(223744K) Eden: 225280K(225280K)->0K(222208K) From: 320K(512K)->320K(1536K)
[60.073s][info][gc,heap        ] GC(287) ParOldGen: 176979K(1398272K)->176979K(1398272K)
[60.073s][info][gc,metaspace   ] GC(287) Metaspace: 61257K(62144K)->61257K(62144K) NonClass: 53686K(54144K)->53686K(54144K) Class: 7570K(8000K)->7570K(8000K)
[60.073s][info][gc             ] GC(287) Pause Young (Allocation Failure) 393M->173M(1584M) 1.033ms
[60.073s][info][gc,cpu         ] GC(287) User=0.00s Sys=0.00s Real=0.00s
[60.153s][info][gc,start       ] GC(288) Pause Young (Allocation Failure)
[60.155s][info][gc,heap        ] GC(288) PSYoungGen: 222528K(223744K)->800K(220160K) Eden: 222208K(222208K)->0K(219136K) From: 320K(1536K)->800K(1024K)
[60.155s][info][gc,heap        ] GC(288) ParOldGen: 176979K(1398272K)->176995K(1398272K)
[60.155s][info][gc,metaspace   ] GC(288) Metaspace: 61257K(62144K)->61257K(62144K) NonClass: 53686K(54144K)->53686K(54144K) Class: 7570K(8000K)->7570K(8000K)
[60.155s][info][gc             ] GC(288) Pause Young (Allocation Failure) 390M->173M(1580M) 1.511ms
[60.155s][info][gc,cpu         ] GC(288) User=0.00s Sys=0.00s Real=0.00s
[60.234s][info][gc,start       ] GC(289) Pause Young (Allocation Failure)
[60.235s][info][gc,heap        ] GC(289) PSYoungGen: 219936K(220160K)->288K(216576K) Eden: 219136K(219136K)->0K(216064K) From: 800K(1024K)->288K(512K)
[60.235s][info][gc,heap        ] GC(289) ParOldGen: 176995K(1398272K)->177171K(1398272K)
[60.235s][info][gc,metaspace   ] GC(289) Metaspace: 61257K(62144K)->61257K(62144K) NonClass: 53686K(54144K)->53686K(54144K) Class: 7570K(8000K)->7570K(8000K)
[60.235s][info][gc             ] GC(289) Pause Young (Allocation Failure) 387M->173M(1577M) 1.214ms
[60.235s][info][gc,cpu         ] GC(289) User=0.00s Sys=0.00s Real=0.00s
[60.313s][info][gc,start       ] GC(290) Pause Young (Allocation Failure)
[60.314s][info][gc,heap        ] GC(290) PSYoungGen: 216352K(216576K)->320K(260096K) Eden: 216064K(216064K)->0K(259584K) From: 288K(512K)->320K(512K)
[60.314s][info][gc,heap        ] GC(290) ParOldGen: 177171K(1398272K)->177195K(1398272K)
[60.314s][info][gc,metaspace   ] GC(290) Metaspace: 61257K(62144K)->61257K(62144K) NonClass: 53686K(54144K)->53686K(54144K) Class: 7570K(8000K)->7570K(8000K)
[60.314s][info][gc             ] GC(290) Pause Young (Allocation Failure) 384M->173M(1619M) 1.731ms
[60.315s][info][gc,cpu         ] GC(290) User=0.00s Sys=0.02s Real=0.01s
[60.410s][info][gc,start       ] GC(291) Pause Young (System.gc())
[60.411s][info][gc,heap        ] GC(291) PSYoungGen: 170289K(260096K)->1056K(261120K) Eden: 169969K(259584K)->0K(259584K) From: 320K(512K)->1056K(1536K)
[60.411s][info][gc,heap        ] GC(291) ParOldGen: 177195K(1398272K)->177211K(1398272K)
[60.411s][info][gc,metaspace   ] GC(291) Metaspace: 61266K(62208K)->61266K(62208K) NonClass: 53695K(54208K)->53695K(54208K) Class: 7570K(8000K)->7570K(8000K)
[60.411s][info][gc             ] GC(291) Pause Young (System.gc()) 339M->174M(1620M) 1.292ms
[60.411s][info][gc,cpu         ] GC(291) User=0.00s Sys=0.00s Real=0.00s
[60.411s][info][gc,start       ] GC(292) Pause Full (System.gc())
[60.411s][info][gc,phases,start] GC(292) Marking Phase
[60.504s][info][gc,phases      ] GC(292) Marking Phase 92.098ms
[60.504s][info][gc,phases,start] GC(292) Summary Phase
[60.504s][info][gc,phases      ] GC(292) Summary Phase 0.017ms
[60.504s][info][gc,phases,start] GC(292) Adjust Roots
[60.514s][info][gc,phases      ] GC(292) Adjust Roots 10.215ms
[60.514s][info][gc,phases,start] GC(292) Compaction Phase
[60.540s][info][gc,phases      ] GC(292) Compaction Phase 26.174ms
[60.540s][info][gc,phases,start] GC(292) Post Compact
[60.542s][info][gc,phases      ] GC(292) Post Compact 1.489ms
[60.542s][info][gc,heap        ] GC(292) PSYoungGen: 1056K(261120K)->0K(261120K) Eden: 0K(259584K)->0K(259584K) From: 1056K(1536K)->0K(1536K)
[60.542s][info][gc,heap        ] GC(292) ParOldGen: 177211K(1398272K)->176336K(1398272K)
[60.542s][info][gc,metaspace   ] GC(292) Metaspace: 61266K(62208K)->61266K(62208K) NonClass: 53695K(54208K)->53695K(54208K) Class: 7570K(8000K)->7570K(8000K)
[60.542s][info][gc             ] GC(292) Pause Full (System.gc()) 174M->172M(1620M) 130.312ms
[60.542s][info][gc,cpu         ] GC(292) User=3.14s Sys=0.00s Real=0.13s
[60.691s][info][gc,start       ] GC(293) Pause Young (Allocation Failure)
[60.694s][info][gc,heap        ] GC(293) PSYoungGen: 259584K(261120K)->1120K(313344K) Eden: 259584K(259584K)->0K(311808K) From: 0K(1536K)->1120K(1536K)
[60.695s][info][gc,heap        ] GC(293) ParOldGen: 176336K(1398272K)->176344K(1398272K)
[60.695s][info][gc,metaspace   ] GC(293) Metaspace: 61300K(62208K)->61300K(62208K) NonClass: 53729K(54208K)->53729K(54208K) Class: 7570K(8000K)->7570K(8000K)
[60.695s][info][gc             ] GC(293) Pause Young (Allocation Failure) 425M->173M(1671M) 3.257ms
[60.695s][info][gc,cpu         ] GC(293) User=0.00s Sys=0.00s Real=0.00s
[60.794s][info][gc,start       ] GC(294) Pause Young (Allocation Failure)
[60.797s][info][gc,heap        ] GC(294) PSYoungGen: 312928K(313344K)->800K(375296K) Eden: 311808K(311808K)->0K(374272K) From: 1120K(1536K)->800K(1024K)
[60.797s][info][gc,heap        ] GC(294) ParOldGen: 176344K(1398272K)->176779K(1398272K)
[60.797s][info][gc,metaspace   ] GC(294) Metaspace: 61300K(62208K)->61300K(62208K) NonClass: 53729K(54208K)->53729K(54208K) Class: 7570K(8000K)->7570K(8000K)
[60.797s][info][gc             ] GC(294) Pause Young (Allocation Failure) 477M->173M(1732M) 3.128ms
[60.797s][info][gc,cpu         ] GC(294) User=0.00s Sys=0.00s Real=0.00s
[60.951s][info][gc,start       ] GC(295) Pause Young (Allocation Failure)
[60.955s][info][gc,heap        ] GC(295) PSYoungGen: 375072K(375296K)->128K(450048K) Eden: 374272K(374272K)->0K(449536K) From: 800K(1024K)->128K(512K)
[60.955s][info][gc,heap        ] GC(295) ParOldGen: 176779K(1398272K)->176987K(1398272K)
[60.955s][info][gc,metaspace   ] GC(295) Metaspace: 61300K(62208K)->61300K(62208K) NonClass: 53729K(54208K)->53729K(54208K) Class: 7570K(8000K)->7570K(8000K)
[60.955s][info][gc             ] GC(295) Pause Young (Allocation Failure) 538M->172M(1805M) 3.993ms
[60.955s][info][gc,cpu         ] GC(295) User=0.00s Sys=0.02s Real=0.02s
[61.129s][info][gc,start       ] GC(296) Pause Young (Allocation Failure)
[61.132s][info][gc,heap        ] GC(296) PSYoungGen: 449664K(450048K)->256K(541696K) Eden: 449536K(449536K)->0K(539648K) From: 128K(512K)->256K(2048K)
[61.132s][info][gc,heap        ] GC(296) ParOldGen: 176987K(1398272K)->176987K(1398272K)
[61.132s][info][gc,metaspace   ] GC(296) Metaspace: 61300K(62208K)->61300K(62208K) NonClass: 53729K(54208K)->53729K(54208K) Class: 7570K(8000K)->7570K(8000K)
[61.132s][info][gc             ] GC(296) Pause Young (Allocation Failure) 611M->173M(1894M) 3.053ms
[61.132s][info][gc,cpu         ] GC(296) User=0.00s Sys=0.00s Real=0.00s
[61.319s][info][gc,start       ] GC(297) Pause Young (Allocation Failure)
[61.322s][info][gc,heap        ] GC(297) PSYoungGen: 539904K(541696K)->768K(648704K) Eden: 539648K(539648K)->0K(647680K) From: 256K(2048K)->768K(1024K)
[61.322s][info][gc,heap        ] GC(297) ParOldGen: 176987K(1398272K)->176987K(1398272K)
[61.322s][info][gc,metaspace   ] GC(297) Metaspace: 61300K(62208K)->61300K(62208K) NonClass: 53729K(54208K)->53729K(54208K) Class: 7570K(8000K)->7570K(8000K)
[61.322s][info][gc             ] GC(297) Pause Young (Allocation Failure) 700M->173M(1999M) 3.389ms
[61.323s][info][gc,cpu         ] GC(297) User=0.00s Sys=0.00s Real=0.00s
[61.371s][info][gc,start       ] GC(298) Pause Young (System.gc())
[61.374s][info][gc,heap        ] GC(298) PSYoungGen: 56862K(648704K)->1024K(648704K) Eden: 56094K(647680K)->0K(647680K) From: 768K(1024K)->1024K(1024K)
[61.374s][info][gc,heap        ] GC(298) ParOldGen: 176987K(1398272K)->177091K(1398272K)
[61.375s][info][gc,metaspace   ] GC(298) Metaspace: 61320K(62208K)->61320K(62208K) NonClass: 53749K(54208K)->53749K(54208K) Class: 7570K(8000K)->7570K(8000K)
[61.375s][info][gc             ] GC(298) Pause Young (System.gc()) 228M->173M(1999M) 3.409ms
[61.375s][info][gc,cpu         ] GC(298) User=0.00s Sys=0.00s Real=0.00s
[61.375s][info][gc,start       ] GC(299) Pause Full (System.gc())
[61.375s][info][gc,phases,start] GC(299) Marking Phase
[61.462s][info][gc,phases      ] GC(299) Marking Phase 87.283ms
[61.462s][info][gc,phases,start] GC(299) Summary Phase
[61.462s][info][gc,phases      ] GC(299) Summary Phase 0.015ms
[61.462s][info][gc,phases,start] GC(299) Adjust Roots
[61.473s][info][gc,phases      ] GC(299) Adjust Roots 11.000ms
[61.473s][info][gc,phases,start] GC(299) Compaction Phase
[61.502s][info][gc,phases      ] GC(299) Compaction Phase 28.942ms
[61.502s][info][gc,phases,start] GC(299) Post Compact
[61.504s][info][gc,phases      ] GC(299) Post Compact 1.373ms
[61.504s][info][gc,heap        ] GC(299) PSYoungGen: 1024K(648704K)->0K(648704K) Eden: 0K(647680K)->0K(647680K) From: 1024K(1024K)->0K(1024K)
[61.504s][info][gc,heap        ] GC(299) ParOldGen: 177091K(1398272K)->176354K(1398272K)
[61.504s][info][gc,metaspace   ] GC(299) Metaspace: 61320K(62208K)->61320K(62208K) NonClass: 53749K(54208K)->53749K(54208K) Class: 7570K(8000K)->7570K(8000K)
[61.504s][info][gc             ] GC(299) Pause Full (System.gc()) 173M->172M(1999M) 128.897ms
[61.504s][info][gc,cpu         ] GC(299) User=3.06s Sys=0.00s Real=0.14s
[61.775s][info][gc,start       ] GC(300) Pause Young (Allocation Failure)
[61.777s][info][gc,heap        ] GC(300) PSYoungGen: 647680K(648704K)->1184K(687616K) Eden: 647680K(647680K)->0K(686080K) From: 0K(1024K)->1184K(1536K)
[61.777s][info][gc,heap        ] GC(300) ParOldGen: 176354K(1398272K)->176354K(1398272K)
[61.777s][info][gc,metaspace   ] GC(300) Metaspace: 61325K(62208K)->61325K(62208K) NonClass: 53754K(54208K)->53754K(54208K) Class: 7570K(8000K)->7570K(8000K)
[61.777s][info][gc             ] GC(300) Pause Young (Allocation Failure) 804M->173M(2037M) 1.969ms
[61.777s][info][gc,cpu         ] GC(300) User=0.00s Sys=0.00s Real=0.00s
[62.010s][info][gc,start       ] GC(301) Pause Young (Allocation Failure)
[62.012s][info][gc,heap        ] GC(301) PSYoungGen: 687264K(687616K)->672K(688128K) Eden: 686080K(686080K)->0K(686080K) From: 1184K(1536K)->672K(2048K)
[62.012s][info][gc,heap        ] GC(301) ParOldGen: 176354K(1398272K)->176791K(1398272K)
[62.012s][info][gc,metaspace   ] GC(301) Metaspace: 61325K(62208K)->61325K(62208K) NonClass: 53754K(54208K)->53754K(54208K) Class: 7570K(8000K)->7570K(8000K)
[62.012s][info][gc             ] GC(301) Pause Young (Allocation Failure) 843M->173M(2037M) 1.577ms
[62.012s][info][gc,cpu         ] GC(301) User=0.00s Sys=0.00s Real=0.00s
[62.261s][info][gc,start       ] GC(302) Pause Young (System.gc())
[62.262s][info][gc,heap        ] GC(302) PSYoungGen: 659468K(688128K)->1056K(825344K) Eden: 658796K(686080K)->0K(823296K) From: 672K(2048K)->1056K(2048K)
[62.263s][info][gc,heap        ] GC(302) ParOldGen: 176791K(1398272K)->176935K(1398272K)
[62.263s][info][gc,metaspace   ] GC(302) Metaspace: 61327K(62208K)->61327K(62208K) NonClass: 53756K(54208K)->53756K(54208K) Class: 7570K(8000K)->7570K(8000K)
[62.263s][info][gc             ] GC(302) Pause Young (System.gc()) 816M->173M(2171M) 1.236ms
[62.263s][info][gc,cpu         ] GC(302) User=0.00s Sys=0.00s Real=0.00s
[62.263s][info][gc,start       ] GC(303) Pause Full (System.gc())
[62.263s][info][gc,phases,start] GC(303) Marking Phase
[62.358s][info][gc,phases      ] GC(303) Marking Phase 95.564ms
[62.358s][info][gc,phases,start] GC(303) Summary Phase
[62.358s][info][gc,phases      ] GC(303) Summary Phase 0.017ms
[62.358s][info][gc,phases,start] GC(303) Adjust Roots
[62.370s][info][gc,phases      ] GC(303) Adjust Roots 11.959ms
[62.370s][info][gc,phases,start] GC(303) Compaction Phase
[62.399s][info][gc,phases      ] GC(303) Compaction Phase 28.419ms
[62.399s][info][gc,phases,start] GC(303) Post Compact
[62.400s][info][gc,phases      ] GC(303) Post Compact 1.352ms
[62.400s][info][gc,heap        ] GC(303) PSYoungGen: 1056K(825344K)->0K(825344K) Eden: 0K(823296K)->0K(823296K) From: 1056K(2048K)->0K(2048K)
[62.400s][info][gc,heap        ] GC(303) ParOldGen: 176935K(1398272K)->176370K(1398272K)
[62.400s][info][gc,metaspace   ] GC(303) Metaspace: 61327K(62208K)->61327K(62208K) NonClass: 53756K(54208K)->53756K(54208K) Class: 7570K(8000K)->7570K(8000K)
[62.400s][info][gc             ] GC(303) Pause Full (System.gc()) 173M->172M(2171M) 137.589ms
[62.400s][info][gc,cpu         ] GC(303) User=3.31s Sys=0.45s Real=0.14s
[62.747s][info][gc,start       ] GC(304) Pause Young (Allocation Failure)
[62.748s][info][gc,heap        ] GC(304) PSYoungGen: 823296K(825344K)->1184K(799744K) Eden: 823296K(823296K)->0K(798208K) From: 0K(2048K)->1184K(1536K)
[62.748s][info][gc,heap        ] GC(304) ParOldGen: 176370K(1398272K)->176370K(1398272K)
[62.748s][info][gc,metaspace   ] GC(304) Metaspace: 61330K(62208K)->61330K(62208K) NonClass: 53759K(54208K)->53759K(54208K) Class: 7570K(8000K)->7570K(8000K)
[62.749s][info][gc             ] GC(304) Pause Young (Allocation Failure) 976M->173M(2146M) 1.361ms
[62.749s][info][gc,cpu         ] GC(304) User=0.00s Sys=0.00s Real=0.00s
[63.018s][info][gc,start       ] GC(305) Pause Young (Allocation Failure)
[63.019s][info][gc,heap        ] GC(305) PSYoungGen: 799392K(799744K)->832K(775168K) Eden: 798208K(798208K)->0K(774144K) From: 1184K(1536K)->832K(1024K)
[63.019s][info][gc,heap        ] GC(305) ParOldGen: 176370K(1398272K)->176791K(1398272K)
[63.019s][info][gc,metaspace   ] GC(305) Metaspace: 61330K(62208K)->61330K(62208K) NonClass: 53759K(54208K)->53759K(54208K) Class: 7570K(8000K)->7570K(8000K)
[63.019s][info][gc             ] GC(305) Pause Young (Allocation Failure) 952M->173M(2122M) 1.267ms
[63.019s][info][gc,cpu         ] GC(305) User=0.00s Sys=0.00s Real=0.00s
[63.171s][info][gc,start       ] GC(306) Pause Young (System.gc())
[63.173s][info][gc,heap        ] GC(306) PSYoungGen: 370683K(775168K)->1056K(775680K) Eden: 369851K(774144K)->0K(774144K) From: 832K(1024K)->1056K(1536K)
[63.173s][info][gc,heap        ] GC(306) ParOldGen: 176791K(1398272K)->176903K(1398272K)
[63.173s][info][gc,metaspace   ] GC(306) Metaspace: 61332K(62272K)->61332K(62272K) NonClass: 53762K(54272K)->53762K(54272K) Class: 7570K(8000K)->7570K(8000K)
[63.173s][info][gc             ] GC(306) Pause Young (System.gc()) 534M->173M(2123M) 1.325ms
[63.173s][info][gc,cpu         ] GC(306) User=0.02s Sys=0.00s Real=0.02s
[63.173s][info][gc,start       ] GC(307) Pause Full (System.gc())
[63.173s][info][gc,phases,start] GC(307) Marking Phase
[63.262s][info][gc,phases      ] GC(307) Marking Phase 89.316ms
[63.262s][info][gc,phases,start] GC(307) Summary Phase
[63.262s][info][gc,phases      ] GC(307) Summary Phase 0.015ms
[63.262s][info][gc,phases,start] GC(307) Adjust Roots
[63.274s][info][gc,phases      ] GC(307) Adjust Roots 11.815ms
[63.274s][info][gc,phases,start] GC(307) Compaction Phase
[63.296s][info][gc,phases      ] GC(307) Compaction Phase 21.943ms
[63.296s][info][gc,phases,start] GC(307) Post Compact
[63.298s][info][gc,phases      ] GC(307) Post Compact 1.412ms
[63.298s][info][gc,heap        ] GC(307) PSYoungGen: 1056K(775680K)->0K(775680K) Eden: 0K(774144K)->0K(774144K) From: 1056K(1536K)->0K(1536K)
[63.298s][info][gc,heap        ] GC(307) ParOldGen: 176903K(1398272K)->176386K(1398272K)
[63.298s][info][gc,metaspace   ] GC(307) Metaspace: 61332K(62272K)->61332K(62272K) NonClass: 53762K(54272K)->53762K(54272K) Class: 7570K(8000K)->7570K(8000K)
[63.298s][info][gc             ] GC(307) Pause Full (System.gc()) 173M->172M(2123M) 124.822ms
[63.298s][info][gc,cpu         ] GC(307) User=2.63s Sys=0.00s Real=0.13s
[63.596s][info][gc,start       ] GC(308) Pause Young (Allocation Failure)
[63.597s][info][gc,heap        ] GC(308) PSYoungGen: 774144K(775680K)->1152K(752640K) Eden: 774144K(774144K)->0K(751104K) From: 0K(1536K)->1152K(1536K)
[63.597s][info][gc,heap        ] GC(308) ParOldGen: 176386K(1398272K)->176386K(1398272K)
[63.597s][info][gc,metaspace   ] GC(308) Metaspace: 61359K(62272K)->61359K(62272K) NonClass: 53788K(54272K)->53788K(54272K) Class: 7570K(8000K)->7570K(8000K)
[63.597s][info][gc             ] GC(308) Pause Young (Allocation Failure) 928M->173M(2100M) 1.322ms
[63.597s][info][gc,cpu         ] GC(308) User=0.00s Sys=0.00s Real=0.00s
[63.851s][info][gc,start       ] GC(309) Pause Young (Allocation Failure)
[63.852s][info][gc,heap        ] GC(309) PSYoungGen: 752256K(752640K)->768K(730112K) Eden: 751104K(751104K)->0K(729088K) From: 1152K(1536K)->768K(1024K)
[63.852s][info][gc,heap        ] GC(309) ParOldGen: 176386K(1398272K)->176832K(1398272K)
[63.852s][info][gc,metaspace   ] GC(309) Metaspace: 61359K(62272K)->61359K(62272K) NonClass: 53788K(54272K)->53788K(54272K) Class: 7570K(8000K)->7570K(8000K)
[63.852s][info][gc             ] GC(309) Pause Young (Allocation Failure) 906M->173M(2078M) 1.389ms
[63.852s][info][gc,cpu         ] GC(309) User=0.02s Sys=0.00s Real=0.02s
[64.040s][info][gc,start       ] GC(310) Pause Young (System.gc())
[64.041s][info][gc,heap        ] GC(310) PSYoungGen: 471048K(730112K)->1056K(730624K) Eden: 470280K(729088K)->0K(729088K) From: 768K(1024K)->1056K(1536K)
[64.041s][info][gc,heap        ] GC(310) ParOldGen: 176832K(1398272K)->176952K(1398272K)
[64.041s][info][gc,metaspace   ] GC(310) Metaspace: 61377K(62272K)->61377K(62272K) NonClass: 53806K(54272K)->53806K(54272K) Class: 7570K(8000K)->7570K(8000K)
[64.041s][info][gc             ] GC(310) Pause Young (System.gc()) 632M->173M(2079M) 1.349ms
[64.041s][info][gc,cpu         ] GC(310) User=0.00s Sys=0.00s Real=0.00s
[64.041s][info][gc,start       ] GC(311) Pause Full (System.gc())
[64.041s][info][gc,phases,start] GC(311) Marking Phase
[64.131s][info][gc,phases      ] GC(311) Marking Phase 89.735ms
[64.131s][info][gc,phases,start] GC(311) Summary Phase
[64.131s][info][gc,phases      ] GC(311) Summary Phase 0.017ms
[64.131s][info][gc,phases,start] GC(311) Adjust Roots
[64.142s][info][gc,phases      ] GC(311) Adjust Roots 10.638ms
[64.142s][info][gc,phases,start] GC(311) Compaction Phase
[64.166s][info][gc,phases      ] GC(311) Compaction Phase 24.444ms
[64.166s][info][gc,phases,start] GC(311) Post Compact
[64.168s][info][gc,phases      ] GC(311) Post Compact 1.389ms
[64.168s][info][gc,heap        ] GC(311) PSYoungGen: 1056K(730624K)->0K(730624K) Eden: 0K(729088K)->0K(729088K) From: 1056K(1536K)->0K(1536K)
[64.168s][info][gc,heap        ] GC(311) ParOldGen: 176952K(1398272K)->176404K(1398272K)
[64.168s][info][gc,metaspace   ] GC(311) Metaspace: 61377K(62272K)->61377K(62272K) NonClass: 53806K(54272K)->53806K(54272K) Class: 7570K(8000K)->7570K(8000K)
[64.168s][info][gc             ] GC(311) Pause Full (System.gc()) 173M->172M(2079M) 126.552ms
[64.168s][info][gc,cpu         ] GC(311) User=2.38s Sys=0.00s Real=0.12s
[64.481s][info][gc,start       ] GC(312) Pause Young (Allocation Failure)
[64.483s][info][gc,heap        ] GC(312) PSYoungGen: 729088K(730624K)->1184K(709632K) Eden: 729088K(729088K)->0K(708096K) From: 0K(1536K)->1184K(1536K)
[64.483s][info][gc,heap        ] GC(312) ParOldGen: 176404K(1398272K)->176412K(1398272K)
[64.483s][info][gc,metaspace   ] GC(312) Metaspace: 61423K(62336K)->61423K(62336K) NonClass: 53853K(54336K)->53853K(54336K) Class: 7570K(8000K)->7570K(8000K)
[64.483s][info][gc             ] GC(312) Pause Young (Allocation Failure) 884M->173M(2058M) 1.388ms
[64.483s][info][gc,cpu         ] GC(312) User=0.00s Sys=0.00s Real=0.00s
[64.714s][info][gc,start       ] GC(313) Pause Young (Allocation Failure)
[64.716s][info][gc,heap        ] GC(313) PSYoungGen: 709280K(709632K)->672K(689152K) Eden: 708096K(708096K)->0K(688128K) From: 1184K(1536K)->672K(1024K)
[64.716s][info][gc,heap        ] GC(313) ParOldGen: 176412K(1398272K)->176833K(1398272K)
[64.716s][info][gc,metaspace   ] GC(313) Metaspace: 61423K(62336K)->61423K(62336K) NonClass: 53853K(54336K)->53853K(54336K) Class: 7570K(8000K)->7570K(8000K)
[64.716s][info][gc             ] GC(313) Pause Young (Allocation Failure) 864M->173M(2038M) 1.450ms
[64.716s][info][gc,cpu         ] GC(313) User=0.00s Sys=0.00s Real=0.00s
[64.913s][info][gc,start       ] GC(314) Pause Young (System.gc())
[64.914s][info][gc,heap        ] GC(314) PSYoungGen: 551978K(689152K)->1056K(689664K) Eden: 551306K(688128K)->0K(688128K) From: 672K(1024K)->1056K(1536K)
[64.914s][info][gc,heap        ] GC(314) ParOldGen: 176833K(1398272K)->176969K(1398272K)
[64.914s][info][gc,metaspace   ] GC(314) Metaspace: 61445K(62336K)->61445K(62336K) NonClass: 53873K(54336K)->53873K(54336K) Class: 7571K(8000K)->7571K(8000K)
[64.914s][info][gc             ] GC(314) Pause Young (System.gc()) 711M->173M(2039M) 1.292ms
[64.914s][info][gc,cpu         ] GC(314) User=0.00s Sys=0.00s Real=0.00s
[64.914s][info][gc,start       ] GC(315) Pause Full (System.gc())
[64.914s][info][gc,phases,start] GC(315) Marking Phase
[65.014s][info][gc,phases      ] GC(315) Marking Phase 99.568ms
[65.014s][info][gc,phases,start] GC(315) Summary Phase
[65.014s][info][gc,phases      ] GC(315) Summary Phase 0.015ms
[65.014s][info][gc,phases,start] GC(315) Adjust Roots
[65.021s][info][gc,phases      ] GC(315) Adjust Roots 6.852ms
[65.021s][info][gc,phases,start] GC(315) Compaction Phase
[65.042s][info][gc,phases      ] GC(315) Compaction Phase 21.110ms
[65.042s][info][gc,phases,start] GC(315) Post Compact
[65.043s][info][gc,phases      ] GC(315) Post Compact 1.528ms
[65.043s][info][gc,heap        ] GC(315) PSYoungGen: 1056K(689664K)->0K(689664K) Eden: 0K(688128K)->0K(688128K) From: 1056K(1536K)->0K(1536K)
[65.043s][info][gc,heap        ] GC(315) ParOldGen: 176969K(1398272K)->176423K(1398272K)
[65.043s][info][gc,metaspace   ] GC(315) Metaspace: 61445K(62336K)->61445K(62336K) NonClass: 53873K(54336K)->53873K(54336K) Class: 7571K(8000K)->7571K(8000K)
[65.043s][info][gc             ] GC(315) Pause Full (System.gc()) 173M->172M(2039M) 129.402ms
[65.044s][info][gc,cpu         ] GC(315) User=2.66s Sys=0.00s Real=0.13s
[65.391s][info][gc,start       ] GC(316) Pause Young (Allocation Failure)
[65.392s][info][gc,heap        ] GC(316) PSYoungGen: 688128K(689664K)->1184K(670208K) Eden: 688128K(688128K)->0K(668672K) From: 0K(1536K)->1184K(1536K)
[65.392s][info][gc,heap        ] GC(316) ParOldGen: 176423K(1398272K)->176423K(1398272K)
[65.392s][info][gc,metaspace   ] GC(316) Metaspace: 61447K(62336K)->61447K(62336K) NonClass: 53875K(54336K)->53875K(54336K) Class: 7571K(8000K)->7571K(8000K)
[65.392s][info][gc             ] GC(316) Pause Young (Allocation Failure) 844M->173M(2020M) 1.520ms
[65.392s][info][gc,cpu         ] GC(316) User=0.00s Sys=0.00s Real=0.00s
[65.607s][info][gc,start       ] GC(317) Pause Young (Allocation Failure)
[65.609s][info][gc,heap        ] GC(317) PSYoungGen: 669856K(670208K)->640K(651264K) Eden: 668672K(668672K)->0K(650240K) From: 1184K(1536K)->640K(1024K)
[65.609s][info][gc,heap        ] GC(317) ParOldGen: 176423K(1398272K)->176876K(1398272K)
[65.609s][info][gc,metaspace   ] GC(317) Metaspace: 61447K(62336K)->61447K(62336K) NonClass: 53875K(54336K)->53875K(54336K) Class: 7571K(8000K)->7571K(8000K)
[65.609s][info][gc             ] GC(317) Pause Young (Allocation Failure) 826M->173M(2001M) 1.569ms
[65.609s][info][gc,cpu         ] GC(317) User=0.00s Sys=0.00s Real=0.00s
[65.852s][info][gc,start       ] GC(318) Pause Young (System.gc())
[65.854s][info][gc,heap        ] GC(318) PSYoungGen: 635091K(651264K)->1056K(651776K) Eden: 634451K(650240K)->0K(650240K) From: 640K(1024K)->1056K(1536K)
[65.854s][info][gc,heap        ] GC(318) ParOldGen: 176876K(1398272K)->177012K(1398272K)
[65.854s][info][gc,metaspace   ] GC(318) Metaspace: 61449K(62336K)->61449K(62336K) NonClass: 53878K(54336K)->53878K(54336K) Class: 7571K(8000K)->7571K(8000K)
[65.854s][info][gc             ] GC(318) Pause Young (System.gc()) 792M->173M(2002M) 1.330ms
[65.854s][info][gc,cpu         ] GC(318) User=0.00s Sys=0.00s Real=0.00s
[65.854s][info][gc,start       ] GC(319) Pause Full (System.gc())
[65.854s][info][gc,phases,start] GC(319) Marking Phase
[65.944s][info][gc,phases      ] GC(319) Marking Phase 89.740ms
[65.944s][info][gc,phases,start] GC(319) Summary Phase
[65.944s][info][gc,phases      ] GC(319) Summary Phase 0.017ms
[65.944s][info][gc,phases,start] GC(319) Adjust Roots
[65.953s][info][gc,phases      ] GC(319) Adjust Roots 9.806ms
[65.953s][info][gc,phases,start] GC(319) Compaction Phase
[65.977s][info][gc,phases      ] GC(319) Compaction Phase 23.026ms
[65.977s][info][gc,phases,start] GC(319) Post Compact
[65.978s][info][gc,phases      ] GC(319) Post Compact 1.481ms
[65.978s][info][gc,heap        ] GC(319) PSYoungGen: 1056K(651776K)->0K(651776K) Eden: 0K(650240K)->0K(650240K) From: 1056K(1536K)->0K(1536K)
[65.978s][info][gc,heap        ] GC(319) ParOldGen: 177012K(1398272K)->176441K(1398272K)
[65.978s][info][gc,metaspace   ] GC(319) Metaspace: 61449K(62336K)->61449K(62336K) NonClass: 53878K(54336K)->53878K(54336K) Class: 7571K(8000K)->7571K(8000K)
[65.978s][info][gc             ] GC(319) Pause Full (System.gc()) 173M->172M(2002M) 124.433ms
[65.978s][info][gc,cpu         ] GC(319) User=3.14s Sys=0.00s Real=0.13s
[66.243s][info][gc,start       ] GC(320) Pause Young (Allocation Failure)
[66.245s][info][gc,heap        ] GC(320) PSYoungGen: 650240K(651776K)->1184K(633856K) Eden: 650240K(650240K)->0K(632320K) From: 0K(1536K)->1184K(1536K)
[66.245s][info][gc,heap        ] GC(320) ParOldGen: 176441K(1398272K)->176441K(1398272K)
[66.245s][info][gc,metaspace   ] GC(320) Metaspace: 61449K(62336K)->61449K(62336K) NonClass: 53878K(54336K)->53878K(54336K) Class: 7571K(8000K)->7571K(8000K)
[66.245s][info][gc             ] GC(320) Pause Young (Allocation Failure) 807M->173M(1984M) 1.643ms
[66.245s][info][gc,cpu         ] GC(320) User=0.00s Sys=0.00s Real=0.00s
[66.445s][info][gc,start       ] GC(321) Pause Young (Allocation Failure)
[66.447s][info][gc,heap        ] GC(321) PSYoungGen: 633504K(633856K)->832K(616448K) Eden: 632320K(632320K)->0K(615424K) From: 1184K(1536K)->832K(1024K)
[66.447s][info][gc,heap        ] GC(321) ParOldGen: 176441K(1398272K)->176901K(1398272K)
[66.447s][info][gc,metaspace   ] GC(321) Metaspace: 61449K(62336K)->61449K(62336K) NonClass: 53878K(54336K)->53878K(54336K) Class: 7571K(8000K)->7571K(8000K)
[66.447s][info][gc             ] GC(321) Pause Young (Allocation Failure) 790M->173M(1967M) 1.460ms
[66.447s][info][gc,cpu         ] GC(321) User=0.00s Sys=0.00s Real=0.00s
[66.654s][info][gc,start       ] GC(322) Pause Young (Allocation Failure)
[66.655s][info][gc,heap        ] GC(322) PSYoungGen: 616256K(616448K)->256K(599552K) Eden: 615424K(615424K)->0K(599040K) From: 832K(1024K)->256K(512K)
[66.655s][info][gc,heap        ] GC(322) ParOldGen: 176901K(1398272K)->177109K(1398272K)
[66.655s][info][gc,metaspace   ] GC(322) Metaspace: 61449K(62336K)->61449K(62336K) NonClass: 53878K(54336K)->53878K(54336K) Class: 7571K(8000K)->7571K(8000K)
[66.655s][info][gc             ] GC(322) Pause Young (Allocation Failure) 774M->173M(1951M) 1.191ms
[66.655s][info][gc,cpu         ] GC(322) User=0.00s Sys=0.00s Real=0.00s
[66.713s][info][gc,start       ] GC(323) Pause Young (System.gc())
[66.714s][info][gc,heap        ] GC(323) PSYoungGen: 93375K(599552K)->1056K(600576K) Eden: 93119K(599040K)->0K(599040K) From: 256K(512K)->1056K(1536K)
[66.714s][info][gc,heap        ] GC(323) ParOldGen: 177109K(1398272K)->177141K(1398272K)
[66.714s][info][gc,metaspace   ] GC(323) Metaspace: 61452K(62336K)->61452K(62336K) NonClass: 53881K(54336K)->53881K(54336K) Class: 7571K(8000K)->7571K(8000K)
[66.714s][info][gc             ] GC(323) Pause Young (System.gc()) 264M->174M(1952M) 1.368ms
[66.714s][info][gc,cpu         ] GC(323) User=0.00s Sys=0.00s Real=0.00s
[66.715s][info][gc,start       ] GC(324) Pause Full (System.gc())
[66.715s][info][gc,phases,start] GC(324) Marking Phase
[66.804s][info][gc,phases      ] GC(324) Marking Phase 89.275ms
[66.804s][info][gc,phases,start] GC(324) Summary Phase
[66.804s][info][gc,phases      ] GC(324) Summary Phase 0.016ms
[66.804s][info][gc,phases,start] GC(324) Adjust Roots
[66.814s][info][gc,phases      ] GC(324) Adjust Roots 9.754ms
[66.814s][info][gc,phases,start] GC(324) Compaction Phase
[66.842s][info][gc,phases      ] GC(324) Compaction Phase 28.227ms
[66.842s][info][gc,phases,start] GC(324) Post Compact
[66.844s][info][gc,phases      ] GC(324) Post Compact 1.464ms
[66.844s][info][gc,heap        ] GC(324) PSYoungGen: 1056K(600576K)->0K(600576K) Eden: 0K(599040K)->0K(599040K) From: 1056K(1536K)->0K(1536K)
[66.844s][info][gc,heap        ] GC(324) ParOldGen: 177141K(1398272K)->176457K(1398272K)
[66.844s][info][gc,metaspace   ] GC(324) Metaspace: 61452K(62336K)->61452K(62336K) NonClass: 53881K(54336K)->53881K(54336K) Class: 7571K(8000K)->7571K(8000K)
[66.844s][info][gc             ] GC(324) Pause Full (System.gc()) 174M->172M(1952M) 129.104ms
[66.844s][info][gc,cpu         ] GC(324) User=3.22s Sys=0.00s Real=0.13s
[67.110s][info][gc,start       ] GC(325) Pause Young (Allocation Failure)
[67.112s][info][gc,heap        ] GC(325) PSYoungGen: 599040K(600576K)->1184K(584704K) Eden: 599040K(599040K)->0K(583168K) From: 0K(1536K)->1184K(1536K)
[67.112s][info][gc,heap        ] GC(325) ParOldGen: 176457K(1398272K)->176457K(1398272K)
[67.112s][info][gc,metaspace   ] GC(325) Metaspace: 61458K(62336K)->61458K(62336K) NonClass: 53887K(54336K)->53887K(54336K) Class: 7571K(8000K)->7571K(8000K)
[67.112s][info][gc             ] GC(325) Pause Young (Allocation Failure) 757M->173M(1936M) 1.510ms
[67.112s][info][gc,cpu         ] GC(325) User=0.00s Sys=0.00s Real=0.00s
[67.299s][info][gc,start       ] GC(326) Pause Young (Allocation Failure)
[67.300s][info][gc,heap        ] GC(326) PSYoungGen: 584352K(584704K)->768K(569344K) Eden: 583168K(583168K)->0K(568320K) From: 1184K(1536K)->768K(1024K)
[67.300s][info][gc,heap        ] GC(326) ParOldGen: 176457K(1398272K)->176902K(1398272K)
[67.300s][info][gc,metaspace   ] GC(326) Metaspace: 61458K(62336K)->61458K(62336K) NonClass: 53887K(54336K)->53887K(54336K) Class: 7571K(8000K)->7571K(8000K)
[67.300s][info][gc             ] GC(326) Pause Young (Allocation Failure) 742M->173M(1921M) 1.412ms
[67.300s][info][gc,cpu         ] GC(326) User=0.00s Sys=0.00s Real=0.00s
[67.487s][info][gc,start       ] GC(327) Pause Young (Allocation Failure)
[67.488s][info][gc,heap        ] GC(327) PSYoungGen: 569088K(569344K)->320K(554496K) Eden: 568320K(568320K)->0K(553984K) From: 768K(1024K)->320K(512K)
[67.489s][info][gc,heap        ] GC(327) ParOldGen: 176902K(1398272K)->177094K(1398272K)
[67.489s][info][gc,metaspace   ] GC(327) Metaspace: 61458K(62336K)->61458K(62336K) NonClass: 53887K(54336K)->53887K(54336K) Class: 7571K(8000K)->7571K(8000K)
[67.489s][info][gc             ] GC(327) Pause Young (Allocation Failure) 728M->173M(1907M) 1.306ms
[67.489s][info][gc,cpu         ] GC(327) User=0.00s Sys=0.00s Real=0.00s
[67.644s][info][gc,start       ] GC(328) Pause Young (System.gc())
[67.645s][info][gc,heap        ] GC(328) PSYoungGen: 238541K(554496K)->1056K(555520K) Eden: 238221K(553984K)->0K(553984K) From: 320K(512K)->1056K(1536K)
[67.646s][info][gc,heap        ] GC(328) ParOldGen: 177094K(1398272K)->177110K(1398272K)
[67.646s][info][gc,metaspace   ] GC(328) Metaspace: 61458K(62336K)->61458K(62336K) NonClass: 53887K(54336K)->53887K(54336K) Class: 7571K(8000K)->7571K(8000K)
[67.646s][info][gc             ] GC(328) Pause Young (System.gc()) 405M->173M(1908M) 1.479ms
[67.646s][info][gc,cpu         ] GC(328) User=0.00s Sys=0.00s Real=0.00s
[67.646s][info][gc,start       ] GC(329) Pause Full (System.gc())
[67.646s][info][gc,phases,start] GC(329) Marking Phase
[67.734s][info][gc,phases      ] GC(329) Marking Phase 87.783ms
[67.734s][info][gc,phases,start] GC(329) Summary Phase
[67.734s][info][gc,phases      ] GC(329) Summary Phase 0.016ms
[67.734s][info][gc,phases,start] GC(329) Adjust Roots
[67.743s][info][gc,phases      ] GC(329) Adjust Roots 8.730ms
[67.743s][info][gc,phases,start] GC(329) Compaction Phase
[67.763s][info][gc,phases      ] GC(329) Compaction Phase 20.041ms
[67.763s][info][gc,phases,start] GC(329) Post Compact
[67.764s][info][gc,phases      ] GC(329) Post Compact 1.347ms
[67.764s][info][gc,heap        ] GC(329) PSYoungGen: 1056K(555520K)->0K(555520K) Eden: 0K(553984K)->0K(553984K) From: 1056K(1536K)->0K(1536K)
[67.764s][info][gc,heap        ] GC(329) ParOldGen: 177110K(1398272K)->176476K(1398272K)
[67.764s][info][gc,metaspace   ] GC(329) Metaspace: 61458K(62336K)->61458K(62336K) NonClass: 53887K(54336K)->53887K(54336K) Class: 7571K(8000K)->7571K(8000K)
[67.764s][info][gc             ] GC(329) Pause Full (System.gc()) 173M->172M(1908M) 118.193ms
[67.764s][info][gc,cpu         ] GC(329) User=3.11s Sys=0.00s Real=0.11s
[67.996s][info][gc,start       ] GC(330) Pause Young (Allocation Failure)
[67.998s][info][gc,heap        ] GC(330) PSYoungGen: 553984K(555520K)->1184K(541696K) Eden: 553984K(553984K)->0K(540160K) From: 0K(1536K)->1184K(1536K)
[67.998s][info][gc,heap        ] GC(330) ParOldGen: 176476K(1398272K)->176476K(1398272K)
[67.998s][info][gc,metaspace   ] GC(330) Metaspace: 61461K(62400K)->61461K(62400K) NonClass: 53890K(54400K)->53890K(54400K) Class: 7571K(8000K)->7571K(8000K)
[67.998s][info][gc             ] GC(330) Pause Young (Allocation Failure) 713M->173M(1894M) 1.421ms
[67.998s][info][gc,cpu         ] GC(330) User=0.00s Sys=0.00s Real=0.00s
[68.182s][info][gc,start       ] GC(331) Pause Young (Allocation Failure)
[68.183s][info][gc,heap        ] GC(331) PSYoungGen: 541344K(541696K)->768K(527872K) Eden: 540160K(540160K)->0K(526848K) From: 1184K(1536K)->768K(1024K)
[68.183s][info][gc,heap        ] GC(331) ParOldGen: 176476K(1398272K)->176938K(1398272K)
[68.183s][info][gc,metaspace   ] GC(331) Metaspace: 61461K(62400K)->61461K(62400K) NonClass: 53890K(54400K)->53890K(54400K) Class: 7571K(8000K)->7571K(8000K)
[68.184s][info][gc             ] GC(331) Pause Young (Allocation Failure) 700M->173M(1881M) 1.412ms
[68.184s][info][gc,cpu         ] GC(331) User=0.00s Sys=0.00s Real=0.00s
[68.373s][info][gc,start       ] GC(332) Pause Young (Allocation Failure)
[68.375s][info][gc,heap        ] GC(332) PSYoungGen: 527616K(527872K)->352K(514560K) Eden: 526848K(526848K)->0K(514048K) From: 768K(1024K)->352K(512K)
[68.375s][info][gc,heap        ] GC(332) ParOldGen: 176938K(1398272K)->177130K(1398272K)
[68.375s][info][gc,metaspace   ] GC(332) Metaspace: 61461K(62400K)->61461K(62400K) NonClass: 53890K(54400K)->53890K(54400K) Class: 7571K(8000K)->7571K(8000K)
[68.375s][info][gc             ] GC(332) Pause Young (Allocation Failure) 688M->173M(1868M) 1.166ms
[68.375s][info][gc,cpu         ] GC(332) User=0.00s Sys=0.00s Real=0.00s
[68.537s][info][gc,start       ] GC(333) Pause Young (System.gc())
[68.538s][info][gc,heap        ] GC(333) PSYoungGen: 365687K(514560K)->1056K(515584K) Eden: 365335K(514048K)->0K(514048K) From: 352K(512K)->1056K(1536K)
[68.538s][info][gc,heap        ] GC(333) ParOldGen: 177130K(1398272K)->177138K(1398272K)
[68.538s][info][gc,metaspace   ] GC(333) Metaspace: 61471K(62400K)->61471K(62400K) NonClass: 53900K(54400K)->53900K(54400K) Class: 7571K(8000K)->7571K(8000K)
[68.538s][info][gc             ] GC(333) Pause Young (System.gc()) 530M->174M(1869M) 1.412ms
[68.538s][info][gc,cpu         ] GC(333) User=0.00s Sys=0.00s Real=0.00s
[68.538s][info][gc,start       ] GC(334) Pause Full (System.gc())
[68.538s][info][gc,phases,start] GC(334) Marking Phase
[68.632s][info][gc,phases      ] GC(334) Marking Phase 93.763ms
[68.632s][info][gc,phases,start] GC(334) Summary Phase
[68.632s][info][gc,phases      ] GC(334) Summary Phase 0.016ms
[68.632s][info][gc,phases,start] GC(334) Adjust Roots
[68.642s][info][gc,phases      ] GC(334) Adjust Roots 9.677ms
[68.642s][info][gc,phases,start] GC(334) Compaction Phase
[68.665s][info][gc,phases      ] GC(334) Compaction Phase 22.746ms
[68.665s][info][gc,phases,start] GC(334) Post Compact
[68.666s][info][gc,phases      ] GC(334) Post Compact 1.432ms
[68.666s][info][gc,heap        ] GC(334) PSYoungGen: 1056K(515584K)->0K(515584K) Eden: 0K(514048K)->0K(514048K) From: 1056K(1536K)->0K(1536K)
[68.666s][info][gc,heap        ] GC(334) ParOldGen: 177138K(1398272K)->176493K(1398272K)
[68.666s][info][gc,metaspace   ] GC(334) Metaspace: 61471K(62400K)->61471K(62400K) NonClass: 53900K(54400K)->53900K(54400K) Class: 7571K(8000K)->7571K(8000K)
[68.666s][info][gc             ] GC(334) Pause Full (System.gc()) 174M->172M(1869M) 127.945ms
[68.666s][info][gc,cpu         ] GC(334) User=3.69s Sys=0.25s Real=0.14s
[68.900s][info][gc,start       ] GC(335) Pause Young (Allocation Failure)
[68.901s][info][gc,heap        ] GC(335) PSYoungGen: 514048K(515584K)->1184K(503296K) Eden: 514048K(514048K)->0K(501760K) From: 0K(1536K)->1184K(1536K)
[68.901s][info][gc,heap        ] GC(335) ParOldGen: 176493K(1398272K)->176493K(1398272K)
[68.901s][info][gc,metaspace   ] GC(335) Metaspace: 61477K(62400K)->61477K(62400K) NonClass: 53906K(54400K)->53906K(54400K) Class: 7571K(8000K)->7571K(8000K)
[68.901s][info][gc             ] GC(335) Pause Young (Allocation Failure) 674M->173M(1857M) 1.597ms
[68.901s][info][gc,cpu         ] GC(335) User=0.00s Sys=0.00s Real=0.00s
[69.069s][info][gc,start       ] GC(336) Pause Young (Allocation Failure)
[69.071s][info][gc,heap        ] GC(336) PSYoungGen: 502944K(503296K)->704K(491008K) Eden: 501760K(501760K)->0K(489984K) From: 1184K(1536K)->704K(1024K)
[69.071s][info][gc,heap        ] GC(336) ParOldGen: 176493K(1398272K)->176950K(1398272K)
[69.071s][info][gc,metaspace   ] GC(336) Metaspace: 61477K(62400K)->61477K(62400K) NonClass: 53906K(54400K)->53906K(54400K) Class: 7571K(8000K)->7571K(8000K)
[69.071s][info][gc             ] GC(336) Pause Young (Allocation Failure) 663M->173M(1845M) 1.431ms
[69.071s][info][gc,cpu         ] GC(336) User=0.00s Sys=0.00s Real=0.00s
[69.233s][info][gc,start       ] GC(337) Pause Young (Allocation Failure)
[69.234s][info][gc,heap        ] GC(337) PSYoungGen: 490688K(491008K)->256K(478720K) Eden: 489984K(489984K)->0K(478208K) From: 704K(1024K)->256K(512K)
[69.234s][info][gc,heap        ] GC(337) ParOldGen: 176950K(1398272K)->177134K(1398272K)
[69.234s][info][gc,metaspace   ] GC(337) Metaspace: 61477K(62400K)->61477K(62400K) NonClass: 53906K(54400K)->53906K(54400K) Class: 7571K(8000K)->7571K(8000K)
[69.234s][info][gc             ] GC(337) Pause Young (Allocation Failure) 651M->173M(1833M) 1.304ms
[69.234s][info][gc,cpu         ] GC(337) User=0.00s Sys=0.00s Real=0.00s
[69.425s][info][gc,start       ] GC(338) Pause Young (System.gc())
[69.426s][info][gc,heap        ] GC(338) PSYoungGen: 477711K(478720K)->1056K(479744K) Eden: 477455K(478208K)->0K(478208K) From: 256K(512K)->1056K(1536K)
[69.427s][info][gc,heap        ] GC(338) ParOldGen: 177134K(1398272K)->177134K(1398272K)
[69.427s][info][gc,metaspace   ] GC(338) Metaspace: 61478K(62400K)->61478K(62400K) NonClass: 53907K(54400K)->53907K(54400K) Class: 7571K(8000K)->7571K(8000K)
[69.427s][info][gc             ] GC(338) Pause Young (System.gc()) 639M->174M(1834M) 1.412ms
[69.427s][info][gc,cpu         ] GC(338) User=0.00s Sys=0.00s Real=0.00s
[69.427s][info][gc,start       ] GC(339) Pause Full (System.gc())
[69.427s][info][gc,phases,start] GC(339) Marking Phase
[69.515s][info][gc,phases      ] GC(339) Marking Phase 88.543ms
[69.515s][info][gc,phases,start] GC(339) Summary Phase
[69.516s][info][gc,phases      ] GC(339) Summary Phase 0.014ms
[69.516s][info][gc,phases,start] GC(339) Adjust Roots
[69.526s][info][gc,phases      ] GC(339) Adjust Roots 10.057ms
[69.526s][info][gc,phases,start] GC(339) Compaction Phase
[69.546s][info][gc,phases      ] GC(339) Compaction Phase 20.009ms
[69.546s][info][gc,phases,start] GC(339) Post Compact
[69.547s][info][gc,phases      ] GC(339) Post Compact 1.514ms
[69.547s][info][gc,heap        ] GC(339) PSYoungGen: 1056K(479744K)->0K(479744K) Eden: 0K(478208K)->0K(478208K) From: 1056K(1536K)->0K(1536K)
[69.547s][info][gc,heap        ] GC(339) ParOldGen: 177134K(1398272K)->176510K(1398272K)
[69.547s][info][gc,metaspace   ] GC(339) Metaspace: 61478K(62400K)->61478K(62400K) NonClass: 53907K(54400K)->53907K(54400K) Class: 7571K(8000K)->7571K(8000K)
[69.547s][info][gc             ] GC(339) Pause Full (System.gc()) 174M->172M(1834M) 120.489ms
[69.547s][info][gc,cpu         ] GC(339) User=2.64s Sys=0.00s Real=0.12s
[69.847s][info][gc,start       ] GC(340) Pause Young (Allocation Failure)
[69.848s][info][gc,heap        ] GC(340) PSYoungGen: 478208K(479744K)->1152K(468480K) Eden: 478208K(478208K)->0K(466944K) From: 0K(1536K)->1152K(1536K)
[69.848s][info][gc,heap        ] GC(340) ParOldGen: 176510K(1398272K)->176510K(1398272K)
[69.848s][info][gc,metaspace   ] GC(340) Metaspace: 61478K(62400K)->61478K(62400K) NonClass: 53907K(54400K)->53907K(54400K) Class: 7571K(8000K)->7571K(8000K)
[69.848s][info][gc             ] GC(340) Pause Young (Allocation Failure) 639M->173M(1823M) 1.638ms
[69.848s][info][gc,cpu         ] GC(340) User=0.00s Sys=0.00s Real=0.00s
[70.006s][info][gc,start       ] GC(341) Pause Young (Allocation Failure)
[70.007s][info][gc,heap        ] GC(341) PSYoungGen: 468096K(468480K)->672K(457216K) Eden: 466944K(466944K)->0K(456192K) From: 1152K(1536K)->672K(1024K)
[70.007s][info][gc,heap        ] GC(341) ParOldGen: 176510K(1398272K)->176970K(1398272K)
[70.007s][info][gc,metaspace   ] GC(341) Metaspace: 61478K(62400K)->61478K(62400K) NonClass: 53907K(54400K)->53907K(54400K) Class: 7571K(8000K)->7571K(8000K)
[70.007s][info][gc             ] GC(341) Pause Young (Allocation Failure) 629M->173M(1812M) 1.441ms
[70.007s][info][gc,cpu         ] GC(341) User=0.52s Sys=0.00s Real=0.02s
[70.150s][info][gc,start       ] GC(342) Pause Young (Allocation Failure)
[70.151s][info][gc,heap        ] GC(342) PSYoungGen: 456864K(457216K)->768K(446976K) Eden: 456192K(456192K)->0K(445952K) From: 672K(1024K)->768K(1024K)
[70.152s][info][gc,heap        ] GC(342) ParOldGen: 176970K(1398272K)->177162K(1398272K)
[70.152s][info][gc,metaspace   ] GC(342) Metaspace: 61478K(62400K)->61478K(62400K) NonClass: 53907K(54400K)->53907K(54400K) Class: 7571K(8000K)->7571K(8000K)
[70.152s][info][gc             ] GC(342) Pause Young (Allocation Failure) 618M->173M(1802M) 1.434ms
[70.152s][info][gc,cpu         ] GC(342) User=0.00s Sys=0.00s Real=0.00s
[70.300s][info][gc,start       ] GC(343) Pause Young (Allocation Failure)
[70.301s][info][gc,heap        ] GC(343) PSYoungGen: 446720K(446976K)->320K(436224K) Eden: 445952K(445952K)->0K(435712K) From: 768K(1024K)->320K(512K)
[70.301s][info][gc,heap        ] GC(343) ParOldGen: 177162K(1398272K)->177330K(1398272K)
[70.301s][info][gc,metaspace   ] GC(343) Metaspace: 61478K(62400K)->61478K(62400K) NonClass: 53907K(54400K)->53907K(54400K) Class: 7571K(8000K)->7571K(8000K)
[70.301s][info][gc             ] GC(343) Pause Young (Allocation Failure) 609M->173M(1791M) 1.461ms
[70.301s][info][gc,cpu         ] GC(343) User=0.00s Sys=0.00s Real=0.00s
[70.391s][info][gc,start       ] GC(344) Pause Young (System.gc())
[70.392s][info][gc,heap        ] GC(344) PSYoungGen: 137050K(436224K)->1056K(437760K) Eden: 136730K(435712K)->0K(435712K) From: 320K(512K)->1056K(2048K)
[70.392s][info][gc,heap        ] GC(344) ParOldGen: 177330K(1398272K)->177354K(1398272K)
[70.392s][info][gc,metaspace   ] GC(344) Metaspace: 61488K(62464K)->61488K(62464K) NonClass: 53917K(54464K)->53917K(54464K) Class: 7571K(8000K)->7571K(8000K)
[70.392s][info][gc             ] GC(344) Pause Young (System.gc()) 307M->174M(1793M) 1.288ms
[70.392s][info][gc,cpu         ] GC(344) User=0.00s Sys=0.00s Real=0.00s
[70.392s][info][gc,start       ] GC(345) Pause Full (System.gc())
[70.392s][info][gc,phases,start] GC(345) Marking Phase
[70.484s][info][gc,phases      ] GC(345) Marking Phase 91.831ms
[70.484s][info][gc,phases,start] GC(345) Summary Phase
[70.484s][info][gc,phases      ] GC(345) Summary Phase 0.015ms
[70.484s][info][gc,phases,start] GC(345) Adjust Roots
[70.494s][info][gc,phases      ] GC(345) Adjust Roots 9.631ms
[70.494s][info][gc,phases,start] GC(345) Compaction Phase
[70.520s][info][gc,phases      ] GC(345) Compaction Phase 25.658ms
[70.520s][info][gc,phases,start] GC(345) Post Compact
[70.521s][info][gc,phases      ] GC(345) Post Compact 1.432ms
[70.521s][info][gc,heap        ] GC(345) PSYoungGen: 1056K(437760K)->0K(437760K) Eden: 0K(435712K)->0K(435712K) From: 1056K(2048K)->0K(2048K)
[70.521s][info][gc,heap        ] GC(345) ParOldGen: 177354K(1398272K)->176516K(1398272K)
[70.521s][info][gc,metaspace   ] GC(345) Metaspace: 61488K(62464K)->61488K(62464K) NonClass: 53917K(54464K)->53917K(54464K) Class: 7571K(8000K)->7571K(8000K)
[70.521s][info][gc             ] GC(345) Pause Full (System.gc()) 174M->172M(1793M) 128.877ms
[70.521s][info][gc,cpu         ] GC(345) User=3.14s Sys=0.00s Real=0.13s
[70.749s][info][gc,start       ] GC(346) Pause Young (Allocation Failure)
[70.774s][info][gc,heap        ] GC(346) PSYoungGen: 435712K(437760K)->1216K(427520K) Eden: 435712K(435712K)->0K(425984K) From: 0K(2048K)->1216K(1536K)
[70.774s][info][gc,heap        ] GC(346) ParOldGen: 176516K(1398272K)->176516K(1398272K)
[70.775s][info][gc,metaspace   ] GC(346) Metaspace: 61489K(62464K)->61489K(62464K) NonClass: 53917K(54464K)->53917K(54464K) Class: 7571K(8000K)->7571K(8000K)
[70.775s][info][gc             ] GC(346) Pause Young (Allocation Failure) 597M->173M(1783M) 25.577ms
[70.775s][info][gc,cpu         ] GC(346) User=0.00s Sys=0.00s Real=0.03s
[70.921s][info][gc,start       ] GC(347) Pause Young (Allocation Failure)
[70.923s][info][gc,heap        ] GC(347) PSYoungGen: 427200K(427520K)->736K(417792K) Eden: 425984K(425984K)->0K(416768K) From: 1216K(1536K)->736K(1024K)
[70.923s][info][gc,heap        ] GC(347) ParOldGen: 176516K(1398272K)->176959K(1398272K)
[70.923s][info][gc,metaspace   ] GC(347) Metaspace: 61489K(62464K)->61489K(62464K) NonClass: 53917K(54464K)->53917K(54464K) Class: 7571K(8000K)->7571K(8000K)
[70.923s][info][gc             ] GC(347) Pause Young (Allocation Failure) 589M->173M(1773M) 1.477ms
[70.923s][info][gc,cpu         ] GC(347) User=0.00s Sys=0.00s Real=0.00s
[71.060s][info][gc,start       ] GC(348) Pause Young (Allocation Failure)
[71.061s][info][gc,heap        ] GC(348) PSYoungGen: 417504K(417792K)->192K(408064K) Eden: 416768K(416768K)->0K(407552K) From: 736K(1024K)->192K(512K)
[71.061s][info][gc,heap        ] GC(348) ParOldGen: 176959K(1398272K)->177167K(1398272K)
[71.061s][info][gc,metaspace   ] GC(348) Metaspace: 61489K(62464K)->61489K(62464K) NonClass: 53917K(54464K)->53917K(54464K) Class: 7571K(8000K)->7571K(8000K)
[71.061s][info][gc             ] GC(348) Pause Young (Allocation Failure) 580M->173M(1764M) 1.641ms
[71.062s][info][gc,cpu         ] GC(348) User=0.00s Sys=0.00s Real=0.00s
[71.200s][info][gc,start       ] GC(349) Pause Young (Allocation Failure)
[71.201s][info][gc,heap        ] GC(349) PSYoungGen: 407744K(408064K)->352K(400896K) Eden: 407552K(407552K)->0K(398848K) From: 192K(512K)->352K(2048K)
[71.201s][info][gc,heap        ] GC(349) ParOldGen: 177167K(1398272K)->177167K(1398272K)
[71.201s][info][gc,metaspace   ] GC(349) Metaspace: 61489K(62464K)->61489K(62464K) NonClass: 53917K(54464K)->53917K(54464K) Class: 7571K(8000K)->7571K(8000K)
[71.201s][info][gc             ] GC(349) Pause Young (Allocation Failure) 571M->173M(1757M) 1.062ms
[71.202s][info][gc,cpu         ] GC(349) User=0.00s Sys=0.00s Real=0.00s
[71.334s][info][gc,start       ] GC(350) Pause Young (System.gc())
[71.335s][info][gc,heap        ] GC(350) PSYoungGen: 302324K(400896K)->1056K(400384K) Eden: 301972K(398848K)->0K(398848K) From: 352K(2048K)->1056K(1536K)
[71.335s][info][gc,heap        ] GC(350) ParOldGen: 177167K(1398272K)->177175K(1398272K)
[71.335s][info][gc,metaspace   ] GC(350) Metaspace: 61489K(62464K)->61489K(62464K) NonClass: 53918K(54464K)->53918K(54464K) Class: 7571K(8000K)->7571K(8000K)
[71.335s][info][gc             ] GC(350) Pause Young (System.gc()) 468M->174M(1756M) 1.352ms
[71.335s][info][gc,cpu         ] GC(350) User=0.00s Sys=0.00s Real=0.00s
[71.335s][info][gc,start       ] GC(351) Pause Full (System.gc())
[71.335s][info][gc,phases,start] GC(351) Marking Phase
[71.420s][info][gc,phases      ] GC(351) Marking Phase 85.058ms
[71.420s][info][gc,phases,start] GC(351) Summary Phase
[71.420s][info][gc,phases      ] GC(351) Summary Phase 0.016ms
[71.420s][info][gc,phases,start] GC(351) Adjust Roots
[71.427s][info][gc,phases      ] GC(351) Adjust Roots 6.779ms
[71.427s][info][gc,phases,start] GC(351) Compaction Phase
[71.450s][info][gc,phases      ] GC(351) Compaction Phase 22.616ms
[71.450s][info][gc,phases,start] GC(351) Post Compact
[71.451s][info][gc,phases      ] GC(351) Post Compact 1.315ms
[71.451s][info][gc,heap        ] GC(351) PSYoungGen: 1056K(400384K)->0K(400384K) Eden: 0K(398848K)->0K(398848K) From: 1056K(1536K)->0K(1536K)
[71.451s][info][gc,heap        ] GC(351) ParOldGen: 177175K(1398272K)->176533K(1398272K)
[71.451s][info][gc,metaspace   ] GC(351) Metaspace: 61489K(62464K)->61489K(62464K) NonClass: 53918K(54464K)->53918K(54464K) Class: 7571K(8000K)->7571K(8000K)
[71.451s][info][gc             ] GC(351) Pause Full (System.gc()) 174M->172M(1756M) 116.067ms
[71.451s][info][gc,cpu         ] GC(351) User=2.28s Sys=0.00s Real=0.11s
[71.664s][info][gc,start       ] GC(352) Pause Young (Allocation Failure)
[71.666s][info][gc,heap        ] GC(352) PSYoungGen: 398848K(400384K)->1152K(392192K) Eden: 398848K(398848K)->0K(390656K) From: 0K(1536K)->1152K(1536K)
[71.666s][info][gc,heap        ] GC(352) ParOldGen: 176533K(1398272K)->176533K(1398272K)
[71.666s][info][gc,metaspace   ] GC(352) Metaspace: 61489K(62464K)->61489K(62464K) NonClass: 53918K(54464K)->53918K(54464K) Class: 7571K(8000K)->7571K(8000K)
[71.666s][info][gc             ] GC(352) Pause Young (Allocation Failure) 561M->173M(1748M) 1.629ms
[71.666s][info][gc,cpu         ] GC(352) User=0.00s Sys=0.00s Real=0.00s
[71.799s][info][gc,start       ] GC(353) Pause Young (Allocation Failure)
[71.800s][info][gc,heap        ] GC(353) PSYoungGen: 391808K(392192K)->704K(383488K) Eden: 390656K(390656K)->0K(382464K) From: 1152K(1536K)->704K(1024K)
[71.800s][info][gc,heap        ] GC(353) ParOldGen: 176533K(1398272K)->176982K(1398272K)
[71.800s][info][gc,metaspace   ] GC(353) Metaspace: 61489K(62464K)->61489K(62464K) NonClass: 53918K(54464K)->53918K(54464K) Class: 7571K(8000K)->7571K(8000K)
[71.800s][info][gc             ] GC(353) Pause Young (Allocation Failure) 555M->173M(1740M) 1.261ms
[71.800s][info][gc,cpu         ] GC(353) User=0.00s Sys=0.00s Real=0.00s
[71.941s][info][gc,start       ] GC(354) Pause Young (Allocation Failure)
[71.942s][info][gc,heap        ] GC(354) PSYoungGen: 383168K(383488K)->256K(375296K) Eden: 382464K(382464K)->0K(374784K) From: 704K(1024K)->256K(512K)
[71.942s][info][gc,heap        ] GC(354) ParOldGen: 176982K(1398272K)->177190K(1398272K)
[71.943s][info][gc,metaspace   ] GC(354) Metaspace: 61489K(62464K)->61489K(62464K) NonClass: 53918K(54464K)->53918K(54464K) Class: 7571K(8000K)->7571K(8000K)
[71.943s][info][gc             ] GC(354) Pause Young (Allocation Failure) 547M->173M(1732M) 1.142ms
[71.943s][info][gc,cpu         ] GC(354) User=0.00s Sys=0.00s Real=0.00s
[72.086s][info][gc,start       ] GC(355) Pause Young (Allocation Failure)
[72.088s][info][gc,heap        ] GC(355) PSYoungGen: 375040K(375296K)->352K(367616K) Eden: 374784K(374784K)->0K(367104K) From: 256K(512K)->352K(512K)
[72.088s][info][gc,heap        ] GC(355) ParOldGen: 177190K(1398272K)->177190K(1398272K)
[72.088s][info][gc,metaspace   ] GC(355) Metaspace: 61489K(62464K)->61489K(62464K) NonClass: 53918K(54464K)->53918K(54464K) Class: 7571K(8000K)->7571K(8000K)
[72.088s][info][gc             ] GC(355) Pause Young (Allocation Failure) 539M->173M(1724M) 1.275ms
[72.088s][info][gc,cpu         ] GC(355) User=0.00s Sys=0.00s Real=0.00s
[72.219s][info][gc,start       ] GC(356) Pause Young (Allocation Failure)
[72.220s][info][gc,heap        ] GC(356) PSYoungGen: 367456K(367616K)->480K(361984K) Eden: 367104K(367104K)->0K(359936K) From: 352K(512K)->480K(2048K)
[72.220s][info][gc,heap        ] GC(356) ParOldGen: 177190K(1398272K)->177190K(1398272K)
[72.220s][info][gc,metaspace   ] GC(356) Metaspace: 61489K(62464K)->61489K(62464K) NonClass: 53918K(54464K)->53918K(54464K) Class: 7571K(8000K)->7571K(8000K)
[72.220s][info][gc             ] GC(356) Pause Young (Allocation Failure) 531M->173M(1719M) 1.047ms
[72.220s][info][gc,cpu         ] GC(356) User=0.00s Sys=0.00s Real=0.00s
[72.516s][info][gc,heap,exit   ] Heap
[72.516s][info][gc,heap,exit   ]  PSYoungGen      total 361984K, used 140890K [0x00000007aab00000, 0x00000007db680000, 0x0000000800000000)
[72.516s][info][gc,heap,exit   ]   eden space 359936K, 39% used [0x00000007aab00000,0x00000007b341e8d8,0x00000007c0a80000)
[72.516s][info][gc,heap,exit   ]   from space 2048K, 23% used [0x00000007db280000,0x00000007db2f8000,0x00000007db480000)
[72.516s][info][gc,heap,exit   ]   to   space 2048K, 0% used [0x00000007db480000,0x00000007db480000,0x00000007db680000)
[72.516s][info][gc,heap,exit   ]  ParOldGen       total 1398272K, used 177190K [0x0000000700000000, 0x0000000755580000, 0x00000007aab00000)
[72.516s][info][gc,heap,exit   ]   object space 1398272K, 12% used [0x0000000700000000,0x000000070ad09a00,0x0000000755580000)
[72.516s][info][gc,heap,exit   ]  Metaspace       used 61884K, committed 62848K, reserved 1114112K
[72.516s][info][gc,heap,exit   ]   class space    used 7649K, committed 8064K, reserved 1048576K
