[0.017s][info][gc,init] CardTable entry size: 512
[0.017s][info][gc     ] Using Serial
[0.023s][info][gc,init] Version: 20+36-2344 (release)
[0.023s][info][gc,init] CPUs: 48 total, 48 available
[0.023s][info][gc,init] Memory: 382G
[0.023s][info][gc,init] Large Page Support: Disabled
[0.023s][info][gc,init] NUMA Support: Disabled
[0.023s][info][gc,init] Compressed Oops: Enabled (32-bit)
[0.024s][info][gc,init] Heap Min Capacity: 8M
[0.024s][info][gc,init] Heap Initial Capacity: 1G
[0.024s][info][gc,init] Heap Max Capacity: 1G
[0.024s][info][gc,init] Pre-touch: Disabled
[0.032s][info][gc,metaspace] CDS archive(s) mapped at: [0x0000000800000000-0x0000000800c60000-0x0000000800c60000), size 12976128, SharedBaseAddress: 0x0000000800000000, ArchiveRelocationMode: 0.
[0.032s][info][gc,metaspace] Compressed class space mapped at: 0x0000000801000000-0x0000000841000000, reserved size: 1073741824
[0.032s][info][gc,metaspace] Narrow klass base: 0x0000000800000000, Narrow klass shift: 0, Narrow klass range: 0x100000000
[10.071s][info][gc,start    ] GC(0) Pause Full (Metadata GC Threshold)
[10.072s][info][gc,phases,start] GC(0) Phase 1: Mark live objects
[10.093s][info][gc,phases      ] GC(0) Phase 1: Mark live objects 21.625ms
[10.093s][info][gc,phases,start] GC(0) Phase 2: Compute new object addresses
[10.103s][info][gc,phases      ] GC(0) Phase 2: Compute new object addresses 10.247ms
[10.104s][info][gc,phases,start] GC(0) Phase 3: Adjust pointers
[10.111s][info][gc,phases      ] GC(0) Phase 3: Adjust pointers 7.481ms
[10.111s][info][gc,phases,start] GC(0) Phase 4: Move objects
[10.121s][info][gc,phases      ] GC(0) Phase 4: Move objects 10.467ms
[10.123s][info][gc,heap        ] GC(0) DefNew: 153978K(314560K)->0K(314560K) Eden: 153978K(279616K)->0K(279616K) From: 0K(34944K)->0K(34944K)
[10.123s][info][gc,heap        ] GC(0) Tenured: 0K(699072K)->18043K(699072K)
[10.123s][info][gc,metaspace   ] GC(0) Metaspace: 21270K(21504K)->21270K(21504K) NonClass: 18553K(18688K)->18553K(18688K) Class: 2716K(2816K)->2716K(2816K)
[10.123s][info][gc             ] GC(0) Pause Full (Metadata GC Threshold) 150M->17M(989M) 51.720ms
[10.123s][info][gc,cpu         ] GC(0) User=0.05s Sys=0.00s Real=0.05s
[11.022s][info][gc,start       ] GC(1) Pause Full (Metadata GC Threshold)
[11.022s][info][gc,phases,start] GC(1) Phase 1: Mark live objects
[11.052s][info][gc,phases      ] GC(1) Phase 1: Mark live objects 29.843ms
[11.052s][info][gc,phases,start] GC(1) Phase 2: Compute new object addresses
[11.061s][info][gc,phases      ] GC(1) Phase 2: Compute new object addresses 9.487ms
[11.061s][info][gc,phases,start] GC(1) Phase 3: Adjust pointers
[11.071s][info][gc,phases      ] GC(1) Phase 3: Adjust pointers 9.868ms
[11.071s][info][gc,phases,start] GC(1) Phase 4: Move objects
[11.075s][info][gc,phases      ] GC(1) Phase 4: Move objects 3.187ms
[11.075s][info][gc,heap        ] GC(1) DefNew: 104640K(314560K)->0K(314560K) Eden: 104640K(279616K)->0K(279616K) From: 0K(34944K)->0K(34944K)
[11.075s][info][gc,heap        ] GC(1) Tenured: 18043K(699072K)->22602K(699072K)
[11.075s][info][gc,metaspace   ] GC(1) Metaspace: 35447K(35840K)->35447K(35840K) NonClass: 30970K(31168K)->30970K(31168K) Class: 4477K(4672K)->4477K(4672K)
[11.075s][info][gc             ] GC(1) Pause Full (Metadata GC Threshold) 119M->22M(989M) 53.273ms
[11.075s][info][gc,cpu         ] GC(1) User=0.05s Sys=0.00s Real=0.05s
[11.772s][info][gc,start       ] GC(2) Pause Young (Allocation Failure)
[11.840s][info][gc,heap        ] GC(2) DefNew: 279616K(314560K)->21206K(314560K) Eden: 279616K(279616K)->0K(279616K) From: 0K(34944K)->21206K(34944K)
[11.840s][info][gc,heap        ] GC(2) Tenured: 22602K(699072K)->22602K(699072K)
[11.840s][info][gc,metaspace   ] GC(2) Metaspace: 42064K(42496K)->42064K(42496K) NonClass: 36793K(37056K)->36793K(37056K) Class: 5270K(5440K)->5270K(5440K)
[11.840s][info][gc             ] GC(2) Pause Young (Allocation Failure) 295M->42M(989M) 68.494ms
[11.840s][info][gc,cpu         ] GC(2) User=0.06s Sys=0.00s Real=0.06s
[12.064s][info][gc,start       ] GC(3) Pause Young (Allocation Failure)
[12.169s][info][gc,heap        ] GC(3) DefNew: 300822K(314560K)->24630K(314560K) Eden: 279616K(279616K)->0K(279616K) From: 21206K(34944K)->24630K(34944K)
[12.169s][info][gc,heap        ] GC(3) Tenured: 22602K(699072K)->43790K(699072K)
[12.169s][info][gc,metaspace   ] GC(3) Metaspace: 42071K(42496K)->42071K(42496K) NonClass: 36800K(37056K)->36800K(37056K) Class: 5270K(5440K)->5270K(5440K)
[12.169s][info][gc             ] GC(3) Pause Young (Allocation Failure) 315M->66M(989M) 104.931ms
[12.169s][info][gc,cpu         ] GC(3) User=0.09s Sys=0.00s Real=0.09s
[12.395s][info][gc,start       ] GC(4) Pause Young (Allocation Failure)
[12.489s][info][gc,heap        ] GC(4) DefNew: 304246K(314560K)->24958K(314560K) Eden: 279616K(279616K)->0K(279616K) From: 24630K(34944K)->24958K(34944K)
[12.489s][info][gc,heap        ] GC(4) Tenured: 43790K(699072K)->68421K(699072K)
[12.490s][info][gc,metaspace   ] GC(4) Metaspace: 42071K(42496K)->42071K(42496K) NonClass: 36800K(37056K)->36800K(37056K) Class: 5270K(5440K)->5270K(5440K)
[12.490s][info][gc             ] GC(4) Pause Young (Allocation Failure) 339M->91M(989M) 94.920ms
[12.490s][info][gc,cpu         ] GC(4) User=0.09s Sys=0.00s Real=0.09s
[12.715s][info][gc,start       ] GC(5) Pause Young (Allocation Failure)
[12.810s][info][gc,heap        ] GC(5) DefNew: 304574K(314560K)->24913K(314560K) Eden: 279616K(279616K)->0K(279616K) From: 24958K(34944K)->24913K(34944K)
[12.810s][info][gc,heap        ] GC(5) Tenured: 68421K(699072K)->93380K(699072K)
[12.810s][info][gc,metaspace   ] GC(5) Metaspace: 42071K(42496K)->42071K(42496K) NonClass: 36800K(37056K)->36800K(37056K) Class: 5270K(5440K)->5270K(5440K)
[12.810s][info][gc             ] GC(5) Pause Young (Allocation Failure) 364M->115M(989M) 94.827ms
[12.810s][info][gc,cpu         ] GC(5) User=0.09s Sys=0.00s Real=0.09s
[13.538s][info][gc,start       ] GC(6) Pause Full (System.gc())
[13.539s][info][gc,phases,start] GC(6) Phase 1: Mark live objects
[13.570s][info][gc,phases      ] GC(6) Phase 1: Mark live objects 31.879ms
[13.570s][info][gc,phases,start] GC(6) Phase 2: Compute new object addresses
[13.625s][info][gc,phases      ] GC(6) Phase 2: Compute new object addresses 54.145ms
[13.625s][info][gc,phases,start] GC(6) Phase 3: Adjust pointers
[13.636s][info][gc,phases      ] GC(6) Phase 3: Adjust pointers 11.835ms
[13.636s][info][gc,phases,start] GC(6) Phase 4: Move objects
[13.637s][info][gc,phases      ] GC(6) Phase 4: Move objects 0.646ms
[13.637s][info][gc,heap        ] GC(6) DefNew: 143161K(314560K)->0K(314560K) Eden: 118247K(279616K)->0K(279616K) From: 24913K(34944K)->0K(34944K)
[13.637s][info][gc,heap        ] GC(6) Tenured: 93380K(699072K)->44847K(699072K)
[13.638s][info][gc,metaspace   ] GC(6) Metaspace: 47958K(48448K)->47958K(48448K) NonClass: 41867K(42176K)->41867K(42176K) Class: 6090K(6272K)->6090K(6272K)
[13.638s][info][gc             ] GC(6) Pause Full (System.gc()) 230M->43M(989M) 99.212ms
[13.638s][info][gc,cpu         ] GC(6) User=0.09s Sys=0.00s Real=0.09s
[14.416s][info][gc,start       ] GC(7) Pause Young (Allocation Failure)
[14.488s][info][gc,heap        ] GC(7) DefNew: 279616K(314560K)->20249K(314560K) Eden: 279616K(279616K)->0K(279616K) From: 0K(34944K)->20249K(34944K)
[14.488s][info][gc,heap        ] GC(7) Tenured: 44847K(699072K)->44847K(699072K)
[14.488s][info][gc,metaspace   ] GC(7) Metaspace: 53839K(54528K)->53839K(54528K) NonClass: 47021K(47424K)->47021K(47424K) Class: 6818K(7104K)->6818K(7104K)
[14.488s][info][gc             ] GC(7) Pause Young (Allocation Failure) 316M->63M(989M) 72.050ms
[14.488s][info][gc,cpu         ] GC(7) User=0.09s Sys=0.00s Real=0.06s
[14.654s][info][gc,start       ] GC(8) Pause Young (Allocation Failure)
[14.762s][info][gc,heap        ] GC(8) DefNew: 299865K(314560K)->25454K(314560K) Eden: 279616K(279616K)->0K(279616K) From: 20249K(34944K)->25454K(34944K)
[14.762s][info][gc,heap        ] GC(8) Tenured: 44847K(699072K)->64047K(699072K)
[14.762s][info][gc,metaspace   ] GC(8) Metaspace: 53864K(54528K)->53864K(54528K) NonClass: 47046K(47424K)->47046K(47424K) Class: 6818K(7104K)->6818K(7104K)
[14.762s][info][gc             ] GC(8) Pause Young (Allocation Failure) 336M->87M(989M) 107.965ms
[14.762s][info][gc,cpu         ] GC(8) User=0.11s Sys=0.00s Real=0.11s
[14.929s][info][gc,start       ] GC(9) Pause Young (Allocation Failure)
[15.037s][info][gc,heap        ] GC(9) DefNew: 305070K(314560K)->27520K(314560K) Eden: 279616K(279616K)->0K(279616K) From: 25454K(34944K)->27520K(34944K)
[15.037s][info][gc,heap        ] GC(9) Tenured: 64047K(699072K)->87453K(699072K)
[15.037s][info][gc,metaspace   ] GC(9) Metaspace: 53865K(54528K)->53865K(54528K) NonClass: 47047K(47424K)->47047K(47424K) Class: 6818K(7104K)->6818K(7104K)
[15.037s][info][gc             ] GC(9) Pause Young (Allocation Failure) 360M->112M(989M) 108.344ms
[15.037s][info][gc,cpu         ] GC(9) User=0.11s Sys=0.00s Real=0.11s
[15.486s][info][gc,start       ] GC(10) Pause Young (Allocation Failure)
[15.582s][info][gc,heap        ] GC(10) DefNew: 307136K(314560K)->17363K(314560K) Eden: 279616K(279616K)->0K(279616K) From: 27520K(34944K)->17363K(34944K)
[15.582s][info][gc,heap        ] GC(10) Tenured: 87453K(699072K)->114974K(699072K)
[15.582s][info][gc,metaspace   ] GC(10) Metaspace: 55773K(56640K)->55773K(56640K) NonClass: 48650K(49152K)->48650K(49152K) Class: 7123K(7488K)->7123K(7488K)
[15.582s][info][gc             ] GC(10) Pause Young (Allocation Failure) 385M->129M(989M) 95.404ms
[15.582s][info][gc,cpu         ] GC(10) User=0.16s Sys=0.03s Real=0.09s
[15.671s][info][gc,start       ] GC(11) Pause Young (Allocation Failure)
[15.729s][info][gc,heap        ] GC(11) DefNew: 296979K(314560K)->26894K(314560K) Eden: 279616K(279616K)->0K(279616K) From: 17363K(34944K)->26894K(34944K)
[15.729s][info][gc,heap        ] GC(11) Tenured: 114974K(699072K)->114974K(699072K)
[15.729s][info][gc,metaspace   ] GC(11) Metaspace: 55773K(56640K)->55773K(56640K) NonClass: 48650K(49152K)->48650K(49152K) Class: 7123K(7488K)->7123K(7488K)
[15.729s][info][gc             ] GC(11) Pause Young (Allocation Failure) 402M->138M(989M) 57.868ms
[15.729s][info][gc,cpu         ] GC(11) User=0.08s Sys=0.05s Real=0.06s
[15.817s][info][gc,start       ] GC(12) Pause Young (Allocation Failure)
[15.895s][info][gc,heap        ] GC(12) DefNew: 306510K(314560K)->20907K(314560K) Eden: 279616K(279616K)->0K(279616K) From: 26894K(34944K)->20907K(34944K)
[15.895s][info][gc,heap        ] GC(12) Tenured: 114974K(699072K)->131791K(699072K)
[15.895s][info][gc,metaspace   ] GC(12) Metaspace: 55783K(56640K)->55783K(56640K) NonClass: 48657K(49152K)->48657K(49152K) Class: 7125K(7488K)->7125K(7488K)
[15.895s][info][gc             ] GC(12) Pause Young (Allocation Failure) 411M->149M(989M) 77.861ms
[15.895s][info][gc,cpu         ] GC(12) User=0.08s Sys=0.00s Real=0.08s
[15.982s][info][gc,start       ] GC(13) Pause Young (Allocation Failure)
[16.045s][info][gc,heap        ] GC(13) DefNew: 300523K(314560K)->21796K(314560K) Eden: 279616K(279616K)->0K(279616K) From: 20907K(34944K)->21796K(34944K)
[16.045s][info][gc,heap        ] GC(13) Tenured: 131791K(699072K)->140826K(699072K)
[16.045s][info][gc,metaspace   ] GC(13) Metaspace: 55783K(56640K)->55783K(56640K) NonClass: 48657K(49152K)->48657K(49152K) Class: 7125K(7488K)->7125K(7488K)
[16.045s][info][gc             ] GC(13) Pause Young (Allocation Failure) 422M->158M(989M) 62.771ms
[16.045s][info][gc,cpu         ] GC(13) User=0.09s Sys=0.00s Real=0.06s
[16.128s][info][gc,start       ] GC(14) Pause Young (Allocation Failure)
[16.196s][info][gc,heap        ] GC(14) DefNew: 301412K(314560K)->19995K(314560K) Eden: 279616K(279616K)->0K(279616K) From: 21796K(34944K)->19995K(34944K)
[16.196s][info][gc,heap        ] GC(14) Tenured: 140826K(699072K)->152697K(699072K)
[16.196s][info][gc,metaspace   ] GC(14) Metaspace: 55783K(56640K)->55783K(56640K) NonClass: 48657K(49152K)->48657K(49152K) Class: 7125K(7488K)->7125K(7488K)
[16.196s][info][gc             ] GC(14) Pause Young (Allocation Failure) 431M->168M(989M) 67.974ms
[16.196s][info][gc,cpu         ] GC(14) User=0.08s Sys=0.00s Real=0.08s
[16.288s][info][gc,start       ] GC(15) Pause Young (Allocation Failure)
[16.359s][info][gc,heap        ] GC(15) DefNew: 299611K(314560K)->24843K(314560K) Eden: 279616K(279616K)->0K(279616K) From: 19995K(34944K)->24843K(34944K)
[16.359s][info][gc,heap        ] GC(15) Tenured: 152697K(699072K)->162621K(699072K)
[16.359s][info][gc,metaspace   ] GC(15) Metaspace: 55783K(56640K)->55783K(56640K) NonClass: 48657K(49152K)->48657K(49152K) Class: 7125K(7488K)->7125K(7488K)
[16.359s][info][gc             ] GC(15) Pause Young (Allocation Failure) 441M->183M(989M) 71.268ms
[16.359s][info][gc,cpu         ] GC(15) User=0.06s Sys=0.00s Real=0.06s
[16.447s][info][gc,start       ] GC(16) Pause Young (Allocation Failure)
[16.515s][info][gc,heap        ] GC(16) DefNew: 304459K(314560K)->25130K(314560K) Eden: 279616K(279616K)->0K(279616K) From: 24843K(34944K)->25130K(34944K)
[16.515s][info][gc,heap        ] GC(16) Tenured: 162621K(699072K)->172692K(699072K)
[16.515s][info][gc,metaspace   ] GC(16) Metaspace: 55783K(56640K)->55783K(56640K) NonClass: 48657K(49152K)->48657K(49152K) Class: 7125K(7488K)->7125K(7488K)
[16.515s][info][gc             ] GC(16) Pause Young (Allocation Failure) 456M->193M(989M) 68.057ms
[16.515s][info][gc,cpu         ] GC(16) User=0.06s Sys=0.00s Real=0.06s
[16.609s][info][gc,start       ] GC(17) Pause Young (Allocation Failure)
[16.661s][info][gc,heap        ] GC(17) DefNew: 304746K(314560K)->17590K(314560K) Eden: 279616K(279616K)->0K(279616K) From: 25130K(34944K)->17590K(34944K)
[16.662s][info][gc,heap        ] GC(17) Tenured: 172692K(699072K)->187464K(699072K)
[16.662s][info][gc,metaspace   ] GC(17) Metaspace: 55849K(56640K)->55849K(56640K) NonClass: 48711K(49152K)->48711K(49152K) Class: 7137K(7488K)->7137K(7488K)
[16.662s][info][gc             ] GC(17) Pause Young (Allocation Failure) 466M->200M(989M) 52.880ms
[16.662s][info][gc,cpu         ] GC(17) User=0.08s Sys=0.00s Real=0.06s
[16.792s][info][gc,start       ] GC(18) Pause Young (Allocation Failure)
[16.827s][info][gc,heap        ] GC(18) DefNew: 297206K(314560K)->7326K(314560K) Eden: 279616K(279616K)->0K(279616K) From: 17590K(34944K)->7326K(34944K)
[16.827s][info][gc,heap        ] GC(18) Tenured: 187464K(699072K)->197822K(699072K)
[16.827s][info][gc,metaspace   ] GC(18) Metaspace: 56193K(57024K)->56193K(57024K) NonClass: 49001K(49472K)->49001K(49472K) Class: 7192K(7552K)->7192K(7552K)
[16.827s][info][gc             ] GC(18) Pause Young (Allocation Failure) 473M->200M(989M) 34.936ms
[16.827s][info][gc,cpu         ] GC(18) User=0.02s Sys=0.02s Real=0.03s
[16.994s][info][gc,start       ] GC(19) Pause Young (Allocation Failure)
[17.009s][info][gc,heap        ] GC(19) DefNew: 286942K(314560K)->7323K(314560K) Eden: 279616K(279616K)->0K(279616K) From: 7326K(34944K)->7323K(34944K)
[17.009s][info][gc,heap        ] GC(19) Tenured: 197822K(699072K)->197822K(699072K)
[17.009s][info][gc,metaspace   ] GC(19) Metaspace: 56193K(57024K)->56193K(57024K) NonClass: 49001K(49472K)->49001K(49472K) Class: 7192K(7552K)->7192K(7552K)
[17.010s][info][gc             ] GC(19) Pause Young (Allocation Failure) 473M->200M(989M) 15.920ms
[17.010s][info][gc,cpu         ] GC(19) User=0.02s Sys=0.00s Real=0.02s
[17.159s][info][gc,start       ] GC(20) Pause Young (Allocation Failure)
[17.174s][info][gc,heap        ] GC(20) DefNew: 286939K(314560K)->7323K(314560K) Eden: 279616K(279616K)->0K(279616K) From: 7323K(34944K)->7323K(34944K)
[17.174s][info][gc,heap        ] GC(20) Tenured: 197822K(699072K)->197822K(699072K)
[17.174s][info][gc,metaspace   ] GC(20) Metaspace: 56193K(57024K)->56193K(57024K) NonClass: 49001K(49472K)->49001K(49472K) Class: 7192K(7552K)->7192K(7552K)
[17.174s][info][gc             ] GC(20) Pause Young (Allocation Failure) 473M->200M(989M) 14.729ms
[17.174s][info][gc,cpu         ] GC(20) User=0.02s Sys=0.00s Real=0.02s
[17.314s][info][gc,start       ] GC(21) Pause Young (Allocation Failure)
[17.329s][info][gc,heap        ] GC(21) DefNew: 286939K(314560K)->7323K(314560K) Eden: 279616K(279616K)->0K(279616K) From: 7323K(34944K)->7323K(34944K)
[17.330s][info][gc,heap        ] GC(21) Tenured: 197822K(699072K)->197822K(699072K)
[17.330s][info][gc,metaspace   ] GC(21) Metaspace: 56193K(57024K)->56193K(57024K) NonClass: 49001K(49472K)->49001K(49472K) Class: 7192K(7552K)->7192K(7552K)
[17.330s][info][gc             ] GC(21) Pause Young (Allocation Failure) 473M->200M(989M) 15.419ms
[17.330s][info][gc,cpu         ] GC(21) User=0.02s Sys=0.00s Real=0.02s
[17.527s][info][gc,start       ] GC(22) Pause Full (System.gc())
[17.527s][info][gc,phases,start] GC(22) Phase 1: Mark live objects
[17.643s][info][gc,phases      ] GC(22) Phase 1: Mark live objects 115.197ms
[17.643s][info][gc,phases,start] GC(22) Phase 2: Compute new object addresses
[17.713s][info][gc,phases      ] GC(22) Phase 2: Compute new object addresses 70.000ms
[17.713s][info][gc,phases,start] GC(22) Phase 3: Adjust pointers
[17.780s][info][gc,phases      ] GC(22) Phase 3: Adjust pointers 67.745ms
[17.780s][info][gc,phases,start] GC(22) Phase 4: Move objects
[17.834s][info][gc,phases      ] GC(22) Phase 4: Move objects 53.194ms
[17.835s][info][gc,heap        ] GC(22) DefNew: 66059K(314560K)->0K(314560K) Eden: 58736K(279616K)->0K(279616K) From: 7323K(34944K)->0K(34944K)
[17.835s][info][gc,heap        ] GC(22) Tenured: 197822K(699072K)->174331K(699072K)
[17.835s][info][gc,metaspace   ] GC(22) Metaspace: 58012K(58880K)->57975K(58880K) NonClass: 50611K(51072K)->50584K(51072K) Class: 7401K(7808K)->7390K(7808K)
[17.835s][info][gc             ] GC(22) Pause Full (System.gc()) 257M->170M(989M) 307.470ms
[17.835s][info][gc,cpu         ] GC(22) User=0.30s Sys=0.00s Real=0.30s
[18.040s][info][gc,start       ] GC(23) Pause Young (Allocation Failure)
[18.044s][info][gc,heap        ] GC(23) DefNew: 279616K(314560K)->360K(314560K) Eden: 279616K(279616K)->0K(279616K) From: 0K(34944K)->360K(34944K)
[18.044s][info][gc,heap        ] GC(23) Tenured: 174331K(699072K)->174331K(699072K)
[18.044s][info][gc,metaspace   ] GC(23) Metaspace: 58322K(59200K)->58322K(59200K) NonClass: 50864K(51328K)->50864K(51328K) Class: 7458K(7872K)->7458K(7872K)
[18.044s][info][gc             ] GC(23) Pause Young (Allocation Failure) 443M->170M(989M) 4.798ms
[18.044s][info][gc,cpu         ] GC(23) User=0.00s Sys=0.00s Real=0.00s
[18.132s][info][gc,start       ] GC(24) Pause Young (Allocation Failure)
[18.136s][info][gc,heap        ] GC(24) DefNew: 279976K(314560K)->352K(314560K) Eden: 279616K(279616K)->0K(279616K) From: 360K(34944K)->352K(34944K)
[18.136s][info][gc,heap        ] GC(24) Tenured: 174331K(699072K)->174331K(699072K)
[18.136s][info][gc,metaspace   ] GC(24) Metaspace: 58325K(59200K)->58325K(59200K) NonClass: 50866K(51328K)->50866K(51328K) Class: 7458K(7872K)->7458K(7872K)
[18.136s][info][gc             ] GC(24) Pause Young (Allocation Failure) 443M->170M(989M) 3.856ms
[18.136s][info][gc,cpu         ] GC(24) User=0.00s Sys=0.00s Real=0.00s
[18.228s][info][gc,start       ] GC(25) Pause Young (Allocation Failure)
[18.232s][info][gc,heap        ] GC(25) DefNew: 279968K(314560K)->352K(314560K) Eden: 279616K(279616K)->0K(279616K) From: 352K(34944K)->352K(34944K)
[18.232s][info][gc,heap        ] GC(25) Tenured: 174331K(699072K)->174331K(699072K)
[18.232s][info][gc,metaspace   ] GC(25) Metaspace: 58325K(59200K)->58325K(59200K) NonClass: 50866K(51328K)->50866K(51328K) Class: 7458K(7872K)->7458K(7872K)
[18.232s][info][gc             ] GC(25) Pause Young (Allocation Failure) 443M->170M(989M) 3.767ms
[18.232s][info][gc,cpu         ] GC(25) User=0.00s Sys=0.00s Real=0.00s
[18.326s][info][gc,start       ] GC(26) Pause Young (Allocation Failure)
[18.329s][info][gc,heap        ] GC(26) DefNew: 279968K(314560K)->352K(314560K) Eden: 279616K(279616K)->0K(279616K) From: 352K(34944K)->352K(34944K)
[18.330s][info][gc,heap        ] GC(26) Tenured: 174331K(699072K)->174331K(699072K)
[18.330s][info][gc,metaspace   ] GC(26) Metaspace: 58325K(59200K)->58325K(59200K) NonClass: 50866K(51328K)->50866K(51328K) Class: 7458K(7872K)->7458K(7872K)
[18.330s][info][gc             ] GC(26) Pause Young (Allocation Failure) 443M->170M(989M) 3.664ms
[18.330s][info][gc,cpu         ] GC(26) User=0.00s Sys=0.00s Real=0.00s
[18.417s][info][gc,start       ] GC(27) Pause Young (Allocation Failure)
[18.421s][info][gc,heap        ] GC(27) DefNew: 279968K(314560K)->352K(314560K) Eden: 279616K(279616K)->0K(279616K) From: 352K(34944K)->352K(34944K)
[18.421s][info][gc,heap        ] GC(27) Tenured: 174331K(699072K)->174331K(699072K)
[18.421s][info][gc,metaspace   ] GC(27) Metaspace: 58325K(59200K)->58325K(59200K) NonClass: 50866K(51328K)->50866K(51328K) Class: 7458K(7872K)->7458K(7872K)
[18.421s][info][gc             ] GC(27) Pause Young (Allocation Failure) 443M->170M(989M) 3.677ms
[18.421s][info][gc,cpu         ] GC(27) User=0.00s Sys=0.00s Real=0.00s
[18.509s][info][gc,start       ] GC(28) Pause Young (Allocation Failure)
[18.512s][info][gc,heap        ] GC(28) DefNew: 279968K(314560K)->352K(314560K) Eden: 279616K(279616K)->0K(279616K) From: 352K(34944K)->352K(34944K)
[18.512s][info][gc,heap        ] GC(28) Tenured: 174331K(699072K)->174331K(699072K)
[18.512s][info][gc,metaspace   ] GC(28) Metaspace: 58325K(59200K)->58325K(59200K) NonClass: 50866K(51328K)->50866K(51328K) Class: 7458K(7872K)->7458K(7872K)
[18.512s][info][gc             ] GC(28) Pause Young (Allocation Failure) 443M->170M(989M) 3.626ms
[18.512s][info][gc,cpu         ] GC(28) User=0.00s Sys=0.00s Real=0.00s
[18.603s][info][gc,start       ] GC(29) Pause Young (Allocation Failure)
[18.606s][info][gc,heap        ] GC(29) DefNew: 279968K(314560K)->288K(314560K) Eden: 279616K(279616K)->0K(279616K) From: 352K(34944K)->288K(34944K)
[18.607s][info][gc,heap        ] GC(29) Tenured: 174331K(699072K)->174331K(699072K)
[18.607s][info][gc,metaspace   ] GC(29) Metaspace: 58329K(59200K)->58329K(59200K) NonClass: 50871K(51328K)->50871K(51328K) Class: 7458K(7872K)->7458K(7872K)
[18.607s][info][gc             ] GC(29) Pause Young (Allocation Failure) 443M->170M(989M) 3.839ms
[18.607s][info][gc,cpu         ] GC(29) User=0.00s Sys=0.00s Real=0.00s
[18.682s][info][gc,start       ] GC(30) Pause Full (System.gc())
[18.682s][info][gc,phases,start] GC(30) Phase 1: Mark live objects
[18.787s][info][gc,phases      ] GC(30) Phase 1: Mark live objects 105.285ms
[18.787s][info][gc,phases,start] GC(30) Phase 2: Compute new object addresses
[18.860s][info][gc,phases      ] GC(30) Phase 2: Compute new object addresses 72.412ms
[18.860s][info][gc,phases,start] GC(30) Phase 3: Adjust pointers
[18.933s][info][gc,phases      ] GC(30) Phase 3: Adjust pointers 73.572ms
[18.933s][info][gc,phases,start] GC(30) Phase 4: Move objects
[18.933s][info][gc,phases      ] GC(30) Phase 4: Move objects 0.100ms
[18.934s][info][gc,heap        ] GC(30) DefNew: 65427K(314560K)->0K(314560K) Eden: 65139K(279616K)->0K(279616K) From: 288K(34944K)->0K(34944K)
[18.934s][info][gc,heap        ] GC(30) Tenured: 174331K(699072K)->174492K(699072K)
[18.934s][info][gc,metaspace   ] GC(30) Metaspace: 58405K(59328K)->58405K(59328K) NonClass: 50947K(51456K)->50947K(51456K) Class: 7458K(7872K)->7458K(7872K)
[18.934s][info][gc             ] GC(30) Pause Full (System.gc()) 234M->170M(989M) 252.637ms
[18.934s][info][gc,cpu         ] GC(30) User=0.25s Sys=0.00s Real=0.25s
[19.189s][info][gc,start       ] GC(31) Pause Young (Allocation Failure)
[19.193s][info][gc,heap        ] GC(31) DefNew: 279616K(314560K)->289K(314560K) Eden: 279616K(279616K)->0K(279616K) From: 0K(34944K)->289K(34944K)
[19.193s][info][gc,heap        ] GC(31) Tenured: 174492K(699072K)->174492K(699072K)
[19.193s][info][gc,metaspace   ] GC(31) Metaspace: 58471K(59328K)->58471K(59328K) NonClass: 51012K(51456K)->51012K(51456K) Class: 7458K(7872K)->7458K(7872K)
[19.193s][info][gc             ] GC(31) Pause Young (Allocation Failure) 443M->170M(989M) 3.595ms
[19.193s][info][gc,cpu         ] GC(31) User=0.00s Sys=0.00s Real=0.00s
[19.310s][info][gc,start       ] GC(32) Pause Young (Allocation Failure)
[19.313s][info][gc,heap        ] GC(32) DefNew: 279905K(314560K)->284K(314560K) Eden: 279616K(279616K)->0K(279616K) From: 289K(34944K)->284K(34944K)
[19.313s][info][gc,heap        ] GC(32) Tenured: 174492K(699072K)->174492K(699072K)
[19.313s][info][gc,metaspace   ] GC(32) Metaspace: 58471K(59328K)->58471K(59328K) NonClass: 51012K(51456K)->51012K(51456K) Class: 7458K(7872K)->7458K(7872K)
[19.313s][info][gc             ] GC(32) Pause Young (Allocation Failure) 443M->170M(989M) 3.178ms
[19.313s][info][gc,cpu         ] GC(32) User=0.00s Sys=0.00s Real=0.00s
[19.413s][info][gc,start       ] GC(33) Pause Young (Allocation Failure)
[19.416s][info][gc,heap        ] GC(33) DefNew: 279900K(314560K)->284K(314560K) Eden: 279616K(279616K)->0K(279616K) From: 284K(34944K)->284K(34944K)
[19.416s][info][gc,heap        ] GC(33) Tenured: 174492K(699072K)->174492K(699072K)
[19.416s][info][gc,metaspace   ] GC(33) Metaspace: 58471K(59328K)->58471K(59328K) NonClass: 51012K(51456K)->51012K(51456K) Class: 7458K(7872K)->7458K(7872K)
[19.416s][info][gc             ] GC(33) Pause Young (Allocation Failure) 443M->170M(989M) 2.994ms
[19.416s][info][gc,cpu         ] GC(33) User=0.00s Sys=0.00s Real=0.00s
[19.507s][info][gc,start       ] GC(34) Pause Young (Allocation Failure)
[19.510s][info][gc,heap        ] GC(34) DefNew: 279900K(314560K)->284K(314560K) Eden: 279616K(279616K)->0K(279616K) From: 284K(34944K)->284K(34944K)
[19.510s][info][gc,heap        ] GC(34) Tenured: 174492K(699072K)->174492K(699072K)
[19.510s][info][gc,metaspace   ] GC(34) Metaspace: 58471K(59328K)->58471K(59328K) NonClass: 51012K(51456K)->51012K(51456K) Class: 7458K(7872K)->7458K(7872K)
[19.510s][info][gc             ] GC(34) Pause Young (Allocation Failure) 443M->170M(989M) 2.915ms
[19.510s][info][gc,cpu         ] GC(34) User=0.00s Sys=0.00s Real=0.00s
[19.601s][info][gc,start       ] GC(35) Pause Young (Allocation Failure)
[19.604s][info][gc,heap        ] GC(35) DefNew: 279900K(314560K)->284K(314560K) Eden: 279616K(279616K)->0K(279616K) From: 284K(34944K)->284K(34944K)
[19.604s][info][gc,heap        ] GC(35) Tenured: 174492K(699072K)->174492K(699072K)
[19.604s][info][gc,metaspace   ] GC(35) Metaspace: 58471K(59328K)->58471K(59328K) NonClass: 51012K(51456K)->51012K(51456K) Class: 7458K(7872K)->7458K(7872K)
[19.604s][info][gc             ] GC(35) Pause Young (Allocation Failure) 443M->170M(989M) 2.921ms
[19.604s][info][gc,cpu         ] GC(35) User=0.00s Sys=0.00s Real=0.00s
[19.695s][info][gc,start       ] GC(36) Pause Young (Allocation Failure)
[19.698s][info][gc,heap        ] GC(36) DefNew: 279900K(314560K)->284K(314560K) Eden: 279616K(279616K)->0K(279616K) From: 284K(34944K)->284K(34944K)
[19.698s][info][gc,heap        ] GC(36) Tenured: 174492K(699072K)->174492K(699072K)
[19.698s][info][gc,metaspace   ] GC(36) Metaspace: 58471K(59328K)->58471K(59328K) NonClass: 51012K(51456K)->51012K(51456K) Class: 7458K(7872K)->7458K(7872K)
[19.698s][info][gc             ] GC(36) Pause Young (Allocation Failure) 443M->170M(989M) 2.890ms
[19.698s][info][gc,cpu         ] GC(36) User=0.00s Sys=0.00s Real=0.00s
[19.794s][info][gc,start       ] GC(37) Pause Young (Allocation Failure)
[19.797s][info][gc,heap        ] GC(37) DefNew: 279900K(314560K)->284K(314560K) Eden: 279616K(279616K)->0K(279616K) From: 284K(34944K)->284K(34944K)
[19.797s][info][gc,heap        ] GC(37) Tenured: 174492K(699072K)->174492K(699072K)
[19.797s][info][gc,metaspace   ] GC(37) Metaspace: 58471K(59328K)->58471K(59328K) NonClass: 51012K(51456K)->51012K(51456K) Class: 7458K(7872K)->7458K(7872K)
[19.797s][info][gc             ] GC(37) Pause Young (Allocation Failure) 443M->170M(989M) 2.838ms
[19.797s][info][gc,cpu         ] GC(37) User=0.00s Sys=0.00s Real=0.00s
[19.849s][info][gc,start       ] GC(38) Pause Full (System.gc())
[19.849s][info][gc,phases,start] GC(38) Phase 1: Mark live objects
[19.949s][info][gc,phases      ] GC(38) Phase 1: Mark live objects 99.724ms
[19.949s][info][gc,phases,start] GC(38) Phase 2: Compute new object addresses
[20.018s][info][gc,phases      ] GC(38) Phase 2: Compute new object addresses 68.655ms
[20.018s][info][gc,phases,start] GC(38) Phase 3: Adjust pointers
[20.081s][info][gc,phases      ] GC(38) Phase 3: Adjust pointers 63.406ms
[20.081s][info][gc,phases,start] GC(38) Phase 4: Move objects
[20.081s][info][gc,phases      ] GC(38) Phase 4: Move objects 0.056ms
[20.082s][info][gc,heap        ] GC(38) DefNew: 51329K(314560K)->0K(314560K) Eden: 51045K(279616K)->0K(279616K) From: 284K(34944K)->0K(34944K)
[20.082s][info][gc,heap        ] GC(38) Tenured: 174492K(699072K)->174591K(699072K)
[20.082s][info][gc,metaspace   ] GC(38) Metaspace: 58538K(59392K)->58538K(59392K) NonClass: 51080K(51520K)->51080K(51520K) Class: 7458K(7872K)->7458K(7872K)
[20.082s][info][gc             ] GC(38) Pause Full (System.gc()) 220M->170M(989M) 232.840ms
[20.082s][info][gc,cpu         ] GC(38) User=0.22s Sys=0.00s Real=0.22s
[20.260s][info][gc,start       ] GC(39) Pause Young (Allocation Failure)
[20.263s][info][gc,heap        ] GC(39) DefNew: 279616K(314560K)->291K(314560K) Eden: 279616K(279616K)->0K(279616K) From: 0K(34944K)->291K(34944K)
[20.263s][info][gc,heap        ] GC(39) Tenured: 174591K(699072K)->174591K(699072K)
[20.264s][info][gc,metaspace   ] GC(39) Metaspace: 58617K(59520K)->58617K(59520K) NonClass: 51159K(51648K)->51159K(51648K) Class: 7458K(7872K)->7458K(7872K)
[20.264s][info][gc             ] GC(39) Pause Young (Allocation Failure) 443M->170M(989M) 3.735ms
[20.264s][info][gc,cpu         ] GC(39) User=0.00s Sys=0.00s Real=0.00s
[20.357s][info][gc,start       ] GC(40) Pause Young (Allocation Failure)
[20.361s][info][gc,heap        ] GC(40) DefNew: 279907K(314560K)->287K(314560K) Eden: 279616K(279616K)->0K(279616K) From: 291K(34944K)->287K(34944K)
[20.361s][info][gc,heap        ] GC(40) Tenured: 174591K(699072K)->174591K(699072K)
[20.361s][info][gc,metaspace   ] GC(40) Metaspace: 58629K(59520K)->58629K(59520K) NonClass: 51170K(51648K)->51170K(51648K) Class: 7458K(7872K)->7458K(7872K)
[20.361s][info][gc             ] GC(40) Pause Young (Allocation Failure) 443M->170M(989M) 3.387ms
[20.361s][info][gc,cpu         ] GC(40) User=0.00s Sys=0.00s Real=0.00s
[20.460s][info][gc,start       ] GC(41) Pause Young (Allocation Failure)
[20.463s][info][gc,heap        ] GC(41) DefNew: 279903K(314560K)->287K(314560K) Eden: 279616K(279616K)->0K(279616K) From: 287K(34944K)->287K(34944K)
[20.463s][info][gc,heap        ] GC(41) Tenured: 174591K(699072K)->174591K(699072K)
[20.463s][info][gc,metaspace   ] GC(41) Metaspace: 58629K(59520K)->58629K(59520K) NonClass: 51170K(51648K)->51170K(51648K) Class: 7458K(7872K)->7458K(7872K)
[20.463s][info][gc             ] GC(41) Pause Young (Allocation Failure) 443M->170M(989M) 3.242ms
[20.463s][info][gc,cpu         ] GC(41) User=0.02s Sys=0.00s Real=0.02s
[20.558s][info][gc,start       ] GC(42) Pause Young (Allocation Failure)
[20.561s][info][gc,heap        ] GC(42) DefNew: 279903K(314560K)->287K(314560K) Eden: 279616K(279616K)->0K(279616K) From: 287K(34944K)->287K(34944K)
[20.561s][info][gc,heap        ] GC(42) Tenured: 174591K(699072K)->174591K(699072K)
[20.561s][info][gc,metaspace   ] GC(42) Metaspace: 58629K(59520K)->58629K(59520K) NonClass: 51170K(51648K)->51170K(51648K) Class: 7458K(7872K)->7458K(7872K)
[20.561s][info][gc             ] GC(42) Pause Young (Allocation Failure) 443M->170M(989M) 3.178ms
[20.561s][info][gc,cpu         ] GC(42) User=0.02s Sys=0.00s Real=0.01s
[20.660s][info][gc,start       ] GC(43) Pause Young (Allocation Failure)
[20.663s][info][gc,heap        ] GC(43) DefNew: 279903K(314560K)->287K(314560K) Eden: 279616K(279616K)->0K(279616K) From: 287K(34944K)->287K(34944K)
[20.663s][info][gc,heap        ] GC(43) Tenured: 174591K(699072K)->174591K(699072K)
[20.663s][info][gc,metaspace   ] GC(43) Metaspace: 58629K(59520K)->58629K(59520K) NonClass: 51170K(51648K)->51170K(51648K) Class: 7458K(7872K)->7458K(7872K)
[20.663s][info][gc             ] GC(43) Pause Young (Allocation Failure) 443M->170M(989M) 3.059ms
[20.663s][info][gc,cpu         ] GC(43) User=0.00s Sys=0.00s Real=0.00s
[20.759s][info][gc,start       ] GC(44) Pause Young (Allocation Failure)
[20.762s][info][gc,heap        ] GC(44) DefNew: 279903K(314560K)->287K(314560K) Eden: 279616K(279616K)->0K(279616K) From: 287K(34944K)->287K(34944K)
[20.762s][info][gc,heap        ] GC(44) Tenured: 174591K(699072K)->174591K(699072K)
[20.762s][info][gc,metaspace   ] GC(44) Metaspace: 58629K(59520K)->58629K(59520K) NonClass: 51170K(51648K)->51170K(51648K) Class: 7458K(7872K)->7458K(7872K)
[20.763s][info][gc             ] GC(44) Pause Young (Allocation Failure) 443M->170M(989M) 3.316ms
[20.763s][info][gc,cpu         ] GC(44) User=0.02s Sys=0.00s Real=0.01s
[20.853s][info][gc,start       ] GC(45) Pause Young (Allocation Failure)
[20.856s][info][gc,heap        ] GC(45) DefNew: 279903K(314560K)->287K(314560K) Eden: 279616K(279616K)->0K(279616K) From: 287K(34944K)->287K(34944K)
[20.856s][info][gc,heap        ] GC(45) Tenured: 174591K(699072K)->174591K(699072K)
[20.856s][info][gc,metaspace   ] GC(45) Metaspace: 58629K(59520K)->58629K(59520K) NonClass: 51170K(51648K)->51170K(51648K) Class: 7458K(7872K)->7458K(7872K)
[20.856s][info][gc             ] GC(45) Pause Young (Allocation Failure) 443M->170M(989M) 3.086ms
[20.856s][info][gc,cpu         ] GC(45) User=0.00s Sys=0.00s Real=0.00s
[20.910s][info][gc,start       ] GC(46) Pause Full (System.gc())
[20.910s][info][gc,phases,start] GC(46) Phase 1: Mark live objects
[21.020s][info][gc,phases      ] GC(46) Phase 1: Mark live objects 110.419ms
[21.020s][info][gc,phases,start] GC(46) Phase 2: Compute new object addresses
[21.089s][info][gc,phases      ] GC(46) Phase 2: Compute new object addresses 69.183ms
[21.089s][info][gc,phases,start] GC(46) Phase 3: Adjust pointers
[21.153s][info][gc,phases      ] GC(46) Phase 3: Adjust pointers 63.476ms
[21.153s][info][gc,phases,start] GC(46) Phase 4: Move objects
[21.153s][info][gc,phases      ] GC(46) Phase 4: Move objects 0.049ms
[21.154s][info][gc,heap        ] GC(46) DefNew: 49982K(314560K)->0K(314560K) Eden: 49695K(279616K)->0K(279616K) From: 287K(34944K)->0K(34944K)
[21.154s][info][gc,heap        ] GC(46) Tenured: 174591K(699072K)->174689K(699072K)
[21.154s][info][gc,metaspace   ] GC(46) Metaspace: 58666K(59520K)->58666K(59520K) NonClass: 51207K(51648K)->51207K(51648K) Class: 7459K(7872K)->7459K(7872K)
[21.154s][info][gc             ] GC(46) Pause Full (System.gc()) 219M->170M(989M) 244.164ms
[21.154s][info][gc,cpu         ] GC(46) User=0.27s Sys=0.00s Real=0.24s
[21.324s][info][gc,start       ] GC(47) Pause Young (Allocation Failure)
[21.327s][info][gc,heap        ] GC(47) DefNew: 279616K(314560K)->290K(314560K) Eden: 279616K(279616K)->0K(279616K) From: 0K(34944K)->290K(34944K)
[21.327s][info][gc,heap        ] GC(47) Tenured: 174689K(699072K)->174689K(699072K)
[21.327s][info][gc,metaspace   ] GC(47) Metaspace: 58709K(59584K)->58709K(59584K) NonClass: 51249K(51712K)->51249K(51712K) Class: 7459K(7872K)->7459K(7872K)
[21.327s][info][gc             ] GC(47) Pause Young (Allocation Failure) 443M->170M(989M) 3.622ms
[21.327s][info][gc,cpu         ] GC(47) User=0.00s Sys=0.00s Real=0.00s
[21.419s][info][gc,start       ] GC(48) Pause Young (Allocation Failure)
[21.422s][info][gc,heap        ] GC(48) DefNew: 279906K(314560K)->286K(314560K) Eden: 279616K(279616K)->0K(279616K) From: 290K(34944K)->286K(34944K)
[21.422s][info][gc,heap        ] GC(48) Tenured: 174689K(699072K)->174689K(699072K)
[21.422s][info][gc,metaspace   ] GC(48) Metaspace: 58716K(59584K)->58716K(59584K) NonClass: 51256K(51712K)->51256K(51712K) Class: 7459K(7872K)->7459K(7872K)
[21.422s][info][gc             ] GC(48) Pause Young (Allocation Failure) 443M->170M(989M) 3.297ms
[21.422s][info][gc,cpu         ] GC(48) User=0.00s Sys=0.00s Real=0.00s
[21.519s][info][gc,start       ] GC(49) Pause Young (Allocation Failure)
[21.522s][info][gc,heap        ] GC(49) DefNew: 279902K(314560K)->286K(314560K) Eden: 279616K(279616K)->0K(279616K) From: 286K(34944K)->286K(34944K)
[21.522s][info][gc,heap        ] GC(49) Tenured: 174689K(699072K)->174689K(699072K)
[21.522s][info][gc,metaspace   ] GC(49) Metaspace: 58716K(59584K)->58716K(59584K) NonClass: 51256K(51712K)->51256K(51712K) Class: 7459K(7872K)->7459K(7872K)
[21.522s][info][gc             ] GC(49) Pause Young (Allocation Failure) 443M->170M(989M) 3.174ms
[21.522s][info][gc,cpu         ] GC(49) User=0.02s Sys=0.00s Real=0.02s
[21.613s][info][gc,start       ] GC(50) Pause Young (Allocation Failure)
[21.616s][info][gc,heap        ] GC(50) DefNew: 279902K(314560K)->286K(314560K) Eden: 279616K(279616K)->0K(279616K) From: 286K(34944K)->286K(34944K)
[21.616s][info][gc,heap        ] GC(50) Tenured: 174689K(699072K)->174689K(699072K)
[21.616s][info][gc,metaspace   ] GC(50) Metaspace: 58716K(59584K)->58716K(59584K) NonClass: 51256K(51712K)->51256K(51712K) Class: 7459K(7872K)->7459K(7872K)
[21.617s][info][gc             ] GC(50) Pause Young (Allocation Failure) 443M->170M(989M) 3.069ms
[21.617s][info][gc,cpu         ] GC(50) User=0.02s Sys=0.00s Real=0.02s
[21.712s][info][gc,start       ] GC(51) Pause Young (Allocation Failure)
[21.715s][info][gc,heap        ] GC(51) DefNew: 279902K(314560K)->286K(314560K) Eden: 279616K(279616K)->0K(279616K) From: 286K(34944K)->286K(34944K)
[21.715s][info][gc,heap        ] GC(51) Tenured: 174689K(699072K)->174689K(699072K)
[21.715s][info][gc,metaspace   ] GC(51) Metaspace: 58716K(59584K)->58716K(59584K) NonClass: 51256K(51712K)->51256K(51712K) Class: 7459K(7872K)->7459K(7872K)
[21.715s][info][gc             ] GC(51) Pause Young (Allocation Failure) 443M->170M(989M) 3.138ms
[21.715s][info][gc,cpu         ] GC(51) User=0.02s Sys=0.00s Real=0.02s
[21.814s][info][gc,start       ] GC(52) Pause Young (Allocation Failure)
[21.817s][info][gc,heap        ] GC(52) DefNew: 279902K(314560K)->286K(314560K) Eden: 279616K(279616K)->0K(279616K) From: 286K(34944K)->286K(34944K)
[21.817s][info][gc,heap        ] GC(52) Tenured: 174689K(699072K)->174689K(699072K)
[21.817s][info][gc,metaspace   ] GC(52) Metaspace: 58716K(59584K)->58716K(59584K) NonClass: 51256K(51712K)->51256K(51712K) Class: 7459K(7872K)->7459K(7872K)
[21.817s][info][gc             ] GC(52) Pause Young (Allocation Failure) 443M->170M(989M) 3.150ms
[21.817s][info][gc,cpu         ] GC(52) User=0.00s Sys=0.00s Real=0.00s
[21.918s][info][gc,start       ] GC(53) Pause Young (Allocation Failure)
[21.921s][info][gc,heap        ] GC(53) DefNew: 279902K(314560K)->319K(314560K) Eden: 279616K(279616K)->0K(279616K) From: 286K(34944K)->319K(34944K)
[21.922s][info][gc,heap        ] GC(53) Tenured: 174689K(699072K)->174689K(699072K)
[21.922s][info][gc,metaspace   ] GC(53) Metaspace: 58717K(59584K)->58717K(59584K) NonClass: 51258K(51712K)->51258K(51712K) Class: 7459K(7872K)->7459K(7872K)
[21.922s][info][gc             ] GC(53) Pause Young (Allocation Failure) 443M->170M(989M) 3.533ms
[21.922s][info][gc,cpu         ] GC(53) User=0.02s Sys=0.00s Real=0.02s
[21.973s][info][gc,start       ] GC(54) Pause Full (System.gc())
[21.973s][info][gc,phases,start] GC(54) Phase 1: Mark live objects
[22.079s][info][gc,phases      ] GC(54) Phase 1: Mark live objects 105.410ms
[22.079s][info][gc,phases,start] GC(54) Phase 2: Compute new object addresses
[22.147s][info][gc,phases      ] GC(54) Phase 2: Compute new object addresses 68.118ms
[22.147s][info][gc,phases,start] GC(54) Phase 3: Adjust pointers
[22.215s][info][gc,phases      ] GC(54) Phase 3: Adjust pointers 67.951ms
[22.215s][info][gc,phases,start] GC(54) Phase 4: Move objects
[22.263s][info][gc,phases      ] GC(54) Phase 4: Move objects 48.554ms
[22.264s][info][gc,heap        ] GC(54) DefNew: 46924K(314560K)->0K(314560K) Eden: 46604K(279616K)->0K(279616K) From: 319K(34944K)->0K(34944K)
[22.264s][info][gc,heap        ] GC(54) Tenured: 174689K(699072K)->174558K(699072K)
[22.264s][info][gc,metaspace   ] GC(54) Metaspace: 58750K(59584K)->58750K(59584K) NonClass: 51290K(51712K)->51290K(51712K) Class: 7459K(7872K)->7459K(7872K)
[22.264s][info][gc             ] GC(54) Pause Full (System.gc()) 216M->170M(989M) 291.113ms
[22.264s][info][gc,cpu         ] GC(54) User=0.30s Sys=0.00s Real=0.30s
[22.425s][info][gc,start       ] GC(55) Pause Young (Allocation Failure)
[22.428s][info][gc,heap        ] GC(55) DefNew: 279616K(314560K)->289K(314560K) Eden: 279616K(279616K)->0K(279616K) From: 0K(34944K)->289K(34944K)
[22.429s][info][gc,heap        ] GC(55) Tenured: 174558K(699072K)->174558K(699072K)
[22.429s][info][gc,metaspace   ] GC(55) Metaspace: 58783K(59712K)->58783K(59712K) NonClass: 51324K(51840K)->51324K(51840K) Class: 7459K(7872K)->7459K(7872K)
[22.429s][info][gc             ] GC(55) Pause Young (Allocation Failure) 443M->170M(989M) 3.902ms
[22.429s][info][gc,cpu         ] GC(55) User=0.03s Sys=0.00s Real=0.02s
[22.520s][info][gc,start       ] GC(56) Pause Young (Allocation Failure)
[22.523s][info][gc,heap        ] GC(56) DefNew: 279905K(314560K)->284K(314560K) Eden: 279616K(279616K)->0K(279616K) From: 289K(34944K)->284K(34944K)
[22.523s][info][gc,heap        ] GC(56) Tenured: 174558K(699072K)->174558K(699072K)
[22.523s][info][gc,metaspace   ] GC(56) Metaspace: 58797K(59712K)->58797K(59712K) NonClass: 51338K(51840K)->51338K(51840K) Class: 7459K(7872K)->7459K(7872K)
[22.523s][info][gc             ] GC(56) Pause Young (Allocation Failure) 443M->170M(989M) 3.621ms
[22.524s][info][gc,cpu         ] GC(56) User=0.00s Sys=0.00s Real=0.00s
[22.622s][info][gc,start       ] GC(57) Pause Young (Allocation Failure)
[22.625s][info][gc,heap        ] GC(57) DefNew: 279900K(314560K)->284K(314560K) Eden: 279616K(279616K)->0K(279616K) From: 284K(34944K)->284K(34944K)
[22.625s][info][gc,heap        ] GC(57) Tenured: 174558K(699072K)->174558K(699072K)
[22.625s][info][gc,metaspace   ] GC(57) Metaspace: 58797K(59712K)->58797K(59712K) NonClass: 51338K(51840K)->51338K(51840K) Class: 7459K(7872K)->7459K(7872K)
[22.625s][info][gc             ] GC(57) Pause Young (Allocation Failure) 443M->170M(989M) 3.425ms
[22.626s][info][gc,cpu         ] GC(57) User=0.00s Sys=0.00s Real=0.00s
[22.716s][info][gc,start       ] GC(58) Pause Young (Allocation Failure)
[22.719s][info][gc,heap        ] GC(58) DefNew: 279900K(314560K)->284K(314560K) Eden: 279616K(279616K)->0K(279616K) From: 284K(34944K)->284K(34944K)
[22.720s][info][gc,heap        ] GC(58) Tenured: 174558K(699072K)->174558K(699072K)
[22.720s][info][gc,metaspace   ] GC(58) Metaspace: 58797K(59712K)->58797K(59712K) NonClass: 51338K(51840K)->51338K(51840K) Class: 7459K(7872K)->7459K(7872K)
[22.720s][info][gc             ] GC(58) Pause Young (Allocation Failure) 443M->170M(989M) 3.332ms
[22.720s][info][gc,cpu         ] GC(58) User=0.00s Sys=0.00s Real=0.00s
[22.817s][info][gc,start       ] GC(59) Pause Young (Allocation Failure)
[22.820s][info][gc,heap        ] GC(59) DefNew: 279900K(314560K)->284K(314560K) Eden: 279616K(279616K)->0K(279616K) From: 284K(34944K)->284K(34944K)
[22.820s][info][gc,heap        ] GC(59) Tenured: 174558K(699072K)->174558K(699072K)
[22.820s][info][gc,metaspace   ] GC(59) Metaspace: 58797K(59712K)->58797K(59712K) NonClass: 51338K(51840K)->51338K(51840K) Class: 7459K(7872K)->7459K(7872K)
[22.820s][info][gc             ] GC(59) Pause Young (Allocation Failure) 443M->170M(989M) 3.259ms
[22.821s][info][gc,cpu         ] GC(59) User=0.00s Sys=0.00s Real=0.00s
[22.917s][info][gc,start       ] GC(60) Pause Young (Allocation Failure)
[22.920s][info][gc,heap        ] GC(60) DefNew: 279900K(314560K)->284K(314560K) Eden: 279616K(279616K)->0K(279616K) From: 284K(34944K)->284K(34944K)
[22.920s][info][gc,heap        ] GC(60) Tenured: 174558K(699072K)->174558K(699072K)
[22.920s][info][gc,metaspace   ] GC(60) Metaspace: 58797K(59712K)->58797K(59712K) NonClass: 51338K(51840K)->51338K(51840K) Class: 7459K(7872K)->7459K(7872K)
[22.920s][info][gc             ] GC(60) Pause Young (Allocation Failure) 443M->170M(989M) 3.240ms
[22.920s][info][gc,cpu         ] GC(60) User=0.02s Sys=0.00s Real=0.02s
[23.010s][info][gc,start       ] GC(61) Pause Young (Allocation Failure)
[23.013s][info][gc,heap        ] GC(61) DefNew: 279900K(314560K)->284K(314560K) Eden: 279616K(279616K)->0K(279616K) From: 284K(34944K)->284K(34944K)
[23.013s][info][gc,heap        ] GC(61) Tenured: 174558K(699072K)->174558K(699072K)
[23.013s][info][gc,metaspace   ] GC(61) Metaspace: 58797K(59712K)->58797K(59712K) NonClass: 51338K(51840K)->51338K(51840K) Class: 7459K(7872K)->7459K(7872K)
[23.013s][info][gc             ] GC(61) Pause Young (Allocation Failure) 443M->170M(989M) 3.233ms
[23.014s][info][gc,cpu         ] GC(61) User=0.02s Sys=0.00s Real=0.02s
[23.077s][info][gc,start       ] GC(62) Pause Full (System.gc())
[23.077s][info][gc,phases,start] GC(62) Phase 1: Mark live objects
[23.183s][info][gc,phases      ] GC(62) Phase 1: Mark live objects 105.354ms
[23.183s][info][gc,phases,start] GC(62) Phase 2: Compute new object addresses
[23.251s][info][gc,phases      ] GC(62) Phase 2: Compute new object addresses 67.817ms
[23.251s][info][gc,phases,start] GC(62) Phase 3: Adjust pointers
[23.314s][info][gc,phases      ] GC(62) Phase 3: Adjust pointers 63.814ms
[23.315s][info][gc,phases,start] GC(62) Phase 4: Move objects
[23.315s][info][gc,phases      ] GC(62) Phase 4: Move objects 0.048ms
[23.315s][info][gc,heap        ] GC(62) DefNew: 43219K(314560K)->0K(314560K) Eden: 42934K(279616K)->0K(279616K) From: 284K(34944K)->0K(34944K)
[23.315s][info][gc,heap        ] GC(62) Tenured: 174558K(699072K)->174652K(699072K)
[23.315s][info][gc,metaspace   ] GC(62) Metaspace: 58817K(59712K)->58817K(59712K) NonClass: 51357K(51840K)->51357K(51840K) Class: 7460K(7872K)->7460K(7872K)
[23.315s][info][gc             ] GC(62) Pause Full (System.gc()) 212M->170M(989M) 238.068ms
[23.315s][info][gc,cpu         ] GC(62) User=0.23s Sys=0.00s Real=0.23s
[23.489s][info][gc,start       ] GC(63) Pause Young (Allocation Failure)
[23.492s][info][gc,heap        ] GC(63) DefNew: 279616K(314560K)->289K(314560K) Eden: 279616K(279616K)->0K(279616K) From: 0K(34944K)->289K(34944K)
[23.492s][info][gc,heap        ] GC(63) Tenured: 174652K(699072K)->174652K(699072K)
[23.492s][info][gc,metaspace   ] GC(63) Metaspace: 58868K(59776K)->58868K(59776K) NonClass: 51405K(51904K)->51405K(51904K) Class: 7463K(7872K)->7463K(7872K)
[23.492s][info][gc             ] GC(63) Pause Young (Allocation Failure) 443M->170M(989M) 3.886ms
[23.492s][info][gc,cpu         ] GC(63) User=0.00s Sys=0.00s Real=0.00s
[23.590s][info][gc,start       ] GC(64) Pause Young (Allocation Failure)
[23.594s][info][gc,heap        ] GC(64) DefNew: 279905K(314560K)->284K(314560K) Eden: 279616K(279616K)->0K(279616K) From: 289K(34944K)->284K(34944K)
[23.594s][info][gc,heap        ] GC(64) Tenured: 174652K(699072K)->174652K(699072K)
[23.594s][info][gc,metaspace   ] GC(64) Metaspace: 58868K(59776K)->58868K(59776K) NonClass: 51405K(51904K)->51405K(51904K) Class: 7463K(7872K)->7463K(7872K)
[23.594s][info][gc             ] GC(64) Pause Young (Allocation Failure) 443M->170M(989M) 3.547ms
[23.594s][info][gc,cpu         ] GC(64) User=0.00s Sys=0.00s Real=0.00s
[23.691s][info][gc,start       ] GC(65) Pause Young (Allocation Failure)
[23.694s][info][gc,heap        ] GC(65) DefNew: 279900K(314560K)->284K(314560K) Eden: 279616K(279616K)->0K(279616K) From: 284K(34944K)->284K(34944K)
[23.694s][info][gc,heap        ] GC(65) Tenured: 174652K(699072K)->174652K(699072K)
[23.694s][info][gc,metaspace   ] GC(65) Metaspace: 58868K(59776K)->58868K(59776K) NonClass: 51405K(51904K)->51405K(51904K) Class: 7463K(7872K)->7463K(7872K)
[23.694s][info][gc             ] GC(65) Pause Young (Allocation Failure) 443M->170M(989M) 3.554ms
[23.694s][info][gc,cpu         ] GC(65) User=0.00s Sys=0.00s Real=0.00s
[23.792s][info][gc,start       ] GC(66) Pause Young (Allocation Failure)
[23.795s][info][gc,heap        ] GC(66) DefNew: 279900K(314560K)->284K(314560K) Eden: 279616K(279616K)->0K(279616K) From: 284K(34944K)->284K(34944K)
[23.795s][info][gc,heap        ] GC(66) Tenured: 174652K(699072K)->174652K(699072K)
[23.795s][info][gc,metaspace   ] GC(66) Metaspace: 58868K(59776K)->58868K(59776K) NonClass: 51405K(51904K)->51405K(51904K) Class: 7463K(7872K)->7463K(7872K)
[23.795s][info][gc             ] GC(66) Pause Young (Allocation Failure) 443M->170M(989M) 3.432ms
[23.795s][info][gc,cpu         ] GC(66) User=0.00s Sys=0.00s Real=0.00s
[23.892s][info][gc,start       ] GC(67) Pause Young (Allocation Failure)
[23.895s][info][gc,heap        ] GC(67) DefNew: 279900K(314560K)->284K(314560K) Eden: 279616K(279616K)->0K(279616K) From: 284K(34944K)->284K(34944K)
[23.895s][info][gc,heap        ] GC(67) Tenured: 174652K(699072K)->174652K(699072K)
[23.895s][info][gc,metaspace   ] GC(67) Metaspace: 58868K(59776K)->58868K(59776K) NonClass: 51405K(51904K)->51405K(51904K) Class: 7463K(7872K)->7463K(7872K)
[23.895s][info][gc             ] GC(67) Pause Young (Allocation Failure) 443M->170M(989M) 3.321ms
[23.895s][info][gc,cpu         ] GC(67) User=0.02s Sys=0.00s Real=0.02s
[23.985s][info][gc,start       ] GC(68) Pause Young (Allocation Failure)
[23.988s][info][gc,heap        ] GC(68) DefNew: 279900K(314560K)->284K(314560K) Eden: 279616K(279616K)->0K(279616K) From: 284K(34944K)->284K(34944K)
[23.988s][info][gc,heap        ] GC(68) Tenured: 174652K(699072K)->174652K(699072K)
[23.988s][info][gc,metaspace   ] GC(68) Metaspace: 58868K(59776K)->58868K(59776K) NonClass: 51405K(51904K)->51405K(51904K) Class: 7463K(7872K)->7463K(7872K)
[23.989s][info][gc             ] GC(68) Pause Young (Allocation Failure) 443M->170M(989M) 3.280ms
[23.989s][info][gc,cpu         ] GC(68) User=0.02s Sys=0.00s Real=0.02s
[24.086s][info][gc,start       ] GC(69) Pause Young (Allocation Failure)
[24.089s][info][gc,heap        ] GC(69) DefNew: 279900K(314560K)->277K(314560K) Eden: 279616K(279616K)->0K(279616K) From: 284K(34944K)->277K(34944K)
[24.089s][info][gc,heap        ] GC(69) Tenured: 174652K(699072K)->174652K(699072K)
[24.089s][info][gc,metaspace   ] GC(69) Metaspace: 58872K(59776K)->58872K(59776K) NonClass: 51409K(51904K)->51409K(51904K) Class: 7463K(7872K)->7463K(7872K)
[24.089s][info][gc             ] GC(69) Pause Young (Allocation Failure) 443M->170M(989M) 3.558ms
[24.089s][info][gc,cpu         ] GC(69) User=0.00s Sys=0.00s Real=0.00s
[24.140s][info][gc,start       ] GC(70) Pause Full (System.gc())
[24.140s][info][gc,phases,start] GC(70) Phase 1: Mark live objects
[24.243s][info][gc,phases      ] GC(70) Phase 1: Mark live objects 102.227ms
[24.243s][info][gc,phases,start] GC(70) Phase 2: Compute new object addresses
[24.311s][info][gc,phases      ] GC(70) Phase 2: Compute new object addresses 67.980ms
[24.311s][info][gc,phases,start] GC(70) Phase 3: Adjust pointers
[24.375s][info][gc,phases      ] GC(70) Phase 3: Adjust pointers 64.166ms
[24.375s][info][gc,phases,start] GC(70) Phase 4: Move objects
[24.375s][info][gc,phases      ] GC(70) Phase 4: Move objects 0.048ms
[24.376s][info][gc,heap        ] GC(70) DefNew: 45393K(314560K)->0K(314560K) Eden: 45116K(279616K)->0K(279616K) From: 277K(34944K)->0K(34944K)
[24.376s][info][gc,heap        ] GC(70) Tenured: 174652K(699072K)->174747K(699072K)
[24.376s][info][gc,metaspace   ] GC(70) Metaspace: 58888K(59776K)->58888K(59776K) NonClass: 51425K(51904K)->51425K(51904K) Class: 7463K(7872K)->7463K(7872K)
[24.376s][info][gc             ] GC(70) Pause Full (System.gc()) 214M->170M(989M) 235.433ms
[24.376s][info][gc,cpu         ] GC(70) User=0.23s Sys=0.00s Real=0.23s
[24.538s][info][gc,start       ] GC(71) Pause Young (Allocation Failure)
[24.542s][info][gc,heap        ] GC(71) DefNew: 279616K(314560K)->289K(314560K) Eden: 279616K(279616K)->0K(279616K) From: 0K(34944K)->289K(34944K)
[24.542s][info][gc,heap        ] GC(71) Tenured: 174747K(699072K)->174747K(699072K)
[24.542s][info][gc,metaspace   ] GC(71) Metaspace: 58938K(59840K)->58938K(59840K) NonClass: 51475K(51968K)->51475K(51968K) Class: 7463K(7872K)->7463K(7872K)
[24.542s][info][gc             ] GC(71) Pause Young (Allocation Failure) 443M->170M(989M) 4.078ms
[24.542s][info][gc,cpu         ] GC(71) User=0.02s Sys=0.00s Real=0.02s
[24.633s][info][gc,start       ] GC(72) Pause Young (Allocation Failure)
[24.636s][info][gc,heap        ] GC(72) DefNew: 279905K(314560K)->284K(314560K) Eden: 279616K(279616K)->0K(279616K) From: 289K(34944K)->284K(34944K)
[24.636s][info][gc,heap        ] GC(72) Tenured: 174747K(699072K)->174747K(699072K)
[24.636s][info][gc,metaspace   ] GC(72) Metaspace: 58938K(59840K)->58938K(59840K) NonClass: 51475K(51968K)->51475K(51968K) Class: 7463K(7872K)->7463K(7872K)
[24.637s][info][gc             ] GC(72) Pause Young (Allocation Failure) 443M->170M(989M) 3.728ms
[24.637s][info][gc,cpu         ] GC(72) User=0.02s Sys=0.00s Real=0.02s
[24.734s][info][gc,start       ] GC(73) Pause Young (Allocation Failure)
[24.737s][info][gc,heap        ] GC(73) DefNew: 279900K(314560K)->284K(314560K) Eden: 279616K(279616K)->0K(279616K) From: 284K(34944K)->284K(34944K)
[24.737s][info][gc,heap        ] GC(73) Tenured: 174747K(699072K)->174747K(699072K)
[24.737s][info][gc,metaspace   ] GC(73) Metaspace: 58938K(59840K)->58938K(59840K) NonClass: 51475K(51968K)->51475K(51968K) Class: 7463K(7872K)->7463K(7872K)
[24.738s][info][gc             ] GC(73) Pause Young (Allocation Failure) 443M->170M(989M) 3.575ms
[24.738s][info][gc,cpu         ] GC(73) User=0.02s Sys=0.00s Real=0.01s
[24.829s][info][gc,start       ] GC(74) Pause Young (Allocation Failure)
[24.832s][info][gc,heap        ] GC(74) DefNew: 279900K(314560K)->284K(314560K) Eden: 279616K(279616K)->0K(279616K) From: 284K(34944K)->284K(34944K)
[24.832s][info][gc,heap        ] GC(74) Tenured: 174747K(699072K)->174747K(699072K)
[24.832s][info][gc,metaspace   ] GC(74) Metaspace: 58938K(59840K)->58938K(59840K) NonClass: 51475K(51968K)->51475K(51968K) Class: 7463K(7872K)->7463K(7872K)
[24.832s][info][gc             ] GC(74) Pause Young (Allocation Failure) 443M->170M(989M) 3.448ms
[24.832s][info][gc,cpu         ] GC(74) User=0.02s Sys=0.00s Real=0.02s
[24.928s][info][gc,start       ] GC(75) Pause Young (Allocation Failure)
[24.931s][info][gc,heap        ] GC(75) DefNew: 279900K(314560K)->284K(314560K) Eden: 279616K(279616K)->0K(279616K) From: 284K(34944K)->284K(34944K)
[24.931s][info][gc,heap        ] GC(75) Tenured: 174747K(699072K)->174747K(699072K)
[24.931s][info][gc,metaspace   ] GC(75) Metaspace: 58938K(59840K)->58938K(59840K) NonClass: 51475K(51968K)->51475K(51968K) Class: 7463K(7872K)->7463K(7872K)
[24.931s][info][gc             ] GC(75) Pause Young (Allocation Failure) 443M->170M(989M) 3.389ms
[24.931s][info][gc,cpu         ] GC(75) User=0.00s Sys=0.00s Real=0.00s
[25.028s][info][gc,start       ] GC(76) Pause Young (Allocation Failure)
[25.031s][info][gc,heap        ] GC(76) DefNew: 279900K(314560K)->284K(314560K) Eden: 279616K(279616K)->0K(279616K) From: 284K(34944K)->284K(34944K)
[25.031s][info][gc,heap        ] GC(76) Tenured: 174747K(699072K)->174747K(699072K)
[25.031s][info][gc,metaspace   ] GC(76) Metaspace: 58938K(59840K)->58938K(59840K) NonClass: 51475K(51968K)->51475K(51968K) Class: 7463K(7872K)->7463K(7872K)
[25.031s][info][gc             ] GC(76) Pause Young (Allocation Failure) 443M->170M(989M) 3.463ms
[25.031s][info][gc,cpu         ] GC(76) User=0.00s Sys=0.00s Real=0.00s
[25.129s][info][gc,start       ] GC(77) Pause Young (Allocation Failure)
[25.132s][info][gc,heap        ] GC(77) DefNew: 279900K(314560K)->285K(314560K) Eden: 279616K(279616K)->0K(279616K) From: 284K(34944K)->285K(34944K)
[25.132s][info][gc,heap        ] GC(77) Tenured: 174747K(699072K)->174747K(699072K)
[25.132s][info][gc,metaspace   ] GC(77) Metaspace: 58938K(59840K)->58938K(59840K) NonClass: 51475K(51968K)->51475K(51968K) Class: 7463K(7872K)->7463K(7872K)
[25.133s][info][gc             ] GC(77) Pause Young (Allocation Failure) 443M->170M(989M) 3.813ms
[25.133s][info][gc,cpu         ] GC(77) User=0.00s Sys=0.00s Real=0.00s
[25.181s][info][gc,start       ] GC(78) Pause Full (System.gc())
[25.181s][info][gc,phases,start] GC(78) Phase 1: Mark live objects
[25.287s][info][gc,phases      ] GC(78) Phase 1: Mark live objects 106.542ms
[25.287s][info][gc,phases,start] GC(78) Phase 2: Compute new object addresses
[25.355s][info][gc,phases      ] GC(78) Phase 2: Compute new object addresses 67.575ms
[25.355s][info][gc,phases,start] GC(78) Phase 3: Adjust pointers
[25.420s][info][gc,phases      ] GC(78) Phase 3: Adjust pointers 64.949ms
[25.420s][info][gc,phases,start] GC(78) Phase 4: Move objects
[25.420s][info][gc,phases      ] GC(78) Phase 4: Move objects 0.048ms
[25.421s][info][gc,heap        ] GC(78) DefNew: 42124K(314560K)->0K(314560K) Eden: 41839K(279616K)->0K(279616K) From: 285K(34944K)->0K(34944K)
[25.421s][info][gc,heap        ] GC(78) Tenured: 174747K(699072K)->174841K(699072K)
[25.421s][info][gc,metaspace   ] GC(78) Metaspace: 58956K(59840K)->58956K(59840K) NonClass: 51492K(51968K)->51492K(51968K) Class: 7463K(7872K)->7463K(7872K)
[25.421s][info][gc             ] GC(78) Pause Full (System.gc()) 211M->170M(989M) 240.181ms
[25.421s][info][gc,cpu         ] GC(78) User=0.25s Sys=0.00s Real=0.24s
[25.581s][info][gc,start       ] GC(79) Pause Young (Allocation Failure)
[25.585s][info][gc,heap        ] GC(79) DefNew: 279616K(314560K)->288K(314560K) Eden: 279616K(279616K)->0K(279616K) From: 0K(34944K)->288K(34944K)
[25.585s][info][gc,heap        ] GC(79) Tenured: 174841K(699072K)->174841K(699072K)
[25.585s][info][gc,metaspace   ] GC(79) Metaspace: 58995K(59904K)->58995K(59904K) NonClass: 51530K(52032K)->51530K(52032K) Class: 7464K(7872K)->7464K(7872K)
[25.585s][info][gc             ] GC(79) Pause Young (Allocation Failure) 443M->171M(989M) 4.213ms
[25.585s][info][gc,cpu         ] GC(79) User=0.00s Sys=0.00s Real=0.00s
[25.690s][info][gc,start       ] GC(80) Pause Young (Allocation Failure)
[25.693s][info][gc,heap        ] GC(80) DefNew: 279904K(314560K)->284K(314560K) Eden: 279616K(279616K)->0K(279616K) From: 288K(34944K)->284K(34944K)
[25.693s][info][gc,heap        ] GC(80) Tenured: 174841K(699072K)->174841K(699072K)
[25.693s][info][gc,metaspace   ] GC(80) Metaspace: 58996K(59904K)->58996K(59904K) NonClass: 51531K(52032K)->51531K(52032K) Class: 7464K(7872K)->7464K(7872K)
[25.694s][info][gc             ] GC(80) Pause Young (Allocation Failure) 444M->171M(989M) 3.904ms
[25.694s][info][gc,cpu         ] GC(80) User=0.00s Sys=0.00s Real=0.00s
[25.784s][info][gc,start       ] GC(81) Pause Young (Allocation Failure)
[25.788s][info][gc,heap        ] GC(81) DefNew: 279900K(314560K)->284K(314560K) Eden: 279616K(279616K)->0K(279616K) From: 284K(34944K)->284K(34944K)
[25.788s][info][gc,heap        ] GC(81) Tenured: 174841K(699072K)->174841K(699072K)
[25.788s][info][gc,metaspace   ] GC(81) Metaspace: 58996K(59904K)->58996K(59904K) NonClass: 51531K(52032K)->51531K(52032K) Class: 7464K(7872K)->7464K(7872K)
[25.788s][info][gc             ] GC(81) Pause Young (Allocation Failure) 444M->171M(989M) 3.730ms
[25.788s][info][gc,cpu         ] GC(81) User=0.00s Sys=0.00s Real=0.00s
[25.879s][info][gc,start       ] GC(82) Pause Young (Allocation Failure)
[25.882s][info][gc,heap        ] GC(82) DefNew: 279900K(314560K)->284K(314560K) Eden: 279616K(279616K)->0K(279616K) From: 284K(34944K)->284K(34944K)
[25.882s][info][gc,heap        ] GC(82) Tenured: 174841K(699072K)->174841K(699072K)
[25.882s][info][gc,metaspace   ] GC(82) Metaspace: 58996K(59904K)->58996K(59904K) NonClass: 51531K(52032K)->51531K(52032K) Class: 7464K(7872K)->7464K(7872K)
[25.882s][info][gc             ] GC(82) Pause Young (Allocation Failure) 444M->171M(989M) 3.647ms
[25.882s][info][gc,cpu         ] GC(82) User=0.00s Sys=0.00s Real=0.00s
[25.979s][info][gc,start       ] GC(83) Pause Young (Allocation Failure)
[25.982s][info][gc,heap        ] GC(83) DefNew: 279900K(314560K)->284K(314560K) Eden: 279616K(279616K)->0K(279616K) From: 284K(34944K)->284K(34944K)
[25.982s][info][gc,heap        ] GC(83) Tenured: 174841K(699072K)->174841K(699072K)
[25.982s][info][gc,metaspace   ] GC(83) Metaspace: 58996K(59904K)->58996K(59904K) NonClass: 51531K(52032K)->51531K(52032K) Class: 7464K(7872K)->7464K(7872K)
[25.982s][info][gc             ] GC(83) Pause Young (Allocation Failure) 444M->171M(989M) 3.575ms
[25.982s][info][gc,cpu         ] GC(83) User=0.00s Sys=0.00s Real=0.00s
[26.086s][info][gc,start       ] GC(84) Pause Young (Allocation Failure)
[26.089s][info][gc,heap        ] GC(84) DefNew: 279900K(314560K)->284K(314560K) Eden: 279616K(279616K)->0K(279616K) From: 284K(34944K)->284K(34944K)
[26.089s][info][gc,heap        ] GC(84) Tenured: 174841K(699072K)->174841K(699072K)
[26.089s][info][gc,metaspace   ] GC(84) Metaspace: 58996K(59904K)->58996K(59904K) NonClass: 51531K(52032K)->51531K(52032K) Class: 7464K(7872K)->7464K(7872K)
[26.089s][info][gc             ] GC(84) Pause Young (Allocation Failure) 444M->171M(989M) 3.678ms
[26.089s][info][gc,cpu         ] GC(84) User=0.00s Sys=0.00s Real=0.00s
[26.219s][info][gc,start       ] GC(85) Pause Young (Allocation Failure)
[26.224s][info][gc,heap        ] GC(85) DefNew: 279900K(314560K)->257K(314560K) Eden: 279616K(279616K)->0K(279616K) From: 284K(34944K)->257K(34944K)
[26.224s][info][gc,heap        ] GC(85) Tenured: 174841K(699072K)->174841K(699072K)
[26.224s][info][gc,metaspace   ] GC(85) Metaspace: 59133K(60032K)->59133K(60032K) NonClass: 51655K(52160K)->51655K(52160K) Class: 7477K(7872K)->7477K(7872K)
[26.224s][info][gc             ] GC(85) Pause Young (Allocation Failure) 444M->170M(989M) 5.291ms
[26.224s][info][gc,cpu         ] GC(85) User=0.00s Sys=0.00s Real=0.00s
[26.277s][info][gc,start       ] GC(86) Pause Full (System.gc())
[26.277s][info][gc,phases,start] GC(86) Phase 1: Mark live objects
[26.400s][info][gc,phases      ] GC(86) Phase 1: Mark live objects 122.653ms
[26.400s][info][gc,phases,start] GC(86) Phase 2: Compute new object addresses
[26.469s][info][gc,phases      ] GC(86) Phase 2: Compute new object addresses 68.627ms
[26.469s][info][gc,phases,start] GC(86) Phase 3: Adjust pointers
[26.550s][info][gc,phases      ] GC(86) Phase 3: Adjust pointers 80.807ms
[26.550s][info][gc,phases,start] GC(86) Phase 4: Move objects
[26.597s][info][gc,phases      ] GC(86) Phase 4: Move objects 47.043ms
[26.598s][info][gc,heap        ] GC(86) DefNew: 45345K(314560K)->0K(314560K) Eden: 45088K(279616K)->0K(279616K) From: 257K(34944K)->0K(34944K)
[26.598s][info][gc,heap        ] GC(86) Tenured: 174841K(699072K)->174789K(699072K)
[26.598s][info][gc,metaspace   ] GC(86) Metaspace: 59372K(60160K)->59372K(60160K) NonClass: 51853K(52288K)->51853K(52288K) Class: 7518K(7872K)->7518K(7872K)
[26.598s][info][gc             ] GC(86) Pause Full (System.gc()) 215M->170M(989M) 320.365ms
[26.598s][info][gc,cpu         ] GC(86) User=0.33s Sys=0.00s Real=0.31s
[26.756s][info][gc,start       ] GC(87) Pause Young (Allocation Failure)
[26.778s][info][gc,heap        ] GC(87) DefNew: 279616K(314560K)->320K(314560K) Eden: 279616K(279616K)->0K(279616K) From: 0K(34944K)->320K(34944K)
[26.778s][info][gc,heap        ] GC(87) Tenured: 174789K(699072K)->174789K(699072K)
[26.778s][info][gc,metaspace   ] GC(87) Metaspace: 59492K(60416K)->59492K(60416K) NonClass: 51952K(52480K)->51952K(52480K) Class: 7539K(7936K)->7539K(7936K)
[26.778s][info][gc             ] GC(87) Pause Young (Allocation Failure) 443M->171M(989M) 22.260ms
[26.778s][info][gc,cpu         ] GC(87) User=0.00s Sys=0.02s Real=0.03s
[26.876s][info][gc,start       ] GC(88) Pause Young (Allocation Failure)
[26.880s][info][gc,heap        ] GC(88) DefNew: 279936K(314560K)->311K(314560K) Eden: 279616K(279616K)->0K(279616K) From: 320K(34944K)->311K(34944K)
[26.880s][info][gc,heap        ] GC(88) Tenured: 174789K(699072K)->174789K(699072K)
[26.880s][info][gc,metaspace   ] GC(88) Metaspace: 59494K(60416K)->59494K(60416K) NonClass: 51954K(52480K)->51954K(52480K) Class: 7539K(7936K)->7539K(7936K)
[26.880s][info][gc             ] GC(88) Pause Young (Allocation Failure) 444M->170M(989M) 4.191ms
[26.880s][info][gc,cpu         ] GC(88) User=0.00s Sys=0.00s Real=0.00s
[26.972s][info][gc,start       ] GC(89) Pause Young (Allocation Failure)
[26.976s][info][gc,heap        ] GC(89) DefNew: 279927K(314560K)->311K(314560K) Eden: 279616K(279616K)->0K(279616K) From: 311K(34944K)->311K(34944K)
[26.976s][info][gc,heap        ] GC(89) Tenured: 174789K(699072K)->174789K(699072K)
[26.976s][info][gc,metaspace   ] GC(89) Metaspace: 59494K(60416K)->59494K(60416K) NonClass: 51954K(52480K)->51954K(52480K) Class: 7539K(7936K)->7539K(7936K)
[26.976s][info][gc             ] GC(89) Pause Young (Allocation Failure) 444M->170M(989M) 4.084ms
[26.976s][info][gc,cpu         ] GC(89) User=0.00s Sys=0.00s Real=0.00s
[27.069s][info][gc,start       ] GC(90) Pause Young (Allocation Failure)
[27.073s][info][gc,heap        ] GC(90) DefNew: 279927K(314560K)->311K(314560K) Eden: 279616K(279616K)->0K(279616K) From: 311K(34944K)->311K(34944K)
[27.073s][info][gc,heap        ] GC(90) Tenured: 174789K(699072K)->174789K(699072K)
[27.073s][info][gc,metaspace   ] GC(90) Metaspace: 59494K(60416K)->59494K(60416K) NonClass: 51954K(52480K)->51954K(52480K) Class: 7539K(7936K)->7539K(7936K)
[27.073s][info][gc             ] GC(90) Pause Young (Allocation Failure) 444M->170M(989M) 4.263ms
[27.073s][info][gc,cpu         ] GC(90) User=0.02s Sys=0.00s Real=0.02s
[27.160s][info][gc,start       ] GC(91) Pause Young (Allocation Failure)
[27.164s][info][gc,heap        ] GC(91) DefNew: 279927K(314560K)->311K(314560K) Eden: 279616K(279616K)->0K(279616K) From: 311K(34944K)->311K(34944K)
[27.164s][info][gc,heap        ] GC(91) Tenured: 174789K(699072K)->174789K(699072K)
[27.164s][info][gc,metaspace   ] GC(91) Metaspace: 59494K(60416K)->59494K(60416K) NonClass: 51954K(52480K)->51954K(52480K) Class: 7539K(7936K)->7539K(7936K)
[27.165s][info][gc             ] GC(91) Pause Young (Allocation Failure) 444M->170M(989M) 4.006ms
[27.165s][info][gc,cpu         ] GC(91) User=0.00s Sys=0.00s Real=0.00s
[27.264s][info][gc,start       ] GC(92) Pause Young (Allocation Failure)
[27.268s][info][gc,heap        ] GC(92) DefNew: 279927K(314560K)->311K(314560K) Eden: 279616K(279616K)->0K(279616K) From: 311K(34944K)->311K(34944K)
[27.268s][info][gc,heap        ] GC(92) Tenured: 174789K(699072K)->174789K(699072K)
[27.268s][info][gc,metaspace   ] GC(92) Metaspace: 59494K(60416K)->59494K(60416K) NonClass: 51954K(52480K)->51954K(52480K) Class: 7539K(7936K)->7539K(7936K)
[27.268s][info][gc             ] GC(92) Pause Young (Allocation Failure) 444M->170M(989M) 4.047ms
[27.268s][info][gc,cpu         ] GC(92) User=0.02s Sys=0.00s Real=0.02s
[27.372s][info][gc,start       ] GC(93) Pause Young (Allocation Failure)
[27.376s][info][gc,heap        ] GC(93) DefNew: 279927K(314560K)->246K(314560K) Eden: 279616K(279616K)->0K(279616K) From: 311K(34944K)->246K(34944K)
[27.376s][info][gc,heap        ] GC(93) Tenured: 174789K(699072K)->174789K(699072K)
[27.376s][info][gc,metaspace   ] GC(93) Metaspace: 59497K(60416K)->59497K(60416K) NonClass: 51958K(52480K)->51958K(52480K) Class: 7539K(7936K)->7539K(7936K)
[27.376s][info][gc             ] GC(93) Pause Young (Allocation Failure) 444M->170M(989M) 4.219ms
[27.376s][info][gc,cpu         ] GC(93) User=0.02s Sys=0.00s Real=0.02s
[27.431s][info][gc,start       ] GC(94) Pause Full (System.gc())
[27.431s][info][gc,phases,start] GC(94) Phase 1: Mark live objects
[27.554s][info][gc,phases      ] GC(94) Phase 1: Mark live objects 123.081ms
[27.554s][info][gc,phases,start] GC(94) Phase 2: Compute new object addresses
[27.622s][info][gc,phases      ] GC(94) Phase 2: Compute new object addresses 67.970ms
[27.622s][info][gc,phases,start] GC(94) Phase 3: Adjust pointers
[27.687s][info][gc,phases      ] GC(94) Phase 3: Adjust pointers 64.923ms
[27.687s][info][gc,phases,start] GC(94) Phase 4: Move objects
[27.687s][info][gc,phases      ] GC(94) Phase 4: Move objects 0.056ms
[27.688s][info][gc,heap        ] GC(94) DefNew: 42311K(314560K)->0K(314560K) Eden: 42065K(279616K)->0K(279616K) From: 246K(34944K)->0K(34944K)
[27.688s][info][gc,heap        ] GC(94) Tenured: 174789K(699072K)->174901K(699072K)
[27.688s][info][gc,metaspace   ] GC(94) Metaspace: 59529K(60416K)->59529K(60416K) NonClass: 51989K(52480K)->51989K(52480K) Class: 7539K(7936K)->7539K(7936K)
[27.688s][info][gc             ] GC(94) Pause Full (System.gc()) 212M->170M(989M) 257.106ms
[27.688s][info][gc,cpu         ] GC(94) User=0.27s Sys=0.00s Real=0.27s
[27.850s][info][gc,start       ] GC(95) Pause Young (Allocation Failure)
[27.854s][info][gc,heap        ] GC(95) DefNew: 279616K(314560K)->283K(314560K) Eden: 279616K(279616K)->0K(279616K) From: 0K(34944K)->283K(34944K)
[27.854s][info][gc,heap        ] GC(95) Tenured: 174901K(699072K)->174901K(699072K)
[27.854s][info][gc,metaspace   ] GC(95) Metaspace: 59560K(60480K)->59560K(60480K) NonClass: 52019K(52544K)->52019K(52544K) Class: 7540K(7936K)->7540K(7936K)
[27.855s][info][gc             ] GC(95) Pause Young (Allocation Failure) 443M->171M(989M) 4.382ms
[27.855s][info][gc,cpu         ] GC(95) User=0.00s Sys=0.00s Real=0.00s
[27.946s][info][gc,start       ] GC(96) Pause Young (Allocation Failure)
[27.950s][info][gc,heap        ] GC(96) DefNew: 279899K(314560K)->277K(314560K) Eden: 279616K(279616K)->0K(279616K) From: 283K(34944K)->277K(34944K)
[27.950s][info][gc,heap        ] GC(96) Tenured: 174901K(699072K)->174901K(699072K)
[27.950s][info][gc,metaspace   ] GC(96) Metaspace: 59566K(60480K)->59566K(60480K) NonClass: 52025K(52544K)->52025K(52544K) Class: 7540K(7936K)->7540K(7936K)
[27.950s][info][gc             ] GC(96) Pause Young (Allocation Failure) 444M->171M(989M) 3.934ms
[27.950s][info][gc,cpu         ] GC(96) User=0.00s Sys=0.00s Real=0.00s
[28.043s][info][gc,start       ] GC(97) Pause Young (Allocation Failure)
[28.047s][info][gc,heap        ] GC(97) DefNew: 279893K(314560K)->277K(314560K) Eden: 279616K(279616K)->0K(279616K) From: 277K(34944K)->277K(34944K)
[28.047s][info][gc,heap        ] GC(97) Tenured: 174901K(699072K)->174901K(699072K)
[28.047s][info][gc,metaspace   ] GC(97) Metaspace: 59566K(60480K)->59566K(60480K) NonClass: 52025K(52544K)->52025K(52544K) Class: 7540K(7936K)->7540K(7936K)
[28.047s][info][gc             ] GC(97) Pause Young (Allocation Failure) 444M->171M(989M) 3.749ms
[28.047s][info][gc,cpu         ] GC(97) User=0.00s Sys=0.00s Real=0.00s
[28.138s][info][gc,start       ] GC(98) Pause Young (Allocation Failure)
[28.142s][info][gc,heap        ] GC(98) DefNew: 279893K(314560K)->277K(314560K) Eden: 279616K(279616K)->0K(279616K) From: 277K(34944K)->277K(34944K)
[28.142s][info][gc,heap        ] GC(98) Tenured: 174901K(699072K)->174901K(699072K)
[28.142s][info][gc,metaspace   ] GC(98) Metaspace: 59566K(60480K)->59566K(60480K) NonClass: 52025K(52544K)->52025K(52544K) Class: 7540K(7936K)->7540K(7936K)
[28.142s][info][gc             ] GC(98) Pause Young (Allocation Failure) 444M->171M(989M) 3.665ms
[28.142s][info][gc,cpu         ] GC(98) User=0.00s Sys=0.00s Real=0.00s
[28.232s][info][gc,start       ] GC(99) Pause Young (Allocation Failure)
[28.236s][info][gc,heap        ] GC(99) DefNew: 279893K(314560K)->277K(314560K) Eden: 279616K(279616K)->0K(279616K) From: 277K(34944K)->277K(34944K)
[28.236s][info][gc,heap        ] GC(99) Tenured: 174901K(699072K)->174901K(699072K)
[28.236s][info][gc,metaspace   ] GC(99) Metaspace: 59566K(60480K)->59566K(60480K) NonClass: 52025K(52544K)->52025K(52544K) Class: 7540K(7936K)->7540K(7936K)
[28.236s][info][gc             ] GC(99) Pause Young (Allocation Failure) 444M->171M(989M) 3.574ms
[28.236s][info][gc,cpu         ] GC(99) User=0.00s Sys=0.00s Real=0.00s
[28.338s][info][gc,start       ] GC(100) Pause Young (Allocation Failure)
[28.341s][info][gc,heap        ] GC(100) DefNew: 279893K(314560K)->277K(314560K) Eden: 279616K(279616K)->0K(279616K) From: 277K(34944K)->277K(34944K)
[28.341s][info][gc,heap        ] GC(100) Tenured: 174901K(699072K)->174901K(699072K)
[28.341s][info][gc,metaspace   ] GC(100) Metaspace: 59566K(60480K)->59566K(60480K) NonClass: 52025K(52544K)->52025K(52544K) Class: 7540K(7936K)->7540K(7936K)
[28.342s][info][gc             ] GC(100) Pause Young (Allocation Failure) 444M->171M(989M) 3.686ms
[28.342s][info][gc,cpu         ] GC(100) User=0.02s Sys=0.00s Real=0.02s
[28.460s][info][gc,start       ] GC(101) Pause Young (Allocation Failure)
[28.464s][info][gc,heap        ] GC(101) DefNew: 279893K(314560K)->218K(314560K) Eden: 279616K(279616K)->0K(279616K) From: 277K(34944K)->218K(34944K)
[28.464s][info][gc,heap        ] GC(101) Tenured: 174901K(699072K)->174901K(699072K)
[28.464s][info][gc,metaspace   ] GC(101) Metaspace: 59567K(60480K)->59567K(60480K) NonClass: 52026K(52544K)->52026K(52544K) Class: 7540K(7936K)->7540K(7936K)
[28.464s][info][gc             ] GC(101) Pause Young (Allocation Failure) 444M->171M(989M) 3.805ms
[28.464s][info][gc,cpu         ] GC(101) User=0.00s Sys=0.00s Real=0.00s
[28.508s][info][gc,start       ] GC(102) Pause Full (System.gc())
[28.508s][info][gc,phases,start] GC(102) Phase 1: Mark live objects
[28.628s][info][gc,phases      ] GC(102) Phase 1: Mark live objects 120.672ms
[28.628s][info][gc,phases,start] GC(102) Phase 2: Compute new object addresses
[28.696s][info][gc,phases      ] GC(102) Phase 2: Compute new object addresses 67.936ms
[28.696s][info][gc,phases,start] GC(102) Phase 3: Adjust pointers
[28.772s][info][gc,phases      ] GC(102) Phase 3: Adjust pointers 75.480ms
[28.772s][info][gc,phases,start] GC(102) Phase 4: Move objects
[28.772s][info][gc,phases      ] GC(102) Phase 4: Move objects 0.053ms
[28.773s][info][gc,heap        ] GC(102) DefNew: 39595K(314560K)->0K(314560K) Eden: 39376K(279616K)->0K(279616K) From: 218K(34944K)->0K(34944K)
[28.773s][info][gc,heap        ] GC(102) Tenured: 174901K(699072K)->174987K(699072K)
[28.773s][info][gc,metaspace   ] GC(102) Metaspace: 59573K(60480K)->59573K(60480K) NonClass: 52032K(52544K)->52032K(52544K) Class: 7540K(7936K)->7540K(7936K)
[28.773s][info][gc             ] GC(102) Pause Full (System.gc()) 209M->170M(989M) 265.218ms
[28.773s][info][gc,cpu         ] GC(102) User=0.27s Sys=0.00s Real=0.26s
[28.930s][info][gc,start       ] GC(103) Pause Young (Allocation Failure)
[28.934s][info][gc,heap        ] GC(103) DefNew: 279616K(314560K)->282K(314560K) Eden: 279616K(279616K)->0K(279616K) From: 0K(34944K)->282K(34944K)
[28.934s][info][gc,heap        ] GC(103) Tenured: 174987K(699072K)->174987K(699072K)
[28.934s][info][gc,metaspace   ] GC(103) Metaspace: 59595K(60480K)->59595K(60480K) NonClass: 52053K(52544K)->52053K(52544K) Class: 7541K(7936K)->7541K(7936K)
[28.935s][info][gc             ] GC(103) Pause Young (Allocation Failure) 443M->171M(989M) 4.256ms
[28.935s][info][gc,cpu         ] GC(103) User=0.00s Sys=0.00s Real=0.00s
[29.038s][info][gc,start       ] GC(104) Pause Young (Allocation Failure)
[29.042s][info][gc,heap        ] GC(104) DefNew: 279898K(314560K)->276K(314560K) Eden: 279616K(279616K)->0K(279616K) From: 282K(34944K)->276K(34944K)
[29.042s][info][gc,heap        ] GC(104) Tenured: 174987K(699072K)->174987K(699072K)
[29.042s][info][gc,metaspace   ] GC(104) Metaspace: 59597K(60480K)->59597K(60480K) NonClass: 52055K(52544K)->52055K(52544K) Class: 7541K(7936K)->7541K(7936K)
[29.042s][info][gc             ] GC(104) Pause Young (Allocation Failure) 444M->171M(989M) 4.038ms
[29.042s][info][gc,cpu         ] GC(104) User=0.00s Sys=0.00s Real=0.00s
[29.141s][info][gc,start       ] GC(105) Pause Young (Allocation Failure)
[29.145s][info][gc,heap        ] GC(105) DefNew: 279892K(314560K)->276K(314560K) Eden: 279616K(279616K)->0K(279616K) From: 276K(34944K)->276K(34944K)
[29.145s][info][gc,heap        ] GC(105) Tenured: 174987K(699072K)->174987K(699072K)
[29.145s][info][gc,metaspace   ] GC(105) Metaspace: 59597K(60480K)->59597K(60480K) NonClass: 52055K(52544K)->52055K(52544K) Class: 7541K(7936K)->7541K(7936K)
[29.145s][info][gc             ] GC(105) Pause Young (Allocation Failure) 444M->171M(989M) 3.957ms
[29.145s][info][gc,cpu         ] GC(105) User=0.02s Sys=0.00s Real=0.02s
[29.239s][info][gc,start       ] GC(106) Pause Young (Allocation Failure)
[29.242s][info][gc,heap        ] GC(106) DefNew: 279892K(314560K)->276K(314560K) Eden: 279616K(279616K)->0K(279616K) From: 276K(34944K)->276K(34944K)
[29.242s][info][gc,heap        ] GC(106) Tenured: 174987K(699072K)->174987K(699072K)
[29.242s][info][gc,metaspace   ] GC(106) Metaspace: 59597K(60480K)->59597K(60480K) NonClass: 52055K(52544K)->52055K(52544K) Class: 7541K(7936K)->7541K(7936K)
[29.242s][info][gc             ] GC(106) Pause Young (Allocation Failure) 444M->171M(989M) 3.763ms
[29.243s][info][gc,cpu         ] GC(106) User=0.00s Sys=0.00s Real=0.00s
[29.334s][info][gc,start       ] GC(107) Pause Young (Allocation Failure)
[29.337s][info][gc,heap        ] GC(107) DefNew: 279892K(314560K)->276K(314560K) Eden: 279616K(279616K)->0K(279616K) From: 276K(34944K)->276K(34944K)
[29.337s][info][gc,heap        ] GC(107) Tenured: 174987K(699072K)->174987K(699072K)
[29.337s][info][gc,metaspace   ] GC(107) Metaspace: 59597K(60480K)->59597K(60480K) NonClass: 52055K(52544K)->52055K(52544K) Class: 7541K(7936K)->7541K(7936K)
[29.337s][info][gc             ] GC(107) Pause Young (Allocation Failure) 444M->171M(989M) 3.753ms
[29.337s][info][gc,cpu         ] GC(107) User=0.00s Sys=0.00s Real=0.00s
[29.430s][info][gc,start       ] GC(108) Pause Young (Allocation Failure)
[29.433s][info][gc,heap        ] GC(108) DefNew: 279892K(314560K)->276K(314560K) Eden: 279616K(279616K)->0K(279616K) From: 276K(34944K)->276K(34944K)
[29.434s][info][gc,heap        ] GC(108) Tenured: 174987K(699072K)->174987K(699072K)
[29.434s][info][gc,metaspace   ] GC(108) Metaspace: 59597K(60480K)->59597K(60480K) NonClass: 52055K(52544K)->52055K(52544K) Class: 7541K(7936K)->7541K(7936K)
[29.434s][info][gc             ] GC(108) Pause Young (Allocation Failure) 444M->171M(989M) 3.760ms
[29.434s][info][gc,cpu         ] GC(108) User=0.00s Sys=0.00s Real=0.00s
[29.544s][info][gc,start       ] GC(109) Pause Young (Allocation Failure)
[29.547s][info][gc,heap        ] GC(109) DefNew: 279892K(314560K)->217K(314560K) Eden: 279616K(279616K)->0K(279616K) From: 276K(34944K)->217K(34944K)
[29.547s][info][gc,heap        ] GC(109) Tenured: 174987K(699072K)->174987K(699072K)
[29.547s][info][gc,metaspace   ] GC(109) Metaspace: 59599K(60480K)->59599K(60480K) NonClass: 52057K(52544K)->52057K(52544K) Class: 7541K(7936K)->7541K(7936K)
[29.548s][info][gc             ] GC(109) Pause Young (Allocation Failure) 444M->171M(989M) 3.807ms
[29.548s][info][gc,cpu         ] GC(109) User=0.00s Sys=0.00s Real=0.00s
[29.591s][info][gc,start       ] GC(110) Pause Full (System.gc())
[29.591s][info][gc,phases,start] GC(110) Phase 1: Mark live objects
[29.697s][info][gc,phases      ] GC(110) Phase 1: Mark live objects 106.389ms
[29.697s][info][gc,phases,start] GC(110) Phase 2: Compute new object addresses
[29.763s][info][gc,phases      ] GC(110) Phase 2: Compute new object addresses 66.198ms
[29.764s][info][gc,phases,start] GC(110) Phase 3: Adjust pointers
[29.828s][info][gc,phases      ] GC(110) Phase 3: Adjust pointers 64.905ms
[29.828s][info][gc,phases,start] GC(110) Phase 4: Move objects
[29.829s][info][gc,phases      ] GC(110) Phase 4: Move objects 0.046ms
[29.829s][info][gc,heap        ] GC(110) DefNew: 37477K(314560K)->0K(314560K) Eden: 37260K(279616K)->0K(279616K) From: 217K(34944K)->0K(34944K)
[29.829s][info][gc,heap        ] GC(110) Tenured: 174987K(699072K)->175072K(699072K)
[29.829s][info][gc,metaspace   ] GC(110) Metaspace: 59625K(60480K)->59625K(60480K) NonClass: 52083K(52544K)->52083K(52544K) Class: 7541K(7936K)->7541K(7936K)
[29.829s][info][gc             ] GC(110) Pause Full (System.gc()) 207M->170M(989M) 238.568ms
[29.829s][info][gc,cpu         ] GC(110) User=0.23s Sys=0.00s Real=0.23s
[29.989s][info][gc,start       ] GC(111) Pause Young (Allocation Failure)
[29.993s][info][gc,heap        ] GC(111) DefNew: 279616K(314560K)->283K(314560K) Eden: 279616K(279616K)->0K(279616K) From: 0K(34944K)->283K(34944K)
[29.993s][info][gc,heap        ] GC(111) Tenured: 175072K(699072K)->175072K(699072K)
[29.993s][info][gc,metaspace   ] GC(111) Metaspace: 59648K(60544K)->59648K(60544K) NonClass: 52105K(52608K)->52105K(52608K) Class: 7542K(7936K)->7542K(7936K)
[29.993s][info][gc             ] GC(111) Pause Young (Allocation Failure) 444M->171M(989M) 4.297ms
[29.993s][info][gc,cpu         ] GC(111) User=0.00s Sys=0.00s Real=0.00s
[30.085s][info][gc,start       ] GC(112) Pause Young (Allocation Failure)
[30.089s][info][gc,heap        ] GC(112) DefNew: 279899K(314560K)->276K(314560K) Eden: 279616K(279616K)->0K(279616K) From: 283K(34944K)->276K(34944K)
[30.089s][info][gc,heap        ] GC(112) Tenured: 175072K(699072K)->175072K(699072K)
[30.089s][info][gc,metaspace   ] GC(112) Metaspace: 59649K(60544K)->59649K(60544K) NonClass: 52107K(52608K)->52107K(52608K) Class: 7542K(7936K)->7542K(7936K)
[30.089s][info][gc             ] GC(112) Pause Young (Allocation Failure) 444M->171M(989M) 4.083ms
[30.089s][info][gc,cpu         ] GC(112) User=0.00s Sys=0.00s Real=0.00s
[30.186s][info][gc,start       ] GC(113) Pause Young (Allocation Failure)
[30.190s][info][gc,heap        ] GC(113) DefNew: 279892K(314560K)->276K(314560K) Eden: 279616K(279616K)->0K(279616K) From: 276K(34944K)->276K(34944K)
[30.190s][info][gc,heap        ] GC(113) Tenured: 175072K(699072K)->175072K(699072K)
[30.190s][info][gc,metaspace   ] GC(113) Metaspace: 59649K(60544K)->59649K(60544K) NonClass: 52107K(52608K)->52107K(52608K) Class: 7542K(7936K)->7542K(7936K)
[30.190s][info][gc             ] GC(113) Pause Young (Allocation Failure) 444M->171M(989M) 3.904ms
[30.190s][info][gc,cpu         ] GC(113) User=0.02s Sys=0.00s Real=0.02s
[30.289s][info][gc,start       ] GC(114) Pause Young (Allocation Failure)
[30.293s][info][gc,heap        ] GC(114) DefNew: 279892K(314560K)->276K(314560K) Eden: 279616K(279616K)->0K(279616K) From: 276K(34944K)->276K(34944K)
[30.293s][info][gc,heap        ] GC(114) Tenured: 175072K(699072K)->175072K(699072K)
[30.293s][info][gc,metaspace   ] GC(114) Metaspace: 59649K(60544K)->59649K(60544K) NonClass: 52107K(52608K)->52107K(52608K) Class: 7542K(7936K)->7542K(7936K)
[30.293s][info][gc             ] GC(114) Pause Young (Allocation Failure) 444M->171M(989M) 3.834ms
[30.293s][info][gc,cpu         ] GC(114) User=0.00s Sys=0.00s Real=0.00s
[30.388s][info][gc,start       ] GC(115) Pause Young (Allocation Failure)
[30.392s][info][gc,heap        ] GC(115) DefNew: 279892K(314560K)->276K(314560K) Eden: 279616K(279616K)->0K(279616K) From: 276K(34944K)->276K(34944K)
[30.392s][info][gc,heap        ] GC(115) Tenured: 175072K(699072K)->175072K(699072K)
[30.392s][info][gc,metaspace   ] GC(115) Metaspace: 59649K(60544K)->59649K(60544K) NonClass: 52107K(52608K)->52107K(52608K) Class: 7542K(7936K)->7542K(7936K)
[30.392s][info][gc             ] GC(115) Pause Young (Allocation Failure) 444M->171M(989M) 3.881ms
[30.392s][info][gc,cpu         ] GC(115) User=0.00s Sys=0.00s Real=0.00s
[30.483s][info][gc,start       ] GC(116) Pause Young (Allocation Failure)
[30.487s][info][gc,heap        ] GC(116) DefNew: 279892K(314560K)->276K(314560K) Eden: 279616K(279616K)->0K(279616K) From: 276K(34944K)->276K(34944K)
[30.487s][info][gc,heap        ] GC(116) Tenured: 175072K(699072K)->175072K(699072K)
[30.487s][info][gc,metaspace   ] GC(116) Metaspace: 59649K(60544K)->59649K(60544K) NonClass: 52107K(52608K)->52107K(52608K) Class: 7542K(7936K)->7542K(7936K)
[30.487s][info][gc             ] GC(116) Pause Young (Allocation Failure) 444M->171M(989M) 3.946ms
[30.487s][info][gc,cpu         ] GC(116) User=0.02s Sys=0.00s Real=0.02s
[30.577s][info][gc,start       ] GC(117) Pause Young (Allocation Failure)
[30.581s][info][gc,heap        ] GC(117) DefNew: 279892K(314560K)->276K(314560K) Eden: 279616K(279616K)->0K(279616K) From: 276K(34944K)->276K(34944K)
[30.581s][info][gc,heap        ] GC(117) Tenured: 175072K(699072K)->175072K(699072K)
[30.581s][info][gc,metaspace   ] GC(117) Metaspace: 59649K(60544K)->59649K(60544K) NonClass: 52107K(52608K)->52107K(52608K) Class: 7542K(7936K)->7542K(7936K)
[30.581s][info][gc             ] GC(117) Pause Young (Allocation Failure) 444M->171M(989M) 3.736ms
[30.581s][info][gc,cpu         ] GC(117) User=0.02s Sys=0.00s Real=0.02s
[30.619s][info][gc,start       ] GC(118) Pause Full (System.gc())
[30.619s][info][gc,phases,start] GC(118) Phase 1: Mark live objects
[30.717s][info][gc,phases      ] GC(118) Phase 1: Mark live objects 97.997ms
[30.717s][info][gc,phases,start] GC(118) Phase 2: Compute new object addresses
[30.783s][info][gc,phases      ] GC(118) Phase 2: Compute new object addresses 66.421ms
[30.783s][info][gc,phases,start] GC(118) Phase 3: Adjust pointers
[30.853s][info][gc,phases      ] GC(118) Phase 3: Adjust pointers 70.019ms
[30.853s][info][gc,phases,start] GC(118) Phase 4: Move objects
[30.900s][info][gc,phases      ] GC(118) Phase 4: Move objects 46.593ms
[30.901s][info][gc,heap        ] GC(118) DefNew: 38997K(314560K)->0K(314560K) Eden: 38720K(279616K)->0K(279616K) From: 276K(34944K)->0K(34944K)
[30.901s][info][gc,heap        ] GC(118) Tenured: 175072K(699072K)->174943K(699072K)
[30.901s][info][gc,metaspace   ] GC(118) Metaspace: 59685K(60544K)->59685K(60544K) NonClass: 52141K(52608K)->52141K(52608K) Class: 7543K(7936K)->7543K(7936K)
[30.901s][info][gc             ] GC(118) Pause Full (System.gc()) 209M->170M(989M) 282.079ms
[30.901s][info][gc,cpu         ] GC(118) User=0.27s Sys=0.00s Real=0.27s
[31.064s][info][gc,start       ] GC(119) Pause Young (Allocation Failure)
[31.068s][info][gc,heap        ] GC(119) DefNew: 279616K(314560K)->280K(314560K) Eden: 279616K(279616K)->0K(279616K) From: 0K(34944K)->280K(34944K)
[31.068s][info][gc,heap        ] GC(119) Tenured: 174943K(699072K)->174943K(699072K)
[31.068s][info][gc,metaspace   ] GC(119) Metaspace: 59725K(60608K)->59725K(60608K) NonClass: 52181K(52672K)->52181K(52672K) Class: 7543K(7936K)->7543K(7936K)
[31.068s][info][gc             ] GC(119) Pause Young (Allocation Failure) 443M->171M(989M) 4.286ms
[31.068s][info][gc,cpu         ] GC(119) User=0.00s Sys=0.00s Real=0.00s
[31.171s][info][gc,start       ] GC(120) Pause Young (Allocation Failure)
[31.175s][info][gc,heap        ] GC(120) DefNew: 279896K(314560K)->274K(314560K) Eden: 279616K(279616K)->0K(279616K) From: 280K(34944K)->274K(34944K)
[31.175s][info][gc,heap        ] GC(120) Tenured: 174943K(699072K)->174943K(699072K)
[31.175s][info][gc,metaspace   ] GC(120) Metaspace: 59726K(60608K)->59726K(60608K) NonClass: 52181K(52672K)->52181K(52672K) Class: 7544K(7936K)->7544K(7936K)
[31.175s][info][gc             ] GC(120) Pause Young (Allocation Failure) 444M->171M(989M) 4.082ms
[31.175s][info][gc,cpu         ] GC(120) User=0.02s Sys=0.00s Real=0.01s
[31.266s][info][gc,start       ] GC(121) Pause Young (Allocation Failure)
[31.269s][info][gc,heap        ] GC(121) DefNew: 279890K(314560K)->274K(314560K) Eden: 279616K(279616K)->0K(279616K) From: 274K(34944K)->274K(34944K)
[31.269s][info][gc,heap        ] GC(121) Tenured: 174943K(699072K)->174943K(699072K)
[31.269s][info][gc,metaspace   ] GC(121) Metaspace: 59726K(60608K)->59726K(60608K) NonClass: 52181K(52672K)->52181K(52672K) Class: 7544K(7936K)->7544K(7936K)
[31.270s][info][gc             ] GC(121) Pause Young (Allocation Failure) 444M->171M(989M) 3.869ms
[31.270s][info][gc,cpu         ] GC(121) User=0.00s Sys=0.00s Real=0.00s
[31.376s][info][gc,start       ] GC(122) Pause Young (Allocation Failure)
[31.380s][info][gc,heap        ] GC(122) DefNew: 279890K(314560K)->274K(314560K) Eden: 279616K(279616K)->0K(279616K) From: 274K(34944K)->274K(34944K)
[31.380s][info][gc,heap        ] GC(122) Tenured: 174943K(699072K)->174943K(699072K)
[31.380s][info][gc,metaspace   ] GC(122) Metaspace: 59726K(60608K)->59726K(60608K) NonClass: 52181K(52672K)->52181K(52672K) Class: 7544K(7936K)->7544K(7936K)
[31.380s][info][gc             ] GC(122) Pause Young (Allocation Failure) 444M->171M(989M) 3.894ms
[31.380s][info][gc,cpu         ] GC(122) User=0.00s Sys=0.00s Real=0.00s
[31.477s][info][gc,start       ] GC(123) Pause Young (Allocation Failure)
[31.481s][info][gc,heap        ] GC(123) DefNew: 279890K(314560K)->274K(314560K) Eden: 279616K(279616K)->0K(279616K) From: 274K(34944K)->274K(34944K)
[31.481s][info][gc,heap        ] GC(123) Tenured: 174943K(699072K)->174943K(699072K)
[31.481s][info][gc,metaspace   ] GC(123) Metaspace: 59726K(60608K)->59726K(60608K) NonClass: 52181K(52672K)->52181K(52672K) Class: 7544K(7936K)->7544K(7936K)
[31.481s][info][gc             ] GC(123) Pause Young (Allocation Failure) 444M->171M(989M) 3.791ms
[31.481s][info][gc,cpu         ] GC(123) User=0.00s Sys=0.00s Real=0.00s
[31.572s][info][gc,start       ] GC(124) Pause Young (Allocation Failure)
[31.575s][info][gc,heap        ] GC(124) DefNew: 279890K(314560K)->274K(314560K) Eden: 279616K(279616K)->0K(279616K) From: 274K(34944K)->274K(34944K)
[31.575s][info][gc,heap        ] GC(124) Tenured: 174943K(699072K)->174943K(699072K)
[31.575s][info][gc,metaspace   ] GC(124) Metaspace: 59726K(60608K)->59726K(60608K) NonClass: 52181K(52672K)->52181K(52672K) Class: 7544K(7936K)->7544K(7936K)
[31.575s][info][gc             ] GC(124) Pause Young (Allocation Failure) 444M->171M(989M) 3.724ms
[31.575s][info][gc,cpu         ] GC(124) User=0.00s Sys=0.00s Real=0.00s
[31.665s][info][gc,start       ] GC(125) Pause Young (Allocation Failure)
[31.669s][info][gc,heap        ] GC(125) DefNew: 279890K(314560K)->274K(314560K) Eden: 279616K(279616K)->0K(279616K) From: 274K(34944K)->274K(34944K)
[31.669s][info][gc,heap        ] GC(125) Tenured: 174943K(699072K)->174943K(699072K)
[31.669s][info][gc,metaspace   ] GC(125) Metaspace: 59726K(60608K)->59726K(60608K) NonClass: 52181K(52672K)->52181K(52672K) Class: 7544K(7936K)->7544K(7936K)
[31.669s][info][gc             ] GC(125) Pause Young (Allocation Failure) 444M->171M(989M) 3.694ms
[31.669s][info][gc,cpu         ] GC(125) User=0.00s Sys=0.00s Real=0.00s
[31.713s][info][gc,start       ] GC(126) Pause Full (System.gc())
[31.713s][info][gc,phases,start] GC(126) Phase 1: Mark live objects
[31.819s][info][gc,phases      ] GC(126) Phase 1: Mark live objects 106.081ms
[31.819s][info][gc,phases,start] GC(126) Phase 2: Compute new object addresses
[31.887s][info][gc,phases      ] GC(126) Phase 2: Compute new object addresses 67.872ms
[31.887s][info][gc,phases,start] GC(126) Phase 3: Adjust pointers
[31.952s][info][gc,phases      ] GC(126) Phase 3: Adjust pointers 64.703ms
[31.952s][info][gc,phases,start] GC(126) Phase 4: Move objects
[31.952s][info][gc,phases      ] GC(126) Phase 4: Move objects 0.045ms
[31.953s][info][gc,heap        ] GC(126) DefNew: 40945K(314560K)->0K(314560K) Eden: 40670K(279616K)->0K(279616K) From: 274K(34944K)->0K(34944K)
[31.953s][info][gc,heap        ] GC(126) Tenured: 174943K(699072K)->175027K(699072K)
[31.953s][info][gc,metaspace   ] GC(126) Metaspace: 59747K(60608K)->59747K(60608K) NonClass: 52202K(52672K)->52202K(52672K) Class: 7544K(7936K)->7544K(7936K)
[31.953s][info][gc             ] GC(126) Pause Full (System.gc()) 210M->170M(989M) 239.770ms
[31.953s][info][gc,cpu         ] GC(126) User=0.23s Sys=0.00s Real=0.24s
[32.111s][info][gc,start       ] GC(127) Pause Young (Allocation Failure)
[32.115s][info][gc,heap        ] GC(127) DefNew: 279616K(314560K)->281K(314560K) Eden: 279616K(279616K)->0K(279616K) From: 0K(34944K)->281K(34944K)
[32.115s][info][gc,heap        ] GC(127) Tenured: 175027K(699072K)->175027K(699072K)
[32.115s][info][gc,metaspace   ] GC(127) Metaspace: 59785K(60672K)->59785K(60672K) NonClass: 52239K(52736K)->52239K(52736K) Class: 7546K(7936K)->7546K(7936K)
[32.115s][info][gc             ] GC(127) Pause Young (Allocation Failure) 443M->171M(989M) 4.482ms
[32.115s][info][gc,cpu         ] GC(127) User=0.00s Sys=0.00s Real=0.00s
[32.214s][info][gc,start       ] GC(128) Pause Young (Allocation Failure)
[32.218s][info][gc,heap        ] GC(128) DefNew: 279897K(314560K)->274K(314560K) Eden: 279616K(279616K)->0K(279616K) From: 281K(34944K)->274K(34944K)
[32.218s][info][gc,heap        ] GC(128) Tenured: 175027K(699072K)->175027K(699072K)
[32.218s][info][gc,metaspace   ] GC(128) Metaspace: 59792K(60672K)->59792K(60672K) NonClass: 52245K(52736K)->52245K(52736K) Class: 7546K(7936K)->7546K(7936K)
[32.218s][info][gc             ] GC(128) Pause Young (Allocation Failure) 444M->171M(989M) 4.053ms
[32.218s][info][gc,cpu         ] GC(128) User=0.03s Sys=0.00s Real=0.01s
[32.317s][info][gc,start       ] GC(129) Pause Young (Allocation Failure)
[32.321s][info][gc,heap        ] GC(129) DefNew: 279890K(314560K)->274K(314560K) Eden: 279616K(279616K)->0K(279616K) From: 274K(34944K)->274K(34944K)
[32.321s][info][gc,heap        ] GC(129) Tenured: 175027K(699072K)->175027K(699072K)
[32.321s][info][gc,metaspace   ] GC(129) Metaspace: 59792K(60672K)->59792K(60672K) NonClass: 52245K(52736K)->52245K(52736K) Class: 7546K(7936K)->7546K(7936K)
[32.321s][info][gc             ] GC(129) Pause Young (Allocation Failure) 444M->171M(989M) 4.068ms
[32.321s][info][gc,cpu         ] GC(129) User=0.00s Sys=0.00s Real=0.00s
[32.416s][info][gc,start       ] GC(130) Pause Young (Allocation Failure)
[32.419s][info][gc,heap        ] GC(130) DefNew: 279890K(314560K)->274K(314560K) Eden: 279616K(279616K)->0K(279616K) From: 274K(34944K)->274K(34944K)
[32.419s][info][gc,heap        ] GC(130) Tenured: 175027K(699072K)->175027K(699072K)
[32.419s][info][gc,metaspace   ] GC(130) Metaspace: 59792K(60672K)->59792K(60672K) NonClass: 52245K(52736K)->52245K(52736K) Class: 7546K(7936K)->7546K(7936K)
[32.420s][info][gc             ] GC(130) Pause Young (Allocation Failure) 444M->171M(989M) 4.006ms
[32.420s][info][gc,cpu         ] GC(130) User=0.00s Sys=0.00s Real=0.00s
[32.519s][info][gc,start       ] GC(131) Pause Young (Allocation Failure)
[32.523s][info][gc,heap        ] GC(131) DefNew: 279890K(314560K)->274K(314560K) Eden: 279616K(279616K)->0K(279616K) From: 274K(34944K)->274K(34944K)
[32.523s][info][gc,heap        ] GC(131) Tenured: 175027K(699072K)->175027K(699072K)
[32.523s][info][gc,metaspace   ] GC(131) Metaspace: 59792K(60672K)->59792K(60672K) NonClass: 52245K(52736K)->52245K(52736K) Class: 7546K(7936K)->7546K(7936K)
[32.523s][info][gc             ] GC(131) Pause Young (Allocation Failure) 444M->171M(989M) 3.847ms
[32.523s][info][gc,cpu         ] GC(131) User=0.00s Sys=0.00s Real=0.00s
[32.632s][info][gc,start       ] GC(132) Pause Young (Allocation Failure)
[32.636s][info][gc,heap        ] GC(132) DefNew: 279890K(314560K)->274K(314560K) Eden: 279616K(279616K)->0K(279616K) From: 274K(34944K)->274K(34944K)
[32.636s][info][gc,heap        ] GC(132) Tenured: 175027K(699072K)->175027K(699072K)
[32.636s][info][gc,metaspace   ] GC(132) Metaspace: 59792K(60672K)->59792K(60672K) NonClass: 52245K(52736K)->52245K(52736K) Class: 7546K(7936K)->7546K(7936K)
[32.636s][info][gc             ] GC(132) Pause Young (Allocation Failure) 444M->171M(989M) 3.805ms
[32.636s][info][gc,cpu         ] GC(132) User=0.00s Sys=0.00s Real=0.00s
[32.767s][info][gc,start       ] GC(133) Pause Young (Allocation Failure)
[32.771s][info][gc,heap        ] GC(133) DefNew: 279890K(314560K)->265K(314560K) Eden: 279616K(279616K)->0K(279616K) From: 274K(34944K)->265K(34944K)
[32.771s][info][gc,heap        ] GC(133) Tenured: 175027K(699072K)->175027K(699072K)
[32.771s][info][gc,metaspace   ] GC(133) Metaspace: 59794K(60672K)->59794K(60672K) NonClass: 52248K(52736K)->52248K(52736K) Class: 7546K(7936K)->7546K(7936K)
[32.771s][info][gc             ] GC(133) Pause Young (Allocation Failure) 444M->171M(989M) 3.880ms
[32.771s][info][gc,cpu         ] GC(133) User=0.00s Sys=0.00s Real=0.00s
[32.813s][info][gc,start       ] GC(134) Pause Full (System.gc())
[32.813s][info][gc,phases,start] GC(134) Phase 1: Mark live objects
[32.922s][info][gc,phases      ] GC(134) Phase 1: Mark live objects 109.438ms
[32.922s][info][gc,phases,start] GC(134) Phase 2: Compute new object addresses
[32.988s][info][gc,phases      ] GC(134) Phase 2: Compute new object addresses 65.884ms
[32.988s][info][gc,phases,start] GC(134) Phase 3: Adjust pointers
[33.053s][info][gc,phases      ] GC(134) Phase 3: Adjust pointers 64.981ms
[33.053s][info][gc,phases,start] GC(134) Phase 4: Move objects
[33.053s][info][gc,phases      ] GC(134) Phase 4: Move objects 0.045ms
[33.054s][info][gc,heap        ] GC(134) DefNew: 38795K(314560K)->0K(314560K) Eden: 38529K(279616K)->0K(279616K) From: 265K(34944K)->0K(34944K)
[33.054s][info][gc,heap        ] GC(134) Tenured: 175027K(699072K)->175110K(699072K)
[33.054s][info][gc,metaspace   ] GC(134) Metaspace: 59822K(60736K)->59822K(60736K) NonClass: 52276K(52800K)->52276K(52800K) Class: 7546K(7936K)->7546K(7936K)
[33.054s][info][gc             ] GC(134) Pause Full (System.gc()) 208M->171M(989M) 241.382ms
[33.054s][info][gc,cpu         ] GC(134) User=0.23s Sys=0.00s Real=0.24s
[33.211s][info][gc,start       ] GC(135) Pause Young (Allocation Failure)
[33.215s][info][gc,heap        ] GC(135) DefNew: 279616K(314560K)->280K(314560K) Eden: 279616K(279616K)->0K(279616K) From: 0K(34944K)->280K(34944K)
[33.215s][info][gc,heap        ] GC(135) Tenured: 175110K(699072K)->175110K(699072K)
[33.215s][info][gc,metaspace   ] GC(135) Metaspace: 59859K(60736K)->59859K(60736K) NonClass: 52313K(52800K)->52313K(52800K) Class: 7546K(7936K)->7546K(7936K)
[33.215s][info][gc             ] GC(135) Pause Young (Allocation Failure) 444M->171M(989M) 4.266ms
[33.216s][info][gc,cpu         ] GC(135) User=0.00s Sys=0.00s Real=0.00s
[33.320s][info][gc,start       ] GC(136) Pause Young (Allocation Failure)
[33.323s][info][gc,heap        ] GC(136) DefNew: 279896K(314560K)->273K(314560K) Eden: 279616K(279616K)->0K(279616K) From: 280K(34944K)->273K(34944K)
[33.323s][info][gc,heap        ] GC(136) Tenured: 175110K(699072K)->175110K(699072K)
[33.323s][info][gc,metaspace   ] GC(136) Metaspace: 59859K(60736K)->59859K(60736K) NonClass: 52313K(52800K)->52313K(52800K) Class: 7546K(7936K)->7546K(7936K)
[33.323s][info][gc             ] GC(136) Pause Young (Allocation Failure) 444M->171M(989M) 3.925ms
[33.324s][info][gc,cpu         ] GC(136) User=0.00s Sys=0.00s Real=0.00s
[33.419s][info][gc,start       ] GC(137) Pause Young (Allocation Failure)
[33.422s][info][gc,heap        ] GC(137) DefNew: 279889K(314560K)->273K(314560K) Eden: 279616K(279616K)->0K(279616K) From: 273K(34944K)->273K(34944K)
[33.422s][info][gc,heap        ] GC(137) Tenured: 175110K(699072K)->175110K(699072K)
[33.422s][info][gc,metaspace   ] GC(137) Metaspace: 59859K(60736K)->59859K(60736K) NonClass: 52313K(52800K)->52313K(52800K) Class: 7546K(7936K)->7546K(7936K)
[33.423s][info][gc             ] GC(137) Pause Young (Allocation Failure) 444M->171M(989M) 3.762ms
[33.423s][info][gc,cpu         ] GC(137) User=0.00s Sys=0.00s Real=0.00s
[33.519s][info][gc,start       ] GC(138) Pause Young (Allocation Failure)
[33.522s][info][gc,heap        ] GC(138) DefNew: 279889K(314560K)->273K(314560K) Eden: 279616K(279616K)->0K(279616K) From: 273K(34944K)->273K(34944K)
[33.522s][info][gc,heap        ] GC(138) Tenured: 175110K(699072K)->175110K(699072K)
[33.522s][info][gc,metaspace   ] GC(138) Metaspace: 59859K(60736K)->59859K(60736K) NonClass: 52313K(52800K)->52313K(52800K) Class: 7546K(7936K)->7546K(7936K)
[33.523s][info][gc             ] GC(138) Pause Young (Allocation Failure) 444M->171M(989M) 3.649ms
[33.523s][info][gc,cpu         ] GC(138) User=0.02s Sys=0.00s Real=0.02s
[33.633s][info][gc,start       ] GC(139) Pause Young (Allocation Failure)
[33.636s][info][gc,heap        ] GC(139) DefNew: 279889K(314560K)->273K(314560K) Eden: 279616K(279616K)->0K(279616K) From: 273K(34944K)->273K(34944K)
[33.636s][info][gc,heap        ] GC(139) Tenured: 175110K(699072K)->175110K(699072K)
[33.636s][info][gc,metaspace   ] GC(139) Metaspace: 59859K(60736K)->59859K(60736K) NonClass: 52313K(52800K)->52313K(52800K) Class: 7546K(7936K)->7546K(7936K)
[33.636s][info][gc             ] GC(139) Pause Young (Allocation Failure) 444M->171M(989M) 3.635ms
[33.636s][info][gc,cpu         ] GC(139) User=0.00s Sys=0.00s Real=0.00s
[33.742s][info][gc,start       ] GC(140) Pause Young (Allocation Failure)
[33.745s][info][gc,heap        ] GC(140) DefNew: 279889K(314560K)->273K(314560K) Eden: 279616K(279616K)->0K(279616K) From: 273K(34944K)->273K(34944K)
[33.745s][info][gc,heap        ] GC(140) Tenured: 175110K(699072K)->175110K(699072K)
[33.745s][info][gc,metaspace   ] GC(140) Metaspace: 59859K(60736K)->59859K(60736K) NonClass: 52313K(52800K)->52313K(52800K) Class: 7546K(7936K)->7546K(7936K)
[33.746s][info][gc             ] GC(140) Pause Young (Allocation Failure) 444M->171M(989M) 3.642ms
[33.746s][info][gc,cpu         ] GC(140) User=0.00s Sys=0.00s Real=0.00s
[33.836s][info][gc,start       ] GC(141) Pause Young (Allocation Failure)
[33.839s][info][gc,heap        ] GC(141) DefNew: 279889K(314560K)->273K(314560K) Eden: 279616K(279616K)->0K(279616K) From: 273K(34944K)->273K(34944K)
[33.839s][info][gc,heap        ] GC(141) Tenured: 175110K(699072K)->175110K(699072K)
[33.839s][info][gc,metaspace   ] GC(141) Metaspace: 59859K(60736K)->59859K(60736K) NonClass: 52313K(52800K)->52313K(52800K) Class: 7546K(7936K)->7546K(7936K)
[33.839s][info][gc             ] GC(141) Pause Young (Allocation Failure) 444M->171M(989M) 3.621ms
[33.839s][info][gc,cpu         ] GC(141) User=0.00s Sys=0.00s Real=0.00s
[33.879s][info][gc,start       ] GC(142) Pause Full (System.gc())
[33.879s][info][gc,phases,start] GC(142) Phase 1: Mark live objects
[34.005s][info][gc,phases      ] GC(142) Phase 1: Mark live objects 126.061ms
[34.005s][info][gc,phases,start] GC(142) Phase 2: Compute new object addresses
[34.073s][info][gc,phases      ] GC(142) Phase 2: Compute new object addresses 67.347ms
[34.073s][info][gc,phases,start] GC(142) Phase 3: Adjust pointers
[34.138s][info][gc,phases      ] GC(142) Phase 3: Adjust pointers 65.707ms
[34.138s][info][gc,phases,start] GC(142) Phase 4: Move objects
[34.138s][info][gc,phases      ] GC(142) Phase 4: Move objects 0.046ms
[34.139s][info][gc,heap        ] GC(142) DefNew: 38767K(314560K)->0K(314560K) Eden: 38493K(279616K)->0K(279616K) From: 273K(34944K)->0K(34944K)
[34.139s][info][gc,heap        ] GC(142) Tenured: 175110K(699072K)->175193K(699072K)
[34.139s][info][gc,metaspace   ] GC(142) Metaspace: 59899K(60736K)->59899K(60736K) NonClass: 52350K(52800K)->52350K(52800K) Class: 7548K(7936K)->7548K(7936K)
[34.139s][info][gc             ] GC(142) Pause Full (System.gc()) 208M->171M(989M) 260.199ms
[34.139s][info][gc,cpu         ] GC(142) User=0.25s Sys=0.00s Real=0.25s
[34.342s][info][gc,start       ] GC(143) Pause Young (Allocation Failure)
[34.346s][info][gc,heap        ] GC(143) DefNew: 279616K(314560K)->280K(314560K) Eden: 279616K(279616K)->0K(279616K) From: 0K(34944K)->280K(34944K)
[34.346s][info][gc,heap        ] GC(143) Tenured: 175193K(699072K)->175193K(699072K)
[34.346s][info][gc,metaspace   ] GC(143) Metaspace: 59912K(60800K)->59912K(60800K) NonClass: 52363K(52864K)->52363K(52864K) Class: 7548K(7936K)->7548K(7936K)
[34.346s][info][gc             ] GC(143) Pause Young (Allocation Failure) 444M->171M(989M) 4.241ms
[34.347s][info][gc,cpu         ] GC(143) User=0.00s Sys=0.00s Real=0.00s
[34.443s][info][gc,start       ] GC(144) Pause Young (Allocation Failure)
[34.447s][info][gc,heap        ] GC(144) DefNew: 279896K(314560K)->272K(314560K) Eden: 279616K(279616K)->0K(279616K) From: 280K(34944K)->272K(34944K)
[34.447s][info][gc,heap        ] GC(144) Tenured: 175193K(699072K)->175193K(699072K)
[34.447s][info][gc,metaspace   ] GC(144) Metaspace: 59921K(60800K)->59921K(60800K) NonClass: 52372K(52864K)->52372K(52864K) Class: 7548K(7936K)->7548K(7936K)
[34.447s][info][gc             ] GC(144) Pause Young (Allocation Failure) 444M->171M(989M) 3.838ms
[34.447s][info][gc,cpu         ] GC(144) User=0.00s Sys=0.00s Real=0.00s
[34.543s][info][gc,start       ] GC(145) Pause Young (Allocation Failure)
[34.547s][info][gc,heap        ] GC(145) DefNew: 279888K(314560K)->272K(314560K) Eden: 279616K(279616K)->0K(279616K) From: 272K(34944K)->272K(34944K)
[34.547s][info][gc,heap        ] GC(145) Tenured: 175193K(699072K)->175193K(699072K)
[34.547s][info][gc,metaspace   ] GC(145) Metaspace: 59921K(60800K)->59921K(60800K) NonClass: 52372K(52864K)->52372K(52864K) Class: 7548K(7936K)->7548K(7936K)
[34.547s][info][gc             ] GC(145) Pause Young (Allocation Failure) 444M->171M(989M) 3.683ms
[34.547s][info][gc,cpu         ] GC(145) User=0.00s Sys=0.00s Real=0.00s
[34.645s][info][gc,start       ] GC(146) Pause Young (Allocation Failure)
[34.648s][info][gc,heap        ] GC(146) DefNew: 279888K(314560K)->272K(314560K) Eden: 279616K(279616K)->0K(279616K) From: 272K(34944K)->272K(34944K)
[34.648s][info][gc,heap        ] GC(146) Tenured: 175193K(699072K)->175193K(699072K)
[34.648s][info][gc,metaspace   ] GC(146) Metaspace: 59921K(60800K)->59921K(60800K) NonClass: 52372K(52864K)->52372K(52864K) Class: 7548K(7936K)->7548K(7936K)
[34.648s][info][gc             ] GC(146) Pause Young (Allocation Failure) 444M->171M(989M) 3.701ms
[34.648s][info][gc,cpu         ] GC(146) User=0.02s Sys=0.00s Real=0.02s
[34.741s][info][gc,start       ] GC(147) Pause Young (Allocation Failure)
[34.744s][info][gc,heap        ] GC(147) DefNew: 279888K(314560K)->272K(314560K) Eden: 279616K(279616K)->0K(279616K) From: 272K(34944K)->272K(34944K)
[34.744s][info][gc,heap        ] GC(147) Tenured: 175193K(699072K)->175193K(699072K)
[34.744s][info][gc,metaspace   ] GC(147) Metaspace: 59921K(60800K)->59921K(60800K) NonClass: 52372K(52864K)->52372K(52864K) Class: 7548K(7936K)->7548K(7936K)
[34.744s][info][gc             ] GC(147) Pause Young (Allocation Failure) 444M->171M(989M) 3.643ms
[34.744s][info][gc,cpu         ] GC(147) User=0.00s Sys=0.00s Real=0.00s
[34.842s][info][gc,start       ] GC(148) Pause Young (Allocation Failure)
[34.845s][info][gc,heap        ] GC(148) DefNew: 279888K(314560K)->272K(314560K) Eden: 279616K(279616K)->0K(279616K) From: 272K(34944K)->272K(34944K)
[34.845s][info][gc,heap        ] GC(148) Tenured: 175193K(699072K)->175193K(699072K)
[34.845s][info][gc,metaspace   ] GC(148) Metaspace: 59921K(60800K)->59921K(60800K) NonClass: 52372K(52864K)->52372K(52864K) Class: 7548K(7936K)->7548K(7936K)
[34.845s][info][gc             ] GC(148) Pause Young (Allocation Failure) 444M->171M(989M) 3.539ms
[34.845s][info][gc,cpu         ] GC(148) User=0.00s Sys=0.00s Real=0.00s
[34.941s][info][gc,start       ] GC(149) Pause Young (Allocation Failure)
[34.945s][info][gc,heap        ] GC(149) DefNew: 279888K(314560K)->273K(314560K) Eden: 279616K(279616K)->0K(279616K) From: 272K(34944K)->273K(34944K)
[34.945s][info][gc,heap        ] GC(149) Tenured: 175193K(699072K)->175193K(699072K)
[34.945s][info][gc,metaspace   ] GC(149) Metaspace: 59921K(60800K)->59921K(60800K) NonClass: 52372K(52864K)->52372K(52864K) Class: 7548K(7936K)->7548K(7936K)
[34.945s][info][gc             ] GC(149) Pause Young (Allocation Failure) 444M->171M(989M) 4.009ms
[34.946s][info][gc,cpu         ] GC(149) User=0.00s Sys=0.00s Real=0.00s
[34.985s][info][gc,start       ] GC(150) Pause Full (System.gc())
[34.985s][info][gc,phases,start] GC(150) Phase 1: Mark live objects
[35.094s][info][gc,phases      ] GC(150) Phase 1: Mark live objects 109.093ms
[35.094s][info][gc,phases,start] GC(150) Phase 2: Compute new object addresses
[35.159s][info][gc,phases      ] GC(150) Phase 2: Compute new object addresses 65.561ms
[35.159s][info][gc,phases,start] GC(150) Phase 3: Adjust pointers
[35.228s][info][gc,phases      ] GC(150) Phase 3: Adjust pointers 68.713ms
[35.228s][info][gc,phases,start] GC(150) Phase 4: Move objects
[35.275s][info][gc,phases      ] GC(150) Phase 4: Move objects 47.043ms
[35.276s][info][gc,heap        ] GC(150) DefNew: 35632K(314560K)->0K(314560K) Eden: 35358K(279616K)->0K(279616K) From: 273K(34944K)->0K(34944K)
[35.276s][info][gc,heap        ] GC(150) Tenured: 175193K(699072K)->175077K(699072K)
[35.276s][info][gc,metaspace   ] GC(150) Metaspace: 59941K(60800K)->59941K(60800K) NonClass: 52392K(52864K)->52392K(52864K) Class: 7548K(7936K)->7548K(7936K)
[35.276s][info][gc             ] GC(150) Pause Full (System.gc()) 205M->170M(989M) 291.441ms
[35.276s][info][gc,cpu         ] GC(150) User=0.28s Sys=0.00s Real=0.28s
[35.428s][info][gc,start       ] GC(151) Pause Young (Allocation Failure)
[35.432s][info][gc,heap        ] GC(151) DefNew: 279616K(314560K)->279K(314560K) Eden: 279616K(279616K)->0K(279616K) From: 0K(34944K)->279K(34944K)
[35.432s][info][gc,heap        ] GC(151) Tenured: 175077K(699072K)->175077K(699072K)
[35.432s][info][gc,metaspace   ] GC(151) Metaspace: 59968K(60800K)->59968K(60800K) NonClass: 52419K(52864K)->52419K(52864K) Class: 7548K(7936K)->7548K(7936K)
[35.432s][info][gc             ] GC(151) Pause Young (Allocation Failure) 444M->171M(989M) 4.344ms
[35.432s][info][gc,cpu         ] GC(151) User=0.00s Sys=0.00s Real=0.00s
[35.526s][info][gc,start       ] GC(152) Pause Young (Allocation Failure)
[35.529s][info][gc,heap        ] GC(152) DefNew: 279895K(314560K)->272K(314560K) Eden: 279616K(279616K)->0K(279616K) From: 279K(34944K)->272K(34944K)
[35.529s][info][gc,heap        ] GC(152) Tenured: 175077K(699072K)->175077K(699072K)
[35.529s][info][gc,metaspace   ] GC(152) Metaspace: 59968K(60800K)->59968K(60800K) NonClass: 52419K(52864K)->52419K(52864K) Class: 7548K(7936K)->7548K(7936K)
[35.530s][info][gc             ] GC(152) Pause Young (Allocation Failure) 444M->171M(989M) 3.910ms
[35.530s][info][gc,cpu         ] GC(152) User=0.00s Sys=0.00s Real=0.00s
[35.620s][info][gc,start       ] GC(153) Pause Young (Allocation Failure)
[35.624s][info][gc,heap        ] GC(153) DefNew: 279888K(314560K)->272K(314560K) Eden: 279616K(279616K)->0K(279616K) From: 272K(34944K)->272K(34944K)
[35.624s][info][gc,heap        ] GC(153) Tenured: 175077K(699072K)->175077K(699072K)
[35.624s][info][gc,metaspace   ] GC(153) Metaspace: 59968K(60800K)->59968K(60800K) NonClass: 52419K(52864K)->52419K(52864K) Class: 7548K(7936K)->7548K(7936K)
[35.624s][info][gc             ] GC(153) Pause Young (Allocation Failure) 444M->171M(989M) 3.730ms
[35.624s][info][gc,cpu         ] GC(153) User=0.00s Sys=0.00s Real=0.00s
[35.720s][info][gc,start       ] GC(154) Pause Young (Allocation Failure)
[35.723s][info][gc,heap        ] GC(154) DefNew: 279888K(314560K)->272K(314560K) Eden: 279616K(279616K)->0K(279616K) From: 272K(34944K)->272K(34944K)
[35.723s][info][gc,heap        ] GC(154) Tenured: 175077K(699072K)->175077K(699072K)
[35.723s][info][gc,metaspace   ] GC(154) Metaspace: 59968K(60800K)->59968K(60800K) NonClass: 52419K(52864K)->52419K(52864K) Class: 7548K(7936K)->7548K(7936K)
[35.724s][info][gc             ] GC(154) Pause Young (Allocation Failure) 444M->171M(989M) 3.713ms
[35.724s][info][gc,cpu         ] GC(154) User=0.02s Sys=0.00s Real=0.02s
[35.814s][info][gc,start       ] GC(155) Pause Young (Allocation Failure)
[35.817s][info][gc,heap        ] GC(155) DefNew: 279888K(314560K)->272K(314560K) Eden: 279616K(279616K)->0K(279616K) From: 272K(34944K)->272K(34944K)
[35.817s][info][gc,heap        ] GC(155) Tenured: 175077K(699072K)->175077K(699072K)
[35.817s][info][gc,metaspace   ] GC(155) Metaspace: 59968K(60800K)->59968K(60800K) NonClass: 52419K(52864K)->52419K(52864K) Class: 7548K(7936K)->7548K(7936K)
[35.817s][info][gc             ] GC(155) Pause Young (Allocation Failure) 444M->171M(989M) 3.779ms
[35.817s][info][gc,cpu         ] GC(155) User=0.02s Sys=0.00s Real=0.02s
[35.920s][info][gc,start       ] GC(156) Pause Young (Allocation Failure)
[35.923s][info][gc,heap        ] GC(156) DefNew: 279888K(314560K)->271K(314560K) Eden: 279616K(279616K)->0K(279616K) From: 272K(34944K)->271K(34944K)
[35.923s][info][gc,heap        ] GC(156) Tenured: 175077K(699072K)->175077K(699072K)
[35.923s][info][gc,metaspace   ] GC(156) Metaspace: 59968K(60800K)->59968K(60800K) NonClass: 52419K(52864K)->52419K(52864K) Class: 7548K(7936K)->7548K(7936K)
[35.923s][info][gc             ] GC(156) Pause Young (Allocation Failure) 444M->171M(989M) 3.685ms
[35.923s][info][gc,cpu         ] GC(156) User=0.00s Sys=0.00s Real=0.00s
[36.026s][info][gc,start       ] GC(157) Pause Young (Allocation Failure)
[36.029s][info][gc,heap        ] GC(157) DefNew: 279887K(314560K)->272K(314560K) Eden: 279616K(279616K)->0K(279616K) From: 271K(34944K)->272K(34944K)
[36.029s][info][gc,heap        ] GC(157) Tenured: 175077K(699072K)->175077K(699072K)
[36.029s][info][gc,metaspace   ] GC(157) Metaspace: 59968K(60800K)->59968K(60800K) NonClass: 52419K(52864K)->52419K(52864K) Class: 7548K(7936K)->7548K(7936K)
[36.029s][info][gc             ] GC(157) Pause Young (Allocation Failure) 444M->171M(989M) 3.682ms
[36.029s][info][gc,cpu         ] GC(157) User=0.00s Sys=0.00s Real=0.00s
[36.066s][info][gc,start       ] GC(158) Pause Full (System.gc())
[36.066s][info][gc,phases,start] GC(158) Phase 1: Mark live objects
[36.175s][info][gc,phases      ] GC(158) Phase 1: Mark live objects 109.435ms
[36.175s][info][gc,phases,start] GC(158) Phase 2: Compute new object addresses
[36.242s][info][gc,phases      ] GC(158) Phase 2: Compute new object addresses 66.756ms
[36.242s][info][gc,phases,start] GC(158) Phase 3: Adjust pointers
[36.307s][info][gc,phases      ] GC(158) Phase 3: Adjust pointers 65.245ms
[36.307s][info][gc,phases,start] GC(158) Phase 4: Move objects
[36.307s][info][gc,phases      ] GC(158) Phase 4: Move objects 0.043ms
[36.308s][info][gc,heap        ] GC(158) DefNew: 36157K(314560K)->0K(314560K) Eden: 35885K(279616K)->0K(279616K) From: 272K(34944K)->0K(34944K)
[36.308s][info][gc,heap        ] GC(158) Tenured: 175077K(699072K)->175157K(699072K)
[36.308s][info][gc,metaspace   ] GC(158) Metaspace: 59980K(60800K)->59980K(60800K) NonClass: 52431K(52864K)->52431K(52864K) Class: 7548K(7936K)->7548K(7936K)
[36.308s][info][gc             ] GC(158) Pause Full (System.gc()) 206M->171M(989M) 242.572ms
[36.308s][info][gc,cpu         ] GC(158) User=0.25s Sys=0.00s Real=0.24s
[36.467s][info][gc,start       ] GC(159) Pause Young (Allocation Failure)
[36.471s][info][gc,heap        ] GC(159) DefNew: 279616K(314560K)->287K(314560K) Eden: 279616K(279616K)->0K(279616K) From: 0K(34944K)->287K(34944K)
[36.471s][info][gc,heap        ] GC(159) Tenured: 175157K(699072K)->175157K(699072K)
[36.471s][info][gc,metaspace   ] GC(159) Metaspace: 60002K(60864K)->60002K(60864K) NonClass: 52452K(52928K)->52452K(52928K) Class: 7549K(7936K)->7549K(7936K)
[36.471s][info][gc             ] GC(159) Pause Young (Allocation Failure) 444M->171M(989M) 4.428ms
[36.471s][info][gc,cpu         ] GC(159) User=0.00s Sys=0.00s Real=0.00s
[36.571s][info][gc,start       ] GC(160) Pause Young (Allocation Failure)
[36.575s][info][gc,heap        ] GC(160) DefNew: 279903K(314560K)->280K(314560K) Eden: 279616K(279616K)->0K(279616K) From: 287K(34944K)->280K(34944K)
[36.575s][info][gc,heap        ] GC(160) Tenured: 175157K(699072K)->175157K(699072K)
[36.575s][info][gc,metaspace   ] GC(160) Metaspace: 60002K(60864K)->60002K(60864K) NonClass: 52452K(52928K)->52452K(52928K) Class: 7549K(7936K)->7549K(7936K)
[36.575s][info][gc             ] GC(160) Pause Young (Allocation Failure) 444M->171M(989M) 3.997ms
[36.575s][info][gc,cpu         ] GC(160) User=0.02s Sys=0.00s Real=0.02s
[36.668s][info][gc,start       ] GC(161) Pause Young (Allocation Failure)
[36.671s][info][gc,heap        ] GC(161) DefNew: 279896K(314560K)->280K(314560K) Eden: 279616K(279616K)->0K(279616K) From: 280K(34944K)->280K(34944K)
[36.671s][info][gc,heap        ] GC(161) Tenured: 175157K(699072K)->175157K(699072K)
[36.671s][info][gc,metaspace   ] GC(161) Metaspace: 60002K(60864K)->60002K(60864K) NonClass: 52452K(52928K)->52452K(52928K) Class: 7549K(7936K)->7549K(7936K)
[36.671s][info][gc             ] GC(161) Pause Young (Allocation Failure) 444M->171M(989M) 3.791ms
[36.672s][info][gc,cpu         ] GC(161) User=0.00s Sys=0.00s Real=0.00s
[36.762s][info][gc,start       ] GC(162) Pause Young (Allocation Failure)
[36.765s][info][gc,heap        ] GC(162) DefNew: 279896K(314560K)->280K(314560K) Eden: 279616K(279616K)->0K(279616K) From: 280K(34944K)->280K(34944K)
[36.765s][info][gc,heap        ] GC(162) Tenured: 175157K(699072K)->175157K(699072K)
[36.765s][info][gc,metaspace   ] GC(162) Metaspace: 60002K(60864K)->60002K(60864K) NonClass: 52452K(52928K)->52452K(52928K) Class: 7549K(7936K)->7549K(7936K)
[36.765s][info][gc             ] GC(162) Pause Young (Allocation Failure) 444M->171M(989M) 3.752ms
[36.765s][info][gc,cpu         ] GC(162) User=0.00s Sys=0.00s Real=0.00s
[36.861s][info][gc,start       ] GC(163) Pause Young (Allocation Failure)
[36.864s][info][gc,heap        ] GC(163) DefNew: 279896K(314560K)->280K(314560K) Eden: 279616K(279616K)->0K(279616K) From: 280K(34944K)->280K(34944K)
[36.864s][info][gc,heap        ] GC(163) Tenured: 175157K(699072K)->175157K(699072K)
[36.864s][info][gc,metaspace   ] GC(163) Metaspace: 60002K(60864K)->60002K(60864K) NonClass: 52452K(52928K)->52452K(52928K) Class: 7549K(7936K)->7549K(7936K)
[36.864s][info][gc             ] GC(163) Pause Young (Allocation Failure) 444M->171M(989M) 3.689ms
[36.864s][info][gc,cpu         ] GC(163) User=0.00s Sys=0.00s Real=0.00s
[36.961s][info][gc,start       ] GC(164) Pause Young (Allocation Failure)
[36.965s][info][gc,heap        ] GC(164) DefNew: 279896K(314560K)->280K(314560K) Eden: 279616K(279616K)->0K(279616K) From: 280K(34944K)->280K(34944K)
[36.965s][info][gc,heap        ] GC(164) Tenured: 175157K(699072K)->175157K(699072K)
[36.965s][info][gc,metaspace   ] GC(164) Metaspace: 60002K(60864K)->60002K(60864K) NonClass: 52452K(52928K)->52452K(52928K) Class: 7549K(7936K)->7549K(7936K)
[36.965s][info][gc             ] GC(164) Pause Young (Allocation Failure) 444M->171M(989M) 3.788ms
[36.965s][info][gc,cpu         ] GC(164) User=0.02s Sys=0.00s Real=0.02s
[37.082s][info][gc,start       ] GC(165) Pause Young (Allocation Failure)
[37.086s][info][gc,heap        ] GC(165) DefNew: 279896K(314560K)->220K(314560K) Eden: 279616K(279616K)->0K(279616K) From: 280K(34944K)->220K(34944K)
[37.086s][info][gc,heap        ] GC(165) Tenured: 175157K(699072K)->175157K(699072K)
[37.086s][info][gc,metaspace   ] GC(165) Metaspace: 60006K(60864K)->60006K(60864K) NonClass: 52456K(52928K)->52456K(52928K) Class: 7549K(7936K)->7549K(7936K)
[37.086s][info][gc             ] GC(165) Pause Young (Allocation Failure) 444M->171M(989M) 3.918ms
[37.086s][info][gc,cpu         ] GC(165) User=0.00s Sys=0.00s Real=0.00s
[37.126s][info][gc,start       ] GC(166) Pause Full (System.gc())
[37.127s][info][gc,phases,start] GC(166) Phase 1: Mark live objects
[37.235s][info][gc,phases      ] GC(166) Phase 1: Mark live objects 108.784ms
[37.235s][info][gc,phases,start] GC(166) Phase 2: Compute new object addresses
[37.302s][info][gc,phases      ] GC(166) Phase 2: Compute new object addresses 66.431ms
[37.302s][info][gc,phases,start] GC(166) Phase 3: Adjust pointers
[37.368s][info][gc,phases      ] GC(166) Phase 3: Adjust pointers 65.775ms
[37.368s][info][gc,phases,start] GC(166) Phase 4: Move objects
[37.368s][info][gc,phases      ] GC(166) Phase 4: Move objects 0.044ms
[37.368s][info][gc,heap        ] GC(166) DefNew: 34642K(314560K)->0K(314560K) Eden: 34421K(279616K)->0K(279616K) From: 220K(34944K)->0K(34944K)
[37.368s][info][gc,heap        ] GC(166) Tenured: 175157K(699072K)->175240K(699072K)
[37.368s][info][gc,metaspace   ] GC(166) Metaspace: 60015K(60928K)->60015K(60928K) NonClass: 52465K(52992K)->52465K(52992K) Class: 7549K(7936K)->7549K(7936K)
[37.369s][info][gc             ] GC(166) Pause Full (System.gc()) 204M->171M(989M) 242.039ms
[37.369s][info][gc,cpu         ] GC(166) User=0.23s Sys=0.00s Real=0.23s
[37.519s][info][gc,start       ] GC(167) Pause Young (Allocation Failure)
[37.524s][info][gc,heap        ] GC(167) DefNew: 279616K(314560K)->292K(314560K) Eden: 279616K(279616K)->0K(279616K) From: 0K(34944K)->292K(34944K)
[37.524s][info][gc,heap        ] GC(167) Tenured: 175240K(699072K)->175240K(699072K)
[37.524s][info][gc,metaspace   ] GC(167) Metaspace: 60041K(60928K)->60041K(60928K) NonClass: 52491K(52992K)->52491K(52992K) Class: 7549K(7936K)->7549K(7936K)
[37.524s][info][gc             ] GC(167) Pause Young (Allocation Failure) 444M->171M(989M) 4.418ms
[37.524s][info][gc,cpu         ] GC(167) User=0.00s Sys=0.00s Real=0.00s
[37.620s][info][gc,start       ] GC(168) Pause Young (Allocation Failure)
[37.624s][info][gc,heap        ] GC(168) DefNew: 279908K(314560K)->284K(314560K) Eden: 279616K(279616K)->0K(279616K) From: 292K(34944K)->284K(34944K)
[37.624s][info][gc,heap        ] GC(168) Tenured: 175240K(699072K)->175240K(699072K)
[37.624s][info][gc,metaspace   ] GC(168) Metaspace: 60041K(60928K)->60041K(60928K) NonClass: 52491K(52992K)->52491K(52992K) Class: 7549K(7936K)->7549K(7936K)
[37.624s][info][gc             ] GC(168) Pause Young (Allocation Failure) 444M->171M(989M) 4.084ms
[37.624s][info][gc,cpu         ] GC(168) User=0.03s Sys=0.00s Real=0.02s
[37.716s][info][gc,start       ] GC(169) Pause Young (Allocation Failure)
[37.719s][info][gc,heap        ] GC(169) DefNew: 279900K(314560K)->284K(314560K) Eden: 279616K(279616K)->0K(279616K) From: 284K(34944K)->284K(34944K)
[37.719s][info][gc,heap        ] GC(169) Tenured: 175240K(699072K)->175240K(699072K)
[37.719s][info][gc,metaspace   ] GC(169) Metaspace: 60041K(60928K)->60041K(60928K) NonClass: 52491K(52992K)->52491K(52992K) Class: 7549K(7936K)->7549K(7936K)
[37.720s][info][gc             ] GC(169) Pause Young (Allocation Failure) 444M->171M(989M) 3.953ms
[37.720s][info][gc,cpu         ] GC(169) User=0.00s Sys=0.00s Real=0.00s
[37.817s][info][gc,start       ] GC(170) Pause Young (Allocation Failure)
[37.821s][info][gc,heap        ] GC(170) DefNew: 279900K(314560K)->284K(314560K) Eden: 279616K(279616K)->0K(279616K) From: 284K(34944K)->284K(34944K)
[37.821s][info][gc,heap        ] GC(170) Tenured: 175240K(699072K)->175240K(699072K)
[37.821s][info][gc,metaspace   ] GC(170) Metaspace: 60041K(60928K)->60041K(60928K) NonClass: 52491K(52992K)->52491K(52992K) Class: 7549K(7936K)->7549K(7936K)
[37.822s][info][gc             ] GC(170) Pause Young (Allocation Failure) 444M->171M(989M) 4.021ms
[37.822s][info][gc,cpu         ] GC(170) User=0.00s Sys=0.00s Real=0.00s
[37.913s][info][gc,start       ] GC(171) Pause Young (Allocation Failure)
[37.917s][info][gc,heap        ] GC(171) DefNew: 279900K(314560K)->284K(314560K) Eden: 279616K(279616K)->0K(279616K) From: 284K(34944K)->284K(34944K)
[37.917s][info][gc,heap        ] GC(171) Tenured: 175240K(699072K)->175240K(699072K)
[37.917s][info][gc,metaspace   ] GC(171) Metaspace: 60041K(60928K)->60041K(60928K) NonClass: 52491K(52992K)->52491K(52992K) Class: 7549K(7936K)->7549K(7936K)
[37.917s][info][gc             ] GC(171) Pause Young (Allocation Failure) 444M->171M(989M) 3.892ms
[37.917s][info][gc,cpu         ] GC(171) User=0.02s Sys=0.00s Real=0.02s
[38.022s][info][gc,start       ] GC(172) Pause Young (Allocation Failure)
[38.026s][info][gc,heap        ] GC(172) DefNew: 279900K(314560K)->284K(314560K) Eden: 279616K(279616K)->0K(279616K) From: 284K(34944K)->284K(34944K)
[38.026s][info][gc,heap        ] GC(172) Tenured: 175240K(699072K)->175240K(699072K)
[38.026s][info][gc,metaspace   ] GC(172) Metaspace: 60041K(60928K)->60041K(60928K) NonClass: 52491K(52992K)->52491K(52992K) Class: 7549K(7936K)->7549K(7936K)
[38.026s][info][gc             ] GC(172) Pause Young (Allocation Failure) 444M->171M(989M) 3.860ms
[38.026s][info][gc,cpu         ] GC(172) User=0.02s Sys=0.00s Real=0.01s
[38.139s][info][gc,start       ] GC(173) Pause Young (Allocation Failure)
[38.143s][info][gc,heap        ] GC(173) DefNew: 279900K(314560K)->224K(314560K) Eden: 279616K(279616K)->0K(279616K) From: 284K(34944K)->224K(34944K)
[38.143s][info][gc,heap        ] GC(173) Tenured: 175240K(699072K)->175240K(699072K)
[38.143s][info][gc,metaspace   ] GC(173) Metaspace: 60046K(60928K)->60046K(60928K) NonClass: 52496K(52992K)->52496K(52992K) Class: 7549K(7936K)->7549K(7936K)
[38.143s][info][gc             ] GC(173) Pause Young (Allocation Failure) 444M->171M(989M) 3.927ms
[38.143s][info][gc,cpu         ] GC(173) User=0.00s Sys=0.00s Real=0.00s
[38.184s][info][gc,start       ] GC(174) Pause Full (System.gc())
[38.184s][info][gc,phases,start] GC(174) Phase 1: Mark live objects
[38.294s][info][gc,phases      ] GC(174) Phase 1: Mark live objects 109.569ms
[38.294s][info][gc,phases,start] GC(174) Phase 2: Compute new object addresses
[38.373s][info][gc,phases      ] GC(174) Phase 2: Compute new object addresses 79.017ms
[38.373s][info][gc,phases,start] GC(174) Phase 3: Adjust pointers
[38.438s][info][gc,phases      ] GC(174) Phase 3: Adjust pointers 65.551ms
[38.439s][info][gc,phases,start] GC(174) Phase 4: Move objects
[38.439s][info][gc,phases      ] GC(174) Phase 4: Move objects 0.048ms
[38.439s][info][gc,heap        ] GC(174) DefNew: 37260K(314560K)->0K(314560K) Eden: 37035K(279616K)->0K(279616K) From: 224K(34944K)->0K(34944K)
[38.439s][info][gc,heap        ] GC(174) Tenured: 175240K(699072K)->175332K(699072K)
[38.439s][info][gc,metaspace   ] GC(174) Metaspace: 60067K(60992K)->60067K(60992K) NonClass: 52517K(53056K)->52517K(53056K) Class: 7550K(7936K)->7550K(7936K)
[38.439s][info][gc             ] GC(174) Pause Full (System.gc()) 207M->171M(989M) 255.283ms
[38.439s][info][gc,cpu         ] GC(174) User=0.25s Sys=0.00s Real=0.25s
[38.605s][info][gc,start       ] GC(175) Pause Young (Allocation Failure)
[38.609s][info][gc,heap        ] GC(175) DefNew: 279616K(314560K)->279K(314560K) Eden: 279616K(279616K)->0K(279616K) From: 0K(34944K)->279K(34944K)
[38.609s][info][gc,heap        ] GC(175) Tenured: 175332K(699072K)->175332K(699072K)
[38.609s][info][gc,metaspace   ] GC(175) Metaspace: 60086K(60992K)->60086K(60992K) NonClass: 52536K(53056K)->52536K(53056K) Class: 7550K(7936K)->7550K(7936K)
[38.609s][info][gc             ] GC(175) Pause Young (Allocation Failure) 444M->171M(989M) 4.352ms
[38.609s][info][gc,cpu         ] GC(175) User=0.00s Sys=0.00s Real=0.00s
[38.720s][info][gc,start       ] GC(176) Pause Young (Allocation Failure)
[38.724s][info][gc,heap        ] GC(176) DefNew: 279895K(314560K)->272K(314560K) Eden: 279616K(279616K)->0K(279616K) From: 279K(34944K)->272K(34944K)
[38.724s][info][gc,heap        ] GC(176) Tenured: 175332K(699072K)->175332K(699072K)
[38.724s][info][gc,metaspace   ] GC(176) Metaspace: 60093K(60992K)->60093K(60992K) NonClass: 52543K(53056K)->52543K(53056K) Class: 7550K(7936K)->7550K(7936K)
[38.724s][info][gc             ] GC(176) Pause Young (Allocation Failure) 444M->171M(989M) 3.976ms
[38.724s][info][gc,cpu         ] GC(176) User=0.00s Sys=0.00s Real=0.00s
[38.828s][info][gc,start       ] GC(177) Pause Young (Allocation Failure)
[38.832s][info][gc,heap        ] GC(177) DefNew: 279888K(314560K)->272K(314560K) Eden: 279616K(279616K)->0K(279616K) From: 272K(34944K)->272K(34944K)
[38.832s][info][gc,heap        ] GC(177) Tenured: 175332K(699072K)->175332K(699072K)
[38.832s][info][gc,metaspace   ] GC(177) Metaspace: 60093K(60992K)->60093K(60992K) NonClass: 52543K(53056K)->52543K(53056K) Class: 7550K(7936K)->7550K(7936K)
[38.832s][info][gc             ] GC(177) Pause Young (Allocation Failure) 444M->171M(989M) 3.804ms
[38.832s][info][gc,cpu         ] GC(177) User=0.00s Sys=0.00s Real=0.00s
[38.929s][info][gc,start       ] GC(178) Pause Young (Allocation Failure)
[38.932s][info][gc,heap        ] GC(178) DefNew: 279888K(314560K)->272K(314560K) Eden: 279616K(279616K)->0K(279616K) From: 272K(34944K)->272K(34944K)
[38.932s][info][gc,heap        ] GC(178) Tenured: 175332K(699072K)->175332K(699072K)
[38.932s][info][gc,metaspace   ] GC(178) Metaspace: 60093K(60992K)->60093K(60992K) NonClass: 52543K(53056K)->52543K(53056K) Class: 7550K(7936K)->7550K(7936K)
[38.932s][info][gc             ] GC(178) Pause Young (Allocation Failure) 444M->171M(989M) 3.701ms
[38.933s][info][gc,cpu         ] GC(178) User=0.02s Sys=0.00s Real=0.02s
[39.029s][info][gc,start       ] GC(179) Pause Young (Allocation Failure)
[39.033s][info][gc,heap        ] GC(179) DefNew: 279888K(314560K)->272K(314560K) Eden: 279616K(279616K)->0K(279616K) From: 272K(34944K)->272K(34944K)
[39.033s][info][gc,heap        ] GC(179) Tenured: 175332K(699072K)->175332K(699072K)
[39.033s][info][gc,metaspace   ] GC(179) Metaspace: 60093K(60992K)->60093K(60992K) NonClass: 52543K(53056K)->52543K(53056K) Class: 7550K(7936K)->7550K(7936K)
[39.033s][info][gc             ] GC(179) Pause Young (Allocation Failure) 444M->171M(989M) 3.677ms
[39.033s][info][gc,cpu         ] GC(179) User=0.00s Sys=0.00s Real=0.00s
[39.128s][info][gc,start       ] GC(180) Pause Young (Allocation Failure)
[39.132s][info][gc,heap        ] GC(180) DefNew: 279888K(314560K)->272K(314560K) Eden: 279616K(279616K)->0K(279616K) From: 272K(34944K)->272K(34944K)
[39.132s][info][gc,heap        ] GC(180) Tenured: 175332K(699072K)->175332K(699072K)
[39.132s][info][gc,metaspace   ] GC(180) Metaspace: 60093K(60992K)->60093K(60992K) NonClass: 52543K(53056K)->52543K(53056K) Class: 7550K(7936K)->7550K(7936K)
[39.132s][info][gc             ] GC(180) Pause Young (Allocation Failure) 444M->171M(989M) 3.612ms
[39.132s][info][gc,cpu         ] GC(180) User=0.00s Sys=0.00s Real=0.00s
[39.228s][info][gc,start       ] GC(181) Pause Young (Allocation Failure)
[39.232s][info][gc,heap        ] GC(181) DefNew: 279888K(314560K)->305K(314560K) Eden: 279616K(279616K)->0K(279616K) From: 272K(34944K)->305K(34944K)
[39.232s][info][gc,heap        ] GC(181) Tenured: 175332K(699072K)->175332K(699072K)
[39.232s][info][gc,metaspace   ] GC(181) Metaspace: 60093K(60992K)->60093K(60992K) NonClass: 52543K(53056K)->52543K(53056K) Class: 7550K(7936K)->7550K(7936K)
[39.232s][info][gc             ] GC(181) Pause Young (Allocation Failure) 444M->171M(989M) 4.128ms
[39.232s][info][gc,cpu         ] GC(181) User=0.02s Sys=0.00s Real=0.02s
[39.272s][info][gc,start       ] GC(182) Pause Full (System.gc())
[39.272s][info][gc,phases,start] GC(182) Phase 1: Mark live objects
[39.385s][info][gc,phases      ] GC(182) Phase 1: Mark live objects 113.114ms
[39.385s][info][gc,phases,start] GC(182) Phase 2: Compute new object addresses
[39.452s][info][gc,phases      ] GC(182) Phase 2: Compute new object addresses 66.169ms
[39.452s][info][gc,phases,start] GC(182) Phase 3: Adjust pointers
[39.521s][info][gc,phases      ] GC(182) Phase 3: Adjust pointers 69.795ms
[39.521s][info][gc,phases,start] GC(182) Phase 4: Move objects
[39.568s][info][gc,phases      ] GC(182) Phase 4: Move objects 46.829ms
[39.569s][info][gc,heap        ] GC(182) DefNew: 35915K(314560K)->0K(314560K) Eden: 35610K(279616K)->0K(279616K) From: 305K(34944K)->0K(34944K)
[39.569s][info][gc,heap        ] GC(182) Tenured: 175332K(699072K)->175208K(699072K)
[39.569s][info][gc,metaspace   ] GC(182) Metaspace: 60118K(60992K)->60118K(60992K) NonClass: 52567K(53056K)->52567K(53056K) Class: 7550K(7936K)->7550K(7936K)
[39.569s][info][gc             ] GC(182) Pause Full (System.gc()) 206M->171M(989M) 297.036ms
[39.569s][info][gc,cpu         ] GC(182) User=0.30s Sys=0.00s Real=0.30s
[39.717s][info][gc,start       ] GC(183) Pause Young (Allocation Failure)
[39.721s][info][gc,heap        ] GC(183) DefNew: 279616K(314560K)->280K(314560K) Eden: 279616K(279616K)->0K(279616K) From: 0K(34944K)->280K(34944K)
[39.721s][info][gc,heap        ] GC(183) Tenured: 175208K(699072K)->175208K(699072K)
[39.721s][info][gc,metaspace   ] GC(183) Metaspace: 60213K(61120K)->60213K(61120K) NonClass: 52661K(53184K)->52661K(53184K) Class: 7552K(7936K)->7552K(7936K)
[39.721s][info][gc             ] GC(183) Pause Young (Allocation Failure) 444M->171M(989M) 4.297ms
[39.721s][info][gc,cpu         ] GC(183) User=0.00s Sys=0.00s Real=0.00s
[39.813s][info][gc,start       ] GC(184) Pause Young (Allocation Failure)
[39.817s][info][gc,heap        ] GC(184) DefNew: 279896K(314560K)->273K(314560K) Eden: 279616K(279616K)->0K(279616K) From: 280K(34944K)->273K(34944K)
[39.817s][info][gc,heap        ] GC(184) Tenured: 175208K(699072K)->175208K(699072K)
[39.817s][info][gc,metaspace   ] GC(184) Metaspace: 60215K(61120K)->60215K(61120K) NonClass: 52662K(53184K)->52662K(53184K) Class: 7552K(7936K)->7552K(7936K)
[39.817s][info][gc             ] GC(184) Pause Young (Allocation Failure) 444M->171M(989M) 3.971ms
[39.817s][info][gc,cpu         ] GC(184) User=0.02s Sys=0.00s Real=0.02s
[39.914s][info][gc,start       ] GC(185) Pause Young (Allocation Failure)
[39.918s][info][gc,heap        ] GC(185) DefNew: 279889K(314560K)->272K(314560K) Eden: 279616K(279616K)->0K(279616K) From: 273K(34944K)->272K(34944K)
[39.918s][info][gc,heap        ] GC(185) Tenured: 175208K(699072K)->175208K(699072K)
[39.918s][info][gc,metaspace   ] GC(185) Metaspace: 60215K(61120K)->60215K(61120K) NonClass: 52662K(53184K)->52662K(53184K) Class: 7552K(7936K)->7552K(7936K)
[39.918s][info][gc             ] GC(185) Pause Young (Allocation Failure) 444M->171M(989M) 3.818ms
[39.918s][info][gc,cpu         ] GC(185) User=0.00s Sys=0.00s Real=0.00s
[40.009s][info][gc,start       ] GC(186) Pause Young (Allocation Failure)
[40.013s][info][gc,heap        ] GC(186) DefNew: 279888K(314560K)->272K(314560K) Eden: 279616K(279616K)->0K(279616K) From: 272K(34944K)->272K(34944K)
[40.013s][info][gc,heap        ] GC(186) Tenured: 175208K(699072K)->175208K(699072K)
[40.013s][info][gc,metaspace   ] GC(186) Metaspace: 60215K(61120K)->60215K(61120K) NonClass: 52662K(53184K)->52662K(53184K) Class: 7552K(7936K)->7552K(7936K)
[40.013s][info][gc             ] GC(186) Pause Young (Allocation Failure) 444M->171M(989M) 3.705ms
[40.013s][info][gc,cpu         ] GC(186) User=0.00s Sys=0.00s Real=0.00s
[40.104s][info][gc,start       ] GC(187) Pause Young (Allocation Failure)
[40.108s][info][gc,heap        ] GC(187) DefNew: 279888K(314560K)->272K(314560K) Eden: 279616K(279616K)->0K(279616K) From: 272K(34944K)->272K(34944K)
[40.108s][info][gc,heap        ] GC(187) Tenured: 175208K(699072K)->175208K(699072K)
[40.108s][info][gc,metaspace   ] GC(187) Metaspace: 60215K(61120K)->60215K(61120K) NonClass: 52662K(53184K)->52662K(53184K) Class: 7552K(7936K)->7552K(7936K)
[40.108s][info][gc             ] GC(187) Pause Young (Allocation Failure) 444M->171M(989M) 3.664ms
[40.108s][info][gc,cpu         ] GC(187) User=0.00s Sys=0.00s Real=0.00s
[40.219s][info][gc,start       ] GC(188) Pause Young (Allocation Failure)
[40.223s][info][gc,heap        ] GC(188) DefNew: 279888K(314560K)->272K(314560K) Eden: 279616K(279616K)->0K(279616K) From: 272K(34944K)->272K(34944K)
[40.223s][info][gc,heap        ] GC(188) Tenured: 175208K(699072K)->175208K(699072K)
[40.223s][info][gc,metaspace   ] GC(188) Metaspace: 60215K(61120K)->60215K(61120K) NonClass: 52662K(53184K)->52662K(53184K) Class: 7552K(7936K)->7552K(7936K)
[40.223s][info][gc             ] GC(188) Pause Young (Allocation Failure) 444M->171M(989M) 3.669ms
[40.223s][info][gc,cpu         ] GC(188) User=0.02s Sys=0.00s Real=0.02s
[40.340s][info][gc,start       ] GC(189) Pause Young (Allocation Failure)
[40.343s][info][gc,heap        ] GC(189) DefNew: 279888K(314560K)->213K(314560K) Eden: 279616K(279616K)->0K(279616K) From: 272K(34944K)->213K(34944K)
[40.343s][info][gc,heap        ] GC(189) Tenured: 175208K(699072K)->175208K(699072K)
[40.343s][info][gc,metaspace   ] GC(189) Metaspace: 60216K(61120K)->60216K(61120K) NonClass: 52663K(53184K)->52663K(53184K) Class: 7552K(7936K)->7552K(7936K)
[40.343s][info][gc             ] GC(189) Pause Young (Allocation Failure) 444M->171M(989M) 3.871ms
[40.343s][info][gc,cpu         ] GC(189) User=0.00s Sys=0.00s Real=0.00s
[40.383s][info][gc,start       ] GC(190) Pause Full (System.gc())
[40.383s][info][gc,phases,start] GC(190) Phase 1: Mark live objects
[40.493s][info][gc,phases      ] GC(190) Phase 1: Mark live objects 110.098ms
[40.493s][info][gc,phases,start] GC(190) Phase 2: Compute new object addresses
[40.560s][info][gc,phases      ] GC(190) Phase 2: Compute new object addresses 67.055ms
[40.560s][info][gc,phases,start] GC(190) Phase 3: Adjust pointers
[40.625s][info][gc,phases      ] GC(190) Phase 3: Adjust pointers 65.487ms
[40.626s][info][gc,phases,start] GC(190) Phase 4: Move objects
[40.626s][info][gc,phases      ] GC(190) Phase 4: Move objects 0.044ms
[40.626s][info][gc,heap        ] GC(190) DefNew: 36268K(314560K)->0K(314560K) Eden: 36054K(279616K)->0K(279616K) From: 213K(34944K)->0K(34944K)
[40.626s][info][gc,heap        ] GC(190) Tenured: 175208K(699072K)->175288K(699072K)
[40.626s][info][gc,metaspace   ] GC(190) Metaspace: 60226K(61120K)->60226K(61120K) NonClass: 52674K(53184K)->52674K(53184K) Class: 7552K(7936K)->7552K(7936K)
[40.626s][info][gc             ] GC(190) Pause Full (System.gc()) 206M->171M(989M) 243.731ms
[40.626s][info][gc,cpu         ] GC(190) User=0.23s Sys=0.00s Real=0.24s
[40.785s][info][gc,start       ] GC(191) Pause Young (Allocation Failure)
[40.790s][info][gc,heap        ] GC(191) DefNew: 279616K(314560K)->282K(314560K) Eden: 279616K(279616K)->0K(279616K) From: 0K(34944K)->282K(34944K)
[40.790s][info][gc,heap        ] GC(191) Tenured: 175288K(699072K)->175288K(699072K)
[40.790s][info][gc,metaspace   ] GC(191) Metaspace: 60272K(61120K)->60272K(61120K) NonClass: 52719K(53184K)->52719K(53184K) Class: 7552K(7936K)->7552K(7936K)
[40.790s][info][gc             ] GC(191) Pause Young (Allocation Failure) 444M->171M(989M) 4.325ms
[40.790s][info][gc,cpu         ] GC(191) User=0.00s Sys=0.00s Real=0.00s
[40.888s][info][gc,start       ] GC(192) Pause Young (Allocation Failure)
[40.891s][info][gc,heap        ] GC(192) DefNew: 279898K(314560K)->274K(314560K) Eden: 279616K(279616K)->0K(279616K) From: 282K(34944K)->274K(34944K)
[40.891s][info][gc,heap        ] GC(192) Tenured: 175288K(699072K)->175288K(699072K)
[40.891s][info][gc,metaspace   ] GC(192) Metaspace: 60272K(61120K)->60272K(61120K) NonClass: 52719K(53184K)->52719K(53184K) Class: 7552K(7936K)->7552K(7936K)
[40.892s][info][gc             ] GC(192) Pause Young (Allocation Failure) 444M->171M(989M) 4.013ms
[40.892s][info][gc,cpu         ] GC(192) User=0.00s Sys=0.00s Real=0.00s
[40.982s][info][gc,start       ] GC(193) Pause Young (Allocation Failure)
[40.986s][info][gc,heap        ] GC(193) DefNew: 279890K(314560K)->274K(314560K) Eden: 279616K(279616K)->0K(279616K) From: 274K(34944K)->274K(34944K)
[40.986s][info][gc,heap        ] GC(193) Tenured: 175288K(699072K)->175288K(699072K)
[40.986s][info][gc,metaspace   ] GC(193) Metaspace: 60272K(61120K)->60272K(61120K) NonClass: 52719K(53184K)->52719K(53184K) Class: 7552K(7936K)->7552K(7936K)
[40.986s][info][gc             ] GC(193) Pause Young (Allocation Failure) 444M->171M(989M) 3.780ms
[40.986s][info][gc,cpu         ] GC(193) User=0.00s Sys=0.00s Real=0.00s
[41.076s][info][gc,start       ] GC(194) Pause Young (Allocation Failure)
[41.080s][info][gc,heap        ] GC(194) DefNew: 279890K(314560K)->275K(314560K) Eden: 279616K(279616K)->0K(279616K) From: 274K(34944K)->275K(34944K)
[41.080s][info][gc,heap        ] GC(194) Tenured: 175288K(699072K)->175288K(699072K)
[41.080s][info][gc,metaspace   ] GC(194) Metaspace: 60272K(61120K)->60272K(61120K) NonClass: 52719K(53184K)->52719K(53184K) Class: 7552K(7936K)->7552K(7936K)
[41.080s][info][gc             ] GC(194) Pause Young (Allocation Failure) 444M->171M(989M) 3.843ms
[41.080s][info][gc,cpu         ] GC(194) User=0.00s Sys=0.00s Real=0.00s
[41.171s][info][gc,start       ] GC(195) Pause Young (Allocation Failure)
[41.174s][info][gc,heap        ] GC(195) DefNew: 279891K(314560K)->275K(314560K) Eden: 279616K(279616K)->0K(279616K) From: 275K(34944K)->275K(34944K)
[41.174s][info][gc,heap        ] GC(195) Tenured: 175288K(699072K)->175288K(699072K)
[41.174s][info][gc,metaspace   ] GC(195) Metaspace: 60272K(61120K)->60272K(61120K) NonClass: 52719K(53184K)->52719K(53184K) Class: 7552K(7936K)->7552K(7936K)
[41.174s][info][gc             ] GC(195) Pause Young (Allocation Failure) 444M->171M(989M) 3.667ms
[41.174s][info][gc,cpu         ] GC(195) User=0.00s Sys=0.00s Real=0.00s
[41.272s][info][gc,start       ] GC(196) Pause Young (Allocation Failure)
[41.275s][info][gc,heap        ] GC(196) DefNew: 279891K(314560K)->275K(314560K) Eden: 279616K(279616K)->0K(279616K) From: 275K(34944K)->275K(34944K)
[41.275s][info][gc,heap        ] GC(196) Tenured: 175288K(699072K)->175288K(699072K)
[41.275s][info][gc,metaspace   ] GC(196) Metaspace: 60272K(61120K)->60272K(61120K) NonClass: 52719K(53184K)->52719K(53184K) Class: 7552K(7936K)->7552K(7936K)
[41.275s][info][gc             ] GC(196) Pause Young (Allocation Failure) 444M->171M(989M) 3.681ms
[41.275s][info][gc,cpu         ] GC(196) User=0.00s Sys=0.00s Real=0.00s
[41.380s][info][gc,start       ] GC(197) Pause Young (Allocation Failure)
[41.382s][info][gc,heap        ] GC(197) DefNew: 279891K(314560K)->309K(314560K) Eden: 279616K(279616K)->0K(279616K) From: 275K(34944K)->309K(34944K)
[41.382s][info][gc,heap        ] GC(197) Tenured: 175288K(699072K)->175288K(699072K)
[41.382s][info][gc,metaspace   ] GC(197) Metaspace: 60272K(61120K)->60272K(61120K) NonClass: 52719K(53184K)->52719K(53184K) Class: 7552K(7936K)->7552K(7936K)
[41.382s][info][gc             ] GC(197) Pause Young (Allocation Failure) 444M->171M(989M) 2.945ms
[41.383s][info][gc,cpu         ] GC(197) User=0.00s Sys=0.00s Real=0.00s
[41.420s][info][gc,start       ] GC(198) Pause Full (System.gc())
[41.420s][info][gc,phases,start] GC(198) Phase 1: Mark live objects
[41.545s][info][gc,phases      ] GC(198) Phase 1: Mark live objects 125.377ms
[41.545s][info][gc,phases,start] GC(198) Phase 2: Compute new object addresses
[41.611s][info][gc,phases      ] GC(198) Phase 2: Compute new object addresses 65.635ms
[41.611s][info][gc,phases,start] GC(198) Phase 3: Adjust pointers
[41.677s][info][gc,phases      ] GC(198) Phase 3: Adjust pointers 66.276ms
[41.677s][info][gc,phases,start] GC(198) Phase 4: Move objects
[41.678s][info][gc,phases      ] GC(198) Phase 4: Move objects 0.046ms
[41.678s][info][gc,heap        ] GC(198) DefNew: 33498K(314560K)->0K(314560K) Eden: 33188K(279616K)->0K(279616K) From: 309K(34944K)->0K(34944K)
[41.678s][info][gc,heap        ] GC(198) Tenured: 175288K(699072K)->175371K(699072K)
[41.678s][info][gc,metaspace   ] GC(198) Metaspace: 60306K(61184K)->60306K(61184K) NonClass: 52754K(53248K)->52754K(53248K) Class: 7552K(7936K)->7552K(7936K)
[41.678s][info][gc             ] GC(198) Pause Full (System.gc()) 203M->171M(989M) 258.412ms
[41.678s][info][gc,cpu         ] GC(198) User=0.28s Sys=0.00s Real=0.27s
[41.820s][info][gc,start       ] GC(199) Pause Young (Allocation Failure)
[41.825s][info][gc,heap        ] GC(199) DefNew: 279616K(314560K)->279K(314560K) Eden: 279616K(279616K)->0K(279616K) From: 0K(34944K)->279K(34944K)
[41.825s][info][gc,heap        ] GC(199) Tenured: 175371K(699072K)->175371K(699072K)
[41.825s][info][gc,metaspace   ] GC(199) Metaspace: 60357K(61248K)->60357K(61248K) NonClass: 52804K(53312K)->52804K(53312K) Class: 7552K(7936K)->7552K(7936K)
[41.825s][info][gc             ] GC(199) Pause Young (Allocation Failure) 444M->171M(989M) 4.321ms
[41.825s][info][gc,cpu         ] GC(199) User=0.00s Sys=0.00s Real=0.00s
[41.921s][info][gc,start       ] GC(200) Pause Young (Allocation Failure)
[41.924s][info][gc,heap        ] GC(200) DefNew: 279895K(314560K)->272K(314560K) Eden: 279616K(279616K)->0K(279616K) From: 279K(34944K)->272K(34944K)
[41.924s][info][gc,heap        ] GC(200) Tenured: 175371K(699072K)->175371K(699072K)
[41.924s][info][gc,metaspace   ] GC(200) Metaspace: 60357K(61248K)->60357K(61248K) NonClass: 52804K(53312K)->52804K(53312K) Class: 7552K(7936K)->7552K(7936K)
[41.925s][info][gc             ] GC(200) Pause Young (Allocation Failure) 444M->171M(989M) 3.923ms
[41.925s][info][gc,cpu         ] GC(200) User=0.00s Sys=0.00s Real=0.00s
[42.016s][info][gc,start       ] GC(201) Pause Young (Allocation Failure)
[42.020s][info][gc,heap        ] GC(201) DefNew: 279888K(314560K)->272K(314560K) Eden: 279616K(279616K)->0K(279616K) From: 272K(34944K)->272K(34944K)
[42.020s][info][gc,heap        ] GC(201) Tenured: 175371K(699072K)->175371K(699072K)
[42.020s][info][gc,metaspace   ] GC(201) Metaspace: 60357K(61248K)->60357K(61248K) NonClass: 52804K(53312K)->52804K(53312K) Class: 7552K(7936K)->7552K(7936K)
[42.020s][info][gc             ] GC(201) Pause Young (Allocation Failure) 444M->171M(989M) 3.802ms
[42.020s][info][gc,cpu         ] GC(201) User=0.02s Sys=0.00s Real=0.02s
[42.116s][info][gc,start       ] GC(202) Pause Young (Allocation Failure)
[42.120s][info][gc,heap        ] GC(202) DefNew: 279888K(314560K)->272K(314560K) Eden: 279616K(279616K)->0K(279616K) From: 272K(34944K)->272K(34944K)
[42.120s][info][gc,heap        ] GC(202) Tenured: 175371K(699072K)->175371K(699072K)
[42.120s][info][gc,metaspace   ] GC(202) Metaspace: 60357K(61248K)->60357K(61248K) NonClass: 52804K(53312K)->52804K(53312K) Class: 7552K(7936K)->7552K(7936K)
[42.120s][info][gc             ] GC(202) Pause Young (Allocation Failure) 444M->171M(989M) 3.710ms
[42.120s][info][gc,cpu         ] GC(202) User=0.00s Sys=0.00s Real=0.00s
[42.219s][info][gc,start       ] GC(203) Pause Young (Allocation Failure)
[42.222s][info][gc,heap        ] GC(203) DefNew: 279888K(314560K)->272K(314560K) Eden: 279616K(279616K)->0K(279616K) From: 272K(34944K)->272K(34944K)
[42.222s][info][gc,heap        ] GC(203) Tenured: 175371K(699072K)->175371K(699072K)
[42.222s][info][gc,metaspace   ] GC(203) Metaspace: 60357K(61248K)->60357K(61248K) NonClass: 52804K(53312K)->52804K(53312K) Class: 7552K(7936K)->7552K(7936K)
[42.222s][info][gc             ] GC(203) Pause Young (Allocation Failure) 444M->171M(989M) 3.721ms
[42.222s][info][gc,cpu         ] GC(203) User=0.02s Sys=0.00s Real=0.02s
[42.342s][info][gc,start       ] GC(204) Pause Young (Allocation Failure)
[42.346s][info][gc,heap        ] GC(204) DefNew: 279888K(314560K)->272K(314560K) Eden: 279616K(279616K)->0K(279616K) From: 272K(34944K)->272K(34944K)
[42.346s][info][gc,heap        ] GC(204) Tenured: 175371K(699072K)->175371K(699072K)
[42.346s][info][gc,metaspace   ] GC(204) Metaspace: 60357K(61248K)->60357K(61248K) NonClass: 52804K(53312K)->52804K(53312K) Class: 7552K(7936K)->7552K(7936K)
[42.346s][info][gc             ] GC(204) Pause Young (Allocation Failure) 444M->171M(989M) 3.755ms
[42.346s][info][gc,cpu         ] GC(204) User=0.00s Sys=0.00s Real=0.00s
[42.443s][info][gc,start       ] GC(205) Pause Young (Allocation Failure)
[42.446s][info][gc,heap        ] GC(205) DefNew: 279888K(314560K)->272K(314560K) Eden: 279616K(279616K)->0K(279616K) From: 272K(34944K)->272K(34944K)
[42.446s][info][gc,heap        ] GC(205) Tenured: 175371K(699072K)->175371K(699072K)
[42.446s][info][gc,metaspace   ] GC(205) Metaspace: 60357K(61248K)->60357K(61248K) NonClass: 52804K(53312K)->52804K(53312K) Class: 7552K(7936K)->7552K(7936K)
[42.446s][info][gc             ] GC(205) Pause Young (Allocation Failure) 444M->171M(989M) 3.724ms
[42.446s][info][gc,cpu         ] GC(205) User=0.00s Sys=0.00s Real=0.00s
[42.486s][info][gc,start       ] GC(206) Pause Full (System.gc())
[42.486s][info][gc,phases,start] GC(206) Phase 1: Mark live objects
[42.595s][info][gc,phases      ] GC(206) Phase 1: Mark live objects 108.713ms
[42.595s][info][gc,phases,start] GC(206) Phase 2: Compute new object addresses
[42.661s][info][gc,phases      ] GC(206) Phase 2: Compute new object addresses 66.196ms
[42.661s][info][gc,phases,start] GC(206) Phase 3: Adjust pointers
[42.728s][info][gc,phases      ] GC(206) Phase 3: Adjust pointers 66.043ms
[42.728s][info][gc,phases,start] GC(206) Phase 4: Move objects
[42.728s][info][gc,phases      ] GC(206) Phase 4: Move objects 0.045ms
[42.728s][info][gc,heap        ] GC(206) DefNew: 38501K(314560K)->0K(314560K) Eden: 38229K(279616K)->0K(279616K) From: 272K(34944K)->0K(34944K)
[42.728s][info][gc,heap        ] GC(206) Tenured: 175371K(699072K)->175451K(699072K)
[42.728s][info][gc,metaspace   ] GC(206) Metaspace: 60362K(61248K)->60362K(61248K) NonClass: 52810K(53312K)->52810K(53312K) Class: 7552K(7936K)->7552K(7936K)
[42.728s][info][gc             ] GC(206) Pause Full (System.gc()) 208M->171M(989M) 242.019ms
[42.728s][info][gc,cpu         ] GC(206) User=0.22s Sys=0.02s Real=0.23s
[42.882s][info][gc,start       ] GC(207) Pause Young (Allocation Failure)
[42.886s][info][gc,heap        ] GC(207) DefNew: 279616K(314560K)->279K(314560K) Eden: 279616K(279616K)->0K(279616K) From: 0K(34944K)->279K(34944K)
[42.886s][info][gc,heap        ] GC(207) Tenured: 175451K(699072K)->175451K(699072K)
[42.886s][info][gc,metaspace   ] GC(207) Metaspace: 60374K(61248K)->60374K(61248K) NonClass: 52822K(53312K)->52822K(53312K) Class: 7552K(7936K)->7552K(7936K)
[42.886s][info][gc             ] GC(207) Pause Young (Allocation Failure) 444M->171M(989M) 4.299ms
[42.886s][info][gc,cpu         ] GC(207) User=0.00s Sys=0.00s Real=0.00s
[42.978s][info][gc,start       ] GC(208) Pause Young (Allocation Failure)
[42.981s][info][gc,heap        ] GC(208) DefNew: 279895K(314560K)->272K(314560K) Eden: 279616K(279616K)->0K(279616K) From: 279K(34944K)->272K(34944K)
[42.981s][info][gc,heap        ] GC(208) Tenured: 175451K(699072K)->175451K(699072K)
[42.981s][info][gc,metaspace   ] GC(208) Metaspace: 60374K(61248K)->60374K(61248K) NonClass: 52822K(53312K)->52822K(53312K) Class: 7552K(7936K)->7552K(7936K)
[42.982s][info][gc             ] GC(208) Pause Young (Allocation Failure) 444M->171M(989M) 3.927ms
[42.982s][info][gc,cpu         ] GC(208) User=0.00s Sys=0.00s Real=0.00s
[43.079s][info][gc,start       ] GC(209) Pause Young (Allocation Failure)
[43.082s][info][gc,heap        ] GC(209) DefNew: 279888K(314560K)->272K(314560K) Eden: 279616K(279616K)->0K(279616K) From: 272K(34944K)->272K(34944K)
[43.082s][info][gc,heap        ] GC(209) Tenured: 175451K(699072K)->175451K(699072K)
[43.082s][info][gc,metaspace   ] GC(209) Metaspace: 60374K(61248K)->60374K(61248K) NonClass: 52822K(53312K)->52822K(53312K) Class: 7552K(7936K)->7552K(7936K)
[43.082s][info][gc             ] GC(209) Pause Young (Allocation Failure) 444M->171M(989M) 3.741ms
[43.082s][info][gc,cpu         ] GC(209) User=0.00s Sys=0.00s Real=0.00s
[43.180s][info][gc,start       ] GC(210) Pause Young (Allocation Failure)
[43.183s][info][gc,heap        ] GC(210) DefNew: 279888K(314560K)->272K(314560K) Eden: 279616K(279616K)->0K(279616K) From: 272K(34944K)->272K(34944K)
[43.183s][info][gc,heap        ] GC(210) Tenured: 175451K(699072K)->175451K(699072K)
[43.183s][info][gc,metaspace   ] GC(210) Metaspace: 60374K(61248K)->60374K(61248K) NonClass: 52822K(53312K)->52822K(53312K) Class: 7552K(7936K)->7552K(7936K)
[43.183s][info][gc             ] GC(210) Pause Young (Allocation Failure) 444M->171M(989M) 3.721ms
[43.184s][info][gc,cpu         ] GC(210) User=0.00s Sys=0.00s Real=0.00s
[43.280s][info][gc,start       ] GC(211) Pause Young (Allocation Failure)
[43.283s][info][gc,heap        ] GC(211) DefNew: 279888K(314560K)->272K(314560K) Eden: 279616K(279616K)->0K(279616K) From: 272K(34944K)->272K(34944K)
[43.283s][info][gc,heap        ] GC(211) Tenured: 175451K(699072K)->175451K(699072K)
[43.283s][info][gc,metaspace   ] GC(211) Metaspace: 60374K(61248K)->60374K(61248K) NonClass: 52822K(53312K)->52822K(53312K) Class: 7552K(7936K)->7552K(7936K)
[43.284s][info][gc             ] GC(211) Pause Young (Allocation Failure) 444M->171M(989M) 3.647ms
[43.284s][info][gc,cpu         ] GC(211) User=0.02s Sys=0.00s Real=0.02s
[43.381s][info][gc,start       ] GC(212) Pause Young (Allocation Failure)
[43.385s][info][gc,heap        ] GC(212) DefNew: 279888K(314560K)->272K(314560K) Eden: 279616K(279616K)->0K(279616K) From: 272K(34944K)->272K(34944K)
[43.385s][info][gc,heap        ] GC(212) Tenured: 175451K(699072K)->175451K(699072K)
[43.385s][info][gc,metaspace   ] GC(212) Metaspace: 60374K(61248K)->60374K(61248K) NonClass: 52822K(53312K)->52822K(53312K) Class: 7552K(7936K)->7552K(7936K)
[43.385s][info][gc             ] GC(212) Pause Young (Allocation Failure) 444M->171M(989M) 3.635ms
[43.385s][info][gc,cpu         ] GC(212) User=0.00s Sys=0.00s Real=0.00s
[43.508s][info][gc,start       ] GC(213) Pause Young (Allocation Failure)
[43.512s][info][gc,heap        ] GC(213) DefNew: 279888K(314560K)->212K(314560K) Eden: 279616K(279616K)->0K(279616K) From: 272K(34944K)->212K(34944K)
[43.512s][info][gc,heap        ] GC(213) Tenured: 175451K(699072K)->175451K(699072K)
[43.512s][info][gc,metaspace   ] GC(213) Metaspace: 60380K(61248K)->60380K(61248K) NonClass: 52827K(53312K)->52827K(53312K) Class: 7552K(7936K)->7552K(7936K)
[43.512s][info][gc             ] GC(213) Pause Young (Allocation Failure) 444M->171M(989M) 3.834ms
[43.512s][info][gc,cpu         ] GC(213) User=0.00s Sys=0.00s Real=0.00s
[43.549s][info][gc,start       ] GC(214) Pause Full (System.gc())
[43.549s][info][gc,phases,start] GC(214) Phase 1: Mark live objects
[43.677s][info][gc,phases      ] GC(214) Phase 1: Mark live objects 127.639ms
[43.677s][info][gc,phases,start] GC(214) Phase 2: Compute new object addresses
[43.743s][info][gc,phases      ] GC(214) Phase 2: Compute new object addresses 66.239ms
[43.743s][info][gc,phases,start] GC(214) Phase 3: Adjust pointers
[43.810s][info][gc,phases      ] GC(214) Phase 3: Adjust pointers 66.571ms
[43.810s][info][gc,phases,start] GC(214) Phase 4: Move objects
[43.810s][info][gc,phases      ] GC(214) Phase 4: Move objects 0.226ms
[43.811s][info][gc,heap        ] GC(214) DefNew: 34548K(314560K)->0K(314560K) Eden: 34336K(279616K)->0K(279616K) From: 212K(34944K)->0K(34944K)
[43.811s][info][gc,heap        ] GC(214) Tenured: 175451K(699072K)->175336K(699072K)
[43.811s][info][gc,metaspace   ] GC(214) Metaspace: 60405K(61248K)->60405K(61248K) NonClass: 52852K(53312K)->52852K(53312K) Class: 7552K(7936K)->7552K(7936K)
[43.811s][info][gc             ] GC(214) Pause Full (System.gc()) 205M->171M(989M) 261.741ms
[43.811s][info][gc,cpu         ] GC(214) User=0.25s Sys=0.00s Real=0.25s
[43.966s][info][gc,start       ] GC(215) Pause Young (Allocation Failure)
[43.970s][info][gc,heap        ] GC(215) DefNew: 279616K(314560K)->280K(314560K) Eden: 279616K(279616K)->0K(279616K) From: 0K(34944K)->280K(34944K)
[43.970s][info][gc,heap        ] GC(215) Tenured: 175336K(699072K)->175336K(699072K)
[43.970s][info][gc,metaspace   ] GC(215) Metaspace: 60463K(61312K)->60463K(61312K) NonClass: 52908K(53376K)->52908K(53376K) Class: 7555K(7936K)->7555K(7936K)
[43.970s][info][gc             ] GC(215) Pause Young (Allocation Failure) 444M->171M(989M) 4.385ms
[43.970s][info][gc,cpu         ] GC(215) User=0.02s Sys=0.00s Real=0.02s
[44.068s][info][gc,start       ] GC(216) Pause Young (Allocation Failure)
[44.072s][info][gc,heap        ] GC(216) DefNew: 279896K(314560K)->273K(314560K) Eden: 279616K(279616K)->0K(279616K) From: 280K(34944K)->273K(34944K)
[44.072s][info][gc,heap        ] GC(216) Tenured: 175336K(699072K)->175336K(699072K)
[44.072s][info][gc,metaspace   ] GC(216) Metaspace: 60463K(61312K)->60463K(61312K) NonClass: 52908K(53376K)->52908K(53376K) Class: 7555K(7936K)->7555K(7936K)
[44.072s][info][gc             ] GC(216) Pause Young (Allocation Failure) 444M->171M(989M) 3.988ms
[44.072s][info][gc,cpu         ] GC(216) User=0.00s Sys=0.00s Real=0.00s
[44.163s][info][gc,start       ] GC(217) Pause Young (Allocation Failure)
[44.167s][info][gc,heap        ] GC(217) DefNew: 279889K(314560K)->272K(314560K) Eden: 279616K(279616K)->0K(279616K) From: 273K(34944K)->272K(34944K)
[44.167s][info][gc,heap        ] GC(217) Tenured: 175336K(699072K)->175336K(699072K)
[44.167s][info][gc,metaspace   ] GC(217) Metaspace: 60463K(61312K)->60463K(61312K) NonClass: 52908K(53376K)->52908K(53376K) Class: 7555K(7936K)->7555K(7936K)
[44.167s][info][gc             ] GC(217) Pause Young (Allocation Failure) 444M->171M(989M) 3.741ms
[44.167s][info][gc,cpu         ] GC(217) User=0.00s Sys=0.00s Real=0.00s
[44.257s][info][gc,start       ] GC(218) Pause Young (Allocation Failure)
[44.261s][info][gc,heap        ] GC(218) DefNew: 279888K(314560K)->273K(314560K) Eden: 279616K(279616K)->0K(279616K) From: 272K(34944K)->273K(34944K)
[44.261s][info][gc,heap        ] GC(218) Tenured: 175336K(699072K)->175336K(699072K)
[44.261s][info][gc,metaspace   ] GC(218) Metaspace: 60463K(61312K)->60463K(61312K) NonClass: 52908K(53376K)->52908K(53376K) Class: 7555K(7936K)->7555K(7936K)
[44.261s][info][gc             ] GC(218) Pause Young (Allocation Failure) 444M->171M(989M) 3.669ms
[44.261s][info][gc,cpu         ] GC(218) User=0.00s Sys=0.00s Real=0.00s
[44.366s][info][gc,start       ] GC(219) Pause Young (Allocation Failure)
[44.369s][info][gc,heap        ] GC(219) DefNew: 279889K(314560K)->273K(314560K) Eden: 279616K(279616K)->0K(279616K) From: 273K(34944K)->273K(34944K)
[44.370s][info][gc,heap        ] GC(219) Tenured: 175336K(699072K)->175336K(699072K)
[44.370s][info][gc,metaspace   ] GC(219) Metaspace: 60463K(61312K)->60463K(61312K) NonClass: 52908K(53376K)->52908K(53376K) Class: 7555K(7936K)->7555K(7936K)
[44.370s][info][gc             ] GC(219) Pause Young (Allocation Failure) 444M->171M(989M) 3.693ms
[44.370s][info][gc,cpu         ] GC(219) User=0.00s Sys=0.00s Real=0.00s
[44.469s][info][gc,start       ] GC(220) Pause Young (Allocation Failure)
[44.473s][info][gc,heap        ] GC(220) DefNew: 279889K(314560K)->273K(314560K) Eden: 279616K(279616K)->0K(279616K) From: 273K(34944K)->273K(34944K)
[44.473s][info][gc,heap        ] GC(220) Tenured: 175336K(699072K)->175336K(699072K)
[44.473s][info][gc,metaspace   ] GC(220) Metaspace: 60463K(61312K)->60463K(61312K) NonClass: 52908K(53376K)->52908K(53376K) Class: 7555K(7936K)->7555K(7936K)
[44.473s][info][gc             ] GC(220) Pause Young (Allocation Failure) 444M->171M(989M) 3.709ms
[44.473s][info][gc,cpu         ] GC(220) User=0.00s Sys=0.00s Real=0.00s
[44.564s][info][gc,start       ] GC(221) Pause Young (Allocation Failure)
[44.567s][info][gc,heap        ] GC(221) DefNew: 279889K(314560K)->272K(314560K) Eden: 279616K(279616K)->0K(279616K) From: 273K(34944K)->272K(34944K)
[44.568s][info][gc,heap        ] GC(221) Tenured: 175336K(699072K)->175336K(699072K)
[44.568s][info][gc,metaspace   ] GC(221) Metaspace: 60463K(61312K)->60463K(61312K) NonClass: 52908K(53376K)->52908K(53376K) Class: 7555K(7936K)->7555K(7936K)
[44.568s][info][gc             ] GC(221) Pause Young (Allocation Failure) 444M->171M(989M) 3.665ms
[44.568s][info][gc,cpu         ] GC(221) User=0.00s Sys=0.00s Real=0.00s
[44.605s][info][gc,start       ] GC(222) Pause Full (System.gc())
[44.605s][info][gc,phases,start] GC(222) Phase 1: Mark live objects
[44.716s][info][gc,phases      ] GC(222) Phase 1: Mark live objects 110.667ms
[44.716s][info][gc,phases,start] GC(222) Phase 2: Compute new object addresses
[44.782s][info][gc,phases      ] GC(222) Phase 2: Compute new object addresses 66.535ms
[44.782s][info][gc,phases,start] GC(222) Phase 3: Adjust pointers
[44.849s][info][gc,phases      ] GC(222) Phase 3: Adjust pointers 66.140ms
[44.849s][info][gc,phases,start] GC(222) Phase 4: Move objects
[44.849s][info][gc,phases      ] GC(222) Phase 4: Move objects 0.047ms
[44.849s][info][gc,heap        ] GC(222) DefNew: 39529K(314560K)->0K(314560K) Eden: 39256K(279616K)->0K(279616K) From: 272K(34944K)->0K(34944K)
[44.849s][info][gc,heap        ] GC(222) Tenured: 175336K(699072K)->175418K(699072K)
[44.849s][info][gc,metaspace   ] GC(222) Metaspace: 60516K(61440K)->60516K(61440K) NonClass: 52959K(53504K)->52959K(53504K) Class: 7556K(7936K)->7556K(7936K)
[44.849s][info][gc             ] GC(222) Pause Full (System.gc()) 209M->171M(989M) 244.468ms
[44.849s][info][gc,cpu         ] GC(222) User=0.23s Sys=0.00s Real=0.23s
[45.004s][info][gc,start       ] GC(223) Pause Young (Allocation Failure)
[45.008s][info][gc,heap        ] GC(223) DefNew: 279616K(314560K)->279K(314560K) Eden: 279616K(279616K)->0K(279616K) From: 0K(34944K)->279K(34944K)
[45.008s][info][gc,heap        ] GC(223) Tenured: 175418K(699072K)->175418K(699072K)
[45.009s][info][gc,metaspace   ] GC(223) Metaspace: 60519K(61440K)->60519K(61440K) NonClass: 52962K(53504K)->52962K(53504K) Class: 7556K(7936K)->7556K(7936K)
[45.009s][info][gc             ] GC(223) Pause Young (Allocation Failure) 444M->171M(989M) 4.451ms
[45.009s][info][gc,cpu         ] GC(223) User=0.03s Sys=0.00s Real=0.02s
[45.107s][info][gc,start       ] GC(224) Pause Young (Allocation Failure)
[45.111s][info][gc,heap        ] GC(224) DefNew: 279895K(314560K)->272K(314560K) Eden: 279616K(279616K)->0K(279616K) From: 279K(34944K)->272K(34944K)
[45.111s][info][gc,heap        ] GC(224) Tenured: 175418K(699072K)->175418K(699072K)
[45.111s][info][gc,metaspace   ] GC(224) Metaspace: 60519K(61440K)->60519K(61440K) NonClass: 52962K(53504K)->52962K(53504K) Class: 7556K(7936K)->7556K(7936K)
[45.111s][info][gc             ] GC(224) Pause Young (Allocation Failure) 444M->171M(989M) 4.075ms
[45.111s][info][gc,cpu         ] GC(224) User=0.00s Sys=0.00s Real=0.00s
[45.207s][info][gc,start       ] GC(225) Pause Young (Allocation Failure)
[45.211s][info][gc,heap        ] GC(225) DefNew: 279888K(314560K)->272K(314560K) Eden: 279616K(279616K)->0K(279616K) From: 272K(34944K)->272K(34944K)
[45.211s][info][gc,heap        ] GC(225) Tenured: 175418K(699072K)->175418K(699072K)
[45.211s][info][gc,metaspace   ] GC(225) Metaspace: 60519K(61440K)->60519K(61440K) NonClass: 52962K(53504K)->52962K(53504K) Class: 7556K(7936K)->7556K(7936K)
[45.211s][info][gc             ] GC(225) Pause Young (Allocation Failure) 444M->171M(989M) 3.855ms
[45.211s][info][gc,cpu         ] GC(225) User=0.02s Sys=0.00s Real=0.02s
[45.308s][info][gc,start       ] GC(226) Pause Young (Allocation Failure)
[45.311s][info][gc,heap        ] GC(226) DefNew: 279888K(314560K)->272K(314560K) Eden: 279616K(279616K)->0K(279616K) From: 272K(34944K)->272K(34944K)
[45.311s][info][gc,heap        ] GC(226) Tenured: 175418K(699072K)->175418K(699072K)
[45.311s][info][gc,metaspace   ] GC(226) Metaspace: 60519K(61440K)->60519K(61440K) NonClass: 52962K(53504K)->52962K(53504K) Class: 7556K(7936K)->7556K(7936K)
[45.311s][info][gc             ] GC(226) Pause Young (Allocation Failure) 444M->171M(989M) 3.725ms
[45.311s][info][gc,cpu         ] GC(226) User=0.00s Sys=0.00s Real=0.00s
[45.402s][info][gc,start       ] GC(227) Pause Young (Allocation Failure)
[45.406s][info][gc,heap        ] GC(227) DefNew: 279888K(314560K)->272K(314560K) Eden: 279616K(279616K)->0K(279616K) From: 272K(34944K)->272K(34944K)
[45.406s][info][gc,heap        ] GC(227) Tenured: 175418K(699072K)->175418K(699072K)
[45.406s][info][gc,metaspace   ] GC(227) Metaspace: 60519K(61440K)->60519K(61440K) NonClass: 52962K(53504K)->52962K(53504K) Class: 7556K(7936K)->7556K(7936K)
[45.406s][info][gc             ] GC(227) Pause Young (Allocation Failure) 444M->171M(989M) 3.778ms
[45.406s][info][gc,cpu         ] GC(227) User=0.00s Sys=0.00s Real=0.00s
[45.497s][info][gc,start       ] GC(228) Pause Young (Allocation Failure)
[45.500s][info][gc,heap        ] GC(228) DefNew: 279888K(314560K)->272K(314560K) Eden: 279616K(279616K)->0K(279616K) From: 272K(34944K)->272K(34944K)
[45.500s][info][gc,heap        ] GC(228) Tenured: 175418K(699072K)->175418K(699072K)
[45.500s][info][gc,metaspace   ] GC(228) Metaspace: 60519K(61440K)->60519K(61440K) NonClass: 52962K(53504K)->52962K(53504K) Class: 7556K(7936K)->7556K(7936K)
[45.501s][info][gc             ] GC(228) Pause Young (Allocation Failure) 444M->171M(989M) 3.749ms
[45.501s][info][gc,cpu         ] GC(228) User=0.00s Sys=0.00s Real=0.00s
[45.600s][info][gc,start       ] GC(229) Pause Young (Allocation Failure)
[45.603s][info][gc,heap        ] GC(229) DefNew: 279888K(314560K)->272K(314560K) Eden: 279616K(279616K)->0K(279616K) From: 272K(34944K)->272K(34944K)
[45.603s][info][gc,heap        ] GC(229) Tenured: 175418K(699072K)->175418K(699072K)
[45.603s][info][gc,metaspace   ] GC(229) Metaspace: 60519K(61440K)->60519K(61440K) NonClass: 52962K(53504K)->52962K(53504K) Class: 7556K(7936K)->7556K(7936K)
[45.603s][info][gc             ] GC(229) Pause Young (Allocation Failure) 444M->171M(989M) 3.708ms
[45.603s][info][gc,cpu         ] GC(229) User=0.02s Sys=0.00s Real=0.02s
[45.635s][info][gc,start       ] GC(230) Pause Full (System.gc())
[45.635s][info][gc,phases,start] GC(230) Phase 1: Mark live objects
[45.745s][info][gc,phases      ] GC(230) Phase 1: Mark live objects 109.688ms
[45.745s][info][gc,phases,start] GC(230) Phase 2: Compute new object addresses
[45.810s][info][gc,phases      ] GC(230) Phase 2: Compute new object addresses 64.716ms
[45.810s][info][gc,phases,start] GC(230) Phase 3: Adjust pointers
[45.877s][info][gc,phases      ] GC(230) Phase 3: Adjust pointers 67.720ms
[45.877s][info][gc,phases,start] GC(230) Phase 4: Move objects
[45.877s][info][gc,phases      ] GC(230) Phase 4: Move objects 0.042ms
[45.878s][info][gc,heap        ] GC(230) DefNew: 30042K(314560K)->0K(314560K) Eden: 29769K(279616K)->0K(279616K) From: 272K(34944K)->0K(34944K)
[45.878s][info][gc,heap        ] GC(230) Tenured: 175418K(699072K)->175498K(699072K)
[45.878s][info][gc,metaspace   ] GC(230) Metaspace: 60521K(61440K)->60521K(61440K) NonClass: 52965K(53504K)->52965K(53504K) Class: 7556K(7936K)->7556K(7936K)
[45.878s][info][gc             ] GC(230) Pause Full (System.gc()) 200M->171M(989M) 243.211ms
[45.878s][info][gc,cpu         ] GC(230) User=0.23s Sys=0.00s Real=0.23s
[46.035s][info][gc,start       ] GC(231) Pause Young (Allocation Failure)
[46.039s][info][gc,heap        ] GC(231) DefNew: 279616K(314560K)->281K(314560K) Eden: 279616K(279616K)->0K(279616K) From: 0K(34944K)->281K(34944K)
[46.039s][info][gc,heap        ] GC(231) Tenured: 175498K(699072K)->175498K(699072K)
[46.039s][info][gc,metaspace   ] GC(231) Metaspace: 60535K(61440K)->60535K(61440K) NonClass: 52979K(53504K)->52979K(53504K) Class: 7556K(7936K)->7556K(7936K)
[46.039s][info][gc             ] GC(231) Pause Young (Allocation Failure) 444M->171M(989M) 4.344ms
[46.039s][info][gc,cpu         ] GC(231) User=0.00s Sys=0.00s Real=0.00s
[46.138s][info][gc,start       ] GC(232) Pause Young (Allocation Failure)
[46.142s][info][gc,heap        ] GC(232) DefNew: 279897K(314560K)->275K(314560K) Eden: 279616K(279616K)->0K(279616K) From: 281K(34944K)->275K(34944K)
[46.142s][info][gc,heap        ] GC(232) Tenured: 175498K(699072K)->175498K(699072K)
[46.142s][info][gc,metaspace   ] GC(232) Metaspace: 60536K(61440K)->60536K(61440K) NonClass: 52979K(53504K)->52979K(53504K) Class: 7556K(7936K)->7556K(7936K)
[46.142s][info][gc             ] GC(232) Pause Young (Allocation Failure) 444M->171M(989M) 4.030ms
[46.142s][info][gc,cpu         ] GC(232) User=0.00s Sys=0.00s Real=0.00s
[46.240s][info][gc,start       ] GC(233) Pause Young (Allocation Failure)
[46.244s][info][gc,heap        ] GC(233) DefNew: 279891K(314560K)->308K(314560K) Eden: 279616K(279616K)->0K(279616K) From: 275K(34944K)->308K(34944K)
[46.244s][info][gc,heap        ] GC(233) Tenured: 175498K(699072K)->175498K(699072K)
[46.244s][info][gc,metaspace   ] GC(233) Metaspace: 60561K(61440K)->60561K(61440K) NonClass: 52996K(53504K)->52996K(53504K) Class: 7565K(7936K)->7565K(7936K)
[46.244s][info][gc             ] GC(233) Pause Young (Allocation Failure) 444M->171M(989M) 4.441ms
[46.244s][info][gc,cpu         ] GC(233) User=0.02s Sys=0.00s Real=0.02s
[46.337s][info][gc,start       ] GC(234) Pause Young (Allocation Failure)
[46.341s][info][gc,heap        ] GC(234) DefNew: 279924K(314560K)->307K(314560K) Eden: 279616K(279616K)->0K(279616K) From: 308K(34944K)->307K(34944K)
[46.341s][info][gc,heap        ] GC(234) Tenured: 175498K(699072K)->175498K(699072K)
[46.341s][info][gc,metaspace   ] GC(234) Metaspace: 60561K(61440K)->60561K(61440K) NonClass: 52996K(53504K)->52996K(53504K) Class: 7565K(7936K)->7565K(7936K)
[46.341s][info][gc             ] GC(234) Pause Young (Allocation Failure) 444M->171M(989M) 4.132ms
[46.341s][info][gc,cpu         ] GC(234) User=0.00s Sys=0.00s Real=0.00s
[46.437s][info][gc,start       ] GC(235) Pause Young (Allocation Failure)
[46.441s][info][gc,heap        ] GC(235) DefNew: 279923K(314560K)->307K(314560K) Eden: 279616K(279616K)->0K(279616K) From: 307K(34944K)->307K(34944K)
[46.441s][info][gc,heap        ] GC(235) Tenured: 175498K(699072K)->175498K(699072K)
[46.441s][info][gc,metaspace   ] GC(235) Metaspace: 60561K(61440K)->60561K(61440K) NonClass: 52996K(53504K)->52996K(53504K) Class: 7565K(7936K)->7565K(7936K)
[46.441s][info][gc             ] GC(235) Pause Young (Allocation Failure) 444M->171M(989M) 4.146ms
[46.441s][info][gc,cpu         ] GC(235) User=0.00s Sys=0.00s Real=0.00s
[46.540s][info][gc,start       ] GC(236) Pause Young (Allocation Failure)
[46.544s][info][gc,heap        ] GC(236) DefNew: 279923K(314560K)->307K(314560K) Eden: 279616K(279616K)->0K(279616K) From: 307K(34944K)->307K(34944K)
[46.544s][info][gc,heap        ] GC(236) Tenured: 175498K(699072K)->175498K(699072K)
[46.544s][info][gc,metaspace   ] GC(236) Metaspace: 60561K(61440K)->60561K(61440K) NonClass: 52996K(53504K)->52996K(53504K) Class: 7565K(7936K)->7565K(7936K)
[46.544s][info][gc             ] GC(236) Pause Young (Allocation Failure) 444M->171M(989M) 4.104ms
[46.544s][info][gc,cpu         ] GC(236) User=0.00s Sys=0.00s Real=0.00s
[46.651s][info][gc,start       ] GC(237) Pause Young (Allocation Failure)
[46.655s][info][gc,heap        ] GC(237) DefNew: 279923K(314560K)->238K(314560K) Eden: 279616K(279616K)->0K(279616K) From: 307K(34944K)->238K(34944K)
[46.655s][info][gc,heap        ] GC(237) Tenured: 175498K(699072K)->175498K(699072K)
[46.655s][info][gc,metaspace   ] GC(237) Metaspace: 60562K(61440K)->60562K(61440K) NonClass: 52996K(53504K)->52996K(53504K) Class: 7565K(7936K)->7565K(7936K)
[46.656s][info][gc             ] GC(237) Pause Young (Allocation Failure) 444M->171M(989M) 4.289ms
[46.656s][info][gc,cpu         ] GC(237) User=0.02s Sys=0.00s Real=0.02s
[46.695s][info][gc,start       ] GC(238) Pause Full (System.gc())
[46.695s][info][gc,phases,start] GC(238) Phase 1: Mark live objects
[46.817s][info][gc,phases      ] GC(238) Phase 1: Mark live objects 122.087ms
[46.817s][info][gc,phases,start] GC(238) Phase 2: Compute new object addresses
[46.888s][info][gc,phases      ] GC(238) Phase 2: Compute new object addresses 70.295ms
[46.888s][info][gc,phases,start] GC(238) Phase 3: Adjust pointers
[46.955s][info][gc,phases      ] GC(238) Phase 3: Adjust pointers 67.203ms
[46.955s][info][gc,phases,start] GC(238) Phase 4: Move objects
[46.955s][info][gc,phases      ] GC(238) Phase 4: Move objects 0.051ms
[46.956s][info][gc,heap        ] GC(238) DefNew: 37025K(314560K)->0K(314560K) Eden: 36786K(279616K)->0K(279616K) From: 238K(34944K)->0K(34944K)
[46.956s][info][gc,heap        ] GC(238) Tenured: 175498K(699072K)->175596K(699072K)
[46.956s][info][gc,metaspace   ] GC(238) Metaspace: 60568K(61440K)->60568K(61440K) NonClass: 53002K(53504K)->53002K(53504K) Class: 7565K(7936K)->7565K(7936K)
[46.956s][info][gc             ] GC(238) Pause Full (System.gc()) 207M->171M(989M) 260.738ms
[46.956s][info][gc,cpu         ] GC(238) User=0.25s Sys=0.00s Real=0.25s
[47.097s][info][gc,start       ] GC(239) Pause Young (Allocation Failure)
[47.101s][info][gc,heap        ] GC(239) DefNew: 279616K(314560K)->282K(314560K) Eden: 279616K(279616K)->0K(279616K) From: 0K(34944K)->282K(34944K)
[47.101s][info][gc,heap        ] GC(239) Tenured: 175596K(699072K)->175596K(699072K)
[47.101s][info][gc,metaspace   ] GC(239) Metaspace: 60585K(61440K)->60585K(61440K) NonClass: 53020K(53504K)->53020K(53504K) Class: 7565K(7936K)->7565K(7936K)
[47.102s][info][gc             ] GC(239) Pause Young (Allocation Failure) 444M->171M(989M) 4.578ms
[47.102s][info][gc,cpu         ] GC(239) User=0.02s Sys=0.00s Real=0.02s
[47.194s][info][gc,start       ] GC(240) Pause Young (Allocation Failure)
[47.197s][info][gc,heap        ] GC(240) DefNew: 279898K(314560K)->274K(314560K) Eden: 279616K(279616K)->0K(279616K) From: 282K(34944K)->274K(34944K)
[47.197s][info][gc,heap        ] GC(240) Tenured: 175596K(699072K)->175596K(699072K)
[47.197s][info][gc,metaspace   ] GC(240) Metaspace: 60586K(61440K)->60586K(61440K) NonClass: 53021K(53504K)->53021K(53504K) Class: 7565K(7936K)->7565K(7936K)
[47.198s][info][gc             ] GC(240) Pause Young (Allocation Failure) 444M->171M(989M) 3.995ms
[47.198s][info][gc,cpu         ] GC(240) User=0.00s Sys=0.00s Real=0.00s
[47.290s][info][gc,start       ] GC(241) Pause Young (Allocation Failure)
[47.294s][info][gc,heap        ] GC(241) DefNew: 279890K(314560K)->275K(314560K) Eden: 279616K(279616K)->0K(279616K) From: 274K(34944K)->275K(34944K)
[47.294s][info][gc,heap        ] GC(241) Tenured: 175596K(699072K)->175596K(699072K)
[47.294s][info][gc,metaspace   ] GC(241) Metaspace: 60586K(61440K)->60586K(61440K) NonClass: 53021K(53504K)->53021K(53504K) Class: 7565K(7936K)->7565K(7936K)
[47.294s][info][gc             ] GC(241) Pause Young (Allocation Failure) 444M->171M(989M) 3.818ms
[47.294s][info][gc,cpu         ] GC(241) User=0.00s Sys=0.00s Real=0.00s
[47.397s][info][gc,start       ] GC(242) Pause Young (Allocation Failure)
[47.401s][info][gc,heap        ] GC(242) DefNew: 279891K(314560K)->275K(314560K) Eden: 279616K(279616K)->0K(279616K) From: 275K(34944K)->275K(34944K)
[47.401s][info][gc,heap        ] GC(242) Tenured: 175596K(699072K)->175596K(699072K)
[47.401s][info][gc,metaspace   ] GC(242) Metaspace: 60586K(61440K)->60586K(61440K) NonClass: 53021K(53504K)->53021K(53504K) Class: 7565K(7936K)->7565K(7936K)
[47.401s][info][gc             ] GC(242) Pause Young (Allocation Failure) 444M->171M(989M) 3.826ms
[47.401s][info][gc,cpu         ] GC(242) User=0.00s Sys=0.00s Real=0.00s
[47.511s][info][gc,start       ] GC(243) Pause Young (Allocation Failure)
[47.514s][info][gc,heap        ] GC(243) DefNew: 279891K(314560K)->275K(314560K) Eden: 279616K(279616K)->0K(279616K) From: 275K(34944K)->275K(34944K)
[47.514s][info][gc,heap        ] GC(243) Tenured: 175596K(699072K)->175596K(699072K)
[47.514s][info][gc,metaspace   ] GC(243) Metaspace: 60586K(61440K)->60586K(61440K) NonClass: 53021K(53504K)->53021K(53504K) Class: 7565K(7936K)->7565K(7936K)
[47.514s][info][gc             ] GC(243) Pause Young (Allocation Failure) 444M->171M(989M) 3.745ms
[47.515s][info][gc,cpu         ] GC(243) User=0.00s Sys=0.00s Real=0.00s
[47.613s][info][gc,start       ] GC(244) Pause Young (Allocation Failure)
[47.617s][info][gc,heap        ] GC(244) DefNew: 279891K(314560K)->275K(314560K) Eden: 279616K(279616K)->0K(279616K) From: 275K(34944K)->275K(34944K)
[47.617s][info][gc,heap        ] GC(244) Tenured: 175596K(699072K)->175596K(699072K)
[47.617s][info][gc,metaspace   ] GC(244) Metaspace: 60586K(61440K)->60586K(61440K) NonClass: 53021K(53504K)->53021K(53504K) Class: 7565K(7936K)->7565K(7936K)
[47.617s][info][gc             ] GC(244) Pause Young (Allocation Failure) 444M->171M(989M) 3.856ms
[47.617s][info][gc,cpu         ] GC(244) User=0.02s Sys=0.00s Real=0.02s
[47.716s][info][gc,start       ] GC(245) Pause Young (Allocation Failure)
[47.719s][info][gc,heap        ] GC(245) DefNew: 279891K(314560K)->275K(314560K) Eden: 279616K(279616K)->0K(279616K) From: 275K(34944K)->275K(34944K)
[47.719s][info][gc,heap        ] GC(245) Tenured: 175596K(699072K)->175596K(699072K)
[47.719s][info][gc,metaspace   ] GC(245) Metaspace: 60586K(61440K)->60586K(61440K) NonClass: 53021K(53504K)->53021K(53504K) Class: 7565K(7936K)->7565K(7936K)
[47.719s][info][gc             ] GC(245) Pause Young (Allocation Failure) 444M->171M(989M) 3.850ms
[47.719s][info][gc,cpu         ] GC(245) User=0.02s Sys=0.00s Real=0.02s
[47.772s][info][gc,start       ] GC(246) Pause Full (System.gc())
[47.773s][info][gc,phases,start] GC(246) Phase 1: Mark live objects
[47.881s][info][gc,phases      ] GC(246) Phase 1: Mark live objects 108.410ms
[47.881s][info][gc,phases,start] GC(246) Phase 2: Compute new object addresses
[47.947s][info][gc,phases      ] GC(246) Phase 2: Compute new object addresses 65.517ms
[47.947s][info][gc,phases,start] GC(246) Phase 3: Adjust pointers
[48.013s][info][gc,phases      ] GC(246) Phase 3: Adjust pointers 66.582ms
[48.013s][info][gc,phases,start] GC(246) Phase 4: Move objects
[48.013s][info][gc,phases      ] GC(246) Phase 4: Move objects 0.262ms
[48.014s][info][gc,heap        ] GC(246) DefNew: 35824K(314560K)->0K(314560K) Eden: 35548K(279616K)->0K(279616K) From: 275K(34944K)->0K(34944K)
[48.014s][info][gc,heap        ] GC(246) Tenured: 175596K(699072K)->175476K(699072K)
[48.014s][info][gc,metaspace   ] GC(246) Metaspace: 60602K(61504K)->60602K(61504K) NonClass: 53037K(53568K)->53037K(53568K) Class: 7565K(7936K)->7565K(7936K)
[48.014s][info][gc             ] GC(246) Pause Full (System.gc()) 206M->171M(989M) 241.845ms
[48.014s][info][gc,cpu         ] GC(246) User=0.25s Sys=0.00s Real=0.25s
[48.158s][info][gc,start       ] GC(247) Pause Young (Allocation Failure)
[48.162s][info][gc,heap        ] GC(247) DefNew: 279616K(314560K)->279K(314560K) Eden: 279616K(279616K)->0K(279616K) From: 0K(34944K)->279K(34944K)
[48.162s][info][gc,heap        ] GC(247) Tenured: 175476K(699072K)->175476K(699072K)
[48.162s][info][gc,metaspace   ] GC(247) Metaspace: 60621K(61504K)->60621K(61504K) NonClass: 53056K(53568K)->53056K(53568K) Class: 7565K(7936K)->7565K(7936K)
[48.162s][info][gc             ] GC(247) Pause Young (Allocation Failure) 444M->171M(989M) 4.346ms
[48.162s][info][gc,cpu         ] GC(247) User=0.00s Sys=0.00s Real=0.00s
[48.268s][info][gc,start       ] GC(248) Pause Young (Allocation Failure)
[48.271s][info][gc,heap        ] GC(248) DefNew: 279895K(314560K)->271K(314560K) Eden: 279616K(279616K)->0K(279616K) From: 279K(34944K)->271K(34944K)
[48.272s][info][gc,heap        ] GC(248) Tenured: 175476K(699072K)->175476K(699072K)
[48.272s][info][gc,metaspace   ] GC(248) Metaspace: 60621K(61504K)->60621K(61504K) NonClass: 53056K(53568K)->53056K(53568K) Class: 7565K(7936K)->7565K(7936K)
[48.272s][info][gc             ] GC(248) Pause Young (Allocation Failure) 444M->171M(989M) 3.953ms
[48.272s][info][gc,cpu         ] GC(248) User=0.00s Sys=0.00s Real=0.00s
[48.371s][info][gc,start       ] GC(249) Pause Young (Allocation Failure)
[48.374s][info][gc,heap        ] GC(249) DefNew: 279887K(314560K)->271K(314560K) Eden: 279616K(279616K)->0K(279616K) From: 271K(34944K)->271K(34944K)
[48.375s][info][gc,heap        ] GC(249) Tenured: 175476K(699072K)->175476K(699072K)
[48.375s][info][gc,metaspace   ] GC(249) Metaspace: 60621K(61504K)->60621K(61504K) NonClass: 53056K(53568K)->53056K(53568K) Class: 7565K(7936K)->7565K(7936K)
[48.375s][info][gc             ] GC(249) Pause Young (Allocation Failure) 444M->171M(989M) 3.783ms
[48.375s][info][gc,cpu         ] GC(249) User=0.00s Sys=0.00s Real=0.00s
[48.478s][info][gc,start       ] GC(250) Pause Young (Allocation Failure)
[48.482s][info][gc,heap        ] GC(250) DefNew: 279887K(314560K)->271K(314560K) Eden: 279616K(279616K)->0K(279616K) From: 271K(34944K)->271K(34944K)
[48.482s][info][gc,heap        ] GC(250) Tenured: 175476K(699072K)->175476K(699072K)
[48.482s][info][gc,metaspace   ] GC(250) Metaspace: 60621K(61504K)->60621K(61504K) NonClass: 53056K(53568K)->53056K(53568K) Class: 7565K(7936K)->7565K(7936K)
[48.482s][info][gc             ] GC(250) Pause Young (Allocation Failure) 444M->171M(989M) 3.777ms
[48.482s][info][gc,cpu         ] GC(250) User=0.00s Sys=0.00s Real=0.00s
[48.587s][info][gc,start       ] GC(251) Pause Young (Allocation Failure)
[48.591s][info][gc,heap        ] GC(251) DefNew: 279887K(314560K)->271K(314560K) Eden: 279616K(279616K)->0K(279616K) From: 271K(34944K)->271K(34944K)
[48.591s][info][gc,heap        ] GC(251) Tenured: 175476K(699072K)->175476K(699072K)
[48.591s][info][gc,metaspace   ] GC(251) Metaspace: 60621K(61504K)->60621K(61504K) NonClass: 53056K(53568K)->53056K(53568K) Class: 7565K(7936K)->7565K(7936K)
[48.591s][info][gc             ] GC(251) Pause Young (Allocation Failure) 444M->171M(989M) 3.709ms
[48.591s][info][gc,cpu         ] GC(251) User=0.00s Sys=0.00s Real=0.00s
[48.688s][info][gc,start       ] GC(252) Pause Young (Allocation Failure)
[48.691s][info][gc,heap        ] GC(252) DefNew: 279887K(314560K)->271K(314560K) Eden: 279616K(279616K)->0K(279616K) From: 271K(34944K)->271K(34944K)
[48.691s][info][gc,heap        ] GC(252) Tenured: 175476K(699072K)->175476K(699072K)
[48.691s][info][gc,metaspace   ] GC(252) Metaspace: 60621K(61504K)->60621K(61504K) NonClass: 53056K(53568K)->53056K(53568K) Class: 7565K(7936K)->7565K(7936K)
[48.691s][info][gc             ] GC(252) Pause Young (Allocation Failure) 444M->171M(989M) 3.723ms
[48.691s][info][gc,cpu         ] GC(252) User=0.02s Sys=0.00s Real=0.02s
[48.789s][info][gc,start       ] GC(253) Pause Young (Allocation Failure)
[48.793s][info][gc,heap        ] GC(253) DefNew: 279887K(314560K)->262K(314560K) Eden: 279616K(279616K)->0K(279616K) From: 271K(34944K)->262K(34944K)
[48.793s][info][gc,heap        ] GC(253) Tenured: 175476K(699072K)->175476K(699072K)
[48.793s][info][gc,metaspace   ] GC(253) Metaspace: 60621K(61504K)->60621K(61504K) NonClass: 53056K(53568K)->53056K(53568K) Class: 7565K(7936K)->7565K(7936K)
[48.793s][info][gc             ] GC(253) Pause Young (Allocation Failure) 444M->171M(989M) 3.912ms
[48.793s][info][gc,cpu         ] GC(253) User=0.00s Sys=0.00s Real=0.00s
[48.831s][info][gc,start       ] GC(254) Pause Full (System.gc())
[48.831s][info][gc,phases,start] GC(254) Phase 1: Mark live objects
[48.942s][info][gc,phases      ] GC(254) Phase 1: Mark live objects 110.990ms
[48.942s][info][gc,phases,start] GC(254) Phase 2: Compute new object addresses
[49.008s][info][gc,phases      ] GC(254) Phase 2: Compute new object addresses 66.595ms
[49.008s][info][gc,phases,start] GC(254) Phase 3: Adjust pointers
[49.075s][info][gc,phases      ] GC(254) Phase 3: Adjust pointers 66.945ms
[49.075s][info][gc,phases,start] GC(254) Phase 4: Move objects
[49.075s][info][gc,phases      ] GC(254) Phase 4: Move objects 0.043ms
[49.076s][info][gc,heap        ] GC(254) DefNew: 36024K(314560K)->0K(314560K) Eden: 35761K(279616K)->0K(279616K) From: 262K(34944K)->0K(34944K)
[49.076s][info][gc,heap        ] GC(254) Tenured: 175476K(699072K)->175556K(699072K)
[49.076s][info][gc,metaspace   ] GC(254) Metaspace: 60627K(61504K)->60627K(61504K) NonClass: 53062K(53568K)->53062K(53568K) Class: 7565K(7936K)->7565K(7936K)
[49.076s][info][gc             ] GC(254) Pause Full (System.gc()) 206M->171M(989M) 245.659ms
[49.076s][info][gc,cpu         ] GC(254) User=0.23s Sys=0.00s Real=0.23s
[49.232s][info][gc,start       ] GC(255) Pause Young (Allocation Failure)
[49.236s][info][gc,heap        ] GC(255) DefNew: 279616K(314560K)->279K(314560K) Eden: 279616K(279616K)->0K(279616K) From: 0K(34944K)->279K(34944K)
[49.236s][info][gc,heap        ] GC(255) Tenured: 175556K(699072K)->175556K(699072K)
[49.236s][info][gc,metaspace   ] GC(255) Metaspace: 60639K(61504K)->60639K(61504K) NonClass: 53074K(53568K)->53074K(53568K) Class: 7565K(7936K)->7565K(7936K)
[49.236s][info][gc             ] GC(255) Pause Young (Allocation Failure) 444M->171M(989M) 4.403ms
[49.236s][info][gc,cpu         ] GC(255) User=0.02s Sys=0.00s Real=0.02s
[49.326s][info][gc,start       ] GC(256) Pause Young (Allocation Failure)
[49.330s][info][gc,heap        ] GC(256) DefNew: 279895K(314560K)->272K(314560K) Eden: 279616K(279616K)->0K(279616K) From: 279K(34944K)->272K(34944K)
[49.330s][info][gc,heap        ] GC(256) Tenured: 175556K(699072K)->175556K(699072K)
[49.330s][info][gc,metaspace   ] GC(256) Metaspace: 60639K(61504K)->60639K(61504K) NonClass: 53074K(53568K)->53074K(53568K) Class: 7565K(7936K)->7565K(7936K)
[49.330s][info][gc             ] GC(256) Pause Young (Allocation Failure) 444M->171M(989M) 3.900ms
[49.330s][info][gc,cpu         ] GC(256) User=0.02s Sys=0.00s Real=0.02s
[49.437s][info][gc,start       ] GC(257) Pause Young (Allocation Failure)
[49.441s][info][gc,heap        ] GC(257) DefNew: 279888K(314560K)->272K(314560K) Eden: 279616K(279616K)->0K(279616K) From: 272K(34944K)->272K(34944K)
[49.441s][info][gc,heap        ] GC(257) Tenured: 175556K(699072K)->175556K(699072K)
[49.441s][info][gc,metaspace   ] GC(257) Metaspace: 60639K(61504K)->60639K(61504K) NonClass: 53074K(53568K)->53074K(53568K) Class: 7565K(7936K)->7565K(7936K)
[49.441s][info][gc             ] GC(257) Pause Young (Allocation Failure) 444M->171M(989M) 3.818ms
[49.441s][info][gc,cpu         ] GC(257) User=0.02s Sys=0.00s Real=0.02s
[49.545s][info][gc,start       ] GC(258) Pause Young (Allocation Failure)
[49.548s][info][gc,heap        ] GC(258) DefNew: 279888K(314560K)->272K(314560K) Eden: 279616K(279616K)->0K(279616K) From: 272K(34944K)->272K(34944K)
[49.548s][info][gc,heap        ] GC(258) Tenured: 175556K(699072K)->175556K(699072K)
[49.548s][info][gc,metaspace   ] GC(258) Metaspace: 60639K(61504K)->60639K(61504K) NonClass: 53074K(53568K)->53074K(53568K) Class: 7565K(7936K)->7565K(7936K)
[49.548s][info][gc             ] GC(258) Pause Young (Allocation Failure) 444M->171M(989M) 3.741ms
[49.549s][info][gc,cpu         ] GC(258) User=0.00s Sys=0.00s Real=0.00s
[49.639s][info][gc,start       ] GC(259) Pause Young (Allocation Failure)
[49.643s][info][gc,heap        ] GC(259) DefNew: 279888K(314560K)->272K(314560K) Eden: 279616K(279616K)->0K(279616K) From: 272K(34944K)->272K(34944K)
[49.643s][info][gc,heap        ] GC(259) Tenured: 175556K(699072K)->175556K(699072K)
[49.643s][info][gc,metaspace   ] GC(259) Metaspace: 60639K(61504K)->60639K(61504K) NonClass: 53074K(53568K)->53074K(53568K) Class: 7565K(7936K)->7565K(7936K)
[49.643s][info][gc             ] GC(259) Pause Young (Allocation Failure) 444M->171M(989M) 3.665ms
[49.643s][info][gc,cpu         ] GC(259) User=0.00s Sys=0.00s Real=0.00s
[49.742s][info][gc,start       ] GC(260) Pause Young (Allocation Failure)
[49.745s][info][gc,heap        ] GC(260) DefNew: 279888K(314560K)->272K(314560K) Eden: 279616K(279616K)->0K(279616K) From: 272K(34944K)->272K(34944K)
[49.745s][info][gc,heap        ] GC(260) Tenured: 175556K(699072K)->175556K(699072K)
[49.745s][info][gc,metaspace   ] GC(260) Metaspace: 60639K(61504K)->60639K(61504K) NonClass: 53074K(53568K)->53074K(53568K) Class: 7565K(7936K)->7565K(7936K)
[49.745s][info][gc             ] GC(260) Pause Young (Allocation Failure) 444M->171M(989M) 3.786ms
[49.745s][info][gc,cpu         ] GC(260) User=0.02s Sys=0.00s Real=0.02s
[49.844s][info][gc,start       ] GC(261) Pause Young (Allocation Failure)
[49.848s][info][gc,heap        ] GC(261) DefNew: 279888K(314560K)->272K(314560K) Eden: 279616K(279616K)->0K(279616K) From: 272K(34944K)->272K(34944K)
[49.848s][info][gc,heap        ] GC(261) Tenured: 175556K(699072K)->175556K(699072K)
[49.848s][info][gc,metaspace   ] GC(261) Metaspace: 60639K(61504K)->60639K(61504K) NonClass: 53074K(53568K)->53074K(53568K) Class: 7565K(7936K)->7565K(7936K)
[49.848s][info][gc             ] GC(261) Pause Young (Allocation Failure) 444M->171M(989M) 3.655ms
[49.848s][info][gc,cpu         ] GC(261) User=0.00s Sys=0.00s Real=0.00s
[49.881s][info][gc,start       ] GC(262) Pause Full (System.gc())
[49.881s][info][gc,phases,start] GC(262) Phase 1: Mark live objects
[50.008s][info][gc,phases      ] GC(262) Phase 1: Mark live objects 126.955ms
[50.008s][info][gc,phases,start] GC(262) Phase 2: Compute new object addresses
[50.074s][info][gc,phases      ] GC(262) Phase 2: Compute new object addresses 65.965ms
[50.074s][info][gc,phases,start] GC(262) Phase 3: Adjust pointers
[50.141s][info][gc,phases      ] GC(262) Phase 3: Adjust pointers 66.954ms
[50.141s][info][gc,phases,start] GC(262) Phase 4: Move objects
[50.141s][info][gc,phases      ] GC(262) Phase 4: Move objects 0.042ms
[50.142s][info][gc,heap        ] GC(262) DefNew: 34113K(314560K)->0K(314560K) Eden: 33840K(279616K)->0K(279616K) From: 272K(34944K)->0K(34944K)
[50.142s][info][gc,heap        ] GC(262) Tenured: 175556K(699072K)->175635K(699072K)
[50.142s][info][gc,metaspace   ] GC(262) Metaspace: 60653K(61504K)->60653K(61504K) NonClass: 53088K(53568K)->53088K(53568K) Class: 7565K(7936K)->7565K(7936K)
[50.142s][info][gc             ] GC(262) Pause Full (System.gc()) 204M->171M(989M) 260.969ms
[50.142s][info][gc,cpu         ] GC(262) User=0.27s Sys=0.00s Real=0.27s
[50.301s][info][gc,start       ] GC(263) Pause Young (Allocation Failure)
[50.305s][info][gc,heap        ] GC(263) DefNew: 279616K(314560K)->283K(314560K) Eden: 279616K(279616K)->0K(279616K) From: 0K(34944K)->283K(34944K)
[50.305s][info][gc,heap        ] GC(263) Tenured: 175635K(699072K)->175635K(699072K)
[50.305s][info][gc,metaspace   ] GC(263) Metaspace: 60714K(61632K)->60714K(61632K) NonClass: 53147K(53632K)->53147K(53632K) Class: 7567K(8000K)->7567K(8000K)
[50.305s][info][gc             ] GC(263) Pause Young (Allocation Failure) 444M->171M(989M) 4.406ms
[50.305s][info][gc,cpu         ] GC(263) User=0.00s Sys=0.00s Real=0.00s
[50.420s][info][gc,start       ] GC(264) Pause Young (Allocation Failure)
[50.424s][info][gc,heap        ] GC(264) DefNew: 279899K(314560K)->276K(314560K) Eden: 279616K(279616K)->0K(279616K) From: 283K(34944K)->276K(34944K)
[50.424s][info][gc,heap        ] GC(264) Tenured: 175635K(699072K)->175635K(699072K)
[50.424s][info][gc,metaspace   ] GC(264) Metaspace: 60756K(61696K)->60756K(61696K) NonClass: 53189K(53696K)->53189K(53696K) Class: 7567K(8000K)->7567K(8000K)
[50.424s][info][gc             ] GC(264) Pause Young (Allocation Failure) 444M->171M(989M) 4.103ms
[50.424s][info][gc,cpu         ] GC(264) User=0.02s Sys=0.00s Real=0.02s
[50.524s][info][gc,start       ] GC(265) Pause Young (Allocation Failure)
[50.528s][info][gc,heap        ] GC(265) DefNew: 279892K(314560K)->276K(314560K) Eden: 279616K(279616K)->0K(279616K) From: 276K(34944K)->276K(34944K)
[50.528s][info][gc,heap        ] GC(265) Tenured: 175635K(699072K)->175635K(699072K)
[50.528s][info][gc,metaspace   ] GC(265) Metaspace: 60756K(61696K)->60756K(61696K) NonClass: 53189K(53696K)->53189K(53696K) Class: 7567K(8000K)->7567K(8000K)
[50.528s][info][gc             ] GC(265) Pause Young (Allocation Failure) 444M->171M(989M) 3.855ms
[50.528s][info][gc,cpu         ] GC(265) User=0.00s Sys=0.00s Real=0.00s
[50.624s][info][gc,start       ] GC(266) Pause Young (Allocation Failure)
[50.627s][info][gc,heap        ] GC(266) DefNew: 279892K(314560K)->276K(314560K) Eden: 279616K(279616K)->0K(279616K) From: 276K(34944K)->276K(34944K)
[50.627s][info][gc,heap        ] GC(266) Tenured: 175635K(699072K)->175635K(699072K)
[50.627s][info][gc,metaspace   ] GC(266) Metaspace: 60756K(61696K)->60756K(61696K) NonClass: 53189K(53696K)->53189K(53696K) Class: 7567K(8000K)->7567K(8000K)
[50.627s][info][gc             ] GC(266) Pause Young (Allocation Failure) 444M->171M(989M) 3.774ms
[50.627s][info][gc,cpu         ] GC(266) User=0.02s Sys=0.00s Real=0.02s
[50.724s][info][gc,start       ] GC(267) Pause Young (Allocation Failure)
[50.728s][info][gc,heap        ] GC(267) DefNew: 279892K(314560K)->276K(314560K) Eden: 279616K(279616K)->0K(279616K) From: 276K(34944K)->276K(34944K)
[50.728s][info][gc,heap        ] GC(267) Tenured: 175635K(699072K)->175635K(699072K)
[50.728s][info][gc,metaspace   ] GC(267) Metaspace: 60756K(61696K)->60756K(61696K) NonClass: 53189K(53696K)->53189K(53696K) Class: 7567K(8000K)->7567K(8000K)
[50.728s][info][gc             ] GC(267) Pause Young (Allocation Failure) 444M->171M(989M) 3.773ms
[50.728s][info][gc,cpu         ] GC(267) User=0.02s Sys=0.00s Real=0.02s
[50.824s][info][gc,start       ] GC(268) Pause Young (Allocation Failure)
[50.828s][info][gc,heap        ] GC(268) DefNew: 279892K(314560K)->276K(314560K) Eden: 279616K(279616K)->0K(279616K) From: 276K(34944K)->276K(34944K)
[50.828s][info][gc,heap        ] GC(268) Tenured: 175635K(699072K)->175635K(699072K)
[50.828s][info][gc,metaspace   ] GC(268) Metaspace: 60756K(61696K)->60756K(61696K) NonClass: 53189K(53696K)->53189K(53696K) Class: 7567K(8000K)->7567K(8000K)
[50.828s][info][gc             ] GC(268) Pause Young (Allocation Failure) 444M->171M(989M) 3.834ms
[50.828s][info][gc,cpu         ] GC(268) User=0.00s Sys=0.00s Real=0.00s
[50.933s][info][gc,start       ] GC(269) Pause Young (Allocation Failure)
[50.936s][info][gc,heap        ] GC(269) DefNew: 279892K(314560K)->216K(314560K) Eden: 279616K(279616K)->0K(279616K) From: 276K(34944K)->216K(34944K)
[50.936s][info][gc,heap        ] GC(269) Tenured: 175635K(699072K)->175635K(699072K)
[50.936s][info][gc,metaspace   ] GC(269) Metaspace: 60761K(61696K)->60761K(61696K) NonClass: 53193K(53696K)->53193K(53696K) Class: 7567K(8000K)->7567K(8000K)
[50.937s][info][gc             ] GC(269) Pause Young (Allocation Failure) 444M->171M(989M) 3.975ms
[50.937s][info][gc,cpu         ] GC(269) User=0.00s Sys=0.00s Real=0.00s
[50.974s][info][gc,start       ] GC(270) Pause Full (System.gc())
[50.975s][info][gc,phases,start] GC(270) Phase 1: Mark live objects
[51.084s][info][gc,phases      ] GC(270) Phase 1: Mark live objects 109.166ms
[51.084s][info][gc,phases,start] GC(270) Phase 2: Compute new object addresses
[51.149s][info][gc,phases      ] GC(270) Phase 2: Compute new object addresses 65.356ms
[51.149s][info][gc,phases,start] GC(270) Phase 3: Adjust pointers
[51.216s][info][gc,phases      ] GC(270) Phase 3: Adjust pointers 66.613ms
[51.216s][info][gc,phases,start] GC(270) Phase 4: Move objects
[51.216s][info][gc,phases      ] GC(270) Phase 4: Move objects 0.044ms
[51.217s][info][gc,heap        ] GC(270) DefNew: 34363K(314560K)->0K(314560K) Eden: 34146K(279616K)->0K(279616K) From: 216K(34944K)->0K(34944K)
[51.217s][info][gc,heap        ] GC(270) Tenured: 175635K(699072K)->175722K(699072K)
[51.217s][info][gc,metaspace   ] GC(270) Metaspace: 60808K(61696K)->60808K(61696K) NonClass: 53239K(53696K)->53239K(53696K) Class: 7568K(8000K)->7568K(8000K)
[51.217s][info][gc             ] GC(270) Pause Full (System.gc()) 205M->171M(989M) 242.230ms
[51.217s][info][gc,cpu         ] GC(270) User=0.25s Sys=0.00s Real=0.25s
[51.372s][info][gc,start       ] GC(271) Pause Young (Allocation Failure)
[51.376s][info][gc,heap        ] GC(271) DefNew: 279616K(314560K)->282K(314560K) Eden: 279616K(279616K)->0K(279616K) From: 0K(34944K)->282K(34944K)
[51.376s][info][gc,heap        ] GC(271) Tenured: 175722K(699072K)->175722K(699072K)
[51.376s][info][gc,metaspace   ] GC(271) Metaspace: 60840K(61760K)->60840K(61760K) NonClass: 53269K(53760K)->53269K(53760K) Class: 7570K(8000K)->7570K(8000K)
[51.377s][info][gc             ] GC(271) Pause Young (Allocation Failure) 444M->171M(989M) 4.446ms
[51.377s][info][gc,cpu         ] GC(271) User=0.02s Sys=0.00s Real=0.02s
[51.482s][info][gc,start       ] GC(272) Pause Young (Allocation Failure)
[51.485s][info][gc,heap        ] GC(272) DefNew: 279898K(314560K)->275K(314560K) Eden: 279616K(279616K)->0K(279616K) From: 282K(34944K)->275K(34944K)
[51.485s][info][gc,heap        ] GC(272) Tenured: 175722K(699072K)->175722K(699072K)
[51.485s][info][gc,metaspace   ] GC(272) Metaspace: 60840K(61760K)->60840K(61760K) NonClass: 53269K(53760K)->53269K(53760K) Class: 7570K(8000K)->7570K(8000K)
[51.486s][info][gc             ] GC(272) Pause Young (Allocation Failure) 444M->171M(989M) 4.036ms
[51.486s][info][gc,cpu         ] GC(272) User=0.02s Sys=0.00s Real=0.02s
[51.581s][info][gc,start       ] GC(273) Pause Young (Allocation Failure)
[51.585s][info][gc,heap        ] GC(273) DefNew: 279891K(314560K)->275K(314560K) Eden: 279616K(279616K)->0K(279616K) From: 275K(34944K)->275K(34944K)
[51.585s][info][gc,heap        ] GC(273) Tenured: 175722K(699072K)->175722K(699072K)
[51.585s][info][gc,metaspace   ] GC(273) Metaspace: 60840K(61760K)->60840K(61760K) NonClass: 53269K(53760K)->53269K(53760K) Class: 7570K(8000K)->7570K(8000K)
[51.585s][info][gc             ] GC(273) Pause Young (Allocation Failure) 444M->171M(989M) 3.963ms
[51.585s][info][gc,cpu         ] GC(273) User=0.00s Sys=0.00s Real=0.00s
[51.676s][info][gc,start       ] GC(274) Pause Young (Allocation Failure)
[51.680s][info][gc,heap        ] GC(274) DefNew: 279891K(314560K)->275K(314560K) Eden: 279616K(279616K)->0K(279616K) From: 275K(34944K)->275K(34944K)
[51.680s][info][gc,heap        ] GC(274) Tenured: 175722K(699072K)->175722K(699072K)
[51.680s][info][gc,metaspace   ] GC(274) Metaspace: 60840K(61760K)->60840K(61760K) NonClass: 53269K(53760K)->53269K(53760K) Class: 7570K(8000K)->7570K(8000K)
[51.680s][info][gc             ] GC(274) Pause Young (Allocation Failure) 444M->171M(989M) 3.754ms
[51.680s][info][gc,cpu         ] GC(274) User=0.00s Sys=0.00s Real=0.00s
[51.772s][info][gc,start       ] GC(275) Pause Young (Allocation Failure)
[51.775s][info][gc,heap        ] GC(275) DefNew: 279891K(314560K)->275K(314560K) Eden: 279616K(279616K)->0K(279616K) From: 275K(34944K)->275K(34944K)
[51.775s][info][gc,heap        ] GC(275) Tenured: 175722K(699072K)->175722K(699072K)
[51.775s][info][gc,metaspace   ] GC(275) Metaspace: 60840K(61760K)->60840K(61760K) NonClass: 53269K(53760K)->53269K(53760K) Class: 7570K(8000K)->7570K(8000K)
[51.775s][info][gc             ] GC(275) Pause Young (Allocation Failure) 444M->171M(989M) 3.746ms
[51.776s][info][gc,cpu         ] GC(275) User=0.00s Sys=0.00s Real=0.00s
[51.873s][info][gc,start       ] GC(276) Pause Young (Allocation Failure)
[51.877s][info][gc,heap        ] GC(276) DefNew: 279891K(314560K)->275K(314560K) Eden: 279616K(279616K)->0K(279616K) From: 275K(34944K)->275K(34944K)
[51.877s][info][gc,heap        ] GC(276) Tenured: 175722K(699072K)->175722K(699072K)
[51.877s][info][gc,metaspace   ] GC(276) Metaspace: 60840K(61760K)->60840K(61760K) NonClass: 53269K(53760K)->53269K(53760K) Class: 7570K(8000K)->7570K(8000K)
[51.877s][info][gc             ] GC(276) Pause Young (Allocation Failure) 444M->171M(989M) 3.784ms
[51.877s][info][gc,cpu         ] GC(276) User=0.02s Sys=0.00s Real=0.02s
[51.974s][info][gc,start       ] GC(277) Pause Young (Allocation Failure)
[51.978s][info][gc,heap        ] GC(277) DefNew: 279891K(314560K)->210K(314560K) Eden: 279616K(279616K)->0K(279616K) From: 275K(34944K)->210K(34944K)
[51.978s][info][gc,heap        ] GC(277) Tenured: 175722K(699072K)->175722K(699072K)
[51.978s][info][gc,metaspace   ] GC(277) Metaspace: 60841K(61760K)->60841K(61760K) NonClass: 53270K(53760K)->53270K(53760K) Class: 7570K(8000K)->7570K(8000K)
[51.978s][info][gc             ] GC(277) Pause Young (Allocation Failure) 444M->171M(989M) 3.844ms
[51.978s][info][gc,cpu         ] GC(277) User=0.02s Sys=0.00s Real=0.02s
[52.016s][info][gc,start       ] GC(278) Pause Full (System.gc())
[52.016s][info][gc,phases,start] GC(278) Phase 1: Mark live objects
[52.142s][info][gc,phases      ] GC(278) Phase 1: Mark live objects 126.184ms
[52.142s][info][gc,phases,start] GC(278) Phase 2: Compute new object addresses
[52.209s][info][gc,phases      ] GC(278) Phase 2: Compute new object addresses 67.065ms
[52.209s][info][gc,phases,start] GC(278) Phase 3: Adjust pointers
[52.280s][info][gc,phases      ] GC(278) Phase 3: Adjust pointers 70.499ms
[52.280s][info][gc,phases,start] GC(278) Phase 4: Move objects
[52.326s][info][gc,phases      ] GC(278) Phase 4: Move objects 45.934ms
[52.326s][info][gc,heap        ] GC(278) DefNew: 37595K(314560K)->0K(314560K) Eden: 37385K(279616K)->0K(279616K) From: 210K(34944K)->0K(34944K)
[52.326s][info][gc,heap        ] GC(278) Tenured: 175722K(699072K)->175605K(699072K)
[52.326s][info][gc,metaspace   ] GC(278) Metaspace: 60848K(61760K)->60848K(61760K) NonClass: 53277K(53760K)->53277K(53760K) Class: 7570K(8000K)->7570K(8000K)
[52.327s][info][gc             ] GC(278) Pause Full (System.gc()) 208M->171M(989M) 310.794ms
[52.327s][info][gc,cpu         ] GC(278) User=0.31s Sys=0.00s Real=0.31s
[52.487s][info][gc,start       ] GC(279) Pause Young (Allocation Failure)
[52.492s][info][gc,heap        ] GC(279) DefNew: 279616K(314560K)->279K(314560K) Eden: 279616K(279616K)->0K(279616K) From: 0K(34944K)->279K(34944K)
[52.492s][info][gc,heap        ] GC(279) Tenured: 175605K(699072K)->175605K(699072K)
[52.492s][info][gc,metaspace   ] GC(279) Metaspace: 60848K(61760K)->60848K(61760K) NonClass: 53277K(53760K)->53277K(53760K) Class: 7570K(8000K)->7570K(8000K)
[52.492s][info][gc             ] GC(279) Pause Young (Allocation Failure) 444M->171M(989M) 4.351ms
[52.492s][info][gc,cpu         ] GC(279) User=0.00s Sys=0.00s Real=0.00s
[52.590s][info][gc,start       ] GC(280) Pause Young (Allocation Failure)
[52.594s][info][gc,heap        ] GC(280) DefNew: 279895K(314560K)->271K(314560K) Eden: 279616K(279616K)->0K(279616K) From: 279K(34944K)->271K(34944K)
[52.594s][info][gc,heap        ] GC(280) Tenured: 175605K(699072K)->175605K(699072K)
[52.594s][info][gc,metaspace   ] GC(280) Metaspace: 60848K(61760K)->60848K(61760K) NonClass: 53277K(53760K)->53277K(53760K) Class: 7570K(8000K)->7570K(8000K)
[52.594s][info][gc             ] GC(280) Pause Young (Allocation Failure) 444M->171M(989M) 3.930ms
[52.594s][info][gc,cpu         ] GC(280) User=0.02s Sys=0.00s Real=0.02s
[52.685s][info][gc,start       ] GC(281) Pause Young (Allocation Failure)
[52.688s][info][gc,heap        ] GC(281) DefNew: 279887K(314560K)->271K(314560K) Eden: 279616K(279616K)->0K(279616K) From: 271K(34944K)->271K(34944K)
[52.688s][info][gc,heap        ] GC(281) Tenured: 175605K(699072K)->175605K(699072K)
[52.688s][info][gc,metaspace   ] GC(281) Metaspace: 60848K(61760K)->60848K(61760K) NonClass: 53277K(53760K)->53277K(53760K) Class: 7570K(8000K)->7570K(8000K)
[52.689s][info][gc             ] GC(281) Pause Young (Allocation Failure) 444M->171M(989M) 3.776ms
[52.689s][info][gc,cpu         ] GC(281) User=0.02s Sys=0.00s Real=0.02s
[52.785s][info][gc,start       ] GC(282) Pause Young (Allocation Failure)
[52.789s][info][gc,heap        ] GC(282) DefNew: 279887K(314560K)->271K(314560K) Eden: 279616K(279616K)->0K(279616K) From: 271K(34944K)->271K(34944K)
[52.789s][info][gc,heap        ] GC(282) Tenured: 175605K(699072K)->175605K(699072K)
[52.789s][info][gc,metaspace   ] GC(282) Metaspace: 60848K(61760K)->60848K(61760K) NonClass: 53277K(53760K)->53277K(53760K) Class: 7570K(8000K)->7570K(8000K)
[52.789s][info][gc             ] GC(282) Pause Young (Allocation Failure) 444M->171M(989M) 3.670ms
[52.789s][info][gc,cpu         ] GC(282) User=0.00s Sys=0.00s Real=0.00s
[52.885s][info][gc,start       ] GC(283) Pause Young (Allocation Failure)
[52.888s][info][gc,heap        ] GC(283) DefNew: 279887K(314560K)->271K(314560K) Eden: 279616K(279616K)->0K(279616K) From: 271K(34944K)->271K(34944K)
[52.888s][info][gc,heap        ] GC(283) Tenured: 175605K(699072K)->175605K(699072K)
[52.888s][info][gc,metaspace   ] GC(283) Metaspace: 60848K(61760K)->60848K(61760K) NonClass: 53277K(53760K)->53277K(53760K) Class: 7570K(8000K)->7570K(8000K)
[52.888s][info][gc             ] GC(283) Pause Young (Allocation Failure) 444M->171M(989M) 3.632ms
[52.888s][info][gc,cpu         ] GC(283) User=0.00s Sys=0.00s Real=0.00s
[52.984s][info][gc,start       ] GC(284) Pause Young (Allocation Failure)
[52.988s][info][gc,heap        ] GC(284) DefNew: 279887K(314560K)->271K(314560K) Eden: 279616K(279616K)->0K(279616K) From: 271K(34944K)->271K(34944K)
[52.988s][info][gc,heap        ] GC(284) Tenured: 175605K(699072K)->175605K(699072K)
[52.988s][info][gc,metaspace   ] GC(284) Metaspace: 60848K(61760K)->60848K(61760K) NonClass: 53277K(53760K)->53277K(53760K) Class: 7570K(8000K)->7570K(8000K)
[52.988s][info][gc             ] GC(284) Pause Young (Allocation Failure) 444M->171M(989M) 3.721ms
[52.988s][info][gc,cpu         ] GC(284) User=0.00s Sys=0.00s Real=0.00s
[53.093s][info][gc,start       ] GC(285) Pause Young (Allocation Failure)
[53.097s][info][gc,heap        ] GC(285) DefNew: 279887K(314560K)->211K(314560K) Eden: 279616K(279616K)->0K(279616K) From: 271K(34944K)->211K(34944K)
[53.097s][info][gc,heap        ] GC(285) Tenured: 175605K(699072K)->175605K(699072K)
[53.097s][info][gc,metaspace   ] GC(285) Metaspace: 60848K(61760K)->60848K(61760K) NonClass: 53277K(53760K)->53277K(53760K) Class: 7570K(8000K)->7570K(8000K)
[53.097s][info][gc             ] GC(285) Pause Young (Allocation Failure) 444M->171M(989M) 3.840ms
[53.097s][info][gc,cpu         ] GC(285) User=0.00s Sys=0.00s Real=0.00s
[53.128s][info][gc,start       ] GC(286) Pause Full (System.gc())
[53.128s][info][gc,phases,start] GC(286) Phase 1: Mark live objects
[53.241s][info][gc,phases      ] GC(286) Phase 1: Mark live objects 113.245ms
[53.241s][info][gc,phases,start] GC(286) Phase 2: Compute new object addresses
[53.307s][info][gc,phases      ] GC(286) Phase 2: Compute new object addresses 65.531ms
[53.307s][info][gc,phases,start] GC(286) Phase 3: Adjust pointers
[53.374s][info][gc,phases      ] GC(286) Phase 3: Adjust pointers 66.916ms
[53.374s][info][gc,phases,start] GC(286) Phase 4: Move objects
[53.374s][info][gc,phases      ] GC(286) Phase 4: Move objects 0.043ms
[53.375s][info][gc,heap        ] GC(286) DefNew: 31215K(314560K)->0K(314560K) Eden: 31004K(279616K)->0K(279616K) From: 211K(34944K)->0K(34944K)
[53.375s][info][gc,heap        ] GC(286) Tenured: 175605K(699072K)->175683K(699072K)
[53.375s][info][gc,metaspace   ] GC(286) Metaspace: 60848K(61760K)->60848K(61760K) NonClass: 53277K(53760K)->53277K(53760K) Class: 7570K(8000K)->7570K(8000K)
[53.375s][info][gc             ] GC(286) Pause Full (System.gc()) 201M->171M(989M) 246.767ms
[53.375s][info][gc,cpu         ] GC(286) User=0.23s Sys=0.00s Real=0.23s
[53.519s][info][gc,start       ] GC(287) Pause Young (Allocation Failure)
[53.523s][info][gc,heap        ] GC(287) DefNew: 279616K(314560K)->280K(314560K) Eden: 279616K(279616K)->0K(279616K) From: 0K(34944K)->280K(34944K)
[53.523s][info][gc,heap        ] GC(287) Tenured: 175683K(699072K)->175683K(699072K)
[53.523s][info][gc,metaspace   ] GC(287) Metaspace: 60870K(61760K)->60870K(61760K) NonClass: 53299K(53760K)->53299K(53760K) Class: 7570K(8000K)->7570K(8000K)
[53.523s][info][gc             ] GC(287) Pause Young (Allocation Failure) 444M->171M(989M) 4.376ms
[53.523s][info][gc,cpu         ] GC(287) User=0.00s Sys=0.00s Real=0.00s
[53.627s][info][gc,start       ] GC(288) Pause Young (Allocation Failure)
[53.631s][info][gc,heap        ] GC(288) DefNew: 279896K(314560K)->272K(314560K) Eden: 279616K(279616K)->0K(279616K) From: 280K(34944K)->272K(34944K)
[53.631s][info][gc,heap        ] GC(288) Tenured: 175683K(699072K)->175683K(699072K)
[53.631s][info][gc,metaspace   ] GC(288) Metaspace: 60870K(61760K)->60870K(61760K) NonClass: 53299K(53760K)->53299K(53760K) Class: 7570K(8000K)->7570K(8000K)
[53.631s][info][gc             ] GC(288) Pause Young (Allocation Failure) 444M->171M(989M) 3.999ms
[53.631s][info][gc,cpu         ] GC(288) User=0.00s Sys=0.00s Real=0.00s
[53.723s][info][gc,start       ] GC(289) Pause Young (Allocation Failure)
[53.726s][info][gc,heap        ] GC(289) DefNew: 279888K(314560K)->272K(314560K) Eden: 279616K(279616K)->0K(279616K) From: 272K(34944K)->272K(34944K)
[53.726s][info][gc,heap        ] GC(289) Tenured: 175683K(699072K)->175683K(699072K)
[53.726s][info][gc,metaspace   ] GC(289) Metaspace: 60870K(61760K)->60870K(61760K) NonClass: 53299K(53760K)->53299K(53760K) Class: 7570K(8000K)->7570K(8000K)
[53.726s][info][gc             ] GC(289) Pause Young (Allocation Failure) 444M->171M(989M) 3.852ms
[53.727s][info][gc,cpu         ] GC(289) User=0.00s Sys=0.00s Real=0.00s
[53.817s][info][gc,start       ] GC(290) Pause Young (Allocation Failure)
[53.821s][info][gc,heap        ] GC(290) DefNew: 279888K(314560K)->272K(314560K) Eden: 279616K(279616K)->0K(279616K) From: 272K(34944K)->272K(34944K)
[53.821s][info][gc,heap        ] GC(290) Tenured: 175683K(699072K)->175683K(699072K)
[53.821s][info][gc,metaspace   ] GC(290) Metaspace: 60870K(61760K)->60870K(61760K) NonClass: 53299K(53760K)->53299K(53760K) Class: 7570K(8000K)->7570K(8000K)
[53.821s][info][gc             ] GC(290) Pause Young (Allocation Failure) 444M->171M(989M) 3.782ms
[53.821s][info][gc,cpu         ] GC(290) User=0.00s Sys=0.00s Real=0.00s
[53.917s][info][gc,start       ] GC(291) Pause Young (Allocation Failure)
[53.921s][info][gc,heap        ] GC(291) DefNew: 279888K(314560K)->272K(314560K) Eden: 279616K(279616K)->0K(279616K) From: 272K(34944K)->272K(34944K)
[53.921s][info][gc,heap        ] GC(291) Tenured: 175683K(699072K)->175683K(699072K)
[53.921s][info][gc,metaspace   ] GC(291) Metaspace: 60870K(61760K)->60870K(61760K) NonClass: 53299K(53760K)->53299K(53760K) Class: 7570K(8000K)->7570K(8000K)
[53.921s][info][gc             ] GC(291) Pause Young (Allocation Failure) 444M->171M(989M) 3.737ms
[53.921s][info][gc,cpu         ] GC(291) User=0.02s Sys=0.00s Real=0.01s
[54.018s][info][gc,start       ] GC(292) Pause Young (Allocation Failure)
[54.022s][info][gc,heap        ] GC(292) DefNew: 279888K(314560K)->272K(314560K) Eden: 279616K(279616K)->0K(279616K) From: 272K(34944K)->272K(34944K)
[54.022s][info][gc,heap        ] GC(292) Tenured: 175683K(699072K)->175683K(699072K)
[54.022s][info][gc,metaspace   ] GC(292) Metaspace: 60870K(61760K)->60870K(61760K) NonClass: 53299K(53760K)->53299K(53760K) Class: 7570K(8000K)->7570K(8000K)
[54.022s][info][gc             ] GC(292) Pause Young (Allocation Failure) 444M->171M(989M) 3.801ms
[54.022s][info][gc,cpu         ] GC(292) User=0.00s Sys=0.00s Real=0.00s
[54.126s][info][gc,start       ] GC(293) Pause Young (Allocation Failure)
[54.130s][info][gc,heap        ] GC(293) DefNew: 279888K(314560K)->212K(314560K) Eden: 279616K(279616K)->0K(279616K) From: 272K(34944K)->212K(34944K)
[54.130s][info][gc,heap        ] GC(293) Tenured: 175683K(699072K)->175683K(699072K)
[54.130s][info][gc,metaspace   ] GC(293) Metaspace: 60870K(61760K)->60870K(61760K) NonClass: 53299K(53760K)->53299K(53760K) Class: 7570K(8000K)->7570K(8000K)
[54.130s][info][gc             ] GC(293) Pause Young (Allocation Failure) 444M->171M(989M) 3.833ms
[54.130s][info][gc,cpu         ] GC(293) User=0.00s Sys=0.00s Real=0.00s
[54.163s][info][gc,start       ] GC(294) Pause Full (System.gc())
[54.163s][info][gc,phases,start] GC(294) Phase 1: Mark live objects
[54.287s][info][gc,phases      ] GC(294) Phase 1: Mark live objects 124.212ms
[54.288s][info][gc,phases,start] GC(294) Phase 2: Compute new object addresses
[54.357s][info][gc,phases      ] GC(294) Phase 2: Compute new object addresses 69.417ms
[54.357s][info][gc,phases,start] GC(294) Phase 3: Adjust pointers
[54.424s][info][gc,phases      ] GC(294) Phase 3: Adjust pointers 67.478ms
[54.425s][info][gc,phases,start] GC(294) Phase 4: Move objects
[54.425s][info][gc,phases      ] GC(294) Phase 4: Move objects 0.044ms
[54.425s][info][gc,heap        ] GC(294) DefNew: 38009K(314560K)->0K(314560K) Eden: 37796K(279616K)->0K(279616K) From: 212K(34944K)->0K(34944K)
[54.425s][info][gc,heap        ] GC(294) Tenured: 175683K(699072K)->175764K(699072K)
[54.425s][info][gc,metaspace   ] GC(294) Metaspace: 60874K(61760K)->60874K(61760K) NonClass: 53304K(53760K)->53304K(53760K) Class: 7570K(8000K)->7570K(8000K)
[54.425s][info][gc             ] GC(294) Pause Full (System.gc()) 208M->171M(989M) 262.200ms
[54.425s][info][gc,cpu         ] GC(294) User=0.25s Sys=0.00s Real=0.25s
[54.560s][info][gc,start       ] GC(295) Pause Young (Allocation Failure)
[54.565s][info][gc,heap        ] GC(295) DefNew: 279616K(314560K)->280K(314560K) Eden: 279616K(279616K)->0K(279616K) From: 0K(34944K)->280K(34944K)
[54.565s][info][gc,heap        ] GC(295) Tenured: 175764K(699072K)->175764K(699072K)
[54.565s][info][gc,metaspace   ] GC(295) Metaspace: 60877K(61760K)->60877K(61760K) NonClass: 53306K(53760K)->53306K(53760K) Class: 7570K(8000K)->7570K(8000K)
[54.565s][info][gc             ] GC(295) Pause Young (Allocation Failure) 444M->171M(989M) 4.417ms
[54.565s][info][gc,cpu         ] GC(295) User=0.00s Sys=0.00s Real=0.00s
[54.656s][info][gc,start       ] GC(296) Pause Young (Allocation Failure)
[54.660s][info][gc,heap        ] GC(296) DefNew: 279896K(314560K)->272K(314560K) Eden: 279616K(279616K)->0K(279616K) From: 280K(34944K)->272K(34944K)
[54.660s][info][gc,heap        ] GC(296) Tenured: 175764K(699072K)->175764K(699072K)
[54.660s][info][gc,metaspace   ] GC(296) Metaspace: 60877K(61760K)->60877K(61760K) NonClass: 53306K(53760K)->53306K(53760K) Class: 7570K(8000K)->7570K(8000K)
[54.660s][info][gc             ] GC(296) Pause Young (Allocation Failure) 444M->171M(989M) 3.934ms
[54.660s][info][gc,cpu         ] GC(296) User=0.00s Sys=0.00s Real=0.00s
[54.750s][info][gc,start       ] GC(297) Pause Young (Allocation Failure)
[54.754s][info][gc,heap        ] GC(297) DefNew: 279888K(314560K)->272K(314560K) Eden: 279616K(279616K)->0K(279616K) From: 272K(34944K)->272K(34944K)
[54.754s][info][gc,heap        ] GC(297) Tenured: 175764K(699072K)->175764K(699072K)
[54.754s][info][gc,metaspace   ] GC(297) Metaspace: 60877K(61760K)->60877K(61760K) NonClass: 53306K(53760K)->53306K(53760K) Class: 7570K(8000K)->7570K(8000K)
[54.754s][info][gc             ] GC(297) Pause Young (Allocation Failure) 444M->171M(989M) 3.787ms
[54.754s][info][gc,cpu         ] GC(297) User=0.00s Sys=0.00s Real=0.00s
[54.850s][info][gc,start       ] GC(298) Pause Young (Allocation Failure)
[54.853s][info][gc,heap        ] GC(298) DefNew: 279888K(314560K)->272K(314560K) Eden: 279616K(279616K)->0K(279616K) From: 272K(34944K)->272K(34944K)
[54.853s][info][gc,heap        ] GC(298) Tenured: 175764K(699072K)->175764K(699072K)
[54.853s][info][gc,metaspace   ] GC(298) Metaspace: 60877K(61760K)->60877K(61760K) NonClass: 53306K(53760K)->53306K(53760K) Class: 7570K(8000K)->7570K(8000K)
[54.853s][info][gc             ] GC(298) Pause Young (Allocation Failure) 444M->171M(989M) 3.750ms
[54.853s][info][gc,cpu         ] GC(298) User=0.00s Sys=0.00s Real=0.00s
[54.943s][info][gc,start       ] GC(299) Pause Young (Allocation Failure)
[54.947s][info][gc,heap        ] GC(299) DefNew: 279888K(314560K)->272K(314560K) Eden: 279616K(279616K)->0K(279616K) From: 272K(34944K)->272K(34944K)
[54.947s][info][gc,heap        ] GC(299) Tenured: 175764K(699072K)->175764K(699072K)
[54.947s][info][gc,metaspace   ] GC(299) Metaspace: 60877K(61760K)->60877K(61760K) NonClass: 53306K(53760K)->53306K(53760K) Class: 7570K(8000K)->7570K(8000K)
[54.947s][info][gc             ] GC(299) Pause Young (Allocation Failure) 444M->171M(989M) 3.727ms
[54.947s][info][gc,cpu         ] GC(299) User=0.00s Sys=0.00s Real=0.00s
[55.044s][info][gc,start       ] GC(300) Pause Young (Allocation Failure)
[55.047s][info][gc,heap        ] GC(300) DefNew: 279888K(314560K)->272K(314560K) Eden: 279616K(279616K)->0K(279616K) From: 272K(34944K)->272K(34944K)
[55.047s][info][gc,heap        ] GC(300) Tenured: 175764K(699072K)->175764K(699072K)
[55.047s][info][gc,metaspace   ] GC(300) Metaspace: 60877K(61760K)->60877K(61760K) NonClass: 53306K(53760K)->53306K(53760K) Class: 7570K(8000K)->7570K(8000K)
[55.047s][info][gc             ] GC(300) Pause Young (Allocation Failure) 444M->171M(989M) 3.742ms
[55.048s][info][gc,cpu         ] GC(300) User=0.00s Sys=0.02s Real=0.00s
[55.142s][info][gc,start       ] GC(301) Pause Young (Allocation Failure)
[55.146s][info][gc,heap        ] GC(301) DefNew: 279888K(314560K)->212K(314560K) Eden: 279616K(279616K)->0K(279616K) From: 272K(34944K)->212K(34944K)
[55.146s][info][gc,heap        ] GC(301) Tenured: 175764K(699072K)->175764K(699072K)
[55.146s][info][gc,metaspace   ] GC(301) Metaspace: 60877K(61760K)->60877K(61760K) NonClass: 53306K(53760K)->53306K(53760K) Class: 7570K(8000K)->7570K(8000K)
[55.146s][info][gc             ] GC(301) Pause Young (Allocation Failure) 444M->171M(989M) 3.834ms
[55.146s][info][gc,cpu         ] GC(301) User=0.00s Sys=0.00s Real=0.00s
[55.178s][info][gc,start       ] GC(302) Pause Full (System.gc())
[55.178s][info][gc,phases,start] GC(302) Phase 1: Mark live objects
[55.292s][info][gc,phases      ] GC(302) Phase 1: Mark live objects 113.659ms
[55.292s][info][gc,phases,start] GC(302) Phase 2: Compute new object addresses
[55.357s][info][gc,phases      ] GC(302) Phase 2: Compute new object addresses 65.333ms
[55.357s][info][gc,phases,start] GC(302) Phase 3: Adjust pointers
[55.425s][info][gc,phases      ] GC(302) Phase 3: Adjust pointers 67.257ms
[55.425s][info][gc,phases,start] GC(302) Phase 4: Move objects
[55.425s][info][gc,phases      ] GC(302) Phase 4: Move objects 0.042ms
[55.425s][info][gc,heap        ] GC(302) DefNew: 33543K(314560K)->0K(314560K) Eden: 33331K(279616K)->0K(279616K) From: 212K(34944K)->0K(34944K)
[55.425s][info][gc,heap        ] GC(302) Tenured: 175764K(699072K)->175844K(699072K)
[55.426s][info][gc,metaspace   ] GC(302) Metaspace: 60893K(61824K)->60893K(61824K) NonClass: 53322K(53824K)->53322K(53824K) Class: 7570K(8000K)->7570K(8000K)
[55.426s][info][gc             ] GC(302) Pause Full (System.gc()) 204M->171M(989M) 247.328ms
[55.426s][info][gc,cpu         ] GC(302) User=0.25s Sys=0.00s Real=0.25s
[55.586s][info][gc,start       ] GC(303) Pause Young (Allocation Failure)
[55.590s][info][gc,heap        ] GC(303) DefNew: 279616K(314560K)->280K(314560K) Eden: 279616K(279616K)->0K(279616K) From: 0K(34944K)->280K(34944K)
[55.590s][info][gc,heap        ] GC(303) Tenured: 175844K(699072K)->175844K(699072K)
[55.590s][info][gc,metaspace   ] GC(303) Metaspace: 60928K(61888K)->60928K(61888K) NonClass: 53357K(53888K)->53357K(53888K) Class: 7570K(8000K)->7570K(8000K)
[55.590s][info][gc             ] GC(303) Pause Young (Allocation Failure) 444M->171M(989M) 4.364ms
[55.591s][info][gc,cpu         ] GC(303) User=0.00s Sys=0.00s Real=0.00s
[55.695s][info][gc,start       ] GC(304) Pause Young (Allocation Failure)
[55.698s][info][gc,heap        ] GC(304) DefNew: 279896K(314560K)->272K(314560K) Eden: 279616K(279616K)->0K(279616K) From: 280K(34944K)->272K(34944K)
[55.698s][info][gc,heap        ] GC(304) Tenured: 175844K(699072K)->175844K(699072K)
[55.699s][info][gc,metaspace   ] GC(304) Metaspace: 60928K(61888K)->60928K(61888K) NonClass: 53357K(53888K)->53357K(53888K) Class: 7570K(8000K)->7570K(8000K)
[55.699s][info][gc             ] GC(304) Pause Young (Allocation Failure) 445M->171M(989M) 4.051ms
[55.699s][info][gc,cpu         ] GC(304) User=0.00s Sys=0.00s Real=0.00s
[55.790s][info][gc,start       ] GC(305) Pause Young (Allocation Failure)
[55.793s][info][gc,heap        ] GC(305) DefNew: 279888K(314560K)->272K(314560K) Eden: 279616K(279616K)->0K(279616K) From: 272K(34944K)->272K(34944K)
[55.793s][info][gc,heap        ] GC(305) Tenured: 175844K(699072K)->175844K(699072K)
[55.793s][info][gc,metaspace   ] GC(305) Metaspace: 60928K(61888K)->60928K(61888K) NonClass: 53357K(53888K)->53357K(53888K) Class: 7570K(8000K)->7570K(8000K)
[55.793s][info][gc             ] GC(305) Pause Young (Allocation Failure) 445M->171M(989M) 3.750ms
[55.793s][info][gc,cpu         ] GC(305) User=0.00s Sys=0.00s Real=0.00s
[55.891s][info][gc,start       ] GC(306) Pause Young (Allocation Failure)
[55.894s][info][gc,heap        ] GC(306) DefNew: 279888K(314560K)->272K(314560K) Eden: 279616K(279616K)->0K(279616K) From: 272K(34944K)->272K(34944K)
[55.894s][info][gc,heap        ] GC(306) Tenured: 175844K(699072K)->175844K(699072K)
[55.894s][info][gc,metaspace   ] GC(306) Metaspace: 60928K(61888K)->60928K(61888K) NonClass: 53357K(53888K)->53357K(53888K) Class: 7570K(8000K)->7570K(8000K)
[55.895s][info][gc             ] GC(306) Pause Young (Allocation Failure) 445M->171M(989M) 3.852ms
[55.895s][info][gc,cpu         ] GC(306) User=0.00s Sys=0.00s Real=0.00s
[55.991s][info][gc,start       ] GC(307) Pause Young (Allocation Failure)
[55.994s][info][gc,heap        ] GC(307) DefNew: 279888K(314560K)->272K(314560K) Eden: 279616K(279616K)->0K(279616K) From: 272K(34944K)->272K(34944K)
[55.994s][info][gc,heap        ] GC(307) Tenured: 175844K(699072K)->175844K(699072K)
[55.994s][info][gc,metaspace   ] GC(307) Metaspace: 60928K(61888K)->60928K(61888K) NonClass: 53357K(53888K)->53357K(53888K) Class: 7570K(8000K)->7570K(8000K)
[55.994s][info][gc             ] GC(307) Pause Young (Allocation Failure) 445M->171M(989M) 3.747ms
[55.994s][info][gc,cpu         ] GC(307) User=0.00s Sys=0.00s Real=0.00s
[56.097s][info][gc,start       ] GC(308) Pause Young (Allocation Failure)
[56.101s][info][gc,heap        ] GC(308) DefNew: 279888K(314560K)->272K(314560K) Eden: 279616K(279616K)->0K(279616K) From: 272K(34944K)->272K(34944K)
[56.101s][info][gc,heap        ] GC(308) Tenured: 175844K(699072K)->175844K(699072K)
[56.101s][info][gc,metaspace   ] GC(308) Metaspace: 60928K(61888K)->60928K(61888K) NonClass: 53357K(53888K)->53357K(53888K) Class: 7570K(8000K)->7570K(8000K)
[56.101s][info][gc             ] GC(308) Pause Young (Allocation Failure) 445M->171M(989M) 4.058ms
[56.101s][info][gc,cpu         ] GC(308) User=0.00s Sys=0.00s Real=0.00s
[56.204s][info][gc,start       ] GC(309) Pause Young (Allocation Failure)
[56.208s][info][gc,heap        ] GC(309) DefNew: 279888K(314560K)->290K(314560K) Eden: 279616K(279616K)->0K(279616K) From: 272K(34944K)->290K(34944K)
[56.208s][info][gc,heap        ] GC(309) Tenured: 175844K(699072K)->175844K(699072K)
[56.208s][info][gc,metaspace   ] GC(309) Metaspace: 60928K(61888K)->60928K(61888K) NonClass: 53357K(53888K)->53357K(53888K) Class: 7570K(8000K)->7570K(8000K)
[56.209s][info][gc             ] GC(309) Pause Young (Allocation Failure) 445M->172M(989M) 4.190ms
[56.209s][info][gc,cpu         ] GC(309) User=0.00s Sys=0.00s Real=0.00s
[56.245s][info][gc,start       ] GC(310) Pause Full (System.gc())
[56.245s][info][gc,phases,start] GC(310) Phase 1: Mark live objects
[56.353s][info][gc,phases      ] GC(310) Phase 1: Mark live objects 108.302ms
[56.353s][info][gc,phases,start] GC(310) Phase 2: Compute new object addresses
[56.421s][info][gc,phases      ] GC(310) Phase 2: Compute new object addresses 67.524ms
[56.421s][info][gc,phases,start] GC(310) Phase 3: Adjust pointers
[56.489s][info][gc,phases      ] GC(310) Phase 3: Adjust pointers 67.703ms
[56.489s][info][gc,phases,start] GC(310) Phase 4: Move objects
[56.489s][info][gc,phases      ] GC(310) Phase 4: Move objects 0.232ms
[56.489s][info][gc,heap        ] GC(310) DefNew: 34853K(314560K)->0K(314560K) Eden: 34562K(279616K)->0K(279616K) From: 290K(34944K)->0K(34944K)
[56.490s][info][gc,heap        ] GC(310) Tenured: 175844K(699072K)->175721K(699072K)
[56.490s][info][gc,metaspace   ] GC(310) Metaspace: 60952K(61888K)->60952K(61888K) NonClass: 53382K(53888K)->53382K(53888K) Class: 7570K(8000K)->7570K(8000K)
[56.490s][info][gc             ] GC(310) Pause Full (System.gc()) 205M->171M(989M) 244.807ms
[56.490s][info][gc,cpu         ] GC(310) User=0.23s Sys=0.00s Real=0.24s
[56.635s][info][gc,start       ] GC(311) Pause Young (Allocation Failure)
[56.639s][info][gc,heap        ] GC(311) DefNew: 279616K(314560K)->279K(314560K) Eden: 279616K(279616K)->0K(279616K) From: 0K(34944K)->279K(34944K)
[56.639s][info][gc,heap        ] GC(311) Tenured: 175721K(699072K)->175721K(699072K)
[56.639s][info][gc,metaspace   ] GC(311) Metaspace: 60958K(61888K)->60958K(61888K) NonClass: 53388K(53888K)->53388K(53888K) Class: 7570K(8000K)->7570K(8000K)
[56.640s][info][gc             ] GC(311) Pause Young (Allocation Failure) 444M->171M(989M) 4.362ms
[56.640s][info][gc,cpu         ] GC(311) User=0.00s Sys=0.00s Real=0.00s
[56.738s][info][gc,start       ] GC(312) Pause Young (Allocation Failure)
[56.742s][info][gc,heap        ] GC(312) DefNew: 279895K(314560K)->272K(314560K) Eden: 279616K(279616K)->0K(279616K) From: 279K(34944K)->272K(34944K)
[56.742s][info][gc,heap        ] GC(312) Tenured: 175721K(699072K)->175721K(699072K)
[56.742s][info][gc,metaspace   ] GC(312) Metaspace: 60958K(61888K)->60958K(61888K) NonClass: 53388K(53888K)->53388K(53888K) Class: 7570K(8000K)->7570K(8000K)
[56.742s][info][gc             ] GC(312) Pause Young (Allocation Failure) 444M->171M(989M) 4.072ms
[56.742s][info][gc,cpu         ] GC(312) User=0.00s Sys=0.00s Real=0.00s
[56.840s][info][gc,start       ] GC(313) Pause Young (Allocation Failure)
[56.843s][info][gc,heap        ] GC(313) DefNew: 279888K(314560K)->272K(314560K) Eden: 279616K(279616K)->0K(279616K) From: 272K(34944K)->272K(34944K)
[56.843s][info][gc,heap        ] GC(313) Tenured: 175721K(699072K)->175721K(699072K)
[56.843s][info][gc,metaspace   ] GC(313) Metaspace: 60958K(61888K)->60958K(61888K) NonClass: 53388K(53888K)->53388K(53888K) Class: 7570K(8000K)->7570K(8000K)
[56.844s][info][gc             ] GC(313) Pause Young (Allocation Failure) 444M->171M(989M) 3.869ms
[56.844s][info][gc,cpu         ] GC(313) User=0.00s Sys=0.00s Real=0.00s
[56.935s][info][gc,start       ] GC(314) Pause Young (Allocation Failure)
[56.938s][info][gc,heap        ] GC(314) DefNew: 279888K(314560K)->272K(314560K) Eden: 279616K(279616K)->0K(279616K) From: 272K(34944K)->272K(34944K)
[56.938s][info][gc,heap        ] GC(314) Tenured: 175721K(699072K)->175721K(699072K)
[56.938s][info][gc,metaspace   ] GC(314) Metaspace: 60958K(61888K)->60958K(61888K) NonClass: 53388K(53888K)->53388K(53888K) Class: 7570K(8000K)->7570K(8000K)
[56.938s][info][gc             ] GC(314) Pause Young (Allocation Failure) 444M->171M(989M) 3.755ms
[56.938s][info][gc,cpu         ] GC(314) User=0.00s Sys=0.00s Real=0.00s
[57.036s][info][gc,start       ] GC(315) Pause Young (Allocation Failure)
[57.039s][info][gc,heap        ] GC(315) DefNew: 279888K(314560K)->272K(314560K) Eden: 279616K(279616K)->0K(279616K) From: 272K(34944K)->272K(34944K)
[57.039s][info][gc,heap        ] GC(315) Tenured: 175721K(699072K)->175721K(699072K)
[57.039s][info][gc,metaspace   ] GC(315) Metaspace: 60958K(61888K)->60958K(61888K) NonClass: 53388K(53888K)->53388K(53888K) Class: 7570K(8000K)->7570K(8000K)
[57.039s][info][gc             ] GC(315) Pause Young (Allocation Failure) 444M->171M(989M) 3.759ms
[57.039s][info][gc,cpu         ] GC(315) User=0.00s Sys=0.00s Real=0.00s
[57.138s][info][gc,start       ] GC(316) Pause Young (Allocation Failure)
[57.141s][info][gc,heap        ] GC(316) DefNew: 279888K(314560K)->272K(314560K) Eden: 279616K(279616K)->0K(279616K) From: 272K(34944K)->272K(34944K)
[57.141s][info][gc,heap        ] GC(316) Tenured: 175721K(699072K)->175721K(699072K)
[57.141s][info][gc,metaspace   ] GC(316) Metaspace: 60958K(61888K)->60958K(61888K) NonClass: 53388K(53888K)->53388K(53888K) Class: 7570K(8000K)->7570K(8000K)
[57.142s][info][gc             ] GC(316) Pause Young (Allocation Failure) 444M->171M(989M) 3.701ms
[57.142s][info][gc,cpu         ] GC(316) User=0.00s Sys=0.00s Real=0.00s
[57.248s][info][gc,start       ] GC(317) Pause Young (Allocation Failure)
[57.251s][info][gc,heap        ] GC(317) DefNew: 279888K(314560K)->212K(314560K) Eden: 279616K(279616K)->0K(279616K) From: 272K(34944K)->212K(34944K)
[57.251s][info][gc,heap        ] GC(317) Tenured: 175721K(699072K)->175721K(699072K)
[57.251s][info][gc,metaspace   ] GC(317) Metaspace: 60960K(61888K)->60960K(61888K) NonClass: 53389K(53888K)->53389K(53888K) Class: 7570K(8000K)->7570K(8000K)
[57.252s][info][gc             ] GC(317) Pause Young (Allocation Failure) 444M->171M(989M) 3.824ms
[57.252s][info][gc,cpu         ] GC(317) User=0.00s Sys=0.00s Real=0.00s
[57.286s][info][gc,start       ] GC(318) Pause Full (System.gc())
[57.286s][info][gc,phases,start] GC(318) Phase 1: Mark live objects
[57.411s][info][gc,phases      ] GC(318) Phase 1: Mark live objects 124.608ms
[57.411s][info][gc,phases,start] GC(318) Phase 2: Compute new object addresses
[57.477s][info][gc,phases      ] GC(318) Phase 2: Compute new object addresses 65.779ms
[57.477s][info][gc,phases,start] GC(318) Phase 3: Adjust pointers
[57.545s][info][gc,phases      ] GC(318) Phase 3: Adjust pointers 68.008ms
[57.545s][info][gc,phases,start] GC(318) Phase 4: Move objects
[57.545s][info][gc,phases      ] GC(318) Phase 4: Move objects 0.046ms
[57.546s][info][gc,heap        ] GC(318) DefNew: 31561K(314560K)->0K(314560K) Eden: 31349K(279616K)->0K(279616K) From: 212K(34944K)->0K(34944K)
[57.546s][info][gc,heap        ] GC(318) Tenured: 175721K(699072K)->175800K(699072K)
[57.546s][info][gc,metaspace   ] GC(318) Metaspace: 60963K(61888K)->60963K(61888K) NonClass: 53392K(53888K)->53392K(53888K) Class: 7570K(8000K)->7570K(8000K)
[57.546s][info][gc             ] GC(318) Pause Full (System.gc()) 202M->171M(989M) 259.460ms
[57.546s][info][gc,cpu         ] GC(318) User=0.25s Sys=0.00s Real=0.26s
[57.698s][info][gc,start       ] GC(319) Pause Young (Allocation Failure)
[57.702s][info][gc,heap        ] GC(319) DefNew: 279616K(314560K)->282K(314560K) Eden: 279616K(279616K)->0K(279616K) From: 0K(34944K)->282K(34944K)
[57.702s][info][gc,heap        ] GC(319) Tenured: 175800K(699072K)->175800K(699072K)
[57.702s][info][gc,metaspace   ] GC(319) Metaspace: 61005K(61952K)->61005K(61952K) NonClass: 53433K(53952K)->53433K(53952K) Class: 7571K(8000K)->7571K(8000K)
[57.702s][info][gc             ] GC(319) Pause Young (Allocation Failure) 444M->171M(989M) 4.554ms
[57.702s][info][gc,cpu         ] GC(319) User=0.00s Sys=0.00s Real=0.00s
[57.814s][info][gc,start       ] GC(320) Pause Young (Allocation Failure)
[57.818s][info][gc,heap        ] GC(320) DefNew: 279898K(314560K)->274K(314560K) Eden: 279616K(279616K)->0K(279616K) From: 282K(34944K)->274K(34944K)
[57.818s][info][gc,heap        ] GC(320) Tenured: 175800K(699072K)->175800K(699072K)
[57.818s][info][gc,metaspace   ] GC(320) Metaspace: 61005K(61952K)->61005K(61952K) NonClass: 53433K(53952K)->53433K(53952K) Class: 7571K(8000K)->7571K(8000K)
[57.818s][info][gc             ] GC(320) Pause Young (Allocation Failure) 445M->171M(989M) 4.126ms
[57.818s][info][gc,cpu         ] GC(320) User=0.00s Sys=0.00s Real=0.00s
[57.911s][info][gc,start       ] GC(321) Pause Young (Allocation Failure)
[57.915s][info][gc,heap        ] GC(321) DefNew: 279890K(314560K)->274K(314560K) Eden: 279616K(279616K)->0K(279616K) From: 274K(34944K)->274K(34944K)
[57.915s][info][gc,heap        ] GC(321) Tenured: 175800K(699072K)->175800K(699072K)
[57.915s][info][gc,metaspace   ] GC(321) Metaspace: 61005K(61952K)->61005K(61952K) NonClass: 53433K(53952K)->53433K(53952K) Class: 7571K(8000K)->7571K(8000K)
[57.915s][info][gc             ] GC(321) Pause Young (Allocation Failure) 445M->171M(989M) 3.926ms
[57.915s][info][gc,cpu         ] GC(321) User=0.00s Sys=0.00s Real=0.00s
[58.012s][info][gc,start       ] GC(322) Pause Young (Allocation Failure)
[58.016s][info][gc,heap        ] GC(322) DefNew: 279890K(314560K)->274K(314560K) Eden: 279616K(279616K)->0K(279616K) From: 274K(34944K)->274K(34944K)
[58.016s][info][gc,heap        ] GC(322) Tenured: 175800K(699072K)->175800K(699072K)
[58.016s][info][gc,metaspace   ] GC(322) Metaspace: 61005K(61952K)->61005K(61952K) NonClass: 53433K(53952K)->53433K(53952K) Class: 7571K(8000K)->7571K(8000K)
[58.016s][info][gc             ] GC(322) Pause Young (Allocation Failure) 445M->171M(989M) 3.835ms
[58.016s][info][gc,cpu         ] GC(322) User=0.00s Sys=0.00s Real=0.00s
[58.108s][info][gc,start       ] GC(323) Pause Young (Allocation Failure)
[58.112s][info][gc,heap        ] GC(323) DefNew: 279890K(314560K)->274K(314560K) Eden: 279616K(279616K)->0K(279616K) From: 274K(34944K)->274K(34944K)
[58.112s][info][gc,heap        ] GC(323) Tenured: 175800K(699072K)->175800K(699072K)
[58.112s][info][gc,metaspace   ] GC(323) Metaspace: 61005K(61952K)->61005K(61952K) NonClass: 53433K(53952K)->53433K(53952K) Class: 7571K(8000K)->7571K(8000K)
[58.112s][info][gc             ] GC(323) Pause Young (Allocation Failure) 445M->171M(989M) 3.851ms
[58.112s][info][gc,cpu         ] GC(323) User=0.02s Sys=0.00s Real=0.01s
[58.208s][info][gc,start       ] GC(324) Pause Young (Allocation Failure)
[58.212s][info][gc,heap        ] GC(324) DefNew: 279890K(314560K)->274K(314560K) Eden: 279616K(279616K)->0K(279616K) From: 274K(34944K)->274K(34944K)
[58.212s][info][gc,heap        ] GC(324) Tenured: 175800K(699072K)->175800K(699072K)
[58.212s][info][gc,metaspace   ] GC(324) Metaspace: 61005K(61952K)->61005K(61952K) NonClass: 53433K(53952K)->53433K(53952K) Class: 7571K(8000K)->7571K(8000K)
[58.212s][info][gc             ] GC(324) Pause Young (Allocation Failure) 445M->171M(989M) 3.790ms
[58.212s][info][gc,cpu         ] GC(324) User=0.00s Sys=0.00s Real=0.00s
[58.314s][info][gc,start       ] GC(325) Pause Young (Allocation Failure)
[58.318s][info][gc,heap        ] GC(325) DefNew: 279890K(314560K)->215K(314560K) Eden: 279616K(279616K)->0K(279616K) From: 274K(34944K)->215K(34944K)
[58.318s][info][gc,heap        ] GC(325) Tenured: 175800K(699072K)->175800K(699072K)
[58.318s][info][gc,metaspace   ] GC(325) Metaspace: 61016K(61952K)->61016K(61952K) NonClass: 53444K(53952K)->53444K(53952K) Class: 7571K(8000K)->7571K(8000K)
[58.318s][info][gc             ] GC(325) Pause Young (Allocation Failure) 445M->171M(989M) 4.048ms
[58.318s][info][gc,cpu         ] GC(325) User=0.00s Sys=0.00s Real=0.00s
[58.354s][info][gc,start       ] GC(326) Pause Full (System.gc())
[58.354s][info][gc,phases,start] GC(326) Phase 1: Mark live objects
[58.468s][info][gc,phases      ] GC(326) Phase 1: Mark live objects 113.588ms
[58.468s][info][gc,phases,start] GC(326) Phase 2: Compute new object addresses
[58.533s][info][gc,phases      ] GC(326) Phase 2: Compute new object addresses 65.368ms
[58.533s][info][gc,phases,start] GC(326) Phase 3: Adjust pointers
[58.601s][info][gc,phases      ] GC(326) Phase 3: Adjust pointers 67.604ms
[58.601s][info][gc,phases,start] GC(326) Phase 4: Move objects
[58.601s][info][gc,phases      ] GC(326) Phase 4: Move objects 0.046ms
[58.602s][info][gc,heap        ] GC(326) DefNew: 33177K(314560K)->0K(314560K) Eden: 32962K(279616K)->0K(279616K) From: 215K(34944K)->0K(34944K)
[58.602s][info][gc,heap        ] GC(326) Tenured: 175800K(699072K)->175884K(699072K)
[58.602s][info][gc,metaspace   ] GC(326) Metaspace: 61042K(61952K)->61042K(61952K) NonClass: 53471K(53952K)->53471K(53952K) Class: 7571K(8000K)->7571K(8000K)
[58.602s][info][gc             ] GC(326) Pause Full (System.gc()) 204M->171M(989M) 247.688ms
[58.602s][info][gc,cpu         ] GC(326) User=0.25s Sys=0.00s Real=0.24s
[58.755s][info][gc,start       ] GC(327) Pause Young (Allocation Failure)
[58.760s][info][gc,heap        ] GC(327) DefNew: 279616K(314560K)->282K(314560K) Eden: 279616K(279616K)->0K(279616K) From: 0K(34944K)->282K(34944K)
[58.760s][info][gc,heap        ] GC(327) Tenured: 175884K(699072K)->175884K(699072K)
[58.760s][info][gc,metaspace   ] GC(327) Metaspace: 61071K(62016K)->61071K(62016K) NonClass: 53500K(54016K)->53500K(54016K) Class: 7571K(8000K)->7571K(8000K)
[58.760s][info][gc             ] GC(327) Pause Young (Allocation Failure) 444M->172M(989M) 4.767ms
[58.760s][info][gc,cpu         ] GC(327) User=0.02s Sys=0.00s Real=0.02s
[58.861s][info][gc,start       ] GC(328) Pause Young (Allocation Failure)
[58.865s][info][gc,heap        ] GC(328) DefNew: 279898K(314560K)->274K(314560K) Eden: 279616K(279616K)->0K(279616K) From: 282K(34944K)->274K(34944K)
[58.865s][info][gc,heap        ] GC(328) Tenured: 175884K(699072K)->175884K(699072K)
[58.865s][info][gc,metaspace   ] GC(328) Metaspace: 61071K(62016K)->61071K(62016K) NonClass: 53500K(54016K)->53500K(54016K) Class: 7571K(8000K)->7571K(8000K)
[58.865s][info][gc             ] GC(328) Pause Young (Allocation Failure) 445M->172M(989M) 4.220ms
[58.865s][info][gc,cpu         ] GC(328) User=0.00s Sys=0.00s Real=0.00s
[58.963s][info][gc,start       ] GC(329) Pause Young (Allocation Failure)
[59.062s][info][gc,heap        ] GC(329) DefNew: 279890K(314560K)->274K(314560K) Eden: 279616K(279616K)->0K(279616K) From: 274K(34944K)->274K(34944K)
[59.063s][info][gc,heap        ] GC(329) Tenured: 175884K(699072K)->175884K(699072K)
[59.063s][info][gc,metaspace   ] GC(329) Metaspace: 61071K(62016K)->61071K(62016K) NonClass: 53500K(54016K)->53500K(54016K) Class: 7571K(8000K)->7571K(8000K)
[59.063s][info][gc             ] GC(329) Pause Young (Allocation Failure) 445M->172M(989M) 100.090ms
[59.063s][info][gc,cpu         ] GC(329) User=0.00s Sys=0.00s Real=0.09s
[59.182s][info][gc,start       ] GC(330) Pause Young (Allocation Failure)
[59.186s][info][gc,heap        ] GC(330) DefNew: 279890K(314560K)->274K(314560K) Eden: 279616K(279616K)->0K(279616K) From: 274K(34944K)->274K(34944K)
[59.186s][info][gc,heap        ] GC(330) Tenured: 175884K(699072K)->175884K(699072K)
[59.186s][info][gc,metaspace   ] GC(330) Metaspace: 61071K(62016K)->61071K(62016K) NonClass: 53500K(54016K)->53500K(54016K) Class: 7571K(8000K)->7571K(8000K)
[59.186s][info][gc             ] GC(330) Pause Young (Allocation Failure) 445M->172M(989M) 3.995ms
[59.186s][info][gc,cpu         ] GC(330) User=0.00s Sys=0.00s Real=0.00s
[59.284s][info][gc,start       ] GC(331) Pause Young (Allocation Failure)
[59.288s][info][gc,heap        ] GC(331) DefNew: 279890K(314560K)->274K(314560K) Eden: 279616K(279616K)->0K(279616K) From: 274K(34944K)->274K(34944K)
[59.288s][info][gc,heap        ] GC(331) Tenured: 175884K(699072K)->175884K(699072K)
[59.288s][info][gc,metaspace   ] GC(331) Metaspace: 61071K(62016K)->61071K(62016K) NonClass: 53500K(54016K)->53500K(54016K) Class: 7571K(8000K)->7571K(8000K)
[59.288s][info][gc             ] GC(331) Pause Young (Allocation Failure) 445M->172M(989M) 3.905ms
[59.288s][info][gc,cpu         ] GC(331) User=0.00s Sys=0.00s Real=0.00s
[59.384s][info][gc,start       ] GC(332) Pause Young (Allocation Failure)
[59.388s][info][gc,heap        ] GC(332) DefNew: 279890K(314560K)->274K(314560K) Eden: 279616K(279616K)->0K(279616K) From: 274K(34944K)->274K(34944K)
[59.388s][info][gc,heap        ] GC(332) Tenured: 175884K(699072K)->175884K(699072K)
[59.388s][info][gc,metaspace   ] GC(332) Metaspace: 61071K(62016K)->61071K(62016K) NonClass: 53500K(54016K)->53500K(54016K) Class: 7571K(8000K)->7571K(8000K)
[59.388s][info][gc             ] GC(332) Pause Young (Allocation Failure) 445M->172M(989M) 3.927ms
[59.388s][info][gc,cpu         ] GC(332) User=0.00s Sys=0.00s Real=0.00s
[59.492s][info][gc,start       ] GC(333) Pause Young (Allocation Failure)
[59.496s][info][gc,heap        ] GC(333) DefNew: 279890K(314560K)->214K(314560K) Eden: 279616K(279616K)->0K(279616K) From: 274K(34944K)->214K(34944K)
[59.496s][info][gc,heap        ] GC(333) Tenured: 175884K(699072K)->175884K(699072K)
[59.496s][info][gc,metaspace   ] GC(333) Metaspace: 61071K(62016K)->61071K(62016K) NonClass: 53500K(54016K)->53500K(54016K) Class: 7571K(8000K)->7571K(8000K)
[59.496s][info][gc             ] GC(333) Pause Young (Allocation Failure) 445M->171M(989M) 4.124ms
[59.496s][info][gc,cpu         ] GC(333) User=0.00s Sys=0.00s Real=0.00s
[59.533s][info][gc,start       ] GC(334) Pause Full (System.gc())
[59.534s][info][gc,phases,start] GC(334) Phase 1: Mark live objects
[59.660s][info][gc,phases      ] GC(334) Phase 1: Mark live objects 126.834ms
[59.661s][info][gc,phases,start] GC(334) Phase 2: Compute new object addresses
[59.727s][info][gc,phases      ] GC(334) Phase 2: Compute new object addresses 66.891ms
[59.727s][info][gc,phases,start] GC(334) Phase 3: Adjust pointers
[59.795s][info][gc,phases      ] GC(334) Phase 3: Adjust pointers 67.883ms
[59.795s][info][gc,phases,start] GC(334) Phase 4: Move objects
[59.795s][info][gc,phases      ] GC(334) Phase 4: Move objects 0.043ms
[59.796s][info][gc,heap        ] GC(334) DefNew: 38799K(314560K)->0K(314560K) Eden: 38585K(279616K)->0K(279616K) From: 214K(34944K)->0K(34944K)
[59.796s][info][gc,heap        ] GC(334) Tenured: 175884K(699072K)->175964K(699072K)
[59.796s][info][gc,metaspace   ] GC(334) Metaspace: 61072K(62016K)->61072K(62016K) NonClass: 53500K(54016K)->53500K(54016K) Class: 7571K(8000K)->7571K(8000K)
[59.796s][info][gc             ] GC(334) Pause Full (System.gc()) 209M->171M(989M) 262.719ms
[59.796s][info][gc,cpu         ] GC(334) User=0.27s Sys=0.00s Real=0.26s
[59.953s][info][gc,start       ] GC(335) Pause Young (Allocation Failure)
[59.957s][info][gc,heap        ] GC(335) DefNew: 279616K(314560K)->282K(314560K) Eden: 279616K(279616K)->0K(279616K) From: 0K(34944K)->282K(34944K)
[59.957s][info][gc,heap        ] GC(335) Tenured: 175964K(699072K)->175964K(699072K)
[59.957s][info][gc,metaspace   ] GC(335) Metaspace: 61072K(62016K)->61072K(62016K) NonClass: 53501K(54016K)->53501K(54016K) Class: 7571K(8000K)->7571K(8000K)
[59.957s][info][gc             ] GC(335) Pause Young (Allocation Failure) 444M->172M(989M) 4.629ms
[59.958s][info][gc,cpu         ] GC(335) User=0.00s Sys=0.00s Real=0.00s
[60.062s][info][gc,start       ] GC(336) Pause Young (Allocation Failure)
[60.066s][info][gc,heap        ] GC(336) DefNew: 279898K(314560K)->274K(314560K) Eden: 279616K(279616K)->0K(279616K) From: 282K(34944K)->274K(34944K)
[60.067s][info][gc,heap        ] GC(336) Tenured: 175964K(699072K)->175964K(699072K)
[60.067s][info][gc,metaspace   ] GC(336) Metaspace: 61073K(62016K)->61073K(62016K) NonClass: 53501K(54016K)->53501K(54016K) Class: 7571K(8000K)->7571K(8000K)
[60.067s][info][gc             ] GC(336) Pause Young (Allocation Failure) 445M->172M(989M) 4.226ms
[60.067s][info][gc,cpu         ] GC(336) User=0.00s Sys=0.00s Real=0.00s
[60.160s][info][gc,start       ] GC(337) Pause Young (Allocation Failure)
[60.163s][info][gc,heap        ] GC(337) DefNew: 279890K(314560K)->274K(314560K) Eden: 279616K(279616K)->0K(279616K) From: 274K(34944K)->274K(34944K)
[60.163s][info][gc,heap        ] GC(337) Tenured: 175964K(699072K)->175964K(699072K)
[60.163s][info][gc,metaspace   ] GC(337) Metaspace: 61073K(62016K)->61073K(62016K) NonClass: 53501K(54016K)->53501K(54016K) Class: 7571K(8000K)->7571K(8000K)
[60.164s][info][gc             ] GC(337) Pause Young (Allocation Failure) 445M->172M(989M) 3.940ms
[60.164s][info][gc,cpu         ] GC(337) User=0.02s Sys=0.00s Real=0.02s
[60.253s][info][gc,start       ] GC(338) Pause Young (Allocation Failure)
[60.257s][info][gc,heap        ] GC(338) DefNew: 279890K(314560K)->274K(314560K) Eden: 279616K(279616K)->0K(279616K) From: 274K(34944K)->274K(34944K)
[60.257s][info][gc,heap        ] GC(338) Tenured: 175964K(699072K)->175964K(699072K)
[60.257s][info][gc,metaspace   ] GC(338) Metaspace: 61073K(62016K)->61073K(62016K) NonClass: 53501K(54016K)->53501K(54016K) Class: 7571K(8000K)->7571K(8000K)
[60.257s][info][gc             ] GC(338) Pause Young (Allocation Failure) 445M->172M(989M) 3.869ms
[60.257s][info][gc,cpu         ] GC(338) User=0.02s Sys=0.00s Real=0.02s
[60.349s][info][gc,start       ] GC(339) Pause Young (Allocation Failure)
[60.352s][info][gc,heap        ] GC(339) DefNew: 279890K(314560K)->274K(314560K) Eden: 279616K(279616K)->0K(279616K) From: 274K(34944K)->274K(34944K)
[60.352s][info][gc,heap        ] GC(339) Tenured: 175964K(699072K)->175964K(699072K)
[60.352s][info][gc,metaspace   ] GC(339) Metaspace: 61073K(62016K)->61073K(62016K) NonClass: 53501K(54016K)->53501K(54016K) Class: 7571K(8000K)->7571K(8000K)
[60.352s][info][gc             ] GC(339) Pause Young (Allocation Failure) 445M->172M(989M) 3.786ms
[60.352s][info][gc,cpu         ] GC(339) User=0.00s Sys=0.00s Real=0.00s
[60.449s][info][gc,start       ] GC(340) Pause Young (Allocation Failure)
[60.452s][info][gc,heap        ] GC(340) DefNew: 279890K(314560K)->274K(314560K) Eden: 279616K(279616K)->0K(279616K) From: 274K(34944K)->274K(34944K)
[60.452s][info][gc,heap        ] GC(340) Tenured: 175964K(699072K)->175964K(699072K)
[60.453s][info][gc,metaspace   ] GC(340) Metaspace: 61073K(62016K)->61073K(62016K) NonClass: 53501K(54016K)->53501K(54016K) Class: 7571K(8000K)->7571K(8000K)
[60.453s][info][gc             ] GC(340) Pause Young (Allocation Failure) 445M->172M(989M) 3.943ms
[60.453s][info][gc,cpu         ] GC(340) User=0.02s Sys=0.00s Real=0.02s
[60.545s][info][gc,start       ] GC(341) Pause Young (Allocation Failure)
[60.548s][info][gc,heap        ] GC(341) DefNew: 279890K(314560K)->274K(314560K) Eden: 279616K(279616K)->0K(279616K) From: 274K(34944K)->274K(34944K)
[60.549s][info][gc,heap        ] GC(341) Tenured: 175964K(699072K)->175964K(699072K)
[60.549s][info][gc,metaspace   ] GC(341) Metaspace: 61073K(62016K)->61073K(62016K) NonClass: 53501K(54016K)->53501K(54016K) Class: 7571K(8000K)->7571K(8000K)
[60.549s][info][gc             ] GC(341) Pause Young (Allocation Failure) 445M->172M(989M) 3.825ms
[60.549s][info][gc,cpu         ] GC(341) User=0.00s Sys=0.00s Real=0.00s
[60.582s][info][gc,start       ] GC(342) Pause Full (System.gc())
[60.583s][info][gc,phases,start] GC(342) Phase 1: Mark live objects
[60.707s][info][gc,phases      ] GC(342) Phase 1: Mark live objects 124.415ms
[60.707s][info][gc,phases,start] GC(342) Phase 2: Compute new object addresses
[60.774s][info][gc,phases      ] GC(342) Phase 2: Compute new object addresses 66.568ms
[60.774s][info][gc,phases,start] GC(342) Phase 3: Adjust pointers
[60.845s][info][gc,phases      ] GC(342) Phase 3: Adjust pointers 70.946ms
[60.845s][info][gc,phases,start] GC(342) Phase 4: Move objects
[60.892s][info][gc,phases      ] GC(342) Phase 4: Move objects 46.882ms
[60.892s][info][gc,heap        ] GC(342) DefNew: 32946K(314560K)->0K(314560K) Eden: 32671K(279616K)->0K(279616K) From: 274K(34944K)->0K(34944K)
[60.892s][info][gc,heap        ] GC(342) Tenured: 175964K(699072K)->175822K(699072K)
[60.892s][info][gc,metaspace   ] GC(342) Metaspace: 61084K(62016K)->61084K(62016K) NonClass: 53513K(54016K)->53513K(54016K) Class: 7571K(8000K)->7571K(8000K)
[60.892s][info][gc             ] GC(342) Pause Full (System.gc()) 204M->171M(989M) 309.921ms
[60.892s][info][gc,cpu         ] GC(342) User=0.31s Sys=0.00s Real=0.32s
[61.036s][info][gc,start       ] GC(343) Pause Young (Allocation Failure)
[61.040s][info][gc,heap        ] GC(343) DefNew: 279616K(314560K)->281K(314560K) Eden: 279616K(279616K)->0K(279616K) From: 0K(34944K)->281K(34944K)
[61.040s][info][gc,heap        ] GC(343) Tenured: 175822K(699072K)->175822K(699072K)
[61.040s][info][gc,metaspace   ] GC(343) Metaspace: 61089K(62016K)->61089K(62016K) NonClass: 53518K(54016K)->53518K(54016K) Class: 7571K(8000K)->7571K(8000K)
[61.040s][info][gc             ] GC(343) Pause Young (Allocation Failure) 444M->171M(989M) 4.581ms
[61.041s][info][gc,cpu         ] GC(343) User=0.02s Sys=0.00s Real=0.02s
[61.133s][info][gc,start       ] GC(344) Pause Young (Allocation Failure)
[61.137s][info][gc,heap        ] GC(344) DefNew: 279897K(314560K)->275K(314560K) Eden: 279616K(279616K)->0K(279616K) From: 281K(34944K)->275K(34944K)
[61.137s][info][gc,heap        ] GC(344) Tenured: 175822K(699072K)->175822K(699072K)
[61.137s][info][gc,metaspace   ] GC(344) Metaspace: 61091K(62016K)->61091K(62016K) NonClass: 53519K(54016K)->53519K(54016K) Class: 7571K(8000K)->7571K(8000K)
[61.137s][info][gc             ] GC(344) Pause Young (Allocation Failure) 445M->171M(989M) 4.117ms
[61.137s][info][gc,cpu         ] GC(344) User=0.00s Sys=0.00s Real=0.00s
[61.227s][info][gc,start       ] GC(345) Pause Young (Allocation Failure)
[61.231s][info][gc,heap        ] GC(345) DefNew: 279891K(314560K)->275K(314560K) Eden: 279616K(279616K)->0K(279616K) From: 275K(34944K)->275K(34944K)
[61.231s][info][gc,heap        ] GC(345) Tenured: 175822K(699072K)->175822K(699072K)
[61.231s][info][gc,metaspace   ] GC(345) Metaspace: 61091K(62016K)->61091K(62016K) NonClass: 53519K(54016K)->53519K(54016K) Class: 7571K(8000K)->7571K(8000K)
[61.231s][info][gc             ] GC(345) Pause Young (Allocation Failure) 445M->171M(989M) 3.889ms
[61.231s][info][gc,cpu         ] GC(345) User=0.00s Sys=0.00s Real=0.00s
[61.328s][info][gc,start       ] GC(346) Pause Young (Allocation Failure)
[61.331s][info][gc,heap        ] GC(346) DefNew: 279891K(314560K)->275K(314560K) Eden: 279616K(279616K)->0K(279616K) From: 275K(34944K)->275K(34944K)
[61.331s][info][gc,heap        ] GC(346) Tenured: 175822K(699072K)->175822K(699072K)
[61.331s][info][gc,metaspace   ] GC(346) Metaspace: 61091K(62016K)->61091K(62016K) NonClass: 53519K(54016K)->53519K(54016K) Class: 7571K(8000K)->7571K(8000K)
[61.332s][info][gc             ] GC(346) Pause Young (Allocation Failure) 445M->171M(989M) 3.822ms
[61.332s][info][gc,cpu         ] GC(346) User=0.00s Sys=0.00s Real=0.00s
[61.427s][info][gc,start       ] GC(347) Pause Young (Allocation Failure)
[61.431s][info][gc,heap        ] GC(347) DefNew: 279891K(314560K)->275K(314560K) Eden: 279616K(279616K)->0K(279616K) From: 275K(34944K)->275K(34944K)
[61.431s][info][gc,heap        ] GC(347) Tenured: 175822K(699072K)->175822K(699072K)
[61.431s][info][gc,metaspace   ] GC(347) Metaspace: 61091K(62016K)->61091K(62016K) NonClass: 53519K(54016K)->53519K(54016K) Class: 7571K(8000K)->7571K(8000K)
[61.431s][info][gc             ] GC(347) Pause Young (Allocation Failure) 445M->171M(989M) 3.854ms
[61.431s][info][gc,cpu         ] GC(347) User=0.00s Sys=0.00s Real=0.00s
[61.531s][info][gc,start       ] GC(348) Pause Young (Allocation Failure)
[61.535s][info][gc,heap        ] GC(348) DefNew: 279891K(314560K)->275K(314560K) Eden: 279616K(279616K)->0K(279616K) From: 275K(34944K)->275K(34944K)
[61.535s][info][gc,heap        ] GC(348) Tenured: 175822K(699072K)->175822K(699072K)
[61.535s][info][gc,metaspace   ] GC(348) Metaspace: 61091K(62016K)->61091K(62016K) NonClass: 53519K(54016K)->53519K(54016K) Class: 7571K(8000K)->7571K(8000K)
[61.535s][info][gc             ] GC(348) Pause Young (Allocation Failure) 445M->171M(989M) 3.905ms
[61.535s][info][gc,cpu         ] GC(348) User=0.00s Sys=0.00s Real=0.00s
[61.633s][info][gc,start       ] GC(349) Pause Young (Allocation Failure)
[61.636s][info][gc,heap        ] GC(349) DefNew: 279891K(314560K)->215K(314560K) Eden: 279616K(279616K)->0K(279616K) From: 275K(34944K)->215K(34944K)
[61.636s][info][gc,heap        ] GC(349) Tenured: 175822K(699072K)->175822K(699072K)
[61.637s][info][gc,metaspace   ] GC(349) Metaspace: 61091K(62016K)->61091K(62016K) NonClass: 53520K(54016K)->53520K(54016K) Class: 7571K(8000K)->7571K(8000K)
[61.637s][info][gc             ] GC(349) Pause Young (Allocation Failure) 445M->171M(989M) 4.039ms
[61.637s][info][gc,cpu         ] GC(349) User=0.00s Sys=0.00s Real=0.00s
[61.672s][info][gc,start       ] GC(350) Pause Full (System.gc())
[61.672s][info][gc,phases,start] GC(350) Phase 1: Mark live objects
[61.786s][info][gc,phases      ] GC(350) Phase 1: Mark live objects 113.422ms
[61.786s][info][gc,phases,start] GC(350) Phase 2: Compute new object addresses
[61.851s][info][gc,phases      ] GC(350) Phase 2: Compute new object addresses 65.680ms
[61.851s][info][gc,phases,start] GC(350) Phase 3: Adjust pointers
[61.919s][info][gc,phases      ] GC(350) Phase 3: Adjust pointers 67.434ms
[61.919s][info][gc,phases,start] GC(350) Phase 4: Move objects
[61.919s][info][gc,phases      ] GC(350) Phase 4: Move objects 0.045ms
[61.920s][info][gc,heap        ] GC(350) DefNew: 33050K(314560K)->0K(314560K) Eden: 32834K(279616K)->0K(279616K) From: 215K(34944K)->0K(34944K)
[61.920s][info][gc,heap        ] GC(350) Tenured: 175822K(699072K)->175903K(699072K)
[61.920s][info][gc,metaspace   ] GC(350) Metaspace: 61110K(62016K)->61110K(62016K) NonClass: 53539K(54016K)->53539K(54016K) Class: 7571K(8000K)->7571K(8000K)
[61.920s][info][gc             ] GC(350) Pause Full (System.gc()) 203M->171M(989M) 247.644ms
[61.920s][info][gc,cpu         ] GC(350) User=0.25s Sys=0.00s Real=0.25s
[62.080s][info][gc,start       ] GC(351) Pause Young (Allocation Failure)
[62.085s][info][gc,heap        ] GC(351) DefNew: 279616K(314560K)->287K(314560K) Eden: 279616K(279616K)->0K(279616K) From: 0K(34944K)->287K(34944K)
[62.085s][info][gc,heap        ] GC(351) Tenured: 175903K(699072K)->175903K(699072K)
[62.085s][info][gc,metaspace   ] GC(351) Metaspace: 61196K(62144K)->61196K(62144K) NonClass: 53619K(54144K)->53619K(54144K) Class: 7577K(8000K)->7577K(8000K)
[62.085s][info][gc             ] GC(351) Pause Young (Allocation Failure) 444M->172M(989M) 4.751ms
[62.085s][info][gc,cpu         ] GC(351) User=0.02s Sys=0.00s Real=0.00s
[62.191s][info][gc,start       ] GC(352) Pause Young (Allocation Failure)
[62.195s][info][gc,heap        ] GC(352) DefNew: 279903K(314560K)->279K(314560K) Eden: 279616K(279616K)->0K(279616K) From: 287K(34944K)->279K(34944K)
[62.195s][info][gc,heap        ] GC(352) Tenured: 175903K(699072K)->175903K(699072K)
[62.195s][info][gc,metaspace   ] GC(352) Metaspace: 61203K(62144K)->61203K(62144K) NonClass: 53625K(54144K)->53625K(54144K) Class: 7577K(8000K)->7577K(8000K)
[62.195s][info][gc             ] GC(352) Pause Young (Allocation Failure) 445M->172M(989M) 4.267ms
[62.195s][info][gc,cpu         ] GC(352) User=0.00s Sys=0.00s Real=0.00s
[62.292s][info][gc,start       ] GC(353) Pause Young (Allocation Failure)
[62.296s][info][gc,heap        ] GC(353) DefNew: 279895K(314560K)->279K(314560K) Eden: 279616K(279616K)->0K(279616K) From: 279K(34944K)->279K(34944K)
[62.296s][info][gc,heap        ] GC(353) Tenured: 175903K(699072K)->175903K(699072K)
[62.296s][info][gc,metaspace   ] GC(353) Metaspace: 61203K(62144K)->61203K(62144K) NonClass: 53625K(54144K)->53625K(54144K) Class: 7577K(8000K)->7577K(8000K)
[62.296s][info][gc             ] GC(353) Pause Young (Allocation Failure) 445M->172M(989M) 4.055ms
[62.296s][info][gc,cpu         ] GC(353) User=0.00s Sys=0.00s Real=0.00s
[62.388s][info][gc,start       ] GC(354) Pause Young (Allocation Failure)
[62.392s][info][gc,heap        ] GC(354) DefNew: 279895K(314560K)->279K(314560K) Eden: 279616K(279616K)->0K(279616K) From: 279K(34944K)->279K(34944K)
[62.392s][info][gc,heap        ] GC(354) Tenured: 175903K(699072K)->175903K(699072K)
[62.392s][info][gc,metaspace   ] GC(354) Metaspace: 61203K(62144K)->61203K(62144K) NonClass: 53625K(54144K)->53625K(54144K) Class: 7577K(8000K)->7577K(8000K)
[62.392s][info][gc             ] GC(354) Pause Young (Allocation Failure) 445M->172M(989M) 3.964ms
[62.392s][info][gc,cpu         ] GC(354) User=0.00s Sys=0.00s Real=0.00s
[62.485s][info][gc,start       ] GC(355) Pause Young (Allocation Failure)
[62.489s][info][gc,heap        ] GC(355) DefNew: 279895K(314560K)->279K(314560K) Eden: 279616K(279616K)->0K(279616K) From: 279K(34944K)->279K(34944K)
[62.489s][info][gc,heap        ] GC(355) Tenured: 175903K(699072K)->175903K(699072K)
[62.489s][info][gc,metaspace   ] GC(355) Metaspace: 61203K(62144K)->61203K(62144K) NonClass: 53625K(54144K)->53625K(54144K) Class: 7577K(8000K)->7577K(8000K)
[62.489s][info][gc             ] GC(355) Pause Young (Allocation Failure) 445M->172M(989M) 3.981ms
[62.489s][info][gc,cpu         ] GC(355) User=0.02s Sys=0.00s Real=0.02s
[62.580s][info][gc,start       ] GC(356) Pause Young (Allocation Failure)
[62.584s][info][gc,heap        ] GC(356) DefNew: 279895K(314560K)->279K(314560K) Eden: 279616K(279616K)->0K(279616K) From: 279K(34944K)->279K(34944K)
[62.584s][info][gc,heap        ] GC(356) Tenured: 175903K(699072K)->175903K(699072K)
[62.584s][info][gc,metaspace   ] GC(356) Metaspace: 61203K(62144K)->61203K(62144K) NonClass: 53625K(54144K)->53625K(54144K) Class: 7577K(8000K)->7577K(8000K)
[62.584s][info][gc             ] GC(356) Pause Young (Allocation Failure) 445M->172M(989M) 3.894ms
[62.584s][info][gc,cpu         ] GC(356) User=0.02s Sys=0.00s Real=0.02s
[62.684s][info][gc,start       ] GC(357) Pause Young (Allocation Failure)
[62.688s][info][gc,heap        ] GC(357) DefNew: 279895K(314560K)->219K(314560K) Eden: 279616K(279616K)->0K(279616K) From: 279K(34944K)->219K(34944K)
[62.688s][info][gc,heap        ] GC(357) Tenured: 175903K(699072K)->175903K(699072K)
[62.688s][info][gc,metaspace   ] GC(357) Metaspace: 61204K(62144K)->61204K(62144K) NonClass: 53626K(54144K)->53626K(54144K) Class: 7577K(8000K)->7577K(8000K)
[62.688s][info][gc             ] GC(357) Pause Young (Allocation Failure) 445M->171M(989M) 4.155ms
[62.688s][info][gc,cpu         ] GC(357) User=0.00s Sys=0.00s Real=0.01s
[62.724s][info][gc,start       ] GC(358) Pause Full (System.gc())
[62.725s][info][gc,phases,start] GC(358) Phase 1: Mark live objects
[62.862s][info][gc,phases      ] GC(358) Phase 1: Mark live objects 137.798ms
[62.863s][info][gc,phases,start] GC(358) Phase 2: Compute new object addresses
[62.928s][info][gc,phases      ] GC(358) Phase 2: Compute new object addresses 65.841ms
[62.928s][info][gc,phases,start] GC(358) Phase 3: Adjust pointers
[62.997s][info][gc,phases      ] GC(358) Phase 3: Adjust pointers 68.334ms
[62.997s][info][gc,phases,start] GC(358) Phase 4: Move objects
[62.997s][info][gc,phases      ] GC(358) Phase 4: Move objects 0.047ms
[62.997s][info][gc,heap        ] GC(358) DefNew: 33885K(314560K)->0K(314560K) Eden: 33665K(279616K)->0K(279616K) From: 219K(34944K)->0K(34944K)
[62.998s][info][gc,heap        ] GC(358) Tenured: 175903K(699072K)->175988K(699072K)
[62.998s][info][gc,metaspace   ] GC(358) Metaspace: 61230K(62144K)->61230K(62144K) NonClass: 53652K(54144K)->53652K(54144K) Class: 7577K(8000K)->7577K(8000K)
[62.998s][info][gc             ] GC(358) Pause Full (System.gc()) 204M->171M(989M) 273.120ms
[62.998s][info][gc,cpu         ] GC(358) User=0.28s Sys=0.00s Real=0.28s
[63.145s][info][gc,start       ] GC(359) Pause Young (Allocation Failure)
[63.150s][info][gc,heap        ] GC(359) DefNew: 279616K(314560K)->281K(314560K) Eden: 279616K(279616K)->0K(279616K) From: 0K(34944K)->281K(34944K)
[63.150s][info][gc,heap        ] GC(359) Tenured: 175988K(699072K)->175988K(699072K)
[63.150s][info][gc,metaspace   ] GC(359) Metaspace: 61242K(62144K)->61242K(62144K) NonClass: 53664K(54144K)->53664K(54144K) Class: 7577K(8000K)->7577K(8000K)
[63.150s][info][gc             ] GC(359) Pause Young (Allocation Failure) 444M->172M(989M) 4.545ms
[63.150s][info][gc,cpu         ] GC(359) User=0.00s Sys=0.00s Real=0.00s
[63.243s][info][gc,start       ] GC(360) Pause Young (Allocation Failure)
[63.247s][info][gc,heap        ] GC(360) DefNew: 279897K(314560K)->274K(314560K) Eden: 279616K(279616K)->0K(279616K) From: 281K(34944K)->274K(34944K)
[63.247s][info][gc,heap        ] GC(360) Tenured: 175988K(699072K)->175988K(699072K)
[63.247s][info][gc,metaspace   ] GC(360) Metaspace: 61242K(62144K)->61242K(62144K) NonClass: 53664K(54144K)->53664K(54144K) Class: 7577K(8000K)->7577K(8000K)
[63.247s][info][gc             ] GC(360) Pause Young (Allocation Failure) 445M->172M(989M) 4.055ms
[63.247s][info][gc,cpu         ] GC(360) User=0.02s Sys=0.00s Real=0.02s
[63.345s][info][gc,start       ] GC(361) Pause Young (Allocation Failure)
[63.348s][info][gc,heap        ] GC(361) DefNew: 279890K(314560K)->274K(314560K) Eden: 279616K(279616K)->0K(279616K) From: 274K(34944K)->274K(34944K)
[63.348s][info][gc,heap        ] GC(361) Tenured: 175988K(699072K)->175988K(699072K)
[63.348s][info][gc,metaspace   ] GC(361) Metaspace: 61242K(62144K)->61242K(62144K) NonClass: 53664K(54144K)->53664K(54144K) Class: 7577K(8000K)->7577K(8000K)
[63.349s][info][gc             ] GC(361) Pause Young (Allocation Failure) 445M->172M(989M) 3.911ms
[63.349s][info][gc,cpu         ] GC(361) User=0.02s Sys=0.00s Real=0.01s
[63.445s][info][gc,start       ] GC(362) Pause Young (Allocation Failure)
[63.449s][info][gc,heap        ] GC(362) DefNew: 279890K(314560K)->274K(314560K) Eden: 279616K(279616K)->0K(279616K) From: 274K(34944K)->274K(34944K)
[63.449s][info][gc,heap        ] GC(362) Tenured: 175988K(699072K)->175988K(699072K)
[63.449s][info][gc,metaspace   ] GC(362) Metaspace: 61242K(62144K)->61242K(62144K) NonClass: 53664K(54144K)->53664K(54144K) Class: 7577K(8000K)->7577K(8000K)
[63.449s][info][gc             ] GC(362) Pause Young (Allocation Failure) 445M->172M(989M) 3.885ms
[63.449s][info][gc,cpu         ] GC(362) User=0.00s Sys=0.00s Real=0.00s
[63.546s][info][gc,start       ] GC(363) Pause Young (Allocation Failure)
[63.549s][info][gc,heap        ] GC(363) DefNew: 279890K(314560K)->274K(314560K) Eden: 279616K(279616K)->0K(279616K) From: 274K(34944K)->274K(34944K)
[63.550s][info][gc,heap        ] GC(363) Tenured: 175988K(699072K)->175988K(699072K)
[63.550s][info][gc,metaspace   ] GC(363) Metaspace: 61242K(62144K)->61242K(62144K) NonClass: 53664K(54144K)->53664K(54144K) Class: 7577K(8000K)->7577K(8000K)
[63.550s][info][gc             ] GC(363) Pause Young (Allocation Failure) 445M->172M(989M) 3.812ms
[63.550s][info][gc,cpu         ] GC(363) User=0.02s Sys=0.00s Real=0.02s
[63.648s][info][gc,start       ] GC(364) Pause Young (Allocation Failure)
[63.652s][info][gc,heap        ] GC(364) DefNew: 279890K(314560K)->274K(314560K) Eden: 279616K(279616K)->0K(279616K) From: 274K(34944K)->274K(34944K)
[63.652s][info][gc,heap        ] GC(364) Tenured: 175988K(699072K)->175988K(699072K)
[63.652s][info][gc,metaspace   ] GC(364) Metaspace: 61242K(62144K)->61242K(62144K) NonClass: 53664K(54144K)->53664K(54144K) Class: 7577K(8000K)->7577K(8000K)
[63.652s][info][gc             ] GC(364) Pause Young (Allocation Failure) 445M->172M(989M) 3.785ms
[63.652s][info][gc,cpu         ] GC(364) User=0.00s Sys=0.00s Real=0.00s
[63.758s][info][gc,start       ] GC(365) Pause Young (Allocation Failure)
[63.761s][info][gc,heap        ] GC(365) DefNew: 279890K(314560K)->306K(314560K) Eden: 279616K(279616K)->0K(279616K) From: 274K(34944K)->306K(34944K)
[63.762s][info][gc,heap        ] GC(365) Tenured: 175988K(699072K)->175988K(699072K)
[63.762s][info][gc,metaspace   ] GC(365) Metaspace: 61242K(62144K)->61242K(62144K) NonClass: 53664K(54144K)->53664K(54144K) Class: 7577K(8000K)->7577K(8000K)
[63.762s][info][gc             ] GC(365) Pause Young (Allocation Failure) 445M->172M(989M) 4.043ms
[63.762s][info][gc,cpu         ] GC(365) User=0.00s Sys=0.00s Real=0.00s
[63.796s][info][gc,start       ] GC(366) Pause Full (System.gc())
[63.796s][info][gc,phases,start] GC(366) Phase 1: Mark live objects
[63.909s][info][gc,phases      ] GC(366) Phase 1: Mark live objects 112.545ms
[63.909s][info][gc,phases,start] GC(366) Phase 2: Compute new object addresses
[63.976s][info][gc,phases      ] GC(366) Phase 2: Compute new object addresses 66.570ms
[63.976s][info][gc,phases,start] GC(366) Phase 3: Adjust pointers
[64.043s][info][gc,phases      ] GC(366) Phase 3: Adjust pointers 67.551ms
[64.043s][info][gc,phases,start] GC(366) Phase 4: Move objects
[64.043s][info][gc,phases      ] GC(366) Phase 4: Move objects 0.047ms
[64.044s][info][gc,heap        ] GC(366) DefNew: 33594K(314560K)->0K(314560K) Eden: 33287K(279616K)->0K(279616K) From: 306K(34944K)->0K(34944K)
[64.044s][info][gc,heap        ] GC(366) Tenured: 175988K(699072K)->176067K(699072K)
[64.044s][info][gc,metaspace   ] GC(366) Metaspace: 61250K(62144K)->61250K(62144K) NonClass: 53672K(54144K)->53672K(54144K) Class: 7577K(8000K)->7577K(8000K)
[64.044s][info][gc             ] GC(366) Pause Full (System.gc()) 204M->171M(989M) 247.744ms
[64.044s][info][gc,cpu         ] GC(366) User=0.27s Sys=0.00s Real=0.26s
[64.190s][info][gc,start       ] GC(367) Pause Young (Allocation Failure)
[64.194s][info][gc,heap        ] GC(367) DefNew: 279616K(314560K)->282K(314560K) Eden: 279616K(279616K)->0K(279616K) From: 0K(34944K)->282K(34944K)
[64.194s][info][gc,heap        ] GC(367) Tenured: 176067K(699072K)->176067K(699072K)
[64.194s][info][gc,metaspace   ] GC(367) Metaspace: 61251K(62144K)->61251K(62144K) NonClass: 53673K(54144K)->53673K(54144K) Class: 7577K(8000K)->7577K(8000K)
[64.194s][info][gc             ] GC(367) Pause Young (Allocation Failure) 445M->172M(989M) 4.497ms
[64.194s][info][gc,cpu         ] GC(367) User=0.00s Sys=0.00s Real=0.00s
[64.296s][info][gc,start       ] GC(368) Pause Young (Allocation Failure)
[64.300s][info][gc,heap        ] GC(368) DefNew: 279898K(314560K)->274K(314560K) Eden: 279616K(279616K)->0K(279616K) From: 282K(34944K)->274K(34944K)
[64.300s][info][gc,heap        ] GC(368) Tenured: 176067K(699072K)->176067K(699072K)
[64.300s][info][gc,metaspace   ] GC(368) Metaspace: 61251K(62144K)->61251K(62144K) NonClass: 53673K(54144K)->53673K(54144K) Class: 7577K(8000K)->7577K(8000K)
[64.300s][info][gc             ] GC(368) Pause Young (Allocation Failure) 445M->172M(989M) 4.045ms
[64.300s][info][gc,cpu         ] GC(368) User=0.00s Sys=0.00s Real=0.00s
[64.398s][info][gc,start       ] GC(369) Pause Young (Allocation Failure)
[64.401s][info][gc,heap        ] GC(369) DefNew: 279890K(314560K)->274K(314560K) Eden: 279616K(279616K)->0K(279616K) From: 274K(34944K)->274K(34944K)
[64.401s][info][gc,heap        ] GC(369) Tenured: 176067K(699072K)->176067K(699072K)
[64.401s][info][gc,metaspace   ] GC(369) Metaspace: 61251K(62144K)->61251K(62144K) NonClass: 53673K(54144K)->53673K(54144K) Class: 7577K(8000K)->7577K(8000K)
[64.402s][info][gc             ] GC(369) Pause Young (Allocation Failure) 445M->172M(989M) 3.905ms
[64.402s][info][gc,cpu         ] GC(369) User=0.02s Sys=0.00s Real=0.02s
[64.506s][info][gc,start       ] GC(370) Pause Young (Allocation Failure)
[64.510s][info][gc,heap        ] GC(370) DefNew: 279890K(314560K)->274K(314560K) Eden: 279616K(279616K)->0K(279616K) From: 274K(34944K)->274K(34944K)
[64.510s][info][gc,heap        ] GC(370) Tenured: 176067K(699072K)->176067K(699072K)
[64.510s][info][gc,metaspace   ] GC(370) Metaspace: 61251K(62144K)->61251K(62144K) NonClass: 53673K(54144K)->53673K(54144K) Class: 7577K(8000K)->7577K(8000K)
[64.510s][info][gc             ] GC(370) Pause Young (Allocation Failure) 445M->172M(989M) 3.843ms
[64.510s][info][gc,cpu         ] GC(370) User=0.00s Sys=0.00s Real=0.00s
[64.612s][info][gc,start       ] GC(371) Pause Young (Allocation Failure)
[64.616s][info][gc,heap        ] GC(371) DefNew: 279890K(314560K)->274K(314560K) Eden: 279616K(279616K)->0K(279616K) From: 274K(34944K)->274K(34944K)
[64.616s][info][gc,heap        ] GC(371) Tenured: 176067K(699072K)->176067K(699072K)
[64.616s][info][gc,metaspace   ] GC(371) Metaspace: 61251K(62144K)->61251K(62144K) NonClass: 53673K(54144K)->53673K(54144K) Class: 7577K(8000K)->7577K(8000K)
[64.616s][info][gc             ] GC(371) Pause Young (Allocation Failure) 445M->172M(989M) 3.726ms
[64.616s][info][gc,cpu         ] GC(371) User=0.00s Sys=0.00s Real=0.00s
[64.717s][info][gc,start       ] GC(372) Pause Young (Allocation Failure)
[64.721s][info][gc,heap        ] GC(372) DefNew: 279890K(314560K)->274K(314560K) Eden: 279616K(279616K)->0K(279616K) From: 274K(34944K)->274K(34944K)
[64.721s][info][gc,heap        ] GC(372) Tenured: 176067K(699072K)->176067K(699072K)
[64.721s][info][gc,metaspace   ] GC(372) Metaspace: 61251K(62144K)->61251K(62144K) NonClass: 53673K(54144K)->53673K(54144K) Class: 7577K(8000K)->7577K(8000K)
[64.721s][info][gc             ] GC(372) Pause Young (Allocation Failure) 445M->172M(989M) 3.833ms
[64.721s][info][gc,cpu         ] GC(372) User=0.02s Sys=0.00s Real=0.02s
[64.837s][info][gc,start       ] GC(373) Pause Young (Allocation Failure)
[64.840s][info][gc,heap        ] GC(373) DefNew: 279890K(314560K)->214K(314560K) Eden: 279616K(279616K)->0K(279616K) From: 274K(34944K)->214K(34944K)
[64.841s][info][gc,heap        ] GC(373) Tenured: 176067K(699072K)->176067K(699072K)
[64.841s][info][gc,metaspace   ] GC(373) Metaspace: 61251K(62144K)->61251K(62144K) NonClass: 53673K(54144K)->53673K(54144K) Class: 7577K(8000K)->7577K(8000K)
[64.841s][info][gc             ] GC(373) Pause Young (Allocation Failure) 445M->172M(989M) 4.014ms
[64.841s][info][gc,cpu         ] GC(373) User=0.00s Sys=0.00s Real=0.00s
[64.875s][info][gc,start       ] GC(374) Pause Full (System.gc())
[64.875s][info][gc,phases,start] GC(374) Phase 1: Mark live objects
[64.986s][info][gc,phases      ] GC(374) Phase 1: Mark live objects 111.107ms
[64.986s][info][gc,phases,start] GC(374) Phase 2: Compute new object addresses
[65.053s][info][gc,phases      ] GC(374) Phase 2: Compute new object addresses 66.145ms
[65.053s][info][gc,phases,start] GC(374) Phase 3: Adjust pointers
[65.124s][info][gc,phases      ] GC(374) Phase 3: Adjust pointers 71.565ms
[65.124s][info][gc,phases,start] GC(374) Phase 4: Move objects
[65.185s][info][gc,phases      ] GC(374) Phase 4: Move objects 60.332ms
[65.194s][info][gc,heap        ] GC(374) DefNew: 33520K(314560K)->0K(314560K) Eden: 33306K(279616K)->0K(279616K) From: 214K(34944K)->0K(34944K)
[65.195s][info][gc,heap        ] GC(374) Tenured: 176067K(699072K)->175895K(699072K)
[65.195s][info][gc,metaspace   ] GC(374) Metaspace: 61251K(62144K)->61251K(62144K) NonClass: 53673K(54144K)->53673K(54144K) Class: 7577K(8000K)->7577K(8000K)
[65.195s][info][gc             ] GC(374) Pause Full (System.gc()) 204M->171M(989M) 320.252ms
[65.195s][info][gc,cpu         ] GC(374) User=0.33s Sys=0.00s Real=0.32s
[65.354s][info][gc,start       ] GC(375) Pause Young (Allocation Failure)
[65.358s][info][gc,heap        ] GC(375) DefNew: 279616K(314560K)->282K(314560K) Eden: 279616K(279616K)->0K(279616K) From: 0K(34944K)->282K(34944K)
[65.358s][info][gc,heap        ] GC(375) Tenured: 175895K(699072K)->175895K(699072K)
[65.358s][info][gc,metaspace   ] GC(375) Metaspace: 61258K(62144K)->61258K(62144K) NonClass: 53680K(54144K)->53680K(54144K) Class: 7577K(8000K)->7577K(8000K)
[65.358s][info][gc             ] GC(375) Pause Young (Allocation Failure) 444M->172M(989M) 4.580ms
[65.359s][info][gc,cpu         ] GC(375) User=0.00s Sys=0.00s Real=0.00s
[65.459s][info][gc,start       ] GC(376) Pause Young (Allocation Failure)
[65.463s][info][gc,heap        ] GC(376) DefNew: 279898K(314560K)->274K(314560K) Eden: 279616K(279616K)->0K(279616K) From: 282K(34944K)->274K(34944K)
[65.463s][info][gc,heap        ] GC(376) Tenured: 175895K(699072K)->175895K(699072K)
[65.463s][info][gc,metaspace   ] GC(376) Metaspace: 61258K(62144K)->61258K(62144K) NonClass: 53680K(54144K)->53680K(54144K) Class: 7577K(8000K)->7577K(8000K)
[65.463s][info][gc             ] GC(376) Pause Young (Allocation Failure) 445M->172M(989M) 4.183ms
[65.463s][info][gc,cpu         ] GC(376) User=0.02s Sys=0.00s Real=0.02s
[65.555s][info][gc,start       ] GC(377) Pause Young (Allocation Failure)
[65.558s][info][gc,heap        ] GC(377) DefNew: 279890K(314560K)->274K(314560K) Eden: 279616K(279616K)->0K(279616K) From: 274K(34944K)->274K(34944K)
[65.558s][info][gc,heap        ] GC(377) Tenured: 175895K(699072K)->175895K(699072K)
[65.558s][info][gc,metaspace   ] GC(377) Metaspace: 61258K(62144K)->61258K(62144K) NonClass: 53680K(54144K)->53680K(54144K) Class: 7577K(8000K)->7577K(8000K)
[65.559s][info][gc             ] GC(377) Pause Young (Allocation Failure) 445M->172M(989M) 3.961ms
[65.559s][info][gc,cpu         ] GC(377) User=0.00s Sys=0.00s Real=0.00s
[65.651s][info][gc,start       ] GC(378) Pause Young (Allocation Failure)
[65.655s][info][gc,heap        ] GC(378) DefNew: 279890K(314560K)->274K(314560K) Eden: 279616K(279616K)->0K(279616K) From: 274K(34944K)->274K(34944K)
[65.655s][info][gc,heap        ] GC(378) Tenured: 175895K(699072K)->175895K(699072K)
[65.655s][info][gc,metaspace   ] GC(378) Metaspace: 61258K(62144K)->61258K(62144K) NonClass: 53680K(54144K)->53680K(54144K) Class: 7577K(8000K)->7577K(8000K)
[65.655s][info][gc             ] GC(378) Pause Young (Allocation Failure) 445M->172M(989M) 3.889ms
[65.655s][info][gc,cpu         ] GC(378) User=0.00s Sys=0.00s Real=0.00s
[65.753s][info][gc,start       ] GC(379) Pause Young (Allocation Failure)
[65.756s][info][gc,heap        ] GC(379) DefNew: 279890K(314560K)->274K(314560K) Eden: 279616K(279616K)->0K(279616K) From: 274K(34944K)->274K(34944K)
[65.756s][info][gc,heap        ] GC(379) Tenured: 175895K(699072K)->175895K(699072K)
[65.756s][info][gc,metaspace   ] GC(379) Metaspace: 61258K(62144K)->61258K(62144K) NonClass: 53680K(54144K)->53680K(54144K) Class: 7577K(8000K)->7577K(8000K)
[65.757s][info][gc             ] GC(379) Pause Young (Allocation Failure) 445M->172M(989M) 3.894ms
[65.757s][info][gc,cpu         ] GC(379) User=0.00s Sys=0.00s Real=0.00s
[65.853s][info][gc,start       ] GC(380) Pause Young (Allocation Failure)
[65.857s][info][gc,heap        ] GC(380) DefNew: 279890K(314560K)->274K(314560K) Eden: 279616K(279616K)->0K(279616K) From: 274K(34944K)->274K(34944K)
[65.857s][info][gc,heap        ] GC(380) Tenured: 175895K(699072K)->175895K(699072K)
[65.857s][info][gc,metaspace   ] GC(380) Metaspace: 61258K(62144K)->61258K(62144K) NonClass: 53680K(54144K)->53680K(54144K) Class: 7577K(8000K)->7577K(8000K)
[65.857s][info][gc             ] GC(380) Pause Young (Allocation Failure) 445M->172M(989M) 3.894ms
[65.857s][info][gc,cpu         ] GC(380) User=0.02s Sys=0.00s Real=0.02s
[65.950s][info][gc,start       ] GC(381) Pause Young (Allocation Failure)
[65.952s][info][gc,heap        ] GC(381) DefNew: 279890K(314560K)->210K(314560K) Eden: 279616K(279616K)->0K(279616K) From: 274K(34944K)->210K(34944K)
[65.952s][info][gc,heap        ] GC(381) Tenured: 175895K(699072K)->175895K(699072K)
[65.952s][info][gc,metaspace   ] GC(381) Metaspace: 61258K(62144K)->61258K(62144K) NonClass: 53680K(54144K)->53680K(54144K) Class: 7577K(8000K)->7577K(8000K)
[65.952s][info][gc             ] GC(381) Pause Young (Allocation Failure) 445M->171M(989M) 2.472ms
[65.952s][info][gc,cpu         ] GC(381) User=0.02s Sys=0.00s Real=0.02s
[65.984s][info][gc,start       ] GC(382) Pause Full (System.gc())
[65.984s][info][gc,phases,start] GC(382) Phase 1: Mark live objects
[66.099s][info][gc,phases      ] GC(382) Phase 1: Mark live objects 114.814ms
[66.099s][info][gc,phases,start] GC(382) Phase 2: Compute new object addresses
[66.165s][info][gc,phases      ] GC(382) Phase 2: Compute new object addresses 65.268ms
[66.165s][info][gc,phases,start] GC(382) Phase 3: Adjust pointers
[66.232s][info][gc,phases      ] GC(382) Phase 3: Adjust pointers 67.818ms
[66.232s][info][gc,phases,start] GC(382) Phase 4: Move objects
[66.232s][info][gc,phases      ] GC(382) Phase 4: Move objects 0.045ms
[66.233s][info][gc,heap        ] GC(382) DefNew: 29806K(314560K)->0K(314560K) Eden: 29596K(279616K)->0K(279616K) From: 210K(34944K)->0K(34944K)
[66.233s][info][gc,heap        ] GC(382) Tenured: 175895K(699072K)->175974K(699072K)
[66.233s][info][gc,metaspace   ] GC(382) Metaspace: 61259K(62144K)->61259K(62144K) NonClass: 53681K(54144K)->53681K(54144K) Class: 7577K(8000K)->7577K(8000K)
[66.233s][info][gc             ] GC(382) Pause Full (System.gc()) 200M->171M(989M) 249.012ms
[66.233s][info][gc,cpu         ] GC(382) User=0.25s Sys=0.00s Real=0.25s
[66.400s][info][gc,start       ] GC(383) Pause Young (Allocation Failure)
[66.404s][info][gc,heap        ] GC(383) DefNew: 279616K(314560K)->289K(314560K) Eden: 279616K(279616K)->0K(279616K) From: 0K(34944K)->289K(34944K)
[66.404s][info][gc,heap        ] GC(383) Tenured: 175974K(699072K)->175974K(699072K)
[66.404s][info][gc,metaspace   ] GC(383) Metaspace: 61267K(62144K)->61267K(62144K) NonClass: 53689K(54144K)->53689K(54144K) Class: 7577K(8000K)->7577K(8000K)
[66.405s][info][gc             ] GC(383) Pause Young (Allocation Failure) 444M->172M(989M) 4.692ms
[66.405s][info][gc,cpu         ] GC(383) User=0.00s Sys=0.00s Real=0.00s
[66.496s][info][gc,start       ] GC(384) Pause Young (Allocation Failure)
[66.500s][info][gc,heap        ] GC(384) DefNew: 279905K(314560K)->281K(314560K) Eden: 279616K(279616K)->0K(279616K) From: 289K(34944K)->281K(34944K)
[66.500s][info][gc,heap        ] GC(384) Tenured: 175974K(699072K)->175974K(699072K)
[66.500s][info][gc,metaspace   ] GC(384) Metaspace: 61267K(62144K)->61267K(62144K) NonClass: 53689K(54144K)->53689K(54144K) Class: 7577K(8000K)->7577K(8000K)
[66.500s][info][gc             ] GC(384) Pause Young (Allocation Failure) 445M->172M(989M) 4.220ms
[66.500s][info][gc,cpu         ] GC(384) User=0.00s Sys=0.00s Real=0.00s
[66.596s][info][gc,start       ] GC(385) Pause Young (Allocation Failure)
[66.600s][info][gc,heap        ] GC(385) DefNew: 279897K(314560K)->281K(314560K) Eden: 279616K(279616K)->0K(279616K) From: 281K(34944K)->281K(34944K)
[66.600s][info][gc,heap        ] GC(385) Tenured: 175974K(699072K)->175974K(699072K)
[66.600s][info][gc,metaspace   ] GC(385) Metaspace: 61267K(62144K)->61267K(62144K) NonClass: 53689K(54144K)->53689K(54144K) Class: 7577K(8000K)->7577K(8000K)
[66.600s][info][gc             ] GC(385) Pause Young (Allocation Failure) 445M->172M(989M) 4.051ms
[66.600s][info][gc,cpu         ] GC(385) User=0.02s Sys=0.00s Real=0.02s
[66.692s][info][gc,start       ] GC(386) Pause Young (Allocation Failure)
[66.695s][info][gc,heap        ] GC(386) DefNew: 279897K(314560K)->281K(314560K) Eden: 279616K(279616K)->0K(279616K) From: 281K(34944K)->281K(34944K)
[66.695s][info][gc,heap        ] GC(386) Tenured: 175974K(699072K)->175974K(699072K)
[66.695s][info][gc,metaspace   ] GC(386) Metaspace: 61267K(62144K)->61267K(62144K) NonClass: 53689K(54144K)->53689K(54144K) Class: 7577K(8000K)->7577K(8000K)
[66.696s][info][gc             ] GC(386) Pause Young (Allocation Failure) 445M->172M(989M) 3.961ms
[66.696s][info][gc,cpu         ] GC(386) User=0.02s Sys=0.00s Real=0.02s
[66.786s][info][gc,start       ] GC(387) Pause Young (Allocation Failure)
[66.790s][info][gc,heap        ] GC(387) DefNew: 279897K(314560K)->281K(314560K) Eden: 279616K(279616K)->0K(279616K) From: 281K(34944K)->281K(34944K)
[66.790s][info][gc,heap        ] GC(387) Tenured: 175974K(699072K)->175974K(699072K)
[66.790s][info][gc,metaspace   ] GC(387) Metaspace: 61267K(62144K)->61267K(62144K) NonClass: 53689K(54144K)->53689K(54144K) Class: 7577K(8000K)->7577K(8000K)
[66.790s][info][gc             ] GC(387) Pause Young (Allocation Failure) 445M->172M(989M) 3.876ms
[66.790s][info][gc,cpu         ] GC(387) User=0.00s Sys=0.00s Real=0.00s
[66.895s][info][gc,start       ] GC(388) Pause Young (Allocation Failure)
[66.899s][info][gc,heap        ] GC(388) DefNew: 279897K(314560K)->281K(314560K) Eden: 279616K(279616K)->0K(279616K) From: 281K(34944K)->281K(34944K)
[66.899s][info][gc,heap        ] GC(388) Tenured: 175974K(699072K)->175974K(699072K)
[66.899s][info][gc,metaspace   ] GC(388) Metaspace: 61267K(62144K)->61267K(62144K) NonClass: 53689K(54144K)->53689K(54144K) Class: 7577K(8000K)->7577K(8000K)
[66.899s][info][gc             ] GC(388) Pause Young (Allocation Failure) 445M->172M(989M) 3.965ms
[66.899s][info][gc,cpu         ] GC(388) User=0.00s Sys=0.00s Real=0.00s
[66.999s][info][gc,start       ] GC(389) Pause Young (Allocation Failure)
[67.003s][info][gc,heap        ] GC(389) DefNew: 279897K(314560K)->323K(314560K) Eden: 279616K(279616K)->0K(279616K) From: 281K(34944K)->323K(34944K)
[67.003s][info][gc,heap        ] GC(389) Tenured: 175974K(699072K)->175974K(699072K)
[67.003s][info][gc,metaspace   ] GC(389) Metaspace: 61267K(62144K)->61267K(62144K) NonClass: 53689K(54144K)->53689K(54144K) Class: 7577K(8000K)->7577K(8000K)
[67.003s][info][gc             ] GC(389) Pause Young (Allocation Failure) 445M->172M(989M) 4.034ms
[67.003s][info][gc,cpu         ] GC(389) User=0.00s Sys=0.00s Real=0.00s
[67.037s][info][gc,start       ] GC(390) Pause Full (System.gc())
[67.037s][info][gc,phases,start] GC(390) Phase 1: Mark live objects
[67.149s][info][gc,phases      ] GC(390) Phase 1: Mark live objects 112.282ms
[67.150s][info][gc,phases,start] GC(390) Phase 2: Compute new object addresses
[67.216s][info][gc,phases      ] GC(390) Phase 2: Compute new object addresses 66.288ms
[67.216s][info][gc,phases,start] GC(390) Phase 3: Adjust pointers
[67.283s][info][gc,phases      ] GC(390) Phase 3: Adjust pointers 67.294ms
[67.283s][info][gc,phases,start] GC(390) Phase 4: Move objects
[67.283s][info][gc,phases      ] GC(390) Phase 4: Move objects 0.047ms
[67.284s][info][gc,heap        ] GC(390) DefNew: 33990K(314560K)->0K(314560K) Eden: 33666K(279616K)->0K(279616K) From: 323K(34944K)->0K(34944K)
[67.284s][info][gc,heap        ] GC(390) Tenured: 175974K(699072K)->176055K(699072K)
[67.284s][info][gc,metaspace   ] GC(390) Metaspace: 61276K(62144K)->61276K(62144K) NonClass: 53698K(54144K)->53698K(54144K) Class: 7577K(8000K)->7577K(8000K)
[67.284s][info][gc             ] GC(390) Pause Full (System.gc()) 205M->171M(989M) 246.959ms
[67.284s][info][gc,cpu         ] GC(390) User=0.25s Sys=0.00s Real=0.25s
[67.427s][info][gc,start       ] GC(391) Pause Young (Allocation Failure)
[67.432s][info][gc,heap        ] GC(391) DefNew: 279616K(314560K)->285K(314560K) Eden: 279616K(279616K)->0K(279616K) From: 0K(34944K)->285K(34944K)
[67.432s][info][gc,heap        ] GC(391) Tenured: 176055K(699072K)->176055K(699072K)
[67.432s][info][gc,metaspace   ] GC(391) Metaspace: 61308K(62208K)->61308K(62208K) NonClass: 53730K(54208K)->53730K(54208K) Class: 7577K(8000K)->7577K(8000K)
[67.432s][info][gc             ] GC(391) Pause Young (Allocation Failure) 444M->172M(989M) 4.734ms
[67.432s][info][gc,cpu         ] GC(391) User=0.00s Sys=0.00s Real=0.00s
[67.533s][info][gc,start       ] GC(392) Pause Young (Allocation Failure)
[67.537s][info][gc,heap        ] GC(392) DefNew: 279901K(314560K)->277K(314560K) Eden: 279616K(279616K)->0K(279616K) From: 285K(34944K)->277K(34944K)
[67.537s][info][gc,heap        ] GC(392) Tenured: 176055K(699072K)->176055K(699072K)
[67.537s][info][gc,metaspace   ] GC(392) Metaspace: 61308K(62208K)->61308K(62208K) NonClass: 53730K(54208K)->53730K(54208K) Class: 7577K(8000K)->7577K(8000K)
[67.537s][info][gc             ] GC(392) Pause Young (Allocation Failure) 445M->172M(989M) 4.340ms
[67.537s][info][gc,cpu         ] GC(392) User=0.02s Sys=0.00s Real=0.02s
[67.635s][info][gc,start       ] GC(393) Pause Young (Allocation Failure)
[67.639s][info][gc,heap        ] GC(393) DefNew: 279893K(314560K)->277K(314560K) Eden: 279616K(279616K)->0K(279616K) From: 277K(34944K)->277K(34944K)
[67.639s][info][gc,heap        ] GC(393) Tenured: 176055K(699072K)->176055K(699072K)
[67.639s][info][gc,metaspace   ] GC(393) Metaspace: 61308K(62208K)->61308K(62208K) NonClass: 53730K(54208K)->53730K(54208K) Class: 7577K(8000K)->7577K(8000K)
[67.640s][info][gc             ] GC(393) Pause Young (Allocation Failure) 445M->172M(989M) 4.067ms
[67.640s][info][gc,cpu         ] GC(393) User=0.00s Sys=0.00s Real=0.00s
[67.734s][info][gc,start       ] GC(394) Pause Young (Allocation Failure)
[67.738s][info][gc,heap        ] GC(394) DefNew: 279893K(314560K)->277K(314560K) Eden: 279616K(279616K)->0K(279616K) From: 277K(34944K)->277K(34944K)
[67.738s][info][gc,heap        ] GC(394) Tenured: 176055K(699072K)->176055K(699072K)
[67.738s][info][gc,metaspace   ] GC(394) Metaspace: 61308K(62208K)->61308K(62208K) NonClass: 53730K(54208K)->53730K(54208K) Class: 7577K(8000K)->7577K(8000K)
[67.738s][info][gc             ] GC(394) Pause Young (Allocation Failure) 445M->172M(989M) 4.073ms
[67.739s][info][gc,cpu         ] GC(394) User=0.02s Sys=0.00s Real=0.02s
[67.829s][info][gc,start       ] GC(395) Pause Young (Allocation Failure)
[67.833s][info][gc,heap        ] GC(395) DefNew: 279893K(314560K)->277K(314560K) Eden: 279616K(279616K)->0K(279616K) From: 277K(34944K)->277K(34944K)
[67.833s][info][gc,heap        ] GC(395) Tenured: 176055K(699072K)->176055K(699072K)
[67.833s][info][gc,metaspace   ] GC(395) Metaspace: 61308K(62208K)->61308K(62208K) NonClass: 53730K(54208K)->53730K(54208K) Class: 7577K(8000K)->7577K(8000K)
[67.833s][info][gc             ] GC(395) Pause Young (Allocation Failure) 445M->172M(989M) 4.007ms
[67.833s][info][gc,cpu         ] GC(395) User=0.02s Sys=0.00s Real=0.01s
[67.936s][info][gc,start       ] GC(396) Pause Young (Allocation Failure)
[67.940s][info][gc,heap        ] GC(396) DefNew: 279893K(314560K)->277K(314560K) Eden: 279616K(279616K)->0K(279616K) From: 277K(34944K)->277K(34944K)
[67.940s][info][gc,heap        ] GC(396) Tenured: 176055K(699072K)->176055K(699072K)
[67.940s][info][gc,metaspace   ] GC(396) Metaspace: 61308K(62208K)->61308K(62208K) NonClass: 53730K(54208K)->53730K(54208K) Class: 7577K(8000K)->7577K(8000K)
[67.940s][info][gc             ] GC(396) Pause Young (Allocation Failure) 445M->172M(989M) 4.045ms
[67.940s][info][gc,cpu         ] GC(396) User=0.02s Sys=0.00s Real=0.02s
[68.041s][info][gc,start       ] GC(397) Pause Young (Allocation Failure)
[68.045s][info][gc,heap        ] GC(397) DefNew: 279893K(314560K)->217K(314560K) Eden: 279616K(279616K)->0K(279616K) From: 277K(34944K)->217K(34944K)
[68.045s][info][gc,heap        ] GC(397) Tenured: 176055K(699072K)->176055K(699072K)
[68.045s][info][gc,metaspace   ] GC(397) Metaspace: 61308K(62208K)->61308K(62208K) NonClass: 53730K(54208K)->53730K(54208K) Class: 7577K(8000K)->7577K(8000K)
[68.046s][info][gc             ] GC(397) Pause Young (Allocation Failure) 445M->172M(989M) 4.276ms
[68.046s][info][gc,cpu         ] GC(397) User=0.00s Sys=0.00s Real=0.00s
[68.082s][info][gc,start       ] GC(398) Pause Full (System.gc())
[68.083s][info][gc,phases,start] GC(398) Phase 1: Mark live objects
[68.193s][info][gc,phases      ] GC(398) Phase 1: Mark live objects 110.928ms
[68.193s][info][gc,phases,start] GC(398) Phase 2: Compute new object addresses
[68.260s][info][gc,phases      ] GC(398) Phase 2: Compute new object addresses 66.671ms
[68.260s][info][gc,phases,start] GC(398) Phase 3: Adjust pointers
[68.328s][info][gc,phases      ] GC(398) Phase 3: Adjust pointers 67.968ms
[68.328s][info][gc,phases,start] GC(398) Phase 4: Move objects
[68.328s][info][gc,phases      ] GC(398) Phase 4: Move objects 0.046ms
[68.329s][info][gc,heap        ] GC(398) DefNew: 35203K(314560K)->0K(314560K) Eden: 34986K(279616K)->0K(279616K) From: 217K(34944K)->0K(34944K)
[68.329s][info][gc,heap        ] GC(398) Tenured: 176055K(699072K)->176137K(699072K)
[68.329s][info][gc,metaspace   ] GC(398) Metaspace: 61327K(62208K)->61327K(62208K) NonClass: 53749K(54208K)->53749K(54208K) Class: 7577K(8000K)->7577K(8000K)
[68.329s][info][gc             ] GC(398) Pause Full (System.gc()) 206M->172M(989M) 246.725ms
[68.329s][info][gc,cpu         ] GC(398) User=0.23s Sys=0.00s Real=0.24s
[68.473s][info][gc,start       ] GC(399) Pause Young (Allocation Failure)
[68.477s][info][gc,heap        ] GC(399) DefNew: 279616K(314560K)->282K(314560K) Eden: 279616K(279616K)->0K(279616K) From: 0K(34944K)->282K(34944K)
[68.477s][info][gc,heap        ] GC(399) Tenured: 176137K(699072K)->176137K(699072K)
[68.477s][info][gc,metaspace   ] GC(399) Metaspace: 61330K(62208K)->61330K(62208K) NonClass: 53752K(54208K)->53752K(54208K) Class: 7577K(8000K)->7577K(8000K)
[68.478s][info][gc             ] GC(399) Pause Young (Allocation Failure) 445M->172M(989M) 4.530ms
[68.478s][info][gc,cpu         ] GC(399) User=0.00s Sys=0.00s Real=0.00s
[68.576s][info][gc,start       ] GC(400) Pause Young (Allocation Failure)
[68.580s][info][gc,heap        ] GC(400) DefNew: 279898K(314560K)->274K(314560K) Eden: 279616K(279616K)->0K(279616K) From: 282K(34944K)->274K(34944K)
[68.580s][info][gc,heap        ] GC(400) Tenured: 176137K(699072K)->176137K(699072K)
[68.580s][info][gc,metaspace   ] GC(400) Metaspace: 61330K(62208K)->61330K(62208K) NonClass: 53752K(54208K)->53752K(54208K) Class: 7577K(8000K)->7577K(8000K)
[68.580s][info][gc             ] GC(400) Pause Young (Allocation Failure) 445M->172M(989M) 4.148ms
[68.580s][info][gc,cpu         ] GC(400) User=0.00s Sys=0.00s Real=0.00s
[68.679s][info][gc,start       ] GC(401) Pause Young (Allocation Failure)
[68.683s][info][gc,heap        ] GC(401) DefNew: 279890K(314560K)->274K(314560K) Eden: 279616K(279616K)->0K(279616K) From: 274K(34944K)->274K(34944K)
[68.683s][info][gc,heap        ] GC(401) Tenured: 176137K(699072K)->176137K(699072K)
[68.683s][info][gc,metaspace   ] GC(401) Metaspace: 61330K(62208K)->61330K(62208K) NonClass: 53752K(54208K)->53752K(54208K) Class: 7577K(8000K)->7577K(8000K)
[68.683s][info][gc             ] GC(401) Pause Young (Allocation Failure) 445M->172M(989M) 3.933ms
[68.683s][info][gc,cpu         ] GC(401) User=0.02s Sys=0.00s Real=0.02s
[68.774s][info][gc,start       ] GC(402) Pause Young (Allocation Failure)
[68.778s][info][gc,heap        ] GC(402) DefNew: 279890K(314560K)->274K(314560K) Eden: 279616K(279616K)->0K(279616K) From: 274K(34944K)->274K(34944K)
[68.778s][info][gc,heap        ] GC(402) Tenured: 176137K(699072K)->176137K(699072K)
[68.778s][info][gc,metaspace   ] GC(402) Metaspace: 61330K(62208K)->61330K(62208K) NonClass: 53752K(54208K)->53752K(54208K) Class: 7577K(8000K)->7577K(8000K)
[68.778s][info][gc             ] GC(402) Pause Young (Allocation Failure) 445M->172M(989M) 3.800ms
[68.778s][info][gc,cpu         ] GC(402) User=0.00s Sys=0.00s Real=0.00s
[68.870s][info][gc,start       ] GC(403) Pause Young (Allocation Failure)
[68.874s][info][gc,heap        ] GC(403) DefNew: 279890K(314560K)->274K(314560K) Eden: 279616K(279616K)->0K(279616K) From: 274K(34944K)->274K(34944K)
[68.874s][info][gc,heap        ] GC(403) Tenured: 176137K(699072K)->176137K(699072K)
[68.874s][info][gc,metaspace   ] GC(403) Metaspace: 61330K(62208K)->61330K(62208K) NonClass: 53752K(54208K)->53752K(54208K) Class: 7577K(8000K)->7577K(8000K)
[68.874s][info][gc             ] GC(403) Pause Young (Allocation Failure) 445M->172M(989M) 3.881ms
[68.874s][info][gc,cpu         ] GC(403) User=0.00s Sys=0.00s Real=0.00s
[68.966s][info][gc,start       ] GC(404) Pause Young (Allocation Failure)
[68.969s][info][gc,heap        ] GC(404) DefNew: 279890K(314560K)->274K(314560K) Eden: 279616K(279616K)->0K(279616K) From: 274K(34944K)->274K(34944K)
[68.969s][info][gc,heap        ] GC(404) Tenured: 176137K(699072K)->176137K(699072K)
[68.969s][info][gc,metaspace   ] GC(404) Metaspace: 61330K(62208K)->61330K(62208K) NonClass: 53752K(54208K)->53752K(54208K) Class: 7577K(8000K)->7577K(8000K)
[68.970s][info][gc             ] GC(404) Pause Young (Allocation Failure) 445M->172M(989M) 3.909ms
[68.970s][info][gc,cpu         ] GC(404) User=0.02s Sys=0.00s Real=0.01s
[69.072s][info][gc,start       ] GC(405) Pause Young (Allocation Failure)
[69.076s][info][gc,heap        ] GC(405) DefNew: 279890K(314560K)->214K(314560K) Eden: 279616K(279616K)->0K(279616K) From: 274K(34944K)->214K(34944K)
[69.076s][info][gc,heap        ] GC(405) Tenured: 176137K(699072K)->176137K(699072K)
[69.076s][info][gc,metaspace   ] GC(405) Metaspace: 61331K(62208K)->61331K(62208K) NonClass: 53754K(54208K)->53754K(54208K) Class: 7577K(8000K)->7577K(8000K)
[69.076s][info][gc             ] GC(405) Pause Young (Allocation Failure) 445M->172M(989M) 4.064ms
[69.076s][info][gc,cpu         ] GC(405) User=0.00s Sys=0.00s Real=0.00s
[69.123s][info][gc,start       ] GC(406) Pause Full (System.gc())
[69.123s][info][gc,phases,start] GC(406) Phase 1: Mark live objects
[69.264s][info][gc,phases      ] GC(406) Phase 1: Mark live objects 140.645ms
[69.442s][info][gc,phases,start] GC(406) Phase 2: Compute new object addresses
[69.523s][info][gc,phases      ] GC(406) Phase 2: Compute new object addresses 80.975ms
[69.523s][info][gc,phases,start] GC(406) Phase 3: Adjust pointers
[69.596s][info][gc,phases      ] GC(406) Phase 3: Adjust pointers 72.754ms
[69.596s][info][gc,phases,start] GC(406) Phase 4: Move objects
[69.643s][info][gc,phases      ] GC(406) Phase 4: Move objects 46.659ms
[69.643s][info][gc,heap        ] GC(406) DefNew: 29787K(314560K)->0K(314560K) Eden: 29572K(279616K)->0K(279616K) From: 214K(34944K)->0K(34944K)
[69.644s][info][gc,heap        ] GC(406) Tenured: 176137K(699072K)->175955K(699072K)
[69.644s][info][gc,metaspace   ] GC(406) Metaspace: 61334K(62208K)->61334K(62208K) NonClass: 53756K(54208K)->53756K(54208K) Class: 7577K(8000K)->7577K(8000K)
[69.644s][info][gc             ] GC(406) Pause Full (System.gc()) 201M->171M(989M) 520.431ms
[69.644s][info][gc,cpu         ] GC(406) User=0.34s Sys=0.00s Real=0.52s
[69.795s][info][gc,start       ] GC(407) Pause Young (Allocation Failure)
[69.800s][info][gc,heap        ] GC(407) DefNew: 279616K(314560K)->281K(314560K) Eden: 279616K(279616K)->0K(279616K) From: 0K(34944K)->281K(34944K)
[69.800s][info][gc,heap        ] GC(407) Tenured: 175955K(699072K)->175955K(699072K)
[69.800s][info][gc,metaspace   ] GC(407) Metaspace: 61337K(62208K)->61337K(62208K) NonClass: 53759K(54208K)->53759K(54208K) Class: 7577K(8000K)->7577K(8000K)
[69.800s][info][gc             ] GC(407) Pause Young (Allocation Failure) 444M->172M(989M) 4.503ms
[69.800s][info][gc,cpu         ] GC(407) User=0.00s Sys=0.00s Real=0.00s
[69.893s][info][gc,start       ] GC(408) Pause Young (Allocation Failure)
[69.896s][info][gc,heap        ] GC(408) DefNew: 279897K(314560K)->274K(314560K) Eden: 279616K(279616K)->0K(279616K) From: 281K(34944K)->274K(34944K)
[69.896s][info][gc,heap        ] GC(408) Tenured: 175955K(699072K)->175955K(699072K)
[69.896s][info][gc,metaspace   ] GC(408) Metaspace: 61337K(62208K)->61337K(62208K) NonClass: 53759K(54208K)->53759K(54208K) Class: 7577K(8000K)->7577K(8000K)
[69.897s][info][gc             ] GC(408) Pause Young (Allocation Failure) 445M->172M(989M) 4.018ms
[69.897s][info][gc,cpu         ] GC(408) User=0.00s Sys=0.00s Real=0.00s
[70.001s][info][gc,start       ] GC(409) Pause Young (Allocation Failure)
[70.005s][info][gc,heap        ] GC(409) DefNew: 279890K(314560K)->274K(314560K) Eden: 279616K(279616K)->0K(279616K) From: 274K(34944K)->274K(34944K)
[70.005s][info][gc,heap        ] GC(409) Tenured: 175955K(699072K)->175955K(699072K)
[70.005s][info][gc,metaspace   ] GC(409) Metaspace: 61337K(62208K)->61337K(62208K) NonClass: 53759K(54208K)->53759K(54208K) Class: 7577K(8000K)->7577K(8000K)
[70.005s][info][gc             ] GC(409) Pause Young (Allocation Failure) 445M->172M(989M) 3.845ms
[70.005s][info][gc,cpu         ] GC(409) User=0.00s Sys=0.00s Real=0.00s
[70.106s][info][gc,start       ] GC(410) Pause Young (Allocation Failure)
[70.110s][info][gc,heap        ] GC(410) DefNew: 279890K(314560K)->274K(314560K) Eden: 279616K(279616K)->0K(279616K) From: 274K(34944K)->274K(34944K)
[70.110s][info][gc,heap        ] GC(410) Tenured: 175955K(699072K)->175955K(699072K)
[70.110s][info][gc,metaspace   ] GC(410) Metaspace: 61337K(62208K)->61337K(62208K) NonClass: 53759K(54208K)->53759K(54208K) Class: 7577K(8000K)->7577K(8000K)
[70.110s][info][gc             ] GC(410) Pause Young (Allocation Failure) 445M->172M(989M) 3.868ms
[70.110s][info][gc,cpu         ] GC(410) User=0.00s Sys=0.00s Real=0.00s
[70.212s][info][gc,start       ] GC(411) Pause Young (Allocation Failure)
[70.215s][info][gc,heap        ] GC(411) DefNew: 279890K(314560K)->274K(314560K) Eden: 279616K(279616K)->0K(279616K) From: 274K(34944K)->274K(34944K)
[70.215s][info][gc,heap        ] GC(411) Tenured: 175955K(699072K)->175955K(699072K)
[70.215s][info][gc,metaspace   ] GC(411) Metaspace: 61337K(62208K)->61337K(62208K) NonClass: 53759K(54208K)->53759K(54208K) Class: 7577K(8000K)->7577K(8000K)
[70.216s][info][gc             ] GC(411) Pause Young (Allocation Failure) 445M->172M(989M) 3.782ms
[70.216s][info][gc,cpu         ] GC(411) User=0.00s Sys=0.00s Real=0.00s
[70.324s][info][gc,start       ] GC(412) Pause Young (Allocation Failure)
[70.328s][info][gc,heap        ] GC(412) DefNew: 279890K(314560K)->274K(314560K) Eden: 279616K(279616K)->0K(279616K) From: 274K(34944K)->274K(34944K)
[70.328s][info][gc,heap        ] GC(412) Tenured: 175955K(699072K)->175955K(699072K)
[70.328s][info][gc,metaspace   ] GC(412) Metaspace: 61337K(62208K)->61337K(62208K) NonClass: 53759K(54208K)->53759K(54208K) Class: 7577K(8000K)->7577K(8000K)
[70.328s][info][gc             ] GC(412) Pause Young (Allocation Failure) 445M->172M(989M) 3.856ms
[70.328s][info][gc,cpu         ] GC(412) User=0.00s Sys=0.00s Real=0.00s
[70.419s][info][gc,start       ] GC(413) Pause Young (Allocation Failure)
[70.422s][info][gc,heap        ] GC(413) DefNew: 279890K(314560K)->274K(314560K) Eden: 279616K(279616K)->0K(279616K) From: 274K(34944K)->274K(34944K)
[70.423s][info][gc,heap        ] GC(413) Tenured: 175955K(699072K)->175955K(699072K)
[70.423s][info][gc,metaspace   ] GC(413) Metaspace: 61337K(62208K)->61337K(62208K) NonClass: 53759K(54208K)->53759K(54208K) Class: 7577K(8000K)->7577K(8000K)
[70.423s][info][gc             ] GC(413) Pause Young (Allocation Failure) 445M->172M(989M) 3.784ms
[70.423s][info][gc,cpu         ] GC(413) User=0.00s Sys=0.00s Real=0.00s
[70.461s][info][gc,start       ] GC(414) Pause Full (System.gc())
[70.461s][info][gc,phases,start] GC(414) Phase 1: Mark live objects
[70.589s][info][gc,phases      ] GC(414) Phase 1: Mark live objects 127.715ms
[70.589s][info][gc,phases,start] GC(414) Phase 2: Compute new object addresses
[70.655s][info][gc,phases      ] GC(414) Phase 2: Compute new object addresses 66.110ms
[70.655s][info][gc,phases,start] GC(414) Phase 3: Adjust pointers
[70.723s][info][gc,phases      ] GC(414) Phase 3: Adjust pointers 67.919ms
[70.723s][info][gc,phases,start] GC(414) Phase 4: Move objects
[70.723s][info][gc,phases      ] GC(414) Phase 4: Move objects 0.045ms
[70.724s][info][gc,heap        ] GC(414) DefNew: 32983K(314560K)->0K(314560K) Eden: 32709K(279616K)->0K(279616K) From: 274K(34944K)->0K(34944K)
[70.724s][info][gc,heap        ] GC(414) Tenured: 175955K(699072K)->176034K(699072K)
[70.724s][info][gc,metaspace   ] GC(414) Metaspace: 61342K(62208K)->61342K(62208K) NonClass: 53764K(54208K)->53764K(54208K) Class: 7577K(8000K)->7577K(8000K)
[70.724s][info][gc             ] GC(414) Pause Full (System.gc()) 204M->171M(989M) 262.831ms
[70.724s][info][gc,cpu         ] GC(414) User=0.27s Sys=0.00s Real=0.27s
[70.885s][info][gc,start       ] GC(415) Pause Young (Allocation Failure)
[70.890s][info][gc,heap        ] GC(415) DefNew: 279616K(314560K)->282K(314560K) Eden: 279616K(279616K)->0K(279616K) From: 0K(34944K)->282K(34944K)
[70.890s][info][gc,heap        ] GC(415) Tenured: 176034K(699072K)->176034K(699072K)
[70.890s][info][gc,metaspace   ] GC(415) Metaspace: 61362K(62272K)->61362K(62272K) NonClass: 53784K(54272K)->53784K(54272K) Class: 7577K(8000K)->7577K(8000K)
[70.890s][info][gc             ] GC(415) Pause Young (Allocation Failure) 444M->172M(989M) 4.532ms
[70.890s][info][gc,cpu         ] GC(415) User=0.02s Sys=0.00s Real=0.01s
[70.993s][info][gc,start       ] GC(416) Pause Young (Allocation Failure)
[70.997s][info][gc,heap        ] GC(416) DefNew: 279898K(314560K)->275K(314560K) Eden: 279616K(279616K)->0K(279616K) From: 282K(34944K)->275K(34944K)
[70.997s][info][gc,heap        ] GC(416) Tenured: 176034K(699072K)->176034K(699072K)
[70.997s][info][gc,metaspace   ] GC(416) Metaspace: 61362K(62272K)->61362K(62272K) NonClass: 53784K(54272K)->53784K(54272K) Class: 7577K(8000K)->7577K(8000K)
[70.997s][info][gc             ] GC(416) Pause Young (Allocation Failure) 445M->172M(989M) 4.175ms
[70.998s][info][gc,cpu         ] GC(416) User=0.00s Sys=0.00s Real=0.00s
[71.094s][info][gc,start       ] GC(417) Pause Young (Allocation Failure)
[71.098s][info][gc,heap        ] GC(417) DefNew: 279891K(314560K)->276K(314560K) Eden: 279616K(279616K)->0K(279616K) From: 275K(34944K)->276K(34944K)
[71.098s][info][gc,heap        ] GC(417) Tenured: 176034K(699072K)->176034K(699072K)
[71.098s][info][gc,metaspace   ] GC(417) Metaspace: 61363K(62272K)->61363K(62272K) NonClass: 53785K(54272K)->53785K(54272K) Class: 7577K(8000K)->7577K(8000K)
[71.098s][info][gc             ] GC(417) Pause Young (Allocation Failure) 445M->172M(989M) 4.088ms
[71.098s][info][gc,cpu         ] GC(417) User=0.00s Sys=0.00s Real=0.00s
[71.189s][info][gc,start       ] GC(418) Pause Young (Allocation Failure)
[71.192s][info][gc,heap        ] GC(418) DefNew: 279892K(314560K)->276K(314560K) Eden: 279616K(279616K)->0K(279616K) From: 276K(34944K)->276K(34944K)
[71.192s][info][gc,heap        ] GC(418) Tenured: 176034K(699072K)->176034K(699072K)
[71.192s][info][gc,metaspace   ] GC(418) Metaspace: 61363K(62272K)->61363K(62272K) NonClass: 53785K(54272K)->53785K(54272K) Class: 7577K(8000K)->7577K(8000K)
[71.193s][info][gc             ] GC(418) Pause Young (Allocation Failure) 445M->172M(989M) 3.887ms
[71.193s][info][gc,cpu         ] GC(418) User=0.00s Sys=0.00s Real=0.00s
[71.285s][info][gc,start       ] GC(419) Pause Young (Allocation Failure)
[71.289s][info][gc,heap        ] GC(419) DefNew: 279892K(314560K)->276K(314560K) Eden: 279616K(279616K)->0K(279616K) From: 276K(34944K)->276K(34944K)
[71.289s][info][gc,heap        ] GC(419) Tenured: 176034K(699072K)->176034K(699072K)
[71.289s][info][gc,metaspace   ] GC(419) Metaspace: 61363K(62272K)->61363K(62272K) NonClass: 53785K(54272K)->53785K(54272K) Class: 7577K(8000K)->7577K(8000K)
[71.289s][info][gc             ] GC(419) Pause Young (Allocation Failure) 445M->172M(989M) 3.848ms
[71.289s][info][gc,cpu         ] GC(419) User=0.00s Sys=0.00s Real=0.00s
[71.386s][info][gc,start       ] GC(420) Pause Young (Allocation Failure)
[71.390s][info][gc,heap        ] GC(420) DefNew: 279892K(314560K)->276K(314560K) Eden: 279616K(279616K)->0K(279616K) From: 276K(34944K)->276K(34944K)
[71.390s][info][gc,heap        ] GC(420) Tenured: 176034K(699072K)->176034K(699072K)
[71.390s][info][gc,metaspace   ] GC(420) Metaspace: 61363K(62272K)->61363K(62272K) NonClass: 53785K(54272K)->53785K(54272K) Class: 7577K(8000K)->7577K(8000K)
[71.390s][info][gc             ] GC(420) Pause Young (Allocation Failure) 445M->172M(989M) 3.919ms
[71.390s][info][gc,cpu         ] GC(420) User=0.02s Sys=0.00s Real=0.01s
[71.506s][info][gc,start       ] GC(421) Pause Young (Allocation Failure)
[71.510s][info][gc,heap        ] GC(421) DefNew: 279892K(314560K)->216K(314560K) Eden: 279616K(279616K)->0K(279616K) From: 276K(34944K)->216K(34944K)
[71.510s][info][gc,heap        ] GC(421) Tenured: 176034K(699072K)->176034K(699072K)
[71.510s][info][gc,metaspace   ] GC(421) Metaspace: 61369K(62272K)->61369K(62272K) NonClass: 53791K(54272K)->53791K(54272K) Class: 7577K(8000K)->7577K(8000K)
[71.510s][info][gc             ] GC(421) Pause Young (Allocation Failure) 445M->172M(989M) 4.092ms
[71.510s][info][gc,cpu         ] GC(421) User=0.00s Sys=0.00s Real=0.00s
[71.546s][info][gc,start       ] GC(422) Pause Full (System.gc())
[71.546s][info][gc,phases,start] GC(422) Phase 1: Mark live objects
[71.673s][info][gc,phases      ] GC(422) Phase 1: Mark live objects 127.139ms
[71.673s][info][gc,phases,start] GC(422) Phase 2: Compute new object addresses
[71.740s][info][gc,phases      ] GC(422) Phase 2: Compute new object addresses 66.990ms
[71.740s][info][gc,phases,start] GC(422) Phase 3: Adjust pointers
[71.809s][info][gc,phases      ] GC(422) Phase 3: Adjust pointers 68.287ms
[71.809s][info][gc,phases,start] GC(422) Phase 4: Move objects
[71.809s][info][gc,phases      ] GC(422) Phase 4: Move objects 0.044ms
[71.809s][info][gc,heap        ] GC(422) DefNew: 34449K(314560K)->0K(314560K) Eden: 34233K(279616K)->0K(279616K) From: 216K(34944K)->0K(34944K)
[71.809s][info][gc,heap        ] GC(422) Tenured: 176034K(699072K)->176115K(699072K)
[71.809s][info][gc,metaspace   ] GC(422) Metaspace: 61383K(62272K)->61383K(62272K) NonClass: 53805K(54272K)->53805K(54272K) Class: 7577K(8000K)->7577K(8000K)
[71.809s][info][gc             ] GC(422) Pause Full (System.gc()) 205M->171M(989M) 263.544ms
[71.809s][info][gc,cpu         ] GC(422) User=0.25s Sys=0.02s Real=0.27s
[71.969s][info][gc,start       ] GC(423) Pause Young (Allocation Failure)
[71.974s][info][gc,heap        ] GC(423) DefNew: 279616K(314560K)->282K(314560K) Eden: 279616K(279616K)->0K(279616K) From: 0K(34944K)->282K(34944K)
[71.974s][info][gc,heap        ] GC(423) Tenured: 176115K(699072K)->176115K(699072K)
[71.974s][info][gc,metaspace   ] GC(423) Metaspace: 61475K(62336K)->61475K(62336K) NonClass: 53897K(54336K)->53897K(54336K) Class: 7577K(8000K)->7577K(8000K)
[71.974s][info][gc             ] GC(423) Pause Young (Allocation Failure) 445M->172M(989M) 5.077ms
[71.974s][info][gc,cpu         ] GC(423) User=0.00s Sys=0.00s Real=0.02s
[72.071s][info][gc,start       ] GC(424) Pause Young (Allocation Failure)
[72.076s][info][gc,heap        ] GC(424) DefNew: 279898K(314560K)->274K(314560K) Eden: 279616K(279616K)->0K(279616K) From: 282K(34944K)->274K(34944K)
[72.076s][info][gc,heap        ] GC(424) Tenured: 176115K(699072K)->176115K(699072K)
[72.076s][info][gc,metaspace   ] GC(424) Metaspace: 61475K(62336K)->61475K(62336K) NonClass: 53897K(54336K)->53897K(54336K) Class: 7577K(8000K)->7577K(8000K)
[72.076s][info][gc             ] GC(424) Pause Young (Allocation Failure) 445M->172M(989M) 4.328ms
[72.076s][info][gc,cpu         ] GC(424) User=0.00s Sys=0.00s Real=0.00s
[72.167s][info][gc,start       ] GC(425) Pause Young (Allocation Failure)
[72.171s][info][gc,heap        ] GC(425) DefNew: 279890K(314560K)->274K(314560K) Eden: 279616K(279616K)->0K(279616K) From: 274K(34944K)->274K(34944K)
[72.171s][info][gc,heap        ] GC(425) Tenured: 176115K(699072K)->176115K(699072K)
[72.171s][info][gc,metaspace   ] GC(425) Metaspace: 61475K(62336K)->61475K(62336K) NonClass: 53897K(54336K)->53897K(54336K) Class: 7577K(8000K)->7577K(8000K)
[72.172s][info][gc             ] GC(425) Pause Young (Allocation Failure) 445M->172M(989M) 4.118ms
[72.172s][info][gc,cpu         ] GC(425) User=0.00s Sys=0.00s Real=0.00s
[72.263s][info][gc,start       ] GC(426) Pause Young (Allocation Failure)
[72.266s][info][gc,heap        ] GC(426) DefNew: 279890K(314560K)->274K(314560K) Eden: 279616K(279616K)->0K(279616K) From: 274K(34944K)->274K(34944K)
[72.267s][info][gc,heap        ] GC(426) Tenured: 176115K(699072K)->176115K(699072K)
[72.267s][info][gc,metaspace   ] GC(426) Metaspace: 61475K(62336K)->61475K(62336K) NonClass: 53897K(54336K)->53897K(54336K) Class: 7577K(8000K)->7577K(8000K)
[72.267s][info][gc             ] GC(426) Pause Young (Allocation Failure) 445M->172M(989M) 3.993ms
[72.267s][info][gc,cpu         ] GC(426) User=0.00s Sys=0.00s Real=0.00s
[72.358s][info][gc,start       ] GC(427) Pause Young (Allocation Failure)
[72.362s][info][gc,heap        ] GC(427) DefNew: 279890K(314560K)->274K(314560K) Eden: 279616K(279616K)->0K(279616K) From: 274K(34944K)->274K(34944K)
[72.362s][info][gc,heap        ] GC(427) Tenured: 176115K(699072K)->176115K(699072K)
[72.362s][info][gc,metaspace   ] GC(427) Metaspace: 61475K(62336K)->61475K(62336K) NonClass: 53897K(54336K)->53897K(54336K) Class: 7577K(8000K)->7577K(8000K)
[72.362s][info][gc             ] GC(427) Pause Young (Allocation Failure) 445M->172M(989M) 4.006ms
[72.362s][info][gc,cpu         ] GC(427) User=0.00s Sys=0.00s Real=0.00s
[72.458s][info][gc,start       ] GC(428) Pause Young (Allocation Failure)
[72.462s][info][gc,heap        ] GC(428) DefNew: 279890K(314560K)->274K(314560K) Eden: 279616K(279616K)->0K(279616K) From: 274K(34944K)->274K(34944K)
[72.462s][info][gc,heap        ] GC(428) Tenured: 176115K(699072K)->176115K(699072K)
[72.462s][info][gc,metaspace   ] GC(428) Metaspace: 61475K(62336K)->61475K(62336K) NonClass: 53897K(54336K)->53897K(54336K) Class: 7577K(8000K)->7577K(8000K)
[72.462s][info][gc             ] GC(428) Pause Young (Allocation Failure) 445M->172M(989M) 3.971ms
[72.462s][info][gc,cpu         ] GC(428) User=0.00s Sys=0.00s Real=0.00s
[72.580s][info][gc,start       ] GC(429) Pause Young (Allocation Failure)
[72.584s][info][gc,heap        ] GC(429) DefNew: 279890K(314560K)->214K(314560K) Eden: 279616K(279616K)->0K(279616K) From: 274K(34944K)->214K(34944K)
[72.584s][info][gc,heap        ] GC(429) Tenured: 176115K(699072K)->176115K(699072K)
[72.584s][info][gc,metaspace   ] GC(429) Metaspace: 61475K(62336K)->61475K(62336K) NonClass: 53897K(54336K)->53897K(54336K) Class: 7577K(8000K)->7577K(8000K)
[72.584s][info][gc             ] GC(429) Pause Young (Allocation Failure) 445M->172M(989M) 4.214ms
[72.585s][info][gc,cpu         ] GC(429) User=0.02s Sys=0.00s Real=0.02s
[72.618s][info][gc,start       ] GC(430) Pause Full (System.gc())
[72.618s][info][gc,phases,start] GC(430) Phase 1: Mark live objects
[72.733s][info][gc,phases      ] GC(430) Phase 1: Mark live objects 114.764ms
[72.733s][info][gc,phases,start] GC(430) Phase 2: Compute new object addresses
[72.799s][info][gc,phases      ] GC(430) Phase 2: Compute new object addresses 65.781ms
[72.799s][info][gc,phases,start] GC(430) Phase 3: Adjust pointers
[72.867s][info][gc,phases      ] GC(430) Phase 3: Adjust pointers 68.593ms
[72.867s][info][gc,phases,start] GC(430) Phase 4: Move objects
[72.868s][info][gc,phases      ] GC(430) Phase 4: Move objects 0.043ms
[72.868s][info][gc,heap        ] GC(430) DefNew: 32089K(314560K)->0K(314560K) Eden: 31874K(279616K)->0K(279616K) From: 214K(34944K)->0K(34944K)
[72.868s][info][gc,heap        ] GC(430) Tenured: 176115K(699072K)->176195K(699072K)
[72.868s][info][gc,metaspace   ] GC(430) Metaspace: 61493K(62400K)->61493K(62400K) NonClass: 53915K(54400K)->53915K(54400K) Class: 7577K(8000K)->7577K(8000K)
[72.868s][info][gc             ] GC(430) Pause Full (System.gc()) 203M->172M(989M) 250.293ms
[72.868s][info][gc,cpu         ] GC(430) User=0.25s Sys=0.00s Real=0.25s
[73.012s][info][gc,start       ] GC(431) Pause Young (Allocation Failure)
[73.017s][info][gc,heap        ] GC(431) DefNew: 279616K(314560K)->281K(314560K) Eden: 279616K(279616K)->0K(279616K) From: 0K(34944K)->281K(34944K)
[73.017s][info][gc,heap        ] GC(431) Tenured: 176195K(699072K)->176195K(699072K)
[73.017s][info][gc,metaspace   ] GC(431) Metaspace: 61495K(62400K)->61495K(62400K) NonClass: 53917K(54400K)->53917K(54400K) Class: 7577K(8000K)->7577K(8000K)
[73.017s][info][gc             ] GC(431) Pause Young (Allocation Failure) 445M->172M(989M) 4.651ms
[73.017s][info][gc,cpu         ] GC(431) User=0.00s Sys=0.00s Real=0.00s
[73.115s][info][gc,start       ] GC(432) Pause Young (Allocation Failure)
[73.119s][info][gc,heap        ] GC(432) DefNew: 279897K(314560K)->274K(314560K) Eden: 279616K(279616K)->0K(279616K) From: 281K(34944K)->274K(34944K)
[73.119s][info][gc,heap        ] GC(432) Tenured: 176195K(699072K)->176195K(699072K)
[73.119s][info][gc,metaspace   ] GC(432) Metaspace: 61495K(62400K)->61495K(62400K) NonClass: 53917K(54400K)->53917K(54400K) Class: 7577K(8000K)->7577K(8000K)
[73.119s][info][gc             ] GC(432) Pause Young (Allocation Failure) 445M->172M(989M) 4.284ms
[73.119s][info][gc,cpu         ] GC(432) User=0.02s Sys=0.00s Real=0.02s
[73.220s][info][gc,start       ] GC(433) Pause Young (Allocation Failure)
[73.224s][info][gc,heap        ] GC(433) DefNew: 279890K(314560K)->274K(314560K) Eden: 279616K(279616K)->0K(279616K) From: 274K(34944K)->274K(34944K)
[73.224s][info][gc,heap        ] GC(433) Tenured: 176195K(699072K)->176195K(699072K)
[73.224s][info][gc,metaspace   ] GC(433) Metaspace: 61495K(62400K)->61495K(62400K) NonClass: 53917K(54400K)->53917K(54400K) Class: 7577K(8000K)->7577K(8000K)
[73.224s][info][gc             ] GC(433) Pause Young (Allocation Failure) 445M->172M(989M) 4.036ms
[73.224s][info][gc,cpu         ] GC(433) User=0.00s Sys=0.00s Real=0.00s
[73.316s][info][gc,start       ] GC(434) Pause Young (Allocation Failure)
[73.320s][info][gc,heap        ] GC(434) DefNew: 279890K(314560K)->274K(314560K) Eden: 279616K(279616K)->0K(279616K) From: 274K(34944K)->274K(34944K)
[73.320s][info][gc,heap        ] GC(434) Tenured: 176195K(699072K)->176195K(699072K)
[73.320s][info][gc,metaspace   ] GC(434) Metaspace: 61495K(62400K)->61495K(62400K) NonClass: 53917K(54400K)->53917K(54400K) Class: 7577K(8000K)->7577K(8000K)
[73.320s][info][gc             ] GC(434) Pause Young (Allocation Failure) 445M->172M(989M) 3.953ms
[73.320s][info][gc,cpu         ] GC(434) User=0.02s Sys=0.00s Real=0.02s
[73.422s][info][gc,start       ] GC(435) Pause Young (Allocation Failure)
[73.580s][info][gc,heap        ] GC(435) DefNew: 279890K(314560K)->274K(314560K) Eden: 279616K(279616K)->0K(279616K) From: 274K(34944K)->274K(34944K)
[73.580s][info][gc,heap        ] GC(435) Tenured: 176195K(699072K)->176195K(699072K)
[73.580s][info][gc,metaspace   ] GC(435) Metaspace: 61495K(62400K)->61495K(62400K) NonClass: 53917K(54400K)->53917K(54400K) Class: 7577K(8000K)->7577K(8000K)
[73.580s][info][gc             ] GC(435) Pause Young (Allocation Failure) 445M->172M(989M) 157.827ms
[73.580s][info][gc,cpu         ] GC(435) User=0.00s Sys=0.00s Real=0.16s
[73.702s][info][gc,start       ] GC(436) Pause Young (Allocation Failure)
[73.706s][info][gc,heap        ] GC(436) DefNew: 279890K(314560K)->274K(314560K) Eden: 279616K(279616K)->0K(279616K) From: 274K(34944K)->274K(34944K)
[73.706s][info][gc,heap        ] GC(436) Tenured: 176195K(699072K)->176195K(699072K)
[73.706s][info][gc,metaspace   ] GC(436) Metaspace: 61495K(62400K)->61495K(62400K) NonClass: 53917K(54400K)->53917K(54400K) Class: 7577K(8000K)->7577K(8000K)
[73.706s][info][gc             ] GC(436) Pause Young (Allocation Failure) 445M->172M(989M) 3.982ms
[73.706s][info][gc,cpu         ] GC(436) User=0.00s Sys=0.00s Real=0.00s
[73.820s][info][gc,start       ] GC(437) Pause Young (Allocation Failure)
[73.824s][info][gc,heap        ] GC(437) DefNew: 279890K(314560K)->214K(314560K) Eden: 279616K(279616K)->0K(279616K) From: 274K(34944K)->214K(34944K)
[73.824s][info][gc,heap        ] GC(437) Tenured: 176195K(699072K)->176195K(699072K)
[73.824s][info][gc,metaspace   ] GC(437) Metaspace: 61495K(62400K)->61495K(62400K) NonClass: 53917K(54400K)->53917K(54400K) Class: 7577K(8000K)->7577K(8000K)
[73.824s][info][gc             ] GC(437) Pause Young (Allocation Failure) 445M->172M(989M) 4.096ms
[73.824s][info][gc,cpu         ] GC(437) User=0.00s Sys=0.00s Real=0.00s
[73.858s][info][gc,start       ] GC(438) Pause Full (System.gc())
[73.858s][info][gc,phases,start] GC(438) Phase 1: Mark live objects
[73.970s][info][gc,phases      ] GC(438) Phase 1: Mark live objects 112.270ms
[73.970s][info][gc,phases,start] GC(438) Phase 2: Compute new object addresses
[74.037s][info][gc,phases      ] GC(438) Phase 2: Compute new object addresses 66.952ms
[74.037s][info][gc,phases,start] GC(438) Phase 3: Adjust pointers
[74.109s][info][gc,phases      ] GC(438) Phase 3: Adjust pointers 71.885ms
[74.109s][info][gc,phases,start] GC(438) Phase 4: Move objects
[74.156s][info][gc,phases      ] GC(438) Phase 4: Move objects 46.800ms
[74.157s][info][gc,heap        ] GC(438) DefNew: 34137K(314560K)->0K(314560K) Eden: 33923K(279616K)->0K(279616K) From: 214K(34944K)->0K(34944K)
[74.157s][info][gc,heap        ] GC(438) Tenured: 176195K(699072K)->176022K(699072K)
[74.157s][info][gc,metaspace   ] GC(438) Metaspace: 61495K(62400K)->61495K(62400K) NonClass: 53917K(54400K)->53917K(54400K) Class: 7577K(8000K)->7577K(8000K)
[74.157s][info][gc             ] GC(438) Pause Full (System.gc()) 205M->171M(989M) 299.018ms
[74.157s][info][gc,cpu         ] GC(438) User=0.31s Sys=0.00s Real=0.30s
[74.302s][info][gc,start       ] GC(439) Pause Young (Allocation Failure)
[74.306s][info][gc,heap        ] GC(439) DefNew: 279616K(314560K)->281K(314560K) Eden: 279616K(279616K)->0K(279616K) From: 0K(34944K)->281K(34944K)
[74.306s][info][gc,heap        ] GC(439) Tenured: 176022K(699072K)->176022K(699072K)
[74.306s][info][gc,metaspace   ] GC(439) Metaspace: 61503K(62400K)->61503K(62400K) NonClass: 53925K(54400K)->53925K(54400K) Class: 7577K(8000K)->7577K(8000K)
[74.306s][info][gc             ] GC(439) Pause Young (Allocation Failure) 444M->172M(989M) 4.628ms
[74.307s][info][gc,cpu         ] GC(439) User=0.02s Sys=0.00s Real=0.02s
[74.409s][info][gc,start       ] GC(440) Pause Young (Allocation Failure)
[74.413s][info][gc,heap        ] GC(440) DefNew: 279897K(314560K)->274K(314560K) Eden: 279616K(279616K)->0K(279616K) From: 281K(34944K)->274K(34944K)
[74.413s][info][gc,heap        ] GC(440) Tenured: 176022K(699072K)->176022K(699072K)
[74.413s][info][gc,metaspace   ] GC(440) Metaspace: 61503K(62400K)->61503K(62400K) NonClass: 53925K(54400K)->53925K(54400K) Class: 7577K(8000K)->7577K(8000K)
[74.413s][info][gc             ] GC(440) Pause Young (Allocation Failure) 445M->172M(989M) 4.210ms
[74.413s][info][gc,cpu         ] GC(440) User=0.02s Sys=0.00s Real=0.02s
[74.514s][info][gc,start       ] GC(441) Pause Young (Allocation Failure)
[74.518s][info][gc,heap        ] GC(441) DefNew: 279890K(314560K)->274K(314560K) Eden: 279616K(279616K)->0K(279616K) From: 274K(34944K)->274K(34944K)
[74.518s][info][gc,heap        ] GC(441) Tenured: 176022K(699072K)->176022K(699072K)
[74.518s][info][gc,metaspace   ] GC(441) Metaspace: 61503K(62400K)->61503K(62400K) NonClass: 53925K(54400K)->53925K(54400K) Class: 7577K(8000K)->7577K(8000K)
[74.518s][info][gc             ] GC(441) Pause Young (Allocation Failure) 445M->172M(989M) 4.043ms
[74.518s][info][gc,cpu         ] GC(441) User=0.00s Sys=0.00s Real=0.00s
[74.611s][info][gc,start       ] GC(442) Pause Young (Allocation Failure)
[74.615s][info][gc,heap        ] GC(442) DefNew: 279890K(314560K)->274K(314560K) Eden: 279616K(279616K)->0K(279616K) From: 274K(34944K)->274K(34944K)
[74.615s][info][gc,heap        ] GC(442) Tenured: 176022K(699072K)->176022K(699072K)
[74.615s][info][gc,metaspace   ] GC(442) Metaspace: 61503K(62400K)->61503K(62400K) NonClass: 53925K(54400K)->53925K(54400K) Class: 7577K(8000K)->7577K(8000K)
[74.615s][info][gc             ] GC(442) Pause Young (Allocation Failure) 445M->172M(989M) 3.951ms
[74.615s][info][gc,cpu         ] GC(442) User=0.00s Sys=0.00s Real=0.00s
[74.716s][info][gc,start       ] GC(443) Pause Young (Allocation Failure)
[74.720s][info][gc,heap        ] GC(443) DefNew: 279890K(314560K)->274K(314560K) Eden: 279616K(279616K)->0K(279616K) From: 274K(34944K)->274K(34944K)
[74.720s][info][gc,heap        ] GC(443) Tenured: 176022K(699072K)->176022K(699072K)
[74.720s][info][gc,metaspace   ] GC(443) Metaspace: 61503K(62400K)->61503K(62400K) NonClass: 53925K(54400K)->53925K(54400K) Class: 7577K(8000K)->7577K(8000K)
[74.720s][info][gc             ] GC(443) Pause Young (Allocation Failure) 445M->172M(989M) 3.933ms
[74.720s][info][gc,cpu         ] GC(443) User=0.00s Sys=0.00s Real=0.00s
[74.829s][info][gc,start       ] GC(444) Pause Young (Allocation Failure)
[74.833s][info][gc,heap        ] GC(444) DefNew: 279890K(314560K)->274K(314560K) Eden: 279616K(279616K)->0K(279616K) From: 274K(34944K)->274K(34944K)
[74.833s][info][gc,heap        ] GC(444) Tenured: 176022K(699072K)->176022K(699072K)
[74.833s][info][gc,metaspace   ] GC(444) Metaspace: 61503K(62400K)->61503K(62400K) NonClass: 53925K(54400K)->53925K(54400K) Class: 7577K(8000K)->7577K(8000K)
[74.833s][info][gc             ] GC(444) Pause Young (Allocation Failure) 445M->172M(989M) 3.945ms
[74.833s][info][gc,cpu         ] GC(444) User=0.00s Sys=0.00s Real=0.00s
[74.927s][info][gc,start       ] GC(445) Pause Young (Allocation Failure)
[74.931s][info][gc,heap        ] GC(445) DefNew: 279890K(314560K)->274K(314560K) Eden: 279616K(279616K)->0K(279616K) From: 274K(34944K)->274K(34944K)
[74.931s][info][gc,heap        ] GC(445) Tenured: 176022K(699072K)->176022K(699072K)
[74.931s][info][gc,metaspace   ] GC(445) Metaspace: 61503K(62400K)->61503K(62400K) NonClass: 53925K(54400K)->53925K(54400K) Class: 7577K(8000K)->7577K(8000K)
[74.931s][info][gc             ] GC(445) Pause Young (Allocation Failure) 445M->172M(989M) 3.900ms
[74.931s][info][gc,cpu         ] GC(445) User=0.02s Sys=0.00s Real=0.02s
[74.963s][info][gc,start       ] GC(446) Pause Full (System.gc())
[74.963s][info][gc,phases,start] GC(446) Phase 1: Mark live objects
[75.075s][info][gc,phases      ] GC(446) Phase 1: Mark live objects 112.419ms
[75.075s][info][gc,phases,start] GC(446) Phase 2: Compute new object addresses
[75.140s][info][gc,phases      ] GC(446) Phase 2: Compute new object addresses 65.105ms
[75.141s][info][gc,phases,start] GC(446) Phase 3: Adjust pointers
[75.209s][info][gc,phases      ] GC(446) Phase 3: Adjust pointers 68.213ms
[75.209s][info][gc,phases,start] GC(446) Phase 4: Move objects
[75.209s][info][gc,phases      ] GC(446) Phase 4: Move objects 0.043ms
[75.209s][info][gc,heap        ] GC(446) DefNew: 29544K(314560K)->0K(314560K) Eden: 29270K(279616K)->0K(279616K) From: 274K(34944K)->0K(34944K)
[75.210s][info][gc,heap        ] GC(446) Tenured: 176022K(699072K)->176101K(699072K)
[75.210s][info][gc,metaspace   ] GC(446) Metaspace: 61503K(62400K)->61503K(62400K) NonClass: 53925K(54400K)->53925K(54400K) Class: 7577K(8000K)->7577K(8000K)
[75.210s][info][gc             ] GC(446) Pause Full (System.gc()) 200M->171M(989M) 246.808ms
[75.210s][info][gc,cpu         ] GC(446) User=0.25s Sys=0.00s Real=0.25s
[75.363s][info][gc,start       ] GC(447) Pause Young (Allocation Failure)
[75.368s][info][gc,heap        ] GC(447) DefNew: 279616K(314560K)->282K(314560K) Eden: 279616K(279616K)->0K(279616K) From: 0K(34944K)->282K(34944K)
[75.368s][info][gc,heap        ] GC(447) Tenured: 176101K(699072K)->176101K(699072K)
[75.368s][info][gc,metaspace   ] GC(447) Metaspace: 61509K(62464K)->61509K(62464K) NonClass: 53931K(54464K)->53931K(54464K) Class: 7577K(8000K)->7577K(8000K)
[75.368s][info][gc             ] GC(447) Pause Young (Allocation Failure) 445M->172M(989M) 4.741ms
[75.368s][info][gc,cpu         ] GC(447) User=0.02s Sys=0.00s Real=0.02s
[75.476s][info][gc,start       ] GC(448) Pause Young (Allocation Failure)
[75.480s][info][gc,heap        ] GC(448) DefNew: 279898K(314560K)->274K(314560K) Eden: 279616K(279616K)->0K(279616K) From: 282K(34944K)->274K(34944K)
[75.480s][info][gc,heap        ] GC(448) Tenured: 176101K(699072K)->176101K(699072K)
[75.480s][info][gc,metaspace   ] GC(448) Metaspace: 61509K(62464K)->61509K(62464K) NonClass: 53931K(54464K)->53931K(54464K) Class: 7577K(8000K)->7577K(8000K)
[75.480s][info][gc             ] GC(448) Pause Young (Allocation Failure) 445M->172M(989M) 4.225ms
[75.480s][info][gc,cpu         ] GC(448) User=0.00s Sys=0.00s Real=0.00s
[75.584s][info][gc,start       ] GC(449) Pause Young (Allocation Failure)
[75.588s][info][gc,heap        ] GC(449) DefNew: 279890K(314560K)->274K(314560K) Eden: 279616K(279616K)->0K(279616K) From: 274K(34944K)->274K(34944K)
[75.588s][info][gc,heap        ] GC(449) Tenured: 176101K(699072K)->176101K(699072K)
[75.588s][info][gc,metaspace   ] GC(449) Metaspace: 61509K(62464K)->61509K(62464K) NonClass: 53931K(54464K)->53931K(54464K) Class: 7577K(8000K)->7577K(8000K)
[75.588s][info][gc             ] GC(449) Pause Young (Allocation Failure) 445M->172M(989M) 4.157ms
[75.588s][info][gc,cpu         ] GC(449) User=0.02s Sys=0.00s Real=0.02s
[75.693s][info][gc,start       ] GC(450) Pause Young (Allocation Failure)
[75.697s][info][gc,heap        ] GC(450) DefNew: 279890K(314560K)->274K(314560K) Eden: 279616K(279616K)->0K(279616K) From: 274K(34944K)->274K(34944K)
[75.697s][info][gc,heap        ] GC(450) Tenured: 176101K(699072K)->176101K(699072K)
[75.697s][info][gc,metaspace   ] GC(450) Metaspace: 61509K(62464K)->61509K(62464K) NonClass: 53931K(54464K)->53931K(54464K) Class: 7577K(8000K)->7577K(8000K)
[75.697s][info][gc             ] GC(450) Pause Young (Allocation Failure) 445M->172M(989M) 4.049ms
[75.697s][info][gc,cpu         ] GC(450) User=0.02s Sys=0.00s Real=0.01s
[75.790s][info][gc,start       ] GC(451) Pause Young (Allocation Failure)
[75.793s][info][gc,heap        ] GC(451) DefNew: 279890K(314560K)->274K(314560K) Eden: 279616K(279616K)->0K(279616K) From: 274K(34944K)->274K(34944K)
[75.793s][info][gc,heap        ] GC(451) Tenured: 176101K(699072K)->176101K(699072K)
[75.793s][info][gc,metaspace   ] GC(451) Metaspace: 61509K(62464K)->61509K(62464K) NonClass: 53931K(54464K)->53931K(54464K) Class: 7577K(8000K)->7577K(8000K)
[75.793s][info][gc             ] GC(451) Pause Young (Allocation Failure) 445M->172M(989M) 3.952ms
[75.794s][info][gc,cpu         ] GC(451) User=0.00s Sys=0.00s Real=0.00s
[75.881s][info][gc,start       ] GC(452) Pause Young (Allocation Failure)
[75.885s][info][gc,heap        ] GC(452) DefNew: 279890K(314560K)->274K(314560K) Eden: 279616K(279616K)->0K(279616K) From: 274K(34944K)->274K(34944K)
[75.885s][info][gc,heap        ] GC(452) Tenured: 176101K(699072K)->176101K(699072K)
[75.885s][info][gc,metaspace   ] GC(452) Metaspace: 61509K(62464K)->61509K(62464K) NonClass: 53931K(54464K)->53931K(54464K) Class: 7577K(8000K)->7577K(8000K)
[75.885s][info][gc             ] GC(452) Pause Young (Allocation Failure) 445M->172M(989M) 3.945ms
[75.885s][info][gc,cpu         ] GC(452) User=0.00s Sys=0.00s Real=0.00s
[75.989s][info][gc,start       ] GC(453) Pause Young (Allocation Failure)
[75.992s][info][gc,heap        ] GC(453) DefNew: 279890K(314560K)->274K(314560K) Eden: 279616K(279616K)->0K(279616K) From: 274K(34944K)->274K(34944K)
[75.992s][info][gc,heap        ] GC(453) Tenured: 176101K(699072K)->176101K(699072K)
[75.992s][info][gc,metaspace   ] GC(453) Metaspace: 61509K(62464K)->61509K(62464K) NonClass: 53931K(54464K)->53931K(54464K) Class: 7577K(8000K)->7577K(8000K)
[75.993s][info][gc             ] GC(453) Pause Young (Allocation Failure) 445M->172M(989M) 4.090ms
[75.993s][info][gc,cpu         ] GC(453) User=0.02s Sys=0.00s Real=0.02s
[76.028s][info][gc,start       ] GC(454) Pause Full (System.gc())
[76.028s][info][gc,phases,start] GC(454) Phase 1: Mark live objects
[76.151s][info][gc,phases      ] GC(454) Phase 1: Mark live objects 122.195ms
[76.160s][info][gc,phases,start] GC(454) Phase 2: Compute new object addresses
[76.257s][info][gc,phases      ] GC(454) Phase 2: Compute new object addresses 97.246ms
[76.257s][info][gc,phases,start] GC(454) Phase 3: Adjust pointers
[76.326s][info][gc,phases      ] GC(454) Phase 3: Adjust pointers 68.973ms
[76.326s][info][gc,phases,start] GC(454) Phase 4: Move objects
[76.326s][info][gc,phases      ] GC(454) Phase 4: Move objects 0.046ms
[76.327s][info][gc,heap        ] GC(454) DefNew: 32953K(314560K)->0K(314560K) Eden: 32678K(279616K)->0K(279616K) From: 274K(34944K)->0K(34944K)
[76.327s][info][gc,heap        ] GC(454) Tenured: 176101K(699072K)->176181K(699072K)
[76.327s][info][gc,metaspace   ] GC(454) Metaspace: 61510K(62464K)->61510K(62464K) NonClass: 53932K(54464K)->53932K(54464K) Class: 7577K(8000K)->7577K(8000K)
[76.327s][info][gc             ] GC(454) Pause Full (System.gc()) 204M->172M(989M) 299.029ms
[76.327s][info][gc,cpu         ] GC(454) User=0.27s Sys=0.00s Real=0.30s
[76.488s][info][gc,start       ] GC(455) Pause Young (Allocation Failure)
[76.493s][info][gc,heap        ] GC(455) DefNew: 279616K(314560K)->288K(314560K) Eden: 279616K(279616K)->0K(279616K) From: 0K(34944K)->288K(34944K)
[76.493s][info][gc,heap        ] GC(455) Tenured: 176181K(699072K)->176181K(699072K)
[76.493s][info][gc,metaspace   ] GC(455) Metaspace: 61513K(62464K)->61513K(62464K) NonClass: 53935K(54464K)->53935K(54464K) Class: 7577K(8000K)->7577K(8000K)
[76.493s][info][gc             ] GC(455) Pause Young (Allocation Failure) 445M->172M(989M) 4.785ms
[76.493s][info][gc,cpu         ] GC(455) User=0.00s Sys=0.00s Real=0.00s
[76.594s][info][gc,start       ] GC(456) Pause Young (Allocation Failure)
[76.598s][info][gc,heap        ] GC(456) DefNew: 279904K(314560K)->280K(314560K) Eden: 279616K(279616K)->0K(279616K) From: 288K(34944K)->280K(34944K)
[76.598s][info][gc,heap        ] GC(456) Tenured: 176181K(699072K)->176181K(699072K)
[76.598s][info][gc,metaspace   ] GC(456) Metaspace: 61513K(62464K)->61513K(62464K) NonClass: 53935K(54464K)->53935K(54464K) Class: 7577K(8000K)->7577K(8000K)
[76.599s][info][gc             ] GC(456) Pause Young (Allocation Failure) 445M->172M(989M) 4.308ms
[76.599s][info][gc,cpu         ] GC(456) User=0.00s Sys=0.00s Real=0.00s
[76.695s][info][gc,start       ] GC(457) Pause Young (Allocation Failure)
[76.699s][info][gc,heap        ] GC(457) DefNew: 279896K(314560K)->280K(314560K) Eden: 279616K(279616K)->0K(279616K) From: 280K(34944K)->280K(34944K)
[76.699s][info][gc,heap        ] GC(457) Tenured: 176181K(699072K)->176181K(699072K)
[76.699s][info][gc,metaspace   ] GC(457) Metaspace: 61513K(62464K)->61513K(62464K) NonClass: 53935K(54464K)->53935K(54464K) Class: 7577K(8000K)->7577K(8000K)
[76.700s][info][gc             ] GC(457) Pause Young (Allocation Failure) 445M->172M(989M) 4.176ms
[76.700s][info][gc,cpu         ] GC(457) User=0.02s Sys=0.00s Real=0.02s
[76.802s][info][gc,start       ] GC(458) Pause Young (Allocation Failure)
[76.806s][info][gc,heap        ] GC(458) DefNew: 279896K(314560K)->280K(314560K) Eden: 279616K(279616K)->0K(279616K) From: 280K(34944K)->280K(34944K)
[76.806s][info][gc,heap        ] GC(458) Tenured: 176181K(699072K)->176181K(699072K)
[76.806s][info][gc,metaspace   ] GC(458) Metaspace: 61513K(62464K)->61513K(62464K) NonClass: 53935K(54464K)->53935K(54464K) Class: 7577K(8000K)->7577K(8000K)
[76.806s][info][gc             ] GC(458) Pause Young (Allocation Failure) 445M->172M(989M) 4.104ms
[76.806s][info][gc,cpu         ] GC(458) User=0.00s Sys=0.00s Real=0.00s
[76.899s][info][gc,start       ] GC(459) Pause Young (Allocation Failure)
[76.903s][info][gc,heap        ] GC(459) DefNew: 279896K(314560K)->281K(314560K) Eden: 279616K(279616K)->0K(279616K) From: 280K(34944K)->281K(34944K)
[76.903s][info][gc,heap        ] GC(459) Tenured: 176181K(699072K)->176181K(699072K)
[76.903s][info][gc,metaspace   ] GC(459) Metaspace: 61513K(62464K)->61513K(62464K) NonClass: 53935K(54464K)->53935K(54464K) Class: 7577K(8000K)->7577K(8000K)
[76.903s][info][gc             ] GC(459) Pause Young (Allocation Failure) 445M->172M(989M) 4.084ms
[76.903s][info][gc,cpu         ] GC(459) User=0.02s Sys=0.00s Real=0.02s
[77.005s][info][gc,start       ] GC(460) Pause Young (Allocation Failure)
[77.009s][info][gc,heap        ] GC(460) DefNew: 279897K(314560K)->280K(314560K) Eden: 279616K(279616K)->0K(279616K) From: 281K(34944K)->280K(34944K)
[77.009s][info][gc,heap        ] GC(460) Tenured: 176181K(699072K)->176181K(699072K)
[77.009s][info][gc,metaspace   ] GC(460) Metaspace: 61513K(62464K)->61513K(62464K) NonClass: 53935K(54464K)->53935K(54464K) Class: 7577K(8000K)->7577K(8000K)
[77.009s][info][gc             ] GC(460) Pause Young (Allocation Failure) 445M->172M(989M) 4.063ms
[77.009s][info][gc,cpu         ] GC(460) User=0.00s Sys=0.00s Real=0.00s
[77.111s][info][gc,start       ] GC(461) Pause Young (Allocation Failure)
[77.115s][info][gc,heap        ] GC(461) DefNew: 279896K(314560K)->323K(314560K) Eden: 279616K(279616K)->0K(279616K) From: 280K(34944K)->323K(34944K)
[77.115s][info][gc,heap        ] GC(461) Tenured: 176181K(699072K)->176181K(699072K)
[77.115s][info][gc,metaspace   ] GC(461) Metaspace: 61513K(62464K)->61513K(62464K) NonClass: 53935K(54464K)->53935K(54464K) Class: 7577K(8000K)->7577K(8000K)
[77.115s][info][gc             ] GC(461) Pause Young (Allocation Failure) 445M->172M(989M) 4.398ms
[77.115s][info][gc,cpu         ] GC(461) User=0.00s Sys=0.00s Real=0.00s
[77.148s][info][gc,start       ] GC(462) Pause Full (System.gc())
[77.148s][info][gc,phases,start] GC(462) Phase 1: Mark live objects
[77.261s][info][gc,phases      ] GC(462) Phase 1: Mark live objects 112.700ms
[77.261s][info][gc,phases,start] GC(462) Phase 2: Compute new object addresses
[77.327s][info][gc,phases      ] GC(462) Phase 2: Compute new object addresses 65.954ms
[77.327s][info][gc,phases,start] GC(462) Phase 3: Adjust pointers
[77.395s][info][gc,phases      ] GC(462) Phase 3: Adjust pointers 68.207ms
[77.395s][info][gc,phases,start] GC(462) Phase 4: Move objects
[77.395s][info][gc,phases      ] GC(462) Phase 4: Move objects 0.044ms
[77.396s][info][gc,heap        ] GC(462) DefNew: 33254K(314560K)->0K(314560K) Eden: 32931K(279616K)->0K(279616K) From: 323K(34944K)->0K(34944K)
[77.396s][info][gc,heap        ] GC(462) Tenured: 176181K(699072K)->176261K(699072K)
[77.396s][info][gc,metaspace   ] GC(462) Metaspace: 61521K(62464K)->61521K(62464K) NonClass: 53944K(54464K)->53944K(54464K) Class: 7577K(8000K)->7577K(8000K)
[77.396s][info][gc             ] GC(462) Pause Full (System.gc()) 204M->172M(989M) 247.903ms
[77.396s][info][gc,cpu         ] GC(462) User=0.25s Sys=0.00s Real=0.25s
[77.545s][info][gc,start       ] GC(463) Pause Young (Allocation Failure)
[77.549s][info][gc,heap        ] GC(463) DefNew: 279616K(314560K)->282K(314560K) Eden: 279616K(279616K)->0K(279616K) From: 0K(34944K)->282K(34944K)
[77.549s][info][gc,heap        ] GC(463) Tenured: 176261K(699072K)->176261K(699072K)
[77.549s][info][gc,metaspace   ] GC(463) Metaspace: 61530K(62464K)->61530K(62464K) NonClass: 53952K(54464K)->53952K(54464K) Class: 7577K(8000K)->7577K(8000K)
[77.550s][info][gc             ] GC(463) Pause Young (Allocation Failure) 445M->172M(989M) 4.656ms
[77.550s][info][gc,cpu         ] GC(463) User=0.00s Sys=0.00s Real=0.00s
[77.650s][info][gc,start       ] GC(464) Pause Young (Allocation Failure)
[77.654s][info][gc,heap        ] GC(464) DefNew: 279898K(314560K)->274K(314560K) Eden: 279616K(279616K)->0K(279616K) From: 282K(34944K)->274K(34944K)
[77.654s][info][gc,heap        ] GC(464) Tenured: 176261K(699072K)->176261K(699072K)
[77.654s][info][gc,metaspace   ] GC(464) Metaspace: 61530K(62464K)->61530K(62464K) NonClass: 53952K(54464K)->53952K(54464K) Class: 7577K(8000K)->7577K(8000K)
[77.654s][info][gc             ] GC(464) Pause Young (Allocation Failure) 445M->172M(989M) 4.242ms
[77.654s][info][gc,cpu         ] GC(464) User=0.02s Sys=0.00s Real=0.02s
[77.747s][info][gc,start       ] GC(465) Pause Young (Allocation Failure)
[77.751s][info][gc,heap        ] GC(465) DefNew: 279890K(314560K)->274K(314560K) Eden: 279616K(279616K)->0K(279616K) From: 274K(34944K)->274K(34944K)
[77.751s][info][gc,heap        ] GC(465) Tenured: 176261K(699072K)->176261K(699072K)
[77.751s][info][gc,metaspace   ] GC(465) Metaspace: 61530K(62464K)->61530K(62464K) NonClass: 53952K(54464K)->53952K(54464K) Class: 7577K(8000K)->7577K(8000K)
[77.751s][info][gc             ] GC(465) Pause Young (Allocation Failure) 445M->172M(989M) 4.057ms
[77.751s][info][gc,cpu         ] GC(465) User=0.00s Sys=0.00s Real=0.00s
[77.843s][info][gc,start       ] GC(466) Pause Young (Allocation Failure)
[77.846s][info][gc,heap        ] GC(466) DefNew: 279890K(314560K)->274K(314560K) Eden: 279616K(279616K)->0K(279616K) From: 274K(34944K)->274K(34944K)
[77.846s][info][gc,heap        ] GC(466) Tenured: 176261K(699072K)->176261K(699072K)
[77.846s][info][gc,metaspace   ] GC(466) Metaspace: 61530K(62464K)->61530K(62464K) NonClass: 53952K(54464K)->53952K(54464K) Class: 7577K(8000K)->7577K(8000K)
[77.847s][info][gc             ] GC(466) Pause Young (Allocation Failure) 445M->172M(989M) 4.001ms
[77.847s][info][gc,cpu         ] GC(466) User=0.00s Sys=0.00s Real=0.00s
[77.940s][info][gc,start       ] GC(467) Pause Young (Allocation Failure)
[77.943s][info][gc,heap        ] GC(467) DefNew: 279890K(314560K)->274K(314560K) Eden: 279616K(279616K)->0K(279616K) From: 274K(34944K)->274K(34944K)
[77.943s][info][gc,heap        ] GC(467) Tenured: 176261K(699072K)->176261K(699072K)
[77.943s][info][gc,metaspace   ] GC(467) Metaspace: 61530K(62464K)->61530K(62464K) NonClass: 53952K(54464K)->53952K(54464K) Class: 7577K(8000K)->7577K(8000K)
[77.944s][info][gc             ] GC(467) Pause Young (Allocation Failure) 445M->172M(989M) 3.958ms
[77.944s][info][gc,cpu         ] GC(467) User=0.00s Sys=0.00s Real=0.00s
[78.056s][info][gc,start       ] GC(468) Pause Young (Allocation Failure)
[78.060s][info][gc,heap        ] GC(468) DefNew: 279890K(314560K)->274K(314560K) Eden: 279616K(279616K)->0K(279616K) From: 274K(34944K)->274K(34944K)
[78.060s][info][gc,heap        ] GC(468) Tenured: 176261K(699072K)->176261K(699072K)
[78.060s][info][gc,metaspace   ] GC(468) Metaspace: 61530K(62464K)->61530K(62464K) NonClass: 53952K(54464K)->53952K(54464K) Class: 7577K(8000K)->7577K(8000K)
[78.060s][info][gc             ] GC(468) Pause Young (Allocation Failure) 445M->172M(989M) 4.042ms
[78.060s][info][gc,cpu         ] GC(468) User=0.02s Sys=0.00s Real=0.02s
[78.177s][info][gc,start       ] GC(469) Pause Young (Allocation Failure)
[78.181s][info][gc,heap        ] GC(469) DefNew: 279890K(314560K)->214K(314560K) Eden: 279616K(279616K)->0K(279616K) From: 274K(34944K)->214K(34944K)
[78.181s][info][gc,heap        ] GC(469) Tenured: 176261K(699072K)->176261K(699072K)
[78.181s][info][gc,metaspace   ] GC(469) Metaspace: 61530K(62464K)->61530K(62464K) NonClass: 53952K(54464K)->53952K(54464K) Class: 7577K(8000K)->7577K(8000K)
[78.181s][info][gc             ] GC(469) Pause Young (Allocation Failure) 445M->172M(989M) 4.141ms
[78.181s][info][gc,cpu         ] GC(469) User=0.00s Sys=0.00s Real=0.00s
[78.214s][info][gc,start       ] GC(470) Pause Full (System.gc())
[78.214s][info][gc,phases,start] GC(470) Phase 1: Mark live objects
[78.327s][info][gc,phases      ] GC(470) Phase 1: Mark live objects 112.784ms
[78.327s][info][gc,phases,start] GC(470) Phase 2: Compute new object addresses
[78.393s][info][gc,phases      ] GC(470) Phase 2: Compute new object addresses 65.916ms
[78.393s][info][gc,phases,start] GC(470) Phase 3: Adjust pointers
[78.465s][info][gc,phases      ] GC(470) Phase 3: Adjust pointers 72.080ms
[78.465s][info][gc,phases,start] GC(470) Phase 4: Move objects
[78.526s][info][gc,phases      ] GC(470) Phase 4: Move objects 61.108ms
[78.527s][info][gc,heap        ] GC(470) DefNew: 33112K(314560K)->0K(314560K) Eden: 32898K(279616K)->0K(279616K) From: 214K(34944K)->0K(34944K)
[78.527s][info][gc,heap        ] GC(470) Tenured: 176261K(699072K)->176081K(699072K)
[78.527s][info][gc,metaspace   ] GC(470) Metaspace: 61533K(62464K)->61533K(62464K) NonClass: 53955K(54464K)->53955K(54464K) Class: 7577K(8000K)->7577K(8000K)
[78.527s][info][gc             ] GC(470) Pause Full (System.gc()) 204M->171M(989M) 312.963ms
[78.527s][info][gc,cpu         ] GC(470) User=0.31s Sys=0.00s Real=0.31s
[78.680s][info][gc,start       ] GC(471) Pause Young (Allocation Failure)
[78.685s][info][gc,heap        ] GC(471) DefNew: 279616K(314560K)->282K(314560K) Eden: 279616K(279616K)->0K(279616K) From: 0K(34944K)->282K(34944K)
[78.685s][info][gc,heap        ] GC(471) Tenured: 176081K(699072K)->176081K(699072K)
[78.685s][info][gc,metaspace   ] GC(471) Metaspace: 61536K(62464K)->61536K(62464K) NonClass: 53958K(54464K)->53958K(54464K) Class: 7578K(8000K)->7578K(8000K)
[78.685s][info][gc             ] GC(471) Pause Young (Allocation Failure) 445M->172M(989M) 4.664ms
[78.685s][info][gc,cpu         ] GC(471) User=0.02s Sys=0.00s Real=0.02s
[78.791s][info][gc,start       ] GC(472) Pause Young (Allocation Failure)
[78.795s][info][gc,heap        ] GC(472) DefNew: 279898K(314560K)->275K(314560K) Eden: 279616K(279616K)->0K(279616K) From: 282K(34944K)->275K(34944K)
[78.795s][info][gc,heap        ] GC(472) Tenured: 176081K(699072K)->176081K(699072K)
[78.795s][info][gc,metaspace   ] GC(472) Metaspace: 61536K(62464K)->61536K(62464K) NonClass: 53958K(54464K)->53958K(54464K) Class: 7578K(8000K)->7578K(8000K)
[78.795s][info][gc             ] GC(472) Pause Young (Allocation Failure) 445M->172M(989M) 4.308ms
[78.795s][info][gc,cpu         ] GC(472) User=0.02s Sys=0.00s Real=0.01s
[78.888s][info][gc,start       ] GC(473) Pause Young (Allocation Failure)
[78.892s][info][gc,heap        ] GC(473) DefNew: 279891K(314560K)->275K(314560K) Eden: 279616K(279616K)->0K(279616K) From: 275K(34944K)->275K(34944K)
[78.892s][info][gc,heap        ] GC(473) Tenured: 176081K(699072K)->176081K(699072K)
[78.892s][info][gc,metaspace   ] GC(473) Metaspace: 61536K(62464K)->61536K(62464K) NonClass: 53958K(54464K)->53958K(54464K) Class: 7578K(8000K)->7578K(8000K)
[78.892s][info][gc             ] GC(473) Pause Young (Allocation Failure) 445M->172M(989M) 4.124ms
[78.892s][info][gc,cpu         ] GC(473) User=0.00s Sys=0.00s Real=0.00s
[78.985s][info][gc,start       ] GC(474) Pause Young (Allocation Failure)
[79.034s][info][gc,heap        ] GC(474) DefNew: 279891K(314560K)->275K(314560K) Eden: 279616K(279616K)->0K(279616K) From: 275K(34944K)->275K(34944K)
[79.034s][info][gc,heap        ] GC(474) Tenured: 176081K(699072K)->176081K(699072K)
[79.034s][info][gc,metaspace   ] GC(474) Metaspace: 61536K(62464K)->61536K(62464K) NonClass: 53958K(54464K)->53958K(54464K) Class: 7578K(8000K)->7578K(8000K)
[79.034s][info][gc             ] GC(474) Pause Young (Allocation Failure) 445M->172M(989M) 49.136ms
[79.034s][info][gc,cpu         ] GC(474) User=0.00s Sys=0.00s Real=0.05s
[79.148s][info][gc,start       ] GC(475) Pause Young (Allocation Failure)
[79.151s][info][gc,heap        ] GC(475) DefNew: 279891K(314560K)->275K(314560K) Eden: 279616K(279616K)->0K(279616K) From: 275K(34944K)->275K(34944K)
[79.151s][info][gc,heap        ] GC(475) Tenured: 176081K(699072K)->176081K(699072K)
[79.151s][info][gc,metaspace   ] GC(475) Metaspace: 61536K(62464K)->61536K(62464K) NonClass: 53958K(54464K)->53958K(54464K) Class: 7578K(8000K)->7578K(8000K)
[79.152s][info][gc             ] GC(475) Pause Young (Allocation Failure) 445M->172M(989M) 4.008ms
[79.152s][info][gc,cpu         ] GC(475) User=0.00s Sys=0.00s Real=0.00s
[79.245s][info][gc,start       ] GC(476) Pause Young (Allocation Failure)
[79.248s][info][gc,heap        ] GC(476) DefNew: 279891K(314560K)->275K(314560K) Eden: 279616K(279616K)->0K(279616K) From: 275K(34944K)->275K(34944K)
[79.248s][info][gc,heap        ] GC(476) Tenured: 176081K(699072K)->176081K(699072K)
[79.248s][info][gc,metaspace   ] GC(476) Metaspace: 61536K(62464K)->61536K(62464K) NonClass: 53958K(54464K)->53958K(54464K) Class: 7578K(8000K)->7578K(8000K)
[79.249s][info][gc             ] GC(476) Pause Young (Allocation Failure) 445M->172M(989M) 3.978ms
[79.249s][info][gc,cpu         ] GC(476) User=0.00s Sys=0.00s Real=0.00s
[79.352s][info][gc,start       ] GC(477) Pause Young (Allocation Failure)
[79.356s][info][gc,heap        ] GC(477) DefNew: 279891K(314560K)->215K(314560K) Eden: 279616K(279616K)->0K(279616K) From: 275K(34944K)->215K(34944K)
[79.356s][info][gc,heap        ] GC(477) Tenured: 176081K(699072K)->176081K(699072K)
[79.356s][info][gc,metaspace   ] GC(477) Metaspace: 61536K(62464K)->61536K(62464K) NonClass: 53958K(54464K)->53958K(54464K) Class: 7578K(8000K)->7578K(8000K)
[79.356s][info][gc             ] GC(477) Pause Young (Allocation Failure) 445M->172M(989M) 4.196ms
[79.356s][info][gc,cpu         ] GC(477) User=0.00s Sys=0.00s Real=0.00s
[79.390s][info][gc,start       ] GC(478) Pause Full (System.gc())
[79.390s][info][gc,phases,start] GC(478) Phase 1: Mark live objects
[79.503s][info][gc,phases      ] GC(478) Phase 1: Mark live objects 112.668ms
[79.503s][info][gc,phases,start] GC(478) Phase 2: Compute new object addresses
[79.569s][info][gc,phases      ] GC(478) Phase 2: Compute new object addresses 66.081ms
[79.569s][info][gc,phases,start] GC(478) Phase 3: Adjust pointers
[79.637s][info][gc,phases      ] GC(478) Phase 3: Adjust pointers 68.586ms
[79.637s][info][gc,phases,start] GC(478) Phase 4: Move objects
[79.637s][info][gc,phases      ] GC(478) Phase 4: Move objects 0.044ms
[79.638s][info][gc,heap        ] GC(478) DefNew: 33311K(314560K)->0K(314560K) Eden: 33096K(279616K)->0K(279616K) From: 215K(34944K)->0K(34944K)
[79.638s][info][gc,heap        ] GC(478) Tenured: 176081K(699072K)->176161K(699072K)
[79.638s][info][gc,metaspace   ] GC(478) Metaspace: 61541K(62464K)->61541K(62464K) NonClass: 53963K(54464K)->53963K(54464K) Class: 7578K(8000K)->7578K(8000K)
[79.638s][info][gc             ] GC(478) Pause Full (System.gc()) 204M->172M(989M) 248.436ms
[79.638s][info][gc,cpu         ] GC(478) User=0.25s Sys=0.00s Real=0.25s
[79.780s][info][gc,start       ] GC(479) Pause Young (Allocation Failure)
[79.785s][info][gc,heap        ] GC(479) DefNew: 279616K(314560K)->282K(314560K) Eden: 279616K(279616K)->0K(279616K) From: 0K(34944K)->282K(34944K)
[79.785s][info][gc,heap        ] GC(479) Tenured: 176161K(699072K)->176161K(699072K)
[79.785s][info][gc,metaspace   ] GC(479) Metaspace: 61541K(62464K)->61541K(62464K) NonClass: 53963K(54464K)->53963K(54464K) Class: 7578K(8000K)->7578K(8000K)
[79.785s][info][gc             ] GC(479) Pause Young (Allocation Failure) 445M->172M(989M) 4.606ms
[79.785s][info][gc,cpu         ] GC(479) User=0.00s Sys=0.00s Real=0.00s
[79.874s][info][gc,start       ] GC(480) Pause Young (Allocation Failure)
[79.877s][info][gc,heap        ] GC(480) DefNew: 279898K(314560K)->274K(314560K) Eden: 279616K(279616K)->0K(279616K) From: 282K(34944K)->274K(34944K)
[79.878s][info][gc,heap        ] GC(480) Tenured: 176161K(699072K)->176161K(699072K)
[79.878s][info][gc,metaspace   ] GC(480) Metaspace: 61541K(62464K)->61541K(62464K) NonClass: 53963K(54464K)->53963K(54464K) Class: 7578K(8000K)->7578K(8000K)
[79.878s][info][gc             ] GC(480) Pause Young (Allocation Failure) 445M->172M(989M) 4.134ms
[79.878s][info][gc,cpu         ] GC(480) User=0.00s Sys=0.00s Real=0.00s
[79.967s][info][gc,start       ] GC(481) Pause Young (Allocation Failure)
[79.971s][info][gc,heap        ] GC(481) DefNew: 279890K(314560K)->274K(314560K) Eden: 279616K(279616K)->0K(279616K) From: 274K(34944K)->274K(34944K)
[79.971s][info][gc,heap        ] GC(481) Tenured: 176161K(699072K)->176161K(699072K)
[79.971s][info][gc,metaspace   ] GC(481) Metaspace: 61541K(62464K)->61541K(62464K) NonClass: 53963K(54464K)->53963K(54464K) Class: 7578K(8000K)->7578K(8000K)
[79.971s][info][gc             ] GC(481) Pause Young (Allocation Failure) 445M->172M(989M) 3.999ms
[79.971s][info][gc,cpu         ] GC(481) User=0.00s Sys=0.00s Real=0.00s
[80.062s][info][gc,start       ] GC(482) Pause Young (Allocation Failure)
[80.066s][info][gc,heap        ] GC(482) DefNew: 279890K(314560K)->274K(314560K) Eden: 279616K(279616K)->0K(279616K) From: 274K(34944K)->274K(34944K)
[80.066s][info][gc,heap        ] GC(482) Tenured: 176161K(699072K)->176161K(699072K)
[80.066s][info][gc,metaspace   ] GC(482) Metaspace: 61541K(62464K)->61541K(62464K) NonClass: 53963K(54464K)->53963K(54464K) Class: 7578K(8000K)->7578K(8000K)
[80.066s][info][gc             ] GC(482) Pause Young (Allocation Failure) 445M->172M(989M) 3.947ms
[80.066s][info][gc,cpu         ] GC(482) User=0.00s Sys=0.00s Real=0.00s
[80.159s][info][gc,start       ] GC(483) Pause Young (Allocation Failure)
[80.163s][info][gc,heap        ] GC(483) DefNew: 279890K(314560K)->274K(314560K) Eden: 279616K(279616K)->0K(279616K) From: 274K(34944K)->274K(34944K)
[80.163s][info][gc,heap        ] GC(483) Tenured: 176161K(699072K)->176161K(699072K)
[80.163s][info][gc,metaspace   ] GC(483) Metaspace: 61542K(62464K)->61542K(62464K) NonClass: 53963K(54464K)->53963K(54464K) Class: 7578K(8000K)->7578K(8000K)
[80.163s][info][gc             ] GC(483) Pause Young (Allocation Failure) 445M->172M(989M) 3.931ms
[80.163s][info][gc,cpu         ] GC(483) User=0.00s Sys=0.00s Real=0.00s
[80.257s][info][gc,start       ] GC(484) Pause Young (Allocation Failure)
[80.286s][info][gc,heap        ] GC(484) DefNew: 279890K(314560K)->274K(314560K) Eden: 279616K(279616K)->0K(279616K) From: 274K(34944K)->274K(34944K)
[80.286s][info][gc,heap        ] GC(484) Tenured: 176161K(699072K)->176161K(699072K)
[80.286s][info][gc,metaspace   ] GC(484) Metaspace: 61542K(62464K)->61542K(62464K) NonClass: 53963K(54464K)->53963K(54464K) Class: 7578K(8000K)->7578K(8000K)
[80.286s][info][gc             ] GC(484) Pause Young (Allocation Failure) 445M->172M(989M) 29.223ms
[80.286s][info][gc,cpu         ] GC(484) User=0.02s Sys=0.00s Real=0.03s
[80.408s][info][gc,start       ] GC(485) Pause Young (Allocation Failure)
[80.412s][info][gc,heap        ] GC(485) DefNew: 279890K(314560K)->214K(314560K) Eden: 279616K(279616K)->0K(279616K) From: 274K(34944K)->214K(34944K)
[80.412s][info][gc,heap        ] GC(485) Tenured: 176161K(699072K)->176161K(699072K)
[80.412s][info][gc,metaspace   ] GC(485) Metaspace: 61542K(62464K)->61542K(62464K) NonClass: 53963K(54464K)->53963K(54464K) Class: 7578K(8000K)->7578K(8000K)
[80.413s][info][gc             ] GC(485) Pause Young (Allocation Failure) 445M->172M(989M) 4.163ms
[80.413s][info][gc,cpu         ] GC(485) User=0.00s Sys=0.00s Real=0.00s
[80.447s][info][gc,start       ] GC(486) Pause Full (System.gc())
[80.448s][info][gc,phases,start] GC(486) Phase 1: Mark live objects
[80.562s][info][gc,phases      ] GC(486) Phase 1: Mark live objects 114.680ms
[80.562s][info][gc,phases,start] GC(486) Phase 2: Compute new object addresses
[80.629s][info][gc,phases      ] GC(486) Phase 2: Compute new object addresses 66.404ms
[80.629s][info][gc,phases,start] GC(486) Phase 3: Adjust pointers
[80.697s][info][gc,phases      ] GC(486) Phase 3: Adjust pointers 68.291ms
[80.697s][info][gc,phases,start] GC(486) Phase 4: Move objects
[80.697s][info][gc,phases      ] GC(486) Phase 4: Move objects 0.045ms
[80.698s][info][gc,heap        ] GC(486) DefNew: 36114K(314560K)->0K(314560K) Eden: 35900K(279616K)->0K(279616K) From: 214K(34944K)->0K(34944K)
[80.698s][info][gc,heap        ] GC(486) Tenured: 176161K(699072K)->176240K(699072K)
[80.698s][info][gc,metaspace   ] GC(486) Metaspace: 61543K(62464K)->61543K(62464K) NonClass: 53965K(54464K)->53965K(54464K) Class: 7578K(8000K)->7578K(8000K)
[80.698s][info][gc             ] GC(486) Pause Full (System.gc()) 207M->172M(989M) 250.469ms
[80.698s][info][gc,cpu         ] GC(486) User=0.25s Sys=0.00s Real=0.25s
[80.847s][info][gc,start       ] GC(487) Pause Young (Allocation Failure)
[80.852s][info][gc,heap        ] GC(487) DefNew: 279616K(314560K)->283K(314560K) Eden: 279616K(279616K)->0K(279616K) From: 0K(34944K)->283K(34944K)
[80.852s][info][gc,heap        ] GC(487) Tenured: 176240K(699072K)->176240K(699072K)
[80.852s][info][gc,metaspace   ] GC(487) Metaspace: 61543K(62464K)->61543K(62464K) NonClass: 53965K(54464K)->53965K(54464K) Class: 7578K(8000K)->7578K(8000K)
[80.852s][info][gc             ] GC(487) Pause Young (Allocation Failure) 445M->172M(989M) 4.689ms
[80.852s][info][gc,cpu         ] GC(487) User=0.00s Sys=0.00s Real=0.00s
[80.954s][info][gc,start       ] GC(488) Pause Young (Allocation Failure)
[80.958s][info][gc,heap        ] GC(488) DefNew: 279899K(314560K)->275K(314560K) Eden: 279616K(279616K)->0K(279616K) From: 283K(34944K)->275K(34944K)
[80.958s][info][gc,heap        ] GC(488) Tenured: 176240K(699072K)->176240K(699072K)
[80.958s][info][gc,metaspace   ] GC(488) Metaspace: 61543K(62464K)->61543K(62464K) NonClass: 53965K(54464K)->53965K(54464K) Class: 7578K(8000K)->7578K(8000K)
[80.958s][info][gc             ] GC(488) Pause Young (Allocation Failure) 445M->172M(989M) 4.246ms
[80.958s][info][gc,cpu         ] GC(488) User=0.00s Sys=0.00s Real=0.00s
[81.047s][info][gc,start       ] GC(489) Pause Young (Allocation Failure)
[81.051s][info][gc,heap        ] GC(489) DefNew: 279891K(314560K)->275K(314560K) Eden: 279616K(279616K)->0K(279616K) From: 275K(34944K)->275K(34944K)
[81.051s][info][gc,heap        ] GC(489) Tenured: 176240K(699072K)->176240K(699072K)
[81.051s][info][gc,metaspace   ] GC(489) Metaspace: 61543K(62464K)->61543K(62464K) NonClass: 53965K(54464K)->53965K(54464K) Class: 7578K(8000K)->7578K(8000K)
[81.051s][info][gc             ] GC(489) Pause Young (Allocation Failure) 445M->172M(989M) 4.127ms
[81.051s][info][gc,cpu         ] GC(489) User=0.00s Sys=0.00s Real=0.00s
[81.144s][info][gc,start       ] GC(490) Pause Young (Allocation Failure)
[81.148s][info][gc,heap        ] GC(490) DefNew: 279891K(314560K)->276K(314560K) Eden: 279616K(279616K)->0K(279616K) From: 275K(34944K)->276K(34944K)
[81.148s][info][gc,heap        ] GC(490) Tenured: 176240K(699072K)->176240K(699072K)
[81.148s][info][gc,metaspace   ] GC(490) Metaspace: 61543K(62464K)->61543K(62464K) NonClass: 53965K(54464K)->53965K(54464K) Class: 7578K(8000K)->7578K(8000K)
[81.148s][info][gc             ] GC(490) Pause Young (Allocation Failure) 445M->172M(989M) 4.181ms
[81.148s][info][gc,cpu         ] GC(490) User=0.00s Sys=0.02s Real=0.02s
[81.251s][info][gc,start       ] GC(491) Pause Young (Allocation Failure)
[81.255s][info][gc,heap        ] GC(491) DefNew: 279892K(314560K)->276K(314560K) Eden: 279616K(279616K)->0K(279616K) From: 276K(34944K)->276K(34944K)
[81.255s][info][gc,heap        ] GC(491) Tenured: 176240K(699072K)->176240K(699072K)
[81.255s][info][gc,metaspace   ] GC(491) Metaspace: 61543K(62464K)->61543K(62464K) NonClass: 53965K(54464K)->53965K(54464K) Class: 7578K(8000K)->7578K(8000K)
[81.255s][info][gc             ] GC(491) Pause Young (Allocation Failure) 445M->172M(989M) 4.040ms
[81.255s][info][gc,cpu         ] GC(491) User=0.00s Sys=0.00s Real=0.00s
[81.359s][info][gc,start       ] GC(492) Pause Young (Allocation Failure)
[81.363s][info][gc,heap        ] GC(492) DefNew: 279892K(314560K)->276K(314560K) Eden: 279616K(279616K)->0K(279616K) From: 276K(34944K)->276K(34944K)
[81.363s][info][gc,heap        ] GC(492) Tenured: 176240K(699072K)->176240K(699072K)
[81.363s][info][gc,metaspace   ] GC(492) Metaspace: 61543K(62464K)->61543K(62464K) NonClass: 53965K(54464K)->53965K(54464K) Class: 7578K(8000K)->7578K(8000K)
[81.363s][info][gc             ] GC(492) Pause Young (Allocation Failure) 445M->172M(989M) 4.043ms
[81.363s][info][gc,cpu         ] GC(492) User=0.00s Sys=0.00s Real=0.00s
[81.467s][info][gc,start       ] GC(493) Pause Young (Allocation Failure)
[81.471s][info][gc,heap        ] GC(493) DefNew: 279892K(314560K)->216K(314560K) Eden: 279616K(279616K)->0K(279616K) From: 276K(34944K)->216K(34944K)
[81.471s][info][gc,heap        ] GC(493) Tenured: 176240K(699072K)->176240K(699072K)
[81.471s][info][gc,metaspace   ] GC(493) Metaspace: 61543K(62464K)->61543K(62464K) NonClass: 53965K(54464K)->53965K(54464K) Class: 7578K(8000K)->7578K(8000K)
[81.472s][info][gc             ] GC(493) Pause Young (Allocation Failure) 445M->172M(989M) 4.165ms
[81.472s][info][gc,cpu         ] GC(493) User=0.00s Sys=0.00s Real=0.00s
[81.684s][info][gc,heap,exit   ] Heap
[81.800s][info][gc,heap,exit   ]  def new generation   total 314560K, used 91987K [0x00000000c0000000, 0x00000000d5550000, 0x00000000d5550000)
[81.800s][info][gc,heap,exit   ]   eden space 279616K,  32% used [0x00000000c0000000, 0x00000000c599ea00, 0x00000000d1110000)
[81.800s][info][gc,heap,exit   ]   from space 34944K,   0% used [0x00000000d1110000, 0x00000000d1146358, 0x00000000d3330000)
[81.800s][info][gc,heap,exit   ]   to   space 34944K,   0% used [0x00000000d3330000, 0x00000000d3330000, 0x00000000d5550000)
[81.800s][info][gc,heap,exit   ]  tenured generation   total 699072K, used 176240K [0x00000000d5550000, 0x0000000100000000, 0x0000000100000000)
[81.800s][info][gc,heap,exit   ]    the space 699072K,  25% used [0x00000000d5550000, 0x00000000e016c3f0, 0x00000000e016c400, 0x0000000100000000)
[81.800s][info][gc,heap,exit   ]  Metaspace       used 61959K, committed 62848K, reserved 1114112K
[81.800s][info][gc,heap,exit   ]   class space    used 7656K, committed 8064K, reserved 1048576K
