[0.016s][info][gc,init] CardTable entry size: 512
[0.016s][info][gc     ] Using Serial
[0.019s][info][gc,init] Version: 20+36-2344 (release)
[0.019s][info][gc,init] CPUs: 48 total, 48 available
[0.019s][info][gc,init] Memory: 382G
[0.019s][info][gc,init] Large Page Support: Disabled
[0.019s][info][gc,init] NUMA Support: Disabled
[0.019s][info][gc,init] Compressed Oops: Enabled (32-bit)
[0.019s][info][gc,init] Heap Min Capacity: 8M
[0.019s][info][gc,init] Heap Initial Capacity: 512M
[0.019s][info][gc,init] Heap Max Capacity: 512M
[0.019s][info][gc,init] Pre-touch: Disabled
[0.037s][info][gc,metaspace] CDS archive(s) mapped at: [0x0000000800000000-0x0000000800c60000-0x0000000800c60000), size 12976128, SharedBaseAddress: 0x0000000800000000, ArchiveRelocationMode: 0.
[0.037s][info][gc,metaspace] Compressed class space mapped at: 0x0000000801000000-0x0000000841000000, reserved size: 1073741824
[0.037s][info][gc,metaspace] Narrow klass base: 0x0000000800000000, Narrow klass shift: 0, Narrow klass range: 0x100000000
[10.216s][info][gc,start    ] GC(0) Pause Full (Metadata GC Threshold)
[10.217s][info][gc,phases,start] GC(0) Phase 1: Mark live objects
[10.240s][info][gc,phases      ] GC(0) Phase 1: Mark live objects 23.032ms
[10.240s][info][gc,phases,start] GC(0) Phase 2: Compute new object addresses
[10.251s][info][gc,phases      ] GC(0) Phase 2: Compute new object addresses 11.085ms
[10.251s][info][gc,phases,start] GC(0) Phase 3: Adjust pointers
[10.259s][info][gc,phases      ] GC(0) Phase 3: Adjust pointers 7.852ms
[10.259s][info][gc,phases,start] GC(0) Phase 4: Move objects
[10.270s][info][gc,phases      ] GC(0) Phase 4: Move objects 11.283ms
[10.271s][info][gc,heap        ] GC(0) DefNew: 117793K(157248K)->0K(157248K) Eden: 117793K(139776K)->0K(139776K) From: 0K(17472K)->0K(17472K)
[10.271s][info][gc,heap        ] GC(0) Tenured: 0K(349568K)->18044K(349568K)
[10.271s][info][gc,metaspace   ] GC(0) Metaspace: 21272K(21504K)->21272K(21504K) NonClass: 18553K(18688K)->18553K(18688K) Class: 2718K(2816K)->2718K(2816K)
[10.271s][info][gc             ] GC(0) Pause Full (Metadata GC Threshold) 115M->17M(494M) 55.153ms
[10.272s][info][gc,cpu         ] GC(0) User=0.06s Sys=0.00s Real=0.06s
[11.125s][info][gc,start       ] GC(1) Pause Full (Metadata GC Threshold)
[11.125s][info][gc,phases,start] GC(1) Phase 1: Mark live objects
[11.154s][info][gc,phases      ] GC(1) Phase 1: Mark live objects 29.517ms
[11.154s][info][gc,phases,start] GC(1) Phase 2: Compute new object addresses
[11.164s][info][gc,phases      ] GC(1) Phase 2: Compute new object addresses 9.751ms
[11.164s][info][gc,phases,start] GC(1) Phase 3: Adjust pointers
[11.174s][info][gc,phases      ] GC(1) Phase 3: Adjust pointers 9.897ms
[11.174s][info][gc,phases,start] GC(1) Phase 4: Move objects
[11.178s][info][gc,phases      ] GC(1) Phase 4: Move objects 3.405ms
[11.178s][info][gc,heap        ] GC(1) DefNew: 72727K(157248K)->0K(157248K) Eden: 72727K(139776K)->0K(139776K) From: 0K(17472K)->0K(17472K)
[11.178s][info][gc,heap        ] GC(1) Tenured: 18044K(349568K)->22432K(349568K)
[11.178s][info][gc,metaspace   ] GC(1) Metaspace: 35447K(35840K)->35447K(35840K) NonClass: 30968K(31168K)->30968K(31168K) Class: 4479K(4672K)->4479K(4672K)
[11.178s][info][gc             ] GC(1) Pause Full (Metadata GC Threshold) 88M->21M(494M) 53.484ms
[11.178s][info][gc,cpu         ] GC(1) User=0.05s Sys=0.02s Real=0.06s
[11.709s][info][gc,start       ] GC(2) Pause Young (Allocation Failure)
[11.750s][info][gc,heap        ] GC(2) DefNew: 139776K(157248K)->10512K(157248K) Eden: 139776K(139776K)->0K(139776K) From: 0K(17472K)->10512K(17472K)
[11.750s][info][gc,heap        ] GC(2) Tenured: 22432K(349568K)->22432K(349568K)
[11.751s][info][gc,metaspace   ] GC(2) Metaspace: 42054K(42432K)->42054K(42432K) NonClass: 36784K(36992K)->36784K(36992K) Class: 5269K(5440K)->5269K(5440K)
[11.751s][info][gc             ] GC(2) Pause Young (Allocation Failure) 158M->32M(494M) 41.516ms
[11.751s][info][gc,cpu         ] GC(2) User=0.03s Sys=0.00s Real=0.03s
[11.872s][info][gc,start       ] GC(3) Pause Young (Allocation Failure)
[11.934s][info][gc,heap        ] GC(3) DefNew: 150288K(157248K)->12350K(157248K) Eden: 139776K(139776K)->0K(139776K) From: 10512K(17472K)->12350K(17472K)
[11.934s][info][gc,heap        ] GC(3) Tenured: 22432K(349568K)->32909K(349568K)
[11.934s][info][gc,metaspace   ] GC(3) Metaspace: 42070K(42496K)->42070K(42496K) NonClass: 36797K(37056K)->36797K(37056K) Class: 5272K(5440K)->5272K(5440K)
[11.934s][info][gc             ] GC(3) Pause Young (Allocation Failure) 168M->44M(494M) 62.326ms
[11.934s][info][gc,cpu         ] GC(3) User=0.05s Sys=0.00s Real=0.06s
[12.055s][info][gc,start       ] GC(4) Pause Young (Allocation Failure)
[12.112s][info][gc,heap        ] GC(4) DefNew: 152126K(157248K)->12442K(157248K) Eden: 139776K(139776K)->0K(139776K) From: 12350K(17472K)->12442K(17472K)
[12.112s][info][gc,heap        ] GC(4) Tenured: 32909K(349568K)->45259K(349568K)
[12.112s][info][gc,metaspace   ] GC(4) Metaspace: 42070K(42496K)->42070K(42496K) NonClass: 36797K(37056K)->36797K(37056K) Class: 5272K(5440K)->5272K(5440K)
[12.112s][info][gc             ] GC(4) Pause Young (Allocation Failure) 180M->56M(494M) 56.348ms
[12.112s][info][gc,cpu         ] GC(4) User=0.06s Sys=0.00s Real=0.06s
[12.230s][info][gc,start       ] GC(5) Pause Young (Allocation Failure)
[12.283s][info][gc,heap        ] GC(5) DefNew: 152218K(157248K)->12477K(157248K) Eden: 139776K(139776K)->0K(139776K) From: 12442K(17472K)->12477K(17472K)
[12.283s][info][gc,heap        ] GC(5) Tenured: 45259K(349568K)->57701K(349568K)
[12.283s][info][gc,metaspace   ] GC(5) Metaspace: 42070K(42496K)->42070K(42496K) NonClass: 36797K(37056K)->36797K(37056K) Class: 5272K(5440K)->5272K(5440K)
[12.283s][info][gc             ] GC(5) Pause Young (Allocation Failure) 192M->68M(494M) 53.715ms
[12.283s][info][gc,cpu         ] GC(5) User=0.06s Sys=0.00s Real=0.06s
[12.401s][info][gc,start       ] GC(6) Pause Young (Allocation Failure)
[12.454s][info][gc,heap        ] GC(6) DefNew: 152253K(157248K)->12478K(157248K) Eden: 139776K(139776K)->0K(139776K) From: 12477K(17472K)->12478K(17472K)
[12.454s][info][gc,heap        ] GC(6) Tenured: 57701K(349568K)->70179K(349568K)
[12.454s][info][gc,metaspace   ] GC(6) Metaspace: 42070K(42496K)->42070K(42496K) NonClass: 36797K(37056K)->36797K(37056K) Class: 5272K(5440K)->5272K(5440K)
[12.454s][info][gc             ] GC(6) Pause Young (Allocation Failure) 205M->80M(494M) 53.185ms
[12.454s][info][gc,cpu         ] GC(6) User=0.06s Sys=0.00s Real=0.06s
[12.572s][info][gc,start       ] GC(7) Pause Young (Allocation Failure)
[12.625s][info][gc,heap        ] GC(7) DefNew: 152254K(157248K)->12478K(157248K) Eden: 139776K(139776K)->0K(139776K) From: 12478K(17472K)->12478K(17472K)
[12.625s][info][gc,heap        ] GC(7) Tenured: 70179K(349568K)->82657K(349568K)
[12.625s][info][gc,metaspace   ] GC(7) Metaspace: 42070K(42496K)->42070K(42496K) NonClass: 36797K(37056K)->36797K(37056K) Class: 5272K(5440K)->5272K(5440K)
[12.625s][info][gc             ] GC(7) Pause Young (Allocation Failure) 217M->92M(494M) 53.094ms
[12.625s][info][gc,cpu         ] GC(7) User=0.05s Sys=0.00s Real=0.05s
[12.772s][info][gc,start       ] GC(8) Pause Young (Allocation Failure)
[12.832s][info][gc,heap        ] GC(8) DefNew: 152254K(157248K)->12479K(157248K) Eden: 139776K(139776K)->0K(139776K) From: 12478K(17472K)->12479K(17472K)
[12.832s][info][gc,heap        ] GC(8) Tenured: 82657K(349568K)->95136K(349568K)
[12.832s][info][gc,metaspace   ] GC(8) Metaspace: 42070K(42496K)->42070K(42496K) NonClass: 36797K(37056K)->36797K(37056K) Class: 5272K(5440K)->5272K(5440K)
[12.832s][info][gc             ] GC(8) Pause Young (Allocation Failure) 229M->105M(494M) 59.815ms
[12.832s][info][gc,cpu         ] GC(8) User=0.06s Sys=0.00s Real=0.06s
[12.952s][info][gc,start       ] GC(9) Pause Young (Allocation Failure)
[13.006s][info][gc,heap        ] GC(9) DefNew: 152255K(157248K)->12466K(157248K) Eden: 139776K(139776K)->0K(139776K) From: 12479K(17472K)->12466K(17472K)
[13.006s][info][gc,heap        ] GC(9) Tenured: 95136K(349568K)->107615K(349568K)
[13.006s][info][gc,metaspace   ] GC(9) Metaspace: 42070K(42496K)->42070K(42496K) NonClass: 36797K(37056K)->36797K(37056K) Class: 5272K(5440K)->5272K(5440K)
[13.006s][info][gc             ] GC(9) Pause Young (Allocation Failure) 241M->117M(494M) 54.093ms
[13.006s][info][gc,cpu         ] GC(9) User=0.05s Sys=0.02s Real=0.06s
[13.681s][info][gc,start       ] GC(10) Pause Full (System.gc())
[13.681s][info][gc,phases,start] GC(10) Phase 1: Mark live objects
[13.705s][info][gc,phases      ] GC(10) Phase 1: Mark live objects 23.890ms
[13.705s][info][gc,phases,start] GC(10) Phase 2: Compute new object addresses
[13.753s][info][gc,phases      ] GC(10) Phase 2: Compute new object addresses 47.497ms
[13.753s][info][gc,phases,start] GC(10) Phase 3: Adjust pointers
[13.764s][info][gc,phases      ] GC(10) Phase 3: Adjust pointers 11.708ms
[13.764s][info][gc,phases,start] GC(10) Phase 4: Move objects
[13.765s][info][gc,phases      ] GC(10) Phase 4: Move objects 0.638ms
[13.765s][info][gc,heap        ] GC(10) DefNew: 101732K(157248K)->0K(157248K) Eden: 89266K(139776K)->0K(139776K) From: 12466K(17472K)->0K(17472K)
[13.765s][info][gc,heap        ] GC(10) Tenured: 107615K(349568K)->39196K(349568K)
[13.765s][info][gc,metaspace   ] GC(10) Metaspace: 47957K(48448K)->47957K(48448K) NonClass: 41865K(42176K)->41865K(42176K) Class: 6092K(6272K)->6092K(6272K)
[13.765s][info][gc             ] GC(10) Pause Full (System.gc()) 204M->38M(494M) 84.389ms
[13.765s][info][gc,cpu         ] GC(10) User=0.09s Sys=0.00s Real=0.07s
[14.471s][info][gc,start       ] GC(11) Pause Young (Allocation Failure)
[14.512s][info][gc,heap        ] GC(11) DefNew: 139776K(157248K)->9296K(157248K) Eden: 139776K(139776K)->0K(139776K) From: 0K(17472K)->9296K(17472K)
[14.512s][info][gc,heap        ] GC(11) Tenured: 39196K(349568K)->39196K(349568K)
[14.512s][info][gc,metaspace   ] GC(11) Metaspace: 53824K(54528K)->53824K(54528K) NonClass: 47004K(47424K)->47004K(47424K) Class: 6820K(7104K)->6820K(7104K)
[14.512s][info][gc             ] GC(11) Pause Young (Allocation Failure) 174M->47M(494M) 40.477ms
[14.512s][info][gc,cpu         ] GC(11) User=0.09s Sys=0.00s Real=0.05s
[14.619s][info][gc,start       ] GC(12) Pause Young (Allocation Failure)
[14.678s][info][gc,heap        ] GC(12) DefNew: 149072K(157248K)->12542K(157248K) Eden: 139776K(139776K)->0K(139776K) From: 9296K(17472K)->12542K(17472K)
[14.678s][info][gc,heap        ] GC(12) Tenured: 39196K(349568K)->47956K(349568K)
[14.678s][info][gc,metaspace   ] GC(12) Metaspace: 53840K(54528K)->53840K(54528K) NonClass: 47020K(47424K)->47020K(47424K) Class: 6820K(7104K)->6820K(7104K)
[14.679s][info][gc             ] GC(12) Pause Young (Allocation Failure) 183M->59M(494M) 59.867ms
[14.679s][info][gc,cpu         ] GC(12) User=0.05s Sys=0.00s Real=0.05s
[14.773s][info][gc,start       ] GC(13) Pause Young (Allocation Failure)
[14.832s][info][gc,heap        ] GC(13) DefNew: 152318K(157248K)->13624K(157248K) Eden: 139776K(139776K)->0K(139776K) From: 12542K(17472K)->13624K(17472K)
[14.832s][info][gc,heap        ] GC(13) Tenured: 47956K(349568K)->59474K(349568K)
[14.832s][info][gc,metaspace   ] GC(13) Metaspace: 53862K(54528K)->53862K(54528K) NonClass: 47042K(47424K)->47042K(47424K) Class: 6820K(7104K)->6820K(7104K)
[14.832s][info][gc             ] GC(13) Pause Young (Allocation Failure) 195M->71M(494M) 58.672ms
[14.832s][info][gc,cpu         ] GC(13) User=0.06s Sys=0.00s Real=0.06s
[14.939s][info][gc,start       ] GC(14) Pause Young (Allocation Failure)
[15.002s][info][gc,heap        ] GC(14) DefNew: 153400K(157248K)->11999K(157248K) Eden: 139776K(139776K)->0K(139776K) From: 13624K(17472K)->11999K(17472K)
[15.002s][info][gc,heap        ] GC(14) Tenured: 59474K(349568K)->73098K(349568K)
[15.002s][info][gc,metaspace   ] GC(14) Metaspace: 53863K(54528K)->53863K(54528K) NonClass: 47043K(47424K)->47043K(47424K) Class: 6820K(7104K)->6820K(7104K)
[15.002s][info][gc             ] GC(14) Pause Young (Allocation Failure) 207M->83M(494M) 63.575ms
[15.002s][info][gc,cpu         ] GC(14) User=0.06s Sys=0.00s Real=0.06s
[15.095s][info][gc,start       ] GC(15) Pause Young (Allocation Failure)
[15.158s][info][gc,heap        ] GC(15) DefNew: 151775K(157248K)->15527K(157248K) Eden: 139776K(139776K)->0K(139776K) From: 11999K(17472K)->15527K(17472K)
[15.158s][info][gc,heap        ] GC(15) Tenured: 73098K(349568K)->85097K(349568K)
[15.158s][info][gc,metaspace   ] GC(15) Metaspace: 53863K(54528K)->53863K(54528K) NonClass: 47043K(47424K)->47043K(47424K) Class: 6820K(7104K)->6820K(7104K)
[15.158s][info][gc             ] GC(15) Pause Young (Allocation Failure) 219M->98M(494M) 63.569ms
[15.158s][info][gc,cpu         ] GC(15) User=0.06s Sys=0.00s Real=0.06s
[15.252s][info][gc,start       ] GC(16) Pause Young (Allocation Failure)
[15.321s][info][gc,heap        ] GC(16) DefNew: 155303K(157248K)->12003K(157248K) Eden: 139776K(139776K)->0K(139776K) From: 15527K(17472K)->12003K(17472K)
[15.321s][info][gc,heap        ] GC(16) Tenured: 85097K(349568K)->100625K(349568K)
[15.321s][info][gc,metaspace   ] GC(16) Metaspace: 53864K(54528K)->53864K(54528K) NonClass: 47044K(47424K)->47044K(47424K) Class: 6820K(7104K)->6820K(7104K)
[15.321s][info][gc             ] GC(16) Pause Young (Allocation Failure) 234M->109M(494M) 68.407ms
[15.321s][info][gc,cpu         ] GC(16) User=0.06s Sys=0.02s Real=0.06s
[15.708s][info][gc,start       ] GC(17) Pause Young (Allocation Failure)
[15.750s][info][gc,heap        ] GC(17) DefNew: 151779K(157248K)->10958K(157248K) Eden: 139776K(139776K)->0K(139776K) From: 12003K(17472K)->10958K(17472K)
[15.750s][info][gc,heap        ] GC(17) Tenured: 100625K(349568K)->112628K(349568K)
[15.750s][info][gc,metaspace   ] GC(17) Metaspace: 55776K(56640K)->55776K(56640K) NonClass: 48647K(49152K)->48647K(49152K) Class: 7128K(7488K)->7128K(7488K)
[15.751s][info][gc             ] GC(17) Pause Young (Allocation Failure) 246M->120M(494M) 42.952ms
[15.751s][info][gc,cpu         ] GC(17) User=0.05s Sys=0.00s Real=0.03s
[15.829s][info][gc,start       ] GC(18) Pause Young (Allocation Failure)
[15.875s][info][gc,heap        ] GC(18) DefNew: 150734K(157248K)->5402K(157248K) Eden: 139776K(139776K)->0K(139776K) From: 10958K(17472K)->5402K(17472K)
[15.875s][info][gc,heap        ] GC(18) Tenured: 112628K(349568K)->123507K(349568K)
[15.875s][info][gc,metaspace   ] GC(18) Metaspace: 55786K(56640K)->55786K(56640K) NonClass: 48658K(49152K)->48658K(49152K) Class: 7128K(7488K)->7128K(7488K)
[15.875s][info][gc             ] GC(18) Pause Young (Allocation Failure) 257M->125M(494M) 45.941ms
[15.875s][info][gc,cpu         ] GC(18) User=0.05s Sys=0.00s Real=0.05s
[15.927s][info][gc,start       ] GC(19) Pause Young (Allocation Failure)
[15.957s][info][gc,heap        ] GC(19) DefNew: 145178K(157248K)->10193K(157248K) Eden: 139776K(139776K)->0K(139776K) From: 5402K(17472K)->10193K(17472K)
[15.957s][info][gc,heap        ] GC(19) Tenured: 123507K(349568K)->123507K(349568K)
[15.957s][info][gc,metaspace   ] GC(19) Metaspace: 55786K(56640K)->55786K(56640K) NonClass: 48658K(49152K)->48658K(49152K) Class: 7128K(7488K)->7128K(7488K)
[15.957s][info][gc             ] GC(19) Pause Young (Allocation Failure) 262M->130M(494M) 30.139ms
[15.957s][info][gc,cpu         ] GC(19) User=0.03s Sys=0.00s Real=0.03s
[16.010s][info][gc,start       ] GC(20) Pause Young (Allocation Failure)
[16.047s][info][gc,heap        ] GC(20) DefNew: 149969K(157248K)->10714K(157248K) Eden: 139776K(139776K)->0K(139776K) From: 10193K(17472K)->10714K(17472K)
[16.048s][info][gc,heap        ] GC(20) Tenured: 123507K(349568K)->128397K(349568K)
[16.048s][info][gc,metaspace   ] GC(20) Metaspace: 55786K(56640K)->55786K(56640K) NonClass: 48658K(49152K)->48658K(49152K) Class: 7128K(7488K)->7128K(7488K)
[16.048s][info][gc             ] GC(20) Pause Young (Allocation Failure) 267M->135M(494M) 37.524ms
[16.048s][info][gc,cpu         ] GC(20) User=0.06s Sys=0.00s Real=0.03s
[16.101s][info][gc,start       ] GC(21) Pause Young (Allocation Failure)
[16.138s][info][gc,heap        ] GC(21) DefNew: 150490K(157248K)->10874K(157248K) Eden: 139776K(139776K)->0K(139776K) From: 10714K(17472K)->10874K(17472K)
[16.138s][info][gc,heap        ] GC(21) Tenured: 128397K(349568K)->133188K(349568K)
[16.138s][info][gc,metaspace   ] GC(21) Metaspace: 55788K(56640K)->55788K(56640K) NonClass: 48659K(49152K)->48659K(49152K) Class: 7128K(7488K)->7128K(7488K)
[16.138s][info][gc             ] GC(21) Pause Young (Allocation Failure) 272M->140M(494M) 37.377ms
[16.138s][info][gc,cpu         ] GC(21) User=0.03s Sys=0.02s Real=0.05s
[16.191s][info][gc,start       ] GC(22) Pause Young (Allocation Failure)
[16.228s][info][gc,heap        ] GC(22) DefNew: 150650K(157248K)->11722K(157248K) Eden: 139776K(139776K)->0K(139776K) From: 10874K(17472K)->11722K(17472K)
[16.228s][info][gc,heap        ] GC(22) Tenured: 133188K(349568K)->138088K(349568K)
[16.228s][info][gc,metaspace   ] GC(22) Metaspace: 55796K(56640K)->55796K(56640K) NonClass: 48665K(49152K)->48665K(49152K) Class: 7130K(7488K)->7130K(7488K)
[16.228s][info][gc             ] GC(22) Pause Young (Allocation Failure) 277M->146M(494M) 37.447ms
[16.228s][info][gc,cpu         ] GC(22) User=0.03s Sys=0.00s Real=0.03s
[16.280s][info][gc,start       ] GC(23) Pause Young (Allocation Failure)
[16.319s][info][gc,heap        ] GC(23) DefNew: 151498K(157248K)->11838K(157248K) Eden: 139776K(139776K)->0K(139776K) From: 11722K(17472K)->11838K(17472K)
[16.319s][info][gc,heap        ] GC(23) Tenured: 138088K(349568K)->143038K(349568K)
[16.319s][info][gc,metaspace   ] GC(23) Metaspace: 55796K(56640K)->55796K(56640K) NonClass: 48665K(49152K)->48665K(49152K) Class: 7130K(7488K)->7130K(7488K)
[16.319s][info][gc             ] GC(23) Pause Young (Allocation Failure) 282M->151M(494M) 38.961ms
[16.319s][info][gc,cpu         ] GC(23) User=0.05s Sys=0.02s Real=0.03s
[16.372s][info][gc,start       ] GC(24) Pause Young (Allocation Failure)
[16.414s][info][gc,heap        ] GC(24) DefNew: 151614K(157248K)->10209K(157248K) Eden: 139776K(139776K)->0K(139776K) From: 11838K(17472K)->10209K(17472K)
[16.414s][info][gc,heap        ] GC(24) Tenured: 143038K(349568K)->149809K(349568K)
[16.414s][info][gc,metaspace   ] GC(24) Metaspace: 55796K(56640K)->55796K(56640K) NonClass: 48665K(49152K)->48665K(49152K) Class: 7130K(7488K)->7130K(7488K)
[16.414s][info][gc             ] GC(24) Pause Young (Allocation Failure) 287M->156M(494M) 42.315ms
[16.414s][info][gc,cpu         ] GC(24) User=0.06s Sys=0.00s Real=0.05s
[16.469s][info][gc,start       ] GC(25) Pause Young (Allocation Failure)
[16.506s][info][gc,heap        ] GC(25) DefNew: 149985K(157248K)->9465K(157248K) Eden: 139776K(139776K)->0K(139776K) From: 10209K(17472K)->9465K(17472K)
[16.506s][info][gc,heap        ] GC(25) Tenured: 149809K(349568K)->154876K(349568K)
[16.506s][info][gc,metaspace   ] GC(25) Metaspace: 55956K(56704K)->55956K(56704K) NonClass: 48812K(49216K)->48812K(49216K) Class: 7143K(7488K)->7143K(7488K)
[16.506s][info][gc             ] GC(25) Pause Young (Allocation Failure) 292M->160M(494M) 37.754ms
[16.506s][info][gc,cpu         ] GC(25) User=0.03s Sys=0.00s Real=0.03s
[16.559s][info][gc,start       ] GC(26) Pause Young (Allocation Failure)
[16.583s][info][gc,heap        ] GC(26) DefNew: 149241K(157248K)->4336K(157248K) Eden: 139776K(139776K)->0K(139776K) From: 9465K(17472K)->4336K(17472K)
[16.583s][info][gc,heap        ] GC(26) Tenured: 154876K(349568K)->160018K(349568K)
[16.583s][info][gc,metaspace   ] GC(26) Metaspace: 55969K(56704K)->55969K(56704K) NonClass: 48823K(49216K)->48823K(49216K) Class: 7146K(7488K)->7146K(7488K)
[16.583s][info][gc             ] GC(26) Pause Young (Allocation Failure) 296M->160M(494M) 24.105ms
[16.583s][info][gc,cpu         ] GC(26) User=0.06s Sys=0.00s Real=0.03s
[16.630s][info][gc,start       ] GC(27) Pause Young (Allocation Failure)
[16.635s][info][gc,heap        ] GC(27) DefNew: 144112K(157248K)->4336K(157248K) Eden: 139776K(139776K)->0K(139776K) From: 4336K(17472K)->4336K(17472K)
[16.635s][info][gc,heap        ] GC(27) Tenured: 160018K(349568K)->160018K(349568K)
[16.635s][info][gc,metaspace   ] GC(27) Metaspace: 55969K(56704K)->55969K(56704K) NonClass: 48823K(49216K)->48823K(49216K) Class: 7146K(7488K)->7146K(7488K)
[16.635s][info][gc             ] GC(27) Pause Young (Allocation Failure) 297M->160M(494M) 5.478ms
[16.635s][info][gc,cpu         ] GC(27) User=0.00s Sys=0.00s Real=0.00s
[16.672s][info][gc,start       ] GC(28) Pause Young (Allocation Failure)
[16.677s][info][gc,heap        ] GC(28) DefNew: 144112K(157248K)->4336K(157248K) Eden: 139776K(139776K)->0K(139776K) From: 4336K(17472K)->4336K(17472K)
[16.677s][info][gc,heap        ] GC(28) Tenured: 160018K(349568K)->160018K(349568K)
[16.677s][info][gc,metaspace   ] GC(28) Metaspace: 55969K(56704K)->55969K(56704K) NonClass: 48823K(49216K)->48823K(49216K) Class: 7146K(7488K)->7146K(7488K)
[16.678s][info][gc             ] GC(28) Pause Young (Allocation Failure) 297M->160M(494M) 5.410ms
[16.678s][info][gc,cpu         ] GC(28) User=0.00s Sys=0.00s Real=0.01s
[16.723s][info][gc,start       ] GC(29) Pause Young (Allocation Failure)
[16.729s][info][gc,heap        ] GC(29) DefNew: 144112K(157248K)->4336K(157248K) Eden: 139776K(139776K)->0K(139776K) From: 4336K(17472K)->4336K(17472K)
[16.729s][info][gc,heap        ] GC(29) Tenured: 160018K(349568K)->160018K(349568K)
[16.729s][info][gc,metaspace   ] GC(29) Metaspace: 55969K(56704K)->55969K(56704K) NonClass: 48823K(49216K)->48823K(49216K) Class: 7146K(7488K)->7146K(7488K)
[16.729s][info][gc             ] GC(29) Pause Young (Allocation Failure) 297M->160M(494M) 5.996ms
[16.729s][info][gc,cpu         ] GC(29) User=0.02s Sys=0.00s Real=0.01s
[16.772s][info][gc,start       ] GC(30) Pause Young (Allocation Failure)
[16.784s][info][gc,heap        ] GC(30) DefNew: 144112K(157248K)->4336K(157248K) Eden: 139776K(139776K)->0K(139776K) From: 4336K(17472K)->4336K(17472K)
[16.784s][info][gc,heap        ] GC(30) Tenured: 160018K(349568K)->160018K(349568K)
[16.784s][info][gc,metaspace   ] GC(30) Metaspace: 55969K(56704K)->55969K(56704K) NonClass: 48823K(49216K)->48823K(49216K) Class: 7146K(7488K)->7146K(7488K)
[16.784s][info][gc             ] GC(30) Pause Young (Allocation Failure) 297M->160M(494M) 11.687ms
[16.784s][info][gc,cpu         ] GC(30) User=0.00s Sys=0.00s Real=0.00s
[16.825s][info][gc,start       ] GC(31) Pause Young (Allocation Failure)
[16.836s][info][gc,heap        ] GC(31) DefNew: 144112K(157248K)->4336K(157248K) Eden: 139776K(139776K)->0K(139776K) From: 4336K(17472K)->4336K(17472K)
[16.836s][info][gc,heap        ] GC(31) Tenured: 160018K(349568K)->160018K(349568K)
[16.836s][info][gc,metaspace   ] GC(31) Metaspace: 55969K(56704K)->55969K(56704K) NonClass: 48823K(49216K)->48823K(49216K) Class: 7146K(7488K)->7146K(7488K)
[16.836s][info][gc             ] GC(31) Pause Young (Allocation Failure) 297M->160M(494M) 11.549ms
[16.836s][info][gc,cpu         ] GC(31) User=0.02s Sys=0.00s Real=0.02s
[16.873s][info][gc,start       ] GC(32) Pause Young (Allocation Failure)
[16.885s][info][gc,heap        ] GC(32) DefNew: 144112K(157248K)->4336K(157248K) Eden: 139776K(139776K)->0K(139776K) From: 4336K(17472K)->4336K(17472K)
[16.885s][info][gc,heap        ] GC(32) Tenured: 160018K(349568K)->160018K(349568K)
[16.885s][info][gc,metaspace   ] GC(32) Metaspace: 55969K(56704K)->55969K(56704K) NonClass: 48823K(49216K)->48823K(49216K) Class: 7146K(7488K)->7146K(7488K)
[16.885s][info][gc             ] GC(32) Pause Young (Allocation Failure) 297M->160M(494M) 11.640ms
[16.885s][info][gc,cpu         ] GC(32) User=0.02s Sys=0.00s Real=0.02s
[16.934s][info][gc,start       ] GC(33) Pause Young (Allocation Failure)
[16.947s][info][gc,heap        ] GC(33) DefNew: 144112K(157248K)->4429K(157248K) Eden: 139776K(139776K)->0K(139776K) From: 4336K(17472K)->4429K(17472K)
[16.947s][info][gc,heap        ] GC(33) Tenured: 160018K(349568K)->160018K(349568K)
[16.947s][info][gc,metaspace   ] GC(33) Metaspace: 56220K(57088K)->56220K(57088K) NonClass: 49038K(49536K)->49038K(49536K) Class: 7182K(7552K)->7182K(7552K)
[16.947s][info][gc             ] GC(33) Pause Young (Allocation Failure) 297M->160M(494M) 12.789ms
[16.947s][info][gc,cpu         ] GC(33) User=0.02s Sys=0.00s Real=0.02s
[17.023s][info][gc,start       ] GC(34) Pause Young (Allocation Failure)
[17.036s][info][gc,heap        ] GC(34) DefNew: 144205K(157248K)->4425K(157248K) Eden: 139776K(139776K)->0K(139776K) From: 4429K(17472K)->4425K(17472K)
[17.036s][info][gc,heap        ] GC(34) Tenured: 160018K(349568K)->160018K(349568K)
[17.036s][info][gc,metaspace   ] GC(34) Metaspace: 56295K(57152K)->56295K(57152K) NonClass: 49098K(49600K)->49098K(49600K) Class: 7196K(7552K)->7196K(7552K)
[17.036s][info][gc             ] GC(34) Pause Young (Allocation Failure) 297M->160M(494M) 13.229ms
[17.036s][info][gc,cpu         ] GC(34) User=0.02s Sys=0.00s Real=0.02s
[17.137s][info][gc,start       ] GC(35) Pause Young (Allocation Failure)
[17.150s][info][gc,heap        ] GC(35) DefNew: 144201K(157248K)->4424K(157248K) Eden: 139776K(139776K)->0K(139776K) From: 4425K(17472K)->4424K(17472K)
[17.150s][info][gc,heap        ] GC(35) Tenured: 160018K(349568K)->160018K(349568K)
[17.150s][info][gc,metaspace   ] GC(35) Metaspace: 56295K(57152K)->56295K(57152K) NonClass: 49098K(49600K)->49098K(49600K) Class: 7196K(7552K)->7196K(7552K)
[17.150s][info][gc             ] GC(35) Pause Young (Allocation Failure) 297M->160M(494M) 12.937ms
[17.150s][info][gc,cpu         ] GC(35) User=0.02s Sys=0.00s Real=0.02s
[17.225s][info][gc,start       ] GC(36) Pause Young (Allocation Failure)
[17.237s][info][gc,heap        ] GC(36) DefNew: 144200K(157248K)->4424K(157248K) Eden: 139776K(139776K)->0K(139776K) From: 4424K(17472K)->4424K(17472K)
[17.237s][info][gc,heap        ] GC(36) Tenured: 160018K(349568K)->160018K(349568K)
[17.237s][info][gc,metaspace   ] GC(36) Metaspace: 56295K(57152K)->56295K(57152K) NonClass: 49098K(49600K)->49098K(49600K) Class: 7196K(7552K)->7196K(7552K)
[17.237s][info][gc             ] GC(36) Pause Young (Allocation Failure) 297M->160M(494M) 12.546ms
[17.237s][info][gc,cpu         ] GC(36) User=0.00s Sys=0.00s Real=0.00s
[17.314s][info][gc,start       ] GC(37) Pause Young (Allocation Failure)
[17.326s][info][gc,heap        ] GC(37) DefNew: 144200K(157248K)->4424K(157248K) Eden: 139776K(139776K)->0K(139776K) From: 4424K(17472K)->4424K(17472K)
[17.327s][info][gc,heap        ] GC(37) Tenured: 160018K(349568K)->160018K(349568K)
[17.327s][info][gc,metaspace   ] GC(37) Metaspace: 56295K(57152K)->56295K(57152K) NonClass: 49098K(49600K)->49098K(49600K) Class: 7196K(7552K)->7196K(7552K)
[17.327s][info][gc             ] GC(37) Pause Young (Allocation Failure) 297M->160M(494M) 12.587ms
[17.327s][info][gc,cpu         ] GC(37) User=0.02s Sys=0.00s Real=0.02s
[17.406s][info][gc,start       ] GC(38) Pause Young (Allocation Failure)
[17.418s][info][gc,heap        ] GC(38) DefNew: 144200K(157248K)->4424K(157248K) Eden: 139776K(139776K)->0K(139776K) From: 4424K(17472K)->4424K(17472K)
[17.418s][info][gc,heap        ] GC(38) Tenured: 160018K(349568K)->160018K(349568K)
[17.418s][info][gc,metaspace   ] GC(38) Metaspace: 56295K(57152K)->56295K(57152K) NonClass: 49098K(49600K)->49098K(49600K) Class: 7196K(7552K)->7196K(7552K)
[17.418s][info][gc             ] GC(38) Pause Young (Allocation Failure) 297M->160M(494M) 12.469ms
[17.418s][info][gc,cpu         ] GC(38) User=0.02s Sys=0.00s Real=0.02s
[17.494s][info][gc,start       ] GC(39) Pause Young (Allocation Failure)
[17.507s][info][gc,heap        ] GC(39) DefNew: 144200K(157248K)->4424K(157248K) Eden: 139776K(139776K)->0K(139776K) From: 4424K(17472K)->4424K(17472K)
[17.507s][info][gc,heap        ] GC(39) Tenured: 160018K(349568K)->160018K(349568K)
[17.507s][info][gc,metaspace   ] GC(39) Metaspace: 56295K(57152K)->56295K(57152K) NonClass: 49098K(49600K)->49098K(49600K) Class: 7196K(7552K)->7196K(7552K)
[17.507s][info][gc             ] GC(39) Pause Young (Allocation Failure) 297M->160M(494M) 12.568ms
[17.507s][info][gc,cpu         ] GC(39) User=0.02s Sys=0.00s Real=0.02s
[17.587s][info][gc,start       ] GC(40) Pause Young (Allocation Failure)
[17.603s][info][gc,heap        ] GC(40) DefNew: 144200K(157248K)->102K(157248K) Eden: 139776K(139776K)->0K(139776K) From: 4424K(17472K)->102K(17472K)
[17.603s][info][gc,heap        ] GC(40) Tenured: 160018K(349568K)->164340K(349568K)
[17.603s][info][gc,metaspace   ] GC(40) Metaspace: 56295K(57152K)->56295K(57152K) NonClass: 49098K(49600K)->49098K(49600K) Class: 7196K(7552K)->7196K(7552K)
[17.603s][info][gc             ] GC(40) Pause Young (Allocation Failure) 297M->160M(494M) 16.351ms
[17.603s][info][gc,cpu         ] GC(40) User=0.00s Sys=0.02s Real=0.02s
[17.837s][info][gc,start       ] GC(41) Pause Full (System.gc())
[17.838s][info][gc,phases,start] GC(41) Phase 1: Mark live objects
[17.917s][info][gc,phases      ] GC(41) Phase 1: Mark live objects 79.744ms
[17.917s][info][gc,phases,start] GC(41) Phase 2: Compute new object addresses
[17.962s][info][gc,phases      ] GC(41) Phase 2: Compute new object addresses 44.951ms
[17.962s][info][gc,phases,start] GC(41) Phase 3: Adjust pointers
[18.005s][info][gc,phases      ] GC(41) Phase 3: Adjust pointers 42.915ms
[18.005s][info][gc,phases,start] GC(41) Phase 4: Move objects
[18.036s][info][gc,phases      ] GC(41) Phase 4: Move objects 30.756ms
[18.037s][info][gc,heap        ] GC(41) DefNew: 22778K(157248K)->0K(157248K) Eden: 22676K(139776K)->0K(139776K) From: 102K(17472K)->0K(17472K)
[18.037s][info][gc,heap        ] GC(41) Tenured: 164340K(349568K)->100918K(349568K)
[18.037s][info][gc,metaspace   ] GC(41) Metaspace: 58127K(59008K)->58074K(59008K) NonClass: 50717K(51200K)->50680K(51200K) Class: 7409K(7808K)->7394K(7808K)
[18.037s][info][gc             ] GC(41) Pause Full (System.gc()) 182M->98M(494M) 199.606ms
[18.037s][info][gc,cpu         ] GC(41) User=0.20s Sys=0.00s Real=0.20s
[18.214s][info][gc,start       ] GC(42) Pause Young (Allocation Failure)
[18.228s][info][gc,heap        ] GC(42) DefNew: 139776K(157248K)->2733K(157248K) Eden: 139776K(139776K)->0K(139776K) From: 0K(17472K)->2733K(17472K)
[18.228s][info][gc,heap        ] GC(42) Tenured: 100918K(349568K)->100918K(349568K)
[18.228s][info][gc,metaspace   ] GC(42) Metaspace: 58408K(59264K)->58408K(59264K) NonClass: 50946K(51392K)->50946K(51392K) Class: 7462K(7872K)->7462K(7872K)
[18.228s][info][gc             ] GC(42) Pause Young (Allocation Failure) 235M->101M(494M) 13.814ms
[18.228s][info][gc,cpu         ] GC(42) User=0.05s Sys=0.00s Real=0.02s
[18.282s][info][gc,start       ] GC(43) Pause Young (Allocation Failure)
[18.312s][info][gc,heap        ] GC(43) DefNew: 142509K(157248K)->8448K(157248K) Eden: 139776K(139776K)->0K(139776K) From: 2733K(17472K)->8448K(17472K)
[18.312s][info][gc,heap        ] GC(43) Tenured: 100918K(349568K)->100918K(349568K)
[18.312s][info][gc,metaspace   ] GC(43) Metaspace: 58411K(59264K)->58411K(59264K) NonClass: 50949K(51392K)->50949K(51392K) Class: 7462K(7872K)->7462K(7872K)
[18.312s][info][gc             ] GC(43) Pause Young (Allocation Failure) 237M->106M(494M) 29.813ms
[18.312s][info][gc,cpu         ] GC(43) User=0.06s Sys=0.00s Real=0.03s
[18.365s][info][gc,start       ] GC(44) Pause Young (Allocation Failure)
[18.398s][info][gc,heap        ] GC(44) DefNew: 148224K(157248K)->14173K(157248K) Eden: 139776K(139776K)->0K(139776K) From: 8448K(17472K)->14173K(17472K)
[18.398s][info][gc,heap        ] GC(44) Tenured: 100918K(349568K)->100918K(349568K)
[18.399s][info][gc,metaspace   ] GC(44) Metaspace: 58411K(59264K)->58411K(59264K) NonClass: 50949K(51392K)->50949K(51392K) Class: 7462K(7872K)->7462K(7872K)
[18.399s][info][gc             ] GC(44) Pause Young (Allocation Failure) 243M->112M(494M) 33.942ms
[18.399s][info][gc,cpu         ] GC(44) User=0.03s Sys=0.00s Real=0.03s
[18.456s][info][gc,start       ] GC(45) Pause Young (Allocation Failure)
[18.495s][info][gc,heap        ] GC(45) DefNew: 153949K(157248K)->11357K(157248K) Eden: 139776K(139776K)->0K(139776K) From: 14173K(17472K)->11357K(17472K)
[18.495s][info][gc,heap        ] GC(45) Tenured: 100918K(349568K)->108851K(349568K)
[18.495s][info][gc,metaspace   ] GC(45) Metaspace: 58412K(59264K)->58412K(59264K) NonClass: 50949K(51392K)->50949K(51392K) Class: 7462K(7872K)->7462K(7872K)
[18.495s][info][gc             ] GC(45) Pause Young (Allocation Failure) 248M->117M(494M) 38.734ms
[18.495s][info][gc,cpu         ] GC(45) User=0.03s Sys=0.00s Real=0.03s
[18.548s][info][gc,start       ] GC(46) Pause Young (Allocation Failure)
[18.590s][info][gc,heap        ] GC(46) DefNew: 151133K(157248K)->10893K(157248K) Eden: 139776K(139776K)->0K(139776K) From: 11357K(17472K)->10893K(17472K)
[18.590s][info][gc,heap        ] GC(46) Tenured: 108851K(349568K)->115091K(349568K)
[18.590s][info][gc,metaspace   ] GC(46) Metaspace: 58412K(59264K)->58412K(59264K) NonClass: 50949K(51392K)->50949K(51392K) Class: 7462K(7872K)->7462K(7872K)
[18.590s][info][gc             ] GC(46) Pause Young (Allocation Failure) 253M->123M(494M) 42.206ms
[18.590s][info][gc,cpu         ] GC(46) User=0.03s Sys=0.00s Real=0.03s
[18.656s][info][gc,start       ] GC(47) Pause Young (Allocation Failure)
[18.699s][info][gc,heap        ] GC(47) DefNew: 150669K(157248K)->14084K(157248K) Eden: 139776K(139776K)->0K(139776K) From: 10893K(17472K)->14084K(17472K)
[18.699s][info][gc,heap        ] GC(47) Tenured: 115091K(349568K)->120207K(349568K)
[18.699s][info][gc,metaspace   ] GC(47) Metaspace: 58412K(59264K)->58412K(59264K) NonClass: 50949K(51392K)->50949K(51392K) Class: 7462K(7872K)->7462K(7872K)
[18.699s][info][gc             ] GC(47) Pause Young (Allocation Failure) 259M->131M(494M) 43.194ms
[18.699s][info][gc,cpu         ] GC(47) User=0.03s Sys=0.00s Real=0.03s
[18.756s][info][gc,start       ] GC(48) Pause Young (Allocation Failure)
[18.798s][info][gc,heap        ] GC(48) DefNew: 153860K(157248K)->14331K(157248K) Eden: 139776K(139776K)->0K(139776K) From: 14084K(17472K)->14331K(17472K)
[18.798s][info][gc,heap        ] GC(48) Tenured: 120207K(349568K)->125984K(349568K)
[18.798s][info][gc,metaspace   ] GC(48) Metaspace: 58412K(59264K)->58412K(59264K) NonClass: 50949K(51392K)->50949K(51392K) Class: 7462K(7872K)->7462K(7872K)
[18.798s][info][gc             ] GC(48) Pause Young (Allocation Failure) 267M->137M(494M) 41.563ms
[18.798s][info][gc,cpu         ] GC(48) User=0.05s Sys=0.00s Real=0.05s
[18.854s][info][gc,start       ] GC(49) Pause Young (Allocation Failure)
[18.895s][info][gc,heap        ] GC(49) DefNew: 154107K(157248K)->10406K(157248K) Eden: 139776K(139776K)->0K(139776K) From: 14331K(17472K)->10406K(17472K)
[18.895s][info][gc,heap        ] GC(49) Tenured: 125984K(349568K)->134291K(349568K)
[18.895s][info][gc,metaspace   ] GC(49) Metaspace: 58418K(59264K)->58418K(59264K) NonClass: 50955K(51392K)->50955K(51392K) Class: 7462K(7872K)->7462K(7872K)
[18.895s][info][gc             ] GC(49) Pause Young (Allocation Failure) 273M->141M(494M) 40.608ms
[18.895s][info][gc,cpu         ] GC(49) User=0.05s Sys=0.00s Real=0.05s
[18.954s][info][gc,start       ] GC(50) Pause Young (Allocation Failure)
[18.977s][info][gc,heap        ] GC(50) DefNew: 150182K(157248K)->4382K(157248K) Eden: 139776K(139776K)->0K(139776K) From: 10406K(17472K)->4382K(17472K)
[18.977s][info][gc,heap        ] GC(50) Tenured: 134291K(349568K)->140315K(349568K)
[18.977s][info][gc,metaspace   ] GC(50) Metaspace: 58418K(59264K)->58418K(59264K) NonClass: 50955K(51392K)->50955K(51392K) Class: 7462K(7872K)->7462K(7872K)
[18.977s][info][gc             ] GC(50) Pause Young (Allocation Failure) 277M->141M(494M) 23.247ms
[18.977s][info][gc,cpu         ] GC(50) User=0.02s Sys=0.00s Real=0.02s
[19.030s][info][gc,start       ] GC(51) Pause Young (Allocation Failure)
[19.042s][info][gc,heap        ] GC(51) DefNew: 144158K(157248K)->4382K(157248K) Eden: 139776K(139776K)->0K(139776K) From: 4382K(17472K)->4382K(17472K)
[19.042s][info][gc,heap        ] GC(51) Tenured: 140315K(349568K)->140315K(349568K)
[19.042s][info][gc,metaspace   ] GC(51) Metaspace: 58418K(59264K)->58418K(59264K) NonClass: 50955K(51392K)->50955K(51392K) Class: 7462K(7872K)->7462K(7872K)
[19.042s][info][gc             ] GC(51) Pause Young (Allocation Failure) 277M->141M(494M) 11.289ms
[19.042s][info][gc,cpu         ] GC(51) User=0.00s Sys=0.00s Real=0.00s
[19.089s][info][gc,start       ] GC(52) Pause Young (Allocation Failure)
[19.100s][info][gc,heap        ] GC(52) DefNew: 144158K(157248K)->4382K(157248K) Eden: 139776K(139776K)->0K(139776K) From: 4382K(17472K)->4382K(17472K)
[19.100s][info][gc,heap        ] GC(52) Tenured: 140315K(349568K)->140315K(349568K)
[19.100s][info][gc,metaspace   ] GC(52) Metaspace: 58418K(59264K)->58418K(59264K) NonClass: 50955K(51392K)->50955K(51392K) Class: 7462K(7872K)->7462K(7872K)
[19.100s][info][gc             ] GC(52) Pause Young (Allocation Failure) 277M->141M(494M) 11.582ms
[19.100s][info][gc,cpu         ] GC(52) User=0.02s Sys=0.00s Real=0.02s
[19.151s][info][gc,start       ] GC(53) Pause Young (Allocation Failure)
[19.156s][info][gc,heap        ] GC(53) DefNew: 144158K(157248K)->4382K(157248K) Eden: 139776K(139776K)->0K(139776K) From: 4382K(17472K)->4382K(17472K)
[19.156s][info][gc,heap        ] GC(53) Tenured: 140315K(349568K)->140315K(349568K)
[19.156s][info][gc,metaspace   ] GC(53) Metaspace: 58418K(59264K)->58418K(59264K) NonClass: 50955K(51392K)->50955K(51392K) Class: 7462K(7872K)->7462K(7872K)
[19.156s][info][gc             ] GC(53) Pause Young (Allocation Failure) 277M->141M(494M) 5.721ms
[19.156s][info][gc,cpu         ] GC(53) User=0.02s Sys=0.00s Real=0.02s
[19.206s][info][gc,start       ] GC(54) Pause Young (Allocation Failure)
[19.218s][info][gc,heap        ] GC(54) DefNew: 144158K(157248K)->4382K(157248K) Eden: 139776K(139776K)->0K(139776K) From: 4382K(17472K)->4382K(17472K)
[19.218s][info][gc,heap        ] GC(54) Tenured: 140315K(349568K)->140315K(349568K)
[19.218s][info][gc,metaspace   ] GC(54) Metaspace: 58418K(59264K)->58418K(59264K) NonClass: 50955K(51392K)->50955K(51392K) Class: 7462K(7872K)->7462K(7872K)
[19.218s][info][gc             ] GC(54) Pause Young (Allocation Failure) 277M->141M(494M) 11.617ms
[19.218s][info][gc,cpu         ] GC(54) User=0.02s Sys=0.00s Real=0.02s
[19.264s][info][gc,start       ] GC(55) Pause Young (Allocation Failure)
[19.275s][info][gc,heap        ] GC(55) DefNew: 144158K(157248K)->4382K(157248K) Eden: 139776K(139776K)->0K(139776K) From: 4382K(17472K)->4382K(17472K)
[19.275s][info][gc,heap        ] GC(55) Tenured: 140315K(349568K)->140315K(349568K)
[19.275s][info][gc,metaspace   ] GC(55) Metaspace: 58418K(59264K)->58418K(59264K) NonClass: 50955K(51392K)->50955K(51392K) Class: 7462K(7872K)->7462K(7872K)
[19.275s][info][gc             ] GC(55) Pause Young (Allocation Failure) 277M->141M(494M) 11.761ms
[19.275s][info][gc,cpu         ] GC(55) User=0.00s Sys=0.00s Real=0.00s
[19.343s][info][gc,start       ] GC(56) Pause Young (Allocation Failure)
[19.355s][info][gc,heap        ] GC(56) DefNew: 144158K(157248K)->4395K(157248K) Eden: 139776K(139776K)->0K(139776K) From: 4382K(17472K)->4395K(17472K)
[19.355s][info][gc,heap        ] GC(56) Tenured: 140315K(349568K)->140315K(349568K)
[19.355s][info][gc,metaspace   ] GC(56) Metaspace: 58425K(59264K)->58425K(59264K) NonClass: 50963K(51392K)->50963K(51392K) Class: 7462K(7872K)->7462K(7872K)
[19.355s][info][gc             ] GC(56) Pause Young (Allocation Failure) 277M->141M(494M) 11.900ms
[19.355s][info][gc,cpu         ] GC(56) User=0.00s Sys=0.00s Real=0.00s
[19.453s][info][gc,start       ] GC(57) Pause Young (Allocation Failure)
[19.464s][info][gc,heap        ] GC(57) DefNew: 144171K(157248K)->4395K(157248K) Eden: 139776K(139776K)->0K(139776K) From: 4395K(17472K)->4395K(17472K)
[19.464s][info][gc,heap        ] GC(57) Tenured: 140315K(349568K)->140315K(349568K)
[19.464s][info][gc,metaspace   ] GC(57) Metaspace: 58425K(59264K)->58425K(59264K) NonClass: 50963K(51392K)->50963K(51392K) Class: 7462K(7872K)->7462K(7872K)
[19.465s][info][gc             ] GC(57) Pause Young (Allocation Failure) 277M->141M(494M) 11.857ms
[19.465s][info][gc,cpu         ] GC(57) User=0.00s Sys=0.00s Real=0.00s
[19.559s][info][gc,start       ] GC(58) Pause Young (Allocation Failure)
[19.571s][info][gc,heap        ] GC(58) DefNew: 144171K(157248K)->4395K(157248K) Eden: 139776K(139776K)->0K(139776K) From: 4395K(17472K)->4395K(17472K)
[19.571s][info][gc,heap        ] GC(58) Tenured: 140315K(349568K)->140315K(349568K)
[19.571s][info][gc,metaspace   ] GC(58) Metaspace: 58425K(59264K)->58425K(59264K) NonClass: 50963K(51392K)->50963K(51392K) Class: 7462K(7872K)->7462K(7872K)
[19.571s][info][gc             ] GC(58) Pause Young (Allocation Failure) 277M->141M(494M) 12.152ms
[19.571s][info][gc,cpu         ] GC(58) User=0.02s Sys=0.00s Real=0.02s
[19.654s][info][gc,start       ] GC(59) Pause Young (Allocation Failure)
[19.665s][info][gc,heap        ] GC(59) DefNew: 144171K(157248K)->4395K(157248K) Eden: 139776K(139776K)->0K(139776K) From: 4395K(17472K)->4395K(17472K)
[19.665s][info][gc,heap        ] GC(59) Tenured: 140315K(349568K)->140315K(349568K)
[19.665s][info][gc,metaspace   ] GC(59) Metaspace: 58425K(59264K)->58425K(59264K) NonClass: 50963K(51392K)->50963K(51392K) Class: 7462K(7872K)->7462K(7872K)
[19.665s][info][gc             ] GC(59) Pause Young (Allocation Failure) 277M->141M(494M) 11.622ms
[19.665s][info][gc,cpu         ] GC(59) User=0.02s Sys=0.00s Real=0.02s
[19.750s][info][gc,start       ] GC(60) Pause Young (Allocation Failure)
[19.761s][info][gc,heap        ] GC(60) DefNew: 144171K(157248K)->4395K(157248K) Eden: 139776K(139776K)->0K(139776K) From: 4395K(17472K)->4395K(17472K)
[19.761s][info][gc,heap        ] GC(60) Tenured: 140315K(349568K)->140315K(349568K)
[19.762s][info][gc,metaspace   ] GC(60) Metaspace: 58425K(59264K)->58425K(59264K) NonClass: 50963K(51392K)->50963K(51392K) Class: 7462K(7872K)->7462K(7872K)
[19.762s][info][gc             ] GC(60) Pause Young (Allocation Failure) 277M->141M(494M) 11.902ms
[19.762s][info][gc,cpu         ] GC(60) User=0.00s Sys=0.00s Real=0.00s
[19.844s][info][gc,start       ] GC(61) Pause Young (Allocation Failure)
[19.855s][info][gc,heap        ] GC(61) DefNew: 144171K(157248K)->4395K(157248K) Eden: 139776K(139776K)->0K(139776K) From: 4395K(17472K)->4395K(17472K)
[19.856s][info][gc,heap        ] GC(61) Tenured: 140315K(349568K)->140315K(349568K)
[19.856s][info][gc,metaspace   ] GC(61) Metaspace: 58425K(59264K)->58425K(59264K) NonClass: 50963K(51392K)->50963K(51392K) Class: 7462K(7872K)->7462K(7872K)
[19.856s][info][gc             ] GC(61) Pause Young (Allocation Failure) 277M->141M(494M) 11.607ms
[19.856s][info][gc,cpu         ] GC(61) User=0.00s Sys=0.00s Real=0.00s
[19.939s][info][gc,start       ] GC(62) Pause Young (Allocation Failure)
[19.951s][info][gc,heap        ] GC(62) DefNew: 144171K(157248K)->4395K(157248K) Eden: 139776K(139776K)->0K(139776K) From: 4395K(17472K)->4395K(17472K)
[19.951s][info][gc,heap        ] GC(62) Tenured: 140315K(349568K)->140315K(349568K)
[19.951s][info][gc,metaspace   ] GC(62) Metaspace: 58425K(59264K)->58425K(59264K) NonClass: 50963K(51392K)->50963K(51392K) Class: 7462K(7872K)->7462K(7872K)
[19.951s][info][gc             ] GC(62) Pause Young (Allocation Failure) 277M->141M(494M) 11.997ms
[19.951s][info][gc,cpu         ] GC(62) User=0.02s Sys=0.00s Real=0.02s
[20.008s][info][gc,start       ] GC(63) Pause Full (System.gc())
[20.008s][info][gc,phases,start] GC(63) Phase 1: Mark live objects
[20.074s][info][gc,phases      ] GC(63) Phase 1: Mark live objects 65.358ms
[20.074s][info][gc,phases,start] GC(63) Phase 2: Compute new object addresses
[20.134s][info][gc,phases      ] GC(63) Phase 2: Compute new object addresses 60.594ms
[20.134s][info][gc,phases,start] GC(63) Phase 3: Adjust pointers
[20.174s][info][gc,phases      ] GC(63) Phase 3: Adjust pointers 39.608ms
[20.174s][info][gc,phases,start] GC(63) Phase 4: Move objects
[20.174s][info][gc,phases      ] GC(63) Phase 4: Move objects 0.031ms
[20.175s][info][gc,heap        ] GC(63) DefNew: 36381K(157248K)->0K(157248K) Eden: 31985K(139776K)->0K(139776K) From: 4395K(17472K)->0K(17472K)
[20.175s][info][gc,heap        ] GC(63) Tenured: 140315K(349568K)->117262K(349568K)
[20.175s][info][gc,metaspace   ] GC(63) Metaspace: 58485K(59328K)->58485K(59328K) NonClass: 51023K(51456K)->51023K(51456K) Class: 7462K(7872K)->7462K(7872K)
[20.175s][info][gc             ] GC(63) Pause Full (System.gc()) 172M->114M(494M) 166.523ms
[20.175s][info][gc,cpu         ] GC(63) User=0.20s Sys=0.00s Real=0.17s
[20.333s][info][gc,start       ] GC(64) Pause Young (Allocation Failure)
[20.350s][info][gc,heap        ] GC(64) DefNew: 139776K(157248K)->3872K(157248K) Eden: 139776K(139776K)->0K(139776K) From: 0K(17472K)->3872K(17472K)
[20.350s][info][gc,heap        ] GC(64) Tenured: 117262K(349568K)->117262K(349568K)
[20.350s][info][gc,metaspace   ] GC(64) Metaspace: 58562K(59456K)->58562K(59456K) NonClass: 51099K(51584K)->51099K(51584K) Class: 7462K(7872K)->7462K(7872K)
[20.350s][info][gc             ] GC(64) Pause Young (Allocation Failure) 251M->118M(494M) 17.285ms
[20.350s][info][gc,cpu         ] GC(64) User=0.02s Sys=0.00s Real=0.01s
[20.400s][info][gc,start       ] GC(65) Pause Young (Allocation Failure)
[20.428s][info][gc,heap        ] GC(65) DefNew: 143648K(157248K)->8608K(157248K) Eden: 139776K(139776K)->0K(139776K) From: 3872K(17472K)->8608K(17472K)
[20.428s][info][gc,heap        ] GC(65) Tenured: 117262K(349568K)->117262K(349568K)
[20.428s][info][gc,metaspace   ] GC(65) Metaspace: 58562K(59456K)->58562K(59456K) NonClass: 51100K(51584K)->51100K(51584K) Class: 7462K(7872K)->7462K(7872K)
[20.428s][info][gc             ] GC(65) Pause Young (Allocation Failure) 254M->122M(494M) 28.622ms
[20.428s][info][gc,cpu         ] GC(65) User=0.03s Sys=0.00s Real=0.03s
[20.483s][info][gc,start       ] GC(66) Pause Young (Allocation Failure)
[20.517s][info][gc,heap        ] GC(66) DefNew: 148384K(157248K)->14164K(157248K) Eden: 139776K(139776K)->0K(139776K) From: 8608K(17472K)->14164K(17472K)
[20.517s][info][gc,heap        ] GC(66) Tenured: 117262K(349568K)->117262K(349568K)
[20.517s][info][gc,metaspace   ] GC(66) Metaspace: 58562K(59456K)->58562K(59456K) NonClass: 51100K(51584K)->51100K(51584K) Class: 7462K(7872K)->7462K(7872K)
[20.517s][info][gc             ] GC(66) Pause Young (Allocation Failure) 259M->128M(494M) 34.296ms
[20.517s][info][gc,cpu         ] GC(66) User=0.03s Sys=0.00s Real=0.03s
[20.571s][info][gc,start       ] GC(67) Pause Young (Allocation Failure)
[20.613s][info][gc,heap        ] GC(67) DefNew: 153940K(157248K)->11375K(157248K) Eden: 139776K(139776K)->0K(139776K) From: 14164K(17472K)->11375K(17472K)
[20.613s][info][gc,heap        ] GC(67) Tenured: 117262K(349568K)->125358K(349568K)
[20.613s][info][gc,metaspace   ] GC(67) Metaspace: 58562K(59456K)->58562K(59456K) NonClass: 51100K(51584K)->51100K(51584K) Class: 7462K(7872K)->7462K(7872K)
[20.613s][info][gc             ] GC(67) Pause Young (Allocation Failure) 264M->133M(494M) 42.151ms
[20.613s][info][gc,cpu         ] GC(67) User=0.09s Sys=0.00s Real=0.05s
[20.670s][info][gc,start       ] GC(68) Pause Young (Allocation Failure)
[20.710s][info][gc,heap        ] GC(68) DefNew: 151151K(157248K)->10857K(157248K) Eden: 139776K(139776K)->0K(139776K) From: 11375K(17472K)->10857K(17472K)
[20.710s][info][gc,heap        ] GC(68) Tenured: 125358K(349568K)->131425K(349568K)
[20.710s][info][gc,metaspace   ] GC(68) Metaspace: 58562K(59456K)->58562K(59456K) NonClass: 51100K(51584K)->51100K(51584K) Class: 7462K(7872K)->7462K(7872K)
[20.710s][info][gc             ] GC(68) Pause Young (Allocation Failure) 270M->138M(494M) 40.457ms
[20.710s][info][gc,cpu         ] GC(68) User=0.03s Sys=0.00s Real=0.03s
[20.775s][info][gc,start       ] GC(69) Pause Young (Allocation Failure)
[20.812s][info][gc,heap        ] GC(69) DefNew: 150633K(157248K)->11954K(157248K) Eden: 139776K(139776K)->0K(139776K) From: 10857K(17472K)->11954K(17472K)
[20.812s][info][gc,heap        ] GC(69) Tenured: 131425K(349568K)->136733K(349568K)
[20.812s][info][gc,metaspace   ] GC(69) Metaspace: 58562K(59456K)->58562K(59456K) NonClass: 51100K(51584K)->51100K(51584K) Class: 7462K(7872K)->7462K(7872K)
[20.812s][info][gc             ] GC(69) Pause Young (Allocation Failure) 275M->145M(494M) 37.828ms
[20.812s][info][gc,cpu         ] GC(69) User=0.05s Sys=0.00s Real=0.05s
[20.869s][info][gc,start       ] GC(70) Pause Young (Allocation Failure)
[20.907s][info][gc,heap        ] GC(70) DefNew: 151730K(157248K)->12072K(157248K) Eden: 139776K(139776K)->0K(139776K) From: 11954K(17472K)->12072K(17472K)
[20.907s][info][gc,heap        ] GC(70) Tenured: 136733K(349568K)->142283K(349568K)
[20.907s][info][gc,metaspace   ] GC(70) Metaspace: 58562K(59456K)->58562K(59456K) NonClass: 51100K(51584K)->51100K(51584K) Class: 7462K(7872K)->7462K(7872K)
[20.907s][info][gc             ] GC(70) Pause Young (Allocation Failure) 281M->150M(494M) 38.681ms
[20.907s][info][gc,cpu         ] GC(70) User=0.11s Sys=0.00s Real=0.05s
[20.961s][info][gc,start       ] GC(71) Pause Young (Allocation Failure)
[21.003s][info][gc,heap        ] GC(71) DefNew: 151848K(157248K)->11417K(157248K) Eden: 139776K(139776K)->0K(139776K) From: 12072K(17472K)->11417K(17472K)
[21.003s][info][gc,heap        ] GC(71) Tenured: 142283K(349568K)->148688K(349568K)
[21.003s][info][gc,metaspace   ] GC(71) Metaspace: 58562K(59456K)->58562K(59456K) NonClass: 51100K(51584K)->51100K(51584K) Class: 7462K(7872K)->7462K(7872K)
[21.003s][info][gc             ] GC(71) Pause Young (Allocation Failure) 287M->156M(494M) 41.952ms
[21.003s][info][gc,cpu         ] GC(71) User=0.05s Sys=0.00s Real=0.05s
[21.065s][info][gc,start       ] GC(72) Pause Young (Allocation Failure)
[21.091s][info][gc,heap        ] GC(72) DefNew: 151193K(157248K)->6622K(157248K) Eden: 139776K(139776K)->0K(139776K) From: 11417K(17472K)->6622K(17472K)
[21.091s][info][gc,heap        ] GC(72) Tenured: 148688K(349568K)->154354K(349568K)
[21.091s][info][gc,metaspace   ] GC(72) Metaspace: 58563K(59456K)->58563K(59456K) NonClass: 51100K(51584K)->51100K(51584K) Class: 7462K(7872K)->7462K(7872K)
[21.091s][info][gc             ] GC(72) Pause Young (Allocation Failure) 292M->157M(494M) 26.911ms
[21.092s][info][gc,cpu         ] GC(72) User=0.03s Sys=0.00s Real=0.03s
[21.145s][info][gc,start       ] GC(73) Pause Young (Allocation Failure)
[21.161s][info][gc,heap        ] GC(73) DefNew: 146398K(157248K)->6622K(157248K) Eden: 139776K(139776K)->0K(139776K) From: 6622K(17472K)->6622K(17472K)
[21.161s][info][gc,heap        ] GC(73) Tenured: 154354K(349568K)->154354K(349568K)
[21.161s][info][gc,metaspace   ] GC(73) Metaspace: 58563K(59456K)->58563K(59456K) NonClass: 51100K(51584K)->51100K(51584K) Class: 7462K(7872K)->7462K(7872K)
[21.161s][info][gc             ] GC(73) Pause Young (Allocation Failure) 293M->157M(494M) 16.695ms
[21.161s][info][gc,cpu         ] GC(73) User=0.02s Sys=0.00s Real=0.02s
[21.210s][info][gc,start       ] GC(74) Pause Young (Allocation Failure)
[21.225s][info][gc,heap        ] GC(74) DefNew: 146398K(157248K)->6622K(157248K) Eden: 139776K(139776K)->0K(139776K) From: 6622K(17472K)->6622K(17472K)
[21.225s][info][gc,heap        ] GC(74) Tenured: 154354K(349568K)->154354K(349568K)
[21.225s][info][gc,metaspace   ] GC(74) Metaspace: 58563K(59456K)->58563K(59456K) NonClass: 51100K(51584K)->51100K(51584K) Class: 7462K(7872K)->7462K(7872K)
[21.225s][info][gc             ] GC(74) Pause Young (Allocation Failure) 293M->157M(494M) 14.956ms
[21.225s][info][gc,cpu         ] GC(74) User=0.02s Sys=0.00s Real=0.02s
[21.282s][info][gc,start       ] GC(75) Pause Young (Allocation Failure)
[21.297s][info][gc,heap        ] GC(75) DefNew: 146398K(157248K)->6622K(157248K) Eden: 139776K(139776K)->0K(139776K) From: 6622K(17472K)->6622K(17472K)
[21.297s][info][gc,heap        ] GC(75) Tenured: 154354K(349568K)->154354K(349568K)
[21.297s][info][gc,metaspace   ] GC(75) Metaspace: 58563K(59456K)->58563K(59456K) NonClass: 51100K(51584K)->51100K(51584K) Class: 7462K(7872K)->7462K(7872K)
[21.297s][info][gc             ] GC(75) Pause Young (Allocation Failure) 293M->157M(494M) 15.315ms
[21.297s][info][gc,cpu         ] GC(75) User=0.02s Sys=0.00s Real=0.02s
[21.350s][info][gc,start       ] GC(76) Pause Young (Allocation Failure)
[21.365s][info][gc,heap        ] GC(76) DefNew: 146398K(157248K)->6622K(157248K) Eden: 139776K(139776K)->0K(139776K) From: 6622K(17472K)->6622K(17472K)
[21.365s][info][gc,heap        ] GC(76) Tenured: 154354K(349568K)->154354K(349568K)
[21.365s][info][gc,metaspace   ] GC(76) Metaspace: 58563K(59456K)->58563K(59456K) NonClass: 51100K(51584K)->51100K(51584K) Class: 7462K(7872K)->7462K(7872K)
[21.365s][info][gc             ] GC(76) Pause Young (Allocation Failure) 293M->157M(494M) 14.756ms
[21.365s][info][gc,cpu         ] GC(76) User=0.02s Sys=0.00s Real=0.02s
[21.414s][info][gc,start       ] GC(77) Pause Young (Allocation Failure)
[21.430s][info][gc,heap        ] GC(77) DefNew: 146398K(157248K)->6622K(157248K) Eden: 139776K(139776K)->0K(139776K) From: 6622K(17472K)->6622K(17472K)
[21.430s][info][gc,heap        ] GC(77) Tenured: 154354K(349568K)->154354K(349568K)
[21.430s][info][gc,metaspace   ] GC(77) Metaspace: 58563K(59456K)->58563K(59456K) NonClass: 51100K(51584K)->51100K(51584K) Class: 7462K(7872K)->7462K(7872K)
[21.430s][info][gc             ] GC(77) Pause Young (Allocation Failure) 293M->157M(494M) 16.153ms
[21.430s][info][gc,cpu         ] GC(77) User=0.02s Sys=0.00s Real=0.02s
[21.503s][info][gc,start       ] GC(78) Pause Young (Allocation Failure)
[21.519s][info][gc,heap        ] GC(78) DefNew: 146398K(157248K)->6636K(157248K) Eden: 139776K(139776K)->0K(139776K) From: 6622K(17472K)->6636K(17472K)
[21.519s][info][gc,heap        ] GC(78) Tenured: 154354K(349568K)->154354K(349568K)
[21.519s][info][gc,metaspace   ] GC(78) Metaspace: 58564K(59456K)->58564K(59456K) NonClass: 51101K(51584K)->51101K(51584K) Class: 7462K(7872K)->7462K(7872K)
[21.519s][info][gc             ] GC(78) Pause Young (Allocation Failure) 293M->157M(494M) 15.997ms
[21.519s][info][gc,cpu         ] GC(78) User=0.02s Sys=0.00s Real=0.02s
[21.608s][info][gc,start       ] GC(79) Pause Young (Allocation Failure)
[21.624s][info][gc,heap        ] GC(79) DefNew: 146412K(157248K)->6636K(157248K) Eden: 139776K(139776K)->0K(139776K) From: 6636K(17472K)->6636K(17472K)
[21.624s][info][gc,heap        ] GC(79) Tenured: 154354K(349568K)->154354K(349568K)
[21.624s][info][gc,metaspace   ] GC(79) Metaspace: 58564K(59456K)->58564K(59456K) NonClass: 51101K(51584K)->51101K(51584K) Class: 7462K(7872K)->7462K(7872K)
[21.624s][info][gc             ] GC(79) Pause Young (Allocation Failure) 293M->157M(494M) 16.463ms
[21.624s][info][gc,cpu         ] GC(79) User=0.02s Sys=0.00s Real=0.02s
[21.710s][info][gc,start       ] GC(80) Pause Young (Allocation Failure)
[21.725s][info][gc,heap        ] GC(80) DefNew: 146412K(157248K)->6636K(157248K) Eden: 139776K(139776K)->0K(139776K) From: 6636K(17472K)->6636K(17472K)
[21.726s][info][gc,heap        ] GC(80) Tenured: 154354K(349568K)->154354K(349568K)
[21.726s][info][gc,metaspace   ] GC(80) Metaspace: 58564K(59456K)->58564K(59456K) NonClass: 51101K(51584K)->51101K(51584K) Class: 7462K(7872K)->7462K(7872K)
[21.726s][info][gc             ] GC(80) Pause Young (Allocation Failure) 293M->157M(494M) 15.987ms
[21.726s][info][gc,cpu         ] GC(80) User=0.02s Sys=0.00s Real=0.02s
[21.810s][info][gc,start       ] GC(81) Pause Young (Allocation Failure)
[21.825s][info][gc,heap        ] GC(81) DefNew: 146412K(157248K)->6636K(157248K) Eden: 139776K(139776K)->0K(139776K) From: 6636K(17472K)->6636K(17472K)
[21.826s][info][gc,heap        ] GC(81) Tenured: 154354K(349568K)->154354K(349568K)
[21.826s][info][gc,metaspace   ] GC(81) Metaspace: 58564K(59456K)->58564K(59456K) NonClass: 51101K(51584K)->51101K(51584K) Class: 7462K(7872K)->7462K(7872K)
[21.826s][info][gc             ] GC(81) Pause Young (Allocation Failure) 293M->157M(494M) 15.983ms
[21.826s][info][gc,cpu         ] GC(81) User=0.02s Sys=0.00s Real=0.01s
[21.910s][info][gc,start       ] GC(82) Pause Young (Allocation Failure)
[21.926s][info][gc,heap        ] GC(82) DefNew: 146412K(157248K)->6636K(157248K) Eden: 139776K(139776K)->0K(139776K) From: 6636K(17472K)->6636K(17472K)
[21.926s][info][gc,heap        ] GC(82) Tenured: 154354K(349568K)->154354K(349568K)
[21.926s][info][gc,metaspace   ] GC(82) Metaspace: 58564K(59456K)->58564K(59456K) NonClass: 51101K(51584K)->51101K(51584K) Class: 7462K(7872K)->7462K(7872K)
[21.926s][info][gc             ] GC(82) Pause Young (Allocation Failure) 293M->157M(494M) 16.187ms
[21.926s][info][gc,cpu         ] GC(82) User=0.02s Sys=0.00s Real=0.02s
[22.011s][info][gc,start       ] GC(83) Pause Young (Allocation Failure)
[22.027s][info][gc,heap        ] GC(83) DefNew: 146412K(157248K)->6636K(157248K) Eden: 139776K(139776K)->0K(139776K) From: 6636K(17472K)->6636K(17472K)
[22.027s][info][gc,heap        ] GC(83) Tenured: 154354K(349568K)->154354K(349568K)
[22.027s][info][gc,metaspace   ] GC(83) Metaspace: 58564K(59456K)->58564K(59456K) NonClass: 51101K(51584K)->51101K(51584K) Class: 7462K(7872K)->7462K(7872K)
[22.027s][info][gc             ] GC(83) Pause Young (Allocation Failure) 293M->157M(494M) 15.919ms
[22.027s][info][gc,cpu         ] GC(83) User=0.02s Sys=0.00s Real=0.02s
[22.112s][info][gc,start       ] GC(84) Pause Young (Allocation Failure)
[22.127s][info][gc,heap        ] GC(84) DefNew: 146412K(157248K)->6636K(157248K) Eden: 139776K(139776K)->0K(139776K) From: 6636K(17472K)->6636K(17472K)
[22.127s][info][gc,heap        ] GC(84) Tenured: 154354K(349568K)->154354K(349568K)
[22.127s][info][gc,metaspace   ] GC(84) Metaspace: 58564K(59456K)->58564K(59456K) NonClass: 51101K(51584K)->51101K(51584K) Class: 7462K(7872K)->7462K(7872K)
[22.127s][info][gc             ] GC(84) Pause Young (Allocation Failure) 293M->157M(494M) 15.944ms
[22.128s][info][gc,cpu         ] GC(84) User=0.02s Sys=0.00s Real=0.02s
[22.196s][info][gc,start       ] GC(85) Pause Full (System.gc())
[22.196s][info][gc,phases,start] GC(85) Phase 1: Mark live objects
[22.264s][info][gc,phases      ] GC(85) Phase 1: Mark live objects 67.968ms
[22.264s][info][gc,phases,start] GC(85) Phase 2: Compute new object addresses
[22.311s][info][gc,phases      ] GC(85) Phase 2: Compute new object addresses 47.060ms
[22.311s][info][gc,phases,start] GC(85) Phase 3: Adjust pointers
[22.351s][info][gc,phases      ] GC(85) Phase 3: Adjust pointers 39.111ms
[22.351s][info][gc,phases,start] GC(85) Phase 4: Move objects
[22.351s][info][gc,phases      ] GC(85) Phase 4: Move objects 0.031ms
[22.351s][info][gc,heap        ] GC(85) DefNew: 31817K(157248K)->0K(157248K) Eden: 25181K(139776K)->0K(139776K) From: 6636K(17472K)->0K(17472K)
[22.351s][info][gc,heap        ] GC(85) Tenured: 154354K(349568K)->117712K(349568K)
[22.351s][info][gc,metaspace   ] GC(85) Metaspace: 58655K(59520K)->58655K(59520K) NonClass: 51193K(51648K)->51193K(51648K) Class: 7462K(7872K)->7462K(7872K)
[22.351s][info][gc             ] GC(85) Pause Full (System.gc()) 181M->114M(494M) 155.031ms
[22.351s][info][gc,cpu         ] GC(85) User=0.16s Sys=0.00s Real=0.16s
[22.495s][info][gc,start       ] GC(86) Pause Young (Allocation Failure)
[22.509s][info][gc,heap        ] GC(86) DefNew: 139776K(157248K)->2925K(157248K) Eden: 139776K(139776K)->0K(139776K) From: 0K(17472K)->2925K(17472K)
[22.509s][info][gc,heap        ] GC(86) Tenured: 117712K(349568K)->117712K(349568K)
[22.509s][info][gc,metaspace   ] GC(86) Metaspace: 58732K(59648K)->58732K(59648K) NonClass: 51269K(51776K)->51269K(51776K) Class: 7462K(7872K)->7462K(7872K)
[22.509s][info][gc             ] GC(86) Pause Young (Allocation Failure) 251M->117M(494M) 14.370ms
[22.509s][info][gc,cpu         ] GC(86) User=0.02s Sys=0.00s Real=0.02s
[22.564s][info][gc,start       ] GC(87) Pause Young (Allocation Failure)
[22.588s][info][gc,heap        ] GC(87) DefNew: 142701K(157248K)->7343K(157248K) Eden: 139776K(139776K)->0K(139776K) From: 2925K(17472K)->7343K(17472K)
[22.589s][info][gc,heap        ] GC(87) Tenured: 117712K(349568K)->117712K(349568K)
[22.589s][info][gc,metaspace   ] GC(87) Metaspace: 58744K(59648K)->58744K(59648K) NonClass: 51281K(51776K)->51281K(51776K) Class: 7462K(7872K)->7462K(7872K)
[22.589s][info][gc             ] GC(87) Pause Young (Allocation Failure) 254M->122M(494M) 24.997ms
[22.589s][info][gc,cpu         ] GC(87) User=0.03s Sys=0.00s Real=0.02s
[22.642s][info][gc,start       ] GC(88) Pause Young (Allocation Failure)
[22.679s][info][gc,heap        ] GC(88) DefNew: 147119K(157248K)->13732K(157248K) Eden: 139776K(139776K)->0K(139776K) From: 7343K(17472K)->13732K(17472K)
[22.679s][info][gc,heap        ] GC(88) Tenured: 117712K(349568K)->117712K(349568K)
[22.679s][info][gc,metaspace   ] GC(88) Metaspace: 58744K(59648K)->58744K(59648K) NonClass: 51281K(51776K)->51281K(51776K) Class: 7462K(7872K)->7462K(7872K)
[22.679s][info][gc             ] GC(88) Pause Young (Allocation Failure) 258M->128M(494M) 36.967ms
[22.679s][info][gc,cpu         ] GC(88) User=0.03s Sys=0.00s Real=0.03s
[22.736s][info][gc,start       ] GC(89) Pause Young (Allocation Failure)
[22.775s][info][gc,heap        ] GC(89) DefNew: 153508K(157248K)->12221K(157248K) Eden: 139776K(139776K)->0K(139776K) From: 13732K(17472K)->12221K(17472K)
[22.775s][info][gc,heap        ] GC(89) Tenured: 117712K(349568K)->124543K(349568K)
[22.775s][info][gc,metaspace   ] GC(89) Metaspace: 58744K(59648K)->58744K(59648K) NonClass: 51281K(51776K)->51281K(51776K) Class: 7462K(7872K)->7462K(7872K)
[22.775s][info][gc             ] GC(89) Pause Young (Allocation Failure) 264M->133M(494M) 39.016ms
[22.775s][info][gc,cpu         ] GC(89) User=0.03s Sys=0.00s Real=0.03s
[22.829s][info][gc,start       ] GC(90) Pause Young (Allocation Failure)
[22.871s][info][gc,heap        ] GC(90) DefNew: 151997K(157248K)->11021K(157248K) Eden: 139776K(139776K)->0K(139776K) From: 12221K(17472K)->11021K(17472K)
[22.871s][info][gc,heap        ] GC(90) Tenured: 124543K(349568K)->131439K(349568K)
[22.871s][info][gc,metaspace   ] GC(90) Metaspace: 58744K(59648K)->58744K(59648K) NonClass: 51281K(51776K)->51281K(51776K) Class: 7462K(7872K)->7462K(7872K)
[22.871s][info][gc             ] GC(90) Pause Young (Allocation Failure) 270M->139M(494M) 42.180ms
[22.871s][info][gc,cpu         ] GC(90) User=0.03s Sys=0.00s Real=0.03s
[22.930s][info][gc,start       ] GC(91) Pause Young (Allocation Failure)
[22.970s][info][gc,heap        ] GC(91) DefNew: 150797K(157248K)->12980K(157248K) Eden: 139776K(139776K)->0K(139776K) From: 11021K(17472K)->12980K(17472K)
[22.970s][info][gc,heap        ] GC(91) Tenured: 131439K(349568K)->136764K(349568K)
[22.970s][info][gc,metaspace   ] GC(91) Metaspace: 58744K(59648K)->58744K(59648K) NonClass: 51281K(51776K)->51281K(51776K) Class: 7462K(7872K)->7462K(7872K)
[22.970s][info][gc             ] GC(91) Pause Young (Allocation Failure) 275M->146M(494M) 39.761ms
[22.970s][info][gc,cpu         ] GC(91) User=0.05s Sys=0.00s Real=0.05s
[23.024s][info][gc,start       ] GC(92) Pause Young (Allocation Failure)
[23.065s][info][gc,heap        ] GC(92) DefNew: 152756K(157248K)->13002K(157248K) Eden: 139776K(139776K)->0K(139776K) From: 12980K(17472K)->13002K(17472K)
[23.065s][info][gc,heap        ] GC(92) Tenured: 136764K(349568K)->142460K(349568K)
[23.065s][info][gc,metaspace   ] GC(92) Metaspace: 58744K(59648K)->58744K(59648K) NonClass: 51281K(51776K)->51281K(51776K) Class: 7462K(7872K)->7462K(7872K)
[23.065s][info][gc             ] GC(92) Pause Young (Allocation Failure) 282M->151M(494M) 41.060ms
[23.065s][info][gc,cpu         ] GC(92) User=0.05s Sys=0.00s Real=0.05s
[23.121s][info][gc,start       ] GC(93) Pause Young (Allocation Failure)
[23.163s][info][gc,heap        ] GC(93) DefNew: 152778K(157248K)->11457K(157248K) Eden: 139776K(139776K)->0K(139776K) From: 13002K(17472K)->11457K(17472K)
[23.163s][info][gc,heap        ] GC(93) Tenured: 142460K(349568K)->149744K(349568K)
[23.163s][info][gc,metaspace   ] GC(93) Metaspace: 58744K(59648K)->58744K(59648K) NonClass: 51281K(51776K)->51281K(51776K) Class: 7462K(7872K)->7462K(7872K)
[23.163s][info][gc             ] GC(93) Pause Young (Allocation Failure) 288M->157M(494M) 42.886ms
[23.163s][info][gc,cpu         ] GC(93) User=0.05s Sys=0.00s Real=0.05s
[23.226s][info][gc,start       ] GC(94) Pause Young (Allocation Failure)
[23.251s][info][gc,heap        ] GC(94) DefNew: 151233K(157248K)->5964K(157248K) Eden: 139776K(139776K)->0K(139776K) From: 11457K(17472K)->5964K(17472K)
[23.251s][info][gc,heap        ] GC(94) Tenured: 149744K(349568K)->155462K(349568K)
[23.251s][info][gc,metaspace   ] GC(94) Metaspace: 58747K(59648K)->58747K(59648K) NonClass: 51284K(51776K)->51284K(51776K) Class: 7462K(7872K)->7462K(7872K)
[23.251s][info][gc             ] GC(94) Pause Young (Allocation Failure) 293M->157M(494M) 24.837ms
[23.251s][info][gc,cpu         ] GC(94) User=0.03s Sys=0.00s Real=0.03s
[23.299s][info][gc,start       ] GC(95) Pause Young (Allocation Failure)
[23.313s][info][gc,heap        ] GC(95) DefNew: 145740K(157248K)->5964K(157248K) Eden: 139776K(139776K)->0K(139776K) From: 5964K(17472K)->5964K(17472K)
[23.313s][info][gc,heap        ] GC(95) Tenured: 155462K(349568K)->155462K(349568K)
[23.313s][info][gc,metaspace   ] GC(95) Metaspace: 58747K(59648K)->58747K(59648K) NonClass: 51284K(51776K)->51284K(51776K) Class: 7462K(7872K)->7462K(7872K)
[23.313s][info][gc             ] GC(95) Pause Young (Allocation Failure) 294M->157M(494M) 14.600ms
[23.313s][info][gc,cpu         ] GC(95) User=0.02s Sys=0.00s Real=0.02s
[23.360s][info][gc,start       ] GC(96) Pause Young (Allocation Failure)
[23.374s][info][gc,heap        ] GC(96) DefNew: 145740K(157248K)->5964K(157248K) Eden: 139776K(139776K)->0K(139776K) From: 5964K(17472K)->5964K(17472K)
[23.374s][info][gc,heap        ] GC(96) Tenured: 155462K(349568K)->155462K(349568K)
[23.374s][info][gc,metaspace   ] GC(96) Metaspace: 58747K(59648K)->58747K(59648K) NonClass: 51284K(51776K)->51284K(51776K) Class: 7462K(7872K)->7462K(7872K)
[23.374s][info][gc             ] GC(96) Pause Young (Allocation Failure) 294M->157M(494M) 14.236ms
[23.374s][info][gc,cpu         ] GC(96) User=0.02s Sys=0.00s Real=0.02s
[23.429s][info][gc,start       ] GC(97) Pause Young (Allocation Failure)
[23.441s][info][gc,heap        ] GC(97) DefNew: 145740K(157248K)->5964K(157248K) Eden: 139776K(139776K)->0K(139776K) From: 5964K(17472K)->5964K(17472K)
[23.441s][info][gc,heap        ] GC(97) Tenured: 155462K(349568K)->155462K(349568K)
[23.441s][info][gc,metaspace   ] GC(97) Metaspace: 58747K(59648K)->58747K(59648K) NonClass: 51284K(51776K)->51284K(51776K) Class: 7462K(7872K)->7462K(7872K)
[23.441s][info][gc             ] GC(97) Pause Young (Allocation Failure) 294M->157M(494M) 12.238ms
[23.441s][info][gc,cpu         ] GC(97) User=0.02s Sys=0.00s Real=0.02s
[23.488s][info][gc,start       ] GC(98) Pause Young (Allocation Failure)
[23.503s][info][gc,heap        ] GC(98) DefNew: 145740K(157248K)->5964K(157248K) Eden: 139776K(139776K)->0K(139776K) From: 5964K(17472K)->5964K(17472K)
[23.503s][info][gc,heap        ] GC(98) Tenured: 155462K(349568K)->155462K(349568K)
[23.503s][info][gc,metaspace   ] GC(98) Metaspace: 58747K(59648K)->58747K(59648K) NonClass: 51284K(51776K)->51284K(51776K) Class: 7462K(7872K)->7462K(7872K)
[23.503s][info][gc             ] GC(98) Pause Young (Allocation Failure) 294M->157M(494M) 14.897ms
[23.503s][info][gc,cpu         ] GC(98) User=0.02s Sys=0.00s Real=0.02s
[23.549s][info][gc,start       ] GC(99) Pause Young (Allocation Failure)
[23.564s][info][gc,heap        ] GC(99) DefNew: 145740K(157248K)->5964K(157248K) Eden: 139776K(139776K)->0K(139776K) From: 5964K(17472K)->5964K(17472K)
[23.564s][info][gc,heap        ] GC(99) Tenured: 155462K(349568K)->155462K(349568K)
[23.564s][info][gc,metaspace   ] GC(99) Metaspace: 58747K(59648K)->58747K(59648K) NonClass: 51284K(51776K)->51284K(51776K) Class: 7462K(7872K)->7462K(7872K)
[23.564s][info][gc             ] GC(99) Pause Young (Allocation Failure) 294M->157M(494M) 14.897ms
[23.564s][info][gc,cpu         ] GC(99) User=0.02s Sys=0.00s Real=0.02s
[23.650s][info][gc,start       ] GC(100) Pause Young (Allocation Failure)
[23.665s][info][gc,heap        ] GC(100) DefNew: 145740K(157248K)->5978K(157248K) Eden: 139776K(139776K)->0K(139776K) From: 5964K(17472K)->5978K(17472K)
[23.665s][info][gc,heap        ] GC(100) Tenured: 155462K(349568K)->155462K(349568K)
[23.665s][info][gc,metaspace   ] GC(100) Metaspace: 58759K(59648K)->58759K(59648K) NonClass: 51297K(51776K)->51297K(51776K) Class: 7462K(7872K)->7462K(7872K)
[23.665s][info][gc             ] GC(100) Pause Young (Allocation Failure) 294M->157M(494M) 15.036ms
[23.665s][info][gc,cpu         ] GC(100) User=0.02s Sys=0.00s Real=0.02s
[23.782s][info][gc,start       ] GC(101) Pause Young (Allocation Failure)
[23.796s][info][gc,heap        ] GC(101) DefNew: 145754K(157248K)->5978K(157248K) Eden: 139776K(139776K)->0K(139776K) From: 5978K(17472K)->5978K(17472K)
[23.796s][info][gc,heap        ] GC(101) Tenured: 155462K(349568K)->155462K(349568K)
[23.796s][info][gc,metaspace   ] GC(101) Metaspace: 58759K(59648K)->58759K(59648K) NonClass: 51297K(51776K)->51297K(51776K) Class: 7462K(7872K)->7462K(7872K)
[23.796s][info][gc             ] GC(101) Pause Young (Allocation Failure) 294M->157M(494M) 14.506ms
[23.796s][info][gc,cpu         ] GC(101) User=0.02s Sys=0.00s Real=0.02s
[23.894s][info][gc,start       ] GC(102) Pause Young (Allocation Failure)
[23.908s][info][gc,heap        ] GC(102) DefNew: 145754K(157248K)->5978K(157248K) Eden: 139776K(139776K)->0K(139776K) From: 5978K(17472K)->5978K(17472K)
[23.908s][info][gc,heap        ] GC(102) Tenured: 155462K(349568K)->155462K(349568K)
[23.908s][info][gc,metaspace   ] GC(102) Metaspace: 58759K(59648K)->58759K(59648K) NonClass: 51297K(51776K)->51297K(51776K) Class: 7462K(7872K)->7462K(7872K)
[23.908s][info][gc             ] GC(102) Pause Young (Allocation Failure) 294M->157M(494M) 14.405ms
[23.908s][info][gc,cpu         ] GC(102) User=0.02s Sys=0.00s Real=0.02s
[23.996s][info][gc,start       ] GC(103) Pause Young (Allocation Failure)
[24.011s][info][gc,heap        ] GC(103) DefNew: 145754K(157248K)->5978K(157248K) Eden: 139776K(139776K)->0K(139776K) From: 5978K(17472K)->5978K(17472K)
[24.011s][info][gc,heap        ] GC(103) Tenured: 155462K(349568K)->155462K(349568K)
[24.011s][info][gc,metaspace   ] GC(103) Metaspace: 58759K(59648K)->58759K(59648K) NonClass: 51297K(51776K)->51297K(51776K) Class: 7462K(7872K)->7462K(7872K)
[24.011s][info][gc             ] GC(103) Pause Young (Allocation Failure) 294M->157M(494M) 15.195ms
[24.011s][info][gc,cpu         ] GC(103) User=0.02s Sys=0.00s Real=0.02s
[24.098s][info][gc,start       ] GC(104) Pause Young (Allocation Failure)
[24.114s][info][gc,heap        ] GC(104) DefNew: 145754K(157248K)->5979K(157248K) Eden: 139776K(139776K)->0K(139776K) From: 5978K(17472K)->5979K(17472K)
[24.114s][info][gc,heap        ] GC(104) Tenured: 155462K(349568K)->155462K(349568K)
[24.114s][info][gc,metaspace   ] GC(104) Metaspace: 58759K(59648K)->58759K(59648K) NonClass: 51297K(51776K)->51297K(51776K) Class: 7462K(7872K)->7462K(7872K)
[24.114s][info][gc             ] GC(104) Pause Young (Allocation Failure) 294M->157M(494M) 15.686ms
[24.114s][info][gc,cpu         ] GC(104) User=0.02s Sys=0.00s Real=0.02s
[24.201s][info][gc,start       ] GC(105) Pause Young (Allocation Failure)
[24.216s][info][gc,heap        ] GC(105) DefNew: 145755K(157248K)->5978K(157248K) Eden: 139776K(139776K)->0K(139776K) From: 5979K(17472K)->5978K(17472K)
[24.216s][info][gc,heap        ] GC(105) Tenured: 155462K(349568K)->155462K(349568K)
[24.216s][info][gc,metaspace   ] GC(105) Metaspace: 58759K(59648K)->58759K(59648K) NonClass: 51297K(51776K)->51297K(51776K) Class: 7462K(7872K)->7462K(7872K)
[24.216s][info][gc             ] GC(105) Pause Young (Allocation Failure) 294M->157M(494M) 15.185ms
[24.216s][info][gc,cpu         ] GC(105) User=0.02s Sys=0.00s Real=0.01s
[24.314s][info][gc,start       ] GC(106) Pause Young (Allocation Failure)
[24.328s][info][gc,heap        ] GC(106) DefNew: 145754K(157248K)->5978K(157248K) Eden: 139776K(139776K)->0K(139776K) From: 5978K(17472K)->5978K(17472K)
[24.328s][info][gc,heap        ] GC(106) Tenured: 155462K(349568K)->155462K(349568K)
[24.328s][info][gc,metaspace   ] GC(106) Metaspace: 58759K(59648K)->58759K(59648K) NonClass: 51297K(51776K)->51297K(51776K) Class: 7462K(7872K)->7462K(7872K)
[24.328s][info][gc             ] GC(106) Pause Young (Allocation Failure) 294M->157M(494M) 14.589ms
[24.328s][info][gc,cpu         ] GC(106) User=0.02s Sys=0.00s Real=0.02s
[24.394s][info][gc,start       ] GC(107) Pause Full (System.gc())
[24.394s][info][gc,phases,start] GC(107) Phase 1: Mark live objects
[24.467s][info][gc,phases      ] GC(107) Phase 1: Mark live objects 73.065ms
[24.467s][info][gc,phases,start] GC(107) Phase 2: Compute new object addresses
[24.514s][info][gc,phases      ] GC(107) Phase 2: Compute new object addresses 46.691ms
[24.514s][info][gc,phases,start] GC(107) Phase 3: Adjust pointers
[24.554s][info][gc,phases      ] GC(107) Phase 3: Adjust pointers 39.764ms
[24.554s][info][gc,phases,start] GC(107) Phase 4: Move objects
[24.554s][info][gc,phases      ] GC(107) Phase 4: Move objects 0.033ms
[24.554s][info][gc,heap        ] GC(107) DefNew: 29560K(157248K)->0K(157248K) Eden: 23581K(139776K)->0K(139776K) From: 5978K(17472K)->0K(17472K)
[24.554s][info][gc,heap        ] GC(107) Tenured: 155462K(349568K)->118161K(349568K)
[24.554s][info][gc,metaspace   ] GC(107) Metaspace: 58788K(59648K)->58788K(59648K) NonClass: 51324K(51776K)->51324K(51776K) Class: 7463K(7872K)->7463K(7872K)
[24.554s][info][gc             ] GC(107) Pause Full (System.gc()) 180M->115M(494M) 160.420ms
[24.555s][info][gc,cpu         ] GC(107) User=0.16s Sys=0.00s Real=0.16s
[24.689s][info][gc,start       ] GC(108) Pause Young (Allocation Failure)
[24.704s][info][gc,heap        ] GC(108) DefNew: 139776K(157248K)->3080K(157248K) Eden: 139776K(139776K)->0K(139776K) From: 0K(17472K)->3080K(17472K)
[24.704s][info][gc,heap        ] GC(108) Tenured: 118161K(349568K)->118161K(349568K)
[24.704s][info][gc,metaspace   ] GC(108) Metaspace: 59325K(60224K)->59325K(60224K) NonClass: 51777K(52288K)->51777K(52288K) Class: 7548K(7936K)->7548K(7936K)
[24.704s][info][gc             ] GC(108) Pause Young (Allocation Failure) 251M->118M(494M) 15.057ms
[24.705s][info][gc,cpu         ] GC(108) User=0.03s Sys=0.00s Real=0.02s
[24.754s][info][gc,start       ] GC(109) Pause Young (Allocation Failure)
[24.783s][info][gc,heap        ] GC(109) DefNew: 142856K(157248K)->8203K(157248K) Eden: 139776K(139776K)->0K(139776K) From: 3080K(17472K)->8203K(17472K)
[24.783s][info][gc,heap        ] GC(109) Tenured: 118161K(349568K)->118161K(349568K)
[24.783s][info][gc,metaspace   ] GC(109) Metaspace: 59326K(60224K)->59326K(60224K) NonClass: 51777K(52288K)->51777K(52288K) Class: 7548K(7936K)->7548K(7936K)
[24.783s][info][gc             ] GC(109) Pause Young (Allocation Failure) 254M->123M(494M) 28.654ms
[24.783s][info][gc,cpu         ] GC(109) User=0.03s Sys=0.00s Real=0.03s
[24.836s][info][gc,start       ] GC(110) Pause Young (Allocation Failure)
[24.871s][info][gc,heap        ] GC(110) DefNew: 147979K(157248K)->14033K(157248K) Eden: 139776K(139776K)->0K(139776K) From: 8203K(17472K)->14033K(17472K)
[24.871s][info][gc,heap        ] GC(110) Tenured: 118161K(349568K)->118161K(349568K)
[24.871s][info][gc,metaspace   ] GC(110) Metaspace: 59326K(60224K)->59326K(60224K) NonClass: 51777K(52288K)->51777K(52288K) Class: 7548K(7936K)->7548K(7936K)
[24.871s][info][gc             ] GC(110) Pause Young (Allocation Failure) 259M->129M(494M) 34.724ms
[24.871s][info][gc,cpu         ] GC(110) User=0.03s Sys=0.00s Real=0.03s
[24.925s][info][gc,start       ] GC(111) Pause Young (Allocation Failure)
[24.966s][info][gc,heap        ] GC(111) DefNew: 153809K(157248K)->11924K(157248K) Eden: 139776K(139776K)->0K(139776K) From: 14033K(17472K)->11924K(17472K)
[24.966s][info][gc,heap        ] GC(111) Tenured: 118161K(349568K)->125852K(349568K)
[24.966s][info][gc,metaspace   ] GC(111) Metaspace: 59326K(60224K)->59326K(60224K) NonClass: 51777K(52288K)->51777K(52288K) Class: 7548K(7936K)->7548K(7936K)
[24.966s][info][gc             ] GC(111) Pause Young (Allocation Failure) 265M->134M(494M) 41.806ms
[24.966s][info][gc,cpu         ] GC(111) User=0.05s Sys=0.00s Real=0.05s
[25.020s][info][gc,start       ] GC(112) Pause Young (Allocation Failure)
[25.061s][info][gc,heap        ] GC(112) DefNew: 151700K(157248K)->11226K(157248K) Eden: 139776K(139776K)->0K(139776K) From: 11924K(17472K)->11226K(17472K)
[25.061s][info][gc,heap        ] GC(112) Tenured: 125852K(349568K)->132194K(349568K)
[25.061s][info][gc,metaspace   ] GC(112) Metaspace: 59326K(60224K)->59326K(60224K) NonClass: 51777K(52288K)->51777K(52288K) Class: 7548K(7936K)->7548K(7936K)
[25.061s][info][gc             ] GC(112) Pause Young (Allocation Failure) 271M->140M(494M) 41.471ms
[25.061s][info][gc,cpu         ] GC(112) User=0.05s Sys=0.00s Real=0.05s
[25.118s][info][gc,start       ] GC(113) Pause Young (Allocation Failure)
[25.158s][info][gc,heap        ] GC(113) DefNew: 151002K(157248K)->12905K(157248K) Eden: 139776K(139776K)->0K(139776K) From: 11226K(17472K)->12905K(17472K)
[25.159s][info][gc,heap        ] GC(113) Tenured: 132194K(349568K)->137776K(349568K)
[25.159s][info][gc,metaspace   ] GC(113) Metaspace: 59326K(60224K)->59326K(60224K) NonClass: 51777K(52288K)->51777K(52288K) Class: 7548K(7936K)->7548K(7936K)
[25.159s][info][gc             ] GC(113) Pause Young (Allocation Failure) 276M->147M(494M) 40.410ms
[25.159s][info][gc,cpu         ] GC(113) User=0.03s Sys=0.00s Real=0.03s
[25.212s][info][gc,start       ] GC(114) Pause Young (Allocation Failure)
[25.252s][info][gc,heap        ] GC(114) DefNew: 152681K(157248K)->12922K(157248K) Eden: 139776K(139776K)->0K(139776K) From: 12905K(17472K)->12922K(17472K)
[25.252s][info][gc,heap        ] GC(114) Tenured: 137776K(349568K)->143420K(349568K)
[25.252s][info][gc,metaspace   ] GC(114) Metaspace: 59326K(60224K)->59326K(60224K) NonClass: 51777K(52288K)->51777K(52288K) Class: 7548K(7936K)->7548K(7936K)
[25.252s][info][gc             ] GC(114) Pause Young (Allocation Failure) 283M->152M(494M) 40.213ms
[25.252s][info][gc,cpu         ] GC(114) User=0.03s Sys=0.00s Real=0.03s
[25.307s][info][gc,start       ] GC(115) Pause Young (Allocation Failure)
[25.350s][info][gc,heap        ] GC(115) DefNew: 152698K(157248K)->11273K(157248K) Eden: 139776K(139776K)->0K(139776K) From: 12922K(17472K)->11273K(17472K)
[25.350s][info][gc,heap        ] GC(115) Tenured: 143420K(349568K)->150681K(349568K)
[25.350s][info][gc,metaspace   ] GC(115) Metaspace: 59326K(60224K)->59326K(60224K) NonClass: 51778K(52288K)->51778K(52288K) Class: 7548K(7936K)->7548K(7936K)
[25.350s][info][gc             ] GC(115) Pause Young (Allocation Failure) 289M->158M(494M) 43.364ms
[25.350s][info][gc,cpu         ] GC(115) User=0.03s Sys=0.00s Real=0.03s
[25.409s][info][gc,start       ] GC(116) Pause Young (Allocation Failure)
[25.432s][info][gc,heap        ] GC(116) DefNew: 151049K(157248K)->5624K(157248K) Eden: 139776K(139776K)->0K(139776K) From: 11273K(17472K)->5624K(17472K)
[25.432s][info][gc,heap        ] GC(116) Tenured: 150681K(349568K)->156342K(349568K)
[25.432s][info][gc,metaspace   ] GC(116) Metaspace: 59327K(60224K)->59327K(60224K) NonClass: 51778K(52288K)->51778K(52288K) Class: 7548K(7936K)->7548K(7936K)
[25.432s][info][gc             ] GC(116) Pause Young (Allocation Failure) 294M->158M(494M) 23.352ms
[25.432s][info][gc,cpu         ] GC(116) User=0.03s Sys=0.00s Real=0.03s
[25.482s][info][gc,start       ] GC(117) Pause Young (Allocation Failure)
[25.496s][info][gc,heap        ] GC(117) DefNew: 145400K(157248K)->5623K(157248K) Eden: 139776K(139776K)->0K(139776K) From: 5624K(17472K)->5623K(17472K)
[25.496s][info][gc,heap        ] GC(117) Tenured: 156342K(349568K)->156342K(349568K)
[25.496s][info][gc,metaspace   ] GC(117) Metaspace: 59327K(60224K)->59327K(60224K) NonClass: 51778K(52288K)->51778K(52288K) Class: 7548K(7936K)->7548K(7936K)
[25.496s][info][gc             ] GC(117) Pause Young (Allocation Failure) 294M->158M(494M) 13.848ms
[25.496s][info][gc,cpu         ] GC(117) User=0.02s Sys=0.00s Real=0.02s
[25.546s][info][gc,start       ] GC(118) Pause Young (Allocation Failure)
[25.560s][info][gc,heap        ] GC(118) DefNew: 145399K(157248K)->5624K(157248K) Eden: 139776K(139776K)->0K(139776K) From: 5623K(17472K)->5624K(17472K)
[25.560s][info][gc,heap        ] GC(118) Tenured: 156342K(349568K)->156342K(349568K)
[25.560s][info][gc,metaspace   ] GC(118) Metaspace: 59327K(60224K)->59327K(60224K) NonClass: 51778K(52288K)->51778K(52288K) Class: 7548K(7936K)->7548K(7936K)
[25.561s][info][gc             ] GC(118) Pause Young (Allocation Failure) 294M->158M(494M) 14.973ms
[25.561s][info][gc,cpu         ] GC(118) User=0.02s Sys=0.00s Real=0.02s
[25.610s][info][gc,start       ] GC(119) Pause Young (Allocation Failure)
[25.624s][info][gc,heap        ] GC(119) DefNew: 145400K(157248K)->5623K(157248K) Eden: 139776K(139776K)->0K(139776K) From: 5624K(17472K)->5623K(17472K)
[25.624s][info][gc,heap        ] GC(119) Tenured: 156342K(349568K)->156342K(349568K)
[25.624s][info][gc,metaspace   ] GC(119) Metaspace: 59327K(60224K)->59327K(60224K) NonClass: 51778K(52288K)->51778K(52288K) Class: 7548K(7936K)->7548K(7936K)
[25.624s][info][gc             ] GC(119) Pause Young (Allocation Failure) 294M->158M(494M) 14.343ms
[25.624s][info][gc,cpu         ] GC(119) User=0.02s Sys=0.00s Real=0.02s
[25.671s][info][gc,start       ] GC(120) Pause Young (Allocation Failure)
[25.685s][info][gc,heap        ] GC(120) DefNew: 145399K(157248K)->5624K(157248K) Eden: 139776K(139776K)->0K(139776K) From: 5623K(17472K)->5624K(17472K)
[25.685s][info][gc,heap        ] GC(120) Tenured: 156342K(349568K)->156342K(349568K)
[25.685s][info][gc,metaspace   ] GC(120) Metaspace: 59327K(60224K)->59327K(60224K) NonClass: 51778K(52288K)->51778K(52288K) Class: 7548K(7936K)->7548K(7936K)
[25.685s][info][gc             ] GC(120) Pause Young (Allocation Failure) 294M->158M(494M) 13.967ms
[25.685s][info][gc,cpu         ] GC(120) User=0.02s Sys=0.00s Real=0.02s
[25.732s][info][gc,start       ] GC(121) Pause Young (Allocation Failure)
[25.745s][info][gc,heap        ] GC(121) DefNew: 145400K(157248K)->5623K(157248K) Eden: 139776K(139776K)->0K(139776K) From: 5624K(17472K)->5623K(17472K)
[25.745s][info][gc,heap        ] GC(121) Tenured: 156342K(349568K)->156342K(349568K)
[25.745s][info][gc,metaspace   ] GC(121) Metaspace: 59327K(60224K)->59327K(60224K) NonClass: 51778K(52288K)->51778K(52288K) Class: 7548K(7936K)->7548K(7936K)
[25.745s][info][gc             ] GC(121) Pause Young (Allocation Failure) 294M->158M(494M) 13.668ms
[25.745s][info][gc,cpu         ] GC(121) User=0.02s Sys=0.00s Real=0.02s
[25.833s][info][gc,start       ] GC(122) Pause Young (Allocation Failure)
[25.847s][info][gc,heap        ] GC(122) DefNew: 145399K(157248K)->5634K(157248K) Eden: 139776K(139776K)->0K(139776K) From: 5623K(17472K)->5634K(17472K)
[25.847s][info][gc,heap        ] GC(122) Tenured: 156342K(349568K)->156342K(349568K)
[25.847s][info][gc,metaspace   ] GC(122) Metaspace: 59336K(60224K)->59336K(60224K) NonClass: 51788K(52288K)->51788K(52288K) Class: 7548K(7936K)->7548K(7936K)
[25.847s][info][gc             ] GC(122) Pause Young (Allocation Failure) 294M->158M(494M) 14.084ms
[25.847s][info][gc,cpu         ] GC(122) User=0.02s Sys=0.00s Real=0.02s
[25.935s][info][gc,start       ] GC(123) Pause Young (Allocation Failure)
[25.949s][info][gc,heap        ] GC(123) DefNew: 145410K(157248K)->5634K(157248K) Eden: 139776K(139776K)->0K(139776K) From: 5634K(17472K)->5634K(17472K)
[25.949s][info][gc,heap        ] GC(123) Tenured: 156342K(349568K)->156342K(349568K)
[25.949s][info][gc,metaspace   ] GC(123) Metaspace: 59336K(60224K)->59336K(60224K) NonClass: 51788K(52288K)->51788K(52288K) Class: 7548K(7936K)->7548K(7936K)
[25.949s][info][gc             ] GC(123) Pause Young (Allocation Failure) 294M->158M(494M) 13.970ms
[25.949s][info][gc,cpu         ] GC(123) User=0.02s Sys=0.00s Real=0.02s
[26.037s][info][gc,start       ] GC(124) Pause Young (Allocation Failure)
[26.053s][info][gc,heap        ] GC(124) DefNew: 145410K(157248K)->5634K(157248K) Eden: 139776K(139776K)->0K(139776K) From: 5634K(17472K)->5634K(17472K)
[26.053s][info][gc,heap        ] GC(124) Tenured: 156342K(349568K)->156342K(349568K)
[26.053s][info][gc,metaspace   ] GC(124) Metaspace: 59336K(60224K)->59336K(60224K) NonClass: 51788K(52288K)->51788K(52288K) Class: 7548K(7936K)->7548K(7936K)
[26.053s][info][gc             ] GC(124) Pause Young (Allocation Failure) 294M->158M(494M) 15.277ms
[26.053s][info][gc,cpu         ] GC(124) User=0.02s Sys=0.00s Real=0.02s
[26.140s][info][gc,start       ] GC(125) Pause Young (Allocation Failure)
[26.155s][info][gc,heap        ] GC(125) DefNew: 145410K(157248K)->5634K(157248K) Eden: 139776K(139776K)->0K(139776K) From: 5634K(17472K)->5634K(17472K)
[26.155s][info][gc,heap        ] GC(125) Tenured: 156342K(349568K)->156342K(349568K)
[26.155s][info][gc,metaspace   ] GC(125) Metaspace: 59336K(60224K)->59336K(60224K) NonClass: 51788K(52288K)->51788K(52288K) Class: 7548K(7936K)->7548K(7936K)
[26.155s][info][gc             ] GC(125) Pause Young (Allocation Failure) 294M->158M(494M) 15.115ms
[26.155s][info][gc,cpu         ] GC(125) User=0.02s Sys=0.00s Real=0.02s
[26.240s][info][gc,start       ] GC(126) Pause Young (Allocation Failure)
[26.255s][info][gc,heap        ] GC(126) DefNew: 145410K(157248K)->5634K(157248K) Eden: 139776K(139776K)->0K(139776K) From: 5634K(17472K)->5634K(17472K)
[26.255s][info][gc,heap        ] GC(126) Tenured: 156342K(349568K)->156342K(349568K)
[26.255s][info][gc,metaspace   ] GC(126) Metaspace: 59336K(60224K)->59336K(60224K) NonClass: 51788K(52288K)->51788K(52288K) Class: 7548K(7936K)->7548K(7936K)
[26.255s][info][gc             ] GC(126) Pause Young (Allocation Failure) 294M->158M(494M) 15.136ms
[26.255s][info][gc,cpu         ] GC(126) User=0.02s Sys=0.00s Real=0.02s
[26.340s][info][gc,start       ] GC(127) Pause Young (Allocation Failure)
[26.355s][info][gc,heap        ] GC(127) DefNew: 145410K(157248K)->5634K(157248K) Eden: 139776K(139776K)->0K(139776K) From: 5634K(17472K)->5634K(17472K)
[26.355s][info][gc,heap        ] GC(127) Tenured: 156342K(349568K)->156342K(349568K)
[26.355s][info][gc,metaspace   ] GC(127) Metaspace: 59336K(60224K)->59336K(60224K) NonClass: 51788K(52288K)->51788K(52288K) Class: 7548K(7936K)->7548K(7936K)
[26.355s][info][gc             ] GC(127) Pause Young (Allocation Failure) 294M->158M(494M) 15.075ms
[26.355s][info][gc,cpu         ] GC(127) User=0.02s Sys=0.00s Real=0.01s
[26.467s][info][gc,start       ] GC(128) Pause Young (Allocation Failure)
[26.481s][info][gc,heap        ] GC(128) DefNew: 145410K(157248K)->5634K(157248K) Eden: 139776K(139776K)->0K(139776K) From: 5634K(17472K)->5634K(17472K)
[26.481s][info][gc,heap        ] GC(128) Tenured: 156342K(349568K)->156342K(349568K)
[26.481s][info][gc,metaspace   ] GC(128) Metaspace: 59336K(60224K)->59336K(60224K) NonClass: 51788K(52288K)->51788K(52288K) Class: 7548K(7936K)->7548K(7936K)
[26.481s][info][gc             ] GC(128) Pause Young (Allocation Failure) 294M->158M(494M) 13.976ms
[26.481s][info][gc,cpu         ] GC(128) User=0.02s Sys=0.00s Real=0.02s
[26.530s][info][gc,start       ] GC(129) Pause Full (System.gc())
[26.530s][info][gc,phases,start] GC(129) Phase 1: Mark live objects
[26.600s][info][gc,phases      ] GC(129) Phase 1: Mark live objects 69.509ms
[26.600s][info][gc,phases,start] GC(129) Phase 2: Compute new object addresses
[26.663s][info][gc,phases      ] GC(129) Phase 2: Compute new object addresses 62.901ms
[26.663s][info][gc,phases,start] GC(129) Phase 3: Adjust pointers
[26.705s][info][gc,phases      ] GC(129) Phase 3: Adjust pointers 42.341ms
[26.705s][info][gc,phases,start] GC(129) Phase 4: Move objects
[26.731s][info][gc,phases      ] GC(129) Phase 4: Move objects 25.227ms
[26.731s][info][gc,heap        ] GC(129) DefNew: 29133K(157248K)->0K(157248K) Eden: 23499K(139776K)->0K(139776K) From: 5634K(17472K)->0K(17472K)
[26.731s][info][gc,heap        ] GC(129) Tenured: 156342K(349568K)->101222K(349568K)
[26.731s][info][gc,metaspace   ] GC(129) Metaspace: 59349K(60224K)->59349K(60224K) NonClass: 51801K(52288K)->51801K(52288K) Class: 7548K(7936K)->7548K(7936K)
[26.731s][info][gc             ] GC(129) Pause Full (System.gc()) 181M->98M(494M) 200.985ms
[26.731s][info][gc,cpu         ] GC(129) User=0.20s Sys=0.00s Real=0.20s
[26.869s][info][gc,start       ] GC(130) Pause Young (Allocation Failure)
[26.886s][info][gc,heap        ] GC(130) DefNew: 139776K(157248K)->3750K(157248K) Eden: 139776K(139776K)->0K(139776K) From: 0K(17472K)->3750K(17472K)
[26.976s][info][gc,heap        ] GC(130) Tenured: 101222K(349568K)->101222K(349568K)
[26.976s][info][gc,metaspace   ] GC(130) Metaspace: 59405K(60224K)->59405K(60224K) NonClass: 51856K(52288K)->51856K(52288K) Class: 7548K(7936K)->7548K(7936K)
[26.976s][info][gc             ] GC(130) Pause Young (Allocation Failure) 235M->102M(494M) 107.499ms
[26.976s][info][gc,cpu         ] GC(130) User=0.03s Sys=0.00s Real=0.11s
[27.033s][info][gc,start       ] GC(131) Pause Young (Allocation Failure)
[27.063s][info][gc,heap        ] GC(131) DefNew: 143526K(157248K)->8899K(157248K) Eden: 139776K(139776K)->0K(139776K) From: 3750K(17472K)->8899K(17472K)
[27.064s][info][gc,heap        ] GC(131) Tenured: 101222K(349568K)->101222K(349568K)
[27.064s][info][gc,metaspace   ] GC(131) Metaspace: 59406K(60224K)->59406K(60224K) NonClass: 51857K(52288K)->51857K(52288K) Class: 7548K(7936K)->7548K(7936K)
[27.064s][info][gc             ] GC(131) Pause Young (Allocation Failure) 239M->107M(494M) 30.169ms
[27.064s][info][gc,cpu         ] GC(131) User=0.03s Sys=0.00s Real=0.03s
[27.121s][info][gc,start       ] GC(132) Pause Young (Allocation Failure)
[27.157s][info][gc,heap        ] GC(132) DefNew: 148675K(157248K)->11170K(157248K) Eden: 139776K(139776K)->0K(139776K) From: 8899K(17472K)->11170K(17472K)
[27.157s][info][gc,heap        ] GC(132) Tenured: 101222K(349568K)->104704K(349568K)
[27.157s][info][gc,metaspace   ] GC(132) Metaspace: 59406K(60224K)->59406K(60224K) NonClass: 51857K(52288K)->51857K(52288K) Class: 7548K(7936K)->7548K(7936K)
[27.157s][info][gc             ] GC(132) Pause Young (Allocation Failure) 244M->113M(494M) 35.869ms
[27.157s][info][gc,cpu         ] GC(132) User=0.03s Sys=0.00s Real=0.03s
[27.209s][info][gc,start       ] GC(133) Pause Young (Allocation Failure)
[27.251s][info][gc,heap        ] GC(133) DefNew: 150946K(157248K)->11593K(157248K) Eden: 139776K(139776K)->0K(139776K) From: 11170K(17472K)->11593K(17472K)
[27.251s][info][gc,heap        ] GC(133) Tenured: 104704K(349568K)->109609K(349568K)
[27.251s][info][gc,metaspace   ] GC(133) Metaspace: 59406K(60224K)->59406K(60224K) NonClass: 51857K(52288K)->51857K(52288K) Class: 7548K(7936K)->7548K(7936K)
[27.251s][info][gc             ] GC(133) Pause Young (Allocation Failure) 249M->118M(494M) 41.908ms
[27.251s][info][gc,cpu         ] GC(133) User=0.05s Sys=0.00s Real=0.05s
[27.304s][info][gc,start       ] GC(134) Pause Young (Allocation Failure)
[27.345s][info][gc,heap        ] GC(134) DefNew: 151369K(157248K)->10635K(157248K) Eden: 139776K(139776K)->0K(139776K) From: 11593K(17472K)->10635K(17472K)
[27.346s][info][gc,heap        ] GC(134) Tenured: 109609K(349568K)->115873K(349568K)
[27.346s][info][gc,metaspace   ] GC(134) Metaspace: 59406K(60224K)->59406K(60224K) NonClass: 51857K(52288K)->51857K(52288K) Class: 7548K(7936K)->7548K(7936K)
[27.346s][info][gc             ] GC(134) Pause Young (Allocation Failure) 254M->123M(494M) 41.769ms
[27.346s][info][gc,cpu         ] GC(134) User=0.05s Sys=0.00s Real=0.05s
[27.402s][info][gc,start       ] GC(135) Pause Young (Allocation Failure)
[27.441s][info][gc,heap        ] GC(135) DefNew: 150411K(157248K)->12485K(157248K) Eden: 139776K(139776K)->0K(139776K) From: 10635K(17472K)->12485K(17472K)
[27.441s][info][gc,heap        ] GC(135) Tenured: 115873K(349568K)->121202K(349568K)
[27.441s][info][gc,metaspace   ] GC(135) Metaspace: 59406K(60224K)->59406K(60224K) NonClass: 51857K(52288K)->51857K(52288K) Class: 7548K(7936K)->7548K(7936K)
[27.442s][info][gc             ] GC(135) Pause Young (Allocation Failure) 260M->130M(494M) 39.454ms
[27.442s][info][gc,cpu         ] GC(135) User=0.03s Sys=0.00s Real=0.03s
[27.496s][info][gc,start       ] GC(136) Pause Young (Allocation Failure)
[27.536s][info][gc,heap        ] GC(136) DefNew: 152261K(157248K)->12860K(157248K) Eden: 139776K(139776K)->0K(139776K) From: 12485K(17472K)->12860K(17472K)
[27.536s][info][gc,heap        ] GC(136) Tenured: 121202K(349568K)->126508K(349568K)
[27.536s][info][gc,metaspace   ] GC(136) Metaspace: 59406K(60224K)->59406K(60224K) NonClass: 51857K(52288K)->51857K(52288K) Class: 7548K(7936K)->7548K(7936K)
[27.536s][info][gc             ] GC(136) Pause Young (Allocation Failure) 267M->136M(494M) 40.652ms
[27.536s][info][gc,cpu         ] GC(136) User=0.03s Sys=0.00s Real=0.03s
[27.593s][info][gc,start       ] GC(137) Pause Young (Allocation Failure)
[27.635s][info][gc,heap        ] GC(137) DefNew: 152636K(157248K)->11236K(157248K) Eden: 139776K(139776K)->0K(139776K) From: 12860K(17472K)->11236K(17472K)
[27.635s][info][gc,heap        ] GC(137) Tenured: 126508K(349568K)->133688K(349568K)
[27.635s][info][gc,metaspace   ] GC(137) Metaspace: 59406K(60224K)->59406K(60224K) NonClass: 51857K(52288K)->51857K(52288K) Class: 7548K(7936K)->7548K(7936K)
[27.635s][info][gc             ] GC(137) Pause Young (Allocation Failure) 272M->141M(494M) 41.915ms
[27.635s][info][gc,cpu         ] GC(137) User=0.05s Sys=0.00s Real=0.05s
[27.696s][info][gc,start       ] GC(138) Pause Young (Allocation Failure)
[27.721s][info][gc,heap        ] GC(138) DefNew: 151012K(157248K)->5566K(157248K) Eden: 139776K(139776K)->0K(139776K) From: 11236K(17472K)->5566K(17472K)
[27.721s][info][gc,heap        ] GC(138) Tenured: 133688K(349568K)->139368K(349568K)
[27.721s][info][gc,metaspace   ] GC(138) Metaspace: 59406K(60224K)->59406K(60224K) NonClass: 51858K(52288K)->51858K(52288K) Class: 7548K(7936K)->7548K(7936K)
[27.721s][info][gc             ] GC(138) Pause Young (Allocation Failure) 278M->141M(494M) 24.548ms
[27.721s][info][gc,cpu         ] GC(138) User=0.03s Sys=0.00s Real=0.03s
[27.777s][info][gc,start       ] GC(139) Pause Young (Allocation Failure)
[27.792s][info][gc,heap        ] GC(139) DefNew: 145342K(157248K)->5566K(157248K) Eden: 139776K(139776K)->0K(139776K) From: 5566K(17472K)->5566K(17472K)
[27.792s][info][gc,heap        ] GC(139) Tenured: 139368K(349568K)->139368K(349568K)
[27.792s][info][gc,metaspace   ] GC(139) Metaspace: 59406K(60224K)->59406K(60224K) NonClass: 51858K(52288K)->51858K(52288K) Class: 7548K(7936K)->7548K(7936K)
[27.792s][info][gc             ] GC(139) Pause Young (Allocation Failure) 278M->141M(494M) 15.135ms
[27.792s][info][gc,cpu         ] GC(139) User=0.02s Sys=0.00s Real=0.02s
[27.844s][info][gc,start       ] GC(140) Pause Young (Allocation Failure)
[27.858s][info][gc,heap        ] GC(140) DefNew: 145342K(157248K)->5566K(157248K) Eden: 139776K(139776K)->0K(139776K) From: 5566K(17472K)->5566K(17472K)
[27.858s][info][gc,heap        ] GC(140) Tenured: 139368K(349568K)->139368K(349568K)
[27.858s][info][gc,metaspace   ] GC(140) Metaspace: 59406K(60224K)->59406K(60224K) NonClass: 51858K(52288K)->51858K(52288K) Class: 7548K(7936K)->7548K(7936K)
[27.858s][info][gc             ] GC(140) Pause Young (Allocation Failure) 278M->141M(494M) 13.989ms
[27.858s][info][gc,cpu         ] GC(140) User=0.02s Sys=0.00s Real=0.01s
[27.910s][info][gc,start       ] GC(141) Pause Young (Allocation Failure)
[27.924s][info][gc,heap        ] GC(141) DefNew: 145342K(157248K)->5566K(157248K) Eden: 139776K(139776K)->0K(139776K) From: 5566K(17472K)->5566K(17472K)
[27.924s][info][gc,heap        ] GC(141) Tenured: 139368K(349568K)->139368K(349568K)
[27.924s][info][gc,metaspace   ] GC(141) Metaspace: 59406K(60224K)->59406K(60224K) NonClass: 51858K(52288K)->51858K(52288K) Class: 7548K(7936K)->7548K(7936K)
[27.924s][info][gc             ] GC(141) Pause Young (Allocation Failure) 278M->141M(494M) 14.355ms
[27.924s][info][gc,cpu         ] GC(141) User=0.02s Sys=0.00s Real=0.02s
[27.970s][info][gc,start       ] GC(142) Pause Young (Allocation Failure)
[27.984s][info][gc,heap        ] GC(142) DefNew: 145342K(157248K)->5566K(157248K) Eden: 139776K(139776K)->0K(139776K) From: 5566K(17472K)->5566K(17472K)
[27.984s][info][gc,heap        ] GC(142) Tenured: 139368K(349568K)->139368K(349568K)
[27.984s][info][gc,metaspace   ] GC(142) Metaspace: 59406K(60224K)->59406K(60224K) NonClass: 51858K(52288K)->51858K(52288K) Class: 7548K(7936K)->7548K(7936K)
[27.984s][info][gc             ] GC(142) Pause Young (Allocation Failure) 278M->141M(494M) 14.218ms
[27.984s][info][gc,cpu         ] GC(142) User=0.00s Sys=0.00s Real=0.00s
[28.030s][info][gc,start       ] GC(143) Pause Young (Allocation Failure)
[28.044s][info][gc,heap        ] GC(143) DefNew: 145342K(157248K)->5566K(157248K) Eden: 139776K(139776K)->0K(139776K) From: 5566K(17472K)->5566K(17472K)
[28.045s][info][gc,heap        ] GC(143) Tenured: 139368K(349568K)->139368K(349568K)
[28.045s][info][gc,metaspace   ] GC(143) Metaspace: 59406K(60224K)->59406K(60224K) NonClass: 51858K(52288K)->51858K(52288K) Class: 7548K(7936K)->7548K(7936K)
[28.045s][info][gc             ] GC(143) Pause Young (Allocation Failure) 278M->141M(494M) 14.769ms
[28.045s][info][gc,cpu         ] GC(143) User=0.02s Sys=0.00s Real=0.02s
[28.131s][info][gc,start       ] GC(144) Pause Young (Allocation Failure)
[28.146s][info][gc,heap        ] GC(144) DefNew: 145342K(157248K)->5577K(157248K) Eden: 139776K(139776K)->0K(139776K) From: 5566K(17472K)->5577K(17472K)
[28.146s][info][gc,heap        ] GC(144) Tenured: 139368K(349568K)->139368K(349568K)
[28.146s][info][gc,metaspace   ] GC(144) Metaspace: 59408K(60224K)->59408K(60224K) NonClass: 51859K(52288K)->51859K(52288K) Class: 7548K(7936K)->7548K(7936K)
[28.146s][info][gc             ] GC(144) Pause Young (Allocation Failure) 278M->141M(494M) 14.629ms
[28.146s][info][gc,cpu         ] GC(144) User=0.02s Sys=0.00s Real=0.02s
[28.231s][info][gc,start       ] GC(145) Pause Young (Allocation Failure)
[28.246s][info][gc,heap        ] GC(145) DefNew: 145353K(157248K)->5577K(157248K) Eden: 139776K(139776K)->0K(139776K) From: 5577K(17472K)->5577K(17472K)
[28.246s][info][gc,heap        ] GC(145) Tenured: 139368K(349568K)->139368K(349568K)
[28.246s][info][gc,metaspace   ] GC(145) Metaspace: 59408K(60224K)->59408K(60224K) NonClass: 51859K(52288K)->51859K(52288K) Class: 7548K(7936K)->7548K(7936K)
[28.246s][info][gc             ] GC(145) Pause Young (Allocation Failure) 278M->141M(494M) 14.877ms
[28.246s][info][gc,cpu         ] GC(145) User=0.02s Sys=0.00s Real=0.02s
[28.330s][info][gc,start       ] GC(146) Pause Young (Allocation Failure)
[28.345s][info][gc,heap        ] GC(146) DefNew: 145353K(157248K)->5577K(157248K) Eden: 139776K(139776K)->0K(139776K) From: 5577K(17472K)->5577K(17472K)
[28.345s][info][gc,heap        ] GC(146) Tenured: 139368K(349568K)->139368K(349568K)
[28.345s][info][gc,metaspace   ] GC(146) Metaspace: 59408K(60224K)->59408K(60224K) NonClass: 51859K(52288K)->51859K(52288K) Class: 7548K(7936K)->7548K(7936K)
[28.345s][info][gc             ] GC(146) Pause Young (Allocation Failure) 278M->141M(494M) 14.864ms
[28.345s][info][gc,cpu         ] GC(146) User=0.02s Sys=0.00s Real=0.01s
[28.429s][info][gc,start       ] GC(147) Pause Young (Allocation Failure)
[28.444s][info][gc,heap        ] GC(147) DefNew: 145353K(157248K)->5577K(157248K) Eden: 139776K(139776K)->0K(139776K) From: 5577K(17472K)->5577K(17472K)
[28.444s][info][gc,heap        ] GC(147) Tenured: 139368K(349568K)->139368K(349568K)
[28.444s][info][gc,metaspace   ] GC(147) Metaspace: 59408K(60224K)->59408K(60224K) NonClass: 51859K(52288K)->51859K(52288K) Class: 7548K(7936K)->7548K(7936K)
[28.444s][info][gc             ] GC(147) Pause Young (Allocation Failure) 278M->141M(494M) 14.963ms
[28.444s][info][gc,cpu         ] GC(147) User=0.02s Sys=0.00s Real=0.02s
[28.531s][info][gc,start       ] GC(148) Pause Young (Allocation Failure)
[28.546s][info][gc,heap        ] GC(148) DefNew: 145353K(157248K)->5577K(157248K) Eden: 139776K(139776K)->0K(139776K) From: 5577K(17472K)->5577K(17472K)
[28.546s][info][gc,heap        ] GC(148) Tenured: 139368K(349568K)->139368K(349568K)
[28.546s][info][gc,metaspace   ] GC(148) Metaspace: 59408K(60224K)->59408K(60224K) NonClass: 51859K(52288K)->51859K(52288K) Class: 7548K(7936K)->7548K(7936K)
[28.546s][info][gc             ] GC(148) Pause Young (Allocation Failure) 278M->141M(494M) 15.078ms
[28.546s][info][gc,cpu         ] GC(148) User=0.02s Sys=0.00s Real=0.02s
[28.630s][info][gc,start       ] GC(149) Pause Young (Allocation Failure)
[28.645s][info][gc,heap        ] GC(149) DefNew: 145353K(157248K)->5577K(157248K) Eden: 139776K(139776K)->0K(139776K) From: 5577K(17472K)->5577K(17472K)
[28.645s][info][gc,heap        ] GC(149) Tenured: 139368K(349568K)->139368K(349568K)
[28.645s][info][gc,metaspace   ] GC(149) Metaspace: 59408K(60224K)->59408K(60224K) NonClass: 51859K(52288K)->51859K(52288K) Class: 7548K(7936K)->7548K(7936K)
[28.645s][info][gc             ] GC(149) Pause Young (Allocation Failure) 278M->141M(494M) 15.079ms
[28.645s][info][gc,cpu         ] GC(149) User=0.02s Sys=0.00s Real=0.02s
[28.732s][info][gc,start       ] GC(150) Pause Young (Allocation Failure)
[28.747s][info][gc,heap        ] GC(150) DefNew: 145353K(157248K)->5577K(157248K) Eden: 139776K(139776K)->0K(139776K) From: 5577K(17472K)->5577K(17472K)
[28.747s][info][gc,heap        ] GC(150) Tenured: 139368K(349568K)->139368K(349568K)
[28.747s][info][gc,metaspace   ] GC(150) Metaspace: 59408K(60224K)->59408K(60224K) NonClass: 51859K(52288K)->51859K(52288K) Class: 7548K(7936K)->7548K(7936K)
[28.747s][info][gc             ] GC(150) Pause Young (Allocation Failure) 278M->141M(494M) 15.133ms
[28.747s][info][gc,cpu         ] GC(150) User=0.02s Sys=0.00s Real=0.02s
[28.820s][info][gc,start       ] GC(151) Pause Full (System.gc())
[28.820s][info][gc,phases,start] GC(151) Phase 1: Mark live objects
[28.892s][info][gc,phases      ] GC(151) Phase 1: Mark live objects 71.921ms
[28.892s][info][gc,phases,start] GC(151) Phase 2: Compute new object addresses
[28.939s][info][gc,phases      ] GC(151) Phase 2: Compute new object addresses 46.506ms
[28.939s][info][gc,phases,start] GC(151) Phase 3: Adjust pointers
[28.979s][info][gc,phases      ] GC(151) Phase 3: Adjust pointers 40.501ms
[28.979s][info][gc,phases,start] GC(151) Phase 4: Move objects
[28.979s][info][gc,phases      ] GC(151) Phase 4: Move objects 0.028ms
[28.980s][info][gc,heap        ] GC(151) DefNew: 23087K(157248K)->0K(157248K) Eden: 17509K(139776K)->0K(139776K) From: 5577K(17472K)->0K(17472K)
[28.980s][info][gc,heap        ] GC(151) Tenured: 139368K(349568K)->109646K(349568K)
[28.980s][info][gc,metaspace   ] GC(151) Metaspace: 59430K(60288K)->59430K(60288K) NonClass: 51881K(52352K)->51881K(52352K) Class: 7549K(7936K)->7549K(7936K)
[28.980s][info][gc             ] GC(151) Pause Full (System.gc()) 158M->107M(494M) 159.848ms
[28.980s][info][gc,cpu         ] GC(151) User=0.16s Sys=0.00s Real=0.16s
[29.143s][info][gc,start       ] GC(152) Pause Young (Allocation Failure)
[29.148s][info][gc,heap        ] GC(152) DefNew: 139776K(157248K)->284K(157248K) Eden: 139776K(139776K)->0K(139776K) From: 0K(17472K)->284K(17472K)
[29.148s][info][gc,heap        ] GC(152) Tenured: 109646K(349568K)->109646K(349568K)
[29.148s][info][gc,metaspace   ] GC(152) Metaspace: 59465K(60352K)->59465K(60352K) NonClass: 51914K(52416K)->51914K(52416K) Class: 7551K(7936K)->7551K(7936K)
[29.148s][info][gc             ] GC(152) Pause Young (Allocation Failure) 243M->107M(494M) 4.770ms
[29.148s][info][gc,cpu         ] GC(152) User=0.00s Sys=0.00s Real=0.00s
[29.214s][info][gc,start       ] GC(153) Pause Young (Allocation Failure)
[29.223s][info][gc,heap        ] GC(153) DefNew: 140060K(157248K)->1818K(157248K) Eden: 139776K(139776K)->0K(139776K) From: 284K(17472K)->1818K(17472K)
[29.223s][info][gc,heap        ] GC(153) Tenured: 109646K(349568K)->109646K(349568K)
[29.223s][info][gc,metaspace   ] GC(153) Metaspace: 59467K(60352K)->59467K(60352K) NonClass: 51915K(52416K)->51915K(52416K) Class: 7551K(7936K)->7551K(7936K)
[29.224s][info][gc             ] GC(153) Pause Young (Allocation Failure) 243M->108M(494M) 10.010ms
[29.224s][info][gc,cpu         ] GC(153) User=0.00s Sys=0.00s Real=0.00s
[29.270s][info][gc,start       ] GC(154) Pause Young (Allocation Failure)
[29.295s][info][gc,heap        ] GC(154) DefNew: 141594K(157248K)->6669K(157248K) Eden: 139776K(139776K)->0K(139776K) From: 1818K(17472K)->6669K(17472K)
[29.295s][info][gc,heap        ] GC(154) Tenured: 109646K(349568K)->109646K(349568K)
[29.295s][info][gc,metaspace   ] GC(154) Metaspace: 59467K(60352K)->59467K(60352K) NonClass: 51915K(52416K)->51915K(52416K) Class: 7551K(7936K)->7551K(7936K)
[29.295s][info][gc             ] GC(154) Pause Young (Allocation Failure) 245M->113M(494M) 24.950ms
[29.295s][info][gc,cpu         ] GC(154) User=0.06s Sys=0.00s Real=0.03s
[29.349s][info][gc,start       ] GC(155) Pause Young (Allocation Failure)
[29.380s][info][gc,heap        ] GC(155) DefNew: 146445K(157248K)->12138K(157248K) Eden: 139776K(139776K)->0K(139776K) From: 6669K(17472K)->12138K(17472K)
[29.381s][info][gc,heap        ] GC(155) Tenured: 109646K(349568K)->109646K(349568K)
[29.381s][info][gc,metaspace   ] GC(155) Metaspace: 59467K(60352K)->59467K(60352K) NonClass: 51915K(52416K)->51915K(52416K) Class: 7551K(7936K)->7551K(7936K)
[29.381s][info][gc             ] GC(155) Pause Young (Allocation Failure) 250M->118M(494M) 32.056ms
[29.381s][info][gc,cpu         ] GC(155) User=0.03s Sys=0.00s Real=0.03s
[29.433s][info][gc,start       ] GC(156) Pause Young (Allocation Failure)
[29.473s][info][gc,heap        ] GC(156) DefNew: 151914K(157248K)->11414K(157248K) Eden: 139776K(139776K)->0K(139776K) From: 12138K(17472K)->11414K(17472K)
[29.473s][info][gc,heap        ] GC(156) Tenured: 109646K(349568K)->116058K(349568K)
[29.473s][info][gc,metaspace   ] GC(156) Metaspace: 59467K(60352K)->59467K(60352K) NonClass: 51915K(52416K)->51915K(52416K) Class: 7551K(7936K)->7551K(7936K)
[29.473s][info][gc             ] GC(156) Pause Young (Allocation Failure) 255M->124M(494M) 40.343ms
[29.473s][info][gc,cpu         ] GC(156) User=0.05s Sys=0.00s Real=0.04s
[29.530s][info][gc,start       ] GC(157) Pause Young (Allocation Failure)
[29.566s][info][gc,heap        ] GC(157) DefNew: 151190K(157248K)->11816K(157248K) Eden: 139776K(139776K)->0K(139776K) From: 11414K(17472K)->11816K(17472K)
[29.566s][info][gc,heap        ] GC(157) Tenured: 116058K(349568K)->121271K(349568K)
[29.566s][info][gc,metaspace   ] GC(157) Metaspace: 59467K(60352K)->59467K(60352K) NonClass: 51915K(52416K)->51915K(52416K) Class: 7551K(7936K)->7551K(7936K)
[29.566s][info][gc             ] GC(157) Pause Young (Allocation Failure) 260M->129M(494M) 36.522ms
[29.567s][info][gc,cpu         ] GC(157) User=0.05s Sys=0.00s Real=0.05s
[29.623s][info][gc,start       ] GC(158) Pause Young (Allocation Failure)
[29.661s][info][gc,heap        ] GC(158) DefNew: 151592K(157248K)->12858K(157248K) Eden: 139776K(139776K)->0K(139776K) From: 11816K(17472K)->12858K(17472K)
[29.661s][info][gc,heap        ] GC(158) Tenured: 121271K(349568K)->126448K(349568K)
[29.661s][info][gc,metaspace   ] GC(158) Metaspace: 59467K(60352K)->59467K(60352K) NonClass: 51915K(52416K)->51915K(52416K) Class: 7551K(7936K)->7551K(7936K)
[29.661s][info][gc             ] GC(158) Pause Young (Allocation Failure) 266M->136M(494M) 37.936ms
[29.661s][info][gc,cpu         ] GC(158) User=0.05s Sys=0.00s Real=0.05s
[29.714s][info][gc,start       ] GC(159) Pause Young (Allocation Failure)
[29.761s][info][gc,heap        ] GC(159) DefNew: 152634K(157248K)->12902K(157248K) Eden: 139776K(139776K)->0K(139776K) From: 12858K(17472K)->12902K(17472K)
[29.761s][info][gc,heap        ] GC(159) Tenured: 126448K(349568K)->132063K(349568K)
[29.761s][info][gc,metaspace   ] GC(159) Metaspace: 59467K(60352K)->59467K(60352K) NonClass: 51915K(52416K)->51915K(52416K) Class: 7551K(7936K)->7551K(7936K)
[29.761s][info][gc             ] GC(159) Pause Young (Allocation Failure) 272M->141M(494M) 47.259ms
[29.761s][info][gc,cpu         ] GC(159) User=0.05s Sys=0.00s Real=0.05s
[29.814s][info][gc,start       ] GC(160) Pause Young (Allocation Failure)
[29.857s][info][gc,heap        ] GC(160) DefNew: 152678K(157248K)->11372K(157248K) Eden: 139776K(139776K)->0K(139776K) From: 12902K(17472K)->11372K(17472K)
[29.857s][info][gc,heap        ] GC(160) Tenured: 132063K(349568K)->139306K(349568K)
[29.857s][info][gc,metaspace   ] GC(160) Metaspace: 59467K(60352K)->59467K(60352K) NonClass: 51915K(52416K)->51915K(52416K) Class: 7551K(7936K)->7551K(7936K)
[29.857s][info][gc             ] GC(160) Pause Young (Allocation Failure) 278M->147M(494M) 43.052ms
[29.857s][info][gc,cpu         ] GC(160) User=0.03s Sys=0.00s Real=0.03s
[29.917s][info][gc,start       ] GC(161) Pause Young (Allocation Failure)
[29.947s][info][gc,heap        ] GC(161) DefNew: 151148K(157248K)->7369K(157248K) Eden: 139776K(139776K)->0K(139776K) From: 11372K(17472K)->7369K(17472K)
[29.947s][info][gc,heap        ] GC(161) Tenured: 139306K(349568K)->144965K(349568K)
[29.947s][info][gc,metaspace   ] GC(161) Metaspace: 59472K(60352K)->59472K(60352K) NonClass: 51920K(52416K)->51920K(52416K) Class: 7552K(7936K)->7552K(7936K)
[29.947s][info][gc             ] GC(161) Pause Young (Allocation Failure) 283M->148M(494M) 29.238ms
[29.947s][info][gc,cpu         ] GC(161) User=0.03s Sys=0.00s Real=0.03s
[30.003s][info][gc,start       ] GC(162) Pause Young (Allocation Failure)
[30.019s][info][gc,heap        ] GC(162) DefNew: 147145K(157248K)->7369K(157248K) Eden: 139776K(139776K)->0K(139776K) From: 7369K(17472K)->7369K(17472K)
[30.019s][info][gc,heap        ] GC(162) Tenured: 144965K(349568K)->144965K(349568K)
[30.019s][info][gc,metaspace   ] GC(162) Metaspace: 59472K(60352K)->59472K(60352K) NonClass: 51920K(52416K)->51920K(52416K) Class: 7552K(7936K)->7552K(7936K)
[30.020s][info][gc             ] GC(162) Pause Young (Allocation Failure) 285M->148M(494M) 16.341ms
[30.020s][info][gc,cpu         ] GC(162) User=0.02s Sys=0.00s Real=0.01s
[30.069s][info][gc,start       ] GC(163) Pause Young (Allocation Failure)
[30.087s][info][gc,heap        ] GC(163) DefNew: 147145K(157248K)->7369K(157248K) Eden: 139776K(139776K)->0K(139776K) From: 7369K(17472K)->7369K(17472K)
[30.087s][info][gc,heap        ] GC(163) Tenured: 144965K(349568K)->144965K(349568K)
[30.087s][info][gc,metaspace   ] GC(163) Metaspace: 59472K(60352K)->59472K(60352K) NonClass: 51920K(52416K)->51920K(52416K) Class: 7552K(7936K)->7552K(7936K)
[30.087s][info][gc             ] GC(163) Pause Young (Allocation Failure) 285M->148M(494M) 17.733ms
[30.087s][info][gc,cpu         ] GC(163) User=0.02s Sys=0.00s Real=0.02s
[30.134s][info][gc,start       ] GC(164) Pause Young (Allocation Failure)
[30.151s][info][gc,heap        ] GC(164) DefNew: 147145K(157248K)->7369K(157248K) Eden: 139776K(139776K)->0K(139776K) From: 7369K(17472K)->7369K(17472K)
[30.151s][info][gc,heap        ] GC(164) Tenured: 144965K(349568K)->144965K(349568K)
[30.151s][info][gc,metaspace   ] GC(164) Metaspace: 59472K(60352K)->59472K(60352K) NonClass: 51920K(52416K)->51920K(52416K) Class: 7552K(7936K)->7552K(7936K)
[30.151s][info][gc             ] GC(164) Pause Young (Allocation Failure) 285M->148M(494M) 17.050ms
[30.151s][info][gc,cpu         ] GC(164) User=0.02s Sys=0.00s Real=0.02s
[30.240s][info][gc,start       ] GC(165) Pause Young (Allocation Failure)
[30.257s][info][gc,heap        ] GC(165) DefNew: 147145K(157248K)->7381K(157248K) Eden: 139776K(139776K)->0K(139776K) From: 7369K(17472K)->7381K(17472K)
[30.258s][info][gc,heap        ] GC(165) Tenured: 144965K(349568K)->144965K(349568K)
[30.258s][info][gc,metaspace   ] GC(165) Metaspace: 59481K(60352K)->59481K(60352K) NonClass: 51929K(52416K)->51929K(52416K) Class: 7552K(7936K)->7552K(7936K)
[30.258s][info][gc             ] GC(165) Pause Young (Allocation Failure) 285M->148M(494M) 17.895ms
[30.258s][info][gc,cpu         ] GC(165) User=0.03s Sys=0.00s Real=0.03s
[30.348s][info][gc,start       ] GC(166) Pause Young (Allocation Failure)
[30.367s][info][gc,heap        ] GC(166) DefNew: 147157K(157248K)->7381K(157248K) Eden: 139776K(139776K)->0K(139776K) From: 7381K(17472K)->7381K(17472K)
[30.367s][info][gc,heap        ] GC(166) Tenured: 144965K(349568K)->144965K(349568K)
[30.367s][info][gc,metaspace   ] GC(166) Metaspace: 59481K(60352K)->59481K(60352K) NonClass: 51929K(52416K)->51929K(52416K) Class: 7552K(7936K)->7552K(7936K)
[30.367s][info][gc             ] GC(166) Pause Young (Allocation Failure) 285M->148M(494M) 18.796ms
[30.367s][info][gc,cpu         ] GC(166) User=0.03s Sys=0.00s Real=0.03s
[30.458s][info][gc,start       ] GC(167) Pause Young (Allocation Failure)
[30.476s][info][gc,heap        ] GC(167) DefNew: 147157K(157248K)->7381K(157248K) Eden: 139776K(139776K)->0K(139776K) From: 7381K(17472K)->7381K(17472K)
[30.477s][info][gc,heap        ] GC(167) Tenured: 144965K(349568K)->144965K(349568K)
[30.477s][info][gc,metaspace   ] GC(167) Metaspace: 59481K(60352K)->59481K(60352K) NonClass: 51929K(52416K)->51929K(52416K) Class: 7552K(7936K)->7552K(7936K)
[30.477s][info][gc             ] GC(167) Pause Young (Allocation Failure) 285M->148M(494M) 18.800ms
[30.477s][info][gc,cpu         ] GC(167) User=0.03s Sys=0.00s Real=0.03s
[30.565s][info][gc,start       ] GC(168) Pause Young (Allocation Failure)
[30.581s][info][gc,heap        ] GC(168) DefNew: 147157K(157248K)->7381K(157248K) Eden: 139776K(139776K)->0K(139776K) From: 7381K(17472K)->7381K(17472K)
[30.581s][info][gc,heap        ] GC(168) Tenured: 144965K(349568K)->144965K(349568K)
[30.581s][info][gc,metaspace   ] GC(168) Metaspace: 59481K(60352K)->59481K(60352K) NonClass: 51929K(52416K)->51929K(52416K) Class: 7552K(7936K)->7552K(7936K)
[30.581s][info][gc             ] GC(168) Pause Young (Allocation Failure) 285M->148M(494M) 16.217ms
[30.581s][info][gc,cpu         ] GC(168) User=0.02s Sys=0.00s Real=0.02s
[30.684s][info][gc,start       ] GC(169) Pause Young (Allocation Failure)
[30.701s][info][gc,heap        ] GC(169) DefNew: 147157K(157248K)->7381K(157248K) Eden: 139776K(139776K)->0K(139776K) From: 7381K(17472K)->7381K(17472K)
[30.701s][info][gc,heap        ] GC(169) Tenured: 144965K(349568K)->144965K(349568K)
[30.701s][info][gc,metaspace   ] GC(169) Metaspace: 59481K(60352K)->59481K(60352K) NonClass: 51929K(52416K)->51929K(52416K) Class: 7552K(7936K)->7552K(7936K)
[30.701s][info][gc             ] GC(169) Pause Young (Allocation Failure) 285M->148M(494M) 17.033ms
[30.701s][info][gc,cpu         ] GC(169) User=0.02s Sys=0.00s Real=0.02s
[30.789s][info][gc,start       ] GC(170) Pause Young (Allocation Failure)
[30.808s][info][gc,heap        ] GC(170) DefNew: 147157K(157248K)->7381K(157248K) Eden: 139776K(139776K)->0K(139776K) From: 7381K(17472K)->7381K(17472K)
[30.808s][info][gc,heap        ] GC(170) Tenured: 144965K(349568K)->144965K(349568K)
[30.808s][info][gc,metaspace   ] GC(170) Metaspace: 59481K(60352K)->59481K(60352K) NonClass: 51929K(52416K)->51929K(52416K) Class: 7552K(7936K)->7552K(7936K)
[30.808s][info][gc             ] GC(170) Pause Young (Allocation Failure) 285M->148M(494M) 18.819ms
[30.808s][info][gc,cpu         ] GC(170) User=0.02s Sys=0.00s Real=0.02s
[30.896s][info][gc,start       ] GC(171) Pause Young (Allocation Failure)
[30.913s][info][gc,heap        ] GC(171) DefNew: 147157K(157248K)->7381K(157248K) Eden: 139776K(139776K)->0K(139776K) From: 7381K(17472K)->7381K(17472K)
[30.913s][info][gc,heap        ] GC(171) Tenured: 144965K(349568K)->144965K(349568K)
[30.913s][info][gc,metaspace   ] GC(171) Metaspace: 59481K(60352K)->59481K(60352K) NonClass: 51929K(52416K)->51929K(52416K) Class: 7552K(7936K)->7552K(7936K)
[30.913s][info][gc             ] GC(171) Pause Young (Allocation Failure) 285M->148M(494M) 16.464ms
[30.913s][info][gc,cpu         ] GC(171) User=0.02s Sys=0.00s Real=0.02s
[31.001s][info][gc,start       ] GC(172) Pause Young (Allocation Failure)
[31.019s][info][gc,heap        ] GC(172) DefNew: 147157K(157248K)->7381K(157248K) Eden: 139776K(139776K)->0K(139776K) From: 7381K(17472K)->7381K(17472K)
[31.019s][info][gc,heap        ] GC(172) Tenured: 144965K(349568K)->144965K(349568K)
[31.019s][info][gc,metaspace   ] GC(172) Metaspace: 59481K(60352K)->59481K(60352K) NonClass: 51929K(52416K)->51929K(52416K) Class: 7552K(7936K)->7552K(7936K)
[31.019s][info][gc             ] GC(172) Pause Young (Allocation Failure) 285M->148M(494M) 18.669ms
[31.019s][info][gc,cpu         ] GC(172) User=0.02s Sys=0.00s Real=0.02s
[31.066s][info][gc,start       ] GC(173) Pause Full (System.gc())
[31.066s][info][gc,phases,start] GC(173) Phase 1: Mark live objects
[31.137s][info][gc,phases      ] GC(173) Phase 1: Mark live objects 70.740ms
[31.137s][info][gc,phases,start] GC(173) Phase 2: Compute new object addresses
[31.196s][info][gc,phases      ] GC(173) Phase 2: Compute new object addresses 59.214ms
[31.196s][info][gc,phases,start] GC(173) Phase 3: Adjust pointers
[31.236s][info][gc,phases      ] GC(173) Phase 3: Adjust pointers 40.371ms
[31.236s][info][gc,phases,start] GC(173) Phase 4: Move objects
[31.236s][info][gc,phases      ] GC(173) Phase 4: Move objects 0.029ms
[31.237s][info][gc,heap        ] GC(173) DefNew: 27431K(157248K)->0K(157248K) Eden: 20050K(139776K)->0K(139776K) From: 7381K(17472K)->0K(17472K)
[31.237s][info][gc,heap        ] GC(173) Tenured: 144965K(349568K)->110089K(349568K)
[31.237s][info][gc,metaspace   ] GC(173) Metaspace: 59501K(60352K)->59501K(60352K) NonClass: 51949K(52416K)->51949K(52416K) Class: 7552K(7936K)->7552K(7936K)
[31.237s][info][gc             ] GC(173) Pause Full (System.gc()) 168M->107M(494M) 171.264ms
[31.237s][info][gc,cpu         ] GC(173) User=0.17s Sys=0.00s Real=0.17s
[31.370s][info][gc,start       ] GC(174) Pause Young (Allocation Failure)
[31.378s][info][gc,heap        ] GC(174) DefNew: 139776K(157248K)->2414K(157248K) Eden: 139776K(139776K)->0K(139776K) From: 0K(17472K)->2414K(17472K)
[31.378s][info][gc,heap        ] GC(174) Tenured: 110089K(349568K)->110089K(349568K)
[31.378s][info][gc,metaspace   ] GC(174) Metaspace: 59537K(60416K)->59537K(60416K) NonClass: 51985K(52480K)->51985K(52480K) Class: 7552K(7936K)->7552K(7936K)
[31.378s][info][gc             ] GC(174) Pause Young (Allocation Failure) 244M->109M(494M) 8.428ms
[31.378s][info][gc,cpu         ] GC(174) User=0.00s Sys=0.00s Real=0.00s
[31.422s][info][gc,start       ] GC(175) Pause Young (Allocation Failure)
[31.444s][info][gc,heap        ] GC(175) DefNew: 142190K(157248K)->7488K(157248K) Eden: 139776K(139776K)->0K(139776K) From: 2414K(17472K)->7488K(17472K)
[31.444s][info][gc,heap        ] GC(175) Tenured: 110089K(349568K)->110089K(349568K)
[31.444s][info][gc,metaspace   ] GC(175) Metaspace: 59537K(60416K)->59537K(60416K) NonClass: 51985K(52480K)->51985K(52480K) Class: 7552K(7936K)->7552K(7936K)
[31.444s][info][gc             ] GC(175) Pause Young (Allocation Failure) 246M->114M(494M) 21.308ms
[31.444s][info][gc,cpu         ] GC(175) User=0.03s Sys=0.00s Real=0.03s
[31.496s][info][gc,start       ] GC(176) Pause Young (Allocation Failure)
[31.521s][info][gc,heap        ] GC(176) DefNew: 147264K(157248K)->12752K(157248K) Eden: 139776K(139776K)->0K(139776K) From: 7488K(17472K)->12752K(17472K)
[31.521s][info][gc,heap        ] GC(176) Tenured: 110089K(349568K)->110089K(349568K)
[31.521s][info][gc,metaspace   ] GC(176) Metaspace: 59537K(60416K)->59537K(60416K) NonClass: 51985K(52480K)->51985K(52480K) Class: 7552K(7936K)->7552K(7936K)
[31.521s][info][gc             ] GC(176) Pause Young (Allocation Failure) 251M->119M(494M) 24.906ms
[31.521s][info][gc,cpu         ] GC(176) User=0.02s Sys=0.02s Real=0.03s
[31.573s][info][gc,start       ] GC(177) Pause Young (Allocation Failure)
[31.612s][info][gc,heap        ] GC(177) DefNew: 152528K(157248K)->10978K(157248K) Eden: 139776K(139776K)->0K(139776K) From: 12752K(17472K)->10978K(17472K)
[31.612s][info][gc,heap        ] GC(177) Tenured: 110089K(349568K)->117065K(349568K)
[31.612s][info][gc,metaspace   ] GC(177) Metaspace: 59537K(60416K)->59537K(60416K) NonClass: 51985K(52480K)->51985K(52480K) Class: 7552K(7936K)->7552K(7936K)
[31.612s][info][gc             ] GC(177) Pause Young (Allocation Failure) 256M->125M(494M) 39.143ms
[31.612s][info][gc,cpu         ] GC(177) User=0.03s Sys=0.00s Real=0.03s
[31.668s][info][gc,start       ] GC(178) Pause Young (Allocation Failure)
[31.705s][info][gc,heap        ] GC(178) DefNew: 150754K(157248K)->11395K(157248K) Eden: 139776K(139776K)->0K(139776K) From: 10978K(17472K)->11395K(17472K)
[31.705s][info][gc,heap        ] GC(178) Tenured: 117065K(349568K)->122329K(349568K)
[31.705s][info][gc,metaspace   ] GC(178) Metaspace: 59537K(60416K)->59537K(60416K) NonClass: 51985K(52480K)->51985K(52480K) Class: 7552K(7936K)->7552K(7936K)
[31.705s][info][gc             ] GC(178) Pause Young (Allocation Failure) 261M->130M(494M) 37.362ms
[31.706s][info][gc,cpu         ] GC(178) User=0.03s Sys=0.00s Real=0.03s
[31.762s][info][gc,start       ] GC(179) Pause Young (Allocation Failure)
[31.799s][info][gc,heap        ] GC(179) DefNew: 151171K(157248K)->12866K(157248K) Eden: 139776K(139776K)->0K(139776K) From: 11395K(17472K)->12866K(17472K)
[31.799s][info][gc,heap        ] GC(179) Tenured: 122329K(349568K)->127019K(349568K)
[31.799s][info][gc,metaspace   ] GC(179) Metaspace: 59537K(60416K)->59537K(60416K) NonClass: 51985K(52480K)->51985K(52480K) Class: 7552K(7936K)->7552K(7936K)
[31.799s][info][gc             ] GC(179) Pause Young (Allocation Failure) 267M->136M(494M) 37.071ms
[31.799s][info][gc,cpu         ] GC(179) User=0.03s Sys=0.00s Real=0.03s
[31.851s][info][gc,start       ] GC(180) Pause Young (Allocation Failure)
[31.908s][info][gc,heap        ] GC(180) DefNew: 152642K(157248K)->11644K(157248K) Eden: 139776K(139776K)->0K(139776K) From: 12866K(17472K)->11644K(17472K)
[31.910s][info][gc,heap        ] GC(180) Tenured: 127019K(349568K)->132699K(349568K)
[31.910s][info][gc,metaspace   ] GC(180) Metaspace: 59537K(60416K)->59537K(60416K) NonClass: 51985K(52480K)->51985K(52480K) Class: 7552K(7936K)->7552K(7936K)
[31.910s][info][gc             ] GC(180) Pause Young (Allocation Failure) 273M->140M(494M) 59.227ms
[31.910s][info][gc,cpu         ] GC(180) User=0.03s Sys=0.00s Real=0.05s
[31.964s][info][gc,start       ] GC(181) Pause Young (Allocation Failure)
[32.006s][info][gc,heap        ] GC(181) DefNew: 151420K(157248K)->10140K(157248K) Eden: 139776K(139776K)->0K(139776K) From: 11644K(17472K)->10140K(17472K)
[32.006s][info][gc,heap        ] GC(181) Tenured: 132699K(349568K)->139885K(349568K)
[32.006s][info][gc,metaspace   ] GC(181) Metaspace: 59537K(60416K)->59537K(60416K) NonClass: 51985K(52480K)->51985K(52480K) Class: 7552K(7936K)->7552K(7936K)
[32.006s][info][gc             ] GC(181) Pause Young (Allocation Failure) 277M->146M(494M) 41.836ms
[32.006s][info][gc,cpu         ] GC(181) User=0.05s Sys=0.00s Real=0.05s
[32.066s][info][gc,start       ] GC(182) Pause Young (Allocation Failure)
[32.097s][info][gc,heap        ] GC(182) DefNew: 149916K(157248K)->8433K(157248K) Eden: 139776K(139776K)->0K(139776K) From: 10140K(17472K)->8433K(17472K)
[32.097s][info][gc,heap        ] GC(182) Tenured: 139885K(349568K)->144343K(349568K)
[32.097s][info][gc,metaspace   ] GC(182) Metaspace: 59545K(60416K)->59545K(60416K) NonClass: 51993K(52480K)->51993K(52480K) Class: 7552K(7936K)->7552K(7936K)
[32.097s][info][gc             ] GC(182) Pause Young (Allocation Failure) 283M->149M(494M) 31.550ms
[32.097s][info][gc,cpu         ] GC(182) User=0.03s Sys=0.00s Real=0.03s
[32.157s][info][gc,start       ] GC(183) Pause Young (Allocation Failure)
[32.177s][info][gc,heap        ] GC(183) DefNew: 148209K(157248K)->8433K(157248K) Eden: 139776K(139776K)->0K(139776K) From: 8433K(17472K)->8433K(17472K)
[32.177s][info][gc,heap        ] GC(183) Tenured: 144343K(349568K)->144343K(349568K)
[32.177s][info][gc,metaspace   ] GC(183) Metaspace: 59545K(60416K)->59545K(60416K) NonClass: 51993K(52480K)->51993K(52480K) Class: 7552K(7936K)->7552K(7936K)
[32.177s][info][gc             ] GC(183) Pause Young (Allocation Failure) 285M->149M(494M) 20.453ms
[32.177s][info][gc,cpu         ] GC(183) User=0.02s Sys=0.00s Real=0.02s
[32.236s][info][gc,start       ] GC(184) Pause Young (Allocation Failure)
[32.255s][info][gc,heap        ] GC(184) DefNew: 148209K(157248K)->8433K(157248K) Eden: 139776K(139776K)->0K(139776K) From: 8433K(17472K)->8433K(17472K)
[32.256s][info][gc,heap        ] GC(184) Tenured: 144343K(349568K)->144343K(349568K)
[32.256s][info][gc,metaspace   ] GC(184) Metaspace: 59545K(60416K)->59545K(60416K) NonClass: 51993K(52480K)->51993K(52480K) Class: 7552K(7936K)->7552K(7936K)
[32.256s][info][gc             ] GC(184) Pause Young (Allocation Failure) 285M->149M(494M) 19.842ms
[32.256s][info][gc,cpu         ] GC(184) User=0.02s Sys=0.00s Real=0.02s
[32.313s][info][gc,start       ] GC(185) Pause Young (Allocation Failure)
[32.323s][info][gc,heap        ] GC(185) DefNew: 148209K(157248K)->8433K(157248K) Eden: 139776K(139776K)->0K(139776K) From: 8433K(17472K)->8433K(17472K)
[32.323s][info][gc,heap        ] GC(185) Tenured: 144343K(349568K)->144343K(349568K)
[32.323s][info][gc,metaspace   ] GC(185) Metaspace: 59545K(60416K)->59545K(60416K) NonClass: 51993K(52480K)->51993K(52480K) Class: 7552K(7936K)->7552K(7936K)
[32.323s][info][gc             ] GC(185) Pause Young (Allocation Failure) 285M->149M(494M) 10.119ms
[32.323s][info][gc,cpu         ] GC(185) User=0.00s Sys=0.00s Real=0.00s
[32.373s][info][gc,start       ] GC(186) Pause Young (Allocation Failure)
[32.391s][info][gc,heap        ] GC(186) DefNew: 148209K(157248K)->8433K(157248K) Eden: 139776K(139776K)->0K(139776K) From: 8433K(17472K)->8433K(17472K)
[32.391s][info][gc,heap        ] GC(186) Tenured: 144343K(349568K)->144343K(349568K)
[32.391s][info][gc,metaspace   ] GC(186) Metaspace: 59545K(60416K)->59545K(60416K) NonClass: 51993K(52480K)->51993K(52480K) Class: 7552K(7936K)->7552K(7936K)
[32.391s][info][gc             ] GC(186) Pause Young (Allocation Failure) 285M->149M(494M) 17.828ms
[32.391s][info][gc,cpu         ] GC(186) User=0.02s Sys=0.00s Real=0.01s
[32.450s][info][gc,start       ] GC(187) Pause Young (Allocation Failure)
[32.462s][info][gc,heap        ] GC(187) DefNew: 148209K(157248K)->8445K(157248K) Eden: 139776K(139776K)->0K(139776K) From: 8433K(17472K)->8445K(17472K)
[32.462s][info][gc,heap        ] GC(187) Tenured: 144343K(349568K)->144343K(349568K)
[32.462s][info][gc,metaspace   ] GC(187) Metaspace: 59550K(60416K)->59550K(60416K) NonClass: 51998K(52480K)->51998K(52480K) Class: 7552K(7936K)->7552K(7936K)
[32.462s][info][gc             ] GC(187) Pause Young (Allocation Failure) 285M->149M(494M) 12.317ms
[32.462s][info][gc,cpu         ] GC(187) User=0.03s Sys=0.00s Real=0.02s
[32.550s][info][gc,start       ] GC(188) Pause Young (Allocation Failure)
[32.570s][info][gc,heap        ] GC(188) DefNew: 148221K(157248K)->8445K(157248K) Eden: 139776K(139776K)->0K(139776K) From: 8445K(17472K)->8445K(17472K)
[32.570s][info][gc,heap        ] GC(188) Tenured: 144343K(349568K)->144343K(349568K)
[32.570s][info][gc,metaspace   ] GC(188) Metaspace: 59550K(60416K)->59550K(60416K) NonClass: 51998K(52480K)->51998K(52480K) Class: 7552K(7936K)->7552K(7936K)
[32.570s][info][gc             ] GC(188) Pause Young (Allocation Failure) 285M->149M(494M) 19.644ms
[32.570s][info][gc,cpu         ] GC(188) User=0.03s Sys=0.00s Real=0.03s
[32.660s][info][gc,start       ] GC(189) Pause Young (Allocation Failure)
[32.680s][info][gc,heap        ] GC(189) DefNew: 148221K(157248K)->8445K(157248K) Eden: 139776K(139776K)->0K(139776K) From: 8445K(17472K)->8445K(17472K)
[32.680s][info][gc,heap        ] GC(189) Tenured: 144343K(349568K)->144343K(349568K)
[32.680s][info][gc,metaspace   ] GC(189) Metaspace: 59550K(60416K)->59550K(60416K) NonClass: 51998K(52480K)->51998K(52480K) Class: 7552K(7936K)->7552K(7936K)
[32.680s][info][gc             ] GC(189) Pause Young (Allocation Failure) 285M->149M(494M) 19.894ms
[32.680s][info][gc,cpu         ] GC(189) User=0.03s Sys=0.00s Real=0.03s
[32.770s][info][gc,start       ] GC(190) Pause Young (Allocation Failure)
[32.790s][info][gc,heap        ] GC(190) DefNew: 148221K(157248K)->8445K(157248K) Eden: 139776K(139776K)->0K(139776K) From: 8445K(17472K)->8445K(17472K)
[32.790s][info][gc,heap        ] GC(190) Tenured: 144343K(349568K)->144343K(349568K)
[32.790s][info][gc,metaspace   ] GC(190) Metaspace: 59550K(60416K)->59550K(60416K) NonClass: 51998K(52480K)->51998K(52480K) Class: 7552K(7936K)->7552K(7936K)
[32.790s][info][gc             ] GC(190) Pause Young (Allocation Failure) 285M->149M(494M) 19.883ms
[32.790s][info][gc,cpu         ] GC(190) User=0.03s Sys=0.00s Real=0.03s
[32.896s][info][gc,start       ] GC(191) Pause Young (Allocation Failure)
[32.914s][info][gc,heap        ] GC(191) DefNew: 148221K(157248K)->8445K(157248K) Eden: 139776K(139776K)->0K(139776K) From: 8445K(17472K)->8445K(17472K)
[32.914s][info][gc,heap        ] GC(191) Tenured: 144343K(349568K)->144343K(349568K)
[32.914s][info][gc,metaspace   ] GC(191) Metaspace: 59550K(60416K)->59550K(60416K) NonClass: 51998K(52480K)->51998K(52480K) Class: 7552K(7936K)->7552K(7936K)
[32.914s][info][gc             ] GC(191) Pause Young (Allocation Failure) 285M->149M(494M) 17.821ms
[32.914s][info][gc,cpu         ] GC(191) User=0.02s Sys=0.00s Real=0.01s
[33.009s][info][gc,start       ] GC(192) Pause Young (Allocation Failure)
[33.029s][info][gc,heap        ] GC(192) DefNew: 148221K(157248K)->8445K(157248K) Eden: 139776K(139776K)->0K(139776K) From: 8445K(17472K)->8445K(17472K)
[33.029s][info][gc,heap        ] GC(192) Tenured: 144343K(349568K)->144343K(349568K)
[33.029s][info][gc,metaspace   ] GC(192) Metaspace: 59550K(60416K)->59550K(60416K) NonClass: 51998K(52480K)->51998K(52480K) Class: 7552K(7936K)->7552K(7936K)
[33.029s][info][gc             ] GC(192) Pause Young (Allocation Failure) 285M->149M(494M) 20.102ms
[33.029s][info][gc,cpu         ] GC(192) User=0.02s Sys=0.00s Real=0.02s
[33.118s][info][gc,start       ] GC(193) Pause Young (Allocation Failure)
[33.137s][info][gc,heap        ] GC(193) DefNew: 148221K(157248K)->8445K(157248K) Eden: 139776K(139776K)->0K(139776K) From: 8445K(17472K)->8445K(17472K)
[33.137s][info][gc,heap        ] GC(193) Tenured: 144343K(349568K)->144343K(349568K)
[33.137s][info][gc,metaspace   ] GC(193) Metaspace: 59550K(60416K)->59550K(60416K) NonClass: 51998K(52480K)->51998K(52480K) Class: 7552K(7936K)->7552K(7936K)
[33.137s][info][gc             ] GC(193) Pause Young (Allocation Failure) 285M->149M(494M) 19.279ms
[33.137s][info][gc,cpu         ] GC(193) User=0.02s Sys=0.00s Real=0.02s
[33.223s][info][gc,start       ] GC(194) Pause Young (Allocation Failure)
[33.243s][info][gc,heap        ] GC(194) DefNew: 148221K(157248K)->8445K(157248K) Eden: 139776K(139776K)->0K(139776K) From: 8445K(17472K)->8445K(17472K)
[33.243s][info][gc,heap        ] GC(194) Tenured: 144343K(349568K)->144343K(349568K)
[33.243s][info][gc,metaspace   ] GC(194) Metaspace: 59550K(60416K)->59550K(60416K) NonClass: 51998K(52480K)->51998K(52480K) Class: 7552K(7936K)->7552K(7936K)
[33.243s][info][gc             ] GC(194) Pause Young (Allocation Failure) 285M->149M(494M) 19.576ms
[33.243s][info][gc,cpu         ] GC(194) User=0.02s Sys=0.00s Real=0.02s
[33.344s][info][gc,start       ] GC(195) Pause Full (System.gc())
[33.345s][info][gc,phases,start] GC(195) Phase 1: Mark live objects
[33.419s][info][gc,phases      ] GC(195) Phase 1: Mark live objects 74.658ms
[33.419s][info][gc,phases,start] GC(195) Phase 2: Compute new object addresses
[33.466s][info][gc,phases      ] GC(195) Phase 2: Compute new object addresses 46.415ms
[33.466s][info][gc,phases,start] GC(195) Phase 3: Adjust pointers
[33.506s][info][gc,phases      ] GC(195) Phase 3: Adjust pointers 40.468ms
[33.506s][info][gc,phases,start] GC(195) Phase 4: Move objects
[33.506s][info][gc,phases      ] GC(195) Phase 4: Move objects 0.029ms
[33.507s][info][gc,heap        ] GC(195) DefNew: 28702K(157248K)->0K(157248K) Eden: 20256K(139776K)->0K(139776K) From: 8445K(17472K)->0K(17472K)
[33.507s][info][gc,heap        ] GC(195) Tenured: 144343K(349568K)->110532K(349568K)
[33.507s][info][gc,metaspace   ] GC(195) Metaspace: 59570K(60416K)->59570K(60416K) NonClass: 52018K(52480K)->52018K(52480K) Class: 7552K(7936K)->7552K(7936K)
[33.507s][info][gc             ] GC(195) Pause Full (System.gc()) 168M->107M(494M) 162.486ms
[33.507s][info][gc,cpu         ] GC(195) User=0.16s Sys=0.00s Real=0.16s
[33.637s][info][gc,start       ] GC(196) Pause Young (Allocation Failure)
[33.653s][info][gc,heap        ] GC(196) DefNew: 139776K(157248K)->3145K(157248K) Eden: 139776K(139776K)->0K(139776K) From: 0K(17472K)->3145K(17472K)
[33.653s][info][gc,heap        ] GC(196) Tenured: 110532K(349568K)->110532K(349568K)
[33.653s][info][gc,metaspace   ] GC(196) Metaspace: 59631K(60480K)->59631K(60480K) NonClass: 52078K(52544K)->52078K(52544K) Class: 7553K(7936K)->7553K(7936K)
[33.653s][info][gc             ] GC(196) Pause Young (Allocation Failure) 244M->111M(494M) 16.053ms
[33.653s][info][gc,cpu         ] GC(196) User=0.02s Sys=0.00s Real=0.02s
[33.699s][info][gc,start       ] GC(197) Pause Young (Allocation Failure)
[33.727s][info][gc,heap        ] GC(197) DefNew: 142921K(157248K)->8266K(157248K) Eden: 139776K(139776K)->0K(139776K) From: 3145K(17472K)->8266K(17472K)
[33.727s][info][gc,heap        ] GC(197) Tenured: 110532K(349568K)->110532K(349568K)
[33.727s][info][gc,metaspace   ] GC(197) Metaspace: 59638K(60544K)->59638K(60544K) NonClass: 52084K(52608K)->52084K(52608K) Class: 7553K(7936K)->7553K(7936K)
[33.727s][info][gc             ] GC(197) Pause Young (Allocation Failure) 247M->116M(494M) 27.515ms
[33.727s][info][gc,cpu         ] GC(197) User=0.03s Sys=0.00s Real=0.03s
[33.785s][info][gc,start       ] GC(198) Pause Young (Allocation Failure)
[33.824s][info][gc,heap        ] GC(198) DefNew: 148042K(157248K)->14879K(157248K) Eden: 139776K(139776K)->0K(139776K) From: 8266K(17472K)->14879K(17472K)
[33.824s][info][gc,heap        ] GC(198) Tenured: 110532K(349568K)->110532K(349568K)
[33.824s][info][gc,metaspace   ] GC(198) Metaspace: 59638K(60544K)->59638K(60544K) NonClass: 52084K(52608K)->52084K(52608K) Class: 7553K(7936K)->7553K(7936K)
[33.824s][info][gc             ] GC(198) Pause Young (Allocation Failure) 252M->122M(494M) 38.462ms
[33.824s][info][gc,cpu         ] GC(198) User=0.03s Sys=0.00s Real=0.03s
[33.880s][info][gc,start       ] GC(199) Pause Young (Allocation Failure)
[33.920s][info][gc,heap        ] GC(199) DefNew: 154655K(157248K)->12748K(157248K) Eden: 139776K(139776K)->0K(139776K) From: 14879K(17472K)->12748K(17472K)
[33.920s][info][gc,heap        ] GC(199) Tenured: 110532K(349568K)->118287K(349568K)
[33.920s][info][gc,metaspace   ] GC(199) Metaspace: 59638K(60544K)->59638K(60544K) NonClass: 52084K(52608K)->52084K(52608K) Class: 7553K(7936K)->7553K(7936K)
[33.921s][info][gc             ] GC(199) Pause Young (Allocation Failure) 258M->127M(494M) 40.568ms
[33.921s][info][gc,cpu         ] GC(199) User=0.03s Sys=0.00s Real=0.03s
[33.974s][info][gc,start       ] GC(200) Pause Young (Allocation Failure)
[34.016s][info][gc,heap        ] GC(200) DefNew: 151028K(157248K)->11132K(157248K) Eden: 138279K(139776K)->0K(139776K) From: 12748K(17472K)->11132K(17472K)
[34.016s][info][gc,heap        ] GC(200) Tenured: 118287K(349568K)->125412K(349568K)
[34.016s][info][gc,metaspace   ] GC(200) Metaspace: 59638K(60544K)->59638K(60544K) NonClass: 52084K(52608K)->52084K(52608K) Class: 7553K(7936K)->7553K(7936K)
[34.016s][info][gc             ] GC(200) Pause Young (Allocation Failure) 263M->133M(494M) 42.527ms
[34.016s][info][gc,cpu         ] GC(200) User=0.03s Sys=0.00s Real=0.03s
[34.074s][info][gc,start       ] GC(201) Pause Young (Allocation Failure)
[34.114s][info][gc,heap        ] GC(201) DefNew: 150908K(157248K)->12666K(157248K) Eden: 139776K(139776K)->0K(139776K) From: 11132K(17472K)->12666K(17472K)
[34.114s][info][gc,heap        ] GC(201) Tenured: 125412K(349568K)->131035K(349568K)
[34.114s][info][gc,metaspace   ] GC(201) Metaspace: 59638K(60544K)->59638K(60544K) NonClass: 52084K(52608K)->52084K(52608K) Class: 7553K(7936K)->7553K(7936K)
[34.114s][info][gc             ] GC(201) Pause Young (Allocation Failure) 269M->140M(494M) 39.681ms
[34.114s][info][gc,cpu         ] GC(201) User=0.05s Sys=0.00s Real=0.05s
[34.169s][info][gc,start       ] GC(202) Pause Young (Allocation Failure)
[34.208s][info][gc,heap        ] GC(202) DefNew: 152442K(157248K)->12774K(157248K) Eden: 139776K(139776K)->0K(139776K) From: 12666K(17472K)->12774K(17472K)
[34.208s][info][gc,heap        ] GC(202) Tenured: 131035K(349568K)->136543K(349568K)
[34.208s][info][gc,metaspace   ] GC(202) Metaspace: 59638K(60544K)->59638K(60544K) NonClass: 52084K(52608K)->52084K(52608K) Class: 7553K(7936K)->7553K(7936K)
[34.208s][info][gc             ] GC(202) Pause Young (Allocation Failure) 276M->145M(494M) 39.086ms
[34.208s][info][gc,cpu         ] GC(202) User=0.05s Sys=0.00s Real=0.05s
[34.266s][info][gc,start       ] GC(203) Pause Young (Allocation Failure)
[34.307s][info][gc,heap        ] GC(203) DefNew: 152550K(157248K)->10545K(157248K) Eden: 139776K(139776K)->0K(139776K) From: 12774K(17472K)->10545K(17472K)
[34.307s][info][gc,heap        ] GC(203) Tenured: 136543K(349568K)->143700K(349568K)
[34.307s][info][gc,metaspace   ] GC(203) Metaspace: 59642K(60544K)->59642K(60544K) NonClass: 52088K(52608K)->52088K(52608K) Class: 7553K(7936K)->7553K(7936K)
[34.307s][info][gc             ] GC(203) Pause Young (Allocation Failure) 282M->150M(494M) 41.124ms
[34.307s][info][gc,cpu         ] GC(203) User=0.05s Sys=0.00s Real=0.04s
[34.369s][info][gc,start       ] GC(204) Pause Young (Allocation Failure)
[34.392s][info][gc,heap        ] GC(204) DefNew: 150321K(157248K)->4928K(157248K) Eden: 139776K(139776K)->0K(139776K) From: 10545K(17472K)->4928K(17472K)
[34.392s][info][gc,heap        ] GC(204) Tenured: 143700K(349568K)->149317K(349568K)
[34.392s][info][gc,metaspace   ] GC(204) Metaspace: 59642K(60544K)->59642K(60544K) NonClass: 52088K(52608K)->52088K(52608K) Class: 7553K(7936K)->7553K(7936K)
[34.392s][info][gc             ] GC(204) Pause Young (Allocation Failure) 287M->150M(494M) 23.381ms
[34.392s][info][gc,cpu         ] GC(204) User=0.03s Sys=0.00s Real=0.03s
[34.446s][info][gc,start       ] GC(205) Pause Young (Allocation Failure)
[34.459s][info][gc,heap        ] GC(205) DefNew: 144704K(157248K)->4928K(157248K) Eden: 139776K(139776K)->0K(139776K) From: 4928K(17472K)->4928K(17472K)
[34.459s][info][gc,heap        ] GC(205) Tenured: 149317K(349568K)->149317K(349568K)
[34.459s][info][gc,metaspace   ] GC(205) Metaspace: 59642K(60544K)->59642K(60544K) NonClass: 52088K(52608K)->52088K(52608K) Class: 7553K(7936K)->7553K(7936K)
[34.459s][info][gc             ] GC(205) Pause Young (Allocation Failure) 287M->150M(494M) 13.088ms
[34.459s][info][gc,cpu         ] GC(205) User=0.02s Sys=0.00s Real=0.02s
[34.508s][info][gc,start       ] GC(206) Pause Young (Allocation Failure)
[34.522s][info][gc,heap        ] GC(206) DefNew: 144704K(157248K)->4943K(157248K) Eden: 139776K(139776K)->0K(139776K) From: 4928K(17472K)->4943K(17472K)
[34.522s][info][gc,heap        ] GC(206) Tenured: 149317K(349568K)->149317K(349568K)
[34.522s][info][gc,metaspace   ] GC(206) Metaspace: 59642K(60544K)->59642K(60544K) NonClass: 52088K(52608K)->52088K(52608K) Class: 7553K(7936K)->7553K(7936K)
[34.523s][info][gc             ] GC(206) Pause Young (Allocation Failure) 287M->150M(494M) 14.137ms
[34.523s][info][gc,cpu         ] GC(206) User=0.02s Sys=0.00s Real=0.02s
[34.572s][info][gc,start       ] GC(207) Pause Young (Allocation Failure)
[34.585s][info][gc,heap        ] GC(207) DefNew: 144719K(157248K)->4943K(157248K) Eden: 139776K(139776K)->0K(139776K) From: 4943K(17472K)->4943K(17472K)
[34.585s][info][gc,heap        ] GC(207) Tenured: 149317K(349568K)->149317K(349568K)
[34.585s][info][gc,metaspace   ] GC(207) Metaspace: 59642K(60544K)->59642K(60544K) NonClass: 52088K(52608K)->52088K(52608K) Class: 7553K(7936K)->7553K(7936K)
[34.586s][info][gc             ] GC(207) Pause Young (Allocation Failure) 287M->150M(494M) 13.884ms
[34.586s][info][gc,cpu         ] GC(207) User=0.02s Sys=0.00s Real=0.02s
[34.631s][info][gc,start       ] GC(208) Pause Young (Allocation Failure)
[34.645s][info][gc,heap        ] GC(208) DefNew: 144719K(157248K)->4943K(157248K) Eden: 139776K(139776K)->0K(139776K) From: 4943K(17472K)->4943K(17472K)
[34.645s][info][gc,heap        ] GC(208) Tenured: 149317K(349568K)->149317K(349568K)
[34.645s][info][gc,metaspace   ] GC(208) Metaspace: 59642K(60544K)->59642K(60544K) NonClass: 52088K(52608K)->52088K(52608K) Class: 7553K(7936K)->7553K(7936K)
[34.645s][info][gc             ] GC(208) Pause Young (Allocation Failure) 287M->150M(494M) 13.994ms
[34.645s][info][gc,cpu         ] GC(208) User=0.02s Sys=0.00s Real=0.02s
[34.690s][info][gc,start       ] GC(209) Pause Young (Allocation Failure)
[34.703s][info][gc,heap        ] GC(209) DefNew: 144719K(157248K)->4943K(157248K) Eden: 139776K(139776K)->0K(139776K) From: 4943K(17472K)->4943K(17472K)
[34.703s][info][gc,heap        ] GC(209) Tenured: 149317K(349568K)->149317K(349568K)
[34.703s][info][gc,metaspace   ] GC(209) Metaspace: 59642K(60544K)->59642K(60544K) NonClass: 52088K(52608K)->52088K(52608K) Class: 7553K(7936K)->7553K(7936K)
[34.704s][info][gc             ] GC(209) Pause Young (Allocation Failure) 287M->150M(494M) 13.866ms
[34.704s][info][gc,cpu         ] GC(209) User=0.02s Sys=0.00s Real=0.02s
[34.767s][info][gc,start       ] GC(210) Pause Young (Allocation Failure)
[34.780s][info][gc,heap        ] GC(210) DefNew: 144719K(157248K)->4947K(157248K) Eden: 139776K(139776K)->0K(139776K) From: 4943K(17472K)->4947K(17472K)
[34.780s][info][gc,heap        ] GC(210) Tenured: 149317K(349568K)->149317K(349568K)
[34.780s][info][gc,metaspace   ] GC(210) Metaspace: 59643K(60544K)->59643K(60544K) NonClass: 52089K(52608K)->52089K(52608K) Class: 7553K(7936K)->7553K(7936K)
[34.780s][info][gc             ] GC(210) Pause Young (Allocation Failure) 287M->150M(494M) 12.738ms
[34.780s][info][gc,cpu         ] GC(210) User=0.02s Sys=0.00s Real=0.02s
[34.890s][info][gc,start       ] GC(211) Pause Young (Allocation Failure)
[34.897s][info][gc,heap        ] GC(211) DefNew: 144723K(157248K)->4947K(157248K) Eden: 139776K(139776K)->0K(139776K) From: 4947K(17472K)->4947K(17472K)
[34.897s][info][gc,heap        ] GC(211) Tenured: 149317K(349568K)->149317K(349568K)
[34.897s][info][gc,metaspace   ] GC(211) Metaspace: 59643K(60544K)->59643K(60544K) NonClass: 52089K(52608K)->52089K(52608K) Class: 7553K(7936K)->7553K(7936K)
[34.897s][info][gc             ] GC(211) Pause Young (Allocation Failure) 287M->150M(494M) 7.069ms
[34.897s][info][gc,cpu         ] GC(211) User=0.02s Sys=0.00s Real=0.02s
[34.988s][info][gc,start       ] GC(212) Pause Young (Allocation Failure)
[35.002s][info][gc,heap        ] GC(212) DefNew: 144723K(157248K)->4947K(157248K) Eden: 139776K(139776K)->0K(139776K) From: 4947K(17472K)->4947K(17472K)
[35.002s][info][gc,heap        ] GC(212) Tenured: 149317K(349568K)->149317K(349568K)
[35.002s][info][gc,metaspace   ] GC(212) Metaspace: 59643K(60544K)->59643K(60544K) NonClass: 52089K(52608K)->52089K(52608K) Class: 7553K(7936K)->7553K(7936K)
[35.002s][info][gc             ] GC(212) Pause Young (Allocation Failure) 287M->150M(494M) 13.322ms
[35.002s][info][gc,cpu         ] GC(212) User=0.00s Sys=0.00s Real=0.00s
[35.089s][info][gc,start       ] GC(213) Pause Young (Allocation Failure)
[35.102s][info][gc,heap        ] GC(213) DefNew: 144723K(157248K)->4947K(157248K) Eden: 139776K(139776K)->0K(139776K) From: 4947K(17472K)->4947K(17472K)
[35.102s][info][gc,heap        ] GC(213) Tenured: 149317K(349568K)->149317K(349568K)
[35.102s][info][gc,metaspace   ] GC(213) Metaspace: 59643K(60544K)->59643K(60544K) NonClass: 52089K(52608K)->52089K(52608K) Class: 7553K(7936K)->7553K(7936K)
[35.102s][info][gc             ] GC(213) Pause Young (Allocation Failure) 287M->150M(494M) 13.247ms
[35.102s][info][gc,cpu         ] GC(213) User=0.02s Sys=0.00s Real=0.02s
[35.190s][info][gc,start       ] GC(214) Pause Young (Allocation Failure)
[35.203s][info][gc,heap        ] GC(214) DefNew: 144723K(157248K)->4947K(157248K) Eden: 139776K(139776K)->0K(139776K) From: 4947K(17472K)->4947K(17472K)
[35.203s][info][gc,heap        ] GC(214) Tenured: 149317K(349568K)->149317K(349568K)
[35.203s][info][gc,metaspace   ] GC(214) Metaspace: 59643K(60544K)->59643K(60544K) NonClass: 52089K(52608K)->52089K(52608K) Class: 7553K(7936K)->7553K(7936K)
[35.203s][info][gc             ] GC(214) Pause Young (Allocation Failure) 287M->150M(494M) 13.536ms
[35.203s][info][gc,cpu         ] GC(214) User=0.02s Sys=0.00s Real=0.02s
[35.290s][info][gc,start       ] GC(215) Pause Young (Allocation Failure)
[35.304s][info][gc,heap        ] GC(215) DefNew: 144723K(157248K)->4947K(157248K) Eden: 139776K(139776K)->0K(139776K) From: 4947K(17472K)->4947K(17472K)
[35.304s][info][gc,heap        ] GC(215) Tenured: 149317K(349568K)->149317K(349568K)
[35.304s][info][gc,metaspace   ] GC(215) Metaspace: 59643K(60544K)->59643K(60544K) NonClass: 52089K(52608K)->52089K(52608K) Class: 7553K(7936K)->7553K(7936K)
[35.304s][info][gc             ] GC(215) Pause Young (Allocation Failure) 287M->150M(494M) 13.503ms
[35.304s][info][gc,cpu         ] GC(215) User=0.02s Sys=0.00s Real=0.02s
[35.409s][info][gc,start       ] GC(216) Pause Young (Allocation Failure)
[35.422s][info][gc,heap        ] GC(216) DefNew: 144723K(157248K)->4947K(157248K) Eden: 139776K(139776K)->0K(139776K) From: 4947K(17472K)->4947K(17472K)
[35.422s][info][gc,heap        ] GC(216) Tenured: 149317K(349568K)->149317K(349568K)
[35.422s][info][gc,metaspace   ] GC(216) Metaspace: 59643K(60544K)->59643K(60544K) NonClass: 52089K(52608K)->52089K(52608K) Class: 7553K(7936K)->7553K(7936K)
[35.422s][info][gc             ] GC(216) Pause Young (Allocation Failure) 287M->150M(494M) 13.206ms
[35.422s][info][gc,cpu         ] GC(216) User=0.02s Sys=0.00s Real=0.02s
[35.465s][info][gc,start       ] GC(217) Pause Full (System.gc())
[35.465s][info][gc,phases,start] GC(217) Phase 1: Mark live objects
[35.536s][info][gc,phases      ] GC(217) Phase 1: Mark live objects 71.122ms
[35.536s][info][gc,phases,start] GC(217) Phase 2: Compute new object addresses
[35.584s][info][gc,phases      ] GC(217) Phase 2: Compute new object addresses 47.780ms
[35.584s][info][gc,phases,start] GC(217) Phase 3: Adjust pointers
[35.627s][info][gc,phases      ] GC(217) Phase 3: Adjust pointers 42.926ms
[35.627s][info][gc,phases,start] GC(217) Phase 4: Move objects
[35.651s][info][gc,phases      ] GC(217) Phase 4: Move objects 24.259ms
[35.652s][info][gc,heap        ] GC(217) DefNew: 24962K(157248K)->0K(157248K) Eden: 20014K(139776K)->0K(139776K) From: 4947K(17472K)->0K(17472K)
[35.652s][info][gc,heap        ] GC(217) Tenured: 149317K(349568K)->101398K(349568K)
[35.652s][info][gc,metaspace   ] GC(217) Metaspace: 59661K(60544K)->59661K(60544K) NonClass: 52107K(52608K)->52107K(52608K) Class: 7553K(7936K)->7553K(7936K)
[35.652s][info][gc             ] GC(217) Pause Full (System.gc()) 170M->99M(494M) 187.027ms
[35.652s][info][gc,cpu         ] GC(217) User=0.20s Sys=0.00s Real=0.19s
[35.778s][info][gc,start       ] GC(218) Pause Young (Allocation Failure)
[35.793s][info][gc,heap        ] GC(218) DefNew: 139776K(157248K)->2811K(157248K) Eden: 139776K(139776K)->0K(139776K) From: 0K(17472K)->2811K(17472K)
[35.793s][info][gc,heap        ] GC(218) Tenured: 101398K(349568K)->101398K(349568K)
[35.793s][info][gc,metaspace   ] GC(218) Metaspace: 59703K(60544K)->59703K(60544K) NonClass: 52148K(52608K)->52148K(52608K) Class: 7555K(7936K)->7555K(7936K)
[35.793s][info][gc             ] GC(218) Pause Young (Allocation Failure) 235M->101M(494M) 14.246ms
[35.793s][info][gc,cpu         ] GC(218) User=0.02s Sys=0.00s Real=0.02s
[35.839s][info][gc,start       ] GC(219) Pause Young (Allocation Failure)
[35.866s][info][gc,heap        ] GC(219) DefNew: 142587K(157248K)->8000K(157248K) Eden: 139776K(139776K)->0K(139776K) From: 2811K(17472K)->8000K(17472K)
[35.866s][info][gc,heap        ] GC(219) Tenured: 101398K(349568K)->101398K(349568K)
[35.866s][info][gc,metaspace   ] GC(219) Metaspace: 59703K(60544K)->59703K(60544K) NonClass: 52148K(52608K)->52148K(52608K) Class: 7555K(7936K)->7555K(7936K)
[35.866s][info][gc             ] GC(219) Pause Young (Allocation Failure) 238M->106M(494M) 26.973ms
[35.866s][info][gc,cpu         ] GC(219) User=0.02s Sys=0.00s Real=0.02s
[35.926s][info][gc,start       ] GC(220) Pause Young (Allocation Failure)
[35.960s][info][gc,heap        ] GC(220) DefNew: 147776K(157248K)->12637K(157248K) Eden: 139776K(139776K)->0K(139776K) From: 8000K(17472K)->12637K(17472K)
[35.960s][info][gc,heap        ] GC(220) Tenured: 101398K(349568K)->101398K(349568K)
[35.960s][info][gc,metaspace   ] GC(220) Metaspace: 59703K(60544K)->59703K(60544K) NonClass: 52148K(52608K)->52148K(52608K) Class: 7555K(7936K)->7555K(7936K)
[35.960s][info][gc             ] GC(220) Pause Young (Allocation Failure) 243M->111M(494M) 34.023ms
[35.960s][info][gc,cpu         ] GC(220) User=0.03s Sys=0.00s Real=0.03s
[36.015s][info][gc,start       ] GC(221) Pause Young (Allocation Failure)
[36.056s][info][gc,heap        ] GC(221) DefNew: 152413K(157248K)->10848K(157248K) Eden: 139776K(139776K)->0K(139776K) From: 12637K(17472K)->10848K(17472K)
[36.056s][info][gc,heap        ] GC(221) Tenured: 101398K(349568K)->108886K(349568K)
[36.056s][info][gc,metaspace   ] GC(221) Metaspace: 59706K(60608K)->59706K(60608K) NonClass: 52151K(52672K)->52151K(52672K) Class: 7555K(7936K)->7555K(7936K)
[36.056s][info][gc             ] GC(221) Pause Young (Allocation Failure) 247M->116M(494M) 41.077ms
[36.056s][info][gc,cpu         ] GC(221) User=0.06s Sys=0.00s Real=0.03s
[36.113s][info][gc,start       ] GC(222) Pause Young (Allocation Failure)
[36.149s][info][gc,heap        ] GC(222) DefNew: 150624K(157248K)->11899K(157248K) Eden: 139776K(139776K)->0K(139776K) From: 10848K(17472K)->11899K(17472K)
[36.149s][info][gc,heap        ] GC(222) Tenured: 108886K(349568K)->113523K(349568K)
[36.149s][info][gc,metaspace   ] GC(222) Metaspace: 59706K(60608K)->59706K(60608K) NonClass: 52151K(52672K)->52151K(52672K) Class: 7555K(7936K)->7555K(7936K)
[36.149s][info][gc             ] GC(222) Pause Young (Allocation Failure) 253M->122M(494M) 36.847ms
[36.149s][info][gc,cpu         ] GC(222) User=0.03s Sys=0.00s Real=0.03s
[36.204s][info][gc,start       ] GC(223) Pause Young (Allocation Failure)
[36.244s][info][gc,heap        ] GC(223) DefNew: 151675K(157248K)->12936K(157248K) Eden: 139776K(139776K)->0K(139776K) From: 11899K(17472K)->12936K(17472K)
[36.244s][info][gc,heap        ] GC(223) Tenured: 113523K(349568K)->118710K(349568K)
[36.244s][info][gc,metaspace   ] GC(223) Metaspace: 59706K(60608K)->59706K(60608K) NonClass: 52151K(52672K)->52151K(52672K) Class: 7555K(7936K)->7555K(7936K)
[36.244s][info][gc             ] GC(223) Pause Young (Allocation Failure) 258M->128M(494M) 39.772ms
[36.244s][info][gc,cpu         ] GC(223) User=0.03s Sys=0.00s Real=0.04s
[36.298s][info][gc,start       ] GC(224) Pause Young (Allocation Failure)
[36.338s][info][gc,heap        ] GC(224) DefNew: 152712K(157248K)->12922K(157248K) Eden: 139776K(139776K)->0K(139776K) From: 12936K(17472K)->12922K(17472K)
[36.338s][info][gc,heap        ] GC(224) Tenured: 118710K(349568K)->124398K(349568K)
[36.338s][info][gc,metaspace   ] GC(224) Metaspace: 59706K(60608K)->59706K(60608K) NonClass: 52151K(52672K)->52151K(52672K) Class: 7555K(7936K)->7555K(7936K)
[36.338s][info][gc             ] GC(224) Pause Young (Allocation Failure) 265M->134M(494M) 40.156ms
[36.339s][info][gc,cpu         ] GC(224) User=0.05s Sys=0.00s Real=0.05s
[36.394s][info][gc,start       ] GC(225) Pause Young (Allocation Failure)
[36.437s][info][gc,heap        ] GC(225) DefNew: 152698K(157248K)->11349K(157248K) Eden: 139776K(139776K)->0K(139776K) From: 12922K(17472K)->11349K(17472K)
[36.437s][info][gc,heap        ] GC(225) Tenured: 124398K(349568K)->131646K(349568K)
[36.437s][info][gc,metaspace   ] GC(225) Metaspace: 59706K(60608K)->59706K(60608K) NonClass: 52151K(52672K)->52151K(52672K) Class: 7555K(7936K)->7555K(7936K)
[36.437s][info][gc             ] GC(225) Pause Young (Allocation Failure) 270M->139M(494M) 42.619ms
[36.437s][info][gc,cpu         ] GC(225) User=0.05s Sys=0.00s Real=0.05s
[36.499s][info][gc,start       ] GC(226) Pause Young (Allocation Failure)
[36.536s][info][gc,heap        ] GC(226) DefNew: 151125K(157248K)->6762K(157248K) Eden: 139776K(139776K)->0K(139776K) From: 11349K(17472K)->6762K(17472K)
[36.536s][info][gc,heap        ] GC(226) Tenured: 131646K(349568K)->137320K(349568K)
[36.536s][info][gc,metaspace   ] GC(226) Metaspace: 59710K(60608K)->59710K(60608K) NonClass: 52155K(52672K)->52155K(52672K) Class: 7555K(7936K)->7555K(7936K)
[36.537s][info][gc             ] GC(226) Pause Young (Allocation Failure) 276M->140M(494M) 37.759ms
[36.537s][info][gc,cpu         ] GC(226) User=0.03s Sys=0.00s Real=0.03s
[36.596s][info][gc,start       ] GC(227) Pause Young (Allocation Failure)
[36.612s][info][gc,heap        ] GC(227) DefNew: 146538K(157248K)->6762K(157248K) Eden: 139776K(139776K)->0K(139776K) From: 6762K(17472K)->6762K(17472K)
[36.612s][info][gc,heap        ] GC(227) Tenured: 137320K(349568K)->137320K(349568K)
[36.613s][info][gc,metaspace   ] GC(227) Metaspace: 59710K(60608K)->59710K(60608K) NonClass: 52155K(52672K)->52155K(52672K) Class: 7555K(7936K)->7555K(7936K)
[36.613s][info][gc             ] GC(227) Pause Young (Allocation Failure) 277M->140M(494M) 16.628ms
[36.613s][info][gc,cpu         ] GC(227) User=0.02s Sys=0.00s Real=0.02s
[36.662s][info][gc,start       ] GC(228) Pause Young (Allocation Failure)
[36.679s][info][gc,heap        ] GC(228) DefNew: 146538K(157248K)->6762K(157248K) Eden: 139776K(139776K)->0K(139776K) From: 6762K(17472K)->6762K(17472K)
[36.679s][info][gc,heap        ] GC(228) Tenured: 137320K(349568K)->137320K(349568K)
[36.679s][info][gc,metaspace   ] GC(228) Metaspace: 59710K(60608K)->59710K(60608K) NonClass: 52155K(52672K)->52155K(52672K) Class: 7555K(7936K)->7555K(7936K)
[36.679s][info][gc             ] GC(228) Pause Young (Allocation Failure) 277M->140M(494M) 16.805ms
[36.679s][info][gc,cpu         ] GC(228) User=0.03s Sys=0.00s Real=0.03s
[36.726s][info][gc,start       ] GC(229) Pause Young (Allocation Failure)
[36.742s][info][gc,heap        ] GC(229) DefNew: 146538K(157248K)->6762K(157248K) Eden: 139776K(139776K)->0K(139776K) From: 6762K(17472K)->6762K(17472K)
[36.742s][info][gc,heap        ] GC(229) Tenured: 137320K(349568K)->137320K(349568K)
[36.742s][info][gc,metaspace   ] GC(229) Metaspace: 59710K(60608K)->59710K(60608K) NonClass: 52155K(52672K)->52155K(52672K) Class: 7555K(7936K)->7555K(7936K)
[36.743s][info][gc             ] GC(229) Pause Young (Allocation Failure) 277M->140M(494M) 16.129ms
[36.743s][info][gc,cpu         ] GC(229) User=0.02s Sys=0.00s Real=0.02s
[36.798s][info][gc,start       ] GC(230) Pause Young (Allocation Failure)
[36.815s][info][gc,heap        ] GC(230) DefNew: 146538K(157248K)->6762K(157248K) Eden: 139776K(139776K)->0K(139776K) From: 6762K(17472K)->6762K(17472K)
[36.815s][info][gc,heap        ] GC(230) Tenured: 137320K(349568K)->137320K(349568K)
[36.815s][info][gc,metaspace   ] GC(230) Metaspace: 59710K(60608K)->59710K(60608K) NonClass: 52155K(52672K)->52155K(52672K) Class: 7555K(7936K)->7555K(7936K)
[36.815s][info][gc             ] GC(230) Pause Young (Allocation Failure) 277M->140M(494M) 16.958ms
[36.815s][info][gc,cpu         ] GC(230) User=0.02s Sys=0.00s Real=0.02s
[36.866s][info][gc,start       ] GC(231) Pause Young (Allocation Failure)
[36.881s][info][gc,heap        ] GC(231) DefNew: 146538K(157248K)->6762K(157248K) Eden: 139776K(139776K)->0K(139776K) From: 6762K(17472K)->6762K(17472K)
[36.881s][info][gc,heap        ] GC(231) Tenured: 137320K(349568K)->137320K(349568K)
[36.881s][info][gc,metaspace   ] GC(231) Metaspace: 59710K(60608K)->59710K(60608K) NonClass: 52155K(52672K)->52155K(52672K) Class: 7555K(7936K)->7555K(7936K)
[36.881s][info][gc             ] GC(231) Pause Young (Allocation Failure) 277M->140M(494M) 15.678ms
[36.881s][info][gc,cpu         ] GC(231) User=0.02s Sys=0.00s Real=0.01s
[36.961s][info][gc,start       ] GC(232) Pause Young (Allocation Failure)
[36.979s][info][gc,heap        ] GC(232) DefNew: 146538K(157248K)->6774K(157248K) Eden: 139776K(139776K)->0K(139776K) From: 6762K(17472K)->6774K(17472K)
[36.979s][info][gc,heap        ] GC(232) Tenured: 137320K(349568K)->137320K(349568K)
[36.979s][info][gc,metaspace   ] GC(232) Metaspace: 59712K(60608K)->59712K(60608K) NonClass: 52157K(52672K)->52157K(52672K) Class: 7555K(7936K)->7555K(7936K)
[36.979s][info][gc             ] GC(232) Pause Young (Allocation Failure) 277M->140M(494M) 17.637ms
[36.979s][info][gc,cpu         ] GC(232) User=0.03s Sys=0.00s Real=0.03s
[37.081s][info][gc,start       ] GC(233) Pause Young (Allocation Failure)
[37.099s][info][gc,heap        ] GC(233) DefNew: 146550K(157248K)->6774K(157248K) Eden: 139776K(139776K)->0K(139776K) From: 6774K(17472K)->6774K(17472K)
[37.099s][info][gc,heap        ] GC(233) Tenured: 137320K(349568K)->137320K(349568K)
[37.099s][info][gc,metaspace   ] GC(233) Metaspace: 59712K(60608K)->59712K(60608K) NonClass: 52157K(52672K)->52157K(52672K) Class: 7555K(7936K)->7555K(7936K)
[37.099s][info][gc             ] GC(233) Pause Young (Allocation Failure) 277M->140M(494M) 18.028ms
[37.099s][info][gc,cpu         ] GC(233) User=0.02s Sys=0.00s Real=0.02s
[37.195s][info][gc,start       ] GC(234) Pause Young (Allocation Failure)
[37.211s][info][gc,heap        ] GC(234) DefNew: 146550K(157248K)->6774K(157248K) Eden: 139776K(139776K)->0K(139776K) From: 6774K(17472K)->6774K(17472K)
[37.211s][info][gc,heap        ] GC(234) Tenured: 137320K(349568K)->137320K(349568K)
[37.212s][info][gc,metaspace   ] GC(234) Metaspace: 59712K(60608K)->59712K(60608K) NonClass: 52157K(52672K)->52157K(52672K) Class: 7555K(7936K)->7555K(7936K)
[37.212s][info][gc             ] GC(234) Pause Young (Allocation Failure) 277M->140M(494M) 16.958ms
[37.212s][info][gc,cpu         ] GC(234) User=0.02s Sys=0.00s Real=0.01s
[37.297s][info][gc,start       ] GC(235) Pause Young (Allocation Failure)
[37.313s][info][gc,heap        ] GC(235) DefNew: 146550K(157248K)->6774K(157248K) Eden: 139776K(139776K)->0K(139776K) From: 6774K(17472K)->6774K(17472K)
[37.313s][info][gc,heap        ] GC(235) Tenured: 137320K(349568K)->137320K(349568K)
[37.313s][info][gc,metaspace   ] GC(235) Metaspace: 59712K(60608K)->59712K(60608K) NonClass: 52157K(52672K)->52157K(52672K) Class: 7555K(7936K)->7555K(7936K)
[37.313s][info][gc             ] GC(235) Pause Young (Allocation Failure) 277M->140M(494M) 15.997ms
[37.313s][info][gc,cpu         ] GC(235) User=0.02s Sys=0.00s Real=0.02s
[37.400s][info][gc,start       ] GC(236) Pause Young (Allocation Failure)
[37.417s][info][gc,heap        ] GC(236) DefNew: 146550K(157248K)->6774K(157248K) Eden: 139776K(139776K)->0K(139776K) From: 6774K(17472K)->6774K(17472K)
[37.417s][info][gc,heap        ] GC(236) Tenured: 137320K(349568K)->137320K(349568K)
[37.417s][info][gc,metaspace   ] GC(236) Metaspace: 59712K(60608K)->59712K(60608K) NonClass: 52157K(52672K)->52157K(52672K) Class: 7555K(7936K)->7555K(7936K)
[37.417s][info][gc             ] GC(236) Pause Young (Allocation Failure) 277M->140M(494M) 16.588ms
[37.417s][info][gc,cpu         ] GC(236) User=0.02s Sys=0.00s Real=0.02s
[37.504s][info][gc,start       ] GC(237) Pause Young (Allocation Failure)
[37.521s][info][gc,heap        ] GC(237) DefNew: 146550K(157248K)->6774K(157248K) Eden: 139776K(139776K)->0K(139776K) From: 6774K(17472K)->6774K(17472K)
[37.521s][info][gc,heap        ] GC(237) Tenured: 137320K(349568K)->137320K(349568K)
[37.521s][info][gc,metaspace   ] GC(237) Metaspace: 59712K(60608K)->59712K(60608K) NonClass: 52157K(52672K)->52157K(52672K) Class: 7555K(7936K)->7555K(7936K)
[37.521s][info][gc             ] GC(237) Pause Young (Allocation Failure) 277M->140M(494M) 17.260ms
[37.521s][info][gc,cpu         ] GC(237) User=0.02s Sys=0.00s Real=0.02s
[37.608s][info][gc,start       ] GC(238) Pause Young (Allocation Failure)
[37.624s][info][gc,heap        ] GC(238) DefNew: 146550K(157248K)->6774K(157248K) Eden: 139776K(139776K)->0K(139776K) From: 6774K(17472K)->6774K(17472K)
[37.624s][info][gc,heap        ] GC(238) Tenured: 137320K(349568K)->137320K(349568K)
[37.624s][info][gc,metaspace   ] GC(238) Metaspace: 59712K(60608K)->59712K(60608K) NonClass: 52157K(52672K)->52157K(52672K) Class: 7555K(7936K)->7555K(7936K)
[37.625s][info][gc             ] GC(238) Pause Young (Allocation Failure) 277M->140M(494M) 16.110ms
[37.625s][info][gc,cpu         ] GC(238) User=0.02s Sys=0.00s Real=0.02s
[37.664s][info][gc,start       ] GC(239) Pause Full (System.gc())
[37.664s][info][gc,phases,start] GC(239) Phase 1: Mark live objects
[37.743s][info][gc,phases      ] GC(239) Phase 1: Mark live objects 79.021ms
[37.743s][info][gc,phases,start] GC(239) Phase 2: Compute new object addresses
[37.802s][info][gc,phases      ] GC(239) Phase 2: Compute new object addresses 58.535ms
[37.802s][info][gc,phases,start] GC(239) Phase 3: Adjust pointers
[37.843s][info][gc,phases      ] GC(239) Phase 3: Adjust pointers 40.987ms
[37.845s][info][gc,phases,start] GC(239) Phase 4: Move objects
[37.845s][info][gc,phases      ] GC(239) Phase 4: Move objects 0.117ms
[37.846s][info][gc,heap        ] GC(239) DefNew: 25192K(157248K)->0K(157248K) Eden: 18417K(139776K)->0K(139776K) From: 6774K(17472K)->0K(17472K)
[37.846s][info][gc,heap        ] GC(239) Tenured: 137320K(349568K)->101836K(349568K)
[37.846s][info][gc,metaspace   ] GC(239) Metaspace: 59728K(60608K)->59728K(60608K) NonClass: 52173K(52672K)->52173K(52672K) Class: 7555K(7936K)->7555K(7936K)
[37.846s][info][gc             ] GC(239) Pause Full (System.gc()) 158M->99M(494M) 182.061ms
[37.846s][info][gc,cpu         ] GC(239) User=0.17s Sys=0.00s Real=0.19s
[37.999s][info][gc,start       ] GC(240) Pause Young (Allocation Failure)
[38.013s][info][gc,heap        ] GC(240) DefNew: 139776K(157248K)->2788K(157248K) Eden: 139776K(139776K)->0K(139776K) From: 0K(17472K)->2788K(17472K)
[38.013s][info][gc,heap        ] GC(240) Tenured: 101836K(349568K)->101836K(349568K)
[38.013s][info][gc,metaspace   ] GC(240) Metaspace: 59770K(60608K)->59770K(60608K) NonClass: 52213K(52672K)->52213K(52672K) Class: 7557K(7936K)->7557K(7936K)
[38.013s][info][gc             ] GC(240) Pause Young (Allocation Failure) 235M->102M(494M) 14.603ms
[38.014s][info][gc,cpu         ] GC(240) User=0.02s Sys=0.00s Real=0.02s
[38.059s][info][gc,start       ] GC(241) Pause Young (Allocation Failure)
[38.086s][info][gc,heap        ] GC(241) DefNew: 142564K(157248K)->7972K(157248K) Eden: 139776K(139776K)->0K(139776K) From: 2788K(17472K)->7972K(17472K)
[38.086s][info][gc,heap        ] GC(241) Tenured: 101836K(349568K)->101836K(349568K)
[38.086s][info][gc,metaspace   ] GC(241) Metaspace: 59772K(60608K)->59772K(60608K) NonClass: 52215K(52672K)->52215K(52672K) Class: 7557K(7936K)->7557K(7936K)
[38.086s][info][gc             ] GC(241) Pause Young (Allocation Failure) 238M->107M(494M) 27.081ms
[38.086s][info][gc,cpu         ] GC(241) User=0.03s Sys=0.00s Real=0.03s
[38.137s][info][gc,start       ] GC(242) Pause Young (Allocation Failure)
[38.173s][info][gc,heap        ] GC(242) DefNew: 147748K(157248K)->13929K(157248K) Eden: 139776K(139776K)->0K(139776K) From: 7972K(17472K)->13929K(17472K)
[38.173s][info][gc,heap        ] GC(242) Tenured: 101836K(349568K)->101836K(349568K)
[38.173s][info][gc,metaspace   ] GC(242) Metaspace: 59772K(60608K)->59772K(60608K) NonClass: 52215K(52672K)->52215K(52672K) Class: 7557K(7936K)->7557K(7936K)
[38.173s][info][gc             ] GC(242) Pause Young (Allocation Failure) 243M->113M(494M) 36.671ms
[38.173s][info][gc,cpu         ] GC(242) User=0.03s Sys=0.00s Real=0.03s
[38.228s][info][gc,start       ] GC(243) Pause Young (Allocation Failure)
[38.269s][info][gc,heap        ] GC(243) DefNew: 153705K(157248K)->12062K(157248K) Eden: 139776K(139776K)->0K(139776K) From: 13929K(17472K)->12062K(17472K)
[38.269s][info][gc,heap        ] GC(243) Tenured: 101836K(349568K)->109296K(349568K)
[38.269s][info][gc,metaspace   ] GC(243) Metaspace: 59772K(60608K)->59772K(60608K) NonClass: 52215K(52672K)->52215K(52672K) Class: 7557K(7936K)->7557K(7936K)
[38.269s][info][gc             ] GC(243) Pause Young (Allocation Failure) 249M->118M(494M) 41.255ms
[38.269s][info][gc,cpu         ] GC(243) User=0.03s Sys=0.00s Real=0.03s
[38.324s][info][gc,start       ] GC(244) Pause Young (Allocation Failure)
[38.365s][info][gc,heap        ] GC(244) DefNew: 151838K(157248K)->11250K(157248K) Eden: 139776K(139776K)->0K(139776K) From: 12062K(17472K)->11250K(17472K)
[38.365s][info][gc,heap        ] GC(244) Tenured: 109296K(349568K)->115765K(349568K)
[38.365s][info][gc,metaspace   ] GC(244) Metaspace: 59772K(60608K)->59772K(60608K) NonClass: 52215K(52672K)->52215K(52672K) Class: 7557K(7936K)->7557K(7936K)
[38.365s][info][gc             ] GC(244) Pause Young (Allocation Failure) 255M->124M(494M) 41.116ms
[38.365s][info][gc,cpu         ] GC(244) User=0.03s Sys=0.00s Real=0.03s
[38.421s][info][gc,start       ] GC(245) Pause Young (Allocation Failure)
[38.461s][info][gc,heap        ] GC(245) DefNew: 151026K(157248K)->12867K(157248K) Eden: 139776K(139776K)->0K(139776K) From: 11250K(17472K)->12867K(17472K)
[38.461s][info][gc,heap        ] GC(245) Tenured: 115765K(349568K)->121358K(349568K)
[38.461s][info][gc,metaspace   ] GC(245) Metaspace: 59772K(60608K)->59772K(60608K) NonClass: 52215K(52672K)->52215K(52672K) Class: 7557K(7936K)->7557K(7936K)
[38.461s][info][gc             ] GC(245) Pause Young (Allocation Failure) 260M->131M(494M) 40.392ms
[38.461s][info][gc,cpu         ] GC(245) User=0.05s Sys=0.00s Real=0.05s
[38.516s][info][gc,start       ] GC(246) Pause Young (Allocation Failure)
[38.556s][info][gc,heap        ] GC(246) DefNew: 152643K(157248K)->12846K(157248K) Eden: 139776K(139776K)->0K(139776K) From: 12867K(17472K)->12846K(17472K)
[38.556s][info][gc,heap        ] GC(246) Tenured: 121358K(349568K)->127015K(349568K)
[38.556s][info][gc,metaspace   ] GC(246) Metaspace: 59772K(60608K)->59772K(60608K) NonClass: 52215K(52672K)->52215K(52672K) Class: 7557K(7936K)->7557K(7936K)
[38.556s][info][gc             ] GC(246) Pause Young (Allocation Failure) 267M->136M(494M) 40.560ms
[38.556s][info][gc,cpu         ] GC(246) User=0.03s Sys=0.00s Real=0.03s
[38.613s][info][gc,start       ] GC(247) Pause Young (Allocation Failure)
[38.655s][info][gc,heap        ] GC(247) DefNew: 152622K(157248K)->11307K(157248K) Eden: 139776K(139776K)->0K(139776K) From: 12846K(17472K)->11307K(17472K)
[38.655s][info][gc,heap        ] GC(247) Tenured: 127015K(349568K)->134224K(349568K)
[38.655s][info][gc,metaspace   ] GC(247) Metaspace: 59772K(60608K)->59772K(60608K) NonClass: 52215K(52672K)->52215K(52672K) Class: 7557K(7936K)->7557K(7936K)
[38.655s][info][gc             ] GC(247) Pause Young (Allocation Failure) 273M->142M(494M) 42.297ms
[38.655s][info][gc,cpu         ] GC(247) User=0.05s Sys=0.00s Real=0.05s
[38.713s][info][gc,start       ] GC(248) Pause Young (Allocation Failure)
[38.737s][info][gc,heap        ] GC(248) DefNew: 151083K(157248K)->5682K(157248K) Eden: 139776K(139776K)->0K(139776K) From: 11307K(17472K)->5682K(17472K)
[38.737s][info][gc,heap        ] GC(248) Tenured: 134224K(349568K)->139861K(349568K)
[38.737s][info][gc,metaspace   ] GC(248) Metaspace: 59798K(60608K)->59798K(60608K) NonClass: 52240K(52672K)->52240K(52672K) Class: 7557K(7936K)->7557K(7936K)
[38.737s][info][gc             ] GC(248) Pause Young (Allocation Failure) 278M->142M(494M) 23.655ms
[38.737s][info][gc,cpu         ] GC(248) User=0.03s Sys=0.00s Real=0.03s
[38.784s][info][gc,start       ] GC(249) Pause Young (Allocation Failure)
[38.798s][info][gc,heap        ] GC(249) DefNew: 145458K(157248K)->5682K(157248K) Eden: 139776K(139776K)->0K(139776K) From: 5682K(17472K)->5682K(17472K)
[38.799s][info][gc,heap        ] GC(249) Tenured: 139861K(349568K)->139861K(349568K)
[38.799s][info][gc,metaspace   ] GC(249) Metaspace: 59798K(60608K)->59798K(60608K) NonClass: 52240K(52672K)->52240K(52672K) Class: 7557K(7936K)->7557K(7936K)
[38.799s][info][gc             ] GC(249) Pause Young (Allocation Failure) 278M->142M(494M) 14.188ms
[38.799s][info][gc,cpu         ] GC(249) User=0.02s Sys=0.00s Real=0.02s
[38.845s][info][gc,start       ] GC(250) Pause Young (Allocation Failure)
[38.859s][info][gc,heap        ] GC(250) DefNew: 145458K(157248K)->5682K(157248K) Eden: 139776K(139776K)->0K(139776K) From: 5682K(17472K)->5682K(17472K)
[38.859s][info][gc,heap        ] GC(250) Tenured: 139861K(349568K)->139861K(349568K)
[38.859s][info][gc,metaspace   ] GC(250) Metaspace: 59798K(60608K)->59798K(60608K) NonClass: 52240K(52672K)->52240K(52672K) Class: 7557K(7936K)->7557K(7936K)
[38.859s][info][gc             ] GC(250) Pause Young (Allocation Failure) 278M->142M(494M) 14.256ms
[38.860s][info][gc,cpu         ] GC(250) User=0.02s Sys=0.00s Real=0.01s
[38.907s][info][gc,start       ] GC(251) Pause Young (Allocation Failure)
[38.920s][info][gc,heap        ] GC(251) DefNew: 145458K(157248K)->5682K(157248K) Eden: 139776K(139776K)->0K(139776K) From: 5682K(17472K)->5682K(17472K)
[38.920s][info][gc,heap        ] GC(251) Tenured: 139861K(349568K)->139861K(349568K)
[38.920s][info][gc,metaspace   ] GC(251) Metaspace: 59798K(60608K)->59798K(60608K) NonClass: 52240K(52672K)->52240K(52672K) Class: 7557K(7936K)->7557K(7936K)
[38.920s][info][gc             ] GC(251) Pause Young (Allocation Failure) 278M->142M(494M) 13.789ms
[38.920s][info][gc,cpu         ] GC(251) User=0.02s Sys=0.00s Real=0.02s
[38.975s][info][gc,start       ] GC(252) Pause Young (Allocation Failure)
[38.986s][info][gc,heap        ] GC(252) DefNew: 145458K(157248K)->5682K(157248K) Eden: 139776K(139776K)->0K(139776K) From: 5682K(17472K)->5682K(17472K)
[38.986s][info][gc,heap        ] GC(252) Tenured: 139861K(349568K)->139861K(349568K)
[38.986s][info][gc,metaspace   ] GC(252) Metaspace: 59798K(60608K)->59798K(60608K) NonClass: 52240K(52672K)->52240K(52672K) Class: 7557K(7936K)->7557K(7936K)
[38.986s][info][gc             ] GC(252) Pause Young (Allocation Failure) 278M->142M(494M) 10.716ms
[38.986s][info][gc,cpu         ] GC(252) User=0.02s Sys=0.00s Real=0.01s
[39.033s][info][gc,start       ] GC(253) Pause Young (Allocation Failure)
[39.048s][info][gc,heap        ] GC(253) DefNew: 145458K(157248K)->5682K(157248K) Eden: 139776K(139776K)->0K(139776K) From: 5682K(17472K)->5682K(17472K)
[39.048s][info][gc,heap        ] GC(253) Tenured: 139861K(349568K)->139861K(349568K)
[39.048s][info][gc,metaspace   ] GC(253) Metaspace: 59798K(60608K)->59798K(60608K) NonClass: 52240K(52672K)->52240K(52672K) Class: 7557K(7936K)->7557K(7936K)
[39.048s][info][gc             ] GC(253) Pause Young (Allocation Failure) 278M->142M(494M) 15.175ms
[39.048s][info][gc,cpu         ] GC(253) User=0.02s Sys=0.00s Real=0.02s
[39.116s][info][gc,start       ] GC(254) Pause Young (Allocation Failure)
[39.130s][info][gc,heap        ] GC(254) DefNew: 145458K(157248K)->5695K(157248K) Eden: 139776K(139776K)->0K(139776K) From: 5682K(17472K)->5695K(17472K)
[39.130s][info][gc,heap        ] GC(254) Tenured: 139861K(349568K)->139861K(349568K)
[39.130s][info][gc,metaspace   ] GC(254) Metaspace: 59798K(60608K)->59798K(60608K) NonClass: 52240K(52672K)->52240K(52672K) Class: 7557K(7936K)->7557K(7936K)
[39.130s][info][gc             ] GC(254) Pause Young (Allocation Failure) 278M->142M(494M) 14.675ms
[39.130s][info][gc,cpu         ] GC(254) User=0.00s Sys=0.00s Real=0.00s
[39.216s][info][gc,start       ] GC(255) Pause Young (Allocation Failure)
[39.231s][info][gc,heap        ] GC(255) DefNew: 145471K(157248K)->5695K(157248K) Eden: 139776K(139776K)->0K(139776K) From: 5695K(17472K)->5695K(17472K)
[39.231s][info][gc,heap        ] GC(255) Tenured: 139861K(349568K)->139861K(349568K)
[39.231s][info][gc,metaspace   ] GC(255) Metaspace: 59798K(60608K)->59798K(60608K) NonClass: 52240K(52672K)->52240K(52672K) Class: 7557K(7936K)->7557K(7936K)
[39.231s][info][gc             ] GC(255) Pause Young (Allocation Failure) 278M->142M(494M) 14.600ms
[39.231s][info][gc,cpu         ] GC(255) User=0.02s Sys=0.00s Real=0.02s
[39.316s][info][gc,start       ] GC(256) Pause Young (Allocation Failure)
[39.331s][info][gc,heap        ] GC(256) DefNew: 145471K(157248K)->5695K(157248K) Eden: 139776K(139776K)->0K(139776K) From: 5695K(17472K)->5695K(17472K)
[39.331s][info][gc,heap        ] GC(256) Tenured: 139861K(349568K)->139861K(349568K)
[39.331s][info][gc,metaspace   ] GC(256) Metaspace: 59798K(60608K)->59798K(60608K) NonClass: 52240K(52672K)->52240K(52672K) Class: 7557K(7936K)->7557K(7936K)
[39.331s][info][gc             ] GC(256) Pause Young (Allocation Failure) 278M->142M(494M) 14.986ms
[39.331s][info][gc,cpu         ] GC(256) User=0.02s Sys=0.00s Real=0.01s
[39.415s][info][gc,start       ] GC(257) Pause Young (Allocation Failure)
[39.430s][info][gc,heap        ] GC(257) DefNew: 145471K(157248K)->5695K(157248K) Eden: 139776K(139776K)->0K(139776K) From: 5695K(17472K)->5695K(17472K)
[39.430s][info][gc,heap        ] GC(257) Tenured: 139861K(349568K)->139861K(349568K)
[39.430s][info][gc,metaspace   ] GC(257) Metaspace: 59798K(60608K)->59798K(60608K) NonClass: 52240K(52672K)->52240K(52672K) Class: 7557K(7936K)->7557K(7936K)
[39.430s][info][gc             ] GC(257) Pause Young (Allocation Failure) 278M->142M(494M) 15.312ms
[39.430s][info][gc,cpu         ] GC(257) User=0.02s Sys=0.00s Real=0.02s
[39.514s][info][gc,start       ] GC(258) Pause Young (Allocation Failure)
[39.530s][info][gc,heap        ] GC(258) DefNew: 145471K(157248K)->5695K(157248K) Eden: 139776K(139776K)->0K(139776K) From: 5695K(17472K)->5695K(17472K)
[39.530s][info][gc,heap        ] GC(258) Tenured: 139861K(349568K)->139861K(349568K)
[39.530s][info][gc,metaspace   ] GC(258) Metaspace: 59798K(60608K)->59798K(60608K) NonClass: 52240K(52672K)->52240K(52672K) Class: 7557K(7936K)->7557K(7936K)
[39.530s][info][gc             ] GC(258) Pause Young (Allocation Failure) 278M->142M(494M) 15.502ms
[39.530s][info][gc,cpu         ] GC(258) User=0.02s Sys=0.00s Real=0.02s
[39.615s][info][gc,start       ] GC(259) Pause Young (Allocation Failure)
[39.631s][info][gc,heap        ] GC(259) DefNew: 145471K(157248K)->5695K(157248K) Eden: 139776K(139776K)->0K(139776K) From: 5695K(17472K)->5695K(17472K)
[39.631s][info][gc,heap        ] GC(259) Tenured: 139861K(349568K)->139861K(349568K)
[39.631s][info][gc,metaspace   ] GC(259) Metaspace: 59798K(60608K)->59798K(60608K) NonClass: 52240K(52672K)->52240K(52672K) Class: 7557K(7936K)->7557K(7936K)
[39.631s][info][gc             ] GC(259) Pause Young (Allocation Failure) 278M->142M(494M) 15.543ms
[39.631s][info][gc,cpu         ] GC(259) User=0.02s Sys=0.00s Real=0.02s
[39.716s][info][gc,start       ] GC(260) Pause Young (Allocation Failure)
[39.731s][info][gc,heap        ] GC(260) DefNew: 145471K(157248K)->5695K(157248K) Eden: 139776K(139776K)->0K(139776K) From: 5695K(17472K)->5695K(17472K)
[39.731s][info][gc,heap        ] GC(260) Tenured: 139861K(349568K)->139861K(349568K)
[39.732s][info][gc,metaspace   ] GC(260) Metaspace: 59798K(60608K)->59798K(60608K) NonClass: 52240K(52672K)->52240K(52672K) Class: 7557K(7936K)->7557K(7936K)
[39.732s][info][gc             ] GC(260) Pause Young (Allocation Failure) 278M->142M(494M) 15.444ms
[39.732s][info][gc,cpu         ] GC(260) User=0.02s Sys=0.00s Real=0.02s
[39.769s][info][gc,start       ] GC(261) Pause Full (System.gc())
[39.769s][info][gc,phases,start] GC(261) Phase 1: Mark live objects
[39.860s][info][gc,phases      ] GC(261) Phase 1: Mark live objects 91.006ms
[39.860s][info][gc,phases,start] GC(261) Phase 2: Compute new object addresses
[39.906s][info][gc,phases      ] GC(261) Phase 2: Compute new object addresses 45.702ms
[39.906s][info][gc,phases,start] GC(261) Phase 3: Adjust pointers
[39.947s][info][gc,phases      ] GC(261) Phase 3: Adjust pointers 40.709ms
[39.947s][info][gc,phases,start] GC(261) Phase 4: Move objects
[39.947s][info][gc,phases      ] GC(261) Phase 4: Move objects 0.028ms
[39.947s][info][gc,heap        ] GC(261) DefNew: 22631K(157248K)->0K(157248K) Eden: 16936K(139776K)->0K(139776K) From: 5695K(17472K)->0K(17472K)
[39.947s][info][gc,heap        ] GC(261) Tenured: 139861K(349568K)->102273K(349568K)
[39.947s][info][gc,metaspace   ] GC(261) Metaspace: 59815K(60672K)->59815K(60672K) NonClass: 52258K(52736K)->52258K(52736K) Class: 7557K(7936K)->7557K(7936K)
[39.947s][info][gc             ] GC(261) Pause Full (System.gc()) 158M->99M(494M) 178.366ms
[39.947s][info][gc,cpu         ] GC(261) User=0.17s Sys=0.00s Real=0.17s
[40.070s][info][gc,start       ] GC(262) Pause Young (Allocation Failure)
[40.084s][info][gc,heap        ] GC(262) DefNew: 139776K(157248K)->2790K(157248K) Eden: 139776K(139776K)->0K(139776K) From: 0K(17472K)->2790K(17472K)
[40.084s][info][gc,heap        ] GC(262) Tenured: 102273K(349568K)->102273K(349568K)
[40.084s][info][gc,metaspace   ] GC(262) Metaspace: 59853K(60736K)->59853K(60736K) NonClass: 52295K(52800K)->52295K(52800K) Class: 7558K(7936K)->7558K(7936K)
[40.084s][info][gc             ] GC(262) Pause Young (Allocation Failure) 236M->102M(494M) 14.052ms
[40.084s][info][gc,cpu         ] GC(262) User=0.02s Sys=0.00s Real=0.01s
[40.130s][info][gc,start       ] GC(263) Pause Young (Allocation Failure)
[40.156s][info][gc,heap        ] GC(263) DefNew: 142566K(157248K)->7971K(157248K) Eden: 139776K(139776K)->0K(139776K) From: 2790K(17472K)->7971K(17472K)
[40.157s][info][gc,heap        ] GC(263) Tenured: 102273K(349568K)->102273K(349568K)
[40.157s][info][gc,metaspace   ] GC(263) Metaspace: 59853K(60736K)->59853K(60736K) NonClass: 52295K(52800K)->52295K(52800K) Class: 7558K(7936K)->7558K(7936K)
[40.157s][info][gc             ] GC(263) Pause Young (Allocation Failure) 239M->107M(494M) 26.964ms
[40.157s][info][gc,cpu         ] GC(263) User=0.03s Sys=0.00s Real=0.03s
[40.210s][info][gc,start       ] GC(264) Pause Young (Allocation Failure)
[40.244s][info][gc,heap        ] GC(264) DefNew: 147747K(157248K)->13784K(157248K) Eden: 139776K(139776K)->0K(139776K) From: 7971K(17472K)->13784K(17472K)
[40.244s][info][gc,heap        ] GC(264) Tenured: 102273K(349568K)->102273K(349568K)
[40.244s][info][gc,metaspace   ] GC(264) Metaspace: 59853K(60736K)->59853K(60736K) NonClass: 52295K(52800K)->52295K(52800K) Class: 7558K(7936K)->7558K(7936K)
[40.244s][info][gc             ] GC(264) Pause Young (Allocation Failure) 244M->113M(494M) 34.478ms
[40.244s][info][gc,cpu         ] GC(264) User=0.03s Sys=0.00s Real=0.03s
[40.297s][info][gc,start       ] GC(265) Pause Young (Allocation Failure)
[40.338s][info][gc,heap        ] GC(265) DefNew: 153560K(157248K)->11839K(157248K) Eden: 139776K(139776K)->0K(139776K) From: 13784K(17472K)->11839K(17472K)
[40.338s][info][gc,heap        ] GC(265) Tenured: 102273K(349568K)->109732K(349568K)
[40.338s][info][gc,metaspace   ] GC(265) Metaspace: 59853K(60736K)->59853K(60736K) NonClass: 52295K(52800K)->52295K(52800K) Class: 7558K(7936K)->7558K(7936K)
[40.338s][info][gc             ] GC(265) Pause Young (Allocation Failure) 249M->118M(494M) 41.421ms
[40.338s][info][gc,cpu         ] GC(265) User=0.05s Sys=0.00s Real=0.05s
[40.394s][info][gc,start       ] GC(266) Pause Young (Allocation Failure)
[40.434s][info][gc,heap        ] GC(266) DefNew: 151615K(157248K)->11224K(157248K) Eden: 139776K(139776K)->0K(139776K) From: 11839K(17472K)->11224K(17472K)
[40.434s][info][gc,heap        ] GC(266) Tenured: 109732K(349568K)->116057K(349568K)
[40.434s][info][gc,metaspace   ] GC(266) Metaspace: 59853K(60736K)->59853K(60736K) NonClass: 52295K(52800K)->52295K(52800K) Class: 7558K(7936K)->7558K(7936K)
[40.434s][info][gc             ] GC(266) Pause Young (Allocation Failure) 255M->124M(494M) 40.278ms
[40.434s][info][gc,cpu         ] GC(266) User=0.05s Sys=0.00s Real=0.05s
[40.490s][info][gc,start       ] GC(267) Pause Young (Allocation Failure)
[40.531s][info][gc,heap        ] GC(267) DefNew: 151000K(157248K)->12899K(157248K) Eden: 139776K(139776K)->0K(139776K) From: 11224K(17472K)->12899K(17472K)
[40.531s][info][gc,heap        ] GC(267) Tenured: 116057K(349568K)->121571K(349568K)
[40.531s][info][gc,metaspace   ] GC(267) Metaspace: 59853K(60736K)->59853K(60736K) NonClass: 52295K(52800K)->52295K(52800K) Class: 7558K(7936K)->7558K(7936K)
[40.531s][info][gc             ] GC(267) Pause Young (Allocation Failure) 260M->131M(494M) 40.762ms
[40.531s][info][gc,cpu         ] GC(267) User=0.03s Sys=0.00s Real=0.03s
[40.586s][info][gc,start       ] GC(268) Pause Young (Allocation Failure)
[40.649s][info][gc,heap        ] GC(268) DefNew: 152675K(157248K)->12804K(157248K) Eden: 139776K(139776K)->0K(139776K) From: 12899K(17472K)->12804K(17472K)
[40.649s][info][gc,heap        ] GC(268) Tenured: 121571K(349568K)->127281K(349568K)
[40.649s][info][gc,metaspace   ] GC(268) Metaspace: 59853K(60736K)->59853K(60736K) NonClass: 52295K(52800K)->52295K(52800K) Class: 7558K(7936K)->7558K(7936K)
[40.649s][info][gc             ] GC(268) Pause Young (Allocation Failure) 267M->136M(494M) 63.096ms
[40.649s][info][gc,cpu         ] GC(268) User=0.05s Sys=0.00s Real=0.06s
[40.705s][info][gc,start       ] GC(269) Pause Young (Allocation Failure)
[40.747s][info][gc,heap        ] GC(269) DefNew: 152580K(157248K)->11301K(157248K) Eden: 139776K(139776K)->0K(139776K) From: 12804K(17472K)->11301K(17472K)
[40.747s][info][gc,heap        ] GC(269) Tenured: 127281K(349568K)->134470K(349568K)
[40.747s][info][gc,metaspace   ] GC(269) Metaspace: 59853K(60736K)->59853K(60736K) NonClass: 52295K(52800K)->52295K(52800K) Class: 7558K(7936K)->7558K(7936K)
[40.747s][info][gc             ] GC(269) Pause Young (Allocation Failure) 273M->142M(494M) 41.806ms
[40.747s][info][gc,cpu         ] GC(269) User=0.05s Sys=0.00s Real=0.05s
[40.815s][info][gc,start       ] GC(270) Pause Young (Allocation Failure)
[40.838s][info][gc,heap        ] GC(270) DefNew: 151077K(157248K)->5893K(157248K) Eden: 139776K(139776K)->0K(139776K) From: 11301K(17472K)->5893K(17472K)
[40.838s][info][gc,heap        ] GC(270) Tenured: 134470K(349568K)->140084K(349568K)
[40.838s][info][gc,metaspace   ] GC(270) Metaspace: 59853K(60736K)->59853K(60736K) NonClass: 52295K(52800K)->52295K(52800K) Class: 7558K(7936K)->7558K(7936K)
[40.838s][info][gc             ] GC(270) Pause Young (Allocation Failure) 278M->142M(494M) 23.094ms
[40.838s][info][gc,cpu         ] GC(270) User=0.03s Sys=0.00s Real=0.03s
[40.895s][info][gc,start       ] GC(271) Pause Young (Allocation Failure)
[40.909s][info][gc,heap        ] GC(271) DefNew: 145669K(157248K)->5893K(157248K) Eden: 139776K(139776K)->0K(139776K) From: 5893K(17472K)->5893K(17472K)
[40.909s][info][gc,heap        ] GC(271) Tenured: 140084K(349568K)->140084K(349568K)
[40.909s][info][gc,metaspace   ] GC(271) Metaspace: 59853K(60736K)->59853K(60736K) NonClass: 52295K(52800K)->52295K(52800K) Class: 7558K(7936K)->7558K(7936K)
[40.910s][info][gc             ] GC(271) Pause Young (Allocation Failure) 279M->142M(494M) 14.504ms
[40.910s][info][gc,cpu         ] GC(271) User=0.02s Sys=0.00s Real=0.02s
[40.957s][info][gc,start       ] GC(272) Pause Young (Allocation Failure)
[40.971s][info][gc,heap        ] GC(272) DefNew: 145669K(157248K)->5893K(157248K) Eden: 139776K(139776K)->0K(139776K) From: 5893K(17472K)->5893K(17472K)
[40.971s][info][gc,heap        ] GC(272) Tenured: 140084K(349568K)->140084K(349568K)
[40.971s][info][gc,metaspace   ] GC(272) Metaspace: 59853K(60736K)->59853K(60736K) NonClass: 52295K(52800K)->52295K(52800K) Class: 7558K(7936K)->7558K(7936K)
[40.972s][info][gc             ] GC(272) Pause Young (Allocation Failure) 279M->142M(494M) 14.786ms
[40.972s][info][gc,cpu         ] GC(272) User=0.02s Sys=0.00s Real=0.02s
[41.021s][info][gc,start       ] GC(273) Pause Young (Allocation Failure)
[41.037s][info][gc,heap        ] GC(273) DefNew: 145669K(157248K)->5893K(157248K) Eden: 139776K(139776K)->0K(139776K) From: 5893K(17472K)->5893K(17472K)
[41.037s][info][gc,heap        ] GC(273) Tenured: 140084K(349568K)->140084K(349568K)
[41.037s][info][gc,metaspace   ] GC(273) Metaspace: 59853K(60736K)->59853K(60736K) NonClass: 52295K(52800K)->52295K(52800K) Class: 7558K(7936K)->7558K(7936K)
[41.037s][info][gc             ] GC(273) Pause Young (Allocation Failure) 279M->142M(494M) 16.043ms
[41.037s][info][gc,cpu         ] GC(273) User=0.02s Sys=0.00s Real=0.02s
[41.085s][info][gc,start       ] GC(274) Pause Young (Allocation Failure)
[41.100s][info][gc,heap        ] GC(274) DefNew: 145669K(157248K)->5893K(157248K) Eden: 139776K(139776K)->0K(139776K) From: 5893K(17472K)->5893K(17472K)
[41.100s][info][gc,heap        ] GC(274) Tenured: 140084K(349568K)->140084K(349568K)
[41.100s][info][gc,metaspace   ] GC(274) Metaspace: 59853K(60736K)->59853K(60736K) NonClass: 52295K(52800K)->52295K(52800K) Class: 7558K(7936K)->7558K(7936K)
[41.100s][info][gc             ] GC(274) Pause Young (Allocation Failure) 279M->142M(494M) 14.653ms
[41.100s][info][gc,cpu         ] GC(274) User=0.02s Sys=0.00s Real=0.02s
[41.147s][info][gc,start       ] GC(275) Pause Young (Allocation Failure)
[41.161s][info][gc,heap        ] GC(275) DefNew: 145669K(157248K)->5893K(157248K) Eden: 139776K(139776K)->0K(139776K) From: 5893K(17472K)->5893K(17472K)
[41.161s][info][gc,heap        ] GC(275) Tenured: 140084K(349568K)->140084K(349568K)
[41.161s][info][gc,metaspace   ] GC(275) Metaspace: 59853K(60736K)->59853K(60736K) NonClass: 52295K(52800K)->52295K(52800K) Class: 7558K(7936K)->7558K(7936K)
[41.161s][info][gc             ] GC(275) Pause Young (Allocation Failure) 279M->142M(494M) 14.062ms
[41.161s][info][gc,cpu         ] GC(275) User=0.02s Sys=0.00s Real=0.02s
[41.244s][info][gc,start       ] GC(276) Pause Young (Allocation Failure)
[41.260s][info][gc,heap        ] GC(276) DefNew: 145669K(157248K)->5905K(157248K) Eden: 139776K(139776K)->0K(139776K) From: 5893K(17472K)->5905K(17472K)
[41.260s][info][gc,heap        ] GC(276) Tenured: 140084K(349568K)->140084K(349568K)
[41.260s][info][gc,metaspace   ] GC(276) Metaspace: 59854K(60736K)->59854K(60736K) NonClass: 52296K(52800K)->52296K(52800K) Class: 7558K(7936K)->7558K(7936K)
[41.260s][info][gc             ] GC(276) Pause Young (Allocation Failure) 279M->142M(494M) 15.934ms
[41.260s][info][gc,cpu         ] GC(276) User=0.02s Sys=0.00s Real=0.02s
[41.345s][info][gc,start       ] GC(277) Pause Young (Allocation Failure)
[41.360s][info][gc,heap        ] GC(277) DefNew: 145681K(157248K)->5905K(157248K) Eden: 139776K(139776K)->0K(139776K) From: 5905K(17472K)->5905K(17472K)
[41.361s][info][gc,heap        ] GC(277) Tenured: 140084K(349568K)->140084K(349568K)
[41.361s][info][gc,metaspace   ] GC(277) Metaspace: 59854K(60736K)->59854K(60736K) NonClass: 52296K(52800K)->52296K(52800K) Class: 7558K(7936K)->7558K(7936K)
[41.361s][info][gc             ] GC(277) Pause Young (Allocation Failure) 279M->142M(494M) 15.249ms
[41.361s][info][gc,cpu         ] GC(277) User=0.02s Sys=0.00s Real=0.02s
[41.445s][info][gc,start       ] GC(278) Pause Young (Allocation Failure)
[41.461s][info][gc,heap        ] GC(278) DefNew: 145681K(157248K)->5905K(157248K) Eden: 139776K(139776K)->0K(139776K) From: 5905K(17472K)->5905K(17472K)
[41.461s][info][gc,heap        ] GC(278) Tenured: 140084K(349568K)->140084K(349568K)
[41.461s][info][gc,metaspace   ] GC(278) Metaspace: 59854K(60736K)->59854K(60736K) NonClass: 52296K(52800K)->52296K(52800K) Class: 7558K(7936K)->7558K(7936K)
[41.461s][info][gc             ] GC(278) Pause Young (Allocation Failure) 279M->142M(494M) 15.688ms
[41.461s][info][gc,cpu         ] GC(278) User=0.02s Sys=0.00s Real=0.02s
[41.545s][info][gc,start       ] GC(279) Pause Young (Allocation Failure)
[41.561s][info][gc,heap        ] GC(279) DefNew: 145681K(157248K)->5905K(157248K) Eden: 139776K(139776K)->0K(139776K) From: 5905K(17472K)->5905K(17472K)
[41.561s][info][gc,heap        ] GC(279) Tenured: 140084K(349568K)->140084K(349568K)
[41.561s][info][gc,metaspace   ] GC(279) Metaspace: 59854K(60736K)->59854K(60736K) NonClass: 52296K(52800K)->52296K(52800K) Class: 7558K(7936K)->7558K(7936K)
[41.561s][info][gc             ] GC(279) Pause Young (Allocation Failure) 279M->142M(494M) 15.805ms
[41.561s][info][gc,cpu         ] GC(279) User=0.02s Sys=0.00s Real=0.01s
[41.645s][info][gc,start       ] GC(280) Pause Young (Allocation Failure)
[41.661s][info][gc,heap        ] GC(280) DefNew: 145681K(157248K)->5905K(157248K) Eden: 139776K(139776K)->0K(139776K) From: 5905K(17472K)->5905K(17472K)
[41.661s][info][gc,heap        ] GC(280) Tenured: 140084K(349568K)->140084K(349568K)
[41.661s][info][gc,metaspace   ] GC(280) Metaspace: 59854K(60736K)->59854K(60736K) NonClass: 52296K(52800K)->52296K(52800K) Class: 7558K(7936K)->7558K(7936K)
[41.661s][info][gc             ] GC(280) Pause Young (Allocation Failure) 279M->142M(494M) 15.750ms
[41.661s][info][gc,cpu         ] GC(280) User=0.02s Sys=0.00s Real=0.02s
[41.746s][info][gc,start       ] GC(281) Pause Young (Allocation Failure)
[41.761s][info][gc,heap        ] GC(281) DefNew: 145681K(157248K)->5905K(157248K) Eden: 139776K(139776K)->0K(139776K) From: 5905K(17472K)->5905K(17472K)
[41.762s][info][gc,heap        ] GC(281) Tenured: 140084K(349568K)->140084K(349568K)
[41.762s][info][gc,metaspace   ] GC(281) Metaspace: 59854K(60736K)->59854K(60736K) NonClass: 52296K(52800K)->52296K(52800K) Class: 7558K(7936K)->7558K(7936K)
[41.762s][info][gc             ] GC(281) Pause Young (Allocation Failure) 279M->142M(494M) 15.814ms
[41.762s][info][gc,cpu         ] GC(281) User=0.02s Sys=0.00s Real=0.02s
[41.872s][info][gc,start       ] GC(282) Pause Young (Allocation Failure)
[41.887s][info][gc,heap        ] GC(282) DefNew: 145681K(157248K)->5905K(157248K) Eden: 139776K(139776K)->0K(139776K) From: 5905K(17472K)->5905K(17472K)
[41.887s][info][gc,heap        ] GC(282) Tenured: 140084K(349568K)->140084K(349568K)
[41.887s][info][gc,metaspace   ] GC(282) Metaspace: 59854K(60736K)->59854K(60736K) NonClass: 52296K(52800K)->52296K(52800K) Class: 7558K(7936K)->7558K(7936K)
[41.887s][info][gc             ] GC(282) Pause Young (Allocation Failure) 279M->142M(494M) 14.823ms
[41.887s][info][gc,cpu         ] GC(282) User=0.02s Sys=0.00s Real=0.01s
[41.925s][info][gc,start       ] GC(283) Pause Full (System.gc())
[41.925s][info][gc,phases,start] GC(283) Phase 1: Mark live objects
[41.994s][info][gc,phases      ] GC(283) Phase 1: Mark live objects 68.953ms
[41.994s][info][gc,phases,start] GC(283) Phase 2: Compute new object addresses
[42.039s][info][gc,phases      ] GC(283) Phase 2: Compute new object addresses 44.996ms
[42.039s][info][gc,phases,start] GC(283) Phase 3: Adjust pointers
[42.080s][info][gc,phases      ] GC(283) Phase 3: Adjust pointers 41.640ms
[42.080s][info][gc,phases,start] GC(283) Phase 4: Move objects
[42.080s][info][gc,phases      ] GC(283) Phase 4: Move objects 0.029ms
[42.081s][info][gc,heap        ] GC(283) DefNew: 22779K(157248K)->0K(157248K) Eden: 16873K(139776K)->0K(139776K) From: 5905K(17472K)->0K(17472K)
[42.081s][info][gc,heap        ] GC(283) Tenured: 140084K(349568K)->102707K(349568K)
[42.081s][info][gc,metaspace   ] GC(283) Metaspace: 59887K(60736K)->59887K(60736K) NonClass: 52328K(52800K)->52328K(52800K) Class: 7558K(7936K)->7558K(7936K)
[42.081s][info][gc             ] GC(283) Pause Full (System.gc()) 159M->100M(494M) 156.501ms
[42.081s][info][gc,cpu         ] GC(283) User=0.16s Sys=0.00s Real=0.16s
[42.201s][info][gc,start       ] GC(284) Pause Young (Allocation Failure)
[42.215s][info][gc,heap        ] GC(284) DefNew: 139776K(157248K)->2771K(157248K) Eden: 139776K(139776K)->0K(139776K) From: 0K(17472K)->2771K(17472K)
[42.215s][info][gc,heap        ] GC(284) Tenured: 102707K(349568K)->102707K(349568K)
[42.216s][info][gc,metaspace   ] GC(284) Metaspace: 59907K(60736K)->59907K(60736K) NonClass: 52348K(52800K)->52348K(52800K) Class: 7558K(7936K)->7558K(7936K)
[42.216s][info][gc             ] GC(284) Pause Young (Allocation Failure) 236M->103M(494M) 14.512ms
[42.216s][info][gc,cpu         ] GC(284) User=0.02s Sys=0.00s Real=0.02s
[42.262s][info][gc,start       ] GC(285) Pause Young (Allocation Failure)
[42.289s][info][gc,heap        ] GC(285) DefNew: 142547K(157248K)->7986K(157248K) Eden: 139776K(139776K)->0K(139776K) From: 2771K(17472K)->7986K(17472K)
[42.289s][info][gc,heap        ] GC(285) Tenured: 102707K(349568K)->102707K(349568K)
[42.289s][info][gc,metaspace   ] GC(285) Metaspace: 59909K(60736K)->59909K(60736K) NonClass: 52351K(52800K)->52351K(52800K) Class: 7558K(7936K)->7558K(7936K)
[42.289s][info][gc             ] GC(285) Pause Young (Allocation Failure) 239M->108M(494M) 26.695ms
[42.289s][info][gc,cpu         ] GC(285) User=0.02s Sys=0.00s Real=0.01s
[42.341s][info][gc,start       ] GC(286) Pause Young (Allocation Failure)
[42.375s][info][gc,heap        ] GC(286) DefNew: 147762K(157248K)->13803K(157248K) Eden: 139776K(139776K)->0K(139776K) From: 7986K(17472K)->13803K(17472K)
[42.375s][info][gc,heap        ] GC(286) Tenured: 102707K(349568K)->102707K(349568K)
[42.375s][info][gc,metaspace   ] GC(286) Metaspace: 59909K(60736K)->59909K(60736K) NonClass: 52351K(52800K)->52351K(52800K) Class: 7558K(7936K)->7558K(7936K)
[42.375s][info][gc             ] GC(286) Pause Young (Allocation Failure) 244M->113M(494M) 34.433ms
[42.375s][info][gc,cpu         ] GC(286) User=0.03s Sys=0.00s Real=0.03s
[42.429s][info][gc,start       ] GC(287) Pause Young (Allocation Failure)
[42.470s][info][gc,heap        ] GC(287) DefNew: 153579K(157248K)->11856K(157248K) Eden: 139776K(139776K)->0K(139776K) From: 13803K(17472K)->11856K(17472K)
[42.470s][info][gc,heap        ] GC(287) Tenured: 102707K(349568K)->110180K(349568K)
[42.470s][info][gc,metaspace   ] GC(287) Metaspace: 59909K(60736K)->59909K(60736K) NonClass: 52351K(52800K)->52351K(52800K) Class: 7558K(7936K)->7558K(7936K)
[42.470s][info][gc             ] GC(287) Pause Young (Allocation Failure) 250M->119M(494M) 40.940ms
[42.470s][info][gc,cpu         ] GC(287) User=0.05s Sys=0.00s Real=0.05s
[42.525s][info][gc,start       ] GC(288) Pause Young (Allocation Failure)
[42.565s][info][gc,heap        ] GC(288) DefNew: 151632K(157248K)->11227K(157248K) Eden: 139776K(139776K)->0K(139776K) From: 11856K(17472K)->11227K(17472K)
[42.565s][info][gc,heap        ] GC(288) Tenured: 110180K(349568K)->116504K(349568K)
[42.565s][info][gc,metaspace   ] GC(288) Metaspace: 59909K(60736K)->59909K(60736K) NonClass: 52351K(52800K)->52351K(52800K) Class: 7558K(7936K)->7558K(7936K)
[42.565s][info][gc             ] GC(288) Pause Young (Allocation Failure) 255M->124M(494M) 39.762ms
[42.565s][info][gc,cpu         ] GC(288) User=0.03s Sys=0.00s Real=0.03s
[42.618s][info][gc,start       ] GC(289) Pause Young (Allocation Failure)
[42.660s][info][gc,heap        ] GC(289) DefNew: 151003K(157248K)->12942K(157248K) Eden: 139776K(139776K)->0K(139776K) From: 11227K(17472K)->12942K(17472K)
[42.660s][info][gc,heap        ] GC(289) Tenured: 116504K(349568K)->122037K(349568K)
[42.660s][info][gc,metaspace   ] GC(289) Metaspace: 59909K(60736K)->59909K(60736K) NonClass: 52351K(52800K)->52351K(52800K) Class: 7558K(7936K)->7558K(7936K)
[42.660s][info][gc             ] GC(289) Pause Young (Allocation Failure) 261M->131M(494M) 41.909ms
[42.660s][info][gc,cpu         ] GC(289) User=0.05s Sys=0.00s Real=0.05s
[42.716s][info][gc,start       ] GC(290) Pause Young (Allocation Failure)
[42.762s][info][gc,heap        ] GC(290) DefNew: 152718K(157248K)->12897K(157248K) Eden: 139776K(139776K)->0K(139776K) From: 12942K(17472K)->12897K(17472K)
[42.762s][info][gc,heap        ] GC(290) Tenured: 122037K(349568K)->127730K(349568K)
[42.762s][info][gc,metaspace   ] GC(290) Metaspace: 59909K(60736K)->59909K(60736K) NonClass: 52351K(52800K)->52351K(52800K) Class: 7558K(7936K)->7558K(7936K)
[42.762s][info][gc             ] GC(290) Pause Young (Allocation Failure) 268M->137M(494M) 46.015ms
[42.762s][info][gc,cpu         ] GC(290) User=0.05s Sys=0.00s Real=0.05s
[42.817s][info][gc,start       ] GC(291) Pause Young (Allocation Failure)
[42.861s][info][gc,heap        ] GC(291) DefNew: 152673K(157248K)->11373K(157248K) Eden: 139776K(139776K)->0K(139776K) From: 12897K(17472K)->11373K(17472K)
[42.861s][info][gc,heap        ] GC(291) Tenured: 127730K(349568K)->134978K(349568K)
[42.861s][info][gc,metaspace   ] GC(291) Metaspace: 59909K(60736K)->59909K(60736K) NonClass: 52351K(52800K)->52351K(52800K) Class: 7558K(7936K)->7558K(7936K)
[42.861s][info][gc             ] GC(291) Pause Young (Allocation Failure) 273M->142M(494M) 43.955ms
[42.861s][info][gc,cpu         ] GC(291) User=0.05s Sys=0.00s Real=0.05s
[42.922s][info][gc,start       ] GC(292) Pause Young (Allocation Failure)
[42.947s][info][gc,heap        ] GC(292) DefNew: 151149K(157248K)->5784K(157248K) Eden: 139776K(139776K)->0K(139776K) From: 11373K(17472K)->5784K(17472K)
[42.947s][info][gc,heap        ] GC(292) Tenured: 134978K(349568K)->140627K(349568K)
[42.947s][info][gc,metaspace   ] GC(292) Metaspace: 59917K(60736K)->59917K(60736K) NonClass: 52359K(52800K)->52359K(52800K) Class: 7558K(7936K)->7558K(7936K)
[42.947s][info][gc             ] GC(292) Pause Young (Allocation Failure) 279M->142M(494M) 24.480ms
[42.947s][info][gc,cpu         ] GC(292) User=0.02s Sys=0.00s Real=0.02s
[42.994s][info][gc,start       ] GC(293) Pause Young (Allocation Failure)
[43.009s][info][gc,heap        ] GC(293) DefNew: 145560K(157248K)->5784K(157248K) Eden: 139776K(139776K)->0K(139776K) From: 5784K(17472K)->5784K(17472K)
[43.009s][info][gc,heap        ] GC(293) Tenured: 140627K(349568K)->140627K(349568K)
[43.009s][info][gc,metaspace   ] GC(293) Metaspace: 59917K(60736K)->59917K(60736K) NonClass: 52359K(52800K)->52359K(52800K) Class: 7558K(7936K)->7558K(7936K)
[43.009s][info][gc             ] GC(293) Pause Young (Allocation Failure) 279M->142M(494M) 14.931ms
[43.009s][info][gc,cpu         ] GC(293) User=0.02s Sys=0.00s Real=0.02s
[43.056s][info][gc,start       ] GC(294) Pause Young (Allocation Failure)
[43.070s][info][gc,heap        ] GC(294) DefNew: 145560K(157248K)->5784K(157248K) Eden: 139776K(139776K)->0K(139776K) From: 5784K(17472K)->5784K(17472K)
[43.070s][info][gc,heap        ] GC(294) Tenured: 140627K(349568K)->140627K(349568K)
[43.070s][info][gc,metaspace   ] GC(294) Metaspace: 59917K(60736K)->59917K(60736K) NonClass: 52359K(52800K)->52359K(52800K) Class: 7558K(7936K)->7558K(7936K)
[43.070s][info][gc             ] GC(294) Pause Young (Allocation Failure) 279M->142M(494M) 14.476ms
[43.070s][info][gc,cpu         ] GC(294) User=0.02s Sys=0.00s Real=0.02s
[43.125s][info][gc,start       ] GC(295) Pause Young (Allocation Failure)
[43.138s][info][gc,heap        ] GC(295) DefNew: 145560K(157248K)->5784K(157248K) Eden: 139776K(139776K)->0K(139776K) From: 5784K(17472K)->5784K(17472K)
[43.138s][info][gc,heap        ] GC(295) Tenured: 140627K(349568K)->140627K(349568K)
[43.138s][info][gc,metaspace   ] GC(295) Metaspace: 59917K(60736K)->59917K(60736K) NonClass: 52359K(52800K)->52359K(52800K) Class: 7558K(7936K)->7558K(7936K)
[43.138s][info][gc             ] GC(295) Pause Young (Allocation Failure) 279M->142M(494M) 12.540ms
[43.138s][info][gc,cpu         ] GC(295) User=0.00s Sys=0.02s Real=0.00s
[43.182s][info][gc,start       ] GC(296) Pause Young (Allocation Failure)
[43.198s][info][gc,heap        ] GC(296) DefNew: 145560K(157248K)->5784K(157248K) Eden: 139776K(139776K)->0K(139776K) From: 5784K(17472K)->5784K(17472K)
[43.198s][info][gc,heap        ] GC(296) Tenured: 140627K(349568K)->140627K(349568K)
[43.198s][info][gc,metaspace   ] GC(296) Metaspace: 59917K(60736K)->59917K(60736K) NonClass: 52359K(52800K)->52359K(52800K) Class: 7558K(7936K)->7558K(7936K)
[43.198s][info][gc             ] GC(296) Pause Young (Allocation Failure) 279M->142M(494M) 15.673ms
[43.198s][info][gc,cpu         ] GC(296) User=0.02s Sys=0.00s Real=0.02s
[43.246s][info][gc,start       ] GC(297) Pause Young (Allocation Failure)
[43.261s][info][gc,heap        ] GC(297) DefNew: 145560K(157248K)->5818K(157248K) Eden: 139776K(139776K)->0K(139776K) From: 5784K(17472K)->5818K(17472K)
[43.261s][info][gc,heap        ] GC(297) Tenured: 140627K(349568K)->140627K(349568K)
[43.261s][info][gc,metaspace   ] GC(297) Metaspace: 59920K(60736K)->59920K(60736K) NonClass: 52362K(52800K)->52362K(52800K) Class: 7558K(7936K)->7558K(7936K)
[43.261s][info][gc             ] GC(297) Pause Young (Allocation Failure) 279M->143M(494M) 14.851ms
[43.261s][info][gc,cpu         ] GC(297) User=0.02s Sys=0.00s Real=0.02s
[43.350s][info][gc,start       ] GC(298) Pause Young (Allocation Failure)
[43.364s][info][gc,heap        ] GC(298) DefNew: 145594K(157248K)->5796K(157248K) Eden: 139776K(139776K)->0K(139776K) From: 5818K(17472K)->5796K(17472K)
[43.364s][info][gc,heap        ] GC(298) Tenured: 140627K(349568K)->140627K(349568K)
[43.364s][info][gc,metaspace   ] GC(298) Metaspace: 59921K(60736K)->59921K(60736K) NonClass: 52363K(52800K)->52363K(52800K) Class: 7558K(7936K)->7558K(7936K)
[43.365s][info][gc             ] GC(298) Pause Young (Allocation Failure) 279M->142M(494M) 14.873ms
[43.365s][info][gc,cpu         ] GC(298) User=0.02s Sys=0.00s Real=0.01s
[43.453s][info][gc,start       ] GC(299) Pause Young (Allocation Failure)
[43.469s][info][gc,heap        ] GC(299) DefNew: 145572K(157248K)->5796K(157248K) Eden: 139776K(139776K)->0K(139776K) From: 5796K(17472K)->5796K(17472K)
[43.469s][info][gc,heap        ] GC(299) Tenured: 140627K(349568K)->140627K(349568K)
[43.469s][info][gc,metaspace   ] GC(299) Metaspace: 59921K(60736K)->59921K(60736K) NonClass: 52363K(52800K)->52363K(52800K) Class: 7558K(7936K)->7558K(7936K)
[43.469s][info][gc             ] GC(299) Pause Young (Allocation Failure) 279M->142M(494M) 15.969ms
[43.469s][info][gc,cpu         ] GC(299) User=0.02s Sys=0.00s Real=0.02s
[43.555s][info][gc,start       ] GC(300) Pause Young (Allocation Failure)
[43.571s][info][gc,heap        ] GC(300) DefNew: 145572K(157248K)->5796K(157248K) Eden: 139776K(139776K)->0K(139776K) From: 5796K(17472K)->5796K(17472K)
[43.571s][info][gc,heap        ] GC(300) Tenured: 140627K(349568K)->140627K(349568K)
[43.571s][info][gc,metaspace   ] GC(300) Metaspace: 59921K(60736K)->59921K(60736K) NonClass: 52363K(52800K)->52363K(52800K) Class: 7558K(7936K)->7558K(7936K)
[43.571s][info][gc             ] GC(300) Pause Young (Allocation Failure) 279M->142M(494M) 15.646ms
[43.571s][info][gc,cpu         ] GC(300) User=0.02s Sys=0.00s Real=0.02s
[43.655s][info][gc,start       ] GC(301) Pause Young (Allocation Failure)
[43.671s][info][gc,heap        ] GC(301) DefNew: 145572K(157248K)->5796K(157248K) Eden: 139776K(139776K)->0K(139776K) From: 5796K(17472K)->5796K(17472K)
[43.671s][info][gc,heap        ] GC(301) Tenured: 140627K(349568K)->140627K(349568K)
[43.671s][info][gc,metaspace   ] GC(301) Metaspace: 59921K(60736K)->59921K(60736K) NonClass: 52363K(52800K)->52363K(52800K) Class: 7558K(7936K)->7558K(7936K)
[43.671s][info][gc             ] GC(301) Pause Young (Allocation Failure) 279M->142M(494M) 15.887ms
[43.671s][info][gc,cpu         ] GC(301) User=0.02s Sys=0.00s Real=0.02s
[43.756s][info][gc,start       ] GC(302) Pause Young (Allocation Failure)
[43.772s][info][gc,heap        ] GC(302) DefNew: 145572K(157248K)->5796K(157248K) Eden: 139776K(139776K)->0K(139776K) From: 5796K(17472K)->5796K(17472K)
[43.772s][info][gc,heap        ] GC(302) Tenured: 140627K(349568K)->140627K(349568K)
[43.772s][info][gc,metaspace   ] GC(302) Metaspace: 59921K(60736K)->59921K(60736K) NonClass: 52363K(52800K)->52363K(52800K) Class: 7558K(7936K)->7558K(7936K)
[43.772s][info][gc             ] GC(302) Pause Young (Allocation Failure) 279M->142M(494M) 15.552ms
[43.772s][info][gc,cpu         ] GC(302) User=0.02s Sys=0.00s Real=0.02s
[43.870s][info][gc,start       ] GC(303) Pause Young (Allocation Failure)
[43.885s][info][gc,heap        ] GC(303) DefNew: 145572K(157248K)->5796K(157248K) Eden: 139776K(139776K)->0K(139776K) From: 5796K(17472K)->5796K(17472K)
[43.885s][info][gc,heap        ] GC(303) Tenured: 140627K(349568K)->140627K(349568K)
[43.885s][info][gc,metaspace   ] GC(303) Metaspace: 59921K(60736K)->59921K(60736K) NonClass: 52363K(52800K)->52363K(52800K) Class: 7558K(7936K)->7558K(7936K)
[43.885s][info][gc             ] GC(303) Pause Young (Allocation Failure) 279M->142M(494M) 14.996ms
[43.885s][info][gc,cpu         ] GC(303) User=0.02s Sys=0.00s Real=0.02s
[43.983s][info][gc,start       ] GC(304) Pause Young (Allocation Failure)
[43.997s][info][gc,heap        ] GC(304) DefNew: 145572K(157248K)->5796K(157248K) Eden: 139776K(139776K)->0K(139776K) From: 5796K(17472K)->5796K(17472K)
[43.997s][info][gc,heap        ] GC(304) Tenured: 140627K(349568K)->140627K(349568K)
[43.997s][info][gc,metaspace   ] GC(304) Metaspace: 59921K(60736K)->59921K(60736K) NonClass: 52363K(52800K)->52363K(52800K) Class: 7558K(7936K)->7558K(7936K)
[43.997s][info][gc             ] GC(304) Pause Young (Allocation Failure) 279M->142M(494M) 14.678ms
[43.997s][info][gc,cpu         ] GC(304) User=0.00s Sys=0.00s Real=0.00s
[44.035s][info][gc,start       ] GC(305) Pause Full (System.gc())
[44.035s][info][gc,phases,start] GC(305) Phase 1: Mark live objects
[44.105s][info][gc,phases      ] GC(305) Phase 1: Mark live objects 70.010ms
[44.105s][info][gc,phases,start] GC(305) Phase 2: Compute new object addresses
[44.151s][info][gc,phases      ] GC(305) Phase 2: Compute new object addresses 46.340ms
[44.151s][info][gc,phases,start] GC(305) Phase 3: Adjust pointers
[44.195s][info][gc,phases      ] GC(305) Phase 3: Adjust pointers 43.692ms
[44.195s][info][gc,phases,start] GC(305) Phase 4: Move objects
[44.220s][info][gc,phases      ] GC(305) Phase 4: Move objects 24.732ms
[44.221s][info][gc,heap        ] GC(305) DefNew: 20084K(157248K)->0K(157248K) Eden: 14287K(139776K)->0K(139776K) From: 5796K(17472K)->0K(17472K)
[44.221s][info][gc,heap        ] GC(305) Tenured: 140627K(349568K)->101550K(349568K)
[44.221s][info][gc,metaspace   ] GC(305) Metaspace: 59948K(60800K)->59948K(60800K) NonClass: 52388K(52864K)->52388K(52864K) Class: 7559K(7936K)->7559K(7936K)
[44.221s][info][gc             ] GC(305) Pause Full (System.gc()) 156M->99M(494M) 185.713ms
[44.221s][info][gc,cpu         ] GC(305) User=0.19s Sys=0.00s Real=0.19s
[44.342s][info][gc,start       ] GC(306) Pause Young (Allocation Failure)
[44.357s][info][gc,heap        ] GC(306) DefNew: 139776K(157248K)->2937K(157248K) Eden: 139776K(139776K)->0K(139776K) From: 0K(17472K)->2937K(17472K)
[44.357s][info][gc,heap        ] GC(306) Tenured: 101550K(349568K)->101550K(349568K)
[44.357s][info][gc,metaspace   ] GC(306) Metaspace: 59992K(60800K)->59992K(60800K) NonClass: 52432K(52864K)->52432K(52864K) Class: 7559K(7936K)->7559K(7936K)
[44.357s][info][gc             ] GC(306) Pause Young (Allocation Failure) 235M->102M(494M) 14.848ms
[44.357s][info][gc,cpu         ] GC(306) User=0.00s Sys=0.00s Real=0.00s
[44.404s][info][gc,start       ] GC(307) Pause Young (Allocation Failure)
[44.430s][info][gc,heap        ] GC(307) DefNew: 142713K(157248K)->8141K(157248K) Eden: 139776K(139776K)->0K(139776K) From: 2937K(17472K)->8141K(17472K)
[44.430s][info][gc,heap        ] GC(307) Tenured: 101550K(349568K)->101550K(349568K)
[44.430s][info][gc,metaspace   ] GC(307) Metaspace: 59995K(60800K)->59995K(60800K) NonClass: 52436K(52864K)->52436K(52864K) Class: 7559K(7936K)->7559K(7936K)
[44.430s][info][gc             ] GC(307) Pause Young (Allocation Failure) 238M->107M(494M) 26.406ms
[44.430s][info][gc,cpu         ] GC(307) User=0.03s Sys=0.00s Real=0.03s
[44.490s][info][gc,start       ] GC(308) Pause Young (Allocation Failure)
[44.527s][info][gc,heap        ] GC(308) DefNew: 147917K(157248K)->14591K(157248K) Eden: 139776K(139776K)->0K(139776K) From: 8141K(17472K)->14591K(17472K)
[44.527s][info][gc,heap        ] GC(308) Tenured: 101550K(349568K)->101550K(349568K)
[44.527s][info][gc,metaspace   ] GC(308) Metaspace: 59998K(60800K)->59998K(60800K) NonClass: 52438K(52864K)->52438K(52864K) Class: 7559K(7936K)->7559K(7936K)
[44.527s][info][gc             ] GC(308) Pause Young (Allocation Failure) 243M->113M(494M) 37.627ms
[44.527s][info][gc,cpu         ] GC(308) User=0.03s Sys=0.00s Real=0.03s
[44.582s][info][gc,start       ] GC(309) Pause Young (Allocation Failure)
[44.625s][info][gc,heap        ] GC(309) DefNew: 154367K(157248K)->12776K(157248K) Eden: 139776K(139776K)->0K(139776K) From: 14591K(17472K)->12776K(17472K)
[44.625s][info][gc,heap        ] GC(309) Tenured: 101550K(349568K)->109175K(349568K)
[44.625s][info][gc,metaspace   ] GC(309) Metaspace: 59999K(60800K)->59999K(60800K) NonClass: 52440K(52864K)->52440K(52864K) Class: 7559K(7936K)->7559K(7936K)
[44.625s][info][gc             ] GC(309) Pause Young (Allocation Failure) 249M->119M(494M) 42.877ms
[44.625s][info][gc,cpu         ] GC(309) User=0.05s Sys=0.00s Real=0.05s
[44.677s][info][gc,start       ] GC(310) Pause Young (Allocation Failure)
[44.838s][info][gc,heap        ] GC(310) DefNew: 150982K(157248K)->11424K(157248K) Eden: 138205K(139776K)->0K(139776K) From: 12776K(17472K)->11424K(17472K)
[44.838s][info][gc,heap        ] GC(310) Tenured: 109175K(349568K)->116137K(349568K)
[44.838s][info][gc,metaspace   ] GC(310) Metaspace: 59999K(60800K)->59999K(60800K) NonClass: 52440K(52864K)->52440K(52864K) Class: 7559K(7936K)->7559K(7936K)
[44.838s][info][gc             ] GC(310) Pause Young (Allocation Failure) 254M->124M(494M) 160.776ms
[44.838s][info][gc,cpu         ] GC(310) User=0.05s Sys=0.00s Real=0.16s
[44.895s][info][gc,start       ] GC(311) Pause Young (Allocation Failure)
[44.936s][info][gc,heap        ] GC(311) DefNew: 151200K(157248K)->12873K(157248K) Eden: 139776K(139776K)->0K(139776K) From: 11424K(17472K)->12873K(17472K)
[44.936s][info][gc,heap        ] GC(311) Tenured: 116137K(349568K)->121951K(349568K)
[44.936s][info][gc,metaspace   ] GC(311) Metaspace: 59999K(60800K)->59999K(60800K) NonClass: 52440K(52864K)->52440K(52864K) Class: 7559K(7936K)->7559K(7936K)
[44.936s][info][gc             ] GC(311) Pause Young (Allocation Failure) 261M->131M(494M) 40.962ms
[44.936s][info][gc,cpu         ] GC(311) User=0.05s Sys=0.00s Real=0.05s
[44.989s][info][gc,start       ] GC(312) Pause Young (Allocation Failure)
[45.031s][info][gc,heap        ] GC(312) DefNew: 152649K(157248K)->12988K(157248K) Eden: 139776K(139776K)->0K(139776K) From: 12873K(17472K)->12988K(17472K)
[45.031s][info][gc,heap        ] GC(312) Tenured: 121951K(349568K)->127561K(349568K)
[45.031s][info][gc,metaspace   ] GC(312) Metaspace: 59999K(60800K)->59999K(60800K) NonClass: 52440K(52864K)->52440K(52864K) Class: 7559K(7936K)->7559K(7936K)
[45.031s][info][gc             ] GC(312) Pause Young (Allocation Failure) 268M->137M(494M) 41.752ms
[45.031s][info][gc,cpu         ] GC(312) User=0.05s Sys=0.00s Real=0.05s
[45.091s][info][gc,start       ] GC(313) Pause Young (Allocation Failure)
[45.131s][info][gc,heap        ] GC(313) DefNew: 152764K(157248K)->10440K(157248K) Eden: 139776K(139776K)->0K(139776K) From: 12988K(17472K)->10440K(17472K)
[45.132s][info][gc,heap        ] GC(313) Tenured: 127561K(349568K)->134823K(349568K)
[45.132s][info][gc,metaspace   ] GC(313) Metaspace: 59999K(60800K)->59999K(60800K) NonClass: 52440K(52864K)->52440K(52864K) Class: 7559K(7936K)->7559K(7936K)
[45.132s][info][gc             ] GC(313) Pause Young (Allocation Failure) 273M->141M(494M) 40.957ms
[45.132s][info][gc,cpu         ] GC(313) User=0.03s Sys=0.00s Real=0.03s
[45.192s][info][gc,start       ] GC(314) Pause Young (Allocation Failure)
[45.216s][info][gc,heap        ] GC(314) DefNew: 150216K(157248K)->4714K(157248K) Eden: 139776K(139776K)->0K(139776K) From: 10440K(17472K)->4714K(17472K)
[45.216s][info][gc,heap        ] GC(314) Tenured: 134823K(349568K)->140549K(349568K)
[45.216s][info][gc,metaspace   ] GC(314) Metaspace: 59999K(60800K)->59999K(60800K) NonClass: 52440K(52864K)->52440K(52864K) Class: 7559K(7936K)->7559K(7936K)
[45.216s][info][gc             ] GC(314) Pause Young (Allocation Failure) 278M->141M(494M) 23.991ms
[45.216s][info][gc,cpu         ] GC(314) User=0.03s Sys=0.00s Real=0.03s
[45.270s][info][gc,start       ] GC(315) Pause Young (Allocation Failure)
[45.282s][info][gc,heap        ] GC(315) DefNew: 144490K(157248K)->4714K(157248K) Eden: 139776K(139776K)->0K(139776K) From: 4714K(17472K)->4714K(17472K)
[45.282s][info][gc,heap        ] GC(315) Tenured: 140549K(349568K)->140549K(349568K)
[45.282s][info][gc,metaspace   ] GC(315) Metaspace: 59999K(60800K)->59999K(60800K) NonClass: 52440K(52864K)->52440K(52864K) Class: 7559K(7936K)->7559K(7936K)
[45.282s][info][gc             ] GC(315) Pause Young (Allocation Failure) 278M->141M(494M) 12.867ms
[45.282s][info][gc,cpu         ] GC(315) User=0.02s Sys=0.00s Real=0.02s
[45.331s][info][gc,start       ] GC(316) Pause Young (Allocation Failure)
[45.341s][info][gc,heap        ] GC(316) DefNew: 144490K(157248K)->4714K(157248K) Eden: 139776K(139776K)->0K(139776K) From: 4714K(17472K)->4714K(17472K)
[45.341s][info][gc,heap        ] GC(316) Tenured: 140549K(349568K)->140549K(349568K)
[45.341s][info][gc,metaspace   ] GC(316) Metaspace: 59999K(60800K)->59999K(60800K) NonClass: 52440K(52864K)->52440K(52864K) Class: 7559K(7936K)->7559K(7936K)
[45.341s][info][gc             ] GC(316) Pause Young (Allocation Failure) 278M->141M(494M) 9.695ms
[45.341s][info][gc,cpu         ] GC(316) User=0.02s Sys=0.00s Real=0.02s
[45.392s][info][gc,start       ] GC(317) Pause Young (Allocation Failure)
[45.405s][info][gc,heap        ] GC(317) DefNew: 144490K(157248K)->4714K(157248K) Eden: 139776K(139776K)->0K(139776K) From: 4714K(17472K)->4714K(17472K)
[45.405s][info][gc,heap        ] GC(317) Tenured: 140549K(349568K)->140549K(349568K)
[45.405s][info][gc,metaspace   ] GC(317) Metaspace: 59999K(60800K)->59999K(60800K) NonClass: 52440K(52864K)->52440K(52864K) Class: 7559K(7936K)->7559K(7936K)
[45.406s][info][gc             ] GC(317) Pause Young (Allocation Failure) 278M->141M(494M) 13.437ms
[45.406s][info][gc,cpu         ] GC(317) User=0.02s Sys=0.00s Real=0.02s
[45.455s][info][gc,start       ] GC(318) Pause Young (Allocation Failure)
[45.468s][info][gc,heap        ] GC(318) DefNew: 144490K(157248K)->4714K(157248K) Eden: 139776K(139776K)->0K(139776K) From: 4714K(17472K)->4714K(17472K)
[45.468s][info][gc,heap        ] GC(318) Tenured: 140549K(349568K)->140549K(349568K)
[45.468s][info][gc,metaspace   ] GC(318) Metaspace: 59999K(60800K)->59999K(60800K) NonClass: 52440K(52864K)->52440K(52864K) Class: 7559K(7936K)->7559K(7936K)
[45.469s][info][gc             ] GC(318) Pause Young (Allocation Failure) 278M->141M(494M) 13.439ms
[45.469s][info][gc,cpu         ] GC(318) User=0.02s Sys=0.00s Real=0.02s
[45.514s][info][gc,start       ] GC(319) Pause Young (Allocation Failure)
[45.527s][info][gc,heap        ] GC(319) DefNew: 144490K(157248K)->4714K(157248K) Eden: 139776K(139776K)->0K(139776K) From: 4714K(17472K)->4714K(17472K)
[45.527s][info][gc,heap        ] GC(319) Tenured: 140549K(349568K)->140549K(349568K)
[45.527s][info][gc,metaspace   ] GC(319) Metaspace: 59999K(60800K)->59999K(60800K) NonClass: 52440K(52864K)->52440K(52864K) Class: 7559K(7936K)->7559K(7936K)
[45.528s][info][gc             ] GC(319) Pause Young (Allocation Failure) 278M->141M(494M) 13.251ms
[45.528s][info][gc,cpu         ] GC(319) User=0.00s Sys=0.00s Real=0.00s
[45.589s][info][gc,start       ] GC(320) Pause Young (Allocation Failure)
[45.602s][info][gc,heap        ] GC(320) DefNew: 144490K(157248K)->4724K(157248K) Eden: 139776K(139776K)->0K(139776K) From: 4714K(17472K)->4724K(17472K)
[45.602s][info][gc,heap        ] GC(320) Tenured: 140549K(349568K)->140549K(349568K)
[45.602s][info][gc,metaspace   ] GC(320) Metaspace: 60000K(60800K)->60000K(60800K) NonClass: 52441K(52864K)->52441K(52864K) Class: 7559K(7936K)->7559K(7936K)
[45.602s][info][gc             ] GC(320) Pause Young (Allocation Failure) 278M->141M(494M) 13.315ms
[45.602s][info][gc,cpu         ] GC(320) User=0.02s Sys=0.00s Real=0.02s
[45.702s][info][gc,start       ] GC(321) Pause Young (Allocation Failure)
[45.715s][info][gc,heap        ] GC(321) DefNew: 144500K(157248K)->4724K(157248K) Eden: 139776K(139776K)->0K(139776K) From: 4724K(17472K)->4724K(17472K)
[45.715s][info][gc,heap        ] GC(321) Tenured: 140549K(349568K)->140549K(349568K)
[45.715s][info][gc,metaspace   ] GC(321) Metaspace: 60000K(60800K)->60000K(60800K) NonClass: 52441K(52864K)->52441K(52864K) Class: 7559K(7936K)->7559K(7936K)
[45.715s][info][gc             ] GC(321) Pause Young (Allocation Failure) 278M->141M(494M) 13.003ms
[45.715s][info][gc,cpu         ] GC(321) User=0.02s Sys=0.00s Real=0.02s
[45.800s][info][gc,start       ] GC(322) Pause Young (Allocation Failure)
[45.813s][info][gc,heap        ] GC(322) DefNew: 144500K(157248K)->4724K(157248K) Eden: 139776K(139776K)->0K(139776K) From: 4724K(17472K)->4724K(17472K)
[45.813s][info][gc,heap        ] GC(322) Tenured: 140549K(349568K)->140549K(349568K)
[45.813s][info][gc,metaspace   ] GC(322) Metaspace: 60000K(60800K)->60000K(60800K) NonClass: 52441K(52864K)->52441K(52864K) Class: 7559K(7936K)->7559K(7936K)
[45.813s][info][gc             ] GC(322) Pause Young (Allocation Failure) 278M->141M(494M) 13.116ms
[45.813s][info][gc,cpu         ] GC(322) User=0.02s Sys=0.00s Real=0.02s
[45.897s][info][gc,start       ] GC(323) Pause Young (Allocation Failure)
[45.910s][info][gc,heap        ] GC(323) DefNew: 144500K(157248K)->4724K(157248K) Eden: 139776K(139776K)->0K(139776K) From: 4724K(17472K)->4724K(17472K)
[45.910s][info][gc,heap        ] GC(323) Tenured: 140549K(349568K)->140549K(349568K)
[45.910s][info][gc,metaspace   ] GC(323) Metaspace: 60000K(60800K)->60000K(60800K) NonClass: 52441K(52864K)->52441K(52864K) Class: 7559K(7936K)->7559K(7936K)
[45.910s][info][gc             ] GC(323) Pause Young (Allocation Failure) 278M->141M(494M) 13.423ms
[45.910s][info][gc,cpu         ] GC(323) User=0.02s Sys=0.00s Real=0.02s
[45.995s][info][gc,start       ] GC(324) Pause Young (Allocation Failure)
[46.008s][info][gc,heap        ] GC(324) DefNew: 144500K(157248K)->4724K(157248K) Eden: 139776K(139776K)->0K(139776K) From: 4724K(17472K)->4724K(17472K)
[46.008s][info][gc,heap        ] GC(324) Tenured: 140549K(349568K)->140549K(349568K)
[46.008s][info][gc,metaspace   ] GC(324) Metaspace: 60000K(60800K)->60000K(60800K) NonClass: 52441K(52864K)->52441K(52864K) Class: 7559K(7936K)->7559K(7936K)
[46.008s][info][gc             ] GC(324) Pause Young (Allocation Failure) 278M->141M(494M) 12.988ms
[46.008s][info][gc,cpu         ] GC(324) User=0.02s Sys=0.00s Real=0.02s
[46.096s][info][gc,start       ] GC(325) Pause Young (Allocation Failure)
[46.109s][info][gc,heap        ] GC(325) DefNew: 144500K(157248K)->4724K(157248K) Eden: 139776K(139776K)->0K(139776K) From: 4724K(17472K)->4724K(17472K)
[46.109s][info][gc,heap        ] GC(325) Tenured: 140549K(349568K)->140549K(349568K)
[46.109s][info][gc,metaspace   ] GC(325) Metaspace: 60000K(60800K)->60000K(60800K) NonClass: 52441K(52864K)->52441K(52864K) Class: 7559K(7936K)->7559K(7936K)
[46.109s][info][gc             ] GC(325) Pause Young (Allocation Failure) 278M->141M(494M) 13.619ms
[46.109s][info][gc,cpu         ] GC(325) User=0.02s Sys=0.00s Real=0.02s
[46.212s][info][gc,start       ] GC(326) Pause Young (Allocation Failure)
[46.225s][info][gc,heap        ] GC(326) DefNew: 144500K(157248K)->4724K(157248K) Eden: 139776K(139776K)->0K(139776K) From: 4724K(17472K)->4724K(17472K)
[46.225s][info][gc,heap        ] GC(326) Tenured: 140549K(349568K)->140549K(349568K)
[46.225s][info][gc,metaspace   ] GC(326) Metaspace: 60000K(60800K)->60000K(60800K) NonClass: 52441K(52864K)->52441K(52864K) Class: 7559K(7936K)->7559K(7936K)
[46.225s][info][gc             ] GC(326) Pause Young (Allocation Failure) 278M->141M(494M) 13.004ms
[46.225s][info][gc,cpu         ] GC(326) User=0.02s Sys=0.00s Real=0.02s
[46.273s][info][gc,start       ] GC(327) Pause Full (System.gc())
[46.273s][info][gc,phases,start] GC(327) Phase 1: Mark live objects
[46.349s][info][gc,phases      ] GC(327) Phase 1: Mark live objects 75.174ms
[46.349s][info][gc,phases,start] GC(327) Phase 2: Compute new object addresses
[46.394s][info][gc,phases      ] GC(327) Phase 2: Compute new object addresses 45.706ms
[46.394s][info][gc,phases,start] GC(327) Phase 3: Adjust pointers
[46.435s][info][gc,phases      ] GC(327) Phase 3: Adjust pointers 40.996ms
[46.435s][info][gc,phases,start] GC(327) Phase 4: Move objects
[46.435s][info][gc,phases      ] GC(327) Phase 4: Move objects 0.028ms
[46.436s][info][gc,heap        ] GC(327) DefNew: 21695K(157248K)->0K(157248K) Eden: 16971K(139776K)->0K(139776K) From: 4724K(17472K)->0K(17472K)
[46.436s][info][gc,heap        ] GC(327) Tenured: 140549K(349568K)->118594K(349568K)
[46.436s][info][gc,metaspace   ] GC(327) Metaspace: 60020K(60928K)->60020K(60928K) NonClass: 52461K(52992K)->52461K(52992K) Class: 7559K(7936K)->7559K(7936K)
[46.436s][info][gc             ] GC(327) Pause Full (System.gc()) 158M->115M(494M) 162.826ms
[46.436s][info][gc,cpu         ] GC(327) User=0.16s Sys=0.00s Real=0.16s
[46.559s][info][gc,start       ] GC(328) Pause Young (Allocation Failure)
[46.574s][info][gc,heap        ] GC(328) DefNew: 139776K(157248K)->2932K(157248K) Eden: 139776K(139776K)->0K(139776K) From: 0K(17472K)->2932K(17472K)
[46.574s][info][gc,heap        ] GC(328) Tenured: 118594K(349568K)->118594K(349568K)
[46.574s][info][gc,metaspace   ] GC(328) Metaspace: 60085K(60928K)->60085K(60928K) NonClass: 52523K(52992K)->52523K(52992K) Class: 7561K(7936K)->7561K(7936K)
[46.575s][info][gc             ] GC(328) Pause Young (Allocation Failure) 252M->118M(494M) 15.679ms
[46.575s][info][gc,cpu         ] GC(328) User=0.02s Sys=0.00s Real=0.02s
[46.625s][info][gc,start       ] GC(329) Pause Young (Allocation Failure)
[46.651s][info][gc,heap        ] GC(329) DefNew: 142708K(157248K)->8027K(157248K) Eden: 139776K(139776K)->0K(139776K) From: 2932K(17472K)->8027K(17472K)
[46.651s][info][gc,heap        ] GC(329) Tenured: 118594K(349568K)->118594K(349568K)
[46.651s][info][gc,metaspace   ] GC(329) Metaspace: 60089K(60992K)->60089K(60992K) NonClass: 52528K(53056K)->52528K(53056K) Class: 7561K(7936K)->7561K(7936K)
[46.651s][info][gc             ] GC(329) Pause Young (Allocation Failure) 255M->123M(494M) 26.923ms
[46.651s][info][gc,cpu         ] GC(329) User=0.03s Sys=0.00s Real=0.03s
[46.704s][info][gc,start       ] GC(330) Pause Young (Allocation Failure)
[46.738s][info][gc,heap        ] GC(330) DefNew: 147803K(157248K)->13822K(157248K) Eden: 139776K(139776K)->0K(139776K) From: 8027K(17472K)->13822K(17472K)
[46.738s][info][gc,heap        ] GC(330) Tenured: 118594K(349568K)->118594K(349568K)
[46.738s][info][gc,metaspace   ] GC(330) Metaspace: 60089K(60992K)->60089K(60992K) NonClass: 52528K(53056K)->52528K(53056K) Class: 7561K(7936K)->7561K(7936K)
[46.738s][info][gc             ] GC(330) Pause Young (Allocation Failure) 260M->129M(494M) 34.564ms
[46.738s][info][gc,cpu         ] GC(330) User=0.03s Sys=0.00s Real=0.03s
[46.793s][info][gc,start       ] GC(331) Pause Young (Allocation Failure)
[46.841s][info][gc,heap        ] GC(331) DefNew: 153598K(157248K)->11857K(157248K) Eden: 139776K(139776K)->0K(139776K) From: 13822K(17472K)->11857K(17472K)
[46.842s][info][gc,heap        ] GC(331) Tenured: 118594K(349568K)->126110K(349568K)
[46.842s][info][gc,metaspace   ] GC(331) Metaspace: 60089K(60992K)->60089K(60992K) NonClass: 52528K(53056K)->52528K(53056K) Class: 7561K(7936K)->7561K(7936K)
[46.842s][info][gc             ] GC(331) Pause Young (Allocation Failure) 265M->134M(494M) 48.742ms
[46.842s][info][gc,cpu         ] GC(331) User=0.09s Sys=0.00s Real=0.05s
[46.899s][info][gc,start       ] GC(332) Pause Young (Allocation Failure)
[46.942s][info][gc,heap        ] GC(332) DefNew: 151633K(157248K)->11301K(157248K) Eden: 139776K(139776K)->0K(139776K) From: 11857K(17472K)->11301K(17472K)
[46.942s][info][gc,heap        ] GC(332) Tenured: 126110K(349568K)->132416K(349568K)
[46.942s][info][gc,metaspace   ] GC(332) Metaspace: 60089K(60992K)->60089K(60992K) NonClass: 52528K(53056K)->52528K(53056K) Class: 7561K(7936K)->7561K(7936K)
[46.942s][info][gc             ] GC(332) Pause Young (Allocation Failure) 271M->140M(494M) 43.111ms
[46.942s][info][gc,cpu         ] GC(332) User=0.09s Sys=0.00s Real=0.05s
[46.999s][info][gc,start       ] GC(333) Pause Young (Allocation Failure)
[47.041s][info][gc,heap        ] GC(333) DefNew: 151077K(157248K)->13001K(157248K) Eden: 139776K(139776K)->0K(139776K) From: 11301K(17472K)->13001K(17472K)
[47.041s][info][gc,heap        ] GC(333) Tenured: 132416K(349568K)->137967K(349568K)
[47.041s][info][gc,metaspace   ] GC(333) Metaspace: 60089K(60992K)->60089K(60992K) NonClass: 52528K(53056K)->52528K(53056K) Class: 7561K(7936K)->7561K(7936K)
[47.041s][info][gc             ] GC(333) Pause Young (Allocation Failure) 276M->147M(494M) 41.758ms
[47.041s][info][gc,cpu         ] GC(333) User=0.09s Sys=0.00s Real=0.05s
[47.098s][info][gc,start       ] GC(334) Pause Young (Allocation Failure)
[47.140s][info][gc,heap        ] GC(334) DefNew: 152777K(157248K)->12983K(157248K) Eden: 139776K(139776K)->0K(139776K) From: 13001K(17472K)->12983K(17472K)
[47.140s][info][gc,heap        ] GC(334) Tenured: 137967K(349568K)->143717K(349568K)
[47.140s][info][gc,metaspace   ] GC(334) Metaspace: 60089K(60992K)->60089K(60992K) NonClass: 52528K(53056K)->52528K(53056K) Class: 7561K(7936K)->7561K(7936K)
[47.140s][info][gc             ] GC(334) Pause Young (Allocation Failure) 283M->153M(494M) 41.400ms
[47.140s][info][gc,cpu         ] GC(334) User=0.03s Sys=0.00s Real=0.03s
[47.195s][info][gc,start       ] GC(335) Pause Young (Allocation Failure)
[47.239s][info][gc,heap        ] GC(335) DefNew: 152759K(157248K)->11327K(157248K) Eden: 139776K(139776K)->0K(139776K) From: 12983K(17472K)->11327K(17472K)
[47.239s][info][gc,heap        ] GC(335) Tenured: 143717K(349568K)->150967K(349568K)
[47.239s][info][gc,metaspace   ] GC(335) Metaspace: 60089K(60992K)->60089K(60992K) NonClass: 52528K(53056K)->52528K(53056K) Class: 7561K(7936K)->7561K(7936K)
[47.239s][info][gc             ] GC(335) Pause Young (Allocation Failure) 289M->158M(494M) 43.115ms
[47.239s][info][gc,cpu         ] GC(335) User=0.05s Sys=0.00s Real=0.05s
[47.308s][info][gc,start       ] GC(336) Pause Young (Allocation Failure)
[47.331s][info][gc,heap        ] GC(336) DefNew: 151103K(157248K)->5595K(157248K) Eden: 139776K(139776K)->0K(139776K) From: 11327K(17472K)->5595K(17472K)
[47.331s][info][gc,heap        ] GC(336) Tenured: 150967K(349568K)->156700K(349568K)
[47.331s][info][gc,metaspace   ] GC(336) Metaspace: 60089K(60992K)->60089K(60992K) NonClass: 52528K(53056K)->52528K(53056K) Class: 7561K(7936K)->7561K(7936K)
[47.331s][info][gc             ] GC(336) Pause Young (Allocation Failure) 294M->158M(494M) 22.900ms
[47.331s][info][gc,cpu         ] GC(336) User=0.03s Sys=0.00s Real=0.03s
[47.382s][info][gc,start       ] GC(337) Pause Young (Allocation Failure)
[47.396s][info][gc,heap        ] GC(337) DefNew: 145371K(157248K)->5595K(157248K) Eden: 139776K(139776K)->0K(139776K) From: 5595K(17472K)->5595K(17472K)
[47.396s][info][gc,heap        ] GC(337) Tenured: 156700K(349568K)->156700K(349568K)
[47.396s][info][gc,metaspace   ] GC(337) Metaspace: 60089K(60992K)->60089K(60992K) NonClass: 52528K(53056K)->52528K(53056K) Class: 7561K(7936K)->7561K(7936K)
[47.396s][info][gc             ] GC(337) Pause Young (Allocation Failure) 294M->158M(494M) 14.809ms
[47.396s][info][gc,cpu         ] GC(337) User=0.02s Sys=0.00s Real=0.02s
[47.446s][info][gc,start       ] GC(338) Pause Young (Allocation Failure)
[47.664s][info][gc,heap        ] GC(338) DefNew: 145371K(157248K)->5595K(157248K) Eden: 139776K(139776K)->0K(139776K) From: 5595K(17472K)->5595K(17472K)
[47.664s][info][gc,heap        ] GC(338) Tenured: 156700K(349568K)->156700K(349568K)
[47.664s][info][gc,metaspace   ] GC(338) Metaspace: 60089K(60992K)->60089K(60992K) NonClass: 52528K(53056K)->52528K(53056K) Class: 7561K(7936K)->7561K(7936K)
[47.664s][info][gc             ] GC(338) Pause Young (Allocation Failure) 294M->158M(494M) 218.461ms
[47.664s][info][gc,cpu         ] GC(338) User=0.00s Sys=0.00s Real=0.21s
[47.725s][info][gc,start       ] GC(339) Pause Young (Allocation Failure)
[47.740s][info][gc,heap        ] GC(339) DefNew: 145371K(157248K)->5595K(157248K) Eden: 139776K(139776K)->0K(139776K) From: 5595K(17472K)->5595K(17472K)
[47.740s][info][gc,heap        ] GC(339) Tenured: 156700K(349568K)->156700K(349568K)
[47.740s][info][gc,metaspace   ] GC(339) Metaspace: 60089K(60992K)->60089K(60992K) NonClass: 52528K(53056K)->52528K(53056K) Class: 7561K(7936K)->7561K(7936K)
[47.740s][info][gc             ] GC(339) Pause Young (Allocation Failure) 294M->158M(494M) 15.666ms
[47.740s][info][gc,cpu         ] GC(339) User=0.02s Sys=0.00s Real=0.02s
[47.789s][info][gc,start       ] GC(340) Pause Young (Allocation Failure)
[47.804s][info][gc,heap        ] GC(340) DefNew: 145371K(157248K)->5595K(157248K) Eden: 139776K(139776K)->0K(139776K) From: 5595K(17472K)->5595K(17472K)
[47.804s][info][gc,heap        ] GC(340) Tenured: 156700K(349568K)->156700K(349568K)
[47.804s][info][gc,metaspace   ] GC(340) Metaspace: 60089K(60992K)->60089K(60992K) NonClass: 52528K(53056K)->52528K(53056K) Class: 7561K(7936K)->7561K(7936K)
[47.804s][info][gc             ] GC(340) Pause Young (Allocation Failure) 294M->158M(494M) 14.526ms
[47.804s][info][gc,cpu         ] GC(340) User=0.02s Sys=0.00s Real=0.02s
[47.865s][info][gc,start       ] GC(341) Pause Young (Allocation Failure)
[47.875s][info][gc,heap        ] GC(341) DefNew: 145371K(157248K)->5595K(157248K) Eden: 139776K(139776K)->0K(139776K) From: 5595K(17472K)->5595K(17472K)
[47.875s][info][gc,heap        ] GC(341) Tenured: 156700K(349568K)->156700K(349568K)
[47.875s][info][gc,metaspace   ] GC(341) Metaspace: 60089K(60992K)->60089K(60992K) NonClass: 52528K(53056K)->52528K(53056K) Class: 7561K(7936K)->7561K(7936K)
[47.875s][info][gc             ] GC(341) Pause Young (Allocation Failure) 294M->158M(494M) 9.920ms
[47.875s][info][gc,cpu         ] GC(341) User=0.02s Sys=0.00s Real=0.01s
[47.962s][info][gc,start       ] GC(342) Pause Young (Allocation Failure)
[47.976s][info][gc,heap        ] GC(342) DefNew: 145371K(157248K)->5607K(157248K) Eden: 139776K(139776K)->0K(139776K) From: 5595K(17472K)->5607K(17472K)
[47.976s][info][gc,heap        ] GC(342) Tenured: 156700K(349568K)->156700K(349568K)
[47.977s][info][gc,metaspace   ] GC(342) Metaspace: 60092K(60992K)->60092K(60992K) NonClass: 52531K(53056K)->52531K(53056K) Class: 7561K(7936K)->7561K(7936K)
[47.977s][info][gc             ] GC(342) Pause Young (Allocation Failure) 294M->158M(494M) 14.145ms
[47.977s][info][gc,cpu         ] GC(342) User=0.00s Sys=0.00s Real=0.00s
[48.075s][info][gc,start       ] GC(343) Pause Young (Allocation Failure)
[48.090s][info][gc,heap        ] GC(343) DefNew: 145383K(157248K)->5607K(157248K) Eden: 139776K(139776K)->0K(139776K) From: 5607K(17472K)->5607K(17472K)
[48.090s][info][gc,heap        ] GC(343) Tenured: 156700K(349568K)->156700K(349568K)
[48.090s][info][gc,metaspace   ] GC(343) Metaspace: 60092K(60992K)->60092K(60992K) NonClass: 52531K(53056K)->52531K(53056K) Class: 7561K(7936K)->7561K(7936K)
[48.090s][info][gc             ] GC(343) Pause Young (Allocation Failure) 295M->158M(494M) 15.042ms
[48.090s][info][gc,cpu         ] GC(343) User=0.02s Sys=0.00s Real=0.01s
[48.178s][info][gc,start       ] GC(344) Pause Young (Allocation Failure)
[48.193s][info][gc,heap        ] GC(344) DefNew: 145383K(157248K)->5607K(157248K) Eden: 139776K(139776K)->0K(139776K) From: 5607K(17472K)->5607K(17472K)
[48.193s][info][gc,heap        ] GC(344) Tenured: 156700K(349568K)->156700K(349568K)
[48.193s][info][gc,metaspace   ] GC(344) Metaspace: 60092K(60992K)->60092K(60992K) NonClass: 52531K(53056K)->52531K(53056K) Class: 7561K(7936K)->7561K(7936K)
[48.193s][info][gc             ] GC(344) Pause Young (Allocation Failure) 295M->158M(494M) 15.616ms
[48.194s][info][gc,cpu         ] GC(344) User=0.02s Sys=0.00s Real=0.02s
[48.279s][info][gc,start       ] GC(345) Pause Young (Allocation Failure)
[48.294s][info][gc,heap        ] GC(345) DefNew: 145383K(157248K)->5607K(157248K) Eden: 139776K(139776K)->0K(139776K) From: 5607K(17472K)->5607K(17472K)
[48.294s][info][gc,heap        ] GC(345) Tenured: 156700K(349568K)->156700K(349568K)
[48.294s][info][gc,metaspace   ] GC(345) Metaspace: 60092K(60992K)->60092K(60992K) NonClass: 52531K(53056K)->52531K(53056K) Class: 7561K(7936K)->7561K(7936K)
[48.294s][info][gc             ] GC(345) Pause Young (Allocation Failure) 295M->158M(494M) 15.731ms
[48.294s][info][gc,cpu         ] GC(345) User=0.02s Sys=0.00s Real=0.02s
[48.380s][info][gc,start       ] GC(346) Pause Young (Allocation Failure)
[48.395s][info][gc,heap        ] GC(346) DefNew: 145383K(157248K)->5607K(157248K) Eden: 139776K(139776K)->0K(139776K) From: 5607K(17472K)->5607K(17472K)
[48.395s][info][gc,heap        ] GC(346) Tenured: 156700K(349568K)->156700K(349568K)
[48.395s][info][gc,metaspace   ] GC(346) Metaspace: 60092K(60992K)->60092K(60992K) NonClass: 52531K(53056K)->52531K(53056K) Class: 7561K(7936K)->7561K(7936K)
[48.395s][info][gc             ] GC(346) Pause Young (Allocation Failure) 295M->158M(494M) 15.229ms
[48.395s][info][gc,cpu         ] GC(346) User=0.02s Sys=0.00s Real=0.02s
[48.479s][info][gc,start       ] GC(347) Pause Young (Allocation Failure)
[48.494s][info][gc,heap        ] GC(347) DefNew: 145383K(157248K)->5607K(157248K) Eden: 139776K(139776K)->0K(139776K) From: 5607K(17472K)->5607K(17472K)
[48.494s][info][gc,heap        ] GC(347) Tenured: 156700K(349568K)->156700K(349568K)
[48.494s][info][gc,metaspace   ] GC(347) Metaspace: 60092K(60992K)->60092K(60992K) NonClass: 52531K(53056K)->52531K(53056K) Class: 7561K(7936K)->7561K(7936K)
[48.494s][info][gc             ] GC(347) Pause Young (Allocation Failure) 295M->158M(494M) 15.474ms
[48.494s][info][gc,cpu         ] GC(347) User=0.02s Sys=0.00s Real=0.02s
[48.580s][info][gc,start       ] GC(348) Pause Young (Allocation Failure)
[48.596s][info][gc,heap        ] GC(348) DefNew: 145383K(157248K)->5607K(157248K) Eden: 139776K(139776K)->0K(139776K) From: 5607K(17472K)->5607K(17472K)
[48.596s][info][gc,heap        ] GC(348) Tenured: 156700K(349568K)->156700K(349568K)
[48.596s][info][gc,metaspace   ] GC(348) Metaspace: 60092K(60992K)->60092K(60992K) NonClass: 52531K(53056K)->52531K(53056K) Class: 7561K(7936K)->7561K(7936K)
[48.596s][info][gc             ] GC(348) Pause Young (Allocation Failure) 295M->158M(494M) 15.372ms
[48.596s][info][gc,cpu         ] GC(348) User=0.02s Sys=0.00s Real=0.02s
[48.626s][info][gc,start       ] GC(349) Pause Full (System.gc())
[48.627s][info][gc,phases,start] GC(349) Phase 1: Mark live objects
[48.714s][info][gc,phases      ] GC(349) Phase 1: Mark live objects 87.466ms
[48.714s][info][gc,phases,start] GC(349) Phase 2: Compute new object addresses
[48.759s][info][gc,phases      ] GC(349) Phase 2: Compute new object addresses 44.405ms
[48.759s][info][gc,phases,start] GC(349) Phase 3: Adjust pointers
[48.801s][info][gc,phases      ] GC(349) Phase 3: Adjust pointers 41.954ms
[48.801s][info][gc,phases,start] GC(349) Phase 4: Move objects
[48.801s][info][gc,phases      ] GC(349) Phase 4: Move objects 0.028ms
[48.801s][info][gc,heap        ] GC(349) DefNew: 16896K(157248K)->0K(157248K) Eden: 11289K(139776K)->0K(139776K) From: 5607K(17472K)->0K(17472K)
[48.801s][info][gc,heap        ] GC(349) Tenured: 156700K(349568K)->119025K(349568K)
[48.801s][info][gc,metaspace   ] GC(349) Metaspace: 60108K(60992K)->60108K(60992K) NonClass: 52547K(53056K)->52547K(53056K) Class: 7561K(7936K)->7561K(7936K)
[48.801s][info][gc             ] GC(349) Pause Full (System.gc()) 169M->116M(494M) 174.751ms
[48.801s][info][gc,cpu         ] GC(349) User=0.16s Sys=0.00s Real=0.16s
[48.918s][info][gc,start       ] GC(350) Pause Young (Allocation Failure)
[48.929s][info][gc,heap        ] GC(350) DefNew: 139776K(157248K)->2265K(157248K) Eden: 139776K(139776K)->0K(139776K) From: 0K(17472K)->2265K(17472K)
[48.929s][info][gc,heap        ] GC(350) Tenured: 119025K(349568K)->119025K(349568K)
[48.929s][info][gc,metaspace   ] GC(350) Metaspace: 60137K(60992K)->60137K(60992K) NonClass: 52575K(53056K)->52575K(53056K) Class: 7561K(7936K)->7561K(7936K)
[48.930s][info][gc             ] GC(350) Pause Young (Allocation Failure) 252M->118M(494M) 11.932ms
[48.930s][info][gc,cpu         ] GC(350) User=0.02s Sys=0.00s Real=0.02s
[48.983s][info][gc,start       ] GC(351) Pause Young (Allocation Failure)
[49.007s][info][gc,heap        ] GC(351) DefNew: 142041K(157248K)->6473K(157248K) Eden: 139776K(139776K)->0K(139776K) From: 2265K(17472K)->6473K(17472K)
[49.007s][info][gc,heap        ] GC(351) Tenured: 119025K(349568K)->119025K(349568K)
[49.007s][info][gc,metaspace   ] GC(351) Metaspace: 60137K(60992K)->60137K(60992K) NonClass: 52575K(53056K)->52575K(53056K) Class: 7561K(7936K)->7561K(7936K)
[49.007s][info][gc             ] GC(351) Pause Young (Allocation Failure) 254M->122M(494M) 24.180ms
[49.007s][info][gc,cpu         ] GC(351) User=0.03s Sys=0.00s Real=0.03s
[49.061s][info][gc,start       ] GC(352) Pause Young (Allocation Failure)
[49.093s][info][gc,heap        ] GC(352) DefNew: 146249K(157248K)->11439K(157248K) Eden: 139776K(139776K)->0K(139776K) From: 6473K(17472K)->11439K(17472K)
[49.093s][info][gc,heap        ] GC(352) Tenured: 119025K(349568K)->119025K(349568K)
[49.093s][info][gc,metaspace   ] GC(352) Metaspace: 60137K(60992K)->60137K(60992K) NonClass: 52575K(53056K)->52575K(53056K) Class: 7561K(7936K)->7561K(7936K)
[49.093s][info][gc             ] GC(352) Pause Young (Allocation Failure) 259M->127M(494M) 32.533ms
[49.093s][info][gc,cpu         ] GC(352) User=0.03s Sys=0.00s Real=0.03s
[49.150s][info][gc,start       ] GC(353) Pause Young (Allocation Failure)
[49.188s][info][gc,heap        ] GC(353) DefNew: 151215K(157248K)->10949K(157248K) Eden: 139776K(139776K)->0K(139776K) From: 11439K(17472K)->10949K(17472K)
[49.188s][info][gc,heap        ] GC(353) Tenured: 119025K(349568K)->125242K(349568K)
[49.188s][info][gc,metaspace   ] GC(353) Metaspace: 60137K(60992K)->60137K(60992K) NonClass: 52575K(53056K)->52575K(53056K) Class: 7561K(7936K)->7561K(7936K)
[49.188s][info][gc             ] GC(353) Pause Young (Allocation Failure) 263M->132M(494M) 37.814ms
[49.188s][info][gc,cpu         ] GC(353) User=0.03s Sys=0.00s Real=0.03s
[49.240s][info][gc,start       ] GC(354) Pause Young (Allocation Failure)
[49.280s][info][gc,heap        ] GC(354) DefNew: 150725K(157248K)->11901K(157248K) Eden: 139776K(139776K)->0K(139776K) From: 10949K(17472K)->11901K(17472K)
[49.280s][info][gc,heap        ] GC(354) Tenured: 125242K(349568K)->129952K(349568K)
[49.280s][info][gc,metaspace   ] GC(354) Metaspace: 60137K(60992K)->60137K(60992K) NonClass: 52575K(53056K)->52575K(53056K) Class: 7561K(7936K)->7561K(7936K)
[49.280s][info][gc             ] GC(354) Pause Young (Allocation Failure) 269M->138M(494M) 39.405ms
[49.280s][info][gc,cpu         ] GC(354) User=0.05s Sys=0.00s Real=0.05s
[49.337s][info][gc,start       ] GC(355) Pause Young (Allocation Failure)
[49.389s][info][gc,heap        ] GC(355) DefNew: 151677K(157248K)->12910K(157248K) Eden: 139776K(139776K)->0K(139776K) From: 11901K(17472K)->12910K(17472K)
[49.389s][info][gc,heap        ] GC(355) Tenured: 129952K(349568K)->135167K(349568K)
[49.389s][info][gc,metaspace   ] GC(355) Metaspace: 60137K(60992K)->60137K(60992K) NonClass: 52575K(53056K)->52575K(53056K) Class: 7561K(7936K)->7561K(7936K)
[49.389s][info][gc             ] GC(355) Pause Young (Allocation Failure) 275M->144M(494M) 51.711ms
[49.389s][info][gc,cpu         ] GC(355) User=0.03s Sys=0.00s Real=0.05s
[49.441s][info][gc,start       ] GC(356) Pause Young (Allocation Failure)
[49.481s][info][gc,heap        ] GC(356) DefNew: 152686K(157248K)->12868K(157248K) Eden: 139776K(139776K)->0K(139776K) From: 12910K(17472K)->12868K(17472K)
[49.481s][info][gc,heap        ] GC(356) Tenured: 135167K(349568K)->140829K(349568K)
[49.481s][info][gc,metaspace   ] GC(356) Metaspace: 60137K(60992K)->60137K(60992K) NonClass: 52575K(53056K)->52575K(53056K) Class: 7561K(7936K)->7561K(7936K)
[49.481s][info][gc             ] GC(356) Pause Young (Allocation Failure) 281M->150M(494M) 40.006ms
[49.481s][info][gc,cpu         ] GC(356) User=0.05s Sys=0.00s Real=0.05s
[49.537s][info][gc,start       ] GC(357) Pause Young (Allocation Failure)
[49.580s][info][gc,heap        ] GC(357) DefNew: 152644K(157248K)->11305K(157248K) Eden: 139776K(139776K)->0K(139776K) From: 12868K(17472K)->11305K(17472K)
[49.580s][info][gc,heap        ] GC(357) Tenured: 140829K(349568K)->148077K(349568K)
[49.580s][info][gc,metaspace   ] GC(357) Metaspace: 60137K(60992K)->60137K(60992K) NonClass: 52575K(53056K)->52575K(53056K) Class: 7561K(7936K)->7561K(7936K)
[49.580s][info][gc             ] GC(357) Pause Young (Allocation Failure) 286M->155M(494M) 42.735ms
[49.580s][info][gc,cpu         ] GC(357) User=0.05s Sys=0.00s Real=0.05s
[49.636s][info][gc,start       ] GC(358) Pause Young (Allocation Failure)
[49.666s][info][gc,heap        ] GC(358) DefNew: 151081K(157248K)->8005K(157248K) Eden: 139776K(139776K)->0K(139776K) From: 11305K(17472K)->8005K(17472K)
[49.666s][info][gc,heap        ] GC(358) Tenured: 148077K(349568K)->153697K(349568K)
[49.666s][info][gc,metaspace   ] GC(358) Metaspace: 60137K(60992K)->60137K(60992K) NonClass: 52576K(53056K)->52576K(53056K) Class: 7561K(7936K)->7561K(7936K)
[49.666s][info][gc             ] GC(358) Pause Young (Allocation Failure) 292M->157M(494M) 30.047ms
[49.667s][info][gc,cpu         ] GC(358) User=0.03s Sys=0.00s Real=0.03s
[49.721s][info][gc,start       ] GC(359) Pause Young (Allocation Failure)
[49.739s][info][gc,heap        ] GC(359) DefNew: 147781K(157248K)->8005K(157248K) Eden: 139776K(139776K)->0K(139776K) From: 8005K(17472K)->8005K(17472K)
[49.739s][info][gc,heap        ] GC(359) Tenured: 153697K(349568K)->153697K(349568K)
[49.739s][info][gc,metaspace   ] GC(359) Metaspace: 60137K(60992K)->60137K(60992K) NonClass: 52576K(53056K)->52576K(53056K) Class: 7561K(7936K)->7561K(7936K)
[49.739s][info][gc             ] GC(359) Pause Young (Allocation Failure) 294M->157M(494M) 18.085ms
[49.739s][info][gc,cpu         ] GC(359) User=0.02s Sys=0.00s Real=0.02s
[49.788s][info][gc,start       ] GC(360) Pause Young (Allocation Failure)
[49.806s][info][gc,heap        ] GC(360) DefNew: 147781K(157248K)->8005K(157248K) Eden: 139776K(139776K)->0K(139776K) From: 8005K(17472K)->8005K(17472K)
[49.806s][info][gc,heap        ] GC(360) Tenured: 153697K(349568K)->153697K(349568K)
[49.806s][info][gc,metaspace   ] GC(360) Metaspace: 60137K(60992K)->60137K(60992K) NonClass: 52576K(53056K)->52576K(53056K) Class: 7561K(7936K)->7561K(7936K)
[49.806s][info][gc             ] GC(360) Pause Young (Allocation Failure) 294M->157M(494M) 18.020ms
[49.806s][info][gc,cpu         ] GC(360) User=0.02s Sys=0.00s Real=0.02s
[49.856s][info][gc,start       ] GC(361) Pause Young (Allocation Failure)
[49.875s][info][gc,heap        ] GC(361) DefNew: 147781K(157248K)->8005K(157248K) Eden: 139776K(139776K)->0K(139776K) From: 8005K(17472K)->8005K(17472K)
[49.875s][info][gc,heap        ] GC(361) Tenured: 153697K(349568K)->153697K(349568K)
[49.875s][info][gc,metaspace   ] GC(361) Metaspace: 60137K(60992K)->60137K(60992K) NonClass: 52576K(53056K)->52576K(53056K) Class: 7561K(7936K)->7561K(7936K)
[49.875s][info][gc             ] GC(361) Pause Young (Allocation Failure) 294M->157M(494M) 19.111ms
[49.875s][info][gc,cpu         ] GC(361) User=0.02s Sys=0.00s Real=0.02s
[49.926s][info][gc,start       ] GC(362) Pause Young (Allocation Failure)
[49.945s][info][gc,heap        ] GC(362) DefNew: 147781K(157248K)->8005K(157248K) Eden: 139776K(139776K)->0K(139776K) From: 8005K(17472K)->8005K(17472K)
[49.945s][info][gc,heap        ] GC(362) Tenured: 153697K(349568K)->153697K(349568K)
[49.945s][info][gc,metaspace   ] GC(362) Metaspace: 60137K(60992K)->60137K(60992K) NonClass: 52576K(53056K)->52576K(53056K) Class: 7561K(7936K)->7561K(7936K)
[49.945s][info][gc             ] GC(362) Pause Young (Allocation Failure) 294M->157M(494M) 19.245ms
[49.945s][info][gc,cpu         ] GC(362) User=0.03s Sys=0.00s Real=0.03s
[50.005s][info][gc,start       ] GC(363) Pause Young (Allocation Failure)
[50.024s][info][gc,heap        ] GC(363) DefNew: 147781K(157248K)->8016K(157248K) Eden: 139776K(139776K)->0K(139776K) From: 8005K(17472K)->8016K(17472K)
[50.024s][info][gc,heap        ] GC(363) Tenured: 153697K(349568K)->153697K(349568K)
[50.025s][info][gc,metaspace   ] GC(363) Metaspace: 60137K(60992K)->60137K(60992K) NonClass: 52576K(53056K)->52576K(53056K) Class: 7561K(7936K)->7561K(7936K)
[50.025s][info][gc             ] GC(363) Pause Young (Allocation Failure) 294M->157M(494M) 20.069ms
[50.025s][info][gc,cpu         ] GC(363) User=0.03s Sys=0.00s Real=0.03s
[50.120s][info][gc,start       ] GC(364) Pause Young (Allocation Failure)
[50.138s][info][gc,heap        ] GC(364) DefNew: 147792K(157248K)->8016K(157248K) Eden: 139776K(139776K)->0K(139776K) From: 8016K(17472K)->8016K(17472K)
[50.138s][info][gc,heap        ] GC(364) Tenured: 153697K(349568K)->153697K(349568K)
[50.138s][info][gc,metaspace   ] GC(364) Metaspace: 60137K(60992K)->60137K(60992K) NonClass: 52576K(53056K)->52576K(53056K) Class: 7561K(7936K)->7561K(7936K)
[50.138s][info][gc             ] GC(364) Pause Young (Allocation Failure) 294M->157M(494M) 18.146ms
[50.138s][info][gc,cpu         ] GC(364) User=0.02s Sys=0.00s Real=0.02s
[50.228s][info][gc,start       ] GC(365) Pause Young (Allocation Failure)
[50.247s][info][gc,heap        ] GC(365) DefNew: 147792K(157248K)->8016K(157248K) Eden: 139776K(139776K)->0K(139776K) From: 8016K(17472K)->8016K(17472K)
[50.247s][info][gc,heap        ] GC(365) Tenured: 153697K(349568K)->153697K(349568K)
[50.247s][info][gc,metaspace   ] GC(365) Metaspace: 60137K(60992K)->60137K(60992K) NonClass: 52576K(53056K)->52576K(53056K) Class: 7561K(7936K)->7561K(7936K)
[50.247s][info][gc             ] GC(365) Pause Young (Allocation Failure) 294M->157M(494M) 19.156ms
[50.247s][info][gc,cpu         ] GC(365) User=0.02s Sys=0.00s Real=0.02s
[50.348s][info][gc,start       ] GC(366) Pause Young (Allocation Failure)
[50.367s][info][gc,heap        ] GC(366) DefNew: 147792K(157248K)->8017K(157248K) Eden: 139776K(139776K)->0K(139776K) From: 8016K(17472K)->8017K(17472K)
[50.367s][info][gc,heap        ] GC(366) Tenured: 153697K(349568K)->153697K(349568K)
[50.367s][info][gc,metaspace   ] GC(366) Metaspace: 60137K(60992K)->60137K(60992K) NonClass: 52576K(53056K)->52576K(53056K) Class: 7561K(7936K)->7561K(7936K)
[50.367s][info][gc             ] GC(366) Pause Young (Allocation Failure) 294M->157M(494M) 19.350ms
[50.367s][info][gc,cpu         ] GC(366) User=0.03s Sys=0.00s Real=0.03s
[50.466s][info][gc,start       ] GC(367) Pause Young (Allocation Failure)
[50.484s][info][gc,heap        ] GC(367) DefNew: 147793K(157248K)->8017K(157248K) Eden: 139776K(139776K)->0K(139776K) From: 8017K(17472K)->8017K(17472K)
[50.484s][info][gc,heap        ] GC(367) Tenured: 153697K(349568K)->153697K(349568K)
[50.484s][info][gc,metaspace   ] GC(367) Metaspace: 60137K(60992K)->60137K(60992K) NonClass: 52576K(53056K)->52576K(53056K) Class: 7561K(7936K)->7561K(7936K)
[50.485s][info][gc             ] GC(367) Pause Young (Allocation Failure) 294M->157M(494M) 18.955ms
[50.485s][info][gc,cpu         ] GC(367) User=0.02s Sys=0.00s Real=0.02s
[50.573s][info][gc,start       ] GC(368) Pause Young (Allocation Failure)
[50.591s][info][gc,heap        ] GC(368) DefNew: 147793K(157248K)->8017K(157248K) Eden: 139776K(139776K)->0K(139776K) From: 8017K(17472K)->8017K(17472K)
[50.591s][info][gc,heap        ] GC(368) Tenured: 153697K(349568K)->153697K(349568K)
[50.591s][info][gc,metaspace   ] GC(368) Metaspace: 60137K(60992K)->60137K(60992K) NonClass: 52576K(53056K)->52576K(53056K) Class: 7561K(7936K)->7561K(7936K)
[50.591s][info][gc             ] GC(368) Pause Young (Allocation Failure) 294M->157M(494M) 18.136ms
[50.591s][info][gc,cpu         ] GC(368) User=0.02s Sys=0.00s Real=0.02s
[50.682s][info][gc,start       ] GC(369) Pause Young (Allocation Failure)
[50.700s][info][gc,heap        ] GC(369) DefNew: 147793K(157248K)->8017K(157248K) Eden: 139776K(139776K)->0K(139776K) From: 8017K(17472K)->8017K(17472K)
[50.700s][info][gc,heap        ] GC(369) Tenured: 153697K(349568K)->153697K(349568K)
[50.701s][info][gc,metaspace   ] GC(369) Metaspace: 60137K(60992K)->60137K(60992K) NonClass: 52576K(53056K)->52576K(53056K) Class: 7561K(7936K)->7561K(7936K)
[50.701s][info][gc             ] GC(369) Pause Young (Allocation Failure) 294M->157M(494M) 18.597ms
[50.701s][info][gc,cpu         ] GC(369) User=0.02s Sys=0.00s Real=0.01s
[50.801s][info][gc,start       ] GC(370) Pause Young (Allocation Failure)
[50.821s][info][gc,heap        ] GC(370) DefNew: 147793K(157248K)->8017K(157248K) Eden: 139776K(139776K)->0K(139776K) From: 8017K(17472K)->8017K(17472K)
[50.821s][info][gc,heap        ] GC(370) Tenured: 153697K(349568K)->153697K(349568K)
[50.821s][info][gc,metaspace   ] GC(370) Metaspace: 60137K(60992K)->60137K(60992K) NonClass: 52576K(53056K)->52576K(53056K) Class: 7561K(7936K)->7561K(7936K)
[50.821s][info][gc             ] GC(370) Pause Young (Allocation Failure) 294M->157M(494M) 19.285ms
[50.821s][info][gc,cpu         ] GC(370) User=0.03s Sys=0.00s Real=0.03s
[50.866s][info][gc,start       ] GC(371) Pause Full (System.gc())
[50.866s][info][gc,phases,start] GC(371) Phase 1: Mark live objects
[50.940s][info][gc,phases      ] GC(371) Phase 1: Mark live objects 73.871ms
[50.940s][info][gc,phases,start] GC(371) Phase 2: Compute new object addresses
[50.985s][info][gc,phases      ] GC(371) Phase 2: Compute new object addresses 44.540ms
[50.985s][info][gc,phases,start] GC(371) Phase 3: Adjust pointers
[51.027s][info][gc,phases      ] GC(371) Phase 3: Adjust pointers 41.718ms
[51.027s][info][gc,phases,start] GC(371) Phase 4: Move objects
[51.027s][info][gc,phases      ] GC(371) Phase 4: Move objects 0.041ms
[51.027s][info][gc,heap        ] GC(371) DefNew: 22424K(157248K)->0K(157248K) Eden: 14407K(139776K)->0K(139776K) From: 8017K(17472K)->0K(17472K)
[51.027s][info][gc,heap        ] GC(371) Tenured: 153697K(349568K)->119115K(349568K)
[51.027s][info][gc,metaspace   ] GC(371) Metaspace: 60176K(61056K)->60176K(61056K) NonClass: 52613K(53120K)->52613K(53120K) Class: 7563K(7936K)->7563K(7936K)
[51.027s][info][gc             ] GC(371) Pause Full (System.gc()) 171M->116M(494M) 161.099ms
[51.027s][info][gc,cpu         ] GC(371) User=0.16s Sys=0.00s Real=0.16s
[51.146s][info][gc,start       ] GC(372) Pause Young (Allocation Failure)
[51.160s][info][gc,heap        ] GC(372) DefNew: 139776K(157248K)->2889K(157248K) Eden: 139776K(139776K)->0K(139776K) From: 0K(17472K)->2889K(17472K)
[51.160s][info][gc,heap        ] GC(372) Tenured: 119115K(349568K)->119115K(349568K)
[51.160s][info][gc,metaspace   ] GC(372) Metaspace: 60202K(61056K)->60202K(61056K) NonClass: 52639K(53120K)->52639K(53120K) Class: 7563K(7936K)->7563K(7936K)
[51.160s][info][gc             ] GC(372) Pause Young (Allocation Failure) 252M->119M(494M) 14.718ms
[51.160s][info][gc,cpu         ] GC(372) User=0.02s Sys=0.00s Real=0.01s
[51.208s][info][gc,start       ] GC(373) Pause Young (Allocation Failure)
[51.234s][info][gc,heap        ] GC(373) DefNew: 142665K(157248K)->7963K(157248K) Eden: 139776K(139776K)->0K(139776K) From: 2889K(17472K)->7963K(17472K)
[51.234s][info][gc,heap        ] GC(373) Tenured: 119115K(349568K)->119115K(349568K)
[51.234s][info][gc,metaspace   ] GC(373) Metaspace: 60202K(61056K)->60202K(61056K) NonClass: 52639K(53120K)->52639K(53120K) Class: 7563K(7936K)->7563K(7936K)
[51.234s][info][gc             ] GC(373) Pause Young (Allocation Failure) 255M->124M(494M) 26.292ms
[51.234s][info][gc,cpu         ] GC(373) User=0.03s Sys=0.00s Real=0.03s
[51.286s][info][gc,start       ] GC(374) Pause Young (Allocation Failure)
[51.319s][info][gc,heap        ] GC(374) DefNew: 147739K(157248K)->13797K(157248K) Eden: 139776K(139776K)->0K(139776K) From: 7963K(17472K)->13797K(17472K)
[51.319s][info][gc,heap        ] GC(374) Tenured: 119115K(349568K)->119115K(349568K)
[51.319s][info][gc,metaspace   ] GC(374) Metaspace: 60202K(61056K)->60202K(61056K) NonClass: 52639K(53120K)->52639K(53120K) Class: 7563K(7936K)->7563K(7936K)
[51.319s][info][gc             ] GC(374) Pause Young (Allocation Failure) 260M->129M(494M) 33.510ms
[51.319s][info][gc,cpu         ] GC(374) User=0.05s Sys=0.00s Real=0.05s
[51.372s][info][gc,start       ] GC(375) Pause Young (Allocation Failure)
[51.414s][info][gc,heap        ] GC(375) DefNew: 153573K(157248K)->11853K(157248K) Eden: 139776K(139776K)->0K(139776K) From: 13797K(17472K)->11853K(17472K)
[51.414s][info][gc,heap        ] GC(375) Tenured: 119115K(349568K)->126566K(349568K)
[51.414s][info][gc,metaspace   ] GC(375) Metaspace: 60202K(61056K)->60202K(61056K) NonClass: 52639K(53120K)->52639K(53120K) Class: 7563K(7936K)->7563K(7936K)
[51.414s][info][gc             ] GC(375) Pause Young (Allocation Failure) 266M->135M(494M) 42.009ms
[51.414s][info][gc,cpu         ] GC(375) User=0.05s Sys=0.00s Real=0.05s
[51.469s][info][gc,start       ] GC(376) Pause Young (Allocation Failure)
[51.509s][info][gc,heap        ] GC(376) DefNew: 151629K(157248K)->11205K(157248K) Eden: 139776K(139776K)->0K(139776K) From: 11853K(17472K)->11205K(17472K)
[51.509s][info][gc,heap        ] GC(376) Tenured: 126566K(349568K)->132912K(349568K)
[51.509s][info][gc,metaspace   ] GC(376) Metaspace: 60202K(61056K)->60202K(61056K) NonClass: 52639K(53120K)->52639K(53120K) Class: 7563K(7936K)->7563K(7936K)
[51.509s][info][gc             ] GC(376) Pause Young (Allocation Failure) 271M->140M(494M) 39.942ms
[51.509s][info][gc,cpu         ] GC(376) User=0.05s Sys=0.00s Real=0.05s
[51.563s][info][gc,start       ] GC(377) Pause Young (Allocation Failure)
[51.612s][info][gc,heap        ] GC(377) DefNew: 150981K(157248K)->12950K(157248K) Eden: 139776K(139776K)->0K(139776K) From: 11205K(17472K)->12950K(17472K)
[51.612s][info][gc,heap        ] GC(377) Tenured: 132912K(349568K)->138418K(349568K)
[51.612s][info][gc,metaspace   ] GC(377) Metaspace: 60203K(61056K)->60203K(61056K) NonClass: 52639K(53120K)->52639K(53120K) Class: 7563K(7936K)->7563K(7936K)
[51.612s][info][gc             ] GC(377) Pause Young (Allocation Failure) 277M->147M(494M) 48.345ms
[51.612s][info][gc,cpu         ] GC(377) User=0.05s Sys=0.00s Real=0.05s
[51.660s][info][gc,start       ] GC(378) Pause Young (Allocation Failure)
[51.702s][info][gc,heap        ] GC(378) DefNew: 152726K(157248K)->13764K(157248K) Eden: 139776K(139776K)->0K(139776K) From: 12950K(17472K)->13764K(17472K)
[51.702s][info][gc,heap        ] GC(378) Tenured: 138418K(349568K)->144117K(349568K)
[51.702s][info][gc,metaspace   ] GC(378) Metaspace: 60203K(61056K)->60203K(61056K) NonClass: 52639K(53120K)->52639K(53120K) Class: 7563K(7936K)->7563K(7936K)
[51.702s][info][gc             ] GC(378) Pause Young (Allocation Failure) 284M->154M(494M) 42.400ms
[51.702s][info][gc,cpu         ] GC(378) User=0.05s Sys=0.00s Real=0.05s
[51.761s][info][gc,start       ] GC(379) Pause Young (Allocation Failure)
[51.801s][info][gc,heap        ] GC(379) DefNew: 153540K(157248K)->11448K(157248K) Eden: 139776K(139776K)->0K(139776K) From: 13764K(17472K)->11448K(17472K)
[51.801s][info][gc,heap        ] GC(379) Tenured: 144117K(349568K)->151368K(349568K)
[51.801s][info][gc,metaspace   ] GC(379) Metaspace: 60203K(61056K)->60203K(61056K) NonClass: 52639K(53120K)->52639K(53120K) Class: 7563K(7936K)->7563K(7936K)
[51.801s][info][gc             ] GC(379) Pause Young (Allocation Failure) 290M->159M(494M) 40.187ms
[51.801s][info][gc,cpu         ] GC(379) User=0.03s Sys=0.00s Real=0.03s
[51.857s][info][gc,start       ] GC(380) Pause Young (Allocation Failure)
[51.882s][info][gc,heap        ] GC(380) DefNew: 151224K(157248K)->4936K(157248K) Eden: 139776K(139776K)->0K(139776K) From: 11448K(17472K)->4936K(17472K)
[51.882s][info][gc,heap        ] GC(380) Tenured: 151368K(349568K)->157880K(349568K)
[51.882s][info][gc,metaspace   ] GC(380) Metaspace: 60203K(61056K)->60203K(61056K) NonClass: 52639K(53120K)->52639K(53120K) Class: 7563K(7936K)->7563K(7936K)
[51.882s][info][gc             ] GC(380) Pause Young (Allocation Failure) 295M->159M(494M) 24.831ms
[51.882s][info][gc,cpu         ] GC(380) User=0.03s Sys=0.00s Real=0.03s
[51.932s][info][gc,start       ] GC(381) Pause Young (Allocation Failure)
[51.945s][info][gc,heap        ] GC(381) DefNew: 144712K(157248K)->4936K(157248K) Eden: 139776K(139776K)->0K(139776K) From: 4936K(17472K)->4936K(17472K)
[51.945s][info][gc,heap        ] GC(381) Tenured: 157880K(349568K)->157880K(349568K)
[51.945s][info][gc,metaspace   ] GC(381) Metaspace: 60203K(61056K)->60203K(61056K) NonClass: 52639K(53120K)->52639K(53120K) Class: 7563K(7936K)->7563K(7936K)
[51.945s][info][gc             ] GC(381) Pause Young (Allocation Failure) 295M->159M(494M) 13.101ms
[51.945s][info][gc,cpu         ] GC(381) User=0.02s Sys=0.00s Real=0.02s
[51.993s][info][gc,start       ] GC(382) Pause Young (Allocation Failure)
[52.006s][info][gc,heap        ] GC(382) DefNew: 144712K(157248K)->4936K(157248K) Eden: 139776K(139776K)->0K(139776K) From: 4936K(17472K)->4936K(17472K)
[52.006s][info][gc,heap        ] GC(382) Tenured: 157880K(349568K)->157880K(349568K)
[52.006s][info][gc,metaspace   ] GC(382) Metaspace: 60203K(61056K)->60203K(61056K) NonClass: 52639K(53120K)->52639K(53120K) Class: 7563K(7936K)->7563K(7936K)
[52.006s][info][gc             ] GC(382) Pause Young (Allocation Failure) 295M->159M(494M) 13.191ms
[52.006s][info][gc,cpu         ] GC(382) User=0.02s Sys=0.00s Real=0.01s
[52.056s][info][gc,start       ] GC(383) Pause Young (Allocation Failure)
[52.070s][info][gc,heap        ] GC(383) DefNew: 144712K(157248K)->4936K(157248K) Eden: 139776K(139776K)->0K(139776K) From: 4936K(17472K)->4936K(17472K)
[52.070s][info][gc,heap        ] GC(383) Tenured: 157880K(349568K)->157880K(349568K)
[52.070s][info][gc,metaspace   ] GC(383) Metaspace: 60203K(61056K)->60203K(61056K) NonClass: 52639K(53120K)->52639K(53120K) Class: 7563K(7936K)->7563K(7936K)
[52.070s][info][gc             ] GC(383) Pause Young (Allocation Failure) 295M->159M(494M) 13.898ms
[52.070s][info][gc,cpu         ] GC(383) User=0.02s Sys=0.00s Real=0.02s
[52.118s][info][gc,start       ] GC(384) Pause Young (Allocation Failure)
[52.132s][info][gc,heap        ] GC(384) DefNew: 144712K(157248K)->4936K(157248K) Eden: 139776K(139776K)->0K(139776K) From: 4936K(17472K)->4936K(17472K)
[52.132s][info][gc,heap        ] GC(384) Tenured: 157880K(349568K)->157880K(349568K)
[52.132s][info][gc,metaspace   ] GC(384) Metaspace: 60203K(61056K)->60203K(61056K) NonClass: 52639K(53120K)->52639K(53120K) Class: 7563K(7936K)->7563K(7936K)
[52.132s][info][gc             ] GC(384) Pause Young (Allocation Failure) 295M->159M(494M) 13.942ms
[52.132s][info][gc,cpu         ] GC(384) User=0.02s Sys=0.00s Real=0.01s
[52.179s][info][gc,start       ] GC(385) Pause Young (Allocation Failure)
[52.193s][info][gc,heap        ] GC(385) DefNew: 144712K(157248K)->4936K(157248K) Eden: 139776K(139776K)->0K(139776K) From: 4936K(17472K)->4936K(17472K)
[52.193s][info][gc,heap        ] GC(385) Tenured: 157880K(349568K)->157880K(349568K)
[52.193s][info][gc,metaspace   ] GC(385) Metaspace: 60203K(61056K)->60203K(61056K) NonClass: 52639K(53120K)->52639K(53120K) Class: 7563K(7936K)->7563K(7936K)
[52.193s][info][gc             ] GC(385) Pause Young (Allocation Failure) 295M->159M(494M) 13.662ms
[52.193s][info][gc,cpu         ] GC(385) User=0.00s Sys=0.00s Real=0.00s
[52.263s][info][gc,start       ] GC(386) Pause Young (Allocation Failure)
[52.276s][info][gc,heap        ] GC(386) DefNew: 144712K(157248K)->4947K(157248K) Eden: 139776K(139776K)->0K(139776K) From: 4936K(17472K)->4947K(17472K)
[52.276s][info][gc,heap        ] GC(386) Tenured: 157880K(349568K)->157880K(349568K)
[52.276s][info][gc,metaspace   ] GC(386) Metaspace: 60204K(61056K)->60204K(61056K) NonClass: 52640K(53120K)->52640K(53120K) Class: 7563K(7936K)->7563K(7936K)
[52.276s][info][gc             ] GC(386) Pause Young (Allocation Failure) 295M->159M(494M) 13.492ms
[52.276s][info][gc,cpu         ] GC(386) User=0.02s Sys=0.00s Real=0.02s
[52.378s][info][gc,start       ] GC(387) Pause Young (Allocation Failure)
[52.392s][info][gc,heap        ] GC(387) DefNew: 144723K(157248K)->4947K(157248K) Eden: 139776K(139776K)->0K(139776K) From: 4947K(17472K)->4947K(17472K)
[52.392s][info][gc,heap        ] GC(387) Tenured: 157880K(349568K)->157880K(349568K)
[52.392s][info][gc,metaspace   ] GC(387) Metaspace: 60204K(61056K)->60204K(61056K) NonClass: 52640K(53120K)->52640K(53120K) Class: 7563K(7936K)->7563K(7936K)
[52.392s][info][gc             ] GC(387) Pause Young (Allocation Failure) 295M->159M(494M) 14.333ms
[52.392s][info][gc,cpu         ] GC(387) User=0.02s Sys=0.00s Real=0.01s
[52.478s][info][gc,start       ] GC(388) Pause Young (Allocation Failure)
[52.492s][info][gc,heap        ] GC(388) DefNew: 144723K(157248K)->4948K(157248K) Eden: 139776K(139776K)->0K(139776K) From: 4947K(17472K)->4948K(17472K)
[52.492s][info][gc,heap        ] GC(388) Tenured: 157880K(349568K)->157880K(349568K)
[52.492s][info][gc,metaspace   ] GC(388) Metaspace: 60204K(61056K)->60204K(61056K) NonClass: 52640K(53120K)->52640K(53120K) Class: 7563K(7936K)->7563K(7936K)
[52.492s][info][gc             ] GC(388) Pause Young (Allocation Failure) 295M->159M(494M) 14.224ms
[52.492s][info][gc,cpu         ] GC(388) User=0.02s Sys=0.00s Real=0.02s
[52.579s][info][gc,start       ] GC(389) Pause Young (Allocation Failure)
[52.593s][info][gc,heap        ] GC(389) DefNew: 144724K(157248K)->4948K(157248K) Eden: 139776K(139776K)->0K(139776K) From: 4948K(17472K)->4948K(17472K)
[52.593s][info][gc,heap        ] GC(389) Tenured: 157880K(349568K)->157880K(349568K)
[52.593s][info][gc,metaspace   ] GC(389) Metaspace: 60204K(61056K)->60204K(61056K) NonClass: 52640K(53120K)->52640K(53120K) Class: 7563K(7936K)->7563K(7936K)
[52.593s][info][gc             ] GC(389) Pause Young (Allocation Failure) 295M->159M(494M) 14.217ms
[52.594s][info][gc,cpu         ] GC(389) User=0.02s Sys=0.00s Real=0.02s
[52.678s][info][gc,start       ] GC(390) Pause Young (Allocation Failure)
[52.692s][info][gc,heap        ] GC(390) DefNew: 144724K(157248K)->4947K(157248K) Eden: 139776K(139776K)->0K(139776K) From: 4948K(17472K)->4947K(17472K)
[52.692s][info][gc,heap        ] GC(390) Tenured: 157880K(349568K)->157880K(349568K)
[52.692s][info][gc,metaspace   ] GC(390) Metaspace: 60204K(61056K)->60204K(61056K) NonClass: 52640K(53120K)->52640K(53120K) Class: 7563K(7936K)->7563K(7936K)
[52.692s][info][gc             ] GC(390) Pause Young (Allocation Failure) 295M->159M(494M) 13.937ms
[52.692s][info][gc,cpu         ] GC(390) User=0.00s Sys=0.00s Real=0.00s
[52.779s][info][gc,start       ] GC(391) Pause Young (Allocation Failure)
[52.793s][info][gc,heap        ] GC(391) DefNew: 144723K(157248K)->4948K(157248K) Eden: 139776K(139776K)->0K(139776K) From: 4947K(17472K)->4948K(17472K)
[52.793s][info][gc,heap        ] GC(391) Tenured: 157880K(349568K)->157880K(349568K)
[52.793s][info][gc,metaspace   ] GC(391) Metaspace: 60204K(61056K)->60204K(61056K) NonClass: 52640K(53120K)->52640K(53120K) Class: 7563K(7936K)->7563K(7936K)
[52.793s][info][gc             ] GC(391) Pause Young (Allocation Failure) 295M->159M(494M) 13.954ms
[52.793s][info][gc,cpu         ] GC(391) User=0.02s Sys=0.00s Real=0.02s
[52.879s][info][gc,start       ] GC(392) Pause Young (Allocation Failure)
[52.886s][info][gc,heap        ] GC(392) DefNew: 144724K(157248K)->4948K(157248K) Eden: 139776K(139776K)->0K(139776K) From: 4948K(17472K)->4948K(17472K)
[52.886s][info][gc,heap        ] GC(392) Tenured: 157880K(349568K)->157880K(349568K)
[52.887s][info][gc,metaspace   ] GC(392) Metaspace: 60204K(61056K)->60204K(61056K) NonClass: 52640K(53120K)->52640K(53120K) Class: 7563K(7936K)->7563K(7936K)
[52.887s][info][gc             ] GC(392) Pause Young (Allocation Failure) 295M->159M(494M) 7.344ms
[52.887s][info][gc,cpu         ] GC(392) User=0.02s Sys=0.00s Real=0.01s
[52.926s][info][gc,start       ] GC(393) Pause Full (System.gc())
[52.926s][info][gc,phases,start] GC(393) Phase 1: Mark live objects
[53.014s][info][gc,phases      ] GC(393) Phase 1: Mark live objects 88.257ms
[53.014s][info][gc,phases,start] GC(393) Phase 2: Compute new object addresses
[53.058s][info][gc,phases      ] GC(393) Phase 2: Compute new object addresses 43.895ms
[53.058s][info][gc,phases,start] GC(393) Phase 3: Adjust pointers
[53.102s][info][gc,phases      ] GC(393) Phase 3: Adjust pointers 44.122ms
[53.102s][info][gc,phases,start] GC(393) Phase 4: Move objects
[53.127s][info][gc,phases      ] GC(393) Phase 4: Move objects 24.975ms
[53.128s][info][gc,heap        ] GC(393) DefNew: 16346K(157248K)->0K(157248K) Eden: 11398K(139776K)->0K(139776K) From: 4948K(17472K)->0K(17472K)
[53.128s][info][gc,heap        ] GC(393) Tenured: 157880K(349568K)->101677K(349568K)
[53.128s][info][gc,metaspace   ] GC(393) Metaspace: 60216K(61056K)->60216K(61056K) NonClass: 52652K(53120K)->52652K(53120K) Class: 7563K(7936K)->7563K(7936K)
[53.128s][info][gc             ] GC(393) Pause Full (System.gc()) 170M->99M(494M) 202.190ms
[53.128s][info][gc,cpu         ] GC(393) User=0.20s Sys=0.00s Real=0.20s
[53.254s][info][gc,start       ] GC(394) Pause Young (Allocation Failure)
[53.269s][info][gc,heap        ] GC(394) DefNew: 139776K(157248K)->2925K(157248K) Eden: 139776K(139776K)->0K(139776K) From: 0K(17472K)->2925K(17472K)
[53.269s][info][gc,heap        ] GC(394) Tenured: 101677K(349568K)->101677K(349568K)
[53.269s][info][gc,metaspace   ] GC(394) Metaspace: 60243K(61056K)->60243K(61056K) NonClass: 52679K(53120K)->52679K(53120K) Class: 7563K(7936K)->7563K(7936K)
[53.269s][info][gc             ] GC(394) Pause Young (Allocation Failure) 235M->102M(494M) 15.391ms
[53.269s][info][gc,cpu         ] GC(394) User=0.02s Sys=0.00s Real=0.02s
[53.319s][info][gc,start       ] GC(395) Pause Young (Allocation Failure)
[53.348s][info][gc,heap        ] GC(395) DefNew: 142701K(157248K)->8576K(157248K) Eden: 139776K(139776K)->0K(139776K) From: 2925K(17472K)->8576K(17472K)
[53.348s][info][gc,heap        ] GC(395) Tenured: 101677K(349568K)->101677K(349568K)
[53.348s][info][gc,metaspace   ] GC(395) Metaspace: 60243K(61056K)->60243K(61056K) NonClass: 52679K(53120K)->52679K(53120K) Class: 7563K(7936K)->7563K(7936K)
[53.348s][info][gc             ] GC(395) Pause Young (Allocation Failure) 238M->107M(494M) 29.317ms
[53.348s][info][gc,cpu         ] GC(395) User=0.02s Sys=0.00s Real=0.02s
[53.400s][info][gc,start       ] GC(396) Pause Young (Allocation Failure)
[53.435s][info][gc,heap        ] GC(396) DefNew: 148352K(157248K)->14268K(157248K) Eden: 139776K(139776K)->0K(139776K) From: 8576K(17472K)->14268K(17472K)
[53.435s][info][gc,heap        ] GC(396) Tenured: 101677K(349568K)->101677K(349568K)
[53.435s][info][gc,metaspace   ] GC(396) Metaspace: 60243K(61056K)->60243K(61056K) NonClass: 52679K(53120K)->52679K(53120K) Class: 7563K(7936K)->7563K(7936K)
[53.435s][info][gc             ] GC(396) Pause Young (Allocation Failure) 244M->113M(494M) 35.461ms
[53.435s][info][gc,cpu         ] GC(396) User=0.03s Sys=0.00s Real=0.03s
[53.490s][info][gc,start       ] GC(397) Pause Young (Allocation Failure)
[53.566s][info][gc,heap        ] GC(397) DefNew: 154044K(157248K)->11750K(157248K) Eden: 139776K(139776K)->0K(139776K) From: 14268K(17472K)->11750K(17472K)
[53.566s][info][gc,heap        ] GC(397) Tenured: 101677K(349568K)->109741K(349568K)
[53.566s][info][gc,metaspace   ] GC(397) Metaspace: 60243K(61056K)->60243K(61056K) NonClass: 52679K(53120K)->52679K(53120K) Class: 7563K(7936K)->7563K(7936K)
[53.566s][info][gc             ] GC(397) Pause Young (Allocation Failure) 249M->118M(494M) 76.278ms
[53.566s][info][gc,cpu         ] GC(397) User=0.03s Sys=0.00s Real=0.08s
[53.620s][info][gc,start       ] GC(398) Pause Young (Allocation Failure)
[53.662s][info][gc,heap        ] GC(398) DefNew: 151526K(157248K)->11246K(157248K) Eden: 139776K(139776K)->0K(139776K) From: 11750K(17472K)->11246K(17472K)
[53.662s][info][gc,heap        ] GC(398) Tenured: 109741K(349568K)->115943K(349568K)
[53.662s][info][gc,metaspace   ] GC(398) Metaspace: 60243K(61056K)->60243K(61056K) NonClass: 52679K(53120K)->52679K(53120K) Class: 7563K(7936K)->7563K(7936K)
[53.662s][info][gc             ] GC(398) Pause Young (Allocation Failure) 255M->124M(494M) 41.678ms
[53.662s][info][gc,cpu         ] GC(398) User=0.03s Sys=0.00s Real=0.05s
[53.726s][info][gc,start       ] GC(399) Pause Young (Allocation Failure)
[53.770s][info][gc,heap        ] GC(399) DefNew: 151022K(157248K)->13950K(157248K) Eden: 139776K(139776K)->0K(139776K) From: 11246K(17472K)->13950K(17472K)
[53.770s][info][gc,heap        ] GC(399) Tenured: 115943K(349568K)->121492K(349568K)
[53.770s][info][gc,metaspace   ] GC(399) Metaspace: 60243K(61056K)->60243K(61056K) NonClass: 52679K(53120K)->52679K(53120K) Class: 7563K(7936K)->7563K(7936K)
[53.770s][info][gc             ] GC(399) Pause Young (Allocation Failure) 260M->132M(494M) 43.564ms
[53.770s][info][gc,cpu         ] GC(399) User=0.03s Sys=0.00s Real=0.03s
[53.823s][info][gc,start       ] GC(400) Pause Young (Allocation Failure)
[53.865s][info][gc,heap        ] GC(400) DefNew: 153726K(157248K)->13965K(157248K) Eden: 139776K(139776K)->0K(139776K) From: 13950K(17472K)->13965K(17472K)
[53.865s][info][gc,heap        ] GC(400) Tenured: 121492K(349568K)->127189K(349568K)
[53.865s][info][gc,metaspace   ] GC(400) Metaspace: 60243K(61056K)->60243K(61056K) NonClass: 52679K(53120K)->52679K(53120K) Class: 7563K(7936K)->7563K(7936K)
[53.865s][info][gc             ] GC(400) Pause Young (Allocation Failure) 268M->137M(494M) 41.699ms
[53.865s][info][gc,cpu         ] GC(400) User=0.03s Sys=0.00s Real=0.03s
[53.922s][info][gc,start       ] GC(401) Pause Young (Allocation Failure)
[53.962s][info][gc,heap        ] GC(401) DefNew: 153741K(157248K)->9935K(157248K) Eden: 139776K(139776K)->0K(139776K) From: 13965K(17472K)->9935K(17472K)
[53.962s][info][gc,heap        ] GC(401) Tenured: 127189K(349568K)->135442K(349568K)
[53.963s][info][gc,metaspace   ] GC(401) Metaspace: 60243K(61056K)->60243K(61056K) NonClass: 52680K(53120K)->52680K(53120K) Class: 7563K(7936K)->7563K(7936K)
[53.963s][info][gc             ] GC(401) Pause Young (Allocation Failure) 274M->141M(494M) 40.245ms
[53.963s][info][gc,cpu         ] GC(401) User=0.05s Sys=0.00s Real=0.05s
[54.021s][info][gc,start       ] GC(402) Pause Young (Allocation Failure)
[54.042s][info][gc,heap        ] GC(402) DefNew: 149711K(157248K)->4223K(157248K) Eden: 139776K(139776K)->0K(139776K) From: 9935K(17472K)->4223K(17472K)
[54.042s][info][gc,heap        ] GC(402) Tenured: 135442K(349568K)->141154K(349568K)
[54.042s][info][gc,metaspace   ] GC(402) Metaspace: 60243K(61056K)->60243K(61056K) NonClass: 52680K(53120K)->52680K(53120K) Class: 7563K(7936K)->7563K(7936K)
[54.042s][info][gc             ] GC(402) Pause Young (Allocation Failure) 278M->141M(494M) 20.972ms
[54.042s][info][gc,cpu         ] GC(402) User=0.03s Sys=0.00s Real=0.03s
[54.092s][info][gc,start       ] GC(403) Pause Young (Allocation Failure)
[54.103s][info][gc,heap        ] GC(403) DefNew: 143999K(157248K)->4223K(157248K) Eden: 139776K(139776K)->0K(139776K) From: 4223K(17472K)->4223K(17472K)
[54.103s][info][gc,heap        ] GC(403) Tenured: 141154K(349568K)->141154K(349568K)
[54.103s][info][gc,metaspace   ] GC(403) Metaspace: 60243K(61056K)->60243K(61056K) NonClass: 52680K(53120K)->52680K(53120K) Class: 7563K(7936K)->7563K(7936K)
[54.103s][info][gc             ] GC(403) Pause Young (Allocation Failure) 278M->141M(494M) 11.827ms
[54.103s][info][gc,cpu         ] GC(403) User=0.02s Sys=0.00s Real=0.02s
[54.149s][info][gc,start       ] GC(404) Pause Young (Allocation Failure)
[54.161s][info][gc,heap        ] GC(404) DefNew: 143999K(157248K)->4223K(157248K) Eden: 139776K(139776K)->0K(139776K) From: 4223K(17472K)->4223K(17472K)
[54.161s][info][gc,heap        ] GC(404) Tenured: 141154K(349568K)->141154K(349568K)
[54.161s][info][gc,metaspace   ] GC(404) Metaspace: 60243K(61056K)->60243K(61056K) NonClass: 52680K(53120K)->52680K(53120K) Class: 7563K(7936K)->7563K(7936K)
[54.162s][info][gc             ] GC(404) Pause Young (Allocation Failure) 278M->141M(494M) 12.294ms
[54.162s][info][gc,cpu         ] GC(404) User=0.00s Sys=0.00s Real=0.00s
[54.207s][info][gc,start       ] GC(405) Pause Young (Allocation Failure)
[54.219s][info][gc,heap        ] GC(405) DefNew: 143999K(157248K)->4223K(157248K) Eden: 139776K(139776K)->0K(139776K) From: 4223K(17472K)->4223K(17472K)
[54.219s][info][gc,heap        ] GC(405) Tenured: 141154K(349568K)->141154K(349568K)
[54.219s][info][gc,metaspace   ] GC(405) Metaspace: 60243K(61056K)->60243K(61056K) NonClass: 52680K(53120K)->52680K(53120K) Class: 7563K(7936K)->7563K(7936K)
[54.219s][info][gc             ] GC(405) Pause Young (Allocation Failure) 278M->141M(494M) 12.310ms
[54.219s][info][gc,cpu         ] GC(405) User=0.02s Sys=0.00s Real=0.02s
[54.267s][info][gc,start       ] GC(406) Pause Young (Allocation Failure)
[54.279s][info][gc,heap        ] GC(406) DefNew: 143999K(157248K)->4223K(157248K) Eden: 139776K(139776K)->0K(139776K) From: 4223K(17472K)->4223K(17472K)
[54.279s][info][gc,heap        ] GC(406) Tenured: 141154K(349568K)->141154K(349568K)
[54.279s][info][gc,metaspace   ] GC(406) Metaspace: 60243K(61056K)->60243K(61056K) NonClass: 52680K(53120K)->52680K(53120K) Class: 7563K(7936K)->7563K(7936K)
[54.279s][info][gc             ] GC(406) Pause Young (Allocation Failure) 278M->141M(494M) 12.235ms
[54.279s][info][gc,cpu         ] GC(406) User=0.02s Sys=0.00s Real=0.02s
[54.327s][info][gc,start       ] GC(407) Pause Young (Allocation Failure)
[54.340s][info][gc,heap        ] GC(407) DefNew: 143999K(157248K)->4223K(157248K) Eden: 139776K(139776K)->0K(139776K) From: 4223K(17472K)->4223K(17472K)
[54.340s][info][gc,heap        ] GC(407) Tenured: 141154K(349568K)->141154K(349568K)
[54.340s][info][gc,metaspace   ] GC(407) Metaspace: 60243K(61056K)->60243K(61056K) NonClass: 52680K(53120K)->52680K(53120K) Class: 7563K(7936K)->7563K(7936K)
[54.340s][info][gc             ] GC(407) Pause Young (Allocation Failure) 278M->141M(494M) 12.386ms
[54.340s][info][gc,cpu         ] GC(407) User=0.02s Sys=0.00s Real=0.02s
[54.405s][info][gc,start       ] GC(408) Pause Young (Allocation Failure)
[54.415s][info][gc,heap        ] GC(408) DefNew: 143999K(157248K)->4235K(157248K) Eden: 139776K(139776K)->0K(139776K) From: 4223K(17472K)->4235K(17472K)
[54.415s][info][gc,heap        ] GC(408) Tenured: 141154K(349568K)->141154K(349568K)
[54.416s][info][gc,metaspace   ] GC(408) Metaspace: 60244K(61056K)->60244K(61056K) NonClass: 52681K(53120K)->52681K(53120K) Class: 7563K(7936K)->7563K(7936K)
[54.416s][info][gc             ] GC(408) Pause Young (Allocation Failure) 278M->141M(494M) 10.538ms
[54.416s][info][gc,cpu         ] GC(408) User=0.02s Sys=0.00s Real=0.02s
[54.501s][info][gc,start       ] GC(409) Pause Young (Allocation Failure)
[54.513s][info][gc,heap        ] GC(409) DefNew: 144011K(157248K)->4242K(157248K) Eden: 139776K(139776K)->0K(139776K) From: 4235K(17472K)->4242K(17472K)
[54.513s][info][gc,heap        ] GC(409) Tenured: 141154K(349568K)->141154K(349568K)
[54.513s][info][gc,metaspace   ] GC(409) Metaspace: 60244K(61056K)->60244K(61056K) NonClass: 52681K(53120K)->52681K(53120K) Class: 7563K(7936K)->7563K(7936K)
[54.514s][info][gc             ] GC(409) Pause Young (Allocation Failure) 278M->141M(494M) 12.805ms
[54.514s][info][gc,cpu         ] GC(409) User=0.02s Sys=0.00s Real=0.02s
[54.596s][info][gc,start       ] GC(410) Pause Young (Allocation Failure)
[54.609s][info][gc,heap        ] GC(410) DefNew: 144018K(157248K)->4243K(157248K) Eden: 139776K(139776K)->0K(139776K) From: 4242K(17472K)->4243K(17472K)
[54.609s][info][gc,heap        ] GC(410) Tenured: 141154K(349568K)->141154K(349568K)
[54.609s][info][gc,metaspace   ] GC(410) Metaspace: 60244K(61056K)->60244K(61056K) NonClass: 52681K(53120K)->52681K(53120K) Class: 7563K(7936K)->7563K(7936K)
[54.609s][info][gc             ] GC(410) Pause Young (Allocation Failure) 278M->141M(494M) 12.329ms
[54.609s][info][gc,cpu         ] GC(410) User=0.02s Sys=0.00s Real=0.02s
[54.696s][info][gc,start       ] GC(411) Pause Young (Allocation Failure)
[54.708s][info][gc,heap        ] GC(411) DefNew: 144019K(157248K)->4242K(157248K) Eden: 139776K(139776K)->0K(139776K) From: 4243K(17472K)->4242K(17472K)
[54.708s][info][gc,heap        ] GC(411) Tenured: 141154K(349568K)->141154K(349568K)
[54.708s][info][gc,metaspace   ] GC(411) Metaspace: 60244K(61056K)->60244K(61056K) NonClass: 52681K(53120K)->52681K(53120K) Class: 7563K(7936K)->7563K(7936K)
[54.708s][info][gc             ] GC(411) Pause Young (Allocation Failure) 278M->141M(494M) 12.210ms
[54.708s][info][gc,cpu         ] GC(411) User=0.00s Sys=0.00s Real=0.00s
[54.806s][info][gc,start       ] GC(412) Pause Young (Allocation Failure)
[54.817s][info][gc,heap        ] GC(412) DefNew: 144018K(157248K)->4242K(157248K) Eden: 139776K(139776K)->0K(139776K) From: 4242K(17472K)->4242K(17472K)
[54.817s][info][gc,heap        ] GC(412) Tenured: 141154K(349568K)->141154K(349568K)
[54.818s][info][gc,metaspace   ] GC(412) Metaspace: 60244K(61056K)->60244K(61056K) NonClass: 52681K(53120K)->52681K(53120K) Class: 7563K(7936K)->7563K(7936K)
[54.818s][info][gc             ] GC(412) Pause Young (Allocation Failure) 278M->141M(494M) 11.843ms
[54.818s][info][gc,cpu         ] GC(412) User=0.00s Sys=0.00s Real=0.00s
[54.931s][info][gc,start       ] GC(413) Pause Young (Allocation Failure)
[54.943s][info][gc,heap        ] GC(413) DefNew: 144018K(157248K)->4243K(157248K) Eden: 139776K(139776K)->0K(139776K) From: 4242K(17472K)->4243K(17472K)
[54.943s][info][gc,heap        ] GC(413) Tenured: 141154K(349568K)->141154K(349568K)
[54.943s][info][gc,metaspace   ] GC(413) Metaspace: 60244K(61056K)->60244K(61056K) NonClass: 52681K(53120K)->52681K(53120K) Class: 7563K(7936K)->7563K(7936K)
[54.943s][info][gc             ] GC(413) Pause Young (Allocation Failure) 278M->141M(494M) 12.552ms
[54.943s][info][gc,cpu         ] GC(413) User=0.02s Sys=0.00s Real=0.01s
[55.027s][info][gc,start       ] GC(414) Pause Young (Allocation Failure)
[55.039s][info][gc,heap        ] GC(414) DefNew: 144019K(157248K)->4242K(157248K) Eden: 139776K(139776K)->0K(139776K) From: 4243K(17472K)->4242K(17472K)
[55.039s][info][gc,heap        ] GC(414) Tenured: 141154K(349568K)->141154K(349568K)
[55.039s][info][gc,metaspace   ] GC(414) Metaspace: 60244K(61056K)->60244K(61056K) NonClass: 52681K(53120K)->52681K(53120K) Class: 7563K(7936K)->7563K(7936K)
[55.039s][info][gc             ] GC(414) Pause Young (Allocation Failure) 278M->141M(494M) 11.822ms
[55.039s][info][gc,cpu         ] GC(414) User=0.02s Sys=0.00s Real=0.02s
[55.075s][info][gc,start       ] GC(415) Pause Full (System.gc())
[55.075s][info][gc,phases,start] GC(415) Phase 1: Mark live objects
[55.151s][info][gc,phases      ] GC(415) Phase 1: Mark live objects 75.840ms
[55.151s][info][gc,phases,start] GC(415) Phase 2: Compute new object addresses
[55.196s][info][gc,phases      ] GC(415) Phase 2: Compute new object addresses 44.837ms
[55.196s][info][gc,phases,start] GC(415) Phase 3: Adjust pointers
[55.238s][info][gc,phases      ] GC(415) Phase 3: Adjust pointers 41.776ms
[55.238s][info][gc,phases,start] GC(415) Phase 4: Move objects
[55.238s][info][gc,phases      ] GC(415) Phase 4: Move objects 0.031ms
[55.239s][info][gc,heap        ] GC(415) DefNew: 18416K(157248K)->0K(157248K) Eden: 14173K(139776K)->0K(139776K) From: 4242K(17472K)->0K(17472K)
[55.239s][info][gc,heap        ] GC(415) Tenured: 141154K(349568K)->102109K(349568K)
[55.239s][info][gc,metaspace   ] GC(415) Metaspace: 60256K(61120K)->60256K(61120K) NonClass: 52692K(53184K)->52692K(53184K) Class: 7563K(7936K)->7563K(7936K)
[55.239s][info][gc             ] GC(415) Pause Full (System.gc()) 155M->99M(494M) 163.413ms
[55.239s][info][gc,cpu         ] GC(415) User=0.16s Sys=0.00s Real=0.16s
[55.358s][info][gc,start       ] GC(416) Pause Young (Allocation Failure)
[55.372s][info][gc,heap        ] GC(416) DefNew: 139776K(157248K)->2959K(157248K) Eden: 139776K(139776K)->0K(139776K) From: 0K(17472K)->2959K(17472K)
[55.372s][info][gc,heap        ] GC(416) Tenured: 102109K(349568K)->102109K(349568K)
[55.372s][info][gc,metaspace   ] GC(416) Metaspace: 60284K(61120K)->60284K(61120K) NonClass: 52720K(53184K)->52720K(53184K) Class: 7564K(7936K)->7564K(7936K)
[55.372s][info][gc             ] GC(416) Pause Young (Allocation Failure) 236M->102M(494M) 14.767ms
[55.372s][info][gc,cpu         ] GC(416) User=0.02s Sys=0.00s Real=0.02s
[55.421s][info][gc,start       ] GC(417) Pause Young (Allocation Failure)
[55.448s][info][gc,heap        ] GC(417) DefNew: 142735K(157248K)->8003K(157248K) Eden: 139776K(139776K)->0K(139776K) From: 2959K(17472K)->8003K(17472K)
[55.449s][info][gc,heap        ] GC(417) Tenured: 102109K(349568K)->102109K(349568K)
[55.449s][info][gc,metaspace   ] GC(417) Metaspace: 60284K(61120K)->60284K(61120K) NonClass: 52720K(53184K)->52720K(53184K) Class: 7564K(7936K)->7564K(7936K)
[55.449s][info][gc             ] GC(417) Pause Young (Allocation Failure) 239M->107M(494M) 27.869ms
[55.449s][info][gc,cpu         ] GC(417) User=0.03s Sys=0.00s Real=0.03s
[55.501s][info][gc,start       ] GC(418) Pause Young (Allocation Failure)
[55.535s][info][gc,heap        ] GC(418) DefNew: 147779K(157248K)->13796K(157248K) Eden: 139776K(139776K)->0K(139776K) From: 8003K(17472K)->13796K(17472K)
[55.535s][info][gc,heap        ] GC(418) Tenured: 102109K(349568K)->102109K(349568K)
[55.535s][info][gc,metaspace   ] GC(418) Metaspace: 60284K(61120K)->60284K(61120K) NonClass: 52720K(53184K)->52720K(53184K) Class: 7564K(7936K)->7564K(7936K)
[55.535s][info][gc             ] GC(418) Pause Young (Allocation Failure) 244M->113M(494M) 34.769ms
[55.535s][info][gc,cpu         ] GC(418) User=0.03s Sys=0.00s Real=0.03s
[55.591s][info][gc,start       ] GC(419) Pause Young (Allocation Failure)
[55.633s][info][gc,heap        ] GC(419) DefNew: 153572K(157248K)->11820K(157248K) Eden: 139776K(139776K)->0K(139776K) From: 13796K(17472K)->11820K(17472K)
[55.633s][info][gc,heap        ] GC(419) Tenured: 102109K(349568K)->109600K(349568K)
[55.633s][info][gc,metaspace   ] GC(419) Metaspace: 60284K(61120K)->60284K(61120K) NonClass: 52720K(53184K)->52720K(53184K) Class: 7564K(7936K)->7564K(7936K)
[55.633s][info][gc             ] GC(419) Pause Young (Allocation Failure) 249M->118M(494M) 42.218ms
[55.634s][info][gc,cpu         ] GC(419) User=0.05s Sys=0.00s Real=0.05s
[55.690s][info][gc,start       ] GC(420) Pause Young (Allocation Failure)
[55.731s][info][gc,heap        ] GC(420) DefNew: 151596K(157248K)->11185K(157248K) Eden: 139776K(139776K)->0K(139776K) From: 11820K(17472K)->11185K(17472K)
[55.731s][info][gc,heap        ] GC(420) Tenured: 109600K(349568K)->115904K(349568K)
[55.731s][info][gc,metaspace   ] GC(420) Metaspace: 60284K(61120K)->60284K(61120K) NonClass: 52720K(53184K)->52720K(53184K) Class: 7564K(7936K)->7564K(7936K)
[55.731s][info][gc             ] GC(420) Pause Young (Allocation Failure) 255M->124M(494M) 41.071ms
[55.731s][info][gc,cpu         ] GC(420) User=0.05s Sys=0.00s Real=0.05s
[55.788s][info][gc,start       ] GC(421) Pause Young (Allocation Failure)
[55.834s][info][gc,heap        ] GC(421) DefNew: 150961K(157248K)->12919K(157248K) Eden: 139776K(139776K)->0K(139776K) From: 11185K(17472K)->12919K(17472K)
[55.834s][info][gc,heap        ] GC(421) Tenured: 115904K(349568K)->121420K(349568K)
[55.834s][info][gc,metaspace   ] GC(421) Metaspace: 60284K(61120K)->60284K(61120K) NonClass: 52720K(53184K)->52720K(53184K) Class: 7564K(7936K)->7564K(7936K)
[55.834s][info][gc             ] GC(421) Pause Young (Allocation Failure) 260M->131M(494M) 45.347ms
[55.834s][info][gc,cpu         ] GC(421) User=0.05s Sys=0.00s Real=0.05s
[55.887s][info][gc,start       ] GC(422) Pause Young (Allocation Failure)
[55.915s][info][gc,heap        ] GC(422) DefNew: 152695K(157248K)->11759K(157248K) Eden: 139776K(139776K)->0K(139776K) From: 12919K(17472K)->11759K(17472K)
[55.915s][info][gc,heap        ] GC(422) Tenured: 121420K(349568K)->127089K(349568K)
[55.915s][info][gc,metaspace   ] GC(422) Metaspace: 60284K(61120K)->60284K(61120K) NonClass: 52720K(53184K)->52720K(53184K) Class: 7564K(7936K)->7564K(7936K)
[55.915s][info][gc             ] GC(422) Pause Young (Allocation Failure) 267M->135M(494M) 28.044ms
[55.915s][info][gc,cpu         ] GC(422) User=0.03s Sys=0.00s Real=0.03s
[55.969s][info][gc,start       ] GC(423) Pause Young (Allocation Failure)
[56.010s][info][gc,heap        ] GC(423) DefNew: 151535K(157248K)->9921K(157248K) Eden: 139776K(139776K)->0K(139776K) From: 11759K(17472K)->9921K(17472K)
[56.010s][info][gc,heap        ] GC(423) Tenured: 127089K(349568K)->134339K(349568K)
[56.010s][info][gc,metaspace   ] GC(423) Metaspace: 60284K(61120K)->60284K(61120K) NonClass: 52720K(53184K)->52720K(53184K) Class: 7564K(7936K)->7564K(7936K)
[56.010s][info][gc             ] GC(423) Pause Young (Allocation Failure) 272M->140M(494M) 40.672ms
[56.010s][info][gc,cpu         ] GC(423) User=0.05s Sys=0.00s Real=0.05s
[56.067s][info][gc,start       ] GC(424) Pause Young (Allocation Failure)
[56.094s][info][gc,heap        ] GC(424) DefNew: 149697K(157248K)->6962K(157248K) Eden: 139776K(139776K)->0K(139776K) From: 9921K(17472K)->6962K(17472K)
[56.094s][info][gc,heap        ] GC(424) Tenured: 134339K(349568K)->138848K(349568K)
[56.094s][info][gc,metaspace   ] GC(424) Metaspace: 60293K(61120K)->60293K(61120K) NonClass: 52729K(53184K)->52729K(53184K) Class: 7564K(7936K)->7564K(7936K)
[56.094s][info][gc             ] GC(424) Pause Young (Allocation Failure) 277M->142M(494M) 26.844ms
[56.094s][info][gc,cpu         ] GC(424) User=0.03s Sys=0.00s Real=0.03s
[56.153s][info][gc,start       ] GC(425) Pause Young (Allocation Failure)
[56.170s][info][gc,heap        ] GC(425) DefNew: 146738K(157248K)->6962K(157248K) Eden: 139776K(139776K)->0K(139776K) From: 6962K(17472K)->6962K(17472K)
[56.170s][info][gc,heap        ] GC(425) Tenured: 138848K(349568K)->138848K(349568K)
[56.170s][info][gc,metaspace   ] GC(425) Metaspace: 60293K(61120K)->60293K(61120K) NonClass: 52729K(53184K)->52729K(53184K) Class: 7564K(7936K)->7564K(7936K)
[56.170s][info][gc             ] GC(425) Pause Young (Allocation Failure) 278M->142M(494M) 17.168ms
[56.170s][info][gc,cpu         ] GC(425) User=0.02s Sys=0.00s Real=0.02s
[56.223s][info][gc,start       ] GC(426) Pause Young (Allocation Failure)
[56.240s][info][gc,heap        ] GC(426) DefNew: 146738K(157248K)->6962K(157248K) Eden: 139776K(139776K)->0K(139776K) From: 6962K(17472K)->6962K(17472K)
[56.249s][info][gc,heap        ] GC(426) Tenured: 138848K(349568K)->138848K(349568K)
[56.249s][info][gc,metaspace   ] GC(426) Metaspace: 60293K(61120K)->60293K(61120K) NonClass: 52729K(53184K)->52729K(53184K) Class: 7564K(7936K)->7564K(7936K)
[56.249s][info][gc             ] GC(426) Pause Young (Allocation Failure) 278M->142M(494M) 25.807ms
[56.249s][info][gc,cpu         ] GC(426) User=0.03s Sys=0.00s Real=0.03s
[56.303s][info][gc,start       ] GC(427) Pause Young (Allocation Failure)
[56.319s][info][gc,heap        ] GC(427) DefNew: 146738K(157248K)->6962K(157248K) Eden: 139776K(139776K)->0K(139776K) From: 6962K(17472K)->6962K(17472K)
[56.319s][info][gc,heap        ] GC(427) Tenured: 138848K(349568K)->138848K(349568K)
[56.319s][info][gc,metaspace   ] GC(427) Metaspace: 60293K(61120K)->60293K(61120K) NonClass: 52729K(53184K)->52729K(53184K) Class: 7564K(7936K)->7564K(7936K)
[56.319s][info][gc             ] GC(427) Pause Young (Allocation Failure) 278M->142M(494M) 16.288ms
[56.319s][info][gc,cpu         ] GC(427) User=0.02s Sys=0.00s Real=0.02s
[56.368s][info][gc,start       ] GC(428) Pause Young (Allocation Failure)
[56.385s][info][gc,heap        ] GC(428) DefNew: 146738K(157248K)->6962K(157248K) Eden: 139776K(139776K)->0K(139776K) From: 6962K(17472K)->6962K(17472K)
[56.385s][info][gc,heap        ] GC(428) Tenured: 138848K(349568K)->138848K(349568K)
[56.385s][info][gc,metaspace   ] GC(428) Metaspace: 60293K(61120K)->60293K(61120K) NonClass: 52729K(53184K)->52729K(53184K) Class: 7564K(7936K)->7564K(7936K)
[56.385s][info][gc             ] GC(428) Pause Young (Allocation Failure) 278M->142M(494M) 17.259ms
[56.385s][info][gc,cpu         ] GC(428) User=0.02s Sys=0.00s Real=0.02s
[56.433s][info][gc,start       ] GC(429) Pause Young (Allocation Failure)
[56.448s][info][gc,heap        ] GC(429) DefNew: 146738K(157248K)->6962K(157248K) Eden: 139776K(139776K)->0K(139776K) From: 6962K(17472K)->6962K(17472K)
[56.448s][info][gc,heap        ] GC(429) Tenured: 138848K(349568K)->138848K(349568K)
[56.448s][info][gc,metaspace   ] GC(429) Metaspace: 60293K(61120K)->60293K(61120K) NonClass: 52729K(53184K)->52729K(53184K) Class: 7564K(7936K)->7564K(7936K)
[56.449s][info][gc             ] GC(429) Pause Young (Allocation Failure) 278M->142M(494M) 15.940ms
[56.449s][info][gc,cpu         ] GC(429) User=0.02s Sys=0.00s Real=0.02s
[56.533s][info][gc,start       ] GC(430) Pause Young (Allocation Failure)
[56.549s][info][gc,heap        ] GC(430) DefNew: 146738K(157248K)->6974K(157248K) Eden: 139776K(139776K)->0K(139776K) From: 6962K(17472K)->6974K(17472K)
[56.549s][info][gc,heap        ] GC(430) Tenured: 138848K(349568K)->138848K(349568K)
[56.549s][info][gc,metaspace   ] GC(430) Metaspace: 60293K(61120K)->60293K(61120K) NonClass: 52729K(53184K)->52729K(53184K) Class: 7564K(7936K)->7564K(7936K)
[56.549s][info][gc             ] GC(430) Pause Young (Allocation Failure) 278M->142M(494M) 16.221ms
[56.549s][info][gc,cpu         ] GC(430) User=0.02s Sys=0.00s Real=0.02s
[56.653s][info][gc,start       ] GC(431) Pause Young (Allocation Failure)
[56.669s][info][gc,heap        ] GC(431) DefNew: 146750K(157248K)->6974K(157248K) Eden: 139776K(139776K)->0K(139776K) From: 6974K(17472K)->6974K(17472K)
[56.669s][info][gc,heap        ] GC(431) Tenured: 138848K(349568K)->138848K(349568K)
[56.669s][info][gc,metaspace   ] GC(431) Metaspace: 60293K(61120K)->60293K(61120K) NonClass: 52729K(53184K)->52729K(53184K) Class: 7564K(7936K)->7564K(7936K)
[56.669s][info][gc             ] GC(431) Pause Young (Allocation Failure) 278M->142M(494M) 16.089ms
[56.669s][info][gc,cpu         ] GC(431) User=0.02s Sys=0.00s Real=0.02s
[56.757s][info][gc,start       ] GC(432) Pause Young (Allocation Failure)
[56.774s][info][gc,heap        ] GC(432) DefNew: 146750K(157248K)->6974K(157248K) Eden: 139776K(139776K)->0K(139776K) From: 6974K(17472K)->6974K(17472K)
[56.774s][info][gc,heap        ] GC(432) Tenured: 138848K(349568K)->138848K(349568K)
[56.774s][info][gc,metaspace   ] GC(432) Metaspace: 60293K(61120K)->60293K(61120K) NonClass: 52729K(53184K)->52729K(53184K) Class: 7564K(7936K)->7564K(7936K)
[56.775s][info][gc             ] GC(432) Pause Young (Allocation Failure) 278M->142M(494M) 17.828ms
[56.775s][info][gc,cpu         ] GC(432) User=0.02s Sys=0.00s Real=0.02s
[56.876s][info][gc,start       ] GC(433) Pause Young (Allocation Failure)
[56.893s][info][gc,heap        ] GC(433) DefNew: 146750K(157248K)->6974K(157248K) Eden: 139776K(139776K)->0K(139776K) From: 6974K(17472K)->6974K(17472K)
[56.893s][info][gc,heap        ] GC(433) Tenured: 138848K(349568K)->138848K(349568K)
[56.893s][info][gc,metaspace   ] GC(433) Metaspace: 60293K(61120K)->60293K(61120K) NonClass: 52729K(53184K)->52729K(53184K) Class: 7564K(7936K)->7564K(7936K)
[56.893s][info][gc             ] GC(433) Pause Young (Allocation Failure) 278M->142M(494M) 17.274ms
[56.893s][info][gc,cpu         ] GC(433) User=0.02s Sys=0.00s Real=0.02s
[56.994s][info][gc,start       ] GC(434) Pause Young (Allocation Failure)
[57.010s][info][gc,heap        ] GC(434) DefNew: 146750K(157248K)->6974K(157248K) Eden: 139776K(139776K)->0K(139776K) From: 6974K(17472K)->6974K(17472K)
[57.010s][info][gc,heap        ] GC(434) Tenured: 138848K(349568K)->138848K(349568K)
[57.010s][info][gc,metaspace   ] GC(434) Metaspace: 60293K(61120K)->60293K(61120K) NonClass: 52729K(53184K)->52729K(53184K) Class: 7564K(7936K)->7564K(7936K)
[57.010s][info][gc             ] GC(434) Pause Young (Allocation Failure) 278M->142M(494M) 16.329ms
[57.010s][info][gc,cpu         ] GC(434) User=0.02s Sys=0.00s Real=0.02s
[57.098s][info][gc,start       ] GC(435) Pause Young (Allocation Failure)
[57.115s][info][gc,heap        ] GC(435) DefNew: 146750K(157248K)->6974K(157248K) Eden: 139776K(139776K)->0K(139776K) From: 6974K(17472K)->6974K(17472K)
[57.115s][info][gc,heap        ] GC(435) Tenured: 138848K(349568K)->138848K(349568K)
[57.115s][info][gc,metaspace   ] GC(435) Metaspace: 60293K(61120K)->60293K(61120K) NonClass: 52729K(53184K)->52729K(53184K) Class: 7564K(7936K)->7564K(7936K)
[57.115s][info][gc             ] GC(435) Pause Young (Allocation Failure) 278M->142M(494M) 17.904ms
[57.116s][info][gc,cpu         ] GC(435) User=0.03s Sys=0.00s Real=0.03s
[57.202s][info][gc,start       ] GC(436) Pause Young (Allocation Failure)
[57.219s][info][gc,heap        ] GC(436) DefNew: 146750K(157248K)->6974K(157248K) Eden: 139776K(139776K)->0K(139776K) From: 6974K(17472K)->6974K(17472K)
[57.219s][info][gc,heap        ] GC(436) Tenured: 138848K(349568K)->138848K(349568K)
[57.220s][info][gc,metaspace   ] GC(436) Metaspace: 60293K(61120K)->60293K(61120K) NonClass: 52729K(53184K)->52729K(53184K) Class: 7564K(7936K)->7564K(7936K)
[57.220s][info][gc             ] GC(436) Pause Young (Allocation Failure) 278M->142M(494M) 17.270ms
[57.220s][info][gc,cpu         ] GC(436) User=0.02s Sys=0.00s Real=0.02s
[57.250s][info][gc,start       ] GC(437) Pause Full (System.gc())
[57.250s][info][gc,phases,start] GC(437) Phase 1: Mark live objects
[57.324s][info][gc,phases      ] GC(437) Phase 1: Mark live objects 73.428ms
[57.324s][info][gc,phases,start] GC(437) Phase 2: Compute new object addresses
[57.382s][info][gc,phases      ] GC(437) Phase 2: Compute new object addresses 57.794ms
[57.382s][info][gc,phases,start] GC(437) Phase 3: Adjust pointers
[57.424s][info][gc,phases      ] GC(437) Phase 3: Adjust pointers 42.155ms
[57.424s][info][gc,phases,start] GC(437) Phase 4: Move objects
[57.424s][info][gc,phases      ] GC(437) Phase 4: Move objects 0.028ms
[57.424s][info][gc,heap        ] GC(437) DefNew: 19677K(157248K)->0K(157248K) Eden: 12703K(139776K)->0K(139776K) From: 6974K(17472K)->0K(17472K)
[57.424s][info][gc,heap        ] GC(437) Tenured: 138848K(349568K)->102540K(349568K)
[57.424s][info][gc,metaspace   ] GC(437) Metaspace: 60310K(61184K)->60310K(61184K) NonClass: 52746K(53248K)->52746K(53248K) Class: 7564K(7936K)->7564K(7936K)
[57.424s][info][gc             ] GC(437) Pause Full (System.gc()) 154M->100M(494M) 174.301ms
[57.424s][info][gc,cpu         ] GC(437) User=0.17s Sys=0.00s Real=0.17s
[57.545s][info][gc,start       ] GC(438) Pause Young (Allocation Failure)
[57.560s][info][gc,heap        ] GC(438) DefNew: 139776K(157248K)->2984K(157248K) Eden: 139776K(139776K)->0K(139776K) From: 0K(17472K)->2984K(17472K)
[57.560s][info][gc,heap        ] GC(438) Tenured: 102540K(349568K)->102540K(349568K)
[57.560s][info][gc,metaspace   ] GC(438) Metaspace: 60385K(61248K)->60385K(61248K) NonClass: 52821K(53312K)->52821K(53312K) Class: 7564K(7936K)->7564K(7936K)
[57.560s][info][gc             ] GC(438) Pause Young (Allocation Failure) 236M->103M(494M) 14.890ms
[57.560s][info][gc,cpu         ] GC(438) User=0.02s Sys=0.00s Real=0.02s
[57.606s][info][gc,start       ] GC(439) Pause Young (Allocation Failure)
[57.633s][info][gc,heap        ] GC(439) DefNew: 142760K(157248K)->8156K(157248K) Eden: 139776K(139776K)->0K(139776K) From: 2984K(17472K)->8156K(17472K)
[57.662s][info][gc,heap        ] GC(439) Tenured: 102540K(349568K)->102540K(349568K)
[57.662s][info][gc,metaspace   ] GC(439) Metaspace: 60386K(61248K)->60386K(61248K) NonClass: 52822K(53312K)->52822K(53312K) Class: 7564K(7936K)->7564K(7936K)
[57.663s][info][gc             ] GC(439) Pause Young (Allocation Failure) 239M->108M(494M) 56.791ms
[57.663s][info][gc,cpu         ] GC(439) User=0.08s Sys=0.02s Real=0.06s
[57.720s][info][gc,start       ] GC(440) Pause Young (Allocation Failure)
[57.756s][info][gc,heap        ] GC(440) DefNew: 147932K(157248K)->13928K(157248K) Eden: 139776K(139776K)->0K(139776K) From: 8156K(17472K)->13928K(17472K)
[57.756s][info][gc,heap        ] GC(440) Tenured: 102540K(349568K)->102540K(349568K)
[57.756s][info][gc,metaspace   ] GC(440) Metaspace: 60386K(61248K)->60386K(61248K) NonClass: 52822K(53312K)->52822K(53312K) Class: 7564K(7936K)->7564K(7936K)
[57.756s][info][gc             ] GC(440) Pause Young (Allocation Failure) 244M->113M(494M) 35.626ms
[57.756s][info][gc,cpu         ] GC(440) User=0.05s Sys=0.00s Real=0.05s
[57.810s][info][gc,start       ] GC(441) Pause Young (Allocation Failure)
[57.852s][info][gc,heap        ] GC(441) DefNew: 153704K(157248K)->11870K(157248K) Eden: 139776K(139776K)->0K(139776K) From: 13928K(17472K)->11870K(17472K)
[57.852s][info][gc,heap        ] GC(441) Tenured: 102540K(349568K)->110178K(349568K)
[57.852s][info][gc,metaspace   ] GC(441) Metaspace: 60386K(61248K)->60386K(61248K) NonClass: 52822K(53312K)->52822K(53312K) Class: 7564K(7936K)->7564K(7936K)
[57.852s][info][gc             ] GC(441) Pause Young (Allocation Failure) 250M->119M(494M) 42.229ms
[57.852s][info][gc,cpu         ] GC(441) User=0.08s Sys=0.02s Real=0.05s
[57.910s][info][gc,start       ] GC(442) Pause Young (Allocation Failure)
[57.951s][info][gc,heap        ] GC(442) DefNew: 151646K(157248K)->11246K(157248K) Eden: 139776K(139776K)->0K(139776K) From: 11870K(17472K)->11246K(17472K)
[57.951s][info][gc,heap        ] GC(442) Tenured: 110178K(349568K)->116468K(349568K)
[57.951s][info][gc,metaspace   ] GC(442) Metaspace: 60386K(61248K)->60386K(61248K) NonClass: 52822K(53312K)->52822K(53312K) Class: 7564K(7936K)->7564K(7936K)
[57.951s][info][gc             ] GC(442) Pause Young (Allocation Failure) 255M->124M(494M) 41.076ms
[57.951s][info][gc,cpu         ] GC(442) User=0.03s Sys=0.00s Real=0.05s
[58.007s][info][gc,start       ] GC(443) Pause Young (Allocation Failure)
[58.048s][info][gc,heap        ] GC(443) DefNew: 151022K(157248K)->12932K(157248K) Eden: 139776K(139776K)->0K(139776K) From: 11246K(17472K)->12932K(17472K)
[58.048s][info][gc,heap        ] GC(443) Tenured: 116468K(349568K)->122048K(349568K)
[58.048s][info][gc,metaspace   ] GC(443) Metaspace: 60386K(61248K)->60386K(61248K) NonClass: 52822K(53312K)->52822K(53312K) Class: 7564K(7936K)->7564K(7936K)
[58.048s][info][gc             ] GC(443) Pause Young (Allocation Failure) 261M->131M(494M) 41.436ms
[58.048s][info][gc,cpu         ] GC(443) User=0.05s Sys=0.00s Real=0.05s
[58.102s][info][gc,start       ] GC(444) Pause Young (Allocation Failure)
[58.143s][info][gc,heap        ] GC(444) DefNew: 152708K(157248K)->12964K(157248K) Eden: 139776K(139776K)->0K(139776K) From: 12932K(17472K)->12964K(17472K)
[58.143s][info][gc,heap        ] GC(444) Tenured: 122048K(349568K)->127714K(349568K)
[58.143s][info][gc,metaspace   ] GC(444) Metaspace: 60386K(61248K)->60386K(61248K) NonClass: 52822K(53312K)->52822K(53312K) Class: 7564K(7936K)->7564K(7936K)
[58.143s][info][gc             ] GC(444) Pause Young (Allocation Failure) 268M->137M(494M) 41.032ms
[58.144s][info][gc,cpu         ] GC(444) User=0.05s Sys=0.00s Real=0.05s
[58.200s][info][gc,start       ] GC(445) Pause Young (Allocation Failure)
[58.242s][info][gc,heap        ] GC(445) DefNew: 152740K(157248K)->11268K(157248K) Eden: 139776K(139776K)->0K(139776K) From: 12964K(17472K)->11268K(17472K)
[58.242s][info][gc,heap        ] GC(445) Tenured: 127714K(349568K)->134980K(349568K)
[58.242s][info][gc,metaspace   ] GC(445) Metaspace: 60389K(61248K)->60389K(61248K) NonClass: 52825K(53312K)->52825K(53312K) Class: 7564K(7936K)->7564K(7936K)
[58.243s][info][gc             ] GC(445) Pause Young (Allocation Failure) 273M->142M(494M) 42.474ms
[58.243s][info][gc,cpu         ] GC(445) User=0.05s Sys=0.00s Real=0.05s
[58.302s][info][gc,start       ] GC(446) Pause Young (Allocation Failure)
[58.324s][info][gc,heap        ] GC(446) DefNew: 151044K(157248K)->5574K(157248K) Eden: 139776K(139776K)->0K(139776K) From: 11268K(17472K)->5574K(17472K)
[58.324s][info][gc,heap        ] GC(446) Tenured: 134980K(349568K)->140678K(349568K)
[58.324s][info][gc,metaspace   ] GC(446) Metaspace: 60389K(61248K)->60389K(61248K) NonClass: 52825K(53312K)->52825K(53312K) Class: 7564K(7936K)->7564K(7936K)
[58.324s][info][gc             ] GC(446) Pause Young (Allocation Failure) 279M->142M(494M) 22.358ms
[58.324s][info][gc,cpu         ] GC(446) User=0.02s Sys=0.00s Real=0.02s
[58.375s][info][gc,start       ] GC(447) Pause Young (Allocation Failure)
[58.389s][info][gc,heap        ] GC(447) DefNew: 145350K(157248K)->5574K(157248K) Eden: 139776K(139776K)->0K(139776K) From: 5574K(17472K)->5574K(17472K)
[58.390s][info][gc,heap        ] GC(447) Tenured: 140678K(349568K)->140678K(349568K)
[58.390s][info][gc,metaspace   ] GC(447) Metaspace: 60389K(61248K)->60389K(61248K) NonClass: 52825K(53312K)->52825K(53312K) Class: 7564K(7936K)->7564K(7936K)
[58.390s][info][gc             ] GC(447) Pause Young (Allocation Failure) 279M->142M(494M) 14.803ms
[58.390s][info][gc,cpu         ] GC(447) User=0.02s Sys=0.00s Real=0.02s
[58.440s][info][gc,start       ] GC(448) Pause Young (Allocation Failure)
[58.455s][info][gc,heap        ] GC(448) DefNew: 145350K(157248K)->5574K(157248K) Eden: 139776K(139776K)->0K(139776K) From: 5574K(17472K)->5574K(17472K)
[58.455s][info][gc,heap        ] GC(448) Tenured: 140678K(349568K)->140678K(349568K)
[58.455s][info][gc,metaspace   ] GC(448) Metaspace: 60389K(61248K)->60389K(61248K) NonClass: 52825K(53312K)->52825K(53312K) Class: 7564K(7936K)->7564K(7936K)
[58.455s][info][gc             ] GC(448) Pause Young (Allocation Failure) 279M->142M(494M) 15.230ms
[58.455s][info][gc,cpu         ] GC(448) User=0.02s Sys=0.00s Real=0.02s
[58.501s][info][gc,start       ] GC(449) Pause Young (Allocation Failure)
[58.515s][info][gc,heap        ] GC(449) DefNew: 145350K(157248K)->5574K(157248K) Eden: 139776K(139776K)->0K(139776K) From: 5574K(17472K)->5574K(17472K)
[58.515s][info][gc,heap        ] GC(449) Tenured: 140678K(349568K)->140678K(349568K)
[58.515s][info][gc,metaspace   ] GC(449) Metaspace: 60389K(61248K)->60389K(61248K) NonClass: 52825K(53312K)->52825K(53312K) Class: 7564K(7936K)->7564K(7936K)
[58.515s][info][gc             ] GC(449) Pause Young (Allocation Failure) 279M->142M(494M) 14.492ms
[58.515s][info][gc,cpu         ] GC(449) User=0.02s Sys=0.00s Real=0.02s
[58.562s][info][gc,start       ] GC(450) Pause Young (Allocation Failure)
[58.576s][info][gc,heap        ] GC(450) DefNew: 145350K(157248K)->5574K(157248K) Eden: 139776K(139776K)->0K(139776K) From: 5574K(17472K)->5574K(17472K)
[58.576s][info][gc,heap        ] GC(450) Tenured: 140678K(349568K)->140678K(349568K)
[58.576s][info][gc,metaspace   ] GC(450) Metaspace: 60389K(61248K)->60389K(61248K) NonClass: 52825K(53312K)->52825K(53312K) Class: 7564K(7936K)->7564K(7936K)
[58.576s][info][gc             ] GC(450) Pause Young (Allocation Failure) 279M->142M(494M) 14.359ms
[58.576s][info][gc,cpu         ] GC(450) User=0.02s Sys=0.00s Real=0.02s
[58.622s][info][gc,start       ] GC(451) Pause Young (Allocation Failure)
[58.636s][info][gc,heap        ] GC(451) DefNew: 145350K(157248K)->5574K(157248K) Eden: 139776K(139776K)->0K(139776K) From: 5574K(17472K)->5574K(17472K)
[58.636s][info][gc,heap        ] GC(451) Tenured: 140678K(349568K)->140678K(349568K)
[58.636s][info][gc,metaspace   ] GC(451) Metaspace: 60389K(61248K)->60389K(61248K) NonClass: 52825K(53312K)->52825K(53312K) Class: 7564K(7936K)->7564K(7936K)
[58.636s][info][gc             ] GC(451) Pause Young (Allocation Failure) 279M->142M(494M) 14.073ms
[58.637s][info][gc,cpu         ] GC(451) User=0.02s Sys=0.00s Real=0.02s
[58.716s][info][gc,start       ] GC(452) Pause Young (Allocation Failure)
[58.730s][info][gc,heap        ] GC(452) DefNew: 145350K(157248K)->5586K(157248K) Eden: 139776K(139776K)->0K(139776K) From: 5574K(17472K)->5586K(17472K)
[58.730s][info][gc,heap        ] GC(452) Tenured: 140678K(349568K)->140678K(349568K)
[58.730s][info][gc,metaspace   ] GC(452) Metaspace: 60394K(61312K)->60394K(61312K) NonClass: 52829K(53376K)->52829K(53376K) Class: 7565K(7936K)->7565K(7936K)
[58.730s][info][gc             ] GC(452) Pause Young (Allocation Failure) 279M->142M(494M) 14.441ms
[58.730s][info][gc,cpu         ] GC(452) User=0.02s Sys=0.00s Real=0.02s
[58.833s][info][gc,start       ] GC(453) Pause Young (Allocation Failure)
[58.848s][info][gc,heap        ] GC(453) DefNew: 145362K(157248K)->5586K(157248K) Eden: 139776K(139776K)->0K(139776K) From: 5586K(17472K)->5586K(17472K)
[58.848s][info][gc,heap        ] GC(453) Tenured: 140678K(349568K)->140678K(349568K)
[58.848s][info][gc,metaspace   ] GC(453) Metaspace: 60394K(61312K)->60394K(61312K) NonClass: 52829K(53376K)->52829K(53376K) Class: 7565K(7936K)->7565K(7936K)
[58.848s][info][gc             ] GC(453) Pause Young (Allocation Failure) 279M->142M(494M) 14.611ms
[58.848s][info][gc,cpu         ] GC(453) User=0.02s Sys=0.00s Real=0.02s
[58.948s][info][gc,start       ] GC(454) Pause Young (Allocation Failure)
[58.963s][info][gc,heap        ] GC(454) DefNew: 145362K(157248K)->5586K(157248K) Eden: 139776K(139776K)->0K(139776K) From: 5586K(17472K)->5586K(17472K)
[58.963s][info][gc,heap        ] GC(454) Tenured: 140678K(349568K)->140678K(349568K)
[58.963s][info][gc,metaspace   ] GC(454) Metaspace: 60394K(61312K)->60394K(61312K) NonClass: 52829K(53376K)->52829K(53376K) Class: 7565K(7936K)->7565K(7936K)
[58.963s][info][gc             ] GC(454) Pause Young (Allocation Failure) 279M->142M(494M) 15.056ms
[58.963s][info][gc,cpu         ] GC(454) User=0.02s Sys=0.00s Real=0.02s
[59.050s][info][gc,start       ] GC(455) Pause Young (Allocation Failure)
[59.065s][info][gc,heap        ] GC(455) DefNew: 145362K(157248K)->5586K(157248K) Eden: 139776K(139776K)->0K(139776K) From: 5586K(17472K)->5586K(17472K)
[59.065s][info][gc,heap        ] GC(455) Tenured: 140678K(349568K)->140678K(349568K)
[59.065s][info][gc,metaspace   ] GC(455) Metaspace: 60394K(61312K)->60394K(61312K) NonClass: 52829K(53376K)->52829K(53376K) Class: 7565K(7936K)->7565K(7936K)
[59.065s][info][gc             ] GC(455) Pause Young (Allocation Failure) 279M->142M(494M) 15.708ms
[59.066s][info][gc,cpu         ] GC(455) User=0.02s Sys=0.00s Real=0.02s
[59.153s][info][gc,start       ] GC(456) Pause Young (Allocation Failure)
[59.168s][info][gc,heap        ] GC(456) DefNew: 145362K(157248K)->5586K(157248K) Eden: 139776K(139776K)->0K(139776K) From: 5586K(17472K)->5586K(17472K)
[59.168s][info][gc,heap        ] GC(456) Tenured: 140678K(349568K)->140678K(349568K)
[59.168s][info][gc,metaspace   ] GC(456) Metaspace: 60394K(61312K)->60394K(61312K) NonClass: 52829K(53376K)->52829K(53376K) Class: 7565K(7936K)->7565K(7936K)
[59.168s][info][gc             ] GC(456) Pause Young (Allocation Failure) 279M->142M(494M) 15.235ms
[59.168s][info][gc,cpu         ] GC(456) User=0.02s Sys=0.00s Real=0.02s
[59.251s][info][gc,start       ] GC(457) Pause Young (Allocation Failure)
[59.266s][info][gc,heap        ] GC(457) DefNew: 145362K(157248K)->5586K(157248K) Eden: 139776K(139776K)->0K(139776K) From: 5586K(17472K)->5586K(17472K)
[59.267s][info][gc,heap        ] GC(457) Tenured: 140678K(349568K)->140678K(349568K)
[59.267s][info][gc,metaspace   ] GC(457) Metaspace: 60394K(61312K)->60394K(61312K) NonClass: 52829K(53376K)->52829K(53376K) Class: 7565K(7936K)->7565K(7936K)
[59.267s][info][gc             ] GC(457) Pause Young (Allocation Failure) 279M->142M(494M) 15.646ms
[59.267s][info][gc,cpu         ] GC(457) User=0.02s Sys=0.00s Real=0.02s
[59.383s][info][gc,start       ] GC(458) Pause Young (Allocation Failure)
[59.398s][info][gc,heap        ] GC(458) DefNew: 145362K(157248K)->5586K(157248K) Eden: 139776K(139776K)->0K(139776K) From: 5586K(17472K)->5586K(17472K)
[59.398s][info][gc,heap        ] GC(458) Tenured: 140678K(349568K)->140678K(349568K)
[59.398s][info][gc,metaspace   ] GC(458) Metaspace: 60394K(61312K)->60394K(61312K) NonClass: 52829K(53376K)->52829K(53376K) Class: 7565K(7936K)->7565K(7936K)
[59.398s][info][gc             ] GC(458) Pause Young (Allocation Failure) 279M->142M(494M) 15.350ms
[59.398s][info][gc,cpu         ] GC(458) User=0.02s Sys=0.00s Real=0.02s
[59.429s][info][gc,start       ] GC(459) Pause Full (System.gc())
[59.429s][info][gc,phases,start] GC(459) Phase 1: Mark live objects
[59.506s][info][gc,phases      ] GC(459) Phase 1: Mark live objects 76.993ms
[59.506s][info][gc,phases,start] GC(459) Phase 2: Compute new object addresses
[59.564s][info][gc,phases      ] GC(459) Phase 2: Compute new object addresses 57.859ms
[59.564s][info][gc,phases,start] GC(459) Phase 3: Adjust pointers
[59.606s][info][gc,phases      ] GC(459) Phase 3: Adjust pointers 42.032ms
[59.606s][info][gc,phases,start] GC(459) Phase 4: Move objects
[59.606s][info][gc,phases      ] GC(459) Phase 4: Move objects 0.028ms
[59.606s][info][gc,heap        ] GC(459) DefNew: 16926K(157248K)->0K(157248K) Eden: 11340K(139776K)->0K(139776K) From: 5586K(17472K)->0K(17472K)
[59.606s][info][gc,heap        ] GC(459) Tenured: 140678K(349568K)->102981K(349568K)
[59.607s][info][gc,metaspace   ] GC(459) Metaspace: 60414K(61312K)->60414K(61312K) NonClass: 52849K(53376K)->52849K(53376K) Class: 7565K(7936K)->7565K(7936K)
[59.607s][info][gc             ] GC(459) Pause Full (System.gc()) 153M->100M(494M) 177.851ms
[59.607s][info][gc,cpu         ] GC(459) User=0.19s Sys=0.00s Real=0.19s
[59.727s][info][gc,start       ] GC(460) Pause Young (Allocation Failure)
[59.741s][info][gc,heap        ] GC(460) DefNew: 139776K(157248K)->2626K(157248K) Eden: 139776K(139776K)->0K(139776K) From: 0K(17472K)->2626K(17472K)
[59.741s][info][gc,heap        ] GC(460) Tenured: 102981K(349568K)->102981K(349568K)
[59.741s][info][gc,metaspace   ] GC(460) Metaspace: 60445K(61312K)->60445K(61312K) NonClass: 52880K(53376K)->52880K(53376K) Class: 7565K(7936K)->7565K(7936K)
[59.741s][info][gc             ] GC(460) Pause Young (Allocation Failure) 237M->103M(494M) 14.202ms
[59.741s][info][gc,cpu         ] GC(460) User=0.02s Sys=0.00s Real=0.01s
[59.786s][info][gc,start       ] GC(461) Pause Young (Allocation Failure)
[59.813s][info][gc,heap        ] GC(461) DefNew: 142402K(157248K)->7788K(157248K) Eden: 139776K(139776K)->0K(139776K) From: 2626K(17472K)->7788K(17472K)
[59.813s][info][gc,heap        ] GC(461) Tenured: 102981K(349568K)->102981K(349568K)
[59.813s][info][gc,metaspace   ] GC(461) Metaspace: 60445K(61312K)->60445K(61312K) NonClass: 52880K(53376K)->52880K(53376K) Class: 7565K(7936K)->7565K(7936K)
[59.813s][info][gc             ] GC(461) Pause Young (Allocation Failure) 239M->108M(494M) 27.226ms
[59.814s][info][gc,cpu         ] GC(461) User=0.03s Sys=0.00s Real=0.03s
[59.865s][info][gc,start       ] GC(462) Pause Young (Allocation Failure)
[59.901s][info][gc,heap        ] GC(462) DefNew: 147564K(157248K)->13718K(157248K) Eden: 139776K(139776K)->0K(139776K) From: 7788K(17472K)->13718K(17472K)
[59.901s][info][gc,heap        ] GC(462) Tenured: 102981K(349568K)->102981K(349568K)
[59.901s][info][gc,metaspace   ] GC(462) Metaspace: 60445K(61312K)->60445K(61312K) NonClass: 52880K(53376K)->52880K(53376K) Class: 7565K(7936K)->7565K(7936K)
[59.901s][info][gc             ] GC(462) Pause Young (Allocation Failure) 244M->113M(494M) 35.998ms
[59.901s][info][gc,cpu         ] GC(462) User=0.05s Sys=0.00s Real=0.05s
[59.957s][info][gc,start       ] GC(463) Pause Young (Allocation Failure)
[59.992s][info][gc,heap        ] GC(463) DefNew: 153494K(157248K)->11761K(157248K) Eden: 139776K(139776K)->0K(139776K) From: 13718K(17472K)->11761K(17472K)
[59.992s][info][gc,heap        ] GC(463) Tenured: 102981K(349568K)->110256K(349568K)
[59.992s][info][gc,metaspace   ] GC(463) Metaspace: 60445K(61312K)->60445K(61312K) NonClass: 52880K(53376K)->52880K(53376K) Class: 7565K(7936K)->7565K(7936K)
[59.992s][info][gc             ] GC(463) Pause Young (Allocation Failure) 250M->119M(494M) 35.304ms
[59.992s][info][gc,cpu         ] GC(463) User=0.03s Sys=0.00s Real=0.03s
[60.046s][info][gc,start       ] GC(464) Pause Young (Allocation Failure)
[60.088s][info][gc,heap        ] GC(464) DefNew: 151537K(157248K)->10870K(157248K) Eden: 139776K(139776K)->0K(139776K) From: 11761K(17472K)->10870K(17472K)
[60.088s][info][gc,heap        ] GC(464) Tenured: 110256K(349568K)->116694K(349568K)
[60.088s][info][gc,metaspace   ] GC(464) Metaspace: 60445K(61312K)->60445K(61312K) NonClass: 52880K(53376K)->52880K(53376K) Class: 7565K(7936K)->7565K(7936K)
[60.088s][info][gc             ] GC(464) Pause Young (Allocation Failure) 255M->124M(494M) 42.253ms
[60.088s][info][gc,cpu         ] GC(464) User=0.05s Sys=0.00s Real=0.05s
[60.144s][info][gc,start       ] GC(465) Pause Young (Allocation Failure)
[60.185s][info][gc,heap        ] GC(465) DefNew: 150646K(157248K)->12813K(157248K) Eden: 139776K(139776K)->0K(139776K) From: 10870K(17472K)->12813K(17472K)
[60.185s][info][gc,heap        ] GC(465) Tenured: 116694K(349568K)->122017K(349568K)
[60.185s][info][gc,metaspace   ] GC(465) Metaspace: 60445K(61312K)->60445K(61312K) NonClass: 52880K(53376K)->52880K(53376K) Class: 7565K(7936K)->7565K(7936K)
[60.185s][info][gc             ] GC(465) Pause Young (Allocation Failure) 261M->131M(494M) 41.935ms
[60.186s][info][gc,cpu         ] GC(465) User=0.05s Sys=0.00s Real=0.05s
[60.248s][info][gc,start       ] GC(466) Pause Young (Allocation Failure)
[60.292s][info][gc,heap        ] GC(466) DefNew: 152589K(157248K)->13882K(157248K) Eden: 139776K(139776K)->0K(139776K) From: 12813K(17472K)->13882K(17472K)
[60.292s][info][gc,heap        ] GC(466) Tenured: 122017K(349568K)->127564K(349568K)
[60.292s][info][gc,metaspace   ] GC(466) Metaspace: 60445K(61312K)->60445K(61312K) NonClass: 52880K(53376K)->52880K(53376K) Class: 7565K(7936K)->7565K(7936K)
[60.292s][info][gc             ] GC(466) Pause Young (Allocation Failure) 268M->138M(494M) 43.958ms
[60.292s][info][gc,cpu         ] GC(466) User=0.05s Sys=0.00s Real=0.04s
[60.348s][info][gc,start       ] GC(467) Pause Young (Allocation Failure)
[60.391s][info][gc,heap        ] GC(467) DefNew: 153658K(157248K)->11851K(157248K) Eden: 139776K(139776K)->0K(139776K) From: 13882K(17472K)->11851K(17472K)
[60.391s][info][gc,heap        ] GC(467) Tenured: 127564K(349568K)->134830K(349568K)
[60.391s][info][gc,metaspace   ] GC(467) Metaspace: 60445K(61312K)->60445K(61312K) NonClass: 52880K(53376K)->52880K(53376K) Class: 7565K(7936K)->7565K(7936K)
[60.391s][info][gc             ] GC(467) Pause Young (Allocation Failure) 274M->143M(494M) 43.334ms
[60.391s][info][gc,cpu         ] GC(467) User=0.03s Sys=0.00s Real=0.03s
[60.448s][info][gc,start       ] GC(468) Pause Young (Allocation Failure)
[60.473s][info][gc,heap        ] GC(468) DefNew: 151627K(157248K)->5235K(157248K) Eden: 139776K(139776K)->0K(139776K) From: 11851K(17472K)->5235K(17472K)
[60.485s][info][gc,heap        ] GC(468) Tenured: 134830K(349568K)->141446K(349568K)
[60.485s][info][gc,metaspace   ] GC(468) Metaspace: 60445K(61312K)->60445K(61312K) NonClass: 52880K(53376K)->52880K(53376K) Class: 7565K(7936K)->7565K(7936K)
[60.485s][info][gc             ] GC(468) Pause Young (Allocation Failure) 279M->143M(494M) 37.755ms
[60.485s][info][gc,cpu         ] GC(468) User=0.03s Sys=0.00s Real=0.03s
[60.545s][info][gc,start       ] GC(469) Pause Young (Allocation Failure)
[60.559s][info][gc,heap        ] GC(469) DefNew: 145011K(157248K)->5235K(157248K) Eden: 139776K(139776K)->0K(139776K) From: 5235K(17472K)->5235K(17472K)
[60.559s][info][gc,heap        ] GC(469) Tenured: 141446K(349568K)->141446K(349568K)
[60.559s][info][gc,metaspace   ] GC(469) Metaspace: 60445K(61312K)->60445K(61312K) NonClass: 52880K(53376K)->52880K(53376K) Class: 7565K(7936K)->7565K(7936K)
[60.559s][info][gc             ] GC(469) Pause Young (Allocation Failure) 279M->143M(494M) 13.747ms
[60.559s][info][gc,cpu         ] GC(469) User=0.02s Sys=0.00s Real=0.01s
[60.609s][info][gc,start       ] GC(470) Pause Young (Allocation Failure)
[60.624s][info][gc,heap        ] GC(470) DefNew: 145011K(157248K)->5234K(157248K) Eden: 139776K(139776K)->0K(139776K) From: 5235K(17472K)->5234K(17472K)
[60.624s][info][gc,heap        ] GC(470) Tenured: 141446K(349568K)->141446K(349568K)
[60.624s][info][gc,metaspace   ] GC(470) Metaspace: 60445K(61312K)->60445K(61312K) NonClass: 52880K(53376K)->52880K(53376K) Class: 7565K(7936K)->7565K(7936K)
[60.624s][info][gc             ] GC(470) Pause Young (Allocation Failure) 279M->143M(494M) 14.759ms
[60.624s][info][gc,cpu         ] GC(470) User=0.02s Sys=0.00s Real=0.02s
[60.669s][info][gc,start       ] GC(471) Pause Young (Allocation Failure)
[60.683s][info][gc,heap        ] GC(471) DefNew: 145010K(157248K)->5235K(157248K) Eden: 139776K(139776K)->0K(139776K) From: 5234K(17472K)->5235K(17472K)
[60.683s][info][gc,heap        ] GC(471) Tenured: 141446K(349568K)->141446K(349568K)
[60.684s][info][gc,metaspace   ] GC(471) Metaspace: 60445K(61312K)->60445K(61312K) NonClass: 52880K(53376K)->52880K(53376K) Class: 7565K(7936K)->7565K(7936K)
[60.684s][info][gc             ] GC(471) Pause Young (Allocation Failure) 279M->143M(494M) 14.682ms
[60.684s][info][gc,cpu         ] GC(471) User=0.02s Sys=0.00s Real=0.02s
[60.742s][info][gc,start       ] GC(472) Pause Young (Allocation Failure)
[60.756s][info][gc,heap        ] GC(472) DefNew: 145011K(157248K)->5235K(157248K) Eden: 139776K(139776K)->0K(139776K) From: 5235K(17472K)->5235K(17472K)
[60.756s][info][gc,heap        ] GC(472) Tenured: 141446K(349568K)->141446K(349568K)
[60.756s][info][gc,metaspace   ] GC(472) Metaspace: 60445K(61312K)->60445K(61312K) NonClass: 52880K(53376K)->52880K(53376K) Class: 7565K(7936K)->7565K(7936K)
[60.756s][info][gc             ] GC(472) Pause Young (Allocation Failure) 279M->143M(494M) 14.070ms
[60.756s][info][gc,cpu         ] GC(472) User=0.02s Sys=0.00s Real=0.01s
[60.803s][info][gc,start       ] GC(473) Pause Young (Allocation Failure)
[60.817s][info][gc,heap        ] GC(473) DefNew: 145011K(157248K)->5235K(157248K) Eden: 139776K(139776K)->0K(139776K) From: 5235K(17472K)->5235K(17472K)
[60.817s][info][gc,heap        ] GC(473) Tenured: 141446K(349568K)->141446K(349568K)
[60.817s][info][gc,metaspace   ] GC(473) Metaspace: 60445K(61312K)->60445K(61312K) NonClass: 52880K(53376K)->52880K(53376K) Class: 7565K(7936K)->7565K(7936K)
[60.817s][info][gc             ] GC(473) Pause Young (Allocation Failure) 279M->143M(494M) 13.584ms
[60.817s][info][gc,cpu         ] GC(473) User=0.02s Sys=0.00s Real=0.02s
[60.885s][info][gc,start       ] GC(474) Pause Young (Allocation Failure)
[60.898s][info][gc,heap        ] GC(474) DefNew: 145011K(157248K)->5247K(157248K) Eden: 139776K(139776K)->0K(139776K) From: 5235K(17472K)->5247K(17472K)
[60.898s][info][gc,heap        ] GC(474) Tenured: 141446K(349568K)->141446K(349568K)
[60.898s][info][gc,metaspace   ] GC(474) Metaspace: 60446K(61312K)->60446K(61312K) NonClass: 52881K(53376K)->52881K(53376K) Class: 7565K(7936K)->7565K(7936K)
[60.898s][info][gc             ] GC(474) Pause Young (Allocation Failure) 279M->143M(494M) 13.695ms
[60.898s][info][gc,cpu         ] GC(474) User=0.00s Sys=0.00s Real=0.00s
[61.002s][info][gc,start       ] GC(475) Pause Young (Allocation Failure)
[61.016s][info][gc,heap        ] GC(475) DefNew: 145023K(157248K)->5247K(157248K) Eden: 139776K(139776K)->0K(139776K) From: 5247K(17472K)->5247K(17472K)
[61.016s][info][gc,heap        ] GC(475) Tenured: 141446K(349568K)->141446K(349568K)
[61.016s][info][gc,metaspace   ] GC(475) Metaspace: 60446K(61312K)->60446K(61312K) NonClass: 52881K(53376K)->52881K(53376K) Class: 7565K(7936K)->7565K(7936K)
[61.016s][info][gc             ] GC(475) Pause Young (Allocation Failure) 279M->143M(494M) 14.627ms
[61.016s][info][gc,cpu         ] GC(475) User=0.02s Sys=0.00s Real=0.02s
[61.099s][info][gc,start       ] GC(476) Pause Young (Allocation Failure)
[61.114s][info][gc,heap        ] GC(476) DefNew: 145023K(157248K)->5247K(157248K) Eden: 139776K(139776K)->0K(139776K) From: 5247K(17472K)->5247K(17472K)
[61.114s][info][gc,heap        ] GC(476) Tenured: 141446K(349568K)->141446K(349568K)
[61.114s][info][gc,metaspace   ] GC(476) Metaspace: 60446K(61312K)->60446K(61312K) NonClass: 52881K(53376K)->52881K(53376K) Class: 7565K(7936K)->7565K(7936K)
[61.114s][info][gc             ] GC(476) Pause Young (Allocation Failure) 279M->143M(494M) 14.831ms
[61.114s][info][gc,cpu         ] GC(476) User=0.02s Sys=0.00s Real=0.02s
[61.202s][info][gc,start       ] GC(477) Pause Young (Allocation Failure)
[61.216s][info][gc,heap        ] GC(477) DefNew: 145023K(157248K)->5247K(157248K) Eden: 139776K(139776K)->0K(139776K) From: 5247K(17472K)->5247K(17472K)
[61.216s][info][gc,heap        ] GC(477) Tenured: 141446K(349568K)->141446K(349568K)
[61.216s][info][gc,metaspace   ] GC(477) Metaspace: 60446K(61312K)->60446K(61312K) NonClass: 52881K(53376K)->52881K(53376K) Class: 7565K(7936K)->7565K(7936K)
[61.216s][info][gc             ] GC(477) Pause Young (Allocation Failure) 279M->143M(494M) 14.790ms
[61.216s][info][gc,cpu         ] GC(477) User=0.02s Sys=0.00s Real=0.02s
[61.300s][info][gc,start       ] GC(478) Pause Young (Allocation Failure)
[61.315s][info][gc,heap        ] GC(478) DefNew: 145023K(157248K)->5247K(157248K) Eden: 139776K(139776K)->0K(139776K) From: 5247K(17472K)->5247K(17472K)
[61.315s][info][gc,heap        ] GC(478) Tenured: 141446K(349568K)->141446K(349568K)
[61.315s][info][gc,metaspace   ] GC(478) Metaspace: 60446K(61312K)->60446K(61312K) NonClass: 52881K(53376K)->52881K(53376K) Class: 7565K(7936K)->7565K(7936K)
[61.315s][info][gc             ] GC(478) Pause Young (Allocation Failure) 279M->143M(494M) 14.830ms
[61.315s][info][gc,cpu         ] GC(478) User=0.02s Sys=0.00s Real=0.02s
[61.401s][info][gc,start       ] GC(479) Pause Young (Allocation Failure)
[61.416s][info][gc,heap        ] GC(479) DefNew: 145023K(157248K)->5247K(157248K) Eden: 139776K(139776K)->0K(139776K) From: 5247K(17472K)->5247K(17472K)
[61.416s][info][gc,heap        ] GC(479) Tenured: 141446K(349568K)->141446K(349568K)
[61.416s][info][gc,metaspace   ] GC(479) Metaspace: 60446K(61312K)->60446K(61312K) NonClass: 52881K(53376K)->52881K(53376K) Class: 7565K(7936K)->7565K(7936K)
[61.416s][info][gc             ] GC(479) Pause Young (Allocation Failure) 279M->143M(494M) 14.640ms
[61.416s][info][gc,cpu         ] GC(479) User=0.02s Sys=0.00s Real=0.02s
[61.503s][info][gc,start       ] GC(480) Pause Young (Allocation Failure)
[61.517s][info][gc,heap        ] GC(480) DefNew: 145023K(157248K)->5247K(157248K) Eden: 139776K(139776K)->0K(139776K) From: 5247K(17472K)->5247K(17472K)
[61.517s][info][gc,heap        ] GC(480) Tenured: 141446K(349568K)->141446K(349568K)
[61.517s][info][gc,metaspace   ] GC(480) Metaspace: 60446K(61312K)->60446K(61312K) NonClass: 52881K(53376K)->52881K(53376K) Class: 7565K(7936K)->7565K(7936K)
[61.517s][info][gc             ] GC(480) Pause Young (Allocation Failure) 279M->143M(494M) 14.736ms
[61.517s][info][gc,cpu         ] GC(480) User=0.02s Sys=0.00s Real=0.02s
[61.551s][info][gc,start       ] GC(481) Pause Full (System.gc())
[61.551s][info][gc,phases,start] GC(481) Phase 1: Mark live objects
[61.626s][info][gc,phases      ] GC(481) Phase 1: Mark live objects 74.402ms
[61.626s][info][gc,phases,start] GC(481) Phase 2: Compute new object addresses
[61.686s][info][gc,phases      ] GC(481) Phase 2: Compute new object addresses 59.993ms
[61.686s][info][gc,phases,start] GC(481) Phase 3: Adjust pointers
[61.729s][info][gc,phases      ] GC(481) Phase 3: Adjust pointers 42.836ms
[61.729s][info][gc,phases,start] GC(481) Phase 4: Move objects
[61.729s][info][gc,phases      ] GC(481) Phase 4: Move objects 0.269ms
[61.729s][info][gc,heap        ] GC(481) DefNew: 22125K(157248K)->0K(157248K) Eden: 16878K(139776K)->0K(139776K) From: 5247K(17472K)->0K(17472K)
[61.729s][info][gc,heap        ] GC(481) Tenured: 141446K(349568K)->101814K(349568K)
[61.729s][info][gc,metaspace   ] GC(481) Metaspace: 60454K(61312K)->60454K(61312K) NonClass: 52888K(53376K)->52888K(53376K) Class: 7565K(7936K)->7565K(7936K)
[61.729s][info][gc             ] GC(481) Pause Full (System.gc()) 159M->99M(494M) 178.415ms
[61.730s][info][gc,cpu         ] GC(481) User=0.17s Sys=0.00s Real=0.17s
[61.847s][info][gc,start       ] GC(482) Pause Young (Allocation Failure)
[61.862s][info][gc,heap        ] GC(482) DefNew: 139776K(157248K)->2840K(157248K) Eden: 139776K(139776K)->0K(139776K) From: 0K(17472K)->2840K(17472K)
[61.881s][info][gc,heap        ] GC(482) Tenured: 101814K(349568K)->101814K(349568K)
[61.881s][info][gc,metaspace   ] GC(482) Metaspace: 60544K(61440K)->60544K(61440K) NonClass: 52976K(53504K)->52976K(53504K) Class: 7567K(7936K)->7567K(7936K)
[61.881s][info][gc             ] GC(482) Pause Young (Allocation Failure) 235M->102M(494M) 34.143ms
[61.882s][info][gc,cpu         ] GC(482) User=0.02s Sys=0.00s Real=0.03s
[61.939s][info][gc,start       ] GC(483) Pause Young (Allocation Failure)
[61.967s][info][gc,heap        ] GC(483) DefNew: 142616K(157248K)->8254K(157248K) Eden: 139776K(139776K)->0K(139776K) From: 2840K(17472K)->8254K(17472K)
[61.967s][info][gc,heap        ] GC(483) Tenured: 101814K(349568K)->101814K(349568K)
[61.967s][info][gc,metaspace   ] GC(483) Metaspace: 60546K(61440K)->60546K(61440K) NonClass: 52978K(53504K)->52978K(53504K) Class: 7567K(7936K)->7567K(7936K)
[61.967s][info][gc             ] GC(483) Pause Young (Allocation Failure) 238M->107M(494M) 28.015ms
[61.967s][info][gc,cpu         ] GC(483) User=0.02s Sys=0.00s Real=0.02s
[62.020s][info][gc,start       ] GC(484) Pause Young (Allocation Failure)
[62.054s][info][gc,heap        ] GC(484) DefNew: 148030K(157248K)->14027K(157248K) Eden: 139776K(139776K)->0K(139776K) From: 8254K(17472K)->14027K(17472K)
[62.054s][info][gc,heap        ] GC(484) Tenured: 101814K(349568K)->101814K(349568K)
[62.054s][info][gc,metaspace   ] GC(484) Metaspace: 60546K(61440K)->60546K(61440K) NonClass: 52978K(53504K)->52978K(53504K) Class: 7567K(7936K)->7567K(7936K)
[62.054s][info][gc             ] GC(484) Pause Young (Allocation Failure) 243M->113M(494M) 33.418ms
[62.054s][info][gc,cpu         ] GC(484) User=0.03s Sys=0.00s Real=0.03s
[62.108s][info][gc,start       ] GC(485) Pause Young (Allocation Failure)
[62.149s][info][gc,heap        ] GC(485) DefNew: 153803K(157248K)->11816K(157248K) Eden: 139776K(139776K)->0K(139776K) From: 14027K(17472K)->11816K(17472K)
[62.149s][info][gc,heap        ] GC(485) Tenured: 101814K(349568K)->109555K(349568K)
[62.149s][info][gc,metaspace   ] GC(485) Metaspace: 60546K(61440K)->60546K(61440K) NonClass: 52978K(53504K)->52978K(53504K) Class: 7567K(7936K)->7567K(7936K)
[62.149s][info][gc             ] GC(485) Pause Young (Allocation Failure) 249M->118M(494M) 41.133ms
[62.149s][info][gc,cpu         ] GC(485) User=0.05s Sys=0.00s Real=0.05s
[62.201s][info][gc,start       ] GC(486) Pause Young (Allocation Failure)
[62.234s][info][gc,heap        ] GC(486) DefNew: 151592K(157248K)->11494K(157248K) Eden: 139776K(139776K)->0K(139776K) From: 11816K(17472K)->11494K(17472K)
[62.235s][info][gc,heap        ] GC(486) Tenured: 109555K(349568K)->115841K(349568K)
[62.235s][info][gc,metaspace   ] GC(486) Metaspace: 60546K(61440K)->60546K(61440K) NonClass: 52978K(53504K)->52978K(53504K) Class: 7567K(7936K)->7567K(7936K)
[62.235s][info][gc             ] GC(486) Pause Young (Allocation Failure) 255M->124M(494M) 33.606ms
[62.235s][info][gc,cpu         ] GC(486) User=0.03s Sys=0.00s Real=0.03s
[62.291s][info][gc,start       ] GC(487) Pause Young (Allocation Failure)
[62.332s][info][gc,heap        ] GC(487) DefNew: 151270K(157248K)->13453K(157248K) Eden: 139776K(139776K)->0K(139776K) From: 11494K(17472K)->13453K(17472K)
[62.332s][info][gc,heap        ] GC(487) Tenured: 115841K(349568K)->121371K(349568K)
[62.332s][info][gc,metaspace   ] GC(487) Metaspace: 60546K(61440K)->60546K(61440K) NonClass: 52978K(53504K)->52978K(53504K) Class: 7567K(7936K)->7567K(7936K)
[62.332s][info][gc             ] GC(487) Pause Young (Allocation Failure) 260M->131M(494M) 41.497ms
[62.332s][info][gc,cpu         ] GC(487) User=0.03s Sys=0.00s Real=0.03s
[62.385s][info][gc,start       ] GC(488) Pause Young (Allocation Failure)
[62.427s][info][gc,heap        ] GC(488) DefNew: 153229K(157248K)->13186K(157248K) Eden: 139776K(139776K)->0K(139776K) From: 13453K(17472K)->13186K(17472K)
[62.427s][info][gc,heap        ] GC(488) Tenured: 121371K(349568K)->127335K(349568K)
[62.427s][info][gc,metaspace   ] GC(488) Metaspace: 60546K(61440K)->60546K(61440K) NonClass: 52978K(53504K)->52978K(53504K) Class: 7567K(7936K)->7567K(7936K)
[62.427s][info][gc             ] GC(488) Pause Young (Allocation Failure) 268M->137M(494M) 41.996ms
[62.427s][info][gc,cpu         ] GC(488) User=0.03s Sys=0.00s Real=0.03s
[62.486s][info][gc,start       ] GC(489) Pause Young (Allocation Failure)
[62.527s][info][gc,heap        ] GC(489) DefNew: 152962K(157248K)->10691K(157248K) Eden: 139776K(139776K)->0K(139776K) From: 13186K(17472K)->10691K(17472K)
[62.527s][info][gc,heap        ] GC(489) Tenured: 127335K(349568K)->134824K(349568K)
[62.527s][info][gc,metaspace   ] GC(489) Metaspace: 60549K(61440K)->60549K(61440K) NonClass: 52981K(53504K)->52981K(53504K) Class: 7567K(7936K)->7567K(7936K)
[62.527s][info][gc             ] GC(489) Pause Young (Allocation Failure) 273M->142M(494M) 41.847ms
[62.528s][info][gc,cpu         ] GC(489) User=0.05s Sys=0.00s Real=0.05s
[62.587s][info][gc,start       ] GC(490) Pause Young (Allocation Failure)
[62.611s][info][gc,heap        ] GC(490) DefNew: 150467K(157248K)->4994K(157248K) Eden: 139776K(139776K)->0K(139776K) From: 10691K(17472K)->4994K(17472K)
[62.611s][info][gc,heap        ] GC(490) Tenured: 134824K(349568K)->140521K(349568K)
[62.611s][info][gc,metaspace   ] GC(490) Metaspace: 60549K(61440K)->60549K(61440K) NonClass: 52981K(53504K)->52981K(53504K) Class: 7567K(7936K)->7567K(7936K)
[62.611s][info][gc             ] GC(490) Pause Young (Allocation Failure) 278M->142M(494M) 24.632ms
[62.612s][info][gc,cpu         ] GC(490) User=0.02s Sys=0.00s Real=0.02s
[62.667s][info][gc,start       ] GC(491) Pause Young (Allocation Failure)
[62.681s][info][gc,heap        ] GC(491) DefNew: 144770K(157248K)->4994K(157248K) Eden: 139776K(139776K)->0K(139776K) From: 4994K(17472K)->4994K(17472K)
[62.681s][info][gc,heap        ] GC(491) Tenured: 140521K(349568K)->140521K(349568K)
[62.681s][info][gc,metaspace   ] GC(491) Metaspace: 60549K(61440K)->60549K(61440K) NonClass: 52981K(53504K)->52981K(53504K) Class: 7567K(7936K)->7567K(7936K)
[62.681s][info][gc             ] GC(491) Pause Young (Allocation Failure) 278M->142M(494M) 14.269ms
[62.681s][info][gc,cpu         ] GC(491) User=0.02s Sys=0.00s Real=0.01s
[62.730s][info][gc,start       ] GC(492) Pause Young (Allocation Failure)
[62.744s][info][gc,heap        ] GC(492) DefNew: 144770K(157248K)->4994K(157248K) Eden: 139776K(139776K)->0K(139776K) From: 4994K(17472K)->4994K(17472K)
[62.744s][info][gc,heap        ] GC(492) Tenured: 140521K(349568K)->140521K(349568K)
[62.744s][info][gc,metaspace   ] GC(492) Metaspace: 60549K(61440K)->60549K(61440K) NonClass: 52981K(53504K)->52981K(53504K) Class: 7567K(7936K)->7567K(7936K)
[62.744s][info][gc             ] GC(492) Pause Young (Allocation Failure) 278M->142M(494M) 14.022ms
[62.744s][info][gc,cpu         ] GC(492) User=0.02s Sys=0.00s Real=0.02s
[62.789s][info][gc,start       ] GC(493) Pause Young (Allocation Failure)
[62.803s][info][gc,heap        ] GC(493) DefNew: 144770K(157248K)->4994K(157248K) Eden: 139776K(139776K)->0K(139776K) From: 4994K(17472K)->4994K(17472K)
[62.803s][info][gc,heap        ] GC(493) Tenured: 140521K(349568K)->140521K(349568K)
[62.803s][info][gc,metaspace   ] GC(493) Metaspace: 60549K(61440K)->60549K(61440K) NonClass: 52981K(53504K)->52981K(53504K) Class: 7567K(7936K)->7567K(7936K)
[62.804s][info][gc             ] GC(493) Pause Young (Allocation Failure) 278M->142M(494M) 14.109ms
[62.804s][info][gc,cpu         ] GC(493) User=0.02s Sys=0.00s Real=0.02s
[62.857s][info][gc,start       ] GC(494) Pause Young (Allocation Failure)
[62.870s][info][gc,heap        ] GC(494) DefNew: 144770K(157248K)->4994K(157248K) Eden: 139776K(139776K)->0K(139776K) From: 4994K(17472K)->4994K(17472K)
[62.870s][info][gc,heap        ] GC(494) Tenured: 140521K(349568K)->140521K(349568K)
[62.870s][info][gc,metaspace   ] GC(494) Metaspace: 60549K(61440K)->60549K(61440K) NonClass: 52981K(53504K)->52981K(53504K) Class: 7567K(7936K)->7567K(7936K)
[62.870s][info][gc             ] GC(494) Pause Young (Allocation Failure) 278M->142M(494M) 13.409ms
[62.870s][info][gc,cpu         ] GC(494) User=0.02s Sys=0.00s Real=0.02s
[62.925s][info][gc,start       ] GC(495) Pause Young (Allocation Failure)
[62.938s][info][gc,heap        ] GC(495) DefNew: 144770K(157248K)->4994K(157248K) Eden: 139776K(139776K)->0K(139776K) From: 4994K(17472K)->4994K(17472K)
[62.938s][info][gc,heap        ] GC(495) Tenured: 140521K(349568K)->140521K(349568K)
[62.938s][info][gc,metaspace   ] GC(495) Metaspace: 60549K(61440K)->60549K(61440K) NonClass: 52981K(53504K)->52981K(53504K) Class: 7567K(7936K)->7567K(7936K)
[62.938s][info][gc             ] GC(495) Pause Young (Allocation Failure) 278M->142M(494M) 12.742ms
[62.938s][info][gc,cpu         ] GC(495) User=0.02s Sys=0.00s Real=0.02s
[63.023s][info][gc,start       ] GC(496) Pause Young (Allocation Failure)
[63.037s][info][gc,heap        ] GC(496) DefNew: 144770K(157248K)->5007K(157248K) Eden: 139776K(139776K)->0K(139776K) From: 4994K(17472K)->5007K(17472K)
[63.037s][info][gc,heap        ] GC(496) Tenured: 140521K(349568K)->140521K(349568K)
[63.037s][info][gc,metaspace   ] GC(496) Metaspace: 60550K(61440K)->60550K(61440K) NonClass: 52982K(53504K)->52982K(53504K) Class: 7567K(7936K)->7567K(7936K)
[63.037s][info][gc             ] GC(496) Pause Young (Allocation Failure) 278M->142M(494M) 14.152ms
[63.037s][info][gc,cpu         ] GC(496) User=0.02s Sys=0.00s Real=0.02s
[63.123s][info][gc,start       ] GC(497) Pause Young (Allocation Failure)
[63.137s][info][gc,heap        ] GC(497) DefNew: 144783K(157248K)->5007K(157248K) Eden: 139776K(139776K)->0K(139776K) From: 5007K(17472K)->5007K(17472K)
[63.137s][info][gc,heap        ] GC(497) Tenured: 140521K(349568K)->140521K(349568K)
[63.137s][info][gc,metaspace   ] GC(497) Metaspace: 60550K(61440K)->60550K(61440K) NonClass: 52982K(53504K)->52982K(53504K) Class: 7567K(7936K)->7567K(7936K)
[63.137s][info][gc             ] GC(497) Pause Young (Allocation Failure) 278M->142M(494M) 14.348ms
[63.137s][info][gc,cpu         ] GC(497) User=0.02s Sys=0.00s Real=0.02s
[63.238s][info][gc,start       ] GC(498) Pause Young (Allocation Failure)
[63.251s][info][gc,heap        ] GC(498) DefNew: 144783K(157248K)->5007K(157248K) Eden: 139776K(139776K)->0K(139776K) From: 5007K(17472K)->5007K(17472K)
[63.304s][info][gc,heap        ] GC(498) Tenured: 140521K(349568K)->140521K(349568K)
[63.304s][info][gc,metaspace   ] GC(498) Metaspace: 60550K(61440K)->60550K(61440K) NonClass: 52982K(53504K)->52982K(53504K) Class: 7567K(7936K)->7567K(7936K)
[63.304s][info][gc             ] GC(498) Pause Young (Allocation Failure) 278M->142M(494M) 66.314ms
[63.304s][info][gc,cpu         ] GC(498) User=0.02s Sys=0.00s Real=0.06s
[63.401s][info][gc,start       ] GC(499) Pause Young (Allocation Failure)
[63.415s][info][gc,heap        ] GC(499) DefNew: 144783K(157248K)->5007K(157248K) Eden: 139776K(139776K)->0K(139776K) From: 5007K(17472K)->5007K(17472K)
[63.415s][info][gc,heap        ] GC(499) Tenured: 140521K(349568K)->140521K(349568K)
[63.415s][info][gc,metaspace   ] GC(499) Metaspace: 60550K(61440K)->60550K(61440K) NonClass: 52982K(53504K)->52982K(53504K) Class: 7567K(7936K)->7567K(7936K)
[63.415s][info][gc             ] GC(499) Pause Young (Allocation Failure) 278M->142M(494M) 14.128ms
[63.416s][info][gc,cpu         ] GC(499) User=0.02s Sys=0.00s Real=0.02s
[63.503s][info][gc,start       ] GC(500) Pause Young (Allocation Failure)
[63.517s][info][gc,heap        ] GC(500) DefNew: 144783K(157248K)->5007K(157248K) Eden: 139776K(139776K)->0K(139776K) From: 5007K(17472K)->5007K(17472K)
[63.517s][info][gc,heap        ] GC(500) Tenured: 140521K(349568K)->140521K(349568K)
[63.517s][info][gc,metaspace   ] GC(500) Metaspace: 60550K(61440K)->60550K(61440K) NonClass: 52982K(53504K)->52982K(53504K) Class: 7567K(7936K)->7567K(7936K)
[63.517s][info][gc             ] GC(500) Pause Young (Allocation Failure) 278M->142M(494M) 14.271ms
[63.517s][info][gc,cpu         ] GC(500) User=0.02s Sys=0.00s Real=0.02s
[63.604s][info][gc,start       ] GC(501) Pause Young (Allocation Failure)
[63.618s][info][gc,heap        ] GC(501) DefNew: 144783K(157248K)->5007K(157248K) Eden: 139776K(139776K)->0K(139776K) From: 5007K(17472K)->5007K(17472K)
[63.618s][info][gc,heap        ] GC(501) Tenured: 140521K(349568K)->140521K(349568K)
[63.618s][info][gc,metaspace   ] GC(501) Metaspace: 60550K(61440K)->60550K(61440K) NonClass: 52982K(53504K)->52982K(53504K) Class: 7567K(7936K)->7567K(7936K)
[63.618s][info][gc             ] GC(501) Pause Young (Allocation Failure) 278M->142M(494M) 14.255ms
[63.618s][info][gc,cpu         ] GC(501) User=0.02s Sys=0.00s Real=0.02s
[63.703s][info][gc,start       ] GC(502) Pause Young (Allocation Failure)
[63.717s][info][gc,heap        ] GC(502) DefNew: 144783K(157248K)->5007K(157248K) Eden: 139776K(139776K)->0K(139776K) From: 5007K(17472K)->5007K(17472K)
[63.717s][info][gc,heap        ] GC(502) Tenured: 140521K(349568K)->140521K(349568K)
[63.717s][info][gc,metaspace   ] GC(502) Metaspace: 60550K(61440K)->60550K(61440K) NonClass: 52982K(53504K)->52982K(53504K) Class: 7567K(7936K)->7567K(7936K)
[63.717s][info][gc             ] GC(502) Pause Young (Allocation Failure) 278M->142M(494M) 14.105ms
[63.717s][info][gc,cpu         ] GC(502) User=0.02s Sys=0.00s Real=0.02s
[63.751s][info][gc,start       ] GC(503) Pause Full (System.gc())
[63.752s][info][gc,phases,start] GC(503) Phase 1: Mark live objects
[63.827s][info][gc,phases      ] GC(503) Phase 1: Mark live objects 75.764ms
[63.827s][info][gc,phases,start] GC(503) Phase 2: Compute new object addresses
[63.873s][info][gc,phases      ] GC(503) Phase 2: Compute new object addresses 45.325ms
[63.873s][info][gc,phases,start] GC(503) Phase 3: Adjust pointers
[63.915s][info][gc,phases      ] GC(503) Phase 3: Adjust pointers 41.971ms
[63.915s][info][gc,phases,start] GC(503) Phase 4: Move objects
[63.915s][info][gc,phases      ] GC(503) Phase 4: Move objects 0.029ms
[63.915s][info][gc,heap        ] GC(503) DefNew: 19067K(157248K)->0K(157248K) Eden: 14060K(139776K)->0K(139776K) From: 5007K(17472K)->0K(17472K)
[63.915s][info][gc,heap        ] GC(503) Tenured: 140521K(349568K)->102244K(349568K)
[63.915s][info][gc,metaspace   ] GC(503) Metaspace: 60562K(61440K)->60562K(61440K) NonClass: 52995K(53504K)->52995K(53504K) Class: 7567K(7936K)->7567K(7936K)
[63.915s][info][gc             ] GC(503) Pause Full (System.gc()) 155M->99M(494M) 164.001ms
[63.915s][info][gc,cpu         ] GC(503) User=0.16s Sys=0.00s Real=0.16s
[64.037s][info][gc,start       ] GC(504) Pause Young (Allocation Failure)
[64.052s][info][gc,heap        ] GC(504) DefNew: 139776K(157248K)->2892K(157248K) Eden: 139776K(139776K)->0K(139776K) From: 0K(17472K)->2892K(17472K)
[64.052s][info][gc,heap        ] GC(504) Tenured: 102244K(349568K)->102244K(349568K)
[64.052s][info][gc,metaspace   ] GC(504) Metaspace: 60632K(61504K)->60632K(61504K) NonClass: 53065K(53568K)->53065K(53568K) Class: 7567K(7936K)->7567K(7936K)
[64.052s][info][gc             ] GC(504) Pause Young (Allocation Failure) 236M->102M(494M) 14.997ms
[64.052s][info][gc,cpu         ] GC(504) User=0.02s Sys=0.00s Real=0.02s
[64.105s][info][gc,start       ] GC(505) Pause Young (Allocation Failure)
[64.132s][info][gc,heap        ] GC(505) DefNew: 142668K(157248K)->8997K(157248K) Eden: 139776K(139776K)->0K(139776K) From: 2892K(17472K)->8997K(17472K)
[64.132s][info][gc,heap        ] GC(505) Tenured: 102244K(349568K)->102244K(349568K)
[64.132s][info][gc,metaspace   ] GC(505) Metaspace: 60632K(61504K)->60632K(61504K) NonClass: 53065K(53568K)->53065K(53568K) Class: 7567K(7936K)->7567K(7936K)
[64.132s][info][gc             ] GC(505) Pause Young (Allocation Failure) 239M->108M(494M) 27.747ms
[64.132s][info][gc,cpu         ] GC(505) User=0.03s Sys=0.00s Real=0.03s
[64.188s][info][gc,start       ] GC(506) Pause Young (Allocation Failure)
[64.224s][info][gc,heap        ] GC(506) DefNew: 148773K(157248K)->12203K(157248K) Eden: 139776K(139776K)->0K(139776K) From: 8997K(17472K)->12203K(17472K)
[64.224s][info][gc,heap        ] GC(506) Tenured: 102244K(349568K)->104994K(349568K)
[64.224s][info][gc,metaspace   ] GC(506) Metaspace: 60632K(61504K)->60632K(61504K) NonClass: 53065K(53568K)->53065K(53568K) Class: 7567K(7936K)->7567K(7936K)
[64.224s][info][gc             ] GC(506) Pause Young (Allocation Failure) 245M->114M(494M) 36.290ms
[64.224s][info][gc,cpu         ] GC(506) User=0.03s Sys=0.00s Real=0.03s
[64.279s][info][gc,start       ] GC(507) Pause Young (Allocation Failure)
[64.318s][info][gc,heap        ] GC(507) DefNew: 151979K(157248K)->12205K(157248K) Eden: 139776K(139776K)->0K(139776K) From: 12203K(17472K)->12205K(17472K)
[64.318s][info][gc,heap        ] GC(507) Tenured: 104994K(349568K)->110729K(349568K)
[64.318s][info][gc,metaspace   ] GC(507) Metaspace: 60632K(61504K)->60632K(61504K) NonClass: 53065K(53568K)->53065K(53568K) Class: 7567K(7936K)->7567K(7936K)
[64.318s][info][gc             ] GC(507) Pause Young (Allocation Failure) 250M->120M(494M) 39.260ms
[64.318s][info][gc,cpu         ] GC(507) User=0.05s Sys=0.00s Real=0.05s
[64.374s][info][gc,start       ] GC(508) Pause Young (Allocation Failure)
[64.415s][info][gc,heap        ] GC(508) DefNew: 151981K(157248K)->13224K(157248K) Eden: 139776K(139776K)->0K(139776K) From: 12205K(17472K)->13224K(17472K)
[64.415s][info][gc,heap        ] GC(508) Tenured: 110729K(349568K)->116172K(349568K)
[64.415s][info][gc,metaspace   ] GC(508) Metaspace: 60632K(61504K)->60632K(61504K) NonClass: 53065K(53568K)->53065K(53568K) Class: 7567K(7936K)->7567K(7936K)
[64.415s][info][gc             ] GC(508) Pause Young (Allocation Failure) 256M->126M(494M) 40.979ms
[64.415s][info][gc,cpu         ] GC(508) User=0.03s Sys=0.00s Real=0.03s
[64.474s][info][gc,start       ] GC(509) Pause Young (Allocation Failure)
[64.516s][info][gc,heap        ] GC(509) DefNew: 153000K(157248K)->13132K(157248K) Eden: 139776K(139776K)->0K(139776K) From: 13224K(17472K)->13132K(17472K)
[64.516s][info][gc,heap        ] GC(509) Tenured: 116172K(349568K)->121910K(349568K)
[64.516s][info][gc,metaspace   ] GC(509) Metaspace: 60633K(61504K)->60633K(61504K) NonClass: 53065K(53568K)->53065K(53568K) Class: 7567K(7936K)->7567K(7936K)
[64.516s][info][gc             ] GC(509) Pause Young (Allocation Failure) 262M->131M(494M) 41.418ms
[64.516s][info][gc,cpu         ] GC(509) User=0.03s Sys=0.00s Real=0.03s
[64.574s][info][gc,start       ] GC(510) Pause Young (Allocation Failure)
[64.617s][info][gc,heap        ] GC(510) DefNew: 152908K(157248K)->11462K(157248K) Eden: 139776K(139776K)->0K(139776K) From: 13132K(17472K)->11462K(17472K)
[64.617s][info][gc,heap        ] GC(510) Tenured: 121910K(349568K)->129397K(349568K)
[64.617s][info][gc,metaspace   ] GC(510) Metaspace: 60638K(61504K)->60638K(61504K) NonClass: 53070K(53568K)->53070K(53568K) Class: 7567K(7936K)->7567K(7936K)
[64.617s][info][gc             ] GC(510) Pause Young (Allocation Failure) 268M->137M(494M) 43.663ms
[64.617s][info][gc,cpu         ] GC(510) User=0.05s Sys=0.00s Real=0.05s
[64.676s][info][gc,start       ] GC(511) Pause Young (Allocation Failure)
[64.715s][info][gc,heap        ] GC(511) DefNew: 151238K(157248K)->9899K(157248K) Eden: 139776K(139776K)->0K(139776K) From: 11462K(17472K)->9899K(17472K)
[64.715s][info][gc,heap        ] GC(511) Tenured: 129397K(349568K)->135041K(349568K)
[64.715s][info][gc,metaspace   ] GC(511) Metaspace: 60638K(61504K)->60638K(61504K) NonClass: 53070K(53568K)->53070K(53568K) Class: 7567K(7936K)->7567K(7936K)
[64.715s][info][gc             ] GC(511) Pause Young (Allocation Failure) 274M->141M(494M) 38.465ms
[64.715s][info][gc,cpu         ] GC(511) User=0.05s Sys=0.00s Real=0.05s
[64.792s][info][gc,start       ] GC(512) Pause Young (Allocation Failure)
[64.813s][info][gc,heap        ] GC(512) DefNew: 149675K(157248K)->4081K(157248K) Eden: 139776K(139776K)->0K(139776K) From: 9899K(17472K)->4081K(17472K)
[64.813s][info][gc,heap        ] GC(512) Tenured: 135041K(349568K)->140859K(349568K)
[64.813s][info][gc,metaspace   ] GC(512) Metaspace: 60638K(61504K)->60638K(61504K) NonClass: 53070K(53568K)->53070K(53568K) Class: 7567K(7936K)->7567K(7936K)
[64.814s][info][gc             ] GC(512) Pause Young (Allocation Failure) 278M->141M(494M) 21.978ms
[64.814s][info][gc,cpu         ] GC(512) User=0.02s Sys=0.00s Real=0.02s
[64.867s][info][gc,start       ] GC(513) Pause Young (Allocation Failure)
[64.925s][info][gc,heap        ] GC(513) DefNew: 143857K(157248K)->4081K(157248K) Eden: 139776K(139776K)->0K(139776K) From: 4081K(17472K)->4081K(17472K)
[64.925s][info][gc,heap        ] GC(513) Tenured: 140859K(349568K)->140859K(349568K)
[64.925s][info][gc,metaspace   ] GC(513) Metaspace: 60638K(61504K)->60638K(61504K) NonClass: 53070K(53568K)->53070K(53568K) Class: 7567K(7936K)->7567K(7936K)
[64.925s][info][gc             ] GC(513) Pause Young (Allocation Failure) 278M->141M(494M) 58.513ms
[64.925s][info][gc,cpu         ] GC(513) User=0.00s Sys=0.00s Real=0.05s
[64.982s][info][gc,start       ] GC(514) Pause Young (Allocation Failure)
[64.992s][info][gc,heap        ] GC(514) DefNew: 143857K(157248K)->4081K(157248K) Eden: 139776K(139776K)->0K(139776K) From: 4081K(17472K)->4081K(17472K)
[64.992s][info][gc,heap        ] GC(514) Tenured: 140859K(349568K)->140859K(349568K)
[64.992s][info][gc,metaspace   ] GC(514) Metaspace: 60638K(61504K)->60638K(61504K) NonClass: 53070K(53568K)->53070K(53568K) Class: 7567K(7936K)->7567K(7936K)
[64.992s][info][gc             ] GC(514) Pause Young (Allocation Failure) 278M->141M(494M) 9.832ms
[64.992s][info][gc,cpu         ] GC(514) User=0.02s Sys=0.00s Real=0.02s
[65.049s][info][gc,start       ] GC(515) Pause Young (Allocation Failure)
[65.061s][info][gc,heap        ] GC(515) DefNew: 143857K(157248K)->4081K(157248K) Eden: 139776K(139776K)->0K(139776K) From: 4081K(17472K)->4081K(17472K)
[65.061s][info][gc,heap        ] GC(515) Tenured: 140859K(349568K)->140859K(349568K)
[65.061s][info][gc,metaspace   ] GC(515) Metaspace: 60638K(61504K)->60638K(61504K) NonClass: 53070K(53568K)->53070K(53568K) Class: 7567K(7936K)->7567K(7936K)
[65.061s][info][gc             ] GC(515) Pause Young (Allocation Failure) 278M->141M(494M) 12.195ms
[65.061s][info][gc,cpu         ] GC(515) User=0.02s Sys=0.00s Real=0.02s
[65.112s][info][gc,start       ] GC(516) Pause Young (Allocation Failure)
[65.124s][info][gc,heap        ] GC(516) DefNew: 143857K(157248K)->4081K(157248K) Eden: 139776K(139776K)->0K(139776K) From: 4081K(17472K)->4081K(17472K)
[65.124s][info][gc,heap        ] GC(516) Tenured: 140859K(349568K)->140859K(349568K)
[65.124s][info][gc,metaspace   ] GC(516) Metaspace: 60638K(61504K)->60638K(61504K) NonClass: 53070K(53568K)->53070K(53568K) Class: 7567K(7936K)->7567K(7936K)
[65.124s][info][gc             ] GC(516) Pause Young (Allocation Failure) 278M->141M(494M) 11.953ms
[65.124s][info][gc,cpu         ] GC(516) User=0.02s Sys=0.00s Real=0.02s
[65.169s][info][gc,start       ] GC(517) Pause Young (Allocation Failure)
[65.181s][info][gc,heap        ] GC(517) DefNew: 143857K(157248K)->4081K(157248K) Eden: 139776K(139776K)->0K(139776K) From: 4081K(17472K)->4081K(17472K)
[65.181s][info][gc,heap        ] GC(517) Tenured: 140859K(349568K)->140859K(349568K)
[65.181s][info][gc,metaspace   ] GC(517) Metaspace: 60638K(61504K)->60638K(61504K) NonClass: 53070K(53568K)->53070K(53568K) Class: 7567K(7936K)->7567K(7936K)
[65.181s][info][gc             ] GC(517) Pause Young (Allocation Failure) 278M->141M(494M) 11.967ms
[65.182s][info][gc,cpu         ] GC(517) User=0.02s Sys=0.00s Real=0.02s
[65.251s][info][gc,start       ] GC(518) Pause Young (Allocation Failure)
[65.262s][info][gc,heap        ] GC(518) DefNew: 143857K(157248K)->4091K(157248K) Eden: 139776K(139776K)->0K(139776K) From: 4081K(17472K)->4091K(17472K)
[65.262s][info][gc,heap        ] GC(518) Tenured: 140859K(349568K)->140859K(349568K)
[65.262s][info][gc,metaspace   ] GC(518) Metaspace: 60638K(61504K)->60638K(61504K) NonClass: 53070K(53568K)->53070K(53568K) Class: 7567K(7936K)->7567K(7936K)
[65.262s][info][gc             ] GC(518) Pause Young (Allocation Failure) 278M->141M(494M) 11.384ms
[65.262s][info][gc,cpu         ] GC(518) User=0.00s Sys=0.00s Real=0.00s
[65.359s][info][gc,start       ] GC(519) Pause Young (Allocation Failure)
[65.371s][info][gc,heap        ] GC(519) DefNew: 143867K(157248K)->4091K(157248K) Eden: 139776K(139776K)->0K(139776K) From: 4091K(17472K)->4091K(17472K)
[65.371s][info][gc,heap        ] GC(519) Tenured: 140859K(349568K)->140859K(349568K)
[65.371s][info][gc,metaspace   ] GC(519) Metaspace: 60638K(61504K)->60638K(61504K) NonClass: 53070K(53568K)->53070K(53568K) Class: 7567K(7936K)->7567K(7936K)
[65.371s][info][gc             ] GC(519) Pause Young (Allocation Failure) 278M->141M(494M) 11.704ms
[65.371s][info][gc,cpu         ] GC(519) User=0.00s Sys=0.00s Real=0.00s
[65.456s][info][gc,start       ] GC(520) Pause Young (Allocation Failure)
[65.468s][info][gc,heap        ] GC(520) DefNew: 143867K(157248K)->4091K(157248K) Eden: 139776K(139776K)->0K(139776K) From: 4091K(17472K)->4091K(17472K)
[65.468s][info][gc,heap        ] GC(520) Tenured: 140859K(349568K)->140859K(349568K)
[65.468s][info][gc,metaspace   ] GC(520) Metaspace: 60638K(61504K)->60638K(61504K) NonClass: 53070K(53568K)->53070K(53568K) Class: 7567K(7936K)->7567K(7936K)
[65.468s][info][gc             ] GC(520) Pause Young (Allocation Failure) 278M->141M(494M) 12.083ms
[65.468s][info][gc,cpu         ] GC(520) User=0.02s Sys=0.00s Real=0.02s
[65.551s][info][gc,start       ] GC(521) Pause Young (Allocation Failure)
[65.562s][info][gc,heap        ] GC(521) DefNew: 143867K(157248K)->4091K(157248K) Eden: 139776K(139776K)->0K(139776K) From: 4091K(17472K)->4091K(17472K)
[65.562s][info][gc,heap        ] GC(521) Tenured: 140859K(349568K)->140859K(349568K)
[65.562s][info][gc,metaspace   ] GC(521) Metaspace: 60638K(61504K)->60638K(61504K) NonClass: 53070K(53568K)->53070K(53568K) Class: 7567K(7936K)->7567K(7936K)
[65.563s][info][gc             ] GC(521) Pause Young (Allocation Failure) 278M->141M(494M) 11.862ms
[65.563s][info][gc,cpu         ] GC(521) User=0.02s Sys=0.00s Real=0.01s
[65.648s][info][gc,start       ] GC(522) Pause Young (Allocation Failure)
[65.660s][info][gc,heap        ] GC(522) DefNew: 143867K(157248K)->4091K(157248K) Eden: 139776K(139776K)->0K(139776K) From: 4091K(17472K)->4091K(17472K)
[65.660s][info][gc,heap        ] GC(522) Tenured: 140859K(349568K)->140859K(349568K)
[65.660s][info][gc,metaspace   ] GC(522) Metaspace: 60638K(61504K)->60638K(61504K) NonClass: 53070K(53568K)->53070K(53568K) Class: 7567K(7936K)->7567K(7936K)
[65.660s][info][gc             ] GC(522) Pause Young (Allocation Failure) 278M->141M(494M) 11.909ms
[65.660s][info][gc,cpu         ] GC(522) User=0.02s Sys=0.00s Real=0.02s
[65.743s][info][gc,start       ] GC(523) Pause Young (Allocation Failure)
[65.755s][info][gc,heap        ] GC(523) DefNew: 143867K(157248K)->4091K(157248K) Eden: 139776K(139776K)->0K(139776K) From: 4091K(17472K)->4091K(17472K)
[65.755s][info][gc,heap        ] GC(523) Tenured: 140859K(349568K)->140859K(349568K)
[65.755s][info][gc,metaspace   ] GC(523) Metaspace: 60638K(61504K)->60638K(61504K) NonClass: 53070K(53568K)->53070K(53568K) Class: 7567K(7936K)->7567K(7936K)
[65.756s][info][gc             ] GC(523) Pause Young (Allocation Failure) 278M->141M(494M) 12.068ms
[65.756s][info][gc,cpu         ] GC(523) User=0.00s Sys=0.00s Real=0.00s
[65.844s][info][gc,start       ] GC(524) Pause Young (Allocation Failure)
[65.856s][info][gc,heap        ] GC(524) DefNew: 143867K(157248K)->4091K(157248K) Eden: 139776K(139776K)->0K(139776K) From: 4091K(17472K)->4091K(17472K)
[65.856s][info][gc,heap        ] GC(524) Tenured: 140859K(349568K)->140859K(349568K)
[65.856s][info][gc,metaspace   ] GC(524) Metaspace: 60638K(61504K)->60638K(61504K) NonClass: 53070K(53568K)->53070K(53568K) Class: 7567K(7936K)->7567K(7936K)
[65.856s][info][gc             ] GC(524) Pause Young (Allocation Failure) 278M->141M(494M) 12.125ms
[65.856s][info][gc,cpu         ] GC(524) User=0.02s Sys=0.00s Real=0.02s
[65.888s][info][gc,start       ] GC(525) Pause Full (System.gc())
[65.888s][info][gc,phases,start] GC(525) Phase 1: Mark live objects
[65.965s][info][gc,phases      ] GC(525) Phase 1: Mark live objects 77.204ms
[65.965s][info][gc,phases,start] GC(525) Phase 2: Compute new object addresses
[66.009s][info][gc,phases      ] GC(525) Phase 2: Compute new object addresses 43.830ms
[66.009s][info][gc,phases,start] GC(525) Phase 3: Adjust pointers
[66.052s][info][gc,phases      ] GC(525) Phase 3: Adjust pointers 42.386ms
[66.052s][info][gc,phases,start] GC(525) Phase 4: Move objects
[66.052s][info][gc,phases      ] GC(525) Phase 4: Move objects 0.029ms
[66.052s][info][gc,heap        ] GC(525) DefNew: 15534K(157248K)->0K(157248K) Eden: 11443K(139776K)->0K(139776K) From: 4091K(17472K)->0K(17472K)
[66.052s][info][gc,heap        ] GC(525) Tenured: 140859K(349568K)->107421K(349568K)
[66.052s][info][gc,metaspace   ] GC(525) Metaspace: 60662K(61504K)->60662K(61504K) NonClass: 53094K(53568K)->53094K(53568K) Class: 7567K(7936K)->7567K(7936K)
[66.052s][info][gc             ] GC(525) Pause Full (System.gc()) 152M->104M(494M) 164.373ms
[66.052s][info][gc,cpu         ] GC(525) User=0.16s Sys=0.00s Real=0.16s
[66.172s][info][gc,start       ] GC(526) Pause Young (Allocation Failure)
[66.187s][info][gc,heap        ] GC(526) DefNew: 139776K(157248K)->3091K(157248K) Eden: 139776K(139776K)->0K(139776K) From: 0K(17472K)->3091K(17472K)
[66.187s][info][gc,heap        ] GC(526) Tenured: 107421K(349568K)->107421K(349568K)
[66.187s][info][gc,metaspace   ] GC(526) Metaspace: 60704K(61568K)->60704K(61568K) NonClass: 53137K(53632K)->53137K(53632K) Class: 7567K(7936K)->7567K(7936K)
[66.187s][info][gc             ] GC(526) Pause Young (Allocation Failure) 241M->107M(494M) 15.127ms
[66.187s][info][gc,cpu         ] GC(526) User=0.02s Sys=0.00s Real=0.02s
[66.237s][info][gc,start       ] GC(527) Pause Young (Allocation Failure)
[66.266s][info][gc,heap        ] GC(527) DefNew: 142867K(157248K)->8254K(157248K) Eden: 139776K(139776K)->0K(139776K) From: 3091K(17472K)->8254K(17472K)
[66.294s][info][gc,heap        ] GC(527) Tenured: 107421K(349568K)->107421K(349568K)
[66.294s][info][gc,metaspace   ] GC(527) Metaspace: 60704K(61568K)->60704K(61568K) NonClass: 53137K(53632K)->53137K(53632K) Class: 7567K(7936K)->7567K(7936K)
[66.294s][info][gc             ] GC(527) Pause Young (Allocation Failure) 244M->112M(494M) 56.947ms
[66.294s][info][gc,cpu         ] GC(527) User=0.05s Sys=0.00s Real=0.05s
[66.352s][info][gc,start       ] GC(528) Pause Young (Allocation Failure)
[66.386s][info][gc,heap        ] GC(528) DefNew: 148030K(157248K)->14032K(157248K) Eden: 139776K(139776K)->0K(139776K) From: 8254K(17472K)->14032K(17472K)
[66.386s][info][gc,heap        ] GC(528) Tenured: 107421K(349568K)->107421K(349568K)
[66.386s][info][gc,metaspace   ] GC(528) Metaspace: 60704K(61568K)->60704K(61568K) NonClass: 53137K(53632K)->53137K(53632K) Class: 7567K(7936K)->7567K(7936K)
[66.387s][info][gc             ] GC(528) Pause Young (Allocation Failure) 249M->118M(494M) 34.300ms
[66.387s][info][gc,cpu         ] GC(528) User=0.03s Sys=0.00s Real=0.03s
[66.443s][info][gc,start       ] GC(529) Pause Young (Allocation Failure)
[66.484s][info][gc,heap        ] GC(529) DefNew: 153808K(157248K)->11896K(157248K) Eden: 139776K(139776K)->0K(139776K) From: 14032K(17472K)->11896K(17472K)
[66.484s][info][gc,heap        ] GC(529) Tenured: 107421K(349568K)->115157K(349568K)
[66.484s][info][gc,metaspace   ] GC(529) Metaspace: 60704K(61568K)->60704K(61568K) NonClass: 53137K(53632K)->53137K(53632K) Class: 7567K(7936K)->7567K(7936K)
[66.484s][info][gc             ] GC(529) Pause Young (Allocation Failure) 255M->124M(494M) 41.034ms
[66.484s][info][gc,cpu         ] GC(529) User=0.05s Sys=0.00s Real=0.05s
[66.539s][info][gc,start       ] GC(530) Pause Young (Allocation Failure)
[66.582s][info][gc,heap        ] GC(530) DefNew: 151672K(157248K)->11322K(157248K) Eden: 139776K(139776K)->0K(139776K) From: 11896K(17472K)->11322K(17472K)
[66.582s][info][gc,heap        ] GC(530) Tenured: 115157K(349568K)->121453K(349568K)
[66.582s][info][gc,metaspace   ] GC(530) Metaspace: 60704K(61568K)->60704K(61568K) NonClass: 53137K(53632K)->53137K(53632K) Class: 7567K(7936K)->7567K(7936K)
[66.582s][info][gc             ] GC(530) Pause Young (Allocation Failure) 260M->129M(494M) 42.881ms
[66.582s][info][gc,cpu         ] GC(530) User=0.05s Sys=0.00s Real=0.05s
[66.636s][info][gc,start       ] GC(531) Pause Young (Allocation Failure)
[66.679s][info][gc,heap        ] GC(531) DefNew: 151098K(157248K)->12985K(157248K) Eden: 139776K(139776K)->0K(139776K) From: 11322K(17472K)->12985K(17472K)
[66.679s][info][gc,heap        ] GC(531) Tenured: 121453K(349568K)->127053K(349568K)
[66.679s][info][gc,metaspace   ] GC(531) Metaspace: 60704K(61568K)->60704K(61568K) NonClass: 53137K(53632K)->53137K(53632K) Class: 7567K(7936K)->7567K(7936K)
[66.679s][info][gc             ] GC(531) Pause Young (Allocation Failure) 266M->136M(494M) 42.691ms
[66.679s][info][gc,cpu         ] GC(531) User=0.05s Sys=0.00s Real=0.05s
[66.734s][info][gc,start       ] GC(532) Pause Young (Allocation Failure)
[66.774s][info][gc,heap        ] GC(532) DefNew: 152761K(157248K)->12955K(157248K) Eden: 139776K(139776K)->0K(139776K) From: 12985K(17472K)->12955K(17472K)
[66.774s][info][gc,heap        ] GC(532) Tenured: 127053K(349568K)->132774K(349568K)
[66.774s][info][gc,metaspace   ] GC(532) Metaspace: 60704K(61568K)->60704K(61568K) NonClass: 53137K(53632K)->53137K(53632K) Class: 7567K(7936K)->7567K(7936K)
[66.774s][info][gc             ] GC(532) Pause Young (Allocation Failure) 273M->142M(494M) 39.783ms
[66.774s][info][gc,cpu         ] GC(532) User=0.03s Sys=0.00s Real=0.03s
[66.828s][info][gc,start       ] GC(533) Pause Young (Allocation Failure)
[66.872s][info][gc,heap        ] GC(533) DefNew: 152731K(157248K)->11088K(157248K) Eden: 139776K(139776K)->0K(139776K) From: 12955K(17472K)->11088K(17472K)
[66.872s][info][gc,heap        ] GC(533) Tenured: 132774K(349568K)->140037K(349568K)
[66.872s][info][gc,metaspace   ] GC(533) Metaspace: 60704K(61568K)->60704K(61568K) NonClass: 53137K(53632K)->53137K(53632K) Class: 7567K(7936K)->7567K(7936K)
[66.872s][info][gc             ] GC(533) Pause Young (Allocation Failure) 278M->147M(494M) 44.157ms
[66.872s][info][gc,cpu         ] GC(533) User=0.05s Sys=0.00s Real=0.05s
[66.938s][info][gc,start       ] GC(534) Pause Young (Allocation Failure)
[66.963s][info][gc,heap        ] GC(534) DefNew: 150864K(157248K)->5394K(157248K) Eden: 139776K(139776K)->0K(139776K) From: 11088K(17472K)->5394K(17472K)
[66.963s][info][gc,heap        ] GC(534) Tenured: 140037K(349568K)->145729K(349568K)
[66.963s][info][gc,metaspace   ] GC(534) Metaspace: 60704K(61568K)->60704K(61568K) NonClass: 53137K(53632K)->53137K(53632K) Class: 7567K(7936K)->7567K(7936K)
[66.963s][info][gc             ] GC(534) Pause Young (Allocation Failure) 284M->147M(494M) 25.344ms
[66.963s][info][gc,cpu         ] GC(534) User=0.03s Sys=0.00s Real=0.03s
[67.026s][info][gc,start       ] GC(535) Pause Young (Allocation Failure)
[67.039s][info][gc,heap        ] GC(535) DefNew: 145170K(157248K)->5394K(157248K) Eden: 139776K(139776K)->0K(139776K) From: 5394K(17472K)->5394K(17472K)
[67.039s][info][gc,heap        ] GC(535) Tenured: 145729K(349568K)->145729K(349568K)
[67.039s][info][gc,metaspace   ] GC(535) Metaspace: 60704K(61568K)->60704K(61568K) NonClass: 53137K(53632K)->53137K(53632K) Class: 7567K(7936K)->7567K(7936K)
[67.039s][info][gc             ] GC(535) Pause Young (Allocation Failure) 284M->147M(494M) 12.969ms
[67.039s][info][gc,cpu         ] GC(535) User=0.02s Sys=0.00s Real=0.01s
[67.087s][info][gc,start       ] GC(536) Pause Young (Allocation Failure)
[67.101s][info][gc,heap        ] GC(536) DefNew: 145170K(157248K)->5394K(157248K) Eden: 139776K(139776K)->0K(139776K) From: 5394K(17472K)->5394K(17472K)
[67.101s][info][gc,heap        ] GC(536) Tenured: 145729K(349568K)->145729K(349568K)
[67.101s][info][gc,metaspace   ] GC(536) Metaspace: 60704K(61568K)->60704K(61568K) NonClass: 53137K(53632K)->53137K(53632K) Class: 7567K(7936K)->7567K(7936K)
[67.101s][info][gc             ] GC(536) Pause Young (Allocation Failure) 284M->147M(494M) 14.079ms
[67.101s][info][gc,cpu         ] GC(536) User=0.02s Sys=0.00s Real=0.02s
[67.157s][info][gc,start       ] GC(537) Pause Young (Allocation Failure)
[67.171s][info][gc,heap        ] GC(537) DefNew: 145170K(157248K)->5394K(157248K) Eden: 139776K(139776K)->0K(139776K) From: 5394K(17472K)->5394K(17472K)
[67.171s][info][gc,heap        ] GC(537) Tenured: 145729K(349568K)->145729K(349568K)
[67.171s][info][gc,metaspace   ] GC(537) Metaspace: 60704K(61568K)->60704K(61568K) NonClass: 53137K(53632K)->53137K(53632K) Class: 7567K(7936K)->7567K(7936K)
[67.171s][info][gc             ] GC(537) Pause Young (Allocation Failure) 284M->147M(494M) 14.130ms
[67.171s][info][gc,cpu         ] GC(537) User=0.02s Sys=0.00s Real=0.01s
[67.221s][info][gc,start       ] GC(538) Pause Young (Allocation Failure)
[67.236s][info][gc,heap        ] GC(538) DefNew: 145170K(157248K)->5394K(157248K) Eden: 139776K(139776K)->0K(139776K) From: 5394K(17472K)->5394K(17472K)
[67.236s][info][gc,heap        ] GC(538) Tenured: 145729K(349568K)->145729K(349568K)
[67.236s][info][gc,metaspace   ] GC(538) Metaspace: 60704K(61568K)->60704K(61568K) NonClass: 53137K(53632K)->53137K(53632K) Class: 7567K(7936K)->7567K(7936K)
[67.236s][info][gc             ] GC(538) Pause Young (Allocation Failure) 284M->147M(494M) 14.949ms
[67.236s][info][gc,cpu         ] GC(538) User=0.02s Sys=0.00s Real=0.02s
[67.282s][info][gc,start       ] GC(539) Pause Young (Allocation Failure)
[67.297s][info][gc,heap        ] GC(539) DefNew: 145170K(157248K)->5394K(157248K) Eden: 139776K(139776K)->0K(139776K) From: 5394K(17472K)->5394K(17472K)
[67.297s][info][gc,heap        ] GC(539) Tenured: 145729K(349568K)->145729K(349568K)
[67.297s][info][gc,metaspace   ] GC(539) Metaspace: 60704K(61568K)->60704K(61568K) NonClass: 53137K(53632K)->53137K(53632K) Class: 7567K(7936K)->7567K(7936K)
[67.297s][info][gc             ] GC(539) Pause Young (Allocation Failure) 284M->147M(494M) 14.862ms
[67.297s][info][gc,cpu         ] GC(539) User=0.02s Sys=0.00s Real=0.01s
[67.368s][info][gc,start       ] GC(540) Pause Young (Allocation Failure)
[67.382s][info][gc,heap        ] GC(540) DefNew: 145170K(157248K)->5405K(157248K) Eden: 139776K(139776K)->0K(139776K) From: 5394K(17472K)->5405K(17472K)
[67.382s][info][gc,heap        ] GC(540) Tenured: 145729K(349568K)->145729K(349568K)
[67.382s][info][gc,metaspace   ] GC(540) Metaspace: 60706K(61568K)->60706K(61568K) NonClass: 53139K(53632K)->53139K(53632K) Class: 7567K(7936K)->7567K(7936K)
[67.383s][info][gc             ] GC(540) Pause Young (Allocation Failure) 284M->147M(494M) 14.268ms
[67.383s][info][gc,cpu         ] GC(540) User=0.02s Sys=0.00s Real=0.02s
[67.471s][info][gc,start       ] GC(541) Pause Young (Allocation Failure)
[67.486s][info][gc,heap        ] GC(541) DefNew: 145181K(157248K)->5405K(157248K) Eden: 139776K(139776K)->0K(139776K) From: 5405K(17472K)->5405K(17472K)
[67.486s][info][gc,heap        ] GC(541) Tenured: 145729K(349568K)->145729K(349568K)
[67.487s][info][gc,metaspace   ] GC(541) Metaspace: 60706K(61568K)->60706K(61568K) NonClass: 53139K(53632K)->53139K(53632K) Class: 7567K(7936K)->7567K(7936K)
[67.487s][info][gc             ] GC(541) Pause Young (Allocation Failure) 284M->147M(494M) 15.420ms
[67.487s][info][gc,cpu         ] GC(541) User=0.02s Sys=0.00s Real=0.01s
[67.573s][info][gc,start       ] GC(542) Pause Young (Allocation Failure)
[67.588s][info][gc,heap        ] GC(542) DefNew: 145181K(157248K)->5405K(157248K) Eden: 139776K(139776K)->0K(139776K) From: 5405K(17472K)->5405K(17472K)
[67.588s][info][gc,heap        ] GC(542) Tenured: 145729K(349568K)->145729K(349568K)
[67.588s][info][gc,metaspace   ] GC(542) Metaspace: 60706K(61568K)->60706K(61568K) NonClass: 53139K(53632K)->53139K(53632K) Class: 7567K(7936K)->7567K(7936K)
[67.588s][info][gc             ] GC(542) Pause Young (Allocation Failure) 284M->147M(494M) 15.194ms
[67.588s][info][gc,cpu         ] GC(542) User=0.02s Sys=0.00s Real=0.02s
[67.672s][info][gc,start       ] GC(543) Pause Young (Allocation Failure)
[67.687s][info][gc,heap        ] GC(543) DefNew: 145181K(157248K)->5405K(157248K) Eden: 139776K(139776K)->0K(139776K) From: 5405K(17472K)->5405K(17472K)
[67.687s][info][gc,heap        ] GC(543) Tenured: 145729K(349568K)->145729K(349568K)
[67.687s][info][gc,metaspace   ] GC(543) Metaspace: 60706K(61568K)->60706K(61568K) NonClass: 53139K(53632K)->53139K(53632K) Class: 7567K(7936K)->7567K(7936K)
[67.687s][info][gc             ] GC(543) Pause Young (Allocation Failure) 284M->147M(494M) 15.263ms
[67.687s][info][gc,cpu         ] GC(543) User=0.02s Sys=0.00s Real=0.02s
[67.774s][info][gc,start       ] GC(544) Pause Young (Allocation Failure)
[67.789s][info][gc,heap        ] GC(544) DefNew: 145181K(157248K)->5405K(157248K) Eden: 139776K(139776K)->0K(139776K) From: 5405K(17472K)->5405K(17472K)
[67.789s][info][gc,heap        ] GC(544) Tenured: 145729K(349568K)->145729K(349568K)
[67.789s][info][gc,metaspace   ] GC(544) Metaspace: 60706K(61568K)->60706K(61568K) NonClass: 53139K(53632K)->53139K(53632K) Class: 7567K(7936K)->7567K(7936K)
[67.789s][info][gc             ] GC(544) Pause Young (Allocation Failure) 284M->147M(494M) 15.163ms
[67.789s][info][gc,cpu         ] GC(544) User=0.02s Sys=0.00s Real=0.02s
[67.874s][info][gc,start       ] GC(545) Pause Young (Allocation Failure)
[67.888s][info][gc,heap        ] GC(545) DefNew: 145181K(157248K)->5405K(157248K) Eden: 139776K(139776K)->0K(139776K) From: 5405K(17472K)->5405K(17472K)
[67.888s][info][gc,heap        ] GC(545) Tenured: 145729K(349568K)->145729K(349568K)
[67.888s][info][gc,metaspace   ] GC(545) Metaspace: 60706K(61568K)->60706K(61568K) NonClass: 53139K(53632K)->53139K(53632K) Class: 7567K(7936K)->7567K(7936K)
[67.889s][info][gc             ] GC(545) Pause Young (Allocation Failure) 284M->147M(494M) 15.030ms
[67.889s][info][gc,cpu         ] GC(545) User=0.02s Sys=0.00s Real=0.02s
[67.990s][info][gc,start       ] GC(546) Pause Young (Allocation Failure)
[68.003s][info][gc,heap        ] GC(546) DefNew: 145181K(157248K)->5405K(157248K) Eden: 139776K(139776K)->0K(139776K) From: 5405K(17472K)->5405K(17472K)
[68.029s][info][gc,heap        ] GC(546) Tenured: 145729K(349568K)->145729K(349568K)
[68.029s][info][gc,metaspace   ] GC(546) Metaspace: 60706K(61568K)->60706K(61568K) NonClass: 53139K(53632K)->53139K(53632K) Class: 7567K(7936K)->7567K(7936K)
[68.029s][info][gc             ] GC(546) Pause Young (Allocation Failure) 284M->147M(494M) 39.407ms
[68.029s][info][gc,cpu         ] GC(546) User=0.02s Sys=0.00s Real=0.05s
[68.066s][info][gc,start       ] GC(547) Pause Full (System.gc())
[68.066s][info][gc,phases,start] GC(547) Phase 1: Mark live objects
[68.144s][info][gc,phases      ] GC(547) Phase 1: Mark live objects 77.432ms
[68.144s][info][gc,phases,start] GC(547) Phase 2: Compute new object addresses
[68.188s][info][gc,phases      ] GC(547) Phase 2: Compute new object addresses 44.158ms
[68.188s][info][gc,phases,start] GC(547) Phase 3: Adjust pointers
[68.230s][info][gc,phases      ] GC(547) Phase 3: Adjust pointers 42.080ms
[68.230s][info][gc,phases,start] GC(547) Phase 4: Move objects
[68.230s][info][gc,phases      ] GC(547) Phase 4: Move objects 0.027ms
[68.230s][info][gc,heap        ] GC(547) DefNew: 16787K(157248K)->0K(157248K) Eden: 11382K(139776K)->0K(139776K) From: 5405K(17472K)->0K(17472K)
[68.230s][info][gc,heap        ] GC(547) Tenured: 145729K(349568K)->117533K(349568K)
[68.230s][info][gc,metaspace   ] GC(547) Metaspace: 60715K(61568K)->60715K(61568K) NonClass: 53147K(53632K)->53147K(53632K) Class: 7567K(7936K)->7567K(7936K)
[68.230s][info][gc             ] GC(547) Pause Full (System.gc()) 158M->114M(494M) 164.611ms
[68.231s][info][gc,cpu         ] GC(547) User=0.16s Sys=0.00s Real=0.16s
[68.356s][info][gc,start       ] GC(548) Pause Young (Allocation Failure)
[68.374s][info][gc,heap        ] GC(548) DefNew: 139776K(157248K)->3760K(157248K) Eden: 139776K(139776K)->0K(139776K) From: 0K(17472K)->3760K(17472K)
[68.374s][info][gc,heap        ] GC(548) Tenured: 117533K(349568K)->117533K(349568K)
[68.374s][info][gc,metaspace   ] GC(548) Metaspace: 60725K(61568K)->60725K(61568K) NonClass: 53157K(53632K)->53157K(53632K) Class: 7567K(7936K)->7567K(7936K)
[68.374s][info][gc             ] GC(548) Pause Young (Allocation Failure) 251M->118M(494M) 18.081ms
[68.374s][info][gc,cpu         ] GC(548) User=0.02s Sys=0.00s Real=0.02s
[68.423s][info][gc,start       ] GC(549) Pause Young (Allocation Failure)
[68.451s][info][gc,heap        ] GC(549) DefNew: 143536K(157248K)->8971K(157248K) Eden: 139776K(139776K)->0K(139776K) From: 3760K(17472K)->8971K(17472K)
[68.451s][info][gc,heap        ] GC(549) Tenured: 117533K(349568K)->117533K(349568K)
[68.451s][info][gc,metaspace   ] GC(549) Metaspace: 60725K(61568K)->60725K(61568K) NonClass: 53157K(53632K)->53157K(53632K) Class: 7567K(7936K)->7567K(7936K)
[68.451s][info][gc             ] GC(549) Pause Young (Allocation Failure) 254M->123M(494M) 28.404ms
[68.451s][info][gc,cpu         ] GC(549) User=0.03s Sys=0.00s Real=0.03s
[68.503s][info][gc,start       ] GC(550) Pause Young (Allocation Failure)
[68.537s][info][gc,heap        ] GC(550) DefNew: 148747K(157248K)->11165K(157248K) Eden: 139776K(139776K)->0K(139776K) From: 8971K(17472K)->11165K(17472K)
[68.537s][info][gc,heap        ] GC(550) Tenured: 117533K(349568K)->121028K(349568K)
[68.537s][info][gc,metaspace   ] GC(550) Metaspace: 60725K(61568K)->60725K(61568K) NonClass: 53157K(53632K)->53157K(53632K) Class: 7567K(7936K)->7567K(7936K)
[68.537s][info][gc             ] GC(550) Pause Young (Allocation Failure) 260M->129M(494M) 34.513ms
[68.537s][info][gc,cpu         ] GC(550) User=0.03s Sys=0.00s Real=0.03s
[68.594s][info][gc,start       ] GC(551) Pause Young (Allocation Failure)
[68.632s][info][gc,heap        ] GC(551) DefNew: 150941K(157248K)->11763K(157248K) Eden: 139776K(139776K)->0K(139776K) From: 11165K(17472K)->11763K(17472K)
[68.632s][info][gc,heap        ] GC(551) Tenured: 121028K(349568K)->125992K(349568K)
[68.632s][info][gc,metaspace   ] GC(551) Metaspace: 60725K(61568K)->60725K(61568K) NonClass: 53157K(53632K)->53157K(53632K) Class: 7567K(7936K)->7567K(7936K)
[68.632s][info][gc             ] GC(551) Pause Young (Allocation Failure) 265M->134M(494M) 38.238ms
[68.632s][info][gc,cpu         ] GC(551) User=0.05s Sys=0.00s Real=0.05s
[68.686s][info][gc,start       ] GC(552) Pause Young (Allocation Failure)
[68.729s][info][gc,heap        ] GC(552) DefNew: 151539K(157248K)->11223K(157248K) Eden: 139776K(139776K)->0K(139776K) From: 11763K(17472K)->11223K(17472K)
[68.729s][info][gc,heap        ] GC(552) Tenured: 125992K(349568K)->132193K(349568K)
[68.729s][info][gc,metaspace   ] GC(552) Metaspace: 60725K(61568K)->60725K(61568K) NonClass: 53157K(53632K)->53157K(53632K) Class: 7567K(7936K)->7567K(7936K)
[68.729s][info][gc             ] GC(552) Pause Young (Allocation Failure) 271M->140M(494M) 43.074ms
[68.729s][info][gc,cpu         ] GC(552) User=0.05s Sys=0.00s Real=0.05s
[68.785s][info][gc,start       ] GC(553) Pause Young (Allocation Failure)
[68.826s][info][gc,heap        ] GC(553) DefNew: 150999K(157248K)->12844K(157248K) Eden: 139776K(139776K)->0K(139776K) From: 11223K(17472K)->12844K(17472K)
[68.826s][info][gc,heap        ] GC(553) Tenured: 132193K(349568K)->137755K(349568K)
[68.826s][info][gc,metaspace   ] GC(553) Metaspace: 60725K(61568K)->60725K(61568K) NonClass: 53157K(53632K)->53157K(53632K) Class: 7567K(7936K)->7567K(7936K)
[68.826s][info][gc             ] GC(553) Pause Young (Allocation Failure) 276M->147M(494M) 40.732ms
[68.826s][info][gc,cpu         ] GC(553) User=0.05s Sys=0.00s Real=0.05s
[68.882s][info][gc,start       ] GC(554) Pause Young (Allocation Failure)
[68.922s][info][gc,heap        ] GC(554) DefNew: 152620K(157248K)->12849K(157248K) Eden: 139776K(139776K)->0K(139776K) From: 12844K(17472K)->12849K(17472K)
[68.922s][info][gc,heap        ] GC(554) Tenured: 137755K(349568K)->143416K(349568K)
[68.922s][info][gc,metaspace   ] GC(554) Metaspace: 60725K(61568K)->60725K(61568K) NonClass: 53157K(53632K)->53157K(53632K) Class: 7567K(7936K)->7567K(7936K)
[68.923s][info][gc             ] GC(554) Pause Young (Allocation Failure) 283M->152M(494M) 40.541ms
[68.923s][info][gc,cpu         ] GC(554) User=0.05s Sys=0.00s Real=0.05s
[68.985s][info][gc,start       ] GC(555) Pause Young (Allocation Failure)
[69.024s][info][gc,heap        ] GC(555) DefNew: 152625K(157248K)->10634K(157248K) Eden: 139776K(139776K)->0K(139776K) From: 12849K(17472K)->10634K(17472K)
[69.024s][info][gc,heap        ] GC(555) Tenured: 143416K(349568K)->150599K(349568K)
[69.024s][info][gc,metaspace   ] GC(555) Metaspace: 60725K(61568K)->60725K(61568K) NonClass: 53157K(53632K)->53157K(53632K) Class: 7567K(7936K)->7567K(7936K)
[69.024s][info][gc             ] GC(555) Pause Young (Allocation Failure) 289M->157M(494M) 38.770ms
[69.024s][info][gc,cpu         ] GC(555) User=0.03s Sys=0.00s Real=0.03s
[69.084s][info][gc,start       ] GC(556) Pause Young (Allocation Failure)
[69.107s][info][gc,heap        ] GC(556) DefNew: 150410K(157248K)->4970K(157248K) Eden: 139776K(139776K)->0K(139776K) From: 10634K(17472K)->4970K(17472K)
[69.107s][info][gc,heap        ] GC(556) Tenured: 150599K(349568K)->156262K(349568K)
[69.107s][info][gc,metaspace   ] GC(556) Metaspace: 60725K(61568K)->60725K(61568K) NonClass: 53157K(53632K)->53157K(53632K) Class: 7567K(7936K)->7567K(7936K)
[69.107s][info][gc             ] GC(556) Pause Young (Allocation Failure) 293M->157M(494M) 22.768ms
[69.107s][info][gc,cpu         ] GC(556) User=0.03s Sys=0.00s Real=0.03s
[69.157s][info][gc,start       ] GC(557) Pause Young (Allocation Failure)
[69.170s][info][gc,heap        ] GC(557) DefNew: 144746K(157248K)->4971K(157248K) Eden: 139776K(139776K)->0K(139776K) From: 4970K(17472K)->4971K(17472K)
[69.170s][info][gc,heap        ] GC(557) Tenured: 156262K(349568K)->156262K(349568K)
[69.170s][info][gc,metaspace   ] GC(557) Metaspace: 60725K(61568K)->60725K(61568K) NonClass: 53157K(53632K)->53157K(53632K) Class: 7567K(7936K)->7567K(7936K)
[69.170s][info][gc             ] GC(557) Pause Young (Allocation Failure) 293M->157M(494M) 13.188ms
[69.170s][info][gc,cpu         ] GC(557) User=0.02s Sys=0.00s Real=0.02s
[69.224s][info][gc,start       ] GC(558) Pause Young (Allocation Failure)
[69.237s][info][gc,heap        ] GC(558) DefNew: 144747K(157248K)->4971K(157248K) Eden: 139776K(139776K)->0K(139776K) From: 4971K(17472K)->4971K(17472K)
[69.237s][info][gc,heap        ] GC(558) Tenured: 156262K(349568K)->156262K(349568K)
[69.237s][info][gc,metaspace   ] GC(558) Metaspace: 60725K(61568K)->60725K(61568K) NonClass: 53157K(53632K)->53157K(53632K) Class: 7567K(7936K)->7567K(7936K)
[69.237s][info][gc             ] GC(558) Pause Young (Allocation Failure) 293M->157M(494M) 13.685ms
[69.237s][info][gc,cpu         ] GC(558) User=0.02s Sys=0.00s Real=0.02s
[69.283s][info][gc,start       ] GC(559) Pause Young (Allocation Failure)
[69.297s][info][gc,heap        ] GC(559) DefNew: 144747K(157248K)->4971K(157248K) Eden: 139776K(139776K)->0K(139776K) From: 4971K(17472K)->4971K(17472K)
[69.297s][info][gc,heap        ] GC(559) Tenured: 156262K(349568K)->156262K(349568K)
[69.297s][info][gc,metaspace   ] GC(559) Metaspace: 60725K(61568K)->60725K(61568K) NonClass: 53157K(53632K)->53157K(53632K) Class: 7567K(7936K)->7567K(7936K)
[69.297s][info][gc             ] GC(559) Pause Young (Allocation Failure) 293M->157M(494M) 13.683ms
[69.297s][info][gc,cpu         ] GC(559) User=0.00s Sys=0.00s Real=0.00s
[69.342s][info][gc,start       ] GC(560) Pause Young (Allocation Failure)
[69.356s][info][gc,heap        ] GC(560) DefNew: 144747K(157248K)->4970K(157248K) Eden: 139776K(139776K)->0K(139776K) From: 4971K(17472K)->4970K(17472K)
[69.356s][info][gc,heap        ] GC(560) Tenured: 156262K(349568K)->156262K(349568K)
[69.356s][info][gc,metaspace   ] GC(560) Metaspace: 60725K(61568K)->60725K(61568K) NonClass: 53157K(53632K)->53157K(53632K) Class: 7567K(7936K)->7567K(7936K)
[69.356s][info][gc             ] GC(560) Pause Young (Allocation Failure) 293M->157M(494M) 14.002ms
[69.356s][info][gc,cpu         ] GC(560) User=0.02s Sys=0.00s Real=0.01s
[69.402s][info][gc,start       ] GC(561) Pause Young (Allocation Failure)
[69.414s][info][gc,heap        ] GC(561) DefNew: 144746K(157248K)->4971K(157248K) Eden: 139776K(139776K)->0K(139776K) From: 4970K(17472K)->4971K(17472K)
[69.414s][info][gc,heap        ] GC(561) Tenured: 156262K(349568K)->156262K(349568K)
[69.414s][info][gc,metaspace   ] GC(561) Metaspace: 60725K(61568K)->60725K(61568K) NonClass: 53157K(53632K)->53157K(53632K) Class: 7567K(7936K)->7567K(7936K)
[69.414s][info][gc             ] GC(561) Pause Young (Allocation Failure) 293M->157M(494M) 11.299ms
[69.414s][info][gc,cpu         ] GC(561) User=0.00s Sys=0.00s Real=0.02s
[69.480s][info][gc,start       ] GC(562) Pause Young (Allocation Failure)
[69.495s][info][gc,heap        ] GC(562) DefNew: 144747K(157248K)->4982K(157248K) Eden: 139776K(139776K)->0K(139776K) From: 4971K(17472K)->4982K(17472K)
[69.495s][info][gc,heap        ] GC(562) Tenured: 156262K(349568K)->156262K(349568K)
[69.495s][info][gc,metaspace   ] GC(562) Metaspace: 60725K(61568K)->60725K(61568K) NonClass: 53157K(53632K)->53157K(53632K) Class: 7567K(7936K)->7567K(7936K)
[69.495s][info][gc             ] GC(562) Pause Young (Allocation Failure) 293M->157M(494M) 14.478ms
[69.495s][info][gc,cpu         ] GC(562) User=0.02s Sys=0.00s Real=0.02s
[69.599s][info][gc,start       ] GC(563) Pause Young (Allocation Failure)
[69.612s][info][gc,heap        ] GC(563) DefNew: 144758K(157248K)->4982K(157248K) Eden: 139776K(139776K)->0K(139776K) From: 4982K(17472K)->4982K(17472K)
[69.613s][info][gc,heap        ] GC(563) Tenured: 156262K(349568K)->156262K(349568K)
[69.613s][info][gc,metaspace   ] GC(563) Metaspace: 60725K(61568K)->60725K(61568K) NonClass: 53157K(53632K)->53157K(53632K) Class: 7567K(7936K)->7567K(7936K)
[69.613s][info][gc             ] GC(563) Pause Young (Allocation Failure) 293M->157M(494M) 13.378ms
[69.613s][info][gc,cpu         ] GC(563) User=0.02s Sys=0.00s Real=0.02s
[69.698s][info][gc,start       ] GC(564) Pause Young (Allocation Failure)
[69.711s][info][gc,heap        ] GC(564) DefNew: 144758K(157248K)->4982K(157248K) Eden: 139776K(139776K)->0K(139776K) From: 4982K(17472K)->4982K(17472K)
[69.711s][info][gc,heap        ] GC(564) Tenured: 156262K(349568K)->156262K(349568K)
[69.711s][info][gc,metaspace   ] GC(564) Metaspace: 60725K(61568K)->60725K(61568K) NonClass: 53157K(53632K)->53157K(53632K) Class: 7567K(7936K)->7567K(7936K)
[69.711s][info][gc             ] GC(564) Pause Young (Allocation Failure) 293M->157M(494M) 13.001ms
[69.711s][info][gc,cpu         ] GC(564) User=0.02s Sys=0.00s Real=0.02s
[69.797s][info][gc,start       ] GC(565) Pause Young (Allocation Failure)
[69.810s][info][gc,heap        ] GC(565) DefNew: 144758K(157248K)->4982K(157248K) Eden: 139776K(139776K)->0K(139776K) From: 4982K(17472K)->4982K(17472K)
[69.810s][info][gc,heap        ] GC(565) Tenured: 156262K(349568K)->156262K(349568K)
[69.810s][info][gc,metaspace   ] GC(565) Metaspace: 60725K(61568K)->60725K(61568K) NonClass: 53157K(53632K)->53157K(53632K) Class: 7567K(7936K)->7567K(7936K)
[69.810s][info][gc             ] GC(565) Pause Young (Allocation Failure) 293M->157M(494M) 13.729ms
[69.810s][info][gc,cpu         ] GC(565) User=0.02s Sys=0.00s Real=0.01s
[69.894s][info][gc,start       ] GC(566) Pause Young (Allocation Failure)
[69.908s][info][gc,heap        ] GC(566) DefNew: 144758K(157248K)->4982K(157248K) Eden: 139776K(139776K)->0K(139776K) From: 4982K(17472K)->4982K(17472K)
[69.908s][info][gc,heap        ] GC(566) Tenured: 156262K(349568K)->156262K(349568K)
[69.908s][info][gc,metaspace   ] GC(566) Metaspace: 60725K(61568K)->60725K(61568K) NonClass: 53157K(53632K)->53157K(53632K) Class: 7567K(7936K)->7567K(7936K)
[69.908s][info][gc             ] GC(566) Pause Young (Allocation Failure) 293M->157M(494M) 14.269ms
[69.908s][info][gc,cpu         ] GC(566) User=0.02s Sys=0.00s Real=0.02s
[69.993s][info][gc,start       ] GC(567) Pause Young (Allocation Failure)
[70.007s][info][gc,heap        ] GC(567) DefNew: 144758K(157248K)->4982K(157248K) Eden: 139776K(139776K)->0K(139776K) From: 4982K(17472K)->4982K(17472K)
[70.007s][info][gc,heap        ] GC(567) Tenured: 156262K(349568K)->156262K(349568K)
[70.007s][info][gc,metaspace   ] GC(567) Metaspace: 60725K(61568K)->60725K(61568K) NonClass: 53157K(53632K)->53157K(53632K) Class: 7567K(7936K)->7567K(7936K)
[70.007s][info][gc             ] GC(567) Pause Young (Allocation Failure) 293M->157M(494M) 14.106ms
[70.007s][info][gc,cpu         ] GC(567) User=0.00s Sys=0.00s Real=0.02s
[70.095s][info][gc,start       ] GC(568) Pause Young (Allocation Failure)
[70.109s][info][gc,heap        ] GC(568) DefNew: 144758K(157248K)->4982K(157248K) Eden: 139776K(139776K)->0K(139776K) From: 4982K(17472K)->4982K(17472K)
[70.109s][info][gc,heap        ] GC(568) Tenured: 156262K(349568K)->156262K(349568K)
[70.109s][info][gc,metaspace   ] GC(568) Metaspace: 60725K(61568K)->60725K(61568K) NonClass: 53157K(53632K)->53157K(53632K) Class: 7567K(7936K)->7567K(7936K)
[70.109s][info][gc             ] GC(568) Pause Young (Allocation Failure) 293M->157M(494M) 14.224ms
[70.109s][info][gc,cpu         ] GC(568) User=0.02s Sys=0.00s Real=0.02s
[70.143s][info][gc,start       ] GC(569) Pause Full (System.gc())
[70.143s][info][gc,phases,start] GC(569) Phase 1: Mark live objects
[70.219s][info][gc,phases      ] GC(569) Phase 1: Mark live objects 75.663ms
[70.219s][info][gc,phases,start] GC(569) Phase 2: Compute new object addresses
[70.263s][info][gc,phases      ] GC(569) Phase 2: Compute new object addresses 44.381ms
[70.263s][info][gc,phases,start] GC(569) Phase 3: Adjust pointers
[70.305s][info][gc,phases      ] GC(569) Phase 3: Adjust pointers 42.001ms
[70.306s][info][gc,phases,start] GC(569) Phase 4: Move objects
[70.306s][info][gc,phases      ] GC(569) Phase 4: Move objects 0.226ms
[70.306s][info][gc,heap        ] GC(569) DefNew: 20627K(157248K)->0K(157248K) Eden: 15644K(139776K)->0K(139776K) From: 4982K(17472K)->0K(17472K)
[70.306s][info][gc,heap        ] GC(569) Tenured: 156262K(349568K)->101940K(349568K)
[70.306s][info][gc,metaspace   ] GC(569) Metaspace: 60746K(61568K)->60746K(61568K) NonClass: 53178K(53632K)->53178K(53632K) Class: 7567K(7936K)->7567K(7936K)
[70.306s][info][gc             ] GC(569) Pause Full (System.gc()) 172M->99M(494M) 163.181ms
[70.306s][info][gc,cpu         ] GC(569) User=0.17s Sys=0.00s Real=0.17s
[70.429s][info][gc,start       ] GC(570) Pause Young (Allocation Failure)
[70.444s][info][gc,heap        ] GC(570) DefNew: 139776K(157248K)->2971K(157248K) Eden: 139776K(139776K)->0K(139776K) From: 0K(17472K)->2971K(17472K)
[70.444s][info][gc,heap        ] GC(570) Tenured: 101940K(349568K)->101940K(349568K)
[70.444s][info][gc,metaspace   ] GC(570) Metaspace: 60782K(61696K)->60782K(61696K) NonClass: 53211K(53696K)->53211K(53696K) Class: 7570K(8000K)->7570K(8000K)
[70.444s][info][gc             ] GC(570) Pause Young (Allocation Failure) 236M->102M(494M) 15.347ms
[70.444s][info][gc,cpu         ] GC(570) User=0.02s Sys=0.00s Real=0.02s
[70.490s][info][gc,start       ] GC(571) Pause Young (Allocation Failure)
[70.517s][info][gc,heap        ] GC(571) DefNew: 142747K(157248K)->8181K(157248K) Eden: 139776K(139776K)->0K(139776K) From: 2971K(17472K)->8181K(17472K)
[70.517s][info][gc,heap        ] GC(571) Tenured: 101940K(349568K)->101940K(349568K)
[70.517s][info][gc,metaspace   ] GC(571) Metaspace: 60782K(61696K)->60782K(61696K) NonClass: 53212K(53696K)->53212K(53696K) Class: 7570K(8000K)->7570K(8000K)
[70.517s][info][gc             ] GC(571) Pause Young (Allocation Failure) 238M->107M(494M) 27.398ms
[70.518s][info][gc,cpu         ] GC(571) User=0.03s Sys=0.00s Real=0.03s
[70.571s][info][gc,start       ] GC(572) Pause Young (Allocation Failure)
[70.605s][info][gc,heap        ] GC(572) DefNew: 147957K(157248K)->13952K(157248K) Eden: 139776K(139776K)->0K(139776K) From: 8181K(17472K)->13952K(17472K)
[70.605s][info][gc,heap        ] GC(572) Tenured: 101940K(349568K)->101940K(349568K)
[70.605s][info][gc,metaspace   ] GC(572) Metaspace: 60782K(61696K)->60782K(61696K) NonClass: 53212K(53696K)->53212K(53696K) Class: 7570K(8000K)->7570K(8000K)
[70.605s][info][gc             ] GC(572) Pause Young (Allocation Failure) 244M->113M(494M) 33.544ms
[70.605s][info][gc,cpu         ] GC(572) User=0.03s Sys=0.00s Real=0.03s
[70.658s][info][gc,start       ] GC(573) Pause Young (Allocation Failure)
[70.699s][info][gc,heap        ] GC(573) DefNew: 153728K(157248K)->11887K(157248K) Eden: 139776K(139776K)->0K(139776K) From: 13952K(17472K)->11887K(17472K)
[70.699s][info][gc,heap        ] GC(573) Tenured: 101940K(349568K)->109609K(349568K)
[70.699s][info][gc,metaspace   ] GC(573) Metaspace: 60782K(61696K)->60782K(61696K) NonClass: 53212K(53696K)->53212K(53696K) Class: 7570K(8000K)->7570K(8000K)
[70.699s][info][gc             ] GC(573) Pause Young (Allocation Failure) 249M->118M(494M) 41.829ms
[70.699s][info][gc,cpu         ] GC(573) User=0.03s Sys=0.00s Real=0.03s
[70.754s][info][gc,start       ] GC(574) Pause Young (Allocation Failure)
[70.799s][info][gc,heap        ] GC(574) DefNew: 151663K(157248K)->11300K(157248K) Eden: 139776K(139776K)->0K(139776K) From: 11887K(17472K)->11300K(17472K)
[70.799s][info][gc,heap        ] GC(574) Tenured: 109609K(349568K)->115892K(349568K)
[70.799s][info][gc,metaspace   ] GC(574) Metaspace: 60782K(61696K)->60782K(61696K) NonClass: 53212K(53696K)->53212K(53696K) Class: 7570K(8000K)->7570K(8000K)
[70.799s][info][gc             ] GC(574) Pause Young (Allocation Failure) 255M->124M(494M) 44.978ms
[70.799s][info][gc,cpu         ] GC(574) User=0.03s Sys=0.00s Real=0.05s
[70.855s][info][gc,start       ] GC(575) Pause Young (Allocation Failure)
[70.897s][info][gc,heap        ] GC(575) DefNew: 151076K(157248K)->12923K(157248K) Eden: 139776K(139776K)->0K(139776K) From: 11300K(17472K)->12923K(17472K)
[70.897s][info][gc,heap        ] GC(575) Tenured: 115892K(349568K)->121496K(349568K)
[70.897s][info][gc,metaspace   ] GC(575) Metaspace: 60782K(61696K)->60782K(61696K) NonClass: 53212K(53696K)->53212K(53696K) Class: 7570K(8000K)->7570K(8000K)
[70.897s][info][gc             ] GC(575) Pause Young (Allocation Failure) 260M->131M(494M) 41.684ms
[70.897s][info][gc,cpu         ] GC(575) User=0.05s Sys=0.00s Real=0.05s
[70.958s][info][gc,start       ] GC(576) Pause Young (Allocation Failure)
[70.999s][info][gc,heap        ] GC(576) DefNew: 152699K(157248K)->12511K(157248K) Eden: 139776K(139776K)->0K(139776K) From: 12923K(17472K)->12511K(17472K)
[70.999s][info][gc,heap        ] GC(576) Tenured: 121496K(349568K)->127191K(349568K)
[70.999s][info][gc,metaspace   ] GC(576) Metaspace: 60782K(61696K)->60782K(61696K) NonClass: 53212K(53696K)->53212K(53696K) Class: 7570K(8000K)->7570K(8000K)
[70.999s][info][gc             ] GC(576) Pause Young (Allocation Failure) 267M->136M(494M) 41.083ms
[70.999s][info][gc,cpu         ] GC(576) User=0.05s Sys=0.00s Real=0.05s
[71.048s][info][gc,start       ] GC(577) Pause Young (Allocation Failure)
[71.088s][info][gc,heap        ] GC(577) DefNew: 152287K(157248K)->9924K(157248K) Eden: 139776K(139776K)->0K(139776K) From: 12511K(17472K)->9924K(17472K)
[71.088s][info][gc,heap        ] GC(577) Tenured: 127191K(349568K)->134420K(349568K)
[71.088s][info][gc,metaspace   ] GC(577) Metaspace: 60782K(61696K)->60782K(61696K) NonClass: 53212K(53696K)->53212K(53696K) Class: 7570K(8000K)->7570K(8000K)
[71.088s][info][gc             ] GC(577) Pause Young (Allocation Failure) 272M->140M(494M) 40.483ms
[71.088s][info][gc,cpu         ] GC(577) User=0.03s Sys=0.00s Real=0.04s
[71.150s][info][gc,start       ] GC(578) Pause Young (Allocation Failure)
[71.177s][info][gc,heap        ] GC(578) DefNew: 149700K(157248K)->5938K(157248K) Eden: 139776K(139776K)->0K(139776K) From: 9924K(17472K)->5938K(17472K)
[71.177s][info][gc,heap        ] GC(578) Tenured: 134420K(349568K)->139703K(349568K)
[71.177s][info][gc,metaspace   ] GC(578) Metaspace: 60786K(61696K)->60786K(61696K) NonClass: 53216K(53696K)->53216K(53696K) Class: 7570K(8000K)->7570K(8000K)
[71.177s][info][gc             ] GC(578) Pause Young (Allocation Failure) 277M->142M(494M) 27.180ms
[71.177s][info][gc,cpu         ] GC(578) User=0.02s Sys=0.00s Real=0.02s
[71.233s][info][gc,start       ] GC(579) Pause Young (Allocation Failure)
[71.249s][info][gc,heap        ] GC(579) DefNew: 145714K(157248K)->5938K(157248K) Eden: 139776K(139776K)->0K(139776K) From: 5938K(17472K)->5938K(17472K)
[71.249s][info][gc,heap        ] GC(579) Tenured: 139703K(349568K)->139703K(349568K)
[71.249s][info][gc,metaspace   ] GC(579) Metaspace: 60786K(61696K)->60786K(61696K) NonClass: 53216K(53696K)->53216K(53696K) Class: 7570K(8000K)->7570K(8000K)
[71.249s][info][gc             ] GC(579) Pause Young (Allocation Failure) 278M->142M(494M) 15.251ms
[71.249s][info][gc,cpu         ] GC(579) User=0.02s Sys=0.00s Real=0.02s
[71.295s][info][gc,start       ] GC(580) Pause Young (Allocation Failure)
[71.310s][info][gc,heap        ] GC(580) DefNew: 145714K(157248K)->5938K(157248K) Eden: 139776K(139776K)->0K(139776K) From: 5938K(17472K)->5938K(17472K)
[71.310s][info][gc,heap        ] GC(580) Tenured: 139703K(349568K)->139703K(349568K)
[71.310s][info][gc,metaspace   ] GC(580) Metaspace: 60786K(61696K)->60786K(61696K) NonClass: 53216K(53696K)->53216K(53696K) Class: 7570K(8000K)->7570K(8000K)
[71.310s][info][gc             ] GC(580) Pause Young (Allocation Failure) 278M->142M(494M) 14.576ms
[71.310s][info][gc,cpu         ] GC(580) User=0.02s Sys=0.00s Real=0.02s
[71.357s][info][gc,start       ] GC(581) Pause Young (Allocation Failure)
[71.371s][info][gc,heap        ] GC(581) DefNew: 145714K(157248K)->5938K(157248K) Eden: 139776K(139776K)->0K(139776K) From: 5938K(17472K)->5938K(17472K)
[71.371s][info][gc,heap        ] GC(581) Tenured: 139703K(349568K)->139703K(349568K)
[71.371s][info][gc,metaspace   ] GC(581) Metaspace: 60786K(61696K)->60786K(61696K) NonClass: 53216K(53696K)->53216K(53696K) Class: 7570K(8000K)->7570K(8000K)
[71.371s][info][gc             ] GC(581) Pause Young (Allocation Failure) 278M->142M(494M) 14.568ms
[71.371s][info][gc,cpu         ] GC(581) User=0.02s Sys=0.00s Real=0.01s
[71.422s][info][gc,start       ] GC(582) Pause Young (Allocation Failure)
[71.437s][info][gc,heap        ] GC(582) DefNew: 145714K(157248K)->5938K(157248K) Eden: 139776K(139776K)->0K(139776K) From: 5938K(17472K)->5938K(17472K)
[71.438s][info][gc,heap        ] GC(582) Tenured: 139703K(349568K)->139703K(349568K)
[71.438s][info][gc,metaspace   ] GC(582) Metaspace: 60786K(61696K)->60786K(61696K) NonClass: 53216K(53696K)->53216K(53696K) Class: 7570K(8000K)->7570K(8000K)
[71.438s][info][gc             ] GC(582) Pause Young (Allocation Failure) 278M->142M(494M) 16.127ms
[71.438s][info][gc,cpu         ] GC(582) User=0.02s Sys=0.00s Real=0.02s
[71.487s][info][gc,start       ] GC(583) Pause Young (Allocation Failure)
[71.501s][info][gc,heap        ] GC(583) DefNew: 145714K(157248K)->5972K(157248K) Eden: 139776K(139776K)->0K(139776K) From: 5938K(17472K)->5972K(17472K)
[71.501s][info][gc,heap        ] GC(583) Tenured: 139703K(349568K)->139703K(349568K)
[71.501s][info][gc,metaspace   ] GC(583) Metaspace: 60786K(61696K)->60786K(61696K) NonClass: 53216K(53696K)->53216K(53696K) Class: 7570K(8000K)->7570K(8000K)
[71.501s][info][gc             ] GC(583) Pause Young (Allocation Failure) 278M->142M(494M) 14.631ms
[71.501s][info][gc,cpu         ] GC(583) User=0.02s Sys=0.00s Real=0.01s
[71.590s][info][gc,start       ] GC(584) Pause Young (Allocation Failure)
[71.606s][info][gc,heap        ] GC(584) DefNew: 145748K(157248K)->5950K(157248K) Eden: 139776K(139776K)->0K(139776K) From: 5972K(17472K)->5950K(17472K)
[71.606s][info][gc,heap        ] GC(584) Tenured: 139703K(349568K)->139703K(349568K)
[71.606s][info][gc,metaspace   ] GC(584) Metaspace: 60786K(61696K)->60786K(61696K) NonClass: 53216K(53696K)->53216K(53696K) Class: 7570K(8000K)->7570K(8000K)
[71.606s][info][gc             ] GC(584) Pause Young (Allocation Failure) 278M->142M(494M) 15.824ms
[71.606s][info][gc,cpu         ] GC(584) User=0.02s Sys=0.00s Real=0.02s
[71.694s][info][gc,start       ] GC(585) Pause Young (Allocation Failure)
[71.710s][info][gc,heap        ] GC(585) DefNew: 145726K(157248K)->5950K(157248K) Eden: 139776K(139776K)->0K(139776K) From: 5950K(17472K)->5950K(17472K)
[71.710s][info][gc,heap        ] GC(585) Tenured: 139703K(349568K)->139703K(349568K)
[71.710s][info][gc,metaspace   ] GC(585) Metaspace: 60786K(61696K)->60786K(61696K) NonClass: 53216K(53696K)->53216K(53696K) Class: 7570K(8000K)->7570K(8000K)
[71.710s][info][gc             ] GC(585) Pause Young (Allocation Failure) 278M->142M(494M) 15.865ms
[71.710s][info][gc,cpu         ] GC(585) User=0.02s Sys=0.00s Real=0.02s
[71.795s][info][gc,start       ] GC(586) Pause Young (Allocation Failure)
[71.810s][info][gc,heap        ] GC(586) DefNew: 145726K(157248K)->5950K(157248K) Eden: 139776K(139776K)->0K(139776K) From: 5950K(17472K)->5950K(17472K)
[71.810s][info][gc,heap        ] GC(586) Tenured: 139703K(349568K)->139703K(349568K)
[71.810s][info][gc,metaspace   ] GC(586) Metaspace: 60786K(61696K)->60786K(61696K) NonClass: 53216K(53696K)->53216K(53696K) Class: 7570K(8000K)->7570K(8000K)
[71.810s][info][gc             ] GC(586) Pause Young (Allocation Failure) 278M->142M(494M) 15.544ms
[71.810s][info][gc,cpu         ] GC(586) User=0.02s Sys=0.00s Real=0.02s
[71.894s][info][gc,start       ] GC(587) Pause Young (Allocation Failure)
[71.910s][info][gc,heap        ] GC(587) DefNew: 145726K(157248K)->5950K(157248K) Eden: 139776K(139776K)->0K(139776K) From: 5950K(17472K)->5950K(17472K)
[71.910s][info][gc,heap        ] GC(587) Tenured: 139703K(349568K)->139703K(349568K)
[71.910s][info][gc,metaspace   ] GC(587) Metaspace: 60786K(61696K)->60786K(61696K) NonClass: 53216K(53696K)->53216K(53696K) Class: 7570K(8000K)->7570K(8000K)
[71.910s][info][gc             ] GC(587) Pause Young (Allocation Failure) 278M->142M(494M) 16.082ms
[71.911s][info][gc,cpu         ] GC(587) User=0.02s Sys=0.00s Real=0.02s
[71.996s][info][gc,start       ] GC(588) Pause Young (Allocation Failure)
[72.007s][info][gc,heap        ] GC(588) DefNew: 145726K(157248K)->5950K(157248K) Eden: 139776K(139776K)->0K(139776K) From: 5950K(17472K)->5950K(17472K)
[72.007s][info][gc,heap        ] GC(588) Tenured: 139703K(349568K)->139703K(349568K)
[72.007s][info][gc,metaspace   ] GC(588) Metaspace: 60786K(61696K)->60786K(61696K) NonClass: 53216K(53696K)->53216K(53696K) Class: 7570K(8000K)->7570K(8000K)
[72.007s][info][gc             ] GC(588) Pause Young (Allocation Failure) 278M->142M(494M) 10.836ms
[72.007s][info][gc,cpu         ] GC(588) User=0.02s Sys=0.00s Real=0.02s
[72.095s][info][gc,start       ] GC(589) Pause Young (Allocation Failure)
[72.111s][info][gc,heap        ] GC(589) DefNew: 145726K(157248K)->5950K(157248K) Eden: 139776K(139776K)->0K(139776K) From: 5950K(17472K)->5950K(17472K)
[72.127s][info][gc,heap        ] GC(589) Tenured: 139703K(349568K)->139703K(349568K)
[72.139s][info][gc,metaspace   ] GC(589) Metaspace: 60786K(61696K)->60786K(61696K) NonClass: 53216K(53696K)->53216K(53696K) Class: 7570K(8000K)->7570K(8000K)
[72.140s][info][gc             ] GC(589) Pause Young (Allocation Failure) 278M->142M(494M) 44.871ms
[72.140s][info][gc,cpu         ] GC(589) User=0.02s Sys=0.00s Real=0.05s
[72.249s][info][gc,start       ] GC(590) Pause Young (Allocation Failure)
[72.264s][info][gc,heap        ] GC(590) DefNew: 145726K(157248K)->5950K(157248K) Eden: 139776K(139776K)->0K(139776K) From: 5950K(17472K)->5950K(17472K)
[72.264s][info][gc,heap        ] GC(590) Tenured: 139703K(349568K)->139703K(349568K)
[72.264s][info][gc,metaspace   ] GC(590) Metaspace: 60786K(61696K)->60786K(61696K) NonClass: 53216K(53696K)->53216K(53696K) Class: 7570K(8000K)->7570K(8000K)
[72.264s][info][gc             ] GC(590) Pause Young (Allocation Failure) 278M->142M(494M) 14.952ms
[72.264s][info][gc,cpu         ] GC(590) User=0.02s Sys=0.00s Real=0.02s
[72.308s][info][gc,start       ] GC(591) Pause Full (System.gc())
[72.308s][info][gc,phases,start] GC(591) Phase 1: Mark live objects
[72.386s][info][gc,phases      ] GC(591) Phase 1: Mark live objects 77.792ms
[72.386s][info][gc,phases,start] GC(591) Phase 2: Compute new object addresses
[72.430s][info][gc,phases      ] GC(591) Phase 2: Compute new object addresses 44.427ms
[72.430s][info][gc,phases,start] GC(591) Phase 3: Adjust pointers
[72.473s][info][gc,phases      ] GC(591) Phase 3: Adjust pointers 42.865ms
[72.473s][info][gc,phases,start] GC(591) Phase 4: Move objects
[72.473s][info][gc,phases      ] GC(591) Phase 4: Move objects 0.028ms
[72.474s][info][gc,heap        ] GC(591) DefNew: 21339K(157248K)->0K(157248K) Eden: 15388K(139776K)->0K(139776K) From: 5950K(17472K)->0K(17472K)
[72.474s][info][gc,heap        ] GC(591) Tenured: 139703K(349568K)->102371K(349568K)
[72.474s][info][gc,metaspace   ] GC(591) Metaspace: 60827K(61760K)->60827K(61760K) NonClass: 53256K(53760K)->53256K(53760K) Class: 7571K(8000K)->7571K(8000K)
[72.474s][info][gc             ] GC(591) Pause Full (System.gc()) 157M->99M(494M) 166.031ms
[72.474s][info][gc,cpu         ] GC(591) User=0.17s Sys=0.00s Real=0.17s
[72.590s][info][gc,start       ] GC(592) Pause Young (Allocation Failure)
[72.605s][info][gc,heap        ] GC(592) DefNew: 139776K(157248K)->2942K(157248K) Eden: 139776K(139776K)->0K(139776K) From: 0K(17472K)->2942K(17472K)
[72.605s][info][gc,heap        ] GC(592) Tenured: 102371K(349568K)->102371K(349568K)
[72.605s][info][gc,metaspace   ] GC(592) Metaspace: 60831K(61760K)->60831K(61760K) NonClass: 53259K(53760K)->53259K(53760K) Class: 7571K(8000K)->7571K(8000K)
[72.605s][info][gc             ] GC(592) Pause Young (Allocation Failure) 236M->102M(494M) 15.331ms
[72.605s][info][gc,cpu         ] GC(592) User=0.03s Sys=0.00s Real=0.02s
[72.652s][info][gc,start       ] GC(593) Pause Young (Allocation Failure)
[72.678s][info][gc,heap        ] GC(593) DefNew: 142718K(157248K)->8117K(157248K) Eden: 139776K(139776K)->0K(139776K) From: 2942K(17472K)->8117K(17472K)
[72.678s][info][gc,heap        ] GC(593) Tenured: 102371K(349568K)->102371K(349568K)
[72.678s][info][gc,metaspace   ] GC(593) Metaspace: 60832K(61760K)->60832K(61760K) NonClass: 53260K(53760K)->53260K(53760K) Class: 7571K(8000K)->7571K(8000K)
[72.678s][info][gc             ] GC(593) Pause Young (Allocation Failure) 239M->107M(494M) 26.727ms
[72.679s][info][gc,cpu         ] GC(593) User=0.06s Sys=0.00s Real=0.03s
[72.731s][info][gc,start       ] GC(594) Pause Young (Allocation Failure)
[72.765s][info][gc,heap        ] GC(594) DefNew: 147893K(157248K)->13906K(157248K) Eden: 139776K(139776K)->0K(139776K) From: 8117K(17472K)->13906K(17472K)
[72.765s][info][gc,heap        ] GC(594) Tenured: 102371K(349568K)->102371K(349568K)
[72.765s][info][gc,metaspace   ] GC(594) Metaspace: 60832K(61760K)->60832K(61760K) NonClass: 53260K(53760K)->53260K(53760K) Class: 7571K(8000K)->7571K(8000K)
[72.765s][info][gc             ] GC(594) Pause Young (Allocation Failure) 244M->113M(494M) 34.246ms
[72.765s][info][gc,cpu         ] GC(594) User=0.03s Sys=0.00s Real=0.03s
[72.818s][info][gc,start       ] GC(595) Pause Young (Allocation Failure)
[72.859s][info][gc,heap        ] GC(595) DefNew: 153682K(157248K)->11834K(157248K) Eden: 139776K(139776K)->0K(139776K) From: 13906K(17472K)->11834K(17472K)
[72.859s][info][gc,heap        ] GC(595) Tenured: 102371K(349568K)->109976K(349568K)
[72.859s][info][gc,metaspace   ] GC(595) Metaspace: 60832K(61760K)->60832K(61760K) NonClass: 53260K(53760K)->53260K(53760K) Class: 7571K(8000K)->7571K(8000K)
[72.859s][info][gc             ] GC(595) Pause Young (Allocation Failure) 250M->118M(494M) 41.384ms
[72.859s][info][gc,cpu         ] GC(595) User=0.03s Sys=0.00s Real=0.03s
[72.915s][info][gc,start       ] GC(596) Pause Young (Allocation Failure)
[72.956s][info][gc,heap        ] GC(596) DefNew: 151610K(157248K)->11230K(157248K) Eden: 139776K(139776K)->0K(139776K) From: 11834K(17472K)->11230K(17472K)
[72.956s][info][gc,heap        ] GC(596) Tenured: 109976K(349568K)->116275K(349568K)
[72.956s][info][gc,metaspace   ] GC(596) Metaspace: 60832K(61760K)->60832K(61760K) NonClass: 53260K(53760K)->53260K(53760K) Class: 7571K(8000K)->7571K(8000K)
[72.956s][info][gc             ] GC(596) Pause Young (Allocation Failure) 255M->124M(494M) 41.266ms
[72.956s][info][gc,cpu         ] GC(596) User=0.05s Sys=0.00s Real=0.05s
[73.012s][info][gc,start       ] GC(597) Pause Young (Allocation Failure)
[73.052s][info][gc,heap        ] GC(597) DefNew: 151006K(157248K)->12922K(157248K) Eden: 139776K(139776K)->0K(139776K) From: 11230K(17472K)->12922K(17472K)
[73.052s][info][gc,heap        ] GC(597) Tenured: 116275K(349568K)->121810K(349568K)
[73.052s][info][gc,metaspace   ] GC(597) Metaspace: 60832K(61760K)->60832K(61760K) NonClass: 53260K(53760K)->53260K(53760K) Class: 7571K(8000K)->7571K(8000K)
[73.052s][info][gc             ] GC(597) Pause Young (Allocation Failure) 261M->131M(494M) 40.046ms
[73.052s][info][gc,cpu         ] GC(597) User=0.03s Sys=0.00s Real=0.03s
[73.106s][info][gc,start       ] GC(598) Pause Young (Allocation Failure)
[73.146s][info][gc,heap        ] GC(598) DefNew: 152698K(157248K)->12890K(157248K) Eden: 139776K(139776K)->0K(139776K) From: 12922K(17472K)->12890K(17472K)
[73.146s][info][gc,heap        ] GC(598) Tenured: 121810K(349568K)->127505K(349568K)
[73.146s][info][gc,metaspace   ] GC(598) Metaspace: 60832K(61760K)->60832K(61760K) NonClass: 53260K(53760K)->53260K(53760K) Class: 7571K(8000K)->7571K(8000K)
[73.146s][info][gc             ] GC(598) Pause Young (Allocation Failure) 268M->137M(494M) 40.225ms
[73.146s][info][gc,cpu         ] GC(598) User=0.03s Sys=0.00s Real=0.03s
[73.200s][info][gc,start       ] GC(599) Pause Young (Allocation Failure)
[73.244s][info][gc,heap        ] GC(599) DefNew: 152666K(157248K)->11328K(157248K) Eden: 139776K(139776K)->0K(139776K) From: 12890K(17472K)->11328K(17472K)
[73.244s][info][gc,heap        ] GC(599) Tenured: 127505K(349568K)->134732K(349568K)
[73.244s][info][gc,metaspace   ] GC(599) Metaspace: 60832K(61760K)->60832K(61760K) NonClass: 53260K(53760K)->53260K(53760K) Class: 7571K(8000K)->7571K(8000K)
[73.244s][info][gc             ] GC(599) Pause Young (Allocation Failure) 273M->142M(494M) 43.557ms
[73.244s][info][gc,cpu         ] GC(599) User=0.03s Sys=0.00s Real=0.03s
[73.307s][info][gc,start       ] GC(600) Pause Young (Allocation Failure)
[73.331s][info][gc,heap        ] GC(600) DefNew: 151104K(157248K)->5676K(157248K) Eden: 139776K(139776K)->0K(139776K) From: 11328K(17472K)->5676K(17472K)
[73.331s][info][gc,heap        ] GC(600) Tenured: 134732K(349568K)->140394K(349568K)
[73.331s][info][gc,metaspace   ] GC(600) Metaspace: 60832K(61760K)->60832K(61760K) NonClass: 53260K(53760K)->53260K(53760K) Class: 7571K(8000K)->7571K(8000K)
[73.331s][info][gc             ] GC(600) Pause Young (Allocation Failure) 279M->142M(494M) 23.498ms
[73.331s][info][gc,cpu         ] GC(600) User=0.02s Sys=0.00s Real=0.02s
[73.387s][info][gc,start       ] GC(601) Pause Young (Allocation Failure)
[73.401s][info][gc,heap        ] GC(601) DefNew: 145452K(157248K)->5676K(157248K) Eden: 139776K(139776K)->0K(139776K) From: 5676K(17472K)->5676K(17472K)
[73.401s][info][gc,heap        ] GC(601) Tenured: 140394K(349568K)->140394K(349568K)
[73.401s][info][gc,metaspace   ] GC(601) Metaspace: 60832K(61760K)->60832K(61760K) NonClass: 53260K(53760K)->53260K(53760K) Class: 7571K(8000K)->7571K(8000K)
[73.401s][info][gc             ] GC(601) Pause Young (Allocation Failure) 279M->142M(494M) 14.258ms
[73.401s][info][gc,cpu         ] GC(601) User=0.02s Sys=0.00s Real=0.02s
[73.450s][info][gc,start       ] GC(602) Pause Young (Allocation Failure)
[73.466s][info][gc,heap        ] GC(602) DefNew: 145452K(157248K)->5676K(157248K) Eden: 139776K(139776K)->0K(139776K) From: 5676K(17472K)->5676K(17472K)
[73.466s][info][gc,heap        ] GC(602) Tenured: 140394K(349568K)->140394K(349568K)
[73.466s][info][gc,metaspace   ] GC(602) Metaspace: 60832K(61760K)->60832K(61760K) NonClass: 53260K(53760K)->53260K(53760K) Class: 7571K(8000K)->7571K(8000K)
[73.466s][info][gc             ] GC(602) Pause Young (Allocation Failure) 279M->142M(494M) 15.567ms
[73.466s][info][gc,cpu         ] GC(602) User=0.03s Sys=0.00s Real=0.02s
[73.515s][info][gc,start       ] GC(603) Pause Young (Allocation Failure)
[73.531s][info][gc,heap        ] GC(603) DefNew: 145452K(157248K)->5676K(157248K) Eden: 139776K(139776K)->0K(139776K) From: 5676K(17472K)->5676K(17472K)
[73.531s][info][gc,heap        ] GC(603) Tenured: 140394K(349568K)->140394K(349568K)
[73.531s][info][gc,metaspace   ] GC(603) Metaspace: 60832K(61760K)->60832K(61760K) NonClass: 53260K(53760K)->53260K(53760K) Class: 7571K(8000K)->7571K(8000K)
[73.531s][info][gc             ] GC(603) Pause Young (Allocation Failure) 279M->142M(494M) 15.770ms
[73.531s][info][gc,cpu         ] GC(603) User=0.00s Sys=0.00s Real=0.02s
[73.579s][info][gc,start       ] GC(604) Pause Young (Allocation Failure)
[73.593s][info][gc,heap        ] GC(604) DefNew: 145452K(157248K)->5676K(157248K) Eden: 139776K(139776K)->0K(139776K) From: 5676K(17472K)->5676K(17472K)
[73.593s][info][gc,heap        ] GC(604) Tenured: 140394K(349568K)->140394K(349568K)
[73.593s][info][gc,metaspace   ] GC(604) Metaspace: 60832K(61760K)->60832K(61760K) NonClass: 53260K(53760K)->53260K(53760K) Class: 7571K(8000K)->7571K(8000K)
[73.593s][info][gc             ] GC(604) Pause Young (Allocation Failure) 279M->142M(494M) 14.504ms
[73.593s][info][gc,cpu         ] GC(604) User=0.02s Sys=0.00s Real=0.02s
[73.643s][info][gc,start       ] GC(605) Pause Young (Allocation Failure)
[73.658s][info][gc,heap        ] GC(605) DefNew: 145452K(157248K)->5676K(157248K) Eden: 139776K(139776K)->0K(139776K) From: 5676K(17472K)->5676K(17472K)
[73.658s][info][gc,heap        ] GC(605) Tenured: 140394K(349568K)->140394K(349568K)
[73.658s][info][gc,metaspace   ] GC(605) Metaspace: 60832K(61760K)->60832K(61760K) NonClass: 53260K(53760K)->53260K(53760K) Class: 7571K(8000K)->7571K(8000K)
[73.659s][info][gc             ] GC(605) Pause Young (Allocation Failure) 279M->142M(494M) 15.605ms
[73.659s][info][gc,cpu         ] GC(605) User=0.02s Sys=0.00s Real=0.02s
[73.744s][info][gc,start       ] GC(606) Pause Young (Allocation Failure)
[73.759s][info][gc,heap        ] GC(606) DefNew: 145452K(157248K)->5688K(157248K) Eden: 139776K(139776K)->0K(139776K) From: 5676K(17472K)->5688K(17472K)
[73.759s][info][gc,heap        ] GC(606) Tenured: 140394K(349568K)->140394K(349568K)
[73.760s][info][gc,metaspace   ] GC(606) Metaspace: 60832K(61760K)->60832K(61760K) NonClass: 53260K(53760K)->53260K(53760K) Class: 7571K(8000K)->7571K(8000K)
[73.760s][info][gc             ] GC(606) Pause Young (Allocation Failure) 279M->142M(494M) 15.723ms
[73.760s][info][gc,cpu         ] GC(606) User=0.02s Sys=0.00s Real=0.01s
[73.861s][info][gc,start       ] GC(607) Pause Young (Allocation Failure)
[73.875s][info][gc,heap        ] GC(607) DefNew: 145464K(157248K)->5688K(157248K) Eden: 139776K(139776K)->0K(139776K) From: 5688K(17472K)->5688K(17472K)
[73.875s][info][gc,heap        ] GC(607) Tenured: 140394K(349568K)->140394K(349568K)
[73.875s][info][gc,metaspace   ] GC(607) Metaspace: 60832K(61760K)->60832K(61760K) NonClass: 53260K(53760K)->53260K(53760K) Class: 7571K(8000K)->7571K(8000K)
[73.875s][info][gc             ] GC(607) Pause Young (Allocation Failure) 279M->142M(494M) 14.716ms
[73.875s][info][gc,cpu         ] GC(607) User=0.02s Sys=0.00s Real=0.02s
[73.963s][info][gc,start       ] GC(608) Pause Young (Allocation Failure)
[73.978s][info][gc,heap        ] GC(608) DefNew: 145464K(157248K)->5688K(157248K) Eden: 139776K(139776K)->0K(139776K) From: 5688K(17472K)->5688K(17472K)
[73.978s][info][gc,heap        ] GC(608) Tenured: 140394K(349568K)->140394K(349568K)
[73.978s][info][gc,metaspace   ] GC(608) Metaspace: 60832K(61760K)->60832K(61760K) NonClass: 53260K(53760K)->53260K(53760K) Class: 7571K(8000K)->7571K(8000K)
[73.978s][info][gc             ] GC(608) Pause Young (Allocation Failure) 279M->142M(494M) 15.731ms
[73.979s][info][gc,cpu         ] GC(608) User=0.02s Sys=0.00s Real=0.02s
[74.065s][info][gc,start       ] GC(609) Pause Young (Allocation Failure)
[74.081s][info][gc,heap        ] GC(609) DefNew: 145464K(157248K)->5689K(157248K) Eden: 139776K(139776K)->0K(139776K) From: 5688K(17472K)->5689K(17472K)
[74.081s][info][gc,heap        ] GC(609) Tenured: 140394K(349568K)->140394K(349568K)
[74.081s][info][gc,metaspace   ] GC(609) Metaspace: 60832K(61760K)->60832K(61760K) NonClass: 53260K(53760K)->53260K(53760K) Class: 7571K(8000K)->7571K(8000K)
[74.081s][info][gc             ] GC(609) Pause Young (Allocation Failure) 279M->142M(494M) 15.853ms
[74.081s][info][gc,cpu         ] GC(609) User=0.02s Sys=0.00s Real=0.02s
[74.166s][info][gc,start       ] GC(610) Pause Young (Allocation Failure)
[74.181s][info][gc,heap        ] GC(610) DefNew: 145465K(157248K)->5688K(157248K) Eden: 139776K(139776K)->0K(139776K) From: 5689K(17472K)->5688K(17472K)
[74.181s][info][gc,heap        ] GC(610) Tenured: 140394K(349568K)->140394K(349568K)
[74.181s][info][gc,metaspace   ] GC(610) Metaspace: 60832K(61760K)->60832K(61760K) NonClass: 53260K(53760K)->53260K(53760K) Class: 7571K(8000K)->7571K(8000K)
[74.181s][info][gc             ] GC(610) Pause Young (Allocation Failure) 279M->142M(494M) 15.408ms
[74.181s][info][gc,cpu         ] GC(610) User=0.02s Sys=0.00s Real=0.02s
[74.266s][info][gc,start       ] GC(611) Pause Young (Allocation Failure)
[74.281s][info][gc,heap        ] GC(611) DefNew: 145464K(157248K)->5688K(157248K) Eden: 139776K(139776K)->0K(139776K) From: 5688K(17472K)->5688K(17472K)
[74.281s][info][gc,heap        ] GC(611) Tenured: 140394K(349568K)->140394K(349568K)
[74.281s][info][gc,metaspace   ] GC(611) Metaspace: 60832K(61760K)->60832K(61760K) NonClass: 53260K(53760K)->53260K(53760K) Class: 7571K(8000K)->7571K(8000K)
[74.282s][info][gc             ] GC(611) Pause Young (Allocation Failure) 279M->142M(494M) 15.586ms
[74.282s][info][gc,cpu         ] GC(611) User=0.02s Sys=0.00s Real=0.02s
[74.367s][info][gc,start       ] GC(612) Pause Young (Allocation Failure)
[74.382s][info][gc,heap        ] GC(612) DefNew: 145464K(157248K)->5688K(157248K) Eden: 139776K(139776K)->0K(139776K) From: 5688K(17472K)->5688K(17472K)
[74.382s][info][gc,heap        ] GC(612) Tenured: 140394K(349568K)->140394K(349568K)
[74.382s][info][gc,metaspace   ] GC(612) Metaspace: 60832K(61760K)->60832K(61760K) NonClass: 53260K(53760K)->53260K(53760K) Class: 7571K(8000K)->7571K(8000K)
[74.383s][info][gc             ] GC(612) Pause Young (Allocation Failure) 279M->142M(494M) 15.835ms
[74.383s][info][gc,cpu         ] GC(612) User=0.02s Sys=0.00s Real=0.01s
[74.410s][info][gc,start       ] GC(613) Pause Full (System.gc())
[74.411s][info][gc,phases,start] GC(613) Phase 1: Mark live objects
[74.484s][info][gc,phases      ] GC(613) Phase 1: Mark live objects 73.185ms
[74.484s][info][gc,phases,start] GC(613) Phase 2: Compute new object addresses
[74.527s][info][gc,phases      ] GC(613) Phase 2: Compute new object addresses 43.511ms
[74.527s][info][gc,phases,start] GC(613) Phase 3: Adjust pointers
[74.570s][info][gc,phases      ] GC(613) Phase 3: Adjust pointers 42.296ms
[74.570s][info][gc,phases,start] GC(613) Phase 4: Move objects
[74.570s][info][gc,phases      ] GC(613) Phase 4: Move objects 0.028ms
[74.570s][info][gc,heap        ] GC(613) DefNew: 16965K(157248K)->0K(157248K) Eden: 11277K(139776K)->0K(139776K) From: 5688K(17472K)->0K(17472K)
[74.570s][info][gc,heap        ] GC(613) Tenured: 140394K(349568K)->102801K(349568K)
[74.570s][info][gc,metaspace   ] GC(613) Metaspace: 60834K(61760K)->60834K(61760K) NonClass: 53263K(53760K)->53263K(53760K) Class: 7571K(8000K)->7571K(8000K)
[74.570s][info][gc             ] GC(613) Pause Full (System.gc()) 153M->100M(494M) 159.875ms
[74.570s][info][gc,cpu         ] GC(613) User=0.16s Sys=0.00s Real=0.16s
[74.696s][info][gc,start       ] GC(614) Pause Young (Allocation Failure)
[74.705s][info][gc,heap        ] GC(614) DefNew: 139776K(157248K)->2223K(157248K) Eden: 139776K(139776K)->0K(139776K) From: 0K(17472K)->2223K(17472K)
[74.705s][info][gc,heap        ] GC(614) Tenured: 102801K(349568K)->102801K(349568K)
[74.705s][info][gc,metaspace   ] GC(614) Metaspace: 60855K(61824K)->60855K(61824K) NonClass: 53284K(53824K)->53284K(53824K) Class: 7571K(8000K)->7571K(8000K)
[74.705s][info][gc             ] GC(614) Pause Young (Allocation Failure) 236M->102M(494M) 9.584ms
[74.705s][info][gc,cpu         ] GC(614) User=0.02s Sys=0.00s Real=0.01s
[74.753s][info][gc,start       ] GC(615) Pause Young (Allocation Failure)
[74.778s][info][gc,heap        ] GC(615) DefNew: 141999K(157248K)->7168K(157248K) Eden: 139776K(139776K)->0K(139776K) From: 2223K(17472K)->7168K(17472K)
[74.779s][info][gc,heap        ] GC(615) Tenured: 102801K(349568K)->102801K(349568K)
[74.779s][info][gc,metaspace   ] GC(615) Metaspace: 60855K(61824K)->60855K(61824K) NonClass: 53284K(53824K)->53284K(53824K) Class: 7571K(8000K)->7571K(8000K)
[74.779s][info][gc             ] GC(615) Pause Young (Allocation Failure) 239M->107M(494M) 25.392ms
[74.779s][info][gc,cpu         ] GC(615) User=0.02s Sys=0.00s Real=0.02s
[74.832s][info][gc,start       ] GC(616) Pause Young (Allocation Failure)
[74.865s][info][gc,heap        ] GC(616) DefNew: 146944K(157248K)->12606K(157248K) Eden: 139776K(139776K)->0K(139776K) From: 7168K(17472K)->12606K(17472K)
[74.865s][info][gc,heap        ] GC(616) Tenured: 102801K(349568K)->102801K(349568K)
[74.865s][info][gc,metaspace   ] GC(616) Metaspace: 60855K(61824K)->60855K(61824K) NonClass: 53284K(53824K)->53284K(53824K) Class: 7571K(8000K)->7571K(8000K)
[74.865s][info][gc             ] GC(616) Pause Young (Allocation Failure) 243M->112M(494M) 33.398ms
[74.865s][info][gc,cpu         ] GC(616) User=0.03s Sys=0.00s Real=0.03s
[74.918s][info][gc,start       ] GC(617) Pause Young (Allocation Failure)
[74.958s][info][gc,heap        ] GC(617) DefNew: 152382K(157248K)->11677K(157248K) Eden: 139776K(139776K)->0K(139776K) From: 12606K(17472K)->11677K(17472K)
[74.958s][info][gc,heap        ] GC(617) Tenured: 102801K(349568K)->109456K(349568K)
[74.958s][info][gc,metaspace   ] GC(617) Metaspace: 60855K(61824K)->60855K(61824K) NonClass: 53284K(53824K)->53284K(53824K) Class: 7571K(8000K)->7571K(8000K)
[74.958s][info][gc             ] GC(617) Pause Young (Allocation Failure) 249M->118M(494M) 40.021ms
[74.958s][info][gc,cpu         ] GC(617) User=0.05s Sys=0.00s Real=0.05s
[75.015s][info][gc,start       ] GC(618) Pause Young (Allocation Failure)
[75.054s][info][gc,heap        ] GC(618) DefNew: 151453K(157248K)->11933K(157248K) Eden: 139776K(139776K)->0K(139776K) From: 11677K(17472K)->11933K(17472K)
[75.075s][info][gc,heap        ] GC(618) Tenured: 109456K(349568K)->114894K(349568K)
[75.075s][info][gc,metaspace   ] GC(618) Metaspace: 60855K(61824K)->60855K(61824K) NonClass: 53284K(53824K)->53284K(53824K) Class: 7571K(8000K)->7571K(8000K)
[75.075s][info][gc             ] GC(618) Pause Young (Allocation Failure) 254M->123M(494M) 60.381ms
[75.075s][info][gc,cpu         ] GC(618) User=0.03s Sys=0.00s Real=0.05s
[75.131s][info][gc,start       ] GC(619) Pause Young (Allocation Failure)
[75.169s][info][gc,heap        ] GC(619) DefNew: 151709K(157248K)->12907K(157248K) Eden: 139776K(139776K)->0K(139776K) From: 11933K(17472K)->12907K(17472K)
[75.169s][info][gc,heap        ] GC(619) Tenured: 114894K(349568K)->120110K(349568K)
[75.169s][info][gc,metaspace   ] GC(619) Metaspace: 60855K(61824K)->60855K(61824K) NonClass: 53284K(53824K)->53284K(53824K) Class: 7571K(8000K)->7571K(8000K)
[75.169s][info][gc             ] GC(619) Pause Young (Allocation Failure) 260M->129M(494M) 38.309ms
[75.169s][info][gc,cpu         ] GC(619) User=0.03s Sys=0.00s Real=0.03s
[75.226s][info][gc,start       ] GC(620) Pause Young (Allocation Failure)
[75.266s][info][gc,heap        ] GC(620) DefNew: 152683K(157248K)->12898K(157248K) Eden: 139776K(139776K)->0K(139776K) From: 12907K(17472K)->12898K(17472K)
[75.266s][info][gc,heap        ] GC(620) Tenured: 120110K(349568K)->125804K(349568K)
[75.266s][info][gc,metaspace   ] GC(620) Metaspace: 60855K(61824K)->60855K(61824K) NonClass: 53284K(53824K)->53284K(53824K) Class: 7571K(8000K)->7571K(8000K)
[75.266s][info][gc             ] GC(620) Pause Young (Allocation Failure) 266M->135M(494M) 40.041ms
[75.266s][info][gc,cpu         ] GC(620) User=0.05s Sys=0.00s Real=0.05s
[75.320s][info][gc,start       ] GC(621) Pause Young (Allocation Failure)
[75.364s][info][gc,heap        ] GC(621) DefNew: 152674K(157248K)->11374K(157248K) Eden: 139776K(139776K)->0K(139776K) From: 12898K(17472K)->11374K(17472K)
[75.365s][info][gc,heap        ] GC(621) Tenured: 125804K(349568K)->133016K(349568K)
[75.365s][info][gc,metaspace   ] GC(621) Metaspace: 60855K(61824K)->60855K(61824K) NonClass: 53284K(53824K)->53284K(53824K) Class: 7571K(8000K)->7571K(8000K)
[75.365s][info][gc             ] GC(621) Pause Young (Allocation Failure) 271M->141M(494M) 44.135ms
[75.365s][info][gc,cpu         ] GC(621) User=0.03s Sys=0.00s Real=0.03s
[75.422s][info][gc,start       ] GC(622) Pause Young (Allocation Failure)
[75.449s][info][gc,heap        ] GC(622) DefNew: 151150K(157248K)->6779K(157248K) Eden: 139776K(139776K)->0K(139776K) From: 11374K(17472K)->6779K(17472K)
[75.449s][info][gc,heap        ] GC(622) Tenured: 133016K(349568K)->138702K(349568K)
[75.449s][info][gc,metaspace   ] GC(622) Metaspace: 60855K(61824K)->60855K(61824K) NonClass: 53284K(53824K)->53284K(53824K) Class: 7571K(8000K)->7571K(8000K)
[75.450s][info][gc             ] GC(622) Pause Young (Allocation Failure) 277M->142M(494M) 27.658ms
[75.450s][info][gc,cpu         ] GC(622) User=0.03s Sys=0.00s Real=0.03s
[75.507s][info][gc,start       ] GC(623) Pause Young (Allocation Failure)
[75.523s][info][gc,heap        ] GC(623) DefNew: 146555K(157248K)->6779K(157248K) Eden: 139776K(139776K)->0K(139776K) From: 6779K(17472K)->6779K(17472K)
[75.523s][info][gc,heap        ] GC(623) Tenured: 138702K(349568K)->138702K(349568K)
[75.523s][info][gc,metaspace   ] GC(623) Metaspace: 60855K(61824K)->60855K(61824K) NonClass: 53284K(53824K)->53284K(53824K) Class: 7571K(8000K)->7571K(8000K)
[75.523s][info][gc             ] GC(623) Pause Young (Allocation Failure) 278M->142M(494M) 16.052ms
[75.523s][info][gc,cpu         ] GC(623) User=0.02s Sys=0.00s Real=0.02s
[75.577s][info][gc,start       ] GC(624) Pause Young (Allocation Failure)
[75.592s][info][gc,heap        ] GC(624) DefNew: 146555K(157248K)->6778K(157248K) Eden: 139776K(139776K)->0K(139776K) From: 6779K(17472K)->6778K(17472K)
[75.592s][info][gc,heap        ] GC(624) Tenured: 138702K(349568K)->138702K(349568K)
[75.592s][info][gc,metaspace   ] GC(624) Metaspace: 60855K(61824K)->60855K(61824K) NonClass: 53284K(53824K)->53284K(53824K) Class: 7571K(8000K)->7571K(8000K)
[75.592s][info][gc             ] GC(624) Pause Young (Allocation Failure) 278M->142M(494M) 15.420ms
[75.592s][info][gc,cpu         ] GC(624) User=0.02s Sys=0.00s Real=0.02s
[75.647s][info][gc,start       ] GC(625) Pause Young (Allocation Failure)
[75.662s][info][gc,heap        ] GC(625) DefNew: 146554K(157248K)->6778K(157248K) Eden: 139776K(139776K)->0K(139776K) From: 6778K(17472K)->6778K(17472K)
[75.662s][info][gc,heap        ] GC(625) Tenured: 138702K(349568K)->138702K(349568K)
[75.662s][info][gc,metaspace   ] GC(625) Metaspace: 60855K(61824K)->60855K(61824K) NonClass: 53284K(53824K)->53284K(53824K) Class: 7571K(8000K)->7571K(8000K)
[75.662s][info][gc             ] GC(625) Pause Young (Allocation Failure) 278M->142M(494M) 15.553ms
[75.662s][info][gc,cpu         ] GC(625) User=0.02s Sys=0.00s Real=0.02s
[75.718s][info][gc,start       ] GC(626) Pause Young (Allocation Failure)
[75.735s][info][gc,heap        ] GC(626) DefNew: 146554K(157248K)->6779K(157248K) Eden: 139776K(139776K)->0K(139776K) From: 6778K(17472K)->6779K(17472K)
[75.735s][info][gc,heap        ] GC(626) Tenured: 138702K(349568K)->138702K(349568K)
[75.735s][info][gc,metaspace   ] GC(626) Metaspace: 60855K(61824K)->60855K(61824K) NonClass: 53284K(53824K)->53284K(53824K) Class: 7571K(8000K)->7571K(8000K)
[75.735s][info][gc             ] GC(626) Pause Young (Allocation Failure) 278M->142M(494M) 16.343ms
[75.735s][info][gc,cpu         ] GC(626) User=0.02s Sys=0.00s Real=0.02s
[75.784s][info][gc,start       ] GC(627) Pause Young (Allocation Failure)
[75.801s][info][gc,heap        ] GC(627) DefNew: 146555K(157248K)->6778K(157248K) Eden: 139776K(139776K)->0K(139776K) From: 6779K(17472K)->6778K(17472K)
[75.801s][info][gc,heap        ] GC(627) Tenured: 138702K(349568K)->138702K(349568K)
[75.801s][info][gc,metaspace   ] GC(627) Metaspace: 60855K(61824K)->60855K(61824K) NonClass: 53284K(53824K)->53284K(53824K) Class: 7571K(8000K)->7571K(8000K)
[75.801s][info][gc             ] GC(627) Pause Young (Allocation Failure) 278M->142M(494M) 16.784ms
[75.801s][info][gc,cpu         ] GC(627) User=0.02s Sys=0.00s Real=0.01s
[75.890s][info][gc,start       ] GC(628) Pause Young (Allocation Failure)
[75.907s][info][gc,heap        ] GC(628) DefNew: 146554K(157248K)->6790K(157248K) Eden: 139776K(139776K)->0K(139776K) From: 6778K(17472K)->6790K(17472K)
[75.907s][info][gc,heap        ] GC(628) Tenured: 138702K(349568K)->138702K(349568K)
[75.907s][info][gc,metaspace   ] GC(628) Metaspace: 60859K(61824K)->60859K(61824K) NonClass: 53287K(53824K)->53287K(53824K) Class: 7571K(8000K)->7571K(8000K)
[75.907s][info][gc             ] GC(628) Pause Young (Allocation Failure) 278M->142M(494M) 16.966ms
[75.907s][info][gc,cpu         ] GC(628) User=0.02s Sys=0.00s Real=0.01s
[75.996s][info][gc,start       ] GC(629) Pause Young (Allocation Failure)
[76.013s][info][gc,heap        ] GC(629) DefNew: 146566K(157248K)->6790K(157248K) Eden: 139776K(139776K)->0K(139776K) From: 6790K(17472K)->6790K(17472K)
[76.013s][info][gc,heap        ] GC(629) Tenured: 138702K(349568K)->138702K(349568K)
[76.013s][info][gc,metaspace   ] GC(629) Metaspace: 60859K(61824K)->60859K(61824K) NonClass: 53287K(53824K)->53287K(53824K) Class: 7571K(8000K)->7571K(8000K)
[76.013s][info][gc             ] GC(629) Pause Young (Allocation Failure) 278M->142M(494M) 17.322ms
[76.013s][info][gc,cpu         ] GC(629) User=0.02s Sys=0.00s Real=0.02s
[76.099s][info][gc,start       ] GC(630) Pause Young (Allocation Failure)
[76.115s][info][gc,heap        ] GC(630) DefNew: 146566K(157248K)->6790K(157248K) Eden: 139776K(139776K)->0K(139776K) From: 6790K(17472K)->6790K(17472K)
[76.115s][info][gc,heap        ] GC(630) Tenured: 138702K(349568K)->138702K(349568K)
[76.115s][info][gc,metaspace   ] GC(630) Metaspace: 60859K(61824K)->60859K(61824K) NonClass: 53287K(53824K)->53287K(53824K) Class: 7571K(8000K)->7571K(8000K)
[76.115s][info][gc             ] GC(630) Pause Young (Allocation Failure) 278M->142M(494M) 15.598ms
[76.115s][info][gc,cpu         ] GC(630) User=0.02s Sys=0.00s Real=0.02s
[76.203s][info][gc,start       ] GC(631) Pause Young (Allocation Failure)
[76.221s][info][gc,heap        ] GC(631) DefNew: 146566K(157248K)->6790K(157248K) Eden: 139776K(139776K)->0K(139776K) From: 6790K(17472K)->6790K(17472K)
[76.221s][info][gc,heap        ] GC(631) Tenured: 138702K(349568K)->138702K(349568K)
[76.221s][info][gc,metaspace   ] GC(631) Metaspace: 60859K(61824K)->60859K(61824K) NonClass: 53287K(53824K)->53287K(53824K) Class: 7571K(8000K)->7571K(8000K)
[76.221s][info][gc             ] GC(631) Pause Young (Allocation Failure) 278M->142M(494M) 18.221ms
[76.221s][info][gc,cpu         ] GC(631) User=0.02s Sys=0.00s Real=0.02s
[76.309s][info][gc,start       ] GC(632) Pause Young (Allocation Failure)
[76.325s][info][gc,heap        ] GC(632) DefNew: 146566K(157248K)->6790K(157248K) Eden: 139776K(139776K)->0K(139776K) From: 6790K(17472K)->6790K(17472K)
[76.325s][info][gc,heap        ] GC(632) Tenured: 138702K(349568K)->138702K(349568K)
[76.325s][info][gc,metaspace   ] GC(632) Metaspace: 60859K(61824K)->60859K(61824K) NonClass: 53287K(53824K)->53287K(53824K) Class: 7571K(8000K)->7571K(8000K)
[76.325s][info][gc             ] GC(632) Pause Young (Allocation Failure) 278M->142M(494M) 15.945ms
[76.325s][info][gc,cpu         ] GC(632) User=0.02s Sys=0.00s Real=0.02s
[76.413s][info][gc,start       ] GC(633) Pause Young (Allocation Failure)
[76.430s][info][gc,heap        ] GC(633) DefNew: 146566K(157248K)->6790K(157248K) Eden: 139776K(139776K)->0K(139776K) From: 6790K(17472K)->6790K(17472K)
[76.431s][info][gc,heap        ] GC(633) Tenured: 138702K(349568K)->138702K(349568K)
[76.431s][info][gc,metaspace   ] GC(633) Metaspace: 60859K(61824K)->60859K(61824K) NonClass: 53287K(53824K)->53287K(53824K) Class: 7571K(8000K)->7571K(8000K)
[76.431s][info][gc             ] GC(633) Pause Young (Allocation Failure) 278M->142M(494M) 17.420ms
[76.431s][info][gc,cpu         ] GC(633) User=0.02s Sys=0.00s Real=0.02s
[76.552s][info][gc,start       ] GC(634) Pause Young (Allocation Failure)
[76.567s][info][gc,heap        ] GC(634) DefNew: 146566K(157248K)->6790K(157248K) Eden: 139776K(139776K)->0K(139776K) From: 6790K(17472K)->6790K(17472K)
[76.568s][info][gc,heap        ] GC(634) Tenured: 138702K(349568K)->138702K(349568K)
[76.568s][info][gc,metaspace   ] GC(634) Metaspace: 60859K(61824K)->60859K(61824K) NonClass: 53287K(53824K)->53287K(53824K) Class: 7571K(8000K)->7571K(8000K)
[76.568s][info][gc             ] GC(634) Pause Young (Allocation Failure) 278M->142M(494M) 15.891ms
[76.568s][info][gc,cpu         ] GC(634) User=0.02s Sys=0.00s Real=0.02s
[76.600s][info][gc,start       ] GC(635) Pause Full (System.gc())
[76.600s][info][gc,phases,start] GC(635) Phase 1: Mark live objects
[76.677s][info][gc,phases      ] GC(635) Phase 1: Mark live objects 76.934ms
[76.677s][info][gc,phases,start] GC(635) Phase 2: Compute new object addresses
[76.722s][info][gc,phases      ] GC(635) Phase 2: Compute new object addresses 44.361ms
[76.722s][info][gc,phases,start] GC(635) Phase 3: Adjust pointers
[76.764s][info][gc,phases      ] GC(635) Phase 3: Adjust pointers 42.266ms
[76.764s][info][gc,phases,start] GC(635) Phase 4: Move objects
[76.764s][info][gc,phases      ] GC(635) Phase 4: Move objects 0.028ms
[76.765s][info][gc,heap        ] GC(635) DefNew: 18046K(157248K)->0K(157248K) Eden: 11255K(139776K)->0K(139776K) From: 6790K(17472K)->0K(17472K)
[76.765s][info][gc,heap        ] GC(635) Tenured: 138702K(349568K)->103235K(349568K)
[76.765s][info][gc,metaspace   ] GC(635) Metaspace: 60863K(61824K)->60863K(61824K) NonClass: 53292K(53824K)->53292K(53824K) Class: 7571K(8000K)->7571K(8000K)
[76.765s][info][gc             ] GC(635) Pause Full (System.gc()) 153M->100M(494M) 164.514ms
[76.765s][info][gc,cpu         ] GC(635) User=0.16s Sys=0.00s Real=0.16s
[76.883s][info][gc,start       ] GC(636) Pause Young (Allocation Failure)
[76.898s][info][gc,heap        ] GC(636) DefNew: 139776K(157248K)->2860K(157248K) Eden: 139776K(139776K)->0K(139776K) From: 0K(17472K)->2860K(17472K)
[76.898s][info][gc,heap        ] GC(636) Tenured: 103235K(349568K)->103235K(349568K)
[76.898s][info][gc,metaspace   ] GC(636) Metaspace: 60890K(61824K)->60890K(61824K) NonClass: 53318K(53824K)->53318K(53824K) Class: 7571K(8000K)->7571K(8000K)
[76.898s][info][gc             ] GC(636) Pause Young (Allocation Failure) 237M->103M(494M) 14.279ms
[76.898s][info][gc,cpu         ] GC(636) User=0.02s Sys=0.00s Real=0.02s
[76.945s][info][gc,start       ] GC(637) Pause Young (Allocation Failure)
[76.974s][info][gc,heap        ] GC(637) DefNew: 142636K(157248K)->8039K(157248K) Eden: 139776K(139776K)->0K(139776K) From: 2860K(17472K)->8039K(17472K)
[76.974s][info][gc,heap        ] GC(637) Tenured: 103235K(349568K)->103235K(349568K)
[76.974s][info][gc,metaspace   ] GC(637) Metaspace: 60890K(61824K)->60890K(61824K) NonClass: 53318K(53824K)->53318K(53824K) Class: 7571K(8000K)->7571K(8000K)
[76.974s][info][gc             ] GC(637) Pause Young (Allocation Failure) 240M->108M(494M) 28.237ms
[76.974s][info][gc,cpu         ] GC(637) User=0.03s Sys=0.00s Real=0.03s
[77.025s][info][gc,start       ] GC(638) Pause Young (Allocation Failure)
[77.056s][info][gc,heap        ] GC(638) DefNew: 147815K(157248K)->13858K(157248K) Eden: 139776K(139776K)->0K(139776K) From: 8039K(17472K)->13858K(17472K)
[77.056s][info][gc,heap        ] GC(638) Tenured: 103235K(349568K)->103235K(349568K)
[77.056s][info][gc,metaspace   ] GC(638) Metaspace: 60890K(61824K)->60890K(61824K) NonClass: 53318K(53824K)->53318K(53824K) Class: 7571K(8000K)->7571K(8000K)
[77.056s][info][gc             ] GC(638) Pause Young (Allocation Failure) 245M->114M(494M) 31.385ms
[77.056s][info][gc,cpu         ] GC(638) User=0.03s Sys=0.00s Real=0.03s
[77.113s][info][gc,start       ] GC(639) Pause Young (Allocation Failure)
[77.152s][info][gc,heap        ] GC(639) DefNew: 153634K(157248K)->11586K(157248K) Eden: 139776K(139776K)->0K(139776K) From: 13858K(17472K)->11586K(17472K)
[77.152s][info][gc,heap        ] GC(639) Tenured: 103235K(349568K)->110763K(349568K)
[77.152s][info][gc,metaspace   ] GC(639) Metaspace: 60890K(61824K)->60890K(61824K) NonClass: 53318K(53824K)->53318K(53824K) Class: 7571K(8000K)->7571K(8000K)
[77.152s][info][gc             ] GC(639) Pause Young (Allocation Failure) 250M->119M(494M) 39.204ms
[77.152s][info][gc,cpu         ] GC(639) User=0.05s Sys=0.00s Real=0.05s
[77.206s][info][gc,start       ] GC(640) Pause Young (Allocation Failure)
[77.247s][info][gc,heap        ] GC(640) DefNew: 151362K(157248K)->10973K(157248K) Eden: 139776K(139776K)->0K(139776K) From: 11586K(17472K)->10973K(17472K)
[77.247s][info][gc,heap        ] GC(640) Tenured: 110763K(349568K)->117093K(349568K)
[77.247s][info][gc,metaspace   ] GC(640) Metaspace: 60890K(61824K)->60890K(61824K) NonClass: 53318K(53824K)->53318K(53824K) Class: 7571K(8000K)->7571K(8000K)
[77.247s][info][gc             ] GC(640) Pause Young (Allocation Failure) 255M->125M(494M) 41.170ms
[77.247s][info][gc,cpu         ] GC(640) User=0.05s Sys=0.00s Real=0.05s
[77.305s][info][gc,start       ] GC(641) Pause Young (Allocation Failure)
[77.344s][info][gc,heap        ] GC(641) DefNew: 150749K(157248K)->13011K(157248K) Eden: 139776K(139776K)->0K(139776K) From: 10973K(17472K)->13011K(17472K)
[77.344s][info][gc,heap        ] GC(641) Tenured: 117093K(349568K)->122348K(349568K)
[77.344s][info][gc,metaspace   ] GC(641) Metaspace: 60890K(61824K)->60890K(61824K) NonClass: 53318K(53824K)->53318K(53824K) Class: 7571K(8000K)->7571K(8000K)
[77.344s][info][gc             ] GC(641) Pause Young (Allocation Failure) 261M->132M(494M) 38.829ms
[77.344s][info][gc,cpu         ] GC(641) User=0.05s Sys=0.00s Real=0.05s
[77.398s][info][gc,start       ] GC(642) Pause Young (Allocation Failure)
[77.440s][info][gc,heap        ] GC(642) DefNew: 152787K(157248K)->13003K(157248K) Eden: 139776K(139776K)->0K(139776K) From: 13011K(17472K)->13003K(17472K)
[77.440s][info][gc,heap        ] GC(642) Tenured: 122348K(349568K)->128066K(349568K)
[77.440s][info][gc,metaspace   ] GC(642) Metaspace: 60890K(61824K)->60890K(61824K) NonClass: 53318K(53824K)->53318K(53824K) Class: 7571K(8000K)->7571K(8000K)
[77.440s][info][gc             ] GC(642) Pause Young (Allocation Failure) 268M->137M(494M) 42.421ms
[77.440s][info][gc,cpu         ] GC(642) User=0.05s Sys=0.00s Real=0.05s
[77.497s][info][gc,start       ] GC(643) Pause Young (Allocation Failure)
[77.539s][info][gc,heap        ] GC(643) DefNew: 152779K(157248K)->11436K(157248K) Eden: 139776K(139776K)->0K(139776K) From: 13003K(17472K)->11436K(17472K)
[77.539s][info][gc,heap        ] GC(643) Tenured: 128066K(349568K)->135359K(349568K)
[77.539s][info][gc,metaspace   ] GC(643) Metaspace: 60890K(61824K)->60890K(61824K) NonClass: 53318K(53824K)->53318K(53824K) Class: 7571K(8000K)->7571K(8000K)
[77.539s][info][gc             ] GC(643) Pause Young (Allocation Failure) 274M->143M(494M) 41.975ms
[77.539s][info][gc,cpu         ] GC(643) User=0.03s Sys=0.00s Real=0.03s
[77.601s][info][gc,start       ] GC(644) Pause Young (Allocation Failure)
[77.627s][info][gc,heap        ] GC(644) DefNew: 151212K(157248K)->5868K(157248K) Eden: 139776K(139776K)->0K(139776K) From: 11436K(17472K)->5868K(17472K)
[77.627s][info][gc,heap        ] GC(644) Tenured: 135359K(349568K)->141069K(349568K)
[77.627s][info][gc,metaspace   ] GC(644) Metaspace: 60891K(61824K)->60891K(61824K) NonClass: 53320K(53824K)->53320K(53824K) Class: 7571K(8000K)->7571K(8000K)
[77.627s][info][gc             ] GC(644) Pause Young (Allocation Failure) 279M->143M(494M) 25.860ms
[77.627s][info][gc,cpu         ] GC(644) User=0.03s Sys=0.00s Real=0.03s
[77.680s][info][gc,start       ] GC(645) Pause Young (Allocation Failure)
[77.695s][info][gc,heap        ] GC(645) DefNew: 145644K(157248K)->5868K(157248K) Eden: 139776K(139776K)->0K(139776K) From: 5868K(17472K)->5868K(17472K)
[77.695s][info][gc,heap        ] GC(645) Tenured: 141069K(349568K)->141069K(349568K)
[77.695s][info][gc,metaspace   ] GC(645) Metaspace: 60891K(61824K)->60891K(61824K) NonClass: 53320K(53824K)->53320K(53824K) Class: 7571K(8000K)->7571K(8000K)
[77.695s][info][gc             ] GC(645) Pause Young (Allocation Failure) 279M->143M(494M) 15.569ms
[77.696s][info][gc,cpu         ] GC(645) User=0.02s Sys=0.00s Real=0.01s
[77.745s][info][gc,start       ] GC(646) Pause Young (Allocation Failure)
[77.760s][info][gc,heap        ] GC(646) DefNew: 145644K(157248K)->5868K(157248K) Eden: 139776K(139776K)->0K(139776K) From: 5868K(17472K)->5868K(17472K)
[77.760s][info][gc,heap        ] GC(646) Tenured: 141069K(349568K)->141069K(349568K)
[77.760s][info][gc,metaspace   ] GC(646) Metaspace: 60891K(61824K)->60891K(61824K) NonClass: 53320K(53824K)->53320K(53824K) Class: 7571K(8000K)->7571K(8000K)
[77.760s][info][gc             ] GC(646) Pause Young (Allocation Failure) 279M->143M(494M) 15.428ms
[77.760s][info][gc,cpu         ] GC(646) User=0.02s Sys=0.00s Real=0.02s
[77.807s][info][gc,start       ] GC(647) Pause Young (Allocation Failure)
[77.821s][info][gc,heap        ] GC(647) DefNew: 145644K(157248K)->5868K(157248K) Eden: 139776K(139776K)->0K(139776K) From: 5868K(17472K)->5868K(17472K)
[77.821s][info][gc,heap        ] GC(647) Tenured: 141069K(349568K)->141069K(349568K)
[77.822s][info][gc,metaspace   ] GC(647) Metaspace: 60891K(61824K)->60891K(61824K) NonClass: 53320K(53824K)->53320K(53824K) Class: 7571K(8000K)->7571K(8000K)
[77.822s][info][gc             ] GC(647) Pause Young (Allocation Failure) 279M->143M(494M) 14.405ms
[77.822s][info][gc,cpu         ] GC(647) User=0.02s Sys=0.00s Real=0.01s
[77.874s][info][gc,start       ] GC(648) Pause Young (Allocation Failure)
[77.898s][info][gc,heap        ] GC(648) DefNew: 145644K(157248K)->5868K(157248K) Eden: 139776K(139776K)->0K(139776K) From: 5868K(17472K)->5868K(17472K)
[77.898s][info][gc,heap        ] GC(648) Tenured: 141069K(349568K)->141069K(349568K)
[77.898s][info][gc,metaspace   ] GC(648) Metaspace: 60891K(61824K)->60891K(61824K) NonClass: 53320K(53824K)->53320K(53824K) Class: 7571K(8000K)->7571K(8000K)
[77.898s][info][gc             ] GC(648) Pause Young (Allocation Failure) 279M->143M(494M) 24.332ms
[77.898s][info][gc,cpu         ] GC(648) User=0.02s Sys=0.00s Real=0.03s
[77.951s][info][gc,start       ] GC(649) Pause Young (Allocation Failure)
[77.967s][info][gc,heap        ] GC(649) DefNew: 145644K(157248K)->5868K(157248K) Eden: 139776K(139776K)->0K(139776K) From: 5868K(17472K)->5868K(17472K)
[77.967s][info][gc,heap        ] GC(649) Tenured: 141069K(349568K)->141069K(349568K)
[77.967s][info][gc,metaspace   ] GC(649) Metaspace: 60891K(61824K)->60891K(61824K) NonClass: 53320K(53824K)->53320K(53824K) Class: 7571K(8000K)->7571K(8000K)
[77.967s][info][gc             ] GC(649) Pause Young (Allocation Failure) 279M->143M(494M) 16.053ms
[77.968s][info][gc,cpu         ] GC(649) User=0.02s Sys=0.00s Real=0.02s
[78.049s][info][gc,start       ] GC(650) Pause Young (Allocation Failure)
[78.063s][info][gc,heap        ] GC(650) DefNew: 145644K(157248K)->5879K(157248K) Eden: 139776K(139776K)->0K(139776K) From: 5868K(17472K)->5879K(17472K)
[78.063s][info][gc,heap        ] GC(650) Tenured: 141069K(349568K)->141069K(349568K)
[78.063s][info][gc,metaspace   ] GC(650) Metaspace: 60891K(61824K)->60891K(61824K) NonClass: 53320K(53824K)->53320K(53824K) Class: 7571K(8000K)->7571K(8000K)
[78.064s][info][gc             ] GC(650) Pause Young (Allocation Failure) 279M->143M(494M) 14.676ms
[78.064s][info][gc,cpu         ] GC(650) User=0.00s Sys=0.02s Real=0.00s
[78.152s][info][gc,start       ] GC(651) Pause Young (Allocation Failure)
[78.167s][info][gc,heap        ] GC(651) DefNew: 145655K(157248K)->5879K(157248K) Eden: 139776K(139776K)->0K(139776K) From: 5879K(17472K)->5879K(17472K)
[78.167s][info][gc,heap        ] GC(651) Tenured: 141069K(349568K)->141069K(349568K)
[78.167s][info][gc,metaspace   ] GC(651) Metaspace: 60891K(61824K)->60891K(61824K) NonClass: 53320K(53824K)->53320K(53824K) Class: 7571K(8000K)->7571K(8000K)
[78.168s][info][gc             ] GC(651) Pause Young (Allocation Failure) 280M->143M(494M) 15.585ms
[78.168s][info][gc,cpu         ] GC(651) User=0.02s Sys=0.00s Real=0.02s
[78.255s][info][gc,start       ] GC(652) Pause Young (Allocation Failure)
[78.271s][info][gc,heap        ] GC(652) DefNew: 145655K(157248K)->5879K(157248K) Eden: 139776K(139776K)->0K(139776K) From: 5879K(17472K)->5879K(17472K)
[78.271s][info][gc,heap        ] GC(652) Tenured: 141069K(349568K)->141069K(349568K)
[78.271s][info][gc,metaspace   ] GC(652) Metaspace: 60891K(61824K)->60891K(61824K) NonClass: 53320K(53824K)->53320K(53824K) Class: 7571K(8000K)->7571K(8000K)
[78.271s][info][gc             ] GC(652) Pause Young (Allocation Failure) 280M->143M(494M) 16.050ms
[78.271s][info][gc,cpu         ] GC(652) User=0.02s Sys=0.00s Real=0.02s
[78.356s][info][gc,start       ] GC(653) Pause Young (Allocation Failure)
[78.372s][info][gc,heap        ] GC(653) DefNew: 145655K(157248K)->5879K(157248K) Eden: 139776K(139776K)->0K(139776K) From: 5879K(17472K)->5879K(17472K)
[78.372s][info][gc,heap        ] GC(653) Tenured: 141069K(349568K)->141069K(349568K)
[78.372s][info][gc,metaspace   ] GC(653) Metaspace: 60891K(61824K)->60891K(61824K) NonClass: 53320K(53824K)->53320K(53824K) Class: 7571K(8000K)->7571K(8000K)
[78.372s][info][gc             ] GC(653) Pause Young (Allocation Failure) 280M->143M(494M) 15.874ms
[78.372s][info][gc,cpu         ] GC(653) User=0.02s Sys=0.00s Real=0.02s
[78.456s][info][gc,start       ] GC(654) Pause Young (Allocation Failure)
[78.472s][info][gc,heap        ] GC(654) DefNew: 145655K(157248K)->5879K(157248K) Eden: 139776K(139776K)->0K(139776K) From: 5879K(17472K)->5879K(17472K)
[78.472s][info][gc,heap        ] GC(654) Tenured: 141069K(349568K)->141069K(349568K)
[78.472s][info][gc,metaspace   ] GC(654) Metaspace: 60891K(61824K)->60891K(61824K) NonClass: 53320K(53824K)->53320K(53824K) Class: 7571K(8000K)->7571K(8000K)
[78.472s][info][gc             ] GC(654) Pause Young (Allocation Failure) 280M->143M(494M) 15.853ms
[78.472s][info][gc,cpu         ] GC(654) User=0.02s Sys=0.00s Real=0.02s
[78.556s][info][gc,start       ] GC(655) Pause Young (Allocation Failure)
[78.572s][info][gc,heap        ] GC(655) DefNew: 145655K(157248K)->5879K(157248K) Eden: 139776K(139776K)->0K(139776K) From: 5879K(17472K)->5879K(17472K)
[78.572s][info][gc,heap        ] GC(655) Tenured: 141069K(349568K)->141069K(349568K)
[78.572s][info][gc,metaspace   ] GC(655) Metaspace: 60891K(61824K)->60891K(61824K) NonClass: 53320K(53824K)->53320K(53824K) Class: 7571K(8000K)->7571K(8000K)
[78.572s][info][gc             ] GC(655) Pause Young (Allocation Failure) 280M->143M(494M) 15.770ms
[78.572s][info][gc,cpu         ] GC(655) User=0.02s Sys=0.00s Real=0.01s
[78.674s][info][gc,start       ] GC(656) Pause Young (Allocation Failure)
[78.690s][info][gc,heap        ] GC(656) DefNew: 145655K(157248K)->5880K(157248K) Eden: 139776K(139776K)->0K(139776K) From: 5879K(17472K)->5880K(17472K)
[78.690s][info][gc,heap        ] GC(656) Tenured: 141069K(349568K)->141069K(349568K)
[78.690s][info][gc,metaspace   ] GC(656) Metaspace: 60891K(61824K)->60891K(61824K) NonClass: 53320K(53824K)->53320K(53824K) Class: 7571K(8000K)->7571K(8000K)
[78.691s][info][gc             ] GC(656) Pause Young (Allocation Failure) 280M->143M(494M) 16.478ms
[78.691s][info][gc,cpu         ] GC(656) User=0.02s Sys=0.00s Real=0.02s
[78.729s][info][gc,start       ] GC(657) Pause Full (System.gc())
[78.729s][info][gc,phases,start] GC(657) Phase 1: Mark live objects
[78.808s][info][gc,phases      ] GC(657) Phase 1: Mark live objects 78.891ms
[78.808s][info][gc,phases,start] GC(657) Phase 2: Compute new object addresses
[78.852s][info][gc,phases      ] GC(657) Phase 2: Compute new object addresses 44.327ms
[78.852s][info][gc,phases,start] GC(657) Phase 3: Adjust pointers
[78.895s][info][gc,phases      ] GC(657) Phase 3: Adjust pointers 42.989ms
[78.895s][info][gc,phases,start] GC(657) Phase 4: Move objects
[78.896s][info][gc,phases      ] GC(657) Phase 4: Move objects 0.415ms
[78.896s][info][gc,heap        ] GC(657) DefNew: 17220K(157248K)->0K(157248K) Eden: 11340K(139776K)->0K(139776K) From: 5880K(17472K)->0K(17472K)
[78.896s][info][gc,heap        ] GC(657) Tenured: 141069K(349568K)->102064K(349568K)
[78.896s][info][gc,metaspace   ] GC(657) Metaspace: 60905K(61824K)->60905K(61824K) NonClass: 53333K(53824K)->53333K(53824K) Class: 7571K(8000K)->7571K(8000K)
[78.896s][info][gc             ] GC(657) Pause Full (System.gc()) 154M->99M(494M) 167.540ms
[78.896s][info][gc,cpu         ] GC(657) User=0.17s Sys=0.00s Real=0.16s
[79.017s][info][gc,start       ] GC(658) Pause Young (Allocation Failure)
[79.032s][info][gc,heap        ] GC(658) DefNew: 139776K(157248K)->2907K(157248K) Eden: 139776K(139776K)->0K(139776K) From: 0K(17472K)->2907K(17472K)
[79.032s][info][gc,heap        ] GC(658) Tenured: 102064K(349568K)->102064K(349568K)
[79.032s][info][gc,metaspace   ] GC(658) Metaspace: 60919K(61824K)->60919K(61824K) NonClass: 53347K(53824K)->53347K(53824K) Class: 7571K(8000K)->7571K(8000K)
[79.032s][info][gc             ] GC(658) Pause Young (Allocation Failure) 236M->102M(494M) 15.088ms
[79.032s][info][gc,cpu         ] GC(658) User=0.02s Sys=0.00s Real=0.01s
[79.084s][info][gc,start       ] GC(659) Pause Young (Allocation Failure)
[79.105s][info][gc,heap        ] GC(659) DefNew: 142683K(157248K)->8539K(157248K) Eden: 139776K(139776K)->0K(139776K) From: 2907K(17472K)->8539K(17472K)
[79.105s][info][gc,heap        ] GC(659) Tenured: 102064K(349568K)->102064K(349568K)
[79.105s][info][gc,metaspace   ] GC(659) Metaspace: 60919K(61824K)->60919K(61824K) NonClass: 53347K(53824K)->53347K(53824K) Class: 7571K(8000K)->7571K(8000K)
[79.105s][info][gc             ] GC(659) Pause Young (Allocation Failure) 239M->108M(494M) 21.504ms
[79.105s][info][gc,cpu         ] GC(659) User=0.02s Sys=0.00s Real=0.02s
[79.158s][info][gc,start       ] GC(660) Pause Young (Allocation Failure)
[79.196s][info][gc,heap        ] GC(660) DefNew: 148315K(157248K)->14875K(157248K) Eden: 139776K(139776K)->0K(139776K) From: 8539K(17472K)->14875K(17472K)
[79.196s][info][gc,heap        ] GC(660) Tenured: 102064K(349568K)->102064K(349568K)
[79.196s][info][gc,metaspace   ] GC(660) Metaspace: 60919K(61824K)->60919K(61824K) NonClass: 53347K(53824K)->53347K(53824K) Class: 7571K(8000K)->7571K(8000K)
[79.196s][info][gc             ] GC(660) Pause Young (Allocation Failure) 244M->114M(494M) 37.978ms
[79.196s][info][gc,cpu         ] GC(660) User=0.03s Sys=0.00s Real=0.03s
[79.253s][info][gc,start       ] GC(661) Pause Young (Allocation Failure)
[79.306s][info][gc,heap        ] GC(661) DefNew: 154651K(157248K)->12503K(157248K) Eden: 139776K(139776K)->0K(139776K) From: 14875K(17472K)->12503K(17472K)
[79.306s][info][gc,heap        ] GC(661) Tenured: 102064K(349568K)->110090K(349568K)
[79.306s][info][gc,metaspace   ] GC(661) Metaspace: 60919K(61824K)->60919K(61824K) NonClass: 53347K(53824K)->53347K(53824K) Class: 7571K(8000K)->7571K(8000K)
[79.306s][info][gc             ] GC(661) Pause Young (Allocation Failure) 250M->119M(494M) 53.632ms
[79.306s][info][gc,cpu         ] GC(661) User=0.03s Sys=0.00s Real=0.05s
[79.363s][info][gc,start       ] GC(662) Pause Young (Allocation Failure)
[79.402s][info][gc,heap        ] GC(662) DefNew: 152279K(157248K)->13181K(157248K) Eden: 139776K(139776K)->0K(139776K) From: 12503K(17472K)->13181K(17472K)
[79.402s][info][gc,heap        ] GC(662) Tenured: 110090K(349568K)->115915K(349568K)
[79.402s][info][gc,metaspace   ] GC(662) Metaspace: 60919K(61824K)->60919K(61824K) NonClass: 53347K(53824K)->53347K(53824K) Class: 7571K(8000K)->7571K(8000K)
[79.402s][info][gc             ] GC(662) Pause Young (Allocation Failure) 256M->126M(494M) 39.322ms
[79.402s][info][gc,cpu         ] GC(662) User=0.03s Sys=0.00s Real=0.03s
[79.457s][info][gc,start       ] GC(663) Pause Young (Allocation Failure)
[79.498s][info][gc,heap        ] GC(663) DefNew: 152957K(157248K)->12900K(157248K) Eden: 139776K(139776K)->0K(139776K) From: 13181K(17472K)->12900K(17472K)
[79.498s][info][gc,heap        ] GC(663) Tenured: 115915K(349568K)->121570K(349568K)
[79.498s][info][gc,metaspace   ] GC(663) Metaspace: 60919K(61824K)->60919K(61824K) NonClass: 53347K(53824K)->53347K(53824K) Class: 7571K(8000K)->7571K(8000K)
[79.498s][info][gc             ] GC(663) Pause Young (Allocation Failure) 262M->131M(494M) 41.066ms
[79.498s][info][gc,cpu         ] GC(663) User=0.03s Sys=0.00s Real=0.04s
[79.555s][info][gc,start       ] GC(664) Pause Young (Allocation Failure)
[79.597s][info][gc,heap        ] GC(664) DefNew: 152676K(157248K)->11093K(157248K) Eden: 139776K(139776K)->0K(139776K) From: 12900K(17472K)->11093K(17472K)
[79.597s][info][gc,heap        ] GC(664) Tenured: 121570K(349568K)->129093K(349568K)
[79.597s][info][gc,metaspace   ] GC(664) Metaspace: 60919K(61824K)->60919K(61824K) NonClass: 53347K(53824K)->53347K(53824K) Class: 7571K(8000K)->7571K(8000K)
[79.597s][info][gc             ] GC(664) Pause Young (Allocation Failure) 267M->136M(494M) 41.379ms
[79.597s][info][gc,cpu         ] GC(664) User=0.03s Sys=0.00s Real=0.03s
[79.653s][info][gc,start       ] GC(665) Pause Young (Allocation Failure)
[79.690s][info][gc,heap        ] GC(665) DefNew: 150869K(157248K)->10274K(157248K) Eden: 139776K(139776K)->0K(139776K) From: 11093K(17472K)->10274K(17472K)
[79.690s][info][gc,heap        ] GC(665) Tenured: 129093K(349568K)->134469K(349568K)
[79.690s][info][gc,metaspace   ] GC(665) Metaspace: 60919K(61824K)->60919K(61824K) NonClass: 53347K(53824K)->53347K(53824K) Class: 7571K(8000K)->7571K(8000K)
[79.690s][info][gc             ] GC(665) Pause Young (Allocation Failure) 273M->141M(494M) 36.584ms
[79.690s][info][gc,cpu         ] GC(665) User=0.03s Sys=0.00s Real=0.03s
[79.756s][info][gc,start       ] GC(666) Pause Young (Allocation Failure)
[79.772s][info][gc,heap        ] GC(666) DefNew: 150050K(157248K)->4558K(157248K) Eden: 139776K(139776K)->0K(139776K) From: 10274K(17472K)->4558K(17472K)
[79.772s][info][gc,heap        ] GC(666) Tenured: 134469K(349568K)->140186K(349568K)
[79.772s][info][gc,metaspace   ] GC(666) Metaspace: 60919K(61824K)->60919K(61824K) NonClass: 53347K(53824K)->53347K(53824K) Class: 7571K(8000K)->7571K(8000K)
[79.772s][info][gc             ] GC(666) Pause Young (Allocation Failure) 277M->141M(494M) 16.306ms
[79.772s][info][gc,cpu         ] GC(666) User=0.02s Sys=0.00s Real=0.02s
[79.828s][info][gc,start       ] GC(667) Pause Young (Allocation Failure)
[79.840s][info][gc,heap        ] GC(667) DefNew: 144334K(157248K)->4558K(157248K) Eden: 139776K(139776K)->0K(139776K) From: 4558K(17472K)->4558K(17472K)
[79.840s][info][gc,heap        ] GC(667) Tenured: 140186K(349568K)->140186K(349568K)
[79.840s][info][gc,metaspace   ] GC(667) Metaspace: 60919K(61824K)->60919K(61824K) NonClass: 53347K(53824K)->53347K(53824K) Class: 7571K(8000K)->7571K(8000K)
[79.841s][info][gc             ] GC(667) Pause Young (Allocation Failure) 277M->141M(494M) 12.294ms
[79.841s][info][gc,cpu         ] GC(667) User=0.02s Sys=0.00s Real=0.02s
[79.894s][info][gc,start       ] GC(668) Pause Young (Allocation Failure)
[79.907s][info][gc,heap        ] GC(668) DefNew: 144334K(157248K)->4558K(157248K) Eden: 139776K(139776K)->0K(139776K) From: 4558K(17472K)->4558K(17472K)
[79.907s][info][gc,heap        ] GC(668) Tenured: 140186K(349568K)->140186K(349568K)
[79.907s][info][gc,metaspace   ] GC(668) Metaspace: 60919K(61824K)->60919K(61824K) NonClass: 53347K(53824K)->53347K(53824K) Class: 7571K(8000K)->7571K(8000K)
[79.907s][info][gc             ] GC(668) Pause Young (Allocation Failure) 277M->141M(494M) 13.227ms
[79.907s][info][gc,cpu         ] GC(668) User=0.02s Sys=0.00s Real=0.02s
[79.952s][info][gc,start       ] GC(669) Pause Young (Allocation Failure)
[79.965s][info][gc,heap        ] GC(669) DefNew: 144334K(157248K)->4558K(157248K) Eden: 139776K(139776K)->0K(139776K) From: 4558K(17472K)->4558K(17472K)
[79.965s][info][gc,heap        ] GC(669) Tenured: 140186K(349568K)->140186K(349568K)
[79.965s][info][gc,metaspace   ] GC(669) Metaspace: 60919K(61824K)->60919K(61824K) NonClass: 53347K(53824K)->53347K(53824K) Class: 7571K(8000K)->7571K(8000K)
[79.965s][info][gc             ] GC(669) Pause Young (Allocation Failure) 277M->141M(494M) 13.207ms
[79.965s][info][gc,cpu         ] GC(669) User=0.02s Sys=0.00s Real=0.02s
[80.014s][info][gc,start       ] GC(670) Pause Young (Allocation Failure)
[80.027s][info][gc,heap        ] GC(670) DefNew: 144334K(157248K)->4558K(157248K) Eden: 139776K(139776K)->0K(139776K) From: 4558K(17472K)->4558K(17472K)
[80.027s][info][gc,heap        ] GC(670) Tenured: 140186K(349568K)->140186K(349568K)
[80.027s][info][gc,metaspace   ] GC(670) Metaspace: 60919K(61824K)->60919K(61824K) NonClass: 53347K(53824K)->53347K(53824K) Class: 7571K(8000K)->7571K(8000K)
[80.027s][info][gc             ] GC(670) Pause Young (Allocation Failure) 277M->141M(494M) 13.041ms
[80.027s][info][gc,cpu         ] GC(670) User=0.02s Sys=0.00s Real=0.02s
[80.077s][info][gc,start       ] GC(671) Pause Young (Allocation Failure)
[80.083s][info][gc,heap        ] GC(671) DefNew: 144334K(157248K)->4558K(157248K) Eden: 139776K(139776K)->0K(139776K) From: 4558K(17472K)->4558K(17472K)
[80.083s][info][gc,heap        ] GC(671) Tenured: 140186K(349568K)->140186K(349568K)
[80.083s][info][gc,metaspace   ] GC(671) Metaspace: 60919K(61824K)->60919K(61824K) NonClass: 53347K(53824K)->53347K(53824K) Class: 7571K(8000K)->7571K(8000K)
[80.083s][info][gc             ] GC(671) Pause Young (Allocation Failure) 277M->141M(494M) 6.155ms
[80.083s][info][gc,cpu         ] GC(671) User=0.00s Sys=0.00s Real=0.01s
[80.162s][info][gc,start       ] GC(672) Pause Young (Allocation Failure)
[80.175s][info][gc,heap        ] GC(672) DefNew: 144334K(157248K)->4570K(157248K) Eden: 139776K(139776K)->0K(139776K) From: 4558K(17472K)->4570K(17472K)
[80.175s][info][gc,heap        ] GC(672) Tenured: 140186K(349568K)->140186K(349568K)
[80.175s][info][gc,metaspace   ] GC(672) Metaspace: 60919K(61824K)->60919K(61824K) NonClass: 53348K(53824K)->53348K(53824K) Class: 7571K(8000K)->7571K(8000K)
[80.176s][info][gc             ] GC(672) Pause Young (Allocation Failure) 277M->141M(494M) 13.569ms
[80.176s][info][gc,cpu         ] GC(672) User=0.02s Sys=0.00s Real=0.02s
[80.282s][info][gc,start       ] GC(673) Pause Young (Allocation Failure)
[80.294s][info][gc,heap        ] GC(673) DefNew: 144346K(157248K)->4570K(157248K) Eden: 139776K(139776K)->0K(139776K) From: 4570K(17472K)->4570K(17472K)
[80.294s][info][gc,heap        ] GC(673) Tenured: 140186K(349568K)->140186K(349568K)
[80.295s][info][gc,metaspace   ] GC(673) Metaspace: 60919K(61824K)->60919K(61824K) NonClass: 53348K(53824K)->53348K(53824K) Class: 7571K(8000K)->7571K(8000K)
[80.295s][info][gc             ] GC(673) Pause Young (Allocation Failure) 277M->141M(494M) 13.014ms
[80.295s][info][gc,cpu         ] GC(673) User=0.00s Sys=0.00s Real=0.00s
[80.382s][info][gc,start       ] GC(674) Pause Young (Allocation Failure)
[80.395s][info][gc,heap        ] GC(674) DefNew: 144346K(157248K)->4570K(157248K) Eden: 139776K(139776K)->0K(139776K) From: 4570K(17472K)->4570K(17472K)
[80.395s][info][gc,heap        ] GC(674) Tenured: 140186K(349568K)->140186K(349568K)
[80.395s][info][gc,metaspace   ] GC(674) Metaspace: 60919K(61824K)->60919K(61824K) NonClass: 53348K(53824K)->53348K(53824K) Class: 7571K(8000K)->7571K(8000K)
[80.395s][info][gc             ] GC(674) Pause Young (Allocation Failure) 277M->141M(494M) 12.861ms
[80.395s][info][gc,cpu         ] GC(674) User=0.02s Sys=0.00s Real=0.02s
[80.483s][info][gc,start       ] GC(675) Pause Young (Allocation Failure)
[80.495s][info][gc,heap        ] GC(675) DefNew: 144346K(157248K)->4570K(157248K) Eden: 139776K(139776K)->0K(139776K) From: 4570K(17472K)->4570K(17472K)
[80.495s][info][gc,heap        ] GC(675) Tenured: 140186K(349568K)->140186K(349568K)
[80.495s][info][gc,metaspace   ] GC(675) Metaspace: 60919K(61824K)->60919K(61824K) NonClass: 53348K(53824K)->53348K(53824K) Class: 7571K(8000K)->7571K(8000K)
[80.496s][info][gc             ] GC(675) Pause Young (Allocation Failure) 277M->141M(494M) 12.915ms
[80.496s][info][gc,cpu         ] GC(675) User=0.00s Sys=0.00s Real=0.00s
[80.583s][info][gc,start       ] GC(676) Pause Young (Allocation Failure)
[80.595s][info][gc,heap        ] GC(676) DefNew: 144346K(157248K)->4570K(157248K) Eden: 139776K(139776K)->0K(139776K) From: 4570K(17472K)->4570K(17472K)
[80.595s][info][gc,heap        ] GC(676) Tenured: 140186K(349568K)->140186K(349568K)
[80.595s][info][gc,metaspace   ] GC(676) Metaspace: 60919K(61824K)->60919K(61824K) NonClass: 53348K(53824K)->53348K(53824K) Class: 7571K(8000K)->7571K(8000K)
[80.595s][info][gc             ] GC(676) Pause Young (Allocation Failure) 277M->141M(494M) 12.807ms
[80.595s][info][gc,cpu         ] GC(676) User=0.02s Sys=0.00s Real=0.02s
[80.683s][info][gc,start       ] GC(677) Pause Young (Allocation Failure)
[80.695s][info][gc,heap        ] GC(677) DefNew: 144346K(157248K)->4570K(157248K) Eden: 139776K(139776K)->0K(139776K) From: 4570K(17472K)->4570K(17472K)
[80.695s][info][gc,heap        ] GC(677) Tenured: 140186K(349568K)->140186K(349568K)
[80.696s][info][gc,metaspace   ] GC(677) Metaspace: 60919K(61824K)->60919K(61824K) NonClass: 53348K(53824K)->53348K(53824K) Class: 7571K(8000K)->7571K(8000K)
[80.696s][info][gc             ] GC(677) Pause Young (Allocation Failure) 277M->141M(494M) 12.681ms
[80.696s][info][gc,cpu         ] GC(677) User=0.02s Sys=0.00s Real=0.01s
[80.783s][info][gc,start       ] GC(678) Pause Young (Allocation Failure)
[80.795s][info][gc,heap        ] GC(678) DefNew: 144346K(157248K)->4570K(157248K) Eden: 139776K(139776K)->0K(139776K) From: 4570K(17472K)->4570K(17472K)
[80.795s][info][gc,heap        ] GC(678) Tenured: 140186K(349568K)->140186K(349568K)
[80.795s][info][gc,metaspace   ] GC(678) Metaspace: 60919K(61824K)->60919K(61824K) NonClass: 53348K(53824K)->53348K(53824K) Class: 7571K(8000K)->7571K(8000K)
[80.795s][info][gc             ] GC(678) Pause Young (Allocation Failure) 277M->141M(494M) 12.502ms
[80.795s][info][gc,cpu         ] GC(678) User=0.02s Sys=0.00s Real=0.02s
[80.824s][info][gc,start       ] GC(679) Pause Full (System.gc())
[80.824s][info][gc,phases,start] GC(679) Phase 1: Mark live objects
[80.898s][info][gc,phases      ] GC(679) Phase 1: Mark live objects 74.305ms
[80.898s][info][gc,phases,start] GC(679) Phase 2: Compute new object addresses
[80.943s][info][gc,phases      ] GC(679) Phase 2: Compute new object addresses 44.099ms
[80.943s][info][gc,phases,start] GC(679) Phase 3: Adjust pointers
[80.986s][info][gc,phases      ] GC(679) Phase 3: Adjust pointers 42.940ms
[80.986s][info][gc,phases,start] GC(679) Phase 4: Move objects
[80.986s][info][gc,phases      ] GC(679) Phase 4: Move objects 0.030ms
[80.986s][info][gc,heap        ] GC(679) DefNew: 18720K(157248K)->0K(157248K) Eden: 14150K(139776K)->0K(139776K) From: 4570K(17472K)->0K(17472K)
[80.986s][info][gc,heap        ] GC(679) Tenured: 140186K(349568K)->102497K(349568K)
[80.986s][info][gc,metaspace   ] GC(679) Metaspace: 60925K(61824K)->60925K(61824K) NonClass: 53354K(53824K)->53354K(53824K) Class: 7571K(8000K)->7571K(8000K)
[80.986s][info][gc             ] GC(679) Pause Full (System.gc()) 155M->100M(494M) 162.221ms
[80.986s][info][gc,cpu         ] GC(679) User=0.16s Sys=0.00s Real=0.16s
[81.112s][info][gc,start       ] GC(680) Pause Young (Allocation Failure)
[81.125s][info][gc,heap        ] GC(680) DefNew: 139776K(157248K)->2312K(157248K) Eden: 139776K(139776K)->0K(139776K) From: 0K(17472K)->2312K(17472K)
[81.125s][info][gc,heap        ] GC(680) Tenured: 102497K(349568K)->102497K(349568K)
[81.125s][info][gc,metaspace   ] GC(680) Metaspace: 60934K(61824K)->60934K(61824K) NonClass: 53363K(53824K)->53363K(53824K) Class: 7571K(8000K)->7571K(8000K)
[81.125s][info][gc             ] GC(680) Pause Young (Allocation Failure) 236M->102M(494M) 12.361ms
[81.125s][info][gc,cpu         ] GC(680) User=0.02s Sys=0.00s Real=0.02s
[81.170s][info][gc,start       ] GC(681) Pause Young (Allocation Failure)
[81.197s][info][gc,heap        ] GC(681) DefNew: 142088K(157248K)->7457K(157248K) Eden: 139776K(139776K)->0K(139776K) From: 2312K(17472K)->7457K(17472K)
[81.197s][info][gc,heap        ] GC(681) Tenured: 102497K(349568K)->102497K(349568K)
[81.197s][info][gc,metaspace   ] GC(681) Metaspace: 60935K(61824K)->60935K(61824K) NonClass: 53363K(53824K)->53363K(53824K) Class: 7571K(8000K)->7571K(8000K)
[81.197s][info][gc             ] GC(681) Pause Young (Allocation Failure) 238M->107M(494M) 27.086ms
[81.197s][info][gc,cpu         ] GC(681) User=0.03s Sys=0.00s Real=0.03s
[81.250s][info][gc,start       ] GC(682) Pause Young (Allocation Failure)
[81.285s][info][gc,heap        ] GC(682) DefNew: 147233K(157248K)->12738K(157248K) Eden: 139776K(139776K)->0K(139776K) From: 7457K(17472K)->12738K(17472K)
[81.285s][info][gc,heap        ] GC(682) Tenured: 102497K(349568K)->102497K(349568K)
[81.285s][info][gc,metaspace   ] GC(682) Metaspace: 60935K(61824K)->60935K(61824K) NonClass: 53363K(53824K)->53363K(53824K) Class: 7571K(8000K)->7571K(8000K)
[81.285s][info][gc             ] GC(682) Pause Young (Allocation Failure) 243M->112M(494M) 35.140ms
[81.285s][info][gc,cpu         ] GC(682) User=0.05s Sys=0.00s Real=0.04s
[81.339s][info][gc,start       ] GC(683) Pause Young (Allocation Failure)
[81.379s][info][gc,heap        ] GC(683) DefNew: 152514K(157248K)->11555K(157248K) Eden: 139776K(139776K)->0K(139776K) From: 12738K(17472K)->11555K(17472K)
[81.379s][info][gc,heap        ] GC(683) Tenured: 102497K(349568K)->109441K(349568K)
[81.379s][info][gc,metaspace   ] GC(683) Metaspace: 60935K(61824K)->60935K(61824K) NonClass: 53363K(53824K)->53363K(53824K) Class: 7571K(8000K)->7571K(8000K)
[81.379s][info][gc             ] GC(683) Pause Young (Allocation Failure) 249M->118M(494M) 40.764ms
[81.379s][info][gc,cpu         ] GC(683) User=0.05s Sys=0.00s Real=0.05s
[81.436s][info][gc,start       ] GC(684) Pause Young (Allocation Failure)
[81.474s][info][gc,heap        ] GC(684) DefNew: 151331K(157248K)->11961K(157248K) Eden: 139776K(139776K)->0K(139776K) From: 11555K(17472K)->11961K(17472K)
[81.474s][info][gc,heap        ] GC(684) Tenured: 109441K(349568K)->114723K(349568K)
[81.474s][info][gc,metaspace   ] GC(684) Metaspace: 60935K(61824K)->60935K(61824K) NonClass: 53363K(53824K)->53363K(53824K) Class: 7571K(8000K)->7571K(8000K)
[81.474s][info][gc             ] GC(684) Pause Young (Allocation Failure) 254M->123M(494M) 38.120ms
[81.474s][info][gc,cpu         ] GC(684) User=0.03s Sys=0.00s Real=0.03s
[81.528s][info][gc,start       ] GC(685) Pause Young (Allocation Failure)
[81.568s][info][gc,heap        ] GC(685) DefNew: 151737K(157248K)->12886K(157248K) Eden: 139776K(139776K)->0K(139776K) From: 11961K(17472K)->12886K(17472K)
[81.568s][info][gc,heap        ] GC(685) Tenured: 114723K(349568K)->119972K(349568K)
[81.568s][info][gc,metaspace   ] GC(685) Metaspace: 60935K(61824K)->60935K(61824K) NonClass: 53363K(53824K)->53363K(53824K) Class: 7571K(8000K)->7571K(8000K)
[81.568s][info][gc             ] GC(685) Pause Young (Allocation Failure) 260M->129M(494M) 39.942ms
[81.568s][info][gc,cpu         ] GC(685) User=0.05s Sys=0.00s Real=0.05s
[81.625s][info][gc,start       ] GC(686) Pause Young (Allocation Failure)
[81.664s][info][gc,heap        ] GC(686) DefNew: 152662K(157248K)->12893K(157248K) Eden: 139776K(139776K)->0K(139776K) From: 12886K(17472K)->12893K(17472K)
[81.664s][info][gc,heap        ] GC(686) Tenured: 119972K(349568K)->125660K(349568K)
[81.664s][info][gc,metaspace   ] GC(686) Metaspace: 60935K(61824K)->60935K(61824K) NonClass: 53363K(53824K)->53363K(53824K) Class: 7571K(8000K)->7571K(8000K)
[81.664s][info][gc             ] GC(686) Pause Young (Allocation Failure) 266M->135M(494M) 39.232ms
[81.664s][info][gc,cpu         ] GC(686) User=0.03s Sys=0.00s Real=0.03s
[81.718s][info][gc,start       ] GC(687) Pause Young (Allocation Failure)
[81.762s][info][gc,heap        ] GC(687) DefNew: 152669K(157248K)->11376K(157248K) Eden: 139776K(139776K)->0K(139776K) From: 12893K(17472K)->11376K(17472K)
[81.762s][info][gc,heap        ] GC(687) Tenured: 125660K(349568K)->132859K(349568K)
[81.762s][info][gc,metaspace   ] GC(687) Metaspace: 60935K(61824K)->60935K(61824K) NonClass: 53363K(53824K)->53363K(53824K) Class: 7571K(8000K)->7571K(8000K)
[81.762s][info][gc             ] GC(687) Pause Young (Allocation Failure) 271M->140M(494M) 43.964ms
[81.762s][info][gc,cpu         ] GC(687) User=0.03s Sys=0.00s Real=0.03s
[81.822s][info][gc,start       ] GC(688) Pause Young (Allocation Failure)
[81.849s][info][gc,heap        ] GC(688) DefNew: 151152K(157248K)->6621K(157248K) Eden: 139776K(139776K)->0K(139776K) From: 11376K(17472K)->6621K(17472K)
[81.849s][info][gc,heap        ] GC(688) Tenured: 132859K(349568K)->138553K(349568K)
[81.850s][info][gc,metaspace   ] GC(688) Metaspace: 60935K(61824K)->60935K(61824K) NonClass: 53364K(53824K)->53364K(53824K) Class: 7571K(8000K)->7571K(8000K)
[81.850s][info][gc             ] GC(688) Pause Young (Allocation Failure) 277M->141M(494M) 28.010ms
[81.850s][info][gc,cpu         ] GC(688) User=0.03s Sys=0.00s Real=0.03s
[81.906s][info][gc,start       ] GC(689) Pause Young (Allocation Failure)
[81.922s][info][gc,heap        ] GC(689) DefNew: 146397K(157248K)->6621K(157248K) Eden: 139776K(139776K)->0K(139776K) From: 6621K(17472K)->6621K(17472K)
[81.922s][info][gc,heap        ] GC(689) Tenured: 138553K(349568K)->138553K(349568K)
[81.922s][info][gc,metaspace   ] GC(689) Metaspace: 60935K(61824K)->60935K(61824K) NonClass: 53364K(53824K)->53364K(53824K) Class: 7571K(8000K)->7571K(8000K)
[81.922s][info][gc             ] GC(689) Pause Young (Allocation Failure) 278M->141M(494M) 16.025ms
[81.922s][info][gc,cpu         ] GC(689) User=0.02s Sys=0.00s Real=0.02s
[81.972s][info][gc,start       ] GC(690) Pause Young (Allocation Failure)
[81.979s][info][gc,heap        ] GC(690) DefNew: 146397K(157248K)->6621K(157248K) Eden: 139776K(139776K)->0K(139776K) From: 6621K(17472K)->6621K(17472K)
[81.979s][info][gc,heap        ] GC(690) Tenured: 138553K(349568K)->138553K(349568K)
[81.979s][info][gc,metaspace   ] GC(690) Metaspace: 60935K(61824K)->60935K(61824K) NonClass: 53364K(53824K)->53364K(53824K) Class: 7571K(8000K)->7571K(8000K)
[81.979s][info][gc             ] GC(690) Pause Young (Allocation Failure) 278M->141M(494M) 6.819ms
[81.979s][info][gc,cpu         ] GC(690) User=0.00s Sys=0.00s Real=0.00s
[82.029s][info][gc,start       ] GC(691) Pause Young (Allocation Failure)
[82.200s][info][gc,heap        ] GC(691) DefNew: 146397K(157248K)->6621K(157248K) Eden: 139776K(139776K)->0K(139776K) From: 6621K(17472K)->6621K(17472K)
[82.200s][info][gc,heap        ] GC(691) Tenured: 138553K(349568K)->138553K(349568K)
[82.200s][info][gc,metaspace   ] GC(691) Metaspace: 60935K(61824K)->60935K(61824K) NonClass: 53364K(53824K)->53364K(53824K) Class: 7571K(8000K)->7571K(8000K)
[82.200s][info][gc             ] GC(691) Pause Young (Allocation Failure) 278M->141M(494M) 170.497ms
[82.200s][info][gc,cpu         ] GC(691) User=0.03s Sys=0.00s Real=0.17s
[82.258s][info][gc,start       ] GC(692) Pause Young (Allocation Failure)
[82.273s][info][gc,heap        ] GC(692) DefNew: 146397K(157248K)->6621K(157248K) Eden: 139776K(139776K)->0K(139776K) From: 6621K(17472K)->6621K(17472K)
[82.273s][info][gc,heap        ] GC(692) Tenured: 138553K(349568K)->138553K(349568K)
[82.273s][info][gc,metaspace   ] GC(692) Metaspace: 60935K(61824K)->60935K(61824K) NonClass: 53364K(53824K)->53364K(53824K) Class: 7571K(8000K)->7571K(8000K)
[82.274s][info][gc             ] GC(692) Pause Young (Allocation Failure) 278M->141M(494M) 15.828ms
[82.274s][info][gc,cpu         ] GC(692) User=0.02s Sys=0.00s Real=0.01s
[82.327s][info][gc,start       ] GC(693) Pause Young (Allocation Failure)
[82.344s][info][gc,heap        ] GC(693) DefNew: 146397K(157248K)->6632K(157248K) Eden: 139776K(139776K)->0K(139776K) From: 6621K(17472K)->6632K(17472K)
[82.344s][info][gc,heap        ] GC(693) Tenured: 138553K(349568K)->138553K(349568K)
[82.344s][info][gc,metaspace   ] GC(693) Metaspace: 60937K(61824K)->60937K(61824K) NonClass: 53366K(53824K)->53366K(53824K) Class: 7571K(8000K)->7571K(8000K)
[82.344s][info][gc             ] GC(693) Pause Young (Allocation Failure) 278M->141M(494M) 16.498ms
[82.344s][info][gc,cpu         ] GC(693) User=0.02s Sys=0.00s Real=0.01s
[82.435s][info][gc,start       ] GC(694) Pause Young (Allocation Failure)
[82.452s][info][gc,heap        ] GC(694) DefNew: 146408K(157248K)->6632K(157248K) Eden: 139776K(139776K)->0K(139776K) From: 6632K(17472K)->6632K(17472K)
[82.452s][info][gc,heap        ] GC(694) Tenured: 138553K(349568K)->138553K(349568K)
[82.452s][info][gc,metaspace   ] GC(694) Metaspace: 60937K(61824K)->60937K(61824K) NonClass: 53366K(53824K)->53366K(53824K) Class: 7571K(8000K)->7571K(8000K)
[82.452s][info][gc             ] GC(694) Pause Young (Allocation Failure) 278M->141M(494M) 17.030ms
[82.452s][info][gc,cpu         ] GC(694) User=0.02s Sys=0.00s Real=0.02s
[82.539s][info][gc,start       ] GC(695) Pause Young (Allocation Failure)
[82.555s][info][gc,heap        ] GC(695) DefNew: 146408K(157248K)->6632K(157248K) Eden: 139776K(139776K)->0K(139776K) From: 6632K(17472K)->6632K(17472K)
[82.555s][info][gc,heap        ] GC(695) Tenured: 138553K(349568K)->138553K(349568K)
[82.555s][info][gc,metaspace   ] GC(695) Metaspace: 60937K(61824K)->60937K(61824K) NonClass: 53366K(53824K)->53366K(53824K) Class: 7571K(8000K)->7571K(8000K)
[82.555s][info][gc             ] GC(695) Pause Young (Allocation Failure) 278M->141M(494M) 15.861ms
[82.555s][info][gc,cpu         ] GC(695) User=0.02s Sys=0.00s Real=0.02s
[82.643s][info][gc,start       ] GC(696) Pause Young (Allocation Failure)
[82.659s][info][gc,heap        ] GC(696) DefNew: 146408K(157248K)->6633K(157248K) Eden: 139776K(139776K)->0K(139776K) From: 6632K(17472K)->6633K(17472K)
[82.659s][info][gc,heap        ] GC(696) Tenured: 138553K(349568K)->138553K(349568K)
[82.659s][info][gc,metaspace   ] GC(696) Metaspace: 60937K(61824K)->60937K(61824K) NonClass: 53366K(53824K)->53366K(53824K) Class: 7571K(8000K)->7571K(8000K)
[82.659s][info][gc             ] GC(696) Pause Young (Allocation Failure) 278M->141M(494M) 16.628ms
[82.659s][info][gc,cpu         ] GC(696) User=0.02s Sys=0.00s Real=0.02s
[82.747s][info][gc,start       ] GC(697) Pause Young (Allocation Failure)
[82.764s][info][gc,heap        ] GC(697) DefNew: 146409K(157248K)->6632K(157248K) Eden: 139776K(139776K)->0K(139776K) From: 6633K(17472K)->6632K(17472K)
[82.764s][info][gc,heap        ] GC(697) Tenured: 138553K(349568K)->138553K(349568K)
[82.764s][info][gc,metaspace   ] GC(697) Metaspace: 60937K(61824K)->60937K(61824K) NonClass: 53366K(53824K)->53366K(53824K) Class: 7571K(8000K)->7571K(8000K)
[82.764s][info][gc             ] GC(697) Pause Young (Allocation Failure) 278M->141M(494M) 17.194ms
[82.764s][info][gc,cpu         ] GC(697) User=0.02s Sys=0.00s Real=0.02s
[82.850s][info][gc,start       ] GC(698) Pause Young (Allocation Failure)
[82.866s][info][gc,heap        ] GC(698) DefNew: 146408K(157248K)->6632K(157248K) Eden: 139776K(139776K)->0K(139776K) From: 6632K(17472K)->6632K(17472K)
[82.866s][info][gc,heap        ] GC(698) Tenured: 138553K(349568K)->138553K(349568K)
[82.866s][info][gc,metaspace   ] GC(698) Metaspace: 60937K(61824K)->60937K(61824K) NonClass: 53366K(53824K)->53366K(53824K) Class: 7571K(8000K)->7571K(8000K)
[82.866s][info][gc             ] GC(698) Pause Young (Allocation Failure) 278M->141M(494M) 15.910ms
[82.866s][info][gc,cpu         ] GC(698) User=0.02s Sys=0.00s Real=0.02s
[82.952s][info][gc,start       ] GC(699) Pause Young (Allocation Failure)
[82.968s][info][gc,heap        ] GC(699) DefNew: 146408K(157248K)->6632K(157248K) Eden: 139776K(139776K)->0K(139776K) From: 6632K(17472K)->6632K(17472K)
[82.968s][info][gc,heap        ] GC(699) Tenured: 138553K(349568K)->138553K(349568K)
[82.968s][info][gc,metaspace   ] GC(699) Metaspace: 60937K(61824K)->60937K(61824K) NonClass: 53366K(53824K)->53366K(53824K) Class: 7571K(8000K)->7571K(8000K)
[82.968s][info][gc             ] GC(699) Pause Young (Allocation Failure) 278M->141M(494M) 15.656ms
[82.968s][info][gc,cpu         ] GC(699) User=0.02s Sys=0.00s Real=0.02s
[83.056s][info][gc,start       ] GC(700) Pause Young (Allocation Failure)
[83.074s][info][gc,heap        ] GC(700) DefNew: 146408K(157248K)->6632K(157248K) Eden: 139776K(139776K)->0K(139776K) From: 6632K(17472K)->6632K(17472K)
[83.074s][info][gc,heap        ] GC(700) Tenured: 138553K(349568K)->138553K(349568K)
[83.074s][info][gc,metaspace   ] GC(700) Metaspace: 60937K(61824K)->60937K(61824K) NonClass: 53366K(53824K)->53366K(53824K) Class: 7571K(8000K)->7571K(8000K)
[83.074s][info][gc             ] GC(700) Pause Young (Allocation Failure) 278M->141M(494M) 17.780ms
[83.074s][info][gc,cpu         ] GC(700) User=0.02s Sys=0.00s Real=0.02s
[83.107s][info][gc,start       ] GC(701) Pause Full (System.gc())
[83.107s][info][gc,phases,start] GC(701) Phase 1: Mark live objects
[83.186s][info][gc,phases      ] GC(701) Phase 1: Mark live objects 78.913ms
[83.186s][info][gc,phases,start] GC(701) Phase 2: Compute new object addresses
[83.231s][info][gc,phases      ] GC(701) Phase 2: Compute new object addresses 44.799ms
[83.231s][info][gc,phases,start] GC(701) Phase 3: Adjust pointers
[83.273s][info][gc,phases      ] GC(701) Phase 3: Adjust pointers 42.258ms
[83.273s][info][gc,phases,start] GC(701) Phase 4: Move objects
[83.273s][info][gc,phases      ] GC(701) Phase 4: Move objects 0.036ms
[83.273s][info][gc,heap        ] GC(701) DefNew: 21245K(157248K)->0K(157248K) Eden: 14612K(139776K)->0K(139776K) From: 6632K(17472K)->0K(17472K)
[83.273s][info][gc,heap        ] GC(701) Tenured: 138553K(349568K)->102928K(349568K)
[83.274s][info][gc,metaspace   ] GC(701) Metaspace: 60961K(61888K)->60961K(61888K) NonClass: 53390K(53888K)->53390K(53888K) Class: 7571K(8000K)->7571K(8000K)
[83.274s][info][gc             ] GC(701) Pause Full (System.gc()) 156M->100M(494M) 166.928ms
[83.274s][info][gc,cpu         ] GC(701) User=0.14s Sys=0.02s Real=0.16s
[83.407s][info][gc,start       ] GC(702) Pause Young (Allocation Failure)
[83.433s][info][gc,heap        ] GC(702) DefNew: 139776K(157248K)->3765K(157248K) Eden: 139776K(139776K)->0K(139776K) From: 0K(17472K)->3765K(17472K)
[83.433s][info][gc,heap        ] GC(702) Tenured: 102928K(349568K)->102928K(349568K)
[83.433s][info][gc,metaspace   ] GC(702) Metaspace: 61016K(61888K)->61016K(61888K) NonClass: 53442K(53888K)->53442K(53888K) Class: 7573K(8000K)->7573K(8000K)
[83.433s][info][gc             ] GC(702) Pause Young (Allocation Failure) 237M->104M(494M) 26.409ms
[83.433s][info][gc,cpu         ] GC(702) User=0.00s Sys=0.00s Real=0.02s
[83.487s][info][gc,start       ] GC(703) Pause Young (Allocation Failure)
[83.516s][info][gc,heap        ] GC(703) DefNew: 143541K(157248K)->8811K(157248K) Eden: 139776K(139776K)->0K(139776K) From: 3765K(17472K)->8811K(17472K)
[83.516s][info][gc,heap        ] GC(703) Tenured: 102928K(349568K)->102928K(349568K)
[83.516s][info][gc,metaspace   ] GC(703) Metaspace: 61016K(61888K)->61016K(61888K) NonClass: 53442K(53888K)->53442K(53888K) Class: 7573K(8000K)->7573K(8000K)
[83.516s][info][gc             ] GC(703) Pause Young (Allocation Failure) 240M->109M(494M) 29.541ms
[83.516s][info][gc,cpu         ] GC(703) User=0.03s Sys=0.00s Real=0.03s
[83.570s][info][gc,start       ] GC(704) Pause Young (Allocation Failure)
[83.607s][info][gc,heap        ] GC(704) DefNew: 148587K(157248K)->11091K(157248K) Eden: 139776K(139776K)->0K(139776K) From: 8811K(17472K)->11091K(17472K)
[83.607s][info][gc,heap        ] GC(704) Tenured: 102928K(349568K)->106427K(349568K)
[83.607s][info][gc,metaspace   ] GC(704) Metaspace: 61016K(61888K)->61016K(61888K) NonClass: 53442K(53888K)->53442K(53888K) Class: 7573K(8000K)->7573K(8000K)
[83.607s][info][gc             ] GC(704) Pause Young (Allocation Failure) 245M->114M(494M) 37.012ms
[83.607s][info][gc,cpu         ] GC(704) User=0.05s Sys=0.00s Real=0.05s
[83.662s][info][gc,start       ] GC(705) Pause Young (Allocation Failure)
[83.700s][info][gc,heap        ] GC(705) DefNew: 150867K(157248K)->11939K(157248K) Eden: 139776K(139776K)->0K(139776K) From: 11091K(17472K)->11939K(17472K)
[83.700s][info][gc,heap        ] GC(705) Tenured: 106427K(349568K)->111221K(349568K)
[83.700s][info][gc,metaspace   ] GC(705) Metaspace: 61016K(61888K)->61016K(61888K) NonClass: 53442K(53888K)->53442K(53888K) Class: 7573K(8000K)->7573K(8000K)
[83.700s][info][gc             ] GC(705) Pause Young (Allocation Failure) 251M->120M(494M) 38.161ms
[83.700s][info][gc,cpu         ] GC(705) User=0.05s Sys=0.00s Real=0.05s
[83.756s][info][gc,start       ] GC(706) Pause Young (Allocation Failure)
[83.796s][info][gc,heap        ] GC(706) DefNew: 151715K(157248K)->11291K(157248K) Eden: 139776K(139776K)->0K(139776K) From: 11939K(17472K)->11291K(17472K)
[83.796s][info][gc,heap        ] GC(706) Tenured: 111221K(349568K)->117518K(349568K)
[83.796s][info][gc,metaspace   ] GC(706) Metaspace: 61016K(61888K)->61016K(61888K) NonClass: 53442K(53888K)->53442K(53888K) Class: 7573K(8000K)->7573K(8000K)
[83.796s][info][gc             ] GC(706) Pause Young (Allocation Failure) 256M->125M(494M) 40.485ms
[83.796s][info][gc,cpu         ] GC(706) User=0.05s Sys=0.00s Real=0.05s
[83.851s][info][gc,start       ] GC(707) Pause Young (Allocation Failure)
[83.893s][info][gc,heap        ] GC(707) DefNew: 151067K(157248K)->12892K(157248K) Eden: 139776K(139776K)->0K(139776K) From: 11291K(17472K)->12892K(17472K)
[83.893s][info][gc,heap        ] GC(707) Tenured: 117518K(349568K)->123160K(349568K)
[83.893s][info][gc,metaspace   ] GC(707) Metaspace: 61016K(61888K)->61016K(61888K) NonClass: 53442K(53888K)->53442K(53888K) Class: 7573K(8000K)->7573K(8000K)
[83.893s][info][gc             ] GC(707) Pause Young (Allocation Failure) 262M->132M(494M) 41.930ms
[83.893s][info][gc,cpu         ] GC(707) User=0.05s Sys=0.00s Real=0.05s
[83.950s][info][gc,start       ] GC(708) Pause Young (Allocation Failure)
[83.993s][info][gc,heap        ] GC(708) DefNew: 152668K(157248K)->13368K(157248K) Eden: 139776K(139776K)->0K(139776K) From: 12892K(17472K)->13368K(17472K)
[83.993s][info][gc,heap        ] GC(708) Tenured: 123160K(349568K)->128809K(349568K)
[83.993s][info][gc,metaspace   ] GC(708) Metaspace: 61016K(61888K)->61016K(61888K) NonClass: 53442K(53888K)->53442K(53888K) Class: 7573K(8000K)->7573K(8000K)
[83.993s][info][gc             ] GC(708) Pause Young (Allocation Failure) 269M->138M(494M) 42.527ms
[83.993s][info][gc,cpu         ] GC(708) User=0.03s Sys=0.00s Real=0.03s
[84.054s][info][gc,start       ] GC(709) Pause Young (Allocation Failure)
[84.093s][info][gc,heap        ] GC(709) DefNew: 153144K(157248K)->10582K(157248K) Eden: 139776K(139776K)->0K(139776K) From: 13368K(17472K)->10582K(17472K)
[84.093s][info][gc,heap        ] GC(709) Tenured: 128809K(349568K)->136051K(349568K)
[84.093s][info][gc,metaspace   ] GC(709) Metaspace: 61016K(61888K)->61016K(61888K) NonClass: 53442K(53888K)->53442K(53888K) Class: 7573K(8000K)->7573K(8000K)
[84.094s][info][gc             ] GC(709) Pause Young (Allocation Failure) 275M->143M(494M) 39.349ms
[84.094s][info][gc,cpu         ] GC(709) User=0.05s Sys=0.00s Real=0.05s
[84.158s][info][gc,start       ] GC(710) Pause Young (Allocation Failure)
[84.181s][info][gc,heap        ] GC(710) DefNew: 150358K(157248K)->4456K(157248K) Eden: 139776K(139776K)->0K(139776K) From: 10582K(17472K)->4456K(17472K)
[84.181s][info][gc,heap        ] GC(710) Tenured: 136051K(349568K)->142177K(349568K)
[84.181s][info][gc,metaspace   ] GC(710) Metaspace: 61016K(61888K)->61016K(61888K) NonClass: 53442K(53888K)->53442K(53888K) Class: 7573K(8000K)->7573K(8000K)
[84.181s][info][gc             ] GC(710) Pause Young (Allocation Failure) 279M->143M(494M) 22.958ms
[84.181s][info][gc,cpu         ] GC(710) User=0.02s Sys=0.00s Real=0.02s
[84.234s][info][gc,start       ] GC(711) Pause Young (Allocation Failure)
[84.247s][info][gc,heap        ] GC(711) DefNew: 144232K(157248K)->4456K(157248K) Eden: 139776K(139776K)->0K(139776K) From: 4456K(17472K)->4456K(17472K)
[84.247s][info][gc,heap        ] GC(711) Tenured: 142177K(349568K)->142177K(349568K)
[84.247s][info][gc,metaspace   ] GC(711) Metaspace: 61016K(61888K)->61016K(61888K) NonClass: 53442K(53888K)->53442K(53888K) Class: 7573K(8000K)->7573K(8000K)
[84.247s][info][gc             ] GC(711) Pause Young (Allocation Failure) 279M->143M(494M) 13.081ms
[84.247s][info][gc,cpu         ] GC(711) User=0.02s Sys=0.00s Real=0.02s
[84.292s][info][gc,start       ] GC(712) Pause Young (Allocation Failure)
[84.305s][info][gc,heap        ] GC(712) DefNew: 144232K(157248K)->4455K(157248K) Eden: 139776K(139776K)->0K(139776K) From: 4456K(17472K)->4455K(17472K)
[84.305s][info][gc,heap        ] GC(712) Tenured: 142177K(349568K)->142177K(349568K)
[84.305s][info][gc,metaspace   ] GC(712) Metaspace: 61016K(61888K)->61016K(61888K) NonClass: 53442K(53888K)->53442K(53888K) Class: 7573K(8000K)->7573K(8000K)
[84.305s][info][gc             ] GC(712) Pause Young (Allocation Failure) 279M->143M(494M) 12.920ms
[84.305s][info][gc,cpu         ] GC(712) User=0.02s Sys=0.00s Real=0.02s
[84.355s][info][gc,start       ] GC(713) Pause Young (Allocation Failure)
[84.367s][info][gc,heap        ] GC(713) DefNew: 144231K(157248K)->4455K(157248K) Eden: 139776K(139776K)->0K(139776K) From: 4455K(17472K)->4455K(17472K)
[84.367s][info][gc,heap        ] GC(713) Tenured: 142177K(349568K)->142177K(349568K)
[84.367s][info][gc,metaspace   ] GC(713) Metaspace: 61016K(61888K)->61016K(61888K) NonClass: 53442K(53888K)->53442K(53888K) Class: 7573K(8000K)->7573K(8000K)
[84.367s][info][gc             ] GC(713) Pause Young (Allocation Failure) 279M->143M(494M) 12.935ms
[84.368s][info][gc,cpu         ] GC(713) User=0.02s Sys=0.00s Real=0.02s
[84.418s][info][gc,start       ] GC(714) Pause Young (Allocation Failure)
[84.431s][info][gc,heap        ] GC(714) DefNew: 144231K(157248K)->4455K(157248K) Eden: 139776K(139776K)->0K(139776K) From: 4455K(17472K)->4455K(17472K)
[84.431s][info][gc,heap        ] GC(714) Tenured: 142177K(349568K)->142177K(349568K)
[84.431s][info][gc,metaspace   ] GC(714) Metaspace: 61016K(61888K)->61016K(61888K) NonClass: 53442K(53888K)->53442K(53888K) Class: 7573K(8000K)->7573K(8000K)
[84.431s][info][gc             ] GC(714) Pause Young (Allocation Failure) 279M->143M(494M) 12.366ms
[84.431s][info][gc,cpu         ] GC(714) User=0.00s Sys=0.00s Real=0.00s
[84.483s][info][gc,start       ] GC(715) Pause Young (Allocation Failure)
[84.495s][info][gc,heap        ] GC(715) DefNew: 144231K(157248K)->4459K(157248K) Eden: 139776K(139776K)->0K(139776K) From: 4455K(17472K)->4459K(17472K)
[84.495s][info][gc,heap        ] GC(715) Tenured: 142177K(349568K)->142177K(349568K)
[84.495s][info][gc,metaspace   ] GC(715) Metaspace: 61016K(61888K)->61016K(61888K) NonClass: 53442K(53888K)->53442K(53888K) Class: 7573K(8000K)->7573K(8000K)
[84.496s][info][gc             ] GC(715) Pause Young (Allocation Failure) 279M->143M(494M) 13.017ms
[84.496s][info][gc,cpu         ] GC(715) User=0.00s Sys=0.00s Real=0.00s
[84.567s][info][gc,start       ] GC(716) Pause Young (Allocation Failure)
[84.580s][info][gc,heap        ] GC(716) DefNew: 144235K(157248K)->4475K(157248K) Eden: 139776K(139776K)->0K(139776K) From: 4459K(17472K)->4475K(17472K)
[84.580s][info][gc,heap        ] GC(716) Tenured: 142177K(349568K)->142177K(349568K)
[84.580s][info][gc,metaspace   ] GC(716) Metaspace: 61019K(61888K)->61019K(61888K) NonClass: 53445K(53888K)->53445K(53888K) Class: 7573K(8000K)->7573K(8000K)
[84.580s][info][gc             ] GC(716) Pause Young (Allocation Failure) 279M->143M(494M) 13.425ms
[84.580s][info][gc,cpu         ] GC(716) User=0.02s Sys=0.00s Real=0.02s
[84.677s][info][gc,start       ] GC(717) Pause Young (Allocation Failure)
[84.690s][info][gc,heap        ] GC(717) DefNew: 144251K(157248K)->4475K(157248K) Eden: 139776K(139776K)->0K(139776K) From: 4475K(17472K)->4475K(17472K)
[84.690s][info][gc,heap        ] GC(717) Tenured: 142177K(349568K)->142177K(349568K)
[84.690s][info][gc,metaspace   ] GC(717) Metaspace: 61019K(61888K)->61019K(61888K) NonClass: 53445K(53888K)->53445K(53888K) Class: 7573K(8000K)->7573K(8000K)
[84.690s][info][gc             ] GC(717) Pause Young (Allocation Failure) 279M->143M(494M) 13.291ms
[84.690s][info][gc,cpu         ] GC(717) User=0.02s Sys=0.00s Real=0.01s
[84.773s][info][gc,start       ] GC(718) Pause Young (Allocation Failure)
[84.786s][info][gc,heap        ] GC(718) DefNew: 144251K(157248K)->4475K(157248K) Eden: 139776K(139776K)->0K(139776K) From: 4475K(17472K)->4475K(17472K)
[84.786s][info][gc,heap        ] GC(718) Tenured: 142177K(349568K)->142177K(349568K)
[84.786s][info][gc,metaspace   ] GC(718) Metaspace: 61019K(61888K)->61019K(61888K) NonClass: 53445K(53888K)->53445K(53888K) Class: 7573K(8000K)->7573K(8000K)
[84.786s][info][gc             ] GC(718) Pause Young (Allocation Failure) 279M->143M(494M) 12.780ms
[84.786s][info][gc,cpu         ] GC(718) User=0.02s Sys=0.00s Real=0.02s
[84.877s][info][gc,start       ] GC(719) Pause Young (Allocation Failure)
[84.882s][info][gc,heap        ] GC(719) DefNew: 144251K(157248K)->4475K(157248K) Eden: 139776K(139776K)->0K(139776K) From: 4475K(17472K)->4475K(17472K)
[84.882s][info][gc,heap        ] GC(719) Tenured: 142177K(349568K)->142177K(349568K)
[84.882s][info][gc,metaspace   ] GC(719) Metaspace: 61019K(61888K)->61019K(61888K) NonClass: 53445K(53888K)->53445K(53888K) Class: 7573K(8000K)->7573K(8000K)
[84.882s][info][gc             ] GC(719) Pause Young (Allocation Failure) 279M->143M(494M) 5.071ms
[84.882s][info][gc,cpu         ] GC(719) User=0.00s Sys=0.00s Real=0.00s
[84.977s][info][gc,start       ] GC(720) Pause Young (Allocation Failure)
[84.990s][info][gc,heap        ] GC(720) DefNew: 144251K(157248K)->4475K(157248K) Eden: 139776K(139776K)->0K(139776K) From: 4475K(17472K)->4475K(17472K)
[84.990s][info][gc,heap        ] GC(720) Tenured: 142177K(349568K)->142177K(349568K)
[84.990s][info][gc,metaspace   ] GC(720) Metaspace: 61019K(61888K)->61019K(61888K) NonClass: 53445K(53888K)->53445K(53888K) Class: 7573K(8000K)->7573K(8000K)
[84.990s][info][gc             ] GC(720) Pause Young (Allocation Failure) 279M->143M(494M) 13.154ms
[84.990s][info][gc,cpu         ] GC(720) User=0.02s Sys=0.00s Real=0.02s
[85.073s][info][gc,start       ] GC(721) Pause Young (Allocation Failure)
[85.085s][info][gc,heap        ] GC(721) DefNew: 144251K(157248K)->4475K(157248K) Eden: 139776K(139776K)->0K(139776K) From: 4475K(17472K)->4475K(17472K)
[85.085s][info][gc,heap        ] GC(721) Tenured: 142177K(349568K)->142177K(349568K)
[85.085s][info][gc,metaspace   ] GC(721) Metaspace: 61019K(61888K)->61019K(61888K) NonClass: 53445K(53888K)->53445K(53888K) Class: 7573K(8000K)->7573K(8000K)
[85.085s][info][gc             ] GC(721) Pause Young (Allocation Failure) 279M->143M(494M) 12.406ms
[85.086s][info][gc,cpu         ] GC(721) User=0.02s Sys=0.00s Real=0.02s
[85.184s][info][gc,start       ] GC(722) Pause Young (Allocation Failure)
[85.196s][info][gc,heap        ] GC(722) DefNew: 144251K(157248K)->4475K(157248K) Eden: 139776K(139776K)->0K(139776K) From: 4475K(17472K)->4475K(17472K)
[85.197s][info][gc,heap        ] GC(722) Tenured: 142177K(349568K)->142177K(349568K)
[85.197s][info][gc,metaspace   ] GC(722) Metaspace: 61019K(61888K)->61019K(61888K) NonClass: 53445K(53888K)->53445K(53888K) Class: 7573K(8000K)->7573K(8000K)
[85.197s][info][gc             ] GC(722) Pause Young (Allocation Failure) 279M->143M(494M) 12.612ms
[85.197s][info][gc,cpu         ] GC(722) User=0.00s Sys=0.00s Real=0.00s
[85.229s][info][gc,start       ] GC(723) Pause Full (System.gc())
[85.229s][info][gc,phases,start] GC(723) Phase 1: Mark live objects
[85.308s][info][gc,phases      ] GC(723) Phase 1: Mark live objects 79.206ms
[85.308s][info][gc,phases,start] GC(723) Phase 2: Compute new object addresses
[85.353s][info][gc,phases      ] GC(723) Phase 2: Compute new object addresses 44.815ms
[85.353s][info][gc,phases,start] GC(723) Phase 3: Adjust pointers
[85.396s][info][gc,phases      ] GC(723) Phase 3: Adjust pointers 42.445ms
[85.396s][info][gc,phases,start] GC(723) Phase 4: Move objects
[85.396s][info][gc,phases      ] GC(723) Phase 4: Move objects 0.030ms
[85.396s][info][gc,heap        ] GC(723) DefNew: 18794K(157248K)->0K(157248K) Eden: 14318K(139776K)->0K(139776K) From: 4475K(17472K)->0K(17472K)
[85.396s][info][gc,heap        ] GC(723) Tenured: 142177K(349568K)->108465K(349568K)
[85.396s][info][gc,metaspace   ] GC(723) Metaspace: 61066K(61952K)->61066K(61952K) NonClass: 53490K(53952K)->53490K(53952K) Class: 7575K(8000K)->7575K(8000K)
[85.396s][info][gc             ] GC(723) Pause Full (System.gc()) 157M->105M(494M) 167.402ms
[85.396s][info][gc,cpu         ] GC(723) User=0.16s Sys=0.00s Real=0.16s
[85.517s][info][gc,start       ] GC(724) Pause Young (Allocation Failure)
[85.531s][info][gc,heap        ] GC(724) DefNew: 139776K(157248K)->2638K(157248K) Eden: 139776K(139776K)->0K(139776K) From: 0K(17472K)->2638K(17472K)
[85.531s][info][gc,heap        ] GC(724) Tenured: 108465K(349568K)->108465K(349568K)
[85.531s][info][gc,metaspace   ] GC(724) Metaspace: 61094K(62016K)->61094K(62016K) NonClass: 53517K(54016K)->53517K(54016K) Class: 7576K(8000K)->7576K(8000K)
[85.532s][info][gc             ] GC(724) Pause Young (Allocation Failure) 242M->108M(494M) 14.445ms
[85.532s][info][gc,cpu         ] GC(724) User=0.02s Sys=0.00s Real=0.02s
[85.580s][info][gc,start       ] GC(725) Pause Young (Allocation Failure)
[85.607s][info][gc,heap        ] GC(725) DefNew: 142414K(157248K)->7779K(157248K) Eden: 139776K(139776K)->0K(139776K) From: 2638K(17472K)->7779K(17472K)
[85.607s][info][gc,heap        ] GC(725) Tenured: 108465K(349568K)->108465K(349568K)
[85.607s][info][gc,metaspace   ] GC(725) Metaspace: 61094K(62016K)->61094K(62016K) NonClass: 53517K(54016K)->53517K(54016K) Class: 7576K(8000K)->7576K(8000K)
[85.607s][info][gc             ] GC(725) Pause Young (Allocation Failure) 245M->113M(494M) 27.100ms
[85.608s][info][gc,cpu         ] GC(725) User=0.03s Sys=0.00s Real=0.03s
[85.659s][info][gc,start       ] GC(726) Pause Young (Allocation Failure)
[85.695s][info][gc,heap        ] GC(726) DefNew: 147555K(157248K)->13720K(157248K) Eden: 139776K(139776K)->0K(139776K) From: 7779K(17472K)->13720K(17472K)
[85.695s][info][gc,heap        ] GC(726) Tenured: 108465K(349568K)->108465K(349568K)
[85.695s][info][gc,metaspace   ] GC(726) Metaspace: 61094K(62016K)->61094K(62016K) NonClass: 53517K(54016K)->53517K(54016K) Class: 7576K(8000K)->7576K(8000K)
[85.695s][info][gc             ] GC(726) Pause Young (Allocation Failure) 250M->119M(494M) 36.193ms
[85.695s][info][gc,cpu         ] GC(726) User=0.05s Sys=0.00s Real=0.05s
[85.750s][info][gc,start       ] GC(727) Pause Young (Allocation Failure)
[85.791s][info][gc,heap        ] GC(727) DefNew: 153496K(157248K)->11826K(157248K) Eden: 139776K(139776K)->0K(139776K) From: 13720K(17472K)->11826K(17472K)
[85.791s][info][gc,heap        ] GC(727) Tenured: 108465K(349568K)->115732K(349568K)
[85.791s][info][gc,metaspace   ] GC(727) Metaspace: 61094K(62016K)->61094K(62016K) NonClass: 53517K(54016K)->53517K(54016K) Class: 7576K(8000K)->7576K(8000K)
[85.791s][info][gc             ] GC(727) Pause Young (Allocation Failure) 255M->124M(494M) 41.140ms
[85.791s][info][gc,cpu         ] GC(727) User=0.05s Sys=0.00s Real=0.05s
[85.845s][info][gc,start       ] GC(728) Pause Young (Allocation Failure)
[85.886s][info][gc,heap        ] GC(728) DefNew: 151602K(157248K)->11129K(157248K) Eden: 139776K(139776K)->0K(139776K) From: 11826K(17472K)->11129K(17472K)
[85.886s][info][gc,heap        ] GC(728) Tenured: 115732K(349568K)->122182K(349568K)
[85.886s][info][gc,metaspace   ] GC(728) Metaspace: 61094K(62016K)->61094K(62016K) NonClass: 53517K(54016K)->53517K(54016K) Class: 7576K(8000K)->7576K(8000K)
[85.886s][info][gc             ] GC(728) Pause Young (Allocation Failure) 261M->130M(494M) 41.251ms
[85.886s][info][gc,cpu         ] GC(728) User=0.05s Sys=0.00s Real=0.05s
[85.941s][info][gc,start       ] GC(729) Pause Young (Allocation Failure)
[85.983s][info][gc,heap        ] GC(729) DefNew: 150905K(157248K)->12995K(157248K) Eden: 139776K(139776K)->0K(139776K) From: 11129K(17472K)->12995K(17472K)
[85.983s][info][gc,heap        ] GC(729) Tenured: 122182K(349568K)->127558K(349568K)
[85.983s][info][gc,metaspace   ] GC(729) Metaspace: 61094K(62016K)->61094K(62016K) NonClass: 53517K(54016K)->53517K(54016K) Class: 7576K(8000K)->7576K(8000K)
[85.983s][info][gc             ] GC(729) Pause Young (Allocation Failure) 266M->137M(494M) 41.485ms
[85.983s][info][gc,cpu         ] GC(729) User=0.05s Sys=0.00s Real=0.05s
[86.038s][info][gc,start       ] GC(730) Pause Young (Allocation Failure)
[86.080s][info][gc,heap        ] GC(730) DefNew: 152771K(157248K)->12907K(157248K) Eden: 139776K(139776K)->0K(139776K) From: 12995K(17472K)->12907K(17472K)
[86.080s][info][gc,heap        ] GC(730) Tenured: 127558K(349568K)->133310K(349568K)
[86.080s][info][gc,metaspace   ] GC(730) Metaspace: 61094K(62016K)->61094K(62016K) NonClass: 53517K(54016K)->53517K(54016K) Class: 7576K(8000K)->7576K(8000K)
[86.080s][info][gc             ] GC(730) Pause Young (Allocation Failure) 273M->142M(494M) 41.886ms
[86.080s][info][gc,cpu         ] GC(730) User=0.05s Sys=0.00s Real=0.05s
[86.137s][info][gc,start       ] GC(731) Pause Young (Allocation Failure)
[86.178s][info][gc,heap        ] GC(731) DefNew: 152683K(157248K)->11370K(157248K) Eden: 139776K(139776K)->0K(139776K) From: 12907K(17472K)->11370K(17472K)
[86.178s][info][gc,heap        ] GC(731) Tenured: 133310K(349568K)->140553K(349568K)
[86.178s][info][gc,metaspace   ] GC(731) Metaspace: 61094K(62016K)->61094K(62016K) NonClass: 53517K(54016K)->53517K(54016K) Class: 7576K(8000K)->7576K(8000K)
[86.178s][info][gc             ] GC(731) Pause Young (Allocation Failure) 279M->148M(494M) 41.340ms
[86.178s][info][gc,cpu         ] GC(731) User=0.03s Sys=0.00s Real=0.03s
[86.237s][info][gc,start       ] GC(732) Pause Young (Allocation Failure)
[86.260s][info][gc,heap        ] GC(732) DefNew: 151146K(157248K)->5952K(157248K) Eden: 139776K(139776K)->0K(139776K) From: 11370K(17472K)->5952K(17472K)
[86.260s][info][gc,heap        ] GC(732) Tenured: 140553K(349568K)->146217K(349568K)
[86.261s][info][gc,metaspace   ] GC(732) Metaspace: 61094K(62016K)->61094K(62016K) NonClass: 53517K(54016K)->53517K(54016K) Class: 7576K(8000K)->7576K(8000K)
[86.261s][info][gc             ] GC(732) Pause Young (Allocation Failure) 284M->148M(494M) 23.626ms
[86.261s][info][gc,cpu         ] GC(732) User=0.03s Sys=0.00s Real=0.03s
[86.318s][info][gc,start       ] GC(733) Pause Young (Allocation Failure)
[86.333s][info][gc,heap        ] GC(733) DefNew: 145728K(157248K)->5952K(157248K) Eden: 139776K(139776K)->0K(139776K) From: 5952K(17472K)->5952K(17472K)
[86.333s][info][gc,heap        ] GC(733) Tenured: 146217K(349568K)->146217K(349568K)
[86.333s][info][gc,metaspace   ] GC(733) Metaspace: 61094K(62016K)->61094K(62016K) NonClass: 53517K(54016K)->53517K(54016K) Class: 7576K(8000K)->7576K(8000K)
[86.333s][info][gc             ] GC(733) Pause Young (Allocation Failure) 285M->148M(494M) 14.459ms
[86.333s][info][gc,cpu         ] GC(733) User=0.02s Sys=0.00s Real=0.02s
[86.388s][info][gc,start       ] GC(734) Pause Young (Allocation Failure)
[86.402s][info][gc,heap        ] GC(734) DefNew: 145728K(157248K)->5952K(157248K) Eden: 139776K(139776K)->0K(139776K) From: 5952K(17472K)->5952K(17472K)
[86.402s][info][gc,heap        ] GC(734) Tenured: 146217K(349568K)->146217K(349568K)
[86.402s][info][gc,metaspace   ] GC(734) Metaspace: 61094K(62016K)->61094K(62016K) NonClass: 53517K(54016K)->53517K(54016K) Class: 7576K(8000K)->7576K(8000K)
[86.402s][info][gc             ] GC(734) Pause Young (Allocation Failure) 285M->148M(494M) 14.578ms
[86.402s][info][gc,cpu         ] GC(734) User=0.02s Sys=0.00s Real=0.02s
[86.450s][info][gc,start       ] GC(735) Pause Young (Allocation Failure)
[86.465s][info][gc,heap        ] GC(735) DefNew: 145728K(157248K)->5952K(157248K) Eden: 139776K(139776K)->0K(139776K) From: 5952K(17472K)->5952K(17472K)
[86.465s][info][gc,heap        ] GC(735) Tenured: 146217K(349568K)->146217K(349568K)
[86.465s][info][gc,metaspace   ] GC(735) Metaspace: 61094K(62016K)->61094K(62016K) NonClass: 53517K(54016K)->53517K(54016K) Class: 7576K(8000K)->7576K(8000K)
[86.465s][info][gc             ] GC(735) Pause Young (Allocation Failure) 285M->148M(494M) 15.093ms
[86.465s][info][gc,cpu         ] GC(735) User=0.02s Sys=0.00s Real=0.02s
[86.515s][info][gc,start       ] GC(736) Pause Young (Allocation Failure)
[86.531s][info][gc,heap        ] GC(736) DefNew: 145728K(157248K)->5951K(157248K) Eden: 139776K(139776K)->0K(139776K) From: 5952K(17472K)->5951K(17472K)
[86.531s][info][gc,heap        ] GC(736) Tenured: 146217K(349568K)->146217K(349568K)
[86.531s][info][gc,metaspace   ] GC(736) Metaspace: 61094K(62016K)->61094K(62016K) NonClass: 53517K(54016K)->53517K(54016K) Class: 7576K(8000K)->7576K(8000K)
[86.531s][info][gc             ] GC(736) Pause Young (Allocation Failure) 285M->148M(494M) 15.777ms
[86.531s][info][gc,cpu         ] GC(736) User=0.02s Sys=0.00s Real=0.02s
[86.581s][info][gc,start       ] GC(737) Pause Young (Allocation Failure)
[86.596s][info][gc,heap        ] GC(737) DefNew: 145727K(157248K)->5963K(157248K) Eden: 139776K(139776K)->0K(139776K) From: 5951K(17472K)->5963K(17472K)
[86.596s][info][gc,heap        ] GC(737) Tenured: 146217K(349568K)->146217K(349568K)
[86.596s][info][gc,metaspace   ] GC(737) Metaspace: 61095K(62016K)->61095K(62016K) NonClass: 53518K(54016K)->53518K(54016K) Class: 7576K(8000K)->7576K(8000K)
[86.596s][info][gc             ] GC(737) Pause Young (Allocation Failure) 285M->148M(494M) 15.492ms
[86.596s][info][gc,cpu         ] GC(737) User=0.02s Sys=0.00s Real=0.02s
[86.688s][info][gc,start       ] GC(738) Pause Young (Allocation Failure)
[86.703s][info][gc,heap        ] GC(738) DefNew: 145739K(157248K)->5963K(157248K) Eden: 139776K(139776K)->0K(139776K) From: 5963K(17472K)->5963K(17472K)
[86.703s][info][gc,heap        ] GC(738) Tenured: 146217K(349568K)->146217K(349568K)
[86.703s][info][gc,metaspace   ] GC(738) Metaspace: 61095K(62016K)->61095K(62016K) NonClass: 53518K(54016K)->53518K(54016K) Class: 7576K(8000K)->7576K(8000K)
[86.703s][info][gc             ] GC(738) Pause Young (Allocation Failure) 285M->148M(494M) 14.802ms
[86.703s][info][gc,cpu         ] GC(738) User=0.02s Sys=0.00s Real=0.02s
[86.790s][info][gc,start       ] GC(739) Pause Young (Allocation Failure)
[86.804s][info][gc,heap        ] GC(739) DefNew: 145739K(157248K)->5964K(157248K) Eden: 139776K(139776K)->0K(139776K) From: 5963K(17472K)->5964K(17472K)
[86.804s][info][gc,heap        ] GC(739) Tenured: 146217K(349568K)->146217K(349568K)
[86.804s][info][gc,metaspace   ] GC(739) Metaspace: 61095K(62016K)->61095K(62016K) NonClass: 53518K(54016K)->53518K(54016K) Class: 7576K(8000K)->7576K(8000K)
[86.805s][info][gc             ] GC(739) Pause Young (Allocation Failure) 285M->148M(494M) 14.610ms
[86.805s][info][gc,cpu         ] GC(739) User=0.02s Sys=0.00s Real=0.02s
[86.891s][info][gc,start       ] GC(740) Pause Young (Allocation Failure)
[86.906s][info][gc,heap        ] GC(740) DefNew: 145740K(157248K)->5964K(157248K) Eden: 139776K(139776K)->0K(139776K) From: 5964K(17472K)->5964K(17472K)
[86.906s][info][gc,heap        ] GC(740) Tenured: 146217K(349568K)->146217K(349568K)
[86.906s][info][gc,metaspace   ] GC(740) Metaspace: 61095K(62016K)->61095K(62016K) NonClass: 53518K(54016K)->53518K(54016K) Class: 7576K(8000K)->7576K(8000K)
[86.906s][info][gc             ] GC(740) Pause Young (Allocation Failure) 285M->148M(494M) 14.659ms
[86.906s][info][gc,cpu         ] GC(740) User=0.02s Sys=0.00s Real=0.02s
[86.994s][info][gc,start       ] GC(741) Pause Young (Allocation Failure)
[87.009s][info][gc,heap        ] GC(741) DefNew: 145740K(157248K)->5963K(157248K) Eden: 139776K(139776K)->0K(139776K) From: 5964K(17472K)->5963K(17472K)
[87.009s][info][gc,heap        ] GC(741) Tenured: 146217K(349568K)->146217K(349568K)
[87.009s][info][gc,metaspace   ] GC(741) Metaspace: 61095K(62016K)->61095K(62016K) NonClass: 53518K(54016K)->53518K(54016K) Class: 7576K(8000K)->7576K(8000K)
[87.009s][info][gc             ] GC(741) Pause Young (Allocation Failure) 285M->148M(494M) 14.489ms
[87.009s][info][gc,cpu         ] GC(741) User=0.02s Sys=0.00s Real=0.02s
[87.105s][info][gc,start       ] GC(742) Pause Young (Allocation Failure)
[87.121s][info][gc,heap        ] GC(742) DefNew: 145739K(157248K)->5964K(157248K) Eden: 139776K(139776K)->0K(139776K) From: 5963K(17472K)->5964K(17472K)
[87.121s][info][gc,heap        ] GC(742) Tenured: 146217K(349568K)->146217K(349568K)
[87.121s][info][gc,metaspace   ] GC(742) Metaspace: 61095K(62016K)->61095K(62016K) NonClass: 53518K(54016K)->53518K(54016K) Class: 7576K(8000K)->7576K(8000K)
[87.121s][info][gc             ] GC(742) Pause Young (Allocation Failure) 285M->148M(494M) 16.522ms
[87.122s][info][gc,cpu         ] GC(742) User=0.02s Sys=0.00s Real=0.02s
[87.216s][info][gc,start       ] GC(743) Pause Young (Allocation Failure)
[87.232s][info][gc,heap        ] GC(743) DefNew: 145740K(157248K)->5963K(157248K) Eden: 139776K(139776K)->0K(139776K) From: 5964K(17472K)->5963K(17472K)
[87.232s][info][gc,heap        ] GC(743) Tenured: 146217K(349568K)->146217K(349568K)
[87.232s][info][gc,metaspace   ] GC(743) Metaspace: 61095K(62016K)->61095K(62016K) NonClass: 53518K(54016K)->53518K(54016K) Class: 7576K(8000K)->7576K(8000K)
[87.232s][info][gc             ] GC(743) Pause Young (Allocation Failure) 285M->148M(494M) 16.333ms
[87.232s][info][gc,cpu         ] GC(743) User=0.02s Sys=0.00s Real=0.01s
[87.319s][info][gc,start       ] GC(744) Pause Young (Allocation Failure)
[87.335s][info][gc,heap        ] GC(744) DefNew: 145739K(157248K)->5963K(157248K) Eden: 139776K(139776K)->0K(139776K) From: 5963K(17472K)->5963K(17472K)
[87.335s][info][gc,heap        ] GC(744) Tenured: 146217K(349568K)->146217K(349568K)
[87.335s][info][gc,metaspace   ] GC(744) Metaspace: 61095K(62016K)->61095K(62016K) NonClass: 53518K(54016K)->53518K(54016K) Class: 7576K(8000K)->7576K(8000K)
[87.335s][info][gc             ] GC(744) Pause Young (Allocation Failure) 285M->148M(494M) 15.803ms
[87.335s][info][gc,cpu         ] GC(744) User=0.02s Sys=0.00s Real=0.02s
[87.362s][info][gc,start       ] GC(745) Pause Full (System.gc())
[87.363s][info][gc,phases,start] GC(745) Phase 1: Mark live objects
[87.452s][info][gc,phases      ] GC(745) Phase 1: Mark live objects 88.852ms
[87.452s][info][gc,phases,start] GC(745) Phase 2: Compute new object addresses
[87.496s][info][gc,phases      ] GC(745) Phase 2: Compute new object addresses 44.522ms
[87.496s][info][gc,phases,start] GC(745) Phase 3: Adjust pointers
[87.542s][info][gc,phases      ] GC(745) Phase 3: Adjust pointers 46.012ms
[87.542s][info][gc,phases,start] GC(745) Phase 4: Move objects
[87.566s][info][gc,phases      ] GC(745) Phase 4: Move objects 24.120ms
[87.567s][info][gc,heap        ] GC(745) DefNew: 17652K(157248K)->0K(157248K) Eden: 11688K(139776K)->0K(139776K) From: 5963K(17472K)->0K(17472K)
[87.567s][info][gc,heap        ] GC(745) Tenured: 146217K(349568K)->102192K(349568K)
[87.567s][info][gc,metaspace   ] GC(745) Metaspace: 61101K(62016K)->61101K(62016K) NonClass: 53524K(54016K)->53524K(54016K) Class: 7576K(8000K)->7576K(8000K)
[87.567s][info][gc             ] GC(745) Pause Full (System.gc()) 160M->99M(494M) 204.474ms
[87.567s][info][gc,cpu         ] GC(745) User=0.20s Sys=0.00s Real=0.20s
[87.683s][info][gc,start       ] GC(746) Pause Young (Allocation Failure)
[87.697s][info][gc,heap        ] GC(746) DefNew: 139776K(157248K)->2951K(157248K) Eden: 139776K(139776K)->0K(139776K) From: 0K(17472K)->2951K(17472K)
[87.698s][info][gc,heap        ] GC(746) Tenured: 102192K(349568K)->102192K(349568K)
[87.698s][info][gc,metaspace   ] GC(746) Metaspace: 61104K(62016K)->61104K(62016K) NonClass: 53527K(54016K)->53527K(54016K) Class: 7576K(8000K)->7576K(8000K)
[87.698s][info][gc             ] GC(746) Pause Young (Allocation Failure) 236M->102M(494M) 15.036ms
[87.698s][info][gc,cpu         ] GC(746) User=0.02s Sys=0.00s Real=0.02s
[87.744s][info][gc,start       ] GC(747) Pause Young (Allocation Failure)
[87.771s][info][gc,heap        ] GC(747) DefNew: 142727K(157248K)->8132K(157248K) Eden: 139776K(139776K)->0K(139776K) From: 2951K(17472K)->8132K(17472K)
[87.771s][info][gc,heap        ] GC(747) Tenured: 102192K(349568K)->102192K(349568K)
[87.771s][info][gc,metaspace   ] GC(747) Metaspace: 61104K(62016K)->61104K(62016K) NonClass: 53527K(54016K)->53527K(54016K) Class: 7576K(8000K)->7576K(8000K)
[87.771s][info][gc             ] GC(747) Pause Young (Allocation Failure) 239M->107M(494M) 26.808ms
[87.771s][info][gc,cpu         ] GC(747) User=0.03s Sys=0.00s Real=0.03s
[87.823s][info][gc,start       ] GC(748) Pause Young (Allocation Failure)
[87.857s][info][gc,heap        ] GC(748) DefNew: 147908K(157248K)->13906K(157248K) Eden: 139776K(139776K)->0K(139776K) From: 8132K(17472K)->13906K(17472K)
[87.869s][info][gc,heap        ] GC(748) Tenured: 102192K(349568K)->102192K(349568K)
[87.869s][info][gc,metaspace   ] GC(748) Metaspace: 61104K(62016K)->61104K(62016K) NonClass: 53527K(54016K)->53527K(54016K) Class: 7576K(8000K)->7576K(8000K)
[87.869s][info][gc             ] GC(748) Pause Young (Allocation Failure) 244M->113M(494M) 45.706ms
[87.869s][info][gc,cpu         ] GC(748) User=0.03s Sys=0.00s Real=0.05s
[87.920s][info][gc,start       ] GC(749) Pause Young (Allocation Failure)
[87.960s][info][gc,heap        ] GC(749) DefNew: 153682K(157248K)->10925K(157248K) Eden: 139776K(139776K)->0K(139776K) From: 13906K(17472K)->10925K(17472K)
[87.960s][info][gc,heap        ] GC(749) Tenured: 102192K(349568K)->109812K(349568K)
[87.960s][info][gc,metaspace   ] GC(749) Metaspace: 61104K(62016K)->61104K(62016K) NonClass: 53527K(54016K)->53527K(54016K) Class: 7576K(8000K)->7576K(8000K)
[87.960s][info][gc             ] GC(749) Pause Young (Allocation Failure) 249M->117M(494M) 39.870ms
[87.960s][info][gc,cpu         ] GC(749) User=0.05s Sys=0.00s Real=0.05s
[88.017s][info][gc,start       ] GC(750) Pause Young (Allocation Failure)
[88.058s][info][gc,heap        ] GC(750) DefNew: 150701K(157248K)->10312K(157248K) Eden: 139776K(139776K)->0K(139776K) From: 10925K(17472K)->10312K(17472K)
[88.058s][info][gc,heap        ] GC(750) Tenured: 109812K(349568K)->116097K(349568K)
[88.058s][info][gc,metaspace   ] GC(750) Metaspace: 61104K(62016K)->61104K(62016K) NonClass: 53527K(54016K)->53527K(54016K) Class: 7576K(8000K)->7576K(8000K)
[88.058s][info][gc             ] GC(750) Pause Young (Allocation Failure) 254M->123M(494M) 40.809ms
[88.058s][info][gc,cpu         ] GC(750) User=0.03s Sys=0.00s Real=0.03s
[88.115s][info][gc,start       ] GC(751) Pause Young (Allocation Failure)
[88.154s][info][gc,heap        ] GC(751) DefNew: 150088K(157248K)->12878K(157248K) Eden: 139776K(139776K)->0K(139776K) From: 10312K(17472K)->12878K(17472K)
[88.154s][info][gc,heap        ] GC(751) Tenured: 116097K(349568K)->120737K(349568K)
[88.154s][info][gc,metaspace   ] GC(751) Metaspace: 61104K(62016K)->61104K(62016K) NonClass: 53527K(54016K)->53527K(54016K) Class: 7576K(8000K)->7576K(8000K)
[88.154s][info][gc             ] GC(751) Pause Young (Allocation Failure) 259M->130M(494M) 38.750ms
[88.154s][info][gc,cpu         ] GC(751) User=0.03s Sys=0.00s Real=0.03s
[88.209s][info][gc,start       ] GC(752) Pause Young (Allocation Failure)
[88.249s][info][gc,heap        ] GC(752) DefNew: 152654K(157248K)->12864K(157248K) Eden: 139776K(139776K)->0K(139776K) From: 12878K(17472K)->12864K(17472K)
[88.249s][info][gc,heap        ] GC(752) Tenured: 120737K(349568K)->126409K(349568K)
[88.249s][info][gc,metaspace   ] GC(752) Metaspace: 61104K(62016K)->61104K(62016K) NonClass: 53527K(54016K)->53527K(54016K) Class: 7576K(8000K)->7576K(8000K)
[88.250s][info][gc             ] GC(752) Pause Young (Allocation Failure) 266M->136M(494M) 40.490ms
[88.250s][info][gc,cpu         ] GC(752) User=0.03s Sys=0.00s Real=0.03s
[88.304s][info][gc,start       ] GC(753) Pause Young (Allocation Failure)
[88.342s][info][gc,heap        ] GC(753) DefNew: 152640K(157248K)->11338K(157248K) Eden: 139776K(139776K)->0K(139776K) From: 12864K(17472K)->11338K(17472K)
[88.342s][info][gc,heap        ] GC(753) Tenured: 126409K(349568K)->133615K(349568K)
[88.342s][info][gc,metaspace   ] GC(753) Metaspace: 61104K(62016K)->61104K(62016K) NonClass: 53527K(54016K)->53527K(54016K) Class: 7576K(8000K)->7576K(8000K)
[88.342s][info][gc             ] GC(753) Pause Young (Allocation Failure) 272M->141M(494M) 37.788ms
[88.342s][info][gc,cpu         ] GC(753) User=0.03s Sys=0.00s Real=0.03s
[88.403s][info][gc,start       ] GC(754) Pause Young (Allocation Failure)
[88.431s][info][gc,heap        ] GC(754) DefNew: 151114K(157248K)->6619K(157248K) Eden: 139776K(139776K)->0K(139776K) From: 11338K(17472K)->6619K(17472K)
[88.431s][info][gc,heap        ] GC(754) Tenured: 133615K(349568K)->139273K(349568K)
[88.431s][info][gc,metaspace   ] GC(754) Metaspace: 61104K(62016K)->61104K(62016K) NonClass: 53527K(54016K)->53527K(54016K) Class: 7576K(8000K)->7576K(8000K)
[88.431s][info][gc             ] GC(754) Pause Young (Allocation Failure) 278M->142M(494M) 28.201ms
[88.431s][info][gc,cpu         ] GC(754) User=0.03s Sys=0.00s Real=0.03s
[88.487s][info][gc,start       ] GC(755) Pause Young (Allocation Failure)
[88.503s][info][gc,heap        ] GC(755) DefNew: 146395K(157248K)->6619K(157248K) Eden: 139776K(139776K)->0K(139776K) From: 6619K(17472K)->6619K(17472K)
[88.503s][info][gc,heap        ] GC(755) Tenured: 139273K(349568K)->139273K(349568K)
[88.503s][info][gc,metaspace   ] GC(755) Metaspace: 61104K(62016K)->61104K(62016K) NonClass: 53527K(54016K)->53527K(54016K) Class: 7576K(8000K)->7576K(8000K)
[88.503s][info][gc             ] GC(755) Pause Young (Allocation Failure) 278M->142M(494M) 16.270ms
[88.503s][info][gc,cpu         ] GC(755) User=0.02s Sys=0.00s Real=0.02s
[88.550s][info][gc,start       ] GC(756) Pause Young (Allocation Failure)
[88.565s][info][gc,heap        ] GC(756) DefNew: 146395K(157248K)->6619K(157248K) Eden: 139776K(139776K)->0K(139776K) From: 6619K(17472K)->6619K(17472K)
[88.565s][info][gc,heap        ] GC(756) Tenured: 139273K(349568K)->139273K(349568K)
[88.565s][info][gc,metaspace   ] GC(756) Metaspace: 61104K(62016K)->61104K(62016K) NonClass: 53527K(54016K)->53527K(54016K) Class: 7576K(8000K)->7576K(8000K)
[88.565s][info][gc             ] GC(756) Pause Young (Allocation Failure) 278M->142M(494M) 15.576ms
[88.566s][info][gc,cpu         ] GC(756) User=0.02s Sys=0.00s Real=0.02s
[88.615s][info][gc,start       ] GC(757) Pause Young (Allocation Failure)
[88.632s][info][gc,heap        ] GC(757) DefNew: 146395K(157248K)->6619K(157248K) Eden: 139776K(139776K)->0K(139776K) From: 6619K(17472K)->6619K(17472K)
[88.632s][info][gc,heap        ] GC(757) Tenured: 139273K(349568K)->139273K(349568K)
[88.632s][info][gc,metaspace   ] GC(757) Metaspace: 61104K(62016K)->61104K(62016K) NonClass: 53527K(54016K)->53527K(54016K) Class: 7576K(8000K)->7576K(8000K)
[88.632s][info][gc             ] GC(757) Pause Young (Allocation Failure) 278M->142M(494M) 17.014ms
[88.632s][info][gc,cpu         ] GC(757) User=0.02s Sys=0.00s Real=0.02s
[88.680s][info][gc,start       ] GC(758) Pause Young (Allocation Failure)
[88.695s][info][gc,heap        ] GC(758) DefNew: 146395K(157248K)->6619K(157248K) Eden: 139776K(139776K)->0K(139776K) From: 6619K(17472K)->6619K(17472K)
[88.695s][info][gc,heap        ] GC(758) Tenured: 139273K(349568K)->139273K(349568K)
[88.695s][info][gc,metaspace   ] GC(758) Metaspace: 61104K(62016K)->61104K(62016K) NonClass: 53527K(54016K)->53527K(54016K) Class: 7576K(8000K)->7576K(8000K)
[88.695s][info][gc             ] GC(758) Pause Young (Allocation Failure) 278M->142M(494M) 15.314ms
[88.695s][info][gc,cpu         ] GC(758) User=0.02s Sys=0.00s Real=0.02s
[88.745s][info][gc,start       ] GC(759) Pause Young (Allocation Failure)
[88.762s][info][gc,heap        ] GC(759) DefNew: 146395K(157248K)->6619K(157248K) Eden: 139776K(139776K)->0K(139776K) From: 6619K(17472K)->6619K(17472K)
[88.762s][info][gc,heap        ] GC(759) Tenured: 139273K(349568K)->139273K(349568K)
[88.762s][info][gc,metaspace   ] GC(759) Metaspace: 61104K(62016K)->61104K(62016K) NonClass: 53527K(54016K)->53527K(54016K) Class: 7576K(8000K)->7576K(8000K)
[88.762s][info][gc             ] GC(759) Pause Young (Allocation Failure) 278M->142M(494M) 17.249ms
[88.762s][info][gc,cpu         ] GC(759) User=0.02s Sys=0.00s Real=0.02s
[88.850s][info][gc,start       ] GC(760) Pause Young (Allocation Failure)
[88.866s][info][gc,heap        ] GC(760) DefNew: 146395K(157248K)->6631K(157248K) Eden: 139776K(139776K)->0K(139776K) From: 6619K(17472K)->6631K(17472K)
[88.866s][info][gc,heap        ] GC(760) Tenured: 139273K(349568K)->139273K(349568K)
[88.866s][info][gc,metaspace   ] GC(760) Metaspace: 61104K(62016K)->61104K(62016K) NonClass: 53527K(54016K)->53527K(54016K) Class: 7576K(8000K)->7576K(8000K)
[88.866s][info][gc             ] GC(760) Pause Young (Allocation Failure) 278M->142M(494M) 15.488ms
[88.866s][info][gc,cpu         ] GC(760) User=0.02s Sys=0.00s Real=0.02s
[88.964s][info][gc,start       ] GC(761) Pause Young (Allocation Failure)
[88.982s][info][gc,heap        ] GC(761) DefNew: 146407K(157248K)->6632K(157248K) Eden: 139776K(139776K)->0K(139776K) From: 6631K(17472K)->6632K(17472K)
[88.982s][info][gc,heap        ] GC(761) Tenured: 139273K(349568K)->139273K(349568K)
[88.982s][info][gc,metaspace   ] GC(761) Metaspace: 61104K(62016K)->61104K(62016K) NonClass: 53527K(54016K)->53527K(54016K) Class: 7576K(8000K)->7576K(8000K)
[88.982s][info][gc             ] GC(761) Pause Young (Allocation Failure) 278M->142M(494M) 17.914ms
[88.982s][info][gc,cpu         ] GC(761) User=0.02s Sys=0.00s Real=0.01s
[89.071s][info][gc,start       ] GC(762) Pause Young (Allocation Failure)
[89.086s][info][gc,heap        ] GC(762) DefNew: 146408K(157248K)->6632K(157248K) Eden: 139776K(139776K)->0K(139776K) From: 6632K(17472K)->6632K(17472K)
[89.086s][info][gc,heap        ] GC(762) Tenured: 139273K(349568K)->139273K(349568K)
[89.086s][info][gc,metaspace   ] GC(762) Metaspace: 61104K(62016K)->61104K(62016K) NonClass: 53527K(54016K)->53527K(54016K) Class: 7576K(8000K)->7576K(8000K)
[89.086s][info][gc             ] GC(762) Pause Young (Allocation Failure) 278M->142M(494M) 15.820ms
[89.087s][info][gc,cpu         ] GC(762) User=0.02s Sys=0.00s Real=0.02s
[89.190s][info][gc,start       ] GC(763) Pause Young (Allocation Failure)
[89.206s][info][gc,heap        ] GC(763) DefNew: 146408K(157248K)->6631K(157248K) Eden: 139776K(139776K)->0K(139776K) From: 6632K(17472K)->6631K(17472K)
[89.206s][info][gc,heap        ] GC(763) Tenured: 139273K(349568K)->139273K(349568K)
[89.206s][info][gc,metaspace   ] GC(763) Metaspace: 61104K(62016K)->61104K(62016K) NonClass: 53527K(54016K)->53527K(54016K) Class: 7576K(8000K)->7576K(8000K)
[89.206s][info][gc             ] GC(763) Pause Young (Allocation Failure) 278M->142M(494M) 16.495ms
[89.206s][info][gc,cpu         ] GC(763) User=0.02s Sys=0.00s Real=0.02s
[89.304s][info][gc,start       ] GC(764) Pause Young (Allocation Failure)
[89.362s][info][gc,heap        ] GC(764) DefNew: 146407K(157248K)->6631K(157248K) Eden: 139776K(139776K)->0K(139776K) From: 6631K(17472K)->6631K(17472K)
[89.362s][info][gc,heap        ] GC(764) Tenured: 139273K(349568K)->139273K(349568K)
[89.362s][info][gc,metaspace   ] GC(764) Metaspace: 61104K(62016K)->61104K(62016K) NonClass: 53527K(54016K)->53527K(54016K) Class: 7576K(8000K)->7576K(8000K)
[89.362s][info][gc             ] GC(764) Pause Young (Allocation Failure) 278M->142M(494M) 57.374ms
[89.362s][info][gc,cpu         ] GC(764) User=0.02s Sys=0.00s Real=0.06s
[89.458s][info][gc,start       ] GC(765) Pause Young (Allocation Failure)
[89.475s][info][gc,heap        ] GC(765) DefNew: 146407K(157248K)->6631K(157248K) Eden: 139776K(139776K)->0K(139776K) From: 6631K(17472K)->6631K(17472K)
[89.475s][info][gc,heap        ] GC(765) Tenured: 139273K(349568K)->139273K(349568K)
[89.475s][info][gc,metaspace   ] GC(765) Metaspace: 61104K(62016K)->61104K(62016K) NonClass: 53527K(54016K)->53527K(54016K) Class: 7576K(8000K)->7576K(8000K)
[89.475s][info][gc             ] GC(765) Pause Young (Allocation Failure) 278M->142M(494M) 17.657ms
[89.475s][info][gc,cpu         ] GC(765) User=0.02s Sys=0.00s Real=0.01s
[89.563s][info][gc,start       ] GC(766) Pause Young (Allocation Failure)
[89.579s][info][gc,heap        ] GC(766) DefNew: 146407K(157248K)->6631K(157248K) Eden: 139776K(139776K)->0K(139776K) From: 6631K(17472K)->6631K(17472K)
[89.579s][info][gc,heap        ] GC(766) Tenured: 139273K(349568K)->139273K(349568K)
[89.579s][info][gc,metaspace   ] GC(766) Metaspace: 61104K(62016K)->61104K(62016K) NonClass: 53527K(54016K)->53527K(54016K) Class: 7576K(8000K)->7576K(8000K)
[89.579s][info][gc             ] GC(766) Pause Young (Allocation Failure) 278M->142M(494M) 15.966ms
[89.579s][info][gc,cpu         ] GC(766) User=0.02s Sys=0.00s Real=0.02s
[89.608s][info][gc,start       ] GC(767) Pause Full (System.gc())
[89.608s][info][gc,phases,start] GC(767) Phase 1: Mark live objects
[89.687s][info][gc,phases      ] GC(767) Phase 1: Mark live objects 78.585ms
[89.687s][info][gc,phases,start] GC(767) Phase 2: Compute new object addresses
[89.743s][info][gc,phases      ] GC(767) Phase 2: Compute new object addresses 56.762ms
[89.743s][info][gc,phases,start] GC(767) Phase 3: Adjust pointers
[89.787s][info][gc,phases      ] GC(767) Phase 3: Adjust pointers 43.347ms
[89.787s][info][gc,phases,start] GC(767) Phase 4: Move objects
[89.787s][info][gc,phases      ] GC(767) Phase 4: Move objects 0.029ms
[89.787s][info][gc,heap        ] GC(767) DefNew: 17906K(157248K)->0K(157248K) Eden: 11274K(139776K)->0K(139776K) From: 6631K(17472K)->0K(17472K)
[89.787s][info][gc,heap        ] GC(767) Tenured: 139273K(349568K)->102621K(349568K)
[89.787s][info][gc,metaspace   ] GC(767) Metaspace: 61104K(62016K)->61104K(62016K) NonClass: 53527K(54016K)->53527K(54016K) Class: 7576K(8000K)->7576K(8000K)
[89.787s][info][gc             ] GC(767) Pause Full (System.gc()) 153M->100M(494M) 179.663ms
[89.787s][info][gc,cpu         ] GC(767) User=0.17s Sys=0.00s Real=0.17s
[89.904s][info][gc,start       ] GC(768) Pause Young (Allocation Failure)
[89.919s][info][gc,heap        ] GC(768) DefNew: 139776K(157248K)->2966K(157248K) Eden: 139776K(139776K)->0K(139776K) From: 0K(17472K)->2966K(17472K)
[89.919s][info][gc,heap        ] GC(768) Tenured: 102621K(349568K)->102621K(349568K)
[89.919s][info][gc,metaspace   ] GC(768) Metaspace: 61122K(62016K)->61122K(62016K) NonClass: 53545K(54016K)->53545K(54016K) Class: 7576K(8000K)->7576K(8000K)
[89.919s][info][gc             ] GC(768) Pause Young (Allocation Failure) 236M->103M(494M) 15.217ms
[89.919s][info][gc,cpu         ] GC(768) User=0.02s Sys=0.00s Real=0.02s
[89.973s][info][gc,start       ] GC(769) Pause Young (Allocation Failure)
[90.004s][info][gc,heap        ] GC(769) DefNew: 142742K(157248K)->9156K(157248K) Eden: 139776K(139776K)->0K(139776K) From: 2966K(17472K)->9156K(17472K)
[90.004s][info][gc,heap        ] GC(769) Tenured: 102621K(349568K)->102621K(349568K)
[90.004s][info][gc,metaspace   ] GC(769) Metaspace: 61122K(62016K)->61122K(62016K) NonClass: 53546K(54016K)->53546K(54016K) Class: 7576K(8000K)->7576K(8000K)
[90.004s][info][gc             ] GC(769) Pause Young (Allocation Failure) 239M->109M(494M) 30.971ms
[90.004s][info][gc,cpu         ] GC(769) User=0.03s Sys=0.00s Real=0.03s
[90.059s][info][gc,start       ] GC(770) Pause Young (Allocation Failure)
[90.096s][info][gc,heap        ] GC(770) DefNew: 148932K(157248K)->12291K(157248K) Eden: 139776K(139776K)->0K(139776K) From: 9156K(17472K)->12291K(17472K)
[90.096s][info][gc,heap        ] GC(770) Tenured: 102621K(349568K)->105451K(349568K)
[90.096s][info][gc,metaspace   ] GC(770) Metaspace: 61122K(62016K)->61122K(62016K) NonClass: 53546K(54016K)->53546K(54016K) Class: 7576K(8000K)->7576K(8000K)
[90.096s][info][gc             ] GC(770) Pause Young (Allocation Failure) 245M->114M(494M) 37.144ms
[90.096s][info][gc,cpu         ] GC(770) User=0.03s Sys=0.00s Real=0.03s
[90.158s][info][gc,start       ] GC(771) Pause Young (Allocation Failure)
[90.200s][info][gc,heap        ] GC(771) DefNew: 152067K(157248K)->13293K(157248K) Eden: 139776K(139776K)->0K(139776K) From: 12291K(17472K)->13293K(17472K)
[90.200s][info][gc,heap        ] GC(771) Tenured: 105451K(349568K)->111264K(349568K)
[90.200s][info][gc,metaspace   ] GC(771) Metaspace: 61122K(62016K)->61122K(62016K) NonClass: 53546K(54016K)->53546K(54016K) Class: 7576K(8000K)->7576K(8000K)
[90.200s][info][gc             ] GC(771) Pause Young (Allocation Failure) 251M->121M(494M) 42.312ms
[90.200s][info][gc,cpu         ] GC(771) User=0.05s Sys=0.00s Real=0.05s
[90.257s][info][gc,start       ] GC(772) Pause Young (Allocation Failure)
[90.296s][info][gc,heap        ] GC(772) DefNew: 153069K(157248K)->14105K(157248K) Eden: 139776K(139776K)->0K(139776K) From: 13293K(17472K)->14105K(17472K)
[90.296s][info][gc,heap        ] GC(772) Tenured: 111264K(349568K)->116717K(349568K)
[90.296s][info][gc,metaspace   ] GC(772) Metaspace: 61122K(62016K)->61122K(62016K) NonClass: 53546K(54016K)->53546K(54016K) Class: 7576K(8000K)->7576K(8000K)
[90.296s][info][gc             ] GC(772) Pause Young (Allocation Failure) 258M->127M(494M) 38.327ms
[90.296s][info][gc,cpu         ] GC(772) User=0.05s Sys=0.00s Real=0.05s
[90.349s][info][gc,start       ] GC(773) Pause Young (Allocation Failure)
[90.390s][info][gc,heap        ] GC(773) DefNew: 153881K(157248K)->12892K(157248K) Eden: 139776K(139776K)->0K(139776K) From: 14105K(17472K)->12892K(17472K)
[90.390s][info][gc,heap        ] GC(773) Tenured: 116717K(349568K)->123533K(349568K)
[90.390s][info][gc,metaspace   ] GC(773) Metaspace: 61122K(62016K)->61122K(62016K) NonClass: 53546K(54016K)->53546K(54016K) Class: 7576K(8000K)->7576K(8000K)
[90.390s][info][gc             ] GC(773) Pause Young (Allocation Failure) 264M->133M(494M) 40.523ms
[90.390s][info][gc,cpu         ] GC(773) User=0.05s Sys=0.00s Real=0.05s
[90.444s][info][gc,start       ] GC(774) Pause Young (Allocation Failure)
[90.487s][info][gc,heap        ] GC(774) DefNew: 152668K(157248K)->11301K(157248K) Eden: 139776K(139776K)->0K(139776K) From: 12892K(17472K)->11301K(17472K)
[90.487s][info][gc,heap        ] GC(774) Tenured: 123533K(349568K)->130822K(349568K)
[90.487s][info][gc,metaspace   ] GC(774) Metaspace: 61122K(62016K)->61122K(62016K) NonClass: 53546K(54016K)->53546K(54016K) Class: 7576K(8000K)->7576K(8000K)
[90.487s][info][gc             ] GC(774) Pause Young (Allocation Failure) 269M->138M(494M) 43.422ms
[90.487s][info][gc,cpu         ] GC(774) User=0.05s Sys=0.00s Real=0.05s
[90.544s][info][gc,start       ] GC(775) Pause Young (Allocation Failure)
[90.578s][info][gc,heap        ] GC(775) DefNew: 151077K(157248K)->8873K(157248K) Eden: 139776K(139776K)->0K(139776K) From: 11301K(17472K)->8873K(17472K)
[90.578s][info][gc,heap        ] GC(775) Tenured: 130822K(349568K)->136424K(349568K)
[90.578s][info][gc,metaspace   ] GC(775) Metaspace: 61123K(62016K)->61123K(62016K) NonClass: 53546K(54016K)->53546K(54016K) Class: 7576K(8000K)->7576K(8000K)
[90.578s][info][gc             ] GC(775) Pause Young (Allocation Failure) 275M->141M(494M) 33.620ms
[90.578s][info][gc,cpu         ] GC(775) User=0.03s Sys=0.00s Real=0.03s
[90.634s][info][gc,start       ] GC(776) Pause Young (Allocation Failure)
[90.810s][info][gc,heap        ] GC(776) DefNew: 148649K(157248K)->3174K(157248K) Eden: 139776K(139776K)->0K(139776K) From: 8873K(17472K)->3174K(17472K)
[90.811s][info][gc,heap        ] GC(776) Tenured: 136424K(349568K)->142124K(349568K)
[90.811s][info][gc,metaspace   ] GC(776) Metaspace: 61123K(62016K)->61123K(62016K) NonClass: 53546K(54016K)->53546K(54016K) Class: 7576K(8000K)->7576K(8000K)
[90.811s][info][gc             ] GC(776) Pause Young (Allocation Failure) 278M->141M(494M) 176.586ms
[90.811s][info][gc,cpu         ] GC(776) User=0.03s Sys=0.00s Real=0.19s
[90.867s][info][gc,start       ] GC(777) Pause Young (Allocation Failure)
[90.877s][info][gc,heap        ] GC(777) DefNew: 142950K(157248K)->3174K(157248K) Eden: 139776K(139776K)->0K(139776K) From: 3174K(17472K)->3174K(17472K)
[90.877s][info][gc,heap        ] GC(777) Tenured: 142124K(349568K)->142124K(349568K)
[90.877s][info][gc,metaspace   ] GC(777) Metaspace: 61123K(62016K)->61123K(62016K) NonClass: 53546K(54016K)->53546K(54016K) Class: 7576K(8000K)->7576K(8000K)
[90.877s][info][gc             ] GC(777) Pause Young (Allocation Failure) 278M->141M(494M) 10.195ms
[90.877s][info][gc,cpu         ] GC(777) User=0.02s Sys=0.00s Real=0.02s
[90.923s][info][gc,start       ] GC(778) Pause Young (Allocation Failure)
[90.932s][info][gc,heap        ] GC(778) DefNew: 142950K(157248K)->3174K(157248K) Eden: 139776K(139776K)->0K(139776K) From: 3174K(17472K)->3174K(17472K)
[90.932s][info][gc,heap        ] GC(778) Tenured: 142124K(349568K)->142124K(349568K)
[90.932s][info][gc,metaspace   ] GC(778) Metaspace: 61123K(62016K)->61123K(62016K) NonClass: 53546K(54016K)->53546K(54016K) Class: 7576K(8000K)->7576K(8000K)
[90.933s][info][gc             ] GC(778) Pause Young (Allocation Failure) 278M->141M(494M) 9.964ms
[90.933s][info][gc,cpu         ] GC(778) User=0.00s Sys=0.00s Real=0.00s
[90.978s][info][gc,start       ] GC(779) Pause Young (Allocation Failure)
[90.988s][info][gc,heap        ] GC(779) DefNew: 142950K(157248K)->3174K(157248K) Eden: 139776K(139776K)->0K(139776K) From: 3174K(17472K)->3174K(17472K)
[90.988s][info][gc,heap        ] GC(779) Tenured: 142124K(349568K)->142124K(349568K)
[90.988s][info][gc,metaspace   ] GC(779) Metaspace: 61123K(62016K)->61123K(62016K) NonClass: 53546K(54016K)->53546K(54016K) Class: 7576K(8000K)->7576K(8000K)
[90.988s][info][gc             ] GC(779) Pause Young (Allocation Failure) 278M->141M(494M) 9.988ms
[90.988s][info][gc,cpu         ] GC(779) User=0.02s Sys=0.00s Real=0.02s
[91.033s][info][gc,start       ] GC(780) Pause Young (Allocation Failure)
[91.043s][info][gc,heap        ] GC(780) DefNew: 142950K(157248K)->3174K(157248K) Eden: 139776K(139776K)->0K(139776K) From: 3174K(17472K)->3174K(17472K)
[91.043s][info][gc,heap        ] GC(780) Tenured: 142124K(349568K)->142124K(349568K)
[91.043s][info][gc,metaspace   ] GC(780) Metaspace: 61123K(62016K)->61123K(62016K) NonClass: 53546K(54016K)->53546K(54016K) Class: 7576K(8000K)->7576K(8000K)
[91.043s][info][gc             ] GC(780) Pause Young (Allocation Failure) 278M->141M(494M) 10.003ms
[91.043s][info][gc,cpu         ] GC(780) User=0.02s Sys=0.00s Real=0.01s
[91.089s][info][gc,start       ] GC(781) Pause Young (Allocation Failure)
[91.098s][info][gc,heap        ] GC(781) DefNew: 142950K(157248K)->3174K(157248K) Eden: 139776K(139776K)->0K(139776K) From: 3174K(17472K)->3174K(17472K)
[91.098s][info][gc,heap        ] GC(781) Tenured: 142124K(349568K)->142124K(349568K)
[91.098s][info][gc,metaspace   ] GC(781) Metaspace: 61123K(62016K)->61123K(62016K) NonClass: 53546K(54016K)->53546K(54016K) Class: 7576K(8000K)->7576K(8000K)
[91.099s][info][gc             ] GC(781) Pause Young (Allocation Failure) 278M->141M(494M) 9.726ms
[91.099s][info][gc,cpu         ] GC(781) User=0.00s Sys=0.00s Real=0.00s
[91.169s][info][gc,start       ] GC(782) Pause Young (Allocation Failure)
[91.180s][info][gc,heap        ] GC(782) DefNew: 142950K(157248K)->3186K(157248K) Eden: 139776K(139776K)->0K(139776K) From: 3174K(17472K)->3186K(17472K)
[91.180s][info][gc,heap        ] GC(782) Tenured: 142124K(349568K)->142124K(349568K)
[91.180s][info][gc,metaspace   ] GC(782) Metaspace: 61123K(62016K)->61123K(62016K) NonClass: 53546K(54016K)->53546K(54016K) Class: 7576K(8000K)->7576K(8000K)
[91.180s][info][gc             ] GC(782) Pause Young (Allocation Failure) 278M->141M(494M) 10.335ms
[91.180s][info][gc,cpu         ] GC(782) User=0.00s Sys=0.00s Real=0.00s
[91.264s][info][gc,start       ] GC(783) Pause Young (Allocation Failure)
[91.274s][info][gc,heap        ] GC(783) DefNew: 142962K(157248K)->3186K(157248K) Eden: 139776K(139776K)->0K(139776K) From: 3186K(17472K)->3186K(17472K)
[91.274s][info][gc,heap        ] GC(783) Tenured: 142124K(349568K)->142124K(349568K)
[91.274s][info][gc,metaspace   ] GC(783) Metaspace: 61123K(62016K)->61123K(62016K) NonClass: 53546K(54016K)->53546K(54016K) Class: 7576K(8000K)->7576K(8000K)
[91.274s][info][gc             ] GC(783) Pause Young (Allocation Failure) 278M->141M(494M) 10.095ms
[91.274s][info][gc,cpu         ] GC(783) User=0.00s Sys=0.00s Real=0.00s
[91.357s][info][gc,start       ] GC(784) Pause Young (Allocation Failure)
[91.367s][info][gc,heap        ] GC(784) DefNew: 142962K(157248K)->3186K(157248K) Eden: 139776K(139776K)->0K(139776K) From: 3186K(17472K)->3186K(17472K)
[91.367s][info][gc,heap        ] GC(784) Tenured: 142124K(349568K)->142124K(349568K)
[91.367s][info][gc,metaspace   ] GC(784) Metaspace: 61123K(62016K)->61123K(62016K) NonClass: 53546K(54016K)->53546K(54016K) Class: 7576K(8000K)->7576K(8000K)
[91.367s][info][gc             ] GC(784) Pause Young (Allocation Failure) 278M->141M(494M) 10.064ms
[91.368s][info][gc,cpu         ] GC(784) User=0.00s Sys=0.00s Real=0.00s
[91.453s][info][gc,start       ] GC(785) Pause Young (Allocation Failure)
[91.463s][info][gc,heap        ] GC(785) DefNew: 142962K(157248K)->3186K(157248K) Eden: 139776K(139776K)->0K(139776K) From: 3186K(17472K)->3186K(17472K)
[91.463s][info][gc,heap        ] GC(785) Tenured: 142124K(349568K)->142124K(349568K)
[91.463s][info][gc,metaspace   ] GC(785) Metaspace: 61123K(62016K)->61123K(62016K) NonClass: 53546K(54016K)->53546K(54016K) Class: 7576K(8000K)->7576K(8000K)
[91.463s][info][gc             ] GC(785) Pause Young (Allocation Failure) 278M->141M(494M) 10.048ms
[91.463s][info][gc,cpu         ] GC(785) User=0.00s Sys=0.00s Real=0.00s
[91.546s][info][gc,start       ] GC(786) Pause Young (Allocation Failure)
[91.556s][info][gc,heap        ] GC(786) DefNew: 142962K(157248K)->3186K(157248K) Eden: 139776K(139776K)->0K(139776K) From: 3186K(17472K)->3186K(17472K)
[91.556s][info][gc,heap        ] GC(786) Tenured: 142124K(349568K)->142124K(349568K)
[91.556s][info][gc,metaspace   ] GC(786) Metaspace: 61123K(62016K)->61123K(62016K) NonClass: 53546K(54016K)->53546K(54016K) Class: 7576K(8000K)->7576K(8000K)
[91.556s][info][gc             ] GC(786) Pause Young (Allocation Failure) 278M->141M(494M) 10.157ms
[91.556s][info][gc,cpu         ] GC(786) User=0.00s Sys=0.00s Real=0.00s
[91.657s][info][gc,start       ] GC(787) Pause Young (Allocation Failure)
[91.667s][info][gc,heap        ] GC(787) DefNew: 142962K(157248K)->3186K(157248K) Eden: 139776K(139776K)->0K(139776K) From: 3186K(17472K)->3186K(17472K)
[91.667s][info][gc,heap        ] GC(787) Tenured: 142124K(349568K)->142124K(349568K)
[91.667s][info][gc,metaspace   ] GC(787) Metaspace: 61123K(62016K)->61123K(62016K) NonClass: 53546K(54016K)->53546K(54016K) Class: 7576K(8000K)->7576K(8000K)
[91.667s][info][gc             ] GC(787) Pause Young (Allocation Failure) 278M->141M(494M) 10.037ms
[91.667s][info][gc,cpu         ] GC(787) User=0.00s Sys=0.00s Real=0.00s
[91.751s][info][gc,start       ] GC(788) Pause Young (Allocation Failure)
[91.761s][info][gc,heap        ] GC(788) DefNew: 142962K(157248K)->3186K(157248K) Eden: 139776K(139776K)->0K(139776K) From: 3186K(17472K)->3186K(17472K)
[91.761s][info][gc,heap        ] GC(788) Tenured: 142124K(349568K)->142124K(349568K)
[91.761s][info][gc,metaspace   ] GC(788) Metaspace: 61123K(62016K)->61123K(62016K) NonClass: 53546K(54016K)->53546K(54016K) Class: 7576K(8000K)->7576K(8000K)
[91.761s][info][gc             ] GC(788) Pause Young (Allocation Failure) 278M->141M(494M) 10.107ms
[91.761s][info][gc,cpu         ] GC(788) User=0.00s Sys=0.00s Real=0.00s
[91.885s][info][gc,start       ] GC(789) Pause Full (System.gc())
[91.885s][info][gc,phases,start] GC(789) Phase 1: Mark live objects
[91.965s][info][gc,phases      ] GC(789) Phase 1: Mark live objects 79.902ms
[91.965s][info][gc,phases,start] GC(789) Phase 2: Compute new object addresses
[92.009s][info][gc,phases      ] GC(789) Phase 2: Compute new object addresses 43.997ms
[92.009s][info][gc,phases,start] GC(789) Phase 3: Adjust pointers
[92.052s][info][gc,phases      ] GC(789) Phase 3: Adjust pointers 43.279ms
[92.052s][info][gc,phases,start] GC(789) Phase 4: Move objects
[92.052s][info][gc,phases      ] GC(789) Phase 4: Move objects 0.029ms
[92.053s][info][gc,heap        ] GC(789) DefNew: 14697K(157248K)->0K(157248K) Eden: 11511K(139776K)->0K(139776K) From: 3186K(17472K)->0K(17472K)
[92.053s][info][gc,heap        ] GC(789) Tenured: 142124K(349568K)->106940K(349568K)
[92.053s][info][gc,metaspace   ] GC(789) Metaspace: 61136K(62016K)->61136K(62016K) NonClass: 53559K(54016K)->53559K(54016K) Class: 7576K(8000K)->7576K(8000K)
[92.053s][info][gc             ] GC(789) Pause Full (System.gc()) 153M->104M(494M) 168.150ms
[92.053s][info][gc,cpu         ] GC(789) User=0.17s Sys=0.00s Real=0.17s
[92.180s][info][gc,start       ] GC(790) Pause Young (Allocation Failure)
[92.192s][info][gc,heap        ] GC(790) DefNew: 139776K(157248K)->2127K(157248K) Eden: 139776K(139776K)->0K(139776K) From: 0K(17472K)->2127K(17472K)
[92.192s][info][gc,heap        ] GC(790) Tenured: 106940K(349568K)->106940K(349568K)
[92.192s][info][gc,metaspace   ] GC(790) Metaspace: 61140K(62016K)->61140K(62016K) NonClass: 53564K(54016K)->53564K(54016K) Class: 7576K(8000K)->7576K(8000K)
[92.192s][info][gc             ] GC(790) Pause Young (Allocation Failure) 240M->106M(494M) 11.840ms
[92.192s][info][gc,cpu         ] GC(790) User=0.02s Sys=0.00s Real=0.02s
[92.246s][info][gc,start       ] GC(791) Pause Young (Allocation Failure)
[92.275s][info][gc,heap        ] GC(791) DefNew: 141903K(157248K)->7956K(157248K) Eden: 139776K(139776K)->0K(139776K) From: 2127K(17472K)->7956K(17472K)
[92.275s][info][gc,heap        ] GC(791) Tenured: 106940K(349568K)->106940K(349568K)
[92.275s][info][gc,metaspace   ] GC(791) Metaspace: 61140K(62016K)->61140K(62016K) NonClass: 53564K(54016K)->53564K(54016K) Class: 7576K(8000K)->7576K(8000K)
[92.275s][info][gc             ] GC(791) Pause Young (Allocation Failure) 243M->112M(494M) 29.186ms
[92.275s][info][gc,cpu         ] GC(791) User=0.03s Sys=0.00s Real=0.04s
[92.327s][info][gc,start       ] GC(792) Pause Young (Allocation Failure)
[92.361s][info][gc,heap        ] GC(792) DefNew: 147732K(157248K)->13785K(157248K) Eden: 139776K(139776K)->0K(139776K) From: 7956K(17472K)->13785K(17472K)
[92.361s][info][gc,heap        ] GC(792) Tenured: 106940K(349568K)->106940K(349568K)
[92.361s][info][gc,metaspace   ] GC(792) Metaspace: 61140K(62016K)->61140K(62016K) NonClass: 53564K(54016K)->53564K(54016K) Class: 7576K(8000K)->7576K(8000K)
[92.361s][info][gc             ] GC(792) Pause Young (Allocation Failure) 248M->117M(494M) 33.916ms
[92.361s][info][gc,cpu         ] GC(792) User=0.03s Sys=0.00s Real=0.03s
[92.416s][info][gc,start       ] GC(793) Pause Young (Allocation Failure)
[92.457s][info][gc,heap        ] GC(793) DefNew: 153561K(157248K)->11830K(157248K) Eden: 139776K(139776K)->0K(139776K) From: 13785K(17472K)->11830K(17472K)
[92.457s][info][gc,heap        ] GC(793) Tenured: 106940K(349568K)->114383K(349568K)
[92.457s][info][gc,metaspace   ] GC(793) Metaspace: 61140K(62016K)->61140K(62016K) NonClass: 53564K(54016K)->53564K(54016K) Class: 7576K(8000K)->7576K(8000K)
[92.457s][info][gc             ] GC(793) Pause Young (Allocation Failure) 254M->123M(494M) 41.053ms
[92.457s][info][gc,cpu         ] GC(793) User=0.03s Sys=0.00s Real=0.03s
[92.509s][info][gc,start       ] GC(794) Pause Young (Allocation Failure)
[92.549s][info][gc,heap        ] GC(794) DefNew: 151606K(157248K)->10832K(157248K) Eden: 139776K(139776K)->0K(139776K) From: 11830K(17472K)->10832K(17472K)
[92.549s][info][gc,heap        ] GC(794) Tenured: 114383K(349568K)->120724K(349568K)
[92.549s][info][gc,metaspace   ] GC(794) Metaspace: 61140K(62016K)->61140K(62016K) NonClass: 53564K(54016K)->53564K(54016K) Class: 7576K(8000K)->7576K(8000K)
[92.549s][info][gc             ] GC(794) Pause Young (Allocation Failure) 259M->128M(494M) 39.853ms
[92.549s][info][gc,cpu         ] GC(794) User=0.03s Sys=0.00s Real=0.03s
[92.603s][info][gc,start       ] GC(795) Pause Young (Allocation Failure)
[92.644s][info][gc,heap        ] GC(795) DefNew: 150608K(157248K)->12596K(157248K) Eden: 139776K(139776K)->0K(139776K) From: 10832K(17472K)->12596K(17472K)
[92.644s][info][gc,heap        ] GC(795) Tenured: 120724K(349568K)->126213K(349568K)
[92.644s][info][gc,metaspace   ] GC(795) Metaspace: 61140K(62016K)->61140K(62016K) NonClass: 53564K(54016K)->53564K(54016K) Class: 7576K(8000K)->7576K(8000K)
[92.644s][info][gc             ] GC(795) Pause Young (Allocation Failure) 264M->135M(494M) 41.317ms
[92.644s][info][gc,cpu         ] GC(795) User=0.03s Sys=0.00s Real=0.03s
[92.701s][info][gc,start       ] GC(796) Pause Young (Allocation Failure)
[92.741s][info][gc,heap        ] GC(796) DefNew: 152372K(157248K)->12926K(157248K) Eden: 139776K(139776K)->0K(139776K) From: 12596K(17472K)->12926K(17472K)
[92.741s][info][gc,heap        ] GC(796) Tenured: 126213K(349568K)->131557K(349568K)
[92.741s][info][gc,metaspace   ] GC(796) Metaspace: 61140K(62016K)->61140K(62016K) NonClass: 53564K(54016K)->53564K(54016K) Class: 7576K(8000K)->7576K(8000K)
[92.741s][info][gc             ] GC(796) Pause Young (Allocation Failure) 272M->141M(494M) 39.565ms
[92.741s][info][gc,cpu         ] GC(796) User=0.03s Sys=0.00s Real=0.03s
[92.794s][info][gc,start       ] GC(797) Pause Young (Allocation Failure)
[92.838s][info][gc,heap        ] GC(797) DefNew: 152702K(157248K)->11383K(157248K) Eden: 139776K(139776K)->0K(139776K) From: 12926K(17472K)->11383K(17472K)
[92.838s][info][gc,heap        ] GC(797) Tenured: 131557K(349568K)->138808K(349568K)
[92.838s][info][gc,metaspace   ] GC(797) Metaspace: 61140K(62016K)->61140K(62016K) NonClass: 53564K(54016K)->53564K(54016K) Class: 7576K(8000K)->7576K(8000K)
[92.838s][info][gc             ] GC(797) Pause Young (Allocation Failure) 277M->146M(494M) 44.359ms
[92.838s][info][gc,cpu         ] GC(797) User=0.05s Sys=0.00s Real=0.05s
[92.897s][info][gc,start       ] GC(798) Pause Young (Allocation Failure)
[92.923s][info][gc,heap        ] GC(798) DefNew: 151159K(157248K)->6159K(157248K) Eden: 139776K(139776K)->0K(139776K) From: 11383K(17472K)->6159K(17472K)
[92.923s][info][gc,heap        ] GC(798) Tenured: 138808K(349568K)->144482K(349568K)
[92.923s][info][gc,metaspace   ] GC(798) Metaspace: 61140K(62016K)->61140K(62016K) NonClass: 53564K(54016K)->53564K(54016K) Class: 7576K(8000K)->7576K(8000K)
[92.923s][info][gc             ] GC(798) Pause Young (Allocation Failure) 283M->147M(494M) 26.118ms
[92.923s][info][gc,cpu         ] GC(798) User=0.02s Sys=0.00s Real=0.02s
[92.975s][info][gc,start       ] GC(799) Pause Young (Allocation Failure)
[92.991s][info][gc,heap        ] GC(799) DefNew: 145935K(157248K)->6159K(157248K) Eden: 139776K(139776K)->0K(139776K) From: 6159K(17472K)->6159K(17472K)
[92.991s][info][gc,heap        ] GC(799) Tenured: 144482K(349568K)->144482K(349568K)
[92.991s][info][gc,metaspace   ] GC(799) Metaspace: 61140K(62016K)->61140K(62016K) NonClass: 53564K(54016K)->53564K(54016K) Class: 7576K(8000K)->7576K(8000K)
[92.991s][info][gc             ] GC(799) Pause Young (Allocation Failure) 283M->147M(494M) 16.122ms
[92.991s][info][gc,cpu         ] GC(799) User=0.03s Sys=0.00s Real=0.03s
[93.040s][info][gc,start       ] GC(800) Pause Young (Allocation Failure)
[93.055s][info][gc,heap        ] GC(800) DefNew: 145935K(157248K)->6159K(157248K) Eden: 139776K(139776K)->0K(139776K) From: 6159K(17472K)->6159K(17472K)
[93.055s][info][gc,heap        ] GC(800) Tenured: 144482K(349568K)->144482K(349568K)
[93.055s][info][gc,metaspace   ] GC(800) Metaspace: 61140K(62016K)->61140K(62016K) NonClass: 53564K(54016K)->53564K(54016K) Class: 7576K(8000K)->7576K(8000K)
[93.055s][info][gc             ] GC(800) Pause Young (Allocation Failure) 283M->147M(494M) 15.478ms
[93.055s][info][gc,cpu         ] GC(800) User=0.02s Sys=0.00s Real=0.02s
[93.102s][info][gc,start       ] GC(801) Pause Young (Allocation Failure)
[93.116s][info][gc,heap        ] GC(801) DefNew: 145935K(157248K)->6159K(157248K) Eden: 139776K(139776K)->0K(139776K) From: 6159K(17472K)->6159K(17472K)
[93.116s][info][gc,heap        ] GC(801) Tenured: 144482K(349568K)->144482K(349568K)
[93.116s][info][gc,metaspace   ] GC(801) Metaspace: 61140K(62016K)->61140K(62016K) NonClass: 53564K(54016K)->53564K(54016K) Class: 7576K(8000K)->7576K(8000K)
[93.117s][info][gc             ] GC(801) Pause Young (Allocation Failure) 283M->147M(494M) 14.666ms
[93.117s][info][gc,cpu         ] GC(801) User=0.02s Sys=0.00s Real=0.02s
[93.170s][info][gc,start       ] GC(802) Pause Young (Allocation Failure)
[93.181s][info][gc,heap        ] GC(802) DefNew: 145935K(157248K)->6159K(157248K) Eden: 139776K(139776K)->0K(139776K) From: 6159K(17472K)->6159K(17472K)
[93.181s][info][gc,heap        ] GC(802) Tenured: 144482K(349568K)->144482K(349568K)
[93.181s][info][gc,metaspace   ] GC(802) Metaspace: 61140K(62016K)->61140K(62016K) NonClass: 53564K(54016K)->53564K(54016K) Class: 7576K(8000K)->7576K(8000K)
[93.181s][info][gc             ] GC(802) Pause Young (Allocation Failure) 283M->147M(494M) 10.341ms
[93.181s][info][gc,cpu         ] GC(802) User=0.02s Sys=0.00s Real=0.02s
[93.229s][info][gc,start       ] GC(803) Pause Young (Allocation Failure)
[93.245s][info][gc,heap        ] GC(803) DefNew: 145935K(157248K)->6159K(157248K) Eden: 139776K(139776K)->0K(139776K) From: 6159K(17472K)->6159K(17472K)
[93.245s][info][gc,heap        ] GC(803) Tenured: 144482K(349568K)->144482K(349568K)
[93.245s][info][gc,metaspace   ] GC(803) Metaspace: 61140K(62016K)->61140K(62016K) NonClass: 53564K(54016K)->53564K(54016K) Class: 7576K(8000K)->7576K(8000K)
[93.246s][info][gc             ] GC(803) Pause Young (Allocation Failure) 283M->147M(494M) 16.124ms
[93.246s][info][gc,cpu         ] GC(803) User=0.02s Sys=0.00s Real=0.02s
[93.317s][info][gc,start       ] GC(804) Pause Young (Allocation Failure)
[93.334s][info][gc,heap        ] GC(804) DefNew: 145935K(157248K)->6171K(157248K) Eden: 139776K(139776K)->0K(139776K) From: 6159K(17472K)->6171K(17472K)
[93.334s][info][gc,heap        ] GC(804) Tenured: 144482K(349568K)->144482K(349568K)
[93.334s][info][gc,metaspace   ] GC(804) Metaspace: 61140K(62016K)->61140K(62016K) NonClass: 53564K(54016K)->53564K(54016K) Class: 7576K(8000K)->7576K(8000K)
[93.334s][info][gc             ] GC(804) Pause Young (Allocation Failure) 283M->147M(494M) 17.070ms
[93.334s][info][gc,cpu         ] GC(804) User=0.02s Sys=0.00s Real=0.02s
[93.423s][info][gc,start       ] GC(805) Pause Young (Allocation Failure)
[93.433s][info][gc,heap        ] GC(805) DefNew: 145947K(157248K)->6171K(157248K) Eden: 139776K(139776K)->0K(139776K) From: 6171K(17472K)->6171K(17472K)
[93.433s][info][gc,heap        ] GC(805) Tenured: 144482K(349568K)->144482K(349568K)
[93.433s][info][gc,metaspace   ] GC(805) Metaspace: 61140K(62016K)->61140K(62016K) NonClass: 53564K(54016K)->53564K(54016K) Class: 7576K(8000K)->7576K(8000K)
[93.433s][info][gc             ] GC(805) Pause Young (Allocation Failure) 283M->147M(494M) 10.420ms
[93.433s][info][gc,cpu         ] GC(805) User=0.02s Sys=0.00s Real=0.02s
[93.528s][info][gc,start       ] GC(806) Pause Young (Allocation Failure)
[93.545s][info][gc,heap        ] GC(806) DefNew: 145947K(157248K)->6171K(157248K) Eden: 139776K(139776K)->0K(139776K) From: 6171K(17472K)->6171K(17472K)
[93.545s][info][gc,heap        ] GC(806) Tenured: 144482K(349568K)->144482K(349568K)
[93.545s][info][gc,metaspace   ] GC(806) Metaspace: 61140K(62016K)->61140K(62016K) NonClass: 53564K(54016K)->53564K(54016K) Class: 7576K(8000K)->7576K(8000K)
[93.545s][info][gc             ] GC(806) Pause Young (Allocation Failure) 283M->147M(494M) 17.076ms
[93.545s][info][gc,cpu         ] GC(806) User=0.03s Sys=0.00s Real=0.03s
[93.641s][info][gc,start       ] GC(807) Pause Young (Allocation Failure)
[93.657s][info][gc,heap        ] GC(807) DefNew: 145947K(157248K)->6171K(157248K) Eden: 139776K(139776K)->0K(139776K) From: 6171K(17472K)->6171K(17472K)
[93.657s][info][gc,heap        ] GC(807) Tenured: 144482K(349568K)->144482K(349568K)
[93.657s][info][gc,metaspace   ] GC(807) Metaspace: 61140K(62016K)->61140K(62016K) NonClass: 53564K(54016K)->53564K(54016K) Class: 7576K(8000K)->7576K(8000K)
[93.657s][info][gc             ] GC(807) Pause Young (Allocation Failure) 283M->147M(494M) 16.085ms
[93.657s][info][gc,cpu         ] GC(807) User=0.02s Sys=0.00s Real=0.02s
[93.742s][info][gc,start       ] GC(808) Pause Young (Allocation Failure)
[93.757s][info][gc,heap        ] GC(808) DefNew: 145947K(157248K)->6171K(157248K) Eden: 139776K(139776K)->0K(139776K) From: 6171K(17472K)->6171K(17472K)
[93.758s][info][gc,heap        ] GC(808) Tenured: 144482K(349568K)->144482K(349568K)
[93.758s][info][gc,metaspace   ] GC(808) Metaspace: 61140K(62016K)->61140K(62016K) NonClass: 53564K(54016K)->53564K(54016K) Class: 7576K(8000K)->7576K(8000K)
[93.758s][info][gc             ] GC(808) Pause Young (Allocation Failure) 283M->147M(494M) 15.961ms
[93.758s][info][gc,cpu         ] GC(808) User=0.02s Sys=0.00s Real=0.01s
[93.842s][info][gc,start       ] GC(809) Pause Young (Allocation Failure)
[93.858s][info][gc,heap        ] GC(809) DefNew: 145947K(157248K)->6171K(157248K) Eden: 139776K(139776K)->0K(139776K) From: 6171K(17472K)->6171K(17472K)
[93.858s][info][gc,heap        ] GC(809) Tenured: 144482K(349568K)->144482K(349568K)
[93.858s][info][gc,metaspace   ] GC(809) Metaspace: 61140K(62016K)->61140K(62016K) NonClass: 53564K(54016K)->53564K(54016K) Class: 7576K(8000K)->7576K(8000K)
[93.858s][info][gc             ] GC(809) Pause Young (Allocation Failure) 283M->147M(494M) 16.059ms
[93.858s][info][gc,cpu         ] GC(809) User=0.02s Sys=0.00s Real=0.02s
[93.943s][info][gc,start       ] GC(810) Pause Young (Allocation Failure)
[93.959s][info][gc,heap        ] GC(810) DefNew: 145947K(157248K)->6171K(157248K) Eden: 139776K(139776K)->0K(139776K) From: 6171K(17472K)->6171K(17472K)
[93.959s][info][gc,heap        ] GC(810) Tenured: 144482K(349568K)->144482K(349568K)
[93.959s][info][gc,metaspace   ] GC(810) Metaspace: 61140K(62016K)->61140K(62016K) NonClass: 53564K(54016K)->53564K(54016K) Class: 7576K(8000K)->7576K(8000K)
[93.959s][info][gc             ] GC(810) Pause Young (Allocation Failure) 283M->147M(494M) 16.006ms
[93.959s][info][gc,cpu         ] GC(810) User=0.02s Sys=0.00s Real=0.02s
[93.987s][info][gc,start       ] GC(811) Pause Full (System.gc())
[93.987s][info][gc,phases,start] GC(811) Phase 1: Mark live objects
[94.065s][info][gc,phases      ] GC(811) Phase 1: Mark live objects 77.590ms
[94.065s][info][gc,phases,start] GC(811) Phase 2: Compute new object addresses
[94.110s][info][gc,phases      ] GC(811) Phase 2: Compute new object addresses 45.010ms
[94.110s][info][gc,phases,start] GC(811) Phase 3: Adjust pointers
[94.153s][info][gc,phases      ] GC(811) Phase 3: Adjust pointers 43.644ms
[94.153s][info][gc,phases,start] GC(811) Phase 4: Move objects
[94.154s][info][gc,phases      ] GC(811) Phase 4: Move objects 0.028ms
[94.154s][info][gc,heap        ] GC(811) DefNew: 20246K(157248K)->0K(157248K) Eden: 14075K(139776K)->0K(139776K) From: 6171K(17472K)->0K(17472K)
[94.154s][info][gc,heap        ] GC(811) Tenured: 144482K(349568K)->107370K(349568K)
[94.154s][info][gc,metaspace   ] GC(811) Metaspace: 61145K(62080K)->61145K(62080K) NonClass: 53568K(54080K)->53568K(54080K) Class: 7576K(8000K)->7576K(8000K)
[94.154s][info][gc             ] GC(811) Pause Full (System.gc()) 160M->104M(494M) 167.175ms
[94.154s][info][gc,cpu         ] GC(811) User=0.16s Sys=0.00s Real=0.16s
[94.279s][info][gc,start       ] GC(812) Pause Young (Allocation Failure)
[94.297s][info][gc,heap        ] GC(812) DefNew: 139776K(157248K)->3739K(157248K) Eden: 139776K(139776K)->0K(139776K) From: 0K(17472K)->3739K(17472K)
[94.297s][info][gc,heap        ] GC(812) Tenured: 107370K(349568K)->107370K(349568K)
[94.297s][info][gc,metaspace   ] GC(812) Metaspace: 61195K(62144K)->61195K(62144K) NonClass: 53618K(54144K)->53618K(54144K) Class: 7576K(8000K)->7576K(8000K)
[94.297s][info][gc             ] GC(812) Pause Young (Allocation Failure) 241M->108M(494M) 17.914ms
[94.297s][info][gc,cpu         ] GC(812) User=0.02s Sys=0.00s Real=0.02s
[94.345s][info][gc,start       ] GC(813) Pause Young (Allocation Failure)
[94.375s][info][gc,heap        ] GC(813) DefNew: 143515K(157248K)->8924K(157248K) Eden: 139776K(139776K)->0K(139776K) From: 3739K(17472K)->8924K(17472K)
[94.375s][info][gc,heap        ] GC(813) Tenured: 107370K(349568K)->107370K(349568K)
[94.375s][info][gc,metaspace   ] GC(813) Metaspace: 61195K(62144K)->61195K(62144K) NonClass: 53618K(54144K)->53618K(54144K) Class: 7576K(8000K)->7576K(8000K)
[94.375s][info][gc             ] GC(813) Pause Young (Allocation Failure) 245M->113M(494M) 29.441ms
[94.375s][info][gc,cpu         ] GC(813) User=0.03s Sys=0.00s Real=0.03s
[94.428s][info][gc,start       ] GC(814) Pause Young (Allocation Failure)
[94.463s][info][gc,heap        ] GC(814) DefNew: 148700K(157248K)->11169K(157248K) Eden: 139776K(139776K)->0K(139776K) From: 8924K(17472K)->11169K(17472K)
[94.463s][info][gc,heap        ] GC(814) Tenured: 107370K(349568K)->110841K(349568K)
[94.463s][info][gc,metaspace   ] GC(814) Metaspace: 61195K(62144K)->61195K(62144K) NonClass: 53618K(54144K)->53618K(54144K) Class: 7576K(8000K)->7576K(8000K)
[94.463s][info][gc             ] GC(814) Pause Young (Allocation Failure) 250M->119M(494M) 35.183ms
[94.463s][info][gc,cpu         ] GC(814) User=0.05s Sys=0.00s Real=0.05s
[94.517s][info][gc,start       ] GC(815) Pause Young (Allocation Failure)
[94.556s][info][gc,heap        ] GC(815) DefNew: 150945K(157248K)->11969K(157248K) Eden: 139776K(139776K)->0K(139776K) From: 11169K(17472K)->11969K(17472K)
[94.556s][info][gc,heap        ] GC(815) Tenured: 110841K(349568K)->115782K(349568K)
[94.556s][info][gc,metaspace   ] GC(815) Metaspace: 61195K(62144K)->61195K(62144K) NonClass: 53618K(54144K)->53618K(54144K) Class: 7576K(8000K)->7576K(8000K)
[94.556s][info][gc             ] GC(815) Pause Young (Allocation Failure) 255M->124M(494M) 38.417ms
[94.556s][info][gc,cpu         ] GC(815) User=0.05s Sys=0.00s Real=0.05s
[94.611s][info][gc,start       ] GC(816) Pause Young (Allocation Failure)
[94.650s][info][gc,heap        ] GC(816) DefNew: 151745K(157248K)->13426K(157248K) Eden: 139776K(139776K)->0K(139776K) From: 11969K(17472K)->13426K(17472K)
[94.650s][info][gc,heap        ] GC(816) Tenured: 115782K(349568K)->120986K(349568K)
[94.650s][info][gc,metaspace   ] GC(816) Metaspace: 61195K(62144K)->61195K(62144K) NonClass: 53618K(54144K)->53618K(54144K) Class: 7576K(8000K)->7576K(8000K)
[94.650s][info][gc             ] GC(816) Pause Young (Allocation Failure) 261M->131M(494M) 39.242ms
[94.650s][info][gc,cpu         ] GC(816) User=0.05s Sys=0.00s Real=0.05s
[94.705s][info][gc,start       ] GC(817) Pause Young (Allocation Failure)
[94.746s][info][gc,heap        ] GC(817) DefNew: 153202K(157248K)->13076K(157248K) Eden: 139776K(139776K)->0K(139776K) From: 13426K(17472K)->13076K(17472K)
[94.762s][info][gc,heap        ] GC(817) Tenured: 120986K(349568K)->126727K(349568K)
[94.762s][info][gc,metaspace   ] GC(817) Metaspace: 61195K(62144K)->61195K(62144K) NonClass: 53618K(54144K)->53618K(54144K) Class: 7576K(8000K)->7576K(8000K)
[94.762s][info][gc             ] GC(817) Pause Young (Allocation Failure) 267M->136M(494M) 56.840ms
[94.762s][info][gc,cpu         ] GC(817) User=0.03s Sys=0.00s Real=0.05s
[94.811s][info][gc,start       ] GC(818) Pause Young (Allocation Failure)
[94.856s][info][gc,heap        ] GC(818) DefNew: 152852K(157248K)->11961K(157248K) Eden: 139776K(139776K)->0K(139776K) From: 13076K(17472K)->11961K(17472K)
[94.856s][info][gc,heap        ] GC(818) Tenured: 126727K(349568K)->134410K(349568K)
[94.856s][info][gc,metaspace   ] GC(818) Metaspace: 61195K(62144K)->61195K(62144K) NonClass: 53618K(54144K)->53618K(54144K) Class: 7576K(8000K)->7576K(8000K)
[94.856s][info][gc             ] GC(818) Pause Young (Allocation Failure) 273M->142M(494M) 44.633ms
[94.856s][info][gc,cpu         ] GC(818) User=0.03s Sys=0.00s Real=0.03s
[94.915s][info][gc,start       ] GC(819) Pause Young (Allocation Failure)
[94.953s][info][gc,heap        ] GC(819) DefNew: 151737K(157248K)->10260K(157248K) Eden: 139776K(139776K)->0K(139776K) From: 11961K(17472K)->10260K(17472K)
[94.953s][info][gc,heap        ] GC(819) Tenured: 134410K(349568K)->139803K(349568K)
[94.953s][info][gc,metaspace   ] GC(819) Metaspace: 61196K(62144K)->61196K(62144K) NonClass: 53619K(54144K)->53619K(54144K) Class: 7576K(8000K)->7576K(8000K)
[94.953s][info][gc             ] GC(819) Pause Young (Allocation Failure) 279M->146M(494M) 37.527ms
[94.953s][info][gc,cpu         ] GC(819) User=0.05s Sys=0.00s Real=0.05s
[95.011s][info][gc,start       ] GC(820) Pause Young (Allocation Failure)
[95.033s][info][gc,heap        ] GC(820) DefNew: 150036K(157248K)->3692K(157248K) Eden: 139776K(139776K)->0K(139776K) From: 10260K(17472K)->3692K(17472K)
[95.033s][info][gc,heap        ] GC(820) Tenured: 139803K(349568K)->146371K(349568K)
[95.033s][info][gc,metaspace   ] GC(820) Metaspace: 61196K(62144K)->61196K(62144K) NonClass: 53619K(54144K)->53619K(54144K) Class: 7576K(8000K)->7576K(8000K)
[95.033s][info][gc             ] GC(820) Pause Young (Allocation Failure) 283M->146M(494M) 22.061ms
[95.033s][info][gc,cpu         ] GC(820) User=0.03s Sys=0.00s Real=0.03s
[95.083s][info][gc,start       ] GC(821) Pause Young (Allocation Failure)
[95.094s][info][gc,heap        ] GC(821) DefNew: 143468K(157248K)->3692K(157248K) Eden: 139776K(139776K)->0K(139776K) From: 3692K(17472K)->3692K(17472K)
[95.094s][info][gc,heap        ] GC(821) Tenured: 146371K(349568K)->146371K(349568K)
[95.094s][info][gc,metaspace   ] GC(821) Metaspace: 61196K(62144K)->61196K(62144K) NonClass: 53619K(54144K)->53619K(54144K) Class: 7576K(8000K)->7576K(8000K)
[95.094s][info][gc             ] GC(821) Pause Young (Allocation Failure) 283M->146M(494M) 10.894ms
[95.094s][info][gc,cpu         ] GC(821) User=0.02s Sys=0.00s Real=0.01s
[95.148s][info][gc,start       ] GC(822) Pause Young (Allocation Failure)
[95.159s][info][gc,heap        ] GC(822) DefNew: 143468K(157248K)->3692K(157248K) Eden: 139776K(139776K)->0K(139776K) From: 3692K(17472K)->3692K(17472K)
[95.159s][info][gc,heap        ] GC(822) Tenured: 146371K(349568K)->146371K(349568K)
[95.159s][info][gc,metaspace   ] GC(822) Metaspace: 61196K(62144K)->61196K(62144K) NonClass: 53619K(54144K)->53619K(54144K) Class: 7576K(8000K)->7576K(8000K)
[95.159s][info][gc             ] GC(822) Pause Young (Allocation Failure) 283M->146M(494M) 11.249ms
[95.159s][info][gc,cpu         ] GC(822) User=0.02s Sys=0.00s Real=0.02s
[95.212s][info][gc,start       ] GC(823) Pause Young (Allocation Failure)
[95.223s][info][gc,heap        ] GC(823) DefNew: 143468K(157248K)->3692K(157248K) Eden: 139776K(139776K)->0K(139776K) From: 3692K(17472K)->3692K(17472K)
[95.223s][info][gc,heap        ] GC(823) Tenured: 146371K(349568K)->146371K(349568K)
[95.224s][info][gc,metaspace   ] GC(823) Metaspace: 61196K(62144K)->61196K(62144K) NonClass: 53619K(54144K)->53619K(54144K) Class: 7576K(8000K)->7576K(8000K)
[95.224s][info][gc             ] GC(823) Pause Young (Allocation Failure) 283M->146M(494M) 11.174ms
[95.224s][info][gc,cpu         ] GC(823) User=0.02s Sys=0.00s Real=0.01s
[95.274s][info][gc,start       ] GC(824) Pause Young (Allocation Failure)
[95.285s][info][gc,heap        ] GC(824) DefNew: 143468K(157248K)->3692K(157248K) Eden: 139776K(139776K)->0K(139776K) From: 3692K(17472K)->3692K(17472K)
[95.285s][info][gc,heap        ] GC(824) Tenured: 146371K(349568K)->146371K(349568K)
[95.285s][info][gc,metaspace   ] GC(824) Metaspace: 61196K(62144K)->61196K(62144K) NonClass: 53619K(54144K)->53619K(54144K) Class: 7576K(8000K)->7576K(8000K)
[95.285s][info][gc             ] GC(824) Pause Young (Allocation Failure) 283M->146M(494M) 10.985ms
[95.285s][info][gc,cpu         ] GC(824) User=0.00s Sys=0.00s Real=0.00s
[95.330s][info][gc,start       ] GC(825) Pause Young (Allocation Failure)
[95.341s][info][gc,heap        ] GC(825) DefNew: 143468K(157248K)->3692K(157248K) Eden: 139776K(139776K)->0K(139776K) From: 3692K(17472K)->3692K(17472K)
[95.341s][info][gc,heap        ] GC(825) Tenured: 146371K(349568K)->146371K(349568K)
[95.341s][info][gc,metaspace   ] GC(825) Metaspace: 61196K(62144K)->61196K(62144K) NonClass: 53619K(54144K)->53619K(54144K) Class: 7576K(8000K)->7576K(8000K)
[95.342s][info][gc             ] GC(825) Pause Young (Allocation Failure) 283M->146M(494M) 11.099ms
[95.342s][info][gc,cpu         ] GC(825) User=0.02s Sys=0.00s Real=0.02s
[95.407s][info][gc,start       ] GC(826) Pause Young (Allocation Failure)
[95.418s][info][gc,heap        ] GC(826) DefNew: 143468K(157248K)->3703K(157248K) Eden: 139776K(139776K)->0K(139776K) From: 3692K(17472K)->3703K(17472K)
[95.418s][info][gc,heap        ] GC(826) Tenured: 146371K(349568K)->146371K(349568K)
[95.418s][info][gc,metaspace   ] GC(826) Metaspace: 61207K(62144K)->61207K(62144K) NonClass: 53631K(54144K)->53631K(54144K) Class: 7576K(8000K)->7576K(8000K)
[95.418s][info][gc             ] GC(826) Pause Young (Allocation Failure) 283M->146M(494M) 10.637ms
[95.418s][info][gc,cpu         ] GC(826) User=0.02s Sys=0.00s Real=0.02s
[95.519s][info][gc,start       ] GC(827) Pause Young (Allocation Failure)
[95.530s][info][gc,heap        ] GC(827) DefNew: 143479K(157248K)->3703K(157248K) Eden: 139776K(139776K)->0K(139776K) From: 3703K(17472K)->3703K(17472K)
[95.530s][info][gc,heap        ] GC(827) Tenured: 146371K(349568K)->146371K(349568K)
[95.530s][info][gc,metaspace   ] GC(827) Metaspace: 61207K(62144K)->61207K(62144K) NonClass: 53631K(54144K)->53631K(54144K) Class: 7576K(8000K)->7576K(8000K)
[95.530s][info][gc             ] GC(827) Pause Young (Allocation Failure) 283M->146M(494M) 11.378ms
[95.530s][info][gc,cpu         ] GC(827) User=0.02s Sys=0.00s Real=0.02s
[95.627s][info][gc,start       ] GC(828) Pause Young (Allocation Failure)
[95.637s][info][gc,heap        ] GC(828) DefNew: 143479K(157248K)->3703K(157248K) Eden: 139776K(139776K)->0K(139776K) From: 3703K(17472K)->3703K(17472K)
[95.637s][info][gc,heap        ] GC(828) Tenured: 146371K(349568K)->146371K(349568K)
[95.637s][info][gc,metaspace   ] GC(828) Metaspace: 61207K(62144K)->61207K(62144K) NonClass: 53631K(54144K)->53631K(54144K) Class: 7576K(8000K)->7576K(8000K)
[95.637s][info][gc             ] GC(828) Pause Young (Allocation Failure) 283M->146M(494M) 10.864ms
[95.637s][info][gc,cpu         ] GC(828) User=0.02s Sys=0.00s Real=0.01s
[95.721s][info][gc,start       ] GC(829) Pause Young (Allocation Failure)
[95.732s][info][gc,heap        ] GC(829) DefNew: 143479K(157248K)->3703K(157248K) Eden: 139776K(139776K)->0K(139776K) From: 3703K(17472K)->3703K(17472K)
[95.732s][info][gc,heap        ] GC(829) Tenured: 146371K(349568K)->146371K(349568K)
[95.732s][info][gc,metaspace   ] GC(829) Metaspace: 61207K(62144K)->61207K(62144K) NonClass: 53631K(54144K)->53631K(54144K) Class: 7576K(8000K)->7576K(8000K)
[95.733s][info][gc             ] GC(829) Pause Young (Allocation Failure) 283M->146M(494M) 11.416ms
[95.733s][info][gc,cpu         ] GC(829) User=0.02s Sys=0.00s Real=0.02s
[95.829s][info][gc,start       ] GC(830) Pause Young (Allocation Failure)
[95.839s][info][gc,heap        ] GC(830) DefNew: 143479K(157248K)->3703K(157248K) Eden: 139776K(139776K)->0K(139776K) From: 3703K(17472K)->3703K(17472K)
[95.839s][info][gc,heap        ] GC(830) Tenured: 146371K(349568K)->146371K(349568K)
[95.839s][info][gc,metaspace   ] GC(830) Metaspace: 61207K(62144K)->61207K(62144K) NonClass: 53631K(54144K)->53631K(54144K) Class: 7576K(8000K)->7576K(8000K)
[95.840s][info][gc             ] GC(830) Pause Young (Allocation Failure) 283M->146M(494M) 11.071ms
[95.840s][info][gc,cpu         ] GC(830) User=0.02s Sys=0.00s Real=0.02s
[95.938s][info][gc,start       ] GC(831) Pause Young (Allocation Failure)
[95.949s][info][gc,heap        ] GC(831) DefNew: 143479K(157248K)->3703K(157248K) Eden: 139776K(139776K)->0K(139776K) From: 3703K(17472K)->3703K(17472K)
[95.949s][info][gc,heap        ] GC(831) Tenured: 146371K(349568K)->146371K(349568K)
[95.949s][info][gc,metaspace   ] GC(831) Metaspace: 61207K(62144K)->61207K(62144K) NonClass: 53631K(54144K)->53631K(54144K) Class: 7576K(8000K)->7576K(8000K)
[95.949s][info][gc             ] GC(831) Pause Young (Allocation Failure) 283M->146M(494M) 10.980ms
[95.949s][info][gc,cpu         ] GC(831) User=0.00s Sys=0.00s Real=0.00s
[96.038s][info][gc,start       ] GC(832) Pause Young (Allocation Failure)
[96.049s][info][gc,heap        ] GC(832) DefNew: 143479K(157248K)->3703K(157248K) Eden: 139776K(139776K)->0K(139776K) From: 3703K(17472K)->3703K(17472K)
[96.049s][info][gc,heap        ] GC(832) Tenured: 146371K(349568K)->146371K(349568K)
[96.049s][info][gc,metaspace   ] GC(832) Metaspace: 61207K(62144K)->61207K(62144K) NonClass: 53631K(54144K)->53631K(54144K) Class: 7576K(8000K)->7576K(8000K)
[96.049s][info][gc             ] GC(832) Pause Young (Allocation Failure) 283M->146M(494M) 11.264ms
[96.049s][info][gc,cpu         ] GC(832) User=0.02s Sys=0.00s Real=0.02s
[96.084s][info][gc,start       ] GC(833) Pause Full (System.gc())
[96.085s][info][gc,phases,start] GC(833) Phase 1: Mark live objects
[96.183s][info][gc,phases      ] GC(833) Phase 1: Mark live objects 97.912ms
[96.183s][info][gc,phases,start] GC(833) Phase 2: Compute new object addresses
[96.228s][info][gc,phases      ] GC(833) Phase 2: Compute new object addresses 45.273ms
[96.228s][info][gc,phases,start] GC(833) Phase 3: Adjust pointers
[96.272s][info][gc,phases      ] GC(833) Phase 3: Adjust pointers 44.341ms
[96.272s][info][gc,phases,start] GC(833) Phase 4: Move objects
[96.273s][info][gc,phases      ] GC(833) Phase 4: Move objects 0.376ms
[96.273s][info][gc,heap        ] GC(833) DefNew: 20554K(157248K)->0K(157248K) Eden: 16851K(139776K)->0K(139776K) From: 3703K(17472K)->0K(17472K)
[96.273s][info][gc,heap        ] GC(833) Tenured: 146371K(349568K)->102311K(349568K)
[96.273s][info][gc,metaspace   ] GC(833) Metaspace: 61220K(62144K)->61220K(62144K) NonClass: 53643K(54144K)->53643K(54144K) Class: 7576K(8000K)->7576K(8000K)
[96.273s][info][gc             ] GC(833) Pause Full (System.gc()) 163M->99M(494M) 188.837ms
[96.273s][info][gc,cpu         ] GC(833) User=0.19s Sys=0.00s Real=0.20s
[96.396s][info][gc,start       ] GC(834) Pause Young (Allocation Failure)
[96.409s][info][gc,heap        ] GC(834) DefNew: 139776K(157248K)->2371K(157248K) Eden: 139776K(139776K)->0K(139776K) From: 0K(17472K)->2371K(17472K)
[96.409s][info][gc,heap        ] GC(834) Tenured: 102311K(349568K)->102311K(349568K)
[96.409s][info][gc,metaspace   ] GC(834) Metaspace: 61234K(62144K)->61234K(62144K) NonClass: 53657K(54144K)->53657K(54144K) Class: 7576K(8000K)->7576K(8000K)
[96.409s][info][gc             ] GC(834) Pause Young (Allocation Failure) 236M->102M(494M) 13.327ms
[96.409s][info][gc,cpu         ] GC(834) User=0.02s Sys=0.00s Real=0.02s
[96.456s][info][gc,start       ] GC(835) Pause Young (Allocation Failure)
[96.475s][info][gc,heap        ] GC(835) DefNew: 142147K(157248K)->7550K(157248K) Eden: 139776K(139776K)->0K(139776K) From: 2371K(17472K)->7550K(17472K)
[96.475s][info][gc,heap        ] GC(835) Tenured: 102311K(349568K)->102311K(349568K)
[96.475s][info][gc,metaspace   ] GC(835) Metaspace: 61234K(62144K)->61234K(62144K) NonClass: 53657K(54144K)->53657K(54144K) Class: 7576K(8000K)->7576K(8000K)
[96.475s][info][gc             ] GC(835) Pause Young (Allocation Failure) 238M->107M(494M) 19.428ms
[96.475s][info][gc,cpu         ] GC(835) User=0.02s Sys=0.00s Real=0.02s
[96.529s][info][gc,start       ] GC(836) Pause Young (Allocation Failure)
[96.564s][info][gc,heap        ] GC(836) DefNew: 147326K(157248K)->13778K(157248K) Eden: 139776K(139776K)->0K(139776K) From: 7550K(17472K)->13778K(17472K)
[96.564s][info][gc,heap        ] GC(836) Tenured: 102311K(349568K)->102311K(349568K)
[96.564s][info][gc,metaspace   ] GC(836) Metaspace: 61234K(62144K)->61234K(62144K) NonClass: 53657K(54144K)->53657K(54144K) Class: 7576K(8000K)->7576K(8000K)
[96.564s][info][gc             ] GC(836) Pause Young (Allocation Failure) 243M->113M(494M) 35.135ms
[96.564s][info][gc,cpu         ] GC(836) User=0.03s Sys=0.00s Real=0.03s
[96.619s][info][gc,start       ] GC(837) Pause Young (Allocation Failure)
[96.659s][info][gc,heap        ] GC(837) DefNew: 153554K(157248K)->12091K(157248K) Eden: 139776K(139776K)->0K(139776K) From: 13778K(17472K)->12091K(17472K)
[96.659s][info][gc,heap        ] GC(837) Tenured: 102311K(349568K)->109349K(349568K)
[96.659s][info][gc,metaspace   ] GC(837) Metaspace: 61234K(62144K)->61234K(62144K) NonClass: 53657K(54144K)->53657K(54144K) Class: 7576K(8000K)->7576K(8000K)
[96.659s][info][gc             ] GC(837) Pause Young (Allocation Failure) 249M->118M(494M) 40.018ms
[96.659s][info][gc,cpu         ] GC(837) User=0.03s Sys=0.00s Real=0.03s
[96.713s][info][gc,start       ] GC(838) Pause Young (Allocation Failure)
[96.755s][info][gc,heap        ] GC(838) DefNew: 151867K(157248K)->11043K(157248K) Eden: 139776K(139776K)->0K(139776K) From: 12091K(17472K)->11043K(17472K)
[96.755s][info][gc,heap        ] GC(838) Tenured: 109349K(349568K)->116090K(349568K)
[96.755s][info][gc,metaspace   ] GC(838) Metaspace: 61234K(62144K)->61234K(62144K) NonClass: 53657K(54144K)->53657K(54144K) Class: 7576K(8000K)->7576K(8000K)
[96.755s][info][gc             ] GC(838) Pause Young (Allocation Failure) 255M->124M(494M) 42.278ms
[96.755s][info][gc,cpu         ] GC(838) User=0.05s Sys=0.00s Real=0.05s
[96.813s][info][gc,start       ] GC(839) Pause Young (Allocation Failure)
[96.857s][info][gc,heap        ] GC(839) DefNew: 150819K(157248K)->12919K(157248K) Eden: 139776K(139776K)->0K(139776K) From: 11043K(17472K)->12919K(17472K)
[96.857s][info][gc,heap        ] GC(839) Tenured: 116090K(349568K)->121440K(349568K)
[96.857s][info][gc,metaspace   ] GC(839) Metaspace: 61234K(62144K)->61234K(62144K) NonClass: 53657K(54144K)->53657K(54144K) Class: 7576K(8000K)->7576K(8000K)
[96.857s][info][gc             ] GC(839) Pause Young (Allocation Failure) 260M->131M(494M) 44.414ms
[96.857s][info][gc,cpu         ] GC(839) User=0.05s Sys=0.00s Real=0.05s
[96.906s][info][gc,start       ] GC(840) Pause Young (Allocation Failure)
[96.945s][info][gc,heap        ] GC(840) DefNew: 152695K(157248K)->11884K(157248K) Eden: 139776K(139776K)->0K(139776K) From: 12919K(17472K)->11884K(17472K)
[96.945s][info][gc,heap        ] GC(840) Tenured: 121440K(349568K)->127133K(349568K)
[96.945s][info][gc,metaspace   ] GC(840) Metaspace: 61234K(62144K)->61234K(62144K) NonClass: 53657K(54144K)->53657K(54144K) Class: 7576K(8000K)->7576K(8000K)
[96.945s][info][gc             ] GC(840) Pause Young (Allocation Failure) 267M->135M(494M) 38.987ms
[96.945s][info][gc,cpu         ] GC(840) User=0.05s Sys=0.00s Real=0.05s
[97.003s][info][gc,start       ] GC(841) Pause Young (Allocation Failure)
[97.044s][info][gc,heap        ] GC(841) DefNew: 151660K(157248K)->10329K(157248K) Eden: 139776K(139776K)->0K(139776K) From: 11884K(17472K)->10329K(17472K)
[97.044s][info][gc,heap        ] GC(841) Tenured: 127133K(349568K)->134358K(349568K)
[97.044s][info][gc,metaspace   ] GC(841) Metaspace: 61234K(62144K)->61234K(62144K) NonClass: 53657K(54144K)->53657K(54144K) Class: 7576K(8000K)->7576K(8000K)
[97.044s][info][gc             ] GC(841) Pause Young (Allocation Failure) 272M->141M(494M) 41.049ms
[97.044s][info][gc,cpu         ] GC(841) User=0.05s Sys=0.00s Real=0.05s
[97.102s][info][gc,start       ] GC(842) Pause Young (Allocation Failure)
[97.127s][info][gc,heap        ] GC(842) DefNew: 150105K(157248K)->6995K(157248K) Eden: 139776K(139776K)->0K(139776K) From: 10329K(17472K)->6995K(17472K)
[97.128s][info][gc,heap        ] GC(842) Tenured: 134358K(349568K)->139017K(349568K)
[97.128s][info][gc,metaspace   ] GC(842) Metaspace: 61234K(62144K)->61234K(62144K) NonClass: 53657K(54144K)->53657K(54144K) Class: 7576K(8000K)->7576K(8000K)
[97.128s][info][gc             ] GC(842) Pause Young (Allocation Failure) 277M->142M(494M) 25.248ms
[97.128s][info][gc,cpu         ] GC(842) User=0.03s Sys=0.00s Real=0.03s
[97.182s][info][gc,start       ] GC(843) Pause Young (Allocation Failure)
[97.198s][info][gc,heap        ] GC(843) DefNew: 146771K(157248K)->6995K(157248K) Eden: 139776K(139776K)->0K(139776K) From: 6995K(17472K)->6995K(17472K)
[97.198s][info][gc,heap        ] GC(843) Tenured: 139017K(349568K)->139017K(349568K)
[97.198s][info][gc,metaspace   ] GC(843) Metaspace: 61234K(62144K)->61234K(62144K) NonClass: 53657K(54144K)->53657K(54144K) Class: 7576K(8000K)->7576K(8000K)
[97.198s][info][gc             ] GC(843) Pause Young (Allocation Failure) 279M->142M(494M) 16.595ms
[97.198s][info][gc,cpu         ] GC(843) User=0.02s Sys=0.00s Real=0.02s
[97.248s][info][gc,start       ] GC(844) Pause Young (Allocation Failure)
[97.266s][info][gc,heap        ] GC(844) DefNew: 146771K(157248K)->6995K(157248K) Eden: 139776K(139776K)->0K(139776K) From: 6995K(17472K)->6995K(17472K)
[97.266s][info][gc,heap        ] GC(844) Tenured: 139017K(349568K)->139017K(349568K)
[97.266s][info][gc,metaspace   ] GC(844) Metaspace: 61234K(62144K)->61234K(62144K) NonClass: 53657K(54144K)->53657K(54144K) Class: 7576K(8000K)->7576K(8000K)
[97.266s][info][gc             ] GC(844) Pause Young (Allocation Failure) 279M->142M(494M) 18.086ms
[97.266s][info][gc,cpu         ] GC(844) User=0.02s Sys=0.00s Real=0.02s
[97.315s][info][gc,start       ] GC(845) Pause Young (Allocation Failure)
[97.331s][info][gc,heap        ] GC(845) DefNew: 146771K(157248K)->6995K(157248K) Eden: 139776K(139776K)->0K(139776K) From: 6995K(17472K)->6995K(17472K)
[97.331s][info][gc,heap        ] GC(845) Tenured: 139017K(349568K)->139017K(349568K)
[97.331s][info][gc,metaspace   ] GC(845) Metaspace: 61234K(62144K)->61234K(62144K) NonClass: 53657K(54144K)->53657K(54144K) Class: 7576K(8000K)->7576K(8000K)
[97.331s][info][gc             ] GC(845) Pause Young (Allocation Failure) 279M->142M(494M) 16.049ms
[97.331s][info][gc,cpu         ] GC(845) User=0.02s Sys=0.00s Real=0.01s
[97.380s][info][gc,start       ] GC(846) Pause Young (Allocation Failure)
[97.397s][info][gc,heap        ] GC(846) DefNew: 146771K(157248K)->6995K(157248K) Eden: 139776K(139776K)->0K(139776K) From: 6995K(17472K)->6995K(17472K)
[97.397s][info][gc,heap        ] GC(846) Tenured: 139017K(349568K)->139017K(349568K)
[97.398s][info][gc,metaspace   ] GC(846) Metaspace: 61234K(62144K)->61234K(62144K) NonClass: 53657K(54144K)->53657K(54144K) Class: 7576K(8000K)->7576K(8000K)
[97.398s][info][gc             ] GC(846) Pause Young (Allocation Failure) 279M->142M(494M) 17.399ms
[97.398s][info][gc,cpu         ] GC(846) User=0.02s Sys=0.00s Real=0.02s
[97.446s][info][gc,start       ] GC(847) Pause Young (Allocation Failure)
[97.462s][info][gc,heap        ] GC(847) DefNew: 146771K(157248K)->6995K(157248K) Eden: 139776K(139776K)->0K(139776K) From: 6995K(17472K)->6995K(17472K)
[97.462s][info][gc,heap        ] GC(847) Tenured: 139017K(349568K)->139017K(349568K)
[97.462s][info][gc,metaspace   ] GC(847) Metaspace: 61234K(62144K)->61234K(62144K) NonClass: 53657K(54144K)->53657K(54144K) Class: 7576K(8000K)->7576K(8000K)
[97.462s][info][gc             ] GC(847) Pause Young (Allocation Failure) 279M->142M(494M) 16.324ms
[97.462s][info][gc,cpu         ] GC(847) User=0.02s Sys=0.00s Real=0.01s
[97.549s][info][gc,start       ] GC(848) Pause Young (Allocation Failure)
[97.568s][info][gc,heap        ] GC(848) DefNew: 146771K(157248K)->7006K(157248K) Eden: 139776K(139776K)->0K(139776K) From: 6995K(17472K)->7006K(17472K)
[97.568s][info][gc,heap        ] GC(848) Tenured: 139017K(349568K)->139017K(349568K)
[97.568s][info][gc,metaspace   ] GC(848) Metaspace: 61234K(62144K)->61234K(62144K) NonClass: 53657K(54144K)->53657K(54144K) Class: 7576K(8000K)->7576K(8000K)
[97.568s][info][gc             ] GC(848) Pause Young (Allocation Failure) 279M->142M(494M) 18.377ms
[97.568s][info][gc,cpu         ] GC(848) User=0.02s Sys=0.00s Real=0.02s
[97.667s][info][gc,start       ] GC(849) Pause Young (Allocation Failure)
[97.683s][info][gc,heap        ] GC(849) DefNew: 146782K(157248K)->7007K(157248K) Eden: 139776K(139776K)->0K(139776K) From: 7006K(17472K)->7007K(17472K)
[97.683s][info][gc,heap        ] GC(849) Tenured: 139017K(349568K)->139017K(349568K)
[97.683s][info][gc,metaspace   ] GC(849) Metaspace: 61234K(62144K)->61234K(62144K) NonClass: 53657K(54144K)->53657K(54144K) Class: 7576K(8000K)->7576K(8000K)
[97.683s][info][gc             ] GC(849) Pause Young (Allocation Failure) 279M->142M(494M) 16.190ms
[97.683s][info][gc,cpu         ] GC(849) User=0.02s Sys=0.00s Real=0.02s
[97.771s][info][gc,start       ] GC(850) Pause Young (Allocation Failure)
[97.789s][info][gc,heap        ] GC(850) DefNew: 146783K(157248K)->7006K(157248K) Eden: 139776K(139776K)->0K(139776K) From: 7007K(17472K)->7006K(17472K)
[97.789s][info][gc,heap        ] GC(850) Tenured: 139017K(349568K)->139017K(349568K)
[97.789s][info][gc,metaspace   ] GC(850) Metaspace: 61234K(62144K)->61234K(62144K) NonClass: 53657K(54144K)->53657K(54144K) Class: 7576K(8000K)->7576K(8000K)
[97.789s][info][gc             ] GC(850) Pause Young (Allocation Failure) 279M->142M(494M) 18.088ms
[97.789s][info][gc,cpu         ] GC(850) User=0.02s Sys=0.00s Real=0.02s
[97.878s][info][gc,start       ] GC(851) Pause Young (Allocation Failure)
[97.895s][info][gc,heap        ] GC(851) DefNew: 146782K(157248K)->7006K(157248K) Eden: 139776K(139776K)->0K(139776K) From: 7006K(17472K)->7006K(17472K)
[97.895s][info][gc,heap        ] GC(851) Tenured: 139017K(349568K)->139017K(349568K)
[97.895s][info][gc,metaspace   ] GC(851) Metaspace: 61234K(62144K)->61234K(62144K) NonClass: 53657K(54144K)->53657K(54144K) Class: 7576K(8000K)->7576K(8000K)
[97.895s][info][gc             ] GC(851) Pause Young (Allocation Failure) 279M->142M(494M) 16.714ms
[97.895s][info][gc,cpu         ] GC(851) User=0.02s Sys=0.02s Real=0.03s
[97.982s][info][gc,start       ] GC(852) Pause Young (Allocation Failure)
[98.000s][info][gc,heap        ] GC(852) DefNew: 146782K(157248K)->7006K(157248K) Eden: 139776K(139776K)->0K(139776K) From: 7006K(17472K)->7006K(17472K)
[98.000s][info][gc,heap        ] GC(852) Tenured: 139017K(349568K)->139017K(349568K)
[98.000s][info][gc,metaspace   ] GC(852) Metaspace: 61234K(62144K)->61234K(62144K) NonClass: 53657K(54144K)->53657K(54144K) Class: 7576K(8000K)->7576K(8000K)
[98.000s][info][gc             ] GC(852) Pause Young (Allocation Failure) 279M->142M(494M) 18.025ms
[98.001s][info][gc,cpu         ] GC(852) User=0.02s Sys=0.00s Real=0.02s
[98.088s][info][gc,start       ] GC(853) Pause Young (Allocation Failure)
[98.104s][info][gc,heap        ] GC(853) DefNew: 146782K(157248K)->7007K(157248K) Eden: 139776K(139776K)->0K(139776K) From: 7006K(17472K)->7007K(17472K)
[98.104s][info][gc,heap        ] GC(853) Tenured: 139017K(349568K)->139017K(349568K)
[98.104s][info][gc,metaspace   ] GC(853) Metaspace: 61234K(62144K)->61234K(62144K) NonClass: 53657K(54144K)->53657K(54144K) Class: 7576K(8000K)->7576K(8000K)
[98.104s][info][gc             ] GC(853) Pause Young (Allocation Failure) 279M->142M(494M) 16.057ms
[98.104s][info][gc,cpu         ] GC(853) User=0.02s Sys=0.00s Real=0.01s
[98.208s][info][gc,start       ] GC(854) Pause Young (Allocation Failure)
[98.224s][info][gc,heap        ] GC(854) DefNew: 146783K(157248K)->7006K(157248K) Eden: 139776K(139776K)->0K(139776K) From: 7007K(17472K)->7006K(17472K)
[98.225s][info][gc,heap        ] GC(854) Tenured: 139017K(349568K)->139017K(349568K)
[98.225s][info][gc,metaspace   ] GC(854) Metaspace: 61234K(62144K)->61234K(62144K) NonClass: 53657K(54144K)->53657K(54144K) Class: 7576K(8000K)->7576K(8000K)
[98.225s][info][gc             ] GC(854) Pause Young (Allocation Failure) 279M->142M(494M) 16.135ms
[98.225s][info][gc,cpu         ] GC(854) User=0.02s Sys=0.00s Real=0.01s
[98.263s][info][gc,start       ] GC(855) Pause Full (System.gc())
[98.263s][info][gc,phases,start] GC(855) Phase 1: Mark live objects
[98.343s][info][gc,phases      ] GC(855) Phase 1: Mark live objects 79.398ms
[98.343s][info][gc,phases,start] GC(855) Phase 2: Compute new object addresses
[98.387s][info][gc,phases      ] GC(855) Phase 2: Compute new object addresses 44.713ms
[98.387s][info][gc,phases,start] GC(855) Phase 3: Adjust pointers
[98.431s][info][gc,phases      ] GC(855) Phase 3: Adjust pointers 43.403ms
[98.431s][info][gc,phases,start] GC(855) Phase 4: Move objects
[98.431s][info][gc,phases      ] GC(855) Phase 4: Move objects 0.029ms
[98.431s][info][gc,heap        ] GC(855) DefNew: 20996K(157248K)->0K(157248K) Eden: 13989K(139776K)->0K(139776K) From: 7006K(17472K)->0K(17472K)
[98.431s][info][gc,heap        ] GC(855) Tenured: 139017K(349568K)->102743K(349568K)
[98.431s][info][gc,metaspace   ] GC(855) Metaspace: 61235K(62144K)->61235K(62144K) NonClass: 53658K(54144K)->53658K(54144K) Class: 7576K(8000K)->7576K(8000K)
[98.432s][info][gc             ] GC(855) Pause Full (System.gc()) 156M->100M(494M) 168.454ms
[98.432s][info][gc,cpu         ] GC(855) User=0.14s Sys=0.00s Real=0.15s
[98.548s][info][gc,start       ] GC(856) Pause Young (Allocation Failure)
[98.563s][info][gc,heap        ] GC(856) DefNew: 139776K(157248K)->2982K(157248K) Eden: 139776K(139776K)->0K(139776K) From: 0K(17472K)->2982K(17472K)
[98.563s][info][gc,heap        ] GC(856) Tenured: 102743K(349568K)->102743K(349568K)
[98.563s][info][gc,metaspace   ] GC(856) Metaspace: 61264K(62144K)->61264K(62144K) NonClass: 53686K(54144K)->53686K(54144K) Class: 7577K(8000K)->7577K(8000K)
[98.563s][info][gc             ] GC(856) Pause Young (Allocation Failure) 236M->103M(494M) 15.427ms
[98.563s][info][gc,cpu         ] GC(856) User=0.02s Sys=0.00s Real=0.02s
[98.610s][info][gc,start       ] GC(857) Pause Young (Allocation Failure)
[98.634s][info][gc,heap        ] GC(857) DefNew: 142758K(157248K)->8176K(157248K) Eden: 139776K(139776K)->0K(139776K) From: 2982K(17472K)->8176K(17472K)
[98.634s][info][gc,heap        ] GC(857) Tenured: 102743K(349568K)->102743K(349568K)
[98.634s][info][gc,metaspace   ] GC(857) Metaspace: 61264K(62144K)->61264K(62144K) NonClass: 53686K(54144K)->53686K(54144K) Class: 7577K(8000K)->7577K(8000K)
[98.634s][info][gc             ] GC(857) Pause Young (Allocation Failure) 239M->108M(494M) 24.165ms
[98.634s][info][gc,cpu         ] GC(857) User=0.02s Sys=0.00s Real=0.02s
[98.687s][info][gc,start       ] GC(858) Pause Young (Allocation Failure)
[98.719s][info][gc,heap        ] GC(858) DefNew: 147952K(157248K)->13768K(157248K) Eden: 139776K(139776K)->0K(139776K) From: 8176K(17472K)->13768K(17472K)
[98.719s][info][gc,heap        ] GC(858) Tenured: 102743K(349568K)->102743K(349568K)
[98.719s][info][gc,metaspace   ] GC(858) Metaspace: 61264K(62144K)->61264K(62144K) NonClass: 53686K(54144K)->53686K(54144K) Class: 7577K(8000K)->7577K(8000K)
[98.719s][info][gc             ] GC(858) Pause Young (Allocation Failure) 244M->113M(494M) 32.503ms
[98.719s][info][gc,cpu         ] GC(858) User=0.03s Sys=0.00s Real=0.03s
[98.771s][info][gc,start       ] GC(859) Pause Young (Allocation Failure)
[98.812s][info][gc,heap        ] GC(859) DefNew: 153544K(157248K)->11837K(157248K) Eden: 139776K(139776K)->0K(139776K) From: 13768K(17472K)->11837K(17472K)
[98.812s][info][gc,heap        ] GC(859) Tenured: 102743K(349568K)->110407K(349568K)
[98.812s][info][gc,metaspace   ] GC(859) Metaspace: 61264K(62144K)->61264K(62144K) NonClass: 53686K(54144K)->53686K(54144K) Class: 7577K(8000K)->7577K(8000K)
[98.812s][info][gc             ] GC(859) Pause Young (Allocation Failure) 250M->119M(494M) 40.533ms
[98.812s][info][gc,cpu         ] GC(859) User=0.05s Sys=0.00s Real=0.05s
[98.865s][info][gc,start       ] GC(860) Pause Young (Allocation Failure)
[98.907s][info][gc,heap        ] GC(860) DefNew: 151613K(157248K)->11380K(157248K) Eden: 139776K(139776K)->0K(139776K) From: 11837K(17472K)->11380K(17472K)
[98.907s][info][gc,heap        ] GC(860) Tenured: 110407K(349568K)->116510K(349568K)
[98.907s][info][gc,metaspace   ] GC(860) Metaspace: 61264K(62144K)->61264K(62144K) NonClass: 53686K(54144K)->53686K(54144K) Class: 7577K(8000K)->7577K(8000K)
[98.907s][info][gc             ] GC(860) Pause Young (Allocation Failure) 255M->124M(494M) 42.756ms
[98.907s][info][gc,cpu         ] GC(860) User=0.05s Sys=0.00s Real=0.04s
[98.965s][info][gc,start       ] GC(861) Pause Young (Allocation Failure)
[99.007s][info][gc,heap        ] GC(861) DefNew: 151156K(157248K)->12842K(157248K) Eden: 139776K(139776K)->0K(139776K) From: 11380K(17472K)->12842K(17472K)
[99.007s][info][gc,heap        ] GC(861) Tenured: 116510K(349568K)->122244K(349568K)
[99.007s][info][gc,metaspace   ] GC(861) Metaspace: 61264K(62144K)->61264K(62144K) NonClass: 53686K(54144K)->53686K(54144K) Class: 7577K(8000K)->7577K(8000K)
[99.007s][info][gc             ] GC(861) Pause Young (Allocation Failure) 261M->131M(494M) 41.930ms
[99.007s][info][gc,cpu         ] GC(861) User=0.05s Sys=0.00s Real=0.05s
[99.064s][info][gc,start       ] GC(862) Pause Young (Allocation Failure)
[99.105s][info][gc,heap        ] GC(862) DefNew: 152618K(157248K)->12858K(157248K) Eden: 139776K(139776K)->0K(139776K) From: 12842K(17472K)->12858K(17472K)
[99.105s][info][gc,heap        ] GC(862) Tenured: 122244K(349568K)->127891K(349568K)
[99.105s][info][gc,metaspace   ] GC(862) Metaspace: 61264K(62144K)->61264K(62144K) NonClass: 53686K(54144K)->53686K(54144K) Class: 7577K(8000K)->7577K(8000K)
[99.105s][info][gc             ] GC(862) Pause Young (Allocation Failure) 268M->137M(494M) 40.757ms
[99.105s][info][gc,cpu         ] GC(862) User=0.05s Sys=0.00s Real=0.05s
[99.160s][info][gc,start       ] GC(863) Pause Young (Allocation Failure)
[99.204s][info][gc,heap        ] GC(863) DefNew: 152634K(157248K)->11357K(157248K) Eden: 139776K(139776K)->0K(139776K) From: 12858K(17472K)->11357K(17472K)
[99.204s][info][gc,heap        ] GC(863) Tenured: 127891K(349568K)->135086K(349568K)
[99.204s][info][gc,metaspace   ] GC(863) Metaspace: 61264K(62144K)->61264K(62144K) NonClass: 53686K(54144K)->53686K(54144K) Class: 7577K(8000K)->7577K(8000K)
[99.204s][info][gc             ] GC(863) Pause Young (Allocation Failure) 273M->143M(494M) 43.683ms
[99.204s][info][gc,cpu         ] GC(863) User=0.03s Sys=0.00s Real=0.03s
[99.262s][info][gc,start       ] GC(864) Pause Young (Allocation Failure)
[99.286s][info][gc,heap        ] GC(864) DefNew: 151133K(157248K)->5697K(157248K) Eden: 139776K(139776K)->0K(139776K) From: 11357K(17472K)->5697K(17472K)
[99.286s][info][gc,heap        ] GC(864) Tenured: 135086K(349568K)->140748K(349568K)
[99.286s][info][gc,metaspace   ] GC(864) Metaspace: 61267K(62144K)->61267K(62144K) NonClass: 53690K(54144K)->53690K(54144K) Class: 7577K(8000K)->7577K(8000K)
[99.286s][info][gc             ] GC(864) Pause Young (Allocation Failure) 279M->143M(494M) 23.758ms
[99.286s][info][gc,cpu         ] GC(864) User=0.03s Sys=0.00s Real=0.03s
[99.336s][info][gc,start       ] GC(865) Pause Young (Allocation Failure)
[99.351s][info][gc,heap        ] GC(865) DefNew: 145473K(157248K)->5697K(157248K) Eden: 139776K(139776K)->0K(139776K) From: 5697K(17472K)->5697K(17472K)
[99.351s][info][gc,heap        ] GC(865) Tenured: 140748K(349568K)->140748K(349568K)
[99.351s][info][gc,metaspace   ] GC(865) Metaspace: 61267K(62144K)->61267K(62144K) NonClass: 53690K(54144K)->53690K(54144K) Class: 7577K(8000K)->7577K(8000K)
[99.351s][info][gc             ] GC(865) Pause Young (Allocation Failure) 279M->143M(494M) 14.818ms
[99.351s][info][gc,cpu         ] GC(865) User=0.02s Sys=0.00s Real=0.02s
[99.402s][info][gc,start       ] GC(866) Pause Young (Allocation Failure)
[99.417s][info][gc,heap        ] GC(866) DefNew: 145473K(157248K)->5697K(157248K) Eden: 139776K(139776K)->0K(139776K) From: 5697K(17472K)->5697K(17472K)
[99.417s][info][gc,heap        ] GC(866) Tenured: 140748K(349568K)->140748K(349568K)
[99.417s][info][gc,metaspace   ] GC(866) Metaspace: 61267K(62144K)->61267K(62144K) NonClass: 53690K(54144K)->53690K(54144K) Class: 7577K(8000K)->7577K(8000K)
[99.417s][info][gc             ] GC(866) Pause Young (Allocation Failure) 279M->143M(494M) 15.024ms
[99.417s][info][gc,cpu         ] GC(866) User=0.02s Sys=0.00s Real=0.02s
[99.463s][info][gc,start       ] GC(867) Pause Young (Allocation Failure)
[99.478s][info][gc,heap        ] GC(867) DefNew: 145473K(157248K)->5698K(157248K) Eden: 139776K(139776K)->0K(139776K) From: 5697K(17472K)->5698K(17472K)
[99.478s][info][gc,heap        ] GC(867) Tenured: 140748K(349568K)->140748K(349568K)
[99.478s][info][gc,metaspace   ] GC(867) Metaspace: 61267K(62144K)->61267K(62144K) NonClass: 53690K(54144K)->53690K(54144K) Class: 7577K(8000K)->7577K(8000K)
[99.478s][info][gc             ] GC(867) Pause Young (Allocation Failure) 279M->143M(494M) 14.911ms
[99.478s][info][gc,cpu         ] GC(867) User=0.02s Sys=0.00s Real=0.02s
[99.525s][info][gc,start       ] GC(868) Pause Young (Allocation Failure)
[99.539s][info][gc,heap        ] GC(868) DefNew: 145474K(157248K)->5697K(157248K) Eden: 139776K(139776K)->0K(139776K) From: 5698K(17472K)->5697K(17472K)
[99.539s][info][gc,heap        ] GC(868) Tenured: 140748K(349568K)->140748K(349568K)
[99.539s][info][gc,metaspace   ] GC(868) Metaspace: 61267K(62144K)->61267K(62144K) NonClass: 53690K(54144K)->53690K(54144K) Class: 7577K(8000K)->7577K(8000K)
[99.539s][info][gc             ] GC(868) Pause Young (Allocation Failure) 279M->143M(494M) 14.062ms
[99.539s][info][gc,cpu         ] GC(868) User=0.02s Sys=0.00s Real=0.02s
[99.588s][info][gc,start       ] GC(869) Pause Young (Allocation Failure)
[99.602s][info][gc,heap        ] GC(869) DefNew: 145473K(157248K)->5697K(157248K) Eden: 139776K(139776K)->0K(139776K) From: 5697K(17472K)->5697K(17472K)
[99.603s][info][gc,heap        ] GC(869) Tenured: 140748K(349568K)->140748K(349568K)
[99.603s][info][gc,metaspace   ] GC(869) Metaspace: 61267K(62144K)->61267K(62144K) NonClass: 53690K(54144K)->53690K(54144K) Class: 7577K(8000K)->7577K(8000K)
[99.603s][info][gc             ] GC(869) Pause Young (Allocation Failure) 279M->143M(494M) 15.065ms
[99.603s][info][gc,cpu         ] GC(869) User=0.02s Sys=0.00s Real=0.02s
[99.684s][info][gc,start       ] GC(870) Pause Young (Allocation Failure)
[99.699s][info][gc,heap        ] GC(870) DefNew: 145473K(157248K)->5709K(157248K) Eden: 139776K(139776K)->0K(139776K) From: 5697K(17472K)->5709K(17472K)
[99.699s][info][gc,heap        ] GC(870) Tenured: 140748K(349568K)->140748K(349568K)
[99.699s][info][gc,metaspace   ] GC(870) Metaspace: 61277K(62144K)->61277K(62144K) NonClass: 53699K(54144K)->53699K(54144K) Class: 7577K(8000K)->7577K(8000K)
[99.699s][info][gc             ] GC(870) Pause Young (Allocation Failure) 279M->143M(494M) 14.954ms
[99.699s][info][gc,cpu         ] GC(870) User=0.02s Sys=0.00s Real=0.02s
[99.784s][info][gc,start       ] GC(871) Pause Young (Allocation Failure)
[99.799s][info][gc,heap        ] GC(871) DefNew: 145485K(157248K)->5709K(157248K) Eden: 139776K(139776K)->0K(139776K) From: 5709K(17472K)->5709K(17472K)
[99.799s][info][gc,heap        ] GC(871) Tenured: 140748K(349568K)->140748K(349568K)
[99.799s][info][gc,metaspace   ] GC(871) Metaspace: 61277K(62144K)->61277K(62144K) NonClass: 53699K(54144K)->53699K(54144K) Class: 7577K(8000K)->7577K(8000K)
[99.799s][info][gc             ] GC(871) Pause Young (Allocation Failure) 279M->143M(494M) 15.280ms
[99.799s][info][gc,cpu         ] GC(871) User=0.02s Sys=0.00s Real=0.01s
[99.883s][info][gc,start       ] GC(872) Pause Young (Allocation Failure)
[99.899s][info][gc,heap        ] GC(872) DefNew: 145485K(157248K)->5709K(157248K) Eden: 139776K(139776K)->0K(139776K) From: 5709K(17472K)->5709K(17472K)
[99.899s][info][gc,heap        ] GC(872) Tenured: 140748K(349568K)->140748K(349568K)
[99.899s][info][gc,metaspace   ] GC(872) Metaspace: 61277K(62144K)->61277K(62144K) NonClass: 53699K(54144K)->53699K(54144K) Class: 7577K(8000K)->7577K(8000K)
[99.899s][info][gc             ] GC(872) Pause Young (Allocation Failure) 279M->143M(494M) 15.398ms
[99.899s][info][gc,cpu         ] GC(872) User=0.02s Sys=0.00s Real=0.02s
[99.982s][info][gc,start       ] GC(873) Pause Young (Allocation Failure)
[99.998s][info][gc,heap        ] GC(873) DefNew: 145485K(157248K)->5709K(157248K) Eden: 139776K(139776K)->0K(139776K) From: 5709K(17472K)->5709K(17472K)
[99.998s][info][gc,heap        ] GC(873) Tenured: 140748K(349568K)->140748K(349568K)
[99.998s][info][gc,metaspace   ] GC(873) Metaspace: 61277K(62144K)->61277K(62144K) NonClass: 53699K(54144K)->53699K(54144K) Class: 7577K(8000K)->7577K(8000K)
[99.998s][info][gc             ] GC(873) Pause Young (Allocation Failure) 279M->143M(494M) 15.740ms
[99.998s][info][gc,cpu         ] GC(873) User=0.02s Sys=0.00s Real=0.02s
[100.083s][info][gc,start       ] GC(874) Pause Young (Allocation Failure)
[100.098s][info][gc,heap        ] GC(874) DefNew: 145485K(157248K)->5710K(157248K) Eden: 139776K(139776K)->0K(139776K) From: 5709K(17472K)->5710K(17472K)
[100.098s][info][gc,heap        ] GC(874) Tenured: 140748K(349568K)->140748K(349568K)
[100.098s][info][gc,metaspace   ] GC(874) Metaspace: 61277K(62144K)->61277K(62144K) NonClass: 53699K(54144K)->53699K(54144K) Class: 7577K(8000K)->7577K(8000K)
[100.099s][info][gc             ] GC(874) Pause Young (Allocation Failure) 279M->143M(494M) 15.968ms
[100.099s][info][gc,cpu         ] GC(874) User=0.02s Sys=0.00s Real=0.02s
[100.185s][info][gc,start       ] GC(875) Pause Young (Allocation Failure)
[100.200s][info][gc,heap        ] GC(875) DefNew: 145486K(157248K)->5709K(157248K) Eden: 139776K(139776K)->0K(139776K) From: 5710K(17472K)->5709K(17472K)
[100.200s][info][gc,heap        ] GC(875) Tenured: 140748K(349568K)->140748K(349568K)
[100.200s][info][gc,metaspace   ] GC(875) Metaspace: 61277K(62144K)->61277K(62144K) NonClass: 53699K(54144K)->53699K(54144K) Class: 7577K(8000K)->7577K(8000K)
[100.200s][info][gc             ] GC(875) Pause Young (Allocation Failure) 279M->143M(494M) 15.695ms
[100.200s][info][gc,cpu         ] GC(875) User=0.02s Sys=0.00s Real=0.02s
[100.301s][info][gc,start       ] GC(876) Pause Young (Allocation Failure)
[100.315s][info][gc,heap        ] GC(876) DefNew: 145485K(157248K)->5709K(157248K) Eden: 139776K(139776K)->0K(139776K) From: 5709K(17472K)->5709K(17472K)
[100.315s][info][gc,heap        ] GC(876) Tenured: 140748K(349568K)->140748K(349568K)
[100.315s][info][gc,metaspace   ] GC(876) Metaspace: 61277K(62144K)->61277K(62144K) NonClass: 53699K(54144K)->53699K(54144K) Class: 7577K(8000K)->7577K(8000K)
[100.316s][info][gc             ] GC(876) Pause Young (Allocation Failure) 279M->143M(494M) 14.862ms
[100.316s][info][gc,cpu         ] GC(876) User=0.02s Sys=0.00s Real=0.02s
[100.346s][info][gc,start       ] GC(877) Pause Full (System.gc())
[100.346s][info][gc,phases,start] GC(877) Phase 1: Mark live objects
[100.425s][info][gc,phases      ] GC(877) Phase 1: Mark live objects 78.932ms
[100.425s][info][gc,phases,start] GC(877) Phase 2: Compute new object addresses
[100.469s][info][gc,phases      ] GC(877) Phase 2: Compute new object addresses 44.137ms
[100.469s][info][gc,phases,start] GC(877) Phase 3: Adjust pointers
[100.513s][info][gc,phases      ] GC(877) Phase 3: Adjust pointers 43.922ms
[100.513s][info][gc,phases,start] GC(877) Phase 4: Move objects
[100.513s][info][gc,phases      ] GC(877) Phase 4: Move objects 0.030ms
[100.514s][info][gc,heap        ] GC(877) DefNew: 17054K(157248K)->0K(157248K) Eden: 11344K(139776K)->0K(139776K) From: 5709K(17472K)->0K(17472K)
[100.514s][info][gc,heap        ] GC(877) Tenured: 140748K(349568K)->103176K(349568K)
[100.514s][info][gc,metaspace   ] GC(877) Metaspace: 61295K(62208K)->61295K(62208K) NonClass: 53717K(54208K)->53717K(54208K) Class: 7577K(8000K)->7577K(8000K)
[100.514s][info][gc             ] GC(877) Pause Full (System.gc()) 154M->100M(494M) 167.935ms
[100.514s][info][gc,cpu         ] GC(877) User=0.16s Sys=0.00s Real=0.16s
[100.627s][info][gc,start       ] GC(878) Pause Young (Allocation Failure)
[100.643s][info][gc,heap        ] GC(878) DefNew: 139776K(157248K)->2908K(157248K) Eden: 139776K(139776K)->0K(139776K) From: 0K(17472K)->2908K(17472K)
[100.643s][info][gc,heap        ] GC(878) Tenured: 103176K(349568K)->103176K(349568K)
[100.643s][info][gc,metaspace   ] GC(878) Metaspace: 61334K(62208K)->61334K(62208K) NonClass: 53757K(54208K)->53757K(54208K) Class: 7577K(8000K)->7577K(8000K)
[100.643s][info][gc             ] GC(878) Pause Young (Allocation Failure) 237M->103M(494M) 15.326ms
[100.643s][info][gc,cpu         ] GC(878) User=0.02s Sys=0.00s Real=0.02s
[100.689s][info][gc,start       ] GC(879) Pause Young (Allocation Failure)
[100.716s][info][gc,heap        ] GC(879) DefNew: 142684K(157248K)->8119K(157248K) Eden: 139776K(139776K)->0K(139776K) From: 2908K(17472K)->8119K(17472K)
[100.716s][info][gc,heap        ] GC(879) Tenured: 103176K(349568K)->103176K(349568K)
[100.716s][info][gc,metaspace   ] GC(879) Metaspace: 61334K(62208K)->61334K(62208K) NonClass: 53757K(54208K)->53757K(54208K) Class: 7577K(8000K)->7577K(8000K)
[100.716s][info][gc             ] GC(879) Pause Young (Allocation Failure) 240M->108M(494M) 27.611ms
[100.716s][info][gc,cpu         ] GC(879) User=0.03s Sys=0.00s Real=0.03s
[100.775s][info][gc,start       ] GC(880) Pause Young (Allocation Failure)
[100.810s][info][gc,heap        ] GC(880) DefNew: 147895K(157248K)->12781K(157248K) Eden: 139776K(139776K)->0K(139776K) From: 8119K(17472K)->12781K(17472K)
[100.810s][info][gc,heap        ] GC(880) Tenured: 103176K(349568K)->103176K(349568K)
[100.810s][info][gc,metaspace   ] GC(880) Metaspace: 61334K(62208K)->61334K(62208K) NonClass: 53757K(54208K)->53757K(54208K) Class: 7577K(8000K)->7577K(8000K)
[100.810s][info][gc             ] GC(880) Pause Young (Allocation Failure) 245M->113M(494M) 34.701ms
[100.810s][info][gc,cpu         ] GC(880) User=0.03s Sys=0.00s Real=0.03s
[100.866s][info][gc,start       ] GC(881) Pause Young (Allocation Failure)
[100.907s][info][gc,heap        ] GC(881) DefNew: 152557K(157248K)->10944K(157248K) Eden: 139776K(139776K)->0K(139776K) From: 12781K(17472K)->10944K(17472K)
[100.907s][info][gc,heap        ] GC(881) Tenured: 103176K(349568K)->110783K(349568K)
[100.907s][info][gc,metaspace   ] GC(881) Metaspace: 61334K(62208K)->61334K(62208K) NonClass: 53757K(54208K)->53757K(54208K) Class: 7577K(8000K)->7577K(8000K)
[100.907s][info][gc             ] GC(881) Pause Young (Allocation Failure) 249M->118M(494M) 41.216ms
[100.907s][info][gc,cpu         ] GC(881) User=0.05s Sys=0.00s Real=0.05s
[100.964s][info][gc,start       ] GC(882) Pause Young (Allocation Failure)
[101.002s][info][gc,heap        ] GC(882) DefNew: 150720K(157248K)->11916K(157248K) Eden: 139776K(139776K)->0K(139776K) From: 10944K(17472K)->11916K(17472K)
[101.002s][info][gc,heap        ] GC(882) Tenured: 110783K(349568K)->115445K(349568K)
[101.002s][info][gc,metaspace   ] GC(882) Metaspace: 61334K(62208K)->61334K(62208K) NonClass: 53757K(54208K)->53757K(54208K) Class: 7577K(8000K)->7577K(8000K)
[101.002s][info][gc             ] GC(882) Pause Young (Allocation Failure) 255M->124M(494M) 38.140ms
[101.002s][info][gc,cpu         ] GC(882) User=0.03s Sys=0.00s Real=0.03s
[101.057s][info][gc,start       ] GC(883) Pause Young (Allocation Failure)
[101.097s][info][gc,heap        ] GC(883) DefNew: 151692K(157248K)->12809K(157248K) Eden: 139776K(139776K)->0K(139776K) From: 11916K(17472K)->12809K(17472K)
[101.097s][info][gc,heap        ] GC(883) Tenured: 115445K(349568K)->120704K(349568K)
[101.097s][info][gc,metaspace   ] GC(883) Metaspace: 61334K(62208K)->61334K(62208K) NonClass: 53757K(54208K)->53757K(54208K) Class: 7577K(8000K)->7577K(8000K)
[101.097s][info][gc             ] GC(883) Pause Young (Allocation Failure) 260M->130M(494M) 39.821ms
[101.097s][info][gc,cpu         ] GC(883) User=0.03s Sys=0.00s Real=0.03s
[101.154s][info][gc,start       ] GC(884) Pause Young (Allocation Failure)
[101.194s][info][gc,heap        ] GC(884) DefNew: 152585K(157248K)->12796K(157248K) Eden: 139776K(139776K)->0K(139776K) From: 12809K(17472K)->12796K(17472K)
[101.194s][info][gc,heap        ] GC(884) Tenured: 120704K(349568K)->126336K(349568K)
[101.194s][info][gc,metaspace   ] GC(884) Metaspace: 61334K(62208K)->61334K(62208K) NonClass: 53757K(54208K)->53757K(54208K) Class: 7577K(8000K)->7577K(8000K)
[101.194s][info][gc             ] GC(884) Pause Young (Allocation Failure) 266M->135M(494M) 39.551ms
[101.194s][info][gc,cpu         ] GC(884) User=0.03s Sys=0.00s Real=0.03s
[101.254s][info][gc,start       ] GC(885) Pause Young (Allocation Failure)
[101.295s][info][gc,heap        ] GC(885) DefNew: 152572K(157248K)->12098K(157248K) Eden: 139776K(139776K)->0K(139776K) From: 12796K(17472K)->12098K(17472K)
[101.296s][info][gc,heap        ] GC(885) Tenured: 126336K(349568K)->133513K(349568K)
[101.296s][info][gc,metaspace   ] GC(885) Metaspace: 61334K(62208K)->61334K(62208K) NonClass: 53757K(54208K)->53757K(54208K) Class: 7577K(8000K)->7577K(8000K)
[101.296s][info][gc             ] GC(885) Pause Young (Allocation Failure) 272M->142M(494M) 41.815ms
[101.296s][info][gc,cpu         ] GC(885) User=0.05s Sys=0.00s Real=0.04s
[101.356s][info][gc,start       ] GC(886) Pause Young (Allocation Failure)
[101.381s][info][gc,heap        ] GC(886) DefNew: 151874K(157248K)->6723K(157248K) Eden: 139776K(139776K)->0K(139776K) From: 12098K(17472K)->6723K(17472K)
[101.381s][info][gc,heap        ] GC(886) Tenured: 133513K(349568K)->139132K(349568K)
[101.381s][info][gc,metaspace   ] GC(886) Metaspace: 61334K(62208K)->61334K(62208K) NonClass: 53757K(54208K)->53757K(54208K) Class: 7577K(8000K)->7577K(8000K)
[101.381s][info][gc             ] GC(886) Pause Young (Allocation Failure) 278M->142M(494M) 25.044ms
[101.381s][info][gc,cpu         ] GC(886) User=0.03s Sys=0.00s Real=0.03s
[101.435s][info][gc,start       ] GC(887) Pause Young (Allocation Failure)
[101.450s][info][gc,heap        ] GC(887) DefNew: 146499K(157248K)->6723K(157248K) Eden: 139776K(139776K)->0K(139776K) From: 6723K(17472K)->6723K(17472K)
[101.450s][info][gc,heap        ] GC(887) Tenured: 139132K(349568K)->139132K(349568K)
[101.450s][info][gc,metaspace   ] GC(887) Metaspace: 61334K(62208K)->61334K(62208K) NonClass: 53757K(54208K)->53757K(54208K) Class: 7577K(8000K)->7577K(8000K)
[101.450s][info][gc             ] GC(887) Pause Young (Allocation Failure) 278M->142M(494M) 15.430ms
[101.450s][info][gc,cpu         ] GC(887) User=0.02s Sys=0.00s Real=0.02s
[101.500s][info][gc,start       ] GC(888) Pause Young (Allocation Failure)
[101.517s][info][gc,heap        ] GC(888) DefNew: 146499K(157248K)->6723K(157248K) Eden: 139776K(139776K)->0K(139776K) From: 6723K(17472K)->6723K(17472K)
[101.517s][info][gc,heap        ] GC(888) Tenured: 139132K(349568K)->139132K(349568K)
[101.517s][info][gc,metaspace   ] GC(888) Metaspace: 61334K(62208K)->61334K(62208K) NonClass: 53757K(54208K)->53757K(54208K) Class: 7577K(8000K)->7577K(8000K)
[101.517s][info][gc             ] GC(888) Pause Young (Allocation Failure) 278M->142M(494M) 17.269ms
[101.517s][info][gc,cpu         ] GC(888) User=0.02s Sys=0.00s Real=0.02s
[101.566s][info][gc,start       ] GC(889) Pause Young (Allocation Failure)
[101.582s][info][gc,heap        ] GC(889) DefNew: 146499K(157248K)->6723K(157248K) Eden: 139776K(139776K)->0K(139776K) From: 6723K(17472K)->6723K(17472K)
[101.582s][info][gc,heap        ] GC(889) Tenured: 139132K(349568K)->139132K(349568K)
[101.582s][info][gc,metaspace   ] GC(889) Metaspace: 61334K(62208K)->61334K(62208K) NonClass: 53757K(54208K)->53757K(54208K) Class: 7577K(8000K)->7577K(8000K)
[101.583s][info][gc             ] GC(889) Pause Young (Allocation Failure) 278M->142M(494M) 16.250ms
[101.583s][info][gc,cpu         ] GC(889) User=0.02s Sys=0.00s Real=0.01s
[101.637s][info][gc,start       ] GC(890) Pause Young (Allocation Failure)
[101.645s][info][gc,heap        ] GC(890) DefNew: 146499K(157248K)->6723K(157248K) Eden: 139776K(139776K)->0K(139776K) From: 6723K(17472K)->6723K(17472K)
[101.645s][info][gc,heap        ] GC(890) Tenured: 139132K(349568K)->139132K(349568K)
[101.645s][info][gc,metaspace   ] GC(890) Metaspace: 61334K(62208K)->61334K(62208K) NonClass: 53757K(54208K)->53757K(54208K) Class: 7577K(8000K)->7577K(8000K)
[101.645s][info][gc             ] GC(890) Pause Young (Allocation Failure) 278M->142M(494M) 8.091ms
[101.645s][info][gc,cpu         ] GC(890) User=0.02s Sys=0.00s Real=0.02s
[101.690s][info][gc,start       ] GC(891) Pause Young (Allocation Failure)
[101.698s][info][gc,heap        ] GC(891) DefNew: 146499K(157248K)->6723K(157248K) Eden: 139776K(139776K)->0K(139776K) From: 6723K(17472K)->6723K(17472K)
[101.698s][info][gc,heap        ] GC(891) Tenured: 139132K(349568K)->139132K(349568K)
[101.698s][info][gc,metaspace   ] GC(891) Metaspace: 61334K(62208K)->61334K(62208K) NonClass: 53757K(54208K)->53757K(54208K) Class: 7577K(8000K)->7577K(8000K)
[101.698s][info][gc             ] GC(891) Pause Young (Allocation Failure) 278M->142M(494M) 8.136ms
[101.698s][info][gc,cpu         ] GC(891) User=0.00s Sys=0.00s Real=0.00s
[101.788s][info][gc,start       ] GC(892) Pause Young (Allocation Failure)
[101.805s][info][gc,heap        ] GC(892) DefNew: 146499K(157248K)->6734K(157248K) Eden: 139776K(139776K)->0K(139776K) From: 6723K(17472K)->6734K(17472K)
[101.805s][info][gc,heap        ] GC(892) Tenured: 139132K(349568K)->139132K(349568K)
[101.805s][info][gc,metaspace   ] GC(892) Metaspace: 61334K(62208K)->61334K(62208K) NonClass: 53757K(54208K)->53757K(54208K) Class: 7577K(8000K)->7577K(8000K)
[101.805s][info][gc             ] GC(892) Pause Young (Allocation Failure) 278M->142M(494M) 16.873ms
[101.805s][info][gc,cpu         ] GC(892) User=0.02s Sys=0.00s Real=0.02s
[101.902s][info][gc,start       ] GC(893) Pause Young (Allocation Failure)
[101.919s][info][gc,heap        ] GC(893) DefNew: 146510K(157248K)->6735K(157248K) Eden: 139776K(139776K)->0K(139776K) From: 6734K(17472K)->6735K(17472K)
[101.919s][info][gc,heap        ] GC(893) Tenured: 139132K(349568K)->139132K(349568K)
[101.919s][info][gc,metaspace   ] GC(893) Metaspace: 61334K(62208K)->61334K(62208K) NonClass: 53757K(54208K)->53757K(54208K) Class: 7577K(8000K)->7577K(8000K)
[101.919s][info][gc             ] GC(893) Pause Young (Allocation Failure) 278M->142M(494M) 17.401ms
[101.919s][info][gc,cpu         ] GC(893) User=0.02s Sys=0.00s Real=0.01s
[102.007s][info][gc,start       ] GC(894) Pause Young (Allocation Failure)
[102.023s][info][gc,heap        ] GC(894) DefNew: 146511K(157248K)->6735K(157248K) Eden: 139776K(139776K)->0K(139776K) From: 6735K(17472K)->6735K(17472K)
[102.023s][info][gc,heap        ] GC(894) Tenured: 139132K(349568K)->139132K(349568K)
[102.023s][info][gc,metaspace   ] GC(894) Metaspace: 61334K(62208K)->61334K(62208K) NonClass: 53757K(54208K)->53757K(54208K) Class: 7577K(8000K)->7577K(8000K)
[102.023s][info][gc             ] GC(894) Pause Young (Allocation Failure) 278M->142M(494M) 15.581ms
[102.023s][info][gc,cpu         ] GC(894) User=0.02s Sys=0.00s Real=0.02s
[102.111s][info][gc,start       ] GC(895) Pause Young (Allocation Failure)
[102.129s][info][gc,heap        ] GC(895) DefNew: 146511K(157248K)->6735K(157248K) Eden: 139776K(139776K)->0K(139776K) From: 6735K(17472K)->6735K(17472K)
[102.129s][info][gc,heap        ] GC(895) Tenured: 139132K(349568K)->139132K(349568K)
[102.129s][info][gc,metaspace   ] GC(895) Metaspace: 61334K(62208K)->61334K(62208K) NonClass: 53757K(54208K)->53757K(54208K) Class: 7577K(8000K)->7577K(8000K)
[102.129s][info][gc             ] GC(895) Pause Young (Allocation Failure) 278M->142M(494M) 18.192ms
[102.129s][info][gc,cpu         ] GC(895) User=0.02s Sys=0.00s Real=0.02s
[102.217s][info][gc,start       ] GC(896) Pause Young (Allocation Failure)
[102.229s][info][gc,heap        ] GC(896) DefNew: 146511K(157248K)->6735K(157248K) Eden: 139776K(139776K)->0K(139776K) From: 6735K(17472K)->6735K(17472K)
[102.229s][info][gc,heap        ] GC(896) Tenured: 139132K(349568K)->139132K(349568K)
[102.229s][info][gc,metaspace   ] GC(896) Metaspace: 61334K(62208K)->61334K(62208K) NonClass: 53757K(54208K)->53757K(54208K) Class: 7577K(8000K)->7577K(8000K)
[102.229s][info][gc             ] GC(896) Pause Young (Allocation Failure) 278M->142M(494M) 11.471ms
[102.229s][info][gc,cpu         ] GC(896) User=0.02s Sys=0.00s Real=0.02s
[102.324s][info][gc,start       ] GC(897) Pause Young (Allocation Failure)
[102.341s][info][gc,heap        ] GC(897) DefNew: 146511K(157248K)->6734K(157248K) Eden: 139776K(139776K)->0K(139776K) From: 6735K(17472K)->6734K(17472K)
[102.341s][info][gc,heap        ] GC(897) Tenured: 139132K(349568K)->139132K(349568K)
[102.341s][info][gc,metaspace   ] GC(897) Metaspace: 61334K(62208K)->61334K(62208K) NonClass: 53757K(54208K)->53757K(54208K) Class: 7577K(8000K)->7577K(8000K)
[102.341s][info][gc             ] GC(897) Pause Young (Allocation Failure) 278M->142M(494M) 17.514ms
[102.341s][info][gc,cpu         ] GC(897) User=0.02s Sys=0.00s Real=0.01s
[102.456s][info][gc,start       ] GC(898) Pause Young (Allocation Failure)
[102.473s][info][gc,heap        ] GC(898) DefNew: 146510K(157248K)->6735K(157248K) Eden: 139776K(139776K)->0K(139776K) From: 6734K(17472K)->6735K(17472K)
[102.473s][info][gc,heap        ] GC(898) Tenured: 139132K(349568K)->139132K(349568K)
[102.473s][info][gc,metaspace   ] GC(898) Metaspace: 61334K(62208K)->61334K(62208K) NonClass: 53757K(54208K)->53757K(54208K) Class: 7577K(8000K)->7577K(8000K)
[102.473s][info][gc             ] GC(898) Pause Young (Allocation Failure) 278M->142M(494M) 17.650ms
[102.473s][info][gc,cpu         ] GC(898) User=0.03s Sys=0.00s Real=0.03s
[102.512s][info][gc,start       ] GC(899) Pause Full (System.gc())
[102.512s][info][gc,phases,start] GC(899) Phase 1: Mark live objects
[102.594s][info][gc,phases      ] GC(899) Phase 1: Mark live objects 81.716ms
[102.594s][info][gc,phases,start] GC(899) Phase 2: Compute new object addresses
[102.639s][info][gc,phases      ] GC(899) Phase 2: Compute new object addresses 44.807ms
[102.639s][info][gc,phases,start] GC(899) Phase 3: Adjust pointers
[102.683s][info][gc,phases      ] GC(899) Phase 3: Adjust pointers 43.969ms
[102.683s][info][gc,phases,start] GC(899) Phase 4: Move objects
[102.683s][info][gc,phases      ] GC(899) Phase 4: Move objects 0.028ms
[102.684s][info][gc,heap        ] GC(899) DefNew: 20802K(157248K)->0K(157248K) Eden: 14067K(139776K)->0K(139776K) From: 6735K(17472K)->0K(17472K)
[102.684s][info][gc,heap        ] GC(899) Tenured: 139132K(349568K)->103610K(349568K)
[102.684s][info][gc,metaspace   ] GC(899) Metaspace: 61335K(62208K)->61335K(62208K) NonClass: 53758K(54208K)->53758K(54208K) Class: 7577K(8000K)->7577K(8000K)
[102.684s][info][gc             ] GC(899) Pause Full (System.gc()) 156M->101M(494M) 171.455ms
[102.684s][info][gc,cpu         ] GC(899) User=0.17s Sys=0.00s Real=0.17s
[102.800s][info][gc,start       ] GC(900) Pause Young (Allocation Failure)
[102.814s][info][gc,heap        ] GC(900) DefNew: 139776K(157248K)->2835K(157248K) Eden: 139776K(139776K)->0K(139776K) From: 0K(17472K)->2835K(17472K)
[102.814s][info][gc,heap        ] GC(900) Tenured: 103610K(349568K)->103610K(349568K)
[102.814s][info][gc,metaspace   ] GC(900) Metaspace: 61346K(62208K)->61346K(62208K) NonClass: 53768K(54208K)->53768K(54208K) Class: 7577K(8000K)->7577K(8000K)
[102.814s][info][gc             ] GC(900) Pause Young (Allocation Failure) 237M->103M(494M) 14.704ms
[102.814s][info][gc,cpu         ] GC(900) User=0.02s Sys=0.00s Real=0.02s
[102.861s][info][gc,start       ] GC(901) Pause Young (Allocation Failure)
[102.888s][info][gc,heap        ] GC(901) DefNew: 142611K(157248K)->7998K(157248K) Eden: 139776K(139776K)->0K(139776K) From: 2835K(17472K)->7998K(17472K)
[102.888s][info][gc,heap        ] GC(901) Tenured: 103610K(349568K)->103610K(349568K)
[102.888s][info][gc,metaspace   ] GC(901) Metaspace: 61346K(62208K)->61346K(62208K) NonClass: 53768K(54208K)->53768K(54208K) Class: 7577K(8000K)->7577K(8000K)
[102.888s][info][gc             ] GC(901) Pause Young (Allocation Failure) 240M->108M(494M) 27.049ms
[102.888s][info][gc,cpu         ] GC(901) User=0.02s Sys=0.00s Real=0.02s
[102.941s][info][gc,start       ] GC(902) Pause Young (Allocation Failure)
[102.974s][info][gc,heap        ] GC(902) DefNew: 147774K(157248K)->13780K(157248K) Eden: 139776K(139776K)->0K(139776K) From: 7998K(17472K)->13780K(17472K)
[102.985s][info][gc,heap        ] GC(902) Tenured: 103610K(349568K)->103610K(349568K)
[102.985s][info][gc,metaspace   ] GC(902) Metaspace: 61346K(62208K)->61346K(62208K) NonClass: 53768K(54208K)->53768K(54208K) Class: 7577K(8000K)->7577K(8000K)
[102.986s][info][gc             ] GC(902) Pause Young (Allocation Failure) 245M->114M(494M) 45.090ms
[102.986s][info][gc,cpu         ] GC(902) User=0.03s Sys=0.00s Real=0.05s
[103.037s][info][gc,start       ] GC(903) Pause Young (Allocation Failure)
[103.076s][info][gc,heap        ] GC(903) DefNew: 153556K(157248K)->10869K(157248K) Eden: 139776K(139776K)->0K(139776K) From: 13780K(17472K)->10869K(17472K)
[103.076s][info][gc,heap        ] GC(903) Tenured: 103610K(349568K)->111096K(349568K)
[103.076s][info][gc,metaspace   ] GC(903) Metaspace: 61346K(62208K)->61346K(62208K) NonClass: 53768K(54208K)->53768K(54208K) Class: 7577K(8000K)->7577K(8000K)
[103.076s][info][gc             ] GC(903) Pause Young (Allocation Failure) 251M->119M(494M) 39.971ms
[103.077s][info][gc,cpu         ] GC(903) User=0.05s Sys=0.00s Real=0.05s
[103.134s][info][gc,start       ] GC(904) Pause Young (Allocation Failure)
[103.174s][info][gc,heap        ] GC(904) DefNew: 150645K(157248K)->10244K(157248K) Eden: 139776K(139776K)->0K(139776K) From: 10869K(17472K)->10244K(17472K)
[103.174s][info][gc,heap        ] GC(904) Tenured: 111096K(349568K)->117385K(349568K)
[103.174s][info][gc,metaspace   ] GC(904) Metaspace: 61346K(62208K)->61346K(62208K) NonClass: 53768K(54208K)->53768K(54208K) Class: 7577K(8000K)->7577K(8000K)
[103.174s][info][gc             ] GC(904) Pause Young (Allocation Failure) 255M->124M(494M) 39.824ms
[103.174s][info][gc,cpu         ] GC(904) User=0.03s Sys=0.00s Real=0.03s
[103.235s][info][gc,start       ] GC(905) Pause Young (Allocation Failure)
[103.269s][info][gc,heap        ] GC(905) DefNew: 150020K(157248K)->11978K(157248K) Eden: 139776K(139776K)->0K(139776K) From: 10244K(17472K)->11978K(17472K)
[103.269s][info][gc,heap        ] GC(905) Tenured: 117385K(349568K)->121965K(349568K)
[103.269s][info][gc,metaspace   ] GC(905) Metaspace: 61346K(62208K)->61346K(62208K) NonClass: 53768K(54208K)->53768K(54208K) Class: 7577K(8000K)->7577K(8000K)
[103.269s][info][gc             ] GC(905) Pause Young (Allocation Failure) 261M->130M(494M) 33.638ms
[103.269s][info][gc,cpu         ] GC(905) User=0.03s Sys=0.00s Real=0.03s
[103.325s][info][gc,start       ] GC(906) Pause Young (Allocation Failure)
[103.363s][info][gc,heap        ] GC(906) DefNew: 151754K(157248K)->11936K(157248K) Eden: 139776K(139776K)->0K(139776K) From: 11978K(17472K)->11936K(17472K)
[103.363s][info][gc,heap        ] GC(906) Tenured: 121965K(349568K)->127628K(349568K)
[103.363s][info][gc,metaspace   ] GC(906) Metaspace: 61346K(62208K)->61346K(62208K) NonClass: 53768K(54208K)->53768K(54208K) Class: 7577K(8000K)->7577K(8000K)
[103.363s][info][gc             ] GC(906) Pause Young (Allocation Failure) 267M->136M(494M) 38.638ms
[103.364s][info][gc,cpu         ] GC(906) User=0.03s Sys=0.00s Real=0.05s
[103.417s][info][gc,start       ] GC(907) Pause Young (Allocation Failure)
[103.461s][info][gc,heap        ] GC(907) DefNew: 151712K(157248K)->11296K(157248K) Eden: 139776K(139776K)->0K(139776K) From: 11936K(17472K)->11296K(17472K)
[103.461s][info][gc,heap        ] GC(907) Tenured: 127628K(349568K)->133943K(349568K)
[103.461s][info][gc,metaspace   ] GC(907) Metaspace: 61346K(62208K)->61346K(62208K) NonClass: 53768K(54208K)->53768K(54208K) Class: 7577K(8000K)->7577K(8000K)
[103.461s][info][gc             ] GC(907) Pause Young (Allocation Failure) 272M->141M(494M) 43.791ms
[103.461s][info][gc,cpu         ] GC(907) User=0.03s Sys=0.00s Real=0.03s
[103.521s][info][gc,start       ] GC(908) Pause Young (Allocation Failure)
[103.551s][info][gc,heap        ] GC(908) DefNew: 151072K(157248K)->7748K(157248K) Eden: 139776K(139776K)->0K(139776K) From: 11296K(17472K)->7748K(17472K)
[103.551s][info][gc,heap        ] GC(908) Tenured: 133943K(349568K)->139564K(349568K)
[103.551s][info][gc,metaspace   ] GC(908) Metaspace: 61346K(62208K)->61346K(62208K) NonClass: 53768K(54208K)->53768K(54208K) Class: 7577K(8000K)->7577K(8000K)
[103.551s][info][gc             ] GC(908) Pause Young (Allocation Failure) 278M->143M(494M) 30.868ms
[103.551s][info][gc,cpu         ] GC(908) User=0.03s Sys=0.00s Real=0.03s
[103.610s][info][gc,start       ] GC(909) Pause Young (Allocation Failure)
[103.630s][info][gc,heap        ] GC(909) DefNew: 147524K(157248K)->7748K(157248K) Eden: 139776K(139776K)->0K(139776K) From: 7748K(17472K)->7748K(17472K)
[103.630s][info][gc,heap        ] GC(909) Tenured: 139564K(349568K)->139564K(349568K)
[103.630s][info][gc,metaspace   ] GC(909) Metaspace: 61346K(62208K)->61346K(62208K) NonClass: 53768K(54208K)->53768K(54208K) Class: 7577K(8000K)->7577K(8000K)
[103.630s][info][gc             ] GC(909) Pause Young (Allocation Failure) 280M->143M(494M) 19.415ms
[103.630s][info][gc,cpu         ] GC(909) User=0.02s Sys=0.00s Real=0.02s
[103.683s][info][gc,start       ] GC(910) Pause Young (Allocation Failure)
[103.701s][info][gc,heap        ] GC(910) DefNew: 147524K(157248K)->7748K(157248K) Eden: 139776K(139776K)->0K(139776K) From: 7748K(17472K)->7748K(17472K)
[103.701s][info][gc,heap        ] GC(910) Tenured: 139564K(349568K)->139564K(349568K)
[103.701s][info][gc,metaspace   ] GC(910) Metaspace: 61346K(62208K)->61346K(62208K) NonClass: 53768K(54208K)->53768K(54208K) Class: 7577K(8000K)->7577K(8000K)
[103.701s][info][gc             ] GC(910) Pause Young (Allocation Failure) 280M->143M(494M) 18.241ms
[103.701s][info][gc,cpu         ] GC(910) User=0.03s Sys=0.00s Real=0.02s
[103.750s][info][gc,start       ] GC(911) Pause Young (Allocation Failure)
[103.765s][info][gc,heap        ] GC(911) DefNew: 147524K(157248K)->7748K(157248K) Eden: 139776K(139776K)->0K(139776K) From: 7748K(17472K)->7748K(17472K)
[103.766s][info][gc,heap        ] GC(911) Tenured: 139564K(349568K)->139564K(349568K)
[103.766s][info][gc,metaspace   ] GC(911) Metaspace: 61346K(62208K)->61346K(62208K) NonClass: 53768K(54208K)->53768K(54208K) Class: 7577K(8000K)->7577K(8000K)
[103.766s][info][gc             ] GC(911) Pause Young (Allocation Failure) 280M->143M(494M) 15.628ms
[103.766s][info][gc,cpu         ] GC(911) User=0.02s Sys=0.00s Real=0.01s
[103.819s][info][gc,start       ] GC(912) Pause Young (Allocation Failure)
[103.838s][info][gc,heap        ] GC(912) DefNew: 147524K(157248K)->7748K(157248K) Eden: 139776K(139776K)->0K(139776K) From: 7748K(17472K)->7748K(17472K)
[103.838s][info][gc,heap        ] GC(912) Tenured: 139564K(349568K)->139564K(349568K)
[103.838s][info][gc,metaspace   ] GC(912) Metaspace: 61346K(62208K)->61346K(62208K) NonClass: 53768K(54208K)->53768K(54208K) Class: 7577K(8000K)->7577K(8000K)
[103.838s][info][gc             ] GC(912) Pause Young (Allocation Failure) 280M->143M(494M) 18.669ms
[103.838s][info][gc,cpu         ] GC(912) User=0.02s Sys=0.00s Real=0.02s
[103.898s][info][gc,start       ] GC(913) Pause Young (Allocation Failure)
[103.916s][info][gc,heap        ] GC(913) DefNew: 147524K(157248K)->7760K(157248K) Eden: 139776K(139776K)->0K(139776K) From: 7748K(17472K)->7760K(17472K)
[103.916s][info][gc,heap        ] GC(913) Tenured: 139564K(349568K)->139564K(349568K)
[103.916s][info][gc,metaspace   ] GC(913) Metaspace: 61346K(62208K)->61346K(62208K) NonClass: 53768K(54208K)->53768K(54208K) Class: 7577K(8000K)->7577K(8000K)
[103.916s][info][gc             ] GC(913) Pause Young (Allocation Failure) 280M->143M(494M) 17.481ms
[103.916s][info][gc,cpu         ] GC(913) User=0.02s Sys=0.00s Real=0.02s
[104.008s][info][gc,start       ] GC(914) Pause Young (Allocation Failure)
[104.025s][info][gc,heap        ] GC(914) DefNew: 147536K(157248K)->7760K(157248K) Eden: 139776K(139776K)->0K(139776K) From: 7760K(17472K)->7760K(17472K)
[104.025s][info][gc,heap        ] GC(914) Tenured: 139564K(349568K)->139564K(349568K)
[104.025s][info][gc,metaspace   ] GC(914) Metaspace: 61346K(62208K)->61346K(62208K) NonClass: 53768K(54208K)->53768K(54208K) Class: 7577K(8000K)->7577K(8000K)
[104.025s][info][gc             ] GC(914) Pause Young (Allocation Failure) 280M->143M(494M) 17.607ms
[104.025s][info][gc,cpu         ] GC(914) User=0.02s Sys=0.00s Real=0.01s
[104.114s][info][gc,start       ] GC(915) Pause Young (Allocation Failure)
[104.133s][info][gc,heap        ] GC(915) DefNew: 147536K(157248K)->7760K(157248K) Eden: 139776K(139776K)->0K(139776K) From: 7760K(17472K)->7760K(17472K)
[104.133s][info][gc,heap        ] GC(915) Tenured: 139564K(349568K)->139564K(349568K)
[104.133s][info][gc,metaspace   ] GC(915) Metaspace: 61346K(62208K)->61346K(62208K) NonClass: 53768K(54208K)->53768K(54208K) Class: 7577K(8000K)->7577K(8000K)
[104.133s][info][gc             ] GC(915) Pause Young (Allocation Failure) 280M->143M(494M) 18.749ms
[104.133s][info][gc,cpu         ] GC(915) User=0.02s Sys=0.00s Real=0.02s
[104.219s][info][gc,start       ] GC(916) Pause Young (Allocation Failure)
[104.236s][info][gc,heap        ] GC(916) DefNew: 147536K(157248K)->7760K(157248K) Eden: 139776K(139776K)->0K(139776K) From: 7760K(17472K)->7760K(17472K)
[104.236s][info][gc,heap        ] GC(916) Tenured: 139564K(349568K)->139564K(349568K)
[104.236s][info][gc,metaspace   ] GC(916) Metaspace: 61346K(62208K)->61346K(62208K) NonClass: 53768K(54208K)->53768K(54208K) Class: 7577K(8000K)->7577K(8000K)
[104.236s][info][gc             ] GC(916) Pause Young (Allocation Failure) 280M->143M(494M) 17.604ms
[104.236s][info][gc,cpu         ] GC(916) User=0.02s Sys=0.00s Real=0.02s
[104.324s][info][gc,start       ] GC(917) Pause Young (Allocation Failure)
[104.345s][info][gc,heap        ] GC(917) DefNew: 147536K(157248K)->7760K(157248K) Eden: 139776K(139776K)->0K(139776K) From: 7760K(17472K)->7760K(17472K)
[104.345s][info][gc,heap        ] GC(917) Tenured: 139564K(349568K)->139564K(349568K)
[104.345s][info][gc,metaspace   ] GC(917) Metaspace: 61346K(62208K)->61346K(62208K) NonClass: 53768K(54208K)->53768K(54208K) Class: 7577K(8000K)->7577K(8000K)
[104.345s][info][gc             ] GC(917) Pause Young (Allocation Failure) 280M->143M(494M) 21.029ms
[104.345s][info][gc,cpu         ] GC(917) User=0.00s Sys=0.00s Real=0.02s
[104.450s][info][gc,start       ] GC(918) Pause Young (Allocation Failure)
[104.468s][info][gc,heap        ] GC(918) DefNew: 147536K(157248K)->7760K(157248K) Eden: 139776K(139776K)->0K(139776K) From: 7760K(17472K)->7760K(17472K)
[104.468s][info][gc,heap        ] GC(918) Tenured: 139564K(349568K)->139564K(349568K)
[104.468s][info][gc,metaspace   ] GC(918) Metaspace: 61346K(62208K)->61346K(62208K) NonClass: 53768K(54208K)->53768K(54208K) Class: 7577K(8000K)->7577K(8000K)
[104.468s][info][gc             ] GC(918) Pause Young (Allocation Failure) 280M->143M(494M) 17.646ms
[104.468s][info][gc,cpu         ] GC(918) User=0.02s Sys=0.00s Real=0.02s
[104.555s][info][gc,start       ] GC(919) Pause Young (Allocation Failure)
[104.575s][info][gc,heap        ] GC(919) DefNew: 147536K(157248K)->7768K(157248K) Eden: 139776K(139776K)->0K(139776K) From: 7760K(17472K)->7768K(17472K)
[104.575s][info][gc,heap        ] GC(919) Tenured: 139564K(349568K)->139564K(349568K)
[104.575s][info][gc,metaspace   ] GC(919) Metaspace: 61346K(62208K)->61346K(62208K) NonClass: 53768K(54208K)->53768K(54208K) Class: 7577K(8000K)->7577K(8000K)
[104.575s][info][gc             ] GC(919) Pause Young (Allocation Failure) 280M->143M(494M) 19.866ms
[104.575s][info][gc,cpu         ] GC(919) User=0.02s Sys=0.00s Real=0.02s
[104.681s][info][gc,start       ] GC(920) Pause Young (Allocation Failure)
[104.699s][info][gc,heap        ] GC(920) DefNew: 147544K(157248K)->7768K(157248K) Eden: 139776K(139776K)->0K(139776K) From: 7768K(17472K)->7768K(17472K)
[104.699s][info][gc,heap        ] GC(920) Tenured: 139564K(349568K)->139564K(349568K)
[104.699s][info][gc,metaspace   ] GC(920) Metaspace: 61346K(62208K)->61346K(62208K) NonClass: 53768K(54208K)->53768K(54208K) Class: 7577K(8000K)->7577K(8000K)
[104.699s][info][gc             ] GC(920) Pause Young (Allocation Failure) 280M->143M(494M) 18.043ms
[104.699s][info][gc,cpu         ] GC(920) User=0.02s Sys=0.00s Real=0.02s
[104.728s][info][gc,start       ] GC(921) Pause Full (System.gc())
[104.728s][info][gc,phases,start] GC(921) Phase 1: Mark live objects
[104.805s][info][gc,phases      ] GC(921) Phase 1: Mark live objects 77.718ms
[104.806s][info][gc,phases,start] GC(921) Phase 2: Compute new object addresses
[104.850s][info][gc,phases      ] GC(921) Phase 2: Compute new object addresses 44.505ms
[104.850s][info][gc,phases,start] GC(921) Phase 3: Adjust pointers
[104.910s][info][gc,phases      ] GC(921) Phase 3: Adjust pointers 60.075ms
[104.910s][info][gc,phases,start] GC(921) Phase 4: Move objects
[104.935s][info][gc,phases      ] GC(921) Phase 4: Move objects 24.588ms
[104.935s][info][gc,heap        ] GC(921) DefNew: 19418K(157248K)->0K(157248K) Eden: 11649K(139776K)->0K(139776K) From: 7768K(17472K)->0K(17472K)
[104.935s][info][gc,heap        ] GC(921) Tenured: 139564K(349568K)->102405K(349568K)
[104.935s][info][gc,metaspace   ] GC(921) Metaspace: 61355K(62272K)->61355K(62272K) NonClass: 53777K(54272K)->53777K(54272K) Class: 7577K(8000K)->7577K(8000K)
[104.935s][info][gc             ] GC(921) Pause Full (System.gc()) 155M->100M(494M) 207.858ms
[104.935s][info][gc,cpu         ] GC(921) User=0.20s Sys=0.00s Real=0.22s
[105.049s][info][gc,start       ] GC(922) Pause Young (Allocation Failure)
[105.065s][info][gc,heap        ] GC(922) DefNew: 139776K(157248K)->2973K(157248K) Eden: 139776K(139776K)->0K(139776K) From: 0K(17472K)->2973K(17472K)
[105.065s][info][gc,heap        ] GC(922) Tenured: 102405K(349568K)->102405K(349568K)
[105.065s][info][gc,metaspace   ] GC(922) Metaspace: 61365K(62272K)->61365K(62272K) NonClass: 53788K(54272K)->53788K(54272K) Class: 7577K(8000K)->7577K(8000K)
[105.065s][info][gc             ] GC(922) Pause Young (Allocation Failure) 236M->102M(494M) 15.983ms
[105.066s][info][gc,cpu         ] GC(922) User=0.02s Sys=0.00s Real=0.02s
[105.113s][info][gc,start       ] GC(923) Pause Young (Allocation Failure)
[105.140s][info][gc,heap        ] GC(923) DefNew: 142749K(157248K)->8167K(157248K) Eden: 139776K(139776K)->0K(139776K) From: 2973K(17472K)->8167K(17472K)
[105.140s][info][gc,heap        ] GC(923) Tenured: 102405K(349568K)->102405K(349568K)
[105.140s][info][gc,metaspace   ] GC(923) Metaspace: 61366K(62272K)->61366K(62272K) NonClass: 53789K(54272K)->53789K(54272K) Class: 7577K(8000K)->7577K(8000K)
[105.140s][info][gc             ] GC(923) Pause Young (Allocation Failure) 239M->107M(494M) 27.563ms
[105.140s][info][gc,cpu         ] GC(923) User=0.03s Sys=0.00s Real=0.03s
[105.199s][info][gc,start       ] GC(924) Pause Young (Allocation Failure)
[105.237s][info][gc,heap        ] GC(924) DefNew: 147943K(157248K)->14450K(157248K) Eden: 139776K(139776K)->0K(139776K) From: 8167K(17472K)->14450K(17472K)
[105.237s][info][gc,heap        ] GC(924) Tenured: 102405K(349568K)->102405K(349568K)
[105.237s][info][gc,metaspace   ] GC(924) Metaspace: 61366K(62272K)->61366K(62272K) NonClass: 53789K(54272K)->53789K(54272K) Class: 7577K(8000K)->7577K(8000K)
[105.237s][info][gc             ] GC(924) Pause Young (Allocation Failure) 244M->114M(494M) 38.611ms
[105.237s][info][gc,cpu         ] GC(924) User=0.03s Sys=0.00s Real=0.03s
[105.292s][info][gc,start       ] GC(925) Pause Young (Allocation Failure)
[105.334s][info][gc,heap        ] GC(925) DefNew: 154226K(157248K)->12398K(157248K) Eden: 139776K(139776K)->0K(139776K) From: 14450K(17472K)->12398K(17472K)
[105.334s][info][gc,heap        ] GC(925) Tenured: 102405K(349568K)->110059K(349568K)
[105.334s][info][gc,metaspace   ] GC(925) Metaspace: 61366K(62272K)->61366K(62272K) NonClass: 53789K(54272K)->53789K(54272K) Class: 7577K(8000K)->7577K(8000K)
[105.334s][info][gc             ] GC(925) Pause Young (Allocation Failure) 250M->119M(494M) 42.077ms
[105.334s][info][gc,cpu         ] GC(925) User=0.03s Sys=0.00s Real=0.03s
[105.387s][info][gc,start       ] GC(926) Pause Young (Allocation Failure)
[105.429s][info][gc,heap        ] GC(926) DefNew: 152174K(157248K)->11306K(157248K) Eden: 139776K(139776K)->0K(139776K) From: 12398K(17472K)->11306K(17472K)
[105.429s][info][gc,heap        ] GC(926) Tenured: 110059K(349568K)->116855K(349568K)
[105.429s][info][gc,metaspace   ] GC(926) Metaspace: 61366K(62272K)->61366K(62272K) NonClass: 53789K(54272K)->53789K(54272K) Class: 7577K(8000K)->7577K(8000K)
[105.429s][info][gc             ] GC(926) Pause Young (Allocation Failure) 256M->125M(494M) 42.143ms
[105.429s][info][gc,cpu         ] GC(926) User=0.03s Sys=0.00s Real=0.03s
[105.487s][info][gc,start       ] GC(927) Pause Young (Allocation Failure)
[105.528s][info][gc,heap        ] GC(927) DefNew: 151082K(157248K)->12934K(157248K) Eden: 139776K(139776K)->0K(139776K) From: 11306K(17472K)->12934K(17472K)
[105.528s][info][gc,heap        ] GC(927) Tenured: 116855K(349568K)->122457K(349568K)
[105.528s][info][gc,metaspace   ] GC(927) Metaspace: 61366K(62272K)->61366K(62272K) NonClass: 53789K(54272K)->53789K(54272K) Class: 7577K(8000K)->7577K(8000K)
[105.528s][info][gc             ] GC(927) Pause Young (Allocation Failure) 261M->132M(494M) 40.288ms
[105.528s][info][gc,cpu         ] GC(927) User=0.03s Sys=0.00s Real=0.03s
[105.583s][info][gc,start       ] GC(928) Pause Young (Allocation Failure)
[105.623s][info][gc,heap        ] GC(928) DefNew: 152710K(157248K)->12940K(157248K) Eden: 139776K(139776K)->0K(139776K) From: 12934K(17472K)->12940K(17472K)
[105.623s][info][gc,heap        ] GC(928) Tenured: 122457K(349568K)->128161K(349568K)
[105.623s][info][gc,metaspace   ] GC(928) Metaspace: 61366K(62272K)->61366K(62272K) NonClass: 53789K(54272K)->53789K(54272K) Class: 7577K(8000K)->7577K(8000K)
[105.623s][info][gc             ] GC(928) Pause Young (Allocation Failure) 268M->137M(494M) 40.630ms
[105.623s][info][gc,cpu         ] GC(928) User=0.03s Sys=0.00s Real=0.03s
[105.680s][info][gc,start       ] GC(929) Pause Young (Allocation Failure)
[105.723s][info][gc,heap        ] GC(929) DefNew: 152716K(157248K)->10716K(157248K) Eden: 139776K(139776K)->0K(139776K) From: 12940K(17472K)->10716K(17472K)
[105.723s][info][gc,heap        ] GC(929) Tenured: 128161K(349568K)->135391K(349568K)
[105.723s][info][gc,metaspace   ] GC(929) Metaspace: 61366K(62272K)->61366K(62272K) NonClass: 53789K(54272K)->53789K(54272K) Class: 7577K(8000K)->7577K(8000K)
[105.723s][info][gc             ] GC(929) Pause Young (Allocation Failure) 274M->142M(494M) 43.033ms
[105.723s][info][gc,cpu         ] GC(929) User=0.05s Sys=0.00s Real=0.05s
[105.790s][info][gc,start       ] GC(930) Pause Young (Allocation Failure)
[105.838s][info][gc,heap        ] GC(930) DefNew: 150492K(157248K)->5006K(157248K) Eden: 139776K(139776K)->0K(139776K) From: 10716K(17472K)->5006K(17472K)
[105.838s][info][gc,heap        ] GC(930) Tenured: 135391K(349568K)->141101K(349568K)
[105.838s][info][gc,metaspace   ] GC(930) Metaspace: 61366K(62272K)->61366K(62272K) NonClass: 53789K(54272K)->53789K(54272K) Class: 7577K(8000K)->7577K(8000K)
[105.838s][info][gc             ] GC(930) Pause Young (Allocation Failure) 279M->142M(494M) 48.396ms
[105.838s][info][gc,cpu         ] GC(930) User=0.02s Sys=0.00s Real=0.05s
[105.898s][info][gc,start       ] GC(931) Pause Young (Allocation Failure)
[105.911s][info][gc,heap        ] GC(931) DefNew: 144782K(157248K)->5006K(157248K) Eden: 139776K(139776K)->0K(139776K) From: 5006K(17472K)->5006K(17472K)
[105.911s][info][gc,heap        ] GC(931) Tenured: 141101K(349568K)->141101K(349568K)
[105.912s][info][gc,metaspace   ] GC(931) Metaspace: 61366K(62272K)->61366K(62272K) NonClass: 53789K(54272K)->53789K(54272K) Class: 7577K(8000K)->7577K(8000K)
[105.912s][info][gc             ] GC(931) Pause Young (Allocation Failure) 279M->142M(494M) 13.370ms
[105.912s][info][gc,cpu         ] GC(931) User=0.02s Sys=0.00s Real=0.02s
[105.966s][info][gc,start       ] GC(932) Pause Young (Allocation Failure)
[105.980s][info][gc,heap        ] GC(932) DefNew: 144782K(157248K)->5006K(157248K) Eden: 139776K(139776K)->0K(139776K) From: 5006K(17472K)->5006K(17472K)
[105.980s][info][gc,heap        ] GC(932) Tenured: 141101K(349568K)->141101K(349568K)
[105.980s][info][gc,metaspace   ] GC(932) Metaspace: 61366K(62272K)->61366K(62272K) NonClass: 53789K(54272K)->53789K(54272K) Class: 7577K(8000K)->7577K(8000K)
[105.980s][info][gc             ] GC(932) Pause Young (Allocation Failure) 279M->142M(494M) 14.075ms
[105.980s][info][gc,cpu         ] GC(932) User=0.02s Sys=0.00s Real=0.01s
[106.032s][info][gc,start       ] GC(933) Pause Young (Allocation Failure)
[106.046s][info][gc,heap        ] GC(933) DefNew: 144782K(157248K)->5006K(157248K) Eden: 139776K(139776K)->0K(139776K) From: 5006K(17472K)->5006K(17472K)
[106.046s][info][gc,heap        ] GC(933) Tenured: 141101K(349568K)->141101K(349568K)
[106.046s][info][gc,metaspace   ] GC(933) Metaspace: 61366K(62272K)->61366K(62272K) NonClass: 53789K(54272K)->53789K(54272K) Class: 7577K(8000K)->7577K(8000K)
[106.046s][info][gc             ] GC(933) Pause Young (Allocation Failure) 279M->142M(494M) 14.247ms
[106.047s][info][gc,cpu         ] GC(933) User=0.00s Sys=0.00s Real=0.00s
[106.104s][info][gc,start       ] GC(934) Pause Young (Allocation Failure)
[106.118s][info][gc,heap        ] GC(934) DefNew: 144782K(157248K)->5006K(157248K) Eden: 139776K(139776K)->0K(139776K) From: 5006K(17472K)->5006K(17472K)
[106.118s][info][gc,heap        ] GC(934) Tenured: 141101K(349568K)->141101K(349568K)
[106.118s][info][gc,metaspace   ] GC(934) Metaspace: 61366K(62272K)->61366K(62272K) NonClass: 53789K(54272K)->53789K(54272K) Class: 7577K(8000K)->7577K(8000K)
[106.118s][info][gc             ] GC(934) Pause Young (Allocation Failure) 279M->142M(494M) 14.164ms
[106.118s][info][gc,cpu         ] GC(934) User=0.02s Sys=0.00s Real=0.02s
[106.165s][info][gc,start       ] GC(935) Pause Young (Allocation Failure)
[106.179s][info][gc,heap        ] GC(935) DefNew: 144782K(157248K)->5006K(157248K) Eden: 139776K(139776K)->0K(139776K) From: 5006K(17472K)->5006K(17472K)
[106.179s][info][gc,heap        ] GC(935) Tenured: 141101K(349568K)->141101K(349568K)
[106.179s][info][gc,metaspace   ] GC(935) Metaspace: 61366K(62272K)->61366K(62272K) NonClass: 53789K(54272K)->53789K(54272K) Class: 7577K(8000K)->7577K(8000K)
[106.179s][info][gc             ] GC(935) Pause Young (Allocation Failure) 279M->142M(494M) 13.960ms
[106.179s][info][gc,cpu         ] GC(935) User=0.00s Sys=0.00s Real=0.00s
[106.254s][info][gc,start       ] GC(936) Pause Young (Allocation Failure)
[106.268s][info][gc,heap        ] GC(936) DefNew: 144782K(157248K)->5018K(157248K) Eden: 139776K(139776K)->0K(139776K) From: 5006K(17472K)->5018K(17472K)
[106.268s][info][gc,heap        ] GC(936) Tenured: 141101K(349568K)->141101K(349568K)
[106.268s][info][gc,metaspace   ] GC(936) Metaspace: 61367K(62336K)->61367K(62336K) NonClass: 53790K(54336K)->53790K(54336K) Class: 7577K(8000K)->7577K(8000K)
[106.268s][info][gc             ] GC(936) Pause Young (Allocation Failure) 279M->142M(494M) 14.602ms
[106.268s][info][gc,cpu         ] GC(936) User=0.02s Sys=0.00s Real=0.02s
[106.356s][info][gc,start       ] GC(937) Pause Young (Allocation Failure)
[106.370s][info][gc,heap        ] GC(937) DefNew: 144794K(157248K)->5018K(157248K) Eden: 139776K(139776K)->0K(139776K) From: 5018K(17472K)->5018K(17472K)
[106.370s][info][gc,heap        ] GC(937) Tenured: 141101K(349568K)->141101K(349568K)
[106.370s][info][gc,metaspace   ] GC(937) Metaspace: 61367K(62336K)->61367K(62336K) NonClass: 53790K(54336K)->53790K(54336K) Class: 7577K(8000K)->7577K(8000K)
[106.370s][info][gc             ] GC(937) Pause Young (Allocation Failure) 279M->142M(494M) 14.486ms
[106.371s][info][gc,cpu         ] GC(937) User=0.02s Sys=0.00s Real=0.02s
[106.456s][info][gc,start       ] GC(938) Pause Young (Allocation Failure)
[106.470s][info][gc,heap        ] GC(938) DefNew: 144794K(157248K)->5018K(157248K) Eden: 139776K(139776K)->0K(139776K) From: 5018K(17472K)->5018K(17472K)
[106.470s][info][gc,heap        ] GC(938) Tenured: 141101K(349568K)->141101K(349568K)
[106.470s][info][gc,metaspace   ] GC(938) Metaspace: 61367K(62336K)->61367K(62336K) NonClass: 53790K(54336K)->53790K(54336K) Class: 7577K(8000K)->7577K(8000K)
[106.470s][info][gc             ] GC(938) Pause Young (Allocation Failure) 279M->142M(494M) 14.330ms
[106.470s][info][gc,cpu         ] GC(938) User=0.02s Sys=0.00s Real=0.02s
[106.556s][info][gc,start       ] GC(939) Pause Young (Allocation Failure)
[106.570s][info][gc,heap        ] GC(939) DefNew: 144794K(157248K)->5018K(157248K) Eden: 139776K(139776K)->0K(139776K) From: 5018K(17472K)->5018K(17472K)
[106.571s][info][gc,heap        ] GC(939) Tenured: 141101K(349568K)->141101K(349568K)
[106.571s][info][gc,metaspace   ] GC(939) Metaspace: 61367K(62336K)->61367K(62336K) NonClass: 53790K(54336K)->53790K(54336K) Class: 7577K(8000K)->7577K(8000K)
[106.571s][info][gc             ] GC(939) Pause Young (Allocation Failure) 279M->142M(494M) 14.265ms
[106.571s][info][gc,cpu         ] GC(939) User=0.02s Sys=0.00s Real=0.02s
[106.656s][info][gc,start       ] GC(940) Pause Young (Allocation Failure)
[106.671s][info][gc,heap        ] GC(940) DefNew: 144794K(157248K)->5018K(157248K) Eden: 139776K(139776K)->0K(139776K) From: 5018K(17472K)->5018K(17472K)
[106.671s][info][gc,heap        ] GC(940) Tenured: 141101K(349568K)->141101K(349568K)
[106.671s][info][gc,metaspace   ] GC(940) Metaspace: 61367K(62336K)->61367K(62336K) NonClass: 53790K(54336K)->53790K(54336K) Class: 7577K(8000K)->7577K(8000K)
[106.671s][info][gc             ] GC(940) Pause Young (Allocation Failure) 279M->142M(494M) 14.438ms
[106.671s][info][gc,cpu         ] GC(940) User=0.03s Sys=0.00s Real=0.02s
[106.758s][info][gc,start       ] GC(941) Pause Young (Allocation Failure)
[106.772s][info][gc,heap        ] GC(941) DefNew: 144794K(157248K)->5018K(157248K) Eden: 139776K(139776K)->0K(139776K) From: 5018K(17472K)->5018K(17472K)
[106.772s][info][gc,heap        ] GC(941) Tenured: 141101K(349568K)->141101K(349568K)
[106.772s][info][gc,metaspace   ] GC(941) Metaspace: 61367K(62336K)->61367K(62336K) NonClass: 53790K(54336K)->53790K(54336K) Class: 7577K(8000K)->7577K(8000K)
[106.772s][info][gc             ] GC(941) Pause Young (Allocation Failure) 279M->142M(494M) 14.275ms
[106.772s][info][gc,cpu         ] GC(941) User=0.02s Sys=0.00s Real=0.01s
[106.857s][info][gc,start       ] GC(942) Pause Young (Allocation Failure)
[106.871s][info][gc,heap        ] GC(942) DefNew: 144794K(157248K)->5018K(157248K) Eden: 139776K(139776K)->0K(139776K) From: 5018K(17472K)->5018K(17472K)
[106.872s][info][gc,heap        ] GC(942) Tenured: 141101K(349568K)->141101K(349568K)
[106.872s][info][gc,metaspace   ] GC(942) Metaspace: 61367K(62336K)->61367K(62336K) NonClass: 53790K(54336K)->53790K(54336K) Class: 7577K(8000K)->7577K(8000K)
[106.872s][info][gc             ] GC(942) Pause Young (Allocation Failure) 279M->142M(494M) 14.267ms
[106.872s][info][gc,cpu         ] GC(942) User=0.02s Sys=0.00s Real=0.02s
[106.901s][info][gc,start       ] GC(943) Pause Full (System.gc())
[106.901s][info][gc,phases,start] GC(943) Phase 1: Mark live objects
[106.980s][info][gc,phases      ] GC(943) Phase 1: Mark live objects 78.792ms
[106.980s][info][gc,phases,start] GC(943) Phase 2: Compute new object addresses
[107.025s][info][gc,phases      ] GC(943) Phase 2: Compute new object addresses 44.563ms
[107.025s][info][gc,phases,start] GC(943) Phase 3: Adjust pointers
[107.068s][info][gc,phases      ] GC(943) Phase 3: Adjust pointers 43.510ms
[107.068s][info][gc,phases,start] GC(943) Phase 4: Move objects
[107.068s][info][gc,phases      ] GC(943) Phase 4: Move objects 0.028ms
[107.069s][info][gc,heap        ] GC(943) DefNew: 19078K(157248K)->0K(157248K) Eden: 14059K(139776K)->0K(139776K) From: 5018K(17472K)->0K(17472K)
[107.069s][info][gc,heap        ] GC(943) Tenured: 141101K(349568K)->102836K(349568K)
[107.069s][info][gc,metaspace   ] GC(943) Metaspace: 61376K(62336K)->61376K(62336K) NonClass: 53798K(54336K)->53798K(54336K) Class: 7577K(8000K)->7577K(8000K)
[107.069s][info][gc             ] GC(943) Pause Full (System.gc()) 156M->100M(494M) 167.806ms
[107.069s][info][gc,cpu         ] GC(943) User=0.17s Sys=0.00s Real=0.17s
[107.187s][info][gc,start       ] GC(944) Pause Young (Allocation Failure)
[107.200s][info][gc,heap        ] GC(944) DefNew: 139776K(157248K)->2402K(157248K) Eden: 139776K(139776K)->0K(139776K) From: 0K(17472K)->2402K(17472K)
[107.200s][info][gc,heap        ] GC(944) Tenured: 102836K(349568K)->102836K(349568K)
[107.200s][info][gc,metaspace   ] GC(944) Metaspace: 61484K(62400K)->61484K(62400K) NonClass: 53901K(54400K)->53901K(54400K) Class: 7583K(8000K)->7583K(8000K)
[107.200s][info][gc             ] GC(944) Pause Young (Allocation Failure) 236M->102M(494M) 13.052ms
[107.200s][info][gc,cpu         ] GC(944) User=0.00s Sys=0.00s Real=0.00s
[107.254s][info][gc,start       ] GC(945) Pause Young (Allocation Failure)
[107.279s][info][gc,heap        ] GC(945) DefNew: 142178K(157248K)->7129K(157248K) Eden: 139776K(139776K)->0K(139776K) From: 2402K(17472K)->7129K(17472K)
[107.279s][info][gc,heap        ] GC(945) Tenured: 102836K(349568K)->102836K(349568K)
[107.279s][info][gc,metaspace   ] GC(945) Metaspace: 61489K(62400K)->61489K(62400K) NonClass: 53906K(54400K)->53906K(54400K) Class: 7583K(8000K)->7583K(8000K)
[107.279s][info][gc             ] GC(945) Pause Young (Allocation Failure) 239M->107M(494M) 24.811ms
[107.279s][info][gc,cpu         ] GC(945) User=0.03s Sys=0.00s Real=0.03s
[107.334s][info][gc,start       ] GC(946) Pause Young (Allocation Failure)
[107.366s][info][gc,heap        ] GC(946) DefNew: 146905K(157248K)->12207K(157248K) Eden: 139776K(139776K)->0K(139776K) From: 7129K(17472K)->12207K(17472K)
[107.366s][info][gc,heap        ] GC(946) Tenured: 102836K(349568K)->102836K(349568K)
[107.366s][info][gc,metaspace   ] GC(946) Metaspace: 61489K(62400K)->61489K(62400K) NonClass: 53906K(54400K)->53906K(54400K) Class: 7583K(8000K)->7583K(8000K)
[107.367s][info][gc             ] GC(946) Pause Young (Allocation Failure) 243M->112M(494M) 32.851ms
[107.367s][info][gc,cpu         ] GC(946) User=0.03s Sys=0.02s Real=0.03s
[107.419s][info][gc,start       ] GC(947) Pause Young (Allocation Failure)
[107.460s][info][gc,heap        ] GC(947) DefNew: 151983K(157248K)->11341K(157248K) Eden: 139776K(139776K)->0K(139776K) From: 12207K(17472K)->11341K(17472K)
[107.460s][info][gc,heap        ] GC(947) Tenured: 102836K(349568K)->109447K(349568K)
[107.460s][info][gc,metaspace   ] GC(947) Metaspace: 61489K(62400K)->61489K(62400K) NonClass: 53906K(54400K)->53906K(54400K) Class: 7583K(8000K)->7583K(8000K)
[107.460s][info][gc             ] GC(947) Pause Young (Allocation Failure) 248M->117M(494M) 40.718ms
[107.460s][info][gc,cpu         ] GC(947) User=0.05s Sys=0.00s Real=0.05s
[107.517s][info][gc,start       ] GC(948) Pause Young (Allocation Failure)
[107.554s][info][gc,heap        ] GC(948) DefNew: 151117K(157248K)->11921K(157248K) Eden: 139776K(139776K)->0K(139776K) From: 11341K(17472K)->11921K(17472K)
[107.554s][info][gc,heap        ] GC(948) Tenured: 109447K(349568K)->114530K(349568K)
[107.554s][info][gc,metaspace   ] GC(948) Metaspace: 61489K(62400K)->61489K(62400K) NonClass: 53906K(54400K)->53906K(54400K) Class: 7583K(8000K)->7583K(8000K)
[107.554s][info][gc             ] GC(948) Pause Young (Allocation Failure) 254M->123M(494M) 37.320ms
[107.554s][info][gc,cpu         ] GC(948) User=0.05s Sys=0.00s Real=0.05s
[107.610s][info][gc,start       ] GC(949) Pause Young (Allocation Failure)
[107.650s][info][gc,heap        ] GC(949) DefNew: 151697K(157248K)->12920K(157248K) Eden: 139776K(139776K)->0K(139776K) From: 11921K(17472K)->12920K(17472K)
[107.650s][info][gc,heap        ] GC(949) Tenured: 114530K(349568K)->119764K(349568K)
[107.650s][info][gc,metaspace   ] GC(949) Metaspace: 61489K(62400K)->61489K(62400K) NonClass: 53906K(54400K)->53906K(54400K) Class: 7583K(8000K)->7583K(8000K)
[107.650s][info][gc             ] GC(949) Pause Young (Allocation Failure) 259M->129M(494M) 40.162ms
[107.650s][info][gc,cpu         ] GC(949) User=0.05s Sys=0.00s Real=0.05s
[107.706s][info][gc,start       ] GC(950) Pause Young (Allocation Failure)
[107.745s][info][gc,heap        ] GC(950) DefNew: 152696K(157248K)->12931K(157248K) Eden: 139776K(139776K)->0K(139776K) From: 12920K(17472K)->12931K(17472K)
[107.745s][info][gc,heap        ] GC(950) Tenured: 119764K(349568K)->125428K(349568K)
[107.745s][info][gc,metaspace   ] GC(950) Metaspace: 61489K(62400K)->61489K(62400K) NonClass: 53906K(54400K)->53906K(54400K) Class: 7583K(8000K)->7583K(8000K)
[107.745s][info][gc             ] GC(950) Pause Young (Allocation Failure) 266M->135M(494M) 38.781ms
[107.745s][info][gc,cpu         ] GC(950) User=0.05s Sys=0.00s Real=0.05s
[107.799s][info][gc,start       ] GC(951) Pause Young (Allocation Failure)
[107.841s][info][gc,heap        ] GC(951) DefNew: 152707K(157248K)->11410K(157248K) Eden: 139776K(139776K)->0K(139776K) From: 12931K(17472K)->11410K(17472K)
[107.841s][info][gc,heap        ] GC(951) Tenured: 125428K(349568K)->132678K(349568K)
[107.841s][info][gc,metaspace   ] GC(951) Metaspace: 61489K(62400K)->61489K(62400K) NonClass: 53906K(54400K)->53906K(54400K) Class: 7583K(8000K)->7583K(8000K)
[107.842s][info][gc             ] GC(951) Pause Young (Allocation Failure) 271M->140M(494M) 42.571ms
[107.842s][info][gc,cpu         ] GC(951) User=0.05s Sys=0.00s Real=0.05s
[107.903s][info][gc,start       ] GC(952) Pause Young (Allocation Failure)
[107.932s][info][gc,heap        ] GC(952) DefNew: 151186K(157248K)->7161K(157248K) Eden: 139776K(139776K)->0K(139776K) From: 11410K(17472K)->7161K(17472K)
[107.932s][info][gc,heap        ] GC(952) Tenured: 132678K(349568K)->138358K(349568K)
[107.932s][info][gc,metaspace   ] GC(952) Metaspace: 61494K(62400K)->61494K(62400K) NonClass: 53911K(54400K)->53911K(54400K) Class: 7583K(8000K)->7583K(8000K)
[107.932s][info][gc             ] GC(952) Pause Young (Allocation Failure) 277M->142M(494M) 29.129ms
[107.932s][info][gc,cpu         ] GC(952) User=0.02s Sys=0.00s Real=0.02s
[107.993s][info][gc,start       ] GC(953) Pause Young (Allocation Failure)
[108.000s][info][gc,heap        ] GC(953) DefNew: 146937K(157248K)->7161K(157248K) Eden: 139776K(139776K)->0K(139776K) From: 7161K(17472K)->7161K(17472K)
[108.000s][info][gc,heap        ] GC(953) Tenured: 138358K(349568K)->138358K(349568K)
[108.000s][info][gc,metaspace   ] GC(953) Metaspace: 61494K(62400K)->61494K(62400K) NonClass: 53911K(54400K)->53911K(54400K) Class: 7583K(8000K)->7583K(8000K)
[108.000s][info][gc             ] GC(953) Pause Young (Allocation Failure) 278M->142M(494M) 7.324ms
[108.000s][info][gc,cpu         ] GC(953) User=0.02s Sys=0.00s Real=0.02s
[108.052s][info][gc,start       ] GC(954) Pause Young (Allocation Failure)
[108.069s][info][gc,heap        ] GC(954) DefNew: 146937K(157248K)->7161K(157248K) Eden: 139776K(139776K)->0K(139776K) From: 7161K(17472K)->7161K(17472K)
[108.070s][info][gc,heap        ] GC(954) Tenured: 138358K(349568K)->138358K(349568K)
[108.070s][info][gc,metaspace   ] GC(954) Metaspace: 61494K(62400K)->61494K(62400K) NonClass: 53911K(54400K)->53911K(54400K) Class: 7583K(8000K)->7583K(8000K)
[108.070s][info][gc             ] GC(954) Pause Young (Allocation Failure) 278M->142M(494M) 17.920ms
[108.070s][info][gc,cpu         ] GC(954) User=0.02s Sys=0.00s Real=0.02s
[108.119s][info][gc,start       ] GC(955) Pause Young (Allocation Failure)
[108.135s][info][gc,heap        ] GC(955) DefNew: 146937K(157248K)->7161K(157248K) Eden: 139776K(139776K)->0K(139776K) From: 7161K(17472K)->7161K(17472K)
[108.135s][info][gc,heap        ] GC(955) Tenured: 138358K(349568K)->138358K(349568K)
[108.135s][info][gc,metaspace   ] GC(955) Metaspace: 61494K(62400K)->61494K(62400K) NonClass: 53911K(54400K)->53911K(54400K) Class: 7583K(8000K)->7583K(8000K)
[108.135s][info][gc             ] GC(955) Pause Young (Allocation Failure) 278M->142M(494M) 15.923ms
[108.135s][info][gc,cpu         ] GC(955) User=0.02s Sys=0.00s Real=0.02s
[108.186s][info][gc,start       ] GC(956) Pause Young (Allocation Failure)
[108.193s][info][gc,heap        ] GC(956) DefNew: 146937K(157248K)->7161K(157248K) Eden: 139776K(139776K)->0K(139776K) From: 7161K(17472K)->7161K(17472K)
[108.193s][info][gc,heap        ] GC(956) Tenured: 138358K(349568K)->138358K(349568K)
[108.193s][info][gc,metaspace   ] GC(956) Metaspace: 61494K(62400K)->61494K(62400K) NonClass: 53911K(54400K)->53911K(54400K) Class: 7583K(8000K)->7583K(8000K)
[108.193s][info][gc             ] GC(956) Pause Young (Allocation Failure) 278M->142M(494M) 7.144ms
[108.193s][info][gc,cpu         ] GC(956) User=0.00s Sys=0.00s Real=0.00s
[108.245s][info][gc,start       ] GC(957) Pause Young (Allocation Failure)
[108.262s][info][gc,heap        ] GC(957) DefNew: 146937K(157248K)->7161K(157248K) Eden: 139776K(139776K)->0K(139776K) From: 7161K(17472K)->7161K(17472K)
[108.262s][info][gc,heap        ] GC(957) Tenured: 138358K(349568K)->138358K(349568K)
[108.262s][info][gc,metaspace   ] GC(957) Metaspace: 61494K(62400K)->61494K(62400K) NonClass: 53911K(54400K)->53911K(54400K) Class: 7583K(8000K)->7583K(8000K)
[108.263s][info][gc             ] GC(957) Pause Young (Allocation Failure) 278M->142M(494M) 18.007ms
[108.263s][info][gc,cpu         ] GC(957) User=0.03s Sys=0.00s Real=0.03s
[108.337s][info][gc,start       ] GC(958) Pause Young (Allocation Failure)
[108.355s][info][gc,heap        ] GC(958) DefNew: 146937K(157248K)->7172K(157248K) Eden: 139776K(139776K)->0K(139776K) From: 7161K(17472K)->7172K(17472K)
[108.355s][info][gc,heap        ] GC(958) Tenured: 138358K(349568K)->138358K(349568K)
[108.355s][info][gc,metaspace   ] GC(958) Metaspace: 61494K(62400K)->61494K(62400K) NonClass: 53911K(54400K)->53911K(54400K) Class: 7583K(8000K)->7583K(8000K)
[108.355s][info][gc             ] GC(958) Pause Young (Allocation Failure) 278M->142M(494M) 17.496ms
[108.355s][info][gc,cpu         ] GC(958) User=0.02s Sys=0.00s Real=0.02s
[108.453s][info][gc,start       ] GC(959) Pause Young (Allocation Failure)
[108.470s][info][gc,heap        ] GC(959) DefNew: 146948K(157248K)->7173K(157248K) Eden: 139776K(139776K)->0K(139776K) From: 7172K(17472K)->7173K(17472K)
[108.470s][info][gc,heap        ] GC(959) Tenured: 138358K(349568K)->138358K(349568K)
[108.470s][info][gc,metaspace   ] GC(959) Metaspace: 61494K(62400K)->61494K(62400K) NonClass: 53911K(54400K)->53911K(54400K) Class: 7583K(8000K)->7583K(8000K)
[108.470s][info][gc             ] GC(959) Pause Young (Allocation Failure) 278M->142M(494M) 17.701ms
[108.471s][info][gc,cpu         ] GC(959) User=0.02s Sys=0.00s Real=0.02s
[108.565s][info][gc,start       ] GC(960) Pause Young (Allocation Failure)
[108.583s][info][gc,heap        ] GC(960) DefNew: 146949K(157248K)->7172K(157248K) Eden: 139776K(139776K)->0K(139776K) From: 7173K(17472K)->7172K(17472K)
[108.583s][info][gc,heap        ] GC(960) Tenured: 138358K(349568K)->138358K(349568K)
[108.583s][info][gc,metaspace   ] GC(960) Metaspace: 61494K(62400K)->61494K(62400K) NonClass: 53911K(54400K)->53911K(54400K) Class: 7583K(8000K)->7583K(8000K)
[108.583s][info][gc             ] GC(960) Pause Young (Allocation Failure) 278M->142M(494M) 18.172ms
[108.583s][info][gc,cpu         ] GC(960) User=0.03s Sys=0.00s Real=0.03s
[108.678s][info][gc,start       ] GC(961) Pause Young (Allocation Failure)
[108.696s][info][gc,heap        ] GC(961) DefNew: 146948K(157248K)->7173K(157248K) Eden: 139776K(139776K)->0K(139776K) From: 7172K(17472K)->7173K(17472K)
[108.696s][info][gc,heap        ] GC(961) Tenured: 138358K(349568K)->138358K(349568K)
[108.696s][info][gc,metaspace   ] GC(961) Metaspace: 61494K(62400K)->61494K(62400K) NonClass: 53911K(54400K)->53911K(54400K) Class: 7583K(8000K)->7583K(8000K)
[108.696s][info][gc             ] GC(961) Pause Young (Allocation Failure) 278M->142M(494M) 17.731ms
[108.696s][info][gc,cpu         ] GC(961) User=0.02s Sys=0.00s Real=0.02s
[108.782s][info][gc,start       ] GC(962) Pause Young (Allocation Failure)
[108.798s][info][gc,heap        ] GC(962) DefNew: 146949K(157248K)->7172K(157248K) Eden: 139776K(139776K)->0K(139776K) From: 7173K(17472K)->7172K(17472K)
[108.798s][info][gc,heap        ] GC(962) Tenured: 138358K(349568K)->138358K(349568K)
[108.798s][info][gc,metaspace   ] GC(962) Metaspace: 61494K(62400K)->61494K(62400K) NonClass: 53911K(54400K)->53911K(54400K) Class: 7583K(8000K)->7583K(8000K)
[108.798s][info][gc             ] GC(962) Pause Young (Allocation Failure) 278M->142M(494M) 16.496ms
[108.798s][info][gc,cpu         ] GC(962) User=0.02s Sys=0.00s Real=0.02s
[108.901s][info][gc,start       ] GC(963) Pause Young (Allocation Failure)
[108.918s][info][gc,heap        ] GC(963) DefNew: 146948K(157248K)->7172K(157248K) Eden: 139776K(139776K)->0K(139776K) From: 7172K(17472K)->7172K(17472K)
[108.918s][info][gc,heap        ] GC(963) Tenured: 138358K(349568K)->138358K(349568K)
[108.918s][info][gc,metaspace   ] GC(963) Metaspace: 61494K(62400K)->61494K(62400K) NonClass: 53911K(54400K)->53911K(54400K) Class: 7583K(8000K)->7583K(8000K)
[108.918s][info][gc             ] GC(963) Pause Young (Allocation Failure) 278M->142M(494M) 16.855ms
[108.918s][info][gc,cpu         ] GC(963) User=0.02s Sys=0.00s Real=0.02s
[109.015s][info][gc,start       ] GC(964) Pause Young (Allocation Failure)
[109.032s][info][gc,heap        ] GC(964) DefNew: 146948K(157248K)->7172K(157248K) Eden: 139776K(139776K)->0K(139776K) From: 7172K(17472K)->7172K(17472K)
[109.032s][info][gc,heap        ] GC(964) Tenured: 138358K(349568K)->138358K(349568K)
[109.032s][info][gc,metaspace   ] GC(964) Metaspace: 61494K(62400K)->61494K(62400K) NonClass: 53911K(54400K)->53911K(54400K) Class: 7583K(8000K)->7583K(8000K)
[109.032s][info][gc             ] GC(964) Pause Young (Allocation Failure) 278M->142M(494M) 17.122ms
[109.032s][info][gc,cpu         ] GC(964) User=0.02s Sys=0.00s Real=0.02s
[109.063s][info][gc,start       ] GC(965) Pause Full (System.gc())
[109.064s][info][gc,phases,start] GC(965) Phase 1: Mark live objects
[109.141s][info][gc,phases      ] GC(965) Phase 1: Mark live objects 77.651ms
[109.141s][info][gc,phases,start] GC(965) Phase 2: Compute new object addresses
[109.186s][info][gc,phases      ] GC(965) Phase 2: Compute new object addresses 44.483ms
[109.186s][info][gc,phases,start] GC(965) Phase 3: Adjust pointers
[109.230s][info][gc,phases      ] GC(965) Phase 3: Adjust pointers 43.853ms
[109.230s][info][gc,phases,start] GC(965) Phase 4: Move objects
[109.230s][info][gc,phases      ] GC(965) Phase 4: Move objects 0.029ms
[109.230s][info][gc,heap        ] GC(965) DefNew: 18519K(157248K)->0K(157248K) Eden: 11346K(139776K)->0K(139776K) From: 7172K(17472K)->0K(17472K)
[109.230s][info][gc,heap        ] GC(965) Tenured: 138358K(349568K)->103273K(349568K)
[109.230s][info][gc,metaspace   ] GC(965) Metaspace: 61523K(62464K)->61523K(62464K) NonClass: 53939K(54464K)->53939K(54464K) Class: 7583K(8000K)->7583K(8000K)
[109.230s][info][gc             ] GC(965) Pause Full (System.gc()) 153M->100M(494M) 166.907ms
[109.230s][info][gc,cpu         ] GC(965) User=0.16s Sys=0.00s Real=0.17s
[109.347s][info][gc,start       ] GC(966) Pause Young (Allocation Failure)
[109.359s][info][gc,heap        ] GC(966) DefNew: 139776K(157248K)->3334K(157248K) Eden: 139776K(139776K)->0K(139776K) From: 0K(17472K)->3334K(17472K)
[109.359s][info][gc,heap        ] GC(966) Tenured: 103273K(349568K)->103273K(349568K)
[109.359s][info][gc,metaspace   ] GC(966) Metaspace: 61529K(62464K)->61529K(62464K) NonClass: 53945K(54464K)->53945K(54464K) Class: 7583K(8000K)->7583K(8000K)
[109.359s][info][gc             ] GC(966) Pause Young (Allocation Failure) 237M->104M(494M) 11.535ms
[109.359s][info][gc,cpu         ] GC(966) User=0.02s Sys=0.00s Real=0.02s
[109.405s][info][gc,start       ] GC(967) Pause Young (Allocation Failure)
[109.432s][info][gc,heap        ] GC(967) DefNew: 143110K(157248K)->8545K(157248K) Eden: 139776K(139776K)->0K(139776K) From: 3334K(17472K)->8545K(17472K)
[109.432s][info][gc,heap        ] GC(967) Tenured: 103273K(349568K)->103273K(349568K)
[109.432s][info][gc,metaspace   ] GC(967) Metaspace: 61529K(62464K)->61529K(62464K) NonClass: 53945K(54464K)->53945K(54464K) Class: 7583K(8000K)->7583K(8000K)
[109.432s][info][gc             ] GC(967) Pause Young (Allocation Failure) 240M->109M(494M) 27.605ms
[109.432s][info][gc,cpu         ] GC(967) User=0.02s Sys=0.00s Real=0.02s
[109.484s][info][gc,start       ] GC(968) Pause Young (Allocation Failure)
[109.518s][info][gc,heap        ] GC(968) DefNew: 148321K(157248K)->14321K(157248K) Eden: 139776K(139776K)->0K(139776K) From: 8545K(17472K)->14321K(17472K)
[109.518s][info][gc,heap        ] GC(968) Tenured: 103273K(349568K)->103273K(349568K)
[109.518s][info][gc,metaspace   ] GC(968) Metaspace: 61529K(62464K)->61529K(62464K) NonClass: 53945K(54464K)->53945K(54464K) Class: 7583K(8000K)->7583K(8000K)
[109.519s][info][gc             ] GC(968) Pause Young (Allocation Failure) 245M->114M(494M) 34.305ms
[109.519s][info][gc,cpu         ] GC(968) User=0.03s Sys=0.00s Real=0.03s
[109.573s][info][gc,start       ] GC(969) Pause Young (Allocation Failure)
[109.615s][info][gc,heap        ] GC(969) DefNew: 154097K(157248K)->11858K(157248K) Eden: 139776K(139776K)->0K(139776K) From: 14321K(17472K)->11858K(17472K)
[109.615s][info][gc,heap        ] GC(969) Tenured: 103273K(349568K)->111305K(349568K)
[109.615s][info][gc,metaspace   ] GC(969) Metaspace: 61529K(62464K)->61529K(62464K) NonClass: 53945K(54464K)->53945K(54464K) Class: 7583K(8000K)->7583K(8000K)
[109.615s][info][gc             ] GC(969) Pause Young (Allocation Failure) 251M->120M(494M) 41.945ms
[109.615s][info][gc,cpu         ] GC(969) User=0.05s Sys=0.00s Real=0.05s
[109.669s][info][gc,start       ] GC(970) Pause Young (Allocation Failure)
[109.711s][info][gc,heap        ] GC(970) DefNew: 151634K(157248K)->11298K(157248K) Eden: 139776K(139776K)->0K(139776K) From: 11858K(17472K)->11298K(17472K)
[109.711s][info][gc,heap        ] GC(970) Tenured: 111305K(349568K)->117594K(349568K)
[109.711s][info][gc,metaspace   ] GC(970) Metaspace: 61529K(62464K)->61529K(62464K) NonClass: 53945K(54464K)->53945K(54464K) Class: 7583K(8000K)->7583K(8000K)
[109.711s][info][gc             ] GC(970) Pause Young (Allocation Failure) 256M->125M(494M) 41.943ms
[109.711s][info][gc,cpu         ] GC(970) User=0.03s Sys=0.00s Real=0.04s
[109.769s][info][gc,start       ] GC(971) Pause Young (Allocation Failure)
[109.809s][info][gc,heap        ] GC(971) DefNew: 151074K(157248K)->13014K(157248K) Eden: 139776K(139776K)->0K(139776K) From: 11298K(17472K)->13014K(17472K)
[109.809s][info][gc,heap        ] GC(971) Tenured: 117594K(349568K)->123163K(349568K)
[109.809s][info][gc,metaspace   ] GC(971) Metaspace: 61529K(62464K)->61529K(62464K) NonClass: 53945K(54464K)->53945K(54464K) Class: 7583K(8000K)->7583K(8000K)
[109.809s][info][gc             ] GC(971) Pause Young (Allocation Failure) 262M->132M(494M) 40.226ms
[109.809s][info][gc,cpu         ] GC(971) User=0.03s Sys=0.00s Real=0.03s
[109.872s][info][gc,start       ] GC(972) Pause Young (Allocation Failure)
[109.911s][info][gc,heap        ] GC(972) DefNew: 152790K(157248K)->11944K(157248K) Eden: 139776K(139776K)->0K(139776K) From: 13014K(17472K)->11944K(17472K)
[109.913s][info][gc,heap        ] GC(972) Tenured: 123163K(349568K)->128892K(349568K)
[109.914s][info][gc,metaspace   ] GC(972) Metaspace: 61529K(62464K)->61529K(62464K) NonClass: 53945K(54464K)->53945K(54464K) Class: 7583K(8000K)->7583K(8000K)
[109.914s][info][gc             ] GC(972) Pause Young (Allocation Failure) 269M->137M(494M) 41.761ms
[109.914s][info][gc,cpu         ] GC(972) User=0.05s Sys=0.00s Real=0.05s
[109.970s][info][gc,start       ] GC(973) Pause Young (Allocation Failure)
[110.012s][info][gc,heap        ] GC(973) DefNew: 151720K(157248K)->10387K(157248K) Eden: 139776K(139776K)->0K(139776K) From: 11944K(17472K)->10387K(17472K)
[110.012s][info][gc,heap        ] GC(973) Tenured: 128892K(349568K)->136177K(349568K)
[110.012s][info][gc,metaspace   ] GC(973) Metaspace: 61529K(62464K)->61529K(62464K) NonClass: 53945K(54464K)->53945K(54464K) Class: 7583K(8000K)->7583K(8000K)
[110.012s][info][gc             ] GC(973) Pause Young (Allocation Failure) 274M->143M(494M) 42.130ms
[110.012s][info][gc,cpu         ] GC(973) User=0.05s Sys=0.00s Real=0.05s
[110.073s][info][gc,start       ] GC(974) Pause Young (Allocation Failure)
[110.098s][info][gc,heap        ] GC(974) DefNew: 150163K(157248K)->6141K(157248K) Eden: 139776K(139776K)->0K(139776K) From: 10387K(17472K)->6141K(17472K)
[110.098s][info][gc,heap        ] GC(974) Tenured: 136177K(349568K)->140836K(349568K)
[110.098s][info][gc,metaspace   ] GC(974) Metaspace: 61529K(62464K)->61529K(62464K) NonClass: 53945K(54464K)->53945K(54464K) Class: 7583K(8000K)->7583K(8000K)
[110.098s][info][gc             ] GC(974) Pause Young (Allocation Failure) 279M->143M(494M) 25.332ms
[110.099s][info][gc,cpu         ] GC(974) User=0.03s Sys=0.00s Real=0.03s
[110.152s][info][gc,start       ] GC(975) Pause Young (Allocation Failure)
[110.168s][info][gc,heap        ] GC(975) DefNew: 145917K(157248K)->6141K(157248K) Eden: 139776K(139776K)->0K(139776K) From: 6141K(17472K)->6141K(17472K)
[110.168s][info][gc,heap        ] GC(975) Tenured: 140836K(349568K)->140836K(349568K)
[110.168s][info][gc,metaspace   ] GC(975) Metaspace: 61529K(62464K)->61529K(62464K) NonClass: 53945K(54464K)->53945K(54464K) Class: 7583K(8000K)->7583K(8000K)
[110.168s][info][gc             ] GC(975) Pause Young (Allocation Failure) 280M->143M(494M) 16.235ms
[110.168s][info][gc,cpu         ] GC(975) User=0.02s Sys=0.00s Real=0.02s
[110.234s][info][gc,start       ] GC(976) Pause Young (Allocation Failure)
[110.250s][info][gc,heap        ] GC(976) DefNew: 145917K(157248K)->6141K(157248K) Eden: 139776K(139776K)->0K(139776K) From: 6141K(17472K)->6141K(17472K)
[110.250s][info][gc,heap        ] GC(976) Tenured: 140836K(349568K)->140836K(349568K)
[110.251s][info][gc,metaspace   ] GC(976) Metaspace: 61529K(62464K)->61529K(62464K) NonClass: 53945K(54464K)->53945K(54464K) Class: 7583K(8000K)->7583K(8000K)
[110.251s][info][gc             ] GC(976) Pause Young (Allocation Failure) 280M->143M(494M) 16.786ms
[110.251s][info][gc,cpu         ] GC(976) User=0.02s Sys=0.00s Real=0.02s
[110.303s][info][gc,start       ] GC(977) Pause Young (Allocation Failure)
[110.318s][info][gc,heap        ] GC(977) DefNew: 145917K(157248K)->6141K(157248K) Eden: 139776K(139776K)->0K(139776K) From: 6141K(17472K)->6141K(17472K)
[110.318s][info][gc,heap        ] GC(977) Tenured: 140836K(349568K)->140836K(349568K)
[110.318s][info][gc,metaspace   ] GC(977) Metaspace: 61529K(62464K)->61529K(62464K) NonClass: 53945K(54464K)->53945K(54464K) Class: 7583K(8000K)->7583K(8000K)
[110.319s][info][gc             ] GC(977) Pause Young (Allocation Failure) 280M->143M(494M) 16.006ms
[110.319s][info][gc,cpu         ] GC(977) User=0.02s Sys=0.00s Real=0.02s
[110.381s][info][gc,start       ] GC(978) Pause Young (Allocation Failure)
[110.396s][info][gc,heap        ] GC(978) DefNew: 145917K(157248K)->6141K(157248K) Eden: 139776K(139776K)->0K(139776K) From: 6141K(17472K)->6141K(17472K)
[110.396s][info][gc,heap        ] GC(978) Tenured: 140836K(349568K)->140836K(349568K)
[110.396s][info][gc,metaspace   ] GC(978) Metaspace: 61529K(62464K)->61529K(62464K) NonClass: 53945K(54464K)->53945K(54464K) Class: 7583K(8000K)->7583K(8000K)
[110.396s][info][gc             ] GC(978) Pause Young (Allocation Failure) 280M->143M(494M) 14.761ms
[110.396s][info][gc,cpu         ] GC(978) User=0.02s Sys=0.00s Real=0.02s
[110.450s][info][gc,start       ] GC(979) Pause Young (Allocation Failure)
[110.465s][info][gc,heap        ] GC(979) DefNew: 145917K(157248K)->6141K(157248K) Eden: 139776K(139776K)->0K(139776K) From: 6141K(17472K)->6141K(17472K)
[110.465s][info][gc,heap        ] GC(979) Tenured: 140836K(349568K)->140836K(349568K)
[110.465s][info][gc,metaspace   ] GC(979) Metaspace: 61529K(62464K)->61529K(62464K) NonClass: 53945K(54464K)->53945K(54464K) Class: 7583K(8000K)->7583K(8000K)
[110.465s][info][gc             ] GC(979) Pause Young (Allocation Failure) 280M->143M(494M) 14.620ms
[110.465s][info][gc,cpu         ] GC(979) User=0.02s Sys=0.00s Real=0.01s
[110.544s][info][gc,start       ] GC(980) Pause Young (Allocation Failure)
[110.560s][info][gc,heap        ] GC(980) DefNew: 145917K(157248K)->6153K(157248K) Eden: 139776K(139776K)->0K(139776K) From: 6141K(17472K)->6153K(17472K)
[110.560s][info][gc,heap        ] GC(980) Tenured: 140836K(349568K)->140836K(349568K)
[110.560s][info][gc,metaspace   ] GC(980) Metaspace: 61529K(62464K)->61529K(62464K) NonClass: 53945K(54464K)->53945K(54464K) Class: 7583K(8000K)->7583K(8000K)
[110.560s][info][gc             ] GC(980) Pause Young (Allocation Failure) 280M->143M(494M) 16.328ms
[110.560s][info][gc,cpu         ] GC(980) User=0.02s Sys=0.00s Real=0.02s
[110.649s][info][gc,start       ] GC(981) Pause Young (Allocation Failure)
[110.665s][info][gc,heap        ] GC(981) DefNew: 145929K(157248K)->6153K(157248K) Eden: 139776K(139776K)->0K(139776K) From: 6153K(17472K)->6153K(17472K)
[110.665s][info][gc,heap        ] GC(981) Tenured: 140836K(349568K)->140836K(349568K)
[110.665s][info][gc,metaspace   ] GC(981) Metaspace: 61529K(62464K)->61529K(62464K) NonClass: 53945K(54464K)->53945K(54464K) Class: 7583K(8000K)->7583K(8000K)
[110.665s][info][gc             ] GC(981) Pause Young (Allocation Failure) 280M->143M(494M) 16.094ms
[110.665s][info][gc,cpu         ] GC(981) User=0.02s Sys=0.00s Real=0.02s
[110.750s][info][gc,start       ] GC(982) Pause Young (Allocation Failure)
[110.765s][info][gc,heap        ] GC(982) DefNew: 145929K(157248K)->6153K(157248K) Eden: 139776K(139776K)->0K(139776K) From: 6153K(17472K)->6153K(17472K)
[110.765s][info][gc,heap        ] GC(982) Tenured: 140836K(349568K)->140836K(349568K)
[110.765s][info][gc,metaspace   ] GC(982) Metaspace: 61529K(62464K)->61529K(62464K) NonClass: 53945K(54464K)->53945K(54464K) Class: 7583K(8000K)->7583K(8000K)
[110.765s][info][gc             ] GC(982) Pause Young (Allocation Failure) 280M->143M(494M) 15.626ms
[110.765s][info][gc,cpu         ] GC(982) User=0.02s Sys=0.00s Real=0.02s
[110.850s][info][gc,start       ] GC(983) Pause Young (Allocation Failure)
[110.866s][info][gc,heap        ] GC(983) DefNew: 145929K(157248K)->6153K(157248K) Eden: 139776K(139776K)->0K(139776K) From: 6153K(17472K)->6153K(17472K)
[110.866s][info][gc,heap        ] GC(983) Tenured: 140836K(349568K)->140836K(349568K)
[110.866s][info][gc,metaspace   ] GC(983) Metaspace: 61529K(62464K)->61529K(62464K) NonClass: 53945K(54464K)->53945K(54464K) Class: 7583K(8000K)->7583K(8000K)
[110.866s][info][gc             ] GC(983) Pause Young (Allocation Failure) 280M->143M(494M) 15.997ms
[110.866s][info][gc,cpu         ] GC(983) User=0.02s Sys=0.00s Real=0.02s
[110.951s][info][gc,start       ] GC(984) Pause Young (Allocation Failure)
[110.967s][info][gc,heap        ] GC(984) DefNew: 145929K(157248K)->6153K(157248K) Eden: 139776K(139776K)->0K(139776K) From: 6153K(17472K)->6153K(17472K)
[110.967s][info][gc,heap        ] GC(984) Tenured: 140836K(349568K)->140836K(349568K)
[110.967s][info][gc,metaspace   ] GC(984) Metaspace: 61529K(62464K)->61529K(62464K) NonClass: 53945K(54464K)->53945K(54464K) Class: 7583K(8000K)->7583K(8000K)
[110.967s][info][gc             ] GC(984) Pause Young (Allocation Failure) 280M->143M(494M) 15.838ms
[110.967s][info][gc,cpu         ] GC(984) User=0.02s Sys=0.00s Real=0.02s
[111.053s][info][gc,start       ] GC(985) Pause Young (Allocation Failure)
[111.068s][info][gc,heap        ] GC(985) DefNew: 145929K(157248K)->6153K(157248K) Eden: 139776K(139776K)->0K(139776K) From: 6153K(17472K)->6153K(17472K)
[111.068s][info][gc,heap        ] GC(985) Tenured: 140836K(349568K)->140836K(349568K)
[111.068s][info][gc,metaspace   ] GC(985) Metaspace: 61529K(62464K)->61529K(62464K) NonClass: 53945K(54464K)->53945K(54464K) Class: 7583K(8000K)->7583K(8000K)
[111.068s][info][gc             ] GC(985) Pause Young (Allocation Failure) 280M->143M(494M) 15.713ms
[111.068s][info][gc,cpu         ] GC(985) User=0.02s Sys=0.00s Real=0.02s
[111.155s][info][gc,start       ] GC(986) Pause Young (Allocation Failure)
[111.169s][info][gc,heap        ] GC(986) DefNew: 145929K(157248K)->6153K(157248K) Eden: 139776K(139776K)->0K(139776K) From: 6153K(17472K)->6153K(17472K)
[111.169s][info][gc,heap        ] GC(986) Tenured: 140836K(349568K)->140836K(349568K)
[111.169s][info][gc,metaspace   ] GC(986) Metaspace: 61529K(62464K)->61529K(62464K) NonClass: 53945K(54464K)->53945K(54464K) Class: 7583K(8000K)->7583K(8000K)
[111.169s][info][gc             ] GC(986) Pause Young (Allocation Failure) 280M->143M(494M) 14.959ms
[111.170s][info][gc,cpu         ] GC(986) User=0.02s Sys=0.00s Real=0.02s
[111.196s][info][gc,start       ] GC(987) Pause Full (System.gc())
[111.196s][info][gc,phases,start] GC(987) Phase 1: Mark live objects
[111.275s][info][gc,phases      ] GC(987) Phase 1: Mark live objects 79.348ms
[111.275s][info][gc,phases,start] GC(987) Phase 2: Compute new object addresses
[111.319s][info][gc,phases      ] GC(987) Phase 2: Compute new object addresses 44.221ms
[111.319s][info][gc,phases,start] GC(987) Phase 3: Adjust pointers
[111.374s][info][gc,phases      ] GC(987) Phase 3: Adjust pointers 54.973ms
[111.375s][info][gc,phases,start] GC(987) Phase 4: Move objects
[111.375s][info][gc,phases      ] GC(987) Phase 4: Move objects 0.030ms
[111.375s][info][gc,heap        ] GC(987) DefNew: 17517K(157248K)->0K(157248K) Eden: 11364K(139776K)->0K(139776K) From: 6153K(17472K)->0K(17472K)
[111.375s][info][gc,heap        ] GC(987) Tenured: 140836K(349568K)->103705K(349568K)
[111.375s][info][gc,metaspace   ] GC(987) Metaspace: 61535K(62464K)->61535K(62464K) NonClass: 53951K(54464K)->53951K(54464K) Class: 7583K(8000K)->7583K(8000K)
[111.375s][info][gc             ] GC(987) Pause Full (System.gc()) 154M->101M(494M) 179.532ms
[111.375s][info][gc,cpu         ] GC(987) User=0.19s Sys=0.00s Real=0.19s
[111.493s][info][gc,start       ] GC(988) Pause Young (Allocation Failure)
[111.507s][info][gc,heap        ] GC(988) DefNew: 139776K(157248K)->2987K(157248K) Eden: 139776K(139776K)->0K(139776K) From: 0K(17472K)->2987K(17472K)
[111.508s][info][gc,heap        ] GC(988) Tenured: 103705K(349568K)->103705K(349568K)
[111.508s][info][gc,metaspace   ] GC(988) Metaspace: 61536K(62464K)->61536K(62464K) NonClass: 53952K(54464K)->53952K(54464K) Class: 7583K(8000K)->7583K(8000K)
[111.508s][info][gc             ] GC(988) Pause Young (Allocation Failure) 237M->104M(494M) 15.102ms
[111.508s][info][gc,cpu         ] GC(988) User=0.02s Sys=0.00s Real=0.02s
[111.554s][info][gc,start       ] GC(989) Pause Young (Allocation Failure)
[111.581s][info][gc,heap        ] GC(989) DefNew: 142763K(157248K)->8140K(157248K) Eden: 139776K(139776K)->0K(139776K) From: 2987K(17472K)->8140K(17472K)
[111.581s][info][gc,heap        ] GC(989) Tenured: 103705K(349568K)->103705K(349568K)
[111.581s][info][gc,metaspace   ] GC(989) Metaspace: 61536K(62464K)->61536K(62464K) NonClass: 53952K(54464K)->53952K(54464K) Class: 7583K(8000K)->7583K(8000K)
[111.581s][info][gc             ] GC(989) Pause Young (Allocation Failure) 240M->109M(494M) 27.389ms
[111.581s][info][gc,cpu         ] GC(989) User=0.03s Sys=0.00s Real=0.03s
[111.633s][info][gc,start       ] GC(990) Pause Young (Allocation Failure)
[111.668s][info][gc,heap        ] GC(990) DefNew: 147916K(157248K)->13893K(157248K) Eden: 139776K(139776K)->0K(139776K) From: 8140K(17472K)->13893K(17472K)
[111.668s][info][gc,heap        ] GC(990) Tenured: 103705K(349568K)->103705K(349568K)
[111.668s][info][gc,metaspace   ] GC(990) Metaspace: 61536K(62464K)->61536K(62464K) NonClass: 53952K(54464K)->53952K(54464K) Class: 7583K(8000K)->7583K(8000K)
[111.668s][info][gc             ] GC(990) Pause Young (Allocation Failure) 245M->114M(494M) 34.898ms
[111.668s][info][gc,cpu         ] GC(990) User=0.03s Sys=0.00s Real=0.03s
[111.721s][info][gc,start       ] GC(991) Pause Young (Allocation Failure)
[111.763s][info][gc,heap        ] GC(991) DefNew: 153669K(157248K)->11784K(157248K) Eden: 139776K(139776K)->0K(139776K) From: 13893K(17472K)->11784K(17472K)
[111.763s][info][gc,heap        ] GC(991) Tenured: 103705K(349568K)->111333K(349568K)
[111.763s][info][gc,metaspace   ] GC(991) Metaspace: 61536K(62464K)->61536K(62464K) NonClass: 53952K(54464K)->53952K(54464K) Class: 7583K(8000K)->7583K(8000K)
[111.763s][info][gc             ] GC(991) Pause Young (Allocation Failure) 251M->120M(494M) 41.856ms
[111.763s][info][gc,cpu         ] GC(991) User=0.05s Sys=0.00s Real=0.05s
[111.819s][info][gc,start       ] GC(992) Pause Young (Allocation Failure)
[111.859s][info][gc,heap        ] GC(992) DefNew: 151560K(157248K)->11196K(157248K) Eden: 139776K(139776K)->0K(139776K) From: 11784K(17472K)->11196K(17472K)
[111.859s][info][gc,heap        ] GC(992) Tenured: 111333K(349568K)->117595K(349568K)
[111.859s][info][gc,metaspace   ] GC(992) Metaspace: 61536K(62464K)->61536K(62464K) NonClass: 53952K(54464K)->53952K(54464K) Class: 7583K(8000K)->7583K(8000K)
[111.859s][info][gc             ] GC(992) Pause Young (Allocation Failure) 256M->125M(494M) 40.779ms
[111.859s][info][gc,cpu         ] GC(992) User=0.05s Sys=0.00s Real=0.05s
[111.917s][info][gc,start       ] GC(993) Pause Young (Allocation Failure)
[111.956s][info][gc,heap        ] GC(993) DefNew: 150972K(157248K)->12904K(157248K) Eden: 139776K(139776K)->0K(139776K) From: 11196K(17472K)->12904K(17472K)
[111.956s][info][gc,heap        ] GC(993) Tenured: 117595K(349568K)->123117K(349568K)
[111.956s][info][gc,metaspace   ] GC(993) Metaspace: 61536K(62464K)->61536K(62464K) NonClass: 53952K(54464K)->53952K(54464K) Class: 7583K(8000K)->7583K(8000K)
[111.956s][info][gc             ] GC(993) Pause Young (Allocation Failure) 262M->132M(494M) 39.549ms
[111.956s][info][gc,cpu         ] GC(993) User=0.03s Sys=0.00s Real=0.03s
[112.010s][info][gc,start       ] GC(994) Pause Young (Allocation Failure)
[112.056s][info][gc,heap        ] GC(994) DefNew: 152680K(157248K)->12889K(157248K) Eden: 139776K(139776K)->0K(139776K) From: 12904K(17472K)->12889K(17472K)
[112.056s][info][gc,heap        ] GC(994) Tenured: 123117K(349568K)->128791K(349568K)
[112.056s][info][gc,metaspace   ] GC(994) Metaspace: 61536K(62464K)->61536K(62464K) NonClass: 53952K(54464K)->53952K(54464K) Class: 7583K(8000K)->7583K(8000K)
[112.056s][info][gc             ] GC(994) Pause Young (Allocation Failure) 269M->138M(494M) 45.758ms
[112.056s][info][gc,cpu         ] GC(994) User=0.05s Sys=0.00s Real=0.05s
[112.108s][info][gc,start       ] GC(995) Pause Young (Allocation Failure)
[112.151s][info][gc,heap        ] GC(995) DefNew: 152665K(157248K)->11388K(157248K) Eden: 139776K(139776K)->0K(139776K) From: 12889K(17472K)->11388K(17472K)
[112.151s][info][gc,heap        ] GC(995) Tenured: 128791K(349568K)->136020K(349568K)
[112.151s][info][gc,metaspace   ] GC(995) Metaspace: 61536K(62464K)->61536K(62464K) NonClass: 53952K(54464K)->53952K(54464K) Class: 7583K(8000K)->7583K(8000K)
[112.151s][info][gc             ] GC(995) Pause Young (Allocation Failure) 274M->143M(494M) 42.156ms
[112.151s][info][gc,cpu         ] GC(995) User=0.03s Sys=0.00s Real=0.03s
[112.214s][info][gc,start       ] GC(996) Pause Young (Allocation Failure)
[112.239s][info][gc,heap        ] GC(996) DefNew: 151164K(157248K)->5728K(157248K) Eden: 139776K(139776K)->0K(139776K) From: 11388K(17472K)->5728K(17472K)
[112.239s][info][gc,heap        ] GC(996) Tenured: 136020K(349568K)->141680K(349568K)
[112.239s][info][gc,metaspace   ] GC(996) Metaspace: 61536K(62464K)->61536K(62464K) NonClass: 53952K(54464K)->53952K(54464K) Class: 7583K(8000K)->7583K(8000K)
[112.239s][info][gc             ] GC(996) Pause Young (Allocation Failure) 280M->143M(494M) 25.455ms
[112.239s][info][gc,cpu         ] GC(996) User=0.03s Sys=0.00s Real=0.03s
[112.294s][info][gc,start       ] GC(997) Pause Young (Allocation Failure)
[112.310s][info][gc,heap        ] GC(997) DefNew: 145504K(157248K)->5727K(157248K) Eden: 139776K(139776K)->0K(139776K) From: 5728K(17472K)->5727K(17472K)
[112.310s][info][gc,heap        ] GC(997) Tenured: 141680K(349568K)->141680K(349568K)
[112.310s][info][gc,metaspace   ] GC(997) Metaspace: 61536K(62464K)->61536K(62464K) NonClass: 53952K(54464K)->53952K(54464K) Class: 7583K(8000K)->7583K(8000K)
[112.310s][info][gc             ] GC(997) Pause Young (Allocation Failure) 280M->143M(494M) 15.891ms
[112.310s][info][gc,cpu         ] GC(997) User=0.02s Sys=0.00s Real=0.02s
[112.359s][info][gc,start       ] GC(998) Pause Young (Allocation Failure)
[112.373s][info][gc,heap        ] GC(998) DefNew: 145503K(157248K)->5728K(157248K) Eden: 139776K(139776K)->0K(139776K) From: 5727K(17472K)->5728K(17472K)
[112.373s][info][gc,heap        ] GC(998) Tenured: 141680K(349568K)->141680K(349568K)
[112.373s][info][gc,metaspace   ] GC(998) Metaspace: 61536K(62464K)->61536K(62464K) NonClass: 53952K(54464K)->53952K(54464K) Class: 7583K(8000K)->7583K(8000K)
[112.373s][info][gc             ] GC(998) Pause Young (Allocation Failure) 280M->143M(494M) 14.138ms
[112.373s][info][gc,cpu         ] GC(998) User=0.00s Sys=0.02s Real=0.01s
[112.420s][info][gc,start       ] GC(999) Pause Young (Allocation Failure)
[112.434s][info][gc,heap        ] GC(999) DefNew: 145504K(157248K)->5728K(157248K) Eden: 139776K(139776K)->0K(139776K) From: 5728K(17472K)->5728K(17472K)
[112.434s][info][gc,heap        ] GC(999) Tenured: 141680K(349568K)->141680K(349568K)
[112.434s][info][gc,metaspace   ] GC(999) Metaspace: 61536K(62464K)->61536K(62464K) NonClass: 53952K(54464K)->53952K(54464K) Class: 7583K(8000K)->7583K(8000K)
[112.434s][info][gc             ] GC(999) Pause Young (Allocation Failure) 280M->143M(494M) 14.078ms
[112.434s][info][gc,cpu         ] GC(999) User=0.00s Sys=0.00s Real=0.00s
[112.482s][info][gc,start       ] GC(1000) Pause Young (Allocation Failure)
[112.496s][info][gc,heap        ] GC(1000) DefNew: 145504K(157248K)->5728K(157248K) Eden: 139776K(139776K)->0K(139776K) From: 5728K(17472K)->5728K(17472K)
[112.496s][info][gc,heap        ] GC(1000) Tenured: 141680K(349568K)->141680K(349568K)
[112.496s][info][gc,metaspace   ] GC(1000) Metaspace: 61536K(62464K)->61536K(62464K) NonClass: 53952K(54464K)->53952K(54464K) Class: 7583K(8000K)->7583K(8000K)
[112.496s][info][gc             ] GC(1000) Pause Young (Allocation Failure) 280M->143M(494M) 14.488ms
[112.496s][info][gc,cpu         ] GC(1000) User=0.02s Sys=0.00s Real=0.02s
[112.546s][info][gc,start       ] GC(1001) Pause Young (Allocation Failure)
[112.561s][info][gc,heap        ] GC(1001) DefNew: 145504K(157248K)->5728K(157248K) Eden: 139776K(139776K)->0K(139776K) From: 5728K(17472K)->5728K(17472K)
[112.561s][info][gc,heap        ] GC(1001) Tenured: 141680K(349568K)->141680K(349568K)
[112.561s][info][gc,metaspace   ] GC(1001) Metaspace: 61536K(62464K)->61536K(62464K) NonClass: 53952K(54464K)->53952K(54464K) Class: 7583K(8000K)->7583K(8000K)
[112.561s][info][gc             ] GC(1001) Pause Young (Allocation Failure) 280M->143M(494M) 15.541ms
[112.561s][info][gc,cpu         ] GC(1001) User=0.02s Sys=0.00s Real=0.02s
[112.634s][info][gc,start       ] GC(1002) Pause Young (Allocation Failure)
[112.650s][info][gc,heap        ] GC(1002) DefNew: 145504K(157248K)->5740K(157248K) Eden: 139776K(139776K)->0K(139776K) From: 5728K(17472K)->5740K(17472K)
[112.660s][info][gc,heap        ] GC(1002) Tenured: 141680K(349568K)->141680K(349568K)
[112.668s][info][gc,metaspace   ] GC(1002) Metaspace: 61536K(62464K)->61536K(62464K) NonClass: 53952K(54464K)->53952K(54464K) Class: 7583K(8000K)->7583K(8000K)
[112.668s][info][gc             ] GC(1002) Pause Young (Allocation Failure) 280M->143M(494M) 33.729ms
[112.668s][info][gc,cpu         ] GC(1002) User=0.02s Sys=0.00s Real=0.03s
[112.765s][info][gc,start       ] GC(1003) Pause Young (Allocation Failure)
[112.781s][info][gc,heap        ] GC(1003) DefNew: 145516K(157248K)->5740K(157248K) Eden: 139776K(139776K)->0K(139776K) From: 5740K(17472K)->5740K(17472K)
[112.781s][info][gc,heap        ] GC(1003) Tenured: 141680K(349568K)->141680K(349568K)
[112.781s][info][gc,metaspace   ] GC(1003) Metaspace: 61536K(62464K)->61536K(62464K) NonClass: 53952K(54464K)->53952K(54464K) Class: 7583K(8000K)->7583K(8000K)
[112.781s][info][gc             ] GC(1003) Pause Young (Allocation Failure) 280M->143M(494M) 16.073ms
[112.781s][info][gc,cpu         ] GC(1003) User=0.02s Sys=0.00s Real=0.02s
[112.868s][info][gc,start       ] GC(1004) Pause Young (Allocation Failure)
[112.884s][info][gc,heap        ] GC(1004) DefNew: 145516K(157248K)->5740K(157248K) Eden: 139776K(139776K)->0K(139776K) From: 5740K(17472K)->5740K(17472K)
[112.884s][info][gc,heap        ] GC(1004) Tenured: 141680K(349568K)->141680K(349568K)
[112.884s][info][gc,metaspace   ] GC(1004) Metaspace: 61536K(62464K)->61536K(62464K) NonClass: 53952K(54464K)->53952K(54464K) Class: 7583K(8000K)->7583K(8000K)
[112.884s][info][gc             ] GC(1004) Pause Young (Allocation Failure) 280M->143M(494M) 15.623ms
[112.884s][info][gc,cpu         ] GC(1004) User=0.02s Sys=0.00s Real=0.01s
[112.982s][info][gc,start       ] GC(1005) Pause Young (Allocation Failure)
[112.997s][info][gc,heap        ] GC(1005) DefNew: 145516K(157248K)->5740K(157248K) Eden: 139776K(139776K)->0K(139776K) From: 5740K(17472K)->5740K(17472K)
[112.997s][info][gc,heap        ] GC(1005) Tenured: 141680K(349568K)->141680K(349568K)
[112.997s][info][gc,metaspace   ] GC(1005) Metaspace: 61536K(62464K)->61536K(62464K) NonClass: 53952K(54464K)->53952K(54464K) Class: 7583K(8000K)->7583K(8000K)
[112.997s][info][gc             ] GC(1005) Pause Young (Allocation Failure) 280M->143M(494M) 14.396ms
[112.997s][info][gc,cpu         ] GC(1005) User=0.02s Sys=0.00s Real=0.02s
[113.086s][info][gc,start       ] GC(1006) Pause Young (Allocation Failure)
[113.101s][info][gc,heap        ] GC(1006) DefNew: 145516K(157248K)->5740K(157248K) Eden: 139776K(139776K)->0K(139776K) From: 5740K(17472K)->5740K(17472K)
[113.101s][info][gc,heap        ] GC(1006) Tenured: 141680K(349568K)->141680K(349568K)
[113.101s][info][gc,metaspace   ] GC(1006) Metaspace: 61536K(62464K)->61536K(62464K) NonClass: 53952K(54464K)->53952K(54464K) Class: 7583K(8000K)->7583K(8000K)
[113.101s][info][gc             ] GC(1006) Pause Young (Allocation Failure) 280M->143M(494M) 15.317ms
[113.101s][info][gc,cpu         ] GC(1006) User=0.02s Sys=0.00s Real=0.02s
[113.189s][info][gc,start       ] GC(1007) Pause Young (Allocation Failure)
[113.204s][info][gc,heap        ] GC(1007) DefNew: 145516K(157248K)->5740K(157248K) Eden: 139776K(139776K)->0K(139776K) From: 5740K(17472K)->5740K(17472K)
[113.204s][info][gc,heap        ] GC(1007) Tenured: 141680K(349568K)->141680K(349568K)
[113.204s][info][gc,metaspace   ] GC(1007) Metaspace: 61536K(62464K)->61536K(62464K) NonClass: 53952K(54464K)->53952K(54464K) Class: 7583K(8000K)->7583K(8000K)
[113.205s][info][gc             ] GC(1007) Pause Young (Allocation Failure) 280M->143M(494M) 15.912ms
[113.205s][info][gc,cpu         ] GC(1007) User=0.02s Sys=0.00s Real=0.02s
[113.304s][info][gc,start       ] GC(1008) Pause Young (Allocation Failure)
[113.318s][info][gc,heap        ] GC(1008) DefNew: 145516K(157248K)->5740K(157248K) Eden: 139776K(139776K)->0K(139776K) From: 5740K(17472K)->5740K(17472K)
[113.318s][info][gc,heap        ] GC(1008) Tenured: 141680K(349568K)->141680K(349568K)
[113.319s][info][gc,metaspace   ] GC(1008) Metaspace: 61536K(62464K)->61536K(62464K) NonClass: 53952K(54464K)->53952K(54464K) Class: 7583K(8000K)->7583K(8000K)
[113.319s][info][gc             ] GC(1008) Pause Young (Allocation Failure) 280M->143M(494M) 14.183ms
[113.319s][info][gc,cpu         ] GC(1008) User=0.02s Sys=0.00s Real=0.02s
[113.345s][info][gc,start       ] GC(1009) Pause Full (System.gc())
[113.346s][info][gc,phases,start] GC(1009) Phase 1: Mark live objects
[113.424s][info][gc,phases      ] GC(1009) Phase 1: Mark live objects 78.601ms
[113.424s][info][gc,phases,start] GC(1009) Phase 2: Compute new object addresses
[113.468s][info][gc,phases      ] GC(1009) Phase 2: Compute new object addresses 43.312ms
[113.468s][info][gc,phases,start] GC(1009) Phase 3: Adjust pointers
[113.513s][info][gc,phases      ] GC(1009) Phase 3: Adjust pointers 45.764ms
[113.514s][info][gc,phases,start] GC(1009) Phase 4: Move objects
[113.538s][info][gc,phases      ] GC(1009) Phase 4: Move objects 24.351ms
[113.538s][info][gc,heap        ] GC(1009) DefNew: 14427K(157248K)->0K(157248K) Eden: 8687K(139776K)->0K(139776K) From: 5740K(17472K)->0K(17472K)
[113.538s][info][gc,heap        ] GC(1009) Tenured: 141680K(349568K)->102477K(349568K)
[113.538s][info][gc,metaspace   ] GC(1009) Metaspace: 61536K(62464K)->61536K(62464K) NonClass: 53952K(54464K)->53952K(54464K) Class: 7583K(8000K)->7583K(8000K)
[113.538s][info][gc             ] GC(1009) Pause Full (System.gc()) 152M->100M(494M) 192.998ms
[113.539s][info][gc,cpu         ] GC(1009) User=0.19s Sys=0.00s Real=0.19s
[113.653s][info][gc,start       ] GC(1010) Pause Young (Allocation Failure)
[113.664s][info][gc,heap        ] GC(1010) DefNew: 139776K(157248K)->2978K(157248K) Eden: 139776K(139776K)->0K(139776K) From: 0K(17472K)->2978K(17472K)
[113.664s][info][gc,heap        ] GC(1010) Tenured: 102477K(349568K)->102477K(349568K)
[113.664s][info][gc,metaspace   ] GC(1010) Metaspace: 61543K(62464K)->61543K(62464K) NonClass: 53959K(54464K)->53959K(54464K) Class: 7583K(8000K)->7583K(8000K)
[113.664s][info][gc             ] GC(1010) Pause Young (Allocation Failure) 236M->102M(494M) 10.459ms
[113.664s][info][gc,cpu         ] GC(1010) User=0.00s Sys=0.00s Real=0.00s
[113.710s][info][gc,start       ] GC(1011) Pause Young (Allocation Failure)
[113.733s][info][gc,heap        ] GC(1011) DefNew: 142754K(157248K)->7983K(157248K) Eden: 139776K(139776K)->0K(139776K) From: 2978K(17472K)->7983K(17472K)
[113.733s][info][gc,heap        ] GC(1011) Tenured: 102477K(349568K)->102477K(349568K)
[113.733s][info][gc,metaspace   ] GC(1011) Metaspace: 61543K(62464K)->61543K(62464K) NonClass: 53959K(54464K)->53959K(54464K) Class: 7583K(8000K)->7583K(8000K)
[113.733s][info][gc             ] GC(1011) Pause Young (Allocation Failure) 239M->107M(494M) 23.458ms
[113.733s][info][gc,cpu         ] GC(1011) User=0.03s Sys=0.00s Real=0.03s
[113.785s][info][gc,start       ] GC(1012) Pause Young (Allocation Failure)
[113.820s][info][gc,heap        ] GC(1012) DefNew: 147759K(157248K)->13815K(157248K) Eden: 139776K(139776K)->0K(139776K) From: 7983K(17472K)->13815K(17472K)
[113.820s][info][gc,heap        ] GC(1012) Tenured: 102477K(349568K)->102477K(349568K)
[113.820s][info][gc,metaspace   ] GC(1012) Metaspace: 61543K(62464K)->61543K(62464K) NonClass: 53959K(54464K)->53959K(54464K) Class: 7583K(8000K)->7583K(8000K)
[113.820s][info][gc             ] GC(1012) Pause Young (Allocation Failure) 244M->113M(494M) 35.032ms
[113.820s][info][gc,cpu         ] GC(1012) User=0.03s Sys=0.00s Real=0.03s
[113.874s][info][gc,start       ] GC(1013) Pause Young (Allocation Failure)
[113.915s][info][gc,heap        ] GC(1013) DefNew: 153591K(157248K)->11873K(157248K) Eden: 139776K(139776K)->0K(139776K) From: 13815K(17472K)->11873K(17472K)
[113.915s][info][gc,heap        ] GC(1013) Tenured: 102477K(349568K)->109947K(349568K)
[113.915s][info][gc,metaspace   ] GC(1013) Metaspace: 61543K(62464K)->61543K(62464K) NonClass: 53959K(54464K)->53959K(54464K) Class: 7583K(8000K)->7583K(8000K)
[113.915s][info][gc             ] GC(1013) Pause Young (Allocation Failure) 250M->118M(494M) 41.586ms
[113.915s][info][gc,cpu         ] GC(1013) User=0.03s Sys=0.00s Real=0.04s
[113.970s][info][gc,start       ] GC(1014) Pause Young (Allocation Failure)
[114.011s][info][gc,heap        ] GC(1014) DefNew: 151649K(157248K)->11237K(157248K) Eden: 139776K(139776K)->0K(139776K) From: 11873K(17472K)->11237K(17472K)
[114.014s][info][gc,heap        ] GC(1014) Tenured: 109947K(349568K)->116290K(349568K)
[114.014s][info][gc,metaspace   ] GC(1014) Metaspace: 61543K(62464K)->61543K(62464K) NonClass: 53959K(54464K)->53959K(54464K) Class: 7583K(8000K)->7583K(8000K)
[114.014s][info][gc             ] GC(1014) Pause Young (Allocation Failure) 255M->124M(494M) 44.425ms
[114.014s][info][gc,cpu         ] GC(1014) User=0.05s Sys=0.00s Real=0.05s
[114.063s][info][gc,start       ] GC(1015) Pause Young (Allocation Failure)
[114.102s][info][gc,heap        ] GC(1015) DefNew: 151013K(157248K)->11825K(157248K) Eden: 139776K(139776K)->0K(139776K) From: 11237K(17472K)->11825K(17472K)
[114.102s][info][gc,heap        ] GC(1015) Tenured: 116290K(349568K)->121820K(349568K)
[114.102s][info][gc,metaspace   ] GC(1015) Metaspace: 61543K(62464K)->61543K(62464K) NonClass: 53959K(54464K)->53959K(54464K) Class: 7583K(8000K)->7583K(8000K)
[114.102s][info][gc             ] GC(1015) Pause Young (Allocation Failure) 261M->130M(494M) 38.554ms
[114.102s][info][gc,cpu         ] GC(1015) User=0.05s Sys=0.00s Real=0.05s
[114.167s][info][gc,start       ] GC(1016) Pause Young (Allocation Failure)
[114.203s][info][gc,heap        ] GC(1016) DefNew: 151601K(157248K)->10905K(157248K) Eden: 139776K(139776K)->0K(139776K) From: 11825K(17472K)->10905K(17472K)
[114.204s][info][gc,heap        ] GC(1016) Tenured: 121820K(349568K)->127526K(349568K)
[114.204s][info][gc,metaspace   ] GC(1016) Metaspace: 61543K(62464K)->61543K(62464K) NonClass: 53959K(54464K)->53959K(54464K) Class: 7583K(8000K)->7583K(8000K)
[114.204s][info][gc             ] GC(1016) Pause Young (Allocation Failure) 267M->135M(494M) 36.914ms
[114.204s][info][gc,cpu         ] GC(1016) User=0.03s Sys=0.00s Real=0.03s
[114.267s][info][gc,start       ] GC(1017) Pause Young (Allocation Failure)
[114.306s][info][gc,heap        ] GC(1017) DefNew: 150681K(157248K)->9687K(157248K) Eden: 139776K(139776K)->0K(139776K) From: 10905K(17472K)->9687K(17472K)
[114.306s][info][gc,heap        ] GC(1017) Tenured: 127526K(349568K)->133646K(349568K)
[114.306s][info][gc,metaspace   ] GC(1017) Metaspace: 61543K(62464K)->61543K(62464K) NonClass: 53959K(54464K)->53959K(54464K) Class: 7583K(8000K)->7583K(8000K)
[114.306s][info][gc             ] GC(1017) Pause Young (Allocation Failure) 271M->139M(494M) 39.017ms
[114.306s][info][gc,cpu         ] GC(1017) User=0.05s Sys=0.00s Real=0.05s
[114.364s][info][gc,start       ] GC(1018) Pause Young (Allocation Failure)
[114.396s][info][gc,heap        ] GC(1018) DefNew: 149463K(157248K)->7749K(157248K) Eden: 139776K(139776K)->0K(139776K) From: 9687K(17472K)->7749K(17472K)
[114.396s][info][gc,heap        ] GC(1018) Tenured: 133646K(349568K)->138430K(349568K)
[114.396s][info][gc,metaspace   ] GC(1018) Metaspace: 61543K(62464K)->61543K(62464K) NonClass: 53959K(54464K)->53959K(54464K) Class: 7583K(8000K)->7583K(8000K)
[114.396s][info][gc             ] GC(1018) Pause Young (Allocation Failure) 276M->142M(494M) 31.224ms
[114.396s][info][gc,cpu         ] GC(1018) User=0.03s Sys=0.00s Real=0.03s
[114.454s][info][gc,start       ] GC(1019) Pause Young (Allocation Failure)
[114.474s][info][gc,heap        ] GC(1019) DefNew: 147525K(157248K)->7749K(157248K) Eden: 139776K(139776K)->0K(139776K) From: 7749K(17472K)->7749K(17472K)
[114.474s][info][gc,heap        ] GC(1019) Tenured: 138430K(349568K)->138430K(349568K)
[114.474s][info][gc,metaspace   ] GC(1019) Metaspace: 61543K(62464K)->61543K(62464K) NonClass: 53959K(54464K)->53959K(54464K) Class: 7583K(8000K)->7583K(8000K)
[114.474s][info][gc             ] GC(1019) Pause Young (Allocation Failure) 279M->142M(494M) 19.857ms
[114.474s][info][gc,cpu         ] GC(1019) User=0.03s Sys=0.00s Real=0.03s
[114.526s][info][gc,start       ] GC(1020) Pause Young (Allocation Failure)
[114.545s][info][gc,heap        ] GC(1020) DefNew: 147525K(157248K)->7766K(157248K) Eden: 139776K(139776K)->0K(139776K) From: 7749K(17472K)->7766K(17472K)
[114.545s][info][gc,heap        ] GC(1020) Tenured: 138430K(349568K)->138430K(349568K)
[114.545s][info][gc,metaspace   ] GC(1020) Metaspace: 61545K(62464K)->61545K(62464K) NonClass: 53961K(54464K)->53961K(54464K) Class: 7583K(8000K)->7583K(8000K)
[114.545s][info][gc             ] GC(1020) Pause Young (Allocation Failure) 279M->142M(494M) 19.302ms
[114.545s][info][gc,cpu         ] GC(1020) User=0.02s Sys=0.00s Real=0.01s
[114.597s][info][gc,start       ] GC(1021) Pause Young (Allocation Failure)
[114.616s][info][gc,heap        ] GC(1021) DefNew: 147542K(157248K)->7766K(157248K) Eden: 139776K(139776K)->0K(139776K) From: 7766K(17472K)->7766K(17472K)
[114.616s][info][gc,heap        ] GC(1021) Tenured: 138430K(349568K)->138430K(349568K)
[114.616s][info][gc,metaspace   ] GC(1021) Metaspace: 61545K(62464K)->61545K(62464K) NonClass: 53961K(54464K)->53961K(54464K) Class: 7583K(8000K)->7583K(8000K)
[114.616s][info][gc             ] GC(1021) Pause Young (Allocation Failure) 279M->142M(494M) 18.804ms
[114.616s][info][gc,cpu         ] GC(1021) User=0.02s Sys=0.00s Real=0.02s
[114.666s][info][gc,start       ] GC(1022) Pause Young (Allocation Failure)
[114.686s][info][gc,heap        ] GC(1022) DefNew: 147542K(157248K)->7766K(157248K) Eden: 139776K(139776K)->0K(139776K) From: 7766K(17472K)->7766K(17472K)
[114.686s][info][gc,heap        ] GC(1022) Tenured: 138430K(349568K)->138430K(349568K)
[114.686s][info][gc,metaspace   ] GC(1022) Metaspace: 61545K(62464K)->61545K(62464K) NonClass: 53961K(54464K)->53961K(54464K) Class: 7583K(8000K)->7583K(8000K)
[114.686s][info][gc             ] GC(1022) Pause Young (Allocation Failure) 279M->142M(494M) 19.546ms
[114.686s][info][gc,cpu         ] GC(1022) User=0.02s Sys=0.00s Real=0.02s
[114.749s][info][gc,start       ] GC(1023) Pause Young (Allocation Failure)
[114.768s][info][gc,heap        ] GC(1023) DefNew: 147542K(157248K)->7769K(157248K) Eden: 139776K(139776K)->0K(139776K) From: 7766K(17472K)->7769K(17472K)
[114.768s][info][gc,heap        ] GC(1023) Tenured: 138430K(349568K)->138430K(349568K)
[114.768s][info][gc,metaspace   ] GC(1023) Metaspace: 61545K(62464K)->61545K(62464K) NonClass: 53961K(54464K)->53961K(54464K) Class: 7583K(8000K)->7583K(8000K)
[114.768s][info][gc             ] GC(1023) Pause Young (Allocation Failure) 279M->142M(494M) 18.673ms
[114.768s][info][gc,cpu         ] GC(1023) User=0.02s Sys=0.00s Real=0.02s
[114.860s][info][gc,start       ] GC(1024) Pause Young (Allocation Failure)
[114.879s][info][gc,heap        ] GC(1024) DefNew: 147545K(157248K)->7769K(157248K) Eden: 139776K(139776K)->0K(139776K) From: 7769K(17472K)->7769K(17472K)
[114.879s][info][gc,heap        ] GC(1024) Tenured: 138430K(349568K)->138430K(349568K)
[114.879s][info][gc,metaspace   ] GC(1024) Metaspace: 61545K(62464K)->61545K(62464K) NonClass: 53961K(54464K)->53961K(54464K) Class: 7583K(8000K)->7583K(8000K)
[114.879s][info][gc             ] GC(1024) Pause Young (Allocation Failure) 279M->142M(494M) 18.484ms
[114.879s][info][gc,cpu         ] GC(1024) User=0.03s Sys=0.00s Real=0.03s
[114.967s][info][gc,start       ] GC(1025) Pause Young (Allocation Failure)
[114.987s][info][gc,heap        ] GC(1025) DefNew: 147545K(157248K)->7769K(157248K) Eden: 139776K(139776K)->0K(139776K) From: 7769K(17472K)->7769K(17472K)
[114.987s][info][gc,heap        ] GC(1025) Tenured: 138430K(349568K)->138430K(349568K)
[114.987s][info][gc,metaspace   ] GC(1025) Metaspace: 61545K(62464K)->61545K(62464K) NonClass: 53961K(54464K)->53961K(54464K) Class: 7583K(8000K)->7583K(8000K)
[114.987s][info][gc             ] GC(1025) Pause Young (Allocation Failure) 279M->142M(494M) 19.876ms
[114.987s][info][gc,cpu         ] GC(1025) User=0.02s Sys=0.02s Real=0.03s
[115.086s][info][gc,start       ] GC(1026) Pause Young (Allocation Failure)
[115.104s][info][gc,heap        ] GC(1026) DefNew: 147545K(157248K)->7770K(157248K) Eden: 139776K(139776K)->0K(139776K) From: 7769K(17472K)->7770K(17472K)
[115.104s][info][gc,heap        ] GC(1026) Tenured: 138430K(349568K)->138430K(349568K)
[115.104s][info][gc,metaspace   ] GC(1026) Metaspace: 61545K(62464K)->61545K(62464K) NonClass: 53961K(54464K)->53961K(54464K) Class: 7583K(8000K)->7583K(8000K)
[115.104s][info][gc             ] GC(1026) Pause Young (Allocation Failure) 279M->142M(494M) 18.361ms
[115.104s][info][gc,cpu         ] GC(1026) User=0.02s Sys=0.00s Real=0.02s
[115.198s][info][gc,start       ] GC(1027) Pause Young (Allocation Failure)
[115.218s][info][gc,heap        ] GC(1027) DefNew: 147546K(157248K)->7769K(157248K) Eden: 139776K(139776K)->0K(139776K) From: 7770K(17472K)->7769K(17472K)
[115.218s][info][gc,heap        ] GC(1027) Tenured: 138430K(349568K)->138430K(349568K)
[115.218s][info][gc,metaspace   ] GC(1027) Metaspace: 61545K(62464K)->61545K(62464K) NonClass: 53961K(54464K)->53961K(54464K) Class: 7583K(8000K)->7583K(8000K)
[115.218s][info][gc             ] GC(1027) Pause Young (Allocation Failure) 279M->142M(494M) 19.831ms
[115.218s][info][gc,cpu         ] GC(1027) User=0.02s Sys=0.00s Real=0.01s
[115.315s][info][gc,start       ] GC(1028) Pause Young (Allocation Failure)
[115.333s][info][gc,heap        ] GC(1028) DefNew: 147545K(157248K)->7769K(157248K) Eden: 139776K(139776K)->0K(139776K) From: 7769K(17472K)->7769K(17472K)
[115.333s][info][gc,heap        ] GC(1028) Tenured: 138430K(349568K)->138430K(349568K)
[115.333s][info][gc,metaspace   ] GC(1028) Metaspace: 61545K(62464K)->61545K(62464K) NonClass: 53961K(54464K)->53961K(54464K) Class: 7583K(8000K)->7583K(8000K)
[115.333s][info][gc             ] GC(1028) Pause Young (Allocation Failure) 279M->142M(494M) 17.414ms
[115.333s][info][gc,cpu         ] GC(1028) User=0.02s Sys=0.00s Real=0.01s
[115.429s][info][gc,start       ] GC(1029) Pause Young (Allocation Failure)
[115.481s][info][gc,heap        ] GC(1029) DefNew: 147545K(157248K)->7769K(157248K) Eden: 139776K(139776K)->0K(139776K) From: 7769K(17472K)->7769K(17472K)
[115.481s][info][gc,heap        ] GC(1029) Tenured: 138430K(349568K)->138430K(349568K)
[115.481s][info][gc,metaspace   ] GC(1029) Metaspace: 61545K(62464K)->61545K(62464K) NonClass: 53961K(54464K)->53961K(54464K) Class: 7583K(8000K)->7583K(8000K)
[115.481s][info][gc             ] GC(1029) Pause Young (Allocation Failure) 279M->142M(494M) 52.237ms
[115.481s][info][gc,cpu         ] GC(1029) User=0.02s Sys=0.00s Real=0.05s
[115.579s][info][gc,start       ] GC(1030) Pause Young (Allocation Failure)
[115.597s][info][gc,heap        ] GC(1030) DefNew: 147545K(157248K)->7769K(157248K) Eden: 139776K(139776K)->0K(139776K) From: 7769K(17472K)->7769K(17472K)
[115.597s][info][gc,heap        ] GC(1030) Tenured: 138430K(349568K)->138430K(349568K)
[115.597s][info][gc,metaspace   ] GC(1030) Metaspace: 61545K(62464K)->61545K(62464K) NonClass: 53961K(54464K)->53961K(54464K) Class: 7583K(8000K)->7583K(8000K)
[115.597s][info][gc             ] GC(1030) Pause Young (Allocation Failure) 279M->142M(494M) 18.311ms
[115.597s][info][gc,cpu         ] GC(1030) User=0.03s Sys=0.00s Real=0.03s
[115.624s][info][gc,start       ] GC(1031) Pause Full (System.gc())
[115.624s][info][gc,phases,start] GC(1031) Phase 1: Mark live objects
[115.700s][info][gc,phases      ] GC(1031) Phase 1: Mark live objects 75.795ms
[115.700s][info][gc,phases,start] GC(1031) Phase 2: Compute new object addresses
[115.744s][info][gc,phases      ] GC(1031) Phase 2: Compute new object addresses 44.324ms
[115.745s][info][gc,phases,start] GC(1031) Phase 3: Adjust pointers
[115.789s][info][gc,phases      ] GC(1031) Phase 3: Adjust pointers 44.012ms
[115.789s][info][gc,phases,start] GC(1031) Phase 4: Move objects
[115.789s][info][gc,phases      ] GC(1031) Phase 4: Move objects 0.030ms
[115.789s][info][gc,heap        ] GC(1031) DefNew: 19386K(157248K)->0K(157248K) Eden: 11616K(139776K)->0K(139776K) From: 7769K(17472K)->0K(17472K)
[115.789s][info][gc,heap        ] GC(1031) Tenured: 138430K(349568K)->102911K(349568K)
[115.789s][info][gc,metaspace   ] GC(1031) Metaspace: 61546K(62464K)->61546K(62464K) NonClass: 53963K(54464K)->53963K(54464K) Class: 7583K(8000K)->7583K(8000K)
[115.789s][info][gc             ] GC(1031) Pause Full (System.gc()) 154M->100M(494M) 165.043ms
[115.789s][info][gc,cpu         ] GC(1031) User=0.17s Sys=0.00s Real=0.17s
[115.900s][info][gc,start       ] GC(1032) Pause Young (Allocation Failure)
[115.916s][info][gc,heap        ] GC(1032) DefNew: 139776K(157248K)->2975K(157248K) Eden: 139776K(139776K)->0K(139776K) From: 0K(17472K)->2975K(17472K)
[115.916s][info][gc,heap        ] GC(1032) Tenured: 102911K(349568K)->102911K(349568K)
[115.916s][info][gc,metaspace   ] GC(1032) Metaspace: 61560K(62464K)->61560K(62464K) NonClass: 53976K(54464K)->53976K(54464K) Class: 7583K(8000K)->7583K(8000K)
[115.916s][info][gc             ] GC(1032) Pause Young (Allocation Failure) 236M->103M(494M) 15.468ms
[115.916s][info][gc,cpu         ] GC(1032) User=0.02s Sys=0.00s Real=0.02s
[115.966s][info][gc,start       ] GC(1033) Pause Young (Allocation Failure)
[115.994s][info][gc,heap        ] GC(1033) DefNew: 142751K(157248K)->8134K(157248K) Eden: 139776K(139776K)->0K(139776K) From: 2975K(17472K)->8134K(17472K)
[115.994s][info][gc,heap        ] GC(1033) Tenured: 102911K(349568K)->102911K(349568K)
[115.994s][info][gc,metaspace   ] GC(1033) Metaspace: 61560K(62464K)->61560K(62464K) NonClass: 53976K(54464K)->53976K(54464K) Class: 7583K(8000K)->7583K(8000K)
[115.994s][info][gc             ] GC(1033) Pause Young (Allocation Failure) 239M->108M(494M) 27.812ms
[115.994s][info][gc,cpu         ] GC(1033) User=0.03s Sys=0.00s Real=0.03s
[116.047s][info][gc,start       ] GC(1034) Pause Young (Allocation Failure)
[116.081s][info][gc,heap        ] GC(1034) DefNew: 147910K(157248K)->13934K(157248K) Eden: 139776K(139776K)->0K(139776K) From: 8134K(17472K)->13934K(17472K)
[116.081s][info][gc,heap        ] GC(1034) Tenured: 102911K(349568K)->102911K(349568K)
[116.081s][info][gc,metaspace   ] GC(1034) Metaspace: 61560K(62464K)->61560K(62464K) NonClass: 53976K(54464K)->53976K(54464K) Class: 7583K(8000K)->7583K(8000K)
[116.081s][info][gc             ] GC(1034) Pause Young (Allocation Failure) 244M->114M(494M) 34.745ms
[116.081s][info][gc,cpu         ] GC(1034) User=0.05s Sys=0.00s Real=0.05s
[116.135s][info][gc,start       ] GC(1035) Pause Young (Allocation Failure)
[116.176s][info][gc,heap        ] GC(1035) DefNew: 153710K(157248K)->11887K(157248K) Eden: 139776K(139776K)->0K(139776K) From: 13934K(17472K)->11887K(17472K)
[116.176s][info][gc,heap        ] GC(1035) Tenured: 102911K(349568K)->110533K(349568K)
[116.176s][info][gc,metaspace   ] GC(1035) Metaspace: 61560K(62464K)->61560K(62464K) NonClass: 53976K(54464K)->53976K(54464K) Class: 7583K(8000K)->7583K(8000K)
[116.176s][info][gc             ] GC(1035) Pause Young (Allocation Failure) 250M->119M(494M) 41.800ms
[116.176s][info][gc,cpu         ] GC(1035) User=0.05s Sys=0.00s Real=0.05s
[116.236s][info][gc,start       ] GC(1036) Pause Young (Allocation Failure)
[116.277s][info][gc,heap        ] GC(1036) DefNew: 151663K(157248K)->10635K(157248K) Eden: 139776K(139776K)->0K(139776K) From: 11887K(17472K)->10635K(17472K)
[116.277s][info][gc,heap        ] GC(1036) Tenured: 110533K(349568K)->116838K(349568K)
[116.277s][info][gc,metaspace   ] GC(1036) Metaspace: 61560K(62464K)->61560K(62464K) NonClass: 53976K(54464K)->53976K(54464K) Class: 7583K(8000K)->7583K(8000K)
[116.277s][info][gc             ] GC(1036) Pause Young (Allocation Failure) 256M->124M(494M) 40.606ms
[116.277s][info][gc,cpu         ] GC(1036) User=0.05s Sys=0.00s Real=0.05s
[116.335s][info][gc,start       ] GC(1037) Pause Young (Allocation Failure)
[116.376s][info][gc,heap        ] GC(1037) DefNew: 150411K(157248K)->12073K(157248K) Eden: 139776K(139776K)->0K(139776K) From: 10635K(17472K)->12073K(17472K)
[116.376s][info][gc,heap        ] GC(1037) Tenured: 116838K(349568K)->122420K(349568K)
[116.376s][info][gc,metaspace   ] GC(1037) Metaspace: 61560K(62464K)->61560K(62464K) NonClass: 53976K(54464K)->53976K(54464K) Class: 7583K(8000K)->7583K(8000K)
[116.376s][info][gc             ] GC(1037) Pause Young (Allocation Failure) 260M->131M(494M) 40.928ms
[116.376s][info][gc,cpu         ] GC(1037) User=0.03s Sys=0.00s Real=0.03s
[116.438s][info][gc,start       ] GC(1038) Pause Young (Allocation Failure)
[116.477s][info][gc,heap        ] GC(1038) DefNew: 151849K(157248K)->13593K(157248K) Eden: 139776K(139776K)->0K(139776K) From: 12073K(17472K)->13593K(17472K)
[116.477s][info][gc,heap        ] GC(1038) Tenured: 122420K(349568K)->127473K(349568K)
[116.477s][info][gc,metaspace   ] GC(1038) Metaspace: 61560K(62464K)->61560K(62464K) NonClass: 53976K(54464K)->53976K(54464K) Class: 7583K(8000K)->7583K(8000K)
[116.477s][info][gc             ] GC(1038) Pause Young (Allocation Failure) 267M->137M(494M) 38.987ms
[116.477s][info][gc,cpu         ] GC(1038) User=0.05s Sys=0.00s Real=0.05s
[116.533s][info][gc,start       ] GC(1039) Pause Young (Allocation Failure)
[116.577s][info][gc,heap        ] GC(1039) DefNew: 153369K(157248K)->12122K(157248K) Eden: 139776K(139776K)->0K(139776K) From: 13593K(17472K)->12122K(17472K)
[116.577s][info][gc,heap        ] GC(1039) Tenured: 127473K(349568K)->134493K(349568K)
[116.577s][info][gc,metaspace   ] GC(1039) Metaspace: 61560K(62464K)->61560K(62464K) NonClass: 53976K(54464K)->53976K(54464K) Class: 7583K(8000K)->7583K(8000K)
[116.577s][info][gc             ] GC(1039) Pause Young (Allocation Failure) 274M->143M(494M) 43.660ms
[116.577s][info][gc,cpu         ] GC(1039) User=0.05s Sys=0.00s Real=0.05s
[116.637s][info][gc,start       ] GC(1040) Pause Young (Allocation Failure)
[116.663s][info][gc,heap        ] GC(1040) DefNew: 151898K(157248K)->5548K(157248K) Eden: 139776K(139776K)->0K(139776K) From: 12122K(17472K)->5548K(17472K)
[116.663s][info][gc,heap        ] GC(1040) Tenured: 134493K(349568K)->141066K(349568K)
[116.663s][info][gc,metaspace   ] GC(1040) Metaspace: 61560K(62464K)->61560K(62464K) NonClass: 53976K(54464K)->53976K(54464K) Class: 7583K(8000K)->7583K(8000K)
[116.663s][info][gc             ] GC(1040) Pause Young (Allocation Failure) 279M->143M(494M) 26.136ms
[116.663s][info][gc,cpu         ] GC(1040) User=0.03s Sys=0.00s Real=0.03s
[116.718s][info][gc,start       ] GC(1041) Pause Young (Allocation Failure)
[116.733s][info][gc,heap        ] GC(1041) DefNew: 145324K(157248K)->5548K(157248K) Eden: 139776K(139776K)->0K(139776K) From: 5548K(17472K)->5548K(17472K)
[116.733s][info][gc,heap        ] GC(1041) Tenured: 141066K(349568K)->141066K(349568K)
[116.733s][info][gc,metaspace   ] GC(1041) Metaspace: 61560K(62464K)->61560K(62464K) NonClass: 53976K(54464K)->53976K(54464K) Class: 7583K(8000K)->7583K(8000K)
[116.733s][info][gc             ] GC(1041) Pause Young (Allocation Failure) 279M->143M(494M) 15.418ms
[116.733s][info][gc,cpu         ] GC(1041) User=0.02s Sys=0.00s Real=0.02s
[116.780s][info][gc,start       ] GC(1042) Pause Young (Allocation Failure)
[116.795s][info][gc,heap        ] GC(1042) DefNew: 145324K(157248K)->5548K(157248K) Eden: 139776K(139776K)->0K(139776K) From: 5548K(17472K)->5548K(17472K)
[116.795s][info][gc,heap        ] GC(1042) Tenured: 141066K(349568K)->141066K(349568K)
[116.795s][info][gc,metaspace   ] GC(1042) Metaspace: 61560K(62464K)->61560K(62464K) NonClass: 53976K(54464K)->53976K(54464K) Class: 7583K(8000K)->7583K(8000K)
[116.795s][info][gc             ] GC(1042) Pause Young (Allocation Failure) 279M->143M(494M) 14.717ms
[116.795s][info][gc,cpu         ] GC(1042) User=0.02s Sys=0.00s Real=0.02s
[116.841s][info][gc,start       ] GC(1043) Pause Young (Allocation Failure)
[116.855s][info][gc,heap        ] GC(1043) DefNew: 145324K(157248K)->5548K(157248K) Eden: 139776K(139776K)->0K(139776K) From: 5548K(17472K)->5548K(17472K)
[116.855s][info][gc,heap        ] GC(1043) Tenured: 141066K(349568K)->141066K(349568K)
[116.855s][info][gc,metaspace   ] GC(1043) Metaspace: 61560K(62464K)->61560K(62464K) NonClass: 53976K(54464K)->53976K(54464K) Class: 7583K(8000K)->7583K(8000K)
[116.855s][info][gc             ] GC(1043) Pause Young (Allocation Failure) 279M->143M(494M) 14.293ms
[116.856s][info][gc,cpu         ] GC(1043) User=0.02s Sys=0.00s Real=0.02s
[116.913s][info][gc,start       ] GC(1044) Pause Young (Allocation Failure)
[116.922s][info][gc,heap        ] GC(1044) DefNew: 145324K(157248K)->5548K(157248K) Eden: 139776K(139776K)->0K(139776K) From: 5548K(17472K)->5548K(17472K)
[116.922s][info][gc,heap        ] GC(1044) Tenured: 141066K(349568K)->141066K(349568K)
[116.922s][info][gc,metaspace   ] GC(1044) Metaspace: 61560K(62464K)->61560K(62464K) NonClass: 53976K(54464K)->53976K(54464K) Class: 7583K(8000K)->7583K(8000K)
[116.922s][info][gc             ] GC(1044) Pause Young (Allocation Failure) 279M->143M(494M) 9.753ms
[116.922s][info][gc,cpu         ] GC(1044) User=0.00s Sys=0.00s Real=0.00s
[116.973s][info][gc,start       ] GC(1045) Pause Young (Allocation Failure)
[116.987s][info][gc,heap        ] GC(1045) DefNew: 145324K(157248K)->5548K(157248K) Eden: 139776K(139776K)->0K(139776K) From: 5548K(17472K)->5548K(17472K)
[116.987s][info][gc,heap        ] GC(1045) Tenured: 141066K(349568K)->141066K(349568K)
[116.987s][info][gc,metaspace   ] GC(1045) Metaspace: 61560K(62464K)->61560K(62464K) NonClass: 53976K(54464K)->53976K(54464K) Class: 7583K(8000K)->7583K(8000K)
[116.987s][info][gc             ] GC(1045) Pause Young (Allocation Failure) 279M->143M(494M) 14.265ms
[116.987s][info][gc,cpu         ] GC(1045) User=0.00s Sys=0.02s Real=0.02s
[117.080s][info][gc,start       ] GC(1046) Pause Young (Allocation Failure)
[117.095s][info][gc,heap        ] GC(1046) DefNew: 145324K(157248K)->5560K(157248K) Eden: 139776K(139776K)->0K(139776K) From: 5548K(17472K)->5560K(17472K)
[117.095s][info][gc,heap        ] GC(1046) Tenured: 141066K(349568K)->141066K(349568K)
[117.095s][info][gc,metaspace   ] GC(1046) Metaspace: 61560K(62464K)->61560K(62464K) NonClass: 53976K(54464K)->53976K(54464K) Class: 7583K(8000K)->7583K(8000K)
[117.095s][info][gc             ] GC(1046) Pause Young (Allocation Failure) 279M->143M(494M) 15.597ms
[117.096s][info][gc,cpu         ] GC(1046) User=0.02s Sys=0.00s Real=0.02s
[117.210s][info][gc,start       ] GC(1047) Pause Young (Allocation Failure)
[117.225s][info][gc,heap        ] GC(1047) DefNew: 145336K(157248K)->5560K(157248K) Eden: 139776K(139776K)->0K(139776K) From: 5560K(17472K)->5560K(17472K)
[117.225s][info][gc,heap        ] GC(1047) Tenured: 141066K(349568K)->141066K(349568K)
[117.225s][info][gc,metaspace   ] GC(1047) Metaspace: 61560K(62464K)->61560K(62464K) NonClass: 53976K(54464K)->53976K(54464K) Class: 7583K(8000K)->7583K(8000K)
[117.225s][info][gc             ] GC(1047) Pause Young (Allocation Failure) 279M->143M(494M) 15.497ms
[117.226s][info][gc,cpu         ] GC(1047) User=0.02s Sys=0.00s Real=0.02s
[117.321s][info][gc,start       ] GC(1048) Pause Young (Allocation Failure)
[117.336s][info][gc,heap        ] GC(1048) DefNew: 145336K(157248K)->5560K(157248K) Eden: 139776K(139776K)->0K(139776K) From: 5560K(17472K)->5560K(17472K)
[117.336s][info][gc,heap        ] GC(1048) Tenured: 141066K(349568K)->141066K(349568K)
[117.336s][info][gc,metaspace   ] GC(1048) Metaspace: 61560K(62464K)->61560K(62464K) NonClass: 53976K(54464K)->53976K(54464K) Class: 7583K(8000K)->7583K(8000K)
[117.336s][info][gc             ] GC(1048) Pause Young (Allocation Failure) 279M->143M(494M) 15.467ms
[117.336s][info][gc,cpu         ] GC(1048) User=0.02s Sys=0.00s Real=0.02s
[117.421s][info][gc,start       ] GC(1049) Pause Young (Allocation Failure)
[117.450s][info][gc,heap        ] GC(1049) DefNew: 145336K(157248K)->5560K(157248K) Eden: 139776K(139776K)->0K(139776K) From: 5560K(17472K)->5560K(17472K)
[117.450s][info][gc,heap        ] GC(1049) Tenured: 141066K(349568K)->141066K(349568K)
[117.450s][info][gc,metaspace   ] GC(1049) Metaspace: 61560K(62464K)->61560K(62464K) NonClass: 53976K(54464K)->53976K(54464K) Class: 7583K(8000K)->7583K(8000K)
[117.450s][info][gc             ] GC(1049) Pause Young (Allocation Failure) 279M->143M(494M) 29.175ms
[117.450s][info][gc,cpu         ] GC(1049) User=0.02s Sys=0.00s Real=0.03s
[117.546s][info][gc,start       ] GC(1050) Pause Young (Allocation Failure)
[117.560s][info][gc,heap        ] GC(1050) DefNew: 145336K(157248K)->5560K(157248K) Eden: 139776K(139776K)->0K(139776K) From: 5560K(17472K)->5560K(17472K)
[117.560s][info][gc,heap        ] GC(1050) Tenured: 141066K(349568K)->141066K(349568K)
[117.560s][info][gc,metaspace   ] GC(1050) Metaspace: 61560K(62464K)->61560K(62464K) NonClass: 53976K(54464K)->53976K(54464K) Class: 7583K(8000K)->7583K(8000K)
[117.560s][info][gc             ] GC(1050) Pause Young (Allocation Failure) 279M->143M(494M) 14.336ms
[117.560s][info][gc,cpu         ] GC(1050) User=0.02s Sys=0.00s Real=0.02s
[117.662s][info][gc,start       ] GC(1051) Pause Young (Allocation Failure)
[117.678s][info][gc,heap        ] GC(1051) DefNew: 145336K(157248K)->5560K(157248K) Eden: 139776K(139776K)->0K(139776K) From: 5560K(17472K)->5560K(17472K)
[117.678s][info][gc,heap        ] GC(1051) Tenured: 141066K(349568K)->141066K(349568K)
[117.678s][info][gc,metaspace   ] GC(1051) Metaspace: 61560K(62464K)->61560K(62464K) NonClass: 53976K(54464K)->53976K(54464K) Class: 7583K(8000K)->7583K(8000K)
[117.678s][info][gc             ] GC(1051) Pause Young (Allocation Failure) 279M->143M(494M) 15.325ms
[117.678s][info][gc,cpu         ] GC(1051) User=0.02s Sys=0.00s Real=0.02s
[117.773s][info][gc,start       ] GC(1052) Pause Young (Allocation Failure)
[117.789s][info][gc,heap        ] GC(1052) DefNew: 145336K(157248K)->5560K(157248K) Eden: 139776K(139776K)->0K(139776K) From: 5560K(17472K)->5560K(17472K)
[117.789s][info][gc,heap        ] GC(1052) Tenured: 141066K(349568K)->141066K(349568K)
[117.789s][info][gc,metaspace   ] GC(1052) Metaspace: 61560K(62464K)->61560K(62464K) NonClass: 53976K(54464K)->53976K(54464K) Class: 7583K(8000K)->7583K(8000K)
[117.789s][info][gc             ] GC(1052) Pause Young (Allocation Failure) 279M->143M(494M) 15.427ms
[117.789s][info][gc,cpu         ] GC(1052) User=0.02s Sys=0.00s Real=0.02s
[117.814s][info][gc,start       ] GC(1053) Pause Full (System.gc())
[117.814s][info][gc,phases,start] GC(1053) Phase 1: Mark live objects
[117.890s][info][gc,phases      ] GC(1053) Phase 1: Mark live objects 75.571ms
[117.890s][info][gc,phases,start] GC(1053) Phase 2: Compute new object addresses
[117.934s][info][gc,phases      ] GC(1053) Phase 2: Compute new object addresses 43.904ms
[117.934s][info][gc,phases,start] GC(1053) Phase 3: Adjust pointers
[117.978s][info][gc,phases      ] GC(1053) Phase 3: Adjust pointers 44.082ms
[117.978s][info][gc,phases,start] GC(1053) Phase 4: Move objects
[117.978s][info][gc,phases      ] GC(1053) Phase 4: Move objects 0.030ms
[117.978s][info][gc,heap        ] GC(1053) DefNew: 16904K(157248K)->0K(157248K) Eden: 11344K(139776K)->0K(139776K) From: 5560K(17472K)->0K(17472K)
[117.978s][info][gc,heap        ] GC(1053) Tenured: 141066K(349568K)->103344K(349568K)
[117.978s][info][gc,metaspace   ] GC(1053) Metaspace: 61571K(62464K)->61571K(62464K) NonClass: 53987K(54464K)->53987K(54464K) Class: 7583K(8000K)->7583K(8000K)
[117.978s][info][gc             ] GC(1053) Pause Full (System.gc()) 154M->100M(494M) 164.463ms
[117.979s][info][gc,cpu         ] GC(1053) User=0.17s Sys=0.00s Real=0.17s
[118.090s][info][gc,start       ] GC(1054) Pause Young (Allocation Failure)
[118.103s][info][gc,heap        ] GC(1054) DefNew: 139776K(157248K)->2593K(157248K) Eden: 139776K(139776K)->0K(139776K) From: 0K(17472K)->2593K(17472K)
[118.103s][info][gc,heap        ] GC(1054) Tenured: 103344K(349568K)->103344K(349568K)
[118.103s][info][gc,metaspace   ] GC(1054) Metaspace: 61625K(62528K)->61625K(62528K) NonClass: 54042K(54528K)->54042K(54528K) Class: 7583K(8000K)->7583K(8000K)
[118.104s][info][gc             ] GC(1054) Pause Young (Allocation Failure) 237M->103M(494M) 13.765ms
[118.104s][info][gc,cpu         ] GC(1054) User=0.02s Sys=0.00s Real=0.02s
[118.152s][info][gc,start       ] GC(1055) Pause Young (Allocation Failure)
[118.179s][info][gc,heap        ] GC(1055) DefNew: 142369K(157248K)->7700K(157248K) Eden: 139776K(139776K)->0K(139776K) From: 2593K(17472K)->7700K(17472K)
[118.179s][info][gc,heap        ] GC(1055) Tenured: 103344K(349568K)->103344K(349568K)
[118.179s][info][gc,metaspace   ] GC(1055) Metaspace: 61625K(62528K)->61625K(62528K) NonClass: 54042K(54528K)->54042K(54528K) Class: 7583K(8000K)->7583K(8000K)
[118.179s][info][gc             ] GC(1055) Pause Young (Allocation Failure) 239M->108M(494M) 27.682ms
[118.179s][info][gc,cpu         ] GC(1055) User=0.03s Sys=0.00s Real=0.03s
[118.230s][info][gc,start       ] GC(1056) Pause Young (Allocation Failure)
[118.263s][info][gc,heap        ] GC(1056) DefNew: 147476K(157248K)->13718K(157248K) Eden: 139776K(139776K)->0K(139776K) From: 7700K(17472K)->13718K(17472K)
[118.263s][info][gc,heap        ] GC(1056) Tenured: 103344K(349568K)->103344K(349568K)
[118.263s][info][gc,metaspace   ] GC(1056) Metaspace: 61625K(62528K)->61625K(62528K) NonClass: 54042K(54528K)->54042K(54528K) Class: 7583K(8000K)->7583K(8000K)
[118.263s][info][gc             ] GC(1056) Pause Young (Allocation Failure) 244M->114M(494M) 33.768ms
[118.263s][info][gc,cpu         ] GC(1056) User=0.03s Sys=0.00s Real=0.03s
[118.320s][info][gc,start       ] GC(1057) Pause Young (Allocation Failure)
[118.359s][info][gc,heap        ] GC(1057) DefNew: 153494K(157248K)->11808K(157248K) Eden: 139776K(139776K)->0K(139776K) From: 13718K(17472K)->11808K(17472K)
[118.359s][info][gc,heap        ] GC(1057) Tenured: 103344K(349568K)->110532K(349568K)
[118.359s][info][gc,metaspace   ] GC(1057) Metaspace: 61625K(62528K)->61625K(62528K) NonClass: 54042K(54528K)->54042K(54528K) Class: 7583K(8000K)->7583K(8000K)
[118.359s][info][gc             ] GC(1057) Pause Young (Allocation Failure) 250M->119M(494M) 38.753ms
[118.359s][info][gc,cpu         ] GC(1057) User=0.03s Sys=0.00s Real=0.03s
[118.412s][info][gc,start       ] GC(1058) Pause Young (Allocation Failure)
[118.453s][info][gc,heap        ] GC(1058) DefNew: 151584K(157248K)->10981K(157248K) Eden: 139776K(139776K)->0K(139776K) From: 11808K(17472K)->10981K(17472K)
[118.453s][info][gc,heap        ] GC(1058) Tenured: 110532K(349568K)->117059K(349568K)
[118.453s][info][gc,metaspace   ] GC(1058) Metaspace: 61625K(62528K)->61625K(62528K) NonClass: 54042K(54528K)->54042K(54528K) Class: 7583K(8000K)->7583K(8000K)
[118.453s][info][gc             ] GC(1058) Pause Young (Allocation Failure) 255M->125M(494M) 41.390ms
[118.453s][info][gc,cpu         ] GC(1058) User=0.03s Sys=0.00s Real=0.03s
[118.511s][info][gc,start       ] GC(1059) Pause Young (Allocation Failure)
[118.550s][info][gc,heap        ] GC(1059) DefNew: 150757K(157248K)->12954K(157248K) Eden: 139776K(139776K)->0K(139776K) From: 10981K(17472K)->12954K(17472K)
[118.550s][info][gc,heap        ] GC(1059) Tenured: 117059K(349568K)->122340K(349568K)
[118.550s][info][gc,metaspace   ] GC(1059) Metaspace: 61625K(62528K)->61625K(62528K) NonClass: 54042K(54528K)->54042K(54528K) Class: 7583K(8000K)->7583K(8000K)
[118.550s][info][gc             ] GC(1059) Pause Young (Allocation Failure) 261M->132M(494M) 38.982ms
[118.550s][info][gc,cpu         ] GC(1059) User=0.05s Sys=0.00s Real=0.05s
[118.603s][info][gc,start       ] GC(1060) Pause Young (Allocation Failure)
[118.643s][info][gc,heap        ] GC(1060) DefNew: 152730K(157248K)->12938K(157248K) Eden: 139776K(139776K)->0K(139776K) From: 12954K(17472K)->12938K(17472K)
[118.643s][info][gc,heap        ] GC(1060) Tenured: 122340K(349568K)->128040K(349568K)
[118.643s][info][gc,metaspace   ] GC(1060) Metaspace: 61625K(62528K)->61625K(62528K) NonClass: 54042K(54528K)->54042K(54528K) Class: 7583K(8000K)->7583K(8000K)
[118.643s][info][gc             ] GC(1060) Pause Young (Allocation Failure) 268M->137M(494M) 40.110ms
[118.643s][info][gc,cpu         ] GC(1060) User=0.05s Sys=0.00s Real=0.05s
[118.699s][info][gc,start       ] GC(1061) Pause Young (Allocation Failure)
[118.731s][info][gc,heap        ] GC(1061) DefNew: 152714K(157248K)->11367K(157248K) Eden: 139776K(139776K)->0K(139776K) From: 12938K(17472K)->11367K(17472K)
[118.731s][info][gc,heap        ] GC(1061) Tenured: 128040K(349568K)->135294K(349568K)
[118.731s][info][gc,metaspace   ] GC(1061) Metaspace: 61625K(62528K)->61625K(62528K) NonClass: 54042K(54528K)->54042K(54528K) Class: 7583K(8000K)->7583K(8000K)
[118.731s][info][gc             ] GC(1061) Pause Young (Allocation Failure) 274M->143M(494M) 32.575ms
[118.731s][info][gc,cpu         ] GC(1061) User=0.03s Sys=0.00s Real=0.03s
[118.785s][info][gc,start       ] GC(1062) Pause Young (Allocation Failure)
[118.804s][info][gc,heap        ] GC(1062) DefNew: 151143K(157248K)->6071K(157248K) Eden: 139776K(139776K)->0K(139776K) From: 11367K(17472K)->6071K(17472K)
[118.804s][info][gc,heap        ] GC(1062) Tenured: 135294K(349568K)->140978K(349568K)
[118.804s][info][gc,metaspace   ] GC(1062) Metaspace: 61630K(62528K)->61630K(62528K) NonClass: 54047K(54528K)->54047K(54528K) Class: 7583K(8000K)->7583K(8000K)
[118.804s][info][gc             ] GC(1062) Pause Young (Allocation Failure) 279M->143M(494M) 18.985ms
[118.804s][info][gc,cpu         ] GC(1062) User=0.02s Sys=0.00s Real=0.02s
[118.853s][info][gc,start       ] GC(1063) Pause Young (Allocation Failure)
[118.868s][info][gc,heap        ] GC(1063) DefNew: 145847K(157248K)->6071K(157248K) Eden: 139776K(139776K)->0K(139776K) From: 6071K(17472K)->6071K(17472K)
[118.868s][info][gc,heap        ] GC(1063) Tenured: 140978K(349568K)->140978K(349568K)
[118.868s][info][gc,metaspace   ] GC(1063) Metaspace: 61630K(62528K)->61630K(62528K) NonClass: 54047K(54528K)->54047K(54528K) Class: 7583K(8000K)->7583K(8000K)
[118.868s][info][gc             ] GC(1063) Pause Young (Allocation Failure) 280M->143M(494M) 14.805ms
[118.868s][info][gc,cpu         ] GC(1063) User=0.02s Sys=0.00s Real=0.02s
[118.918s][info][gc,start       ] GC(1064) Pause Young (Allocation Failure)
[118.934s][info][gc,heap        ] GC(1064) DefNew: 145847K(157248K)->6071K(157248K) Eden: 139776K(139776K)->0K(139776K) From: 6071K(17472K)->6071K(17472K)
[118.934s][info][gc,heap        ] GC(1064) Tenured: 140978K(349568K)->140978K(349568K)
[118.934s][info][gc,metaspace   ] GC(1064) Metaspace: 61630K(62528K)->61630K(62528K) NonClass: 54047K(54528K)->54047K(54528K) Class: 7583K(8000K)->7583K(8000K)
[118.934s][info][gc             ] GC(1064) Pause Young (Allocation Failure) 280M->143M(494M) 16.235ms
[118.934s][info][gc,cpu         ] GC(1064) User=0.02s Sys=0.00s Real=0.02s
[118.982s][info][gc,start       ] GC(1065) Pause Young (Allocation Failure)
[118.997s][info][gc,heap        ] GC(1065) DefNew: 145847K(157248K)->6071K(157248K) Eden: 139776K(139776K)->0K(139776K) From: 6071K(17472K)->6071K(17472K)
[118.997s][info][gc,heap        ] GC(1065) Tenured: 140978K(349568K)->140978K(349568K)
[118.997s][info][gc,metaspace   ] GC(1065) Metaspace: 61630K(62528K)->61630K(62528K) NonClass: 54047K(54528K)->54047K(54528K) Class: 7583K(8000K)->7583K(8000K)
[118.997s][info][gc             ] GC(1065) Pause Young (Allocation Failure) 280M->143M(494M) 14.713ms
[118.997s][info][gc,cpu         ] GC(1065) User=0.02s Sys=0.00s Real=0.02s
[119.044s][info][gc,start       ] GC(1066) Pause Young (Allocation Failure)
[119.059s][info][gc,heap        ] GC(1066) DefNew: 145847K(157248K)->6071K(157248K) Eden: 139776K(139776K)->0K(139776K) From: 6071K(17472K)->6071K(17472K)
[119.059s][info][gc,heap        ] GC(1066) Tenured: 140978K(349568K)->140978K(349568K)
[119.059s][info][gc,metaspace   ] GC(1066) Metaspace: 61630K(62528K)->61630K(62528K) NonClass: 54047K(54528K)->54047K(54528K) Class: 7583K(8000K)->7583K(8000K)
[119.059s][info][gc             ] GC(1066) Pause Young (Allocation Failure) 280M->143M(494M) 15.019ms
[119.059s][info][gc,cpu         ] GC(1066) User=0.02s Sys=0.00s Real=0.02s
[119.109s][info][gc,start       ] GC(1067) Pause Young (Allocation Failure)
[119.125s][info][gc,heap        ] GC(1067) DefNew: 145847K(157248K)->6071K(157248K) Eden: 139776K(139776K)->0K(139776K) From: 6071K(17472K)->6071K(17472K)
[119.125s][info][gc,heap        ] GC(1067) Tenured: 140978K(349568K)->140978K(349568K)
[119.125s][info][gc,metaspace   ] GC(1067) Metaspace: 61630K(62528K)->61630K(62528K) NonClass: 54047K(54528K)->54047K(54528K) Class: 7583K(8000K)->7583K(8000K)
[119.125s][info][gc             ] GC(1067) Pause Young (Allocation Failure) 280M->143M(494M) 16.192ms
[119.125s][info][gc,cpu         ] GC(1067) User=0.02s Sys=0.00s Real=0.02s
[119.208s][info][gc,start       ] GC(1068) Pause Young (Allocation Failure)
[119.224s][info][gc,heap        ] GC(1068) DefNew: 145847K(157248K)->6083K(157248K) Eden: 139776K(139776K)->0K(139776K) From: 6071K(17472K)->6083K(17472K)
[119.225s][info][gc,heap        ] GC(1068) Tenured: 140978K(349568K)->140978K(349568K)
[119.225s][info][gc,metaspace   ] GC(1068) Metaspace: 61639K(62528K)->61639K(62528K) NonClass: 54056K(54528K)->54056K(54528K) Class: 7583K(8000K)->7583K(8000K)
[119.225s][info][gc             ] GC(1068) Pause Young (Allocation Failure) 280M->143M(494M) 16.855ms
[119.225s][info][gc,cpu         ] GC(1068) User=0.02s Sys=0.00s Real=0.02s
[119.314s][info][gc,start       ] GC(1069) Pause Young (Allocation Failure)
[119.329s][info][gc,heap        ] GC(1069) DefNew: 145859K(157248K)->6083K(157248K) Eden: 139776K(139776K)->0K(139776K) From: 6083K(17472K)->6083K(17472K)
[119.329s][info][gc,heap        ] GC(1069) Tenured: 140978K(349568K)->140978K(349568K)
[119.329s][info][gc,metaspace   ] GC(1069) Metaspace: 61639K(62528K)->61639K(62528K) NonClass: 54056K(54528K)->54056K(54528K) Class: 7583K(8000K)->7583K(8000K)
[119.329s][info][gc             ] GC(1069) Pause Young (Allocation Failure) 280M->143M(494M) 15.158ms
[119.329s][info][gc,cpu         ] GC(1069) User=0.02s Sys=0.00s Real=0.02s
[119.417s][info][gc,start       ] GC(1070) Pause Young (Allocation Failure)
[119.432s][info][gc,heap        ] GC(1070) DefNew: 145859K(157248K)->6083K(157248K) Eden: 139776K(139776K)->0K(139776K) From: 6083K(17472K)->6083K(17472K)
[119.432s][info][gc,heap        ] GC(1070) Tenured: 140978K(349568K)->140978K(349568K)
[119.432s][info][gc,metaspace   ] GC(1070) Metaspace: 61639K(62528K)->61639K(62528K) NonClass: 54056K(54528K)->54056K(54528K) Class: 7583K(8000K)->7583K(8000K)
[119.432s][info][gc             ] GC(1070) Pause Young (Allocation Failure) 280M->143M(494M) 15.096ms
[119.432s][info][gc,cpu         ] GC(1070) User=0.02s Sys=0.00s Real=0.02s
[119.520s][info][gc,start       ] GC(1071) Pause Young (Allocation Failure)
[119.536s][info][gc,heap        ] GC(1071) DefNew: 145859K(157248K)->6083K(157248K) Eden: 139776K(139776K)->0K(139776K) From: 6083K(17472K)->6083K(17472K)
[119.536s][info][gc,heap        ] GC(1071) Tenured: 140978K(349568K)->140978K(349568K)
[119.536s][info][gc,metaspace   ] GC(1071) Metaspace: 61639K(62528K)->61639K(62528K) NonClass: 54056K(54528K)->54056K(54528K) Class: 7583K(8000K)->7583K(8000K)
[119.536s][info][gc             ] GC(1071) Pause Young (Allocation Failure) 280M->143M(494M) 16.865ms
[119.536s][info][gc,cpu         ] GC(1071) User=0.02s Sys=0.00s Real=0.02s
[119.623s][info][gc,start       ] GC(1072) Pause Young (Allocation Failure)
[119.639s][info][gc,heap        ] GC(1072) DefNew: 145859K(157248K)->6083K(157248K) Eden: 139776K(139776K)->0K(139776K) From: 6083K(17472K)->6083K(17472K)
[119.639s][info][gc,heap        ] GC(1072) Tenured: 140978K(349568K)->140978K(349568K)
[119.639s][info][gc,metaspace   ] GC(1072) Metaspace: 61639K(62528K)->61639K(62528K) NonClass: 54056K(54528K)->54056K(54528K) Class: 7583K(8000K)->7583K(8000K)
[119.639s][info][gc             ] GC(1072) Pause Young (Allocation Failure) 280M->143M(494M) 15.798ms
[119.639s][info][gc,cpu         ] GC(1072) User=0.02s Sys=0.00s Real=0.02s
[119.723s][info][gc,start       ] GC(1073) Pause Young (Allocation Failure)
[119.739s][info][gc,heap        ] GC(1073) DefNew: 145859K(157248K)->6083K(157248K) Eden: 139776K(139776K)->0K(139776K) From: 6083K(17472K)->6083K(17472K)
[119.739s][info][gc,heap        ] GC(1073) Tenured: 140978K(349568K)->140978K(349568K)
[119.740s][info][gc,metaspace   ] GC(1073) Metaspace: 61639K(62528K)->61639K(62528K) NonClass: 54056K(54528K)->54056K(54528K) Class: 7583K(8000K)->7583K(8000K)
[119.740s][info][gc             ] GC(1073) Pause Young (Allocation Failure) 280M->143M(494M) 16.107ms
[119.740s][info][gc,cpu         ] GC(1073) User=0.02s Sys=0.00s Real=0.02s
[119.824s][info][gc,start       ] GC(1074) Pause Young (Allocation Failure)
[119.834s][info][gc,heap        ] GC(1074) DefNew: 145859K(157248K)->6083K(157248K) Eden: 139776K(139776K)->0K(139776K) From: 6083K(17472K)->6083K(17472K)
[119.834s][info][gc,heap        ] GC(1074) Tenured: 140978K(349568K)->140978K(349568K)
[119.834s][info][gc,metaspace   ] GC(1074) Metaspace: 61639K(62528K)->61639K(62528K) NonClass: 54056K(54528K)->54056K(54528K) Class: 7583K(8000K)->7583K(8000K)
[119.834s][info][gc             ] GC(1074) Pause Young (Allocation Failure) 280M->143M(494M) 9.665ms
[119.834s][info][gc,cpu         ] GC(1074) User=0.02s Sys=0.00s Real=0.02s
[119.867s][info][gc,start       ] GC(1075) Pause Full (System.gc())
[119.868s][info][gc,phases,start] GC(1075) Phase 1: Mark live objects
[119.947s][info][gc,phases      ] GC(1075) Phase 1: Mark live objects 79.508ms
[119.947s][info][gc,phases,start] GC(1075) Phase 2: Compute new object addresses
[119.991s][info][gc,phases      ] GC(1075) Phase 2: Compute new object addresses 43.972ms
[119.991s][info][gc,phases,start] GC(1075) Phase 3: Adjust pointers
[120.036s][info][gc,phases      ] GC(1075) Phase 3: Adjust pointers 44.347ms
[120.036s][info][gc,phases,start] GC(1075) Phase 4: Move objects
[120.036s][info][gc,phases      ] GC(1075) Phase 4: Move objects 0.028ms
[120.036s][info][gc,heap        ] GC(1075) DefNew: 17402K(157248K)->0K(157248K) Eden: 11318K(139776K)->0K(139776K) From: 6083K(17472K)->0K(17472K)
[120.036s][info][gc,heap        ] GC(1075) Tenured: 140978K(349568K)->103778K(349568K)
[120.036s][info][gc,metaspace   ] GC(1075) Metaspace: 61649K(62528K)->61649K(62528K) NonClass: 54065K(54528K)->54065K(54528K) Class: 7583K(8000K)->7583K(8000K)
[120.036s][info][gc             ] GC(1075) Pause Full (System.gc()) 154M->101M(494M) 168.776ms
[120.036s][info][gc,cpu         ] GC(1075) User=0.17s Sys=0.00s Real=0.17s
[120.158s][info][gc,start       ] GC(1076) Pause Young (Allocation Failure)
[120.194s][info][gc,heap        ] GC(1076) DefNew: 139776K(157248K)->3814K(157248K) Eden: 139776K(139776K)->0K(139776K) From: 0K(17472K)->3814K(17472K)
[120.194s][info][gc,heap        ] GC(1076) Tenured: 103778K(349568K)->103778K(349568K)
[120.194s][info][gc,metaspace   ] GC(1076) Metaspace: 61659K(62528K)->61659K(62528K) NonClass: 54075K(54528K)->54075K(54528K) Class: 7583K(8000K)->7583K(8000K)
[120.194s][info][gc             ] GC(1076) Pause Young (Allocation Failure) 237M->105M(494M) 35.996ms
[120.194s][info][gc,cpu         ] GC(1076) User=0.02s Sys=0.00s Real=0.03s
[120.252s][info][gc,start       ] GC(1077) Pause Young (Allocation Failure)
[120.282s][info][gc,heap        ] GC(1077) DefNew: 143590K(157248K)->9075K(157248K) Eden: 139776K(139776K)->0K(139776K) From: 3814K(17472K)->9075K(17472K)
[120.282s][info][gc,heap        ] GC(1077) Tenured: 103778K(349568K)->103778K(349568K)
[120.282s][info][gc,metaspace   ] GC(1077) Metaspace: 61659K(62528K)->61659K(62528K) NonClass: 54075K(54528K)->54075K(54528K) Class: 7583K(8000K)->7583K(8000K)
[120.282s][info][gc             ] GC(1077) Pause Young (Allocation Failure) 241M->110M(494M) 29.905ms
[120.282s][info][gc,cpu         ] GC(1077) User=0.03s Sys=0.00s Real=0.03s
[120.340s][info][gc,start       ] GC(1078) Pause Young (Allocation Failure)
[120.365s][info][gc,heap        ] GC(1078) DefNew: 148851K(157248K)->10777K(157248K) Eden: 139776K(139776K)->0K(139776K) From: 9075K(17472K)->10777K(17472K)
[120.365s][info][gc,heap        ] GC(1078) Tenured: 103778K(349568K)->107326K(349568K)
[120.365s][info][gc,metaspace   ] GC(1078) Metaspace: 61659K(62528K)->61659K(62528K) NonClass: 54075K(54528K)->54075K(54528K) Class: 7583K(8000K)->7583K(8000K)
[120.365s][info][gc             ] GC(1078) Pause Young (Allocation Failure) 246M->115M(494M) 25.612ms
[120.366s][info][gc,cpu         ] GC(1078) User=0.03s Sys=0.00s Real=0.03s
[120.419s][info][gc,start       ] GC(1079) Pause Young (Allocation Failure)
[120.455s][info][gc,heap        ] GC(1079) DefNew: 150553K(157248K)->11058K(157248K) Eden: 139776K(139776K)->0K(139776K) From: 10777K(17472K)->11058K(17472K)
[120.455s][info][gc,heap        ] GC(1079) Tenured: 107326K(349568K)->112340K(349568K)
[120.455s][info][gc,metaspace   ] GC(1079) Metaspace: 61659K(62528K)->61659K(62528K) NonClass: 54075K(54528K)->54075K(54528K) Class: 7583K(8000K)->7583K(8000K)
[120.455s][info][gc             ] GC(1079) Pause Young (Allocation Failure) 251M->120M(494M) 35.342ms
[120.455s][info][gc,cpu         ] GC(1079) User=0.05s Sys=0.00s Real=0.05s
[120.510s][info][gc,start       ] GC(1080) Pause Young (Allocation Failure)
[120.550s][info][gc,heap        ] GC(1080) DefNew: 150834K(157248K)->11012K(157248K) Eden: 139776K(139776K)->0K(139776K) From: 11058K(17472K)->11012K(17472K)
[120.550s][info][gc,heap        ] GC(1080) Tenured: 112340K(349568K)->118103K(349568K)
[120.550s][info][gc,metaspace   ] GC(1080) Metaspace: 61659K(62528K)->61659K(62528K) NonClass: 54075K(54528K)->54075K(54528K) Class: 7583K(8000K)->7583K(8000K)
[120.550s][info][gc             ] GC(1080) Pause Young (Allocation Failure) 257M->126M(494M) 39.788ms
[120.550s][info][gc,cpu         ] GC(1080) User=0.05s Sys=0.00s Real=0.05s
[120.604s][info][gc,start       ] GC(1081) Pause Young (Allocation Failure)
[120.646s][info][gc,heap        ] GC(1081) DefNew: 150788K(157248K)->12932K(157248K) Eden: 139776K(139776K)->0K(139776K) From: 11012K(17472K)->12932K(17472K)
[120.646s][info][gc,heap        ] GC(1081) Tenured: 118103K(349568K)->123398K(349568K)
[120.646s][info][gc,metaspace   ] GC(1081) Metaspace: 61659K(62528K)->61659K(62528K) NonClass: 54075K(54528K)->54075K(54528K) Class: 7583K(8000K)->7583K(8000K)
[120.646s][info][gc             ] GC(1081) Pause Young (Allocation Failure) 262M->133M(494M) 41.765ms
[120.646s][info][gc,cpu         ] GC(1081) User=0.05s Sys=0.00s Real=0.05s
[120.702s][info][gc,start       ] GC(1082) Pause Young (Allocation Failure)
[120.742s][info][gc,heap        ] GC(1082) DefNew: 152708K(157248K)->12908K(157248K) Eden: 139776K(139776K)->0K(139776K) From: 12932K(17472K)->12908K(17472K)
[120.742s][info][gc,heap        ] GC(1082) Tenured: 123398K(349568K)->129115K(349568K)
[120.742s][info][gc,metaspace   ] GC(1082) Metaspace: 61659K(62528K)->61659K(62528K) NonClass: 54075K(54528K)->54075K(54528K) Class: 7583K(8000K)->7583K(8000K)
[120.742s][info][gc             ] GC(1082) Pause Young (Allocation Failure) 269M->138M(494M) 39.446ms
[120.742s][info][gc,cpu         ] GC(1082) User=0.05s Sys=0.00s Real=0.05s
[120.796s][info][gc,start       ] GC(1083) Pause Young (Allocation Failure)
[120.840s][info][gc,heap        ] GC(1083) DefNew: 152684K(157248K)->11154K(157248K) Eden: 139776K(139776K)->0K(139776K) From: 12908K(17472K)->11154K(17472K)
[120.840s][info][gc,heap        ] GC(1083) Tenured: 129115K(349568K)->136330K(349568K)
[120.840s][info][gc,metaspace   ] GC(1083) Metaspace: 61659K(62528K)->61659K(62528K) NonClass: 54075K(54528K)->54075K(54528K) Class: 7583K(8000K)->7583K(8000K)
[120.840s][info][gc             ] GC(1083) Pause Young (Allocation Failure) 275M->144M(494M) 43.725ms
[120.840s][info][gc,cpu         ] GC(1083) User=0.05s Sys=0.00s Real=0.05s
[120.898s][info][gc,start       ] GC(1084) Pause Young (Allocation Failure)
[120.922s][info][gc,heap        ] GC(1084) DefNew: 150930K(157248K)->5461K(157248K) Eden: 139776K(139776K)->0K(139776K) From: 11154K(17472K)->5461K(17472K)
[120.922s][info][gc,heap        ] GC(1084) Tenured: 136330K(349568K)->142023K(349568K)
[120.922s][info][gc,metaspace   ] GC(1084) Metaspace: 61659K(62528K)->61659K(62528K) NonClass: 54075K(54528K)->54075K(54528K) Class: 7583K(8000K)->7583K(8000K)
[120.923s][info][gc             ] GC(1084) Pause Young (Allocation Failure) 280M->144M(494M) 24.565ms
[120.923s][info][gc,cpu         ] GC(1084) User=0.03s Sys=0.00s Real=0.03s
[120.973s][info][gc,start       ] GC(1085) Pause Young (Allocation Failure)
[120.987s][info][gc,heap        ] GC(1085) DefNew: 145237K(157248K)->5461K(157248K) Eden: 139776K(139776K)->0K(139776K) From: 5461K(17472K)->5461K(17472K)
[120.987s][info][gc,heap        ] GC(1085) Tenured: 142023K(349568K)->142023K(349568K)
[120.987s][info][gc,metaspace   ] GC(1085) Metaspace: 61659K(62528K)->61659K(62528K) NonClass: 54075K(54528K)->54075K(54528K) Class: 7583K(8000K)->7583K(8000K)
[120.987s][info][gc             ] GC(1085) Pause Young (Allocation Failure) 280M->144M(494M) 13.995ms
[120.987s][info][gc,cpu         ] GC(1085) User=0.02s Sys=0.00s Real=0.02s
[121.034s][info][gc,start       ] GC(1086) Pause Young (Allocation Failure)
[121.047s][info][gc,heap        ] GC(1086) DefNew: 145237K(157248K)->5461K(157248K) Eden: 139776K(139776K)->0K(139776K) From: 5461K(17472K)->5461K(17472K)
[121.048s][info][gc,heap        ] GC(1086) Tenured: 142023K(349568K)->142023K(349568K)
[121.048s][info][gc,metaspace   ] GC(1086) Metaspace: 61659K(62528K)->61659K(62528K) NonClass: 54075K(54528K)->54075K(54528K) Class: 7583K(8000K)->7583K(8000K)
[121.048s][info][gc             ] GC(1086) Pause Young (Allocation Failure) 280M->144M(494M) 13.691ms
[121.048s][info][gc,cpu         ] GC(1086) User=0.02s Sys=0.00s Real=0.02s
[121.095s][info][gc,start       ] GC(1087) Pause Young (Allocation Failure)
[121.109s][info][gc,heap        ] GC(1087) DefNew: 145237K(157248K)->5461K(157248K) Eden: 139776K(139776K)->0K(139776K) From: 5461K(17472K)->5461K(17472K)
[121.109s][info][gc,heap        ] GC(1087) Tenured: 142023K(349568K)->142023K(349568K)
[121.109s][info][gc,metaspace   ] GC(1087) Metaspace: 61659K(62528K)->61659K(62528K) NonClass: 54075K(54528K)->54075K(54528K) Class: 7583K(8000K)->7583K(8000K)
[121.110s][info][gc             ] GC(1087) Pause Young (Allocation Failure) 280M->144M(494M) 14.168ms
[121.110s][info][gc,cpu         ] GC(1087) User=0.02s Sys=0.00s Real=0.02s
[121.165s][info][gc,start       ] GC(1088) Pause Young (Allocation Failure)
[121.179s][info][gc,heap        ] GC(1088) DefNew: 145237K(157248K)->5461K(157248K) Eden: 139776K(139776K)->0K(139776K) From: 5461K(17472K)->5461K(17472K)
[121.179s][info][gc,heap        ] GC(1088) Tenured: 142023K(349568K)->142023K(349568K)
[121.179s][info][gc,metaspace   ] GC(1088) Metaspace: 61659K(62528K)->61659K(62528K) NonClass: 54075K(54528K)->54075K(54528K) Class: 7583K(8000K)->7583K(8000K)
[121.179s][info][gc             ] GC(1088) Pause Young (Allocation Failure) 280M->144M(494M) 13.898ms
[121.179s][info][gc,cpu         ] GC(1088) User=0.02s Sys=0.00s Real=0.02s
[121.229s][info][gc,start       ] GC(1089) Pause Young (Allocation Failure)
[121.244s][info][gc,heap        ] GC(1089) DefNew: 145237K(157248K)->5461K(157248K) Eden: 139776K(139776K)->0K(139776K) From: 5461K(17472K)->5461K(17472K)
[121.244s][info][gc,heap        ] GC(1089) Tenured: 142023K(349568K)->142023K(349568K)
[121.244s][info][gc,metaspace   ] GC(1089) Metaspace: 61659K(62528K)->61659K(62528K) NonClass: 54075K(54528K)->54075K(54528K) Class: 7583K(8000K)->7583K(8000K)
[121.245s][info][gc             ] GC(1089) Pause Young (Allocation Failure) 280M->144M(494M) 15.177ms
[121.245s][info][gc,cpu         ] GC(1089) User=0.02s Sys=0.00s Real=0.02s
[121.333s][info][gc,start       ] GC(1090) Pause Young (Allocation Failure)
[121.348s][info][gc,heap        ] GC(1090) DefNew: 145237K(157248K)->5473K(157248K) Eden: 139776K(139776K)->0K(139776K) From: 5461K(17472K)->5473K(17472K)
[121.348s][info][gc,heap        ] GC(1090) Tenured: 142023K(349568K)->142023K(349568K)
[121.348s][info][gc,metaspace   ] GC(1090) Metaspace: 61659K(62528K)->61659K(62528K) NonClass: 54075K(54528K)->54075K(54528K) Class: 7583K(8000K)->7583K(8000K)
[121.348s][info][gc             ] GC(1090) Pause Young (Allocation Failure) 280M->144M(494M) 14.469ms
[121.348s][info][gc,cpu         ] GC(1090) User=0.02s Sys=0.00s Real=0.01s
[121.434s][info][gc,start       ] GC(1091) Pause Young (Allocation Failure)
[121.448s][info][gc,heap        ] GC(1091) DefNew: 145249K(157248K)->5473K(157248K) Eden: 139776K(139776K)->0K(139776K) From: 5473K(17472K)->5473K(17472K)
[121.448s][info][gc,heap        ] GC(1091) Tenured: 142023K(349568K)->142023K(349568K)
[121.448s][info][gc,metaspace   ] GC(1091) Metaspace: 61659K(62528K)->61659K(62528K) NonClass: 54075K(54528K)->54075K(54528K) Class: 7583K(8000K)->7583K(8000K)
[121.448s][info][gc             ] GC(1091) Pause Young (Allocation Failure) 280M->144M(494M) 14.291ms
[121.448s][info][gc,cpu         ] GC(1091) User=0.02s Sys=0.00s Real=0.02s
[121.533s][info][gc,start       ] GC(1092) Pause Young (Allocation Failure)
[121.548s][info][gc,heap        ] GC(1092) DefNew: 145249K(157248K)->5473K(157248K) Eden: 139776K(139776K)->0K(139776K) From: 5473K(17472K)->5473K(17472K)
[121.556s][info][gc,heap        ] GC(1092) Tenured: 142023K(349568K)->142023K(349568K)
[121.587s][info][gc,metaspace   ] GC(1092) Metaspace: 61659K(62528K)->61659K(62528K) NonClass: 54075K(54528K)->54075K(54528K) Class: 7583K(8000K)->7583K(8000K)
[121.588s][info][gc             ] GC(1092) Pause Young (Allocation Failure) 280M->144M(494M) 54.386ms
[121.588s][info][gc,cpu         ] GC(1092) User=0.02s Sys=0.00s Real=0.05s
[121.685s][info][gc,start       ] GC(1093) Pause Young (Allocation Failure)
[121.699s][info][gc,heap        ] GC(1093) DefNew: 145249K(157248K)->5473K(157248K) Eden: 139776K(139776K)->0K(139776K) From: 5473K(17472K)->5473K(17472K)
[121.699s][info][gc,heap        ] GC(1093) Tenured: 142023K(349568K)->142023K(349568K)
[121.699s][info][gc,metaspace   ] GC(1093) Metaspace: 61659K(62528K)->61659K(62528K) NonClass: 54075K(54528K)->54075K(54528K) Class: 7583K(8000K)->7583K(8000K)
[121.700s][info][gc             ] GC(1093) Pause Young (Allocation Failure) 280M->144M(494M) 14.067ms
[121.700s][info][gc,cpu         ] GC(1093) User=0.02s Sys=0.00s Real=0.02s
[121.784s][info][gc,start       ] GC(1094) Pause Young (Allocation Failure)
[121.799s][info][gc,heap        ] GC(1094) DefNew: 145249K(157248K)->5473K(157248K) Eden: 139776K(139776K)->0K(139776K) From: 5473K(17472K)->5473K(17472K)
[121.799s][info][gc,heap        ] GC(1094) Tenured: 142023K(349568K)->142023K(349568K)
[121.799s][info][gc,metaspace   ] GC(1094) Metaspace: 61659K(62528K)->61659K(62528K) NonClass: 54075K(54528K)->54075K(54528K) Class: 7583K(8000K)->7583K(8000K)
[121.799s][info][gc             ] GC(1094) Pause Young (Allocation Failure) 280M->144M(494M) 14.890ms
[121.799s][info][gc,cpu         ] GC(1094) User=0.02s Sys=0.00s Real=0.02s
[121.896s][info][gc,start       ] GC(1095) Pause Young (Allocation Failure)
[121.905s][info][gc,heap        ] GC(1095) DefNew: 145249K(157248K)->5473K(157248K) Eden: 139776K(139776K)->0K(139776K) From: 5473K(17472K)->5473K(17472K)
[121.905s][info][gc,heap        ] GC(1095) Tenured: 142023K(349568K)->142023K(349568K)
[121.905s][info][gc,metaspace   ] GC(1095) Metaspace: 61659K(62528K)->61659K(62528K) NonClass: 54075K(54528K)->54075K(54528K) Class: 7583K(8000K)->7583K(8000K)
[121.905s][info][gc             ] GC(1095) Pause Young (Allocation Failure) 280M->144M(494M) 9.562ms
[121.905s][info][gc,cpu         ] GC(1095) User=0.00s Sys=0.00s Real=0.00s
[121.997s][info][gc,start       ] GC(1096) Pause Young (Allocation Failure)
[122.011s][info][gc,heap        ] GC(1096) DefNew: 145249K(157248K)->5473K(157248K) Eden: 139776K(139776K)->0K(139776K) From: 5473K(17472K)->5473K(17472K)
[122.011s][info][gc,heap        ] GC(1096) Tenured: 142023K(349568K)->142023K(349568K)
[122.011s][info][gc,metaspace   ] GC(1096) Metaspace: 61659K(62528K)->61659K(62528K) NonClass: 54075K(54528K)->54075K(54528K) Class: 7583K(8000K)->7583K(8000K)
[122.011s][info][gc             ] GC(1096) Pause Young (Allocation Failure) 280M->144M(494M) 14.517ms
[122.011s][info][gc,cpu         ] GC(1096) User=0.02s Sys=0.00s Real=0.02s
[122.036s][info][gc,start       ] GC(1097) Pause Full (System.gc())
[122.037s][info][gc,phases,start] GC(1097) Phase 1: Mark live objects
[122.117s][info][gc,phases      ] GC(1097) Phase 1: Mark live objects 80.557ms
[122.117s][info][gc,phases,start] GC(1097) Phase 2: Compute new object addresses
[122.162s][info][gc,phases      ] GC(1097) Phase 2: Compute new object addresses 44.290ms
[122.162s][info][gc,phases,start] GC(1097) Phase 3: Adjust pointers
[122.208s][info][gc,phases      ] GC(1097) Phase 3: Adjust pointers 46.190ms
[122.208s][info][gc,phases,start] GC(1097) Phase 4: Move objects
[122.232s][info][gc,phases      ] GC(1097) Phase 4: Move objects 23.995ms
[122.232s][info][gc,heap        ] GC(1097) DefNew: 16855K(157248K)->0K(157248K) Eden: 11382K(139776K)->0K(139776K) From: 5473K(17472K)->0K(17472K)
[122.232s][info][gc,heap        ] GC(1097) Tenured: 142023K(349568K)->102545K(349568K)
[122.232s][info][gc,metaspace   ] GC(1097) Metaspace: 61662K(62528K)->61662K(62528K) NonClass: 54078K(54528K)->54078K(54528K) Class: 7583K(8000K)->7583K(8000K)
[122.232s][info][gc             ] GC(1097) Pause Full (System.gc()) 155M->100M(494M) 195.983ms
[122.232s][info][gc,cpu         ] GC(1097) User=0.19s Sys=0.00s Real=0.19s
[122.348s][info][gc,start       ] GC(1098) Pause Young (Allocation Failure)
[122.363s][info][gc,heap        ] GC(1098) DefNew: 139776K(157248K)->3024K(157248K) Eden: 139776K(139776K)->0K(139776K) From: 0K(17472K)->3024K(17472K)
[122.364s][info][gc,heap        ] GC(1098) Tenured: 102545K(349568K)->102545K(349568K)
[122.364s][info][gc,metaspace   ] GC(1098) Metaspace: 61665K(62528K)->61665K(62528K) NonClass: 54081K(54528K)->54081K(54528K) Class: 7583K(8000K)->7583K(8000K)
[122.364s][info][gc             ] GC(1098) Pause Young (Allocation Failure) 236M->103M(494M) 15.611ms
[122.364s][info][gc,cpu         ] GC(1098) User=0.02s Sys=0.00s Real=0.02s
[122.419s][info][gc,start       ] GC(1099) Pause Young (Allocation Failure)
[122.443s][info][gc,heap        ] GC(1099) DefNew: 142800K(157248K)->7267K(157248K) Eden: 139776K(139776K)->0K(139776K) From: 3024K(17472K)->7267K(17472K)
[122.443s][info][gc,heap        ] GC(1099) Tenured: 102545K(349568K)->102545K(349568K)
[122.443s][info][gc,metaspace   ] GC(1099) Metaspace: 61665K(62528K)->61665K(62528K) NonClass: 54081K(54528K)->54081K(54528K) Class: 7583K(8000K)->7583K(8000K)
[122.443s][info][gc             ] GC(1099) Pause Young (Allocation Failure) 239M->107M(494M) 24.681ms
[122.443s][info][gc,cpu         ] GC(1099) User=0.03s Sys=0.00s Real=0.03s
[122.497s][info][gc,start       ] GC(1100) Pause Young (Allocation Failure)
[122.531s][info][gc,heap        ] GC(1100) DefNew: 147043K(157248K)->12238K(157248K) Eden: 139776K(139776K)->0K(139776K) From: 7267K(17472K)->12238K(17472K)
[122.531s][info][gc,heap        ] GC(1100) Tenured: 102545K(349568K)->102545K(349568K)
[122.531s][info][gc,metaspace   ] GC(1100) Metaspace: 61665K(62528K)->61665K(62528K) NonClass: 54081K(54528K)->54081K(54528K) Class: 7583K(8000K)->7583K(8000K)
[122.531s][info][gc             ] GC(1100) Pause Young (Allocation Failure) 243M->112M(494M) 33.990ms
[122.531s][info][gc,cpu         ] GC(1100) User=0.05s Sys=0.00s Real=0.05s
[122.583s][info][gc,start       ] GC(1101) Pause Young (Allocation Failure)
[122.623s][info][gc,heap        ] GC(1101) DefNew: 152014K(157248K)->11185K(157248K) Eden: 139776K(139776K)->0K(139776K) From: 12238K(17472K)->11185K(17472K)
[122.623s][info][gc,heap        ] GC(1101) Tenured: 102545K(349568K)->109300K(349568K)
[122.623s][info][gc,metaspace   ] GC(1101) Metaspace: 61665K(62528K)->61665K(62528K) NonClass: 54081K(54528K)->54081K(54528K) Class: 7583K(8000K)->7583K(8000K)
[122.623s][info][gc             ] GC(1101) Pause Young (Allocation Failure) 248M->117M(494M) 39.441ms
[122.623s][info][gc,cpu         ] GC(1101) User=0.03s Sys=0.00s Real=0.03s
[122.677s][info][gc,start       ] GC(1102) Pause Young (Allocation Failure)
[122.716s][info][gc,heap        ] GC(1102) DefNew: 150961K(157248K)->11913K(157248K) Eden: 139776K(139776K)->0K(139776K) From: 11185K(17472K)->11913K(17472K)
[122.716s][info][gc,heap        ] GC(1102) Tenured: 109300K(349568K)->114271K(349568K)
[122.716s][info][gc,metaspace   ] GC(1102) Metaspace: 61665K(62528K)->61665K(62528K) NonClass: 54081K(54528K)->54081K(54528K) Class: 7583K(8000K)->7583K(8000K)
[122.716s][info][gc             ] GC(1102) Pause Young (Allocation Failure) 254M->123M(494M) 39.834ms
[122.717s][info][gc,cpu         ] GC(1102) User=0.03s Sys=0.00s Real=0.03s
[122.774s][info][gc,start       ] GC(1103) Pause Young (Allocation Failure)
[122.813s][info][gc,heap        ] GC(1103) DefNew: 151689K(157248K)->12965K(157248K) Eden: 139776K(139776K)->0K(139776K) From: 11913K(17472K)->12965K(17472K)
[122.813s][info][gc,heap        ] GC(1103) Tenured: 114271K(349568K)->119460K(349568K)
[122.813s][info][gc,metaspace   ] GC(1103) Metaspace: 61665K(62528K)->61665K(62528K) NonClass: 54081K(54528K)->54081K(54528K) Class: 7583K(8000K)->7583K(8000K)
[122.813s][info][gc             ] GC(1103) Pause Young (Allocation Failure) 259M->129M(494M) 39.042ms
[122.813s][info][gc,cpu         ] GC(1103) User=0.05s Sys=0.00s Real=0.05s
[122.868s][info][gc,start       ] GC(1104) Pause Young (Allocation Failure)
[122.908s][info][gc,heap        ] GC(1104) DefNew: 152741K(157248K)->12963K(157248K) Eden: 139776K(139776K)->0K(139776K) From: 12965K(17472K)->12963K(17472K)
[122.947s][info][gc,heap        ] GC(1104) Tenured: 119460K(349568K)->125160K(349568K)
[122.947s][info][gc,metaspace   ] GC(1104) Metaspace: 61665K(62528K)->61665K(62528K) NonClass: 54081K(54528K)->54081K(54528K) Class: 7583K(8000K)->7583K(8000K)
[122.947s][info][gc             ] GC(1104) Pause Young (Allocation Failure) 265M->134M(494M) 79.571ms
[122.947s][info][gc,cpu         ] GC(1104) User=0.05s Sys=0.00s Real=0.08s
[123.004s][info][gc,start       ] GC(1105) Pause Young (Allocation Failure)
[123.047s][info][gc,heap        ] GC(1105) DefNew: 152739K(157248K)->11425K(157248K) Eden: 139776K(139776K)->0K(139776K) From: 12963K(17472K)->11425K(17472K)
[123.048s][info][gc,heap        ] GC(1105) Tenured: 125160K(349568K)->132424K(349568K)
[123.048s][info][gc,metaspace   ] GC(1105) Metaspace: 61665K(62528K)->61665K(62528K) NonClass: 54081K(54528K)->54081K(54528K) Class: 7583K(8000K)->7583K(8000K)
[123.048s][info][gc             ] GC(1105) Pause Young (Allocation Failure) 271M->140M(494M) 43.544ms
[123.048s][info][gc,cpu         ] GC(1105) User=0.05s Sys=0.00s Real=0.05s
[123.108s][info][gc,start       ] GC(1106) Pause Young (Allocation Failure)
[123.138s][info][gc,heap        ] GC(1106) DefNew: 151201K(157248K)->7101K(157248K) Eden: 139776K(139776K)->0K(139776K) From: 11425K(17472K)->7101K(17472K)
[123.138s][info][gc,heap        ] GC(1106) Tenured: 132424K(349568K)->138123K(349568K)
[123.138s][info][gc,metaspace   ] GC(1106) Metaspace: 61666K(62528K)->61666K(62528K) NonClass: 54082K(54528K)->54082K(54528K) Class: 7583K(8000K)->7583K(8000K)
[123.139s][info][gc             ] GC(1106) Pause Young (Allocation Failure) 276M->141M(494M) 30.209ms
[123.139s][info][gc,cpu         ] GC(1106) User=0.03s Sys=0.00s Real=0.03s
[123.203s][info][gc,start       ] GC(1107) Pause Young (Allocation Failure)
[123.219s][info][gc,heap        ] GC(1107) DefNew: 146877K(157248K)->7101K(157248K) Eden: 139776K(139776K)->0K(139776K) From: 7101K(17472K)->7101K(17472K)
[123.219s][info][gc,heap        ] GC(1107) Tenured: 138123K(349568K)->138123K(349568K)
[123.219s][info][gc,metaspace   ] GC(1107) Metaspace: 61666K(62528K)->61666K(62528K) NonClass: 54082K(54528K)->54082K(54528K) Class: 7583K(8000K)->7583K(8000K)
[123.219s][info][gc             ] GC(1107) Pause Young (Allocation Failure) 278M->141M(494M) 16.484ms
[123.219s][info][gc,cpu         ] GC(1107) User=0.02s Sys=0.00s Real=0.02s
[123.274s][info][gc,start       ] GC(1108) Pause Young (Allocation Failure)
[123.290s][info][gc,heap        ] GC(1108) DefNew: 146877K(157248K)->7101K(157248K) Eden: 139776K(139776K)->0K(139776K) From: 7101K(17472K)->7101K(17472K)
[123.290s][info][gc,heap        ] GC(1108) Tenured: 138123K(349568K)->138123K(349568K)
[123.290s][info][gc,metaspace   ] GC(1108) Metaspace: 61666K(62528K)->61666K(62528K) NonClass: 54082K(54528K)->54082K(54528K) Class: 7583K(8000K)->7583K(8000K)
[123.290s][info][gc             ] GC(1108) Pause Young (Allocation Failure) 278M->141M(494M) 16.397ms
[123.290s][info][gc,cpu         ] GC(1108) User=0.02s Sys=0.00s Real=0.02s
[123.340s][info][gc,start       ] GC(1109) Pause Young (Allocation Failure)
[123.347s][info][gc,heap        ] GC(1109) DefNew: 146877K(157248K)->7101K(157248K) Eden: 139776K(139776K)->0K(139776K) From: 7101K(17472K)->7101K(17472K)
[123.347s][info][gc,heap        ] GC(1109) Tenured: 138123K(349568K)->138123K(349568K)
[123.347s][info][gc,metaspace   ] GC(1109) Metaspace: 61666K(62528K)->61666K(62528K) NonClass: 54082K(54528K)->54082K(54528K) Class: 7583K(8000K)->7583K(8000K)
[123.347s][info][gc             ] GC(1109) Pause Young (Allocation Failure) 278M->141M(494M) 7.183ms
[123.347s][info][gc,cpu         ] GC(1109) User=0.00s Sys=0.00s Real=0.00s
[123.407s][info][gc,start       ] GC(1110) Pause Young (Allocation Failure)
[123.424s][info][gc,heap        ] GC(1110) DefNew: 146877K(157248K)->7101K(157248K) Eden: 139776K(139776K)->0K(139776K) From: 7101K(17472K)->7101K(17472K)
[123.424s][info][gc,heap        ] GC(1110) Tenured: 138123K(349568K)->138123K(349568K)
[123.424s][info][gc,metaspace   ] GC(1110) Metaspace: 61666K(62528K)->61666K(62528K) NonClass: 54082K(54528K)->54082K(54528K) Class: 7583K(8000K)->7583K(8000K)
[123.424s][info][gc             ] GC(1110) Pause Young (Allocation Failure) 278M->141M(494M) 17.330ms
[123.424s][info][gc,cpu         ] GC(1110) User=0.02s Sys=0.00s Real=0.01s
[123.481s][info][gc,start       ] GC(1111) Pause Young (Allocation Failure)
[123.492s][info][gc,heap        ] GC(1111) DefNew: 146877K(157248K)->7113K(157248K) Eden: 139776K(139776K)->0K(139776K) From: 7101K(17472K)->7113K(17472K)
[123.492s][info][gc,heap        ] GC(1111) Tenured: 138123K(349568K)->138123K(349568K)
[123.492s][info][gc,metaspace   ] GC(1111) Metaspace: 61666K(62528K)->61666K(62528K) NonClass: 54082K(54528K)->54082K(54528K) Class: 7583K(8000K)->7583K(8000K)
[123.492s][info][gc             ] GC(1111) Pause Young (Allocation Failure) 278M->141M(494M) 10.783ms
[123.492s][info][gc,cpu         ] GC(1111) User=0.00s Sys=0.00s Real=0.00s
[123.592s][info][gc,start       ] GC(1112) Pause Young (Allocation Failure)
[123.610s][info][gc,heap        ] GC(1112) DefNew: 146889K(157248K)->7113K(157248K) Eden: 139776K(139776K)->0K(139776K) From: 7113K(17472K)->7113K(17472K)
[123.610s][info][gc,heap        ] GC(1112) Tenured: 138123K(349568K)->138123K(349568K)
[123.610s][info][gc,metaspace   ] GC(1112) Metaspace: 61666K(62528K)->61666K(62528K) NonClass: 54082K(54528K)->54082K(54528K) Class: 7583K(8000K)->7583K(8000K)
[123.610s][info][gc             ] GC(1112) Pause Young (Allocation Failure) 278M->141M(494M) 17.413ms
[123.610s][info][gc,cpu         ] GC(1112) User=0.02s Sys=0.00s Real=0.02s
[123.697s][info][gc,start       ] GC(1113) Pause Young (Allocation Failure)
[123.713s][info][gc,heap        ] GC(1113) DefNew: 146889K(157248K)->7113K(157248K) Eden: 139776K(139776K)->0K(139776K) From: 7113K(17472K)->7113K(17472K)
[123.713s][info][gc,heap        ] GC(1113) Tenured: 138123K(349568K)->138123K(349568K)
[123.713s][info][gc,metaspace   ] GC(1113) Metaspace: 61666K(62528K)->61666K(62528K) NonClass: 54082K(54528K)->54082K(54528K) Class: 7583K(8000K)->7583K(8000K)
[123.713s][info][gc             ] GC(1113) Pause Young (Allocation Failure) 278M->141M(494M) 16.378ms
[123.713s][info][gc,cpu         ] GC(1113) User=0.02s Sys=0.00s Real=0.02s
[123.800s][info][gc,start       ] GC(1114) Pause Young (Allocation Failure)
[123.819s][info][gc,heap        ] GC(1114) DefNew: 146889K(157248K)->7113K(157248K) Eden: 139776K(139776K)->0K(139776K) From: 7113K(17472K)->7113K(17472K)
[123.819s][info][gc,heap        ] GC(1114) Tenured: 138123K(349568K)->138123K(349568K)
[123.819s][info][gc,metaspace   ] GC(1114) Metaspace: 61666K(62528K)->61666K(62528K) NonClass: 54082K(54528K)->54082K(54528K) Class: 7583K(8000K)->7583K(8000K)
[123.819s][info][gc             ] GC(1114) Pause Young (Allocation Failure) 278M->141M(494M) 18.514ms
[123.819s][info][gc,cpu         ] GC(1114) User=0.02s Sys=0.00s Real=0.02s
[123.907s][info][gc,start       ] GC(1115) Pause Young (Allocation Failure)
[123.923s][info][gc,heap        ] GC(1115) DefNew: 146889K(157248K)->7113K(157248K) Eden: 139776K(139776K)->0K(139776K) From: 7113K(17472K)->7113K(17472K)
[123.923s][info][gc,heap        ] GC(1115) Tenured: 138123K(349568K)->138123K(349568K)
[123.923s][info][gc,metaspace   ] GC(1115) Metaspace: 61666K(62528K)->61666K(62528K) NonClass: 54082K(54528K)->54082K(54528K) Class: 7583K(8000K)->7583K(8000K)
[123.923s][info][gc             ] GC(1115) Pause Young (Allocation Failure) 278M->141M(494M) 16.694ms
[123.924s][info][gc,cpu         ] GC(1115) User=0.02s Sys=0.00s Real=0.01s
[124.011s][info][gc,start       ] GC(1116) Pause Young (Allocation Failure)
[124.029s][info][gc,heap        ] GC(1116) DefNew: 146889K(157248K)->7113K(157248K) Eden: 139776K(139776K)->0K(139776K) From: 7113K(17472K)->7113K(17472K)
[124.029s][info][gc,heap        ] GC(1116) Tenured: 138123K(349568K)->138123K(349568K)
[124.029s][info][gc,metaspace   ] GC(1116) Metaspace: 61666K(62528K)->61666K(62528K) NonClass: 54082K(54528K)->54082K(54528K) Class: 7583K(8000K)->7583K(8000K)
[124.029s][info][gc             ] GC(1116) Pause Young (Allocation Failure) 278M->141M(494M) 18.183ms
[124.029s][info][gc,cpu         ] GC(1116) User=0.02s Sys=0.00s Real=0.02s
[124.115s][info][gc,start       ] GC(1117) Pause Young (Allocation Failure)
[124.133s][info][gc,heap        ] GC(1117) DefNew: 146889K(157248K)->7113K(157248K) Eden: 139776K(139776K)->0K(139776K) From: 7113K(17472K)->7113K(17472K)
[124.133s][info][gc,heap        ] GC(1117) Tenured: 138123K(349568K)->138123K(349568K)
[124.133s][info][gc,metaspace   ] GC(1117) Metaspace: 61666K(62528K)->61666K(62528K) NonClass: 54082K(54528K)->54082K(54528K) Class: 7583K(8000K)->7583K(8000K)
[124.133s][info][gc             ] GC(1117) Pause Young (Allocation Failure) 278M->141M(494M) 17.625ms
[124.133s][info][gc,cpu         ] GC(1117) User=0.02s Sys=0.00s Real=0.02s
[124.219s][info][gc,start       ] GC(1118) Pause Young (Allocation Failure)
[124.235s][info][gc,heap        ] GC(1118) DefNew: 146889K(157248K)->7113K(157248K) Eden: 139776K(139776K)->0K(139776K) From: 7113K(17472K)->7113K(17472K)
[124.235s][info][gc,heap        ] GC(1118) Tenured: 138123K(349568K)->138123K(349568K)
[124.235s][info][gc,metaspace   ] GC(1118) Metaspace: 61666K(62528K)->61666K(62528K) NonClass: 54082K(54528K)->54082K(54528K) Class: 7583K(8000K)->7583K(8000K)
[124.235s][info][gc             ] GC(1118) Pause Young (Allocation Failure) 278M->141M(494M) 16.587ms
[124.235s][info][gc,cpu         ] GC(1118) User=0.02s Sys=0.00s Real=0.02s
[124.265s][info][gc,start       ] GC(1119) Pause Full (System.gc())
[124.265s][info][gc,phases,start] GC(1119) Phase 1: Mark live objects
[124.343s][info][gc,phases      ] GC(1119) Phase 1: Mark live objects 77.327ms
[124.343s][info][gc,phases,start] GC(1119) Phase 2: Compute new object addresses
[124.387s][info][gc,phases      ] GC(1119) Phase 2: Compute new object addresses 44.721ms
[124.387s][info][gc,phases,start] GC(1119) Phase 3: Adjust pointers
[124.432s][info][gc,phases      ] GC(1119) Phase 3: Adjust pointers 44.150ms
[124.432s][info][gc,phases,start] GC(1119) Phase 4: Move objects
[124.432s][info][gc,phases      ] GC(1119) Phase 4: Move objects 0.030ms
[124.432s][info][gc,heap        ] GC(1119) DefNew: 21502K(157248K)->0K(157248K) Eden: 14389K(139776K)->0K(139776K) From: 7113K(17472K)->0K(17472K)
[124.432s][info][gc,heap        ] GC(1119) Tenured: 138123K(349568K)->102977K(349568K)
[124.432s][info][gc,metaspace   ] GC(1119) Metaspace: 61671K(62528K)->61671K(62528K) NonClass: 54087K(54528K)->54087K(54528K) Class: 7583K(8000K)->7583K(8000K)
[124.432s][info][gc             ] GC(1119) Pause Full (System.gc()) 155M->100M(494M) 167.143ms
[124.432s][info][gc,cpu         ] GC(1119) User=0.16s Sys=0.00s Real=0.16s
[124.548s][info][gc,start       ] GC(1120) Pause Young (Allocation Failure)
[124.563s][info][gc,heap        ] GC(1120) DefNew: 139776K(157248K)->2913K(157248K) Eden: 139776K(139776K)->0K(139776K) From: 0K(17472K)->2913K(17472K)
[124.563s][info][gc,heap        ] GC(1120) Tenured: 102977K(349568K)->102977K(349568K)
[124.563s][info][gc,metaspace   ] GC(1120) Metaspace: 61702K(62656K)->61702K(62656K) NonClass: 54119K(54656K)->54119K(54656K) Class: 7583K(8000K)->7583K(8000K)
[124.563s][info][gc             ] GC(1120) Pause Young (Allocation Failure) 237M->103M(494M) 15.434ms
[124.563s][info][gc,cpu         ] GC(1120) User=0.02s Sys=0.00s Real=0.02s
[124.610s][info][gc,start       ] GC(1121) Pause Young (Allocation Failure)
[124.637s][info][gc,heap        ] GC(1121) DefNew: 142689K(157248K)->8069K(157248K) Eden: 139776K(139776K)->0K(139776K) From: 2913K(17472K)->8069K(17472K)
[124.637s][info][gc,heap        ] GC(1121) Tenured: 102977K(349568K)->102977K(349568K)
[124.637s][info][gc,metaspace   ] GC(1121) Metaspace: 61705K(62656K)->61705K(62656K) NonClass: 54121K(54656K)->54121K(54656K) Class: 7583K(8000K)->7583K(8000K)
[124.637s][info][gc             ] GC(1121) Pause Young (Allocation Failure) 239M->108M(494M) 27.392ms
[124.637s][info][gc,cpu         ] GC(1121) User=0.02s Sys=0.00s Real=0.02s
[124.693s][info][gc,start       ] GC(1122) Pause Young (Allocation Failure)
[124.727s][info][gc,heap        ] GC(1122) DefNew: 147845K(157248K)->13977K(157248K) Eden: 139776K(139776K)->0K(139776K) From: 8069K(17472K)->13977K(17472K)
[124.727s][info][gc,heap        ] GC(1122) Tenured: 102977K(349568K)->102977K(349568K)
[124.727s][info][gc,metaspace   ] GC(1122) Metaspace: 61705K(62656K)->61705K(62656K) NonClass: 54121K(54656K)->54121K(54656K) Class: 7583K(8000K)->7583K(8000K)
[124.727s][info][gc             ] GC(1122) Pause Young (Allocation Failure) 244M->114M(494M) 33.940ms
[124.727s][info][gc,cpu         ] GC(1122) User=0.03s Sys=0.00s Real=0.03s
[124.783s][info][gc,start       ] GC(1123) Pause Young (Allocation Failure)
[124.825s][info][gc,heap        ] GC(1123) DefNew: 153753K(157248K)->11982K(157248K) Eden: 139776K(139776K)->0K(139776K) From: 13977K(17472K)->11982K(17472K)
[124.825s][info][gc,heap        ] GC(1123) Tenured: 102977K(349568K)->110535K(349568K)
[124.825s][info][gc,metaspace   ] GC(1123) Metaspace: 61705K(62656K)->61705K(62656K) NonClass: 54121K(54656K)->54121K(54656K) Class: 7583K(8000K)->7583K(8000K)
[124.825s][info][gc             ] GC(1123) Pause Young (Allocation Failure) 250M->119M(494M) 41.559ms
[124.825s][info][gc,cpu         ] GC(1123) User=0.03s Sys=0.00s Real=0.03s
[124.881s][info][gc,start       ] GC(1124) Pause Young (Allocation Failure)
[124.923s][info][gc,heap        ] GC(1124) DefNew: 151758K(157248K)->11273K(157248K) Eden: 139776K(139776K)->0K(139776K) From: 11982K(17472K)->11273K(17472K)
[124.923s][info][gc,heap        ] GC(1124) Tenured: 110535K(349568K)->116954K(349568K)
[124.923s][info][gc,metaspace   ] GC(1124) Metaspace: 61705K(62656K)->61705K(62656K) NonClass: 54121K(54656K)->54121K(54656K) Class: 7583K(8000K)->7583K(8000K)
[124.923s][info][gc             ] GC(1124) Pause Young (Allocation Failure) 256M->125M(494M) 41.427ms
[124.923s][info][gc,cpu         ] GC(1124) User=0.05s Sys=0.00s Real=0.05s
[124.976s][info][gc,start       ] GC(1125) Pause Young (Allocation Failure)
[125.019s][info][gc,heap        ] GC(1125) DefNew: 151049K(157248K)->12940K(157248K) Eden: 139776K(139776K)->0K(139776K) From: 11273K(17472K)->12940K(17472K)
[125.019s][info][gc,heap        ] GC(1125) Tenured: 116954K(349568K)->122517K(349568K)
[125.019s][info][gc,metaspace   ] GC(1125) Metaspace: 61705K(62656K)->61705K(62656K) NonClass: 54121K(54656K)->54121K(54656K) Class: 7583K(8000K)->7583K(8000K)
[125.019s][info][gc             ] GC(1125) Pause Young (Allocation Failure) 261M->132M(494M) 42.336ms
[125.019s][info][gc,cpu         ] GC(1125) User=0.05s Sys=0.00s Real=0.05s
[125.075s][info][gc,start       ] GC(1126) Pause Young (Allocation Failure)
[125.116s][info][gc,heap        ] GC(1126) DefNew: 152716K(157248K)->12916K(157248K) Eden: 139776K(139776K)->0K(139776K) From: 12940K(17472K)->12916K(17472K)
[125.116s][info][gc,heap        ] GC(1126) Tenured: 122517K(349568K)->128226K(349568K)
[125.116s][info][gc,metaspace   ] GC(1126) Metaspace: 61705K(62656K)->61705K(62656K) NonClass: 54121K(54656K)->54121K(54656K) Class: 7583K(8000K)->7583K(8000K)
[125.116s][info][gc             ] GC(1126) Pause Young (Allocation Failure) 268M->137M(494M) 41.086ms
[125.116s][info][gc,cpu         ] GC(1126) User=0.05s Sys=0.00s Real=0.05s
[125.173s][info][gc,start       ] GC(1127) Pause Young (Allocation Failure)
[125.214s][info][gc,heap        ] GC(1127) DefNew: 152692K(157248K)->11234K(157248K) Eden: 139776K(139776K)->0K(139776K) From: 12916K(17472K)->11234K(17472K)
[125.214s][info][gc,heap        ] GC(1127) Tenured: 128226K(349568K)->135456K(349568K)
[125.214s][info][gc,metaspace   ] GC(1127) Metaspace: 61707K(62656K)->61707K(62656K) NonClass: 54123K(54656K)->54123K(54656K) Class: 7583K(8000K)->7583K(8000K)
[125.214s][info][gc             ] GC(1127) Pause Young (Allocation Failure) 274M->143M(494M) 41.033ms
[125.214s][info][gc,cpu         ] GC(1127) User=0.03s Sys=0.00s Real=0.03s
[125.273s][info][gc,start       ] GC(1128) Pause Young (Allocation Failure)
[125.284s][info][gc,heap        ] GC(1128) DefNew: 151010K(157248K)->5547K(157248K) Eden: 139776K(139776K)->0K(139776K) From: 11234K(17472K)->5547K(17472K)
[125.284s][info][gc,heap        ] GC(1128) Tenured: 135456K(349568K)->141142K(349568K)
[125.284s][info][gc,metaspace   ] GC(1128) Metaspace: 61707K(62656K)->61707K(62656K) NonClass: 54123K(54656K)->54123K(54656K) Class: 7583K(8000K)->7583K(8000K)
[125.284s][info][gc             ] GC(1128) Pause Young (Allocation Failure) 279M->143M(494M) 11.104ms
[125.284s][info][gc,cpu         ] GC(1128) User=0.02s Sys=0.00s Real=0.02s
[125.334s][info][gc,start       ] GC(1129) Pause Young (Allocation Failure)
[125.348s][info][gc,heap        ] GC(1129) DefNew: 145323K(157248K)->5549K(157248K) Eden: 139776K(139776K)->0K(139776K) From: 5547K(17472K)->5549K(17472K)
[125.348s][info][gc,heap        ] GC(1129) Tenured: 141142K(349568K)->141142K(349568K)
[125.348s][info][gc,metaspace   ] GC(1129) Metaspace: 61707K(62656K)->61707K(62656K) NonClass: 54123K(54656K)->54123K(54656K) Class: 7583K(8000K)->7583K(8000K)
[125.348s][info][gc             ] GC(1129) Pause Young (Allocation Failure) 279M->143M(494M) 14.050ms
[125.348s][info][gc,cpu         ] GC(1129) User=0.02s Sys=0.00s Real=0.02s
[125.403s][info][gc,start       ] GC(1130) Pause Young (Allocation Failure)
[125.418s][info][gc,heap        ] GC(1130) DefNew: 145325K(157248K)->5547K(157248K) Eden: 139776K(139776K)->0K(139776K) From: 5549K(17472K)->5547K(17472K)
[125.418s][info][gc,heap        ] GC(1130) Tenured: 141142K(349568K)->141142K(349568K)
[125.418s][info][gc,metaspace   ] GC(1130) Metaspace: 61707K(62656K)->61707K(62656K) NonClass: 54123K(54656K)->54123K(54656K) Class: 7583K(8000K)->7583K(8000K)
[125.418s][info][gc             ] GC(1130) Pause Young (Allocation Failure) 279M->143M(494M) 14.283ms
[125.418s][info][gc,cpu         ] GC(1130) User=0.00s Sys=0.00s Real=0.00s
[125.470s][info][gc,start       ] GC(1131) Pause Young (Allocation Failure)
[125.485s][info][gc,heap        ] GC(1131) DefNew: 145323K(157248K)->5547K(157248K) Eden: 139776K(139776K)->0K(139776K) From: 5547K(17472K)->5547K(17472K)
[125.485s][info][gc,heap        ] GC(1131) Tenured: 141142K(349568K)->141142K(349568K)
[125.485s][info][gc,metaspace   ] GC(1131) Metaspace: 61707K(62656K)->61707K(62656K) NonClass: 54123K(54656K)->54123K(54656K) Class: 7583K(8000K)->7583K(8000K)
[125.486s][info][gc             ] GC(1131) Pause Young (Allocation Failure) 279M->143M(494M) 15.117ms
[125.486s][info][gc,cpu         ] GC(1131) User=0.02s Sys=0.00s Real=0.02s
[125.534s][info][gc,start       ] GC(1132) Pause Young (Allocation Failure)
[125.548s][info][gc,heap        ] GC(1132) DefNew: 145323K(157248K)->5547K(157248K) Eden: 139776K(139776K)->0K(139776K) From: 5547K(17472K)->5547K(17472K)
[125.548s][info][gc,heap        ] GC(1132) Tenured: 141142K(349568K)->141142K(349568K)
[125.548s][info][gc,metaspace   ] GC(1132) Metaspace: 61707K(62656K)->61707K(62656K) NonClass: 54123K(54656K)->54123K(54656K) Class: 7583K(8000K)->7583K(8000K)
[125.548s][info][gc             ] GC(1132) Pause Young (Allocation Failure) 279M->143M(494M) 14.236ms
[125.548s][info][gc,cpu         ] GC(1132) User=0.02s Sys=0.00s Real=0.01s
[125.604s][info][gc,start       ] GC(1133) Pause Young (Allocation Failure)
[125.619s][info][gc,heap        ] GC(1133) DefNew: 145323K(157248K)->5557K(157248K) Eden: 139776K(139776K)->0K(139776K) From: 5547K(17472K)->5557K(17472K)
[125.619s][info][gc,heap        ] GC(1133) Tenured: 141142K(349568K)->141142K(349568K)
[125.619s][info][gc,metaspace   ] GC(1133) Metaspace: 61708K(62656K)->61708K(62656K) NonClass: 54124K(54656K)->54124K(54656K) Class: 7583K(8000K)->7583K(8000K)
[125.619s][info][gc             ] GC(1133) Pause Young (Allocation Failure) 279M->143M(494M) 14.801ms
[125.619s][info][gc,cpu         ] GC(1133) User=0.02s Sys=0.00s Real=0.02s
[125.707s][info][gc,start       ] GC(1134) Pause Young (Allocation Failure)
[125.721s][info][gc,heap        ] GC(1134) DefNew: 145333K(157248K)->5557K(157248K) Eden: 139776K(139776K)->0K(139776K) From: 5557K(17472K)->5557K(17472K)
[125.722s][info][gc,heap        ] GC(1134) Tenured: 141142K(349568K)->141142K(349568K)
[125.722s][info][gc,metaspace   ] GC(1134) Metaspace: 61708K(62656K)->61708K(62656K) NonClass: 54124K(54656K)->54124K(54656K) Class: 7583K(8000K)->7583K(8000K)
[125.722s][info][gc             ] GC(1134) Pause Young (Allocation Failure) 279M->143M(494M) 14.292ms
[125.722s][info][gc,cpu         ] GC(1134) User=0.02s Sys=0.00s Real=0.02s
[125.810s][info][gc,start       ] GC(1135) Pause Young (Allocation Failure)
[125.825s][info][gc,heap        ] GC(1135) DefNew: 145333K(157248K)->5557K(157248K) Eden: 139776K(139776K)->0K(139776K) From: 5557K(17472K)->5557K(17472K)
[125.825s][info][gc,heap        ] GC(1135) Tenured: 141142K(349568K)->141142K(349568K)
[125.825s][info][gc,metaspace   ] GC(1135) Metaspace: 61708K(62656K)->61708K(62656K) NonClass: 54124K(54656K)->54124K(54656K) Class: 7583K(8000K)->7583K(8000K)
[125.826s][info][gc             ] GC(1135) Pause Young (Allocation Failure) 279M->143M(494M) 15.387ms
[125.826s][info][gc,cpu         ] GC(1135) User=0.02s Sys=0.00s Real=0.02s
[125.925s][info][gc,start       ] GC(1136) Pause Young (Allocation Failure)
[125.938s][info][gc,heap        ] GC(1136) DefNew: 145333K(157248K)->5557K(157248K) Eden: 139776K(139776K)->0K(139776K) From: 5557K(17472K)->5557K(17472K)
[125.938s][info][gc,heap        ] GC(1136) Tenured: 141142K(349568K)->141142K(349568K)
[125.938s][info][gc,metaspace   ] GC(1136) Metaspace: 61708K(62656K)->61708K(62656K) NonClass: 54124K(54656K)->54124K(54656K) Class: 7583K(8000K)->7583K(8000K)
[125.938s][info][gc             ] GC(1136) Pause Young (Allocation Failure) 279M->143M(494M) 12.553ms
[125.938s][info][gc,cpu         ] GC(1136) User=0.02s Sys=0.00s Real=0.02s
[126.020s][info][gc,start       ] GC(1137) Pause Young (Allocation Failure)
[126.035s][info][gc,heap        ] GC(1137) DefNew: 145333K(157248K)->5557K(157248K) Eden: 139776K(139776K)->0K(139776K) From: 5557K(17472K)->5557K(17472K)
[126.035s][info][gc,heap        ] GC(1137) Tenured: 141142K(349568K)->141142K(349568K)
[126.035s][info][gc,metaspace   ] GC(1137) Metaspace: 61708K(62656K)->61708K(62656K) NonClass: 54124K(54656K)->54124K(54656K) Class: 7583K(8000K)->7583K(8000K)
[126.035s][info][gc             ] GC(1137) Pause Young (Allocation Failure) 279M->143M(494M) 14.561ms
[126.035s][info][gc,cpu         ] GC(1137) User=0.02s Sys=0.00s Real=0.01s
[126.122s][info][gc,start       ] GC(1138) Pause Young (Allocation Failure)
[126.137s][info][gc,heap        ] GC(1138) DefNew: 145333K(157248K)->5557K(157248K) Eden: 139776K(139776K)->0K(139776K) From: 5557K(17472K)->5557K(17472K)
[126.137s][info][gc,heap        ] GC(1138) Tenured: 141142K(349568K)->141142K(349568K)
[126.137s][info][gc,metaspace   ] GC(1138) Metaspace: 61708K(62656K)->61708K(62656K) NonClass: 54124K(54656K)->54124K(54656K) Class: 7583K(8000K)->7583K(8000K)
[126.137s][info][gc             ] GC(1138) Pause Young (Allocation Failure) 279M->143M(494M) 15.093ms
[126.137s][info][gc,cpu         ] GC(1138) User=0.02s Sys=0.00s Real=0.02s
[126.223s][info][gc,start       ] GC(1139) Pause Young (Allocation Failure)
[126.239s][info][gc,heap        ] GC(1139) DefNew: 145333K(157248K)->5557K(157248K) Eden: 139776K(139776K)->0K(139776K) From: 5557K(17472K)->5557K(17472K)
[126.239s][info][gc,heap        ] GC(1139) Tenured: 141142K(349568K)->141142K(349568K)
[126.239s][info][gc,metaspace   ] GC(1139) Metaspace: 61708K(62656K)->61708K(62656K) NonClass: 54124K(54656K)->54124K(54656K) Class: 7583K(8000K)->7583K(8000K)
[126.239s][info][gc             ] GC(1139) Pause Young (Allocation Failure) 279M->143M(494M) 15.717ms
[126.239s][info][gc,cpu         ] GC(1139) User=0.02s Sys=0.00s Real=0.02s
[126.325s][info][gc,start       ] GC(1140) Pause Young (Allocation Failure)
[126.341s][info][gc,heap        ] GC(1140) DefNew: 145333K(157248K)->5557K(157248K) Eden: 139776K(139776K)->0K(139776K) From: 5557K(17472K)->5557K(17472K)
[126.341s][info][gc,heap        ] GC(1140) Tenured: 141142K(349568K)->141142K(349568K)
[126.341s][info][gc,metaspace   ] GC(1140) Metaspace: 61708K(62656K)->61708K(62656K) NonClass: 54124K(54656K)->54124K(54656K) Class: 7583K(8000K)->7583K(8000K)
[126.341s][info][gc             ] GC(1140) Pause Young (Allocation Failure) 279M->143M(494M) 15.407ms
[126.341s][info][gc,cpu         ] GC(1140) User=0.02s Sys=0.00s Real=0.02s
[126.365s][info][gc,start       ] GC(1141) Pause Full (System.gc())
[126.366s][info][gc,phases,start] GC(1141) Phase 1: Mark live objects
[126.448s][info][gc,phases      ] GC(1141) Phase 1: Mark live objects 82.130ms
[126.448s][info][gc,phases,start] GC(1141) Phase 2: Compute new object addresses
[126.492s][info][gc,phases      ] GC(1141) Phase 2: Compute new object addresses 43.807ms
[126.492s][info][gc,phases,start] GC(1141) Phase 3: Adjust pointers
[126.536s][info][gc,phases      ] GC(1141) Phase 3: Adjust pointers 43.965ms
[126.536s][info][gc,phases,start] GC(1141) Phase 4: Move objects
[126.536s][info][gc,phases      ] GC(1141) Phase 4: Move objects 0.028ms
[126.536s][info][gc,heap        ] GC(1141) DefNew: 14498K(157248K)->0K(157248K) Eden: 8940K(139776K)->0K(139776K) From: 5557K(17472K)->0K(17472K)
[126.536s][info][gc,heap        ] GC(1141) Tenured: 141142K(349568K)->103419K(349568K)
[126.536s][info][gc,metaspace   ] GC(1141) Metaspace: 61722K(62656K)->61722K(62656K) NonClass: 54139K(54656K)->54139K(54656K) Class: 7583K(8000K)->7583K(8000K)
[126.536s][info][gc             ] GC(1141) Pause Full (System.gc()) 151M->100M(494M) 170.848ms
[126.536s][info][gc,cpu         ] GC(1141) User=0.17s Sys=0.00s Real=0.17s
[126.656s][info][gc,start       ] GC(1142) Pause Young (Allocation Failure)
[126.672s][info][gc,heap        ] GC(1142) DefNew: 139776K(157248K)->2959K(157248K) Eden: 139776K(139776K)->0K(139776K) From: 0K(17472K)->2959K(17472K)
[126.672s][info][gc,heap        ] GC(1142) Tenured: 103419K(349568K)->103419K(349568K)
[126.672s][info][gc,metaspace   ] GC(1142) Metaspace: 61768K(62656K)->61768K(62656K) NonClass: 54184K(54656K)->54184K(54656K) Class: 7583K(8000K)->7583K(8000K)
[126.673s][info][gc             ] GC(1142) Pause Young (Allocation Failure) 237M->103M(494M) 16.330ms
[126.673s][info][gc,cpu         ] GC(1142) User=0.03s Sys=0.00s Real=0.02s
[126.722s][info][gc,start       ] GC(1143) Pause Young (Allocation Failure)
[126.748s][info][gc,heap        ] GC(1143) DefNew: 142735K(157248K)->8132K(157248K) Eden: 139776K(139776K)->0K(139776K) From: 2959K(17472K)->8132K(17472K)
[126.748s][info][gc,heap        ] GC(1143) Tenured: 103419K(349568K)->103419K(349568K)
[126.748s][info][gc,metaspace   ] GC(1143) Metaspace: 61768K(62656K)->61768K(62656K) NonClass: 54184K(54656K)->54184K(54656K) Class: 7583K(8000K)->7583K(8000K)
[126.749s][info][gc             ] GC(1143) Pause Young (Allocation Failure) 240M->108M(494M) 26.916ms
[126.749s][info][gc,cpu         ] GC(1143) User=0.03s Sys=0.00s Real=0.03s
[126.800s][info][gc,start       ] GC(1144) Pause Young (Allocation Failure)
[126.834s][info][gc,heap        ] GC(1144) DefNew: 147908K(157248K)->13914K(157248K) Eden: 139776K(139776K)->0K(139776K) From: 8132K(17472K)->13914K(17472K)
[126.834s][info][gc,heap        ] GC(1144) Tenured: 103419K(349568K)->103419K(349568K)
[126.834s][info][gc,metaspace   ] GC(1144) Metaspace: 61768K(62656K)->61768K(62656K) NonClass: 54184K(54656K)->54184K(54656K) Class: 7583K(8000K)->7583K(8000K)
[126.834s][info][gc             ] GC(1144) Pause Young (Allocation Failure) 245M->114M(494M) 33.927ms
[126.834s][info][gc,cpu         ] GC(1144) User=0.03s Sys=0.00s Real=0.03s
[126.887s][info][gc,start       ] GC(1145) Pause Young (Allocation Failure)
[126.929s][info][gc,heap        ] GC(1145) DefNew: 153690K(157248K)->11843K(157248K) Eden: 139776K(139776K)->0K(139776K) From: 13914K(17472K)->11843K(17472K)
[126.929s][info][gc,heap        ] GC(1145) Tenured: 103419K(349568K)->111039K(349568K)
[126.929s][info][gc,metaspace   ] GC(1145) Metaspace: 61768K(62656K)->61768K(62656K) NonClass: 54184K(54656K)->54184K(54656K) Class: 7583K(8000K)->7583K(8000K)
[126.929s][info][gc             ] GC(1145) Pause Young (Allocation Failure) 251M->120M(494M) 42.398ms
[126.929s][info][gc,cpu         ] GC(1145) User=0.05s Sys=0.00s Real=0.05s
[126.984s][info][gc,start       ] GC(1146) Pause Young (Allocation Failure)
[127.025s][info][gc,heap        ] GC(1146) DefNew: 151619K(157248K)->11261K(157248K) Eden: 139776K(139776K)->0K(139776K) From: 11843K(17472K)->11261K(17472K)
[127.025s][info][gc,heap        ] GC(1146) Tenured: 111039K(349568K)->117328K(349568K)
[127.025s][info][gc,metaspace   ] GC(1146) Metaspace: 61768K(62656K)->61768K(62656K) NonClass: 54184K(54656K)->54184K(54656K) Class: 7583K(8000K)->7583K(8000K)
[127.026s][info][gc             ] GC(1146) Pause Young (Allocation Failure) 256M->125M(494M) 41.287ms
[127.026s][info][gc,cpu         ] GC(1146) User=0.03s Sys=0.00s Real=0.03s
[127.081s][info][gc,start       ] GC(1147) Pause Young (Allocation Failure)
[127.122s][info][gc,heap        ] GC(1147) DefNew: 151037K(157248K)->12954K(157248K) Eden: 139776K(139776K)->0K(139776K) From: 11261K(17472K)->12954K(17472K)
[127.122s][info][gc,heap        ] GC(1147) Tenured: 117328K(349568K)->122882K(349568K)
[127.122s][info][gc,metaspace   ] GC(1147) Metaspace: 61768K(62656K)->61768K(62656K) NonClass: 54184K(54656K)->54184K(54656K) Class: 7583K(8000K)->7583K(8000K)
[127.122s][info][gc             ] GC(1147) Pause Young (Allocation Failure) 262M->132M(494M) 40.614ms
[127.122s][info][gc,cpu         ] GC(1147) User=0.05s Sys=0.00s Real=0.05s
[127.176s][info][gc,start       ] GC(1148) Pause Young (Allocation Failure)
[127.216s][info][gc,heap        ] GC(1148) DefNew: 152730K(157248K)->12943K(157248K) Eden: 139776K(139776K)->0K(139776K) From: 12954K(17472K)->12943K(17472K)
[127.216s][info][gc,heap        ] GC(1148) Tenured: 122882K(349568K)->128588K(349568K)
[127.216s][info][gc,metaspace   ] GC(1148) Metaspace: 61768K(62656K)->61768K(62656K) NonClass: 54184K(54656K)->54184K(54656K) Class: 7583K(8000K)->7583K(8000K)
[127.216s][info][gc             ] GC(1148) Pause Young (Allocation Failure) 269M->138M(494M) 40.378ms
[127.216s][info][gc,cpu         ] GC(1148) User=0.05s Sys=0.00s Real=0.05s
[127.272s][info][gc,start       ] GC(1149) Pause Young (Allocation Failure)
[127.314s][info][gc,heap        ] GC(1149) DefNew: 152719K(157248K)->11288K(157248K) Eden: 139776K(139776K)->0K(139776K) From: 12943K(17472K)->11288K(17472K)
[127.314s][info][gc,heap        ] GC(1149) Tenured: 128588K(349568K)->135836K(349568K)
[127.314s][info][gc,metaspace   ] GC(1149) Metaspace: 61769K(62656K)->61769K(62656K) NonClass: 54186K(54656K)->54186K(54656K) Class: 7583K(8000K)->7583K(8000K)
[127.314s][info][gc             ] GC(1149) Pause Young (Allocation Failure) 274M->143M(494M) 42.646ms
[127.314s][info][gc,cpu         ] GC(1149) User=0.03s Sys=0.00s Real=0.03s
[127.372s][info][gc,start       ] GC(1150) Pause Young (Allocation Failure)
[127.396s][info][gc,heap        ] GC(1150) DefNew: 151064K(157248K)->5592K(157248K) Eden: 139776K(139776K)->0K(139776K) From: 11288K(17472K)->5592K(17472K)
[127.396s][info][gc,heap        ] GC(1150) Tenured: 135836K(349568K)->141530K(349568K)
[127.396s][info][gc,metaspace   ] GC(1150) Metaspace: 61774K(62720K)->61774K(62720K) NonClass: 54190K(54720K)->54190K(54720K) Class: 7583K(8000K)->7583K(8000K)
[127.396s][info][gc             ] GC(1150) Pause Young (Allocation Failure) 280M->143M(494M) 24.617ms
[127.396s][info][gc,cpu         ] GC(1150) User=0.03s Sys=0.00s Real=0.03s
[127.449s][info][gc,start       ] GC(1151) Pause Young (Allocation Failure)
[127.455s][info][gc,heap        ] GC(1151) DefNew: 145368K(157248K)->5592K(157248K) Eden: 139776K(139776K)->0K(139776K) From: 5592K(17472K)->5592K(17472K)
[127.455s][info][gc,heap        ] GC(1151) Tenured: 141530K(349568K)->141530K(349568K)
[127.455s][info][gc,metaspace   ] GC(1151) Metaspace: 61774K(62720K)->61774K(62720K) NonClass: 54190K(54720K)->54190K(54720K) Class: 7583K(8000K)->7583K(8000K)
[127.455s][info][gc             ] GC(1151) Pause Young (Allocation Failure) 280M->143M(494M) 6.566ms
[127.455s][info][gc,cpu         ] GC(1151) User=0.00s Sys=0.00s Real=0.00s
[127.506s][info][gc,start       ] GC(1152) Pause Young (Allocation Failure)
[127.519s][info][gc,heap        ] GC(1152) DefNew: 145368K(157248K)->5592K(157248K) Eden: 139776K(139776K)->0K(139776K) From: 5592K(17472K)->5592K(17472K)
[127.519s][info][gc,heap        ] GC(1152) Tenured: 141530K(349568K)->141530K(349568K)
[127.519s][info][gc,metaspace   ] GC(1152) Metaspace: 61774K(62720K)->61774K(62720K) NonClass: 54190K(54720K)->54190K(54720K) Class: 7583K(8000K)->7583K(8000K)
[127.520s][info][gc             ] GC(1152) Pause Young (Allocation Failure) 280M->143M(494M) 13.825ms
[127.520s][info][gc,cpu         ] GC(1152) User=0.02s Sys=0.00s Real=0.02s
[127.566s][info][gc,start       ] GC(1153) Pause Young (Allocation Failure)
[127.580s][info][gc,heap        ] GC(1153) DefNew: 145368K(157248K)->5592K(157248K) Eden: 139776K(139776K)->0K(139776K) From: 5592K(17472K)->5592K(17472K)
[127.580s][info][gc,heap        ] GC(1153) Tenured: 141530K(349568K)->141530K(349568K)
[127.580s][info][gc,metaspace   ] GC(1153) Metaspace: 61774K(62720K)->61774K(62720K) NonClass: 54190K(54720K)->54190K(54720K) Class: 7583K(8000K)->7583K(8000K)
[127.580s][info][gc             ] GC(1153) Pause Young (Allocation Failure) 280M->143M(494M) 13.507ms
[127.580s][info][gc,cpu         ] GC(1153) User=0.00s Sys=0.00s Real=0.00s
[127.627s][info][gc,start       ] GC(1154) Pause Young (Allocation Failure)
[127.641s][info][gc,heap        ] GC(1154) DefNew: 145368K(157248K)->5592K(157248K) Eden: 139776K(139776K)->0K(139776K) From: 5592K(17472K)->5592K(17472K)
[127.641s][info][gc,heap        ] GC(1154) Tenured: 141530K(349568K)->141530K(349568K)
[127.641s][info][gc,metaspace   ] GC(1154) Metaspace: 61774K(62720K)->61774K(62720K) NonClass: 54190K(54720K)->54190K(54720K) Class: 7583K(8000K)->7583K(8000K)
[127.641s][info][gc             ] GC(1154) Pause Young (Allocation Failure) 280M->143M(494M) 14.135ms
[127.641s][info][gc,cpu         ] GC(1154) User=0.02s Sys=0.00s Real=0.02s
[127.690s][info][gc,start       ] GC(1155) Pause Young (Allocation Failure)
[127.704s][info][gc,heap        ] GC(1155) DefNew: 145368K(157248K)->5592K(157248K) Eden: 139776K(139776K)->0K(139776K) From: 5592K(17472K)->5592K(17472K)
[127.704s][info][gc,heap        ] GC(1155) Tenured: 141530K(349568K)->141530K(349568K)
[127.705s][info][gc,metaspace   ] GC(1155) Metaspace: 61774K(62720K)->61774K(62720K) NonClass: 54190K(54720K)->54190K(54720K) Class: 7583K(8000K)->7583K(8000K)
[127.705s][info][gc             ] GC(1155) Pause Young (Allocation Failure) 280M->143M(494M) 14.900ms
[127.705s][info][gc,cpu         ] GC(1155) User=0.02s Sys=0.00s Real=0.02s
[127.778s][info][gc,start       ] GC(1156) Pause Young (Allocation Failure)
[127.793s][info][gc,heap        ] GC(1156) DefNew: 145368K(157248K)->5604K(157248K) Eden: 139776K(139776K)->0K(139776K) From: 5592K(17472K)->5604K(17472K)
[127.793s][info][gc,heap        ] GC(1156) Tenured: 141530K(349568K)->141530K(349568K)
[127.793s][info][gc,metaspace   ] GC(1156) Metaspace: 61774K(62720K)->61774K(62720K) NonClass: 54190K(54720K)->54190K(54720K) Class: 7583K(8000K)->7583K(8000K)
[127.793s][info][gc             ] GC(1156) Pause Young (Allocation Failure) 280M->143M(494M) 14.577ms
[127.793s][info][gc,cpu         ] GC(1156) User=0.02s Sys=0.00s Real=0.01s
[127.882s][info][gc,start       ] GC(1157) Pause Young (Allocation Failure)
[127.897s][info][gc,heap        ] GC(1157) DefNew: 145380K(157248K)->5605K(157248K) Eden: 139776K(139776K)->0K(139776K) From: 5604K(17472K)->5605K(17472K)
[127.897s][info][gc,heap        ] GC(1157) Tenured: 141530K(349568K)->141530K(349568K)
[127.898s][info][gc,metaspace   ] GC(1157) Metaspace: 61774K(62720K)->61774K(62720K) NonClass: 54190K(54720K)->54190K(54720K) Class: 7583K(8000K)->7583K(8000K)
[127.898s][info][gc             ] GC(1157) Pause Young (Allocation Failure) 280M->143M(494M) 15.771ms
[127.898s][info][gc,cpu         ] GC(1157) User=0.02s Sys=0.00s Real=0.02s
[127.984s][info][gc,start       ] GC(1158) Pause Young (Allocation Failure)
[128.000s][info][gc,heap        ] GC(1158) DefNew: 145381K(157248K)->5604K(157248K) Eden: 139776K(139776K)->0K(139776K) From: 5605K(17472K)->5604K(17472K)
[128.000s][info][gc,heap        ] GC(1158) Tenured: 141530K(349568K)->141530K(349568K)
[128.000s][info][gc,metaspace   ] GC(1158) Metaspace: 61774K(62720K)->61774K(62720K) NonClass: 54190K(54720K)->54190K(54720K) Class: 7583K(8000K)->7583K(8000K)
[128.000s][info][gc             ] GC(1158) Pause Young (Allocation Failure) 280M->143M(494M) 15.529ms
[128.000s][info][gc,cpu         ] GC(1158) User=0.02s Sys=0.00s Real=0.02s
[128.084s][info][gc,start       ] GC(1159) Pause Young (Allocation Failure)
[128.100s][info][gc,heap        ] GC(1159) DefNew: 145380K(157248K)->5604K(157248K) Eden: 139776K(139776K)->0K(139776K) From: 5604K(17472K)->5604K(17472K)
[128.100s][info][gc,heap        ] GC(1159) Tenured: 141530K(349568K)->141530K(349568K)
[128.100s][info][gc,metaspace   ] GC(1159) Metaspace: 61774K(62720K)->61774K(62720K) NonClass: 54190K(54720K)->54190K(54720K) Class: 7583K(8000K)->7583K(8000K)
[128.100s][info][gc             ] GC(1159) Pause Young (Allocation Failure) 280M->143M(494M) 15.654ms
[128.100s][info][gc,cpu         ] GC(1159) User=0.02s Sys=0.00s Real=0.02s
[128.201s][info][gc,start       ] GC(1160) Pause Young (Allocation Failure)
[128.215s][info][gc,heap        ] GC(1160) DefNew: 145380K(157248K)->5604K(157248K) Eden: 139776K(139776K)->0K(139776K) From: 5604K(17472K)->5604K(17472K)
[128.215s][info][gc,heap        ] GC(1160) Tenured: 141530K(349568K)->141530K(349568K)
[128.215s][info][gc,metaspace   ] GC(1160) Metaspace: 61774K(62720K)->61774K(62720K) NonClass: 54190K(54720K)->54190K(54720K) Class: 7583K(8000K)->7583K(8000K)
[128.215s][info][gc             ] GC(1160) Pause Young (Allocation Failure) 280M->143M(494M) 14.141ms
[128.215s][info][gc,cpu         ] GC(1160) User=0.02s Sys=0.00s Real=0.02s
[128.312s][info][gc,start       ] GC(1161) Pause Young (Allocation Failure)
[128.326s][info][gc,heap        ] GC(1161) DefNew: 145380K(157248K)->5604K(157248K) Eden: 139776K(139776K)->0K(139776K) From: 5604K(17472K)->5604K(17472K)
[128.326s][info][gc,heap        ] GC(1161) Tenured: 141530K(349568K)->141530K(349568K)
[128.326s][info][gc,metaspace   ] GC(1161) Metaspace: 61774K(62720K)->61774K(62720K) NonClass: 54190K(54720K)->54190K(54720K) Class: 7583K(8000K)->7583K(8000K)
[128.326s][info][gc             ] GC(1161) Pause Young (Allocation Failure) 280M->143M(494M) 14.386ms
[128.326s][info][gc,cpu         ] GC(1161) User=0.02s Sys=0.00s Real=0.02s
[128.413s][info][gc,start       ] GC(1162) Pause Young (Allocation Failure)
[128.429s][info][gc,heap        ] GC(1162) DefNew: 145380K(157248K)->5604K(157248K) Eden: 139776K(139776K)->0K(139776K) From: 5604K(17472K)->5604K(17472K)
[128.429s][info][gc,heap        ] GC(1162) Tenured: 141530K(349568K)->141530K(349568K)
[128.429s][info][gc,metaspace   ] GC(1162) Metaspace: 61774K(62720K)->61774K(62720K) NonClass: 54190K(54720K)->54190K(54720K) Class: 7583K(8000K)->7583K(8000K)
[128.429s][info][gc             ] GC(1162) Pause Young (Allocation Failure) 280M->143M(494M) 15.662ms
[128.429s][info][gc,cpu         ] GC(1162) User=0.02s Sys=0.00s Real=0.02s
[128.509s][info][gc,start       ] GC(1163) Pause Full (System.gc())
[128.509s][info][gc,phases,start] GC(1163) Phase 1: Mark live objects
[128.590s][info][gc,phases      ] GC(1163) Phase 1: Mark live objects 80.724ms
[128.590s][info][gc,phases,start] GC(1163) Phase 2: Compute new object addresses
[128.634s][info][gc,phases      ] GC(1163) Phase 2: Compute new object addresses 44.138ms
[128.634s][info][gc,phases,start] GC(1163) Phase 3: Adjust pointers
[128.678s][info][gc,phases      ] GC(1163) Phase 3: Adjust pointers 44.167ms
[128.678s][info][gc,phases,start] GC(1163) Phase 4: Move objects
[128.678s][info][gc,phases      ] GC(1163) Phase 4: Move objects 0.029ms
[128.679s][info][gc,heap        ] GC(1163) DefNew: 17709K(157248K)->0K(157248K) Eden: 12104K(139776K)->0K(139776K) From: 5604K(17472K)->0K(17472K)
[128.679s][info][gc,heap        ] GC(1163) Tenured: 141530K(349568K)->103852K(349568K)
[128.679s][info][gc,metaspace   ] GC(1163) Metaspace: 61791K(62720K)->61791K(62720K) NonClass: 54207K(54720K)->54207K(54720K) Class: 7583K(8000K)->7583K(8000K)
[128.679s][info][gc             ] GC(1163) Pause Full (System.gc()) 155M->101M(494M) 169.999ms
[128.679s][info][gc,cpu         ] GC(1163) User=0.17s Sys=0.00s Real=0.17s
[128.797s][info][gc,start       ] GC(1164) Pause Young (Allocation Failure)
[128.812s][info][gc,heap        ] GC(1164) DefNew: 139776K(157248K)->2881K(157248K) Eden: 139776K(139776K)->0K(139776K) From: 0K(17472K)->2881K(17472K)
[128.812s][info][gc,heap        ] GC(1164) Tenured: 103852K(349568K)->103852K(349568K)
[128.812s][info][gc,metaspace   ] GC(1164) Metaspace: 61792K(62720K)->61792K(62720K) NonClass: 54208K(54720K)->54208K(54720K) Class: 7583K(8000K)->7583K(8000K)
[128.812s][info][gc             ] GC(1164) Pause Young (Allocation Failure) 237M->104M(494M) 15.791ms
[128.812s][info][gc,cpu         ] GC(1164) User=0.02s Sys=0.00s Real=0.02s
[128.861s][info][gc,start       ] GC(1165) Pause Young (Allocation Failure)
[128.888s][info][gc,heap        ] GC(1165) DefNew: 142657K(157248K)->8068K(157248K) Eden: 139776K(139776K)->0K(139776K) From: 2881K(17472K)->8068K(17472K)
[128.888s][info][gc,heap        ] GC(1165) Tenured: 103852K(349568K)->103852K(349568K)
[128.888s][info][gc,metaspace   ] GC(1165) Metaspace: 61792K(62720K)->61792K(62720K) NonClass: 54208K(54720K)->54208K(54720K) Class: 7583K(8000K)->7583K(8000K)
[128.888s][info][gc             ] GC(1165) Pause Young (Allocation Failure) 240M->109M(494M) 26.981ms
[128.888s][info][gc,cpu         ] GC(1165) User=0.03s Sys=0.00s Real=0.03s
[128.941s][info][gc,start       ] GC(1166) Pause Young (Allocation Failure)
[128.975s][info][gc,heap        ] GC(1166) DefNew: 147844K(157248K)->13848K(157248K) Eden: 139776K(139776K)->0K(139776K) From: 8068K(17472K)->13848K(17472K)
[128.975s][info][gc,heap        ] GC(1166) Tenured: 103852K(349568K)->103852K(349568K)
[128.975s][info][gc,metaspace   ] GC(1166) Metaspace: 61792K(62720K)->61792K(62720K) NonClass: 54208K(54720K)->54208K(54720K) Class: 7583K(8000K)->7583K(8000K)
[128.975s][info][gc             ] GC(1166) Pause Young (Allocation Failure) 245M->114M(494M) 33.890ms
[128.975s][info][gc,cpu         ] GC(1166) User=0.03s Sys=0.00s Real=0.03s
[129.028s][info][gc,start       ] GC(1167) Pause Young (Allocation Failure)
[129.069s][info][gc,heap        ] GC(1167) DefNew: 153624K(157248K)->11766K(157248K) Eden: 139776K(139776K)->0K(139776K) From: 13848K(17472K)->11766K(17472K)
[129.069s][info][gc,heap        ] GC(1167) Tenured: 103852K(349568K)->111408K(349568K)
[129.069s][info][gc,metaspace   ] GC(1167) Metaspace: 61792K(62720K)->61792K(62720K) NonClass: 54208K(54720K)->54208K(54720K) Class: 7583K(8000K)->7583K(8000K)
[129.069s][info][gc             ] GC(1167) Pause Young (Allocation Failure) 251M->120M(494M) 41.312ms
[129.069s][info][gc,cpu         ] GC(1167) User=0.05s Sys=0.00s Real=0.05s
[129.126s][info][gc,start       ] GC(1168) Pause Young (Allocation Failure)
[129.169s][info][gc,heap        ] GC(1168) DefNew: 151542K(157248K)->11127K(157248K) Eden: 139776K(139776K)->0K(139776K) From: 11766K(17472K)->11127K(17472K)
[129.169s][info][gc,heap        ] GC(1168) Tenured: 111408K(349568K)->117700K(349568K)
[129.169s][info][gc,metaspace   ] GC(1168) Metaspace: 61792K(62720K)->61792K(62720K) NonClass: 54208K(54720K)->54208K(54720K) Class: 7583K(8000K)->7583K(8000K)
[129.169s][info][gc             ] GC(1168) Pause Young (Allocation Failure) 256M->125M(494M) 42.927ms
[129.169s][info][gc,cpu         ] GC(1168) User=0.05s Sys=0.00s Real=0.05s
[129.228s][info][gc,start       ] GC(1169) Pause Young (Allocation Failure)
[129.268s][info][gc,heap        ] GC(1169) DefNew: 150903K(157248K)->12850K(157248K) Eden: 139776K(139776K)->0K(139776K) From: 11127K(17472K)->12850K(17472K)
[129.269s][info][gc,heap        ] GC(1169) Tenured: 117700K(349568K)->123174K(349568K)
[129.269s][info][gc,metaspace   ] GC(1169) Metaspace: 61792K(62720K)->61792K(62720K) NonClass: 54208K(54720K)->54208K(54720K) Class: 7583K(8000K)->7583K(8000K)
[129.269s][info][gc             ] GC(1169) Pause Young (Allocation Failure) 262M->132M(494M) 40.884ms
[129.269s][info][gc,cpu         ] GC(1169) User=0.05s Sys=0.00s Real=0.05s
[129.327s][info][gc,start       ] GC(1170) Pause Young (Allocation Failure)
[129.368s][info][gc,heap        ] GC(1170) DefNew: 152626K(157248K)->12748K(157248K) Eden: 139776K(139776K)->0K(139776K) From: 12850K(17472K)->12748K(17472K)
[129.368s][info][gc,heap        ] GC(1170) Tenured: 123174K(349568K)->128827K(349568K)
[129.368s][info][gc,metaspace   ] GC(1170) Metaspace: 61792K(62720K)->61792K(62720K) NonClass: 54208K(54720K)->54208K(54720K) Class: 7583K(8000K)->7583K(8000K)
[129.368s][info][gc             ] GC(1170) Pause Young (Allocation Failure) 269M->138M(494M) 41.051ms
[129.368s][info][gc,cpu         ] GC(1170) User=0.03s Sys=0.00s Real=0.03s
[129.435s][info][gc,start       ] GC(1171) Pause Young (Allocation Failure)
[129.476s][info][gc,heap        ] GC(1171) DefNew: 152524K(157248K)->11535K(157248K) Eden: 139776K(139776K)->0K(139776K) From: 12748K(17472K)->11535K(17472K)
[129.476s][info][gc,heap        ] GC(1171) Tenured: 128827K(349568K)->136019K(349568K)
[129.476s][info][gc,metaspace   ] GC(1171) Metaspace: 61794K(62720K)->61794K(62720K) NonClass: 54210K(54720K)->54210K(54720K) Class: 7583K(8000K)->7583K(8000K)
[129.476s][info][gc             ] GC(1171) Pause Young (Allocation Failure) 274M->144M(494M) 40.592ms
[129.476s][info][gc,cpu         ] GC(1171) User=0.03s Sys=0.00s Real=0.03s
[129.531s][info][gc,start       ] GC(1172) Pause Young (Allocation Failure)
[129.556s][info][gc,heap        ] GC(1172) DefNew: 151311K(157248K)->5980K(157248K) Eden: 139776K(139776K)->0K(139776K) From: 11535K(17472K)->5980K(17472K)
[129.556s][info][gc,heap        ] GC(1172) Tenured: 136019K(349568K)->141575K(349568K)
[129.556s][info][gc,metaspace   ] GC(1172) Metaspace: 61794K(62720K)->61794K(62720K) NonClass: 54210K(54720K)->54210K(54720K) Class: 7583K(8000K)->7583K(8000K)
[129.556s][info][gc             ] GC(1172) Pause Young (Allocation Failure) 280M->144M(494M) 24.885ms
[129.556s][info][gc,cpu         ] GC(1172) User=0.02s Sys=0.00s Real=0.02s
[129.607s][info][gc,start       ] GC(1173) Pause Young (Allocation Failure)
[129.621s][info][gc,heap        ] GC(1173) DefNew: 145756K(157248K)->5980K(157248K) Eden: 139776K(139776K)->0K(139776K) From: 5980K(17472K)->5980K(17472K)
[129.621s][info][gc,heap        ] GC(1173) Tenured: 141575K(349568K)->141575K(349568K)
[129.621s][info][gc,metaspace   ] GC(1173) Metaspace: 61794K(62720K)->61794K(62720K) NonClass: 54210K(54720K)->54210K(54720K) Class: 7583K(8000K)->7583K(8000K)
[129.621s][info][gc             ] GC(1173) Pause Young (Allocation Failure) 280M->144M(494M) 14.379ms
[129.621s][info][gc,cpu         ] GC(1173) User=0.02s Sys=0.00s Real=0.01s
[129.670s][info][gc,start       ] GC(1174) Pause Young (Allocation Failure)
[129.687s][info][gc,heap        ] GC(1174) DefNew: 145756K(157248K)->5980K(157248K) Eden: 139776K(139776K)->0K(139776K) From: 5980K(17472K)->5980K(17472K)
[129.687s][info][gc,heap        ] GC(1174) Tenured: 141575K(349568K)->141575K(349568K)
[129.687s][info][gc,metaspace   ] GC(1174) Metaspace: 61794K(62720K)->61794K(62720K) NonClass: 54210K(54720K)->54210K(54720K) Class: 7583K(8000K)->7583K(8000K)
[129.687s][info][gc             ] GC(1174) Pause Young (Allocation Failure) 280M->144M(494M) 16.403ms
[129.687s][info][gc,cpu         ] GC(1174) User=0.00s Sys=0.00s Real=0.00s
[129.735s][info][gc,start       ] GC(1175) Pause Young (Allocation Failure)
[129.750s][info][gc,heap        ] GC(1175) DefNew: 145756K(157248K)->5980K(157248K) Eden: 139776K(139776K)->0K(139776K) From: 5980K(17472K)->5980K(17472K)
[129.750s][info][gc,heap        ] GC(1175) Tenured: 141575K(349568K)->141575K(349568K)
[129.750s][info][gc,metaspace   ] GC(1175) Metaspace: 61794K(62720K)->61794K(62720K) NonClass: 54210K(54720K)->54210K(54720K) Class: 7583K(8000K)->7583K(8000K)
[129.750s][info][gc             ] GC(1175) Pause Young (Allocation Failure) 280M->144M(494M) 14.877ms
[129.750s][info][gc,cpu         ] GC(1175) User=0.02s Sys=0.00s Real=0.02s
[129.798s][info][gc,start       ] GC(1176) Pause Young (Allocation Failure)
[129.812s][info][gc,heap        ] GC(1176) DefNew: 145756K(157248K)->5980K(157248K) Eden: 139776K(139776K)->0K(139776K) From: 5980K(17472K)->5980K(17472K)
[129.812s][info][gc,heap        ] GC(1176) Tenured: 141575K(349568K)->141575K(349568K)
[129.812s][info][gc,metaspace   ] GC(1176) Metaspace: 61794K(62720K)->61794K(62720K) NonClass: 54210K(54720K)->54210K(54720K) Class: 7583K(8000K)->7583K(8000K)
[129.812s][info][gc             ] GC(1176) Pause Young (Allocation Failure) 280M->144M(494M) 14.521ms
[129.812s][info][gc,cpu         ] GC(1176) User=0.02s Sys=0.00s Real=0.02s
[129.862s][info][gc,start       ] GC(1177) Pause Young (Allocation Failure)
[129.878s][info][gc,heap        ] GC(1177) DefNew: 145756K(157248K)->5980K(157248K) Eden: 139776K(139776K)->0K(139776K) From: 5980K(17472K)->5980K(17472K)
[129.878s][info][gc,heap        ] GC(1177) Tenured: 141575K(349568K)->141575K(349568K)
[129.878s][info][gc,metaspace   ] GC(1177) Metaspace: 61794K(62720K)->61794K(62720K) NonClass: 54210K(54720K)->54210K(54720K) Class: 7583K(8000K)->7583K(8000K)
[129.878s][info][gc             ] GC(1177) Pause Young (Allocation Failure) 280M->144M(494M) 16.162ms
[129.878s][info][gc,cpu         ] GC(1177) User=0.02s Sys=0.00s Real=0.02s
[129.956s][info][gc,start       ] GC(1178) Pause Young (Allocation Failure)
[129.971s][info][gc,heap        ] GC(1178) DefNew: 145756K(157248K)->5992K(157248K) Eden: 139776K(139776K)->0K(139776K) From: 5980K(17472K)->5992K(17472K)
[129.971s][info][gc,heap        ] GC(1178) Tenured: 141575K(349568K)->141575K(349568K)
[129.971s][info][gc,metaspace   ] GC(1178) Metaspace: 61794K(62720K)->61794K(62720K) NonClass: 54210K(54720K)->54210K(54720K) Class: 7583K(8000K)->7583K(8000K)
[129.971s][info][gc             ] GC(1178) Pause Young (Allocation Failure) 280M->144M(494M) 15.376ms
[129.972s][info][gc,cpu         ] GC(1178) User=0.02s Sys=0.00s Real=0.02s
[130.073s][info][gc,start       ] GC(1179) Pause Young (Allocation Failure)
[130.089s][info][gc,heap        ] GC(1179) DefNew: 145768K(157248K)->5992K(157248K) Eden: 139776K(139776K)->0K(139776K) From: 5992K(17472K)->5992K(17472K)
[130.089s][info][gc,heap        ] GC(1179) Tenured: 141575K(349568K)->141575K(349568K)
[130.089s][info][gc,metaspace   ] GC(1179) Metaspace: 61794K(62720K)->61794K(62720K) NonClass: 54210K(54720K)->54210K(54720K) Class: 7583K(8000K)->7583K(8000K)
[130.090s][info][gc             ] GC(1179) Pause Young (Allocation Failure) 280M->144M(494M) 16.624ms
[130.090s][info][gc,cpu         ] GC(1179) User=0.02s Sys=0.00s Real=0.02s
[130.176s][info][gc,start       ] GC(1180) Pause Young (Allocation Failure)
[130.192s][info][gc,heap        ] GC(1180) DefNew: 145768K(157248K)->5992K(157248K) Eden: 139776K(139776K)->0K(139776K) From: 5992K(17472K)->5992K(17472K)
[130.192s][info][gc,heap        ] GC(1180) Tenured: 141575K(349568K)->141575K(349568K)
[130.192s][info][gc,metaspace   ] GC(1180) Metaspace: 61794K(62720K)->61794K(62720K) NonClass: 54210K(54720K)->54210K(54720K) Class: 7583K(8000K)->7583K(8000K)
[130.192s][info][gc             ] GC(1180) Pause Young (Allocation Failure) 280M->144M(494M) 15.945ms
[130.192s][info][gc,cpu         ] GC(1180) User=0.02s Sys=0.00s Real=0.02s
[130.275s][info][gc,start       ] GC(1181) Pause Young (Allocation Failure)
[130.292s][info][gc,heap        ] GC(1181) DefNew: 145768K(157248K)->5992K(157248K) Eden: 139776K(139776K)->0K(139776K) From: 5992K(17472K)->5992K(17472K)
[130.292s][info][gc,heap        ] GC(1181) Tenured: 141575K(349568K)->141575K(349568K)
[130.292s][info][gc,metaspace   ] GC(1181) Metaspace: 61794K(62720K)->61794K(62720K) NonClass: 54210K(54720K)->54210K(54720K) Class: 7583K(8000K)->7583K(8000K)
[130.292s][info][gc             ] GC(1181) Pause Young (Allocation Failure) 280M->144M(494M) 16.235ms
[130.292s][info][gc,cpu         ] GC(1181) User=0.02s Sys=0.00s Real=0.02s
[130.376s][info][gc,start       ] GC(1182) Pause Young (Allocation Failure)
[130.392s][info][gc,heap        ] GC(1182) DefNew: 145768K(157248K)->5992K(157248K) Eden: 139776K(139776K)->0K(139776K) From: 5992K(17472K)->5992K(17472K)
[130.392s][info][gc,heap        ] GC(1182) Tenured: 141575K(349568K)->141575K(349568K)
[130.392s][info][gc,metaspace   ] GC(1182) Metaspace: 61794K(62720K)->61794K(62720K) NonClass: 54210K(54720K)->54210K(54720K) Class: 7583K(8000K)->7583K(8000K)
[130.392s][info][gc             ] GC(1182) Pause Young (Allocation Failure) 280M->144M(494M) 16.208ms
[130.392s][info][gc,cpu         ] GC(1182) User=0.02s Sys=0.00s Real=0.02s
[130.477s][info][gc,start       ] GC(1183) Pause Young (Allocation Failure)
[130.492s][info][gc,heap        ] GC(1183) DefNew: 145768K(157248K)->5992K(157248K) Eden: 139776K(139776K)->0K(139776K) From: 5992K(17472K)->5992K(17472K)
[130.493s][info][gc,heap        ] GC(1183) Tenured: 141575K(349568K)->141575K(349568K)
[130.493s][info][gc,metaspace   ] GC(1183) Metaspace: 61794K(62720K)->61794K(62720K) NonClass: 54210K(54720K)->54210K(54720K) Class: 7583K(8000K)->7583K(8000K)
[130.493s][info][gc             ] GC(1183) Pause Young (Allocation Failure) 280M->144M(494M) 15.896ms
[130.493s][info][gc,cpu         ] GC(1183) User=0.02s Sys=0.00s Real=0.02s
[130.608s][info][gc,start       ] GC(1184) Pause Young (Allocation Failure)
[130.624s][info][gc,heap        ] GC(1184) DefNew: 145768K(157248K)->5992K(157248K) Eden: 139776K(139776K)->0K(139776K) From: 5992K(17472K)->5992K(17472K)
[130.624s][info][gc,heap        ] GC(1184) Tenured: 141575K(349568K)->141575K(349568K)
[130.624s][info][gc,metaspace   ] GC(1184) Metaspace: 61794K(62720K)->61794K(62720K) NonClass: 54210K(54720K)->54210K(54720K) Class: 7583K(8000K)->7583K(8000K)
[130.624s][info][gc             ] GC(1184) Pause Young (Allocation Failure) 280M->144M(494M) 15.988ms
[130.624s][info][gc,cpu         ] GC(1184) User=0.02s Sys=0.00s Real=0.02s
[130.649s][info][gc,start       ] GC(1185) Pause Full (System.gc())
[130.649s][info][gc,phases,start] GC(1185) Phase 1: Mark live objects
[130.729s][info][gc,phases      ] GC(1185) Phase 1: Mark live objects 79.786ms
[130.729s][info][gc,phases,start] GC(1185) Phase 2: Compute new object addresses
[130.773s][info][gc,phases      ] GC(1185) Phase 2: Compute new object addresses 44.056ms
[130.773s][info][gc,phases,start] GC(1185) Phase 3: Adjust pointers
[130.820s][info][gc,phases      ] GC(1185) Phase 3: Adjust pointers 46.663ms
[130.820s][info][gc,phases,start] GC(1185) Phase 4: Move objects
[130.844s][info][gc,phases      ] GC(1185) Phase 4: Move objects 24.073ms
[130.844s][info][gc,heap        ] GC(1185) DefNew: 17358K(157248K)->0K(157248K) Eden: 11366K(139776K)->0K(139776K) From: 5992K(17472K)->0K(17472K)
[130.844s][info][gc,heap        ] GC(1185) Tenured: 141575K(349568K)->102610K(349568K)
[130.844s][info][gc,metaspace   ] GC(1185) Metaspace: 61800K(62720K)->61800K(62720K) NonClass: 54216K(54720K)->54216K(54720K) Class: 7583K(8000K)->7583K(8000K)
[130.844s][info][gc             ] GC(1185) Pause Full (System.gc()) 155M->100M(494M) 195.539ms
[130.844s][info][gc,cpu         ] GC(1185) User=0.20s Sys=0.00s Real=0.20s
[130.960s][info][gc,start       ] GC(1186) Pause Young (Allocation Failure)
[130.975s][info][gc,heap        ] GC(1186) DefNew: 139776K(157248K)->2888K(157248K) Eden: 139776K(139776K)->0K(139776K) From: 0K(17472K)->2888K(17472K)
[130.975s][info][gc,heap        ] GC(1186) Tenured: 102610K(349568K)->102610K(349568K)
[130.975s][info][gc,metaspace   ] GC(1186) Metaspace: 61800K(62720K)->61800K(62720K) NonClass: 54216K(54720K)->54216K(54720K) Class: 7583K(8000K)->7583K(8000K)
[130.975s][info][gc             ] GC(1186) Pause Young (Allocation Failure) 236M->103M(494M) 15.172ms
[130.975s][info][gc,cpu         ] GC(1186) User=0.02s Sys=0.00s Real=0.02s
[131.027s][info][gc,start       ] GC(1187) Pause Young (Allocation Failure)
[131.057s][info][gc,heap        ] GC(1187) DefNew: 142664K(157248K)->8981K(157248K) Eden: 139776K(139776K)->0K(139776K) From: 2888K(17472K)->8981K(17472K)
[131.057s][info][gc,heap        ] GC(1187) Tenured: 102610K(349568K)->102610K(349568K)
[131.057s][info][gc,metaspace   ] GC(1187) Metaspace: 61800K(62720K)->61800K(62720K) NonClass: 54216K(54720K)->54216K(54720K) Class: 7583K(8000K)->7583K(8000K)
[131.057s][info][gc             ] GC(1187) Pause Young (Allocation Failure) 239M->108M(494M) 30.091ms
[131.057s][info][gc,cpu         ] GC(1187) User=0.03s Sys=0.00s Real=0.03s
[131.114s][info][gc,start       ] GC(1188) Pause Young (Allocation Failure)
[131.148s][info][gc,heap        ] GC(1188) DefNew: 148757K(157248K)->11987K(157248K) Eden: 139776K(139776K)->0K(139776K) From: 8981K(17472K)->11987K(17472K)
[131.148s][info][gc,heap        ] GC(1188) Tenured: 102610K(349568K)->105360K(349568K)
[131.148s][info][gc,metaspace   ] GC(1188) Metaspace: 61800K(62720K)->61800K(62720K) NonClass: 54216K(54720K)->54216K(54720K) Class: 7583K(8000K)->7583K(8000K)
[131.148s][info][gc             ] GC(1188) Pause Young (Allocation Failure) 245M->114M(494M) 34.491ms
[131.148s][info][gc,cpu         ] GC(1188) User=0.03s Sys=0.00s Real=0.03s
[131.204s][info][gc,start       ] GC(1189) Pause Young (Allocation Failure)
[131.242s][info][gc,heap        ] GC(1189) DefNew: 150277K(157248K)->11836K(157248K) Eden: 138290K(139776K)->0K(139776K) From: 11987K(17472K)->11836K(17472K)
[131.242s][info][gc,heap        ] GC(1189) Tenured: 105360K(349568K)->111075K(349568K)
[131.242s][info][gc,metaspace   ] GC(1189) Metaspace: 61800K(62720K)->61800K(62720K) NonClass: 54216K(54720K)->54216K(54720K) Class: 7583K(8000K)->7583K(8000K)
[131.242s][info][gc             ] GC(1189) Pause Young (Allocation Failure) 249M->120M(494M) 38.177ms
[131.242s][info][gc,cpu         ] GC(1189) User=0.05s Sys=0.00s Real=0.05s
[131.296s][info][gc,start       ] GC(1190) Pause Young (Allocation Failure)
[131.338s][info][gc,heap        ] GC(1190) DefNew: 151612K(157248K)->11263K(157248K) Eden: 139776K(139776K)->0K(139776K) From: 11836K(17472K)->11263K(17472K)
[131.338s][info][gc,heap        ] GC(1190) Tenured: 111075K(349568K)->117347K(349568K)
[131.338s][info][gc,metaspace   ] GC(1190) Metaspace: 61800K(62720K)->61800K(62720K) NonClass: 54216K(54720K)->54216K(54720K) Class: 7583K(8000K)->7583K(8000K)
[131.338s][info][gc             ] GC(1190) Pause Young (Allocation Failure) 256M->125M(494M) 41.723ms
[131.338s][info][gc,cpu         ] GC(1190) User=0.05s Sys=0.00s Real=0.05s
[131.398s][info][gc,start       ] GC(1191) Pause Young (Allocation Failure)
[131.439s][info][gc,heap        ] GC(1191) DefNew: 151039K(157248K)->13167K(157248K) Eden: 139776K(139776K)->0K(139776K) From: 11263K(17472K)->13167K(17472K)
[131.439s][info][gc,heap        ] GC(1191) Tenured: 117347K(349568K)->122911K(349568K)
[131.439s][info][gc,metaspace   ] GC(1191) Metaspace: 61800K(62720K)->61800K(62720K) NonClass: 54216K(54720K)->54216K(54720K) Class: 7583K(8000K)->7583K(8000K)
[131.439s][info][gc             ] GC(1191) Pause Young (Allocation Failure) 262M->132M(494M) 41.268ms
[131.439s][info][gc,cpu         ] GC(1191) User=0.03s Sys=0.00s Real=0.03s
[131.496s][info][gc,start       ] GC(1192) Pause Young (Allocation Failure)
[131.536s][info][gc,heap        ] GC(1192) DefNew: 152943K(157248K)->13187K(157248K) Eden: 139776K(139776K)->0K(139776K) From: 13167K(17472K)->13187K(17472K)
[131.536s][info][gc,heap        ] GC(1192) Tenured: 122911K(349568K)->128610K(349568K)
[131.536s][info][gc,metaspace   ] GC(1192) Metaspace: 61800K(62720K)->61800K(62720K) NonClass: 54216K(54720K)->54216K(54720K) Class: 7583K(8000K)->7583K(8000K)
[131.536s][info][gc             ] GC(1192) Pause Young (Allocation Failure) 269M->138M(494M) 39.708ms
[131.536s][info][gc,cpu         ] GC(1192) User=0.03s Sys=0.00s Real=0.03s
[131.591s][info][gc,start       ] GC(1193) Pause Young (Allocation Failure)
[131.632s][info][gc,heap        ] GC(1193) DefNew: 152963K(157248K)->10234K(157248K) Eden: 139776K(139776K)->0K(139776K) From: 13187K(17472K)->10234K(17472K)
[131.632s][info][gc,heap        ] GC(1193) Tenured: 128610K(349568K)->136078K(349568K)
[131.632s][info][gc,metaspace   ] GC(1193) Metaspace: 61800K(62720K)->61800K(62720K) NonClass: 54216K(54720K)->54216K(54720K) Class: 7583K(8000K)->7583K(8000K)
[131.632s][info][gc             ] GC(1193) Pause Young (Allocation Failure) 274M->142M(494M) 40.874ms
[131.632s][info][gc,cpu         ] GC(1193) User=0.03s Sys=0.00s Real=0.03s
[131.691s][info][gc,start       ] GC(1194) Pause Young (Allocation Failure)
[131.715s][info][gc,heap        ] GC(1194) DefNew: 150010K(157248K)->4515K(157248K) Eden: 139776K(139776K)->0K(139776K) From: 10234K(17472K)->4515K(17472K)
[131.715s][info][gc,heap        ] GC(1194) Tenured: 136078K(349568K)->141797K(349568K)
[131.715s][info][gc,metaspace   ] GC(1194) Metaspace: 61800K(62720K)->61800K(62720K) NonClass: 54216K(54720K)->54216K(54720K) Class: 7583K(8000K)->7583K(8000K)
[131.715s][info][gc             ] GC(1194) Pause Young (Allocation Failure) 279M->142M(494M) 23.578ms
[131.715s][info][gc,cpu         ] GC(1194) User=0.03s Sys=0.00s Real=0.03s
[131.768s][info][gc,start       ] GC(1195) Pause Young (Allocation Failure)
[131.780s][info][gc,heap        ] GC(1195) DefNew: 144291K(157248K)->4515K(157248K) Eden: 139776K(139776K)->0K(139776K) From: 4515K(17472K)->4515K(17472K)
[131.780s][info][gc,heap        ] GC(1195) Tenured: 141797K(349568K)->141797K(349568K)
[131.780s][info][gc,metaspace   ] GC(1195) Metaspace: 61800K(62720K)->61800K(62720K) NonClass: 54216K(54720K)->54216K(54720K) Class: 7583K(8000K)->7583K(8000K)
[131.780s][info][gc             ] GC(1195) Pause Young (Allocation Failure) 279M->142M(494M) 12.413ms
[131.780s][info][gc,cpu         ] GC(1195) User=0.02s Sys=0.00s Real=0.01s
[131.827s][info][gc,start       ] GC(1196) Pause Young (Allocation Failure)
[131.840s][info][gc,heap        ] GC(1196) DefNew: 144291K(157248K)->4515K(157248K) Eden: 139776K(139776K)->0K(139776K) From: 4515K(17472K)->4515K(17472K)
[131.840s][info][gc,heap        ] GC(1196) Tenured: 141797K(349568K)->141797K(349568K)
[131.840s][info][gc,metaspace   ] GC(1196) Metaspace: 61800K(62720K)->61800K(62720K) NonClass: 54216K(54720K)->54216K(54720K) Class: 7583K(8000K)->7583K(8000K)
[131.840s][info][gc             ] GC(1196) Pause Young (Allocation Failure) 279M->142M(494M) 12.316ms
[131.840s][info][gc,cpu         ] GC(1196) User=0.02s Sys=0.00s Real=0.02s
[131.886s][info][gc,start       ] GC(1197) Pause Young (Allocation Failure)
[131.899s][info][gc,heap        ] GC(1197) DefNew: 144291K(157248K)->4515K(157248K) Eden: 139776K(139776K)->0K(139776K) From: 4515K(17472K)->4515K(17472K)
[131.899s][info][gc,heap        ] GC(1197) Tenured: 141797K(349568K)->141797K(349568K)
[131.899s][info][gc,metaspace   ] GC(1197) Metaspace: 61800K(62720K)->61800K(62720K) NonClass: 54216K(54720K)->54216K(54720K) Class: 7583K(8000K)->7583K(8000K)
[131.899s][info][gc             ] GC(1197) Pause Young (Allocation Failure) 279M->142M(494M) 12.896ms
[131.899s][info][gc,cpu         ] GC(1197) User=0.00s Sys=0.00s Real=0.00s
[131.944s][info][gc,start       ] GC(1198) Pause Young (Allocation Failure)
[131.957s][info][gc,heap        ] GC(1198) DefNew: 144291K(157248K)->4515K(157248K) Eden: 139776K(139776K)->0K(139776K) From: 4515K(17472K)->4515K(17472K)
[131.957s][info][gc,heap        ] GC(1198) Tenured: 141797K(349568K)->141797K(349568K)
[131.957s][info][gc,metaspace   ] GC(1198) Metaspace: 61800K(62720K)->61800K(62720K) NonClass: 54216K(54720K)->54216K(54720K) Class: 7583K(8000K)->7583K(8000K)
[131.957s][info][gc             ] GC(1198) Pause Young (Allocation Failure) 279M->142M(494M) 13.052ms
[131.957s][info][gc,cpu         ] GC(1198) User=0.02s Sys=0.00s Real=0.02s
[132.002s][info][gc,start       ] GC(1199) Pause Young (Allocation Failure)
[132.015s][info][gc,heap        ] GC(1199) DefNew: 144291K(157248K)->4515K(157248K) Eden: 139776K(139776K)->0K(139776K) From: 4515K(17472K)->4515K(17472K)
[132.015s][info][gc,heap        ] GC(1199) Tenured: 141797K(349568K)->141797K(349568K)
[132.015s][info][gc,metaspace   ] GC(1199) Metaspace: 61800K(62720K)->61800K(62720K) NonClass: 54216K(54720K)->54216K(54720K) Class: 7583K(8000K)->7583K(8000K)
[132.015s][info][gc             ] GC(1199) Pause Young (Allocation Failure) 279M->142M(494M) 12.970ms
[132.015s][info][gc,cpu         ] GC(1199) User=0.02s Sys=0.00s Real=0.02s
[132.086s][info][gc,start       ] GC(1200) Pause Young (Allocation Failure)
[132.099s][info][gc,heap        ] GC(1200) DefNew: 144291K(157248K)->4527K(157248K) Eden: 139776K(139776K)->0K(139776K) From: 4515K(17472K)->4527K(17472K)
[132.099s][info][gc,heap        ] GC(1200) Tenured: 141797K(349568K)->141797K(349568K)
[132.099s][info][gc,metaspace   ] GC(1200) Metaspace: 61800K(62720K)->61800K(62720K) NonClass: 54216K(54720K)->54216K(54720K) Class: 7583K(8000K)->7583K(8000K)
[132.099s][info][gc             ] GC(1200) Pause Young (Allocation Failure) 279M->142M(494M) 13.453ms
[132.099s][info][gc,cpu         ] GC(1200) User=0.02s Sys=0.00s Real=0.02s
[132.183s][info][gc,start       ] GC(1201) Pause Young (Allocation Failure)
[132.196s][info][gc,heap        ] GC(1201) DefNew: 144303K(157248K)->4527K(157248K) Eden: 139776K(139776K)->0K(139776K) From: 4527K(17472K)->4527K(17472K)
[132.196s][info][gc,heap        ] GC(1201) Tenured: 141797K(349568K)->141797K(349568K)
[132.196s][info][gc,metaspace   ] GC(1201) Metaspace: 61800K(62720K)->61800K(62720K) NonClass: 54216K(54720K)->54216K(54720K) Class: 7583K(8000K)->7583K(8000K)
[132.196s][info][gc             ] GC(1201) Pause Young (Allocation Failure) 279M->142M(494M) 13.274ms
[132.196s][info][gc,cpu         ] GC(1201) User=0.02s Sys=0.00s Real=0.02s
[132.283s][info][gc,start       ] GC(1202) Pause Young (Allocation Failure)
[132.296s][info][gc,heap        ] GC(1202) DefNew: 144303K(157248K)->4527K(157248K) Eden: 139776K(139776K)->0K(139776K) From: 4527K(17472K)->4527K(17472K)
[132.296s][info][gc,heap        ] GC(1202) Tenured: 141797K(349568K)->141797K(349568K)
[132.296s][info][gc,metaspace   ] GC(1202) Metaspace: 61800K(62720K)->61800K(62720K) NonClass: 54216K(54720K)->54216K(54720K) Class: 7583K(8000K)->7583K(8000K)
[132.296s][info][gc             ] GC(1202) Pause Young (Allocation Failure) 279M->142M(494M) 13.318ms
[132.297s][info][gc,cpu         ] GC(1202) User=0.00s Sys=0.00s Real=0.00s
[132.384s][info][gc,start       ] GC(1203) Pause Young (Allocation Failure)
[132.396s][info][gc,heap        ] GC(1203) DefNew: 144303K(157248K)->4527K(157248K) Eden: 139776K(139776K)->0K(139776K) From: 4527K(17472K)->4527K(17472K)
[132.396s][info][gc,heap        ] GC(1203) Tenured: 141797K(349568K)->141797K(349568K)
[132.396s][info][gc,metaspace   ] GC(1203) Metaspace: 61800K(62720K)->61800K(62720K) NonClass: 54216K(54720K)->54216K(54720K) Class: 7583K(8000K)->7583K(8000K)
[132.396s][info][gc             ] GC(1203) Pause Young (Allocation Failure) 279M->142M(494M) 12.811ms
[132.396s][info][gc,cpu         ] GC(1203) User=0.02s Sys=0.00s Real=0.02s
[132.484s][info][gc,start       ] GC(1204) Pause Young (Allocation Failure)
[132.496s][info][gc,heap        ] GC(1204) DefNew: 144303K(157248K)->4527K(157248K) Eden: 139776K(139776K)->0K(139776K) From: 4527K(17472K)->4527K(17472K)
[132.497s][info][gc,heap        ] GC(1204) Tenured: 141797K(349568K)->141797K(349568K)
[132.497s][info][gc,metaspace   ] GC(1204) Metaspace: 61800K(62720K)->61800K(62720K) NonClass: 54216K(54720K)->54216K(54720K) Class: 7583K(8000K)->7583K(8000K)
[132.497s][info][gc             ] GC(1204) Pause Young (Allocation Failure) 279M->142M(494M) 12.880ms
[132.497s][info][gc,cpu         ] GC(1204) User=0.02s Sys=0.00s Real=0.02s
[132.584s][info][gc,start       ] GC(1205) Pause Young (Allocation Failure)
[132.747s][info][gc,heap        ] GC(1205) DefNew: 144303K(157248K)->4527K(157248K) Eden: 139776K(139776K)->0K(139776K) From: 4527K(17472K)->4527K(17472K)
[132.752s][info][gc,heap        ] GC(1205) Tenured: 141797K(349568K)->141797K(349568K)
[132.752s][info][gc,metaspace   ] GC(1205) Metaspace: 61800K(62720K)->61800K(62720K) NonClass: 54216K(54720K)->54216K(54720K) Class: 7583K(8000K)->7583K(8000K)
[132.752s][info][gc             ] GC(1205) Pause Young (Allocation Failure) 279M->142M(494M) 167.916ms
[132.752s][info][gc,cpu         ] GC(1205) User=0.02s Sys=0.00s Real=0.16s
[132.846s][info][gc,start       ] GC(1206) Pause Young (Allocation Failure)
[132.859s][info][gc,heap        ] GC(1206) DefNew: 144303K(157248K)->4527K(157248K) Eden: 139776K(139776K)->0K(139776K) From: 4527K(17472K)->4527K(17472K)
[132.859s][info][gc,heap        ] GC(1206) Tenured: 141797K(349568K)->141797K(349568K)
[132.859s][info][gc,metaspace   ] GC(1206) Metaspace: 61800K(62720K)->61800K(62720K) NonClass: 54216K(54720K)->54216K(54720K) Class: 7583K(8000K)->7583K(8000K)
[132.860s][info][gc             ] GC(1206) Pause Young (Allocation Failure) 279M->142M(494M) 13.367ms
[132.860s][info][gc,cpu         ] GC(1206) User=0.02s Sys=0.00s Real=0.02s
[132.890s][info][gc,start       ] GC(1207) Pause Full (System.gc())
[132.890s][info][gc,phases,start] GC(1207) Phase 1: Mark live objects
[132.971s][info][gc,phases      ] GC(1207) Phase 1: Mark live objects 81.213ms
[132.972s][info][gc,phases,start] GC(1207) Phase 2: Compute new object addresses
[133.017s][info][gc,phases      ] GC(1207) Phase 2: Compute new object addresses 45.245ms
[133.017s][info][gc,phases,start] GC(1207) Phase 3: Adjust pointers
[133.061s][info][gc,phases      ] GC(1207) Phase 3: Adjust pointers 44.431ms
[133.061s][info][gc,phases,start] GC(1207) Phase 4: Move objects
[133.061s][info][gc,phases      ] GC(1207) Phase 4: Move objects 0.030ms
[133.062s][info][gc,heap        ] GC(1207) DefNew: 21392K(157248K)->0K(157248K) Eden: 16864K(139776K)->0K(139776K) From: 4527K(17472K)->0K(17472K)
[133.062s][info][gc,heap        ] GC(1207) Tenured: 141797K(349568K)->111110K(349568K)
[133.062s][info][gc,metaspace   ] GC(1207) Metaspace: 61800K(62720K)->61800K(62720K) NonClass: 54216K(54720K)->54216K(54720K) Class: 7583K(8000K)->7583K(8000K)
[133.062s][info][gc             ] GC(1207) Pause Full (System.gc()) 159M->108M(494M) 171.826ms
[133.062s][info][gc,cpu         ] GC(1207) User=0.17s Sys=0.00s Real=0.17s
[133.175s][info][gc,start       ] GC(1208) Pause Young (Allocation Failure)
[133.190s][info][gc,heap        ] GC(1208) DefNew: 139776K(157248K)->3142K(157248K) Eden: 139776K(139776K)->0K(139776K) From: 0K(17472K)->3142K(17472K)
[133.190s][info][gc,heap        ] GC(1208) Tenured: 111110K(349568K)->111110K(349568K)
[133.190s][info][gc,metaspace   ] GC(1208) Metaspace: 61803K(62720K)->61803K(62720K) NonClass: 54219K(54720K)->54219K(54720K) Class: 7583K(8000K)->7583K(8000K)
[133.191s][info][gc             ] GC(1208) Pause Young (Allocation Failure) 245M->111M(494M) 15.637ms
[133.191s][info][gc,cpu         ] GC(1208) User=0.02s Sys=0.00s Real=0.02s
[133.240s][info][gc,start       ] GC(1209) Pause Young (Allocation Failure)
[133.269s][info][gc,heap        ] GC(1209) DefNew: 142918K(157248K)->8370K(157248K) Eden: 139776K(139776K)->0K(139776K) From: 3142K(17472K)->8370K(17472K)
[133.269s][info][gc,heap        ] GC(1209) Tenured: 111110K(349568K)->111110K(349568K)
[133.269s][info][gc,metaspace   ] GC(1209) Metaspace: 61807K(62720K)->61807K(62720K) NonClass: 54223K(54720K)->54223K(54720K) Class: 7583K(8000K)->7583K(8000K)
[133.269s][info][gc             ] GC(1209) Pause Young (Allocation Failure) 248M->116M(494M) 28.758ms
[133.269s][info][gc,cpu         ] GC(1209) User=0.05s Sys=0.00s Real=0.04s
[133.323s][info][gc,start       ] GC(1210) Pause Young (Allocation Failure)
[133.358s][info][gc,heap        ] GC(1210) DefNew: 148146K(157248K)->14156K(157248K) Eden: 139776K(139776K)->0K(139776K) From: 8370K(17472K)->14156K(17472K)
[133.358s][info][gc,heap        ] GC(1210) Tenured: 111110K(349568K)->111110K(349568K)
[133.358s][info][gc,metaspace   ] GC(1210) Metaspace: 61807K(62720K)->61807K(62720K) NonClass: 54223K(54720K)->54223K(54720K) Class: 7583K(8000K)->7583K(8000K)
[133.358s][info][gc             ] GC(1210) Pause Young (Allocation Failure) 253M->122M(494M) 35.035ms
[133.358s][info][gc,cpu         ] GC(1210) User=0.03s Sys=0.00s Real=0.03s
[133.410s][info][gc,start       ] GC(1211) Pause Young (Allocation Failure)
[133.452s][info][gc,heap        ] GC(1211) DefNew: 153932K(157248K)->11904K(157248K) Eden: 139776K(139776K)->0K(139776K) From: 14156K(17472K)->11904K(17472K)
[133.452s][info][gc,heap        ] GC(1211) Tenured: 111110K(349568K)->118968K(349568K)
[133.452s][info][gc,metaspace   ] GC(1211) Metaspace: 61807K(62720K)->61807K(62720K) NonClass: 54223K(54720K)->54223K(54720K) Class: 7583K(8000K)->7583K(8000K)
[133.452s][info][gc             ] GC(1211) Pause Young (Allocation Failure) 258M->127M(494M) 42.202ms
[133.452s][info][gc,cpu         ] GC(1211) User=0.03s Sys=0.00s Real=0.03s
[133.507s][info][gc,start       ] GC(1212) Pause Young (Allocation Failure)
[133.548s][info][gc,heap        ] GC(1212) DefNew: 151680K(157248K)->11310K(157248K) Eden: 139776K(139776K)->0K(139776K) From: 11904K(17472K)->11310K(17472K)
[133.548s][info][gc,heap        ] GC(1212) Tenured: 118968K(349568K)->125267K(349568K)
[133.548s][info][gc,metaspace   ] GC(1212) Metaspace: 61807K(62720K)->61807K(62720K) NonClass: 54223K(54720K)->54223K(54720K) Class: 7583K(8000K)->7583K(8000K)
[133.548s][info][gc             ] GC(1212) Pause Young (Allocation Failure) 264M->133M(494M) 40.764ms
[133.548s][info][gc,cpu         ] GC(1212) User=0.05s Sys=0.00s Real=0.05s
[133.603s][info][gc,start       ] GC(1213) Pause Young (Allocation Failure)
[133.645s][info][gc,heap        ] GC(1213) DefNew: 151086K(157248K)->12927K(157248K) Eden: 139776K(139776K)->0K(139776K) From: 11310K(17472K)->12927K(17472K)
[133.645s][info][gc,heap        ] GC(1213) Tenured: 125267K(349568K)->130872K(349568K)
[133.645s][info][gc,metaspace   ] GC(1213) Metaspace: 61807K(62720K)->61807K(62720K) NonClass: 54223K(54720K)->54223K(54720K) Class: 7583K(8000K)->7583K(8000K)
[133.645s][info][gc             ] GC(1213) Pause Young (Allocation Failure) 269M->140M(494M) 41.561ms
[133.645s][info][gc,cpu         ] GC(1213) User=0.05s Sys=0.00s Real=0.05s
[133.699s][info][gc,start       ] GC(1214) Pause Young (Allocation Failure)
[133.740s][info][gc,heap        ] GC(1214) DefNew: 152703K(157248K)->12898K(157248K) Eden: 139776K(139776K)->0K(139776K) From: 12927K(17472K)->12898K(17472K)
[133.740s][info][gc,heap        ] GC(1214) Tenured: 130872K(349568K)->136577K(349568K)
[133.740s][info][gc,metaspace   ] GC(1214) Metaspace: 61807K(62720K)->61807K(62720K) NonClass: 54223K(54720K)->54223K(54720K) Class: 7583K(8000K)->7583K(8000K)
[133.740s][info][gc             ] GC(1214) Pause Young (Allocation Failure) 276M->145M(494M) 40.759ms
[133.740s][info][gc,cpu         ] GC(1214) User=0.05s Sys=0.00s Real=0.05s
[133.796s][info][gc,start       ] GC(1215) Pause Young (Allocation Failure)
[133.838s][info][gc,heap        ] GC(1215) DefNew: 152674K(157248K)->11015K(157248K) Eden: 139776K(139776K)->0K(139776K) From: 12898K(17472K)->11015K(17472K)
[133.838s][info][gc,heap        ] GC(1215) Tenured: 136577K(349568K)->143799K(349568K)
[133.838s][info][gc,metaspace   ] GC(1215) Metaspace: 61807K(62720K)->61807K(62720K) NonClass: 54223K(54720K)->54223K(54720K) Class: 7583K(8000K)->7583K(8000K)
[133.838s][info][gc             ] GC(1215) Pause Young (Allocation Failure) 282M->151M(494M) 42.044ms
[133.838s][info][gc,cpu         ] GC(1215) User=0.05s Sys=0.00s Real=0.05s
[133.895s][info][gc,start       ] GC(1216) Pause Young (Allocation Failure)
[133.919s][info][gc,heap        ] GC(1216) DefNew: 150791K(157248K)->5338K(157248K) Eden: 139776K(139776K)->0K(139776K) From: 11015K(17472K)->5338K(17472K)
[133.923s][info][gc,heap        ] GC(1216) Tenured: 143799K(349568K)->149475K(349568K)
[133.923s][info][gc,metaspace   ] GC(1216) Metaspace: 61807K(62720K)->61807K(62720K) NonClass: 54223K(54720K)->54223K(54720K) Class: 7583K(8000K)->7583K(8000K)
[133.923s][info][gc             ] GC(1216) Pause Young (Allocation Failure) 287M->151M(494M) 28.779ms
[133.924s][info][gc,cpu         ] GC(1216) User=0.03s Sys=0.00s Real=0.03s
[133.979s][info][gc,start       ] GC(1217) Pause Young (Allocation Failure)
[133.993s][info][gc,heap        ] GC(1217) DefNew: 145114K(157248K)->5338K(157248K) Eden: 139776K(139776K)->0K(139776K) From: 5338K(17472K)->5338K(17472K)
[133.993s][info][gc,heap        ] GC(1217) Tenured: 149475K(349568K)->149475K(349568K)
[133.993s][info][gc,metaspace   ] GC(1217) Metaspace: 61807K(62720K)->61807K(62720K) NonClass: 54223K(54720K)->54223K(54720K) Class: 7583K(8000K)->7583K(8000K)
[133.993s][info][gc             ] GC(1217) Pause Young (Allocation Failure) 287M->151M(494M) 13.795ms
[133.993s][info][gc,cpu         ] GC(1217) User=0.02s Sys=0.00s Real=0.02s
[134.040s][info][gc,start       ] GC(1218) Pause Young (Allocation Failure)
[134.053s][info][gc,heap        ] GC(1218) DefNew: 145114K(157248K)->5338K(157248K) Eden: 139776K(139776K)->0K(139776K) From: 5338K(17472K)->5338K(17472K)
[134.053s][info][gc,heap        ] GC(1218) Tenured: 149475K(349568K)->149475K(349568K)
[134.053s][info][gc,metaspace   ] GC(1218) Metaspace: 61807K(62720K)->61807K(62720K) NonClass: 54223K(54720K)->54223K(54720K) Class: 7583K(8000K)->7583K(8000K)
[134.053s][info][gc             ] GC(1218) Pause Young (Allocation Failure) 287M->151M(494M) 13.406ms
[134.053s][info][gc,cpu         ] GC(1218) User=0.02s Sys=0.00s Real=0.02s
[134.105s][info][gc,start       ] GC(1219) Pause Young (Allocation Failure)
[134.119s][info][gc,heap        ] GC(1219) DefNew: 145114K(157248K)->5338K(157248K) Eden: 139776K(139776K)->0K(139776K) From: 5338K(17472K)->5338K(17472K)
[134.119s][info][gc,heap        ] GC(1219) Tenured: 149475K(349568K)->149475K(349568K)
[134.119s][info][gc,metaspace   ] GC(1219) Metaspace: 61807K(62720K)->61807K(62720K) NonClass: 54223K(54720K)->54223K(54720K) Class: 7583K(8000K)->7583K(8000K)
[134.119s][info][gc             ] GC(1219) Pause Young (Allocation Failure) 287M->151M(494M) 14.888ms
[134.119s][info][gc,cpu         ] GC(1219) User=0.02s Sys=0.00s Real=0.02s
[134.171s][info][gc,start       ] GC(1220) Pause Young (Allocation Failure)
[134.185s][info][gc,heap        ] GC(1220) DefNew: 145114K(157248K)->5338K(157248K) Eden: 139776K(139776K)->0K(139776K) From: 5338K(17472K)->5338K(17472K)
[134.185s][info][gc,heap        ] GC(1220) Tenured: 149475K(349568K)->149475K(349568K)
[134.185s][info][gc,metaspace   ] GC(1220) Metaspace: 61807K(62720K)->61807K(62720K) NonClass: 54223K(54720K)->54223K(54720K) Class: 7583K(8000K)->7583K(8000K)
[134.185s][info][gc             ] GC(1220) Pause Young (Allocation Failure) 287M->151M(494M) 13.666ms
[134.185s][info][gc,cpu         ] GC(1220) User=0.02s Sys=0.00s Real=0.02s
[134.233s][info][gc,start       ] GC(1221) Pause Young (Allocation Failure)
[134.247s][info][gc,heap        ] GC(1221) DefNew: 145114K(157248K)->5338K(157248K) Eden: 139776K(139776K)->0K(139776K) From: 5338K(17472K)->5338K(17472K)
[134.247s][info][gc,heap        ] GC(1221) Tenured: 149475K(349568K)->149475K(349568K)
[134.247s][info][gc,metaspace   ] GC(1221) Metaspace: 61807K(62720K)->61807K(62720K) NonClass: 54223K(54720K)->54223K(54720K) Class: 7583K(8000K)->7583K(8000K)
[134.247s][info][gc             ] GC(1221) Pause Young (Allocation Failure) 287M->151M(494M) 14.342ms
[134.247s][info][gc,cpu         ] GC(1221) User=0.02s Sys=0.00s Real=0.02s
[134.316s][info][gc,start       ] GC(1222) Pause Young (Allocation Failure)
[134.331s][info][gc,heap        ] GC(1222) DefNew: 145114K(157248K)->5350K(157248K) Eden: 139776K(139776K)->0K(139776K) From: 5338K(17472K)->5350K(17472K)
[134.331s][info][gc,heap        ] GC(1222) Tenured: 149475K(349568K)->149475K(349568K)
[134.331s][info][gc,metaspace   ] GC(1222) Metaspace: 61807K(62720K)->61807K(62720K) NonClass: 54223K(54720K)->54223K(54720K) Class: 7583K(8000K)->7583K(8000K)
[134.331s][info][gc             ] GC(1222) Pause Young (Allocation Failure) 287M->151M(494M) 14.414ms
[134.331s][info][gc,cpu         ] GC(1222) User=0.02s Sys=0.00s Real=0.02s
[134.417s][info][gc,start       ] GC(1223) Pause Young (Allocation Failure)
[134.430s][info][gc,heap        ] GC(1223) DefNew: 145126K(157248K)->5350K(157248K) Eden: 139776K(139776K)->0K(139776K) From: 5350K(17472K)->5350K(17472K)
[134.430s][info][gc,heap        ] GC(1223) Tenured: 149475K(349568K)->149475K(349568K)
[134.430s][info][gc,metaspace   ] GC(1223) Metaspace: 61807K(62720K)->61807K(62720K) NonClass: 54223K(54720K)->54223K(54720K) Class: 7583K(8000K)->7583K(8000K)
[134.430s][info][gc             ] GC(1223) Pause Young (Allocation Failure) 287M->151M(494M) 12.855ms
[134.430s][info][gc,cpu         ] GC(1223) User=0.02s Sys=0.00s Real=0.02s
[134.526s][info][gc,start       ] GC(1224) Pause Young (Allocation Failure)
[134.541s][info][gc,heap        ] GC(1224) DefNew: 145126K(157248K)->5358K(157248K) Eden: 139776K(139776K)->0K(139776K) From: 5350K(17472K)->5358K(17472K)
[134.541s][info][gc,heap        ] GC(1224) Tenured: 149475K(349568K)->149475K(349568K)
[134.541s][info][gc,metaspace   ] GC(1224) Metaspace: 61807K(62720K)->61807K(62720K) NonClass: 54223K(54720K)->54223K(54720K) Class: 7583K(8000K)->7583K(8000K)
[134.541s][info][gc             ] GC(1224) Pause Young (Allocation Failure) 287M->151M(494M) 15.450ms
[134.541s][info][gc,cpu         ] GC(1224) User=0.02s Sys=0.00s Real=0.02s
[134.636s][info][gc,start       ] GC(1225) Pause Young (Allocation Failure)
[134.650s][info][gc,heap        ] GC(1225) DefNew: 145134K(157248K)->5358K(157248K) Eden: 139776K(139776K)->0K(139776K) From: 5358K(17472K)->5358K(17472K)
[134.650s][info][gc,heap        ] GC(1225) Tenured: 149475K(349568K)->149475K(349568K)
[134.650s][info][gc,metaspace   ] GC(1225) Metaspace: 61807K(62720K)->61807K(62720K) NonClass: 54223K(54720K)->54223K(54720K) Class: 7583K(8000K)->7583K(8000K)
[134.650s][info][gc             ] GC(1225) Pause Young (Allocation Failure) 287M->151M(494M) 14.647ms
[134.650s][info][gc,cpu         ] GC(1225) User=0.02s Sys=0.00s Real=0.02s
[134.737s][info][gc,start       ] GC(1226) Pause Young (Allocation Failure)
[134.752s][info][gc,heap        ] GC(1226) DefNew: 145134K(157248K)->5358K(157248K) Eden: 139776K(139776K)->0K(139776K) From: 5358K(17472K)->5358K(17472K)
[134.752s][info][gc,heap        ] GC(1226) Tenured: 149475K(349568K)->149475K(349568K)
[134.752s][info][gc,metaspace   ] GC(1226) Metaspace: 61807K(62720K)->61807K(62720K) NonClass: 54223K(54720K)->54223K(54720K) Class: 7583K(8000K)->7583K(8000K)
[134.753s][info][gc             ] GC(1226) Pause Young (Allocation Failure) 287M->151M(494M) 15.241ms
[134.753s][info][gc,cpu         ] GC(1226) User=0.02s Sys=0.00s Real=0.02s
[134.839s][info][gc,start       ] GC(1227) Pause Young (Allocation Failure)
[134.854s][info][gc,heap        ] GC(1227) DefNew: 145134K(157248K)->5358K(157248K) Eden: 139776K(139776K)->0K(139776K) From: 5358K(17472K)->5358K(17472K)
[134.854s][info][gc,heap        ] GC(1227) Tenured: 149475K(349568K)->149475K(349568K)
[134.854s][info][gc,metaspace   ] GC(1227) Metaspace: 61807K(62720K)->61807K(62720K) NonClass: 54223K(54720K)->54223K(54720K) Class: 7583K(8000K)->7583K(8000K)
[134.854s][info][gc             ] GC(1227) Pause Young (Allocation Failure) 287M->151M(494M) 15.131ms
[134.854s][info][gc,cpu         ] GC(1227) User=0.02s Sys=0.00s Real=0.02s
[134.938s][info][gc,start       ] GC(1228) Pause Young (Allocation Failure)
[134.953s][info][gc,heap        ] GC(1228) DefNew: 145134K(157248K)->5358K(157248K) Eden: 139776K(139776K)->0K(139776K) From: 5358K(17472K)->5358K(17472K)
[134.954s][info][gc,heap        ] GC(1228) Tenured: 149475K(349568K)->149475K(349568K)
[134.954s][info][gc,metaspace   ] GC(1228) Metaspace: 61807K(62720K)->61807K(62720K) NonClass: 54223K(54720K)->54223K(54720K) Class: 7583K(8000K)->7583K(8000K)
[134.954s][info][gc             ] GC(1228) Pause Young (Allocation Failure) 287M->151M(494M) 15.250ms
[134.954s][info][gc,cpu         ] GC(1228) User=0.02s Sys=0.00s Real=0.02s
[134.980s][info][gc,start       ] GC(1229) Pause Full (System.gc())
[134.981s][info][gc,phases,start] GC(1229) Phase 1: Mark live objects
[135.061s][info][gc,phases      ] GC(1229) Phase 1: Mark live objects 80.927ms
[135.061s][info][gc,phases,start] GC(1229) Phase 2: Compute new object addresses
[135.106s][info][gc,phases      ] GC(1229) Phase 2: Compute new object addresses 44.427ms
[135.106s][info][gc,phases,start] GC(1229) Phase 3: Adjust pointers
[135.150s][info][gc,phases      ] GC(1229) Phase 3: Adjust pointers 44.457ms
[135.150s][info][gc,phases,start] GC(1229) Phase 4: Move objects
[135.151s][info][gc,phases      ] GC(1229) Phase 4: Move objects 0.036ms
[135.151s][info][gc,heap        ] GC(1229) DefNew: 16798K(157248K)->0K(157248K) Eden: 11440K(139776K)->0K(139776K) From: 5358K(17472K)->0K(17472K)
[135.151s][info][gc,heap        ] GC(1229) Tenured: 149475K(349568K)->111545K(349568K)
[135.151s][info][gc,metaspace   ] GC(1229) Metaspace: 61810K(62720K)->61810K(62720K) NonClass: 54227K(54720K)->54227K(54720K) Class: 7583K(8000K)->7583K(8000K)
[135.151s][info][gc             ] GC(1229) Pause Full (System.gc()) 162M->108M(494M) 170.771ms
[135.151s][info][gc,cpu         ] GC(1229) User=0.17s Sys=0.00s Real=0.17s
[135.267s][info][gc,start       ] GC(1230) Pause Young (Allocation Failure)
[135.284s][info][gc,heap        ] GC(1230) DefNew: 139776K(157248K)->3393K(157248K) Eden: 139776K(139776K)->0K(139776K) From: 0K(17472K)->3393K(17472K)
[135.284s][info][gc,heap        ] GC(1230) Tenured: 111545K(349568K)->111545K(349568K)
[135.284s][info][gc,metaspace   ] GC(1230) Metaspace: 61812K(62720K)->61812K(62720K) NonClass: 54228K(54720K)->54228K(54720K) Class: 7583K(8000K)->7583K(8000K)
[135.284s][info][gc             ] GC(1230) Pause Young (Allocation Failure) 245M->112M(494M) 17.042ms
[135.284s][info][gc,cpu         ] GC(1230) User=0.02s Sys=0.00s Real=0.02s
[135.333s][info][gc,start       ] GC(1231) Pause Young (Allocation Failure)
[135.362s][info][gc,heap        ] GC(1231) DefNew: 143169K(157248K)->8636K(157248K) Eden: 139776K(139776K)->0K(139776K) From: 3393K(17472K)->8636K(17472K)
[135.369s][info][gc,heap        ] GC(1231) Tenured: 111545K(349568K)->111545K(349568K)
[135.369s][info][gc,metaspace   ] GC(1231) Metaspace: 61812K(62720K)->61812K(62720K) NonClass: 54228K(54720K)->54228K(54720K) Class: 7583K(8000K)->7583K(8000K)
[135.369s][info][gc             ] GC(1231) Pause Young (Allocation Failure) 248M->117M(494M) 36.342ms
[135.369s][info][gc,cpu         ] GC(1231) User=0.02s Sys=0.00s Real=0.03s
[135.423s][info][gc,start       ] GC(1232) Pause Young (Allocation Failure)
[135.459s][info][gc,heap        ] GC(1232) DefNew: 148412K(157248K)->14391K(157248K) Eden: 139776K(139776K)->0K(139776K) From: 8636K(17472K)->14391K(17472K)
[135.459s][info][gc,heap        ] GC(1232) Tenured: 111545K(349568K)->111545K(349568K)
[135.459s][info][gc,metaspace   ] GC(1232) Metaspace: 61812K(62720K)->61812K(62720K) NonClass: 54228K(54720K)->54228K(54720K) Class: 7583K(8000K)->7583K(8000K)
[135.459s][info][gc             ] GC(1232) Pause Young (Allocation Failure) 253M->122M(494M) 35.744ms
[135.459s][info][gc,cpu         ] GC(1232) User=0.05s Sys=0.00s Real=0.05s
[135.506s][info][gc,start       ] GC(1233) Pause Young (Allocation Failure)
[135.544s][info][gc,heap        ] GC(1233) DefNew: 154167K(157248K)->11095K(157248K) Eden: 139776K(139776K)->0K(139776K) From: 14391K(17472K)->11095K(17472K)
[135.544s][info][gc,heap        ] GC(1233) Tenured: 111545K(349568K)->119668K(349568K)
[135.544s][info][gc,metaspace   ] GC(1233) Metaspace: 61812K(62720K)->61812K(62720K) NonClass: 54228K(54720K)->54228K(54720K) Class: 7583K(8000K)->7583K(8000K)
[135.545s][info][gc             ] GC(1233) Pause Young (Allocation Failure) 259M->127M(494M) 38.466ms
[135.545s][info][gc,cpu         ] GC(1233) User=0.03s Sys=0.00s Real=0.03s
[135.599s][info][gc,start       ] GC(1234) Pause Young (Allocation Failure)
[135.638s][info][gc,heap        ] GC(1234) DefNew: 150871K(157248K)->10575K(157248K) Eden: 139776K(139776K)->0K(139776K) From: 11095K(17472K)->10575K(17472K)
[135.638s][info][gc,heap        ] GC(1234) Tenured: 119668K(349568K)->125931K(349568K)
[135.638s][info][gc,metaspace   ] GC(1234) Metaspace: 61812K(62720K)->61812K(62720K) NonClass: 54228K(54720K)->54228K(54720K) Class: 7583K(8000K)->7583K(8000K)
[135.639s][info][gc             ] GC(1234) Pause Young (Allocation Failure) 264M->133M(494M) 40.002ms
[135.639s][info][gc,cpu         ] GC(1234) User=0.05s Sys=0.00s Real=0.05s
[135.694s][info][gc,start       ] GC(1235) Pause Young (Allocation Failure)
[135.734s][info][gc,heap        ] GC(1235) DefNew: 150351K(157248K)->12990K(157248K) Eden: 139776K(139776K)->0K(139776K) From: 10575K(17472K)->12990K(17472K)
[135.734s][info][gc,heap        ] GC(1235) Tenured: 125931K(349568K)->130762K(349568K)
[135.734s][info][gc,metaspace   ] GC(1235) Metaspace: 61812K(62720K)->61812K(62720K) NonClass: 54228K(54720K)->54228K(54720K) Class: 7583K(8000K)->7583K(8000K)
[135.734s][info][gc             ] GC(1235) Pause Young (Allocation Failure) 269M->140M(494M) 40.715ms
[135.734s][info][gc,cpu         ] GC(1235) User=0.05s Sys=0.00s Real=0.05s
[135.788s][info][gc,start       ] GC(1236) Pause Young (Allocation Failure)
[135.827s][info][gc,heap        ] GC(1236) DefNew: 152766K(157248K)->12697K(157248K) Eden: 139776K(139776K)->0K(139776K) From: 12990K(17472K)->12697K(17472K)
[135.827s][info][gc,heap        ] GC(1236) Tenured: 130762K(349568K)->136505K(349568K)
[135.827s][info][gc,metaspace   ] GC(1236) Metaspace: 61812K(62720K)->61812K(62720K) NonClass: 54228K(54720K)->54228K(54720K) Class: 7583K(8000K)->7583K(8000K)
[135.827s][info][gc             ] GC(1236) Pause Young (Allocation Failure) 276M->145M(494M) 39.473ms
[135.827s][info][gc,cpu         ] GC(1236) User=0.05s Sys=0.00s Real=0.05s
[135.881s][info][gc,start       ] GC(1237) Pause Young (Allocation Failure)
[135.925s][info][gc,heap        ] GC(1237) DefNew: 152473K(157248K)->11209K(157248K) Eden: 139776K(139776K)->0K(139776K) From: 12697K(17472K)->11209K(17472K)
[135.925s][info][gc,heap        ] GC(1237) Tenured: 136505K(349568K)->143752K(349568K)
[135.925s][info][gc,metaspace   ] GC(1237) Metaspace: 61812K(62720K)->61812K(62720K) NonClass: 54228K(54720K)->54228K(54720K) Class: 7583K(8000K)->7583K(8000K)
[135.925s][info][gc             ] GC(1237) Pause Young (Allocation Failure) 282M->151M(494M) 44.166ms
[135.925s][info][gc,cpu         ] GC(1237) User=0.05s Sys=0.00s Real=0.05s
[135.986s][info][gc,start       ] GC(1238) Pause Young (Allocation Failure)
[136.011s][info][gc,heap        ] GC(1238) DefNew: 150985K(157248K)->6045K(157248K) Eden: 139776K(139776K)->0K(139776K) From: 11209K(17472K)->6045K(17472K)
[136.011s][info][gc,heap        ] GC(1238) Tenured: 143752K(349568K)->149202K(349568K)
[136.011s][info][gc,metaspace   ] GC(1238) Metaspace: 61812K(62720K)->61812K(62720K) NonClass: 54228K(54720K)->54228K(54720K) Class: 7583K(8000K)->7583K(8000K)
[136.011s][info][gc             ] GC(1238) Pause Young (Allocation Failure) 287M->151M(494M) 25.295ms
[136.011s][info][gc,cpu         ] GC(1238) User=0.02s Sys=0.00s Real=0.02s
[136.062s][info][gc,start       ] GC(1239) Pause Young (Allocation Failure)
[136.077s][info][gc,heap        ] GC(1239) DefNew: 145821K(157248K)->6045K(157248K) Eden: 139776K(139776K)->0K(139776K) From: 6045K(17472K)->6045K(17472K)
[136.077s][info][gc,heap        ] GC(1239) Tenured: 149202K(349568K)->149202K(349568K)
[136.077s][info][gc,metaspace   ] GC(1239) Metaspace: 61812K(62720K)->61812K(62720K) NonClass: 54228K(54720K)->54228K(54720K) Class: 7583K(8000K)->7583K(8000K)
[136.077s][info][gc             ] GC(1239) Pause Young (Allocation Failure) 288M->151M(494M) 15.389ms
[136.077s][info][gc,cpu         ] GC(1239) User=0.02s Sys=0.00s Real=0.02s
[136.124s][info][gc,start       ] GC(1240) Pause Young (Allocation Failure)
[136.140s][info][gc,heap        ] GC(1240) DefNew: 145821K(157248K)->6045K(157248K) Eden: 139776K(139776K)->0K(139776K) From: 6045K(17472K)->6045K(17472K)
[136.140s][info][gc,heap        ] GC(1240) Tenured: 149202K(349568K)->149202K(349568K)
[136.140s][info][gc,metaspace   ] GC(1240) Metaspace: 61812K(62720K)->61812K(62720K) NonClass: 54228K(54720K)->54228K(54720K) Class: 7583K(8000K)->7583K(8000K)
[136.140s][info][gc             ] GC(1240) Pause Young (Allocation Failure) 288M->151M(494M) 16.402ms
[136.140s][info][gc,cpu         ] GC(1240) User=0.02s Sys=0.00s Real=0.01s
[136.187s][info][gc,start       ] GC(1241) Pause Young (Allocation Failure)
[136.203s][info][gc,heap        ] GC(1241) DefNew: 145821K(157248K)->6045K(157248K) Eden: 139776K(139776K)->0K(139776K) From: 6045K(17472K)->6045K(17472K)
[136.203s][info][gc,heap        ] GC(1241) Tenured: 149202K(349568K)->149202K(349568K)
[136.203s][info][gc,metaspace   ] GC(1241) Metaspace: 61812K(62720K)->61812K(62720K) NonClass: 54228K(54720K)->54228K(54720K) Class: 7583K(8000K)->7583K(8000K)
[136.203s][info][gc             ] GC(1241) Pause Young (Allocation Failure) 288M->151M(494M) 15.658ms
[136.203s][info][gc,cpu         ] GC(1241) User=0.02s Sys=0.00s Real=0.02s
[136.249s][info][gc,start       ] GC(1242) Pause Young (Allocation Failure)
[136.264s][info][gc,heap        ] GC(1242) DefNew: 145821K(157248K)->6045K(157248K) Eden: 139776K(139776K)->0K(139776K) From: 6045K(17472K)->6045K(17472K)
[136.264s][info][gc,heap        ] GC(1242) Tenured: 149202K(349568K)->149202K(349568K)
[136.264s][info][gc,metaspace   ] GC(1242) Metaspace: 61812K(62720K)->61812K(62720K) NonClass: 54228K(54720K)->54228K(54720K) Class: 7583K(8000K)->7583K(8000K)
[136.264s][info][gc             ] GC(1242) Pause Young (Allocation Failure) 288M->151M(494M) 15.123ms
[136.264s][info][gc,cpu         ] GC(1242) User=0.02s Sys=0.00s Real=0.02s
[136.311s][info][gc,start       ] GC(1243) Pause Young (Allocation Failure)
[136.325s][info][gc,heap        ] GC(1243) DefNew: 145821K(157248K)->6045K(157248K) Eden: 139776K(139776K)->0K(139776K) From: 6045K(17472K)->6045K(17472K)
[136.325s][info][gc,heap        ] GC(1243) Tenured: 149202K(349568K)->149202K(349568K)
[136.325s][info][gc,metaspace   ] GC(1243) Metaspace: 61812K(62720K)->61812K(62720K) NonClass: 54228K(54720K)->54228K(54720K) Class: 7583K(8000K)->7583K(8000K)
[136.325s][info][gc             ] GC(1243) Pause Young (Allocation Failure) 288M->151M(494M) 14.396ms
[136.325s][info][gc,cpu         ] GC(1243) User=0.02s Sys=0.00s Real=0.02s
[136.413s][info][gc,start       ] GC(1244) Pause Young (Allocation Failure)
[136.429s][info][gc,heap        ] GC(1244) DefNew: 145821K(157248K)->6057K(157248K) Eden: 139776K(139776K)->0K(139776K) From: 6045K(17472K)->6057K(17472K)
[136.429s][info][gc,heap        ] GC(1244) Tenured: 149202K(349568K)->149202K(349568K)
[136.429s][info][gc,metaspace   ] GC(1244) Metaspace: 61812K(62720K)->61812K(62720K) NonClass: 54228K(54720K)->54228K(54720K) Class: 7583K(8000K)->7583K(8000K)
[136.429s][info][gc             ] GC(1244) Pause Young (Allocation Failure) 288M->151M(494M) 15.620ms
[136.429s][info][gc,cpu         ] GC(1244) User=0.02s Sys=0.00s Real=0.02s
[136.521s][info][gc,start       ] GC(1245) Pause Young (Allocation Failure)
[136.536s][info][gc,heap        ] GC(1245) DefNew: 145833K(157248K)->6057K(157248K) Eden: 139776K(139776K)->0K(139776K) From: 6057K(17472K)->6057K(17472K)
[136.536s][info][gc,heap        ] GC(1245) Tenured: 149202K(349568K)->149202K(349568K)
[136.536s][info][gc,metaspace   ] GC(1245) Metaspace: 61812K(62720K)->61812K(62720K) NonClass: 54228K(54720K)->54228K(54720K) Class: 7583K(8000K)->7583K(8000K)
[136.536s][info][gc             ] GC(1245) Pause Young (Allocation Failure) 288M->151M(494M) 15.005ms
[136.536s][info][gc,cpu         ] GC(1245) User=0.02s Sys=0.00s Real=0.02s
[136.621s][info][gc,start       ] GC(1246) Pause Young (Allocation Failure)
[136.636s][info][gc,heap        ] GC(1246) DefNew: 145833K(157248K)->6057K(157248K) Eden: 139776K(139776K)->0K(139776K) From: 6057K(17472K)->6057K(17472K)
[136.636s][info][gc,heap        ] GC(1246) Tenured: 149202K(349568K)->149202K(349568K)
[136.636s][info][gc,metaspace   ] GC(1246) Metaspace: 61812K(62720K)->61812K(62720K) NonClass: 54228K(54720K)->54228K(54720K) Class: 7583K(8000K)->7583K(8000K)
[136.636s][info][gc             ] GC(1246) Pause Young (Allocation Failure) 288M->151M(494M) 15.189ms
[136.636s][info][gc,cpu         ] GC(1246) User=0.02s Sys=0.00s Real=0.02s
[136.721s][info][gc,start       ] GC(1247) Pause Young (Allocation Failure)
[136.895s][info][gc,heap        ] GC(1247) DefNew: 145833K(157248K)->6057K(157248K) Eden: 139776K(139776K)->0K(139776K) From: 6057K(17472K)->6057K(17472K)
[136.895s][info][gc,heap        ] GC(1247) Tenured: 149202K(349568K)->149202K(349568K)
[136.895s][info][gc,metaspace   ] GC(1247) Metaspace: 61812K(62720K)->61812K(62720K) NonClass: 54228K(54720K)->54228K(54720K) Class: 7583K(8000K)->7583K(8000K)
[136.895s][info][gc             ] GC(1247) Pause Young (Allocation Failure) 288M->151M(494M) 174.309ms
[136.895s][info][gc,cpu         ] GC(1247) User=0.00s Sys=0.00s Real=0.18s
[136.991s][info][gc,start       ] GC(1248) Pause Young (Allocation Failure)
[137.007s][info][gc,heap        ] GC(1248) DefNew: 145833K(157248K)->6057K(157248K) Eden: 139776K(139776K)->0K(139776K) From: 6057K(17472K)->6057K(17472K)
[137.007s][info][gc,heap        ] GC(1248) Tenured: 149202K(349568K)->149202K(349568K)
[137.007s][info][gc,metaspace   ] GC(1248) Metaspace: 61812K(62720K)->61812K(62720K) NonClass: 54228K(54720K)->54228K(54720K) Class: 7583K(8000K)->7583K(8000K)
[137.007s][info][gc             ] GC(1248) Pause Young (Allocation Failure) 288M->151M(494M) 15.887ms
[137.007s][info][gc,cpu         ] GC(1248) User=0.02s Sys=0.00s Real=0.02s
[137.118s][info][gc,start       ] GC(1249) Pause Young (Allocation Failure)
[137.135s][info][gc,heap        ] GC(1249) DefNew: 145833K(157248K)->6057K(157248K) Eden: 139776K(139776K)->0K(139776K) From: 6057K(17472K)->6057K(17472K)
[137.135s][info][gc,heap        ] GC(1249) Tenured: 149202K(349568K)->149202K(349568K)
[137.135s][info][gc,metaspace   ] GC(1249) Metaspace: 61812K(62720K)->61812K(62720K) NonClass: 54228K(54720K)->54228K(54720K) Class: 7583K(8000K)->7583K(8000K)
[137.135s][info][gc             ] GC(1249) Pause Young (Allocation Failure) 288M->151M(494M) 16.863ms
[137.135s][info][gc,cpu         ] GC(1249) User=0.02s Sys=0.00s Real=0.02s
[137.222s][info][gc,start       ] GC(1250) Pause Young (Allocation Failure)
[137.238s][info][gc,heap        ] GC(1250) DefNew: 145833K(157248K)->6057K(157248K) Eden: 139776K(139776K)->0K(139776K) From: 6057K(17472K)->6057K(17472K)
[137.238s][info][gc,heap        ] GC(1250) Tenured: 149202K(349568K)->149202K(349568K)
[137.238s][info][gc,metaspace   ] GC(1250) Metaspace: 61812K(62720K)->61812K(62720K) NonClass: 54228K(54720K)->54228K(54720K) Class: 7583K(8000K)->7583K(8000K)
[137.238s][info][gc             ] GC(1250) Pause Young (Allocation Failure) 288M->151M(494M) 16.104ms
[137.238s][info][gc,cpu         ] GC(1250) User=0.02s Sys=0.00s Real=0.02s
[137.262s][info][gc,start       ] GC(1251) Pause Full (System.gc())
[137.262s][info][gc,phases,start] GC(1251) Phase 1: Mark live objects
[137.336s][info][gc,phases      ] GC(1251) Phase 1: Mark live objects 73.788ms
[137.336s][info][gc,phases,start] GC(1251) Phase 2: Compute new object addresses
[137.381s][info][gc,phases      ] GC(1251) Phase 2: Compute new object addresses 44.203ms
[137.381s][info][gc,phases,start] GC(1251) Phase 3: Adjust pointers
[137.426s][info][gc,phases      ] GC(1251) Phase 3: Adjust pointers 44.984ms
[137.426s][info][gc,phases,start] GC(1251) Phase 4: Move objects
[137.426s][info][gc,phases      ] GC(1251) Phase 4: Move objects 0.029ms
[137.426s][info][gc,heap        ] GC(1251) DefNew: 17360K(157248K)->0K(157248K) Eden: 11302K(139776K)->0K(139776K) From: 6057K(17472K)->0K(17472K)
[137.426s][info][gc,heap        ] GC(1251) Tenured: 149202K(349568K)->111977K(349568K)
[137.426s][info][gc,metaspace   ] GC(1251) Metaspace: 61816K(62720K)->61816K(62720K) NonClass: 54232K(54720K)->54232K(54720K) Class: 7583K(8000K)->7583K(8000K)
[137.426s][info][gc             ] GC(1251) Pause Full (System.gc()) 162M->109M(494M) 163.881ms
[137.426s][info][gc,cpu         ] GC(1251) User=0.16s Sys=0.00s Real=0.16s
[137.546s][info][gc,start       ] GC(1252) Pause Young (Allocation Failure)
[137.559s][info][gc,heap        ] GC(1252) DefNew: 139776K(157248K)->2758K(157248K) Eden: 139776K(139776K)->0K(139776K) From: 0K(17472K)->2758K(17472K)
[137.559s][info][gc,heap        ] GC(1252) Tenured: 111977K(349568K)->111977K(349568K)
[137.559s][info][gc,metaspace   ] GC(1252) Metaspace: 61823K(62720K)->61823K(62720K) NonClass: 54239K(54720K)->54239K(54720K) Class: 7583K(8000K)->7583K(8000K)
[137.559s][info][gc             ] GC(1252) Pause Young (Allocation Failure) 245M->112M(494M) 13.036ms
[137.559s][info][gc,cpu         ] GC(1252) User=0.02s Sys=0.00s Real=0.01s
[137.605s][info][gc,start       ] GC(1253) Pause Young (Allocation Failure)
[137.633s][info][gc,heap        ] GC(1253) DefNew: 142534K(157248K)->7918K(157248K) Eden: 139776K(139776K)->0K(139776K) From: 2758K(17472K)->7918K(17472K)
[137.633s][info][gc,heap        ] GC(1253) Tenured: 111977K(349568K)->111977K(349568K)
[137.633s][info][gc,metaspace   ] GC(1253) Metaspace: 61823K(62720K)->61823K(62720K) NonClass: 54239K(54720K)->54239K(54720K) Class: 7583K(8000K)->7583K(8000K)
[137.633s][info][gc             ] GC(1253) Pause Young (Allocation Failure) 248M->117M(494M) 27.515ms
[137.633s][info][gc,cpu         ] GC(1253) User=0.03s Sys=0.00s Real=0.03s
[137.685s][info][gc,start       ] GC(1254) Pause Young (Allocation Failure)
[137.720s][info][gc,heap        ] GC(1254) DefNew: 147694K(157248K)->13767K(157248K) Eden: 139776K(139776K)->0K(139776K) From: 7918K(17472K)->13767K(17472K)
[137.720s][info][gc,heap        ] GC(1254) Tenured: 111977K(349568K)->111977K(349568K)
[137.720s][info][gc,metaspace   ] GC(1254) Metaspace: 61823K(62720K)->61823K(62720K) NonClass: 54239K(54720K)->54239K(54720K) Class: 7583K(8000K)->7583K(8000K)
[137.720s][info][gc             ] GC(1254) Pause Young (Allocation Failure) 253M->122M(494M) 35.093ms
[137.720s][info][gc,cpu         ] GC(1254) User=0.03s Sys=0.00s Real=0.03s
[137.773s][info][gc,start       ] GC(1255) Pause Young (Allocation Failure)
[137.814s][info][gc,heap        ] GC(1255) DefNew: 153543K(157248K)->11801K(157248K) Eden: 139776K(139776K)->0K(139776K) From: 13767K(17472K)->11801K(17472K)
[137.815s][info][gc,heap        ] GC(1255) Tenured: 111977K(349568K)->119382K(349568K)
[137.815s][info][gc,metaspace   ] GC(1255) Metaspace: 61823K(62720K)->61823K(62720K) NonClass: 54239K(54720K)->54239K(54720K) Class: 7583K(8000K)->7583K(8000K)
[137.815s][info][gc             ] GC(1255) Pause Young (Allocation Failure) 259M->128M(494M) 41.251ms
[137.815s][info][gc,cpu         ] GC(1255) User=0.03s Sys=0.00s Real=0.03s
[137.869s][info][gc,start       ] GC(1256) Pause Young (Allocation Failure)
[137.910s][info][gc,heap        ] GC(1256) DefNew: 151577K(157248K)->11113K(157248K) Eden: 139776K(139776K)->0K(139776K) From: 11801K(17472K)->11113K(17472K)
[137.910s][info][gc,heap        ] GC(1256) Tenured: 119382K(349568K)->125743K(349568K)
[137.910s][info][gc,metaspace   ] GC(1256) Metaspace: 61823K(62720K)->61823K(62720K) NonClass: 54239K(54720K)->54239K(54720K) Class: 7583K(8000K)->7583K(8000K)
[137.910s][info][gc             ] GC(1256) Pause Young (Allocation Failure) 264M->133M(494M) 41.131ms
[137.910s][info][gc,cpu         ] GC(1256) User=0.05s Sys=0.00s Real=0.05s
[137.966s][info][gc,start       ] GC(1257) Pause Young (Allocation Failure)
[138.006s][info][gc,heap        ] GC(1257) DefNew: 150889K(157248K)->12976K(157248K) Eden: 139776K(139776K)->0K(139776K) From: 11113K(17472K)->12976K(17472K)
[138.006s][info][gc,heap        ] GC(1257) Tenured: 125743K(349568K)->131171K(349568K)
[138.006s][info][gc,metaspace   ] GC(1257) Metaspace: 61823K(62720K)->61823K(62720K) NonClass: 54239K(54720K)->54239K(54720K) Class: 7583K(8000K)->7583K(8000K)
[138.006s][info][gc             ] GC(1257) Pause Young (Allocation Failure) 270M->140M(494M) 40.419ms
[138.006s][info][gc,cpu         ] GC(1257) User=0.05s Sys=0.00s Real=0.05s
[138.060s][info][gc,start       ] GC(1258) Pause Young (Allocation Failure)
[138.100s][info][gc,heap        ] GC(1258) DefNew: 152752K(157248K)->12998K(157248K) Eden: 139776K(139776K)->0K(139776K) From: 12976K(17472K)->12998K(17472K)
[138.100s][info][gc,heap        ] GC(1258) Tenured: 131171K(349568K)->136856K(349568K)
[138.100s][info][gc,metaspace   ] GC(1258) Metaspace: 61823K(62720K)->61823K(62720K) NonClass: 54239K(54720K)->54239K(54720K) Class: 7583K(8000K)->7583K(8000K)
[138.100s][info][gc             ] GC(1258) Pause Young (Allocation Failure) 277M->146M(494M) 40.340ms
[138.101s][info][gc,cpu         ] GC(1258) User=0.03s Sys=0.00s Real=0.04s
[138.154s][info][gc,start       ] GC(1259) Pause Young (Allocation Failure)
[138.199s][info][gc,heap        ] GC(1259) DefNew: 152774K(157248K)->11455K(157248K) Eden: 139776K(139776K)->0K(139776K) From: 12998K(17472K)->11455K(17472K)
[138.199s][info][gc,heap        ] GC(1259) Tenured: 136856K(349568K)->144144K(349568K)
[138.199s][info][gc,metaspace   ] GC(1259) Metaspace: 61823K(62720K)->61823K(62720K) NonClass: 54239K(54720K)->54239K(54720K) Class: 7583K(8000K)->7583K(8000K)
[138.199s][info][gc             ] GC(1259) Pause Young (Allocation Failure) 282M->151M(494M) 45.487ms
[138.199s][info][gc,cpu         ] GC(1259) User=0.05s Sys=0.00s Real=0.05s
[138.258s][info][gc,start       ] GC(1260) Pause Young (Allocation Failure)
[138.282s][info][gc,heap        ] GC(1260) DefNew: 151231K(157248K)->5826K(157248K) Eden: 139776K(139776K)->0K(139776K) From: 11455K(17472K)->5826K(17472K)
[138.282s][info][gc,heap        ] GC(1260) Tenured: 144144K(349568K)->149854K(349568K)
[138.282s][info][gc,metaspace   ] GC(1260) Metaspace: 61823K(62720K)->61823K(62720K) NonClass: 54239K(54720K)->54239K(54720K) Class: 7583K(8000K)->7583K(8000K)
[138.282s][info][gc             ] GC(1260) Pause Young (Allocation Failure) 288M->152M(494M) 24.590ms
[138.282s][info][gc,cpu         ] GC(1260) User=0.03s Sys=0.00s Real=0.03s
[138.332s][info][gc,start       ] GC(1261) Pause Young (Allocation Failure)
[138.347s][info][gc,heap        ] GC(1261) DefNew: 145602K(157248K)->5826K(157248K) Eden: 139776K(139776K)->0K(139776K) From: 5826K(17472K)->5826K(17472K)
[138.347s][info][gc,heap        ] GC(1261) Tenured: 149854K(349568K)->149854K(349568K)
[138.347s][info][gc,metaspace   ] GC(1261) Metaspace: 61823K(62720K)->61823K(62720K) NonClass: 54239K(54720K)->54239K(54720K) Class: 7583K(8000K)->7583K(8000K)
[138.347s][info][gc             ] GC(1261) Pause Young (Allocation Failure) 288M->152M(494M) 14.832ms
[138.347s][info][gc,cpu         ] GC(1261) User=0.02s Sys=0.00s Real=0.02s
[138.396s][info][gc,start       ] GC(1262) Pause Young (Allocation Failure)
[138.412s][info][gc,heap        ] GC(1262) DefNew: 145602K(157248K)->5826K(157248K) Eden: 139776K(139776K)->0K(139776K) From: 5826K(17472K)->5826K(17472K)
[138.412s][info][gc,heap        ] GC(1262) Tenured: 149854K(349568K)->149854K(349568K)
[138.412s][info][gc,metaspace   ] GC(1262) Metaspace: 61823K(62720K)->61823K(62720K) NonClass: 54239K(54720K)->54239K(54720K) Class: 7583K(8000K)->7583K(8000K)
[138.413s][info][gc             ] GC(1262) Pause Young (Allocation Failure) 288M->152M(494M) 16.087ms
[138.413s][info][gc,cpu         ] GC(1262) User=0.02s Sys=0.00s Real=0.02s
[138.467s][info][gc,start       ] GC(1263) Pause Young (Allocation Failure)
[138.479s][info][gc,heap        ] GC(1263) DefNew: 145602K(157248K)->5826K(157248K) Eden: 139776K(139776K)->0K(139776K) From: 5826K(17472K)->5826K(17472K)
[138.479s][info][gc,heap        ] GC(1263) Tenured: 149854K(349568K)->149854K(349568K)
[138.479s][info][gc,metaspace   ] GC(1263) Metaspace: 61823K(62720K)->61823K(62720K) NonClass: 54239K(54720K)->54239K(54720K) Class: 7583K(8000K)->7583K(8000K)
[138.479s][info][gc             ] GC(1263) Pause Young (Allocation Failure) 288M->152M(494M) 11.893ms
[138.479s][info][gc,cpu         ] GC(1263) User=0.00s Sys=0.00s Real=0.00s
[138.534s][info][gc,start       ] GC(1264) Pause Young (Allocation Failure)
[138.542s][info][gc,heap        ] GC(1264) DefNew: 145602K(157248K)->5826K(157248K) Eden: 139776K(139776K)->0K(139776K) From: 5826K(17472K)->5826K(17472K)
[138.542s][info][gc,heap        ] GC(1264) Tenured: 149854K(349568K)->149854K(349568K)
[138.542s][info][gc,metaspace   ] GC(1264) Metaspace: 61823K(62720K)->61823K(62720K) NonClass: 54239K(54720K)->54239K(54720K) Class: 7583K(8000K)->7583K(8000K)
[138.542s][info][gc             ] GC(1264) Pause Young (Allocation Failure) 288M->152M(494M) 7.879ms
[138.542s][info][gc,cpu         ] GC(1264) User=0.02s Sys=0.00s Real=0.02s
[138.592s][info][gc,start       ] GC(1265) Pause Young (Allocation Failure)
[138.606s][info][gc,heap        ] GC(1265) DefNew: 145602K(157248K)->5826K(157248K) Eden: 139776K(139776K)->0K(139776K) From: 5826K(17472K)->5826K(17472K)
[138.606s][info][gc,heap        ] GC(1265) Tenured: 149854K(349568K)->149854K(349568K)
[138.606s][info][gc,metaspace   ] GC(1265) Metaspace: 61823K(62720K)->61823K(62720K) NonClass: 54239K(54720K)->54239K(54720K) Class: 7583K(8000K)->7583K(8000K)
[138.607s][info][gc             ] GC(1265) Pause Young (Allocation Failure) 288M->152M(494M) 14.455ms
[138.607s][info][gc,cpu         ] GC(1265) User=0.02s Sys=0.00s Real=0.02s
[138.692s][info][gc,start       ] GC(1266) Pause Young (Allocation Failure)
[138.707s][info][gc,heap        ] GC(1266) DefNew: 145602K(157248K)->5838K(157248K) Eden: 139776K(139776K)->0K(139776K) From: 5826K(17472K)->5838K(17472K)
[138.707s][info][gc,heap        ] GC(1266) Tenured: 149854K(349568K)->149854K(349568K)
[138.707s][info][gc,metaspace   ] GC(1266) Metaspace: 61823K(62720K)->61823K(62720K) NonClass: 54239K(54720K)->54239K(54720K) Class: 7583K(8000K)->7583K(8000K)
[138.707s][info][gc             ] GC(1266) Pause Young (Allocation Failure) 288M->152M(494M) 14.953ms
[138.707s][info][gc,cpu         ] GC(1266) User=0.02s Sys=0.00s Real=0.01s
[138.794s][info][gc,start       ] GC(1267) Pause Young (Allocation Failure)
[138.808s][info][gc,heap        ] GC(1267) DefNew: 145614K(157248K)->5838K(157248K) Eden: 139776K(139776K)->0K(139776K) From: 5838K(17472K)->5838K(17472K)
[138.808s][info][gc,heap        ] GC(1267) Tenured: 149854K(349568K)->149854K(349568K)
[138.808s][info][gc,metaspace   ] GC(1267) Metaspace: 61823K(62720K)->61823K(62720K) NonClass: 54239K(54720K)->54239K(54720K) Class: 7583K(8000K)->7583K(8000K)
[138.808s][info][gc             ] GC(1267) Pause Young (Allocation Failure) 288M->152M(494M) 14.285ms
[138.808s][info][gc,cpu         ] GC(1267) User=0.02s Sys=0.00s Real=0.02s
[138.896s][info][gc,start       ] GC(1268) Pause Young (Allocation Failure)
[138.912s][info][gc,heap        ] GC(1268) DefNew: 145614K(157248K)->5838K(157248K) Eden: 139776K(139776K)->0K(139776K) From: 5838K(17472K)->5838K(17472K)
[138.912s][info][gc,heap        ] GC(1268) Tenured: 149854K(349568K)->149854K(349568K)
[138.912s][info][gc,metaspace   ] GC(1268) Metaspace: 61823K(62720K)->61823K(62720K) NonClass: 54239K(54720K)->54239K(54720K) Class: 7583K(8000K)->7583K(8000K)
[138.912s][info][gc             ] GC(1268) Pause Young (Allocation Failure) 288M->152M(494M) 15.543ms
[138.912s][info][gc,cpu         ] GC(1268) User=0.02s Sys=0.00s Real=0.02s
[139.000s][info][gc,start       ] GC(1269) Pause Young (Allocation Failure)
[139.016s][info][gc,heap        ] GC(1269) DefNew: 145614K(157248K)->5838K(157248K) Eden: 139776K(139776K)->0K(139776K) From: 5838K(17472K)->5838K(17472K)
[139.016s][info][gc,heap        ] GC(1269) Tenured: 149854K(349568K)->149854K(349568K)
[139.016s][info][gc,metaspace   ] GC(1269) Metaspace: 61823K(62720K)->61823K(62720K) NonClass: 54239K(54720K)->54239K(54720K) Class: 7583K(8000K)->7583K(8000K)
[139.016s][info][gc             ] GC(1269) Pause Young (Allocation Failure) 288M->152M(494M) 16.057ms
[139.016s][info][gc,cpu         ] GC(1269) User=0.02s Sys=0.00s Real=0.01s
[139.101s][info][gc,start       ] GC(1270) Pause Young (Allocation Failure)
[139.117s][info][gc,heap        ] GC(1270) DefNew: 145614K(157248K)->5838K(157248K) Eden: 139776K(139776K)->0K(139776K) From: 5838K(17472K)->5838K(17472K)
[139.117s][info][gc,heap        ] GC(1270) Tenured: 149854K(349568K)->149854K(349568K)
[139.117s][info][gc,metaspace   ] GC(1270) Metaspace: 61823K(62720K)->61823K(62720K) NonClass: 54239K(54720K)->54239K(54720K) Class: 7583K(8000K)->7583K(8000K)
[139.117s][info][gc             ] GC(1270) Pause Young (Allocation Failure) 288M->152M(494M) 16.064ms
[139.117s][info][gc,cpu         ] GC(1270) User=0.02s Sys=0.00s Real=0.02s
[139.202s][info][gc,start       ] GC(1271) Pause Young (Allocation Failure)
[139.218s][info][gc,heap        ] GC(1271) DefNew: 145614K(157248K)->5838K(157248K) Eden: 139776K(139776K)->0K(139776K) From: 5838K(17472K)->5838K(17472K)
[139.218s][info][gc,heap        ] GC(1271) Tenured: 149854K(349568K)->149854K(349568K)
[139.218s][info][gc,metaspace   ] GC(1271) Metaspace: 61823K(62720K)->61823K(62720K) NonClass: 54239K(54720K)->54239K(54720K) Class: 7583K(8000K)->7583K(8000K)
[139.218s][info][gc             ] GC(1271) Pause Young (Allocation Failure) 288M->152M(494M) 15.737ms
[139.218s][info][gc,cpu         ] GC(1271) User=0.02s Sys=0.00s Real=0.01s
[139.317s][info][gc,start       ] GC(1272) Pause Young (Allocation Failure)
[139.332s][info][gc,heap        ] GC(1272) DefNew: 145614K(157248K)->5838K(157248K) Eden: 139776K(139776K)->0K(139776K) From: 5838K(17472K)->5838K(17472K)
[139.332s][info][gc,heap        ] GC(1272) Tenured: 149854K(349568K)->149854K(349568K)
[139.332s][info][gc,metaspace   ] GC(1272) Metaspace: 61823K(62720K)->61823K(62720K) NonClass: 54239K(54720K)->54239K(54720K) Class: 7583K(8000K)->7583K(8000K)
[139.332s][info][gc             ] GC(1272) Pause Young (Allocation Failure) 288M->152M(494M) 14.790ms
[139.332s][info][gc,cpu         ] GC(1272) User=0.02s Sys=0.00s Real=0.02s
[139.363s][info][gc,start       ] GC(1273) Pause Full (System.gc())
[139.363s][info][gc,phases,start] GC(1273) Phase 1: Mark live objects
[139.444s][info][gc,phases      ] GC(1273) Phase 1: Mark live objects 80.916ms
[139.460s][info][gc,phases,start] GC(1273) Phase 2: Compute new object addresses
[139.521s][info][gc,phases      ] GC(1273) Phase 2: Compute new object addresses 60.165ms
[139.521s][info][gc,phases,start] GC(1273) Phase 3: Adjust pointers
[139.566s][info][gc,phases      ] GC(1273) Phase 3: Adjust pointers 45.211ms
[139.566s][info][gc,phases,start] GC(1273) Phase 4: Move objects
[139.568s][info][gc,phases      ] GC(1273) Phase 4: Move objects 2.116ms
[139.569s][info][gc,heap        ] GC(1273) DefNew: 17121K(157248K)->0K(157248K) Eden: 11283K(139776K)->0K(139776K) From: 5838K(17472K)->0K(17472K)
[139.569s][info][gc,heap        ] GC(1273) Tenured: 149854K(349568K)->102674K(349568K)
[139.569s][info][gc,metaspace   ] GC(1273) Metaspace: 61824K(62720K)->61824K(62720K) NonClass: 54240K(54720K)->54240K(54720K) Class: 7583K(8000K)->7583K(8000K)
[139.569s][info][gc             ] GC(1273) Pause Full (System.gc()) 163M->100M(494M) 205.372ms
[139.569s][info][gc,cpu         ] GC(1273) User=0.19s Sys=0.00s Real=0.20s
[139.684s][info][gc,start       ] GC(1274) Pause Young (Allocation Failure)
[139.700s][info][gc,heap        ] GC(1274) DefNew: 139776K(157248K)->2980K(157248K) Eden: 139776K(139776K)->0K(139776K) From: 0K(17472K)->2980K(17472K)
[139.700s][info][gc,heap        ] GC(1274) Tenured: 102674K(349568K)->102674K(349568K)
[139.700s][info][gc,metaspace   ] GC(1274) Metaspace: 61824K(62720K)->61824K(62720K) NonClass: 54241K(54720K)->54241K(54720K) Class: 7583K(8000K)->7583K(8000K)
[139.700s][info][gc             ] GC(1274) Pause Young (Allocation Failure) 236M->103M(494M) 15.751ms
[139.700s][info][gc,cpu         ] GC(1274) User=0.02s Sys=0.00s Real=0.02s
[139.746s][info][gc,start       ] GC(1275) Pause Young (Allocation Failure)
[139.774s][info][gc,heap        ] GC(1275) DefNew: 142756K(157248K)->8162K(157248K) Eden: 139776K(139776K)->0K(139776K) From: 2980K(17472K)->8162K(17472K)
[139.774s][info][gc,heap        ] GC(1275) Tenured: 102674K(349568K)->102674K(349568K)
[139.774s][info][gc,metaspace   ] GC(1275) Metaspace: 61824K(62720K)->61824K(62720K) NonClass: 54241K(54720K)->54241K(54720K) Class: 7583K(8000K)->7583K(8000K)
[139.774s][info][gc             ] GC(1275) Pause Young (Allocation Failure) 239M->108M(494M) 27.588ms
[139.774s][info][gc,cpu         ] GC(1275) User=0.02s Sys=0.00s Real=0.02s
[139.829s][info][gc,start       ] GC(1276) Pause Young (Allocation Failure)
[139.863s][info][gc,heap        ] GC(1276) DefNew: 147938K(157248K)->14233K(157248K) Eden: 139776K(139776K)->0K(139776K) From: 8162K(17472K)->14233K(17472K)
[139.863s][info][gc,heap        ] GC(1276) Tenured: 102674K(349568K)->102674K(349568K)
[139.863s][info][gc,metaspace   ] GC(1276) Metaspace: 61824K(62720K)->61824K(62720K) NonClass: 54241K(54720K)->54241K(54720K) Class: 7583K(8000K)->7583K(8000K)
[139.863s][info][gc             ] GC(1276) Pause Young (Allocation Failure) 244M->114M(494M) 34.098ms
[139.863s][info][gc,cpu         ] GC(1276) User=0.03s Sys=0.00s Real=0.03s
[139.919s][info][gc,start       ] GC(1277) Pause Young (Allocation Failure)
[139.960s][info][gc,heap        ] GC(1277) DefNew: 154009K(157248K)->12296K(157248K) Eden: 139776K(139776K)->0K(139776K) From: 14233K(17472K)->12296K(17472K)
[139.960s][info][gc,heap        ] GC(1277) Tenured: 102674K(349568K)->110323K(349568K)
[139.960s][info][gc,metaspace   ] GC(1277) Metaspace: 61824K(62720K)->61824K(62720K) NonClass: 54241K(54720K)->54241K(54720K) Class: 7583K(8000K)->7583K(8000K)
[139.960s][info][gc             ] GC(1277) Pause Young (Allocation Failure) 250M->119M(494M) 40.605ms
[139.960s][info][gc,cpu         ] GC(1277) User=0.05s Sys=0.00s Real=0.05s
[140.013s][info][gc,start       ] GC(1278) Pause Young (Allocation Failure)
[140.055s][info][gc,heap        ] GC(1278) DefNew: 152072K(157248K)->11384K(157248K) Eden: 139776K(139776K)->0K(139776K) From: 12296K(17472K)->11384K(17472K)
[140.055s][info][gc,heap        ] GC(1278) Tenured: 110323K(349568K)->116906K(349568K)
[140.055s][info][gc,metaspace   ] GC(1278) Metaspace: 61824K(62720K)->61824K(62720K) NonClass: 54241K(54720K)->54241K(54720K) Class: 7583K(8000K)->7583K(8000K)
[140.056s][info][gc             ] GC(1278) Pause Young (Allocation Failure) 256M->125M(494M) 42.869ms
[140.056s][info][gc,cpu         ] GC(1278) User=0.05s Sys=0.00s Real=0.05s
[140.112s][info][gc,start       ] GC(1279) Pause Young (Allocation Failure)
[140.159s][info][gc,heap        ] GC(1279) DefNew: 151160K(157248K)->12913K(157248K) Eden: 139776K(139776K)->0K(139776K) From: 11384K(17472K)->12913K(17472K)
[140.159s][info][gc,heap        ] GC(1279) Tenured: 116906K(349568K)->122619K(349568K)
[140.159s][info][gc,metaspace   ] GC(1279) Metaspace: 61824K(62720K)->61824K(62720K) NonClass: 54241K(54720K)->54241K(54720K) Class: 7583K(8000K)->7583K(8000K)
[140.159s][info][gc             ] GC(1279) Pause Young (Allocation Failure) 261M->132M(494M) 47.025ms
[140.160s][info][gc,cpu         ] GC(1279) User=0.05s Sys=0.00s Real=0.05s
[140.210s][info][gc,start       ] GC(1280) Pause Young (Allocation Failure)
[140.248s][info][gc,heap        ] GC(1280) DefNew: 152689K(157248K)->12404K(157248K) Eden: 139776K(139776K)->0K(139776K) From: 12913K(17472K)->12404K(17472K)
[140.248s][info][gc,heap        ] GC(1280) Tenured: 122619K(349568K)->128290K(349568K)
[140.248s][info][gc,metaspace   ] GC(1280) Metaspace: 61824K(62720K)->61824K(62720K) NonClass: 54241K(54720K)->54241K(54720K) Class: 7583K(8000K)->7583K(8000K)
[140.248s][info][gc             ] GC(1280) Pause Young (Allocation Failure) 268M->137M(494M) 38.111ms
[140.249s][info][gc,cpu         ] GC(1280) User=0.03s Sys=0.00s Real=0.03s
[140.303s][info][gc,start       ] GC(1281) Pause Young (Allocation Failure)
[140.346s][info][gc,heap        ] GC(1281) DefNew: 152180K(157248K)->10834K(157248K) Eden: 139776K(139776K)->0K(139776K) From: 12404K(17472K)->10834K(17472K)
[140.346s][info][gc,heap        ] GC(1281) Tenured: 128290K(349568K)->135532K(349568K)
[140.346s][info][gc,metaspace   ] GC(1281) Metaspace: 61824K(62720K)->61824K(62720K) NonClass: 54241K(54720K)->54241K(54720K) Class: 7583K(8000K)->7583K(8000K)
[140.346s][info][gc             ] GC(1281) Pause Young (Allocation Failure) 273M->142M(494M) 42.504ms
[140.346s][info][gc,cpu         ] GC(1281) User=0.05s Sys=0.00s Real=0.05s
[140.407s][info][gc,start       ] GC(1282) Pause Young (Allocation Failure)
[140.431s][info][gc,heap        ] GC(1282) DefNew: 150610K(157248K)->5683K(157248K) Eden: 139776K(139776K)->0K(139776K) From: 10834K(17472K)->5683K(17472K)
[140.431s][info][gc,heap        ] GC(1282) Tenured: 135532K(349568K)->140694K(349568K)
[140.431s][info][gc,metaspace   ] GC(1282) Metaspace: 61824K(62720K)->61824K(62720K) NonClass: 54241K(54720K)->54241K(54720K) Class: 7583K(8000K)->7583K(8000K)
[140.431s][info][gc             ] GC(1282) Pause Young (Allocation Failure) 279M->142M(494M) 23.928ms
[140.431s][info][gc,cpu         ] GC(1282) User=0.02s Sys=0.00s Real=0.01s
[140.484s][info][gc,start       ] GC(1283) Pause Young (Allocation Failure)
[140.498s][info][gc,heap        ] GC(1283) DefNew: 145459K(157248K)->5683K(157248K) Eden: 139776K(139776K)->0K(139776K) From: 5683K(17472K)->5683K(17472K)
[140.498s][info][gc,heap        ] GC(1283) Tenured: 140694K(349568K)->140694K(349568K)
[140.498s][info][gc,metaspace   ] GC(1283) Metaspace: 61824K(62720K)->61824K(62720K) NonClass: 54241K(54720K)->54241K(54720K) Class: 7583K(8000K)->7583K(8000K)
[140.498s][info][gc             ] GC(1283) Pause Young (Allocation Failure) 279M->142M(494M) 14.615ms
[140.498s][info][gc,cpu         ] GC(1283) User=0.00s Sys=0.00s Real=0.01s
[140.548s][info][gc,start       ] GC(1284) Pause Young (Allocation Failure)
[140.563s][info][gc,heap        ] GC(1284) DefNew: 145459K(157248K)->5683K(157248K) Eden: 139776K(139776K)->0K(139776K) From: 5683K(17472K)->5683K(17472K)
[140.563s][info][gc,heap        ] GC(1284) Tenured: 140694K(349568K)->140694K(349568K)
[140.563s][info][gc,metaspace   ] GC(1284) Metaspace: 61824K(62720K)->61824K(62720K) NonClass: 54241K(54720K)->54241K(54720K) Class: 7583K(8000K)->7583K(8000K)
[140.563s][info][gc             ] GC(1284) Pause Young (Allocation Failure) 279M->142M(494M) 15.562ms
[140.563s][info][gc,cpu         ] GC(1284) User=0.02s Sys=0.00s Real=0.01s
[140.610s][info][gc,start       ] GC(1285) Pause Young (Allocation Failure)
[140.625s][info][gc,heap        ] GC(1285) DefNew: 145459K(157248K)->5683K(157248K) Eden: 139776K(139776K)->0K(139776K) From: 5683K(17472K)->5683K(17472K)
[140.625s][info][gc,heap        ] GC(1285) Tenured: 140694K(349568K)->140694K(349568K)
[140.625s][info][gc,metaspace   ] GC(1285) Metaspace: 61824K(62720K)->61824K(62720K) NonClass: 54241K(54720K)->54241K(54720K) Class: 7583K(8000K)->7583K(8000K)
[140.625s][info][gc             ] GC(1285) Pause Young (Allocation Failure) 279M->142M(494M) 14.883ms
[140.625s][info][gc,cpu         ] GC(1285) User=0.02s Sys=0.00s Real=0.02s
[140.671s][info][gc,start       ] GC(1286) Pause Young (Allocation Failure)
[140.686s][info][gc,heap        ] GC(1286) DefNew: 145459K(157248K)->5683K(157248K) Eden: 139776K(139776K)->0K(139776K) From: 5683K(17472K)->5683K(17472K)
[140.686s][info][gc,heap        ] GC(1286) Tenured: 140694K(349568K)->140694K(349568K)
[140.686s][info][gc,metaspace   ] GC(1286) Metaspace: 61824K(62720K)->61824K(62720K) NonClass: 54241K(54720K)->54241K(54720K) Class: 7583K(8000K)->7583K(8000K)
[140.686s][info][gc             ] GC(1286) Pause Young (Allocation Failure) 279M->142M(494M) 15.051ms
[140.686s][info][gc,cpu         ] GC(1286) User=0.02s Sys=0.00s Real=0.01s
[140.732s][info][gc,start       ] GC(1287) Pause Young (Allocation Failure)
[140.747s][info][gc,heap        ] GC(1287) DefNew: 145459K(157248K)->5683K(157248K) Eden: 139776K(139776K)->0K(139776K) From: 5683K(17472K)->5683K(17472K)
[140.747s][info][gc,heap        ] GC(1287) Tenured: 140694K(349568K)->140694K(349568K)
[140.747s][info][gc,metaspace   ] GC(1287) Metaspace: 61824K(62720K)->61824K(62720K) NonClass: 54241K(54720K)->54241K(54720K) Class: 7583K(8000K)->7583K(8000K)
[140.747s][info][gc             ] GC(1287) Pause Young (Allocation Failure) 279M->142M(494M) 14.498ms
[140.747s][info][gc,cpu         ] GC(1287) User=0.02s Sys=0.00s Real=0.02s
[140.827s][info][gc,start       ] GC(1288) Pause Young (Allocation Failure)
[141.014s][info][gc,heap        ] GC(1288) DefNew: 145459K(157248K)->5695K(157248K) Eden: 139776K(139776K)->0K(139776K) From: 5683K(17472K)->5695K(17472K)
[141.014s][info][gc,heap        ] GC(1288) Tenured: 140694K(349568K)->140694K(349568K)
[141.014s][info][gc,metaspace   ] GC(1288) Metaspace: 61824K(62720K)->61824K(62720K) NonClass: 54241K(54720K)->54241K(54720K) Class: 7583K(8000K)->7583K(8000K)
[141.015s][info][gc             ] GC(1288) Pause Young (Allocation Failure) 279M->142M(494M) 187.786ms
[141.015s][info][gc,cpu         ] GC(1288) User=0.02s Sys=0.00s Real=0.19s
[141.110s][info][gc,start       ] GC(1289) Pause Young (Allocation Failure)
[141.126s][info][gc,heap        ] GC(1289) DefNew: 145471K(157248K)->5695K(157248K) Eden: 139776K(139776K)->0K(139776K) From: 5695K(17472K)->5695K(17472K)
[141.126s][info][gc,heap        ] GC(1289) Tenured: 140694K(349568K)->140694K(349568K)
[141.126s][info][gc,metaspace   ] GC(1289) Metaspace: 61824K(62720K)->61824K(62720K) NonClass: 54241K(54720K)->54241K(54720K) Class: 7583K(8000K)->7583K(8000K)
[141.126s][info][gc             ] GC(1289) Pause Young (Allocation Failure) 279M->142M(494M) 16.104ms
[141.126s][info][gc,cpu         ] GC(1289) User=0.02s Sys=0.00s Real=0.02s
[141.213s][info][gc,start       ] GC(1290) Pause Young (Allocation Failure)
[141.228s][info][gc,heap        ] GC(1290) DefNew: 145471K(157248K)->5695K(157248K) Eden: 139776K(139776K)->0K(139776K) From: 5695K(17472K)->5695K(17472K)
[141.228s][info][gc,heap        ] GC(1290) Tenured: 140694K(349568K)->140694K(349568K)
[141.228s][info][gc,metaspace   ] GC(1290) Metaspace: 61824K(62720K)->61824K(62720K) NonClass: 54241K(54720K)->54241K(54720K) Class: 7583K(8000K)->7583K(8000K)
[141.229s][info][gc             ] GC(1290) Pause Young (Allocation Failure) 279M->142M(494M) 15.380ms
[141.229s][info][gc,cpu         ] GC(1290) User=0.02s Sys=0.00s Real=0.02s
[141.313s][info][gc,start       ] GC(1291) Pause Young (Allocation Failure)
[141.328s][info][gc,heap        ] GC(1291) DefNew: 145471K(157248K)->5695K(157248K) Eden: 139776K(139776K)->0K(139776K) From: 5695K(17472K)->5695K(17472K)
[141.328s][info][gc,heap        ] GC(1291) Tenured: 140694K(349568K)->140694K(349568K)
[141.328s][info][gc,metaspace   ] GC(1291) Metaspace: 61824K(62720K)->61824K(62720K) NonClass: 54241K(54720K)->54241K(54720K) Class: 7583K(8000K)->7583K(8000K)
[141.328s][info][gc             ] GC(1291) Pause Young (Allocation Failure) 279M->142M(494M) 15.569ms
[141.328s][info][gc,cpu         ] GC(1291) User=0.02s Sys=0.00s Real=0.02s
[141.412s][info][gc,start       ] GC(1292) Pause Young (Allocation Failure)
[141.427s][info][gc,heap        ] GC(1292) DefNew: 145471K(157248K)->5695K(157248K) Eden: 139776K(139776K)->0K(139776K) From: 5695K(17472K)->5695K(17472K)
[141.427s][info][gc,heap        ] GC(1292) Tenured: 140694K(349568K)->140694K(349568K)
[141.427s][info][gc,metaspace   ] GC(1292) Metaspace: 61824K(62720K)->61824K(62720K) NonClass: 54241K(54720K)->54241K(54720K) Class: 7583K(8000K)->7583K(8000K)
[141.428s][info][gc             ] GC(1292) Pause Young (Allocation Failure) 279M->142M(494M) 15.794ms
[141.428s][info][gc,cpu         ] GC(1292) User=0.02s Sys=0.00s Real=0.02s
[141.530s][info][gc,start       ] GC(1293) Pause Young (Allocation Failure)
[141.545s][info][gc,heap        ] GC(1293) DefNew: 145471K(157248K)->5695K(157248K) Eden: 139776K(139776K)->0K(139776K) From: 5695K(17472K)->5695K(17472K)
[141.545s][info][gc,heap        ] GC(1293) Tenured: 140694K(349568K)->140694K(349568K)
[141.545s][info][gc,metaspace   ] GC(1293) Metaspace: 61824K(62720K)->61824K(62720K) NonClass: 54241K(54720K)->54241K(54720K) Class: 7583K(8000K)->7583K(8000K)
[141.545s][info][gc             ] GC(1293) Pause Young (Allocation Failure) 279M->142M(494M) 15.243ms
[141.546s][info][gc,cpu         ] GC(1293) User=0.02s Sys=0.00s Real=0.02s
[141.632s][info][gc,start       ] GC(1294) Pause Young (Allocation Failure)
[141.648s][info][gc,heap        ] GC(1294) DefNew: 145471K(157248K)->5695K(157248K) Eden: 139776K(139776K)->0K(139776K) From: 5695K(17472K)->5695K(17472K)
[141.648s][info][gc,heap        ] GC(1294) Tenured: 140694K(349568K)->140694K(349568K)
[141.648s][info][gc,metaspace   ] GC(1294) Metaspace: 61824K(62720K)->61824K(62720K) NonClass: 54241K(54720K)->54241K(54720K) Class: 7583K(8000K)->7583K(8000K)
[141.648s][info][gc             ] GC(1294) Pause Young (Allocation Failure) 279M->142M(494M) 15.819ms
[141.648s][info][gc,cpu         ] GC(1294) User=0.02s Sys=0.00s Real=0.01s
[141.673s][info][gc,start       ] GC(1295) Pause Full (System.gc())
[141.673s][info][gc,phases,start] GC(1295) Phase 1: Mark live objects
[141.753s][info][gc,phases      ] GC(1295) Phase 1: Mark live objects 79.557ms
[141.753s][info][gc,phases,start] GC(1295) Phase 2: Compute new object addresses
[141.796s][info][gc,phases      ] GC(1295) Phase 2: Compute new object addresses 43.517ms
[141.796s][info][gc,phases,start] GC(1295) Phase 3: Adjust pointers
[141.840s][info][gc,phases      ] GC(1295) Phase 3: Adjust pointers 44.295ms
[141.841s][info][gc,phases,start] GC(1295) Phase 4: Move objects
[141.841s][info][gc,phases      ] GC(1295) Phase 4: Move objects 0.028ms
[141.841s][info][gc,heap        ] GC(1295) DefNew: 14305K(157248K)->0K(157248K) Eden: 8609K(139776K)->0K(139776K) From: 5695K(17472K)->0K(17472K)
[141.841s][info][gc,heap        ] GC(1295) Tenured: 140694K(349568K)->103107K(349568K)
[141.841s][info][gc,metaspace   ] GC(1295) Metaspace: 61831K(62720K)->61831K(62720K) NonClass: 54247K(54720K)->54247K(54720K) Class: 7583K(8000K)->7583K(8000K)
[141.841s][info][gc             ] GC(1295) Pause Full (System.gc()) 151M->100M(494M) 168.342ms
[141.841s][info][gc,cpu         ] GC(1295) User=0.17s Sys=0.00s Real=0.16s
[141.964s][info][gc,start       ] GC(1296) Pause Young (Allocation Failure)
[141.975s][info][gc,heap        ] GC(1296) DefNew: 139776K(157248K)->2214K(157248K) Eden: 139776K(139776K)->0K(139776K) From: 0K(17472K)->2214K(17472K)
[141.975s][info][gc,heap        ] GC(1296) Tenured: 103107K(349568K)->103107K(349568K)
[141.975s][info][gc,metaspace   ] GC(1296) Metaspace: 61839K(62720K)->61839K(62720K) NonClass: 54255K(54720K)->54255K(54720K) Class: 7584K(8000K)->7584K(8000K)
[141.975s][info][gc             ] GC(1296) Pause Young (Allocation Failure) 237M->102M(494M) 11.735ms
[141.975s][info][gc,cpu         ] GC(1296) User=0.00s Sys=0.00s Real=0.00s
[142.025s][info][gc,start       ] GC(1297) Pause Young (Allocation Failure)
[142.053s][info][gc,heap        ] GC(1297) DefNew: 141990K(157248K)->7373K(157248K) Eden: 139776K(139776K)->0K(139776K) From: 2214K(17472K)->7373K(17472K)
[142.053s][info][gc,heap        ] GC(1297) Tenured: 103107K(349568K)->103107K(349568K)
[142.053s][info][gc,metaspace   ] GC(1297) Metaspace: 61839K(62720K)->61839K(62720K) NonClass: 54255K(54720K)->54255K(54720K) Class: 7584K(8000K)->7584K(8000K)
[142.053s][info][gc             ] GC(1297) Pause Young (Allocation Failure) 239M->107M(494M) 27.509ms
[142.053s][info][gc,cpu         ] GC(1297) User=0.02s Sys=0.00s Real=0.02s
[142.105s][info][gc,start       ] GC(1298) Pause Young (Allocation Failure)
[142.141s][info][gc,heap        ] GC(1298) DefNew: 147149K(157248K)->12943K(157248K) Eden: 139776K(139776K)->0K(139776K) From: 7373K(17472K)->12943K(17472K)
[142.141s][info][gc,heap        ] GC(1298) Tenured: 103107K(349568K)->103107K(349568K)
[142.141s][info][gc,metaspace   ] GC(1298) Metaspace: 61839K(62720K)->61839K(62720K) NonClass: 54255K(54720K)->54255K(54720K) Class: 7584K(8000K)->7584K(8000K)
[142.141s][info][gc             ] GC(1298) Pause Young (Allocation Failure) 244M->113M(494M) 36.524ms
[142.141s][info][gc,cpu         ] GC(1298) User=0.03s Sys=0.00s Real=0.03s
[142.197s][info][gc,start       ] GC(1299) Pause Young (Allocation Failure)
[142.237s][info][gc,heap        ] GC(1299) DefNew: 152719K(157248K)->12002K(157248K) Eden: 139776K(139776K)->0K(139776K) From: 12943K(17472K)->12002K(17472K)
[142.242s][info][gc,heap        ] GC(1299) Tenured: 103107K(349568K)->109967K(349568K)
[142.242s][info][gc,metaspace   ] GC(1299) Metaspace: 61839K(62720K)->61839K(62720K) NonClass: 54255K(54720K)->54255K(54720K) Class: 7584K(8000K)->7584K(8000K)
[142.242s][info][gc             ] GC(1299) Pause Young (Allocation Failure) 249M->119M(494M) 45.598ms
[142.242s][info][gc,cpu         ] GC(1299) User=0.03s Sys=0.00s Real=0.05s
[142.291s][info][gc,start       ] GC(1300) Pause Young (Allocation Failure)
[142.326s][info][gc,heap        ] GC(1300) DefNew: 151778K(157248K)->11057K(157248K) Eden: 139776K(139776K)->0K(139776K) From: 12002K(17472K)->11057K(17472K)
[142.326s][info][gc,heap        ] GC(1300) Tenured: 109967K(349568K)->115537K(349568K)
[142.326s][info][gc,metaspace   ] GC(1300) Metaspace: 61839K(62720K)->61839K(62720K) NonClass: 54255K(54720K)->54255K(54720K) Class: 7584K(8000K)->7584K(8000K)
[142.326s][info][gc             ] GC(1300) Pause Young (Allocation Failure) 255M->123M(494M) 35.342ms
[142.326s][info][gc,cpu         ] GC(1300) User=0.03s Sys=0.00s Real=0.03s
[142.384s][info][gc,start       ] GC(1301) Pause Young (Allocation Failure)
[142.428s][info][gc,heap        ] GC(1301) DefNew: 150833K(157248K)->11832K(157248K) Eden: 139776K(139776K)->0K(139776K) From: 11057K(17472K)->11832K(17472K)
[142.428s][info][gc,heap        ] GC(1301) Tenured: 115537K(349568K)->120945K(349568K)
[142.428s][info][gc,metaspace   ] GC(1301) Metaspace: 61839K(62720K)->61839K(62720K) NonClass: 54255K(54720K)->54255K(54720K) Class: 7584K(8000K)->7584K(8000K)
[142.428s][info][gc             ] GC(1301) Pause Young (Allocation Failure) 260M->129M(494M) 43.930ms
[142.428s][info][gc,cpu         ] GC(1301) User=0.03s Sys=0.00s Real=0.03s
[142.480s][info][gc,start       ] GC(1302) Pause Young (Allocation Failure)
[142.520s][info][gc,heap        ] GC(1302) DefNew: 151608K(157248K)->13267K(157248K) Eden: 139776K(139776K)->0K(139776K) From: 11832K(17472K)->13267K(17472K)
[142.520s][info][gc,heap        ] GC(1302) Tenured: 120945K(349568K)->125570K(349568K)
[142.520s][info][gc,metaspace   ] GC(1302) Metaspace: 61839K(62720K)->61839K(62720K) NonClass: 54255K(54720K)->54255K(54720K) Class: 7584K(8000K)->7584K(8000K)
[142.520s][info][gc             ] GC(1302) Pause Young (Allocation Failure) 266M->135M(494M) 39.583ms
[142.520s][info][gc,cpu         ] GC(1302) User=0.03s Sys=0.00s Real=0.03s
[142.575s][info][gc,start       ] GC(1303) Pause Young (Allocation Failure)
[142.620s][info][gc,heap        ] GC(1303) DefNew: 153043K(157248K)->11735K(157248K) Eden: 139776K(139776K)->0K(139776K) From: 13267K(17472K)->11735K(17472K)
[142.620s][info][gc,heap        ] GC(1303) Tenured: 125570K(349568K)->132778K(349568K)
[142.620s][info][gc,metaspace   ] GC(1303) Metaspace: 61839K(62720K)->61839K(62720K) NonClass: 54255K(54720K)->54255K(54720K) Class: 7584K(8000K)->7584K(8000K)
[142.620s][info][gc             ] GC(1303) Pause Young (Allocation Failure) 272M->141M(494M) 44.484ms
[142.620s][info][gc,cpu         ] GC(1303) User=0.05s Sys=0.00s Real=0.05s
[142.678s][info][gc,start       ] GC(1304) Pause Young (Allocation Failure)
[142.706s][info][gc,heap        ] GC(1304) DefNew: 151511K(157248K)->6949K(157248K) Eden: 139776K(139776K)->0K(139776K) From: 11735K(17472K)->6949K(17472K)
[142.707s][info][gc,heap        ] GC(1304) Tenured: 132778K(349568K)->138837K(349568K)
[142.707s][info][gc,metaspace   ] GC(1304) Metaspace: 61840K(62720K)->61840K(62720K) NonClass: 54255K(54720K)->54255K(54720K) Class: 7584K(8000K)->7584K(8000K)
[142.707s][info][gc             ] GC(1304) Pause Young (Allocation Failure) 277M->142M(494M) 28.549ms
[142.707s][info][gc,cpu         ] GC(1304) User=0.03s Sys=0.00s Real=0.03s
[142.770s][info][gc,start       ] GC(1305) Pause Young (Allocation Failure)
[142.787s][info][gc,heap        ] GC(1305) DefNew: 146725K(157248K)->6949K(157248K) Eden: 139776K(139776K)->0K(139776K) From: 6949K(17472K)->6949K(17472K)
[142.787s][info][gc,heap        ] GC(1305) Tenured: 138837K(349568K)->138837K(349568K)
[142.787s][info][gc,metaspace   ] GC(1305) Metaspace: 61840K(62720K)->61840K(62720K) NonClass: 54255K(54720K)->54255K(54720K) Class: 7584K(8000K)->7584K(8000K)
[142.787s][info][gc             ] GC(1305) Pause Young (Allocation Failure) 278M->142M(494M) 17.059ms
[142.787s][info][gc,cpu         ] GC(1305) User=0.02s Sys=0.00s Real=0.02s
[142.841s][info][gc,start       ] GC(1306) Pause Young (Allocation Failure)
[142.858s][info][gc,heap        ] GC(1306) DefNew: 146725K(157248K)->6949K(157248K) Eden: 139776K(139776K)->0K(139776K) From: 6949K(17472K)->6949K(17472K)
[142.858s][info][gc,heap        ] GC(1306) Tenured: 138837K(349568K)->138837K(349568K)
[142.858s][info][gc,metaspace   ] GC(1306) Metaspace: 61840K(62720K)->61840K(62720K) NonClass: 54255K(54720K)->54255K(54720K) Class: 7584K(8000K)->7584K(8000K)
[142.858s][info][gc             ] GC(1306) Pause Young (Allocation Failure) 278M->142M(494M) 16.796ms
[142.858s][info][gc,cpu         ] GC(1306) User=0.02s Sys=0.00s Real=0.02s
[142.905s][info][gc,start       ] GC(1307) Pause Young (Allocation Failure)
[142.921s][info][gc,heap        ] GC(1307) DefNew: 146725K(157248K)->6949K(157248K) Eden: 139776K(139776K)->0K(139776K) From: 6949K(17472K)->6949K(17472K)
[142.921s][info][gc,heap        ] GC(1307) Tenured: 138837K(349568K)->138837K(349568K)
[142.921s][info][gc,metaspace   ] GC(1307) Metaspace: 61840K(62720K)->61840K(62720K) NonClass: 54255K(54720K)->54255K(54720K) Class: 7584K(8000K)->7584K(8000K)
[142.921s][info][gc             ] GC(1307) Pause Young (Allocation Failure) 278M->142M(494M) 15.820ms
[142.921s][info][gc,cpu         ] GC(1307) User=0.02s Sys=0.00s Real=0.02s
[142.970s][info][gc,start       ] GC(1308) Pause Young (Allocation Failure)
[142.988s][info][gc,heap        ] GC(1308) DefNew: 146725K(157248K)->6949K(157248K) Eden: 139776K(139776K)->0K(139776K) From: 6949K(17472K)->6949K(17472K)
[142.988s][info][gc,heap        ] GC(1308) Tenured: 138837K(349568K)->138837K(349568K)
[142.988s][info][gc,metaspace   ] GC(1308) Metaspace: 61840K(62720K)->61840K(62720K) NonClass: 54255K(54720K)->54255K(54720K) Class: 7584K(8000K)->7584K(8000K)
[142.988s][info][gc             ] GC(1308) Pause Young (Allocation Failure) 278M->142M(494M) 17.544ms
[142.988s][info][gc,cpu         ] GC(1308) User=0.02s Sys=0.00s Real=0.02s
[143.049s][info][gc,start       ] GC(1309) Pause Young (Allocation Failure)
[143.067s][info][gc,heap        ] GC(1309) DefNew: 146725K(157248K)->6961K(157248K) Eden: 139776K(139776K)->0K(139776K) From: 6949K(17472K)->6961K(17472K)
[143.067s][info][gc,heap        ] GC(1309) Tenured: 138837K(349568K)->138837K(349568K)
[143.067s][info][gc,metaspace   ] GC(1309) Metaspace: 61840K(62720K)->61840K(62720K) NonClass: 54255K(54720K)->54255K(54720K) Class: 7584K(8000K)->7584K(8000K)
[143.067s][info][gc             ] GC(1309) Pause Young (Allocation Failure) 278M->142M(494M) 18.396ms
[143.067s][info][gc,cpu         ] GC(1309) User=0.02s Sys=0.00s Real=0.01s
[143.161s][info][gc,start       ] GC(1310) Pause Young (Allocation Failure)
[143.179s][info][gc,heap        ] GC(1310) DefNew: 146737K(157248K)->6961K(157248K) Eden: 139776K(139776K)->0K(139776K) From: 6961K(17472K)->6961K(17472K)
[143.179s][info][gc,heap        ] GC(1310) Tenured: 138837K(349568K)->138837K(349568K)
[143.179s][info][gc,metaspace   ] GC(1310) Metaspace: 61840K(62720K)->61840K(62720K) NonClass: 54255K(54720K)->54255K(54720K) Class: 7584K(8000K)->7584K(8000K)
[143.179s][info][gc             ] GC(1310) Pause Young (Allocation Failure) 278M->142M(494M) 17.931ms
[143.179s][info][gc,cpu         ] GC(1310) User=0.03s Sys=0.00s Real=0.03s
[143.267s][info][gc,start       ] GC(1311) Pause Young (Allocation Failure)
[143.282s][info][gc,heap        ] GC(1311) DefNew: 146737K(157248K)->6961K(157248K) Eden: 139776K(139776K)->0K(139776K) From: 6961K(17472K)->6961K(17472K)
[143.282s][info][gc,heap        ] GC(1311) Tenured: 138837K(349568K)->138837K(349568K)
[143.282s][info][gc,metaspace   ] GC(1311) Metaspace: 61840K(62720K)->61840K(62720K) NonClass: 54255K(54720K)->54255K(54720K) Class: 7584K(8000K)->7584K(8000K)
[143.283s][info][gc             ] GC(1311) Pause Young (Allocation Failure) 278M->142M(494M) 16.055ms
[143.283s][info][gc,cpu         ] GC(1311) User=0.02s Sys=0.00s Real=0.02s
[143.370s][info][gc,start       ] GC(1312) Pause Young (Allocation Failure)
[143.389s][info][gc,heap        ] GC(1312) DefNew: 146737K(157248K)->6961K(157248K) Eden: 139776K(139776K)->0K(139776K) From: 6961K(17472K)->6961K(17472K)
[143.389s][info][gc,heap        ] GC(1312) Tenured: 138837K(349568K)->138837K(349568K)
[143.389s][info][gc,metaspace   ] GC(1312) Metaspace: 61840K(62720K)->61840K(62720K) NonClass: 54255K(54720K)->54255K(54720K) Class: 7584K(8000K)->7584K(8000K)
[143.389s][info][gc             ] GC(1312) Pause Young (Allocation Failure) 278M->142M(494M) 18.607ms
[143.389s][info][gc,cpu         ] GC(1312) User=0.02s Sys=0.00s Real=0.02s
[143.478s][info][gc,start       ] GC(1313) Pause Young (Allocation Failure)
[143.493s][info][gc,heap        ] GC(1313) DefNew: 146737K(157248K)->6961K(157248K) Eden: 139776K(139776K)->0K(139776K) From: 6961K(17472K)->6961K(17472K)
[143.493s][info][gc,heap        ] GC(1313) Tenured: 138837K(349568K)->138837K(349568K)
[143.493s][info][gc,metaspace   ] GC(1313) Metaspace: 61840K(62720K)->61840K(62720K) NonClass: 54255K(54720K)->54255K(54720K) Class: 7584K(8000K)->7584K(8000K)
[143.493s][info][gc             ] GC(1313) Pause Young (Allocation Failure) 278M->142M(494M) 15.700ms
[143.494s][info][gc,cpu         ] GC(1313) User=0.02s Sys=0.00s Real=0.02s
[143.580s][info][gc,start       ] GC(1314) Pause Young (Allocation Failure)
[143.598s][info][gc,heap        ] GC(1314) DefNew: 146737K(157248K)->6961K(157248K) Eden: 139776K(139776K)->0K(139776K) From: 6961K(17472K)->6961K(17472K)
[143.598s][info][gc,heap        ] GC(1314) Tenured: 138837K(349568K)->138837K(349568K)
[143.598s][info][gc,metaspace   ] GC(1314) Metaspace: 61840K(62720K)->61840K(62720K) NonClass: 54255K(54720K)->54255K(54720K) Class: 7584K(8000K)->7584K(8000K)
[143.598s][info][gc             ] GC(1314) Pause Young (Allocation Failure) 278M->142M(494M) 17.881ms
[143.598s][info][gc,cpu         ] GC(1314) User=0.02s Sys=0.00s Real=0.02s
[143.685s][info][gc,start       ] GC(1315) Pause Young (Allocation Failure)
[143.702s][info][gc,heap        ] GC(1315) DefNew: 146737K(157248K)->6961K(157248K) Eden: 139776K(139776K)->0K(139776K) From: 6961K(17472K)->6961K(17472K)
[143.702s][info][gc,heap        ] GC(1315) Tenured: 138837K(349568K)->138837K(349568K)
[143.702s][info][gc,metaspace   ] GC(1315) Metaspace: 61840K(62720K)->61840K(62720K) NonClass: 54255K(54720K)->54255K(54720K) Class: 7584K(8000K)->7584K(8000K)
[143.702s][info][gc             ] GC(1315) Pause Young (Allocation Failure) 278M->142M(494M) 17.400ms
[143.702s][info][gc,cpu         ] GC(1315) User=0.02s Sys=0.00s Real=0.02s
[143.804s][info][gc,start       ] GC(1316) Pause Young (Allocation Failure)
[143.822s][info][gc,heap        ] GC(1316) DefNew: 146737K(157248K)->6961K(157248K) Eden: 139776K(139776K)->0K(139776K) From: 6961K(17472K)->6961K(17472K)
[143.822s][info][gc,heap        ] GC(1316) Tenured: 138837K(349568K)->138837K(349568K)
[143.822s][info][gc,metaspace   ] GC(1316) Metaspace: 61840K(62720K)->61840K(62720K) NonClass: 54255K(54720K)->54255K(54720K) Class: 7584K(8000K)->7584K(8000K)
[143.822s][info][gc             ] GC(1316) Pause Young (Allocation Failure) 278M->142M(494M) 17.780ms
[143.822s][info][gc,cpu         ] GC(1316) User=0.02s Sys=0.00s Real=0.02s
[143.848s][info][gc,start       ] GC(1317) Pause Full (System.gc())
[143.849s][info][gc,phases,start] GC(1317) Phase 1: Mark live objects
[143.929s][info][gc,phases      ] GC(1317) Phase 1: Mark live objects 80.717ms
[143.929s][info][gc,phases,start] GC(1317) Phase 2: Compute new object addresses
[143.974s][info][gc,phases      ] GC(1317) Phase 2: Compute new object addresses 44.530ms
[143.974s][info][gc,phases,start] GC(1317) Phase 3: Adjust pointers
[144.018s][info][gc,phases      ] GC(1317) Phase 3: Adjust pointers 44.542ms
[144.018s][info][gc,phases,start] GC(1317) Phase 4: Move objects
[144.018s][info][gc,phases      ] GC(1317) Phase 4: Move objects 0.029ms
[144.019s][info][gc,heap        ] GC(1317) DefNew: 18580K(157248K)->0K(157248K) Eden: 11619K(139776K)->0K(139776K) From: 6961K(17472K)->0K(17472K)
[144.019s][info][gc,heap        ] GC(1317) Tenured: 138837K(349568K)->103541K(349568K)
[144.019s][info][gc,metaspace   ] GC(1317) Metaspace: 61841K(62720K)->61841K(62720K) NonClass: 54256K(54720K)->54256K(54720K) Class: 7584K(8000K)->7584K(8000K)
[144.019s][info][gc             ] GC(1317) Pause Full (System.gc()) 153M->101M(494M) 170.732ms
[144.019s][info][gc,cpu         ] GC(1317) User=0.17s Sys=0.00s Real=0.17s
[144.139s][info][gc,start       ] GC(1318) Pause Young (Allocation Failure)
[144.150s][info][gc,heap        ] GC(1318) DefNew: 139776K(157248K)->2088K(157248K) Eden: 139776K(139776K)->0K(139776K) From: 0K(17472K)->2088K(17472K)
[144.150s][info][gc,heap        ] GC(1318) Tenured: 103541K(349568K)->103541K(349568K)
[144.150s][info][gc,metaspace   ] GC(1318) Metaspace: 61841K(62720K)->61841K(62720K) NonClass: 54257K(54720K)->54257K(54720K) Class: 7584K(8000K)->7584K(8000K)
[144.150s][info][gc             ] GC(1318) Pause Young (Allocation Failure) 237M->103M(494M) 11.403ms
[144.150s][info][gc,cpu         ] GC(1318) User=0.02s Sys=0.00s Real=0.02s
[144.195s][info][gc,start       ] GC(1319) Pause Young (Allocation Failure)
[144.223s][info][gc,heap        ] GC(1319) DefNew: 141864K(157248K)->7164K(157248K) Eden: 139776K(139776K)->0K(139776K) From: 2088K(17472K)->7164K(17472K)
[144.223s][info][gc,heap        ] GC(1319) Tenured: 103541K(349568K)->103541K(349568K)
[144.223s][info][gc,metaspace   ] GC(1319) Metaspace: 61841K(62720K)->61841K(62720K) NonClass: 54257K(54720K)->54257K(54720K) Class: 7584K(8000K)->7584K(8000K)
[144.223s][info][gc             ] GC(1319) Pause Young (Allocation Failure) 239M->108M(494M) 27.415ms
[144.223s][info][gc,cpu         ] GC(1319) User=0.02s Sys=0.00s Real=0.02s
[144.276s][info][gc,start       ] GC(1320) Pause Young (Allocation Failure)
[144.312s][info][gc,heap        ] GC(1320) DefNew: 146940K(157248K)->12668K(157248K) Eden: 139776K(139776K)->0K(139776K) From: 7164K(17472K)->12668K(17472K)
[144.312s][info][gc,heap        ] GC(1320) Tenured: 103541K(349568K)->103541K(349568K)
[144.312s][info][gc,metaspace   ] GC(1320) Metaspace: 61841K(62720K)->61841K(62720K) NonClass: 54257K(54720K)->54257K(54720K) Class: 7584K(8000K)->7584K(8000K)
[144.312s][info][gc             ] GC(1320) Pause Young (Allocation Failure) 244M->113M(494M) 36.158ms
[144.312s][info][gc,cpu         ] GC(1320) User=0.03s Sys=0.00s Real=0.03s
[144.366s][info][gc,start       ] GC(1321) Pause Young (Allocation Failure)
[144.407s][info][gc,heap        ] GC(1321) DefNew: 152444K(157248K)->11783K(157248K) Eden: 139776K(139776K)->0K(139776K) From: 12668K(17472K)->11783K(17472K)
[144.407s][info][gc,heap        ] GC(1321) Tenured: 103541K(349568K)->110186K(349568K)
[144.407s][info][gc,metaspace   ] GC(1321) Metaspace: 61841K(62720K)->61841K(62720K) NonClass: 54257K(54720K)->54257K(54720K) Class: 7584K(8000K)->7584K(8000K)
[144.407s][info][gc             ] GC(1321) Pause Young (Allocation Failure) 249M->119M(494M) 41.318ms
[144.407s][info][gc,cpu         ] GC(1321) User=0.03s Sys=0.02s Real=0.05s
[144.463s][info][gc,start       ] GC(1322) Pause Young (Allocation Failure)
[144.502s][info][gc,heap        ] GC(1322) DefNew: 151559K(157248K)->11989K(157248K) Eden: 139776K(139776K)->0K(139776K) From: 11783K(17472K)->11989K(17472K)
[144.502s][info][gc,heap        ] GC(1322) Tenured: 110186K(349568K)->115696K(349568K)
[144.502s][info][gc,metaspace   ] GC(1322) Metaspace: 61841K(62720K)->61841K(62720K) NonClass: 54257K(54720K)->54257K(54720K) Class: 7584K(8000K)->7584K(8000K)
[144.502s][info][gc             ] GC(1322) Pause Young (Allocation Failure) 255M->124M(494M) 38.813ms
[144.502s][info][gc,cpu         ] GC(1322) User=0.03s Sys=0.00s Real=0.03s
[144.556s][info][gc,start       ] GC(1323) Pause Young (Allocation Failure)
[144.596s][info][gc,heap        ] GC(1323) DefNew: 151765K(157248K)->12977K(157248K) Eden: 139776K(139776K)->0K(139776K) From: 11989K(17472K)->12977K(17472K)
[144.596s][info][gc,heap        ] GC(1323) Tenured: 115696K(349568K)->120944K(349568K)
[144.596s][info][gc,metaspace   ] GC(1323) Metaspace: 61844K(62720K)->61844K(62720K) NonClass: 54260K(54720K)->54260K(54720K) Class: 7584K(8000K)->7584K(8000K)
[144.596s][info][gc             ] GC(1323) Pause Young (Allocation Failure) 261M->130M(494M) 40.911ms
[144.596s][info][gc,cpu         ] GC(1323) User=0.03s Sys=0.00s Real=0.03s
[144.654s][info][gc,start       ] GC(1324) Pause Young (Allocation Failure)
[144.692s][info][gc,heap        ] GC(1324) DefNew: 152753K(157248K)->12968K(157248K) Eden: 139776K(139776K)->0K(139776K) From: 12977K(17472K)->12968K(17472K)
[144.693s][info][gc,heap        ] GC(1324) Tenured: 120944K(349568K)->126659K(349568K)
[144.693s][info][gc,metaspace   ] GC(1324) Metaspace: 61844K(62720K)->61844K(62720K) NonClass: 54260K(54720K)->54260K(54720K) Class: 7584K(8000K)->7584K(8000K)
[144.693s][info][gc             ] GC(1324) Pause Young (Allocation Failure) 267M->136M(494M) 38.926ms
[144.693s][info][gc,cpu         ] GC(1324) User=0.03s Sys=0.00s Real=0.03s
[144.746s][info][gc,start       ] GC(1325) Pause Young (Allocation Failure)
[144.788s][info][gc,heap        ] GC(1325) DefNew: 152744K(157248K)->11436K(157248K) Eden: 139776K(139776K)->0K(139776K) From: 12968K(17472K)->11436K(17472K)
[144.788s][info][gc,heap        ] GC(1325) Tenured: 126659K(349568K)->133921K(349568K)
[144.788s][info][gc,metaspace   ] GC(1325) Metaspace: 61844K(62720K)->61844K(62720K) NonClass: 54260K(54720K)->54260K(54720K) Class: 7584K(8000K)->7584K(8000K)
[144.788s][info][gc             ] GC(1325) Pause Young (Allocation Failure) 272M->141M(494M) 42.848ms
[144.789s][info][gc,cpu         ] GC(1325) User=0.05s Sys=0.00s Real=0.05s
[144.852s][info][gc,start       ] GC(1326) Pause Young (Allocation Failure)
[144.868s][info][gc,heap        ] GC(1326) DefNew: 151212K(157248K)->6610K(157248K) Eden: 139776K(139776K)->0K(139776K) From: 11436K(17472K)->6610K(17472K)
[144.868s][info][gc,heap        ] GC(1326) Tenured: 133921K(349568K)->139628K(349568K)
[144.868s][info][gc,metaspace   ] GC(1326) Metaspace: 61852K(62720K)->61852K(62720K) NonClass: 54267K(54720K)->54267K(54720K) Class: 7584K(8000K)->7584K(8000K)
[144.868s][info][gc             ] GC(1326) Pause Young (Allocation Failure) 278M->142M(494M) 16.039ms
[144.868s][info][gc,cpu         ] GC(1326) User=0.02s Sys=0.00s Real=0.01s
[144.937s][info][gc,start       ] GC(1327) Pause Young (Allocation Failure)
[144.953s][info][gc,heap        ] GC(1327) DefNew: 146386K(157248K)->6610K(157248K) Eden: 139776K(139776K)->0K(139776K) From: 6610K(17472K)->6610K(17472K)
[144.953s][info][gc,heap        ] GC(1327) Tenured: 139628K(349568K)->139628K(349568K)
[144.953s][info][gc,metaspace   ] GC(1327) Metaspace: 61852K(62720K)->61852K(62720K) NonClass: 54267K(54720K)->54267K(54720K) Class: 7584K(8000K)->7584K(8000K)
[144.953s][info][gc             ] GC(1327) Pause Young (Allocation Failure) 279M->142M(494M) 16.439ms
[144.953s][info][gc,cpu         ] GC(1327) User=0.02s Sys=0.00s Real=0.02s
[145.006s][info][gc,start       ] GC(1328) Pause Young (Allocation Failure)
[145.160s][info][gc,heap        ] GC(1328) DefNew: 146386K(157248K)->6610K(157248K) Eden: 139776K(139776K)->0K(139776K) From: 6610K(17472K)->6610K(17472K)
[145.160s][info][gc,heap        ] GC(1328) Tenured: 139628K(349568K)->139628K(349568K)
[145.160s][info][gc,metaspace   ] GC(1328) Metaspace: 61852K(62720K)->61852K(62720K) NonClass: 54267K(54720K)->54267K(54720K) Class: 7584K(8000K)->7584K(8000K)
[145.160s][info][gc             ] GC(1328) Pause Young (Allocation Failure) 279M->142M(494M) 153.641ms
[145.160s][info][gc,cpu         ] GC(1328) User=0.02s Sys=0.00s Real=0.16s
[145.220s][info][gc,start       ] GC(1329) Pause Young (Allocation Failure)
[145.237s][info][gc,heap        ] GC(1329) DefNew: 146386K(157248K)->6610K(157248K) Eden: 139776K(139776K)->0K(139776K) From: 6610K(17472K)->6610K(17472K)
[145.238s][info][gc,heap        ] GC(1329) Tenured: 139628K(349568K)->139628K(349568K)
[145.238s][info][gc,metaspace   ] GC(1329) Metaspace: 61852K(62720K)->61852K(62720K) NonClass: 54267K(54720K)->54267K(54720K) Class: 7584K(8000K)->7584K(8000K)
[145.238s][info][gc             ] GC(1329) Pause Young (Allocation Failure) 279M->142M(494M) 17.604ms
[145.238s][info][gc,cpu         ] GC(1329) User=0.02s Sys=0.00s Real=0.02s
[145.287s][info][gc,start       ] GC(1330) Pause Young (Allocation Failure)
[145.303s][info][gc,heap        ] GC(1330) DefNew: 146386K(157248K)->6610K(157248K) Eden: 139776K(139776K)->0K(139776K) From: 6610K(17472K)->6610K(17472K)
[145.303s][info][gc,heap        ] GC(1330) Tenured: 139628K(349568K)->139628K(349568K)
[145.303s][info][gc,metaspace   ] GC(1330) Metaspace: 61852K(62720K)->61852K(62720K) NonClass: 54267K(54720K)->54267K(54720K) Class: 7584K(8000K)->7584K(8000K)
[145.303s][info][gc             ] GC(1330) Pause Young (Allocation Failure) 279M->142M(494M) 15.664ms
[145.303s][info][gc,cpu         ] GC(1330) User=0.02s Sys=0.00s Real=0.01s
[145.361s][info][gc,start       ] GC(1331) Pause Young (Allocation Failure)
[145.378s][info][gc,heap        ] GC(1331) DefNew: 146386K(157248K)->6620K(157248K) Eden: 139776K(139776K)->0K(139776K) From: 6610K(17472K)->6620K(17472K)
[145.379s][info][gc,heap        ] GC(1331) Tenured: 139628K(349568K)->139628K(349568K)
[145.379s][info][gc,metaspace   ] GC(1331) Metaspace: 61852K(62720K)->61852K(62720K) NonClass: 54267K(54720K)->54267K(54720K) Class: 7584K(8000K)->7584K(8000K)
[145.379s][info][gc             ] GC(1331) Pause Young (Allocation Failure) 279M->142M(494M) 17.998ms
[145.379s][info][gc,cpu         ] GC(1331) User=0.02s Sys=0.00s Real=0.01s
[145.472s][info][gc,start       ] GC(1332) Pause Young (Allocation Failure)
[145.489s][info][gc,heap        ] GC(1332) DefNew: 146396K(157248K)->6620K(157248K) Eden: 139776K(139776K)->0K(139776K) From: 6620K(17472K)->6620K(17472K)
[145.489s][info][gc,heap        ] GC(1332) Tenured: 139628K(349568K)->139628K(349568K)
[145.489s][info][gc,metaspace   ] GC(1332) Metaspace: 61852K(62720K)->61852K(62720K) NonClass: 54267K(54720K)->54267K(54720K) Class: 7584K(8000K)->7584K(8000K)
[145.489s][info][gc             ] GC(1332) Pause Young (Allocation Failure) 279M->142M(494M) 17.701ms
[145.489s][info][gc,cpu         ] GC(1332) User=0.02s Sys=0.00s Real=0.02s
[145.579s][info][gc,start       ] GC(1333) Pause Young (Allocation Failure)
[145.586s][info][gc,heap        ] GC(1333) DefNew: 146396K(157248K)->6620K(157248K) Eden: 139776K(139776K)->0K(139776K) From: 6620K(17472K)->6620K(17472K)
[145.586s][info][gc,heap        ] GC(1333) Tenured: 139628K(349568K)->139628K(349568K)
[145.586s][info][gc,metaspace   ] GC(1333) Metaspace: 61852K(62720K)->61852K(62720K) NonClass: 54267K(54720K)->54267K(54720K) Class: 7584K(8000K)->7584K(8000K)
[145.586s][info][gc             ] GC(1333) Pause Young (Allocation Failure) 279M->142M(494M) 7.023ms
[145.586s][info][gc,cpu         ] GC(1333) User=0.02s Sys=0.00s Real=0.02s
[145.682s][info][gc,start       ] GC(1334) Pause Young (Allocation Failure)
[145.699s][info][gc,heap        ] GC(1334) DefNew: 146396K(157248K)->6621K(157248K) Eden: 139776K(139776K)->0K(139776K) From: 6620K(17472K)->6621K(17472K)
[145.700s][info][gc,heap        ] GC(1334) Tenured: 139628K(349568K)->139628K(349568K)
[145.700s][info][gc,metaspace   ] GC(1334) Metaspace: 61852K(62720K)->61852K(62720K) NonClass: 54267K(54720K)->54267K(54720K) Class: 7584K(8000K)->7584K(8000K)
[145.700s][info][gc             ] GC(1334) Pause Young (Allocation Failure) 279M->142M(494M) 17.823ms
[145.700s][info][gc,cpu         ] GC(1334) User=0.02s Sys=0.00s Real=0.02s
[145.795s][info][gc,start       ] GC(1335) Pause Young (Allocation Failure)
[145.812s][info][gc,heap        ] GC(1335) DefNew: 146397K(157248K)->6620K(157248K) Eden: 139776K(139776K)->0K(139776K) From: 6621K(17472K)->6620K(17472K)
[145.812s][info][gc,heap        ] GC(1335) Tenured: 139628K(349568K)->139628K(349568K)
[145.812s][info][gc,metaspace   ] GC(1335) Metaspace: 61852K(62720K)->61852K(62720K) NonClass: 54267K(54720K)->54267K(54720K) Class: 7584K(8000K)->7584K(8000K)
[145.812s][info][gc             ] GC(1335) Pause Young (Allocation Failure) 279M->142M(494M) 16.961ms
[145.812s][info][gc,cpu         ] GC(1335) User=0.02s Sys=0.00s Real=0.02s
[145.898s][info][gc,start       ] GC(1336) Pause Young (Allocation Failure)
[145.914s][info][gc,heap        ] GC(1336) DefNew: 146396K(157248K)->6620K(157248K) Eden: 139776K(139776K)->0K(139776K) From: 6620K(17472K)->6620K(17472K)
[145.914s][info][gc,heap        ] GC(1336) Tenured: 139628K(349568K)->139628K(349568K)
[145.914s][info][gc,metaspace   ] GC(1336) Metaspace: 61852K(62720K)->61852K(62720K) NonClass: 54267K(54720K)->54267K(54720K) Class: 7584K(8000K)->7584K(8000K)
[145.914s][info][gc             ] GC(1336) Pause Young (Allocation Failure) 279M->142M(494M) 16.413ms
[145.914s][info][gc,cpu         ] GC(1336) User=0.02s Sys=0.00s Real=0.02s
[146.000s][info][gc,start       ] GC(1337) Pause Young (Allocation Failure)
[146.015s][info][gc,heap        ] GC(1337) DefNew: 146396K(157248K)->6620K(157248K) Eden: 139776K(139776K)->0K(139776K) From: 6620K(17472K)->6620K(17472K)
[146.015s][info][gc,heap        ] GC(1337) Tenured: 139628K(349568K)->139628K(349568K)
[146.015s][info][gc,metaspace   ] GC(1337) Metaspace: 61852K(62720K)->61852K(62720K) NonClass: 54267K(54720K)->54267K(54720K) Class: 7584K(8000K)->7584K(8000K)
[146.015s][info][gc             ] GC(1337) Pause Young (Allocation Failure) 279M->142M(494M) 15.447ms
[146.015s][info][gc,cpu         ] GC(1337) User=0.02s Sys=0.00s Real=0.02s
[146.103s][info][gc,start       ] GC(1338) Pause Young (Allocation Failure)
[146.120s][info][gc,heap        ] GC(1338) DefNew: 146396K(157248K)->6620K(157248K) Eden: 139776K(139776K)->0K(139776K) From: 6620K(17472K)->6620K(17472K)
[146.120s][info][gc,heap        ] GC(1338) Tenured: 139628K(349568K)->139628K(349568K)
[146.120s][info][gc,metaspace   ] GC(1338) Metaspace: 61852K(62720K)->61852K(62720K) NonClass: 54267K(54720K)->54267K(54720K) Class: 7584K(8000K)->7584K(8000K)
[146.120s][info][gc             ] GC(1338) Pause Young (Allocation Failure) 279M->142M(494M) 17.068ms
[146.120s][info][gc,cpu         ] GC(1338) User=0.02s Sys=0.00s Real=0.01s
[146.320s][info][gc,heap,exit   ] Heap
[146.331s][info][gc,heap,exit   ]  def new generation   total 157248K, used 59159K [0x00000000e0000000, 0x00000000eaaa0000, 0x00000000eaaa0000)
[146.367s][info][gc,heap,exit   ]   eden space 139776K,  37% used [0x00000000e0000000, 0x00000000e334ec88, 0x00000000e8880000)
[146.367s][info][gc,heap,exit   ]   from space 17472K,  37% used [0x00000000e9990000, 0x00000000ea007330, 0x00000000eaaa0000)
[146.367s][info][gc,heap,exit   ]   to   space 17472K,   0% used [0x00000000e8880000, 0x00000000e8880000, 0x00000000e9990000)
[146.367s][info][gc,heap,exit   ]  tenured generation   total 349568K, used 139628K [0x00000000eaaa0000, 0x0000000100000000, 0x0000000100000000)
[146.367s][info][gc,heap,exit   ]    the space 349568K,  39% used [0x00000000eaaa0000, 0x00000000f32fb008, 0x00000000f32fb200, 0x0000000100000000)
[146.367s][info][gc,heap,exit   ]  Metaspace       used 62236K, committed 63168K, reserved 1114112K
[146.367s][info][gc,heap,exit   ]   class space    used 7661K, committed 8064K, reserved 1048576K
