[0.013s][info][gc,init] Initializing The Z Garbage Collector
[0.014s][info][gc,init] Version: 20+36-2344 (release)
[0.014s][info][gc,init] NUMA Support: Disabled
[0.014s][info][gc,init] CPUs: 48 total, 48 available
[0.014s][info][gc,init] Memory: 391843M
[0.014s][info][gc,init] Large Page Support: Disabled
[0.014s][info][gc,init] GC Workers: 12 (dynamic)
[0.016s][info][gc,init] Address Space Type: Contiguous/Unrestricted/Complete
[0.016s][info][gc,init] Address Space Size: 65536M x 3 = 196608M
[0.016s][info][gc,init] Min Capacity: 8M
[0.016s][info][gc,init] Initial Capacity: 2048M
[0.033s][info][gc,init] Max Capacity: 4096M
[0.033s][info][gc,init] Medium Page Size: 32M
[0.034s][info][gc,init] Pre-touch: Disabled
[0.034s][info][gc,init] Uncommit: Enabled
[0.034s][info][gc,init] Uncommit Delay: 300s
[0.117s][info][gc,init] Runtime Workers: 29
[0.120s][info][gc     ] Using The Z Garbage Collector
[0.121s][info][gc,metaspace] CDS archive(s) mapped at: [0x0000000800000000-0x0000000800c60000-0x0000000800c60000), size 12976128, SharedBaseAddress: 0x0000000800000000, ArchiveRelocationMode: 0.
[0.121s][info][gc,metaspace] Compressed class space mapped at: 0x0000000801000000-0x0000000841000000, reserved size: 1073741824
[0.121s][info][gc,metaspace] Narrow klass base: 0x0000000800000000, Narrow klass shift: 0, Narrow klass range: 0x100000000
[10.153s][info][gc,stats    ] === Garbage Collection Statistics =======================================================================================================================
[10.153s][info][gc,stats    ]                                                              Last 10s              Last 10m              Last 10h                Total
[10.153s][info][gc,stats    ]                                                              Avg / Max             Avg / Max             Avg / Max             Avg / Max
[10.153s][info][gc,stats    ]   Collector: Garbage Collection Cycle                      0.000 / 0.000         0.000 / 0.000         0.000 / 0.000         0.000 / 0.000       ms
[10.153s][info][gc,stats    ]  Contention: Mark Segment Reset Contention                     0 / 0                 0 / 0                 0 / 0                 0 / 0           ops/s
[10.153s][info][gc,stats    ]  Contention: Mark SeqNum Reset Contention                      0 / 0                 0 / 0                 0 / 0                 0 / 0           ops/s
[10.153s][info][gc,stats    ]    Critical: Allocation Stall                                  0 / 0                 0 / 0                 0 / 0                 0 / 0           ops/s
[10.153s][info][gc,stats    ]    Critical: Allocation Stall                              0.000 / 0.000         0.000 / 0.000         0.000 / 0.000         0.000 / 0.000       ms
[10.153s][info][gc,stats    ]    Critical: GC Locker Stall                                   0 / 0                 0 / 0                 0 / 0                 0 / 0           ops/s
[10.153s][info][gc,stats    ]    Critical: GC Locker Stall                               0.000 / 0.000         0.000 / 0.000         0.000 / 0.000         0.000 / 0.000       ms
[10.153s][info][gc,stats    ]    Critical: Relocation Stall                                  0 / 0                 0 / 0                 0 / 0                 0 / 0           ops/s
[10.153s][info][gc,stats    ]    Critical: Relocation Stall                              0.000 / 0.000         0.000 / 0.000         0.000 / 0.000         0.000 / 0.000       ms
[10.153s][info][gc,stats    ]      Memory: Allocation Rate                                   9 / 44                9 / 44                9 / 44                9 / 44          MB/s
[10.153s][info][gc,stats    ]      Memory: Defragment                                        0 / 0                 0 / 0                 0 / 0                 0 / 0           ops/s
[10.153s][info][gc,stats    ]      Memory: Out Of Memory                                     0 / 0                 0 / 0                 0 / 0                 0 / 0           ops/s
[10.153s][info][gc,stats    ]      Memory: Page Cache Flush                                  0 / 0                 0 / 0                 0 / 0                 0 / 0           MB/s
[10.153s][info][gc,stats    ]      Memory: Page Cache Hit L1                                 0 / 0                 0 / 0                 0 / 0                 0 / 0           ops/s
[10.153s][info][gc,stats    ]      Memory: Page Cache Hit L2                                 0 / 0                 0 / 0                 0 / 0                 0 / 0           ops/s
[10.153s][info][gc,stats    ]      Memory: Page Cache Hit L3                                 3 / 18                3 / 18                3 / 18                3 / 18          ops/s
[10.153s][info][gc,stats    ]      Memory: Page Cache Miss                                   0 / 1                 0 / 1                 0 / 1                 0 / 1           ops/s
[10.153s][info][gc,stats    ]      Memory: Uncommit                                          0 / 0                 0 / 0                 0 / 0                 0 / 0           MB/s
[10.153s][info][gc,stats    ]      Memory: Undo Object Allocation Failed                     0 / 0                 0 / 0                 0 / 0                 0 / 0           ops/s
[10.153s][info][gc,stats    ]      Memory: Undo Object Allocation Succeeded                  0 / 0                 0 / 0                 0 / 0                 0 / 0           ops/s
[10.153s][info][gc,stats    ]      Memory: Undo Page Allocation                              0 / 0                 0 / 0                 0 / 0                 0 / 0           ops/s
[10.154s][info][gc,stats    ]       Phase: Concurrent Mark                               0.000 / 0.000         0.000 / 0.000         0.000 / 0.000         0.000 / 0.000       ms
[10.154s][info][gc,stats    ]       Phase: Concurrent Mark Continue                      0.000 / 0.000         0.000 / 0.000         0.000 / 0.000         0.000 / 0.000       ms
[10.154s][info][gc,stats    ]       Phase: Concurrent Mark Free                          0.000 / 0.000         0.000 / 0.000         0.000 / 0.000         0.000 / 0.000       ms
[10.154s][info][gc,stats    ]       Phase: Concurrent Process Non-Strong References      0.000 / 0.000         0.000 / 0.000         0.000 / 0.000         0.000 / 0.000       ms
[10.154s][info][gc,stats    ]       Phase: Concurrent Relocate                           0.000 / 0.000         0.000 / 0.000         0.000 / 0.000         0.000 / 0.000       ms
[10.154s][info][gc,stats    ]       Phase: Concurrent Reset Relocation Set               0.000 / 0.000         0.000 / 0.000         0.000 / 0.000         0.000 / 0.000       ms
[10.154s][info][gc,stats    ]       Phase: Concurrent Select Relocation Set              0.000 / 0.000         0.000 / 0.000         0.000 / 0.000         0.000 / 0.000       ms
[10.154s][info][gc,stats    ]       Phase: Pause Mark End                                0.000 / 0.000         0.000 / 0.000         0.000 / 0.000         0.000 / 0.000       ms
[10.154s][info][gc,stats    ]       Phase: Pause Mark Start                              0.000 / 0.000         0.000 / 0.000         0.000 / 0.000         0.000 / 0.000       ms
[10.154s][info][gc,stats    ]       Phase: Pause Relocate Start                          0.000 / 0.000         0.000 / 0.000         0.000 / 0.000         0.000 / 0.000       ms
[10.154s][info][gc,stats    ]    Subphase: Concurrent Classes Purge                      0.000 / 0.000         0.000 / 0.000         0.000 / 0.000         0.000 / 0.000       ms
[10.154s][info][gc,stats    ]    Subphase: Concurrent Classes Unlink                     0.000 / 0.000         0.000 / 0.000         0.000 / 0.000         0.000 / 0.000       ms
[10.154s][info][gc,stats    ]    Subphase: Concurrent Mark                               0.000 / 0.000         0.000 / 0.000         0.000 / 0.000         0.000 / 0.000       ms
[10.154s][info][gc,stats    ]    Subphase: Concurrent Mark Try Flush                     0.000 / 0.000         0.000 / 0.000         0.000 / 0.000         0.000 / 0.000       ms
[10.154s][info][gc,stats    ]    Subphase: Concurrent Mark Try Terminate                 0.000 / 0.000         0.000 / 0.000         0.000 / 0.000         0.000 / 0.000       ms
[10.154s][info][gc,stats    ]    Subphase: Concurrent References Enqueue                 0.000 / 0.000         0.000 / 0.000         0.000 / 0.000         0.000 / 0.000       ms
[10.154s][info][gc,stats    ]    Subphase: Concurrent References Process                 0.000 / 0.000         0.000 / 0.000         0.000 / 0.000         0.000 / 0.000       ms
[10.154s][info][gc,stats    ]    Subphase: Concurrent Roots ClassLoaderDataGraph         0.000 / 0.000         0.000 / 0.000         0.000 / 0.000         0.000 / 0.000       ms
[10.154s][info][gc,stats    ]    Subphase: Concurrent Roots CodeCache                    0.000 / 0.000         0.000 / 0.000         0.000 / 0.000         0.000 / 0.000       ms
[10.154s][info][gc,stats    ]    Subphase: Concurrent Roots JavaThreads                  0.000 / 0.000         0.000 / 0.000         0.000 / 0.000         0.000 / 0.000       ms
[10.154s][info][gc,stats    ]    Subphase: Concurrent Roots OopStorageSet                0.000 / 0.000         0.000 / 0.000         0.000 / 0.000         0.000 / 0.000       ms
[10.154s][info][gc,stats    ]    Subphase: Concurrent Weak Roots OopStorageSet           0.000 / 0.000         0.000 / 0.000         0.000 / 0.000         0.000 / 0.000       ms
[10.154s][info][gc,stats    ]    Subphase: Pause Mark Try Complete                       0.000 / 0.000         0.000 / 0.000         0.000 / 0.000         0.000 / 0.000       ms
[10.154s][info][gc,stats    ]      System: Java Threads                                      0 / 0                 0 / 0                 0 / 0                 0 / 0           threads
[10.154s][info][gc,stats    ] =========================================================================================================================================================
[10.792s][info][gc,start    ] GC(0) Garbage Collection (Metadata GC Threshold)
[10.792s][info][gc,task     ] GC(0) Using 12 workers
[10.792s][info][gc,phases   ] GC(0) Pause Mark Start 0.015ms
[10.816s][info][gc,phases   ] GC(0) Concurrent Mark 23.511ms
[10.816s][info][gc,phases   ] GC(0) Pause Mark End 0.015ms
[10.816s][info][gc,phases   ] GC(0) Concurrent Mark Free 0.001ms
[10.818s][info][gc,phases   ] GC(0) Concurrent Process Non-Strong References 1.695ms
[10.818s][info][gc,phases   ] GC(0) Concurrent Reset Relocation Set 0.001ms
[10.831s][info][gc,phases   ] GC(0) Concurrent Select Relocation Set 12.946ms
[10.831s][info][gc,phases   ] GC(0) Pause Relocate Start 0.010ms
[10.836s][info][gc,phases   ] GC(0) Concurrent Relocate 5.336ms
[10.836s][info][gc,load     ] GC(0) Load: 0.00/0.00/0.00
[10.836s][info][gc,mmu      ] GC(0) MMU: 2ms/99.2%, 5ms/99.7%, 10ms/99.8%, 20ms/99.9%, 50ms/99.9%, 100ms/100.0%
[10.836s][info][gc,marking  ] GC(0) Mark: 8 stripe(s), 2 proactive flush(es), 1 terminate flush(es), 0 completion(s), 0 continuation(s) 
[10.836s][info][gc,marking  ] GC(0) Mark Stack Usage: 32M
[10.836s][info][gc,nmethod  ] GC(0) NMethods: 1867 registered, 319 unregistered
[10.837s][info][gc,metaspace] GC(0) Metaspace: 21M used, 21M committed, 1088M reserved
[10.837s][info][gc,ref      ] GC(0) Soft: 3532 encountered, 0 discovered, 0 enqueued
[10.837s][info][gc,ref      ] GC(0) Weak: 1703 encountered, 844 discovered, 502 enqueued
[10.837s][info][gc,ref      ] GC(0) Final: 1 encountered, 0 discovered, 0 enqueued
[10.837s][info][gc,ref      ] GC(0) Phantom: 958 encountered, 812 discovered, 377 enqueued
[10.837s][info][gc,reloc    ] GC(0) Small Pages: 50 / 100M, Empty: 0M, Relocated: 8M, In-Place: 0
[10.837s][info][gc,reloc    ] GC(0) Medium Pages: 1 / 32M, Empty: 0M, Relocated: 0M, In-Place: 0
[10.837s][info][gc,reloc    ] GC(0) Large Pages: 0 / 0M, Empty: 0M, Relocated: 0M, In-Place: 0
[10.837s][info][gc,reloc    ] GC(0) Forwarding Usage: 2M
[10.837s][info][gc,heap     ] GC(0) Min Capacity: 8M(0%)
[10.837s][info][gc,heap     ] GC(0) Max Capacity: 4096M(100%)
[10.837s][info][gc,heap     ] GC(0) Soft Max Capacity: 4096M(100%)
[10.837s][info][gc,heap     ] GC(0)                Mark Start          Mark End        Relocate Start      Relocate End           High               Low         
[10.837s][info][gc,heap     ] GC(0)  Capacity:     2048M (50%)        2048M (50%)        2048M (50%)        2048M (50%)        2048M (50%)        2048M (50%)    
[10.837s][info][gc,heap     ] GC(0)      Free:     3964M (97%)        3960M (97%)        3954M (97%)        4020M (98%)        4020M (98%)        3936M (96%)    
[10.837s][info][gc,heap     ] GC(0)      Used:      132M (3%)          136M (3%)          142M (3%)           76M (2%)          160M (4%)           76M (2%)     
[10.837s][info][gc,heap     ] GC(0)      Live:         -                19M (0%)           19M (0%)           19M (0%)             -                  -          
[10.837s][info][gc,heap     ] GC(0) Allocated:         -                 4M (0%)           10M (0%)           11M (0%)             -                  -          
[10.837s][info][gc,heap     ] GC(0)   Garbage:         -               112M (3%)          112M (3%)           44M (1%)             -                  -          
[10.837s][info][gc,heap     ] GC(0) Reclaimed:         -                  -                 0M (0%)           67M (2%)             -                  -          
[10.837s][info][gc          ] GC(0) Garbage Collection (Metadata GC Threshold) 132M(3%)->76M(2%)
[11.800s][info][gc,start    ] GC(1) Garbage Collection (Metadata GC Threshold)
[11.800s][info][gc,task     ] GC(1) Using 12 workers
[11.800s][info][gc,phases   ] GC(1) Pause Mark Start 0.017ms
[11.829s][info][gc,phases   ] GC(1) Concurrent Mark 29.193ms
[11.829s][info][gc,phases   ] GC(1) Pause Mark End 0.063ms
[11.830s][info][gc,phases   ] GC(1) Concurrent Mark Free 0.001ms
[11.831s][info][gc,phases   ] GC(1) Concurrent Process Non-Strong References 1.639ms
[11.831s][info][gc,phases   ] GC(1) Concurrent Reset Relocation Set 0.005ms
[11.838s][info][gc,phases   ] GC(1) Concurrent Select Relocation Set 6.765ms
[11.838s][info][gc,phases   ] GC(1) Pause Relocate Start 0.010ms
[11.845s][info][gc,phases   ] GC(1) Concurrent Relocate 7.082ms
[11.845s][info][gc,load     ] GC(1) Load: 0.00/0.00/0.00
[11.845s][info][gc,mmu      ] GC(1) MMU: 2ms/96.9%, 5ms/98.7%, 10ms/99.3%, 20ms/99.6%, 50ms/99.8%, 100ms/99.9%
[11.845s][info][gc,marking  ] GC(1) Mark: 8 stripe(s), 2 proactive flush(es), 1 terminate flush(es), 1 completion(s), 0 continuation(s) 
[11.846s][info][gc,marking  ] GC(1) Mark Stack Usage: 32M
[11.846s][info][gc,nmethod  ] GC(1) NMethods: 2720 registered, 145 unregistered
[11.846s][info][gc,metaspace] GC(1) Metaspace: 35M used, 36M committed, 1088M reserved
[11.846s][info][gc,ref      ] GC(1) Soft: 3852 encountered, 0 discovered, 0 enqueued
[11.846s][info][gc,ref      ] GC(1) Weak: 2820 encountered, 698 discovered, 486 enqueued
[11.846s][info][gc,ref      ] GC(1) Final: 124 encountered, 63 discovered, 0 enqueued
[11.846s][info][gc,ref      ] GC(1) Phantom: 957 encountered, 826 discovered, 366 enqueued
[11.846s][info][gc,reloc    ] GC(1) Small Pages: 65 / 130M, Empty: 0M, Relocated: 13M, In-Place: 0
[11.846s][info][gc,reloc    ] GC(1) Medium Pages: 1 / 32M, Empty: 0M, Relocated: 0M, In-Place: 0
[11.846s][info][gc,reloc    ] GC(1) Large Pages: 0 / 0M, Empty: 0M, Relocated: 0M, In-Place: 0
[11.846s][info][gc,reloc    ] GC(1) Forwarding Usage: 4M
[11.846s][info][gc,heap     ] GC(1) Min Capacity: 8M(0%)
[11.846s][info][gc,heap     ] GC(1) Max Capacity: 4096M(100%)
[11.846s][info][gc,heap     ] GC(1) Soft Max Capacity: 4096M(100%)
[11.846s][info][gc,heap     ] GC(1)                Mark Start          Mark End        Relocate Start      Relocate End           High               Low         
[11.846s][info][gc,heap     ] GC(1)  Capacity:     2048M (50%)        2048M (50%)        2048M (50%)        2048M (50%)        2048M (50%)        2048M (50%)    
[11.846s][info][gc,heap     ] GC(1)      Free:     3934M (96%)        3928M (96%)        3922M (96%)        4018M (98%)        4018M (98%)        3904M (95%)    
[11.846s][info][gc,heap     ] GC(1)      Used:      162M (4%)          168M (4%)          174M (4%)           78M (2%)          192M (5%)           78M (2%)     
[11.846s][info][gc,heap     ] GC(1)      Live:         -                26M (1%)           26M (1%)           26M (1%)             -                  -          
[11.846s][info][gc,heap     ] GC(1) Allocated:         -                 6M (0%)           12M (0%)           11M (0%)             -                  -          
[11.846s][info][gc,heap     ] GC(1)   Garbage:         -               135M (3%)          135M (3%)           39M (1%)             -                  -          
[11.846s][info][gc,heap     ] GC(1) Reclaimed:         -                  -                 0M (0%)           95M (2%)             -                  -          
[11.846s][info][gc          ] GC(1) Garbage Collection (Metadata GC Threshold) 162M(4%)->78M(2%)
[12.446s][info][gc,start    ] GC(2) Garbage Collection (Warmup)
[12.446s][info][gc,task     ] GC(2) Using 12 workers
[12.446s][info][gc,phases   ] GC(2) Pause Mark Start 0.015ms
[12.586s][info][gc,phases   ] GC(2) Concurrent Mark 140.215ms
[12.587s][info][gc,phases   ] GC(2) Pause Mark End 0.026ms
[12.587s][info][gc,phases   ] GC(2) Concurrent Mark Free 0.001ms
[12.589s][info][gc,phases   ] GC(2) Concurrent Process Non-Strong References 1.872ms
[12.589s][info][gc,phases   ] GC(2) Concurrent Reset Relocation Set 0.007ms
[12.607s][info][gc,phases   ] GC(2) Concurrent Select Relocation Set 18.672ms
[12.607s][info][gc,phases   ] GC(2) Pause Relocate Start 0.011ms
[12.621s][info][gc,phases   ] GC(2) Concurrent Relocate 13.527ms
[12.621s][info][gc,load     ] GC(2) Load: 0.00/0.00/0.00
[12.621s][info][gc,mmu      ] GC(2) MMU: 2ms/96.9%, 5ms/98.7%, 10ms/99.3%, 20ms/99.6%, 50ms/99.8%, 100ms/99.9%
[12.621s][info][gc,marking  ] GC(2) Mark: 8 stripe(s), 4 proactive flush(es), 1 terminate flush(es), 0 completion(s), 0 continuation(s) 
[12.621s][info][gc,marking  ] GC(2) Mark Stack Usage: 32M
[12.621s][info][gc,nmethod  ] GC(2) NMethods: 2929 registered, 77 unregistered
[12.621s][info][gc,metaspace] GC(2) Metaspace: 41M used, 41M committed, 1088M reserved
[12.621s][info][gc,ref      ] GC(2) Soft: 3891 encountered, 0 discovered, 0 enqueued
[12.621s][info][gc,ref      ] GC(2) Weak: 2742 encountered, 808 discovered, 236 enqueued
[12.621s][info][gc,ref      ] GC(2) Final: 124 encountered, 4 discovered, 0 enqueued
[12.621s][info][gc,ref      ] GC(2) Phantom: 781 encountered, 600 discovered, 188 enqueued
[12.621s][info][gc,reloc    ] GC(2) Small Pages: 198 / 396M, Empty: 0M, Relocated: 33M, In-Place: 0
[12.621s][info][gc,reloc    ] GC(2) Medium Pages: 1 / 32M, Empty: 0M, Relocated: 0M, In-Place: 0
[12.621s][info][gc,reloc    ] GC(2) Large Pages: 0 / 0M, Empty: 0M, Relocated: 0M, In-Place: 0
[12.621s][info][gc,reloc    ] GC(2) Forwarding Usage: 20M
[12.621s][info][gc,heap     ] GC(2) Min Capacity: 8M(0%)
[12.621s][info][gc,heap     ] GC(2) Max Capacity: 4096M(100%)
[12.621s][info][gc,heap     ] GC(2) Soft Max Capacity: 4096M(100%)
[12.621s][info][gc,heap     ] GC(2)                Mark Start          Mark End        Relocate Start      Relocate End           High               Low         
[12.621s][info][gc,heap     ] GC(2)  Capacity:     2048M (50%)        2048M (50%)        2048M (50%)        2048M (50%)        2048M (50%)        2048M (50%)    
[12.621s][info][gc,heap     ] GC(2)      Free:     3668M (90%)        3584M (88%)        3572M (87%)        3890M (95%)        3890M (95%)        3562M (87%)    
[12.621s][info][gc,heap     ] GC(2)      Used:      428M (10%)         512M (13%)         524M (13%)         206M (5%)          534M (13%)         206M (5%)     
[12.621s][info][gc,heap     ] GC(2)      Live:         -                53M (1%)           53M (1%)           53M (1%)             -                  -          
[12.621s][info][gc,heap     ] GC(2) Allocated:         -                84M (2%)           96M (2%)          109M (3%)             -                  -          
[12.621s][info][gc,heap     ] GC(2)   Garbage:         -               374M (9%)          374M (9%)           42M (1%)             -                  -          
[12.621s][info][gc,heap     ] GC(2) Reclaimed:         -                  -                 0M (0%)          331M (8%)             -                  -          
[12.621s][info][gc          ] GC(2) Garbage Collection (Warmup) 428M(10%)->206M(5%)
[13.156s][info][gc,start    ] GC(3) Garbage Collection (Warmup)
[13.156s][info][gc,task     ] GC(3) Using 12 workers
[13.156s][info][gc,phases   ] GC(3) Pause Mark Start 0.015ms
[13.421s][info][gc,phases   ] GC(3) Concurrent Mark 265.094ms
[13.421s][info][gc,phases   ] GC(3) Pause Mark End 0.018ms
[13.421s][info][gc,phases   ] GC(3) Concurrent Mark Free 0.001ms
[13.422s][info][gc,phases   ] GC(3) Concurrent Process Non-Strong References 0.948ms
[13.422s][info][gc,phases   ] GC(3) Concurrent Reset Relocation Set 0.025ms
[13.456s][info][gc,phases   ] GC(3) Concurrent Select Relocation Set 33.806ms
[13.456s][info][gc,phases   ] GC(3) Pause Relocate Start 0.008ms
[13.499s][info][gc,phases   ] GC(3) Concurrent Relocate 42.999ms
[13.499s][info][gc,load     ] GC(3) Load: 0.00/0.00/0.00
[13.499s][info][gc,mmu      ] GC(3) MMU: 2ms/96.9%, 5ms/98.7%, 10ms/99.3%, 20ms/99.6%, 50ms/99.8%, 100ms/99.9%
[13.499s][info][gc,marking  ] GC(3) Mark: 8 stripe(s), 8 proactive flush(es), 1 terminate flush(es), 0 completion(s), 0 continuation(s) 
[13.499s][info][gc,marking  ] GC(3) Mark Stack Usage: 32M
[13.499s][info][gc,nmethod  ] GC(3) NMethods: 2928 registered, 78 unregistered
[13.499s][info][gc,metaspace] GC(3) Metaspace: 41M used, 41M committed, 1088M reserved
[13.500s][info][gc,ref      ] GC(3) Soft: 3891 encountered, 0 discovered, 0 enqueued
[13.500s][info][gc,ref      ] GC(3) Weak: 2506 encountered, 401 discovered, 0 enqueued
[13.500s][info][gc,ref      ] GC(3) Final: 124 encountered, 1 discovered, 0 enqueued
[13.500s][info][gc,ref      ] GC(3) Phantom: 593 encountered, 526 discovered, 0 enqueued
[13.500s][info][gc,reloc    ] GC(3) Small Pages: 403 / 806M, Empty: 0M, Relocated: 69M, In-Place: 0
[13.500s][info][gc,reloc    ] GC(3) Medium Pages: 1 / 32M, Empty: 0M, Relocated: 0M, In-Place: 0
[13.500s][info][gc,reloc    ] GC(3) Large Pages: 0 / 0M, Empty: 0M, Relocated: 0M, In-Place: 0
[13.500s][info][gc,reloc    ] GC(3) Forwarding Usage: 49M
[13.500s][info][gc,heap     ] GC(3) Min Capacity: 8M(0%)
[13.500s][info][gc,heap     ] GC(3) Max Capacity: 4096M(100%)
[13.500s][info][gc,heap     ] GC(3) Soft Max Capacity: 4096M(100%)
[13.500s][info][gc,heap     ] GC(3)                Mark Start          Mark End        Relocate Start      Relocate End           High               Low         
[13.500s][info][gc,heap     ] GC(3)  Capacity:     2048M (50%)        2048M (50%)        2048M (50%)        2048M (50%)        2048M (50%)        2048M (50%)    
[13.500s][info][gc,heap     ] GC(3)      Free:     3258M (80%)        3122M (76%)        3102M (76%)        3732M (91%)        3732M (91%)        3084M (75%)    
[13.500s][info][gc,heap     ] GC(3)      Used:      838M (20%)         974M (24%)         994M (24%)         364M (9%)         1012M (25%)         364M (9%)     
[13.500s][info][gc,heap     ] GC(3)      Live:         -               115M (3%)          115M (3%)          115M (3%)             -                  -          
[13.500s][info][gc,heap     ] GC(3) Allocated:         -               136M (3%)          156M (4%)          205M (5%)             -                  -          
[13.500s][info][gc,heap     ] GC(3)   Garbage:         -               722M (18%)         722M (18%)          42M (1%)             -                  -          
[13.500s][info][gc,heap     ] GC(3) Reclaimed:         -                  -                 0M (0%)          679M (17%)            -                  -          
[13.500s][info][gc          ] GC(3) Garbage Collection (Warmup) 838M(20%)->364M(9%)
[14.422s][info][gc,start    ] GC(4) Garbage Collection (System.gc())
[14.422s][info][gc,task     ] GC(4) Using 12 workers
[14.423s][info][gc,phases   ] GC(4) Pause Mark Start 0.015ms
[14.450s][info][gc,phases   ] GC(4) Concurrent Mark 27.348ms
[14.450s][info][gc,phases   ] GC(4) Pause Mark End 0.024ms
[14.450s][info][gc,phases   ] GC(4) Concurrent Mark Free 0.002ms
[14.453s][info][gc,phases   ] GC(4) Concurrent Process Non-Strong References 2.079ms
[14.453s][info][gc,phases   ] GC(4) Concurrent Reset Relocation Set 0.081ms
[14.463s][info][gc,phases   ] GC(4) Concurrent Select Relocation Set 10.445ms
[14.463s][info][gc,phases   ] GC(4) Pause Relocate Start 0.009ms
[14.466s][info][gc,phases   ] GC(4) Concurrent Relocate 3.050ms
[14.467s][info][gc,load     ] GC(4) Load: 0.00/0.00/0.00
[14.467s][info][gc,mmu      ] GC(4) MMU: 2ms/96.9%, 5ms/98.7%, 10ms/99.3%, 20ms/99.6%, 50ms/99.8%, 100ms/99.9%
[14.467s][info][gc,marking  ] GC(4) Mark: 8 stripe(s), 1 proactive flush(es), 1 terminate flush(es), 0 completion(s), 0 continuation(s) 
[14.467s][info][gc,marking  ] GC(4) Mark Stack Usage: 32M
[14.467s][info][gc,nmethod  ] GC(4) NMethods: 3308 registered, 214 unregistered
[14.467s][info][gc,metaspace] GC(4) Metaspace: 46M used, 47M committed, 1088M reserved
[14.467s][info][gc,ref      ] GC(4) Soft: 4055 encountered, 0 discovered, 0 enqueued
[14.467s][info][gc,ref      ] GC(4) Weak: 3417 encountered, 819 discovered, 320 enqueued
[14.467s][info][gc,ref      ] GC(4) Final: 124 encountered, 2 discovered, 0 enqueued
[14.467s][info][gc,ref      ] GC(4) Phantom: 814 encountered, 688 discovered, 217 enqueued
[14.467s][info][gc,reloc    ] GC(4) Small Pages: 253 / 506M, Empty: 388M, Relocated: 8M, In-Place: 0
[14.467s][info][gc,reloc    ] GC(4) Medium Pages: 2 / 64M, Empty: 32M, Relocated: 0M, In-Place: 0
[14.467s][info][gc,reloc    ] GC(4) Large Pages: 1 / 6M, Empty: 6M, Relocated: 0M, In-Place: 0
[14.467s][info][gc,reloc    ] GC(4) Forwarding Usage: 2M
[14.467s][info][gc,heap     ] GC(4) Min Capacity: 8M(0%)
[14.467s][info][gc,heap     ] GC(4) Max Capacity: 4096M(100%)
[14.467s][info][gc,heap     ] GC(4) Soft Max Capacity: 4096M(100%)
[14.467s][info][gc,heap     ] GC(4)                Mark Start          Mark End        Relocate Start      Relocate End           High               Low         
[14.467s][info][gc,heap     ] GC(4)  Capacity:     2048M (50%)        2048M (50%)        2048M (50%)        2048M (50%)        2048M (50%)        2048M (50%)    
[14.467s][info][gc,heap     ] GC(4)      Free:     3520M (86%)        3518M (86%)        3940M (96%)        4014M (98%)        4014M (98%)        3518M (86%)    
[14.467s][info][gc,heap     ] GC(4)      Used:      576M (14%)         578M (14%)         156M (4%)           82M (2%)          578M (14%)          82M (2%)     
[14.467s][info][gc,heap     ] GC(4)      Live:         -                28M (1%)           28M (1%)           28M (1%)             -                  -          
[14.467s][info][gc,heap     ] GC(4) Allocated:         -                 2M (0%)            6M (0%)            6M (0%)             -                  -          
[14.467s][info][gc,heap     ] GC(4)   Garbage:         -               547M (13%)         121M (3%)           47M (1%)             -                  -          
[14.467s][info][gc,heap     ] GC(4) Reclaimed:         -                  -               426M (10%)         500M (12%)            -                  -          
[14.467s][info][gc          ] GC(4) Garbage Collection (System.gc()) 576M(14%)->82M(2%)
[16.143s][info][gc,start    ] GC(5) Garbage Collection (Warmup)
[16.143s][info][gc,task     ] GC(5) Using 12 workers
[16.143s][info][gc,phases   ] GC(5) Pause Mark Start 0.014ms
[16.221s][info][gc,phases   ] GC(5) Concurrent Mark 77.770ms
[16.221s][info][gc,phases   ] GC(5) Pause Mark End 0.022ms
[16.221s][info][gc,phases   ] GC(5) Concurrent Mark Free 0.001ms
[16.232s][info][gc,phases   ] GC(5) Concurrent Process Non-Strong References 11.008ms
[16.232s][info][gc,phases   ] GC(5) Concurrent Reset Relocation Set 0.008ms
[16.259s][info][gc,phases   ] GC(5) Concurrent Select Relocation Set 27.100ms
[16.260s][info][gc,phases   ] GC(5) Pause Relocate Start 0.008ms
[16.293s][info][gc,phases   ] GC(5) Concurrent Relocate 33.551ms
[16.293s][info][gc,load     ] GC(5) Load: 0.00/0.00/0.00
[16.293s][info][gc,mmu      ] GC(5) MMU: 2ms/96.9%, 5ms/98.7%, 10ms/99.3%, 20ms/99.6%, 50ms/99.8%, 100ms/99.9%
[16.293s][info][gc,marking  ] GC(5) Mark: 8 stripe(s), 2 proactive flush(es), 1 terminate flush(es), 0 completion(s), 0 continuation(s) 
[16.293s][info][gc,marking  ] GC(5) Mark Stack Usage: 32M
[16.293s][info][gc,nmethod  ] GC(5) NMethods: 4630 registered, 593 unregistered
[16.293s][info][gc,metaspace] GC(5) Metaspace: 54M used, 55M committed, 1088M reserved
[16.293s][info][gc,ref      ] GC(5) Soft: 4629 encountered, 0 discovered, 0 enqueued
[16.293s][info][gc,ref      ] GC(5) Weak: 5909 encountered, 2082 discovered, 836 enqueued
[16.293s][info][gc,ref      ] GC(5) Final: 124 encountered, 19 discovered, 0 enqueued
[16.293s][info][gc,ref      ] GC(5) Phantom: 1092 encountered, 1028 discovered, 487 enqueued
[16.293s][info][gc,reloc    ] GC(5) Small Pages: 591 / 1182M, Empty: 16M, Relocated: 94M, In-Place: 0
[16.293s][info][gc,reloc    ] GC(5) Medium Pages: 2 / 64M, Empty: 0M, Relocated: 5M, In-Place: 0
[16.293s][info][gc,reloc    ] GC(5) Large Pages: 5 / 34M, Empty: 28M, Relocated: 0M, In-Place: 0
[16.294s][info][gc,reloc    ] GC(5) Forwarding Usage: 62M
[16.294s][info][gc,heap     ] GC(5) Min Capacity: 8M(0%)
[16.294s][info][gc,heap     ] GC(5) Max Capacity: 4096M(100%)
[16.294s][info][gc,heap     ] GC(5) Soft Max Capacity: 4096M(100%)
[16.294s][info][gc,heap     ] GC(5)                Mark Start          Mark End        Relocate Start      Relocate End           High               Low         
[16.294s][info][gc,heap     ] GC(5)  Capacity:     2048M (50%)        2048M (50%)        2048M (50%)        2048M (50%)        2048M (50%)        2048M (50%)    
[16.294s][info][gc,heap     ] GC(5)      Free:     2816M (69%)        2708M (66%)        2680M (65%)        3662M (89%)        3662M (89%)        2640M (64%)    
[16.294s][info][gc,heap     ] GC(5)      Used:     1280M (31%)        1388M (34%)        1416M (35%)         434M (11%)        1456M (36%)         434M (11%)    
[16.294s][info][gc,heap     ] GC(5)      Live:         -               122M (3%)          122M (3%)          122M (3%)             -                  -          
[16.294s][info][gc,heap     ] GC(5) Allocated:         -               108M (3%)          180M (4%)          266M (7%)             -                  -          
[16.294s][info][gc,heap     ] GC(5)   Garbage:         -              1157M (28%)        1113M (27%)          44M (1%)             -                  -          
[16.294s][info][gc,heap     ] GC(5) Reclaimed:         -                  -                44M (1%)         1112M (27%)            -                  -          
[16.294s][info][gc          ] GC(5) Garbage Collection (Warmup) 1280M(31%)->434M(11%)
[16.949s][info][gc,start    ] GC(6) Garbage Collection (Allocation Rate)
[16.949s][info][gc,task     ] GC(6) Using 12 workers
[16.949s][info][gc,phases   ] GC(6) Pause Mark Start 0.017ms
[17.214s][info][gc,phases   ] GC(6) Concurrent Mark 265.080ms
[17.215s][info][gc,phases   ] GC(6) Pause Mark End 0.017ms
[17.215s][info][gc,phases   ] GC(6) Concurrent Mark Free 0.000ms
[17.216s][info][gc,phases   ] GC(6) Concurrent Process Non-Strong References 1.419ms
[17.216s][info][gc,phases   ] GC(6) Concurrent Reset Relocation Set 0.091ms
[17.268s][info][gc,phases   ] GC(6) Concurrent Select Relocation Set 51.919ms
[17.269s][info][gc,phases   ] GC(6) Pause Relocate Start 0.011ms
[17.303s][info][gc,phases   ] GC(6) Concurrent Relocate 34.498ms
[17.303s][info][gc,load     ] GC(6) Load: 0.00/0.00/0.00
[17.303s][info][gc,mmu      ] GC(6) MMU: 2ms/96.9%, 5ms/98.7%, 10ms/99.3%, 20ms/99.6%, 50ms/99.8%, 100ms/99.9%
[17.303s][info][gc,marking  ] GC(6) Mark: 8 stripe(s), 2 proactive flush(es), 1 terminate flush(es), 0 completion(s), 0 continuation(s) 
[17.303s][info][gc,marking  ] GC(6) Mark Stack Usage: 32M
[17.303s][info][gc,nmethod  ] GC(6) NMethods: 4690 registered, 629 unregistered
[17.304s][info][gc,metaspace] GC(6) Metaspace: 55M used, 55M committed, 1088M reserved
[17.304s][info][gc,ref      ] GC(6) Soft: 4634 encountered, 0 discovered, 0 enqueued
[17.304s][info][gc,ref      ] GC(6) Weak: 5186 encountered, 1618 discovered, 39 enqueued
[17.304s][info][gc,ref      ] GC(6) Final: 124 encountered, 5 discovered, 0 enqueued
[17.304s][info][gc,ref      ] GC(6) Phantom: 637 encountered, 573 discovered, 32 enqueued
[17.304s][info][gc,reloc    ] GC(6) Small Pages: 1035 / 2070M, Empty: 900M, Relocated: 83M, In-Place: 0
[17.304s][info][gc,reloc    ] GC(6) Medium Pages: 2 / 64M, Empty: 32M, Relocated: 0M, In-Place: 0
[17.304s][info][gc,reloc    ] GC(6) Large Pages: 3 / 22M, Empty: 6M, Relocated: 0M, In-Place: 0
[17.304s][info][gc,reloc    ] GC(6) Forwarding Usage: 63M
[17.304s][info][gc,heap     ] GC(6) Min Capacity: 8M(0%)
[17.304s][info][gc,heap     ] GC(6) Max Capacity: 4096M(100%)
[17.304s][info][gc,heap     ] GC(6) Soft Max Capacity: 4096M(100%)
[17.304s][info][gc,heap     ] GC(6)                Mark Start          Mark End        Relocate Start      Relocate End           High               Low         
[17.304s][info][gc,heap     ] GC(6)  Capacity:     2156M (53%)        2344M (57%)        2346M (57%)        2346M (57%)        2346M (57%)        2156M (53%)    
[17.304s][info][gc,heap     ] GC(6)      Free:     1940M (47%)        1752M (43%)        2598M (63%)        3526M (86%)        3526M (86%)        1750M (43%)    
[17.304s][info][gc,heap     ] GC(6)      Used:     2156M (53%)        2344M (57%)        1498M (37%)         570M (14%)        2346M (57%)         570M (14%)    
[17.304s][info][gc,heap     ] GC(6)      Live:         -               208M (5%)          208M (5%)          208M (5%)             -                  -          
[17.304s][info][gc,heap     ] GC(6) Allocated:         -               188M (5%)          280M (7%)          315M (8%)             -                  -          
[17.304s][info][gc,heap     ] GC(6)   Garbage:         -              1947M (48%)        1009M (25%)          46M (1%)             -                  -          
[17.304s][info][gc,heap     ] GC(6) Reclaimed:         -                  -               938M (23%)        1901M (46%)            -                  -          
[17.304s][info][gc          ] GC(6) Garbage Collection (Allocation Rate) 2156M(53%)->570M(14%)
[18.132s][info][gc,start    ] GC(7) Garbage Collection (System.gc())
[18.132s][info][gc,task     ] GC(7) Using 12 workers
[18.132s][info][gc,phases   ] GC(7) Pause Mark Start 0.040ms
[18.197s][info][gc,phases   ] GC(7) Concurrent Mark 65.208ms
[18.197s][info][gc,phases   ] GC(7) Pause Mark End 0.022ms
[18.197s][info][gc,phases   ] GC(7) Concurrent Mark Free 0.001ms
[18.208s][info][gc,phases   ] GC(7) Concurrent Process Non-Strong References 10.227ms
[18.208s][info][gc,phases   ] GC(7) Concurrent Reset Relocation Set 0.107ms
[18.216s][info][gc,phases   ] GC(7) Concurrent Select Relocation Set 8.309ms
[18.216s][info][gc,phases   ] GC(7) Pause Relocate Start 0.011ms
[18.221s][info][gc,phases   ] GC(7) Concurrent Relocate 4.165ms
[18.221s][info][gc,load     ] GC(7) Load: 0.00/0.00/0.00
[18.221s][info][gc,mmu      ] GC(7) MMU: 2ms/96.9%, 5ms/98.7%, 10ms/99.3%, 20ms/99.6%, 50ms/99.8%, 100ms/99.9%
[18.221s][info][gc,marking  ] GC(7) Mark: 8 stripe(s), 3 proactive flush(es), 1 terminate flush(es), 0 completion(s), 0 continuation(s) 
[18.221s][info][gc,marking  ] GC(7) Mark Stack Usage: 32M
[18.221s][info][gc,nmethod  ] GC(7) NMethods: 4810 registered, 738 unregistered
[18.221s][info][gc,metaspace] GC(7) Metaspace: 56M used, 57M committed, 1088M reserved
[18.221s][info][gc,ref      ] GC(7) Soft: 4697 encountered, 0 discovered, 0 enqueued
[18.221s][info][gc,ref      ] GC(7) Weak: 5739 encountered, 1115 discovered, 342 enqueued
[18.221s][info][gc,ref      ] GC(7) Final: 124 encountered, 37 discovered, 0 enqueued
[18.221s][info][gc,ref      ] GC(7) Phantom: 778 encountered, 749 discovered, 172 enqueued
[18.221s][info][gc,reloc    ] GC(7) Small Pages: 751 / 1502M, Empty: 1232M, Relocated: 5M, In-Place: 0
[18.221s][info][gc,reloc    ] GC(7) Medium Pages: 1 / 32M, Empty: 0M, Relocated: 0M, In-Place: 0
[18.221s][info][gc,reloc    ] GC(7) Large Pages: 4 / 28M, Empty: 16M, Relocated: 0M, In-Place: 0
[18.221s][info][gc,reloc    ] GC(7) Forwarding Usage: 2M
[18.221s][info][gc,heap     ] GC(7) Min Capacity: 8M(0%)
[18.221s][info][gc,heap     ] GC(7) Max Capacity: 4096M(100%)
[18.221s][info][gc,heap     ] GC(7) Soft Max Capacity: 4096M(100%)
[18.221s][info][gc,heap     ] GC(7)                Mark Start          Mark End        Relocate Start      Relocate End           High               Low         
[18.221s][info][gc,heap     ] GC(7)  Capacity:     2346M (57%)        2346M (57%)        2346M (57%)        2346M (57%)        2346M (57%)        2346M (57%)    
[18.221s][info][gc,heap     ] GC(7)      Free:     2534M (62%)        2534M (62%)        3772M (92%)        3822M (93%)        3822M (93%)        2534M (62%)    
[18.221s][info][gc,heap     ] GC(7)      Used:     1562M (38%)        1562M (38%)         324M (8%)          274M (7%)         1562M (38%)         274M (7%)     
[18.221s][info][gc,heap     ] GC(7)      Live:         -               205M (5%)          205M (5%)          205M (5%)             -                  -          
[18.221s][info][gc,heap     ] GC(7) Allocated:         -                 0M (0%)           10M (0%)           13M (0%)             -                  -          
[18.221s][info][gc,heap     ] GC(7)   Garbage:         -              1356M (33%)         108M (3%)           54M (1%)             -                  -          
[18.221s][info][gc,heap     ] GC(7) Reclaimed:         -                  -              1248M (30%)        1301M (32%)            -                  -          
[18.221s][info][gc          ] GC(7) Garbage Collection (System.gc()) 1562M(38%)->274M(7%)
[18.947s][info][gc,start    ] GC(8) Garbage Collection (Allocation Rate)
[18.947s][info][gc,task     ] GC(8) Using 12 workers
[18.947s][info][gc,phases   ] GC(8) Pause Mark Start 0.018ms
[19.009s][info][gc,phases   ] GC(8) Concurrent Mark 61.965ms
[19.010s][info][gc,phases   ] GC(8) Pause Mark End 0.017ms
[19.010s][info][gc,phases   ] GC(8) Concurrent Mark Free 0.002ms
[19.011s][info][gc,phases   ] GC(8) Concurrent Process Non-Strong References 1.652ms
[19.011s][info][gc,phases   ] GC(8) Concurrent Reset Relocation Set 0.004ms
[19.019s][info][gc,phases   ] GC(8) Concurrent Select Relocation Set 7.195ms
[19.019s][info][gc,phases   ] GC(8) Pause Relocate Start 0.008ms
[19.022s][info][gc,phases   ] GC(8) Concurrent Relocate 3.196ms
[19.022s][info][gc,load     ] GC(8) Load: 0.00/0.00/0.00
[19.022s][info][gc,mmu      ] GC(8) MMU: 2ms/96.9%, 5ms/98.7%, 10ms/99.3%, 20ms/99.6%, 50ms/99.8%, 100ms/99.9%
[19.022s][info][gc,marking  ] GC(8) Mark: 8 stripe(s), 2 proactive flush(es), 1 terminate flush(es), 0 completion(s), 0 continuation(s) 
[19.022s][info][gc,marking  ] GC(8) Mark Stack Usage: 32M
[19.022s][info][gc,nmethod  ] GC(8) NMethods: 4994 registered, 28 unregistered
[19.022s][info][gc,metaspace] GC(8) Metaspace: 56M used, 57M committed, 1088M reserved
[19.022s][info][gc,ref      ] GC(8) Soft: 4700 encountered, 0 discovered, 0 enqueued
[19.022s][info][gc,ref      ] GC(8) Weak: 5586 encountered, 1346 discovered, 86 enqueued
[19.022s][info][gc,ref      ] GC(8) Final: 124 encountered, 8 discovered, 0 enqueued
[19.022s][info][gc,ref      ] GC(8) Phantom: 616 encountered, 431 discovered, 10 enqueued
[19.022s][info][gc,reloc    ] GC(8) Small Pages: 1047 / 2094M, Empty: 1808M, Relocated: 6M, In-Place: 0
[19.022s][info][gc,reloc    ] GC(8) Medium Pages: 2 / 64M, Empty: 32M, Relocated: 0M, In-Place: 0
[19.022s][info][gc,reloc    ] GC(8) Large Pages: 4 / 24M, Empty: 12M, Relocated: 0M, In-Place: 0
[19.022s][info][gc,reloc    ] GC(8) Forwarding Usage: 3M
[19.022s][info][gc,heap     ] GC(8) Min Capacity: 8M(0%)
[19.023s][info][gc,heap     ] GC(8) Max Capacity: 4096M(100%)
[19.023s][info][gc,heap     ] GC(8) Soft Max Capacity: 4096M(100%)
[19.023s][info][gc,heap     ] GC(8)                Mark Start          Mark End        Relocate Start      Relocate End           High               Low         
[19.023s][info][gc,heap     ] GC(8)  Capacity:     2346M (57%)        2346M (57%)        2346M (57%)        2346M (57%)        2346M (57%)        2346M (57%)    
[19.023s][info][gc,heap     ] GC(8)      Free:     1914M (47%)        1772M (43%)        3576M (87%)        3638M (89%)        3640M (89%)        1764M (43%)    
[19.023s][info][gc,heap     ] GC(8)      Used:     2182M (53%)        2324M (57%)         520M (13%)         458M (11%)        2332M (57%)         456M (11%)    
[19.023s][info][gc,heap     ] GC(8)      Live:         -               205M (5%)          205M (5%)          205M (5%)             -                  -          
[19.023s][info][gc,heap     ] GC(8) Allocated:         -               142M (3%)          190M (5%)          199M (5%)             -                  -          
[19.023s][info][gc,heap     ] GC(8)   Garbage:         -              1976M (48%)         124M (3%)           52M (1%)             -                  -          
[19.023s][info][gc,heap     ] GC(8) Reclaimed:         -                  -              1852M (45%)        1923M (47%)            -                  -          
[19.023s][info][gc          ] GC(8) Garbage Collection (Allocation Rate) 2182M(53%)->458M(11%)
[19.141s][info][gc,start    ] GC(9) Garbage Collection (System.gc())
[19.141s][info][gc,task     ] GC(9) Using 12 workers
[19.141s][info][gc,phases   ] GC(9) Pause Mark Start 0.015ms
[19.198s][info][gc,phases   ] GC(9) Concurrent Mark 57.018ms
[19.198s][info][gc,phases   ] GC(9) Pause Mark End 0.021ms
[19.198s][info][gc,phases   ] GC(9) Concurrent Mark Free 0.001ms
[19.200s][info][gc,phases   ] GC(9) Concurrent Process Non-Strong References 1.585ms
[19.200s][info][gc,phases   ] GC(9) Concurrent Reset Relocation Set 0.006ms
[19.204s][info][gc,phases   ] GC(9) Concurrent Select Relocation Set 3.797ms
[19.204s][info][gc,phases   ] GC(9) Pause Relocate Start 0.009ms
[19.207s][info][gc,phases   ] GC(9) Concurrent Relocate 2.764ms
[19.207s][info][gc,load     ] GC(9) Load: 0.00/0.00/0.00
[19.207s][info][gc,mmu      ] GC(9) MMU: 2ms/96.9%, 5ms/98.7%, 10ms/99.3%, 20ms/99.6%, 50ms/99.8%, 100ms/99.9%
[19.207s][info][gc,marking  ] GC(9) Mark: 8 stripe(s), 2 proactive flush(es), 1 terminate flush(es), 0 completion(s), 0 continuation(s) 
[19.207s][info][gc,marking  ] GC(9) Mark Stack Usage: 32M
[19.207s][info][gc,nmethod  ] GC(9) NMethods: 5138 registered, 43 unregistered
[19.207s][info][gc,metaspace] GC(9) Metaspace: 57M used, 57M committed, 1088M reserved
[19.207s][info][gc,ref      ] GC(9) Soft: 4698 encountered, 0 discovered, 0 enqueued
[19.207s][info][gc,ref      ] GC(9) Weak: 5556 encountered, 684 discovered, 124 enqueued
[19.207s][info][gc,ref      ] GC(9) Final: 124 encountered, 19 discovered, 0 enqueued
[19.207s][info][gc,ref      ] GC(9) Phantom: 606 encountered, 548 discovered, 0 enqueued
[19.207s][info][gc,reloc    ] GC(9) Small Pages: 307 / 614M, Empty: 358M, Relocated: 5M, In-Place: 0
[19.207s][info][gc,reloc    ] GC(9) Medium Pages: 1 / 32M, Empty: 0M, Relocated: 0M, In-Place: 0
[19.207s][info][gc,reloc    ] GC(9) Large Pages: 3 / 18M, Empty: 6M, Relocated: 0M, In-Place: 0
[19.207s][info][gc,reloc    ] GC(9) Forwarding Usage: 2M
[19.207s][info][gc,heap     ] GC(9) Min Capacity: 8M(0%)
[19.207s][info][gc,heap     ] GC(9) Max Capacity: 4096M(100%)
[19.207s][info][gc,heap     ] GC(9) Soft Max Capacity: 4096M(100%)
[19.207s][info][gc,heap     ] GC(9)                Mark Start          Mark End        Relocate Start      Relocate End           High               Low         
[19.207s][info][gc,heap     ] GC(9)  Capacity:     2346M (57%)        2346M (57%)        2346M (57%)        2346M (57%)        2346M (57%)        2346M (57%)    
[19.207s][info][gc,heap     ] GC(9)      Free:     3432M (84%)        3432M (84%)        3774M (92%)        3808M (93%)        3808M (93%)        3430M (84%)    
[19.207s][info][gc,heap     ] GC(9)      Used:      664M (16%)         664M (16%)         322M (8%)          288M (7%)          666M (16%)         288M (7%)     
[19.207s][info][gc,heap     ] GC(9)      Live:         -               205M (5%)          205M (5%)          205M (5%)             -                  -          
[19.207s][info][gc,heap     ] GC(9) Allocated:         -                 0M (0%)           22M (1%)           27M (1%)             -                  -          
[19.207s][info][gc,heap     ] GC(9)   Garbage:         -               458M (11%)          94M (2%)           54M (1%)             -                  -          
[19.207s][info][gc,heap     ] GC(9) Reclaimed:         -                  -               364M (9%)          403M (10%)            -                  -          
[19.207s][info][gc          ] GC(9) Garbage Collection (System.gc()) 664M(16%)->288M(7%)
[19.745s][info][gc,start    ] GC(10) Garbage Collection (Allocation Rate)
[19.745s][info][gc,task     ] GC(10) Using 4 workers
[19.745s][info][gc,phases   ] GC(10) Pause Mark Start 0.017ms
[19.854s][info][gc,phases   ] GC(10) Concurrent Mark 108.920ms
[19.854s][info][gc,phases   ] GC(10) Pause Mark End 0.026ms
[19.855s][info][gc,phases   ] GC(10) Concurrent Mark Free 0.002ms
[19.859s][info][gc,phases   ] GC(10) Concurrent Process Non-Strong References 4.132ms
[19.859s][info][gc,phases   ] GC(10) Concurrent Reset Relocation Set 0.004ms
[19.868s][info][gc,phases   ] GC(10) Concurrent Select Relocation Set 9.103ms
[19.868s][info][gc,phases   ] GC(10) Pause Relocate Start 0.010ms
[19.874s][info][gc,phases   ] GC(10) Concurrent Relocate 5.753ms
[19.874s][info][gc,load     ] GC(10) Load: 0.00/0.00/0.00
[19.874s][info][gc,mmu      ] GC(10) MMU: 2ms/96.9%, 5ms/98.7%, 10ms/99.3%, 20ms/99.6%, 50ms/99.8%, 100ms/99.9%
[19.874s][info][gc,marking  ] GC(10) Mark: 4 stripe(s), 2 proactive flush(es), 1 terminate flush(es), 0 completion(s), 0 continuation(s) 
[19.874s][info][gc,marking  ] GC(10) Mark Stack Usage: 32M
[19.874s][info][gc,nmethod  ] GC(10) NMethods: 5251 registered, 63 unregistered
[19.874s][info][gc,metaspace] GC(10) Metaspace: 57M used, 58M committed, 1088M reserved
[19.874s][info][gc,ref      ] GC(10) Soft: 4700 encountered, 0 discovered, 0 enqueued
[19.874s][info][gc,ref      ] GC(10) Weak: 5622 encountered, 2010 discovered, 75 enqueued
[19.874s][info][gc,ref      ] GC(10) Final: 124 encountered, 19 discovered, 0 enqueued
[19.874s][info][gc,ref      ] GC(10) Phantom: 606 encountered, 431 discovered, 0 enqueued
[19.874s][info][gc,reloc    ] GC(10) Small Pages: 797 / 1594M, Empty: 1316M, Relocated: 6M, In-Place: 0
[19.874s][info][gc,reloc    ] GC(10) Medium Pages: 2 / 64M, Empty: 32M, Relocated: 0M, In-Place: 0
[19.874s][info][gc,reloc    ] GC(10) Large Pages: 4 / 24M, Empty: 12M, Relocated: 0M, In-Place: 0
[19.874s][info][gc,reloc    ] GC(10) Forwarding Usage: 3M
[19.874s][info][gc,heap     ] GC(10) Min Capacity: 8M(0%)
[19.874s][info][gc,heap     ] GC(10) Max Capacity: 4096M(100%)
[19.874s][info][gc,heap     ] GC(10) Soft Max Capacity: 4096M(100%)
[19.874s][info][gc,heap     ] GC(10)                Mark Start          Mark End        Relocate Start      Relocate End           High               Low         
[19.874s][info][gc,heap     ] GC(10)  Capacity:     2346M (57%)        2346M (57%)        2346M (57%)        2346M (57%)        2346M (57%)        2346M (57%)    
[19.874s][info][gc,heap     ] GC(10)      Free:     2414M (59%)        2118M (52%)        3418M (83%)        3476M (85%)        3484M (85%)        2106M (51%)    
[19.874s][info][gc,heap     ] GC(10)      Used:     1682M (41%)        1978M (48%)         678M (17%)         620M (15%)        1990M (49%)         612M (15%)    
[19.874s][info][gc,heap     ] GC(10)      Live:         -               205M (5%)          205M (5%)          205M (5%)             -                  -          
[19.874s][info][gc,heap     ] GC(10) Allocated:         -               296M (7%)          356M (9%)          375M (9%)             -                  -          
[19.875s][info][gc,heap     ] GC(10)   Garbage:         -              1476M (36%)         116M (3%)           38M (1%)             -                  -          
[19.875s][info][gc,heap     ] GC(10) Reclaimed:         -                  -              1360M (33%)        1437M (35%)            -                  -          
[19.875s][info][gc          ] GC(10) Garbage Collection (Allocation Rate) 1682M(41%)->620M(15%)
[20.064s][info][gc,start    ] GC(11) Garbage Collection (System.gc())
[20.064s][info][gc,task     ] GC(11) Using 12 workers
[20.064s][info][gc,phases   ] GC(11) Pause Mark Start 0.016ms
[20.122s][info][gc,phases   ] GC(11) Concurrent Mark 57.479ms
[20.122s][info][gc,phases   ] GC(11) Pause Mark End 0.021ms
[20.122s][info][gc,phases   ] GC(11) Concurrent Mark Free 0.001ms
[20.124s][info][gc,phases   ] GC(11) Concurrent Process Non-Strong References 1.557ms
[20.124s][info][gc,phases   ] GC(11) Concurrent Reset Relocation Set 0.005ms
[20.127s][info][gc,phases   ] GC(11) Concurrent Select Relocation Set 2.952ms
[20.127s][info][gc,phases   ] GC(11) Pause Relocate Start 0.007ms
[20.129s][info][gc,phases   ] GC(11) Concurrent Relocate 1.918ms
[20.129s][info][gc,load     ] GC(11) Load: 0.00/0.00/0.00
[20.129s][info][gc,mmu      ] GC(11) MMU: 2ms/96.9%, 5ms/98.7%, 10ms/99.3%, 20ms/99.6%, 50ms/99.8%, 100ms/99.9%
[20.129s][info][gc,marking  ] GC(11) Mark: 8 stripe(s), 2 proactive flush(es), 1 terminate flush(es), 0 completion(s), 0 continuation(s) 
[20.129s][info][gc,marking  ] GC(11) Mark Stack Usage: 32M
[20.129s][info][gc,nmethod  ] GC(11) NMethods: 5356 registered, 74 unregistered
[20.129s][info][gc,metaspace] GC(11) Metaspace: 57M used, 58M committed, 1088M reserved
[20.129s][info][gc,ref      ] GC(11) Soft: 4698 encountered, 0 discovered, 0 enqueued
[20.129s][info][gc,ref      ] GC(11) Weak: 5615 encountered, 953 discovered, 129 enqueued
[20.129s][info][gc,ref      ] GC(11) Final: 124 encountered, 4 discovered, 0 enqueued
[20.129s][info][gc,ref      ] GC(11) Phantom: 606 encountered, 549 discovered, 0 enqueued
[20.129s][info][gc,reloc    ] GC(11) Small Pages: 546 / 1092M, Empty: 850M, Relocated: 1M, In-Place: 0
[20.129s][info][gc,reloc    ] GC(11) Medium Pages: 1 / 32M, Empty: 0M, Relocated: 0M, In-Place: 0
[20.129s][info][gc,reloc    ] GC(11) Large Pages: 3 / 18M, Empty: 6M, Relocated: 0M, In-Place: 0
[20.129s][info][gc,reloc    ] GC(11) Forwarding Usage: 0M
[20.129s][info][gc,heap     ] GC(11) Min Capacity: 8M(0%)
[20.129s][info][gc,heap     ] GC(11) Max Capacity: 4096M(100%)
[20.129s][info][gc,heap     ] GC(11) Soft Max Capacity: 4096M(100%)
[20.129s][info][gc,heap     ] GC(11)                Mark Start          Mark End        Relocate Start      Relocate End           High               Low         
[20.129s][info][gc,heap     ] GC(11)  Capacity:     2346M (57%)        2346M (57%)        2346M (57%)        2346M (57%)        2346M (57%)        2346M (57%)    
[20.129s][info][gc,heap     ] GC(11)      Free:     2954M (72%)        2952M (72%)        3796M (93%)        3816M (93%)        3816M (93%)        2952M (72%)    
[20.129s][info][gc,heap     ] GC(11)      Used:     1142M (28%)        1144M (28%)         300M (7%)          280M (7%)         1144M (28%)         280M (7%)     
[20.129s][info][gc,heap     ] GC(11)      Live:         -               205M (5%)          205M (5%)          205M (5%)             -                  -          
[20.129s][info][gc,heap     ] GC(11) Allocated:         -                 2M (0%)           14M (0%)           15M (0%)             -                  -          
[20.129s][info][gc,heap     ] GC(11)   Garbage:         -               936M (23%)          80M (2%)           58M (1%)             -                  -          
[20.129s][info][gc,heap     ] GC(11) Reclaimed:         -                  -               856M (21%)         877M (21%)            -                  -          
[20.129s][info][gc          ] GC(11) Garbage Collection (System.gc()) 1142M(28%)->280M(7%)
[20.153s][info][gc,stats    ] === Garbage Collection Statistics =======================================================================================================================
[20.153s][info][gc,stats    ]                                                              Last 10s              Last 10m              Last 10h                Total
[20.154s][info][gc,stats    ]                                                              Avg / Max             Avg / Max             Avg / Max             Avg / Max
[20.154s][info][gc,stats    ]   Collector: Garbage Collection Cycle                    131.918 / 354.479     131.918 / 354.479     131.918 / 354.479     131.918 / 354.479     ms
[20.154s][info][gc,stats    ]  Contention: Mark Segment Reset Contention                     2 / 11                1 / 11                1 / 11                1 / 11          ops/s
[20.154s][info][gc,stats    ]  Contention: Mark SeqNum Reset Contention                      0 / 1                 0 / 1                 0 / 1                 0 / 1           ops/s
[20.154s][info][gc,stats    ]    Critical: Allocation Stall                                  0 / 0                 0 / 0                 0 / 0                 0 / 0           ops/s
[20.154s][info][gc,stats    ]    Critical: Allocation Stall                              0.000 / 0.000         0.000 / 0.000         0.000 / 0.000         0.000 / 0.000       ms
[20.154s][info][gc,stats    ]    Critical: GC Locker Stall                                   0 / 1                 0 / 1                 0 / 1                 0 / 1           ops/s
[20.154s][info][gc,stats    ]    Critical: GC Locker Stall                               0.001 / 0.001         0.001 / 0.001         0.001 / 0.001         0.001 / 0.001       ms
[20.154s][info][gc,stats    ]    Critical: Relocation Stall                                  0 / 0                 0 / 0                 0 / 0                 0 / 0           ops/s
[20.154s][info][gc,stats    ]    Critical: Relocation Stall                              0.000 / 0.000         0.000 / 0.000         0.000 / 0.000         0.000 / 0.000       ms
[20.154s][info][gc,stats    ]      Memory: Allocation Rate                                1087 / 2384            548 / 2384            548 / 2384            548 / 2384        MB/s
[20.154s][info][gc,stats    ]      Memory: Defragment                                        0 / 0                 0 / 0                 0 / 0                 0 / 0           ops/s
[20.154s][info][gc,stats    ]      Memory: Out Of Memory                                     0 / 0                 0 / 0                 0 / 0                 0 / 0           ops/s
[20.154s][info][gc,stats    ]      Memory: Page Cache Flush                                  0 / 0                 0 / 0                 0 / 0                 0 / 0           MB/s
[20.154s][info][gc,stats    ]      Memory: Page Cache Hit L1                               446 / 1185            223 / 1185            223 / 1185            223 / 1185        ops/s
[20.154s][info][gc,stats    ]      Memory: Page Cache Hit L2                                 0 / 0                 0 / 0                 0 / 0                 0 / 0           ops/s
[20.154s][info][gc,stats    ]      Memory: Page Cache Hit L3                                95 / 387              49 / 387              49 / 387              49 / 387         ops/s
[20.154s][info][gc,stats    ]      Memory: Page Cache Miss                                  14 / 124               7 / 124               7 / 124               7 / 124         ops/s
[20.154s][info][gc,stats    ]      Memory: Uncommit                                          0 / 0                 0 / 0                 0 / 0                 0 / 0           MB/s
[20.154s][info][gc,stats    ]      Memory: Undo Object Allocation Failed                     0 / 0                 0 / 0                 0 / 0                 0 / 0           ops/s
[20.154s][info][gc,stats    ]      Memory: Undo Object Allocation Succeeded                 13 / 128               6 / 128               6 / 128               6 / 128         ops/s
[20.154s][info][gc,stats    ]      Memory: Undo Page Allocation                              0 / 0                 0 / 0                 0 / 0                 0 / 0           ops/s
[20.154s][info][gc,stats    ]       Phase: Concurrent Mark                              98.233 / 265.094      98.233 / 265.094      98.233 / 265.094      98.233 / 265.094     ms
[20.154s][info][gc,stats    ]       Phase: Concurrent Mark Continue                      0.000 / 0.000         0.000 / 0.000         0.000 / 0.000         0.000 / 0.000       ms
[20.154s][info][gc,stats    ]       Phase: Concurrent Mark Free                          0.001 / 0.002         0.001 / 0.002         0.001 / 0.002         0.001 / 0.002       ms
[20.154s][info][gc,stats    ]       Phase: Concurrent Process Non-Strong References      3.318 / 11.008        3.318 / 11.008        3.318 / 11.008        3.318 / 11.008      ms
[20.154s][info][gc,stats    ]       Phase: Concurrent Relocate                          13.153 / 42.999       13.153 / 42.999       13.153 / 42.999       13.153 / 42.999      ms
[20.154s][info][gc,stats    ]       Phase: Concurrent Reset Relocation Set               0.029 / 0.107         0.029 / 0.107         0.029 / 0.107         0.029 / 0.107       ms
[20.154s][info][gc,stats    ]       Phase: Concurrent Select Relocation Set             16.084 / 51.919       16.084 / 51.919       16.084 / 51.919       16.084 / 51.919      ms
[20.154s][info][gc,stats    ]       Phase: Pause Mark End                                0.024 / 0.063         0.024 / 0.063         0.024 / 0.063         0.024 / 0.063       ms
[20.155s][info][gc,stats    ]       Phase: Pause Mark Start                              0.018 / 0.040         0.018 / 0.040         0.018 / 0.040         0.018 / 0.040       ms
[20.155s][info][gc,stats    ]       Phase: Pause Relocate Start                          0.009 / 0.011         0.009 / 0.011         0.009 / 0.011         0.009 / 0.011       ms
[20.155s][info][gc,stats    ]    Subphase: Concurrent Classes Purge                      0.341 / 1.010         0.341 / 1.010         0.341 / 1.010         0.341 / 1.010       ms
[20.155s][info][gc,stats    ]    Subphase: Concurrent Classes Unlink                     2.456 / 9.378         2.456 / 9.378         2.456 / 9.378         2.456 / 9.378       ms
[20.155s][info][gc,stats    ]    Subphase: Concurrent Mark                              92.895 / 262.214      92.895 / 262.214      92.895 / 262.214      92.895 / 262.214     ms
[20.155s][info][gc,stats    ]    Subphase: Concurrent Mark Try Flush                     0.085 / 0.277         0.085 / 0.277         0.085 / 0.277         0.085 / 0.277       ms
[20.155s][info][gc,stats    ]    Subphase: Concurrent Mark Try Terminate                 9.159 / 16.453        9.159 / 16.453        9.159 / 16.453        9.159 / 16.453      ms
[20.155s][info][gc,stats    ]    Subphase: Concurrent References Enqueue                 0.003 / 0.004         0.003 / 0.004         0.003 / 0.004         0.003 / 0.004       ms
[20.155s][info][gc,stats    ]    Subphase: Concurrent References Process                 0.113 / 0.197         0.113 / 0.197         0.113 / 0.197         0.113 / 0.197       ms
[20.155s][info][gc,stats    ]    Subphase: Concurrent Roots ClassLoaderDataGraph         0.076 / 0.890         0.076 / 0.890         0.076 / 0.890         0.076 / 0.890       ms
[20.155s][info][gc,stats    ]    Subphase: Concurrent Roots CodeCache                    0.000 / 0.000         0.000 / 0.000         0.000 / 0.000         0.000 / 0.000       ms
[20.155s][info][gc,stats    ]    Subphase: Concurrent Roots JavaThreads                  2.859 / 6.989         2.859 / 6.989         2.859 / 6.989         2.859 / 6.989       ms
[20.155s][info][gc,stats    ]    Subphase: Concurrent Roots OopStorageSet                0.028 / 0.302         0.028 / 0.302         0.028 / 0.302         0.028 / 0.302       ms
[20.155s][info][gc,stats    ]    Subphase: Concurrent Weak Roots OopStorageSet           0.229 / 0.571         0.229 / 0.571         0.229 / 0.571         0.229 / 0.571       ms
[20.155s][info][gc,stats    ]    Subphase: Pause Mark Try Complete                       0.002 / 0.008         0.002 / 0.008         0.002 / 0.008         0.002 / 0.008       ms
[20.155s][info][gc,stats    ]      System: Java Threads                                     74 / 117              74 / 117              74 / 117              74 / 117         threads
[20.155s][info][gc,stats    ] =========================================================================================================================================================
[20.856s][info][gc,start    ] GC(12) Garbage Collection (Allocation Rate)
[20.856s][info][gc,task     ] GC(12) Using 3 workers
[20.857s][info][gc,phases   ] GC(12) Pause Mark Start 0.017ms
[20.981s][info][gc,phases   ] GC(12) Concurrent Mark 124.535ms
[20.981s][info][gc,phases   ] GC(12) Pause Mark End 0.056ms
[20.981s][info][gc,phases   ] GC(12) Concurrent Mark Free 0.001ms
[20.986s][info][gc,phases   ] GC(12) Concurrent Process Non-Strong References 4.624ms
[20.986s][info][gc,phases   ] GC(12) Concurrent Reset Relocation Set 0.002ms
[20.990s][info][gc,phases   ] GC(12) Concurrent Select Relocation Set 4.063ms
[20.990s][info][gc,phases   ] GC(12) Pause Relocate Start 0.011ms
[20.994s][info][gc,phases   ] GC(12) Concurrent Relocate 3.768ms
[20.994s][info][gc,load     ] GC(12) Load: 0.00/0.00/0.00
[20.994s][info][gc,mmu      ] GC(12) MMU: 2ms/96.9%, 5ms/98.7%, 10ms/99.3%, 20ms/99.6%, 50ms/99.8%, 100ms/99.9%
[20.994s][info][gc,marking  ] GC(12) Mark: 2 stripe(s), 2 proactive flush(es), 1 terminate flush(es), 1 completion(s), 0 continuation(s) 
[20.994s][info][gc,marking  ] GC(12) Mark Stack Usage: 32M
[20.994s][info][gc,nmethod  ] GC(12) NMethods: 5534 registered, 95 unregistered
[20.994s][info][gc,metaspace] GC(12) Metaspace: 57M used, 58M committed, 1088M reserved
[20.995s][info][gc,ref      ] GC(12) Soft: 4700 encountered, 0 discovered, 0 enqueued
[20.995s][info][gc,ref      ] GC(12) Weak: 5644 encountered, 2656 discovered, 70 enqueued
[20.995s][info][gc,ref      ] GC(12) Final: 124 encountered, 2 discovered, 0 enqueued
[20.995s][info][gc,ref      ] GC(12) Phantom: 606 encountered, 410 discovered, 0 enqueued
[20.995s][info][gc,reloc    ] GC(12) Small Pages: 1152 / 2304M, Empty: 2032M, Relocated: 1M, In-Place: 0
[20.995s][info][gc,reloc    ] GC(12) Medium Pages: 2 / 64M, Empty: 32M, Relocated: 0M, In-Place: 0
[20.995s][info][gc,reloc    ] GC(12) Large Pages: 4 / 24M, Empty: 12M, Relocated: 0M, In-Place: 0
[20.995s][info][gc,reloc    ] GC(12) Forwarding Usage: 0M
[20.995s][info][gc,heap     ] GC(12) Min Capacity: 8M(0%)
[20.995s][info][gc,heap     ] GC(12) Max Capacity: 4096M(100%)
[20.995s][info][gc,heap     ] GC(12) Soft Max Capacity: 4096M(100%)
[20.995s][info][gc,heap     ] GC(12)                Mark Start          Mark End        Relocate Start      Relocate End           High               Low         
[20.995s][info][gc,heap     ] GC(12)  Capacity:     2392M (58%)        2566M (63%)        2570M (63%)        2570M (63%)        2570M (63%)        2392M (58%)    
[20.995s][info][gc,heap     ] GC(12)      Free:     1704M (42%)        1530M (37%)        3592M (88%)        3660M (89%)        3660M (89%)        1526M (37%)    
[20.995s][info][gc,heap     ] GC(12)      Used:     2392M (58%)        2566M (63%)         504M (12%)         436M (11%)        2570M (63%)         436M (11%)    
[20.995s][info][gc,heap     ] GC(12)      Live:         -               205M (5%)          205M (5%)          205M (5%)             -                  -          
[20.995s][info][gc,heap     ] GC(12) Allocated:         -               174M (4%)          188M (5%)          189M (5%)             -                  -          
[20.995s][info][gc,heap     ] GC(12)   Garbage:         -              2186M (53%)         110M (3%)           40M (1%)             -                  -          
[20.995s][info][gc,heap     ] GC(12) Reclaimed:         -                  -              2076M (51%)        2145M (52%)            -                  -          
[20.995s][info][gc          ] GC(12) Garbage Collection (Allocation Rate) 2392M(58%)->436M(11%)
[21.011s][info][gc,start    ] GC(13) Garbage Collection (System.gc())
[21.011s][info][gc,task     ] GC(13) Using 12 workers
[21.012s][info][gc,phases   ] GC(13) Pause Mark Start 0.014ms
[21.066s][info][gc,phases   ] GC(13) Concurrent Mark 54.606ms
[21.066s][info][gc,phases   ] GC(13) Pause Mark End 0.019ms
[21.066s][info][gc,phases   ] GC(13) Concurrent Mark Free 0.001ms
[21.068s][info][gc,phases   ] GC(13) Concurrent Process Non-Strong References 1.570ms
[21.068s][info][gc,phases   ] GC(13) Concurrent Reset Relocation Set 0.006ms
[21.070s][info][gc,phases   ] GC(13) Concurrent Select Relocation Set 2.379ms
[21.071s][info][gc,phases   ] GC(13) Pause Relocate Start 0.006ms
[21.073s][info][gc,phases   ] GC(13) Concurrent Relocate 2.376ms
[21.073s][info][gc,load     ] GC(13) Load: 0.00/0.00/0.00
[21.073s][info][gc,mmu      ] GC(13) MMU: 2ms/96.9%, 5ms/98.7%, 10ms/99.3%, 20ms/99.6%, 50ms/99.8%, 100ms/99.9%
[21.073s][info][gc,marking  ] GC(13) Mark: 8 stripe(s), 2 proactive flush(es), 1 terminate flush(es), 0 completion(s), 0 continuation(s) 
[21.073s][info][gc,marking  ] GC(13) Mark Stack Usage: 32M
[21.073s][info][gc,nmethod  ] GC(13) NMethods: 5577 registered, 107 unregistered
[21.073s][info][gc,metaspace] GC(13) Metaspace: 57M used, 58M committed, 1088M reserved
[21.073s][info][gc,ref      ] GC(13) Soft: 4698 encountered, 0 discovered, 0 enqueued
[21.073s][info][gc,ref      ] GC(13) Weak: 5636 encountered, 1707 discovered, 130 enqueued
[21.073s][info][gc,ref      ] GC(13) Final: 124 encountered, 5 discovered, 0 enqueued
[21.073s][info][gc,ref      ] GC(13) Phantom: 606 encountered, 534 discovered, 0 enqueued
[21.073s][info][gc,reloc    ] GC(13) Small Pages: 193 / 386M, Empty: 144M, Relocated: 1M, In-Place: 0
[21.073s][info][gc,reloc    ] GC(13) Medium Pages: 1 / 32M, Empty: 0M, Relocated: 0M, In-Place: 0
[21.073s][info][gc,reloc    ] GC(13) Large Pages: 3 / 18M, Empty: 6M, Relocated: 0M, In-Place: 0
[21.073s][info][gc,reloc    ] GC(13) Forwarding Usage: 0M
[21.073s][info][gc,heap     ] GC(13) Min Capacity: 8M(0%)
[21.073s][info][gc,heap     ] GC(13) Max Capacity: 4096M(100%)
[21.073s][info][gc,heap     ] GC(13) Soft Max Capacity: 4096M(100%)
[21.073s][info][gc,heap     ] GC(13)                Mark Start          Mark End        Relocate Start      Relocate End           High               Low         
[21.073s][info][gc,heap     ] GC(13)  Capacity:     2570M (63%)        2570M (63%)        2570M (63%)        2570M (63%)        2570M (63%)        2570M (63%)    
[21.073s][info][gc,heap     ] GC(13)      Free:     3660M (89%)        3660M (89%)        3792M (93%)        3808M (93%)        3812M (93%)        3658M (89%)    
[21.073s][info][gc,heap     ] GC(13)      Used:      436M (11%)         436M (11%)         304M (7%)          288M (7%)          438M (11%)         284M (7%)     
[21.073s][info][gc,heap     ] GC(13)      Live:         -               205M (5%)          205M (5%)          205M (5%)             -                  -          
[21.073s][info][gc,heap     ] GC(13) Allocated:         -                 0M (0%)           18M (0%)           23M (1%)             -                  -          
[21.073s][info][gc,heap     ] GC(13)   Garbage:         -               230M (6%)           80M (2%)           58M (1%)             -                  -          
[21.073s][info][gc,heap     ] GC(13) Reclaimed:         -                  -               150M (4%)          171M (4%)             -                  -          
[21.073s][info][gc          ] GC(13) Garbage Collection (System.gc()) 436M(11%)->288M(7%)
[21.754s][info][gc,start    ] GC(14) Garbage Collection (Allocation Rate)
[21.754s][info][gc,task     ] GC(14) Using 2 workers
[21.754s][info][gc,phases   ] GC(14) Pause Mark Start 0.017ms
[21.909s][info][gc,phases   ] GC(14) Concurrent Mark 154.917ms
[21.909s][info][gc,phases   ] GC(14) Pause Mark End 0.027ms
[21.909s][info][gc,phases   ] GC(14) Concurrent Mark Free 0.001ms
[21.917s][info][gc,phases   ] GC(14) Concurrent Process Non-Strong References 7.796ms
[21.917s][info][gc,phases   ] GC(14) Concurrent Reset Relocation Set 0.003ms
[21.922s][info][gc,phases   ] GC(14) Concurrent Select Relocation Set 5.278ms
[21.923s][info][gc,phases   ] GC(14) Pause Relocate Start 0.009ms
[21.927s][info][gc,phases   ] GC(14) Concurrent Relocate 4.028ms
[21.927s][info][gc,load     ] GC(14) Load: 0.00/0.00/0.00
[21.927s][info][gc,mmu      ] GC(14) MMU: 2ms/96.9%, 5ms/98.7%, 10ms/99.3%, 20ms/99.6%, 50ms/99.8%, 100ms/99.9%
[21.927s][info][gc,marking  ] GC(14) Mark: 2 stripe(s), 2 proactive flush(es), 1 terminate flush(es), 0 completion(s), 0 continuation(s) 
[21.927s][info][gc,marking  ] GC(14) Mark Stack Usage: 32M
[21.927s][info][gc,nmethod  ] GC(14) NMethods: 5762 registered, 22 unregistered
[21.927s][info][gc,metaspace] GC(14) Metaspace: 57M used, 58M committed, 1088M reserved
[21.927s][info][gc,ref      ] GC(14) Soft: 4700 encountered, 0 discovered, 0 enqueued
[21.927s][info][gc,ref      ] GC(14) Weak: 5686 encountered, 2956 discovered, 67 enqueued
[21.927s][info][gc,ref      ] GC(14) Final: 124 encountered, 118 discovered, 0 enqueued
[21.927s][info][gc,ref      ] GC(14) Phantom: 606 encountered, 414 discovered, 0 enqueued
[21.927s][info][gc,reloc    ] GC(14) Small Pages: 1071 / 2142M, Empty: 1866M, Relocated: 1M, In-Place: 0
[21.927s][info][gc,reloc    ] GC(14) Medium Pages: 2 / 64M, Empty: 32M, Relocated: 0M, In-Place: 0
[21.927s][info][gc,reloc    ] GC(14) Large Pages: 4 / 24M, Empty: 12M, Relocated: 0M, In-Place: 0
[21.927s][info][gc,reloc    ] GC(14) Forwarding Usage: 0M
[21.927s][info][gc,heap     ] GC(14) Min Capacity: 8M(0%)
[21.927s][info][gc,heap     ] GC(14) Max Capacity: 4096M(100%)
[21.927s][info][gc,heap     ] GC(14) Soft Max Capacity: 4096M(100%)
[21.927s][info][gc,heap     ] GC(14)                Mark Start          Mark End        Relocate Start      Relocate End           High               Low         
[21.927s][info][gc,heap     ] GC(14)  Capacity:     2570M (63%)        2574M (63%)        2574M (63%)        2574M (63%)        2574M (63%)        2570M (63%)    
[21.927s][info][gc,heap     ] GC(14)      Free:     1866M (46%)        1522M (37%)        3428M (84%)        3504M (86%)        3504M (86%)        1522M (37%)    
[21.927s][info][gc,heap     ] GC(14)      Used:     2230M (54%)        2574M (63%)         668M (16%)         592M (14%)        2574M (63%)         592M (14%)    
[21.927s][info][gc,heap     ] GC(14)      Live:         -               205M (5%)          205M (5%)          205M (5%)             -                  -          
[21.927s][info][gc,heap     ] GC(14) Allocated:         -               344M (8%)          348M (8%)          348M (8%)             -                  -          
[21.927s][info][gc,heap     ] GC(14)   Garbage:         -              2024M (49%)         114M (3%)           38M (1%)             -                  -          
[21.927s][info][gc,heap     ] GC(14) Reclaimed:         -                  -              1910M (47%)        1986M (48%)            -                  -          
[21.928s][info][gc          ] GC(14) Garbage Collection (Allocation Rate) 2230M(54%)->592M(14%)
[21.928s][info][gc,start    ] GC(15) Garbage Collection (System.gc())
[21.928s][info][gc,task     ] GC(15) Using 12 workers
[21.928s][info][gc,phases   ] GC(15) Pause Mark Start 0.009ms
[21.987s][info][gc,phases   ] GC(15) Concurrent Mark 59.248ms
[21.987s][info][gc,phases   ] GC(15) Pause Mark End 0.019ms
[21.987s][info][gc,phases   ] GC(15) Concurrent Mark Free 0.001ms
[21.989s][info][gc,phases   ] GC(15) Concurrent Process Non-Strong References 1.609ms
[21.989s][info][gc,phases   ] GC(15) Concurrent Reset Relocation Set 0.005ms
[21.992s][info][gc,phases   ] GC(15) Concurrent Select Relocation Set 2.653ms
[21.992s][info][gc,phases   ] GC(15) Pause Relocate Start 0.008ms
[21.994s][info][gc,phases   ] GC(15) Concurrent Relocate 2.409ms
[21.994s][info][gc,load     ] GC(15) Load: 0.00/0.00/0.00
[21.994s][info][gc,mmu      ] GC(15) MMU: 2ms/96.9%, 5ms/98.7%, 10ms/99.3%, 20ms/99.6%, 50ms/99.8%, 100ms/99.9%
[21.994s][info][gc,marking  ] GC(15) Mark: 8 stripe(s), 1 proactive flush(es), 1 terminate flush(es), 0 completion(s), 0 continuation(s) 
[21.994s][info][gc,marking  ] GC(15) Mark Stack Usage: 32M
[21.994s][info][gc,nmethod  ] GC(15) NMethods: 5758 registered, 30 unregistered
[21.994s][info][gc,metaspace] GC(15) Metaspace: 57M used, 58M committed, 1088M reserved
[21.994s][info][gc,ref      ] GC(15) Soft: 4698 encountered, 0 discovered, 0 enqueued
[21.994s][info][gc,ref      ] GC(15) Weak: 5697 encountered, 1525 discovered, 145 enqueued
[21.994s][info][gc,ref      ] GC(15) Final: 124 encountered, 5 discovered, 0 enqueued
[21.994s][info][gc,ref      ] GC(15) Phantom: 606 encountered, 592 discovered, 0 enqueued
[21.994s][info][gc,reloc    ] GC(15) Small Pages: 271 / 542M, Empty: 306M, Relocated: 1M, In-Place: 0
[21.994s][info][gc,reloc    ] GC(15) Medium Pages: 1 / 32M, Empty: 0M, Relocated: 0M, In-Place: 0
[21.994s][info][gc,reloc    ] GC(15) Large Pages: 3 / 18M, Empty: 6M, Relocated: 0M, In-Place: 0
[21.994s][info][gc,reloc    ] GC(15) Forwarding Usage: 0M
[21.994s][info][gc,heap     ] GC(15) Min Capacity: 8M(0%)
[21.994s][info][gc,heap     ] GC(15) Max Capacity: 4096M(100%)
[21.994s][info][gc,heap     ] GC(15) Soft Max Capacity: 4096M(100%)
[21.994s][info][gc,heap     ] GC(15)                Mark Start          Mark End        Relocate Start      Relocate End           High               Low         
[21.995s][info][gc,heap     ] GC(15)  Capacity:     2574M (63%)        2574M (63%)        2574M (63%)        2574M (63%)        2574M (63%)        2574M (63%)    
[21.995s][info][gc,heap     ] GC(15)      Free:     3504M (86%)        3504M (86%)        3800M (93%)        3810M (93%)        3814M (93%)        3502M (85%)    
[21.995s][info][gc,heap     ] GC(15)      Used:      592M (14%)         592M (14%)         296M (7%)          286M (7%)          594M (15%)         282M (7%)     
[21.995s][info][gc,heap     ] GC(15)      Live:         -               205M (5%)          205M (5%)          205M (5%)             -                  -          
[21.995s][info][gc,heap     ] GC(15) Allocated:         -                 0M (0%)           16M (0%)           21M (1%)             -                  -          
[21.995s][info][gc,heap     ] GC(15)   Garbage:         -               386M (9%)           74M (2%)           58M (1%)             -                  -          
[21.995s][info][gc,heap     ] GC(15) Reclaimed:         -                  -               312M (8%)          327M (8%)             -                  -          
[21.995s][info][gc          ] GC(15) Garbage Collection (System.gc()) 592M(14%)->286M(7%)
[22.752s][info][gc,start    ] GC(16) Garbage Collection (Allocation Rate)
[22.753s][info][gc,task     ] GC(16) Using 3 workers
[22.753s][info][gc,phases   ] GC(16) Pause Mark Start 0.017ms
[22.883s][info][gc,phases   ] GC(16) Concurrent Mark 130.504ms
[22.884s][info][gc,phases   ] GC(16) Pause Mark End 0.026ms
[22.884s][info][gc,phases   ] GC(16) Concurrent Mark Free 0.001ms
[22.891s][info][gc,phases   ] GC(16) Concurrent Process Non-Strong References 7.193ms
[22.891s][info][gc,phases   ] GC(16) Concurrent Reset Relocation Set 0.003ms
[22.895s][info][gc,phases   ] GC(16) Concurrent Select Relocation Set 4.402ms
[22.896s][info][gc,phases   ] GC(16) Pause Relocate Start 0.010ms
[22.900s][info][gc,phases   ] GC(16) Concurrent Relocate 3.946ms
[22.900s][info][gc,load     ] GC(16) Load: 0.00/0.00/0.00
[22.900s][info][gc,mmu      ] GC(16) MMU: 2ms/96.9%, 5ms/98.7%, 10ms/99.3%, 20ms/99.6%, 50ms/99.8%, 100ms/99.9%
[22.900s][info][gc,marking  ] GC(16) Mark: 2 stripe(s), 2 proactive flush(es), 1 terminate flush(es), 0 completion(s), 0 continuation(s) 
[22.900s][info][gc,marking  ] GC(16) Mark Stack Usage: 32M
[22.900s][info][gc,nmethod  ] GC(16) NMethods: 5916 registered, 42 unregistered
[22.900s][info][gc,metaspace] GC(16) Metaspace: 57M used, 58M committed, 1088M reserved
[22.900s][info][gc,ref      ] GC(16) Soft: 4700 encountered, 0 discovered, 0 enqueued
[22.900s][info][gc,ref      ] GC(16) Weak: 5699 encountered, 2589 discovered, 63 enqueued
[22.900s][info][gc,ref      ] GC(16) Final: 124 encountered, 88 discovered, 0 enqueued
[22.900s][info][gc,ref      ] GC(16) Phantom: 606 encountered, 416 discovered, 0 enqueued
[22.900s][info][gc,reloc    ] GC(16) Small Pages: 1209 / 2418M, Empty: 2144M, Relocated: 1M, In-Place: 0
[22.900s][info][gc,reloc    ] GC(16) Medium Pages: 2 / 64M, Empty: 32M, Relocated: 0M, In-Place: 0
[22.900s][info][gc,reloc    ] GC(16) Large Pages: 4 / 24M, Empty: 12M, Relocated: 0M, In-Place: 0
[22.900s][info][gc,reloc    ] GC(16) Forwarding Usage: 0M
[22.900s][info][gc,heap     ] GC(16) Min Capacity: 8M(0%)
[22.900s][info][gc,heap     ] GC(16) Max Capacity: 4096M(100%)
[22.900s][info][gc,heap     ] GC(16) Soft Max Capacity: 4096M(100%)
[22.900s][info][gc,heap     ] GC(16)                Mark Start          Mark End        Relocate Start      Relocate End           High               Low         
[22.900s][info][gc,heap     ] GC(16)  Capacity:     2574M (63%)        2574M (63%)        2574M (63%)        2574M (63%)        2574M (63%)        2574M (63%)    
[22.900s][info][gc,heap     ] GC(16)      Free:     1590M (39%)        1526M (37%)        3706M (90%)        3778M (92%)        3778M (92%)        1526M (37%)    
[22.900s][info][gc,heap     ] GC(16)      Used:     2506M (61%)        2570M (63%)         390M (10%)         318M (8%)         2570M (63%)         318M (8%)     
[22.900s][info][gc,heap     ] GC(16)      Live:         -               205M (5%)          205M (5%)          205M (5%)             -                  -          
[22.900s][info][gc,heap     ] GC(16) Allocated:         -                64M (2%)           72M (2%)           72M (2%)             -                  -          
[22.900s][info][gc,heap     ] GC(16)   Garbage:         -              2300M (56%)         112M (3%)           40M (1%)             -                  -          
[22.900s][info][gc,heap     ] GC(16) Reclaimed:         -                  -              2188M (53%)        2260M (55%)            -                  -          
[22.900s][info][gc          ] GC(16) Garbage Collection (Allocation Rate) 2506M(61%)->318M(8%)
[22.900s][info][gc,start    ] GC(17) Garbage Collection (System.gc())
[22.900s][info][gc,task     ] GC(17) Using 12 workers
[22.901s][info][gc,phases   ] GC(17) Pause Mark Start 0.013ms
[22.961s][info][gc,phases   ] GC(17) Concurrent Mark 60.733ms
[22.962s][info][gc,phases   ] GC(17) Pause Mark End 0.024ms
[22.962s][info][gc,phases   ] GC(17) Concurrent Mark Free 0.001ms
[22.964s][info][gc,phases   ] GC(17) Concurrent Process Non-Strong References 1.812ms
[22.964s][info][gc,phases   ] GC(17) Concurrent Reset Relocation Set 0.005ms
[22.967s][info][gc,phases   ] GC(17) Concurrent Select Relocation Set 3.633ms
[22.967s][info][gc,phases   ] GC(17) Pause Relocate Start 0.008ms
[22.970s][info][gc,phases   ] GC(17) Concurrent Relocate 2.632ms
[22.970s][info][gc,load     ] GC(17) Load: 0.00/0.00/0.00
[22.970s][info][gc,mmu      ] GC(17) MMU: 2ms/96.9%, 5ms/98.7%, 10ms/99.3%, 20ms/99.6%, 50ms/99.8%, 100ms/99.9%
[22.970s][info][gc,marking  ] GC(17) Mark: 8 stripe(s), 1 proactive flush(es), 1 terminate flush(es), 0 completion(s), 0 continuation(s) 
[22.970s][info][gc,marking  ] GC(17) Mark Stack Usage: 32M
[22.970s][info][gc,nmethod  ] GC(17) NMethods: 5913 registered, 49 unregistered
[22.970s][info][gc,metaspace] GC(17) Metaspace: 57M used, 58M committed, 1088M reserved
[22.970s][info][gc,ref      ] GC(17) Soft: 4698 encountered, 0 discovered, 0 enqueued
[22.970s][info][gc,ref      ] GC(17) Weak: 5715 encountered, 1470 discovered, 135 enqueued
[22.970s][info][gc,ref      ] GC(17) Final: 124 encountered, 9 discovered, 0 enqueued
[22.970s][info][gc,ref      ] GC(17) Phantom: 606 encountered, 546 discovered, 0 enqueued
[22.970s][info][gc,reloc    ] GC(17) Small Pages: 134 / 268M, Empty: 32M, Relocated: 1M, In-Place: 0
[22.970s][info][gc,reloc    ] GC(17) Medium Pages: 1 / 32M, Empty: 0M, Relocated: 0M, In-Place: 0
[22.970s][info][gc,reloc    ] GC(17) Large Pages: 3 / 18M, Empty: 6M, Relocated: 0M, In-Place: 0
[22.970s][info][gc,reloc    ] GC(17) Forwarding Usage: 0M
[22.970s][info][gc,heap     ] GC(17) Min Capacity: 8M(0%)
[22.970s][info][gc,heap     ] GC(17) Max Capacity: 4096M(100%)
[22.970s][info][gc,heap     ] GC(17) Soft Max Capacity: 4096M(100%)
[22.970s][info][gc,heap     ] GC(17)                Mark Start          Mark End        Relocate Start      Relocate End           High               Low         
[22.971s][info][gc,heap     ] GC(17)  Capacity:     2574M (63%)        2574M (63%)        2574M (63%)        2574M (63%)        2574M (63%)        2574M (63%)    
[22.971s][info][gc,heap     ] GC(17)      Free:     3778M (92%)        3778M (92%)        3800M (93%)        3804M (93%)        3812M (93%)        3762M (92%)    
[22.971s][info][gc,heap     ] GC(17)      Used:      318M (8%)          318M (8%)          296M (7%)          292M (7%)          334M (8%)          284M (7%)     
[22.971s][info][gc,heap     ] GC(17)      Live:         -               205M (5%)          205M (5%)          205M (5%)             -                  -          
[22.971s][info][gc,heap     ] GC(17) Allocated:         -                 0M (0%)           16M (0%)           27M (1%)             -                  -          
[22.971s][info][gc,heap     ] GC(17)   Garbage:         -               112M (3%)           74M (2%)           58M (1%)             -                  -          
[22.971s][info][gc,heap     ] GC(17) Reclaimed:         -                  -                38M (1%)           53M (1%)             -                  -          
[22.971s][info][gc          ] GC(17) Garbage Collection (System.gc()) 318M(8%)->292M(7%)
[23.750s][info][gc,start    ] GC(18) Garbage Collection (System.gc())
[23.750s][info][gc,task     ] GC(18) Using 12 workers
[23.750s][info][gc,phases   ] GC(18) Pause Mark Start 0.015ms
[23.803s][info][gc,phases   ] GC(18) Concurrent Mark 52.781ms
[23.804s][info][gc,phases   ] GC(18) Pause Mark End 0.025ms
[23.804s][info][gc,phases   ] GC(18) Concurrent Mark Free 0.001ms
[23.805s][info][gc,phases   ] GC(18) Concurrent Process Non-Strong References 1.496ms
[23.805s][info][gc,phases   ] GC(18) Concurrent Reset Relocation Set 0.002ms
[23.808s][info][gc,phases   ] GC(18) Concurrent Select Relocation Set 3.061ms
[23.808s][info][gc,phases   ] GC(18) Pause Relocate Start 0.006ms
[23.811s][info][gc,phases   ] GC(18) Concurrent Relocate 1.984ms
[23.811s][info][gc,load     ] GC(18) Load: 0.00/0.00/0.00
[23.811s][info][gc,mmu      ] GC(18) MMU: 2ms/96.9%, 5ms/98.7%, 10ms/99.3%, 20ms/99.6%, 50ms/99.8%, 100ms/99.9%
[23.811s][info][gc,marking  ] GC(18) Mark: 8 stripe(s), 2 proactive flush(es), 1 terminate flush(es), 0 completion(s), 0 continuation(s) 
[23.811s][info][gc,marking  ] GC(18) Mark Stack Usage: 32M
[23.811s][info][gc,nmethod  ] GC(18) NMethods: 6059 registered, 66 unregistered
[23.811s][info][gc,metaspace] GC(18) Metaspace: 57M used, 58M committed, 1088M reserved
[23.811s][info][gc,ref      ] GC(18) Soft: 4698 encountered, 0 discovered, 0 enqueued
[23.811s][info][gc,ref      ] GC(18) Weak: 5829 encountered, 2054 discovered, 207 enqueued
[23.811s][info][gc,ref      ] GC(18) Final: 124 encountered, 4 discovered, 0 enqueued
[23.811s][info][gc,ref      ] GC(18) Phantom: 606 encountered, 484 discovered, 0 enqueued
[23.811s][info][gc,reloc    ] GC(18) Small Pages: 1229 / 2458M, Empty: 2184M, Relocated: 1M, In-Place: 0
[23.811s][info][gc,reloc    ] GC(18) Medium Pages: 2 / 64M, Empty: 32M, Relocated: 0M, In-Place: 0
[23.811s][info][gc,reloc    ] GC(18) Large Pages: 5 / 30M, Empty: 18M, Relocated: 0M, In-Place: 0
[23.811s][info][gc,reloc    ] GC(18) Forwarding Usage: 0M
[23.811s][info][gc,heap     ] GC(18) Min Capacity: 8M(0%)
[23.811s][info][gc,heap     ] GC(18) Max Capacity: 4096M(100%)
[23.811s][info][gc,heap     ] GC(18) Soft Max Capacity: 4096M(100%)
[23.811s][info][gc,heap     ] GC(18)                Mark Start          Mark End        Relocate Start      Relocate End           High               Low         
[23.811s][info][gc,heap     ] GC(18)  Capacity:     2574M (63%)        2574M (63%)        2574M (63%)        2574M (63%)        2574M (63%)        2574M (63%)    
[23.811s][info][gc,heap     ] GC(18)      Free:     1544M (38%)        1544M (38%)        3758M (92%)        3804M (93%)        3810M (93%)        1542M (38%)    
[23.811s][info][gc,heap     ] GC(18)      Used:     2552M (62%)        2552M (62%)         338M (8%)          292M (7%)         2554M (62%)         286M (7%)     
[23.811s][info][gc,heap     ] GC(18)      Live:         -               205M (5%)          205M (5%)          205M (5%)             -                  -          
[23.811s][info][gc,heap     ] GC(18) Allocated:         -                 0M (0%)           20M (0%)           27M (1%)             -                  -          
[23.811s][info][gc,heap     ] GC(18)   Garbage:         -              2346M (57%)         112M (3%)           58M (1%)             -                  -          
[23.811s][info][gc,heap     ] GC(18) Reclaimed:         -                  -              2234M (55%)        2287M (56%)            -                  -          
[23.811s][info][gc          ] GC(18) Garbage Collection (System.gc()) 2552M(62%)->292M(7%)
[24.550s][info][gc,start    ] GC(19) Garbage Collection (Allocation Rate)
[24.550s][info][gc,task     ] GC(19) Using 3 workers
[24.550s][info][gc,phases   ] GC(19) Pause Mark Start 0.017ms
[24.681s][info][gc,phases   ] GC(19) Concurrent Mark 130.227ms
[24.681s][info][gc,phases   ] GC(19) Pause Mark End 0.026ms
[24.681s][info][gc,phases   ] GC(19) Concurrent Mark Free 0.001ms
[24.688s][info][gc,phases   ] GC(19) Concurrent Process Non-Strong References 6.705ms
[24.688s][info][gc,phases   ] GC(19) Concurrent Reset Relocation Set 0.006ms
[24.693s][info][gc,phases   ] GC(19) Concurrent Select Relocation Set 4.638ms
[24.693s][info][gc,phases   ] GC(19) Pause Relocate Start 0.011ms
[24.697s][info][gc,phases   ] GC(19) Concurrent Relocate 4.057ms
[24.697s][info][gc,load     ] GC(19) Load: 0.00/0.00/0.00
[24.697s][info][gc,mmu      ] GC(19) MMU: 2ms/96.9%, 5ms/98.7%, 10ms/99.3%, 20ms/99.6%, 50ms/99.8%, 100ms/99.9%
[24.697s][info][gc,marking  ] GC(19) Mark: 2 stripe(s), 2 proactive flush(es), 1 terminate flush(es), 0 completion(s), 0 continuation(s) 
[24.697s][info][gc,marking  ] GC(19) Mark Stack Usage: 32M
[24.697s][info][gc,nmethod  ] GC(19) NMethods: 6200 registered, 74 unregistered
[24.697s][info][gc,metaspace] GC(19) Metaspace: 57M used, 58M committed, 1088M reserved
[24.697s][info][gc,ref      ] GC(19) Soft: 4700 encountered, 0 discovered, 0 enqueued
[24.697s][info][gc,ref      ] GC(19) Weak: 5781 encountered, 3861 discovered, 64 enqueued
[24.697s][info][gc,ref      ] GC(19) Final: 124 encountered, 98 discovered, 0 enqueued
[24.697s][info][gc,ref      ] GC(19) Phantom: 606 encountered, 421 discovered, 0 enqueued
[24.697s][info][gc,reloc    ] GC(19) Small Pages: 1222 / 2444M, Empty: 2158M, Relocated: 3M, In-Place: 0
[24.697s][info][gc,reloc    ] GC(19) Medium Pages: 2 / 64M, Empty: 32M, Relocated: 0M, In-Place: 0
[24.697s][info][gc,reloc    ] GC(19) Large Pages: 4 / 24M, Empty: 12M, Relocated: 0M, In-Place: 0
[24.697s][info][gc,reloc    ] GC(19) Forwarding Usage: 0M
[24.697s][info][gc,heap     ] GC(19) Min Capacity: 8M(0%)
[24.697s][info][gc,heap     ] GC(19) Max Capacity: 4096M(100%)
[24.697s][info][gc,heap     ] GC(19) Soft Max Capacity: 4096M(100%)
[24.697s][info][gc,heap     ] GC(19)                Mark Start          Mark End        Relocate Start      Relocate End           High               Low         
[24.697s][info][gc,heap     ] GC(19)  Capacity:     2574M (63%)        2578M (63%)        2578M (63%)        2578M (63%)        2578M (63%)        2574M (63%)    
[24.697s][info][gc,heap     ] GC(19)      Free:     1564M (38%)        1518M (37%)        3714M (91%)        3800M (93%)        3800M (93%)        1518M (37%)    
[24.697s][info][gc,heap     ] GC(19)      Used:     2532M (62%)        2578M (63%)         382M (9%)          296M (7%)         2578M (63%)         296M (7%)     
[24.698s][info][gc,heap     ] GC(19)      Live:         -               205M (5%)          205M (5%)          205M (5%)             -                  -          
[24.698s][info][gc,heap     ] GC(19) Allocated:         -                46M (1%)           52M (1%)           52M (1%)             -                  -          
[24.698s][info][gc,heap     ] GC(19)   Garbage:         -              2326M (57%)         124M (3%)           38M (1%)             -                  -          
[24.698s][info][gc,heap     ] GC(19) Reclaimed:         -                  -              2202M (54%)        2288M (56%)            -                  -          
[24.698s][info][gc          ] GC(19) Garbage Collection (Allocation Rate) 2532M(62%)->296M(7%)
[24.698s][info][gc,start    ] GC(20) Garbage Collection (System.gc())
[24.698s][info][gc,task     ] GC(20) Using 12 workers
[24.698s][info][gc,phases   ] GC(20) Pause Mark Start 0.011ms
[24.759s][info][gc,phases   ] GC(20) Concurrent Mark 60.882ms
[24.759s][info][gc,phases   ] GC(20) Pause Mark End 0.030ms
[24.759s][info][gc,phases   ] GC(20) Concurrent Mark Free 0.001ms
[24.761s][info][gc,phases   ] GC(20) Concurrent Process Non-Strong References 1.679ms
[24.761s][info][gc,phases   ] GC(20) Concurrent Reset Relocation Set 0.007ms
[24.764s][info][gc,phases   ] GC(20) Concurrent Select Relocation Set 3.593ms
[24.765s][info][gc,phases   ] GC(20) Pause Relocate Start 0.008ms
[24.767s][info][gc,phases   ] GC(20) Concurrent Relocate 2.571ms
[24.767s][info][gc,load     ] GC(20) Load: 0.00/0.00/0.00
[24.767s][info][gc,mmu      ] GC(20) MMU: 2ms/96.9%, 5ms/98.7%, 10ms/99.3%, 20ms/99.6%, 50ms/99.8%, 100ms/99.9%
[24.767s][info][gc,marking  ] GC(20) Mark: 8 stripe(s), 1 proactive flush(es), 1 terminate flush(es), 0 completion(s), 0 continuation(s) 
[24.767s][info][gc,marking  ] GC(20) Mark Stack Usage: 32M
[24.767s][info][gc,nmethod  ] GC(20) NMethods: 6208 registered, 78 unregistered
[24.768s][info][gc,metaspace] GC(20) Metaspace: 57M used, 58M committed, 1088M reserved
[24.768s][info][gc,ref      ] GC(20) Soft: 4698 encountered, 0 discovered, 0 enqueued
[24.768s][info][gc,ref      ] GC(20) Weak: 5785 encountered, 1861 discovered, 135 enqueued
[24.768s][info][gc,ref      ] GC(20) Final: 124 encountered, 4 discovered, 0 enqueued
[24.768s][info][gc,ref      ] GC(20) Phantom: 606 encountered, 544 discovered, 0 enqueued
[24.768s][info][gc,reloc    ] GC(20) Small Pages: 123 / 246M, Empty: 12M, Relocated: 1M, In-Place: 0
[24.768s][info][gc,reloc    ] GC(20) Medium Pages: 1 / 32M, Empty: 0M, Relocated: 0M, In-Place: 0
[24.768s][info][gc,reloc    ] GC(20) Large Pages: 3 / 18M, Empty: 6M, Relocated: 0M, In-Place: 0
[24.768s][info][gc,reloc    ] GC(20) Forwarding Usage: 0M
[24.768s][info][gc,heap     ] GC(20) Min Capacity: 8M(0%)
[24.768s][info][gc,heap     ] GC(20) Max Capacity: 4096M(100%)
[24.768s][info][gc,heap     ] GC(20) Soft Max Capacity: 4096M(100%)
[24.768s][info][gc,heap     ] GC(20)                Mark Start          Mark End        Relocate Start      Relocate End           High               Low         
[24.768s][info][gc,heap     ] GC(20)  Capacity:     2578M (63%)        2578M (63%)        2578M (63%)        2578M (63%)        2578M (63%)        2578M (63%)    
[24.768s][info][gc,heap     ] GC(20)      Free:     3800M (93%)        3800M (93%)        3796M (93%)        3804M (93%)        3806M (93%)        3778M (92%)    
[24.768s][info][gc,heap     ] GC(20)      Used:      296M (7%)          296M (7%)          300M (7%)          292M (7%)          318M (8%)          290M (7%)     
[24.768s][info][gc,heap     ] GC(20)      Live:         -               205M (5%)          205M (5%)          205M (5%)             -                  -          
[24.768s][info][gc,heap     ] GC(20) Allocated:         -                 0M (0%)           22M (1%)           27M (1%)             -                  -          
[24.768s][info][gc,heap     ] GC(20)   Garbage:         -                90M (2%)           72M (2%)           58M (1%)             -                  -          
[24.768s][info][gc,heap     ] GC(20) Reclaimed:         -                  -                18M (0%)           31M (1%)             -                  -          
[24.768s][info][gc          ] GC(20) Garbage Collection (System.gc()) 296M(7%)->292M(7%)
[25.703s][info][gc,start    ] GC(21) Garbage Collection (System.gc())
[25.703s][info][gc,task     ] GC(21) Using 12 workers
[25.703s][info][gc,phases   ] GC(21) Pause Mark Start 0.017ms
[25.762s][info][gc,phases   ] GC(21) Concurrent Mark 58.576ms
[25.762s][info][gc,phases   ] GC(21) Pause Mark End 0.031ms
[25.762s][info][gc,phases   ] GC(21) Concurrent Mark Free 0.001ms
[25.764s][info][gc,phases   ] GC(21) Concurrent Process Non-Strong References 1.530ms
[25.764s][info][gc,phases   ] GC(21) Concurrent Reset Relocation Set 0.002ms
[25.766s][info][gc,phases   ] GC(21) Concurrent Select Relocation Set 2.552ms
[25.767s][info][gc,phases   ] GC(21) Pause Relocate Start 0.008ms
[25.769s][info][gc,phases   ] GC(21) Concurrent Relocate 2.305ms
[25.769s][info][gc,load     ] GC(21) Load: 0.00/0.00/0.00
[25.769s][info][gc,mmu      ] GC(21) MMU: 2ms/96.9%, 5ms/98.7%, 10ms/99.3%, 20ms/99.6%, 50ms/99.8%, 100ms/99.9%
[25.769s][info][gc,marking  ] GC(21) Mark: 8 stripe(s), 2 proactive flush(es), 1 terminate flush(es), 0 completion(s), 0 continuation(s) 
[25.769s][info][gc,marking  ] GC(21) Mark Stack Usage: 32M
[25.769s][info][gc,nmethod  ] GC(21) NMethods: 6328 registered, 104 unregistered
[25.769s][info][gc,metaspace] GC(21) Metaspace: 58M used, 59M committed, 1088M reserved
[25.769s][info][gc,ref      ] GC(21) Soft: 4710 encountered, 0 discovered, 0 enqueued
[25.769s][info][gc,ref      ] GC(21) Weak: 6085 encountered, 1791 discovered, 276 enqueued
[25.769s][info][gc,ref      ] GC(21) Final: 124 encountered, 12 discovered, 0 enqueued
[25.769s][info][gc,ref      ] GC(21) Phantom: 662 encountered, 549 discovered, 54 enqueued
[25.769s][info][gc,reloc    ] GC(21) Small Pages: 1230 / 2460M, Empty: 2188M, Relocated: 1M, In-Place: 0
[25.769s][info][gc,reloc    ] GC(21) Medium Pages: 2 / 64M, Empty: 32M, Relocated: 0M, In-Place: 0
[25.769s][info][gc,reloc    ] GC(21) Large Pages: 5 / 30M, Empty: 18M, Relocated: 0M, In-Place: 0
[25.769s][info][gc,reloc    ] GC(21) Forwarding Usage: 0M
[25.769s][info][gc,heap     ] GC(21) Min Capacity: 8M(0%)
[25.769s][info][gc,heap     ] GC(21) Max Capacity: 4096M(100%)
[25.769s][info][gc,heap     ] GC(21) Soft Max Capacity: 4096M(100%)
[25.769s][info][gc,heap     ] GC(21)                Mark Start          Mark End        Relocate Start      Relocate End           High               Low         
[25.769s][info][gc,heap     ] GC(21)  Capacity:     2578M (63%)        2578M (63%)        2578M (63%)        2578M (63%)        2578M (63%)        2578M (63%)    
[25.769s][info][gc,heap     ] GC(21)      Free:     1542M (38%)        1540M (38%)        3760M (92%)        3804M (93%)        3810M (93%)        1540M (38%)    
[25.769s][info][gc,heap     ] GC(21)      Used:     2554M (62%)        2556M (62%)         336M (8%)          292M (7%)         2556M (62%)         286M (7%)     
[25.769s][info][gc,heap     ] GC(21)      Live:         -               205M (5%)          205M (5%)          205M (5%)             -                  -          
[25.769s][info][gc,heap     ] GC(21) Allocated:         -                 2M (0%)           20M (0%)           27M (1%)             -                  -          
[25.769s][info][gc,heap     ] GC(21)   Garbage:         -              2348M (57%)         110M (3%)           58M (1%)             -                  -          
[25.769s][info][gc,heap     ] GC(21) Reclaimed:         -                  -              2238M (55%)        2289M (56%)            -                  -          
[25.769s][info][gc          ] GC(21) Garbage Collection (System.gc()) 2554M(62%)->292M(7%)
[26.545s][info][gc,start    ] GC(22) Garbage Collection (System.gc())
[26.545s][info][gc,task     ] GC(22) Using 12 workers
[26.545s][info][gc,phases   ] GC(22) Pause Mark Start 0.015ms
[26.609s][info][gc,phases   ] GC(22) Concurrent Mark 64.087ms
[26.609s][info][gc,phases   ] GC(22) Pause Mark End 0.018ms
[26.609s][info][gc,phases   ] GC(22) Concurrent Mark Free 0.001ms
[26.611s][info][gc,phases   ] GC(22) Concurrent Process Non-Strong References 1.792ms
[26.611s][info][gc,phases   ] GC(22) Concurrent Reset Relocation Set 0.005ms
[26.615s][info][gc,phases   ] GC(22) Concurrent Select Relocation Set 4.094ms
[26.616s][info][gc,phases   ] GC(22) Pause Relocate Start 0.007ms
[26.618s][info][gc,phases   ] GC(22) Concurrent Relocate 2.310ms
[26.618s][info][gc,load     ] GC(22) Load: 0.00/0.00/0.00
[26.618s][info][gc,mmu      ] GC(22) MMU: 2ms/96.9%, 5ms/98.7%, 10ms/99.3%, 20ms/99.6%, 50ms/99.8%, 100ms/99.9%
[26.618s][info][gc,marking  ] GC(22) Mark: 8 stripe(s), 2 proactive flush(es), 1 terminate flush(es), 0 completion(s), 0 continuation(s) 
[26.618s][info][gc,marking  ] GC(22) Mark Stack Usage: 32M
[26.618s][info][gc,nmethod  ] GC(22) NMethods: 6491 registered, 121 unregistered
[26.618s][info][gc,metaspace] GC(22) Metaspace: 58M used, 59M committed, 1088M reserved
[26.618s][info][gc,ref      ] GC(22) Soft: 4710 encountered, 0 discovered, 0 enqueued
[26.618s][info][gc,ref      ] GC(22) Weak: 6011 encountered, 1163 discovered, 197 enqueued
[26.618s][info][gc,ref      ] GC(22) Final: 124 encountered, 4 discovered, 0 enqueued
[26.618s][info][gc,ref      ] GC(22) Phantom: 608 encountered, 363 discovered, 0 enqueued
[26.618s][info][gc,reloc    ] GC(22) Small Pages: 1229 / 2458M, Empty: 2182M, Relocated: 3M, In-Place: 0
[26.618s][info][gc,reloc    ] GC(22) Medium Pages: 2 / 64M, Empty: 32M, Relocated: 0M, In-Place: 0
[26.618s][info][gc,reloc    ] GC(22) Large Pages: 5 / 30M, Empty: 18M, Relocated: 0M, In-Place: 0
[26.618s][info][gc,reloc    ] GC(22) Forwarding Usage: 1M
[26.618s][info][gc,heap     ] GC(22) Min Capacity: 8M(0%)
[26.618s][info][gc,heap     ] GC(22) Max Capacity: 4096M(100%)
[26.618s][info][gc,heap     ] GC(22) Soft Max Capacity: 4096M(100%)
[26.618s][info][gc,heap     ] GC(22)                Mark Start          Mark End        Relocate Start      Relocate End           High               Low         
[26.618s][info][gc,heap     ] GC(22)  Capacity:     2578M (63%)        2578M (63%)        2578M (63%)        2578M (63%)        2578M (63%)        2578M (63%)    
[26.618s][info][gc,heap     ] GC(22)      Free:     1544M (38%)        1544M (38%)        3754M (92%)        3804M (93%)        3806M (93%)        1542M (38%)    
[26.618s][info][gc,heap     ] GC(22)      Used:     2552M (62%)        2552M (62%)         342M (8%)          292M (7%)         2554M (62%)         290M (7%)     
[26.618s][info][gc,heap     ] GC(22)      Live:         -               205M (5%)          205M (5%)          205M (5%)             -                  -          
[26.618s][info][gc,heap     ] GC(22) Allocated:         -                 0M (0%)           22M (1%)           29M (1%)             -                  -          
[26.618s][info][gc,heap     ] GC(22)   Garbage:         -              2346M (57%)         114M (3%)           56M (1%)             -                  -          
[26.618s][info][gc,heap     ] GC(22) Reclaimed:         -                  -              2232M (54%)        2289M (56%)            -                  -          
[26.618s][info][gc          ] GC(22) Garbage Collection (System.gc()) 2552M(62%)->292M(7%)
[27.351s][info][gc,start    ] GC(23) Garbage Collection (Allocation Rate)
[27.351s][info][gc,task     ] GC(23) Using 3 workers
[27.351s][info][gc,phases   ] GC(23) Pause Mark Start 0.017ms
[27.483s][info][gc,phases   ] GC(23) Concurrent Mark 131.517ms
[27.483s][info][gc,phases   ] GC(23) Pause Mark End 0.035ms
[27.483s][info][gc,phases   ] GC(23) Concurrent Mark Free 0.001ms
[27.491s][info][gc,phases   ] GC(23) Concurrent Process Non-Strong References 7.956ms
[27.491s][info][gc,phases   ] GC(23) Concurrent Reset Relocation Set 0.003ms
[27.495s][info][gc,phases   ] GC(23) Concurrent Select Relocation Set 3.399ms
[27.495s][info][gc,phases   ] GC(23) Pause Relocate Start 0.008ms
[27.499s][info][gc,phases   ] GC(23) Concurrent Relocate 4.390ms
[27.499s][info][gc,load     ] GC(23) Load: 0.00/0.00/0.00
[27.499s][info][gc,mmu      ] GC(23) MMU: 2ms/96.9%, 5ms/98.7%, 10ms/99.3%, 20ms/99.6%, 50ms/99.8%, 100ms/99.9%
[27.499s][info][gc,marking  ] GC(23) Mark: 2 stripe(s), 2 proactive flush(es), 1 terminate flush(es), 0 completion(s), 0 continuation(s) 
[27.499s][info][gc,marking  ] GC(23) Mark Stack Usage: 32M
[27.499s][info][gc,nmethod  ] GC(23) NMethods: 6588 registered, 138 unregistered
[27.499s][info][gc,metaspace] GC(23) Metaspace: 58M used, 59M committed, 1088M reserved
[27.499s][info][gc,ref      ] GC(23) Soft: 4712 encountered, 0 discovered, 0 enqueued
[27.499s][info][gc,ref      ] GC(23) Weak: 5978 encountered, 2599 discovered, 68 enqueued
[27.499s][info][gc,ref      ] GC(23) Final: 124 encountered, 123 discovered, 0 enqueued
[27.499s][info][gc,ref      ] GC(23) Phantom: 608 encountered, 590 discovered, 0 enqueued
[27.499s][info][gc,reloc    ] GC(23) Small Pages: 1212 / 2424M, Empty: 2150M, Relocated: 3M, In-Place: 0
[27.499s][info][gc,reloc    ] GC(23) Medium Pages: 2 / 64M, Empty: 32M, Relocated: 0M, In-Place: 0
[27.499s][info][gc,reloc    ] GC(23) Large Pages: 4 / 24M, Empty: 12M, Relocated: 0M, In-Place: 0
[27.499s][info][gc,reloc    ] GC(23) Forwarding Usage: 1M
[27.499s][info][gc,heap     ] GC(23) Min Capacity: 8M(0%)
[27.499s][info][gc,heap     ] GC(23) Max Capacity: 4096M(100%)
[27.499s][info][gc,heap     ] GC(23) Soft Max Capacity: 4096M(100%)
[27.499s][info][gc,heap     ] GC(23)                Mark Start          Mark End        Relocate Start      Relocate End           High               Low         
[27.500s][info][gc,heap     ] GC(23)  Capacity:     2578M (63%)        2578M (63%)        2578M (63%)        2578M (63%)        2578M (63%)        2578M (63%)    
[27.500s][info][gc,heap     ] GC(23)      Free:     1584M (39%)        1522M (37%)        3710M (91%)        3784M (92%)        3784M (92%)        1522M (37%)    
[27.500s][info][gc,heap     ] GC(23)      Used:     2512M (61%)        2574M (63%)         386M (9%)          312M (8%)         2574M (63%)         312M (8%)     
[27.500s][info][gc,heap     ] GC(23)      Live:         -               206M (5%)          206M (5%)          206M (5%)             -                  -          
[27.500s][info][gc,heap     ] GC(23) Allocated:         -                62M (2%)           68M (2%)           68M (2%)             -                  -          
[27.500s][info][gc,heap     ] GC(23)   Garbage:         -              2305M (56%)         111M (3%)           37M (1%)             -                  -          
[27.500s][info][gc,heap     ] GC(23) Reclaimed:         -                  -              2194M (54%)        2268M (55%)            -                  -          
[27.500s][info][gc          ] GC(23) Garbage Collection (Allocation Rate) 2512M(61%)->312M(8%)
[27.500s][info][gc,start    ] GC(24) Garbage Collection (System.gc())
[27.500s][info][gc,task     ] GC(24) Using 12 workers
[27.500s][info][gc,phases   ] GC(24) Pause Mark Start 0.010ms
[27.561s][info][gc,phases   ] GC(24) Concurrent Mark 61.226ms
[27.561s][info][gc,phases   ] GC(24) Pause Mark End 0.024ms
[27.561s][info][gc,phases   ] GC(24) Concurrent Mark Free 0.001ms
[27.563s][info][gc,phases   ] GC(24) Concurrent Process Non-Strong References 1.580ms
[27.563s][info][gc,phases   ] GC(24) Concurrent Reset Relocation Set 0.005ms
[27.567s][info][gc,phases   ] GC(24) Concurrent Select Relocation Set 3.694ms
[27.567s][info][gc,phases   ] GC(24) Pause Relocate Start 0.007ms
[27.569s][info][gc,phases   ] GC(24) Concurrent Relocate 2.081ms
[27.569s][info][gc,load     ] GC(24) Load: 0.00/0.00/0.00
[27.569s][info][gc,mmu      ] GC(24) MMU: 2ms/96.9%, 5ms/98.7%, 10ms/99.3%, 20ms/99.6%, 50ms/99.8%, 100ms/99.9%
[27.569s][info][gc,marking  ] GC(24) Mark: 8 stripe(s), 1 proactive flush(es), 1 terminate flush(es), 0 completion(s), 0 continuation(s) 
[27.569s][info][gc,marking  ] GC(24) Mark Stack Usage: 32M
[27.569s][info][gc,nmethod  ] GC(24) NMethods: 6596 registered, 144 unregistered
[27.569s][info][gc,metaspace] GC(24) Metaspace: 58M used, 59M committed, 1088M reserved
[27.569s][info][gc,ref      ] GC(24) Soft: 4710 encountered, 0 discovered, 0 enqueued
[27.569s][info][gc,ref      ] GC(24) Weak: 5990 encountered, 1976 discovered, 147 enqueued
[27.569s][info][gc,ref      ] GC(24) Final: 124 encountered, 4 discovered, 0 enqueued
[27.569s][info][gc,ref      ] GC(24) Phantom: 608 encountered, 545 discovered, 0 enqueued
[27.569s][info][gc,reloc    ] GC(24) Small Pages: 131 / 262M, Empty: 22M, Relocated: 1M, In-Place: 0
[27.569s][info][gc,reloc    ] GC(24) Medium Pages: 1 / 32M, Empty: 0M, Relocated: 0M, In-Place: 0
[27.569s][info][gc,reloc    ] GC(24) Large Pages: 3 / 18M, Empty: 6M, Relocated: 0M, In-Place: 0
[27.569s][info][gc,reloc    ] GC(24) Forwarding Usage: 0M
[27.569s][info][gc,heap     ] GC(24) Min Capacity: 8M(0%)
[27.569s][info][gc,heap     ] GC(24) Max Capacity: 4096M(100%)
[27.569s][info][gc,heap     ] GC(24) Soft Max Capacity: 4096M(100%)
[27.569s][info][gc,heap     ] GC(24)                Mark Start          Mark End        Relocate Start      Relocate End           High               Low         
[27.570s][info][gc,heap     ] GC(24)  Capacity:     2578M (63%)        2578M (63%)        2578M (63%)        2578M (63%)        2578M (63%)        2578M (63%)    
[27.570s][info][gc,heap     ] GC(24)      Free:     3784M (92%)        3784M (92%)        3788M (92%)        3808M (93%)        3808M (93%)        3760M (92%)    
[27.570s][info][gc,heap     ] GC(24)      Used:      312M (8%)          312M (8%)          308M (8%)          288M (7%)          336M (8%)          288M (7%)     
[27.570s][info][gc,heap     ] GC(24)      Live:         -               205M (5%)          205M (5%)          205M (5%)             -                  -          
[27.570s][info][gc,heap     ] GC(24) Allocated:         -                 0M (0%)           24M (1%)           23M (1%)             -                  -          
[27.570s][info][gc,heap     ] GC(24)   Garbage:         -               106M (3%)           78M (2%)           58M (1%)             -                  -          
[27.570s][info][gc,heap     ] GC(24) Reclaimed:         -                  -                28M (1%)           47M (1%)             -                  -          
[27.570s][info][gc          ] GC(24) Garbage Collection (System.gc()) 312M(8%)->288M(7%)
[28.340s][info][gc,start    ] GC(25) Garbage Collection (System.gc())
[28.340s][info][gc,task     ] GC(25) Using 12 workers
[28.341s][info][gc,phases   ] GC(25) Pause Mark Start 0.016ms
[28.405s][info][gc,phases   ] GC(25) Concurrent Mark 64.674ms
[28.406s][info][gc,phases   ] GC(25) Pause Mark End 0.031ms
[28.406s][info][gc,phases   ] GC(25) Concurrent Mark Free 0.001ms
[28.408s][info][gc,phases   ] GC(25) Concurrent Process Non-Strong References 1.902ms
[28.408s][info][gc,phases   ] GC(25) Concurrent Reset Relocation Set 0.003ms
[28.413s][info][gc,phases   ] GC(25) Concurrent Select Relocation Set 5.198ms
[28.413s][info][gc,phases   ] GC(25) Pause Relocate Start 0.008ms
[28.417s][info][gc,phases   ] GC(25) Concurrent Relocate 3.332ms
[28.417s][info][gc,load     ] GC(25) Load: 0.00/0.00/0.00
[28.417s][info][gc,mmu      ] GC(25) MMU: 2ms/96.9%, 5ms/98.7%, 10ms/99.3%, 20ms/99.6%, 50ms/99.8%, 100ms/99.9%
[28.417s][info][gc,marking  ] GC(25) Mark: 8 stripe(s), 2 proactive flush(es), 1 terminate flush(es), 0 completion(s), 0 continuation(s) 
[28.417s][info][gc,marking  ] GC(25) Mark Stack Usage: 32M
[28.417s][info][gc,nmethod  ] GC(25) NMethods: 6683 registered, 158 unregistered
[28.417s][info][gc,metaspace] GC(25) Metaspace: 58M used, 59M committed, 1088M reserved
[28.417s][info][gc,ref      ] GC(25) Soft: 4710 encountered, 0 discovered, 0 enqueued
[28.417s][info][gc,ref      ] GC(25) Weak: 6045 encountered, 2097 discovered, 198 enqueued
[28.417s][info][gc,ref      ] GC(25) Final: 124 encountered, 4 discovered, 0 enqueued
[28.417s][info][gc,ref      ] GC(25) Phantom: 608 encountered, 568 discovered, 0 enqueued
[28.417s][info][gc,reloc    ] GC(25) Small Pages: 1226 / 2452M, Empty: 2190M, Relocated: 3M, In-Place: 0
[28.417s][info][gc,reloc    ] GC(25) Medium Pages: 2 / 64M, Empty: 32M, Relocated: 0M, In-Place: 0
[28.417s][info][gc,reloc    ] GC(25) Large Pages: 5 / 30M, Empty: 18M, Relocated: 0M, In-Place: 0
[28.417s][info][gc,reloc    ] GC(25) Forwarding Usage: 1M
[28.417s][info][gc,heap     ] GC(25) Min Capacity: 8M(0%)
[28.417s][info][gc,heap     ] GC(25) Max Capacity: 4096M(100%)
[28.417s][info][gc,heap     ] GC(25) Soft Max Capacity: 4096M(100%)
[28.417s][info][gc,heap     ] GC(25)                Mark Start          Mark End        Relocate Start      Relocate End           High               Low         
[28.417s][info][gc,heap     ] GC(25)  Capacity:     2578M (63%)        2578M (63%)        2578M (63%)        2578M (63%)        2578M (63%)        2578M (63%)    
[28.417s][info][gc,heap     ] GC(25)      Free:     1550M (38%)        1550M (38%)        3764M (92%)        3802M (93%)        3802M (93%)        1548M (38%)    
[28.417s][info][gc,heap     ] GC(25)      Used:     2546M (62%)        2546M (62%)         332M (8%)          294M (7%)         2548M (62%)         294M (7%)     
[28.417s][info][gc,heap     ] GC(25)      Live:         -               205M (5%)          205M (5%)          205M (5%)             -                  -          
[28.417s][info][gc,heap     ] GC(25) Allocated:         -                 0M (0%)           26M (1%)           31M (1%)             -                  -          
[28.417s][info][gc,heap     ] GC(25)   Garbage:         -              2340M (57%)         100M (2%)           56M (1%)             -                  -          
[28.418s][info][gc,heap     ] GC(25) Reclaimed:         -                  -              2240M (55%)        2283M (56%)            -                  -          
[28.418s][info][gc          ] GC(25) Garbage Collection (System.gc()) 2546M(62%)->294M(7%)
[29.155s][info][gc,start    ] GC(26) Garbage Collection (Allocation Rate)
[29.155s][info][gc,task     ] GC(26) Using 3 workers
[29.156s][info][gc,phases   ] GC(26) Pause Mark Start 0.016ms
[29.288s][info][gc,phases   ] GC(26) Concurrent Mark 132.156ms
[29.288s][info][gc,phases   ] GC(26) Pause Mark End 0.019ms
[29.288s][info][gc,phases   ] GC(26) Concurrent Mark Free 0.001ms
[29.295s][info][gc,phases   ] GC(26) Concurrent Process Non-Strong References 6.917ms
[29.295s][info][gc,phases   ] GC(26) Concurrent Reset Relocation Set 0.003ms
[29.299s][info][gc,phases   ] GC(26) Concurrent Select Relocation Set 3.617ms
[29.299s][info][gc,phases   ] GC(26) Pause Relocate Start 0.008ms
[29.303s][info][gc,phases   ] GC(26) Concurrent Relocate 4.107ms
[29.303s][info][gc,load     ] GC(26) Load: 0.00/0.00/0.00
[29.303s][info][gc,mmu      ] GC(26) MMU: 2ms/96.9%, 5ms/98.7%, 10ms/99.3%, 20ms/99.6%, 50ms/99.8%, 100ms/99.9%
[29.303s][info][gc,marking  ] GC(26) Mark: 2 stripe(s), 2 proactive flush(es), 1 terminate flush(es), 0 completion(s), 0 continuation(s) 
[29.303s][info][gc,marking  ] GC(26) Mark Stack Usage: 32M
[29.303s][info][gc,nmethod  ] GC(26) NMethods: 6840 registered, 166 unregistered
[29.303s][info][gc,metaspace] GC(26) Metaspace: 58M used, 59M committed, 1088M reserved
[29.303s][info][gc,ref      ] GC(26) Soft: 4710 encountered, 0 discovered, 0 enqueued
[29.303s][info][gc,ref      ] GC(26) Weak: 6009 encountered, 3076 discovered, 68 enqueued
[29.303s][info][gc,ref      ] GC(26) Final: 124 encountered, 96 discovered, 0 enqueued
[29.303s][info][gc,ref      ] GC(26) Phantom: 608 encountered, 591 discovered, 0 enqueued
[29.303s][info][gc,reloc    ] GC(26) Small Pages: 1227 / 2454M, Empty: 2182M, Relocated: 3M, In-Place: 0
[29.303s][info][gc,reloc    ] GC(26) Medium Pages: 2 / 64M, Empty: 32M, Relocated: 0M, In-Place: 0
[29.303s][info][gc,reloc    ] GC(26) Large Pages: 4 / 24M, Empty: 12M, Relocated: 0M, In-Place: 0
[29.303s][info][gc,reloc    ] GC(26) Forwarding Usage: 1M
[29.303s][info][gc,heap     ] GC(26) Min Capacity: 8M(0%)
[29.303s][info][gc,heap     ] GC(26) Max Capacity: 4096M(100%)
[29.303s][info][gc,heap     ] GC(26) Soft Max Capacity: 4096M(100%)
[29.303s][info][gc,heap     ] GC(26)                Mark Start          Mark End        Relocate Start      Relocate End           High               Low         
[29.303s][info][gc,heap     ] GC(26)  Capacity:     2578M (63%)        2578M (63%)        2578M (63%)        2578M (63%)        2578M (63%)        2578M (63%)    
[29.303s][info][gc,heap     ] GC(26)      Free:     1554M (38%)        1520M (37%)        3742M (91%)        3814M (93%)        3814M (93%)        1520M (37%)    
[29.303s][info][gc,heap     ] GC(26)      Used:     2542M (62%)        2576M (63%)         354M (9%)          282M (7%)         2576M (63%)         282M (7%)     
[29.303s][info][gc,heap     ] GC(26)      Live:         -               205M (5%)          205M (5%)          205M (5%)             -                  -          
[29.303s][info][gc,heap     ] GC(26) Allocated:         -                34M (1%)           38M (1%)           38M (1%)             -                  -          
[29.303s][info][gc,heap     ] GC(26)   Garbage:         -              2336M (57%)         110M (3%)           38M (1%)             -                  -          
[29.303s][info][gc,heap     ] GC(26) Reclaimed:         -                  -              2226M (54%)        2298M (56%)            -                  -          
[29.303s][info][gc          ] GC(26) Garbage Collection (Allocation Rate) 2542M(62%)->282M(7%)
[29.304s][info][gc,start    ] GC(27) Garbage Collection (System.gc())
[29.304s][info][gc,task     ] GC(27) Using 12 workers
[29.304s][info][gc,phases   ] GC(27) Pause Mark Start 0.007ms
[29.366s][info][gc,phases   ] GC(27) Concurrent Mark 62.298ms
[29.366s][info][gc,phases   ] GC(27) Pause Mark End 0.024ms
[29.366s][info][gc,phases   ] GC(27) Concurrent Mark Free 0.001ms
[29.368s][info][gc,phases   ] GC(27) Concurrent Process Non-Strong References 1.852ms
[29.368s][info][gc,phases   ] GC(27) Concurrent Reset Relocation Set 0.004ms
[29.372s][info][gc,phases   ] GC(27) Concurrent Select Relocation Set 3.716ms
[29.372s][info][gc,phases   ] GC(27) Pause Relocate Start 0.007ms
[29.375s][info][gc,phases   ] GC(27) Concurrent Relocate 2.674ms
[29.375s][info][gc,load     ] GC(27) Load: 0.00/0.00/0.00
[29.375s][info][gc,mmu      ] GC(27) MMU: 2ms/96.9%, 5ms/98.7%, 10ms/99.3%, 20ms/99.6%, 50ms/99.8%, 100ms/99.9%
[29.375s][info][gc,marking  ] GC(27) Mark: 8 stripe(s), 1 proactive flush(es), 1 terminate flush(es), 0 completion(s), 0 continuation(s) 
[29.375s][info][gc,marking  ] GC(27) Mark Stack Usage: 32M
[29.375s][info][gc,nmethod  ] GC(27) NMethods: 6838 registered, 172 unregistered
[29.375s][info][gc,metaspace] GC(27) Metaspace: 58M used, 59M committed, 1088M reserved
[29.375s][info][gc,ref      ] GC(27) Soft: 4710 encountered, 0 discovered, 0 enqueued
[29.375s][info][gc,ref      ] GC(27) Weak: 6016 encountered, 1993 discovered, 145 enqueued
[29.375s][info][gc,ref      ] GC(27) Final: 124 encountered, 0 discovered, 0 enqueued
[29.375s][info][gc,ref      ] GC(27) Phantom: 608 encountered, 401 discovered, 0 enqueued
[29.375s][info][gc,reloc    ] GC(27) Small Pages: 116 / 232M, Empty: 0M, Relocated: 3M, In-Place: 0
[29.375s][info][gc,reloc    ] GC(27) Medium Pages: 1 / 32M, Empty: 0M, Relocated: 0M, In-Place: 0
[29.375s][info][gc,reloc    ] GC(27) Large Pages: 3 / 18M, Empty: 6M, Relocated: 0M, In-Place: 0
[29.375s][info][gc,reloc    ] GC(27) Forwarding Usage: 0M
[29.375s][info][gc,heap     ] GC(27) Min Capacity: 8M(0%)
[29.375s][info][gc,heap     ] GC(27) Max Capacity: 4096M(100%)
[29.375s][info][gc,heap     ] GC(27) Soft Max Capacity: 4096M(100%)
[29.375s][info][gc,heap     ] GC(27)                Mark Start          Mark End        Relocate Start      Relocate End           High               Low         
[29.375s][info][gc,heap     ] GC(27)  Capacity:     2578M (63%)        2578M (63%)        2578M (63%)        2578M (63%)        2578M (63%)        2578M (63%)    
[29.375s][info][gc,heap     ] GC(27)      Free:     3814M (93%)        3814M (93%)        3796M (93%)        3806M (93%)        3814M (93%)        3782M (92%)    
[29.375s][info][gc,heap     ] GC(27)      Used:      282M (7%)          282M (7%)          300M (7%)          290M (7%)          314M (8%)          282M (7%)     
[29.375s][info][gc,heap     ] GC(27)      Live:         -               205M (5%)          205M (5%)          205M (5%)             -                  -          
[29.376s][info][gc,heap     ] GC(27) Allocated:         -                 0M (0%)           24M (1%)           27M (1%)             -                  -          
[29.376s][info][gc,heap     ] GC(27)   Garbage:         -                76M (2%)           70M (2%)           56M (1%)             -                  -          
[29.376s][info][gc,heap     ] GC(27) Reclaimed:         -                  -                 6M (0%)           19M (0%)             -                  -          
[29.376s][info][gc          ] GC(27) Garbage Collection (System.gc()) 282M(7%)->290M(7%)
[30.144s][info][gc,stats    ] === Garbage Collection Statistics =======================================================================================================================
[30.144s][info][gc,stats    ]                                                              Last 10s              Last 10m              Last 10h                Total
[30.144s][info][gc,stats    ]                                                              Avg / Max             Avg / Max             Avg / Max             Avg / Max
[30.144s][info][gc,stats    ]   Collector: Garbage Collection Cycle                     99.094 / 173.164     113.162 / 354.479     113.162 / 354.479     113.162 / 354.479     ms
[30.144s][info][gc,stats    ]  Contention: Mark Segment Reset Contention                     5 / 12                2 / 12                2 / 12                2 / 12          ops/s
[30.144s][info][gc,stats    ]  Contention: Mark SeqNum Reset Contention                      1 / 3                 0 / 3                 0 / 3                 0 / 3           ops/s
[30.144s][info][gc,stats    ]    Critical: Allocation Stall                                  0 / 0                 0 / 0                 0 / 0                 0 / 0           ops/s
[30.144s][info][gc,stats    ]    Critical: Allocation Stall                              0.000 / 0.000         0.000 / 0.000         0.000 / 0.000         0.000 / 0.000       ms
[30.144s][info][gc,stats    ]    Critical: GC Locker Stall                                   0 / 0                 0 / 1                 0 / 1                 0 / 1           ops/s
[30.145s][info][gc,stats    ]    Critical: GC Locker Stall                               0.000 / 0.000         0.001 / 0.001         0.001 / 0.001         0.001 / 0.001       ms
[30.145s][info][gc,stats    ]    Critical: Relocation Stall                                  0 / 0                 0 / 0                 0 / 0                 0 / 0           ops/s
[30.145s][info][gc,stats    ]    Critical: Relocation Stall                              0.000 / 0.000         0.000 / 0.000         0.000 / 0.000         0.000 / 0.000       ms
[30.145s][info][gc,stats    ]      Memory: Allocation Rate                                2527 / 2860           1207 / 2860           1207 / 2860           1207 / 2860        MB/s
[30.145s][info][gc,stats    ]      Memory: Defragment                                        0 / 0                 0 / 0                 0 / 0                 0 / 0           ops/s
[30.145s][info][gc,stats    ]      Memory: Out Of Memory                                     0 / 0                 0 / 0                 0 / 0                 0 / 0           ops/s
[30.145s][info][gc,stats    ]      Memory: Page Cache Flush                                  0 / 0                 0 / 0                 0 / 0                 0 / 0           MB/s
[30.145s][info][gc,stats    ]      Memory: Page Cache Hit L1                              1244 / 1421            563 / 1421            563 / 1421            563 / 1421        ops/s
[30.145s][info][gc,stats    ]      Memory: Page Cache Hit L2                                 0 / 0                 0 / 0                 0 / 0                 0 / 0           ops/s
[30.145s][info][gc,stats    ]      Memory: Page Cache Hit L3                                 0 / 1                32 / 387              32 / 387              32 / 387         ops/s
[30.145s][info][gc,stats    ]      Memory: Page Cache Miss                                  11 / 110               8 / 124               8 / 124               8 / 124         ops/s
[30.145s][info][gc,stats    ]      Memory: Uncommit                                          0 / 0                 0 / 0                 0 / 0                 0 / 0           MB/s
[30.145s][info][gc,stats    ]      Memory: Undo Object Allocation Failed                     0 / 0                 0 / 0                 0 / 0                 0 / 0           ops/s
[30.145s][info][gc,stats    ]      Memory: Undo Object Allocation Succeeded                  0 / 1                 4 / 128               4 / 128               4 / 128         ops/s
[30.145s][info][gc,stats    ]      Memory: Undo Page Allocation                              0 / 0                 0 / 0                 0 / 0                 0 / 0           ops/s
[30.145s][info][gc,stats    ]       Phase: Concurrent Mark                              87.685 / 154.917      92.206 / 265.094      92.206 / 265.094      92.206 / 265.094     ms
[30.145s][info][gc,stats    ]       Phase: Concurrent Mark Continue                      0.000 / 0.000         0.000 / 0.000         0.000 / 0.000         0.000 / 0.000       ms
[30.145s][info][gc,stats    ]       Phase: Concurrent Mark Free                          0.001 / 0.001         0.001 / 0.002         0.001 / 0.002         0.001 / 0.002       ms
[30.145s][info][gc,stats    ]       Phase: Concurrent Process Non-Strong References      3.626 / 7.956         3.494 / 11.008        3.494 / 11.008        3.494 / 11.008      ms
[30.145s][info][gc,stats    ]       Phase: Concurrent Relocate                           3.061 / 4.390         7.386 / 42.999        7.386 / 42.999        7.386 / 42.999      ms
[30.145s][info][gc,stats    ]       Phase: Concurrent Reset Relocation Set               0.004 / 0.007         0.014 / 0.107         0.014 / 0.107         0.014 / 0.107       ms
[30.145s][info][gc,stats    ]       Phase: Concurrent Select Relocation Set              3.748 / 5.278         9.035 / 51.919        9.035 / 51.919        9.035 / 51.919      ms
[30.145s][info][gc,stats    ]       Phase: Pause Mark End                                0.027 / 0.056         0.026 / 0.063         0.026 / 0.063         0.026 / 0.063       ms
[30.145s][info][gc,stats    ]       Phase: Pause Mark Start                              0.014 / 0.017         0.016 / 0.040         0.016 / 0.040         0.016 / 0.040       ms
[30.145s][info][gc,stats    ]       Phase: Pause Relocate Start                          0.008 / 0.011         0.009 / 0.011         0.009 / 0.011         0.009 / 0.011       ms
[30.145s][info][gc,stats    ]    Subphase: Concurrent Classes Purge                      0.060 / 0.109         0.181 / 1.010         0.181 / 1.010         0.181 / 1.010       ms
[30.145s][info][gc,stats    ]    Subphase: Concurrent Classes Unlink                     2.668 / 6.290         2.577 / 9.378         2.577 / 9.378         2.577 / 9.378       ms
[30.145s][info][gc,stats    ]    Subphase: Concurrent Mark                              57.821 / 142.517      75.294 / 262.214      75.294 / 262.214      75.294 / 262.214     ms
[30.145s][info][gc,stats    ]    Subphase: Concurrent Mark Try Flush                     0.162 / 0.425         0.123 / 0.425         0.123 / 0.425         0.123 / 0.425       ms
[30.146s][info][gc,stats    ]    Subphase: Concurrent Mark Try Terminate                 9.014 / 15.444        9.110 / 16.453        9.110 / 16.453        9.110 / 16.453      ms
[30.146s][info][gc,stats    ]    Subphase: Concurrent References Enqueue                 0.003 / 0.004         0.003 / 0.004         0.003 / 0.004         0.003 / 0.004       ms
[30.146s][info][gc,stats    ]    Subphase: Concurrent References Process                 0.192 / 0.430         0.158 / 0.430         0.158 / 0.430         0.158 / 0.430       ms
[30.146s][info][gc,stats    ]    Subphase: Concurrent Roots ClassLoaderDataGraph         0.101 / 0.713         0.089 / 0.890         0.089 / 0.890         0.089 / 0.890       ms
[30.146s][info][gc,stats    ]    Subphase: Concurrent Roots CodeCache                    0.000 / 0.000         0.000 / 0.000         0.000 / 0.000         0.000 / 0.000       ms
[30.146s][info][gc,stats    ]    Subphase: Concurrent Roots JavaThreads                  9.712 / 17.527        6.324 / 17.527        6.324 / 17.527        6.324 / 17.527      ms
[30.146s][info][gc,stats    ]    Subphase: Concurrent Roots OopStorageSet                0.032 / 0.098         0.030 / 0.302         0.030 / 0.302         0.030 / 0.302       ms
[30.146s][info][gc,stats    ]    Subphase: Concurrent Weak Roots OopStorageSet           0.253 / 1.567         0.241 / 1.567         0.241 / 1.567         0.241 / 1.567       ms
[30.146s][info][gc,stats    ]    Subphase: Pause Mark Try Complete                       0.001 / 0.001         0.002 / 0.008         0.002 / 0.008         0.002 / 0.008       ms
[30.146s][info][gc,stats    ]      System: Java Threads                                    203 / 266             147 / 266             147 / 266             147 / 266         threads
[30.146s][info][gc,stats    ] =========================================================================================================================================================
[30.153s][info][gc,start    ] GC(28) Garbage Collection (System.gc())
[30.153s][info][gc,task     ] GC(28) Using 12 workers
[30.153s][info][gc,phases   ] GC(28) Pause Mark Start 0.017ms
[30.212s][info][gc,phases   ] GC(28) Concurrent Mark 59.195ms
[30.212s][info][gc,phases   ] GC(28) Pause Mark End 0.022ms
[30.212s][info][gc,phases   ] GC(28) Concurrent Mark Free 0.001ms
[30.214s][info][gc,phases   ] GC(28) Concurrent Process Non-Strong References 1.656ms
[30.214s][info][gc,phases   ] GC(28) Concurrent Reset Relocation Set 0.001ms
[30.217s][info][gc,phases   ] GC(28) Concurrent Select Relocation Set 3.205ms
[30.217s][info][gc,phases   ] GC(28) Pause Relocate Start 0.006ms
[30.220s][info][gc,phases   ] GC(28) Concurrent Relocate 2.378ms
[30.220s][info][gc,load     ] GC(28) Load: 0.00/0.00/0.00
[30.220s][info][gc,mmu      ] GC(28) MMU: 2ms/96.9%, 5ms/98.7%, 10ms/99.3%, 20ms/99.6%, 50ms/99.8%, 100ms/99.9%
[30.220s][info][gc,marking  ] GC(28) Mark: 8 stripe(s), 2 proactive flush(es), 1 terminate flush(es), 0 completion(s), 0 continuation(s) 
[30.220s][info][gc,marking  ] GC(28) Mark Stack Usage: 32M
[30.220s][info][gc,nmethod  ] GC(28) NMethods: 6914 registered, 183 unregistered
[30.220s][info][gc,metaspace] GC(28) Metaspace: 58M used, 59M committed, 1088M reserved
[30.220s][info][gc,ref      ] GC(28) Soft: 4710 encountered, 0 discovered, 0 enqueued
[30.220s][info][gc,ref      ] GC(28) Weak: 6072 encountered, 1701 discovered, 200 enqueued
[30.220s][info][gc,ref      ] GC(28) Final: 124 encountered, 0 discovered, 0 enqueued
[30.220s][info][gc,ref      ] GC(28) Phantom: 609 encountered, 461 discovered, 1 enqueued
[30.220s][info][gc,reloc    ] GC(28) Small Pages: 1226 / 2452M, Empty: 2190M, Relocated: 3M, In-Place: 0
[30.220s][info][gc,reloc    ] GC(28) Medium Pages: 2 / 64M, Empty: 32M, Relocated: 0M, In-Place: 0
[30.220s][info][gc,reloc    ] GC(28) Large Pages: 5 / 30M, Empty: 18M, Relocated: 0M, In-Place: 0
[30.220s][info][gc,reloc    ] GC(28) Forwarding Usage: 0M
[30.220s][info][gc,heap     ] GC(28) Min Capacity: 8M(0%)
[30.220s][info][gc,heap     ] GC(28) Max Capacity: 4096M(100%)
[30.220s][info][gc,heap     ] GC(28) Soft Max Capacity: 4096M(100%)
[30.220s][info][gc,heap     ] GC(28)                Mark Start          Mark End        Relocate Start      Relocate End           High               Low         
[30.220s][info][gc,heap     ] GC(28)  Capacity:     2578M (63%)        2578M (63%)        2578M (63%)        2578M (63%)        2578M (63%)        2578M (63%)    
[30.220s][info][gc,heap     ] GC(28)      Free:     1550M (38%)        1550M (38%)        3752M (92%)        3796M (93%)        3796M (93%)        1548M (38%)    
[30.220s][info][gc,heap     ] GC(28)      Used:     2546M (62%)        2546M (62%)         344M (8%)          300M (7%)         2548M (62%)         300M (7%)     
[30.220s][info][gc,heap     ] GC(28)      Live:         -               205M (5%)          205M (5%)          205M (5%)             -                  -          
[30.220s][info][gc,heap     ] GC(28) Allocated:         -                 0M (0%)           38M (1%)           37M (1%)             -                  -          
[30.220s][info][gc,heap     ] GC(28)   Garbage:         -              2340M (57%)         100M (2%)           56M (1%)             -                  -          
[30.220s][info][gc,heap     ] GC(28) Reclaimed:         -                  -              2240M (55%)        2283M (56%)            -                  -          
[30.220s][info][gc          ] GC(28) Garbage Collection (System.gc()) 2546M(62%)->300M(7%)
[30.850s][info][gc,start    ] GC(29) Garbage Collection (Allocation Rate)
[30.850s][info][gc,task     ] GC(29) Using 3 workers
[30.850s][info][gc,phases   ] GC(29) Pause Mark Start 0.015ms
[30.988s][info][gc,phases   ] GC(29) Concurrent Mark 138.076ms
[30.988s][info][gc,phases   ] GC(29) Pause Mark End 0.034ms
[30.988s][info][gc,phases   ] GC(29) Concurrent Mark Free 0.001ms
[30.997s][info][gc,phases   ] GC(29) Concurrent Process Non-Strong References 8.383ms
[30.997s][info][gc,phases   ] GC(29) Concurrent Reset Relocation Set 0.003ms
[31.002s][info][gc,phases   ] GC(29) Concurrent Select Relocation Set 4.752ms
[31.002s][info][gc,phases   ] GC(29) Pause Relocate Start 0.011ms
[31.005s][info][gc,phases   ] GC(29) Concurrent Relocate 2.694ms
[31.005s][info][gc,load     ] GC(29) Load: 0.00/0.00/0.00
[31.005s][info][gc,mmu      ] GC(29) MMU: 2ms/96.9%, 5ms/98.7%, 10ms/99.3%, 20ms/99.6%, 50ms/99.8%, 100ms/99.9%
[31.005s][info][gc,marking  ] GC(29) Mark: 2 stripe(s), 2 proactive flush(es), 1 terminate flush(es), 0 completion(s), 0 continuation(s) 
[31.005s][info][gc,marking  ] GC(29) Mark Stack Usage: 32M
[31.005s][info][gc,nmethod  ] GC(29) NMethods: 7007 registered, 196 unregistered
[31.005s][info][gc,metaspace] GC(29) Metaspace: 58M used, 59M committed, 1088M reserved
[31.005s][info][gc,ref      ] GC(29) Soft: 4712 encountered, 0 discovered, 0 enqueued
[31.005s][info][gc,ref      ] GC(29) Weak: 6028 encountered, 2893 discovered, 68 enqueued
[31.005s][info][gc,ref      ] GC(29) Final: 124 encountered, 0 discovered, 0 enqueued
[31.005s][info][gc,ref      ] GC(29) Phantom: 608 encountered, 431 discovered, 0 enqueued
[31.005s][info][gc,reloc    ] GC(29) Small Pages: 1069 / 2138M, Empty: 1856M, Relocated: 4M, In-Place: 0
[31.005s][info][gc,reloc    ] GC(29) Medium Pages: 2 / 64M, Empty: 32M, Relocated: 0M, In-Place: 0
[31.005s][info][gc,reloc    ] GC(29) Large Pages: 4 / 24M, Empty: 12M, Relocated: 0M, In-Place: 0
[31.005s][info][gc,reloc    ] GC(29) Forwarding Usage: 1M
[31.005s][info][gc,heap     ] GC(29) Min Capacity: 8M(0%)
[31.005s][info][gc,heap     ] GC(29) Max Capacity: 4096M(100%)
[31.005s][info][gc,heap     ] GC(29) Soft Max Capacity: 4096M(100%)
[31.005s][info][gc,heap     ] GC(29)                Mark Start          Mark End        Relocate Start      Relocate End           High               Low         
[31.005s][info][gc,heap     ] GC(29)  Capacity:     2578M (63%)        2578M (63%)        2578M (63%)        2578M (63%)        2578M (63%)        2578M (63%)    
[31.005s][info][gc,heap     ] GC(29)      Free:     1870M (46%)        1520M (37%)        3414M (83%)        3498M (85%)        3498M (85%)        1518M (37%)    
[31.005s][info][gc,heap     ] GC(29)      Used:     2226M (54%)        2576M (63%)         682M (17%)         598M (15%)        2578M (63%)         598M (15%)    
[31.005s][info][gc,heap     ] GC(29)      Live:         -               206M (5%)          206M (5%)          206M (5%)             -                  -          
[31.005s][info][gc,heap     ] GC(29) Allocated:         -               350M (9%)          356M (9%)          356M (9%)             -                  -          
[31.005s][info][gc,heap     ] GC(29)   Garbage:         -              2019M (49%)         119M (3%)           35M (1%)             -                  -          
[31.005s][info][gc,heap     ] GC(29) Reclaimed:         -                  -              1900M (46%)        1984M (48%)            -                  -          
[31.005s][info][gc          ] GC(29) Garbage Collection (Allocation Rate) 2226M(54%)->598M(15%)
[31.005s][info][gc,start    ] GC(30) Garbage Collection (System.gc())
[31.005s][info][gc,task     ] GC(30) Using 12 workers
[31.005s][info][gc,phases   ] GC(30) Pause Mark Start 0.010ms
[31.067s][info][gc,phases   ] GC(30) Concurrent Mark 61.314ms
[31.067s][info][gc,phases   ] GC(30) Pause Mark End 0.027ms
[31.067s][info][gc,phases   ] GC(30) Concurrent Mark Free 0.001ms
[31.069s][info][gc,phases   ] GC(30) Concurrent Process Non-Strong References 1.919ms
[31.069s][info][gc,phases   ] GC(30) Concurrent Reset Relocation Set 0.005ms
[31.073s][info][gc,phases   ] GC(30) Concurrent Select Relocation Set 3.655ms
[31.073s][info][gc,phases   ] GC(30) Pause Relocate Start 0.008ms
[31.075s][info][gc,phases   ] GC(30) Concurrent Relocate 2.311ms
[31.075s][info][gc,load     ] GC(30) Load: 0.00/0.00/0.00
[31.075s][info][gc,mmu      ] GC(30) MMU: 2ms/96.9%, 5ms/98.7%, 10ms/99.3%, 20ms/99.6%, 50ms/99.8%, 100ms/99.9%
[31.075s][info][gc,marking  ] GC(30) Mark: 8 stripe(s), 2 proactive flush(es), 1 terminate flush(es), 0 completion(s), 0 continuation(s) 
[31.075s][info][gc,marking  ] GC(30) Mark Stack Usage: 32M
[31.075s][info][gc,nmethod  ] GC(30) NMethods: 7021 registered, 198 unregistered
[31.075s][info][gc,metaspace] GC(30) Metaspace: 58M used, 59M committed, 1088M reserved
[31.075s][info][gc,ref      ] GC(30) Soft: 4710 encountered, 0 discovered, 0 enqueued
[31.076s][info][gc,ref      ] GC(30) Weak: 6031 encountered, 1320 discovered, 145 enqueued
[31.076s][info][gc,ref      ] GC(30) Final: 124 encountered, 19 discovered, 0 enqueued
[31.076s][info][gc,ref      ] GC(30) Phantom: 608 encountered, 333 discovered, 0 enqueued
[31.076s][info][gc,reloc    ] GC(30) Small Pages: 274 / 548M, Empty: 312M, Relocated: 1M, In-Place: 0
[31.076s][info][gc,reloc    ] GC(30) Medium Pages: 1 / 32M, Empty: 0M, Relocated: 0M, In-Place: 0
[31.076s][info][gc,reloc    ] GC(30) Large Pages: 3 / 18M, Empty: 6M, Relocated: 0M, In-Place: 0
[31.076s][info][gc,reloc    ] GC(30) Forwarding Usage: 1M
[31.076s][info][gc,heap     ] GC(30) Min Capacity: 8M(0%)
[31.076s][info][gc,heap     ] GC(30) Max Capacity: 4096M(100%)
[31.076s][info][gc,heap     ] GC(30) Soft Max Capacity: 4096M(100%)
[31.076s][info][gc,heap     ] GC(30)                Mark Start          Mark End        Relocate Start      Relocate End           High               Low         
[31.076s][info][gc,heap     ] GC(30)  Capacity:     2578M (63%)        2578M (63%)        2578M (63%)        2578M (63%)        2578M (63%)        2578M (63%)    
[31.076s][info][gc,heap     ] GC(30)      Free:     3498M (85%)        3498M (85%)        3786M (92%)        3802M (93%)        3802M (93%)        3496M (85%)    
[31.076s][info][gc,heap     ] GC(30)      Used:      598M (15%)         598M (15%)         310M (8%)          294M (7%)          600M (15%)         294M (7%)     
[31.076s][info][gc,heap     ] GC(30)      Live:         -               205M (5%)          205M (5%)          205M (5%)             -                  -          
[31.076s][info][gc,heap     ] GC(30) Allocated:         -                 0M (0%)           30M (1%)           30M (1%)             -                  -          
[31.076s][info][gc,heap     ] GC(30)   Garbage:         -               392M (10%)          74M (2%)           58M (1%)             -                  -          
[31.076s][info][gc,heap     ] GC(30) Reclaimed:         -                  -               318M (8%)          334M (8%)             -                  -          
[31.076s][info][gc          ] GC(30) Garbage Collection (System.gc()) 598M(15%)->294M(7%)
[31.848s][info][gc,start    ] GC(31) Garbage Collection (Allocation Rate)
[31.848s][info][gc,task     ] GC(31) Using 3 workers
[31.849s][info][gc,phases   ] GC(31) Pause Mark Start 0.017ms
[31.983s][info][gc,phases   ] GC(31) Concurrent Mark 134.538ms
[31.983s][info][gc,phases   ] GC(31) Pause Mark End 0.026ms
[31.984s][info][gc,phases   ] GC(31) Concurrent Mark Free 0.001ms
[31.992s][info][gc,phases   ] GC(31) Concurrent Process Non-Strong References 8.875ms
[31.992s][info][gc,phases   ] GC(31) Concurrent Reset Relocation Set 0.003ms
[31.998s][info][gc,phases   ] GC(31) Concurrent Select Relocation Set 5.397ms
[31.998s][info][gc,phases   ] GC(31) Pause Relocate Start 0.009ms
[32.003s][info][gc,phases   ] GC(31) Concurrent Relocate 4.476ms
[32.003s][info][gc,load     ] GC(31) Load: 0.00/0.00/0.00
[32.003s][info][gc,mmu      ] GC(31) MMU: 2ms/96.9%, 5ms/98.7%, 10ms/99.3%, 20ms/99.6%, 50ms/99.8%, 100ms/99.9%
[32.003s][info][gc,marking  ] GC(31) Mark: 2 stripe(s), 2 proactive flush(es), 1 terminate flush(es), 0 completion(s), 0 continuation(s) 
[32.003s][info][gc,marking  ] GC(31) Mark Stack Usage: 32M
[32.003s][info][gc,nmethod  ] GC(31) NMethods: 7140 registered, 209 unregistered
[32.003s][info][gc,metaspace] GC(31) Metaspace: 58M used, 59M committed, 1088M reserved
[32.003s][info][gc,ref      ] GC(31) Soft: 4712 encountered, 0 discovered, 0 enqueued
[32.003s][info][gc,ref      ] GC(31) Weak: 6083 encountered, 3413 discovered, 73 enqueued
[32.003s][info][gc,ref      ] GC(31) Final: 124 encountered, 86 discovered, 0 enqueued
[32.003s][info][gc,ref      ] GC(31) Phantom: 608 encountered, 592 discovered, 0 enqueued
[32.003s][info][gc,reloc    ] GC(31) Small Pages: 1229 / 2458M, Empty: 2186M, Relocated: 1M, In-Place: 0
[32.003s][info][gc,reloc    ] GC(31) Medium Pages: 2 / 64M, Empty: 32M, Relocated: 0M, In-Place: 0
[32.003s][info][gc,reloc    ] GC(31) Large Pages: 5 / 30M, Empty: 18M, Relocated: 0M, In-Place: 0
[32.003s][info][gc,reloc    ] GC(31) Forwarding Usage: 1M
[32.003s][info][gc,heap     ] GC(31) Min Capacity: 8M(0%)
[32.003s][info][gc,heap     ] GC(31) Max Capacity: 4096M(100%)
[32.003s][info][gc,heap     ] GC(31) Soft Max Capacity: 4096M(100%)
[32.003s][info][gc,heap     ] GC(31)                Mark Start          Mark End        Relocate Start      Relocate End           High               Low         
[32.003s][info][gc,heap     ] GC(31)  Capacity:     2578M (63%)        2578M (63%)        2578M (63%)        2578M (63%)        2578M (63%)        2578M (63%)    
[32.003s][info][gc,heap     ] GC(31)      Free:     1544M (38%)        1526M (37%)        3742M (91%)        3812M (93%)        3812M (93%)        1526M (37%)    
[32.003s][info][gc,heap     ] GC(31)      Used:     2552M (62%)        2570M (63%)         354M (9%)          284M (7%)         2570M (63%)         284M (7%)     
[32.003s][info][gc,heap     ] GC(31)      Live:         -               206M (5%)          206M (5%)          206M (5%)             -                  -          
[32.003s][info][gc,heap     ] GC(31) Allocated:         -                18M (0%)           38M (1%)           38M (1%)             -                  -          
[32.003s][info][gc,heap     ] GC(31)   Garbage:         -              2345M (57%)         109M (3%)           39M (1%)             -                  -          
[32.003s][info][gc,heap     ] GC(31) Reclaimed:         -                  -              2236M (55%)        2306M (56%)            -                  -          
[32.003s][info][gc          ] GC(31) Garbage Collection (Allocation Rate) 2552M(62%)->284M(7%)
[32.003s][info][gc,start    ] GC(32) Garbage Collection (System.gc())
[32.004s][info][gc,task     ] GC(32) Using 12 workers
[32.004s][info][gc,phases   ] GC(32) Pause Mark Start 0.010ms
[32.061s][info][gc,phases   ] GC(32) Concurrent Mark 57.636ms
[32.062s][info][gc,phases   ] GC(32) Pause Mark End 0.019ms
[32.062s][info][gc,phases   ] GC(32) Concurrent Mark Free 0.001ms
[32.063s][info][gc,phases   ] GC(32) Concurrent Process Non-Strong References 1.666ms
[32.063s][info][gc,phases   ] GC(32) Concurrent Reset Relocation Set 0.005ms
[32.067s][info][gc,phases   ] GC(32) Concurrent Select Relocation Set 3.644ms
[32.067s][info][gc,phases   ] GC(32) Pause Relocate Start 0.007ms
[32.070s][info][gc,phases   ] GC(32) Concurrent Relocate 2.553ms
[32.070s][info][gc,load     ] GC(32) Load: 0.00/0.00/0.00
[32.070s][info][gc,mmu      ] GC(32) MMU: 2ms/96.9%, 5ms/98.7%, 10ms/99.3%, 20ms/99.6%, 50ms/99.8%, 100ms/99.9%
[32.070s][info][gc,marking  ] GC(32) Mark: 8 stripe(s), 2 proactive flush(es), 1 terminate flush(es), 0 completion(s), 0 continuation(s) 
[32.070s][info][gc,marking  ] GC(32) Mark Stack Usage: 32M
[32.070s][info][gc,nmethod  ] GC(32) NMethods: 7146 registered, 212 unregistered
[32.070s][info][gc,metaspace] GC(32) Metaspace: 58M used, 59M committed, 1088M reserved
[32.070s][info][gc,ref      ] GC(32) Soft: 4710 encountered, 0 discovered, 0 enqueued
[32.070s][info][gc,ref      ] GC(32) Weak: 6017 encountered, 1133 discovered, 127 enqueued
[32.070s][info][gc,ref      ] GC(32) Final: 124 encountered, 0 discovered, 0 enqueued
[32.070s][info][gc,ref      ] GC(32) Phantom: 608 encountered, 595 discovered, 0 enqueued
[32.070s][info][gc,reloc    ] GC(32) Small Pages: 120 / 240M, Empty: 0M, Relocated: 1M, In-Place: 0
[32.070s][info][gc,reloc    ] GC(32) Medium Pages: 1 / 32M, Empty: 0M, Relocated: 0M, In-Place: 0
[32.070s][info][gc,reloc    ] GC(32) Large Pages: 2 / 12M, Empty: 0M, Relocated: 0M, In-Place: 0
[32.070s][info][gc,reloc    ] GC(32) Forwarding Usage: 1M
[32.070s][info][gc,heap     ] GC(32) Min Capacity: 8M(0%)
[32.070s][info][gc,heap     ] GC(32) Max Capacity: 4096M(100%)
[32.070s][info][gc,heap     ] GC(32) Soft Max Capacity: 4096M(100%)
[32.070s][info][gc,heap     ] GC(32)                Mark Start          Mark End        Relocate Start      Relocate End           High               Low         
[32.070s][info][gc,heap     ] GC(32)  Capacity:     2578M (63%)        2578M (63%)        2578M (63%)        2578M (63%)        2578M (63%)        2578M (63%)    
[32.070s][info][gc,heap     ] GC(32)      Free:     3812M (93%)        3812M (93%)        3786M (92%)        3806M (93%)        3812M (93%)        3766M (92%)    
[32.070s][info][gc,heap     ] GC(32)      Used:      284M (7%)          284M (7%)          310M (8%)          290M (7%)          330M (8%)          284M (7%)     
[32.070s][info][gc,heap     ] GC(32)      Live:         -               205M (5%)          205M (5%)          205M (5%)             -                  -          
[32.070s][info][gc,heap     ] GC(32) Allocated:         -                 0M (0%)           26M (1%)           26M (1%)             -                  -          
[32.071s][info][gc,heap     ] GC(32)   Garbage:         -                78M (2%)           78M (2%)           58M (1%)             -                  -          
[32.071s][info][gc,heap     ] GC(32) Reclaimed:         -                  -                 0M (0%)           20M (0%)             -                  -          
[32.071s][info][gc          ] GC(32) Garbage Collection (System.gc()) 284M(7%)->290M(7%)
[32.832s][info][gc,start    ] GC(33) Garbage Collection (System.gc())
[32.832s][info][gc,task     ] GC(33) Using 12 workers
[32.833s][info][gc,phases   ] GC(33) Pause Mark Start 0.018ms
[32.894s][info][gc,phases   ] GC(33) Concurrent Mark 61.115ms
[32.894s][info][gc,phases   ] GC(33) Pause Mark End 0.031ms
[32.894s][info][gc,phases   ] GC(33) Concurrent Mark Free 0.001ms
[32.896s][info][gc,phases   ] GC(33) Concurrent Process Non-Strong References 1.867ms
[32.896s][info][gc,phases   ] GC(33) Concurrent Reset Relocation Set 0.002ms
[32.900s][info][gc,phases   ] GC(33) Concurrent Select Relocation Set 3.614ms
[32.900s][info][gc,phases   ] GC(33) Pause Relocate Start 0.010ms
[32.904s][info][gc,phases   ] GC(33) Concurrent Relocate 4.181ms
[32.904s][info][gc,load     ] GC(33) Load: 0.00/0.00/0.00
[32.904s][info][gc,mmu      ] GC(33) MMU: 2ms/96.9%, 5ms/98.7%, 10ms/99.3%, 20ms/99.6%, 50ms/99.8%, 100ms/99.9%
[32.904s][info][gc,marking  ] GC(33) Mark: 8 stripe(s), 2 proactive flush(es), 1 terminate flush(es), 0 completion(s), 0 continuation(s) 
[32.904s][info][gc,marking  ] GC(33) Mark Stack Usage: 32M
[32.904s][info][gc,nmethod  ] GC(33) NMethods: 7204 registered, 229 unregistered
[32.904s][info][gc,metaspace] GC(33) Metaspace: 58M used, 59M committed, 1088M reserved
[32.904s][info][gc,ref      ] GC(33) Soft: 4710 encountered, 0 discovered, 0 enqueued
[32.904s][info][gc,ref      ] GC(33) Weak: 6110 encountered, 973 discovered, 205 enqueued
[32.904s][info][gc,ref      ] GC(33) Final: 124 encountered, 1 discovered, 0 enqueued
[32.904s][info][gc,ref      ] GC(33) Phantom: 608 encountered, 376 discovered, 0 enqueued
[32.904s][info][gc,reloc    ] GC(33) Small Pages: 1227 / 2454M, Empty: 2184M, Relocated: 1M, In-Place: 0
[32.904s][info][gc,reloc    ] GC(33) Medium Pages: 2 / 64M, Empty: 32M, Relocated: 0M, In-Place: 0
[32.904s][info][gc,reloc    ] GC(33) Large Pages: 5 / 30M, Empty: 18M, Relocated: 0M, In-Place: 0
[32.904s][info][gc,reloc    ] GC(33) Forwarding Usage: 1M
[32.904s][info][gc,heap     ] GC(33) Min Capacity: 8M(0%)
[32.904s][info][gc,heap     ] GC(33) Max Capacity: 4096M(100%)
[32.904s][info][gc,heap     ] GC(33) Soft Max Capacity: 4096M(100%)
[32.904s][info][gc,heap     ] GC(33)                Mark Start          Mark End        Relocate Start      Relocate End           High               Low         
[32.904s][info][gc,heap     ] GC(33)  Capacity:     2578M (63%)        2578M (63%)        2578M (63%)        2578M (63%)        2578M (63%)        2578M (63%)    
[32.904s][info][gc,heap     ] GC(33)      Free:     1548M (38%)        1548M (38%)        3752M (92%)        3800M (93%)        3800M (93%)        1546M (38%)    
[32.904s][info][gc,heap     ] GC(33)      Used:     2548M (62%)        2548M (62%)         344M (8%)          296M (7%)         2550M (62%)         296M (7%)     
[32.904s][info][gc,heap     ] GC(33)      Live:         -               206M (5%)          206M (5%)          206M (5%)             -                  -          
[32.904s][info][gc,heap     ] GC(33) Allocated:         -                 0M (0%)           30M (1%)           31M (1%)             -                  -          
[32.904s][info][gc,heap     ] GC(33)   Garbage:         -              2341M (57%)         107M (3%)           57M (1%)             -                  -          
[32.904s][info][gc,heap     ] GC(33) Reclaimed:         -                  -              2234M (55%)        2283M (56%)            -                  -          
[32.904s][info][gc          ] GC(33) Garbage Collection (System.gc()) 2548M(62%)->296M(7%)
[33.557s][info][gc,start    ] GC(34) Garbage Collection (Allocation Rate)
[33.557s][info][gc,task     ] GC(34) Using 3 workers
[33.557s][info][gc,phases   ] GC(34) Pause Mark Start 0.018ms
[33.682s][info][gc,phases   ] GC(34) Concurrent Mark 124.516ms
[33.682s][info][gc,phases   ] GC(34) Pause Mark End 0.026ms
[33.682s][info][gc,phases   ] GC(34) Concurrent Mark Free 0.001ms
[33.690s][info][gc,phases   ] GC(34) Concurrent Process Non-Strong References 8.411ms
[33.690s][info][gc,phases   ] GC(34) Concurrent Reset Relocation Set 0.002ms
[33.694s][info][gc,phases   ] GC(34) Concurrent Select Relocation Set 3.243ms
[33.694s][info][gc,phases   ] GC(34) Pause Relocate Start 0.008ms
[33.698s][info][gc,phases   ] GC(34) Concurrent Relocate 4.399ms
[33.698s][info][gc,load     ] GC(34) Load: 0.00/0.00/0.00
[33.698s][info][gc,mmu      ] GC(34) MMU: 2ms/96.9%, 5ms/98.7%, 10ms/99.3%, 20ms/99.6%, 50ms/99.8%, 100ms/99.9%
[33.698s][info][gc,marking  ] GC(34) Mark: 2 stripe(s), 2 proactive flush(es), 1 terminate flush(es), 0 completion(s), 0 continuation(s) 
[33.698s][info][gc,marking  ] GC(34) Mark Stack Usage: 32M
[33.698s][info][gc,nmethod  ] GC(34) NMethods: 7274 registered, 237 unregistered
[33.698s][info][gc,metaspace] GC(34) Metaspace: 58M used, 59M committed, 1088M reserved
[33.698s][info][gc,ref      ] GC(34) Soft: 4712 encountered, 0 discovered, 0 enqueued
[33.698s][info][gc,ref      ] GC(34) Weak: 6040 encountered, 3139 discovered, 64 enqueued
[33.698s][info][gc,ref      ] GC(34) Final: 124 encountered, 86 discovered, 0 enqueued
[33.698s][info][gc,ref      ] GC(34) Phantom: 608 encountered, 234 discovered, 0 enqueued
[33.698s][info][gc,reloc    ] GC(34) Small Pages: 1097 / 2194M, Empty: 1914M, Relocated: 3M, In-Place: 0
[33.698s][info][gc,reloc    ] GC(34) Medium Pages: 2 / 64M, Empty: 32M, Relocated: 0M, In-Place: 0
[33.698s][info][gc,reloc    ] GC(34) Large Pages: 4 / 24M, Empty: 12M, Relocated: 0M, In-Place: 0
[33.698s][info][gc,reloc    ] GC(34) Forwarding Usage: 1M
[33.698s][info][gc,heap     ] GC(34) Min Capacity: 8M(0%)
[33.699s][info][gc,heap     ] GC(34) Max Capacity: 4096M(100%)
[33.699s][info][gc,heap     ] GC(34) Soft Max Capacity: 4096M(100%)
[33.699s][info][gc,heap     ] GC(34)                Mark Start          Mark End        Relocate Start      Relocate End           High               Low         
[33.699s][info][gc,heap     ] GC(34)  Capacity:     2578M (63%)        2578M (63%)        2578M (63%)        2578M (63%)        2578M (63%)        2578M (63%)    
[33.699s][info][gc,heap     ] GC(34)      Free:     1814M (44%)        1524M (37%)        3480M (85%)        3560M (87%)        3560M (87%)        1524M (37%)    
[33.699s][info][gc,heap     ] GC(34)      Used:     2282M (56%)        2572M (63%)         616M (15%)         536M (13%)        2572M (63%)         536M (13%)    
[33.699s][info][gc,heap     ] GC(34)      Live:         -               206M (5%)          206M (5%)          206M (5%)             -                  -          
[33.699s][info][gc,heap     ] GC(34) Allocated:         -               290M (7%)          292M (7%)          292M (7%)             -                  -          
[33.699s][info][gc,heap     ] GC(34)   Garbage:         -              2075M (51%)         117M (3%)           37M (1%)             -                  -          
[33.699s][info][gc,heap     ] GC(34) Reclaimed:         -                  -              1958M (48%)        2038M (50%)            -                  -          
[33.699s][info][gc          ] GC(34) Garbage Collection (Allocation Rate) 2282M(56%)->536M(13%)
[33.699s][info][gc,start    ] GC(35) Garbage Collection (System.gc())
[33.699s][info][gc,task     ] GC(35) Using 12 workers
[33.699s][info][gc,phases   ] GC(35) Pause Mark Start 0.009ms
[33.760s][info][gc,phases   ] GC(35) Concurrent Mark 60.937ms
[33.760s][info][gc,phases   ] GC(35) Pause Mark End 0.027ms
[33.760s][info][gc,phases   ] GC(35) Concurrent Mark Free 0.001ms
[33.762s][info][gc,phases   ] GC(35) Concurrent Process Non-Strong References 1.835ms
[33.762s][info][gc,phases   ] GC(35) Concurrent Reset Relocation Set 0.004ms
[33.764s][info][gc,phases   ] GC(35) Concurrent Select Relocation Set 2.529ms
[33.765s][info][gc,phases   ] GC(35) Pause Relocate Start 0.008ms
[33.768s][info][gc,phases   ] GC(35) Concurrent Relocate 3.129ms
[33.768s][info][gc,load     ] GC(35) Load: 0.00/0.00/0.00
[33.768s][info][gc,mmu      ] GC(35) MMU: 2ms/96.9%, 5ms/98.7%, 10ms/99.3%, 20ms/99.6%, 50ms/99.8%, 100ms/99.9%
[33.768s][info][gc,marking  ] GC(35) Mark: 8 stripe(s), 1 proactive flush(es), 1 terminate flush(es), 0 completion(s), 0 continuation(s) 
[33.768s][info][gc,marking  ] GC(35) Mark Stack Usage: 32M
[33.768s][info][gc,nmethod  ] GC(35) NMethods: 7273 registered, 240 unregistered
[33.768s][info][gc,metaspace] GC(35) Metaspace: 58M used, 59M committed, 1088M reserved
[33.768s][info][gc,ref      ] GC(35) Soft: 4710 encountered, 0 discovered, 0 enqueued
[33.768s][info][gc,ref      ] GC(35) Weak: 6035 encountered, 1091 discovered, 135 enqueued
[33.768s][info][gc,ref      ] GC(35) Final: 124 encountered, 24 discovered, 0 enqueued
[33.768s][info][gc,ref      ] GC(35) Phantom: 608 encountered, 496 discovered, 0 enqueued
[33.768s][info][gc,reloc    ] GC(35) Small Pages: 243 / 486M, Empty: 256M, Relocated: 1M, In-Place: 0
[33.768s][info][gc,reloc    ] GC(35) Medium Pages: 1 / 32M, Empty: 0M, Relocated: 0M, In-Place: 0
[33.768s][info][gc,reloc    ] GC(35) Large Pages: 3 / 18M, Empty: 6M, Relocated: 0M, In-Place: 0
[33.768s][info][gc,reloc    ] GC(35) Forwarding Usage: 1M
[33.768s][info][gc,heap     ] GC(35) Min Capacity: 8M(0%)
[33.768s][info][gc,heap     ] GC(35) Max Capacity: 4096M(100%)
[33.768s][info][gc,heap     ] GC(35) Soft Max Capacity: 4096M(100%)
[33.768s][info][gc,heap     ] GC(35)                Mark Start          Mark End        Relocate Start      Relocate End           High               Low         
[33.768s][info][gc,heap     ] GC(35)  Capacity:     2578M (63%)        2578M (63%)        2578M (63%)        2578M (63%)        2578M (63%)        2578M (63%)    
[33.768s][info][gc,heap     ] GC(35)      Free:     3560M (87%)        3560M (87%)        3790M (93%)        3798M (93%)        3814M (93%)        3558M (87%)    
[33.768s][info][gc,heap     ] GC(35)      Used:      536M (13%)         536M (13%)         306M (7%)          298M (7%)          538M (13%)         282M (7%)     
[33.768s][info][gc,heap     ] GC(35)      Live:         -               206M (5%)          206M (5%)          206M (5%)             -                  -          
[33.768s][info][gc,heap     ] GC(35) Allocated:         -                 0M (0%)           32M (1%)           33M (1%)             -                  -          
[33.768s][info][gc,heap     ] GC(35)   Garbage:         -               329M (8%)           67M (2%)           57M (1%)             -                  -          
[33.768s][info][gc,heap     ] GC(35) Reclaimed:         -                  -               262M (6%)          271M (7%)             -                  -          
[33.768s][info][gc          ] GC(35) Garbage Collection (System.gc()) 536M(13%)->298M(7%)
[34.548s][info][gc,start    ] GC(36) Garbage Collection (Allocation Rate)
[34.548s][info][gc,task     ] GC(36) Using 3 workers
[34.548s][info][gc,phases   ] GC(36) Pause Mark Start 0.016ms
[34.674s][info][gc,phases   ] GC(36) Concurrent Mark 126.049ms
[34.674s][info][gc,phases   ] GC(36) Pause Mark End 0.029ms
[34.675s][info][gc,phases   ] GC(36) Concurrent Mark Free 0.001ms
[34.682s][info][gc,phases   ] GC(36) Concurrent Process Non-Strong References 7.386ms
[34.682s][info][gc,phases   ] GC(36) Concurrent Reset Relocation Set 0.003ms
[34.688s][info][gc,phases   ] GC(36) Concurrent Select Relocation Set 5.703ms
[34.688s][info][gc,phases   ] GC(36) Pause Relocate Start 0.009ms
[34.692s][info][gc,phases   ] GC(36) Concurrent Relocate 4.327ms
[34.692s][info][gc,load     ] GC(36) Load: 0.00/0.00/0.00
[34.692s][info][gc,mmu      ] GC(36) MMU: 2ms/96.9%, 5ms/98.7%, 10ms/99.3%, 20ms/99.6%, 50ms/99.8%, 100ms/99.9%
[34.692s][info][gc,marking  ] GC(36) Mark: 2 stripe(s), 2 proactive flush(es), 1 terminate flush(es), 0 completion(s), 0 continuation(s) 
[34.692s][info][gc,marking  ] GC(36) Mark Stack Usage: 32M
[34.692s][info][gc,nmethod  ] GC(36) NMethods: 7356 registered, 252 unregistered
[34.692s][info][gc,metaspace] GC(36) Metaspace: 58M used, 59M committed, 1088M reserved
[34.693s][info][gc,ref      ] GC(36) Soft: 4712 encountered, 0 discovered, 0 enqueued
[34.693s][info][gc,ref      ] GC(36) Weak: 6123 encountered, 3109 discovered, 77 enqueued
[34.693s][info][gc,ref      ] GC(36) Final: 124 encountered, 86 discovered, 0 enqueued
[34.693s][info][gc,ref      ] GC(36) Phantom: 608 encountered, 404 discovered, 0 enqueued
[34.693s][info][gc,reloc    ] GC(36) Small Pages: 1229 / 2458M, Empty: 2182M, Relocated: 3M, In-Place: 0
[34.693s][info][gc,reloc    ] GC(36) Medium Pages: 2 / 64M, Empty: 32M, Relocated: 0M, In-Place: 0
[34.693s][info][gc,reloc    ] GC(36) Large Pages: 5 / 30M, Empty: 18M, Relocated: 0M, In-Place: 0
[34.693s][info][gc,reloc    ] GC(36) Forwarding Usage: 2M
[34.693s][info][gc,heap     ] GC(36) Min Capacity: 8M(0%)
[34.693s][info][gc,heap     ] GC(36) Max Capacity: 4096M(100%)
[34.693s][info][gc,heap     ] GC(36) Soft Max Capacity: 4096M(100%)
[34.693s][info][gc,heap     ] GC(36)                Mark Start          Mark End        Relocate Start      Relocate End           High               Low         
[34.693s][info][gc,heap     ] GC(36)  Capacity:     2578M (63%)        2578M (63%)        2578M (63%)        2578M (63%)        2578M (63%)        2578M (63%)    
[34.693s][info][gc,heap     ] GC(36)      Free:     1544M (38%)        1522M (37%)        3744M (91%)        3820M (93%)        3820M (93%)        1522M (37%)    
[34.693s][info][gc,heap     ] GC(36)      Used:     2552M (62%)        2574M (63%)         352M (9%)          276M (7%)         2574M (63%)         276M (7%)     
[34.693s][info][gc,heap     ] GC(36)      Live:         -               206M (5%)          206M (5%)          206M (5%)             -                  -          
[34.693s][info][gc,heap     ] GC(36) Allocated:         -                22M (1%)           32M (1%)           32M (1%)             -                  -          
[34.693s][info][gc,heap     ] GC(36)   Garbage:         -              2345M (57%)         113M (3%)           37M (1%)             -                  -          
[34.693s][info][gc,heap     ] GC(36) Reclaimed:         -                  -              2232M (54%)        2308M (56%)            -                  -          
[34.693s][info][gc          ] GC(36) Garbage Collection (Allocation Rate) 2552M(62%)->276M(7%)
[34.693s][info][gc,start    ] GC(37) Garbage Collection (System.gc())
[34.693s][info][gc,task     ] GC(37) Using 12 workers
[34.693s][info][gc,phases   ] GC(37) Pause Mark Start 0.009ms
[34.742s][info][gc,phases   ] GC(37) Concurrent Mark 48.636ms
[34.742s][info][gc,phases   ] GC(37) Pause Mark End 0.018ms
[34.742s][info][gc,phases   ] GC(37) Concurrent Mark Free 0.001ms
[34.744s][info][gc,phases   ] GC(37) Concurrent Process Non-Strong References 1.693ms
[34.744s][info][gc,phases   ] GC(37) Concurrent Reset Relocation Set 0.005ms
[34.748s][info][gc,phases   ] GC(37) Concurrent Select Relocation Set 3.792ms
[34.748s][info][gc,phases   ] GC(37) Pause Relocate Start 0.006ms
[34.750s][info][gc,phases   ] GC(37) Concurrent Relocate 2.346ms
[34.750s][info][gc,load     ] GC(37) Load: 0.00/0.00/0.00
[34.750s][info][gc,mmu      ] GC(37) MMU: 2ms/96.9%, 5ms/98.7%, 10ms/99.3%, 20ms/99.6%, 50ms/99.8%, 100ms/99.9%
[34.750s][info][gc,marking  ] GC(37) Mark: 8 stripe(s), 2 proactive flush(es), 1 terminate flush(es), 0 completion(s), 0 continuation(s) 
[34.750s][info][gc,marking  ] GC(37) Mark Stack Usage: 32M
[34.751s][info][gc,nmethod  ] GC(37) NMethods: 7355 registered, 254 unregistered
[34.751s][info][gc,metaspace] GC(37) Metaspace: 58M used, 59M committed, 1088M reserved
[34.751s][info][gc,ref      ] GC(37) Soft: 4710 encountered, 0 discovered, 0 enqueued
[34.751s][info][gc,ref      ] GC(37) Weak: 6060 encountered, 1371 discovered, 139 enqueued
[34.751s][info][gc,ref      ] GC(37) Final: 124 encountered, 1 discovered, 0 enqueued
[34.751s][info][gc,ref      ] GC(37) Phantom: 608 encountered, 596 discovered, 0 enqueued
[34.751s][info][gc,reloc    ] GC(37) Small Pages: 116 / 232M, Empty: 0M, Relocated: 1M, In-Place: 0
[34.751s][info][gc,reloc    ] GC(37) Medium Pages: 1 / 32M, Empty: 0M, Relocated: 0M, In-Place: 0
[34.751s][info][gc,reloc    ] GC(37) Large Pages: 2 / 12M, Empty: 0M, Relocated: 0M, In-Place: 0
[34.751s][info][gc,reloc    ] GC(37) Forwarding Usage: 1M
[34.751s][info][gc,heap     ] GC(37) Min Capacity: 8M(0%)
[34.751s][info][gc,heap     ] GC(37) Max Capacity: 4096M(100%)
[34.751s][info][gc,heap     ] GC(37) Soft Max Capacity: 4096M(100%)
[34.751s][info][gc,heap     ] GC(37)                Mark Start          Mark End        Relocate Start      Relocate End           High               Low         
[34.751s][info][gc,heap     ] GC(37)  Capacity:     2578M (63%)        2578M (63%)        2578M (63%)        2578M (63%)        2578M (63%)        2578M (63%)    
[34.751s][info][gc,heap     ] GC(37)      Free:     3820M (93%)        3820M (93%)        3796M (93%)        3808M (93%)        3820M (93%)        3780M (92%)    
[34.751s][info][gc,heap     ] GC(37)      Used:      276M (7%)          276M (7%)          300M (7%)          288M (7%)          316M (8%)          276M (7%)     
[34.751s][info][gc,heap     ] GC(37)      Live:         -               206M (5%)          206M (5%)          206M (5%)             -                  -          
[34.751s][info][gc,heap     ] GC(37) Allocated:         -                 0M (0%)           24M (1%)           24M (1%)             -                  -          
[34.751s][info][gc,heap     ] GC(37)   Garbage:         -                69M (2%)           69M (2%)           57M (1%)             -                  -          
[34.751s][info][gc,heap     ] GC(37) Reclaimed:         -                  -                 0M (0%)           12M (0%)             -                  -          
[34.751s][info][gc          ] GC(37) Garbage Collection (System.gc()) 276M(7%)->288M(7%)
[35.510s][info][gc,start    ] GC(38) Garbage Collection (System.gc())
[35.510s][info][gc,task     ] GC(38) Using 12 workers
[35.511s][info][gc,phases   ] GC(38) Pause Mark Start 0.015ms
[35.560s][info][gc,phases   ] GC(38) Concurrent Mark 49.399ms
[35.560s][info][gc,phases   ] GC(38) Pause Mark End 0.027ms
[35.560s][info][gc,phases   ] GC(38) Concurrent Mark Free 0.000ms
[35.568s][info][gc,phases   ] GC(38) Concurrent Process Non-Strong References 7.236ms
[35.568s][info][gc,phases   ] GC(38) Concurrent Reset Relocation Set 0.001ms
[35.571s][info][gc,phases   ] GC(38) Concurrent Select Relocation Set 3.510ms
[35.571s][info][gc,phases   ] GC(38) Pause Relocate Start 0.006ms
[35.575s][info][gc,phases   ] GC(38) Concurrent Relocate 3.426ms
[35.575s][info][gc,load     ] GC(38) Load: 0.00/0.00/0.00
[35.575s][info][gc,mmu      ] GC(38) MMU: 2ms/96.9%, 5ms/98.7%, 10ms/99.3%, 20ms/99.6%, 50ms/99.8%, 100ms/99.9%
[35.575s][info][gc,marking  ] GC(38) Mark: 8 stripe(s), 1 proactive flush(es), 1 terminate flush(es), 0 completion(s), 0 continuation(s) 
[35.575s][info][gc,marking  ] GC(38) Mark Stack Usage: 32M
[35.575s][info][gc,nmethod  ] GC(38) NMethods: 7449 registered, 262 unregistered
[35.575s][info][gc,metaspace] GC(38) Metaspace: 58M used, 59M committed, 1088M reserved
[35.575s][info][gc,ref      ] GC(38) Soft: 4710 encountered, 0 discovered, 0 enqueued
[35.575s][info][gc,ref      ] GC(38) Weak: 6112 encountered, 1836 discovered, 198 enqueued
[35.575s][info][gc,ref      ] GC(38) Final: 124 encountered, 2 discovered, 0 enqueued
[35.575s][info][gc,ref      ] GC(38) Phantom: 608 encountered, 601 discovered, 0 enqueued
[35.575s][info][gc,reloc    ] GC(38) Small Pages: 1226 / 2452M, Empty: 2184M, Relocated: 1M, In-Place: 0
[35.575s][info][gc,reloc    ] GC(38) Medium Pages: 2 / 64M, Empty: 32M, Relocated: 0M, In-Place: 0
[35.575s][info][gc,reloc    ] GC(38) Large Pages: 5 / 30M, Empty: 18M, Relocated: 0M, In-Place: 0
[35.575s][info][gc,reloc    ] GC(38) Forwarding Usage: 1M
[35.575s][info][gc,heap     ] GC(38) Min Capacity: 8M(0%)
[35.575s][info][gc,heap     ] GC(38) Max Capacity: 4096M(100%)
[35.575s][info][gc,heap     ] GC(38) Soft Max Capacity: 4096M(100%)
[35.575s][info][gc,heap     ] GC(38)                Mark Start          Mark End        Relocate Start      Relocate End           High               Low         
[35.575s][info][gc,heap     ] GC(38)  Capacity:     2578M (63%)        2578M (63%)        2578M (63%)        2578M (63%)        2578M (63%)        2578M (63%)    
[35.575s][info][gc,heap     ] GC(38)      Free:     1550M (38%)        1548M (38%)        3750M (92%)        3798M (93%)        3798M (93%)        1546M (38%)    
[35.575s][info][gc,heap     ] GC(38)      Used:     2546M (62%)        2548M (62%)         346M (8%)          298M (7%)         2550M (62%)         298M (7%)     
[35.575s][info][gc,heap     ] GC(38)      Live:         -               206M (5%)          206M (5%)          206M (5%)             -                  -          
[35.575s][info][gc,heap     ] GC(38) Allocated:         -                 2M (0%)           34M (1%)           33M (1%)             -                  -          
[35.575s][info][gc,heap     ] GC(38)   Garbage:         -              2339M (57%)         105M (3%)           57M (1%)             -                  -          
[35.575s][info][gc,heap     ] GC(38) Reclaimed:         -                  -              2234M (55%)        2281M (56%)            -                  -          
[35.575s][info][gc          ] GC(38) Garbage Collection (System.gc()) 2546M(62%)->298M(7%)
[36.350s][info][gc,start    ] GC(39) Garbage Collection (Allocation Rate)
[36.350s][info][gc,task     ] GC(39) Using 3 workers
[36.350s][info][gc,phases   ] GC(39) Pause Mark Start 0.016ms
[36.479s][info][gc,phases   ] GC(39) Concurrent Mark 129.065ms
[36.480s][info][gc,phases   ] GC(39) Pause Mark End 0.030ms
[36.480s][info][gc,phases   ] GC(39) Concurrent Mark Free 0.001ms
[36.489s][info][gc,phases   ] GC(39) Concurrent Process Non-Strong References 9.272ms
[36.489s][info][gc,phases   ] GC(39) Concurrent Reset Relocation Set 0.003ms
[36.495s][info][gc,phases   ] GC(39) Concurrent Select Relocation Set 5.391ms
[36.495s][info][gc,phases   ] GC(39) Pause Relocate Start 0.009ms
[36.499s][info][gc,phases   ] GC(39) Concurrent Relocate 4.356ms
[36.499s][info][gc,load     ] GC(39) Load: 0.00/0.00/0.00
[36.499s][info][gc,mmu      ] GC(39) MMU: 2ms/96.9%, 5ms/98.7%, 10ms/99.3%, 20ms/99.6%, 50ms/99.8%, 100ms/99.9%
[36.499s][info][gc,marking  ] GC(39) Mark: 2 stripe(s), 3 proactive flush(es), 1 terminate flush(es), 0 completion(s), 0 continuation(s) 
[36.499s][info][gc,marking  ] GC(39) Mark Stack Usage: 32M
[36.499s][info][gc,nmethod  ] GC(39) NMethods: 7529 registered, 270 unregistered
[36.499s][info][gc,metaspace] GC(39) Metaspace: 58M used, 59M committed, 1088M reserved
[36.499s][info][gc,ref      ] GC(39) Soft: 4710 encountered, 0 discovered, 0 enqueued
[36.499s][info][gc,ref      ] GC(39) Weak: 6138 encountered, 3023 discovered, 101 enqueued
[36.499s][info][gc,ref      ] GC(39) Final: 124 encountered, 97 discovered, 0 enqueued
[36.499s][info][gc,ref      ] GC(39) Phantom: 608 encountered, 462 discovered, 0 enqueued
[36.499s][info][gc,reloc    ] GC(39) Small Pages: 1228 / 2456M, Empty: 2182M, Relocated: 1M, In-Place: 0
[36.500s][info][gc,reloc    ] GC(39) Medium Pages: 2 / 64M, Empty: 32M, Relocated: 0M, In-Place: 0
[36.500s][info][gc,reloc    ] GC(39) Large Pages: 5 / 30M, Empty: 18M, Relocated: 0M, In-Place: 0
[36.500s][info][gc,reloc    ] GC(39) Forwarding Usage: 1M
[36.500s][info][gc,heap     ] GC(39) Min Capacity: 8M(0%)
[36.500s][info][gc,heap     ] GC(39) Max Capacity: 4096M(100%)
[36.500s][info][gc,heap     ] GC(39) Soft Max Capacity: 4096M(100%)
[36.500s][info][gc,heap     ] GC(39)                Mark Start          Mark End        Relocate Start      Relocate End           High               Low         
[36.500s][info][gc,heap     ] GC(39)  Capacity:     2578M (63%)        2578M (63%)        2578M (63%)        2578M (63%)        2578M (63%)        2578M (63%)    
[36.500s][info][gc,heap     ] GC(39)      Free:     1546M (38%)        1534M (37%)        3748M (92%)        3820M (93%)        3820M (93%)        1534M (37%)    
[36.500s][info][gc,heap     ] GC(39)      Used:     2550M (62%)        2562M (63%)         348M (8%)          276M (7%)         2562M (63%)         276M (7%)     
[36.500s][info][gc,heap     ] GC(39)      Live:         -               206M (5%)          206M (5%)          206M (5%)             -                  -          
[36.500s][info][gc,heap     ] GC(39) Allocated:         -                12M (0%)           30M (1%)           30M (1%)             -                  -          
[36.500s][info][gc,heap     ] GC(39)   Garbage:         -              2343M (57%)         111M (3%)           39M (1%)             -                  -          
[36.500s][info][gc,heap     ] GC(39) Reclaimed:         -                  -              2232M (54%)        2304M (56%)            -                  -          
[36.500s][info][gc          ] GC(39) Garbage Collection (Allocation Rate) 2550M(62%)->276M(7%)
[36.500s][info][gc,start    ] GC(40) Garbage Collection (System.gc())
[36.500s][info][gc,task     ] GC(40) Using 12 workers
[36.500s][info][gc,phases   ] GC(40) Pause Mark Start 0.010ms
[36.560s][info][gc,phases   ] GC(40) Concurrent Mark 59.819ms
[36.560s][info][gc,phases   ] GC(40) Pause Mark End 0.026ms
[36.560s][info][gc,phases   ] GC(40) Concurrent Mark Free 0.001ms
[36.562s][info][gc,phases   ] GC(40) Concurrent Process Non-Strong References 2.069ms
[36.562s][info][gc,phases   ] GC(40) Concurrent Reset Relocation Set 0.005ms
[36.566s][info][gc,phases   ] GC(40) Concurrent Select Relocation Set 3.333ms
[36.566s][info][gc,phases   ] GC(40) Pause Relocate Start 0.007ms
[36.569s][info][gc,phases   ] GC(40) Concurrent Relocate 2.783ms
[36.569s][info][gc,load     ] GC(40) Load: 0.00/0.00/0.00
[36.569s][info][gc,mmu      ] GC(40) MMU: 2ms/96.9%, 5ms/98.7%, 10ms/99.3%, 20ms/99.6%, 50ms/99.8%, 100ms/99.9%
[36.569s][info][gc,marking  ] GC(40) Mark: 8 stripe(s), 2 proactive flush(es), 1 terminate flush(es), 0 completion(s), 0 continuation(s) 
[36.569s][info][gc,marking  ] GC(40) Mark Stack Usage: 32M
[36.569s][info][gc,nmethod  ] GC(40) NMethods: 7537 registered, 270 unregistered
[36.569s][info][gc,metaspace] GC(40) Metaspace: 58M used, 59M committed, 1088M reserved
[36.569s][info][gc,ref      ] GC(40) Soft: 4710 encountered, 0 discovered, 0 enqueued
[36.569s][info][gc,ref      ] GC(40) Weak: 6047 encountered, 1984 discovered, 115 enqueued
[36.569s][info][gc,ref      ] GC(40) Final: 124 encountered, 1 discovered, 0 enqueued
[36.569s][info][gc,ref      ] GC(40) Phantom: 608 encountered, 575 discovered, 0 enqueued
[36.569s][info][gc,reloc    ] GC(40) Small Pages: 116 / 232M, Empty: 0M, Relocated: 1M, In-Place: 0
[36.569s][info][gc,reloc    ] GC(40) Medium Pages: 1 / 32M, Empty: 0M, Relocated: 0M, In-Place: 0
[36.569s][info][gc,reloc    ] GC(40) Large Pages: 2 / 12M, Empty: 0M, Relocated: 0M, In-Place: 0
[36.569s][info][gc,reloc    ] GC(40) Forwarding Usage: 1M
[36.569s][info][gc,heap     ] GC(40) Min Capacity: 8M(0%)
[36.569s][info][gc,heap     ] GC(40) Max Capacity: 4096M(100%)
[36.569s][info][gc,heap     ] GC(40) Soft Max Capacity: 4096M(100%)
[36.569s][info][gc,heap     ] GC(40)                Mark Start          Mark End        Relocate Start      Relocate End           High               Low         
[36.569s][info][gc,heap     ] GC(40)  Capacity:     2578M (63%)        2578M (63%)        2578M (63%)        2578M (63%)        2578M (63%)        2578M (63%)    
[36.569s][info][gc,heap     ] GC(40)      Free:     3820M (93%)        3820M (93%)        3796M (93%)        3804M (93%)        3820M (93%)        3780M (92%)    
[36.569s][info][gc,heap     ] GC(40)      Used:      276M (7%)          276M (7%)          300M (7%)          292M (7%)          316M (8%)          276M (7%)     
[36.569s][info][gc,heap     ] GC(40)      Live:         -               206M (5%)          206M (5%)          206M (5%)             -                  -          
[36.569s][info][gc,heap     ] GC(40) Allocated:         -                 0M (0%)           24M (1%)           27M (1%)             -                  -          
[36.570s][info][gc,heap     ] GC(40)   Garbage:         -                69M (2%)           69M (2%)           57M (1%)             -                  -          
[36.570s][info][gc,heap     ] GC(40) Reclaimed:         -                  -                 0M (0%)           11M (0%)             -                  -          
[36.570s][info][gc          ] GC(40) Garbage Collection (System.gc()) 276M(7%)->292M(7%)
[37.338s][info][gc,start    ] GC(41) Garbage Collection (System.gc())
[37.338s][info][gc,task     ] GC(41) Using 12 workers
[37.338s][info][gc,phases   ] GC(41) Pause Mark Start 0.016ms
[37.395s][info][gc,phases   ] GC(41) Concurrent Mark 56.509ms
[37.395s][info][gc,phases   ] GC(41) Pause Mark End 0.029ms
[37.395s][info][gc,phases   ] GC(41) Concurrent Mark Free 0.001ms
[37.397s][info][gc,phases   ] GC(41) Concurrent Process Non-Strong References 2.039ms
[37.397s][info][gc,phases   ] GC(41) Concurrent Reset Relocation Set 0.002ms
[37.403s][info][gc,phases   ] GC(41) Concurrent Select Relocation Set 5.501ms
[37.403s][info][gc,phases   ] GC(41) Pause Relocate Start 0.007ms
[37.406s][info][gc,phases   ] GC(41) Concurrent Relocate 3.145ms
[37.406s][info][gc,load     ] GC(41) Load: 0.00/0.00/0.00
[37.406s][info][gc,mmu      ] GC(41) MMU: 2ms/96.9%, 5ms/98.7%, 10ms/99.3%, 20ms/99.6%, 50ms/99.8%, 100ms/99.9%
[37.406s][info][gc,marking  ] GC(41) Mark: 8 stripe(s), 2 proactive flush(es), 1 terminate flush(es), 0 completion(s), 0 continuation(s) 
[37.406s][info][gc,marking  ] GC(41) Mark Stack Usage: 32M
[37.406s][info][gc,nmethod  ] GC(41) NMethods: 7635 registered, 281 unregistered
[37.406s][info][gc,metaspace] GC(41) Metaspace: 58M used, 59M committed, 1088M reserved
[37.406s][info][gc,ref      ] GC(41) Soft: 4710 encountered, 0 discovered, 0 enqueued
[37.406s][info][gc,ref      ] GC(41) Weak: 6126 encountered, 1781 discovered, 197 enqueued
[37.406s][info][gc,ref      ] GC(41) Final: 124 encountered, 34 discovered, 0 enqueued
[37.406s][info][gc,ref      ] GC(41) Phantom: 608 encountered, 542 discovered, 0 enqueued
[37.406s][info][gc,reloc    ] GC(41) Small Pages: 1227 / 2454M, Empty: 2182M, Relocated: 1M, In-Place: 0
[37.406s][info][gc,reloc    ] GC(41) Medium Pages: 2 / 64M, Empty: 32M, Relocated: 0M, In-Place: 0
[37.406s][info][gc,reloc    ] GC(41) Large Pages: 5 / 30M, Empty: 18M, Relocated: 0M, In-Place: 0
[37.406s][info][gc,reloc    ] GC(41) Forwarding Usage: 1M
[37.406s][info][gc,heap     ] GC(41) Min Capacity: 8M(0%)
[37.407s][info][gc,heap     ] GC(41) Max Capacity: 4096M(100%)
[37.407s][info][gc,heap     ] GC(41) Soft Max Capacity: 4096M(100%)
[37.407s][info][gc,heap     ] GC(41)                Mark Start          Mark End        Relocate Start      Relocate End           High               Low         
[37.407s][info][gc,heap     ] GC(41)  Capacity:     2578M (63%)        2578M (63%)        2578M (63%)        2578M (63%)        2578M (63%)        2578M (63%)    
[37.407s][info][gc,heap     ] GC(41)      Free:     1548M (38%)        1548M (38%)        3750M (92%)        3802M (93%)        3802M (93%)        1546M (38%)    
[37.407s][info][gc,heap     ] GC(41)      Used:     2548M (62%)        2548M (62%)         346M (8%)          294M (7%)         2550M (62%)         294M (7%)     
[37.407s][info][gc,heap     ] GC(41)      Live:         -               206M (5%)          206M (5%)          206M (5%)             -                  -          
[37.407s][info][gc,heap     ] GC(41) Allocated:         -                 0M (0%)           30M (1%)           30M (1%)             -                  -          
[37.407s][info][gc,heap     ] GC(41)   Garbage:         -              2341M (57%)         109M (3%)           57M (1%)             -                  -          
[37.407s][info][gc,heap     ] GC(41) Reclaimed:         -                  -              2232M (54%)        2284M (56%)            -                  -          
[37.407s][info][gc          ] GC(41) Garbage Collection (System.gc()) 2548M(62%)->294M(7%)
[38.052s][info][gc,start    ] GC(42) Garbage Collection (Allocation Rate)
[38.052s][info][gc,task     ] GC(42) Using 3 workers
[38.053s][info][gc,phases   ] GC(42) Pause Mark Start 0.018ms
[38.177s][info][gc,phases   ] GC(42) Concurrent Mark 124.528ms
[38.177s][info][gc,phases   ] GC(42) Pause Mark End 0.028ms
[38.178s][info][gc,phases   ] GC(42) Concurrent Mark Free 0.001ms
[38.185s][info][gc,phases   ] GC(42) Concurrent Process Non-Strong References 7.668ms
[38.185s][info][gc,phases   ] GC(42) Concurrent Reset Relocation Set 0.003ms
[38.190s][info][gc,phases   ] GC(42) Concurrent Select Relocation Set 4.392ms
[38.190s][info][gc,phases   ] GC(42) Pause Relocate Start 0.008ms
[38.195s][info][gc,phases   ] GC(42) Concurrent Relocate 4.630ms
[38.195s][info][gc,load     ] GC(42) Load: 0.00/0.00/0.00
[38.195s][info][gc,mmu      ] GC(42) MMU: 2ms/96.9%, 5ms/98.7%, 10ms/99.3%, 20ms/99.6%, 50ms/99.8%, 100ms/99.9%
[38.195s][info][gc,marking  ] GC(42) Mark: 2 stripe(s), 2 proactive flush(es), 1 terminate flush(es), 0 completion(s), 0 continuation(s) 
[38.195s][info][gc,marking  ] GC(42) Mark Stack Usage: 32M
[38.195s][info][gc,nmethod  ] GC(42) NMethods: 7702 registered, 287 unregistered
[38.195s][info][gc,metaspace] GC(42) Metaspace: 58M used, 59M committed, 1088M reserved
[38.195s][info][gc,ref      ] GC(42) Soft: 4712 encountered, 0 discovered, 0 enqueued
[38.195s][info][gc,ref      ] GC(42) Weak: 6082 encountered, 2841 discovered, 68 enqueued
[38.195s][info][gc,ref      ] GC(42) Final: 124 encountered, 86 discovered, 0 enqueued
[38.195s][info][gc,ref      ] GC(42) Phantom: 608 encountered, 472 discovered, 0 enqueued
[38.195s][info][gc,reloc    ] GC(42) Small Pages: 1085 / 2170M, Empty: 1888M, Relocated: 3M, In-Place: 0
[38.195s][info][gc,reloc    ] GC(42) Medium Pages: 2 / 64M, Empty: 32M, Relocated: 0M, In-Place: 0
[38.195s][info][gc,reloc    ] GC(42) Large Pages: 4 / 24M, Empty: 12M, Relocated: 0M, In-Place: 0
[38.195s][info][gc,reloc    ] GC(42) Forwarding Usage: 1M
[38.195s][info][gc,heap     ] GC(42) Min Capacity: 8M(0%)
[38.195s][info][gc,heap     ] GC(42) Max Capacity: 4096M(100%)
[38.195s][info][gc,heap     ] GC(42) Soft Max Capacity: 4096M(100%)
[38.195s][info][gc,heap     ] GC(42)                Mark Start          Mark End        Relocate Start      Relocate End           High               Low         
[38.195s][info][gc,heap     ] GC(42)  Capacity:     2578M (63%)        2578M (63%)        2578M (63%)        2578M (63%)        2578M (63%)        2578M (63%)    
[38.195s][info][gc,heap     ] GC(42)      Free:     1838M (45%)        1530M (37%)        3448M (84%)        3530M (86%)        3530M (86%)        1524M (37%)    
[38.195s][info][gc,heap     ] GC(42)      Used:     2258M (55%)        2566M (63%)         648M (16%)         566M (14%)        2572M (63%)         566M (14%)    
[38.195s][info][gc,heap     ] GC(42)      Live:         -               206M (5%)          206M (5%)          206M (5%)             -                  -          
[38.195s][info][gc,heap     ] GC(42) Allocated:         -               308M (8%)          322M (8%)          322M (8%)             -                  -          
[38.195s][info][gc,heap     ] GC(42)   Garbage:         -              2051M (50%)         119M (3%)           37M (1%)             -                  -          
[38.195s][info][gc,heap     ] GC(42) Reclaimed:         -                  -              1932M (47%)        2014M (49%)            -                  -          
[38.195s][info][gc          ] GC(42) Garbage Collection (Allocation Rate) 2258M(55%)->566M(14%)
[38.195s][info][gc,start    ] GC(43) Garbage Collection (System.gc())
[38.195s][info][gc,task     ] GC(43) Using 12 workers
[38.195s][info][gc,phases   ] GC(43) Pause Mark Start 0.009ms
[38.242s][info][gc,phases   ] GC(43) Concurrent Mark 46.905ms
[38.242s][info][gc,phases   ] GC(43) Pause Mark End 0.022ms
[38.242s][info][gc,phases   ] GC(43) Concurrent Mark Free 0.001ms
[38.244s][info][gc,phases   ] GC(43) Concurrent Process Non-Strong References 1.762ms
[38.244s][info][gc,phases   ] GC(43) Concurrent Reset Relocation Set 0.005ms
[38.248s][info][gc,phases   ] GC(43) Concurrent Select Relocation Set 3.807ms
[38.248s][info][gc,phases   ] GC(43) Pause Relocate Start 0.006ms
[38.249s][info][gc,phases   ] GC(43) Concurrent Relocate 0.646ms
[38.249s][info][gc,load     ] GC(43) Load: 0.00/0.00/0.00
[38.249s][info][gc,mmu      ] GC(43) MMU: 2ms/96.9%, 5ms/98.7%, 10ms/99.3%, 20ms/99.6%, 50ms/99.8%, 100ms/99.9%
[38.249s][info][gc,marking  ] GC(43) Mark: 8 stripe(s), 2 proactive flush(es), 1 terminate flush(es), 0 completion(s), 0 continuation(s) 
[38.249s][info][gc,marking  ] GC(43) Mark Stack Usage: 32M
[38.249s][info][gc,nmethod  ] GC(43) NMethods: 7702 registered, 290 unregistered
[38.249s][info][gc,metaspace] GC(43) Metaspace: 58M used, 59M committed, 1088M reserved
[38.249s][info][gc,ref      ] GC(43) Soft: 4710 encountered, 0 discovered, 0 enqueued
[38.249s][info][gc,ref      ] GC(43) Weak: 6090 encountered, 1913 discovered, 145 enqueued
[38.249s][info][gc,ref      ] GC(43) Final: 124 encountered, 6 discovered, 0 enqueued
[38.249s][info][gc,ref      ] GC(43) Phantom: 608 encountered, 480 discovered, 0 enqueued
[38.249s][info][gc,reloc    ] GC(43) Small Pages: 258 / 516M, Empty: 282M, Relocated: 1M, In-Place: 0
[38.249s][info][gc,reloc    ] GC(43) Medium Pages: 1 / 32M, Empty: 0M, Relocated: 0M, In-Place: 0
[38.249s][info][gc,reloc    ] GC(43) Large Pages: 3 / 18M, Empty: 6M, Relocated: 0M, In-Place: 0
[38.249s][info][gc,reloc    ] GC(43) Forwarding Usage: 0M
[38.249s][info][gc,heap     ] GC(43) Min Capacity: 8M(0%)
[38.249s][info][gc,heap     ] GC(43) Max Capacity: 4096M(100%)
[38.249s][info][gc,heap     ] GC(43) Soft Max Capacity: 4096M(100%)
[38.249s][info][gc,heap     ] GC(43)                Mark Start          Mark End        Relocate Start      Relocate End           High               Low         
[38.250s][info][gc,heap     ] GC(43)  Capacity:     2578M (63%)        2578M (63%)        2578M (63%)        2578M (63%)        2578M (63%)        2578M (63%)    
[38.250s][info][gc,heap     ] GC(43)      Free:     3530M (86%)        3530M (86%)        3786M (92%)        3800M (93%)        3800M (93%)        3528M (86%)    
[38.250s][info][gc,heap     ] GC(43)      Used:      566M (14%)         566M (14%)         310M (8%)          296M (7%)          568M (14%)         296M (7%)     
[38.250s][info][gc,heap     ] GC(43)      Live:         -               206M (5%)          206M (5%)          206M (5%)             -                  -          
[38.250s][info][gc,heap     ] GC(43) Allocated:         -                 0M (0%)           32M (1%)           32M (1%)             -                  -          
[38.250s][info][gc,heap     ] GC(43)   Garbage:         -               359M (9%)           71M (2%)           57M (1%)             -                  -          
[38.250s][info][gc,heap     ] GC(43) Reclaimed:         -                  -               288M (7%)          302M (7%)             -                  -          
[38.250s][info][gc          ] GC(43) Garbage Collection (System.gc()) 566M(14%)->296M(7%)
[38.946s][info][gc,start    ] GC(44) Garbage Collection (Allocation Rate)
[38.947s][info][gc,task     ] GC(44) Using 2 workers
[38.947s][info][gc,phases   ] GC(44) Pause Mark Start 0.016ms
[39.118s][info][gc,phases   ] GC(44) Concurrent Mark 171.393ms
[39.118s][info][gc,phases   ] GC(44) Pause Mark End 0.034ms
[39.119s][info][gc,phases   ] GC(44) Concurrent Mark Free 0.002ms
[39.129s][info][gc,phases   ] GC(44) Concurrent Process Non-Strong References 10.690ms
[39.129s][info][gc,phases   ] GC(44) Concurrent Reset Relocation Set 0.002ms
[39.135s][info][gc,phases   ] GC(44) Concurrent Select Relocation Set 5.174ms
[39.135s][info][gc,phases   ] GC(44) Pause Relocate Start 0.010ms
[39.140s][info][gc,phases   ] GC(44) Concurrent Relocate 5.144ms
[39.140s][info][gc,load     ] GC(44) Load: 0.00/0.00/0.00
[39.140s][info][gc,mmu      ] GC(44) MMU: 2ms/96.9%, 5ms/98.7%, 10ms/99.3%, 20ms/99.6%, 50ms/99.8%, 100ms/99.9%
[39.140s][info][gc,marking  ] GC(44) Mark: 2 stripe(s), 2 proactive flush(es), 1 terminate flush(es), 0 completion(s), 0 continuation(s) 
[39.140s][info][gc,marking  ] GC(44) Mark Stack Usage: 32M
[39.140s][info][gc,nmethod  ] GC(44) NMethods: 7793 registered, 293 unregistered
[39.140s][info][gc,metaspace] GC(44) Metaspace: 59M used, 59M committed, 1088M reserved
[39.140s][info][gc,ref      ] GC(44) Soft: 4712 encountered, 0 discovered, 0 enqueued
[39.140s][info][gc,ref      ] GC(44) Weak: 6076 encountered, 2761 discovered, 63 enqueued
[39.140s][info][gc,ref      ] GC(44) Final: 124 encountered, 2 discovered, 0 enqueued
[39.140s][info][gc,ref      ] GC(44) Phantom: 608 encountered, 591 discovered, 0 enqueued
[39.140s][info][gc,reloc    ] GC(44) Small Pages: 1143 / 2286M, Empty: 2010M, Relocated: 3M, In-Place: 0
[39.140s][info][gc,reloc    ] GC(44) Medium Pages: 2 / 64M, Empty: 32M, Relocated: 0M, In-Place: 0
[39.140s][info][gc,reloc    ] GC(44) Large Pages: 4 / 24M, Empty: 12M, Relocated: 0M, In-Place: 0
[39.140s][info][gc,reloc    ] GC(44) Forwarding Usage: 1M
[39.140s][info][gc,heap     ] GC(44) Min Capacity: 8M(0%)
[39.140s][info][gc,heap     ] GC(44) Max Capacity: 4096M(100%)
[39.140s][info][gc,heap     ] GC(44) Soft Max Capacity: 4096M(100%)
[39.141s][info][gc,heap     ] GC(44)                Mark Start          Mark End        Relocate Start      Relocate End           High               Low         
[39.141s][info][gc,heap     ] GC(44)  Capacity:     2578M (63%)        2578M (63%)        2578M (63%)        2578M (63%)        2578M (63%)        2578M (63%)    
[39.141s][info][gc,heap     ] GC(44)      Free:     1722M (42%)        1524M (37%)        3574M (87%)        3652M (89%)        3652M (89%)        1524M (37%)    
[39.141s][info][gc,heap     ] GC(44)      Used:     2374M (58%)        2572M (63%)         522M (13%)         444M (11%)        2572M (63%)         444M (11%)    
[39.141s][info][gc,heap     ] GC(44)      Live:         -               206M (5%)          206M (5%)          206M (5%)             -                  -          
[39.141s][info][gc,heap     ] GC(44) Allocated:         -               198M (5%)          202M (5%)          202M (5%)             -                  -          
[39.141s][info][gc,heap     ] GC(44)   Garbage:         -              2167M (53%)         113M (3%)           35M (1%)             -                  -          
[39.141s][info][gc,heap     ] GC(44) Reclaimed:         -                  -              2054M (50%)        2132M (52%)            -                  -          
[39.141s][info][gc          ] GC(44) Garbage Collection (Allocation Rate) 2374M(58%)->444M(11%)
[39.141s][info][gc,start    ] GC(45) Garbage Collection (System.gc())
[39.141s][info][gc,task     ] GC(45) Using 12 workers
[39.141s][info][gc,phases   ] GC(45) Pause Mark Start 0.009ms
[39.196s][info][gc,phases   ] GC(45) Concurrent Mark 55.250ms
[39.196s][info][gc,phases   ] GC(45) Pause Mark End 0.020ms
[39.197s][info][gc,phases   ] GC(45) Concurrent Mark Free 0.001ms
[39.198s][info][gc,phases   ] GC(45) Concurrent Process Non-Strong References 1.739ms
[39.198s][info][gc,phases   ] GC(45) Concurrent Reset Relocation Set 0.004ms
[39.202s][info][gc,phases   ] GC(45) Concurrent Select Relocation Set 3.649ms
[39.202s][info][gc,phases   ] GC(45) Pause Relocate Start 0.007ms
[39.205s][info][gc,phases   ] GC(45) Concurrent Relocate 2.718ms
[39.205s][info][gc,load     ] GC(45) Load: 0.00/0.00/0.00
[39.205s][info][gc,mmu      ] GC(45) MMU: 2ms/96.9%, 5ms/98.7%, 10ms/99.3%, 20ms/99.6%, 50ms/99.8%, 100ms/99.9%
[39.205s][info][gc,marking  ] GC(45) Mark: 8 stripe(s), 1 proactive flush(es), 1 terminate flush(es), 0 completion(s), 0 continuation(s) 
[39.205s][info][gc,marking  ] GC(45) Mark Stack Usage: 32M
[39.205s][info][gc,nmethod  ] GC(45) NMethods: 7791 registered, 296 unregistered
[39.205s][info][gc,metaspace] GC(45) Metaspace: 59M used, 59M committed, 1088M reserved
[39.205s][info][gc,ref      ] GC(45) Soft: 4710 encountered, 0 discovered, 0 enqueued
[39.205s][info][gc,ref      ] GC(45) Weak: 6079 encountered, 1403 discovered, 135 enqueued
[39.205s][info][gc,ref      ] GC(45) Final: 124 encountered, 18 discovered, 0 enqueued
[39.205s][info][gc,ref      ] GC(45) Phantom: 608 encountered, 399 discovered, 0 enqueued
[39.205s][info][gc,reloc    ] GC(45) Small Pages: 197 / 394M, Empty: 162M, Relocated: 1M, In-Place: 0
[39.205s][info][gc,reloc    ] GC(45) Medium Pages: 1 / 32M, Empty: 0M, Relocated: 0M, In-Place: 0
[39.205s][info][gc,reloc    ] GC(45) Large Pages: 3 / 18M, Empty: 6M, Relocated: 0M, In-Place: 0
[39.205s][info][gc,reloc    ] GC(45) Forwarding Usage: 1M
[39.205s][info][gc,heap     ] GC(45) Min Capacity: 8M(0%)
[39.205s][info][gc,heap     ] GC(45) Max Capacity: 4096M(100%)
[39.205s][info][gc,heap     ] GC(45) Soft Max Capacity: 4096M(100%)
[39.205s][info][gc,heap     ] GC(45)                Mark Start          Mark End        Relocate Start      Relocate End           High               Low         
[39.206s][info][gc,heap     ] GC(45)  Capacity:     2578M (63%)        2578M (63%)        2578M (63%)        2578M (63%)        2578M (63%)        2578M (63%)    
[39.206s][info][gc,heap     ] GC(45)      Free:     3652M (89%)        3652M (89%)        3792M (93%)        3804M (93%)        3804M (93%)        3650M (89%)    
[39.206s][info][gc,heap     ] GC(45)      Used:      444M (11%)         444M (11%)         304M (7%)          292M (7%)          446M (11%)         292M (7%)     
[39.206s][info][gc,heap     ] GC(45)      Live:         -               206M (5%)          206M (5%)          206M (5%)             -                  -          
[39.206s][info][gc,heap     ] GC(45) Allocated:         -                 0M (0%)           28M (1%)           28M (1%)             -                  -          
[39.206s][info][gc,heap     ] GC(45)   Garbage:         -               237M (6%)           69M (2%)           57M (1%)             -                  -          
[39.206s][info][gc,heap     ] GC(45) Reclaimed:         -                  -               168M (4%)          180M (4%)             -                  -          
[39.206s][info][gc          ] GC(45) Garbage Collection (System.gc()) 444M(11%)->292M(7%)
[39.982s][info][gc,start    ] GC(46) Garbage Collection (System.gc())
[39.982s][info][gc,task     ] GC(46) Using 12 workers
[39.982s][info][gc,phases   ] GC(46) Pause Mark Start 0.016ms
[40.031s][info][gc,phases   ] GC(46) Concurrent Mark 48.622ms
[40.031s][info][gc,phases   ] GC(46) Pause Mark End 0.021ms
[40.031s][info][gc,phases   ] GC(46) Concurrent Mark Free 0.001ms
[40.033s][info][gc,phases   ] GC(46) Concurrent Process Non-Strong References 1.925ms
[40.033s][info][gc,phases   ] GC(46) Concurrent Reset Relocation Set 0.002ms
[40.039s][info][gc,phases   ] GC(46) Concurrent Select Relocation Set 5.366ms
[40.039s][info][gc,phases   ] GC(46) Pause Relocate Start 0.007ms
[40.041s][info][gc,phases   ] GC(46) Concurrent Relocate 2.423ms
[40.041s][info][gc,load     ] GC(46) Load: 0.00/0.00/0.00
[40.041s][info][gc,mmu      ] GC(46) MMU: 2ms/96.9%, 5ms/98.7%, 10ms/99.3%, 20ms/99.6%, 50ms/99.8%, 100ms/99.9%
[40.042s][info][gc,marking  ] GC(46) Mark: 8 stripe(s), 2 proactive flush(es), 1 terminate flush(es), 0 completion(s), 0 continuation(s) 
[40.042s][info][gc,marking  ] GC(46) Mark Stack Usage: 32M
[40.042s][info][gc,nmethod  ] GC(46) NMethods: 7868 registered, 302 unregistered
[40.042s][info][gc,metaspace] GC(46) Metaspace: 59M used, 59M committed, 1088M reserved
[40.042s][info][gc,ref      ] GC(46) Soft: 4710 encountered, 0 discovered, 0 enqueued
[40.042s][info][gc,ref      ] GC(46) Weak: 6173 encountered, 1194 discovered, 208 enqueued
[40.042s][info][gc,ref      ] GC(46) Final: 124 encountered, 3 discovered, 0 enqueued
[40.042s][info][gc,ref      ] GC(46) Phantom: 608 encountered, 528 discovered, 0 enqueued
[40.042s][info][gc,reloc    ] GC(46) Small Pages: 1225 / 2450M, Empty: 2190M, Relocated: 1M, In-Place: 0
[40.042s][info][gc,reloc    ] GC(46) Medium Pages: 2 / 64M, Empty: 32M, Relocated: 0M, In-Place: 0
[40.042s][info][gc,reloc    ] GC(46) Large Pages: 5 / 30M, Empty: 18M, Relocated: 0M, In-Place: 0
[40.042s][info][gc,reloc    ] GC(46) Forwarding Usage: 1M
[40.042s][info][gc,heap     ] GC(46) Min Capacity: 8M(0%)
[40.042s][info][gc,heap     ] GC(46) Max Capacity: 4096M(100%)
[40.042s][info][gc,heap     ] GC(46) Soft Max Capacity: 4096M(100%)
[40.042s][info][gc,heap     ] GC(46)                Mark Start          Mark End        Relocate Start      Relocate End           High               Low         
[40.042s][info][gc,heap     ] GC(46)  Capacity:     2578M (63%)        2578M (63%)        2578M (63%)        2578M (63%)        2578M (63%)        2578M (63%)    
[40.042s][info][gc,heap     ] GC(46)      Free:     1552M (38%)        1552M (38%)        3760M (92%)        3800M (93%)        3800M (93%)        1550M (38%)    
[40.042s][info][gc,heap     ] GC(46)      Used:     2544M (62%)        2544M (62%)         336M (8%)          296M (7%)         2546M (62%)         296M (7%)     
[40.042s][info][gc,heap     ] GC(46)      Live:         -               206M (5%)          206M (5%)          206M (5%)             -                  -          
[40.042s][info][gc,heap     ] GC(46) Allocated:         -                 0M (0%)           32M (1%)           32M (1%)             -                  -          
[40.042s][info][gc,heap     ] GC(46)   Garbage:         -              2337M (57%)          97M (2%)           57M (1%)             -                  -          
[40.042s][info][gc,heap     ] GC(46) Reclaimed:         -                  -              2240M (55%)        2280M (56%)            -                  -          
[40.042s][info][gc          ] GC(46) Garbage Collection (System.gc()) 2544M(62%)->296M(7%)
[40.148s][info][gc,stats    ] === Garbage Collection Statistics =======================================================================================================================
[40.148s][info][gc,stats    ]                                                              Last 10s              Last 10m              Last 10h                Total
[40.148s][info][gc,stats    ]                                                              Avg / Max             Avg / Max             Avg / Max             Avg / Max
[40.148s][info][gc,stats    ]   Collector: Garbage Collection Cycle                     97.961 / 193.615     107.017 / 354.479     107.017 / 354.479     107.017 / 354.479     ms
[40.148s][info][gc,stats    ]  Contention: Mark Segment Reset Contention                     8 / 18                4 / 18                4 / 18                4 / 18          ops/s
[40.148s][info][gc,stats    ]  Contention: Mark SeqNum Reset Contention                      0 / 2                 0 / 3                 0 / 3                 0 / 3           ops/s
[40.148s][info][gc,stats    ]    Critical: Allocation Stall                                  0 / 0                 0 / 0                 0 / 0                 0 / 0           ops/s
[40.148s][info][gc,stats    ]    Critical: Allocation Stall                              0.000 / 0.000         0.000 / 0.000         0.000 / 0.000         0.000 / 0.000       ms
[40.148s][info][gc,stats    ]    Critical: GC Locker Stall                                   0 / 0                 0 / 1                 0 / 1                 0 / 1           ops/s
[40.148s][info][gc,stats    ]    Critical: GC Locker Stall                               0.000 / 0.000         0.001 / 0.001         0.001 / 0.001         0.001 / 0.001       ms
[40.148s][info][gc,stats    ]    Critical: Relocation Stall                                  0 / 0                 0 / 0                 0 / 0                 0 / 0           ops/s
[40.148s][info][gc,stats    ]    Critical: Relocation Stall                              0.000 / 0.000         0.000 / 0.000         0.000 / 0.000         0.000 / 0.000       ms
[40.148s][info][gc,stats    ]      Memory: Allocation Rate                                2558 / 2850           1545 / 2860           1545 / 2860           1545 / 2860        MB/s
[40.148s][info][gc,stats    ]      Memory: Defragment                                        0 / 0                 0 / 0                 0 / 0                 0 / 0           ops/s
[40.148s][info][gc,stats    ]      Memory: Out Of Memory                                     0 / 0                 0 / 0                 0 / 0                 0 / 0           ops/s
[40.148s][info][gc,stats    ]      Memory: Page Cache Flush                                  0 / 0                 0 / 0                 0 / 0                 0 / 0           MB/s
[40.148s][info][gc,stats    ]      Memory: Page Cache Hit L1                              1270 / 1416            740 / 1421            740 / 1421            740 / 1421        ops/s
[40.148s][info][gc,stats    ]      Memory: Page Cache Hit L2                                 0 / 0                 0 / 0                 0 / 0                 0 / 0           ops/s
[40.148s][info][gc,stats    ]      Memory: Page Cache Hit L3                                 0 / 0                24 / 387              24 / 387              24 / 387         ops/s
[40.148s][info][gc,stats    ]      Memory: Page Cache Miss                                   0 / 0                 6 / 124               6 / 124               6 / 124         ops/s
[40.148s][info][gc,stats    ]      Memory: Uncommit                                          0 / 0                 0 / 0                 0 / 0                 0 / 0           MB/s
[40.148s][info][gc,stats    ]      Memory: Undo Object Allocation Failed                     0 / 0                 0 / 0                 0 / 0                 0 / 0           ops/s
[40.148s][info][gc,stats    ]      Memory: Undo Object Allocation Succeeded                  0 / 1                 3 / 128               3 / 128               3 / 128         ops/s
[40.148s][info][gc,stats    ]      Memory: Undo Page Allocation                              0 / 0                 0 / 0                 0 / 0                 0 / 0           ops/s
[40.148s][info][gc,stats    ]       Phase: Concurrent Mark                              84.921 / 171.393      89.261 / 265.094      89.261 / 265.094      89.261 / 265.094     ms
[40.148s][info][gc,stats    ]       Phase: Concurrent Mark Continue                      0.000 / 0.000         0.000 / 0.000         0.000 / 0.000         0.000 / 0.000       ms
[40.149s][info][gc,stats    ]       Phase: Concurrent Mark Free                          0.001 / 0.002         0.001 / 0.002         0.001 / 0.002         0.001 / 0.002       ms
[40.149s][info][gc,stats    ]       Phase: Concurrent Process Non-Strong References      4.636 / 10.690        3.956 / 11.008        3.956 / 11.008        3.956 / 11.008      ms
[40.149s][info][gc,stats    ]       Phase: Concurrent Relocate                           3.266 / 5.144         5.721 / 42.999        5.721 / 42.999        5.721 / 42.999      ms
[40.149s][info][gc,stats    ]       Phase: Concurrent Reset Relocation Set               0.003 / 0.005         0.010 / 0.107         0.010 / 0.107         0.010 / 0.107       ms
[40.149s][info][gc,stats    ]       Phase: Concurrent Select Relocation Set              4.192 / 5.703         7.077 / 51.919        7.077 / 51.919        7.077 / 51.919      ms
[40.149s][info][gc,stats    ]       Phase: Pause Mark End                                0.026 / 0.034         0.026 / 0.063         0.026 / 0.063         0.026 / 0.063       ms
[40.149s][info][gc,stats    ]       Phase: Pause Mark Start                              0.014 / 0.018         0.015 / 0.040         0.015 / 0.040         0.015 / 0.040       ms
[40.149s][info][gc,stats    ]       Phase: Pause Relocate Start                          0.008 / 0.011         0.008 / 0.011         0.008 / 0.011         0.008 / 0.011       ms
[40.149s][info][gc,stats    ]    Subphase: Concurrent Classes Purge                      0.040 / 0.067         0.124 / 1.010         0.124 / 1.010         0.124 / 1.010       ms
[40.149s][info][gc,stats    ]    Subphase: Concurrent Classes Unlink                     3.616 / 8.353         2.997 / 9.378         2.997 / 9.378         2.997 / 9.378       ms
[40.149s][info][gc,stats    ]    Subphase: Concurrent Mark                              55.215 / 160.425      67.758 / 262.214      67.758 / 262.214      67.758 / 262.214     ms
[40.149s][info][gc,stats    ]    Subphase: Concurrent Mark Try Flush                     0.174 / 0.429         0.143 / 0.429         0.143 / 0.429         0.143 / 0.429       ms
[40.149s][info][gc,stats    ]    Subphase: Concurrent Mark Try Terminate                 6.707 / 16.402        8.387 / 16.453        8.387 / 16.453        8.387 / 16.453      ms
[40.149s][info][gc,stats    ]    Subphase: Concurrent References Enqueue                 0.003 / 0.004         0.003 / 0.004         0.003 / 0.004         0.003 / 0.004       ms
[40.149s][info][gc,stats    ]    Subphase: Concurrent References Process                 0.197 / 0.472         0.174 / 0.472         0.174 / 0.472         0.174 / 0.472       ms
[40.149s][info][gc,stats    ]    Subphase: Concurrent Roots ClassLoaderDataGraph         0.106 / 0.701         0.096 / 0.890         0.096 / 0.890         0.096 / 0.890       ms
[40.149s][info][gc,stats    ]    Subphase: Concurrent Roots CodeCache                    0.000 / 0.000         0.000 / 0.000         0.000 / 0.000         0.000 / 0.000       ms
[40.149s][info][gc,stats    ]    Subphase: Concurrent Roots JavaThreads                  8.392 / 16.502        7.103 / 17.527        7.103 / 17.527        7.103 / 17.527      ms
[40.149s][info][gc,stats    ]    Subphase: Concurrent Roots OopStorageSet                0.032 / 0.103         0.031 / 0.302         0.031 / 0.302         0.031 / 0.302       ms
[40.149s][info][gc,stats    ]    Subphase: Concurrent Weak Roots OopStorageSet           0.264 / 1.589         0.249 / 1.589         0.249 / 1.589         0.249 / 1.589       ms
[40.149s][info][gc,stats    ]    Subphase: Pause Mark Try Complete                       0.000 / 0.000         0.002 / 0.008         0.002 / 0.008         0.002 / 0.008       ms
[40.149s][info][gc,stats    ]      System: Java Threads                                    265 / 267             195 / 267             195 / 267             195 / 267         threads
[40.149s][info][gc,stats    ] =========================================================================================================================================================
[40.647s][info][gc,start    ] GC(47) Garbage Collection (Allocation Rate)
[40.648s][info][gc,task     ] GC(47) Using 2 workers
[40.648s][info][gc,phases   ] GC(47) Pause Mark Start 0.016ms
[40.822s][info][gc,phases   ] GC(47) Concurrent Mark 173.725ms
[40.822s][info][gc,phases   ] GC(47) Pause Mark End 0.065ms
[40.822s][info][gc,phases   ] GC(47) Concurrent Mark Free 0.001ms
[40.834s][info][gc,phases   ] GC(47) Concurrent Process Non-Strong References 11.814ms
[40.834s][info][gc,phases   ] GC(47) Concurrent Reset Relocation Set 0.005ms
[40.837s][info][gc,phases   ] GC(47) Concurrent Select Relocation Set 3.598ms
[40.838s][info][gc,phases   ] GC(47) Pause Relocate Start 0.011ms
[40.841s][info][gc,phases   ] GC(47) Concurrent Relocate 3.387ms
[40.841s][info][gc,load     ] GC(47) Load: 0.00/0.00/0.00
[40.841s][info][gc,mmu      ] GC(47) MMU: 2ms/96.8%, 5ms/98.7%, 10ms/99.3%, 20ms/99.6%, 50ms/99.8%, 100ms/99.9%
[40.841s][info][gc,marking  ] GC(47) Mark: 2 stripe(s), 2 proactive flush(es), 1 terminate flush(es), 1 completion(s), 0 continuation(s) 
[40.841s][info][gc,marking  ] GC(47) Mark Stack Usage: 32M
[40.841s][info][gc,nmethod  ] GC(47) NMethods: 8145 registered, 307 unregistered
[40.841s][info][gc,metaspace] GC(47) Metaspace: 59M used, 60M committed, 1088M reserved
[40.841s][info][gc,ref      ] GC(47) Soft: 4712 encountered, 0 discovered, 0 enqueued
[40.841s][info][gc,ref      ] GC(47) Weak: 6095 encountered, 2937 discovered, 67 enqueued
[40.841s][info][gc,ref      ] GC(47) Final: 124 encountered, 86 discovered, 0 enqueued
[40.841s][info][gc,ref      ] GC(47) Phantom: 608 encountered, 486 discovered, 0 enqueued
[40.841s][info][gc,reloc    ] GC(47) Small Pages: 1025 / 2050M, Empty: 1770M, Relocated: 3M, In-Place: 0
[40.841s][info][gc,reloc    ] GC(47) Medium Pages: 2 / 64M, Empty: 32M, Relocated: 0M, In-Place: 0
[40.841s][info][gc,reloc    ] GC(47) Large Pages: 4 / 24M, Empty: 12M, Relocated: 0M, In-Place: 0
[40.841s][info][gc,reloc    ] GC(47) Forwarding Usage: 1M
[40.841s][info][gc,heap     ] GC(47) Min Capacity: 8M(0%)
[40.841s][info][gc,heap     ] GC(47) Max Capacity: 4096M(100%)
[40.841s][info][gc,heap     ] GC(47) Soft Max Capacity: 4096M(100%)
[40.841s][info][gc,heap     ] GC(47)                Mark Start          Mark End        Relocate Start      Relocate End           High               Low         
[40.841s][info][gc,heap     ] GC(47)  Capacity:     2578M (63%)        2578M (63%)        2578M (63%)        2578M (63%)        2578M (63%)        2578M (63%)    
[40.841s][info][gc,heap     ] GC(47)      Free:     1958M (48%)        1524M (37%)        3332M (81%)        3414M (83%)        3414M (83%)        1524M (37%)    
[40.841s][info][gc,heap     ] GC(47)      Used:     2138M (52%)        2572M (63%)         764M (19%)         682M (17%)        2572M (63%)         682M (17%)    
[40.841s][info][gc,heap     ] GC(47)      Live:         -               206M (5%)          206M (5%)          206M (5%)             -                  -          
[40.842s][info][gc,heap     ] GC(47) Allocated:         -               434M (11%)         440M (11%)         439M (11%)            -                  -          
[40.842s][info][gc,heap     ] GC(47)   Garbage:         -              1931M (47%)         117M (3%)           35M (1%)             -                  -          
[40.842s][info][gc,heap     ] GC(47) Reclaimed:         -                  -              1814M (44%)        1895M (46%)            -                  -          
[40.842s][info][gc          ] GC(47) Garbage Collection (Allocation Rate) 2138M(52%)->682M(17%)
[40.846s][info][gc,start    ] GC(48) Garbage Collection (System.gc())
[40.846s][info][gc,task     ] GC(48) Using 12 workers
[40.846s][info][gc,phases   ] GC(48) Pause Mark Start 0.013ms
[40.900s][info][gc,phases   ] GC(48) Concurrent Mark 53.925ms
[40.901s][info][gc,phases   ] GC(48) Pause Mark End 0.026ms
[40.901s][info][gc,phases   ] GC(48) Concurrent Mark Free 0.001ms
[40.903s][info][gc,phases   ] GC(48) Concurrent Process Non-Strong References 2.056ms
[40.903s][info][gc,phases   ] GC(48) Concurrent Reset Relocation Set 0.003ms
[40.906s][info][gc,phases   ] GC(48) Concurrent Select Relocation Set 2.962ms
[40.906s][info][gc,phases   ] GC(48) Pause Relocate Start 0.006ms
[40.906s][info][gc,phases   ] GC(48) Concurrent Relocate 0.063ms
[40.906s][info][gc,load     ] GC(48) Load: 0.00/0.00/0.00
[40.906s][info][gc,mmu      ] GC(48) MMU: 2ms/96.8%, 5ms/98.7%, 10ms/99.3%, 20ms/99.6%, 50ms/99.8%, 100ms/99.9%
[40.906s][info][gc,marking  ] GC(48) Mark: 8 stripe(s), 2 proactive flush(es), 1 terminate flush(es), 0 completion(s), 0 continuation(s) 
[40.906s][info][gc,marking  ] GC(48) Mark Stack Usage: 32M
[40.906s][info][gc,nmethod  ] GC(48) NMethods: 8148 registered, 316 unregistered
[40.906s][info][gc,metaspace] GC(48) Metaspace: 59M used, 60M committed, 1088M reserved
[40.906s][info][gc,ref      ] GC(48) Soft: 4710 encountered, 0 discovered, 0 enqueued
[40.906s][info][gc,ref      ] GC(48) Weak: 6097 encountered, 1323 discovered, 139 enqueued
[40.906s][info][gc,ref      ] GC(48) Final: 124 encountered, 19 discovered, 0 enqueued
[40.906s][info][gc,ref      ] GC(48) Phantom: 608 encountered, 441 discovered, 0 enqueued
[40.906s][info][gc,reloc    ] GC(48) Small Pages: 318 / 636M, Empty: 400M, Relocated: 0M, In-Place: 0
[40.906s][info][gc,reloc    ] GC(48) Medium Pages: 1 / 32M, Empty: 0M, Relocated: 0M, In-Place: 0
[40.906s][info][gc,reloc    ] GC(48) Large Pages: 3 / 18M, Empty: 6M, Relocated: 0M, In-Place: 0
[40.906s][info][gc,reloc    ] GC(48) Forwarding Usage: 0M
[40.906s][info][gc,heap     ] GC(48) Min Capacity: 8M(0%)
[40.906s][info][gc,heap     ] GC(48) Max Capacity: 4096M(100%)
[40.906s][info][gc,heap     ] GC(48) Soft Max Capacity: 4096M(100%)
[40.906s][info][gc,heap     ] GC(48)                Mark Start          Mark End        Relocate Start      Relocate End           High               Low         
[40.906s][info][gc,heap     ] GC(48)  Capacity:     2578M (63%)        2578M (63%)        2578M (63%)        2578M (63%)        2578M (63%)        2578M (63%)    
[40.906s][info][gc,heap     ] GC(48)      Free:     3410M (83%)        3410M (83%)        3784M (92%)        3798M (93%)        3798M (93%)        3408M (83%)    
[40.906s][info][gc,heap     ] GC(48)      Used:      686M (17%)         686M (17%)         312M (8%)          298M (7%)          688M (17%)         298M (7%)     
[40.906s][info][gc,heap     ] GC(48)      Live:         -               206M (5%)          206M (5%)          206M (5%)             -                  -          
[40.906s][info][gc,heap     ] GC(48) Allocated:         -                 0M (0%)           32M (1%)           32M (1%)             -                  -          
[40.906s][info][gc,heap     ] GC(48)   Garbage:         -               479M (12%)          73M (2%)           59M (1%)             -                  -          
[40.906s][info][gc,heap     ] GC(48) Reclaimed:         -                  -               406M (10%)         420M (10%)            -                  -          
[40.907s][info][gc          ] GC(48) Garbage Collection (System.gc()) 686M(17%)->298M(7%)
[41.654s][info][gc,start    ] GC(49) Garbage Collection (System.gc())
[41.654s][info][gc,task     ] GC(49) Using 12 workers
[41.655s][info][gc,phases   ] GC(49) Pause Mark Start 0.015ms
[41.715s][info][gc,phases   ] GC(49) Concurrent Mark 59.813ms
[41.715s][info][gc,phases   ] GC(49) Pause Mark End 0.030ms
[41.715s][info][gc,phases   ] GC(49) Concurrent Mark Free 0.001ms
[41.717s][info][gc,phases   ] GC(49) Concurrent Process Non-Strong References 2.152ms
[41.717s][info][gc,phases   ] GC(49) Concurrent Reset Relocation Set 0.001ms
[41.720s][info][gc,phases   ] GC(49) Concurrent Select Relocation Set 2.544ms
[41.720s][info][gc,phases   ] GC(49) Pause Relocate Start 0.008ms
[41.720s][info][gc,phases   ] GC(49) Concurrent Relocate 0.106ms
[41.720s][info][gc,load     ] GC(49) Load: 0.00/0.00/0.00
[41.720s][info][gc,mmu      ] GC(49) MMU: 2ms/96.8%, 5ms/98.7%, 10ms/99.3%, 20ms/99.6%, 50ms/99.8%, 100ms/99.9%
[41.720s][info][gc,marking  ] GC(49) Mark: 8 stripe(s), 2 proactive flush(es), 1 terminate flush(es), 0 completion(s), 0 continuation(s) 
[41.720s][info][gc,marking  ] GC(49) Mark Stack Usage: 32M
[41.720s][info][gc,nmethod  ] GC(49) NMethods: 8154 registered, 330 unregistered
[41.720s][info][gc,metaspace] GC(49) Metaspace: 59M used, 60M committed, 1088M reserved
[41.720s][info][gc,ref      ] GC(49) Soft: 4710 encountered, 0 discovered, 0 enqueued
[41.720s][info][gc,ref      ] GC(49) Weak: 6187 encountered, 1930 discovered, 210 enqueued
[41.720s][info][gc,ref      ] GC(49) Final: 124 encountered, 18 discovered, 0 enqueued
[41.720s][info][gc,ref      ] GC(49) Phantom: 608 encountered, 601 discovered, 0 enqueued
[41.720s][info][gc,reloc    ] GC(49) Small Pages: 1229 / 2458M, Empty: 2190M, Relocated: 0M, In-Place: 0
[41.720s][info][gc,reloc    ] GC(49) Medium Pages: 2 / 64M, Empty: 32M, Relocated: 0M, In-Place: 0
[41.720s][info][gc,reloc    ] GC(49) Large Pages: 5 / 30M, Empty: 18M, Relocated: 0M, In-Place: 0
[41.720s][info][gc,reloc    ] GC(49) Forwarding Usage: 0M
[41.720s][info][gc,heap     ] GC(49) Min Capacity: 8M(0%)
[41.720s][info][gc,heap     ] GC(49) Max Capacity: 4096M(100%)
[41.720s][info][gc,heap     ] GC(49) Soft Max Capacity: 4096M(100%)
[41.720s][info][gc,heap     ] GC(49)                Mark Start          Mark End        Relocate Start      Relocate End           High               Low         
[41.720s][info][gc,heap     ] GC(49)  Capacity:     2578M (63%)        2578M (63%)        2578M (63%)        2578M (63%)        2578M (63%)        2578M (63%)    
[41.720s][info][gc,heap     ] GC(49)      Free:     1544M (38%)        1544M (38%)        3754M (92%)        3800M (93%)        3800M (93%)        1542M (38%)    
[41.720s][info][gc,heap     ] GC(49)      Used:     2552M (62%)        2552M (62%)         342M (8%)          296M (7%)         2554M (62%)         296M (7%)     
[41.720s][info][gc,heap     ] GC(49)      Live:         -               206M (5%)          206M (5%)          206M (5%)             -                  -          
[41.720s][info][gc,heap     ] GC(49) Allocated:         -                 0M (0%)           30M (1%)           29M (1%)             -                  -          
[41.720s][info][gc,heap     ] GC(49)   Garbage:         -              2345M (57%)         105M (3%)           59M (1%)             -                  -          
[41.720s][info][gc,heap     ] GC(49) Reclaimed:         -                  -              2240M (55%)        2285M (56%)            -                  -          
[41.720s][info][gc          ] GC(49) Garbage Collection (System.gc()) 2552M(62%)->296M(7%)
[42.484s][info][gc,start    ] GC(50) Garbage Collection (System.gc())
[42.484s][info][gc,task     ] GC(50) Using 12 workers
[42.484s][info][gc,phases   ] GC(50) Pause Mark Start 0.016ms
[42.535s][info][gc,phases   ] GC(50) Concurrent Mark 50.594ms
[42.535s][info][gc,phases   ] GC(50) Pause Mark End 0.020ms
[42.535s][info][gc,phases   ] GC(50) Concurrent Mark Free 0.000ms
[42.537s][info][gc,phases   ] GC(50) Concurrent Process Non-Strong References 1.750ms
[42.537s][info][gc,phases   ] GC(50) Concurrent Reset Relocation Set 0.004ms
[42.539s][info][gc,phases   ] GC(50) Concurrent Select Relocation Set 2.380ms
[42.539s][info][gc,phases   ] GC(50) Pause Relocate Start 0.006ms
[42.539s][info][gc,phases   ] GC(50) Concurrent Relocate 0.128ms
[42.539s][info][gc,load     ] GC(50) Load: 0.00/0.00/0.00
[42.539s][info][gc,mmu      ] GC(50) MMU: 2ms/96.8%, 5ms/98.7%, 10ms/99.3%, 20ms/99.6%, 50ms/99.8%, 100ms/99.9%
[42.539s][info][gc,marking  ] GC(50) Mark: 8 stripe(s), 1 proactive flush(es), 1 terminate flush(es), 0 completion(s), 0 continuation(s) 
[42.539s][info][gc,marking  ] GC(50) Mark Stack Usage: 32M
[42.539s][info][gc,nmethod  ] GC(50) NMethods: 8194 registered, 340 unregistered
[42.539s][info][gc,metaspace] GC(50) Metaspace: 59M used, 60M committed, 1088M reserved
[42.539s][info][gc,ref      ] GC(50) Soft: 4710 encountered, 0 discovered, 0 enqueued
[42.539s][info][gc,ref      ] GC(50) Weak: 6161 encountered, 1073 discovered, 199 enqueued
[42.539s][info][gc,ref      ] GC(50) Final: 124 encountered, 9 discovered, 0 enqueued
[42.539s][info][gc,ref      ] GC(50) Phantom: 608 encountered, 380 discovered, 0 enqueued
[42.539s][info][gc,reloc    ] GC(50) Small Pages: 1230 / 2460M, Empty: 2182M, Relocated: 0M, In-Place: 0
[42.539s][info][gc,reloc    ] GC(50) Medium Pages: 2 / 64M, Empty: 32M, Relocated: 0M, In-Place: 0
[42.539s][info][gc,reloc    ] GC(50) Large Pages: 5 / 30M, Empty: 18M, Relocated: 0M, In-Place: 0
[42.539s][info][gc,reloc    ] GC(50) Forwarding Usage: 0M
[42.539s][info][gc,heap     ] GC(50) Min Capacity: 8M(0%)
[42.539s][info][gc,heap     ] GC(50) Max Capacity: 4096M(100%)
[42.539s][info][gc,heap     ] GC(50) Soft Max Capacity: 4096M(100%)
[42.540s][info][gc,heap     ] GC(50)                Mark Start          Mark End        Relocate Start      Relocate End           High               Low         
[42.540s][info][gc,heap     ] GC(50)  Capacity:     2578M (63%)        2578M (63%)        2578M (63%)        2578M (63%)        2578M (63%)        2578M (63%)    
[42.540s][info][gc,heap     ] GC(50)      Free:     1542M (38%)        1542M (38%)        3744M (91%)        3800M (93%)        3800M (93%)        1542M (38%)    
[42.540s][info][gc,heap     ] GC(50)      Used:     2554M (62%)        2554M (62%)         352M (9%)          296M (7%)         2554M (62%)         296M (7%)     
[42.540s][info][gc,heap     ] GC(50)      Live:         -               206M (5%)          206M (5%)          206M (5%)             -                  -          
[42.540s][info][gc,heap     ] GC(50) Allocated:         -                 0M (0%)           30M (1%)           29M (1%)             -                  -          
[42.540s][info][gc,heap     ] GC(50)   Garbage:         -              2347M (57%)         115M (3%)           59M (1%)             -                  -          
[42.540s][info][gc,heap     ] GC(50) Reclaimed:         -                  -              2232M (54%)        2287M (56%)            -                  -          
[42.540s][info][gc          ] GC(50) Garbage Collection (System.gc()) 2554M(62%)->296M(7%)
[43.151s][info][gc,start    ] GC(51) Garbage Collection (Allocation Rate)
[43.151s][info][gc,task     ] GC(51) Using 2 workers
[43.151s][info][gc,phases   ] GC(51) Pause Mark Start 0.016ms
[43.338s][info][gc,phases   ] GC(51) Concurrent Mark 186.986ms
[43.338s][info][gc,phases   ] GC(51) Pause Mark End 0.027ms
[43.338s][info][gc,phases   ] GC(51) Concurrent Mark Free 0.001ms
[43.352s][info][gc,phases   ] GC(51) Concurrent Process Non-Strong References 13.429ms
[43.352s][info][gc,phases   ] GC(51) Concurrent Reset Relocation Set 0.006ms
[43.356s][info][gc,phases   ] GC(51) Concurrent Select Relocation Set 3.776ms
[43.356s][info][gc,phases   ] GC(51) Pause Relocate Start 0.008ms
[43.357s][info][gc,phases   ] GC(51) Concurrent Relocate 0.513ms
[43.357s][info][gc,load     ] GC(51) Load: 0.00/0.00/0.00
[43.357s][info][gc,mmu      ] GC(51) MMU: 2ms/96.8%, 5ms/98.7%, 10ms/99.3%, 20ms/99.6%, 50ms/99.8%, 100ms/99.9%
[43.357s][info][gc,marking  ] GC(51) Mark: 2 stripe(s), 2 proactive flush(es), 1 terminate flush(es), 0 completion(s), 0 continuation(s) 
[43.357s][info][gc,marking  ] GC(51) Mark Stack Usage: 32M
[43.357s][info][gc,nmethod  ] GC(51) NMethods: 8261 registered, 346 unregistered
[43.357s][info][gc,metaspace] GC(51) Metaspace: 59M used, 60M committed, 1088M reserved
[43.357s][info][gc,ref      ] GC(51) Soft: 4712 encountered, 0 discovered, 0 enqueued
[43.357s][info][gc,ref      ] GC(51) Weak: 6114 encountered, 2951 discovered, 68 enqueued
[43.357s][info][gc,ref      ] GC(51) Final: 124 encountered, 85 discovered, 0 enqueued
[43.357s][info][gc,ref      ] GC(51) Phantom: 608 encountered, 593 discovered, 0 enqueued
[43.357s][info][gc,reloc    ] GC(51) Small Pages: 1053 / 2106M, Empty: 1824M, Relocated: 0M, In-Place: 0
[43.357s][info][gc,reloc    ] GC(51) Medium Pages: 2 / 64M, Empty: 32M, Relocated: 0M, In-Place: 0
[43.357s][info][gc,reloc    ] GC(51) Large Pages: 4 / 24M, Empty: 12M, Relocated: 0M, In-Place: 0
[43.357s][info][gc,reloc    ] GC(51) Forwarding Usage: 0M
[43.357s][info][gc,heap     ] GC(51) Min Capacity: 8M(0%)
[43.357s][info][gc,heap     ] GC(51) Max Capacity: 4096M(100%)
[43.357s][info][gc,heap     ] GC(51) Soft Max Capacity: 4096M(100%)
[43.357s][info][gc,heap     ] GC(51)                Mark Start          Mark End        Relocate Start      Relocate End           High               Low         
[43.357s][info][gc,heap     ] GC(51)  Capacity:     2578M (63%)        2578M (63%)        2578M (63%)        2578M (63%)        2578M (63%)        2578M (63%)    
[43.357s][info][gc,heap     ] GC(51)      Free:     1902M (46%)        1522M (37%)        3384M (83%)        3464M (85%)        3464M (85%)        1522M (37%)    
[43.357s][info][gc,heap     ] GC(51)      Used:     2194M (54%)        2574M (63%)         712M (17%)         632M (15%)        2574M (63%)         632M (15%)    
[43.357s][info][gc,heap     ] GC(51)      Live:         -               206M (5%)          206M (5%)          206M (5%)             -                  -          
[43.357s][info][gc,heap     ] GC(51) Allocated:         -               380M (9%)          386M (9%)          386M (9%)             -                  -          
[43.357s][info][gc,heap     ] GC(51)   Garbage:         -              1987M (49%)         119M (3%)           39M (1%)             -                  -          
[43.357s][info][gc,heap     ] GC(51) Reclaimed:         -                  -              1868M (46%)        1948M (48%)            -                  -          
[43.357s][info][gc          ] GC(51) Garbage Collection (Allocation Rate) 2194M(54%)->632M(15%)
[43.357s][info][gc,start    ] GC(52) Garbage Collection (System.gc())
[43.357s][info][gc,task     ] GC(52) Using 12 workers
[43.358s][info][gc,phases   ] GC(52) Pause Mark Start 0.009ms
[43.416s][info][gc,phases   ] GC(52) Concurrent Mark 58.601ms
[43.416s][info][gc,phases   ] GC(52) Pause Mark End 0.028ms
[43.416s][info][gc,phases   ] GC(52) Concurrent Mark Free 0.001ms
[43.418s][info][gc,phases   ] GC(52) Concurrent Process Non-Strong References 2.000ms
[43.418s][info][gc,phases   ] GC(52) Concurrent Reset Relocation Set 0.003ms
[43.421s][info][gc,phases   ] GC(52) Concurrent Select Relocation Set 2.544ms
[43.421s][info][gc,phases   ] GC(52) Pause Relocate Start 0.008ms
[43.421s][info][gc,phases   ] GC(52) Concurrent Relocate 0.224ms
[43.422s][info][gc,load     ] GC(52) Load: 0.00/0.00/0.00
[43.422s][info][gc,mmu      ] GC(52) MMU: 2ms/96.8%, 5ms/98.7%, 10ms/99.3%, 20ms/99.6%, 50ms/99.8%, 100ms/99.9%
[43.422s][info][gc,marking  ] GC(52) Mark: 8 stripe(s), 2 proactive flush(es), 1 terminate flush(es), 0 completion(s), 0 continuation(s) 
[43.422s][info][gc,marking  ] GC(52) Mark Stack Usage: 32M
[43.422s][info][gc,nmethod  ] GC(52) NMethods: 8260 registered, 348 unregistered
[43.422s][info][gc,metaspace] GC(52) Metaspace: 59M used, 60M committed, 1088M reserved
[43.422s][info][gc,ref      ] GC(52) Soft: 4710 encountered, 0 discovered, 0 enqueued
[43.422s][info][gc,ref      ] GC(52) Weak: 6117 encountered, 1343 discovered, 147 enqueued
[43.422s][info][gc,ref      ] GC(52) Final: 124 encountered, 1 discovered, 0 enqueued
[43.422s][info][gc,ref      ] GC(52) Phantom: 608 encountered, 369 discovered, 0 enqueued
[43.422s][info][gc,reloc    ] GC(52) Small Pages: 291 / 582M, Empty: 348M, Relocated: 0M, In-Place: 0
[43.422s][info][gc,reloc    ] GC(52) Medium Pages: 1 / 32M, Empty: 0M, Relocated: 0M, In-Place: 0
[43.422s][info][gc,reloc    ] GC(52) Large Pages: 3 / 18M, Empty: 6M, Relocated: 0M, In-Place: 0
[43.422s][info][gc,reloc    ] GC(52) Forwarding Usage: 0M
[43.422s][info][gc,heap     ] GC(52) Min Capacity: 8M(0%)
[43.422s][info][gc,heap     ] GC(52) Max Capacity: 4096M(100%)
[43.422s][info][gc,heap     ] GC(52) Soft Max Capacity: 4096M(100%)
[43.422s][info][gc,heap     ] GC(52)                Mark Start          Mark End        Relocate Start      Relocate End           High               Low         
[43.422s][info][gc,heap     ] GC(52)  Capacity:     2578M (63%)        2578M (63%)        2578M (63%)        2578M (63%)        2578M (63%)        2578M (63%)    
[43.422s][info][gc,heap     ] GC(52)      Free:     3464M (85%)        3464M (85%)        3788M (92%)        3800M (93%)        3800M (93%)        3462M (85%)    
[43.422s][info][gc,heap     ] GC(52)      Used:      632M (15%)         632M (15%)         308M (8%)          296M (7%)          634M (15%)         296M (7%)     
[43.422s][info][gc,heap     ] GC(52)      Live:         -               206M (5%)          206M (5%)          206M (5%)             -                  -          
[43.422s][info][gc,heap     ] GC(52) Allocated:         -                 0M (0%)           30M (1%)           30M (1%)             -                  -          
[43.422s][info][gc,heap     ] GC(52)   Garbage:         -               425M (10%)          71M (2%)           59M (1%)             -                  -          
[43.422s][info][gc,heap     ] GC(52) Reclaimed:         -                  -               354M (9%)          366M (9%)             -                  -          
[43.422s][info][gc          ] GC(52) Garbage Collection (System.gc()) 632M(15%)->296M(7%)
[44.178s][info][gc,start    ] GC(53) Garbage Collection (System.gc())
[44.179s][info][gc,task     ] GC(53) Using 12 workers
[44.179s][info][gc,phases   ] GC(53) Pause Mark Start 0.015ms
[44.235s][info][gc,phases   ] GC(53) Concurrent Mark 56.523ms
[44.236s][info][gc,phases   ] GC(53) Pause Mark End 0.040ms
[44.236s][info][gc,phases   ] GC(53) Concurrent Mark Free 0.001ms
[44.238s][info][gc,phases   ] GC(53) Concurrent Process Non-Strong References 2.277ms
[44.238s][info][gc,phases   ] GC(53) Concurrent Reset Relocation Set 0.003ms
[44.242s][info][gc,phases   ] GC(53) Concurrent Select Relocation Set 3.744ms
[44.242s][info][gc,phases   ] GC(53) Pause Relocate Start 0.010ms
[44.242s][info][gc,phases   ] GC(53) Concurrent Relocate 0.161ms
[44.242s][info][gc,load     ] GC(53) Load: 0.00/0.00/0.00
[44.242s][info][gc,mmu      ] GC(53) MMU: 2ms/96.8%, 5ms/98.7%, 10ms/99.3%, 20ms/99.6%, 50ms/99.8%, 100ms/99.9%
[44.242s][info][gc,marking  ] GC(53) Mark: 8 stripe(s), 2 proactive flush(es), 1 terminate flush(es), 0 completion(s), 0 continuation(s) 
[44.242s][info][gc,marking  ] GC(53) Mark Stack Usage: 32M
[44.243s][info][gc,nmethod  ] GC(53) NMethods: 8280 registered, 358 unregistered
[44.243s][info][gc,metaspace] GC(53) Metaspace: 59M used, 60M committed, 1088M reserved
[44.243s][info][gc,ref      ] GC(53) Soft: 4710 encountered, 0 discovered, 0 enqueued
[44.243s][info][gc,ref      ] GC(53) Weak: 6159 encountered, 1263 discovered, 196 enqueued
[44.243s][info][gc,ref      ] GC(53) Final: 124 encountered, 12 discovered, 0 enqueued
[44.243s][info][gc,ref      ] GC(53) Phantom: 608 encountered, 361 discovered, 0 enqueued
[44.243s][info][gc,reloc    ] GC(53) Small Pages: 1228 / 2456M, Empty: 2186M, Relocated: 0M, In-Place: 0
[44.243s][info][gc,reloc    ] GC(53) Medium Pages: 2 / 64M, Empty: 32M, Relocated: 0M, In-Place: 0
[44.243s][info][gc,reloc    ] GC(53) Large Pages: 5 / 30M, Empty: 18M, Relocated: 0M, In-Place: 0
[44.243s][info][gc,reloc    ] GC(53) Forwarding Usage: 0M
[44.243s][info][gc,heap     ] GC(53) Min Capacity: 8M(0%)
[44.243s][info][gc,heap     ] GC(53) Max Capacity: 4096M(100%)
[44.243s][info][gc,heap     ] GC(53) Soft Max Capacity: 4096M(100%)
[44.243s][info][gc,heap     ] GC(53)                Mark Start          Mark End        Relocate Start      Relocate End           High               Low         
[44.243s][info][gc,heap     ] GC(53)  Capacity:     2578M (63%)        2578M (63%)        2578M (63%)        2578M (63%)        2578M (63%)        2578M (63%)    
[44.243s][info][gc,heap     ] GC(53)      Free:     1546M (38%)        1546M (38%)        3748M (92%)        3796M (93%)        3796M (93%)        1544M (38%)    
[44.243s][info][gc,heap     ] GC(53)      Used:     2550M (62%)        2550M (62%)         348M (8%)          300M (7%)         2552M (62%)         300M (7%)     
[44.243s][info][gc,heap     ] GC(53)      Live:         -               206M (5%)          206M (5%)          206M (5%)             -                  -          
[44.243s][info][gc,heap     ] GC(53) Allocated:         -                 0M (0%)           34M (1%)           34M (1%)             -                  -          
[44.243s][info][gc,heap     ] GC(53)   Garbage:         -              2343M (57%)         107M (3%)           59M (1%)             -                  -          
[44.243s][info][gc,heap     ] GC(53) Reclaimed:         -                  -              2236M (55%)        2284M (56%)            -                  -          
[44.243s][info][gc          ] GC(53) Garbage Collection (System.gc()) 2550M(62%)->300M(7%)
[44.952s][info][gc,start    ] GC(54) Garbage Collection (Allocation Rate)
[44.952s][info][gc,task     ] GC(54) Using 3 workers
[44.952s][info][gc,phases   ] GC(54) Pause Mark Start 0.016ms
[45.076s][info][gc,phases   ] GC(54) Concurrent Mark 123.246ms
[45.076s][info][gc,phases   ] GC(54) Pause Mark End 0.029ms
[45.076s][info][gc,phases   ] GC(54) Concurrent Mark Free 0.001ms
[45.086s][info][gc,phases   ] GC(54) Concurrent Process Non-Strong References 9.560ms
[45.086s][info][gc,phases   ] GC(54) Concurrent Reset Relocation Set 0.004ms
[45.090s][info][gc,phases   ] GC(54) Concurrent Select Relocation Set 3.738ms
[45.090s][info][gc,phases   ] GC(54) Pause Relocate Start 0.009ms
[45.090s][info][gc,phases   ] GC(54) Concurrent Relocate 0.325ms
[45.090s][info][gc,load     ] GC(54) Load: 0.00/0.00/0.00
[45.090s][info][gc,mmu      ] GC(54) MMU: 2ms/96.8%, 5ms/98.7%, 10ms/99.3%, 20ms/99.6%, 50ms/99.8%, 100ms/99.9%
[45.090s][info][gc,marking  ] GC(54) Mark: 2 stripe(s), 2 proactive flush(es), 1 terminate flush(es), 0 completion(s), 0 continuation(s) 
[45.090s][info][gc,marking  ] GC(54) Mark Stack Usage: 32M
[45.090s][info][gc,nmethod  ] GC(54) NMethods: 8319 registered, 364 unregistered
[45.090s][info][gc,metaspace] GC(54) Metaspace: 59M used, 60M committed, 1088M reserved
[45.090s][info][gc,ref      ] GC(54) Soft: 4711 encountered, 0 discovered, 0 enqueued
[45.090s][info][gc,ref      ] GC(54) Weak: 6125 encountered, 3081 discovered, 71 enqueued
[45.090s][info][gc,ref      ] GC(54) Final: 124 encountered, 119 discovered, 0 enqueued
[45.090s][info][gc,ref      ] GC(54) Phantom: 608 encountered, 407 discovered, 0 enqueued
[45.091s][info][gc,reloc    ] GC(54) Small Pages: 1219 / 2438M, Empty: 2158M, Relocated: 0M, In-Place: 0
[45.091s][info][gc,reloc    ] GC(54) Medium Pages: 2 / 64M, Empty: 32M, Relocated: 0M, In-Place: 0
[45.091s][info][gc,reloc    ] GC(54) Large Pages: 4 / 24M, Empty: 12M, Relocated: 0M, In-Place: 0
[45.091s][info][gc,reloc    ] GC(54) Forwarding Usage: 0M
[45.091s][info][gc,heap     ] GC(54) Min Capacity: 8M(0%)
[45.091s][info][gc,heap     ] GC(54) Max Capacity: 4096M(100%)
[45.091s][info][gc,heap     ] GC(54) Soft Max Capacity: 4096M(100%)
[45.091s][info][gc,heap     ] GC(54)                Mark Start          Mark End        Relocate Start      Relocate End           High               Low         
[45.091s][info][gc,heap     ] GC(54)  Capacity:     2578M (63%)        2582M (63%)        2582M (63%)        2582M (63%)        2582M (63%)        2578M (63%)    
[45.091s][info][gc,heap     ] GC(54)      Free:     1570M (38%)        1514M (37%)        3708M (91%)        3784M (92%)        3784M (92%)        1514M (37%)    
[45.091s][info][gc,heap     ] GC(54)      Used:     2526M (62%)        2582M (63%)         388M (9%)          312M (8%)         2582M (63%)         312M (8%)     
[45.091s][info][gc,heap     ] GC(54)      Live:         -               206M (5%)          206M (5%)          206M (5%)             -                  -          
[45.091s][info][gc,heap     ] GC(54) Allocated:         -                56M (1%)           64M (2%)           64M (2%)             -                  -          
[45.091s][info][gc,heap     ] GC(54)   Garbage:         -              2319M (57%)         117M (3%)           41M (1%)             -                  -          
[45.091s][info][gc,heap     ] GC(54) Reclaimed:         -                  -              2202M (54%)        2278M (56%)            -                  -          
[45.091s][info][gc          ] GC(54) Garbage Collection (Allocation Rate) 2526M(62%)->312M(8%)
[45.091s][info][gc,start    ] GC(55) Garbage Collection (System.gc())
[45.091s][info][gc,task     ] GC(55) Using 12 workers
[45.091s][info][gc,phases   ] GC(55) Pause Mark Start 0.009ms
[45.138s][info][gc,phases   ] GC(55) Concurrent Mark 47.056ms
[45.139s][info][gc,phases   ] GC(55) Pause Mark End 0.031ms
[45.139s][info][gc,phases   ] GC(55) Concurrent Mark Free 0.001ms
[45.140s][info][gc,phases   ] GC(55) Concurrent Process Non-Strong References 1.839ms
[45.141s][info][gc,phases   ] GC(55) Concurrent Reset Relocation Set 0.005ms
[45.144s][info][gc,phases   ] GC(55) Concurrent Select Relocation Set 3.514ms
[45.144s][info][gc,phases   ] GC(55) Pause Relocate Start 0.006ms
[45.144s][info][gc,phases   ] GC(55) Concurrent Relocate 0.156ms
[45.144s][info][gc,load     ] GC(55) Load: 0.00/0.00/0.00
[45.144s][info][gc,mmu      ] GC(55) MMU: 2ms/96.8%, 5ms/98.7%, 10ms/99.3%, 20ms/99.6%, 50ms/99.8%, 100ms/99.9%
[45.145s][info][gc,marking  ] GC(55) Mark: 8 stripe(s), 2 proactive flush(es), 1 terminate flush(es), 0 completion(s), 0 continuation(s) 
[45.145s][info][gc,marking  ] GC(55) Mark Stack Usage: 32M
[45.145s][info][gc,nmethod  ] GC(55) NMethods: 8324 registered, 366 unregistered
[45.145s][info][gc,metaspace] GC(55) Metaspace: 59M used, 60M committed, 1088M reserved
[45.145s][info][gc,ref      ] GC(55) Soft: 4710 encountered, 0 discovered, 0 enqueued
[45.145s][info][gc,ref      ] GC(55) Weak: 6124 encountered, 901 discovered, 149 enqueued
[45.145s][info][gc,ref      ] GC(55) Final: 124 encountered, 3 discovered, 0 enqueued
[45.145s][info][gc,ref      ] GC(55) Phantom: 608 encountered, 436 discovered, 0 enqueued
[45.145s][info][gc,reloc    ] GC(55) Small Pages: 131 / 262M, Empty: 18M, Relocated: 0M, In-Place: 0
[45.145s][info][gc,reloc    ] GC(55) Medium Pages: 1 / 32M, Empty: 0M, Relocated: 0M, In-Place: 0
[45.145s][info][gc,reloc    ] GC(55) Large Pages: 3 / 18M, Empty: 6M, Relocated: 0M, In-Place: 0
[45.145s][info][gc,reloc    ] GC(55) Forwarding Usage: 0M
[45.145s][info][gc,heap     ] GC(55) Min Capacity: 8M(0%)
[45.145s][info][gc,heap     ] GC(55) Max Capacity: 4096M(100%)
[45.145s][info][gc,heap     ] GC(55) Soft Max Capacity: 4096M(100%)
[45.145s][info][gc,heap     ] GC(55)                Mark Start          Mark End        Relocate Start      Relocate End           High               Low         
[45.145s][info][gc,heap     ] GC(55)  Capacity:     2582M (63%)        2582M (63%)        2582M (63%)        2582M (63%)        2582M (63%)        2582M (63%)    
[45.145s][info][gc,heap     ] GC(55)      Free:     3784M (92%)        3784M (92%)        3774M (92%)        3796M (93%)        3796M (93%)        3750M (92%)    
[45.145s][info][gc,heap     ] GC(55)      Used:      312M (8%)          312M (8%)          322M (8%)          300M (7%)          346M (8%)          300M (7%)     
[45.145s][info][gc,heap     ] GC(55)      Live:         -               206M (5%)          206M (5%)          206M (5%)             -                  -          
[45.145s][info][gc,heap     ] GC(55) Allocated:         -                 0M (0%)           34M (1%)           34M (1%)             -                  -          
[45.145s][info][gc,heap     ] GC(55)   Garbage:         -               105M (3%)           81M (2%)           59M (1%)             -                  -          
[45.145s][info][gc,heap     ] GC(55) Reclaimed:         -                  -                24M (1%)           46M (1%)             -                  -          
[45.145s][info][gc          ] GC(55) Garbage Collection (System.gc()) 312M(8%)->300M(7%)
[45.850s][info][gc,start    ] GC(56) Garbage Collection (Allocation Rate)
[45.850s][info][gc,task     ] GC(56) Using 2 workers
[45.850s][info][gc,phases   ] GC(56) Pause Mark Start 0.015ms
[46.022s][info][gc,phases   ] GC(56) Concurrent Mark 171.414ms
[46.022s][info][gc,phases   ] GC(56) Pause Mark End 0.029ms
[46.022s][info][gc,phases   ] GC(56) Concurrent Mark Free 0.001ms
[46.034s][info][gc,phases   ] GC(56) Concurrent Process Non-Strong References 11.271ms
[46.034s][info][gc,phases   ] GC(56) Concurrent Reset Relocation Set 0.002ms
[46.038s][info][gc,phases   ] GC(56) Concurrent Select Relocation Set 3.893ms
[46.038s][info][gc,phases   ] GC(56) Pause Relocate Start 0.009ms
[46.039s][info][gc,phases   ] GC(56) Concurrent Relocate 0.645ms
[46.039s][info][gc,load     ] GC(56) Load: 0.00/0.00/0.00
[46.039s][info][gc,mmu      ] GC(56) MMU: 2ms/96.8%, 5ms/98.7%, 10ms/99.3%, 20ms/99.6%, 50ms/99.8%, 100ms/99.9%
[46.039s][info][gc,marking  ] GC(56) Mark: 2 stripe(s), 2 proactive flush(es), 1 terminate flush(es), 0 completion(s), 0 continuation(s) 
[46.039s][info][gc,marking  ] GC(56) Mark Stack Usage: 32M
[46.039s][info][gc,nmethod  ] GC(56) NMethods: 8504 registered, 370 unregistered
[46.039s][info][gc,metaspace] GC(56) Metaspace: 59M used, 60M committed, 1088M reserved
[46.039s][info][gc,ref      ] GC(56) Soft: 4712 encountered, 0 discovered, 0 enqueued
[46.039s][info][gc,ref      ] GC(56) Weak: 6100 encountered, 2945 discovered, 63 enqueued
[46.039s][info][gc,ref      ] GC(56) Final: 124 encountered, 96 discovered, 0 enqueued
[46.039s][info][gc,ref      ] GC(56) Phantom: 608 encountered, 593 discovered, 0 enqueued
[46.039s][info][gc,reloc    ] GC(56) Small Pages: 1188 / 2376M, Empty: 2090M, Relocated: 0M, In-Place: 0
[46.039s][info][gc,reloc    ] GC(56) Medium Pages: 2 / 64M, Empty: 32M, Relocated: 0M, In-Place: 0
[46.039s][info][gc,reloc    ] GC(56) Large Pages: 4 / 24M, Empty: 12M, Relocated: 0M, In-Place: 0
[46.039s][info][gc,reloc    ] GC(56) Forwarding Usage: 0M
[46.039s][info][gc,heap     ] GC(56) Min Capacity: 8M(0%)
[46.039s][info][gc,heap     ] GC(56) Max Capacity: 4096M(100%)
[46.039s][info][gc,heap     ] GC(56) Soft Max Capacity: 4096M(100%)
[46.039s][info][gc,heap     ] GC(56)                Mark Start          Mark End        Relocate Start      Relocate End           High               Low         
[46.039s][info][gc,heap     ] GC(56)  Capacity:     2582M (63%)        2582M (63%)        2582M (63%)        2582M (63%)        2582M (63%)        2582M (63%)    
[46.039s][info][gc,heap     ] GC(56)      Free:     1632M (40%)        1518M (37%)        3644M (89%)        3728M (91%)        3728M (91%)        1518M (37%)    
[46.039s][info][gc,heap     ] GC(56)      Used:     2464M (60%)        2578M (63%)         452M (11%)         368M (9%)         2578M (63%)         368M (9%)     
[46.039s][info][gc,heap     ] GC(56)      Live:         -               206M (5%)          206M (5%)          206M (5%)             -                  -          
[46.039s][info][gc,heap     ] GC(56) Allocated:         -               114M (3%)          122M (3%)          121M (3%)             -                  -          
[46.039s][info][gc,heap     ] GC(56)   Garbage:         -              2257M (55%)         123M (3%)           39M (1%)             -                  -          
[46.039s][info][gc,heap     ] GC(56) Reclaimed:         -                  -              2134M (52%)        2217M (54%)            -                  -          
[46.039s][info][gc          ] GC(56) Garbage Collection (Allocation Rate) 2464M(60%)->368M(9%)
[46.039s][info][gc,start    ] GC(57) Garbage Collection (System.gc())
[46.039s][info][gc,task     ] GC(57) Using 12 workers
[46.040s][info][gc,phases   ] GC(57) Pause Mark Start 0.009ms
[46.086s][info][gc,phases   ] GC(57) Concurrent Mark 46.266ms
[46.086s][info][gc,phases   ] GC(57) Pause Mark End 0.026ms
[46.086s][info][gc,phases   ] GC(57) Concurrent Mark Free 0.001ms
[46.088s][info][gc,phases   ] GC(57) Concurrent Process Non-Strong References 1.885ms
[46.088s][info][gc,phases   ] GC(57) Concurrent Reset Relocation Set 0.003ms
[46.091s][info][gc,phases   ] GC(57) Concurrent Select Relocation Set 2.761ms
[46.091s][info][gc,phases   ] GC(57) Pause Relocate Start 0.007ms
[46.091s][info][gc,phases   ] GC(57) Concurrent Relocate 0.300ms
[46.091s][info][gc,load     ] GC(57) Load: 0.00/0.00/0.00
[46.091s][info][gc,mmu      ] GC(57) MMU: 2ms/96.8%, 5ms/98.7%, 10ms/99.3%, 20ms/99.6%, 50ms/99.8%, 100ms/99.9%
[46.091s][info][gc,marking  ] GC(57) Mark: 8 stripe(s), 1 proactive flush(es), 1 terminate flush(es), 0 completion(s), 0 continuation(s) 
[46.091s][info][gc,marking  ] GC(57) Mark Stack Usage: 32M
[46.091s][info][gc,nmethod  ] GC(57) NMethods: 8517 registered, 377 unregistered
[46.091s][info][gc,metaspace] GC(57) Metaspace: 59M used, 60M committed, 1088M reserved
[46.091s][info][gc,ref      ] GC(57) Soft: 4710 encountered, 0 discovered, 0 enqueued
[46.091s][info][gc,ref      ] GC(57) Weak: 6105 encountered, 1537 discovered, 135 enqueued
[46.091s][info][gc,ref      ] GC(57) Final: 124 encountered, 26 discovered, 0 enqueued
[46.091s][info][gc,ref      ] GC(57) Phantom: 608 encountered, 370 discovered, 0 enqueued
[46.091s][info][gc,reloc    ] GC(57) Small Pages: 159 / 318M, Empty: 82M, Relocated: 0M, In-Place: 0
[46.091s][info][gc,reloc    ] GC(57) Medium Pages: 1 / 32M, Empty: 0M, Relocated: 0M, In-Place: 0
[46.091s][info][gc,reloc    ] GC(57) Large Pages: 3 / 18M, Empty: 6M, Relocated: 0M, In-Place: 0
[46.091s][info][gc,reloc    ] GC(57) Forwarding Usage: 0M
[46.092s][info][gc,heap     ] GC(57) Min Capacity: 8M(0%)
[46.092s][info][gc,heap     ] GC(57) Max Capacity: 4096M(100%)
[46.092s][info][gc,heap     ] GC(57) Soft Max Capacity: 4096M(100%)
[46.092s][info][gc,heap     ] GC(57)                Mark Start          Mark End        Relocate Start      Relocate End           High               Low         
[46.092s][info][gc,heap     ] GC(57)  Capacity:     2582M (63%)        2582M (63%)        2582M (63%)        2582M (63%)        2582M (63%)        2582M (63%)    
[46.092s][info][gc,heap     ] GC(57)      Free:     3728M (91%)        3728M (91%)        3788M (92%)        3802M (93%)        3802M (93%)        3700M (90%)    
[46.092s][info][gc,heap     ] GC(57)      Used:      368M (9%)          368M (9%)          308M (8%)          294M (7%)          396M (10%)         294M (7%)     
[46.092s][info][gc,heap     ] GC(57)      Live:         -               206M (5%)          206M (5%)          206M (5%)             -                  -          
[46.092s][info][gc,heap     ] GC(57) Allocated:         -                 0M (0%)           28M (1%)           28M (1%)             -                  -          
[46.092s][info][gc,heap     ] GC(57)   Garbage:         -               161M (4%)           73M (2%)           59M (1%)             -                  -          
[46.092s][info][gc,heap     ] GC(57) Reclaimed:         -                  -                88M (2%)          102M (2%)             -                  -          
[46.092s][info][gc          ] GC(57) Garbage Collection (System.gc()) 368M(9%)->294M(7%)
[46.842s][info][gc,start    ] GC(58) Garbage Collection (System.gc())
[46.842s][info][gc,task     ] GC(58) Using 12 workers
[46.842s][info][gc,phases   ] GC(58) Pause Mark Start 0.015ms
[46.895s][info][gc,phases   ] GC(58) Concurrent Mark 52.868ms
[46.895s][info][gc,phases   ] GC(58) Pause Mark End 0.019ms
[46.895s][info][gc,phases   ] GC(58) Concurrent Mark Free 0.001ms
[46.897s][info][gc,phases   ] GC(58) Concurrent Process Non-Strong References 1.965ms
[46.897s][info][gc,phases   ] GC(58) Concurrent Reset Relocation Set 0.002ms
[46.900s][info][gc,phases   ] GC(58) Concurrent Select Relocation Set 2.651ms
[46.900s][info][gc,phases   ] GC(58) Pause Relocate Start 0.007ms
[46.900s][info][gc,phases   ] GC(58) Concurrent Relocate 0.306ms
[46.900s][info][gc,load     ] GC(58) Load: 0.00/0.00/0.00
[46.900s][info][gc,mmu      ] GC(58) MMU: 2ms/96.8%, 5ms/98.7%, 10ms/99.3%, 20ms/99.6%, 50ms/99.8%, 100ms/99.9%
[46.900s][info][gc,marking  ] GC(58) Mark: 8 stripe(s), 2 proactive flush(es), 1 terminate flush(es), 0 completion(s), 0 continuation(s) 
[46.900s][info][gc,marking  ] GC(58) Mark Stack Usage: 32M
[46.900s][info][gc,nmethod  ] GC(58) NMethods: 8559 registered, 392 unregistered
[46.900s][info][gc,metaspace] GC(58) Metaspace: 59M used, 60M committed, 1088M reserved
[46.900s][info][gc,ref      ] GC(58) Soft: 4710 encountered, 0 discovered, 0 enqueued
[46.900s][info][gc,ref      ] GC(58) Weak: 6190 encountered, 2143 discovered, 206 enqueued
[46.900s][info][gc,ref      ] GC(58) Final: 124 encountered, 28 discovered, 0 enqueued
[46.900s][info][gc,ref      ] GC(58) Phantom: 608 encountered, 395 discovered, 0 enqueued
[46.900s][info][gc,reloc    ] GC(58) Small Pages: 1228 / 2456M, Empty: 2186M, Relocated: 0M, In-Place: 0
[46.900s][info][gc,reloc    ] GC(58) Medium Pages: 2 / 64M, Empty: 32M, Relocated: 0M, In-Place: 0
[46.900s][info][gc,reloc    ] GC(58) Large Pages: 5 / 30M, Empty: 18M, Relocated: 0M, In-Place: 0
[46.900s][info][gc,reloc    ] GC(58) Forwarding Usage: 0M
[46.900s][info][gc,heap     ] GC(58) Min Capacity: 8M(0%)
[46.900s][info][gc,heap     ] GC(58) Max Capacity: 4096M(100%)
[46.900s][info][gc,heap     ] GC(58) Soft Max Capacity: 4096M(100%)
[46.900s][info][gc,heap     ] GC(58)                Mark Start          Mark End        Relocate Start      Relocate End           High               Low         
[46.900s][info][gc,heap     ] GC(58)  Capacity:     2582M (63%)        2582M (63%)        2582M (63%)        2582M (63%)        2582M (63%)        2582M (63%)    
[46.901s][info][gc,heap     ] GC(58)      Free:     1546M (38%)        1544M (38%)        3756M (92%)        3802M (93%)        3802M (93%)        1544M (38%)    
[46.901s][info][gc,heap     ] GC(58)      Used:     2550M (62%)        2552M (62%)         340M (8%)          294M (7%)         2552M (62%)         294M (7%)     
[46.901s][info][gc,heap     ] GC(58)      Live:         -               206M (5%)          206M (5%)          206M (5%)             -                  -          
[46.901s][info][gc,heap     ] GC(58) Allocated:         -                 2M (0%)           26M (1%)           27M (1%)             -                  -          
[46.901s][info][gc,heap     ] GC(58)   Garbage:         -              2343M (57%)         107M (3%)           59M (1%)             -                  -          
[46.901s][info][gc,heap     ] GC(58) Reclaimed:         -                  -              2236M (55%)        2283M (56%)            -                  -          
[46.901s][info][gc          ] GC(58) Garbage Collection (System.gc()) 2550M(62%)->294M(7%)
[47.449s][info][gc,start    ] GC(59) Garbage Collection (Allocation Rate)
[47.449s][info][gc,task     ] GC(59) Using 2 workers
[47.449s][info][gc,phases   ] GC(59) Pause Mark Start 0.017ms
[47.620s][info][gc,phases   ] GC(59) Concurrent Mark 171.378ms
[47.621s][info][gc,phases   ] GC(59) Pause Mark End 0.022ms
[47.621s][info][gc,phases   ] GC(59) Concurrent Mark Free 0.001ms
[47.635s][info][gc,phases   ] GC(59) Concurrent Process Non-Strong References 14.385ms
[47.635s][info][gc,phases   ] GC(59) Concurrent Reset Relocation Set 0.003ms
[47.638s][info][gc,phases   ] GC(59) Concurrent Select Relocation Set 2.694ms
[47.638s][info][gc,phases   ] GC(59) Pause Relocate Start 0.007ms
[47.639s][info][gc,phases   ] GC(59) Concurrent Relocate 0.767ms
[47.639s][info][gc,load     ] GC(59) Load: 0.00/0.00/0.00
[47.639s][info][gc,mmu      ] GC(59) MMU: 2ms/96.8%, 5ms/98.7%, 10ms/99.3%, 20ms/99.6%, 50ms/99.8%, 100ms/99.9%
[47.639s][info][gc,marking  ] GC(59) Mark: 2 stripe(s), 2 proactive flush(es), 1 terminate flush(es), 0 completion(s), 0 continuation(s) 
[47.639s][info][gc,marking  ] GC(59) Mark Stack Usage: 32M
[47.639s][info][gc,nmethod  ] GC(59) NMethods: 8562 registered, 393 unregistered
[47.639s][info][gc,metaspace] GC(59) Metaspace: 59M used, 60M committed, 1088M reserved
[47.639s][info][gc,ref      ] GC(59) Soft: 4712 encountered, 0 discovered, 0 enqueued
[47.639s][info][gc,ref      ] GC(59) Weak: 6117 encountered, 2574 discovered, 74 enqueued
[47.639s][info][gc,ref      ] GC(59) Final: 124 encountered, 121 discovered, 0 enqueued
[47.639s][info][gc,ref      ] GC(59) Phantom: 608 encountered, 597 discovered, 0 enqueued
[47.639s][info][gc,reloc    ] GC(59) Small Pages: 927 / 1854M, Empty: 1572M, Relocated: 0M, In-Place: 0
[47.639s][info][gc,reloc    ] GC(59) Medium Pages: 2 / 64M, Empty: 32M, Relocated: 0M, In-Place: 0
[47.639s][info][gc,reloc    ] GC(59) Large Pages: 4 / 24M, Empty: 12M, Relocated: 0M, In-Place: 0
[47.639s][info][gc,reloc    ] GC(59) Forwarding Usage: 0M
[47.639s][info][gc,heap     ] GC(59) Min Capacity: 8M(0%)
[47.639s][info][gc,heap     ] GC(59) Max Capacity: 4096M(100%)
[47.639s][info][gc,heap     ] GC(59) Soft Max Capacity: 4096M(100%)
[47.639s][info][gc,heap     ] GC(59)                Mark Start          Mark End        Relocate Start      Relocate End           High               Low         
[47.639s][info][gc,heap     ] GC(59)  Capacity:     2582M (63%)        2582M (63%)        2582M (63%)        2582M (63%)        2582M (63%)        2582M (63%)    
[47.639s][info][gc,heap     ] GC(59)      Free:     2154M (53%)        1578M (39%)        3160M (77%)        3238M (79%)        3238M (79%)        1552M (38%)    
[47.639s][info][gc,heap     ] GC(59)      Used:     1942M (47%)        2518M (61%)         936M (23%)         858M (21%)        2544M (62%)         858M (21%)    
[47.639s][info][gc,heap     ] GC(59)      Live:         -               206M (5%)          206M (5%)          206M (5%)             -                  -          
[47.639s][info][gc,heap     ] GC(59) Allocated:         -               576M (14%)         610M (15%)         611M (15%)            -                  -          
[47.639s][info][gc,heap     ] GC(59)   Garbage:         -              1735M (42%)         119M (3%)           39M (1%)             -                  -          
[47.639s][info][gc,heap     ] GC(59) Reclaimed:         -                  -              1616M (39%)        1695M (41%)            -                  -          
[47.639s][info][gc          ] GC(59) Garbage Collection (Allocation Rate) 1942M(47%)->858M(21%)
[47.677s][info][gc,start    ] GC(60) Garbage Collection (System.gc())
[47.677s][info][gc,task     ] GC(60) Using 12 workers
[47.677s][info][gc,phases   ] GC(60) Pause Mark Start 0.014ms
[47.730s][info][gc,phases   ] GC(60) Concurrent Mark 52.421ms
[47.730s][info][gc,phases   ] GC(60) Pause Mark End 0.022ms
[47.730s][info][gc,phases   ] GC(60) Concurrent Mark Free 0.001ms
[47.732s][info][gc,phases   ] GC(60) Concurrent Process Non-Strong References 1.993ms
[47.732s][info][gc,phases   ] GC(60) Concurrent Reset Relocation Set 0.004ms
[47.736s][info][gc,phases   ] GC(60) Concurrent Select Relocation Set 3.591ms
[47.736s][info][gc,phases   ] GC(60) Pause Relocate Start 0.007ms
[47.736s][info][gc,phases   ] GC(60) Concurrent Relocate 0.442ms
[47.736s][info][gc,load     ] GC(60) Load: 0.00/0.00/0.00
[47.737s][info][gc,mmu      ] GC(60) MMU: 2ms/96.8%, 5ms/98.7%, 10ms/99.3%, 20ms/99.6%, 50ms/99.8%, 100ms/99.9%
[47.737s][info][gc,marking  ] GC(60) Mark: 8 stripe(s), 2 proactive flush(es), 1 terminate flush(es), 0 completion(s), 0 continuation(s) 
[47.737s][info][gc,marking  ] GC(60) Mark Stack Usage: 32M
[47.737s][info][gc,nmethod  ] GC(60) NMethods: 8571 registered, 396 unregistered
[47.737s][info][gc,metaspace] GC(60) Metaspace: 59M used, 60M committed, 1088M reserved
[47.737s][info][gc,ref      ] GC(60) Soft: 4710 encountered, 0 discovered, 0 enqueued
[47.737s][info][gc,ref      ] GC(60) Weak: 6094 encountered, 1175 discovered, 126 enqueued
[47.737s][info][gc,ref      ] GC(60) Final: 124 encountered, 1 discovered, 0 enqueued
[47.737s][info][gc,ref      ] GC(60) Phantom: 608 encountered, 229 discovered, 0 enqueued
[47.737s][info][gc,reloc    ] GC(60) Small Pages: 418 / 836M, Empty: 598M, Relocated: 0M, In-Place: 0
[47.737s][info][gc,reloc    ] GC(60) Medium Pages: 1 / 32M, Empty: 0M, Relocated: 0M, In-Place: 0
[47.737s][info][gc,reloc    ] GC(60) Large Pages: 3 / 18M, Empty: 6M, Relocated: 0M, In-Place: 0
[47.737s][info][gc,reloc    ] GC(60) Forwarding Usage: 0M
[47.737s][info][gc,heap     ] GC(60) Min Capacity: 8M(0%)
[47.737s][info][gc,heap     ] GC(60) Max Capacity: 4096M(100%)
[47.737s][info][gc,heap     ] GC(60) Soft Max Capacity: 4096M(100%)
[47.737s][info][gc,heap     ] GC(60)                Mark Start          Mark End        Relocate Start      Relocate End           High               Low         
[47.737s][info][gc,heap     ] GC(60)  Capacity:     2582M (63%)        2582M (63%)        2582M (63%)        2582M (63%)        2582M (63%)        2582M (63%)    
[47.737s][info][gc,heap     ] GC(60)      Free:     3210M (78%)        3208M (78%)        3782M (92%)        3796M (93%)        3796M (93%)        3206M (78%)    
[47.737s][info][gc,heap     ] GC(60)      Used:      886M (22%)         888M (22%)         314M (8%)          300M (7%)          890M (22%)         300M (7%)     
[47.737s][info][gc,heap     ] GC(60)      Live:         -               206M (5%)          206M (5%)          206M (5%)             -                  -          
[47.737s][info][gc,heap     ] GC(60) Allocated:         -                 2M (0%)           32M (1%)           33M (1%)             -                  -          
[47.737s][info][gc,heap     ] GC(60)   Garbage:         -               679M (17%)          75M (2%)           59M (1%)             -                  -          
[47.737s][info][gc,heap     ] GC(60) Reclaimed:         -                  -               604M (15%)         619M (15%)            -                  -          
[47.737s][info][gc          ] GC(60) Garbage Collection (System.gc()) 886M(22%)->300M(7%)
[48.483s][info][gc,start    ] GC(61) Garbage Collection (System.gc())
[48.483s][info][gc,task     ] GC(61) Using 12 workers
[48.484s][info][gc,phases   ] GC(61) Pause Mark Start 0.017ms
[48.540s][info][gc,phases   ] GC(61) Concurrent Mark 56.609ms
[48.540s][info][gc,phases   ] GC(61) Pause Mark End 0.035ms
[48.541s][info][gc,phases   ] GC(61) Concurrent Mark Free 0.001ms
[48.543s][info][gc,phases   ] GC(61) Concurrent Process Non-Strong References 2.146ms
[48.543s][info][gc,phases   ] GC(61) Concurrent Reset Relocation Set 0.002ms
[48.545s][info][gc,phases   ] GC(61) Concurrent Select Relocation Set 2.580ms
[48.546s][info][gc,phases   ] GC(61) Pause Relocate Start 0.010ms
[48.546s][info][gc,phases   ] GC(61) Concurrent Relocate 0.562ms
[48.546s][info][gc,load     ] GC(61) Load: 0.00/0.00/0.00
[48.546s][info][gc,mmu      ] GC(61) MMU: 2ms/96.8%, 5ms/98.7%, 10ms/99.3%, 20ms/99.6%, 50ms/99.8%, 100ms/99.9%
[48.546s][info][gc,marking  ] GC(61) Mark: 8 stripe(s), 1 proactive flush(es), 1 terminate flush(es), 0 completion(s), 0 continuation(s) 
[48.546s][info][gc,marking  ] GC(61) Mark Stack Usage: 32M
[48.546s][info][gc,nmethod  ] GC(61) NMethods: 8627 registered, 401 unregistered
[48.546s][info][gc,metaspace] GC(61) Metaspace: 59M used, 60M committed, 1088M reserved
[48.546s][info][gc,ref      ] GC(61) Soft: 4710 encountered, 0 discovered, 0 enqueued
[48.546s][info][gc,ref      ] GC(61) Weak: 6197 encountered, 1021 discovered, 207 enqueued
[48.546s][info][gc,ref      ] GC(61) Final: 124 encountered, 3 discovered, 0 enqueued
[48.546s][info][gc,ref      ] GC(61) Phantom: 608 encountered, 346 discovered, 0 enqueued
[48.546s][info][gc,reloc    ] GC(61) Small Pages: 1230 / 2460M, Empty: 2186M, Relocated: 0M, In-Place: 0
[48.546s][info][gc,reloc    ] GC(61) Medium Pages: 2 / 64M, Empty: 32M, Relocated: 0M, In-Place: 0
[48.546s][info][gc,reloc    ] GC(61) Large Pages: 5 / 30M, Empty: 18M, Relocated: 0M, In-Place: 0
[48.546s][info][gc,reloc    ] GC(61) Forwarding Usage: 0M
[48.546s][info][gc,heap     ] GC(61) Min Capacity: 8M(0%)
[48.547s][info][gc,heap     ] GC(61) Max Capacity: 4096M(100%)
[48.547s][info][gc,heap     ] GC(61) Soft Max Capacity: 4096M(100%)
[48.547s][info][gc,heap     ] GC(61)                Mark Start          Mark End        Relocate Start      Relocate End           High               Low         
[48.547s][info][gc,heap     ] GC(61)  Capacity:     2582M (63%)        2582M (63%)        2582M (63%)        2582M (63%)        2582M (63%)        2582M (63%)    
[48.547s][info][gc,heap     ] GC(61)      Free:     1542M (38%)        1542M (38%)        3746M (91%)        3798M (93%)        3798M (93%)        1540M (38%)    
[48.547s][info][gc,heap     ] GC(61)      Used:     2554M (62%)        2554M (62%)         350M (9%)          298M (7%)         2556M (62%)         298M (7%)     
[48.547s][info][gc,heap     ] GC(61)      Live:         -               206M (5%)          206M (5%)          206M (5%)             -                  -          
[48.547s][info][gc,heap     ] GC(61) Allocated:         -                 0M (0%)           32M (1%)           31M (1%)             -                  -          
[48.547s][info][gc,heap     ] GC(61)   Garbage:         -              2347M (57%)         111M (3%)           59M (1%)             -                  -          
[48.547s][info][gc,heap     ] GC(61) Reclaimed:         -                  -              2236M (55%)        2287M (56%)            -                  -          
[48.547s][info][gc          ] GC(61) Garbage Collection (System.gc()) 2554M(62%)->298M(7%)
[49.156s][info][gc,start    ] GC(62) Garbage Collection (Allocation Rate)
[49.157s][info][gc,task     ] GC(62) Using 2 workers
[49.157s][info][gc,phases   ] GC(62) Pause Mark Start 0.016ms
[49.328s][info][gc,phases   ] GC(62) Concurrent Mark 171.371ms
[49.329s][info][gc,phases   ] GC(62) Pause Mark End 0.067ms
[49.329s][info][gc,phases   ] GC(62) Concurrent Mark Free 0.001ms
[49.342s][info][gc,phases   ] GC(62) Concurrent Process Non-Strong References 13.027ms
[49.342s][info][gc,phases   ] GC(62) Concurrent Reset Relocation Set 0.005ms
[49.345s][info][gc,phases   ] GC(62) Concurrent Select Relocation Set 3.260ms
[49.345s][info][gc,phases   ] GC(62) Pause Relocate Start 0.009ms
[49.346s][info][gc,phases   ] GC(62) Concurrent Relocate 0.812ms
[49.346s][info][gc,load     ] GC(62) Load: 0.00/0.00/0.00
[49.346s][info][gc,mmu      ] GC(62) MMU: 2ms/96.6%, 5ms/98.7%, 10ms/99.3%, 20ms/99.6%, 50ms/99.8%, 100ms/99.9%
[49.346s][info][gc,marking  ] GC(62) Mark: 2 stripe(s), 2 proactive flush(es), 1 terminate flush(es), 1 completion(s), 0 continuation(s) 
[49.346s][info][gc,marking  ] GC(62) Mark Stack Usage: 32M
[49.346s][info][gc,nmethod  ] GC(62) NMethods: 8660 registered, 408 unregistered
[49.346s][info][gc,metaspace] GC(62) Metaspace: 59M used, 60M committed, 1088M reserved
[49.346s][info][gc,ref      ] GC(62) Soft: 4712 encountered, 0 discovered, 0 enqueued
[49.346s][info][gc,ref      ] GC(62) Weak: 6118 encountered, 3100 discovered, 64 enqueued
[49.346s][info][gc,ref      ] GC(62) Final: 124 encountered, 119 discovered, 0 enqueued
[49.346s][info][gc,ref      ] GC(62) Phantom: 608 encountered, 593 discovered, 0 enqueued
[49.346s][info][gc,reloc    ] GC(62) Small Pages: 1012 / 2024M, Empty: 1744M, Relocated: 0M, In-Place: 0
[49.347s][info][gc,reloc    ] GC(62) Medium Pages: 2 / 64M, Empty: 32M, Relocated: 0M, In-Place: 0
[49.347s][info][gc,reloc    ] GC(62) Large Pages: 4 / 24M, Empty: 12M, Relocated: 0M, In-Place: 0
[49.347s][info][gc,reloc    ] GC(62) Forwarding Usage: 0M
[49.347s][info][gc,heap     ] GC(62) Min Capacity: 8M(0%)
[49.347s][info][gc,heap     ] GC(62) Max Capacity: 4096M(100%)
[49.347s][info][gc,heap     ] GC(62) Soft Max Capacity: 4096M(100%)
[49.347s][info][gc,heap     ] GC(62)                Mark Start          Mark End        Relocate Start      Relocate End           High               Low         
[49.347s][info][gc,heap     ] GC(62)  Capacity:     2582M (63%)        2582M (63%)        2582M (63%)        2582M (63%)        2582M (63%)        2582M (63%)    
[49.347s][info][gc,heap     ] GC(62)      Free:     1984M (48%)        1524M (37%)        3306M (81%)        3382M (83%)        3382M (83%)        1520M (37%)    
[49.347s][info][gc,heap     ] GC(62)      Used:     2112M (52%)        2572M (63%)         790M (19%)         714M (17%)        2576M (63%)         714M (17%)    
[49.347s][info][gc,heap     ] GC(62)      Live:         -               206M (5%)          206M (5%)          206M (5%)             -                  -          
[49.347s][info][gc,heap     ] GC(62) Allocated:         -               460M (11%)         466M (11%)         467M (11%)            -                  -          
[49.347s][info][gc,heap     ] GC(62)   Garbage:         -              1905M (47%)         117M (3%)           39M (1%)             -                  -          
[49.347s][info][gc,heap     ] GC(62) Reclaimed:         -                  -              1788M (44%)        1865M (46%)            -                  -          
[49.347s][info][gc          ] GC(62) Garbage Collection (Allocation Rate) 2112M(52%)->714M(17%)
[49.347s][info][gc,start    ] GC(63) Garbage Collection (System.gc())
[49.347s][info][gc,task     ] GC(63) Using 12 workers
[49.347s][info][gc,phases   ] GC(63) Pause Mark Start 0.009ms
[49.409s][info][gc,phases   ] GC(63) Concurrent Mark 61.818ms
[49.409s][info][gc,phases   ] GC(63) Pause Mark End 0.025ms
[49.409s][info][gc,phases   ] GC(63) Concurrent Mark Free 0.001ms
[49.412s][info][gc,phases   ] GC(63) Concurrent Process Non-Strong References 2.377ms
[49.412s][info][gc,phases   ] GC(63) Concurrent Reset Relocation Set 0.004ms
[49.415s][info][gc,phases   ] GC(63) Concurrent Select Relocation Set 3.536ms
[49.415s][info][gc,phases   ] GC(63) Pause Relocate Start 0.008ms
[49.416s][info][gc,phases   ] GC(63) Concurrent Relocate 0.579ms
[49.416s][info][gc,load     ] GC(63) Load: 0.00/0.00/0.00
[49.416s][info][gc,mmu      ] GC(63) MMU: 2ms/96.6%, 5ms/98.7%, 10ms/99.3%, 20ms/99.6%, 50ms/99.8%, 100ms/99.9%
[49.416s][info][gc,marking  ] GC(63) Mark: 8 stripe(s), 2 proactive flush(es), 1 terminate flush(es), 0 completion(s), 0 continuation(s) 
[49.416s][info][gc,marking  ] GC(63) Mark Stack Usage: 32M
[49.416s][info][gc,nmethod  ] GC(63) NMethods: 8656 registered, 413 unregistered
[49.416s][info][gc,metaspace] GC(63) Metaspace: 59M used, 60M committed, 1088M reserved
[49.416s][info][gc,ref      ] GC(63) Soft: 4710 encountered, 0 discovered, 0 enqueued
[49.416s][info][gc,ref      ] GC(63) Weak: 6108 encountered, 1694 discovered, 133 enqueued
[49.416s][info][gc,ref      ] GC(63) Final: 124 encountered, 1 discovered, 0 enqueued
[49.416s][info][gc,ref      ] GC(63) Phantom: 608 encountered, 586 discovered, 0 enqueued
[49.416s][info][gc,reloc    ] GC(63) Small Pages: 332 / 664M, Empty: 426M, Relocated: 0M, In-Place: 0
[49.416s][info][gc,reloc    ] GC(63) Medium Pages: 1 / 32M, Empty: 0M, Relocated: 0M, In-Place: 0
[49.416s][info][gc,reloc    ] GC(63) Large Pages: 3 / 18M, Empty: 6M, Relocated: 0M, In-Place: 0
[49.416s][info][gc,reloc    ] GC(63) Forwarding Usage: 0M
[49.417s][info][gc,heap     ] GC(63) Min Capacity: 8M(0%)
[49.417s][info][gc,heap     ] GC(63) Max Capacity: 4096M(100%)
[49.417s][info][gc,heap     ] GC(63) Soft Max Capacity: 4096M(100%)
[49.417s][info][gc,heap     ] GC(63)                Mark Start          Mark End        Relocate Start      Relocate End           High               Low         
[49.417s][info][gc,heap     ] GC(63)  Capacity:     2582M (63%)        2582M (63%)        2582M (63%)        2582M (63%)        2582M (63%)        2582M (63%)    
[49.417s][info][gc,heap     ] GC(63)      Free:     3382M (83%)        3382M (83%)        3784M (92%)        3800M (93%)        3800M (93%)        3380M (83%)    
[49.417s][info][gc,heap     ] GC(63)      Used:      714M (17%)         714M (17%)         312M (8%)          296M (7%)          716M (17%)         296M (7%)     
[49.417s][info][gc,heap     ] GC(63)      Live:         -               206M (5%)          206M (5%)          206M (5%)             -                  -          
[49.417s][info][gc,heap     ] GC(63) Allocated:         -                 0M (0%)           30M (1%)           30M (1%)             -                  -          
[49.417s][info][gc,heap     ] GC(63)   Garbage:         -               507M (12%)          75M (2%)           59M (1%)             -                  -          
[49.417s][info][gc,heap     ] GC(63) Reclaimed:         -                  -               432M (11%)         448M (11%)            -                  -          
[49.417s][info][gc          ] GC(63) Garbage Collection (System.gc()) 714M(17%)->296M(7%)
[50.143s][info][gc,start    ] GC(64) Garbage Collection (Allocation Rate)
[50.143s][info][gc,stats    ] === Garbage Collection Statistics =======================================================================================================================
[50.143s][info][gc,task     ] GC(64) Using 3 workers
[50.143s][info][gc,stats    ]                                                              Last 10s              Last 10m              Last 10h                Total
[50.143s][info][gc,stats    ]                                                              Avg / Max             Avg / Max             Avg / Max             Avg / Max
[50.144s][info][gc,stats    ]   Collector: Garbage Collection Cycle                    104.132 / 205.890     106.251 / 354.479     106.251 / 354.479     106.251 / 354.479     ms
[50.144s][info][gc,stats    ]  Contention: Mark Segment Reset Contention                     6 / 13                4 / 18                4 / 18                4 / 18          ops/s
[50.144s][info][gc,phases   ] GC(64) Pause Mark Start 0.016ms
[50.144s][info][gc,stats    ]  Contention: Mark SeqNum Reset Contention                      0 / 2                 0 / 3                 0 / 3                 0 / 3           ops/s
[50.144s][info][gc,stats    ]    Critical: Allocation Stall                                  0 / 0                 0 / 0                 0 / 0                 0 / 0           ops/s
[50.144s][info][gc,stats    ]    Critical: Allocation Stall                              0.000 / 0.000         0.000 / 0.000         0.000 / 0.000         0.000 / 0.000       ms
[50.144s][info][gc,stats    ]    Critical: GC Locker Stall                                   0 / 0                 0 / 1                 0 / 1                 0 / 1           ops/s
[50.144s][info][gc,stats    ]    Critical: GC Locker Stall                               0.000 / 0.000         0.001 / 0.001         0.001 / 0.001         0.001 / 0.001       ms
[50.144s][info][gc,stats    ]    Critical: Relocation Stall                                  0 / 0                 0 / 0                 0 / 0                 0 / 0           ops/s
[50.144s][info][gc,stats    ]    Critical: Relocation Stall                              0.000 / 0.000         0.000 / 0.000         0.000 / 0.000         0.000 / 0.000       ms
[50.144s][info][gc,stats    ]      Memory: Allocation Rate                                2736 / 2954           1783 / 2954           1783 / 2954           1783 / 2954        MB/s
[50.144s][info][gc,stats    ]      Memory: Defragment                                        0 / 0                 0 / 0                 0 / 0                 0 / 0           ops/s
[50.144s][info][gc,stats    ]      Memory: Out Of Memory                                     0 / 0                 0 / 0                 0 / 0                 0 / 0           ops/s
[50.144s][info][gc,stats    ]      Memory: Page Cache Flush                                  0 / 0                 0 / 0                 0 / 0                 0 / 0           MB/s
[50.144s][info][gc,stats    ]      Memory: Page Cache Hit L1                              1359 / 1468            864 / 1468            864 / 1468            864 / 1468        ops/s
[50.144s][info][gc,stats    ]      Memory: Page Cache Hit L2                                 0 / 0                 0 / 0                 0 / 0                 0 / 0           ops/s
[50.144s][info][gc,stats    ]      Memory: Page Cache Hit L3                                 0 / 0                19 / 387              19 / 387              19 / 387         ops/s
[50.144s][info][gc,stats    ]      Memory: Page Cache Miss                                   0 / 2                 5 / 124               5 / 124               5 / 124         ops/s
[50.144s][info][gc,stats    ]      Memory: Uncommit                                          0 / 0                 0 / 0                 0 / 0                 0 / 0           MB/s
[50.144s][info][gc,stats    ]      Memory: Undo Object Allocation Failed                     0 / 0                 0 / 0                 0 / 0                 0 / 0           ops/s
[50.144s][info][gc,stats    ]      Memory: Undo Object Allocation Succeeded                  0 / 0                 2 / 128               2 / 128               2 / 128         ops/s
[50.144s][info][gc,stats    ]      Memory: Undo Page Allocation                              0 / 1                 0 / 1                 0 / 1                 0 / 1           ops/s
[50.144s][info][gc,stats    ]       Phase: Concurrent Mark                              93.801 / 186.986      90.467 / 265.094      90.467 / 265.094      90.467 / 265.094     ms
[50.144s][info][gc,stats    ]       Phase: Concurrent Mark Continue                      0.000 / 0.000         0.000 / 0.000         0.000 / 0.000         0.000 / 0.000       ms
[50.144s][info][gc,stats    ]       Phase: Concurrent Mark Free                          0.001 / 0.001         0.001 / 0.002         0.001 / 0.002         0.001 / 0.002       ms
[50.144s][info][gc,stats    ]       Phase: Concurrent Process Non-Strong References      5.643 / 14.385        4.404 / 14.385        4.404 / 14.385        4.404 / 14.385      ms
[50.144s][info][gc,stats    ]       Phase: Concurrent Relocate                           0.557 / 3.387         4.349 / 42.999        4.349 / 42.999        4.349 / 42.999      ms
[50.144s][info][gc,stats    ]       Phase: Concurrent Reset Relocation Set               0.004 / 0.006         0.008 / 0.107         0.008 / 0.107         0.008 / 0.107       ms
[50.144s][info][gc,stats    ]       Phase: Concurrent Select Relocation Set              3.163 / 3.893         6.037 / 51.919        6.037 / 51.919        6.037 / 51.919      ms
[50.145s][info][gc,stats    ]       Phase: Pause Mark End                                0.032 / 0.067         0.028 / 0.067         0.028 / 0.067         0.028 / 0.067       ms
[50.145s][info][gc,stats    ]       Phase: Pause Mark Start                              0.014 / 0.017         0.015 / 0.040         0.015 / 0.040         0.015 / 0.040       ms
[50.145s][info][gc,stats    ]       Phase: Pause Relocate Start                          0.008 / 0.011         0.008 / 0.011         0.008 / 0.011         0.008 / 0.011       ms
[50.145s][info][gc,stats    ]    Subphase: Concurrent Classes Purge                      0.035 / 0.063         0.100 / 1.010         0.100 / 1.010         0.100 / 1.010       ms
[50.145s][info][gc,stats    ]    Subphase: Concurrent Classes Unlink                     4.547 / 12.102        3.409 / 12.102        3.409 / 12.102        3.409 / 12.102      ms
[50.145s][info][gc,stats    ]    Subphase: Concurrent Mark                              55.823 / 167.755      64.785 / 262.214      64.785 / 262.214      64.785 / 262.214     ms
[50.145s][info][gc,stats    ]    Subphase: Concurrent Mark Try Flush                     0.180 / 0.355         0.152 / 0.429         0.152 / 0.429         0.152 / 0.429       ms
[50.145s][info][gc,stats    ]    Subphase: Concurrent Mark Try Terminate                 6.898 / 15.961        8.072 / 16.453        8.072 / 16.453        8.072 / 16.453      ms
[50.145s][info][gc,stats    ]    Subphase: Concurrent References Enqueue                 0.003 / 0.004         0.003 / 0.004         0.003 / 0.004         0.003 / 0.004       ms
[50.145s][info][gc,stats    ]    Subphase: Concurrent References Process                 0.211 / 0.490         0.184 / 0.490         0.184 / 0.490         0.184 / 0.490       ms
[50.145s][info][gc,stats    ]    Subphase: Concurrent Roots ClassLoaderDataGraph         0.110 / 0.600         0.099 / 0.890         0.099 / 0.890         0.099 / 0.890       ms
[50.145s][info][gc,stats    ]    Subphase: Concurrent Roots CodeCache                    0.000 / 0.000         0.000 / 0.000         0.000 / 0.000         0.000 / 0.000       ms
[50.145s][info][gc,stats    ]    Subphase: Concurrent Roots JavaThreads                  6.873 / 18.983        7.046 / 18.983        7.046 / 18.983        7.046 / 18.983      ms
[50.145s][info][gc,stats    ]    Subphase: Concurrent Roots OopStorageSet                0.030 / 0.103         0.030 / 0.302         0.030 / 0.302         0.030 / 0.302       ms
[50.145s][info][gc,stats    ]    Subphase: Concurrent Weak Roots OopStorageSet           0.248 / 1.586         0.249 / 1.589         0.249 / 1.589         0.249 / 1.589       ms
[50.145s][info][gc,stats    ]    Subphase: Pause Mark Try Complete                       0.004 / 0.008         0.002 / 0.008         0.002 / 0.008         0.002 / 0.008       ms
[50.145s][info][gc,stats    ]      System: Java Threads                                    266 / 269             214 / 269             214 / 269             214 / 269         threads
[50.145s][info][gc,stats    ] =========================================================================================================================================================
[50.258s][info][gc,phases   ] GC(64) Concurrent Mark 114.036ms
[50.258s][info][gc,phases   ] GC(64) Pause Mark End 0.029ms
[50.258s][info][gc,phases   ] GC(64) Concurrent Mark Free 0.001ms
[50.268s][info][gc,phases   ] GC(64) Concurrent Process Non-Strong References 9.777ms
[50.268s][info][gc,phases   ] GC(64) Concurrent Reset Relocation Set 0.003ms
[50.272s][info][gc,phases   ] GC(64) Concurrent Select Relocation Set 3.632ms
[50.272s][info][gc,phases   ] GC(64) Pause Relocate Start 0.009ms
[50.273s][info][gc,phases   ] GC(64) Concurrent Relocate 1.036ms
[50.273s][info][gc,load     ] GC(64) Load: 0.00/0.00/0.00
[50.273s][info][gc,mmu      ] GC(64) MMU: 2ms/96.6%, 5ms/98.7%, 10ms/99.3%, 20ms/99.6%, 50ms/99.8%, 100ms/99.9%
[50.273s][info][gc,marking  ] GC(64) Mark: 2 stripe(s), 2 proactive flush(es), 1 terminate flush(es), 0 completion(s), 0 continuation(s) 
[50.273s][info][gc,marking  ] GC(64) Mark Stack Usage: 32M
[50.273s][info][gc,nmethod  ] GC(64) NMethods: 8740 registered, 414 unregistered
[50.273s][info][gc,metaspace] GC(64) Metaspace: 59M used, 60M committed, 1088M reserved
[50.273s][info][gc,ref      ] GC(64) Soft: 4712 encountered, 0 discovered, 0 enqueued
[50.273s][info][gc,ref      ] GC(64) Weak: 6128 encountered, 2880 discovered, 68 enqueued
[50.273s][info][gc,ref      ] GC(64) Final: 124 encountered, 86 discovered, 0 enqueued
[50.273s][info][gc,ref      ] GC(64) Phantom: 608 encountered, 448 discovered, 0 enqueued
[50.273s][info][gc,reloc    ] GC(64) Small Pages: 1218 / 2436M, Empty: 2164M, Relocated: 0M, In-Place: 0
[50.273s][info][gc,reloc    ] GC(64) Medium Pages: 2 / 64M, Empty: 32M, Relocated: 0M, In-Place: 0
[50.273s][info][gc,reloc    ] GC(64) Large Pages: 4 / 24M, Empty: 12M, Relocated: 0M, In-Place: 0
[50.273s][info][gc,reloc    ] GC(64) Forwarding Usage: 0M
[50.273s][info][gc,heap     ] GC(64) Min Capacity: 8M(0%)
[50.273s][info][gc,heap     ] GC(64) Max Capacity: 4096M(100%)
[50.273s][info][gc,heap     ] GC(64) Soft Max Capacity: 4096M(100%)
[50.273s][info][gc,heap     ] GC(64)                Mark Start          Mark End        Relocate Start      Relocate End           High               Low         
[50.274s][info][gc,heap     ] GC(64)  Capacity:     2582M (63%)        2582M (63%)        2582M (63%)        2582M (63%)        2582M (63%)        2582M (63%)    
[50.274s][info][gc,heap     ] GC(64)      Free:     1572M (38%)        1524M (37%)        3728M (91%)        3796M (93%)        3796M (93%)        1524M (37%)    
[50.274s][info][gc,heap     ] GC(64)      Used:     2524M (62%)        2572M (63%)         368M (9%)          300M (7%)         2572M (63%)         300M (7%)     
[50.274s][info][gc,heap     ] GC(64)      Live:         -               207M (5%)          207M (5%)          207M (5%)             -                  -          
[50.274s][info][gc,heap     ] GC(64) Allocated:         -                48M (1%)           52M (1%)           52M (1%)             -                  -          
[50.274s][info][gc,heap     ] GC(64)   Garbage:         -              2316M (57%)         108M (3%)           40M (1%)             -                  -          
[50.274s][info][gc,heap     ] GC(64) Reclaimed:         -                  -              2208M (54%)        2276M (56%)            -                  -          
[50.274s][info][gc          ] GC(64) Garbage Collection (Allocation Rate) 2524M(62%)->300M(7%)
[50.274s][info][gc,start    ] GC(65) Garbage Collection (System.gc())
[50.274s][info][gc,task     ] GC(65) Using 12 workers
[50.274s][info][gc,phases   ] GC(65) Pause Mark Start 0.009ms
[50.336s][info][gc,phases   ] GC(65) Concurrent Mark 61.837ms
[50.336s][info][gc,phases   ] GC(65) Pause Mark End 0.030ms
[50.336s][info][gc,phases   ] GC(65) Concurrent Mark Free 0.001ms
[50.339s][info][gc,phases   ] GC(65) Concurrent Process Non-Strong References 2.423ms
[50.339s][info][gc,phases   ] GC(65) Concurrent Reset Relocation Set 0.004ms
[50.343s][info][gc,phases   ] GC(65) Concurrent Select Relocation Set 3.853ms
[50.343s][info][gc,phases   ] GC(65) Pause Relocate Start 0.007ms
[50.343s][info][gc,phases   ] GC(65) Concurrent Relocate 0.616ms
[50.343s][info][gc,load     ] GC(65) Load: 0.00/0.00/0.00
[50.343s][info][gc,mmu      ] GC(65) MMU: 2ms/96.6%, 5ms/98.7%, 10ms/99.3%, 20ms/99.6%, 50ms/99.8%, 100ms/99.9%
[50.343s][info][gc,marking  ] GC(65) Mark: 8 stripe(s), 1 proactive flush(es), 1 terminate flush(es), 0 completion(s), 0 continuation(s) 
[50.343s][info][gc,marking  ] GC(65) Mark Stack Usage: 32M
[50.344s][info][gc,nmethod  ] GC(65) NMethods: 8736 registered, 418 unregistered
[50.344s][info][gc,metaspace] GC(65) Metaspace: 59M used, 60M committed, 1088M reserved
[50.344s][info][gc,ref      ] GC(65) Soft: 4710 encountered, 0 discovered, 0 enqueued
[50.344s][info][gc,ref      ] GC(65) Weak: 6134 encountered, 1516 discovered, 147 enqueued
[50.344s][info][gc,ref      ] GC(65) Final: 124 encountered, 11 discovered, 0 enqueued
[50.344s][info][gc,ref      ] GC(65) Phantom: 608 encountered, 392 discovered, 0 enqueued
[50.344s][info][gc,reloc    ] GC(65) Small Pages: 125 / 250M, Empty: 12M, Relocated: 0M, In-Place: 0
[50.344s][info][gc,reloc    ] GC(65) Medium Pages: 1 / 32M, Empty: 0M, Relocated: 0M, In-Place: 0
[50.344s][info][gc,reloc    ] GC(65) Large Pages: 3 / 18M, Empty: 6M, Relocated: 0M, In-Place: 0
[50.344s][info][gc,reloc    ] GC(65) Forwarding Usage: 0M
[50.344s][info][gc,heap     ] GC(65) Min Capacity: 8M(0%)
[50.344s][info][gc,heap     ] GC(65) Max Capacity: 4096M(100%)
[50.344s][info][gc,heap     ] GC(65) Soft Max Capacity: 4096M(100%)
[50.344s][info][gc,heap     ] GC(65)                Mark Start          Mark End        Relocate Start      Relocate End           High               Low         
[50.344s][info][gc,heap     ] GC(65)  Capacity:     2582M (63%)        2582M (63%)        2582M (63%)        2582M (63%)        2582M (63%)        2582M (63%)    
[50.344s][info][gc,heap     ] GC(65)      Free:     3796M (93%)        3796M (93%)        3784M (92%)        3800M (93%)        3800M (93%)        3766M (92%)    
[50.344s][info][gc,heap     ] GC(65)      Used:      300M (7%)          300M (7%)          312M (8%)          296M (7%)          330M (8%)          296M (7%)     
[50.344s][info][gc,heap     ] GC(65)      Live:         -               206M (5%)          206M (5%)          206M (5%)             -                  -          
[50.344s][info][gc,heap     ] GC(65) Allocated:         -                 0M (0%)           30M (1%)           30M (1%)             -                  -          
[50.344s][info][gc,heap     ] GC(65)   Garbage:         -                93M (2%)           75M (2%)           59M (1%)             -                  -          
[50.344s][info][gc,heap     ] GC(65) Reclaimed:         -                  -                18M (0%)           34M (1%)             -                  -          
[50.344s][info][gc          ] GC(65) Garbage Collection (System.gc()) 300M(7%)->296M(7%)
[51.055s][info][gc,start    ] GC(66) Garbage Collection (Allocation Rate)
[51.055s][info][gc,task     ] GC(66) Using 3 workers
[51.055s][info][gc,phases   ] GC(66) Pause Mark Start 0.017ms
[51.179s][info][gc,phases   ] GC(66) Concurrent Mark 124.501ms
[51.180s][info][gc,phases   ] GC(66) Pause Mark End 0.028ms
[51.180s][info][gc,phases   ] GC(66) Concurrent Mark Free 0.001ms
[51.190s][info][gc,phases   ] GC(66) Concurrent Process Non-Strong References 9.903ms
[51.190s][info][gc,phases   ] GC(66) Concurrent Reset Relocation Set 0.004ms
[51.194s][info][gc,phases   ] GC(66) Concurrent Select Relocation Set 4.138ms
[51.194s][info][gc,phases   ] GC(66) Pause Relocate Start 0.005ms
[51.195s][info][gc,phases   ] GC(66) Concurrent Relocate 1.120ms
[51.195s][info][gc,load     ] GC(66) Load: 0.00/0.00/0.00
[51.195s][info][gc,mmu      ] GC(66) MMU: 2ms/96.6%, 5ms/98.7%, 10ms/99.3%, 20ms/99.6%, 50ms/99.8%, 100ms/99.9%
[51.195s][info][gc,marking  ] GC(66) Mark: 2 stripe(s), 2 proactive flush(es), 1 terminate flush(es), 0 completion(s), 0 continuation(s) 
[51.195s][info][gc,marking  ] GC(66) Mark Stack Usage: 32M
[51.195s][info][gc,nmethod  ] GC(66) NMethods: 8758 registered, 422 unregistered
[51.195s][info][gc,metaspace] GC(66) Metaspace: 59M used, 60M committed, 1088M reserved
[51.195s][info][gc,ref      ] GC(66) Soft: 4712 encountered, 0 discovered, 0 enqueued
[51.195s][info][gc,ref      ] GC(66) Weak: 6110 encountered, 2659 discovered, 63 enqueued
[51.195s][info][gc,ref      ] GC(66) Final: 124 encountered, 119 discovered, 0 enqueued
[51.195s][info][gc,ref      ] GC(66) Phantom: 608 encountered, 539 discovered, 0 enqueued
[51.195s][info][gc,reloc    ] GC(66) Small Pages: 1217 / 2434M, Empty: 2156M, Relocated: 0M, In-Place: 0
[51.196s][info][gc,reloc    ] GC(66) Medium Pages: 2 / 64M, Empty: 32M, Relocated: 0M, In-Place: 0
[51.196s][info][gc,reloc    ] GC(66) Large Pages: 4 / 24M, Empty: 12M, Relocated: 0M, In-Place: 0
[51.196s][info][gc,reloc    ] GC(66) Forwarding Usage: 0M
[51.196s][info][gc,heap     ] GC(66) Min Capacity: 8M(0%)
[51.196s][info][gc,heap     ] GC(66) Max Capacity: 4096M(100%)
[51.196s][info][gc,heap     ] GC(66) Soft Max Capacity: 4096M(100%)
[51.196s][info][gc,heap     ] GC(66)                Mark Start          Mark End        Relocate Start      Relocate End           High               Low         
[51.196s][info][gc,heap     ] GC(66)  Capacity:     2582M (63%)        2582M (63%)        2582M (63%)        2582M (63%)        2582M (63%)        2582M (63%)    
[51.196s][info][gc,heap     ] GC(66)      Free:     1574M (38%)        1516M (37%)        3712M (91%)        3786M (92%)        3786M (92%)        1516M (37%)    
[51.196s][info][gc,heap     ] GC(66)      Used:     2522M (62%)        2580M (63%)         384M (9%)          310M (8%)         2580M (63%)         310M (8%)     
[51.196s][info][gc,heap     ] GC(66)      Live:         -               207M (5%)          207M (5%)          207M (5%)             -                  -          
[51.196s][info][gc,heap     ] GC(66) Allocated:         -                58M (1%)           62M (2%)           62M (2%)             -                  -          
[51.196s][info][gc,heap     ] GC(66)   Garbage:         -              2314M (57%)         114M (3%)           40M (1%)             -                  -          
[51.196s][info][gc,heap     ] GC(66) Reclaimed:         -                  -              2200M (54%)        2274M (56%)            -                  -          
[51.196s][info][gc          ] GC(66) Garbage Collection (Allocation Rate) 2522M(62%)->310M(8%)
[51.196s][info][gc,start    ] GC(67) Garbage Collection (System.gc())
[51.196s][info][gc,task     ] GC(67) Using 12 workers
[51.196s][info][gc,phases   ] GC(67) Pause Mark Start 0.012ms
[51.242s][info][gc,phases   ] GC(67) Concurrent Mark 45.609ms
[51.242s][info][gc,phases   ] GC(67) Pause Mark End 0.020ms
[51.242s][info][gc,phases   ] GC(67) Concurrent Mark Free 0.001ms
[51.244s][info][gc,phases   ] GC(67) Concurrent Process Non-Strong References 1.926ms
[51.244s][info][gc,phases   ] GC(67) Concurrent Reset Relocation Set 0.004ms
[51.247s][info][gc,phases   ] GC(67) Concurrent Select Relocation Set 2.452ms
[51.247s][info][gc,phases   ] GC(67) Pause Relocate Start 0.005ms
[51.247s][info][gc,phases   ] GC(67) Concurrent Relocate 0.397ms
[51.247s][info][gc,load     ] GC(67) Load: 0.00/0.00/0.00
[51.247s][info][gc,mmu      ] GC(67) MMU: 2ms/96.6%, 5ms/98.7%, 10ms/99.3%, 20ms/99.6%, 50ms/99.8%, 100ms/99.9%
[51.247s][info][gc,marking  ] GC(67) Mark: 8 stripe(s), 1 proactive flush(es), 1 terminate flush(es), 0 completion(s), 0 continuation(s) 
[51.247s][info][gc,marking  ] GC(67) Mark Stack Usage: 32M
[51.247s][info][gc,nmethod  ] GC(67) NMethods: 8756 registered, 426 unregistered
[51.247s][info][gc,metaspace] GC(67) Metaspace: 59M used, 60M committed, 1088M reserved
[51.247s][info][gc,ref      ] GC(67) Soft: 4710 encountered, 0 discovered, 0 enqueued
[51.247s][info][gc,ref      ] GC(67) Weak: 6113 encountered, 1019 discovered, 133 enqueued
[51.247s][info][gc,ref      ] GC(67) Final: 124 encountered, 13 discovered, 0 enqueued
[51.247s][info][gc,ref      ] GC(67) Phantom: 608 encountered, 531 discovered, 0 enqueued
[51.247s][info][gc,reloc    ] GC(67) Small Pages: 130 / 260M, Empty: 20M, Relocated: 0M, In-Place: 0
[51.247s][info][gc,reloc    ] GC(67) Medium Pages: 1 / 32M, Empty: 0M, Relocated: 0M, In-Place: 0
[51.247s][info][gc,reloc    ] GC(67) Large Pages: 3 / 18M, Empty: 6M, Relocated: 0M, In-Place: 0
[51.247s][info][gc,reloc    ] GC(67) Forwarding Usage: 0M
[51.247s][info][gc,heap     ] GC(67) Min Capacity: 8M(0%)
[51.247s][info][gc,heap     ] GC(67) Max Capacity: 4096M(100%)
[51.247s][info][gc,heap     ] GC(67) Soft Max Capacity: 4096M(100%)
[51.247s][info][gc,heap     ] GC(67)                Mark Start          Mark End        Relocate Start      Relocate End           High               Low         
[51.247s][info][gc,heap     ] GC(67)  Capacity:     2582M (63%)        2582M (63%)        2582M (63%)        2582M (63%)        2582M (63%)        2582M (63%)    
[51.247s][info][gc,heap     ] GC(67)      Free:     3786M (92%)        3786M (92%)        3780M (92%)        3796M (93%)        3796M (93%)        3758M (92%)    
[51.247s][info][gc,heap     ] GC(67)      Used:      310M (8%)          310M (8%)          316M (8%)          300M (7%)          338M (8%)          300M (7%)     
[51.247s][info][gc,heap     ] GC(67)      Live:         -               206M (5%)          206M (5%)          206M (5%)             -                  -          
[51.247s][info][gc,heap     ] GC(67) Allocated:         -                 0M (0%)           32M (1%)           33M (1%)             -                  -          
[51.247s][info][gc,heap     ] GC(67)   Garbage:         -               103M (3%)           77M (2%)           59M (1%)             -                  -          
[51.247s][info][gc,heap     ] GC(67) Reclaimed:         -                  -                26M (1%)           43M (1%)             -                  -          
[51.247s][info][gc          ] GC(67) Garbage Collection (System.gc()) 310M(8%)->300M(7%)
[51.945s][info][gc,start    ] GC(68) Garbage Collection (Allocation Rate)
[51.945s][info][gc,task     ] GC(68) Using 2 workers
[51.945s][info][gc,phases   ] GC(68) Pause Mark Start 0.016ms
[52.112s][info][gc,phases   ] GC(68) Concurrent Mark 167.212ms
[52.113s][info][gc,phases   ] GC(68) Pause Mark End 0.029ms
[52.113s][info][gc,phases   ] GC(68) Concurrent Mark Free 0.001ms
[52.127s][info][gc,phases   ] GC(68) Concurrent Process Non-Strong References 13.846ms
[52.127s][info][gc,phases   ] GC(68) Concurrent Reset Relocation Set 0.002ms
[52.131s][info][gc,phases   ] GC(68) Concurrent Select Relocation Set 3.829ms
[52.131s][info][gc,phases   ] GC(68) Pause Relocate Start 0.009ms
[52.132s][info][gc,phases   ] GC(68) Concurrent Relocate 1.334ms
[52.132s][info][gc,load     ] GC(68) Load: 0.00/0.00/0.00
[52.132s][info][gc,mmu      ] GC(68) MMU: 2ms/96.6%, 5ms/98.7%, 10ms/99.3%, 20ms/99.6%, 50ms/99.8%, 100ms/99.9%
[52.132s][info][gc,marking  ] GC(68) Mark: 2 stripe(s), 2 proactive flush(es), 1 terminate flush(es), 0 completion(s), 0 continuation(s) 
[52.132s][info][gc,marking  ] GC(68) Mark Stack Usage: 32M
[52.132s][info][gc,nmethod  ] GC(68) NMethods: 8822 registered, 432 unregistered
[52.132s][info][gc,metaspace] GC(68) Metaspace: 59M used, 60M committed, 1088M reserved
[52.132s][info][gc,ref      ] GC(68) Soft: 4712 encountered, 0 discovered, 0 enqueued
[52.132s][info][gc,ref      ] GC(68) Weak: 6127 encountered, 2752 discovered, 67 enqueued
[52.132s][info][gc,ref      ] GC(68) Final: 124 encountered, 101 discovered, 0 enqueued
[52.132s][info][gc,ref      ] GC(68) Phantom: 608 encountered, 596 discovered, 0 enqueued
[52.133s][info][gc,reloc    ] GC(68) Small Pages: 1211 / 2422M, Empty: 2140M, Relocated: 0M, In-Place: 0
[52.133s][info][gc,reloc    ] GC(68) Medium Pages: 2 / 64M, Empty: 32M, Relocated: 0M, In-Place: 0
[52.133s][info][gc,reloc    ] GC(68) Large Pages: 4 / 24M, Empty: 12M, Relocated: 0M, In-Place: 0
[52.133s][info][gc,reloc    ] GC(68) Forwarding Usage: 0M
[52.133s][info][gc,heap     ] GC(68) Min Capacity: 8M(0%)
[52.133s][info][gc,heap     ] GC(68) Max Capacity: 4096M(100%)
[52.133s][info][gc,heap     ] GC(68) Soft Max Capacity: 4096M(100%)
[52.133s][info][gc,heap     ] GC(68)                Mark Start          Mark End        Relocate Start      Relocate End           High               Low         
[52.133s][info][gc,heap     ] GC(68)  Capacity:     2582M (63%)        2582M (63%)        2582M (63%)        2582M (63%)        2582M (63%)        2582M (63%)    
[52.133s][info][gc,heap     ] GC(68)      Free:     1586M (39%)        1520M (37%)        3698M (90%)        3778M (92%)        3778M (92%)        1520M (37%)    
[52.133s][info][gc,heap     ] GC(68)      Used:     2510M (61%)        2576M (63%)         398M (10%)         318M (8%)         2576M (63%)         318M (8%)     
[52.133s][info][gc,heap     ] GC(68)      Live:         -               207M (5%)          207M (5%)          207M (5%)             -                  -          
[52.133s][info][gc,heap     ] GC(68) Allocated:         -                66M (2%)           72M (2%)           72M (2%)             -                  -          
[52.133s][info][gc,heap     ] GC(68)   Garbage:         -              2302M (56%)         118M (3%)           38M (1%)             -                  -          
[52.133s][info][gc,heap     ] GC(68) Reclaimed:         -                  -              2184M (53%)        2264M (55%)            -                  -          
[52.133s][info][gc          ] GC(68) Garbage Collection (Allocation Rate) 2510M(61%)->318M(8%)
[52.133s][info][gc,start    ] GC(69) Garbage Collection (System.gc())
[52.133s][info][gc,task     ] GC(69) Using 12 workers
[52.133s][info][gc,phases   ] GC(69) Pause Mark Start 0.009ms
[52.191s][info][gc,phases   ] GC(69) Concurrent Mark 57.386ms
[52.191s][info][gc,phases   ] GC(69) Pause Mark End 0.031ms
[52.191s][info][gc,phases   ] GC(69) Concurrent Mark Free 0.001ms
[52.193s][info][gc,phases   ] GC(69) Concurrent Process Non-Strong References 2.168ms
[52.193s][info][gc,phases   ] GC(69) Concurrent Reset Relocation Set 0.004ms
[52.197s][info][gc,phases   ] GC(69) Concurrent Select Relocation Set 4.064ms
[52.197s][info][gc,phases   ] GC(69) Pause Relocate Start 0.007ms
[52.198s][info][gc,phases   ] GC(69) Concurrent Relocate 0.745ms
[52.198s][info][gc,load     ] GC(69) Load: 0.00/0.00/0.00
[52.198s][info][gc,mmu      ] GC(69) MMU: 2ms/96.6%, 5ms/98.7%, 10ms/99.3%, 20ms/99.6%, 50ms/99.8%, 100ms/99.9%
[52.198s][info][gc,marking  ] GC(69) Mark: 8 stripe(s), 1 proactive flush(es), 1 terminate flush(es), 0 completion(s), 0 continuation(s) 
[52.198s][info][gc,marking  ] GC(69) Mark Stack Usage: 32M
[52.198s][info][gc,nmethod  ] GC(69) NMethods: 8820 registered, 434 unregistered
[52.198s][info][gc,metaspace] GC(69) Metaspace: 59M used, 60M committed, 1088M reserved
[52.198s][info][gc,ref      ] GC(69) Soft: 4710 encountered, 0 discovered, 0 enqueued
[52.198s][info][gc,ref      ] GC(69) Weak: 6137 encountered, 1149 discovered, 147 enqueued
[52.199s][info][gc,ref      ] GC(69) Final: 124 encountered, 4 discovered, 0 enqueued
[52.199s][info][gc,ref      ] GC(69) Phantom: 608 encountered, 362 discovered, 0 enqueued
[52.199s][info][gc,reloc    ] GC(69) Small Pages: 134 / 268M, Empty: 34M, Relocated: 0M, In-Place: 0
[52.199s][info][gc,reloc    ] GC(69) Medium Pages: 1 / 32M, Empty: 0M, Relocated: 0M, In-Place: 0
[52.199s][info][gc,reloc    ] GC(69) Large Pages: 3 / 18M, Empty: 6M, Relocated: 0M, In-Place: 0
[52.199s][info][gc,reloc    ] GC(69) Forwarding Usage: 0M
[52.199s][info][gc,heap     ] GC(69) Min Capacity: 8M(0%)
[52.199s][info][gc,heap     ] GC(69) Max Capacity: 4096M(100%)
[52.199s][info][gc,heap     ] GC(69) Soft Max Capacity: 4096M(100%)
[52.199s][info][gc,heap     ] GC(69)                Mark Start          Mark End        Relocate Start      Relocate End           High               Low         
[52.199s][info][gc,heap     ] GC(69)  Capacity:     2582M (63%)        2582M (63%)        2582M (63%)        2582M (63%)        2582M (63%)        2582M (63%)    
[52.199s][info][gc,heap     ] GC(69)      Free:     3778M (92%)        3778M (92%)        3784M (92%)        3796M (93%)        3796M (93%)        3744M (91%)    
[52.199s][info][gc,heap     ] GC(69)      Used:      318M (8%)          318M (8%)          312M (8%)          300M (7%)          352M (9%)          300M (7%)     
[52.199s][info][gc,heap     ] GC(69)      Live:         -               206M (5%)          206M (5%)          206M (5%)             -                  -          
[52.199s][info][gc,heap     ] GC(69) Allocated:         -                 0M (0%)           34M (1%)           34M (1%)             -                  -          
[52.199s][info][gc,heap     ] GC(69)   Garbage:         -               111M (3%)           71M (2%)           59M (1%)             -                  -          
[52.199s][info][gc,heap     ] GC(69) Reclaimed:         -                  -                40M (1%)           52M (1%)             -                  -          
[52.199s][info][gc          ] GC(69) Garbage Collection (System.gc()) 318M(8%)->300M(7%)
[52.944s][info][gc,start    ] GC(70) Garbage Collection (System.gc())
[52.944s][info][gc,task     ] GC(70) Using 12 workers
[52.944s][info][gc,phases   ] GC(70) Pause Mark Start 0.017ms
[53.003s][info][gc,phases   ] GC(70) Concurrent Mark 58.583ms
[53.003s][info][gc,phases   ] GC(70) Pause Mark End 0.027ms
[53.003s][info][gc,phases   ] GC(70) Concurrent Mark Free 0.001ms
[53.005s][info][gc,phases   ] GC(70) Concurrent Process Non-Strong References 2.184ms
[53.005s][info][gc,phases   ] GC(70) Concurrent Reset Relocation Set 0.002ms
[53.009s][info][gc,phases   ] GC(70) Concurrent Select Relocation Set 3.235ms
[53.009s][info][gc,phases   ] GC(70) Pause Relocate Start 0.006ms
[53.009s][info][gc,phases   ] GC(70) Concurrent Relocate 0.639ms
[53.009s][info][gc,load     ] GC(70) Load: 0.00/0.00/0.00
[53.010s][info][gc,mmu      ] GC(70) MMU: 2ms/96.6%, 5ms/98.7%, 10ms/99.3%, 20ms/99.6%, 50ms/99.8%, 100ms/99.9%
[53.010s][info][gc,marking  ] GC(70) Mark: 8 stripe(s), 3 proactive flush(es), 1 terminate flush(es), 0 completion(s), 0 continuation(s) 
[53.010s][info][gc,marking  ] GC(70) Mark Stack Usage: 32M
[53.010s][info][gc,nmethod  ] GC(70) NMethods: 8833 registered, 449 unregistered
[53.010s][info][gc,metaspace] GC(70) Metaspace: 59M used, 60M committed, 1088M reserved
[53.010s][info][gc,ref      ] GC(70) Soft: 4710 encountered, 0 discovered, 0 enqueued
[53.010s][info][gc,ref      ] GC(70) Weak: 6186 encountered, 2087 discovered, 201 enqueued
[53.010s][info][gc,ref      ] GC(70) Final: 124 encountered, 120 discovered, 0 enqueued
[53.010s][info][gc,ref      ] GC(70) Phantom: 608 encountered, 549 discovered, 0 enqueued
[53.010s][info][gc,reloc    ] GC(70) Small Pages: 1230 / 2460M, Empty: 2188M, Relocated: 0M, In-Place: 0
[53.010s][info][gc,reloc    ] GC(70) Medium Pages: 2 / 64M, Empty: 32M, Relocated: 0M, In-Place: 0
[53.010s][info][gc,reloc    ] GC(70) Large Pages: 5 / 30M, Empty: 18M, Relocated: 0M, In-Place: 0
[53.010s][info][gc,reloc    ] GC(70) Forwarding Usage: 0M
[53.010s][info][gc,heap     ] GC(70) Min Capacity: 8M(0%)
[53.010s][info][gc,heap     ] GC(70) Max Capacity: 4096M(100%)
[53.010s][info][gc,heap     ] GC(70) Soft Max Capacity: 4096M(100%)
[53.010s][info][gc,heap     ] GC(70)                Mark Start          Mark End        Relocate Start      Relocate End           High               Low         
[53.010s][info][gc,heap     ] GC(70)  Capacity:     2582M (63%)        2582M (63%)        2582M (63%)        2582M (63%)        2582M (63%)        2582M (63%)    
[53.010s][info][gc,heap     ] GC(70)      Free:     1542M (38%)        1540M (38%)        3754M (92%)        3804M (93%)        3804M (93%)        1540M (38%)    
[53.010s][info][gc,heap     ] GC(70)      Used:     2554M (62%)        2556M (62%)         342M (8%)          292M (7%)         2556M (62%)         292M (7%)     
[53.010s][info][gc,heap     ] GC(70)      Live:         -               206M (5%)          206M (5%)          206M (5%)             -                  -          
[53.010s][info][gc,heap     ] GC(70) Allocated:         -                 2M (0%)           26M (1%)           25M (1%)             -                  -          
[53.010s][info][gc,heap     ] GC(70)   Garbage:         -              2347M (57%)         109M (3%)           59M (1%)             -                  -          
[53.010s][info][gc,heap     ] GC(70) Reclaimed:         -                  -              2238M (55%)        2287M (56%)            -                  -          
[53.010s][info][gc          ] GC(70) Garbage Collection (System.gc()) 2554M(62%)->292M(7%)
[53.643s][info][gc,start    ] GC(71) Garbage Collection (Allocation Rate)
[53.643s][info][gc,task     ] GC(71) Using 3 workers
[53.644s][info][gc,phases   ] GC(71) Pause Mark Start 0.018ms
[53.768s][info][gc,phases   ] GC(71) Concurrent Mark 124.534ms
[53.769s][info][gc,phases   ] GC(71) Pause Mark End 0.027ms
[53.769s][info][gc,phases   ] GC(71) Concurrent Mark Free 0.001ms
[53.776s][info][gc,phases   ] GC(71) Concurrent Process Non-Strong References 6.858ms
[53.776s][info][gc,phases   ] GC(71) Concurrent Reset Relocation Set 0.005ms
[53.780s][info][gc,phases   ] GC(71) Concurrent Select Relocation Set 3.885ms
[53.780s][info][gc,phases   ] GC(71) Pause Relocate Start 0.009ms
[53.781s][info][gc,phases   ] GC(71) Concurrent Relocate 1.283ms
[53.781s][info][gc,load     ] GC(71) Load: 0.00/0.00/0.00
[53.781s][info][gc,mmu      ] GC(71) MMU: 2ms/96.6%, 5ms/98.7%, 10ms/99.3%, 20ms/99.6%, 50ms/99.8%, 100ms/99.9%
[53.781s][info][gc,marking  ] GC(71) Mark: 2 stripe(s), 2 proactive flush(es), 1 terminate flush(es), 0 completion(s), 0 continuation(s) 
[53.781s][info][gc,marking  ] GC(71) Mark Stack Usage: 32M
[53.781s][info][gc,nmethod  ] GC(71) NMethods: 8843 registered, 457 unregistered
[53.781s][info][gc,metaspace] GC(71) Metaspace: 59M used, 60M committed, 1088M reserved
[53.781s][info][gc,ref      ] GC(71) Soft: 4712 encountered, 0 discovered, 0 enqueued
[53.781s][info][gc,ref      ] GC(71) Weak: 6135 encountered, 2645 discovered, 68 enqueued
[53.781s][info][gc,ref      ] GC(71) Final: 124 encountered, 90 discovered, 0 enqueued
[53.781s][info][gc,ref      ] GC(71) Phantom: 608 encountered, 419 discovered, 0 enqueued
[53.781s][info][gc,reloc    ] GC(71) Small Pages: 1095 / 2190M, Empty: 1912M, Relocated: 0M, In-Place: 0
[53.781s][info][gc,reloc    ] GC(71) Medium Pages: 2 / 64M, Empty: 32M, Relocated: 0M, In-Place: 0
[53.781s][info][gc,reloc    ] GC(71) Large Pages: 4 / 24M, Empty: 12M, Relocated: 0M, In-Place: 0
[53.781s][info][gc,reloc    ] GC(71) Forwarding Usage: 0M
[53.782s][info][gc,heap     ] GC(71) Min Capacity: 8M(0%)
[53.782s][info][gc,heap     ] GC(71) Max Capacity: 4096M(100%)
[53.782s][info][gc,heap     ] GC(71) Soft Max Capacity: 4096M(100%)
[53.782s][info][gc,heap     ] GC(71)                Mark Start          Mark End        Relocate Start      Relocate End           High               Low         
[53.782s][info][gc,heap     ] GC(71)  Capacity:     2582M (63%)        2582M (63%)        2582M (63%)        2582M (63%)        2582M (63%)        2582M (63%)    
[53.782s][info][gc,heap     ] GC(71)      Free:     1818M (44%)        1524M (37%)        3476M (85%)        3550M (87%)        3550M (87%)        1524M (37%)    
[53.782s][info][gc,heap     ] GC(71)      Used:     2278M (56%)        2572M (63%)         620M (15%)         546M (13%)        2572M (63%)         546M (13%)    
[53.782s][info][gc,heap     ] GC(71)      Live:         -               207M (5%)          207M (5%)          207M (5%)             -                  -          
[53.782s][info][gc,heap     ] GC(71) Allocated:         -               294M (7%)          298M (7%)          298M (7%)             -                  -          
[53.782s][info][gc,heap     ] GC(71)   Garbage:         -              2070M (51%)         114M (3%)           40M (1%)             -                  -          
[53.782s][info][gc,heap     ] GC(71) Reclaimed:         -                  -              1956M (48%)        2030M (50%)            -                  -          
[53.782s][info][gc          ] GC(71) Garbage Collection (Allocation Rate) 2278M(56%)->546M(13%)
[53.782s][info][gc,start    ] GC(72) Garbage Collection (System.gc())
[53.782s][info][gc,task     ] GC(72) Using 12 workers
[53.782s][info][gc,phases   ] GC(72) Pause Mark Start 0.010ms
[53.831s][info][gc,phases   ] GC(72) Concurrent Mark 48.666ms
[53.831s][info][gc,phases   ] GC(72) Pause Mark End 0.022ms
[53.831s][info][gc,phases   ] GC(72) Concurrent Mark Free 0.001ms
[53.833s][info][gc,phases   ] GC(72) Concurrent Process Non-Strong References 2.068ms
[53.833s][info][gc,phases   ] GC(72) Concurrent Reset Relocation Set 0.005ms
[53.837s][info][gc,phases   ] GC(72) Concurrent Select Relocation Set 3.502ms
[53.837s][info][gc,phases   ] GC(72) Pause Relocate Start 0.006ms
[53.838s][info][gc,phases   ] GC(72) Concurrent Relocate 0.637ms
[53.838s][info][gc,load     ] GC(72) Load: 0.00/0.00/0.00
[53.838s][info][gc,mmu      ] GC(72) MMU: 2ms/96.6%, 5ms/98.7%, 10ms/99.3%, 20ms/99.6%, 50ms/99.8%, 100ms/99.9%
[53.838s][info][gc,marking  ] GC(72) Mark: 8 stripe(s), 2 proactive flush(es), 1 terminate flush(es), 0 completion(s), 0 continuation(s) 
[53.838s][info][gc,marking  ] GC(72) Mark Stack Usage: 32M
[53.838s][info][gc,nmethod  ] GC(72) NMethods: 8844 registered, 461 unregistered
[53.838s][info][gc,metaspace] GC(72) Metaspace: 59M used, 60M committed, 1088M reserved
[53.838s][info][gc,ref      ] GC(72) Soft: 4710 encountered, 0 discovered, 0 enqueued
[53.838s][info][gc,ref      ] GC(72) Weak: 6143 encountered, 1028 discovered, 146 enqueued
[53.838s][info][gc,ref      ] GC(72) Final: 124 encountered, 3 discovered, 0 enqueued
[53.838s][info][gc,ref      ] GC(72) Phantom: 608 encountered, 573 discovered, 0 enqueued
[53.838s][info][gc,reloc    ] GC(72) Small Pages: 248 / 496M, Empty: 260M, Relocated: 0M, In-Place: 0
[53.838s][info][gc,reloc    ] GC(72) Medium Pages: 1 / 32M, Empty: 0M, Relocated: 0M, In-Place: 0
[53.838s][info][gc,reloc    ] GC(72) Large Pages: 3 / 18M, Empty: 6M, Relocated: 0M, In-Place: 0
[53.838s][info][gc,reloc    ] GC(72) Forwarding Usage: 0M
[53.838s][info][gc,heap     ] GC(72) Min Capacity: 8M(0%)
[53.838s][info][gc,heap     ] GC(72) Max Capacity: 4096M(100%)
[53.838s][info][gc,heap     ] GC(72) Soft Max Capacity: 4096M(100%)
[53.838s][info][gc,heap     ] GC(72)                Mark Start          Mark End        Relocate Start      Relocate End           High               Low         
[53.838s][info][gc,heap     ] GC(72)  Capacity:     2582M (63%)        2582M (63%)        2582M (63%)        2582M (63%)        2582M (63%)        2582M (63%)    
[53.838s][info][gc,heap     ] GC(72)      Free:     3550M (87%)        3550M (87%)        3790M (93%)        3804M (93%)        3804M (93%)        3548M (87%)    
[53.838s][info][gc,heap     ] GC(72)      Used:      546M (13%)         546M (13%)         306M (7%)          292M (7%)          548M (13%)         292M (7%)     
[53.838s][info][gc,heap     ] GC(72)      Live:         -               206M (5%)          206M (5%)          206M (5%)             -                  -          
[53.838s][info][gc,heap     ] GC(72) Allocated:         -                 0M (0%)           26M (1%)           26M (1%)             -                  -          
[53.838s][info][gc,heap     ] GC(72)   Garbage:         -               339M (8%)           73M (2%)           59M (1%)             -                  -          
[53.838s][info][gc,heap     ] GC(72) Reclaimed:         -                  -               266M (6%)          280M (7%)             -                  -          
[53.838s][info][gc          ] GC(72) Garbage Collection (System.gc()) 546M(13%)->292M(7%)
[54.456s][info][gc,start    ] GC(73) Garbage Collection (Allocation Rate)
[54.456s][info][gc,task     ] GC(73) Using 2 workers
[54.456s][info][gc,phases   ] GC(73) Pause Mark Start 0.017ms
[54.627s][info][gc,phases   ] GC(73) Concurrent Mark 171.340ms
[54.628s][info][gc,phases   ] GC(73) Pause Mark End 0.029ms
[54.628s][info][gc,phases   ] GC(73) Concurrent Mark Free 0.001ms
[54.642s][info][gc,phases   ] GC(73) Concurrent Process Non-Strong References 14.608ms
[54.643s][info][gc,phases   ] GC(73) Concurrent Reset Relocation Set 0.002ms
[54.646s][info][gc,phases   ] GC(73) Concurrent Select Relocation Set 3.709ms
[54.646s][info][gc,phases   ] GC(73) Pause Relocate Start 0.007ms
[54.648s][info][gc,phases   ] GC(73) Concurrent Relocate 1.413ms
[54.648s][info][gc,load     ] GC(73) Load: 0.00/0.00/0.00
[54.648s][info][gc,mmu      ] GC(73) MMU: 2ms/96.6%, 5ms/98.7%, 10ms/99.3%, 20ms/99.6%, 50ms/99.8%, 100ms/99.9%
[54.648s][info][gc,marking  ] GC(73) Mark: 2 stripe(s), 2 proactive flush(es), 1 terminate flush(es), 0 completion(s), 0 continuation(s) 
[54.648s][info][gc,marking  ] GC(73) Mark Stack Usage: 32M
[54.648s][info][gc,nmethod  ] GC(73) NMethods: 8905 registered, 464 unregistered
[54.648s][info][gc,metaspace] GC(73) Metaspace: 59M used, 60M committed, 1088M reserved
[54.648s][info][gc,ref      ] GC(73) Soft: 4712 encountered, 0 discovered, 0 enqueued
[54.648s][info][gc,ref      ] GC(73) Weak: 6120 encountered, 2797 discovered, 63 enqueued
[54.648s][info][gc,ref      ] GC(73) Final: 124 encountered, 93 discovered, 0 enqueued
[54.648s][info][gc,ref      ] GC(73) Phantom: 608 encountered, 594 discovered, 0 enqueued
[54.648s][info][gc,reloc    ] GC(73) Small Pages: 1066 / 2132M, Empty: 1848M, Relocated: 0M, In-Place: 0
[54.648s][info][gc,reloc    ] GC(73) Medium Pages: 2 / 64M, Empty: 32M, Relocated: 0M, In-Place: 0
[54.648s][info][gc,reloc    ] GC(73) Large Pages: 4 / 24M, Empty: 12M, Relocated: 0M, In-Place: 0
[54.648s][info][gc,reloc    ] GC(73) Forwarding Usage: 0M
[54.648s][info][gc,heap     ] GC(73) Min Capacity: 8M(0%)
[54.648s][info][gc,heap     ] GC(73) Max Capacity: 4096M(100%)
[54.648s][info][gc,heap     ] GC(73) Soft Max Capacity: 4096M(100%)
[54.648s][info][gc,heap     ] GC(73)                Mark Start          Mark End        Relocate Start      Relocate End           High               Low         
[54.648s][info][gc,heap     ] GC(73)  Capacity:     2582M (63%)        2582M (63%)        2582M (63%)        2582M (63%)        2582M (63%)        2582M (63%)    
[54.649s][info][gc,heap     ] GC(73)      Free:     1876M (46%)        1518M (37%)        3406M (83%)        3488M (85%)        3488M (85%)        1518M (37%)    
[54.649s][info][gc,heap     ] GC(73)      Used:     2220M (54%)        2578M (63%)         690M (17%)         608M (15%)        2578M (63%)         608M (15%)    
[54.649s][info][gc,heap     ] GC(73)      Live:         -               207M (5%)          207M (5%)          207M (5%)             -                  -          
[54.649s][info][gc,heap     ] GC(73) Allocated:         -               358M (9%)          362M (9%)          362M (9%)             -                  -          
[54.649s][info][gc,heap     ] GC(73)   Garbage:         -              2012M (49%)         120M (3%)           38M (1%)             -                  -          
[54.649s][info][gc,heap     ] GC(73) Reclaimed:         -                  -              1892M (46%)        1974M (48%)            -                  -          
[54.649s][info][gc          ] GC(73) Garbage Collection (Allocation Rate) 2220M(54%)->608M(15%)
[54.649s][info][gc,start    ] GC(74) Garbage Collection (System.gc())
[54.649s][info][gc,task     ] GC(74) Using 12 workers
[54.649s][info][gc,phases   ] GC(74) Pause Mark Start 0.009ms
[54.706s][info][gc,phases   ] GC(74) Concurrent Mark 56.606ms
[54.706s][info][gc,phases   ] GC(74) Pause Mark End 0.030ms
[54.706s][info][gc,phases   ] GC(74) Concurrent Mark Free 0.001ms
[54.708s][info][gc,phases   ] GC(74) Concurrent Process Non-Strong References 2.012ms
[54.708s][info][gc,phases   ] GC(74) Concurrent Reset Relocation Set 0.005ms
[54.712s][info][gc,phases   ] GC(74) Concurrent Select Relocation Set 3.533ms
[54.712s][info][gc,phases   ] GC(74) Pause Relocate Start 0.007ms
[54.712s][info][gc,phases   ] GC(74) Concurrent Relocate 0.606ms
[54.712s][info][gc,load     ] GC(74) Load: 0.00/0.00/0.00
[54.712s][info][gc,mmu      ] GC(74) MMU: 2ms/96.6%, 5ms/98.7%, 10ms/99.3%, 20ms/99.6%, 50ms/99.8%, 100ms/99.9%
[54.712s][info][gc,marking  ] GC(74) Mark: 8 stripe(s), 1 proactive flush(es), 1 terminate flush(es), 0 completion(s), 0 continuation(s) 
[54.712s][info][gc,marking  ] GC(74) Mark Stack Usage: 32M
[54.713s][info][gc,nmethod  ] GC(74) NMethods: 8899 registered, 471 unregistered
[54.713s][info][gc,metaspace] GC(74) Metaspace: 59M used, 60M committed, 1088M reserved
[54.713s][info][gc,ref      ] GC(74) Soft: 4710 encountered, 0 discovered, 0 enqueued
[54.713s][info][gc,ref      ] GC(74) Weak: 6126 encountered, 936 discovered, 135 enqueued
[54.713s][info][gc,ref      ] GC(74) Final: 124 encountered, 1 discovered, 0 enqueued
[54.713s][info][gc,ref      ] GC(74) Phantom: 608 encountered, 459 discovered, 0 enqueued
[54.713s][info][gc,reloc    ] GC(74) Small Pages: 279 / 558M, Empty: 324M, Relocated: 0M, In-Place: 0
[54.713s][info][gc,reloc    ] GC(74) Medium Pages: 1 / 32M, Empty: 0M, Relocated: 0M, In-Place: 0
[54.713s][info][gc,reloc    ] GC(74) Large Pages: 3 / 18M, Empty: 6M, Relocated: 0M, In-Place: 0
[54.713s][info][gc,reloc    ] GC(74) Forwarding Usage: 0M
[54.713s][info][gc,heap     ] GC(74) Min Capacity: 8M(0%)
[54.713s][info][gc,heap     ] GC(74) Max Capacity: 4096M(100%)
[54.713s][info][gc,heap     ] GC(74) Soft Max Capacity: 4096M(100%)
[54.713s][info][gc,heap     ] GC(74)                Mark Start          Mark End        Relocate Start      Relocate End           High               Low         
[54.713s][info][gc,heap     ] GC(74)  Capacity:     2582M (63%)        2582M (63%)        2582M (63%)        2582M (63%)        2582M (63%)        2582M (63%)    
[54.713s][info][gc,heap     ] GC(74)      Free:     3488M (85%)        3488M (85%)        3784M (92%)        3796M (93%)        3796M (93%)        3486M (85%)    
[54.713s][info][gc,heap     ] GC(74)      Used:      608M (15%)         608M (15%)         312M (8%)          300M (7%)          610M (15%)         300M (7%)     
[54.713s][info][gc,heap     ] GC(74)      Live:         -               206M (5%)          206M (5%)          206M (5%)             -                  -          
[54.713s][info][gc,heap     ] GC(74) Allocated:         -                 0M (0%)           34M (1%)           34M (1%)             -                  -          
[54.713s][info][gc,heap     ] GC(74)   Garbage:         -               401M (10%)          71M (2%)           59M (1%)             -                  -          
[54.713s][info][gc,heap     ] GC(74) Reclaimed:         -                  -               330M (8%)          342M (8%)             -                  -          
[54.713s][info][gc          ] GC(74) Garbage Collection (System.gc()) 608M(15%)->300M(7%)
[55.477s][info][gc,start    ] GC(75) Garbage Collection (System.gc())
[55.477s][info][gc,task     ] GC(75) Using 12 workers
[55.477s][info][gc,phases   ] GC(75) Pause Mark Start 0.015ms
[55.529s][info][gc,phases   ] GC(75) Concurrent Mark 51.793ms
[55.529s][info][gc,phases   ] GC(75) Pause Mark End 0.019ms
[55.529s][info][gc,phases   ] GC(75) Concurrent Mark Free 0.001ms
[55.531s][info][gc,phases   ] GC(75) Concurrent Process Non-Strong References 2.044ms
[55.531s][info][gc,phases   ] GC(75) Concurrent Reset Relocation Set 0.002ms
[55.534s][info][gc,phases   ] GC(75) Concurrent Select Relocation Set 3.001ms
[55.534s][info][gc,phases   ] GC(75) Pause Relocate Start 0.006ms
[55.535s][info][gc,phases   ] GC(75) Concurrent Relocate 0.644ms
[55.535s][info][gc,load     ] GC(75) Load: 0.00/0.00/0.00
[55.535s][info][gc,mmu      ] GC(75) MMU: 2ms/96.6%, 5ms/98.7%, 10ms/99.3%, 20ms/99.6%, 50ms/99.8%, 100ms/99.9%
[55.535s][info][gc,marking  ] GC(75) Mark: 8 stripe(s), 1 proactive flush(es), 1 terminate flush(es), 0 completion(s), 0 continuation(s) 
[55.535s][info][gc,marking  ] GC(75) Mark Stack Usage: 32M
[55.535s][info][gc,nmethod  ] GC(75) NMethods: 9083 registered, 477 unregistered
[55.535s][info][gc,metaspace] GC(75) Metaspace: 59M used, 60M committed, 1088M reserved
[55.535s][info][gc,ref      ] GC(75) Soft: 4710 encountered, 0 discovered, 0 enqueued
[55.535s][info][gc,ref      ] GC(75) Weak: 6214 encountered, 1681 discovered, 208 enqueued
[55.535s][info][gc,ref      ] GC(75) Final: 124 encountered, 4 discovered, 0 enqueued
[55.535s][info][gc,ref      ] GC(75) Phantom: 608 encountered, 461 discovered, 0 enqueued
[55.535s][info][gc,reloc    ] GC(75) Small Pages: 1231 / 2462M, Empty: 2186M, Relocated: 0M, In-Place: 0
[55.535s][info][gc,reloc    ] GC(75) Medium Pages: 2 / 64M, Empty: 32M, Relocated: 0M, In-Place: 0
[55.535s][info][gc,reloc    ] GC(75) Large Pages: 5 / 30M, Empty: 18M, Relocated: 0M, In-Place: 0
[55.535s][info][gc,reloc    ] GC(75) Forwarding Usage: 0M
[55.535s][info][gc,heap     ] GC(75) Min Capacity: 8M(0%)
[55.535s][info][gc,heap     ] GC(75) Max Capacity: 4096M(100%)
[55.535s][info][gc,heap     ] GC(75) Soft Max Capacity: 4096M(100%)
[55.535s][info][gc,heap     ] GC(75)                Mark Start          Mark End        Relocate Start      Relocate End           High               Low         
[55.535s][info][gc,heap     ] GC(75)  Capacity:     2582M (63%)        2582M (63%)        2582M (63%)        2582M (63%)        2582M (63%)        2582M (63%)    
[55.535s][info][gc,heap     ] GC(75)      Free:     1540M (38%)        1540M (38%)        3742M (91%)        3794M (93%)        3794M (93%)        1538M (38%)    
[55.535s][info][gc,heap     ] GC(75)      Used:     2556M (62%)        2556M (62%)         354M (9%)          302M (7%)         2558M (62%)         302M (7%)     
[55.535s][info][gc,heap     ] GC(75)      Live:         -               206M (5%)          206M (5%)          206M (5%)             -                  -          
[55.535s][info][gc,heap     ] GC(75) Allocated:         -                 0M (0%)           34M (1%)           35M (1%)             -                  -          
[55.535s][info][gc,heap     ] GC(75)   Garbage:         -              2349M (57%)         113M (3%)           59M (1%)             -                  -          
[55.535s][info][gc,heap     ] GC(75) Reclaimed:         -                  -              2236M (55%)        2289M (56%)            -                  -          
[55.535s][info][gc          ] GC(75) Garbage Collection (System.gc()) 2556M(62%)->302M(7%)
[56.154s][info][gc,start    ] GC(76) Garbage Collection (Allocation Rate)
[56.154s][info][gc,task     ] GC(76) Using 2 workers
[56.154s][info][gc,phases   ] GC(76) Pause Mark Start 0.015ms
[56.326s][info][gc,phases   ] GC(76) Concurrent Mark 171.404ms
[56.326s][info][gc,phases   ] GC(76) Pause Mark End 0.025ms
[56.326s][info][gc,phases   ] GC(76) Concurrent Mark Free 0.001ms
[56.337s][info][gc,phases   ] GC(76) Concurrent Process Non-Strong References 11.102ms
[56.337s][info][gc,phases   ] GC(76) Concurrent Reset Relocation Set 0.005ms
[56.341s][info][gc,phases   ] GC(76) Concurrent Select Relocation Set 4.285ms
[56.341s][info][gc,phases   ] GC(76) Pause Relocate Start 0.009ms
[56.343s][info][gc,phases   ] GC(76) Concurrent Relocate 1.536ms
[56.343s][info][gc,load     ] GC(76) Load: 0.00/0.00/0.00
[56.343s][info][gc,mmu      ] GC(76) MMU: 2ms/96.6%, 5ms/98.7%, 10ms/99.3%, 20ms/99.6%, 50ms/99.8%, 100ms/99.9%
[56.343s][info][gc,marking  ] GC(76) Mark: 2 stripe(s), 2 proactive flush(es), 1 terminate flush(es), 0 completion(s), 0 continuation(s) 
[56.343s][info][gc,marking  ] GC(76) Mark Stack Usage: 32M
[56.343s][info][gc,nmethod  ] GC(76) NMethods: 9110 registered, 482 unregistered
[56.343s][info][gc,metaspace] GC(76) Metaspace: 59M used, 60M committed, 1088M reserved
[56.343s][info][gc,ref      ] GC(76) Soft: 4712 encountered, 0 discovered, 0 enqueued
[56.343s][info][gc,ref      ] GC(76) Weak: 6124 encountered, 2996 discovered, 64 enqueued
[56.343s][info][gc,ref      ] GC(76) Final: 124 encountered, 86 discovered, 0 enqueued
[56.343s][info][gc,ref      ] GC(76) Phantom: 608 encountered, 589 discovered, 0 enqueued
[56.343s][info][gc,reloc    ] GC(76) Small Pages: 1062 / 2124M, Empty: 1840M, Relocated: 0M, In-Place: 0
[56.343s][info][gc,reloc    ] GC(76) Medium Pages: 2 / 64M, Empty: 32M, Relocated: 0M, In-Place: 0
[56.344s][info][gc,reloc    ] GC(76) Large Pages: 4 / 24M, Empty: 12M, Relocated: 0M, In-Place: 0
[56.344s][info][gc,reloc    ] GC(76) Forwarding Usage: 0M
[56.344s][info][gc,heap     ] GC(76) Min Capacity: 8M(0%)
[56.344s][info][gc,heap     ] GC(76) Max Capacity: 4096M(100%)
[56.344s][info][gc,heap     ] GC(76) Soft Max Capacity: 4096M(100%)
[56.344s][info][gc,heap     ] GC(76)                Mark Start          Mark End        Relocate Start      Relocate End           High               Low         
[56.344s][info][gc,heap     ] GC(76)  Capacity:     2582M (63%)        2582M (63%)        2582M (63%)        2582M (63%)        2582M (63%)        2582M (63%)    
[56.344s][info][gc,heap     ] GC(76)      Free:     1884M (46%)        1514M (37%)        3396M (83%)        3478M (85%)        3478M (85%)        1514M (37%)    
[56.344s][info][gc,heap     ] GC(76)      Used:     2212M (54%)        2582M (63%)         700M (17%)         618M (15%)        2582M (63%)         618M (15%)    
[56.344s][info][gc,heap     ] GC(76)      Live:         -               207M (5%)          207M (5%)          207M (5%)             -                  -          
[56.344s][info][gc,heap     ] GC(76) Allocated:         -               370M (9%)          372M (9%)          372M (9%)             -                  -          
[56.344s][info][gc,heap     ] GC(76)   Garbage:         -              2004M (49%)         120M (3%)           38M (1%)             -                  -          
[56.344s][info][gc,heap     ] GC(76) Reclaimed:         -                  -              1884M (46%)        1966M (48%)            -                  -          
[56.344s][info][gc          ] GC(76) Garbage Collection (Allocation Rate) 2212M(54%)->618M(15%)
[56.344s][info][gc,start    ] GC(77) Garbage Collection (System.gc())
[56.344s][info][gc,task     ] GC(77) Using 12 workers
[56.344s][info][gc,phases   ] GC(77) Pause Mark Start 0.009ms
[56.404s][info][gc,phases   ] GC(77) Concurrent Mark 59.369ms
[56.404s][info][gc,phases   ] GC(77) Pause Mark End 0.024ms
[56.404s][info][gc,phases   ] GC(77) Concurrent Mark Free 0.001ms
[56.406s][info][gc,phases   ] GC(77) Concurrent Process Non-Strong References 2.400ms
[56.406s][info][gc,phases   ] GC(77) Concurrent Reset Relocation Set 0.004ms
[56.409s][info][gc,phases   ] GC(77) Concurrent Select Relocation Set 2.769ms
[56.409s][info][gc,phases   ] GC(77) Pause Relocate Start 0.007ms
[56.410s][info][gc,phases   ] GC(77) Concurrent Relocate 0.895ms
[56.410s][info][gc,load     ] GC(77) Load: 0.00/0.00/0.00
[56.410s][info][gc,mmu      ] GC(77) MMU: 2ms/96.6%, 5ms/98.7%, 10ms/99.3%, 20ms/99.6%, 50ms/99.8%, 100ms/99.9%
[56.410s][info][gc,marking  ] GC(77) Mark: 8 stripe(s), 1 proactive flush(es), 1 terminate flush(es), 0 completion(s), 0 continuation(s) 
[56.410s][info][gc,marking  ] GC(77) Mark Stack Usage: 32M
[56.410s][info][gc,nmethod  ] GC(77) NMethods: 9107 registered, 485 unregistered
[56.410s][info][gc,metaspace] GC(77) Metaspace: 59M used, 60M committed, 1088M reserved
[56.410s][info][gc,ref      ] GC(77) Soft: 4710 encountered, 0 discovered, 0 enqueued
[56.410s][info][gc,ref      ] GC(77) Weak: 6122 encountered, 1471 discovered, 133 enqueued
[56.410s][info][gc,ref      ] GC(77) Final: 124 encountered, 119 discovered, 0 enqueued
[56.410s][info][gc,ref      ] GC(77) Phantom: 608 encountered, 564 discovered, 0 enqueued
[56.410s][info][gc,reloc    ] GC(77) Small Pages: 284 / 568M, Empty: 334M, Relocated: 0M, In-Place: 0
[56.410s][info][gc,reloc    ] GC(77) Medium Pages: 1 / 32M, Empty: 0M, Relocated: 0M, In-Place: 0
[56.410s][info][gc,reloc    ] GC(77) Large Pages: 3 / 18M, Empty: 6M, Relocated: 0M, In-Place: 0
[56.410s][info][gc,reloc    ] GC(77) Forwarding Usage: 0M
[56.410s][info][gc,heap     ] GC(77) Min Capacity: 8M(0%)
[56.410s][info][gc,heap     ] GC(77) Max Capacity: 4096M(100%)
[56.410s][info][gc,heap     ] GC(77) Soft Max Capacity: 4096M(100%)
[56.410s][info][gc,heap     ] GC(77)                Mark Start          Mark End        Relocate Start      Relocate End           High               Low         
[56.410s][info][gc,heap     ] GC(77)  Capacity:     2582M (63%)        2582M (63%)        2582M (63%)        2582M (63%)        2582M (63%)        2582M (63%)    
[56.411s][info][gc,heap     ] GC(77)      Free:     3478M (85%)        3478M (85%)        3790M (93%)        3802M (93%)        3802M (93%)        3476M (85%)    
[56.411s][info][gc,heap     ] GC(77)      Used:      618M (15%)         618M (15%)         306M (7%)          294M (7%)          620M (15%)         294M (7%)     
[56.411s][info][gc,heap     ] GC(77)      Live:         -               206M (5%)          206M (5%)          206M (5%)             -                  -          
[56.411s][info][gc,heap     ] GC(77) Allocated:         -                 0M (0%)           28M (1%)           28M (1%)             -                  -          
[56.411s][info][gc,heap     ] GC(77)   Garbage:         -               411M (10%)          71M (2%)           59M (1%)             -                  -          
[56.411s][info][gc,heap     ] GC(77) Reclaimed:         -                  -               340M (8%)          352M (9%)             -                  -          
[56.411s][info][gc          ] GC(77) Garbage Collection (System.gc()) 618M(15%)->294M(7%)
[57.156s][info][gc,start    ] GC(78) Garbage Collection (Allocation Rate)
[57.156s][info][gc,task     ] GC(78) Using 3 workers
[57.157s][info][gc,phases   ] GC(78) Pause Mark Start 0.015ms
[57.274s][info][gc,phases   ] GC(78) Concurrent Mark 117.502ms
[57.274s][info][gc,phases   ] GC(78) Pause Mark End 0.029ms
[57.274s][info][gc,phases   ] GC(78) Concurrent Mark Free 0.001ms
[57.285s][info][gc,phases   ] GC(78) Concurrent Process Non-Strong References 10.335ms
[57.285s][info][gc,phases   ] GC(78) Concurrent Reset Relocation Set 0.004ms
[57.289s][info][gc,phases   ] GC(78) Concurrent Select Relocation Set 4.400ms
[57.290s][info][gc,phases   ] GC(78) Pause Relocate Start 0.008ms
[57.291s][info][gc,phases   ] GC(78) Concurrent Relocate 1.392ms
[57.291s][info][gc,load     ] GC(78) Load: 0.00/0.00/0.00
[57.291s][info][gc,mmu      ] GC(78) MMU: 2ms/96.6%, 5ms/98.7%, 10ms/99.3%, 20ms/99.6%, 50ms/99.8%, 100ms/99.9%
[57.291s][info][gc,marking  ] GC(78) Mark: 2 stripe(s), 2 proactive flush(es), 1 terminate flush(es), 0 completion(s), 0 continuation(s) 
[57.291s][info][gc,marking  ] GC(78) Mark Stack Usage: 32M
[57.291s][info][gc,nmethod  ] GC(78) NMethods: 9112 registered, 488 unregistered
[57.291s][info][gc,metaspace] GC(78) Metaspace: 59M used, 60M committed, 1088M reserved
[57.291s][info][gc,ref      ] GC(78) Soft: 4712 encountered, 0 discovered, 0 enqueued
[57.291s][info][gc,ref      ] GC(78) Weak: 6208 encountered, 3176 discovered, 77 enqueued
[57.291s][info][gc,ref      ] GC(78) Final: 124 encountered, 102 discovered, 0 enqueued
[57.291s][info][gc,ref      ] GC(78) Phantom: 608 encountered, 543 discovered, 0 enqueued
[57.291s][info][gc,reloc    ] GC(78) Small Pages: 1229 / 2458M, Empty: 2188M, Relocated: 1M, In-Place: 0
[57.291s][info][gc,reloc    ] GC(78) Medium Pages: 2 / 64M, Empty: 32M, Relocated: 0M, In-Place: 0
[57.292s][info][gc,reloc    ] GC(78) Large Pages: 5 / 30M, Empty: 18M, Relocated: 0M, In-Place: 0
[57.292s][info][gc,reloc    ] GC(78) Forwarding Usage: 0M
[57.292s][info][gc,heap     ] GC(78) Min Capacity: 8M(0%)
[57.292s][info][gc,heap     ] GC(78) Max Capacity: 4096M(100%)
[57.292s][info][gc,heap     ] GC(78) Soft Max Capacity: 4096M(100%)
[57.292s][info][gc,heap     ] GC(78)                Mark Start          Mark End        Relocate Start      Relocate End           High               Low         
[57.292s][info][gc,heap     ] GC(78)  Capacity:     2582M (63%)        2582M (63%)        2582M (63%)        2582M (63%)        2582M (63%)        2582M (63%)    
[57.292s][info][gc,heap     ] GC(78)      Free:     1544M (38%)        1522M (37%)        3748M (92%)        3814M (93%)        3814M (93%)        1520M (37%)    
[57.292s][info][gc,heap     ] GC(78)      Used:     2552M (62%)        2574M (63%)         348M (8%)          282M (7%)         2576M (63%)         282M (7%)     
[57.292s][info][gc,heap     ] GC(78)      Live:         -               207M (5%)          207M (5%)          207M (5%)             -                  -          
[57.292s][info][gc,heap     ] GC(78) Allocated:         -                22M (1%)           34M (1%)           34M (1%)             -                  -          
[57.292s][info][gc,heap     ] GC(78)   Garbage:         -              2344M (57%)         106M (3%)           40M (1%)             -                  -          
[57.292s][info][gc,heap     ] GC(78) Reclaimed:         -                  -              2238M (55%)        2304M (56%)            -                  -          
[57.292s][info][gc          ] GC(78) Garbage Collection (Allocation Rate) 2552M(62%)->282M(7%)
[57.292s][info][gc,start    ] GC(79) Garbage Collection (System.gc())
[57.292s][info][gc,task     ] GC(79) Using 12 workers
[57.292s][info][gc,phases   ] GC(79) Pause Mark Start 0.009ms
[57.352s][info][gc,phases   ] GC(79) Concurrent Mark 60.053ms
[57.352s][info][gc,phases   ] GC(79) Pause Mark End 0.027ms
[57.352s][info][gc,phases   ] GC(79) Concurrent Mark Free 0.001ms
[57.355s][info][gc,phases   ] GC(79) Concurrent Process Non-Strong References 2.095ms
[57.355s][info][gc,phases   ] GC(79) Concurrent Reset Relocation Set 0.004ms
[57.358s][info][gc,phases   ] GC(79) Concurrent Select Relocation Set 3.584ms
[57.358s][info][gc,phases   ] GC(79) Pause Relocate Start 0.008ms
[57.359s][info][gc,phases   ] GC(79) Concurrent Relocate 0.646ms
[57.359s][info][gc,load     ] GC(79) Load: 0.00/0.00/0.00
[57.359s][info][gc,mmu      ] GC(79) MMU: 2ms/96.6%, 5ms/98.7%, 10ms/99.3%, 20ms/99.6%, 50ms/99.8%, 100ms/99.9%
[57.359s][info][gc,marking  ] GC(79) Mark: 8 stripe(s), 3 proactive flush(es), 1 terminate flush(es), 0 completion(s), 0 continuation(s) 
[57.359s][info][gc,marking  ] GC(79) Mark Stack Usage: 32M
[57.359s][info][gc,nmethod  ] GC(79) NMethods: 9111 registered, 489 unregistered
[57.359s][info][gc,metaspace] GC(79) Metaspace: 59M used, 60M committed, 1088M reserved
[57.359s][info][gc,ref      ] GC(79) Soft: 4710 encountered, 0 discovered, 0 enqueued
[57.359s][info][gc,ref      ] GC(79) Weak: 6138 encountered, 1368 discovered, 139 enqueued
[57.359s][info][gc,ref      ] GC(79) Final: 124 encountered, 15 discovered, 0 enqueued
[57.359s][info][gc,ref      ] GC(79) Phantom: 608 encountered, 414 discovered, 0 enqueued
[57.359s][info][gc,reloc    ] GC(79) Small Pages: 119 / 238M, Empty: 0M, Relocated: 0M, In-Place: 0
[57.359s][info][gc,reloc    ] GC(79) Medium Pages: 1 / 32M, Empty: 0M, Relocated: 0M, In-Place: 0
[57.359s][info][gc,reloc    ] GC(79) Large Pages: 2 / 12M, Empty: 0M, Relocated: 0M, In-Place: 0
[57.360s][info][gc,reloc    ] GC(79) Forwarding Usage: 0M
[57.360s][info][gc,heap     ] GC(79) Min Capacity: 8M(0%)
[57.360s][info][gc,heap     ] GC(79) Max Capacity: 4096M(100%)
[57.360s][info][gc,heap     ] GC(79) Soft Max Capacity: 4096M(100%)
[57.360s][info][gc,heap     ] GC(79)                Mark Start          Mark End        Relocate Start      Relocate End           High               Low         
[57.360s][info][gc,heap     ] GC(79)  Capacity:     2582M (63%)        2582M (63%)        2582M (63%)        2582M (63%)        2582M (63%)        2582M (63%)    
[57.360s][info][gc,heap     ] GC(79)      Free:     3814M (93%)        3814M (93%)        3786M (92%)        3802M (93%)        3814M (93%)        3770M (92%)    
[57.360s][info][gc,heap     ] GC(79)      Used:      282M (7%)          282M (7%)          310M (8%)          294M (7%)          326M (8%)          282M (7%)     
[57.360s][info][gc,heap     ] GC(79)      Live:         -               206M (5%)          206M (5%)          206M (5%)             -                  -          
[57.360s][info][gc,heap     ] GC(79) Allocated:         -                 0M (0%)           28M (1%)           28M (1%)             -                  -          
[57.360s][info][gc,heap     ] GC(79)   Garbage:         -                75M (2%)           75M (2%)           59M (1%)             -                  -          
[57.360s][info][gc,heap     ] GC(79) Reclaimed:         -                  -                 0M (0%)           16M (0%)             -                  -          
[57.360s][info][gc          ] GC(79) Garbage Collection (System.gc()) 282M(7%)->294M(7%)
[58.098s][info][gc,start    ] GC(80) Garbage Collection (System.gc())
[58.098s][info][gc,task     ] GC(80) Using 12 workers
[58.098s][info][gc,phases   ] GC(80) Pause Mark Start 0.015ms
[58.149s][info][gc,phases   ] GC(80) Concurrent Mark 50.632ms
[58.149s][info][gc,phases   ] GC(80) Pause Mark End 0.026ms
[58.149s][info][gc,phases   ] GC(80) Concurrent Mark Free 0.000ms
[58.151s][info][gc,phases   ] GC(80) Concurrent Process Non-Strong References 1.989ms
[58.151s][info][gc,phases   ] GC(80) Concurrent Reset Relocation Set 0.002ms
[58.153s][info][gc,phases   ] GC(80) Concurrent Select Relocation Set 2.341ms
[58.154s][info][gc,phases   ] GC(80) Pause Relocate Start 0.006ms
[58.155s][info][gc,phases   ] GC(80) Concurrent Relocate 0.992ms
[58.155s][info][gc,load     ] GC(80) Load: 0.00/0.00/0.00
[58.155s][info][gc,mmu      ] GC(80) MMU: 2ms/96.6%, 5ms/98.7%, 10ms/99.3%, 20ms/99.6%, 50ms/99.8%, 100ms/99.9%
[58.155s][info][gc,marking  ] GC(80) Mark: 8 stripe(s), 2 proactive flush(es), 1 terminate flush(es), 0 completion(s), 0 continuation(s) 
[58.155s][info][gc,marking  ] GC(80) Mark Stack Usage: 32M
[58.155s][info][gc,nmethod  ] GC(80) NMethods: 9117 registered, 495 unregistered
[58.155s][info][gc,metaspace] GC(80) Metaspace: 59M used, 60M committed, 1088M reserved
[58.155s][info][gc,ref      ] GC(80) Soft: 4710 encountered, 0 discovered, 0 enqueued
[58.155s][info][gc,ref      ] GC(80) Weak: 6185 encountered, 1547 discovered, 195 enqueued
[58.155s][info][gc,ref      ] GC(80) Final: 124 encountered, 4 discovered, 0 enqueued
[58.155s][info][gc,ref      ] GC(80) Phantom: 608 encountered, 448 discovered, 0 enqueued
[58.155s][info][gc,reloc    ] GC(80) Small Pages: 1228 / 2456M, Empty: 2190M, Relocated: 0M, In-Place: 0
[58.155s][info][gc,reloc    ] GC(80) Medium Pages: 2 / 64M, Empty: 32M, Relocated: 0M, In-Place: 0
[58.155s][info][gc,reloc    ] GC(80) Large Pages: 5 / 30M, Empty: 18M, Relocated: 0M, In-Place: 0
[58.155s][info][gc,reloc    ] GC(80) Forwarding Usage: 0M
[58.155s][info][gc,heap     ] GC(80) Min Capacity: 8M(0%)
[58.155s][info][gc,heap     ] GC(80) Max Capacity: 4096M(100%)
[58.155s][info][gc,heap     ] GC(80) Soft Max Capacity: 4096M(100%)
[58.155s][info][gc,heap     ] GC(80)                Mark Start          Mark End        Relocate Start      Relocate End           High               Low         
[58.155s][info][gc,heap     ] GC(80)  Capacity:     2582M (63%)        2582M (63%)        2582M (63%)        2582M (63%)        2582M (63%)        2582M (63%)    
[58.155s][info][gc,heap     ] GC(80)      Free:     1546M (38%)        1544M (38%)        3752M (92%)        3794M (93%)        3794M (93%)        1544M (38%)    
[58.155s][info][gc,heap     ] GC(80)      Used:     2550M (62%)        2552M (62%)         344M (8%)          302M (7%)         2552M (62%)         302M (7%)     
[58.155s][info][gc,heap     ] GC(80)      Live:         -               207M (5%)          207M (5%)          207M (5%)             -                  -          
[58.155s][info][gc,heap     ] GC(80) Allocated:         -                 2M (0%)           34M (1%)           35M (1%)             -                  -          
[58.155s][info][gc,heap     ] GC(80)   Garbage:         -              2342M (57%)         102M (3%)           58M (1%)             -                  -          
[58.155s][info][gc,heap     ] GC(80) Reclaimed:         -                  -              2240M (55%)        2283M (56%)            -                  -          
[58.155s][info][gc          ] GC(80) Garbage Collection (System.gc()) 2550M(62%)->302M(7%)
[58.843s][info][gc,start    ] GC(81) Garbage Collection (Allocation Rate)
[58.843s][info][gc,task     ] GC(81) Using 3 workers
[58.843s][info][gc,phases   ] GC(81) Pause Mark Start 0.017ms
[58.967s][info][gc,phases   ] GC(81) Concurrent Mark 123.981ms
[58.968s][info][gc,phases   ] GC(81) Pause Mark End 0.024ms
[58.968s][info][gc,phases   ] GC(81) Concurrent Mark Free 0.001ms
[58.978s][info][gc,phases   ] GC(81) Concurrent Process Non-Strong References 10.409ms
[58.978s][info][gc,phases   ] GC(81) Concurrent Reset Relocation Set 0.005ms
[58.982s][info][gc,phases   ] GC(81) Concurrent Select Relocation Set 3.926ms
[58.982s][info][gc,phases   ] GC(81) Pause Relocate Start 0.005ms
[58.984s][info][gc,phases   ] GC(81) Concurrent Relocate 1.526ms
[58.984s][info][gc,load     ] GC(81) Load: 0.00/0.00/0.00
[58.984s][info][gc,mmu      ] GC(81) MMU: 2ms/96.6%, 5ms/98.7%, 10ms/99.3%, 20ms/99.6%, 50ms/99.8%, 100ms/99.9%
[58.984s][info][gc,marking  ] GC(81) Mark: 2 stripe(s), 2 proactive flush(es), 1 terminate flush(es), 0 completion(s), 0 continuation(s) 
[58.984s][info][gc,marking  ] GC(81) Mark Stack Usage: 32M
[58.984s][info][gc,nmethod  ] GC(81) NMethods: 9142 registered, 497 unregistered
[58.984s][info][gc,metaspace] GC(81) Metaspace: 59M used, 60M committed, 1088M reserved
[58.984s][info][gc,ref      ] GC(81) Soft: 4712 encountered, 0 discovered, 0 enqueued
[58.984s][info][gc,ref      ] GC(81) Weak: 6138 encountered, 2729 discovered, 68 enqueued
[58.984s][info][gc,ref      ] GC(81) Final: 124 encountered, 86 discovered, 0 enqueued
[58.984s][info][gc,ref      ] GC(81) Phantom: 608 encountered, 540 discovered, 0 enqueued
[58.984s][info][gc,reloc    ] GC(81) Small Pages: 1167 / 2334M, Empty: 2054M, Relocated: 1M, In-Place: 0
[58.984s][info][gc,reloc    ] GC(81) Medium Pages: 2 / 64M, Empty: 32M, Relocated: 0M, In-Place: 0
[58.984s][info][gc,reloc    ] GC(81) Large Pages: 4 / 24M, Empty: 12M, Relocated: 0M, In-Place: 0
[58.984s][info][gc,reloc    ] GC(81) Forwarding Usage: 0M
[58.984s][info][gc,heap     ] GC(81) Min Capacity: 8M(0%)
[58.984s][info][gc,heap     ] GC(81) Max Capacity: 4096M(100%)
[58.984s][info][gc,heap     ] GC(81) Soft Max Capacity: 4096M(100%)
[58.984s][info][gc,heap     ] GC(81)                Mark Start          Mark End        Relocate Start      Relocate End           High               Low         
[58.984s][info][gc,heap     ] GC(81)  Capacity:     2582M (63%)        2582M (63%)        2582M (63%)        2582M (63%)        2582M (63%)        2582M (63%)    
[58.984s][info][gc,heap     ] GC(81)      Free:     1674M (41%)        1522M (37%)        3612M (88%)        3688M (90%)        3688M (90%)        1522M (37%)    
[58.985s][info][gc,heap     ] GC(81)      Used:     2422M (59%)        2574M (63%)         484M (12%)         408M (10%)        2574M (63%)         408M (10%)    
[58.985s][info][gc,heap     ] GC(81)      Live:         -               207M (5%)          207M (5%)          207M (5%)             -                  -          
[58.985s][info][gc,heap     ] GC(81) Allocated:         -               152M (4%)          160M (4%)          160M (4%)             -                  -          
[58.985s][info][gc,heap     ] GC(81)   Garbage:         -              2214M (54%)         116M (3%)           40M (1%)             -                  -          
[58.985s][info][gc,heap     ] GC(81) Reclaimed:         -                  -              2098M (51%)        2174M (53%)            -                  -          
[58.985s][info][gc          ] GC(81) Garbage Collection (Allocation Rate) 2422M(59%)->408M(10%)
[58.985s][info][gc,start    ] GC(82) Garbage Collection (System.gc())
[58.985s][info][gc,task     ] GC(82) Using 12 workers
[58.985s][info][gc,phases   ] GC(82) Pause Mark Start 0.012ms
[59.030s][info][gc,phases   ] GC(82) Concurrent Mark 44.900ms
[59.030s][info][gc,phases   ] GC(82) Pause Mark End 0.030ms
[59.030s][info][gc,phases   ] GC(82) Concurrent Mark Free 0.001ms
[59.032s][info][gc,phases   ] GC(82) Concurrent Process Non-Strong References 2.056ms
[59.032s][info][gc,phases   ] GC(82) Concurrent Reset Relocation Set 0.004ms
[59.036s][info][gc,phases   ] GC(82) Concurrent Select Relocation Set 3.529ms
[59.036s][info][gc,phases   ] GC(82) Pause Relocate Start 0.006ms
[59.037s][info][gc,phases   ] GC(82) Concurrent Relocate 0.648ms
[59.037s][info][gc,load     ] GC(82) Load: 0.00/0.00/0.00
[59.037s][info][gc,mmu      ] GC(82) MMU: 2ms/96.6%, 5ms/98.7%, 10ms/99.3%, 20ms/99.6%, 50ms/99.8%, 100ms/99.9%
[59.037s][info][gc,marking  ] GC(82) Mark: 8 stripe(s), 2 proactive flush(es), 1 terminate flush(es), 0 completion(s), 0 continuation(s) 
[59.037s][info][gc,marking  ] GC(82) Mark Stack Usage: 32M
[59.037s][info][gc,nmethod  ] GC(82) NMethods: 9140 registered, 499 unregistered
[59.037s][info][gc,metaspace] GC(82) Metaspace: 59M used, 60M committed, 1088M reserved
[59.037s][info][gc,ref      ] GC(82) Soft: 4710 encountered, 0 discovered, 0 enqueued
[59.037s][info][gc,ref      ] GC(82) Weak: 6146 encountered, 1755 discovered, 147 enqueued
[59.037s][info][gc,ref      ] GC(82) Final: 124 encountered, 103 discovered, 0 enqueued
[59.037s][info][gc,ref      ] GC(82) Phantom: 608 encountered, 594 discovered, 0 enqueued
[59.037s][info][gc,reloc    ] GC(82) Small Pages: 179 / 358M, Empty: 118M, Relocated: 0M, In-Place: 0
[59.037s][info][gc,reloc    ] GC(82) Medium Pages: 1 / 32M, Empty: 0M, Relocated: 0M, In-Place: 0
[59.037s][info][gc,reloc    ] GC(82) Large Pages: 3 / 18M, Empty: 6M, Relocated: 0M, In-Place: 0
[59.037s][info][gc,reloc    ] GC(82) Forwarding Usage: 0M
[59.037s][info][gc,heap     ] GC(82) Min Capacity: 8M(0%)
[59.037s][info][gc,heap     ] GC(82) Max Capacity: 4096M(100%)
[59.037s][info][gc,heap     ] GC(82) Soft Max Capacity: 4096M(100%)
[59.037s][info][gc,heap     ] GC(82)                Mark Start          Mark End        Relocate Start      Relocate End           High               Low         
[59.037s][info][gc,heap     ] GC(82)  Capacity:     2582M (63%)        2582M (63%)        2582M (63%)        2582M (63%)        2582M (63%)        2582M (63%)    
[59.037s][info][gc,heap     ] GC(82)      Free:     3688M (90%)        3688M (90%)        3782M (92%)        3800M (93%)        3800M (93%)        3658M (89%)    
[59.037s][info][gc,heap     ] GC(82)      Used:      408M (10%)         408M (10%)         314M (8%)          296M (7%)          438M (11%)         296M (7%)     
[59.037s][info][gc,heap     ] GC(82)      Live:         -               207M (5%)          207M (5%)          207M (5%)             -                  -          
[59.037s][info][gc,heap     ] GC(82) Allocated:         -                 0M (0%)           30M (1%)           30M (1%)             -                  -          
[59.037s][info][gc,heap     ] GC(82)   Garbage:         -               200M (5%)           76M (2%)           58M (1%)             -                  -          
[59.037s][info][gc,heap     ] GC(82) Reclaimed:         -                  -               124M (3%)          142M (3%)             -                  -          
[59.037s][info][gc          ] GC(82) Garbage Collection (System.gc()) 408M(10%)->296M(7%)
[59.753s][info][gc,start    ] GC(83) Garbage Collection (Allocation Rate)
[59.753s][info][gc,task     ] GC(83) Using 2 workers
[59.754s][info][gc,phases   ] GC(83) Pause Mark Start 0.016ms
[59.939s][info][gc,phases   ] GC(83) Concurrent Mark 184.866ms
[59.939s][info][gc,phases   ] GC(83) Pause Mark End 0.028ms
[59.939s][info][gc,phases   ] GC(83) Concurrent Mark Free 0.001ms
[59.953s][info][gc,phases   ] GC(83) Concurrent Process Non-Strong References 13.914ms
[59.953s][info][gc,phases   ] GC(83) Concurrent Reset Relocation Set 0.002ms
[59.957s][info][gc,phases   ] GC(83) Concurrent Select Relocation Set 3.729ms
[59.957s][info][gc,phases   ] GC(83) Pause Relocate Start 0.006ms
[59.958s][info][gc,phases   ] GC(83) Concurrent Relocate 1.590ms
[59.959s][info][gc,load     ] GC(83) Load: 0.00/0.00/0.00
[59.959s][info][gc,mmu      ] GC(83) MMU: 2ms/96.6%, 5ms/98.7%, 10ms/99.3%, 20ms/99.6%, 50ms/99.8%, 100ms/99.9%
[59.959s][info][gc,marking  ] GC(83) Mark: 2 stripe(s), 2 proactive flush(es), 1 terminate flush(es), 0 completion(s), 0 continuation(s) 
[59.959s][info][gc,marking  ] GC(83) Mark Stack Usage: 32M
[59.959s][info][gc,nmethod  ] GC(83) NMethods: 9174 registered, 502 unregistered
[59.959s][info][gc,metaspace] GC(83) Metaspace: 59M used, 60M committed, 1088M reserved
[59.959s][info][gc,ref      ] GC(83) Soft: 4711 encountered, 0 discovered, 0 enqueued
[59.959s][info][gc,ref      ] GC(83) Weak: 6122 encountered, 2000 discovered, 63 enqueued
[59.959s][info][gc,ref      ] GC(83) Final: 124 encountered, 1 discovered, 0 enqueued
[59.959s][info][gc,ref      ] GC(83) Phantom: 608 encountered, 596 discovered, 0 enqueued
[59.959s][info][gc,reloc    ] GC(83) Small Pages: 1226 / 2452M, Empty: 2180M, Relocated: 1M, In-Place: 0
[59.959s][info][gc,reloc    ] GC(83) Medium Pages: 2 / 64M, Empty: 32M, Relocated: 0M, In-Place: 0
[59.959s][info][gc,reloc    ] GC(83) Large Pages: 4 / 24M, Empty: 12M, Relocated: 0M, In-Place: 0
[59.959s][info][gc,reloc    ] GC(83) Forwarding Usage: 0M
[59.959s][info][gc,heap     ] GC(83) Min Capacity: 8M(0%)
[59.959s][info][gc,heap     ] GC(83) Max Capacity: 4096M(100%)
[59.959s][info][gc,heap     ] GC(83) Soft Max Capacity: 4096M(100%)
[59.959s][info][gc,heap     ] GC(83)                Mark Start          Mark End        Relocate Start      Relocate End           High               Low         
[59.959s][info][gc,heap     ] GC(83)  Capacity:     2582M (63%)        2582M (63%)        2582M (63%)        2582M (63%)        2582M (63%)        2582M (63%)    
[59.959s][info][gc,heap     ] GC(83)      Free:     1556M (38%)        1516M (37%)        3738M (91%)        3808M (93%)        3808M (93%)        1516M (37%)    
[59.959s][info][gc,heap     ] GC(83)      Used:     2540M (62%)        2580M (63%)         358M (9%)          288M (7%)         2580M (63%)         288M (7%)     
[59.959s][info][gc,heap     ] GC(83)      Live:         -               207M (5%)          207M (5%)          207M (5%)             -                  -          
[59.959s][info][gc,heap     ] GC(83) Allocated:         -                40M (1%)           42M (1%)           42M (1%)             -                  -          
[59.959s][info][gc,heap     ] GC(83)   Garbage:         -              2332M (57%)         108M (3%)           38M (1%)             -                  -          
[59.959s][info][gc,heap     ] GC(83) Reclaimed:         -                  -              2224M (54%)        2294M (56%)            -                  -          
[59.959s][info][gc          ] GC(83) Garbage Collection (Allocation Rate) 2540M(62%)->288M(7%)
[59.959s][info][gc,start    ] GC(84) Garbage Collection (System.gc())
[59.959s][info][gc,task     ] GC(84) Using 12 workers
[59.959s][info][gc,phases   ] GC(84) Pause Mark Start 0.009ms
[60.017s][info][gc,phases   ] GC(84) Concurrent Mark 57.110ms
[60.017s][info][gc,phases   ] GC(84) Pause Mark End 0.023ms
[60.017s][info][gc,phases   ] GC(84) Concurrent Mark Free 0.001ms
[60.019s][info][gc,phases   ] GC(84) Concurrent Process Non-Strong References 2.204ms
[60.019s][info][gc,phases   ] GC(84) Concurrent Reset Relocation Set 0.005ms
[60.023s][info][gc,phases   ] GC(84) Concurrent Select Relocation Set 3.495ms
[60.023s][info][gc,phases   ] GC(84) Pause Relocate Start 0.008ms
[60.024s][info][gc,phases   ] GC(84) Concurrent Relocate 1.042ms
[60.024s][info][gc,load     ] GC(84) Load: 0.00/0.00/0.00
[60.024s][info][gc,mmu      ] GC(84) MMU: 2ms/96.6%, 5ms/98.7%, 10ms/99.3%, 20ms/99.6%, 50ms/99.8%, 100ms/99.9%
[60.024s][info][gc,marking  ] GC(84) Mark: 8 stripe(s), 2 proactive flush(es), 1 terminate flush(es), 0 completion(s), 0 continuation(s) 
[60.024s][info][gc,marking  ] GC(84) Mark Stack Usage: 32M
[60.024s][info][gc,nmethod  ] GC(84) NMethods: 9173 registered, 503 unregistered
[60.024s][info][gc,metaspace] GC(84) Metaspace: 59M used, 60M committed, 1088M reserved
[60.024s][info][gc,ref      ] GC(84) Soft: 4710 encountered, 0 discovered, 0 enqueued
[60.024s][info][gc,ref      ] GC(84) Weak: 6124 encountered, 1406 discovered, 134 enqueued
[60.024s][info][gc,ref      ] GC(84) Final: 124 encountered, 9 discovered, 0 enqueued
[60.024s][info][gc,ref      ] GC(84) Phantom: 608 encountered, 490 discovered, 0 enqueued
[60.024s][info][gc,reloc    ] GC(84) Small Pages: 119 / 238M, Empty: 0M, Relocated: 0M, In-Place: 0
[60.024s][info][gc,reloc    ] GC(84) Medium Pages: 1 / 32M, Empty: 0M, Relocated: 0M, In-Place: 0
[60.024s][info][gc,reloc    ] GC(84) Large Pages: 3 / 18M, Empty: 6M, Relocated: 0M, In-Place: 0
[60.024s][info][gc,reloc    ] GC(84) Forwarding Usage: 0M
[60.024s][info][gc,heap     ] GC(84) Min Capacity: 8M(0%)
[60.024s][info][gc,heap     ] GC(84) Max Capacity: 4096M(100%)
[60.024s][info][gc,heap     ] GC(84) Soft Max Capacity: 4096M(100%)
[60.024s][info][gc,heap     ] GC(84)                Mark Start          Mark End        Relocate Start      Relocate End           High               Low         
[60.025s][info][gc,heap     ] GC(84)  Capacity:     2582M (63%)        2582M (63%)        2582M (63%)        2582M (63%)        2582M (63%)        2582M (63%)    
[60.025s][info][gc,heap     ] GC(84)      Free:     3808M (93%)        3808M (93%)        3782M (92%)        3798M (93%)        3808M (93%)        3768M (92%)    
[60.025s][info][gc,heap     ] GC(84)      Used:      288M (7%)          288M (7%)          314M (8%)          298M (7%)          328M (8%)          288M (7%)     
[60.025s][info][gc,heap     ] GC(84)      Live:         -               207M (5%)          207M (5%)          207M (5%)             -                  -          
[60.025s][info][gc,heap     ] GC(84) Allocated:         -                 0M (0%)           32M (1%)           32M (1%)             -                  -          
[60.025s][info][gc,heap     ] GC(84)   Garbage:         -                80M (2%)           74M (2%)           58M (1%)             -                  -          
[60.025s][info][gc,heap     ] GC(84) Reclaimed:         -                  -                 6M (0%)           22M (1%)             -                  -          
[60.025s][info][gc          ] GC(84) Garbage Collection (System.gc()) 288M(7%)->298M(7%)
[60.150s][info][gc,stats    ] === Garbage Collection Statistics =======================================================================================================================
[60.150s][info][gc,stats    ]                                                              Last 10s              Last 10m              Last 10h                Total
[60.150s][info][gc,stats    ]                                                              Avg / Max             Avg / Max             Avg / Max             Avg / Max
[60.150s][info][gc,stats    ]   Collector: Garbage Collection Cycle                    104.467 / 205.128     105.810 / 354.479     105.810 / 354.479     105.810 / 354.479     ms
[60.150s][info][gc,stats    ]  Contention: Mark Segment Reset Contention                    10 / 19                5 / 19                5 / 19                5 / 19          ops/s
[60.150s][info][gc,stats    ]  Contention: Mark SeqNum Reset Contention                      0 / 1                 0 / 3                 0 / 3                 0 / 3           ops/s
[60.151s][info][gc,stats    ]    Critical: Allocation Stall                                  0 / 0                 0 / 0                 0 / 0                 0 / 0           ops/s
[60.151s][info][gc,stats    ]    Critical: Allocation Stall                              0.000 / 0.000         0.000 / 0.000         0.000 / 0.000         0.000 / 0.000       ms
[60.151s][info][gc,stats    ]    Critical: GC Locker Stall                                   0 / 0                 0 / 1                 0 / 1                 0 / 1           ops/s
[60.151s][info][gc,stats    ]    Critical: GC Locker Stall                               0.000 / 0.000         0.001 / 0.001         0.001 / 0.001         0.001 / 0.001       ms
[60.151s][info][gc,stats    ]    Critical: Relocation Stall                                  0 / 0                 0 / 0                 0 / 0                 0 / 0           ops/s
[60.151s][info][gc,stats    ]    Critical: Relocation Stall                              0.000 / 0.000         0.000 / 0.000         0.000 / 0.000         0.000 / 0.000       ms
[60.151s][info][gc,stats    ]      Memory: Allocation Rate                                2569 / 2946           1914 / 2954           1914 / 2954           1914 / 2954        MB/s
[60.151s][info][gc,stats    ]      Memory: Defragment                                        0 / 0                 0 / 0                 0 / 0                 0 / 0           ops/s
[60.151s][info][gc,stats    ]      Memory: Out Of Memory                                     0 / 0                 0 / 0                 0 / 0                 0 / 0           ops/s
[60.151s][info][gc,stats    ]      Memory: Page Cache Flush                                  0 / 0                 0 / 0                 0 / 0                 0 / 0           MB/s
[60.151s][info][gc,stats    ]      Memory: Page Cache Hit L1                              1276 / 1464            932 / 1468            932 / 1468            932 / 1468        ops/s
[60.151s][info][gc,stats    ]      Memory: Page Cache Hit L2                                 0 / 0                 0 / 0                 0 / 0                 0 / 0           ops/s
[60.151s][info][gc,stats    ]      Memory: Page Cache Hit L3                                 0 / 0                16 / 387              16 / 387              16 / 387         ops/s
[60.151s][info][gc,stats    ]      Memory: Page Cache Miss                                   0 / 0                 4 / 124               4 / 124               4 / 124         ops/s
[60.151s][info][gc,stats    ]      Memory: Uncommit                                          0 / 0                 0 / 0                 0 / 0                 0 / 0           MB/s
[60.151s][info][gc,stats    ]      Memory: Undo Object Allocation Failed                     0 / 0                 0 / 0                 0 / 0                 0 / 0           ops/s
[60.151s][info][gc,stats    ]      Memory: Undo Object Allocation Succeeded                  0 / 0                 2 / 128               2 / 128               2 / 128         ops/s
[60.151s][info][gc,stats    ]      Memory: Undo Page Allocation                              0 / 0                 0 / 1                 0 / 1                 0 / 1           ops/s
[60.151s][info][gc,stats    ]       Phase: Concurrent Mark                              92.948 / 184.866      91.080 / 265.094      91.080 / 265.094      91.080 / 265.094     ms
[60.151s][info][gc,stats    ]       Phase: Concurrent Mark Continue                      0.000 / 0.000         0.000 / 0.000         0.000 / 0.000         0.000 / 0.000       ms
[60.151s][info][gc,stats    ]       Phase: Concurrent Mark Free                          0.001 / 0.001         0.001 / 0.002         0.001 / 0.002         0.001 / 0.002       ms
[60.151s][info][gc,stats    ]       Phase: Concurrent Process Non-Strong References      6.015 / 14.608        4.802 / 14.608        4.802 / 14.608        4.802 / 14.608      ms
[60.151s][info][gc,stats    ]       Phase: Concurrent Relocate                           0.988 / 1.590         3.519 / 42.999        3.519 / 42.999        3.519 / 42.999      ms
[60.151s][info][gc,stats    ]       Phase: Concurrent Reset Relocation Set               0.004 / 0.005         0.007 / 0.107         0.007 / 0.107         0.007 / 0.107       ms
[60.151s][info][gc,stats    ]       Phase: Concurrent Select Relocation Set              3.566 / 4.400         5.427 / 51.919        5.427 / 51.919        5.427 / 51.919      ms
[60.151s][info][gc,stats    ]       Phase: Pause Mark End                                0.026 / 0.031         0.027 / 0.067         0.027 / 0.067         0.027 / 0.067       ms
[60.151s][info][gc,stats    ]       Phase: Pause Mark Start                              0.013 / 0.018         0.014 / 0.040         0.014 / 0.040         0.014 / 0.040       ms
[60.151s][info][gc,stats    ]       Phase: Pause Relocate Start                          0.007 / 0.009         0.008 / 0.011         0.008 / 0.011         0.008 / 0.011       ms
[60.151s][info][gc,stats    ]    Subphase: Concurrent Classes Purge                      0.032 / 0.069         0.083 / 1.010         0.083 / 1.010         0.083 / 1.010       ms
[60.152s][info][gc,stats    ]    Subphase: Concurrent Classes Unlink                     4.958 / 12.487        3.792 / 12.487        3.792 / 12.487        3.792 / 12.487      ms
[60.152s][info][gc,stats    ]    Subphase: Concurrent Mark                              58.325 / 168.570      63.345 / 262.214      63.345 / 262.214      63.345 / 262.214     ms
[60.152s][info][gc,stats    ]    Subphase: Concurrent Mark Try Flush                     0.199 / 0.518         0.163 / 0.518         0.163 / 0.518         0.163 / 0.518       ms
[60.152s][info][gc,stats    ]    Subphase: Concurrent Mark Try Terminate                 6.537 / 16.644        7.756 / 16.644        7.756 / 16.644        7.756 / 16.644      ms
[60.152s][info][gc,stats    ]    Subphase: Concurrent References Enqueue                 0.003 / 0.004         0.003 / 0.004         0.003 / 0.004         0.003 / 0.004       ms
[60.152s][info][gc,stats    ]    Subphase: Concurrent References Process                 0.211 / 0.483         0.191 / 0.490         0.191 / 0.490         0.191 / 0.490       ms
[60.152s][info][gc,stats    ]    Subphase: Concurrent Roots ClassLoaderDataGraph         0.108 / 0.554         0.101 / 0.890         0.101 / 0.890         0.101 / 0.890       ms
[60.152s][info][gc,stats    ]    Subphase: Concurrent Roots CodeCache                    0.000 / 0.000         0.000 / 0.000         0.000 / 0.000         0.000 / 0.000       ms
[60.152s][info][gc,stats    ]    Subphase: Concurrent Roots JavaThreads                  5.913 / 16.990        6.793 / 18.983        6.793 / 18.983        6.793 / 18.983      ms
[60.152s][info][gc,stats    ]    Subphase: Concurrent Roots OopStorageSet                0.029 / 0.105         0.030 / 0.302         0.030 / 0.302         0.030 / 0.302       ms
[60.152s][info][gc,stats    ]    Subphase: Concurrent Weak Roots OopStorageSet           0.261 / 1.588         0.252 / 1.589         0.252 / 1.589         0.252 / 1.589       ms
[60.152s][info][gc,stats    ]    Subphase: Pause Mark Try Complete                       0.000 / 0.000         0.002 / 0.008         0.002 / 0.008         0.002 / 0.008       ms
[60.152s][info][gc,stats    ]      System: Java Threads                                    265 / 268             226 / 269             226 / 269             226 / 269         threads
[60.152s][info][gc,stats    ] =========================================================================================================================================================
[60.757s][info][gc,start    ] GC(85) Garbage Collection (Allocation Rate)
[60.757s][info][gc,task     ] GC(85) Using 2 workers
[60.757s][info][gc,phases   ] GC(85) Pause Mark Start 0.016ms
[60.938s][info][gc,phases   ] GC(85) Concurrent Mark 180.457ms
[60.938s][info][gc,phases   ] GC(85) Pause Mark End 0.028ms
[60.938s][info][gc,phases   ] GC(85) Concurrent Mark Free 0.001ms
[60.953s][info][gc,phases   ] GC(85) Concurrent Process Non-Strong References 15.065ms
[60.953s][info][gc,phases   ] GC(85) Concurrent Reset Relocation Set 0.003ms
[60.957s][info][gc,phases   ] GC(85) Concurrent Select Relocation Set 3.974ms
[60.958s][info][gc,phases   ] GC(85) Pause Relocate Start 0.006ms
[60.959s][info][gc,phases   ] GC(85) Concurrent Relocate 1.806ms
[60.960s][info][gc,load     ] GC(85) Load: 0.00/0.00/0.00
[60.960s][info][gc,mmu      ] GC(85) MMU: 2ms/96.6%, 5ms/98.7%, 10ms/99.3%, 20ms/99.6%, 50ms/99.8%, 100ms/99.9%
[60.960s][info][gc,marking  ] GC(85) Mark: 2 stripe(s), 2 proactive flush(es), 1 terminate flush(es), 0 completion(s), 0 continuation(s) 
[60.960s][info][gc,marking  ] GC(85) Mark Stack Usage: 32M
[60.960s][info][gc,nmethod  ] GC(85) NMethods: 9192 registered, 511 unregistered
[60.960s][info][gc,metaspace] GC(85) Metaspace: 59M used, 60M committed, 1088M reserved
[60.960s][info][gc,ref      ] GC(85) Soft: 4712 encountered, 0 discovered, 0 enqueued
[60.960s][info][gc,ref      ] GC(85) Weak: 6209 encountered, 2711 discovered, 77 enqueued
[60.960s][info][gc,ref      ] GC(85) Final: 124 encountered, 87 discovered, 0 enqueued
[60.960s][info][gc,ref      ] GC(85) Phantom: 608 encountered, 596 discovered, 0 enqueued
[60.960s][info][gc,reloc    ] GC(85) Small Pages: 1230 / 2460M, Empty: 2182M, Relocated: 1M, In-Place: 0
[60.960s][info][gc,reloc    ] GC(85) Medium Pages: 2 / 64M, Empty: 32M, Relocated: 0M, In-Place: 0
[60.960s][info][gc,reloc    ] GC(85) Large Pages: 5 / 30M, Empty: 18M, Relocated: 0M, In-Place: 0
[60.960s][info][gc,reloc    ] GC(85) Forwarding Usage: 0M
[60.960s][info][gc,heap     ] GC(85) Min Capacity: 8M(0%)
[60.960s][info][gc,heap     ] GC(85) Max Capacity: 4096M(100%)
[60.960s][info][gc,heap     ] GC(85) Soft Max Capacity: 4096M(100%)
[60.960s][info][gc,heap     ] GC(85)                Mark Start          Mark End        Relocate Start      Relocate End           High               Low         
[60.960s][info][gc,heap     ] GC(85)  Capacity:     2582M (63%)        2582M (63%)        2582M (63%)        2582M (63%)        2582M (63%)        2582M (63%)    
[60.960s][info][gc,heap     ] GC(85)      Free:     1542M (38%)        1518M (37%)        3740M (91%)        3816M (93%)        3816M (93%)        1518M (37%)    
[60.960s][info][gc,heap     ] GC(85)      Used:     2554M (62%)        2578M (63%)         356M (9%)          280M (7%)         2578M (63%)         280M (7%)     
[60.960s][info][gc,heap     ] GC(85)      Live:         -               207M (5%)          207M (5%)          207M (5%)             -                  -          
[60.960s][info][gc,heap     ] GC(85) Allocated:         -                24M (1%)           34M (1%)           34M (1%)             -                  -          
[60.960s][info][gc,heap     ] GC(85)   Garbage:         -              2346M (57%)         114M (3%)           38M (1%)             -                  -          
[60.960s][info][gc,heap     ] GC(85) Reclaimed:         -                  -              2232M (54%)        2308M (56%)            -                  -          
[60.960s][info][gc          ] GC(85) Garbage Collection (Allocation Rate) 2554M(62%)->280M(7%)
[60.960s][info][gc,start    ] GC(86) Garbage Collection (System.gc())
[60.960s][info][gc,task     ] GC(86) Using 12 workers
[60.961s][info][gc,phases   ] GC(86) Pause Mark Start 0.009ms
[61.016s][info][gc,phases   ] GC(86) Concurrent Mark 55.560ms
[61.016s][info][gc,phases   ] GC(86) Pause Mark End 0.018ms
[61.016s][info][gc,phases   ] GC(86) Concurrent Mark Free 0.001ms
[61.018s][info][gc,phases   ] GC(86) Concurrent Process Non-Strong References 2.024ms
[61.018s][info][gc,phases   ] GC(86) Concurrent Reset Relocation Set 0.004ms
[61.022s][info][gc,phases   ] GC(86) Concurrent Select Relocation Set 3.518ms
[61.022s][info][gc,phases   ] GC(86) Pause Relocate Start 0.006ms
[61.023s][info][gc,phases   ] GC(86) Concurrent Relocate 0.873ms
[61.023s][info][gc,load     ] GC(86) Load: 0.00/0.00/0.00
[61.023s][info][gc,mmu      ] GC(86) MMU: 2ms/96.6%, 5ms/98.7%, 10ms/99.3%, 20ms/99.6%, 50ms/99.8%, 100ms/99.9%
[61.023s][info][gc,marking  ] GC(86) Mark: 8 stripe(s), 2 proactive flush(es), 1 terminate flush(es), 0 completion(s), 0 continuation(s) 
[61.023s][info][gc,marking  ] GC(86) Mark Stack Usage: 32M
[61.023s][info][gc,nmethod  ] GC(86) NMethods: 9193 registered, 511 unregistered
[61.023s][info][gc,metaspace] GC(86) Metaspace: 59M used, 60M committed, 1088M reserved
[61.023s][info][gc,ref      ] GC(86) Soft: 4710 encountered, 0 discovered, 0 enqueued
[61.023s][info][gc,ref      ] GC(86) Weak: 6141 encountered, 1683 discovered, 139 enqueued
[61.023s][info][gc,ref      ] GC(86) Final: 124 encountered, 8 discovered, 0 enqueued
[61.023s][info][gc,ref      ] GC(86) Phantom: 608 encountered, 321 discovered, 0 enqueued
[61.023s][info][gc,reloc    ] GC(86) Small Pages: 118 / 236M, Empty: 0M, Relocated: 0M, In-Place: 0
[61.023s][info][gc,reloc    ] GC(86) Medium Pages: 1 / 32M, Empty: 0M, Relocated: 0M, In-Place: 0
[61.023s][info][gc,reloc    ] GC(86) Large Pages: 2 / 12M, Empty: 0M, Relocated: 0M, In-Place: 0
[61.023s][info][gc,reloc    ] GC(86) Forwarding Usage: 0M
[61.024s][info][gc,heap     ] GC(86) Min Capacity: 8M(0%)
[61.024s][info][gc,heap     ] GC(86) Max Capacity: 4096M(100%)
[61.024s][info][gc,heap     ] GC(86) Soft Max Capacity: 4096M(100%)
[61.024s][info][gc,heap     ] GC(86)                Mark Start          Mark End        Relocate Start      Relocate End           High               Low         
[61.024s][info][gc,heap     ] GC(86)  Capacity:     2582M (63%)        2582M (63%)        2582M (63%)        2582M (63%)        2582M (63%)        2582M (63%)    
[61.024s][info][gc,heap     ] GC(86)      Free:     3816M (93%)        3816M (93%)        3796M (93%)        3810M (93%)        3816M (93%)        3776M (92%)    
[61.024s][info][gc,heap     ] GC(86)      Used:      280M (7%)          280M (7%)          300M (7%)          286M (7%)          320M (8%)          280M (7%)     
[61.024s][info][gc,heap     ] GC(86)      Live:         -               207M (5%)          207M (5%)          207M (5%)             -                  -          
[61.024s][info][gc,heap     ] GC(86) Allocated:         -                 0M (0%)           20M (0%)           20M (0%)             -                  -          
[61.024s][info][gc,heap     ] GC(86)   Garbage:         -                72M (2%)           72M (2%)           58M (1%)             -                  -          
[61.024s][info][gc,heap     ] GC(86) Reclaimed:         -                  -                 0M (0%)           14M (0%)             -                  -          
[61.024s][info][gc          ] GC(86) Garbage Collection (System.gc()) 280M(7%)->286M(7%)
[61.756s][info][gc,start    ] GC(87) Garbage Collection (System.gc())
[61.756s][info][gc,task     ] GC(87) Using 12 workers
[61.756s][info][gc,phases   ] GC(87) Pause Mark Start 0.017ms
[61.803s][info][gc,phases   ] GC(87) Concurrent Mark 46.971ms
[61.803s][info][gc,phases   ] GC(87) Pause Mark End 0.031ms
[61.803s][info][gc,phases   ] GC(87) Concurrent Mark Free 0.001ms
[61.805s][info][gc,phases   ] GC(87) Concurrent Process Non-Strong References 2.126ms
[61.805s][info][gc,phases   ] GC(87) Concurrent Reset Relocation Set 0.003ms
[61.809s][info][gc,phases   ] GC(87) Concurrent Select Relocation Set 3.749ms
[61.809s][info][gc,phases   ] GC(87) Pause Relocate Start 0.006ms
[61.810s][info][gc,phases   ] GC(87) Concurrent Relocate 0.679ms
[61.810s][info][gc,load     ] GC(87) Load: 0.00/0.00/0.00
[61.810s][info][gc,mmu      ] GC(87) MMU: 2ms/96.6%, 5ms/98.7%, 10ms/99.3%, 20ms/99.6%, 50ms/99.8%, 100ms/99.9%
[61.810s][info][gc,marking  ] GC(87) Mark: 8 stripe(s), 2 proactive flush(es), 1 terminate flush(es), 0 completion(s), 0 continuation(s) 
[61.810s][info][gc,marking  ] GC(87) Mark Stack Usage: 32M
[61.810s][info][gc,nmethod  ] GC(87) NMethods: 9212 registered, 515 unregistered
[61.810s][info][gc,metaspace] GC(87) Metaspace: 59M used, 60M committed, 1088M reserved
[61.810s][info][gc,ref      ] GC(87) Soft: 4710 encountered, 0 discovered, 0 enqueued
[61.810s][info][gc,ref      ] GC(87) Weak: 6191 encountered, 1786 discovered, 197 enqueued
[61.810s][info][gc,ref      ] GC(87) Final: 124 encountered, 18 discovered, 0 enqueued
[61.810s][info][gc,ref      ] GC(87) Phantom: 608 encountered, 347 discovered, 0 enqueued
[61.810s][info][gc,reloc    ] GC(87) Small Pages: 1225 / 2450M, Empty: 2184M, Relocated: 0M, In-Place: 0
[61.810s][info][gc,reloc    ] GC(87) Medium Pages: 2 / 64M, Empty: 32M, Relocated: 0M, In-Place: 0
[61.810s][info][gc,reloc    ] GC(87) Large Pages: 5 / 30M, Empty: 18M, Relocated: 0M, In-Place: 0
[61.810s][info][gc,reloc    ] GC(87) Forwarding Usage: 0M
[61.810s][info][gc,heap     ] GC(87) Min Capacity: 8M(0%)
[61.810s][info][gc,heap     ] GC(87) Max Capacity: 4096M(100%)
[61.810s][info][gc,heap     ] GC(87) Soft Max Capacity: 4096M(100%)
[61.810s][info][gc,heap     ] GC(87)                Mark Start          Mark End        Relocate Start      Relocate End           High               Low         
[61.811s][info][gc,heap     ] GC(87)  Capacity:     2582M (63%)        2582M (63%)        2582M (63%)        2582M (63%)        2582M (63%)        2582M (63%)    
[61.811s][info][gc,heap     ] GC(87)      Free:     1552M (38%)        1550M (38%)        3758M (92%)        3802M (93%)        3802M (93%)        1550M (38%)    
[61.811s][info][gc,heap     ] GC(87)      Used:     2544M (62%)        2546M (62%)         338M (8%)          294M (7%)         2546M (62%)         294M (7%)     
[61.811s][info][gc,heap     ] GC(87)      Live:         -               207M (5%)          207M (5%)          207M (5%)             -                  -          
[61.811s][info][gc,heap     ] GC(87) Allocated:         -                 2M (0%)           28M (1%)           28M (1%)             -                  -          
[61.811s][info][gc,heap     ] GC(87)   Garbage:         -              2336M (57%)         102M (3%)           58M (1%)             -                  -          
[61.811s][info][gc,heap     ] GC(87) Reclaimed:         -                  -              2234M (55%)        2278M (56%)            -                  -          
[61.811s][info][gc          ] GC(87) Garbage Collection (System.gc()) 2544M(62%)->294M(7%)
[62.443s][info][gc,start    ] GC(88) Garbage Collection (Allocation Rate)
[62.443s][info][gc,task     ] GC(88) Using 3 workers
[62.444s][info][gc,phases   ] GC(88) Pause Mark Start 0.017ms
[62.558s][info][gc,phases   ] GC(88) Concurrent Mark 114.560ms
[62.558s][info][gc,phases   ] GC(88) Pause Mark End 0.027ms
[62.559s][info][gc,phases   ] GC(88) Concurrent Mark Free 0.001ms
[62.573s][info][gc,phases   ] GC(88) Concurrent Process Non-Strong References 14.269ms
[62.573s][info][gc,phases   ] GC(88) Concurrent Reset Relocation Set 0.004ms
[62.575s][info][gc,phases   ] GC(88) Concurrent Select Relocation Set 2.453ms
[62.576s][info][gc,phases   ] GC(88) Pause Relocate Start 0.010ms
[62.577s][info][gc,phases   ] GC(88) Concurrent Relocate 1.670ms
[62.577s][info][gc,load     ] GC(88) Load: 0.00/0.00/0.00
[62.577s][info][gc,mmu      ] GC(88) MMU: 2ms/96.6%, 5ms/98.7%, 10ms/99.3%, 20ms/99.6%, 50ms/99.8%, 100ms/99.9%
[62.577s][info][gc,marking  ] GC(88) Mark: 2 stripe(s), 2 proactive flush(es), 1 terminate flush(es), 0 completion(s), 0 continuation(s) 
[62.577s][info][gc,marking  ] GC(88) Mark Stack Usage: 32M
[62.577s][info][gc,nmethod  ] GC(88) NMethods: 7109 registered, 2702 unregistered
[62.577s][info][gc,metaspace] GC(88) Metaspace: 59M used, 60M committed, 1088M reserved
[62.577s][info][gc,ref      ] GC(88) Soft: 4712 encountered, 0 discovered, 0 enqueued
[62.577s][info][gc,ref      ] GC(88) Weak: 6144 encountered, 2918 discovered, 68 enqueued
[62.577s][info][gc,ref      ] GC(88) Final: 124 encountered, 86 discovered, 0 enqueued
[62.577s][info][gc,ref      ] GC(88) Phantom: 608 encountered, 593 discovered, 0 enqueued
[62.577s][info][gc,reloc    ] GC(88) Small Pages: 1098 / 2196M, Empty: 1920M, Relocated: 1M, In-Place: 0
[62.577s][info][gc,reloc    ] GC(88) Medium Pages: 2 / 64M, Empty: 32M, Relocated: 0M, In-Place: 0
[62.577s][info][gc,reloc    ] GC(88) Large Pages: 4 / 24M, Empty: 12M, Relocated: 0M, In-Place: 0
[62.577s][info][gc,reloc    ] GC(88) Forwarding Usage: 0M
[62.577s][info][gc,heap     ] GC(88) Min Capacity: 8M(0%)
[62.577s][info][gc,heap     ] GC(88) Max Capacity: 4096M(100%)
[62.577s][info][gc,heap     ] GC(88) Soft Max Capacity: 4096M(100%)
[62.577s][info][gc,heap     ] GC(88)                Mark Start          Mark End        Relocate Start      Relocate End           High               Low         
[62.578s][info][gc,heap     ] GC(88)  Capacity:     2582M (63%)        2582M (63%)        2582M (63%)        2582M (63%)        2582M (63%)        2582M (63%)    
[62.578s][info][gc,heap     ] GC(88)      Free:     1812M (44%)        1524M (37%)        3484M (85%)        3556M (87%)        3556M (87%)        1524M (37%)    
[62.578s][info][gc,heap     ] GC(88)      Used:     2284M (56%)        2572M (63%)         612M (15%)         540M (13%)        2572M (63%)         540M (13%)    
[62.578s][info][gc,heap     ] GC(88)      Live:         -               207M (5%)          207M (5%)          207M (5%)             -                  -          
[62.578s][info][gc,heap     ] GC(88) Allocated:         -               288M (7%)          292M (7%)          292M (7%)             -                  -          
[62.578s][info][gc,heap     ] GC(88)   Garbage:         -              2076M (51%)         112M (3%)           40M (1%)             -                  -          
[62.578s][info][gc,heap     ] GC(88) Reclaimed:         -                  -              1964M (48%)        2036M (50%)            -                  -          
[62.578s][info][gc          ] GC(88) Garbage Collection (Allocation Rate) 2284M(56%)->540M(13%)
[62.578s][info][gc,start    ] GC(89) Garbage Collection (System.gc())
[62.578s][info][gc,task     ] GC(89) Using 12 workers
[62.578s][info][gc,phases   ] GC(89) Pause Mark Start 0.009ms
[62.637s][info][gc,phases   ] GC(89) Concurrent Mark 58.721ms
[62.637s][info][gc,phases   ] GC(89) Pause Mark End 0.042ms
[62.637s][info][gc,phases   ] GC(89) Concurrent Mark Free 0.001ms
[62.639s][info][gc,phases   ] GC(89) Concurrent Process Non-Strong References 2.365ms
[62.639s][info][gc,phases   ] GC(89) Concurrent Reset Relocation Set 0.005ms
[62.643s][info][gc,phases   ] GC(89) Concurrent Select Relocation Set 3.574ms
[62.643s][info][gc,phases   ] GC(89) Pause Relocate Start 0.010ms
[62.644s][info][gc,phases   ] GC(89) Concurrent Relocate 0.940ms
[62.644s][info][gc,load     ] GC(89) Load: 0.00/0.00/0.00
[62.644s][info][gc,mmu      ] GC(89) MMU: 2ms/96.6%, 5ms/98.7%, 10ms/99.3%, 20ms/99.6%, 50ms/99.8%, 100ms/99.9%
[62.644s][info][gc,marking  ] GC(89) Mark: 8 stripe(s), 2 proactive flush(es), 1 terminate flush(es), 0 completion(s), 0 continuation(s) 
[62.644s][info][gc,marking  ] GC(89) Mark Stack Usage: 32M
[62.644s][info][gc,nmethod  ] GC(89) NMethods: 7107 registered, 2704 unregistered
[62.644s][info][gc,metaspace] GC(89) Metaspace: 59M used, 60M committed, 1088M reserved
[62.644s][info][gc,ref      ] GC(89) Soft: 4710 encountered, 0 discovered, 0 enqueued
[62.644s][info][gc,ref      ] GC(89) Weak: 6147 encountered, 976 discovered, 145 enqueued
[62.644s][info][gc,ref      ] GC(89) Final: 124 encountered, 11 discovered, 0 enqueued
[62.644s][info][gc,ref      ] GC(89) Phantom: 608 encountered, 317 discovered, 0 enqueued
[62.644s][info][gc,reloc    ] GC(89) Small Pages: 245 / 490M, Empty: 252M, Relocated: 0M, In-Place: 0
[62.645s][info][gc,reloc    ] GC(89) Medium Pages: 1 / 32M, Empty: 0M, Relocated: 0M, In-Place: 0
[62.645s][info][gc,reloc    ] GC(89) Large Pages: 3 / 18M, Empty: 6M, Relocated: 0M, In-Place: 0
[62.645s][info][gc,reloc    ] GC(89) Forwarding Usage: 0M
[62.645s][info][gc,heap     ] GC(89) Min Capacity: 8M(0%)
[62.645s][info][gc,heap     ] GC(89) Max Capacity: 4096M(100%)
[62.645s][info][gc,heap     ] GC(89) Soft Max Capacity: 4096M(100%)
[62.645s][info][gc,heap     ] GC(89)                Mark Start          Mark End        Relocate Start      Relocate End           High               Low         
[62.645s][info][gc,heap     ] GC(89)  Capacity:     2582M (63%)        2582M (63%)        2582M (63%)        2582M (63%)        2582M (63%)        2582M (63%)    
[62.645s][info][gc,heap     ] GC(89)      Free:     3556M (87%)        3556M (87%)        3784M (92%)        3800M (93%)        3800M (93%)        3554M (87%)    
[62.645s][info][gc,heap     ] GC(89)      Used:      540M (13%)         540M (13%)         312M (8%)          296M (7%)          542M (13%)         296M (7%)     
[62.645s][info][gc,heap     ] GC(89)      Live:         -               207M (5%)          207M (5%)          207M (5%)             -                  -          
[62.645s][info][gc,heap     ] GC(89) Allocated:         -                 0M (0%)           30M (1%)           30M (1%)             -                  -          
[62.645s][info][gc,heap     ] GC(89)   Garbage:         -               332M (8%)           74M (2%)           58M (1%)             -                  -          
[62.645s][info][gc,heap     ] GC(89) Reclaimed:         -                  -               258M (6%)          274M (7%)             -                  -          
[62.645s][info][gc          ] GC(89) Garbage Collection (System.gc()) 540M(13%)->296M(7%)
[63.348s][info][gc,start    ] GC(90) Garbage Collection (Allocation Rate)
[63.348s][info][gc,task     ] GC(90) Using 3 workers
[63.348s][info][gc,phases   ] GC(90) Pause Mark Start 0.019ms
[63.477s][info][gc,phases   ] GC(90) Concurrent Mark 128.586ms
[63.477s][info][gc,phases   ] GC(90) Pause Mark End 0.028ms
[63.477s][info][gc,phases   ] GC(90) Concurrent Mark Free 0.001ms
[63.486s][info][gc,phases   ] GC(90) Concurrent Process Non-Strong References 8.867ms
[63.486s][info][gc,phases   ] GC(90) Concurrent Reset Relocation Set 0.002ms
[63.489s][info][gc,phases   ] GC(90) Concurrent Select Relocation Set 2.936ms
[63.489s][info][gc,phases   ] GC(90) Pause Relocate Start 0.008ms
[63.491s][info][gc,phases   ] GC(90) Concurrent Relocate 1.673ms
[63.491s][info][gc,load     ] GC(90) Load: 0.00/0.00/0.00
[63.491s][info][gc,mmu      ] GC(90) MMU: 2ms/96.6%, 5ms/98.7%, 10ms/99.3%, 20ms/99.6%, 50ms/99.8%, 100ms/99.9%
[63.491s][info][gc,marking  ] GC(90) Mark: 2 stripe(s), 2 proactive flush(es), 1 terminate flush(es), 0 completion(s), 0 continuation(s) 
[63.491s][info][gc,marking  ] GC(90) Mark Stack Usage: 32M
[63.491s][info][gc,nmethod  ] GC(90) NMethods: 7199 registered, 2708 unregistered
[63.491s][info][gc,metaspace] GC(90) Metaspace: 60M used, 61M committed, 1088M reserved
[63.491s][info][gc,ref      ] GC(90) Soft: 4712 encountered, 0 discovered, 0 enqueued
[63.491s][info][gc,ref      ] GC(90) Weak: 6122 encountered, 3088 discovered, 63 enqueued
[63.491s][info][gc,ref      ] GC(90) Final: 124 encountered, 88 discovered, 0 enqueued
[63.491s][info][gc,ref      ] GC(90) Phantom: 608 encountered, 590 discovered, 0 enqueued
[63.491s][info][gc,reloc    ] GC(90) Small Pages: 1187 / 2374M, Empty: 2100M, Relocated: 1M, In-Place: 0
[63.491s][info][gc,reloc    ] GC(90) Medium Pages: 2 / 64M, Empty: 32M, Relocated: 0M, In-Place: 0
[63.491s][info][gc,reloc    ] GC(90) Large Pages: 4 / 24M, Empty: 12M, Relocated: 0M, In-Place: 0
[63.491s][info][gc,reloc    ] GC(90) Forwarding Usage: 0M
[63.491s][info][gc,heap     ] GC(90) Min Capacity: 8M(0%)
[63.491s][info][gc,heap     ] GC(90) Max Capacity: 4096M(100%)
[63.491s][info][gc,heap     ] GC(90) Soft Max Capacity: 4096M(100%)
[63.491s][info][gc,heap     ] GC(90)                Mark Start          Mark End        Relocate Start      Relocate End           High               Low         
[63.491s][info][gc,heap     ] GC(90)  Capacity:     2582M (63%)        2582M (63%)        2582M (63%)        2582M (63%)        2582M (63%)        2582M (63%)    
[63.491s][info][gc,heap     ] GC(90)      Free:     1634M (40%)        1522M (37%)        3660M (89%)        3730M (91%)        3730M (91%)        1522M (37%)    
[63.491s][info][gc,heap     ] GC(90)      Used:     2462M (60%)        2574M (63%)         436M (11%)         366M (9%)         2574M (63%)         366M (9%)     
[63.491s][info][gc,heap     ] GC(90)      Live:         -               207M (5%)          207M (5%)          207M (5%)             -                  -          
[63.491s][info][gc,heap     ] GC(90) Allocated:         -               112M (3%)          118M (3%)          118M (3%)             -                  -          
[63.491s][info][gc,heap     ] GC(90)   Garbage:         -              2254M (55%)         110M (3%)           40M (1%)             -                  -          
[63.492s][info][gc,heap     ] GC(90) Reclaimed:         -                  -              2144M (52%)        2214M (54%)            -                  -          
[63.492s][info][gc          ] GC(90) Garbage Collection (Allocation Rate) 2462M(60%)->366M(9%)
[63.492s][info][gc,start    ] GC(91) Garbage Collection (System.gc())
[63.492s][info][gc,task     ] GC(91) Using 12 workers
[63.492s][info][gc,phases   ] GC(91) Pause Mark Start 0.008ms
[63.539s][info][gc,phases   ] GC(91) Concurrent Mark 47.693ms
[63.540s][info][gc,phases   ] GC(91) Pause Mark End 0.024ms
[63.540s][info][gc,phases   ] GC(91) Concurrent Mark Free 0.000ms
[63.541s][info][gc,phases   ] GC(91) Concurrent Process Non-Strong References 1.744ms
[63.541s][info][gc,phases   ] GC(91) Concurrent Reset Relocation Set 0.002ms
[63.544s][info][gc,phases   ] GC(91) Concurrent Select Relocation Set 2.615ms
[63.544s][info][gc,phases   ] GC(91) Pause Relocate Start 0.007ms
[63.545s][info][gc,phases   ] GC(91) Concurrent Relocate 0.689ms
[63.545s][info][gc,load     ] GC(91) Load: 0.00/0.00/0.00
[63.545s][info][gc,mmu      ] GC(91) MMU: 2ms/96.6%, 5ms/98.7%, 10ms/99.3%, 20ms/99.6%, 50ms/99.8%, 100ms/99.9%
[63.545s][info][gc,marking  ] GC(91) Mark: 8 stripe(s), 1 proactive flush(es), 1 terminate flush(es), 0 completion(s), 0 continuation(s) 
[63.545s][info][gc,marking  ] GC(91) Mark Stack Usage: 32M
[63.545s][info][gc,nmethod  ] GC(91) NMethods: 7195 registered, 2715 unregistered
[63.545s][info][gc,metaspace] GC(91) Metaspace: 60M used, 61M committed, 1088M reserved
[63.545s][info][gc,ref      ] GC(91) Soft: 4710 encountered, 0 discovered, 0 enqueued
[63.545s][info][gc,ref      ] GC(91) Weak: 6130 encountered, 1392 discovered, 135 enqueued
[63.545s][info][gc,ref      ] GC(91) Final: 124 encountered, 21 discovered, 0 enqueued
[63.545s][info][gc,ref      ] GC(91) Phantom: 608 encountered, 494 discovered, 0 enqueued
[63.545s][info][gc,reloc    ] GC(91) Small Pages: 158 / 316M, Empty: 74M, Relocated: 0M, In-Place: 0
[63.545s][info][gc,reloc    ] GC(91) Medium Pages: 1 / 32M, Empty: 0M, Relocated: 0M, In-Place: 0
[63.545s][info][gc,reloc    ] GC(91) Large Pages: 3 / 18M, Empty: 6M, Relocated: 0M, In-Place: 0
[63.545s][info][gc,reloc    ] GC(91) Forwarding Usage: 0M
[63.545s][info][gc,heap     ] GC(91) Min Capacity: 8M(0%)
[63.545s][info][gc,heap     ] GC(91) Max Capacity: 4096M(100%)
[63.545s][info][gc,heap     ] GC(91) Soft Max Capacity: 4096M(100%)
[63.545s][info][gc,heap     ] GC(91)                Mark Start          Mark End        Relocate Start      Relocate End           High               Low         
[63.545s][info][gc,heap     ] GC(91)  Capacity:     2582M (63%)        2582M (63%)        2582M (63%)        2582M (63%)        2582M (63%)        2582M (63%)    
[63.545s][info][gc,heap     ] GC(91)      Free:     3730M (91%)        3730M (91%)        3784M (92%)        3802M (93%)        3802M (93%)        3704M (90%)    
[63.545s][info][gc,heap     ] GC(91)      Used:      366M (9%)          366M (9%)          312M (8%)          294M (7%)          392M (10%)         294M (7%)     
[63.545s][info][gc,heap     ] GC(91)      Live:         -               207M (5%)          207M (5%)          207M (5%)             -                  -          
[63.545s][info][gc,heap     ] GC(91) Allocated:         -                 0M (0%)           26M (1%)           27M (1%)             -                  -          
[63.545s][info][gc,heap     ] GC(91)   Garbage:         -               158M (4%)           78M (2%)           58M (1%)             -                  -          
[63.545s][info][gc,heap     ] GC(91) Reclaimed:         -                  -                80M (2%)           99M (2%)             -                  -          
[63.545s][info][gc          ] GC(91) Garbage Collection (System.gc()) 366M(9%)->294M(7%)
[64.152s][info][gc,start    ] GC(92) Garbage Collection (Allocation Rate)
[64.152s][info][gc,task     ] GC(92) Using 2 workers
[64.152s][info][gc,phases   ] GC(92) Pause Mark Start 0.017ms
[64.333s][info][gc,phases   ] GC(92) Concurrent Mark 180.062ms
[64.333s][info][gc,phases   ] GC(92) Pause Mark End 0.028ms
[64.333s][info][gc,phases   ] GC(92) Concurrent Mark Free 0.001ms
[64.346s][info][gc,phases   ] GC(92) Concurrent Process Non-Strong References 12.576ms
[64.346s][info][gc,phases   ] GC(92) Concurrent Reset Relocation Set 0.003ms
[64.350s][info][gc,phases   ] GC(92) Concurrent Select Relocation Set 4.339ms
[64.350s][info][gc,phases   ] GC(92) Pause Relocate Start 0.009ms
[64.352s][info][gc,phases   ] GC(92) Concurrent Relocate 1.922ms
[64.352s][info][gc,load     ] GC(92) Load: 0.00/0.00/0.00
[64.352s][info][gc,mmu      ] GC(92) MMU: 2ms/96.6%, 5ms/98.7%, 10ms/99.3%, 20ms/99.6%, 50ms/99.8%, 100ms/99.9%
[64.352s][info][gc,marking  ] GC(92) Mark: 2 stripe(s), 2 proactive flush(es), 1 terminate flush(es), 0 completion(s), 0 continuation(s) 
[64.352s][info][gc,marking  ] GC(92) Mark Stack Usage: 32M
[64.352s][info][gc,nmethod  ] GC(92) NMethods: 7209 registered, 2717 unregistered
[64.352s][info][gc,metaspace] GC(92) Metaspace: 60M used, 61M committed, 1088M reserved
[64.352s][info][gc,ref      ] GC(92) Soft: 4712 encountered, 0 discovered, 0 enqueued
[64.352s][info][gc,ref      ] GC(92) Weak: 6146 encountered, 2341 discovered, 67 enqueued
[64.352s][info][gc,ref      ] GC(92) Final: 124 encountered, 5 discovered, 0 enqueued
[64.353s][info][gc,ref      ] GC(92) Phantom: 608 encountered, 596 discovered, 0 enqueued
[64.353s][info][gc,reloc    ] GC(92) Small Pages: 1081 / 2162M, Empty: 1874M, Relocated: 1M, In-Place: 0
[64.353s][info][gc,reloc    ] GC(92) Medium Pages: 2 / 64M, Empty: 32M, Relocated: 0M, In-Place: 0
[64.353s][info][gc,reloc    ] GC(92) Large Pages: 4 / 24M, Empty: 12M, Relocated: 0M, In-Place: 0
[64.353s][info][gc,reloc    ] GC(92) Forwarding Usage: 0M
[64.353s][info][gc,heap     ] GC(92) Min Capacity: 8M(0%)
[64.353s][info][gc,heap     ] GC(92) Max Capacity: 4096M(100%)
[64.353s][info][gc,heap     ] GC(92) Soft Max Capacity: 4096M(100%)
[64.353s][info][gc,heap     ] GC(92)                Mark Start          Mark End        Relocate Start      Relocate End           High               Low         
[64.353s][info][gc,heap     ] GC(92)  Capacity:     2582M (63%)        2584M (63%)        2584M (63%)        2584M (63%)        2584M (63%)        2582M (63%)    
[64.353s][info][gc,heap     ] GC(92)      Free:     1846M (45%)        1512M (37%)        3424M (84%)        3510M (86%)        3510M (86%)        1512M (37%)    
[64.353s][info][gc,heap     ] GC(92)      Used:     2250M (55%)        2584M (63%)         672M (16%)         586M (14%)        2584M (63%)         586M (14%)    
[64.353s][info][gc,heap     ] GC(92)      Live:         -               207M (5%)          207M (5%)          207M (5%)             -                  -          
[64.353s][info][gc,heap     ] GC(92) Allocated:         -               334M (8%)          340M (8%)          340M (8%)             -                  -          
[64.353s][info][gc,heap     ] GC(92)   Garbage:         -              2042M (50%)         124M (3%)           38M (1%)             -                  -          
[64.353s][info][gc,heap     ] GC(92) Reclaimed:         -                  -              1918M (47%)        2004M (49%)            -                  -          
[64.353s][info][gc          ] GC(92) Garbage Collection (Allocation Rate) 2250M(55%)->586M(14%)
[64.353s][info][gc,start    ] GC(93) Garbage Collection (System.gc())
[64.353s][info][gc,task     ] GC(93) Using 12 workers
[64.353s][info][gc,phases   ] GC(93) Pause Mark Start 0.009ms
[64.411s][info][gc,phases   ] GC(93) Concurrent Mark 57.429ms
[64.411s][info][gc,phases   ] GC(93) Pause Mark End 0.029ms
[64.411s][info][gc,phases   ] GC(93) Concurrent Mark Free 0.001ms
[64.413s][info][gc,phases   ] GC(93) Concurrent Process Non-Strong References 1.834ms
[64.413s][info][gc,phases   ] GC(93) Concurrent Reset Relocation Set 0.003ms
[64.416s][info][gc,phases   ] GC(93) Concurrent Select Relocation Set 2.745ms
[64.416s][info][gc,phases   ] GC(93) Pause Relocate Start 0.008ms
[64.417s][info][gc,phases   ] GC(93) Concurrent Relocate 0.997ms
[64.417s][info][gc,load     ] GC(93) Load: 0.00/0.00/0.00
[64.417s][info][gc,mmu      ] GC(93) MMU: 2ms/96.6%, 5ms/98.7%, 10ms/99.3%, 20ms/99.6%, 50ms/99.8%, 100ms/99.9%
[64.417s][info][gc,marking  ] GC(93) Mark: 8 stripe(s), 1 proactive flush(es), 1 terminate flush(es), 0 completion(s), 0 continuation(s) 
[64.417s][info][gc,marking  ] GC(93) Mark Stack Usage: 32M
[64.417s][info][gc,nmethod  ] GC(93) NMethods: 7207 registered, 2719 unregistered
[64.417s][info][gc,metaspace] GC(93) Metaspace: 60M used, 61M committed, 1088M reserved
[64.417s][info][gc,ref      ] GC(93) Soft: 4710 encountered, 0 discovered, 0 enqueued
[64.417s][info][gc,ref      ] GC(93) Weak: 6151 encountered, 1733 discovered, 147 enqueued
[64.417s][info][gc,ref      ] GC(93) Final: 124 encountered, 6 discovered, 0 enqueued
[64.417s][info][gc,ref      ] GC(93) Phantom: 608 encountered, 374 discovered, 0 enqueued
[64.417s][info][gc,reloc    ] GC(93) Small Pages: 268 / 536M, Empty: 298M, Relocated: 1M, In-Place: 0
[64.417s][info][gc,reloc    ] GC(93) Medium Pages: 1 / 32M, Empty: 0M, Relocated: 0M, In-Place: 0
[64.417s][info][gc,reloc    ] GC(93) Large Pages: 3 / 18M, Empty: 6M, Relocated: 0M, In-Place: 0
[64.417s][info][gc,reloc    ] GC(93) Forwarding Usage: 0M
[64.417s][info][gc,heap     ] GC(93) Min Capacity: 8M(0%)
[64.417s][info][gc,heap     ] GC(93) Max Capacity: 4096M(100%)
[64.417s][info][gc,heap     ] GC(93) Soft Max Capacity: 4096M(100%)
[64.417s][info][gc,heap     ] GC(93)                Mark Start          Mark End        Relocate Start      Relocate End           High               Low         
[64.417s][info][gc,heap     ] GC(93)  Capacity:     2584M (63%)        2584M (63%)        2584M (63%)        2584M (63%)        2584M (63%)        2584M (63%)    
[64.417s][info][gc,heap     ] GC(93)      Free:     3510M (86%)        3510M (86%)        3784M (92%)        3800M (93%)        3800M (93%)        3508M (86%)    
[64.417s][info][gc,heap     ] GC(93)      Used:      586M (14%)         586M (14%)         312M (8%)          296M (7%)          588M (14%)         296M (7%)     
[64.417s][info][gc,heap     ] GC(93)      Live:         -               207M (5%)          207M (5%)          207M (5%)             -                  -          
[64.417s][info][gc,heap     ] GC(93) Allocated:         -                 0M (0%)           30M (1%)           30M (1%)             -                  -          
[64.417s][info][gc,heap     ] GC(93)   Garbage:         -               378M (9%)           74M (2%)           58M (1%)             -                  -          
[64.417s][info][gc,heap     ] GC(93) Reclaimed:         -                  -               304M (7%)          320M (8%)             -                  -          
[64.417s][info][gc          ] GC(93) Garbage Collection (System.gc()) 586M(14%)->296M(7%)
[65.163s][info][gc,start    ] GC(94) Garbage Collection (System.gc())
[65.163s][info][gc,task     ] GC(94) Using 12 workers
[65.164s][info][gc,phases   ] GC(94) Pause Mark Start 0.015ms
[65.215s][info][gc,phases   ] GC(94) Concurrent Mark 51.196ms
[65.215s][info][gc,phases   ] GC(94) Pause Mark End 0.037ms
[65.215s][info][gc,phases   ] GC(94) Concurrent Mark Free 0.001ms
[65.217s][info][gc,phases   ] GC(94) Concurrent Process Non-Strong References 1.936ms
[65.217s][info][gc,phases   ] GC(94) Concurrent Reset Relocation Set 0.003ms
[65.221s][info][gc,phases   ] GC(94) Concurrent Select Relocation Set 3.441ms
[65.221s][info][gc,phases   ] GC(94) Pause Relocate Start 0.007ms
[65.222s][info][gc,phases   ] GC(94) Concurrent Relocate 0.823ms
[65.222s][info][gc,load     ] GC(94) Load: 0.00/0.00/0.00
[65.222s][info][gc,mmu      ] GC(94) MMU: 2ms/96.6%, 5ms/98.7%, 10ms/99.3%, 20ms/99.6%, 50ms/99.8%, 100ms/99.9%
[65.222s][info][gc,marking  ] GC(94) Mark: 8 stripe(s), 2 proactive flush(es), 1 terminate flush(es), 0 completion(s), 0 continuation(s) 
[65.222s][info][gc,marking  ] GC(94) Mark Stack Usage: 32M
[65.222s][info][gc,nmethod  ] GC(94) NMethods: 7214 registered, 2727 unregistered
[65.222s][info][gc,metaspace] GC(94) Metaspace: 60M used, 61M committed, 1088M reserved
[65.222s][info][gc,ref      ] GC(94) Soft: 4710 encountered, 0 discovered, 0 enqueued
[65.222s][info][gc,ref      ] GC(94) Weak: 6203 encountered, 1448 discovered, 203 enqueued
[65.222s][info][gc,ref      ] GC(94) Final: 124 encountered, 9 discovered, 0 enqueued
[65.222s][info][gc,ref      ] GC(94) Phantom: 608 encountered, 373 discovered, 0 enqueued
[65.222s][info][gc,reloc    ] GC(94) Small Pages: 1231 / 2462M, Empty: 2184M, Relocated: 1M, In-Place: 0
[65.222s][info][gc,reloc    ] GC(94) Medium Pages: 2 / 64M, Empty: 32M, Relocated: 0M, In-Place: 0
[65.222s][info][gc,reloc    ] GC(94) Large Pages: 5 / 30M, Empty: 18M, Relocated: 0M, In-Place: 0
[65.222s][info][gc,reloc    ] GC(94) Forwarding Usage: 0M
[65.222s][info][gc,heap     ] GC(94) Min Capacity: 8M(0%)
[65.222s][info][gc,heap     ] GC(94) Max Capacity: 4096M(100%)
[65.222s][info][gc,heap     ] GC(94) Soft Max Capacity: 4096M(100%)
[65.222s][info][gc,heap     ] GC(94)                Mark Start          Mark End        Relocate Start      Relocate End           High               Low         
[65.222s][info][gc,heap     ] GC(94)  Capacity:     2584M (63%)        2584M (63%)        2584M (63%)        2584M (63%)        2584M (63%)        2584M (63%)    
[65.222s][info][gc,heap     ] GC(94)      Free:     1540M (38%)        1538M (38%)        3736M (91%)        3792M (93%)        3792M (93%)        1538M (38%)    
[65.222s][info][gc,heap     ] GC(94)      Used:     2556M (62%)        2558M (62%)         360M (9%)          304M (7%)         2558M (62%)         304M (7%)     
[65.222s][info][gc,heap     ] GC(94)      Live:         -               207M (5%)          207M (5%)          207M (5%)             -                  -          
[65.222s][info][gc,heap     ] GC(94) Allocated:         -                 2M (0%)           38M (1%)           38M (1%)             -                  -          
[65.222s][info][gc,heap     ] GC(94)   Garbage:         -              2348M (57%)         114M (3%)           58M (1%)             -                  -          
[65.222s][info][gc,heap     ] GC(94) Reclaimed:         -                  -              2234M (55%)        2290M (56%)            -                  -          
[65.222s][info][gc          ] GC(94) Garbage Collection (System.gc()) 2556M(62%)->304M(7%)
[65.847s][info][gc,start    ] GC(95) Garbage Collection (Allocation Rate)
[65.847s][info][gc,task     ] GC(95) Using 2 workers
[65.848s][info][gc,phases   ] GC(95) Pause Mark Start 0.017ms
[66.019s][info][gc,phases   ] GC(95) Concurrent Mark 171.442ms
[66.019s][info][gc,phases   ] GC(95) Pause Mark End 0.028ms
[66.019s][info][gc,phases   ] GC(95) Concurrent Mark Free 0.001ms
[66.032s][info][gc,phases   ] GC(95) Concurrent Process Non-Strong References 12.656ms
[66.032s][info][gc,phases   ] GC(95) Concurrent Reset Relocation Set 0.005ms
[66.036s][info][gc,phases   ] GC(95) Concurrent Select Relocation Set 3.759ms
[66.036s][info][gc,phases   ] GC(95) Pause Relocate Start 0.007ms
[66.037s][info][gc,phases   ] GC(95) Concurrent Relocate 1.280ms
[66.037s][info][gc,load     ] GC(95) Load: 0.00/0.00/0.00
[66.038s][info][gc,mmu      ] GC(95) MMU: 2ms/96.6%, 5ms/98.7%, 10ms/99.3%, 20ms/99.6%, 50ms/99.8%, 100ms/99.9%
[66.038s][info][gc,marking  ] GC(95) Mark: 2 stripe(s), 2 proactive flush(es), 1 terminate flush(es), 0 completion(s), 0 continuation(s) 
[66.038s][info][gc,marking  ] GC(95) Mark Stack Usage: 32M
[66.038s][info][gc,nmethod  ] GC(95) NMethods: 7221 registered, 2730 unregistered
[66.038s][info][gc,metaspace] GC(95) Metaspace: 60M used, 61M committed, 1088M reserved
[66.038s][info][gc,ref      ] GC(95) Soft: 4712 encountered, 0 discovered, 0 enqueued
[66.038s][info][gc,ref      ] GC(95) Weak: 6152 encountered, 2606 discovered, 68 enqueued
[66.038s][info][gc,ref      ] GC(95) Final: 124 encountered, 85 discovered, 0 enqueued
[66.038s][info][gc,ref      ] GC(95) Phantom: 608 encountered, 597 discovered, 0 enqueued
[66.038s][info][gc,reloc    ] GC(95) Small Pages: 1055 / 2110M, Empty: 1822M, Relocated: 1M, In-Place: 0
[66.038s][info][gc,reloc    ] GC(95) Medium Pages: 2 / 64M, Empty: 32M, Relocated: 0M, In-Place: 0
[66.038s][info][gc,reloc    ] GC(95) Large Pages: 4 / 24M, Empty: 12M, Relocated: 0M, In-Place: 0
[66.038s][info][gc,reloc    ] GC(95) Forwarding Usage: 0M
[66.038s][info][gc,heap     ] GC(95) Min Capacity: 8M(0%)
[66.038s][info][gc,heap     ] GC(95) Max Capacity: 4096M(100%)
[66.038s][info][gc,heap     ] GC(95) Soft Max Capacity: 4096M(100%)
[66.038s][info][gc,heap     ] GC(95)                Mark Start          Mark End        Relocate Start      Relocate End           High               Low         
[66.038s][info][gc,heap     ] GC(95)  Capacity:     2584M (63%)        2584M (63%)        2584M (63%)        2584M (63%)        2584M (63%)        2584M (63%)    
[66.038s][info][gc,heap     ] GC(95)      Free:     1898M (46%)        1514M (37%)        3374M (82%)        3460M (84%)        3460M (84%)        1514M (37%)    
[66.038s][info][gc,heap     ] GC(95)      Used:     2198M (54%)        2582M (63%)         722M (18%)         636M (16%)        2582M (63%)         636M (16%)    
[66.038s][info][gc,heap     ] GC(95)      Live:         -               207M (5%)          207M (5%)          207M (5%)             -                  -          
[66.038s][info][gc,heap     ] GC(95) Allocated:         -               384M (9%)          390M (10%)         390M (10%)            -                  -          
[66.038s][info][gc,heap     ] GC(95)   Garbage:         -              1990M (49%)         124M (3%)           38M (1%)             -                  -          
[66.038s][info][gc,heap     ] GC(95) Reclaimed:         -                  -              1866M (46%)        1952M (48%)            -                  -          
[66.038s][info][gc          ] GC(95) Garbage Collection (Allocation Rate) 2198M(54%)->636M(16%)
[66.038s][info][gc,start    ] GC(96) Garbage Collection (System.gc())
[66.038s][info][gc,task     ] GC(96) Using 12 workers
[66.038s][info][gc,phases   ] GC(96) Pause Mark Start 0.009ms
[66.089s][info][gc,phases   ] GC(96) Concurrent Mark 50.647ms
[66.089s][info][gc,phases   ] GC(96) Pause Mark End 0.025ms
[66.089s][info][gc,phases   ] GC(96) Concurrent Mark Free 0.001ms
[66.091s][info][gc,phases   ] GC(96) Concurrent Process Non-Strong References 1.832ms
[66.091s][info][gc,phases   ] GC(96) Concurrent Reset Relocation Set 0.004ms
[66.095s][info][gc,phases   ] GC(96) Concurrent Select Relocation Set 3.558ms
[66.095s][info][gc,phases   ] GC(96) Pause Relocate Start 0.007ms
[66.096s][info][gc,phases   ] GC(96) Concurrent Relocate 0.914ms
[66.096s][info][gc,load     ] GC(96) Load: 0.00/0.00/0.00
[66.096s][info][gc,mmu      ] GC(96) MMU: 2ms/96.6%, 5ms/98.7%, 10ms/99.3%, 20ms/99.6%, 50ms/99.8%, 100ms/99.9%
[66.096s][info][gc,marking  ] GC(96) Mark: 8 stripe(s), 1 proactive flush(es), 1 terminate flush(es), 0 completion(s), 0 continuation(s) 
[66.096s][info][gc,marking  ] GC(96) Mark Stack Usage: 32M
[66.096s][info][gc,nmethod  ] GC(96) NMethods: 7218 registered, 2733 unregistered
[66.096s][info][gc,metaspace] GC(96) Metaspace: 60M used, 61M committed, 1088M reserved
[66.096s][info][gc,ref      ] GC(96) Soft: 4710 encountered, 0 discovered, 0 enqueued
[66.096s][info][gc,ref      ] GC(96) Weak: 6155 encountered, 2031 discovered, 147 enqueued
[66.096s][info][gc,ref      ] GC(96) Final: 124 encountered, 35 discovered, 0 enqueued
[66.096s][info][gc,ref      ] GC(96) Phantom: 608 encountered, 496 discovered, 0 enqueued
[66.096s][info][gc,reloc    ] GC(96) Small Pages: 293 / 586M, Empty: 350M, Relocated: 1M, In-Place: 0
[66.096s][info][gc,reloc    ] GC(96) Medium Pages: 1 / 32M, Empty: 0M, Relocated: 0M, In-Place: 0
[66.096s][info][gc,reloc    ] GC(96) Large Pages: 3 / 18M, Empty: 6M, Relocated: 0M, In-Place: 0
[66.096s][info][gc,reloc    ] GC(96) Forwarding Usage: 0M
[66.096s][info][gc,heap     ] GC(96) Min Capacity: 8M(0%)
[66.096s][info][gc,heap     ] GC(96) Max Capacity: 4096M(100%)
[66.097s][info][gc,heap     ] GC(96) Soft Max Capacity: 4096M(100%)
[66.097s][info][gc,heap     ] GC(96)                Mark Start          Mark End        Relocate Start      Relocate End           High               Low         
[66.097s][info][gc,heap     ] GC(96)  Capacity:     2584M (63%)        2584M (63%)        2584M (63%)        2584M (63%)        2584M (63%)        2584M (63%)    
[66.097s][info][gc,heap     ] GC(96)      Free:     3460M (84%)        3460M (84%)        3786M (92%)        3794M (93%)        3796M (93%)        3458M (84%)    
[66.097s][info][gc,heap     ] GC(96)      Used:      636M (16%)         636M (16%)         310M (8%)          302M (7%)          638M (16%)         300M (7%)     
[66.097s][info][gc,heap     ] GC(96)      Live:         -               207M (5%)          207M (5%)          207M (5%)             -                  -          
[66.097s][info][gc,heap     ] GC(96) Allocated:         -                 0M (0%)           30M (1%)           36M (1%)             -                  -          
[66.097s][info][gc,heap     ] GC(96)   Garbage:         -               428M (10%)          72M (2%)           58M (1%)             -                  -          
[66.097s][info][gc,heap     ] GC(96) Reclaimed:         -                  -               356M (9%)          370M (9%)             -                  -          
[66.097s][info][gc          ] GC(96) Garbage Collection (System.gc()) 636M(16%)->302M(7%)
[66.753s][info][gc,start    ] GC(97) Garbage Collection (Allocation Rate)
[66.753s][info][gc,task     ] GC(97) Using 2 workers
[66.753s][info][gc,phases   ] GC(97) Pause Mark Start 0.017ms
[66.936s][info][gc,phases   ] GC(97) Concurrent Mark 183.203ms
[66.937s][info][gc,phases   ] GC(97) Pause Mark End 0.028ms
[66.937s][info][gc,phases   ] GC(97) Concurrent Mark Free 0.002ms
[66.947s][info][gc,phases   ] GC(97) Concurrent Process Non-Strong References 10.538ms
[66.947s][info][gc,phases   ] GC(97) Concurrent Reset Relocation Set 0.003ms
[66.951s][info][gc,phases   ] GC(97) Concurrent Select Relocation Set 3.802ms
[66.951s][info][gc,phases   ] GC(97) Pause Relocate Start 0.008ms
[66.953s][info][gc,phases   ] GC(97) Concurrent Relocate 2.019ms
[66.953s][info][gc,load     ] GC(97) Load: 0.00/0.00/0.00
[66.954s][info][gc,mmu      ] GC(97) MMU: 2ms/96.6%, 5ms/98.7%, 10ms/99.3%, 20ms/99.6%, 50ms/99.8%, 100ms/99.9%
[66.954s][info][gc,marking  ] GC(97) Mark: 2 stripe(s), 2 proactive flush(es), 1 terminate flush(es), 0 completion(s), 0 continuation(s) 
[66.954s][info][gc,marking  ] GC(97) Mark Stack Usage: 32M
[66.954s][info][gc,nmethod  ] GC(97) NMethods: 7227 registered, 2736 unregistered
[66.954s][info][gc,metaspace] GC(97) Metaspace: 60M used, 61M committed, 1088M reserved
[66.954s][info][gc,ref      ] GC(97) Soft: 4712 encountered, 0 discovered, 0 enqueued
[66.954s][info][gc,ref      ] GC(97) Weak: 6136 encountered, 2695 discovered, 63 enqueued
[66.954s][info][gc,ref      ] GC(97) Final: 124 encountered, 93 discovered, 0 enqueued
[66.954s][info][gc,ref      ] GC(97) Phantom: 608 encountered, 593 discovered, 0 enqueued
[66.954s][info][gc,reloc    ] GC(97) Small Pages: 1129 / 2258M, Empty: 1980M, Relocated: 1M, In-Place: 0
[66.954s][info][gc,reloc    ] GC(97) Medium Pages: 2 / 64M, Empty: 32M, Relocated: 0M, In-Place: 0
[66.954s][info][gc,reloc    ] GC(97) Large Pages: 4 / 24M, Empty: 12M, Relocated: 0M, In-Place: 0
[66.954s][info][gc,reloc    ] GC(97) Forwarding Usage: 0M
[66.954s][info][gc,heap     ] GC(97) Min Capacity: 8M(0%)
[66.954s][info][gc,heap     ] GC(97) Max Capacity: 4096M(100%)
[66.954s][info][gc,heap     ] GC(97) Soft Max Capacity: 4096M(100%)
[66.954s][info][gc,heap     ] GC(97)                Mark Start          Mark End        Relocate Start      Relocate End           High               Low         
[66.954s][info][gc,heap     ] GC(97)  Capacity:     2584M (63%)        2584M (63%)        2584M (63%)        2584M (63%)        2584M (63%)        2584M (63%)    
[66.954s][info][gc,heap     ] GC(97)      Free:     1750M (43%)        1520M (37%)        3538M (86%)        3614M (88%)        3614M (88%)        1520M (37%)    
[66.954s][info][gc,heap     ] GC(97)      Used:     2346M (57%)        2576M (63%)         558M (14%)         482M (12%)        2576M (63%)         482M (12%)    
[66.954s][info][gc,heap     ] GC(97)      Live:         -               207M (5%)          207M (5%)          207M (5%)             -                  -          
[66.954s][info][gc,heap     ] GC(97) Allocated:         -               230M (6%)          236M (6%)          236M (6%)             -                  -          
[66.954s][info][gc,heap     ] GC(97)   Garbage:         -              2138M (52%)         114M (3%)           38M (1%)             -                  -          
[66.954s][info][gc,heap     ] GC(97) Reclaimed:         -                  -              2024M (49%)        2100M (51%)            -                  -          
[66.954s][info][gc          ] GC(97) Garbage Collection (Allocation Rate) 2346M(57%)->482M(12%)
[66.954s][info][gc,start    ] GC(98) Garbage Collection (System.gc())
[66.954s][info][gc,task     ] GC(98) Using 12 workers
[66.954s][info][gc,phases   ] GC(98) Pause Mark Start 0.010ms
[66.999s][info][gc,phases   ] GC(98) Concurrent Mark 44.398ms
[66.999s][info][gc,phases   ] GC(98) Pause Mark End 0.029ms
[66.999s][info][gc,phases   ] GC(98) Concurrent Mark Free 0.001ms
[67.001s][info][gc,phases   ] GC(98) Concurrent Process Non-Strong References 1.818ms
[67.001s][info][gc,phases   ] GC(98) Concurrent Reset Relocation Set 0.004ms
[67.005s][info][gc,phases   ] GC(98) Concurrent Select Relocation Set 3.641ms
[67.005s][info][gc,phases   ] GC(98) Pause Relocate Start 0.006ms
[67.006s][info][gc,phases   ] GC(98) Concurrent Relocate 0.851ms
[67.006s][info][gc,load     ] GC(98) Load: 0.00/0.00/0.00
[67.006s][info][gc,mmu      ] GC(98) MMU: 2ms/96.6%, 5ms/98.7%, 10ms/99.3%, 20ms/99.6%, 50ms/99.8%, 100ms/99.9%
[67.006s][info][gc,marking  ] GC(98) Mark: 8 stripe(s), 1 proactive flush(es), 1 terminate flush(es), 0 completion(s), 0 continuation(s) 
[67.006s][info][gc,marking  ] GC(98) Mark Stack Usage: 32M
[67.006s][info][gc,nmethod  ] GC(98) NMethods: 7222 registered, 2741 unregistered
[67.006s][info][gc,metaspace] GC(98) Metaspace: 60M used, 61M committed, 1088M reserved
[67.006s][info][gc,ref      ] GC(98) Soft: 4710 encountered, 0 discovered, 0 enqueued
[67.006s][info][gc,ref      ] GC(98) Weak: 6133 encountered, 1139 discovered, 133 enqueued
[67.006s][info][gc,ref      ] GC(98) Final: 124 encountered, 5 discovered, 0 enqueued
[67.006s][info][gc,ref      ] GC(98) Phantom: 608 encountered, 380 discovered, 0 enqueued
[67.006s][info][gc,reloc    ] GC(98) Small Pages: 216 / 432M, Empty: 194M, Relocated: 1M, In-Place: 0
[67.006s][info][gc,reloc    ] GC(98) Medium Pages: 1 / 32M, Empty: 0M, Relocated: 0M, In-Place: 0
[67.006s][info][gc,reloc    ] GC(98) Large Pages: 3 / 18M, Empty: 6M, Relocated: 0M, In-Place: 0
[67.006s][info][gc,reloc    ] GC(98) Forwarding Usage: 0M
[67.006s][info][gc,heap     ] GC(98) Min Capacity: 8M(0%)
[67.006s][info][gc,heap     ] GC(98) Max Capacity: 4096M(100%)
[67.006s][info][gc,heap     ] GC(98) Soft Max Capacity: 4096M(100%)
[67.006s][info][gc,heap     ] GC(98)                Mark Start          Mark End        Relocate Start      Relocate End           High               Low         
[67.006s][info][gc,heap     ] GC(98)  Capacity:     2584M (63%)        2584M (63%)        2584M (63%)        2584M (63%)        2584M (63%)        2584M (63%)    
[67.006s][info][gc,heap     ] GC(98)      Free:     3614M (88%)        3614M (88%)        3786M (92%)        3802M (93%)        3802M (93%)        3612M (88%)    
[67.006s][info][gc,heap     ] GC(98)      Used:      482M (12%)         482M (12%)         310M (8%)          294M (7%)          484M (12%)         294M (7%)     
[67.006s][info][gc,heap     ] GC(98)      Live:         -               207M (5%)          207M (5%)          207M (5%)             -                  -          
[67.006s][info][gc,heap     ] GC(98) Allocated:         -                 0M (0%)           28M (1%)           28M (1%)             -                  -          
[67.007s][info][gc,heap     ] GC(98)   Garbage:         -               274M (7%)           74M (2%)           58M (1%)             -                  -          
[67.007s][info][gc,heap     ] GC(98) Reclaimed:         -                  -               200M (5%)          216M (5%)             -                  -          
[67.007s][info][gc          ] GC(98) Garbage Collection (System.gc()) 482M(12%)->294M(7%)
[67.737s][info][gc,start    ] GC(99) Garbage Collection (System.gc())
[67.737s][info][gc,task     ] GC(99) Using 12 workers
[67.737s][info][gc,phases   ] GC(99) Pause Mark Start 0.015ms
[67.791s][info][gc,phases   ] GC(99) Concurrent Mark 53.899ms
[67.791s][info][gc,phases   ] GC(99) Pause Mark End 0.023ms
[67.791s][info][gc,phases   ] GC(99) Concurrent Mark Free 0.001ms
[67.793s][info][gc,phases   ] GC(99) Concurrent Process Non-Strong References 2.040ms
[67.793s][info][gc,phases   ] GC(99) Concurrent Reset Relocation Set 0.003ms
[67.796s][info][gc,phases   ] GC(99) Concurrent Select Relocation Set 2.928ms
[67.796s][info][gc,phases   ] GC(99) Pause Relocate Start 0.007ms
[67.797s][info][gc,phases   ] GC(99) Concurrent Relocate 0.945ms
[67.797s][info][gc,load     ] GC(99) Load: 0.00/0.00/0.00
[67.797s][info][gc,mmu      ] GC(99) MMU: 2ms/96.6%, 5ms/98.7%, 10ms/99.3%, 20ms/99.6%, 50ms/99.8%, 100ms/99.9%
[67.797s][info][gc,marking  ] GC(99) Mark: 8 stripe(s), 2 proactive flush(es), 1 terminate flush(es), 0 completion(s), 0 continuation(s) 
[67.797s][info][gc,marking  ] GC(99) Mark Stack Usage: 32M
[67.797s][info][gc,nmethod  ] GC(99) NMethods: 7230 registered, 2747 unregistered
[67.797s][info][gc,metaspace] GC(99) Metaspace: 60M used, 61M committed, 1088M reserved
[67.797s][info][gc,ref      ] GC(99) Soft: 4710 encountered, 0 discovered, 0 enqueued
[67.797s][info][gc,ref      ] GC(99) Weak: 6225 encountered, 963 discovered, 198 enqueued
[67.797s][info][gc,ref      ] GC(99) Final: 124 encountered, 1 discovered, 0 enqueued
[67.797s][info][gc,ref      ] GC(99) Phantom: 608 encountered, 460 discovered, 0 enqueued
[67.797s][info][gc,reloc    ] GC(99) Small Pages: 1226 / 2452M, Empty: 2184M, Relocated: 1M, In-Place: 0
[67.797s][info][gc,reloc    ] GC(99) Medium Pages: 2 / 64M, Empty: 32M, Relocated: 0M, In-Place: 0
[67.797s][info][gc,reloc    ] GC(99) Large Pages: 5 / 30M, Empty: 18M, Relocated: 0M, In-Place: 0
[67.797s][info][gc,reloc    ] GC(99) Forwarding Usage: 0M
[67.797s][info][gc,heap     ] GC(99) Min Capacity: 8M(0%)
[67.797s][info][gc,heap     ] GC(99) Max Capacity: 4096M(100%)
[67.797s][info][gc,heap     ] GC(99) Soft Max Capacity: 4096M(100%)
[67.797s][info][gc,heap     ] GC(99)                Mark Start          Mark End        Relocate Start      Relocate End           High               Low         
[67.798s][info][gc,heap     ] GC(99)  Capacity:     2584M (63%)        2584M (63%)        2584M (63%)        2584M (63%)        2584M (63%)        2584M (63%)    
[67.798s][info][gc,heap     ] GC(99)      Free:     1550M (38%)        1546M (38%)        3744M (91%)        3790M (93%)        3790M (93%)        1546M (38%)    
[67.798s][info][gc,heap     ] GC(99)      Used:     2546M (62%)        2550M (62%)         352M (9%)          306M (7%)         2550M (62%)         306M (7%)     
[67.798s][info][gc,heap     ] GC(99)      Live:         -               207M (5%)          207M (5%)          207M (5%)             -                  -          
[67.798s][info][gc,heap     ] GC(99) Allocated:         -                 4M (0%)           40M (1%)           40M (1%)             -                  -          
[67.798s][info][gc,heap     ] GC(99)   Garbage:         -              2338M (57%)         104M (3%)           58M (1%)             -                  -          
[67.798s][info][gc,heap     ] GC(99) Reclaimed:         -                  -              2234M (55%)        2280M (56%)            -                  -          
[67.798s][info][gc          ] GC(99) Garbage Collection (System.gc()) 2546M(62%)->306M(7%)
[68.556s][info][gc,start    ] GC(100) Garbage Collection (Allocation Rate)
[68.556s][info][gc,task     ] GC(100) Using 3 workers
[68.556s][info][gc,phases   ] GC(100) Pause Mark Start 0.017ms
[68.680s][info][gc,phases   ] GC(100) Concurrent Mark 123.813ms
[68.680s][info][gc,phases   ] GC(100) Pause Mark End 0.025ms
[68.680s][info][gc,phases   ] GC(100) Concurrent Mark Free 0.001ms
[68.689s][info][gc,phases   ] GC(100) Concurrent Process Non-Strong References 8.825ms
[68.689s][info][gc,phases   ] GC(100) Concurrent Reset Relocation Set 0.004ms
[68.693s][info][gc,phases   ] GC(100) Concurrent Select Relocation Set 3.674ms
[68.693s][info][gc,phases   ] GC(100) Pause Relocate Start 0.009ms
[68.695s][info][gc,phases   ] GC(100) Concurrent Relocate 1.874ms
[68.695s][info][gc,load     ] GC(100) Load: 0.00/0.00/0.00
[68.695s][info][gc,mmu      ] GC(100) MMU: 2ms/96.6%, 5ms/98.7%, 10ms/99.3%, 20ms/99.6%, 50ms/99.8%, 100ms/99.9%
[68.695s][info][gc,marking  ] GC(100) Mark: 2 stripe(s), 2 proactive flush(es), 1 terminate flush(es), 0 completion(s), 0 continuation(s) 
[68.695s][info][gc,marking  ] GC(100) Mark Stack Usage: 32M
[68.695s][info][gc,nmethod  ] GC(100) NMethods: 7243 registered, 2751 unregistered
[68.695s][info][gc,metaspace] GC(100) Metaspace: 60M used, 61M committed, 1088M reserved
[68.695s][info][gc,ref      ] GC(100) Soft: 4712 encountered, 0 discovered, 0 enqueued
[68.695s][info][gc,ref      ] GC(100) Weak: 6198 encountered, 2621 discovered, 73 enqueued
[68.695s][info][gc,ref      ] GC(100) Final: 124 encountered, 86 discovered, 0 enqueued
[68.695s][info][gc,ref      ] GC(100) Phantom: 608 encountered, 590 discovered, 0 enqueued
[68.695s][info][gc,reloc    ] GC(100) Small Pages: 1232 / 2464M, Empty: 2182M, Relocated: 1M, In-Place: 0
[68.695s][info][gc,reloc    ] GC(100) Medium Pages: 2 / 64M, Empty: 32M, Relocated: 0M, In-Place: 0
[68.695s][info][gc,reloc    ] GC(100) Large Pages: 5 / 30M, Empty: 18M, Relocated: 0M, In-Place: 0
[68.695s][info][gc,reloc    ] GC(100) Forwarding Usage: 0M
[68.695s][info][gc,heap     ] GC(100) Min Capacity: 8M(0%)
[68.695s][info][gc,heap     ] GC(100) Max Capacity: 4096M(100%)
[68.695s][info][gc,heap     ] GC(100) Soft Max Capacity: 4096M(100%)
[68.695s][info][gc,heap     ] GC(100)                Mark Start          Mark End        Relocate Start      Relocate End           High               Low         
[68.696s][info][gc,heap     ] GC(100)  Capacity:     2584M (63%)        2584M (63%)        2584M (63%)        2584M (63%)        2584M (63%)        2584M (63%)    
[68.696s][info][gc,heap     ] GC(100)      Free:     1538M (38%)        1520M (37%)        3732M (91%)        3810M (93%)        3810M (93%)        1520M (37%)    
[68.696s][info][gc,heap     ] GC(100)      Used:     2558M (62%)        2576M (63%)         364M (9%)          286M (7%)         2576M (63%)         286M (7%)     
[68.696s][info][gc,heap     ] GC(100)      Live:         -               207M (5%)          207M (5%)          207M (5%)             -                  -          
[68.696s][info][gc,heap     ] GC(100) Allocated:         -                18M (0%)           38M (1%)           38M (1%)             -                  -          
[68.696s][info][gc,heap     ] GC(100)   Garbage:         -              2350M (57%)         118M (3%)           40M (1%)             -                  -          
[68.696s][info][gc,heap     ] GC(100) Reclaimed:         -                  -              2232M (54%)        2310M (56%)            -                  -          
[68.696s][info][gc          ] GC(100) Garbage Collection (Allocation Rate) 2558M(62%)->286M(7%)
[68.696s][info][gc,start    ] GC(101) Garbage Collection (System.gc())
[68.696s][info][gc,task     ] GC(101) Using 12 workers
[68.696s][info][gc,phases   ] GC(101) Pause Mark Start 0.010ms
[68.742s][info][gc,phases   ] GC(101) Concurrent Mark 46.318ms
[68.743s][info][gc,phases   ] GC(101) Pause Mark End 0.025ms
[68.743s][info][gc,phases   ] GC(101) Concurrent Mark Free 0.001ms
[68.744s][info][gc,phases   ] GC(101) Concurrent Process Non-Strong References 1.806ms
[68.744s][info][gc,phases   ] GC(101) Concurrent Reset Relocation Set 0.004ms
[68.747s][info][gc,phases   ] GC(101) Concurrent Select Relocation Set 2.307ms
[68.747s][info][gc,phases   ] GC(101) Pause Relocate Start 0.006ms
[68.748s][info][gc,phases   ] GC(101) Concurrent Relocate 0.827ms
[68.748s][info][gc,load     ] GC(101) Load: 0.00/0.00/0.00
[68.748s][info][gc,mmu      ] GC(101) MMU: 2ms/96.6%, 5ms/98.7%, 10ms/99.3%, 20ms/99.6%, 50ms/99.8%, 100ms/99.9%
[68.748s][info][gc,marking  ] GC(101) Mark: 8 stripe(s), 1 proactive flush(es), 1 terminate flush(es), 0 completion(s), 0 continuation(s) 
[68.748s][info][gc,marking  ] GC(101) Mark Stack Usage: 32M
[68.748s][info][gc,nmethod  ] GC(101) NMethods: 7242 registered, 2753 unregistered
[68.748s][info][gc,metaspace] GC(101) Metaspace: 60M used, 61M committed, 1088M reserved
[68.748s][info][gc,ref      ] GC(101) Soft: 4710 encountered, 0 discovered, 0 enqueued
[68.748s][info][gc,ref      ] GC(101) Weak: 6129 encountered, 1368 discovered, 126 enqueued
[68.748s][info][gc,ref      ] GC(101) Final: 124 encountered, 119 discovered, 0 enqueued
[68.748s][info][gc,ref      ] GC(101) Phantom: 608 encountered, 592 discovered, 0 enqueued
[68.748s][info][gc,reloc    ] GC(101) Small Pages: 121 / 242M, Empty: 0M, Relocated: 1M, In-Place: 0
[68.748s][info][gc,reloc    ] GC(101) Medium Pages: 1 / 32M, Empty: 0M, Relocated: 0M, In-Place: 0
[68.748s][info][gc,reloc    ] GC(101) Large Pages: 2 / 12M, Empty: 0M, Relocated: 0M, In-Place: 0
[68.748s][info][gc,reloc    ] GC(101) Forwarding Usage: 0M
[68.748s][info][gc,heap     ] GC(101) Min Capacity: 8M(0%)
[68.748s][info][gc,heap     ] GC(101) Max Capacity: 4096M(100%)
[68.748s][info][gc,heap     ] GC(101) Soft Max Capacity: 4096M(100%)
[68.748s][info][gc,heap     ] GC(101)                Mark Start          Mark End        Relocate Start      Relocate End           High               Low         
[68.748s][info][gc,heap     ] GC(101)  Capacity:     2584M (63%)        2584M (63%)        2584M (63%)        2584M (63%)        2584M (63%)        2584M (63%)    
[68.748s][info][gc,heap     ] GC(101)      Free:     3810M (93%)        3810M (93%)        3786M (92%)        3800M (93%)        3810M (93%)        3766M (92%)    
[68.748s][info][gc,heap     ] GC(101)      Used:      286M (7%)          286M (7%)          310M (8%)          296M (7%)          330M (8%)          286M (7%)     
[68.748s][info][gc,heap     ] GC(101)      Live:         -               207M (5%)          207M (5%)          207M (5%)             -                  -          
[68.748s][info][gc,heap     ] GC(101) Allocated:         -                 0M (0%)           24M (1%)           29M (1%)             -                  -          
[68.748s][info][gc,heap     ] GC(101)   Garbage:         -                78M (2%)           78M (2%)           58M (1%)             -                  -          
[68.748s][info][gc,heap     ] GC(101) Reclaimed:         -                  -                 0M (0%)           19M (0%)             -                  -          
[68.748s][info][gc          ] GC(101) Garbage Collection (System.gc()) 286M(7%)->296M(7%)
[69.453s][info][gc,start    ] GC(102) Garbage Collection (Allocation Rate)
[69.453s][info][gc,task     ] GC(102) Using 2 workers
[69.453s][info][gc,phases   ] GC(102) Pause Mark Start 0.016ms
[69.625s][info][gc,phases   ] GC(102) Concurrent Mark 171.399ms
[69.625s][info][gc,phases   ] GC(102) Pause Mark End 0.029ms
[69.625s][info][gc,phases   ] GC(102) Concurrent Mark Free 0.001ms
[69.638s][info][gc,phases   ] GC(102) Concurrent Process Non-Strong References 13.073ms
[69.638s][info][gc,phases   ] GC(102) Concurrent Reset Relocation Set 0.002ms
[69.642s][info][gc,phases   ] GC(102) Concurrent Select Relocation Set 3.614ms
[69.642s][info][gc,phases   ] GC(102) Pause Relocate Start 0.007ms
[69.644s][info][gc,phases   ] GC(102) Concurrent Relocate 2.038ms
[69.644s][info][gc,load     ] GC(102) Load: 0.00/0.00/0.00
[69.644s][info][gc,mmu      ] GC(102) MMU: 2ms/96.6%, 5ms/98.7%, 10ms/99.3%, 20ms/99.6%, 50ms/99.8%, 100ms/99.9%
[69.644s][info][gc,marking  ] GC(102) Mark: 2 stripe(s), 2 proactive flush(es), 1 terminate flush(es), 0 completion(s), 0 continuation(s) 
[69.644s][info][gc,marking  ] GC(102) Mark Stack Usage: 32M
[69.644s][info][gc,nmethod  ] GC(102) NMethods: 7252 registered, 2757 unregistered
[69.644s][info][gc,metaspace] GC(102) Metaspace: 60M used, 61M committed, 1088M reserved
[69.644s][info][gc,ref      ] GC(102) Soft: 4711 encountered, 0 discovered, 0 enqueued
[69.644s][info][gc,ref      ] GC(102) Weak: 6149 encountered, 2871 discovered, 66 enqueued
[69.644s][info][gc,ref      ] GC(102) Final: 124 encountered, 85 discovered, 0 enqueued
[69.644s][info][gc,ref      ] GC(102) Phantom: 608 encountered, 597 discovered, 0 enqueued
[69.644s][info][gc,reloc    ] GC(102) Small Pages: 1225 / 2450M, Empty: 2172M, Relocated: 1M, In-Place: 0
[69.644s][info][gc,reloc    ] GC(102) Medium Pages: 2 / 64M, Empty: 32M, Relocated: 0M, In-Place: 0
[69.644s][info][gc,reloc    ] GC(102) Large Pages: 4 / 24M, Empty: 12M, Relocated: 0M, In-Place: 0
[69.644s][info][gc,reloc    ] GC(102) Forwarding Usage: 0M
[69.644s][info][gc,heap     ] GC(102) Min Capacity: 8M(0%)
[69.644s][info][gc,heap     ] GC(102) Max Capacity: 4096M(100%)
[69.644s][info][gc,heap     ] GC(102) Soft Max Capacity: 4096M(100%)
[69.645s][info][gc,heap     ] GC(102)                Mark Start          Mark End        Relocate Start      Relocate End           High               Low         
[69.645s][info][gc,heap     ] GC(102)  Capacity:     2584M (63%)        2584M (63%)        2584M (63%)        2584M (63%)        2584M (63%)        2584M (63%)    
[69.645s][info][gc,heap     ] GC(102)      Free:     1558M (38%)        1518M (37%)        3730M (91%)        3806M (93%)        3806M (93%)        1518M (37%)    
[69.645s][info][gc,heap     ] GC(102)      Used:     2538M (62%)        2578M (63%)         366M (9%)          290M (7%)         2578M (63%)         290M (7%)     
[69.645s][info][gc,heap     ] GC(102)      Live:         -               207M (5%)          207M (5%)          207M (5%)             -                  -          
[69.645s][info][gc,heap     ] GC(102) Allocated:         -                40M (1%)           44M (1%)           44M (1%)             -                  -          
[69.645s][info][gc,heap     ] GC(102)   Garbage:         -              2330M (57%)         114M (3%)           38M (1%)             -                  -          
[69.645s][info][gc,heap     ] GC(102) Reclaimed:         -                  -              2216M (54%)        2292M (56%)            -                  -          
[69.645s][info][gc          ] GC(102) Garbage Collection (Allocation Rate) 2538M(62%)->290M(7%)
[69.645s][info][gc,start    ] GC(103) Garbage Collection (System.gc())
[69.645s][info][gc,task     ] GC(103) Using 12 workers
[69.645s][info][gc,phases   ] GC(103) Pause Mark Start 0.009ms
[69.695s][info][gc,phases   ] GC(103) Concurrent Mark 49.556ms
[69.695s][info][gc,phases   ] GC(103) Pause Mark End 0.020ms
[69.695s][info][gc,phases   ] GC(103) Concurrent Mark Free 0.001ms
[69.697s][info][gc,phases   ] GC(103) Concurrent Process Non-Strong References 1.825ms
[69.697s][info][gc,phases   ] GC(103) Concurrent Reset Relocation Set 0.004ms
[69.700s][info][gc,phases   ] GC(103) Concurrent Select Relocation Set 3.516ms
[69.700s][info][gc,phases   ] GC(103) Pause Relocate Start 0.008ms
[69.701s][info][gc,phases   ] GC(103) Concurrent Relocate 1.005ms
[69.701s][info][gc,load     ] GC(103) Load: 0.00/0.00/0.00
[69.702s][info][gc,mmu      ] GC(103) MMU: 2ms/96.6%, 5ms/98.7%, 10ms/99.3%, 20ms/99.6%, 50ms/99.8%, 100ms/99.9%
[69.702s][info][gc,marking  ] GC(103) Mark: 8 stripe(s), 1 proactive flush(es), 1 terminate flush(es), 0 completion(s), 0 continuation(s) 
[69.702s][info][gc,marking  ] GC(103) Mark Stack Usage: 32M
[69.702s][info][gc,nmethod  ] GC(103) NMethods: 7250 registered, 2759 unregistered
[69.702s][info][gc,metaspace] GC(103) Metaspace: 60M used, 61M committed, 1088M reserved
[69.702s][info][gc,ref      ] GC(103) Soft: 4710 encountered, 0 discovered, 0 enqueued
[69.702s][info][gc,ref      ] GC(103) Weak: 6159 encountered, 1050 discovered, 147 enqueued
[69.702s][info][gc,ref      ] GC(103) Final: 124 encountered, 120 discovered, 0 enqueued
[69.702s][info][gc,ref      ] GC(103) Phantom: 608 encountered, 513 discovered, 0 enqueued
[69.702s][info][gc,reloc    ] GC(103) Small Pages: 120 / 240M, Empty: 4M, Relocated: 1M, In-Place: 0
[69.702s][info][gc,reloc    ] GC(103) Medium Pages: 1 / 32M, Empty: 0M, Relocated: 0M, In-Place: 0
[69.702s][info][gc,reloc    ] GC(103) Large Pages: 3 / 18M, Empty: 6M, Relocated: 0M, In-Place: 0
[69.702s][info][gc,reloc    ] GC(103) Forwarding Usage: 0M
[69.702s][info][gc,heap     ] GC(103) Min Capacity: 8M(0%)
[69.702s][info][gc,heap     ] GC(103) Max Capacity: 4096M(100%)
[69.702s][info][gc,heap     ] GC(103) Soft Max Capacity: 4096M(100%)
[69.702s][info][gc,heap     ] GC(103)                Mark Start          Mark End        Relocate Start      Relocate End           High               Low         
[69.702s][info][gc,heap     ] GC(103)  Capacity:     2584M (63%)        2584M (63%)        2584M (63%)        2584M (63%)        2584M (63%)        2584M (63%)    
[69.702s][info][gc,heap     ] GC(103)      Free:     3806M (93%)        3806M (93%)        3782M (92%)        3796M (93%)        3806M (93%)        3770M (92%)    
[69.702s][info][gc,heap     ] GC(103)      Used:      290M (7%)          290M (7%)          314M (8%)          300M (7%)          326M (8%)          290M (7%)     
[69.702s][info][gc,heap     ] GC(103)      Live:         -               207M (5%)          207M (5%)          207M (5%)             -                  -          
[69.702s][info][gc,heap     ] GC(103) Allocated:         -                 0M (0%)           34M (1%)           34M (1%)             -                  -          
[69.702s][info][gc,heap     ] GC(103)   Garbage:         -                82M (2%)           72M (2%)           58M (1%)             -                  -          
[69.702s][info][gc,heap     ] GC(103) Reclaimed:         -                  -                10M (0%)           24M (1%)             -                  -          
[69.702s][info][gc          ] GC(103) Garbage Collection (System.gc()) 290M(7%)->300M(7%)
[70.148s][info][gc,stats    ] === Garbage Collection Statistics =======================================================================================================================
[70.148s][info][gc,stats    ]                                                              Last 10s              Last 10m              Last 10h                Total
[70.148s][info][gc,stats    ]                                                              Avg / Max             Avg / Max             Avg / Max             Avg / Max
[70.148s][info][gc,stats    ]   Collector: Garbage Collection Cycle                    107.290 / 202.305     106.080 / 354.479     106.080 / 354.479     106.080 / 354.479     ms
[70.148s][info][gc,stats    ]  Contention: Mark Segment Reset Contention                     8 / 14                5 / 19                5 / 19                5 / 19          ops/s
[70.148s][info][gc,stats    ]  Contention: Mark SeqNum Reset Contention                      0 / 1                 0 / 3                 0 / 3                 0 / 3           ops/s
[70.148s][info][gc,stats    ]    Critical: Allocation Stall                                  0 / 0                 0 / 0                 0 / 0                 0 / 0           ops/s
[70.148s][info][gc,stats    ]    Critical: Allocation Stall                              0.000 / 0.000         0.000 / 0.000         0.000 / 0.000         0.000 / 0.000       ms
[70.148s][info][gc,stats    ]    Critical: GC Locker Stall                                   0 / 0                 0 / 1                 0 / 1                 0 / 1           ops/s
[70.148s][info][gc,stats    ]    Critical: GC Locker Stall                               0.000 / 0.000         0.001 / 0.001         0.001 / 0.001         0.001 / 0.001       ms
[70.148s][info][gc,stats    ]    Critical: Relocation Stall                                  0 / 0                 0 / 0                 0 / 0                 0 / 0           ops/s
[70.148s][info][gc,stats    ]    Critical: Relocation Stall                              0.000 / 0.000         0.000 / 0.000         0.000 / 0.000         0.000 / 0.000       ms
[70.148s][info][gc,stats    ]      Memory: Allocation Rate                                2656 / 2988           2020 / 2988           2020 / 2988           2020 / 2988        MB/s
[70.148s][info][gc,stats    ]      Memory: Defragment                                        0 / 0                 0 / 0                 0 / 0                 0 / 0           ops/s
[70.148s][info][gc,stats    ]      Memory: Out Of Memory                                     0 / 0                 0 / 0                 0 / 0                 0 / 0           ops/s
[70.148s][info][gc,stats    ]      Memory: Page Cache Flush                                  0 / 0                 0 / 0                 0 / 0                 0 / 0           MB/s
[70.148s][info][gc,stats    ]      Memory: Page Cache Hit L1                              1319 / 1485            988 / 1485            988 / 1485            988 / 1485        ops/s
[70.148s][info][gc,stats    ]      Memory: Page Cache Hit L2                                 0 / 0                 0 / 0                 0 / 0                 0 / 0           ops/s
[70.148s][info][gc,stats    ]      Memory: Page Cache Hit L3                                 0 / 0                14 / 387              14 / 387              14 / 387         ops/s
[70.148s][info][gc,stats    ]      Memory: Page Cache Miss                                   0 / 1                 3 / 124               3 / 124               3 / 124         ops/s
[70.148s][info][gc,stats    ]      Memory: Uncommit                                          0 / 0                 0 / 0                 0 / 0                 0 / 0           MB/s
[70.148s][info][gc,stats    ]      Memory: Undo Object Allocation Failed                     0 / 0                 0 / 0                 0 / 0                 0 / 0           ops/s
[70.148s][info][gc,stats    ]      Memory: Undo Object Allocation Succeeded                  0 / 0                 1 / 128               1 / 128               1 / 128         ops/s
[70.148s][info][gc,stats    ]      Memory: Undo Page Allocation                              0 / 0                 0 / 1                 0 / 1                 0 / 1           ops/s
[70.149s][info][gc,stats    ]       Phase: Concurrent Mark                              95.574 / 183.203      91.901 / 265.094      91.901 / 265.094      91.901 / 265.094     ms
[70.149s][info][gc,stats    ]       Phase: Concurrent Mark Continue                      0.000 / 0.000         0.000 / 0.000         0.000 / 0.000         0.000 / 0.000       ms
[70.149s][info][gc,stats    ]       Phase: Concurrent Mark Free                          0.001 / 0.002         0.001 / 0.002         0.001 / 0.002         0.001 / 0.002       ms
[70.149s][info][gc,stats    ]       Phase: Concurrent Process Non-Strong References      6.169 / 15.065        5.052 / 15.065        5.052 / 15.065        5.052 / 15.065      ms
[70.149s][info][gc,stats    ]       Phase: Concurrent Relocate                           1.254 / 2.038         3.105 / 42.999        3.105 / 42.999        3.105 / 42.999      ms
[70.149s][info][gc,stats    ]       Phase: Concurrent Reset Relocation Set               0.003 / 0.005         0.006 / 0.107         0.006 / 0.107         0.006 / 0.107       ms
[70.149s][info][gc,stats    ]       Phase: Concurrent Select Relocation Set              3.376 / 4.339         5.052 / 51.919        5.052 / 51.919        5.052 / 51.919      ms
[70.149s][info][gc,stats    ]       Phase: Pause Mark End                                0.028 / 0.042         0.027 / 0.067         0.027 / 0.067         0.027 / 0.067       ms
[70.149s][info][gc,stats    ]       Phase: Pause Mark Start                              0.013 / 0.019         0.014 / 0.040         0.014 / 0.040         0.014 / 0.040       ms
[70.149s][info][gc,stats    ]       Phase: Pause Relocate Start                          0.008 / 0.010         0.008 / 0.011         0.008 / 0.011         0.008 / 0.011       ms
[70.149s][info][gc,stats    ]    Subphase: Concurrent Classes Purge                      0.421 / 6.755         0.145 / 6.755         0.145 / 6.755         0.145 / 6.755       ms
[70.149s][info][gc,stats    ]    Subphase: Concurrent Classes Unlink                     4.632 / 13.332        3.945 / 13.332        3.945 / 13.332        3.945 / 13.332      ms
[70.149s][info][gc,stats    ]    Subphase: Concurrent Mark                              56.800 / 168.401      62.247 / 262.214      62.247 / 262.214      62.247 / 262.214     ms
[70.149s][info][gc,stats    ]    Subphase: Concurrent Mark Try Flush                     0.209 / 0.427         0.171 / 0.518         0.171 / 0.518         0.171 / 0.518       ms
[70.149s][info][gc,stats    ]    Subphase: Concurrent Mark Try Terminate                 5.511 / 15.372        7.427 / 16.644        7.427 / 16.644        7.427 / 16.644      ms
[70.149s][info][gc,stats    ]    Subphase: Concurrent References Enqueue                 0.003 / 0.004         0.003 / 0.004         0.003 / 0.004         0.003 / 0.004       ms
[70.149s][info][gc,stats    ]    Subphase: Concurrent References Process                 0.215 / 0.432         0.195 / 0.490         0.195 / 0.490         0.195 / 0.490       ms
[70.149s][info][gc,stats    ]    Subphase: Concurrent Roots ClassLoaderDataGraph         0.115 / 0.632         0.104 / 0.890         0.104 / 0.890         0.104 / 0.890       ms
[70.149s][info][gc,stats    ]    Subphase: Concurrent Roots CodeCache                    0.000 / 0.000         0.000 / 0.000         0.000 / 0.000         0.000 / 0.000       ms
[70.149s][info][gc,stats    ]    Subphase: Concurrent Roots JavaThreads                  5.810 / 16.346        6.627 / 18.983        6.627 / 18.983        6.627 / 18.983      ms
[70.149s][info][gc,stats    ]    Subphase: Concurrent Roots OopStorageSet                0.031 / 0.101         0.030 / 0.302         0.030 / 0.302         0.030 / 0.302       ms
[70.149s][info][gc,stats    ]    Subphase: Concurrent Weak Roots OopStorageSet           0.271 / 1.602         0.255 / 1.602         0.255 / 1.602         0.255 / 1.602       ms
[70.149s][info][gc,stats    ]    Subphase: Pause Mark Try Complete                       0.000 / 0.000         0.002 / 0.008         0.002 / 0.008         0.002 / 0.008       ms
[70.149s][info][gc,stats    ]      System: Java Threads                                    264 / 266             233 / 269             233 / 269             233 / 269         threads
[70.149s][info][gc,stats    ] =========================================================================================================================================================
[70.456s][info][gc,start    ] GC(104) Garbage Collection (Allocation Rate)
[70.456s][info][gc,task     ] GC(104) Using 2 workers
[70.456s][info][gc,phases   ] GC(104) Pause Mark Start 0.015ms
[70.623s][info][gc,phases   ] GC(104) Concurrent Mark 166.717ms
[70.624s][info][gc,phases   ] GC(104) Pause Mark End 0.023ms
[70.624s][info][gc,phases   ] GC(104) Concurrent Mark Free 0.001ms
[70.636s][info][gc,phases   ] GC(104) Concurrent Process Non-Strong References 12.642ms
[70.636s][info][gc,phases   ] GC(104) Concurrent Reset Relocation Set 0.005ms
[70.643s][info][gc,phases   ] GC(104) Concurrent Select Relocation Set 6.579ms
[70.644s][info][gc,phases   ] GC(104) Pause Relocate Start 0.008ms
[70.646s][info][gc,phases   ] GC(104) Concurrent Relocate 2.170ms
[70.646s][info][gc,load     ] GC(104) Load: 0.00/0.00/0.00
[70.647s][info][gc,mmu      ] GC(104) MMU: 2ms/96.6%, 5ms/98.7%, 10ms/99.3%, 20ms/99.6%, 50ms/99.8%, 100ms/99.9%
[70.647s][info][gc,marking  ] GC(104) Mark: 2 stripe(s), 2 proactive flush(es), 1 terminate flush(es), 0 completion(s), 0 continuation(s) 
[70.647s][info][gc,marking  ] GC(104) Mark Stack Usage: 32M
[70.647s][info][gc,nmethod  ] GC(104) NMethods: 7308 registered, 2769 unregistered
[70.647s][info][gc,metaspace] GC(104) Metaspace: 60M used, 61M committed, 1088M reserved
[70.647s][info][gc,ref      ] GC(104) Soft: 4710 encountered, 0 discovered, 0 enqueued
[70.647s][info][gc,ref      ] GC(104) Weak: 6123 encountered, 2886 discovered, 211 enqueued
[70.647s][info][gc,ref      ] GC(104) Final: 124 encountered, 88 discovered, 0 enqueued
[70.647s][info][gc,ref      ] GC(104) Phantom: 608 encountered, 589 discovered, 9 enqueued
[70.647s][info][gc,reloc    ] GC(104) Small Pages: 1232 / 2464M, Empty: 2188M, Relocated: 1M, In-Place: 0
[70.647s][info][gc,reloc    ] GC(104) Medium Pages: 2 / 64M, Empty: 32M, Relocated: 0M, In-Place: 0
[70.647s][info][gc,reloc    ] GC(104) Large Pages: 5 / 30M, Empty: 18M, Relocated: 0M, In-Place: 0
[70.647s][info][gc,reloc    ] GC(104) Forwarding Usage: 0M
[70.647s][info][gc,heap     ] GC(104) Min Capacity: 8M(0%)
[70.647s][info][gc,heap     ] GC(104) Max Capacity: 4096M(100%)
[70.647s][info][gc,heap     ] GC(104) Soft Max Capacity: 4096M(100%)
[70.647s][info][gc,heap     ] GC(104)                Mark Start          Mark End        Relocate Start      Relocate End           High               Low         
[70.647s][info][gc,heap     ] GC(104)  Capacity:     2584M (63%)        2618M (64%)        2640M (64%)        2640M (64%)        2640M (64%)        2584M (63%)    
[70.647s][info][gc,heap     ] GC(104)      Free:     1538M (38%)        1478M (36%)        3694M (90%)        3766M (92%)        3766M (92%)        1456M (36%)    
[70.647s][info][gc,heap     ] GC(104)      Used:     2558M (62%)        2618M (64%)         402M (10%)         330M (8%)         2640M (64%)         330M (8%)     
[70.647s][info][gc,heap     ] GC(104)      Live:         -               207M (5%)          207M (5%)          207M (5%)             -                  -          
[70.647s][info][gc,heap     ] GC(104) Allocated:         -                60M (1%)           82M (2%)           83M (2%)             -                  -          
[70.647s][info][gc,heap     ] GC(104)   Garbage:         -              2350M (57%)         112M (3%)           38M (1%)             -                  -          
[70.647s][info][gc,heap     ] GC(104) Reclaimed:         -                  -              2238M (55%)        2311M (56%)            -                  -          
[70.647s][info][gc          ] GC(104) Garbage Collection (Allocation Rate) 2558M(62%)->330M(8%)
[70.700s][info][gc,heap,exit] Heap
[70.700s][info][gc,heap,exit]  ZHeap           used 330M, capacity 2640M, max capacity 4096M
[70.700s][info][gc,heap,exit]  Metaspace       used 62004K, committed 62912K, reserved 1114112K
[70.700s][info][gc,heap,exit]   class space    used 7665K, committed 8064K, reserved 1048576K
